--------- beginning of main
--------- beginning of system
08-05 14:12:52.718  6016  6016 D Nappa   : Selected prefetching strategy STRATEGY_GREEDY_VISIT_FREQUENCY_AND_TIME
08-05 14:12:52.750  6016  6035 D Nappa   : Updating activity map nappagreedy.de.danoeh.antennapod.activity.SplashActivity: 1
08-05 14:12:52.750  6016  6035 D Nappa   : Updating activity map nappagreedy.de.danoeh.antennapod.activity.MainActivity: 2
08-05 14:12:52.750  6016  6035 D Nappa   : Updating activity map nappagreedy.de.danoeh.antennapod.activity.PreferenceActivity: 3
08-05 14:12:52.750  6016  6035 D Nappa   : Updating activity map nappagreedy.de.danoeh.antennapod.activity.OnlineFeedViewActivity: 4
08-05 14:12:52.750  6016  6035 D Nappa   : Updating activity map nappagreedy.de.danoeh.antennapod.activity.FeedSettingsActivity: 5
08-05 14:12:52.750  6016  6035 D Nappa   : Updating activity map nappagreedy.de.danoeh.antennapod.activity.FeedInfoActivity: 6
08-05 14:12:52.852  6016  6035 D Nappa   : registerActivity: (already in) nappagreedy.de.danoeh.antennapod.activity.SplashActivity
08-05 14:12:52.957  6016  6035 D Nappa   : registerActivity: (already in) nappagreedy.de.danoeh.antennapod.activity.MainActivity
08-05 14:12:52.962  6016  6038 D Nappa   : {nappagreedy.de.danoeh.antennapod.activity.FeedSettingsActivity=5, nappagreedy.de.danoeh.antennapod.activity.SplashActivity=1, nappagreedy.de.danoeh.antennapod.activity.FeedInfoActivity=6, nappagreedy.de.danoeh.antennapod.activity.PreferenceActivity=3, nappagreedy.de.danoeh.antennapod.activity.MainActivity=2, nappagreedy.de.danoeh.antennapod.activity.OnlineFeedViewActivity=4}
08-05 14:12:53.074  6016  6035 D Nappa   : registerActivity: (already in) nappagreedy.de.danoeh.antennapod.activity.MainActivity
08-05 14:12:53.177  6016  6035 D Nappa   : registerActivity: (already in) nappagreedy.de.danoeh.antennapod.activity.PreferenceActivity
08-05 14:12:53.179  6016  6038 D Nappa   : {nappagreedy.de.danoeh.antennapod.activity.FeedSettingsActivity=5, nappagreedy.de.danoeh.antennapod.activity.SplashActivity=1, nappagreedy.de.danoeh.antennapod.activity.FeedInfoActivity=6, nappagreedy.de.danoeh.antennapod.activity.PreferenceActivity=3, nappagreedy.de.danoeh.antennapod.activity.MainActivity=2, nappagreedy.de.danoeh.antennapod.activity.OnlineFeedViewActivity=4}
08-05 14:12:53.280  6016  6035 D Nappa   : registerActivity: (already in) nappagreedy.de.danoeh.antennapod.activity.OnlineFeedViewActivity
08-05 14:12:53.282  6016  6038 D Nappa   : {nappagreedy.de.danoeh.antennapod.activity.FeedSettingsActivity=5, nappagreedy.de.danoeh.antennapod.activity.SplashActivity=1, nappagreedy.de.danoeh.antennapod.activity.FeedInfoActivity=6, nappagreedy.de.danoeh.antennapod.activity.PreferenceActivity=3, nappagreedy.de.danoeh.antennapod.activity.MainActivity=2, nappagreedy.de.danoeh.antennapod.activity.OnlineFeedViewActivity=4}
08-05 14:12:53.383  6016  6035 D Nappa   : registerActivity: (already in) nappagreedy.de.danoeh.antennapod.activity.FeedSettingsActivity
08-05 14:12:53.385  6016  6038 D Nappa   : {nappagreedy.de.danoeh.antennapod.activity.FeedSettingsActivity=5, nappagreedy.de.danoeh.antennapod.activity.SplashActivity=1, nappagreedy.de.danoeh.antennapod.activity.FeedInfoActivity=6, nappagreedy.de.danoeh.antennapod.activity.PreferenceActivity=3, nappagreedy.de.danoeh.antennapod.activity.MainActivity=2, nappagreedy.de.danoeh.antennapod.activity.OnlineFeedViewActivity=4}
08-05 14:12:53.486  6016  6035 D Nappa   : registerActivity: (already in) nappagreedy.de.danoeh.antennapod.activity.FeedInfoActivity
08-05 14:12:53.489  6016  6038 D Nappa   : {nappagreedy.de.danoeh.antennapod.activity.FeedSettingsActivity=5, nappagreedy.de.danoeh.antennapod.activity.SplashActivity=1, nappagreedy.de.danoeh.antennapod.activity.FeedInfoActivity=6, nappagreedy.de.danoeh.antennapod.activity.PreferenceActivity=3, nappagreedy.de.danoeh.antennapod.activity.MainActivity=2, nappagreedy.de.danoeh.antennapod.activity.OnlineFeedViewActivity=4}
08-05 14:12:53.595  6016  6035 D Nappa   : registerActivity: (already in) nappagreedy.de.danoeh.antennapod.activity.PreferenceActivity
08-05 14:12:53.703  6016  6035 D Nappa   : registerActivity: (already in) nappagreedy.de.danoeh.antennapod.activity.OnlineFeedViewActivity
08-05 14:12:53.813  6016  6035 D Nappa   : registerActivity: (already in) nappagreedy.de.danoeh.antennapod.activity.FeedSettingsActivity
08-05 14:12:53.921  6016  6035 D Nappa   : registerActivity: (already in) nappagreedy.de.danoeh.antennapod.activity.FeedInfoActivity
08-05 14:12:53.925  6016  6035 D Nappa   : Extended Startup-time: 1207 ms
08-05 14:12:53.926  6016  6016 D Nappa   : Startup-time: 1208 ms
08-05 14:12:53.966  6016  6016 D Nappa   : setCurrentActivity - MetricStrategyAccuracy - 
08-05 14:12:53.966  6016  6016 D Nappa   : madePredictionFromActivity = false, 
08-05 14:12:53.966  6016  6016 D Nappa   : fromActivity = null, 
08-05 14:12:53.966  6016  6016 D Nappa   : predictedNextActivityFromActivity = [], 
08-05 14:12:53.966  6016  6016 D Nappa   : activity.getClass().getCanonicalName() = nappagreedy.de.danoeh.antennapod.activity.SplashActivity, 
08-05 14:12:53.966  6016  6016 D Nappa   : setCurrentActivity - MetricStrategyAccuracy - 
08-05 14:12:53.966  6016  6016 D Nappa   : madePredictionFromExtra = false, 
08-05 14:12:53.966  6016  6016 D Nappa   : fromActivity = null, 
08-05 14:12:53.966  6016  6016 D Nappa   : predictedNextActivityFromExtra = [], 
08-05 14:12:53.966  6016  6016 D Nappa   : activity.getClass().getCanonicalName() = nappagreedy.de.danoeh.antennapod.activity.SplashActivity, 
08-05 14:12:53.966  6016  6016 D Nappa   : PREFETCH_ON_EXTRA - setCurrentActivity - logs - from activity - made prediction isfalse
08-05 14:12:54.067  6016  6016 D Nappa   : registerActivity: (already in) nappagreedy.de.danoeh.antennapod.activity.SplashActivity
08-05 14:12:54.067  6016  6016 D Nappa   : SHOULD_PREFETCH false
08-05 14:12:54.067  6016  6016 D Nappa   : STATS Number of requests not prefetched: 0
08-05 14:12:54.067  6016  6016 D Nappa   : STATS Number of requests prefetched: 0
08-05 14:12:54.067  6016  6016 D Nappa   : STATS Time saved until now: 0.0
08-05 14:12:54.189  6016  6016 D Nappa   : Stayed on nappagreedy.de.danoeh.antennapod.activity.SplashActivity for 122 ms
08-05 14:12:54.367  6016  6038 D Nappa   : PREFETCH_ON_EXTRA - setCurrentActivity - logs - from extra - made prediction isfalse
08-05 14:12:54.382  6016  6016 D Nappa   : setCurrentActivity - MetricStrategyAccuracy - 
08-05 14:12:54.382  6016  6016 D Nappa   : madePredictionFromActivity = false, 
08-05 14:12:54.382  6016  6016 D Nappa   : fromActivity = nappagreedy.de.danoeh.antennapod.activity.SplashActivity, 
08-05 14:12:54.382  6016  6016 D Nappa   : predictedNextActivityFromActivity = [], 
08-05 14:12:54.382  6016  6016 D Nappa   : activity.getClass().getCanonicalName() = nappagreedy.de.danoeh.antennapod.activity.MainActivity, 
08-05 14:12:54.382  6016  6016 D Nappa   : setCurrentActivity - MetricStrategyAccuracy - 
08-05 14:12:54.382  6016  6016 D Nappa   : madePredictionFromExtra = false, 
08-05 14:12:54.382  6016  6016 D Nappa   : fromActivity = nappagreedy.de.danoeh.antennapod.activity.SplashActivity, 
08-05 14:12:54.382  6016  6016 D Nappa   : predictedNextActivityFromExtra = [], 
08-05 14:12:54.382  6016  6016 D Nappa   : activity.getClass().getCanonicalName() = nappagreedy.de.danoeh.antennapod.activity.MainActivity, 
08-05 14:12:54.383  6016  6016 D Nappa   : PREFETCH_ON_EXTRA - setCurrentActivity - logs - from activity - made prediction isfalse
08-05 14:12:54.484  6016  6016 D Nappa   : registerActivity: (already in) nappagreedy.de.danoeh.antennapod.activity.MainActivity
08-05 14:12:54.484  6016  6016 D Nappa   : SHOULD_PREFETCH true
08-05 14:12:54.586  6016  6016 D Nappa   : registerActivity: (already in) nappagreedy.de.danoeh.antennapod.activity.MainActivity
08-05 14:12:54.586  6016  6016 D Nappa   : SUCCESSORS nappagreedy.de.danoeh.antennapod.activity.PreferenceActivity
08-05 14:12:54.586  6016  6016 D Nappa   : SUCCESSORS nappagreedy.de.danoeh.antennapod.activity.OnlineFeedViewActivity
08-05 14:12:54.587  6016  6016 D Nappa   : SUCCESSORS nappagreedy.de.danoeh.antennapod.activity.FeedSettingsActivity
08-05 14:12:54.587  6016  6016 D Nappa   : SUCCESSORS nappagreedy.de.danoeh.antennapod.activity.FeedInfoActivity
08-05 14:12:54.587  6016  6016 D Nappa   : STATS Number of requests not prefetched: 0
08-05 14:12:54.587  6016  6016 D Nappa   : STATS Number of requests prefetched: 0
08-05 14:12:54.587  6016  6016 D Nappa   : STATS Time saved until now: 0.0
08-05 14:12:54.783  6016  6038 D Nappa   : PREFETCH_ON_EXTRA - setCurrentActivity - logs - from extra - made prediction isfalse
08-05 14:12:55.088  6016  6038 D Nappa   : PREFETCH_ON_EXTRA - setCurrentActivity - starting new prediction
08-05 14:12:55.089  6016  6038 D Nappa   : Current node - currentActivityName - nappagreedy.de.danoeh.antennapod.activity.MainActivity
08-05 14:12:55.089  6016  6038 D Nappa   : Current node - activityGraph.getCurrent() - nappagreedy.de.danoeh.antennapod.activity.MainActivity
08-05 14:12:55.095  6016  6038 D Nappa   : PREFETCH_ON_EXTRA - setCurrentActivity - finished new prediction
08-05 14:13:02.014  6016  6016 D Nappa   : Stayed on nappagreedy.de.danoeh.antennapod.activity.MainActivity for 7427 ms
08-05 14:13:02.055  6016  6016 D Nappa   : setCurrentActivity - MetricStrategyAccuracy - 
08-05 14:13:02.055  6016  6016 D Nappa   : madePredictionFromActivity = true, 
08-05 14:13:02.055  6016  6016 D Nappa   : fromActivity = nappagreedy.de.danoeh.antennapod.activity.MainActivity, 
08-05 14:13:02.055  6016  6016 D Nappa   : predictedNextActivityFromActivity = [nappagreedy.de.danoeh.antennapod.activity.OnlineFeedViewActivity], 
08-05 14:13:02.055  6016  6016 D Nappa   : activity.getClass().getCanonicalName() = nappagreedy.de.danoeh.antennapod.activity.PreferenceActivity, 
08-05 14:13:02.055  6016  6016 D Nappa   : setCurrentActivity - MetricStrategyAccuracy - 
08-05 14:13:02.055  6016  6016 D Nappa   : madePredictionFromExtra = false, 
08-05 14:13:02.055  6016  6016 D Nappa   : fromActivity = nappagreedy.de.danoeh.antennapod.activity.MainActivity, 
08-05 14:13:02.055  6016  6016 D Nappa   : predictedNextActivityFromExtra = [], 
08-05 14:13:02.055  6016  6016 D Nappa   : activity.getClass().getCanonicalName() = nappagreedy.de.danoeh.antennapod.activity.PreferenceActivity, 
08-05 14:13:02.055  6016  6016 D Nappa   : PREFETCH_ON_EXTRA - setCurrentActivity - logs - from activity - made prediction istrue
08-05 14:13:02.055  6016  6016 D Nappa   : PREFETCH_ON_EXTRA - setCurrentActivity - logs - from activity - start
08-05 14:13:02.055  6016  6016 D Nappa   : setCurrentActivity - MetricStrategyAccuracy - checking prediction VS current activity for activities
08-05 14:13:02.055  6016  6016 D Nappa   : PREFETCH_ON_EXTRA - setCurrentActivity - logs - from activity- finished
08-05 14:13:02.156  6016  6016 D Nappa   : registerActivity: (already in) nappagreedy.de.danoeh.antennapod.activity.PreferenceActivity
08-05 14:13:02.156  6016  6016 D Nappa   : SHOULD_PREFETCH true
08-05 14:13:02.256  6016  6016 D Nappa   : registerActivity: (already in) nappagreedy.de.danoeh.antennapod.activity.PreferenceActivity
08-05 14:13:02.256  6016  6016 D Nappa   : STATS Number of requests not prefetched: 0
08-05 14:13:02.256  6016  6016 D Nappa   : STATS Number of requests prefetched: 0
08-05 14:13:02.256  6016  6016 D Nappa   : STATS Time saved until now: 0.0
08-05 14:13:02.456  6016  6038 D Nappa   : PREFETCH_ON_EXTRA - setCurrentActivity - logs - from extra - made prediction isfalse
08-05 14:13:02.756  6016  6038 D Nappa   : PREFETCH_ON_EXTRA - setCurrentActivity - starting new prediction
08-05 14:13:02.757  6016  6038 D Nappa   : Current node - currentActivityName - nappagreedy.de.danoeh.antennapod.activity.PreferenceActivity
08-05 14:13:02.757  6016  6038 D Nappa   : Current node - activityGraph.getCurrent() - nappagreedy.de.danoeh.antennapod.activity.PreferenceActivity
08-05 14:13:02.757  6016  6038 D Nappa   : PREFETCH_ON_EXTRA - setCurrentActivity - finished new prediction
08-05 14:13:07.203  6016  6016 D Nappa   : Stayed on nappagreedy.de.danoeh.antennapod.activity.PreferenceActivity for 4947 ms
08-05 14:13:07.226  6016  6016 D Nappa   : setCurrentActivity - MetricStrategyAccuracy - 
08-05 14:13:07.226  6016  6016 D Nappa   : madePredictionFromActivity = true, 
08-05 14:13:07.226  6016  6016 D Nappa   : fromActivity = nappagreedy.de.danoeh.antennapod.activity.PreferenceActivity, 
08-05 14:13:07.226  6016  6016 D Nappa   : predictedNextActivityFromActivity = [], 
08-05 14:13:07.226  6016  6016 D Nappa   : activity.getClass().getCanonicalName() = nappagreedy.de.danoeh.antennapod.activity.MainActivity, 
08-05 14:13:07.226  6016  6016 D Nappa   : setCurrentActivity - MetricStrategyAccuracy - 
08-05 14:13:07.226  6016  6016 D Nappa   : madePredictionFromExtra = false, 
08-05 14:13:07.226  6016  6016 D Nappa   : fromActivity = nappagreedy.de.danoeh.antennapod.activity.PreferenceActivity, 
08-05 14:13:07.226  6016  6016 D Nappa   : predictedNextActivityFromExtra = [], 
08-05 14:13:07.226  6016  6016 D Nappa   : activity.getClass().getCanonicalName() = nappagreedy.de.danoeh.antennapod.activity.MainActivity, 
08-05 14:13:07.226  6016  6016 D Nappa   : PREFETCH_ON_EXTRA - setCurrentActivity - logs - from activity - made prediction istrue
08-05 14:13:07.226  6016  6016 D Nappa   : PREFETCH_ON_EXTRA - setCurrentActivity - logs - from activity - start
08-05 14:13:07.226  6016  6016 D Nappa   : PREFETCH_ON_EXTRA - setCurrentActivity - logs - from activity- finished
08-05 14:13:07.327  6016  6016 D Nappa   : registerActivity: (already in) nappagreedy.de.danoeh.antennapod.activity.MainActivity
08-05 14:13:07.327  6016  6016 D Nappa   : SHOULD_PREFETCH false
08-05 14:13:07.327  6016  6016 D Nappa   : STATS Number of requests not prefetched: 0
08-05 14:13:07.327  6016  6016 D Nappa   : STATS Number of requests prefetched: 0
08-05 14:13:07.327  6016  6016 D Nappa   : STATS Time saved until now: 0.0
08-05 14:13:07.627  6016  6038 D Nappa   : PREFETCH_ON_EXTRA - setCurrentActivity - logs - from extra - made prediction isfalse
08-05 14:13:12.126  6016  6056 D Nappa   : TAG okHttpClient initialized
08-05 14:13:12.129  6016  6056 D Nappa   : F1_SCORE add_intercept_url - (new) - https://itunes.apple.com/en/rss/toppodcasts/limit=25/explicit=true/json
08-05 14:13:12.129  6016  6056 D Nappa   : F1_SCORE add_fn_url - (new) - https://itunes.apple.com/en/rss/toppodcasts/limit=25/explicit=true/json
08-05 14:13:12.129  6016  6056 D Nappa   : -------------F1_SCORE #2 -----------
08-05 14:13:12.129  6016  6056 D Nappa   : F1_SCORE - Intercept list (1)= [https://itunes.apple.com/en/rss/toppodcasts/limit=25/explicit=true/json]
08-05 14:13:12.129  6016  6056 D Nappa   : F1_SCORE - Prefetch list (0)= []
08-05 14:13:12.129  6016  6056 D Nappa   : F1_SCORE - TP list (0)= []
08-05 14:13:12.129  6016  6056 D Nappa   : F1_SCORE - FN list (1)= [https://itunes.apple.com/en/rss/toppodcasts/limit=25/explicit=true/json]
08-05 14:13:12.230  6016  6038 D Nappa   : registerActivity: (already in) nappagreedy.de.danoeh.antennapod.activity.MainActivity
08-05 14:13:12.230  6016  6038 D Nappa   : PARENTS 
08-05 14:13:12.230  6016  6038 D Nappa   : Of: nappagreedy.de.danoeh.antennapod.activity.MainActivity -> 
08-05 14:13:12.230  6016  6038 D Nappa   : PARENTS nappagreedy.de.danoeh.antennapod.activity.SplashActivity
08-05 14:13:12.493  6016  6056 D Nappa   : F1_SCORE add_intercept_url - (new) - https://itunes.apple.com/us/rss/toppodcasts/limit=25/explicit=true/json
08-05 14:13:12.493  6016  6056 D Nappa   : F1_SCORE add_fn_url - (new) - https://itunes.apple.com/us/rss/toppodcasts/limit=25/explicit=true/json
08-05 14:13:12.494  6016  6056 D Nappa   : -------------F1_SCORE #3 -----------
08-05 14:13:12.494  6016  6056 D Nappa   : F1_SCORE - Intercept list (2)= [https://itunes.apple.com/en/rss/toppodcasts/limit=25/explicit=true/json, https://itunes.apple.com/us/rss/toppodcasts/limit=25/explicit=true/json]
08-05 14:13:12.494  6016  6056 D Nappa   : F1_SCORE - Prefetch list (0)= []
08-05 14:13:12.494  6016  6056 D Nappa   : F1_SCORE - TP list (0)= []
08-05 14:13:12.494  6016  6056 D Nappa   : F1_SCORE - FN list (2)= [https://itunes.apple.com/en/rss/toppodcasts/limit=25/explicit=true/json, https://itunes.apple.com/us/rss/toppodcasts/limit=25/explicit=true/json]
08-05 14:13:12.594  6016  6038 D Nappa   : registerActivity: (already in) nappagreedy.de.danoeh.antennapod.activity.MainActivity
08-05 14:13:12.594  6016  6038 D Nappa   : PARENTS 
08-05 14:13:12.594  6016  6038 D Nappa   : Of: nappagreedy.de.danoeh.antennapod.activity.MainActivity -> 
08-05 14:13:12.594  6016  6038 D Nappa   : PARENTS nappagreedy.de.danoeh.antennapod.activity.SplashActivity
08-05 14:13:18.835  6016  6550 D Nappa   : F1_SCORE add_intercept_url - (new) - https://itunes.apple.com/lookup?id=1524080195
08-05 14:13:18.835  6016  6550 D Nappa   : F1_SCORE add_fn_url - (new) - https://itunes.apple.com/lookup?id=1524080195
08-05 14:13:18.835  6016  6550 D Nappa   : -------------F1_SCORE #4 -----------
08-05 14:13:18.835  6016  6550 D Nappa   : F1_SCORE - Intercept list (3)= [https://itunes.apple.com/en/rss/toppodcasts/limit=25/explicit=true/json, https://itunes.apple.com/us/rss/toppodcasts/limit=25/explicit=true/json, https://itunes.apple.com/lookup?id=1524080195]
08-05 14:13:18.835  6016  6550 D Nappa   : F1_SCORE - Prefetch list (0)= []
08-05 14:13:18.835  6016  6550 D Nappa   : F1_SCORE - TP list (0)= []
08-05 14:13:18.835  6016  6550 D Nappa   : F1_SCORE - FN list (3)= [https://itunes.apple.com/en/rss/toppodcasts/limit=25/explicit=true/json, https://itunes.apple.com/us/rss/toppodcasts/limit=25/explicit=true/json, https://itunes.apple.com/lookup?id=1524080195]
08-05 14:13:18.935  6016  6038 D Nappa   : registerActivity: (already in) nappagreedy.de.danoeh.antennapod.activity.MainActivity
08-05 14:13:18.935  6016  6038 D Nappa   : PARENTS 
08-05 14:13:18.935  6016  6038 D Nappa   : Of: nappagreedy.de.danoeh.antennapod.activity.MainActivity -> 
08-05 14:13:18.935  6016  6038 D Nappa   : PARENTS nappagreedy.de.danoeh.antennapod.activity.SplashActivity
08-05 14:13:19.066  6016  6038 D Nappa   : PREFETCH_ON_EXTRA - notifyExtras- start
08-05 14:13:19.072  6016  6038 D Nappa   : PREFETCH_ON_EXTRA - notifyExtras- end
08-05 14:13:19.072  6016  6038 D Nappa   : PREFSTRAT2 URL: https://rss.art19.com/nice-white-parents
08-05 14:13:19.072  6016  6038 D Nappa   : F1_SCORE list_url_prefetched - (new) - https://rss.art19.com/nice-white-parents
08-05 14:13:19.073  6016  6038 D Nappa   : F1_SCORE list_url_prefetched - (already in) - https://rss.art19.com/nice-white-parents
08-05 14:13:19.074  6016  6038 D Nappa   : -------------F1_SCORE #5 -----------
08-05 14:13:19.074  6016  6038 D Nappa   : F1_SCORE - Intercept list (3)= [https://itunes.apple.com/en/rss/toppodcasts/limit=25/explicit=true/json, https://itunes.apple.com/us/rss/toppodcasts/limit=25/explicit=true/json, https://itunes.apple.com/lookup?id=1524080195]
08-05 14:13:19.074  6016  6038 D Nappa   : F1_SCORE - Prefetch list (1)= [https://rss.art19.com/nice-white-parents]
08-05 14:13:19.074  6016  6038 D Nappa   : F1_SCORE - TP list (0)= []
08-05 14:13:19.074  6016  6038 D Nappa   : F1_SCORE - FN list (3)= [https://itunes.apple.com/en/rss/toppodcasts/limit=25/explicit=true/json, https://itunes.apple.com/us/rss/toppodcasts/limit=25/explicit=true/json, https://itunes.apple.com/lookup?id=1524080195]
08-05 14:13:19.088  6016  6016 D Nappa   : Stayed on nappagreedy.de.danoeh.antennapod.activity.MainActivity for 11761 ms
08-05 14:13:19.121  6016  6016 D Nappa   : setCurrentActivity - MetricStrategyAccuracy - 
08-05 14:13:19.121  6016  6016 D Nappa   : madePredictionFromActivity = false, 
08-05 14:13:19.121  6016  6016 D Nappa   : fromActivity = nappagreedy.de.danoeh.antennapod.activity.MainActivity, 
08-05 14:13:19.121  6016  6016 D Nappa   : predictedNextActivityFromActivity = [], 
08-05 14:13:19.121  6016  6016 D Nappa   : activity.getClass().getCanonicalName() = nappagreedy.de.danoeh.antennapod.activity.OnlineFeedViewActivity, 
08-05 14:13:19.121  6016  6016 D Nappa   : setCurrentActivity - MetricStrategyAccuracy - 
08-05 14:13:19.121  6016  6016 D Nappa   : madePredictionFromExtra = true, 
08-05 14:13:19.121  6016  6016 D Nappa   : fromActivity = nappagreedy.de.danoeh.antennapod.activity.MainActivity, 
08-05 14:13:19.121  6016  6016 D Nappa   : predictedNextActivityFromExtra = [nappagreedy.de.danoeh.antennapod.activity.OnlineFeedViewActivity], 
08-05 14:13:19.121  6016  6016 D Nappa   : activity.getClass().getCanonicalName() = nappagreedy.de.danoeh.antennapod.activity.OnlineFeedViewActivity, 
08-05 14:13:19.121  6016  6016 D Nappa   : PREFETCH_ON_EXTRA - setCurrentActivity - logs - from activity - made prediction isfalse
08-05 14:13:19.123  6016  6549 D Nappa   : TAG okHttpClient initialized
08-05 14:13:19.123  6016  6549 D Nappa   : F1_SCORE list_url_prefetched - (already in) - https://rss.art19.com/nice-white-parents
08-05 14:13:19.123  6016  6549 D Nappa   : -------------F1_SCORE #6 -----------
08-05 14:13:19.124  6016  6549 D Nappa   : F1_SCORE - Intercept list (3)= [https://itunes.apple.com/en/rss/toppodcasts/limit=25/explicit=true/json, https://itunes.apple.com/us/rss/toppodcasts/limit=25/explicit=true/json, https://itunes.apple.com/lookup?id=1524080195]
08-05 14:13:19.124  6016  6549 D Nappa   : F1_SCORE - Prefetch list (1)= [https://rss.art19.com/nice-white-parents]
08-05 14:13:19.124  6016  6549 D Nappa   : F1_SCORE - TP list (0)= []
08-05 14:13:19.124  6016  6549 D Nappa   : F1_SCORE - FN list (3)= [https://itunes.apple.com/en/rss/toppodcasts/limit=25/explicit=true/json, https://itunes.apple.com/us/rss/toppodcasts/limit=25/explicit=true/json, https://itunes.apple.com/lookup?id=1524080195]
08-05 14:13:19.221  6016  6016 D Nappa   : registerActivity: (already in) nappagreedy.de.danoeh.antennapod.activity.OnlineFeedViewActivity
08-05 14:13:19.221  6016  6016 D Nappa   : SHOULD_PREFETCH true
08-05 14:13:19.322  6016  6016 D Nappa   : registerActivity: (already in) nappagreedy.de.danoeh.antennapod.activity.OnlineFeedViewActivity
08-05 14:13:19.322  6016  6016 D Nappa   : STATS Number of requests not prefetched: 3
08-05 14:13:19.322  6016  6016 D Nappa   : STATS Number of requests prefetched: 0
08-05 14:13:19.322  6016  6016 D Nappa   : STATS Time saved until now: 0.0
08-05 14:13:19.376  6016  6038 D Nappa   : PREFSTRAT2 ADDING NEW ACTEXTRADATA
08-05 14:13:19.378  6016  6038 D Nappa   : PREFSTRAT2 ADDING NEW ACTEXTRADATA
08-05 14:13:19.481  6016  6038 D Nappa   : registerActivity: (already in) nappagreedy.de.danoeh.antennapod.activity.OnlineFeedViewActivity
08-05 14:13:19.481  6016  6038 D Nappa   : PARENTS 
08-05 14:13:19.481  6016  6038 D Nappa   : Of: nappagreedy.de.danoeh.antennapod.activity.OnlineFeedViewActivity -> 
08-05 14:13:19.481  6016  6038 D Nappa   : PARENTS nappagreedy.de.danoeh.antennapod.activity.MainActivity
08-05 14:13:19.481  6016  6038 D Nappa   : PARENTS has extra: (arg.feedurl, https://rss.art19.com/nice-white-parents)
08-05 14:13:19.482  6016  6038 D Nappa   : PARENTS value of key 'arg.feedurl' is contained into https://rss.art19.com/nice-white-parents
08-05 14:13:19.482  6016  6038 D Nappa   : PARENTS PARAM: arg.feedurl
08-05 14:13:19.482  6016  6038 D Nappa   : PARENTS   NODE nappagreedy.de.danoeh.antennapod.activity.OnlineFeedViewActivity ALREADY CONTAINS THIS URL
08-05 14:13:19.482  6016  6038 D Nappa   : PARENTS has extra: (title, iTunes)
08-05 14:13:19.482  6016  6038 D Nappa   : PARENTS nappagreedy.de.danoeh.antennapod.activity.SplashActivity
08-05 14:13:19.585  6016  6038 D Nappa   : registerActivity: (already in) nappagreedy.de.danoeh.antennapod.activity.OnlineFeedViewActivity
08-05 14:13:19.585  6016  6038 D Nappa   : PARENTS 
08-05 14:13:19.585  6016  6038 D Nappa   : Of: nappagreedy.de.danoeh.antennapod.activity.OnlineFeedViewActivity -> 
08-05 14:13:19.585  6016  6038 D Nappa   : PARENTS nappagreedy.de.danoeh.antennapod.activity.MainActivity
08-05 14:13:19.585  6016  6038 D Nappa   : PARENTS has extra: (arg.feedurl, https://rss.art19.com/nice-white-parents)
08-05 14:13:19.585  6016  6038 D Nappa   : PARENTS value of key 'arg.feedurl' is contained into https://rss.art19.com/nice-white-parents
08-05 14:13:19.586  6016  6038 D Nappa   : PARENTS PARAM: arg.feedurl
08-05 14:13:19.586  6016  6038 D Nappa   : PARENTS   NODE nappagreedy.de.danoeh.antennapod.activity.OnlineFeedViewActivity ALREADY CONTAINS THIS URL
08-05 14:13:19.586  6016  6038 D Nappa   : PARENTS has extra: (title, iTunes)
08-05 14:13:19.586  6016  6038 D Nappa   : PARENTS nappagreedy.de.danoeh.antennapod.activity.SplashActivity
08-05 14:13:19.589  6016  6038 D Nappa   : PREFETCH_ON_EXTRA - setCurrentActivity - logs - from extra - made prediction istrue
08-05 14:13:19.591  6016  6038 D Nappa   : PREFETCH_ON_EXTRA - setCurrentActivity - logs - from extra - start
08-05 14:13:19.591  6016  6038 D Nappa   : setCurrentActivity - MetricStrategyAccuracy - checking prediction VS current activity for extras
08-05 14:13:19.591  6016  6038 D Nappa   : PREFETCH_ON_EXTRA - setCurrentActivity - logs - from extra- finished
08-05 14:13:19.822  6016  6038 D Nappa   : PREFETCH_ON_EXTRA - setCurrentActivity - starting new prediction
08-05 14:13:19.822  6016  6038 D Nappa   : Current node - currentActivityName - nappagreedy.de.danoeh.antennapod.activity.OnlineFeedViewActivity
08-05 14:13:19.822  6016  6038 D Nappa   : Current node - activityGraph.getCurrent() - nappagreedy.de.danoeh.antennapod.activity.OnlineFeedViewActivity
08-05 14:13:19.823  6016  6038 D Nappa   : PREFETCH_ON_EXTRA - setCurrentActivity - finished new prediction
08-05 14:13:23.524  6016  7070 D Nappa   : TAG okHttpClient initialized
08-05 14:13:23.524  6016  7070 D Nappa   : F1_SCORE add_intercept_url - (new) - https://rss.art19.com/nice-white-parents
08-05 14:13:23.524  6016  7070 D Nappa   : F1_SCORE add_tp_url - (new) - https://rss.art19.com/nice-white-parents
08-05 14:13:23.525  6016  7070 D Nappa   : -------------F1_SCORE #7 -----------
08-05 14:13:23.525  6016  7070 D Nappa   : F1_SCORE - Intercept list (4)= [https://itunes.apple.com/en/rss/toppodcasts/limit=25/explicit=true/json, https://itunes.apple.com/us/rss/toppodcasts/limit=25/explicit=true/json, https://itunes.apple.com/lookup?id=1524080195, https://rss.art19.com/nice-white-parents]
08-05 14:13:23.525  6016  7070 D Nappa   : F1_SCORE - Prefetch list (1)= [https://rss.art19.com/nice-white-parents]
08-05 14:13:23.525  6016  7070 D Nappa   : F1_SCORE - TP list (1)= [https://rss.art19.com/nice-white-parents]
08-05 14:13:23.525  6016  7070 D Nappa   : F1_SCORE - FN list (3)= [https://itunes.apple.com/en/rss/toppodcasts/limit=25/explicit=true/json, https://itunes.apple.com/us/rss/toppodcasts/limit=25/explicit=true/json, https://itunes.apple.com/lookup?id=1524080195]
08-05 14:13:23.625  6016  6038 D Nappa   : registerActivity: (already in) nappagreedy.de.danoeh.antennapod.activity.OnlineFeedViewActivity
08-05 14:13:23.625  6016  6038 D Nappa   : PARENTS 
08-05 14:13:23.625  6016  6038 D Nappa   : Of: nappagreedy.de.danoeh.antennapod.activity.OnlineFeedViewActivity -> 
08-05 14:13:23.625  6016  6038 D Nappa   : PARENTS nappagreedy.de.danoeh.antennapod.activity.MainActivity
08-05 14:13:23.625  6016  6038 D Nappa   : PARENTS has extra: (arg.feedurl, https://rss.art19.com/nice-white-parents)
08-05 14:13:23.625  6016  6038 D Nappa   : PARENTS value of key 'arg.feedurl' is contained into https://rss.art19.com/nice-white-parents
08-05 14:13:23.625  6016  6038 D Nappa   : PARENTS PARAM: arg.feedurl
08-05 14:13:23.625  6016  6038 D Nappa   : PARENTS   NODE nappagreedy.de.danoeh.antennapod.activity.OnlineFeedViewActivity ALREADY CONTAINS THIS URL
08-05 14:13:23.625  6016  6038 D Nappa   : PARENTS has extra: (title, iTunes)
08-05 14:13:23.625  6016  6038 D Nappa   : PARENTS nappagreedy.de.danoeh.antennapod.activity.SplashActivity
08-05 14:13:28.146  6016  6016 D Nappa   : Stayed on nappagreedy.de.danoeh.antennapod.activity.OnlineFeedViewActivity for 8824 ms
08-05 14:13:28.159  6016  6016 D Nappa   : setCurrentActivity - MetricStrategyAccuracy - 
08-05 14:13:28.159  6016  6016 D Nappa   : madePredictionFromActivity = true, 
08-05 14:13:28.159  6016  6016 D Nappa   : fromActivity = nappagreedy.de.danoeh.antennapod.activity.OnlineFeedViewActivity, 
08-05 14:13:28.159  6016  6016 D Nappa   : predictedNextActivityFromActivity = [], 
08-05 14:13:28.159  6016  6016 D Nappa   : activity.getClass().getCanonicalName() = nappagreedy.de.danoeh.antennapod.activity.MainActivity, 
08-05 14:13:28.159  6016  6016 D Nappa   : setCurrentActivity - MetricStrategyAccuracy - 
08-05 14:13:28.159  6016  6016 D Nappa   : madePredictionFromExtra = false, 
08-05 14:13:28.159  6016  6016 D Nappa   : fromActivity = nappagreedy.de.danoeh.antennapod.activity.OnlineFeedViewActivity, 
08-05 14:13:28.159  6016  6016 D Nappa   : predictedNextActivityFromExtra = [], 
08-05 14:13:28.159  6016  6016 D Nappa   : activity.getClass().getCanonicalName() = nappagreedy.de.danoeh.antennapod.activity.MainActivity, 
08-05 14:13:28.159  6016  6016 D Nappa   : PREFETCH_ON_EXTRA - setCurrentActivity - logs - from activity - made prediction istrue
08-05 14:13:28.159  6016  6016 D Nappa   : PREFETCH_ON_EXTRA - setCurrentActivity - logs - from activity - start
08-05 14:13:28.159  6016  6016 D Nappa   : PREFETCH_ON_EXTRA - setCurrentActivity - logs - from activity- finished
08-05 14:13:28.260  6016  6016 D Nappa   : registerActivity: (already in) nappagreedy.de.danoeh.antennapod.activity.MainActivity
08-05 14:13:28.260  6016  6016 D Nappa   : SHOULD_PREFETCH false
08-05 14:13:28.260  6016  6016 D Nappa   : STATS Number of requests not prefetched: 4
08-05 14:13:28.260  6016  6016 D Nappa   : STATS Number of requests prefetched: 1
08-05 14:13:28.260  6016  6016 D Nappa   : STATS Time saved until now: 0.142
08-05 14:13:28.560  6016  6038 D Nappa   : PREFETCH_ON_EXTRA - setCurrentActivity - logs - from extra - made prediction isfalse
08-05 14:13:29.840  6016  6550 D Nappa   : F1_SCORE add_intercept_url - (new) - https://itunes.apple.com/lookup?id=360084272
08-05 14:13:29.840  6016  6550 D Nappa   : F1_SCORE add_fn_url - (new) - https://itunes.apple.com/lookup?id=360084272
08-05 14:13:29.840  6016  6550 D Nappa   : -------------F1_SCORE #9 -----------
08-05 14:13:29.840  6016  6550 D Nappa   : F1_SCORE - Intercept list (5)= [https://itunes.apple.com/en/rss/toppodcasts/limit=25/explicit=true/json, https://itunes.apple.com/us/rss/toppodcasts/limit=25/explicit=true/json, https://itunes.apple.com/lookup?id=1524080195, https://rss.art19.com/nice-white-parents, https://itunes.apple.com/lookup?id=360084272]
08-05 14:13:29.841  6016  6550 D Nappa   : F1_SCORE - Prefetch list (1)= [https://rss.art19.com/nice-white-parents]
08-05 14:13:29.841  6016  6550 D Nappa   : F1_SCORE - TP list (1)= [https://rss.art19.com/nice-white-parents]
08-05 14:13:29.841  6016  6550 D Nappa   : F1_SCORE - FN list (4)= [https://itunes.apple.com/en/rss/toppodcasts/limit=25/explicit=true/json, https://itunes.apple.com/us/rss/toppodcasts/limit=25/explicit=true/json, https://itunes.apple.com/lookup?id=1524080195, https://itunes.apple.com/lookup?id=360084272]
08-05 14:13:29.941  6016  6038 D Nappa   : registerActivity: (already in) nappagreedy.de.danoeh.antennapod.activity.MainActivity
08-05 14:13:29.941  6016  6038 D Nappa   : PARENTS 
08-05 14:13:29.941  6016  6038 D Nappa   : Of: nappagreedy.de.danoeh.antennapod.activity.MainActivity -> 
08-05 14:13:29.941  6016  6038 D Nappa   : PARENTS nappagreedy.de.danoeh.antennapod.activity.SplashActivity
08-05 14:13:30.179  6016  6038 D Nappa   : PREFETCH_ON_EXTRA - notifyExtras- start
08-05 14:13:30.183  6016  6038 D Nappa   : PREFETCH_ON_EXTRA - notifyExtras- end
08-05 14:13:30.183  6016  6038 D Nappa   : PREFSTRAT2 URL: http://joeroganexp.joerogan.libsynpro.com/rss
08-05 14:13:30.183  6016  6038 D Nappa   : F1_SCORE list_url_prefetched - (new) - http://joeroganexp.joerogan.libsynpro.com/rss
08-05 14:13:30.184  6016  6038 D Nappa   : F1_SCORE list_url_prefetched - (already in) - http://joeroganexp.joerogan.libsynpro.com/rss
08-05 14:13:30.184  6016  6038 D Nappa   : -------------F1_SCORE #10 -----------
08-05 14:13:30.184  6016  6038 D Nappa   : F1_SCORE - Intercept list (5)= [https://itunes.apple.com/en/rss/toppodcasts/limit=25/explicit=true/json, https://itunes.apple.com/us/rss/toppodcasts/limit=25/explicit=true/json, https://itunes.apple.com/lookup?id=1524080195, https://rss.art19.com/nice-white-parents, https://itunes.apple.com/lookup?id=360084272]
08-05 14:13:30.184  6016  6038 D Nappa   : F1_SCORE - Prefetch list (2)= [https://rss.art19.com/nice-white-parents, http://joeroganexp.joerogan.libsynpro.com/rss]
08-05 14:13:30.185  6016  6038 D Nappa   : F1_SCORE - TP list (1)= [https://rss.art19.com/nice-white-parents]
08-05 14:13:30.185  6016  6038 D Nappa   : F1_SCORE - FN list (4)= [https://itunes.apple.com/en/rss/toppodcasts/limit=25/explicit=true/json, https://itunes.apple.com/us/rss/toppodcasts/limit=25/explicit=true/json, https://itunes.apple.com/lookup?id=1524080195, https://itunes.apple.com/lookup?id=360084272]
08-05 14:13:30.201  6016  6016 D Nappa   : Stayed on nappagreedy.de.danoeh.antennapod.activity.MainActivity for 1941 ms
08-05 14:13:30.221  6016  6016 D Nappa   : setCurrentActivity - MetricStrategyAccuracy - 
08-05 14:13:30.221  6016  6016 D Nappa   : madePredictionFromActivity = false, 
08-05 14:13:30.221  6016  6016 D Nappa   : fromActivity = nappagreedy.de.danoeh.antennapod.activity.MainActivity, 
08-05 14:13:30.221  6016  6016 D Nappa   : predictedNextActivityFromActivity = [], 
08-05 14:13:30.221  6016  6016 D Nappa   : activity.getClass().getCanonicalName() = nappagreedy.de.danoeh.antennapod.activity.OnlineFeedViewActivity, 
08-05 14:13:30.221  6016  6016 D Nappa   : setCurrentActivity - MetricStrategyAccuracy - 
08-05 14:13:30.221  6016  6016 D Nappa   : madePredictionFromExtra = true, 
08-05 14:13:30.221  6016  6016 D Nappa   : fromActivity = nappagreedy.de.danoeh.antennapod.activity.MainActivity, 
08-05 14:13:30.221  6016  6016 D Nappa   : predictedNextActivityFromExtra = [nappagreedy.de.danoeh.antennapod.activity.OnlineFeedViewActivity], 
08-05 14:13:30.221  6016  6016 D Nappa   : activity.getClass().getCanonicalName() = nappagreedy.de.danoeh.antennapod.activity.OnlineFeedViewActivity, 
08-05 14:13:30.222  6016  6016 D Nappa   : PREFETCH_ON_EXTRA - setCurrentActivity - logs - from activity - made prediction isfalse
08-05 14:13:30.222  6016  6549 D Nappa   : TAG okHttpClient initialized
08-05 14:13:30.222  6016  6549 D Nappa   : F1_SCORE list_url_prefetched - (already in) - http://joeroganexp.joerogan.libsynpro.com/rss
08-05 14:13:30.225  6016  6549 D Nappa   : -------------F1_SCORE #11 -----------
08-05 14:13:30.225  6016  6549 D Nappa   : F1_SCORE - Intercept list (5)= [https://itunes.apple.com/en/rss/toppodcasts/limit=25/explicit=true/json, https://itunes.apple.com/us/rss/toppodcasts/limit=25/explicit=true/json, https://itunes.apple.com/lookup?id=1524080195, https://rss.art19.com/nice-white-parents, https://itunes.apple.com/lookup?id=360084272]
08-05 14:13:30.225  6016  6549 D Nappa   : F1_SCORE - Prefetch list (2)= [https://rss.art19.com/nice-white-parents, http://joeroganexp.joerogan.libsynpro.com/rss]
08-05 14:13:30.225  6016  6549 D Nappa   : F1_SCORE - TP list (1)= [https://rss.art19.com/nice-white-parents]
08-05 14:13:30.225  6016  6549 D Nappa   : F1_SCORE - FN list (4)= [https://itunes.apple.com/en/rss/toppodcasts/limit=25/explicit=true/json, https://itunes.apple.com/us/rss/toppodcasts/limit=25/explicit=true/json, https://itunes.apple.com/lookup?id=1524080195, https://itunes.apple.com/lookup?id=360084272]
08-05 14:13:30.322  6016  6016 D Nappa   : registerActivity: (already in) nappagreedy.de.danoeh.antennapod.activity.OnlineFeedViewActivity
08-05 14:13:30.322  6016  6016 D Nappa   : SHOULD_PREFETCH true
08-05 14:13:30.413  6016  6038 D Nappa   : PREFSTRAT2 ADDING NEW ACTEXTRADATA
08-05 14:13:30.414  6016  6038 D Nappa   : PREFSTRAT2 ADDING NEW ACTEXTRADATA
08-05 14:13:30.422  6016  6016 D Nappa   : registerActivity: (already in) nappagreedy.de.danoeh.antennapod.activity.OnlineFeedViewActivity
08-05 14:13:30.422  6016  6016 D Nappa   : STATS Number of requests not prefetched: 5
08-05 14:13:30.422  6016  6016 D Nappa   : STATS Number of requests prefetched: 1
08-05 14:13:30.423  6016  6016 D Nappa   : STATS Time saved until now: 0.142
08-05 14:13:30.517  6016  6038 D Nappa   : registerActivity: (already in) nappagreedy.de.danoeh.antennapod.activity.OnlineFeedViewActivity
08-05 14:13:30.518  6016  6038 D Nappa   : PARENTS 
08-05 14:13:30.518  6016  6038 D Nappa   : Of: nappagreedy.de.danoeh.antennapod.activity.OnlineFeedViewActivity -> 
08-05 14:13:30.518  6016  6038 D Nappa   : PARENTS nappagreedy.de.danoeh.antennapod.activity.MainActivity
08-05 14:13:30.518  6016  6038 D Nappa   : PARENTS has extra: (arg.feedurl, http://joeroganexp.joerogan.libsynpro.com/rss)
08-05 14:13:30.518  6016  6038 D Nappa   : PARENTS value of key 'arg.feedurl' is contained into http://joeroganexp.joerogan.libsynpro.com/rss
08-05 14:13:30.518  6016  6038 D Nappa   : PARENTS PARAM: arg.feedurl
08-05 14:13:30.518  6016  6038 D Nappa   : PARENTS   NODE nappagreedy.de.danoeh.antennapod.activity.OnlineFeedViewActivity ALREADY CONTAINS THIS URL
08-05 14:13:30.518  6016  6038 D Nappa   : PARENTS has extra: (title, iTunes)
08-05 14:13:30.518  6016  6038 D Nappa   : PARENTS nappagreedy.de.danoeh.antennapod.activity.SplashActivity
08-05 14:13:30.621  6016  6038 D Nappa   : registerActivity: (already in) nappagreedy.de.danoeh.antennapod.activity.OnlineFeedViewActivity
08-05 14:13:30.621  6016  6038 D Nappa   : PARENTS 
08-05 14:13:30.621  6016  6038 D Nappa   : Of: nappagreedy.de.danoeh.antennapod.activity.OnlineFeedViewActivity -> 
08-05 14:13:30.621  6016  6038 D Nappa   : PARENTS nappagreedy.de.danoeh.antennapod.activity.MainActivity
08-05 14:13:30.621  6016  6038 D Nappa   : PARENTS has extra: (arg.feedurl, http://joeroganexp.joerogan.libsynpro.com/rss)
08-05 14:13:30.621  6016  6038 D Nappa   : PARENTS value of key 'arg.feedurl' is contained into http://joeroganexp.joerogan.libsynpro.com/rss
08-05 14:13:30.622  6016  6038 D Nappa   : PARENTS PARAM: arg.feedurl
08-05 14:13:30.622  6016  6038 D Nappa   : PARENTS   NODE nappagreedy.de.danoeh.antennapod.activity.OnlineFeedViewActivity ALREADY CONTAINS THIS URL
08-05 14:13:30.622  6016  6038 D Nappa   : PARENTS has extra: (title, iTunes)
08-05 14:13:30.622  6016  6038 D Nappa   : PARENTS nappagreedy.de.danoeh.antennapod.activity.SplashActivity
08-05 14:13:30.624  6016  6038 D Nappa   : PREFETCH_ON_EXTRA - setCurrentActivity - logs - from extra - made prediction istrue
08-05 14:13:30.624  6016  6038 D Nappa   : PREFETCH_ON_EXTRA - setCurrentActivity - logs - from extra - start
08-05 14:13:30.624  6016  6038 D Nappa   : setCurrentActivity - MetricStrategyAccuracy - checking prediction VS current activity for extras
08-05 14:13:30.624  6016  6038 D Nappa   : PREFETCH_ON_EXTRA - setCurrentActivity - logs - from extra- finished
08-05 14:13:30.923  6016  6038 D Nappa   : PREFETCH_ON_EXTRA - setCurrentActivity - starting new prediction
08-05 14:13:30.923  6016  6038 D Nappa   : Current node - currentActivityName - nappagreedy.de.danoeh.antennapod.activity.OnlineFeedViewActivity
08-05 14:13:30.923  6016  6038 D Nappa   : Current node - activityGraph.getCurrent() - nappagreedy.de.danoeh.antennapod.activity.OnlineFeedViewActivity
08-05 14:13:30.923  6016  6038 D Nappa   : PREFETCH_ON_EXTRA - setCurrentActivity - finished new prediction
08-05 14:13:34.598  6016  7372 D Nappa   : TAG okHttpClient initialized
08-05 14:13:34.598  6016  7372 D Nappa   : F1_SCORE add_intercept_url - (new) - http://joeroganexp.joerogan.libsynpro.com/rss
08-05 14:13:34.598  6016  7372 D Nappa   : F1_SCORE add_tp_url - (new) - http://joeroganexp.joerogan.libsynpro.com/rss
08-05 14:13:34.598  6016  7372 D Nappa   : -------------F1_SCORE #12 -----------
08-05 14:13:34.598  6016  7372 D Nappa   : F1_SCORE - Intercept list (6)= [https://itunes.apple.com/en/rss/toppodcasts/limit=25/explicit=true/json, https://itunes.apple.com/us/rss/toppodcasts/limit=25/explicit=true/json, https://itunes.apple.com/lookup?id=1524080195, https://rss.art19.com/nice-white-parents, https://itunes.apple.com/lookup?id=360084272, http://joeroganexp.joerogan.libsynpro.com/rss]
08-05 14:13:34.599  6016  7372 D Nappa   : F1_SCORE - Prefetch list (2)= [https://rss.art19.com/nice-white-parents, http://joeroganexp.joerogan.libsynpro.com/rss]
08-05 14:13:34.599  6016  7372 D Nappa   : F1_SCORE - TP list (2)= [https://rss.art19.com/nice-white-parents, http://joeroganexp.joerogan.libsynpro.com/rss]
08-05 14:13:34.599  6016  7372 D Nappa   : F1_SCORE - FN list (4)= [https://itunes.apple.com/en/rss/toppodcasts/limit=25/explicit=true/json, https://itunes.apple.com/us/rss/toppodcasts/limit=25/explicit=true/json, https://itunes.apple.com/lookup?id=1524080195, https://itunes.apple.com/lookup?id=360084272]
08-05 14:13:34.699  6016  6038 D Nappa   : registerActivity: (already in) nappagreedy.de.danoeh.antennapod.activity.OnlineFeedViewActivity
08-05 14:13:34.699  6016  6038 D Nappa   : PARENTS 
08-05 14:13:34.699  6016  6038 D Nappa   : Of: nappagreedy.de.danoeh.antennapod.activity.OnlineFeedViewActivity -> 
08-05 14:13:34.699  6016  6038 D Nappa   : PARENTS nappagreedy.de.danoeh.antennapod.activity.MainActivity
08-05 14:13:34.699  6016  6038 D Nappa   : PARENTS has extra: (arg.feedurl, http://joeroganexp.joerogan.libsynpro.com/rss)
08-05 14:13:34.699  6016  6038 D Nappa   : PARENTS value of key 'arg.feedurl' is contained into http://joeroganexp.joerogan.libsynpro.com/rss
08-05 14:13:34.699  6016  6038 D Nappa   : PARENTS PARAM: arg.feedurl
08-05 14:13:34.700  6016  6038 D Nappa   : PARENTS   NODE nappagreedy.de.danoeh.antennapod.activity.OnlineFeedViewActivity ALREADY CONTAINS THIS URL
08-05 14:13:34.700  6016  6038 D Nappa   : PARENTS has extra: (title, iTunes)
08-05 14:13:34.700  6016  6038 D Nappa   : PARENTS nappagreedy.de.danoeh.antennapod.activity.SplashActivity
08-05 14:13:39.335  6016  6016 D Nappa   : Stayed on nappagreedy.de.danoeh.antennapod.activity.OnlineFeedViewActivity for 8912 ms
08-05 14:13:39.348  6016  6016 D Nappa   : setCurrentActivity - MetricStrategyAccuracy - 
08-05 14:13:39.348  6016  6016 D Nappa   : madePredictionFromActivity = true, 
08-05 14:13:39.348  6016  6016 D Nappa   : fromActivity = nappagreedy.de.danoeh.antennapod.activity.OnlineFeedViewActivity, 
08-05 14:13:39.348  6016  6016 D Nappa   : predictedNextActivityFromActivity = [], 
08-05 14:13:39.348  6016  6016 D Nappa   : activity.getClass().getCanonicalName() = nappagreedy.de.danoeh.antennapod.activity.MainActivity, 
08-05 14:13:39.348  6016  6016 D Nappa   : setCurrentActivity - MetricStrategyAccuracy - 
08-05 14:13:39.348  6016  6016 D Nappa   : madePredictionFromExtra = false, 
08-05 14:13:39.348  6016  6016 D Nappa   : fromActivity = nappagreedy.de.danoeh.antennapod.activity.OnlineFeedViewActivity, 
08-05 14:13:39.348  6016  6016 D Nappa   : predictedNextActivityFromExtra = [], 
08-05 14:13:39.348  6016  6016 D Nappa   : activity.getClass().getCanonicalName() = nappagreedy.de.danoeh.antennapod.activity.MainActivity, 
08-05 14:13:39.348  6016  6016 D Nappa   : PREFETCH_ON_EXTRA - setCurrentActivity - logs - from activity - made prediction istrue
08-05 14:13:39.348  6016  6016 D Nappa   : PREFETCH_ON_EXTRA - setCurrentActivity - logs - from activity - start
08-05 14:13:39.348  6016  6016 D Nappa   : PREFETCH_ON_EXTRA - setCurrentActivity - logs - from activity- finished
08-05 14:13:39.448  6016  6016 D Nappa   : registerActivity: (already in) nappagreedy.de.danoeh.antennapod.activity.MainActivity
08-05 14:13:39.449  6016  6016 D Nappa   : SHOULD_PREFETCH false
08-05 14:13:39.449  6016  6016 D Nappa   : STATS Number of requests not prefetched: 5
08-05 14:13:39.449  6016  6016 D Nappa   : STATS Number of requests prefetched: 2
08-05 14:13:39.449  6016  6016 D Nappa   : STATS Time saved until now: 0.225
08-05 14:13:39.749  6016  6038 D Nappa   : PREFETCH_ON_EXTRA - setCurrentActivity - logs - from extra - made prediction isfalse
08-05 14:13:41.193  6016  6550 D Nappa   : F1_SCORE add_intercept_url - (already in) - https://itunes.apple.com/lookup?id=360084272
08-05 14:13:41.193  6016  6550 D Nappa   : F1_SCORE add_fn_url - (already in) - https://itunes.apple.com/lookup?id=360084272
08-05 14:13:41.193  6016  6550 D Nappa   : -------------F1_SCORE #14 -----------
08-05 14:13:41.193  6016  6550 D Nappa   : F1_SCORE - Intercept list (6)= [https://itunes.apple.com/en/rss/toppodcasts/limit=25/explicit=true/json, https://itunes.apple.com/us/rss/toppodcasts/limit=25/explicit=true/json, https://itunes.apple.com/lookup?id=1524080195, https://rss.art19.com/nice-white-parents, https://itunes.apple.com/lookup?id=360084272, http://joeroganexp.joerogan.libsynpro.com/rss]
08-05 14:13:41.193  6016  6550 D Nappa   : F1_SCORE - Prefetch list (2)= [https://rss.art19.com/nice-white-parents, http://joeroganexp.joerogan.libsynpro.com/rss]
08-05 14:13:41.193  6016  6550 D Nappa   : F1_SCORE - TP list (2)= [https://rss.art19.com/nice-white-parents, http://joeroganexp.joerogan.libsynpro.com/rss]
08-05 14:13:41.193  6016  6550 D Nappa   : F1_SCORE - FN list (4)= [https://itunes.apple.com/en/rss/toppodcasts/limit=25/explicit=true/json, https://itunes.apple.com/us/rss/toppodcasts/limit=25/explicit=true/json, https://itunes.apple.com/lookup?id=1524080195, https://itunes.apple.com/lookup?id=360084272]
08-05 14:13:41.233  6016  6016 D Nappa   : Stayed on nappagreedy.de.danoeh.antennapod.activity.MainActivity for 1783 ms
08-05 14:13:41.264  6016  6016 D Nappa   : setCurrentActivity - MetricStrategyAccuracy - 
08-05 14:13:41.264  6016  6016 D Nappa   : madePredictionFromActivity = false, 
08-05 14:13:41.264  6016  6016 D Nappa   : fromActivity = nappagreedy.de.danoeh.antennapod.activity.MainActivity, 
08-05 14:13:41.264  6016  6016 D Nappa   : predictedNextActivityFromActivity = [], 
08-05 14:13:41.264  6016  6016 D Nappa   : activity.getClass().getCanonicalName() = nappagreedy.de.danoeh.antennapod.activity.OnlineFeedViewActivity, 
08-05 14:13:41.264  6016  6016 D Nappa   : setCurrentActivity - MetricStrategyAccuracy - 
08-05 14:13:41.264  6016  6016 D Nappa   : madePredictionFromExtra = false, 
08-05 14:13:41.264  6016  6016 D Nappa   : fromActivity = nappagreedy.de.danoeh.antennapod.activity.MainActivity, 
08-05 14:13:41.264  6016  6016 D Nappa   : predictedNextActivityFromExtra = [], 
08-05 14:13:41.264  6016  6016 D Nappa   : activity.getClass().getCanonicalName() = nappagreedy.de.danoeh.antennapod.activity.OnlineFeedViewActivity, 
08-05 14:13:41.265  6016  6016 D Nappa   : PREFETCH_ON_EXTRA - setCurrentActivity - logs - from activity - made prediction isfalse
08-05 14:13:41.266  6016  6549 D Nappa   : TAG okHttpClient initialized
08-05 14:13:41.267  6016  6549 D Nappa   : F1_SCORE add_intercept_url - (already in) - http://joeroganexp.joerogan.libsynpro.com/rss
08-05 14:13:41.267  6016  6549 D Nappa   : F1_SCORE add_tp_url - (already in) - http://joeroganexp.joerogan.libsynpro.com/rss
08-05 14:13:41.267  6016  6549 D Nappa   : -------------F1_SCORE #15 -----------
08-05 14:13:41.267  6016  6549 D Nappa   : F1_SCORE - Intercept list (6)= [https://itunes.apple.com/en/rss/toppodcasts/limit=25/explicit=true/json, https://itunes.apple.com/us/rss/toppodcasts/limit=25/explicit=true/json, https://itunes.apple.com/lookup?id=1524080195, https://rss.art19.com/nice-white-parents, https://itunes.apple.com/lookup?id=360084272, http://joeroganexp.joerogan.libsynpro.com/rss]
08-05 14:13:41.267  6016  6549 D Nappa   : F1_SCORE - Prefetch list (2)= [https://rss.art19.com/nice-white-parents, http://joeroganexp.joerogan.libsynpro.com/rss]
08-05 14:13:41.267  6016  6549 D Nappa   : F1_SCORE - TP list (2)= [https://rss.art19.com/nice-white-parents, http://joeroganexp.joerogan.libsynpro.com/rss]
08-05 14:13:41.267  6016  6549 D Nappa   : F1_SCORE - FN list (4)= [https://itunes.apple.com/en/rss/toppodcasts/limit=25/explicit=true/json, https://itunes.apple.com/us/rss/toppodcasts/limit=25/explicit=true/json, https://itunes.apple.com/lookup?id=1524080195, https://itunes.apple.com/lookup?id=360084272]
08-05 14:13:41.300  6016  6038 D Nappa   : registerActivity: (already in) nappagreedy.de.danoeh.antennapod.activity.MainActivity
08-05 14:13:41.300  6016  6038 D Nappa   : PARENTS 
08-05 14:13:41.300  6016  6038 D Nappa   : Of: nappagreedy.de.danoeh.antennapod.activity.MainActivity -> 
08-05 14:13:41.300  6016  6038 D Nappa   : PARENTS nappagreedy.de.danoeh.antennapod.activity.SplashActivity
08-05 14:13:41.300  6016  6038 D Nappa   : PREFETCH_ON_EXTRA - notifyExtras- start
08-05 14:13:41.304  6016  6038 D Nappa   : PREFETCH_ON_EXTRA - notifyExtras- end
08-05 14:13:41.304  6016  6038 D Nappa   : PREFSTRAT2 URL: http://joeroganexp.joerogan.libsynpro.com/rss
08-05 14:13:41.304  6016  6038 D Nappa   : F1_SCORE list_url_prefetched - (already in) - http://joeroganexp.joerogan.libsynpro.com/rss
08-05 14:13:41.305  6016  6038 D Nappa   : F1_SCORE list_url_prefetched - (already in) - http://joeroganexp.joerogan.libsynpro.com/rss
08-05 14:13:41.305  6016  6038 D Nappa   : -------------F1_SCORE #16 -----------
08-05 14:13:41.305  6016  6038 D Nappa   : F1_SCORE - Intercept list (6)= [https://itunes.apple.com/en/rss/toppodcasts/limit=25/explicit=true/json, https://itunes.apple.com/us/rss/toppodcasts/limit=25/explicit=true/json, https://itunes.apple.com/lookup?id=1524080195, https://rss.art19.com/nice-white-parents, https://itunes.apple.com/lookup?id=360084272, http://joeroganexp.joerogan.libsynpro.com/rss]
