08-06 02:23:40.725 27772  6859 I art     : Explicit concurrent mark sweep GC freed 9(288B) AllocSpace objects, 0(0B) LOS objects, 30% free, 36MB/52MB, paused 1.392ms total 38.826ms
08-06 02:23:40.738 27772  6859 I art     : Starting a blocking GC Explicit
08-06 02:23:40.778 27772  6859 I art     : Explicit concurrent mark sweep GC freed 9(288B) AllocSpace objects, 0(0B) LOS objects, 30% free, 36MB/52MB, paused 1.490ms total 39.997ms
08-06 02:23:40.792 27772  6859 I art     : Starting a blocking GC Explicit
08-06 02:23:40.836 27772  6859 I art     : Explicit concurrent mark sweep GC freed 24(768B) AllocSpace objects, 0(0B) LOS objects, 30% free, 36MB/52MB, paused 1.415ms total 44.304ms
08-06 02:23:40.983  7767  7767 D AndroidRuntime: >>>>>> START com.android.internal.os.RuntimeInit uid 2000 <<<<<<
08-06 02:23:40.989  7767  7767 D AndroidRuntime: CheckJNI is OFF
08-06 02:23:41.031  7767  7767 D ICU     : No timezone override file found: /data/misc/zoneinfo/current/icu/icu_tzdata.dat
08-06 02:23:41.073  7767  7767 I Radio-JNI: register_android_hardware_Radio DONE
08-06 02:23:41.102  7767  7767 D AndroidRuntime: Calling main entry com.android.commands.input.Input
08-06 02:23:41.104  7767  7767 I Input   : injectKeyEvent: KeyEvent { action=ACTION_DOWN, keyCode=KEYCODE_BACK, scanCode=0, metaState=0, flags=0x0, repeatCount=0, eventTime=843837517, downTime=843837517, deviceId=-1, source=0x101 }
08-06 02:23:41.109  7767  7767 I Input   : injectKeyEvent: KeyEvent { action=ACTION_UP, keyCode=KEYCODE_BACK, scanCode=0, metaState=0, flags=0x0, repeatCount=0, eventTime=843837517, downTime=843837517, deviceId=-1, source=0x101 }
08-06 02:23:41.116 27772 27772 D NappaLifecycleObserver: nappatfpr.com.newsblur.activity.GlobalSharedStoriesItemsList - onPause
08-06 02:23:41.116  7767  7767 D AndroidRuntime: Shutting down VM
08-06 02:23:41.116 27772 27772 D Nappa   : Stayed on nappatfpr.com.newsblur.activity.GlobalSharedStoriesItemsList for 1671 ms
08-06 02:23:41.208 27772 27784 I art     : Starting a blocking GC Explicit
08-06 02:23:41.257 27772 27784 I art     : Explicit concurrent mark sweep GC freed 2940(215KB) AllocSpace objects, 6(120KB) LOS objects, 30% free, 36MB/52MB, paused 2.291ms total 48.579ms
08-06 02:23:41.271 27772 27784 I art     : Starting a blocking GC Explicit
08-06 02:23:41.273 27772 27772 D NappaLifecycleObserver: nappatfpr.com.newsblur.activity.Main - onResume
08-06 02:23:41.273 27772 27772 D Nappa   : setCurrentActivity - MetricStrategyAccuracy - 
08-06 02:23:41.273 27772 27772 D Nappa   : madePredictionFromActivity = false, 
08-06 02:23:41.273 27772 27772 D Nappa   : fromActivity = nappatfpr.com.newsblur.activity.GlobalSharedStoriesItemsList, 
08-06 02:23:41.273 27772 27772 D Nappa   : predictedNextActivityFromActivity = [], 
08-06 02:23:41.273 27772 27772 D Nappa   : activity.getClass().getCanonicalName() = nappatfpr.com.newsblur.activity.Main, 
08-06 02:23:41.273 27772 27772 D Nappa   : setCurrentActivity - MetricStrategyAccuracy - 
08-06 02:23:41.273 27772 27772 D Nappa   : madePredictionFromExtra = false, 
08-06 02:23:41.273 27772 27772 D Nappa   : fromActivity = nappatfpr.com.newsblur.activity.GlobalSharedStoriesItemsList, 
08-06 02:23:41.273 27772 27772 D Nappa   : predictedNextActivityFromExtra = [], 
08-06 02:23:41.273 27772 27772 D Nappa   : activity.getClass().getCanonicalName() = nappatfpr.com.newsblur.activity.Main, 
08-06 02:23:41.273 27772 27772 D Nappa   : PREFETCH_ON_EXTRA - setCurrentActivity - logs - from activity - made prediction isfalse
08-06 02:23:41.316 27772 27784 I art     : Explicit concurrent mark sweep GC freed 1366(107KB) AllocSpace objects, 3(60KB) LOS objects, 30% free, 36MB/52MB, paused 1.730ms total 44.646ms
08-06 02:23:41.329 27772 27784 I art     : Starting a blocking GC Explicit
08-06 02:23:41.373 27772 27772 D Nappa   : registerActivity: (already in) nappatfpr.com.newsblur.activity.Main
08-06 02:23:41.374 27772 27772 D ActivityGraph: LARDataCalculatedUpdate nappatfpr.com.newsblur.activity.Main Pagerank: 0.25 HITS-Authority: 1.0 HITS-Hub: 1.0 SALSA-Authority: 1.0 SALSA-Hub: 1.0
08-06 02:23:41.374 27772 27772 D Nappa   : SHOULD_PREFETCH false
08-06 02:23:41.374 27772 27772 D Nappa   : STATS Number of requests not prefetched: 9
08-06 02:23:41.374 27772 27772 D Nappa   : STATS Number of requests prefetched: 0
08-06 02:23:41.374 27772 27772 D Nappa   : STATS Time saved until now: 0.0
08-06 02:23:41.374 27772 27784 I art     : Explicit concurrent mark sweep GC freed 24(960B) AllocSpace objects, 0(0B) LOS objects, 30% free, 36MB/52MB, paused 1.578ms total 45.163ms
08-06 02:23:41.388 27772 27784 I art     : Starting a blocking GC Explicit
08-06 02:23:41.435 27772 27784 I art     : Explicit concurrent mark sweep GC freed 5901(371KB) AllocSpace objects, 4(80KB) LOS objects, 30% free, 36MB/52MB, paused 1.910ms total 46.675ms
08-06 02:23:41.448 27772 27784 I art     : Starting a blocking GC Explicit
08-06 02:23:41.456 13866 13866 I GoogleInputMethodServic: GoogleInputMethodService.onFinishInput():3138 
08-06 02:23:41.456 27772 27772 D ActivityNode: Observer - successor visit time - GlobalSharedStoriesItemsList - Updating the visit time from the successors list:
08-06 02:23:41.456 27772 27772 D ActivityNode: [AggregateVisitTimeByActivity{nappatfpr.com.newsblur.activity.GlobalSharedStoriesReading : 60411 ms}]
08-06 02:23:41.457 27772 27772 D ActivityNode: Observer - visit time - GlobalSharedStoriesItemsList - New aggregate visit time found is 64629 ms
08-06 02:23:41.457 27772 27772 D ActivityNode: Observer - successor visit time - Main - Updating the visit time from the successors list:
08-06 02:23:41.457 27772 27772 D ActivityNode: [AggregateVisitTimeByActivity{nappatfpr.com.newsblur.activity.GlobalSharedStoriesItemsList : 51515 ms}, AggregateVisitTimeByActivity{nappatfpr.com.newsblur.activity.AllSharedStoriesItemsList : 41980 ms}]
08-06 02:23:41.457 13866 13866 I GoogleInputMethodServic: GoogleInputMethodService.onStartInput():1808 
08-06 02:23:41.457 27772 27772 D ActivityNode: Observer - successor visit time - AllSharedStoriesItemsList - Updating the visit time from the successors list:
08-06 02:23:41.457 27772 27772 D ActivityNode: [AggregateVisitTimeByActivity{nappatfpr.com.newsblur.activity.AllSharedStoriesReading : 42759 ms}]
08-06 02:23:41.491 27772 27784 I art     : Explicit concurrent mark sweep GC freed 496(31KB) AllocSpace objects, 0(0B) LOS objects, 30% free, 36MB/52MB, paused 1.479ms total 43.133ms
08-06 02:23:41.513 27772  7656 D CustomInterceptor: NETWORK-PROVIDER https://www.newsblur.com/reader/mark_story_hashes_as_read/
08-06 02:23:41.514 27772  7656 D CustomInterceptor: HEADER REQUEST
08-06 02:23:41.514 27772  7656 D CustomInterceptor: Cache-Control max-age=300, max-stale=300
08-06 02:23:41.514 27772  7656 D CustomInterceptor: Cookie newsblur_sessionid=qlbd3ilzka7q9q07v2htr96j75kh6za7; Domain=.newsblur.com; expires=Fri, 05 Aug 2022 20:40:09 GMT; Max-Age=63072000; Path=/
08-06 02:23:41.514 27772  7656 D CustomInterceptor: CACHED STATS: size = '9', maxSize = '100', hitCount = '9', createCount = '0', putCount = '9', evictionCount = '0', missCount = '25', toString = 'LruCache[maxSize=100,hits=9,misses=25,hitRate=26%]', 
08-06 02:23:41.514 27772  7656 D CustomInterceptor: PREFLIB NOT A GET REQUEST OR NOT IN CACHEPOST
08-06 02:23:41.674 27772  6797 D Nappa   : PREFETCH_ON_EXTRA - setCurrentActivity - logs - from extra - made prediction isfalse
08-06 02:23:41.800 27772 27772 D NappaLifecycleObserver: nappatfpr.com.newsblur.activity.GlobalSharedStoriesItemsList - onDestroy
08-06 02:23:41.801 27772 27772 D NappaLifecycleObserver: -------------F1_SCORE #22 -----------
08-06 02:23:41.801 27772 27772 D NappaLifecycleObserver: F1_SCORE - Intercept list (11)= [https://www.newsblur.com/reader/feeds/?update_counts=true, https://www.newsblur.com/reader/unread_story_hashes?include_timestamps=1, https://www.newsblur.com/social/river_stories?order=newest&page=1&read_filter=all&global_feed=true, https://www.newsblur.com/rss_feeds/icon/0, https://s3.amazonaws.com/icons.newsblur.com/6882243.png, https://s3.amazonaws.com/icons.newsblur.com/18178.png, https://s3.amazonaws.com/icons.newsblur.com/5762506.png, http://feeds.feedburner.com/~r/retort/~4/UffaFMiJbNs, https://images.fastcompany.net/image/upload/w_1280,q_auto,f_auto,fl_lossy/wp-cms/uploads/2020/07/p-1-90532920-this-chart-shows-how-effective-masks-can-be.png, https://www.gravatar.com/avatar/f5934485a0863578733c447016505547, https://www.newsblur.com/social/river_stories?order=newest&page=2&read_filter=all&global_feed=true]
08-06 02:23:41.801 27772 27772 D NappaLifecycleObserver: F1_SCORE - Prefetch list (0)= []
08-06 02:23:41.801 27772 27772 D NappaLifecycleObserver: F1_SCORE - TP list (0)= []
08-06 02:23:41.801 27772 27772 D NappaLifecycleObserver: F1_SCORE - FN list (11)= [https://www.newsblur.com/reader/feeds/?update_counts=true, https://www.newsblur.com/reader/unread_story_hashes?include_timestamps=1, https://www.newsblur.com/social/river_stories?order=newest&page=1&read_filter=all&global_feed=true, https://www.newsblur.com/rss_feeds/icon/0, https://s3.amazonaws.com/icons.newsblur.com/6882243.png, https://s3.amazonaws.com/icons.newsblur.com/18178.png, https://s3.amazonaws.com/icons.newsblur.com/5762506.png, http://feeds.feedburner.com/~r/retort/~4/UffaFMiJbNs, https://images.fastcompany.net/image/upload/w_1280,q_auto,f_auto,fl_lossy/wp-cms/uploads/2020/07/p-1-90532920-this-chart-shows-how-effective-masks-can-be.png, https://www.gravatar.com/avatar/f5934485a0863578733c447016505547, https://www.newsblur.com/social/river_stories?order=newest&page=2&read_filter=all&global_feed=true]
08-06 02:23:41.801 27772 27772 I NAPPA_EXPERIMENTATION: MetricPrefetchingAccuracy: LOG_ID='23',F1_SCORE_1='0.0',F1_SCORE_2='0.0',TRUE_POSITIVE='0',FALSE_POSITIVE='0',FALSE_NEGATIVE='11',
08-06 02:23:41.849 27772 27783 I art     : Starting a blocking GC Explicit
08-06 02:23:41.893 27772 27783 I art     : Explicit concurrent mark sweep GC freed 2698(171KB) AllocSpace objects, 1(20KB) LOS objects, 30% free, 36MB/52MB, paused 1.573ms total 44.333ms
08-06 02:23:41.906 27772 27783 I art     : Starting a blocking GC Explicit
08-06 02:23:41.952 27772 27783 I art     : Explicit concurrent mark sweep GC freed 187(8KB) AllocSpace objects, 0(0B) LOS objects, 30% free, 36MB/52MB, paused 1.625ms total 45.556ms
08-06 02:23:41.965 27772 27783 I art     : Starting a blocking GC Explicit
08-06 02:23:42.011 27772 27783 I art     : Explicit concurrent mark sweep GC freed 12(384B) AllocSpace objects, 0(0B) LOS objects, 30% free, 36MB/52MB, paused 1.604ms total 45.536ms
08-06 02:23:42.024 27772 27783 I art     : Starting a blocking GC Explicit
08-06 02:23:42.070 27772 27783 I art     : Explicit concurrent mark sweep GC freed 1696(66KB) AllocSpace objects, 0(0B) LOS objects, 30% free, 36MB/52MB, paused 1.543ms total 45.604ms
08-06 02:23:42.083 27772 27783 I art     : Starting a blocking GC Explicit
08-06 02:23:42.087 27772  7656 D CustomInterceptor: Interceptor exiting with exception java.io.IOException: unexpected end of stream on https://www.newsblur.com/...
08-06 02:23:42.087 27772  7656 W System.err: java.io.IOException: unexpected end of stream on https://www.newsblur.com/...
08-06 02:23:42.088 27772  7656 W System.err: 	at okhttp3.internal.http1.Http1ExchangeCodec.readResponseHeaders(Http1ExchangeCodec.java:236)
08-06 02:23:42.088 27772  7656 W System.err: 	at okhttp3.internal.connection.Exchange.readResponseHeaders(Exchange.java:115)
08-06 02:23:42.088 27772  7656 W System.err: 	at okhttp3.internal.http.CallServerInterceptor.intercept(CallServerInterceptor.java:94)
08-06 02:23:42.088 27772  7656 W System.err: 	at okhttp3.internal.http.RealInterceptorChain.proceed(RealInterceptorChain.java:142)
08-06 02:23:42.088 27772  7656 W System.err: 	at okhttp3.internal.connection.ConnectInterceptor.intercept(ConnectInterceptor.java:43)
08-06 02:23:42.088 27772  7656 W System.err: 	at okhttp3.internal.http.RealInterceptorChain.proceed(RealInterceptorChain.java:142)
08-06 02:23:42.088 27772  7656 W System.err: 	at okhttp3.internal.http.RealInterceptorChain.proceed(RealInterceptorChain.java:117)
08-06 02:23:42.088 27772  7656 W System.err: 	at okhttp3.internal.cache.CacheInterceptor.intercept(CacheInterceptor.java:94)
08-06 02:23:42.088 27772  7656 W System.err: 	at okhttp3.internal.http.RealInterceptorChain.proceed(RealInterceptorChain.java:142)
08-06 02:23:42.088 27772  7656 W System.err: 	at okhttp3.internal.http.RealInterceptorChain.proceed(RealInterceptorChain.java:117)
08-06 02:23:42.088 27772  7656 W System.err: 	at okhttp3.internal.http.BridgeInterceptor.intercept(BridgeInterceptor.java:93)
08-06 02:23:42.088 27772  7656 W System.err: 	at okhttp3.internal.http.RealInterceptorChain.proceed(RealInterceptorChain.java:142)
08-06 02:23:42.089 27772  7656 W System.err: 	at okhttp3.internal.http.RetryAndFollowUpInterceptor.intercept(RetryAndFollowUpInterceptor.java:88)
08-06 02:23:42.089 27772  7656 W System.err: 	at okhttp3.internal.http.RealInterceptorChain.proceed(RealInterceptorChain.java:142)
08-06 02:23:42.089 27772  7656 W System.err: 	at okhttp3.internal.http.RealInterceptorChain.proceed(RealInterceptorChain.java:117)
08-06 02:23:42.089 27772  7656 W System.err: 	at nl.vu.cs.s2group.nappa.Nappa$CustomInterceptor.intercept(Nappa.java:875)
08-06 02:23:42.089 27772  7656 W System.err: 	at okhttp3.internal.http.RealInterceptorChain.proceed(RealInterceptorChain.java:142)
08-06 02:23:42.089 27772  7656 W System.err: 	at okhttp3.internal.http.RealInterceptorChain.proceed(RealInterceptorChain.java:117)
08-06 02:23:42.089 27772  7656 W System.err: 	at okhttp3.RealCall.getResponseWithInterceptorChain(RealCall.java:229)
08-06 02:23:42.089 27772  7656 W System.err: 	at okhttp3.RealCall.execute(RealCall.java:81)
08-06 02:23:42.089 27772  7656 W System.err: 	at nappatfpr.com.newsblur.network.APIResponse.<init>(APIResponse.java:57)
08-06 02:23:42.089 27772  7656 W System.err: 	at nappatfpr.com.newsblur.network.APIResponse.<init>(APIResponse.java:43)
08-06 02:23:42.089 27772  7656 W System.err: 	at nappatfpr.com.newsblur.network.APIManager.post_single(APIManager.java:703)
08-06 02:23:42.089 27772  7656 W System.err: 	at nappatfpr.com.newsblur.network.APIManager.post(APIManager.java:676)
08-06 02:23:42.089 27772  7656 W System.err: 	at nappatfpr.com.newsblur.network.APIManager.post(APIManager.java:715)
08-06 02:23:42.089 27772  7656 W System.err: 	at nappatfpr.com.newsblur.network.APIManager.markStoryAsRead(APIManager.java:206)
08-06 02:23:42.089 27772  7656 W System.err: 	at nappatfpr.com.newsblur.util.ReadingAction.doRemote(ReadingAction.java:281)
08-06 02:23:42.089 27772  7656 W System.err: 	at nappatfpr.com.newsblur.service.NBSyncService.syncActions(NBSyncService.java:400)
08-06 02:23:42.090 27772  7656 W System.err: 	at nappatfpr.com.newsblur.service.NBSyncService.doSync(NBSyncService.java:298)
08-06 02:23:42.090 27772  7656 W System.err: 	at nappatfpr.com.newsblur.service.NBSyncService.access$100(NBSyncService.java:67)
08-06 02:23:42.090 27772  7656 W System.err: 	at nappatfpr.com.newsblur.service.NBSyncService$1.run(NBSyncService.java:188)
08-06 02:23:42.090 27772  7656 W System.err: 	at java.util.concurrent.ThreadPoolExecutor.runWorker(ThreadPoolExecutor.java:1113)
08-06 02:23:42.090 27772  7656 W System.err: 	at java.util.concurrent.ThreadPoolExecutor$Worker.run(ThreadPoolExecutor.java:588)
08-06 02:23:42.090 27772  7656 W System.err: 	at java.lang.Thread.run(Thread.java:818)
08-06 02:23:42.091 27772  7656 W System.err: Caused by: java.io.EOFException: \n not found: limit=0 content=
08-06 02:23:42.091 27772  7656 W System.err: 	at okio.RealBufferedSource.readUtf8LineStrict(RealBufferedSource.java:240)
08-06 02:23:42.092 27772  7656 W System.err: 	at okhttp3.internal.http1.Http1ExchangeCodec.readHeaderLine(Http1ExchangeCodec.java:242)
08-06 02:23:42.092 27772  7656 W System.err: 	at okhttp3.internal.http1.Http1ExchangeCodec.readResponseHeaders(Http1ExchangeCodec.java:213)
08-06 02:23:42.092 27772  7656 W System.err: 	... 33 more
08-06 02:23:42.092 27772  7656 D CustomInterceptor: interceptor_finished : return_type #4 : interceptor failed, resuming the request chain with the original request
08-06 02:23:42.127 27772 27783 I art     : Explicit concurrent mark sweep GC freed 743(58KB) AllocSpace objects, 0(0B) LOS objects, 30% free, 36MB/52MB, paused 1.527ms total 43.105ms
08-06 02:23:42.484 27772 27784 I art     : Starting a blocking GC Explicit
08-06 02:23:42.494 27772  7656 E nappatfpr.com.newsblur.network.APIResponse: Error (unexpected end of stream on https://www.newsblur.com/...) calling https://www.newsblur.com/reader/mark_story_hashes_as_read/
08-06 02:23:42.494 27772  7656 E nappatfpr.com.newsblur.network.APIResponse: java.io.IOException: unexpected end of stream on https://www.newsblur.com/...
08-06 02:23:42.494 27772  7656 E nappatfpr.com.newsblur.network.APIResponse: 	at okhttp3.internal.http1.Http1ExchangeCodec.readResponseHeaders(Http1ExchangeCodec.java:236)
08-06 02:23:42.494 27772  7656 E nappatfpr.com.newsblur.network.APIResponse: 	at okhttp3.internal.connection.Exchange.readResponseHeaders(Exchange.java:115)
08-06 02:23:42.494 27772  7656 E nappatfpr.com.newsblur.network.APIResponse: 	at okhttp3.internal.http.CallServerInterceptor.intercept(CallServerInterceptor.java:94)
08-06 02:23:42.494 27772  7656 E nappatfpr.com.newsblur.network.APIResponse: 	at okhttp3.internal.http.RealInterceptorChain.proceed(RealInterceptorChain.java:142)
08-06 02:23:42.494 27772  7656 E nappatfpr.com.newsblur.network.APIResponse: 	at okhttp3.internal.connection.ConnectInterceptor.intercept(ConnectInterceptor.java:43)
08-06 02:23:42.494 27772  7656 E nappatfpr.com.newsblur.network.APIResponse: 	at okhttp3.internal.http.RealInterceptorChain.proceed(RealInterceptorChain.java:142)
08-06 02:23:42.494 27772  7656 E nappatfpr.com.newsblur.network.APIResponse: 	at okhttp3.internal.http.RealInterceptorChain.proceed(RealInterceptorChain.java:117)
08-06 02:23:42.494 27772  7656 E nappatfpr.com.newsblur.network.APIResponse: 	at okhttp3.internal.cache.CacheInterceptor.intercept(CacheInterceptor.java:94)
08-06 02:23:42.494 27772  7656 E nappatfpr.com.newsblur.network.APIResponse: 	at okhttp3.internal.http.RealInterceptorChain.proceed(RealInterceptorChain.java:142)
08-06 02:23:42.494 27772  7656 E nappatfpr.com.newsblur.network.APIResponse: 	at okhttp3.internal.http.RealInterceptorChain.proceed(RealInterceptorChain.java:117)
08-06 02:23:42.494 27772  7656 E nappatfpr.com.newsblur.network.APIResponse: 	at okhttp3.internal.http.BridgeInterceptor.intercept(BridgeInterceptor.java:93)
08-06 02:23:42.494 27772  7656 E nappatfpr.com.newsblur.network.APIResponse: 	at okhttp3.internal.http.RealInterceptorChain.proceed(RealInterceptorChain.java:142)
08-06 02:23:42.494 27772  7656 E nappatfpr.com.newsblur.network.APIResponse: 	at okhttp3.internal.http.RetryAndFollowUpInterceptor.intercept(RetryAndFollowUpInterceptor.java:88)
08-06 02:23:42.494 27772  7656 E nappatfpr.com.newsblur.network.APIResponse: 	at okhttp3.internal.http.RealInterceptorChain.proceed(RealInterceptorChain.java:142)
08-06 02:23:42.494 27772  7656 E nappatfpr.com.newsblur.network.APIResponse: 	at okhttp3.internal.http.RealInterceptorChain.proceed(RealInterceptorChain.java:117)
08-06 02:23:42.494 27772  7656 E nappatfpr.com.newsblur.network.APIResponse: 	at nl.vu.cs.s2group.nappa.Nappa$CustomInterceptor.intercept(Nappa.java:970)
08-06 02:23:42.494 27772  7656 E nappatfpr.com.newsblur.network.APIResponse: 	at okhttp3.internal.http.RealInterceptorChain.proceed(RealInterceptorChain.java:142)
08-06 02:23:42.494 27772  7656 E nappatfpr.com.newsblur.network.APIResponse: 	at okhttp3.internal.http.RealInterceptorChain.proceed(RealInterceptorChain.java:117)
08-06 02:23:42.494 27772  7656 E nappatfpr.com.newsblur.network.APIResponse: 	at okhttp3.RealCall.getResponseWithInterceptorChain(RealCall.java:229)
08-06 02:23:42.494 27772  7656 E nappatfpr.com.newsblur.network.APIResponse: 	at okhttp3.RealCall.execute(RealCall.java:81)
08-06 02:23:42.494 27772  7656 E nappatfpr.com.newsblur.network.APIResponse: 	at nappatfpr.com.newsblur.network.APIResponse.<init>(APIResponse.java:57)
08-06 02:23:42.494 27772  7656 E nappatfpr.com.newsblur.network.APIResponse: 	at nappatfpr.com.newsblur.network.APIResponse.<init>(APIResponse.java:43)
08-06 02:23:42.494 27772  7656 E nappatfpr.com.newsblur.network.APIResponse: 	at nappatfpr.com.newsblur.network.APIManager.post_single(APIManager.java:703)
08-06 02:23:42.494 27772  7656 E nappatfpr.com.newsblur.network.APIResponse: 	at nappatfpr.com.newsblur.network.APIManager.post(APIManager.java:676)
08-06 02:23:42.494 27772  7656 E nappatfpr.com.newsblur.network.APIResponse: 	at nappatfpr.com.newsblur.network.APIManager.post(APIManager.java:715)
08-06 02:23:42.494 27772  7656 E nappatfpr.com.newsblur.network.APIResponse: 	at nappatfpr.com.newsblur.network.APIManager.markStoryAsRead(APIManager.java:206)
08-06 02:23:42.494 27772  7656 E nappatfpr.com.newsblur.network.APIResponse: 	at nappatfpr.com.newsblur.util.ReadingAction.doRemote(ReadingAction.java:281)
08-06 02:23:42.494 27772  7656 E nappatfpr.com.newsblur.network.APIResponse: 	at nappatfpr.com.newsblur.service.NBSyncService.syncActions(NBSyncService.java:400)
08-06 02:23:42.494 27772  7656 E nappatfpr.com.newsblur.network.APIResponse: 	at nappatfpr.com.newsblur.service.NBSyncService.doSync(NBSyncService.java:298)
08-06 02:23:42.494 27772  7656 E nappatfpr.com.newsblur.network.APIResponse: 	at nappatfpr.com.newsblur.service.NBSyncService.access$100(NBSyncService.java:67)
08-06 02:23:42.494 27772  7656 E nappatfpr.com.newsblur.network.APIResponse: 	at nappatfpr.com.newsblur.service.NBSyncService$1.run(NBSyncService.java:188)
08-06 02:23:42.494 27772  7656 E nappatfpr.com.newsblur.network.APIResponse: 	at java.util.concurrent.ThreadPoolExecutor.runWorker(ThreadPoolExecutor.java:1113)
08-06 02:23:42.494 27772  7656 E nappatfpr.com.newsblur.network.APIResponse: 	at java.util.concurrent.ThreadPoolExecutor$Worker.run(ThreadPoolExecutor.java:588)
08-06 02:23:42.494 27772  7656 E nappatfpr.com.newsblur.network.APIResponse: 	at java.lang.Thread.run(Thread.java:818)
08-06 02:23:42.494 27772  7656 E nappatfpr.com.newsblur.network.APIResponse: Caused by: java.io.EOFException: \n not found: limit=0 content=
08-06 02:23:42.494 27772  7656 E nappatfpr.com.newsblur.network.APIResponse: 	at okio.RealBufferedSource.readUtf8LineStrict(RealBufferedSource.java:240)
08-06 02:23:42.494 27772  7656 E nappatfpr.com.newsblur.network.APIResponse: 	at okhttp3.internal.http1.Http1ExchangeCodec.readHeaderLine(Http1ExchangeCodec.java:242)
08-06 02:23:42.494 27772  7656 E nappatfpr.com.newsblur.network.APIResponse: 	at okhttp3.internal.http1.Http1ExchangeCodec.readResponseHeaders(Http1ExchangeCodec.java:213)
08-06 02:23:42.494 27772  7656 E nappatfpr.com.newsblur.network.APIResponse: 	... 33 more
08-06 02:23:42.495 27772  7656 I nappatfpr.com.newsblur.service.NBSyncService: Holding reading action with server-side or network error.
08-06 02:23:42.505 27772  7656 W nappatfpr.com.newsblur.service.NBSyncService: hard API failure
08-06 02:23:42.509 27772  7656 D CustomInterceptor: NETWORK-PROVIDER https://www.newsblur.com/reader/mark_story_hashes_as_read/
08-06 02:23:42.509 27772  7656 D CustomInterceptor: HEADER REQUEST
08-06 02:23:42.509 27772  7656 D CustomInterceptor: Cache-Control max-age=300, max-stale=300
08-06 02:23:42.509 27772  7656 D CustomInterceptor: Cookie newsblur_sessionid=qlbd3ilzka7q9q07v2htr96j75kh6za7; Domain=.newsblur.com; expires=Fri, 05 Aug 2022 20:40:09 GMT; Max-Age=63072000; Path=/
08-06 02:23:42.509 27772  7656 D CustomInterceptor: CACHED STATS: size = '9', maxSize = '100', hitCount = '9', createCount = '0', putCount = '9', evictionCount = '0', missCount = '26', toString = 'LruCache[maxSize=100,hits=9,misses=26,hitRate=25%]', 
08-06 02:23:42.510 27772  7656 D CustomInterceptor: PREFLIB NOT A GET REQUEST OR NOT IN CACHEPOST
08-06 02:23:42.530 27772 27784 I art     : Explicit concurrent mark sweep GC freed 4614(428KB) AllocSpace objects, 5(100KB) LOS objects, 30% free, 36MB/52MB, paused 1.615ms total 46.221ms
08-06 02:23:42.544 27772 27784 I art     : Starting a blocking GC Explicit
08-06 02:23:42.586 27772 27784 I art     : Explicit concurrent mark sweep GC freed 314(25KB) AllocSpace objects, 0(0B) LOS objects, 30% free, 36MB/52MB, paused 1.481ms total 41.515ms
08-06 02:23:42.599 27772 27784 I art     : Starting a blocking GC Explicit
08-06 02:23:42.643 27772 27784 I art     : Explicit concurrent mark sweep GC freed 33(1088B) AllocSpace objects, 0(0B) LOS objects, 30% free, 36MB/52MB, paused 1.621ms total 44.220ms
08-06 02:23:42.657 27772 27784 I art     : Starting a blocking GC Explicit
08-06 02:23:42.703 27772 27784 I art     : Explicit concurrent mark sweep GC freed 9(288B) AllocSpace objects, 0(0B) LOS objects, 30% free, 36MB/52MB, paused 2.859ms total 46.167ms
08-06 02:23:42.717 27772 27784 I art     : Starting a blocking GC Explicit
08-06 02:23:42.764 27772 27784 I art     : Explicit concurrent mark sweep GC freed 11(352B) AllocSpace objects, 0(0B) LOS objects, 30% free, 36MB/52MB, paused 1.554ms total 46.185ms
08-06 02:23:42.891  7810  7810 D AndroidRuntime: >>>>>> START com.android.internal.os.RuntimeInit uid 2000 <<<<<<
08-06 02:23:42.897  7810  7810 D AndroidRuntime: CheckJNI is OFF
08-06 02:23:42.915 27772  7656 D CustomInterceptor: Interceptor exiting with exception java.io.IOException: unexpected end of stream on https://www.newsblur.com/...
08-06 02:23:42.916 27772  7656 W System.err: java.io.IOException: unexpected end of stream on https://www.newsblur.com/...
08-06 02:23:42.916 27772  7656 W System.err: 	at okhttp3.internal.http1.Http1ExchangeCodec.readResponseHeaders(Http1ExchangeCodec.java:236)
08-06 02:23:42.916 27772  7656 W System.err: 	at okhttp3.internal.connection.Exchange.readResponseHeaders(Exchange.java:115)
08-06 02:23:42.916 27772  7656 W System.err: 	at okhttp3.internal.http.CallServerInterceptor.intercept(CallServerInterceptor.java:94)
08-06 02:23:42.917 27772  7656 W System.err: 	at okhttp3.internal.http.RealInterceptorChain.proceed(RealInterceptorChain.java:142)
08-06 02:23:42.917 27772  7656 W System.err: 	at okhttp3.internal.connection.ConnectInterceptor.intercept(ConnectInterceptor.java:43)
08-06 02:23:42.917 27772  7656 W System.err: 	at okhttp3.internal.http.RealInterceptorChain.proceed(RealInterceptorChain.java:142)
08-06 02:23:42.917 27772  7656 W System.err: 	at okhttp3.internal.http.RealInterceptorChain.proceed(RealInterceptorChain.java:117)
08-06 02:23:42.917 27772  7656 W System.err: 	at okhttp3.internal.cache.CacheInterceptor.intercept(CacheInterceptor.java:94)
08-06 02:23:42.917 27772  7656 W System.err: 	at okhttp3.internal.http.RealInterceptorChain.proceed(RealInterceptorChain.java:142)
08-06 02:23:42.917 27772  7656 W System.err: 	at okhttp3.internal.http.RealInterceptorChain.proceed(RealInterceptorChain.java:117)
08-06 02:23:42.917 27772  7656 W System.err: 	at okhttp3.internal.http.BridgeInterceptor.intercept(BridgeInterceptor.java:93)
08-06 02:23:42.917 27772  7656 W System.err: 	at okhttp3.internal.http.RealInterceptorChain.proceed(RealInterceptorChain.java:142)
08-06 02:23:42.917 27772  7656 W System.err: 	at okhttp3.internal.http.RetryAndFollowUpInterceptor.intercept(RetryAndFollowUpInterceptor.java:88)
08-06 02:23:42.917 27772  7656 W System.err: 	at okhttp3.internal.http.RealInterceptorChain.proceed(RealInterceptorChain.java:142)
08-06 02:23:42.917 27772  7656 W System.err: 	at okhttp3.internal.http.RealInterceptorChain.proceed(RealInterceptorChain.java:117)
08-06 02:23:42.918 27772  7656 W System.err: 	at nl.vu.cs.s2group.nappa.Nappa$CustomInterceptor.intercept(Nappa.java:875)
08-06 02:23:42.918 27772  7656 W System.err: 	at okhttp3.internal.http.RealInterceptorChain.proceed(RealInterceptorChain.java:142)
08-06 02:23:42.918 27772  7656 W System.err: 	at okhttp3.internal.http.RealInterceptorChain.proceed(RealInterceptorChain.java:117)
08-06 02:23:42.918 27772  7656 W System.err: 	at okhttp3.RealCall.getResponseWithInterceptorChain(RealCall.java:229)
08-06 02:23:42.918 27772  7656 W System.err: 	at okhttp3.RealCall.execute(RealCall.java:81)
08-06 02:23:42.918 27772  7656 W System.err: 	at nappatfpr.com.newsblur.network.APIResponse.<init>(APIResponse.java:57)
08-06 02:23:42.918 27772  7656 W System.err: 	at nappatfpr.com.newsblur.network.APIResponse.<init>(APIResponse.java:43)
08-06 02:23:42.918 27772  7656 W System.err: 	at nappatfpr.com.newsblur.network.APIManager.post_single(APIManager.java:703)
08-06 02:23:42.919 27772  7656 W System.err: 	at nappatfpr.com.newsblur.network.APIManager.post(APIManager.java:676)
08-06 02:23:42.919 27772  7656 W System.err: 	at nappatfpr.com.newsblur.network.APIManager.post(APIManager.java:715)
08-06 02:23:42.919 27772  7656 W System.err: 	at nappatfpr.com.newsblur.network.APIManager.markStoryAsRead(APIManager.java:206)
08-06 02:23:42.919 27772  7656 W System.err: 	at nappatfpr.com.newsblur.util.ReadingAction.doRemote(ReadingAction.java:281)
08-06 02:23:42.919 27772  7656 W System.err: 	at nappatfpr.com.newsblur.service.NBSyncService.syncActions(NBSyncService.java:400)
08-06 02:23:42.919 27772  7656 W System.err: 	at nappatfpr.com.newsblur.service.NBSyncService.doSync(NBSyncService.java:298)
08-06 02:23:42.919 27772  7656 W System.err: 	at nappatfpr.com.newsblur.service.NBSyncService.access$100(NBSyncService.java:67)
08-06 02:23:42.919 27772  7656 W System.err: 	at nappatfpr.com.newsblur.service.NBSyncService$1.run(NBSyncService.java:188)
08-06 02:23:42.919 27772  7656 W System.err: 	at java.util.concurrent.ThreadPoolExecutor.runWorker(ThreadPoolExecutor.java:1113)
08-06 02:23:42.919 27772  7656 W System.err: 	at java.util.concurrent.ThreadPoolExecutor$Worker.run(ThreadPoolExecutor.java:588)
08-06 02:23:42.919 27772  7656 W System.err: 	at java.lang.Thread.run(Thread.java:818)
08-06 02:23:42.919 27772  7656 W System.err: Caused by: java.io.EOFException: \n not found: limit=0 content=
08-06 02:23:42.920 27772  7656 W System.err: 	at okio.RealBufferedSource.readUtf8LineStrict(RealBufferedSource.java:240)
08-06 02:23:42.920 27772  7656 W System.err: 	at okhttp3.internal.http1.Http1ExchangeCodec.readHeaderLine(Http1ExchangeCodec.java:242)
08-06 02:23:42.920 27772  7656 W System.err: 	at okhttp3.internal.http1.Http1ExchangeCodec.readResponseHeaders(Http1ExchangeCodec.java:213)
08-06 02:23:42.920 27772  7656 W System.err: 	... 33 more
08-06 02:23:42.920 27772  7656 D CustomInterceptor: interceptor_finished : return_type #4 : interceptor failed, resuming the request chain with the original request
08-06 02:23:42.937  7810  7810 D ICU     : No timezone override file found: /data/misc/zoneinfo/current/icu/icu_tzdata.dat
08-06 02:23:42.978  7810  7810 I Radio-JNI: register_android_hardware_Radio DONE
08-06 02:23:43.006  7810  7810 D AndroidRuntime: Calling main entry com.android.commands.input.Input
08-06 02:23:43.008  7810  7810 I Input   : injectMotionEvent: MotionEvent { action=ACTION_DOWN, actionButton=0, id[0]=0, x[0]=594.0, y[0]=330.0, toolType[0]=TOOL_TYPE_UNKNOWN, buttonState=0, metaState=0, flags=0x0, edgeFlags=0x0, pointerCount=1, historySize=0, eventTime=843839421, downTime=843839421, deviceId=0, source=0x1002 }
08-06 02:23:43.013  7810  7810 I Input   : injectMotionEvent: MotionEvent { action=ACTION_UP, actionButton=0, id[0]=0, x[0]=594.0, y[0]=330.0, toolType[0]=TOOL_TYPE_UNKNOWN, buttonState=0, metaState=0, flags=0x0, edgeFlags=0x0, pointerCount=1, historySize=0, eventTime=843839421, downTime=843839421, deviceId=0, source=0x1002 }
08-06 02:23:43.015  7810  7810 D AndroidRuntime: Shutting down VM
08-06 02:23:43.079 27772 27772 D NappaIntentExtras: ==================
08-06 02:23:43.079 27772  6797 D Nappa   : PREFETCH_ON_EXTRA - notifyExtras- start
08-06 02:23:43.079 27772 27772 D NappaIntentExtras: Log #4
08-06 02:23:43.079 27772 27772 D NappaIntentExtras: ------------------
08-06 02:23:43.079 27772 27772 D NappaIntentExtras: activity nappatfpr.com.newsblur.activity.GlobalSharedStoriesReading
08-06 02:23:43.080 27772 27772 D NappaIntentExtras: 	- No extras registered
08-06 02:23:43.080 27772 27772 D NappaIntentExtras: activity nappatfpr.com.newsblur.activity.AllSharedStoriesItemsList
08-06 02:23:43.080 27772 27772 D NappaIntentExtras: 	- No extras registered
08-06 02:23:43.080 27772 27772 D NappaIntentExtras: activity nappatfpr.com.newsblur.activity.AllSharedStoriesReading
08-06 02:23:43.080 27772 27772 D NappaIntentExtras: 	- No extras registered
08-06 02:23:43.080 27772 27772 D NappaIntentExtras: activity nappatfpr.com.newsblur.activity.GlobalSharedStoriesItemsList
08-06 02:23:43.080 27772 27772 D NappaIntentExtras: 	- 2 extras registered
08-06 02:23:43.080 27772 27772 D NappaIntentExtras: 	- story_hash : 0:d567e6
08-06 02:23:43.080 27772 27772 D NappaIntentExtras: 	- feed_set : nappatfpr.com.newsblur.util.FeedSet@e
08-06 02:23:43.080 27772 27772 D NappaIntentExtras: activity nappatfpr.com.newsblur.activity.Main
08-06 02:23:43.080 27772 27772 D NappaIntentExtras: 	- 1 extras registered
08-06 02:23:43.080 27772 27772 D NappaIntentExtras: 	- feed_set : nappatfpr.com.newsblur.util.FeedSet@e
08-06 02:23:43.080 27772 27772 D NappaIntentExtras: ==================
08-06 02:23:43.081 27772  6797 I NAPPA_EXPERIMENTATION: MetricNappaPrefetchingStrategyExecutionTime: STRATEGY_CLASS='TfprPrefetchingStrategy',DURATION='1122969',NUMBER_OF_URLS='0',NUMBER_OF_SELECTED_CHILDREN_NODES='2',NUMBER_OF_CHILDREN_NODES='2',STRATEGY_RUN_SUCCESSFULLY='True',
08-06 02:23:43.081 27772  6797 D TfprPrefetchingStrategy: ==================================
08-06 02:23:43.081 27772  6797 D TfprPrefetchingStrategy: Starting Run #7
08-06 02:23:43.081 27772  6797 D TfprPrefetchingStrategy: ----------------------------------
08-06 02:23:43.081 27772  6797 D TfprPrefetchingStrategy: Node data Main 
08-06 02:23:43.081 27772  6797 D TfprPrefetchingStrategy: 	Successors:
08-06 02:23:43.081 27772  6797 D TfprPrefetchingStrategy: 		GlobalSharedStoriesItemsList (1 hits)
08-06 02:23:43.081 27772  6797 D TfprPrefetchingStrategy: 		AllSharedStoriesItemsList (0 hits)
08-06 02:23:43.081 27772  6797 D TfprPrefetchingStrategy: 	Ancestors:
08-06 02:23:43.081 27772  6797 D TfprPrefetchingStrategy: 
08-06 02:23:43.081 27772  6797 D TfprPrefetchingStrategy: 
08-06 02:23:43.081 27772  6797 D TfprPrefetchingStrategy: MetricStrategyAccuracy inc execution count7 | act = false; extra = true
08-06 02:23:43.081 27772  6797 D TfprPrefetchingStrategy: ===
08-06 02:23:43.081 27772  6797 D TfprPrefetchingStrategy: calculateVisitTimeScores
08-06 02:23:43.081 27772  6797 D TfprPrefetchingStrategy: -------- Node GlobalSharedStoriesItemsList-----------
08-06 02:23:43.081 27772  6797 D TfprPrefetchingStrategy: tfprNode.aggregateVisitTime = 64629
08-06 02:23:43.081 27772  6797 D TfprPrefetchingStrategy: tfprNode.totalAggregateVisitTimeFromSuccessors = 60411
08-06 02:23:43.081 27772  6797 D TfprPrefetchingStrategy: tfprNode.aggregateVisitTimeFromSuccessors = {nappatfpr.com.newsblur.activity.GlobalSharedStoriesReading=60411}
08-06 02:23:43.081 27772  6797 D TfprPrefetchingStrategy: -------- Node Main-----------
08-06 02:23:43.081 27772  6797 D TfprPrefetchingStrategy: tfprNode.aggregateVisitTime = 27768
08-06 02:23:43.081 27772  6797 D TfprPrefetchingStrategy: tfprNode.totalAggregateVisitTimeFromSuccessors = 93495
08-06 02:23:43.081 27772  6797 D TfprPrefetchingStrategy: tfprNode.aggregateVisitTimeFromSuccessors = {nappatfpr.com.newsblur.activity.GlobalSharedStoriesItemsList=51515, nappatfpr.com.newsblur.activity.AllSharedStoriesItemsList=41980}
08-06 02:23:43.081 27772  6797 D TfprPrefetchingStrategy: -------- Node AllSharedStoriesItemsList-----------
08-06 02:23:43.081 27772  6797 D TfprPrefetchingStrategy: tfprNode.aggregateVisitTime = 52099
08-06 02:23:43.081 27772  6797 D TfprPrefetchingStrategy: tfprNode.totalAggregateVisitTimeFromSuccessors = 42759
08-06 02:23:43.082 27772  6797 D TfprPrefetchingStrategy: tfprNode.aggregateVisitTimeFromSuccessors = {nappatfpr.com.newsblur.activity.AllSharedStoriesReading=42759}
08-06 02:23:43.082 27772  6797 D TfprPrefetchingStrategy: -------- Graph -----------
08-06 02:23:43.082 27772  6797 D TfprPrefetchingStrategy: tfprGraph.aggregateVisitTimeFromSuccessors = 144496
08-06 02:23:43.082 27772  6797 D TfprPrefetchingStrategy: ===
08-06 02:23:43.082 27772  6797 D TfprPrefetchingStrategy: ===
08-06 02:23:43.082 27772  6797 D TfprPrefetchingStrategy: runTfprAlgorithm
08-06 02:23:43.082 27772  6797 D TfprPrefetchingStrategy: ------------- TFPR calculation #1 of 10 -----------
08-06 02:23:43.082 27772  6797 D TfprPrefetchingStrategy: node GlobalSharedStoriesItemsList score = 0.38018113
08-06 02:23:43.082 27772  6797 D TfprPrefetchingStrategy: node Main score = 0.16334571
08-06 02:23:43.082 27772  6797 D TfprPrefetchingStrategy: node AllSharedStoriesItemsList score = 0.31747472
08-06 02:23:43.082 27772  6797 D TfprPrefetchingStrategy: ------------- TFPR calculation #2 of 10 -----------
08-06 02:23:43.082 27772  6797 D TfprPrefetchingStrategy: node GlobalSharedStoriesItemsList score = 0.39368147
08-06 02:23:43.082 27772  6797 D TfprPrefetchingStrategy: node Main score = 0.16334571
08-06 02:23:43.082 27772  6797 D TfprPrefetchingStrategy: node AllSharedStoriesItemsList score = 0.31747472
08-06 02:23:43.082 27772  6797 D TfprPrefetchingStrategy: ------------- TFPR calculation #3 of 10 -----------
08-06 02:23:43.082 27772  6797 D TfprPrefetchingStrategy: node GlobalSharedStoriesItemsList score = 0.39368147
08-06 02:23:43.082 27772  6797 D TfprPrefetchingStrategy: node Main score = 0.16334571
08-06 02:23:43.082 27772  6797 D TfprPrefetchingStrategy: node AllSharedStoriesItemsList score = 0.31747472
08-06 02:23:43.082 27772  6797 D TfprPrefetchingStrategy: ------------- TFPR calculation #4 of 10 -----------
08-06 02:23:43.082 27772  6797 D TfprPrefetchingStrategy: node GlobalSharedStoriesItemsList score = 0.39368147
08-06 02:23:43.082 27772  6797 D TfprPrefetchingStrategy: node Main score = 0.16334571
08-06 02:23:43.082 27772  6797 D TfprPrefetchingStrategy: node AllSharedStoriesItemsList score = 0.31747472
08-06 02:23:43.082 27772  6797 D TfprPrefetchingStrategy: ------------- TFPR calculation #5 of 10 -----------
08-06 02:23:43.083 27772  6797 D TfprPrefetchingStrategy: node GlobalSharedStoriesItemsList score = 0.39368147
08-06 02:23:43.083 27772  6797 D TfprPrefetchingStrategy: node Main score = 0.16334571
08-06 02:23:43.083 27772  6797 D TfprPrefetchingStrategy: node AllSharedStoriesItemsList score = 0.31747472
08-06 02:23:43.083 27772  6797 D TfprPrefetchingStrategy: ------------- TFPR calculation #6 of 10 -----------
08-06 02:23:43.083 27772  6797 D TfprPrefetchingStrategy: node GlobalSharedStoriesItemsList score = 0.39368147
08-06 02:23:43.083 27772  6797 D TfprPrefetchingStrategy: node Main score = 0.16334571
08-06 02:23:43.083 27772  6797 D TfprPrefetchingStrategy: node AllSharedStoriesItemsList score = 0.31747472
08-06 02:23:43.083 27772  6797 D TfprPrefetchingStrategy: ------------- TFPR calculation #7 of 10 -----------
08-06 02:23:43.083 27772  6797 D TfprPrefetchingStrategy: node GlobalSharedStoriesItemsList score = 0.39368147
08-06 02:23:43.083 27772  6797 D TfprPrefetchingStrategy: node Main score = 0.16334571
08-06 02:23:43.083 27772  6797 D TfprPrefetchingStrategy: node AllSharedStoriesItemsList score = 0.31747472
08-06 02:23:43.083 27772  6797 D TfprPrefetchingStrategy: ------------- TFPR calculation #8 of 10 -----------
08-06 02:23:43.083   918  3670 I ActivityManager: START u0 {cmp=nappatfpr.com.newsblur/.activity.GlobalSharedStoriesItemsList (has extras)} from uid 10704 on display 0
08-06 02:23:43.083 27772  6797 D TfprPrefetchingStrategy: node GlobalSharedStoriesItemsList score = 0.39368147
08-06 02:23:43.083 27772  6797 D TfprPrefetchingStrategy: node Main score = 0.16334571
08-06 02:23:43.083 27772  6797 D TfprPrefetchingStrategy: node AllSharedStoriesItemsList score = 0.31747472
08-06 02:23:43.083 27772  6797 D TfprPrefetchingStrategy: ------------- TFPR calculation #9 of 10 -----------
08-06 02:23:43.083 27772  6797 D TfprPrefetchingStrategy: node GlobalSharedStoriesItemsList score = 0.39368147
08-06 02:23:43.083 27772  6797 D TfprPrefetchingStrategy: node Main score = 0.16334571
08-06 02:23:43.083 27772  6797 D TfprPrefetchingStrategy: node AllSharedStoriesItemsList score = 0.31747472
08-06 02:23:43.083 27772  6797 D TfprPrefetchingStrategy: ------------- TFPR calculation #10 of 10 -----------
08-06 02:23:43.083 27772  6797 D TfprPrefetchingStrategy: node GlobalSharedStoriesItemsList score = 0.39368147
08-06 02:23:43.083 27772  6797 D TfprPrefetchingStrategy: node Main score = 0.16334571
08-06 02:23:43.084 27772  6797 D TfprPrefetchingStrategy: node AllSharedStoriesItemsList score = 0.31747472
08-06 02:23:43.084 27772  6797 D TfprPrefetchingStrategy: ===
08-06 02:23:43.084 27772  6797 D TfprPrefetchingStrategy: ===
08-06 02:23:43.084 27772  6797 D TfprPrefetchingStrategy: getSuccessorListSortByTfprScore
08-06 02:23:43.084 27772  6797 D TfprPrefetchingStrategy: Successors before the sort [TfprNode{GlobalSharedStoriesItemsList : TFPR = 0.39368147}, TfprNode{AllSharedStoriesItemsList : TFPR = 0.31747472}]
08-06 02:23:43.084 27772  6797 D TfprPrefetchingStrategy: Successors sorted by highest to lowest score (N2 - N1 comparator) are [TfprNode{GlobalSharedStoriesItemsList : TFPR = 0.39368147}, TfprNode{AllSharedStoriesItemsList : TFPR = 0.31747472}]
08-06 02:23:43.084 27772  6797 D TfprPrefetchingStrategy: Selected the following nodes:
08-06 02:23:43.084 27772  6797 D TfprPrefetchingStrategy: #1 - GlobalSharedStoriesItemsList with score 0.39368147
08-06 02:23:43.084 27772  6797 D TfprPrefetchingStrategy: #2 - AllSharedStoriesItemsList with score 0.31747472
08-06 02:23:43.084 27772  6797 D TfprPrefetchingStrategy: successors with high score = [GlobalSharedStoriesItemsList 
08-06 02:23:43.084 27772  6797 D TfprPrefetchingStrategy: 	Successors:
08-06 02:23:43.084 27772  6797 D TfprPrefetchingStrategy: 		GlobalSharedStoriesReading (2 hits)
08-06 02:23:43.084 27772  6797 D TfprPrefetchingStrategy: 	Ancestors:
08-06 02:23:43.084 27772  6797 D TfprPrefetchingStrategy: 		Main (0 hits)
08-06 02:23:43.084 27772  6797 D TfprPrefetchingStrategy: 
08-06 02:23:43.084 27772  6797 D TfprPrefetchingStrategy: , AllSharedStoriesItemsList 
08-06 02:23:43.084 27772  6797 D TfprPrefetchingStrategy: 	Successors:
08-06 02:23:43.084 27772  6797 D TfprPrefetchingStrategy: 		AllSharedStoriesReading (0 hits)
08-06 02:23:43.084 27772  6797 D TfprPrefetchingStrategy: 	Ancestors:
08-06 02:23:43.084 27772  6797 D TfprPrefetchingStrategy: 		Main (0 hits)
08-06 02:23:43.084 27772  6797 D TfprPrefetchingStrategy: 
08-06 02:23:43.084 27772  6797 D TfprPrefetchingStrategy: ]
08-06 02:23:43.084 27772  6797 D TfprPrefetchingStrategy: ===
08-06 02:23:43.084 27772  6797 D TfprPrefetchingStrategy: Selected node GlobalSharedStoriesItemsList containing the URLS []
08-06 02:23:43.084 27772  6797 D TfprPrefetchingStrategy: Selected node AllSharedStoriesItemsList containing the URLS []
08-06 02:23:43.084 27772  6797 D TfprPrefetchingStrategy: Next visited child will be [nappatfpr.com.newsblur.activity.GlobalSharedStoriesItemsList, nappatfpr.com.newsblur.activity.AllSharedStoriesItemsList]
08-06 02:23:43.084 27772  6797 D TfprPrefetchingStrategy: ==================================
08-06 02:23:43.084 27772  6797 D Nappa   : PREFETCH_ON_EXTRA - notifyExtras- end
08-06 02:23:43.084 27772  6797 D Nappa   : PREFSTRAT2 ADDING NEW ACTEXTRADATA
08-06 02:23:43.093 27772 27772 D NappaLifecycleObserver: nappatfpr.com.newsblur.activity.Main - onPause
08-06 02:23:43.093 27772 27772 D Nappa   : Stayed on nappatfpr.com.newsblur.activity.Main for 1719 ms
08-06 02:23:43.112 27772  7007 I nappatfpr.com.newsblur.database.BlurDatabaseHelper: reading session reset
08-06 02:23:43.122 27772 27784 I art     : Starting a blocking GC Explicit
08-06 02:23:43.167 27772 27784 I art     : Explicit concurrent mark sweep GC freed 7162(477KB) AllocSpace objects, 5(100KB) LOS objects, 30% free, 36MB/52MB, paused 1.655ms total 44.534ms
08-06 02:23:43.179 27772 27784 I art     : Starting a blocking GC Explicit
08-06 02:23:43.224 27772 27784 I art     : Explicit concurrent mark sweep GC freed 492(20KB) AllocSpace objects, 1(112KB) LOS objects, 30% free, 36MB/52MB, paused 1.560ms total 44.864ms
08-06 02:23:43.237 27772 27784 I art     : Starting a blocking GC Explicit
08-06 02:23:43.251 27772 27772 D NappaLifecycleObserver: nappatfpr.com.newsblur.activity.GlobalSharedStoriesItemsList - onResume
08-06 02:23:43.251 27772 27772 D Nappa   : setCurrentActivity - MetricStrategyAccuracy - 
08-06 02:23:43.251 27772 27772 D Nappa   : madePredictionFromActivity = false, 
08-06 02:23:43.251 27772 27772 D Nappa   : fromActivity = nappatfpr.com.newsblur.activity.Main, 
08-06 02:23:43.251 27772 27772 D Nappa   : predictedNextActivityFromActivity = [], 
08-06 02:23:43.251 27772 27772 D Nappa   : activity.getClass().getCanonicalName() = nappatfpr.com.newsblur.activity.GlobalSharedStoriesItemsList, 
08-06 02:23:43.252 27772 27772 D Nappa   : setCurrentActivity - MetricStrategyAccuracy - 
08-06 02:23:43.252 27772 27772 D Nappa   : madePredictionFromExtra = true, 
08-06 02:23:43.252 27772 27772 D Nappa   : fromActivity = nappatfpr.com.newsblur.activity.Main, 
08-06 02:23:43.252 27772 27772 D Nappa   : predictedNextActivityFromExtra = [nappatfpr.com.newsblur.activity.GlobalSharedStoriesItemsList, nappatfpr.com.newsblur.activity.AllSharedStoriesItemsList], 
08-06 02:23:43.252 27772 27772 D Nappa   : activity.getClass().getCanonicalName() = nappatfpr.com.newsblur.activity.GlobalSharedStoriesItemsList, 
08-06 02:23:43.252 27772 27772 D Nappa   : PREFETCH_ON_EXTRA - setCurrentActivity - logs - from activity - made prediction isfalse
08-06 02:23:43.282 27772 27784 I art     : Explicit concurrent mark sweep GC freed 2205(116KB) AllocSpace objects, 1(20KB) LOS objects, 30% free, 36MB/52MB, paused 1.748ms total 44.994ms
08-06 02:23:43.296 27772 27784 I art     : Starting a blocking GC Explicit
08-06 02:23:43.312 27772  7656 E nappatfpr.com.newsblur.network.APIResponse: Error (unexpected end of stream on https://www.newsblur.com/...) calling https://www.newsblur.com/reader/mark_story_hashes_as_read/
08-06 02:23:43.312 27772  7656 E nappatfpr.com.newsblur.network.APIResponse: java.io.IOException: unexpected end of stream on https://www.newsblur.com/...
08-06 02:23:43.312 27772  7656 E nappatfpr.com.newsblur.network.APIResponse: 	at okhttp3.internal.http1.Http1ExchangeCodec.readResponseHeaders(Http1ExchangeCodec.java:236)
08-06 02:23:43.312 27772  7656 E nappatfpr.com.newsblur.network.APIResponse: 	at okhttp3.internal.connection.Exchange.readResponseHeaders(Exchange.java:115)
08-06 02:23:43.312 27772  7656 E nappatfpr.com.newsblur.network.APIResponse: 	at okhttp3.internal.http.CallServerInterceptor.intercept(CallServerInterceptor.java:94)
08-06 02:23:43.312 27772  7656 E nappatfpr.com.newsblur.network.APIResponse: 	at okhttp3.internal.http.RealInterceptorChain.proceed(RealInterceptorChain.java:142)
08-06 02:23:43.312 27772  7656 E nappatfpr.com.newsblur.network.APIResponse: 	at okhttp3.internal.connection.ConnectInterceptor.intercept(ConnectInterceptor.java:43)
08-06 02:23:43.312 27772  7656 E nappatfpr.com.newsblur.network.APIResponse: 	at okhttp3.internal.http.RealInterceptorChain.proceed(RealInterceptorChain.java:142)
08-06 02:23:43.312 27772  7656 E nappatfpr.com.newsblur.network.APIResponse: 	at okhttp3.internal.http.RealInterceptorChain.proceed(RealInterceptorChain.java:117)
08-06 02:23:43.312 27772  7656 E nappatfpr.com.newsblur.network.APIResponse: 	at okhttp3.internal.cache.CacheInterceptor.intercept(CacheInterceptor.java:94)
08-06 02:23:43.312 27772  7656 E nappatfpr.com.newsblur.network.APIResponse: 	at okhttp3.internal.http.RealInterceptorChain.proceed(RealInterceptorChain.java:142)
08-06 02:23:43.312 27772  7656 E nappatfpr.com.newsblur.network.APIResponse: 	at okhttp3.internal.http.RealInterceptorChain.proceed(RealInterceptorChain.java:117)
08-06 02:23:43.312 27772  7656 E nappatfpr.com.newsblur.network.APIResponse: 	at okhttp3.internal.http.BridgeInterceptor.intercept(BridgeInterceptor.java:93)
08-06 02:23:43.312 27772  7656 E nappatfpr.com.newsblur.network.APIResponse: 	at okhttp3.internal.http.RealInterceptorChain.proceed(RealInterceptorChain.java:142)
08-06 02:23:43.312 27772  7656 E nappatfpr.com.newsblur.network.APIResponse: 	at okhttp3.internal.http.RetryAndFollowUpInterceptor.intercept(RetryAndFollowUpInterceptor.java:88)
08-06 02:23:43.312 27772  7656 E nappatfpr.com.newsblur.network.APIResponse: 	at okhttp3.internal.http.RealInterceptorChain.proceed(RealInterceptorChain.java:142)
08-06 02:23:43.312 27772  7656 E nappatfpr.com.newsblur.network.APIResponse: 	at okhttp3.internal.http.RealInterceptorChain.proceed(RealInterceptorChain.java:117)
08-06 02:23:43.312 27772  7656 E nappatfpr.com.newsblur.network.APIResponse: 	at nl.vu.cs.s2group.nappa.Nappa$CustomInterceptor.intercept(Nappa.java:970)
08-06 02:23:43.312 27772  7656 E nappatfpr.com.newsblur.network.APIResponse: 	at okhttp3.internal.http.RealInterceptorChain.proceed(RealInterceptorChain.java:142)
08-06 02:23:43.312 27772  7656 E nappatfpr.com.newsblur.network.APIResponse: 	at okhttp3.internal.http.RealInterceptorChain.proceed(RealInterceptorChain.java:117)
08-06 02:23:43.312 27772  7656 E nappatfpr.com.newsblur.network.APIResponse: 	at okhttp3.RealCall.getResponseWithInterceptorChain(RealCall.java:229)
08-06 02:23:43.312 27772  7656 E nappatfpr.com.newsblur.network.APIResponse: 	at okhttp3.RealCall.execute(RealCall.java:81)
08-06 02:23:43.312 27772  7656 E nappatfpr.com.newsblur.network.APIResponse: 	at nappatfpr.com.newsblur.network.APIResponse.<init>(APIResponse.java:57)
