08-06 13:15:52.693 10904  8103 D CustomInterceptor: Connection close
08-06 13:15:52.693 10904  8103 D CustomInterceptor: Content-Type application/json
08-06 13:15:52.693 10904  8103 D CustomInterceptor: Date Thu, 06 Aug 2020 11:15:48 GMT
08-06 13:15:52.693 10904  8103 D CustomInterceptor: Expires Thu, 06 Aug 2020 11:20:52 GMT+00:00
08-06 13:15:52.693 10904  8103 D CustomInterceptor: Server gunicorn/19.7.0
08-06 13:15:52.693 10904  8103 D CustomInterceptor: Strict-Transport-Security max-age=0; includeSubDomains
08-06 13:15:52.693 10904  8103 D CustomInterceptor: Transfer-Encoding chunked
08-06 13:15:52.694 10904  8103 D CustomInterceptor: Vary Cookie
08-06 13:15:52.694 10904  8103 D CustomInterceptor: X-Chief-Wiggum I hope this has taught you kids a lesson: kids never learn.
08-06 13:15:52.694 10904  8103 D CustomInterceptor: X-gunicorn-server app17
08-06 13:15:52.694 10904  8103 D CustomInterceptor: CACHEABLE true
08-06 13:15:52.694 10904  8103 D CustomInterceptor: REQ https://www.newsblur.com/reader/unread_story_hashes?include_timestamps=1
08-06 13:15:52.694 10904  8103 D CustomInterceptor: REQ_SERV_BY net
08-06 13:15:52.694 10904  8103 D CustomInterceptor: PREFLIB Adding response to lrucache - https://www.newsblur.com/reader/unread_story_hashes?include_timestamps=1
08-06 13:15:52.697 10904  8103 D CustomInterceptor: interceptor_finished : return_type #3 : request served from remote and added to cache
08-06 13:15:52.699 10904  8103 I NAPPA_EXPERIMENTATION: MetricNetworkRequestExecutionTime: REQUEST_DURATION_SYSTEM='504',REQUEST_DURATION_OKHTTP='0',REQUEST_SYNCHRONOUS='TRUE',RESPONSE_CODE='200',RESPONSE_METHOD='GET',RESPONSE_LENGTH_OKHTTP='90',RESPONSE_LENGTH_HEADER='-2',REQUEST_PROTOCOL='http/1.1',REQUEST_URL='https://www.newsblur.com/reader/unread_story_hashes?include_timestamps=1',
08-06 13:15:52.699 10904  8103 D MY_TAG  : 0, 504
08-06 13:15:52.711 10904  8103 I nappatfpr.com.newsblur.service.UnreadsService: starting unread count: 0
08-06 13:15:52.713 10904  8103 I nappatfpr.com.newsblur.service.UnreadsService: new unread count:      0
08-06 13:15:52.713 10904  8103 I nappatfpr.com.newsblur.service.UnreadsService: new unreads found:     0
08-06 13:15:52.714 10904  8103 I nappatfpr.com.newsblur.service.UnreadsService: unreads to retire:     0
08-06 13:15:52.931 10904 10917 I art     : Starting a blocking GC Explicit
08-06 13:15:52.950 10904 10917 I art     : Explicit concurrent mark sweep GC freed 5607(519KB) AllocSpace objects, 17(340KB) LOS objects, 37% free, 26MB/42MB, paused 296us total 18.223ms
08-06 13:15:52.960 10904 10917 I art     : Starting a blocking GC Explicit
08-06 13:15:52.976 10904 10917 I art     : Explicit concurrent mark sweep GC freed 311(13KB) AllocSpace objects, 0(0B) LOS objects, 37% free, 26MB/42MB, paused 224us total 15.209ms
08-06 13:15:52.982 10904 10917 I art     : Starting a blocking GC Explicit
08-06 13:15:52.995 10904 10917 I art     : Explicit concurrent mark sweep GC freed 3(96B) AllocSpace objects, 0(0B) LOS objects, 37% free, 26MB/42MB, paused 227us total 12.872ms
08-06 13:15:53.002 10904 10917 I art     : Starting a blocking GC Explicit
08-06 13:15:53.014 10904 10917 I art     : Explicit concurrent mark sweep GC freed 3(96B) AllocSpace objects, 0(0B) LOS objects, 37% free, 26MB/42MB, paused 209us total 12.457ms
08-06 13:15:53.020 10904 10917 I art     : Starting a blocking GC Explicit
08-06 13:15:53.033 10904 10917 I art     : Explicit concurrent mark sweep GC freed 3(96B) AllocSpace objects, 0(0B) LOS objects, 37% free, 26MB/42MB, paused 226us total 12.326ms
08-06 13:15:53.323 10904 10917 I art     : Starting a blocking GC Explicit
08-06 13:15:53.342 10904 10917 I art     : Explicit concurrent mark sweep GC freed 2364(124KB) AllocSpace objects, 1(20KB) LOS objects, 37% free, 26MB/42MB, paused 274us total 18.615ms
08-06 13:15:53.352 10904 10917 I art     : Starting a blocking GC Explicit
08-06 13:15:53.368 10904 10917 I art     : Explicit concurrent mark sweep GC freed 28(1024B) AllocSpace objects, 0(0B) LOS objects, 37% free, 26MB/42MB, paused 248us total 15.858ms
08-06 13:15:53.379 10904 10917 I art     : Starting a blocking GC Explicit
08-06 13:15:53.392 10904 10917 I art     : Explicit concurrent mark sweep GC freed 3(96B) AllocSpace objects, 0(0B) LOS objects, 37% free, 26MB/42MB, paused 231us total 12.557ms
08-06 13:15:53.398 10904 10917 I art     : Starting a blocking GC Explicit
08-06 13:15:53.411 10904 10917 I art     : Explicit concurrent mark sweep GC freed 3(96B) AllocSpace objects, 0(0B) LOS objects, 37% free, 26MB/42MB, paused 222us total 12.734ms
08-06 13:15:53.418 10904 10917 I art     : Starting a blocking GC Explicit
08-06 13:15:53.430 10904 10917 I art     : Explicit concurrent mark sweep GC freed 3(96B) AllocSpace objects, 0(0B) LOS objects, 37% free, 26MB/42MB, paused 228us total 12.550ms
08-06 13:15:53.741 10904  8087 I art     : Starting a blocking GC Explicit
08-06 13:15:53.760 10904  8087 I art     : Explicit concurrent mark sweep GC freed 1586(95KB) AllocSpace objects, 1(20KB) LOS objects, 37% free, 26MB/42MB, paused 256us total 19.132ms
08-06 13:15:53.771 10904  8087 I art     : Starting a blocking GC Explicit
08-06 13:15:53.785 10904  8087 I art     : Explicit concurrent mark sweep GC freed 28(1024B) AllocSpace objects, 0(0B) LOS objects, 37% free, 26MB/42MB, paused 231us total 13.494ms
08-06 13:15:53.791 10904  8087 I art     : Starting a blocking GC Explicit
08-06 13:15:53.804 10904  8087 I art     : Explicit concurrent mark sweep GC freed 3(96B) AllocSpace objects, 0(0B) LOS objects, 37% free, 26MB/42MB, paused 229us total 12.704ms
08-06 13:15:53.810 10904  8087 I art     : Starting a blocking GC Explicit
08-06 13:15:53.823 10904  8087 I art     : Explicit concurrent mark sweep GC freed 3(96B) AllocSpace objects, 0(0B) LOS objects, 37% free, 26MB/42MB, paused 255us total 12.803ms
08-06 13:15:53.829 10904  8087 I art     : Starting a blocking GC Explicit
08-06 13:15:53.842 10904  8087 I art     : Explicit concurrent mark sweep GC freed 3(96B) AllocSpace objects, 0(0B) LOS objects, 37% free, 26MB/42MB, paused 229us total 12.740ms
08-06 13:15:54.139 10904 10918 I art     : Starting a blocking GC Explicit
08-06 13:15:54.163 10904 10918 I art     : Explicit concurrent mark sweep GC freed 1584(93KB) AllocSpace objects, 1(20KB) LOS objects, 37% free, 26MB/42MB, paused 307us total 23.142ms
08-06 13:15:54.174 10904 10918 I art     : Starting a blocking GC Explicit
08-06 13:15:54.190 10904 10918 I art     : Explicit concurrent mark sweep GC freed 28(1024B) AllocSpace objects, 0(0B) LOS objects, 37% free, 26MB/42MB, paused 248us total 16.150ms
08-06 13:15:54.198 10904 10918 I art     : Starting a blocking GC Explicit
08-06 13:15:54.212 10904 10918 I art     : Explicit concurrent mark sweep GC freed 3(96B) AllocSpace objects, 0(0B) LOS objects, 37% free, 26MB/42MB, paused 231us total 13.044ms
08-06 13:15:54.218 10904 10918 I art     : Starting a blocking GC Explicit
08-06 13:15:54.231 10904 10918 I art     : Explicit concurrent mark sweep GC freed 3(96B) AllocSpace objects, 0(0B) LOS objects, 37% free, 26MB/42MB, paused 221us total 12.998ms
08-06 13:15:54.238 10904 10918 I art     : Starting a blocking GC Explicit
08-06 13:15:54.250 10904 10918 I art     : Explicit concurrent mark sweep GC freed 3(96B) AllocSpace objects, 0(0B) LOS objects, 37% free, 26MB/42MB, paused 219us total 12.224ms
08-06 13:15:54.563 10904 10917 I art     : Starting a blocking GC Explicit
08-06 13:15:54.588 10904 10917 I art     : Explicit concurrent mark sweep GC freed 1582(93KB) AllocSpace objects, 1(20KB) LOS objects, 37% free, 26MB/42MB, paused 322us total 23.955ms
08-06 13:15:54.601 10904 10917 I art     : Starting a blocking GC Explicit
08-06 13:15:54.614 10904 10917 I art     : Explicit concurrent mark sweep GC freed 28(1024B) AllocSpace objects, 0(0B) LOS objects, 37% free, 26MB/42MB, paused 236us total 13.192ms
08-06 13:15:54.621 10904 10917 I art     : Starting a blocking GC Explicit
08-06 13:15:54.634 10904 10917 I art     : Explicit concurrent mark sweep GC freed 3(96B) AllocSpace objects, 0(0B) LOS objects, 37% free, 26MB/42MB, paused 230us total 13.386ms
08-06 13:15:54.641 10904 10917 I art     : Starting a blocking GC Explicit
08-06 13:15:54.654 10904 10917 I art     : Explicit concurrent mark sweep GC freed 3(96B) AllocSpace objects, 0(0B) LOS objects, 37% free, 26MB/42MB, paused 225us total 12.709ms
08-06 13:15:54.660 10904 10917 I art     : Starting a blocking GC Explicit
08-06 13:15:54.673 10904 10917 I art     : Explicit concurrent mark sweep GC freed 3(96B) AllocSpace objects, 0(0B) LOS objects, 37% free, 26MB/42MB, paused 231us total 12.734ms
08-06 13:15:54.972 10904  8087 I art     : Starting a blocking GC Explicit
08-06 13:15:54.990 10904  8087 I art     : Explicit concurrent mark sweep GC freed 1581(91KB) AllocSpace objects, 1(20KB) LOS objects, 37% free, 26MB/42MB, paused 255us total 18.239ms
08-06 13:15:55.001 10904  8087 I art     : Starting a blocking GC Explicit
08-06 13:15:55.016 10904  8087 I art     : Explicit concurrent mark sweep GC freed 28(1024B) AllocSpace objects, 0(0B) LOS objects, 37% free, 26MB/42MB, paused 229us total 14.279ms
08-06 13:15:55.022 10904  8087 I art     : Starting a blocking GC Explicit
08-06 13:15:55.035 10904  8087 I art     : Explicit concurrent mark sweep GC freed 3(96B) AllocSpace objects, 0(0B) LOS objects, 37% free, 26MB/42MB, paused 231us total 12.929ms
08-06 13:15:55.041 10904  8087 I art     : Starting a blocking GC Explicit
08-06 13:15:55.054 10904  8087 I art     : Explicit concurrent mark sweep GC freed 3(96B) AllocSpace objects, 0(0B) LOS objects, 37% free, 26MB/42MB, paused 225us total 12.828ms
08-06 13:15:55.060 10904  8087 I art     : Starting a blocking GC Explicit
08-06 13:15:55.073 10904  8087 I art     : Explicit concurrent mark sweep GC freed 3(96B) AllocSpace objects, 0(0B) LOS objects, 37% free, 26MB/42MB, paused 227us total 12.914ms
08-06 13:15:55.370 10904 10918 I art     : Starting a blocking GC Explicit
08-06 13:15:55.393 10904 10918 I art     : Explicit concurrent mark sweep GC freed 1582(91KB) AllocSpace objects, 1(20KB) LOS objects, 37% free, 26MB/42MB, paused 279us total 22.488ms
08-06 13:15:55.401 10904 10918 I art     : Starting a blocking GC Explicit
08-06 13:15:55.414 10904 10918 I art     : Explicit concurrent mark sweep GC freed 28(1024B) AllocSpace objects, 0(0B) LOS objects, 37% free, 26MB/42MB, paused 232us total 13.326ms
08-06 13:15:55.421 10904 10918 I art     : Starting a blocking GC Explicit
08-06 13:15:55.434 10904 10918 I art     : Explicit concurrent mark sweep GC freed 3(96B) AllocSpace objects, 0(0B) LOS objects, 37% free, 26MB/42MB, paused 223us total 12.772ms
08-06 13:15:55.441 10904 10918 I art     : Starting a blocking GC Explicit
08-06 13:15:55.453 10904 10918 I art     : Explicit concurrent mark sweep GC freed 3(96B) AllocSpace objects, 0(0B) LOS objects, 37% free, 26MB/42MB, paused 226us total 12.639ms
08-06 13:15:55.459 10904 10918 I art     : Starting a blocking GC Explicit
08-06 13:15:55.472 10904 10918 I art     : Explicit concurrent mark sweep GC freed 3(96B) AllocSpace objects, 0(0B) LOS objects, 37% free, 26MB/42MB, paused 233us total 12.454ms
08-06 13:15:55.765 10904 10917 I art     : Starting a blocking GC Explicit
08-06 13:15:55.788 10904 10917 I art     : Explicit concurrent mark sweep GC freed 1583(91KB) AllocSpace objects, 1(20KB) LOS objects, 37% free, 26MB/42MB, paused 266us total 22.563ms
08-06 13:15:55.800 10904 10917 I art     : Starting a blocking GC Explicit
08-06 13:15:55.815 10904 10917 I art     : Explicit concurrent mark sweep GC freed 28(1024B) AllocSpace objects, 0(0B) LOS objects, 37% free, 26MB/42MB, paused 237us total 15.533ms
08-06 13:15:55.822 10904 10917 I art     : Starting a blocking GC Explicit
08-06 13:15:55.835 10904 10917 I art     : Explicit concurrent mark sweep GC freed 3(96B) AllocSpace objects, 0(0B) LOS objects, 37% free, 26MB/42MB, paused 240us total 13.194ms
08-06 13:15:55.842 10904 10917 I art     : Starting a blocking GC Explicit
08-06 13:15:55.855 10904 10917 I art     : Explicit concurrent mark sweep GC freed 3(96B) AllocSpace objects, 0(0B) LOS objects, 37% free, 26MB/42MB, paused 233us total 12.879ms
08-06 13:15:55.861 10904 10917 I art     : Starting a blocking GC Explicit
08-06 13:15:55.874 10904 10917 I art     : Explicit concurrent mark sweep GC freed 3(96B) AllocSpace objects, 0(0B) LOS objects, 37% free, 26MB/42MB, paused 227us total 12.791ms
08-06 13:15:56.141 10904  8087 I art     : Starting a blocking GC Explicit
08-06 13:15:56.156 10904  8087 I art     : Explicit concurrent mark sweep GC freed 1582(91KB) AllocSpace objects, 1(20KB) LOS objects, 37% free, 26MB/42MB, paused 274us total 14.631ms
08-06 13:15:56.163 10904  8087 I art     : Starting a blocking GC Explicit
08-06 13:15:56.176 10904  8087 I art     : Explicit concurrent mark sweep GC freed 28(1024B) AllocSpace objects, 0(0B) LOS objects, 37% free, 26MB/42MB, paused 233us total 13.521ms
08-06 13:15:56.182 10904  8087 I art     : Starting a blocking GC Explicit
08-06 13:15:56.193 10904  8087 I art     : Explicit concurrent mark sweep GC freed 3(96B) AllocSpace objects, 0(0B) LOS objects, 37% free, 26MB/42MB, paused 264us total 11.458ms
08-06 13:15:56.194 10904 10916 I art     : WaitForGcToComplete blocked for 5.238ms for cause HeapTrim
08-06 13:15:56.199 10904  8087 I art     : Starting a blocking GC Explicit
08-06 13:15:56.211 10904  8087 I art     : Explicit concurrent mark sweep GC freed 3(96B) AllocSpace objects, 0(0B) LOS objects, 37% free, 26MB/42MB, paused 221us total 11.403ms
08-06 13:15:56.216 10904  8087 I art     : Starting a blocking GC Explicit
08-06 13:15:56.228 10904  8087 I art     : Explicit concurrent mark sweep GC freed 3(96B) AllocSpace objects, 0(0B) LOS objects, 37% free, 26MB/42MB, paused 231us total 11.457ms
08-06 13:15:56.438  8214  8214 D AndroidRuntime: >>>>>> START com.android.internal.os.RuntimeInit uid 2000 <<<<<<
08-06 13:15:56.442  8214  8214 D AndroidRuntime: CheckJNI is OFF
08-06 13:15:56.468  8214  8214 D ICU     : No timezone override file found: /data/misc/zoneinfo/current/icu/icu_tzdata.dat
08-06 13:15:56.493  8214  8214 I Radio-JNI: register_android_hardware_Radio DONE
08-06 13:15:56.510  8214  8214 D AndroidRuntime: Calling main entry com.android.commands.input.Input
08-06 13:15:56.511  8214  8214 I Input   : injectMotionEvent: MotionEvent { action=ACTION_DOWN, actionButton=0, id[0]=0, x[0]=594.0, y[0]=330.0, toolType[0]=TOOL_TYPE_UNKNOWN, buttonState=0, metaState=0, flags=0x0, edgeFlags=0x0, pointerCount=1, historySize=0, eventTime=882972924, downTime=882972924, deviceId=0, source=0x1002 }
08-06 13:15:56.513 10904 10918 I art     : Starting a blocking GC Explicit
08-06 13:15:56.516  8214  8214 I Input   : injectMotionEvent: MotionEvent { action=ACTION_UP, actionButton=0, id[0]=0, x[0]=594.0, y[0]=330.0, toolType[0]=TOOL_TYPE_UNKNOWN, buttonState=0, metaState=0, flags=0x0, edgeFlags=0x0, pointerCount=1, historySize=0, eventTime=882972924, downTime=882972924, deviceId=0, source=0x1002 }
08-06 13:15:56.519  8214  8214 D AndroidRuntime: Shutting down VM
08-06 13:15:56.528 10904 10918 I art     : Explicit concurrent mark sweep GC freed 1633(93KB) AllocSpace objects, 1(20KB) LOS objects, 37% free, 26MB/42MB, paused 273us total 14.668ms
08-06 13:15:56.534 10904 10918 I art     : Starting a blocking GC Explicit
08-06 13:15:56.548 10904 10918 I art     : Explicit concurrent mark sweep GC freed 31(1120B) AllocSpace objects, 0(0B) LOS objects, 37% free, 26MB/42MB, paused 251us total 13.631ms
08-06 13:15:56.553 10904 10918 I art     : Starting a blocking GC Explicit
08-06 13:15:56.565 10904 10918 I art     : Explicit concurrent mark sweep GC freed 3(96B) AllocSpace objects, 0(0B) LOS objects, 37% free, 26MB/42MB, paused 236us total 11.807ms
08-06 13:15:56.571 10904 10918 I art     : Starting a blocking GC Explicit
08-06 13:15:56.583 10904 10918 I art     : Explicit concurrent mark sweep GC freed 10(320B) AllocSpace objects, 0(0B) LOS objects, 37% free, 26MB/42MB, paused 358us total 11.932ms
08-06 13:15:56.584 10904 10904 D NappaIntentExtras: ==================
08-06 13:15:56.584 10904  8027 D Nappa   : PREFETCH_ON_EXTRA - notifyExtras- start
08-06 13:15:56.584 10904 10904 D NappaIntentExtras: Log #1
08-06 13:15:56.584 10904 10904 D NappaIntentExtras: ------------------
08-06 13:15:56.584 10904 10904 D NappaIntentExtras: activity nappatfpr.com.newsblur.activity.GlobalSharedStoriesReading
08-06 13:15:56.584 10904 10904 D NappaIntentExtras: 	- No extras registered
08-06 13:15:56.585 10904 10904 D NappaIntentExtras: activity nappatfpr.com.newsblur.activity.AllSharedStoriesItemsList
08-06 13:15:56.585 10904 10904 D NappaIntentExtras: 	- No extras registered
08-06 13:15:56.585 10904 10904 D NappaIntentExtras: activity nappatfpr.com.newsblur.activity.AllSharedStoriesReading
08-06 13:15:56.585 10904 10904 D NappaIntentExtras: 	- No extras registered
08-06 13:15:56.585 10904 10904 D NappaIntentExtras: activity nappatfpr.com.newsblur.activity.GlobalSharedStoriesItemsList
08-06 13:15:56.585 10904 10904 D NappaIntentExtras: 	- No extras registered
08-06 13:15:56.585 10904 10904 D NappaIntentExtras: activity nappatfpr.com.newsblur.activity.Main
08-06 13:15:56.585 10904 10904 D NappaIntentExtras: 	- 1 extras registered
08-06 13:15:56.585 10904 10904 D NappaIntentExtras: 	- feed_set : nappatfpr.com.newsblur.util.FeedSet@e
08-06 13:15:56.585 10904 10904 D NappaIntentExtras: ==================
08-06 13:15:56.587 10904  8027 I NAPPA_EXPERIMENTATION: MetricNappaPrefetchingStrategyExecutionTime: STRATEGY_CLASS='TfprPrefetchingStrategy',DURATION='1806250',NUMBER_OF_URLS='0',NUMBER_OF_SELECTED_CHILDREN_NODES='2',NUMBER_OF_CHILDREN_NODES='2',STRATEGY_RUN_SUCCESSFULLY='True',
08-06 13:15:56.587 10904  8027 D TfprPrefetchingStrategy: ==================================
08-06 13:15:56.587 10904  8027 D TfprPrefetchingStrategy: Starting Run #1
08-06 13:15:56.587 10904  8027 D TfprPrefetchingStrategy: ----------------------------------
08-06 13:15:56.587 10904  8027 D TfprPrefetchingStrategy: Node data Main 
08-06 13:15:56.587 10904  8027 D TfprPrefetchingStrategy: 	Successors:
08-06 13:15:56.587 10904  8027 D TfprPrefetchingStrategy: 		AllSharedStoriesItemsList (0 hits)
08-06 13:15:56.587 10904  8027 D TfprPrefetchingStrategy: 		GlobalSharedStoriesItemsList (0 hits)
08-06 13:15:56.587 10904  8027 D TfprPrefetchingStrategy: 	Ancestors:
08-06 13:15:56.587 10904  8027 D TfprPrefetchingStrategy: 
08-06 13:15:56.587 10904  8027 D TfprPrefetchingStrategy: 
08-06 13:15:56.587 10904  8027 D TfprPrefetchingStrategy: MetricStrategyAccuracy inc execution count1 | act = false; extra = true
08-06 13:15:56.587 10904  8027 D TfprPrefetchingStrategy: ===
08-06 13:15:56.587 10904  8027 D TfprPrefetchingStrategy: calculateVisitTimeScores
08-06 13:15:56.587 10904  8027 D TfprPrefetchingStrategy: -------- Node GlobalSharedStoriesItemsList-----------
08-06 13:15:56.587 10904  8027 D TfprPrefetchingStrategy: tfprNode.aggregateVisitTime = 102134
08-06 13:15:56.587 10904  8027 D TfprPrefetchingStrategy: tfprNode.totalAggregateVisitTimeFromSuccessors = 86725
08-06 13:15:56.587 10904  8027 D TfprPrefetchingStrategy: tfprNode.aggregateVisitTimeFromSuccessors = {nappatfpr.com.newsblur.activity.GlobalSharedStoriesReading=86725}
08-06 13:15:56.587 10904  8027 D TfprPrefetchingStrategy: -------- Node Main-----------
08-06 13:15:56.587 10904  8027 D TfprPrefetchingStrategy: tfprNode.aggregateVisitTime = 42669
08-06 13:15:56.587 10904  8027 D TfprPrefetchingStrategy: tfprNode.totalAggregateVisitTimeFromSuccessors = 166324
08-06 13:15:56.587 10904  8027 D TfprPrefetchingStrategy: tfprNode.aggregateVisitTimeFromSuccessors = {nappatfpr.com.newsblur.activity.GlobalSharedStoriesItemsList=82762, nappatfpr.com.newsblur.activity.AllSharedStoriesItemsList=83562}
08-06 13:15:56.587 10904  8027 D TfprPrefetchingStrategy: -------- Node AllSharedStoriesItemsList-----------
08-06 13:15:56.587 10904  8027 D TfprPrefetchingStrategy: tfprNode.aggregateVisitTime = 103354
08-06 13:15:56.587 10904  8027 D TfprPrefetchingStrategy: tfprNode.totalAggregateVisitTimeFromSuccessors = 86003
08-06 13:15:56.587 10904  8027 D TfprPrefetchingStrategy: tfprNode.aggregateVisitTimeFromSuccessors = {nappatfpr.com.newsblur.activity.AllSharedStoriesReading=86003}
08-06 13:15:56.587 10904  8027 D TfprPrefetchingStrategy: -------- Graph -----------
08-06 13:15:56.587 10904  8027 D TfprPrefetchingStrategy: tfprGraph.aggregateVisitTimeFromSuccessors = 248157
08-06 13:15:56.588 10904  8027 D TfprPrefetchingStrategy: ===
08-06 13:15:56.588 10904  8027 D TfprPrefetchingStrategy: ===
08-06 13:15:56.588 10904  8027 D TfprPrefetchingStrategy: runTfprAlgorithm
08-06 13:15:56.588 10904  8027 D TfprPrefetchingStrategy: ------------- TFPR calculation #1 of 10 -----------
08-06 13:15:56.588 10904  8027 D TfprPrefetchingStrategy: node GlobalSharedStoriesItemsList score = 0.3498346
08-06 13:15:56.588 10904  8027 D TfprPrefetchingStrategy: node Main score = 0.14615205
08-06 13:15:56.588 10904  8027 D TfprPrefetchingStrategy: node AllSharedStoriesItemsList score = 0.36502755
08-06 13:15:56.588 10904  8027 D TfprPrefetchingStrategy: ------------- TFPR calculation #2 of 10 -----------
08-06 13:15:56.588 10904  8027 D TfprPrefetchingStrategy: node GlobalSharedStoriesItemsList score = 0.36074328
08-06 13:15:56.588 10904  8027 D TfprPrefetchingStrategy: node Main score = 0.14615205
08-06 13:15:56.588 10904  8027 D TfprPrefetchingStrategy: node AllSharedStoriesItemsList score = 0.36502755
08-06 13:15:56.588 10904  8027 D TfprPrefetchingStrategy: ------------- TFPR calculation #3 of 10 -----------
08-06 13:15:56.588 10904  8027 D TfprPrefetchingStrategy: node GlobalSharedStoriesItemsList score = 0.36074328
08-06 13:15:56.588 10904  8027 D TfprPrefetchingStrategy: node Main score = 0.14615205
08-06 13:15:56.588 10904  8027 D TfprPrefetchingStrategy: node AllSharedStoriesItemsList score = 0.36502755
08-06 13:15:56.588 10904  8027 D TfprPrefetchingStrategy: ------------- TFPR calculation #4 of 10 -----------
08-06 13:15:56.588 10904  8027 D TfprPrefetchingStrategy: node GlobalSharedStoriesItemsList score = 0.36074328
08-06 13:15:56.588 10904  8027 D TfprPrefetchingStrategy: node Main score = 0.14615205
08-06 13:15:56.588 10904  8027 D TfprPrefetchingStrategy: node AllSharedStoriesItemsList score = 0.36502755
08-06 13:15:56.588 10904  8027 D TfprPrefetchingStrategy: ------------- TFPR calculation #5 of 10 -----------
08-06 13:15:56.588 10904  8027 D TfprPrefetchingStrategy: node GlobalSharedStoriesItemsList score = 0.36074328
08-06 13:15:56.588 10904  8027 D TfprPrefetchingStrategy: node Main score = 0.14615205
08-06 13:15:56.588 10904  8027 D TfprPrefetchingStrategy: node AllSharedStoriesItemsList score = 0.36502755
08-06 13:15:56.588 10904  8027 D TfprPrefetchingStrategy: ------------- TFPR calculation #6 of 10 -----------
08-06 13:15:56.588 10904  8027 D TfprPrefetchingStrategy: node GlobalSharedStoriesItemsList score = 0.36074328
08-06 13:15:56.589 10904  8027 D TfprPrefetchingStrategy: node Main score = 0.14615205
08-06 13:15:56.589 10904  8027 D TfprPrefetchingStrategy: node AllSharedStoriesItemsList score = 0.36502755
08-06 13:15:56.589 10904  8027 D TfprPrefetchingStrategy: ------------- TFPR calculation #7 of 10 -----------
08-06 13:15:56.589 10904  8027 D TfprPrefetchingStrategy: node GlobalSharedStoriesItemsList score = 0.36074328
08-06 13:15:56.589 10904  8027 D TfprPrefetchingStrategy: node Main score = 0.14615205
08-06 13:15:56.589 10904  8027 D TfprPrefetchingStrategy: node AllSharedStoriesItemsList score = 0.36502755
08-06 13:15:56.589 10904  8027 D TfprPrefetchingStrategy: ------------- TFPR calculation #8 of 10 -----------
08-06 13:15:56.589 10904  8027 D TfprPrefetchingStrategy: node GlobalSharedStoriesItemsList score = 0.36074328
08-06 13:15:56.589 10904  8027 D TfprPrefetchingStrategy: node Main score = 0.14615205
08-06 13:15:56.589 10904  8027 D TfprPrefetchingStrategy: node AllSharedStoriesItemsList score = 0.36502755
08-06 13:15:56.589 10904  8027 D TfprPrefetchingStrategy: ------------- TFPR calculation #9 of 10 -----------
08-06 13:15:56.589 10904  8027 D TfprPrefetchingStrategy: node GlobalSharedStoriesItemsList score = 0.36074328
08-06 13:15:56.589 10904  8027 D TfprPrefetchingStrategy: node Main score = 0.14615205
08-06 13:15:56.589 10904  8027 D TfprPrefetchingStrategy: node AllSharedStoriesItemsList score = 0.36502755
08-06 13:15:56.589   918  3670 I ActivityManager: START u0 {cmp=nappatfpr.com.newsblur/.activity.GlobalSharedStoriesItemsList (has extras)} from uid 10704 on display 0
08-06 13:15:56.589 10904  8027 D TfprPrefetchingStrategy: ------------- TFPR calculation #10 of 10 -----------
08-06 13:15:56.589 10904  8027 D TfprPrefetchingStrategy: node GlobalSharedStoriesItemsList score = 0.36074328
08-06 13:15:56.589 10904  8027 D TfprPrefetchingStrategy: node Main score = 0.14615205
08-06 13:15:56.589 10904  8027 D TfprPrefetchingStrategy: node AllSharedStoriesItemsList score = 0.36502755
08-06 13:15:56.589 10904  8027 D TfprPrefetchingStrategy: ===
08-06 13:15:56.589 10904  8027 D TfprPrefetchingStrategy: ===
08-06 13:15:56.589 10904  8027 D TfprPrefetchingStrategy: getSuccessorListSortByTfprScore
08-06 13:15:56.589 10904  8027 D TfprPrefetchingStrategy: Successors before the sort [TfprNode{AllSharedStoriesItemsList : TFPR = 0.36502755}, TfprNode{GlobalSharedStoriesItemsList : TFPR = 0.36074328}]
08-06 13:15:56.589 10904  8027 D TfprPrefetchingStrategy: Successors sorted by highest to lowest score (N2 - N1 comparator) are [TfprNode{AllSharedStoriesItemsList : TFPR = 0.36502755}, TfprNode{GlobalSharedStoriesItemsList : TFPR = 0.36074328}]
08-06 13:15:56.589 10904  8027 D TfprPrefetchingStrategy: Selected the following nodes:
08-06 13:15:56.589 10904  8027 D TfprPrefetchingStrategy: #1 - AllSharedStoriesItemsList with score 0.36502755
08-06 13:15:56.590 10904 10918 I art     : Starting a blocking GC Explicit
08-06 13:15:56.590 10904  8027 D TfprPrefetchingStrategy: #2 - GlobalSharedStoriesItemsList with score 0.36074328
08-06 13:15:56.590 10904  8027 D TfprPrefetchingStrategy: successors with high score = [AllSharedStoriesItemsList 
08-06 13:15:56.590 10904  8027 D TfprPrefetchingStrategy: 	Successors:
08-06 13:15:56.590 10904  8027 D TfprPrefetchingStrategy: 		AllSharedStoriesReading (0 hits)
08-06 13:15:56.590 10904  8027 D TfprPrefetchingStrategy: 	Ancestors:
08-06 13:15:56.590 10904  8027 D TfprPrefetchingStrategy: 		Main (0 hits)
08-06 13:15:56.590 10904  8027 D TfprPrefetchingStrategy: 
08-06 13:15:56.590 10904  8027 D TfprPrefetchingStrategy: , GlobalSharedStoriesItemsList 
08-06 13:15:56.590 10904  8027 D TfprPrefetchingStrategy: 	Successors:
08-06 13:15:56.590 10904  8027 D TfprPrefetchingStrategy: 		GlobalSharedStoriesReading (0 hits)
08-06 13:15:56.590 10904  8027 D TfprPrefetchingStrategy: 	Ancestors:
08-06 13:15:56.590 10904  8027 D TfprPrefetchingStrategy: 		Main (0 hits)
08-06 13:15:56.590 10904  8027 D TfprPrefetchingStrategy: 
08-06 13:15:56.590 10904  8027 D TfprPrefetchingStrategy: ]
08-06 13:15:56.590 10904  8027 D TfprPrefetchingStrategy: ===
08-06 13:15:56.590 10904  8027 D TfprPrefetchingStrategy: Selected node AllSharedStoriesItemsList containing the URLS []
08-06 13:15:56.590 10904  8027 D TfprPrefetchingStrategy: Selected node GlobalSharedStoriesItemsList containing the URLS []
08-06 13:15:56.590 10904  8027 D TfprPrefetchingStrategy: Next visited child will be [nappatfpr.com.newsblur.activity.AllSharedStoriesItemsList, nappatfpr.com.newsblur.activity.GlobalSharedStoriesItemsList]
08-06 13:15:56.590 10904  8027 D TfprPrefetchingStrategy: ==================================
08-06 13:15:56.592 10904  8027 D Nappa   : PREFETCH_ON_EXTRA - notifyExtras- end
08-06 13:15:56.592 10904  8027 D Nappa   : PREFSTRAT2 ADDING NEW ACTEXTRADATA
08-06 13:15:56.597 10904 10904 D ActivityNode: Observer - intent extra - Main
08-06 13:15:56.597 10904 10904 D ActivityNode: Extras:
08-06 13:15:56.597 10904 10904 D ActivityNode: 	activity ID 1( key feed_set)
08-06 13:15:56.597 10904 10904 D ActivityNode: 	activity ID 1( key feed_set)
08-06 13:15:56.597 10904 10904 D ActivityNode: 	activity ID 1( key feed_set)
08-06 13:15:56.597 10904 10904 D ActivityNode: 	activity ID 1( key feed_set)
08-06 13:15:56.597 10904 10904 D ActivityNode: 	activity ID 1( key feed_set)
08-06 13:15:56.597 10904 10904 D ActivityNode: 	activity ID 1( key feed_set)
08-06 13:15:56.597 10904 10904 D ActivityNode: 	activity ID 1( key feed_set)
08-06 13:15:56.597 10904 10904 D ActivityNode: 	activity ID 1( key feed_set)
08-06 13:15:56.597 10904 10904 D ActivityNode: 	activity ID 1( key feed_set)
08-06 13:15:56.597 10904 10904 D ActivityNode: 	activity ID 1( key feed_set)
08-06 13:15:56.597 10904 10904 D ActivityNode: 	activity ID 1( key feed_set)
08-06 13:15:56.597 10904 10904 D ActivityNode: 	activity ID 1( key feed_set)
08-06 13:15:56.597 10904 10904 D ActivityNode: 	activity ID 1( key feed_set)
08-06 13:15:56.597 10904 10904 D ActivityNode: 	activity ID 1( key feed_set)
08-06 13:15:56.597 10904 10904 D ActivityNode: 	activity ID 1( key feed_set)
08-06 13:15:56.597 10904 10904 D ActivityNode: 	activity ID 1( key feed_set)
08-06 13:15:56.597 10904 10904 D ActivityNode: 	activity ID 1( key feed_set)
08-06 13:15:56.597 10904 10904 D ActivityNode: 	activity ID 1( key feed_set)
08-06 13:15:56.597 10904 10904 D ActivityNode: 	activity ID 1( key feed_set)
08-06 13:15:56.597 10904 10904 D ActivityNode: 	activity ID 1( key feed_set)
08-06 13:15:56.597 10904 10904 D ActivityNode: 	activity ID 1( key feed_set)
08-06 13:15:56.597 10904 10904 D ActivityNode: 	activity ID 1( key feed_set)
08-06 13:15:56.597 10904 10904 D ActivityNode: 	activity ID 1( key feed_set)
08-06 13:15:56.597 10904 10904 D ActivityNode: 	activity ID 1( key feed_set)
08-06 13:15:56.597 10904 10904 D ActivityNode: 	activity ID 1( key feed_set)
08-06 13:15:56.597 10904 10904 D ActivityNode: 	activity ID 1( key feed_set)
08-06 13:15:56.597 10904 10904 D ActivityNode: 	activity ID 1( key feed_set)
08-06 13:15:56.597 10904 10904 D ActivityNode: 	activity ID 1( key feed_set)
08-06 13:15:56.597 10904 10904 D ActivityNode: 	activity ID 1( key feed_set)
08-06 13:15:56.597 10904 10904 D ActivityNode: Observer - intent extra - GlobalSharedStoriesItemsList
08-06 13:15:56.597 10904 10904 D ActivityNode: Extras:
08-06 13:15:56.597 10904 10904 D ActivityNode: 	activity ID 2( key feed_set)
08-06 13:15:56.597 10904 10904 D ActivityNode: 	activity ID 2( key story_hash)
08-06 13:15:56.597 10904 10904 D ActivityNode: 	activity ID 2( key feed_set)
08-06 13:15:56.597 10904 10904 D ActivityNode: 	activity ID 2( key story_hash)
08-06 13:15:56.597 10904 10904 D ActivityNode: 	activity ID 2( key feed_set)
08-06 13:15:56.597 10904 10904 D ActivityNode: 	activity ID 2( key story_hash)
08-06 13:15:56.597 10904 10904 D ActivityNode: 	activity ID 2( key feed_set)
08-06 13:15:56.597 10904 10904 D ActivityNode: 	activity ID 2( key story_hash)
08-06 13:15:56.597 10904 10904 D ActivityNode: 	activity ID 2( key feed_set)
08-06 13:15:56.597 10904 10904 D ActivityNode: 	activity ID 2( key story_hash)
08-06 13:15:56.597 10904 10904 D ActivityNode: 	activity ID 2( key feed_set)
08-06 13:15:56.597 10904 10904 D ActivityNode: 	activity ID 2( key story_hash)
08-06 13:15:56.597 10904 10904 D ActivityNode: 	activity ID 2( key feed_set)
08-06 13:15:56.597 10904 10904 D ActivityNode: 	activity ID 2( key story_hash)
08-06 13:15:56.597 10904 10904 D ActivityNode: 	activity ID 2( key feed_set)
08-06 13:15:56.597 10904 10904 D ActivityNode: 	activity ID 2( key story_hash)
08-06 13:15:56.597 10904 10904 D ActivityNode: 	activity ID 2( key feed_set)
08-06 13:15:56.597 10904 10904 D ActivityNode: 	activity ID 2( key story_hash)
08-06 13:15:56.597 10904 10904 D ActivityNode: 	activity ID 2( key feed_set)
08-06 13:15:56.597 10904 10904 D ActivityNode: 	activity ID 2( key story_hash)
08-06 13:15:56.597 10904 10904 D ActivityNode: 	activity ID 2( key feed_set)
08-06 13:15:56.597 10904 10904 D ActivityNode: 	activity ID 2( key story_hash)
08-06 13:15:56.597 10904 10904 D ActivityNode: 	activity ID 2( key feed_set)
08-06 13:15:56.597 10904 10904 D ActivityNode: 	activity ID 2( key story_hash)
08-06 13:15:56.597 10904 10904 D ActivityNode: 	activity ID 2( key feed_set)
08-06 13:15:56.597 10904 10904 D ActivityNode: 	activity ID 2( key story_hash)
08-06 13:15:56.597 10904 10904 D ActivityNode: 	activity ID 2( key feed_set)
08-06 13:15:56.597 10904 10904 D ActivityNode: 	activity ID 2( key story_hash)
08-06 13:15:56.597 10904 10904 D ActivityNode: 	activity ID 2( key feed_set)
08-06 13:15:56.597 10904 10904 D ActivityNode: 	activity ID 2( key story_hash)
08-06 13:15:56.597 10904 10904 D ActivityNode: 	activity ID 2( key feed_set)
08-06 13:15:56.597 10904 10904 D ActivityNode: 	activity ID 2( key story_hash)
08-06 13:15:56.597 10904 10904 D ActivityNode: 	activity ID 2( key feed_set)
08-06 13:15:56.597 10904 10904 D ActivityNode: 	activity ID 2( key story_hash)
08-06 13:15:56.597 10904 10904 D ActivityNode: 	activity ID 2( key feed_set)
08-06 13:15:56.597 10904 10904 D ActivityNode: 	activity ID 2( key story_hash)
08-06 13:15:56.597 10904 10904 D ActivityNode: 	activity ID 2( key feed_set)
08-06 13:15:56.597 10904 10904 D ActivityNode: 	activity ID 2( key story_hash)
08-06 13:15:56.597 10904 10904 D ActivityNode: 	activity ID 2( key feed_set)
08-06 13:15:56.597 10904 10904 D ActivityNode: 	activity ID 2( key story_hash)
08-06 13:15:56.597 10904 10904 D ActivityNode: 	activity ID 2( key feed_set)
08-06 13:15:56.597 10904 10904 D ActivityNode: 	activity ID 2( key story_hash)
08-06 13:15:56.598 10904 10904 D ActivityNode: Observer - intent extra - AllSharedStoriesItemsList
08-06 13:15:56.598 10904 10904 D ActivityNode: Extras:
08-06 13:15:56.598 10904 10904 D ActivityNode: 	activity ID 4( key feed_set)
08-06 13:15:56.598 10904 10904 D ActivityNode: 	activity ID 4( key story_hash)
08-06 13:15:56.598 10904 10904 D ActivityNode: 	activity ID 4( key feed_set)
08-06 13:15:56.598 10904 10904 D ActivityNode: 	activity ID 4( key story_hash)
08-06 13:15:56.598 10904 10904 D ActivityNode: 	activity ID 4( key feed_set)
08-06 13:15:56.598 10904 10904 D ActivityNode: 	activity ID 4( key story_hash)
08-06 13:15:56.598 10904 10904 D ActivityNode: 	activity ID 4( key feed_set)
08-06 13:15:56.598 10904 10904 D ActivityNode: 	activity ID 4( key story_hash)
08-06 13:15:56.598 10904 10904 D ActivityNode: 	activity ID 4( key feed_set)
08-06 13:15:56.598 10904 10904 D ActivityNode: 	activity ID 4( key story_hash)
08-06 13:15:56.598 10904 10904 D ActivityNode: 	activity ID 4( key feed_set)
08-06 13:15:56.598 10904 10904 D ActivityNode: 	activity ID 4( key story_hash)
08-06 13:15:56.598 10904 10904 D ActivityNode: 	activity ID 4( key feed_set)
08-06 13:15:56.598 10904 10904 D ActivityNode: 	activity ID 4( key story_hash)
08-06 13:15:56.598 10904 10904 D ActivityNode: 	activity ID 4( key feed_set)
08-06 13:15:56.598 10904 10904 D ActivityNode: 	activity ID 4( key story_hash)
08-06 13:15:56.598 10904 10904 D ActivityNode: 	activity ID 4( key feed_set)
08-06 13:15:56.598 10904 10904 D ActivityNode: 	activity ID 4( key story_hash)
08-06 13:15:56.598 10904 10904 D ActivityNode: 	activity ID 4( key feed_set)
08-06 13:15:56.598 10904 10904 D ActivityNode: 	activity ID 4( key story_hash)
08-06 13:15:56.598 10904 10904 D ActivityNode: 	activity ID 4( key feed_set)
08-06 13:15:56.598 10904 10904 D ActivityNode: 	activity ID 4( key story_hash)
08-06 13:15:56.598 10904 10904 D ActivityNode: 	activity ID 4( key feed_set)
08-06 13:15:56.598 10904 10904 D ActivityNode: 	activity ID 4( key story_hash)
08-06 13:15:56.598 10904 10904 D ActivityNode: 	activity ID 4( key feed_set)
08-06 13:15:56.598 10904 10904 D ActivityNode: 	activity ID 4( key story_hash)
08-06 13:15:56.598 10904 10904 D ActivityNode: 	activity ID 4( key feed_set)
08-06 13:15:56.598 10904 10904 D ActivityNode: 	activity ID 4( key story_hash)
08-06 13:15:56.598 10904 10904 D ActivityNode: 	activity ID 4( key feed_set)
08-06 13:15:56.598 10904 10904 D ActivityNode: 	activity ID 4( key story_hash)
08-06 13:15:56.598 10904 10904 D ActivityNode: 	activity ID 4( key feed_set)
08-06 13:15:56.598 10904 10904 D ActivityNode: 	activity ID 4( key story_hash)
08-06 13:15:56.598 10904 10904 D ActivityNode: 	activity ID 4( key feed_set)
08-06 13:15:56.598 10904 10904 D ActivityNode: 	activity ID 4( key story_hash)
08-06 13:15:56.598 10904 10904 D ActivityNode: 	activity ID 4( key feed_set)
08-06 13:15:56.598 10904 10904 D ActivityNode: 	activity ID 4( key story_hash)
08-06 13:15:56.598 10904 10904 D ActivityNode: 	activity ID 4( key feed_set)
08-06 13:15:56.598 10904 10904 D ActivityNode: 	activity ID 4( key story_hash)
08-06 13:15:56.598 10904 10904 D ActivityNode: 	activity ID 4( key feed_set)
08-06 13:15:56.598 10904 10904 D ActivityNode: 	activity ID 4( key story_hash)
08-06 13:15:56.598 10904 10904 D ActivityNode: 	activity ID 4( key feed_set)
08-06 13:15:56.598 10904 10904 D ActivityNode: 	activity ID 4( key story_hash)
08-06 13:15:56.598 10904 10904 D ActivityNode: Observer - intent extra - GlobalSharedStoriesReading
08-06 13:15:56.598 10904 10904 D ActivityNode: Extras:
08-06 13:15:56.598 10904 10904 D ActivityNode: Observer - intent extra - AllSharedStoriesReading
08-06 13:15:56.598 10904 10904 D ActivityNode: Extras:
08-06 13:15:56.600 10904 10904 D NappaLifecycleObserver: nappatfpr.com.newsblur.activity.Main - onPause
08-06 13:15:56.600 10904 10904 D Nappa   : Stayed on nappatfpr.com.newsblur.activity.Main for 5162 ms
08-06 13:15:56.604 10904 10918 I art     : Explicit concurrent mark sweep GC freed 1947(195KB) AllocSpace objects, 1(20KB) LOS objects, 37% free, 26MB/42MB, paused 602us total 14.127ms
08-06 13:15:56.614 10904  8237 I nappatfpr.com.newsblur.database.BlurDatabaseHelper: reading session reset
08-06 13:15:56.677 10904 10904 D NappaLifecycleObserver: nappatfpr.com.newsblur.activity.GlobalSharedStoriesItemsList - onResume
08-06 13:15:56.677 10904 10904 D Nappa   : setCurrentActivity - MetricStrategyAccuracy - 
08-06 13:15:56.677 10904 10904 D Nappa   : madePredictionFromActivity = false, 
08-06 13:15:56.677 10904 10904 D Nappa   : fromActivity = nappatfpr.com.newsblur.activity.Main, 
08-06 13:15:56.677 10904 10904 D Nappa   : predictedNextActivityFromActivity = [], 
08-06 13:15:56.677 10904 10904 D Nappa   : activity.getClass().getCanonicalName() = nappatfpr.com.newsblur.activity.GlobalSharedStoriesItemsList, 
08-06 13:15:56.677 10904 10904 D Nappa   : setCurrentActivity - MetricStrategyAccuracy - 
08-06 13:15:56.677 10904 10904 D Nappa   : madePredictionFromExtra = true, 
08-06 13:15:56.677 10904 10904 D Nappa   : fromActivity = nappatfpr.com.newsblur.activity.Main, 
08-06 13:15:56.677 10904 10904 D Nappa   : predictedNextActivityFromExtra = [nappatfpr.com.newsblur.activity.AllSharedStoriesItemsList, nappatfpr.com.newsblur.activity.GlobalSharedStoriesItemsList], 
08-06 13:15:56.677 10904 10904 D Nappa   : activity.getClass().getCanonicalName() = nappatfpr.com.newsblur.activity.GlobalSharedStoriesItemsList, 
08-06 13:15:56.677 10904 10904 D Nappa   : PREFETCH_ON_EXTRA - setCurrentActivity - logs - from activity - made prediction isfalse
08-06 13:15:56.778 10904 10904 D Nappa   : registerActivity: (already in) nappatfpr.com.newsblur.activity.GlobalSharedStoriesItemsList
08-06 13:15:56.778 10904 10904 D ActivityNode: ACTNODE UPDATING AFTER LOADING FROM DB
08-06 13:15:56.779 10904 10904 D ActivityGraph: LARDataCalculatedUpdate nappatfpr.com.newsblur.activity.GlobalSharedStoriesItemsList Pagerank: 0.25 HITS-Authority: 1.0 HITS-Hub: 1.0 SALSA-Authority: 1.0 SALSA-Hub: 1.0
08-06 13:15:56.779 10904 10904 D Nappa   : SHOULD_PREFETCH true
08-06 13:15:56.821 10904 10917 I art     : Starting a blocking GC Explicit
08-06 13:15:56.837 10904 10917 I art     : Explicit concurrent mark sweep GC freed 6665(506KB) AllocSpace objects, 7(264KB) LOS objects, 36% free, 27MB/43MB, paused 300us total 16.426ms
08-06 13:15:56.844 10904 10917 I art     : Starting a blocking GC Explicit
08-06 13:15:56.859 10904 10917 I art     : Explicit concurrent mark sweep GC freed 334(15KB) AllocSpace objects, 0(0B) LOS objects, 36% free, 27MB/43MB, paused 298us total 14.962ms
08-06 13:15:56.866 10904 10917 I art     : Starting a blocking GC Explicit
08-06 13:15:56.879 10904 10904 D Nappa   : registerActivity: (already in) nappatfpr.com.newsblur.activity.GlobalSharedStoriesItemsList
08-06 13:15:56.879 10904 10904 D Nappa   : SUCCESSORS nappatfpr.com.newsblur.activity.GlobalSharedStoriesReading
08-06 13:15:56.879 10904 10904 D Nappa   : STATS Number of requests not prefetched: 2
08-06 13:15:56.879 10904 10904 D Nappa   : STATS Number of requests prefetched: 0
08-06 13:15:56.879 10904 10904 D Nappa   : STATS Time saved until now: 0.0
08-06 13:15:56.881 10904 10917 I art     : Explicit concurrent mark sweep GC freed 89(4KB) AllocSpace objects, 0(0B) LOS objects, 36% free, 27MB/43MB, paused 508us total 14.694ms
08-06 13:15:56.889 10904 10917 I art     : Starting a blocking GC Explicit
08-06 13:15:56.904 10904 10917 I art     : Explicit concurrent mark sweep GC freed 499(38KB) AllocSpace objects, 1(20KB) LOS objects, 36% free, 27MB/43MB, paused 309us total 14.730ms
08-06 13:15:56.910 10904 10917 I art     : Starting a blocking GC Explicit
08-06 13:15:56.922 10904 10917 I art     : Explicit concurrent mark sweep GC freed 395(14KB) AllocSpace objects, 0(0B) LOS objects, 36% free, 27MB/43MB, paused 480us total 12.587ms
08-06 13:15:56.926 10904 10904 D ActivityNode: Observer - visit time - Main - New aggregate visit time found is 47831 ms
08-06 13:15:56.929 10904  8249 D Nappa   : TAG okHttpClient initialized
08-06 13:15:56.931 10904 10904 D ActivityNode: Observer - successor visit time - Main - Updating the visit time from the successors list:
08-06 13:15:56.931 10904 10904 D ActivityNode: [AggregateVisitTimeByActivity{nappatfpr.com.newsblur.activity.GlobalSharedStoriesItemsList : 82762 ms}, AggregateVisitTimeByActivity{nappatfpr.com.newsblur.activity.AllSharedStoriesItemsList : 83562 ms}]
08-06 13:15:56.932 10904 10904 D ActivityNode: Observer - successor visit time - GlobalSharedStoriesItemsList - Updating the visit time from the successors list:
08-06 13:15:56.932 10904 10904 D ActivityNode: [AggregateVisitTimeByActivity{nappatfpr.com.newsblur.activity.GlobalSharedStoriesReading : 86725 ms}]
08-06 13:15:56.932 10904 10904 D ActivityNode: Observer - successor visit time - AllSharedStoriesItemsList - Updating the visit time from the successors list:
08-06 13:15:56.932 10904 10904 D ActivityNode: [AggregateVisitTimeByActivity{nappatfpr.com.newsblur.activity.AllSharedStoriesReading : 86003 ms}]
08-06 13:15:56.932 10904 10904 D ActivityNode: Observer - session data - sourceGlobalSharedStoriesItemsList
08-06 13:15:56.932 10904 10904 D ActivityNode: destinations:
08-06 13:15:56.932 10904 10904 D ActivityNode: 	nappatfpr.com.newsblur.activity.GlobalSharedStoriesReading( count 12)
08-06 13:15:56.932 10904 10904 D ActivityNode: Observer - session data - sourceGlobalSharedStoriesReading
08-06 13:15:56.932 10904 10904 D ActivityNode: destinations:
08-06 13:15:56.932 10904 10904 D ActivityNode: Observer - session data - sourceMain
08-06 13:15:56.932 10904 10904 D ActivityNode: destinations:
08-06 13:15:56.932 10904 10904 D ActivityNode: 	nappatfpr.com.newsblur.activity.GlobalSharedStoriesItemsList( count 9)
08-06 13:15:56.932 10904 10904 D ActivityNode: 	nappatfpr.com.newsblur.activity.AllSharedStoriesItemsList( count 8)
08-06 13:15:56.932 10904 10904 D ActivityNode: Observer - session data - sourceAllSharedStoriesItemsList
08-06 13:15:56.932 10904 10904 D ActivityNode: destinations:
08-06 13:15:56.932 10904 10904 D ActivityNode: 	nappatfpr.com.newsblur.activity.AllSharedStoriesReading( count 12)
08-06 13:15:56.932 10904 10904 D ActivityNode: Observer - session data - sourceAllSharedStoriesReading
08-06 13:15:56.932 10904 10904 D ActivityNode: destinations:
08-06 13:15:56.935 10904 10904 W View    : requestLayout() improperly called by android.widget.FrameLayout{a3906a7 V.E...... ......ID 0,0-1440,0 #7f070061 app:id/footer_view_inner} during layout: running second layout pass
08-06 13:15:56.935 10904 10904 W View    : requestLayout() improperly called by android.widget.FrameLayout{678e754 V.E...... ......ID 0,0-1440,476 #7f070061 app:id/footer_view_inner} during layout: running second layout pass
08-06 13:15:56.937 10904  8249 D CustomInterceptor: NETWORK-PROVIDER https://www.newsblur.com/social/river_stories?order=newest&page=1&read_filter=all&global_feed=true
08-06 13:15:56.937 10904  8249 D Nappa   : F1_SCORE add_intercept_url - (new) - https://www.newsblur.com/social/river_stories?order=newest&page=1&read_filter=all&global_feed=true
08-06 13:15:56.938 10904  8249 D Nappa   : F1_SCORE add_fn_url - (new) - https://www.newsblur.com/social/river_stories?order=newest&page=1&read_filter=all&global_feed=true
08-06 13:15:56.938 10904  8249 D Nappa   : -------------F1_SCORE #2 -----------
08-06 13:15:56.938 10904  8249 D Nappa   : F1_SCORE - Intercept list (3)= [https://www.newsblur.com/reader/feeds/?update_counts=true, https://www.newsblur.com/reader/unread_story_hashes?include_timestamps=1, https://www.newsblur.com/social/river_stories?order=newest&page=1&read_filter=all&global_feed=true]
08-06 13:15:56.938 10904  8249 D Nappa   : F1_SCORE - Prefetch list (0)= []
08-06 13:15:56.938 10904  8249 D Nappa   : F1_SCORE - TP list (0)= []
08-06 13:15:56.938 10904  8249 D Nappa   : F1_SCORE - FN list (3)= [https://www.newsblur.com/reader/feeds/?update_counts=true, https://www.newsblur.com/reader/unread_story_hashes?include_timestamps=1, https://www.newsblur.com/social/river_stories?order=newest&page=1&read_filter=all&global_feed=true]
08-06 13:15:56.938 10904  8249 I NAPPA_EXPERIMENTATION: MetricPrefetchingAccuracy: LOG_ID='3',F1_SCORE_1='0.0',F1_SCORE_2='0.0',TRUE_POSITIVE='0',FALSE_POSITIVE='0',FALSE_NEGATIVE='3',
08-06 13:15:56.938 10904  8249 D CustomInterceptor: HEADER REQUEST
08-06 13:15:56.938 10904  8249 D CustomInterceptor: Cache-Control max-age=300, max-stale=300
08-06 13:15:56.938 10904  8249 D CustomInterceptor: Cookie newsblur_sessionid=qlbd3ilzka7q9q07v2htr96j75kh6za7; Domain=.newsblur.com; expires=Fri, 05 Aug 2022 20:40:09 GMT; Max-Age=63072000; Path=/
08-06 13:15:56.938 10904  8249 D CustomInterceptor: User-Agent NewsBlur Android app (Huawei Nexus 6P 6.0 9.0b1)
08-06 13:15:56.938 10904  8249 D CustomInterceptor: CACHED STATS: size = '2', maxSize = '100', hitCount = '2', createCount = '0', putCount = '2', evictionCount = '0', missCount = '2', toString = 'LruCache[maxSize=100,hits=2,misses=2,hitRate=50%]', 
08-06 13:15:56.938 10904  8249 D CustomInterceptor: PREFLIB NOT A GET REQUEST OR NOT IN CACHEGET
08-06 13:15:56.953   918   936 I ActivityManager: Displayed nappatfpr.com.newsblur/.activity.GlobalSharedStoriesItemsList: +352ms
08-06 13:15:56.956 13866 13866 I GoogleInputMethodServic: GoogleInputMethodService.onFinishInput():3138 
08-06 13:15:56.957 13866 13866 I GoogleInputMethodServic: GoogleInputMethodService.onStartInput():1808 
08-06 13:15:57.038 10904  8027 D Nappa   : registerActivity: (already in) nappatfpr.com.newsblur.activity.GlobalSharedStoriesItemsList
08-06 13:15:57.039 10904  8027 D Nappa   : PARENTS 
08-06 13:15:57.039 10904  8027 D Nappa   : Of: nappatfpr.com.newsblur.activity.GlobalSharedStoriesItemsList -> 
08-06 13:15:57.039 10904  8027 D Nappa   : PARENTS nappatfpr.com.newsblur.activity.Main
08-06 13:15:57.039 10904  8027 D Nappa   : PARENTS has extra: (feed_set, nappatfpr.com.newsblur.util.FeedSet@e)
08-06 13:15:57.078 10904  8027 D Nappa   : PREFETCH_ON_EXTRA - setCurrentActivity - logs - from extra - made prediction istrue
08-06 13:15:57.078 10904  8027 D Nappa   : PREFETCH_ON_EXTRA - setCurrentActivity - logs - from extra - start
08-06 13:15:57.078 10904  8027 D Nappa   : setCurrentActivity - MetricStrategyAccuracy - checking prediction VS current activity for extras
08-06 13:15:57.078 10904  8027 D TfprPrefetchingStrategy: MetricStrategyAccuracy inc hits count1 | from extra
08-06 13:15:57.078 10904  8027 I NAPPA_EXPERIMENTATION: MetricStrategyAccuracy: LOG_ID='1',EXECUTION_COUNT='1',CASES_COUNT='1',HIT_PERCENTAGE_TOTAL='100.0',HIT_PERCENTAGE_WHEN_PREDICTED='100.0',HIT_COUNT='1',MISS_COUNT='0',INSUFFICIENT_SCORE_COUNT='0',EXCEPTION_COUNT='0',NO_SUCCESSOR_COUNT='0',
08-06 13:15:57.078 10904  8027 D Nappa   : PREFETCH_ON_EXTRA - setCurrentActivity - logs - from extra- finished
08-06 13:15:57.194 10904  8087 I art     : Starting a blocking GC Explicit
08-06 13:15:57.213 10904  8087 I art     : Explicit concurrent mark sweep GC freed 4451(362KB) AllocSpace objects, 7(140KB) LOS objects, 36% free, 27MB/43MB, paused 366us total 18.477ms
08-06 13:15:57.220 10904  8087 I art     : Starting a blocking GC Explicit
08-06 13:15:57.234 10904  8087 I art     : Explicit concurrent mark sweep GC freed 324(13KB) AllocSpace objects, 0(0B) LOS objects, 36% free, 27MB/43MB, paused 293us total 13.654ms
08-06 13:15:57.241 10904  8087 I art     : Starting a blocking GC Explicit
08-06 13:15:57.253 10904  8087 I art     : Explicit concurrent mark sweep GC freed 5(160B) AllocSpace objects, 0(0B) LOS objects, 36% free, 27MB/43MB, paused 272us total 12.383ms
08-06 13:15:57.261 10904  8087 I art     : Starting a blocking GC Explicit
08-06 13:15:57.273 10904  8087 I art     : Explicit concurrent mark sweep GC freed 4(128B) AllocSpace objects, 0(0B) LOS objects, 36% free, 27MB/43MB, paused 283us total 12.019ms
08-06 13:15:57.278 10904  8087 I art     : Starting a blocking GC Explicit
08-06 13:15:57.291 10904  8087 I art     : Explicit concurrent mark sweep GC freed 4(128B) AllocSpace objects, 0(0B) LOS objects, 36% free, 27MB/43MB, paused 279us total 12.270ms
08-06 13:15:57.379 10904  8027 D Nappa   : PREFETCH_ON_EXTRA - setCurrentActivity - starting new prediction
