08-03 19:09:32.230  3634  3634 D Nappa   : activity.getClass().getCanonicalName() = nappatfpr.de.danoeh.antennapod.activity.OnlineFeedViewActivity, 
08-03 19:09:32.230  3634  3634 D Nappa   : PREFETCH_ON_EXTRA - setCurrentActivity - logs - from activity - made prediction isfalse
08-03 19:09:32.230   918  3714 D WifiService: acquireWifiLockLocked: WifiLock{Downloader type=1 binder=android.os.BinderProxy@dfe8ee0}
08-03 19:09:32.231  3634  3661 D AntennapodHttpClient: Creating new instance of HTTP client
08-03 19:09:32.232  3634  3661 D Nappa   : TAG okHttpClient initialized
08-03 19:09:32.233  3634  3661 D CustomInterceptor: NETWORK-PROVIDER https://rss.art19.com/nice-white-parents
08-03 19:09:32.233  3634  3661 D Nappa   : F1_SCORE add_intercept_url - (new) - https://rss.art19.com/nice-white-parents
08-03 19:09:32.233  3634  3661 D Nappa   : F1_SCORE add_fn_url - (new) - https://rss.art19.com/nice-white-parents
08-03 19:09:32.233  3634  3661 D Nappa   : -------------F1_SCORE #5 -----------
08-03 19:09:32.233  3634  3661 D Nappa   : F1_SCORE - Intercept list (4)= [https://itunes.apple.com/en/rss/toppodcasts/limit=25/explicit=true/json, https://itunes.apple.com/us/rss/toppodcasts/limit=25/explicit=true/json, https://itunes.apple.com/lookup?id=1524080195, https://rss.art19.com/nice-white-parents]
08-03 19:09:32.233  3634  3661 D Nappa   : F1_SCORE - Prefetch list (0)= []
08-03 19:09:32.233  3634  3661 D Nappa   : F1_SCORE - TP list (0)= []
08-03 19:09:32.233  3634  3661 D Nappa   : F1_SCORE - FN list (4)= [https://itunes.apple.com/en/rss/toppodcasts/limit=25/explicit=true/json, https://itunes.apple.com/us/rss/toppodcasts/limit=25/explicit=true/json, https://itunes.apple.com/lookup?id=1524080195, https://rss.art19.com/nice-white-parents]
08-03 19:09:32.233  3634  3661 I NAPPA_EXPERIMENTATION: MetricPrefetchingAccuracy: LOG_ID='6',F1_SCORE_1='0.0',F1_SCORE_2='0.0',TRUE_POSITIVE='0',FALSE_POSITIVE='0',FALSE_NEGATIVE='4',
08-03 19:09:32.233  3634  3661 D CustomInterceptor: HEADER REQUEST
08-03 19:09:32.233  3634  3661 D CustomInterceptor: Cache-Control max-age=300, max-stale=300
08-03 19:09:32.234  3634  3661 D CustomInterceptor: User-Agent AntennaPod/1.7.2b
08-03 19:09:32.234  3634  3661 D CustomInterceptor: CACHED STATS: size = '2', maxSize = '100', hitCount = '2', createCount = '0', putCount = '2', evictionCount = '0', missCount = '3', toString = 'LruCache[maxSize=100,hits=2,misses=3,hitRate=40%]', 
08-03 19:09:32.234  3634  3661 D CustomInterceptor: PREFLIB NOT A GET REQUEST OR NOT IN CACHEGET
08-03 19:09:32.330  3634  3634 D Nappa   : registerActivity: (new) nappatfpr.de.danoeh.antennapod.activity.OnlineFeedViewActivity
08-03 19:09:32.333  3634  3662 D Nappa   : registerActivity: (new) nappatfpr.de.danoeh.antennapod.activity.OnlineFeedViewActivity
08-03 19:09:32.337  3634  3657 D RegisterNewActivityRunnable: activity = ActivityData{nappatfpr.de.danoeh.antennapod.activity.OnlineFeedViewActivity (#4)}
08-03 19:09:32.337  3634  3657 D RegisterNewActivityRunnable: graph.getCurrent() = MainActivity 
08-03 19:09:32.337  3634  3657 D RegisterNewActivityRunnable: 	Successors:
08-03 19:09:32.337  3634  3657 D RegisterNewActivityRunnable: 		PreferenceActivity (1 hits)
08-03 19:09:32.337  3634  3657 D RegisterNewActivityRunnable: 	Ancestors:
08-03 19:09:32.337  3634  3657 D RegisterNewActivityRunnable: 		SplashActivity (1 hits)
08-03 19:09:32.337  3634  3657 D RegisterNewActivityRunnable: 
08-03 19:09:32.337  3634  3657 D Nappa   : Updating activity map nappatfpr.de.danoeh.antennapod.activity.OnlineFeedViewActivity: 4
08-03 19:09:32.337  3634  3657 D RegisterNewActivityRunnable: Activity registered nappatfpr.de.danoeh.antennapod.activity.OnlineFeedViewActivity (#4)
08-03 19:09:32.338  3634  3634 D ActivityGraph: LARDataUpdate node nappatfpr.de.danoeh.antennapod.activity.OnlineFeedViewActivity added to nodelist
08-03 19:09:32.338  3634  3634 D ActivityGraph: LARDataUpdate  Pagerank: 0.25 HITS-Authority: 1.0 HITS-Hub: 1.0 SALSA-Authority: 1.0 SALSA-Hub: 1.0
08-03 19:09:32.338  3634  3634 D ActivityNode: ACTNODE CREATING, NOT IN DB
08-03 19:09:32.338  3634  3634 D ActivityGraph: LARDataCalculatedUpdate nappatfpr.de.danoeh.antennapod.activity.OnlineFeedViewActivity Pagerank: 0.25 HITS-Authority: 1.0 HITS-Hub: 1.0 SALSA-Authority: 1.0 SALSA-Hub: 1.0
08-03 19:09:32.338  3634  3634 D Nappa   : SHOULD_PREFETCH true
08-03 19:09:32.339  3634  3662 E NappaThreadPool: Exception caught on worker thread
08-03 19:09:32.339  3634  3662 E NappaThreadPool: Exceptiom: java.util.concurrent.ExecutionException: android.database.sqlite.SQLiteConstraintException: UNIQUE constraint failed: nappa_activity.activity_name (code 2067)
08-03 19:09:32.339  3634  3662 E NappaThreadPool: [java.util.concurrent.FutureTask.report(FutureTask.java:94)
08-03 19:09:32.339  3634  3662 E NappaThreadPool:  java.util.concurrent.FutureTask.get(FutureTask.java:164)
08-03 19:09:32.339  3634  3662 E NappaThreadPool:  nl.vu.cs.s2group.nappa.util.NappaThreadPool.submit(NappaThreadPool.java:55)
08-03 19:09:32.339  3634  3662 E NappaThreadPool:  nl.vu.cs.s2group.nappa.handler.activity.RegisterNewActivityHandler.run(RegisterNewActivityHandler.java:27)
08-03 19:09:32.339  3634  3662 E NappaThreadPool:  nl.vu.cs.s2group.nappa.Nappa.registerActivity(Nappa.java:202)
08-03 19:09:32.339  3634  3662 E NappaThreadPool:  nl.vu.cs.s2group.nappa.graph.ActivityNode.<init>(ActivityNode.java:73)
08-03 19:09:32.339  3634  3662 E NappaThreadPool:  nl.vu.cs.s2group.nappa.graph.ActivityGraph.getByName(ActivityGraph.java:177)
08-03 19:09:32.339  3634  3662 E NappaThreadPool:  nl.vu.cs.s2group.nappa.Nappa.lambda$checkUrlWithExtras$12(Nappa.java:644)
08-03 19:09:32.339  3634  3662 E NappaThreadPool:  nl.vu.cs.s2group.nappa.-$$Lambda$Nappa$aGFaDQ0M57UKe4ErtzOvHeCz8T4.run(lambda)
08-03 19:09:32.339  3634  3662 E NappaThreadPool:  java.util.concurrent.Executors$RunnableAdapter.call(Executors.java:423)
08-03 19:09:32.339  3634  3662 E NappaThreadPool:  java.util.concurrent.FutureTask.run(FutureTask.java:237)
08-03 19:09:32.339  3634  3662 E NappaThreadPool:  java.util.concurrent.ScheduledThreadPoolExecutor$ScheduledFutureTask.run(ScheduledThreadPoolExecutor.java:269)
08-03 19:09:32.339  3634  3662 E NappaThreadPool:  java.util.concurrent.ThreadPoolExecutor.runWorker(ThreadPoolExecutor.java:1113)
08-03 19:09:32.339  3634  3662 E NappaThreadPool:  java.util.concurrent.ThreadPoolExecutor$Worker.run(ThreadPoolExecutor.java:588)
08-03 19:09:32.339  3634  3662 E NappaThreadPool:  java.lang.Thread.run(Thread.java:818)]
08-03 19:09:32.339  3634  3662 D Nappa   : PARENTS 
08-03 19:09:32.339  3634  3662 D Nappa   : Of: nappatfpr.de.danoeh.antennapod.activity.OnlineFeedViewActivity -> 
08-03 19:09:32.340  3634  3662 D Nappa   : PARENTS nappatfpr.de.danoeh.antennapod.activity.MainActivity
08-03 19:09:32.340  3634  3662 D Nappa   : PARENTS has extra: (arg.feedurl, https://rss.art19.com/nice-white-parents)
08-03 19:09:32.340  3634  3662 D Nappa   : PARENTS value of key 'arg.feedurl' is contained into https://rss.art19.com/nice-white-parents
08-03 19:09:32.341  3634  3662 D Nappa   : PARENTS PARAM: arg.feedurl
08-03 19:09:32.341  3634  3662 D Nappa   : PARENTS   NODE nappatfpr.de.danoeh.antennapod.activity.OnlineFeedViewActivity DOES NOT CONTAIN THIS URL
08-03 19:09:32.341  3634  3662 D Nappa   : PARENTS has extra: (title, iTunes)
08-03 19:09:32.341  3634  3662 D Nappa   : PARENTS nappatfpr.de.danoeh.antennapod.activity.SplashActivity
08-03 19:09:32.341  3634  3662 D Nappa   : {nappatfpr.de.danoeh.antennapod.activity.OnlineFeedViewActivity=4, nappatfpr.de.danoeh.antennapod.activity.PreferenceActivity=3, nappatfpr.de.danoeh.antennapod.activity.MainActivity=2, nappatfpr.de.danoeh.antennapod.activity.SplashActivity=1}
08-03 19:09:32.349  3634  3662 D Nappa   : serializeAndSavePar start adding
08-03 19:09:32.359  3634  3662 D Nappa   : serializeAndSavePar end adding
08-03 19:09:32.438  3634  4602 D Nappa   : registerActivity: (already in) nappatfpr.de.danoeh.antennapod.activity.OnlineFeedViewActivity
08-03 19:09:32.439  3634  3634 D Nappa   : registerActivity: (already in) nappatfpr.de.danoeh.antennapod.activity.OnlineFeedViewActivity
08-03 19:09:32.439  3634  4602 D RegisterNewActivityRunnable: activity = ActivityData{nappatfpr.de.danoeh.antennapod.activity.OnlineFeedViewActivity (#4)}
08-03 19:09:32.439  3634  3634 D Nappa   : STATS Number of requests not prefetched: 3
08-03 19:09:32.439  3634  3634 D Nappa   : STATS Number of requests prefetched: 0
08-03 19:09:32.439  3634  4602 D RegisterNewActivityRunnable: graph.getByName(activityName) = OnlineFeedViewActivity 
08-03 19:09:32.439  3634  4602 D RegisterNewActivityRunnable: 	Successors:
08-03 19:09:32.439  3634  4602 D RegisterNewActivityRunnable: 
08-03 19:09:32.439  3634  4602 D RegisterNewActivityRunnable: 	Ancestors:
08-03 19:09:32.439  3634  4602 D RegisterNewActivityRunnable: 		MainActivity (1 hits)
08-03 19:09:32.439  3634  4602 D RegisterNewActivityRunnable: 
08-03 19:09:32.439  3634  3634 D Nappa   : STATS Time saved until now: 0.0
08-03 19:09:32.439  3634  4602 D FetchActivityLiveDataInfoHandler: activity  = OnlineFeedViewActivity
08-03 19:09:32.439  3634  4602 D FetchActivityLiveDataInfoHandler: shouldSetSessionAggregateLiveData  = true
08-03 19:09:32.439  3634  4602 D FetchActivityLiveDataInfoHandler: need/shouldSetSuccessorVisitTime  = true - true
08-03 19:09:32.439  3634  4602 D FetchActivityLiveDataInfoHandler: need/shouldSetSuccessorVisitTime  = true - true
08-03 19:09:32.440  3634  4602 D FetchActivityLiveDataInfoHandler: shouldSetUrlCandidateDbLiveDataLiveData  = true
08-03 19:09:32.440  3634  4602 D FetchActivityLiveDataInfoHandler: shouldSetActivityExtraLiveData  = true
08-03 19:09:32.440  3634  3657 D FetchSessionDataRunnable: OnlineFeedViewActivity Fetching session data for LAST_N_SESSIONS_FROM_ENTITY_SESSION
08-03 19:09:32.440  3634  3655 D FetchVisitTimeRunnable: OnlineFeedViewActivity Fetching session data for LAST_N_SESSIONS_FROM_ENTITY_SESSION
08-03 19:09:32.441  3634  3657 D FetchSuccessorsVisitTimeRunnable: OnlineFeedViewActivity Fetching session data for LAST_N_SESSIONS_FROM_ENTITY_SESSION
08-03 19:09:32.441  3634  3655 D FetchUrlCandidateRunnable: OnlineFeedViewActivity Fetching URL candidates
08-03 19:09:32.441  3634  3657 D FetchIntentExtraRunnable: OnlineFeedViewActivity Fetching intent extras
08-03 19:09:32.442  3634  4602 D RegisterNewActivityRunnable: Current node is now available after 111 ms
08-03 19:09:32.442  3634  4602 D RegisterNewActivityRunnable: OnlineFeedViewActivity 
08-03 19:09:32.442  3634  4602 D RegisterNewActivityRunnable: 	Successors:
08-03 19:09:32.442  3634  4602 D RegisterNewActivityRunnable: 
08-03 19:09:32.442  3634  4602 D RegisterNewActivityRunnable: 	Ancestors:
08-03 19:09:32.442  3634  4602 D RegisterNewActivityRunnable: 		MainActivity (1 hits)
08-03 19:09:32.442  3634  4602 D RegisterNewActivityRunnable: 
08-03 19:09:32.444  3634  3634 D ActivityNode: Observer - intent extra - PreferenceActivity
08-03 19:09:32.444  3634  3634 D ActivityNode: Extras:
08-03 19:09:32.444  3634  3634 D ActivityNode: Observer - intent extra - MainActivity
08-03 19:09:32.444  3634  3634 D ActivityNode: Extras:
08-03 19:09:32.444  3634  3634 D ActivityNode: 	activity ID 2( key title)
08-03 19:09:32.444  3634  3634 D ActivityNode: 	activity ID 2( key arg.feedurl)
08-03 19:09:32.444  3634  3634 D ActivityNode: Observer - intent extra - SplashActivity
08-03 19:09:32.444  3634  3634 D ActivityNode: Extras:
08-03 19:09:32.444  3634  3634 D ActivityNode: Setting aggregate visit time live data for node OnlineFeedViewActivity
08-03 19:09:32.468   512  2967 D audio_hw_primary: disable_audio_route: reset and update mixer path: low-latency-playback speaker
08-03 19:09:32.469   512  2967 D audio_hw_primary: disable_snd_device: snd_device(2: speaker)
08-03 19:09:32.472  3634  3729 I art     : Starting a blocking GC Explicit
08-03 19:09:32.477   512  2967 I soundtrigger: audio_extn_sound_trigger_update_device_status: device 0x2 of type 0 for Event 0
08-03 19:09:32.487  3634  3634 D ActivityNode: Observer - successor visit time - SplashActivity - Updating the visit time from the successors list:
08-03 19:09:32.487  3634  3634 D ActivityNode: [AggregateVisitTimeByActivity{nappatfpr.de.danoeh.antennapod.activity.MainActivity : 8693 ms}]
08-03 19:09:32.489  3634  3634 D ActivityNode: Observer - visit time - MainActivity - New aggregate visit time found is 21625 ms
08-03 19:09:32.489  3634  3634 D ActivityNode: Observer - successor visit time - MainActivity - Updating the visit time from the successors list:
08-03 19:09:32.489  3634  3634 D ActivityNode: [AggregateVisitTimeByActivity{nappatfpr.de.danoeh.antennapod.activity.PreferenceActivity : 6327 ms}]
08-03 19:09:32.490  3634  3634 D ActivityNode: Observer - session data - sourceSplashActivity
08-03 19:09:32.490  3634  3634 D ActivityNode: destinations:
08-03 19:09:32.490  3634  3634 D ActivityNode: 	nappatfpr.de.danoeh.antennapod.activity.MainActivity( count 1)
08-03 19:09:32.490  3634  3634 D ActivityNode: Observer - session data - sourceMainActivity
08-03 19:09:32.490  3634  3634 D ActivityNode: destinations:
08-03 19:09:32.490  3634  3634 D ActivityNode: 	nappatfpr.de.danoeh.antennapod.activity.PreferenceActivity( count 1)
08-03 19:09:32.490  3634  3634 D ActivityNode: 	nappatfpr.de.danoeh.antennapod.activity.OnlineFeedViewActivity( count 1)
08-03 19:09:32.490  3634  3634 D ActivityNode: Observer - session data - sourcePreferenceActivity
08-03 19:09:32.490  3634  3634 D ActivityNode: destinations:
08-03 19:09:32.490  3634  3634 D PARAM   : COUNT: 0
08-03 19:09:32.490  3634  3634 D ActivityNode: Observer - URL candidate PreferenceActivity[]
08-03 19:09:32.490  3634  3634 D PARAM   : COUNT: 0
08-03 19:09:32.490  3634  3634 D ActivityNode: Observer - URL candidate MainActivity[]
08-03 19:09:32.490  3634  3634 D PARAM   : COUNT: 0
08-03 19:09:32.490  3634  3634 D ActivityNode: Observer - URL candidate SplashActivity[]
08-03 19:09:32.490  3634  3634 D ActivityNode: Observer - session data - sourceOnlineFeedViewActivity
08-03 19:09:32.490  3634  3634 D ActivityNode: destinations:
08-03 19:09:32.490  3634  3634 D ActivityNode: Observer - visit time - OnlineFeedViewActivity - Was not accessed in the last N sessions
08-03 19:09:32.492 13866 13866 I GoogleInputMethodServic: GoogleInputMethodService.onFinishInput():3138 
08-03 19:09:32.492 13866 13866 I GoogleInputMethodServic: GoogleInputMethodService.onStartInput():1808 
08-03 19:09:32.493  3634  3634 D ActivityNode: Observer - intent extra - OnlineFeedViewActivity
08-03 19:09:32.493  3634  3634 D ActivityNode: Extras:
08-03 19:09:32.493  3634  3634 D PARAM   : COUNT: 1
08-03 19:09:32.493  3634  3634 D PARAM   : ID_ACTIVITY: 4
08-03 19:09:32.493  3634  3634 D PARAM   : parameter.urlPiece = arg.feedurl
08-03 19:09:32.493  3634  3634 D PARAM   : parameter.type = 1
08-03 19:09:32.493  3634  3634 D PARAM   : parameter.urlOrder = 0
08-03 19:09:32.494  3634  3634 D ActivityNode: Observer - URL candidate OnlineFeedViewActivity[nl.vu.cs.s2group.nappa.room.dao.UrlCandidateDao$UrlCandidateToUrlParameter@e514c73]
08-03 19:09:32.504  3634  3729 I art     : Explicit concurrent mark sweep GC freed 10976(664KB) AllocSpace objects, 4(220KB) LOS objects, 37% free, 27MB/43MB, paused 1.611ms total 31.887ms
08-03 19:09:32.516  3634  3729 I art     : Starting a blocking GC Explicit
08-03 19:09:32.523   918   936 I ActivityManager: Displayed nappatfpr.de.danoeh.antennapod.debug/nappatfpr.de.danoeh.antennapod.activity.OnlineFeedViewActivity: +326ms
08-03 19:09:32.548  3634  3729 I art     : Explicit concurrent mark sweep GC freed 2141(169KB) AllocSpace objects, 0(0B) LOS objects, 37% free, 26MB/42MB, paused 1.063ms total 31.750ms
08-03 19:09:32.560  3634  3729 I art     : Starting a blocking GC Explicit
08-03 19:09:32.562  3634  3661 D CustomInterceptor: CACHE_CONTROL SETTING NEW MAX-AGE
08-03 19:09:32.591  3634  3729 I art     : Explicit concurrent mark sweep GC freed 506(69KB) AllocSpace objects, 0(0B) LOS objects, 37% free, 26MB/42MB, paused 1.094ms total 30.739ms
08-03 19:09:32.603  3634  3729 I art     : Starting a blocking GC Explicit
08-03 19:09:32.607  3634  3661 I System  : Loaded time zone names for "en" in 32ms (31ms in ICU)
08-03 19:09:32.607  3634  3661 D CustomInterceptor: HEADER RESPONSE
08-03 19:09:32.607  3634  3661 D CustomInterceptor: accept-ranges bytes
08-03 19:09:32.607  3634  3661 D CustomInterceptor: age 56953
08-03 19:09:32.607  3634  3661 D CustomInterceptor: Cache-Control public, immutable, max-age=300, only-if-cached, max-stale=300
08-03 19:09:32.607  3634  3661 D CustomInterceptor: content-md5 xMOO13TrFmMrxX7Wq4r2vA==
08-03 19:09:32.607  3634  3661 D CustomInterceptor: content-type application/rss+xml; charset=utf-8
08-03 19:09:32.608  3634  3661 D CustomInterceptor: date Mon, 03 Aug 2020 17:09:28 GMT
08-03 19:09:32.608  3634  3661 D CustomInterceptor: Expires Mon, 03 Aug 2020 17:14:32 GMT+00:00
08-03 19:09:32.608  3634  3661 D CustomInterceptor: last-modified Mon, 03 Aug 2020 01:20:14 GMT
08-03 19:09:32.608  3634  3661 D CustomInterceptor: vary Accept, Accept-Encoding, Accept-Language, Origin, Accept-Encoding
08-03 19:09:32.608  3634  3661 D CustomInterceptor: via 1.1 varnish
08-03 19:09:32.608  3634  3661 D CustomInterceptor: x-cache HIT, HIT
08-03 19:09:32.608  3634  3661 D CustomInterceptor: x-cache-hits 1, 1
08-03 19:09:32.608  3634  3661 D CustomInterceptor: x-content-type-options nosniff
08-03 19:09:32.608  3634  3661 D CustomInterceptor: x-frame-options SAMEORIGIN
08-03 19:09:32.608  3634  3661 D CustomInterceptor: x-served-by cache-sjc10077-SJC, cache-ams21054-AMS
08-03 19:09:32.608  3634  3661 D CustomInterceptor: x-xss-protection 1; mode=block
08-03 19:09:32.608  3634  3661 D CustomInterceptor: CACHEABLE true
08-03 19:09:32.608  3634  3661 D CustomInterceptor: REQ https://rss.art19.com/nice-white-parents
08-03 19:09:32.608  3634  3661 D CustomInterceptor: REQ_SERV_BY net
08-03 19:09:32.609  3634  3661 D CustomInterceptor: PREFLIB Adding response to lrucache - https://rss.art19.com/nice-white-parents
08-03 19:09:32.610  3634  3661 D CustomInterceptor: interceptor_finished : return_type #3 : request served from remote and added to cache
08-03 19:09:32.611  3634  3661 D MYTAG   : interceptor 3a https://rss.art19.com/nice-white-parents
08-03 19:09:32.611  3634  3661 I NAPPA_EXPERIMENTATION: MetricNetworkRequestExecutionTime: REQUEST_DURATION_SYSTEM='379',REQUEST_DURATION_OKHTTP='0',REQUEST_SYNCHRONOUS='TRUE',RESPONSE_CODE='200',RESPONSE_METHOD='GET',RESPONSE_LENGTH_OKHTTP='4971',RESPONSE_LENGTH_HEADER='-2',REQUEST_PROTOCOL='h2',REQUEST_URL='https://rss.art19.com/nice-white-parents',
08-03 19:09:32.611  3634  3661 D HttpDownloader: Response code is 200
08-03 19:09:32.611  3634  3661 D UserPreferences: Using default data folder
08-03 19:09:32.613  3634  3661 D HttpDownloader: Getting size of download
08-03 19:09:32.613  3634  3661 D HttpDownloader: Size is 4971
08-03 19:09:32.613  3634  3661 D UserPreferences: Using default data folder
08-03 19:09:32.614  3634  3661 D HttpDownloader: Free space is 20513792000
08-03 19:09:32.614  3634  3661 D HttpDownloader: Starting download
08-03 19:09:32.614  3634  3661 D HttpDownloader: Download was successful
08-03 19:09:32.616   918   928 D WifiService: releaseWifiLockLocked: WifiLock{Downloader type=1 binder=android.os.BinderProxy@dfe8ee0}
08-03 19:09:32.617  3634  3634 D OnlineFeedViewActivity: Parsing feed
08-03 19:09:32.624  3634  4614 D TypeGetter: Recognized type RSS 2.0
08-03 19:09:32.628  3634  4614 D SyndHandler: Recognized ITunes namespace
08-03 19:09:32.628  3634  4614 D SyndHandler: Recognized Atom namespace
08-03 19:09:32.628  3634  4614 D SyndHandler: Recognized Content namespace
08-03 19:09:32.630  3634  3662 D Nappa   : PREFETCH_ON_EXTRA - setCurrentActivity - logs - from extra - made prediction istrue
08-03 19:09:32.630  3634  3662 D Nappa   : PREFETCH_ON_EXTRA - setCurrentActivity - logs - from extra - start
08-03 19:09:32.631  3634  3662 D Nappa   : setCurrentActivity - MetricStrategyAccuracy - checking prediction VS current activity for extras
08-03 19:09:32.631  3634  3662 D TfprPrefetchingStrategy: MetricStrategyAccuracy inc misses count0 | from extra
08-03 19:09:32.631  3634  3662 I NAPPA_EXPERIMENTATION: MetricStrategyAccuracy: LOG_ID='3',EXECUTION_COUNT='3',CASES_COUNT='3',HIT_PERCENTAGE_TOTAL='0.0',HIT_PERCENTAGE_WHEN_PREDICTED='0.0',HIT_COUNT='0',MISS_COUNT='1',INSUFFICIENT_SCORE_COUNT='0',EXCEPTION_COUNT='0',NO_SUCCESSOR_COUNT='2',
08-03 19:09:32.631  3634  3662 D Nappa   : PREFETCH_ON_EXTRA - setCurrentActivity - logs - from extra- finished
08-03 19:09:32.636  3634  3729 I art     : Explicit concurrent mark sweep GC freed 1991(318KB) AllocSpace objects, 3(60KB) LOS objects, 37% free, 27MB/43MB, paused 1.612ms total 33.117ms
08-03 19:09:32.640  3634  4614 D OnlineFeedViewActivity: Deleted feed source file. Result: true
08-03 19:09:32.640  3634  3634 D OnlineFeedViewActivity: Removing HTML from shownotes
08-03 19:09:32.648  3634  3729 I art     : Starting a blocking GC Explicit
08-03 19:09:32.680  3634  3729 I art     : Explicit concurrent mark sweep GC freed 3869(201KB) AllocSpace objects, 0(0B) LOS objects, 36% free, 27MB/43MB, paused 1.280ms total 31.685ms
08-03 19:09:32.708  3634  3634 W art     : Before Android 4.1, method int androidx.appcompat.widget.DropDownListView.lookForSelectablePosition(int, boolean) would have incorrectly overridden the package-private method in android.widget.ListView
08-03 19:09:32.715  3634  3634 I ListPopupWindow: Could not find method setEpicenterBounds(Rect) on PopupWindow. Oh well.
08-03 19:09:32.726  3634  4615 D ApOkHttpUrlLoader: buildLoadData() called with: model = [https://content.production.cdn.art19.com/images/89/e0/88/44/89e08844-ac28-4fc0-96fa-15a41fec2014/262c12ed699a8d9720dea0bd66449d998e4a08cf18095bed170ccaa76722045fa5dbf7a366918b2db7e3acf29ad22f6b99fd659a9409cb807bf2781d968932f8.jpeg], width = [350], height = [350]
08-03 19:09:32.734  3634  4441 D DBReader: getImageAuthentication() called with: imageUrl = [https://content.production.cdn.art19.com/images/89/e0/88/44/89e08844-ac28-4fc0-96fa-15a41fec2014/262c12ed699a8d9720dea0bd66449d998e4a08cf18095bed170ccaa76722045fa5dbf7a366918b2db7e3acf29ad22f6b99fd659a9409cb807bf2781d968932f8.jpeg]
08-03 19:09:32.736  3634  4441 D ApOkHttpUrlLoader: no credentials for 'https://content.production.cdn.art19.com/images/89/e0/88/44/89e08844-ac28-4fc0-96fa-15a41fec2014/262c12ed699a8d9720dea0bd66449d998e4a08cf18095bed170ccaa76722045fa5dbf7a366918b2db7e3acf29ad22f6b99fd659a9409cb807bf2781d968932f8.jpeg'
08-03 19:09:32.784   380   380 W SurfaceFlinger: couldn't log to binary event log: overflow.
08-03 19:09:32.907  3634  3634 D PlaybackController: Releasing PlaybackController
08-03 19:09:32.939  3634  3662 D Nappa   : PREFETCH_ON_EXTRA - setCurrentActivity - starting new prediction
08-03 19:09:32.940  3634  3662 D Nappa   : Current node - currentActivityName - nappatfpr.de.danoeh.antennapod.activity.OnlineFeedViewActivity
08-03 19:09:32.940  3634  3662 D Nappa   : Current node - activityGraph.getCurrent() - nappatfpr.de.danoeh.antennapod.activity.OnlineFeedViewActivity
08-03 19:09:32.940  3634  3662 I NAPPA_EXPERIMENTATION: MetricNappaPrefetchingStrategyExecutionTime: STRATEGY_CLASS='TfprPrefetchingStrategy',DURATION='1979',NUMBER_OF_URLS='0',NUMBER_OF_SELECTED_CHILDREN_NODES='0',NUMBER_OF_CHILDREN_NODES='0',STRATEGY_RUN_SUCCESSFULLY='True',
08-03 19:09:32.940  3634  3662 D TfprPrefetchingStrategy: ==================================
08-03 19:09:32.940  3634  3662 D TfprPrefetchingStrategy: Starting Run #4
08-03 19:09:32.940  3634  3662 D TfprPrefetchingStrategy: ----------------------------------
08-03 19:09:32.940  3634  3662 D TfprPrefetchingStrategy: Node data OnlineFeedViewActivity 
08-03 19:09:32.940  3634  3662 D TfprPrefetchingStrategy: 	Successors:
08-03 19:09:32.940  3634  3662 D TfprPrefetchingStrategy: 
08-03 19:09:32.940  3634  3662 D TfprPrefetchingStrategy: 	Ancestors:
08-03 19:09:32.940  3634  3662 D TfprPrefetchingStrategy: 		MainActivity (1 hits)
08-03 19:09:32.940  3634  3662 D TfprPrefetchingStrategy: 
08-03 19:09:32.940  3634  3662 D TfprPrefetchingStrategy: MetricStrategyAccuracy inc execution count4 | act = true; extra = false
08-03 19:09:32.940  3634  3662 D TfprPrefetchingStrategy: MetricStrategyAccuracy inc no sucessor count3 | act = true; extra = false
08-03 19:09:32.940  3634  3662 D TfprPrefetchingStrategy: Node has no successor
08-03 19:09:32.941  3634  3662 D TfprPrefetchingStrategy: Next visited child will be []
08-03 19:09:32.941  3634  3662 D TfprPrefetchingStrategy: ==================================
08-03 19:09:32.941  3634  3662 D Nappa   : PREFETCH_ON_EXTRA - setCurrentActivity - finished new prediction
08-03 19:09:32.981  3634  3650 I art     : Starting a blocking GC Explicit
08-03 19:09:33.019  3634  3650 I art     : Explicit concurrent mark sweep GC freed 16237(930KB) AllocSpace objects, 4(172KB) LOS objects, 36% free, 27MB/43MB, paused 1.123ms total 37.868ms
08-03 19:09:33.031  3634  3650 I art     : Starting a blocking GC Explicit
08-03 19:09:33.066  3634  3650 I art     : Explicit concurrent mark sweep GC freed 684(29KB) AllocSpace objects, 1(112KB) LOS objects, 36% free, 27MB/43MB, paused 1.129ms total 34.789ms
08-03 19:09:33.078  3634  3650 I art     : Starting a blocking GC Explicit
08-03 19:09:33.108  3634  4441 D MYTAG   : interceptor 2a
08-03 19:09:33.108  3634  4441 I NAPPA_EXPERIMENTATION: MetricNetworkRequestExecutionTime: REQUEST_DURATION_SYSTEM='371',REQUEST_DURATION_OKHTTP='165',REQUEST_SYNCHRONOUS='TRUE',RESPONSE_CODE='200',RESPONSE_METHOD='GET',RESPONSE_LENGTH_OKHTTP='2466122',RESPONSE_LENGTH_HEADER='2466122',REQUEST_PROTOCOL='h2',REQUEST_URL='https://content.production.cdn.art19.com/images/89/e0/88/44/89e08844-ac28-4fc0-96fa-15a41fec2014/262c12ed699a8d9720dea0bd66449d998e4a08cf18095bed170ccaa76722045fa5dbf7a366918b2db7e3acf29ad22f6b99fd659a9409cb807bf2781d968932f8.jpeg',
08-03 19:09:33.115  3634  3650 I art     : Explicit concurrent mark sweep GC freed 223(20KB) AllocSpace objects, 0(0B) LOS objects, 36% free, 27MB/43MB, paused 1.204ms total 36.738ms
08-03 19:09:33.128  3634  3650 I art     : Starting a blocking GC Explicit
08-03 19:09:33.162  3634  3650 I art     : Explicit concurrent mark sweep GC freed 50(3KB) AllocSpace objects, 0(0B) LOS objects, 36% free, 27MB/43MB, paused 1.542ms total 34.063ms
08-03 19:09:33.174  3634  3650 I art     : Starting a blocking GC Explicit
08-03 19:09:33.209  3634  3650 I art     : Explicit concurrent mark sweep GC freed 74(2368B) AllocSpace objects, 0(0B) LOS objects, 36% free, 27MB/43MB, paused 1.062ms total 35.033ms
08-03 19:09:33.489  3634  3646 I art     : Starting a blocking GC Explicit
08-03 19:09:33.533  3634  3646 I art     : Explicit concurrent mark sweep GC freed 3018(155KB) AllocSpace objects, 1(20KB) LOS objects, 36% free, 28MB/44MB, paused 1.313ms total 43.376ms
08-03 19:09:33.547  3634  3646 I art     : Starting a blocking GC Explicit
08-03 19:09:33.584  3634  3646 I art     : Explicit concurrent mark sweep GC freed 106(14KB) AllocSpace objects, 0(0B) LOS objects, 36% free, 28MB/44MB, paused 1.114ms total 36.778ms
08-03 19:09:33.597  3634  3646 I art     : Starting a blocking GC Explicit
08-03 19:09:33.632  3634  3646 I art     : Explicit concurrent mark sweep GC freed 95(4KB) AllocSpace objects, 0(0B) LOS objects, 36% free, 28MB/44MB, paused 1.087ms total 34.954ms
08-03 19:09:33.644  3634  3646 I art     : Starting a blocking GC Explicit
08-03 19:09:33.682  3634  3646 I art     : Explicit concurrent mark sweep GC freed 5(176B) AllocSpace objects, 0(0B) LOS objects, 36% free, 28MB/44MB, paused 1.090ms total 37.420ms
08-03 19:09:33.694  3634  3646 I art     : Starting a blocking GC Explicit
08-03 19:09:33.732  3634  3646 I art     : Explicit concurrent mark sweep GC freed 3(96B) AllocSpace objects, 0(0B) LOS objects, 36% free, 28MB/44MB, paused 1.073ms total 37.821ms
08-03 19:09:34.072  3634  4241 I art     : Starting a blocking GC Explicit
08-03 19:09:34.120  3634  4241 I art     : Explicit concurrent mark sweep GC freed 1625(97KB) AllocSpace objects, 1(20KB) LOS objects, 36% free, 28MB/44MB, paused 1.218ms total 47.684ms
08-03 19:09:34.138  3634  4241 I art     : Starting a blocking GC Explicit
08-03 19:09:34.176  3634  4241 I art     : Explicit concurrent mark sweep GC freed 35(1136B) AllocSpace objects, 0(0B) LOS objects, 36% free, 28MB/44MB, paused 1.110ms total 37.586ms
08-03 19:09:34.188  3634  4241 I art     : Starting a blocking GC Explicit
08-03 19:09:34.227  3634  4241 I art     : Explicit concurrent mark sweep GC freed 3(96B) AllocSpace objects, 0(0B) LOS objects, 36% free, 28MB/44MB, paused 1.120ms total 38.440ms
08-03 19:09:34.239  3634  4241 I art     : Starting a blocking GC Explicit
08-03 19:09:34.274  3634  4241 I art     : Explicit concurrent mark sweep GC freed 3(96B) AllocSpace objects, 0(0B) LOS objects, 36% free, 28MB/44MB, paused 1.076ms total 34.958ms
08-03 19:09:34.287  3634  4241 I art     : Starting a blocking GC Explicit
08-03 19:09:34.325  3634  4241 I art     : Explicit concurrent mark sweep GC freed 6(192B) AllocSpace objects, 0(0B) LOS objects, 36% free, 28MB/44MB, paused 1.045ms total 37.543ms
08-03 19:09:34.649  3634  3650 I art     : Starting a blocking GC Explicit
08-03 19:09:34.689  3634  3650 I art     : Explicit concurrent mark sweep GC freed 1621(100KB) AllocSpace objects, 1(20KB) LOS objects, 36% free, 28MB/44MB, paused 1.318ms total 39.592ms
08-03 19:09:34.703  3634  3650 I art     : Starting a blocking GC Explicit
08-03 19:09:34.740  3634  3650 I art     : Explicit concurrent mark sweep GC freed 35(1136B) AllocSpace objects, 0(0B) LOS objects, 36% free, 28MB/44MB, paused 1.045ms total 36.891ms
08-03 19:09:34.753  3634  3650 I art     : Starting a blocking GC Explicit
08-03 19:09:34.791  3634  3650 I art     : Explicit concurrent mark sweep GC freed 3(96B) AllocSpace objects, 0(0B) LOS objects, 36% free, 28MB/44MB, paused 1.114ms total 37.850ms
08-03 19:09:34.803  3634  3650 I art     : Starting a blocking GC Explicit
08-03 19:09:34.842  3634  3650 I art     : Explicit concurrent mark sweep GC freed 3(96B) AllocSpace objects, 0(0B) LOS objects, 36% free, 28MB/44MB, paused 1.042ms total 38.220ms
08-03 19:09:34.854  3634  3650 I art     : Starting a blocking GC Explicit
08-03 19:09:34.890  3634  3650 I art     : Explicit concurrent mark sweep GC freed 3(96B) AllocSpace objects, 0(0B) LOS objects, 36% free, 28MB/44MB, paused 1.134ms total 35.403ms
08-03 19:09:35.220  3634  4241 I art     : Starting a blocking GC Explicit
08-03 19:09:35.258  3634  4241 I art     : Explicit concurrent mark sweep GC freed 1625(100KB) AllocSpace objects, 1(20KB) LOS objects, 36% free, 28MB/44MB, paused 1.053ms total 38.110ms
08-03 19:09:35.271  3634  4241 I art     : Starting a blocking GC Explicit
08-03 19:09:35.310  3634  4241 I art     : Explicit concurrent mark sweep GC freed 35(1136B) AllocSpace objects, 0(0B) LOS objects, 36% free, 28MB/44MB, paused 1.128ms total 38.663ms
08-03 19:09:35.322  3634  4241 I art     : Starting a blocking GC Explicit
08-03 19:09:35.359  3634  4241 I art     : Explicit concurrent mark sweep GC freed 3(96B) AllocSpace objects, 0(0B) LOS objects, 36% free, 28MB/44MB, paused 1.037ms total 36.607ms
08-03 19:09:35.372  3634  4241 I art     : Starting a blocking GC Explicit
08-03 19:09:35.410  3634  4241 I art     : Explicit concurrent mark sweep GC freed 3(96B) AllocSpace objects, 0(0B) LOS objects, 36% free, 28MB/44MB, paused 1.086ms total 38.590ms
08-03 19:09:35.423  3634  4241 I art     : Starting a blocking GC Explicit
08-03 19:09:35.461  3634  4241 I art     : Explicit concurrent mark sweep GC freed 3(96B) AllocSpace objects, 0(0B) LOS objects, 36% free, 28MB/44MB, paused 992us total 37.944ms
08-03 19:09:35.812  3634  3646 I art     : Starting a blocking GC Explicit
08-03 19:09:35.858  3634  3646 I art     : Explicit concurrent mark sweep GC freed 1594(98KB) AllocSpace objects, 1(20KB) LOS objects, 36% free, 28MB/44MB, paused 1.211ms total 45.214ms
08-03 19:09:35.872  3634  3646 I art     : Starting a blocking GC Explicit
08-03 19:09:35.911  3634  3646 I art     : Explicit concurrent mark sweep GC freed 35(1136B) AllocSpace objects, 0(0B) LOS objects, 36% free, 28MB/44MB, paused 1.101ms total 38.856ms
08-03 19:09:35.923  3634  3646 I art     : Starting a blocking GC Explicit
08-03 19:09:35.962  3634  3646 I art     : Explicit concurrent mark sweep GC freed 3(96B) AllocSpace objects, 0(0B) LOS objects, 36% free, 28MB/44MB, paused 1.007ms total 37.909ms
08-03 19:09:35.974  3634  3646 I art     : Starting a blocking GC Explicit
08-03 19:09:36.011  3634  3646 I art     : Explicit concurrent mark sweep GC freed 3(96B) AllocSpace objects, 0(0B) LOS objects, 36% free, 28MB/44MB, paused 1.087ms total 36.519ms
08-03 19:09:36.023  3634  3646 I art     : Starting a blocking GC Explicit
08-03 19:09:36.061  3634  3646 I art     : Explicit concurrent mark sweep GC freed 3(96B) AllocSpace objects, 0(0B) LOS objects, 36% free, 28MB/44MB, paused 1.056ms total 37.695ms
08-03 19:09:36.362  3634  3729 I art     : Starting a blocking GC Explicit
08-03 19:09:36.403  3634  3729 I art     : Explicit concurrent mark sweep GC freed 1621(96KB) AllocSpace objects, 1(20KB) LOS objects, 36% free, 28MB/44MB, paused 1.183ms total 40.514ms
08-03 19:09:36.418  3634  3729 I art     : Starting a blocking GC Explicit
08-03 19:09:36.452  3634  3729 I art     : Explicit concurrent mark sweep GC freed 35(1136B) AllocSpace objects, 0(0B) LOS objects, 36% free, 28MB/44MB, paused 1.104ms total 34.068ms
08-03 19:09:36.464  3634  3729 I art     : Starting a blocking GC Explicit
08-03 19:09:36.502  3634  3729 I art     : Explicit concurrent mark sweep GC freed 3(96B) AllocSpace objects, 0(0B) LOS objects, 36% free, 28MB/44MB, paused 1.133ms total 37.441ms
08-03 19:09:36.514  3634  3729 I art     : Starting a blocking GC Explicit
08-03 19:09:36.552  3634  3729 I art     : Explicit concurrent mark sweep GC freed 3(96B) AllocSpace objects, 0(0B) LOS objects, 36% free, 28MB/44MB, paused 1.119ms total 37.317ms
08-03 19:09:36.564  3634  3729 I art     : Starting a blocking GC Explicit
08-03 19:09:36.599  3634  3729 I art     : Explicit concurrent mark sweep GC freed 3(96B) AllocSpace objects, 0(0B) LOS objects, 36% free, 28MB/44MB, paused 1.214ms total 35.295ms
08-03 19:09:36.660  4678  4678 D AndroidRuntime: >>>>>> START com.android.internal.os.RuntimeInit uid 2000 <<<<<<
08-03 19:09:36.666  4678  4678 D AndroidRuntime: CheckJNI is OFF
08-03 19:09:36.713  4678  4678 D ICU     : No timezone override file found: /data/misc/zoneinfo/current/icu/icu_tzdata.dat
08-03 19:09:36.763  4678  4678 I Radio-JNI: register_android_hardware_Radio DONE
08-03 19:09:36.779 24365 23406 I NetworkScheduler.Stats: Task com.google.android.gms/com.google.android.gms.icing.service.IcingGcmTaskService started execution. cause:4 exec_start_elapsed_seconds: 1628380 [CONTEXT service_id=218 ]
08-03 19:09:36.791  4678  4678 D AndroidRuntime: Calling main entry com.android.commands.input.Input
08-03 19:09:36.793  4678  4678 I Input   : injectMotionEvent: MotionEvent { action=ACTION_DOWN, actionButton=0, id[0]=0, x[0]=625.0, y[0]=832.0, toolType[0]=TOOL_TYPE_UNKNOWN, buttonState=0, metaState=0, flags=0x0, edgeFlags=0x0, pointerCount=1, historySize=0, eventTime=644993206, downTime=644993206, deviceId=0, source=0x1002 }
08-03 19:09:36.800 24365 25567 I NetworkScheduler.Stats: Task com.google.android.gms/com.google.android.gms.icing.service.IcingGcmTaskService finished executing. cause:4 result: 1 elapsed_millis: 48 uptime_millis: 49 exec_start_elapsed_seconds: 1628380 [CONTEXT service_id=218 ]
08-03 19:09:36.801  4678  4678 I Input   : injectMotionEvent: MotionEvent { action=ACTION_UP, actionButton=0, id[0]=0, x[0]=625.0, y[0]=832.0, toolType[0]=TOOL_TYPE_UNKNOWN, buttonState=0, metaState=0, flags=0x0, edgeFlags=0x0, pointerCount=1, historySize=0, eventTime=644993206, downTime=644993206, deviceId=0, source=0x1002 }
08-03 19:09:36.803  4678  4678 D AndroidRuntime: Shutting down VM
08-03 19:09:36.807  3634  3634 D UserPreferences: Using default data folder
08-03 19:09:36.809   512  2967 D audio_hw_primary: out_set_parameters: enter: usecase(1: low-latency-playback) kvpairs: routing=2
08-03 19:09:36.809  3634  3634 D DownloadRequester: partiallyDownloadedFileExists: false
08-03 19:09:36.809  3634  3634 D DownloadRequester: /storage/emulated/0/Android/data/nappatfpr.de.danoeh.antennapod.debug/files/cache/feed-Nice White Parents is available as a download destination
08-03 19:09:36.811  3634  3634 D DownloadRequester: Requesting download of url https://rss.art19.com/nice-white-parents
08-03 19:09:36.816  3634  3634 D DownloadService: Service started
08-03 19:09:36.817  3634  3634 D DownloadService: parallel downloads: 4
08-03 19:09:36.818  3634  4709 D downloadCompletionThd: downloadCompletionThread was started
08-03 19:09:36.820  3634  3634 D DownloadService: Notification set up
08-03 19:09:36.822   512  2967 D audio_hw_primary: select_devices: out_snd_device(2: speaker) in_snd_device(0: none)
08-03 19:09:36.822   512  2967 D msm8974_platform: platform_send_audio_calibration: sending audio calibration for snd_device(2) acdb_id(15)
08-03 19:09:36.822   512  2967 I soundtrigger: audio_extn_sound_trigger_update_device_status: device 0x2 of type 0 for Event 1
08-03 19:09:36.832  3634  3634 D DownloadService: Received enqueue request
08-03 19:09:36.833   512  2967 D audio_hw_primary: enable_snd_device: snd_device(2: speaker)
08-03 19:09:36.834  3634  3634 D OnlineFeedViewActivity: onEventMainThread() called with: event = [DownloadEvent{update=DownloaderUpdate{downloaders=[nappatfpr.de.danoeh.antennapod.core.service.download.HttpDownloader@d9f6920], feedIds=[0], mediaIds=[]}}]
08-03 19:09:36.835   918  3714 D WifiService: acquireWifiLockLocked: WifiLock{Downloader type=1 binder=android.os.BinderProxy@723c34b}
08-03 19:09:36.835  3634  3634 D DownloadService: 1 downloads left
08-03 19:09:36.835  3634  3634 D DownloadService: Setting up notification updater
08-03 19:09:36.835   512  2967 D audio_hw_primary: enable_audio_route: apply and update mixer path: low-latency-playback speaker
08-03 19:09:36.837  3634  4713 D AntennapodHttpClient: Creating new instance of HTTP client
08-03 19:09:36.838  3634  4713 D Nappa   : TAG okHttpClient initialized
08-03 19:09:36.838  3634  4713 D CustomInterceptor: NETWORK-PROVIDER https://rss.art19.com/nice-white-parents
08-03 19:09:36.848  3634  4713 D Nappa   : F1_SCORE add_intercept_url - (already in) - https://rss.art19.com/nice-white-parents
08-03 19:09:36.848  3634  4713 D Nappa   : F1_SCORE add_fn_url - (already in) - https://rss.art19.com/nice-white-parents
08-03 19:09:36.848  3634  4713 D Nappa   : -------------F1_SCORE #6 -----------
08-03 19:09:36.850  3634  4713 D Nappa   : F1_SCORE - Intercept list (4)= [https://itunes.apple.com/en/rss/toppodcasts/limit=25/explicit=true/json, https://itunes.apple.com/us/rss/toppodcasts/limit=25/explicit=true/json, https://itunes.apple.com/lookup?id=1524080195, https://rss.art19.com/nice-white-parents]
08-03 19:09:36.850  3634  4713 D Nappa   : F1_SCORE - Prefetch list (0)= []
08-03 19:09:36.850  3634  4713 D Nappa   : F1_SCORE - TP list (0)= []
08-03 19:09:36.850  3634  4713 D Nappa   : F1_SCORE - FN list (4)= [https://itunes.apple.com/en/rss/toppodcasts/limit=25/explicit=true/json, https://itunes.apple.com/us/rss/toppodcasts/limit=25/explicit=true/json, https://itunes.apple.com/lookup?id=1524080195, https://rss.art19.com/nice-white-parents]
08-03 19:09:36.850  3634  4713 I NAPPA_EXPERIMENTATION: MetricPrefetchingAccuracy: LOG_ID='7',F1_SCORE_1='0.0',F1_SCORE_2='0.0',TRUE_POSITIVE='0',FALSE_POSITIVE='0',FALSE_NEGATIVE='4',
08-03 19:09:36.850  3634  4713 D CustomInterceptor: HEADER REQUEST
08-03 19:09:36.850  3634  4713 D CustomInterceptor: Cache-Control max-age=300, max-stale=300
08-03 19:09:36.850  3634  4713 D CustomInterceptor: User-Agent AntennaPod/1.7.2b
08-03 19:09:36.850  3634  4713 D CustomInterceptor: CACHED STATS: size = '3', maxSize = '100', hitCount = '3', createCount = '0', putCount = '3', evictionCount = '0', missCount = '4', toString = 'LruCache[maxSize=100,hits=3,misses=4,hitRate=42%]', 
08-03 19:09:36.850  3634  4713 D CustomInterceptor: PREFLIB GET REQUEST https://rss.art19.com/nice-white-parents
08-03 19:09:36.850  3634  4713 D CustomInterceptor: PREFLIB found https://rss.art19.com/nice-white-parents, sending it back
08-03 19:09:36.851  3634  4713 D CustomInterceptor: CONTENT <?xml version="1.0" encoding="UTF-8"?>
08-03 19:09:36.851  3634  4713 D CustomInterceptor: <rss version="2.0" xmlns:itunes="http://www.itunes.com/dtds/podcast-1.0.dtd" xmlns:atom="http://www.w3.org/2005/Atom" xmlns:content="http://purl.org/rss/1.0/modules/content/" xmlns:art19="https://art19.com/xmlns/rss-extensions/1.0" xmlns:googleplay="http://www.google.com/schemas/play-podcasts/1.0/">
08-03 19:09:36.851  3634  4713 D CustomInterceptor:   <channel>
08-03 19:09:36.851  3634  4713 D CustomInterceptor:     <title>Nice White Parents</title>
08-03 19:09:36.851  3634  4713 D CustomInterceptor:     <description>
08-03 19:09:36.851  3634  4713 D CustomInterceptor:       <![CDATA[<p>If you want to understand whats wrong with our public schools, you have to look at what is arguably the most powerful force in shaping them: white parents. A five-part series from Serial Productions, brought to you by The New York Times. Hosted by Chana Joffe-Walt.</p>]]>
08-03 19:09:36.851  3634  4713 D CustomInterceptor:     </description>
08-03 19:09:36.851  3634  4713 D CustomInterceptor:     <managingEditor>nicewhiteparents@nytimes.com (The New York Times)</managingEditor>
08-03 19:09:36.851  3634  4713 D CustomInterceptor:     <copyright> 2020-2021 THE NEW YORK TIMES COMPANY; The New York Times encourages the use of RSS feeds for personal use in a news reader or as part of a non-commercial blog, subject to your agreement to our Terms of Service. Any commercial use of the RSS feed, and thus our content accessible via it, is prohibited without a written specific permission from The New York Times . We require proper format and attribution whenever New York Times content is posted on other's properties, and we reserve the right to require that you cease distributing our content.</copyright>
08-03 19:09:36.851  3634  4713 D CustomInterceptor:     <generator>ART19</generator>
08-03 19:09:36.851  3634  4713 D CustomInterceptor:     <atom:link href="https://rss.art19.com/nice-white-parents" rel="self" type="application/rss+xml" />
08-03 19:09:36.851  3634  4713 D CustomInterceptor:     <link>https://art19.com/shows/nice-white-parents</link>
08-03 19:09:36.851  3634  4713 D CustomInterceptor:     <itunes:owner>
08-03 19:09:36.851  3634  4713 D CustomInterceptor:       <itunes:name>The New York Times</itunes:name>
08-03 19:09:36.851  3634  4713 D CustomInterceptor:       <itunes:email>nicewhiteparents@nytimes.com</itunes:email>
08-03 19:09:36.851  3634  4713 D CustomInterceptor:     </itunes:owner>
08-03 19:09:36.851  3634  4713 D CustomInterceptor:     <itunes:author>The New York Times</itunes:author>
08-03 19:09:36.851  3634  4713 D CustomInterceptor:     <itunes:summary>
08-03 19:09:36.851  3634  4713 D CustomInterceptor:       <![CDATA[<p>If you want to understand whats wrong with our public schools, you have to look at what is arguably the most powerful force in shaping them: white parents. A five-part series from Serial Productions, brought to you by The New York Times. Hosted by Chana Joffe-Walt.</p>]]>
08-03 19:09:36.851  3634  4713 D CustomInterceptor:     </itunes:summary>
08-03 19:09:36.851  3634  4713 D CustomInterceptor:     <language>en</language>
08-03 19:09:36.851  3634  4713 D CustomInterceptor:     <itunes:explicit>no</itunes:explicit>
08-03 19:09:36.851  3634  4713 D CustomInterceptor:     <itunes:category text="Society &amp; Culture" />
08-03 19:09:36.851  3634  4713 D CustomInterceptor:     <itunes:category text="Education" />
08-03 19:09:36.851  3634  4713 D CustomInterceptor:     <itunes:type>serial</itunes:type>
08-03 19:09:36.851  3634  4713 D CustomInterceptor:     <itunes:image href="https://content.production.cdn.art19.com/images/89/e0/88/44/89e08844-ac28-4fc0-96fa-15a41fec2014/262c12ed699a8d9720dea0bd66449d998e4a08cf18095bed170ccaa76722045fa5dbf7a366918b2db7e3acf29ad22f6b99fd659a9409cb807bf2781d968932f8.jpeg" />
08-03 19:09:36.851  3634  4713 D CustomInterceptor:     <image>
08-03 19:09:36.851  3634  4713 D CustomInterceptor:       <url>https://content.production.cdn.art19.com/images/89/e0/88/44/89e08844-ac28-4fc0-96fa-15a41fec2014/262c12ed699a8d9720dea0bd66449d998e4a08cf18095bed170ccaa76722045fa5dbf7a366918b2db7e3acf29ad22f6b99fd659a9409cb807bf2781d968932f8.jpeg</url>
08-03 19:09:36.851  3634  4713 D CustomInterceptor:       <link>https://art19.com/shows/nice-white-parents</link>
08-03 19:09:36.851  3634  4713 D CustomInterceptor:       <title>Nice White Parents</title>
08-03 19:09:36.851  3634  4713 D CustomInterceptor:     </image>
08-03 19:09:36.851  3634  4713 D CustomInterceptor:     <item>
08-03 19:09:36.851  3634  4713 D CustomInterceptor:       <title>Introducing: Nice White Parents</title>
08-03 19:09:36.851  3634  4713 D CustomInterceptor:       <description>
08-03 19:09:36.851  3634  4713 D CustomInterceptor:         <![CDATA[<p>If you want to understand whats wrong with our public schools, you have to look at what is arguably the most powerful force in shaping them: White parents. A five-part series from Serial Productions, brought to you by The New York Times. Hosted by Chana Joffe-Walt.</p><p>For more information about this show, visit <a href="http://nytimes.com/nicewhiteparents" target="_blank">nytimes.com/nicewhiteparents</a> </p>]]>
08-03 19:09:36.851  3634  4713 D CustomInterceptor:       </description>
08-03 19:09:36.851  3634  4713 D CustomInterceptor:       <itunes:title>Introducing: Nice White Parents</itunes:title>
08-03 19:09:36.851  3634  4713 D CustomInterceptor:       <itunes:episodeType>trailer</itunes:episodeType>
08-03 19:09:36.851  3634  4713 D CustomInterceptor:       <itunes:summary>A new limited series about building a better school system, and what gets in the way. </itunes:summary>
08-03 19:09:36.851  3634  4713 D CustomInterceptor:       <content:encoded>
08-03 19:09:36.851  3634  4713 D CustomInterceptor:         <![CDATA[<p>If you want to understand whats wrong with our public schools, you have to look at what is arguably the most powerful force in shaping them: White parents. A five-part series from Serial Productions, brought to you by The New York Times. Hos
08-03 19:09:36.851  3634  4713 D CustomInterceptor: interceptor_finished : return_type #2 : request served from cache
08-03 19:09:36.851  3634  4713 D MYTAG   : interceptor 3a https://rss.art19.com/nice-white-parents
08-03 19:09:36.851  3634  4713 I NAPPA_EXPERIMENTATION: MetricNetworkRequestExecutionTime: REQUEST_DURATION_SYSTEM='13',REQUEST_DURATION_OKHTTP='0',REQUEST_SYNCHRONOUS='TRUE',RESPONSE_CODE='200',RESPONSE_METHOD='GET',RESPONSE_LENGTH_OKHTTP='4971',RESPONSE_LENGTH_HEADER='-2',REQUEST_PROTOCOL='http/1.1',REQUEST_URL='https://rss.art19.com/nice-white-parents',
08-03 19:09:36.851  3634  4713 D HttpDownloader: Response code is 200
08-03 19:09:36.851  3634  4713 D UserPreferences: Using default data folder
08-03 19:09:36.853  3634  4713 D HttpDownloader: Getting size of download
08-03 19:09:36.853  3634  4713 D HttpDownloader: Size is 4971
08-03 19:09:36.853  3634  4713 D UserPreferences: Using default data folder
08-03 19:09:36.854  3634  4713 D HttpDownloader: Free space is 20511256576
08-03 19:09:36.854  3634  4713 D HttpDownloader: Starting download
08-03 19:09:36.854  3634  4713 D HttpDownloader: Download was successful
08-03 19:09:36.855   918  6112 D WifiService: releaseWifiLockLocked: WifiLock{Downloader type=1 binder=android.os.BinderProxy@723c34b}
08-03 19:09:36.855  3634  4709 D downloadCompletionThd: Received 'Download Complete' - message.
08-03 19:09:36.856  3634  4709 D DownloadService: Handling completed Feed Download
08-03 19:09:36.856  3634  3634 D DownloadService: Removing downloader: https://rss.art19.com/nice-white-parents
08-03 19:09:36.856  3634  3634 D DownloadService: Result of downloads.remove: true
08-03 19:09:36.861  3634  4715 D TypeGetter: Recognized type RSS 2.0
08-03 19:09:36.863  3634  4715 D SyndHandler: Recognized ITunes namespace
08-03 19:09:36.863  3634  4715 D SyndHandler: Recognized Atom namespace
08-03 19:09:36.863  3634  4715 D SyndHandler: Recognized Content namespace
08-03 19:09:36.868  3634  4715 D FeedSyncThread: Nice White Parents parsed
08-03 19:09:36.869  3634  4715 D FeedSyncThread: Deletion of file '/storage/emulated/0/Android/data/nappatfpr.de.danoeh.antennapod.debug/files/cache/feed-Nice White Parents' successful
08-03 19:09:36.869  3634  4715 D DBReader: getFeedDownloadLog() called with: feed = [nappatfpr.de.danoeh.antennapod.core.feed.Feed@0]
08-03 19:09:36.870  3634  4710 D FeedSyncThread: Bundling 1 feeds
08-03 19:09:36.872  3634  4717 D DBReader: Extracting Feedlist
08-03 19:09:36.873  3634  4717 D DBTasks : Found no existing Feed with title Nice White Parents. Adding as new one.
08-03 19:09:36.876  3634  4718 D PodDBAdapter: Setting feed with flattr status Nice White Parents: 0
08-03 19:09:36.877  3634  4718 D nappatfpr.de.danoeh.antennapod.core.storage.PodDBAdapter@f57a395: Inserting new Feed into db
08-03 19:09:36.901  3634  3634 D EventDistributor: Processing event queue. Number of events: 1
08-03 19:09:36.901  3634  3634 D EventDistributor: Notifying observers. Data: 1
08-03 19:09:36.902  3634  3634 D DownloadService: 0 downloads left
08-03 19:09:36.902  3634  4240 D DBReader: Extracting Feedlist
08-03 19:09:36.902  3634  3634 D DownloadService: Number of downloads is 0, attempting shutdown
