--------- beginning of main
--------- beginning of system
08-06 01:41:34.756  1644  1644 D Nappa   : Selected prefetching strategy STRATEGY_GREEDY_VISIT_FREQUENCY_AND_TIME
08-06 01:41:34.785  1644  1664 D Nappa   : Updating activity map nappagreedy.de.danoeh.antennapod.activity.SplashActivity: 1
08-06 01:41:34.785  1644  1664 D Nappa   : Updating activity map nappagreedy.de.danoeh.antennapod.activity.MainActivity: 2
08-06 01:41:34.785  1644  1664 D Nappa   : Updating activity map nappagreedy.de.danoeh.antennapod.activity.PreferenceActivity: 3
08-06 01:41:34.785  1644  1664 D Nappa   : Updating activity map nappagreedy.de.danoeh.antennapod.activity.OnlineFeedViewActivity: 4
08-06 01:41:34.785  1644  1664 D Nappa   : Updating activity map nappagreedy.de.danoeh.antennapod.activity.FeedSettingsActivity: 5
08-06 01:41:34.785  1644  1664 D Nappa   : Updating activity map nappagreedy.de.danoeh.antennapod.activity.FeedInfoActivity: 6
08-06 01:41:34.886  1644  1664 D Nappa   : registerActivity: (already in) nappagreedy.de.danoeh.antennapod.activity.SplashActivity
08-06 01:41:34.990  1644  1664 D Nappa   : registerActivity: (already in) nappagreedy.de.danoeh.antennapod.activity.MainActivity
08-06 01:41:34.994  1644  1667 D Nappa   : {nappagreedy.de.danoeh.antennapod.activity.FeedSettingsActivity=5, nappagreedy.de.danoeh.antennapod.activity.SplashActivity=1, nappagreedy.de.danoeh.antennapod.activity.FeedInfoActivity=6, nappagreedy.de.danoeh.antennapod.activity.PreferenceActivity=3, nappagreedy.de.danoeh.antennapod.activity.MainActivity=2, nappagreedy.de.danoeh.antennapod.activity.OnlineFeedViewActivity=4}
08-06 01:41:35.107  1644  1664 D Nappa   : registerActivity: (already in) nappagreedy.de.danoeh.antennapod.activity.MainActivity
08-06 01:41:35.210  1644  1664 D Nappa   : registerActivity: (already in) nappagreedy.de.danoeh.antennapod.activity.PreferenceActivity
08-06 01:41:35.212  1644  1667 D Nappa   : {nappagreedy.de.danoeh.antennapod.activity.FeedSettingsActivity=5, nappagreedy.de.danoeh.antennapod.activity.SplashActivity=1, nappagreedy.de.danoeh.antennapod.activity.FeedInfoActivity=6, nappagreedy.de.danoeh.antennapod.activity.PreferenceActivity=3, nappagreedy.de.danoeh.antennapod.activity.MainActivity=2, nappagreedy.de.danoeh.antennapod.activity.OnlineFeedViewActivity=4}
08-06 01:41:35.313  1644  1664 D Nappa   : registerActivity: (already in) nappagreedy.de.danoeh.antennapod.activity.OnlineFeedViewActivity
08-06 01:41:35.314  1644  1667 D Nappa   : {nappagreedy.de.danoeh.antennapod.activity.FeedSettingsActivity=5, nappagreedy.de.danoeh.antennapod.activity.SplashActivity=1, nappagreedy.de.danoeh.antennapod.activity.FeedInfoActivity=6, nappagreedy.de.danoeh.antennapod.activity.PreferenceActivity=3, nappagreedy.de.danoeh.antennapod.activity.MainActivity=2, nappagreedy.de.danoeh.antennapod.activity.OnlineFeedViewActivity=4}
08-06 01:41:35.415  1644  1664 D Nappa   : registerActivity: (already in) nappagreedy.de.danoeh.antennapod.activity.FeedSettingsActivity
08-06 01:41:35.418  1644  1667 D Nappa   : {nappagreedy.de.danoeh.antennapod.activity.FeedSettingsActivity=5, nappagreedy.de.danoeh.antennapod.activity.SplashActivity=1, nappagreedy.de.danoeh.antennapod.activity.FeedInfoActivity=6, nappagreedy.de.danoeh.antennapod.activity.PreferenceActivity=3, nappagreedy.de.danoeh.antennapod.activity.MainActivity=2, nappagreedy.de.danoeh.antennapod.activity.OnlineFeedViewActivity=4}
08-06 01:41:35.519  1644  1664 D Nappa   : registerActivity: (already in) nappagreedy.de.danoeh.antennapod.activity.FeedInfoActivity
08-06 01:41:35.522  1644  1667 D Nappa   : {nappagreedy.de.danoeh.antennapod.activity.FeedSettingsActivity=5, nappagreedy.de.danoeh.antennapod.activity.SplashActivity=1, nappagreedy.de.danoeh.antennapod.activity.FeedInfoActivity=6, nappagreedy.de.danoeh.antennapod.activity.PreferenceActivity=3, nappagreedy.de.danoeh.antennapod.activity.MainActivity=2, nappagreedy.de.danoeh.antennapod.activity.OnlineFeedViewActivity=4}
08-06 01:41:35.626  1644  1664 D Nappa   : registerActivity: (already in) nappagreedy.de.danoeh.antennapod.activity.PreferenceActivity
08-06 01:41:35.735  1644  1664 D Nappa   : registerActivity: (already in) nappagreedy.de.danoeh.antennapod.activity.OnlineFeedViewActivity
08-06 01:41:35.844  1644  1664 D Nappa   : registerActivity: (already in) nappagreedy.de.danoeh.antennapod.activity.FeedSettingsActivity
08-06 01:41:35.952  1644  1664 D Nappa   : registerActivity: (already in) nappagreedy.de.danoeh.antennapod.activity.FeedInfoActivity
08-06 01:41:35.958  1644  1664 D Nappa   : Extended Startup-time: 1202 ms
08-06 01:41:35.959  1644  1644 D Nappa   : Startup-time: 1203 ms
08-06 01:41:35.996  1644  1644 D Nappa   : setCurrentActivity - MetricStrategyAccuracy - 
08-06 01:41:35.996  1644  1644 D Nappa   : madePredictionFromActivity = false, 
08-06 01:41:35.996  1644  1644 D Nappa   : fromActivity = null, 
08-06 01:41:35.996  1644  1644 D Nappa   : predictedNextActivityFromActivity = [], 
08-06 01:41:35.996  1644  1644 D Nappa   : activity.getClass().getCanonicalName() = nappagreedy.de.danoeh.antennapod.activity.SplashActivity, 
08-06 01:41:35.996  1644  1644 D Nappa   : setCurrentActivity - MetricStrategyAccuracy - 
08-06 01:41:35.996  1644  1644 D Nappa   : madePredictionFromExtra = false, 
08-06 01:41:35.996  1644  1644 D Nappa   : fromActivity = null, 
08-06 01:41:35.996  1644  1644 D Nappa   : predictedNextActivityFromExtra = [], 
08-06 01:41:35.996  1644  1644 D Nappa   : activity.getClass().getCanonicalName() = nappagreedy.de.danoeh.antennapod.activity.SplashActivity, 
08-06 01:41:35.996  1644  1644 D Nappa   : PREFETCH_ON_EXTRA - setCurrentActivity - logs - from activity - made prediction isfalse
08-06 01:41:36.097  1644  1644 D Nappa   : registerActivity: (already in) nappagreedy.de.danoeh.antennapod.activity.SplashActivity
08-06 01:41:36.097  1644  1644 D Nappa   : SHOULD_PREFETCH false
08-06 01:41:36.097  1644  1644 D Nappa   : STATS Number of requests not prefetched: 0
08-06 01:41:36.097  1644  1644 D Nappa   : STATS Number of requests prefetched: 0
08-06 01:41:36.097  1644  1644 D Nappa   : STATS Time saved until now: 0.0
08-06 01:41:36.258  1644  1644 D Nappa   : Stayed on nappagreedy.de.danoeh.antennapod.activity.SplashActivity for 161 ms
08-06 01:41:36.397  1644  1667 D Nappa   : PREFETCH_ON_EXTRA - setCurrentActivity - logs - from extra - made prediction isfalse
08-06 01:41:36.467  1644  1644 D Nappa   : setCurrentActivity - MetricStrategyAccuracy - 
08-06 01:41:36.467  1644  1644 D Nappa   : madePredictionFromActivity = false, 
08-06 01:41:36.467  1644  1644 D Nappa   : fromActivity = nappagreedy.de.danoeh.antennapod.activity.SplashActivity, 
08-06 01:41:36.467  1644  1644 D Nappa   : predictedNextActivityFromActivity = [], 
08-06 01:41:36.467  1644  1644 D Nappa   : activity.getClass().getCanonicalName() = nappagreedy.de.danoeh.antennapod.activity.MainActivity, 
08-06 01:41:36.467  1644  1644 D Nappa   : setCurrentActivity - MetricStrategyAccuracy - 
08-06 01:41:36.467  1644  1644 D Nappa   : madePredictionFromExtra = false, 
08-06 01:41:36.467  1644  1644 D Nappa   : fromActivity = nappagreedy.de.danoeh.antennapod.activity.SplashActivity, 
08-06 01:41:36.467  1644  1644 D Nappa   : predictedNextActivityFromExtra = [], 
08-06 01:41:36.467  1644  1644 D Nappa   : activity.getClass().getCanonicalName() = nappagreedy.de.danoeh.antennapod.activity.MainActivity, 
08-06 01:41:36.467  1644  1644 D Nappa   : PREFETCH_ON_EXTRA - setCurrentActivity - logs - from activity - made prediction isfalse
08-06 01:41:36.568  1644  1644 D Nappa   : registerActivity: (already in) nappagreedy.de.danoeh.antennapod.activity.MainActivity
08-06 01:41:36.569  1644  1644 D Nappa   : SHOULD_PREFETCH true
08-06 01:41:36.670  1644  1644 D Nappa   : registerActivity: (already in) nappagreedy.de.danoeh.antennapod.activity.MainActivity
08-06 01:41:36.671  1644  1644 D Nappa   : SUCCESSORS nappagreedy.de.danoeh.antennapod.activity.PreferenceActivity
08-06 01:41:36.671  1644  1644 D Nappa   : SUCCESSORS nappagreedy.de.danoeh.antennapod.activity.OnlineFeedViewActivity
08-06 01:41:36.671  1644  1644 D Nappa   : SUCCESSORS nappagreedy.de.danoeh.antennapod.activity.FeedSettingsActivity
08-06 01:41:36.671  1644  1644 D Nappa   : SUCCESSORS nappagreedy.de.danoeh.antennapod.activity.FeedInfoActivity
08-06 01:41:36.671  1644  1644 D Nappa   : STATS Number of requests not prefetched: 0
08-06 01:41:36.672  1644  1644 D Nappa   : STATS Number of requests prefetched: 0
08-06 01:41:36.672  1644  1644 D Nappa   : STATS Time saved until now: 0.0
08-06 01:41:36.867  1644  1667 D Nappa   : PREFETCH_ON_EXTRA - setCurrentActivity - logs - from extra - made prediction isfalse
08-06 01:41:37.172  1644  1667 D Nappa   : PREFETCH_ON_EXTRA - setCurrentActivity - starting new prediction
08-06 01:41:37.172  1644  1667 D Nappa   : Current node - currentActivityName - nappagreedy.de.danoeh.antennapod.activity.MainActivity
08-06 01:41:37.173  1644  1667 D Nappa   : Current node - activityGraph.getCurrent() - nappagreedy.de.danoeh.antennapod.activity.MainActivity
08-06 01:41:37.179  1644  1667 D Nappa   : PREFETCH_ON_EXTRA - setCurrentActivity - finished new prediction
08-06 01:41:44.016  1644  1644 D Nappa   : Stayed on nappagreedy.de.danoeh.antennapod.activity.MainActivity for 7344 ms
08-06 01:41:44.070  1644  1644 D Nappa   : setCurrentActivity - MetricStrategyAccuracy - 
08-06 01:41:44.070  1644  1644 D Nappa   : madePredictionFromActivity = true, 
08-06 01:41:44.070  1644  1644 D Nappa   : fromActivity = nappagreedy.de.danoeh.antennapod.activity.MainActivity, 
08-06 01:41:44.070  1644  1644 D Nappa   : predictedNextActivityFromActivity = [nappagreedy.de.danoeh.antennapod.activity.OnlineFeedViewActivity], 
08-06 01:41:44.070  1644  1644 D Nappa   : activity.getClass().getCanonicalName() = nappagreedy.de.danoeh.antennapod.activity.PreferenceActivity, 
08-06 01:41:44.070  1644  1644 D Nappa   : setCurrentActivity - MetricStrategyAccuracy - 
08-06 01:41:44.070  1644  1644 D Nappa   : madePredictionFromExtra = false, 
08-06 01:41:44.070  1644  1644 D Nappa   : fromActivity = nappagreedy.de.danoeh.antennapod.activity.MainActivity, 
08-06 01:41:44.070  1644  1644 D Nappa   : predictedNextActivityFromExtra = [], 
08-06 01:41:44.070  1644  1644 D Nappa   : activity.getClass().getCanonicalName() = nappagreedy.de.danoeh.antennapod.activity.PreferenceActivity, 
08-06 01:41:44.071  1644  1644 D Nappa   : PREFETCH_ON_EXTRA - setCurrentActivity - logs - from activity - made prediction istrue
08-06 01:41:44.071  1644  1644 D Nappa   : PREFETCH_ON_EXTRA - setCurrentActivity - logs - from activity - start
08-06 01:41:44.071  1644  1644 D Nappa   : setCurrentActivity - MetricStrategyAccuracy - checking prediction VS current activity for activities
08-06 01:41:44.071  1644  1644 D Nappa   : PREFETCH_ON_EXTRA - setCurrentActivity - logs - from activity- finished
08-06 01:41:44.171  1644  1644 D Nappa   : registerActivity: (already in) nappagreedy.de.danoeh.antennapod.activity.PreferenceActivity
08-06 01:41:44.172  1644  1644 D Nappa   : SHOULD_PREFETCH true
08-06 01:41:44.272  1644  1644 D Nappa   : registerActivity: (already in) nappagreedy.de.danoeh.antennapod.activity.PreferenceActivity
08-06 01:41:44.272  1644  1644 D Nappa   : STATS Number of requests not prefetched: 0
08-06 01:41:44.272  1644  1644 D Nappa   : STATS Number of requests prefetched: 0
08-06 01:41:44.272  1644  1644 D Nappa   : STATS Time saved until now: 0.0
08-06 01:41:44.471  1644  1667 D Nappa   : PREFETCH_ON_EXTRA - setCurrentActivity - logs - from extra - made prediction isfalse
08-06 01:41:44.772  1644  1667 D Nappa   : PREFETCH_ON_EXTRA - setCurrentActivity - starting new prediction
08-06 01:41:44.772  1644  1667 D Nappa   : Current node - currentActivityName - nappagreedy.de.danoeh.antennapod.activity.PreferenceActivity
08-06 01:41:44.772  1644  1667 D Nappa   : Current node - activityGraph.getCurrent() - nappagreedy.de.danoeh.antennapod.activity.PreferenceActivity
08-06 01:41:44.773  1644  1667 D Nappa   : PREFETCH_ON_EXTRA - setCurrentActivity - finished new prediction
08-06 01:41:49.931  1644  1644 D Nappa   : Stayed on nappagreedy.de.danoeh.antennapod.activity.PreferenceActivity for 5659 ms
08-06 01:41:49.943  1644  1644 D Nappa   : setCurrentActivity - MetricStrategyAccuracy - 
08-06 01:41:49.943  1644  1644 D Nappa   : madePredictionFromActivity = true, 
08-06 01:41:49.943  1644  1644 D Nappa   : fromActivity = nappagreedy.de.danoeh.antennapod.activity.PreferenceActivity, 
08-06 01:41:49.943  1644  1644 D Nappa   : predictedNextActivityFromActivity = [], 
08-06 01:41:49.943  1644  1644 D Nappa   : activity.getClass().getCanonicalName() = nappagreedy.de.danoeh.antennapod.activity.MainActivity, 
08-06 01:41:49.944  1644  1644 D Nappa   : setCurrentActivity - MetricStrategyAccuracy - 
08-06 01:41:49.944  1644  1644 D Nappa   : madePredictionFromExtra = false, 
08-06 01:41:49.944  1644  1644 D Nappa   : fromActivity = nappagreedy.de.danoeh.antennapod.activity.PreferenceActivity, 
08-06 01:41:49.944  1644  1644 D Nappa   : predictedNextActivityFromExtra = [], 
08-06 01:41:49.944  1644  1644 D Nappa   : activity.getClass().getCanonicalName() = nappagreedy.de.danoeh.antennapod.activity.MainActivity, 
08-06 01:41:49.944  1644  1644 D Nappa   : PREFETCH_ON_EXTRA - setCurrentActivity - logs - from activity - made prediction istrue
08-06 01:41:49.944  1644  1644 D Nappa   : PREFETCH_ON_EXTRA - setCurrentActivity - logs - from activity - start
08-06 01:41:49.944  1644  1644 D Nappa   : PREFETCH_ON_EXTRA - setCurrentActivity - logs - from activity- finished
08-06 01:41:50.044  1644  1644 D Nappa   : registerActivity: (already in) nappagreedy.de.danoeh.antennapod.activity.MainActivity
08-06 01:41:50.044  1644  1644 D Nappa   : SHOULD_PREFETCH false
08-06 01:41:50.044  1644  1644 D Nappa   : STATS Number of requests not prefetched: 0
08-06 01:41:50.045  1644  1644 D Nappa   : STATS Number of requests prefetched: 0
08-06 01:41:50.045  1644  1644 D Nappa   : STATS Time saved until now: 0.0
08-06 01:41:50.345  1644  1667 D Nappa   : PREFETCH_ON_EXTRA - setCurrentActivity - logs - from extra - made prediction isfalse
08-06 01:41:55.510  1644  2211 D Nappa   : TAG okHttpClient initialized
08-06 01:41:55.514  1644  2211 D Nappa   : F1_SCORE add_intercept_url - (new) - https://itunes.apple.com/en/rss/toppodcasts/limit=25/explicit=true/json
08-06 01:41:55.514  1644  2211 D Nappa   : F1_SCORE add_fn_url - (new) - https://itunes.apple.com/en/rss/toppodcasts/limit=25/explicit=true/json
08-06 01:41:55.514  1644  2211 D Nappa   : -------------F1_SCORE #2 -----------
08-06 01:41:55.514  1644  2211 D Nappa   : F1_SCORE - Intercept list (1)= [https://itunes.apple.com/en/rss/toppodcasts/limit=25/explicit=true/json]
08-06 01:41:55.514  1644  2211 D Nappa   : F1_SCORE - Prefetch list (0)= []
08-06 01:41:55.514  1644  2211 D Nappa   : F1_SCORE - TP list (0)= []
08-06 01:41:55.514  1644  2211 D Nappa   : F1_SCORE - FN list (1)= [https://itunes.apple.com/en/rss/toppodcasts/limit=25/explicit=true/json]
08-06 01:41:55.614  1644  1667 D Nappa   : registerActivity: (already in) nappagreedy.de.danoeh.antennapod.activity.MainActivity
08-06 01:41:55.614  1644  1667 D Nappa   : PARENTS 
08-06 01:41:55.614  1644  1667 D Nappa   : Of: nappagreedy.de.danoeh.antennapod.activity.MainActivity -> 
08-06 01:41:55.614  1644  1667 D Nappa   : PARENTS nappagreedy.de.danoeh.antennapod.activity.SplashActivity
08-06 01:41:55.902  1644  2211 D Nappa   : F1_SCORE add_intercept_url - (new) - https://itunes.apple.com/us/rss/toppodcasts/limit=25/explicit=true/json
08-06 01:41:55.902  1644  2211 D Nappa   : F1_SCORE add_fn_url - (new) - https://itunes.apple.com/us/rss/toppodcasts/limit=25/explicit=true/json
08-06 01:41:55.902  1644  2211 D Nappa   : -------------F1_SCORE #3 -----------
08-06 01:41:55.903  1644  2211 D Nappa   : F1_SCORE - Intercept list (2)= [https://itunes.apple.com/en/rss/toppodcasts/limit=25/explicit=true/json, https://itunes.apple.com/us/rss/toppodcasts/limit=25/explicit=true/json]
08-06 01:41:55.903  1644  2211 D Nappa   : F1_SCORE - Prefetch list (0)= []
08-06 01:41:55.903  1644  2211 D Nappa   : F1_SCORE - TP list (0)= []
08-06 01:41:55.903  1644  2211 D Nappa   : F1_SCORE - FN list (2)= [https://itunes.apple.com/en/rss/toppodcasts/limit=25/explicit=true/json, https://itunes.apple.com/us/rss/toppodcasts/limit=25/explicit=true/json]
08-06 01:41:56.002  1644  1667 D Nappa   : registerActivity: (already in) nappagreedy.de.danoeh.antennapod.activity.MainActivity
08-06 01:41:56.003  1644  1667 D Nappa   : PARENTS 
08-06 01:41:56.003  1644  1667 D Nappa   : Of: nappagreedy.de.danoeh.antennapod.activity.MainActivity -> 
08-06 01:41:56.003  1644  1667 D Nappa   : PARENTS nappagreedy.de.danoeh.antennapod.activity.SplashActivity
08-06 01:42:02.344  1644  1698 D Nappa   : F1_SCORE add_intercept_url - (new) - https://itunes.apple.com/lookup?id=1524080195
08-06 01:42:02.345  1644  1698 D Nappa   : F1_SCORE add_fn_url - (new) - https://itunes.apple.com/lookup?id=1524080195
08-06 01:42:02.345  1644  1698 D Nappa   : -------------F1_SCORE #4 -----------
08-06 01:42:02.345  1644  1698 D Nappa   : F1_SCORE - Intercept list (3)= [https://itunes.apple.com/en/rss/toppodcasts/limit=25/explicit=true/json, https://itunes.apple.com/us/rss/toppodcasts/limit=25/explicit=true/json, https://itunes.apple.com/lookup?id=1524080195]
08-06 01:42:02.345  1644  1698 D Nappa   : F1_SCORE - Prefetch list (0)= []
08-06 01:42:02.345  1644  1698 D Nappa   : F1_SCORE - TP list (0)= []
08-06 01:42:02.345  1644  1698 D Nappa   : F1_SCORE - FN list (3)= [https://itunes.apple.com/en/rss/toppodcasts/limit=25/explicit=true/json, https://itunes.apple.com/us/rss/toppodcasts/limit=25/explicit=true/json, https://itunes.apple.com/lookup?id=1524080195]
08-06 01:42:02.445  1644  1667 D Nappa   : registerActivity: (already in) nappagreedy.de.danoeh.antennapod.activity.MainActivity
08-06 01:42:02.445  1644  1667 D Nappa   : PARENTS 
08-06 01:42:02.445  1644  1667 D Nappa   : Of: nappagreedy.de.danoeh.antennapod.activity.MainActivity -> 
08-06 01:42:02.445  1644  1667 D Nappa   : PARENTS nappagreedy.de.danoeh.antennapod.activity.SplashActivity
08-06 01:42:02.621  1644  1667 D Nappa   : PREFETCH_ON_EXTRA - notifyExtras- start
08-06 01:42:02.626  1644  1667 D Nappa   : PREFETCH_ON_EXTRA - notifyExtras- end
08-06 01:42:02.626  1644  1667 D Nappa   : PREFSTRAT2 URL: https://rss.art19.com/nice-white-parents
08-06 01:42:02.626  1644  1667 D Nappa   : F1_SCORE list_url_prefetched - (new) - https://rss.art19.com/nice-white-parents
08-06 01:42:02.626  1644  1667 D Nappa   : F1_SCORE list_url_prefetched - (already in) - https://rss.art19.com/nice-white-parents
08-06 01:42:02.626  1644  1667 D Nappa   : -------------F1_SCORE #5 -----------
08-06 01:42:02.627  1644  1667 D Nappa   : F1_SCORE - Intercept list (3)= [https://itunes.apple.com/en/rss/toppodcasts/limit=25/explicit=true/json, https://itunes.apple.com/us/rss/toppodcasts/limit=25/explicit=true/json, https://itunes.apple.com/lookup?id=1524080195]
08-06 01:42:02.627  1644  1667 D Nappa   : F1_SCORE - Prefetch list (1)= [https://rss.art19.com/nice-white-parents]
08-06 01:42:02.627  1644  1667 D Nappa   : F1_SCORE - TP list (0)= []
08-06 01:42:02.627  1644  1667 D Nappa   : F1_SCORE - FN list (3)= [https://itunes.apple.com/en/rss/toppodcasts/limit=25/explicit=true/json, https://itunes.apple.com/us/rss/toppodcasts/limit=25/explicit=true/json, https://itunes.apple.com/lookup?id=1524080195]
08-06 01:42:02.643  1644  1644 D Nappa   : Stayed on nappagreedy.de.danoeh.antennapod.activity.MainActivity for 12598 ms
08-06 01:42:02.675  1644  1644 D Nappa   : setCurrentActivity - MetricStrategyAccuracy - 
08-06 01:42:02.675  1644  1644 D Nappa   : madePredictionFromActivity = false, 
08-06 01:42:02.675  1644  1644 D Nappa   : fromActivity = nappagreedy.de.danoeh.antennapod.activity.MainActivity, 
08-06 01:42:02.675  1644  1644 D Nappa   : predictedNextActivityFromActivity = [], 
08-06 01:42:02.675  1644  1644 D Nappa   : activity.getClass().getCanonicalName() = nappagreedy.de.danoeh.antennapod.activity.OnlineFeedViewActivity, 
08-06 01:42:02.675  1644  1644 D Nappa   : setCurrentActivity - MetricStrategyAccuracy - 
08-06 01:42:02.675  1644  1644 D Nappa   : madePredictionFromExtra = true, 
08-06 01:42:02.675  1644  1644 D Nappa   : fromActivity = nappagreedy.de.danoeh.antennapod.activity.MainActivity, 
08-06 01:42:02.675  1644  1644 D Nappa   : predictedNextActivityFromExtra = [nappagreedy.de.danoeh.antennapod.activity.OnlineFeedViewActivity], 
08-06 01:42:02.675  1644  1644 D Nappa   : activity.getClass().getCanonicalName() = nappagreedy.de.danoeh.antennapod.activity.OnlineFeedViewActivity, 
08-06 01:42:02.675  1644  1644 D Nappa   : PREFETCH_ON_EXTRA - setCurrentActivity - logs - from activity - made prediction isfalse
08-06 01:42:02.677  1644  1685 D Nappa   : TAG okHttpClient initialized
08-06 01:42:02.678  1644  1685 D Nappa   : F1_SCORE list_url_prefetched - (already in) - https://rss.art19.com/nice-white-parents
08-06 01:42:02.678  1644  1685 D Nappa   : -------------F1_SCORE #6 -----------
08-06 01:42:02.678  1644  1685 D Nappa   : F1_SCORE - Intercept list (3)= [https://itunes.apple.com/en/rss/toppodcasts/limit=25/explicit=true/json, https://itunes.apple.com/us/rss/toppodcasts/limit=25/explicit=true/json, https://itunes.apple.com/lookup?id=1524080195]
08-06 01:42:02.678  1644  1685 D Nappa   : F1_SCORE - Prefetch list (1)= [https://rss.art19.com/nice-white-parents]
08-06 01:42:02.678  1644  1685 D Nappa   : F1_SCORE - TP list (0)= []
08-06 01:42:02.678  1644  1685 D Nappa   : F1_SCORE - FN list (3)= [https://itunes.apple.com/en/rss/toppodcasts/limit=25/explicit=true/json, https://itunes.apple.com/us/rss/toppodcasts/limit=25/explicit=true/json, https://itunes.apple.com/lookup?id=1524080195]
08-06 01:42:02.776  1644  1644 D Nappa   : registerActivity: (already in) nappagreedy.de.danoeh.antennapod.activity.OnlineFeedViewActivity
08-06 01:42:02.776  1644  1644 D Nappa   : SHOULD_PREFETCH true
08-06 01:42:02.876  1644  1644 D Nappa   : registerActivity: (already in) nappagreedy.de.danoeh.antennapod.activity.OnlineFeedViewActivity
08-06 01:42:02.876  1644  1644 D Nappa   : STATS Number of requests not prefetched: 3
08-06 01:42:02.876  1644  1644 D Nappa   : STATS Number of requests prefetched: 0
08-06 01:42:02.876  1644  1644 D Nappa   : STATS Time saved until now: 0.0
08-06 01:42:02.957  1644  1667 D Nappa   : PREFSTRAT2 ADDING NEW ACTEXTRADATA
08-06 01:42:02.959  1644  1667 D Nappa   : PREFSTRAT2 ADDING NEW ACTEXTRADATA
08-06 01:42:03.063  1644  1667 D Nappa   : registerActivity: (already in) nappagreedy.de.danoeh.antennapod.activity.OnlineFeedViewActivity
08-06 01:42:03.063  1644  1667 D Nappa   : PARENTS 
08-06 01:42:03.063  1644  1667 D Nappa   : Of: nappagreedy.de.danoeh.antennapod.activity.OnlineFeedViewActivity -> 
08-06 01:42:03.063  1644  1667 D Nappa   : PARENTS nappagreedy.de.danoeh.antennapod.activity.MainActivity
08-06 01:42:03.063  1644  1667 D Nappa   : PARENTS has extra: (arg.feedurl, https://rss.art19.com/nice-white-parents)
08-06 01:42:03.064  1644  1667 D Nappa   : PARENTS value of key 'arg.feedurl' is contained into https://rss.art19.com/nice-white-parents
08-06 01:42:03.064  1644  1667 D Nappa   : PARENTS PARAM: arg.feedurl
08-06 01:42:03.064  1644  1667 D Nappa   : PARENTS   NODE nappagreedy.de.danoeh.antennapod.activity.OnlineFeedViewActivity ALREADY CONTAINS THIS URL
08-06 01:42:03.064  1644  1667 D Nappa   : PARENTS has extra: (title, iTunes)
08-06 01:42:03.064  1644  1667 D Nappa   : PARENTS nappagreedy.de.danoeh.antennapod.activity.SplashActivity
08-06 01:42:03.167  1644  1667 D Nappa   : registerActivity: (already in) nappagreedy.de.danoeh.antennapod.activity.OnlineFeedViewActivity
08-06 01:42:03.168  1644  1667 D Nappa   : PARENTS 
08-06 01:42:03.168  1644  1667 D Nappa   : Of: nappagreedy.de.danoeh.antennapod.activity.OnlineFeedViewActivity -> 
08-06 01:42:03.168  1644  1667 D Nappa   : PARENTS nappagreedy.de.danoeh.antennapod.activity.MainActivity
08-06 01:42:03.168  1644  1667 D Nappa   : PARENTS has extra: (arg.feedurl, https://rss.art19.com/nice-white-parents)
08-06 01:42:03.168  1644  1667 D Nappa   : PARENTS value of key 'arg.feedurl' is contained into https://rss.art19.com/nice-white-parents
08-06 01:42:03.168  1644  1667 D Nappa   : PARENTS PARAM: arg.feedurl
08-06 01:42:03.168  1644  1667 D Nappa   : PARENTS   NODE nappagreedy.de.danoeh.antennapod.activity.OnlineFeedViewActivity ALREADY CONTAINS THIS URL
08-06 01:42:03.168  1644  1667 D Nappa   : PARENTS has extra: (title, iTunes)
08-06 01:42:03.168  1644  1667 D Nappa   : PARENTS nappagreedy.de.danoeh.antennapod.activity.SplashActivity
08-06 01:42:03.170  1644  1667 D Nappa   : PREFETCH_ON_EXTRA - setCurrentActivity - logs - from extra - made prediction istrue
08-06 01:42:03.170  1644  1667 D Nappa   : PREFETCH_ON_EXTRA - setCurrentActivity - logs - from extra - start
08-06 01:42:03.170  1644  1667 D Nappa   : setCurrentActivity - MetricStrategyAccuracy - checking prediction VS current activity for extras
08-06 01:42:03.171  1644  1667 D Nappa   : PREFETCH_ON_EXTRA - setCurrentActivity - logs - from extra- finished
08-06 01:42:03.377  1644  1667 D Nappa   : PREFETCH_ON_EXTRA - setCurrentActivity - starting new prediction
08-06 01:42:03.377  1644  1667 D Nappa   : Current node - currentActivityName - nappagreedy.de.danoeh.antennapod.activity.OnlineFeedViewActivity
08-06 01:42:03.377  1644  1667 D Nappa   : Current node - activityGraph.getCurrent() - nappagreedy.de.danoeh.antennapod.activity.OnlineFeedViewActivity
08-06 01:42:03.379  1644  1667 D Nappa   : PREFETCH_ON_EXTRA - setCurrentActivity - finished new prediction
08-06 01:42:07.130  1644  2729 D Nappa   : TAG okHttpClient initialized
08-06 01:42:07.131  1644  2729 D Nappa   : F1_SCORE add_intercept_url - (new) - https://rss.art19.com/nice-white-parents
08-06 01:42:07.131  1644  2729 D Nappa   : F1_SCORE add_tp_url - (new) - https://rss.art19.com/nice-white-parents
08-06 01:42:07.131  1644  2729 D Nappa   : -------------F1_SCORE #7 -----------
08-06 01:42:07.131  1644  2729 D Nappa   : F1_SCORE - Intercept list (4)= [https://itunes.apple.com/en/rss/toppodcasts/limit=25/explicit=true/json, https://itunes.apple.com/us/rss/toppodcasts/limit=25/explicit=true/json, https://itunes.apple.com/lookup?id=1524080195, https://rss.art19.com/nice-white-parents]
08-06 01:42:07.131  1644  2729 D Nappa   : F1_SCORE - Prefetch list (1)= [https://rss.art19.com/nice-white-parents]
08-06 01:42:07.131  1644  2729 D Nappa   : F1_SCORE - TP list (1)= [https://rss.art19.com/nice-white-parents]
08-06 01:42:07.131  1644  2729 D Nappa   : F1_SCORE - FN list (3)= [https://itunes.apple.com/en/rss/toppodcasts/limit=25/explicit=true/json, https://itunes.apple.com/us/rss/toppodcasts/limit=25/explicit=true/json, https://itunes.apple.com/lookup?id=1524080195]
08-06 01:42:07.231  1644  1667 D Nappa   : registerActivity: (already in) nappagreedy.de.danoeh.antennapod.activity.OnlineFeedViewActivity
08-06 01:42:07.231  1644  1667 D Nappa   : PARENTS 
08-06 01:42:07.231  1644  1667 D Nappa   : Of: nappagreedy.de.danoeh.antennapod.activity.OnlineFeedViewActivity -> 
08-06 01:42:07.231  1644  1667 D Nappa   : PARENTS nappagreedy.de.danoeh.antennapod.activity.MainActivity
08-06 01:42:07.231  1644  1667 D Nappa   : PARENTS has extra: (arg.feedurl, https://rss.art19.com/nice-white-parents)
08-06 01:42:07.232  1644  1667 D Nappa   : PARENTS value of key 'arg.feedurl' is contained into https://rss.art19.com/nice-white-parents
08-06 01:42:07.232  1644  1667 D Nappa   : PARENTS PARAM: arg.feedurl
08-06 01:42:07.232  1644  1667 D Nappa   : PARENTS   NODE nappagreedy.de.danoeh.antennapod.activity.OnlineFeedViewActivity ALREADY CONTAINS THIS URL
08-06 01:42:07.232  1644  1667 D Nappa   : PARENTS has extra: (title, iTunes)
08-06 01:42:07.232  1644  1667 D Nappa   : PARENTS nappagreedy.de.danoeh.antennapod.activity.SplashActivity
08-06 01:42:11.896  1644  1644 D Nappa   : Stayed on nappagreedy.de.danoeh.antennapod.activity.OnlineFeedViewActivity for 9020 ms
08-06 01:42:11.909  1644  1644 D Nappa   : setCurrentActivity - MetricStrategyAccuracy - 
08-06 01:42:11.909  1644  1644 D Nappa   : madePredictionFromActivity = true, 
08-06 01:42:11.909  1644  1644 D Nappa   : fromActivity = nappagreedy.de.danoeh.antennapod.activity.OnlineFeedViewActivity, 
08-06 01:42:11.909  1644  1644 D Nappa   : predictedNextActivityFromActivity = [], 
08-06 01:42:11.909  1644  1644 D Nappa   : activity.getClass().getCanonicalName() = nappagreedy.de.danoeh.antennapod.activity.MainActivity, 
08-06 01:42:11.909  1644  1644 D Nappa   : setCurrentActivity - MetricStrategyAccuracy - 
08-06 01:42:11.909  1644  1644 D Nappa   : madePredictionFromExtra = false, 
08-06 01:42:11.909  1644  1644 D Nappa   : fromActivity = nappagreedy.de.danoeh.antennapod.activity.OnlineFeedViewActivity, 
08-06 01:42:11.909  1644  1644 D Nappa   : predictedNextActivityFromExtra = [], 
08-06 01:42:11.909  1644  1644 D Nappa   : activity.getClass().getCanonicalName() = nappagreedy.de.danoeh.antennapod.activity.MainActivity, 
08-06 01:42:11.909  1644  1644 D Nappa   : PREFETCH_ON_EXTRA - setCurrentActivity - logs - from activity - made prediction istrue
08-06 01:42:11.909  1644  1644 D Nappa   : PREFETCH_ON_EXTRA - setCurrentActivity - logs - from activity - start
08-06 01:42:11.909  1644  1644 D Nappa   : PREFETCH_ON_EXTRA - setCurrentActivity - logs - from activity- finished
08-06 01:42:12.010  1644  1644 D Nappa   : registerActivity: (already in) nappagreedy.de.danoeh.antennapod.activity.MainActivity
08-06 01:42:12.011  1644  1644 D Nappa   : SHOULD_PREFETCH false
08-06 01:42:12.011  1644  1644 D Nappa   : STATS Number of requests not prefetched: 4
08-06 01:42:12.011  1644  1644 D Nappa   : STATS Number of requests prefetched: 1
08-06 01:42:12.011  1644  1644 D Nappa   : STATS Time saved until now: 0.147
08-06 01:42:12.310  1644  1667 D Nappa   : PREFETCH_ON_EXTRA - setCurrentActivity - logs - from extra - made prediction isfalse
08-06 01:42:13.716  1644  1698 D Nappa   : F1_SCORE add_intercept_url - (new) - https://itunes.apple.com/lookup?id=360084272
08-06 01:42:13.716  1644  1698 D Nappa   : F1_SCORE add_fn_url - (new) - https://itunes.apple.com/lookup?id=360084272
08-06 01:42:13.716  1644  1698 D Nappa   : -------------F1_SCORE #9 -----------
08-06 01:42:13.716  1644  1698 D Nappa   : F1_SCORE - Intercept list (5)= [https://itunes.apple.com/en/rss/toppodcasts/limit=25/explicit=true/json, https://itunes.apple.com/us/rss/toppodcasts/limit=25/explicit=true/json, https://itunes.apple.com/lookup?id=1524080195, https://rss.art19.com/nice-white-parents, https://itunes.apple.com/lookup?id=360084272]
08-06 01:42:13.716  1644  1698 D Nappa   : F1_SCORE - Prefetch list (1)= [https://rss.art19.com/nice-white-parents]
08-06 01:42:13.717  1644  1698 D Nappa   : F1_SCORE - TP list (1)= [https://rss.art19.com/nice-white-parents]
08-06 01:42:13.717  1644  1698 D Nappa   : F1_SCORE - FN list (4)= [https://itunes.apple.com/en/rss/toppodcasts/limit=25/explicit=true/json, https://itunes.apple.com/us/rss/toppodcasts/limit=25/explicit=true/json, https://itunes.apple.com/lookup?id=1524080195, https://itunes.apple.com/lookup?id=360084272]
08-06 01:42:13.817  1644  1667 D Nappa   : registerActivity: (already in) nappagreedy.de.danoeh.antennapod.activity.MainActivity
08-06 01:42:13.817  1644  1667 D Nappa   : PARENTS 
08-06 01:42:13.817  1644  1667 D Nappa   : Of: nappagreedy.de.danoeh.antennapod.activity.MainActivity -> 
08-06 01:42:13.817  1644  1667 D Nappa   : PARENTS nappagreedy.de.danoeh.antennapod.activity.SplashActivity
08-06 01:42:13.969  1644  1667 D Nappa   : PREFETCH_ON_EXTRA - notifyExtras- start
08-06 01:42:13.972  1644  1667 D Nappa   : PREFETCH_ON_EXTRA - notifyExtras- end
08-06 01:42:13.972  1644  1667 D Nappa   : PREFSTRAT2 URL: http://joeroganexp.joerogan.libsynpro.com/rss
08-06 01:42:13.972  1644  1667 D Nappa   : F1_SCORE list_url_prefetched - (new) - http://joeroganexp.joerogan.libsynpro.com/rss
08-06 01:42:13.973  1644  1667 D Nappa   : F1_SCORE list_url_prefetched - (already in) - http://joeroganexp.joerogan.libsynpro.com/rss
08-06 01:42:13.973  1644  1667 D Nappa   : -------------F1_SCORE #10 -----------
08-06 01:42:13.973  1644  1667 D Nappa   : F1_SCORE - Intercept list (5)= [https://itunes.apple.com/en/rss/toppodcasts/limit=25/explicit=true/json, https://itunes.apple.com/us/rss/toppodcasts/limit=25/explicit=true/json, https://itunes.apple.com/lookup?id=1524080195, https://rss.art19.com/nice-white-parents, https://itunes.apple.com/lookup?id=360084272]
08-06 01:42:13.973  1644  1667 D Nappa   : F1_SCORE - Prefetch list (2)= [https://rss.art19.com/nice-white-parents, http://joeroganexp.joerogan.libsynpro.com/rss]
08-06 01:42:13.974  1644  1667 D Nappa   : F1_SCORE - TP list (1)= [https://rss.art19.com/nice-white-parents]
08-06 01:42:13.974  1644  1667 D Nappa   : F1_SCORE - FN list (4)= [https://itunes.apple.com/en/rss/toppodcasts/limit=25/explicit=true/json, https://itunes.apple.com/us/rss/toppodcasts/limit=25/explicit=true/json, https://itunes.apple.com/lookup?id=1524080195, https://itunes.apple.com/lookup?id=360084272]
08-06 01:42:13.990  1644  1644 D Nappa   : Stayed on nappagreedy.de.danoeh.antennapod.activity.MainActivity for 1979 ms
08-06 01:42:14.018  1644  1644 D Nappa   : setCurrentActivity - MetricStrategyAccuracy - 
08-06 01:42:14.018  1644  1644 D Nappa   : madePredictionFromActivity = false, 
08-06 01:42:14.018  1644  1644 D Nappa   : fromActivity = nappagreedy.de.danoeh.antennapod.activity.MainActivity, 
08-06 01:42:14.018  1644  1644 D Nappa   : predictedNextActivityFromActivity = [], 
08-06 01:42:14.018  1644  1644 D Nappa   : activity.getClass().getCanonicalName() = nappagreedy.de.danoeh.antennapod.activity.OnlineFeedViewActivity, 
08-06 01:42:14.018  1644  1644 D Nappa   : setCurrentActivity - MetricStrategyAccuracy - 
08-06 01:42:14.018  1644  1644 D Nappa   : madePredictionFromExtra = true, 
08-06 01:42:14.018  1644  1644 D Nappa   : fromActivity = nappagreedy.de.danoeh.antennapod.activity.MainActivity, 
08-06 01:42:14.018  1644  1644 D Nappa   : predictedNextActivityFromExtra = [nappagreedy.de.danoeh.antennapod.activity.OnlineFeedViewActivity], 
08-06 01:42:14.018  1644  1644 D Nappa   : activity.getClass().getCanonicalName() = nappagreedy.de.danoeh.antennapod.activity.OnlineFeedViewActivity, 
08-06 01:42:14.018  1644  1644 D Nappa   : PREFETCH_ON_EXTRA - setCurrentActivity - logs - from activity - made prediction isfalse
08-06 01:42:14.020  1644  1685 D Nappa   : TAG okHttpClient initialized
08-06 01:42:14.020  1644  1685 D Nappa   : F1_SCORE list_url_prefetched - (already in) - http://joeroganexp.joerogan.libsynpro.com/rss
08-06 01:42:14.020  1644  1685 D Nappa   : -------------F1_SCORE #11 -----------
08-06 01:42:14.020  1644  1685 D Nappa   : F1_SCORE - Intercept list (5)= [https://itunes.apple.com/en/rss/toppodcasts/limit=25/explicit=true/json, https://itunes.apple.com/us/rss/toppodcasts/limit=25/explicit=true/json, https://itunes.apple.com/lookup?id=1524080195, https://rss.art19.com/nice-white-parents, https://itunes.apple.com/lookup?id=360084272]
08-06 01:42:14.020  1644  1685 D Nappa   : F1_SCORE - Prefetch list (2)= [https://rss.art19.com/nice-white-parents, http://joeroganexp.joerogan.libsynpro.com/rss]
08-06 01:42:14.020  1644  1685 D Nappa   : F1_SCORE - TP list (1)= [https://rss.art19.com/nice-white-parents]
08-06 01:42:14.020  1644  1685 D Nappa   : F1_SCORE - FN list (4)= [https://itunes.apple.com/en/rss/toppodcasts/limit=25/explicit=true/json, https://itunes.apple.com/us/rss/toppodcasts/limit=25/explicit=true/json, https://itunes.apple.com/lookup?id=1524080195, https://itunes.apple.com/lookup?id=360084272]
08-06 01:42:14.118  1644  1644 D Nappa   : registerActivity: (already in) nappagreedy.de.danoeh.antennapod.activity.OnlineFeedViewActivity
08-06 01:42:14.119  1644  1644 D Nappa   : SHOULD_PREFETCH true
08-06 01:42:14.219  1644  1644 D Nappa   : registerActivity: (already in) nappagreedy.de.danoeh.antennapod.activity.OnlineFeedViewActivity
08-06 01:42:14.219  1644  1644 D Nappa   : STATS Number of requests not prefetched: 5
08-06 01:42:14.219  1644  1644 D Nappa   : STATS Number of requests prefetched: 1
08-06 01:42:14.219  1644  1644 D Nappa   : STATS Time saved until now: 0.147
08-06 01:42:14.274  1644  1667 D Nappa   : PREFSTRAT2 ADDING NEW ACTEXTRADATA
08-06 01:42:14.276  1644  1667 D Nappa   : PREFSTRAT2 ADDING NEW ACTEXTRADATA
08-06 01:42:14.381  1644  1667 D Nappa   : registerActivity: (already in) nappagreedy.de.danoeh.antennapod.activity.OnlineFeedViewActivity
08-06 01:42:14.381  1644  1667 D Nappa   : PARENTS 
08-06 01:42:14.381  1644  1667 D Nappa   : Of: nappagreedy.de.danoeh.antennapod.activity.OnlineFeedViewActivity -> 
08-06 01:42:14.381  1644  1667 D Nappa   : PARENTS nappagreedy.de.danoeh.antennapod.activity.MainActivity
08-06 01:42:14.381  1644  1667 D Nappa   : PARENTS has extra: (arg.feedurl, http://joeroganexp.joerogan.libsynpro.com/rss)
08-06 01:42:14.381  1644  1667 D Nappa   : PARENTS value of key 'arg.feedurl' is contained into http://joeroganexp.joerogan.libsynpro.com/rss
08-06 01:42:14.381  1644  1667 D Nappa   : PARENTS PARAM: arg.feedurl
08-06 01:42:14.381  1644  1667 D Nappa   : PARENTS   NODE nappagreedy.de.danoeh.antennapod.activity.OnlineFeedViewActivity ALREADY CONTAINS THIS URL
08-06 01:42:14.381  1644  1667 D Nappa   : PARENTS has extra: (title, iTunes)
08-06 01:42:14.381  1644  1667 D Nappa   : PARENTS nappagreedy.de.danoeh.antennapod.activity.SplashActivity
08-06 01:42:14.484  1644  1667 D Nappa   : registerActivity: (already in) nappagreedy.de.danoeh.antennapod.activity.OnlineFeedViewActivity
08-06 01:42:14.484  1644  1667 D Nappa   : PARENTS 
08-06 01:42:14.484  1644  1667 D Nappa   : Of: nappagreedy.de.danoeh.antennapod.activity.OnlineFeedViewActivity -> 
08-06 01:42:14.484  1644  1667 D Nappa   : PARENTS nappagreedy.de.danoeh.antennapod.activity.MainActivity
08-06 01:42:14.484  1644  1667 D Nappa   : PARENTS has extra: (arg.feedurl, http://joeroganexp.joerogan.libsynpro.com/rss)
08-06 01:42:14.484  1644  1667 D Nappa   : PARENTS value of key 'arg.feedurl' is contained into http://joeroganexp.joerogan.libsynpro.com/rss
08-06 01:42:14.484  1644  1667 D Nappa   : PARENTS PARAM: arg.feedurl
08-06 01:42:14.484  1644  1667 D Nappa   : PARENTS   NODE nappagreedy.de.danoeh.antennapod.activity.OnlineFeedViewActivity ALREADY CONTAINS THIS URL
08-06 01:42:14.484  1644  1667 D Nappa   : PARENTS has extra: (title, iTunes)
08-06 01:42:14.484  1644  1667 D Nappa   : PARENTS nappagreedy.de.danoeh.antennapod.activity.SplashActivity
08-06 01:42:14.487  1644  1667 D Nappa   : PREFETCH_ON_EXTRA - setCurrentActivity - logs - from extra - made prediction istrue
08-06 01:42:14.487  1644  1667 D Nappa   : PREFETCH_ON_EXTRA - setCurrentActivity - logs - from extra - start
08-06 01:42:14.487  1644  1667 D Nappa   : setCurrentActivity - MetricStrategyAccuracy - checking prediction VS current activity for extras
08-06 01:42:14.488  1644  1667 D Nappa   : PREFETCH_ON_EXTRA - setCurrentActivity - logs - from extra- finished
08-06 01:42:14.719  1644  1667 D Nappa   : PREFETCH_ON_EXTRA - setCurrentActivity - starting new prediction
08-06 01:42:14.719  1644  1667 D Nappa   : Current node - currentActivityName - nappagreedy.de.danoeh.antennapod.activity.OnlineFeedViewActivity
08-06 01:42:14.720  1644  1667 D Nappa   : Current node - activityGraph.getCurrent() - nappagreedy.de.danoeh.antennapod.activity.OnlineFeedViewActivity
08-06 01:42:14.720  1644  1667 D Nappa   : PREFETCH_ON_EXTRA - setCurrentActivity - finished new prediction
08-06 01:42:18.591  1644  3020 D Nappa   : TAG okHttpClient initialized
08-06 01:42:18.592  1644  3020 D Nappa   : F1_SCORE add_intercept_url - (new) - http://joeroganexp.joerogan.libsynpro.com/rss
08-06 01:42:18.592  1644  3020 D Nappa   : F1_SCORE add_tp_url - (new) - http://joeroganexp.joerogan.libsynpro.com/rss
08-06 01:42:18.592  1644  3020 D Nappa   : -------------F1_SCORE #12 -----------
08-06 01:42:18.592  1644  3020 D Nappa   : F1_SCORE - Intercept list (6)= [https://itunes.apple.com/en/rss/toppodcasts/limit=25/explicit=true/json, https://itunes.apple.com/us/rss/toppodcasts/limit=25/explicit=true/json, https://itunes.apple.com/lookup?id=1524080195, https://rss.art19.com/nice-white-parents, https://itunes.apple.com/lookup?id=360084272, http://joeroganexp.joerogan.libsynpro.com/rss]
08-06 01:42:18.592  1644  3020 D Nappa   : F1_SCORE - Prefetch list (2)= [https://rss.art19.com/nice-white-parents, http://joeroganexp.joerogan.libsynpro.com/rss]
08-06 01:42:18.592  1644  3020 D Nappa   : F1_SCORE - TP list (2)= [https://rss.art19.com/nice-white-parents, http://joeroganexp.joerogan.libsynpro.com/rss]
08-06 01:42:18.592  1644  3020 D Nappa   : F1_SCORE - FN list (4)= [https://itunes.apple.com/en/rss/toppodcasts/limit=25/explicit=true/json, https://itunes.apple.com/us/rss/toppodcasts/limit=25/explicit=true/json, https://itunes.apple.com/lookup?id=1524080195, https://itunes.apple.com/lookup?id=360084272]
08-06 01:42:18.692  1644  1667 D Nappa   : registerActivity: (already in) nappagreedy.de.danoeh.antennapod.activity.OnlineFeedViewActivity
08-06 01:42:18.692  1644  1667 D Nappa   : PARENTS 
08-06 01:42:18.692  1644  1667 D Nappa   : Of: nappagreedy.de.danoeh.antennapod.activity.OnlineFeedViewActivity -> 
08-06 01:42:18.692  1644  1667 D Nappa   : PARENTS nappagreedy.de.danoeh.antennapod.activity.MainActivity
08-06 01:42:18.692  1644  1667 D Nappa   : PARENTS has extra: (arg.feedurl, http://joeroganexp.joerogan.libsynpro.com/rss)
08-06 01:42:18.692  1644  1667 D Nappa   : PARENTS value of key 'arg.feedurl' is contained into http://joeroganexp.joerogan.libsynpro.com/rss
08-06 01:42:18.693  1644  1667 D Nappa   : PARENTS PARAM: arg.feedurl
08-06 01:42:18.693  1644  1667 D Nappa   : PARENTS   NODE nappagreedy.de.danoeh.antennapod.activity.OnlineFeedViewActivity ALREADY CONTAINS THIS URL
08-06 01:42:18.693  1644  1667 D Nappa   : PARENTS has extra: (title, iTunes)
08-06 01:42:18.693  1644  1667 D Nappa   : PARENTS nappagreedy.de.danoeh.antennapod.activity.SplashActivity
08-06 01:42:23.467  1644  1644 D Nappa   : Stayed on nappagreedy.de.danoeh.antennapod.activity.OnlineFeedViewActivity for 9247 ms
08-06 01:42:23.482  1644  1644 D Nappa   : setCurrentActivity - MetricStrategyAccuracy - 
08-06 01:42:23.482  1644  1644 D Nappa   : madePredictionFromActivity = true, 
08-06 01:42:23.482  1644  1644 D Nappa   : fromActivity = nappagreedy.de.danoeh.antennapod.activity.OnlineFeedViewActivity, 
08-06 01:42:23.482  1644  1644 D Nappa   : predictedNextActivityFromActivity = [], 
08-06 01:42:23.482  1644  1644 D Nappa   : activity.getClass().getCanonicalName() = nappagreedy.de.danoeh.antennapod.activity.MainActivity, 
08-06 01:42:23.482  1644  1644 D Nappa   : setCurrentActivity - MetricStrategyAccuracy - 
08-06 01:42:23.482  1644  1644 D Nappa   : madePredictionFromExtra = false, 
08-06 01:42:23.482  1644  1644 D Nappa   : fromActivity = nappagreedy.de.danoeh.antennapod.activity.OnlineFeedViewActivity, 
08-06 01:42:23.482  1644  1644 D Nappa   : predictedNextActivityFromExtra = [], 
08-06 01:42:23.482  1644  1644 D Nappa   : activity.getClass().getCanonicalName() = nappagreedy.de.danoeh.antennapod.activity.MainActivity, 
08-06 01:42:23.482  1644  1644 D Nappa   : PREFETCH_ON_EXTRA - setCurrentActivity - logs - from activity - made prediction istrue
08-06 01:42:23.482  1644  1644 D Nappa   : PREFETCH_ON_EXTRA - setCurrentActivity - logs - from activity - start
08-06 01:42:23.483  1644  1644 D Nappa   : PREFETCH_ON_EXTRA - setCurrentActivity - logs - from activity- finished
08-06 01:42:23.583  1644  1644 D Nappa   : registerActivity: (already in) nappagreedy.de.danoeh.antennapod.activity.MainActivity
08-06 01:42:23.583  1644  1644 D Nappa   : SHOULD_PREFETCH false
08-06 01:42:23.583  1644  1644 D Nappa   : STATS Number of requests not prefetched: 5
08-06 01:42:23.583  1644  1644 D Nappa   : STATS Number of requests prefetched: 2
08-06 01:42:23.583  1644  1644 D Nappa   : STATS Time saved until now: 0.22999999
08-06 01:42:23.883  1644  1667 D Nappa   : PREFETCH_ON_EXTRA - setCurrentActivity - logs - from extra - made prediction isfalse
08-06 01:42:25.465  1644  1698 D Nappa   : F1_SCORE add_intercept_url - (already in) - https://itunes.apple.com/lookup?id=360084272
08-06 01:42:25.465  1644  1698 D Nappa   : F1_SCORE add_fn_url - (already in) - https://itunes.apple.com/lookup?id=360084272
08-06 01:42:25.465  1644  1698 D Nappa   : -------------F1_SCORE #14 -----------
08-06 01:42:25.466  1644  1698 D Nappa   : F1_SCORE - Intercept list (6)= [https://itunes.apple.com/en/rss/toppodcasts/limit=25/explicit=true/json, https://itunes.apple.com/us/rss/toppodcasts/limit=25/explicit=true/json, https://itunes.apple.com/lookup?id=1524080195, https://rss.art19.com/nice-white-parents, https://itunes.apple.com/lookup?id=360084272, http://joeroganexp.joerogan.libsynpro.com/rss]
08-06 01:42:25.466  1644  1698 D Nappa   : F1_SCORE - Prefetch list (2)= [https://rss.art19.com/nice-white-parents, http://joeroganexp.joerogan.libsynpro.com/rss]
08-06 01:42:25.466  1644  1698 D Nappa   : F1_SCORE - TP list (2)= [https://rss.art19.com/nice-white-parents, http://joeroganexp.joerogan.libsynpro.com/rss]
08-06 01:42:25.466  1644  1698 D Nappa   : F1_SCORE - FN list (4)= [https://itunes.apple.com/en/rss/toppodcasts/limit=25/explicit=true/json, https://itunes.apple.com/us/rss/toppodcasts/limit=25/explicit=true/json, https://itunes.apple.com/lookup?id=1524080195, https://itunes.apple.com/lookup?id=360084272]
08-06 01:42:25.514  1644  1644 D Nappa   : Stayed on nappagreedy.de.danoeh.antennapod.activity.MainActivity for 1931 ms
08-06 01:42:25.546  1644  1644 D Nappa   : setCurrentActivity - MetricStrategyAccuracy - 
08-06 01:42:25.546  1644  1644 D Nappa   : madePredictionFromActivity = false, 
08-06 01:42:25.546  1644  1644 D Nappa   : fromActivity = nappagreedy.de.danoeh.antennapod.activity.MainActivity, 
08-06 01:42:25.546  1644  1644 D Nappa   : predictedNextActivityFromActivity = [], 
08-06 01:42:25.546  1644  1644 D Nappa   : activity.getClass().getCanonicalName() = nappagreedy.de.danoeh.antennapod.activity.OnlineFeedViewActivity, 
08-06 01:42:25.546  1644  1644 D Nappa   : setCurrentActivity - MetricStrategyAccuracy - 
08-06 01:42:25.546  1644  1644 D Nappa   : madePredictionFromExtra = false, 
08-06 01:42:25.546  1644  1644 D Nappa   : fromActivity = nappagreedy.de.danoeh.antennapod.activity.MainActivity, 
08-06 01:42:25.546  1644  1644 D Nappa   : predictedNextActivityFromExtra = [], 
08-06 01:42:25.546  1644  1644 D Nappa   : activity.getClass().getCanonicalName() = nappagreedy.de.danoeh.antennapod.activity.OnlineFeedViewActivity, 
08-06 01:42:25.546  1644  1644 D Nappa   : PREFETCH_ON_EXTRA - setCurrentActivity - logs - from activity - made prediction isfalse
08-06 01:42:25.549  1644  1685 D Nappa   : TAG okHttpClient initialized
08-06 01:42:25.550  1644  1685 D Nappa   : F1_SCORE add_intercept_url - (already in) - http://joeroganexp.joerogan.libsynpro.com/rss
08-06 01:42:25.550  1644  1685 D Nappa   : F1_SCORE add_tp_url - (already in) - http://joeroganexp.joerogan.libsynpro.com/rss
08-06 01:42:25.550  1644  1685 D Nappa   : -------------F1_SCORE #15 -----------
08-06 01:42:25.550  1644  1685 D Nappa   : F1_SCORE - Intercept list (6)= [https://itunes.apple.com/en/rss/toppodcasts/limit=25/explicit=true/json, https://itunes.apple.com/us/rss/toppodcasts/limit=25/explicit=true/json, https://itunes.apple.com/lookup?id=1524080195, https://rss.art19.com/nice-white-parents, https://itunes.apple.com/lookup?id=360084272, http://joeroganexp.joerogan.libsynpro.com/rss]
08-06 01:42:25.551  1644  1685 D Nappa   : F1_SCORE - Prefetch list (2)= [https://rss.art19.com/nice-white-parents, http://joeroganexp.joerogan.libsynpro.com/rss]
08-06 01:42:25.551  1644  1685 D Nappa   : F1_SCORE - TP list (2)= [https://rss.art19.com/nice-white-parents, http://joeroganexp.joerogan.libsynpro.com/rss]
08-06 01:42:25.551  1644  1685 D Nappa   : F1_SCORE - FN list (4)= [https://itunes.apple.com/en/rss/toppodcasts/limit=25/explicit=true/json, https://itunes.apple.com/us/rss/toppodcasts/limit=25/explicit=true/json, https://itunes.apple.com/lookup?id=1524080195, https://itunes.apple.com/lookup?id=360084272]
08-06 01:42:25.567  1644  1667 D Nappa   : registerActivity: (already in) nappagreedy.de.danoeh.antennapod.activity.MainActivity
08-06 01:42:25.567  1644  1667 D Nappa   : PARENTS 
08-06 01:42:25.567  1644  1667 D Nappa   : Of: nappagreedy.de.danoeh.antennapod.activity.MainActivity -> 
08-06 01:42:25.567  1644  1667 D Nappa   : PARENTS nappagreedy.de.danoeh.antennapod.activity.SplashActivity
08-06 01:42:25.567  1644  1667 D Nappa   : PREFETCH_ON_EXTRA - notifyExtras- start
08-06 01:42:25.570  1644  1667 D Nappa   : PREFETCH_ON_EXTRA - notifyExtras- end
08-06 01:42:25.570  1644  1667 D Nappa   : PREFSTRAT2 URL: http://joeroganexp.joerogan.libsynpro.com/rss
08-06 01:42:25.570  1644  1667 D Nappa   : F1_SCORE list_url_prefetched - (already in) - http://joeroganexp.joerogan.libsynpro.com/rss
08-06 01:42:25.571  1644  1667 D Nappa   : F1_SCORE list_url_prefetched - (already in) - http://joeroganexp.joerogan.libsynpro.com/rss
08-06 01:42:25.571  1644  1667 D Nappa   : -------------F1_SCORE #16 -----------
08-06 01:42:25.571  1644  1667 D Nappa   : F1_SCORE - Intercept list (6)= [https://itunes.apple.com/en/rss/toppodcasts/limit=25/explicit=true/json, https://itunes.apple.com/us/rss/toppodcasts/limit=25/explicit=true/json, https://itunes.apple.com/lookup?id=1524080195, https://rss.art19.com/nice-white-parents, https://itunes.apple.com/lookup?id=360084272, http://joeroganexp.joerogan.libsynpro.com/rss]
