08-06 01:43:31.578  1644  4718 D Nappa   : F1_SCORE - FN list (5)= [https://itunes.apple.com/en/rss/toppodcasts/limit=25/explicit=true/json, https://itunes.apple.com/us/rss/toppodcasts/limit=25/explicit=true/json, https://itunes.apple.com/lookup?id=1524080195, https://itunes.apple.com/lookup?id=360084272, https://gpodder.net/toplist/50.json]
08-06 01:43:31.580  1644  4719 D Nappa   : F1_SCORE add_intercept_url - (new) - https://gpodder.net/api/2/tags/50.json
08-06 01:43:31.580  1644  4719 D Nappa   : F1_SCORE add_fn_url - (new) - https://gpodder.net/api/2/tags/50.json
08-06 01:43:31.581  1644  4719 D Nappa   : -------------F1_SCORE #33 -----------
08-06 01:43:31.581  1644  4719 D Nappa   : F1_SCORE - Intercept list (8)= [https://itunes.apple.com/en/rss/toppodcasts/limit=25/explicit=true/json, https://itunes.apple.com/us/rss/toppodcasts/limit=25/explicit=true/json, https://itunes.apple.com/lookup?id=1524080195, https://rss.art19.com/nice-white-parents, https://itunes.apple.com/lookup?id=360084272, http://joeroganexp.joerogan.libsynpro.com/rss, https://gpodder.net/toplist/50.json, https://gpodder.net/api/2/tags/50.json]
08-06 01:43:31.581  1644  4719 D Nappa   : F1_SCORE - Prefetch list (2)= [https://rss.art19.com/nice-white-parents, http://joeroganexp.joerogan.libsynpro.com/rss]
08-06 01:43:31.581  1644  4719 D Nappa   : F1_SCORE - TP list (2)= [https://rss.art19.com/nice-white-parents, http://joeroganexp.joerogan.libsynpro.com/rss]
08-06 01:43:31.581  1644  4719 D Nappa   : F1_SCORE - FN list (6)= [https://itunes.apple.com/en/rss/toppodcasts/limit=25/explicit=true/json, https://itunes.apple.com/us/rss/toppodcasts/limit=25/explicit=true/json, https://itunes.apple.com/lookup?id=1524080195, https://itunes.apple.com/lookup?id=360084272, https://gpodder.net/toplist/50.json, https://gpodder.net/api/2/tags/50.json]
08-06 01:43:31.678  1644  1667 D Nappa   : registerActivity: (already in) nappagreedy.de.danoeh.antennapod.activity.MainActivity
08-06 01:43:31.678  1644  1667 D Nappa   : PARENTS 
08-06 01:43:31.678  1644  1667 D Nappa   : Of: nappagreedy.de.danoeh.antennapod.activity.MainActivity -> 
08-06 01:43:31.678  1644  1667 D Nappa   : PARENTS nappagreedy.de.danoeh.antennapod.activity.SplashActivity
08-06 01:43:31.778  1644  1667 D Nappa   : registerActivity: (already in) nappagreedy.de.danoeh.antennapod.activity.MainActivity
08-06 01:43:31.779  1644  1667 D Nappa   : PARENTS 
08-06 01:43:31.779  1644  1667 D Nappa   : Of: nappagreedy.de.danoeh.antennapod.activity.MainActivity -> 
08-06 01:43:31.779  1644  1667 D Nappa   : PARENTS nappagreedy.de.danoeh.antennapod.activity.SplashActivity
08-06 01:43:38.500  1644  1667 D Nappa   : PREFETCH_ON_EXTRA - notifyExtras- start
08-06 01:43:38.506  1644  1667 D Nappa   : PREFETCH_ON_EXTRA - notifyExtras- end
08-06 01:43:38.506  1644  1667 D Nappa   : PREFSTRAT2 URL: http://feeds.feedburner.com/linuxoutlaws
08-06 01:43:38.507  1644  1667 D Nappa   : F1_SCORE list_url_prefetched - (new) - http://feeds.feedburner.com/linuxoutlaws
08-06 01:43:38.508  1644  1667 D Nappa   : F1_SCORE list_url_prefetched - (already in) - http://feeds.feedburner.com/linuxoutlaws
08-06 01:43:38.508  1644  1667 D Nappa   : -------------F1_SCORE #34 -----------
08-06 01:43:38.508  1644  1667 D Nappa   : F1_SCORE - Intercept list (8)= [https://itunes.apple.com/en/rss/toppodcasts/limit=25/explicit=true/json, https://itunes.apple.com/us/rss/toppodcasts/limit=25/explicit=true/json, https://itunes.apple.com/lookup?id=1524080195, https://rss.art19.com/nice-white-parents, https://itunes.apple.com/lookup?id=360084272, http://joeroganexp.joerogan.libsynpro.com/rss, https://gpodder.net/toplist/50.json, https://gpodder.net/api/2/tags/50.json]
08-06 01:43:38.508  1644  1667 D Nappa   : F1_SCORE - Prefetch list (3)= [https://rss.art19.com/nice-white-parents, http://joeroganexp.joerogan.libsynpro.com/rss, http://feeds.feedburner.com/linuxoutlaws]
08-06 01:43:38.508  1644  1667 D Nappa   : F1_SCORE - TP list (2)= [https://rss.art19.com/nice-white-parents, http://joeroganexp.joerogan.libsynpro.com/rss]
08-06 01:43:38.508  1644  1667 D Nappa   : F1_SCORE - FN list (6)= [https://itunes.apple.com/en/rss/toppodcasts/limit=25/explicit=true/json, https://itunes.apple.com/us/rss/toppodcasts/limit=25/explicit=true/json, https://itunes.apple.com/lookup?id=1524080195, https://itunes.apple.com/lookup?id=360084272, https://gpodder.net/toplist/50.json, https://gpodder.net/api/2/tags/50.json]
08-06 01:43:38.519  1644  1644 D Nappa   : Stayed on nappagreedy.de.danoeh.antennapod.activity.MainActivity for 19590 ms
08-06 01:43:38.553  1644  1644 D Nappa   : setCurrentActivity - MetricStrategyAccuracy - 
08-06 01:43:38.553  1644  1644 D Nappa   : madePredictionFromActivity = false, 
08-06 01:43:38.553  1644  1644 D Nappa   : fromActivity = nappagreedy.de.danoeh.antennapod.activity.MainActivity, 
08-06 01:43:38.553  1644  1644 D Nappa   : predictedNextActivityFromActivity = [], 
08-06 01:43:38.553  1644  1644 D Nappa   : activity.getClass().getCanonicalName() = nappagreedy.de.danoeh.antennapod.activity.OnlineFeedViewActivity, 
08-06 01:43:38.553  1644  1644 D Nappa   : setCurrentActivity - MetricStrategyAccuracy - 
08-06 01:43:38.553  1644  1644 D Nappa   : madePredictionFromExtra = true, 
08-06 01:43:38.553  1644  1644 D Nappa   : fromActivity = nappagreedy.de.danoeh.antennapod.activity.MainActivity, 
08-06 01:43:38.553  1644  1644 D Nappa   : predictedNextActivityFromExtra = [nappagreedy.de.danoeh.antennapod.activity.OnlineFeedViewActivity], 
08-06 01:43:38.553  1644  1644 D Nappa   : activity.getClass().getCanonicalName() = nappagreedy.de.danoeh.antennapod.activity.OnlineFeedViewActivity, 
08-06 01:43:38.554  1644  1644 D Nappa   : PREFETCH_ON_EXTRA - setCurrentActivity - logs - from activity - made prediction isfalse
08-06 01:43:38.556  1644  2211 D Nappa   : TAG okHttpClient initialized
08-06 01:43:38.557  1644  2211 D Nappa   : F1_SCORE list_url_prefetched - (already in) - http://feeds.feedburner.com/linuxoutlaws
08-06 01:43:38.557  1644  2211 D Nappa   : -------------F1_SCORE #35 -----------
08-06 01:43:38.557  1644  2211 D Nappa   : F1_SCORE - Intercept list (8)= [https://itunes.apple.com/en/rss/toppodcasts/limit=25/explicit=true/json, https://itunes.apple.com/us/rss/toppodcasts/limit=25/explicit=true/json, https://itunes.apple.com/lookup?id=1524080195, https://rss.art19.com/nice-white-parents, https://itunes.apple.com/lookup?id=360084272, http://joeroganexp.joerogan.libsynpro.com/rss, https://gpodder.net/toplist/50.json, https://gpodder.net/api/2/tags/50.json]
08-06 01:43:38.557  1644  2211 D Nappa   : F1_SCORE - Prefetch list (3)= [https://rss.art19.com/nice-white-parents, http://joeroganexp.joerogan.libsynpro.com/rss, http://feeds.feedburner.com/linuxoutlaws]
08-06 01:43:38.557  1644  2211 D Nappa   : F1_SCORE - TP list (2)= [https://rss.art19.com/nice-white-parents, http://joeroganexp.joerogan.libsynpro.com/rss]
08-06 01:43:38.557  1644  2211 D Nappa   : F1_SCORE - FN list (6)= [https://itunes.apple.com/en/rss/toppodcasts/limit=25/explicit=true/json, https://itunes.apple.com/us/rss/toppodcasts/limit=25/explicit=true/json, https://itunes.apple.com/lookup?id=1524080195, https://itunes.apple.com/lookup?id=360084272, https://gpodder.net/toplist/50.json, https://gpodder.net/api/2/tags/50.json]
08-06 01:43:38.654  1644  1644 D Nappa   : registerActivity: (already in) nappagreedy.de.danoeh.antennapod.activity.OnlineFeedViewActivity
08-06 01:43:38.655  1644  1644 D Nappa   : SHOULD_PREFETCH true
08-06 01:43:38.694  1644  1667 D Nappa   : PREFSTRAT2 ADDING NEW ACTEXTRADATA
08-06 01:43:38.697  1644  1667 D Nappa   : PREFSTRAT2 ADDING NEW ACTEXTRADATA
08-06 01:43:38.755  1644  1644 D Nappa   : registerActivity: (already in) nappagreedy.de.danoeh.antennapod.activity.OnlineFeedViewActivity
08-06 01:43:38.755  1644  1644 D Nappa   : STATS Number of requests not prefetched: 8
08-06 01:43:38.755  1644  1644 D Nappa   : STATS Number of requests prefetched: 9
08-06 01:43:38.755  1644  1644 D Nappa   : STATS Time saved until now: 1.4609998
08-06 01:43:38.801  1644  1667 D Nappa   : registerActivity: (already in) nappagreedy.de.danoeh.antennapod.activity.OnlineFeedViewActivity
08-06 01:43:38.801  1644  1667 D Nappa   : PARENTS 
08-06 01:43:38.801  1644  1667 D Nappa   : Of: nappagreedy.de.danoeh.antennapod.activity.OnlineFeedViewActivity -> 
08-06 01:43:38.801  1644  1667 D Nappa   : PARENTS nappagreedy.de.danoeh.antennapod.activity.MainActivity
08-06 01:43:38.801  1644  1667 D Nappa   : PARENTS has extra: (nappagreedy.de.danoeh.antennapod.extra.feedId, 2)
08-06 01:43:38.801  1644  1667 D Nappa   : PARENTS has extra: (arg.feedurl, http://feeds.feedburner.com/linuxoutlaws)
08-06 01:43:38.801  1644  1667 D Nappa   : PARENTS value of key 'arg.feedurl' is contained into http://feeds.feedburner.com/linuxoutlaws
08-06 01:43:38.801  1644  1667 D Nappa   : PARENTS PARAM: arg.feedurl
08-06 01:43:38.802  1644  1667 D Nappa   : PARENTS   NODE nappagreedy.de.danoeh.antennapod.activity.OnlineFeedViewActivity ALREADY CONTAINS THIS URL
08-06 01:43:38.802  1644  1667 D Nappa   : PARENTS has extra: (title, gpodder.net)
08-06 01:43:38.802  1644  1667 D Nappa   : PARENTS nappagreedy.de.danoeh.antennapod.activity.SplashActivity
08-06 01:43:38.905  1644  1667 D Nappa   : registerActivity: (already in) nappagreedy.de.danoeh.antennapod.activity.OnlineFeedViewActivity
08-06 01:43:38.905  1644  1667 D Nappa   : PARENTS 
08-06 01:43:38.905  1644  1667 D Nappa   : Of: nappagreedy.de.danoeh.antennapod.activity.OnlineFeedViewActivity -> 
08-06 01:43:38.905  1644  1667 D Nappa   : PARENTS nappagreedy.de.danoeh.antennapod.activity.MainActivity
08-06 01:43:38.905  1644  1667 D Nappa   : PARENTS has extra: (nappagreedy.de.danoeh.antennapod.extra.feedId, 2)
08-06 01:43:38.905  1644  1667 D Nappa   : PARENTS has extra: (arg.feedurl, http://feeds.feedburner.com/linuxoutlaws)
08-06 01:43:38.906  1644  1667 D Nappa   : PARENTS value of key 'arg.feedurl' is contained into http://feeds.feedburner.com/linuxoutlaws
08-06 01:43:38.906  1644  1667 D Nappa   : PARENTS PARAM: arg.feedurl
08-06 01:43:38.906  1644  1667 D Nappa   : PARENTS   NODE nappagreedy.de.danoeh.antennapod.activity.OnlineFeedViewActivity ALREADY CONTAINS THIS URL
08-06 01:43:38.906  1644  1667 D Nappa   : PARENTS has extra: (title, gpodder.net)
08-06 01:43:38.906  1644  1667 D Nappa   : PARENTS nappagreedy.de.danoeh.antennapod.activity.SplashActivity
08-06 01:43:38.954  1644  1667 D Nappa   : PREFETCH_ON_EXTRA - setCurrentActivity - logs - from extra - made prediction istrue
08-06 01:43:38.954  1644  1667 D Nappa   : PREFETCH_ON_EXTRA - setCurrentActivity - logs - from extra - start
08-06 01:43:38.954  1644  1667 D Nappa   : setCurrentActivity - MetricStrategyAccuracy - checking prediction VS current activity for extras
08-06 01:43:38.954  1644  1667 D Nappa   : PREFETCH_ON_EXTRA - setCurrentActivity - logs - from extra- finished
08-06 01:43:39.255  1644  1667 D Nappa   : PREFETCH_ON_EXTRA - setCurrentActivity - starting new prediction
08-06 01:43:39.255  1644  1667 D Nappa   : Current node - currentActivityName - nappagreedy.de.danoeh.antennapod.activity.OnlineFeedViewActivity
08-06 01:43:39.255  1644  1667 D Nappa   : Current node - activityGraph.getCurrent() - nappagreedy.de.danoeh.antennapod.activity.OnlineFeedViewActivity
08-06 01:43:39.256  1644  1667 D Nappa   : PREFETCH_ON_EXTRA - setCurrentActivity - finished new prediction
08-06 01:43:43.379  1644  1644 D Nappa   : Stayed on nappagreedy.de.danoeh.antennapod.activity.OnlineFeedViewActivity for 4624 ms
08-06 01:43:43.395  1644  1644 D Nappa   : setCurrentActivity - MetricStrategyAccuracy - 
08-06 01:43:43.395  1644  1644 D Nappa   : madePredictionFromActivity = true, 
08-06 01:43:43.395  1644  1644 D Nappa   : fromActivity = nappagreedy.de.danoeh.antennapod.activity.OnlineFeedViewActivity, 
08-06 01:43:43.395  1644  1644 D Nappa   : predictedNextActivityFromActivity = [], 
08-06 01:43:43.395  1644  1644 D Nappa   : activity.getClass().getCanonicalName() = nappagreedy.de.danoeh.antennapod.activity.MainActivity, 
08-06 01:43:43.395  1644  1644 D Nappa   : setCurrentActivity - MetricStrategyAccuracy - 
08-06 01:43:43.395  1644  1644 D Nappa   : madePredictionFromExtra = false, 
08-06 01:43:43.395  1644  1644 D Nappa   : fromActivity = nappagreedy.de.danoeh.antennapod.activity.OnlineFeedViewActivity, 
08-06 01:43:43.395  1644  1644 D Nappa   : predictedNextActivityFromExtra = [], 
08-06 01:43:43.395  1644  1644 D Nappa   : activity.getClass().getCanonicalName() = nappagreedy.de.danoeh.antennapod.activity.MainActivity, 
08-06 01:43:43.395  1644  1644 D Nappa   : PREFETCH_ON_EXTRA - setCurrentActivity - logs - from activity - made prediction istrue
08-06 01:43:43.395  1644  1644 D Nappa   : PREFETCH_ON_EXTRA - setCurrentActivity - logs - from activity - start
08-06 01:43:43.396  1644  1644 D Nappa   : PREFETCH_ON_EXTRA - setCurrentActivity - logs - from activity- finished
08-06 01:43:43.496  1644  1644 D Nappa   : registerActivity: (already in) nappagreedy.de.danoeh.antennapod.activity.MainActivity
08-06 01:43:43.496  1644  1644 D Nappa   : SHOULD_PREFETCH false
08-06 01:43:43.496  1644  1644 D Nappa   : STATS Number of requests not prefetched: 8
08-06 01:43:43.496  1644  1644 D Nappa   : STATS Number of requests prefetched: 9
08-06 01:43:43.496  1644  1644 D Nappa   : STATS Time saved until now: 1.4609998
08-06 01:43:43.796  1644  1667 D Nappa   : PREFETCH_ON_EXTRA - setCurrentActivity - logs - from extra - made prediction isfalse
08-06 01:43:45.372  1644  1667 D Nappa   : PREFETCH_ON_EXTRA - notifyExtras- start
08-06 01:43:45.378  1644  1667 D Nappa   : PREFETCH_ON_EXTRA - notifyExtras- end
08-06 01:43:45.378  1644  1667 D Nappa   : PREFSTRAT2 URL: http://feeds.feedburner.com/linuxoutlaws
08-06 01:43:45.378  1644  1667 D Nappa   : F1_SCORE list_url_prefetched - (already in) - http://feeds.feedburner.com/linuxoutlaws
08-06 01:43:45.379  1644  1667 D Nappa   : F1_SCORE list_url_prefetched - (already in) - http://feeds.feedburner.com/linuxoutlaws
08-06 01:43:45.379  1644  1667 D Nappa   : -------------F1_SCORE #37 -----------
08-06 01:43:45.379  1644  1667 D Nappa   : F1_SCORE - Intercept list (8)= [https://itunes.apple.com/en/rss/toppodcasts/limit=25/explicit=true/json, https://itunes.apple.com/us/rss/toppodcasts/limit=25/explicit=true/json, https://itunes.apple.com/lookup?id=1524080195, https://rss.art19.com/nice-white-parents, https://itunes.apple.com/lookup?id=360084272, http://joeroganexp.joerogan.libsynpro.com/rss, https://gpodder.net/toplist/50.json, https://gpodder.net/api/2/tags/50.json]
08-06 01:43:45.379  1644  1667 D Nappa   : F1_SCORE - Prefetch list (3)= [https://rss.art19.com/nice-white-parents, http://joeroganexp.joerogan.libsynpro.com/rss, http://feeds.feedburner.com/linuxoutlaws]
08-06 01:43:45.380  1644  1667 D Nappa   : F1_SCORE - TP list (2)= [https://rss.art19.com/nice-white-parents, http://joeroganexp.joerogan.libsynpro.com/rss]
08-06 01:43:45.380  1644  1667 D Nappa   : F1_SCORE - FN list (6)= [https://itunes.apple.com/en/rss/toppodcasts/limit=25/explicit=true/json, https://itunes.apple.com/us/rss/toppodcasts/limit=25/explicit=true/json, https://itunes.apple.com/lookup?id=1524080195, https://itunes.apple.com/lookup?id=360084272, https://gpodder.net/toplist/50.json, https://gpodder.net/api/2/tags/50.json]
08-06 01:43:45.382  1644  1667 D Nappa   : PREFSTRAT2 ADDING NEW ACTEXTRADATA
08-06 01:43:45.384  1644  1667 D Nappa   : PREFSTRAT2 ADDING NEW ACTEXTRADATA
08-06 01:43:45.392  1644  1644 D Nappa   : Stayed on nappagreedy.de.danoeh.antennapod.activity.MainActivity for 1895 ms
08-06 01:43:45.436  1644  1644 D Nappa   : setCurrentActivity - MetricStrategyAccuracy - 
08-06 01:43:45.436  1644  1644 D Nappa   : madePredictionFromActivity = false, 
08-06 01:43:45.436  1644  1644 D Nappa   : fromActivity = nappagreedy.de.danoeh.antennapod.activity.MainActivity, 
08-06 01:43:45.436  1644  1644 D Nappa   : predictedNextActivityFromActivity = [], 
08-06 01:43:45.436  1644  1644 D Nappa   : activity.getClass().getCanonicalName() = nappagreedy.de.danoeh.antennapod.activity.OnlineFeedViewActivity, 
08-06 01:43:45.436  1644  1644 D Nappa   : setCurrentActivity - MetricStrategyAccuracy - 
08-06 01:43:45.436  1644  1644 D Nappa   : madePredictionFromExtra = true, 
08-06 01:43:45.436  1644  1644 D Nappa   : fromActivity = nappagreedy.de.danoeh.antennapod.activity.MainActivity, 
08-06 01:43:45.436  1644  1644 D Nappa   : predictedNextActivityFromExtra = [nappagreedy.de.danoeh.antennapod.activity.OnlineFeedViewActivity], 
08-06 01:43:45.436  1644  1644 D Nappa   : activity.getClass().getCanonicalName() = nappagreedy.de.danoeh.antennapod.activity.OnlineFeedViewActivity, 
08-06 01:43:45.436  1644  1644 D Nappa   : PREFETCH_ON_EXTRA - setCurrentActivity - logs - from activity - made prediction isfalse
08-06 01:43:45.439  1644  1698 D Nappa   : TAG okHttpClient initialized
08-06 01:43:45.439  1644  1698 D Nappa   : F1_SCORE add_intercept_url - (new) - http://feeds.feedburner.com/linuxoutlaws
08-06 01:43:45.439  1644  1698 D Nappa   : F1_SCORE add_tp_url - (new) - http://feeds.feedburner.com/linuxoutlaws
08-06 01:43:45.439  1644  1698 D Nappa   : -------------F1_SCORE #38 -----------
08-06 01:43:45.439  1644  1698 D Nappa   : F1_SCORE - Intercept list (9)= [https://itunes.apple.com/en/rss/toppodcasts/limit=25/explicit=true/json, https://itunes.apple.com/us/rss/toppodcasts/limit=25/explicit=true/json, https://itunes.apple.com/lookup?id=1524080195, https://rss.art19.com/nice-white-parents, https://itunes.apple.com/lookup?id=360084272, http://joeroganexp.joerogan.libsynpro.com/rss, https://gpodder.net/toplist/50.json, https://gpodder.net/api/2/tags/50.json, http://feeds.feedburner.com/linuxoutlaws]
08-06 01:43:45.440  1644  1698 D Nappa   : F1_SCORE - Prefetch list (3)= [https://rss.art19.com/nice-white-parents, http://joeroganexp.joerogan.libsynpro.com/rss, http://feeds.feedburner.com/linuxoutlaws]
08-06 01:43:45.440  1644  1698 D Nappa   : F1_SCORE - TP list (3)= [https://rss.art19.com/nice-white-parents, http://joeroganexp.joerogan.libsynpro.com/rss, http://feeds.feedburner.com/linuxoutlaws]
08-06 01:43:45.440  1644  1698 D Nappa   : F1_SCORE - FN list (6)= [https://itunes.apple.com/en/rss/toppodcasts/limit=25/explicit=true/json, https://itunes.apple.com/us/rss/toppodcasts/limit=25/explicit=true/json, https://itunes.apple.com/lookup?id=1524080195, https://itunes.apple.com/lookup?id=360084272, https://gpodder.net/toplist/50.json, https://gpodder.net/api/2/tags/50.json]
08-06 01:43:45.492  1644  1667 D Nappa   : registerActivity: (already in) nappagreedy.de.danoeh.antennapod.activity.MainActivity
08-06 01:43:45.492  1644  1667 D Nappa   : PARENTS 
08-06 01:43:45.492  1644  1667 D Nappa   : Of: nappagreedy.de.danoeh.antennapod.activity.MainActivity -> 
08-06 01:43:45.492  1644  1667 D Nappa   : PARENTS nappagreedy.de.danoeh.antennapod.activity.SplashActivity
08-06 01:43:45.537  1644  1644 D Nappa   : registerActivity: (already in) nappagreedy.de.danoeh.antennapod.activity.OnlineFeedViewActivity
08-06 01:43:45.537  1644  1644 D Nappa   : SHOULD_PREFETCH true
08-06 01:43:45.596  1644  1667 D Nappa   : registerActivity: (already in) nappagreedy.de.danoeh.antennapod.activity.OnlineFeedViewActivity
08-06 01:43:45.596  1644  1667 D Nappa   : PARENTS 
08-06 01:43:45.596  1644  1667 D Nappa   : Of: nappagreedy.de.danoeh.antennapod.activity.OnlineFeedViewActivity -> 
08-06 01:43:45.596  1644  1667 D Nappa   : PARENTS nappagreedy.de.danoeh.antennapod.activity.MainActivity
08-06 01:43:45.597  1644  1667 D Nappa   : PARENTS has extra: (nappagreedy.de.danoeh.antennapod.extra.feedId, 2)
08-06 01:43:45.597  1644  1667 D Nappa   : PARENTS has extra: (arg.feedurl, http://feeds.feedburner.com/linuxoutlaws)
08-06 01:43:45.597  1644  1667 D Nappa   : PARENTS value of key 'arg.feedurl' is contained into http://feeds.feedburner.com/linuxoutlaws
08-06 01:43:45.597  1644  1667 D Nappa   : PARENTS PARAM: arg.feedurl
08-06 01:43:45.597  1644  1667 D Nappa   : PARENTS   NODE nappagreedy.de.danoeh.antennapod.activity.OnlineFeedViewActivity ALREADY CONTAINS THIS URL
08-06 01:43:45.597  1644  1667 D Nappa   : PARENTS has extra: (title, gpodder.net)
08-06 01:43:45.597  1644  1667 D Nappa   : PARENTS nappagreedy.de.danoeh.antennapod.activity.SplashActivity
08-06 01:43:45.637  1644  1644 D Nappa   : registerActivity: (already in) nappagreedy.de.danoeh.antennapod.activity.OnlineFeedViewActivity
08-06 01:43:45.637  1644  1644 D Nappa   : STATS Number of requests not prefetched: 8
08-06 01:43:45.638  1644  1644 D Nappa   : STATS Number of requests prefetched: 10
08-06 01:43:45.638  1644  1644 D Nappa   : STATS Time saved until now: 1.5349998
08-06 01:43:45.837  1644  1667 D Nappa   : PREFETCH_ON_EXTRA - setCurrentActivity - logs - from extra - made prediction istrue
08-06 01:43:45.837  1644  1667 D Nappa   : PREFETCH_ON_EXTRA - setCurrentActivity - logs - from extra - start
08-06 01:43:45.837  1644  1667 D Nappa   : setCurrentActivity - MetricStrategyAccuracy - checking prediction VS current activity for extras
08-06 01:43:45.837  1644  1667 D Nappa   : PREFETCH_ON_EXTRA - setCurrentActivity - logs - from extra- finished
08-06 01:43:46.138  1644  1667 D Nappa   : PREFETCH_ON_EXTRA - setCurrentActivity - starting new prediction
08-06 01:43:46.138  1644  1667 D Nappa   : Current node - currentActivityName - nappagreedy.de.danoeh.antennapod.activity.OnlineFeedViewActivity
08-06 01:43:46.138  1644  1667 D Nappa   : Current node - activityGraph.getCurrent() - nappagreedy.de.danoeh.antennapod.activity.OnlineFeedViewActivity
08-06 01:43:46.140  1644  1667 D Nappa   : PREFETCH_ON_EXTRA - setCurrentActivity - finished new prediction
08-06 01:43:50.273  1644  1644 D Nappa   : Stayed on nappagreedy.de.danoeh.antennapod.activity.OnlineFeedViewActivity for 4635 ms
08-06 01:43:50.288  1644  1644 D Nappa   : setCurrentActivity - MetricStrategyAccuracy - 
08-06 01:43:50.288  1644  1644 D Nappa   : madePredictionFromActivity = true, 
08-06 01:43:50.288  1644  1644 D Nappa   : fromActivity = nappagreedy.de.danoeh.antennapod.activity.OnlineFeedViewActivity, 
08-06 01:43:50.288  1644  1644 D Nappa   : predictedNextActivityFromActivity = [], 
08-06 01:43:50.288  1644  1644 D Nappa   : activity.getClass().getCanonicalName() = nappagreedy.de.danoeh.antennapod.activity.MainActivity, 
08-06 01:43:50.288  1644  1644 D Nappa   : setCurrentActivity - MetricStrategyAccuracy - 
08-06 01:43:50.288  1644  1644 D Nappa   : madePredictionFromExtra = false, 
08-06 01:43:50.288  1644  1644 D Nappa   : fromActivity = nappagreedy.de.danoeh.antennapod.activity.OnlineFeedViewActivity, 
08-06 01:43:50.288  1644  1644 D Nappa   : predictedNextActivityFromExtra = [], 
08-06 01:43:50.288  1644  1644 D Nappa   : activity.getClass().getCanonicalName() = nappagreedy.de.danoeh.antennapod.activity.MainActivity, 
08-06 01:43:50.288  1644  1644 D Nappa   : PREFETCH_ON_EXTRA - setCurrentActivity - logs - from activity - made prediction istrue
08-06 01:43:50.288  1644  1644 D Nappa   : PREFETCH_ON_EXTRA - setCurrentActivity - logs - from activity - start
08-06 01:43:50.288  1644  1644 D Nappa   : PREFETCH_ON_EXTRA - setCurrentActivity - logs - from activity- finished
08-06 01:43:50.388  1644  1644 D Nappa   : registerActivity: (already in) nappagreedy.de.danoeh.antennapod.activity.MainActivity
08-06 01:43:50.389  1644  1644 D Nappa   : SHOULD_PREFETCH false
08-06 01:43:50.389  1644  1644 D Nappa   : STATS Number of requests not prefetched: 8
08-06 01:43:50.389  1644  1644 D Nappa   : STATS Number of requests prefetched: 10
08-06 01:43:50.390  1644  1644 D Nappa   : STATS Time saved until now: 1.5349998
08-06 01:43:50.688  1644  1667 D Nappa   : PREFETCH_ON_EXTRA - setCurrentActivity - logs - from extra - made prediction isfalse
08-06 01:43:54.190  1644  5207 D Nappa   : F1_SCORE add_intercept_url - (already in) - https://gpodder.net/toplist/50.json
08-06 01:43:54.190  1644  5207 D Nappa   : F1_SCORE add_fn_url - (already in) - https://gpodder.net/toplist/50.json
08-06 01:43:54.190  1644  5207 D Nappa   : -------------F1_SCORE #40 -----------
08-06 01:43:54.190  1644  5207 D Nappa   : F1_SCORE - Intercept list (9)= [https://itunes.apple.com/en/rss/toppodcasts/limit=25/explicit=true/json, https://itunes.apple.com/us/rss/toppodcasts/limit=25/explicit=true/json, https://itunes.apple.com/lookup?id=1524080195, https://rss.art19.com/nice-white-parents, https://itunes.apple.com/lookup?id=360084272, http://joeroganexp.joerogan.libsynpro.com/rss, https://gpodder.net/toplist/50.json, https://gpodder.net/api/2/tags/50.json, http://feeds.feedburner.com/linuxoutlaws]
08-06 01:43:54.190  1644  5207 D Nappa   : F1_SCORE - Prefetch list (3)= [https://rss.art19.com/nice-white-parents, http://joeroganexp.joerogan.libsynpro.com/rss, http://feeds.feedburner.com/linuxoutlaws]
08-06 01:43:54.190  1644  5207 D Nappa   : F1_SCORE - TP list (3)= [https://rss.art19.com/nice-white-parents, http://joeroganexp.joerogan.libsynpro.com/rss, http://feeds.feedburner.com/linuxoutlaws]
08-06 01:43:54.190  1644  5207 D Nappa   : F1_SCORE - FN list (6)= [https://itunes.apple.com/en/rss/toppodcasts/limit=25/explicit=true/json, https://itunes.apple.com/us/rss/toppodcasts/limit=25/explicit=true/json, https://itunes.apple.com/lookup?id=1524080195, https://itunes.apple.com/lookup?id=360084272, https://gpodder.net/toplist/50.json, https://gpodder.net/api/2/tags/50.json]
08-06 01:43:54.192  1644  4210 D Nappa   : F1_SCORE add_intercept_url - (already in) - https://gpodder.net/api/2/tags/50.json
08-06 01:43:54.193  1644  4210 D Nappa   : F1_SCORE add_fn_url - (already in) - https://gpodder.net/api/2/tags/50.json
08-06 01:43:54.193  1644  4210 D Nappa   : -------------F1_SCORE #41 -----------
08-06 01:43:54.193  1644  4210 D Nappa   : F1_SCORE - Intercept list (9)= [https://itunes.apple.com/en/rss/toppodcasts/limit=25/explicit=true/json, https://itunes.apple.com/us/rss/toppodcasts/limit=25/explicit=true/json, https://itunes.apple.com/lookup?id=1524080195, https://rss.art19.com/nice-white-parents, https://itunes.apple.com/lookup?id=360084272, http://joeroganexp.joerogan.libsynpro.com/rss, https://gpodder.net/toplist/50.json, https://gpodder.net/api/2/tags/50.json, http://feeds.feedburner.com/linuxoutlaws]
08-06 01:43:54.193  1644  4210 D Nappa   : F1_SCORE - Prefetch list (3)= [https://rss.art19.com/nice-white-parents, http://joeroganexp.joerogan.libsynpro.com/rss, http://feeds.feedburner.com/linuxoutlaws]
08-06 01:43:54.193  1644  4210 D Nappa   : F1_SCORE - TP list (3)= [https://rss.art19.com/nice-white-parents, http://joeroganexp.joerogan.libsynpro.com/rss, http://feeds.feedburner.com/linuxoutlaws]
08-06 01:43:54.193  1644  4210 D Nappa   : F1_SCORE - FN list (6)= [https://itunes.apple.com/en/rss/toppodcasts/limit=25/explicit=true/json, https://itunes.apple.com/us/rss/toppodcasts/limit=25/explicit=true/json, https://itunes.apple.com/lookup?id=1524080195, https://itunes.apple.com/lookup?id=360084272, https://gpodder.net/toplist/50.json, https://gpodder.net/api/2/tags/50.json]
08-06 01:43:54.290  1644  1667 D Nappa   : registerActivity: (already in) nappagreedy.de.danoeh.antennapod.activity.MainActivity
08-06 01:43:54.290  1644  1667 D Nappa   : PARENTS 
08-06 01:43:54.290  1644  1667 D Nappa   : Of: nappagreedy.de.danoeh.antennapod.activity.MainActivity -> 
08-06 01:43:54.290  1644  1667 D Nappa   : PARENTS nappagreedy.de.danoeh.antennapod.activity.SplashActivity
08-06 01:43:54.391  1644  1667 D Nappa   : registerActivity: (already in) nappagreedy.de.danoeh.antennapod.activity.MainActivity
08-06 01:43:54.391  1644  1667 D Nappa   : PARENTS 
08-06 01:43:54.391  1644  1667 D Nappa   : Of: nappagreedy.de.danoeh.antennapod.activity.MainActivity -> 
08-06 01:43:54.391  1644  1667 D Nappa   : PARENTS nappagreedy.de.danoeh.antennapod.activity.SplashActivity
08-06 01:44:01.155  1644  1667 D Nappa   : PREFETCH_ON_EXTRA - notifyExtras- start
08-06 01:44:01.163  1644  1667 D Nappa   : PREFETCH_ON_EXTRA - notifyExtras- end
08-06 01:44:01.163  1644  1667 D Nappa   : PREFSTRAT2 URL: http://feeds.feedburner.com/linuxoutlaws
08-06 01:44:01.163  1644  1667 D Nappa   : F1_SCORE list_url_prefetched - (already in) - http://feeds.feedburner.com/linuxoutlaws
08-06 01:44:01.164  1644  1667 D Nappa   : F1_SCORE list_url_prefetched - (already in) - http://feeds.feedburner.com/linuxoutlaws
08-06 01:44:01.164  1644  1667 D Nappa   : -------------F1_SCORE #42 -----------
08-06 01:44:01.164  1644  1667 D Nappa   : F1_SCORE - Intercept list (9)= [https://itunes.apple.com/en/rss/toppodcasts/limit=25/explicit=true/json, https://itunes.apple.com/us/rss/toppodcasts/limit=25/explicit=true/json, https://itunes.apple.com/lookup?id=1524080195, https://rss.art19.com/nice-white-parents, https://itunes.apple.com/lookup?id=360084272, http://joeroganexp.joerogan.libsynpro.com/rss, https://gpodder.net/toplist/50.json, https://gpodder.net/api/2/tags/50.json, http://feeds.feedburner.com/linuxoutlaws]
08-06 01:44:01.165  1644  1667 D Nappa   : F1_SCORE - Prefetch list (3)= [https://rss.art19.com/nice-white-parents, http://joeroganexp.joerogan.libsynpro.com/rss, http://feeds.feedburner.com/linuxoutlaws]
08-06 01:44:01.165  1644  1667 D Nappa   : F1_SCORE - TP list (3)= [https://rss.art19.com/nice-white-parents, http://joeroganexp.joerogan.libsynpro.com/rss, http://feeds.feedburner.com/linuxoutlaws]
08-06 01:44:01.165  1644  1667 D Nappa   : F1_SCORE - FN list (6)= [https://itunes.apple.com/en/rss/toppodcasts/limit=25/explicit=true/json, https://itunes.apple.com/us/rss/toppodcasts/limit=25/explicit=true/json, https://itunes.apple.com/lookup?id=1524080195, https://itunes.apple.com/lookup?id=360084272, https://gpodder.net/toplist/50.json, https://gpodder.net/api/2/tags/50.json]
08-06 01:44:01.168  1644  1644 D Nappa   : Stayed on nappagreedy.de.danoeh.antennapod.activity.MainActivity for 10778 ms
08-06 01:44:01.169  1644  1667 D Nappa   : PREFSTRAT2 ADDING NEW ACTEXTRADATA
08-06 01:44:01.173  1644  1667 D Nappa   : PREFSTRAT2 ADDING NEW ACTEXTRADATA
08-06 01:44:01.209  1644  1644 D Nappa   : setCurrentActivity - MetricStrategyAccuracy - 
08-06 01:44:01.209  1644  1644 D Nappa   : madePredictionFromActivity = false, 
08-06 01:44:01.209  1644  1644 D Nappa   : fromActivity = nappagreedy.de.danoeh.antennapod.activity.MainActivity, 
08-06 01:44:01.209  1644  1644 D Nappa   : predictedNextActivityFromActivity = [], 
08-06 01:44:01.209  1644  1644 D Nappa   : activity.getClass().getCanonicalName() = nappagreedy.de.danoeh.antennapod.activity.OnlineFeedViewActivity, 
08-06 01:44:01.209  1644  1644 D Nappa   : setCurrentActivity - MetricStrategyAccuracy - 
08-06 01:44:01.209  1644  1644 D Nappa   : madePredictionFromExtra = true, 
08-06 01:44:01.209  1644  1644 D Nappa   : fromActivity = nappagreedy.de.danoeh.antennapod.activity.MainActivity, 
08-06 01:44:01.209  1644  1644 D Nappa   : predictedNextActivityFromExtra = [nappagreedy.de.danoeh.antennapod.activity.OnlineFeedViewActivity], 
08-06 01:44:01.209  1644  1644 D Nappa   : activity.getClass().getCanonicalName() = nappagreedy.de.danoeh.antennapod.activity.OnlineFeedViewActivity, 
08-06 01:44:01.209  1644  1644 D Nappa   : PREFETCH_ON_EXTRA - setCurrentActivity - logs - from activity - made prediction isfalse
08-06 01:44:01.212  1644  1685 D Nappa   : TAG okHttpClient initialized
08-06 01:44:01.212  1644  1685 D Nappa   : F1_SCORE add_intercept_url - (already in) - http://feeds.feedburner.com/linuxoutlaws
08-06 01:44:01.212  1644  1685 D Nappa   : F1_SCORE add_tp_url - (already in) - http://feeds.feedburner.com/linuxoutlaws
08-06 01:44:01.212  1644  1685 D Nappa   : -------------F1_SCORE #43 -----------
08-06 01:44:01.212  1644  1685 D Nappa   : F1_SCORE - Intercept list (9)= [https://itunes.apple.com/en/rss/toppodcasts/limit=25/explicit=true/json, https://itunes.apple.com/us/rss/toppodcasts/limit=25/explicit=true/json, https://itunes.apple.com/lookup?id=1524080195, https://rss.art19.com/nice-white-parents, https://itunes.apple.com/lookup?id=360084272, http://joeroganexp.joerogan.libsynpro.com/rss, https://gpodder.net/toplist/50.json, https://gpodder.net/api/2/tags/50.json, http://feeds.feedburner.com/linuxoutlaws]
08-06 01:44:01.213  1644  1685 D Nappa   : F1_SCORE - Prefetch list (3)= [https://rss.art19.com/nice-white-parents, http://joeroganexp.joerogan.libsynpro.com/rss, http://feeds.feedburner.com/linuxoutlaws]
08-06 01:44:01.213  1644  1685 D Nappa   : F1_SCORE - TP list (3)= [https://rss.art19.com/nice-white-parents, http://joeroganexp.joerogan.libsynpro.com/rss, http://feeds.feedburner.com/linuxoutlaws]
08-06 01:44:01.213  1644  1685 D Nappa   : F1_SCORE - FN list (6)= [https://itunes.apple.com/en/rss/toppodcasts/limit=25/explicit=true/json, https://itunes.apple.com/us/rss/toppodcasts/limit=25/explicit=true/json, https://itunes.apple.com/lookup?id=1524080195, https://itunes.apple.com/lookup?id=360084272, https://gpodder.net/toplist/50.json, https://gpodder.net/api/2/tags/50.json]
08-06 01:44:01.279  1644  1667 D Nappa   : registerActivity: (already in) nappagreedy.de.danoeh.antennapod.activity.MainActivity
08-06 01:44:01.280  1644  1667 D Nappa   : PARENTS 
08-06 01:44:01.280  1644  1667 D Nappa   : Of: nappagreedy.de.danoeh.antennapod.activity.MainActivity -> 
08-06 01:44:01.280  1644  1667 D Nappa   : PARENTS nappagreedy.de.danoeh.antennapod.activity.SplashActivity
08-06 01:44:01.309  1644  1644 D Nappa   : registerActivity: (already in) nappagreedy.de.danoeh.antennapod.activity.OnlineFeedViewActivity
08-06 01:44:01.310  1644  1644 D Nappa   : SHOULD_PREFETCH true
08-06 01:44:01.383  1644  1667 D Nappa   : registerActivity: (already in) nappagreedy.de.danoeh.antennapod.activity.OnlineFeedViewActivity
08-06 01:44:01.383  1644  1667 D Nappa   : PARENTS 
08-06 01:44:01.383  1644  1667 D Nappa   : Of: nappagreedy.de.danoeh.antennapod.activity.OnlineFeedViewActivity -> 
08-06 01:44:01.383  1644  1667 D Nappa   : PARENTS nappagreedy.de.danoeh.antennapod.activity.MainActivity
08-06 01:44:01.383  1644  1667 D Nappa   : PARENTS has extra: (nappagreedy.de.danoeh.antennapod.extra.feedId, 2)
08-06 01:44:01.383  1644  1667 D Nappa   : PARENTS has extra: (arg.feedurl, http://feeds.feedburner.com/linuxoutlaws)
08-06 01:44:01.384  1644  1667 D Nappa   : PARENTS value of key 'arg.feedurl' is contained into http://feeds.feedburner.com/linuxoutlaws
08-06 01:44:01.384  1644  1667 D Nappa   : PARENTS PARAM: arg.feedurl
08-06 01:44:01.384  1644  1667 D Nappa   : PARENTS   NODE nappagreedy.de.danoeh.antennapod.activity.OnlineFeedViewActivity ALREADY CONTAINS THIS URL
08-06 01:44:01.384  1644  1667 D Nappa   : PARENTS has extra: (title, gpodder.net)
08-06 01:44:01.384  1644  1667 D Nappa   : PARENTS nappagreedy.de.danoeh.antennapod.activity.SplashActivity
08-06 01:44:01.411  1644  1644 D Nappa   : registerActivity: (already in) nappagreedy.de.danoeh.antennapod.activity.OnlineFeedViewActivity
08-06 01:44:01.412  1644  1644 D Nappa   : STATS Number of requests not prefetched: 8
08-06 01:44:01.412  1644  1644 D Nappa   : STATS Number of requests prefetched: 13
08-06 01:44:01.412  1644  1644 D Nappa   : STATS Time saved until now: 1.7069998
08-06 01:44:01.609  1644  1667 D Nappa   : PREFETCH_ON_EXTRA - setCurrentActivity - logs - from extra - made prediction istrue
08-06 01:44:01.609  1644  1667 D Nappa   : PREFETCH_ON_EXTRA - setCurrentActivity - logs - from extra - start
08-06 01:44:01.609  1644  1667 D Nappa   : setCurrentActivity - MetricStrategyAccuracy - checking prediction VS current activity for extras
08-06 01:44:01.610  1644  1667 D Nappa   : PREFETCH_ON_EXTRA - setCurrentActivity - logs - from extra- finished
08-06 01:44:01.912  1644  1667 D Nappa   : PREFETCH_ON_EXTRA - setCurrentActivity - starting new prediction
08-06 01:44:01.912  1644  1667 D Nappa   : Current node - currentActivityName - nappagreedy.de.danoeh.antennapod.activity.OnlineFeedViewActivity
08-06 01:44:01.912  1644  1667 D Nappa   : Current node - activityGraph.getCurrent() - nappagreedy.de.danoeh.antennapod.activity.OnlineFeedViewActivity
08-06 01:44:01.914  1644  1667 D Nappa   : PREFETCH_ON_EXTRA - setCurrentActivity - finished new prediction
08-06 01:44:06.030  1644  1644 D Nappa   : Stayed on nappagreedy.de.danoeh.antennapod.activity.OnlineFeedViewActivity for 4618 ms
08-06 01:44:06.047  1644  1644 D Nappa   : setCurrentActivity - MetricStrategyAccuracy - 
08-06 01:44:06.047  1644  1644 D Nappa   : madePredictionFromActivity = true, 
08-06 01:44:06.047  1644  1644 D Nappa   : fromActivity = nappagreedy.de.danoeh.antennapod.activity.OnlineFeedViewActivity, 
08-06 01:44:06.047  1644  1644 D Nappa   : predictedNextActivityFromActivity = [], 
08-06 01:44:06.047  1644  1644 D Nappa   : activity.getClass().getCanonicalName() = nappagreedy.de.danoeh.antennapod.activity.MainActivity, 
08-06 01:44:06.047  1644  1644 D Nappa   : setCurrentActivity - MetricStrategyAccuracy - 
08-06 01:44:06.047  1644  1644 D Nappa   : madePredictionFromExtra = false, 
08-06 01:44:06.047  1644  1644 D Nappa   : fromActivity = nappagreedy.de.danoeh.antennapod.activity.OnlineFeedViewActivity, 
08-06 01:44:06.047  1644  1644 D Nappa   : predictedNextActivityFromExtra = [], 
08-06 01:44:06.047  1644  1644 D Nappa   : activity.getClass().getCanonicalName() = nappagreedy.de.danoeh.antennapod.activity.MainActivity, 
08-06 01:44:06.047  1644  1644 D Nappa   : PREFETCH_ON_EXTRA - setCurrentActivity - logs - from activity - made prediction istrue
08-06 01:44:06.047  1644  1644 D Nappa   : PREFETCH_ON_EXTRA - setCurrentActivity - logs - from activity - start
08-06 01:44:06.048  1644  1644 D Nappa   : PREFETCH_ON_EXTRA - setCurrentActivity - logs - from activity- finished
08-06 01:44:06.156  1644  1644 D Nappa   : registerActivity: (already in) nappagreedy.de.danoeh.antennapod.activity.MainActivity
08-06 01:44:06.157  1644  1644 D Nappa   : SHOULD_PREFETCH false
08-06 01:44:06.157  1644  1644 D Nappa   : STATS Number of requests not prefetched: 8
08-06 01:44:06.157  1644  1644 D Nappa   : STATS Number of requests prefetched: 13
08-06 01:44:06.157  1644  1644 D Nappa   : STATS Time saved until now: 1.7069998
08-06 01:44:06.448  1644  1667 D Nappa   : PREFETCH_ON_EXTRA - setCurrentActivity - logs - from extra - made prediction isfalse
