--------- beginning of main
08-05 18:46:29.569  5615  5615 W m.quicinc.trepn: type=1400 audit(0.0:739656): avc: denied { search } for name="thermal" dev="sysfs" ino=17530 scontext=u:r:untrusted_app:s0:c512,c768 tcontext=u:object_r:sysfs_thermal:s0 tclass=dir permissive=0
08-05 18:46:29.814  5293  5293 I ServiceManager: Waiting for service AtCmdFwd...
08-05 18:46:29.849   918  3261 D WifiStateMachine: starting scan for "H369AA63323"WPA_PSK with 2412,5180
08-05 18:46:30.265  5657  5657 D AndroidRuntime: >>>>>> START com.android.internal.os.RuntimeInit uid 2000 <<<<<<
08-05 18:46:30.272  5657  5657 D AndroidRuntime: CheckJNI is OFF
08-05 18:46:30.303  5657  5657 D ICU     : No timezone override file found: /data/misc/zoneinfo/current/icu/icu_tzdata.dat
08-05 18:46:30.335  5657  5657 I Radio-JNI: register_android_hardware_Radio DONE
08-05 18:46:30.354  5657  5657 D AndroidRuntime: Calling main entry com.android.commands.monkey.Monkey
--------- beginning of system
08-05 18:46:30.372   918   931 W BroadcastQueue: Skipping deliver [background] BroadcastRecord{5fdd010 u-1 android.net.conn.CONNECTIVITY_CHANGE} to ReceiverList{ed6a709 5657 (unknown name)/2000/u-1 remote:13046c2}: process crashing
08-05 18:46:30.383   918  6110 I ActivityManager: START u0 {act=android.intent.action.MAIN cat=[android.intent.category.LAUNCHER] flg=0x10200000 cmp=baseline.com.newsblur/.activity.InitActivity} from uid 2000 on display 0
08-05 18:46:30.405  5657  5657 I art     : System.exit called, status: 0
08-05 18:46:30.405  5657  5657 I AndroidRuntime: VM exiting with result code 0.
08-05 18:46:30.436 31004 31004 I baseline.com.newsblur.activity.InitActivity: cold launching version 9.0b1
08-05 18:46:30.443 31004  5668 D OpenGLRenderer: Use EGL_SWAP_BEHAVIOR_PRESERVED: true
08-05 18:46:30.481 31004  5668 I Adreno  : QUALCOMM build                   : fcf4852, I1af360237c
08-05 18:46:30.481 31004  5668 I Adreno  : Build Date                       : 09/23/15
08-05 18:46:30.481 31004  5668 I Adreno  : OpenGL ES Shader Compiler Version: XE031.05.13.02
08-05 18:46:30.481 31004  5668 I Adreno  : Local Branch                     : mybranch14465806
08-05 18:46:30.481 31004  5668 I Adreno  : Remote Branch                    : quic/LA.BF64.1.2.9_v2
08-05 18:46:30.481 31004  5668 I Adreno  : Remote Branch                    : NONE
08-05 18:46:30.481 31004  5668 I Adreno  : Reconstruct Branch               : NOTHING
08-05 18:46:30.486 31004  5668 I OpenGLRenderer: Initialized EGL, version 1.4
08-05 18:46:30.490 16458  5471 I PBSessionCacheImpl: Deleted sessionId[72384646105454640] from persistence.
08-05 18:46:30.496 16458 16488 W SearchServiceCore: Abort, client detached.
08-05 18:46:30.497 16458 16488 I MicroDetectionState: Should stop hotword detection immediately - true
08-05 18:46:30.499   918  3359 I ActivityManager: START u0 {cmp=baseline.com.newsblur/.activity.Main} from uid 10676 on display 0
08-05 18:46:30.515   918  5481 W InputMethodManagerService: Focus gain on non-focused client com.android.internal.view.IInputMethodClient$Stub$Proxy@4b19458 (uid=10676 pid=31004)
08-05 18:46:30.677 31004 31004 I art     : Rejecting re-init on previously-failed class java.lang.Class<androidx.core.view.ViewCompat$OnUnhandledKeyEventListenerWrapper>
08-05 18:46:30.678 31004 31004 I art     : Rejecting re-init on previously-failed class java.lang.Class<androidx.core.view.ViewCompat$OnUnhandledKeyEventListenerWrapper>
08-05 18:46:30.708 31004 31004 E BitmapFactory: Unable to decode stream: java.io.FileNotFoundException: /data/user/0/baseline.com.newsblur/cache/userProfilePicture: open failed: ENOENT (No such file or directory)
08-05 18:46:30.798 31004  5677 I baseline.com.newsblur.service.NBSyncService: ready to sync feed list
08-05 18:46:30.814  5293  5293 I ServiceManager: Waiting for service AtCmdFwd...
08-05 18:46:30.835 13866 13866 I GoogleInputMethodServic: GoogleInputMethodService.onFinishInput():3138 
08-05 18:46:30.835 13866 13866 I GoogleInputMethodServic: GoogleInputMethodService.onStartInput():1808 
08-05 18:46:30.931   918   936 I ActivityManager: Displayed baseline.com.newsblur/.activity.Main: +415ms (total +543ms)
08-05 18:46:31.405 31004  5677 I NAPPA_EXPERIMENTATION: MetricNetworkRequestExecutionTime: REQUEST_DURATION_SYSTEM='604',REQUEST_DURATION_OKHTTP='38',REQUEST_SYNCHRONOUS='TRUE',RESPONSE_CODE='200',RESPONSE_METHOD='GET',RESPONSE_LENGTH_OKHTTP='-1',RESPONSE_LENGTH_HEADER='-2',REQUEST_PROTOCOL='http/1.1',REQUEST_URL='https://www.newsblur.com/reader/feeds/?update_counts=true',
08-05 18:46:31.405 31004  5677 D MY_TAG  : 0, 604
08-05 18:46:31.463 31004  5677 I baseline.com.newsblur.service.NBSyncService: got feed list: 1 feeds in  conn:604 read:5 parse:4 store:47
08-05 18:46:31.815  5293  5293 I ServiceManager: Waiting for service AtCmdFwd...
08-05 18:46:31.880 31004  5687 I NAPPA_EXPERIMENTATION: MetricNetworkRequestExecutionTime: REQUEST_DURATION_SYSTEM='400',REQUEST_DURATION_OKHTTP='33',REQUEST_SYNCHRONOUS='TRUE',RESPONSE_CODE='200',RESPONSE_METHOD='GET',RESPONSE_LENGTH_OKHTTP='-1',RESPONSE_LENGTH_HEADER='-2',REQUEST_PROTOCOL='http/1.1',REQUEST_URL='https://www.newsblur.com/reader/unread_story_hashes?include_timestamps=1',
08-05 18:46:31.881 31004  5687 D MY_TAG  : 0, 400
08-05 18:46:31.897 31004  5687 I baseline.com.newsblur.service.UnreadsService: starting unread count: 0
08-05 18:46:31.899 31004  5687 I baseline.com.newsblur.service.UnreadsService: new unread count:      0
08-05 18:46:31.899 31004  5687 I baseline.com.newsblur.service.UnreadsService: new unreads found:     0
08-05 18:46:31.900 31004  5687 I baseline.com.newsblur.service.UnreadsService: unreads to retire:     0
08-05 18:46:31.925  5696  5696 D AndroidRuntime: >>>>>> START com.android.internal.os.RuntimeInit uid 2000 <<<<<<
08-05 18:46:31.929  5696  5696 D AndroidRuntime: CheckJNI is OFF
08-05 18:46:31.957  5696  5696 D ICU     : No timezone override file found: /data/misc/zoneinfo/current/icu/icu_tzdata.dat
08-05 18:46:31.982  5696  5696 I Radio-JNI: register_android_hardware_Radio DONE
08-05 18:46:31.998  5696  5696 D AndroidRuntime: Calling main entry com.android.commands.am.Am
08-05 18:46:32.006  5615  5615 I Trepn   : Trepn 6.2s: Received intent: com.quicinc.trepn.start_profiling
08-05 18:46:32.137  5615  5615 W FileUtils: Failed to chmod(/storage/emulated/0/trepn/Trepn_2020.08.05_184632.db): android.system.ErrnoException: chmod failed: EPERM (Operation not permitted)
08-05 18:46:32.227  5615  5723 D OpenGLRenderer: Use EGL_SWAP_BEHAVIOR_PRESERVED: true
08-05 18:46:32.295  5615  5615 I Trepn   : Trepn 6.2s: Trepn has Started Profiling.
08-05 18:46:32.297  5696  5696 D AndroidRuntime: Shutting down VM
08-05 18:46:32.320  5615  5723 I Adreno  : QUALCOMM build                   : fcf4852, I1af360237c
08-05 18:46:32.320  5615  5723 I Adreno  : Build Date                       : 09/23/15
08-05 18:46:32.320  5615  5723 I Adreno  : OpenGL ES Shader Compiler Version: XE031.05.13.02
08-05 18:46:32.320  5615  5723 I Adreno  : Local Branch                     : mybranch14465806
08-05 18:46:32.320  5615  5723 I Adreno  : Remote Branch                    : quic/LA.BF64.1.2.9_v2
08-05 18:46:32.320  5615  5723 I Adreno  : Remote Branch                    : NONE
08-05 18:46:32.320  5615  5723 I Adreno  : Reconstruct Branch               : NOTHING
08-05 18:46:32.330  5615  5723 I OpenGLRenderer: Initialized EGL, version 1.4
08-05 18:46:32.792 31004 31016 I art     : Starting a blocking GC Explicit
08-05 18:46:32.817  5293  5293 I ServiceManager: Waiting for service AtCmdFwd...
08-05 18:46:32.818 31004 31016 I art     : Explicit concurrent mark sweep GC freed 32323(2043KB) AllocSpace objects, 41(1140KB) LOS objects, 37% free, 26MB/42MB, paused 215us total 26.248ms
08-05 18:46:32.831 31004 31016 I art     : Starting a blocking GC Explicit
08-05 18:46:32.844 31004 31016 I art     : Explicit concurrent mark sweep GC freed 2443(198KB) AllocSpace objects, 0(0B) LOS objects, 38% free, 26MB/42MB, paused 179us total 12.972ms
08-05 18:46:32.850 31004 31016 I art     : Starting a blocking GC Explicit
08-05 18:46:32.861 31004 31016 I art     : Explicit concurrent mark sweep GC freed 3(96B) AllocSpace objects, 0(0B) LOS objects, 38% free, 26MB/42MB, paused 179us total 11.202ms
08-05 18:46:32.867 31004 31016 I art     : Starting a blocking GC Explicit
08-05 18:46:32.879 31004 31016 I art     : Explicit concurrent mark sweep GC freed 3(96B) AllocSpace objects, 0(0B) LOS objects, 38% free, 26MB/42MB, paused 183us total 11.185ms
08-05 18:46:32.885 31004 31016 I art     : Starting a blocking GC Explicit
08-05 18:46:32.898 31004 31016 I art     : Explicit concurrent mark sweep GC freed 3(96B) AllocSpace objects, 0(0B) LOS objects, 38% free, 26MB/42MB, paused 190us total 13.126ms
08-05 18:46:33.198 31004 31015 I art     : Starting a blocking GC Explicit
08-05 18:46:33.214 31004 31015 I art     : Explicit concurrent mark sweep GC freed 1389(80KB) AllocSpace objects, 1(20KB) LOS objects, 38% free, 26MB/42MB, paused 234us total 15.589ms
08-05 18:46:33.222 31004 31015 I art     : Starting a blocking GC Explicit
08-05 18:46:33.234 31004 31015 I art     : Explicit concurrent mark sweep GC freed 20(704B) AllocSpace objects, 0(0B) LOS objects, 38% free, 26MB/42MB, paused 195us total 12.532ms
08-05 18:46:33.241 31004 31015 I art     : Starting a blocking GC Explicit
08-05 18:46:33.252 31004 31015 I art     : Explicit concurrent mark sweep GC freed 3(96B) AllocSpace objects, 0(0B) LOS objects, 38% free, 26MB/42MB, paused 177us total 11.505ms
08-05 18:46:33.259 31004 31015 I art     : Starting a blocking GC Explicit
08-05 18:46:33.269 31004 31015 I art     : Explicit concurrent mark sweep GC freed 3(96B) AllocSpace objects, 0(0B) LOS objects, 38% free, 26MB/42MB, paused 172us total 10.287ms
08-05 18:46:33.275 31004 31015 I art     : Starting a blocking GC Explicit
08-05 18:46:33.285 31004 31015 I art     : Explicit concurrent mark sweep GC freed 3(96B) AllocSpace objects, 0(0B) LOS objects, 38% free, 26MB/42MB, paused 170us total 10.005ms
08-05 18:46:33.541 31004  5669 I art     : Starting a blocking GC Explicit
08-05 18:46:33.555 31004  5669 I art     : Explicit concurrent mark sweep GC freed 1380(80KB) AllocSpace objects, 1(20KB) LOS objects, 38% free, 26MB/42MB, paused 200us total 13.828ms
08-05 18:46:33.562 31004  5669 I art     : Starting a blocking GC Explicit
08-05 18:46:33.574 31004  5669 I art     : Explicit concurrent mark sweep GC freed 20(704B) AllocSpace objects, 0(0B) LOS objects, 38% free, 26MB/42MB, paused 188us total 12.201ms
08-05 18:46:33.580 31004  5669 I art     : Starting a blocking GC Explicit
08-05 18:46:33.592 31004  5669 I art     : Explicit concurrent mark sweep GC freed 3(96B) AllocSpace objects, 0(0B) LOS objects, 38% free, 26MB/42MB, paused 182us total 11.402ms
08-05 18:46:33.598 31004  5669 I art     : Starting a blocking GC Explicit
08-05 18:46:33.610 31004  5669 I art     : Explicit concurrent mark sweep GC freed 3(96B) AllocSpace objects, 0(0B) LOS objects, 38% free, 26MB/42MB, paused 182us total 11.511ms
08-05 18:46:33.616 31004  5669 I art     : Starting a blocking GC Explicit
08-05 18:46:33.628 31004  5669 I art     : Explicit concurrent mark sweep GC freed 3(96B) AllocSpace objects, 0(0B) LOS objects, 38% free, 26MB/42MB, paused 183us total 11.758ms
08-05 18:46:33.817  5293  5293 W Atfwd_Sendcmd: AtCmdFwd service not published, waiting... retryCnt : 5
08-05 18:46:33.933 31004 31016 I art     : Starting a blocking GC Explicit
08-05 18:46:33.950 31004 31016 I art     : Explicit concurrent mark sweep GC freed 1379(80KB) AllocSpace objects, 1(20KB) LOS objects, 38% free, 26MB/42MB, paused 222us total 16.962ms
08-05 18:46:33.959 31004 31016 I art     : Starting a blocking GC Explicit
08-05 18:46:33.971 31004 31016 I art     : Explicit concurrent mark sweep GC freed 20(704B) AllocSpace objects, 0(0B) LOS objects, 38% free, 26MB/42MB, paused 186us total 11.495ms
08-05 18:46:33.977 31004 31016 I art     : Starting a blocking GC Explicit
08-05 18:46:33.989 31004 31016 I art     : Explicit concurrent mark sweep GC freed 3(96B) AllocSpace objects, 0(0B) LOS objects, 38% free, 26MB/42MB, paused 185us total 11.408ms
08-05 18:46:33.995 31004 31016 I art     : Starting a blocking GC Explicit
08-05 18:46:34.006 31004 31016 I art     : Explicit concurrent mark sweep GC freed 3(96B) AllocSpace objects, 0(0B) LOS objects, 38% free, 26MB/42MB, paused 183us total 11.313ms
08-05 18:46:34.012 31004 31016 I art     : Starting a blocking GC Explicit
08-05 18:46:34.024 31004 31016 I art     : Explicit concurrent mark sweep GC freed 3(96B) AllocSpace objects, 0(0B) LOS objects, 38% free, 26MB/42MB, paused 175us total 10.945ms
08-05 18:46:34.332 31004 31015 I art     : Starting a blocking GC Explicit
08-05 18:46:34.352 31004 31015 I art     : Explicit concurrent mark sweep GC freed 1378(80KB) AllocSpace objects, 1(20KB) LOS objects, 38% free, 26MB/42MB, paused 256us total 19.417ms
08-05 18:46:34.359 31004 31015 I art     : Starting a blocking GC Explicit
08-05 18:46:34.371 31004 31015 I art     : Explicit concurrent mark sweep GC freed 20(704B) AllocSpace objects, 0(0B) LOS objects, 38% free, 26MB/42MB, paused 181us total 12.168ms
08-05 18:46:34.378 31004 31015 I art     : Starting a blocking GC Explicit
08-05 18:46:34.389 31004 31015 I art     : Explicit concurrent mark sweep GC freed 3(96B) AllocSpace objects, 0(0B) LOS objects, 38% free, 26MB/42MB, paused 177us total 11.231ms
08-05 18:46:34.395 31004 31015 I art     : Starting a blocking GC Explicit
08-05 18:46:34.407 31004 31015 I art     : Explicit concurrent mark sweep GC freed 3(96B) AllocSpace objects, 0(0B) LOS objects, 38% free, 26MB/42MB, paused 277us total 11.368ms
08-05 18:46:34.413 31004 31015 I art     : Starting a blocking GC Explicit
08-05 18:46:34.424 31004 31015 I art     : Explicit concurrent mark sweep GC freed 3(96B) AllocSpace objects, 0(0B) LOS objects, 38% free, 26MB/42MB, paused 159us total 11.237ms
08-05 18:46:34.729 31004  5669 I art     : Starting a blocking GC Explicit
08-05 18:46:34.745 31004  5669 I art     : Explicit concurrent mark sweep GC freed 1377(80KB) AllocSpace objects, 1(20KB) LOS objects, 38% free, 26MB/42MB, paused 233us total 15.770ms
08-05 18:46:34.755 31004  5669 I art     : Starting a blocking GC Explicit
08-05 18:46:34.768 31004  5669 I art     : Explicit concurrent mark sweep GC freed 20(704B) AllocSpace objects, 0(0B) LOS objects, 38% free, 26MB/42MB, paused 190us total 12.297ms
08-05 18:46:34.774 31004  5669 I art     : Starting a blocking GC Explicit
08-05 18:46:34.786 31004  5669 I art     : Explicit concurrent mark sweep GC freed 3(96B) AllocSpace objects, 0(0B) LOS objects, 38% free, 26MB/42MB, paused 177us total 11.612ms
08-05 18:46:34.792 31004  5669 I art     : Starting a blocking GC Explicit
08-05 18:46:34.804 31004  5669 I art     : Explicit concurrent mark sweep GC freed 3(96B) AllocSpace objects, 0(0B) LOS objects, 38% free, 26MB/42MB, paused 183us total 11.372ms
08-05 18:46:34.810 31004  5669 I art     : Starting a blocking GC Explicit
08-05 18:46:34.821 31004  5669 I art     : Explicit concurrent mark sweep GC freed 3(96B) AllocSpace objects, 0(0B) LOS objects, 38% free, 26MB/42MB, paused 186us total 11.139ms
08-05 18:46:35.129 31004 31016 I art     : Starting a blocking GC Explicit
08-05 18:46:35.147 31004 31016 I art     : Explicit concurrent mark sweep GC freed 1377(80KB) AllocSpace objects, 1(20KB) LOS objects, 38% free, 26MB/42MB, paused 202us total 17.586ms
08-05 18:46:35.153 31004 31016 I art     : Starting a blocking GC Explicit
08-05 18:46:35.165 31004 31016 I art     : Explicit concurrent mark sweep GC freed 20(704B) AllocSpace objects, 0(0B) LOS objects, 38% free, 26MB/42MB, paused 190us total 12.070ms
08-05 18:46:35.172 31004 31016 I art     : Starting a blocking GC Explicit
08-05 18:46:35.183 31004 31016 I art     : Explicit concurrent mark sweep GC freed 3(96B) AllocSpace objects, 0(0B) LOS objects, 38% free, 26MB/42MB, paused 173us total 11.251ms
08-05 18:46:35.189 31004 31016 I art     : Starting a blocking GC Explicit
08-05 18:46:35.200 31004 31016 I art     : Explicit concurrent mark sweep GC freed 3(96B) AllocSpace objects, 0(0B) LOS objects, 38% free, 26MB/42MB, paused 185us total 11.065ms
08-05 18:46:35.207 31004 31016 I art     : Starting a blocking GC Explicit
08-05 18:46:35.218 31004 31016 I art     : Explicit concurrent mark sweep GC freed 3(96B) AllocSpace objects, 0(0B) LOS objects, 38% free, 26MB/42MB, paused 171us total 11.078ms
08-05 18:46:35.529 31004 31015 I art     : Starting a blocking GC Explicit
08-05 18:46:35.545 31004 31015 I art     : Explicit concurrent mark sweep GC freed 1377(80KB) AllocSpace objects, 1(20KB) LOS objects, 38% free, 26MB/42MB, paused 211us total 15.395ms
08-05 18:46:35.554 31004 31015 I art     : Starting a blocking GC Explicit
08-05 18:46:35.566 31004 31015 I art     : Explicit concurrent mark sweep GC freed 20(704B) AllocSpace objects, 0(0B) LOS objects, 38% free, 26MB/42MB, paused 170us total 11.487ms
08-05 18:46:35.572 31004 31015 I art     : Starting a blocking GC Explicit
08-05 18:46:35.584 31004 31015 I art     : Explicit concurrent mark sweep GC freed 3(96B) AllocSpace objects, 0(0B) LOS objects, 38% free, 26MB/42MB, paused 180us total 11.486ms
08-05 18:46:35.590 31004 31015 I art     : Starting a blocking GC Explicit
08-05 18:46:35.602 31004 31015 I art     : Explicit concurrent mark sweep GC freed 3(96B) AllocSpace objects, 0(0B) LOS objects, 38% free, 26MB/42MB, paused 169us total 11.802ms
08-05 18:46:35.608 31004 31015 I art     : Starting a blocking GC Explicit
08-05 18:46:35.620 31004 31015 I art     : Explicit concurrent mark sweep GC freed 3(96B) AllocSpace objects, 0(0B) LOS objects, 38% free, 26MB/42MB, paused 172us total 11.367ms
08-05 18:46:35.931 31004  5669 I art     : Starting a blocking GC Explicit
08-05 18:46:35.948 31004  5669 I art     : Explicit concurrent mark sweep GC freed 1377(80KB) AllocSpace objects, 1(20KB) LOS objects, 38% free, 26MB/42MB, paused 230us total 16.352ms
08-05 18:46:35.958 31004  5669 I art     : Starting a blocking GC Explicit
08-05 18:46:35.971 31004  5669 I art     : Explicit concurrent mark sweep GC freed 20(704B) AllocSpace objects, 0(0B) LOS objects, 38% free, 26MB/42MB, paused 183us total 12.682ms
08-05 18:46:35.977 31004  5669 I art     : Starting a blocking GC Explicit
08-05 18:46:35.989 31004  5669 I art     : Explicit concurrent mark sweep GC freed 3(96B) AllocSpace objects, 0(0B) LOS objects, 38% free, 26MB/42MB, paused 184us total 11.874ms
08-05 18:46:35.996 31004  5669 I art     : Starting a blocking GC Explicit
08-05 18:46:36.008 31004  5669 I art     : Explicit concurrent mark sweep GC freed 3(96B) AllocSpace objects, 0(0B) LOS objects, 38% free, 26MB/42MB, paused 178us total 11.687ms
08-05 18:46:36.014 31004  5669 I art     : Starting a blocking GC Explicit
08-05 18:46:36.025 31004  5669 I art     : Explicit concurrent mark sweep GC freed 3(96B) AllocSpace objects, 0(0B) LOS objects, 38% free, 26MB/42MB, paused 172us total 11.277ms
08-05 18:46:36.342 31004 31016 I art     : Starting a blocking GC Explicit
08-05 18:46:36.359 31004 31016 I art     : Explicit concurrent mark sweep GC freed 1377(80KB) AllocSpace objects, 1(20KB) LOS objects, 38% free, 26MB/42MB, paused 215us total 16.944ms
08-05 18:46:36.368 31004 31016 I art     : Starting a blocking GC Explicit
08-05 18:46:36.380 31004 31016 I art     : Explicit concurrent mark sweep GC freed 20(704B) AllocSpace objects, 0(0B) LOS objects, 38% free, 26MB/42MB, paused 182us total 11.762ms
08-05 18:46:36.386 31004 31016 I art     : Starting a blocking GC Explicit
08-05 18:46:36.396 31004 31016 I art     : Explicit concurrent mark sweep GC freed 3(96B) AllocSpace objects, 0(0B) LOS objects, 38% free, 26MB/42MB, paused 161us total 9.728ms
08-05 18:46:36.402 31004 31016 I art     : Starting a blocking GC Explicit
08-05 18:46:36.412 31004 31016 I art     : Explicit concurrent mark sweep GC freed 3(96B) AllocSpace objects, 0(0B) LOS objects, 38% free, 26MB/42MB, paused 161us total 9.697ms
08-05 18:46:36.418 31004 31016 I art     : Starting a blocking GC Explicit
08-05 18:46:36.428 31004 31016 I art     : Explicit concurrent mark sweep GC freed 3(96B) AllocSpace objects, 0(0B) LOS objects, 38% free, 26MB/42MB, paused 156us total 9.295ms
08-05 18:46:36.677 31004 31015 I art     : Starting a blocking GC Explicit
08-05 18:46:36.689 31004 31015 I art     : Explicit concurrent mark sweep GC freed 1376(80KB) AllocSpace objects, 1(20KB) LOS objects, 38% free, 26MB/42MB, paused 186us total 12.234ms
08-05 18:46:36.695 31004 31015 I art     : Starting a blocking GC Explicit
08-05 18:46:36.706 31004 31015 I art     : Explicit concurrent mark sweep GC freed 20(704B) AllocSpace objects, 0(0B) LOS objects, 38% free, 26MB/42MB, paused 176us total 10.852ms
08-05 18:46:36.711 31004 31015 I art     : Starting a blocking GC Explicit
08-05 18:46:36.722 31004 31015 I art     : Explicit concurrent mark sweep GC freed 3(96B) AllocSpace objects, 0(0B) LOS objects, 38% free, 26MB/42MB, paused 166us total 10.666ms
08-05 18:46:36.728 31004 31015 I art     : Starting a blocking GC Explicit
08-05 18:46:36.738 31004 31015 I art     : Explicit concurrent mark sweep GC freed 3(96B) AllocSpace objects, 0(0B) LOS objects, 38% free, 26MB/42MB, paused 150us total 9.952ms
08-05 18:46:36.743 31004 31015 I art     : Starting a blocking GC Explicit
08-05 18:46:36.753 31004 31015 I art     : Explicit concurrent mark sweep GC freed 3(96B) AllocSpace objects, 0(0B) LOS objects, 38% free, 26MB/42MB, paused 153us total 10.175ms
08-05 18:46:37.061 31004  5669 I art     : Starting a blocking GC Explicit
08-05 18:46:37.075 31004  5669 I art     : Explicit concurrent mark sweep GC freed 1377(80KB) AllocSpace objects, 1(20KB) LOS objects, 38% free, 26MB/42MB, paused 218us total 14.528ms
08-05 18:46:37.083 31004  5669 I art     : Starting a blocking GC Explicit
08-05 18:46:37.095 31004  5669 I art     : Explicit concurrent mark sweep GC freed 20(704B) AllocSpace objects, 0(0B) LOS objects, 38% free, 26MB/42MB, paused 202us total 12.155ms
08-05 18:46:37.102 31004  5669 I art     : Starting a blocking GC Explicit
08-05 18:46:37.113 31004  5669 I art     : Explicit concurrent mark sweep GC freed 3(96B) AllocSpace objects, 0(0B) LOS objects, 38% free, 26MB/42MB, paused 165us total 10.838ms
08-05 18:46:37.119 31004  5669 I art     : Starting a blocking GC Explicit
08-05 18:46:37.130 31004  5669 I art     : Explicit concurrent mark sweep GC freed 3(96B) AllocSpace objects, 0(0B) LOS objects, 38% free, 26MB/42MB, paused 187us total 10.729ms
08-05 18:46:37.136 31004  5669 I art     : Starting a blocking GC Explicit
08-05 18:46:37.146 31004  5669 I art     : Explicit concurrent mark sweep GC freed 3(96B) AllocSpace objects, 0(0B) LOS objects, 38% free, 26MB/42MB, paused 162us total 9.897ms
08-05 18:46:37.397 31004 31016 I art     : Starting a blocking GC Explicit
08-05 18:46:37.410 31004 31016 I art     : Explicit concurrent mark sweep GC freed 1377(80KB) AllocSpace objects, 1(20KB) LOS objects, 38% free, 26MB/42MB, paused 192us total 12.065ms
08-05 18:46:37.416 31004 31016 I art     : Starting a blocking GC Explicit
08-05 18:46:37.428 31004 31016 I art     : Explicit concurrent mark sweep GC freed 20(704B) AllocSpace objects, 0(0B) LOS objects, 38% free, 26MB/42MB, paused 194us total 11.667ms
08-05 18:46:37.434 31004 31016 I art     : Starting a blocking GC Explicit
08-05 18:46:37.445 31004 31016 I art     : Explicit concurrent mark sweep GC freed 3(96B) AllocSpace objects, 0(0B) LOS objects, 38% free, 26MB/42MB, paused 186us total 10.766ms
08-05 18:46:37.451 31004 31016 I art     : Starting a blocking GC Explicit
08-05 18:46:37.462 31004 31016 I art     : Explicit concurrent mark sweep GC freed 3(96B) AllocSpace objects, 0(0B) LOS objects, 38% free, 26MB/42MB, paused 181us total 10.714ms
08-05 18:46:37.467  5860  5860 D AndroidRuntime: >>>>>> START com.android.internal.os.RuntimeInit uid 2000 <<<<<<
08-05 18:46:37.468 31004 31016 I art     : Starting a blocking GC Explicit
08-05 18:46:37.470  5860  5860 D AndroidRuntime: CheckJNI is OFF
08-05 18:46:37.479 31004 31016 I art     : Explicit concurrent mark sweep GC freed 3(96B) AllocSpace objects, 0(0B) LOS objects, 38% free, 26MB/42MB, paused 217us total 10.952ms
08-05 18:46:37.496  5860  5860 D ICU     : No timezone override file found: /data/misc/zoneinfo/current/icu/icu_tzdata.dat
08-05 18:46:37.520  5860  5860 I Radio-JNI: register_android_hardware_Radio DONE
08-05 18:46:37.536  5860  5860 D AndroidRuntime: Calling main entry com.android.commands.input.Input
08-05 18:46:37.537  5860  5860 I Input   : injectMotionEvent: MotionEvent { action=ACTION_DOWN, actionButton=0, id[0]=0, x[0]=594.0, y[0]=330.0, toolType[0]=TOOL_TYPE_UNKNOWN, buttonState=0, metaState=0, flags=0x0, edgeFlags=0x0, pointerCount=1, historySize=0, eventTime=816413950, downTime=816413950, deviceId=0, source=0x1002 }
08-05 18:46:37.544  5860  5860 I Input   : injectMotionEvent: MotionEvent { action=ACTION_UP, actionButton=0, id[0]=0, x[0]=594.0, y[0]=330.0, toolType[0]=TOOL_TYPE_UNKNOWN, buttonState=0, metaState=0, flags=0x0, edgeFlags=0x0, pointerCount=1, historySize=0, eventTime=816413950, downTime=816413950, deviceId=0, source=0x1002 }
08-05 18:46:37.546  5860  5860 D AndroidRuntime: Shutting down VM
08-05 18:46:37.615   918   928 I ActivityManager: START u0 {cmp=baseline.com.newsblur/.activity.GlobalSharedStoriesItemsList (has extras)} from uid 10676 on display 0
08-05 18:46:37.635 31004  5889 I baseline.com.newsblur.database.BlurDatabaseHelper: reading session reset
08-05 18:46:37.695 31004 31016 I art     : Starting a blocking GC Explicit
08-05 18:46:37.708 31004 31016 I art     : Explicit concurrent mark sweep GC freed 6397(515KB) AllocSpace objects, 8(284KB) LOS objects, 36% free, 27MB/43MB, paused 205us total 12.810ms
08-05 18:46:37.714 31004 31016 I art     : Starting a blocking GC Explicit
08-05 18:46:37.726 31004 31016 I art     : Explicit concurrent mark sweep GC freed 387(19KB) AllocSpace objects, 0(0B) LOS objects, 36% free, 27MB/43MB, paused 211us total 12.040ms
08-05 18:46:37.732 31004 31016 I art     : Starting a blocking GC Explicit
08-05 18:46:37.744 31004 31016 I art     : Explicit concurrent mark sweep GC freed 3(96B) AllocSpace objects, 0(0B) LOS objects, 36% free, 27MB/43MB, paused 198us total 11.908ms
08-05 18:46:37.751 31004 31016 I art     : Starting a blocking GC Explicit
08-05 18:46:37.764 31004 31016 I art     : Explicit concurrent mark sweep GC freed 223(29KB) AllocSpace objects, 1(20KB) LOS objects, 36% free, 27MB/43MB, paused 402us total 13.431ms
08-05 18:46:37.767 31004 31004 W View    : requestLayout() improperly called by android.widget.FrameLayout{533a7f8 V.E...... ......ID 0,0-1440,0 #7f07003f app:id/footer_view_inner} during layout: running second layout pass
08-05 18:46:37.767 31004 31004 W View    : requestLayout() improperly called by android.widget.FrameLayout{5fc44d1 V.E...... ......ID 0,0-1440,2091 #7f07003f app:id/footer_view_inner} during layout: running second layout pass
08-05 18:46:37.770 31004 31016 I art     : Starting a blocking GC Explicit
08-05 18:46:37.784 31004 31016 I art     : Explicit concurrent mark sweep GC freed 179(15KB) AllocSpace objects, 0(0B) LOS objects, 36% free, 27MB/43MB, paused 221us total 13.472ms
08-05 18:46:37.786   918   936 I ActivityManager: Displayed baseline.com.newsblur/.activity.GlobalSharedStoriesItemsList: +162ms
08-05 18:46:37.786 13866 13866 I GoogleInputMethodServic: GoogleInputMethodService.onFinishInput():3138 
08-05 18:46:37.788 13866 13866 I GoogleInputMethodServic: GoogleInputMethodService.onStartInput():1808 
08-05 18:46:38.043 31004 31016 I art     : Starting a blocking GC Explicit
08-05 18:46:38.058 31004 31016 I art     : Explicit concurrent mark sweep GC freed 3426(257KB) AllocSpace objects, 7(140KB) LOS objects, 36% free, 27MB/43MB, paused 334us total 14.222ms
08-05 18:46:38.064 31004 31016 I art     : Starting a blocking GC Explicit
08-05 18:46:38.077 31004 31016 I art     : Explicit concurrent mark sweep GC freed 154(5KB) AllocSpace objects, 0(0B) LOS objects, 36% free, 27MB/43MB, paused 299us total 12.432ms
08-05 18:46:38.082 31004 31016 I art     : Starting a blocking GC Explicit
08-05 18:46:38.093 31004 31016 I art     : Explicit concurrent mark sweep GC freed 4(128B) AllocSpace objects, 0(0B) LOS objects, 36% free, 27MB/43MB, paused 243us total 10.982ms
08-05 18:46:38.099 31004 31016 I art     : Starting a blocking GC Explicit
08-05 18:46:38.110 31004 31016 I art     : Explicit concurrent mark sweep GC freed 4(128B) AllocSpace objects, 0(0B) LOS objects, 36% free, 27MB/43MB, paused 232us total 10.654ms
08-05 18:46:38.115 31004 31016 I art     : Starting a blocking GC Explicit
08-05 18:46:38.126 31004 31016 I art     : Explicit concurrent mark sweep GC freed 4(128B) AllocSpace objects, 0(0B) LOS objects, 36% free, 27MB/43MB, paused 229us total 11.158ms
08-05 18:46:38.339 31004  5897 I NAPPA_EXPERIMENTATION: MetricNetworkRequestExecutionTime: REQUEST_DURATION_SYSTEM='539',REQUEST_DURATION_OKHTTP='33',REQUEST_SYNCHRONOUS='TRUE',RESPONSE_CODE='200',RESPONSE_METHOD='GET',RESPONSE_LENGTH_OKHTTP='-1',RESPONSE_LENGTH_HEADER='13047',REQUEST_PROTOCOL='http/1.1',REQUEST_URL='https://www.newsblur.com/social/river_stories?order=newest&page=1&read_filter=all&global_feed=true',
08-05 18:46:38.339 31004  5897 D MY_TAG  : 0, 539
08-05 18:46:38.398 31004 31015 I art     : Starting a blocking GC Explicit
08-05 18:46:38.425 31004 31015 I art     : Explicit concurrent mark sweep GC freed 33656(2MB) AllocSpace objects, 23(728KB) LOS objects, 36% free, 27MB/43MB, paused 350us total 27.031ms
08-05 18:46:38.432 31004 31015 I art     : Starting a blocking GC Explicit
08-05 18:46:38.447 31004 31015 I art     : Explicit concurrent mark sweep GC freed 2764(287KB) AllocSpace objects, 7(228KB) LOS objects, 36% free, 27MB/43MB, paused 274us total 14.904ms
08-05 18:46:38.454 31004 31015 I art     : Starting a blocking GC Explicit
08-05 18:46:38.469 31004 31015 I art     : Explicit concurrent mark sweep GC freed 1273(226KB) AllocSpace objects, 11(220KB) LOS objects, 36% free, 27MB/43MB, paused 308us total 13.998ms
08-05 18:46:38.474 31004 31015 I art     : Starting a blocking GC Explicit
08-05 18:46:38.487 31004 31015 I art     : Explicit concurrent mark sweep GC freed 442(26KB) AllocSpace objects, 1(20KB) LOS objects, 36% free, 27MB/43MB, paused 510us total 12.458ms
08-05 18:46:38.492 31004 31015 I art     : Starting a blocking GC Explicit
08-05 18:46:38.506 31004 31015 I art     : Explicit concurrent mark sweep GC freed 754(49KB) AllocSpace objects, 2(40KB) LOS objects, 36% free, 28MB/44MB, paused 591us total 13.607ms
08-05 18:46:38.570 31004  5929 I NAPPA_EXPERIMENTATION: MetricNetworkRequestExecutionTime: REQUEST_DURATION_SYSTEM='32',REQUEST_DURATION_OKHTTP='29',REQUEST_SYNCHRONOUS='TRUE',RESPONSE_CODE='200',RESPONSE_METHOD='GET',RESPONSE_LENGTH_OKHTTP='43',RESPONSE_LENGTH_HEADER='43',REQUEST_PROTOCOL='http/1.1',REQUEST_URL='http://feeds.feedburner.com/~r/retort/~4/UffaFMiJbNs',
08-05 18:46:38.755 31004  5910 I art     : Starting a blocking GC Explicit
08-05 18:46:38.774 31004  5910 I art     : Explicit concurrent mark sweep GC freed 3607(229KB) AllocSpace objects, 5(100KB) LOS objects, 36% free, 28MB/44MB, paused 433us total 18.257ms
08-05 18:46:38.782 31004  5910 I art     : Starting a blocking GC Explicit
08-05 18:46:38.799 31004  5910 I art     : Explicit concurrent mark sweep GC freed 2875(206KB) AllocSpace objects, 2(120KB) LOS objects, 36% free, 28MB/44MB, paused 652us total 17.344ms
08-05 18:46:38.807 31004  5910 I art     : Starting a blocking GC Explicit
08-05 18:46:38.822 31004  5910 I art     : Explicit concurrent mark sweep GC freed 7260(350KB) AllocSpace objects, 1(80KB) LOS objects, 36% free, 28MB/44MB, paused 426us total 14.620ms
08-05 18:46:38.828 31004  5910 I art     : Starting a blocking GC Explicit
08-05 18:46:38.858 31004  5910 I art     : Explicit concurrent mark sweep GC freed 1539(82KB) AllocSpace objects, 0(0B) LOS objects, 36% free, 28MB/44MB, paused 619us total 29.037ms
08-05 18:46:38.864 31004  5910 I art     : Starting a blocking GC Explicit
08-05 18:46:38.879 31004  5910 I art     : Explicit concurrent mark sweep GC freed 2780(116KB) AllocSpace objects, 0(0B) LOS objects, 36% free, 28MB/44MB, paused 458us total 14.627ms
08-05 18:46:38.985 31004  5932 I NAPPA_EXPERIMENTATION: MetricNetworkRequestExecutionTime: REQUEST_DURATION_SYSTEM='458',REQUEST_DURATION_OKHTTP='42',REQUEST_SYNCHRONOUS='TRUE',RESPONSE_CODE='200',RESPONSE_METHOD='GET',RESPONSE_LENGTH_OKHTTP='477',RESPONSE_LENGTH_HEADER='477',REQUEST_PROTOCOL='http/1.1',REQUEST_URL='https://s3.amazonaws.com/icons.newsblur.com/5762506.png',
08-05 18:46:39.012 31004  5930 I NAPPA_EXPERIMENTATION: MetricNetworkRequestExecutionTime: REQUEST_DURATION_SYSTEM='494',REQUEST_DURATION_OKHTTP='67',REQUEST_SYNCHRONOUS='TRUE',RESPONSE_CODE='200',RESPONSE_METHOD='GET',RESPONSE_LENGTH_OKHTTP='243',RESPONSE_LENGTH_HEADER='243',REQUEST_PROTOCOL='http/1.1',REQUEST_URL='https://s3.amazonaws.com/icons.newsblur.com/18178.png',
08-05 18:46:39.024 31004  5928 I NAPPA_EXPERIMENTATION: MetricNetworkRequestExecutionTime: REQUEST_DURATION_SYSTEM='513',REQUEST_DURATION_OKHTTP='77',REQUEST_SYNCHRONOUS='TRUE',RESPONSE_CODE='200',RESPONSE_METHOD='GET',RESPONSE_LENGTH_OKHTTP='145',RESPONSE_LENGTH_HEADER='145',REQUEST_PROTOCOL='http/1.1',REQUEST_URL='https://s3.amazonaws.com/icons.newsblur.com/6882243.png',
08-05 18:46:39.037 31004  5931 I NAPPA_EXPERIMENTATION: MetricNetworkRequestExecutionTime: REQUEST_DURATION_SYSTEM='490',REQUEST_DURATION_OKHTTP='173',REQUEST_SYNCHRONOUS='TRUE',RESPONSE_CODE='200',RESPONSE_METHOD='GET',RESPONSE_LENGTH_OKHTTP='79351',RESPONSE_LENGTH_HEADER='79351',REQUEST_PROTOCOL='h2',REQUEST_URL='https://images.fastcompany.net/image/upload/w_1280,q_auto,f_auto,fl_lossy/wp-cms/uploads/2020/07/p-1-90532920-this-chart-shows-how-effective-masks-can-be.png',
08-05 18:46:39.162 31004  5669 I art     : Starting a blocking GC Explicit
08-05 18:46:39.182 31004  5669 I art     : Explicit concurrent mark sweep GC freed 9649(552KB) AllocSpace objects, 14(3MB) LOS objects, 34% free, 30MB/46MB, paused 378us total 19.528ms
08-05 18:46:39.189 31004  5669 I art     : Starting a blocking GC Explicit
08-05 18:46:39.204 31004  5669 I art     : Explicit concurrent mark sweep GC freed 313(10KB) AllocSpace objects, 0(0B) LOS objects, 34% free, 30MB/46MB, paused 293us total 14.611ms
08-05 18:46:39.211 31004  5669 I art     : Starting a blocking GC Explicit
08-05 18:46:39.225 31004  5669 I art     : Explicit concurrent mark sweep GC freed 3(96B) AllocSpace objects, 0(0B) LOS objects, 34% free, 30MB/46MB, paused 323us total 14.041ms
08-05 18:46:39.231 31004  5669 I art     : Starting a blocking GC Explicit
08-05 18:46:39.245 31004  5669 I art     : Explicit concurrent mark sweep GC freed 3(96B) AllocSpace objects, 0(0B) LOS objects, 34% free, 30MB/46MB, paused 380us total 13.988ms
08-05 18:46:39.251 31004  5669 I art     : Starting a blocking GC Explicit
08-05 18:46:39.266 31004  5669 I art     : Explicit concurrent mark sweep GC freed 3(96B) AllocSpace objects, 0(0B) LOS objects, 34% free, 30MB/46MB, paused 336us total 14.378ms
08-05 18:46:39.559 31004 31016 I art     : Starting a blocking GC Explicit
08-05 18:46:39.577 31004 31016 I art     : Explicit concurrent mark sweep GC freed 1390(82KB) AllocSpace objects, 1(20KB) LOS objects, 34% free, 30MB/46MB, paused 356us total 18.209ms
08-05 18:46:39.584 31004 31016 I art     : Starting a blocking GC Explicit
08-05 18:46:39.599 31004 31016 I art     : Explicit concurrent mark sweep GC freed 20(704B) AllocSpace objects, 0(0B) LOS objects, 34% free, 30MB/46MB, paused 337us total 15.206ms
08-05 18:46:39.606 31004 31016 I art     : Starting a blocking GC Explicit
08-05 18:46:39.621 31004 31016 I art     : Explicit concurrent mark sweep GC freed 3(96B) AllocSpace objects, 0(0B) LOS objects, 34% free, 30MB/46MB, paused 319us total 14.439ms
08-05 18:46:39.627 31004 31016 I art     : Starting a blocking GC Explicit
08-05 18:46:39.641 31004 31016 I art     : Explicit concurrent mark sweep GC freed 3(96B) AllocSpace objects, 0(0B) LOS objects, 34% free, 30MB/46MB, paused 312us total 14.350ms
08-05 18:46:39.648 31004 31016 I art     : Starting a blocking GC Explicit
08-05 18:46:39.663 31004 31016 I art     : Explicit concurrent mark sweep GC freed 3(96B) AllocSpace objects, 0(0B) LOS objects, 34% free, 30MB/46MB, paused 324us total 14.967ms
08-05 18:46:39.985 31004  5910 I art     : Starting a blocking GC Explicit
08-05 18:46:40.004 31004  5910 I art     : Explicit concurrent mark sweep GC freed 1390(80KB) AllocSpace objects, 1(20KB) LOS objects, 34% free, 30MB/46MB, paused 398us total 19.239ms
08-05 18:46:40.013 31004  5910 I art     : Starting a blocking GC Explicit
08-05 18:46:40.029 31004  5910 I art     : Explicit concurrent mark sweep GC freed 20(704B) AllocSpace objects, 0(0B) LOS objects, 34% free, 30MB/46MB, paused 322us total 15.171ms
08-05 18:46:40.035 31004  5910 I art     : Starting a blocking GC Explicit
08-05 18:46:40.050 31004  5910 I art     : Explicit concurrent mark sweep GC freed 3(96B) AllocSpace objects, 0(0B) LOS objects, 34% free, 30MB/46MB, paused 384us total 14.616ms
08-05 18:46:40.056 31004  5910 I art     : Starting a blocking GC Explicit
08-05 18:46:40.070 31004  5910 I art     : Explicit concurrent mark sweep GC freed 3(96B) AllocSpace objects, 0(0B) LOS objects, 34% free, 30MB/46MB, paused 323us total 14.426ms
08-05 18:46:40.077 31004  5910 I art     : Starting a blocking GC Explicit
08-05 18:46:40.091 31004  5910 I art     : Explicit concurrent mark sweep GC freed 3(96B) AllocSpace objects, 0(0B) LOS objects, 34% free, 30MB/46MB, paused 294us total 14.322ms
08-05 18:46:40.397 31004 31015 I art     : Starting a blocking GC Explicit
08-05 18:46:40.416 31004 31015 I art     : Explicit concurrent mark sweep GC freed 1389(80KB) AllocSpace objects, 1(20KB) LOS objects, 34% free, 30MB/46MB, paused 336us total 18.779ms
08-05 18:46:40.428 31004 31015 I art     : Starting a blocking GC Explicit
08-05 18:46:40.442 31004 31015 I art     : Explicit concurrent mark sweep GC freed 20(704B) AllocSpace objects, 0(0B) LOS objects, 34% free, 30MB/46MB, paused 326us total 14.445ms
08-05 18:46:40.449 31004 31015 I art     : Starting a blocking GC Explicit
08-05 18:46:40.464 31004 31015 I art     : Explicit concurrent mark sweep GC freed 3(96B) AllocSpace objects, 0(0B) LOS objects, 34% free, 30MB/46MB, paused 328us total 14.716ms
08-05 18:46:40.470 31004 31015 I art     : Starting a blocking GC Explicit
08-05 18:46:40.484 31004 31015 I art     : Explicit concurrent mark sweep GC freed 3(96B) AllocSpace objects, 0(0B) LOS objects, 34% free, 30MB/46MB, paused 335us total 14.457ms
08-05 18:46:40.491 31004 31015 I art     : Starting a blocking GC Explicit
08-05 18:46:40.505 31004 31015 I art     : Explicit concurrent mark sweep GC freed 3(96B) AllocSpace objects, 0(0B) LOS objects, 34% free, 30MB/46MB, paused 327us total 14.558ms
08-05 18:46:40.840 31004  5669 I art     : Starting a blocking GC Explicit
08-05 18:46:40.860 31004  5669 I art     : Explicit concurrent mark sweep GC freed 1389(80KB) AllocSpace objects, 1(20KB) LOS objects, 34% free, 30MB/46MB, paused 358us total 19.449ms
08-05 18:46:40.870 31004  5669 I art     : Starting a blocking GC Explicit
08-05 18:46:40.885 31004  5669 I art     : Explicit concurrent mark sweep GC freed 20(720B) AllocSpace objects, 0(0B) LOS objects, 34% free, 30MB/46MB, paused 319us total 14.905ms
08-05 18:46:40.892 31004  5669 I art     : Starting a blocking GC Explicit
08-05 18:46:40.906 31004  5669 I art     : Explicit concurrent mark sweep GC freed 3(96B) AllocSpace objects, 0(0B) LOS objects, 34% free, 30MB/46MB, paused 320us total 14.412ms
08-05 18:46:40.912 31004  5669 I art     : Starting a blocking GC Explicit
08-05 18:46:40.927 31004  5669 I art     : Explicit concurrent mark sweep GC freed 3(96B) AllocSpace objects, 0(0B) LOS objects, 34% free, 30MB/46MB, paused 337us total 14.506ms
08-05 18:46:40.933 31004  5669 I art     : Starting a blocking GC Explicit
08-05 18:46:40.948 31004  5669 I art     : Explicit concurrent mark sweep GC freed 3(96B) AllocSpace objects, 0(0B) LOS objects, 34% free, 30MB/46MB, paused 316us total 14.633ms
08-05 18:46:41.256 31004 31016 I art     : Starting a blocking GC Explicit
08-05 18:46:41.276 31004 31016 I art     : Explicit concurrent mark sweep GC freed 1390(80KB) AllocSpace objects, 1(20KB) LOS objects, 34% free, 30MB/46MB, paused 361us total 19.821ms
08-05 18:46:41.284 31004 31016 I art     : Starting a blocking GC Explicit
08-05 18:46:41.299 31004 31016 I art     : Explicit concurrent mark sweep GC freed 20(704B) AllocSpace objects, 0(0B) LOS objects, 34% free, 30MB/46MB, paused 316us total 14.604ms
08-05 18:46:41.305 31004 31016 I art     : Starting a blocking GC Explicit
08-05 18:46:41.319 31004 31016 I art     : Explicit concurrent mark sweep GC freed 3(96B) AllocSpace objects, 0(0B) LOS objects, 34% free, 30MB/46MB, paused 303us total 14.352ms
08-05 18:46:41.326 31004 31016 I art     : Starting a blocking GC Explicit
08-05 18:46:41.340 31004 31016 I art     : Explicit concurrent mark sweep GC freed 3(96B) AllocSpace objects, 0(0B) LOS objects, 34% free, 30MB/46MB, paused 318us total 14.335ms
08-05 18:46:41.346 31004 31016 I art     : Starting a blocking GC Explicit
08-05 18:46:41.361 31004 31016 I art     : Explicit concurrent mark sweep GC freed 3(96B) AllocSpace objects, 0(0B) LOS objects, 34% free, 30MB/46MB, paused 319us total 14.270ms
08-05 18:46:41.666 31004  5910 I art     : Starting a blocking GC Explicit
08-05 18:46:41.685 31004  5910 I art     : Explicit concurrent mark sweep GC freed 1389(80KB) AllocSpace objects, 1(20KB) LOS objects, 34% free, 30MB/46MB, paused 397us total 19.284ms
08-05 18:46:41.692 31004  5910 I art     : Starting a blocking GC Explicit
08-05 18:46:41.709 31004  5910 I art     : Explicit concurrent mark sweep GC freed 20(704B) AllocSpace objects, 0(0B) LOS objects, 34% free, 30MB/46MB, paused 332us total 16.152ms
08-05 18:46:41.716 31004  5910 I art     : Starting a blocking GC Explicit
08-05 18:46:41.731 31004  5910 I art     : Explicit concurrent mark sweep GC freed 3(96B) AllocSpace objects, 0(0B) LOS objects, 34% free, 30MB/46MB, paused 331us total 14.792ms
08-05 18:46:41.737 31004  5910 I art     : Starting a blocking GC Explicit
08-05 18:46:41.752 31004  5910 I art     : Explicit concurrent mark sweep GC freed 3(96B) AllocSpace objects, 0(0B) LOS objects, 34% free, 30MB/46MB, paused 320us total 14.705ms
08-05 18:46:41.759 31004  5910 I art     : Starting a blocking GC Explicit
08-05 18:46:41.774 31004  5910 I art     : Explicit concurrent mark sweep GC freed 3(96B) AllocSpace objects, 0(0B) LOS objects, 34% free, 30MB/46MB, paused 327us total 15.081ms
08-05 18:46:42.077 31004 31015 I art     : Starting a blocking GC Explicit
08-05 18:46:42.095 31004 31015 I art     : Explicit concurrent mark sweep GC freed 1389(80KB) AllocSpace objects, 1(20KB) LOS objects, 34% free, 30MB/46MB, paused 337us total 17.106ms
08-05 18:46:42.101 31004 31015 I art     : Starting a blocking GC Explicit
08-05 18:46:42.117 31004 31015 I art     : Explicit concurrent mark sweep GC freed 20(704B) AllocSpace objects, 0(0B) LOS objects, 34% free, 30MB/46MB, paused 344us total 15.090ms
08-05 18:46:42.123 31004 31015 I art     : Starting a blocking GC Explicit
08-05 18:46:42.138 31004 31015 I art     : Explicit concurrent mark sweep GC freed 3(96B) AllocSpace objects, 0(0B) LOS objects, 34% free, 30MB/46MB, paused 326us total 14.903ms
08-05 18:46:42.144 31004 31015 I art     : Starting a blocking GC Explicit
08-05 18:46:42.160 31004 31015 I art     : Explicit concurrent mark sweep GC freed 3(96B) AllocSpace objects, 0(0B) LOS objects, 34% free, 30MB/46MB, paused 326us total 14.976ms
08-05 18:46:42.166 31004 31015 I art     : Starting a blocking GC Explicit
08-05 18:46:42.181 31004 31015 I art     : Explicit concurrent mark sweep GC freed 3(96B) AllocSpace objects, 0(0B) LOS objects, 34% free, 30MB/46MB, paused 319us total 14.678ms
08-05 18:46:42.480 31004  5669 I art     : Starting a blocking GC Explicit
08-05 18:46:42.498 31004  5669 I art     : Explicit concurrent mark sweep GC freed 1389(80KB) AllocSpace objects, 1(20KB) LOS objects, 34% free, 30MB/46MB, paused 356us total 18.415ms
08-05 18:46:42.510 31004  5669 I art     : Starting a blocking GC Explicit
08-05 18:46:42.524 31004  5669 I art     : Explicit concurrent mark sweep GC freed 20(704B) AllocSpace objects, 0(0B) LOS objects, 34% free, 30MB/46MB, paused 327us total 14.281ms
08-05 18:46:42.531 31004  5669 I art     : Starting a blocking GC Explicit
08-05 18:46:42.545 31004  5669 I art     : Explicit concurrent mark sweep GC freed 3(96B) AllocSpace objects, 0(0B) LOS objects, 34% free, 30MB/46MB, paused 311us total 14.271ms
08-05 18:46:42.551 31004  5669 I art     : Starting a blocking GC Explicit
08-05 18:46:42.566 31004  5669 I art     : Explicit concurrent mark sweep GC freed 3(96B) AllocSpace objects, 0(0B) LOS objects, 34% free, 30MB/46MB, paused 323us total 14.421ms
08-05 18:46:42.572 31004  5669 I art     : Starting a blocking GC Explicit
08-05 18:46:42.587 31004  5669 I art     : Explicit concurrent mark sweep GC freed 3(96B) AllocSpace objects, 0(0B) LOS objects, 34% free, 30MB/46MB, paused 368us total 14.495ms
08-05 18:46:42.895 31004 31016 I art     : Starting a blocking GC Explicit
08-05 18:46:42.913 31004 31016 I art     : Explicit concurrent mark sweep GC freed 1389(80KB) AllocSpace objects, 1(20KB) LOS objects, 34% free, 30MB/46MB, paused 344us total 18.005ms
08-05 18:46:42.922 31004 31016 I art     : Starting a blocking GC Explicit
08-05 18:46:42.937 31004 31016 I art     : Explicit concurrent mark sweep GC freed 20(704B) AllocSpace objects, 0(0B) LOS objects, 34% free, 30MB/46MB, paused 324us total 15.108ms
08-05 18:46:42.944 31004 31016 I art     : Starting a blocking GC Explicit
08-05 18:46:42.959 31004 31016 I art     : Explicit concurrent mark sweep GC freed 3(96B) AllocSpace objects, 0(0B) LOS objects, 34% free, 30MB/46MB, paused 323us total 14.719ms
08-05 18:46:42.965 31004 31016 I art     : Starting a blocking GC Explicit
08-05 18:46:42.980 31004 31016 I art     : Explicit concurrent mark sweep GC freed 3(96B) AllocSpace objects, 0(0B) LOS objects, 34% free, 30MB/46MB, paused 347us total 14.899ms
08-05 18:46:42.987 31004 31016 I art     : Starting a blocking GC Explicit
08-05 18:46:43.002 31004 31016 I art     : Explicit concurrent mark sweep GC freed 3(96B) AllocSpace objects, 0(0B) LOS objects, 34% free, 30MB/46MB, paused 297us total 14.458ms
08-05 18:46:43.284 31004  5910 I art     : Starting a blocking GC Explicit
08-05 18:46:43.301 31004  5910 I art     : Explicit concurrent mark sweep GC freed 1389(80KB) AllocSpace objects, 1(20KB) LOS objects, 34% free, 30MB/46MB, paused 325us total 16.651ms
08-05 18:46:43.312 31004  5910 I art     : Starting a blocking GC Explicit
08-05 18:46:43.327 31004  5910 I art     : Explicit concurrent mark sweep GC freed 20(704B) AllocSpace objects, 0(0B) LOS objects, 34% free, 30MB/46MB, paused 341us total 14.469ms
08-05 18:46:43.333 31004  5910 I art     : Starting a blocking GC Explicit
08-05 18:46:43.348 31004  5910 I art     : Explicit concurrent mark sweep GC freed 3(96B) AllocSpace objects, 0(0B) LOS objects, 34% free, 30MB/46MB, paused 318us total 14.319ms
08-05 18:46:43.354 31004  5910 I art     : Starting a blocking GC Explicit
08-05 18:46:43.369 31004  5910 I art     : Explicit concurrent mark sweep GC freed 3(96B) AllocSpace objects, 0(0B) LOS objects, 34% free, 30MB/46MB, paused 363us total 14.474ms
08-05 18:46:43.375 31004  5910 I art     : Starting a blocking GC Explicit
08-05 18:46:43.389 31004  5910 I art     : Explicit concurrent mark sweep GC freed 3(96B) AllocSpace objects, 0(0B) LOS objects, 34% free, 30MB/46MB, paused 320us total 14.201ms
08-05 18:46:43.710 31004 31015 I art     : Starting a blocking GC Explicit
08-05 18:46:43.729 31004 31015 I art     : Explicit concurrent mark sweep GC freed 1389(80KB) AllocSpace objects, 1(20KB) LOS objects, 34% free, 30MB/46MB, paused 350us total 18.879ms
08-05 18:46:43.738 31004 31015 I art     : Starting a blocking GC Explicit
08-05 18:46:43.753 31004 31015 I art     : Explicit concurrent mark sweep GC freed 20(704B) AllocSpace objects, 0(0B) LOS objects, 34% free, 30MB/46MB, paused 322us total 14.764ms
08-05 18:46:43.759 31004 31015 I art     : Starting a blocking GC Explicit
08-05 18:46:43.774 31004 31015 I art     : Explicit concurrent mark sweep GC freed 3(96B) AllocSpace objects, 0(0B) LOS objects, 34% free, 30MB/46MB, paused 327us total 14.403ms
08-05 18:46:43.780 31004 31015 I art     : Starting a blocking GC Explicit
08-05 18:46:43.795 31004 31015 I art     : Explicit concurrent mark sweep GC freed 3(96B) AllocSpace objects, 0(0B) LOS objects, 34% free, 30MB/46MB, paused 323us total 14.292ms
08-05 18:46:43.801 31004 31015 I art     : Starting a blocking GC Explicit
08-05 18:46:43.816 31004 31015 I art     : Explicit concurrent mark sweep GC freed 3(96B) AllocSpace objects, 0(0B) LOS objects, 34% free, 30MB/46MB, paused 329us total 14.330ms
08-05 18:46:44.118 31004  5669 I art     : Starting a blocking GC Explicit
08-05 18:46:44.137 31004  5669 I art     : Explicit concurrent mark sweep GC freed 1389(80KB) AllocSpace objects, 1(20KB) LOS objects, 34% free, 30MB/46MB, paused 347us total 18.964ms
08-05 18:46:44.148 31004  5669 I art     : Starting a blocking GC Explicit
08-05 18:46:44.162 31004  5669 I art     : Explicit concurrent mark sweep GC freed 20(704B) AllocSpace objects, 0(0B) LOS objects, 34% free, 30MB/46MB, paused 312us total 14.281ms
08-05 18:46:44.169 31004  5669 I art     : Starting a blocking GC Explicit
08-05 18:46:44.183 31004  5669 I art     : Explicit concurrent mark sweep GC freed 3(96B) AllocSpace objects, 0(0B) LOS objects, 34% free, 30MB/46MB, paused 293us total 13.523ms
08-05 18:46:44.190 31004  5669 I art     : Starting a blocking GC Explicit
08-05 18:46:44.203 31004  5669 I art     : Explicit concurrent mark sweep GC freed 3(96B) AllocSpace objects, 0(0B) LOS objects, 34% free, 30MB/46MB, paused 300us total 12.824ms
08-05 18:46:44.209 31004  5669 I art     : Starting a blocking GC Explicit
08-05 18:46:44.222 31004  5669 I art     : Explicit concurrent mark sweep GC freed 3(96B) AllocSpace objects, 0(0B) LOS objects, 34% free, 30MB/46MB, paused 285us total 12.809ms
08-05 18:46:44.519 31004 31016 I art     : Starting a blocking GC Explicit
08-05 18:46:44.536 31004 31016 I art     : Explicit concurrent mark sweep GC freed 1389(80KB) AllocSpace objects, 1(20KB) LOS objects, 34% free, 30MB/46MB, paused 382us total 16.314ms
08-05 18:46:44.542 31004 31016 I art     : Starting a blocking GC Explicit
08-05 18:46:44.557 31004 31016 I art     : Explicit concurrent mark sweep GC freed 20(704B) AllocSpace objects, 0(0B) LOS objects, 34% free, 30MB/46MB, paused 392us total 14.196ms
08-05 18:46:44.562 31004 31016 I art     : Starting a blocking GC Explicit
08-05 18:46:44.576 31004 31016 I art     : Explicit concurrent mark sweep GC freed 3(96B) AllocSpace objects, 0(0B) LOS objects, 34% free, 30MB/46MB, paused 313us total 13.524ms
08-05 18:46:44.582 31004 31016 I art     : Starting a blocking GC Explicit
08-05 18:46:44.597 31004 31016 I art     : Explicit concurrent mark sweep GC freed 3(96B) AllocSpace objects, 0(0B) LOS objects, 34% free, 30MB/46MB, paused 410us total 14.457ms
08-05 18:46:44.603 31004 31016 I art     : Starting a blocking GC Explicit
08-05 18:46:44.618 31004 31016 I art     : Explicit concurrent mark sweep GC freed 3(96B) AllocSpace objects, 0(0B) LOS objects, 34% free, 30MB/46MB, paused 316us total 14.652ms
08-05 18:46:44.907 31004  5910 I art     : Starting a blocking GC Explicit
08-05 18:46:44.924 31004  5910 I art     : Explicit concurrent mark sweep GC freed 1389(80KB) AllocSpace objects, 1(20KB) LOS objects, 34% free, 30MB/46MB, paused 335us total 16.473ms
08-05 18:46:44.931 31004  5910 I art     : Starting a blocking GC Explicit
08-05 18:46:44.946 31004  5910 I art     : Explicit concurrent mark sweep GC freed 20(704B) AllocSpace objects, 0(0B) LOS objects, 34% free, 30MB/46MB, paused 317us total 14.999ms
08-05 18:46:44.953 31004  5910 I art     : Starting a blocking GC Explicit
08-05 18:46:44.968 31004  5910 I art     : Explicit concurrent mark sweep GC freed 3(96B) AllocSpace objects, 0(0B) LOS objects, 34% free, 30MB/46MB, paused 328us total 14.876ms
08-05 18:46:44.974 31004  5910 I art     : Starting a blocking GC Explicit
08-05 18:46:44.989 31004  5910 I art     : Explicit concurrent mark sweep GC freed 3(96B) AllocSpace objects, 0(0B) LOS objects, 34% free, 30MB/46MB, paused 341us total 15.045ms
08-05 18:46:44.996 31004  5910 I art     : Starting a blocking GC Explicit
08-05 18:46:45.010 31004  5910 I art     : Explicit concurrent mark sweep GC freed 3(96B) AllocSpace objects, 0(0B) LOS objects, 34% free, 30MB/46MB, paused 319us total 14.563ms
08-05 18:46:45.319 31004 31015 I art     : Starting a blocking GC Explicit
08-05 18:46:45.337 31004 31015 I art     : Explicit concurrent mark sweep GC freed 1389(80KB) AllocSpace objects, 1(20KB) LOS objects, 34% free, 30MB/46MB, paused 365us total 18.340ms
08-05 18:46:45.348 31004 31015 I art     : Starting a blocking GC Explicit
08-05 18:46:45.363 31004 31015 I art     : Explicit concurrent mark sweep GC freed 20(704B) AllocSpace objects, 0(0B) LOS objects, 34% free, 30MB/46MB, paused 331us total 14.164ms
08-05 18:46:45.369 31004 31015 I art     : Starting a blocking GC Explicit
08-05 18:46:45.383 31004 31015 I art     : Explicit concurrent mark sweep GC freed 3(96B) AllocSpace objects, 0(0B) LOS objects, 34% free, 30MB/46MB, paused 335us total 14.289ms
08-05 18:46:45.390 31004 31015 I art     : Starting a blocking GC Explicit
08-05 18:46:45.404 31004 31015 I art     : Explicit concurrent mark sweep GC freed 3(96B) AllocSpace objects, 0(0B) LOS objects, 34% free, 30MB/46MB, paused 301us total 14.327ms
08-05 18:46:45.410 31004 31015 I art     : Starting a blocking GC Explicit
08-05 18:46:45.425 31004 31015 I art     : Explicit concurrent mark sweep GC freed 3(96B) AllocSpace objects, 0(0B) LOS objects, 34% free, 30MB/46MB, paused 313us total 14.308ms
08-05 18:46:45.739 31004  5669 I art     : Starting a blocking GC Explicit
08-05 18:46:45.757 31004  5669 I art     : Explicit concurrent mark sweep GC freed 1389(80KB) AllocSpace objects, 1(20KB) LOS objects, 34% free, 30MB/46MB, paused 472us total 18.316ms
08-05 18:46:45.768 31004  5669 I art     : Starting a blocking GC Explicit
08-05 18:46:45.783 31004  5669 I art     : Explicit concurrent mark sweep GC freed 20(704B) AllocSpace objects, 0(0B) LOS objects, 34% free, 30MB/46MB, paused 323us total 14.295ms
08-05 18:46:45.789 31004  5669 I art     : Starting a blocking GC Explicit
08-05 18:46:45.803 31004  5669 I art     : Explicit concurrent mark sweep GC freed 3(96B) AllocSpace objects, 0(0B) LOS objects, 34% free, 30MB/46MB, paused 312us total 14.418ms
08-05 18:46:45.810 31004  5669 I art     : Starting a blocking GC Explicit
08-05 18:46:45.824 31004  5669 I art     : Explicit concurrent mark sweep GC freed 3(96B) AllocSpace objects, 0(0B) LOS objects, 34% free, 30MB/46MB, paused 310us total 14.328ms
08-05 18:46:45.831 31004  5669 I art     : Starting a blocking GC Explicit
08-05 18:46:45.845 31004  5669 I art     : Explicit concurrent mark sweep GC freed 3(96B) AllocSpace objects, 0(0B) LOS objects, 34% free, 30MB/46MB, paused 312us total 14.280ms
08-05 18:46:46.148 31004 31016 I art     : Starting a blocking GC Explicit
08-05 18:46:46.167 31004 31016 I art     : Explicit concurrent mark sweep GC freed 1389(80KB) AllocSpace objects, 1(20KB) LOS objects, 34% free, 30MB/46MB, paused 367us total 18.580ms
08-05 18:46:46.174 31004 31016 I art     : Starting a blocking GC Explicit
08-05 18:46:46.190 31004 31016 I art     : Explicit concurrent mark sweep GC freed 20(704B) AllocSpace objects, 0(0B) LOS objects, 34% free, 30MB/46MB, paused 356us total 15.479ms
08-05 18:46:46.197 31004 31016 I art     : Starting a blocking GC Explicit
08-05 18:46:46.212 31004 31016 I art     : Explicit concurrent mark sweep GC freed 3(96B) AllocSpace objects, 0(0B) LOS objects, 34% free, 30MB/46MB, paused 322us total 14.803ms
08-05 18:46:46.218 31004 31016 I art     : Starting a blocking GC Explicit
08-05 18:46:46.233 31004 31016 I art     : Explicit concurrent mark sweep GC freed 3(96B) AllocSpace objects, 0(0B) LOS objects, 34% free, 30MB/46MB, paused 362us total 14.702ms
08-05 18:46:46.239 31004 31016 I art     : Starting a blocking GC Explicit
08-05 18:46:46.255 31004 31016 I art     : Explicit concurrent mark sweep GC freed 3(96B) AllocSpace objects, 0(0B) LOS objects, 34% free, 30MB/46MB, paused 309us total 14.859ms
08-05 18:46:46.576 31004  5910 I art     : Starting a blocking GC Explicit
08-05 18:46:46.595 31004  5910 I art     : Explicit concurrent mark sweep GC freed 1389(80KB) AllocSpace objects, 1(20KB) LOS objects, 34% free, 30MB/46MB, paused 347us total 18.733ms
08-05 18:46:46.606 31004  5910 I art     : Starting a blocking GC Explicit
08-05 18:46:46.620 31004  5910 I art     : Explicit concurrent mark sweep GC freed 20(704B) AllocSpace objects, 0(0B) LOS objects, 34% free, 30MB/46MB, paused 327us total 14.605ms
08-05 18:46:46.627 31004  5910 I art     : Starting a blocking GC Explicit
08-05 18:46:46.641 31004  5910 I art     : Explicit concurrent mark sweep GC freed 3(96B) AllocSpace objects, 0(0B) LOS objects, 34% free, 30MB/46MB, paused 315us total 14.489ms
08-05 18:46:46.648 31004  5910 I art     : Starting a blocking GC Explicit
08-05 18:46:46.662 31004  5910 I art     : Explicit concurrent mark sweep GC freed 3(96B) AllocSpace objects, 0(0B) LOS objects, 34% free, 30MB/46MB, paused 318us total 14.257ms
08-05 18:46:46.668 31004  5910 I art     : Starting a blocking GC Explicit
08-05 18:46:46.683 31004  5910 I art     : Explicit concurrent mark sweep GC freed 3(96B) AllocSpace objects, 0(0B) LOS objects, 34% free, 30MB/46MB, paused 321us total 14.324ms
08-05 18:46:46.997 31004 31015 I art     : Starting a blocking GC Explicit
08-05 18:46:47.016 31004 31015 I art     : Explicit concurrent mark sweep GC freed 1389(80KB) AllocSpace objects, 1(20KB) LOS objects, 34% free, 30MB/46MB, paused 604us total 18.698ms
08-05 18:46:47.026 31004 31015 I art     : Starting a blocking GC Explicit
08-05 18:46:47.041 31004 31015 I art     : Explicit concurrent mark sweep GC freed 20(704B) AllocSpace objects, 0(0B) LOS objects, 34% free, 30MB/46MB, paused 320us total 14.649ms
08-05 18:46:47.047 31004 31015 I art     : Starting a blocking GC Explicit
08-05 18:46:47.061 31004 31015 I art     : Explicit concurrent mark sweep GC freed 3(96B) AllocSpace objects, 0(0B) LOS objects, 34% free, 30MB/46MB, paused 317us total 14.280ms
08-05 18:46:47.068 31004 31015 I art     : Starting a blocking GC Explicit
08-05 18:46:47.082 31004 31015 I art     : Explicit concurrent mark sweep GC freed 3(96B) AllocSpace objects, 0(0B) LOS objects, 34% free, 30MB/46MB, paused 322us total 14.323ms
08-05 18:46:47.089 31004 31015 I art     : Starting a blocking GC Explicit
08-05 18:46:47.103 31004 31015 I art     : Explicit concurrent mark sweep GC freed 3(96B) AllocSpace objects, 0(0B) LOS objects, 34% free, 30MB/46MB, paused 320us total 14.653ms
08-05 18:46:47.398 31004  5669 I art     : Starting a blocking GC Explicit
08-05 18:46:47.416 31004  5669 I art     : Explicit concurrent mark sweep GC freed 1389(80KB) AllocSpace objects, 1(20KB) LOS objects, 34% free, 30MB/46MB, paused 347us total 17.554ms
08-05 18:46:47.425 31004  5669 I art     : Starting a blocking GC Explicit
08-05 18:46:47.440 31004  5669 I art     : Explicit concurrent mark sweep GC freed 20(704B) AllocSpace objects, 0(0B) LOS objects, 34% free, 30MB/46MB, paused 327us total 15.266ms
08-05 18:46:47.447 31004  5669 I art     : Starting a blocking GC Explicit
08-05 18:46:47.462 31004  5669 I art     : Explicit concurrent mark sweep GC freed 3(96B) AllocSpace objects, 0(0B) LOS objects, 34% free, 30MB/46MB, paused 319us total 14.719ms
08-05 18:46:47.469 31004  5669 I art     : Starting a blocking GC Explicit
08-05 18:46:47.484 31004  5669 I art     : Explicit concurrent mark sweep GC freed 3(96B) AllocSpace objects, 0(0B) LOS objects, 34% free, 30MB/46MB, paused 334us total 14.867ms
08-05 18:46:47.490 31004  5669 I art     : Starting a blocking GC Explicit
08-05 18:46:47.505 31004  5669 I art     : Explicit concurrent mark sweep GC freed 3(96B) AllocSpace objects, 0(0B) LOS objects, 34% free, 30MB/46MB, paused 307us total 14.964ms
08-05 18:46:47.814 31004 31016 I art     : Starting a blocking GC Explicit
08-05 18:46:47.831 31004 31016 I art     : Explicit concurrent mark sweep GC freed 1389(80KB) AllocSpace objects, 1(20KB) LOS objects, 34% free, 30MB/46MB, paused 356us total 16.749ms
08-05 18:46:47.838 31004 31016 I art     : Starting a blocking GC Explicit
08-05 18:46:47.853 31004 31016 I art     : Explicit concurrent mark sweep GC freed 20(704B) AllocSpace objects, 0(0B) LOS objects, 34% free, 30MB/46MB, paused 323us total 15.014ms
08-05 18:46:47.859 31004 31016 I art     : Starting a blocking GC Explicit
08-05 18:46:47.874 31004 31016 I art     : Explicit concurrent mark sweep GC freed 3(96B) AllocSpace objects, 0(0B) LOS objects, 34% free, 30MB/46MB, paused 335us total 14.458ms
08-05 18:46:47.881 31004 31016 I art     : Starting a blocking GC Explicit
08-05 18:46:47.895 31004 31016 I art     : Explicit concurrent mark sweep GC freed 3(96B) AllocSpace objects, 0(0B) LOS objects, 34% free, 30MB/46MB, paused 360us total 14.051ms
08-05 18:46:47.901 31004 31016 I art     : Starting a blocking GC Explicit
08-05 18:46:47.916 31004 31016 I art     : Explicit concurrent mark sweep GC freed 3(96B) AllocSpace objects, 0(0B) LOS objects, 34% free, 30MB/46MB, paused 320us total 14.333ms
08-05 18:46:48.092  6175  6175 D AndroidRuntime: >>>>>> START com.android.internal.os.RuntimeInit uid 2000 <<<<<<
08-05 18:46:48.097  6175  6175 D AndroidRuntime: CheckJNI is OFF
08-05 18:46:48.121  6175  6175 D ICU     : No timezone override file found: /data/misc/zoneinfo/current/icu/icu_tzdata.dat
08-05 18:46:48.146  6175  6175 I Radio-JNI: register_android_hardware_Radio DONE
08-05 18:46:48.162  6175  6175 D AndroidRuntime: Calling main entry com.android.commands.input.Input
08-05 18:46:48.164  6175  6175 I Input   : injectMotionEvent: MotionEvent { action=ACTION_DOWN, actionButton=0, id[0]=0, x[0]=436.0, y[0]=453.0, toolType[0]=TOOL_TYPE_UNKNOWN, buttonState=0, metaState=0, flags=0x0, edgeFlags=0x0, pointerCount=1, historySize=0, eventTime=816424577, downTime=816424577, deviceId=0, source=0x1002 }
08-05 18:46:48.183  6175  6175 I Input   : injectMotionEvent: MotionEvent { action=ACTION_UP, actionButton=0, id[0]=0, x[0]=436.0, y[0]=453.0, toolType[0]=TOOL_TYPE_UNKNOWN, buttonState=0, metaState=0, flags=0x0, edgeFlags=0x0, pointerCount=1, historySize=0, eventTime=816424577, downTime=816424577, deviceId=0, source=0x1002 }
08-05 18:46:48.186  6175  6175 D AndroidRuntime: Shutting down VM
08-05 18:46:48.194   918  3961 I ActivityManager: START u0 {cmp=baseline.com.newsblur/.activity.GlobalSharedStoriesReading (has extras)} from uid 10676 on display 0
08-05 18:46:48.194   512  2967 D audio_hw_primary: out_set_parameters: enter: usecase(1: low-latency-playback) kvpairs: routing=2
08-05 18:46:48.206 31004 31016 I art     : Starting a blocking GC Explicit
08-05 18:46:48.207   512  2967 D audio_hw_primary: select_devices: out_snd_device(2: speaker) in_snd_device(0: none)
08-05 18:46:48.208   512  2967 D msm8974_platform: platform_send_audio_calibration: sending audio calibration for snd_device(2) acdb_id(15)
08-05 18:46:48.208   512  2967 I soundtrigger: audio_extn_sound_trigger_update_device_status: device 0x2 of type 0 for Event 1
08-05 18:46:48.218   512  2967 D audio_hw_primary: enable_snd_device: snd_device(2: speaker)
08-05 18:46:48.219   512  2967 D audio_hw_primary: enable_audio_route: apply and update mixer path: low-latency-playback speaker
08-05 18:46:48.227 31004 31016 I art     : Explicit concurrent mark sweep GC freed 2067(171KB) AllocSpace objects, 3(60KB) LOS objects, 34% free, 30MB/46MB, paused 488us total 20.268ms
08-05 18:46:48.234 31004 31016 I art     : Starting a blocking GC Explicit
08-05 18:46:48.249 31004 31016 I art     : Explicit concurrent mark sweep GC freed 156(8KB) AllocSpace objects, 0(0B) LOS objects, 33% free, 31MB/47MB, paused 533us total 14.889ms
08-05 18:46:48.255 31004 31016 I art     : Starting a blocking GC Explicit
08-05 18:46:48.274 31004 31016 I art     : Explicit concurrent mark sweep GC freed 909(86KB) AllocSpace objects, 1(112KB) LOS objects, 33% free, 31MB/47MB, paused 606us total 19.278ms
08-05 18:46:48.281 31004 31016 I art     : Starting a blocking GC Explicit
08-05 18:46:48.295 31004 31016 I art     : Explicit concurrent mark sweep GC freed 335(33KB) AllocSpace objects, 1(356KB) LOS objects, 33% free, 32MB/48MB, paused 409us total 14.631ms
08-05 18:46:48.302 31004 31016 I art     : Starting a blocking GC Explicit
08-05 18:46:48.317 31004 31016 I art     : Explicit concurrent mark sweep GC freed 85(4KB) AllocSpace objects, 0(0B) LOS objects, 33% free, 32MB/48MB, paused 386us total 15.263ms
08-05 18:46:48.405   918   936 I ActivityManager: Displayed baseline.com.newsblur/.activity.GlobalSharedStoriesReading: +204ms
08-05 18:46:48.406 13866 13866 I GoogleInputMethodServic: GoogleInputMethodService.onFinishInput():3138 
08-05 18:46:48.407 13866 13866 I GoogleInputMethodServic: GoogleInputMethodService.onStartInput():1808 
08-05 18:46:48.417 31004 31004 I WebViewFactory: Loading com.google.android.webview version 84.0.4147.89 (code 414708953)
08-05 18:46:48.486 31004 31004 I cr_LibraryLoader: Loaded native library version number "84.0.4147.89"
08-05 18:46:48.487 31004 31004 I cr_CachingUmaRecorder: Flushed 5 samples from 5 histograms.
08-05 18:46:48.515 31004 31004 E chromium: [ERROR:filesystem_posix.cc(62)] mkdir /data/user/0/baseline.com.newsblur/cache/WebView/Crashpad: No such file or directory (2)
08-05 18:46:48.546 31004 31016 I art     : Starting a blocking GC Explicit
08-05 18:46:48.573 31004 31016 I art     : Explicit concurrent mark sweep GC freed 7600(804KB) AllocSpace objects, 6(120KB) LOS objects, 31% free, 34MB/50MB, paused 584us total 26.055ms
08-05 18:46:48.582 31004 31016 I art     : Starting a blocking GC Explicit
08-05 18:46:48.599   918  6111 D ConnectivityService: listenForNetwork for Listen from uid/pid:10676/31004 for NetworkRequest [ id=3499, legacyType=-1, [ Capabilities: INTERNET&NOT_RESTRICTED&TRUSTED] ]
08-05 18:46:48.602 31004 31016 I art     : Explicit concurrent mark sweep GC freed 1096(79KB) AllocSpace objects, 0(0B) LOS objects, 31% free, 34MB/50MB, paused 1.092ms total 19.633ms
08-05 18:46:48.609 31004 31016 I art     : Starting a blocking GC Explicit
08-05 18:46:48.627 31004 31016 I art     : Explicit concurrent mark sweep GC freed 375(69KB) AllocSpace objects, 0(0B) LOS objects, 31% free, 35MB/51MB, paused 769us total 18.632ms
08-05 18:46:48.635 31004 31016 I art     : Starting a blocking GC Explicit
08-05 18:46:48.655 31004 31016 I art     : Explicit concurrent mark sweep GC freed 1088(82KB) AllocSpace objects, 1(20KB) LOS objects, 30% free, 36MB/52MB, paused 997us total 19.543ms
08-05 18:46:48.664 31004 31016 I art     : Starting a blocking GC Explicit
08-05 18:46:48.685 31004 31016 I art     : Explicit concurrent mark sweep GC freed 1471(76KB) AllocSpace objects, 1(20KB) LOS objects, 30% free, 36MB/52MB, paused 2.295ms total 20.914ms
08-05 18:46:48.707 31004  6223 W cr_media: Requires BLUETOOTH permission
08-05 18:46:48.717 31004  6238 E libEGL  : validate_display:255 error 3008 (EGL_BAD_DISPLAY)
08-05 18:46:48.759   512  2967 D audio_hw_primary: disable_audio_route: reset and update mixer path: low-latency-playback speaker
08-05 18:46:48.760   512  2967 D audio_hw_primary: disable_snd_device: snd_device(2: speaker)
08-05 18:46:48.769   512  2967 I soundtrigger: audio_extn_sound_trigger_update_device_status: device 0x2 of type 0 for Event 0
08-05 18:46:48.954 31004  5910 I art     : Starting a blocking GC Explicit
08-05 18:46:48.986 31004  5910 I art     : Explicit concurrent mark sweep GC freed 21132(1222KB) AllocSpace objects, 19(432KB) LOS objects, 30% free, 36MB/52MB, paused 892us total 31.925ms
08-05 18:46:48.993 31004  5910 I art     : Starting a blocking GC Explicit
08-05 18:46:49.012 31004  5910 I art     : Explicit concurrent mark sweep GC freed 1222(52KB) AllocSpace objects, 1(28KB) LOS objects, 30% free, 36MB/52MB, paused 732us total 19.125ms
08-05 18:46:49.019 31004  5910 I art     : Starting a blocking GC Explicit
08-05 18:46:49.038 31004  5910 I art     : Explicit concurrent mark sweep GC freed 3(96B) AllocSpace objects, 0(0B) LOS objects, 30% free, 36MB/52MB, paused 858us total 19.325ms
08-05 18:46:49.046 31004  5910 I art     : Starting a blocking GC Explicit
08-05 18:46:49.067 31004  5910 I art     : Explicit concurrent mark sweep GC freed 3(96B) AllocSpace objects, 0(0B) LOS objects, 30% free, 36MB/52MB, paused 807us total 20.550ms
08-05 18:46:49.074 31004  5910 I art     : Starting a blocking GC Explicit
08-05 18:46:49.094 31004  5910 I art     : Explicit concurrent mark sweep GC freed 2708(108KB) AllocSpace objects, 0(0B) LOS objects, 30% free, 36MB/52MB, paused 885us total 19.888ms
08-05 18:46:49.385 31004  5910 I art     : Starting a blocking GC Explicit
08-05 18:46:49.410 31004  5910 I art     : Explicit concurrent mark sweep GC freed 5150(284KB) AllocSpace objects, 4(220KB) LOS objects, 30% free, 36MB/52MB, paused 984us total 24.713ms
08-05 18:46:49.417 31004  5910 I art     : Starting a blocking GC Explicit
08-05 18:46:49.430 31004  6247 E baseline.com.newsblur.network.APIResponse: Error (unexpected end of stream on https://www.newsblur.com/...) calling https://www.newsblur.com/reader/mark_story_hashes_as_read/
08-05 18:46:49.430 31004  6247 E baseline.com.newsblur.network.APIResponse: java.io.IOException: unexpected end of stream on https://www.newsblur.com/...
08-05 18:46:49.430 31004  6247 E baseline.com.newsblur.network.APIResponse: 	at okhttp3.internal.http1.Http1ExchangeCodec.readResponseHeaders(Http1ExchangeCodec.java:236)
08-05 18:46:49.430 31004  6247 E baseline.com.newsblur.network.APIResponse: 	at okhttp3.internal.connection.Exchange.readResponseHeaders(Exchange.java:115)
08-05 18:46:49.430 31004  6247 E baseline.com.newsblur.network.APIResponse: 	at okhttp3.internal.http.CallServerInterceptor.intercept(CallServerInterceptor.java:94)
08-05 18:46:49.430 31004  6247 E baseline.com.newsblur.network.APIResponse: 	at okhttp3.internal.http.RealInterceptorChain.proceed(RealInterceptorChain.java:142)
08-05 18:46:49.430 31004  6247 E baseline.com.newsblur.network.APIResponse: 	at okhttp3.internal.connection.ConnectInterceptor.intercept(ConnectInterceptor.java:43)
08-05 18:46:49.430 31004  6247 E baseline.com.newsblur.network.APIResponse: 	at okhttp3.internal.http.RealInterceptorChain.proceed(RealInterceptorChain.java:142)
08-05 18:46:49.430 31004  6247 E baseline.com.newsblur.network.APIResponse: 	at okhttp3.internal.http.RealInterceptorChain.proceed(RealInterceptorChain.java:117)
08-05 18:46:49.430 31004  6247 E baseline.com.newsblur.network.APIResponse: 	at okhttp3.internal.cache.CacheInterceptor.intercept(CacheInterceptor.java:94)
08-05 18:46:49.430 31004  6247 E baseline.com.newsblur.network.APIResponse: 	at okhttp3.internal.http.RealInterceptorChain.proceed(RealInterceptorChain.java:142)
08-05 18:46:49.430 31004  6247 E baseline.com.newsblur.network.APIResponse: 	at okhttp3.internal.http.RealInterceptorChain.proceed(RealInterceptorChain.java:117)
08-05 18:46:49.430 31004  6247 E baseline.com.newsblur.network.APIResponse: 	at okhttp3.internal.http.BridgeInterceptor.intercept(BridgeInterceptor.java:93)
08-05 18:46:49.430 31004  6247 E baseline.com.newsblur.network.APIResponse: 	at okhttp3.internal.http.RealInterceptorChain.proceed(RealInterceptorChain.java:142)
08-05 18:46:49.430 31004  6247 E baseline.com.newsblur.network.APIResponse: 	at okhttp3.internal.http.RetryAndFollowUpInterceptor.intercept(RetryAndFollowUpInterceptor.java:88)
08-05 18:46:49.430 31004  6247 E baseline.com.newsblur.network.APIResponse: 	at okhttp3.internal.http.RealInterceptorChain.proceed(RealInterceptorChain.java:142)
08-05 18:46:49.430 31004  6247 E baseline.com.newsblur.network.APIResponse: 	at okhttp3.internal.http.RealInterceptorChain.proceed(RealInterceptorChain.java:117)
08-05 18:46:49.430 31004  6247 E baseline.com.newsblur.network.APIResponse: 	at okhttp3.RealCall.getResponseWithInterceptorChain(RealCall.java:229)
08-05 18:46:49.430 31004  6247 E baseline.com.newsblur.network.APIResponse: 	at okhttp3.RealCall.execute(RealCall.java:81)
08-05 18:46:49.430 31004  6247 E baseline.com.newsblur.network.APIResponse: 	at baseline.com.newsblur.network.APIResponse.<init>(APIResponse.java:57)
08-05 18:46:49.430 31004  6247 E baseline.com.newsblur.network.APIResponse: 	at baseline.com.newsblur.network.APIResponse.<init>(APIResponse.java:43)
08-05 18:46:49.430 31004  6247 E baseline.com.newsblur.network.APIResponse: 	at baseline.com.newsblur.network.APIManager.post_single(APIManager.java:702)
08-05 18:46:49.430 31004  6247 E baseline.com.newsblur.network.APIResponse: 	at baseline.com.newsblur.network.APIManager.post(APIManager.java:675)
08-05 18:46:49.430 31004  6247 E baseline.com.newsblur.network.APIResponse: 	at baseline.com.newsblur.network.APIManager.post(APIManager.java:714)
08-05 18:46:49.430 31004  6247 E baseline.com.newsblur.network.APIResponse: 	at baseline.com.newsblur.network.APIManager.markStoryAsRead(APIManager.java:205)
08-05 18:46:49.430 31004  6247 E baseline.com.newsblur.network.APIResponse: 	at baseline.com.newsblur.util.ReadingAction.doRemote(ReadingAction.java:281)
08-05 18:46:49.430 31004  6247 E baseline.com.newsblur.network.APIResponse: 	at baseline.com.newsblur.service.NBSyncService.syncActions(NBSyncService.java:400)
08-05 18:46:49.430 31004  6247 E baseline.com.newsblur.network.APIResponse: 	at baseline.com.newsblur.service.NBSyncService.doSync(NBSyncService.java:298)
08-05 18:46:49.430 31004  6247 E baseline.com.newsblur.network.APIResponse: 	at baseline.com.newsblur.service.NBSyncService.access$100(NBSyncService.java:67)
08-05 18:46:49.430 31004  6247 E baseline.com.newsblur.network.APIResponse: 	at baseline.com.newsblur.service.NBSyncService$1.run(NBSyncService.java:188)
08-05 18:46:49.430 31004  6247 E baseline.com.newsblur.network.APIResponse: 	at java.util.concurrent.ThreadPoolExecutor.runWorker(ThreadPoolExecutor.java:1113)
08-05 18:46:49.430 31004  6247 E baseline.com.newsblur.network.APIResponse: 	at java.util.concurrent.ThreadPoolExecutor$Worker.run(ThreadPoolExecutor.java:588)
08-05 18:46:49.430 31004  6247 E baseline.com.newsblur.network.APIResponse: 	at java.lang.Thread.run(Thread.java:818)
08-05 18:46:49.430 31004  6247 E baseline.com.newsblur.network.APIResponse: Caused by: java.io.EOFException: \n not found: limit=0 content=
08-05 18:46:49.430 31004  6247 E baseline.com.newsblur.network.APIResponse: 	at okio.RealBufferedSource.readUtf8LineStrict(RealBufferedSource.java:240)
08-05 18:46:49.430 31004  6247 E baseline.com.newsblur.network.APIResponse: 	at okhttp3.internal.http1.Http1ExchangeCodec.readHeaderLine(Http1ExchangeCodec.java:242)
08-05 18:46:49.430 31004  6247 E baseline.com.newsblur.network.APIResponse: 	at okhttp3.internal.http1.Http1ExchangeCodec.readResponseHeaders(Http1ExchangeCodec.java:213)
08-05 18:46:49.430 31004  6247 E baseline.com.newsblur.network.APIResponse: 	... 30 more
08-05 18:46:49.431 31004  6247 I baseline.com.newsblur.network.APIManager: API call failed, pausing before retry number 1
08-05 18:46:49.440 31004  5910 I art     : Explicit concurrent mark sweep GC freed 1810(314KB) AllocSpace objects, 2(40KB) LOS objects, 30% free, 36MB/52MB, paused 676us total 22.933ms
08-05 18:46:49.448 31004  5910 I art     : Starting a blocking GC Explicit
08-05 18:46:49.470 31004  5910 I art     : Explicit concurrent mark sweep GC freed 100(16KB) AllocSpace objects, 0(0B) LOS objects, 30% free, 36MB/52MB, paused 622us total 21.743ms
08-05 18:46:49.479 31004  5910 I art     : Starting a blocking GC Explicit
08-05 18:46:49.500 31004  5910 I art     : Explicit concurrent mark sweep GC freed 25(832B) AllocSpace objects, 0(0B) LOS objects, 30% free, 36MB/52MB, paused 642us total 21.300ms
08-05 18:46:49.509 31004  5910 I art     : Starting a blocking GC Explicit
08-05 18:46:49.531 31004  5910 I art     : Explicit concurrent mark sweep GC freed 3(96B) AllocSpace objects, 0(0B) LOS objects, 30% free, 36MB/52MB, paused 596us total 22.049ms
08-05 18:46:49.852   918  3261 D WifiStateMachine: starting scan for "H369AA63323"WPA_PSK with 2412,5180
08-05 18:46:49.855 31004 31016 I art     : Starting a blocking GC Explicit
08-05 18:46:49.883 31004 31016 I art     : Explicit concurrent mark sweep GC freed 1443(83KB) AllocSpace objects, 1(20KB) LOS objects, 30% free, 36MB/52MB, paused 581us total 27.272ms
08-05 18:46:49.892 31004 31016 I art     : Starting a blocking GC Explicit
08-05 18:46:49.920 31004 31016 I art     : Explicit concurrent mark sweep GC freed 31(1072B) AllocSpace objects, 0(0B) LOS objects, 30% free, 36MB/52MB, paused 1.298ms total 27.455ms
08-05 18:46:49.928 31004 31016 I art     : Starting a blocking GC Explicit
08-05 18:46:49.949 31004 31016 I art     : Explicit concurrent mark sweep GC freed 10(320B) AllocSpace objects, 0(0B) LOS objects, 30% free, 36MB/52MB, paused 555us total 21.242ms
08-05 18:46:49.957 31004 31016 I art     : Starting a blocking GC Explicit
08-05 18:46:49.979 31004 31016 I art     : Explicit concurrent mark sweep GC freed 11(352B) AllocSpace objects, 0(0B) LOS objects, 30% free, 36MB/52MB, paused 583us total 22ms
08-05 18:46:49.986 31004 31016 I art     : Starting a blocking GC Explicit
08-05 18:46:50.009 31004 31016 I art     : Explicit concurrent mark sweep GC freed 8(256B) AllocSpace objects, 0(0B) LOS objects, 30% free, 36MB/52MB, paused 955us total 22.931ms
08-05 18:46:50.322 31004 31015 I art     : Starting a blocking GC Explicit
08-05 18:46:50.350 31004 31015 I art     : Explicit concurrent mark sweep GC freed 1468(83KB) AllocSpace objects, 1(20KB) LOS objects, 30% free, 36MB/52MB, paused 575us total 27.296ms
08-05 18:46:50.359 31004 31015 I art     : Starting a blocking GC Explicit
08-05 18:46:50.385 31004 31015 I art     : Explicit concurrent mark sweep GC freed 22(784B) AllocSpace objects, 0(0B) LOS objects, 30% free, 36MB/52MB, paused 563us total 25.755ms
08-05 18:46:50.394 31004 31015 I art     : Starting a blocking GC Explicit
08-05 18:46:50.415 31004 31015 I art     : Explicit concurrent mark sweep GC freed 3(96B) AllocSpace objects, 0(0B) LOS objects, 30% free, 36MB/52MB, paused 560us total 21.505ms
08-05 18:46:50.424 31004 31015 I art     : Starting a blocking GC Explicit
08-05 18:46:50.446 31004 31015 I art     : Explicit concurrent mark sweep GC freed 3(96B) AllocSpace objects, 0(0B) LOS objects, 30% free, 36MB/52MB, paused 628us total 22.032ms
08-05 18:46:50.453 31004 31015 I art     : Starting a blocking GC Explicit
08-05 18:46:50.475 31004 31015 I art     : Explicit concurrent mark sweep GC freed 3(96B) AllocSpace objects, 0(0B) LOS objects, 30% free, 36MB/52MB, paused 644us total 22.249ms
08-05 18:46:50.768 31004  5669 I art     : Starting a blocking GC Explicit
08-05 18:46:50.791 31004  5669 I art     : Explicit concurrent mark sweep GC freed 1441(83KB) AllocSpace objects, 1(20KB) LOS objects, 30% free, 36MB/52MB, paused 642us total 22.791ms
08-05 18:46:50.800 31004  5669 I art     : Starting a blocking GC Explicit
08-05 18:46:50.822 31004  5669 I art     : Explicit concurrent mark sweep GC freed 22(784B) AllocSpace objects, 0(0B) LOS objects, 30% free, 36MB/52MB, paused 649us total 22.057ms
08-05 18:46:50.831 31004  5669 I art     : Starting a blocking GC Explicit
08-05 18:46:50.853 31004  5669 I art     : Explicit concurrent mark sweep GC freed 3(96B) AllocSpace objects, 0(0B) LOS objects, 30% free, 36MB/52MB, paused 638us total 22.720ms
08-05 18:46:50.862 31004  5669 I art     : Starting a blocking GC Explicit
08-05 18:46:50.883 31004  5669 I art     : Explicit concurrent mark sweep GC freed 3(96B) AllocSpace objects, 0(0B) LOS objects, 30% free, 36MB/52MB, paused 559us total 21.039ms
08-05 18:46:50.891 31004  5669 I art     : Starting a blocking GC Explicit
08-05 18:46:50.913 31004  5669 I art     : Explicit concurrent mark sweep GC freed 3(96B) AllocSpace objects, 0(0B) LOS objects, 30% free, 36MB/52MB, paused 570us total 22.014ms
08-05 18:46:51.234 31004  5669 I art     : Starting a blocking GC Explicit
08-05 18:46:51.258 31004  5669 I art     : Explicit concurrent mark sweep GC freed 1605(91KB) AllocSpace objects, 1(20KB) LOS objects, 30% free, 36MB/52MB, paused 716us total 23.474ms
08-05 18:46:51.266 31004  5669 I art     : Starting a blocking GC Explicit
08-05 18:46:51.288 31004  5669 I art     : Explicit concurrent mark sweep GC freed 28(1040B) AllocSpace objects, 0(0B) LOS objects, 30% free, 36MB/52MB, paused 764us total 21.735ms
08-05 18:46:51.296 31004  5669 I art     : Starting a blocking GC Explicit
08-05 18:46:51.318 31004  5669 I art     : Explicit concurrent mark sweep GC freed 3(96B) AllocSpace objects, 0(0B) LOS objects, 30% free, 36MB/52MB, paused 585us total 21.558ms
08-05 18:46:51.326 31004  5669 I art     : Starting a blocking GC Explicit
08-05 18:46:51.348 31004  5669 I art     : Explicit concurrent mark sweep GC freed 3(96B) AllocSpace objects, 0(0B) LOS objects, 30% free, 36MB/52MB, paused 586us total 21.837ms
08-05 18:46:51.356 31004  5669 I art     : Starting a blocking GC Explicit
08-05 18:46:51.378 31004  5669 I art     : Explicit concurrent mark sweep GC freed 622(25KB) AllocSpace objects, 0(0B) LOS objects, 30% free, 36MB/52MB, paused 917us total 22.469ms
08-05 18:46:51.435 31004  6247 E baseline.com.newsblur.network.APIResponse: Error (unexpected end of stream on https://www.newsblur.com/...) calling https://www.newsblur.com/reader/mark_story_hashes_as_read/
08-05 18:46:51.435 31004  6247 E baseline.com.newsblur.network.APIResponse: java.io.IOException: unexpected end of stream on https://www.newsblur.com/...
08-05 18:46:51.435 31004  6247 E baseline.com.newsblur.network.APIResponse: 	at okhttp3.internal.http1.Http1ExchangeCodec.readResponseHeaders(Http1ExchangeCodec.java:236)
08-05 18:46:51.435 31004  6247 E baseline.com.newsblur.network.APIResponse: 	at okhttp3.internal.connection.Exchange.readResponseHeaders(Exchange.java:115)
08-05 18:46:51.435 31004  6247 E baseline.com.newsblur.network.APIResponse: 	at okhttp3.internal.http.CallServerInterceptor.intercept(CallServerInterceptor.java:94)
08-05 18:46:51.435 31004  6247 E baseline.com.newsblur.network.APIResponse: 	at okhttp3.internal.http.RealInterceptorChain.proceed(RealInterceptorChain.java:142)
08-05 18:46:51.435 31004  6247 E baseline.com.newsblur.network.APIResponse: 	at okhttp3.internal.connection.ConnectInterceptor.intercept(ConnectInterceptor.java:43)
08-05 18:46:51.435 31004  6247 E baseline.com.newsblur.network.APIResponse: 	at okhttp3.internal.http.RealInterceptorChain.proceed(RealInterceptorChain.java:142)
08-05 18:46:51.435 31004  6247 E baseline.com.newsblur.network.APIResponse: 	at okhttp3.internal.http.RealInterceptorChain.proceed(RealInterceptorChain.java:117)
08-05 18:46:51.435 31004  6247 E baseline.com.newsblur.network.APIResponse: 	at okhttp3.internal.cache.CacheInterceptor.intercept(CacheInterceptor.java:94)
08-05 18:46:51.435 31004  6247 E baseline.com.newsblur.network.APIResponse: 	at okhttp3.internal.http.RealInterceptorChain.proceed(RealInterceptorChain.java:142)
08-05 18:46:51.435 31004  6247 E baseline.com.newsblur.network.APIResponse: 	at okhttp3.internal.http.RealInterceptorChain.proceed(RealInterceptorChain.java:117)
08-05 18:46:51.435 31004  6247 E baseline.com.newsblur.network.APIResponse: 	at okhttp3.internal.http.BridgeInterceptor.intercept(BridgeInterceptor.java:93)
08-05 18:46:51.435 31004  6247 E baseline.com.newsblur.network.APIResponse: 	at okhttp3.internal.http.RealInterceptorChain.proceed(RealInterceptorChain.java:142)
08-05 18:46:51.435 31004  6247 E baseline.com.newsblur.network.APIResponse: 	at okhttp3.internal.http.RetryAndFollowUpInterceptor.intercept(RetryAndFollowUpInterceptor.java:88)
08-05 18:46:51.435 31004  6247 E baseline.com.newsblur.network.APIResponse: 	at okhttp3.internal.http.RealInterceptorChain.proceed(RealInterceptorChain.java:142)
08-05 18:46:51.435 31004  6247 E baseline.com.newsblur.network.APIResponse: 	at okhttp3.internal.http.RealInterceptorChain.proceed(RealInterceptorChain.java:117)
08-05 18:46:51.435 31004  6247 E baseline.com.newsblur.network.APIResponse: 	at okhttp3.RealCall.getResponseWithInterceptorChain(RealCall.java:229)
08-05 18:46:51.435 31004  6247 E baseline.com.newsblur.network.APIResponse: 	at okhttp3.RealCall.execute(RealCall.java:81)
08-05 18:46:51.435 31004  6247 E baseline.com.newsblur.network.APIResponse: 	at baseline.com.newsblur.network.APIResponse.<init>(APIResponse.java:57)
08-05 18:46:51.435 31004  6247 E baseline.com.newsblur.network.APIResponse: 	at baseline.com.newsblur.network.APIResponse.<init>(APIResponse.java:43)
08-05 18:46:51.435 31004  6247 E baseline.com.newsblur.network.APIResponse: 	at baseline.com.newsblur.network.APIManager.post_single(APIManager.java:702)
08-05 18:46:51.435 31004  6247 E baseline.com.newsblur.network.APIResponse: 	at baseline.com.newsblur.network.APIManager.post(APIManager.java:675)
08-05 18:46:51.435 31004  6247 E baseline.com.newsblur.network.APIResponse: 	at baseline.com.newsblur.network.APIManager.post(APIManager.java:714)
08-05 18:46:51.435 31004  6247 E baseline.com.newsblur.network.APIResponse: 	at baseline.com.newsblur.network.APIManager.markStoryAsRead(APIManager.java:205)
08-05 18:46:51.435 31004  6247 E baseline.com.newsblur.network.APIResponse: 	at baseline.com.newsblur.util.ReadingAction.doRemote(ReadingAction.java:281)
08-05 18:46:51.435 31004  6247 E baseline.com.newsblur.network.APIResponse: 	at baseline.com.newsblur.service.NBSyncService.syncActions(NBSyncService.java:400)
08-05 18:46:51.435 31004  6247 E baseline.com.newsblur.network.APIResponse: 	at baseline.com.newsblur.service.NBSyncService.doSync(NBSyncService.java:298)
08-05 18:46:51.435 31004  6247 E baseline.com.newsblur.network.APIResponse: 	at baseline.com.newsblur.service.NBSyncService.access$100(NBSyncService.java:67)
08-05 18:46:51.435 31004  6247 E baseline.com.newsblur.network.APIResponse: 	at baseline.com.newsblur.service.NBSyncService$1.run(NBSyncService.java:188)
08-05 18:46:51.435 31004  6247 E baseline.com.newsblur.network.APIResponse: 	at java.util.concurrent.ThreadPoolExecutor.runWorker(ThreadPoolExecutor.java:1113)
08-05 18:46:51.435 31004  6247 E baseline.com.newsblur.network.APIResponse: 	at java.util.concurrent.ThreadPoolExecutor$Worker.run(ThreadPoolExecutor.java:588)
08-05 18:46:51.435 31004  6247 E baseline.com.newsblur.network.APIResponse: 	at java.lang.Thread.run(Thread.java:818)
08-05 18:46:51.435 31004  6247 E baseline.com.newsblur.network.APIResponse: Caused by: java.io.EOFException: \n not found: limit=0 content=
08-05 18:46:51.435 31004  6247 E baseline.com.newsblur.network.APIResponse: 	at okio.RealBufferedSource.readUtf8LineStrict(RealBufferedSource.java:240)
08-05 18:46:51.435 31004  6247 E baseline.com.newsblur.network.APIResponse: 	at okhttp3.internal.http1.Http1ExchangeCodec.readHeaderLine(Http1ExchangeCodec.java:242)
08-05 18:46:51.435 31004  6247 E baseline.com.newsblur.network.APIResponse: 	at okhttp3.internal.http1.Http1ExchangeCodec.readResponseHeaders(Http1ExchangeCodec.java:213)
08-05 18:46:51.435 31004  6247 E baseline.com.newsblur.network.APIResponse: 	... 30 more
08-05 18:46:51.437 31004  6247 I baseline.com.newsblur.network.APIManager: API call failed, pausing before retry number 2
08-05 18:46:51.715 31004  5910 I art     : Starting a blocking GC Explicit
08-05 18:46:51.738 31004  5910 I art     : Explicit concurrent mark sweep GC freed 3350(332KB) AllocSpace objects, 3(60KB) LOS objects, 30% free, 36MB/52MB, paused 640us total 22.944ms
08-05 18:46:51.747 31004  5910 I art     : Starting a blocking GC Explicit
08-05 18:46:51.768 31004  5910 I art     : Explicit concurrent mark sweep GC freed 87(3KB) AllocSpace objects, 0(0B) LOS objects, 30% free, 36MB/52MB, paused 552us total 21.130ms
08-05 18:46:51.777 31004  5910 I art     : Starting a blocking GC Explicit
08-05 18:46:51.799 31004  5910 I art     : Explicit concurrent mark sweep GC freed 3(96B) AllocSpace objects, 0(0B) LOS objects, 30% free, 36MB/52MB, paused 569us total 21.834ms
08-05 18:46:51.806 31004  5910 I art     : Starting a blocking GC Explicit
08-05 18:46:51.829 31004  5910 I art     : Explicit concurrent mark sweep GC freed 3(96B) AllocSpace objects, 0(0B) LOS objects, 30% free, 36MB/52MB, paused 838us total 22.945ms
08-05 18:46:51.836 31004  5910 I art     : Starting a blocking GC Explicit
08-05 18:46:51.858 31004  5910 I art     : Explicit concurrent mark sweep GC freed 3(96B) AllocSpace objects, 0(0B) LOS objects, 30% free, 36MB/52MB, paused 632us total 21.946ms
08-05 18:46:52.017   518   646 I ThermalEngine: ACTION: GPU - Setting GPU[0] to 510000000
08-05 18:46:52.175 31004 31016 I art     : Starting a blocking GC Explicit
08-05 18:46:52.202 31004 31016 I art     : Explicit concurrent mark sweep GC freed 1439(83KB) AllocSpace objects, 1(20KB) LOS objects, 30% free, 36MB/52MB, paused 779us total 26.929ms
08-05 18:46:52.212 31004 31016 I art     : Starting a blocking GC Explicit
08-05 18:46:52.239 31004 31016 I art     : Explicit concurrent mark sweep GC freed 25(912B) AllocSpace objects, 0(0B) LOS objects, 30% free, 36MB/52MB, paused 863us total 26.552ms
08-05 18:46:52.249 31004 31016 I art     : Starting a blocking GC Explicit
08-05 18:46:52.277 31004 31016 I art     : Explicit concurrent mark sweep GC freed 3(96B) AllocSpace objects, 0(0B) LOS objects, 30% free, 36MB/52MB, paused 987us total 27.555ms
08-05 18:46:52.286 31004 31016 I art     : Starting a blocking GC Explicit
08-05 18:46:52.314 31004 31016 I art     : Explicit concurrent mark sweep GC freed 3(96B) AllocSpace objects, 0(0B) LOS objects, 30% free, 36MB/52MB, paused 934us total 27.938ms
08-05 18:46:52.323 31004 31016 I art     : Starting a blocking GC Explicit
08-05 18:46:52.350 31004 31016 I art     : Explicit concurrent mark sweep GC freed 3(96B) AllocSpace objects, 0(0B) LOS objects, 30% free, 36MB/52MB, paused 787us total 26.418ms
08-05 18:46:52.687 31004 31015 I art     : Starting a blocking GC Explicit
08-05 18:46:52.720 31004 31015 I art     : Explicit concurrent mark sweep GC freed 1439(82KB) AllocSpace objects, 1(20KB) LOS objects, 30% free, 36MB/52MB, paused 784us total 33.387ms
08-05 18:46:52.731 31004 31015 I art     : Starting a blocking GC Explicit
08-05 18:46:52.758 31004 31015 I art     : Explicit concurrent mark sweep GC freed 22(784B) AllocSpace objects, 0(0B) LOS objects, 30% free, 36MB/52MB, paused 888us total 26.585ms
08-05 18:46:52.768 31004 31015 I art     : Starting a blocking GC Explicit
08-05 18:46:52.796 31004 31015 I art     : Explicit concurrent mark sweep GC freed 3(96B) AllocSpace objects, 0(0B) LOS objects, 30% free, 36MB/52MB, paused 964us total 27.549ms
08-05 18:46:52.804 31004 31015 I art     : Starting a blocking GC Explicit
08-05 18:46:52.832 31004 31015 I art     : Explicit concurrent mark sweep GC freed 3(96B) AllocSpace objects, 0(0B) LOS objects, 30% free, 36MB/52MB, paused 803us total 27.808ms
08-05 18:46:52.842 31004 31015 I art     : Starting a blocking GC Explicit
08-05 18:46:52.868 31004 31015 I art     : Explicit concurrent mark sweep GC freed 3(96B) AllocSpace objects, 0(0B) LOS objects, 30% free, 36MB/52MB, paused 789us total 26.222ms
08-05 18:46:53.219 31004  5669 I art     : Starting a blocking GC Explicit
08-05 18:46:53.248 31004  5669 I art     : Explicit concurrent mark sweep GC freed 1438(82KB) AllocSpace objects, 1(20KB) LOS objects, 30% free, 36MB/52MB, paused 894us total 28.298ms
08-05 18:46:53.257 31004  5669 I art     : Starting a blocking GC Explicit
08-05 18:46:53.284 31004  5669 I art     : Explicit concurrent mark sweep GC freed 22(784B) AllocSpace objects, 0(0B) LOS objects, 30% free, 36MB/52MB, paused 783us total 26.978ms
08-05 18:46:53.293 31004  5669 I art     : Starting a blocking GC Explicit
08-05 18:46:53.320 31004  5669 I art     : Explicit concurrent mark sweep GC freed 3(96B) AllocSpace objects, 0(0B) LOS objects, 30% free, 36MB/52MB, paused 887us total 26.441ms
08-05 18:46:53.330 31004  5669 I art     : Starting a blocking GC Explicit
08-05 18:46:53.357 31004  5669 I art     : Explicit concurrent mark sweep GC freed 3(96B) AllocSpace objects, 0(0B) LOS objects, 30% free, 36MB/52MB, paused 841us total 26.147ms
08-05 18:46:53.367 31004  5669 I art     : Starting a blocking GC Explicit
08-05 18:46:53.394 31004  5669 I art     : Explicit concurrent mark sweep GC freed 3(96B) AllocSpace objects, 0(0B) LOS objects, 30% free, 36MB/52MB, paused 881us total 27.124ms
08-05 18:46:53.732 31004 31016 I art     : Starting a blocking GC Explicit
08-05 18:46:53.760 31004 31016 I art     : Explicit concurrent mark sweep GC freed 1438(82KB) AllocSpace objects, 1(20KB) LOS objects, 30% free, 36MB/52MB, paused 829us total 27.265ms
08-05 18:46:53.770 31004 31016 I art     : Starting a blocking GC Explicit
08-05 18:46:53.798 31004 31016 I art     : Explicit concurrent mark sweep GC freed 22(784B) AllocSpace objects, 0(0B) LOS objects, 30% free, 36MB/52MB, paused 1.079ms total 27.017ms
08-05 18:46:53.806 31004 31016 I art     : Starting a blocking GC Explicit
08-05 18:46:53.834 31004 31016 I art     : Explicit concurrent mark sweep GC freed 3(96B) AllocSpace objects, 0(0B) LOS objects, 30% free, 36MB/52MB, paused 777us total 27.267ms
08-05 18:46:53.843 31004 31016 I art     : Starting a blocking GC Explicit
08-05 18:46:53.869 31004 31016 I art     : Explicit concurrent mark sweep GC freed 3(96B) AllocSpace objects, 0(0B) LOS objects, 30% free, 36MB/52MB, paused 770us total 26.236ms
08-05 18:46:53.879 31004 31016 I art     : Starting a blocking GC Explicit
08-05 18:46:53.906 31004 31016 I art     : Explicit concurrent mark sweep GC freed 3(96B) AllocSpace objects, 0(0B) LOS objects, 30% free, 36MB/52MB, paused 807us total 26.165ms
08-05 18:46:54.247 31004  5910 I art     : Starting a blocking GC Explicit
08-05 18:46:54.275 31004  5910 I art     : Explicit concurrent mark sweep GC freed 1438(82KB) AllocSpace objects, 1(20KB) LOS objects, 30% free, 36MB/52MB, paused 1.038ms total 27.056ms
08-05 18:46:54.285 31004  5910 I art     : Starting a blocking GC Explicit
08-05 18:46:54.312 31004  5910 I art     : Explicit concurrent mark sweep GC freed 22(784B) AllocSpace objects, 0(0B) LOS objects, 30% free, 36MB/52MB, paused 876us total 27.125ms
08-05 18:46:54.321 31004  5910 I art     : Starting a blocking GC Explicit
08-05 18:46:54.349 31004  5910 I art     : Explicit concurrent mark sweep GC freed 3(96B) AllocSpace objects, 0(0B) LOS objects, 30% free, 36MB/52MB, paused 818us total 27.407ms
08-05 18:46:54.358 31004  5910 I art     : Starting a blocking GC Explicit
08-05 18:46:54.385 31004  5910 I art     : Explicit concurrent mark sweep GC freed 3(96B) AllocSpace objects, 0(0B) LOS objects, 30% free, 36MB/52MB, paused 787us total 26.841ms
08-05 18:46:54.394 31004  5910 I art     : Starting a blocking GC Explicit
08-05 18:46:54.421 31004  5910 I art     : Explicit concurrent mark sweep GC freed 3(96B) AllocSpace objects, 0(0B) LOS objects, 30% free, 36MB/52MB, paused 770us total 26.207ms
08-05 18:46:54.752 31004 31015 I art     : Starting a blocking GC Explicit
08-05 18:46:54.786 31004 31015 I art     : Explicit concurrent mark sweep GC freed 1604(91KB) AllocSpace objects, 1(20KB) LOS objects, 30% free, 36MB/52MB, paused 892us total 34.324ms
08-05 18:46:54.796 31004 31015 I art     : Starting a blocking GC Explicit
08-05 18:46:54.822 31004 31015 I art     : Explicit concurrent mark sweep GC freed 28(1040B) AllocSpace objects, 0(0B) LOS objects, 30% free, 36MB/52MB, paused 823us total 26.602ms
08-05 18:46:54.833 31004 31015 I art     : Starting a blocking GC Explicit
08-05 18:46:54.860 31004 31015 I art     : Explicit concurrent mark sweep GC freed 3(96B) AllocSpace objects, 0(0B) LOS objects, 30% free, 36MB/52MB, paused 926us total 26.545ms
08-05 18:46:54.870 31004 31015 I art     : Starting a blocking GC Explicit
08-05 18:46:54.898 31004 31015 I art     : Explicit concurrent mark sweep GC freed 3(96B) AllocSpace objects, 0(0B) LOS objects, 30% free, 36MB/52MB, paused 1.048ms total 27.617ms
08-05 18:46:54.907 31004 31015 I art     : Starting a blocking GC Explicit
08-05 18:46:54.934 31004 31015 I art     : Explicit concurrent mark sweep GC freed 3(96B) AllocSpace objects, 0(0B) LOS objects, 30% free, 36MB/52MB, paused 936us total 27.589ms
08-05 18:46:55.019 31004  6247 E baseline.com.newsblur.network.APIResponse: Error (unexpected end of stream on https://www.newsblur.com/...) calling https://www.newsblur.com/reader/mark_story_hashes_as_read/
08-05 18:46:55.019 31004  6247 E baseline.com.newsblur.network.APIResponse: java.io.IOException: unexpected end of stream on https://www.newsblur.com/...
08-05 18:46:55.019 31004  6247 E baseline.com.newsblur.network.APIResponse: 	at okhttp3.internal.http1.Http1ExchangeCodec.readResponseHeaders(Http1ExchangeCodec.java:236)
08-05 18:46:55.019 31004  6247 E baseline.com.newsblur.network.APIResponse: 	at okhttp3.internal.connection.Exchange.readResponseHeaders(Exchange.java:115)
08-05 18:46:55.019 31004  6247 E baseline.com.newsblur.network.APIResponse: 	at okhttp3.internal.http.CallServerInterceptor.intercept(CallServerInterceptor.java:94)
08-05 18:46:55.019 31004  6247 E baseline.com.newsblur.network.APIResponse: 	at okhttp3.internal.http.RealInterceptorChain.proceed(RealInterceptorChain.java:142)
08-05 18:46:55.019 31004  6247 E baseline.com.newsblur.network.APIResponse: 	at okhttp3.internal.connection.ConnectInterceptor.intercept(ConnectInterceptor.java:43)
08-05 18:46:55.019 31004  6247 E baseline.com.newsblur.network.APIResponse: 	at okhttp3.internal.http.RealInterceptorChain.proceed(RealInterceptorChain.java:142)
08-05 18:46:55.019 31004  6247 E baseline.com.newsblur.network.APIResponse: 	at okhttp3.internal.http.RealInterceptorChain.proceed(RealInterceptorChain.java:117)
08-05 18:46:55.019 31004  6247 E baseline.com.newsblur.network.APIResponse: 	at okhttp3.internal.cache.CacheInterceptor.intercept(CacheInterceptor.java:94)
08-05 18:46:55.019 31004  6247 E baseline.com.newsblur.network.APIResponse: 	at okhttp3.internal.http.RealInterceptorChain.proceed(RealInterceptorChain.java:142)
08-05 18:46:55.019 31004  6247 E baseline.com.newsblur.network.APIResponse: 	at okhttp3.internal.http.RealInterceptorChain.proceed(RealInterceptorChain.java:117)
08-05 18:46:55.019 31004  6247 E baseline.com.newsblur.network.APIResponse: 	at okhttp3.internal.http.BridgeInterceptor.intercept(BridgeInterceptor.java:93)
08-05 18:46:55.019 31004  6247 E baseline.com.newsblur.network.APIResponse: 	at okhttp3.internal.http.RealInterceptorChain.proceed(RealInterceptorChain.java:142)
08-05 18:46:55.019 31004  6247 E baseline.com.newsblur.network.APIResponse: 	at okhttp3.internal.http.RetryAndFollowUpInterceptor.intercept(RetryAndFollowUpInterceptor.java:88)
08-05 18:46:55.019 31004  6247 E baseline.com.newsblur.network.APIResponse: 	at okhttp3.internal.http.RealInterceptorChain.proceed(RealInterceptorChain.java:142)
08-05 18:46:55.019 31004  6247 E baseline.com.newsblur.network.APIResponse: 	at okhttp3.internal.http.RealInterceptorChain.proceed(RealInterceptorChain.java:117)
08-05 18:46:55.019 31004  6247 E baseline.com.newsblur.network.APIResponse: 	at okhttp3.RealCall.getResponseWithInterceptorChain(RealCall.java:229)
08-05 18:46:55.019 31004  6247 E baseline.com.newsblur.network.APIResponse: 	at okhttp3.RealCall.execute(RealCall.java:81)
08-05 18:46:55.019 31004  6247 E baseline.com.newsblur.network.APIResponse: 	at baseline.com.newsblur.network.APIResponse.<init>(APIResponse.java:57)
08-05 18:46:55.019 31004  6247 E baseline.com.newsblur.network.APIResponse: 	at baseline.com.newsblur.network.APIResponse.<init>(APIResponse.java:43)
08-05 18:46:55.019 31004  6247 E baseline.com.newsblur.network.APIResponse: 	at baseline.com.newsblur.network.APIManager.post_single(APIManager.java:702)
08-05 18:46:55.019 31004  6247 E baseline.com.newsblur.network.APIResponse: 	at baseline.com.newsblur.network.APIManager.post(APIManager.java:675)
08-05 18:46:55.019 31004  6247 E baseline.com.newsblur.network.APIResponse: 	at baseline.com.newsblur.network.APIManager.post(APIManager.java:714)
08-05 18:46:55.019 31004  6247 E baseline.com.newsblur.network.APIResponse: 	at baseline.com.newsblur.network.APIManager.markStoryAsRead(APIManager.java:205)
08-05 18:46:55.019 31004  6247 E baseline.com.newsblur.network.APIResponse: 	at baseline.com.newsblur.util.ReadingAction.doRemote(ReadingAction.java:281)
08-05 18:46:55.019 31004  6247 E baseline.com.newsblur.network.APIResponse: 	at baseline.com.newsblur.service.NBSyncService.syncActions(NBSyncService.java:400)
08-05 18:46:55.019 31004  6247 E baseline.com.newsblur.network.APIResponse: 	at baseline.com.newsblur.service.NBSyncService.doSync(NBSyncService.java:298)
08-05 18:46:55.019 31004  6247 E baseline.com.newsblur.network.APIResponse: 	at baseline.com.newsblur.service.NBSyncService.access$100(NBSyncService.java:67)
08-05 18:46:55.019 31004  6247 E baseline.com.newsblur.network.APIResponse: 	at baseline.com.newsblur.service.NBSyncService$1.run(NBSyncService.java:188)
08-05 18:46:55.019 31004  6247 E baseline.com.newsblur.network.APIResponse: 	at java.util.concurrent.ThreadPoolExecutor.runWorker(ThreadPoolExecutor.java:1113)
08-05 18:46:55.019 31004  6247 E baseline.com.newsblur.network.APIResponse: 	at java.util.concurrent.ThreadPoolExecutor$Worker.run(ThreadPoolExecutor.java:588)
08-05 18:46:55.019 31004  6247 E baseline.com.newsblur.network.APIResponse: 	at java.lang.Thread.run(Thread.java:818)
08-05 18:46:55.019 31004  6247 E baseline.com.newsblur.network.APIResponse: Caused by: java.io.EOFException: \n not found: limit=0 content=
08-05 18:46:55.019 31004  6247 E baseline.com.newsblur.network.APIResponse: 	at okio.RealBufferedSource.readUtf8LineStrict(RealBufferedSource.java:240)
08-05 18:46:55.019 31004  6247 E baseline.com.newsblur.network.APIResponse: 	at okhttp3.internal.http1.Http1ExchangeCodec.readHeaderLine(Http1ExchangeCodec.java:242)
08-05 18:46:55.019 31004  6247 E baseline.com.newsblur.network.APIResponse: 	at okhttp3.internal.http1.Http1ExchangeCodec.readResponseHeaders(Http1ExchangeCodec.java:213)
08-05 18:46:55.019 31004  6247 E baseline.com.newsblur.network.APIResponse: 	... 30 more
08-05 18:46:55.020 31004  6247 I baseline.com.newsblur.service.NBSyncService: Holding reading action with server-side or network error.
08-05 18:46:55.041 31004  6247 W baseline.com.newsblur.service.NBSyncService: hard API failure
08-05 18:46:55.249 31004 31015 I art     : Starting a blocking GC Explicit
08-05 18:46:55.282 31004 31015 I art     : Explicit concurrent mark sweep GC freed 4920(564KB) AllocSpace objects, 16(320KB) LOS objects, 30% free, 36MB/52MB, paused 920us total 31.861ms
08-05 18:46:55.291 31004 31015 I art     : Starting a blocking GC Explicit
08-05 18:46:55.320 31004 31015 I art     : Explicit concurrent mark sweep GC freed 607(22KB) AllocSpace objects, 0(0B) LOS objects, 30% free, 36MB/52MB, paused 849us total 28.219ms
08-05 18:46:55.329 31004 31015 I art     : Starting a blocking GC Explicit
08-05 18:46:55.356 31004 31015 I art     : Explicit concurrent mark sweep GC freed 3(96B) AllocSpace objects, 0(0B) LOS objects, 30% free, 36MB/52MB, paused 813us total 26.741ms
08-05 18:46:55.365 31004 31015 I art     : Starting a blocking GC Explicit
08-05 18:46:55.393 31004 31015 I art     : Explicit concurrent mark sweep GC freed 3(96B) AllocSpace objects, 0(0B) LOS objects, 30% free, 36MB/52MB, paused 849us total 27.469ms
08-05 18:46:55.402 31004 31015 I art     : Starting a blocking GC Explicit
08-05 18:46:55.430 31004 31015 I art     : Explicit concurrent mark sweep GC freed 3(96B) AllocSpace objects, 0(0B) LOS objects, 30% free, 36MB/52MB, paused 840us total 27.675ms
08-05 18:46:55.753 31004  5669 I art     : Starting a blocking GC Explicit
08-05 18:46:55.783 31004  5669 I art     : Explicit concurrent mark sweep GC freed 1401(80KB) AllocSpace objects, 1(20KB) LOS objects, 30% free, 36MB/52MB, paused 913us total 30.451ms
08-05 18:46:55.793 31004  5669 I art     : Starting a blocking GC Explicit
08-05 18:46:55.822 31004  5669 I art     : Explicit concurrent mark sweep GC freed 20(704B) AllocSpace objects, 0(0B) LOS objects, 30% free, 36MB/52MB, paused 840us total 28.117ms
08-05 18:46:55.831 31004  5669 I art     : Starting a blocking GC Explicit
08-05 18:46:55.858 31004  5669 I art     : Explicit concurrent mark sweep GC freed 3(96B) AllocSpace objects, 0(0B) LOS objects, 30% free, 36MB/52MB, paused 823us total 26.655ms
08-05 18:46:55.868 31004  5669 I art     : Starting a blocking GC Explicit
08-05 18:46:55.895 31004  5669 I art     : Explicit concurrent mark sweep GC freed 3(96B) AllocSpace objects, 0(0B) LOS objects, 30% free, 36MB/52MB, paused 844us total 27.335ms
08-05 18:46:55.904 31004  5669 I art     : Starting a blocking GC Explicit
08-05 18:46:55.933 31004  5669 I art     : Explicit concurrent mark sweep GC freed 3(96B) AllocSpace objects, 0(0B) LOS objects, 30% free, 36MB/52MB, paused 872us total 28.296ms
08-05 18:46:56.270 31004 31016 I art     : Starting a blocking GC Explicit
08-05 18:46:56.300 31004 31016 I art     : Explicit concurrent mark sweep GC freed 1398(80KB) AllocSpace objects, 1(20KB) LOS objects, 30% free, 36MB/52MB, paused 853us total 29.700ms
08-05 18:46:56.309 31004 31016 I art     : Starting a blocking GC Explicit
08-05 18:46:56.335 31004 31016 I art     : Explicit concurrent mark sweep GC freed 20(704B) AllocSpace objects, 0(0B) LOS objects, 30% free, 36MB/52MB, paused 786us total 25.316ms
08-05 18:46:56.344 31004 31016 I art     : Starting a blocking GC Explicit
08-05 18:46:56.369 31004 31016 I art     : Explicit concurrent mark sweep GC freed 3(96B) AllocSpace objects, 0(0B) LOS objects, 30% free, 36MB/52MB, paused 801us total 24.434ms
08-05 18:46:56.378 31004 31016 I art     : Starting a blocking GC Explicit
08-05 18:46:56.402 31004 31016 I art     : Explicit concurrent mark sweep GC freed 3(96B) AllocSpace objects, 0(0B) LOS objects, 30% free, 36MB/52MB, paused 815us total 24.091ms
08-05 18:46:56.410 31004 31016 I art     : Starting a blocking GC Explicit
08-05 18:46:56.435 31004 31016 I art     : Explicit concurrent mark sweep GC freed 3(96B) AllocSpace objects, 0(0B) LOS objects, 30% free, 36MB/52MB, paused 809us total 24.379ms
08-05 18:46:56.769 31004  5910 I art     : Starting a blocking GC Explicit
08-05 18:46:56.796 31004  5910 I art     : Explicit concurrent mark sweep GC freed 1398(80KB) AllocSpace objects, 1(20KB) LOS objects, 30% free, 36MB/52MB, paused 839us total 27.302ms
08-05 18:46:56.805 31004  5910 I art     : Starting a blocking GC Explicit
08-05 18:46:56.832 31004  5910 I art     : Explicit concurrent mark sweep GC freed 20(704B) AllocSpace objects, 0(0B) LOS objects, 30% free, 36MB/52MB, paused 776us total 26.559ms
08-05 18:46:56.841 31004  5910 I art     : Starting a blocking GC Explicit
08-05 18:46:56.869 31004  5910 I art     : Explicit concurrent mark sweep GC freed 3(96B) AllocSpace objects, 0(0B) LOS objects, 30% free, 36MB/52MB, paused 843us total 27.553ms
08-05 18:46:56.878 31004  5910 I art     : Starting a blocking GC Explicit
08-05 18:46:56.906 31004  5910 I art     : Explicit concurrent mark sweep GC freed 3(96B) AllocSpace objects, 0(0B) LOS objects, 30% free, 36MB/52MB, paused 838us total 27.090ms
08-05 18:46:56.915 31004  5910 I art     : Starting a blocking GC Explicit
08-05 18:46:56.943 31004  5910 I art     : Explicit concurrent mark sweep GC freed 3(96B) AllocSpace objects, 0(0B) LOS objects, 30% free, 36MB/52MB, paused 843us total 27.473ms
08-05 18:46:57.300 31004 31015 I art     : Starting a blocking GC Explicit
08-05 18:46:57.330 31004 31015 I art     : Explicit concurrent mark sweep GC freed 1399(80KB) AllocSpace objects, 1(20KB) LOS objects, 30% free, 36MB/52MB, paused 823us total 29.460ms
08-05 18:46:57.342 31004 31015 I art     : Starting a blocking GC Explicit
08-05 18:46:57.369 31004 31015 I art     : Explicit concurrent mark sweep GC freed 20(704B) AllocSpace objects, 0(0B) LOS objects, 30% free, 36MB/52MB, paused 838us total 26.656ms
08-05 18:46:57.378 31004 31015 I art     : Starting a blocking GC Explicit
08-05 18:46:57.405 31004 31015 I art     : Explicit concurrent mark sweep GC freed 3(96B) AllocSpace objects, 0(0B) LOS objects, 30% free, 36MB/52MB, paused 825us total 26.664ms
08-05 18:46:57.414 31004 31015 I art     : Starting a blocking GC Explicit
08-05 18:46:57.441 31004 31015 I art     : Explicit concurrent mark sweep GC freed 3(96B) AllocSpace objects, 0(0B) LOS objects, 30% free, 36MB/52MB, paused 831us total 26.947ms
08-05 18:46:57.450 31004 31015 I art     : Starting a blocking GC Explicit
08-05 18:46:57.478 31004 31015 I art     : Explicit concurrent mark sweep GC freed 3(96B) AllocSpace objects, 0(0B) LOS objects, 30% free, 36MB/52MB, paused 894us total 27.150ms
08-05 18:46:57.827 31004  5669 I art     : Starting a blocking GC Explicit
08-05 18:46:57.857 31004  5669 I art     : Explicit concurrent mark sweep GC freed 1398(80KB) AllocSpace objects, 1(20KB) LOS objects, 30% free, 36MB/52MB, paused 827us total 29.012ms
08-05 18:46:57.866 31004  5669 I art     : Starting a blocking GC Explicit
08-05 18:46:57.895 31004  5669 I art     : Explicit concurrent mark sweep GC freed 20(704B) AllocSpace objects, 0(0B) LOS objects, 30% free, 36MB/52MB, paused 860us total 28.355ms
08-05 18:46:57.905 31004  5669 I art     : Starting a blocking GC Explicit
08-05 18:46:57.933 31004  5669 I art     : Explicit concurrent mark sweep GC freed 3(96B) AllocSpace objects, 0(0B) LOS objects, 30% free, 36MB/52MB, paused 838us total 28.113ms
08-05 18:46:57.942 31004  5669 I art     : Starting a blocking GC Explicit
08-05 18:46:57.970 31004  5669 I art     : Explicit concurrent mark sweep GC freed 3(96B) AllocSpace objects, 0(0B) LOS objects, 30% free, 36MB/52MB, paused 812us total 27.278ms
08-05 18:46:57.979 31004  5669 I art     : Starting a blocking GC Explicit
08-05 18:46:58.007 31004  5669 I art     : Explicit concurrent mark sweep GC freed 3(96B) AllocSpace objects, 0(0B) LOS objects, 30% free, 36MB/52MB, paused 1.010ms total 27.947ms
08-05 18:46:58.356 31004 31016 I art     : Starting a blocking GC Explicit
08-05 18:46:58.386 31004 31016 I art     : Explicit concurrent mark sweep GC freed 1398(80KB) AllocSpace objects, 1(20KB) LOS objects, 30% free, 36MB/52MB, paused 865us total 29.260ms
08-05 18:46:58.397 31004 31016 I art     : Starting a blocking GC Explicit
08-05 18:46:58.424 31004 31016 I art     : Explicit concurrent mark sweep GC freed 20(704B) AllocSpace objects, 0(0B) LOS objects, 30% free, 36MB/52MB, paused 827us total 26.393ms
08-05 18:46:58.433 31004 31016 I art     : Starting a blocking GC Explicit
08-05 18:46:58.460 31004 31016 I art     : Explicit concurrent mark sweep GC freed 3(96B) AllocSpace objects, 0(0B) LOS objects, 30% free, 36MB/52MB, paused 830us total 26.782ms
08-05 18:46:58.469 31004 31016 I art     : Starting a blocking GC Explicit
08-05 18:46:58.496 31004 31016 I art     : Explicit concurrent mark sweep GC freed 3(96B) AllocSpace objects, 0(0B) LOS objects, 30% free, 36MB/52MB, paused 961us total 26.969ms
08-05 18:46:58.505 31004 31016 I art     : Starting a blocking GC Explicit
08-05 18:46:58.533 31004 31016 I art     : Explicit concurrent mark sweep GC freed 3(96B) AllocSpace objects, 0(0B) LOS objects, 30% free, 36MB/52MB, paused 846us total 27.204ms
08-05 18:46:58.818  5293  5293 I Atfwd_Sendcmd: AtCmdFwd service not ready - Exhausted retry attempts - :6
08-05 18:46:58.818  5293  5293 I Atfwd_Daemon: result : -1 	 ,Init step :2 	 ,qmiErrorCode: 0
08-05 18:46:58.864 31004  5910 I art     : Starting a blocking GC Explicit
08-05 18:46:58.892 31004  5910 I art     : Explicit concurrent mark sweep GC freed 1417(81KB) AllocSpace objects, 1(20KB) LOS objects, 30% free, 36MB/52MB, paused 810us total 27.789ms
08-05 18:46:58.902 31004  5910 I art     : Starting a blocking GC Explicit
08-05 18:46:58.930 31004  5910 I art     : Explicit concurrent mark sweep GC freed 26(928B) AllocSpace objects, 0(0B) LOS objects, 30% free, 36MB/52MB, paused 829us total 26.935ms
08-05 18:46:58.939 31004  5910 I art     : Starting a blocking GC Explicit
08-05 18:46:58.965 31004  5910 I art     : Explicit concurrent mark sweep GC freed 3(96B) AllocSpace objects, 0(0B) LOS objects, 30% free, 36MB/52MB, paused 831us total 25.845ms
08-05 18:46:58.974 31004  5910 I art     : Starting a blocking GC Explicit
08-05 18:46:59.001 31004  5910 I art     : Explicit concurrent mark sweep GC freed 3(96B) AllocSpace objects, 0(0B) LOS objects, 30% free, 36MB/52MB, paused 796us total 26.802ms
08-05 18:46:59.010 31004  5910 I art     : Starting a blocking GC Explicit
08-05 18:46:59.026   518   646 I ThermalEngine: ACTION: GPU - Setting GPU[0] to 600000000
08-05 18:46:59.037 31004  5910 I art     : Explicit concurrent mark sweep GC freed 3(96B) AllocSpace objects, 0(0B) LOS objects, 30% free, 36MB/52MB, paused 919us total 26.629ms
08-05 18:46:59.361 31004 31015 I art     : Starting a blocking GC Explicit
08-05 18:46:59.386 31004 31015 I art     : Explicit concurrent mark sweep GC freed 1398(80KB) AllocSpace objects, 1(20KB) LOS objects, 30% free, 36MB/52MB, paused 623us total 24.937ms
08-05 18:46:59.398 31004 31015 I art     : Starting a blocking GC Explicit
08-05 18:46:59.420 31004 31015 I art     : Explicit concurrent mark sweep GC freed 20(704B) AllocSpace objects, 0(0B) LOS objects, 30% free, 36MB/52MB, paused 624us total 21.558ms
08-05 18:46:59.427 31004 31015 I art     : Starting a blocking GC Explicit
08-05 18:46:59.448 31004 31015 I art     : Explicit concurrent mark sweep GC freed 3(96B) AllocSpace objects, 0(0B) LOS objects, 30% free, 36MB/52MB, paused 605us total 20.701ms
08-05 18:46:59.455 31004 31015 I art     : Starting a blocking GC Explicit
08-05 18:46:59.477 31004 31015 I art     : Explicit concurrent mark sweep GC freed 3(96B) AllocSpace objects, 0(0B) LOS objects, 30% free, 36MB/52MB, paused 678us total 21.527ms
08-05 18:46:59.484 31004 31015 I art     : Starting a blocking GC Explicit
08-05 18:46:59.507 31004 31015 I art     : Explicit concurrent mark sweep GC freed 3(96B) AllocSpace objects, 0(0B) LOS objects, 30% free, 36MB/52MB, paused 707us total 22.629ms
08-05 18:46:59.825 31004  5669 I art     : Starting a blocking GC Explicit
08-05 18:46:59.849 31004  5669 I art     : Explicit concurrent mark sweep GC freed 1398(80KB) AllocSpace objects, 1(20KB) LOS objects, 30% free, 36MB/52MB, paused 621us total 24.207ms
08-05 18:46:59.860 31004  5669 I art     : Starting a blocking GC Explicit
08-05 18:46:59.882 31004  5669 I art     : Explicit concurrent mark sweep GC freed 20(704B) AllocSpace objects, 0(0B) LOS objects, 30% free, 36MB/52MB, paused 618us total 22.108ms
08-05 18:46:59.889 31004  5669 I art     : Starting a blocking GC Explicit
08-05 18:46:59.911 31004  5669 I art     : Explicit concurrent mark sweep GC freed 3(96B) AllocSpace objects, 0(0B) LOS objects, 30% free, 36MB/52MB, paused 588us total 21.608ms
08-05 18:46:59.918 31004  5669 I art     : Starting a blocking GC Explicit
08-05 18:46:59.939 31004  5669 I art     : Explicit concurrent mark sweep GC freed 3(96B) AllocSpace objects, 0(0B) LOS objects, 30% free, 36MB/52MB, paused 585us total 21.031ms
08-05 18:46:59.947 31004  5669 I art     : Starting a blocking GC Explicit
08-05 18:46:59.969 31004  5669 I art     : Explicit concurrent mark sweep GC freed 3(96B) AllocSpace objects, 0(0B) LOS objects, 30% free, 36MB/52MB, paused 593us total 21.405ms
08-05 18:47:00.245 31004 31016 I art     : Starting a blocking GC Explicit
08-05 18:47:00.269 31004 31016 I art     : Explicit concurrent mark sweep GC freed 1398(80KB) AllocSpace objects, 1(20KB) LOS objects, 30% free, 36MB/52MB, paused 594us total 23.919ms
08-05 18:47:00.277 31004 31016 I art     : Starting a blocking GC Explicit
08-05 18:47:00.301 31004 31016 I art     : Explicit concurrent mark sweep GC freed 20(704B) AllocSpace objects, 0(0B) LOS objects, 30% free, 36MB/52MB, paused 630us total 23.294ms
08-05 18:47:00.309 31004 31016 I art     : Starting a blocking GC Explicit
08-05 18:47:00.332 31004 31016 I art     : Explicit concurrent mark sweep GC freed 3(96B) AllocSpace objects, 0(0B) LOS objects, 30% free, 36MB/52MB, paused 617us total 22.653ms
08-05 18:47:00.339 31004 31016 I art     : Starting a blocking GC Explicit
08-05 18:47:00.361 31004 31016 I art     : Explicit concurrent mark sweep GC freed 3(96B) AllocSpace objects, 0(0B) LOS objects, 30% free, 36MB/52MB, paused 620us total 22.053ms
08-05 18:47:00.368 31004 31016 I art     : Starting a blocking GC Explicit
08-05 18:47:00.390 31004 31016 I art     : Explicit concurrent mark sweep GC freed 3(96B) AllocSpace objects, 0(0B) LOS objects, 30% free, 36MB/52MB, paused 599us total 21.522ms
08-05 18:47:00.652 31004  5910 I art     : Starting a blocking GC Explicit
08-05 18:47:00.674 31004  5910 I art     : Explicit concurrent mark sweep GC freed 1398(80KB) AllocSpace objects, 1(20KB) LOS objects, 30% free, 36MB/52MB, paused 670us total 22.422ms
08-05 18:47:00.682 31004  5910 I art     : Starting a blocking GC Explicit
08-05 18:47:00.704 31004  5910 I art     : Explicit concurrent mark sweep GC freed 20(704B) AllocSpace objects, 0(0B) LOS objects, 30% free, 36MB/52MB, paused 634us total 21.728ms
08-05 18:47:00.711 31004  5910 I art     : Starting a blocking GC Explicit
08-05 18:47:00.733 31004  5910 I art     : Explicit concurrent mark sweep GC freed 3(96B) AllocSpace objects, 0(0B) LOS objects, 30% free, 36MB/52MB, paused 617us total 21.531ms
08-05 18:47:00.740 31004  5910 I art     : Starting a blocking GC Explicit
08-05 18:47:00.761 31004  5910 I art     : Explicit concurrent mark sweep GC freed 3(96B) AllocSpace objects, 0(0B) LOS objects, 30% free, 36MB/52MB, paused 620us total 20.781ms
08-05 18:47:00.768 31004  5910 I art     : Starting a blocking GC Explicit
08-05 18:47:00.789 31004  5910 I art     : Explicit concurrent mark sweep GC freed 3(96B) AllocSpace objects, 0(0B) LOS objects, 30% free, 36MB/52MB, paused 615us total 20.596ms
08-05 18:47:00.801  6502  6502 D AndroidRuntime: >>>>>> START com.android.internal.os.RuntimeInit uid 2000 <<<<<<
08-05 18:47:00.805  6502  6502 D AndroidRuntime: CheckJNI is OFF
08-05 18:47:00.831  6502  6502 D ICU     : No timezone override file found: /data/misc/zoneinfo/current/icu/icu_tzdata.dat
08-05 18:47:00.855  6502  6502 I Radio-JNI: register_android_hardware_Radio DONE
08-05 18:47:00.872  6502  6502 D AndroidRuntime: Calling main entry com.android.commands.input.Input
08-05 18:47:00.873  6502  6502 I Input   : injectKeyEvent: KeyEvent { action=ACTION_DOWN, keyCode=KEYCODE_BACK, scanCode=0, metaState=0, flags=0x0, repeatCount=0, eventTime=816437286, downTime=816437286, deviceId=-1, source=0x101 }
08-05 18:47:00.880  6502  6502 I Input   : injectKeyEvent: KeyEvent { action=ACTION_UP, keyCode=KEYCODE_BACK, scanCode=0, metaState=0, flags=0x0, repeatCount=0, eventTime=816437286, downTime=816437286, deviceId=-1, source=0x101 }
08-05 18:47:00.888  6502  6502 D AndroidRuntime: Shutting down VM
08-05 18:47:00.988 13866 13866 I GoogleInputMethodServic: GoogleInputMethodService.onFinishInput():3138 
08-05 18:47:00.990 13866 13866 I GoogleInputMethodServic: GoogleInputMethodService.onStartInput():1808 
08-05 18:47:01.033 31004  5910 I art     : Starting a blocking GC Explicit
08-05 18:47:01.055 31004  5910 I art     : Explicit concurrent mark sweep GC freed 4488(358KB) AllocSpace objects, 10(200KB) LOS objects, 30% free, 36MB/52MB, paused 836us total 21.582ms
08-05 18:47:01.063 31004  5910 I art     : Starting a blocking GC Explicit
08-05 18:47:01.083 31004  5910 I art     : Explicit concurrent mark sweep GC freed 280(12KB) AllocSpace objects, 1(28KB) LOS objects, 30% free, 36MB/52MB, paused 740us total 19.895ms
08-05 18:47:01.090 31004  5910 I art     : Starting a blocking GC Explicit
08-05 18:47:01.111 31004  5910 I art     : Explicit concurrent mark sweep GC freed 57(2688B) AllocSpace objects, 0(0B) LOS objects, 30% free, 36MB/52MB, paused 656us total 20.780ms
08-05 18:47:01.118 31004  5910 I art     : Starting a blocking GC Explicit
08-05 18:47:01.139 31004  5910 I art     : Explicit concurrent mark sweep GC freed 23(2864B) AllocSpace objects, 0(0B) LOS objects, 30% free, 36MB/52MB, paused 684us total 20.623ms
08-05 18:47:01.146 31004  5910 I art     : Starting a blocking GC Explicit
08-05 18:47:01.168 31004  5910 I art     : Explicit concurrent mark sweep GC freed 3(96B) AllocSpace objects, 0(0B) LOS objects, 30% free, 36MB/52MB, paused 710us total 21.344ms
08-05 18:47:01.463 31004 31016 I art     : Starting a blocking GC Explicit
08-05 18:47:01.489 31004 31016 I art     : Explicit concurrent mark sweep GC freed 2739(144KB) AllocSpace objects, 1(20KB) LOS objects, 30% free, 36MB/52MB, paused 759us total 26.587ms
08-05 18:47:01.499 31004 31016 I art     : Starting a blocking GC Explicit
08-05 18:47:01.526 31004 31016 I art     : Explicit concurrent mark sweep GC freed 879(65KB) AllocSpace objects, 2(120KB) LOS objects, 30% free, 36MB/52MB, paused 1.061ms total 25.989ms
08-05 18:47:01.535 31004 31016 I art     : Starting a blocking GC Explicit
08-05 18:47:01.558 31004 31016 I art     : Explicit concurrent mark sweep GC freed 2029(111KB) AllocSpace objects, 1(80KB) LOS objects, 30% free, 36MB/52MB, paused 800us total 23.200ms
08-05 18:47:01.566 31004 31016 I art     : Starting a blocking GC Explicit
08-05 18:47:01.584 31004  6535 I NAPPA_EXPERIMENTATION: MetricNetworkRequestExecutionTime: REQUEST_DURATION_SYSTEM='588',REQUEST_DURATION_OKHTTP='38',REQUEST_SYNCHRONOUS='TRUE',RESPONSE_CODE='200',RESPONSE_METHOD='GET',RESPONSE_LENGTH_OKHTTP='-1',RESPONSE_LENGTH_HEADER='12364',REQUEST_PROTOCOL='http/1.1',REQUEST_URL='https://www.newsblur.com/social/river_stories?order=newest&page=2&read_filter=all&global_feed=true',
08-05 18:47:01.585 31004  6535 D MY_TAG  : 0, 588
08-05 18:47:01.588 31004 31016 I art     : Explicit concurrent mark sweep GC freed 700(82KB) AllocSpace objects, 0(0B) LOS objects, 30% free, 36MB/52MB, paused 760us total 21.895ms
08-05 18:47:01.596 31004 31016 I art     : Starting a blocking GC Explicit
08-05 18:47:01.620 31004 31016 I art     : Explicit concurrent mark sweep GC freed 6723(314KB) AllocSpace objects, 3(176KB) LOS objects, 30% free, 36MB/52MB, paused 930us total 23.392ms
08-05 18:47:01.931 31004  5910 I art     : Starting a blocking GC Explicit
08-05 18:47:01.964 31004  5910 I art     : Explicit concurrent mark sweep GC freed 28273(1999KB) AllocSpace objects, 30(684KB) LOS objects, 30% free, 36MB/52MB, paused 633us total 32.054ms
08-05 18:47:01.972 31004  5910 I art     : Starting a blocking GC Explicit
08-05 18:47:01.999 31004  5910 I art     : Explicit concurrent mark sweep GC freed 2358(201KB) AllocSpace objects, 0(0B) LOS objects, 30% free, 36MB/52MB, paused 768us total 26.573ms
08-05 18:47:02.006 31004  5910 I art     : Starting a blocking GC Explicit
08-05 18:47:02.031 31004  5910 I art     : Explicit concurrent mark sweep GC freed 7(224B) AllocSpace objects, 0(0B) LOS objects, 30% free, 36MB/52MB, paused 672us total 24.748ms
08-05 18:47:02.038 31004  5910 I art     : Starting a blocking GC Explicit
08-05 18:47:02.061 31004  5910 I art     : Explicit concurrent mark sweep GC freed 8(256B) AllocSpace objects, 0(0B) LOS objects, 30% free, 36MB/52MB, paused 653us total 22.972ms
08-05 18:47:02.068 31004  5910 I art     : Starting a blocking GC Explicit
08-05 18:47:02.089 31004  5910 I art     : Explicit concurrent mark sweep GC freed 6(192B) AllocSpace objects, 0(0B) LOS objects, 30% free, 36MB/52MB, paused 595us total 20.977ms
08-05 18:47:02.381 31004  5910 I art     : Starting a blocking GC Explicit
08-05 18:47:02.406 31004  5910 I art     : Explicit concurrent mark sweep GC freed 1439(82KB) AllocSpace objects, 1(20KB) LOS objects, 30% free, 36MB/52MB, paused 804us total 24.793ms
08-05 18:47:02.416 31004  5910 I art     : Starting a blocking GC Explicit
08-05 18:47:02.429  6560  6560 D AndroidRuntime: >>>>>> START com.android.internal.os.RuntimeInit uid 2000 <<<<<<
08-05 18:47:02.433  6560  6560 D AndroidRuntime: CheckJNI is OFF
08-05 18:47:02.438 31004  5910 I art     : Explicit concurrent mark sweep GC freed 21(736B) AllocSpace objects, 0(0B) LOS objects, 30% free, 36MB/52MB, paused 684us total 22.145ms
08-05 18:47:02.446 31004  5910 I art     : Starting a blocking GC Explicit
08-05 18:47:02.459  6560  6560 D ICU     : No timezone override file found: /data/misc/zoneinfo/current/icu/icu_tzdata.dat
08-05 18:47:02.467 31004  5910 I art     : Explicit concurrent mark sweep GC freed 3(96B) AllocSpace objects, 0(0B) LOS objects, 30% free, 36MB/52MB, paused 711us total 19.924ms
08-05 18:47:02.473 31004  5910 I art     : Starting a blocking GC Explicit
08-05 18:47:02.483  6560  6560 I Radio-JNI: register_android_hardware_Radio DONE
08-05 18:47:02.494 31004  5910 I art     : Explicit concurrent mark sweep GC freed 3(96B) AllocSpace objects, 0(0B) LOS objects, 30% free, 36MB/52MB, paused 677us total 20.320ms
08-05 18:47:02.499  6560  6560 D AndroidRuntime: Calling main entry com.android.commands.input.Input
08-05 18:47:02.500 31004  5910 I art     : Starting a blocking GC Explicit
08-05 18:47:02.501  6560  6560 I Input   : injectMotionEvent: MotionEvent { action=ACTION_DOWN, actionButton=0, id[0]=0, x[0]=435.0, y[0]=858.0, toolType[0]=TOOL_TYPE_UNKNOWN, buttonState=0, metaState=0, flags=0x0, edgeFlags=0x0, pointerCount=1, historySize=0, eventTime=816438914, downTime=816438914, deviceId=0, source=0x1002 }
08-05 18:47:02.506  6560  6560 I Input   : injectMotionEvent: MotionEvent { action=ACTION_UP, actionButton=0, id[0]=0, x[0]=435.0, y[0]=858.0, toolType[0]=TOOL_TYPE_UNKNOWN, buttonState=0, metaState=0, flags=0x0, edgeFlags=0x0, pointerCount=1, historySize=0, eventTime=816438914, downTime=816438914, deviceId=0, source=0x1002 }
08-05 18:47:02.508  6560  6560 D AndroidRuntime: Shutting down VM
08-05 18:47:02.522 31004  5910 I art     : Explicit concurrent mark sweep GC freed 10(304B) AllocSpace objects, 0(0B) LOS objects, 30% free, 36MB/52MB, paused 760us total 21.653ms
08-05 18:47:02.524   512  2967 D audio_hw_primary: out_set_parameters: enter: usecase(1: low-latency-playback) kvpairs: routing=2
08-05 18:47:02.526   918   929 I ActivityManager: START u0 {cmp=baseline.com.newsblur/.activity.GlobalSharedStoriesReading (has extras)} from uid 10676 on display 0
08-05 18:47:02.537   512  2967 D audio_hw_primary: select_devices: out_snd_device(2: speaker) in_snd_device(0: none)
08-05 18:47:02.537   512  2967 D msm8974_platform: platform_send_audio_calibration: sending audio calibration for snd_device(2) acdb_id(15)
08-05 18:47:02.537   512  2967 I soundtrigger: audio_extn_sound_trigger_update_device_status: device 0x2 of type 0 for Event 1
08-05 18:47:02.546   512  2967 D audio_hw_primary: enable_snd_device: snd_device(2: speaker)
08-05 18:47:02.548   512  2967 D audio_hw_primary: enable_audio_route: apply and update mixer path: low-latency-playback speaker
08-05 18:47:02.680   918   936 I ActivityManager: Displayed baseline.com.newsblur/.activity.GlobalSharedStoriesReading: +145ms
08-05 18:47:02.680 13866 13866 I GoogleInputMethodServic: GoogleInputMethodService.onFinishInput():3138 
08-05 18:47:02.681 13866 13866 I GoogleInputMethodServic: GoogleInputMethodService.onStartInput():1808 
08-05 18:47:02.780 31004 31015 I art     : Starting a blocking GC Explicit
08-05 18:47:02.814 31004 31015 I art     : Explicit concurrent mark sweep GC freed 6197(508KB) AllocSpace objects, 19(844KB) LOS objects, 29% free, 37MB/53MB, paused 1.060ms total 33.891ms
08-05 18:47:02.822 31004 31015 I art     : Starting a blocking GC Explicit
08-05 18:47:02.836 31004  5674 E SQLiteLog: (9) statement aborts at 125: [SELECT authors,short_content,timestamp,sharedDate,stories.feed_id,stories._id,intelligence_authors,intelligence_feed,intelligence_tags,intelligence_total,intelligence_title,permalink,
08-05 18:47:02.851 31004 31015 I art     : Explicit concurrent mark sweep GC freed 4232(300KB) AllocSpace objects, 6(128KB) LOS objects, 29% free, 37MB/53MB, paused 1.608ms total 28.610ms
08-05 18:47:02.860 31004 31015 I art     : Starting a blocking GC Explicit
08-05 18:47:02.887 31004 31015 I art     : Explicit concurrent mark sweep GC freed 1854(147KB) AllocSpace objects, 2(40KB) LOS objects, 29% free, 37MB/53MB, paused 1.061ms total 27.339ms
08-05 18:47:02.893 31004  6243 E chromium: [ERROR:tile_manager.cc(793)] WARNING: tile memory limits exceeded, some content may not draw
08-05 18:47:02.894 31004  6243 E chromium: [ERROR:tile_manager.cc(793)] WARNING: tile memory limits exceeded, some content may not draw
08-05 18:47:02.896 31004 31015 I art     : Starting a blocking GC Explicit
08-05 18:47:02.920 31004 31015 I art     : Explicit concurrent mark sweep GC freed 664(30KB) AllocSpace objects, 0(0B) LOS objects, 29% free, 37MB/53MB, paused 791us total 24.358ms
08-05 18:47:02.928 31004 31015 I art     : Starting a blocking GC Explicit
08-05 18:47:02.951 31004 31015 I art     : Explicit concurrent mark sweep GC freed 64(2640B) AllocSpace objects, 0(0B) LOS objects, 29% free, 37MB/53MB, paused 764us total 22.898ms
08-05 18:47:03.035   518   646 I ThermalEngine: ACTION: GPU - Setting GPU[0] to 510000000
08-05 18:47:03.089   512  2967 D audio_hw_primary: disable_audio_route: reset and update mixer path: low-latency-playback speaker
08-05 18:47:03.091   512  2967 D audio_hw_primary: disable_snd_device: snd_device(2: speaker)
08-05 18:47:03.101   512  2967 I soundtrigger: audio_extn_sound_trigger_update_device_status: device 0x2 of type 0 for Event 0
08-05 18:47:03.251 31004 31015 I art     : Starting a blocking GC Explicit
08-05 18:47:03.287 31004 31015 I art     : Explicit concurrent mark sweep GC freed 1637(105KB) AllocSpace objects, 3(68KB) LOS objects, 29% free, 37MB/53MB, paused 1.082ms total 35.731ms
08-05 18:47:03.298 31004 31015 I art     : Starting a blocking GC Explicit
08-05 18:47:03.331 31004 31015 I art     : Explicit concurrent mark sweep GC freed 37(1440B) AllocSpace objects, 0(0B) LOS objects, 29% free, 37MB/53MB, paused 921us total 33.520ms
08-05 18:47:03.342 31004 31015 I art     : Starting a blocking GC Explicit
08-05 18:47:03.374 31004 31015 I art     : Explicit concurrent mark sweep GC freed 949(68KB) AllocSpace objects, 2(120KB) LOS objects, 29% free, 37MB/53MB, paused 1.212ms total 32.647ms
08-05 18:47:03.384 31004 31015 I art     : Starting a blocking GC Explicit
08-05 18:47:03.416 31004 31015 I art     : Explicit concurrent mark sweep GC freed 2146(146KB) AllocSpace objects, 1(80KB) LOS objects, 29% free, 37MB/53MB, paused 1.115ms total 31.811ms
08-05 18:47:03.427 31004 31015 I art     : Starting a blocking GC Explicit
08-05 18:47:03.431 31004  6594 E baseline.com.newsblur.network.APIResponse: Error (unexpected end of stream on https://www.newsblur.com/...) calling https://www.newsblur.com/reader/mark_story_hashes_as_read/
08-05 18:47:03.431 31004  6594 E baseline.com.newsblur.network.APIResponse: java.io.IOException: unexpected end of stream on https://www.newsblur.com/...
08-05 18:47:03.431 31004  6594 E baseline.com.newsblur.network.APIResponse: 	at okhttp3.internal.http1.Http1ExchangeCodec.readResponseHeaders(Http1ExchangeCodec.java:236)
08-05 18:47:03.431 31004  6594 E baseline.com.newsblur.network.APIResponse: 	at okhttp3.internal.connection.Exchange.readResponseHeaders(Exchange.java:115)
08-05 18:47:03.431 31004  6594 E baseline.com.newsblur.network.APIResponse: 	at okhttp3.internal.http.CallServerInterceptor.intercept(CallServerInterceptor.java:94)
08-05 18:47:03.431 31004  6594 E baseline.com.newsblur.network.APIResponse: 	at okhttp3.internal.http.RealInterceptorChain.proceed(RealInterceptorChain.java:142)
08-05 18:47:03.431 31004  6594 E baseline.com.newsblur.network.APIResponse: 	at okhttp3.internal.connection.ConnectInterceptor.intercept(ConnectInterceptor.java:43)
08-05 18:47:03.431 31004  6594 E baseline.com.newsblur.network.APIResponse: 	at okhttp3.internal.http.RealInterceptorChain.proceed(RealInterceptorChain.java:142)
08-05 18:47:03.431 31004  6594 E baseline.com.newsblur.network.APIResponse: 	at okhttp3.internal.http.RealInterceptorChain.proceed(RealInterceptorChain.java:117)
08-05 18:47:03.431 31004  6594 E baseline.com.newsblur.network.APIResponse: 	at okhttp3.internal.cache.CacheInterceptor.intercept(CacheInterceptor.java:94)
08-05 18:47:03.431 31004  6594 E baseline.com.newsblur.network.APIResponse: 	at okhttp3.internal.http.RealInterceptorChain.proceed(RealInterceptorChain.java:142)
08-05 18:47:03.431 31004  6594 E baseline.com.newsblur.network.APIResponse: 	at okhttp3.internal.http.RealInterceptorChain.proceed(RealInterceptorChain.java:117)
08-05 18:47:03.431 31004  6594 E baseline.com.newsblur.network.APIResponse: 	at okhttp3.internal.http.BridgeInterceptor.intercept(BridgeInterceptor.java:93)
08-05 18:47:03.431 31004  6594 E baseline.com.newsblur.network.APIResponse: 	at okhttp3.internal.http.RealInterceptorChain.proceed(RealInterceptorChain.java:142)
08-05 18:47:03.431 31004  6594 E baseline.com.newsblur.network.APIResponse: 	at okhttp3.internal.http.RetryAndFollowUpInterceptor.intercept(RetryAndFollowUpInterceptor.java:88)
08-05 18:47:03.431 31004  6594 E baseline.com.newsblur.network.APIResponse: 	at okhttp3.internal.http.RealInterceptorChain.proceed(RealInterceptorChain.java:142)
08-05 18:47:03.431 31004  6594 E baseline.com.newsblur.network.APIResponse: 	at okhttp3.internal.http.RealInterceptorChain.proceed(RealInterceptorChain.java:117)
08-05 18:47:03.431 31004  6594 E baseline.com.newsblur.network.APIResponse: 	at okhttp3.RealCall.getResponseWithInterceptorChain(RealCall.java:229)
08-05 18:47:03.431 31004  6594 E baseline.com.newsblur.network.APIResponse: 	at okhttp3.RealCall.execute(RealCall.java:81)
08-05 18:47:03.431 31004  6594 E baseline.com.newsblur.network.APIResponse: 	at baseline.com.newsblur.network.APIResponse.<init>(APIResponse.java:57)
08-05 18:47:03.431 31004  6594 E baseline.com.newsblur.network.APIResponse: 	at baseline.com.newsblur.network.APIResponse.<init>(APIResponse.java:43)
08-05 18:47:03.431 31004  6594 E baseline.com.newsblur.network.APIResponse: 	at baseline.com.newsblur.network.APIManager.post_single(APIManager.java:702)
08-05 18:47:03.431 31004  6594 E baseline.com.newsblur.network.APIResponse: 	at baseline.com.newsblur.network.APIManager.post(APIManager.java:675)
08-05 18:47:03.431 31004  6594 E baseline.com.newsblur.network.APIResponse: 	at baseline.com.newsblur.network.APIManager.post(APIManager.java:714)
08-05 18:47:03.431 31004  6594 E baseline.com.newsblur.network.APIResponse: 	at baseline.com.newsblur.network.APIManager.markStoryAsRead(APIManager.java:205)
08-05 18:47:03.431 31004  6594 E baseline.com.newsblur.network.APIResponse: 	at baseline.com.newsblur.util.ReadingAction.doRemote(ReadingAction.java:281)
08-05 18:47:03.431 31004  6594 E baseline.com.newsblur.network.APIResponse: 	at baseline.com.newsblur.service.NBSyncService.syncActions(NBSyncService.java:400)
08-05 18:47:03.431 31004  6594 E baseline.com.newsblur.network.APIResponse: 	at baseline.com.newsblur.service.NBSyncService.doSync(NBSyncService.java:298)
08-05 18:47:03.431 31004  6594 E baseline.com.newsblur.network.APIResponse: 	at baseline.com.newsblur.service.NBSyncService.access$100(NBSyncService.java:67)
08-05 18:47:03.431 31004  6594 E baseline.com.newsblur.network.APIResponse: 	at baseline.com.newsblur.service.NBSyncService$1.run(NBSyncService.java:188)
08-05 18:47:03.431 31004  6594 E baseline.com.newsblur.network.APIResponse: 	at java.util.concurrent.ThreadPoolExecutor.runWorker(ThreadPoolExecutor.java:1113)
08-05 18:47:03.431 31004  6594 E baseline.com.newsblur.network.APIResponse: 	at java.util.concurrent.ThreadPoolExecutor$Worker.run(ThreadPoolExecutor.java:588)
08-05 18:47:03.431 31004  6594 E baseline.com.newsblur.network.APIResponse: 	at java.lang.Thread.run(Thread.java:818)
08-05 18:47:03.431 31004  6594 E baseline.com.newsblur.network.APIResponse: Caused by: java.io.EOFException: \n not found: limit=0 content=
08-05 18:47:03.431 31004  6594 E baseline.com.newsblur.network.APIResponse: 	at okio.RealBufferedSource.readUtf8LineStrict(RealBufferedSource.java:240)
08-05 18:47:03.431 31004  6594 E baseline.com.newsblur.network.APIResponse: 	at okhttp3.internal.http1.Http1ExchangeCodec.readHeaderLine(Http1ExchangeCodec.java:242)
08-05 18:47:03.431 31004  6594 E baseline.com.newsblur.network.APIResponse: 	at okhttp3.internal.http1.Http1ExchangeCodec.readResponseHeaders(Http1ExchangeCodec.java:213)
08-05 18:47:03.431 31004  6594 E baseline.com.newsblur.network.APIResponse: 	... 30 more
08-05 18:47:03.432 31004  6594 I baseline.com.newsblur.network.APIManager: API call failed, pausing before retry number 1
08-05 18:47:03.457 31004 31015 I art     : Explicit concurrent mark sweep GC freed 975(219KB) AllocSpace objects, 2(40KB) LOS objects, 29% free, 37MB/53MB, paused 871us total 30.313ms
08-05 18:47:03.773 31004  5669 I art     : Starting a blocking GC Explicit
08-05 18:47:03.811 31004  5669 I art     : Explicit concurrent mark sweep GC freed 1576(100KB) AllocSpace objects, 1(20KB) LOS objects, 29% free, 37MB/53MB, paused 952us total 38.186ms
08-05 18:47:03.822 31004  5669 I art     : Starting a blocking GC Explicit
08-05 18:47:03.854 31004  5669 I art     : Explicit concurrent mark sweep GC freed 50(1744B) AllocSpace objects, 0(0B) LOS objects, 29% free, 37MB/53MB, paused 942us total 32.351ms
08-05 18:47:03.864 31004  5669 I art     : Starting a blocking GC Explicit
08-05 18:47:03.896 31004  5669 I art     : Explicit concurrent mark sweep GC freed 3(96B) AllocSpace objects, 0(0B) LOS objects, 29% free, 37MB/53MB, paused 904us total 31.455ms
08-05 18:47:03.906 31004  5669 I art     : Starting a blocking GC Explicit
08-05 18:47:03.938 31004  5669 I art     : Explicit concurrent mark sweep GC freed 3(96B) AllocSpace objects, 0(0B) LOS objects, 29% free, 37MB/53MB, paused 968us total 31.826ms
08-05 18:47:03.948 31004  5669 I art     : Starting a blocking GC Explicit
08-05 18:47:03.960 31004  6243 E chromium: [ERROR:tile_manager.cc(793)] WARNING: tile memory limits exceeded, some content may not draw
08-05 18:47:03.960 31004  6243 E chromium: [ERROR:tile_manager.cc(793)] WARNING: tile memory limits exceeded, some content may not draw
08-05 18:47:03.974 31004  6243 E chromium: [ERROR:tile_manager.cc(793)] WARNING: tile memory limits exceeded, some content may not draw
08-05 18:47:03.975 31004  6243 E chromium: [ERROR:tile_manager.cc(793)] WARNING: tile memory limits exceeded, some content may not draw
08-05 18:47:03.981 31004  5669 I art     : Explicit concurrent mark sweep GC freed 41(1312B) AllocSpace objects, 0(0B) LOS objects, 29% free, 37MB/53MB, paused 1.384ms total 32.478ms
08-05 18:47:03.992 31004  6243 E chromium: [ERROR:tile_manager.cc(793)] WARNING: tile memory limits exceeded, some content may not draw
08-05 18:47:03.993 31004  6243 E chromium: [ERROR:tile_manager.cc(793)] WARNING: tile memory limits exceeded, some content may not draw
08-05 18:47:04.313 31004  5910 I art     : Starting a blocking GC Explicit
08-05 18:47:04.349 31004  5910 I art     : Explicit concurrent mark sweep GC freed 1557(87KB) AllocSpace objects, 1(20KB) LOS objects, 29% free, 37MB/53MB, paused 922us total 35.249ms
08-05 18:47:04.360 31004  5910 I art     : Starting a blocking GC Explicit
08-05 18:47:04.392 31004  5910 I art     : Explicit concurrent mark sweep GC freed 22(784B) AllocSpace objects, 0(0B) LOS objects, 29% free, 37MB/53MB, paused 870us total 31.326ms
08-05 18:47:04.401 31004  5910 I art     : Starting a blocking GC Explicit
08-05 18:47:04.433 31004  5910 I art     : Explicit concurrent mark sweep GC freed 3(96B) AllocSpace objects, 0(0B) LOS objects, 29% free, 37MB/53MB, paused 881us total 31.120ms
08-05 18:47:04.443 31004  5910 I art     : Starting a blocking GC Explicit
08-05 18:47:04.475 31004  5910 I art     : Explicit concurrent mark sweep GC freed 3(96B) AllocSpace objects, 0(0B) LOS objects, 29% free, 37MB/53MB, paused 899us total 31.701ms
08-05 18:47:04.485 31004  5910 I art     : Starting a blocking GC Explicit
08-05 18:47:04.517 31004  5910 I art     : Explicit concurrent mark sweep GC freed 3(96B) AllocSpace objects, 0(0B) LOS objects, 29% free, 37MB/53MB, paused 1.031ms total 31.734ms
08-05 18:47:04.862 31004 31015 I art     : Starting a blocking GC Explicit
08-05 18:47:04.897 31004 31015 I art     : Explicit concurrent mark sweep GC freed 1441(83KB) AllocSpace objects, 1(20KB) LOS objects, 29% free, 37MB/53MB, paused 1.026ms total 35.506ms
08-05 18:47:04.909 31004 31015 I art     : Starting a blocking GC Explicit
08-05 18:47:04.942 31004 31015 I art     : Explicit concurrent mark sweep GC freed 113(4KB) AllocSpace objects, 0(0B) LOS objects, 29% free, 37MB/53MB, paused 941us total 33.419ms
08-05 18:47:04.952 31004 31015 I art     : Starting a blocking GC Explicit
08-05 18:47:04.981 31004 31015 I art     : Explicit concurrent mark sweep GC freed 9(352B) AllocSpace objects, 0(0B) LOS objects, 29% free, 37MB/53MB, paused 900us total 29.485ms
08-05 18:47:04.991 31004 31015 I art     : Starting a blocking GC Explicit
08-05 18:47:05.023 31004 31015 I art     : Explicit concurrent mark sweep GC freed 71(5KB) AllocSpace objects, 0(0B) LOS objects, 29% free, 37MB/53MB, paused 943us total 31.536ms
08-05 18:47:05.033 31004 31015 I art     : Starting a blocking GC Explicit
08-05 18:47:05.064 31004 31015 I art     : Explicit concurrent mark sweep GC freed 9(400B) AllocSpace objects, 0(0B) LOS objects, 29% free, 37MB/53MB, paused 890us total 31.183ms
08-05 18:47:05.409 31004  5669 I art     : Starting a blocking GC Explicit
08-05 18:47:05.448 31004  5669 I art     : Explicit concurrent mark sweep GC freed 3036(145KB) AllocSpace objects, 1(20KB) LOS objects, 29% free, 37MB/53MB, paused 1.069ms total 38.213ms
08-05 18:47:05.458 31004  5669 I art     : Starting a blocking GC Explicit
08-05 18:47:05.480 31004  6594 E baseline.com.newsblur.network.APIResponse: Error (unexpected end of stream on https://www.newsblur.com/...) calling https://www.newsblur.com/reader/mark_story_hashes_as_read/
08-05 18:47:05.480 31004  6594 E baseline.com.newsblur.network.APIResponse: java.io.IOException: unexpected end of stream on https://www.newsblur.com/...
08-05 18:47:05.480 31004  6594 E baseline.com.newsblur.network.APIResponse: 	at okhttp3.internal.http1.Http1ExchangeCodec.readResponseHeaders(Http1ExchangeCodec.java:236)
08-05 18:47:05.480 31004  6594 E baseline.com.newsblur.network.APIResponse: 	at okhttp3.internal.connection.Exchange.readResponseHeaders(Exchange.java:115)
08-05 18:47:05.480 31004  6594 E baseline.com.newsblur.network.APIResponse: 	at okhttp3.internal.http.CallServerInterceptor.intercept(CallServerInterceptor.java:94)
08-05 18:47:05.480 31004  6594 E baseline.com.newsblur.network.APIResponse: 	at okhttp3.internal.http.RealInterceptorChain.proceed(RealInterceptorChain.java:142)
08-05 18:47:05.480 31004  6594 E baseline.com.newsblur.network.APIResponse: 	at okhttp3.internal.connection.ConnectInterceptor.intercept(ConnectInterceptor.java:43)
08-05 18:47:05.480 31004  6594 E baseline.com.newsblur.network.APIResponse: 	at okhttp3.internal.http.RealInterceptorChain.proceed(RealInterceptorChain.java:142)
08-05 18:47:05.480 31004  6594 E baseline.com.newsblur.network.APIResponse: 	at okhttp3.internal.http.RealInterceptorChain.proceed(RealInterceptorChain.java:117)
08-05 18:47:05.480 31004  6594 E baseline.com.newsblur.network.APIResponse: 	at okhttp3.internal.cache.CacheInterceptor.intercept(CacheInterceptor.java:94)
08-05 18:47:05.480 31004  6594 E baseline.com.newsblur.network.APIResponse: 	at okhttp3.internal.http.RealInterceptorChain.proceed(RealInterceptorChain.java:142)
08-05 18:47:05.480 31004  6594 E baseline.com.newsblur.network.APIResponse: 	at okhttp3.internal.http.RealInterceptorChain.proceed(RealInterceptorChain.java:117)
08-05 18:47:05.480 31004  6594 E baseline.com.newsblur.network.APIResponse: 	at okhttp3.internal.http.BridgeInterceptor.intercept(BridgeInterceptor.java:93)
08-05 18:47:05.480 31004  6594 E baseline.com.newsblur.network.APIResponse: 	at okhttp3.internal.http.RealInterceptorChain.proceed(RealInterceptorChain.java:142)
08-05 18:47:05.480 31004  6594 E baseline.com.newsblur.network.APIResponse: 	at okhttp3.internal.http.RetryAndFollowUpInterceptor.intercept(RetryAndFollowUpInterceptor.java:88)
08-05 18:47:05.480 31004  6594 E baseline.com.newsblur.network.APIResponse: 	at okhttp3.internal.http.RealInterceptorChain.proceed(RealInterceptorChain.java:142)
08-05 18:47:05.480 31004  6594 E baseline.com.newsblur.network.APIResponse: 	at okhttp3.internal.http.RealInterceptorChain.proceed(RealInterceptorChain.java:117)
08-05 18:47:05.480 31004  6594 E baseline.com.newsblur.network.APIResponse: 	at okhttp3.RealCall.getResponseWithInterceptorChain(RealCall.java:229)
08-05 18:47:05.480 31004  6594 E baseline.com.newsblur.network.APIResponse: 	at okhttp3.RealCall.execute(RealCall.java:81)
08-05 18:47:05.480 31004  6594 E baseline.com.newsblur.network.APIResponse: 	at baseline.com.newsblur.network.APIResponse.<init>(APIResponse.java:57)
08-05 18:47:05.480 31004  6594 E baseline.com.newsblur.network.APIResponse: 	at baseline.com.newsblur.network.APIResponse.<init>(APIResponse.java:43)
08-05 18:47:05.480 31004  6594 E baseline.com.newsblur.network.APIResponse: 	at baseline.com.newsblur.network.APIManager.post_single(APIManager.java:702)
08-05 18:47:05.480 31004  6594 E baseline.com.newsblur.network.APIResponse: 	at baseline.com.newsblur.network.APIManager.post(APIManager.java:675)
08-05 18:47:05.480 31004  6594 E baseline.com.newsblur.network.APIResponse: 	at baseline.com.newsblur.network.APIManager.post(APIManager.java:714)
08-05 18:47:05.480 31004  6594 E baseline.com.newsblur.network.APIResponse: 	at baseline.com.newsblur.network.APIManager.markStoryAsRead(APIManager.java:205)
08-05 18:47:05.480 31004  6594 E baseline.com.newsblur.network.APIResponse: 	at baseline.com.newsblur.util.ReadingAction.doRemote(ReadingAction.java:281)
08-05 18:47:05.480 31004  6594 E baseline.com.newsblur.network.APIResponse: 	at baseline.com.newsblur.service.NBSyncService.syncActions(NBSyncService.java:400)
08-05 18:47:05.480 31004  6594 E baseline.com.newsblur.network.APIResponse: 	at baseline.com.newsblur.service.NBSyncService.doSync(NBSyncService.java:298)
08-05 18:47:05.480 31004  6594 E baseline.com.newsblur.network.APIResponse: 	at baseline.com.newsblur.service.NBSyncService.access$100(NBSyncService.java:67)
08-05 18:47:05.480 31004  6594 E baseline.com.newsblur.network.APIResponse: 	at baseline.com.newsblur.service.NBSyncService$1.run(NBSyncService.java:188)
08-05 18:47:05.480 31004  6594 E baseline.com.newsblur.network.APIResponse: 	at java.util.concurrent.ThreadPoolExecutor.runWorker(ThreadPoolExecutor.java:1113)
08-05 18:47:05.480 31004  6594 E baseline.com.newsblur.network.APIResponse: 	at java.util.concurrent.ThreadPoolExecutor$Worker.run(ThreadPoolExecutor.java:588)
08-05 18:47:05.480 31004  6594 E baseline.com.newsblur.network.APIResponse: 	at java.lang.Thread.run(Thread.java:818)
08-05 18:47:05.480 31004  6594 E baseline.com.newsblur.network.APIResponse: Caused by: java.io.EOFException: \n not found: limit=0 content=
08-05 18:47:05.480 31004  6594 E baseline.com.newsblur.network.APIResponse: 	at okio.RealBufferedSource.readUtf8LineStrict(RealBufferedSource.java:240)
08-05 18:47:05.480 31004  6594 E baseline.com.newsblur.network.APIResponse: 	at okhttp3.internal.http1.Http1ExchangeCodec.readHeaderLine(Http1ExchangeCodec.java:242)
08-05 18:47:05.480 31004  6594 E baseline.com.newsblur.network.APIResponse: 	at okhttp3.internal.http1.Http1ExchangeCodec.readResponseHeaders(Http1ExchangeCodec.java:213)
08-05 18:47:05.480 31004  6594 E baseline.com.newsblur.network.APIResponse: 	... 30 more
08-05 18:47:05.482 31004  6594 I baseline.com.newsblur.network.APIManager: API call failed, pausing before retry number 2
08-05 18:47:05.492 31004  5669 I art     : Explicit concurrent mark sweep GC freed 896(198KB) AllocSpace objects, 2(40KB) LOS objects, 29% free, 37MB/53MB, paused 881us total 33.765ms
08-05 18:47:05.502 31004  5669 I art     : Starting a blocking GC Explicit
08-05 18:47:05.534 31004  5669 I art     : Explicit concurrent mark sweep GC freed 107(16KB) AllocSpace objects, 0(0B) LOS objects, 29% free, 37MB/53MB, paused 1.036ms total 31.236ms
08-05 18:47:05.544 31004  5669 I art     : Starting a blocking GC Explicit
08-05 18:47:05.573 31004  5669 I art     : Explicit concurrent mark sweep GC freed 25(832B) AllocSpace objects, 0(0B) LOS objects, 29% free, 37MB/53MB, paused 916us total 29.183ms
08-05 18:47:05.582 31004  5669 I art     : Starting a blocking GC Explicit
08-05 18:47:05.614 31004  5669 I art     : Explicit concurrent mark sweep GC freed 3(96B) AllocSpace objects, 0(0B) LOS objects, 29% free, 37MB/53MB, paused 842us total 31.116ms
08-05 18:47:05.960 31004  5910 I art     : Starting a blocking GC Explicit
08-05 18:47:05.997 31004  5910 I art     : Explicit concurrent mark sweep GC freed 1440(83KB) AllocSpace objects, 1(20KB) LOS objects, 29% free, 37MB/53MB, paused 906us total 36.743ms
08-05 18:47:06.008 31004  5910 I art     : Starting a blocking GC Explicit
08-05 18:47:06.041 31004  5910 I art     : Explicit concurrent mark sweep GC freed 22(784B) AllocSpace objects, 0(0B) LOS objects, 29% free, 37MB/53MB, paused 873us total 33.609ms
08-05 18:47:06.051 31004  5910 I art     : Starting a blocking GC Explicit
08-05 18:47:06.083 31004  5910 I art     : Explicit concurrent mark sweep GC freed 3(96B) AllocSpace objects, 0(0B) LOS objects, 29% free, 37MB/53MB, paused 884us total 31.672ms
08-05 18:47:06.094 31004  5910 I art     : Starting a blocking GC Explicit
08-05 18:47:06.127 31004  5910 I art     : Explicit concurrent mark sweep GC freed 3(96B) AllocSpace objects, 0(0B) LOS objects, 29% free, 37MB/53MB, paused 1.036ms total 33.675ms
08-05 18:47:06.138 31004  5910 I art     : Starting a blocking GC Explicit
08-05 18:47:06.170 31004  5910 I art     : Explicit concurrent mark sweep GC freed 3(96B) AllocSpace objects, 0(0B) LOS objects, 29% free, 37MB/53MB, paused 967us total 31.919ms
08-05 18:47:06.522 31004  5669 I art     : Starting a blocking GC Explicit
08-05 18:47:06.559 31004  5669 I art     : Explicit concurrent mark sweep GC freed 1439(82KB) AllocSpace objects, 1(20KB) LOS objects, 29% free, 37MB/53MB, paused 906us total 37.170ms
08-05 18:47:06.571 31004  5669 I art     : Starting a blocking GC Explicit
08-05 18:47:06.605 31004  5669 I art     : Explicit concurrent mark sweep GC freed 22(784B) AllocSpace objects, 0(0B) LOS objects, 29% free, 37MB/53MB, paused 1.010ms total 34.245ms
08-05 18:47:06.615 31004  5669 I art     : Starting a blocking GC Explicit
08-05 18:47:06.647 31004  5669 I art     : Explicit concurrent mark sweep GC freed 3(96B) AllocSpace objects, 0(0B) LOS objects, 29% free, 37MB/53MB, paused 865us total 31.353ms
08-05 18:47:06.657 31004  5669 I art     : Starting a blocking GC Explicit
08-05 18:47:06.690 31004  5669 I art     : Explicit concurrent mark sweep GC freed 3(96B) AllocSpace objects, 0(0B) LOS objects, 29% free, 37MB/53MB, paused 957us total 32.397ms
08-05 18:47:06.700 31004  5669 I art     : Starting a blocking GC Explicit
08-05 18:47:06.732 31004  5669 I art     : Explicit concurrent mark sweep GC freed 3(96B) AllocSpace objects, 0(0B) LOS objects, 29% free, 37MB/53MB, paused 862us total 32.087ms
08-05 18:47:07.040 31004  5669 I art     : Starting a blocking GC Explicit
08-05 18:47:07.076 31004  5669 I art     : Explicit concurrent mark sweep GC freed 1438(82KB) AllocSpace objects, 1(20KB) LOS objects, 29% free, 37MB/53MB, paused 951us total 35.902ms
08-05 18:47:07.087 31004  5669 I art     : Starting a blocking GC Explicit
08-05 18:47:07.117 31004  5669 I art     : Explicit concurrent mark sweep GC freed 22(784B) AllocSpace objects, 0(0B) LOS objects, 29% free, 37MB/53MB, paused 978us total 30.195ms
08-05 18:47:07.127 31004  5669 I art     : Starting a blocking GC Explicit
08-05 18:47:07.156 31004  5669 I art     : Explicit concurrent mark sweep GC freed 3(96B) AllocSpace objects, 0(0B) LOS objects, 29% free, 37MB/53MB, paused 929us total 29.499ms
08-05 18:47:07.165 31004  5669 I art     : Starting a blocking GC Explicit
08-05 18:47:07.184  6668  6668 D AndroidRuntime: >>>>>> START com.android.internal.os.RuntimeInit uid 2000 <<<<<<
08-05 18:47:07.188  6668  6668 D AndroidRuntime: CheckJNI is OFF
08-05 18:47:07.196 31004  5669 I art     : Explicit concurrent mark sweep GC freed 3(96B) AllocSpace objects, 0(0B) LOS objects, 29% free, 37MB/53MB, paused 1.091ms total 30.178ms
08-05 18:47:07.205 31004  5669 I art     : Starting a blocking GC Explicit
08-05 18:47:07.221  6668  6668 D ICU     : No timezone override file found: /data/misc/zoneinfo/current/icu/icu_tzdata.dat
08-05 18:47:07.235 31004  5669 I art     : Explicit concurrent mark sweep GC freed 3(96B) AllocSpace objects, 0(0B) LOS objects, 29% free, 37MB/53MB, paused 1.029ms total 29.510ms
08-05 18:47:07.254  6668  6668 I Radio-JNI: register_android_hardware_Radio DONE
08-05 18:47:07.275  6668  6668 D AndroidRuntime: Calling main entry com.android.commands.input.Input
08-05 18:47:07.276  6668  6668 I Input   : injectKeyEvent: KeyEvent { action=ACTION_DOWN, keyCode=KEYCODE_BACK, scanCode=0, metaState=0, flags=0x0, repeatCount=0, eventTime=816443689, downTime=816443689, deviceId=-1, source=0x101 }
08-05 18:47:07.282  6668  6668 I Input   : injectKeyEvent: KeyEvent { action=ACTION_UP, keyCode=KEYCODE_BACK, scanCode=0, metaState=0, flags=0x0, repeatCount=0, eventTime=816443689, downTime=816443689, deviceId=-1, source=0x101 }
08-05 18:47:07.287  6668  6668 D AndroidRuntime: Shutting down VM
08-05 18:47:07.412 13866 13866 I GoogleInputMethodServic: GoogleInputMethodService.onFinishInput():3138 
08-05 18:47:07.412 13866 13866 I GoogleInputMethodServic: GoogleInputMethodService.onStartInput():1808 
08-05 18:47:07.525 31004 31016 I art     : Starting a blocking GC Explicit
08-05 18:47:07.557 31004 31016 I art     : Explicit concurrent mark sweep GC freed 3468(275KB) AllocSpace objects, 7(148KB) LOS objects, 29% free, 37MB/53MB, paused 935us total 31.534ms
08-05 18:47:07.567 31004 31016 I art     : Starting a blocking GC Explicit
08-05 18:47:07.597 31004 31016 I art     : Explicit concurrent mark sweep GC freed 175(8KB) AllocSpace objects, 0(0B) LOS objects, 29% free, 37MB/53MB, paused 1.024ms total 30.353ms
08-05 18:47:07.607 31004 31016 I art     : Starting a blocking GC Explicit
08-05 18:47:07.640 31004 31016 I art     : Explicit concurrent mark sweep GC freed 3(96B) AllocSpace objects, 0(0B) LOS objects, 29% free, 37MB/53MB, paused 992us total 32.105ms
08-05 18:47:07.651 31004 31016 I art     : Starting a blocking GC Explicit
08-05 18:47:07.687 31004 31016 I art     : Explicit concurrent mark sweep GC freed 3(96B) AllocSpace objects, 0(0B) LOS objects, 29% free, 37MB/53MB, paused 1.047ms total 35.754ms
08-05 18:47:07.698 31004 31016 I art     : Starting a blocking GC Explicit
08-05 18:47:07.732 31004 31016 I art     : Explicit concurrent mark sweep GC freed 3(96B) AllocSpace objects, 0(0B) LOS objects, 29% free, 37MB/53MB, paused 849us total 33.651ms
08-05 18:47:08.044   518   646 I ThermalEngine: ACTION: GPU - Setting GPU[0] to 450000000
08-05 18:47:08.063 31004 31016 I art     : Starting a blocking GC Explicit
08-05 18:47:08.112 31004 31016 I art     : Explicit concurrent mark sweep GC freed 3155(163KB) AllocSpace objects, 1(20KB) LOS objects, 29% free, 37MB/53MB, paused 1.190ms total 48.613ms
08-05 18:47:08.126 31004 31016 I art     : Starting a blocking GC Explicit
08-05 18:47:08.171 31004 31016 I art     : Explicit concurrent mark sweep GC freed 158(7KB) AllocSpace objects, 0(0B) LOS objects, 29% free, 37MB/53MB, paused 1.349ms total 44.895ms
08-05 18:47:08.185 31004 31016 I art     : Starting a blocking GC Explicit
08-05 18:47:08.229 31004 31016 I art     : Explicit concurrent mark sweep GC freed 9(288B) AllocSpace objects, 0(0B) LOS objects, 29% free, 37MB/53MB, paused 1.245ms total 44.662ms
08-05 18:47:08.244 31004 31016 I art     : Starting a blocking GC Explicit
08-05 18:47:08.288 31004 31016 I art     : Explicit concurrent mark sweep GC freed 11(352B) AllocSpace objects, 0(0B) LOS objects, 29% free, 37MB/53MB, paused 1.406ms total 44.343ms
08-05 18:47:08.301 31004 31016 I art     : Starting a blocking GC Explicit
08-05 18:47:08.346 31004 31016 I art     : Explicit concurrent mark sweep GC freed 9(288B) AllocSpace objects, 0(0B) LOS objects, 29% free, 37MB/53MB, paused 1.446ms total 44.217ms
08-05 18:47:08.693 31004 31016 I art     : Starting a blocking GC Explicit
08-05 18:47:08.741 31004 31016 I art     : Explicit concurrent mark sweep GC freed 1650(93KB) AllocSpace objects, 1(20KB) LOS objects, 29% free, 37MB/53MB, paused 1.353ms total 47.850ms
08-05 18:47:08.755 31004 31016 I art     : Starting a blocking GC Explicit
08-05 18:47:08.794 31004 31016 I art     : Explicit concurrent mark sweep GC freed 34(1232B) AllocSpace objects, 0(0B) LOS objects, 29% free, 37MB/53MB, paused 1.540ms total 38.693ms
08-05 18:47:08.806 31004 31016 I art     : Starting a blocking GC Explicit
08-05 18:47:08.843 31004 31016 I art     : Explicit concurrent mark sweep GC freed 9(288B) AllocSpace objects, 0(0B) LOS objects, 29% free, 37MB/53MB, paused 1.221ms total 36.713ms
08-05 18:47:08.854 31004 31016 I art     : Starting a blocking GC Explicit
08-05 18:47:08.890 31004 31016 I art     : Explicit concurrent mark sweep GC freed 6(192B) AllocSpace objects, 0(0B) LOS objects, 29% free, 37MB/53MB, paused 1.209ms total 35.507ms
08-05 18:47:08.902 31004 31016 I art     : Starting a blocking GC Explicit
08-05 18:47:08.937 31004 31016 I art     : Explicit concurrent mark sweep GC freed 3(96B) AllocSpace objects, 0(0B) LOS objects, 29% free, 37MB/53MB, paused 1.200ms total 34.810ms
08-05 18:47:09.033 31004  6594 E baseline.com.newsblur.network.APIResponse: Error (unexpected end of stream on https://www.newsblur.com/...) calling https://www.newsblur.com/reader/mark_story_hashes_as_read/
08-05 18:47:09.033 31004  6594 E baseline.com.newsblur.network.APIResponse: java.io.IOException: unexpected end of stream on https://www.newsblur.com/...
08-05 18:47:09.033 31004  6594 E baseline.com.newsblur.network.APIResponse: 	at okhttp3.internal.http1.Http1ExchangeCodec.readResponseHeaders(Http1ExchangeCodec.java:236)
08-05 18:47:09.033 31004  6594 E baseline.com.newsblur.network.APIResponse: 	at okhttp3.internal.connection.Exchange.readResponseHeaders(Exchange.java:115)
08-05 18:47:09.033 31004  6594 E baseline.com.newsblur.network.APIResponse: 	at okhttp3.internal.http.CallServerInterceptor.intercept(CallServerInterceptor.java:94)
08-05 18:47:09.033 31004  6594 E baseline.com.newsblur.network.APIResponse: 	at okhttp3.internal.http.RealInterceptorChain.proceed(RealInterceptorChain.java:142)
08-05 18:47:09.033 31004  6594 E baseline.com.newsblur.network.APIResponse: 	at okhttp3.internal.connection.ConnectInterceptor.intercept(ConnectInterceptor.java:43)
08-05 18:47:09.033 31004  6594 E baseline.com.newsblur.network.APIResponse: 	at okhttp3.internal.http.RealInterceptorChain.proceed(RealInterceptorChain.java:142)
08-05 18:47:09.033 31004  6594 E baseline.com.newsblur.network.APIResponse: 	at okhttp3.internal.http.RealInterceptorChain.proceed(RealInterceptorChain.java:117)
08-05 18:47:09.033 31004  6594 E baseline.com.newsblur.network.APIResponse: 	at okhttp3.internal.cache.CacheInterceptor.intercept(CacheInterceptor.java:94)
08-05 18:47:09.033 31004  6594 E baseline.com.newsblur.network.APIResponse: 	at okhttp3.internal.http.RealInterceptorChain.proceed(RealInterceptorChain.java:142)
08-05 18:47:09.033 31004  6594 E baseline.com.newsblur.network.APIResponse: 	at okhttp3.internal.http.RealInterceptorChain.proceed(RealInterceptorChain.java:117)
08-05 18:47:09.033 31004  6594 E baseline.com.newsblur.network.APIResponse: 	at okhttp3.internal.http.BridgeInterceptor.intercept(BridgeInterceptor.java:93)
08-05 18:47:09.033 31004  6594 E baseline.com.newsblur.network.APIResponse: 	at okhttp3.internal.http.RealInterceptorChain.proceed(RealInterceptorChain.java:142)
08-05 18:47:09.033 31004  6594 E baseline.com.newsblur.network.APIResponse: 	at okhttp3.internal.http.RetryAndFollowUpInterceptor.intercept(RetryAndFollowUpInterceptor.java:88)
08-05 18:47:09.033 31004  6594 E baseline.com.newsblur.network.APIResponse: 	at okhttp3.internal.http.RealInterceptorChain.proceed(RealInterceptorChain.java:142)
08-05 18:47:09.033 31004  6594 E baseline.com.newsblur.network.APIResponse: 	at okhttp3.internal.http.RealInterceptorChain.proceed(RealInterceptorChain.java:117)
08-05 18:47:09.033 31004  6594 E baseline.com.newsblur.network.APIResponse: 	at okhttp3.RealCall.getResponseWithInterceptorChain(RealCall.java:229)
08-05 18:47:09.033 31004  6594 E baseline.com.newsblur.network.APIResponse: 	at okhttp3.RealCall.execute(RealCall.java:81)
08-05 18:47:09.033 31004  6594 E baseline.com.newsblur.network.APIResponse: 	at baseline.com.newsblur.network.APIResponse.<init>(APIResponse.java:57)
08-05 18:47:09.033 31004  6594 E baseline.com.newsblur.network.APIResponse: 	at baseline.com.newsblur.network.APIResponse.<init>(APIResponse.java:43)
08-05 18:47:09.033 31004  6594 E baseline.com.newsblur.network.APIResponse: 	at baseline.com.newsblur.network.APIManager.post_single(APIManager.java:702)
08-05 18:47:09.033 31004  6594 E baseline.com.newsblur.network.APIResponse: 	at baseline.com.newsblur.network.APIManager.post(APIManager.java:675)
08-05 18:47:09.033 31004  6594 E baseline.com.newsblur.network.APIResponse: 	at baseline.com.newsblur.network.APIManager.post(APIManager.java:714)
08-05 18:47:09.033 31004  6594 E baseline.com.newsblur.network.APIResponse: 	at baseline.com.newsblur.network.APIManager.markStoryAsRead(APIManager.java:205)
08-05 18:47:09.033 31004  6594 E baseline.com.newsblur.network.APIResponse: 	at baseline.com.newsblur.util.ReadingAction.doRemote(ReadingAction.java:281)
08-05 18:47:09.033 31004  6594 E baseline.com.newsblur.network.APIResponse: 	at baseline.com.newsblur.service.NBSyncService.syncActions(NBSyncService.java:400)
08-05 18:47:09.033 31004  6594 E baseline.com.newsblur.network.APIResponse: 	at baseline.com.newsblur.service.NBSyncService.doSync(NBSyncService.java:298)
08-05 18:47:09.033 31004  6594 E baseline.com.newsblur.network.APIResponse: 	at baseline.com.newsblur.service.NBSyncService.access$100(NBSyncService.java:67)
08-05 18:47:09.033 31004  6594 E baseline.com.newsblur.network.APIResponse: 	at baseline.com.newsblur.service.NBSyncService$1.run(NBSyncService.java:188)
08-05 18:47:09.033 31004  6594 E baseline.com.newsblur.network.APIResponse: 	at java.util.concurrent.ThreadPoolExecutor.runWorker(ThreadPoolExecutor.java:1113)
08-05 18:47:09.033 31004  6594 E baseline.com.newsblur.network.APIResponse: 	at java.util.concurrent.ThreadPoolExecutor$Worker.run(ThreadPoolExecutor.java:588)
08-05 18:47:09.033 31004  6594 E baseline.com.newsblur.network.APIResponse: 	at java.lang.Thread.run(Thread.java:818)
08-05 18:47:09.033 31004  6594 E baseline.com.newsblur.network.APIResponse: Caused by: java.io.EOFException: \n not found: limit=0 content=
08-05 18:47:09.033 31004  6594 E baseline.com.newsblur.network.APIResponse: 	at okio.RealBufferedSource.readUtf8LineStrict(RealBufferedSource.java:240)
08-05 18:47:09.033 31004  6594 E baseline.com.newsblur.network.APIResponse: 	at okhttp3.internal.http1.Http1ExchangeCodec.readHeaderLine(Http1ExchangeCodec.java:242)
08-05 18:47:09.033 31004  6594 E baseline.com.newsblur.network.APIResponse: 	at okhttp3.internal.http1.Http1ExchangeCodec.readResponseHeaders(Http1ExchangeCodec.java:213)
08-05 18:47:09.033 31004  6594 E baseline.com.newsblur.network.APIResponse: 	... 30 more
08-05 18:47:09.034 31004  6594 I baseline.com.newsblur.service.NBSyncService: Holding reading action with server-side or network error.
08-05 18:47:09.044 31004  6594 W baseline.com.newsblur.service.NBSyncService: hard API failure
08-05 18:47:09.056  6716  6716 D AndroidRuntime: >>>>>> START com.android.internal.os.RuntimeInit uid 2000 <<<<<<
08-05 18:47:09.062  6716  6716 D AndroidRuntime: CheckJNI is OFF
08-05 18:47:09.104  6716  6716 D ICU     : No timezone override file found: /data/misc/zoneinfo/current/icu/icu_tzdata.dat
08-05 18:47:09.144  6716  6716 I Radio-JNI: register_android_hardware_Radio DONE
08-05 18:47:09.173  6716  6716 D AndroidRuntime: Calling main entry com.android.commands.input.Input
08-05 18:47:09.174  6716  6716 I Input   : injectKeyEvent: KeyEvent { action=ACTION_DOWN, keyCode=KEYCODE_BACK, scanCode=0, metaState=0, flags=0x0, repeatCount=0, eventTime=816445587, downTime=816445587, deviceId=-1, source=0x101 }
08-05 18:47:09.179  6716  6716 I Input   : injectKeyEvent: KeyEvent { action=ACTION_UP, keyCode=KEYCODE_BACK, scanCode=0, metaState=0, flags=0x0, repeatCount=0, eventTime=816445587, downTime=816445587, deviceId=-1, source=0x101 }
08-05 18:47:09.185  6716  6716 D AndroidRuntime: Shutting down VM
08-05 18:47:09.262 31004 31016 I art     : Starting a blocking GC Explicit
08-05 18:47:09.307 31004 31016 I art     : Explicit concurrent mark sweep GC freed 4689(472KB) AllocSpace objects, 9(180KB) LOS objects, 29% free, 37MB/53MB, paused 1.449ms total 44.078ms
08-05 18:47:09.320 31004 31016 I art     : Starting a blocking GC Explicit
08-05 18:47:09.357 31004 31016 I art     : Explicit concurrent mark sweep GC freed 3887(262KB) AllocSpace objects, 6(120KB) LOS objects, 29% free, 37MB/53MB, paused 1.685ms total 36.881ms
08-05 18:47:09.369 31004 31016 I art     : Starting a blocking GC Explicit
08-05 18:47:09.392 13866 13866 I GoogleInputMethodServic: GoogleInputMethodService.onFinishInput():3138 
08-05 18:47:09.393 13866 13866 I GoogleInputMethodServic: GoogleInputMethodService.onStartInput():1808 
08-05 18:47:09.412 31004 31016 I art     : Explicit concurrent mark sweep GC freed 5813(320KB) AllocSpace objects, 2(40KB) LOS objects, 29% free, 37MB/53MB, paused 1.625ms total 42.920ms
08-05 18:47:09.425 31004 31016 I art     : Starting a blocking GC Explicit
08-05 18:47:09.443 31004  6594 E baseline.com.newsblur.network.APIResponse: Error (unexpected end of stream on https://www.newsblur.com/...) calling https://www.newsblur.com/reader/mark_story_hashes_as_read/
08-05 18:47:09.443 31004  6594 E baseline.com.newsblur.network.APIResponse: java.io.IOException: unexpected end of stream on https://www.newsblur.com/...
08-05 18:47:09.443 31004  6594 E baseline.com.newsblur.network.APIResponse: 	at okhttp3.internal.http1.Http1ExchangeCodec.readResponseHeaders(Http1ExchangeCodec.java:236)
08-05 18:47:09.443 31004  6594 E baseline.com.newsblur.network.APIResponse: 	at okhttp3.internal.connection.Exchange.readResponseHeaders(Exchange.java:115)
08-05 18:47:09.443 31004  6594 E baseline.com.newsblur.network.APIResponse: 	at okhttp3.internal.http.CallServerInterceptor.intercept(CallServerInterceptor.java:94)
08-05 18:47:09.443 31004  6594 E baseline.com.newsblur.network.APIResponse: 	at okhttp3.internal.http.RealInterceptorChain.proceed(RealInterceptorChain.java:142)
08-05 18:47:09.443 31004  6594 E baseline.com.newsblur.network.APIResponse: 	at okhttp3.internal.connection.ConnectInterceptor.intercept(ConnectInterceptor.java:43)
08-05 18:47:09.443 31004  6594 E baseline.com.newsblur.network.APIResponse: 	at okhttp3.internal.http.RealInterceptorChain.proceed(RealInterceptorChain.java:142)
08-05 18:47:09.443 31004  6594 E baseline.com.newsblur.network.APIResponse: 	at okhttp3.internal.http.RealInterceptorChain.proceed(RealInterceptorChain.java:117)
08-05 18:47:09.443 31004  6594 E baseline.com.newsblur.network.APIResponse: 	at okhttp3.internal.cache.CacheInterceptor.intercept(CacheInterceptor.java:94)
08-05 18:47:09.443 31004  6594 E baseline.com.newsblur.network.APIResponse: 	at okhttp3.internal.http.RealInterceptorChain.proceed(RealInterceptorChain.java:142)
08-05 18:47:09.443 31004  6594 E baseline.com.newsblur.network.APIResponse: 	at okhttp3.internal.http.RealInterceptorChain.proceed(RealInterceptorChain.java:117)
08-05 18:47:09.443 31004  6594 E baseline.com.newsblur.network.APIResponse: 	at okhttp3.internal.http.BridgeInterceptor.intercept(BridgeInterceptor.java:93)
08-05 18:47:09.443 31004  6594 E baseline.com.newsblur.network.APIResponse: 	at okhttp3.internal.http.RealInterceptorChain.proceed(RealInterceptorChain.java:142)
08-05 18:47:09.443 31004  6594 E baseline.com.newsblur.network.APIResponse: 	at okhttp3.internal.http.RetryAndFollowUpInterceptor.intercept(RetryAndFollowUpInterceptor.java:88)
08-05 18:47:09.443 31004  6594 E baseline.com.newsblur.network.APIResponse: 	at okhttp3.internal.http.RealInterceptorChain.proceed(RealInterceptorChain.java:142)
08-05 18:47:09.443 31004  6594 E baseline.com.newsblur.network.APIResponse: 	at okhttp3.internal.http.RealInterceptorChain.proceed(RealInterceptorChain.java:117)
08-05 18:47:09.443 31004  6594 E baseline.com.newsblur.network.APIResponse: 	at okhttp3.RealCall.getResponseWithInterceptorChain(RealCall.java:229)
08-05 18:47:09.443 31004  6594 E baseline.com.newsblur.network.APIResponse: 	at okhttp3.RealCall.execute(RealCall.java:81)
08-05 18:47:09.443 31004  6594 E baseline.com.newsblur.network.APIResponse: 	at baseline.com.newsblur.network.APIResponse.<init>(APIResponse.java:57)
08-05 18:47:09.443 31004  6594 E baseline.com.newsblur.network.APIResponse: 	at baseline.com.newsblur.network.APIResponse.<init>(APIResponse.java:43)
08-05 18:47:09.443 31004  6594 E baseline.com.newsblur.network.APIResponse: 	at baseline.com.newsblur.network.APIManager.post_single(APIManager.java:702)
08-05 18:47:09.443 31004  6594 E baseline.com.newsblur.network.APIResponse: 	at baseline.com.newsblur.network.APIManager.post(APIManager.java:675)
08-05 18:47:09.443 31004  6594 E baseline.com.newsblur.network.APIResponse: 	at baseline.com.newsblur.network.APIManager.post(APIManager.java:714)
08-05 18:47:09.443 31004  6594 E baseline.com.newsblur.network.APIResponse: 	at baseline.com.newsblur.network.APIManager.markStoryAsRead(APIManager.java:205)
08-05 18:47:09.443 31004  6594 E baseline.com.newsblur.network.APIResponse: 	at baseline.com.newsblur.util.ReadingAction.doRemote(ReadingAction.java:281)
08-05 18:47:09.443 31004  6594 E baseline.com.newsblur.network.APIResponse: 	at baseline.com.newsblur.service.NBSyncService.syncActions(NBSyncService.java:400)
08-05 18:47:09.443 31004  6594 E baseline.com.newsblur.network.APIResponse: 	at baseline.com.newsblur.service.NBSyncService.doSync(NBSyncService.java:298)
08-05 18:47:09.443 31004  6594 E baseline.com.newsblur.network.APIResponse: 	at baseline.com.newsblur.service.NBSyncService.access$100(NBSyncService.java:67)
08-05 18:47:09.443 31004  6594 E baseline.com.newsblur.network.APIResponse: 	at baseline.com.newsblur.service.NBSyncService$1.run(NBSyncService.java:188)
08-05 18:47:09.443 31004  6594 E baseline.com.newsblur.network.APIResponse: 	at java.util.concurrent.ThreadPoolExecutor.runWorker(ThreadPoolExecutor.java:1113)
08-05 18:47:09.443 31004  6594 E baseline.com.newsblur.network.APIResponse: 	at java.util.concurrent.ThreadPoolExecutor$Worker.run(ThreadPoolExecutor.java:588)
08-05 18:47:09.443 31004  6594 E baseline.com.newsblur.network.APIResponse: 	at java.lang.Thread.run(Thread.java:818)
08-05 18:47:09.443 31004  6594 E baseline.com.newsblur.network.APIResponse: Caused by: java.io.EOFException: \n not found: limit=0 content=
08-05 18:47:09.443 31004  6594 E baseline.com.newsblur.network.APIResponse: 	at okio.RealBufferedSource.readUtf8LineStrict(RealBufferedSource.java:240)
08-05 18:47:09.443 31004  6594 E baseline.com.newsblur.network.APIResponse: 	at okhttp3.internal.http1.Http1ExchangeCodec.readHeaderLine(Http1ExchangeCodec.java:242)
08-05 18:47:09.443 31004  6594 E baseline.com.newsblur.network.APIResponse: 	at okhttp3.internal.http1.Http1ExchangeCodec.readResponseHeaders(Http1ExchangeCodec.java:213)
08-05 18:47:09.443 31004  6594 E baseline.com.newsblur.network.APIResponse: 	... 30 more
08-05 18:47:09.444 31004  6594 I baseline.com.newsblur.network.APIManager: API call failed, pausing before retry number 1
08-05 18:47:09.463 31004 31016 I art     : Explicit concurrent mark sweep GC freed 965(201KB) AllocSpace objects, 2(40KB) LOS objects, 29% free, 37MB/53MB, paused 1.177ms total 37.462ms
08-05 18:47:09.475 31004 31016 I art     : Starting a blocking GC Explicit
08-05 18:47:09.513 31004 31016 I art     : Explicit concurrent mark sweep GC freed 111(16KB) AllocSpace objects, 0(0B) LOS objects, 29% free, 37MB/53MB, paused 1.191ms total 37.488ms
08-05 18:47:09.853   918  3261 D WifiStateMachine: starting scan for "H369AA63323"WPA_PSK with 2412,5180
08-05 18:47:09.875 31004 31016 I art     : Starting a blocking GC Explicit
08-05 18:47:09.918 31004 31016 I art     : Explicit concurrent mark sweep GC freed 1925(104KB) AllocSpace objects, 1(20KB) LOS objects, 29% free, 37MB/53MB, paused 1.306ms total 42.211ms
08-05 18:47:09.931 31004 31016 I art     : Starting a blocking GC Explicit
08-05 18:47:09.971 31004 31016 I art     : Explicit concurrent mark sweep GC freed 165(7KB) AllocSpace objects, 0(0B) LOS objects, 29% free, 37MB/53MB, paused 1.323ms total 40.303ms
08-05 18:47:09.985 31004 31016 I art     : Starting a blocking GC Explicit
08-05 18:47:10.028 31004 31016 I art     : Explicit concurrent mark sweep GC freed 9(288B) AllocSpace objects, 0(0B) LOS objects, 29% free, 37MB/53MB, paused 1.346ms total 42.855ms
08-05 18:47:10.041 31004 31016 I art     : Starting a blocking GC Explicit
08-05 18:47:10.083 31004 31016 I art     : Explicit concurrent mark sweep GC freed 10(320B) AllocSpace objects, 0(0B) LOS objects, 29% free, 37MB/53MB, paused 1.290ms total 41.762ms
08-05 18:47:10.097 31004 31016 I art     : Starting a blocking GC Explicit
08-05 18:47:10.140 31004 31016 I art     : Explicit concurrent mark sweep GC freed 10(320B) AllocSpace objects, 0(0B) LOS objects, 29% free, 37MB/53MB, paused 1.348ms total 42.342ms
08-05 18:47:10.498 31004 31015 I art     : Starting a blocking GC Explicit
08-05 18:47:10.539 31004 31015 I art     : Explicit concurrent mark sweep GC freed 1483(84KB) AllocSpace objects, 1(20KB) LOS objects, 29% free, 37MB/53MB, paused 1.679ms total 40.546ms
08-05 18:47:10.552 31004 31015 I art     : Starting a blocking GC Explicit
08-05 18:47:10.594 31004 31015 I art     : Explicit concurrent mark sweep GC freed 28(976B) AllocSpace objects, 0(0B) LOS objects, 29% free, 37MB/53MB, paused 1.312ms total 41.658ms
08-05 18:47:10.607 31004 31015 I art     : Starting a blocking GC Explicit
08-05 18:47:10.648 31004 31015 I art     : Explicit concurrent mark sweep GC freed 9(288B) AllocSpace objects, 0(0B) LOS objects, 29% free, 37MB/53MB, paused 1.332ms total 40.488ms
08-05 18:47:10.660 31004 31015 I art     : Starting a blocking GC Explicit
08-05 18:47:10.702 31004 31015 I art     : Explicit concurrent mark sweep GC freed 11(352B) AllocSpace objects, 0(0B) LOS objects, 29% free, 37MB/53MB, paused 1.290ms total 41.638ms
08-05 18:47:10.715 31004 31015 I art     : Starting a blocking GC Explicit
08-05 18:47:10.756 31004 31015 I art     : Explicit concurrent mark sweep GC freed 9(288B) AllocSpace objects, 0(0B) LOS objects, 29% free, 37MB/53MB, paused 1.417ms total 40.672ms
08-05 18:47:10.959  6768  6768 D AndroidRuntime: >>>>>> START com.android.internal.os.RuntimeInit uid 2000 <<<<<<
08-05 18:47:10.965  6768  6768 D AndroidRuntime: CheckJNI is OFF
08-05 18:47:11.006  6768  6768 D ICU     : No timezone override file found: /data/misc/zoneinfo/current/icu/icu_tzdata.dat
08-05 18:47:11.047  6768  6768 I Radio-JNI: register_android_hardware_Radio DONE
08-05 18:47:11.077  6768  6768 D AndroidRuntime: Calling main entry com.android.commands.input.Input
08-05 18:47:11.079  6768  6768 I Input   : injectMotionEvent: MotionEvent { action=ACTION_DOWN, actionButton=0, id[0]=0, x[0]=594.0, y[0]=330.0, toolType[0]=TOOL_TYPE_UNKNOWN, buttonState=0, metaState=0, flags=0x0, edgeFlags=0x0, pointerCount=1, historySize=0, eventTime=816447491, downTime=816447491, deviceId=0, source=0x1002 }
08-05 18:47:11.083  6768  6768 I Input   : injectMotionEvent: MotionEvent { action=ACTION_UP, actionButton=0, id[0]=0, x[0]=594.0, y[0]=330.0, toolType[0]=TOOL_TYPE_UNKNOWN, buttonState=0, metaState=0, flags=0x0, edgeFlags=0x0, pointerCount=1, historySize=0, eventTime=816447491, downTime=816447491, deviceId=0, source=0x1002 }
08-05 18:47:11.084  6768  6768 D AndroidRuntime: Shutting down VM
08-05 18:47:11.103 31004 31016 I art     : Starting a blocking GC Explicit
08-05 18:47:11.148 31004 31016 I art     : Explicit concurrent mark sweep GC freed 1643(93KB) AllocSpace objects, 1(20KB) LOS objects, 29% free, 37MB/53MB, paused 1.433ms total 44.790ms
08-05 18:47:11.152   918  3670 I ActivityManager: START u0 {cmp=baseline.com.newsblur/.activity.GlobalSharedStoriesItemsList (has extras)} from uid 10676 on display 0
08-05 18:47:11.161 31004 31016 I art     : Starting a blocking GC Explicit
08-05 18:47:11.177 31004  6198 I baseline.com.newsblur.database.BlurDatabaseHelper: reading session reset
08-05 18:47:11.205 31004 31016 I art     : Explicit concurrent mark sweep GC freed 1744(165KB) AllocSpace objects, 5(192KB) LOS objects, 29% free, 37MB/53MB, paused 1.600ms total 43.659ms
08-05 18:47:11.217 31004 31016 I art     : Starting a blocking GC Explicit
08-05 18:47:11.258 31004 31016 I art     : Explicit concurrent mark sweep GC freed 301(15KB) AllocSpace objects, 0(0B) LOS objects, 29% free, 37MB/53MB, paused 1.498ms total 40.587ms
08-05 18:47:11.270 31004 31016 I art     : Starting a blocking GC Explicit
08-05 18:47:11.313 31004 31016 I art     : Explicit concurrent mark sweep GC freed 514(41KB) AllocSpace objects, 1(20KB) LOS objects, 29% free, 37MB/53MB, paused 2.250ms total 42.255ms
08-05 18:47:11.325 31004 31016 I art     : Starting a blocking GC Explicit
08-05 18:47:11.369 31004 31016 I art     : Explicit concurrent mark sweep GC freed 326(31KB) AllocSpace objects, 1(20KB) LOS objects, 29% free, 37MB/53MB, paused 2.019ms total 43.341ms
08-05 18:47:11.371 31004 31004 W View    : requestLayout() improperly called by android.widget.FrameLayout{a34f73c V.E...... ......ID 0,0-1440,18 #7f07003f app:id/footer_view_inner} during layout: running second layout pass
08-05 18:47:11.371 31004 31004 W View    : requestLayout() improperly called by android.widget.FrameLayout{49bcc5 V.E...... ......ID 0,0-1440,2091 #7f07003f app:id/footer_view_inner} during layout: running second layout pass
08-05 18:47:11.388   918   936 I ActivityManager: Displayed baseline.com.newsblur/.activity.GlobalSharedStoriesItemsList: +222ms
08-05 18:47:11.388 13866 13866 I GoogleInputMethodServic: GoogleInputMethodService.onFinishInput():3138 
08-05 18:47:11.389 13866 13866 I GoogleInputMethodServic: GoogleInputMethodService.onStartInput():1808 
08-05 18:47:11.480 31004  6792 I NAPPA_EXPERIMENTATION: MetricNetworkRequestExecutionTime: REQUEST_DURATION_SYSTEM='38',REQUEST_DURATION_OKHTTP='37',REQUEST_SYNCHRONOUS='TRUE',RESPONSE_CODE='200',RESPONSE_METHOD='GET',RESPONSE_LENGTH_OKHTTP='43',RESPONSE_LENGTH_HEADER='43',REQUEST_PROTOCOL='http/1.1',REQUEST_URL='http://feeds.feedburner.com/~r/retort/~4/UffaFMiJbNs',
08-05 18:47:11.512 31004  6594 E baseline.com.newsblur.network.APIResponse: Error (unexpected end of stream on https://www.newsblur.com/...) calling https://www.newsblur.com/reader/mark_story_hashes_as_read/
08-05 18:47:11.512 31004  6594 E baseline.com.newsblur.network.APIResponse: java.io.IOException: unexpected end of stream on https://www.newsblur.com/...
08-05 18:47:11.512 31004  6594 E baseline.com.newsblur.network.APIResponse: 	at okhttp3.internal.http1.Http1ExchangeCodec.readResponseHeaders(Http1ExchangeCodec.java:236)
08-05 18:47:11.512 31004  6594 E baseline.com.newsblur.network.APIResponse: 	at okhttp3.internal.connection.Exchange.readResponseHeaders(Exchange.java:115)
08-05 18:47:11.512 31004  6594 E baseline.com.newsblur.network.APIResponse: 	at okhttp3.internal.http.CallServerInterceptor.intercept(CallServerInterceptor.java:94)
08-05 18:47:11.512 31004  6594 E baseline.com.newsblur.network.APIResponse: 	at okhttp3.internal.http.RealInterceptorChain.proceed(RealInterceptorChain.java:142)
08-05 18:47:11.512 31004  6594 E baseline.com.newsblur.network.APIResponse: 	at okhttp3.internal.connection.ConnectInterceptor.intercept(ConnectInterceptor.java:43)
08-05 18:47:11.512 31004  6594 E baseline.com.newsblur.network.APIResponse: 	at okhttp3.internal.http.RealInterceptorChain.proceed(RealInterceptorChain.java:142)
08-05 18:47:11.512 31004  6594 E baseline.com.newsblur.network.APIResponse: 	at okhttp3.internal.http.RealInterceptorChain.proceed(RealInterceptorChain.java:117)
08-05 18:47:11.512 31004  6594 E baseline.com.newsblur.network.APIResponse: 	at okhttp3.internal.cache.CacheInterceptor.intercept(CacheInterceptor.java:94)
08-05 18:47:11.512 31004  6594 E baseline.com.newsblur.network.APIResponse: 	at okhttp3.internal.http.RealInterceptorChain.proceed(RealInterceptorChain.java:142)
08-05 18:47:11.512 31004  6594 E baseline.com.newsblur.network.APIResponse: 	at okhttp3.internal.http.RealInterceptorChain.proceed(RealInterceptorChain.java:117)
08-05 18:47:11.512 31004  6594 E baseline.com.newsblur.network.APIResponse: 	at okhttp3.internal.http.BridgeInterceptor.intercept(BridgeInterceptor.java:93)
08-05 18:47:11.512 31004  6594 E baseline.com.newsblur.network.APIResponse: 	at okhttp3.internal.http.RealInterceptorChain.proceed(RealInterceptorChain.java:142)
08-05 18:47:11.512 31004  6594 E baseline.com.newsblur.network.APIResponse: 	at okhttp3.internal.http.RetryAndFollowUpInterceptor.intercept(RetryAndFollowUpInterceptor.java:88)
08-05 18:47:11.512 31004  6594 E baseline.com.newsblur.network.APIResponse: 	at okhttp3.internal.http.RealInterceptorChain.proceed(RealInterceptorChain.java:142)
08-05 18:47:11.512 31004  6594 E baseline.com.newsblur.network.APIResponse: 	at okhttp3.internal.http.RealInterceptorChain.proceed(RealInterceptorChain.java:117)
08-05 18:47:11.512 31004  6594 E baseline.com.newsblur.network.APIResponse: 	at okhttp3.RealCall.getResponseWithInterceptorChain(RealCall.java:229)
08-05 18:47:11.512 31004  6594 E baseline.com.newsblur.network.APIResponse: 	at okhttp3.RealCall.execute(RealCall.java:81)
08-05 18:47:11.512 31004  6594 E baseline.com.newsblur.network.APIResponse: 	at baseline.com.newsblur.network.APIResponse.<init>(APIResponse.java:57)
08-05 18:47:11.512 31004  6594 E baseline.com.newsblur.network.APIResponse: 	at baseline.com.newsblur.network.APIResponse.<init>(APIResponse.java:43)
08-05 18:47:11.512 31004  6594 E baseline.com.newsblur.network.APIResponse: 	at baseline.com.newsblur.network.APIManager.post_single(APIManager.java:702)
08-05 18:47:11.512 31004  6594 E baseline.com.newsblur.network.APIResponse: 	at baseline.com.newsblur.network.APIManager.post(APIManager.java:675)
08-05 18:47:11.512 31004  6594 E baseline.com.newsblur.network.APIResponse: 	at baseline.com.newsblur.network.APIManager.post(APIManager.java:714)
08-05 18:47:11.512 31004  6594 E baseline.com.newsblur.network.APIResponse: 	at baseline.com.newsblur.network.APIManager.markStoryAsRead(APIManager.java:205)
08-05 18:47:11.512 31004  6594 E baseline.com.newsblur.network.APIResponse: 	at baseline.com.newsblur.util.ReadingAction.doRemote(ReadingAction.java:281)
08-05 18:47:11.512 31004  6594 E baseline.com.newsblur.network.APIResponse: 	at baseline.com.newsblur.service.NBSyncService.syncActions(NBSyncService.java:400)
08-05 18:47:11.512 31004  6594 E baseline.com.newsblur.network.APIResponse: 	at baseline.com.newsblur.service.NBSyncService.doSync(NBSyncService.java:298)
08-05 18:47:11.512 31004  6594 E baseline.com.newsblur.network.APIResponse: 	at baseline.com.newsblur.service.NBSyncService.access$100(NBSyncService.java:67)
08-05 18:47:11.512 31004  6594 E baseline.com.newsblur.network.APIResponse: 	at baseline.com.newsblur.service.NBSyncService$1.run(NBSyncService.java:188)
08-05 18:47:11.512 31004  6594 E baseline.com.newsblur.network.APIResponse: 	at java.util.concurrent.ThreadPoolExecutor.runWorker(ThreadPoolExecutor.java:1113)
08-05 18:47:11.512 31004  6594 E baseline.com.newsblur.network.APIResponse: 	at java.util.concurrent.ThreadPoolExecutor$Worker.run(ThreadPoolExecutor.java:588)
08-05 18:47:11.512 31004  6594 E baseline.com.newsblur.network.APIResponse: 	at java.lang.Thread.run(Thread.java:818)
08-05 18:47:11.512 31004  6594 E baseline.com.newsblur.network.APIResponse: Caused by: java.io.EOFException: \n not found: limit=0 content=
08-05 18:47:11.512 31004  6594 E baseline.com.newsblur.network.APIResponse: 	at okio.RealBufferedSource.readUtf8LineStrict(RealBufferedSource.java:240)
08-05 18:47:11.512 31004  6594 E baseline.com.newsblur.network.APIResponse: 	at okhttp3.internal.http1.Http1ExchangeCodec.readHeaderLine(Http1ExchangeCodec.java:242)
08-05 18:47:11.512 31004  6594 E baseline.com.newsblur.network.APIResponse: 	at okhttp3.internal.http1.Http1ExchangeCodec.readResponseHeaders(Http1ExchangeCodec.java:213)
08-05 18:47:11.512 31004  6594 E baseline.com.newsblur.network.APIResponse: 	... 30 more
08-05 18:47:11.513 31004  6594 I baseline.com.newsblur.network.APIManager: API call failed, pausing before retry number 2
08-05 18:47:11.687 31004  5669 I art     : Starting a blocking GC Explicit
08-05 18:47:11.729 31004  5669 I art     : Explicit concurrent mark sweep GC freed 6011(506KB) AllocSpace objects, 11(220KB) LOS objects, 29% free, 37MB/53MB, paused 1.401ms total 42.104ms
08-05 18:47:11.743 31004  5669 I art     : Starting a blocking GC Explicit
08-05 18:47:11.787 31004  5669 I art     : Explicit concurrent mark sweep GC freed 250(10KB) AllocSpace objects, 0(0B) LOS objects, 29% free, 37MB/53MB, paused 1.251ms total 44.145ms
08-05 18:47:11.800 31004  5669 I art     : Starting a blocking GC Explicit
08-05 18:47:11.843 31004  5669 I art     : Explicit concurrent mark sweep GC freed 147(6KB) AllocSpace objects, 0(0B) LOS objects, 29% free, 37MB/53MB, paused 1.365ms total 42.833ms
08-05 18:47:11.856 31004  5669 I art     : Starting a blocking GC Explicit
08-05 18:47:11.901 31004  5669 I art     : Explicit concurrent mark sweep GC freed 3(96B) AllocSpace objects, 0(0B) LOS objects, 29% free, 37MB/53MB, paused 1.397ms total 44.591ms
08-05 18:47:11.914 31004  5669 I art     : Starting a blocking GC Explicit
08-05 18:47:11.959 31004  5669 I art     : Explicit concurrent mark sweep GC freed 3(96B) AllocSpace objects, 0(0B) LOS objects, 29% free, 37MB/53MB, paused 1.434ms total 44.979ms
08-05 18:47:12.312 31004 31016 I art     : Starting a blocking GC Explicit
08-05 18:47:12.357 31004 31016 I art     : Explicit concurrent mark sweep GC freed 1439(82KB) AllocSpace objects, 1(20KB) LOS objects, 29% free, 37MB/53MB, paused 1.368ms total 44.937ms
08-05 18:47:12.372 31004 31016 I art     : Starting a blocking GC Explicit
08-05 18:47:12.416 31004 31016 I art     : Explicit concurrent mark sweep GC freed 22(784B) AllocSpace objects, 0(0B) LOS objects, 29% free, 37MB/53MB, paused 1.244ms total 43.310ms
08-05 18:47:12.428 31004 31016 I art     : Starting a blocking GC Explicit
08-05 18:47:12.473 31004 31016 I art     : Explicit concurrent mark sweep GC freed 3(96B) AllocSpace objects, 0(0B) LOS objects, 29% free, 37MB/53MB, paused 1.373ms total 44.415ms
08-05 18:47:12.486 31004 31016 I art     : Starting a blocking GC Explicit
08-05 18:47:12.530 31004 31016 I art     : Explicit concurrent mark sweep GC freed 3(96B) AllocSpace objects, 0(0B) LOS objects, 29% free, 37MB/53MB, paused 1.376ms total 44.031ms
08-05 18:47:12.544 31004 31016 I art     : Starting a blocking GC Explicit
08-05 18:47:12.592 31004 31016 I art     : Explicit concurrent mark sweep GC freed 10(320B) AllocSpace objects, 0(0B) LOS objects, 29% free, 37MB/53MB, paused 1.522ms total 48.140ms
08-05 18:47:12.969 31004  5910 I art     : Starting a blocking GC Explicit
08-05 18:47:13.017 31004  5910 I art     : Explicit concurrent mark sweep GC freed 1460(83KB) AllocSpace objects, 1(20KB) LOS objects, 29% free, 37MB/53MB, paused 1.421ms total 47.494ms
08-05 18:47:13.032 31004  5910 I art     : Starting a blocking GC Explicit
08-05 18:47:13.052   518   646 I ThermalEngine: ACTION: GPU - Setting GPU[0] to 510000000
08-05 18:47:13.075 31004  5910 I art     : Explicit concurrent mark sweep GC freed 22(784B) AllocSpace objects, 0(0B) LOS objects, 29% free, 37MB/53MB, paused 1.335ms total 42.507ms
08-05 18:47:13.087 31004  5910 I art     : Starting a blocking GC Explicit
08-05 18:47:13.123 31004  5910 I art     : Explicit concurrent mark sweep GC freed 3(96B) AllocSpace objects, 0(0B) LOS objects, 29% free, 37MB/53MB, paused 1.047ms total 35.761ms
08-05 18:47:13.133 31004  5910 I art     : Starting a blocking GC Explicit
08-05 18:47:13.169 31004  5910 I art     : Explicit concurrent mark sweep GC freed 3(96B) AllocSpace objects, 0(0B) LOS objects, 29% free, 37MB/53MB, paused 1.087ms total 35.282ms
08-05 18:47:13.179 31004  5910 I art     : Starting a blocking GC Explicit
08-05 18:47:13.215 31004  5910 I art     : Explicit concurrent mark sweep GC freed 3(96B) AllocSpace objects, 0(0B) LOS objects, 29% free, 37MB/53MB, paused 1.030ms total 35.567ms
08-05 18:47:13.537 31004 31016 I art     : Starting a blocking GC Explicit
08-05 18:47:13.576 31004 31016 I art     : Explicit concurrent mark sweep GC freed 1441(83KB) AllocSpace objects, 1(20KB) LOS objects, 29% free, 37MB/53MB, paused 1.074ms total 38.380ms
08-05 18:47:13.588 31004 31016 I art     : Starting a blocking GC Explicit
08-05 18:47:13.624 31004 31016 I art     : Explicit concurrent mark sweep GC freed 22(784B) AllocSpace objects, 0(0B) LOS objects, 29% free, 37MB/53MB, paused 951us total 35.006ms
08-05 18:47:13.634 31004 31016 I art     : Starting a blocking GC Explicit
08-05 18:47:13.670 31004 31016 I art     : Explicit concurrent mark sweep GC freed 3(96B) AllocSpace objects, 0(0B) LOS objects, 29% free, 37MB/53MB, paused 1.031ms total 36.449ms
08-05 18:47:13.681 31004 31016 I art     : Starting a blocking GC Explicit
08-05 18:47:13.718 31004 31016 I art     : Explicit concurrent mark sweep GC freed 3(96B) AllocSpace objects, 0(0B) LOS objects, 29% free, 37MB/53MB, paused 1.074ms total 37.211ms
08-05 18:47:13.728 31004 31016 I art     : Starting a blocking GC Explicit
08-05 18:47:13.765 31004 31016 I art     : Explicit concurrent mark sweep GC freed 3(96B) AllocSpace objects, 0(0B) LOS objects, 29% free, 37MB/53MB, paused 1.045ms total 35.951ms
08-05 18:47:14.122 31004  5669 I art     : Starting a blocking GC Explicit
08-05 18:47:14.160 31004  5669 I art     : Explicit concurrent mark sweep GC freed 1441(83KB) AllocSpace objects, 1(20KB) LOS objects, 29% free, 37MB/53MB, paused 1.067ms total 38.034ms
08-05 18:47:14.170 31004  5669 I art     : Starting a blocking GC Explicit
08-05 18:47:14.207 31004  5669 I art     : Explicit concurrent mark sweep GC freed 22(784B) AllocSpace objects, 0(0B) LOS objects, 29% free, 37MB/53MB, paused 1.131ms total 36.755ms
08-05 18:47:14.217 31004  5669 I art     : Starting a blocking GC Explicit
08-05 18:47:14.253 31004  5669 I art     : Explicit concurrent mark sweep GC freed 3(96B) AllocSpace objects, 0(0B) LOS objects, 29% free, 37MB/53MB, paused 986us total 35.245ms
08-05 18:47:14.263 31004  5669 I art     : Starting a blocking GC Explicit
08-05 18:47:14.300 31004  5669 I art     : Explicit concurrent mark sweep GC freed 3(96B) AllocSpace objects, 0(0B) LOS objects, 29% free, 37MB/53MB, paused 1.048ms total 36.588ms
08-05 18:47:14.310 31004  5669 I art     : Starting a blocking GC Explicit
08-05 18:47:14.348 31004  5669 I art     : Explicit concurrent mark sweep GC freed 3(96B) AllocSpace objects, 0(0B) LOS objects, 29% free, 37MB/53MB, paused 1.090ms total 37.155ms
08-05 18:47:14.695 31004 31015 I art     : Starting a blocking GC Explicit
08-05 18:47:14.734 31004 31015 I art     : Explicit concurrent mark sweep GC freed 1604(93KB) AllocSpace objects, 1(20KB) LOS objects, 29% free, 37MB/53MB, paused 1.044ms total 38.228ms
08-05 18:47:14.747 31004 31015 I art     : Starting a blocking GC Explicit
08-05 18:47:14.782 31004 31015 I art     : Explicit concurrent mark sweep GC freed 28(1040B) AllocSpace objects, 0(0B) LOS objects, 29% free, 37MB/53MB, paused 1.070ms total 34.447ms
08-05 18:47:14.792 31004 31015 I art     : Starting a blocking GC Explicit
08-05 18:47:14.827 31004 31015 I art     : Explicit concurrent mark sweep GC freed 3(96B) AllocSpace objects, 0(0B) LOS objects, 29% free, 37MB/53MB, paused 1.070ms total 34.925ms
08-05 18:47:14.837 31004 31015 I art     : Starting a blocking GC Explicit
08-05 18:47:14.872 31004 31015 I art     : Explicit concurrent mark sweep GC freed 3(96B) AllocSpace objects, 0(0B) LOS objects, 29% free, 37MB/53MB, paused 1.015ms total 35.491ms
08-05 18:47:14.882 31004 31015 I art     : Starting a blocking GC Explicit
08-05 18:47:14.918 31004 31015 I art     : Explicit concurrent mark sweep GC freed 3(96B) AllocSpace objects, 0(0B) LOS objects, 29% free, 37MB/53MB, paused 1.123ms total 35.401ms
08-05 18:47:15.100 31004  6594 E baseline.com.newsblur.network.APIResponse: Error (unexpected end of stream on https://www.newsblur.com/...) calling https://www.newsblur.com/reader/mark_story_hashes_as_read/
08-05 18:47:15.100 31004  6594 E baseline.com.newsblur.network.APIResponse: java.io.IOException: unexpected end of stream on https://www.newsblur.com/...
08-05 18:47:15.100 31004  6594 E baseline.com.newsblur.network.APIResponse: 	at okhttp3.internal.http1.Http1ExchangeCodec.readResponseHeaders(Http1ExchangeCodec.java:236)
08-05 18:47:15.100 31004  6594 E baseline.com.newsblur.network.APIResponse: 	at okhttp3.internal.connection.Exchange.readResponseHeaders(Exchange.java:115)
08-05 18:47:15.100 31004  6594 E baseline.com.newsblur.network.APIResponse: 	at okhttp3.internal.http.CallServerInterceptor.intercept(CallServerInterceptor.java:94)
08-05 18:47:15.100 31004  6594 E baseline.com.newsblur.network.APIResponse: 	at okhttp3.internal.http.RealInterceptorChain.proceed(RealInterceptorChain.java:142)
08-05 18:47:15.100 31004  6594 E baseline.com.newsblur.network.APIResponse: 	at okhttp3.internal.connection.ConnectInterceptor.intercept(ConnectInterceptor.java:43)
08-05 18:47:15.100 31004  6594 E baseline.com.newsblur.network.APIResponse: 	at okhttp3.internal.http.RealInterceptorChain.proceed(RealInterceptorChain.java:142)
08-05 18:47:15.100 31004  6594 E baseline.com.newsblur.network.APIResponse: 	at okhttp3.internal.http.RealInterceptorChain.proceed(RealInterceptorChain.java:117)
08-05 18:47:15.100 31004  6594 E baseline.com.newsblur.network.APIResponse: 	at okhttp3.internal.cache.CacheInterceptor.intercept(CacheInterceptor.java:94)
08-05 18:47:15.100 31004  6594 E baseline.com.newsblur.network.APIResponse: 	at okhttp3.internal.http.RealInterceptorChain.proceed(RealInterceptorChain.java:142)
08-05 18:47:15.100 31004  6594 E baseline.com.newsblur.network.APIResponse: 	at okhttp3.internal.http.RealInterceptorChain.proceed(RealInterceptorChain.java:117)
08-05 18:47:15.100 31004  6594 E baseline.com.newsblur.network.APIResponse: 	at okhttp3.internal.http.BridgeInterceptor.intercept(BridgeInterceptor.java:93)
08-05 18:47:15.100 31004  6594 E baseline.com.newsblur.network.APIResponse: 	at okhttp3.internal.http.RealInterceptorChain.proceed(RealInterceptorChain.java:142)
08-05 18:47:15.100 31004  6594 E baseline.com.newsblur.network.APIResponse: 	at okhttp3.internal.http.RetryAndFollowUpInterceptor.intercept(RetryAndFollowUpInterceptor.java:88)
08-05 18:47:15.100 31004  6594 E baseline.com.newsblur.network.APIResponse: 	at okhttp3.internal.http.RealInterceptorChain.proceed(RealInterceptorChain.java:142)
08-05 18:47:15.100 31004  6594 E baseline.com.newsblur.network.APIResponse: 	at okhttp3.internal.http.RealInterceptorChain.proceed(RealInterceptorChain.java:117)
08-05 18:47:15.100 31004  6594 E baseline.com.newsblur.network.APIResponse: 	at okhttp3.RealCall.getResponseWithInterceptorChain(RealCall.java:229)
08-05 18:47:15.100 31004  6594 E baseline.com.newsblur.network.APIResponse: 	at okhttp3.RealCall.execute(RealCall.java:81)
08-05 18:47:15.100 31004  6594 E baseline.com.newsblur.network.APIResponse: 	at baseline.com.newsblur.network.APIResponse.<init>(APIResponse.java:57)
08-05 18:47:15.100 31004  6594 E baseline.com.newsblur.network.APIResponse: 	at baseline.com.newsblur.network.APIResponse.<init>(APIResponse.java:43)
08-05 18:47:15.100 31004  6594 E baseline.com.newsblur.network.APIResponse: 	at baseline.com.newsblur.network.APIManager.post_single(APIManager.java:702)
08-05 18:47:15.100 31004  6594 E baseline.com.newsblur.network.APIResponse: 	at baseline.com.newsblur.network.APIManager.post(APIManager.java:675)
08-05 18:47:15.100 31004  6594 E baseline.com.newsblur.network.APIResponse: 	at baseline.com.newsblur.network.APIManager.post(APIManager.java:714)
08-05 18:47:15.100 31004  6594 E baseline.com.newsblur.network.APIResponse: 	at baseline.com.newsblur.network.APIManager.markStoryAsRead(APIManager.java:205)
08-05 18:47:15.100 31004  6594 E baseline.com.newsblur.network.APIResponse: 	at baseline.com.newsblur.util.ReadingAction.doRemote(ReadingAction.java:281)
08-05 18:47:15.100 31004  6594 E baseline.com.newsblur.network.APIResponse: 	at baseline.com.newsblur.service.NBSyncService.syncActions(NBSyncService.java:400)
08-05 18:47:15.100 31004  6594 E baseline.com.newsblur.network.APIResponse: 	at baseline.com.newsblur.service.NBSyncService.doSync(NBSyncService.java:298)
08-05 18:47:15.100 31004  6594 E baseline.com.newsblur.network.APIResponse: 	at baseline.com.newsblur.service.NBSyncService.access$100(NBSyncService.java:67)
08-05 18:47:15.100 31004  6594 E baseline.com.newsblur.network.APIResponse: 	at baseline.com.newsblur.service.NBSyncService$1.run(NBSyncService.java:188)
08-05 18:47:15.100 31004  6594 E baseline.com.newsblur.network.APIResponse: 	at java.util.concurrent.ThreadPoolExecutor.runWorker(ThreadPoolExecutor.java:1113)
08-05 18:47:15.100 31004  6594 E baseline.com.newsblur.network.APIResponse: 	at java.util.concurrent.ThreadPoolExecutor$Worker.run(ThreadPoolExecutor.java:588)
08-05 18:47:15.100 31004  6594 E baseline.com.newsblur.network.APIResponse: 	at java.lang.Thread.run(Thread.java:818)
08-05 18:47:15.100 31004  6594 E baseline.com.newsblur.network.APIResponse: Caused by: java.io.EOFException: \n not found: limit=0 content=
08-05 18:47:15.100 31004  6594 E baseline.com.newsblur.network.APIResponse: 	at okio.RealBufferedSource.readUtf8LineStrict(RealBufferedSource.java:240)
08-05 18:47:15.100 31004  6594 E baseline.com.newsblur.network.APIResponse: 	at okhttp3.internal.http1.Http1ExchangeCodec.readHeaderLine(Http1ExchangeCodec.java:242)
08-05 18:47:15.100 31004  6594 E baseline.com.newsblur.network.APIResponse: 	at okhttp3.internal.http1.Http1ExchangeCodec.readResponseHeaders(Http1ExchangeCodec.java:213)
08-05 18:47:15.100 31004  6594 E baseline.com.newsblur.network.APIResponse: 	... 30 more
08-05 18:47:15.102 31004  6594 I baseline.com.newsblur.service.NBSyncService: Holding reading action with server-side or network error.
08-05 18:47:15.117 31004  6594 W baseline.com.newsblur.service.NBSyncService: hard API failure
08-05 18:47:15.125 31004  6594 I baseline.com.newsblur.service.NBSyncService: recounting dirty feed sets: 1
08-05 18:47:15.248 31004  5910 I art     : Starting a blocking GC Explicit
08-05 18:47:15.288 31004  5910 I art     : Explicit concurrent mark sweep GC freed 4768(427KB) AllocSpace objects, 5(100KB) LOS objects, 29% free, 37MB/53MB, paused 1.165ms total 39.432ms
08-05 18:47:15.299 31004  5910 I art     : Starting a blocking GC Explicit
08-05 18:47:15.335 31004  5910 I art     : Explicit concurrent mark sweep GC freed 282(10KB) AllocSpace objects, 0(0B) LOS objects, 29% free, 37MB/53MB, paused 993us total 36.602ms
08-05 18:47:15.346 31004  5910 I art     : Starting a blocking GC Explicit
08-05 18:47:15.383 31004  5910 I art     : Explicit concurrent mark sweep GC freed 3(96B) AllocSpace objects, 0(0B) LOS objects, 29% free, 37MB/53MB, paused 1.103ms total 36.963ms
08-05 18:47:15.393 31004  5910 I art     : Starting a blocking GC Explicit
08-05 18:47:15.431 31004  5910 I art     : Explicit concurrent mark sweep GC freed 3(96B) AllocSpace objects, 0(0B) LOS objects, 29% free, 37MB/53MB, paused 991us total 37.503ms
08-05 18:47:15.441 31004  5910 I art     : Starting a blocking GC Explicit
08-05 18:47:15.478 31004  5910 I art     : Explicit concurrent mark sweep GC freed 3(96B) AllocSpace objects, 0(0B) LOS objects, 29% free, 37MB/53MB, paused 1.077ms total 36.780ms
08-05 18:47:15.599 31004  6594 E baseline.com.newsblur.network.APIResponse: Error (unexpected end of stream on https://www.newsblur.com/...) calling https://www.newsblur.com/reader/feed_unread_count?feed_id=0
08-05 18:47:15.599 31004  6594 E baseline.com.newsblur.network.APIResponse: java.io.IOException: unexpected end of stream on https://www.newsblur.com/...
08-05 18:47:15.599 31004  6594 E baseline.com.newsblur.network.APIResponse: 	at okhttp3.internal.http1.Http1ExchangeCodec.readResponseHeaders(Http1ExchangeCodec.java:236)
08-05 18:47:15.599 31004  6594 E baseline.com.newsblur.network.APIResponse: 	at okhttp3.internal.connection.Exchange.readResponseHeaders(Exchange.java:115)
08-05 18:47:15.599 31004  6594 E baseline.com.newsblur.network.APIResponse: 	at okhttp3.internal.http.CallServerInterceptor.intercept(CallServerInterceptor.java:94)
08-05 18:47:15.599 31004  6594 E baseline.com.newsblur.network.APIResponse: 	at okhttp3.internal.http.RealInterceptorChain.proceed(RealInterceptorChain.java:142)
08-05 18:47:15.599 31004  6594 E baseline.com.newsblur.network.APIResponse: 	at okhttp3.internal.connection.ConnectInterceptor.intercept(ConnectInterceptor.java:43)
08-05 18:47:15.599 31004  6594 E baseline.com.newsblur.network.APIResponse: 	at okhttp3.internal.http.RealInterceptorChain.proceed(RealInterceptorChain.java:142)
08-05 18:47:15.599 31004  6594 E baseline.com.newsblur.network.APIResponse: 	at okhttp3.internal.http.RealInterceptorChain.proceed(RealInterceptorChain.java:117)
08-05 18:47:15.599 31004  6594 E baseline.com.newsblur.network.APIResponse: 	at okhttp3.internal.cache.CacheInterceptor.intercept(CacheInterceptor.java:94)
08-05 18:47:15.599 31004  6594 E baseline.com.newsblur.network.APIResponse: 	at okhttp3.internal.http.RealInterceptorChain.proceed(RealInterceptorChain.java:142)
08-05 18:47:15.599 31004  6594 E baseline.com.newsblur.network.APIResponse: 	at okhttp3.internal.http.RealInterceptorChain.proceed(RealInterceptorChain.java:117)
08-05 18:47:15.599 31004  6594 E baseline.com.newsblur.network.APIResponse: 	at okhttp3.internal.http.BridgeInterceptor.intercept(BridgeInterceptor.java:93)
08-05 18:47:15.599 31004  6594 E baseline.com.newsblur.network.APIResponse: 	at okhttp3.internal.http.RealInterceptorChain.proceed(RealInterceptorChain.java:142)
08-05 18:47:15.599 31004  6594 E baseline.com.newsblur.network.APIResponse: 	at okhttp3.internal.http.RetryAndFollowUpInterceptor.intercept(RetryAndFollowUpInterceptor.java:88)
08-05 18:47:15.599 31004  6594 E baseline.com.newsblur.network.APIResponse: 	at okhttp3.internal.http.RealInterceptorChain.proceed(RealInterceptorChain.java:142)
08-05 18:47:15.599 31004  6594 E baseline.com.newsblur.network.APIResponse: 	at okhttp3.internal.http.RealInterceptorChain.proceed(RealInterceptorChain.java:117)
08-05 18:47:15.599 31004  6594 E baseline.com.newsblur.network.APIResponse: 	at okhttp3.RealCall.getResponseWithInterceptorChain(RealCall.java:229)
08-05 18:47:15.599 31004  6594 E baseline.com.newsblur.network.APIResponse: 	at okhttp3.RealCall.execute(RealCall.java:81)
08-05 18:47:15.599 31004  6594 E baseline.com.newsblur.network.APIResponse: 	at baseline.com.newsblur.network.APIResponse.<init>(APIResponse.java:57)
08-05 18:47:15.599 31004  6594 E baseline.com.newsblur.network.APIResponse: 	at baseline.com.newsblur.network.APIManager.get_single(APIManager.java:639)
08-05 18:47:15.599 31004  6594 E baseline.com.newsblur.network.APIResponse: 	at baseline.com.newsblur.network.APIManager.get(APIManager.java:625)
08-05 18:47:15.599 31004  6594 E baseline.com.newsblur.network.APIResponse: 	at baseline.com.newsblur.network.APIManager.get(APIManager.java:667)
08-05 18:47:15.599 31004  6594 E baseline.com.newsblur.network.APIResponse: 	at baseline.com.newsblur.network.APIManager.getFeedUnreadCounts(APIManager.java:274)
08-05 18:47:15.599 31004  6594 E baseline.com.newsblur.network.APIResponse: 	at baseline.com.newsblur.service.NBSyncService.checkRecounts(NBSyncService.java:660)
08-05 18:47:15.599 31004  6594 E baseline.com.newsblur.network.APIResponse: 	at baseline.com.newsblur.service.NBSyncService.doSync(NBSyncService.java:310)
08-05 18:47:15.599 31004  6594 E baseline.com.newsblur.network.APIResponse: 	at baseline.com.newsblur.service.NBSyncService.access$100(NBSyncService.java:67)
08-05 18:47:15.599 31004  6594 E baseline.com.newsblur.network.APIResponse: 	at baseline.com.newsblur.service.NBSyncService$1.run(NBSyncService.java:188)
08-05 18:47:15.599 31004  6594 E baseline.com.newsblur.network.APIResponse: 	at java.util.concurrent.ThreadPoolExecutor.runWorker(ThreadPoolExecutor.java:1113)
08-05 18:47:15.599 31004  6594 E baseline.com.newsblur.network.APIResponse: 	at java.util.concurrent.ThreadPoolExecutor$Worker.run(ThreadPoolExecutor.java:588)
08-05 18:47:15.599 31004  6594 E baseline.com.newsblur.network.APIResponse: 	at java.lang.Thread.run(Thread.java:818)
08-05 18:47:15.599 31004  6594 E baseline.com.newsblur.network.APIResponse: Caused by: java.io.EOFException: \n not found: limit=0 content=
08-05 18:47:15.599 31004  6594 E baseline.com.newsblur.network.APIResponse: 	at okio.RealBufferedSource.readUtf8LineStrict(RealBufferedSource.java:240)
08-05 18:47:15.599 31004  6594 E baseline.com.newsblur.network.APIResponse: 	at okhttp3.internal.http1.Http1ExchangeCodec.readHeaderLine(Http1ExchangeCodec.java:242)
08-05 18:47:15.599 31004  6594 E baseline.com.newsblur.network.APIResponse: 	at okhttp3.internal.http1.Http1ExchangeCodec.readResponseHeaders(Http1ExchangeCodec.java:213)
08-05 18:47:15.599 31004  6594 E baseline.com.newsblur.network.APIResponse: 	... 28 more
08-05 18:47:15.605 31004  6594 I baseline.com.newsblur.network.APIManager: API call failed, pausing before retry number 1
08-05 18:47:15.799 31004 31016 I art     : Starting a blocking GC Explicit
08-05 18:47:15.837 31004 31016 I art     : Explicit concurrent mark sweep GC freed 3926(355KB) AllocSpace objects, 3(60KB) LOS objects, 29% free, 37MB/53MB, paused 1.071ms total 37.675ms
08-05 18:47:15.848 31004 31016 I art     : Starting a blocking GC Explicit
08-05 18:47:15.884 31004 31016 I art     : Explicit concurrent mark sweep GC freed 109(3KB) AllocSpace objects, 0(0B) LOS objects, 29% free, 37MB/53MB, paused 1.040ms total 35.632ms
08-05 18:47:15.894 31004 31016 I art     : Starting a blocking GC Explicit
08-05 18:47:15.931 31004 31016 I art     : Explicit concurrent mark sweep GC freed 3(96B) AllocSpace objects, 0(0B) LOS objects, 29% free, 37MB/53MB, paused 1.005ms total 36.853ms
08-05 18:47:15.941 31004 31016 I art     : Starting a blocking GC Explicit
08-05 18:47:15.977 31004 31016 I art     : Explicit concurrent mark sweep GC freed 3(96B) AllocSpace objects, 0(0B) LOS objects, 29% free, 37MB/53MB, paused 1.129ms total 35.883ms
08-05 18:47:15.988 31004 31016 I art     : Starting a blocking GC Explicit
08-05 18:47:16.026 31004 31016 I art     : Explicit concurrent mark sweep GC freed 3(96B) AllocSpace objects, 0(0B) LOS objects, 29% free, 37MB/53MB, paused 1.046ms total 37.595ms
08-05 18:47:16.370 31004  5669 I art     : Starting a blocking GC Explicit
08-05 18:47:16.409 31004  5669 I art     : Explicit concurrent mark sweep GC freed 1437(82KB) AllocSpace objects, 1(20KB) LOS objects, 29% free, 37MB/53MB, paused 1.086ms total 38.883ms
08-05 18:47:16.421 31004  5669 I art     : Starting a blocking GC Explicit
08-05 18:47:16.456 31004  5669 I art     : Explicit concurrent mark sweep GC freed 22(784B) AllocSpace objects, 0(0B) LOS objects, 29% free, 37MB/53MB, paused 995us total 34.718ms
08-05 18:47:16.467 31004  5669 I art     : Starting a blocking GC Explicit
08-05 18:47:16.503 31004  5669 I art     : Explicit concurrent mark sweep GC freed 3(96B) AllocSpace objects, 0(0B) LOS objects, 29% free, 37MB/53MB, paused 991us total 35.532ms
08-05 18:47:16.513 31004  5669 I art     : Starting a blocking GC Explicit
08-05 18:47:16.549 31004  5669 I art     : Explicit concurrent mark sweep GC freed 3(96B) AllocSpace objects, 0(0B) LOS objects, 29% free, 37MB/53MB, paused 1.058ms total 35.801ms
08-05 18:47:16.559 31004  5669 I art     : Starting a blocking GC Explicit
08-05 18:47:16.594 31004  5669 I art     : Explicit concurrent mark sweep GC freed 3(96B) AllocSpace objects, 0(0B) LOS objects, 29% free, 37MB/53MB, paused 1.052ms total 35.055ms
08-05 18:47:16.950 31004 31015 I art     : Starting a blocking GC Explicit
08-05 18:47:16.987 31004 31015 I art     : Explicit concurrent mark sweep GC freed 1438(82KB) AllocSpace objects, 1(20KB) LOS objects, 29% free, 37MB/53MB, paused 1.104ms total 37.515ms
08-05 18:47:16.998 31004 31015 I art     : Starting a blocking GC Explicit
08-05 18:47:17.034 31004 31015 I art     : Explicit concurrent mark sweep GC freed 22(784B) AllocSpace objects, 0(0B) LOS objects, 29% free, 37MB/53MB, paused 1.065ms total 36.633ms
08-05 18:47:17.045 31004 31015 I art     : Starting a blocking GC Explicit
08-05 18:47:17.081 31004 31015 I art     : Explicit concurrent mark sweep GC freed 3(96B) AllocSpace objects, 0(0B) LOS objects, 29% free, 37MB/53MB, paused 1.054ms total 36.403ms
08-05 18:47:17.092 31004 31015 I art     : Starting a blocking GC Explicit
08-05 18:47:17.128 31004 31015 I art     : Explicit concurrent mark sweep GC freed 96(3KB) AllocSpace objects, 0(0B) LOS objects, 29% free, 37MB/53MB, paused 1.170ms total 36.039ms
08-05 18:47:17.138 31004 31015 I art     : Starting a blocking GC Explicit
08-05 18:47:17.175 31004 31015 I art     : Explicit concurrent mark sweep GC freed 21(912B) AllocSpace objects, 0(0B) LOS objects, 29% free, 37MB/53MB, paused 1.113ms total 36.567ms
08-05 18:47:17.514 31004  5910 I art     : Starting a blocking GC Explicit
08-05 18:47:17.553 31004  5910 I art     : Explicit concurrent mark sweep GC freed 1499(87KB) AllocSpace objects, 1(20KB) LOS objects, 29% free, 37MB/53MB, paused 1.042ms total 38.585ms
08-05 18:47:17.568 31004  5910 I art     : Starting a blocking GC Explicit
08-05 18:47:17.602 31004  5910 I art     : Explicit concurrent mark sweep GC freed 1616(63KB) AllocSpace objects, 0(0B) LOS objects, 29% free, 37MB/53MB, paused 1.062ms total 34.534ms
08-05 18:47:17.612 31004  5910 I art     : Starting a blocking GC Explicit
08-05 18:47:17.643 31004  6594 E baseline.com.newsblur.network.APIResponse: Error (unexpected end of stream on https://www.newsblur.com/...) calling https://www.newsblur.com/reader/feed_unread_count?feed_id=0
08-05 18:47:17.643 31004  6594 E baseline.com.newsblur.network.APIResponse: java.io.IOException: unexpected end of stream on https://www.newsblur.com/...
08-05 18:47:17.643 31004  6594 E baseline.com.newsblur.network.APIResponse: 	at okhttp3.internal.http1.Http1ExchangeCodec.readResponseHeaders(Http1ExchangeCodec.java:236)
08-05 18:47:17.643 31004  6594 E baseline.com.newsblur.network.APIResponse: 	at okhttp3.internal.connection.Exchange.readResponseHeaders(Exchange.java:115)
08-05 18:47:17.643 31004  6594 E baseline.com.newsblur.network.APIResponse: 	at okhttp3.internal.http.CallServerInterceptor.intercept(CallServerInterceptor.java:94)
08-05 18:47:17.643 31004  6594 E baseline.com.newsblur.network.APIResponse: 	at okhttp3.internal.http.RealInterceptorChain.proceed(RealInterceptorChain.java:142)
08-05 18:47:17.643 31004  6594 E baseline.com.newsblur.network.APIResponse: 	at okhttp3.internal.connection.ConnectInterceptor.intercept(ConnectInterceptor.java:43)
08-05 18:47:17.643 31004  6594 E baseline.com.newsblur.network.APIResponse: 	at okhttp3.internal.http.RealInterceptorChain.proceed(RealInterceptorChain.java:142)
08-05 18:47:17.643 31004  6594 E baseline.com.newsblur.network.APIResponse: 	at okhttp3.internal.http.RealInterceptorChain.proceed(RealInterceptorChain.java:117)
08-05 18:47:17.643 31004  6594 E baseline.com.newsblur.network.APIResponse: 	at okhttp3.internal.cache.CacheInterceptor.intercept(CacheInterceptor.java:94)
08-05 18:47:17.643 31004  6594 E baseline.com.newsblur.network.APIResponse: 	at okhttp3.internal.http.RealInterceptorChain.proceed(RealInterceptorChain.java:142)
08-05 18:47:17.643 31004  6594 E baseline.com.newsblur.network.APIResponse: 	at okhttp3.internal.http.RealInterceptorChain.proceed(RealInterceptorChain.java:117)
08-05 18:47:17.643 31004  6594 E baseline.com.newsblur.network.APIResponse: 	at okhttp3.internal.http.BridgeInterceptor.intercept(BridgeInterceptor.java:93)
08-05 18:47:17.643 31004  6594 E baseline.com.newsblur.network.APIResponse: 	at okhttp3.internal.http.RealInterceptorChain.proceed(RealInterceptorChain.java:142)
08-05 18:47:17.643 31004  6594 E baseline.com.newsblur.network.APIResponse: 	at okhttp3.internal.http.RetryAndFollowUpInterceptor.intercept(RetryAndFollowUpInterceptor.java:88)
08-05 18:47:17.643 31004  6594 E baseline.com.newsblur.network.APIResponse: 	at okhttp3.internal.http.RealInterceptorChain.proceed(RealInterceptorChain.java:142)
08-05 18:47:17.643 31004  6594 E baseline.com.newsblur.network.APIResponse: 	at okhttp3.internal.http.RealInterceptorChain.proceed(RealInterceptorChain.java:117)
08-05 18:47:17.643 31004  6594 E baseline.com.newsblur.network.APIResponse: 	at okhttp3.RealCall.getResponseWithInterceptorChain(RealCall.java:229)
08-05 18:47:17.643 31004  6594 E baseline.com.newsblur.network.APIResponse: 	at okhttp3.RealCall.execute(RealCall.java:81)
08-05 18:47:17.643 31004  6594 E baseline.com.newsblur.network.APIResponse: 	at baseline.com.newsblur.network.APIResponse.<init>(APIResponse.java:57)
08-05 18:47:17.643 31004  6594 E baseline.com.newsblur.network.APIResponse: 	at baseline.com.newsblur.network.APIManager.get_single(APIManager.java:639)
08-05 18:47:17.643 31004  6594 E baseline.com.newsblur.network.APIResponse: 	at baseline.com.newsblur.network.APIManager.get(APIManager.java:625)
08-05 18:47:17.643 31004  6594 E baseline.com.newsblur.network.APIResponse: 	at baseline.com.newsblur.network.APIManager.get(APIManager.java:667)
08-05 18:47:17.643 31004  6594 E baseline.com.newsblur.network.APIResponse: 	at baseline.com.newsblur.network.APIManager.getFeedUnreadCounts(APIManager.java:274)
08-05 18:47:17.643 31004  6594 E baseline.com.newsblur.network.APIResponse: 	at baseline.com.newsblur.service.NBSyncService.checkRecounts(NBSyncService.java:660)
08-05 18:47:17.643 31004  6594 E baseline.com.newsblur.network.APIResponse: 	at baseline.com.newsblur.service.NBSyncService.doSync(NBSyncService.java:310)
08-05 18:47:17.643 31004  6594 E baseline.com.newsblur.network.APIResponse: 	at baseline.com.newsblur.service.NBSyncService.access$100(NBSyncService.java:67)
08-05 18:47:17.643 31004  6594 E baseline.com.newsblur.network.APIResponse: 	at baseline.com.newsblur.service.NBSyncService$1.run(NBSyncService.java:188)
08-05 18:47:17.643 31004  6594 E baseline.com.newsblur.network.APIResponse: 	at java.util.concurrent.ThreadPoolExecutor.runWorker(ThreadPoolExecutor.java:1113)
08-05 18:47:17.643 31004  6594 E baseline.com.newsblur.network.APIResponse: 	at java.util.concurrent.ThreadPoolExecutor$Worker.run(ThreadPoolExecutor.java:588)
08-05 18:47:17.643 31004  6594 E baseline.com.newsblur.network.APIResponse: 	at java.lang.Thread.run(Thread.java:818)
08-05 18:47:17.643 31004  6594 E baseline.com.newsblur.network.APIResponse: Caused by: java.io.EOFException: \n not found: limit=0 content=
08-05 18:47:17.643 31004  6594 E baseline.com.newsblur.network.APIResponse: 	at okio.RealBufferedSource.readUtf8LineStrict(RealBufferedSource.java:240)
08-05 18:47:17.643 31004  6594 E baseline.com.newsblur.network.APIResponse: 	at okhttp3.internal.http1.Http1ExchangeCodec.readHeaderLine(Http1ExchangeCodec.java:242)
08-05 18:47:17.643 31004  6594 E baseline.com.newsblur.network.APIResponse: 	at okhttp3.internal.http1.Http1ExchangeCodec.readResponseHeaders(Http1ExchangeCodec.java:213)
08-05 18:47:17.643 31004  6594 E baseline.com.newsblur.network.APIResponse: 	... 28 more
08-05 18:47:17.645 31004  6594 I baseline.com.newsblur.network.APIManager: API call failed, pausing before retry number 2
08-05 18:47:17.647 31004  5910 I art     : Explicit concurrent mark sweep GC freed 513(127KB) AllocSpace objects, 0(0B) LOS objects, 29% free, 37MB/53MB, paused 1.161ms total 34.792ms
08-05 18:47:17.657 31004  5910 I art     : Starting a blocking GC Explicit
08-05 18:47:17.693 31004  5910 I art     : Explicit concurrent mark sweep GC freed 435(84KB) AllocSpace objects, 2(40KB) LOS objects, 29% free, 37MB/53MB, paused 1.011ms total 35.583ms
08-05 18:47:17.703 31004  5910 I art     : Starting a blocking GC Explicit
08-05 18:47:17.739 31004  5910 I art     : Explicit concurrent mark sweep GC freed 43(1600B) AllocSpace objects, 0(0B) LOS objects, 29% free, 37MB/53MB, paused 1.070ms total 35.925ms
08-05 18:47:18.080 31004 31016 I art     : Starting a blocking GC Explicit
08-05 18:47:18.119 31004 31016 I art     : Explicit concurrent mark sweep GC freed 1437(82KB) AllocSpace objects, 1(20KB) LOS objects, 29% free, 37MB/53MB, paused 1.011ms total 38.385ms
08-05 18:47:18.134 31004 31016 I art     : Starting a blocking GC Explicit
08-05 18:47:18.168 31004 31016 I art     : Explicit concurrent mark sweep GC freed 22(784B) AllocSpace objects, 0(0B) LOS objects, 29% free, 37MB/53MB, paused 1.054ms total 34.366ms
08-05 18:47:18.178 31004 31016 I art     : Starting a blocking GC Explicit
08-05 18:47:18.212 31004 31016 I art     : Explicit concurrent mark sweep GC freed 3(96B) AllocSpace objects, 0(0B) LOS objects, 29% free, 37MB/53MB, paused 1.018ms total 33.690ms
08-05 18:47:18.222 31004 31016 I art     : Starting a blocking GC Explicit
08-05 18:47:18.257 31004 31016 I art     : Explicit concurrent mark sweep GC freed 3(96B) AllocSpace objects, 0(0B) LOS objects, 29% free, 37MB/53MB, paused 1.089ms total 35.175ms
08-05 18:47:18.267 31004 31016 I art     : Starting a blocking GC Explicit
08-05 18:47:18.303 31004 31016 I art     : Explicit concurrent mark sweep GC freed 3(96B) AllocSpace objects, 0(0B) LOS objects, 29% free, 37MB/53MB, paused 989us total 35.480ms
08-05 18:47:18.662 31004  5669 I art     : Starting a blocking GC Explicit
08-05 18:47:18.700 31004  5669 I art     : Explicit concurrent mark sweep GC freed 1461(83KB) AllocSpace objects, 1(20KB) LOS objects, 29% free, 37MB/53MB, paused 1.002ms total 37.493ms
08-05 18:47:18.712 31004  5669 I art     : Starting a blocking GC Explicit
08-05 18:47:18.746 31004  5669 I art     : Explicit concurrent mark sweep GC freed 22(784B) AllocSpace objects, 0(0B) LOS objects, 29% free, 37MB/53MB, paused 981us total 33.634ms
08-05 18:47:18.755 31004  5669 I art     : Starting a blocking GC Explicit
08-05 18:47:18.790 31004  5669 I art     : Explicit concurrent mark sweep GC freed 3(96B) AllocSpace objects, 0(0B) LOS objects, 29% free, 37MB/53MB, paused 990us total 34.822ms
08-05 18:47:18.801 31004  5669 I art     : Starting a blocking GC Explicit
08-05 18:47:18.819  5293  5293 I ServiceManager: Waiting for service AtCmdFwd...
08-05 18:47:18.836 31004  5669 I art     : Explicit concurrent mark sweep GC freed 3(96B) AllocSpace objects, 0(0B) LOS objects, 29% free, 37MB/53MB, paused 1.013ms total 34.834ms
08-05 18:47:18.846 31004  5669 I art     : Starting a blocking GC Explicit
08-05 18:47:18.882 31004  5669 I art     : Explicit concurrent mark sweep GC freed 701(37KB) AllocSpace objects, 0(0B) LOS objects, 29% free, 37MB/53MB, paused 1.042ms total 36.137ms
08-05 18:47:19.206 31004 31015 I art     : Starting a blocking GC Explicit
08-05 18:47:19.245 31004 31015 I art     : Explicit concurrent mark sweep GC freed 2608(147KB) AllocSpace objects, 1(20KB) LOS objects, 29% free, 37MB/53MB, paused 1.037ms total 38.411ms
08-05 18:47:19.259 31004 31015 I art     : Starting a blocking GC Explicit
08-05 18:47:19.293 31004 31015 I art     : Explicit concurrent mark sweep GC freed 768(57KB) AllocSpace objects, 0(0B) LOS objects, 29% free, 37MB/53MB, paused 975us total 33.967ms
08-05 18:47:19.303 31004 31015 I art     : Starting a blocking GC Explicit
08-05 18:47:19.337 31004 31015 I art     : Explicit concurrent mark sweep GC freed 3(96B) AllocSpace objects, 0(0B) LOS objects, 29% free, 37MB/53MB, paused 1.097ms total 33.962ms
08-05 18:47:19.347 31004 31015 I art     : Starting a blocking GC Explicit
08-05 18:47:19.381 31004 31015 I art     : Explicit concurrent mark sweep GC freed 3(96B) AllocSpace objects, 0(0B) LOS objects, 29% free, 37MB/53MB, paused 945us total 34.187ms
08-05 18:47:19.392 31004 31015 I art     : Starting a blocking GC Explicit
08-05 18:47:19.426 31004 31015 I art     : Explicit concurrent mark sweep GC freed 3(96B) AllocSpace objects, 0(0B) LOS objects, 29% free, 37MB/53MB, paused 1.010ms total 34.078ms
08-05 18:47:19.765 31004  5910 I art     : Starting a blocking GC Explicit
08-05 18:47:19.801 31004  5910 I art     : Explicit concurrent mark sweep GC freed 1437(82KB) AllocSpace objects, 1(20KB) LOS objects, 29% free, 37MB/53MB, paused 993us total 34.996ms
08-05 18:47:19.811 31004  5910 I art     : Starting a blocking GC Explicit
08-05 18:47:19.819  5293  5293 I ServiceManager: Waiting for service AtCmdFwd...
08-05 18:47:19.846 31004  5910 I art     : Explicit concurrent mark sweep GC freed 22(784B) AllocSpace objects, 0(0B) LOS objects, 29% free, 37MB/53MB, paused 976us total 34.758ms
08-05 18:47:19.856 31004  5910 I art     : Starting a blocking GC Explicit
08-05 18:47:19.891 31004  5910 I art     : Explicit concurrent mark sweep GC freed 3(96B) AllocSpace objects, 0(0B) LOS objects, 29% free, 37MB/53MB, paused 944us total 35.100ms
08-05 18:47:19.901 31004  5910 I art     : Starting a blocking GC Explicit
08-05 18:47:19.937 31004  5910 I art     : Explicit concurrent mark sweep GC freed 3(96B) AllocSpace objects, 0(0B) LOS objects, 29% free, 37MB/53MB, paused 936us total 35.323ms
08-05 18:47:19.947 31004  5910 I art     : Starting a blocking GC Explicit
08-05 18:47:19.982 31004  5910 I art     : Explicit concurrent mark sweep GC freed 3(96B) AllocSpace objects, 0(0B) LOS objects, 29% free, 37MB/53MB, paused 1.007ms total 35.353ms
08-05 18:47:20.349 31004 31016 I art     : Starting a blocking GC Explicit
08-05 18:47:20.387 31004 31016 I art     : Explicit concurrent mark sweep GC freed 1437(82KB) AllocSpace objects, 1(20KB) LOS objects, 29% free, 37MB/53MB, paused 987us total 37.770ms
08-05 18:47:20.399 31004 31016 I art     : Starting a blocking GC Explicit
08-05 18:47:20.435 31004 31016 I art     : Explicit concurrent mark sweep GC freed 22(784B) AllocSpace objects, 0(0B) LOS objects, 29% free, 37MB/53MB, paused 934us total 35.939ms
08-05 18:47:20.445 31004 31016 I art     : Starting a blocking GC Explicit
08-05 18:47:20.480 31004 31016 I art     : Explicit concurrent mark sweep GC freed 3(96B) AllocSpace objects, 0(0B) LOS objects, 29% free, 37MB/53MB, paused 1.002ms total 34.965ms
08-05 18:47:20.490 31004 31016 I art     : Starting a blocking GC Explicit
08-05 18:47:20.526 31004 31016 I art     : Explicit concurrent mark sweep GC freed 3(96B) AllocSpace objects, 0(0B) LOS objects, 29% free, 37MB/53MB, paused 1.002ms total 34.980ms
08-05 18:47:20.536 31004 31016 I art     : Starting a blocking GC Explicit
08-05 18:47:20.573 31004 31016 I art     : Explicit concurrent mark sweep GC freed 3(96B) AllocSpace objects, 0(0B) LOS objects, 29% free, 37MB/53MB, paused 1.040ms total 36.336ms
08-05 18:47:20.820  5293  5293 I ServiceManager: Waiting for service AtCmdFwd...
08-05 18:47:20.934 31004  5669 I art     : Starting a blocking GC Explicit
08-05 18:47:20.972 31004  5669 I art     : Explicit concurrent mark sweep GC freed 1604(91KB) AllocSpace objects, 1(20KB) LOS objects, 29% free, 37MB/53MB, paused 1.090ms total 37.624ms
08-05 18:47:20.986 31004  5669 I art     : Starting a blocking GC Explicit
08-05 18:47:21.020 31004  5669 I art     : Explicit concurrent mark sweep GC freed 28(1040B) AllocSpace objects, 0(0B) LOS objects, 29% free, 37MB/53MB, paused 1.043ms total 33.638ms
08-05 18:47:21.030 31004  5669 I art     : Starting a blocking GC Explicit
08-05 18:47:21.064 31004  5669 I art     : Explicit concurrent mark sweep GC freed 3(96B) AllocSpace objects, 0(0B) LOS objects, 29% free, 37MB/53MB, paused 972us total 33.865ms
08-05 18:47:21.074 31004  5669 I art     : Starting a blocking GC Explicit
08-05 18:47:21.109 31004  5669 I art     : Explicit concurrent mark sweep GC freed 3(96B) AllocSpace objects, 0(0B) LOS objects, 29% free, 37MB/53MB, paused 1ms total 35.384ms
08-05 18:47:21.119 31004  5669 I art     : Starting a blocking GC Explicit
08-05 18:47:21.154 31004  5669 I art     : Explicit concurrent mark sweep GC freed 3(96B) AllocSpace objects, 0(0B) LOS objects, 29% free, 37MB/53MB, paused 1.043ms total 34.982ms
08-05 18:47:21.239 31004  6594 E baseline.com.newsblur.network.APIResponse: Error (unexpected end of stream on https://www.newsblur.com/...) calling https://www.newsblur.com/reader/feed_unread_count?feed_id=0
08-05 18:47:21.239 31004  6594 E baseline.com.newsblur.network.APIResponse: java.io.IOException: unexpected end of stream on https://www.newsblur.com/...
08-05 18:47:21.239 31004  6594 E baseline.com.newsblur.network.APIResponse: 	at okhttp3.internal.http1.Http1ExchangeCodec.readResponseHeaders(Http1ExchangeCodec.java:236)
08-05 18:47:21.239 31004  6594 E baseline.com.newsblur.network.APIResponse: 	at okhttp3.internal.connection.Exchange.readResponseHeaders(Exchange.java:115)
08-05 18:47:21.239 31004  6594 E baseline.com.newsblur.network.APIResponse: 	at okhttp3.internal.http.CallServerInterceptor.intercept(CallServerInterceptor.java:94)
08-05 18:47:21.239 31004  6594 E baseline.com.newsblur.network.APIResponse: 	at okhttp3.internal.http.RealInterceptorChain.proceed(RealInterceptorChain.java:142)
08-05 18:47:21.239 31004  6594 E baseline.com.newsblur.network.APIResponse: 	at okhttp3.internal.connection.ConnectInterceptor.intercept(ConnectInterceptor.java:43)
08-05 18:47:21.239 31004  6594 E baseline.com.newsblur.network.APIResponse: 	at okhttp3.internal.http.RealInterceptorChain.proceed(RealInterceptorChain.java:142)
08-05 18:47:21.239 31004  6594 E baseline.com.newsblur.network.APIResponse: 	at okhttp3.internal.http.RealInterceptorChain.proceed(RealInterceptorChain.java:117)
08-05 18:47:21.239 31004  6594 E baseline.com.newsblur.network.APIResponse: 	at okhttp3.internal.cache.CacheInterceptor.intercept(CacheInterceptor.java:94)
08-05 18:47:21.239 31004  6594 E baseline.com.newsblur.network.APIResponse: 	at okhttp3.internal.http.RealInterceptorChain.proceed(RealInterceptorChain.java:142)
08-05 18:47:21.239 31004  6594 E baseline.com.newsblur.network.APIResponse: 	at okhttp3.internal.http.RealInterceptorChain.proceed(RealInterceptorChain.java:117)
08-05 18:47:21.239 31004  6594 E baseline.com.newsblur.network.APIResponse: 	at okhttp3.internal.http.BridgeInterceptor.intercept(BridgeInterceptor.java:93)
08-05 18:47:21.239 31004  6594 E baseline.com.newsblur.network.APIResponse: 	at okhttp3.internal.http.RealInterceptorChain.proceed(RealInterceptorChain.java:142)
08-05 18:47:21.239 31004  6594 E baseline.com.newsblur.network.APIResponse: 	at okhttp3.internal.http.RetryAndFollowUpInterceptor.intercept(RetryAndFollowUpInterceptor.java:88)
08-05 18:47:21.239 31004  6594 E baseline.com.newsblur.network.APIResponse: 	at okhttp3.internal.http.RealInterceptorChain.proceed(RealInterceptorChain.java:142)
08-05 18:47:21.239 31004  6594 E baseline.com.newsblur.network.APIResponse: 	at okhttp3.internal.http.RealInterceptorChain.proceed(RealInterceptorChain.java:117)
08-05 18:47:21.239 31004  6594 E baseline.com.newsblur.network.APIResponse: 	at okhttp3.RealCall.getResponseWithInterceptorChain(RealCall.java:229)
08-05 18:47:21.239 31004  6594 E baseline.com.newsblur.network.APIResponse: 	at okhttp3.RealCall.execute(RealCall.java:81)
08-05 18:47:21.239 31004  6594 E baseline.com.newsblur.network.APIResponse: 	at baseline.com.newsblur.network.APIResponse.<init>(APIResponse.java:57)
08-05 18:47:21.239 31004  6594 E baseline.com.newsblur.network.APIResponse: 	at baseline.com.newsblur.network.APIManager.get_single(APIManager.java:639)
08-05 18:47:21.239 31004  6594 E baseline.com.newsblur.network.APIResponse: 	at baseline.com.newsblur.network.APIManager.get(APIManager.java:625)
08-05 18:47:21.239 31004  6594 E baseline.com.newsblur.network.APIResponse: 	at baseline.com.newsblur.network.APIManager.get(APIManager.java:667)
08-05 18:47:21.239 31004  6594 E baseline.com.newsblur.network.APIResponse: 	at baseline.com.newsblur.network.APIManager.getFeedUnreadCounts(APIManager.java:274)
08-05 18:47:21.239 31004  6594 E baseline.com.newsblur.network.APIResponse: 	at baseline.com.newsblur.service.NBSyncService.checkRecounts(NBSyncService.java:660)
08-05 18:47:21.239 31004  6594 E baseline.com.newsblur.network.APIResponse: 	at baseline.com.newsblur.service.NBSyncService.doSync(NBSyncService.java:310)
08-05 18:47:21.239 31004  6594 E baseline.com.newsblur.network.APIResponse: 	at baseline.com.newsblur.service.NBSyncService.access$100(NBSyncService.java:67)
08-05 18:47:21.239 31004  6594 E baseline.com.newsblur.network.APIResponse: 	at baseline.com.newsblur.service.NBSyncService$1.run(NBSyncService.java:188)
08-05 18:47:21.239 31004  6594 E baseline.com.newsblur.network.APIResponse: 	at java.util.concurrent.ThreadPoolExecutor.runWorker(ThreadPoolExecutor.java:1113)
08-05 18:47:21.239 31004  6594 E baseline.com.newsblur.network.APIResponse: 	at java.util.concurrent.ThreadPoolExecutor$Worker.run(ThreadPoolExecutor.java:588)
08-05 18:47:21.239 31004  6594 E baseline.com.newsblur.network.APIResponse: 	at java.lang.Thread.run(Thread.java:818)
08-05 18:47:21.239 31004  6594 E baseline.com.newsblur.network.APIResponse: Caused by: java.io.EOFException: \n not found: limit=0 content=
08-05 18:47:21.239 31004  6594 E baseline.com.newsblur.network.APIResponse: 	at okio.RealBufferedSource.readUtf8LineStrict(RealBufferedSource.java:240)
08-05 18:47:21.239 31004  6594 E baseline.com.newsblur.network.APIResponse: 	at okhttp3.internal.http1.Http1ExchangeCodec.readHeaderLine(Http1ExchangeCodec.java:242)
08-05 18:47:21.239 31004  6594 E baseline.com.newsblur.network.APIResponse: 	at okhttp3.internal.http1.Http1ExchangeCodec.readResponseHeaders(Http1ExchangeCodec.java:213)
08-05 18:47:21.239 31004  6594 E baseline.com.newsblur.network.APIResponse: 	... 28 more
08-05 18:47:21.242 31004  6594 W baseline.com.newsblur.service.NBSyncService: Bad response to feed_unread_count
08-05 18:47:21.476 31004 31015 I art     : Starting a blocking GC Explicit
08-05 18:47:21.514 31004 31015 I art     : Explicit concurrent mark sweep GC freed 4446(422KB) AllocSpace objects, 6(120KB) LOS objects, 29% free, 37MB/53MB, paused 1.189ms total 37.224ms
08-05 18:47:21.524 31004 31015 I art     : Starting a blocking GC Explicit
08-05 18:47:21.560 31004 31015 I art     : Explicit concurrent mark sweep GC freed 136(5KB) AllocSpace objects, 0(0B) LOS objects, 29% free, 37MB/53MB, paused 1.097ms total 35.343ms
08-05 18:47:21.569 31004 31015 I art     : Starting a blocking GC Explicit
08-05 18:47:21.604 31004 31015 I art     : Explicit concurrent mark sweep GC freed 3(96B) AllocSpace objects, 0(0B) LOS objects, 29% free, 37MB/53MB, paused 1.061ms total 34.213ms
08-05 18:47:21.614 31004 31015 I art     : Starting a blocking GC Explicit
08-05 18:47:21.649 31004 31015 I art     : Explicit concurrent mark sweep GC freed 3(96B) AllocSpace objects, 0(0B) LOS objects, 29% free, 37MB/53MB, paused 1.094ms total 35.192ms
08-05 18:47:21.659 31004 31015 I art     : Starting a blocking GC Explicit
08-05 18:47:21.694 31004 31015 I art     : Explicit concurrent mark sweep GC freed 622(25KB) AllocSpace objects, 0(0B) LOS objects, 29% free, 37MB/53MB, paused 1.174ms total 34.639ms
08-05 18:47:21.753  6969  6969 D AndroidRuntime: >>>>>> START com.android.internal.os.RuntimeInit uid 2000 <<<<<<
08-05 18:47:21.758  6969  6969 D AndroidRuntime: CheckJNI is OFF
08-05 18:47:21.760 31004  6594 E baseline.com.newsblur.network.APIResponse: Error (unexpected end of stream on https://www.newsblur.com/...) calling https://www.newsblur.com/reader/mark_story_hashes_as_read/
08-05 18:47:21.760 31004  6594 E baseline.com.newsblur.network.APIResponse: java.io.IOException: unexpected end of stream on https://www.newsblur.com/...
08-05 18:47:21.760 31004  6594 E baseline.com.newsblur.network.APIResponse: 	at okhttp3.internal.http1.Http1ExchangeCodec.readResponseHeaders(Http1ExchangeCodec.java:236)
08-05 18:47:21.760 31004  6594 E baseline.com.newsblur.network.APIResponse: 	at okhttp3.internal.connection.Exchange.readResponseHeaders(Exchange.java:115)
08-05 18:47:21.760 31004  6594 E baseline.com.newsblur.network.APIResponse: 	at okhttp3.internal.http.CallServerInterceptor.intercept(CallServerInterceptor.java:94)
08-05 18:47:21.760 31004  6594 E baseline.com.newsblur.network.APIResponse: 	at okhttp3.internal.http.RealInterceptorChain.proceed(RealInterceptorChain.java:142)
08-05 18:47:21.760 31004  6594 E baseline.com.newsblur.network.APIResponse: 	at okhttp3.internal.connection.ConnectInterceptor.intercept(ConnectInterceptor.java:43)
08-05 18:47:21.760 31004  6594 E baseline.com.newsblur.network.APIResponse: 	at okhttp3.internal.http.RealInterceptorChain.proceed(RealInterceptorChain.java:142)
08-05 18:47:21.760 31004  6594 E baseline.com.newsblur.network.APIResponse: 	at okhttp3.internal.http.RealInterceptorChain.proceed(RealInterceptorChain.java:117)
08-05 18:47:21.760 31004  6594 E baseline.com.newsblur.network.APIResponse: 	at okhttp3.internal.cache.CacheInterceptor.intercept(CacheInterceptor.java:94)
08-05 18:47:21.760 31004  6594 E baseline.com.newsblur.network.APIResponse: 	at okhttp3.internal.http.RealInterceptorChain.proceed(RealInterceptorChain.java:142)
08-05 18:47:21.760 31004  6594 E baseline.com.newsblur.network.APIResponse: 	at okhttp3.internal.http.RealInterceptorChain.proceed(RealInterceptorChain.java:117)
08-05 18:47:21.760 31004  6594 E baseline.com.newsblur.network.APIResponse: 	at okhttp3.internal.http.BridgeInterceptor.intercept(BridgeInterceptor.java:93)
08-05 18:47:21.760 31004  6594 E baseline.com.newsblur.network.APIResponse: 	at okhttp3.internal.http.RealInterceptorChain.proceed(RealInterceptorChain.java:142)
08-05 18:47:21.760 31004  6594 E baseline.com.newsblur.network.APIResponse: 	at okhttp3.internal.http.RetryAndFollowUpInterceptor.intercept(RetryAndFollowUpInterceptor.java:88)
08-05 18:47:21.760 31004  6594 E baseline.com.newsblur.network.APIResponse: 	at okhttp3.internal.http.RealInterceptorChain.proceed(RealInterceptorChain.java:142)
08-05 18:47:21.760 31004  6594 E baseline.com.newsblur.network.APIResponse: 	at okhttp3.internal.http.RealInterceptorChain.proceed(RealInterceptorChain.java:117)
08-05 18:47:21.760 31004  6594 E baseline.com.newsblur.network.APIResponse: 	at okhttp3.RealCall.getResponseWithInterceptorChain(RealCall.java:229)
08-05 18:47:21.760 31004  6594 E baseline.com.newsblur.network.APIResponse: 	at okhttp3.RealCall.execute(RealCall.java:81)
08-05 18:47:21.760 31004  6594 E baseline.com.newsblur.network.APIResponse: 	at baseline.com.newsblur.network.APIResponse.<init>(APIResponse.java:57)
08-05 18:47:21.760 31004  6594 E baseline.com.newsblur.network.APIResponse: 	at baseline.com.newsblur.network.APIResponse.<init>(APIResponse.java:43)
08-05 18:47:21.760 31004  6594 E baseline.com.newsblur.network.APIResponse: 	at baseline.com.newsblur.network.APIManager.post_single(APIManager.java:702)
08-05 18:47:21.760 31004  6594 E baseline.com.newsblur.network.APIResponse: 	at baseline.com.newsblur.network.APIManager.post(APIManager.java:675)
08-05 18:47:21.760 31004  6594 E baseline.com.newsblur.network.APIResponse: 	at baseline.com.newsblur.network.APIManager.post(APIManager.java:714)
08-05 18:47:21.760 31004  6594 E baseline.com.newsblur.network.APIResponse: 	at baseline.com.newsblur.network.APIManager.markStoryAsRead(APIManager.java:205)
08-05 18:47:21.760 31004  6594 E baseline.com.newsblur.network.APIResponse: 	at baseline.com.newsblur.util.ReadingAction.doRemote(ReadingAction.java:281)
08-05 18:47:21.760 31004  6594 E baseline.com.newsblur.network.APIResponse: 	at baseline.com.newsblur.service.NBSyncService.syncActions(NBSyncService.java:400)
08-05 18:47:21.760 31004  6594 E baseline.com.newsblur.network.APIResponse: 	at baseline.com.newsblur.service.NBSyncService.doSync(NBSyncService.java:298)
08-05 18:47:21.760 31004  6594 E baseline.com.newsblur.network.APIResponse: 	at baseline.com.newsblur.service.NBSyncService.access$100(NBSyncService.java:67)
08-05 18:47:21.760 31004  6594 E baseline.com.newsblur.network.APIResponse: 	at baseline.com.newsblur.service.NBSyncService$1.run(NBSyncService.java:188)
08-05 18:47:21.760 31004  6594 E baseline.com.newsblur.network.APIResponse: 	at java.util.concurrent.ThreadPoolExecutor.runWorker(ThreadPoolExecutor.java:1113)
08-05 18:47:21.760 31004  6594 E baseline.com.newsblur.network.APIResponse: 	at java.util.concurrent.ThreadPoolExecutor$Worker.run(ThreadPoolExecutor.java:588)
08-05 18:47:21.760 31004  6594 E baseline.com.newsblur.network.APIResponse: 	at java.lang.Thread.run(Thread.java:818)
08-05 18:47:21.760 31004  6594 E baseline.com.newsblur.network.APIResponse: Caused by: java.io.EOFException: \n not found: limit=0 content=
08-05 18:47:21.760 31004  6594 E baseline.com.newsblur.network.APIResponse: 	at okio.RealBufferedSource.readUtf8LineStrict(RealBufferedSource.java:240)
08-05 18:47:21.760 31004  6594 E baseline.com.newsblur.network.APIResponse: 	at okhttp3.internal.http1.Http1ExchangeCodec.readHeaderLine(Http1ExchangeCodec.java:242)
08-05 18:47:21.760 31004  6594 E baseline.com.newsblur.network.APIResponse: 	at okhttp3.internal.http1.Http1ExchangeCodec.readResponseHeaders(Http1ExchangeCodec.java:213)
08-05 18:47:21.760 31004  6594 E baseline.com.newsblur.network.APIResponse: 	... 30 more
08-05 18:47:21.761 31004  6594 I baseline.com.newsblur.network.APIManager: API call failed, pausing before retry number 1
08-05 18:47:21.791  6969  6969 D ICU     : No timezone override file found: /data/misc/zoneinfo/current/icu/icu_tzdata.dat
08-05 18:47:21.820  5293  5293 I ServiceManager: Waiting for service AtCmdFwd...
08-05 18:47:21.824  6969  6969 I Radio-JNI: register_android_hardware_Radio DONE
08-05 18:47:21.845  6969  6969 D AndroidRuntime: Calling main entry com.android.commands.input.Input
08-05 18:47:21.848  6969  6969 I Input   : injectMotionEvent: MotionEvent { action=ACTION_DOWN, actionButton=0, id[0]=0, x[0]=436.0, y[0]=453.0, toolType[0]=TOOL_TYPE_UNKNOWN, buttonState=0, metaState=0, flags=0x0, edgeFlags=0x0, pointerCount=1, historySize=0, eventTime=816458260, downTime=816458260, deviceId=0, source=0x1002 }
08-05 18:47:21.854  6969  6969 I Input   : injectMotionEvent: MotionEvent { action=ACTION_UP, actionButton=0, id[0]=0, x[0]=436.0, y[0]=453.0, toolType[0]=TOOL_TYPE_UNKNOWN, buttonState=0, metaState=0, flags=0x0, edgeFlags=0x0, pointerCount=1, historySize=0, eventTime=816458260, downTime=816458260, deviceId=0, source=0x1002 }
08-05 18:47:21.856  6969  6969 D AndroidRuntime: Shutting down VM
08-05 18:47:21.860   512  2967 D audio_hw_primary: out_set_parameters: enter: usecase(1: low-latency-playback) kvpairs: routing=2
08-05 18:47:21.861   918  3961 I ActivityManager: START u0 {cmp=baseline.com.newsblur/.activity.GlobalSharedStoriesReading (has extras)} from uid 10676 on display 0
08-05 18:47:21.873   512  2967 D audio_hw_primary: select_devices: out_snd_device(2: speaker) in_snd_device(0: none)
08-05 18:47:21.873   512  2967 D msm8974_platform: platform_send_audio_calibration: sending audio calibration for snd_device(2) acdb_id(15)
08-05 18:47:21.874   512  2967 I soundtrigger: audio_extn_sound_trigger_update_device_status: device 0x2 of type 0 for Event 1
08-05 18:47:21.886   512  2967 D audio_hw_primary: enable_snd_device: snd_device(2: speaker)
08-05 18:47:21.890   512  2967 D audio_hw_primary: enable_audio_route: apply and update mixer path: low-latency-playback speaker
08-05 18:47:21.996 31004 31016 I art     : Starting a blocking GC Explicit
08-05 18:47:22.032 31004 31016 I art     : Explicit concurrent mark sweep GC freed 4830(483KB) AllocSpace objects, 8(588KB) LOS objects, 29% free, 37MB/53MB, paused 1.037ms total 35.480ms
08-05 18:47:22.044 31004 31016 I art     : Starting a blocking GC Explicit
08-05 18:47:22.066   918   936 I ActivityManager: Displayed baseline.com.newsblur/.activity.GlobalSharedStoriesReading: +194ms
08-05 18:47:22.067 13866 13866 I GoogleInputMethodServic: GoogleInputMethodService.onFinishInput():3138 
08-05 18:47:22.068 13866 13866 I GoogleInputMethodServic: GoogleInputMethodService.onStartInput():1808 
08-05 18:47:22.080 31004 31016 I art     : Explicit concurrent mark sweep GC freed 861(59KB) AllocSpace objects, 1(20KB) LOS objects, 29% free, 37MB/53MB, paused 1.231ms total 35.453ms
08-05 18:47:22.090 31004 31016 I art     : Starting a blocking GC Explicit
08-05 18:47:22.127 31004 31016 I art     : Explicit concurrent mark sweep GC freed 1624(103KB) AllocSpace objects, 2(40KB) LOS objects, 29% free, 38MB/54MB, paused 1.481ms total 36.849ms
08-05 18:47:22.137 31004 31016 I art     : Starting a blocking GC Explicit
08-05 18:47:22.177 31004 31016 I art     : Explicit concurrent mark sweep GC freed 734(62KB) AllocSpace objects, 9(216KB) LOS objects, 29% free, 38MB/54MB, paused 1.422ms total 39.239ms
08-05 18:47:22.188 31004 31016 I art     : Starting a blocking GC Explicit
08-05 18:47:22.223 31004 31016 I art     : Explicit concurrent mark sweep GC freed 770(58KB) AllocSpace objects, 1(28KB) LOS objects, 29% free, 38MB/54MB, paused 1.139ms total 34.815ms
08-05 18:47:22.293 31004  6243 E chromium: [ERROR:tile_manager.cc(793)] WARNING: tile memory limits exceeded, some content may not draw
08-05 18:47:22.293 31004  6243 E chromium: [ERROR:tile_manager.cc(793)] WARNING: tile memory limits exceeded, some content may not draw
08-05 18:47:22.429   512  2967 D audio_hw_primary: disable_audio_route: reset and update mixer path: low-latency-playback speaker
08-05 18:47:22.430   512  2967 D audio_hw_primary: disable_snd_device: snd_device(2: speaker)
08-05 18:47:22.439   512  2967 I soundtrigger: audio_extn_sound_trigger_update_device_status: device 0x2 of type 0 for Event 0
08-05 18:47:22.555 31004  5669 I art     : Starting a blocking GC Explicit
08-05 18:47:22.590 31004  5669 I art     : Explicit concurrent mark sweep GC freed 1808(129KB) AllocSpace objects, 2(40KB) LOS objects, 29% free, 38MB/54MB, paused 1.020ms total 35.062ms
08-05 18:47:22.599 31004  5669 I art     : Starting a blocking GC Explicit
08-05 18:47:22.632 31004  5669 I art     : Explicit concurrent mark sweep GC freed 47(1936B) AllocSpace objects, 0(0B) LOS objects, 29% free, 38MB/54MB, paused 996us total 32.959ms
08-05 18:47:22.642 31004  5669 I art     : Starting a blocking GC Explicit
08-05 18:47:22.679 31004  5669 I art     : Explicit concurrent mark sweep GC freed 3(96B) AllocSpace objects, 0(0B) LOS objects, 29% free, 38MB/54MB, paused 1.072ms total 36.252ms
08-05 18:47:22.689 31004  5669 I art     : Starting a blocking GC Explicit
08-05 18:47:22.728 31004  5669 I art     : Explicit concurrent mark sweep GC freed 3(96B) AllocSpace objects, 0(0B) LOS objects, 29% free, 38MB/54MB, paused 1.069ms total 38.754ms
08-05 18:47:22.739 31004  5669 I art     : Starting a blocking GC Explicit
08-05 18:47:22.778 31004  5669 I art     : Explicit concurrent mark sweep GC freed 3(96B) AllocSpace objects, 0(0B) LOS objects, 29% free, 38MB/54MB, paused 1.160ms total 39.128ms
08-05 18:47:22.821  5293  5293 I ServiceManager: Waiting for service AtCmdFwd...
08-05 18:47:23.107 31004 31015 I art     : Starting a blocking GC Explicit
08-05 18:47:23.148 31004 31015 I art     : Explicit concurrent mark sweep GC freed 1488(85KB) AllocSpace objects, 1(20KB) LOS objects, 29% free, 38MB/54MB, paused 1.382ms total 41.318ms
08-05 18:47:23.161 31004 31015 I art     : Starting a blocking GC Explicit
08-05 18:47:23.199 31004 31015 I art     : Explicit concurrent mark sweep GC freed 22(784B) AllocSpace objects, 0(0B) LOS objects, 29% free, 38MB/54MB, paused 1.083ms total 37.872ms
08-05 18:47:23.209 31004 31015 I art     : Starting a blocking GC Explicit
08-05 18:47:23.247 31004 31015 I art     : Explicit concurrent mark sweep GC freed 3(96B) AllocSpace objects, 0(0B) LOS objects, 29% free, 38MB/54MB, paused 1.172ms total 37.915ms
08-05 18:47:23.258 31004 31015 I art     : Starting a blocking GC Explicit
08-05 18:47:23.296 31004 31015 I art     : Explicit concurrent mark sweep GC freed 94(3KB) AllocSpace objects, 0(0B) LOS objects, 29% free, 38MB/54MB, paused 1.185ms total 38.046ms
08-05 18:47:23.307 31004 31015 I art     : Starting a blocking GC Explicit
08-05 18:47:23.346 31004 31015 I art     : Explicit concurrent mark sweep GC freed 77(4KB) AllocSpace objects, 0(0B) LOS objects, 29% free, 38MB/54MB, paused 1.554ms total 38.947ms
08-05 18:47:23.689 31004 31016 I art     : Starting a blocking GC Explicit
08-05 18:47:23.733 31004 31016 I art     : Explicit concurrent mark sweep GC freed 1524(86KB) AllocSpace objects, 1(20KB) LOS objects, 29% free, 38MB/54MB, paused 1.353ms total 42.930ms
08-05 18:47:23.745 31004 31016 I art     : Starting a blocking GC Explicit
08-05 18:47:23.781 31004 31016 I art     : Explicit concurrent mark sweep GC freed 1695(65KB) AllocSpace objects, 0(0B) LOS objects, 29% free, 38MB/54MB, paused 1.069ms total 36.231ms
08-05 18:47:23.791 31004 31016 I art     : Starting a blocking GC Explicit
08-05 18:47:23.797 31004  6594 E baseline.com.newsblur.network.APIResponse: Error (unexpected end of stream on https://www.newsblur.com/...) calling https://www.newsblur.com/reader/mark_story_hashes_as_read/
08-05 18:47:23.797 31004  6594 E baseline.com.newsblur.network.APIResponse: java.io.IOException: unexpected end of stream on https://www.newsblur.com/...
08-05 18:47:23.797 31004  6594 E baseline.com.newsblur.network.APIResponse: 	at okhttp3.internal.http1.Http1ExchangeCodec.readResponseHeaders(Http1ExchangeCodec.java:236)
08-05 18:47:23.797 31004  6594 E baseline.com.newsblur.network.APIResponse: 	at okhttp3.internal.connection.Exchange.readResponseHeaders(Exchange.java:115)
08-05 18:47:23.797 31004  6594 E baseline.com.newsblur.network.APIResponse: 	at okhttp3.internal.http.CallServerInterceptor.intercept(CallServerInterceptor.java:94)
08-05 18:47:23.797 31004  6594 E baseline.com.newsblur.network.APIResponse: 	at okhttp3.internal.http.RealInterceptorChain.proceed(RealInterceptorChain.java:142)
08-05 18:47:23.797 31004  6594 E baseline.com.newsblur.network.APIResponse: 	at okhttp3.internal.connection.ConnectInterceptor.intercept(ConnectInterceptor.java:43)
08-05 18:47:23.797 31004  6594 E baseline.com.newsblur.network.APIResponse: 	at okhttp3.internal.http.RealInterceptorChain.proceed(RealInterceptorChain.java:142)
08-05 18:47:23.797 31004  6594 E baseline.com.newsblur.network.APIResponse: 	at okhttp3.internal.http.RealInterceptorChain.proceed(RealInterceptorChain.java:117)
08-05 18:47:23.797 31004  6594 E baseline.com.newsblur.network.APIResponse: 	at okhttp3.internal.cache.CacheInterceptor.intercept(CacheInterceptor.java:94)
08-05 18:47:23.797 31004  6594 E baseline.com.newsblur.network.APIResponse: 	at okhttp3.internal.http.RealInterceptorChain.proceed(RealInterceptorChain.java:142)
08-05 18:47:23.797 31004  6594 E baseline.com.newsblur.network.APIResponse: 	at okhttp3.internal.http.RealInterceptorChain.proceed(RealInterceptorChain.java:117)
08-05 18:47:23.797 31004  6594 E baseline.com.newsblur.network.APIResponse: 	at okhttp3.internal.http.BridgeInterceptor.intercept(BridgeInterceptor.java:93)
08-05 18:47:23.797 31004  6594 E baseline.com.newsblur.network.APIResponse: 	at okhttp3.internal.http.RealInterceptorChain.proceed(RealInterceptorChain.java:142)
08-05 18:47:23.797 31004  6594 E baseline.com.newsblur.network.APIResponse: 	at okhttp3.internal.http.RetryAndFollowUpInterceptor.intercept(RetryAndFollowUpInterceptor.java:88)
08-05 18:47:23.797 31004  6594 E baseline.com.newsblur.network.APIResponse: 	at okhttp3.internal.http.RealInterceptorChain.proceed(RealInterceptorChain.java:142)
08-05 18:47:23.797 31004  6594 E baseline.com.newsblur.network.APIResponse: 	at okhttp3.internal.http.RealInterceptorChain.proceed(RealInterceptorChain.java:117)
08-05 18:47:23.797 31004  6594 E baseline.com.newsblur.network.APIResponse: 	at okhttp3.RealCall.getResponseWithInterceptorChain(RealCall.java:229)
08-05 18:47:23.797 31004  6594 E baseline.com.newsblur.network.APIResponse: 	at okhttp3.RealCall.execute(RealCall.java:81)
08-05 18:47:23.797 31004  6594 E baseline.com.newsblur.network.APIResponse: 	at baseline.com.newsblur.network.APIResponse.<init>(APIResponse.java:57)
08-05 18:47:23.797 31004  6594 E baseline.com.newsblur.network.APIResponse: 	at baseline.com.newsblur.network.APIResponse.<init>(APIResponse.java:43)
08-05 18:47:23.797 31004  6594 E baseline.com.newsblur.network.APIResponse: 	at baseline.com.newsblur.network.APIManager.post_single(APIManager.java:702)
08-05 18:47:23.797 31004  6594 E baseline.com.newsblur.network.APIResponse: 	at baseline.com.newsblur.network.APIManager.post(APIManager.java:675)
08-05 18:47:23.797 31004  6594 E baseline.com.newsblur.network.APIResponse: 	at baseline.com.newsblur.network.APIManager.post(APIManager.java:714)
08-05 18:47:23.797 31004  6594 E baseline.com.newsblur.network.APIResponse: 	at baseline.com.newsblur.network.APIManager.markStoryAsRead(APIManager.java:205)
08-05 18:47:23.797 31004  6594 E baseline.com.newsblur.network.APIResponse: 	at baseline.com.newsblur.util.ReadingAction.doRemote(ReadingAction.java:281)
08-05 18:47:23.797 31004  6594 E baseline.com.newsblur.network.APIResponse: 	at baseline.com.newsblur.service.NBSyncService.syncActions(NBSyncService.java:400)
08-05 18:47:23.797 31004  6594 E baseline.com.newsblur.network.APIResponse: 	at baseline.com.newsblur.service.NBSyncService.doSync(NBSyncService.java:298)
08-05 18:47:23.797 31004  6594 E baseline.com.newsblur.network.APIResponse: 	at baseline.com.newsblur.service.NBSyncService.access$100(NBSyncService.java:67)
08-05 18:47:23.797 31004  6594 E baseline.com.newsblur.network.APIResponse: 	at baseline.com.newsblur.service.NBSyncService$1.run(NBSyncService.java:188)
08-05 18:47:23.797 31004  6594 E baseline.com.newsblur.network.APIResponse: 	at java.util.concurrent.ThreadPoolExecutor.runWorker(ThreadPoolExecutor.java:1113)
08-05 18:47:23.797 31004  6594 E baseline.com.newsblur.network.APIResponse: 	at java.util.concurrent.ThreadPoolExecutor$Worker.run(ThreadPoolExecutor.java:588)
08-05 18:47:23.797 31004  6594 E baseline.com.newsblur.network.APIResponse: 	at java.lang.Thread.run(Thread.java:818)
08-05 18:47:23.797 31004  6594 E baseline.com.newsblur.network.APIResponse: Caused by: java.io.EOFException: \n not found: limit=0 content=
08-05 18:47:23.797 31004  6594 E baseline.com.newsblur.network.APIResponse: 	at okio.RealBufferedSource.readUtf8LineStrict(RealBufferedSource.java:240)
08-05 18:47:23.797 31004  6594 E baseline.com.newsblur.network.APIResponse: 	at okhttp3.internal.http1.Http1ExchangeCodec.readHeaderLine(Http1ExchangeCodec.java:242)
08-05 18:47:23.797 31004  6594 E baseline.com.newsblur.network.APIResponse: 	at okhttp3.internal.http1.Http1ExchangeCodec.readResponseHeaders(Http1ExchangeCodec.java:213)
08-05 18:47:23.797 31004  6594 E baseline.com.newsblur.network.APIResponse: 	... 30 more
08-05 18:47:23.799 31004  6594 I baseline.com.newsblur.network.APIManager: API call failed, pausing before retry number 2
08-05 18:47:23.821  5293  5293 W Atfwd_Sendcmd: AtCmdFwd service not published, waiting... retryCnt : 1
08-05 18:47:23.829 31004 31016 I art     : Explicit concurrent mark sweep GC freed 558(181KB) AllocSpace objects, 2(40KB) LOS objects, 29% free, 38MB/54MB, paused 995us total 37.317ms
08-05 18:47:23.839 31004 31016 I art     : Starting a blocking GC Explicit
08-05 18:47:23.877 31004 31016 I art     : Explicit concurrent mark sweep GC freed 346(30KB) AllocSpace objects, 0(0B) LOS objects, 29% free, 38MB/54MB, paused 1.024ms total 37.771ms
08-05 18:47:23.888 31004 31016 I art     : Starting a blocking GC Explicit
08-05 18:47:23.925 31004 31016 I art     : Explicit concurrent mark sweep GC freed 25(832B) AllocSpace objects, 0(0B) LOS objects, 29% free, 38MB/54MB, paused 1.035ms total 37.504ms
08-05 18:47:24.266 31004  5669 I art     : Starting a blocking GC Explicit
08-05 18:47:24.307 31004  5669 I art     : Explicit concurrent mark sweep GC freed 1444(83KB) AllocSpace objects, 1(20KB) LOS objects, 29% free, 38MB/54MB, paused 1.021ms total 40.318ms
08-05 18:47:24.317 31004  5669 I art     : Starting a blocking GC Explicit
08-05 18:47:24.353 31004  5669 I art     : Explicit concurrent mark sweep GC freed 22(784B) AllocSpace objects, 0(0B) LOS objects, 29% free, 38MB/54MB, paused 1.019ms total 36.601ms
08-05 18:47:24.364 31004  5669 I art     : Starting a blocking GC Explicit
08-05 18:47:24.401 31004  5669 I art     : Explicit concurrent mark sweep GC freed 3(96B) AllocSpace objects, 0(0B) LOS objects, 29% free, 38MB/54MB, paused 1.046ms total 37.131ms
08-05 18:47:24.411 31004  5669 I art     : Starting a blocking GC Explicit
08-05 18:47:24.449 31004  5669 I art     : Explicit concurrent mark sweep GC freed 3(96B) AllocSpace objects, 0(0B) LOS objects, 29% free, 38MB/54MB, paused 1.139ms total 37.489ms
08-05 18:47:24.459 31004  5669 I art     : Starting a blocking GC Explicit
08-05 18:47:24.496 31004  5669 I art     : Explicit concurrent mark sweep GC freed 3(96B) AllocSpace objects, 0(0B) LOS objects, 29% free, 38MB/54MB, paused 1.009ms total 36.956ms
08-05 18:47:24.825 31004  5910 I art     : Starting a blocking GC Explicit
08-05 18:47:24.866 31004  5910 I art     : Explicit concurrent mark sweep GC freed 1443(83KB) AllocSpace objects, 1(20KB) LOS objects, 29% free, 38MB/54MB, paused 1.075ms total 40.498ms
08-05 18:47:24.881 31004  5910 I art     : Starting a blocking GC Explicit
08-05 18:47:24.915 31004  5910 I art     : Explicit concurrent mark sweep GC freed 22(784B) AllocSpace objects, 0(0B) LOS objects, 29% free, 38MB/54MB, paused 996us total 34.130ms
08-05 18:47:24.925 31004  5910 I art     : Starting a blocking GC Explicit
08-05 18:47:24.962 31004  5910 I art     : Explicit concurrent mark sweep GC freed 3(96B) AllocSpace objects, 0(0B) LOS objects, 29% free, 38MB/54MB, paused 1.034ms total 36.955ms
08-05 18:47:24.973 31004  5910 I art     : Starting a blocking GC Explicit
08-05 18:47:25.010 31004  5910 I art     : Explicit concurrent mark sweep GC freed 3(96B) AllocSpace objects, 0(0B) LOS objects, 29% free, 38MB/54MB, paused 1.035ms total 36.950ms
08-05 18:47:25.020 31004  5910 I art     : Starting a blocking GC Explicit
08-05 18:47:25.058 31004  5910 I art     : Explicit concurrent mark sweep GC freed 3(96B) AllocSpace objects, 0(0B) LOS objects, 29% free, 38MB/54MB, paused 1.088ms total 37.909ms
08-05 18:47:25.391 31004 31015 I art     : Starting a blocking GC Explicit
08-05 18:47:25.433 31004 31015 I art     : Explicit concurrent mark sweep GC freed 1444(83KB) AllocSpace objects, 1(20KB) LOS objects, 29% free, 38MB/54MB, paused 1.090ms total 41ms
08-05 18:47:25.447 31004 31015 I art     : Starting a blocking GC Explicit
08-05 18:47:25.483 31004 31015 I art     : Explicit concurrent mark sweep GC freed 22(784B) AllocSpace objects, 0(0B) LOS objects, 29% free, 38MB/54MB, paused 961us total 35.972ms
08-05 18:47:25.493 31004 31015 I art     : Starting a blocking GC Explicit
08-05 18:47:25.530 31004 31015 I art     : Explicit concurrent mark sweep GC freed 3(96B) AllocSpace objects, 0(0B) LOS objects, 29% free, 38MB/54MB, paused 1.146ms total 36.438ms
08-05 18:47:25.540 31004 31015 I art     : Starting a blocking GC Explicit
08-05 18:47:25.578 31004 31015 I art     : Explicit concurrent mark sweep GC freed 3(96B) AllocSpace objects, 0(0B) LOS objects, 29% free, 38MB/54MB, paused 1.084ms total 37.846ms
08-05 18:47:25.588 31004 31015 I art     : Starting a blocking GC Explicit
08-05 18:47:25.626 31004 31015 I art     : Explicit concurrent mark sweep GC freed 3(96B) AllocSpace objects, 0(0B) LOS objects, 29% free, 38MB/54MB, paused 1.014ms total 36.958ms
08-05 18:47:26.000 31004 31016 I art     : Starting a blocking GC Explicit
08-05 18:47:26.040 31004 31016 I art     : Explicit concurrent mark sweep GC freed 1444(83KB) AllocSpace objects, 1(20KB) LOS objects, 29% free, 38MB/54MB, paused 1.096ms total 39.521ms
08-05 18:47:26.050 31004 31016 I art     : Starting a blocking GC Explicit
08-05 18:47:26.088 31004 31016 I art     : Explicit concurrent mark sweep GC freed 22(784B) AllocSpace objects, 0(0B) LOS objects, 29% free, 38MB/54MB, paused 1.031ms total 37.904ms
08-05 18:47:26.099 31004 31016 I art     : Starting a blocking GC Explicit
08-05 18:47:26.135 31004 31016 I art     : Explicit concurrent mark sweep GC freed 3(96B) AllocSpace objects, 0(0B) LOS objects, 29% free, 38MB/54MB, paused 977us total 35.861ms
08-05 18:47:26.145 31004 31016 I art     : Starting a blocking GC Explicit
08-05 18:47:26.183 31004 31016 I art     : Explicit concurrent mark sweep GC freed 3(96B) AllocSpace objects, 0(0B) LOS objects, 29% free, 38MB/54MB, paused 1.115ms total 37.117ms
08-05 18:47:26.193 31004 31016 I art     : Starting a blocking GC Explicit
08-05 18:47:26.229 31004 31016 I art     : Explicit concurrent mark sweep GC freed 3(96B) AllocSpace objects, 0(0B) LOS objects, 29% free, 38MB/54MB, paused 1.059ms total 36.126ms
08-05 18:47:26.498  7073  7073 D AndroidRuntime: >>>>>> START com.android.internal.os.RuntimeInit uid 2000 <<<<<<
08-05 18:47:26.503  7073  7073 D AndroidRuntime: CheckJNI is OFF
08-05 18:47:26.538  7073  7073 D ICU     : No timezone override file found: /data/misc/zoneinfo/current/icu/icu_tzdata.dat
08-05 18:47:26.572  7073  7073 I Radio-JNI: register_android_hardware_Radio DONE
08-05 18:47:26.585 31004  5669 I art     : Starting a blocking GC Explicit
08-05 18:47:26.595  7073  7073 D AndroidRuntime: Calling main entry com.android.commands.input.Input
08-05 18:47:26.596  7073  7073 I Input   : injectKeyEvent: KeyEvent { action=ACTION_DOWN, keyCode=KEYCODE_BACK, scanCode=0, metaState=0, flags=0x0, repeatCount=0, eventTime=816463009, downTime=816463009, deviceId=-1, source=0x101 }
08-05 18:47:26.602  7073  7073 I Input   : injectKeyEvent: KeyEvent { action=ACTION_UP, keyCode=KEYCODE_BACK, scanCode=0, metaState=0, flags=0x0, repeatCount=0, eventTime=816463009, downTime=816463009, deviceId=-1, source=0x101 }
08-05 18:47:26.608  7073  7073 D AndroidRuntime: Shutting down VM
08-05 18:47:26.625 31004  5669 I art     : Explicit concurrent mark sweep GC freed 1641(120KB) AllocSpace objects, 3(60KB) LOS objects, 29% free, 38MB/54MB, paused 1.354ms total 39.578ms
08-05 18:47:26.635 31004  5669 I art     : Starting a blocking GC Explicit
08-05 18:47:26.668 31004  5669 I art     : Explicit concurrent mark sweep GC freed 76(3056B) AllocSpace objects, 0(0B) LOS objects, 29% free, 38MB/54MB, paused 1.051ms total 32.712ms
08-05 18:47:26.678 31004  5669 I art     : Starting a blocking GC Explicit
08-05 18:47:26.715 31004  5669 I art     : Explicit concurrent mark sweep GC freed 479(39KB) AllocSpace objects, 1(20KB) LOS objects, 29% free, 38MB/54MB, paused 1.504ms total 37.191ms
08-05 18:47:26.725 31004  5669 I art     : Starting a blocking GC Explicit
08-05 18:47:26.742 13866 13866 I GoogleInputMethodServic: GoogleInputMethodService.onFinishInput():3138 
08-05 18:47:26.743 13866 13866 I GoogleInputMethodServic: GoogleInputMethodService.onStartInput():1808 
08-05 18:47:26.762 31004  5669 I art     : Explicit concurrent mark sweep GC freed 589(54KB) AllocSpace objects, 1(20KB) LOS objects, 29% free, 38MB/54MB, paused 1.183ms total 37.081ms
08-05 18:47:26.773 31004  5669 I art     : Starting a blocking GC Explicit
08-05 18:47:26.813 31004  5669 I art     : Explicit concurrent mark sweep GC freed 603(44KB) AllocSpace objects, 0(0B) LOS objects, 29% free, 38MB/54MB, paused 1.116ms total 39.494ms
08-05 18:47:27.103 31004  5910 I art     : Starting a blocking GC Explicit
08-05 18:47:27.139 31004  5910 I art     : Explicit concurrent mark sweep GC freed 2775(148KB) AllocSpace objects, 2(48KB) LOS objects, 29% free, 38MB/54MB, paused 1.020ms total 35.272ms
08-05 18:47:27.150 31004  5910 I art     : Starting a blocking GC Explicit
08-05 18:47:27.186 31004  5910 I art     : Explicit concurrent mark sweep GC freed 155(7KB) AllocSpace objects, 0(0B) LOS objects, 29% free, 38MB/54MB, paused 1.105ms total 36.069ms
08-05 18:47:27.196 31004  5910 I art     : Starting a blocking GC Explicit
08-05 18:47:27.232 31004  5910 I art     : Explicit concurrent mark sweep GC freed 9(288B) AllocSpace objects, 0(0B) LOS objects, 29% free, 38MB/54MB, paused 1.075ms total 36.330ms
08-05 18:47:27.243 31004  5910 I art     : Starting a blocking GC Explicit
08-05 18:47:27.284 31004  5910 I art     : Explicit concurrent mark sweep GC freed 9(288B) AllocSpace objects, 0(0B) LOS objects, 29% free, 38MB/54MB, paused 1.129ms total 40.780ms
08-05 18:47:27.296 31004  5910 I art     : Starting a blocking GC Explicit
08-05 18:47:27.337 31004  5910 I art     : Explicit concurrent mark sweep GC freed 1663(65KB) AllocSpace objects, 0(0B) LOS objects, 29% free, 38MB/54MB, paused 1.223ms total 40.620ms
08-05 18:47:27.367 31004  6594 E baseline.com.newsblur.network.APIResponse: Error (unexpected end of stream on https://www.newsblur.com/...) calling https://www.newsblur.com/reader/mark_story_hashes_as_read/
08-05 18:47:27.367 31004  6594 E baseline.com.newsblur.network.APIResponse: java.io.IOException: unexpected end of stream on https://www.newsblur.com/...
08-05 18:47:27.367 31004  6594 E baseline.com.newsblur.network.APIResponse: 	at okhttp3.internal.http1.Http1ExchangeCodec.readResponseHeaders(Http1ExchangeCodec.java:236)
08-05 18:47:27.367 31004  6594 E baseline.com.newsblur.network.APIResponse: 	at okhttp3.internal.connection.Exchange.readResponseHeaders(Exchange.java:115)
08-05 18:47:27.367 31004  6594 E baseline.com.newsblur.network.APIResponse: 	at okhttp3.internal.http.CallServerInterceptor.intercept(CallServerInterceptor.java:94)
08-05 18:47:27.367 31004  6594 E baseline.com.newsblur.network.APIResponse: 	at okhttp3.internal.http.RealInterceptorChain.proceed(RealInterceptorChain.java:142)
08-05 18:47:27.367 31004  6594 E baseline.com.newsblur.network.APIResponse: 	at okhttp3.internal.connection.ConnectInterceptor.intercept(ConnectInterceptor.java:43)
08-05 18:47:27.367 31004  6594 E baseline.com.newsblur.network.APIResponse: 	at okhttp3.internal.http.RealInterceptorChain.proceed(RealInterceptorChain.java:142)
08-05 18:47:27.367 31004  6594 E baseline.com.newsblur.network.APIResponse: 	at okhttp3.internal.http.RealInterceptorChain.proceed(RealInterceptorChain.java:117)
08-05 18:47:27.367 31004  6594 E baseline.com.newsblur.network.APIResponse: 	at okhttp3.internal.cache.CacheInterceptor.intercept(CacheInterceptor.java:94)
08-05 18:47:27.367 31004  6594 E baseline.com.newsblur.network.APIResponse: 	at okhttp3.internal.http.RealInterceptorChain.proceed(RealInterceptorChain.java:142)
08-05 18:47:27.367 31004  6594 E baseline.com.newsblur.network.APIResponse: 	at okhttp3.internal.http.RealInterceptorChain.proceed(RealInterceptorChain.java:117)
08-05 18:47:27.367 31004  6594 E baseline.com.newsblur.network.APIResponse: 	at okhttp3.internal.http.BridgeInterceptor.intercept(BridgeInterceptor.java:93)
08-05 18:47:27.367 31004  6594 E baseline.com.newsblur.network.APIResponse: 	at okhttp3.internal.http.RealInterceptorChain.proceed(RealInterceptorChain.java:142)
08-05 18:47:27.367 31004  6594 E baseline.com.newsblur.network.APIResponse: 	at okhttp3.internal.http.RetryAndFollowUpInterceptor.intercept(RetryAndFollowUpInterceptor.java:88)
08-05 18:47:27.367 31004  6594 E baseline.com.newsblur.network.APIResponse: 	at okhttp3.internal.http.RealInterceptorChain.proceed(RealInterceptorChain.java:142)
08-05 18:47:27.367 31004  6594 E baseline.com.newsblur.network.APIResponse: 	at okhttp3.internal.http.RealInterceptorChain.proceed(RealInterceptorChain.java:117)
08-05 18:47:27.367 31004  6594 E baseline.com.newsblur.network.APIResponse: 	at okhttp3.RealCall.getResponseWithInterceptorChain(RealCall.java:229)
08-05 18:47:27.367 31004  6594 E baseline.com.newsblur.network.APIResponse: 	at okhttp3.RealCall.execute(RealCall.java:81)
08-05 18:47:27.367 31004  6594 E baseline.com.newsblur.network.APIResponse: 	at baseline.com.newsblur.network.APIResponse.<init>(APIResponse.java:57)
08-05 18:47:27.367 31004  6594 E baseline.com.newsblur.network.APIResponse: 	at baseline.com.newsblur.network.APIResponse.<init>(APIResponse.java:43)
08-05 18:47:27.367 31004  6594 E baseline.com.newsblur.network.APIResponse: 	at baseline.com.newsblur.network.APIManager.post_single(APIManager.java:702)
08-05 18:47:27.367 31004  6594 E baseline.com.newsblur.network.APIResponse: 	at baseline.com.newsblur.network.APIManager.post(APIManager.java:675)
08-05 18:47:27.367 31004  6594 E baseline.com.newsblur.network.APIResponse: 	at baseline.com.newsblur.network.APIManager.post(APIManager.java:714)
08-05 18:47:27.367 31004  6594 E baseline.com.newsblur.network.APIResponse: 	at baseline.com.newsblur.network.APIManager.markStoryAsRead(APIManager.java:205)
08-05 18:47:27.367 31004  6594 E baseline.com.newsblur.network.APIResponse: 	at baseline.com.newsblur.util.ReadingAction.doRemote(ReadingAction.java:281)
08-05 18:47:27.367 31004  6594 E baseline.com.newsblur.network.APIResponse: 	at baseline.com.newsblur.service.NBSyncService.syncActions(NBSyncService.java:400)
08-05 18:47:27.367 31004  6594 E baseline.com.newsblur.network.APIResponse: 	at baseline.com.newsblur.service.NBSyncService.doSync(NBSyncService.java:298)
08-05 18:47:27.367 31004  6594 E baseline.com.newsblur.network.APIResponse: 	at baseline.com.newsblur.service.NBSyncService.access$100(NBSyncService.java:67)
08-05 18:47:27.367 31004  6594 E baseline.com.newsblur.network.APIResponse: 	at baseline.com.newsblur.service.NBSyncService$1.run(NBSyncService.java:188)
08-05 18:47:27.367 31004  6594 E baseline.com.newsblur.network.APIResponse: 	at java.util.concurrent.ThreadPoolExecutor.runWorker(ThreadPoolExecutor.java:1113)
08-05 18:47:27.367 31004  6594 E baseline.com.newsblur.network.APIResponse: 	at java.util.concurrent.ThreadPoolExecutor$Worker.run(ThreadPoolExecutor.java:588)
08-05 18:47:27.367 31004  6594 E baseline.com.newsblur.network.APIResponse: 	at java.lang.Thread.run(Thread.java:818)
08-05 18:47:27.367 31004  6594 E baseline.com.newsblur.network.APIResponse: Caused by: java.io.EOFException: \n not found: limit=0 content=
08-05 18:47:27.367 31004  6594 E baseline.com.newsblur.network.APIResponse: 	at okio.RealBufferedSource.readUtf8LineStrict(RealBufferedSource.java:240)
08-05 18:47:27.367 31004  6594 E baseline.com.newsblur.network.APIResponse: 	at okhttp3.internal.http1.Http1ExchangeCodec.readHeaderLine(Http1ExchangeCodec.java:242)
08-05 18:47:27.367 31004  6594 E baseline.com.newsblur.network.APIResponse: 	at okhttp3.internal.http1.Http1ExchangeCodec.readResponseHeaders(Http1ExchangeCodec.java:213)
08-05 18:47:27.367 31004  6594 E baseline.com.newsblur.network.APIResponse: 	... 30 more
08-05 18:47:27.369 31004  6594 I baseline.com.newsblur.service.NBSyncService: Holding reading action with server-side or network error.
08-05 18:47:27.378 31004  6594 W baseline.com.newsblur.service.NBSyncService: hard API failure
08-05 18:47:27.671 31004  5669 I art     : Starting a blocking GC Explicit
08-05 18:47:27.716 31004  5669 I art     : Explicit concurrent mark sweep GC freed 3060(394KB) AllocSpace objects, 7(140KB) LOS objects, 29% free, 38MB/54MB, paused 1.042ms total 44.194ms
08-05 18:47:27.728 31004  5669 I art     : Starting a blocking GC Explicit
08-05 18:47:27.765 31004  5669 I art     : Explicit concurrent mark sweep GC freed 1761(68KB) AllocSpace objects, 0(0B) LOS objects, 29% free, 38MB/54MB, paused 1.013ms total 37.299ms
08-05 18:47:27.776 31004  5669 I art     : Starting a blocking GC Explicit
08-05 18:47:27.779 31004  6594 E baseline.com.newsblur.network.APIResponse: Error (unexpected end of stream on https://www.newsblur.com/...) calling https://www.newsblur.com/reader/mark_story_hashes_as_read/
08-05 18:47:27.779 31004  6594 E baseline.com.newsblur.network.APIResponse: java.io.IOException: unexpected end of stream on https://www.newsblur.com/...
08-05 18:47:27.779 31004  6594 E baseline.com.newsblur.network.APIResponse: 	at okhttp3.internal.http1.Http1ExchangeCodec.readResponseHeaders(Http1ExchangeCodec.java:236)
08-05 18:47:27.779 31004  6594 E baseline.com.newsblur.network.APIResponse: 	at okhttp3.internal.connection.Exchange.readResponseHeaders(Exchange.java:115)
08-05 18:47:27.779 31004  6594 E baseline.com.newsblur.network.APIResponse: 	at okhttp3.internal.http.CallServerInterceptor.intercept(CallServerInterceptor.java:94)
08-05 18:47:27.779 31004  6594 E baseline.com.newsblur.network.APIResponse: 	at okhttp3.internal.http.RealInterceptorChain.proceed(RealInterceptorChain.java:142)
08-05 18:47:27.779 31004  6594 E baseline.com.newsblur.network.APIResponse: 	at okhttp3.internal.connection.ConnectInterceptor.intercept(ConnectInterceptor.java:43)
08-05 18:47:27.779 31004  6594 E baseline.com.newsblur.network.APIResponse: 	at okhttp3.internal.http.RealInterceptorChain.proceed(RealInterceptorChain.java:142)
08-05 18:47:27.779 31004  6594 E baseline.com.newsblur.network.APIResponse: 	at okhttp3.internal.http.RealInterceptorChain.proceed(RealInterceptorChain.java:117)
08-05 18:47:27.779 31004  6594 E baseline.com.newsblur.network.APIResponse: 	at okhttp3.internal.cache.CacheInterceptor.intercept(CacheInterceptor.java:94)
08-05 18:47:27.779 31004  6594 E baseline.com.newsblur.network.APIResponse: 	at okhttp3.internal.http.RealInterceptorChain.proceed(RealInterceptorChain.java:142)
08-05 18:47:27.779 31004  6594 E baseline.com.newsblur.network.APIResponse: 	at okhttp3.internal.http.RealInterceptorChain.proceed(RealInterceptorChain.java:117)
08-05 18:47:27.779 31004  6594 E baseline.com.newsblur.network.APIResponse: 	at okhttp3.internal.http.BridgeInterceptor.intercept(BridgeInterceptor.java:93)
08-05 18:47:27.779 31004  6594 E baseline.com.newsblur.network.APIResponse: 	at okhttp3.internal.http.RealInterceptorChain.proceed(RealInterceptorChain.java:142)
08-05 18:47:27.779 31004  6594 E baseline.com.newsblur.network.APIResponse: 	at okhttp3.internal.http.RetryAndFollowUpInterceptor.intercept(RetryAndFollowUpInterceptor.java:88)
08-05 18:47:27.779 31004  6594 E baseline.com.newsblur.network.APIResponse: 	at okhttp3.internal.http.RealInterceptorChain.proceed(RealInterceptorChain.java:142)
08-05 18:47:27.779 31004  6594 E baseline.com.newsblur.network.APIResponse: 	at okhttp3.internal.http.RealInterceptorChain.proceed(RealInterceptorChain.java:117)
08-05 18:47:27.779 31004  6594 E baseline.com.newsblur.network.APIResponse: 	at okhttp3.RealCall.getResponseWithInterceptorChain(RealCall.java:229)
08-05 18:47:27.779 31004  6594 E baseline.com.newsblur.network.APIResponse: 	at okhttp3.RealCall.execute(RealCall.java:81)
08-05 18:47:27.779 31004  6594 E baseline.com.newsblur.network.APIResponse: 	at baseline.com.newsblur.network.APIResponse.<init>(APIResponse.java:57)
08-05 18:47:27.779 31004  6594 E baseline.com.newsblur.network.APIResponse: 	at baseline.com.newsblur.network.APIResponse.<init>(APIResponse.java:43)
08-05 18:47:27.779 31004  6594 E baseline.com.newsblur.network.APIResponse: 	at baseline.com.newsblur.network.APIManager.post_single(APIManager.java:702)
08-05 18:47:27.779 31004  6594 E baseline.com.newsblur.network.APIResponse: 	at baseline.com.newsblur.network.APIManager.post(APIManager.java:675)
08-05 18:47:27.779 31004  6594 E baseline.com.newsblur.network.APIResponse: 	at baseline.com.newsblur.network.APIManager.post(APIManager.java:714)
08-05 18:47:27.779 31004  6594 E baseline.com.newsblur.network.APIResponse: 	at baseline.com.newsblur.network.APIManager.markStoryAsRead(APIManager.java:205)
08-05 18:47:27.779 31004  6594 E baseline.com.newsblur.network.APIResponse: 	at baseline.com.newsblur.util.ReadingAction.doRemote(ReadingAction.java:281)
08-05 18:47:27.779 31004  6594 E baseline.com.newsblur.network.APIResponse: 	at baseline.com.newsblur.service.NBSyncService.syncActions(NBSyncService.java:400)
08-05 18:47:27.779 31004  6594 E baseline.com.newsblur.network.APIResponse: 	at baseline.com.newsblur.service.NBSyncService.doSync(NBSyncService.java:298)
08-05 18:47:27.779 31004  6594 E baseline.com.newsblur.network.APIResponse: 	at baseline.com.newsblur.service.NBSyncService.access$100(NBSyncService.java:67)
08-05 18:47:27.779 31004  6594 E baseline.com.newsblur.network.APIResponse: 	at baseline.com.newsblur.service.NBSyncService$1.run(NBSyncService.java:188)
08-05 18:47:27.779 31004  6594 E baseline.com.newsblur.network.APIResponse: 	at java.util.concurrent.ThreadPoolExecutor.runWorker(ThreadPoolExecutor.java:1113)
08-05 18:47:27.779 31004  6594 E baseline.com.newsblur.network.APIResponse: 	at java.util.concurrent.ThreadPoolExecutor$Worker.run(ThreadPoolExecutor.java:588)
08-05 18:47:27.779 31004  6594 E baseline.com.newsblur.network.APIResponse: 	at java.lang.Thread.run(Thread.java:818)
08-05 18:47:27.779 31004  6594 E baseline.com.newsblur.network.APIResponse: Caused by: java.io.EOFException: \n not found: limit=0 content=
08-05 18:47:27.779 31004  6594 E baseline.com.newsblur.network.APIResponse: 	at okio.RealBufferedSource.readUtf8LineStrict(RealBufferedSource.java:240)
08-05 18:47:27.779 31004  6594 E baseline.com.newsblur.network.APIResponse: 	at okhttp3.internal.http1.Http1ExchangeCodec.readHeaderLine(Http1ExchangeCodec.java:242)
08-05 18:47:27.779 31004  6594 E baseline.com.newsblur.network.APIResponse: 	at okhttp3.internal.http1.Http1ExchangeCodec.readResponseHeaders(Http1ExchangeCodec.java:213)
08-05 18:47:27.779 31004  6594 E baseline.com.newsblur.network.APIResponse: 	... 30 more
08-05 18:47:27.781 31004  6594 I baseline.com.newsblur.network.APIManager: API call failed, pausing before retry number 1
08-05 18:47:27.816 31004  5669 I art     : Explicit concurrent mark sweep GC freed 772(190KB) AllocSpace objects, 2(40KB) LOS objects, 29% free, 38MB/54MB, paused 1.071ms total 40.027ms
08-05 18:47:27.828 31004  5669 I art     : Starting a blocking GC Explicit
08-05 18:47:27.866 31004  5669 I art     : Explicit concurrent mark sweep GC freed 247(25KB) AllocSpace objects, 0(0B) LOS objects, 29% free, 38MB/54MB, paused 1.150ms total 38.394ms
08-05 18:47:27.878 31004  5669 I art     : Starting a blocking GC Explicit
08-05 18:47:27.913 31004  5669 I art     : Explicit concurrent mark sweep GC freed 30(992B) AllocSpace objects, 0(0B) LOS objects, 29% free, 38MB/54MB, paused 1.028ms total 35.641ms
08-05 18:47:28.234 31004  5669 I art     : Starting a blocking GC Explicit
08-05 18:47:28.255  7118  7118 D AndroidRuntime: >>>>>> START com.android.internal.os.RuntimeInit uid 2000 <<<<<<
08-05 18:47:28.260  7118  7118 D AndroidRuntime: CheckJNI is OFF
08-05 18:47:28.274 31004  5669 I art     : Explicit concurrent mark sweep GC freed 1477(84KB) AllocSpace objects, 1(20KB) LOS objects, 29% free, 38MB/54MB, paused 1.139ms total 39.671ms
08-05 18:47:28.284 31004  5669 I art     : Starting a blocking GC Explicit
08-05 18:47:28.297  7118  7118 D ICU     : No timezone override file found: /data/misc/zoneinfo/current/icu/icu_tzdata.dat
08-05 18:47:28.321 31004  5669 I art     : Explicit concurrent mark sweep GC freed 22(784B) AllocSpace objects, 0(0B) LOS objects, 29% free, 38MB/54MB, paused 1.130ms total 36.873ms
08-05 18:47:28.331  7118  7118 I Radio-JNI: register_android_hardware_Radio DONE
08-05 18:47:28.332 31004  5669 I art     : Starting a blocking GC Explicit
08-05 18:47:28.353  7118  7118 D AndroidRuntime: Calling main entry com.android.commands.input.Input
08-05 18:47:28.354  7118  7118 I Input   : injectKeyEvent: KeyEvent { action=ACTION_DOWN, keyCode=KEYCODE_BACK, scanCode=0, metaState=0, flags=0x0, repeatCount=0, eventTime=816464767, downTime=816464767, deviceId=-1, source=0x101 }
08-05 18:47:28.359  7118  7118 I Input   : injectKeyEvent: KeyEvent { action=ACTION_UP, keyCode=KEYCODE_BACK, scanCode=0, metaState=0, flags=0x0, repeatCount=0, eventTime=816464767, downTime=816464767, deviceId=-1, source=0x101 }
08-05 18:47:28.365  7118  7118 D AndroidRuntime: Shutting down VM
08-05 18:47:28.366 31004  5669 I art     : Explicit concurrent mark sweep GC freed 5(208B) AllocSpace objects, 0(0B) LOS objects, 29% free, 38MB/54MB, paused 1.061ms total 34.284ms
08-05 18:47:28.376 31004  5669 I art     : Starting a blocking GC Explicit
08-05 18:47:28.410 31004  5669 I art     : Explicit concurrent mark sweep GC freed 343(65KB) AllocSpace objects, 4(80KB) LOS objects, 29% free, 38MB/54MB, paused 1.076ms total 34.335ms
08-05 18:47:28.421 31004  5669 I art     : Starting a blocking GC Explicit
08-05 18:47:28.459 31004  5669 I art     : Explicit concurrent mark sweep GC freed 31(1248B) AllocSpace objects, 0(0B) LOS objects, 29% free, 38MB/54MB, paused 1.166ms total 37.919ms
08-05 18:47:28.522 13866 13866 I GoogleInputMethodServic: GoogleInputMethodService.onFinishInput():3138 
08-05 18:47:28.522 13866 13866 I GoogleInputMethodServic: GoogleInputMethodService.onStartInput():1808 
08-05 18:47:28.750 31004  5669 I art     : Starting a blocking GC Explicit
08-05 18:47:28.803 31004  5669 I art     : Explicit concurrent mark sweep GC freed 9425(600KB) AllocSpace objects, 9(180KB) LOS objects, 29% free, 38MB/54MB, paused 1.152ms total 52.220ms
08-05 18:47:28.818 31004  5669 I art     : Starting a blocking GC Explicit
08-05 18:47:28.822  5293  5293 I ServiceManager: Waiting for service AtCmdFwd...
08-05 18:47:28.868 31004  5669 I art     : Explicit concurrent mark sweep GC freed 203(8KB) AllocSpace objects, 0(0B) LOS objects, 29% free, 38MB/54MB, paused 1.187ms total 49.793ms
08-05 18:47:28.879 31004  5669 I art     : Starting a blocking GC Explicit
08-05 18:47:28.917 31004  5669 I art     : Explicit concurrent mark sweep GC freed 448(19KB) AllocSpace objects, 0(0B) LOS objects, 29% free, 38MB/54MB, paused 1.061ms total 37.202ms
08-05 18:47:28.927 31004  5669 I art     : Starting a blocking GC Explicit
08-05 18:47:28.961 31004  5669 I art     : Explicit concurrent mark sweep GC freed 11(352B) AllocSpace objects, 0(0B) LOS objects, 29% free, 38MB/54MB, paused 1.038ms total 34.716ms
08-05 18:47:28.971 31004  5669 I art     : Starting a blocking GC Explicit
08-05 18:47:29.009 31004  5669 I art     : Explicit concurrent mark sweep GC freed 146(6KB) AllocSpace objects, 0(0B) LOS objects, 29% free, 38MB/54MB, paused 1.108ms total 37.872ms
08-05 18:47:29.348 31004 31016 I art     : Starting a blocking GC Explicit
08-05 18:47:29.391 31004 31016 I art     : Explicit concurrent mark sweep GC freed 1646(91KB) AllocSpace objects, 1(20KB) LOS objects, 29% free, 38MB/54MB, paused 1.375ms total 42.576ms
08-05 18:47:29.402 31004 31016 I art     : Starting a blocking GC Explicit
08-05 18:47:29.443 31004 31016 I art     : Explicit concurrent mark sweep GC freed 43(2544B) AllocSpace objects, 0(0B) LOS objects, 29% free, 38MB/54MB, paused 1.117ms total 40.780ms
08-05 18:47:29.454 31004 31016 I art     : Starting a blocking GC Explicit
08-05 18:47:29.492 31004 31016 I art     : Explicit concurrent mark sweep GC freed 9(288B) AllocSpace objects, 0(0B) LOS objects, 29% free, 38MB/54MB, paused 1.199ms total 38.209ms
08-05 18:47:29.503 31004 31016 I art     : Starting a blocking GC Explicit
08-05 18:47:29.542 31004 31016 I art     : Explicit concurrent mark sweep GC freed 9(288B) AllocSpace objects, 0(0B) LOS objects, 29% free, 38MB/54MB, paused 1.295ms total 39.348ms
08-05 18:47:29.553 31004 31016 I art     : Starting a blocking GC Explicit
08-05 18:47:29.592 31004 31016 I art     : Explicit concurrent mark sweep GC freed 9(288B) AllocSpace objects, 0(0B) LOS objects, 29% free, 38MB/54MB, paused 1.212ms total 39.007ms
08-05 18:47:29.823  5293  5293 I ServiceManager: Waiting for service AtCmdFwd...
08-05 18:47:29.825 31004  6594 E baseline.com.newsblur.network.APIResponse: Error (unexpected end of stream on https://www.newsblur.com/...) calling https://www.newsblur.com/reader/mark_story_hashes_as_read/
08-05 18:47:29.825 31004  6594 E baseline.com.newsblur.network.APIResponse: java.io.IOException: unexpected end of stream on https://www.newsblur.com/...
08-05 18:47:29.825 31004  6594 E baseline.com.newsblur.network.APIResponse: 	at okhttp3.internal.http1.Http1ExchangeCodec.readResponseHeaders(Http1ExchangeCodec.java:236)
08-05 18:47:29.825 31004  6594 E baseline.com.newsblur.network.APIResponse: 	at okhttp3.internal.connection.Exchange.readResponseHeaders(Exchange.java:115)
08-05 18:47:29.825 31004  6594 E baseline.com.newsblur.network.APIResponse: 	at okhttp3.internal.http.CallServerInterceptor.intercept(CallServerInterceptor.java:94)
08-05 18:47:29.825 31004  6594 E baseline.com.newsblur.network.APIResponse: 	at okhttp3.internal.http.RealInterceptorChain.proceed(RealInterceptorChain.java:142)
08-05 18:47:29.825 31004  6594 E baseline.com.newsblur.network.APIResponse: 	at okhttp3.internal.connection.ConnectInterceptor.intercept(ConnectInterceptor.java:43)
08-05 18:47:29.825 31004  6594 E baseline.com.newsblur.network.APIResponse: 	at okhttp3.internal.http.RealInterceptorChain.proceed(RealInterceptorChain.java:142)
08-05 18:47:29.825 31004  6594 E baseline.com.newsblur.network.APIResponse: 	at okhttp3.internal.http.RealInterceptorChain.proceed(RealInterceptorChain.java:117)
08-05 18:47:29.825 31004  6594 E baseline.com.newsblur.network.APIResponse: 	at okhttp3.internal.cache.CacheInterceptor.intercept(CacheInterceptor.java:94)
08-05 18:47:29.825 31004  6594 E baseline.com.newsblur.network.APIResponse: 	at okhttp3.internal.http.RealInterceptorChain.proceed(RealInterceptorChain.java:142)
08-05 18:47:29.825 31004  6594 E baseline.com.newsblur.network.APIResponse: 	at okhttp3.internal.http.RealInterceptorChain.proceed(RealInterceptorChain.java:117)
08-05 18:47:29.825 31004  6594 E baseline.com.newsblur.network.APIResponse: 	at okhttp3.internal.http.BridgeInterceptor.intercept(BridgeInterceptor.java:93)
08-05 18:47:29.825 31004  6594 E baseline.com.newsblur.network.APIResponse: 	at okhttp3.internal.http.RealInterceptorChain.proceed(RealInterceptorChain.java:142)
08-05 18:47:29.825 31004  6594 E baseline.com.newsblur.network.APIResponse: 	at okhttp3.internal.http.RetryAndFollowUpInterceptor.intercept(RetryAndFollowUpInterceptor.java:88)
08-05 18:47:29.825 31004  6594 E baseline.com.newsblur.network.APIResponse: 	at okhttp3.internal.http.RealInterceptorChain.proceed(RealInterceptorChain.java:142)
08-05 18:47:29.825 31004  6594 E baseline.com.newsblur.network.APIResponse: 	at okhttp3.internal.http.RealInterceptorChain.proceed(RealInterceptorChain.java:117)
08-05 18:47:29.825 31004  6594 E baseline.com.newsblur.network.APIResponse: 	at okhttp3.RealCall.getResponseWithInterceptorChain(RealCall.java:229)
08-05 18:47:29.825 31004  6594 E baseline.com.newsblur.network.APIResponse: 	at okhttp3.RealCall.execute(RealCall.java:81)
08-05 18:47:29.825 31004  6594 E baseline.com.newsblur.network.APIResponse: 	at baseline.com.newsblur.network.APIResponse.<init>(APIResponse.java:57)
08-05 18:47:29.825 31004  6594 E baseline.com.newsblur.network.APIResponse: 	at baseline.com.newsblur.network.APIResponse.<init>(APIResponse.java:43)
08-05 18:47:29.825 31004  6594 E baseline.com.newsblur.network.APIResponse: 	at baseline.com.newsblur.network.APIManager.post_single(APIManager.java:702)
08-05 18:47:29.825 31004  6594 E baseline.com.newsblur.network.APIResponse: 	at baseline.com.newsblur.network.APIManager.post(APIManager.java:675)
08-05 18:47:29.825 31004  6594 E baseline.com.newsblur.network.APIResponse: 	at baseline.com.newsblur.network.APIManager.post(APIManager.java:714)
08-05 18:47:29.825 31004  6594 E baseline.com.newsblur.network.APIResponse: 	at baseline.com.newsblur.network.APIManager.markStoryAsRead(APIManager.java:205)
08-05 18:47:29.825 31004  6594 E baseline.com.newsblur.network.APIResponse: 	at baseline.com.newsblur.util.ReadingAction.doRemote(ReadingAction.java:281)
08-05 18:47:29.825 31004  6594 E baseline.com.newsblur.network.APIResponse: 	at baseline.com.newsblur.service.NBSyncService.syncActions(NBSyncService.java:400)
08-05 18:47:29.825 31004  6594 E baseline.com.newsblur.network.APIResponse: 	at baseline.com.newsblur.service.NBSyncService.doSync(NBSyncService.java:298)
08-05 18:47:29.825 31004  6594 E baseline.com.newsblur.network.APIResponse: 	at baseline.com.newsblur.service.NBSyncService.access$100(NBSyncService.java:67)
08-05 18:47:29.825 31004  6594 E baseline.com.newsblur.network.APIResponse: 	at baseline.com.newsblur.service.NBSyncService$1.run(NBSyncService.java:188)
08-05 18:47:29.825 31004  6594 E baseline.com.newsblur.network.APIResponse: 	at java.util.concurrent.ThreadPoolExecutor.runWorker(ThreadPoolExecutor.java:1113)
08-05 18:47:29.825 31004  6594 E baseline.com.newsblur.network.APIResponse: 	at java.util.concurrent.ThreadPoolExecutor$Worker.run(ThreadPoolExecutor.java:588)
08-05 18:47:29.825 31004  6594 E baseline.com.newsblur.network.APIResponse: 	at java.lang.Thread.run(Thread.java:818)
08-05 18:47:29.825 31004  6594 E baseline.com.newsblur.network.APIResponse: Caused by: java.io.EOFException: \n not found: limit=0 content=
08-05 18:47:29.825 31004  6594 E baseline.com.newsblur.network.APIResponse: 	at okio.RealBufferedSource.readUtf8LineStrict(RealBufferedSource.java:240)
08-05 18:47:29.825 31004  6594 E baseline.com.newsblur.network.APIResponse: 	at okhttp3.internal.http1.Http1ExchangeCodec.readHeaderLine(Http1ExchangeCodec.java:242)
08-05 18:47:29.825 31004  6594 E baseline.com.newsblur.network.APIResponse: 	at okhttp3.internal.http1.Http1ExchangeCodec.readResponseHeaders(Http1ExchangeCodec.java:213)
08-05 18:47:29.825 31004  6594 E baseline.com.newsblur.network.APIResponse: 	... 30 more
08-05 18:47:29.827 31004  6594 I baseline.com.newsblur.network.APIManager: API call failed, pausing before retry number 2
08-05 18:47:29.856   918  3261 D WifiStateMachine: starting scan for "H369AA63323"WPA_PSK with 2412,5180
08-05 18:47:29.909 31004  5669 I art     : Starting a blocking GC Explicit
08-05 18:47:29.949 31004  5669 I art     : Explicit concurrent mark sweep GC freed 3992(358KB) AllocSpace objects, 3(60KB) LOS objects, 29% free, 38MB/54MB, paused 1.147ms total 39.762ms
08-05 18:47:29.960 31004  5669 I art     : Starting a blocking GC Explicit
08-05 18:47:29.998 31004  5669 I art     : Explicit concurrent mark sweep GC freed 123(4KB) AllocSpace objects, 0(0B) LOS objects, 29% free, 38MB/54MB, paused 1.083ms total 37.956ms
08-05 18:47:30.001  7161  7161 D AndroidRuntime: >>>>>> START com.android.internal.os.RuntimeInit uid 2000 <<<<<<
08-05 18:47:30.005  7161  7161 D AndroidRuntime: CheckJNI is OFF
08-05 18:47:30.008 31004  5669 I art     : Starting a blocking GC Explicit
08-05 18:47:30.037  7161  7161 D ICU     : No timezone override file found: /data/misc/zoneinfo/current/icu/icu_tzdata.dat
08-05 18:47:30.042 31004  5669 I art     : Explicit concurrent mark sweep GC freed 3(96B) AllocSpace objects, 0(0B) LOS objects, 29% free, 38MB/54MB, paused 1.078ms total 33.921ms
08-05 18:47:30.052 31004  5669 I art     : Starting a blocking GC Explicit
08-05 18:47:30.071  7161  7161 I Radio-JNI: register_android_hardware_Radio DONE
08-05 18:47:30.086   518   646 I ThermalEngine: ACTION: GPU - Setting GPU[0] to 450000000
08-05 18:47:30.089 31004  5669 I art     : Explicit concurrent mark sweep GC freed 3(96B) AllocSpace objects, 0(0B) LOS objects, 29% free, 38MB/54MB, paused 1.039ms total 37.576ms
08-05 18:47:30.098  7161  7161 D AndroidRuntime: Calling main entry com.android.commands.input.Input
08-05 18:47:30.100  7161  7161 I Input   : injectMotionEvent: MotionEvent { action=ACTION_DOWN, actionButton=0, id[0]=0, x[0]=553.0, y[0]=442.0, toolType[0]=TOOL_TYPE_UNKNOWN, buttonState=0, metaState=0, flags=0x0, edgeFlags=0x0, pointerCount=1, historySize=0, eventTime=816466513, downTime=816466513, deviceId=0, source=0x1002 }
08-05 18:47:30.102 31004  5669 I art     : Starting a blocking GC Explicit
08-05 18:47:30.108  7161  7161 I Input   : injectMotionEvent: MotionEvent { action=ACTION_UP, actionButton=0, id[0]=0, x[0]=553.0, y[0]=442.0, toolType[0]=TOOL_TYPE_UNKNOWN, buttonState=0, metaState=0, flags=0x0, edgeFlags=0x0, pointerCount=1, historySize=0, eventTime=816466513, downTime=816466513, deviceId=0, source=0x1002 }
08-05 18:47:30.110  7161  7161 D AndroidRuntime: Shutting down VM
08-05 18:47:30.149 31004  5669 I art     : Explicit concurrent mark sweep GC freed 52(2016B) AllocSpace objects, 0(0B) LOS objects, 29% free, 38MB/54MB, paused 1.410ms total 46.100ms
08-05 18:47:30.178   918  5132 I ActivityManager: START u0 {cmp=baseline.com.newsblur/.activity.AllSharedStoriesItemsList (has extras)} from uid 10676 on display 0
08-05 18:47:30.200 31004  5698 I baseline.com.newsblur.database.BlurDatabaseHelper: reading session reset
08-05 18:47:30.407 31004 31004 W View    : requestLayout() improperly called by android.widget.FrameLayout{17df792 V.E...... ......ID 0,0-1440,0 #7f07003f app:id/footer_view_inner} during layout: running second layout pass
08-05 18:47:30.407 31004 31004 W View    : requestLayout() improperly called by android.widget.FrameLayout{fd1563 V.E...... ......ID 0,0-1440,2091 #7f07003f app:id/footer_view_inner} during layout: running second layout pass
08-05 18:47:30.424 13866 13866 I GoogleInputMethodServic: GoogleInputMethodService.onFinishInput():3138 
08-05 18:47:30.424   918   936 I ActivityManager: Displayed baseline.com.newsblur/.activity.AllSharedStoriesItemsList: +236ms
08-05 18:47:30.425 13866 13866 I GoogleInputMethodServic: GoogleInputMethodService.onStartInput():1808 
08-05 18:47:30.489 31004  5669 I art     : Starting a blocking GC Explicit
08-05 18:47:30.546 31004  5669 I art     : Explicit concurrent mark sweep GC freed 5934(480KB) AllocSpace objects, 15(392KB) LOS objects, 29% free, 38MB/54MB, paused 1.603ms total 57.352ms
08-05 18:47:30.561 31004  5669 I art     : Starting a blocking GC Explicit
08-05 18:47:30.607 31004  5669 I art     : Explicit concurrent mark sweep GC freed 392(18KB) AllocSpace objects, 0(0B) LOS objects, 29% free, 38MB/54MB, paused 1.600ms total 45.724ms
08-05 18:47:30.619 31004  5669 I art     : Starting a blocking GC Explicit
08-05 18:47:30.625 31004  7196 I NAPPA_EXPERIMENTATION: MetricNetworkRequestExecutionTime: REQUEST_DURATION_SYSTEM='149',REQUEST_DURATION_OKHTTP='149',REQUEST_SYNCHRONOUS='TRUE',RESPONSE_CODE='200',RESPONSE_METHOD='GET',RESPONSE_LENGTH_OKHTTP='43',RESPONSE_LENGTH_HEADER='43',REQUEST_PROTOCOL='http/1.1',REQUEST_URL='http://feeds.feedburner.com/~r/retort/~4/UffaFMiJbNs',
08-05 18:47:30.666 31004  5669 I art     : Explicit concurrent mark sweep GC freed 259(30KB) AllocSpace objects, 1(20KB) LOS objects, 29% free, 38MB/54MB, paused 1.544ms total 46.575ms
08-05 18:47:30.681 31004  5669 I art     : Starting a blocking GC Explicit
08-05 18:47:30.726 31004  5669 I art     : Explicit concurrent mark sweep GC freed 326(25KB) AllocSpace objects, 1(20KB) LOS objects, 29% free, 38MB/54MB, paused 1.398ms total 45.015ms
08-05 18:47:30.733 31004  5929 I NAPPA_EXPERIMENTATION: MetricNetworkRequestExecutionTime: REQUEST_DURATION_SYSTEM='238',REQUEST_DURATION_OKHTTP='238',REQUEST_SYNCHRONOUS='TRUE',RESPONSE_CODE='200',RESPONSE_METHOD='GET',RESPONSE_LENGTH_OKHTTP='56376',RESPONSE_LENGTH_HEADER='56376',REQUEST_PROTOCOL='h2',REQUEST_URL='https://images.fastcompany.net/image/upload/w_1280,q_auto,f_auto,fl_lossy/wp-cms/uploads/2020/07/p-1-quit-after-covid.jpg',
08-05 18:47:30.739 31004  5669 I art     : Starting a blocking GC Explicit
08-05 18:47:30.784 31004  5669 I art     : Explicit concurrent mark sweep GC freed 282(34KB) AllocSpace objects, 2(40KB) LOS objects, 27% free, 42MB/58MB, paused 1.471ms total 45.044ms
08-05 18:47:30.823  5293  5293 I ServiceManager: Waiting for service AtCmdFwd...
08-05 18:47:31.140 31004 31015 I art     : Starting a blocking GC Explicit
08-05 18:47:31.192 31004 31015 I art     : Explicit concurrent mark sweep GC freed 1796(97KB) AllocSpace objects, 3(3MB) LOS objects, 28% free, 40MB/56MB, paused 1.553ms total 52.202ms
08-05 18:47:31.206 31004 31015 I art     : Starting a blocking GC Explicit
08-05 18:47:31.256 31004 31015 I art     : Explicit concurrent mark sweep GC freed 36(1248B) AllocSpace objects, 0(0B) LOS objects, 28% free, 40MB/56MB, paused 1.384ms total 49.506ms
08-05 18:47:31.269 31004 31015 I art     : Starting a blocking GC Explicit
08-05 18:47:31.318 31004 31015 I art     : Explicit concurrent mark sweep GC freed 6(192B) AllocSpace objects, 0(0B) LOS objects, 28% free, 40MB/56MB, paused 1.484ms total 49.033ms
08-05 18:47:31.332 31004 31015 I art     : Starting a blocking GC Explicit
08-05 18:47:31.380 31004 31015 I art     : Explicit concurrent mark sweep GC freed 7(224B) AllocSpace objects, 0(0B) LOS objects, 28% free, 40MB/56MB, paused 1.491ms total 48.365ms
08-05 18:47:31.394 31004 31015 I art     : Starting a blocking GC Explicit
08-05 18:47:31.443 31004 31015 I art     : Explicit concurrent mark sweep GC freed 7(224B) AllocSpace objects, 0(0B) LOS objects, 28% free, 40MB/56MB, paused 1.493ms total 49.052ms
08-05 18:47:31.811 31004  5910 I art     : Starting a blocking GC Explicit
08-05 18:47:31.824  5293  5293 I ServiceManager: Waiting for service AtCmdFwd...
08-05 18:47:31.866 31004  5910 I art     : Explicit concurrent mark sweep GC freed 1499(84KB) AllocSpace objects, 1(20KB) LOS objects, 28% free, 40MB/56MB, paused 1.582ms total 55.438ms
08-05 18:47:31.880 31004  5910 I art     : Starting a blocking GC Explicit
08-05 18:47:31.932 31004  5910 I art     : Explicit concurrent mark sweep GC freed 26(912B) AllocSpace objects, 0(0B) LOS objects, 28% free, 40MB/56MB, paused 1.592ms total 51.414ms
08-05 18:47:31.946 31004  5910 I art     : Starting a blocking GC Explicit
08-05 18:47:31.996 31004  5910 I art     : Explicit concurrent mark sweep GC freed 7(224B) AllocSpace objects, 0(0B) LOS objects, 28% free, 40MB/56MB, paused 1.563ms total 50.069ms
08-05 18:47:32.010 31004  5910 I art     : Starting a blocking GC Explicit
08-05 18:47:32.061 31004  5910 I art     : Explicit concurrent mark sweep GC freed 7(224B) AllocSpace objects, 0(0B) LOS objects, 28% free, 40MB/56MB, paused 1.482ms total 51.424ms
08-05 18:47:32.075 31004  5910 I art     : Starting a blocking GC Explicit
08-05 18:47:32.125 31004  5910 I art     : Explicit concurrent mark sweep GC freed 7(224B) AllocSpace objects, 0(0B) LOS objects, 28% free, 40MB/56MB, paused 1.468ms total 50.181ms
08-05 18:47:32.514 31004  5910 I art     : Starting a blocking GC Explicit
08-05 18:47:32.567 31004  5910 I art     : Explicit concurrent mark sweep GC freed 1471(83KB) AllocSpace objects, 1(20KB) LOS objects, 28% free, 40MB/56MB, paused 1.419ms total 53.107ms
08-05 18:47:32.581 31004  5910 I art     : Starting a blocking GC Explicit
08-05 18:47:32.632 31004  5910 I art     : Explicit concurrent mark sweep GC freed 26(912B) AllocSpace objects, 0(0B) LOS objects, 28% free, 40MB/56MB, paused 1.529ms total 51.211ms
08-05 18:47:32.646 31004  5910 I art     : Starting a blocking GC Explicit
08-05 18:47:32.697 31004  5910 I art     : Explicit concurrent mark sweep GC freed 7(224B) AllocSpace objects, 0(0B) LOS objects, 28% free, 40MB/56MB, paused 1.531ms total 50.833ms
08-05 18:47:32.710 31004  5910 I art     : Starting a blocking GC Explicit
08-05 18:47:32.763 31004  5910 I art     : Explicit concurrent mark sweep GC freed 7(224B) AllocSpace objects, 0(0B) LOS objects, 28% free, 40MB/56MB, paused 1.397ms total 52.237ms
08-05 18:47:32.763 31004 31014 I art     : WaitForGcToComplete blocked for 46.588ms for cause HeapTrim
08-05 18:47:32.777 31004  5910 I art     : Starting a blocking GC Explicit
08-05 18:47:32.824  5293  5293 I ServiceManager: Waiting for service AtCmdFwd...
08-05 18:47:32.826 31004  5910 I art     : Explicit concurrent mark sweep GC freed 7(224B) AllocSpace objects, 0(0B) LOS objects, 28% free, 40MB/56MB, paused 1.385ms total 48.835ms
08-05 18:47:33.230 31004 31015 I art     : Starting a blocking GC Explicit
08-05 18:47:33.283 31004 31015 I art     : Explicit concurrent mark sweep GC freed 1638(93KB) AllocSpace objects, 1(20KB) LOS objects, 28% free, 40MB/56MB, paused 1.613ms total 53.115ms
08-05 18:47:33.297 31004 31015 I art     : Starting a blocking GC Explicit
08-05 18:47:33.350 31004 31015 I art     : Explicit concurrent mark sweep GC freed 32(1168B) AllocSpace objects, 0(0B) LOS objects, 28% free, 40MB/56MB, paused 1.635ms total 52.859ms
08-05 18:47:33.363 31004 31015 I art     : Starting a blocking GC Explicit
08-05 18:47:33.416 31004  6594 E baseline.com.newsblur.network.APIResponse: Error (unexpected end of stream on https://www.newsblur.com/...) calling https://www.newsblur.com/reader/mark_story_hashes_as_read/
08-05 18:47:33.416 31004  6594 E baseline.com.newsblur.network.APIResponse: java.io.IOException: unexpected end of stream on https://www.newsblur.com/...
08-05 18:47:33.416 31004  6594 E baseline.com.newsblur.network.APIResponse: 	at okhttp3.internal.http1.Http1ExchangeCodec.readResponseHeaders(Http1ExchangeCodec.java:236)
08-05 18:47:33.416 31004  6594 E baseline.com.newsblur.network.APIResponse: 	at okhttp3.internal.connection.Exchange.readResponseHeaders(Exchange.java:115)
08-05 18:47:33.416 31004  6594 E baseline.com.newsblur.network.APIResponse: 	at okhttp3.internal.http.CallServerInterceptor.intercept(CallServerInterceptor.java:94)
08-05 18:47:33.416 31004  6594 E baseline.com.newsblur.network.APIResponse: 	at okhttp3.internal.http.RealInterceptorChain.proceed(RealInterceptorChain.java:142)
08-05 18:47:33.416 31004  6594 E baseline.com.newsblur.network.APIResponse: 	at okhttp3.internal.connection.ConnectInterceptor.intercept(ConnectInterceptor.java:43)
08-05 18:47:33.416 31004  6594 E baseline.com.newsblur.network.APIResponse: 	at okhttp3.internal.http.RealInterceptorChain.proceed(RealInterceptorChain.java:142)
08-05 18:47:33.416 31004  6594 E baseline.com.newsblur.network.APIResponse: 	at okhttp3.internal.http.RealInterceptorChain.proceed(RealInterceptorChain.java:117)
08-05 18:47:33.416 31004  6594 E baseline.com.newsblur.network.APIResponse: 	at okhttp3.internal.cache.CacheInterceptor.intercept(CacheInterceptor.java:94)
08-05 18:47:33.416 31004  6594 E baseline.com.newsblur.network.APIResponse: 	at okhttp3.internal.http.RealInterceptorChain.proceed(RealInterceptorChain.java:142)
08-05 18:47:33.416 31004  6594 E baseline.com.newsblur.network.APIResponse: 	at okhttp3.internal.http.RealInterceptorChain.proceed(RealInterceptorChain.java:117)
08-05 18:47:33.416 31004  6594 E baseline.com.newsblur.network.APIResponse: 	at okhttp3.internal.http.BridgeInterceptor.intercept(BridgeInterceptor.java:93)
08-05 18:47:33.416 31004  6594 E baseline.com.newsblur.network.APIResponse: 	at okhttp3.internal.http.RealInterceptorChain.proceed(RealInterceptorChain.java:142)
08-05 18:47:33.416 31004  6594 E baseline.com.newsblur.network.APIResponse: 	at okhttp3.internal.http.RetryAndFollowUpInterceptor.intercept(RetryAndFollowUpInterceptor.java:88)
08-05 18:47:33.416 31004  6594 E baseline.com.newsblur.network.APIResponse: 	at okhttp3.internal.http.RealInterceptorChain.proceed(RealInterceptorChain.java:142)
08-05 18:47:33.416 31004  6594 E baseline.com.newsblur.network.APIResponse: 	at okhttp3.internal.http.RealInterceptorChain.proceed(RealInterceptorChain.java:117)
08-05 18:47:33.416 31004  6594 E baseline.com.newsblur.network.APIResponse: 	at okhttp3.RealCall.getResponseWithInterceptorChain(RealCall.java:229)
08-05 18:47:33.416 31004  6594 E baseline.com.newsblur.network.APIResponse: 	at okhttp3.RealCall.execute(RealCall.java:81)
08-05 18:47:33.416 31004  6594 E baseline.com.newsblur.network.APIResponse: 	at baseline.com.newsblur.network.APIResponse.<init>(APIResponse.java:57)
08-05 18:47:33.416 31004  6594 E baseline.com.newsblur.network.APIResponse: 	at baseline.com.newsblur.network.APIResponse.<init>(APIResponse.java:43)
08-05 18:47:33.416 31004  6594 E baseline.com.newsblur.network.APIResponse: 	at baseline.com.newsblur.network.APIManager.post_single(APIManager.java:702)
08-05 18:47:33.416 31004  6594 E baseline.com.newsblur.network.APIResponse: 	at baseline.com.newsblur.network.APIManager.post(APIManager.java:675)
08-05 18:47:33.416 31004  6594 E baseline.com.newsblur.network.APIResponse: 	at baseline.com.newsblur.network.APIManager.post(APIManager.java:714)
08-05 18:47:33.416 31004  6594 E baseline.com.newsblur.network.APIResponse: 	at baseline.com.newsblur.network.APIManager.markStoryAsRead(APIManager.java:205)
08-05 18:47:33.416 31004  6594 E baseline.com.newsblur.network.APIResponse: 	at baseline.com.newsblur.util.ReadingAction.doRemote(ReadingAction.java:281)
08-05 18:47:33.416 31004  6594 E baseline.com.newsblur.network.APIResponse: 	at baseline.com.newsblur.service.NBSyncService.syncActions(NBSyncService.java:400)
08-05 18:47:33.416 31004  6594 E baseline.com.newsblur.network.APIResponse: 	at baseline.com.newsblur.service.NBSyncService.doSync(NBSyncService.java:298)
08-05 18:47:33.416 31004  6594 E baseline.com.newsblur.network.APIResponse: 	at baseline.com.newsblur.service.NBSyncService.access$100(NBSyncService.java:67)
08-05 18:47:33.416 31004  6594 E baseline.com.newsblur.network.APIResponse: 	at baseline.com.newsblur.service.NBSyncService$1.run(NBSyncService.java:188)
08-05 18:47:33.416 31004  6594 E baseline.com.newsblur.network.APIResponse: 	at java.util.concurrent.ThreadPoolExecutor.runWorker(ThreadPoolExecutor.java:1113)
08-05 18:47:33.416 31004  6594 E baseline.com.newsblur.network.APIResponse: 	at java.util.concurrent.ThreadPoolExecutor$Worker.run(ThreadPoolExecutor.java:588)
08-05 18:47:33.416 31004  6594 E baseline.com.newsblur.network.APIResponse: 	at java.lang.Thread.run(Thread.java:818)
08-05 18:47:33.416 31004  6594 E baseline.com.newsblur.network.APIResponse: Caused by: java.io.EOFException: \n not found: limit=0 content=
08-05 18:47:33.416 31004  6594 E baseline.com.newsblur.network.APIResponse: 	at okio.RealBufferedSource.readUtf8LineStrict(RealBufferedSource.java:240)
08-05 18:47:33.416 31004  6594 E baseline.com.newsblur.network.APIResponse: 	at okhttp3.internal.http1.Http1ExchangeCodec.readHeaderLine(Http1ExchangeCodec.java:242)
08-05 18:47:33.416 31004  6594 E baseline.com.newsblur.network.APIResponse: 	at okhttp3.internal.http1.Http1ExchangeCodec.readResponseHeaders(Http1ExchangeCodec.java:213)
08-05 18:47:33.416 31004  6594 E baseline.com.newsblur.network.APIResponse: 	... 30 more
08-05 18:47:33.416 31004 31015 I art     : Explicit concurrent mark sweep GC freed 1764(69KB) AllocSpace objects, 0(0B) LOS objects, 28% free, 40MB/56MB, paused 1.967ms total 52.258ms
08-05 18:47:33.417 31004  6594 I baseline.com.newsblur.service.NBSyncService: Holding reading action with server-side or network error.
08-05 18:47:33.429 31004 31015 I art     : Starting a blocking GC Explicit
08-05 18:47:33.432 31004  6594 W baseline.com.newsblur.service.NBSyncService: hard API failure
08-05 18:47:33.442 31004  6594 I baseline.com.newsblur.service.NBSyncService: recounting dirty feed sets: 1
08-05 18:47:33.475 31004 31015 I art     : Explicit concurrent mark sweep GC freed 1676(288KB) AllocSpace objects, 4(80KB) LOS objects, 28% free, 40MB/56MB, paused 1.512ms total 45.856ms
08-05 18:47:33.489 31004 31015 I art     : Starting a blocking GC Explicit
08-05 18:47:33.541 31004 31015 I art     : Explicit concurrent mark sweep GC freed 211(8KB) AllocSpace objects, 0(0B) LOS objects, 28% free, 40MB/56MB, paused 1.500ms total 51.675ms
08-05 18:47:33.825  5293  5293 W Atfwd_Sendcmd: AtCmdFwd service not published, waiting... retryCnt : 2
08-05 18:47:33.925 31004  6594 E baseline.com.newsblur.network.APIResponse: Error (unexpected end of stream on https://www.newsblur.com/...) calling https://www.newsblur.com/reader/feed_unread_count?feed_id=0
08-05 18:47:33.925 31004  6594 E baseline.com.newsblur.network.APIResponse: java.io.IOException: unexpected end of stream on https://www.newsblur.com/...
08-05 18:47:33.925 31004  6594 E baseline.com.newsblur.network.APIResponse: 	at okhttp3.internal.http1.Http1ExchangeCodec.readResponseHeaders(Http1ExchangeCodec.java:236)
08-05 18:47:33.925 31004  6594 E baseline.com.newsblur.network.APIResponse: 	at okhttp3.internal.connection.Exchange.readResponseHeaders(Exchange.java:115)
08-05 18:47:33.925 31004  6594 E baseline.com.newsblur.network.APIResponse: 	at okhttp3.internal.http.CallServerInterceptor.intercept(CallServerInterceptor.java:94)
08-05 18:47:33.925 31004  6594 E baseline.com.newsblur.network.APIResponse: 	at okhttp3.internal.http.RealInterceptorChain.proceed(RealInterceptorChain.java:142)
08-05 18:47:33.925 31004  6594 E baseline.com.newsblur.network.APIResponse: 	at okhttp3.internal.connection.ConnectInterceptor.intercept(ConnectInterceptor.java:43)
08-05 18:47:33.925 31004  6594 E baseline.com.newsblur.network.APIResponse: 	at okhttp3.internal.http.RealInterceptorChain.proceed(RealInterceptorChain.java:142)
08-05 18:47:33.925 31004  6594 E baseline.com.newsblur.network.APIResponse: 	at okhttp3.internal.http.RealInterceptorChain.proceed(RealInterceptorChain.java:117)
08-05 18:47:33.925 31004  6594 E baseline.com.newsblur.network.APIResponse: 	at okhttp3.internal.cache.CacheInterceptor.intercept(CacheInterceptor.java:94)
08-05 18:47:33.925 31004  6594 E baseline.com.newsblur.network.APIResponse: 	at okhttp3.internal.http.RealInterceptorChain.proceed(RealInterceptorChain.java:142)
08-05 18:47:33.925 31004  6594 E baseline.com.newsblur.network.APIResponse: 	at okhttp3.internal.http.RealInterceptorChain.proceed(RealInterceptorChain.java:117)
08-05 18:47:33.925 31004  6594 E baseline.com.newsblur.network.APIResponse: 	at okhttp3.internal.http.BridgeInterceptor.intercept(BridgeInterceptor.java:93)
08-05 18:47:33.925 31004  6594 E baseline.com.newsblur.network.APIResponse: 	at okhttp3.internal.http.RealInterceptorChain.proceed(RealInterceptorChain.java:142)
08-05 18:47:33.925 31004  6594 E baseline.com.newsblur.network.APIResponse: 	at okhttp3.internal.http.RetryAndFollowUpInterceptor.intercept(RetryAndFollowUpInterceptor.java:88)
08-05 18:47:33.925 31004  6594 E baseline.com.newsblur.network.APIResponse: 	at okhttp3.internal.http.RealInterceptorChain.proceed(RealInterceptorChain.java:142)
08-05 18:47:33.925 31004  6594 E baseline.com.newsblur.network.APIResponse: 	at okhttp3.internal.http.RealInterceptorChain.proceed(RealInterceptorChain.java:117)
08-05 18:47:33.925 31004  6594 E baseline.com.newsblur.network.APIResponse: 	at okhttp3.RealCall.getResponseWithInterceptorChain(RealCall.java:229)
08-05 18:47:33.925 31004  6594 E baseline.com.newsblur.network.APIResponse: 	at okhttp3.RealCall.execute(RealCall.java:81)
08-05 18:47:33.925 31004  6594 E baseline.com.newsblur.network.APIResponse: 	at baseline.com.newsblur.network.APIResponse.<init>(APIResponse.java:57)
08-05 18:47:33.925 31004  6594 E baseline.com.newsblur.network.APIResponse: 	at baseline.com.newsblur.network.APIManager.get_single(APIManager.java:639)
08-05 18:47:33.925 31004  6594 E baseline.com.newsblur.network.APIResponse: 	at baseline.com.newsblur.network.APIManager.get(APIManager.java:625)
08-05 18:47:33.925 31004  6594 E baseline.com.newsblur.network.APIResponse: 	at baseline.com.newsblur.network.APIManager.get(APIManager.java:667)
08-05 18:47:33.925 31004  6594 E baseline.com.newsblur.network.APIResponse: 	at baseline.com.newsblur.network.APIManager.getFeedUnreadCounts(APIManager.java:274)
08-05 18:47:33.925 31004  6594 E baseline.com.newsblur.network.APIResponse: 	at baseline.com.newsblur.service.NBSyncService.checkRecounts(NBSyncService.java:660)
08-05 18:47:33.925 31004  6594 E baseline.com.newsblur.network.APIResponse: 	at baseline.com.newsblur.service.NBSyncService.doSync(NBSyncService.java:310)
08-05 18:47:33.925 31004  6594 E baseline.com.newsblur.network.APIResponse: 	at baseline.com.newsblur.service.NBSyncService.access$100(NBSyncService.java:67)
08-05 18:47:33.925 31004  6594 E baseline.com.newsblur.network.APIResponse: 	at baseline.com.newsblur.service.NBSyncService$1.run(NBSyncService.java:188)
08-05 18:47:33.925 31004  6594 E baseline.com.newsblur.network.APIResponse: 	at java.util.concurrent.ThreadPoolExecutor.runWorker(ThreadPoolExecutor.java:1113)
08-05 18:47:33.925 31004  6594 E baseline.com.newsblur.network.APIResponse: 	at java.util.concurrent.ThreadPoolExecutor$Worker.run(ThreadPoolExecutor.java:588)
08-05 18:47:33.925 31004  6594 E baseline.com.newsblur.network.APIResponse: 	at java.lang.Thread.run(Thread.java:818)
08-05 18:47:33.925 31004  6594 E baseline.com.newsblur.network.APIResponse: Caused by: java.io.EOFException: \n not found: limit=0 content=
08-05 18:47:33.925 31004  6594 E baseline.com.newsblur.network.APIResponse: 	at okio.RealBufferedSource.readUtf8LineStrict(RealBufferedSource.java:240)
08-05 18:47:33.925 31004  6594 E baseline.com.newsblur.network.APIResponse: 	at okhttp3.internal.http1.Http1ExchangeCodec.readHeaderLine(Http1ExchangeCodec.java:242)
08-05 18:47:33.925 31004  6594 E baseline.com.newsblur.network.APIResponse: 	at okhttp3.internal.http1.Http1ExchangeCodec.readResponseHeaders(Http1ExchangeCodec.java:213)
08-05 18:47:33.925 31004  6594 E baseline.com.newsblur.network.APIResponse: 	... 28 more
08-05 18:47:33.926 31004  6594 I baseline.com.newsblur.network.APIManager: API call failed, pausing before retry number 1
08-05 18:47:33.944 31004  5669 I art     : Starting a blocking GC Explicit
08-05 18:47:33.999 31004  5669 I art     : Explicit concurrent mark sweep GC freed 3985(357KB) AllocSpace objects, 3(60KB) LOS objects, 28% free, 40MB/56MB, paused 1.636ms total 54.794ms
08-05 18:47:34.012 31004  5669 I art     : Starting a blocking GC Explicit
08-05 18:47:34.064 31004  5669 I art     : Explicit concurrent mark sweep GC freed 124(4KB) AllocSpace objects, 0(0B) LOS objects, 28% free, 40MB/56MB, paused 1.496ms total 50.978ms
08-05 18:47:34.077 31004  5669 I art     : Starting a blocking GC Explicit
08-05 18:47:34.128 31004  5669 I art     : Explicit concurrent mark sweep GC freed 7(224B) AllocSpace objects, 0(0B) LOS objects, 28% free, 40MB/56MB, paused 1.483ms total 50.851ms
08-05 18:47:34.142 31004  5669 I art     : Starting a blocking GC Explicit
08-05 18:47:34.192 31004  5669 I art     : Explicit concurrent mark sweep GC freed 7(224B) AllocSpace objects, 0(0B) LOS objects, 28% free, 40MB/56MB, paused 1.359ms total 49.261ms
08-05 18:47:34.205 31004  5669 I art     : Starting a blocking GC Explicit
08-05 18:47:34.257 31004  5669 I art     : Explicit concurrent mark sweep GC freed 7(224B) AllocSpace objects, 0(0B) LOS objects, 28% free, 40MB/56MB, paused 1.496ms total 51.849ms
08-05 18:47:34.652 31004  5910 I art     : Starting a blocking GC Explicit
08-05 18:47:34.705 31004  5910 I art     : Explicit concurrent mark sweep GC freed 1469(83KB) AllocSpace objects, 1(20KB) LOS objects, 28% free, 40MB/56MB, paused 1.535ms total 52.032ms
08-05 18:47:34.718 31004  5910 I art     : Starting a blocking GC Explicit
08-05 18:47:34.771 31004  5910 I art     : Explicit concurrent mark sweep GC freed 26(912B) AllocSpace objects, 0(0B) LOS objects, 28% free, 40MB/56MB, paused 1.539ms total 52.136ms
08-05 18:47:34.784 31004  5910 I art     : Starting a blocking GC Explicit
08-05 18:47:34.835 31004  5910 I art     : Explicit concurrent mark sweep GC freed 7(224B) AllocSpace objects, 0(0B) LOS objects, 28% free, 40MB/56MB, paused 1.551ms total 50.516ms
08-05 18:47:34.849 31004  5910 I art     : Starting a blocking GC Explicit
08-05 18:47:34.900 31004  5910 I art     : Explicit concurrent mark sweep GC freed 7(224B) AllocSpace objects, 0(0B) LOS objects, 28% free, 40MB/56MB, paused 1.524ms total 51.345ms
08-05 18:47:34.914 31004  5910 I art     : Starting a blocking GC Explicit
08-05 18:47:34.964 31004  5910 I art     : Explicit concurrent mark sweep GC freed 7(224B) AllocSpace objects, 0(0B) LOS objects, 28% free, 40MB/56MB, paused 1.415ms total 50.289ms
08-05 18:47:35.357 31004  5910 I art     : Starting a blocking GC Explicit
08-05 18:47:35.407 31004  5910 I art     : Explicit concurrent mark sweep GC freed 1471(83KB) AllocSpace objects, 1(20KB) LOS objects, 28% free, 40MB/56MB, paused 1.467ms total 50.349ms
08-05 18:47:35.421 31004  5910 I art     : Starting a blocking GC Explicit
08-05 18:47:35.470 31004  5910 I art     : Explicit concurrent mark sweep GC freed 119(4KB) AllocSpace objects, 0(0B) LOS objects, 28% free, 40MB/56MB, paused 1.591ms total 49.512ms
08-05 18:47:35.484 31004  5910 I art     : Starting a blocking GC Explicit
08-05 18:47:35.533 31004  5910 I art     : Explicit concurrent mark sweep GC freed 78(4KB) AllocSpace objects, 0(0B) LOS objects, 28% free, 40MB/56MB, paused 1.519ms total 49.072ms
08-05 18:47:35.546 31004  5910 I art     : Starting a blocking GC Explicit
08-05 18:47:35.595 31004  5910 I art     : Explicit concurrent mark sweep GC freed 16(1536B) AllocSpace objects, 0(0B) LOS objects, 28% free, 40MB/56MB, paused 1.530ms total 48.792ms
08-05 18:47:35.609 31004  5910 I art     : Starting a blocking GC Explicit
08-05 18:47:35.658 31004  5910 I art     : Explicit concurrent mark sweep GC freed 7(224B) AllocSpace objects, 0(0B) LOS objects, 28% free, 40MB/56MB, paused 1.557ms total 48.998ms
08-05 18:47:35.966 31004  6594 E baseline.com.newsblur.network.APIResponse: Error (unexpected end of stream on https://www.newsblur.com/...) calling https://www.newsblur.com/reader/feed_unread_count?feed_id=0
08-05 18:47:35.966 31004  6594 E baseline.com.newsblur.network.APIResponse: java.io.IOException: unexpected end of stream on https://www.newsblur.com/...
08-05 18:47:35.966 31004  6594 E baseline.com.newsblur.network.APIResponse: 	at okhttp3.internal.http1.Http1ExchangeCodec.readResponseHeaders(Http1ExchangeCodec.java:236)
08-05 18:47:35.966 31004  6594 E baseline.com.newsblur.network.APIResponse: 	at okhttp3.internal.connection.Exchange.readResponseHeaders(Exchange.java:115)
08-05 18:47:35.966 31004  6594 E baseline.com.newsblur.network.APIResponse: 	at okhttp3.internal.http.CallServerInterceptor.intercept(CallServerInterceptor.java:94)
08-05 18:47:35.966 31004  6594 E baseline.com.newsblur.network.APIResponse: 	at okhttp3.internal.http.RealInterceptorChain.proceed(RealInterceptorChain.java:142)
08-05 18:47:35.966 31004  6594 E baseline.com.newsblur.network.APIResponse: 	at okhttp3.internal.connection.ConnectInterceptor.intercept(ConnectInterceptor.java:43)
08-05 18:47:35.966 31004  6594 E baseline.com.newsblur.network.APIResponse: 	at okhttp3.internal.http.RealInterceptorChain.proceed(RealInterceptorChain.java:142)
08-05 18:47:35.966 31004  6594 E baseline.com.newsblur.network.APIResponse: 	at okhttp3.internal.http.RealInterceptorChain.proceed(RealInterceptorChain.java:117)
08-05 18:47:35.966 31004  6594 E baseline.com.newsblur.network.APIResponse: 	at okhttp3.internal.cache.CacheInterceptor.intercept(CacheInterceptor.java:94)
08-05 18:47:35.966 31004  6594 E baseline.com.newsblur.network.APIResponse: 	at okhttp3.internal.http.RealInterceptorChain.proceed(RealInterceptorChain.java:142)
08-05 18:47:35.966 31004  6594 E baseline.com.newsblur.network.APIResponse: 	at okhttp3.internal.http.RealInterceptorChain.proceed(RealInterceptorChain.java:117)
08-05 18:47:35.966 31004  6594 E baseline.com.newsblur.network.APIResponse: 	at okhttp3.internal.http.BridgeInterceptor.intercept(BridgeInterceptor.java:93)
08-05 18:47:35.966 31004  6594 E baseline.com.newsblur.network.APIResponse: 	at okhttp3.internal.http.RealInterceptorChain.proceed(RealInterceptorChain.java:142)
08-05 18:47:35.966 31004  6594 E baseline.com.newsblur.network.APIResponse: 	at okhttp3.internal.http.RetryAndFollowUpInterceptor.intercept(RetryAndFollowUpInterceptor.java:88)
08-05 18:47:35.966 31004  6594 E baseline.com.newsblur.network.APIResponse: 	at okhttp3.internal.http.RealInterceptorChain.proceed(RealInterceptorChain.java:142)
08-05 18:47:35.966 31004  6594 E baseline.com.newsblur.network.APIResponse: 	at okhttp3.internal.http.RealInterceptorChain.proceed(RealInterceptorChain.java:117)
08-05 18:47:35.966 31004  6594 E baseline.com.newsblur.network.APIResponse: 	at okhttp3.RealCall.getResponseWithInterceptorChain(RealCall.java:229)
08-05 18:47:35.966 31004  6594 E baseline.com.newsblur.network.APIResponse: 	at okhttp3.RealCall.execute(RealCall.java:81)
08-05 18:47:35.966 31004  6594 E baseline.com.newsblur.network.APIResponse: 	at baseline.com.newsblur.network.APIResponse.<init>(APIResponse.java:57)
08-05 18:47:35.966 31004  6594 E baseline.com.newsblur.network.APIResponse: 	at baseline.com.newsblur.network.APIManager.get_single(APIManager.java:639)
08-05 18:47:35.966 31004  6594 E baseline.com.newsblur.network.APIResponse: 	at baseline.com.newsblur.network.APIManager.get(APIManager.java:625)
08-05 18:47:35.966 31004  6594 E baseline.com.newsblur.network.APIResponse: 	at baseline.com.newsblur.network.APIManager.get(APIManager.java:667)
08-05 18:47:35.966 31004  6594 E baseline.com.newsblur.network.APIResponse: 	at baseline.com.newsblur.network.APIManager.getFeedUnreadCounts(APIManager.java:274)
08-05 18:47:35.966 31004  6594 E baseline.com.newsblur.network.APIResponse: 	at baseline.com.newsblur.service.NBSyncService.checkRecounts(NBSyncService.java:660)
08-05 18:47:35.966 31004  6594 E baseline.com.newsblur.network.APIResponse: 	at baseline.com.newsblur.service.NBSyncService.doSync(NBSyncService.java:310)
08-05 18:47:35.966 31004  6594 E baseline.com.newsblur.network.APIResponse: 	at baseline.com.newsblur.service.NBSyncService.access$100(NBSyncService.java:67)
08-05 18:47:35.966 31004  6594 E baseline.com.newsblur.network.APIResponse: 	at baseline.com.newsblur.service.NBSyncService$1.run(NBSyncService.java:188)
08-05 18:47:35.966 31004  6594 E baseline.com.newsblur.network.APIResponse: 	at java.util.concurrent.ThreadPoolExecutor.runWorker(ThreadPoolExecutor.java:1113)
08-05 18:47:35.966 31004  6594 E baseline.com.newsblur.network.APIResponse: 	at java.util.concurrent.ThreadPoolExecutor$Worker.run(ThreadPoolExecutor.java:588)
08-05 18:47:35.966 31004  6594 E baseline.com.newsblur.network.APIResponse: 	at java.lang.Thread.run(Thread.java:818)
08-05 18:47:35.966 31004  6594 E baseline.com.newsblur.network.APIResponse: Caused by: java.io.EOFException: \n not found: limit=0 content=
08-05 18:47:35.966 31004  6594 E baseline.com.newsblur.network.APIResponse: 	at okio.RealBufferedSource.readUtf8LineStrict(RealBufferedSource.java:240)
08-05 18:47:35.966 31004  6594 E baseline.com.newsblur.network.APIResponse: 	at okhttp3.internal.http1.Http1ExchangeCodec.readHeaderLine(Http1ExchangeCodec.java:242)
08-05 18:47:35.966 31004  6594 E baseline.com.newsblur.network.APIResponse: 	at okhttp3.internal.http1.Http1ExchangeCodec.readResponseHeaders(Http1ExchangeCodec.java:213)
08-05 18:47:35.966 31004  6594 E baseline.com.newsblur.network.APIResponse: 	... 28 more
08-05 18:47:35.968 31004  6594 I baseline.com.newsblur.network.APIManager: API call failed, pausing before retry number 2
08-05 18:47:36.014 31004 31015 I art     : Starting a blocking GC Explicit
08-05 18:47:36.066 31004 31015 I art     : Explicit concurrent mark sweep GC freed 3960(356KB) AllocSpace objects, 3(60KB) LOS objects, 28% free, 40MB/56MB, paused 1.508ms total 50.895ms
08-05 18:47:36.079 31004 31015 I art     : Starting a blocking GC Explicit
08-05 18:47:36.102   518   646 I ThermalEngine: ACTION: GPU - Setting GPU[0] to 510000000
08-05 18:47:36.129 31004 31015 I art     : Explicit concurrent mark sweep GC freed 124(4KB) AllocSpace objects, 0(0B) LOS objects, 28% free, 40MB/56MB, paused 1.409ms total 49.389ms
08-05 18:47:36.141 31004 31015 I art     : Starting a blocking GC Explicit
08-05 18:47:36.182 31004 31015 I art     : Explicit concurrent mark sweep GC freed 6(192B) AllocSpace objects, 0(0B) LOS objects, 28% free, 40MB/56MB, paused 1.096ms total 40.445ms
08-05 18:47:36.193 31004 31015 I art     : Starting a blocking GC Explicit
08-05 18:47:36.232 31004 31015 I art     : Explicit concurrent mark sweep GC freed 6(192B) AllocSpace objects, 0(0B) LOS objects, 28% free, 40MB/56MB, paused 1.129ms total 39.380ms
08-05 18:47:36.242 31004 31015 I art     : Starting a blocking GC Explicit
08-05 18:47:36.283 31004 31015 I art     : Explicit concurrent mark sweep GC freed 6(192B) AllocSpace objects, 0(0B) LOS objects, 28% free, 40MB/56MB, paused 1.109ms total 40.353ms
08-05 18:47:36.624 31004  5669 I art     : Starting a blocking GC Explicit
08-05 18:47:36.666 31004  5669 I art     : Explicit concurrent mark sweep GC freed 1467(83KB) AllocSpace objects, 1(20KB) LOS objects, 28% free, 40MB/56MB, paused 1.160ms total 41.553ms
08-05 18:47:36.677 31004  5669 I art     : Starting a blocking GC Explicit
08-05 18:47:36.717 31004  5669 I art     : Explicit concurrent mark sweep GC freed 25(880B) AllocSpace objects, 0(0B) LOS objects, 28% free, 40MB/56MB, paused 1.059ms total 38.923ms
08-05 18:47:36.727 31004  5669 I art     : Starting a blocking GC Explicit
08-05 18:47:36.767 31004  5669 I art     : Explicit concurrent mark sweep GC freed 6(192B) AllocSpace objects, 0(0B) LOS objects, 28% free, 40MB/56MB, paused 1.114ms total 39.333ms
08-05 18:47:36.777 31004  5669 I art     : Starting a blocking GC Explicit
08-05 18:47:36.816 31004  5669 I art     : Explicit concurrent mark sweep GC freed 6(192B) AllocSpace objects, 0(0B) LOS objects, 28% free, 40MB/56MB, paused 1.136ms total 39.494ms
08-05 18:47:36.827 31004  5669 I art     : Starting a blocking GC Explicit
08-05 18:47:36.866 31004  5669 I art     : Explicit concurrent mark sweep GC freed 6(192B) AllocSpace objects, 0(0B) LOS objects, 28% free, 40MB/56MB, paused 1.011ms total 38.469ms
08-05 18:47:37.223 31004 31016 I art     : Starting a blocking GC Explicit
08-05 18:47:37.325 31004 31016 I art     : Explicit concurrent mark sweep GC freed 1472(84KB) AllocSpace objects, 1(20KB) LOS objects, 28% free, 40MB/56MB, paused 2.123ms total 101.904ms
08-05 18:47:37.345 31004 31016 I art     : Starting a blocking GC Explicit
08-05 18:47:37.385 31004 31016 I art     : Explicit concurrent mark sweep GC freed 26(912B) AllocSpace objects, 0(0B) LOS objects, 28% free, 40MB/56MB, paused 1.113ms total 39.688ms
08-05 18:47:37.395 31004 31016 I art     : Starting a blocking GC Explicit
08-05 18:47:37.435 31004 31016 I art     : Explicit concurrent mark sweep GC freed 6(192B) AllocSpace objects, 0(0B) LOS objects, 28% free, 40MB/56MB, paused 1.123ms total 39.817ms
08-05 18:47:37.446 31004 31016 I art     : Starting a blocking GC Explicit
08-05 18:47:37.485 31004 31016 I art     : Explicit concurrent mark sweep GC freed 6(192B) AllocSpace objects, 0(0B) LOS objects, 28% free, 40MB/56MB, paused 1.141ms total 39.243ms
08-05 18:47:37.496 31004 31016 I art     : Starting a blocking GC Explicit
08-05 18:47:37.535 31004 31016 I art     : Explicit concurrent mark sweep GC freed 6(192B) AllocSpace objects, 0(0B) LOS objects, 28% free, 40MB/56MB, paused 1.113ms total 38.290ms
08-05 18:47:37.897 31004  7198 I art     : Starting a blocking GC Explicit
08-05 18:47:37.938 31004  7198 I art     : Explicit concurrent mark sweep GC freed 1467(83KB) AllocSpace objects, 1(20KB) LOS objects, 28% free, 40MB/56MB, paused 1.144ms total 40.477ms
08-05 18:47:37.949 31004  7198 I art     : Starting a blocking GC Explicit
08-05 18:47:37.988 31004  7198 I art     : Explicit concurrent mark sweep GC freed 25(880B) AllocSpace objects, 0(0B) LOS objects, 28% free, 40MB/56MB, paused 1.160ms total 39.027ms
08-05 18:47:37.999 31004  7198 I art     : Starting a blocking GC Explicit
08-05 18:47:38.038 31004  7198 I art     : Explicit concurrent mark sweep GC freed 6(192B) AllocSpace objects, 0(0B) LOS objects, 28% free, 40MB/56MB, paused 1.061ms total 38.995ms
08-05 18:47:38.048 31004  7198 I art     : Starting a blocking GC Explicit
08-05 18:47:38.087 31004  7198 I art     : Explicit concurrent mark sweep GC freed 6(192B) AllocSpace objects, 0(0B) LOS objects, 28% free, 40MB/56MB, paused 1.129ms total 38.202ms
08-05 18:47:38.097 31004  7198 I art     : Starting a blocking GC Explicit
08-05 18:47:38.137 31004  7198 I art     : Explicit concurrent mark sweep GC freed 6(192B) AllocSpace objects, 0(0B) LOS objects, 28% free, 40MB/56MB, paused 1.129ms total 38.890ms
08-05 18:47:38.471 31004  5669 I art     : Starting a blocking GC Explicit
08-05 18:47:38.513 31004  5669 I art     : Explicit concurrent mark sweep GC freed 1466(83KB) AllocSpace objects, 1(20KB) LOS objects, 28% free, 40MB/56MB, paused 1.095ms total 40.989ms
08-05 18:47:38.523 31004  5669 I art     : Starting a blocking GC Explicit
08-05 18:47:38.564 31004  5669 I art     : Explicit concurrent mark sweep GC freed 24(848B) AllocSpace objects, 0(0B) LOS objects, 28% free, 40MB/56MB, paused 1.559ms total 40.195ms
08-05 18:47:38.574 31004  5669 I art     : Starting a blocking GC Explicit
08-05 18:47:38.614 31004  5669 I art     : Explicit concurrent mark sweep GC freed 7(224B) AllocSpace objects, 0(0B) LOS objects, 28% free, 40MB/56MB, paused 1.103ms total 39.582ms
08-05 18:47:38.624 31004  5669 I art     : Starting a blocking GC Explicit
08-05 18:47:38.663 31004  5669 I art     : Explicit concurrent mark sweep GC freed 6(192B) AllocSpace objects, 0(0B) LOS objects, 28% free, 40MB/56MB, paused 1.112ms total 38.907ms
08-05 18:47:38.674 31004  5669 I art     : Starting a blocking GC Explicit
08-05 18:47:38.713 31004  5669 I art     : Explicit concurrent mark sweep GC freed 6(192B) AllocSpace objects, 0(0B) LOS objects, 28% free, 40MB/56MB, paused 1.066ms total 38.536ms
08-05 18:47:39.078 31004 31016 I art     : Starting a blocking GC Explicit
08-05 18:47:39.119 31004 31016 I art     : Explicit concurrent mark sweep GC freed 1625(91KB) AllocSpace objects, 1(20KB) LOS objects, 28% free, 40MB/56MB, paused 1.191ms total 41.018ms
08-05 18:47:39.130 31004 31016 I art     : Starting a blocking GC Explicit
08-05 18:47:39.170 31004 31016 I art     : Explicit concurrent mark sweep GC freed 40(2448B) AllocSpace objects, 0(0B) LOS objects, 28% free, 40MB/56MB, paused 1.200ms total 39.599ms
08-05 18:47:39.180 31004 31016 I art     : Starting a blocking GC Explicit
08-05 18:47:39.219 31004 31016 I art     : Explicit concurrent mark sweep GC freed 6(192B) AllocSpace objects, 0(0B) LOS objects, 28% free, 40MB/56MB, paused 1.099ms total 38.186ms
08-05 18:47:39.229 31004 31016 I art     : Starting a blocking GC Explicit
08-05 18:47:39.268 31004 31016 I art     : Explicit concurrent mark sweep GC freed 6(192B) AllocSpace objects, 0(0B) LOS objects, 28% free, 40MB/56MB, paused 1.168ms total 38.928ms
08-05 18:47:39.279 31004 31016 I art     : Starting a blocking GC Explicit
08-05 18:47:39.318 31004 31016 I art     : Explicit concurrent mark sweep GC freed 6(192B) AllocSpace objects, 0(0B) LOS objects, 28% free, 40MB/56MB, paused 1.106ms total 39.340ms
08-05 18:47:39.564 31004  6594 E baseline.com.newsblur.network.APIResponse: Error (unexpected end of stream on https://www.newsblur.com/...) calling https://www.newsblur.com/reader/feed_unread_count?feed_id=0
08-05 18:47:39.564 31004  6594 E baseline.com.newsblur.network.APIResponse: java.io.IOException: unexpected end of stream on https://www.newsblur.com/...
08-05 18:47:39.564 31004  6594 E baseline.com.newsblur.network.APIResponse: 	at okhttp3.internal.http1.Http1ExchangeCodec.readResponseHeaders(Http1ExchangeCodec.java:236)
08-05 18:47:39.564 31004  6594 E baseline.com.newsblur.network.APIResponse: 	at okhttp3.internal.connection.Exchange.readResponseHeaders(Exchange.java:115)
08-05 18:47:39.564 31004  6594 E baseline.com.newsblur.network.APIResponse: 	at okhttp3.internal.http.CallServerInterceptor.intercept(CallServerInterceptor.java:94)
08-05 18:47:39.564 31004  6594 E baseline.com.newsblur.network.APIResponse: 	at okhttp3.internal.http.RealInterceptorChain.proceed(RealInterceptorChain.java:142)
08-05 18:47:39.564 31004  6594 E baseline.com.newsblur.network.APIResponse: 	at okhttp3.internal.connection.ConnectInterceptor.intercept(ConnectInterceptor.java:43)
08-05 18:47:39.564 31004  6594 E baseline.com.newsblur.network.APIResponse: 	at okhttp3.internal.http.RealInterceptorChain.proceed(RealInterceptorChain.java:142)
08-05 18:47:39.564 31004  6594 E baseline.com.newsblur.network.APIResponse: 	at okhttp3.internal.http.RealInterceptorChain.proceed(RealInterceptorChain.java:117)
08-05 18:47:39.564 31004  6594 E baseline.com.newsblur.network.APIResponse: 	at okhttp3.internal.cache.CacheInterceptor.intercept(CacheInterceptor.java:94)
08-05 18:47:39.564 31004  6594 E baseline.com.newsblur.network.APIResponse: 	at okhttp3.internal.http.RealInterceptorChain.proceed(RealInterceptorChain.java:142)
08-05 18:47:39.564 31004  6594 E baseline.com.newsblur.network.APIResponse: 	at okhttp3.internal.http.RealInterceptorChain.proceed(RealInterceptorChain.java:117)
08-05 18:47:39.564 31004  6594 E baseline.com.newsblur.network.APIResponse: 	at okhttp3.internal.http.BridgeInterceptor.intercept(BridgeInterceptor.java:93)
08-05 18:47:39.564 31004  6594 E baseline.com.newsblur.network.APIResponse: 	at okhttp3.internal.http.RealInterceptorChain.proceed(RealInterceptorChain.java:142)
08-05 18:47:39.564 31004  6594 E baseline.com.newsblur.network.APIResponse: 	at okhttp3.internal.http.RetryAndFollowUpInterceptor.intercept(RetryAndFollowUpInterceptor.java:88)
08-05 18:47:39.564 31004  6594 E baseline.com.newsblur.network.APIResponse: 	at okhttp3.internal.http.RealInterceptorChain.proceed(RealInterceptorChain.java:142)
08-05 18:47:39.564 31004  6594 E baseline.com.newsblur.network.APIResponse: 	at okhttp3.internal.http.RealInterceptorChain.proceed(RealInterceptorChain.java:117)
08-05 18:47:39.564 31004  6594 E baseline.com.newsblur.network.APIResponse: 	at okhttp3.RealCall.getResponseWithInterceptorChain(RealCall.java:229)
08-05 18:47:39.564 31004  6594 E baseline.com.newsblur.network.APIResponse: 	at okhttp3.RealCall.execute(RealCall.java:81)
08-05 18:47:39.564 31004  6594 E baseline.com.newsblur.network.APIResponse: 	at baseline.com.newsblur.network.APIResponse.<init>(APIResponse.java:57)
08-05 18:47:39.564 31004  6594 E baseline.com.newsblur.network.APIResponse: 	at baseline.com.newsblur.network.APIManager.get_single(APIManager.java:639)
08-05 18:47:39.564 31004  6594 E baseline.com.newsblur.network.APIResponse: 	at baseline.com.newsblur.network.APIManager.get(APIManager.java:625)
08-05 18:47:39.564 31004  6594 E baseline.com.newsblur.network.APIResponse: 	at baseline.com.newsblur.network.APIManager.get(APIManager.java:667)
08-05 18:47:39.564 31004  6594 E baseline.com.newsblur.network.APIResponse: 	at baseline.com.newsblur.network.APIManager.getFeedUnreadCounts(APIManager.java:274)
08-05 18:47:39.564 31004  6594 E baseline.com.newsblur.network.APIResponse: 	at baseline.com.newsblur.service.NBSyncService.checkRecounts(NBSyncService.java:660)
08-05 18:47:39.564 31004  6594 E baseline.com.newsblur.network.APIResponse: 	at baseline.com.newsblur.service.NBSyncService.doSync(NBSyncService.java:310)
08-05 18:47:39.564 31004  6594 E baseline.com.newsblur.network.APIResponse: 	at baseline.com.newsblur.service.NBSyncService.access$100(NBSyncService.java:67)
08-05 18:47:39.564 31004  6594 E baseline.com.newsblur.network.APIResponse: 	at baseline.com.newsblur.service.NBSyncService$1.run(NBSyncService.java:188)
08-05 18:47:39.564 31004  6594 E baseline.com.newsblur.network.APIResponse: 	at java.util.concurrent.ThreadPoolExecutor.runWorker(ThreadPoolExecutor.java:1113)
08-05 18:47:39.564 31004  6594 E baseline.com.newsblur.network.APIResponse: 	at java.util.concurrent.ThreadPoolExecutor$Worker.run(ThreadPoolExecutor.java:588)
08-05 18:47:39.564 31004  6594 E baseline.com.newsblur.network.APIResponse: 	at java.lang.Thread.run(Thread.java:818)
08-05 18:47:39.564 31004  6594 E baseline.com.newsblur.network.APIResponse: Caused by: java.io.EOFException: \n not found: limit=0 content=
08-05 18:47:39.564 31004  6594 E baseline.com.newsblur.network.APIResponse: 	at okio.RealBufferedSource.readUtf8LineStrict(RealBufferedSource.java:240)
08-05 18:47:39.564 31004  6594 E baseline.com.newsblur.network.APIResponse: 	at okhttp3.internal.http1.Http1ExchangeCodec.readHeaderLine(Http1ExchangeCodec.java:242)
08-05 18:47:39.564 31004  6594 E baseline.com.newsblur.network.APIResponse: 	at okhttp3.internal.http1.Http1ExchangeCodec.readResponseHeaders(Http1ExchangeCodec.java:213)
08-05 18:47:39.564 31004  6594 E baseline.com.newsblur.network.APIResponse: 	... 28 more
08-05 18:47:39.565 31004  6594 W baseline.com.newsblur.service.NBSyncService: Bad response to feed_unread_count
08-05 18:47:39.679 31004 31015 I art     : Starting a blocking GC Explicit
08-05 18:47:39.720 31004 31015 I art     : Explicit concurrent mark sweep GC freed 4486(423KB) AllocSpace objects, 5(100KB) LOS objects, 28% free, 40MB/56MB, paused 1.134ms total 41.401ms
08-05 18:47:39.730 31004 31015 I art     : Starting a blocking GC Explicit
08-05 18:47:39.766 31004 31015 I art     : Explicit concurrent mark sweep GC freed 200(7KB) AllocSpace objects, 0(0B) LOS objects, 28% free, 40MB/56MB, paused 1.121ms total 35.991ms
08-05 18:47:39.776 31004 31015 I art     : Starting a blocking GC Explicit
08-05 18:47:39.813 31004 31015 I art     : Explicit concurrent mark sweep GC freed 6(192B) AllocSpace objects, 0(0B) LOS objects, 28% free, 40MB/56MB, paused 1.048ms total 36.506ms
08-05 18:47:39.823 31004 31015 I art     : Starting a blocking GC Explicit
08-05 18:47:39.860 31004 31015 I art     : Explicit concurrent mark sweep GC freed 5(160B) AllocSpace objects, 0(0B) LOS objects, 28% free, 40MB/56MB, paused 1.040ms total 36.353ms
08-05 18:47:39.870 31004 31015 I art     : Starting a blocking GC Explicit
08-05 18:47:39.910 31004 31015 I art     : Explicit concurrent mark sweep GC freed 28(1136B) AllocSpace objects, 0(0B) LOS objects, 28% free, 40MB/56MB, paused 1.200ms total 39.364ms
08-05 18:47:39.970 31004  6594 I NAPPA_EXPERIMENTATION: MetricNetworkRequestExecutionTime: REQUEST_DURATION_SYSTEM='395',REQUEST_DURATION_OKHTTP='34',REQUEST_SYNCHRONOUS='TRUE',RESPONSE_CODE='200',RESPONSE_METHOD='GET',RESPONSE_LENGTH_OKHTTP='-1',RESPONSE_LENGTH_HEADER='-2',REQUEST_PROTOCOL='http/1.1',REQUEST_URL='https://www.newsblur.com/social/river_stories?order=newest&page=1&read_filter=all',
08-05 18:47:39.970 31004  6594 D MY_TAG  : 0, 395
08-05 18:47:39.998 31004 31004 D baseline.com.newsblur.service.NBSyncService: rejecting request for feedset that is exhaused
08-05 18:47:40.244 31004  7198 I art     : Starting a blocking GC Explicit
08-05 18:47:40.289 31004  7198 I art     : Explicit concurrent mark sweep GC freed 7504(456KB) AllocSpace objects, 7(140KB) LOS objects, 28% free, 40MB/56MB, paused 1.244ms total 44.436ms
08-05 18:47:40.300 31004  7198 I art     : Starting a blocking GC Explicit
08-05 18:47:40.342 31004  7198 I art     : Explicit concurrent mark sweep GC freed 253(11KB) AllocSpace objects, 0(0B) LOS objects, 28% free, 40MB/56MB, paused 1.199ms total 42.023ms
08-05 18:47:40.353 31004  7198 I art     : Starting a blocking GC Explicit
08-05 18:47:40.393 31004  7198 I art     : Explicit concurrent mark sweep GC freed 3(96B) AllocSpace objects, 0(0B) LOS objects, 28% free, 40MB/56MB, paused 1.120ms total 39.803ms
08-05 18:47:40.404 31004  7198 I art     : Starting a blocking GC Explicit
08-05 18:47:40.444 31004  7198 I art     : Explicit concurrent mark sweep GC freed 1657(64KB) AllocSpace objects, 0(0B) LOS objects, 28% free, 40MB/56MB, paused 1.270ms total 40.014ms
08-05 18:47:40.455 31004  7198 I art     : Starting a blocking GC Explicit
08-05 18:47:40.475 31004  6594 E baseline.com.newsblur.network.APIResponse: Error (unexpected end of stream on https://www.newsblur.com/...) calling https://www.newsblur.com/reader/mark_story_hashes_as_read/
08-05 18:47:40.475 31004  6594 E baseline.com.newsblur.network.APIResponse: java.io.IOException: unexpected end of stream on https://www.newsblur.com/...
08-05 18:47:40.475 31004  6594 E baseline.com.newsblur.network.APIResponse: 	at okhttp3.internal.http1.Http1ExchangeCodec.readResponseHeaders(Http1ExchangeCodec.java:236)
08-05 18:47:40.475 31004  6594 E baseline.com.newsblur.network.APIResponse: 	at okhttp3.internal.connection.Exchange.readResponseHeaders(Exchange.java:115)
08-05 18:47:40.475 31004  6594 E baseline.com.newsblur.network.APIResponse: 	at okhttp3.internal.http.CallServerInterceptor.intercept(CallServerInterceptor.java:94)
08-05 18:47:40.475 31004  6594 E baseline.com.newsblur.network.APIResponse: 	at okhttp3.internal.http.RealInterceptorChain.proceed(RealInterceptorChain.java:142)
08-05 18:47:40.475 31004  6594 E baseline.com.newsblur.network.APIResponse: 	at okhttp3.internal.connection.ConnectInterceptor.intercept(ConnectInterceptor.java:43)
08-05 18:47:40.475 31004  6594 E baseline.com.newsblur.network.APIResponse: 	at okhttp3.internal.http.RealInterceptorChain.proceed(RealInterceptorChain.java:142)
08-05 18:47:40.475 31004  6594 E baseline.com.newsblur.network.APIResponse: 	at okhttp3.internal.http.RealInterceptorChain.proceed(RealInterceptorChain.java:117)
08-05 18:47:40.475 31004  6594 E baseline.com.newsblur.network.APIResponse: 	at okhttp3.internal.cache.CacheInterceptor.intercept(CacheInterceptor.java:94)
08-05 18:47:40.475 31004  6594 E baseline.com.newsblur.network.APIResponse: 	at okhttp3.internal.http.RealInterceptorChain.proceed(RealInterceptorChain.java:142)
08-05 18:47:40.475 31004  6594 E baseline.com.newsblur.network.APIResponse: 	at okhttp3.internal.http.RealInterceptorChain.proceed(RealInterceptorChain.java:117)
08-05 18:47:40.475 31004  6594 E baseline.com.newsblur.network.APIResponse: 	at okhttp3.internal.http.BridgeInterceptor.intercept(BridgeInterceptor.java:93)
08-05 18:47:40.475 31004  6594 E baseline.com.newsblur.network.APIResponse: 	at okhttp3.internal.http.RealInterceptorChain.proceed(RealInterceptorChain.java:142)
08-05 18:47:40.475 31004  6594 E baseline.com.newsblur.network.APIResponse: 	at okhttp3.internal.http.RetryAndFollowUpInterceptor.intercept(RetryAndFollowUpInterceptor.java:88)
08-05 18:47:40.475 31004  6594 E baseline.com.newsblur.network.APIResponse: 	at okhttp3.internal.http.RealInterceptorChain.proceed(RealInterceptorChain.java:142)
08-05 18:47:40.475 31004  6594 E baseline.com.newsblur.network.APIResponse: 	at okhttp3.internal.http.RealInterceptorChain.proceed(RealInterceptorChain.java:117)
08-05 18:47:40.475 31004  6594 E baseline.com.newsblur.network.APIResponse: 	at okhttp3.RealCall.getResponseWithInterceptorChain(RealCall.java:229)
08-05 18:47:40.475 31004  6594 E baseline.com.newsblur.network.APIResponse: 	at okhttp3.RealCall.execute(RealCall.java:81)
08-05 18:47:40.475 31004  6594 E baseline.com.newsblur.network.APIResponse: 	at baseline.com.newsblur.network.APIResponse.<init>(APIResponse.java:57)
08-05 18:47:40.475 31004  6594 E baseline.com.newsblur.network.APIResponse: 	at baseline.com.newsblur.network.APIResponse.<init>(APIResponse.java:43)
08-05 18:47:40.475 31004  6594 E baseline.com.newsblur.network.APIResponse: 	at baseline.com.newsblur.network.APIManager.post_single(APIManager.java:702)
08-05 18:47:40.475 31004  6594 E baseline.com.newsblur.network.APIResponse: 	at baseline.com.newsblur.network.APIManager.post(APIManager.java:675)
08-05 18:47:40.475 31004  6594 E baseline.com.newsblur.network.APIResponse: 	at baseline.com.newsblur.network.APIManager.post(APIManager.java:714)
08-05 18:47:40.475 31004  6594 E baseline.com.newsblur.network.APIResponse: 	at baseline.com.newsblur.network.APIManager.markStoryAsRead(APIManager.java:205)
08-05 18:47:40.475 31004  6594 E baseline.com.newsblur.network.APIResponse: 	at baseline.com.newsblur.util.ReadingAction.doRemote(ReadingAction.java:281)
08-05 18:47:40.475 31004  6594 E baseline.com.newsblur.network.APIResponse: 	at baseline.com.newsblur.service.NBSyncService.syncActions(NBSyncService.java:400)
08-05 18:47:40.475 31004  6594 E baseline.com.newsblur.network.APIResponse: 	at baseline.com.newsblur.service.NBSyncService.doSync(NBSyncService.java:298)
08-05 18:47:40.475 31004  6594 E baseline.com.newsblur.network.APIResponse: 	at baseline.com.newsblur.service.NBSyncService.access$100(NBSyncService.java:67)
08-05 18:47:40.475 31004  6594 E baseline.com.newsblur.network.APIResponse: 	at baseline.com.newsblur.service.NBSyncService$1.run(NBSyncService.java:188)
08-05 18:47:40.475 31004  6594 E baseline.com.newsblur.network.APIResponse: 	at java.util.concurrent.ThreadPoolExecutor.runWorker(ThreadPoolExecutor.java:1113)
08-05 18:47:40.475 31004  6594 E baseline.com.newsblur.network.APIResponse: 	at java.util.concurrent.ThreadPoolExecutor$Worker.run(ThreadPoolExecutor.java:588)
08-05 18:47:40.475 31004  6594 E baseline.com.newsblur.network.APIResponse: 	at java.lang.Thread.run(Thread.java:818)
08-05 18:47:40.475 31004  6594 E baseline.com.newsblur.network.APIResponse: Caused by: java.io.EOFException: \n not found: limit=0 content=
08-05 18:47:40.475 31004  6594 E baseline.com.newsblur.network.APIResponse: 	at okio.RealBufferedSource.readUtf8LineStrict(RealBufferedSource.java:240)
08-05 18:47:40.475 31004  6594 E baseline.com.newsblur.network.APIResponse: 	at okhttp3.internal.http1.Http1ExchangeCodec.readHeaderLine(Http1ExchangeCodec.java:242)
08-05 18:47:40.475 31004  6594 E baseline.com.newsblur.network.APIResponse: 	at okhttp3.internal.http1.Http1ExchangeCodec.readResponseHeaders(Http1ExchangeCodec.java:213)
08-05 18:47:40.475 31004  6594 E baseline.com.newsblur.network.APIResponse: 	... 30 more
08-05 18:47:40.477 31004  6594 I baseline.com.newsblur.network.APIManager: API call failed, pausing before retry number 1
08-05 18:47:40.494 31004  7198 I art     : Explicit concurrent mark sweep GC freed 809(195KB) AllocSpace objects, 2(40KB) LOS objects, 28% free, 40MB/56MB, paused 1.074ms total 38.755ms
08-05 18:47:40.765  7354  7354 D AndroidRuntime: >>>>>> START com.android.internal.os.RuntimeInit uid 2000 <<<<<<
08-05 18:47:40.770  7354  7354 D AndroidRuntime: CheckJNI is OFF
08-05 18:47:40.803  7354  7354 D ICU     : No timezone override file found: /data/misc/zoneinfo/current/icu/icu_tzdata.dat
08-05 18:47:40.835  7354  7354 I Radio-JNI: register_android_hardware_Radio DONE
08-05 18:47:40.858  7354  7354 D AndroidRuntime: Calling main entry com.android.commands.input.Input
08-05 18:47:40.859  7354  7354 I Input   : injectMotionEvent: MotionEvent { action=ACTION_DOWN, actionButton=0, id[0]=0, x[0]=436.0, y[0]=453.0, toolType[0]=TOOL_TYPE_UNKNOWN, buttonState=0, metaState=0, flags=0x0, edgeFlags=0x0, pointerCount=1, historySize=0, eventTime=816477272, downTime=816477272, deviceId=0, source=0x1002 }
08-05 18:47:40.863 31004 31015 I art     : Starting a blocking GC Explicit
08-05 18:47:40.864  7354  7354 I Input   : injectMotionEvent: MotionEvent { action=ACTION_UP, actionButton=0, id[0]=0, x[0]=436.0, y[0]=453.0, toolType[0]=TOOL_TYPE_UNKNOWN, buttonState=0, metaState=0, flags=0x0, edgeFlags=0x0, pointerCount=1, historySize=0, eventTime=816477272, downTime=816477272, deviceId=0, source=0x1002 }
08-05 18:47:40.867  7354  7354 D AndroidRuntime: Shutting down VM
08-05 18:47:40.881   918  3670 I ActivityManager: START u0 {cmp=baseline.com.newsblur/.activity.AllSharedStoriesReading (has extras)} from uid 10676 on display 0
08-05 18:47:40.882   512  2967 D audio_hw_primary: out_set_parameters: enter: usecase(1: low-latency-playback) kvpairs: routing=2
08-05 18:47:40.895   512  2967 D audio_hw_primary: select_devices: out_snd_device(2: speaker) in_snd_device(0: none)
08-05 18:47:40.895   512  2967 D msm8974_platform: platform_send_audio_calibration: sending audio calibration for snd_device(2) acdb_id(15)
08-05 18:47:40.896   512  2967 I soundtrigger: audio_extn_sound_trigger_update_device_status: device 0x2 of type 0 for Event 1
08-05 18:47:40.905 31004 31015 I art     : Explicit concurrent mark sweep GC freed 2318(204KB) AllocSpace objects, 3(60KB) LOS objects, 28% free, 40MB/56MB, paused 1.405ms total 41.532ms
08-05 18:47:40.908   512  2967 D audio_hw_primary: enable_snd_device: snd_device(2: speaker)
08-05 18:47:40.911   512  2967 D audio_hw_primary: enable_audio_route: apply and update mixer path: low-latency-playback speaker
08-05 18:47:40.916 31004 31015 I art     : Starting a blocking GC Explicit
08-05 18:47:40.951 31004 31015 I art     : Explicit concurrent mark sweep GC freed 1221(96KB) AllocSpace objects, 1(112KB) LOS objects, 28% free, 41MB/57MB, paused 1.072ms total 35.051ms
08-05 18:47:40.961 31004 31015 I art     : Starting a blocking GC Explicit
08-05 18:47:40.996 31004 31015 I art     : Explicit concurrent mark sweep GC freed 214(10KB) AllocSpace objects, 1(356KB) LOS objects, 28% free, 40MB/56MB, paused 1.050ms total 35.193ms
08-05 18:47:41.006 31004 31015 I art     : Starting a blocking GC Explicit
08-05 18:47:41.045 31004 31015 I art     : Explicit concurrent mark sweep GC freed 192(28KB) AllocSpace objects, 1(20KB) LOS objects, 28% free, 40MB/56MB, paused 1.079ms total 38.581ms
08-05 18:47:41.056 31004 31015 I art     : Starting a blocking GC Explicit
08-05 18:47:41.087   918   936 I ActivityManager: Displayed baseline.com.newsblur/.activity.AllSharedStoriesReading: +198ms
08-05 18:47:41.088 13866 13866 I GoogleInputMethodServic: GoogleInputMethodService.onFinishInput():3138 
08-05 18:47:41.089 13866 13866 I GoogleInputMethodServic: GoogleInputMethodService.onStartInput():1808 
08-05 18:47:41.096 31004 31015 I art     : Explicit concurrent mark sweep GC freed 577(45KB) AllocSpace objects, 1(20KB) LOS objects, 28% free, 40MB/56MB, paused 1.899ms total 40.160ms
08-05 18:47:41.295 31004  6243 E chromium: [ERROR:tile_manager.cc(793)] WARNING: tile memory limits exceeded, some content may not draw
08-05 18:47:41.296 31004  6243 E chromium: [ERROR:tile_manager.cc(793)] WARNING: tile memory limits exceeded, some content may not draw
08-05 18:47:41.385 31004  7198 I art     : Starting a blocking GC Explicit
08-05 18:47:41.431 31004  7198 I art     : Explicit concurrent mark sweep GC freed 3974(300KB) AllocSpace objects, 13(304KB) LOS objects, 28% free, 41MB/57MB, paused 1.284ms total 45.158ms
08-05 18:47:41.443 31004  7198 I art     : Starting a blocking GC Explicit
08-05 18:47:41.450   512  2967 D audio_hw_primary: disable_audio_route: reset and update mixer path: low-latency-playback speaker
08-05 18:47:41.452   512  2967 D audio_hw_primary: disable_snd_device: snd_device(2: speaker)
08-05 18:47:41.460   512  2967 I soundtrigger: audio_extn_sound_trigger_update_device_status: device 0x2 of type 0 for Event 0
08-05 18:47:41.485 31004  7198 I art     : Explicit concurrent mark sweep GC freed 864(51KB) AllocSpace objects, 1(20KB) LOS objects, 28% free, 41MB/57MB, paused 1.128ms total 41.629ms
08-05 18:47:41.496 31004  7198 I art     : Starting a blocking GC Explicit
08-05 18:47:41.537 31004  7198 I art     : Explicit concurrent mark sweep GC freed 29(960B) AllocSpace objects, 0(0B) LOS objects, 28% free, 41MB/57MB, paused 1.098ms total 39.986ms
08-05 18:47:41.547 31004  7198 I art     : Starting a blocking GC Explicit
08-05 18:47:41.586 31004  7198 I art     : Explicit concurrent mark sweep GC freed 3(96B) AllocSpace objects, 0(0B) LOS objects, 28% free, 41MB/57MB, paused 1.072ms total 38.263ms
08-05 18:47:41.597 31004  7198 I art     : Starting a blocking GC Explicit
08-05 18:47:41.635 31004  7198 I art     : Explicit concurrent mark sweep GC freed 3(96B) AllocSpace objects, 0(0B) LOS objects, 28% free, 41MB/57MB, paused 1.075ms total 37.833ms
08-05 18:47:41.973 31004 31016 I art     : Starting a blocking GC Explicit
08-05 18:47:42.021 31004 31016 I art     : Explicit concurrent mark sweep GC freed 1537(86KB) AllocSpace objects, 1(20KB) LOS objects, 28% free, 41MB/57MB, paused 1.226ms total 47.093ms
08-05 18:47:42.031 31004 31016 I art     : Starting a blocking GC Explicit
08-05 18:47:42.076 31004 31016 I art     : Explicit concurrent mark sweep GC freed 93(4KB) AllocSpace objects, 0(0B) LOS objects, 28% free, 41MB/57MB, paused 1.194ms total 44.273ms
08-05 18:47:42.087 31004 31016 I art     : Starting a blocking GC Explicit
08-05 18:47:42.111   518   646 I ThermalEngine: ACTION: GPU - Setting GPU[0] to 450000000
08-05 18:47:42.139 31004 31016 I art     : Explicit concurrent mark sweep GC freed 12(1408B) AllocSpace objects, 0(0B) LOS objects, 28% free, 41MB/57MB, paused 1.659ms total 51.477ms
08-05 18:47:42.153 31004 31016 I art     : Starting a blocking GC Explicit
08-05 18:47:42.209 31004 31016 I art     : Explicit concurrent mark sweep GC freed 3(96B) AllocSpace objects, 0(0B) LOS objects, 28% free, 41MB/57MB, paused 1.637ms total 55.760ms
08-05 18:47:42.223 31004 31016 I art     : Starting a blocking GC Explicit
08-05 18:47:42.283 31004 31016 I art     : Explicit concurrent mark sweep GC freed 3(96B) AllocSpace objects, 0(0B) LOS objects, 28% free, 41MB/57MB, paused 1.567ms total 59.621ms
08-05 18:47:42.527 31004  6594 E baseline.com.newsblur.network.APIResponse: Error (unexpected end of stream on https://www.newsblur.com/...) calling https://www.newsblur.com/reader/mark_story_hashes_as_read/
08-05 18:47:42.527 31004  6594 E baseline.com.newsblur.network.APIResponse: java.io.IOException: unexpected end of stream on https://www.newsblur.com/...
08-05 18:47:42.527 31004  6594 E baseline.com.newsblur.network.APIResponse: 	at okhttp3.internal.http1.Http1ExchangeCodec.readResponseHeaders(Http1ExchangeCodec.java:236)
08-05 18:47:42.527 31004  6594 E baseline.com.newsblur.network.APIResponse: 	at okhttp3.internal.connection.Exchange.readResponseHeaders(Exchange.java:115)
08-05 18:47:42.527 31004  6594 E baseline.com.newsblur.network.APIResponse: 	at okhttp3.internal.http.CallServerInterceptor.intercept(CallServerInterceptor.java:94)
08-05 18:47:42.527 31004  6594 E baseline.com.newsblur.network.APIResponse: 	at okhttp3.internal.http.RealInterceptorChain.proceed(RealInterceptorChain.java:142)
08-05 18:47:42.527 31004  6594 E baseline.com.newsblur.network.APIResponse: 	at okhttp3.internal.connection.ConnectInterceptor.intercept(ConnectInterceptor.java:43)
08-05 18:47:42.527 31004  6594 E baseline.com.newsblur.network.APIResponse: 	at okhttp3.internal.http.RealInterceptorChain.proceed(RealInterceptorChain.java:142)
08-05 18:47:42.527 31004  6594 E baseline.com.newsblur.network.APIResponse: 	at okhttp3.internal.http.RealInterceptorChain.proceed(RealInterceptorChain.java:117)
08-05 18:47:42.527 31004  6594 E baseline.com.newsblur.network.APIResponse: 	at okhttp3.internal.cache.CacheInterceptor.intercept(CacheInterceptor.java:94)
08-05 18:47:42.527 31004  6594 E baseline.com.newsblur.network.APIResponse: 	at okhttp3.internal.http.RealInterceptorChain.proceed(RealInterceptorChain.java:142)
08-05 18:47:42.527 31004  6594 E baseline.com.newsblur.network.APIResponse: 	at okhttp3.internal.http.RealInterceptorChain.proceed(RealInterceptorChain.java:117)
08-05 18:47:42.527 31004  6594 E baseline.com.newsblur.network.APIResponse: 	at okhttp3.internal.http.BridgeInterceptor.intercept(BridgeInterceptor.java:93)
08-05 18:47:42.527 31004  6594 E baseline.com.newsblur.network.APIResponse: 	at okhttp3.internal.http.RealInterceptorChain.proceed(RealInterceptorChain.java:142)
08-05 18:47:42.527 31004  6594 E baseline.com.newsblur.network.APIResponse: 	at okhttp3.internal.http.RetryAndFollowUpInterceptor.intercept(RetryAndFollowUpInterceptor.java:88)
08-05 18:47:42.527 31004  6594 E baseline.com.newsblur.network.APIResponse: 	at okhttp3.internal.http.RealInterceptorChain.proceed(RealInterceptorChain.java:142)
08-05 18:47:42.527 31004  6594 E baseline.com.newsblur.network.APIResponse: 	at okhttp3.internal.http.RealInterceptorChain.proceed(RealInterceptorChain.java:117)
08-05 18:47:42.527 31004  6594 E baseline.com.newsblur.network.APIResponse: 	at okhttp3.RealCall.getResponseWithInterceptorChain(RealCall.java:229)
08-05 18:47:42.527 31004  6594 E baseline.com.newsblur.network.APIResponse: 	at okhttp3.RealCall.execute(RealCall.java:81)
08-05 18:47:42.527 31004  6594 E baseline.com.newsblur.network.APIResponse: 	at baseline.com.newsblur.network.APIResponse.<init>(APIResponse.java:57)
08-05 18:47:42.527 31004  6594 E baseline.com.newsblur.network.APIResponse: 	at baseline.com.newsblur.network.APIResponse.<init>(APIResponse.java:43)
08-05 18:47:42.527 31004  6594 E baseline.com.newsblur.network.APIResponse: 	at baseline.com.newsblur.network.APIManager.post_single(APIManager.java:702)
08-05 18:47:42.527 31004  6594 E baseline.com.newsblur.network.APIResponse: 	at baseline.com.newsblur.network.APIManager.post(APIManager.java:675)
08-05 18:47:42.527 31004  6594 E baseline.com.newsblur.network.APIResponse: 	at baseline.com.newsblur.network.APIManager.post(APIManager.java:714)
08-05 18:47:42.527 31004  6594 E baseline.com.newsblur.network.APIResponse: 	at baseline.com.newsblur.network.APIManager.markStoryAsRead(APIManager.java:205)
08-05 18:47:42.527 31004  6594 E baseline.com.newsblur.network.APIResponse: 	at baseline.com.newsblur.util.ReadingAction.doRemote(ReadingAction.java:281)
08-05 18:47:42.527 31004  6594 E baseline.com.newsblur.network.APIResponse: 	at baseline.com.newsblur.service.NBSyncService.syncActions(NBSyncService.java:400)
08-05 18:47:42.527 31004  6594 E baseline.com.newsblur.network.APIResponse: 	at baseline.com.newsblur.service.NBSyncService.doSync(NBSyncService.java:298)
08-05 18:47:42.527 31004  6594 E baseline.com.newsblur.network.APIResponse: 	at baseline.com.newsblur.service.NBSyncService.access$100(NBSyncService.java:67)
08-05 18:47:42.527 31004  6594 E baseline.com.newsblur.network.APIResponse: 	at baseline.com.newsblur.service.NBSyncService$1.run(NBSyncService.java:188)
08-05 18:47:42.527 31004  6594 E baseline.com.newsblur.network.APIResponse: 	at java.util.concurrent.ThreadPoolExecutor.runWorker(ThreadPoolExecutor.java:1113)
08-05 18:47:42.527 31004  6594 E baseline.com.newsblur.network.APIResponse: 	at java.util.concurrent.ThreadPoolExecutor$Worker.run(ThreadPoolExecutor.java:588)
08-05 18:47:42.527 31004  6594 E baseline.com.newsblur.network.APIResponse: 	at java.lang.Thread.run(Thread.java:818)
08-05 18:47:42.527 31004  6594 E baseline.com.newsblur.network.APIResponse: Caused by: java.io.EOFException: \n not found: limit=0 content=
08-05 18:47:42.527 31004  6594 E baseline.com.newsblur.network.APIResponse: 	at okio.RealBufferedSource.readUtf8LineStrict(RealBufferedSource.java:240)
08-05 18:47:42.527 31004  6594 E baseline.com.newsblur.network.APIResponse: 	at okhttp3.internal.http1.Http1ExchangeCodec.readHeaderLine(Http1ExchangeCodec.java:242)
08-05 18:47:42.527 31004  6594 E baseline.com.newsblur.network.APIResponse: 	at okhttp3.internal.http1.Http1ExchangeCodec.readResponseHeaders(Http1ExchangeCodec.java:213)
08-05 18:47:42.527 31004  6594 E baseline.com.newsblur.network.APIResponse: 	... 30 more
08-05 18:47:42.529 31004  6594 I baseline.com.newsblur.network.APIManager: API call failed, pausing before retry number 2
08-05 18:47:42.678 31004  5910 I art     : Starting a blocking GC Explicit
08-05 18:47:42.738 31004  5910 I art     : Explicit concurrent mark sweep GC freed 4016(359KB) AllocSpace objects, 3(60KB) LOS objects, 28% free, 41MB/57MB, paused 1.611ms total 59.700ms
08-05 18:47:42.754 31004  5910 I art     : Starting a blocking GC Explicit
08-05 18:47:42.813 31004  5910 I art     : Explicit concurrent mark sweep GC freed 120(4KB) AllocSpace objects, 0(0B) LOS objects, 28% free, 41MB/57MB, paused 1.552ms total 58.556ms
08-05 18:47:42.828 31004  5910 I art     : Starting a blocking GC Explicit
08-05 18:47:42.889 31004  5910 I art     : Explicit concurrent mark sweep GC freed 3(96B) AllocSpace objects, 0(0B) LOS objects, 28% free, 41MB/57MB, paused 1.621ms total 60.739ms
08-05 18:47:42.907 31004  5910 I art     : Starting a blocking GC Explicit
08-05 18:47:42.965 31004  5910 I art     : Explicit concurrent mark sweep GC freed 3(96B) AllocSpace objects, 0(0B) LOS objects, 28% free, 41MB/57MB, paused 1.569ms total 57.608ms
08-05 18:47:42.965 31004 31014 I art     : WaitForGcToComplete blocked for 26.416ms for cause HeapTrim
08-05 18:47:42.979 31004  5910 I art     : Starting a blocking GC Explicit
08-05 18:47:43.035 31004  5910 I art     : Explicit concurrent mark sweep GC freed 3(96B) AllocSpace objects, 0(0B) LOS objects, 28% free, 41MB/57MB, paused 1.518ms total 55.417ms
08-05 18:47:43.445 31004 31016 I art     : Starting a blocking GC Explicit
08-05 18:47:43.507 31004 31016 I art     : Explicit concurrent mark sweep GC freed 1447(83KB) AllocSpace objects, 1(20KB) LOS objects, 28% free, 41MB/57MB, paused 1.536ms total 62.270ms
08-05 18:47:43.525 31004 31016 I art     : Starting a blocking GC Explicit
08-05 18:47:43.581 31004 31016 I art     : Explicit concurrent mark sweep GC freed 22(784B) AllocSpace objects, 0(0B) LOS objects, 28% free, 41MB/57MB, paused 1.515ms total 55.963ms
08-05 18:47:43.595 31004 31016 I art     : Starting a blocking GC Explicit
08-05 18:47:43.653 31004 31016 I art     : Explicit concurrent mark sweep GC freed 3(96B) AllocSpace objects, 0(0B) LOS objects, 28% free, 41MB/57MB, paused 1.481ms total 57.692ms
08-05 18:47:43.667 31004 31016 I art     : Starting a blocking GC Explicit
08-05 18:47:43.726 31004 31016 I art     : Explicit concurrent mark sweep GC freed 3(96B) AllocSpace objects, 0(0B) LOS objects, 28% free, 41MB/57MB, paused 1.714ms total 58.647ms
08-05 18:47:43.742 31004 31016 I art     : Starting a blocking GC Explicit
08-05 18:47:43.799 31004 31016 I art     : Explicit concurrent mark sweep GC freed 3(96B) AllocSpace objects, 0(0B) LOS objects, 28% free, 41MB/57MB, paused 1.519ms total 56.756ms
08-05 18:47:43.825  5293  5293 I ServiceManager: Waiting for service AtCmdFwd...
08-05 18:47:44.186 31004 31015 I art     : Starting a blocking GC Explicit
08-05 18:47:44.249 31004 31015 I art     : Explicit concurrent mark sweep GC freed 1446(83KB) AllocSpace objects, 1(20KB) LOS objects, 28% free, 41MB/57MB, paused 1.633ms total 62.696ms
08-05 18:47:44.265 31004 31015 I art     : Starting a blocking GC Explicit
08-05 18:47:44.325 31004 31015 I art     : Explicit concurrent mark sweep GC freed 22(784B) AllocSpace objects, 0(0B) LOS objects, 28% free, 41MB/57MB, paused 1.551ms total 58.945ms
08-05 18:47:44.339 31004 31015 I art     : Starting a blocking GC Explicit
08-05 18:47:44.398 31004 31015 I art     : Explicit concurrent mark sweep GC freed 3(96B) AllocSpace objects, 0(0B) LOS objects, 28% free, 41MB/57MB, paused 1.625ms total 58.988ms
08-05 18:47:44.415 31004 31015 I art     : Starting a blocking GC Explicit
08-05 18:47:44.475 31004 31015 I art     : Explicit concurrent mark sweep GC freed 3(96B) AllocSpace objects, 0(0B) LOS objects, 28% free, 41MB/57MB, paused 1.567ms total 59.455ms
08-05 18:47:44.489 31004 31015 I art     : Starting a blocking GC Explicit
08-05 18:47:44.546 31004 31015 I art     : Explicit concurrent mark sweep GC freed 3(96B) AllocSpace objects, 0(0B) LOS objects, 28% free, 41MB/57MB, paused 1.577ms total 56.490ms
08-05 18:47:44.826  5293  5293 I ServiceManager: Waiting for service AtCmdFwd...
08-05 18:47:44.935 31004  7198 I art     : Starting a blocking GC Explicit
08-05 18:47:44.995 31004  7198 I art     : Explicit concurrent mark sweep GC freed 1445(83KB) AllocSpace objects, 1(20KB) LOS objects, 28% free, 41MB/57MB, paused 1.466ms total 60.514ms
08-05 18:47:45.013 31004  7198 I art     : Starting a blocking GC Explicit
08-05 18:47:45.071 31004  7198 I art     : Explicit concurrent mark sweep GC freed 22(784B) AllocSpace objects, 0(0B) LOS objects, 28% free, 41MB/57MB, paused 1.632ms total 57.668ms
08-05 18:47:45.085 31004  7198 I art     : Starting a blocking GC Explicit
08-05 18:47:45.141 31004  7198 I art     : Explicit concurrent mark sweep GC freed 3(96B) AllocSpace objects, 0(0B) LOS objects, 28% free, 41MB/57MB, paused 1.518ms total 56.209ms
08-05 18:47:45.155 31004  7198 I art     : Starting a blocking GC Explicit
08-05 18:47:45.214 31004  7198 I art     : Explicit concurrent mark sweep GC freed 3(96B) AllocSpace objects, 0(0B) LOS objects, 28% free, 41MB/57MB, paused 1.565ms total 58.493ms
08-05 18:47:45.231 31004  7198 I art     : Starting a blocking GC Explicit
08-05 18:47:45.288 31004  7198 I art     : Explicit concurrent mark sweep GC freed 3(96B) AllocSpace objects, 0(0B) LOS objects, 28% free, 41MB/57MB, paused 1.565ms total 57.175ms
08-05 18:47:45.680 31004  5669 I art     : Starting a blocking GC Explicit
08-05 18:47:45.737 31004  5669 I art     : Explicit concurrent mark sweep GC freed 1611(92KB) AllocSpace objects, 1(20KB) LOS objects, 28% free, 41MB/57MB, paused 1.757ms total 57.349ms
08-05 18:47:45.754 31004  5669 I art     : Starting a blocking GC Explicit
08-05 18:47:45.811 31004  5669 I art     : Explicit concurrent mark sweep GC freed 28(1040B) AllocSpace objects, 0(0B) LOS objects, 28% free, 41MB/57MB, paused 1.633ms total 56.892ms
08-05 18:47:45.826 31004  5669 I art     : Starting a blocking GC Explicit
08-05 18:47:45.826  5293  5293 I ServiceManager: Waiting for service AtCmdFwd...
08-05 18:47:45.883 31004  5669 I art     : Explicit concurrent mark sweep GC freed 3(96B) AllocSpace objects, 0(0B) LOS objects, 28% free, 41MB/57MB, paused 1.502ms total 57.638ms
08-05 18:47:45.898 31004  5669 I art     : Starting a blocking GC Explicit
08-05 18:47:45.956 31004  5669 I art     : Explicit concurrent mark sweep GC freed 3(96B) AllocSpace objects, 0(0B) LOS objects, 28% free, 41MB/57MB, paused 1.644ms total 58.314ms
08-05 18:47:45.971 31004  5669 I art     : Starting a blocking GC Explicit
08-05 18:47:46.029 31004  5669 I art     : Explicit concurrent mark sweep GC freed 3(96B) AllocSpace objects, 0(0B) LOS objects, 28% free, 41MB/57MB, paused 1.589ms total 58.179ms
08-05 18:47:46.120   518   646 I ThermalEngine: ACTION: GPU - Setting GPU[0] to 510000000
08-05 18:47:46.126 31004  6594 E baseline.com.newsblur.network.APIResponse: Error (unexpected end of stream on https://www.newsblur.com/...) calling https://www.newsblur.com/reader/mark_story_hashes_as_read/
08-05 18:47:46.126 31004  6594 E baseline.com.newsblur.network.APIResponse: java.io.IOException: unexpected end of stream on https://www.newsblur.com/...
08-05 18:47:46.126 31004  6594 E baseline.com.newsblur.network.APIResponse: 	at okhttp3.internal.http1.Http1ExchangeCodec.readResponseHeaders(Http1ExchangeCodec.java:236)
08-05 18:47:46.126 31004  6594 E baseline.com.newsblur.network.APIResponse: 	at okhttp3.internal.connection.Exchange.readResponseHeaders(Exchange.java:115)
08-05 18:47:46.126 31004  6594 E baseline.com.newsblur.network.APIResponse: 	at okhttp3.internal.http.CallServerInterceptor.intercept(CallServerInterceptor.java:94)
08-05 18:47:46.126 31004  6594 E baseline.com.newsblur.network.APIResponse: 	at okhttp3.internal.http.RealInterceptorChain.proceed(RealInterceptorChain.java:142)
08-05 18:47:46.126 31004  6594 E baseline.com.newsblur.network.APIResponse: 	at okhttp3.internal.connection.ConnectInterceptor.intercept(ConnectInterceptor.java:43)
08-05 18:47:46.126 31004  6594 E baseline.com.newsblur.network.APIResponse: 	at okhttp3.internal.http.RealInterceptorChain.proceed(RealInterceptorChain.java:142)
08-05 18:47:46.126 31004  6594 E baseline.com.newsblur.network.APIResponse: 	at okhttp3.internal.http.RealInterceptorChain.proceed(RealInterceptorChain.java:117)
08-05 18:47:46.126 31004  6594 E baseline.com.newsblur.network.APIResponse: 	at okhttp3.internal.cache.CacheInterceptor.intercept(CacheInterceptor.java:94)
08-05 18:47:46.126 31004  6594 E baseline.com.newsblur.network.APIResponse: 	at okhttp3.internal.http.RealInterceptorChain.proceed(RealInterceptorChain.java:142)
08-05 18:47:46.126 31004  6594 E baseline.com.newsblur.network.APIResponse: 	at okhttp3.internal.http.RealInterceptorChain.proceed(RealInterceptorChain.java:117)
08-05 18:47:46.126 31004  6594 E baseline.com.newsblur.network.APIResponse: 	at okhttp3.internal.http.BridgeInterceptor.intercept(BridgeInterceptor.java:93)
08-05 18:47:46.126 31004  6594 E baseline.com.newsblur.network.APIResponse: 	at okhttp3.internal.http.RealInterceptorChain.proceed(RealInterceptorChain.java:142)
08-05 18:47:46.126 31004  6594 E baseline.com.newsblur.network.APIResponse: 	at okhttp3.internal.http.RetryAndFollowUpInterceptor.intercept(RetryAndFollowUpInterceptor.java:88)
08-05 18:47:46.126 31004  6594 E baseline.com.newsblur.network.APIResponse: 	at okhttp3.internal.http.RealInterceptorChain.proceed(RealInterceptorChain.java:142)
08-05 18:47:46.126 31004  6594 E baseline.com.newsblur.network.APIResponse: 	at okhttp3.internal.http.RealInterceptorChain.proceed(RealInterceptorChain.java:117)
08-05 18:47:46.126 31004  6594 E baseline.com.newsblur.network.APIResponse: 	at okhttp3.RealCall.getResponseWithInterceptorChain(RealCall.java:229)
08-05 18:47:46.126 31004  6594 E baseline.com.newsblur.network.APIResponse: 	at okhttp3.RealCall.execute(RealCall.java:81)
08-05 18:47:46.126 31004  6594 E baseline.com.newsblur.network.APIResponse: 	at baseline.com.newsblur.network.APIResponse.<init>(APIResponse.java:57)
08-05 18:47:46.126 31004  6594 E baseline.com.newsblur.network.APIResponse: 	at baseline.com.newsblur.network.APIResponse.<init>(APIResponse.java:43)
08-05 18:47:46.126 31004  6594 E baseline.com.newsblur.network.APIResponse: 	at baseline.com.newsblur.network.APIManager.post_single(APIManager.java:702)
08-05 18:47:46.126 31004  6594 E baseline.com.newsblur.network.APIResponse: 	at baseline.com.newsblur.network.APIManager.post(APIManager.java:675)
08-05 18:47:46.126 31004  6594 E baseline.com.newsblur.network.APIResponse: 	at baseline.com.newsblur.network.APIManager.post(APIManager.java:714)
08-05 18:47:46.126 31004  6594 E baseline.com.newsblur.network.APIResponse: 	at baseline.com.newsblur.network.APIManager.markStoryAsRead(APIManager.java:205)
08-05 18:47:46.126 31004  6594 E baseline.com.newsblur.network.APIResponse: 	at baseline.com.newsblur.util.ReadingAction.doRemote(ReadingAction.java:281)
08-05 18:47:46.126 31004  6594 E baseline.com.newsblur.network.APIResponse: 	at baseline.com.newsblur.service.NBSyncService.syncActions(NBSyncService.java:400)
08-05 18:47:46.126 31004  6594 E baseline.com.newsblur.network.APIResponse: 	at baseline.com.newsblur.service.NBSyncService.doSync(NBSyncService.java:298)
08-05 18:47:46.126 31004  6594 E baseline.com.newsblur.network.APIResponse: 	at baseline.com.newsblur.service.NBSyncService.access$100(NBSyncService.java:67)
08-05 18:47:46.126 31004  6594 E baseline.com.newsblur.network.APIResponse: 	at baseline.com.newsblur.service.NBSyncService$1.run(NBSyncService.java:188)
08-05 18:47:46.126 31004  6594 E baseline.com.newsblur.network.APIResponse: 	at java.util.concurrent.ThreadPoolExecutor.runWorker(ThreadPoolExecutor.java:1113)
08-05 18:47:46.126 31004  6594 E baseline.com.newsblur.network.APIResponse: 	at java.util.concurrent.ThreadPoolExecutor$Worker.run(ThreadPoolExecutor.java:588)
08-05 18:47:46.126 31004  6594 E baseline.com.newsblur.network.APIResponse: 	at java.lang.Thread.run(Thread.java:818)
08-05 18:47:46.126 31004  6594 E baseline.com.newsblur.network.APIResponse: Caused by: java.io.EOFException: \n not found: limit=0 content=
08-05 18:47:46.126 31004  6594 E baseline.com.newsblur.network.APIResponse: 	at okio.RealBufferedSource.readUtf8LineStrict(RealBufferedSource.java:240)
08-05 18:47:46.126 31004  6594 E baseline.com.newsblur.network.APIResponse: 	at okhttp3.internal.http1.Http1ExchangeCodec.readHeaderLine(Http1ExchangeCodec.java:242)
08-05 18:47:46.126 31004  6594 E baseline.com.newsblur.network.APIResponse: 	at okhttp3.internal.http1.Http1ExchangeCodec.readResponseHeaders(Http1ExchangeCodec.java:213)
08-05 18:47:46.126 31004  6594 E baseline.com.newsblur.network.APIResponse: 	... 30 more
08-05 18:47:46.128 31004  6594 I baseline.com.newsblur.service.NBSyncService: Holding reading action with server-side or network error.
08-05 18:47:46.144 31004  6594 W baseline.com.newsblur.service.NBSyncService: hard API failure
08-05 18:47:46.359 31004  5910 I art     : Starting a blocking GC Explicit
08-05 18:47:46.406 31004  5910 I art     : Explicit concurrent mark sweep GC freed 4357(407KB) AllocSpace objects, 5(100KB) LOS objects, 28% free, 41MB/57MB, paused 1.198ms total 45.916ms
08-05 18:47:46.417 31004  5910 I art     : Starting a blocking GC Explicit
08-05 18:47:46.461 31004  5910 I art     : Explicit concurrent mark sweep GC freed 140(5KB) AllocSpace objects, 0(0B) LOS objects, 28% free, 41MB/57MB, paused 1.225ms total 44.398ms
08-05 18:47:46.472 31004  5910 I art     : Starting a blocking GC Explicit
08-05 18:47:46.517 31004  5910 I art     : Explicit concurrent mark sweep GC freed 3(96B) AllocSpace objects, 0(0B) LOS objects, 28% free, 41MB/57MB, paused 1.262ms total 44.684ms
08-05 18:47:46.529 31004  5910 I art     : Starting a blocking GC Explicit
08-05 18:47:46.573 31004  5910 I art     : Explicit concurrent mark sweep GC freed 1541(60KB) AllocSpace objects, 0(0B) LOS objects, 28% free, 41MB/57MB, paused 1.353ms total 43.662ms
08-05 18:47:46.584 31004  5910 I art     : Starting a blocking GC Explicit
08-05 18:47:46.620 31004  6594 E baseline.com.newsblur.network.APIResponse: Error (unexpected end of stream on https://www.newsblur.com/...) calling https://www.newsblur.com/reader/mark_story_hashes_as_read/
08-05 18:47:46.620 31004  6594 E baseline.com.newsblur.network.APIResponse: java.io.IOException: unexpected end of stream on https://www.newsblur.com/...
08-05 18:47:46.620 31004  6594 E baseline.com.newsblur.network.APIResponse: 	at okhttp3.internal.http1.Http1ExchangeCodec.readResponseHeaders(Http1ExchangeCodec.java:236)
08-05 18:47:46.620 31004  6594 E baseline.com.newsblur.network.APIResponse: 	at okhttp3.internal.connection.Exchange.readResponseHeaders(Exchange.java:115)
08-05 18:47:46.620 31004  6594 E baseline.com.newsblur.network.APIResponse: 	at okhttp3.internal.http.CallServerInterceptor.intercept(CallServerInterceptor.java:94)
08-05 18:47:46.620 31004  6594 E baseline.com.newsblur.network.APIResponse: 	at okhttp3.internal.http.RealInterceptorChain.proceed(RealInterceptorChain.java:142)
08-05 18:47:46.620 31004  6594 E baseline.com.newsblur.network.APIResponse: 	at okhttp3.internal.connection.ConnectInterceptor.intercept(ConnectInterceptor.java:43)
08-05 18:47:46.620 31004  6594 E baseline.com.newsblur.network.APIResponse: 	at okhttp3.internal.http.RealInterceptorChain.proceed(RealInterceptorChain.java:142)
08-05 18:47:46.620 31004  6594 E baseline.com.newsblur.network.APIResponse: 	at okhttp3.internal.http.RealInterceptorChain.proceed(RealInterceptorChain.java:117)
08-05 18:47:46.620 31004  6594 E baseline.com.newsblur.network.APIResponse: 	at okhttp3.internal.cache.CacheInterceptor.intercept(CacheInterceptor.java:94)
08-05 18:47:46.620 31004  6594 E baseline.com.newsblur.network.APIResponse: 	at okhttp3.internal.http.RealInterceptorChain.proceed(RealInterceptorChain.java:142)
08-05 18:47:46.620 31004  6594 E baseline.com.newsblur.network.APIResponse: 	at okhttp3.internal.http.RealInterceptorChain.proceed(RealInterceptorChain.java:117)
08-05 18:47:46.620 31004  6594 E baseline.com.newsblur.network.APIResponse: 	at okhttp3.internal.http.BridgeInterceptor.intercept(BridgeInterceptor.java:93)
08-05 18:47:46.620 31004  6594 E baseline.com.newsblur.network.APIResponse: 	at okhttp3.internal.http.RealInterceptorChain.proceed(RealInterceptorChain.java:142)
08-05 18:47:46.620 31004  6594 E baseline.com.newsblur.network.APIResponse: 	at okhttp3.internal.http.RetryAndFollowUpInterceptor.intercept(RetryAndFollowUpInterceptor.java:88)
08-05 18:47:46.620 31004  6594 E baseline.com.newsblur.network.APIResponse: 	at okhttp3.internal.http.RealInterceptorChain.proceed(RealInterceptorChain.java:142)
08-05 18:47:46.620 31004  6594 E baseline.com.newsblur.network.APIResponse: 	at okhttp3.internal.http.RealInterceptorChain.proceed(RealInterceptorChain.java:117)
08-05 18:47:46.620 31004  6594 E baseline.com.newsblur.network.APIResponse: 	at okhttp3.RealCall.getResponseWithInterceptorChain(RealCall.java:229)
08-05 18:47:46.620 31004  6594 E baseline.com.newsblur.network.APIResponse: 	at okhttp3.RealCall.execute(RealCall.java:81)
08-05 18:47:46.620 31004  6594 E baseline.com.newsblur.network.APIResponse: 	at baseline.com.newsblur.network.APIResponse.<init>(APIResponse.java:57)
08-05 18:47:46.620 31004  6594 E baseline.com.newsblur.network.APIResponse: 	at baseline.com.newsblur.network.APIResponse.<init>(APIResponse.java:43)
08-05 18:47:46.620 31004  6594 E baseline.com.newsblur.network.APIResponse: 	at baseline.com.newsblur.network.APIManager.post_single(APIManager.java:702)
08-05 18:47:46.620 31004  6594 E baseline.com.newsblur.network.APIResponse: 	at baseline.com.newsblur.network.APIManager.post(APIManager.java:675)
08-05 18:47:46.620 31004  6594 E baseline.com.newsblur.network.APIResponse: 	at baseline.com.newsblur.network.APIManager.post(APIManager.java:714)
08-05 18:47:46.620 31004  6594 E baseline.com.newsblur.network.APIResponse: 	at baseline.com.newsblur.network.APIManager.markStoryAsRead(APIManager.java:205)
08-05 18:47:46.620 31004  6594 E baseline.com.newsblur.network.APIResponse: 	at baseline.com.newsblur.util.ReadingAction.doRemote(ReadingAction.java:281)
08-05 18:47:46.620 31004  6594 E baseline.com.newsblur.network.APIResponse: 	at baseline.com.newsblur.service.NBSyncService.syncActions(NBSyncService.java:400)
08-05 18:47:46.620 31004  6594 E baseline.com.newsblur.network.APIResponse: 	at baseline.com.newsblur.service.NBSyncService.doSync(NBSyncService.java:298)
08-05 18:47:46.620 31004  6594 E baseline.com.newsblur.network.APIResponse: 	at baseline.com.newsblur.service.NBSyncService.access$100(NBSyncService.java:67)
08-05 18:47:46.620 31004  6594 E baseline.com.newsblur.network.APIResponse: 	at baseline.com.newsblur.service.NBSyncService$1.run(NBSyncService.java:188)
08-05 18:47:46.620 31004  6594 E baseline.com.newsblur.network.APIResponse: 	at java.util.concurrent.ThreadPoolExecutor.runWorker(ThreadPoolExecutor.java:1113)
08-05 18:47:46.620 31004  6594 E baseline.com.newsblur.network.APIResponse: 	at java.util.concurrent.ThreadPoolExecutor$Worker.run(ThreadPoolExecutor.java:588)
08-05 18:47:46.620 31004  6594 E baseline.com.newsblur.network.APIResponse: 	at java.lang.Thread.run(Thread.java:818)
08-05 18:47:46.620 31004  6594 E baseline.com.newsblur.network.APIResponse: Caused by: java.io.EOFException: \n not found: limit=0 content=
08-05 18:47:46.620 31004  6594 E baseline.com.newsblur.network.APIResponse: 	at okio.RealBufferedSource.readUtf8LineStrict(RealBufferedSource.java:240)
08-05 18:47:46.620 31004  6594 E baseline.com.newsblur.network.APIResponse: 	at okhttp3.internal.http1.Http1ExchangeCodec.readHeaderLine(Http1ExchangeCodec.java:242)
08-05 18:47:46.620 31004  6594 E baseline.com.newsblur.network.APIResponse: 	at okhttp3.internal.http1.Http1ExchangeCodec.readResponseHeaders(Http1ExchangeCodec.java:213)
08-05 18:47:46.620 31004  6594 E baseline.com.newsblur.network.APIResponse: 	... 30 more
08-05 18:47:46.621 31004  6594 I baseline.com.newsblur.network.APIManager: API call failed, pausing before retry number 1
08-05 18:47:46.629 31004  5910 I art     : Explicit concurrent mark sweep GC freed 931(199KB) AllocSpace objects, 2(40KB) LOS objects, 28% free, 41MB/57MB, paused 1.241ms total 44.703ms
08-05 18:47:46.827  5293  5293 I ServiceManager: Waiting for service AtCmdFwd...
08-05 18:47:46.965 31004 31016 I art     : Starting a blocking GC Explicit
08-05 18:47:47.011 31004 31016 I art     : Explicit concurrent mark sweep GC freed 1566(99KB) AllocSpace objects, 1(20KB) LOS objects, 28% free, 41MB/57MB, paused 1.175ms total 45.467ms
08-05 18:47:47.022 31004 31016 I art     : Starting a blocking GC Explicit
08-05 18:47:47.067 31004 31016 I art     : Explicit concurrent mark sweep GC freed 44(1520B) AllocSpace objects, 0(0B) LOS objects, 28% free, 41MB/57MB, paused 1.147ms total 44.396ms
08-05 18:47:47.078 31004 31016 I art     : Starting a blocking GC Explicit
08-05 18:47:47.122 31004 31016 I art     : Explicit concurrent mark sweep GC freed 3(96B) AllocSpace objects, 0(0B) LOS objects, 28% free, 41MB/57MB, paused 1.184ms total 43.703ms
08-05 18:47:47.133 31004 31016 I art     : Starting a blocking GC Explicit
08-05 18:47:47.179 31004 31016 I art     : Explicit concurrent mark sweep GC freed 3(96B) AllocSpace objects, 0(0B) LOS objects, 28% free, 41MB/57MB, paused 1.196ms total 45.482ms
08-05 18:47:47.190 31004 31016 I art     : Starting a blocking GC Explicit
08-05 18:47:47.235 31004 31016 I art     : Explicit concurrent mark sweep GC freed 3(96B) AllocSpace objects, 0(0B) LOS objects, 28% free, 41MB/57MB, paused 1.131ms total 44.389ms
08-05 18:47:47.625 31004 31015 I art     : Starting a blocking GC Explicit
08-05 18:47:47.671 31004 31015 I art     : Explicit concurrent mark sweep GC freed 1443(83KB) AllocSpace objects, 1(20KB) LOS objects, 28% free, 41MB/57MB, paused 1.185ms total 45.724ms
08-05 18:47:47.682 31004 31015 I art     : Starting a blocking GC Explicit
08-05 18:47:47.725 31004 31015 I art     : Explicit concurrent mark sweep GC freed 22(784B) AllocSpace objects, 0(0B) LOS objects, 28% free, 41MB/57MB, paused 1.125ms total 42.595ms
08-05 18:47:47.736 31004 31015 I art     : Starting a blocking GC Explicit
08-05 18:47:47.781 31004 31015 I art     : Explicit concurrent mark sweep GC freed 3(96B) AllocSpace objects, 0(0B) LOS objects, 28% free, 41MB/57MB, paused 1.172ms total 44.412ms
08-05 18:47:47.792 31004 31015 I art     : Starting a blocking GC Explicit
08-05 18:47:47.828  5293  5293 I ServiceManager: Waiting for service AtCmdFwd...
08-05 18:47:47.838 31004 31015 I art     : Explicit concurrent mark sweep GC freed 3(96B) AllocSpace objects, 0(0B) LOS objects, 28% free, 41MB/57MB, paused 1.271ms total 45.489ms
08-05 18:47:47.849 31004 31015 I art     : Starting a blocking GC Explicit
08-05 18:47:47.893 31004 31015 I art     : Explicit concurrent mark sweep GC freed 3(96B) AllocSpace objects, 0(0B) LOS objects, 28% free, 41MB/57MB, paused 1.142ms total 43.491ms
08-05 18:47:48.273 31004  7198 I art     : Starting a blocking GC Explicit
08-05 18:47:48.321 31004  7198 I art     : Explicit concurrent mark sweep GC freed 1608(91KB) AllocSpace objects, 1(20KB) LOS objects, 28% free, 41MB/57MB, paused 1.401ms total 47.213ms
08-05 18:47:48.336 31004  7198 I art     : Starting a blocking GC Explicit
08-05 18:47:48.377 31004  7198 I art     : Explicit concurrent mark sweep GC freed 28(1040B) AllocSpace objects, 0(0B) LOS objects, 28% free, 41MB/57MB, paused 1.144ms total 40.824ms
08-05 18:47:48.388 31004  7198 I art     : Starting a blocking GC Explicit
08-05 18:47:48.431 31004  7198 I art     : Explicit concurrent mark sweep GC freed 3(96B) AllocSpace objects, 0(0B) LOS objects, 28% free, 41MB/57MB, paused 1.197ms total 42.857ms
08-05 18:47:48.442 31004  7198 I art     : Starting a blocking GC Explicit
08-05 18:47:48.485 31004  7198 I art     : Explicit concurrent mark sweep GC freed 3(96B) AllocSpace objects, 0(0B) LOS objects, 28% free, 41MB/57MB, paused 1.084ms total 43.254ms
08-05 18:47:48.496 31004  7198 I art     : Starting a blocking GC Explicit
08-05 18:47:48.540 31004  7198 I art     : Explicit concurrent mark sweep GC freed 3(96B) AllocSpace objects, 0(0B) LOS objects, 28% free, 41MB/57MB, paused 1.184ms total 43.967ms
08-05 18:47:48.683 31004  6594 E baseline.com.newsblur.network.APIResponse: Error (unexpected end of stream on https://www.newsblur.com/...) calling https://www.newsblur.com/reader/mark_story_hashes_as_read/
08-05 18:47:48.683 31004  6594 E baseline.com.newsblur.network.APIResponse: java.io.IOException: unexpected end of stream on https://www.newsblur.com/...
08-05 18:47:48.683 31004  6594 E baseline.com.newsblur.network.APIResponse: 	at okhttp3.internal.http1.Http1ExchangeCodec.readResponseHeaders(Http1ExchangeCodec.java:236)
08-05 18:47:48.683 31004  6594 E baseline.com.newsblur.network.APIResponse: 	at okhttp3.internal.connection.Exchange.readResponseHeaders(Exchange.java:115)
08-05 18:47:48.683 31004  6594 E baseline.com.newsblur.network.APIResponse: 	at okhttp3.internal.http.CallServerInterceptor.intercept(CallServerInterceptor.java:94)
08-05 18:47:48.683 31004  6594 E baseline.com.newsblur.network.APIResponse: 	at okhttp3.internal.http.RealInterceptorChain.proceed(RealInterceptorChain.java:142)
08-05 18:47:48.683 31004  6594 E baseline.com.newsblur.network.APIResponse: 	at okhttp3.internal.connection.ConnectInterceptor.intercept(ConnectInterceptor.java:43)
08-05 18:47:48.683 31004  6594 E baseline.com.newsblur.network.APIResponse: 	at okhttp3.internal.http.RealInterceptorChain.proceed(RealInterceptorChain.java:142)
08-05 18:47:48.683 31004  6594 E baseline.com.newsblur.network.APIResponse: 	at okhttp3.internal.http.RealInterceptorChain.proceed(RealInterceptorChain.java:117)
08-05 18:47:48.683 31004  6594 E baseline.com.newsblur.network.APIResponse: 	at okhttp3.internal.cache.CacheInterceptor.intercept(CacheInterceptor.java:94)
08-05 18:47:48.683 31004  6594 E baseline.com.newsblur.network.APIResponse: 	at okhttp3.internal.http.RealInterceptorChain.proceed(RealInterceptorChain.java:142)
08-05 18:47:48.683 31004  6594 E baseline.com.newsblur.network.APIResponse: 	at okhttp3.internal.http.RealInterceptorChain.proceed(RealInterceptorChain.java:117)
08-05 18:47:48.683 31004  6594 E baseline.com.newsblur.network.APIResponse: 	at okhttp3.internal.http.BridgeInterceptor.intercept(BridgeInterceptor.java:93)
08-05 18:47:48.683 31004  6594 E baseline.com.newsblur.network.APIResponse: 	at okhttp3.internal.http.RealInterceptorChain.proceed(RealInterceptorChain.java:142)
08-05 18:47:48.683 31004  6594 E baseline.com.newsblur.network.APIResponse: 	at okhttp3.internal.http.RetryAndFollowUpInterceptor.intercept(RetryAndFollowUpInterceptor.java:88)
08-05 18:47:48.683 31004  6594 E baseline.com.newsblur.network.APIResponse: 	at okhttp3.internal.http.RealInterceptorChain.proceed(RealInterceptorChain.java:142)
08-05 18:47:48.683 31004  6594 E baseline.com.newsblur.network.APIResponse: 	at okhttp3.internal.http.RealInterceptorChain.proceed(RealInterceptorChain.java:117)
08-05 18:47:48.683 31004  6594 E baseline.com.newsblur.network.APIResponse: 	at okhttp3.RealCall.getResponseWithInterceptorChain(RealCall.java:229)
08-05 18:47:48.683 31004  6594 E baseline.com.newsblur.network.APIResponse: 	at okhttp3.RealCall.execute(RealCall.java:81)
08-05 18:47:48.683 31004  6594 E baseline.com.newsblur.network.APIResponse: 	at baseline.com.newsblur.network.APIResponse.<init>(APIResponse.java:57)
08-05 18:47:48.683 31004  6594 E baseline.com.newsblur.network.APIResponse: 	at baseline.com.newsblur.network.APIResponse.<init>(APIResponse.java:43)
08-05 18:47:48.683 31004  6594 E baseline.com.newsblur.network.APIResponse: 	at baseline.com.newsblur.network.APIManager.post_single(APIManager.java:702)
08-05 18:47:48.683 31004  6594 E baseline.com.newsblur.network.APIResponse: 	at baseline.com.newsblur.network.APIManager.post(APIManager.java:675)
08-05 18:47:48.683 31004  6594 E baseline.com.newsblur.network.APIResponse: 	at baseline.com.newsblur.network.APIManager.post(APIManager.java:714)
08-05 18:47:48.683 31004  6594 E baseline.com.newsblur.network.APIResponse: 	at baseline.com.newsblur.network.APIManager.markStoryAsRead(APIManager.java:205)
08-05 18:47:48.683 31004  6594 E baseline.com.newsblur.network.APIResponse: 	at baseline.com.newsblur.util.ReadingAction.doRemote(ReadingAction.java:281)
08-05 18:47:48.683 31004  6594 E baseline.com.newsblur.network.APIResponse: 	at baseline.com.newsblur.service.NBSyncService.syncActions(NBSyncService.java:400)
08-05 18:47:48.683 31004  6594 E baseline.com.newsblur.network.APIResponse: 	at baseline.com.newsblur.service.NBSyncService.doSync(NBSyncService.java:298)
08-05 18:47:48.683 31004  6594 E baseline.com.newsblur.network.APIResponse: 	at baseline.com.newsblur.service.NBSyncService.access$100(NBSyncService.java:67)
08-05 18:47:48.683 31004  6594 E baseline.com.newsblur.network.APIResponse: 	at baseline.com.newsblur.service.NBSyncService$1.run(NBSyncService.java:188)
08-05 18:47:48.683 31004  6594 E baseline.com.newsblur.network.APIResponse: 	at java.util.concurrent.ThreadPoolExecutor.runWorker(ThreadPoolExecutor.java:1113)
08-05 18:47:48.683 31004  6594 E baseline.com.newsblur.network.APIResponse: 	at java.util.concurrent.ThreadPoolExecutor$Worker.run(ThreadPoolExecutor.java:588)
08-05 18:47:48.683 31004  6594 E baseline.com.newsblur.network.APIResponse: 	at java.lang.Thread.run(Thread.java:818)
08-05 18:47:48.683 31004  6594 E baseline.com.newsblur.network.APIResponse: Caused by: java.io.EOFException: \n not found: limit=0 content=
08-05 18:47:48.683 31004  6594 E baseline.com.newsblur.network.APIResponse: 	at okio.RealBufferedSource.readUtf8LineStrict(RealBufferedSource.java:240)
08-05 18:47:48.683 31004  6594 E baseline.com.newsblur.network.APIResponse: 	at okhttp3.internal.http1.Http1ExchangeCodec.readHeaderLine(Http1ExchangeCodec.java:242)
08-05 18:47:48.683 31004  6594 E baseline.com.newsblur.network.APIResponse: 	at okhttp3.internal.http1.Http1ExchangeCodec.readResponseHeaders(Http1ExchangeCodec.java:213)
08-05 18:47:48.683 31004  6594 E baseline.com.newsblur.network.APIResponse: 	... 30 more
08-05 18:47:48.684 31004  6594 I baseline.com.newsblur.network.APIManager: API call failed, pausing before retry number 2
08-05 18:47:48.828  5293  5293 W Atfwd_Sendcmd: AtCmdFwd service not published, waiting... retryCnt : 3
08-05 18:47:48.904 31004  5669 I art     : Starting a blocking GC Explicit
08-05 18:47:48.948 31004  5669 I art     : Explicit concurrent mark sweep GC freed 5106(416KB) AllocSpace objects, 3(60KB) LOS objects, 28% free, 41MB/57MB, paused 1.116ms total 43.723ms
08-05 18:47:48.959 31004  5669 I art     : Starting a blocking GC Explicit
08-05 18:47:49.000 31004  5669 I art     : Explicit concurrent mark sweep GC freed 878(61KB) AllocSpace objects, 0(0B) LOS objects, 28% free, 41MB/57MB, paused 1.119ms total 41.656ms
08-05 18:47:49.011 31004  5669 I art     : Starting a blocking GC Explicit
08-05 18:47:49.055 31004  5669 I art     : Explicit concurrent mark sweep GC freed 3(96B) AllocSpace objects, 0(0B) LOS objects, 28% free, 41MB/57MB, paused 1.294ms total 43.132ms
08-05 18:47:49.065 31004  5669 I art     : Starting a blocking GC Explicit
08-05 18:47:49.109 31004  5669 I art     : Explicit concurrent mark sweep GC freed 3(96B) AllocSpace objects, 0(0B) LOS objects, 28% free, 41MB/57MB, paused 1.199ms total 43.631ms
08-05 18:47:49.120 31004  5669 I art     : Starting a blocking GC Explicit
08-05 18:47:49.164 31004  5669 I art     : Explicit concurrent mark sweep GC freed 167(8KB) AllocSpace objects, 0(0B) LOS objects, 28% free, 41MB/57MB, paused 1.195ms total 43.381ms
08-05 18:47:49.536 31004  5910 I art     : Starting a blocking GC Explicit
08-05 18:47:49.581 31004  5910 I art     : Explicit concurrent mark sweep GC freed 5828(288KB) AllocSpace objects, 1(20KB) LOS objects, 28% free, 41MB/57MB, paused 1.144ms total 45.251ms
08-05 18:47:49.592 31004  5910 I art     : Starting a blocking GC Explicit
08-05 18:47:49.635 31004  5910 I art     : Explicit concurrent mark sweep GC freed 209(7KB) AllocSpace objects, 0(0B) LOS objects, 28% free, 41MB/57MB, paused 1.128ms total 42.359ms
08-05 18:47:49.646 31004  5910 I art     : Starting a blocking GC Explicit
08-05 18:47:49.691 31004  5910 I art     : Explicit concurrent mark sweep GC freed 3(96B) AllocSpace objects, 0(0B) LOS objects, 28% free, 41MB/57MB, paused 1.189ms total 45.048ms
08-05 18:47:49.702 31004  5910 I art     : Starting a blocking GC Explicit
08-05 18:47:49.746 31004  5910 I art     : Explicit concurrent mark sweep GC freed 330(14KB) AllocSpace objects, 0(0B) LOS objects, 28% free, 41MB/57MB, paused 1.170ms total 43.835ms
08-05 18:47:49.758 31004  5910 I art     : Starting a blocking GC Explicit
08-05 18:47:49.802 31004  5910 I art     : Explicit concurrent mark sweep GC freed 1369(51KB) AllocSpace objects, 0(0B) LOS objects, 28% free, 41MB/57MB, paused 1.117ms total 44.189ms
08-05 18:47:49.859   918  3261 D WifiStateMachine: starting scan for "H369AA63323"WPA_PSK with 2412,5180
08-05 18:47:50.179 31004 31016 I art     : Starting a blocking GC Explicit
08-05 18:47:50.224 31004 31016 I art     : Explicit concurrent mark sweep GC freed 1767(110KB) AllocSpace objects, 1(20KB) LOS objects, 28% free, 41MB/57MB, paused 1.154ms total 44.775ms
08-05 18:47:50.236 31004 31016 I art     : Starting a blocking GC Explicit
08-05 18:47:50.279 31004 31016 I art     : Explicit concurrent mark sweep GC freed 59(2160B) AllocSpace objects, 0(0B) LOS objects, 28% free, 41MB/57MB, paused 1.156ms total 43.646ms
08-05 18:47:50.290 31004 31016 I art     : Starting a blocking GC Explicit
08-05 18:47:50.335 31004 31016 I art     : Explicit concurrent mark sweep GC freed 3(96B) AllocSpace objects, 0(0B) LOS objects, 28% free, 41MB/57MB, paused 1.089ms total 43.971ms
08-05 18:47:50.346 31004 31016 I art     : Starting a blocking GC Explicit
08-05 18:47:50.391 31004 31016 I art     : Explicit concurrent mark sweep GC freed 3(96B) AllocSpace objects, 0(0B) LOS objects, 28% free, 41MB/57MB, paused 1.156ms total 45.298ms
08-05 18:47:50.403 31004 31016 I art     : Starting a blocking GC Explicit
08-05 18:47:50.448 31004 31016 I art     : Explicit concurrent mark sweep GC freed 3(96B) AllocSpace objects, 0(0B) LOS objects, 28% free, 41MB/57MB, paused 1.153ms total 44.717ms
08-05 18:47:50.821 31004 31015 I art     : Starting a blocking GC Explicit
08-05 18:47:50.867 31004 31015 I art     : Explicit concurrent mark sweep GC freed 1444(83KB) AllocSpace objects, 1(20KB) LOS objects, 28% free, 41MB/57MB, paused 1.172ms total 46.377ms
08-05 18:47:50.878 31004 31015 I art     : Starting a blocking GC Explicit
08-05 18:47:50.920 31004 31015 I art     : Explicit concurrent mark sweep GC freed 22(784B) AllocSpace objects, 0(0B) LOS objects, 28% free, 41MB/57MB, paused 1.110ms total 41.829ms
08-05 18:47:50.931 31004 31015 I art     : Starting a blocking GC Explicit
08-05 18:47:50.973 31004 31015 I art     : Explicit concurrent mark sweep GC freed 3(96B) AllocSpace objects, 0(0B) LOS objects, 28% free, 41MB/57MB, paused 1.137ms total 41.630ms
08-05 18:47:50.983 31004 31015 I art     : Starting a blocking GC Explicit
08-05 18:47:51.026 31004 31015 I art     : Explicit concurrent mark sweep GC freed 3(96B) AllocSpace objects, 0(0B) LOS objects, 28% free, 41MB/57MB, paused 1.098ms total 42.644ms
08-05 18:47:51.037 31004 31015 I art     : Starting a blocking GC Explicit
08-05 18:47:51.080 31004 31015 I art     : Explicit concurrent mark sweep GC freed 3(96B) AllocSpace objects, 0(0B) LOS objects, 28% free, 41MB/57MB, paused 1.094ms total 42.771ms
08-05 18:47:51.441 31004  5669 I art     : Starting a blocking GC Explicit
08-05 18:47:51.487 31004  5669 I art     : Explicit concurrent mark sweep GC freed 1443(83KB) AllocSpace objects, 1(20KB) LOS objects, 28% free, 41MB/57MB, paused 1.120ms total 45.321ms
08-05 18:47:51.498 31004  5669 I art     : Starting a blocking GC Explicit
08-05 18:47:51.543 31004  5669 I art     : Explicit concurrent mark sweep GC freed 50(1840B) AllocSpace objects, 0(0B) LOS objects, 28% free, 41MB/57MB, paused 1.156ms total 44.678ms
08-05 18:47:51.554 31004  5669 I art     : Starting a blocking GC Explicit
08-05 18:47:51.599 31004  5669 I art     : Explicit concurrent mark sweep GC freed 3(96B) AllocSpace objects, 0(0B) LOS objects, 28% free, 41MB/57MB, paused 1.209ms total 44.663ms
08-05 18:47:51.611 31004  5669 I art     : Starting a blocking GC Explicit
08-05 18:47:51.654 31004  5669 I art     : Explicit concurrent mark sweep GC freed 3(96B) AllocSpace objects, 0(0B) LOS objects, 28% free, 41MB/57MB, paused 1.125ms total 43.625ms
08-05 18:47:51.665 31004  5669 I art     : Starting a blocking GC Explicit
08-05 18:47:51.710 31004  5669 I art     : Explicit concurrent mark sweep GC freed 94(3KB) AllocSpace objects, 0(0B) LOS objects, 28% free, 41MB/57MB, paused 1.278ms total 44.507ms
08-05 18:47:52.071 31004  5910 I art     : Starting a blocking GC Explicit
08-05 18:47:52.116 31004  5910 I art     : Explicit concurrent mark sweep GC freed 1523(88KB) AllocSpace objects, 1(20KB) LOS objects, 28% free, 41MB/57MB, paused 1.178ms total 44.682ms
08-05 18:47:52.127 31004  5910 I art     : Starting a blocking GC Explicit
08-05 18:47:52.172 31004  5910 I art     : Explicit concurrent mark sweep GC freed 22(784B) AllocSpace objects, 0(0B) LOS objects, 28% free, 41MB/57MB, paused 1.265ms total 44.563ms
08-05 18:47:52.183 31004  5910 I art     : Starting a blocking GC Explicit
08-05 18:47:52.244 31004  5910 I art     : Explicit concurrent mark sweep GC freed 1657(64KB) AllocSpace objects, 0(0B) LOS objects, 28% free, 41MB/57MB, paused 1.281ms total 60.579ms
08-05 18:47:52.256 31004  5910 I art     : Starting a blocking GC Explicit
08-05 18:47:52.282 31004  6594 E baseline.com.newsblur.network.APIResponse: Error (unexpected end of stream on https://www.newsblur.com/...) calling https://www.newsblur.com/reader/mark_story_hashes_as_read/
08-05 18:47:52.282 31004  6594 E baseline.com.newsblur.network.APIResponse: java.io.IOException: unexpected end of stream on https://www.newsblur.com/...
08-05 18:47:52.282 31004  6594 E baseline.com.newsblur.network.APIResponse: 	at okhttp3.internal.http1.Http1ExchangeCodec.readResponseHeaders(Http1ExchangeCodec.java:236)
08-05 18:47:52.282 31004  6594 E baseline.com.newsblur.network.APIResponse: 	at okhttp3.internal.connection.Exchange.readResponseHeaders(Exchange.java:115)
08-05 18:47:52.282 31004  6594 E baseline.com.newsblur.network.APIResponse: 	at okhttp3.internal.http.CallServerInterceptor.intercept(CallServerInterceptor.java:94)
08-05 18:47:52.282 31004  6594 E baseline.com.newsblur.network.APIResponse: 	at okhttp3.internal.http.RealInterceptorChain.proceed(RealInterceptorChain.java:142)
08-05 18:47:52.282 31004  6594 E baseline.com.newsblur.network.APIResponse: 	at okhttp3.internal.connection.ConnectInterceptor.intercept(ConnectInterceptor.java:43)
08-05 18:47:52.282 31004  6594 E baseline.com.newsblur.network.APIResponse: 	at okhttp3.internal.http.RealInterceptorChain.proceed(RealInterceptorChain.java:142)
08-05 18:47:52.282 31004  6594 E baseline.com.newsblur.network.APIResponse: 	at okhttp3.internal.http.RealInterceptorChain.proceed(RealInterceptorChain.java:117)
08-05 18:47:52.282 31004  6594 E baseline.com.newsblur.network.APIResponse: 	at okhttp3.internal.cache.CacheInterceptor.intercept(CacheInterceptor.java:94)
08-05 18:47:52.282 31004  6594 E baseline.com.newsblur.network.APIResponse: 	at okhttp3.internal.http.RealInterceptorChain.proceed(RealInterceptorChain.java:142)
08-05 18:47:52.282 31004  6594 E baseline.com.newsblur.network.APIResponse: 	at okhttp3.internal.http.RealInterceptorChain.proceed(RealInterceptorChain.java:117)
08-05 18:47:52.282 31004  6594 E baseline.com.newsblur.network.APIResponse: 	at okhttp3.internal.http.BridgeInterceptor.intercept(BridgeInterceptor.java:93)
08-05 18:47:52.282 31004  6594 E baseline.com.newsblur.network.APIResponse: 	at okhttp3.internal.http.RealInterceptorChain.proceed(RealInterceptorChain.java:142)
08-05 18:47:52.282 31004  6594 E baseline.com.newsblur.network.APIResponse: 	at okhttp3.internal.http.RetryAndFollowUpInterceptor.intercept(RetryAndFollowUpInterceptor.java:88)
08-05 18:47:52.282 31004  6594 E baseline.com.newsblur.network.APIResponse: 	at okhttp3.internal.http.RealInterceptorChain.proceed(RealInterceptorChain.java:142)
08-05 18:47:52.282 31004  6594 E baseline.com.newsblur.network.APIResponse: 	at okhttp3.internal.http.RealInterceptorChain.proceed(RealInterceptorChain.java:117)
08-05 18:47:52.282 31004  6594 E baseline.com.newsblur.network.APIResponse: 	at okhttp3.RealCall.getResponseWithInterceptorChain(RealCall.java:229)
08-05 18:47:52.282 31004  6594 E baseline.com.newsblur.network.APIResponse: 	at okhttp3.RealCall.execute(RealCall.java:81)
08-05 18:47:52.282 31004  6594 E baseline.com.newsblur.network.APIResponse: 	at baseline.com.newsblur.network.APIResponse.<init>(APIResponse.java:57)
08-05 18:47:52.282 31004  6594 E baseline.com.newsblur.network.APIResponse: 	at baseline.com.newsblur.network.APIResponse.<init>(APIResponse.java:43)
08-05 18:47:52.282 31004  6594 E baseline.com.newsblur.network.APIResponse: 	at baseline.com.newsblur.network.APIManager.post_single(APIManager.java:702)
08-05 18:47:52.282 31004  6594 E baseline.com.newsblur.network.APIResponse: 	at baseline.com.newsblur.network.APIManager.post(APIManager.java:675)
08-05 18:47:52.282 31004  6594 E baseline.com.newsblur.network.APIResponse: 	at baseline.com.newsblur.network.APIManager.post(APIManager.java:714)
08-05 18:47:52.282 31004  6594 E baseline.com.newsblur.network.APIResponse: 	at baseline.com.newsblur.network.APIManager.markStoryAsRead(APIManager.java:205)
08-05 18:47:52.282 31004  6594 E baseline.com.newsblur.network.APIResponse: 	at baseline.com.newsblur.util.ReadingAction.doRemote(ReadingAction.java:281)
08-05 18:47:52.282 31004  6594 E baseline.com.newsblur.network.APIResponse: 	at baseline.com.newsblur.service.NBSyncService.syncActions(NBSyncService.java:400)
08-05 18:47:52.282 31004  6594 E baseline.com.newsblur.network.APIResponse: 	at baseline.com.newsblur.service.NBSyncService.doSync(NBSyncService.java:298)
08-05 18:47:52.282 31004  6594 E baseline.com.newsblur.network.APIResponse: 	at baseline.com.newsblur.service.NBSyncService.access$100(NBSyncService.java:67)
08-05 18:47:52.282 31004  6594 E baseline.com.newsblur.network.APIResponse: 	at baseline.com.newsblur.service.NBSyncService$1.run(NBSyncService.java:188)
08-05 18:47:52.282 31004  6594 E baseline.com.newsblur.network.APIResponse: 	at java.util.concurrent.ThreadPoolExecutor.runWorker(ThreadPoolExecutor.java:1113)
08-05 18:47:52.282 31004  6594 E baseline.com.newsblur.network.APIResponse: 	at java.util.concurrent.ThreadPoolExecutor$Worker.run(ThreadPoolExecutor.java:588)
08-05 18:47:52.282 31004  6594 E baseline.com.newsblur.network.APIResponse: 	at java.lang.Thread.run(Thread.java:818)
08-05 18:47:52.282 31004  6594 E baseline.com.newsblur.network.APIResponse: Caused by: java.io.EOFException: \n not found: limit=0 content=
08-05 18:47:52.282 31004  6594 E baseline.com.newsblur.network.APIResponse: 	at okio.RealBufferedSource.readUtf8LineStrict(RealBufferedSource.java:240)
08-05 18:47:52.282 31004  6594 E baseline.com.newsblur.network.APIResponse: 	at okhttp3.internal.http1.Http1ExchangeCodec.readHeaderLine(Http1ExchangeCodec.java:242)
08-05 18:47:52.282 31004  6594 E baseline.com.newsblur.network.APIResponse: 	at okhttp3.internal.http1.Http1ExchangeCodec.readResponseHeaders(Http1ExchangeCodec.java:213)
08-05 18:47:52.282 31004  6594 E baseline.com.newsblur.network.APIResponse: 	... 30 more
08-05 18:47:52.284 31004  6594 I baseline.com.newsblur.service.NBSyncService: Holding reading action with server-side or network error.
08-05 18:47:52.293 31004  6594 W baseline.com.newsblur.service.NBSyncService: hard API failure
08-05 18:47:52.300 31004  5910 I art     : Explicit concurrent mark sweep GC freed 1110(238KB) AllocSpace objects, 4(80KB) LOS objects, 28% free, 41MB/57MB, paused 1.287ms total 44.523ms
08-05 18:47:52.311 31004  5910 I art     : Starting a blocking GC Explicit
08-05 18:47:52.355 31004  5910 I art     : Explicit concurrent mark sweep GC freed 243(23KB) AllocSpace objects, 0(0B) LOS objects, 28% free, 41MB/57MB, paused 1.168ms total 43.133ms
08-05 18:47:52.702 31004  7198 I art     : Starting a blocking GC Explicit
08-05 18:47:52.746 31004  7198 I art     : Explicit concurrent mark sweep GC freed 3125(148KB) AllocSpace objects, 1(20KB) LOS objects, 28% free, 41MB/57MB, paused 1.178ms total 43.418ms
08-05 18:47:52.756 31004  7198 I art     : Starting a blocking GC Explicit
08-05 18:47:52.776 31004  6594 E baseline.com.newsblur.network.APIResponse: Error (unexpected end of stream on https://www.newsblur.com/...) calling https://www.newsblur.com/reader/mark_story_hashes_as_read/
08-05 18:47:52.776 31004  6594 E baseline.com.newsblur.network.APIResponse: java.io.IOException: unexpected end of stream on https://www.newsblur.com/...
08-05 18:47:52.776 31004  6594 E baseline.com.newsblur.network.APIResponse: 	at okhttp3.internal.http1.Http1ExchangeCodec.readResponseHeaders(Http1ExchangeCodec.java:236)
08-05 18:47:52.776 31004  6594 E baseline.com.newsblur.network.APIResponse: 	at okhttp3.internal.connection.Exchange.readResponseHeaders(Exchange.java:115)
08-05 18:47:52.776 31004  6594 E baseline.com.newsblur.network.APIResponse: 	at okhttp3.internal.http.CallServerInterceptor.intercept(CallServerInterceptor.java:94)
08-05 18:47:52.776 31004  6594 E baseline.com.newsblur.network.APIResponse: 	at okhttp3.internal.http.RealInterceptorChain.proceed(RealInterceptorChain.java:142)
08-05 18:47:52.776 31004  6594 E baseline.com.newsblur.network.APIResponse: 	at okhttp3.internal.connection.ConnectInterceptor.intercept(ConnectInterceptor.java:43)
08-05 18:47:52.776 31004  6594 E baseline.com.newsblur.network.APIResponse: 	at okhttp3.internal.http.RealInterceptorChain.proceed(RealInterceptorChain.java:142)
08-05 18:47:52.776 31004  6594 E baseline.com.newsblur.network.APIResponse: 	at okhttp3.internal.http.RealInterceptorChain.proceed(RealInterceptorChain.java:117)
08-05 18:47:52.776 31004  6594 E baseline.com.newsblur.network.APIResponse: 	at okhttp3.internal.cache.CacheInterceptor.intercept(CacheInterceptor.java:94)
08-05 18:47:52.776 31004  6594 E baseline.com.newsblur.network.APIResponse: 	at okhttp3.internal.http.RealInterceptorChain.proceed(RealInterceptorChain.java:142)
08-05 18:47:52.776 31004  6594 E baseline.com.newsblur.network.APIResponse: 	at okhttp3.internal.http.RealInterceptorChain.proceed(RealInterceptorChain.java:117)
08-05 18:47:52.776 31004  6594 E baseline.com.newsblur.network.APIResponse: 	at okhttp3.internal.http.BridgeInterceptor.intercept(BridgeInterceptor.java:93)
08-05 18:47:52.776 31004  6594 E baseline.com.newsblur.network.APIResponse: 	at okhttp3.internal.http.RealInterceptorChain.proceed(RealInterceptorChain.java:142)
08-05 18:47:52.776 31004  6594 E baseline.com.newsblur.network.APIResponse: 	at okhttp3.internal.http.RetryAndFollowUpInterceptor.intercept(RetryAndFollowUpInterceptor.java:88)
08-05 18:47:52.776 31004  6594 E baseline.com.newsblur.network.APIResponse: 	at okhttp3.internal.http.RealInterceptorChain.proceed(RealInterceptorChain.java:142)
08-05 18:47:52.776 31004  6594 E baseline.com.newsblur.network.APIResponse: 	at okhttp3.internal.http.RealInterceptorChain.proceed(RealInterceptorChain.java:117)
08-05 18:47:52.776 31004  6594 E baseline.com.newsblur.network.APIResponse: 	at okhttp3.RealCall.getResponseWithInterceptorChain(RealCall.java:229)
08-05 18:47:52.776 31004  6594 E baseline.com.newsblur.network.APIResponse: 	at okhttp3.RealCall.execute(RealCall.java:81)
08-05 18:47:52.776 31004  6594 E baseline.com.newsblur.network.APIResponse: 	at baseline.com.newsblur.network.APIResponse.<init>(APIResponse.java:57)
08-05 18:47:52.776 31004  6594 E baseline.com.newsblur.network.APIResponse: 	at baseline.com.newsblur.network.APIResponse.<init>(APIResponse.java:43)
08-05 18:47:52.776 31004  6594 E baseline.com.newsblur.network.APIResponse: 	at baseline.com.newsblur.network.APIManager.post_single(APIManager.java:702)
08-05 18:47:52.776 31004  6594 E baseline.com.newsblur.network.APIResponse: 	at baseline.com.newsblur.network.APIManager.post(APIManager.java:675)
08-05 18:47:52.776 31004  6594 E baseline.com.newsblur.network.APIResponse: 	at baseline.com.newsblur.network.APIManager.post(APIManager.java:714)
08-05 18:47:52.776 31004  6594 E baseline.com.newsblur.network.APIResponse: 	at baseline.com.newsblur.network.APIManager.markStoryAsRead(APIManager.java:205)
08-05 18:47:52.776 31004  6594 E baseline.com.newsblur.network.APIResponse: 	at baseline.com.newsblur.util.ReadingAction.doRemote(ReadingAction.java:281)
08-05 18:47:52.776 31004  6594 E baseline.com.newsblur.network.APIResponse: 	at baseline.com.newsblur.service.NBSyncService.syncActions(NBSyncService.java:400)
08-05 18:47:52.776 31004  6594 E baseline.com.newsblur.network.APIResponse: 	at baseline.com.newsblur.service.NBSyncService.doSync(NBSyncService.java:298)
08-05 18:47:52.776 31004  6594 E baseline.com.newsblur.network.APIResponse: 	at baseline.com.newsblur.service.NBSyncService.access$100(NBSyncService.java:67)
08-05 18:47:52.776 31004  6594 E baseline.com.newsblur.network.APIResponse: 	at baseline.com.newsblur.service.NBSyncService$1.run(NBSyncService.java:188)
08-05 18:47:52.776 31004  6594 E baseline.com.newsblur.network.APIResponse: 	at java.util.concurrent.ThreadPoolExecutor.runWorker(ThreadPoolExecutor.java:1113)
08-05 18:47:52.776 31004  6594 E baseline.com.newsblur.network.APIResponse: 	at java.util.concurrent.ThreadPoolExecutor$Worker.run(ThreadPoolExecutor.java:588)
08-05 18:47:52.776 31004  6594 E baseline.com.newsblur.network.APIResponse: 	at java.lang.Thread.run(Thread.java:818)
08-05 18:47:52.776 31004  6594 E baseline.com.newsblur.network.APIResponse: Caused by: java.io.EOFException: \n not found: limit=0 content=
08-05 18:47:52.776 31004  6594 E baseline.com.newsblur.network.APIResponse: 	at okio.RealBufferedSource.readUtf8LineStrict(RealBufferedSource.java:240)
08-05 18:47:52.776 31004  6594 E baseline.com.newsblur.network.APIResponse: 	at okhttp3.internal.http1.Http1ExchangeCodec.readHeaderLine(Http1ExchangeCodec.java:242)
08-05 18:47:52.776 31004  6594 E baseline.com.newsblur.network.APIResponse: 	at okhttp3.internal.http1.Http1ExchangeCodec.readResponseHeaders(Http1ExchangeCodec.java:213)
08-05 18:47:52.776 31004  6594 E baseline.com.newsblur.network.APIResponse: 	... 30 more
08-05 18:47:52.777 31004  6594 I baseline.com.newsblur.network.APIManager: API call failed, pausing before retry number 1
08-05 18:47:52.798 31004  7198 I art     : Explicit concurrent mark sweep GC freed 846(197KB) AllocSpace objects, 2(40KB) LOS objects, 28% free, 41MB/57MB, paused 1.188ms total 41.680ms
08-05 18:47:52.809 31004  7198 I art     : Starting a blocking GC Explicit
08-05 18:47:52.851 31004  7198 I art     : Explicit concurrent mark sweep GC freed 112(16KB) AllocSpace objects, 0(0B) LOS objects, 28% free, 40MB/56MB, paused 1.029ms total 42.033ms
08-05 18:47:52.862 31004  7198 I art     : Starting a blocking GC Explicit
08-05 18:47:52.905 31004  7198 I art     : Explicit concurrent mark sweep GC freed 25(832B) AllocSpace objects, 0(0B) LOS objects, 28% free, 40MB/56MB, paused 1.129ms total 43.007ms
08-05 18:47:52.916 31004  7198 I art     : Starting a blocking GC Explicit
08-05 18:47:52.959 31004  7198 I art     : Explicit concurrent mark sweep GC freed 3(96B) AllocSpace objects, 0(0B) LOS objects, 28% free, 40MB/56MB, paused 1.140ms total 43.033ms
08-05 18:47:53.296 31004 31016 I art     : Starting a blocking GC Explicit
08-05 18:47:53.341 31004 31016 I art     : Explicit concurrent mark sweep GC freed 1443(83KB) AllocSpace objects, 1(20KB) LOS objects, 28% free, 40MB/56MB, paused 1.128ms total 44.222ms
08-05 18:47:53.342 31004 31014 I art     : WaitForGcToComplete blocked for 20.431ms for cause HeapTrim
08-05 18:47:53.352 31004 31016 I art     : Starting a blocking GC Explicit
08-05 18:47:53.396 31004 31016 I art     : Explicit concurrent mark sweep GC freed 22(784B) AllocSpace objects, 0(0B) LOS objects, 28% free, 40MB/56MB, paused 1.165ms total 43.354ms
08-05 18:47:53.407 31004 31016 I art     : Starting a blocking GC Explicit
08-05 18:47:53.449 31004 31016 I art     : Explicit concurrent mark sweep GC freed 3(96B) AllocSpace objects, 0(0B) LOS objects, 28% free, 40MB/56MB, paused 1.150ms total 42.372ms
08-05 18:47:53.460 31004 31016 I art     : Starting a blocking GC Explicit
08-05 18:47:53.501 31004 31016 I art     : Explicit concurrent mark sweep GC freed 3(96B) AllocSpace objects, 0(0B) LOS objects, 28% free, 40MB/56MB, paused 1.146ms total 40.707ms
08-05 18:47:53.512 31004 31016 I art     : Starting a blocking GC Explicit
08-05 18:47:53.551  7563  7563 D AndroidRuntime: >>>>>> START com.android.internal.os.RuntimeInit uid 2000 <<<<<<
08-05 18:47:53.554 31004 31016 I art     : Explicit concurrent mark sweep GC freed 3(96B) AllocSpace objects, 0(0B) LOS objects, 28% free, 40MB/56MB, paused 1.206ms total 42.168ms
08-05 18:47:53.556  7563  7563 D AndroidRuntime: CheckJNI is OFF
08-05 18:47:53.590  7563  7563 D ICU     : No timezone override file found: /data/misc/zoneinfo/current/icu/icu_tzdata.dat
08-05 18:47:53.622  7563  7563 I Radio-JNI: register_android_hardware_Radio DONE
08-05 18:47:53.643  7563  7563 D AndroidRuntime: Calling main entry com.android.commands.input.Input
08-05 18:47:53.645  7563  7563 I Input   : injectKeyEvent: KeyEvent { action=ACTION_DOWN, keyCode=KEYCODE_BACK, scanCode=0, metaState=0, flags=0x0, repeatCount=0, eventTime=816490058, downTime=816490058, deviceId=-1, source=0x101 }
08-05 18:47:53.651  7563  7563 I Input   : injectKeyEvent: KeyEvent { action=ACTION_UP, keyCode=KEYCODE_BACK, scanCode=0, metaState=0, flags=0x0, repeatCount=0, eventTime=816490058, downTime=816490058, deviceId=-1, source=0x101 }
08-05 18:47:53.658  7563  7563 D AndroidRuntime: Shutting down VM
08-05 18:47:53.670 31004 31004 D baseline.com.newsblur.service.NBSyncService: rejecting request for feedset that is exhaused
08-05 18:47:53.802 31004 31004 D baseline.com.newsblur.service.NBSyncService: rejecting request for feedset that is exhaused
08-05 18:47:53.803 13866 13866 I GoogleInputMethodServic: GoogleInputMethodService.onFinishInput():3138 
08-05 18:47:53.804 13866 13866 I GoogleInputMethodServic: GoogleInputMethodService.onStartInput():1808 
08-05 18:47:53.858 31004 31016 I art     : Starting a blocking GC Explicit
08-05 18:47:53.902 31004 31016 I art     : Explicit concurrent mark sweep GC freed 3238(259KB) AllocSpace objects, 5(100KB) LOS objects, 28% free, 41MB/57MB, paused 1.014ms total 44.014ms
08-05 18:47:53.913 31004 31016 I art     : Starting a blocking GC Explicit
08-05 18:47:53.953 31004 31016 I art     : Explicit concurrent mark sweep GC freed 173(8KB) AllocSpace objects, 1(28KB) LOS objects, 28% free, 40MB/56MB, paused 1.073ms total 40.209ms
08-05 18:47:53.965 31004 31016 I art     : Starting a blocking GC Explicit
08-05 18:47:54.013 31004 31016 I art     : Explicit concurrent mark sweep GC freed 3(96B) AllocSpace objects, 0(0B) LOS objects, 28% free, 40MB/56MB, paused 1.742ms total 48.149ms
08-05 18:47:54.027 31004 31016 I art     : Starting a blocking GC Explicit
08-05 18:47:54.080 31004 31016 I art     : Explicit concurrent mark sweep GC freed 3(96B) AllocSpace objects, 0(0B) LOS objects, 28% free, 40MB/56MB, paused 1.543ms total 52.483ms
08-05 18:47:54.093 31004 31016 I art     : Starting a blocking GC Explicit
08-05 18:47:54.145 31004 31016 I art     : Explicit concurrent mark sweep GC freed 749(33KB) AllocSpace objects, 0(0B) LOS objects, 28% free, 40MB/56MB, paused 1.330ms total 50.734ms
08-05 18:47:54.516 31004 31016 I art     : Starting a blocking GC Explicit
08-05 18:47:54.569 31004 31016 I art     : Explicit concurrent mark sweep GC freed 2140(118KB) AllocSpace objects, 1(20KB) LOS objects, 28% free, 40MB/56MB, paused 1.575ms total 53.035ms
08-05 18:47:54.581 31004 31016 I art     : Starting a blocking GC Explicit
08-05 18:47:54.627 31004 31016 I art     : Explicit concurrent mark sweep GC freed 164(7KB) AllocSpace objects, 0(0B) LOS objects, 28% free, 40MB/56MB, paused 1.184ms total 45.304ms
08-05 18:47:54.639 31004 31016 I art     : Starting a blocking GC Explicit
08-05 18:47:54.688 31004 31016 I art     : Explicit concurrent mark sweep GC freed 10(320B) AllocSpace objects, 0(0B) LOS objects, 28% free, 40MB/56MB, paused 1.277ms total 47.893ms
08-05 18:47:54.700 31004 31016 I art     : Starting a blocking GC Explicit
08-05 18:47:54.746 31004 31016 I art     : Explicit concurrent mark sweep GC freed 11(352B) AllocSpace objects, 0(0B) LOS objects, 28% free, 40MB/56MB, paused 1.137ms total 46.374ms
08-05 18:47:54.759 31004 31016 I art     : Starting a blocking GC Explicit
08-05 18:47:54.800 31004 31016 I art     : Explicit concurrent mark sweep GC freed 1608(63KB) AllocSpace objects, 0(0B) LOS objects, 28% free, 40MB/56MB, paused 1.088ms total 40.096ms
08-05 18:47:54.817 31004  6594 E baseline.com.newsblur.network.APIResponse: Error (unexpected end of stream on https://www.newsblur.com/...) calling https://www.newsblur.com/reader/mark_story_hashes_as_read/
08-05 18:47:54.817 31004  6594 E baseline.com.newsblur.network.APIResponse: java.io.IOException: unexpected end of stream on https://www.newsblur.com/...
08-05 18:47:54.817 31004  6594 E baseline.com.newsblur.network.APIResponse: 	at okhttp3.internal.http1.Http1ExchangeCodec.readResponseHeaders(Http1ExchangeCodec.java:236)
08-05 18:47:54.817 31004  6594 E baseline.com.newsblur.network.APIResponse: 	at okhttp3.internal.connection.Exchange.readResponseHeaders(Exchange.java:115)
08-05 18:47:54.817 31004  6594 E baseline.com.newsblur.network.APIResponse: 	at okhttp3.internal.http.CallServerInterceptor.intercept(CallServerInterceptor.java:94)
08-05 18:47:54.817 31004  6594 E baseline.com.newsblur.network.APIResponse: 	at okhttp3.internal.http.RealInterceptorChain.proceed(RealInterceptorChain.java:142)
08-05 18:47:54.817 31004  6594 E baseline.com.newsblur.network.APIResponse: 	at okhttp3.internal.connection.ConnectInterceptor.intercept(ConnectInterceptor.java:43)
08-05 18:47:54.817 31004  6594 E baseline.com.newsblur.network.APIResponse: 	at okhttp3.internal.http.RealInterceptorChain.proceed(RealInterceptorChain.java:142)
08-05 18:47:54.817 31004  6594 E baseline.com.newsblur.network.APIResponse: 	at okhttp3.internal.http.RealInterceptorChain.proceed(RealInterceptorChain.java:117)
08-05 18:47:54.817 31004  6594 E baseline.com.newsblur.network.APIResponse: 	at okhttp3.internal.cache.CacheInterceptor.intercept(CacheInterceptor.java:94)
08-05 18:47:54.817 31004  6594 E baseline.com.newsblur.network.APIResponse: 	at okhttp3.internal.http.RealInterceptorChain.proceed(RealInterceptorChain.java:142)
08-05 18:47:54.817 31004  6594 E baseline.com.newsblur.network.APIResponse: 	at okhttp3.internal.http.RealInterceptorChain.proceed(RealInterceptorChain.java:117)
08-05 18:47:54.817 31004  6594 E baseline.com.newsblur.network.APIResponse: 	at okhttp3.internal.http.BridgeInterceptor.intercept(BridgeInterceptor.java:93)
08-05 18:47:54.817 31004  6594 E baseline.com.newsblur.network.APIResponse: 	at okhttp3.internal.http.RealInterceptorChain.proceed(RealInterceptorChain.java:142)
08-05 18:47:54.817 31004  6594 E baseline.com.newsblur.network.APIResponse: 	at okhttp3.internal.http.RetryAndFollowUpInterceptor.intercept(RetryAndFollowUpInterceptor.java:88)
08-05 18:47:54.817 31004  6594 E baseline.com.newsblur.network.APIResponse: 	at okhttp3.internal.http.RealInterceptorChain.proceed(RealInterceptorChain.java:142)
08-05 18:47:54.817 31004  6594 E baseline.com.newsblur.network.APIResponse: 	at okhttp3.internal.http.RealInterceptorChain.proceed(RealInterceptorChain.java:117)
08-05 18:47:54.817 31004  6594 E baseline.com.newsblur.network.APIResponse: 	at okhttp3.RealCall.getResponseWithInterceptorChain(RealCall.java:229)
08-05 18:47:54.817 31004  6594 E baseline.com.newsblur.network.APIResponse: 	at okhttp3.RealCall.execute(RealCall.java:81)
08-05 18:47:54.817 31004  6594 E baseline.com.newsblur.network.APIResponse: 	at baseline.com.newsblur.network.APIResponse.<init>(APIResponse.java:57)
08-05 18:47:54.817 31004  6594 E baseline.com.newsblur.network.APIResponse: 	at baseline.com.newsblur.network.APIResponse.<init>(APIResponse.java:43)
08-05 18:47:54.817 31004  6594 E baseline.com.newsblur.network.APIResponse: 	at baseline.com.newsblur.network.APIManager.post_single(APIManager.java:702)
08-05 18:47:54.817 31004  6594 E baseline.com.newsblur.network.APIResponse: 	at baseline.com.newsblur.network.APIManager.post(APIManager.java:675)
08-05 18:47:54.817 31004  6594 E baseline.com.newsblur.network.APIResponse: 	at baseline.com.newsblur.network.APIManager.post(APIManager.java:714)
08-05 18:47:54.817 31004  6594 E baseline.com.newsblur.network.APIResponse: 	at baseline.com.newsblur.network.APIManager.markStoryAsRead(APIManager.java:205)
08-05 18:47:54.817 31004  6594 E baseline.com.newsblur.network.APIResponse: 	at baseline.com.newsblur.util.ReadingAction.doRemote(ReadingAction.java:281)
08-05 18:47:54.817 31004  6594 E baseline.com.newsblur.network.APIResponse: 	at baseline.com.newsblur.service.NBSyncService.syncActions(NBSyncService.java:400)
08-05 18:47:54.817 31004  6594 E baseline.com.newsblur.network.APIResponse: 	at baseline.com.newsblur.service.NBSyncService.doSync(NBSyncService.java:298)
08-05 18:47:54.817 31004  6594 E baseline.com.newsblur.network.APIResponse: 	at baseline.com.newsblur.service.NBSyncService.access$100(NBSyncService.java:67)
08-05 18:47:54.817 31004  6594 E baseline.com.newsblur.network.APIResponse: 	at baseline.com.newsblur.service.NBSyncService$1.run(NBSyncService.java:188)
08-05 18:47:54.817 31004  6594 E baseline.com.newsblur.network.APIResponse: 	at java.util.concurrent.ThreadPoolExecutor.runWorker(ThreadPoolExecutor.java:1113)
08-05 18:47:54.817 31004  6594 E baseline.com.newsblur.network.APIResponse: 	at java.util.concurrent.ThreadPoolExecutor$Worker.run(ThreadPoolExecutor.java:588)
08-05 18:47:54.817 31004  6594 E baseline.com.newsblur.network.APIResponse: 	at java.lang.Thread.run(Thread.java:818)
08-05 18:47:54.817 31004  6594 E baseline.com.newsblur.network.APIResponse: Caused by: java.io.EOFException: \n not found: limit=0 content=
08-05 18:47:54.817 31004  6594 E baseline.com.newsblur.network.APIResponse: 	at okio.RealBufferedSource.readUtf8LineStrict(RealBufferedSource.java:240)
08-05 18:47:54.817 31004  6594 E baseline.com.newsblur.network.APIResponse: 	at okhttp3.internal.http1.Http1ExchangeCodec.readHeaderLine(Http1ExchangeCodec.java:242)
08-05 18:47:54.817 31004  6594 E baseline.com.newsblur.network.APIResponse: 	at okhttp3.internal.http1.Http1ExchangeCodec.readResponseHeaders(Http1ExchangeCodec.java:213)
08-05 18:47:54.817 31004  6594 E baseline.com.newsblur.network.APIResponse: 	... 30 more
08-05 18:47:54.818 31004  6594 I baseline.com.newsblur.network.APIManager: API call failed, pausing before retry number 2
08-05 18:47:55.143 31004  5669 I art     : Starting a blocking GC Explicit
08-05 18:47:55.197 31004  5669 I art     : Explicit concurrent mark sweep GC freed 2451(297KB) AllocSpace objects, 3(60KB) LOS objects, 28% free, 40MB/56MB, paused 1.273ms total 54.015ms
08-05 18:47:55.210 31004  5669 I art     : Starting a blocking GC Explicit
08-05 18:47:55.252 31004  5669 I art     : Explicit concurrent mark sweep GC freed 76(2848B) AllocSpace objects, 0(0B) LOS objects, 28% free, 40MB/56MB, paused 1.160ms total 41.974ms
08-05 18:47:55.263 31004  5669 I art     : Starting a blocking GC Explicit
08-05 18:47:55.301 31004  5669 I art     : Explicit concurrent mark sweep GC freed 4(128B) AllocSpace objects, 0(0B) LOS objects, 28% free, 40MB/56MB, paused 1.045ms total 38.149ms
08-05 18:47:55.311 31004  5669 I art     : Starting a blocking GC Explicit
08-05 18:47:55.336  7605  7605 D AndroidRuntime: >>>>>> START com.android.internal.os.RuntimeInit uid 2000 <<<<<<
08-05 18:47:55.341  7605  7605 D AndroidRuntime: CheckJNI is OFF
08-05 18:47:55.354 31004  5669 I art     : Explicit concurrent mark sweep GC freed 3(96B) AllocSpace objects, 0(0B) LOS objects, 28% free, 40MB/56MB, paused 1.216ms total 42.625ms
08-05 18:47:55.365 31004  5669 I art     : Starting a blocking GC Explicit
08-05 18:47:55.378  7605  7605 D ICU     : No timezone override file found: /data/misc/zoneinfo/current/icu/icu_tzdata.dat
08-05 18:47:55.407 31004  5669 I art     : Explicit concurrent mark sweep GC freed 3(96B) AllocSpace objects, 0(0B) LOS objects, 28% free, 40MB/56MB, paused 1.176ms total 41.462ms
08-05 18:47:55.413  7605  7605 I Radio-JNI: register_android_hardware_Radio DONE
08-05 18:47:55.436  7605  7605 D AndroidRuntime: Calling main entry com.android.commands.input.Input
08-05 18:47:55.438  7605  7605 I Input   : injectMotionEvent: MotionEvent { action=ACTION_DOWN, actionButton=0, id[0]=0, x[0]=435.0, y[0]=858.0, toolType[0]=TOOL_TYPE_UNKNOWN, buttonState=0, metaState=0, flags=0x0, edgeFlags=0x0, pointerCount=1, historySize=0, eventTime=816491851, downTime=816491851, deviceId=0, source=0x1002 }
08-05 18:47:55.443  7605  7605 I Input   : injectMotionEvent: MotionEvent { action=ACTION_UP, actionButton=0, id[0]=0, x[0]=435.0, y[0]=858.0, toolType[0]=TOOL_TYPE_UNKNOWN, buttonState=0, metaState=0, flags=0x0, edgeFlags=0x0, pointerCount=1, historySize=0, eventTime=816491851, downTime=816491851, deviceId=0, source=0x1002 }
08-05 18:47:55.446  7605  7605 D AndroidRuntime: Shutting down VM
08-05 18:47:55.460   512  2967 D audio_hw_primary: out_set_parameters: enter: usecase(1: low-latency-playback) kvpairs: routing=2
08-05 18:47:55.464   918  3714 I ActivityManager: START u0 {cmp=baseline.com.newsblur/.activity.AllSharedStoriesReading (has extras)} from uid 10676 on display 0
08-05 18:47:55.473   512  2967 D audio_hw_primary: select_devices: out_snd_device(2: speaker) in_snd_device(0: none)
08-05 18:47:55.473   512  2967 D msm8974_platform: platform_send_audio_calibration: sending audio calibration for snd_device(2) acdb_id(15)
08-05 18:47:55.474   512  2967 I soundtrigger: audio_extn_sound_trigger_update_device_status: device 0x2 of type 0 for Event 1
08-05 18:47:55.486   512  2967 D audio_hw_primary: enable_snd_device: snd_device(2: speaker)
08-05 18:47:55.488   512  2967 D audio_hw_primary: enable_audio_route: apply and update mixer path: low-latency-playback speaker
08-05 18:47:55.673 13866 13866 I GoogleInputMethodServic: GoogleInputMethodService.onFinishInput():3138 
08-05 18:47:55.674 13866 13866 I GoogleInputMethodServic: GoogleInputMethodService.onStartInput():1808 
08-05 18:47:55.674   918   936 I ActivityManager: Displayed baseline.com.newsblur/.activity.AllSharedStoriesReading: +199ms
08-05 18:47:55.716 31004  5910 I art     : Starting a blocking GC Explicit
08-05 18:47:55.765 31004  5910 I art     : Explicit concurrent mark sweep GC freed 5688(442KB) AllocSpace objects, 10(628KB) LOS objects, 27% free, 41MB/57MB, paused 1.618ms total 47.870ms
08-05 18:47:55.776 31004  5910 I art     : Starting a blocking GC Explicit
08-05 18:47:55.820 31004  5910 I art     : Explicit concurrent mark sweep GC freed 1804(138KB) AllocSpace objects, 7(168KB) LOS objects, 27% free, 41MB/57MB, paused 1.204ms total 44.404ms
08-05 18:47:55.831 31004  5910 I art     : Starting a blocking GC Explicit
08-05 18:47:55.874 31004  5910 I art     : Explicit concurrent mark sweep GC freed 534(36KB) AllocSpace objects, 3(76KB) LOS objects, 27% free, 41MB/57MB, paused 1.145ms total 42.894ms
08-05 18:47:55.888 31004  5910 I art     : Starting a blocking GC Explicit
08-05 18:47:55.902 31004  6243 E chromium: [ERROR:tile_manager.cc(793)] WARNING: tile memory limits exceeded, some content may not draw
08-05 18:47:55.903 31004  6243 E chromium: [ERROR:tile_manager.cc(793)] WARNING: tile memory limits exceeded, some content may not draw
08-05 18:47:55.930 31004  5910 I art     : Explicit concurrent mark sweep GC freed 135(38KB) AllocSpace objects, 0(0B) LOS objects, 27% free, 41MB/57MB, paused 1.124ms total 41.518ms
08-05 18:47:55.940 31004  5910 I art     : Starting a blocking GC Explicit
08-05 18:47:55.979 31004  5910 I art     : Explicit concurrent mark sweep GC freed 45(2112B) AllocSpace objects, 0(0B) LOS objects, 27% free, 41MB/57MB, paused 1.027ms total 38.669ms
08-05 18:47:56.030   512  2967 D audio_hw_primary: disable_audio_route: reset and update mixer path: low-latency-playback speaker
08-05 18:47:56.030   512  2967 D audio_hw_primary: disable_snd_device: snd_device(2: speaker)
08-05 18:47:56.038   512  2967 I soundtrigger: audio_extn_sound_trigger_update_device_status: device 0x2 of type 0 for Event 0
08-05 18:47:56.137   518   646 I ThermalEngine: ACTION: GPU - Setting GPU[0] to 450000000
08-05 18:47:56.352 31004  5910 I art     : Starting a blocking GC Explicit
08-05 18:47:56.411 31004  5910 I art     : Explicit concurrent mark sweep GC freed 1574(100KB) AllocSpace objects, 2(40KB) LOS objects, 27% free, 41MB/57MB, paused 1.480ms total 57.974ms
08-05 18:47:56.425 31004  5910 I art     : Starting a blocking GC Explicit
08-05 18:47:56.484 31004  5910 I art     : Explicit concurrent mark sweep GC freed 29(1072B) AllocSpace objects, 0(0B) LOS objects, 27% free, 41MB/57MB, paused 2.006ms total 58.655ms
08-05 18:47:56.499 31004  5910 I art     : Starting a blocking GC Explicit
08-05 18:47:56.556 31004  5910 I art     : Explicit concurrent mark sweep GC freed 3(96B) AllocSpace objects, 0(0B) LOS objects, 27% free, 41MB/57MB, paused 1.451ms total 56.523ms
08-05 18:47:56.571 31004  5910 I art     : Starting a blocking GC Explicit
08-05 18:47:56.630 31004  5910 I art     : Explicit concurrent mark sweep GC freed 3(96B) AllocSpace objects, 0(0B) LOS objects, 27% free, 41MB/57MB, paused 1.553ms total 58.710ms
08-05 18:47:56.644 31004  5910 I art     : Starting a blocking GC Explicit
08-05 18:47:56.703 31004  5910 I art     : Explicit concurrent mark sweep GC freed 3(96B) AllocSpace objects, 0(0B) LOS objects, 27% free, 41MB/57MB, paused 1.827ms total 58.307ms
08-05 18:47:56.964 31004  6243 E chromium: [ERROR:tile_manager.cc(793)] WARNING: tile memory limits exceeded, some content may not draw
08-05 18:47:56.965 31004  6243 E chromium: [ERROR:tile_manager.cc(793)] WARNING: tile memory limits exceeded, some content may not draw
08-05 18:47:56.981 31004  6243 E chromium: [ERROR:tile_manager.cc(793)] WARNING: tile memory limits exceeded, some content may not draw
08-05 18:47:56.981 31004  6243 E chromium: [ERROR:tile_manager.cc(793)] WARNING: tile memory limits exceeded, some content may not draw
08-05 18:47:56.998 31004  6243 E chromium: [ERROR:tile_manager.cc(793)] WARNING: tile memory limits exceeded, some content may not draw
08-05 18:47:56.998 31004  6243 E chromium: [ERROR:tile_manager.cc(793)] WARNING: tile memory limits exceeded, some content may not draw
08-05 18:47:57.091 31004 31015 I art     : Starting a blocking GC Explicit
08-05 18:47:57.153 31004 31015 I art     : Explicit concurrent mark sweep GC freed 1544(86KB) AllocSpace objects, 1(20KB) LOS objects, 27% free, 41MB/57MB, paused 1.381ms total 61.071ms
08-05 18:47:57.168 31004 31015 I art     : Starting a blocking GC Explicit
08-05 18:47:57.224 31004 31015 I art     : Explicit concurrent mark sweep GC freed 40(1360B) AllocSpace objects, 0(0B) LOS objects, 27% free, 41MB/57MB, paused 1.525ms total 55.500ms
08-05 18:47:57.239 31004 31015 I art     : Starting a blocking GC Explicit
08-05 18:47:57.298 31004 31015 I art     : Explicit concurrent mark sweep GC freed 4(128B) AllocSpace objects, 0(0B) LOS objects, 27% free, 41MB/57MB, paused 1.527ms total 59.016ms
08-05 18:47:57.313 31004 31015 I art     : Starting a blocking GC Explicit
08-05 18:47:57.376 31004 31015 I art     : Explicit concurrent mark sweep GC freed 3(96B) AllocSpace objects, 0(0B) LOS objects, 27% free, 41MB/57MB, paused 1.563ms total 63.427ms
08-05 18:47:57.392 31004 31015 I art     : Starting a blocking GC Explicit
08-05 18:47:57.453 31004 31015 I art     : Explicit concurrent mark sweep GC freed 3(96B) AllocSpace objects, 0(0B) LOS objects, 27% free, 41MB/57MB, paused 1.620ms total 61.333ms
08-05 18:47:57.865 31004  5910 I art     : Starting a blocking GC Explicit
08-05 18:47:57.930 31004  5910 I art     : Explicit concurrent mark sweep GC freed 1536(86KB) AllocSpace objects, 1(20KB) LOS objects, 27% free, 41MB/57MB, paused 1.648ms total 63.961ms
08-05 18:47:57.945 31004  5910 I art     : Starting a blocking GC Explicit
08-05 18:47:58.008 31004  5910 I art     : Explicit concurrent mark sweep GC freed 96(5KB) AllocSpace objects, 0(0B) LOS objects, 27% free, 41MB/57MB, paused 1.728ms total 62.832ms
08-05 18:47:58.023 31004  5910 I art     : Starting a blocking GC Explicit
08-05 18:47:58.084 31004  5910 I art     : Explicit concurrent mark sweep GC freed 9(400B) AllocSpace objects, 0(0B) LOS objects, 27% free, 41MB/57MB, paused 1.664ms total 60.723ms
08-05 18:47:58.099 31004  5910 I art     : Starting a blocking GC Explicit
08-05 18:47:58.166 31004  5910 I art     : Explicit concurrent mark sweep GC freed 3(96B) AllocSpace objects, 0(0B) LOS objects, 27% free, 41MB/57MB, paused 1.653ms total 65.934ms
08-05 18:47:58.184 31004  5910 I art     : Starting a blocking GC Explicit
08-05 18:47:58.246 31004  5910 I art     : Explicit concurrent mark sweep GC freed 3(96B) AllocSpace objects, 0(0B) LOS objects, 27% free, 41MB/57MB, paused 1.546ms total 61.868ms
08-05 18:47:58.406 31004  6594 E baseline.com.newsblur.network.APIResponse: Error (unexpected end of stream on https://www.newsblur.com/...) calling https://www.newsblur.com/reader/mark_story_hashes_as_read/
08-05 18:47:58.406 31004  6594 E baseline.com.newsblur.network.APIResponse: java.io.IOException: unexpected end of stream on https://www.newsblur.com/...
08-05 18:47:58.406 31004  6594 E baseline.com.newsblur.network.APIResponse: 	at okhttp3.internal.http1.Http1ExchangeCodec.readResponseHeaders(Http1ExchangeCodec.java:236)
08-05 18:47:58.406 31004  6594 E baseline.com.newsblur.network.APIResponse: 	at okhttp3.internal.connection.Exchange.readResponseHeaders(Exchange.java:115)
08-05 18:47:58.406 31004  6594 E baseline.com.newsblur.network.APIResponse: 	at okhttp3.internal.http.CallServerInterceptor.intercept(CallServerInterceptor.java:94)
08-05 18:47:58.406 31004  6594 E baseline.com.newsblur.network.APIResponse: 	at okhttp3.internal.http.RealInterceptorChain.proceed(RealInterceptorChain.java:142)
08-05 18:47:58.406 31004  6594 E baseline.com.newsblur.network.APIResponse: 	at okhttp3.internal.connection.ConnectInterceptor.intercept(ConnectInterceptor.java:43)
08-05 18:47:58.406 31004  6594 E baseline.com.newsblur.network.APIResponse: 	at okhttp3.internal.http.RealInterceptorChain.proceed(RealInterceptorChain.java:142)
08-05 18:47:58.406 31004  6594 E baseline.com.newsblur.network.APIResponse: 	at okhttp3.internal.http.RealInterceptorChain.proceed(RealInterceptorChain.java:117)
08-05 18:47:58.406 31004  6594 E baseline.com.newsblur.network.APIResponse: 	at okhttp3.internal.cache.CacheInterceptor.intercept(CacheInterceptor.java:94)
08-05 18:47:58.406 31004  6594 E baseline.com.newsblur.network.APIResponse: 	at okhttp3.internal.http.RealInterceptorChain.proceed(RealInterceptorChain.java:142)
08-05 18:47:58.406 31004  6594 E baseline.com.newsblur.network.APIResponse: 	at okhttp3.internal.http.RealInterceptorChain.proceed(RealInterceptorChain.java:117)
08-05 18:47:58.406 31004  6594 E baseline.com.newsblur.network.APIResponse: 	at okhttp3.internal.http.BridgeInterceptor.intercept(BridgeInterceptor.java:93)
08-05 18:47:58.406 31004  6594 E baseline.com.newsblur.network.APIResponse: 	at okhttp3.internal.http.RealInterceptorChain.proceed(RealInterceptorChain.java:142)
08-05 18:47:58.406 31004  6594 E baseline.com.newsblur.network.APIResponse: 	at okhttp3.internal.http.RetryAndFollowUpInterceptor.intercept(RetryAndFollowUpInterceptor.java:88)
08-05 18:47:58.406 31004  6594 E baseline.com.newsblur.network.APIResponse: 	at okhttp3.internal.http.RealInterceptorChain.proceed(RealInterceptorChain.java:142)
08-05 18:47:58.406 31004  6594 E baseline.com.newsblur.network.APIResponse: 	at okhttp3.internal.http.RealInterceptorChain.proceed(RealInterceptorChain.java:117)
08-05 18:47:58.406 31004  6594 E baseline.com.newsblur.network.APIResponse: 	at okhttp3.RealCall.getResponseWithInterceptorChain(RealCall.java:229)
08-05 18:47:58.406 31004  6594 E baseline.com.newsblur.network.APIResponse: 	at okhttp3.RealCall.execute(RealCall.java:81)
08-05 18:47:58.406 31004  6594 E baseline.com.newsblur.network.APIResponse: 	at baseline.com.newsblur.network.APIResponse.<init>(APIResponse.java:57)
08-05 18:47:58.406 31004  6594 E baseline.com.newsblur.network.APIResponse: 	at baseline.com.newsblur.network.APIResponse.<init>(APIResponse.java:43)
08-05 18:47:58.406 31004  6594 E baseline.com.newsblur.network.APIResponse: 	at baseline.com.newsblur.network.APIManager.post_single(APIManager.java:702)
08-05 18:47:58.406 31004  6594 E baseline.com.newsblur.network.APIResponse: 	at baseline.com.newsblur.network.APIManager.post(APIManager.java:675)
08-05 18:47:58.406 31004  6594 E baseline.com.newsblur.network.APIResponse: 	at baseline.com.newsblur.network.APIManager.post(APIManager.java:714)
08-05 18:47:58.406 31004  6594 E baseline.com.newsblur.network.APIResponse: 	at baseline.com.newsblur.network.APIManager.markStoryAsRead(APIManager.java:205)
08-05 18:47:58.406 31004  6594 E baseline.com.newsblur.network.APIResponse: 	at baseline.com.newsblur.util.ReadingAction.doRemote(ReadingAction.java:281)
08-05 18:47:58.406 31004  6594 E baseline.com.newsblur.network.APIResponse: 	at baseline.com.newsblur.service.NBSyncService.syncActions(NBSyncService.java:400)
08-05 18:47:58.406 31004  6594 E baseline.com.newsblur.network.APIResponse: 	at baseline.com.newsblur.service.NBSyncService.doSync(NBSyncService.java:298)
08-05 18:47:58.406 31004  6594 E baseline.com.newsblur.network.APIResponse: 	at baseline.com.newsblur.service.NBSyncService.access$100(NBSyncService.java:67)
08-05 18:47:58.406 31004  6594 E baseline.com.newsblur.network.APIResponse: 	at baseline.com.newsblur.service.NBSyncService$1.run(NBSyncService.java:188)
08-05 18:47:58.406 31004  6594 E baseline.com.newsblur.network.APIResponse: 	at java.util.concurrent.ThreadPoolExecutor.runWorker(ThreadPoolExecutor.java:1113)
08-05 18:47:58.406 31004  6594 E baseline.com.newsblur.network.APIResponse: 	at java.util.concurrent.ThreadPoolExecutor$Worker.run(ThreadPoolExecutor.java:588)
08-05 18:47:58.406 31004  6594 E baseline.com.newsblur.network.APIResponse: 	at java.lang.Thread.run(Thread.java:818)
08-05 18:47:58.406 31004  6594 E baseline.com.newsblur.network.APIResponse: Caused by: java.io.EOFException: \n not found: limit=0 content=
08-05 18:47:58.406 31004  6594 E baseline.com.newsblur.network.APIResponse: 	at okio.RealBufferedSource.readUtf8LineStrict(RealBufferedSource.java:240)
08-05 18:47:58.406 31004  6594 E baseline.com.newsblur.network.APIResponse: 	at okhttp3.internal.http1.Http1ExchangeCodec.readHeaderLine(Http1ExchangeCodec.java:242)
08-05 18:47:58.406 31004  6594 E baseline.com.newsblur.network.APIResponse: 	at okhttp3.internal.http1.Http1ExchangeCodec.readResponseHeaders(Http1ExchangeCodec.java:213)
08-05 18:47:58.406 31004  6594 E baseline.com.newsblur.network.APIResponse: 	... 30 more
08-05 18:47:58.408 31004  6594 I baseline.com.newsblur.service.NBSyncService: Holding reading action with server-side or network error.
08-05 18:47:58.417 31004  6594 W baseline.com.newsblur.service.NBSyncService: hard API failure
08-05 18:47:58.619 31004 31016 I art     : Starting a blocking GC Explicit
08-05 18:47:58.686 31004 31016 I art     : Explicit concurrent mark sweep GC freed 4961(574KB) AllocSpace objects, 17(340KB) LOS objects, 27% free, 41MB/57MB, paused 1.565ms total 66.436ms
08-05 18:47:58.701 31004 31016 I art     : Starting a blocking GC Explicit
08-05 18:47:58.764 31004 31016 I art     : Explicit concurrent mark sweep GC freed 754(27KB) AllocSpace objects, 0(0B) LOS objects, 27% free, 41MB/57MB, paused 1.381ms total 62.821ms
08-05 18:47:58.781 31004 31016 I art     : Starting a blocking GC Explicit
08-05 18:47:58.837 31004 31016 I art     : Explicit concurrent mark sweep GC freed 3(96B) AllocSpace objects, 0(0B) LOS objects, 27% free, 41MB/57MB, paused 1.368ms total 55.106ms
08-05 18:47:58.851 31004 31016 I art     : Starting a blocking GC Explicit
08-05 18:47:58.907 31004 31016 I art     : Explicit concurrent mark sweep GC freed 3(96B) AllocSpace objects, 0(0B) LOS objects, 27% free, 41MB/57MB, paused 1.394ms total 55.488ms
08-05 18:47:58.921 31004 31016 I art     : Starting a blocking GC Explicit
08-05 18:47:58.977 31004 31016 I art     : Explicit concurrent mark sweep GC freed 3(96B) AllocSpace objects, 0(0B) LOS objects, 27% free, 41MB/57MB, paused 1.403ms total 55.548ms
08-05 18:47:59.366 31004  5669 I art     : Starting a blocking GC Explicit
08-05 18:47:59.431 31004  5669 I art     : Explicit concurrent mark sweep GC freed 1408(81KB) AllocSpace objects, 1(20KB) LOS objects, 27% free, 41MB/57MB, paused 1.432ms total 64.749ms
08-05 18:47:59.449 31004  5669 I art     : Starting a blocking GC Explicit
08-05 18:47:59.511 31004  5669 I art     : Explicit concurrent mark sweep GC freed 20(704B) AllocSpace objects, 0(0B) LOS objects, 27% free, 41MB/57MB, paused 1.506ms total 61.864ms
08-05 18:47:59.526 31004  5669 I art     : Starting a blocking GC Explicit
08-05 18:47:59.587 31004  5669 I art     : Explicit concurrent mark sweep GC freed 3(96B) AllocSpace objects, 0(0B) LOS objects, 27% free, 41MB/57MB, paused 1.492ms total 60.933ms
08-05 18:47:59.602 31004  5669 I art     : Starting a blocking GC Explicit
08-05 18:47:59.664 31004  5669 I art     : Explicit concurrent mark sweep GC freed 3(96B) AllocSpace objects, 0(0B) LOS objects, 27% free, 41MB/57MB, paused 1.385ms total 61.996ms
08-05 18:47:59.682 31004  5669 I art     : Starting a blocking GC Explicit
08-05 18:47:59.738 31004  5669 I art     : Explicit concurrent mark sweep GC freed 3(96B) AllocSpace objects, 0(0B) LOS objects, 27% free, 41MB/57MB, paused 1.434ms total 56.377ms
08-05 18:48:00.095 31004 31015 I art     : Starting a blocking GC Explicit
08-05 18:48:00.156 31004 31015 I art     : Explicit concurrent mark sweep GC freed 1406(81KB) AllocSpace objects, 1(20KB) LOS objects, 27% free, 41MB/57MB, paused 1.492ms total 60.129ms
08-05 18:48:00.170 31004 31015 I art     : Starting a blocking GC Explicit
08-05 18:48:00.229  7694  7694 D AndroidRuntime: >>>>>> START com.android.internal.os.RuntimeInit uid 2000 <<<<<<
08-05 18:48:00.232 31004 31015 I art     : Explicit concurrent mark sweep GC freed 20(704B) AllocSpace objects, 0(0B) LOS objects, 27% free, 41MB/57MB, paused 1.534ms total 61.126ms
08-05 18:48:00.235  7694  7694 D AndroidRuntime: CheckJNI is OFF
08-05 18:48:00.246 31004 31015 I art     : Starting a blocking GC Explicit
08-05 18:48:00.280  7694  7694 D ICU     : No timezone override file found: /data/misc/zoneinfo/current/icu/icu_tzdata.dat
08-05 18:48:00.304 31004 31015 I art     : Explicit concurrent mark sweep GC freed 3(96B) AllocSpace objects, 0(0B) LOS objects, 27% free, 41MB/57MB, paused 1.520ms total 57.601ms
08-05 18:48:00.319 31004 31015 I art     : Starting a blocking GC Explicit
08-05 18:48:00.325  7694  7694 I Radio-JNI: register_android_hardware_Radio DONE
08-05 18:48:00.355  7694  7694 D AndroidRuntime: Calling main entry com.android.commands.input.Input
08-05 18:48:00.357  7694  7694 I Input   : injectKeyEvent: KeyEvent { action=ACTION_DOWN, keyCode=KEYCODE_BACK, scanCode=0, metaState=0, flags=0x0, repeatCount=0, eventTime=816496770, downTime=816496770, deviceId=-1, source=0x101 }
08-05 18:48:00.364  7694  7694 I Input   : injectKeyEvent: KeyEvent { action=ACTION_UP, keyCode=KEYCODE_BACK, scanCode=0, metaState=0, flags=0x0, repeatCount=0, eventTime=816496770, downTime=816496770, deviceId=-1, source=0x101 }
08-05 18:48:00.370  7694  7694 D AndroidRuntime: Shutting down VM
08-05 18:48:00.374 31004 31015 I art     : Explicit concurrent mark sweep GC freed 63(2928B) AllocSpace objects, 1(20KB) LOS objects, 27% free, 41MB/57MB, paused 1.523ms total 55.185ms
08-05 18:48:00.387 31004 31004 D baseline.com.newsblur.service.NBSyncService: rejecting request for feedset that is exhaused
08-05 18:48:00.389 31004 31015 I art     : Starting a blocking GC Explicit
08-05 18:48:00.462 31004 31015 I art     : Explicit concurrent mark sweep GC freed 171(36KB) AllocSpace objects, 1(20KB) LOS objects, 27% free, 41MB/57MB, paused 1.376ms total 72.827ms
08-05 18:48:00.563 31004 31004 D baseline.com.newsblur.service.NBSyncService: rejecting request for feedset that is exhaused
08-05 18:48:00.564 13866 13866 I GoogleInputMethodServic: GoogleInputMethodService.onFinishInput():3138 
08-05 18:48:00.567 13866 13866 I GoogleInputMethodServic: GoogleInputMethodService.onStartInput():1808 
08-05 18:48:00.817 31004 31016 I art     : Starting a blocking GC Explicit
08-05 18:48:00.869 31004 31016 I art     : Explicit concurrent mark sweep GC freed 3013(220KB) AllocSpace objects, 4(88KB) LOS objects, 27% free, 41MB/57MB, paused 1.351ms total 51.812ms
08-05 18:48:00.883 31004 31016 I art     : Starting a blocking GC Explicit
08-05 18:48:00.935 31004 31016 I art     : Explicit concurrent mark sweep GC freed 1760(84KB) AllocSpace objects, 0(0B) LOS objects, 27% free, 41MB/57MB, paused 1.290ms total 51.697ms
08-05 18:48:00.948 31004 31016 I art     : Starting a blocking GC Explicit
08-05 18:48:00.998 31004 31016 I art     : Explicit concurrent mark sweep GC freed 140(6KB) AllocSpace objects, 0(0B) LOS objects, 27% free, 41MB/57MB, paused 1.804ms total 49.801ms
08-05 18:48:01.012 31004 31016 I art     : Starting a blocking GC Explicit
08-05 18:48:01.064 31004 31016 I art     : Explicit concurrent mark sweep GC freed 11(352B) AllocSpace objects, 0(0B) LOS objects, 27% free, 41MB/57MB, paused 1.439ms total 51.750ms
08-05 18:48:01.078 31004 31016 I art     : Starting a blocking GC Explicit
08-05 18:48:01.132 31004 31016 I art     : Explicit concurrent mark sweep GC freed 11(352B) AllocSpace objects, 0(0B) LOS objects, 27% free, 41MB/57MB, paused 1.342ms total 53.319ms
08-05 18:48:01.511 31004 31015 I art     : Starting a blocking GC Explicit
08-05 18:48:01.578 31004 31015 I art     : Explicit concurrent mark sweep GC freed 1460(82KB) AllocSpace objects, 1(20KB) LOS objects, 27% free, 41MB/57MB, paused 1.894ms total 66.760ms
08-05 18:48:01.596 31004 31015 I art     : Starting a blocking GC Explicit
08-05 18:48:01.650 31004 31015 I art     : Explicit concurrent mark sweep GC freed 28(960B) AllocSpace objects, 0(0B) LOS objects, 27% free, 41MB/57MB, paused 1.306ms total 53.310ms
08-05 18:48:01.665 31004 31015 I art     : Starting a blocking GC Explicit
08-05 18:48:01.722 31004 31015 I art     : Explicit concurrent mark sweep GC freed 13(416B) AllocSpace objects, 0(0B) LOS objects, 27% free, 41MB/57MB, paused 1.610ms total 57.359ms
08-05 18:48:01.737 31004 31015 I art     : Starting a blocking GC Explicit
08-05 18:48:01.794 31004 31015 I art     : Explicit concurrent mark sweep GC freed 11(352B) AllocSpace objects, 0(0B) LOS objects, 27% free, 41MB/57MB, paused 1.441ms total 56.919ms
08-05 18:48:01.811 31004 31015 I art     : Starting a blocking GC Explicit
08-05 18:48:01.871 31004 31015 I art     : Explicit concurrent mark sweep GC freed 13(416B) AllocSpace objects, 0(0B) LOS objects, 27% free, 41MB/57MB, paused 1.468ms total 60.290ms
08-05 18:48:02.139  7740  7740 D AndroidRuntime: >>>>>> START com.android.internal.os.RuntimeInit uid 2000 <<<<<<
08-05 18:48:02.145  7740  7740 D AndroidRuntime: CheckJNI is OFF
08-05 18:48:02.189  7740  7740 D ICU     : No timezone override file found: /data/misc/zoneinfo/current/icu/icu_tzdata.dat
08-05 18:48:02.232  7740  7740 I Radio-JNI: register_android_hardware_Radio DONE
08-05 18:48:02.262  7740  7740 D AndroidRuntime: Calling main entry com.android.commands.input.Input
08-05 18:48:02.263  7740  7740 I Input   : injectKeyEvent: KeyEvent { action=ACTION_DOWN, keyCode=KEYCODE_BACK, scanCode=0, metaState=0, flags=0x0, repeatCount=0, eventTime=816498676, downTime=816498676, deviceId=-1, source=0x101 }
08-05 18:48:02.267 31004 31016 I art     : Starting a blocking GC Explicit
08-05 18:48:02.272  7740  7740 I Input   : injectKeyEvent: KeyEvent { action=ACTION_UP, keyCode=KEYCODE_BACK, scanCode=0, metaState=0, flags=0x0, repeatCount=0, eventTime=816498676, downTime=816498676, deviceId=-1, source=0x101 }
08-05 18:48:02.279  7740  7740 D AndroidRuntime: Shutting down VM
08-05 18:48:02.322 31004 31016 I art     : Explicit concurrent mark sweep GC freed 1750(147KB) AllocSpace objects, 5(100KB) LOS objects, 27% free, 41MB/57MB, paused 1.446ms total 54.750ms
08-05 18:48:02.336 31004 31016 I art     : Starting a blocking GC Explicit
08-05 18:48:02.393 31004 31016 I art     : Explicit concurrent mark sweep GC freed 63(2480B) AllocSpace objects, 0(0B) LOS objects, 27% free, 41MB/57MB, paused 1.449ms total 56.798ms
08-05 18:48:02.408 31004 31016 I art     : Starting a blocking GC Explicit
08-05 18:48:02.465 31004 31016 I art     : Explicit concurrent mark sweep GC freed 2040(144KB) AllocSpace objects, 4(80KB) LOS objects, 27% free, 41MB/57MB, paused 1.424ms total 56.765ms
08-05 18:48:02.480 31004 31016 I art     : Starting a blocking GC Explicit
08-05 18:48:02.511 13866 13866 I GoogleInputMethodServic: GoogleInputMethodService.onFinishInput():3138 
08-05 18:48:02.512 13866 13866 I GoogleInputMethodServic: GoogleInputMethodService.onStartInput():1808 
08-05 18:48:02.540 31004 31016 I art     : Explicit concurrent mark sweep GC freed 8160(518KB) AllocSpace objects, 8(160KB) LOS objects, 27% free, 41MB/57MB, paused 2.078ms total 59.996ms
08-05 18:48:02.554 31004 31016 I art     : Starting a blocking GC Explicit
08-05 18:48:02.606 31004 31016 I art     : Explicit concurrent mark sweep GC freed 300(18KB) AllocSpace objects, 0(0B) LOS objects, 27% free, 41MB/57MB, paused 1.462ms total 51.411ms
08-05 18:48:02.985 31004  7198 I art     : Starting a blocking GC Explicit
08-05 18:48:03.031 31004  7764 E baseline.com.newsblur.network.APIResponse: Error (unexpected end of stream on https://www.newsblur.com/...) calling https://www.newsblur.com/reader/mark_story_hashes_as_read/
08-05 18:48:03.031 31004  7764 E baseline.com.newsblur.network.APIResponse: java.io.IOException: unexpected end of stream on https://www.newsblur.com/...
08-05 18:48:03.031 31004  7764 E baseline.com.newsblur.network.APIResponse: 	at okhttp3.internal.http1.Http1ExchangeCodec.readResponseHeaders(Http1ExchangeCodec.java:236)
08-05 18:48:03.031 31004  7764 E baseline.com.newsblur.network.APIResponse: 	at okhttp3.internal.connection.Exchange.readResponseHeaders(Exchange.java:115)
08-05 18:48:03.031 31004  7764 E baseline.com.newsblur.network.APIResponse: 	at okhttp3.internal.http.CallServerInterceptor.intercept(CallServerInterceptor.java:94)
08-05 18:48:03.031 31004  7764 E baseline.com.newsblur.network.APIResponse: 	at okhttp3.internal.http.RealInterceptorChain.proceed(RealInterceptorChain.java:142)
08-05 18:48:03.031 31004  7764 E baseline.com.newsblur.network.APIResponse: 	at okhttp3.internal.connection.ConnectInterceptor.intercept(ConnectInterceptor.java:43)
08-05 18:48:03.031 31004  7764 E baseline.com.newsblur.network.APIResponse: 	at okhttp3.internal.http.RealInterceptorChain.proceed(RealInterceptorChain.java:142)
08-05 18:48:03.031 31004  7764 E baseline.com.newsblur.network.APIResponse: 	at okhttp3.internal.http.RealInterceptorChain.proceed(RealInterceptorChain.java:117)
08-05 18:48:03.031 31004  7764 E baseline.com.newsblur.network.APIResponse: 	at okhttp3.internal.cache.CacheInterceptor.intercept(CacheInterceptor.java:94)
08-05 18:48:03.031 31004  7764 E baseline.com.newsblur.network.APIResponse: 	at okhttp3.internal.http.RealInterceptorChain.proceed(RealInterceptorChain.java:142)
08-05 18:48:03.031 31004  7764 E baseline.com.newsblur.network.APIResponse: 	at okhttp3.internal.http.RealInterceptorChain.proceed(RealInterceptorChain.java:117)
08-05 18:48:03.031 31004  7764 E baseline.com.newsblur.network.APIResponse: 	at okhttp3.internal.http.BridgeInterceptor.intercept(BridgeInterceptor.java:93)
08-05 18:48:03.031 31004  7764 E baseline.com.newsblur.network.APIResponse: 	at okhttp3.internal.http.RealInterceptorChain.proceed(RealInterceptorChain.java:142)
08-05 18:48:03.031 31004  7764 E baseline.com.newsblur.network.APIResponse: 	at okhttp3.internal.http.RetryAndFollowUpInterceptor.intercept(RetryAndFollowUpInterceptor.java:88)
08-05 18:48:03.031 31004  7764 E baseline.com.newsblur.network.APIResponse: 	at okhttp3.internal.http.RealInterceptorChain.proceed(RealInterceptorChain.java:142)
08-05 18:48:03.031 31004  7764 E baseline.com.newsblur.network.APIResponse: 	at okhttp3.internal.http.RealInterceptorChain.proceed(RealInterceptorChain.java:117)
08-05 18:48:03.031 31004  7764 E baseline.com.newsblur.network.APIResponse: 	at okhttp3.RealCall.getResponseWithInterceptorChain(RealCall.java:229)
08-05 18:48:03.031 31004  7764 E baseline.com.newsblur.network.APIResponse: 	at okhttp3.RealCall.execute(RealCall.java:81)
08-05 18:48:03.031 31004  7764 E baseline.com.newsblur.network.APIResponse: 	at baseline.com.newsblur.network.APIResponse.<init>(APIResponse.java:57)
08-05 18:48:03.031 31004  7764 E baseline.com.newsblur.network.APIResponse: 	at baseline.com.newsblur.network.APIResponse.<init>(APIResponse.java:43)
08-05 18:48:03.031 31004  7764 E baseline.com.newsblur.network.APIResponse: 	at baseline.com.newsblur.network.APIManager.post_single(APIManager.java:702)
08-05 18:48:03.031 31004  7764 E baseline.com.newsblur.network.APIResponse: 	at baseline.com.newsblur.network.APIManager.post(APIManager.java:675)
08-05 18:48:03.031 31004  7764 E baseline.com.newsblur.network.APIResponse: 	at baseline.com.newsblur.network.APIManager.post(APIManager.java:714)
08-05 18:48:03.031 31004  7764 E baseline.com.newsblur.network.APIResponse: 	at baseline.com.newsblur.network.APIManager.markStoryAsRead(APIManager.java:205)
08-05 18:48:03.031 31004  7764 E baseline.com.newsblur.network.APIResponse: 	at baseline.com.newsblur.util.ReadingAction.doRemote(ReadingAction.java:281)
08-05 18:48:03.031 31004  7764 E baseline.com.newsblur.network.APIResponse: 	at baseline.com.newsblur.service.NBSyncService.syncActions(NBSyncService.java:400)
08-05 18:48:03.031 31004  7764 E baseline.com.newsblur.network.APIResponse: 	at baseline.com.newsblur.service.NBSyncService.doSync(NBSyncService.java:298)
08-05 18:48:03.031 31004  7764 E baseline.com.newsblur.network.APIResponse: 	at baseline.com.newsblur.service.NBSyncService.access$100(NBSyncService.java:67)
08-05 18:48:03.031 31004  7764 E baseline.com.newsblur.network.APIResponse: 	at baseline.com.newsblur.service.NBSyncService$1.run(NBSyncService.java:188)
08-05 18:48:03.031 31004  7764 E baseline.com.newsblur.network.APIResponse: 	at java.util.concurrent.ThreadPoolExecutor.runWorker(ThreadPoolExecutor.java:1113)
08-05 18:48:03.031 31004  7764 E baseline.com.newsblur.network.APIResponse: 	at java.util.concurrent.ThreadPoolExecutor$Worker.run(ThreadPoolExecutor.java:588)
08-05 18:48:03.031 31004  7764 E baseline.com.newsblur.network.APIResponse: 	at java.lang.Thread.run(Thread.java:818)
08-05 18:48:03.031 31004  7764 E baseline.com.newsblur.network.APIResponse: Caused by: java.io.EOFException: \n not found: limit=0 content=
08-05 18:48:03.031 31004  7764 E baseline.com.newsblur.network.APIResponse: 	at okio.RealBufferedSource.readUtf8LineStrict(RealBufferedSource.java:240)
08-05 18:48:03.031 31004  7764 E baseline.com.newsblur.network.APIResponse: 	at okhttp3.internal.http1.Http1ExchangeCodec.readHeaderLine(Http1ExchangeCodec.java:242)
08-05 18:48:03.031 31004  7764 E baseline.com.newsblur.network.APIResponse: 	at okhttp3.internal.http1.Http1ExchangeCodec.readResponseHeaders(Http1ExchangeCodec.java:213)
08-05 18:48:03.031 31004  7764 E baseline.com.newsblur.network.APIResponse: 	... 30 more
08-05 18:48:03.032 31004  7764 I baseline.com.newsblur.network.APIManager: API call failed, pausing before retry number 1
08-05 18:48:03.049 31004  7198 I art     : Explicit concurrent mark sweep GC freed 5803(452KB) AllocSpace objects, 6(260KB) LOS objects, 27% free, 41MB/57MB, paused 1.559ms total 63.479ms
08-05 18:48:03.064 31004  7198 I art     : Starting a blocking GC Explicit
08-05 18:48:03.124 31004  7198 I art     : Explicit concurrent mark sweep GC freed 1203(139KB) AllocSpace objects, 0(0B) LOS objects, 27% free, 41MB/57MB, paused 1.488ms total 59.238ms
08-05 18:48:03.139 31004  7198 I art     : Starting a blocking GC Explicit
08-05 18:48:03.196 31004  7198 I art     : Explicit concurrent mark sweep GC freed 50(1824B) AllocSpace objects, 0(0B) LOS objects, 27% free, 41MB/57MB, paused 1.488ms total 57.352ms
08-05 18:48:03.212 31004  7198 I art     : Starting a blocking GC Explicit
08-05 18:48:03.271 31004  7198 I art     : Explicit concurrent mark sweep GC freed 12(384B) AllocSpace objects, 0(0B) LOS objects, 27% free, 41MB/57MB, paused 1.445ms total 58.591ms
08-05 18:48:03.286 31004  7198 I art     : Starting a blocking GC Explicit
08-05 18:48:03.344 31004  7198 I art     : Explicit concurrent mark sweep GC freed 12(384B) AllocSpace objects, 0(0B) LOS objects, 27% free, 41MB/57MB, paused 1.616ms total 58.041ms
08-05 18:48:03.715 31004  5910 I art     : Starting a blocking GC Explicit
08-05 18:48:03.779 31004  5910 I art     : Explicit concurrent mark sweep GC freed 1497(84KB) AllocSpace objects, 1(20KB) LOS objects, 27% free, 41MB/57MB, paused 1.883ms total 63.189ms
08-05 18:48:03.794 31004  5910 I art     : Starting a blocking GC Explicit
08-05 18:48:03.828  5293  5293 I ServiceManager: Waiting for service AtCmdFwd...
08-05 18:48:03.853 31004  5910 I art     : Explicit concurrent mark sweep GC freed 30(1040B) AllocSpace objects, 0(0B) LOS objects, 27% free, 41MB/57MB, paused 1.429ms total 58.631ms
08-05 18:48:03.868 31004  5910 I art     : Starting a blocking GC Explicit
08-05 18:48:03.929 31004  5910 I art     : Explicit concurrent mark sweep GC freed 12(384B) AllocSpace objects, 0(0B) LOS objects, 27% free, 41MB/57MB, paused 1.921ms total 60.947ms
08-05 18:48:03.944 31004  5910 I art     : Starting a blocking GC Explicit
08-05 18:48:04.003 31004  5910 I art     : Explicit concurrent mark sweep GC freed 3(96B) AllocSpace objects, 0(0B) LOS objects, 27% free, 41MB/57MB, paused 1.507ms total 58.955ms
08-05 18:48:04.018 31004  5910 I art     : Starting a blocking GC Explicit
08-05 18:48:04.078  7779  7779 D AndroidRuntime: >>>>>> START com.android.internal.os.RuntimeInit uid 2000 <<<<<<
08-05 18:48:04.079 31004  5910 I art     : Explicit concurrent mark sweep GC freed 3(96B) AllocSpace objects, 0(0B) LOS objects, 27% free, 41MB/57MB, paused 1.633ms total 60.917ms
08-05 18:48:04.084  7779  7779 D AndroidRuntime: CheckJNI is OFF
08-05 18:48:04.127  7779  7779 D ICU     : No timezone override file found: /data/misc/zoneinfo/current/icu/icu_tzdata.dat
08-05 18:48:04.171  7779  7779 I Radio-JNI: register_android_hardware_Radio DONE
08-05 18:48:04.200  7779  7779 D AndroidRuntime: Calling main entry com.android.commands.input.Input
08-05 18:48:04.203  7779  7779 I Input   : injectMotionEvent: MotionEvent { action=ACTION_DOWN, actionButton=0, id[0]=0, x[0]=553.0, y[0]=442.0, toolType[0]=TOOL_TYPE_UNKNOWN, buttonState=0, metaState=0, flags=0x0, edgeFlags=0x0, pointerCount=1, historySize=0, eventTime=816500616, downTime=816500616, deviceId=0, source=0x1002 }
08-05 18:48:04.210  7779  7779 I Input   : injectMotionEvent: MotionEvent { action=ACTION_UP, actionButton=0, id[0]=0, x[0]=553.0, y[0]=442.0, toolType[0]=TOOL_TYPE_UNKNOWN, buttonState=0, metaState=0, flags=0x0, edgeFlags=0x0, pointerCount=1, historySize=0, eventTime=816500616, downTime=816500616, deviceId=0, source=0x1002 }
08-05 18:48:04.212  7779  7779 D AndroidRuntime: Shutting down VM
08-05 18:48:04.279   918  6029 I ActivityManager: START u0 {cmp=baseline.com.newsblur/.activity.AllSharedStoriesItemsList (has extras)} from uid 10676 on display 0
08-05 18:48:04.301 31004  6198 I baseline.com.newsblur.database.BlurDatabaseHelper: reading session reset
08-05 18:48:04.435 31004  7198 I art     : Starting a blocking GC Explicit
08-05 18:48:04.496 31004  7198 I art     : Explicit concurrent mark sweep GC freed 4037(322KB) AllocSpace objects, 7(232KB) LOS objects, 27% free, 41MB/57MB, paused 1.458ms total 60.252ms
08-05 18:48:04.510 31004  7198 I art     : Starting a blocking GC Explicit
08-05 18:48:04.514 31004 31004 D baseline.com.newsblur.service.NBSyncService: rejecting request for feedset that is exhaused
08-05 18:48:04.521 31004 31004 W View    : requestLayout() improperly called by android.widget.FrameLayout{20dfc52 V.E...... ......ID 0,0-1440,18 #7f07003f app:id/footer_view_inner} during layout: running second layout pass
08-05 18:48:04.521 31004 31004 W View    : requestLayout() improperly called by android.widget.FrameLayout{c419b23 V.E...... ......ID 0,0-1440,2091 #7f07003f app:id/footer_view_inner} during layout: running second layout pass
08-05 18:48:04.542   918   936 I ActivityManager: Displayed baseline.com.newsblur/.activity.AllSharedStoriesItemsList: +253ms
08-05 18:48:04.546 13866 13866 I GoogleInputMethodServic: GoogleInputMethodService.onFinishInput():3138 
08-05 18:48:04.547 13866 13866 I GoogleInputMethodServic: GoogleInputMethodService.onStartInput():1808 
08-05 18:48:04.568 31004  7198 I art     : Explicit concurrent mark sweep GC freed 1021(72KB) AllocSpace objects, 3(60KB) LOS objects, 27% free, 41MB/57MB, paused 2.194ms total 57.682ms
08-05 18:48:04.582 31004  7198 I art     : Starting a blocking GC Explicit
08-05 18:48:04.627 31004  5931 I NAPPA_EXPERIMENTATION: MetricNetworkRequestExecutionTime: REQUEST_DURATION_SYSTEM='30',REQUEST_DURATION_OKHTTP='29',REQUEST_SYNCHRONOUS='TRUE',RESPONSE_CODE='200',RESPONSE_METHOD='GET',RESPONSE_LENGTH_OKHTTP='43',RESPONSE_LENGTH_HEADER='43',REQUEST_PROTOCOL='http/1.1',REQUEST_URL='http://feeds.feedburner.com/~r/retort/~4/UffaFMiJbNs',
08-05 18:48:04.642 31004  7198 I art     : Explicit concurrent mark sweep GC freed 1432(101KB) AllocSpace objects, 5(100KB) LOS objects, 27% free, 42MB/58MB, paused 1.928ms total 60.110ms
08-05 18:48:04.659 31004  7198 I art     : Starting a blocking GC Explicit
08-05 18:48:04.715 31004  7198 I art     : Explicit concurrent mark sweep GC freed 138(7KB) AllocSpace objects, 0(0B) LOS objects, 27% free, 41MB/57MB, paused 1.546ms total 55.765ms
08-05 18:48:04.729 31004  7198 I art     : Starting a blocking GC Explicit
08-05 18:48:04.788 31004  7198 I art     : Explicit concurrent mark sweep GC freed 166(18KB) AllocSpace objects, 1(20KB) LOS objects, 27% free, 41MB/57MB, paused 1.694ms total 58.633ms
08-05 18:48:04.829  5293  5293 I ServiceManager: Waiting for service AtCmdFwd...
08-05 18:48:05.051 31004  7764 E baseline.com.newsblur.network.APIResponse: Error (unexpected end of stream on https://www.newsblur.com/...) calling https://www.newsblur.com/reader/mark_story_hashes_as_read/
08-05 18:48:05.051 31004  7764 E baseline.com.newsblur.network.APIResponse: java.io.IOException: unexpected end of stream on https://www.newsblur.com/...
08-05 18:48:05.051 31004  7764 E baseline.com.newsblur.network.APIResponse: 	at okhttp3.internal.http1.Http1ExchangeCodec.readResponseHeaders(Http1ExchangeCodec.java:236)
08-05 18:48:05.051 31004  7764 E baseline.com.newsblur.network.APIResponse: 	at okhttp3.internal.connection.Exchange.readResponseHeaders(Exchange.java:115)
08-05 18:48:05.051 31004  7764 E baseline.com.newsblur.network.APIResponse: 	at okhttp3.internal.http.CallServerInterceptor.intercept(CallServerInterceptor.java:94)
08-05 18:48:05.051 31004  7764 E baseline.com.newsblur.network.APIResponse: 	at okhttp3.internal.http.RealInterceptorChain.proceed(RealInterceptorChain.java:142)
08-05 18:48:05.051 31004  7764 E baseline.com.newsblur.network.APIResponse: 	at okhttp3.internal.connection.ConnectInterceptor.intercept(ConnectInterceptor.java:43)
08-05 18:48:05.051 31004  7764 E baseline.com.newsblur.network.APIResponse: 	at okhttp3.internal.http.RealInterceptorChain.proceed(RealInterceptorChain.java:142)
08-05 18:48:05.051 31004  7764 E baseline.com.newsblur.network.APIResponse: 	at okhttp3.internal.http.RealInterceptorChain.proceed(RealInterceptorChain.java:117)
08-05 18:48:05.051 31004  7764 E baseline.com.newsblur.network.APIResponse: 	at okhttp3.internal.cache.CacheInterceptor.intercept(CacheInterceptor.java:94)
08-05 18:48:05.051 31004  7764 E baseline.com.newsblur.network.APIResponse: 	at okhttp3.internal.http.RealInterceptorChain.proceed(RealInterceptorChain.java:142)
08-05 18:48:05.051 31004  7764 E baseline.com.newsblur.network.APIResponse: 	at okhttp3.internal.http.RealInterceptorChain.proceed(RealInterceptorChain.java:117)
08-05 18:48:05.051 31004  7764 E baseline.com.newsblur.network.APIResponse: 	at okhttp3.internal.http.BridgeInterceptor.intercept(BridgeInterceptor.java:93)
08-05 18:48:05.051 31004  7764 E baseline.com.newsblur.network.APIResponse: 	at okhttp3.internal.http.RealInterceptorChain.proceed(RealInterceptorChain.java:142)
08-05 18:48:05.051 31004  7764 E baseline.com.newsblur.network.APIResponse: 	at okhttp3.internal.http.RetryAndFollowUpInterceptor.intercept(RetryAndFollowUpInterceptor.java:88)
08-05 18:48:05.051 31004  7764 E baseline.com.newsblur.network.APIResponse: 	at okhttp3.internal.http.RealInterceptorChain.proceed(RealInterceptorChain.java:142)
08-05 18:48:05.051 31004  7764 E baseline.com.newsblur.network.APIResponse: 	at okhttp3.internal.http.RealInterceptorChain.proceed(RealInterceptorChain.java:117)
08-05 18:48:05.051 31004  7764 E baseline.com.newsblur.network.APIResponse: 	at okhttp3.RealCall.getResponseWithInterceptorChain(RealCall.java:229)
08-05 18:48:05.051 31004  7764 E baseline.com.newsblur.network.APIResponse: 	at okhttp3.RealCall.execute(RealCall.java:81)
08-05 18:48:05.051 31004  7764 E baseline.com.newsblur.network.APIResponse: 	at baseline.com.newsblur.network.APIResponse.<init>(APIResponse.java:57)
08-05 18:48:05.051 31004  7764 E baseline.com.newsblur.network.APIResponse: 	at baseline.com.newsblur.network.APIResponse.<init>(APIResponse.java:43)
08-05 18:48:05.051 31004  7764 E baseline.com.newsblur.network.APIResponse: 	at baseline.com.newsblur.network.APIManager.post_single(APIManager.java:702)
08-05 18:48:05.051 31004  7764 E baseline.com.newsblur.network.APIResponse: 	at baseline.com.newsblur.network.APIManager.post(APIManager.java:675)
08-05 18:48:05.051 31004  7764 E baseline.com.newsblur.network.APIResponse: 	at baseline.com.newsblur.network.APIManager.post(APIManager.java:714)
08-05 18:48:05.051 31004  7764 E baseline.com.newsblur.network.APIResponse: 	at baseline.com.newsblur.network.APIManager.markStoryAsRead(APIManager.java:205)
08-05 18:48:05.051 31004  7764 E baseline.com.newsblur.network.APIResponse: 	at baseline.com.newsblur.util.ReadingAction.doRemote(ReadingAction.java:281)
08-05 18:48:05.051 31004  7764 E baseline.com.newsblur.network.APIResponse: 	at baseline.com.newsblur.service.NBSyncService.syncActions(NBSyncService.java:400)
08-05 18:48:05.051 31004  7764 E baseline.com.newsblur.network.APIResponse: 	at baseline.com.newsblur.service.NBSyncService.doSync(NBSyncService.java:298)
08-05 18:48:05.051 31004  7764 E baseline.com.newsblur.network.APIResponse: 	at baseline.com.newsblur.service.NBSyncService.access$100(NBSyncService.java:67)
08-05 18:48:05.051 31004  7764 E baseline.com.newsblur.network.APIResponse: 	at baseline.com.newsblur.service.NBSyncService$1.run(NBSyncService.java:188)
08-05 18:48:05.051 31004  7764 E baseline.com.newsblur.network.APIResponse: 	at java.util.concurrent.ThreadPoolExecutor.runWorker(ThreadPoolExecutor.java:1113)
08-05 18:48:05.051 31004  7764 E baseline.com.newsblur.network.APIResponse: 	at java.util.concurrent.ThreadPoolExecutor$Worker.run(ThreadPoolExecutor.java:588)
08-05 18:48:05.051 31004  7764 E baseline.com.newsblur.network.APIResponse: 	at java.lang.Thread.run(Thread.java:818)
08-05 18:48:05.051 31004  7764 E baseline.com.newsblur.network.APIResponse: Caused by: java.io.EOFException: \n not found: limit=0 content=
08-05 18:48:05.051 31004  7764 E baseline.com.newsblur.network.APIResponse: 	at okio.RealBufferedSource.readUtf8LineStrict(RealBufferedSource.java:240)
08-05 18:48:05.051 31004  7764 E baseline.com.newsblur.network.APIResponse: 	at okhttp3.internal.http1.Http1ExchangeCodec.readHeaderLine(Http1ExchangeCodec.java:242)
08-05 18:48:05.051 31004  7764 E baseline.com.newsblur.network.APIResponse: 	at okhttp3.internal.http1.Http1ExchangeCodec.readResponseHeaders(Http1ExchangeCodec.java:213)
08-05 18:48:05.051 31004  7764 E baseline.com.newsblur.network.APIResponse: 	... 30 more
08-05 18:48:05.052 31004  7764 I baseline.com.newsblur.network.APIManager: API call failed, pausing before retry number 2
08-05 18:48:05.181 31004 31015 I art     : Starting a blocking GC Explicit
08-05 18:48:05.246 31004 31015 I art     : Explicit concurrent mark sweep GC freed 4217(368KB) AllocSpace objects, 3(60KB) LOS objects, 27% free, 41MB/57MB, paused 1.534ms total 64.425ms
08-05 18:48:05.263 31004 31015 I art     : Starting a blocking GC Explicit
08-05 18:48:05.322 31004 31015 I art     : Explicit concurrent mark sweep GC freed 109(3KB) AllocSpace objects, 0(0B) LOS objects, 27% free, 41MB/57MB, paused 1.521ms total 58.956ms
08-05 18:48:05.337 31004 31015 I art     : Starting a blocking GC Explicit
08-05 18:48:05.397 31004 31015 I art     : Explicit concurrent mark sweep GC freed 3(96B) AllocSpace objects, 0(0B) LOS objects, 27% free, 41MB/57MB, paused 1.512ms total 59.721ms
08-05 18:48:05.411 31004 31015 I art     : Starting a blocking GC Explicit
08-05 18:48:05.472 31004 31015 I art     : Explicit concurrent mark sweep GC freed 3(96B) AllocSpace objects, 0(0B) LOS objects, 27% free, 41MB/57MB, paused 1.545ms total 60.696ms
08-05 18:48:05.487 31004 31015 I art     : Starting a blocking GC Explicit
08-05 18:48:05.549 31004 31015 I art     : Explicit concurrent mark sweep GC freed 3(96B) AllocSpace objects, 0(0B) LOS objects, 27% free, 41MB/57MB, paused 1.439ms total 61.829ms
08-05 18:48:05.829  5293  5293 I ServiceManager: Waiting for service AtCmdFwd...
08-05 18:48:05.947 31004  7198 I art     : Starting a blocking GC Explicit
08-05 18:48:06.019 31004  7198 I art     : Explicit concurrent mark sweep GC freed 1475(84KB) AllocSpace objects, 1(20KB) LOS objects, 27% free, 41MB/57MB, paused 1.820ms total 70.947ms
08-05 18:48:06.038 31004  7198 I art     : Starting a blocking GC Explicit
08-05 18:48:06.101 31004  7198 I art     : Explicit concurrent mark sweep GC freed 22(784B) AllocSpace objects, 0(0B) LOS objects, 27% free, 41MB/57MB, paused 1.529ms total 63.195ms
08-05 18:48:06.117 31004  7198 I art     : Starting a blocking GC Explicit
08-05 18:48:06.182 31004  7198 I art     : Explicit concurrent mark sweep GC freed 3(96B) AllocSpace objects, 0(0B) LOS objects, 27% free, 41MB/57MB, paused 1.575ms total 64.793ms
08-05 18:48:06.197 31004  7198 I art     : Starting a blocking GC Explicit
08-05 18:48:06.264 31004  7198 I art     : Explicit concurrent mark sweep GC freed 3(96B) AllocSpace objects, 0(0B) LOS objects, 27% free, 41MB/57MB, paused 1.632ms total 66.969ms
08-05 18:48:06.279 31004  7198 I art     : Starting a blocking GC Explicit
08-05 18:48:06.346 31004  7198 I art     : Explicit concurrent mark sweep GC freed 3(96B) AllocSpace objects, 0(0B) LOS objects, 27% free, 41MB/57MB, paused 1.625ms total 66.396ms
08-05 18:48:06.758 31004  5669 I art     : Starting a blocking GC Explicit
08-05 18:48:06.829 31004  5669 I art     : Explicit concurrent mark sweep GC freed 1445(83KB) AllocSpace objects, 1(20KB) LOS objects, 27% free, 41MB/57MB, paused 1.742ms total 70.390ms
08-05 18:48:06.830  5293  5293 I ServiceManager: Waiting for service AtCmdFwd...
08-05 18:48:06.847 31004  5669 I art     : Starting a blocking GC Explicit
08-05 18:48:06.912 31004  5669 I art     : Explicit concurrent mark sweep GC freed 22(784B) AllocSpace objects, 0(0B) LOS objects, 27% free, 41MB/57MB, paused 1.597ms total 64.815ms
08-05 18:48:06.927 31004  5669 I art     : Starting a blocking GC Explicit
08-05 18:48:06.993 31004  5669 I art     : Explicit concurrent mark sweep GC freed 3(96B) AllocSpace objects, 0(0B) LOS objects, 27% free, 41MB/57MB, paused 1.512ms total 65.342ms
08-05 18:48:07.008 31004  5669 I art     : Starting a blocking GC Explicit
08-05 18:48:07.077 31004  5669 I art     : Explicit concurrent mark sweep GC freed 3(96B) AllocSpace objects, 0(0B) LOS objects, 27% free, 41MB/57MB, paused 1.652ms total 68.547ms
08-05 18:48:07.094 31004  5669 I art     : Starting a blocking GC Explicit
08-05 18:48:07.162 31004  5669 I art     : Explicit concurrent mark sweep GC freed 3(96B) AllocSpace objects, 0(0B) LOS objects, 27% free, 41MB/57MB, paused 1.663ms total 67.417ms
08-05 18:48:07.577 31004  5910 I art     : Starting a blocking GC Explicit
08-05 18:48:07.648 31004  5910 I art     : Explicit concurrent mark sweep GC freed 1446(83KB) AllocSpace objects, 1(20KB) LOS objects, 27% free, 41MB/57MB, paused 1.614ms total 70.470ms
08-05 18:48:07.667 31004  5910 I art     : Starting a blocking GC Explicit
08-05 18:48:07.732 31004  5910 I art     : Explicit concurrent mark sweep GC freed 22(784B) AllocSpace objects, 0(0B) LOS objects, 27% free, 41MB/57MB, paused 1.602ms total 64.723ms
08-05 18:48:07.747 31004  5910 I art     : Starting a blocking GC Explicit
08-05 18:48:07.812 31004  5910 I art     : Explicit concurrent mark sweep GC freed 3(96B) AllocSpace objects, 0(0B) LOS objects, 27% free, 41MB/57MB, paused 1.582ms total 65.080ms
08-05 18:48:07.827 31004  5910 I art     : Starting a blocking GC Explicit
08-05 18:48:07.831  5293  5293 I ServiceManager: Waiting for service AtCmdFwd...
08-05 18:48:07.894 31004  5910 I art     : Explicit concurrent mark sweep GC freed 3(96B) AllocSpace objects, 0(0B) LOS objects, 27% free, 41MB/57MB, paused 1.482ms total 66.752ms
08-05 18:48:07.912 31004  5910 I art     : Starting a blocking GC Explicit
08-05 18:48:07.979 31004  5910 I art     : Explicit concurrent mark sweep GC freed 3(96B) AllocSpace objects, 0(0B) LOS objects, 27% free, 41MB/57MB, paused 1.698ms total 66.638ms
08-05 18:48:08.381 31004 31016 I art     : Starting a blocking GC Explicit
08-05 18:48:08.450 31004 31016 I art     : Explicit concurrent mark sweep GC freed 1611(92KB) AllocSpace objects, 1(20KB) LOS objects, 27% free, 41MB/57MB, paused 1.704ms total 68.642ms
08-05 18:48:08.466 31004 31016 I art     : Starting a blocking GC Explicit
08-05 18:48:08.533 31004 31016 I art     : Explicit concurrent mark sweep GC freed 28(1040B) AllocSpace objects, 0(0B) LOS objects, 27% free, 41MB/57MB, paused 1.737ms total 67.218ms
08-05 18:48:08.551 31004 31016 I art     : Starting a blocking GC Explicit
08-05 18:48:08.615 31004 31016 I art     : Explicit concurrent mark sweep GC freed 1648(64KB) AllocSpace objects, 0(0B) LOS objects, 27% free, 41MB/57MB, paused 1.756ms total 63.584ms
08-05 18:48:08.630 31004 31016 I art     : Starting a blocking GC Explicit
08-05 18:48:08.697 31004 31016 I art     : Explicit concurrent mark sweep GC freed 82(2592B) AllocSpace objects, 0(0B) LOS objects, 27% free, 41MB/57MB, paused 1.579ms total 66.382ms
08-05 18:48:08.712 31004 31016 I art     : Starting a blocking GC Explicit
08-05 18:48:08.746 31004  7764 E baseline.com.newsblur.network.APIResponse: Error (unexpected end of stream on https://www.newsblur.com/...) calling https://www.newsblur.com/reader/mark_story_hashes_as_read/
08-05 18:48:08.746 31004  7764 E baseline.com.newsblur.network.APIResponse: java.io.IOException: unexpected end of stream on https://www.newsblur.com/...
08-05 18:48:08.746 31004  7764 E baseline.com.newsblur.network.APIResponse: 	at okhttp3.internal.http1.Http1ExchangeCodec.readResponseHeaders(Http1ExchangeCodec.java:236)
08-05 18:48:08.746 31004  7764 E baseline.com.newsblur.network.APIResponse: 	at okhttp3.internal.connection.Exchange.readResponseHeaders(Exchange.java:115)
08-05 18:48:08.746 31004  7764 E baseline.com.newsblur.network.APIResponse: 	at okhttp3.internal.http.CallServerInterceptor.intercept(CallServerInterceptor.java:94)
08-05 18:48:08.746 31004  7764 E baseline.com.newsblur.network.APIResponse: 	at okhttp3.internal.http.RealInterceptorChain.proceed(RealInterceptorChain.java:142)
08-05 18:48:08.746 31004  7764 E baseline.com.newsblur.network.APIResponse: 	at okhttp3.internal.connection.ConnectInterceptor.intercept(ConnectInterceptor.java:43)
08-05 18:48:08.746 31004  7764 E baseline.com.newsblur.network.APIResponse: 	at okhttp3.internal.http.RealInterceptorChain.proceed(RealInterceptorChain.java:142)
08-05 18:48:08.746 31004  7764 E baseline.com.newsblur.network.APIResponse: 	at okhttp3.internal.http.RealInterceptorChain.proceed(RealInterceptorChain.java:117)
08-05 18:48:08.746 31004  7764 E baseline.com.newsblur.network.APIResponse: 	at okhttp3.internal.cache.CacheInterceptor.intercept(CacheInterceptor.java:94)
08-05 18:48:08.746 31004  7764 E baseline.com.newsblur.network.APIResponse: 	at okhttp3.internal.http.RealInterceptorChain.proceed(RealInterceptorChain.java:142)
08-05 18:48:08.746 31004  7764 E baseline.com.newsblur.network.APIResponse: 	at okhttp3.internal.http.RealInterceptorChain.proceed(RealInterceptorChain.java:117)
08-05 18:48:08.746 31004  7764 E baseline.com.newsblur.network.APIResponse: 	at okhttp3.internal.http.BridgeInterceptor.intercept(BridgeInterceptor.java:93)
08-05 18:48:08.746 31004  7764 E baseline.com.newsblur.network.APIResponse: 	at okhttp3.internal.http.RealInterceptorChain.proceed(RealInterceptorChain.java:142)
08-05 18:48:08.746 31004  7764 E baseline.com.newsblur.network.APIResponse: 	at okhttp3.internal.http.RetryAndFollowUpInterceptor.intercept(RetryAndFollowUpInterceptor.java:88)
08-05 18:48:08.746 31004  7764 E baseline.com.newsblur.network.APIResponse: 	at okhttp3.internal.http.RealInterceptorChain.proceed(RealInterceptorChain.java:142)
08-05 18:48:08.746 31004  7764 E baseline.com.newsblur.network.APIResponse: 	at okhttp3.internal.http.RealInterceptorChain.proceed(RealInterceptorChain.java:117)
08-05 18:48:08.746 31004  7764 E baseline.com.newsblur.network.APIResponse: 	at okhttp3.RealCall.getResponseWithInterceptorChain(RealCall.java:229)
08-05 18:48:08.746 31004  7764 E baseline.com.newsblur.network.APIResponse: 	at okhttp3.RealCall.execute(RealCall.java:81)
08-05 18:48:08.746 31004  7764 E baseline.com.newsblur.network.APIResponse: 	at baseline.com.newsblur.network.APIResponse.<init>(APIResponse.java:57)
08-05 18:48:08.746 31004  7764 E baseline.com.newsblur.network.APIResponse: 	at baseline.com.newsblur.network.APIResponse.<init>(APIResponse.java:43)
08-05 18:48:08.746 31004  7764 E baseline.com.newsblur.network.APIResponse: 	at baseline.com.newsblur.network.APIManager.post_single(APIManager.java:702)
08-05 18:48:08.746 31004  7764 E baseline.com.newsblur.network.APIResponse: 	at baseline.com.newsblur.network.APIManager.post(APIManager.java:675)
08-05 18:48:08.746 31004  7764 E baseline.com.newsblur.network.APIResponse: 	at baseline.com.newsblur.network.APIManager.post(APIManager.java:714)
08-05 18:48:08.746 31004  7764 E baseline.com.newsblur.network.APIResponse: 	at baseline.com.newsblur.network.APIManager.markStoryAsRead(APIManager.java:205)
08-05 18:48:08.746 31004  7764 E baseline.com.newsblur.network.APIResponse: 	at baseline.com.newsblur.util.ReadingAction.doRemote(ReadingAction.java:281)
08-05 18:48:08.746 31004  7764 E baseline.com.newsblur.network.APIResponse: 	at baseline.com.newsblur.service.NBSyncService.syncActions(NBSyncService.java:400)
08-05 18:48:08.746 31004  7764 E baseline.com.newsblur.network.APIResponse: 	at baseline.com.newsblur.service.NBSyncService.doSync(NBSyncService.java:298)
08-05 18:48:08.746 31004  7764 E baseline.com.newsblur.network.APIResponse: 	at baseline.com.newsblur.service.NBSyncService.access$100(NBSyncService.java:67)
08-05 18:48:08.746 31004  7764 E baseline.com.newsblur.network.APIResponse: 	at baseline.com.newsblur.service.NBSyncService$1.run(NBSyncService.java:188)
08-05 18:48:08.746 31004  7764 E baseline.com.newsblur.network.APIResponse: 	at java.util.concurrent.ThreadPoolExecutor.runWorker(ThreadPoolExecutor.java:1113)
08-05 18:48:08.746 31004  7764 E baseline.com.newsblur.network.APIResponse: 	at java.util.concurrent.ThreadPoolExecutor$Worker.run(ThreadPoolExecutor.java:588)
08-05 18:48:08.746 31004  7764 E baseline.com.newsblur.network.APIResponse: 	at java.lang.Thread.run(Thread.java:818)
08-05 18:48:08.746 31004  7764 E baseline.com.newsblur.network.APIResponse: Caused by: java.io.EOFException: \n not found: limit=0 content=
08-05 18:48:08.746 31004  7764 E baseline.com.newsblur.network.APIResponse: 	at okio.RealBufferedSource.readUtf8LineStrict(RealBufferedSource.java:240)
08-05 18:48:08.746 31004  7764 E baseline.com.newsblur.network.APIResponse: 	at okhttp3.internal.http1.Http1ExchangeCodec.readHeaderLine(Http1ExchangeCodec.java:242)
08-05 18:48:08.746 31004  7764 E baseline.com.newsblur.network.APIResponse: 	at okhttp3.internal.http1.Http1ExchangeCodec.readResponseHeaders(Http1ExchangeCodec.java:213)
08-05 18:48:08.746 31004  7764 E baseline.com.newsblur.network.APIResponse: 	... 30 more
08-05 18:48:08.748 31004  7764 I baseline.com.newsblur.service.NBSyncService: Holding reading action with server-side or network error.
08-05 18:48:08.765 31004  7764 W baseline.com.newsblur.service.NBSyncService: hard API failure
08-05 18:48:08.776 31004 31016 I art     : Explicit concurrent mark sweep GC freed 1053(236KB) AllocSpace objects, 4(80KB) LOS objects, 27% free, 42MB/58MB, paused 1.909ms total 63.904ms
08-05 18:48:08.831  5293  5293 W Atfwd_Sendcmd: AtCmdFwd service not published, waiting... retryCnt : 4
08-05 18:48:09.149 31004  7764 E baseline.com.newsblur.network.APIResponse: Error (unexpected end of stream on https://www.newsblur.com/...) calling https://www.newsblur.com/reader/mark_story_hashes_as_read/
08-05 18:48:09.149 31004  7764 E baseline.com.newsblur.network.APIResponse: java.io.IOException: unexpected end of stream on https://www.newsblur.com/...
08-05 18:48:09.149 31004  7764 E baseline.com.newsblur.network.APIResponse: 	at okhttp3.internal.http1.Http1ExchangeCodec.readResponseHeaders(Http1ExchangeCodec.java:236)
08-05 18:48:09.149 31004  7764 E baseline.com.newsblur.network.APIResponse: 	at okhttp3.internal.connection.Exchange.readResponseHeaders(Exchange.java:115)
08-05 18:48:09.149 31004  7764 E baseline.com.newsblur.network.APIResponse: 	at okhttp3.internal.http.CallServerInterceptor.intercept(CallServerInterceptor.java:94)
08-05 18:48:09.149 31004  7764 E baseline.com.newsblur.network.APIResponse: 	at okhttp3.internal.http.RealInterceptorChain.proceed(RealInterceptorChain.java:142)
08-05 18:48:09.149 31004  7764 E baseline.com.newsblur.network.APIResponse: 	at okhttp3.internal.connection.ConnectInterceptor.intercept(ConnectInterceptor.java:43)
08-05 18:48:09.149 31004  7764 E baseline.com.newsblur.network.APIResponse: 	at okhttp3.internal.http.RealInterceptorChain.proceed(RealInterceptorChain.java:142)
08-05 18:48:09.149 31004  7764 E baseline.com.newsblur.network.APIResponse: 	at okhttp3.internal.http.RealInterceptorChain.proceed(RealInterceptorChain.java:117)
08-05 18:48:09.149 31004  7764 E baseline.com.newsblur.network.APIResponse: 	at okhttp3.internal.cache.CacheInterceptor.intercept(CacheInterceptor.java:94)
08-05 18:48:09.149 31004  7764 E baseline.com.newsblur.network.APIResponse: 	at okhttp3.internal.http.RealInterceptorChain.proceed(RealInterceptorChain.java:142)
08-05 18:48:09.149 31004  7764 E baseline.com.newsblur.network.APIResponse: 	at okhttp3.internal.http.RealInterceptorChain.proceed(RealInterceptorChain.java:117)
08-05 18:48:09.149 31004  7764 E baseline.com.newsblur.network.APIResponse: 	at okhttp3.internal.http.BridgeInterceptor.intercept(BridgeInterceptor.java:93)
08-05 18:48:09.149 31004  7764 E baseline.com.newsblur.network.APIResponse: 	at okhttp3.internal.http.RealInterceptorChain.proceed(RealInterceptorChain.java:142)
08-05 18:48:09.149 31004  7764 E baseline.com.newsblur.network.APIResponse: 	at okhttp3.internal.http.RetryAndFollowUpInterceptor.intercept(RetryAndFollowUpInterceptor.java:88)
08-05 18:48:09.149 31004  7764 E baseline.com.newsblur.network.APIResponse: 	at okhttp3.internal.http.RealInterceptorChain.proceed(RealInterceptorChain.java:142)
08-05 18:48:09.149 31004  7764 E baseline.com.newsblur.network.APIResponse: 	at okhttp3.internal.http.RealInterceptorChain.proceed(RealInterceptorChain.java:117)
08-05 18:48:09.149 31004  7764 E baseline.com.newsblur.network.APIResponse: 	at okhttp3.RealCall.getResponseWithInterceptorChain(RealCall.java:229)
08-05 18:48:09.149 31004  7764 E baseline.com.newsblur.network.APIResponse: 	at okhttp3.RealCall.execute(RealCall.java:81)
08-05 18:48:09.149 31004  7764 E baseline.com.newsblur.network.APIResponse: 	at baseline.com.newsblur.network.APIResponse.<init>(APIResponse.java:57)
08-05 18:48:09.149 31004  7764 E baseline.com.newsblur.network.APIResponse: 	at baseline.com.newsblur.network.APIResponse.<init>(APIResponse.java:43)
08-05 18:48:09.149 31004  7764 E baseline.com.newsblur.network.APIResponse: 	at baseline.com.newsblur.network.APIManager.post_single(APIManager.java:702)
08-05 18:48:09.149 31004  7764 E baseline.com.newsblur.network.APIResponse: 	at baseline.com.newsblur.network.APIManager.post(APIManager.java:675)
08-05 18:48:09.149 31004  7764 E baseline.com.newsblur.network.APIResponse: 	at baseline.com.newsblur.network.APIManager.post(APIManager.java:714)
08-05 18:48:09.149 31004  7764 E baseline.com.newsblur.network.APIResponse: 	at baseline.com.newsblur.network.APIManager.markStoryAsRead(APIManager.java:205)
08-05 18:48:09.149 31004  7764 E baseline.com.newsblur.network.APIResponse: 	at baseline.com.newsblur.util.ReadingAction.doRemote(ReadingAction.java:281)
08-05 18:48:09.149 31004  7764 E baseline.com.newsblur.network.APIResponse: 	at baseline.com.newsblur.service.NBSyncService.syncActions(NBSyncService.java:400)
08-05 18:48:09.149 31004  7764 E baseline.com.newsblur.network.APIResponse: 	at baseline.com.newsblur.service.NBSyncService.doSync(NBSyncService.java:298)
08-05 18:48:09.149 31004  7764 E baseline.com.newsblur.network.APIResponse: 	at baseline.com.newsblur.service.NBSyncService.access$100(NBSyncService.java:67)
08-05 18:48:09.149 31004  7764 E baseline.com.newsblur.network.APIResponse: 	at baseline.com.newsblur.service.NBSyncService$1.run(NBSyncService.java:188)
08-05 18:48:09.149 31004  7764 E baseline.com.newsblur.network.APIResponse: 	at java.util.concurrent.ThreadPoolExecutor.runWorker(ThreadPoolExecutor.java:1113)
08-05 18:48:09.149 31004  7764 E baseline.com.newsblur.network.APIResponse: 	at java.util.concurrent.ThreadPoolExecutor$Worker.run(ThreadPoolExecutor.java:588)
08-05 18:48:09.149 31004  7764 E baseline.com.newsblur.network.APIResponse: 	at java.lang.Thread.run(Thread.java:818)
08-05 18:48:09.149 31004  7764 E baseline.com.newsblur.network.APIResponse: Caused by: java.io.EOFException: \n not found: limit=0 content=
08-05 18:48:09.149 31004  7764 E baseline.com.newsblur.network.APIResponse: 	at okio.RealBufferedSource.readUtf8LineStrict(RealBufferedSource.java:240)
08-05 18:48:09.149 31004  7764 E baseline.com.newsblur.network.APIResponse: 	at okhttp3.internal.http1.Http1ExchangeCodec.readHeaderLine(Http1ExchangeCodec.java:242)
08-05 18:48:09.149 31004  7764 E baseline.com.newsblur.network.APIResponse: 	at okhttp3.internal.http1.Http1ExchangeCodec.readResponseHeaders(Http1ExchangeCodec.java:213)
08-05 18:48:09.149 31004  7764 E baseline.com.newsblur.network.APIResponse: 	... 30 more
08-05 18:48:09.150 31004  7764 I baseline.com.newsblur.network.APIManager: API call failed, pausing before retry number 1
08-05 18:48:09.188 31004 31015 I art     : Starting a blocking GC Explicit
08-05 18:48:09.259 31004 31015 I art     : Explicit concurrent mark sweep GC freed 4168(382KB) AllocSpace objects, 3(60KB) LOS objects, 27% free, 41MB/57MB, paused 1.669ms total 70.325ms
08-05 18:48:09.277 31004 31015 I art     : Starting a blocking GC Explicit
08-05 18:48:09.341 31004 31015 I art     : Explicit concurrent mark sweep GC freed 133(4KB) AllocSpace objects, 0(0B) LOS objects, 27% free, 41MB/57MB, paused 1.495ms total 64.191ms
08-05 18:48:09.356 31004 31015 I art     : Starting a blocking GC Explicit
08-05 18:48:09.422 31004 31015 I art     : Explicit concurrent mark sweep GC freed 3(96B) AllocSpace objects, 0(0B) LOS objects, 27% free, 41MB/57MB, paused 1.577ms total 65.736ms
08-05 18:48:09.438 31004 31015 I art     : Starting a blocking GC Explicit
08-05 18:48:09.503 31004 31015 I art     : Explicit concurrent mark sweep GC freed 3(96B) AllocSpace objects, 0(0B) LOS objects, 27% free, 41MB/57MB, paused 1.503ms total 65.315ms
08-05 18:48:09.518 31004 31015 I art     : Starting a blocking GC Explicit
08-05 18:48:09.587 31004 31015 I art     : Explicit concurrent mark sweep GC freed 3(96B) AllocSpace objects, 0(0B) LOS objects, 27% free, 41MB/57MB, paused 1.671ms total 68.657ms
08-05 18:48:09.860   918  3261 D WifiStateMachine: starting scan for "H369AA63323"WPA_PSK with 2412,5180
08-05 18:48:10.005 31004  7198 I art     : Starting a blocking GC Explicit
08-05 18:48:10.075 31004  7198 I art     : Explicit concurrent mark sweep GC freed 1442(83KB) AllocSpace objects, 1(20KB) LOS objects, 27% free, 41MB/57MB, paused 1.627ms total 69.375ms
08-05 18:48:10.092 31004  7198 I art     : Starting a blocking GC Explicit
08-05 18:48:10.157 31004  7198 I art     : Explicit concurrent mark sweep GC freed 22(784B) AllocSpace objects, 0(0B) LOS objects, 27% free, 41MB/57MB, paused 1.544ms total 64.310ms
08-05 18:48:10.172 31004  7198 I art     : Starting a blocking GC Explicit
08-05 18:48:10.238 31004  7198 I art     : Explicit concurrent mark sweep GC freed 3(96B) AllocSpace objects, 0(0B) LOS objects, 27% free, 41MB/57MB, paused 1.657ms total 65.883ms
08-05 18:48:10.253 31004  7198 I art     : Starting a blocking GC Explicit
08-05 18:48:10.319 31004  7198 I art     : Explicit concurrent mark sweep GC freed 3(96B) AllocSpace objects, 0(0B) LOS objects, 27% free, 41MB/57MB, paused 1.654ms total 65.722ms
08-05 18:48:10.334 31004  7198 I art     : Starting a blocking GC Explicit
08-05 18:48:10.402 31004  7198 I art     : Explicit concurrent mark sweep GC freed 3(96B) AllocSpace objects, 0(0B) LOS objects, 27% free, 41MB/57MB, paused 1.711ms total 67.512ms
08-05 18:48:10.820 31004  5669 I art     : Starting a blocking GC Explicit
08-05 18:48:10.892 31004  5669 I art     : Explicit concurrent mark sweep GC freed 1606(91KB) AllocSpace objects, 1(20KB) LOS objects, 27% free, 41MB/57MB, paused 1.738ms total 70.991ms
08-05 18:48:10.909 31004  5669 I art     : Starting a blocking GC Explicit
08-05 18:48:10.978 31004  5669 I art     : Explicit concurrent mark sweep GC freed 28(1040B) AllocSpace objects, 0(0B) LOS objects, 27% free, 41MB/57MB, paused 1.927ms total 68.954ms
08-05 18:48:10.994 31004  5669 I art     : Starting a blocking GC Explicit
08-05 18:48:11.063 31004  5669 I art     : Explicit concurrent mark sweep GC freed 3(96B) AllocSpace objects, 0(0B) LOS objects, 27% free, 41MB/57MB, paused 1.716ms total 68.895ms
08-05 18:48:11.078 31004  5669 I art     : Starting a blocking GC Explicit
08-05 18:48:11.146 31004  5669 I art     : Explicit concurrent mark sweep GC freed 246(11KB) AllocSpace objects, 0(0B) LOS objects, 27% free, 41MB/57MB, paused 2.005ms total 67.386ms
08-05 18:48:11.161 31004  5669 I art     : Starting a blocking GC Explicit
08-05 18:48:11.217 31004  7764 E baseline.com.newsblur.network.APIResponse: Error (unexpected end of stream on https://www.newsblur.com/...) calling https://www.newsblur.com/reader/mark_story_hashes_as_read/
08-05 18:48:11.217 31004  7764 E baseline.com.newsblur.network.APIResponse: java.io.IOException: unexpected end of stream on https://www.newsblur.com/...
08-05 18:48:11.217 31004  7764 E baseline.com.newsblur.network.APIResponse: 	at okhttp3.internal.http1.Http1ExchangeCodec.readResponseHeaders(Http1ExchangeCodec.java:236)
08-05 18:48:11.217 31004  7764 E baseline.com.newsblur.network.APIResponse: 	at okhttp3.internal.connection.Exchange.readResponseHeaders(Exchange.java:115)
08-05 18:48:11.217 31004  7764 E baseline.com.newsblur.network.APIResponse: 	at okhttp3.internal.http.CallServerInterceptor.intercept(CallServerInterceptor.java:94)
08-05 18:48:11.217 31004  7764 E baseline.com.newsblur.network.APIResponse: 	at okhttp3.internal.http.RealInterceptorChain.proceed(RealInterceptorChain.java:142)
08-05 18:48:11.217 31004  7764 E baseline.com.newsblur.network.APIResponse: 	at okhttp3.internal.connection.ConnectInterceptor.intercept(ConnectInterceptor.java:43)
08-05 18:48:11.217 31004  7764 E baseline.com.newsblur.network.APIResponse: 	at okhttp3.internal.http.RealInterceptorChain.proceed(RealInterceptorChain.java:142)
08-05 18:48:11.217 31004  7764 E baseline.com.newsblur.network.APIResponse: 	at okhttp3.internal.http.RealInterceptorChain.proceed(RealInterceptorChain.java:117)
08-05 18:48:11.217 31004  7764 E baseline.com.newsblur.network.APIResponse: 	at okhttp3.internal.cache.CacheInterceptor.intercept(CacheInterceptor.java:94)
08-05 18:48:11.217 31004  7764 E baseline.com.newsblur.network.APIResponse: 	at okhttp3.internal.http.RealInterceptorChain.proceed(RealInterceptorChain.java:142)
08-05 18:48:11.217 31004  7764 E baseline.com.newsblur.network.APIResponse: 	at okhttp3.internal.http.RealInterceptorChain.proceed(RealInterceptorChain.java:117)
08-05 18:48:11.217 31004  7764 E baseline.com.newsblur.network.APIResponse: 	at okhttp3.internal.http.BridgeInterceptor.intercept(BridgeInterceptor.java:93)
08-05 18:48:11.217 31004  7764 E baseline.com.newsblur.network.APIResponse: 	at okhttp3.internal.http.RealInterceptorChain.proceed(RealInterceptorChain.java:142)
08-05 18:48:11.217 31004  7764 E baseline.com.newsblur.network.APIResponse: 	at okhttp3.internal.http.RetryAndFollowUpInterceptor.intercept(RetryAndFollowUpInterceptor.java:88)
08-05 18:48:11.217 31004  7764 E baseline.com.newsblur.network.APIResponse: 	at okhttp3.internal.http.RealInterceptorChain.proceed(RealInterceptorChain.java:142)
08-05 18:48:11.217 31004  7764 E baseline.com.newsblur.network.APIResponse: 	at okhttp3.internal.http.RealInterceptorChain.proceed(RealInterceptorChain.java:117)
08-05 18:48:11.217 31004  7764 E baseline.com.newsblur.network.APIResponse: 	at okhttp3.RealCall.getResponseWithInterceptorChain(RealCall.java:229)
08-05 18:48:11.217 31004  7764 E baseline.com.newsblur.network.APIResponse: 	at okhttp3.RealCall.execute(RealCall.java:81)
08-05 18:48:11.217 31004  7764 E baseline.com.newsblur.network.APIResponse: 	at baseline.com.newsblur.network.APIResponse.<init>(APIResponse.java:57)
08-05 18:48:11.217 31004  7764 E baseline.com.newsblur.network.APIResponse: 	at baseline.com.newsblur.network.APIResponse.<init>(APIResponse.java:43)
08-05 18:48:11.217 31004  7764 E baseline.com.newsblur.network.APIResponse: 	at baseline.com.newsblur.network.APIManager.post_single(APIManager.java:702)
08-05 18:48:11.217 31004  7764 E baseline.com.newsblur.network.APIResponse: 	at baseline.com.newsblur.network.APIManager.post(APIManager.java:675)
08-05 18:48:11.217 31004  7764 E baseline.com.newsblur.network.APIResponse: 	at baseline.com.newsblur.network.APIManager.post(APIManager.java:714)
08-05 18:48:11.217 31004  7764 E baseline.com.newsblur.network.APIResponse: 	at baseline.com.newsblur.network.APIManager.markStoryAsRead(APIManager.java:205)
08-05 18:48:11.217 31004  7764 E baseline.com.newsblur.network.APIResponse: 	at baseline.com.newsblur.util.ReadingAction.doRemote(ReadingAction.java:281)
08-05 18:48:11.217 31004  7764 E baseline.com.newsblur.network.APIResponse: 	at baseline.com.newsblur.service.NBSyncService.syncActions(NBSyncService.java:400)
08-05 18:48:11.217 31004  7764 E baseline.com.newsblur.network.APIResponse: 	at baseline.com.newsblur.service.NBSyncService.doSync(NBSyncService.java:298)
08-05 18:48:11.217 31004  7764 E baseline.com.newsblur.network.APIResponse: 	at baseline.com.newsblur.service.NBSyncService.access$100(NBSyncService.java:67)
08-05 18:48:11.217 31004  7764 E baseline.com.newsblur.network.APIResponse: 	at baseline.com.newsblur.service.NBSyncService$1.run(NBSyncService.java:188)
08-05 18:48:11.217 31004  7764 E baseline.com.newsblur.network.APIResponse: 	at java.util.concurrent.ThreadPoolExecutor.runWorker(ThreadPoolExecutor.java:1113)
08-05 18:48:11.217 31004  7764 E baseline.com.newsblur.network.APIResponse: 	at java.util.concurrent.ThreadPoolExecutor$Worker.run(ThreadPoolExecutor.java:588)
08-05 18:48:11.217 31004  7764 E baseline.com.newsblur.network.APIResponse: 	at java.lang.Thread.run(Thread.java:818)
08-05 18:48:11.217 31004  7764 E baseline.com.newsblur.network.APIResponse: Caused by: java.io.EOFException: \n not found: limit=0 content=
08-05 18:48:11.217 31004  7764 E baseline.com.newsblur.network.APIResponse: 	at okio.RealBufferedSource.readUtf8LineStrict(RealBufferedSource.java:240)
08-05 18:48:11.217 31004  7764 E baseline.com.newsblur.network.APIResponse: 	at okhttp3.internal.http1.Http1ExchangeCodec.readHeaderLine(Http1ExchangeCodec.java:242)
08-05 18:48:11.217 31004  7764 E baseline.com.newsblur.network.APIResponse: 	at okhttp3.internal.http1.Http1ExchangeCodec.readResponseHeaders(Http1ExchangeCodec.java:213)
08-05 18:48:11.217 31004  7764 E baseline.com.newsblur.network.APIResponse: 	... 30 more
08-05 18:48:11.219 31004  7764 I baseline.com.newsblur.network.APIManager: API call failed, pausing before retry number 2
08-05 18:48:11.228 31004  5669 I art     : Explicit concurrent mark sweep GC freed 1916(219KB) AllocSpace objects, 2(40KB) LOS objects, 27% free, 42MB/58MB, paused 1.662ms total 65.759ms
08-05 18:48:11.628 31004  5910 I art     : Starting a blocking GC Explicit
08-05 18:48:11.698 31004  5910 I art     : Explicit concurrent mark sweep GC freed 1852(128KB) AllocSpace objects, 1(20KB) LOS objects, 27% free, 41MB/57MB, paused 1.630ms total 69.883ms
08-05 18:48:11.716 31004  5910 I art     : Starting a blocking GC Explicit
08-05 18:48:11.782 31004  5910 I art     : Explicit concurrent mark sweep GC freed 51(1808B) AllocSpace objects, 0(0B) LOS objects, 27% free, 41MB/57MB, paused 1.646ms total 65.290ms
08-05 18:48:11.797 31004  5910 I art     : Starting a blocking GC Explicit
08-05 18:48:11.863 31004  5910 I art     : Explicit concurrent mark sweep GC freed 3(96B) AllocSpace objects, 0(0B) LOS objects, 27% free, 41MB/57MB, paused 1.673ms total 65.276ms
08-05 18:48:11.878 31004  5910 I art     : Starting a blocking GC Explicit
08-05 18:48:11.945 31004  5910 I art     : Explicit concurrent mark sweep GC freed 3(96B) AllocSpace objects, 0(0B) LOS objects, 27% free, 41MB/57MB, paused 1.553ms total 66.541ms
08-05 18:48:11.962 31004  5910 I art     : Starting a blocking GC Explicit
08-05 18:48:12.028 31004  5910 I art     : Explicit concurrent mark sweep GC freed 3(96B) AllocSpace objects, 0(0B) LOS objects, 27% free, 41MB/57MB, paused 1.653ms total 65.724ms
08-05 18:48:12.160   518   646 I ThermalEngine: ACTION: GPU - Setting GPU[0] to 510000000
08-05 18:48:12.417 31004 31016 I art     : Starting a blocking GC Explicit
08-05 18:48:12.466 31004 31016 I art     : Explicit concurrent mark sweep GC freed 1441(82KB) AllocSpace objects, 1(20KB) LOS objects, 27% free, 41MB/57MB, paused 1.154ms total 48.824ms
08-05 18:48:12.477 31004 31016 I art     : Starting a blocking GC Explicit
08-05 18:48:12.525 31004 31016 I art     : Explicit concurrent mark sweep GC freed 22(784B) AllocSpace objects, 0(0B) LOS objects, 27% free, 41MB/57MB, paused 1.085ms total 47.878ms
08-05 18:48:12.537 31004 31016 I art     : Starting a blocking GC Explicit
08-05 18:48:12.586 31004 31016 I art     : Explicit concurrent mark sweep GC freed 3(96B) AllocSpace objects, 0(0B) LOS objects, 27% free, 41MB/57MB, paused 1.173ms total 49.142ms
08-05 18:48:12.598 31004 31016 I art     : Starting a blocking GC Explicit
08-05 18:48:12.647 31004 31016 I art     : Explicit concurrent mark sweep GC freed 3(96B) AllocSpace objects, 0(0B) LOS objects, 27% free, 41MB/57MB, paused 1.343ms total 49.444ms
08-05 18:48:12.659 31004 31016 I art     : Starting a blocking GC Explicit
08-05 18:48:12.709 31004 31016 I art     : Explicit concurrent mark sweep GC freed 3(96B) AllocSpace objects, 0(0B) LOS objects, 27% free, 41MB/57MB, paused 1.210ms total 49.776ms
08-05 18:48:13.116 31004 31015 I art     : Starting a blocking GC Explicit
08-05 18:48:13.169 31004 31015 I art     : Explicit concurrent mark sweep GC freed 1441(82KB) AllocSpace objects, 1(20KB) LOS objects, 27% free, 41MB/57MB, paused 1.233ms total 52.678ms
08-05 18:48:13.185 31004 31015 I art     : Starting a blocking GC Explicit
08-05 18:48:13.233 31004 31015 I art     : Explicit concurrent mark sweep GC freed 22(800B) AllocSpace objects, 0(0B) LOS objects, 27% free, 41MB/57MB, paused 1.197ms total 47.744ms
08-05 18:48:13.244 31004 31015 I art     : Starting a blocking GC Explicit
08-05 18:48:13.294 31004 31015 I art     : Explicit concurrent mark sweep GC freed 3(96B) AllocSpace objects, 0(0B) LOS objects, 27% free, 41MB/57MB, paused 1.203ms total 49.297ms
08-05 18:48:13.305 31004 31015 I art     : Starting a blocking GC Explicit
08-05 18:48:13.355 31004 31015 I art     : Explicit concurrent mark sweep GC freed 3(96B) AllocSpace objects, 0(0B) LOS objects, 27% free, 41MB/57MB, paused 1.147ms total 48.956ms
08-05 18:48:13.366 31004 31015 I art     : Starting a blocking GC Explicit
08-05 18:48:13.417 31004 31015 I art     : Explicit concurrent mark sweep GC freed 3(96B) AllocSpace objects, 0(0B) LOS objects, 27% free, 41MB/57MB, paused 1.208ms total 50.095ms
08-05 18:48:13.810 31004  7198 I art     : Starting a blocking GC Explicit
08-05 18:48:13.864 31004  7198 I art     : Explicit concurrent mark sweep GC freed 1442(82KB) AllocSpace objects, 1(20KB) LOS objects, 27% free, 41MB/57MB, paused 1.196ms total 53.385ms
08-05 18:48:13.880 31004  7198 I art     : Starting a blocking GC Explicit
08-05 18:48:13.928 31004  7198 I art     : Explicit concurrent mark sweep GC freed 22(800B) AllocSpace objects, 0(0B) LOS objects, 27% free, 41MB/57MB, paused 1.203ms total 47.578ms
08-05 18:48:13.940 31004  7198 I art     : Starting a blocking GC Explicit
08-05 18:48:13.988 31004  7198 I art     : Explicit concurrent mark sweep GC freed 3(96B) AllocSpace objects, 0(0B) LOS objects, 27% free, 41MB/57MB, paused 1.226ms total 48.186ms
08-05 18:48:13.999 31004  7198 I art     : Starting a blocking GC Explicit
08-05 18:48:14.049 31004  7198 I art     : Explicit concurrent mark sweep GC freed 3(96B) AllocSpace objects, 0(0B) LOS objects, 27% free, 41MB/57MB, paused 1.217ms total 48.864ms
08-05 18:48:14.060 31004  7198 I art     : Starting a blocking GC Explicit
08-05 18:48:14.110 31004  7198 I art     : Explicit concurrent mark sweep GC freed 3(96B) AllocSpace objects, 0(0B) LOS objects, 27% free, 41MB/57MB, paused 1.208ms total 49.172ms
08-05 18:48:14.485 31004  5669 I art     : Starting a blocking GC Explicit
08-05 18:48:14.535 31004  5669 I art     : Explicit concurrent mark sweep GC freed 1606(91KB) AllocSpace objects, 1(20KB) LOS objects, 27% free, 41MB/57MB, paused 1.198ms total 49.457ms
08-05 18:48:14.546 31004  5669 I art     : Starting a blocking GC Explicit
08-05 18:48:14.593 31004  5669 I art     : Explicit concurrent mark sweep GC freed 28(1056B) AllocSpace objects, 0(0B) LOS objects, 27% free, 41MB/57MB, paused 1.236ms total 47.440ms
08-05 18:48:14.605 31004  5669 I art     : Starting a blocking GC Explicit
08-05 18:48:14.653 31004  5669 I art     : Explicit concurrent mark sweep GC freed 3(96B) AllocSpace objects, 0(0B) LOS objects, 27% free, 41MB/57MB, paused 1.210ms total 48.243ms
08-05 18:48:14.665 31004  5669 I art     : Starting a blocking GC Explicit
08-05 18:48:14.713 31004  5669 I art     : Explicit concurrent mark sweep GC freed 3(96B) AllocSpace objects, 0(0B) LOS objects, 27% free, 41MB/57MB, paused 1.227ms total 48.382ms
08-05 18:48:14.725 31004  5669 I art     : Starting a blocking GC Explicit
08-05 18:48:14.774 31004  5669 I art     : Explicit concurrent mark sweep GC freed 1617(63KB) AllocSpace objects, 0(0B) LOS objects, 27% free, 41MB/57MB, paused 1.238ms total 49.271ms
08-05 18:48:14.803 31004  7764 E baseline.com.newsblur.network.APIResponse: Error (unexpected end of stream on https://www.newsblur.com/...) calling https://www.newsblur.com/reader/mark_story_hashes_as_read/
08-05 18:48:14.803 31004  7764 E baseline.com.newsblur.network.APIResponse: java.io.IOException: unexpected end of stream on https://www.newsblur.com/...
08-05 18:48:14.803 31004  7764 E baseline.com.newsblur.network.APIResponse: 	at okhttp3.internal.http1.Http1ExchangeCodec.readResponseHeaders(Http1ExchangeCodec.java:236)
08-05 18:48:14.803 31004  7764 E baseline.com.newsblur.network.APIResponse: 	at okhttp3.internal.connection.Exchange.readResponseHeaders(Exchange.java:115)
08-05 18:48:14.803 31004  7764 E baseline.com.newsblur.network.APIResponse: 	at okhttp3.internal.http.CallServerInterceptor.intercept(CallServerInterceptor.java:94)
08-05 18:48:14.803 31004  7764 E baseline.com.newsblur.network.APIResponse: 	at okhttp3.internal.http.RealInterceptorChain.proceed(RealInterceptorChain.java:142)
08-05 18:48:14.803 31004  7764 E baseline.com.newsblur.network.APIResponse: 	at okhttp3.internal.connection.ConnectInterceptor.intercept(ConnectInterceptor.java:43)
08-05 18:48:14.803 31004  7764 E baseline.com.newsblur.network.APIResponse: 	at okhttp3.internal.http.RealInterceptorChain.proceed(RealInterceptorChain.java:142)
08-05 18:48:14.803 31004  7764 E baseline.com.newsblur.network.APIResponse: 	at okhttp3.internal.http.RealInterceptorChain.proceed(RealInterceptorChain.java:117)
08-05 18:48:14.803 31004  7764 E baseline.com.newsblur.network.APIResponse: 	at okhttp3.internal.cache.CacheInterceptor.intercept(CacheInterceptor.java:94)
08-05 18:48:14.803 31004  7764 E baseline.com.newsblur.network.APIResponse: 	at okhttp3.internal.http.RealInterceptorChain.proceed(RealInterceptorChain.java:142)
08-05 18:48:14.803 31004  7764 E baseline.com.newsblur.network.APIResponse: 	at okhttp3.internal.http.RealInterceptorChain.proceed(RealInterceptorChain.java:117)
08-05 18:48:14.803 31004  7764 E baseline.com.newsblur.network.APIResponse: 	at okhttp3.internal.http.BridgeInterceptor.intercept(BridgeInterceptor.java:93)
08-05 18:48:14.803 31004  7764 E baseline.com.newsblur.network.APIResponse: 	at okhttp3.internal.http.RealInterceptorChain.proceed(RealInterceptorChain.java:142)
08-05 18:48:14.803 31004  7764 E baseline.com.newsblur.network.APIResponse: 	at okhttp3.internal.http.RetryAndFollowUpInterceptor.intercept(RetryAndFollowUpInterceptor.java:88)
08-05 18:48:14.803 31004  7764 E baseline.com.newsblur.network.APIResponse: 	at okhttp3.internal.http.RealInterceptorChain.proceed(RealInterceptorChain.java:142)
08-05 18:48:14.803 31004  7764 E baseline.com.newsblur.network.APIResponse: 	at okhttp3.internal.http.RealInterceptorChain.proceed(RealInterceptorChain.java:117)
08-05 18:48:14.803 31004  7764 E baseline.com.newsblur.network.APIResponse: 	at okhttp3.RealCall.getResponseWithInterceptorChain(RealCall.java:229)
08-05 18:48:14.803 31004  7764 E baseline.com.newsblur.network.APIResponse: 	at okhttp3.RealCall.execute(RealCall.java:81)
08-05 18:48:14.803 31004  7764 E baseline.com.newsblur.network.APIResponse: 	at baseline.com.newsblur.network.APIResponse.<init>(APIResponse.java:57)
08-05 18:48:14.803 31004  7764 E baseline.com.newsblur.network.APIResponse: 	at baseline.com.newsblur.network.APIResponse.<init>(APIResponse.java:43)
08-05 18:48:14.803 31004  7764 E baseline.com.newsblur.network.APIResponse: 	at baseline.com.newsblur.network.APIManager.post_single(APIManager.java:702)
08-05 18:48:14.803 31004  7764 E baseline.com.newsblur.network.APIResponse: 	at baseline.com.newsblur.network.APIManager.post(APIManager.java:675)
08-05 18:48:14.803 31004  7764 E baseline.com.newsblur.network.APIResponse: 	at baseline.com.newsblur.network.APIManager.post(APIManager.java:714)
08-05 18:48:14.803 31004  7764 E baseline.com.newsblur.network.APIResponse: 	at baseline.com.newsblur.network.APIManager.markStoryAsRead(APIManager.java:205)
08-05 18:48:14.803 31004  7764 E baseline.com.newsblur.network.APIResponse: 	at baseline.com.newsblur.util.ReadingAction.doRemote(ReadingAction.java:281)
08-05 18:48:14.803 31004  7764 E baseline.com.newsblur.network.APIResponse: 	at baseline.com.newsblur.service.NBSyncService.syncActions(NBSyncService.java:400)
08-05 18:48:14.803 31004  7764 E baseline.com.newsblur.network.APIResponse: 	at baseline.com.newsblur.service.NBSyncService.doSync(NBSyncService.java:298)
08-05 18:48:14.803 31004  7764 E baseline.com.newsblur.network.APIResponse: 	at baseline.com.newsblur.service.NBSyncService.access$100(NBSyncService.java:67)
08-05 18:48:14.803 31004  7764 E baseline.com.newsblur.network.APIResponse: 	at baseline.com.newsblur.service.NBSyncService$1.run(NBSyncService.java:188)
08-05 18:48:14.803 31004  7764 E baseline.com.newsblur.network.APIResponse: 	at java.util.concurrent.ThreadPoolExecutor.runWorker(ThreadPoolExecutor.java:1113)
08-05 18:48:14.803 31004  7764 E baseline.com.newsblur.network.APIResponse: 	at java.util.concurrent.ThreadPoolExecutor$Worker.run(ThreadPoolExecutor.java:588)
08-05 18:48:14.803 31004  7764 E baseline.com.newsblur.network.APIResponse: 	at java.lang.Thread.run(Thread.java:818)
08-05 18:48:14.803 31004  7764 E baseline.com.newsblur.network.APIResponse: Caused by: java.io.EOFException: \n not found: limit=0 content=
08-05 18:48:14.803 31004  7764 E baseline.com.newsblur.network.APIResponse: 	at okio.RealBufferedSource.readUtf8LineStrict(RealBufferedSource.java:240)
08-05 18:48:14.803 31004  7764 E baseline.com.newsblur.network.APIResponse: 	at okhttp3.internal.http1.Http1ExchangeCodec.readHeaderLine(Http1ExchangeCodec.java:242)
08-05 18:48:14.803 31004  7764 E baseline.com.newsblur.network.APIResponse: 	at okhttp3.internal.http1.Http1ExchangeCodec.readResponseHeaders(Http1ExchangeCodec.java:213)
08-05 18:48:14.803 31004  7764 E baseline.com.newsblur.network.APIResponse: 	... 30 more
08-05 18:48:14.805 31004  7764 I baseline.com.newsblur.service.NBSyncService: Holding reading action with server-side or network error.
08-05 18:48:14.820 31004  7764 W baseline.com.newsblur.service.NBSyncService: hard API failure
08-05 18:48:14.862  7949  7949 D AndroidRuntime: >>>>>> START com.android.internal.os.RuntimeInit uid 2000 <<<<<<
08-05 18:48:14.867  7949  7949 D AndroidRuntime: CheckJNI is OFF
08-05 18:48:14.901  7949  7949 D ICU     : No timezone override file found: /data/misc/zoneinfo/current/icu/icu_tzdata.dat
08-05 18:48:14.933  7949  7949 I Radio-JNI: register_android_hardware_Radio DONE
08-05 18:48:14.955  7949  7949 D AndroidRuntime: Calling main entry com.android.commands.input.Input
08-05 18:48:14.957  7949  7949 I Input   : injectMotionEvent: MotionEvent { action=ACTION_DOWN, actionButton=0, id[0]=0, x[0]=436.0, y[0]=453.0, toolType[0]=TOOL_TYPE_UNKNOWN, buttonState=0, metaState=0, flags=0x0, edgeFlags=0x0, pointerCount=1, historySize=0, eventTime=816511370, downTime=816511370, deviceId=0, source=0x1002 }
08-05 18:48:14.964  7949  7949 I Input   : injectMotionEvent: MotionEvent { action=ACTION_UP, actionButton=0, id[0]=0, x[0]=436.0, y[0]=453.0, toolType[0]=TOOL_TYPE_UNKNOWN, buttonState=0, metaState=0, flags=0x0, edgeFlags=0x0, pointerCount=1, historySize=0, eventTime=816511370, downTime=816511370, deviceId=0, source=0x1002 }
08-05 18:48:14.969  7949  7949 D AndroidRuntime: Shutting down VM
08-05 18:48:14.983   918  6110 I ActivityManager: START u0 {cmp=baseline.com.newsblur/.activity.AllSharedStoriesReading (has extras)} from uid 10676 on display 0
08-05 18:48:14.984   512  2967 D audio_hw_primary: out_set_parameters: enter: usecase(1: low-latency-playback) kvpairs: routing=2
08-05 18:48:14.997   512  2967 D audio_hw_primary: select_devices: out_snd_device(2: speaker) in_snd_device(0: none)
08-05 18:48:14.997   512  2967 D msm8974_platform: platform_send_audio_calibration: sending audio calibration for snd_device(2) acdb_id(15)
08-05 18:48:14.997   512  2967 I soundtrigger: audio_extn_sound_trigger_update_device_status: device 0x2 of type 0 for Event 1
08-05 18:48:15.007   512  2967 D audio_hw_primary: enable_snd_device: snd_device(2: speaker)
08-05 18:48:15.009   512  2967 D audio_hw_primary: enable_audio_route: apply and update mixer path: low-latency-playback speaker
08-05 18:48:15.122 31004  5669 I art     : Starting a blocking GC Explicit
08-05 18:48:15.170   518   646 I ThermalEngine: ACTION: GPU - Setting GPU[0] to 450000000
08-05 18:48:15.178 31004  5669 I art     : Explicit concurrent mark sweep GC freed 4384(516KB) AllocSpace objects, 10(628KB) LOS objects, 27% free, 42MB/58MB, paused 1.730ms total 56.028ms
08-05 18:48:15.194 31004  5669 I art     : Starting a blocking GC Explicit
08-05 18:48:15.219   918   936 I ActivityManager: Displayed baseline.com.newsblur/.activity.AllSharedStoriesReading: +227ms
08-05 18:48:15.219 13866 13866 I GoogleInputMethodServic: GoogleInputMethodService.onFinishInput():3138 
08-05 18:48:15.219 13866 13866 I GoogleInputMethodServic: GoogleInputMethodService.onStartInput():1808 
08-05 18:48:15.251 31004  5669 I art     : Explicit concurrent mark sweep GC freed 2667(138KB) AllocSpace objects, 1(20KB) LOS objects, 27% free, 42MB/58MB, paused 2.043ms total 56.871ms
08-05 18:48:15.266 31004  5669 I art     : Starting a blocking GC Explicit
08-05 18:48:15.290 31004  7764 E baseline.com.newsblur.network.APIResponse: Error (unexpected end of stream on https://www.newsblur.com/...) calling https://www.newsblur.com/reader/mark_story_hashes_as_read/
08-05 18:48:15.290 31004  7764 E baseline.com.newsblur.network.APIResponse: java.io.IOException: unexpected end of stream on https://www.newsblur.com/...
08-05 18:48:15.290 31004  7764 E baseline.com.newsblur.network.APIResponse: 	at okhttp3.internal.http1.Http1ExchangeCodec.readResponseHeaders(Http1ExchangeCodec.java:236)
08-05 18:48:15.290 31004  7764 E baseline.com.newsblur.network.APIResponse: 	at okhttp3.internal.connection.Exchange.readResponseHeaders(Exchange.java:115)
08-05 18:48:15.290 31004  7764 E baseline.com.newsblur.network.APIResponse: 	at okhttp3.internal.http.CallServerInterceptor.intercept(CallServerInterceptor.java:94)
08-05 18:48:15.290 31004  7764 E baseline.com.newsblur.network.APIResponse: 	at okhttp3.internal.http.RealInterceptorChain.proceed(RealInterceptorChain.java:142)
08-05 18:48:15.290 31004  7764 E baseline.com.newsblur.network.APIResponse: 	at okhttp3.internal.connection.ConnectInterceptor.intercept(ConnectInterceptor.java:43)
08-05 18:48:15.290 31004  7764 E baseline.com.newsblur.network.APIResponse: 	at okhttp3.internal.http.RealInterceptorChain.proceed(RealInterceptorChain.java:142)
08-05 18:48:15.290 31004  7764 E baseline.com.newsblur.network.APIResponse: 	at okhttp3.internal.http.RealInterceptorChain.proceed(RealInterceptorChain.java:117)
08-05 18:48:15.290 31004  7764 E baseline.com.newsblur.network.APIResponse: 	at okhttp3.internal.cache.CacheInterceptor.intercept(CacheInterceptor.java:94)
08-05 18:48:15.290 31004  7764 E baseline.com.newsblur.network.APIResponse: 	at okhttp3.internal.http.RealInterceptorChain.proceed(RealInterceptorChain.java:142)
08-05 18:48:15.290 31004  7764 E baseline.com.newsblur.network.APIResponse: 	at okhttp3.internal.http.RealInterceptorChain.proceed(RealInterceptorChain.java:117)
08-05 18:48:15.290 31004  7764 E baseline.com.newsblur.network.APIResponse: 	at okhttp3.internal.http.BridgeInterceptor.intercept(BridgeInterceptor.java:93)
08-05 18:48:15.290 31004  7764 E baseline.com.newsblur.network.APIResponse: 	at okhttp3.internal.http.RealInterceptorChain.proceed(RealInterceptorChain.java:142)
08-05 18:48:15.290 31004  7764 E baseline.com.newsblur.network.APIResponse: 	at okhttp3.internal.http.RetryAndFollowUpInterceptor.intercept(RetryAndFollowUpInterceptor.java:88)
08-05 18:48:15.290 31004  7764 E baseline.com.newsblur.network.APIResponse: 	at okhttp3.internal.http.RealInterceptorChain.proceed(RealInterceptorChain.java:142)
08-05 18:48:15.290 31004  7764 E baseline.com.newsblur.network.APIResponse: 	at okhttp3.internal.http.RealInterceptorChain.proceed(RealInterceptorChain.java:117)
08-05 18:48:15.290 31004  7764 E baseline.com.newsblur.network.APIResponse: 	at okhttp3.RealCall.getResponseWithInterceptorChain(RealCall.java:229)
08-05 18:48:15.290 31004  7764 E baseline.com.newsblur.network.APIResponse: 	at okhttp3.RealCall.execute(RealCall.java:81)
08-05 18:48:15.290 31004  7764 E baseline.com.newsblur.network.APIResponse: 	at baseline.com.newsblur.network.APIResponse.<init>(APIResponse.java:57)
08-05 18:48:15.290 31004  7764 E baseline.com.newsblur.network.APIResponse: 	at baseline.com.newsblur.network.APIResponse.<init>(APIResponse.java:43)
08-05 18:48:15.290 31004  7764 E baseline.com.newsblur.network.APIResponse: 	at baseline.com.newsblur.network.APIManager.post_single(APIManager.java:702)
08-05 18:48:15.290 31004  7764 E baseline.com.newsblur.network.APIResponse: 	at baseline.com.newsblur.network.APIManager.post(APIManager.java:675)
08-05 18:48:15.290 31004  7764 E baseline.com.newsblur.network.APIResponse: 	at baseline.com.newsblur.network.APIManager.post(APIManager.java:714)
08-05 18:48:15.290 31004  7764 E baseline.com.newsblur.network.APIResponse: 	at baseline.com.newsblur.network.APIManager.markStoryAsRead(APIManager.java:205)
08-05 18:48:15.290 31004  7764 E baseline.com.newsblur.network.APIResponse: 	at baseline.com.newsblur.util.ReadingAction.doRemote(ReadingAction.java:281)
08-05 18:48:15.290 31004  7764 E baseline.com.newsblur.network.APIResponse: 	at baseline.com.newsblur.service.NBSyncService.syncActions(NBSyncService.java:400)
08-05 18:48:15.290 31004  7764 E baseline.com.newsblur.network.APIResponse: 	at baseline.com.newsblur.service.NBSyncService.doSync(NBSyncService.java:298)
08-05 18:48:15.290 31004  7764 E baseline.com.newsblur.network.APIResponse: 	at baseline.com.newsblur.service.NBSyncService.access$100(NBSyncService.java:67)
08-05 18:48:15.290 31004  7764 E baseline.com.newsblur.network.APIResponse: 	at baseline.com.newsblur.service.NBSyncService$1.run(NBSyncService.java:188)
08-05 18:48:15.290 31004  7764 E baseline.com.newsblur.network.APIResponse: 	at java.util.concurrent.ThreadPoolExecutor.runWorker(ThreadPoolExecutor.java:1113)
08-05 18:48:15.290 31004  7764 E baseline.com.newsblur.network.APIResponse: 	at java.util.concurrent.ThreadPoolExecutor$Worker.run(ThreadPoolExecutor.java:588)
08-05 18:48:15.290 31004  7764 E baseline.com.newsblur.network.APIResponse: 	at java.lang.Thread.run(Thread.java:818)
08-05 18:48:15.290 31004  7764 E baseline.com.newsblur.network.APIResponse: Caused by: java.io.EOFException: \n not found: limit=0 content=
08-05 18:48:15.290 31004  7764 E baseline.com.newsblur.network.APIResponse: 	at okio.RealBufferedSource.readUtf8LineStrict(RealBufferedSource.java:240)
08-05 18:48:15.290 31004  7764 E baseline.com.newsblur.network.APIResponse: 	at okhttp3.internal.http1.Http1ExchangeCodec.readHeaderLine(Http1ExchangeCodec.java:242)
08-05 18:48:15.290 31004  7764 E baseline.com.newsblur.network.APIResponse: 	at okhttp3.internal.http1.Http1ExchangeCodec.readResponseHeaders(Http1ExchangeCodec.java:213)
08-05 18:48:15.290 31004  7764 E baseline.com.newsblur.network.APIResponse: 	... 30 more
08-05 18:48:15.291 31004  7764 I baseline.com.newsblur.network.APIManager: API call failed, pausing before retry number 1
08-05 18:48:15.327 31004  5669 I art     : Explicit concurrent mark sweep GC freed 2695(332KB) AllocSpace objects, 10(220KB) LOS objects, 27% free, 42MB/58MB, paused 1.792ms total 61.185ms
08-05 18:48:15.348 31004  5669 I art     : Starting a blocking GC Explicit
08-05 18:48:15.409 31004  5669 I art     : Explicit concurrent mark sweep GC freed 1093(90KB) AllocSpace objects, 4(104KB) LOS objects, 27% free, 42MB/58MB, paused 1.802ms total 60.553ms
08-05 18:48:15.423 31004  5669 I art     : Starting a blocking GC Explicit
08-05 18:48:15.474 31004  6243 E chromium: [ERROR:tile_manager.cc(793)] WARNING: tile memory limits exceeded, some content may not draw
08-05 18:48:15.475 31004  6243 E chromium: [ERROR:tile_manager.cc(793)] WARNING: tile memory limits exceeded, some content may not draw
08-05 18:48:15.483 31004  5669 I art     : Explicit concurrent mark sweep GC freed 416(32KB) AllocSpace objects, 0(0B) LOS objects, 27% free, 42MB/58MB, paused 1.461ms total 59.471ms
08-05 18:48:15.549   512  2967 D audio_hw_primary: disable_audio_route: reset and update mixer path: low-latency-playback speaker
08-05 18:48:15.550   512  2967 D audio_hw_primary: disable_snd_device: snd_device(2: speaker)
08-05 18:48:15.558   512  2967 I soundtrigger: audio_extn_sound_trigger_update_device_status: device 0x2 of type 0 for Event 0
08-05 18:48:15.848 31004  5910 I art     : Starting a blocking GC Explicit
08-05 18:48:15.914 31004  5910 I art     : Explicit concurrent mark sweep GC freed 1612(101KB) AllocSpace objects, 2(40KB) LOS objects, 27% free, 42MB/58MB, paused 1.582ms total 65.690ms
08-05 18:48:15.930 31004  5910 I art     : Starting a blocking GC Explicit
08-05 18:48:15.994 31004  5910 I art     : Explicit concurrent mark sweep GC freed 29(1072B) AllocSpace objects, 0(0B) LOS objects, 27% free, 42MB/58MB, paused 1.595ms total 64.517ms
08-05 18:48:16.010 31004  5910 I art     : Starting a blocking GC Explicit
08-05 18:48:16.076 31004  5910 I art     : Explicit concurrent mark sweep GC freed 3(96B) AllocSpace objects, 0(0B) LOS objects, 27% free, 42MB/58MB, paused 1.562ms total 65.490ms
08-05 18:48:16.096 31004  5910 I art     : Starting a blocking GC Explicit
08-05 18:48:16.159 31004  5910 I art     : Explicit concurrent mark sweep GC freed 3(96B) AllocSpace objects, 0(0B) LOS objects, 27% free, 42MB/58MB, paused 1.549ms total 63.172ms
08-05 18:48:16.174 31004  5910 I art     : Starting a blocking GC Explicit
08-05 18:48:16.237 31004  5910 I art     : Explicit concurrent mark sweep GC freed 3(96B) AllocSpace objects, 0(0B) LOS objects, 27% free, 42MB/58MB, paused 1.550ms total 62.696ms
08-05 18:48:16.637 31004 31015 I art     : Starting a blocking GC Explicit
08-05 18:48:16.708 31004 31015 I art     : Explicit concurrent mark sweep GC freed 1496(84KB) AllocSpace objects, 1(20KB) LOS objects, 27% free, 42MB/58MB, paused 1.401ms total 70.005ms
08-05 18:48:16.724 31004 31015 I art     : Starting a blocking GC Explicit
08-05 18:48:16.789 31004 31015 I art     : Explicit concurrent mark sweep GC freed 31(1072B) AllocSpace objects, 0(0B) LOS objects, 27% free, 42MB/58MB, paused 1.450ms total 64.466ms
08-05 18:48:16.804 31004 31015 I art     : Starting a blocking GC Explicit
08-05 18:48:16.873 31004 31015 I art     : Explicit concurrent mark sweep GC freed 94(3KB) AllocSpace objects, 0(0B) LOS objects, 27% free, 42MB/58MB, paused 1.724ms total 68.761ms
08-05 18:48:16.889 31004 31015 I art     : Starting a blocking GC Explicit
08-05 18:48:16.961 31004 31015 I art     : Explicit concurrent mark sweep GC freed 77(5KB) AllocSpace objects, 0(0B) LOS objects, 27% free, 42MB/58MB, paused 1.733ms total 72.343ms
08-05 18:48:16.977 31004 31015 I art     : Starting a blocking GC Explicit
08-05 18:48:17.049 31004 31015 I art     : Explicit concurrent mark sweep GC freed 9(400B) AllocSpace objects, 0(0B) LOS objects, 27% free, 42MB/58MB, paused 1.775ms total 71.450ms
08-05 18:48:17.335 31004  7764 E baseline.com.newsblur.network.APIResponse: Error (unexpected end of stream on https://www.newsblur.com/...) calling https://www.newsblur.com/reader/mark_story_hashes_as_read/
08-05 18:48:17.335 31004  7764 E baseline.com.newsblur.network.APIResponse: java.io.IOException: unexpected end of stream on https://www.newsblur.com/...
08-05 18:48:17.335 31004  7764 E baseline.com.newsblur.network.APIResponse: 	at okhttp3.internal.http1.Http1ExchangeCodec.readResponseHeaders(Http1ExchangeCodec.java:236)
08-05 18:48:17.335 31004  7764 E baseline.com.newsblur.network.APIResponse: 	at okhttp3.internal.connection.Exchange.readResponseHeaders(Exchange.java:115)
08-05 18:48:17.335 31004  7764 E baseline.com.newsblur.network.APIResponse: 	at okhttp3.internal.http.CallServerInterceptor.intercept(CallServerInterceptor.java:94)
08-05 18:48:17.335 31004  7764 E baseline.com.newsblur.network.APIResponse: 	at okhttp3.internal.http.RealInterceptorChain.proceed(RealInterceptorChain.java:142)
08-05 18:48:17.335 31004  7764 E baseline.com.newsblur.network.APIResponse: 	at okhttp3.internal.connection.ConnectInterceptor.intercept(ConnectInterceptor.java:43)
08-05 18:48:17.335 31004  7764 E baseline.com.newsblur.network.APIResponse: 	at okhttp3.internal.http.RealInterceptorChain.proceed(RealInterceptorChain.java:142)
08-05 18:48:17.335 31004  7764 E baseline.com.newsblur.network.APIResponse: 	at okhttp3.internal.http.RealInterceptorChain.proceed(RealInterceptorChain.java:117)
08-05 18:48:17.335 31004  7764 E baseline.com.newsblur.network.APIResponse: 	at okhttp3.internal.cache.CacheInterceptor.intercept(CacheInterceptor.java:94)
08-05 18:48:17.335 31004  7764 E baseline.com.newsblur.network.APIResponse: 	at okhttp3.internal.http.RealInterceptorChain.proceed(RealInterceptorChain.java:142)
08-05 18:48:17.335 31004  7764 E baseline.com.newsblur.network.APIResponse: 	at okhttp3.internal.http.RealInterceptorChain.proceed(RealInterceptorChain.java:117)
08-05 18:48:17.335 31004  7764 E baseline.com.newsblur.network.APIResponse: 	at okhttp3.internal.http.BridgeInterceptor.intercept(BridgeInterceptor.java:93)
08-05 18:48:17.335 31004  7764 E baseline.com.newsblur.network.APIResponse: 	at okhttp3.internal.http.RealInterceptorChain.proceed(RealInterceptorChain.java:142)
08-05 18:48:17.335 31004  7764 E baseline.com.newsblur.network.APIResponse: 	at okhttp3.internal.http.RetryAndFollowUpInterceptor.intercept(RetryAndFollowUpInterceptor.java:88)
08-05 18:48:17.335 31004  7764 E baseline.com.newsblur.network.APIResponse: 	at okhttp3.internal.http.RealInterceptorChain.proceed(RealInterceptorChain.java:142)
08-05 18:48:17.335 31004  7764 E baseline.com.newsblur.network.APIResponse: 	at okhttp3.internal.http.RealInterceptorChain.proceed(RealInterceptorChain.java:117)
08-05 18:48:17.335 31004  7764 E baseline.com.newsblur.network.APIResponse: 	at okhttp3.RealCall.getResponseWithInterceptorChain(RealCall.java:229)
08-05 18:48:17.335 31004  7764 E baseline.com.newsblur.network.APIResponse: 	at okhttp3.RealCall.execute(RealCall.java:81)
08-05 18:48:17.335 31004  7764 E baseline.com.newsblur.network.APIResponse: 	at baseline.com.newsblur.network.APIResponse.<init>(APIResponse.java:57)
08-05 18:48:17.335 31004  7764 E baseline.com.newsblur.network.APIResponse: 	at baseline.com.newsblur.network.APIResponse.<init>(APIResponse.java:43)
08-05 18:48:17.335 31004  7764 E baseline.com.newsblur.network.APIResponse: 	at baseline.com.newsblur.network.APIManager.post_single(APIManager.java:702)
08-05 18:48:17.335 31004  7764 E baseline.com.newsblur.network.APIResponse: 	at baseline.com.newsblur.network.APIManager.post(APIManager.java:675)
08-05 18:48:17.335 31004  7764 E baseline.com.newsblur.network.APIResponse: 	at baseline.com.newsblur.network.APIManager.post(APIManager.java:714)
08-05 18:48:17.335 31004  7764 E baseline.com.newsblur.network.APIResponse: 	at baseline.com.newsblur.network.APIManager.markStoryAsRead(APIManager.java:205)
08-05 18:48:17.335 31004  7764 E baseline.com.newsblur.network.APIResponse: 	at baseline.com.newsblur.util.ReadingAction.doRemote(ReadingAction.java:281)
08-05 18:48:17.335 31004  7764 E baseline.com.newsblur.network.APIResponse: 	at baseline.com.newsblur.service.NBSyncService.syncActions(NBSyncService.java:400)
08-05 18:48:17.335 31004  7764 E baseline.com.newsblur.network.APIResponse: 	at baseline.com.newsblur.service.NBSyncService.doSync(NBSyncService.java:298)
08-05 18:48:17.335 31004  7764 E baseline.com.newsblur.network.APIResponse: 	at baseline.com.newsblur.service.NBSyncService.access$100(NBSyncService.java:67)
08-05 18:48:17.335 31004  7764 E baseline.com.newsblur.network.APIResponse: 	at baseline.com.newsblur.service.NBSyncService$1.run(NBSyncService.java:188)
08-05 18:48:17.335 31004  7764 E baseline.com.newsblur.network.APIResponse: 	at java.util.concurrent.ThreadPoolExecutor.runWorker(ThreadPoolExecutor.java:1113)
08-05 18:48:17.335 31004  7764 E baseline.com.newsblur.network.APIResponse: 	at java.util.concurrent.ThreadPoolExecutor$Worker.run(ThreadPoolExecutor.java:588)
08-05 18:48:17.335 31004  7764 E baseline.com.newsblur.network.APIResponse: 	at java.lang.Thread.run(Thread.java:818)
08-05 18:48:17.335 31004  7764 E baseline.com.newsblur.network.APIResponse: Caused by: java.io.EOFException: \n not found: limit=0 content=
08-05 18:48:17.335 31004  7764 E baseline.com.newsblur.network.APIResponse: 	at okio.RealBufferedSource.readUtf8LineStrict(RealBufferedSource.java:240)
08-05 18:48:17.335 31004  7764 E baseline.com.newsblur.network.APIResponse: 	at okhttp3.internal.http1.Http1ExchangeCodec.readHeaderLine(Http1ExchangeCodec.java:242)
08-05 18:48:17.335 31004  7764 E baseline.com.newsblur.network.APIResponse: 	at okhttp3.internal.http1.Http1ExchangeCodec.readResponseHeaders(Http1ExchangeCodec.java:213)
08-05 18:48:17.335 31004  7764 E baseline.com.newsblur.network.APIResponse: 	... 30 more
08-05 18:48:17.336 31004  7764 I baseline.com.newsblur.network.APIManager: API call failed, pausing before retry number 2
08-05 18:48:17.480 31004  7198 I art     : Starting a blocking GC Explicit
08-05 18:48:17.550 31004  7198 I art     : Explicit concurrent mark sweep GC freed 3953(357KB) AllocSpace objects, 3(60KB) LOS objects, 27% free, 42MB/58MB, paused 1.723ms total 70.083ms
08-05 18:48:17.566 31004  7198 I art     : Starting a blocking GC Explicit
08-05 18:48:17.636 31004  7198 I art     : Explicit concurrent mark sweep GC freed 109(3KB) AllocSpace objects, 0(0B) LOS objects, 27% free, 42MB/58MB, paused 1.732ms total 70.338ms
08-05 18:48:17.652 31004  7198 I art     : Starting a blocking GC Explicit
08-05 18:48:17.724 31004  7198 I art     : Explicit concurrent mark sweep GC freed 3(96B) AllocSpace objects, 0(0B) LOS objects, 27% free, 42MB/58MB, paused 1.662ms total 72.100ms
08-05 18:48:17.740 31004  7198 I art     : Starting a blocking GC Explicit
08-05 18:48:17.811 31004  7198 I art     : Explicit concurrent mark sweep GC freed 3(96B) AllocSpace objects, 0(0B) LOS objects, 27% free, 42MB/58MB, paused 1.693ms total 70.300ms
08-05 18:48:17.827 31004  7198 I art     : Starting a blocking GC Explicit
08-05 18:48:17.900 31004  7198 I art     : Explicit concurrent mark sweep GC freed 3(96B) AllocSpace objects, 0(0B) LOS objects, 27% free, 42MB/58MB, paused 1.550ms total 72.347ms
08-05 18:48:18.321 31004  5910 I art     : Starting a blocking GC Explicit
08-05 18:48:18.397 31004  5910 I art     : Explicit concurrent mark sweep GC freed 1446(83KB) AllocSpace objects, 1(20KB) LOS objects, 27% free, 42MB/58MB, paused 1.531ms total 75.231ms
08-05 18:48:18.416 31004  5910 I art     : Starting a blocking GC Explicit
08-05 18:48:18.484 31004  5910 I art     : Explicit concurrent mark sweep GC freed 22(784B) AllocSpace objects, 0(0B) LOS objects, 27% free, 42MB/58MB, paused 1.537ms total 67.813ms
08-05 18:48:18.500 31004  5910 I art     : Starting a blocking GC Explicit
08-05 18:48:18.567 31004  5910 I art     : Explicit concurrent mark sweep GC freed 3(96B) AllocSpace objects, 0(0B) LOS objects, 27% free, 42MB/58MB, paused 1.625ms total 67.023ms
08-05 18:48:18.583 31004  5910 I art     : Starting a blocking GC Explicit
08-05 18:48:18.654 31004  5910 I art     : Explicit concurrent mark sweep GC freed 3(96B) AllocSpace objects, 0(0B) LOS objects, 27% free, 42MB/58MB, paused 1.506ms total 71.027ms
08-05 18:48:18.672 31004  5910 I art     : Starting a blocking GC Explicit
08-05 18:48:18.741 31004  5910 I art     : Explicit concurrent mark sweep GC freed 3(96B) AllocSpace objects, 0(0B) LOS objects, 27% free, 42MB/58MB, paused 1.679ms total 69.606ms
08-05 18:48:19.161 31004  5669 I art     : Starting a blocking GC Explicit
08-05 18:48:19.232 31004  5669 I art     : Explicit concurrent mark sweep GC freed 2424(133KB) AllocSpace objects, 1(20KB) LOS objects, 27% free, 42MB/58MB, paused 1.626ms total 70.107ms
08-05 18:48:19.247 31004  5669 I art     : Starting a blocking GC Explicit
08-05 18:48:19.304 31004  5669 I art     : Explicit concurrent mark sweep GC freed 6893(464KB) AllocSpace objects, 1(20KB) LOS objects, 27% free, 42MB/58MB, paused 1.522ms total 55.868ms
08-05 18:48:19.318 31004  5669 I art     : Starting a blocking GC Explicit
08-05 18:48:19.377 31004  5669 I art     : Explicit concurrent mark sweep GC freed 566(39KB) AllocSpace objects, 0(0B) LOS objects, 27% free, 42MB/58MB, paused 1.576ms total 58.878ms
08-05 18:48:19.392 31004  5669 I art     : Starting a blocking GC Explicit
08-05 18:48:19.456 31004  5669 I art     : Explicit concurrent mark sweep GC freed 153(5KB) AllocSpace objects, 0(0B) LOS objects, 27% free, 42MB/58MB, paused 1.642ms total 64.151ms
08-05 18:48:19.471 31004  5669 I art     : Starting a blocking GC Explicit
08-05 18:48:19.535 31004  5669 I art     : Explicit concurrent mark sweep GC freed 188(20KB) AllocSpace objects, 0(0B) LOS objects, 27% free, 42MB/58MB, paused 1.629ms total 63.760ms
08-05 18:48:19.762  8025  8025 D AndroidRuntime: >>>>>> START com.android.internal.os.RuntimeInit uid 2000 <<<<<<
08-05 18:48:19.768  8025  8025 D AndroidRuntime: CheckJNI is OFF
08-05 18:48:19.809  8025  8025 D ICU     : No timezone override file found: /data/misc/zoneinfo/current/icu/icu_tzdata.dat
08-05 18:48:19.850  8025  8025 I Radio-JNI: register_android_hardware_Radio DONE
08-05 18:48:19.879  8025  8025 D AndroidRuntime: Calling main entry com.android.commands.input.Input
08-05 18:48:19.881  8025  8025 I Input   : injectKeyEvent: KeyEvent { action=ACTION_DOWN, keyCode=KEYCODE_BACK, scanCode=0, metaState=0, flags=0x0, repeatCount=0, eventTime=816516294, downTime=816516294, deviceId=-1, source=0x101 }
08-05 18:48:19.888  8025  8025 I Input   : injectKeyEvent: KeyEvent { action=ACTION_UP, keyCode=KEYCODE_BACK, scanCode=0, metaState=0, flags=0x0, repeatCount=0, eventTime=816516294, downTime=816516294, deviceId=-1, source=0x101 }
08-05 18:48:19.894  8025  8025 D AndroidRuntime: Shutting down VM
08-05 18:48:19.906 31004 31004 D baseline.com.newsblur.service.NBSyncService: rejecting request for feedset that is exhaused
08-05 18:48:19.927 31004  5910 I art     : Starting a blocking GC Explicit
08-05 18:48:19.989 31004  5910 I art     : Explicit concurrent mark sweep GC freed 1926(134KB) AllocSpace objects, 3(60KB) LOS objects, 27% free, 42MB/58MB, paused 1.670ms total 61.806ms
08-05 18:48:20.004 31004  5910 I art     : Starting a blocking GC Explicit
08-05 18:48:20.066 31004  5910 I art     : Explicit concurrent mark sweep GC freed 594(43KB) AllocSpace objects, 1(20KB) LOS objects, 27% free, 42MB/58MB, paused 2.155ms total 61.644ms
08-05 18:48:20.081 31004  5910 I art     : Starting a blocking GC Explicit
08-05 18:48:20.094 31004 31004 D baseline.com.newsblur.service.NBSyncService: rejecting request for feedset that is exhaused
08-05 18:48:20.139 31004  5910 I art     : Explicit concurrent mark sweep GC freed 561(53KB) AllocSpace objects, 1(20KB) LOS objects, 27% free, 42MB/58MB, paused 1.576ms total 57.503ms
08-05 18:48:20.152 13866 13866 I GoogleInputMethodServic: GoogleInputMethodService.onFinishInput():3138 
08-05 18:48:20.153 13866 13866 I GoogleInputMethodServic: GoogleInputMethodService.onStartInput():1808 
08-05 18:48:20.154 31004  5910 I art     : Starting a blocking GC Explicit
08-05 18:48:20.210 31004  5910 I art     : Explicit concurrent mark sweep GC freed 502(40KB) AllocSpace objects, 0(0B) LOS objects, 27% free, 42MB/58MB, paused 1.463ms total 56ms
08-05 18:48:20.225 31004  5910 I art     : Starting a blocking GC Explicit
08-05 18:48:20.287 31004  5910 I art     : Explicit concurrent mark sweep GC freed 7(256B) AllocSpace objects, 1(28KB) LOS objects, 27% free, 42MB/58MB, paused 1.462ms total 62.167ms
08-05 18:48:20.673 31004  5669 I art     : Starting a blocking GC Explicit
08-05 18:48:20.738 31004  5669 I art     : Explicit concurrent mark sweep GC freed 2871(151KB) AllocSpace objects, 1(20KB) LOS objects, 27% free, 42MB/58MB, paused 1.515ms total 64.050ms
08-05 18:48:20.753 31004  5669 I art     : Starting a blocking GC Explicit
08-05 18:48:20.817 31004  5669 I art     : Explicit concurrent mark sweep GC freed 166(7KB) AllocSpace objects, 0(0B) LOS objects, 27% free, 42MB/58MB, paused 1.756ms total 62.968ms
08-05 18:48:20.832 31004  5669 I art     : Starting a blocking GC Explicit
08-05 18:48:20.894 31004  5669 I art     : Explicit concurrent mark sweep GC freed 1666(65KB) AllocSpace objects, 0(0B) LOS objects, 27% free, 42MB/58MB, paused 1.536ms total 62.262ms
08-05 18:48:20.910 31004  5669 I art     : Starting a blocking GC Explicit
08-05 18:48:20.923 31004  7764 E baseline.com.newsblur.network.APIResponse: Error (unexpected end of stream on https://www.newsblur.com/...) calling https://www.newsblur.com/reader/mark_story_hashes_as_read/
08-05 18:48:20.923 31004  7764 E baseline.com.newsblur.network.APIResponse: java.io.IOException: unexpected end of stream on https://www.newsblur.com/...
08-05 18:48:20.923 31004  7764 E baseline.com.newsblur.network.APIResponse: 	at okhttp3.internal.http1.Http1ExchangeCodec.readResponseHeaders(Http1ExchangeCodec.java:236)
08-05 18:48:20.923 31004  7764 E baseline.com.newsblur.network.APIResponse: 	at okhttp3.internal.connection.Exchange.readResponseHeaders(Exchange.java:115)
08-05 18:48:20.923 31004  7764 E baseline.com.newsblur.network.APIResponse: 	at okhttp3.internal.http.CallServerInterceptor.intercept(CallServerInterceptor.java:94)
08-05 18:48:20.923 31004  7764 E baseline.com.newsblur.network.APIResponse: 	at okhttp3.internal.http.RealInterceptorChain.proceed(RealInterceptorChain.java:142)
08-05 18:48:20.923 31004  7764 E baseline.com.newsblur.network.APIResponse: 	at okhttp3.internal.connection.ConnectInterceptor.intercept(ConnectInterceptor.java:43)
08-05 18:48:20.923 31004  7764 E baseline.com.newsblur.network.APIResponse: 	at okhttp3.internal.http.RealInterceptorChain.proceed(RealInterceptorChain.java:142)
08-05 18:48:20.923 31004  7764 E baseline.com.newsblur.network.APIResponse: 	at okhttp3.internal.http.RealInterceptorChain.proceed(RealInterceptorChain.java:117)
08-05 18:48:20.923 31004  7764 E baseline.com.newsblur.network.APIResponse: 	at okhttp3.internal.cache.CacheInterceptor.intercept(CacheInterceptor.java:94)
08-05 18:48:20.923 31004  7764 E baseline.com.newsblur.network.APIResponse: 	at okhttp3.internal.http.RealInterceptorChain.proceed(RealInterceptorChain.java:142)
08-05 18:48:20.923 31004  7764 E baseline.com.newsblur.network.APIResponse: 	at okhttp3.internal.http.RealInterceptorChain.proceed(RealInterceptorChain.java:117)
08-05 18:48:20.923 31004  7764 E baseline.com.newsblur.network.APIResponse: 	at okhttp3.internal.http.BridgeInterceptor.intercept(BridgeInterceptor.java:93)
08-05 18:48:20.923 31004  7764 E baseline.com.newsblur.network.APIResponse: 	at okhttp3.internal.http.RealInterceptorChain.proceed(RealInterceptorChain.java:142)
08-05 18:48:20.923 31004  7764 E baseline.com.newsblur.network.APIResponse: 	at okhttp3.internal.http.RetryAndFollowUpInterceptor.intercept(RetryAndFollowUpInterceptor.java:88)
08-05 18:48:20.923 31004  7764 E baseline.com.newsblur.network.APIResponse: 	at okhttp3.internal.http.RealInterceptorChain.proceed(RealInterceptorChain.java:142)
08-05 18:48:20.923 31004  7764 E baseline.com.newsblur.network.APIResponse: 	at okhttp3.internal.http.RealInterceptorChain.proceed(RealInterceptorChain.java:117)
08-05 18:48:20.923 31004  7764 E baseline.com.newsblur.network.APIResponse: 	at okhttp3.RealCall.getResponseWithInterceptorChain(RealCall.java:229)
08-05 18:48:20.923 31004  7764 E baseline.com.newsblur.network.APIResponse: 	at okhttp3.RealCall.execute(RealCall.java:81)
08-05 18:48:20.923 31004  7764 E baseline.com.newsblur.network.APIResponse: 	at baseline.com.newsblur.network.APIResponse.<init>(APIResponse.java:57)
08-05 18:48:20.923 31004  7764 E baseline.com.newsblur.network.APIResponse: 	at baseline.com.newsblur.network.APIResponse.<init>(APIResponse.java:43)
08-05 18:48:20.923 31004  7764 E baseline.com.newsblur.network.APIResponse: 	at baseline.com.newsblur.network.APIManager.post_single(APIManager.java:702)
08-05 18:48:20.923 31004  7764 E baseline.com.newsblur.network.APIResponse: 	at baseline.com.newsblur.network.APIManager.post(APIManager.java:675)
08-05 18:48:20.923 31004  7764 E baseline.com.newsblur.network.APIResponse: 	at baseline.com.newsblur.network.APIManager.post(APIManager.java:714)
08-05 18:48:20.923 31004  7764 E baseline.com.newsblur.network.APIResponse: 	at baseline.com.newsblur.network.APIManager.markStoryAsRead(APIManager.java:205)
08-05 18:48:20.923 31004  7764 E baseline.com.newsblur.network.APIResponse: 	at baseline.com.newsblur.util.ReadingAction.doRemote(ReadingAction.java:281)
08-05 18:48:20.923 31004  7764 E baseline.com.newsblur.network.APIResponse: 	at baseline.com.newsblur.service.NBSyncService.syncActions(NBSyncService.java:400)
08-05 18:48:20.923 31004  7764 E baseline.com.newsblur.network.APIResponse: 	at baseline.com.newsblur.service.NBSyncService.doSync(NBSyncService.java:298)
08-05 18:48:20.923 31004  7764 E baseline.com.newsblur.network.APIResponse: 	at baseline.com.newsblur.service.NBSyncService.access$100(NBSyncService.java:67)
08-05 18:48:20.923 31004  7764 E baseline.com.newsblur.network.APIResponse: 	at baseline.com.newsblur.service.NBSyncService$1.run(NBSyncService.java:188)
08-05 18:48:20.923 31004  7764 E baseline.com.newsblur.network.APIResponse: 	at java.util.concurrent.ThreadPoolExecutor.runWorker(ThreadPoolExecutor.java:1113)
08-05 18:48:20.923 31004  7764 E baseline.com.newsblur.network.APIResponse: 	at java.util.concurrent.ThreadPoolExecutor$Worker.run(ThreadPoolExecutor.java:588)
08-05 18:48:20.923 31004  7764 E baseline.com.newsblur.network.APIResponse: 	at java.lang.Thread.run(Thread.java:818)
08-05 18:48:20.923 31004  7764 E baseline.com.newsblur.network.APIResponse: Caused by: java.io.EOFException: \n not found: limit=0 content=
08-05 18:48:20.923 31004  7764 E baseline.com.newsblur.network.APIResponse: 	at okio.RealBufferedSource.readUtf8LineStrict(RealBufferedSource.java:240)
08-05 18:48:20.923 31004  7764 E baseline.com.newsblur.network.APIResponse: 	at okhttp3.internal.http1.Http1ExchangeCodec.readHeaderLine(Http1ExchangeCodec.java:242)
08-05 18:48:20.923 31004  7764 E baseline.com.newsblur.network.APIResponse: 	at okhttp3.internal.http1.Http1ExchangeCodec.readResponseHeaders(Http1ExchangeCodec.java:213)
08-05 18:48:20.923 31004  7764 E baseline.com.newsblur.network.APIResponse: 	... 30 more
08-05 18:48:20.925 31004  7764 I baseline.com.newsblur.service.NBSyncService: Holding reading action with server-side or network error.
08-05 18:48:20.933 31004  7764 W baseline.com.newsblur.service.NBSyncService: hard API failure
08-05 18:48:20.943 31004  7764 I baseline.com.newsblur.service.NBSyncService: recounting dirty feed sets: 1
08-05 18:48:20.971 31004  5669 I art     : Explicit concurrent mark sweep GC freed 1654(275KB) AllocSpace objects, 5(100KB) LOS objects, 27% free, 42MB/58MB, paused 1.593ms total 60.592ms
08-05 18:48:20.986 31004  5669 I art     : Starting a blocking GC Explicit
08-05 18:48:21.049 31004  5669 I art     : Explicit concurrent mark sweep GC freed 279(22KB) AllocSpace objects, 0(0B) LOS objects, 27% free, 42MB/58MB, paused 1.771ms total 62.158ms
08-05 18:48:21.427 31004  5669 I art     : Starting a blocking GC Explicit
08-05 18:48:21.434 31004  7764 E baseline.com.newsblur.network.APIResponse: Error (unexpected end of stream on https://www.newsblur.com/...) calling https://www.newsblur.com/reader/feed_unread_count?feed_id=0
08-05 18:48:21.434 31004  7764 E baseline.com.newsblur.network.APIResponse: java.io.IOException: unexpected end of stream on https://www.newsblur.com/...
08-05 18:48:21.434 31004  7764 E baseline.com.newsblur.network.APIResponse: 	at okhttp3.internal.http1.Http1ExchangeCodec.readResponseHeaders(Http1ExchangeCodec.java:236)
08-05 18:48:21.434 31004  7764 E baseline.com.newsblur.network.APIResponse: 	at okhttp3.internal.connection.Exchange.readResponseHeaders(Exchange.java:115)
08-05 18:48:21.434 31004  7764 E baseline.com.newsblur.network.APIResponse: 	at okhttp3.internal.http.CallServerInterceptor.intercept(CallServerInterceptor.java:94)
08-05 18:48:21.434 31004  7764 E baseline.com.newsblur.network.APIResponse: 	at okhttp3.internal.http.RealInterceptorChain.proceed(RealInterceptorChain.java:142)
08-05 18:48:21.434 31004  7764 E baseline.com.newsblur.network.APIResponse: 	at okhttp3.internal.connection.ConnectInterceptor.intercept(ConnectInterceptor.java:43)
08-05 18:48:21.434 31004  7764 E baseline.com.newsblur.network.APIResponse: 	at okhttp3.internal.http.RealInterceptorChain.proceed(RealInterceptorChain.java:142)
08-05 18:48:21.434 31004  7764 E baseline.com.newsblur.network.APIResponse: 	at okhttp3.internal.http.RealInterceptorChain.proceed(RealInterceptorChain.java:117)
08-05 18:48:21.434 31004  7764 E baseline.com.newsblur.network.APIResponse: 	at okhttp3.internal.cache.CacheInterceptor.intercept(CacheInterceptor.java:94)
08-05 18:48:21.434 31004  7764 E baseline.com.newsblur.network.APIResponse: 	at okhttp3.internal.http.RealInterceptorChain.proceed(RealInterceptorChain.java:142)
08-05 18:48:21.434 31004  7764 E baseline.com.newsblur.network.APIResponse: 	at okhttp3.internal.http.RealInterceptorChain.proceed(RealInterceptorChain.java:117)
08-05 18:48:21.434 31004  7764 E baseline.com.newsblur.network.APIResponse: 	at okhttp3.internal.http.BridgeInterceptor.intercept(BridgeInterceptor.java:93)
08-05 18:48:21.434 31004  7764 E baseline.com.newsblur.network.APIResponse: 	at okhttp3.internal.http.RealInterceptorChain.proceed(RealInterceptorChain.java:142)
08-05 18:48:21.434 31004  7764 E baseline.com.newsblur.network.APIResponse: 	at okhttp3.internal.http.RetryAndFollowUpInterceptor.intercept(RetryAndFollowUpInterceptor.java:88)
08-05 18:48:21.434 31004  7764 E baseline.com.newsblur.network.APIResponse: 	at okhttp3.internal.http.RealInterceptorChain.proceed(RealInterceptorChain.java:142)
08-05 18:48:21.434 31004  7764 E baseline.com.newsblur.network.APIResponse: 	at okhttp3.internal.http.RealInterceptorChain.proceed(RealInterceptorChain.java:117)
08-05 18:48:21.434 31004  7764 E baseline.com.newsblur.network.APIResponse: 	at okhttp3.RealCall.getResponseWithInterceptorChain(RealCall.java:229)
08-05 18:48:21.434 31004  7764 E baseline.com.newsblur.network.APIResponse: 	at okhttp3.RealCall.execute(RealCall.java:81)
08-05 18:48:21.434 31004  7764 E baseline.com.newsblur.network.APIResponse: 	at baseline.com.newsblur.network.APIResponse.<init>(APIResponse.java:57)
08-05 18:48:21.434 31004  7764 E baseline.com.newsblur.network.APIResponse: 	at baseline.com.newsblur.network.APIManager.get_single(APIManager.java:639)
08-05 18:48:21.434 31004  7764 E baseline.com.newsblur.network.APIResponse: 	at baseline.com.newsblur.network.APIManager.get(APIManager.java:625)
08-05 18:48:21.434 31004  7764 E baseline.com.newsblur.network.APIResponse: 	at baseline.com.newsblur.network.APIManager.get(APIManager.java:667)
08-05 18:48:21.434 31004  7764 E baseline.com.newsblur.network.APIResponse: 	at baseline.com.newsblur.network.APIManager.getFeedUnreadCounts(APIManager.java:274)
08-05 18:48:21.434 31004  7764 E baseline.com.newsblur.network.APIResponse: 	at baseline.com.newsblur.service.NBSyncService.checkRecounts(NBSyncService.java:660)
08-05 18:48:21.434 31004  7764 E baseline.com.newsblur.network.APIResponse: 	at baseline.com.newsblur.service.NBSyncService.doSync(NBSyncService.java:310)
08-05 18:48:21.434 31004  7764 E baseline.com.newsblur.network.APIResponse: 	at baseline.com.newsblur.service.NBSyncService.access$100(NBSyncService.java:67)
08-05 18:48:21.434 31004  7764 E baseline.com.newsblur.network.APIResponse: 	at baseline.com.newsblur.service.NBSyncService$1.run(NBSyncService.java:188)
08-05 18:48:21.434 31004  7764 E baseline.com.newsblur.network.APIResponse: 	at java.util.concurrent.ThreadPoolExecutor.runWorker(ThreadPoolExecutor.java:1113)
08-05 18:48:21.434 31004  7764 E baseline.com.newsblur.network.APIResponse: 	at java.util.concurrent.ThreadPoolExecutor$Worker.run(ThreadPoolExecutor.java:588)
08-05 18:48:21.434 31004  7764 E baseline.com.newsblur.network.APIResponse: 	at java.lang.Thread.run(Thread.java:818)
08-05 18:48:21.434 31004  7764 E baseline.com.newsblur.network.APIResponse: Caused by: java.io.EOFException: \n not found: limit=0 content=
08-05 18:48:21.434 31004  7764 E baseline.com.newsblur.network.APIResponse: 	at okio.RealBufferedSource.readUtf8LineStrict(RealBufferedSource.java:240)
08-05 18:48:21.434 31004  7764 E baseline.com.newsblur.network.APIResponse: 	at okhttp3.internal.http1.Http1ExchangeCodec.readHeaderLine(Http1ExchangeCodec.java:242)
08-05 18:48:21.434 31004  7764 E baseline.com.newsblur.network.APIResponse: 	at okhttp3.internal.http1.Http1ExchangeCodec.readResponseHeaders(Http1ExchangeCodec.java:213)
08-05 18:48:21.434 31004  7764 E baseline.com.newsblur.network.APIResponse: 	... 28 more
08-05 18:48:21.435 31004  7764 I baseline.com.newsblur.network.APIManager: API call failed, pausing before retry number 1
08-05 18:48:21.492 31004  5669 I art     : Explicit concurrent mark sweep GC freed 3947(343KB) AllocSpace objects, 3(60KB) LOS objects, 27% free, 42MB/58MB, paused 1.750ms total 64.281ms
08-05 18:48:21.508 31004  5669 I art     : Starting a blocking GC Explicit
08-05 18:48:21.572 31004  5669 I art     : Explicit concurrent mark sweep GC freed 173(18KB) AllocSpace objects, 0(0B) LOS objects, 27% free, 41MB/57MB, paused 1.591ms total 63.638ms
08-05 18:48:21.587 31004  5669 I art     : Starting a blocking GC Explicit
08-05 18:48:21.650 31004  5669 I art     : Explicit concurrent mark sweep GC freed 25(832B) AllocSpace objects, 0(0B) LOS objects, 27% free, 41MB/57MB, paused 1.630ms total 63.278ms
08-05 18:48:21.661  8059  8059 D AndroidRuntime: >>>>>> START com.android.internal.os.RuntimeInit uid 2000 <<<<<<
08-05 18:48:21.666 31004  5669 I art     : Starting a blocking GC Explicit
08-05 18:48:21.668  8059  8059 D AndroidRuntime: CheckJNI is OFF
08-05 18:48:21.712  8059  8059 D ICU     : No timezone override file found: /data/misc/zoneinfo/current/icu/icu_tzdata.dat
08-05 18:48:21.731 31004  5669 I art     : Explicit concurrent mark sweep GC freed 3(96B) AllocSpace objects, 0(0B) LOS objects, 27% free, 41MB/57MB, paused 1.682ms total 64.486ms
08-05 18:48:21.746 31004  5669 I art     : Starting a blocking GC Explicit
08-05 18:48:21.760  8059  8059 I Radio-JNI: register_android_hardware_Radio DONE
08-05 18:48:21.789  8059  8059 D AndroidRuntime: Calling main entry com.android.commands.input.Input
08-05 18:48:21.791  8059  8059 I Input   : injectKeyEvent: KeyEvent { action=ACTION_DOWN, keyCode=KEYCODE_BACK, scanCode=0, metaState=0, flags=0x0, repeatCount=0, eventTime=816518204, downTime=816518204, deviceId=-1, source=0x101 }
08-05 18:48:21.798  8059  8059 I Input   : injectKeyEvent: KeyEvent { action=ACTION_UP, keyCode=KEYCODE_BACK, scanCode=0, metaState=0, flags=0x0, repeatCount=0, eventTime=816518204, downTime=816518204, deviceId=-1, source=0x101 }
08-05 18:48:21.805  8059  8059 D AndroidRuntime: Shutting down VM
08-05 18:48:21.808 31004  5669 I art     : Explicit concurrent mark sweep GC freed 5(208B) AllocSpace objects, 0(0B) LOS objects, 27% free, 42MB/58MB, paused 1.735ms total 61.967ms
08-05 18:48:22.044 13866 13866 I GoogleInputMethodServic: GoogleInputMethodService.onFinishInput():3138 
08-05 18:48:22.045 13866 13866 I GoogleInputMethodServic: GoogleInputMethodService.onStartInput():1808 
08-05 18:48:22.176 31004  7198 I art     : Starting a blocking GC Explicit
08-05 18:48:22.247 31004  7198 I art     : Explicit concurrent mark sweep GC freed 9828(668KB) AllocSpace objects, 13(260KB) LOS objects, 27% free, 42MB/58MB, paused 1.948ms total 70.074ms
08-05 18:48:22.263 31004  7198 I art     : Starting a blocking GC Explicit
08-05 18:48:22.331 31004  7198 I art     : Explicit concurrent mark sweep GC freed 235(9KB) AllocSpace objects, 0(0B) LOS objects, 27% free, 41MB/57MB, paused 1.678ms total 68.033ms
08-05 18:48:22.348 31004  7198 I art     : Starting a blocking GC Explicit
08-05 18:48:22.414 31004  7198 I art     : Explicit concurrent mark sweep GC freed 400(17KB) AllocSpace objects, 0(0B) LOS objects, 27% free, 41MB/57MB, paused 1.694ms total 64.795ms
08-05 18:48:22.429 31004  7198 I art     : Starting a blocking GC Explicit
08-05 18:48:22.485 31004  7198 I art     : Explicit concurrent mark sweep GC freed 61(2464B) AllocSpace objects, 0(0B) LOS objects, 27% free, 41MB/57MB, paused 1.581ms total 55.835ms
08-05 18:48:22.500 31004  7198 I art     : Starting a blocking GC Explicit
08-05 18:48:22.562 31004  7198 I art     : Explicit concurrent mark sweep GC freed 150(7KB) AllocSpace objects, 0(0B) LOS objects, 27% free, 41MB/57MB, paused 1.628ms total 62.144ms
08-05 18:48:22.949 31004  5910 I art     : Starting a blocking GC Explicit
08-05 18:48:23.017 31004  5910 I art     : Explicit concurrent mark sweep GC freed 1592(88KB) AllocSpace objects, 1(20KB) LOS objects, 27% free, 42MB/58MB, paused 1.807ms total 67.806ms
08-05 18:48:23.033 31004  5910 I art     : Starting a blocking GC Explicit
08-05 18:48:23.091 31004  5910 I art     : Explicit concurrent mark sweep GC freed 110(6KB) AllocSpace objects, 0(0B) LOS objects, 27% free, 42MB/58MB, paused 1.634ms total 58.181ms
08-05 18:48:23.105 31004  5910 I art     : Starting a blocking GC Explicit
08-05 18:48:23.163 31004  5910 I art     : Explicit concurrent mark sweep GC freed 13(416B) AllocSpace objects, 0(0B) LOS objects, 27% free, 42MB/58MB, paused 1.593ms total 57.020ms
08-05 18:48:23.178 31004  5910 I art     : Starting a blocking GC Explicit
08-05 18:48:23.238 31004  5910 I art     : Explicit concurrent mark sweep GC freed 11(352B) AllocSpace objects, 0(0B) LOS objects, 27% free, 42MB/58MB, paused 1.674ms total 60.434ms
08-05 18:48:23.254 31004  5910 I art     : Starting a blocking GC Explicit
08-05 18:48:23.315 31004  5910 I art     : Explicit concurrent mark sweep GC freed 13(416B) AllocSpace objects, 0(0B) LOS objects, 27% free, 42MB/58MB, paused 1.745ms total 60.986ms
08-05 18:48:23.487 31004  7764 E baseline.com.newsblur.network.APIResponse: Error (unexpected end of stream on https://www.newsblur.com/...) calling https://www.newsblur.com/reader/feed_unread_count?feed_id=0
08-05 18:48:23.487 31004  7764 E baseline.com.newsblur.network.APIResponse: java.io.IOException: unexpected end of stream on https://www.newsblur.com/...
08-05 18:48:23.487 31004  7764 E baseline.com.newsblur.network.APIResponse: 	at okhttp3.internal.http1.Http1ExchangeCodec.readResponseHeaders(Http1ExchangeCodec.java:236)
08-05 18:48:23.487 31004  7764 E baseline.com.newsblur.network.APIResponse: 	at okhttp3.internal.connection.Exchange.readResponseHeaders(Exchange.java:115)
08-05 18:48:23.487 31004  7764 E baseline.com.newsblur.network.APIResponse: 	at okhttp3.internal.http.CallServerInterceptor.intercept(CallServerInterceptor.java:94)
08-05 18:48:23.487 31004  7764 E baseline.com.newsblur.network.APIResponse: 	at okhttp3.internal.http.RealInterceptorChain.proceed(RealInterceptorChain.java:142)
08-05 18:48:23.487 31004  7764 E baseline.com.newsblur.network.APIResponse: 	at okhttp3.internal.connection.ConnectInterceptor.intercept(ConnectInterceptor.java:43)
08-05 18:48:23.487 31004  7764 E baseline.com.newsblur.network.APIResponse: 	at okhttp3.internal.http.RealInterceptorChain.proceed(RealInterceptorChain.java:142)
08-05 18:48:23.487 31004  7764 E baseline.com.newsblur.network.APIResponse: 	at okhttp3.internal.http.RealInterceptorChain.proceed(RealInterceptorChain.java:117)
08-05 18:48:23.487 31004  7764 E baseline.com.newsblur.network.APIResponse: 	at okhttp3.internal.cache.CacheInterceptor.intercept(CacheInterceptor.java:94)
08-05 18:48:23.487 31004  7764 E baseline.com.newsblur.network.APIResponse: 	at okhttp3.internal.http.RealInterceptorChain.proceed(RealInterceptorChain.java:142)
08-05 18:48:23.487 31004  7764 E baseline.com.newsblur.network.APIResponse: 	at okhttp3.internal.http.RealInterceptorChain.proceed(RealInterceptorChain.java:117)
08-05 18:48:23.487 31004  7764 E baseline.com.newsblur.network.APIResponse: 	at okhttp3.internal.http.BridgeInterceptor.intercept(BridgeInterceptor.java:93)
08-05 18:48:23.487 31004  7764 E baseline.com.newsblur.network.APIResponse: 	at okhttp3.internal.http.RealInterceptorChain.proceed(RealInterceptorChain.java:142)
08-05 18:48:23.487 31004  7764 E baseline.com.newsblur.network.APIResponse: 	at okhttp3.internal.http.RetryAndFollowUpInterceptor.intercept(RetryAndFollowUpInterceptor.java:88)
08-05 18:48:23.487 31004  7764 E baseline.com.newsblur.network.APIResponse: 	at okhttp3.internal.http.RealInterceptorChain.proceed(RealInterceptorChain.java:142)
08-05 18:48:23.487 31004  7764 E baseline.com.newsblur.network.APIResponse: 	at okhttp3.internal.http.RealInterceptorChain.proceed(RealInterceptorChain.java:117)
08-05 18:48:23.487 31004  7764 E baseline.com.newsblur.network.APIResponse: 	at okhttp3.RealCall.getResponseWithInterceptorChain(RealCall.java:229)
08-05 18:48:23.487 31004  7764 E baseline.com.newsblur.network.APIResponse: 	at okhttp3.RealCall.execute(RealCall.java:81)
08-05 18:48:23.487 31004  7764 E baseline.com.newsblur.network.APIResponse: 	at baseline.com.newsblur.network.APIResponse.<init>(APIResponse.java:57)
08-05 18:48:23.487 31004  7764 E baseline.com.newsblur.network.APIResponse: 	at baseline.com.newsblur.network.APIManager.get_single(APIManager.java:639)
08-05 18:48:23.487 31004  7764 E baseline.com.newsblur.network.APIResponse: 	at baseline.com.newsblur.network.APIManager.get(APIManager.java:625)
08-05 18:48:23.487 31004  7764 E baseline.com.newsblur.network.APIResponse: 	at baseline.com.newsblur.network.APIManager.get(APIManager.java:667)
08-05 18:48:23.487 31004  7764 E baseline.com.newsblur.network.APIResponse: 	at baseline.com.newsblur.network.APIManager.getFeedUnreadCounts(APIManager.java:274)
08-05 18:48:23.487 31004  7764 E baseline.com.newsblur.network.APIResponse: 	at baseline.com.newsblur.service.NBSyncService.checkRecounts(NBSyncService.java:660)
08-05 18:48:23.487 31004  7764 E baseline.com.newsblur.network.APIResponse: 	at baseline.com.newsblur.service.NBSyncService.doSync(NBSyncService.java:310)
08-05 18:48:23.487 31004  7764 E baseline.com.newsblur.network.APIResponse: 	at baseline.com.newsblur.service.NBSyncService.access$100(NBSyncService.java:67)
08-05 18:48:23.487 31004  7764 E baseline.com.newsblur.network.APIResponse: 	at baseline.com.newsblur.service.NBSyncService$1.run(NBSyncService.java:188)
08-05 18:48:23.487 31004  7764 E baseline.com.newsblur.network.APIResponse: 	at java.util.concurrent.ThreadPoolExecutor.runWorker(ThreadPoolExecutor.java:1113)
08-05 18:48:23.487 31004  7764 E baseline.com.newsblur.network.APIResponse: 	at java.util.concurrent.ThreadPoolExecutor$Worker.run(ThreadPoolExecutor.java:588)
08-05 18:48:23.487 31004  7764 E baseline.com.newsblur.network.APIResponse: 	at java.lang.Thread.run(Thread.java:818)
08-05 18:48:23.487 31004  7764 E baseline.com.newsblur.network.APIResponse: Caused by: java.io.EOFException: \n not found: limit=0 content=
08-05 18:48:23.487 31004  7764 E baseline.com.newsblur.network.APIResponse: 	at okio.RealBufferedSource.readUtf8LineStrict(RealBufferedSource.java:240)
08-05 18:48:23.487 31004  7764 E baseline.com.newsblur.network.APIResponse: 	at okhttp3.internal.http1.Http1ExchangeCodec.readHeaderLine(Http1ExchangeCodec.java:242)
08-05 18:48:23.487 31004  7764 E baseline.com.newsblur.network.APIResponse: 	at okhttp3.internal.http1.Http1ExchangeCodec.readResponseHeaders(Http1ExchangeCodec.java:213)
08-05 18:48:23.487 31004  7764 E baseline.com.newsblur.network.APIResponse: 	... 28 more
08-05 18:48:23.488 31004  7764 I baseline.com.newsblur.network.APIManager: API call failed, pausing before retry number 2
08-05 18:48:23.627  8106  8106 D AndroidRuntime: >>>>>> START com.android.internal.os.RuntimeInit uid 2000 <<<<<<
08-05 18:48:23.633  8106  8106 D AndroidRuntime: CheckJNI is OFF
08-05 18:48:23.680  8106  8106 D ICU     : No timezone override file found: /data/misc/zoneinfo/current/icu/icu_tzdata.dat
08-05 18:48:23.683 31004  5669 I art     : Starting a blocking GC Explicit
08-05 18:48:23.729  8106  8106 I Radio-JNI: register_android_hardware_Radio DONE
08-05 18:48:23.748 31004  5669 I art     : Explicit concurrent mark sweep GC freed 3989(358KB) AllocSpace objects, 3(60KB) LOS objects, 27% free, 41MB/57MB, paused 1.541ms total 65.158ms
08-05 18:48:23.759  8106  8106 D AndroidRuntime: Calling main entry com.android.commands.am.Am
08-05 18:48:23.763 31004  5669 I art     : Starting a blocking GC Explicit
08-05 18:48:23.768  5615  5615 I Trepn   : Trepn 6.2s: Received intent: com.quicinc.trepn.stop_profiling
08-05 18:48:23.807  5615  5615 I Trepn   : Trepn 6.2s: Trepn has Stopped Profiling.
08-05 18:48:23.824 31004  5669 I art     : Explicit concurrent mark sweep GC freed 119(4KB) AllocSpace objects, 0(0B) LOS objects, 27% free, 41MB/57MB, paused 1.490ms total 60.432ms
08-05 18:48:23.840 31004  5669 I art     : Starting a blocking GC Explicit
08-05 18:48:23.902 31004  5669 I art     : Explicit concurrent mark sweep GC freed 3(96B) AllocSpace objects, 0(0B) LOS objects, 27% free, 41MB/57MB, paused 1.621ms total 62.012ms
08-05 18:48:23.917 31004  5669 I art     : Starting a blocking GC Explicit
08-05 18:48:23.948  8106  8106 D AndroidRuntime: Shutting down VM
08-05 18:48:23.952   918  4413 W AppOps  : Finishing op nesting under-run: uid 10078 pkg com.quicinc.trepn code 24 time=0 duration=0 nesting=0
08-05 18:48:23.975 31004  5669 I art     : Explicit concurrent mark sweep GC freed 3(96B) AllocSpace objects, 0(0B) LOS objects, 27% free, 41MB/57MB, paused 1.455ms total 57.430ms
08-05 18:48:23.989 31004  5669 I art     : Starting a blocking GC Explicit
08-05 18:48:24.046 31004  5669 I art     : Explicit concurrent mark sweep GC freed 3(96B) AllocSpace objects, 0(0B) LOS objects, 27% free, 41MB/57MB, paused 1.617ms total 56.936ms
08-05 18:48:24.431 31004  7198 I art     : Starting a blocking GC Explicit
08-05 18:48:24.493 31004  7198 I art     : Explicit concurrent mark sweep GC freed 1441(82KB) AllocSpace objects, 1(20KB) LOS objects, 27% free, 41MB/57MB, paused 1.606ms total 62.304ms
08-05 18:48:24.508 31004  7198 I art     : Starting a blocking GC Explicit
08-05 18:48:24.568 31004  7198 I art     : Explicit concurrent mark sweep GC freed 22(784B) AllocSpace objects, 0(0B) LOS objects, 27% free, 41MB/57MB, paused 1.780ms total 59.823ms
08-05 18:48:24.583 31004  7198 I art     : Starting a blocking GC Explicit
08-05 18:48:24.643 31004  7198 I art     : Explicit concurrent mark sweep GC freed 3(96B) AllocSpace objects, 0(0B) LOS objects, 27% free, 41MB/57MB, paused 1.573ms total 60.112ms
08-05 18:48:24.659 31004  7198 I art     : Starting a blocking GC Explicit
08-05 18:48:24.718 31004  7198 I art     : Explicit concurrent mark sweep GC freed 3(96B) AllocSpace objects, 0(0B) LOS objects, 27% free, 41MB/57MB, paused 1.647ms total 58.783ms
08-05 18:48:24.733 31004  7198 I art     : Starting a blocking GC Explicit
08-05 18:48:24.793 31004  7198 I art     : Explicit concurrent mark sweep GC freed 3(96B) AllocSpace objects, 0(0B) LOS objects, 27% free, 41MB/57MB, paused 1.573ms total 59.073ms
