--------- beginning of main
08-05 21:21:58.889 23657 23657 D AndroidRuntime: >>>>>> START com.android.internal.os.RuntimeInit uid 2000 <<<<<<
08-05 21:21:58.894 23657 23657 D AndroidRuntime: CheckJNI is OFF
08-05 21:21:58.926 23657 23657 D ICU     : No timezone override file found: /data/misc/zoneinfo/current/icu/icu_tzdata.dat
08-05 21:21:58.961 23657 23657 I Radio-JNI: register_android_hardware_Radio DONE
08-05 21:21:58.979 23657 23657 D AndroidRuntime: Calling main entry com.android.commands.monkey.Monkey
--------- beginning of system
08-05 21:21:58.996   918   931 W BroadcastQueue: Skipping deliver [background] BroadcastRecord{4eba7ec u-1 android.net.conn.CONNECTIVITY_CHANGE} to ReceiverList{6dfee4a 23657 (unknown name)/2000/u-1 remote:83f4c3e}: process crashing
08-05 21:21:59.006   918   929 I ActivityManager: START u0 {act=android.intent.action.MAIN cat=[android.intent.category.LAUNCHER] flg=0x10200000 cmp=baseline.com.newsblur/.activity.InitActivity} from uid 2000 on display 0
08-05 21:21:59.025   918   932 I sensors : batch
08-05 21:21:59.041   918  3188 I hubconnection: sensorhub said: 'batch 31 flags:0, sampling_rate_Hz:15.00, max_report_latency_us:0'
08-05 21:21:59.057   918   932 I sensors : flush
08-05 21:21:59.058 23657 23657 I art     : System.exit called, status: 0
08-05 21:21:59.058 23657 23657 I AndroidRuntime: VM exiting with result code 0.
08-05 21:21:59.063   918  3188 I hubconnection: sensorhub said: 'flush 31'
08-05 21:21:59.064   918  3188 I hubconnection: saw sensor 31 flushed
08-05 21:21:59.114 16458 19558 I PBSessionCacheImpl: Deleted sessionId[72384646105454640] from persistence.
08-05 21:21:59.119 16458 16488 W SearchServiceCore: Abort, client detached.
08-05 21:21:59.120 16458 16488 I MicroDetectionState: Should stop hotword detection immediately - true
08-05 21:21:59.164  5206  5206 I baseline.com.newsblur.activity.InitActivity: cold launching version 9.0b1
08-05 21:21:59.170  5206 23672 D OpenGLRenderer: Use EGL_SWAP_BEHAVIOR_PRESERVED: true
08-05 21:21:59.212  5206 23672 I Adreno  : QUALCOMM build                   : fcf4852, I1af360237c
08-05 21:21:59.212  5206 23672 I Adreno  : Build Date                       : 09/23/15
08-05 21:21:59.212  5206 23672 I Adreno  : OpenGL ES Shader Compiler Version: XE031.05.13.02
08-05 21:21:59.212  5206 23672 I Adreno  : Local Branch                     : mybranch14465806
08-05 21:21:59.212  5206 23672 I Adreno  : Remote Branch                    : quic/LA.BF64.1.2.9_v2
08-05 21:21:59.212  5206 23672 I Adreno  : Remote Branch                    : NONE
08-05 21:21:59.212  5206 23672 I Adreno  : Reconstruct Branch               : NOTHING
08-05 21:21:59.216  5206 23672 I OpenGLRenderer: Initialized EGL, version 1.4
08-05 21:21:59.229   918  4400 I ActivityManager: START u0 {cmp=baseline.com.newsblur/.activity.Main} from uid 10676 on display 0
08-05 21:21:59.244   918  6110 W InputMethodManagerService: Focus gain on non-focused client com.android.internal.view.IInputMethodClient$Stub$Proxy@6a1e6dd (uid=10676 pid=5206)
08-05 21:21:59.534  5206  5206 I art     : Rejecting re-init on previously-failed class java.lang.Class<androidx.core.view.ViewCompat$OnUnhandledKeyEventListenerWrapper>
08-05 21:21:59.534  5206  5206 I art     : Rejecting re-init on previously-failed class java.lang.Class<androidx.core.view.ViewCompat$OnUnhandledKeyEventListenerWrapper>
08-05 21:21:59.562  5206  5206 E BitmapFactory: Unable to decode stream: java.io.FileNotFoundException: /data/user/0/baseline.com.newsblur/cache/userProfilePicture: open failed: ENOENT (No such file or directory)
08-05 21:21:59.654  5206 23682 I baseline.com.newsblur.service.NBSyncService: ready to sync feed list
08-05 21:21:59.807 13866 13866 I GoogleInputMethodServic: GoogleInputMethodService.onFinishInput():3138 
08-05 21:21:59.807   918   936 I ActivityManager: Displayed baseline.com.newsblur/.activity.Main: +562ms (total +790ms)
08-05 21:21:59.809 13866 13866 I GoogleInputMethodServic: GoogleInputMethodService.onStartInput():1808 
08-05 21:22:00.251  5206 23682 I NAPPA_EXPERIMENTATION: MetricNetworkRequestExecutionTime: REQUEST_DURATION_SYSTEM='594',REQUEST_DURATION_OKHTTP='41',REQUEST_SYNCHRONOUS='TRUE',RESPONSE_CODE='200',RESPONSE_METHOD='GET',RESPONSE_LENGTH_OKHTTP='-1',RESPONSE_LENGTH_HEADER='-2',REQUEST_PROTOCOL='http/1.1',REQUEST_URL='https://www.newsblur.com/reader/feeds/?update_counts=true',
08-05 21:22:00.251  5206 23682 D MY_TAG  : 1, 594
08-05 21:22:00.293  5206 23682 I baseline.com.newsblur.service.NBSyncService: got feed list: 1 feeds in  conn:595 read:3 parse:4 store:29
08-05 21:22:00.606 23700 23700 D AndroidRuntime: >>>>>> START com.android.internal.os.RuntimeInit uid 2000 <<<<<<
08-05 21:22:00.610 23700 23700 D AndroidRuntime: CheckJNI is OFF
08-05 21:22:00.637 23700 23700 D ICU     : No timezone override file found: /data/misc/zoneinfo/current/icu/icu_tzdata.dat
08-05 21:22:00.666 23700 23700 I Radio-JNI: register_android_hardware_Radio DONE
08-05 21:22:00.684 23700 23700 D AndroidRuntime: Calling main entry com.android.commands.am.Am
08-05 21:22:00.693 19822 19822 I Trepn   : Trepn 6.2s: Received intent: com.quicinc.trepn.start_profiling
08-05 21:22:00.726  5206 23702 I NAPPA_EXPERIMENTATION: MetricNetworkRequestExecutionTime: REQUEST_DURATION_SYSTEM='427',REQUEST_DURATION_OKHTTP='38',REQUEST_SYNCHRONOUS='TRUE',RESPONSE_CODE='200',RESPONSE_METHOD='GET',RESPONSE_LENGTH_OKHTTP='-1',RESPONSE_LENGTH_HEADER='-2',REQUEST_PROTOCOL='http/1.1',REQUEST_URL='https://www.newsblur.com/reader/unread_story_hashes?include_timestamps=1',
08-05 21:22:00.727  5206 23702 D MY_TAG  : 0, 427
08-05 21:22:00.738  5206 23702 I baseline.com.newsblur.service.UnreadsService: starting unread count: 0
08-05 21:22:00.739  5206 23702 I baseline.com.newsblur.service.UnreadsService: new unread count:      0
08-05 21:22:00.740  5206 23702 I baseline.com.newsblur.service.UnreadsService: new unreads found:     0
08-05 21:22:00.740  5206 23702 I baseline.com.newsblur.service.UnreadsService: unreads to retire:     0
08-05 21:22:00.817 19822 19822 W FileUtils: Failed to chmod(/storage/emulated/0/trepn/Trepn_2020.08.05_212200.db): android.system.ErrnoException: chmod failed: EPERM (Operation not permitted)
08-05 21:22:00.952 19822 19822 I Trepn   : Trepn 6.2s: Trepn has Started Profiling.
08-05 21:22:00.953 23700 23700 D AndroidRuntime: Shutting down VM
08-05 21:22:01.059   918   927 I art     : Background partial concurrent mark sweep GC freed 131317(10MB) AllocSpace objects, 146(3MB) LOS objects, 18% free, 69MB/85MB, paused 1.149ms total 186.615ms
08-05 21:22:01.410  5206  5219 I art     : Starting a blocking GC Explicit
08-05 21:22:01.439  5206  5219 I art     : Explicit concurrent mark sweep GC freed 32282(2040KB) AllocSpace objects, 41(1140KB) LOS objects, 37% free, 26MB/42MB, paused 225us total 28.607ms
08-05 21:22:01.453  5206  5219 I art     : Starting a blocking GC Explicit
08-05 21:22:01.465  5206  5219 I art     : Explicit concurrent mark sweep GC freed 2470(199KB) AllocSpace objects, 0(0B) LOS objects, 38% free, 26MB/42MB, paused 173us total 11.390ms
08-05 21:22:01.471  5206  5219 I art     : Starting a blocking GC Explicit
08-05 21:22:01.482  5206  5219 I art     : Explicit concurrent mark sweep GC freed 3(96B) AllocSpace objects, 0(0B) LOS objects, 38% free, 26MB/42MB, paused 172us total 11.023ms
08-05 21:22:01.488  5206  5219 I art     : Starting a blocking GC Explicit
08-05 21:22:01.499  5206  5219 I art     : Explicit concurrent mark sweep GC freed 3(96B) AllocSpace objects, 0(0B) LOS objects, 38% free, 26MB/42MB, paused 175us total 11.135ms
08-05 21:22:01.505  5206  5219 I art     : Starting a blocking GC Explicit
08-05 21:22:01.516  5206  5219 I art     : Explicit concurrent mark sweep GC freed 3(96B) AllocSpace objects, 0(0B) LOS objects, 38% free, 26MB/42MB, paused 174us total 11.259ms
08-05 21:22:01.799  5206  5220 I art     : Starting a blocking GC Explicit
08-05 21:22:01.817  5206  5220 I art     : Explicit concurrent mark sweep GC freed 1391(80KB) AllocSpace objects, 1(20KB) LOS objects, 38% free, 26MB/42MB, paused 235us total 17.026ms
08-05 21:22:01.827  5206  5220 I art     : Starting a blocking GC Explicit
08-05 21:22:01.838  5206  5220 I art     : Explicit concurrent mark sweep GC freed 20(704B) AllocSpace objects, 0(0B) LOS objects, 38% free, 26MB/42MB, paused 181us total 11.462ms
08-05 21:22:01.845  5206  5220 I art     : Starting a blocking GC Explicit
08-05 21:22:01.857  5206  5220 I art     : Explicit concurrent mark sweep GC freed 3(96B) AllocSpace objects, 0(0B) LOS objects, 38% free, 26MB/42MB, paused 255us total 12.018ms
08-05 21:22:01.863  5206  5220 I art     : Starting a blocking GC Explicit
08-05 21:22:01.875  5206  5220 I art     : Explicit concurrent mark sweep GC freed 3(96B) AllocSpace objects, 0(0B) LOS objects, 38% free, 26MB/42MB, paused 195us total 11.610ms
08-05 21:22:01.881  5206  5220 I art     : Starting a blocking GC Explicit
08-05 21:22:01.893  5206  5220 I art     : Explicit concurrent mark sweep GC freed 3(96B) AllocSpace objects, 0(0B) LOS objects, 38% free, 26MB/42MB, paused 174us total 11.641ms
08-05 21:22:02.166  5206 23687 I art     : Starting a blocking GC Explicit
08-05 21:22:02.180  5206 23687 I art     : Explicit concurrent mark sweep GC freed 1382(80KB) AllocSpace objects, 1(20KB) LOS objects, 38% free, 26MB/42MB, paused 190us total 14.241ms
08-05 21:22:02.187  5206 23687 I art     : Starting a blocking GC Explicit
08-05 21:22:02.200  5206 23687 I art     : Explicit concurrent mark sweep GC freed 20(704B) AllocSpace objects, 0(0B) LOS objects, 38% free, 26MB/42MB, paused 185us total 12.472ms
08-05 21:22:02.207  5206 23687 I art     : Starting a blocking GC Explicit
08-05 21:22:02.219  5206 23687 I art     : Explicit concurrent mark sweep GC freed 3(96B) AllocSpace objects, 0(0B) LOS objects, 38% free, 26MB/42MB, paused 200us total 12.164ms
08-05 21:22:02.226  5206 23687 I art     : Starting a blocking GC Explicit
08-05 21:22:02.237  5206 23687 I art     : Explicit concurrent mark sweep GC freed 3(96B) AllocSpace objects, 0(0B) LOS objects, 38% free, 26MB/42MB, paused 185us total 11.243ms
08-05 21:22:02.243  5206 23687 I art     : Starting a blocking GC Explicit
08-05 21:22:02.255  5206 23687 I art     : Explicit concurrent mark sweep GC freed 3(96B) AllocSpace objects, 0(0B) LOS objects, 38% free, 26MB/42MB, paused 182us total 11.605ms
08-05 21:22:02.566  5206  5219 I art     : Starting a blocking GC Explicit
08-05 21:22:02.587  5206  5219 I art     : Explicit concurrent mark sweep GC freed 1379(80KB) AllocSpace objects, 1(20KB) LOS objects, 38% free, 26MB/42MB, paused 267us total 21.093ms
08-05 21:22:02.597  5206  5219 I art     : Starting a blocking GC Explicit
08-05 21:22:02.613  5206  5219 I art     : Explicit concurrent mark sweep GC freed 20(704B) AllocSpace objects, 0(0B) LOS objects, 38% free, 26MB/42MB, paused 191us total 14.941ms
08-05 21:22:02.621  5206  5219 I art     : Starting a blocking GC Explicit
08-05 21:22:02.633  5206  5219 I art     : Explicit concurrent mark sweep GC freed 3(96B) AllocSpace objects, 0(0B) LOS objects, 38% free, 26MB/42MB, paused 193us total 11.889ms
08-05 21:22:02.640  5206  5219 I art     : Starting a blocking GC Explicit
08-05 21:22:02.653  5206  5219 I art     : Explicit concurrent mark sweep GC freed 3(96B) AllocSpace objects, 0(0B) LOS objects, 38% free, 26MB/42MB, paused 174us total 12.043ms
08-05 21:22:02.659  5206  5219 I art     : Starting a blocking GC Explicit
08-05 21:22:02.670  5206  5219 I art     : Explicit concurrent mark sweep GC freed 3(96B) AllocSpace objects, 0(0B) LOS objects, 38% free, 26MB/42MB, paused 184us total 11.168ms
08-05 21:22:02.997  5206  5220 I art     : Starting a blocking GC Explicit
08-05 21:22:03.015  5206  5220 I art     : Explicit concurrent mark sweep GC freed 1379(80KB) AllocSpace objects, 1(20KB) LOS objects, 38% free, 26MB/42MB, paused 252us total 17.294ms
08-05 21:22:03.024  5206  5220 I art     : Starting a blocking GC Explicit
08-05 21:22:03.037  5206  5220 I art     : Explicit concurrent mark sweep GC freed 20(704B) AllocSpace objects, 0(0B) LOS objects, 38% free, 26MB/42MB, paused 200us total 12.406ms
08-05 21:22:03.043  5206  5220 I art     : Starting a blocking GC Explicit
08-05 21:22:03.055  5206  5220 I art     : Explicit concurrent mark sweep GC freed 3(96B) AllocSpace objects, 0(0B) LOS objects, 38% free, 26MB/42MB, paused 187us total 11.893ms
08-05 21:22:03.061  5206  5220 I art     : Starting a blocking GC Explicit
08-05 21:22:03.072  5206  5220 I art     : Explicit concurrent mark sweep GC freed 3(96B) AllocSpace objects, 0(0B) LOS objects, 38% free, 26MB/42MB, paused 193us total 11.106ms
08-05 21:22:03.078  5206  5220 I art     : Starting a blocking GC Explicit
08-05 21:22:03.090  5206  5220 I art     : Explicit concurrent mark sweep GC freed 3(96B) AllocSpace objects, 0(0B) LOS objects, 38% free, 26MB/42MB, paused 185us total 11.382ms
08-05 21:22:03.391  5206 23687 I art     : Starting a blocking GC Explicit
08-05 21:22:03.412  5206 23687 I art     : Explicit concurrent mark sweep GC freed 1378(80KB) AllocSpace objects, 1(20KB) LOS objects, 38% free, 26MB/42MB, paused 225us total 20.778ms
08-05 21:22:03.423  5206 23687 I art     : Starting a blocking GC Explicit
08-05 21:22:03.436  5206 23687 I art     : Explicit concurrent mark sweep GC freed 20(704B) AllocSpace objects, 0(0B) LOS objects, 38% free, 26MB/42MB, paused 183us total 12.659ms
08-05 21:22:03.442  5206 23687 I art     : Starting a blocking GC Explicit
08-05 21:22:03.454  5206 23687 I art     : Explicit concurrent mark sweep GC freed 3(96B) AllocSpace objects, 0(0B) LOS objects, 38% free, 26MB/42MB, paused 188us total 11.241ms
08-05 21:22:03.460  5206 23687 I art     : Starting a blocking GC Explicit
08-05 21:22:03.471  5206 23687 I art     : Explicit concurrent mark sweep GC freed 3(96B) AllocSpace objects, 0(0B) LOS objects, 38% free, 26MB/42MB, paused 178us total 11.330ms
08-05 21:22:03.477  5206 23687 I art     : Starting a blocking GC Explicit
08-05 21:22:03.489  5206 23687 I art     : Explicit concurrent mark sweep GC freed 3(96B) AllocSpace objects, 0(0B) LOS objects, 38% free, 26MB/42MB, paused 177us total 11.356ms
08-05 21:22:03.779  5206  5219 I art     : Starting a blocking GC Explicit
08-05 21:22:03.796  5206  5219 I art     : Explicit concurrent mark sweep GC freed 1378(80KB) AllocSpace objects, 1(20KB) LOS objects, 38% free, 26MB/42MB, paused 207us total 16.758ms
08-05 21:22:03.805  5206  5219 I art     : Starting a blocking GC Explicit
08-05 21:22:03.818  5206  5219 I art     : Explicit concurrent mark sweep GC freed 20(704B) AllocSpace objects, 0(0B) LOS objects, 38% free, 26MB/42MB, paused 175us total 12.094ms
08-05 21:22:03.824  5206  5219 I art     : Starting a blocking GC Explicit
08-05 21:22:03.836  5206  5219 I art     : Explicit concurrent mark sweep GC freed 3(96B) AllocSpace objects, 0(0B) LOS objects, 38% free, 26MB/42MB, paused 175us total 11.995ms
08-05 21:22:03.843  5206  5219 I art     : Starting a blocking GC Explicit
08-05 21:22:03.854  5206  5219 I art     : Explicit concurrent mark sweep GC freed 3(96B) AllocSpace objects, 0(0B) LOS objects, 38% free, 26MB/42MB, paused 180us total 10.979ms
08-05 21:22:03.860  5206  5219 I art     : Starting a blocking GC Explicit
08-05 21:22:03.872  5206  5219 I art     : Explicit concurrent mark sweep GC freed 3(96B) AllocSpace objects, 0(0B) LOS objects, 38% free, 26MB/42MB, paused 173us total 11.345ms
08-05 21:22:04.172  5206  5220 I art     : Starting a blocking GC Explicit
08-05 21:22:04.189  5206  5220 I art     : Explicit concurrent mark sweep GC freed 1378(80KB) AllocSpace objects, 1(20KB) LOS objects, 38% free, 26MB/42MB, paused 216us total 17.233ms
08-05 21:22:04.199  5206  5220 I art     : Starting a blocking GC Explicit
08-05 21:22:04.212  5206  5220 I art     : Explicit concurrent mark sweep GC freed 20(704B) AllocSpace objects, 0(0B) LOS objects, 38% free, 26MB/42MB, paused 196us total 12.225ms
08-05 21:22:04.218  5206  5220 I art     : Starting a blocking GC Explicit
08-05 21:22:04.230  5206  5220 I art     : Explicit concurrent mark sweep GC freed 3(96B) AllocSpace objects, 0(0B) LOS objects, 38% free, 26MB/42MB, paused 190us total 11.774ms
08-05 21:22:04.236  5206  5220 I art     : Starting a blocking GC Explicit
08-05 21:22:04.247  5206  5220 I art     : Explicit concurrent mark sweep GC freed 3(96B) AllocSpace objects, 0(0B) LOS objects, 38% free, 26MB/42MB, paused 178us total 11.091ms
08-05 21:22:04.254  5206  5220 I art     : Starting a blocking GC Explicit
08-05 21:22:04.265  5206  5220 I art     : Explicit concurrent mark sweep GC freed 3(96B) AllocSpace objects, 0(0B) LOS objects, 38% free, 26MB/42MB, paused 180us total 11.131ms
08-05 21:22:04.557  5206 23687 I art     : Starting a blocking GC Explicit
08-05 21:22:04.573  5206 23687 I art     : Explicit concurrent mark sweep GC freed 1378(80KB) AllocSpace objects, 1(20KB) LOS objects, 38% free, 26MB/42MB, paused 222us total 15.516ms
08-05 21:22:04.583  5206 23687 I art     : Starting a blocking GC Explicit
08-05 21:22:04.595  5206 23687 I art     : Explicit concurrent mark sweep GC freed 20(704B) AllocSpace objects, 0(0B) LOS objects, 38% free, 26MB/42MB, paused 189us total 11.739ms
08-05 21:22:04.601  5206 23687 I art     : Starting a blocking GC Explicit
08-05 21:22:04.613  5206 23687 I art     : Explicit concurrent mark sweep GC freed 3(96B) AllocSpace objects, 0(0B) LOS objects, 38% free, 26MB/42MB, paused 177us total 11.468ms
08-05 21:22:04.619  5206 23687 I art     : Starting a blocking GC Explicit
08-05 21:22:04.631  5206 23687 I art     : Explicit concurrent mark sweep GC freed 3(96B) AllocSpace objects, 0(0B) LOS objects, 38% free, 26MB/42MB, paused 173us total 11.458ms
08-05 21:22:04.637  5206 23687 I art     : Starting a blocking GC Explicit
08-05 21:22:04.648  5206 23687 I art     : Explicit concurrent mark sweep GC freed 3(96B) AllocSpace objects, 0(0B) LOS objects, 38% free, 26MB/42MB, paused 175us total 11.296ms
08-05 21:22:04.808 13866 13882 I PeriodicStatsRunner: PeriodicStatsRunner.call():175 call()
08-05 21:22:04.808 13866 13882 I PeriodicStatsRunner: PeriodicStatsRunner.call():179 No submit PeriodicStats since input started.
08-05 21:22:04.952  5206  5219 I art     : Starting a blocking GC Explicit
08-05 21:22:04.966  5206  5219 I art     : Explicit concurrent mark sweep GC freed 1378(80KB) AllocSpace objects, 1(20KB) LOS objects, 38% free, 26MB/42MB, paused 194us total 13.594ms
08-05 21:22:04.972  5206  5219 I art     : Starting a blocking GC Explicit
08-05 21:22:04.985  5206  5219 I art     : Explicit concurrent mark sweep GC freed 20(704B) AllocSpace objects, 0(0B) LOS objects, 38% free, 26MB/42MB, paused 179us total 12.222ms
08-05 21:22:04.991  5206  5219 I art     : Starting a blocking GC Explicit
08-05 21:22:05.003  5206  5219 I art     : Explicit concurrent mark sweep GC freed 3(96B) AllocSpace objects, 0(0B) LOS objects, 38% free, 26MB/42MB, paused 176us total 11.437ms
08-05 21:22:05.010  5206  5219 I art     : Starting a blocking GC Explicit
08-05 21:22:05.021  5206  5219 I art     : Explicit concurrent mark sweep GC freed 3(96B) AllocSpace objects, 0(0B) LOS objects, 38% free, 26MB/42MB, paused 181us total 11.123ms
08-05 21:22:05.027  5206  5219 I art     : Starting a blocking GC Explicit
08-05 21:22:05.039  5206  5219 I art     : Explicit concurrent mark sweep GC freed 3(96B) AllocSpace objects, 0(0B) LOS objects, 38% free, 26MB/42MB, paused 172us total 11.257ms
08-05 21:22:05.346  5206  5220 I art     : Starting a blocking GC Explicit
08-05 21:22:05.358  5206  5220 I art     : Explicit concurrent mark sweep GC freed 1377(80KB) AllocSpace objects, 1(20KB) LOS objects, 38% free, 26MB/42MB, paused 178us total 11.647ms
08-05 21:22:05.364  5206  5220 I art     : Starting a blocking GC Explicit
08-05 21:22:05.374  5206  5220 I art     : Explicit concurrent mark sweep GC freed 20(704B) AllocSpace objects, 0(0B) LOS objects, 38% free, 26MB/42MB, paused 170us total 10.053ms
08-05 21:22:05.379  5206  5220 I art     : Starting a blocking GC Explicit
08-05 21:22:05.390  5206  5220 I art     : Explicit concurrent mark sweep GC freed 3(96B) AllocSpace objects, 0(0B) LOS objects, 38% free, 26MB/42MB, paused 168us total 10.059ms
08-05 21:22:05.395  5206  5220 I art     : Starting a blocking GC Explicit
08-05 21:22:05.405  5206  5220 I art     : Explicit concurrent mark sweep GC freed 3(96B) AllocSpace objects, 0(0B) LOS objects, 38% free, 26MB/42MB, paused 160us total 9.757ms
08-05 21:22:05.410  5206  5220 I art     : Starting a blocking GC Explicit
08-05 21:22:05.420  5206  5220 I art     : Explicit concurrent mark sweep GC freed 3(96B) AllocSpace objects, 0(0B) LOS objects, 38% free, 26MB/42MB, paused 161us total 9.684ms
08-05 21:22:05.686  5206 23687 I art     : Starting a blocking GC Explicit
08-05 21:22:05.701  5206 23687 I art     : Explicit concurrent mark sweep GC freed 1378(80KB) AllocSpace objects, 1(20KB) LOS objects, 38% free, 26MB/42MB, paused 264us total 13.931ms
08-05 21:22:05.708  5206 23687 I art     : Starting a blocking GC Explicit
08-05 21:22:05.720  5206 23687 I art     : Explicit concurrent mark sweep GC freed 20(704B) AllocSpace objects, 0(0B) LOS objects, 38% free, 26MB/42MB, paused 177us total 11.321ms
08-05 21:22:05.725  5206 23687 I art     : Starting a blocking GC Explicit
08-05 21:22:05.736  5206 23687 I art     : Explicit concurrent mark sweep GC freed 3(96B) AllocSpace objects, 0(0B) LOS objects, 38% free, 26MB/42MB, paused 169us total 10.091ms
08-05 21:22:05.741  5206 23687 I art     : Starting a blocking GC Explicit
08-05 21:22:05.752  5206 23687 I art     : Explicit concurrent mark sweep GC freed 3(96B) AllocSpace objects, 0(0B) LOS objects, 38% free, 26MB/42MB, paused 170us total 10.328ms
08-05 21:22:05.757  5206 23687 I art     : Starting a blocking GC Explicit
08-05 21:22:05.767  5206 23687 I art     : Explicit concurrent mark sweep GC freed 3(96B) AllocSpace objects, 0(0B) LOS objects, 38% free, 26MB/42MB, paused 167us total 9.969ms
08-05 21:22:06.037  5206  5219 I art     : Starting a blocking GC Explicit
08-05 21:22:06.049  5206  5219 I art     : Explicit concurrent mark sweep GC freed 1378(80KB) AllocSpace objects, 1(20KB) LOS objects, 38% free, 26MB/42MB, paused 187us total 11.775ms
08-05 21:22:06.055  5206  5219 I art     : Starting a blocking GC Explicit
08-05 21:22:06.067  5206  5219 I art     : Explicit concurrent mark sweep GC freed 20(704B) AllocSpace objects, 0(0B) LOS objects, 38% free, 26MB/42MB, paused 198us total 11.463ms
08-05 21:22:06.073  5206  5219 I art     : Starting a blocking GC Explicit
08-05 21:22:06.074 23854 23854 D AndroidRuntime: >>>>>> START com.android.internal.os.RuntimeInit uid 2000 <<<<<<
08-05 21:22:06.078 23854 23854 D AndroidRuntime: CheckJNI is OFF
08-05 21:22:06.085  5206  5219 I art     : Explicit concurrent mark sweep GC freed 3(96B) AllocSpace objects, 0(0B) LOS objects, 38% free, 26MB/42MB, paused 179us total 11.698ms
08-05 21:22:06.091  5206  5219 I art     : Starting a blocking GC Explicit
08-05 21:22:06.102  5206  5219 I art     : Explicit concurrent mark sweep GC freed 3(96B) AllocSpace objects, 0(0B) LOS objects, 38% free, 26MB/42MB, paused 175us total 10.078ms
08-05 21:22:06.105 23854 23854 D ICU     : No timezone override file found: /data/misc/zoneinfo/current/icu/icu_tzdata.dat
08-05 21:22:06.107  5206  5219 I art     : Starting a blocking GC Explicit
08-05 21:22:06.118  5206  5219 I art     : Explicit concurrent mark sweep GC freed 3(96B) AllocSpace objects, 0(0B) LOS objects, 38% free, 26MB/42MB, paused 177us total 10.451ms
08-05 21:22:06.129 23854 23854 I Radio-JNI: register_android_hardware_Radio DONE
08-05 21:22:06.144 23854 23854 D AndroidRuntime: Calling main entry com.android.commands.input.Input
08-05 21:22:06.146 23854 23854 I Input   : injectMotionEvent: MotionEvent { action=ACTION_DOWN, actionButton=0, id[0]=0, x[0]=594.0, y[0]=330.0, toolType[0]=TOOL_TYPE_UNKNOWN, buttonState=0, metaState=0, flags=0x0, edgeFlags=0x0, pointerCount=1, historySize=0, eventTime=825742558, downTime=825742558, deviceId=0, source=0x1002 }
08-05 21:22:06.153 23854 23854 I Input   : injectMotionEvent: MotionEvent { action=ACTION_UP, actionButton=0, id[0]=0, x[0]=594.0, y[0]=330.0, toolType[0]=TOOL_TYPE_UNKNOWN, buttonState=0, metaState=0, flags=0x0, edgeFlags=0x0, pointerCount=1, historySize=0, eventTime=825742558, downTime=825742558, deviceId=0, source=0x1002 }
08-05 21:22:06.154 23854 23854 D AndroidRuntime: Shutting down VM
08-05 21:22:06.224   918  3670 I ActivityManager: START u0 {cmp=baseline.com.newsblur/.activity.GlobalSharedStoriesItemsList (has extras)} from uid 10676 on display 0
08-05 21:22:06.247  5206 23879 I baseline.com.newsblur.database.BlurDatabaseHelper: reading session reset
08-05 21:22:06.333  5206  5219 I art     : Starting a blocking GC Explicit
08-05 21:22:06.346  5206  5219 I art     : Explicit concurrent mark sweep GC freed 6437(518KB) AllocSpace objects, 8(284KB) LOS objects, 36% free, 27MB/43MB, paused 208us total 12.463ms
08-05 21:22:06.351  5206  5219 I art     : Starting a blocking GC Explicit
08-05 21:22:06.362  5206  5219 I art     : Explicit concurrent mark sweep GC freed 347(16KB) AllocSpace objects, 0(0B) LOS objects, 36% free, 27MB/43MB, paused 184us total 10.928ms
08-05 21:22:06.369  5206  5219 I art     : Starting a blocking GC Explicit
08-05 21:22:06.376  5206  5206 W View    : requestLayout() improperly called by android.widget.FrameLayout{25e526a V.E...... ......ID 0,0-1440,0 #7f07003f app:id/footer_view_inner} during layout: running second layout pass
08-05 21:22:06.376  5206  5206 W View    : requestLayout() improperly called by android.widget.FrameLayout{741935b V.E...... ......ID 0,0-1440,2091 #7f07003f app:id/footer_view_inner} during layout: running second layout pass
08-05 21:22:06.381  5206  5219 I art     : Explicit concurrent mark sweep GC freed 319(39KB) AllocSpace objects, 1(20KB) LOS objects, 36% free, 27MB/43MB, paused 241us total 11.592ms
08-05 21:22:06.386  5206  5219 I art     : Starting a blocking GC Explicit
08-05 21:22:06.394   918   936 I ActivityManager: Displayed baseline.com.newsblur/.activity.GlobalSharedStoriesItemsList: +161ms
08-05 21:22:06.397 13866 13866 I GoogleInputMethodServic: GoogleInputMethodService.onFinishInput():3138 
08-05 21:22:06.398 13866 13866 I GoogleInputMethodServic: GoogleInputMethodService.onStartInput():1808 
08-05 21:22:06.400  5206  5219 I art     : Explicit concurrent mark sweep GC freed 1296(72KB) AllocSpace objects, 2(40KB) LOS objects, 36% free, 27MB/43MB, paused 701us total 13.473ms
08-05 21:22:06.406  5206  5219 I art     : Starting a blocking GC Explicit
08-05 21:22:06.419  5206  5219 I art     : Explicit concurrent mark sweep GC freed 505(79KB) AllocSpace objects, 3(60KB) LOS objects, 36% free, 27MB/43MB, paused 256us total 11.945ms
08-05 21:22:06.631  5206  5220 I art     : Starting a blocking GC Explicit
08-05 21:22:06.652  5206  5220 I art     : Explicit concurrent mark sweep GC freed 1717(108KB) AllocSpace objects, 2(40KB) LOS objects, 36% free, 27MB/43MB, paused 428us total 20.830ms
08-05 21:22:06.659  5206  5220 I art     : Starting a blocking GC Explicit
08-05 21:22:06.671  5206  5220 I art     : Explicit concurrent mark sweep GC freed 167(9KB) AllocSpace objects, 0(0B) LOS objects, 36% free, 27MB/43MB, paused 257us total 12.526ms
08-05 21:22:06.677  5206  5220 I art     : Starting a blocking GC Explicit
08-05 21:22:06.690  5206  5220 I art     : Explicit concurrent mark sweep GC freed 4(128B) AllocSpace objects, 0(0B) LOS objects, 36% free, 27MB/43MB, paused 228us total 12.292ms
08-05 21:22:06.695  5206  5220 I art     : Starting a blocking GC Explicit
08-05 21:22:06.707  5206  5220 I art     : Explicit concurrent mark sweep GC freed 4(128B) AllocSpace objects, 0(0B) LOS objects, 36% free, 27MB/43MB, paused 298us total 11.166ms
08-05 21:22:06.712  5206  5220 I art     : Starting a blocking GC Explicit
08-05 21:22:06.723  5206  5220 I art     : Explicit concurrent mark sweep GC freed 4(128B) AllocSpace objects, 0(0B) LOS objects, 36% free, 27MB/43MB, paused 228us total 10.830ms
08-05 21:22:06.976  5206 23687 I art     : Starting a blocking GC Explicit
08-05 21:22:06.994  5206 23687 I art     : Explicit concurrent mark sweep GC freed 3836(207KB) AllocSpace objects, 4(220KB) LOS objects, 36% free, 27MB/43MB, paused 317us total 17.606ms
08-05 21:22:06.997  5206 23890 I NAPPA_EXPERIMENTATION: MetricNetworkRequestExecutionTime: REQUEST_DURATION_SYSTEM='590',REQUEST_DURATION_OKHTTP='44',REQUEST_SYNCHRONOUS='TRUE',RESPONSE_CODE='200',RESPONSE_METHOD='GET',RESPONSE_LENGTH_OKHTTP='-1',RESPONSE_LENGTH_HEADER='13047',REQUEST_PROTOCOL='http/1.1',REQUEST_URL='https://www.newsblur.com/social/river_stories?order=newest&page=1&read_filter=all&global_feed=true',
08-05 21:22:06.997  5206 23890 D MY_TAG  : 0, 590
08-05 21:22:07.001  5206 23687 I art     : Starting a blocking GC Explicit
08-05 21:22:07.015  5206 23687 I art     : Explicit concurrent mark sweep GC freed 3537(253KB) AllocSpace objects, 3(184KB) LOS objects, 36% free, 27MB/43MB, paused 325us total 13.917ms
08-05 21:22:07.022  5206 23687 I art     : Starting a blocking GC Explicit
08-05 21:22:07.036  5206 23687 I art     : Explicit concurrent mark sweep GC freed 6503(335KB) AllocSpace objects, 2(48KB) LOS objects, 36% free, 27MB/43MB, paused 546us total 13.987ms
08-05 21:22:07.042  5206 23687 I art     : Starting a blocking GC Explicit
08-05 21:22:07.055  5206 23687 I art     : Explicit concurrent mark sweep GC freed 4371(296KB) AllocSpace objects, 3(56KB) LOS objects, 36% free, 27MB/43MB, paused 362us total 13.001ms
08-05 21:22:07.061  5206 23687 I art     : Starting a blocking GC Explicit
08-05 21:22:07.075  5206 23687 I art     : Explicit concurrent mark sweep GC freed 8523(611KB) AllocSpace objects, 8(160KB) LOS objects, 36% free, 27MB/43MB, paused 434us total 14.488ms
08-05 21:22:07.290  5206 23920 I NAPPA_EXPERIMENTATION: MetricNetworkRequestExecutionTime: REQUEST_DURATION_SYSTEM='56',REQUEST_DURATION_OKHTTP='53',REQUEST_SYNCHRONOUS='TRUE',RESPONSE_CODE='200',RESPONSE_METHOD='GET',RESPONSE_LENGTH_OKHTTP='43',RESPONSE_LENGTH_HEADER='43',REQUEST_PROTOCOL='http/1.1',REQUEST_URL='http://feeds.feedburner.com/~r/retort/~4/UffaFMiJbNs',
08-05 21:22:07.333  5206 23687 I art     : Starting a blocking GC Explicit
08-05 21:22:07.352  5206 23687 I art     : Explicit concurrent mark sweep GC freed 15099(1129KB) AllocSpace objects, 28(648KB) LOS objects, 36% free, 28MB/44MB, paused 417us total 19.069ms
08-05 21:22:07.361  5206 23687 I art     : Starting a blocking GC Explicit
08-05 21:22:07.377  5206 23687 I art     : Explicit concurrent mark sweep GC freed 2456(194KB) AllocSpace objects, 1(20KB) LOS objects, 36% free, 27MB/43MB, paused 455us total 16.055ms
08-05 21:22:07.384  5206 23687 I art     : Starting a blocking GC Explicit
08-05 21:22:07.398  5206 23687 I art     : Explicit concurrent mark sweep GC freed 721(58KB) AllocSpace objects, 2(120KB) LOS objects, 36% free, 28MB/44MB, paused 496us total 13.862ms
08-05 21:22:07.404  5206 23687 I art     : Starting a blocking GC Explicit
08-05 21:22:07.418  5206 23687 I art     : Explicit concurrent mark sweep GC freed 2802(114KB) AllocSpace objects, 0(0B) LOS objects, 36% free, 28MB/44MB, paused 630us total 14.560ms
08-05 21:22:07.425  5206 23687 I art     : Starting a blocking GC Explicit
08-05 21:22:07.440  5206 23687 I art     : Explicit concurrent mark sweep GC freed 3670(235KB) AllocSpace objects, 1(80KB) LOS objects, 36% free, 28MB/44MB, paused 498us total 14.356ms
08-05 21:22:07.604  5206 23922 I NAPPA_EXPERIMENTATION: MetricNetworkRequestExecutionTime: REQUEST_DURATION_SYSTEM='360',REQUEST_DURATION_OKHTTP='182',REQUEST_SYNCHRONOUS='TRUE',RESPONSE_CODE='200',RESPONSE_METHOD='GET',RESPONSE_LENGTH_OKHTTP='79351',RESPONSE_LENGTH_HEADER='79351',REQUEST_PROTOCOL='h2',REQUEST_URL='https://images.fastcompany.net/image/upload/w_1280,q_auto,f_auto,fl_lossy/wp-cms/uploads/2020/07/p-1-90532920-this-chart-shows-how-effective-masks-can-be.png',
08-05 21:22:07.719  5206  5220 I art     : Starting a blocking GC Explicit
08-05 21:22:07.722  5206 23923 I NAPPA_EXPERIMENTATION: MetricNetworkRequestExecutionTime: REQUEST_DURATION_SYSTEM='498',REQUEST_DURATION_OKHTTP='68',REQUEST_SYNCHRONOUS='TRUE',RESPONSE_CODE='200',RESPONSE_METHOD='GET',RESPONSE_LENGTH_OKHTTP='477',RESPONSE_LENGTH_HEADER='477',REQUEST_PROTOCOL='http/1.1',REQUEST_URL='https://s3.amazonaws.com/icons.newsblur.com/5762506.png',
08-05 21:22:07.726  5206 23919 I NAPPA_EXPERIMENTATION: MetricNetworkRequestExecutionTime: REQUEST_DURATION_SYSTEM='520',REQUEST_DURATION_OKHTTP='76',REQUEST_SYNCHRONOUS='TRUE',RESPONSE_CODE='200',RESPONSE_METHOD='GET',RESPONSE_LENGTH_OKHTTP='145',RESPONSE_LENGTH_HEADER='145',REQUEST_PROTOCOL='http/1.1',REQUEST_URL='https://s3.amazonaws.com/icons.newsblur.com/6882243.png',
08-05 21:22:07.737  5206  5220 I art     : Explicit concurrent mark sweep GC freed 14274(711KB) AllocSpace objects, 7(3MB) LOS objects, 34% free, 30MB/46MB, paused 416us total 18.458ms
08-05 21:22:07.745  5206  5220 I art     : Starting a blocking GC Explicit
08-05 21:22:07.759  5206 23921 I NAPPA_EXPERIMENTATION: MetricNetworkRequestExecutionTime: REQUEST_DURATION_SYSTEM='545',REQUEST_DURATION_OKHTTP='102',REQUEST_SYNCHRONOUS='TRUE',RESPONSE_CODE='200',RESPONSE_METHOD='GET',RESPONSE_LENGTH_OKHTTP='243',RESPONSE_LENGTH_HEADER='243',REQUEST_PROTOCOL='http/1.1',REQUEST_URL='https://s3.amazonaws.com/icons.newsblur.com/18178.png',
08-05 21:22:07.760  5206  5220 I art     : Explicit concurrent mark sweep GC freed 524(22KB) AllocSpace objects, 0(0B) LOS objects, 34% free, 30MB/46MB, paused 388us total 15.207ms
08-05 21:22:07.766  5206  5220 I art     : Starting a blocking GC Explicit
08-05 21:22:07.782  5206  5220 I art     : Explicit concurrent mark sweep GC freed 336(30KB) AllocSpace objects, 5(100KB) LOS objects, 34% free, 30MB/46MB, paused 463us total 15.792ms
08-05 21:22:07.789  5206  5220 I art     : Starting a blocking GC Explicit
08-05 21:22:07.805  5206  5220 I art     : Explicit concurrent mark sweep GC freed 66(3KB) AllocSpace objects, 2(40KB) LOS objects, 34% free, 30MB/46MB, paused 352us total 16.327ms
08-05 21:22:07.812  5206  5220 I art     : Starting a blocking GC Explicit
08-05 21:22:07.826  5206  5220 I art     : Explicit concurrent mark sweep GC freed 100(4KB) AllocSpace objects, 0(0B) LOS objects, 34% free, 30MB/46MB, paused 333us total 14.091ms
08-05 21:22:08.127  5206 23687 I art     : Starting a blocking GC Explicit
08-05 21:22:08.147  5206 23687 I art     : Explicit concurrent mark sweep GC freed 1393(82KB) AllocSpace objects, 1(20KB) LOS objects, 34% free, 30MB/46MB, paused 389us total 19.449ms
08-05 21:22:08.153  5206 23687 I art     : Starting a blocking GC Explicit
08-05 21:22:08.168  5206 23687 I art     : Explicit concurrent mark sweep GC freed 20(704B) AllocSpace objects, 0(0B) LOS objects, 34% free, 30MB/46MB, paused 331us total 14.872ms
08-05 21:22:08.174  5206 23687 I art     : Starting a blocking GC Explicit
08-05 21:22:08.189  5206 23687 I art     : Explicit concurrent mark sweep GC freed 3(96B) AllocSpace objects, 0(0B) LOS objects, 34% free, 30MB/46MB, paused 323us total 14.453ms
08-05 21:22:08.195  5206 23687 I art     : Starting a blocking GC Explicit
08-05 21:22:08.210  5206 23687 I art     : Explicit concurrent mark sweep GC freed 3(96B) AllocSpace objects, 0(0B) LOS objects, 34% free, 30MB/46MB, paused 327us total 14.599ms
08-05 21:22:08.216  5206 23687 I art     : Starting a blocking GC Explicit
08-05 21:22:08.231  5206 23687 I art     : Explicit concurrent mark sweep GC freed 3(96B) AllocSpace objects, 0(0B) LOS objects, 34% free, 30MB/46MB, paused 332us total 14.541ms
08-05 21:22:08.528  5206 23889 I art     : Starting a blocking GC Explicit
08-05 21:22:08.547  5206 23889 I art     : Explicit concurrent mark sweep GC freed 1390(80KB) AllocSpace objects, 1(20KB) LOS objects, 34% free, 30MB/46MB, paused 352us total 18.509ms
08-05 21:22:08.558  5206 23889 I art     : Starting a blocking GC Explicit
08-05 21:22:08.573  5206 23889 I art     : Explicit concurrent mark sweep GC freed 20(704B) AllocSpace objects, 0(0B) LOS objects, 34% free, 30MB/46MB, paused 318us total 14.552ms
08-05 21:22:08.579  5206 23889 I art     : Starting a blocking GC Explicit
08-05 21:22:08.593  5206 23889 I art     : Explicit concurrent mark sweep GC freed 3(96B) AllocSpace objects, 0(0B) LOS objects, 34% free, 30MB/46MB, paused 343us total 14.331ms
08-05 21:22:08.600  5206 23889 I art     : Starting a blocking GC Explicit
08-05 21:22:08.615  5206 23889 I art     : Explicit concurrent mark sweep GC freed 3(96B) AllocSpace objects, 0(0B) LOS objects, 34% free, 30MB/46MB, paused 314us total 14.691ms
08-05 21:22:08.621  5206 23889 I art     : Starting a blocking GC Explicit
08-05 21:22:08.636  5206 23889 I art     : Explicit concurrent mark sweep GC freed 3(96B) AllocSpace objects, 0(0B) LOS objects, 34% free, 30MB/46MB, paused 316us total 14.441ms
08-05 21:22:08.940  5206  5220 I art     : Starting a blocking GC Explicit
08-05 21:22:08.958  5206  5220 I art     : Explicit concurrent mark sweep GC freed 1389(80KB) AllocSpace objects, 1(20KB) LOS objects, 34% free, 30MB/46MB, paused 360us total 17.705ms
08-05 21:22:08.965  5206  5220 I art     : Starting a blocking GC Explicit
08-05 21:22:08.981  5206  5220 I art     : Explicit concurrent mark sweep GC freed 20(704B) AllocSpace objects, 0(0B) LOS objects, 34% free, 30MB/46MB, paused 330us total 15.735ms
08-05 21:22:08.988  5206  5220 I art     : Starting a blocking GC Explicit
08-05 21:22:09.003  5206  5220 I art     : Explicit concurrent mark sweep GC freed 3(96B) AllocSpace objects, 0(0B) LOS objects, 34% free, 30MB/46MB, paused 329us total 15.033ms
08-05 21:22:09.009  5206  5220 I art     : Starting a blocking GC Explicit
08-05 21:22:09.024  5206  5220 I art     : Explicit concurrent mark sweep GC freed 3(96B) AllocSpace objects, 0(0B) LOS objects, 34% free, 30MB/46MB, paused 332us total 14.742ms
08-05 21:22:09.031  5206  5220 I art     : Starting a blocking GC Explicit
08-05 21:22:09.046  5206  5220 I art     : Explicit concurrent mark sweep GC freed 3(96B) AllocSpace objects, 0(0B) LOS objects, 34% free, 30MB/46MB, paused 323us total 15.005ms
08-05 21:22:09.360  5206  5219 I art     : Starting a blocking GC Explicit
08-05 21:22:09.380  5206  5219 I art     : Explicit concurrent mark sweep GC freed 1389(80KB) AllocSpace objects, 1(20KB) LOS objects, 34% free, 30MB/46MB, paused 366us total 20.149ms
08-05 21:22:09.389  5206  5219 I art     : Starting a blocking GC Explicit
08-05 21:22:09.403  5206  5219 I art     : Explicit concurrent mark sweep GC freed 20(704B) AllocSpace objects, 0(0B) LOS objects, 34% free, 30MB/46MB, paused 319us total 14.104ms
08-05 21:22:09.409  5206  5219 I art     : Starting a blocking GC Explicit
08-05 21:22:09.423  5206  5219 I art     : Explicit concurrent mark sweep GC freed 3(96B) AllocSpace objects, 0(0B) LOS objects, 34% free, 30MB/46MB, paused 302us total 13.394ms
08-05 21:22:09.429  5206  5219 I art     : Starting a blocking GC Explicit
08-05 21:22:09.443  5206  5219 I art     : Explicit concurrent mark sweep GC freed 3(96B) AllocSpace objects, 0(0B) LOS objects, 34% free, 30MB/46MB, paused 321us total 14.076ms
08-05 21:22:09.449  5206  5219 I art     : Starting a blocking GC Explicit
08-05 21:22:09.464  5206  5219 I art     : Explicit concurrent mark sweep GC freed 3(96B) AllocSpace objects, 0(0B) LOS objects, 34% free, 30MB/46MB, paused 334us total 14.465ms
08-05 21:22:09.764  5206 23687 I art     : Starting a blocking GC Explicit
08-05 21:22:09.783  5206 23687 I art     : Explicit concurrent mark sweep GC freed 1389(80KB) AllocSpace objects, 1(20KB) LOS objects, 34% free, 30MB/46MB, paused 362us total 18.261ms
08-05 21:22:09.791  5206 23687 I art     : Starting a blocking GC Explicit
08-05 21:22:09.806  5206 23687 I art     : Explicit concurrent mark sweep GC freed 20(704B) AllocSpace objects, 0(0B) LOS objects, 34% free, 30MB/46MB, paused 318us total 14.274ms
08-05 21:22:09.812  5206 23687 I art     : Starting a blocking GC Explicit
08-05 21:22:09.827  5206 23687 I art     : Explicit concurrent mark sweep GC freed 3(96B) AllocSpace objects, 0(0B) LOS objects, 34% free, 30MB/46MB, paused 396us total 14.430ms
08-05 21:22:09.833  5206 23687 I art     : Starting a blocking GC Explicit
08-05 21:22:09.848  5206 23687 I art     : Explicit concurrent mark sweep GC freed 3(96B) AllocSpace objects, 0(0B) LOS objects, 34% free, 30MB/46MB, paused 340us total 14.687ms
08-05 21:22:09.854  5206 23687 I art     : Starting a blocking GC Explicit
08-05 21:22:09.869  5206 23687 I art     : Explicit concurrent mark sweep GC freed 3(96B) AllocSpace objects, 0(0B) LOS objects, 34% free, 30MB/46MB, paused 322us total 14.426ms
08-05 21:22:10.185  5206 23889 I art     : Starting a blocking GC Explicit
08-05 21:22:10.204  5206 23889 I art     : Explicit concurrent mark sweep GC freed 1390(80KB) AllocSpace objects, 1(20KB) LOS objects, 34% free, 30MB/46MB, paused 338us total 18.353ms
08-05 21:22:10.212  5206 23889 I art     : Starting a blocking GC Explicit
08-05 21:22:10.227  5206 23889 I art     : Explicit concurrent mark sweep GC freed 20(704B) AllocSpace objects, 0(0B) LOS objects, 34% free, 30MB/46MB, paused 345us total 15.153ms
08-05 21:22:10.234  5206 23889 I art     : Starting a blocking GC Explicit
08-05 21:22:10.249  5206 23889 I art     : Explicit concurrent mark sweep GC freed 3(96B) AllocSpace objects, 0(0B) LOS objects, 34% free, 30MB/46MB, paused 329us total 15.039ms
08-05 21:22:10.255  5206 23889 I art     : Starting a blocking GC Explicit
08-05 21:22:10.270  5206 23889 I art     : Explicit concurrent mark sweep GC freed 3(96B) AllocSpace objects, 0(0B) LOS objects, 34% free, 30MB/46MB, paused 337us total 14.698ms
08-05 21:22:10.277  5206 23889 I art     : Starting a blocking GC Explicit
08-05 21:22:10.292  5206 23889 I art     : Explicit concurrent mark sweep GC freed 3(96B) AllocSpace objects, 0(0B) LOS objects, 34% free, 30MB/46MB, paused 327us total 14.835ms
08-05 21:22:10.597  5206  5220 I art     : Starting a blocking GC Explicit
08-05 21:22:10.616  5206  5220 I art     : Explicit concurrent mark sweep GC freed 1389(80KB) AllocSpace objects, 1(20KB) LOS objects, 34% free, 30MB/46MB, paused 361us total 18.611ms
08-05 21:22:10.628  5206  5220 I art     : Starting a blocking GC Explicit
08-05 21:22:10.642  5206  5220 I art     : Explicit concurrent mark sweep GC freed 20(704B) AllocSpace objects, 0(0B) LOS objects, 34% free, 30MB/46MB, paused 326us total 14.570ms
08-05 21:22:10.649  5206  5220 I art     : Starting a blocking GC Explicit
08-05 21:22:10.663  5206  5220 I art     : Explicit concurrent mark sweep GC freed 3(96B) AllocSpace objects, 0(0B) LOS objects, 34% free, 30MB/46MB, paused 321us total 14.434ms
08-05 21:22:10.669  5206  5220 I art     : Starting a blocking GC Explicit
08-05 21:22:10.684  5206  5220 I art     : Explicit concurrent mark sweep GC freed 3(96B) AllocSpace objects, 0(0B) LOS objects, 34% free, 30MB/46MB, paused 331us total 14.414ms
08-05 21:22:10.690  5206  5220 I art     : Starting a blocking GC Explicit
08-05 21:22:10.705  5206  5220 I art     : Explicit concurrent mark sweep GC freed 3(96B) AllocSpace objects, 0(0B) LOS objects, 34% free, 30MB/46MB, paused 323us total 14.565ms
08-05 21:22:11.003  5206  5219 I art     : Starting a blocking GC Explicit
08-05 21:22:11.021  5206  5219 I art     : Explicit concurrent mark sweep GC freed 1389(80KB) AllocSpace objects, 1(20KB) LOS objects, 34% free, 30MB/46MB, paused 341us total 17.844ms
08-05 21:22:11.029  5206  5219 I art     : Starting a blocking GC Explicit
08-05 21:22:11.044  5206  5219 I art     : Explicit concurrent mark sweep GC freed 20(704B) AllocSpace objects, 0(0B) LOS objects, 34% free, 30MB/46MB, paused 312us total 14.876ms
08-05 21:22:11.050  5206  5219 I art     : Starting a blocking GC Explicit
08-05 21:22:11.053   918  3188 I hubconnection: sensorhub said: 'set_bias 3: -4.8672, 0.0000, 0.0000'
08-05 21:22:11.065  5206  5219 I art     : Explicit concurrent mark sweep GC freed 3(96B) AllocSpace objects, 0(0B) LOS objects, 34% free, 30MB/46MB, paused 382us total 14.745ms
08-05 21:22:11.072  5206  5219 I art     : Starting a blocking GC Explicit
08-05 21:22:11.087  5206  5219 I art     : Explicit concurrent mark sweep GC freed 3(96B) AllocSpace objects, 0(0B) LOS objects, 34% free, 30MB/46MB, paused 390us total 14.970ms
08-05 21:22:11.093  5206  5219 I art     : Starting a blocking GC Explicit
08-05 21:22:11.108  5206  5219 I art     : Explicit concurrent mark sweep GC freed 3(96B) AllocSpace objects, 0(0B) LOS objects, 34% free, 30MB/46MB, paused 325us total 14.784ms
08-05 21:22:11.399 13866 13882 I PeriodicStatsRunner: PeriodicStatsRunner.call():175 call()
08-05 21:22:11.399 13866 13882 I PeriodicStatsRunner: PeriodicStatsRunner.call():179 No submit PeriodicStats since input started.
08-05 21:22:11.426  5206 23687 I art     : Starting a blocking GC Explicit
08-05 21:22:11.443  5206 23687 I art     : Explicit concurrent mark sweep GC freed 1389(80KB) AllocSpace objects, 1(20KB) LOS objects, 34% free, 30MB/46MB, paused 346us total 17.203ms
08-05 21:22:11.450  5206 23687 I art     : Starting a blocking GC Explicit
08-05 21:22:11.465  5206 23687 I art     : Explicit concurrent mark sweep GC freed 20(704B) AllocSpace objects, 0(0B) LOS objects, 34% free, 30MB/46MB, paused 303us total 15.201ms
08-05 21:22:11.472  5206 23687 I art     : Starting a blocking GC Explicit
08-05 21:22:11.487  5206 23687 I art     : Explicit concurrent mark sweep GC freed 3(96B) AllocSpace objects, 0(0B) LOS objects, 34% free, 30MB/46MB, paused 325us total 15.303ms
08-05 21:22:11.493  5206 23687 I art     : Starting a blocking GC Explicit
08-05 21:22:11.508  5206 23687 I art     : Explicit concurrent mark sweep GC freed 3(96B) AllocSpace objects, 0(0B) LOS objects, 34% free, 30MB/46MB, paused 330us total 14.823ms
08-05 21:22:11.514  5206 23687 I art     : Starting a blocking GC Explicit
08-05 21:22:11.529  5206 23687 I art     : Explicit concurrent mark sweep GC freed 3(96B) AllocSpace objects, 0(0B) LOS objects, 34% free, 30MB/46MB, paused 394us total 14.719ms
08-05 21:22:11.840  5206 23889 I art     : Starting a blocking GC Explicit
08-05 21:22:11.860  5206 23889 I art     : Explicit concurrent mark sweep GC freed 1389(80KB) AllocSpace objects, 1(20KB) LOS objects, 34% free, 30MB/46MB, paused 420us total 19.354ms
08-05 21:22:11.869  5206 23889 I art     : Starting a blocking GC Explicit
08-05 21:22:11.882  5206 23889 I art     : Explicit concurrent mark sweep GC freed 20(704B) AllocSpace objects, 0(0B) LOS objects, 34% free, 30MB/46MB, paused 290us total 13.591ms
08-05 21:22:11.888  5206 23889 I art     : Starting a blocking GC Explicit
08-05 21:22:11.902  5206 23889 I art     : Explicit concurrent mark sweep GC freed 3(96B) AllocSpace objects, 0(0B) LOS objects, 34% free, 30MB/46MB, paused 299us total 13.587ms
08-05 21:22:11.908  5206 23889 I art     : Starting a blocking GC Explicit
08-05 21:22:11.922  5206 23889 I art     : Explicit concurrent mark sweep GC freed 3(96B) AllocSpace objects, 0(0B) LOS objects, 34% free, 30MB/46MB, paused 315us total 13.610ms
08-05 21:22:11.928  5206 23889 I art     : Starting a blocking GC Explicit
08-05 21:22:11.941  5206 23889 I art     : Explicit concurrent mark sweep GC freed 3(96B) AllocSpace objects, 0(0B) LOS objects, 34% free, 30MB/46MB, paused 306us total 13.528ms
08-05 21:22:12.282  5206  5220 I art     : Starting a blocking GC Explicit
08-05 21:22:12.301  5206  5220 I art     : Explicit concurrent mark sweep GC freed 1389(80KB) AllocSpace objects, 1(20KB) LOS objects, 34% free, 30MB/46MB, paused 364us total 18.704ms
08-05 21:22:12.308  5206  5220 I art     : Starting a blocking GC Explicit
08-05 21:22:12.323  5206  5220 I art     : Explicit concurrent mark sweep GC freed 20(704B) AllocSpace objects, 0(0B) LOS objects, 34% free, 30MB/46MB, paused 332us total 15.131ms
08-05 21:22:12.330  5206  5220 I art     : Starting a blocking GC Explicit
08-05 21:22:12.344  5206  5220 I art     : Explicit concurrent mark sweep GC freed 3(96B) AllocSpace objects, 0(0B) LOS objects, 34% free, 30MB/46MB, paused 329us total 14.672ms
08-05 21:22:12.351  5206  5220 I art     : Starting a blocking GC Explicit
08-05 21:22:12.366  5206  5220 I art     : Explicit concurrent mark sweep GC freed 3(96B) AllocSpace objects, 0(0B) LOS objects, 34% free, 30MB/46MB, paused 327us total 14.918ms
08-05 21:22:12.372  5206  5220 I art     : Starting a blocking GC Explicit
08-05 21:22:12.387  5206  5220 I art     : Explicit concurrent mark sweep GC freed 3(96B) AllocSpace objects, 0(0B) LOS objects, 34% free, 30MB/46MB, paused 374us total 14.769ms
08-05 21:22:12.678  5206  5219 I art     : Starting a blocking GC Explicit
08-05 21:22:12.694  5206  5219 I art     : Explicit concurrent mark sweep GC freed 1389(80KB) AllocSpace objects, 1(20KB) LOS objects, 34% free, 30MB/46MB, paused 352us total 15.891ms
08-05 21:22:12.701  5206  5219 I art     : Starting a blocking GC Explicit
08-05 21:22:12.716  5206  5219 I art     : Explicit concurrent mark sweep GC freed 20(704B) AllocSpace objects, 0(0B) LOS objects, 34% free, 30MB/46MB, paused 322us total 14.938ms
08-05 21:22:12.722  5206  5219 I art     : Starting a blocking GC Explicit
08-05 21:22:12.737  5206  5219 I art     : Explicit concurrent mark sweep GC freed 3(96B) AllocSpace objects, 0(0B) LOS objects, 34% free, 30MB/46MB, paused 328us total 14.935ms
08-05 21:22:12.744  5206  5219 I art     : Starting a blocking GC Explicit
08-05 21:22:12.759  5206  5219 I art     : Explicit concurrent mark sweep GC freed 3(96B) AllocSpace objects, 0(0B) LOS objects, 34% free, 30MB/46MB, paused 362us total 14.815ms
08-05 21:22:12.765  5206  5219 I art     : Starting a blocking GC Explicit
08-05 21:22:12.780  5206  5219 I art     : Explicit concurrent mark sweep GC freed 3(96B) AllocSpace objects, 0(0B) LOS objects, 34% free, 30MB/46MB, paused 305us total 14.839ms
08-05 21:22:13.090  5206 23687 I art     : Starting a blocking GC Explicit
08-05 21:22:13.109  5206 23687 I art     : Explicit concurrent mark sweep GC freed 1389(80KB) AllocSpace objects, 1(20KB) LOS objects, 34% free, 30MB/46MB, paused 360us total 18.791ms
08-05 21:22:13.119  5206 23687 I art     : Starting a blocking GC Explicit
08-05 21:22:13.133  5206 23687 I art     : Explicit concurrent mark sweep GC freed 20(704B) AllocSpace objects, 0(0B) LOS objects, 34% free, 30MB/46MB, paused 317us total 14.654ms
08-05 21:22:13.140  5206 23687 I art     : Starting a blocking GC Explicit
08-05 21:22:13.154  5206 23687 I art     : Explicit concurrent mark sweep GC freed 3(96B) AllocSpace objects, 0(0B) LOS objects, 34% free, 30MB/46MB, paused 327us total 14.515ms
08-05 21:22:13.161  5206 23687 I art     : Starting a blocking GC Explicit
08-05 21:22:13.175  5206 23687 I art     : Explicit concurrent mark sweep GC freed 3(96B) AllocSpace objects, 0(0B) LOS objects, 34% free, 30MB/46MB, paused 323us total 14.460ms
08-05 21:22:13.182  5206 23687 I art     : Starting a blocking GC Explicit
08-05 21:22:13.196  5206 23687 I art     : Explicit concurrent mark sweep GC freed 3(96B) AllocSpace objects, 0(0B) LOS objects, 34% free, 30MB/46MB, paused 307us total 14.586ms
08-05 21:22:13.508  5206 23889 I art     : Starting a blocking GC Explicit
08-05 21:22:13.525  5206 23889 I art     : Explicit concurrent mark sweep GC freed 1389(80KB) AllocSpace objects, 1(20KB) LOS objects, 34% free, 30MB/46MB, paused 351us total 17.385ms
08-05 21:22:13.535  5206 23889 I art     : Starting a blocking GC Explicit
08-05 21:22:13.550  5206 23889 I art     : Explicit concurrent mark sweep GC freed 20(704B) AllocSpace objects, 0(0B) LOS objects, 34% free, 30MB/46MB, paused 322us total 15.442ms
08-05 21:22:13.557  5206 23889 I art     : Starting a blocking GC Explicit
08-05 21:22:13.572  5206 23889 I art     : Explicit concurrent mark sweep GC freed 3(96B) AllocSpace objects, 0(0B) LOS objects, 34% free, 30MB/46MB, paused 321us total 14.807ms
08-05 21:22:13.579  5206 23889 I art     : Starting a blocking GC Explicit
08-05 21:22:13.594  5206 23889 I art     : Explicit concurrent mark sweep GC freed 3(96B) AllocSpace objects, 0(0B) LOS objects, 34% free, 30MB/46MB, paused 370us total 14.829ms
08-05 21:22:13.601  5206 23889 I art     : Starting a blocking GC Explicit
08-05 21:22:13.616  5206 23889 I art     : Explicit concurrent mark sweep GC freed 3(96B) AllocSpace objects, 0(0B) LOS objects, 34% free, 30MB/46MB, paused 294us total 14.986ms
08-05 21:22:13.652 24365 17236 I NetworkScheduler.Stats: Task com.google.android.apps.gcs/ started execution. cause:4 exec_start_elapsed_seconds: 1809137 [CONTEXT service_id=218 ]
08-05 21:22:13.653 22939 24092 W Gcs.WfaEliRefreshTask: [27422] afk.b: NULL eligibility response.
08-05 21:22:13.657 24365 17236 I NetworkScheduler.Stats: Task com.google.android.apps.gcs/ finished executing. cause:4 result: 3 elapsed_millis: 12 uptime_millis: 12 exec_start_elapsed_seconds: 1809137 [CONTEXT service_id=218 ]
08-05 21:22:13.888  5206  5220 I art     : Starting a blocking GC Explicit
08-05 21:22:13.905  5206  5220 I art     : Explicit concurrent mark sweep GC freed 1389(80KB) AllocSpace objects, 1(20KB) LOS objects, 34% free, 30MB/46MB, paused 357us total 16.438ms
08-05 21:22:13.912  5206  5220 I art     : Starting a blocking GC Explicit
08-05 21:22:13.928  5206  5220 I art     : Explicit concurrent mark sweep GC freed 20(704B) AllocSpace objects, 0(0B) LOS objects, 34% free, 30MB/46MB, paused 337us total 15.770ms
08-05 21:22:13.935  5206  5220 I art     : Starting a blocking GC Explicit
08-05 21:22:13.950  5206  5220 I art     : Explicit concurrent mark sweep GC freed 3(96B) AllocSpace objects, 0(0B) LOS objects, 34% free, 30MB/46MB, paused 321us total 15.134ms
08-05 21:22:13.957  5206  5220 I art     : Starting a blocking GC Explicit
08-05 21:22:13.972  5206  5220 I art     : Explicit concurrent mark sweep GC freed 3(96B) AllocSpace objects, 0(0B) LOS objects, 34% free, 30MB/46MB, paused 323us total 14.747ms
08-05 21:22:13.978  5206  5220 I art     : Starting a blocking GC Explicit
08-05 21:22:13.993  5206  5220 I art     : Explicit concurrent mark sweep GC freed 3(96B) AllocSpace objects, 0(0B) LOS objects, 34% free, 30MB/46MB, paused 330us total 14.776ms
08-05 21:22:14.312  5206  5219 I art     : Starting a blocking GC Explicit
08-05 21:22:14.330  5206  5219 I art     : Explicit concurrent mark sweep GC freed 1389(80KB) AllocSpace objects, 1(20KB) LOS objects, 34% free, 30MB/46MB, paused 336us total 17.527ms
08-05 21:22:14.336  5206  5219 I art     : Starting a blocking GC Explicit
08-05 21:22:14.352  5206  5219 I art     : Explicit concurrent mark sweep GC freed 20(704B) AllocSpace objects, 0(0B) LOS objects, 34% free, 30MB/46MB, paused 405us total 15.419ms
08-05 21:22:14.359  5206  5219 I art     : Starting a blocking GC Explicit
08-05 21:22:14.374  5206  5219 I art     : Explicit concurrent mark sweep GC freed 3(96B) AllocSpace objects, 0(0B) LOS objects, 34% free, 30MB/46MB, paused 322us total 14.997ms
08-05 21:22:14.380  5206  5219 I art     : Starting a blocking GC Explicit
08-05 21:22:14.395  5206  5219 I art     : Explicit concurrent mark sweep GC freed 3(96B) AllocSpace objects, 0(0B) LOS objects, 34% free, 30MB/46MB, paused 321us total 14.842ms
08-05 21:22:14.402  5206  5219 I art     : Starting a blocking GC Explicit
08-05 21:22:14.417  5206  5219 I art     : Explicit concurrent mark sweep GC freed 3(96B) AllocSpace objects, 0(0B) LOS objects, 34% free, 30MB/46MB, paused 378us total 14.875ms
08-05 21:22:14.732  5206 23687 I art     : Starting a blocking GC Explicit
08-05 21:22:14.751  5206 23687 I art     : Explicit concurrent mark sweep GC freed 1389(80KB) AllocSpace objects, 1(20KB) LOS objects, 34% free, 30MB/46MB, paused 360us total 18.806ms
08-05 21:22:14.760  5206 23687 I art     : Starting a blocking GC Explicit
08-05 21:22:14.775  5206 23687 I art     : Explicit concurrent mark sweep GC freed 20(704B) AllocSpace objects, 0(0B) LOS objects, 34% free, 30MB/46MB, paused 320us total 14.897ms
08-05 21:22:14.782  5206 23687 I art     : Starting a blocking GC Explicit
08-05 21:22:14.796  5206 23687 I art     : Explicit concurrent mark sweep GC freed 3(96B) AllocSpace objects, 0(0B) LOS objects, 34% free, 30MB/46MB, paused 329us total 14.604ms
08-05 21:22:14.797  5206  5218 I art     : WaitForGcToComplete blocked for 14.118ms for cause HeapTrim
08-05 21:22:14.803  5206 23687 I art     : Starting a blocking GC Explicit
08-05 21:22:14.817  5206 23687 I art     : Explicit concurrent mark sweep GC freed 3(96B) AllocSpace objects, 0(0B) LOS objects, 34% free, 30MB/46MB, paused 387us total 14.405ms
08-05 21:22:14.824  5206 23687 I art     : Starting a blocking GC Explicit
08-05 21:22:14.838  5206 23687 I art     : Explicit concurrent mark sweep GC freed 3(96B) AllocSpace objects, 0(0B) LOS objects, 34% free, 30MB/46MB, paused 329us total 14.534ms
08-05 21:22:15.150  5206 23889 I art     : Starting a blocking GC Explicit
08-05 21:22:15.168  5206 23889 I art     : Explicit concurrent mark sweep GC freed 1389(80KB) AllocSpace objects, 1(20KB) LOS objects, 34% free, 30MB/46MB, paused 342us total 17.861ms
08-05 21:22:15.175  5206 23889 I art     : Starting a blocking GC Explicit
08-05 21:22:15.191  5206 23889 I art     : Explicit concurrent mark sweep GC freed 20(704B) AllocSpace objects, 0(0B) LOS objects, 34% free, 30MB/46MB, paused 329us total 15.555ms
08-05 21:22:15.198  5206 23889 I art     : Starting a blocking GC Explicit
08-05 21:22:15.213  5206 23889 I art     : Explicit concurrent mark sweep GC freed 3(96B) AllocSpace objects, 0(0B) LOS objects, 34% free, 30MB/46MB, paused 323us total 15.048ms
08-05 21:22:15.220  5206 23889 I art     : Starting a blocking GC Explicit
08-05 21:22:15.235  5206 23889 I art     : Explicit concurrent mark sweep GC freed 3(96B) AllocSpace objects, 0(0B) LOS objects, 34% free, 30MB/46MB, paused 316us total 14.899ms
08-05 21:22:15.241  5206 23889 I art     : Starting a blocking GC Explicit
08-05 21:22:15.256  5206 23889 I art     : Explicit concurrent mark sweep GC freed 3(96B) AllocSpace objects, 0(0B) LOS objects, 34% free, 30MB/46MB, paused 332us total 14.673ms
08-05 21:22:15.568  5206  5220 I art     : Starting a blocking GC Explicit
08-05 21:22:15.585  5206  5220 I art     : Explicit concurrent mark sweep GC freed 1389(80KB) AllocSpace objects, 1(20KB) LOS objects, 34% free, 30MB/46MB, paused 407us total 17.470ms
08-05 21:22:15.593  5206  5220 I art     : Starting a blocking GC Explicit
08-05 21:22:15.609  5206  5220 I art     : Explicit concurrent mark sweep GC freed 20(704B) AllocSpace objects, 0(0B) LOS objects, 34% free, 30MB/46MB, paused 350us total 15.966ms
08-05 21:22:15.616  5206  5220 I art     : Starting a blocking GC Explicit
08-05 21:22:15.631  5206  5220 I art     : Explicit concurrent mark sweep GC freed 3(96B) AllocSpace objects, 0(0B) LOS objects, 34% free, 30MB/46MB, paused 369us total 14.457ms
08-05 21:22:15.637  5206  5220 I art     : Starting a blocking GC Explicit
08-05 21:22:15.651  5206  5220 I art     : Explicit concurrent mark sweep GC freed 3(96B) AllocSpace objects, 0(0B) LOS objects, 34% free, 30MB/46MB, paused 332us total 14.417ms
08-05 21:22:15.658  5206  5220 I art     : Starting a blocking GC Explicit
08-05 21:22:15.673  5206  5220 I art     : Explicit concurrent mark sweep GC freed 3(96B) AllocSpace objects, 0(0B) LOS objects, 34% free, 30MB/46MB, paused 328us total 14.755ms
08-05 21:22:15.988  5206  5219 I art     : Starting a blocking GC Explicit
08-05 21:22:16.008  5206  5219 I art     : Explicit concurrent mark sweep GC freed 1389(80KB) AllocSpace objects, 1(20KB) LOS objects, 34% free, 30MB/46MB, paused 354us total 19.038ms
08-05 21:22:16.018  5206  5219 I art     : Starting a blocking GC Explicit
08-05 21:22:16.033  5206  5219 I art     : Explicit concurrent mark sweep GC freed 20(704B) AllocSpace objects, 0(0B) LOS objects, 34% free, 30MB/46MB, paused 319us total 14.284ms
08-05 21:22:16.039  5206  5219 I art     : Starting a blocking GC Explicit
08-05 21:22:16.053  5206  5219 I art     : Explicit concurrent mark sweep GC freed 3(96B) AllocSpace objects, 0(0B) LOS objects, 34% free, 30MB/46MB, paused 310us total 14.239ms
08-05 21:22:16.060  5206  5219 I art     : Starting a blocking GC Explicit
08-05 21:22:16.074  5206  5219 I art     : Explicit concurrent mark sweep GC freed 3(96B) AllocSpace objects, 0(0B) LOS objects, 34% free, 30MB/46MB, paused 322us total 14.321ms
08-05 21:22:16.080  5206  5219 I art     : Starting a blocking GC Explicit
08-05 21:22:16.095  5206  5219 I art     : Explicit concurrent mark sweep GC freed 3(96B) AllocSpace objects, 0(0B) LOS objects, 34% free, 30MB/46MB, paused 318us total 14.301ms
08-05 21:22:16.421  5206 23687 I art     : Starting a blocking GC Explicit
08-05 21:22:16.438  5206 23687 I art     : Explicit concurrent mark sweep GC freed 1389(80KB) AllocSpace objects, 1(20KB) LOS objects, 34% free, 30MB/46MB, paused 407us total 17.102ms
08-05 21:22:16.445  5206 23687 I art     : Starting a blocking GC Explicit
08-05 21:22:16.460  5206 23687 I art     : Explicit concurrent mark sweep GC freed 20(704B) AllocSpace objects, 0(0B) LOS objects, 34% free, 30MB/46MB, paused 338us total 14.683ms
08-05 21:22:16.466  5206 23687 I art     : Starting a blocking GC Explicit
08-05 21:22:16.481  5206 23687 I art     : Explicit concurrent mark sweep GC freed 3(96B) AllocSpace objects, 0(0B) LOS objects, 34% free, 30MB/46MB, paused 330us total 14.514ms
08-05 21:22:16.488  5206 23687 I art     : Starting a blocking GC Explicit
08-05 21:22:16.502  5206 23687 I art     : Explicit concurrent mark sweep GC freed 3(96B) AllocSpace objects, 0(0B) LOS objects, 34% free, 30MB/46MB, paused 321us total 14.161ms
08-05 21:22:16.508  5206 23687 I art     : Starting a blocking GC Explicit
08-05 21:22:16.523  5206 23687 I art     : Explicit concurrent mark sweep GC freed 3(96B) AllocSpace objects, 0(0B) LOS objects, 34% free, 30MB/46MB, paused 322us total 14.434ms
08-05 21:22:16.705 24164 24164 D AndroidRuntime: >>>>>> START com.android.internal.os.RuntimeInit uid 2000 <<<<<<
08-05 21:22:16.709 24164 24164 D AndroidRuntime: CheckJNI is OFF
08-05 21:22:16.734 24164 24164 D ICU     : No timezone override file found: /data/misc/zoneinfo/current/icu/icu_tzdata.dat
08-05 21:22:16.758 24164 24164 I Radio-JNI: register_android_hardware_Radio DONE
08-05 21:22:16.775 24164 24164 D AndroidRuntime: Calling main entry com.android.commands.input.Input
08-05 21:22:16.776 24164 24164 I Input   : injectMotionEvent: MotionEvent { action=ACTION_DOWN, actionButton=0, id[0]=0, x[0]=436.0, y[0]=453.0, toolType[0]=TOOL_TYPE_UNKNOWN, buttonState=0, metaState=0, flags=0x0, edgeFlags=0x0, pointerCount=1, historySize=0, eventTime=825753189, downTime=825753189, deviceId=0, source=0x1002 }
08-05 21:22:16.781 24164 24164 I Input   : injectMotionEvent: MotionEvent { action=ACTION_UP, actionButton=0, id[0]=0, x[0]=436.0, y[0]=453.0, toolType[0]=TOOL_TYPE_UNKNOWN, buttonState=0, metaState=0, flags=0x0, edgeFlags=0x0, pointerCount=1, historySize=0, eventTime=825753189, downTime=825753189, deviceId=0, source=0x1002 }
08-05 21:22:16.783 24164 24164 D AndroidRuntime: Shutting down VM
08-05 21:22:16.791   512  2967 D audio_hw_primary: out_set_parameters: enter: usecase(1: low-latency-playback) kvpairs: routing=2
08-05 21:22:16.792   918  5481 I ActivityManager: START u0 {cmp=baseline.com.newsblur/.activity.GlobalSharedStoriesReading (has extras)} from uid 10676 on display 0
08-05 21:22:16.803   512  2967 D audio_hw_primary: select_devices: out_snd_device(2: speaker) in_snd_device(0: none)
08-05 21:22:16.804   512  2967 D msm8974_platform: platform_send_audio_calibration: sending audio calibration for snd_device(2) acdb_id(15)
08-05 21:22:16.804   512  2967 I soundtrigger: audio_extn_sound_trigger_update_device_status: device 0x2 of type 0 for Event 1
08-05 21:22:16.805  5206 23889 I art     : Starting a blocking GC Explicit
08-05 21:22:16.815   512  2967 D audio_hw_primary: enable_snd_device: snd_device(2: speaker)
08-05 21:22:16.817   512  2967 D audio_hw_primary: enable_audio_route: apply and update mixer path: low-latency-playback speaker
08-05 21:22:16.823  5206 23889 I art     : Explicit concurrent mark sweep GC freed 2073(171KB) AllocSpace objects, 3(60KB) LOS objects, 34% free, 30MB/46MB, paused 642us total 17.247ms
08-05 21:22:16.831  5206 23889 I art     : Starting a blocking GC Explicit
08-05 21:22:16.850  5206 23889 I art     : Explicit concurrent mark sweep GC freed 203(20KB) AllocSpace objects, 0(0B) LOS objects, 33% free, 31MB/47MB, paused 2.496ms total 18.559ms
08-05 21:22:16.856  5206 23889 I art     : Starting a blocking GC Explicit
08-05 21:22:16.871  5206 23889 I art     : Explicit concurrent mark sweep GC freed 1092(101KB) AllocSpace objects, 2(468KB) LOS objects, 33% free, 32MB/48MB, paused 380us total 15.250ms
08-05 21:22:16.877  5206 23889 I art     : Starting a blocking GC Explicit
08-05 21:22:16.892  5206 23889 I art     : Explicit concurrent mark sweep GC freed 180(10KB) AllocSpace objects, 0(0B) LOS objects, 33% free, 32MB/48MB, paused 361us total 14.488ms
08-05 21:22:16.898  5206 23889 I art     : Starting a blocking GC Explicit
08-05 21:22:16.913  5206 23889 I art     : Explicit concurrent mark sweep GC freed 136(25KB) AllocSpace objects, 1(20KB) LOS objects, 33% free, 32MB/48MB, paused 416us total 14.683ms
08-05 21:22:16.987   918   936 I ActivityManager: Displayed baseline.com.newsblur/.activity.GlobalSharedStoriesReading: +187ms
08-05 21:22:16.988 13866 13866 I GoogleInputMethodServic: GoogleInputMethodService.onFinishInput():3138 
08-05 21:22:16.990 13866 13866 I GoogleInputMethodServic: GoogleInputMethodService.onStartInput():1808 
08-05 21:22:16.999  5206  5206 I WebViewFactory: Loading com.google.android.webview version 84.0.4147.89 (code 414708953)
08-05 21:22:17.066  5206  5206 I cr_LibraryLoader: Loaded native library version number "84.0.4147.89"
08-05 21:22:17.067  5206  5206 I cr_CachingUmaRecorder: Flushed 5 samples from 5 histograms.
08-05 21:22:17.093  5206  5206 E chromium: [ERROR:filesystem_posix.cc(62)] mkdir /data/user/0/baseline.com.newsblur/cache/WebView/Crashpad: No such file or directory (2)
08-05 21:22:17.161  5206 23889 I art     : Starting a blocking GC Explicit
08-05 21:22:17.182   918  5481 D ConnectivityService: listenForNetwork for Listen from uid/pid:10676/5206 for NetworkRequest [ id=3559, legacyType=-1, [ Capabilities: INTERNET&NOT_RESTRICTED&TRUSTED] ]
08-05 21:22:17.184  5206 23889 I art     : Explicit concurrent mark sweep GC freed 8047(818KB) AllocSpace objects, 5(100KB) LOS objects, 31% free, 35MB/51MB, paused 856us total 22.470ms
08-05 21:22:17.190  5206 23889 I art     : Starting a blocking GC Explicit
08-05 21:22:17.209  5206 23889 I art     : Explicit concurrent mark sweep GC freed 899(98KB) AllocSpace objects, 0(0B) LOS objects, 31% free, 35MB/51MB, paused 716us total 18.658ms
08-05 21:22:17.217  5206 23889 I art     : Starting a blocking GC Explicit
08-05 21:22:17.236  5206 23889 I art     : Explicit concurrent mark sweep GC freed 1101(80KB) AllocSpace objects, 1(20KB) LOS objects, 30% free, 36MB/52MB, paused 902us total 18.343ms
08-05 21:22:17.245  5206 23889 I art     : Starting a blocking GC Explicit
08-05 21:22:17.266  5206 23889 I art     : Explicit concurrent mark sweep GC freed 1533(84KB) AllocSpace objects, 1(20KB) LOS objects, 30% free, 36MB/52MB, paused 835us total 20.231ms
08-05 21:22:17.274  5206 23889 I art     : Starting a blocking GC Explicit
08-05 21:22:17.284  5206 24215 W cr_media: Requires BLUETOOTH permission
08-05 21:22:17.294  5206 24230 E libEGL  : validate_display:255 error 3008 (EGL_BAD_DISPLAY)
08-05 21:22:17.300  5206 23889 I art     : Explicit concurrent mark sweep GC freed 1851(125KB) AllocSpace objects, 7(168KB) LOS objects, 30% free, 36MB/52MB, paused 1.723ms total 25.411ms
08-05 21:22:17.348   512  2967 D audio_hw_primary: disable_audio_route: reset and update mixer path: low-latency-playback speaker
08-05 21:22:17.350   512  2967 D audio_hw_primary: disable_snd_device: snd_device(2: speaker)
08-05 21:22:17.360   512  2967 I soundtrigger: audio_extn_sound_trigger_update_device_status: device 0x2 of type 0 for Event 0
08-05 21:22:17.556  5206 23889 I art     : Starting a blocking GC Explicit
08-05 21:22:17.578  5206 23889 I art     : Explicit concurrent mark sweep GC freed 19372(1099KB) AllocSpace objects, 12(264KB) LOS objects, 30% free, 36MB/52MB, paused 650us total 21.843ms
08-05 21:22:17.586  5206 23889 I art     : Starting a blocking GC Explicit
08-05 21:22:17.605  5206 23889 I art     : Explicit concurrent mark sweep GC freed 1073(46KB) AllocSpace objects, 1(28KB) LOS objects, 30% free, 36MB/52MB, paused 758us total 19.600ms
08-05 21:22:17.612  5206 23889 I art     : Starting a blocking GC Explicit
08-05 21:22:17.632  5206 23889 I art     : Explicit concurrent mark sweep GC freed 3(96B) AllocSpace objects, 0(0B) LOS objects, 30% free, 36MB/52MB, paused 610us total 19.647ms
08-05 21:22:17.639  5206 23889 I art     : Starting a blocking GC Explicit
08-05 21:22:17.659  5206 23889 I art     : Explicit concurrent mark sweep GC freed 3(96B) AllocSpace objects, 0(0B) LOS objects, 30% free, 36MB/52MB, paused 1.137ms total 19.647ms
08-05 21:22:17.665  5206 23889 I art     : Starting a blocking GC Explicit
08-05 21:22:17.685  5206 23889 I art     : Explicit concurrent mark sweep GC freed 3(96B) AllocSpace objects, 0(0B) LOS objects, 30% free, 36MB/52MB, paused 615us total 20.054ms
08-05 21:22:17.903  5206 24238 E baseline.com.newsblur.network.APIResponse: Error (unexpected end of stream on https://www.newsblur.com/...) calling https://www.newsblur.com/reader/mark_story_hashes_as_read/
08-05 21:22:17.903  5206 24238 E baseline.com.newsblur.network.APIResponse: java.io.IOException: unexpected end of stream on https://www.newsblur.com/...
08-05 21:22:17.903  5206 24238 E baseline.com.newsblur.network.APIResponse: 	at okhttp3.internal.http1.Http1ExchangeCodec.readResponseHeaders(Http1ExchangeCodec.java:236)
08-05 21:22:17.903  5206 24238 E baseline.com.newsblur.network.APIResponse: 	at okhttp3.internal.connection.Exchange.readResponseHeaders(Exchange.java:115)
08-05 21:22:17.903  5206 24238 E baseline.com.newsblur.network.APIResponse: 	at okhttp3.internal.http.CallServerInterceptor.intercept(CallServerInterceptor.java:94)
08-05 21:22:17.903  5206 24238 E baseline.com.newsblur.network.APIResponse: 	at okhttp3.internal.http.RealInterceptorChain.proceed(RealInterceptorChain.java:142)
08-05 21:22:17.903  5206 24238 E baseline.com.newsblur.network.APIResponse: 	at okhttp3.internal.connection.ConnectInterceptor.intercept(ConnectInterceptor.java:43)
08-05 21:22:17.903  5206 24238 E baseline.com.newsblur.network.APIResponse: 	at okhttp3.internal.http.RealInterceptorChain.proceed(RealInterceptorChain.java:142)
08-05 21:22:17.903  5206 24238 E baseline.com.newsblur.network.APIResponse: 	at okhttp3.internal.http.RealInterceptorChain.proceed(RealInterceptorChain.java:117)
08-05 21:22:17.903  5206 24238 E baseline.com.newsblur.network.APIResponse: 	at okhttp3.internal.cache.CacheInterceptor.intercept(CacheInterceptor.java:94)
08-05 21:22:17.903  5206 24238 E baseline.com.newsblur.network.APIResponse: 	at okhttp3.internal.http.RealInterceptorChain.proceed(RealInterceptorChain.java:142)
08-05 21:22:17.903  5206 24238 E baseline.com.newsblur.network.APIResponse: 	at okhttp3.internal.http.RealInterceptorChain.proceed(RealInterceptorChain.java:117)
08-05 21:22:17.903  5206 24238 E baseline.com.newsblur.network.APIResponse: 	at okhttp3.internal.http.BridgeInterceptor.intercept(BridgeInterceptor.java:93)
08-05 21:22:17.903  5206 24238 E baseline.com.newsblur.network.APIResponse: 	at okhttp3.internal.http.RealInterceptorChain.proceed(RealInterceptorChain.java:142)
08-05 21:22:17.903  5206 24238 E baseline.com.newsblur.network.APIResponse: 	at okhttp3.internal.http.RetryAndFollowUpInterceptor.intercept(RetryAndFollowUpInterceptor.java:88)
08-05 21:22:17.903  5206 24238 E baseline.com.newsblur.network.APIResponse: 	at okhttp3.internal.http.RealInterceptorChain.proceed(RealInterceptorChain.java:142)
08-05 21:22:17.903  5206 24238 E baseline.com.newsblur.network.APIResponse: 	at okhttp3.internal.http.RealInterceptorChain.proceed(RealInterceptorChain.java:117)
08-05 21:22:17.903  5206 24238 E baseline.com.newsblur.network.APIResponse: 	at okhttp3.RealCall.getResponseWithInterceptorChain(RealCall.java:229)
08-05 21:22:17.903  5206 24238 E baseline.com.newsblur.network.APIResponse: 	at okhttp3.RealCall.execute(RealCall.java:81)
08-05 21:22:17.903  5206 24238 E baseline.com.newsblur.network.APIResponse: 	at baseline.com.newsblur.network.APIResponse.<init>(APIResponse.java:57)
08-05 21:22:17.903  5206 24238 E baseline.com.newsblur.network.APIResponse: 	at baseline.com.newsblur.network.APIResponse.<init>(APIResponse.java:43)
08-05 21:22:17.903  5206 24238 E baseline.com.newsblur.network.APIResponse: 	at baseline.com.newsblur.network.APIManager.post_single(APIManager.java:702)
08-05 21:22:17.903  5206 24238 E baseline.com.newsblur.network.APIResponse: 	at baseline.com.newsblur.network.APIManager.post(APIManager.java:675)
08-05 21:22:17.903  5206 24238 E baseline.com.newsblur.network.APIResponse: 	at baseline.com.newsblur.network.APIManager.post(APIManager.java:714)
08-05 21:22:17.903  5206 24238 E baseline.com.newsblur.network.APIResponse: 	at baseline.com.newsblur.network.APIManager.markStoryAsRead(APIManager.java:205)
08-05 21:22:17.903  5206 24238 E baseline.com.newsblur.network.APIResponse: 	at baseline.com.newsblur.util.ReadingAction.doRemote(ReadingAction.java:281)
08-05 21:22:17.903  5206 24238 E baseline.com.newsblur.network.APIResponse: 	at baseline.com.newsblur.service.NBSyncService.syncActions(NBSyncService.java:400)
08-05 21:22:17.903  5206 24238 E baseline.com.newsblur.network.APIResponse: 	at baseline.com.newsblur.service.NBSyncService.doSync(NBSyncService.java:298)
08-05 21:22:17.903  5206 24238 E baseline.com.newsblur.network.APIResponse: 	at baseline.com.newsblur.service.NBSyncService.access$100(NBSyncService.java:67)
08-05 21:22:17.903  5206 24238 E baseline.com.newsblur.network.APIResponse: 	at baseline.com.newsblur.service.NBSyncService$1.run(NBSyncService.java:188)
08-05 21:22:17.903  5206 24238 E baseline.com.newsblur.network.APIResponse: 	at java.util.concurrent.ThreadPoolExecutor.runWorker(ThreadPoolExecutor.java:1113)
08-05 21:22:17.903  5206 24238 E baseline.com.newsblur.network.APIResponse: 	at java.util.concurrent.ThreadPoolExecutor$Worker.run(ThreadPoolExecutor.java:588)
08-05 21:22:17.903  5206 24238 E baseline.com.newsblur.network.APIResponse: 	at java.lang.Thread.run(Thread.java:818)
08-05 21:22:17.903  5206 24238 E baseline.com.newsblur.network.APIResponse: Caused by: java.io.EOFException: \n not found: limit=0 content=
08-05 21:22:17.903  5206 24238 E baseline.com.newsblur.network.APIResponse: 	at okio.RealBufferedSource.readUtf8LineStrict(RealBufferedSource.java:240)
08-05 21:22:17.903  5206 24238 E baseline.com.newsblur.network.APIResponse: 	at okhttp3.internal.http1.Http1ExchangeCodec.readHeaderLine(Http1ExchangeCodec.java:242)
08-05 21:22:17.903  5206 24238 E baseline.com.newsblur.network.APIResponse: 	at okhttp3.internal.http1.Http1ExchangeCodec.readResponseHeaders(Http1ExchangeCodec.java:213)
08-05 21:22:17.903  5206 24238 E baseline.com.newsblur.network.APIResponse: 	... 30 more
08-05 21:22:17.904  5206 24238 I baseline.com.newsblur.network.APIManager: API call failed, pausing before retry number 1
08-05 21:22:17.945  5206 23889 I art     : Starting a blocking GC Explicit
08-05 21:22:17.976  5206 23889 I art     : Explicit concurrent mark sweep GC freed 8651(601KB) AllocSpace objects, 6(260KB) LOS objects, 30% free, 36MB/52MB, paused 1.086ms total 30.720ms
08-05 21:22:17.985  5206 23889 I art     : Starting a blocking GC Explicit
08-05 21:22:18.016  5206 23889 I art     : Explicit concurrent mark sweep GC freed 1176(124KB) AllocSpace objects, 0(0B) LOS objects, 30% free, 36MB/52MB, paused 642us total 29.829ms
08-05 21:22:18.026  5206 23889 I art     : Starting a blocking GC Explicit
08-05 21:22:18.048  5206 23889 I art     : Explicit concurrent mark sweep GC freed 3(96B) AllocSpace objects, 0(0B) LOS objects, 30% free, 36MB/52MB, paused 585us total 21.469ms
08-05 21:22:18.056  5206 23889 I art     : Starting a blocking GC Explicit
08-05 21:22:18.078  5206 23889 I art     : Explicit concurrent mark sweep GC freed 3(96B) AllocSpace objects, 0(0B) LOS objects, 30% free, 36MB/52MB, paused 546us total 21.581ms
08-05 21:22:18.085  5206 23889 I art     : Starting a blocking GC Explicit
08-05 21:22:18.109  5206 23889 I art     : Explicit concurrent mark sweep GC freed 3(96B) AllocSpace objects, 0(0B) LOS objects, 30% free, 36MB/52MB, paused 684us total 23.559ms
08-05 21:22:18.417   518   646 I ThermalEngine: ACTION: GPU - Setting GPU[0] to 510000000
08-05 21:22:18.454  5206  5220 I art     : Starting a blocking GC Explicit
08-05 21:22:18.489  5206  5220 I art     : Explicit concurrent mark sweep GC freed 1447(83KB) AllocSpace objects, 1(20KB) LOS objects, 30% free, 36MB/52MB, paused 1.213ms total 34.873ms
08-05 21:22:18.503  5206  5220 I art     : Starting a blocking GC Explicit
08-05 21:22:18.539  5206  5220 I art     : Explicit concurrent mark sweep GC freed 34(1184B) AllocSpace objects, 0(0B) LOS objects, 30% free, 36MB/52MB, paused 891us total 35.996ms
08-05 21:22:18.552  5206  5220 I art     : Starting a blocking GC Explicit
08-05 21:22:18.584  5206  5220 I art     : Explicit concurrent mark sweep GC freed 15(480B) AllocSpace objects, 0(0B) LOS objects, 30% free, 36MB/52MB, paused 993us total 32.070ms
08-05 21:22:18.597  5206  5220 I art     : Starting a blocking GC Explicit
08-05 21:22:18.634  5206  5220 I art     : Explicit concurrent mark sweep GC freed 15(480B) AllocSpace objects, 0(0B) LOS objects, 30% free, 36MB/52MB, paused 806us total 36.580ms
08-05 21:22:18.646  5206  5220 I art     : Starting a blocking GC Explicit
08-05 21:22:18.679  5206  5220 I art     : Explicit concurrent mark sweep GC freed 13(416B) AllocSpace objects, 0(0B) LOS objects, 30% free, 36MB/52MB, paused 1.242ms total 32.806ms
08-05 21:22:19.022  5206 23889 I art     : Starting a blocking GC Explicit
08-05 21:22:19.059  5206 23889 I art     : Explicit concurrent mark sweep GC freed 1447(83KB) AllocSpace objects, 1(20KB) LOS objects, 30% free, 36MB/52MB, paused 1.323ms total 36.021ms
08-05 21:22:19.071  5206 23889 I art     : Starting a blocking GC Explicit
08-05 21:22:19.105  5206 23889 I art     : Explicit concurrent mark sweep GC freed 22(784B) AllocSpace objects, 0(0B) LOS objects, 30% free, 36MB/52MB, paused 853us total 33.137ms
08-05 21:22:19.116  5206 23889 I art     : Starting a blocking GC Explicit
08-05 21:22:19.148  5206 23889 I art     : Explicit concurrent mark sweep GC freed 3(96B) AllocSpace objects, 0(0B) LOS objects, 30% free, 36MB/52MB, paused 776us total 31.864ms
08-05 21:22:19.160  5206 23889 I art     : Starting a blocking GC Explicit
08-05 21:22:19.192  5206 23889 I art     : Explicit concurrent mark sweep GC freed 3(96B) AllocSpace objects, 0(0B) LOS objects, 30% free, 36MB/52MB, paused 1.056ms total 32.251ms
08-05 21:22:19.203  5206 23889 I art     : Starting a blocking GC Explicit
08-05 21:22:19.234  5206 23889 I art     : Explicit concurrent mark sweep GC freed 3(96B) AllocSpace objects, 0(0B) LOS objects, 30% free, 36MB/52MB, paused 791us total 30.875ms
08-05 21:22:19.420   518   646 I ThermalEngine: ACTION: GPU - Setting GPU[0] to 450000000
08-05 21:22:19.603  5206  5219 I art     : Starting a blocking GC Explicit
08-05 21:22:19.647  5206  5219 I art     : Explicit concurrent mark sweep GC freed 1606(91KB) AllocSpace objects, 1(20KB) LOS objects, 30% free, 36MB/52MB, paused 1.323ms total 43.593ms
08-05 21:22:19.661  5206  5219 I art     : Starting a blocking GC Explicit
08-05 21:22:19.703  5206  5219 I art     : Explicit concurrent mark sweep GC freed 28(1056B) AllocSpace objects, 0(0B) LOS objects, 30% free, 36MB/52MB, paused 1.183ms total 41.372ms
08-05 21:22:19.718  5206  5219 I art     : Starting a blocking GC Explicit
08-05 21:22:19.759  5206  5219 I art     : Explicit concurrent mark sweep GC freed 3(96B) AllocSpace objects, 0(0B) LOS objects, 30% free, 36MB/52MB, paused 1.273ms total 40.971ms
08-05 21:22:19.772  5206  5219 I art     : Starting a blocking GC Explicit
08-05 21:22:19.811  5206  5219 I art     : Explicit concurrent mark sweep GC freed 3(96B) AllocSpace objects, 0(0B) LOS objects, 30% free, 36MB/52MB, paused 1.117ms total 38.188ms
08-05 21:22:19.823  5206  5219 I art     : Waiting for a blocking GC Explicit
08-05 21:22:19.824  5206  5219 I art     : Starting a blocking GC Explicit
08-05 21:22:19.863  5206  5219 I art     : Explicit concurrent mark sweep GC freed 3(96B) AllocSpace objects, 0(0B) LOS objects, 30% free, 36MB/52MB, paused 1.180ms total 38.533ms
08-05 21:22:19.986  5206 24238 E baseline.com.newsblur.network.APIResponse: Error (unexpected end of stream on https://www.newsblur.com/...) calling https://www.newsblur.com/reader/mark_story_hashes_as_read/
08-05 21:22:19.986  5206 24238 E baseline.com.newsblur.network.APIResponse: java.io.IOException: unexpected end of stream on https://www.newsblur.com/...
08-05 21:22:19.986  5206 24238 E baseline.com.newsblur.network.APIResponse: 	at okhttp3.internal.http1.Http1ExchangeCodec.readResponseHeaders(Http1ExchangeCodec.java:236)
08-05 21:22:19.986  5206 24238 E baseline.com.newsblur.network.APIResponse: 	at okhttp3.internal.connection.Exchange.readResponseHeaders(Exchange.java:115)
08-05 21:22:19.986  5206 24238 E baseline.com.newsblur.network.APIResponse: 	at okhttp3.internal.http.CallServerInterceptor.intercept(CallServerInterceptor.java:94)
08-05 21:22:19.986  5206 24238 E baseline.com.newsblur.network.APIResponse: 	at okhttp3.internal.http.RealInterceptorChain.proceed(RealInterceptorChain.java:142)
08-05 21:22:19.986  5206 24238 E baseline.com.newsblur.network.APIResponse: 	at okhttp3.internal.connection.ConnectInterceptor.intercept(ConnectInterceptor.java:43)
08-05 21:22:19.986  5206 24238 E baseline.com.newsblur.network.APIResponse: 	at okhttp3.internal.http.RealInterceptorChain.proceed(RealInterceptorChain.java:142)
08-05 21:22:19.986  5206 24238 E baseline.com.newsblur.network.APIResponse: 	at okhttp3.internal.http.RealInterceptorChain.proceed(RealInterceptorChain.java:117)
08-05 21:22:19.986  5206 24238 E baseline.com.newsblur.network.APIResponse: 	at okhttp3.internal.cache.CacheInterceptor.intercept(CacheInterceptor.java:94)
08-05 21:22:19.986  5206 24238 E baseline.com.newsblur.network.APIResponse: 	at okhttp3.internal.http.RealInterceptorChain.proceed(RealInterceptorChain.java:142)
08-05 21:22:19.986  5206 24238 E baseline.com.newsblur.network.APIResponse: 	at okhttp3.internal.http.RealInterceptorChain.proceed(RealInterceptorChain.java:117)
08-05 21:22:19.986  5206 24238 E baseline.com.newsblur.network.APIResponse: 	at okhttp3.internal.http.BridgeInterceptor.intercept(BridgeInterceptor.java:93)
08-05 21:22:19.986  5206 24238 E baseline.com.newsblur.network.APIResponse: 	at okhttp3.internal.http.RealInterceptorChain.proceed(RealInterceptorChain.java:142)
08-05 21:22:19.986  5206 24238 E baseline.com.newsblur.network.APIResponse: 	at okhttp3.internal.http.RetryAndFollowUpInterceptor.intercept(RetryAndFollowUpInterceptor.java:88)
08-05 21:22:19.986  5206 24238 E baseline.com.newsblur.network.APIResponse: 	at okhttp3.internal.http.RealInterceptorChain.proceed(RealInterceptorChain.java:142)
08-05 21:22:19.986  5206 24238 E baseline.com.newsblur.network.APIResponse: 	at okhttp3.internal.http.RealInterceptorChain.proceed(RealInterceptorChain.java:117)
08-05 21:22:19.986  5206 24238 E baseline.com.newsblur.network.APIResponse: 	at okhttp3.RealCall.getResponseWithInterceptorChain(RealCall.java:229)
08-05 21:22:19.986  5206 24238 E baseline.com.newsblur.network.APIResponse: 	at okhttp3.RealCall.execute(RealCall.java:81)
08-05 21:22:19.986  5206 24238 E baseline.com.newsblur.network.APIResponse: 	at baseline.com.newsblur.network.APIResponse.<init>(APIResponse.java:57)
08-05 21:22:19.986  5206 24238 E baseline.com.newsblur.network.APIResponse: 	at baseline.com.newsblur.network.APIResponse.<init>(APIResponse.java:43)
08-05 21:22:19.986  5206 24238 E baseline.com.newsblur.network.APIResponse: 	at baseline.com.newsblur.network.APIManager.post_single(APIManager.java:702)
08-05 21:22:19.986  5206 24238 E baseline.com.newsblur.network.APIResponse: 	at baseline.com.newsblur.network.APIManager.post(APIManager.java:675)
08-05 21:22:19.986  5206 24238 E baseline.com.newsblur.network.APIResponse: 	at baseline.com.newsblur.network.APIManager.post(APIManager.java:714)
08-05 21:22:19.986  5206 24238 E baseline.com.newsblur.network.APIResponse: 	at baseline.com.newsblur.network.APIManager.markStoryAsRead(APIManager.java:205)
08-05 21:22:19.986  5206 24238 E baseline.com.newsblur.network.APIResponse: 	at baseline.com.newsblur.util.ReadingAction.doRemote(ReadingAction.java:281)
08-05 21:22:19.986  5206 24238 E baseline.com.newsblur.network.APIResponse: 	at baseline.com.newsblur.service.NBSyncService.syncActions(NBSyncService.java:400)
08-05 21:22:19.986  5206 24238 E baseline.com.newsblur.network.APIResponse: 	at baseline.com.newsblur.service.NBSyncService.doSync(NBSyncService.java:298)
08-05 21:22:19.986  5206 24238 E baseline.com.newsblur.network.APIResponse: 	at baseline.com.newsblur.service.NBSyncService.access$100(NBSyncService.java:67)
08-05 21:22:19.986  5206 24238 E baseline.com.newsblur.network.APIResponse: 	at baseline.com.newsblur.service.NBSyncService$1.run(NBSyncService.java:188)
08-05 21:22:19.986  5206 24238 E baseline.com.newsblur.network.APIResponse: 	at java.util.concurrent.ThreadPoolExecutor.runWorker(ThreadPoolExecutor.java:1113)
08-05 21:22:19.986  5206 24238 E baseline.com.newsblur.network.APIResponse: 	at java.util.concurrent.ThreadPoolExecutor$Worker.run(ThreadPoolExecutor.java:588)
08-05 21:22:19.986  5206 24238 E baseline.com.newsblur.network.APIResponse: 	at java.lang.Thread.run(Thread.java:818)
08-05 21:22:19.986  5206 24238 E baseline.com.newsblur.network.APIResponse: Caused by: java.io.EOFException: \n not found: limit=0 content=
08-05 21:22:19.986  5206 24238 E baseline.com.newsblur.network.APIResponse: 	at okio.RealBufferedSource.readUtf8LineStrict(RealBufferedSource.java:240)
08-05 21:22:19.986  5206 24238 E baseline.com.newsblur.network.APIResponse: 	at okhttp3.internal.http1.Http1ExchangeCodec.readHeaderLine(Http1ExchangeCodec.java:242)
08-05 21:22:19.986  5206 24238 E baseline.com.newsblur.network.APIResponse: 	at okhttp3.internal.http1.Http1ExchangeCodec.readResponseHeaders(Http1ExchangeCodec.java:213)
08-05 21:22:19.986  5206 24238 E baseline.com.newsblur.network.APIResponse: 	... 30 more
08-05 21:22:19.988  5206 24238 I baseline.com.newsblur.network.APIManager: API call failed, pausing before retry number 2
08-05 21:22:20.220  5206  5219 I art     : Starting a blocking GC Explicit
08-05 21:22:20.264  5206  5219 I art     : Explicit concurrent mark sweep GC freed 3947(357KB) AllocSpace objects, 3(60KB) LOS objects, 30% free, 36MB/52MB, paused 1.348ms total 43.414ms
08-05 21:22:20.278  5206  5219 I art     : Starting a blocking GC Explicit
08-05 21:22:20.320  5206  5219 I art     : Explicit concurrent mark sweep GC freed 109(3KB) AllocSpace objects, 0(0B) LOS objects, 30% free, 36MB/52MB, paused 1.137ms total 41.823ms
08-05 21:22:20.335  5206  5219 I art     : Starting a blocking GC Explicit
08-05 21:22:20.376  5206  5219 I art     : Explicit concurrent mark sweep GC freed 3(96B) AllocSpace objects, 0(0B) LOS objects, 30% free, 36MB/52MB, paused 1.183ms total 40.404ms
08-05 21:22:20.391  5206  5219 I art     : Starting a blocking GC Explicit
08-05 21:22:20.434  5206  5219 I art     : Explicit concurrent mark sweep GC freed 3(96B) AllocSpace objects, 0(0B) LOS objects, 30% free, 36MB/52MB, paused 1.221ms total 42.494ms
08-05 21:22:20.447  5206  5219 I art     : Starting a blocking GC Explicit
08-05 21:22:20.490  5206  5219 I art     : Explicit concurrent mark sweep GC freed 3(96B) AllocSpace objects, 0(0B) LOS objects, 30% free, 36MB/52MB, paused 1.170ms total 42.059ms
08-05 21:22:20.848  5206  5220 I art     : Starting a blocking GC Explicit
08-05 21:22:20.886  5206  5220 I art     : Explicit concurrent mark sweep GC freed 1440(83KB) AllocSpace objects, 1(20KB) LOS objects, 30% free, 36MB/52MB, paused 1.268ms total 38.382ms
08-05 21:22:20.901  5206  5220 I art     : Starting a blocking GC Explicit
08-05 21:22:20.938  5206  5220 I art     : Explicit concurrent mark sweep GC freed 22(800B) AllocSpace objects, 0(0B) LOS objects, 30% free, 36MB/52MB, paused 1.246ms total 36.693ms
08-05 21:22:20.951  5206  5220 I art     : Starting a blocking GC Explicit
08-05 21:22:20.988  5206  5220 I art     : Explicit concurrent mark sweep GC freed 3(96B) AllocSpace objects, 0(0B) LOS objects, 30% free, 36MB/52MB, paused 1.386ms total 36.602ms
08-05 21:22:21.002  5206  5220 I art     : Starting a blocking GC Explicit
08-05 21:22:21.039  5206  5220 I art     : Explicit concurrent mark sweep GC freed 3(96B) AllocSpace objects, 0(0B) LOS objects, 30% free, 36MB/52MB, paused 1.195ms total 36.236ms
08-05 21:22:21.053  5206  5220 I art     : Starting a blocking GC Explicit
08-05 21:22:21.090  5206  5220 I art     : Explicit concurrent mark sweep GC freed 3(96B) AllocSpace objects, 0(0B) LOS objects, 30% free, 36MB/52MB, paused 1.243ms total 36.804ms
08-05 21:22:21.446  5206  5220 I art     : Starting a blocking GC Explicit
08-05 21:22:21.484  5206  5220 I art     : Explicit concurrent mark sweep GC freed 1439(83KB) AllocSpace objects, 1(20KB) LOS objects, 30% free, 36MB/52MB, paused 1.045ms total 38.300ms
08-05 21:22:21.499  5206  5220 I art     : Starting a blocking GC Explicit
08-05 21:22:21.536  5206  5220 I art     : Explicit concurrent mark sweep GC freed 22(784B) AllocSpace objects, 0(0B) LOS objects, 30% free, 36MB/52MB, paused 1.050ms total 36.652ms
08-05 21:22:21.550  5206  5220 I art     : Starting a blocking GC Explicit
08-05 21:22:21.587  5206  5220 I art     : Explicit concurrent mark sweep GC freed 3(96B) AllocSpace objects, 0(0B) LOS objects, 30% free, 36MB/52MB, paused 1.102ms total 36.255ms
08-05 21:22:21.601  5206  5220 I art     : Starting a blocking GC Explicit
08-05 21:22:21.637  5206  5220 I art     : Explicit concurrent mark sweep GC freed 3(96B) AllocSpace objects, 0(0B) LOS objects, 30% free, 36MB/52MB, paused 1.280ms total 36.196ms
08-05 21:22:21.651  5206  5220 I art     : Starting a blocking GC Explicit
08-05 21:22:21.688  5206  5220 I art     : Explicit concurrent mark sweep GC freed 3(96B) AllocSpace objects, 0(0B) LOS objects, 30% free, 36MB/52MB, paused 1.278ms total 36.156ms
08-05 21:22:21.990 13866 13882 I PeriodicStatsRunner: PeriodicStatsRunner.call():175 call()
08-05 21:22:21.990 13866 13882 I PeriodicStatsRunner: PeriodicStatsRunner.call():179 No submit PeriodicStats since input started.
08-05 21:22:22.058  5206  5220 I art     : Starting a blocking GC Explicit
08-05 21:22:22.095  5206  5220 I art     : Explicit concurrent mark sweep GC freed 1439(82KB) AllocSpace objects, 1(20KB) LOS objects, 30% free, 36MB/52MB, paused 1.184ms total 37.286ms
08-05 21:22:22.109  5206  5220 I art     : Starting a blocking GC Explicit
08-05 21:22:22.147  5206  5220 I art     : Explicit concurrent mark sweep GC freed 22(800B) AllocSpace objects, 0(0B) LOS objects, 30% free, 36MB/52MB, paused 1.293ms total 37.598ms
08-05 21:22:22.159  5206  5220 I art     : Starting a blocking GC Explicit
08-05 21:22:22.198  5206  5220 I art     : Explicit concurrent mark sweep GC freed 3(96B) AllocSpace objects, 0(0B) LOS objects, 30% free, 36MB/52MB, paused 1.601ms total 38.029ms
08-05 21:22:22.210  5206  5220 I art     : Starting a blocking GC Explicit
08-05 21:22:22.248  5206  5220 I art     : Explicit concurrent mark sweep GC freed 3(96B) AllocSpace objects, 0(0B) LOS objects, 30% free, 36MB/52MB, paused 1.300ms total 38.030ms
08-05 21:22:22.261  5206  5220 I art     : Starting a blocking GC Explicit
08-05 21:22:22.300  5206  5220 I art     : Explicit concurrent mark sweep GC freed 3(96B) AllocSpace objects, 0(0B) LOS objects, 30% free, 36MB/52MB, paused 1.096ms total 38.477ms
08-05 21:22:22.431   518   646 I ThermalEngine: ACTION: GPU - Setting GPU[0] to 390000000
08-05 21:22:22.626 17237 17237 I Atfwd_Sendcmd: AtCmdFwd service not ready - Exhausted retry attempts - :6
08-05 21:22:22.626 17237 17237 I Atfwd_Daemon: result : -1 	 ,Init step :2 	 ,qmiErrorCode: 0
08-05 21:22:22.695  5206  5219 I art     : Starting a blocking GC Explicit
08-05 21:22:22.747  5206  5219 I art     : Explicit concurrent mark sweep GC freed 1438(82KB) AllocSpace objects, 1(20KB) LOS objects, 30% free, 36MB/52MB, paused 1.846ms total 50.792ms
08-05 21:22:22.767  5206  5219 I art     : Starting a blocking GC Explicit
08-05 21:22:22.819  5206  5219 I art     : Explicit concurrent mark sweep GC freed 22(784B) AllocSpace objects, 0(0B) LOS objects, 30% free, 36MB/52MB, paused 1.957ms total 51.941ms
08-05 21:22:22.842  5206  5219 I art     : Starting a blocking GC Explicit
08-05 21:22:22.903  5206  5219 I art     : Explicit concurrent mark sweep GC freed 3(96B) AllocSpace objects, 0(0B) LOS objects, 30% free, 36MB/52MB, paused 2.416ms total 60.528ms
08-05 21:22:22.926  5206  5219 I art     : Starting a blocking GC Explicit
08-05 21:22:22.978  5206  5219 I art     : Explicit concurrent mark sweep GC freed 3(96B) AllocSpace objects, 0(0B) LOS objects, 30% free, 36MB/52MB, paused 2.404ms total 52.586ms
08-05 21:22:22.999  5206  5219 I art     : Starting a blocking GC Explicit
08-05 21:22:23.046  5206  5219 I art     : Explicit concurrent mark sweep GC freed 94(3KB) AllocSpace objects, 0(0B) LOS objects, 30% free, 36MB/52MB, paused 1.816ms total 46.523ms
08-05 21:22:23.429  5206  5219 I art     : Starting a blocking GC Explicit
08-05 21:22:23.479  5206  5219 I art     : Explicit concurrent mark sweep GC freed 1518(88KB) AllocSpace objects, 1(20KB) LOS objects, 30% free, 36MB/52MB, paused 2.438ms total 49.807ms
08-05 21:22:23.499  5206  5219 I art     : Starting a blocking GC Explicit
08-05 21:22:23.550  5206  5219 I art     : Explicit concurrent mark sweep GC freed 1708(66KB) AllocSpace objects, 0(0B) LOS objects, 30% free, 36MB/52MB, paused 2.024ms total 51.065ms
08-05 21:22:23.566  5206 24238 E baseline.com.newsblur.network.APIResponse: Error (unexpected end of stream on https://www.newsblur.com/...) calling https://www.newsblur.com/reader/mark_story_hashes_as_read/
08-05 21:22:23.566  5206 24238 E baseline.com.newsblur.network.APIResponse: java.io.IOException: unexpected end of stream on https://www.newsblur.com/...
08-05 21:22:23.566  5206 24238 E baseline.com.newsblur.network.APIResponse: 	at okhttp3.internal.http1.Http1ExchangeCodec.readResponseHeaders(Http1ExchangeCodec.java:236)
08-05 21:22:23.566  5206 24238 E baseline.com.newsblur.network.APIResponse: 	at okhttp3.internal.connection.Exchange.readResponseHeaders(Exchange.java:115)
08-05 21:22:23.566  5206 24238 E baseline.com.newsblur.network.APIResponse: 	at okhttp3.internal.http.CallServerInterceptor.intercept(CallServerInterceptor.java:94)
08-05 21:22:23.566  5206 24238 E baseline.com.newsblur.network.APIResponse: 	at okhttp3.internal.http.RealInterceptorChain.proceed(RealInterceptorChain.java:142)
08-05 21:22:23.566  5206 24238 E baseline.com.newsblur.network.APIResponse: 	at okhttp3.internal.connection.ConnectInterceptor.intercept(ConnectInterceptor.java:43)
08-05 21:22:23.566  5206 24238 E baseline.com.newsblur.network.APIResponse: 	at okhttp3.internal.http.RealInterceptorChain.proceed(RealInterceptorChain.java:142)
08-05 21:22:23.566  5206 24238 E baseline.com.newsblur.network.APIResponse: 	at okhttp3.internal.http.RealInterceptorChain.proceed(RealInterceptorChain.java:117)
08-05 21:22:23.566  5206 24238 E baseline.com.newsblur.network.APIResponse: 	at okhttp3.internal.cache.CacheInterceptor.intercept(CacheInterceptor.java:94)
08-05 21:22:23.566  5206 24238 E baseline.com.newsblur.network.APIResponse: 	at okhttp3.internal.http.RealInterceptorChain.proceed(RealInterceptorChain.java:142)
08-05 21:22:23.566  5206 24238 E baseline.com.newsblur.network.APIResponse: 	at okhttp3.internal.http.RealInterceptorChain.proceed(RealInterceptorChain.java:117)
08-05 21:22:23.566  5206 24238 E baseline.com.newsblur.network.APIResponse: 	at okhttp3.internal.http.BridgeInterceptor.intercept(BridgeInterceptor.java:93)
08-05 21:22:23.566  5206 24238 E baseline.com.newsblur.network.APIResponse: 	at okhttp3.internal.http.RealInterceptorChain.proceed(RealInterceptorChain.java:142)
08-05 21:22:23.566  5206 24238 E baseline.com.newsblur.network.APIResponse: 	at okhttp3.internal.http.RetryAndFollowUpInterceptor.intercept(RetryAndFollowUpInterceptor.java:88)
08-05 21:22:23.566  5206 24238 E baseline.com.newsblur.network.APIResponse: 	at okhttp3.internal.http.RealInterceptorChain.proceed(RealInterceptorChain.java:142)
08-05 21:22:23.566  5206 24238 E baseline.com.newsblur.network.APIResponse: 	at okhttp3.internal.http.RealInterceptorChain.proceed(RealInterceptorChain.java:117)
08-05 21:22:23.566  5206 24238 E baseline.com.newsblur.network.APIResponse: 	at okhttp3.RealCall.getResponseWithInterceptorChain(RealCall.java:229)
08-05 21:22:23.566  5206 24238 E baseline.com.newsblur.network.APIResponse: 	at okhttp3.RealCall.execute(RealCall.java:81)
08-05 21:22:23.566  5206 24238 E baseline.com.newsblur.network.APIResponse: 	at baseline.com.newsblur.network.APIResponse.<init>(APIResponse.java:57)
08-05 21:22:23.566  5206 24238 E baseline.com.newsblur.network.APIResponse: 	at baseline.com.newsblur.network.APIResponse.<init>(APIResponse.java:43)
08-05 21:22:23.566  5206 24238 E baseline.com.newsblur.network.APIResponse: 	at baseline.com.newsblur.network.APIManager.post_single(APIManager.java:702)
08-05 21:22:23.566  5206 24238 E baseline.com.newsblur.network.APIResponse: 	at baseline.com.newsblur.network.APIManager.post(APIManager.java:675)
08-05 21:22:23.566  5206 24238 E baseline.com.newsblur.network.APIResponse: 	at baseline.com.newsblur.network.APIManager.post(APIManager.java:714)
08-05 21:22:23.566  5206 24238 E baseline.com.newsblur.network.APIResponse: 	at baseline.com.newsblur.network.APIManager.markStoryAsRead(APIManager.java:205)
08-05 21:22:23.566  5206 24238 E baseline.com.newsblur.network.APIResponse: 	at baseline.com.newsblur.util.ReadingAction.doRemote(ReadingAction.java:281)
08-05 21:22:23.566  5206 24238 E baseline.com.newsblur.network.APIResponse: 	at baseline.com.newsblur.service.NBSyncService.syncActions(NBSyncService.java:400)
08-05 21:22:23.566  5206 24238 E baseline.com.newsblur.network.APIResponse: 	at baseline.com.newsblur.service.NBSyncService.doSync(NBSyncService.java:298)
08-05 21:22:23.566  5206 24238 E baseline.com.newsblur.network.APIResponse: 	at baseline.com.newsblur.service.NBSyncService.access$100(NBSyncService.java:67)
08-05 21:22:23.566  5206 24238 E baseline.com.newsblur.network.APIResponse: 	at baseline.com.newsblur.service.NBSyncService$1.run(NBSyncService.java:188)
08-05 21:22:23.566  5206 24238 E baseline.com.newsblur.network.APIResponse: 	at java.util.concurrent.ThreadPoolExecutor.runWorker(ThreadPoolExecutor.java:1113)
08-05 21:22:23.566  5206 24238 E baseline.com.newsblur.network.APIResponse: 	at java.util.concurrent.ThreadPoolExecutor$Worker.run(ThreadPoolExecutor.java:588)
08-05 21:22:23.566  5206 24238 E baseline.com.newsblur.network.APIResponse: 	at java.lang.Thread.run(Thread.java:818)
08-05 21:22:23.566  5206 24238 E baseline.com.newsblur.network.APIResponse: Caused by: java.io.EOFException: \n not found: limit=0 content=
08-05 21:22:23.566  5206 24238 E baseline.com.newsblur.network.APIResponse: 	at okio.RealBufferedSource.readUtf8LineStrict(RealBufferedSource.java:240)
08-05 21:22:23.566  5206 24238 E baseline.com.newsblur.network.APIResponse: 	at okhttp3.internal.http1.Http1ExchangeCodec.readHeaderLine(Http1ExchangeCodec.java:242)
08-05 21:22:23.566  5206 24238 E baseline.com.newsblur.network.APIResponse: 	at okhttp3.internal.http1.Http1ExchangeCodec.readResponseHeaders(Http1ExchangeCodec.java:213)
08-05 21:22:23.566  5206 24238 E baseline.com.newsblur.network.APIResponse: 	... 30 more
08-05 21:22:23.569  5206 24238 I baseline.com.newsblur.service.NBSyncService: Holding reading action with server-side or network error.
08-05 21:22:23.571  5206  5219 I art     : Starting a blocking GC Explicit
08-05 21:22:23.603  5206 24238 W baseline.com.newsblur.service.NBSyncService: hard API failure
08-05 21:22:23.624  5206  5219 I art     : Explicit concurrent mark sweep GC freed 1070(247KB) AllocSpace objects, 4(80KB) LOS objects, 30% free, 36MB/52MB, paused 2.482ms total 53.482ms
08-05 21:22:23.645  5206  5219 I art     : Starting a blocking GC Explicit
08-05 21:22:23.686  5206  5219 I art     : Explicit concurrent mark sweep GC freed 869(173KB) AllocSpace objects, 11(220KB) LOS objects, 30% free, 36MB/52MB, paused 1.474ms total 40.373ms
08-05 21:22:23.703  5206  5219 I art     : Starting a blocking GC Explicit
08-05 21:22:23.747  5206  5219 I art     : Explicit concurrent mark sweep GC freed 453(16KB) AllocSpace objects, 0(0B) LOS objects, 30% free, 36MB/52MB, paused 1.734ms total 43.765ms
08-05 21:22:24.136  5206 23889 I art     : Starting a blocking GC Explicit
08-05 21:22:24.181  5206 23889 I art     : Explicit concurrent mark sweep GC freed 1401(80KB) AllocSpace objects, 1(20KB) LOS objects, 30% free, 36MB/52MB, paused 1.758ms total 44.624ms
08-05 21:22:24.200  5206 23889 I art     : Starting a blocking GC Explicit
08-05 21:22:24.244  5206 23889 I art     : Explicit concurrent mark sweep GC freed 20(704B) AllocSpace objects, 0(0B) LOS objects, 30% free, 36MB/52MB, paused 1.886ms total 43.434ms
08-05 21:22:24.262  5206 23889 I art     : Starting a blocking GC Explicit
08-05 21:22:24.305  5206 23889 I art     : Explicit concurrent mark sweep GC freed 3(96B) AllocSpace objects, 0(0B) LOS objects, 30% free, 36MB/52MB, paused 1.807ms total 42.981ms
08-05 21:22:24.323  5206 23889 I art     : Starting a blocking GC Explicit
08-05 21:22:24.367  5206 23889 I art     : Explicit concurrent mark sweep GC freed 3(96B) AllocSpace objects, 0(0B) LOS objects, 30% free, 36MB/52MB, paused 1.736ms total 43.551ms
08-05 21:22:24.385  5206 23889 I art     : Starting a blocking GC Explicit
08-05 21:22:24.430  5206 23889 I art     : Explicit concurrent mark sweep GC freed 3(96B) AllocSpace objects, 0(0B) LOS objects, 30% free, 36MB/52MB, paused 1.903ms total 43.969ms
08-05 21:22:24.836  5206  5220 I art     : Starting a blocking GC Explicit
08-05 21:22:24.881  5206  5220 I art     : Explicit concurrent mark sweep GC freed 1398(80KB) AllocSpace objects, 1(20KB) LOS objects, 30% free, 36MB/52MB, paused 1.733ms total 44.624ms
08-05 21:22:24.881  5206  5218 I art     : WaitForGcToComplete blocked for 18.074ms for cause HeapTrim
08-05 21:22:24.900  5206  5220 I art     : Starting a blocking GC Explicit
08-05 21:22:24.943  5206  5220 I art     : Explicit concurrent mark sweep GC freed 20(704B) AllocSpace objects, 0(0B) LOS objects, 30% free, 36MB/52MB, paused 1.843ms total 42.941ms
08-05 21:22:24.961  5206  5220 I art     : Starting a blocking GC Explicit
08-05 21:22:25.005  5206  5220 I art     : Explicit concurrent mark sweep GC freed 3(96B) AllocSpace objects, 0(0B) LOS objects, 30% free, 36MB/52MB, paused 1.519ms total 43.397ms
08-05 21:22:25.023  5206  5220 I art     : Starting a blocking GC Explicit
08-05 21:22:25.067  5206  5220 I art     : Explicit concurrent mark sweep GC freed 3(96B) AllocSpace objects, 0(0B) LOS objects, 30% free, 36MB/52MB, paused 1.796ms total 43.699ms
08-05 21:22:25.085  5206  5220 I art     : Starting a blocking GC Explicit
08-05 21:22:25.129  5206  5220 I art     : Explicit concurrent mark sweep GC freed 3(96B) AllocSpace objects, 0(0B) LOS objects, 30% free, 36MB/52MB, paused 1.644ms total 43.655ms
08-05 21:22:25.433   518   646 I ThermalEngine: ACTION: GPU - Setting GPU[0] to 450000000
08-05 21:22:25.496  5206 23687 I art     : Starting a blocking GC Explicit
08-05 21:22:25.532  5206 23687 I art     : Explicit concurrent mark sweep GC freed 1398(80KB) AllocSpace objects, 1(20KB) LOS objects, 30% free, 36MB/52MB, paused 1.191ms total 35.787ms
08-05 21:22:25.544  5206 23687 I art     : Starting a blocking GC Explicit
08-05 21:22:25.578  5206 23687 I art     : Explicit concurrent mark sweep GC freed 20(704B) AllocSpace objects, 0(0B) LOS objects, 30% free, 36MB/52MB, paused 1.138ms total 33.650ms
08-05 21:22:25.590  5206 23687 I art     : Starting a blocking GC Explicit
08-05 21:22:25.624  5206 23687 I art     : Explicit concurrent mark sweep GC freed 3(96B) AllocSpace objects, 0(0B) LOS objects, 30% free, 36MB/52MB, paused 1.115ms total 34.316ms
08-05 21:22:25.636  5206 23687 I art     : Starting a blocking GC Explicit
08-05 21:22:25.674  5206 23687 I art     : Explicit concurrent mark sweep GC freed 3(96B) AllocSpace objects, 0(0B) LOS objects, 30% free, 36MB/52MB, paused 1.141ms total 37.503ms
08-05 21:22:25.687  5206 23687 I art     : Starting a blocking GC Explicit
08-05 21:22:25.724  5206 23687 I art     : Explicit concurrent mark sweep GC freed 3(96B) AllocSpace objects, 0(0B) LOS objects, 30% free, 36MB/52MB, paused 1.133ms total 37.133ms
08-05 21:22:25.874   918  3188 I hubconnection: sensorhub said: 'set_bias 3: -6.2400, 0.0000, 0.0000'
08-05 21:22:26.079  5206  5219 I art     : Starting a blocking GC Explicit
08-05 21:22:26.118  5206  5219 I art     : Explicit concurrent mark sweep GC freed 1398(80KB) AllocSpace objects, 1(20KB) LOS objects, 30% free, 36MB/52MB, paused 1.341ms total 38.795ms
08-05 21:22:26.133  5206  5219 I art     : Starting a blocking GC Explicit
08-05 21:22:26.169  5206  5219 I art     : Explicit concurrent mark sweep GC freed 20(704B) AllocSpace objects, 0(0B) LOS objects, 30% free, 36MB/52MB, paused 1.142ms total 35.351ms
08-05 21:22:26.181  5206  5219 I art     : Starting a blocking GC Explicit
08-05 21:22:26.217  5206  5219 I art     : Explicit concurrent mark sweep GC freed 3(96B) AllocSpace objects, 0(0B) LOS objects, 30% free, 36MB/52MB, paused 1.041ms total 35.456ms
08-05 21:22:26.230  5206  5219 I art     : Starting a blocking GC Explicit
08-05 21:22:26.265  5206  5219 I art     : Explicit concurrent mark sweep GC freed 3(96B) AllocSpace objects, 0(0B) LOS objects, 30% free, 36MB/52MB, paused 1.053ms total 34.898ms
08-05 21:22:26.277  5206  5219 I art     : Starting a blocking GC Explicit
08-05 21:22:26.314  5206  5219 I art     : Explicit concurrent mark sweep GC freed 3(96B) AllocSpace objects, 0(0B) LOS objects, 30% free, 36MB/52MB, paused 1.087ms total 36.798ms
08-05 21:22:26.667  5206 23889 I art     : Starting a blocking GC Explicit
08-05 21:22:26.705  5206 23889 I art     : Explicit concurrent mark sweep GC freed 1398(80KB) AllocSpace objects, 1(20KB) LOS objects, 30% free, 36MB/52MB, paused 1.148ms total 37.885ms
08-05 21:22:26.719  5206 23889 I art     : Starting a blocking GC Explicit
08-05 21:22:26.755  5206 23889 I art     : Explicit concurrent mark sweep GC freed 20(704B) AllocSpace objects, 0(0B) LOS objects, 30% free, 36MB/52MB, paused 1.034ms total 35.632ms
08-05 21:22:26.767  5206 23889 I art     : Starting a blocking GC Explicit
08-05 21:22:26.804  5206 23889 I art     : Explicit concurrent mark sweep GC freed 3(96B) AllocSpace objects, 0(0B) LOS objects, 30% free, 36MB/52MB, paused 1.130ms total 36.611ms
08-05 21:22:26.816  5206 23889 I art     : Starting a blocking GC Explicit
08-05 21:22:26.853  5206 23889 I art     : Explicit concurrent mark sweep GC freed 3(96B) AllocSpace objects, 0(0B) LOS objects, 30% free, 36MB/52MB, paused 1.119ms total 36.277ms
08-05 21:22:26.865  5206 23889 I art     : Starting a blocking GC Explicit
08-05 21:22:26.900  5206 23889 I art     : Explicit concurrent mark sweep GC freed 3(96B) AllocSpace objects, 0(0B) LOS objects, 30% free, 36MB/52MB, paused 1.165ms total 35.280ms
08-05 21:22:27.247  5206  5220 I art     : Starting a blocking GC Explicit
08-05 21:22:27.285  5206  5220 I art     : Explicit concurrent mark sweep GC freed 1398(80KB) AllocSpace objects, 1(20KB) LOS objects, 30% free, 36MB/52MB, paused 1.168ms total 37.382ms
08-05 21:22:27.298  5206  5220 I art     : Starting a blocking GC Explicit
08-05 21:22:27.335  5206  5220 I art     : Explicit concurrent mark sweep GC freed 31(1552B) AllocSpace objects, 0(0B) LOS objects, 30% free, 36MB/52MB, paused 1.056ms total 36.503ms
08-05 21:22:27.347  5206  5220 I art     : Starting a blocking GC Explicit
08-05 21:22:27.383  5206  5220 I art     : Explicit concurrent mark sweep GC freed 11(256B) AllocSpace objects, 0(0B) LOS objects, 30% free, 36MB/52MB, paused 1.115ms total 36.237ms
08-05 21:22:27.396  5206  5220 I art     : Starting a blocking GC Explicit
08-05 21:22:27.433  5206  5220 I art     : Explicit concurrent mark sweep GC freed 9(320B) AllocSpace objects, 0(0B) LOS objects, 30% free, 36MB/52MB, paused 1.102ms total 37.290ms
08-05 21:22:27.446  5206  5220 I art     : Starting a blocking GC Explicit
08-05 21:22:27.483  5206  5220 I art     : Explicit concurrent mark sweep GC freed 3(96B) AllocSpace objects, 0(0B) LOS objects, 30% free, 36MB/52MB, paused 1.078ms total 36.681ms
08-05 21:22:27.855  5206 23687 I art     : Starting a blocking GC Explicit
08-05 21:22:27.894  5206 23687 I art     : Explicit concurrent mark sweep GC freed 1398(80KB) AllocSpace objects, 1(20KB) LOS objects, 30% free, 36MB/52MB, paused 1.142ms total 38.979ms
08-05 21:22:27.909  5206 23687 I art     : Starting a blocking GC Explicit
08-05 21:22:27.944  5206 23687 I art     : Explicit concurrent mark sweep GC freed 20(704B) AllocSpace objects, 0(0B) LOS objects, 30% free, 36MB/52MB, paused 1.118ms total 35.356ms
08-05 21:22:27.956  5206 23687 I art     : Starting a blocking GC Explicit
08-05 21:22:27.991  5206 23687 I art     : Explicit concurrent mark sweep GC freed 3(96B) AllocSpace objects, 0(0B) LOS objects, 30% free, 36MB/52MB, paused 1.098ms total 34.207ms
08-05 21:22:28.003  5206 23687 I art     : Starting a blocking GC Explicit
08-05 21:22:28.039  5206 23687 I art     : Explicit concurrent mark sweep GC freed 3(96B) AllocSpace objects, 0(0B) LOS objects, 30% free, 36MB/52MB, paused 1.145ms total 35.851ms
08-05 21:22:28.051  5206 23687 I art     : Starting a blocking GC Explicit
08-05 21:22:28.088  5206 23687 I art     : Explicit concurrent mark sweep GC freed 3(96B) AllocSpace objects, 0(0B) LOS objects, 30% free, 36MB/52MB, paused 1.174ms total 36.650ms
08-05 21:22:28.437   518   646 I ThermalEngine: ACTION: GPU - Setting GPU[0] to 510000000
08-05 21:22:28.448  5206  5219 I art     : Starting a blocking GC Explicit
08-05 21:22:28.486  5206  5219 I art     : Explicit concurrent mark sweep GC freed 1398(80KB) AllocSpace objects, 1(20KB) LOS objects, 30% free, 36MB/52MB, paused 855us total 36.724ms
08-05 21:22:28.498  5206  5219 I art     : Starting a blocking GC Explicit
08-05 21:22:28.525  5206  5219 I art     : Explicit concurrent mark sweep GC freed 20(704B) AllocSpace objects, 0(0B) LOS objects, 30% free, 36MB/52MB, paused 792us total 26.455ms
08-05 21:22:28.534  5206  5219 I art     : Starting a blocking GC Explicit
08-05 21:22:28.561  5206  5219 I art     : Explicit concurrent mark sweep GC freed 3(96B) AllocSpace objects, 0(0B) LOS objects, 30% free, 36MB/52MB, paused 807us total 26.631ms
08-05 21:22:28.570  5206  5219 I art     : Starting a blocking GC Explicit
08-05 21:22:28.597  5206  5219 I art     : Explicit concurrent mark sweep GC freed 3(96B) AllocSpace objects, 0(0B) LOS objects, 30% free, 36MB/52MB, paused 874us total 27.061ms
08-05 21:22:28.606  5206  5219 I art     : Starting a blocking GC Explicit
08-05 21:22:28.633  5206  5219 I art     : Explicit concurrent mark sweep GC freed 3(96B) AllocSpace objects, 0(0B) LOS objects, 30% free, 36MB/52MB, paused 806us total 26.722ms
08-05 21:22:28.974  5206 23889 I art     : Starting a blocking GC Explicit
08-05 21:22:29.004  5206 23889 I art     : Explicit concurrent mark sweep GC freed 1398(80KB) AllocSpace objects, 1(20KB) LOS objects, 30% free, 36MB/52MB, paused 861us total 29.665ms
08-05 21:22:29.015  5206 23889 I art     : Starting a blocking GC Explicit
08-05 21:22:29.042  5206 23889 I art     : Explicit concurrent mark sweep GC freed 20(704B) AllocSpace objects, 0(0B) LOS objects, 30% free, 36MB/52MB, paused 812us total 26.429ms
08-05 21:22:29.051  5206 23889 I art     : Starting a blocking GC Explicit
08-05 21:22:29.078  5206 23889 I art     : Explicit concurrent mark sweep GC freed 3(96B) AllocSpace objects, 0(0B) LOS objects, 30% free, 36MB/52MB, paused 934us total 26.559ms
08-05 21:22:29.087  5206 23889 I art     : Starting a blocking GC Explicit
08-05 21:22:29.113  5206 23889 I art     : Explicit concurrent mark sweep GC freed 3(96B) AllocSpace objects, 0(0B) LOS objects, 30% free, 36MB/52MB, paused 837us total 26.730ms
08-05 21:22:29.123  5206 23889 I art     : Starting a blocking GC Explicit
08-05 21:22:29.149  5206 23889 I art     : Explicit concurrent mark sweep GC freed 3(96B) AllocSpace objects, 0(0B) LOS objects, 30% free, 36MB/52MB, paused 897us total 26.740ms
08-05 21:22:29.427 24478 24478 D AndroidRuntime: >>>>>> START com.android.internal.os.RuntimeInit uid 2000 <<<<<<
08-05 21:22:29.433 24478 24478 D AndroidRuntime: CheckJNI is OFF
08-05 21:22:29.467 24478 24478 D ICU     : No timezone override file found: /data/misc/zoneinfo/current/icu/icu_tzdata.dat
08-05 21:22:29.480  5206  5220 I art     : Starting a blocking GC Explicit
08-05 21:22:29.501 24478 24478 I Radio-JNI: register_android_hardware_Radio DONE
08-05 21:22:29.509  5206  5220 I art     : Explicit concurrent mark sweep GC freed 1398(80KB) AllocSpace objects, 1(20KB) LOS objects, 30% free, 36MB/52MB, paused 948us total 28.235ms
08-05 21:22:29.518  5206  5220 I art     : Starting a blocking GC Explicit
08-05 21:22:29.524 24478 24478 D AndroidRuntime: Calling main entry com.android.commands.input.Input
08-05 21:22:29.526 24478 24478 I Input   : injectKeyEvent: KeyEvent { action=ACTION_DOWN, keyCode=KEYCODE_BACK, scanCode=0, metaState=0, flags=0x0, repeatCount=0, eventTime=825765939, downTime=825765939, deviceId=-1, source=0x101 }
08-05 21:22:29.533 24478 24478 I Input   : injectKeyEvent: KeyEvent { action=ACTION_UP, keyCode=KEYCODE_BACK, scanCode=0, metaState=0, flags=0x0, repeatCount=0, eventTime=825765939, downTime=825765939, deviceId=-1, source=0x101 }
08-05 21:22:29.539 24478 24478 D AndroidRuntime: Shutting down VM
08-05 21:22:29.550  5206  5220 I art     : Explicit concurrent mark sweep GC freed 159(11KB) AllocSpace objects, 1(20KB) LOS objects, 30% free, 36MB/52MB, paused 1.221ms total 31.641ms
08-05 21:22:29.560  5206  5220 I art     : Starting a blocking GC Explicit
08-05 21:22:29.584  5206  5220 I art     : Explicit concurrent mark sweep GC freed 98(28KB) AllocSpace objects, 1(20KB) LOS objects, 30% free, 36MB/52MB, paused 818us total 23.068ms
08-05 21:22:29.592  5206  5220 I art     : Starting a blocking GC Explicit
08-05 21:22:29.616  5206  5220 I art     : Explicit concurrent mark sweep GC freed 13(480B) AllocSpace objects, 0(0B) LOS objects, 30% free, 36MB/52MB, paused 851us total 23.662ms
08-05 21:22:29.624  5206  5220 I art     : Starting a blocking GC Explicit
08-05 21:22:29.649  5206  5220 I art     : Explicit concurrent mark sweep GC freed 607(44KB) AllocSpace objects, 1(20KB) LOS objects, 30% free, 36MB/52MB, paused 767us total 24.612ms
08-05 21:22:29.654 13866 13866 I GoogleInputMethodServic: GoogleInputMethodService.onFinishInput():3138 
08-05 21:22:29.654 13866 13866 I GoogleInputMethodServic: GoogleInputMethodService.onStartInput():1808 
08-05 21:22:29.931  5206  5219 I art     : Starting a blocking GC Explicit
08-05 21:22:29.960  5206  5219 I art     : Explicit concurrent mark sweep GC freed 3793(283KB) AllocSpace objects, 8(168KB) LOS objects, 30% free, 36MB/52MB, paused 854us total 28.190ms
08-05 21:22:29.961  5206  5218 I art     : WaitForGcToComplete blocked for 17.409ms for cause HeapTrim
08-05 21:22:29.969  5206  5219 I art     : Starting a blocking GC Explicit
08-05 21:22:29.999  5206  5219 I art     : Explicit concurrent mark sweep GC freed 627(28KB) AllocSpace objects, 0(0B) LOS objects, 30% free, 36MB/52MB, paused 1.429ms total 30.080ms
08-05 21:22:30.009  5206  5219 I art     : Starting a blocking GC Explicit
08-05 21:22:30.036  5206  5219 I art     : Explicit concurrent mark sweep GC freed 895(43KB) AllocSpace objects, 0(0B) LOS objects, 30% free, 36MB/52MB, paused 1.055ms total 27.593ms
08-05 21:22:30.045  5206  5219 I art     : Starting a blocking GC Explicit
08-05 21:22:30.070  5206  5219 I art     : Explicit concurrent mark sweep GC freed 114(5KB) AllocSpace objects, 0(0B) LOS objects, 30% free, 36MB/52MB, paused 914us total 25.035ms
08-05 21:22:30.080  5206  5219 I art     : Starting a blocking GC Explicit
08-05 21:22:30.107  5206  5219 I art     : Explicit concurrent mark sweep GC freed 31(1200B) AllocSpace objects, 0(0B) LOS objects, 30% free, 36MB/52MB, paused 984us total 26.768ms
08-05 21:22:30.225  5206 24501 I NAPPA_EXPERIMENTATION: MetricNetworkRequestExecutionTime: REQUEST_DURATION_SYSTEM='562',REQUEST_DURATION_OKHTTP='38',REQUEST_SYNCHRONOUS='TRUE',RESPONSE_CODE='200',RESPONSE_METHOD='GET',RESPONSE_LENGTH_OKHTTP='-1',RESPONSE_LENGTH_HEADER='12364',REQUEST_PROTOCOL='http/1.1',REQUEST_URL='https://www.newsblur.com/social/river_stories?order=newest&page=2&read_filter=all&global_feed=true',
08-05 21:22:30.225  5206 24501 D MY_TAG  : 0, 562
08-05 21:22:30.401  5206  5220 I art     : Starting a blocking GC Explicit
08-05 21:22:30.439  5206  5220 I art     : Explicit concurrent mark sweep GC freed 37491(2MB) AllocSpace objects, 36(1060KB) LOS objects, 30% free, 37MB/53MB, paused 974us total 38.224ms
08-05 21:22:30.452  5206  5220 I art     : Starting a blocking GC Explicit
08-05 21:22:30.480  5206  5220 I art     : Explicit concurrent mark sweep GC freed 3300(317KB) AllocSpace objects, 0(0B) LOS objects, 30% free, 36MB/52MB, paused 890us total 27.829ms
08-05 21:22:30.488  5206  5220 I art     : Starting a blocking GC Explicit
08-05 21:22:30.518  5206  5220 I art     : Explicit concurrent mark sweep GC freed 6(192B) AllocSpace objects, 0(0B) LOS objects, 30% free, 36MB/52MB, paused 888us total 29.331ms
08-05 21:22:30.528  5206  5220 I art     : Starting a blocking GC Explicit
08-05 21:22:30.558  5206  5220 I art     : Explicit concurrent mark sweep GC freed 9(288B) AllocSpace objects, 0(0B) LOS objects, 30% free, 36MB/52MB, paused 1.095ms total 29.327ms
08-05 21:22:30.569  5206  5220 I art     : Starting a blocking GC Explicit
08-05 21:22:30.601  5206  5220 I art     : Explicit concurrent mark sweep GC freed 8(256B) AllocSpace objects, 0(0B) LOS objects, 30% free, 36MB/52MB, paused 887us total 31.575ms
08-05 21:22:30.916  5206 23889 I art     : Starting a blocking GC Explicit
08-05 21:22:30.951  5206 23889 I art     : Explicit concurrent mark sweep GC freed 1442(82KB) AllocSpace objects, 1(20KB) LOS objects, 30% free, 36MB/52MB, paused 901us total 34.856ms
08-05 21:22:30.963  5206 23889 I art     : Starting a blocking GC Explicit
08-05 21:22:30.992  5206 23889 I art     : Explicit concurrent mark sweep GC freed 26(896B) AllocSpace objects, 0(0B) LOS objects, 30% free, 36MB/52MB, paused 1.016ms total 28.328ms
08-05 21:22:31.002  5206 23889 I art     : Starting a blocking GC Explicit
08-05 21:22:31.031  5206 23889 I art     : Explicit concurrent mark sweep GC freed 7(224B) AllocSpace objects, 0(0B) LOS objects, 30% free, 36MB/52MB, paused 827us total 29.398ms
08-05 21:22:31.041  5206 23889 I art     : Starting a blocking GC Explicit
08-05 21:22:31.068  5206 23889 I art     : Explicit concurrent mark sweep GC freed 7(224B) AllocSpace objects, 0(0B) LOS objects, 30% free, 36MB/52MB, paused 974us total 27.431ms
08-05 21:22:31.078  5206 23889 I art     : Starting a blocking GC Explicit
08-05 21:22:31.104  5206 23889 I art     : Explicit concurrent mark sweep GC freed 8(256B) AllocSpace objects, 0(0B) LOS objects, 30% free, 36MB/52MB, paused 993us total 26.611ms
08-05 21:22:31.203 24531 24531 D AndroidRuntime: >>>>>> START com.android.internal.os.RuntimeInit uid 2000 <<<<<<
08-05 21:22:31.208 24531 24531 D AndroidRuntime: CheckJNI is OFF
08-05 21:22:31.243 24531 24531 D ICU     : No timezone override file found: /data/misc/zoneinfo/current/icu/icu_tzdata.dat
08-05 21:22:31.277 24531 24531 I Radio-JNI: register_android_hardware_Radio DONE
08-05 21:22:31.299 24531 24531 D AndroidRuntime: Calling main entry com.android.commands.input.Input
08-05 21:22:31.300 24531 24531 I Input   : injectMotionEvent: MotionEvent { action=ACTION_DOWN, actionButton=0, id[0]=0, x[0]=435.0, y[0]=858.0, toolType[0]=TOOL_TYPE_UNKNOWN, buttonState=0, metaState=0, flags=0x0, edgeFlags=0x0, pointerCount=1, historySize=0, eventTime=825767713, downTime=825767713, deviceId=0, source=0x1002 }
08-05 21:22:31.306 24531 24531 I Input   : injectMotionEvent: MotionEvent { action=ACTION_UP, actionButton=0, id[0]=0, x[0]=435.0, y[0]=858.0, toolType[0]=TOOL_TYPE_UNKNOWN, buttonState=0, metaState=0, flags=0x0, edgeFlags=0x0, pointerCount=1, historySize=0, eventTime=825767713, downTime=825767713, deviceId=0, source=0x1002 }
08-05 21:22:31.308 24531 24531 D AndroidRuntime: Shutting down VM
08-05 21:22:31.328   512  2967 D audio_hw_primary: out_set_parameters: enter: usecase(1: low-latency-playback) kvpairs: routing=2
08-05 21:22:31.328   918  3714 I ActivityManager: START u0 {cmp=baseline.com.newsblur/.activity.GlobalSharedStoriesReading (has extras)} from uid 10676 on display 0
08-05 21:22:31.341   512  2967 D audio_hw_primary: select_devices: out_snd_device(2: speaker) in_snd_device(0: none)
08-05 21:22:31.341   512  2967 D msm8974_platform: platform_send_audio_calibration: sending audio calibration for snd_device(2) acdb_id(15)
08-05 21:22:31.341   512  2967 I soundtrigger: audio_extn_sound_trigger_update_device_status: device 0x2 of type 0 for Event 1
08-05 21:22:31.350   512  2967 D audio_hw_primary: enable_snd_device: snd_device(2: speaker)
08-05 21:22:31.352   512  2967 D audio_hw_primary: enable_audio_route: apply and update mixer path: low-latency-playback speaker
08-05 21:22:31.414   918  3261 D WifiStateMachine: starting scan for "H369AA63323"WPA_PSK with 2412,5180
08-05 21:22:31.419  5206  5219 I art     : Starting a blocking GC Explicit
08-05 21:22:31.446  5206  5219 I art     : Explicit concurrent mark sweep GC freed 2797(212KB) AllocSpace objects, 6(548KB) LOS objects, 30% free, 36MB/52MB, paused 1.309ms total 26.739ms
08-05 21:22:31.454  5206  5219 I art     : Starting a blocking GC Explicit
08-05 21:22:31.479  5206  5219 I art     : Explicit concurrent mark sweep GC freed 348(34KB) AllocSpace objects, 0(0B) LOS objects, 30% free, 36MB/52MB, paused 775us total 24.820ms
08-05 21:22:31.487  5206  5219 I art     : Starting a blocking GC Explicit
08-05 21:22:31.509   918   936 I ActivityManager: Displayed baseline.com.newsblur/.activity.GlobalSharedStoriesReading: +174ms
08-05 21:22:31.509 13866 13866 I GoogleInputMethodServic: GoogleInputMethodService.onFinishInput():3138 
08-05 21:22:31.510 13866 13866 I GoogleInputMethodServic: GoogleInputMethodService.onStartInput():1808 
08-05 21:22:31.513  5206  5219 I art     : Explicit concurrent mark sweep GC freed 528(40KB) AllocSpace objects, 1(20KB) LOS objects, 30% free, 36MB/52MB, paused 1.001ms total 25.828ms
08-05 21:22:31.522  5206  5219 I art     : Starting a blocking GC Explicit
08-05 21:22:31.552  5206  5219 I art     : Explicit concurrent mark sweep GC freed 1139(72KB) AllocSpace objects, 1(20KB) LOS objects, 30% free, 37MB/53MB, paused 1.171ms total 29.910ms
08-05 21:22:31.562  5206  5219 I art     : Starting a blocking GC Explicit
08-05 21:22:31.590  5206  5219 I art     : Explicit concurrent mark sweep GC freed 1010(73KB) AllocSpace objects, 1(20KB) LOS objects, 30% free, 37MB/53MB, paused 1.257ms total 27.988ms
08-05 21:22:31.707  5206 23678 E SQLiteLog: (9) statement aborts at 27: [SELECT authors,short_content,timestamp,sharedDate,stories.feed_id,stories._id,intelligence_authors,intelligence_feed,intelligence_tags,intelligence_total,intelligence_title,permalink,r
08-05 21:22:31.771  5206 24234 E chromium: [ERROR:tile_manager.cc(793)] WARNING: tile memory limits exceeded, some content may not draw
08-05 21:22:31.771  5206 24234 E chromium: [ERROR:tile_manager.cc(793)] WARNING: tile memory limits exceeded, some content may not draw
08-05 21:22:31.867  5206  5219 I art     : Starting a blocking GC Explicit
08-05 21:22:31.889   512  2967 D audio_hw_primary: disable_audio_route: reset and update mixer path: low-latency-playback speaker
08-05 21:22:31.890   512  2967 D audio_hw_primary: disable_snd_device: snd_device(2: speaker)
08-05 21:22:31.900   512  2967 I soundtrigger: audio_extn_sound_trigger_update_device_status: device 0x2 of type 0 for Event 0
08-05 21:22:31.902  5206  5219 I art     : Explicit concurrent mark sweep GC freed 7519(596KB) AllocSpace objects, 20(444KB) LOS objects, 29% free, 37MB/53MB, paused 960us total 34.960ms
08-05 21:22:31.913  5206  5219 I art     : Starting a blocking GC Explicit
08-05 21:22:31.947  5206  5219 I art     : Explicit concurrent mark sweep GC freed 1440(69KB) AllocSpace objects, 1(28KB) LOS objects, 29% free, 37MB/53MB, paused 859us total 33.172ms
08-05 21:22:31.957  5206  5219 I art     : Starting a blocking GC Explicit
08-05 21:22:31.986  5206  5219 I art     : Explicit concurrent mark sweep GC freed 3(96B) AllocSpace objects, 0(0B) LOS objects, 29% free, 37MB/53MB, paused 895us total 28.901ms
08-05 21:22:31.995  5206  5219 I art     : Starting a blocking GC Explicit
08-05 21:22:32.024  5206  5219 I art     : Explicit concurrent mark sweep GC freed 3(96B) AllocSpace objects, 0(0B) LOS objects, 29% free, 37MB/53MB, paused 852us total 28.666ms
08-05 21:22:32.033  5206  5219 I art     : Starting a blocking GC Explicit
08-05 21:22:32.062  5206  5219 I art     : Explicit concurrent mark sweep GC freed 3(96B) AllocSpace objects, 0(0B) LOS objects, 29% free, 37MB/53MB, paused 910us total 28.785ms
08-05 21:22:32.288  5206 24563 E baseline.com.newsblur.network.APIResponse: Error (unexpected end of stream on https://www.newsblur.com/...) calling https://www.newsblur.com/reader/mark_story_hashes_as_read/
08-05 21:22:32.288  5206 24563 E baseline.com.newsblur.network.APIResponse: java.io.IOException: unexpected end of stream on https://www.newsblur.com/...
08-05 21:22:32.288  5206 24563 E baseline.com.newsblur.network.APIResponse: 	at okhttp3.internal.http1.Http1ExchangeCodec.readResponseHeaders(Http1ExchangeCodec.java:236)
08-05 21:22:32.288  5206 24563 E baseline.com.newsblur.network.APIResponse: 	at okhttp3.internal.connection.Exchange.readResponseHeaders(Exchange.java:115)
08-05 21:22:32.288  5206 24563 E baseline.com.newsblur.network.APIResponse: 	at okhttp3.internal.http.CallServerInterceptor.intercept(CallServerInterceptor.java:94)
08-05 21:22:32.288  5206 24563 E baseline.com.newsblur.network.APIResponse: 	at okhttp3.internal.http.RealInterceptorChain.proceed(RealInterceptorChain.java:142)
08-05 21:22:32.288  5206 24563 E baseline.com.newsblur.network.APIResponse: 	at okhttp3.internal.connection.ConnectInterceptor.intercept(ConnectInterceptor.java:43)
08-05 21:22:32.288  5206 24563 E baseline.com.newsblur.network.APIResponse: 	at okhttp3.internal.http.RealInterceptorChain.proceed(RealInterceptorChain.java:142)
08-05 21:22:32.288  5206 24563 E baseline.com.newsblur.network.APIResponse: 	at okhttp3.internal.http.RealInterceptorChain.proceed(RealInterceptorChain.java:117)
08-05 21:22:32.288  5206 24563 E baseline.com.newsblur.network.APIResponse: 	at okhttp3.internal.cache.CacheInterceptor.intercept(CacheInterceptor.java:94)
08-05 21:22:32.288  5206 24563 E baseline.com.newsblur.network.APIResponse: 	at okhttp3.internal.http.RealInterceptorChain.proceed(RealInterceptorChain.java:142)
08-05 21:22:32.288  5206 24563 E baseline.com.newsblur.network.APIResponse: 	at okhttp3.internal.http.RealInterceptorChain.proceed(RealInterceptorChain.java:117)
08-05 21:22:32.288  5206 24563 E baseline.com.newsblur.network.APIResponse: 	at okhttp3.internal.http.BridgeInterceptor.intercept(BridgeInterceptor.java:93)
08-05 21:22:32.288  5206 24563 E baseline.com.newsblur.network.APIResponse: 	at okhttp3.internal.http.RealInterceptorChain.proceed(RealInterceptorChain.java:142)
08-05 21:22:32.288  5206 24563 E baseline.com.newsblur.network.APIResponse: 	at okhttp3.internal.http.RetryAndFollowUpInterceptor.intercept(RetryAndFollowUpInterceptor.java:88)
08-05 21:22:32.288  5206 24563 E baseline.com.newsblur.network.APIResponse: 	at okhttp3.internal.http.RealInterceptorChain.proceed(RealInterceptorChain.java:142)
08-05 21:22:32.288  5206 24563 E baseline.com.newsblur.network.APIResponse: 	at okhttp3.internal.http.RealInterceptorChain.proceed(RealInterceptorChain.java:117)
08-05 21:22:32.288  5206 24563 E baseline.com.newsblur.network.APIResponse: 	at okhttp3.RealCall.getResponseWithInterceptorChain(RealCall.java:229)
08-05 21:22:32.288  5206 24563 E baseline.com.newsblur.network.APIResponse: 	at okhttp3.RealCall.execute(RealCall.java:81)
08-05 21:22:32.288  5206 24563 E baseline.com.newsblur.network.APIResponse: 	at baseline.com.newsblur.network.APIResponse.<init>(APIResponse.java:57)
08-05 21:22:32.288  5206 24563 E baseline.com.newsblur.network.APIResponse: 	at baseline.com.newsblur.network.APIResponse.<init>(APIResponse.java:43)
08-05 21:22:32.288  5206 24563 E baseline.com.newsblur.network.APIResponse: 	at baseline.com.newsblur.network.APIManager.post_single(APIManager.java:702)
08-05 21:22:32.288  5206 24563 E baseline.com.newsblur.network.APIResponse: 	at baseline.com.newsblur.network.APIManager.post(APIManager.java:675)
08-05 21:22:32.288  5206 24563 E baseline.com.newsblur.network.APIResponse: 	at baseline.com.newsblur.network.APIManager.post(APIManager.java:714)
08-05 21:22:32.288  5206 24563 E baseline.com.newsblur.network.APIResponse: 	at baseline.com.newsblur.network.APIManager.markStoryAsRead(APIManager.java:205)
08-05 21:22:32.288  5206 24563 E baseline.com.newsblur.network.APIResponse: 	at baseline.com.newsblur.util.ReadingAction.doRemote(ReadingAction.java:281)
08-05 21:22:32.288  5206 24563 E baseline.com.newsblur.network.APIResponse: 	at baseline.com.newsblur.service.NBSyncService.syncActions(NBSyncService.java:400)
08-05 21:22:32.288  5206 24563 E baseline.com.newsblur.network.APIResponse: 	at baseline.com.newsblur.service.NBSyncService.doSync(NBSyncService.java:298)
08-05 21:22:32.288  5206 24563 E baseline.com.newsblur.network.APIResponse: 	at baseline.com.newsblur.service.NBSyncService.access$100(NBSyncService.java:67)
08-05 21:22:32.288  5206 24563 E baseline.com.newsblur.network.APIResponse: 	at baseline.com.newsblur.service.NBSyncService$1.run(NBSyncService.java:188)
08-05 21:22:32.288  5206 24563 E baseline.com.newsblur.network.APIResponse: 	at java.util.concurrent.ThreadPoolExecutor.runWorker(ThreadPoolExecutor.java:1113)
08-05 21:22:32.288  5206 24563 E baseline.com.newsblur.network.APIResponse: 	at java.util.concurrent.ThreadPoolExecutor$Worker.run(ThreadPoolExecutor.java:588)
08-05 21:22:32.288  5206 24563 E baseline.com.newsblur.network.APIResponse: 	at java.lang.Thread.run(Thread.java:818)
08-05 21:22:32.288  5206 24563 E baseline.com.newsblur.network.APIResponse: Caused by: java.io.EOFException: \n not found: limit=0 content=
08-05 21:22:32.288  5206 24563 E baseline.com.newsblur.network.APIResponse: 	at okio.RealBufferedSource.readUtf8LineStrict(RealBufferedSource.java:240)
08-05 21:22:32.288  5206 24563 E baseline.com.newsblur.network.APIResponse: 	at okhttp3.internal.http1.Http1ExchangeCodec.readHeaderLine(Http1ExchangeCodec.java:242)
08-05 21:22:32.288  5206 24563 E baseline.com.newsblur.network.APIResponse: 	at okhttp3.internal.http1.Http1ExchangeCodec.readResponseHeaders(Http1ExchangeCodec.java:213)
08-05 21:22:32.288  5206 24563 E baseline.com.newsblur.network.APIResponse: 	... 30 more
08-05 21:22:32.290  5206 24563 I baseline.com.newsblur.network.APIManager: API call failed, pausing before retry number 1
08-05 21:22:32.389  5206 24515 I art     : Starting a blocking GC Explicit
08-05 21:22:32.424  5206 24515 I art     : Explicit concurrent mark sweep GC freed 4688(417KB) AllocSpace objects, 6(260KB) LOS objects, 29% free, 37MB/53MB, paused 1.028ms total 35.057ms
08-05 21:22:32.435  5206 24515 I art     : Starting a blocking GC Explicit
08-05 21:22:32.447   518   646 I ThermalEngine: ACTION: GPU - Setting GPU[0] to 450000000
08-05 21:22:32.475  5206 24515 I art     : Explicit concurrent mark sweep GC freed 999(118KB) AllocSpace objects, 0(0B) LOS objects, 29% free, 37MB/53MB, paused 1.218ms total 39.894ms
08-05 21:22:32.487  5206 24515 I art     : Starting a blocking GC Explicit
08-05 21:22:32.527  5206 24515 I art     : Explicit concurrent mark sweep GC freed 3(96B) AllocSpace objects, 0(0B) LOS objects, 29% free, 37MB/53MB, paused 1.260ms total 40.052ms
08-05 21:22:32.540  5206 24515 I art     : Starting a blocking GC Explicit
08-05 21:22:32.579  5206 24515 I art     : Explicit concurrent mark sweep GC freed 3(96B) AllocSpace objects, 0(0B) LOS objects, 29% free, 37MB/53MB, paused 1.135ms total 39.243ms
08-05 21:22:32.592  5206 24515 I art     : Starting a blocking GC Explicit
08-05 21:22:32.633  5206 24515 I art     : Explicit concurrent mark sweep GC freed 3(96B) AllocSpace objects, 0(0B) LOS objects, 29% free, 37MB/53MB, paused 1.280ms total 40.906ms
08-05 21:22:32.811  5206 24234 E chromium: [ERROR:tile_manager.cc(793)] WARNING: tile memory limits exceeded, some content may not draw
08-05 21:22:32.811  5206 24234 E chromium: [ERROR:tile_manager.cc(793)] WARNING: tile memory limits exceeded, some content may not draw
08-05 21:22:32.842  5206 24234 E chromium: [ERROR:tile_manager.cc(793)] WARNING: tile memory limits exceeded, some content may not draw
08-05 21:22:32.842  5206 24234 E chromium: [ERROR:tile_manager.cc(793)] WARNING: tile memory limits exceeded, some content may not draw
08-05 21:22:32.857  5206 24234 E chromium: [ERROR:tile_manager.cc(793)] WARNING: tile memory limits exceeded, some content may not draw
08-05 21:22:32.857  5206 24234 E chromium: [ERROR:tile_manager.cc(793)] WARNING: tile memory limits exceeded, some content may not draw
08-05 21:22:32.994  5206 23889 I art     : Starting a blocking GC Explicit
08-05 21:22:33.038  5206 23889 I art     : Explicit concurrent mark sweep GC freed 1551(86KB) AllocSpace objects, 1(20KB) LOS objects, 29% free, 37MB/53MB, paused 1.425ms total 43.484ms
08-05 21:22:33.052  5206 23889 I art     : Starting a blocking GC Explicit
08-05 21:22:33.094  5206 23889 I art     : Explicit concurrent mark sweep GC freed 29(1024B) AllocSpace objects, 0(0B) LOS objects, 29% free, 37MB/53MB, paused 1.152ms total 41.812ms
08-05 21:22:33.107  5206 23889 I art     : Starting a blocking GC Explicit
08-05 21:22:33.150  5206 23889 I art     : Explicit concurrent mark sweep GC freed 3(96B) AllocSpace objects, 0(0B) LOS objects, 29% free, 37MB/53MB, paused 1.482ms total 42.045ms
08-05 21:22:33.163  5206 23889 I art     : Starting a blocking GC Explicit
08-05 21:22:33.205  5206 23889 I art     : Explicit concurrent mark sweep GC freed 3(96B) AllocSpace objects, 0(0B) LOS objects, 29% free, 37MB/53MB, paused 1.211ms total 42.045ms
08-05 21:22:33.218  5206 23889 I art     : Starting a blocking GC Explicit
08-05 21:22:33.260  5206 23889 I art     : Explicit concurrent mark sweep GC freed 3(96B) AllocSpace objects, 0(0B) LOS objects, 29% free, 37MB/53MB, paused 1.201ms total 42.148ms
08-05 21:22:33.626  5206 24515 I art     : Starting a blocking GC Explicit
08-05 21:22:33.671  5206 24515 I art     : Explicit concurrent mark sweep GC freed 1440(83KB) AllocSpace objects, 1(20KB) LOS objects, 29% free, 37MB/53MB, paused 1.356ms total 45.078ms
08-05 21:22:33.685  5206 24515 I art     : Starting a blocking GC Explicit
08-05 21:22:33.727  5206 24515 I art     : Explicit concurrent mark sweep GC freed 22(784B) AllocSpace objects, 0(0B) LOS objects, 29% free, 37MB/53MB, paused 1.301ms total 41.836ms
08-05 21:22:33.740  5206 24515 I art     : Starting a blocking GC Explicit
08-05 21:22:33.782  5206 24515 I art     : Explicit concurrent mark sweep GC freed 3(96B) AllocSpace objects, 0(0B) LOS objects, 29% free, 37MB/53MB, paused 1.154ms total 41.388ms
08-05 21:22:33.796  5206 24515 I art     : Starting a blocking GC Explicit
08-05 21:22:33.836  5206 24515 I art     : Explicit concurrent mark sweep GC freed 94(3KB) AllocSpace objects, 0(0B) LOS objects, 29% free, 37MB/53MB, paused 1.355ms total 40.623ms
08-05 21:22:33.849  5206 24515 I art     : Starting a blocking GC Explicit
08-05 21:22:33.890  5206 24515 I art     : Explicit concurrent mark sweep GC freed 77(5KB) AllocSpace objects, 0(0B) LOS objects, 29% free, 37MB/53MB, paused 1.195ms total 41.312ms
08-05 21:22:34.264  5206 23687 I art     : Starting a blocking GC Explicit
08-05 21:22:34.306  5206 23687 I art     : Explicit concurrent mark sweep GC freed 3131(149KB) AllocSpace objects, 1(20KB) LOS objects, 29% free, 37MB/53MB, paused 1.305ms total 42.157ms
08-05 21:22:34.311  5206 24563 E baseline.com.newsblur.network.APIResponse: Error (unexpected end of stream on https://www.newsblur.com/...) calling https://www.newsblur.com/reader/mark_story_hashes_as_read/
08-05 21:22:34.311  5206 24563 E baseline.com.newsblur.network.APIResponse: java.io.IOException: unexpected end of stream on https://www.newsblur.com/...
08-05 21:22:34.311  5206 24563 E baseline.com.newsblur.network.APIResponse: 	at okhttp3.internal.http1.Http1ExchangeCodec.readResponseHeaders(Http1ExchangeCodec.java:236)
08-05 21:22:34.311  5206 24563 E baseline.com.newsblur.network.APIResponse: 	at okhttp3.internal.connection.Exchange.readResponseHeaders(Exchange.java:115)
08-05 21:22:34.311  5206 24563 E baseline.com.newsblur.network.APIResponse: 	at okhttp3.internal.http.CallServerInterceptor.intercept(CallServerInterceptor.java:94)
08-05 21:22:34.311  5206 24563 E baseline.com.newsblur.network.APIResponse: 	at okhttp3.internal.http.RealInterceptorChain.proceed(RealInterceptorChain.java:142)
08-05 21:22:34.311  5206 24563 E baseline.com.newsblur.network.APIResponse: 	at okhttp3.internal.connection.ConnectInterceptor.intercept(ConnectInterceptor.java:43)
08-05 21:22:34.311  5206 24563 E baseline.com.newsblur.network.APIResponse: 	at okhttp3.internal.http.RealInterceptorChain.proceed(RealInterceptorChain.java:142)
08-05 21:22:34.311  5206 24563 E baseline.com.newsblur.network.APIResponse: 	at okhttp3.internal.http.RealInterceptorChain.proceed(RealInterceptorChain.java:117)
08-05 21:22:34.311  5206 24563 E baseline.com.newsblur.network.APIResponse: 	at okhttp3.internal.cache.CacheInterceptor.intercept(CacheInterceptor.java:94)
08-05 21:22:34.311  5206 24563 E baseline.com.newsblur.network.APIResponse: 	at okhttp3.internal.http.RealInterceptorChain.proceed(RealInterceptorChain.java:142)
08-05 21:22:34.311  5206 24563 E baseline.com.newsblur.network.APIResponse: 	at okhttp3.internal.http.RealInterceptorChain.proceed(RealInterceptorChain.java:117)
08-05 21:22:34.311  5206 24563 E baseline.com.newsblur.network.APIResponse: 	at okhttp3.internal.http.BridgeInterceptor.intercept(BridgeInterceptor.java:93)
08-05 21:22:34.311  5206 24563 E baseline.com.newsblur.network.APIResponse: 	at okhttp3.internal.http.RealInterceptorChain.proceed(RealInterceptorChain.java:142)
08-05 21:22:34.311  5206 24563 E baseline.com.newsblur.network.APIResponse: 	at okhttp3.internal.http.RetryAndFollowUpInterceptor.intercept(RetryAndFollowUpInterceptor.java:88)
08-05 21:22:34.311  5206 24563 E baseline.com.newsblur.network.APIResponse: 	at okhttp3.internal.http.RealInterceptorChain.proceed(RealInterceptorChain.java:142)
08-05 21:22:34.311  5206 24563 E baseline.com.newsblur.network.APIResponse: 	at okhttp3.internal.http.RealInterceptorChain.proceed(RealInterceptorChain.java:117)
08-05 21:22:34.311  5206 24563 E baseline.com.newsblur.network.APIResponse: 	at okhttp3.RealCall.getResponseWithInterceptorChain(RealCall.java:229)
08-05 21:22:34.311  5206 24563 E baseline.com.newsblur.network.APIResponse: 	at okhttp3.RealCall.execute(RealCall.java:81)
08-05 21:22:34.311  5206 24563 E baseline.com.newsblur.network.APIResponse: 	at baseline.com.newsblur.network.APIResponse.<init>(APIResponse.java:57)
08-05 21:22:34.311  5206 24563 E baseline.com.newsblur.network.APIResponse: 	at baseline.com.newsblur.network.APIResponse.<init>(APIResponse.java:43)
08-05 21:22:34.311  5206 24563 E baseline.com.newsblur.network.APIResponse: 	at baseline.com.newsblur.network.APIManager.post_single(APIManager.java:702)
08-05 21:22:34.311  5206 24563 E baseline.com.newsblur.network.APIResponse: 	at baseline.com.newsblur.network.APIManager.post(APIManager.java:675)
08-05 21:22:34.311  5206 24563 E baseline.com.newsblur.network.APIResponse: 	at baseline.com.newsblur.network.APIManager.post(APIManager.java:714)
08-05 21:22:34.311  5206 24563 E baseline.com.newsblur.network.APIResponse: 	at baseline.com.newsblur.network.APIManager.markStoryAsRead(APIManager.java:205)
08-05 21:22:34.311  5206 24563 E baseline.com.newsblur.network.APIResponse: 	at baseline.com.newsblur.util.ReadingAction.doRemote(ReadingAction.java:281)
08-05 21:22:34.311  5206 24563 E baseline.com.newsblur.network.APIResponse: 	at baseline.com.newsblur.service.NBSyncService.syncActions(NBSyncService.java:400)
08-05 21:22:34.311  5206 24563 E baseline.com.newsblur.network.APIResponse: 	at baseline.com.newsblur.service.NBSyncService.doSync(NBSyncService.java:298)
08-05 21:22:34.311  5206 24563 E baseline.com.newsblur.network.APIResponse: 	at baseline.com.newsblur.service.NBSyncService.access$100(NBSyncService.java:67)
08-05 21:22:34.311  5206 24563 E baseline.com.newsblur.network.APIResponse: 	at baseline.com.newsblur.service.NBSyncService$1.run(NBSyncService.java:188)
08-05 21:22:34.311  5206 24563 E baseline.com.newsblur.network.APIResponse: 	at java.util.concurrent.ThreadPoolExecutor.runWorker(ThreadPoolExecutor.java:1113)
08-05 21:22:34.311  5206 24563 E baseline.com.newsblur.network.APIResponse: 	at java.util.concurrent.ThreadPoolExecutor$Worker.run(ThreadPoolExecutor.java:588)
08-05 21:22:34.311  5206 24563 E baseline.com.newsblur.network.APIResponse: 	at java.lang.Thread.run(Thread.java:818)
08-05 21:22:34.311  5206 24563 E baseline.com.newsblur.network.APIResponse: Caused by: java.io.EOFException: \n not found: limit=0 content=
08-05 21:22:34.311  5206 24563 E baseline.com.newsblur.network.APIResponse: 	at okio.RealBufferedSource.readUtf8LineStrict(RealBufferedSource.java:240)
08-05 21:22:34.311  5206 24563 E baseline.com.newsblur.network.APIResponse: 	at okhttp3.internal.http1.Http1ExchangeCodec.readHeaderLine(Http1ExchangeCodec.java:242)
08-05 21:22:34.311  5206 24563 E baseline.com.newsblur.network.APIResponse: 	at okhttp3.internal.http1.Http1ExchangeCodec.readResponseHeaders(Http1ExchangeCodec.java:213)
08-05 21:22:34.311  5206 24563 E baseline.com.newsblur.network.APIResponse: 	... 30 more
08-05 21:22:34.312  5206 24563 I baseline.com.newsblur.network.APIManager: API call failed, pausing before retry number 2
08-05 21:22:34.320  5206 23687 I art     : Starting a blocking GC Explicit
08-05 21:22:34.360  5206 23687 I art     : Explicit concurrent mark sweep GC freed 888(210KB) AllocSpace objects, 2(40KB) LOS objects, 29% free, 37MB/53MB, paused 1.250ms total 39.868ms
08-05 21:22:34.373  5206 23687 I art     : Starting a blocking GC Explicit
08-05 21:22:34.414  5206 23687 I art     : Explicit concurrent mark sweep GC freed 47(1792B) AllocSpace objects, 0(0B) LOS objects, 29% free, 37MB/53MB, paused 1.150ms total 40.963ms
08-05 21:22:34.428  5206 23687 I art     : Starting a blocking GC Explicit
08-05 21:22:34.469  5206 23687 I art     : Explicit concurrent mark sweep GC freed 3(96B) AllocSpace objects, 0(0B) LOS objects, 29% free, 37MB/53MB, paused 1.259ms total 40.825ms
08-05 21:22:34.482  5206 23687 I art     : Starting a blocking GC Explicit
08-05 21:22:34.523  5206 23687 I art     : Explicit concurrent mark sweep GC freed 3(96B) AllocSpace objects, 0(0B) LOS objects, 29% free, 37MB/53MB, paused 1.170ms total 40.692ms
08-05 21:22:34.654 13866 13882 I PeriodicStatsRunner: PeriodicStatsRunner.call():175 call()
08-05 21:22:34.655 13866 13882 I PeriodicStatsRunner: PeriodicStatsRunner.call():179 No submit PeriodicStats since input started.
08-05 21:22:34.884  5206  5219 I art     : Starting a blocking GC Explicit
08-05 21:22:34.929  5206  5219 I art     : Explicit concurrent mark sweep GC freed 1440(83KB) AllocSpace objects, 1(20KB) LOS objects, 29% free, 37MB/53MB, paused 1.164ms total 44.427ms
08-05 21:22:34.942  5206  5219 I art     : Starting a blocking GC Explicit
08-05 21:22:34.984  5206  5219 I art     : Explicit concurrent mark sweep GC freed 22(784B) AllocSpace objects, 0(0B) LOS objects, 29% free, 37MB/53MB, paused 1.191ms total 41.467ms
08-05 21:22:34.997  5206  5219 I art     : Starting a blocking GC Explicit
08-05 21:22:35.039  5206  5219 I art     : Explicit concurrent mark sweep GC freed 3(96B) AllocSpace objects, 0(0B) LOS objects, 29% free, 37MB/53MB, paused 1.350ms total 41.455ms
08-05 21:22:35.039  5206  5218 I art     : WaitForGcToComplete blocked for 39.434ms for cause HeapTrim
08-05 21:22:35.052  5206  5219 I art     : Starting a blocking GC Explicit
08-05 21:22:35.094  5206  5219 I art     : Explicit concurrent mark sweep GC freed 3(96B) AllocSpace objects, 0(0B) LOS objects, 29% free, 37MB/53MB, paused 1.200ms total 41.772ms
08-05 21:22:35.107  5206  5219 I art     : Starting a blocking GC Explicit
08-05 21:22:35.148  5206  5219 I art     : Explicit concurrent mark sweep GC freed 3(96B) AllocSpace objects, 0(0B) LOS objects, 29% free, 37MB/53MB, paused 1.180ms total 40.744ms
08-05 21:22:35.521  5206  5220 I art     : Starting a blocking GC Explicit
08-05 21:22:35.566  5206  5220 I art     : Explicit concurrent mark sweep GC freed 1440(83KB) AllocSpace objects, 1(20KB) LOS objects, 29% free, 37MB/53MB, paused 1.265ms total 43.788ms
08-05 21:22:35.579  5206  5220 I art     : Starting a blocking GC Explicit
08-05 21:22:35.617  5206  5220 I art     : Explicit concurrent mark sweep GC freed 22(784B) AllocSpace objects, 0(0B) LOS objects, 29% free, 37MB/53MB, paused 1.241ms total 38.245ms
08-05 21:22:35.630  5206  5220 I art     : Starting a blocking GC Explicit
08-05 21:22:35.669  5206  5220 I art     : Explicit concurrent mark sweep GC freed 3(96B) AllocSpace objects, 0(0B) LOS objects, 29% free, 37MB/53MB, paused 1.314ms total 38.612ms
08-05 21:22:35.681  5206  5220 I art     : Starting a blocking GC Explicit
08-05 21:22:35.721  5206  5220 I art     : Explicit concurrent mark sweep GC freed 3(96B) AllocSpace objects, 0(0B) LOS objects, 29% free, 37MB/53MB, paused 1.359ms total 39.678ms
08-05 21:22:35.734  5206  5220 I art     : Starting a blocking GC Explicit
08-05 21:22:35.775  5206  5220 I art     : Explicit concurrent mark sweep GC freed 3(96B) AllocSpace objects, 0(0B) LOS objects, 29% free, 37MB/53MB, paused 1.224ms total 40.681ms
08-05 21:22:36.066 24648 24648 D AndroidRuntime: >>>>>> START com.android.internal.os.RuntimeInit uid 2000 <<<<<<
08-05 21:22:36.073 24648 24648 D AndroidRuntime: CheckJNI is OFF
08-05 21:22:36.114 24648 24648 D ICU     : No timezone override file found: /data/misc/zoneinfo/current/icu/icu_tzdata.dat
08-05 21:22:36.126  5206 24515 I art     : Starting a blocking GC Explicit
08-05 21:22:36.156 24648 24648 I Radio-JNI: register_android_hardware_Radio DONE
08-05 21:22:36.168  5206 24515 I art     : Explicit concurrent mark sweep GC freed 1439(82KB) AllocSpace objects, 1(20KB) LOS objects, 29% free, 37MB/53MB, paused 1.387ms total 42.415ms
08-05 21:22:36.182  5206 24515 I art     : Starting a blocking GC Explicit
08-05 21:22:36.185 24648 24648 D AndroidRuntime: Calling main entry com.android.commands.input.Input
08-05 21:22:36.187 24648 24648 I Input   : injectKeyEvent: KeyEvent { action=ACTION_DOWN, keyCode=KEYCODE_BACK, scanCode=0, metaState=0, flags=0x0, repeatCount=0, eventTime=825772600, downTime=825772600, deviceId=-1, source=0x101 }
08-05 21:22:36.193 24648 24648 I Input   : injectKeyEvent: KeyEvent { action=ACTION_UP, keyCode=KEYCODE_BACK, scanCode=0, metaState=0, flags=0x0, repeatCount=0, eventTime=825772600, downTime=825772600, deviceId=-1, source=0x101 }
08-05 21:22:36.199 24648 24648 D AndroidRuntime: Shutting down VM
08-05 21:22:36.220  5206 24515 I art     : Explicit concurrent mark sweep GC freed 235(39KB) AllocSpace objects, 2(40KB) LOS objects, 29% free, 37MB/53MB, paused 1.409ms total 37.947ms
08-05 21:22:36.231  5206 24515 I art     : Starting a blocking GC Explicit
08-05 21:22:36.269  5206 24515 I art     : Explicit concurrent mark sweep GC freed 46(1696B) AllocSpace objects, 0(0B) LOS objects, 29% free, 37MB/53MB, paused 1.340ms total 37.707ms
08-05 21:22:36.282  5206 24515 I art     : Starting a blocking GC Explicit
08-05 21:22:36.324  5206 24515 I art     : Explicit concurrent mark sweep GC freed 465(38KB) AllocSpace objects, 1(20KB) LOS objects, 29% free, 37MB/53MB, paused 1.883ms total 41.532ms
08-05 21:22:36.336  5206 24515 I art     : Starting a blocking GC Explicit
08-05 21:22:36.356 13866 13866 I GoogleInputMethodServic: GoogleInputMethodService.onFinishInput():3138 
08-05 21:22:36.357 13866 13866 I GoogleInputMethodServic: GoogleInputMethodService.onStartInput():1808 
08-05 21:22:36.375  5206 24515 I art     : Explicit concurrent mark sweep GC freed 692(63KB) AllocSpace objects, 1(20KB) LOS objects, 29% free, 37MB/53MB, paused 1.355ms total 38.770ms
08-05 21:22:36.511 13866 13882 I PeriodicStatsRunner: PeriodicStatsRunner.call():175 call()
08-05 21:22:36.512 13866 13882 I PeriodicStatsRunner: PeriodicStatsRunner.call():179 No submit PeriodicStats since input started.
08-05 21:22:36.713  5206 23687 I art     : Starting a blocking GC Explicit
08-05 21:22:36.754  5206 23687 I art     : Explicit concurrent mark sweep GC freed 3886(220KB) AllocSpace objects, 3(68KB) LOS objects, 29% free, 37MB/53MB, paused 1.247ms total 40.141ms
08-05 21:22:36.766  5206 23687 I art     : Starting a blocking GC Explicit
08-05 21:22:36.807  5206 23687 I art     : Explicit concurrent mark sweep GC freed 161(7KB) AllocSpace objects, 0(0B) LOS objects, 29% free, 37MB/53MB, paused 1.356ms total 41.148ms
08-05 21:22:36.820  5206 23687 I art     : Starting a blocking GC Explicit
08-05 21:22:36.864  5206 23687 I art     : Explicit concurrent mark sweep GC freed 11(352B) AllocSpace objects, 0(0B) LOS objects, 29% free, 37MB/53MB, paused 1.209ms total 43.797ms
08-05 21:22:36.879  5206 23687 I art     : Starting a blocking GC Explicit
08-05 21:22:36.922  5206 23687 I art     : Explicit concurrent mark sweep GC freed 9(288B) AllocSpace objects, 0(0B) LOS objects, 29% free, 37MB/53MB, paused 1.281ms total 43.105ms
08-05 21:22:36.936  5206 23687 I art     : Starting a blocking GC Explicit
08-05 21:22:36.980  5206 23687 I art     : Explicit concurrent mark sweep GC freed 11(352B) AllocSpace objects, 0(0B) LOS objects, 29% free, 37MB/53MB, paused 1.250ms total 43.839ms
08-05 21:22:37.344  5206 23889 I art     : Starting a blocking GC Explicit
08-05 21:22:37.384  5206 23889 I art     : Explicit concurrent mark sweep GC freed 1577(87KB) AllocSpace objects, 1(20KB) LOS objects, 29% free, 37MB/53MB, paused 1.250ms total 39.721ms
08-05 21:22:37.396  5206 23889 I art     : Starting a blocking GC Explicit
08-05 21:22:37.432  5206 23889 I art     : Explicit concurrent mark sweep GC freed 46(1792B) AllocSpace objects, 0(0B) LOS objects, 29% free, 37MB/53MB, paused 1.241ms total 35.910ms
08-05 21:22:37.444  5206 23889 I art     : Starting a blocking GC Explicit
08-05 21:22:37.481  5206 23889 I art     : Explicit concurrent mark sweep GC freed 70(4KB) AllocSpace objects, 0(0B) LOS objects, 29% free, 37MB/53MB, paused 1.346ms total 36.679ms
08-05 21:22:37.493  5206 23889 I art     : Starting a blocking GC Explicit
08-05 21:22:37.530  5206 23889 I art     : Explicit concurrent mark sweep GC freed 10(320B) AllocSpace objects, 0(0B) LOS objects, 29% free, 37MB/53MB, paused 1.301ms total 37.149ms
08-05 21:22:37.542  5206 23889 I art     : Starting a blocking GC Explicit
08-05 21:22:37.581  5206 23889 I art     : Explicit concurrent mark sweep GC freed 9(288B) AllocSpace objects, 0(0B) LOS objects, 29% free, 37MB/53MB, paused 1.389ms total 38.711ms
08-05 21:22:37.883  5206 24563 E baseline.com.newsblur.network.APIResponse: Error (unexpected end of stream on https://www.newsblur.com/...) calling https://www.newsblur.com/reader/mark_story_hashes_as_read/
08-05 21:22:37.883  5206 24563 E baseline.com.newsblur.network.APIResponse: java.io.IOException: unexpected end of stream on https://www.newsblur.com/...
08-05 21:22:37.883  5206 24563 E baseline.com.newsblur.network.APIResponse: 	at okhttp3.internal.http1.Http1ExchangeCodec.readResponseHeaders(Http1ExchangeCodec.java:236)
08-05 21:22:37.883  5206 24563 E baseline.com.newsblur.network.APIResponse: 	at okhttp3.internal.connection.Exchange.readResponseHeaders(Exchange.java:115)
08-05 21:22:37.883  5206 24563 E baseline.com.newsblur.network.APIResponse: 	at okhttp3.internal.http.CallServerInterceptor.intercept(CallServerInterceptor.java:94)
08-05 21:22:37.883  5206 24563 E baseline.com.newsblur.network.APIResponse: 	at okhttp3.internal.http.RealInterceptorChain.proceed(RealInterceptorChain.java:142)
08-05 21:22:37.883  5206 24563 E baseline.com.newsblur.network.APIResponse: 	at okhttp3.internal.connection.ConnectInterceptor.intercept(ConnectInterceptor.java:43)
08-05 21:22:37.883  5206 24563 E baseline.com.newsblur.network.APIResponse: 	at okhttp3.internal.http.RealInterceptorChain.proceed(RealInterceptorChain.java:142)
08-05 21:22:37.883  5206 24563 E baseline.com.newsblur.network.APIResponse: 	at okhttp3.internal.http.RealInterceptorChain.proceed(RealInterceptorChain.java:117)
08-05 21:22:37.883  5206 24563 E baseline.com.newsblur.network.APIResponse: 	at okhttp3.internal.cache.CacheInterceptor.intercept(CacheInterceptor.java:94)
08-05 21:22:37.883  5206 24563 E baseline.com.newsblur.network.APIResponse: 	at okhttp3.internal.http.RealInterceptorChain.proceed(RealInterceptorChain.java:142)
08-05 21:22:37.883  5206 24563 E baseline.com.newsblur.network.APIResponse: 	at okhttp3.internal.http.RealInterceptorChain.proceed(RealInterceptorChain.java:117)
08-05 21:22:37.883  5206 24563 E baseline.com.newsblur.network.APIResponse: 	at okhttp3.internal.http.BridgeInterceptor.intercept(BridgeInterceptor.java:93)
08-05 21:22:37.883  5206 24563 E baseline.com.newsblur.network.APIResponse: 	at okhttp3.internal.http.RealInterceptorChain.proceed(RealInterceptorChain.java:142)
08-05 21:22:37.883  5206 24563 E baseline.com.newsblur.network.APIResponse: 	at okhttp3.internal.http.RetryAndFollowUpInterceptor.intercept(RetryAndFollowUpInterceptor.java:88)
08-05 21:22:37.883  5206 24563 E baseline.com.newsblur.network.APIResponse: 	at okhttp3.internal.http.RealInterceptorChain.proceed(RealInterceptorChain.java:142)
08-05 21:22:37.883  5206 24563 E baseline.com.newsblur.network.APIResponse: 	at okhttp3.internal.http.RealInterceptorChain.proceed(RealInterceptorChain.java:117)
08-05 21:22:37.883  5206 24563 E baseline.com.newsblur.network.APIResponse: 	at okhttp3.RealCall.getResponseWithInterceptorChain(RealCall.java:229)
08-05 21:22:37.883  5206 24563 E baseline.com.newsblur.network.APIResponse: 	at okhttp3.RealCall.execute(RealCall.java:81)
08-05 21:22:37.883  5206 24563 E baseline.com.newsblur.network.APIResponse: 	at baseline.com.newsblur.network.APIResponse.<init>(APIResponse.java:57)
08-05 21:22:37.883  5206 24563 E baseline.com.newsblur.network.APIResponse: 	at baseline.com.newsblur.network.APIResponse.<init>(APIResponse.java:43)
08-05 21:22:37.883  5206 24563 E baseline.com.newsblur.network.APIResponse: 	at baseline.com.newsblur.network.APIManager.post_single(APIManager.java:702)
08-05 21:22:37.883  5206 24563 E baseline.com.newsblur.network.APIResponse: 	at baseline.com.newsblur.network.APIManager.post(APIManager.java:675)
08-05 21:22:37.883  5206 24563 E baseline.com.newsblur.network.APIResponse: 	at baseline.com.newsblur.network.APIManager.post(APIManager.java:714)
08-05 21:22:37.883  5206 24563 E baseline.com.newsblur.network.APIResponse: 	at baseline.com.newsblur.network.APIManager.markStoryAsRead(APIManager.java:205)
08-05 21:22:37.883  5206 24563 E baseline.com.newsblur.network.APIResponse: 	at baseline.com.newsblur.util.ReadingAction.doRemote(ReadingAction.java:281)
08-05 21:22:37.883  5206 24563 E baseline.com.newsblur.network.APIResponse: 	at baseline.com.newsblur.service.NBSyncService.syncActions(NBSyncService.java:400)
08-05 21:22:37.883  5206 24563 E baseline.com.newsblur.network.APIResponse: 	at baseline.com.newsblur.service.NBSyncService.doSync(NBSyncService.java:298)
08-05 21:22:37.883  5206 24563 E baseline.com.newsblur.network.APIResponse: 	at baseline.com.newsblur.service.NBSyncService.access$100(NBSyncService.java:67)
08-05 21:22:37.883  5206 24563 E baseline.com.newsblur.network.APIResponse: 	at baseline.com.newsblur.service.NBSyncService$1.run(NBSyncService.java:188)
08-05 21:22:37.883  5206 24563 E baseline.com.newsblur.network.APIResponse: 	at java.util.concurrent.ThreadPoolExecutor.runWorker(ThreadPoolExecutor.java:1113)
08-05 21:22:37.883  5206 24563 E baseline.com.newsblur.network.APIResponse: 	at java.util.concurrent.ThreadPoolExecutor$Worker.run(ThreadPoolExecutor.java:588)
08-05 21:22:37.883  5206 24563 E baseline.com.newsblur.network.APIResponse: 	at java.lang.Thread.run(Thread.java:818)
08-05 21:22:37.883  5206 24563 E baseline.com.newsblur.network.APIResponse: Caused by: java.io.EOFException: \n not found: limit=0 content=
08-05 21:22:37.883  5206 24563 E baseline.com.newsblur.network.APIResponse: 	at okio.RealBufferedSource.readUtf8LineStrict(RealBufferedSource.java:240)
08-05 21:22:37.883  5206 24563 E baseline.com.newsblur.network.APIResponse: 	at okhttp3.internal.http1.Http1ExchangeCodec.readHeaderLine(Http1ExchangeCodec.java:242)
08-05 21:22:37.883  5206 24563 E baseline.com.newsblur.network.APIResponse: 	at okhttp3.internal.http1.Http1ExchangeCodec.readResponseHeaders(Http1ExchangeCodec.java:213)
08-05 21:22:37.883  5206 24563 E baseline.com.newsblur.network.APIResponse: 	... 30 more
08-05 21:22:37.884  5206 24563 I baseline.com.newsblur.service.NBSyncService: Holding reading action with server-side or network error.
08-05 21:22:37.891  5206 24563 W baseline.com.newsblur.service.NBSyncService: hard API failure
08-05 21:22:37.922  5206 24515 I art     : Starting a blocking GC Explicit
08-05 21:22:37.964 24693 24693 D AndroidRuntime: >>>>>> START com.android.internal.os.RuntimeInit uid 2000 <<<<<<
08-05 21:22:37.968  5206 24515 I art     : Explicit concurrent mark sweep GC freed 4370(407KB) AllocSpace objects, 5(100KB) LOS objects, 29% free, 37MB/53MB, paused 1.536ms total 45.784ms
08-05 21:22:37.970 24693 24693 D AndroidRuntime: CheckJNI is OFF
08-05 21:22:37.981  5206 24515 I art     : Starting a blocking GC Explicit
08-05 21:22:38.017 24693 24693 D ICU     : No timezone override file found: /data/misc/zoneinfo/current/icu/icu_tzdata.dat
08-05 21:22:38.025  5206 24515 I art     : Explicit concurrent mark sweep GC freed 143(5KB) AllocSpace objects, 0(0B) LOS objects, 29% free, 37MB/53MB, paused 1.418ms total 43.691ms
08-05 21:22:38.038  5206 24515 I art     : Starting a blocking GC Explicit
08-05 21:22:38.061 24693 24693 I Radio-JNI: register_android_hardware_Radio DONE
08-05 21:22:38.079  5206 24515 I art     : Explicit concurrent mark sweep GC freed 3(96B) AllocSpace objects, 0(0B) LOS objects, 29% free, 37MB/53MB, paused 1.476ms total 41.636ms
08-05 21:22:38.092 24693 24693 D AndroidRuntime: Calling main entry com.android.commands.input.Input
08-05 21:22:38.092  5206 24515 I art     : Starting a blocking GC Explicit
08-05 21:22:38.093 24693 24693 I Input   : injectKeyEvent: KeyEvent { action=ACTION_DOWN, keyCode=KEYCODE_BACK, scanCode=0, metaState=0, flags=0x0, repeatCount=0, eventTime=825774506, downTime=825774506, deviceId=-1, source=0x101 }
08-05 21:22:38.099 24693 24693 I Input   : injectKeyEvent: KeyEvent { action=ACTION_UP, keyCode=KEYCODE_BACK, scanCode=0, metaState=0, flags=0x0, repeatCount=0, eventTime=825774506, downTime=825774506, deviceId=-1, source=0x101 }
08-05 21:22:38.106 24693 24693 D AndroidRuntime: Shutting down VM
08-05 21:22:38.133  5206 24515 I art     : Explicit concurrent mark sweep GC freed 316(52KB) AllocSpace objects, 4(80KB) LOS objects, 29% free, 37MB/53MB, paused 1.320ms total 40.243ms
08-05 21:22:38.145  5206 24515 I art     : Starting a blocking GC Explicit
08-05 21:22:38.186  5206 24515 I art     : Explicit concurrent mark sweep GC freed 58(14KB) AllocSpace objects, 0(0B) LOS objects, 29% free, 37MB/53MB, paused 1.375ms total 40.528ms
08-05 21:22:38.290 13866 13866 I GoogleInputMethodServic: GoogleInputMethodService.onFinishInput():3138 
08-05 21:22:38.290 13866 13866 I GoogleInputMethodServic: GoogleInputMethodService.onStartInput():1808 
08-05 21:22:38.300  5206 24563 E baseline.com.newsblur.network.APIResponse: Error (unexpected end of stream on https://www.newsblur.com/...) calling https://www.newsblur.com/reader/mark_story_hashes_as_read/
08-05 21:22:38.300  5206 24563 E baseline.com.newsblur.network.APIResponse: java.io.IOException: unexpected end of stream on https://www.newsblur.com/...
08-05 21:22:38.300  5206 24563 E baseline.com.newsblur.network.APIResponse: 	at okhttp3.internal.http1.Http1ExchangeCodec.readResponseHeaders(Http1ExchangeCodec.java:236)
08-05 21:22:38.300  5206 24563 E baseline.com.newsblur.network.APIResponse: 	at okhttp3.internal.connection.Exchange.readResponseHeaders(Exchange.java:115)
08-05 21:22:38.300  5206 24563 E baseline.com.newsblur.network.APIResponse: 	at okhttp3.internal.http.CallServerInterceptor.intercept(CallServerInterceptor.java:94)
08-05 21:22:38.300  5206 24563 E baseline.com.newsblur.network.APIResponse: 	at okhttp3.internal.http.RealInterceptorChain.proceed(RealInterceptorChain.java:142)
08-05 21:22:38.300  5206 24563 E baseline.com.newsblur.network.APIResponse: 	at okhttp3.internal.connection.ConnectInterceptor.intercept(ConnectInterceptor.java:43)
08-05 21:22:38.300  5206 24563 E baseline.com.newsblur.network.APIResponse: 	at okhttp3.internal.http.RealInterceptorChain.proceed(RealInterceptorChain.java:142)
08-05 21:22:38.300  5206 24563 E baseline.com.newsblur.network.APIResponse: 	at okhttp3.internal.http.RealInterceptorChain.proceed(RealInterceptorChain.java:117)
08-05 21:22:38.300  5206 24563 E baseline.com.newsblur.network.APIResponse: 	at okhttp3.internal.cache.CacheInterceptor.intercept(CacheInterceptor.java:94)
08-05 21:22:38.300  5206 24563 E baseline.com.newsblur.network.APIResponse: 	at okhttp3.internal.http.RealInterceptorChain.proceed(RealInterceptorChain.java:142)
08-05 21:22:38.300  5206 24563 E baseline.com.newsblur.network.APIResponse: 	at okhttp3.internal.http.RealInterceptorChain.proceed(RealInterceptorChain.java:117)
08-05 21:22:38.300  5206 24563 E baseline.com.newsblur.network.APIResponse: 	at okhttp3.internal.http.BridgeInterceptor.intercept(BridgeInterceptor.java:93)
08-05 21:22:38.300  5206 24563 E baseline.com.newsblur.network.APIResponse: 	at okhttp3.internal.http.RealInterceptorChain.proceed(RealInterceptorChain.java:142)
08-05 21:22:38.300  5206 24563 E baseline.com.newsblur.network.APIResponse: 	at okhttp3.internal.http.RetryAndFollowUpInterceptor.intercept(RetryAndFollowUpInterceptor.java:88)
08-05 21:22:38.300  5206 24563 E baseline.com.newsblur.network.APIResponse: 	at okhttp3.internal.http.RealInterceptorChain.proceed(RealInterceptorChain.java:142)
08-05 21:22:38.300  5206 24563 E baseline.com.newsblur.network.APIResponse: 	at okhttp3.internal.http.RealInterceptorChain.proceed(RealInterceptorChain.java:117)
08-05 21:22:38.300  5206 24563 E baseline.com.newsblur.network.APIResponse: 	at okhttp3.RealCall.getResponseWithInterceptorChain(RealCall.java:229)
08-05 21:22:38.300  5206 24563 E baseline.com.newsblur.network.APIResponse: 	at okhttp3.RealCall.execute(RealCall.java:81)
08-05 21:22:38.300  5206 24563 E baseline.com.newsblur.network.APIResponse: 	at baseline.com.newsblur.network.APIResponse.<init>(APIResponse.java:57)
08-05 21:22:38.300  5206 24563 E baseline.com.newsblur.network.APIResponse: 	at baseline.com.newsblur.network.APIResponse.<init>(APIResponse.java:43)
08-05 21:22:38.300  5206 24563 E baseline.com.newsblur.network.APIResponse: 	at baseline.com.newsblur.network.APIManager.post_single(APIManager.java:702)
08-05 21:22:38.300  5206 24563 E baseline.com.newsblur.network.APIResponse: 	at baseline.com.newsblur.network.APIManager.post(APIManager.java:675)
08-05 21:22:38.300  5206 24563 E baseline.com.newsblur.network.APIResponse: 	at baseline.com.newsblur.network.APIManager.post(APIManager.java:714)
08-05 21:22:38.300  5206 24563 E baseline.com.newsblur.network.APIResponse: 	at baseline.com.newsblur.network.APIManager.markStoryAsRead(APIManager.java:205)
08-05 21:22:38.300  5206 24563 E baseline.com.newsblur.network.APIResponse: 	at baseline.com.newsblur.util.ReadingAction.doRemote(ReadingAction.java:281)
08-05 21:22:38.300  5206 24563 E baseline.com.newsblur.network.APIResponse: 	at baseline.com.newsblur.service.NBSyncService.syncActions(NBSyncService.java:400)
08-05 21:22:38.300  5206 24563 E baseline.com.newsblur.network.APIResponse: 	at baseline.com.newsblur.service.NBSyncService.doSync(NBSyncService.java:298)
08-05 21:22:38.300  5206 24563 E baseline.com.newsblur.network.APIResponse: 	at baseline.com.newsblur.service.NBSyncService.access$100(NBSyncService.java:67)
08-05 21:22:38.300  5206 24563 E baseline.com.newsblur.network.APIResponse: 	at baseline.com.newsblur.service.NBSyncService$1.run(NBSyncService.java:188)
08-05 21:22:38.300  5206 24563 E baseline.com.newsblur.network.APIResponse: 	at java.util.concurrent.ThreadPoolExecutor.runWorker(ThreadPoolExecutor.java:1113)
08-05 21:22:38.300  5206 24563 E baseline.com.newsblur.network.APIResponse: 	at java.util.concurrent.ThreadPoolExecutor$Worker.run(ThreadPoolExecutor.java:588)
08-05 21:22:38.300  5206 24563 E baseline.com.newsblur.network.APIResponse: 	at java.lang.Thread.run(Thread.java:818)
08-05 21:22:38.300  5206 24563 E baseline.com.newsblur.network.APIResponse: Caused by: java.io.EOFException: \n not found: limit=0 content=
08-05 21:22:38.300  5206 24563 E baseline.com.newsblur.network.APIResponse: 	at okio.RealBufferedSource.readUtf8LineStrict(RealBufferedSource.java:240)
08-05 21:22:38.300  5206 24563 E baseline.com.newsblur.network.APIResponse: 	at okhttp3.internal.http1.Http1ExchangeCodec.readHeaderLine(Http1ExchangeCodec.java:242)
08-05 21:22:38.300  5206 24563 E baseline.com.newsblur.network.APIResponse: 	at okhttp3.internal.http1.Http1ExchangeCodec.readResponseHeaders(Http1ExchangeCodec.java:213)
08-05 21:22:38.300  5206 24563 E baseline.com.newsblur.network.APIResponse: 	... 30 more
08-05 21:22:38.300  5206 24563 I baseline.com.newsblur.network.APIManager: API call failed, pausing before retry number 1
08-05 21:22:38.514  5206  5219 I art     : Starting a blocking GC Explicit
08-05 21:22:38.559  5206  5219 I art     : Explicit concurrent mark sweep GC freed 11800(868KB) AllocSpace objects, 11(220KB) LOS objects, 29% free, 37MB/53MB, paused 1.241ms total 45.189ms
08-05 21:22:38.574  5206  5219 I art     : Starting a blocking GC Explicit
08-05 21:22:38.621  5206  5219 I art     : Explicit concurrent mark sweep GC freed 294(11KB) AllocSpace objects, 0(0B) LOS objects, 29% free, 37MB/53MB, paused 1.380ms total 46.445ms
08-05 21:22:38.633  5206  5219 I art     : Starting a blocking GC Explicit
08-05 21:22:38.675  5206  5219 I art     : Explicit concurrent mark sweep GC freed 414(18KB) AllocSpace objects, 0(0B) LOS objects, 29% free, 37MB/53MB, paused 1.259ms total 40.974ms
08-05 21:22:38.687  5206  5219 I art     : Starting a blocking GC Explicit
08-05 21:22:38.725  5206  5219 I art     : Explicit concurrent mark sweep GC freed 45(1856B) AllocSpace objects, 0(0B) LOS objects, 29% free, 37MB/53MB, paused 1.249ms total 37.945ms
08-05 21:22:38.737  5206  5219 I art     : Starting a blocking GC Explicit
08-05 21:22:38.778  5206  5219 I art     : Explicit concurrent mark sweep GC freed 146(6KB) AllocSpace objects, 0(0B) LOS objects, 29% free, 37MB/53MB, paused 1.415ms total 40.534ms
08-05 21:22:39.141  5206  5220 I art     : Starting a blocking GC Explicit
08-05 21:22:39.186  5206  5220 I art     : Explicit concurrent mark sweep GC freed 1487(84KB) AllocSpace objects, 1(20KB) LOS objects, 29% free, 37MB/53MB, paused 1.267ms total 44.512ms
08-05 21:22:39.199  5206  5220 I art     : Starting a blocking GC Explicit
08-05 21:22:39.237  5206  5220 I art     : Explicit concurrent mark sweep GC freed 28(976B) AllocSpace objects, 0(0B) LOS objects, 29% free, 37MB/53MB, paused 1.341ms total 38.169ms
08-05 21:22:39.249  5206  5220 I art     : Starting a blocking GC Explicit
08-05 21:22:39.291  5206  5220 I art     : Explicit concurrent mark sweep GC freed 9(288B) AllocSpace objects, 0(0B) LOS objects, 29% free, 37MB/53MB, paused 1.204ms total 41.844ms
08-05 21:22:39.304  5206  5220 I art     : Starting a blocking GC Explicit
08-05 21:22:39.346  5206  5220 I art     : Explicit concurrent mark sweep GC freed 9(288B) AllocSpace objects, 0(0B) LOS objects, 29% free, 37MB/53MB, paused 1.208ms total 41.513ms
08-05 21:22:39.359  5206  5220 I art     : Starting a blocking GC Explicit
08-05 21:22:39.399  5206  5220 I art     : Explicit concurrent mark sweep GC freed 11(352B) AllocSpace objects, 0(0B) LOS objects, 29% free, 37MB/53MB, paused 1.229ms total 39.295ms
08-05 21:22:39.737  5206  5219 I art     : Starting a blocking GC Explicit
08-05 21:22:39.780  5206  5219 I art     : Explicit concurrent mark sweep GC freed 1474(83KB) AllocSpace objects, 1(20KB) LOS objects, 29% free, 37MB/53MB, paused 1.305ms total 42.217ms
08-05 21:22:39.793  5206  5219 I art     : Starting a blocking GC Explicit
08-05 21:22:39.834  5206  5219 I art     : Explicit concurrent mark sweep GC freed 113(4KB) AllocSpace objects, 0(0B) LOS objects, 29% free, 37MB/53MB, paused 1.377ms total 40.959ms
08-05 21:22:39.846  5206  5219 I art     : Starting a blocking GC Explicit
08-05 21:22:39.886 24737 24737 D AndroidRuntime: >>>>>> START com.android.internal.os.RuntimeInit uid 2000 <<<<<<
08-05 21:22:39.889  5206  5219 I art     : Explicit concurrent mark sweep GC freed 21(912B) AllocSpace objects, 0(0B) LOS objects, 29% free, 37MB/53MB, paused 1.553ms total 42.860ms
08-05 21:22:39.892 24737 24737 D AndroidRuntime: CheckJNI is OFF
08-05 21:22:39.902  5206  5219 I art     : Starting a blocking GC Explicit
08-05 21:22:39.937 24737 24737 D ICU     : No timezone override file found: /data/misc/zoneinfo/current/icu/icu_tzdata.dat
08-05 21:22:39.945  5206  5219 I art     : Explicit concurrent mark sweep GC freed 65(4KB) AllocSpace objects, 0(0B) LOS objects, 29% free, 37MB/53MB, paused 1.393ms total 42.916ms
08-05 21:22:39.958  5206  5219 I art     : Starting a blocking GC Explicit
08-05 21:22:39.984 24737 24737 I Radio-JNI: register_android_hardware_Radio DONE
08-05 21:22:40.001  5206  5219 I art     : Explicit concurrent mark sweep GC freed 3(96B) AllocSpace objects, 0(0B) LOS objects, 29% free, 37MB/53MB, paused 1.443ms total 43.351ms
08-05 21:22:40.014 24737 24737 D AndroidRuntime: Calling main entry com.android.commands.input.Input
08-05 21:22:40.017 24737 24737 I Input   : injectMotionEvent: MotionEvent { action=ACTION_DOWN, actionButton=0, id[0]=0, x[0]=594.0, y[0]=330.0, toolType[0]=TOOL_TYPE_UNKNOWN, buttonState=0, metaState=0, flags=0x0, edgeFlags=0x0, pointerCount=1, historySize=0, eventTime=825776429, downTime=825776429, deviceId=0, source=0x1002 }
08-05 21:22:40.025 24737 24737 I Input   : injectMotionEvent: MotionEvent { action=ACTION_UP, actionButton=0, id[0]=0, x[0]=594.0, y[0]=330.0, toolType[0]=TOOL_TYPE_UNKNOWN, buttonState=0, metaState=0, flags=0x0, edgeFlags=0x0, pointerCount=1, historySize=0, eventTime=825776429, downTime=825776429, deviceId=0, source=0x1002 }
08-05 21:22:40.026 24737 24737 D AndroidRuntime: Shutting down VM
08-05 21:22:40.093   918  5132 I ActivityManager: START u0 {cmp=baseline.com.newsblur/.activity.GlobalSharedStoriesItemsList (has extras)} from uid 10676 on display 0
08-05 21:22:40.116  5206 23879 I baseline.com.newsblur.database.BlurDatabaseHelper: reading session reset
08-05 21:22:40.307  5206  5206 W View    : requestLayout() improperly called by android.widget.FrameLayout{31fbf7d V.E...... ......ID 0,0-1440,18 #7f07003f app:id/footer_view_inner} during layout: running second layout pass
08-05 21:22:40.308  5206  5206 W View    : requestLayout() improperly called by android.widget.FrameLayout{88ace72 V.E...... ......ID 0,0-1440,2091 #7f07003f app:id/footer_view_inner} during layout: running second layout pass
08-05 21:22:40.327  5206 24515 I art     : Starting a blocking GC Explicit
08-05 21:22:40.332   918   936 I ActivityManager: Displayed baseline.com.newsblur/.activity.GlobalSharedStoriesItemsList: +230ms
08-05 21:22:40.332 13866 13866 I GoogleInputMethodServic: GoogleInputMethodService.onFinishInput():3138 
08-05 21:22:40.332 13866 13866 I GoogleInputMethodServic: GoogleInputMethodService.onStartInput():1808 
08-05 21:22:40.353  5206 24563 E baseline.com.newsblur.network.APIResponse: Error (unexpected end of stream on https://www.newsblur.com/...) calling https://www.newsblur.com/reader/mark_story_hashes_as_read/
08-05 21:22:40.353  5206 24563 E baseline.com.newsblur.network.APIResponse: java.io.IOException: unexpected end of stream on https://www.newsblur.com/...
08-05 21:22:40.353  5206 24563 E baseline.com.newsblur.network.APIResponse: 	at okhttp3.internal.http1.Http1ExchangeCodec.readResponseHeaders(Http1ExchangeCodec.java:236)
08-05 21:22:40.353  5206 24563 E baseline.com.newsblur.network.APIResponse: 	at okhttp3.internal.connection.Exchange.readResponseHeaders(Exchange.java:115)
08-05 21:22:40.353  5206 24563 E baseline.com.newsblur.network.APIResponse: 	at okhttp3.internal.http.CallServerInterceptor.intercept(CallServerInterceptor.java:94)
08-05 21:22:40.353  5206 24563 E baseline.com.newsblur.network.APIResponse: 	at okhttp3.internal.http.RealInterceptorChain.proceed(RealInterceptorChain.java:142)
08-05 21:22:40.353  5206 24563 E baseline.com.newsblur.network.APIResponse: 	at okhttp3.internal.connection.ConnectInterceptor.intercept(ConnectInterceptor.java:43)
08-05 21:22:40.353  5206 24563 E baseline.com.newsblur.network.APIResponse: 	at okhttp3.internal.http.RealInterceptorChain.proceed(RealInterceptorChain.java:142)
08-05 21:22:40.353  5206 24563 E baseline.com.newsblur.network.APIResponse: 	at okhttp3.internal.http.RealInterceptorChain.proceed(RealInterceptorChain.java:117)
08-05 21:22:40.353  5206 24563 E baseline.com.newsblur.network.APIResponse: 	at okhttp3.internal.cache.CacheInterceptor.intercept(CacheInterceptor.java:94)
08-05 21:22:40.353  5206 24563 E baseline.com.newsblur.network.APIResponse: 	at okhttp3.internal.http.RealInterceptorChain.proceed(RealInterceptorChain.java:142)
08-05 21:22:40.353  5206 24563 E baseline.com.newsblur.network.APIResponse: 	at okhttp3.internal.http.RealInterceptorChain.proceed(RealInterceptorChain.java:117)
08-05 21:22:40.353  5206 24563 E baseline.com.newsblur.network.APIResponse: 	at okhttp3.internal.http.BridgeInterceptor.intercept(BridgeInterceptor.java:93)
08-05 21:22:40.353  5206 24563 E baseline.com.newsblur.network.APIResponse: 	at okhttp3.internal.http.RealInterceptorChain.proceed(RealInterceptorChain.java:142)
08-05 21:22:40.353  5206 24563 E baseline.com.newsblur.network.APIResponse: 	at okhttp3.internal.http.RetryAndFollowUpInterceptor.intercept(RetryAndFollowUpInterceptor.java:88)
08-05 21:22:40.353  5206 24563 E baseline.com.newsblur.network.APIResponse: 	at okhttp3.internal.http.RealInterceptorChain.proceed(RealInterceptorChain.java:142)
08-05 21:22:40.353  5206 24563 E baseline.com.newsblur.network.APIResponse: 	at okhttp3.internal.http.RealInterceptorChain.proceed(RealInterceptorChain.java:117)
08-05 21:22:40.353  5206 24563 E baseline.com.newsblur.network.APIResponse: 	at okhttp3.RealCall.getResponseWithInterceptorChain(RealCall.java:229)
08-05 21:22:40.353  5206 24563 E baseline.com.newsblur.network.APIResponse: 	at okhttp3.RealCall.execute(RealCall.java:81)
08-05 21:22:40.353  5206 24563 E baseline.com.newsblur.network.APIResponse: 	at baseline.com.newsblur.network.APIResponse.<init>(APIResponse.java:57)
08-05 21:22:40.353  5206 24563 E baseline.com.newsblur.network.APIResponse: 	at baseline.com.newsblur.network.APIResponse.<init>(APIResponse.java:43)
08-05 21:22:40.353  5206 24563 E baseline.com.newsblur.network.APIResponse: 	at baseline.com.newsblur.network.APIManager.post_single(APIManager.java:702)
08-05 21:22:40.353  5206 24563 E baseline.com.newsblur.network.APIResponse: 	at baseline.com.newsblur.network.APIManager.post(APIManager.java:675)
08-05 21:22:40.353  5206 24563 E baseline.com.newsblur.network.APIResponse: 	at baseline.com.newsblur.network.APIManager.post(APIManager.java:714)
08-05 21:22:40.353  5206 24563 E baseline.com.newsblur.network.APIResponse: 	at baseline.com.newsblur.network.APIManager.markStoryAsRead(APIManager.java:205)
08-05 21:22:40.353  5206 24563 E baseline.com.newsblur.network.APIResponse: 	at baseline.com.newsblur.util.ReadingAction.doRemote(ReadingAction.java:281)
08-05 21:22:40.353  5206 24563 E baseline.com.newsblur.network.APIResponse: 	at baseline.com.newsblur.service.NBSyncService.syncActions(NBSyncService.java:400)
08-05 21:22:40.353  5206 24563 E baseline.com.newsblur.network.APIResponse: 	at baseline.com.newsblur.service.NBSyncService.doSync(NBSyncService.java:298)
08-05 21:22:40.353  5206 24563 E baseline.com.newsblur.network.APIResponse: 	at baseline.com.newsblur.service.NBSyncService.access$100(NBSyncService.java:67)
08-05 21:22:40.353  5206 24563 E baseline.com.newsblur.network.APIResponse: 	at baseline.com.newsblur.service.NBSyncService$1.run(NBSyncService.java:188)
08-05 21:22:40.353  5206 24563 E baseline.com.newsblur.network.APIResponse: 	at java.util.concurrent.ThreadPoolExecutor.runWorker(ThreadPoolExecutor.java:1113)
08-05 21:22:40.353  5206 24563 E baseline.com.newsblur.network.APIResponse: 	at java.util.concurrent.ThreadPoolExecutor$Worker.run(ThreadPoolExecutor.java:588)
08-05 21:22:40.353  5206 24563 E baseline.com.newsblur.network.APIResponse: 	at java.lang.Thread.run(Thread.java:818)
08-05 21:22:40.353  5206 24563 E baseline.com.newsblur.network.APIResponse: Caused by: java.io.EOFException: \n not found: limit=0 content=
08-05 21:22:40.353  5206 24563 E baseline.com.newsblur.network.APIResponse: 	at okio.RealBufferedSource.readUtf8LineStrict(RealBufferedSource.java:240)
08-05 21:22:40.353  5206 24563 E baseline.com.newsblur.network.APIResponse: 	at okhttp3.internal.http1.Http1ExchangeCodec.readHeaderLine(Http1ExchangeCodec.java:242)
08-05 21:22:40.353  5206 24563 E baseline.com.newsblur.network.APIResponse: 	at okhttp3.internal.http1.Http1ExchangeCodec.readResponseHeaders(Http1ExchangeCodec.java:213)
08-05 21:22:40.353  5206 24563 E baseline.com.newsblur.network.APIResponse: 	... 30 more
08-05 21:22:40.354  5206 24563 I baseline.com.newsblur.network.APIManager: API call failed, pausing before retry number 2
08-05 21:22:40.374  5206 24515 I art     : Explicit concurrent mark sweep GC freed 7356(641KB) AllocSpace objects, 14(372KB) LOS objects, 29% free, 37MB/53MB, paused 1.816ms total 46.017ms
08-05 21:22:40.388  5206 24515 I art     : Starting a blocking GC Explicit
08-05 21:22:40.431  5206 24779 I NAPPA_EXPERIMENTATION: MetricNetworkRequestExecutionTime: REQUEST_DURATION_SYSTEM='37',REQUEST_DURATION_OKHTTP='37',REQUEST_SYNCHRONOUS='TRUE',RESPONSE_CODE='200',RESPONSE_METHOD='GET',RESPONSE_LENGTH_OKHTTP='43',RESPONSE_LENGTH_HEADER='43',REQUEST_PROTOCOL='http/1.1',REQUEST_URL='http://feeds.feedburner.com/~r/retort/~4/UffaFMiJbNs',
08-05 21:22:40.433  5206 24515 I art     : Explicit concurrent mark sweep GC freed 1099(70KB) AllocSpace objects, 2(40KB) LOS objects, 29% free, 37MB/53MB, paused 2.238ms total 44.563ms
08-05 21:22:40.446  5206 24515 I art     : Starting a blocking GC Explicit
08-05 21:22:40.486  5206 24515 I art     : Explicit concurrent mark sweep GC freed 398(36KB) AllocSpace objects, 1(20KB) LOS objects, 29% free, 37MB/53MB, paused 1.247ms total 40.175ms
08-05 21:22:40.498  5206 24515 I art     : Starting a blocking GC Explicit
08-05 21:22:40.541  5206 24515 I art     : Explicit concurrent mark sweep GC freed 19(736B) AllocSpace objects, 0(0B) LOS objects, 29% free, 37MB/53MB, paused 1.313ms total 42.483ms
08-05 21:22:40.553  5206 24515 I art     : Starting a blocking GC Explicit
08-05 21:22:40.597  5206 24515 I art     : Explicit concurrent mark sweep GC freed 168(18KB) AllocSpace objects, 1(20KB) LOS objects, 29% free, 37MB/53MB, paused 1.256ms total 42.982ms
08-05 21:22:40.957  5206 23889 I art     : Starting a blocking GC Explicit
08-05 21:22:41.004  5206 23889 I art     : Explicit concurrent mark sweep GC freed 1700(93KB) AllocSpace objects, 1(20KB) LOS objects, 29% free, 37MB/53MB, paused 1.408ms total 46.838ms
08-05 21:22:41.021  5206 23889 I art     : Starting a blocking GC Explicit
08-05 21:22:41.064  5206 23889 I art     : Explicit concurrent mark sweep GC freed 22(784B) AllocSpace objects, 0(0B) LOS objects, 29% free, 37MB/53MB, paused 1.342ms total 43.296ms
08-05 21:22:41.077  5206 23889 I art     : Starting a blocking GC Explicit
08-05 21:22:41.120  5206 23889 I art     : Explicit concurrent mark sweep GC freed 3(96B) AllocSpace objects, 0(0B) LOS objects, 29% free, 37MB/53MB, paused 1.326ms total 43.074ms
08-05 21:22:41.133  5206 23889 I art     : Starting a blocking GC Explicit
08-05 21:22:41.177  5206 23889 I art     : Explicit concurrent mark sweep GC freed 3(96B) AllocSpace objects, 0(0B) LOS objects, 29% free, 37MB/53MB, paused 1.405ms total 44.451ms
08-05 21:22:41.190  5206 23889 I art     : Starting a blocking GC Explicit
08-05 21:22:41.235  5206 23889 I art     : Explicit concurrent mark sweep GC freed 3(96B) AllocSpace objects, 0(0B) LOS objects, 29% free, 37MB/53MB, paused 1.275ms total 44.454ms
08-05 21:22:41.357 13866 13882 I PeriodicStatsRunner: PeriodicStatsRunner.call():175 call()
08-05 21:22:41.357 13866 13882 I PeriodicStatsRunner: PeriodicStatsRunner.call():179 No submit PeriodicStats since input started.
08-05 21:22:41.597  5206  5219 I art     : Starting a blocking GC Explicit
08-05 21:22:41.676  5206  5219 I art     : Explicit concurrent mark sweep GC freed 1465(83KB) AllocSpace objects, 1(20KB) LOS objects, 29% free, 37MB/53MB, paused 2.187ms total 78.262ms
08-05 21:22:41.692  5206  5219 I art     : Starting a blocking GC Explicit
08-05 21:22:41.741  5206  5219 I art     : Explicit concurrent mark sweep GC freed 26(912B) AllocSpace objects, 0(0B) LOS objects, 29% free, 37MB/53MB, paused 1.342ms total 48.593ms
08-05 21:22:41.754  5206  5219 I art     : Starting a blocking GC Explicit
08-05 21:22:41.799  5206  5219 I art     : Explicit concurrent mark sweep GC freed 3(96B) AllocSpace objects, 0(0B) LOS objects, 29% free, 37MB/53MB, paused 1.388ms total 44.060ms
08-05 21:22:41.812  5206  5219 I art     : Starting a blocking GC Explicit
08-05 21:22:41.860  5206  5219 I art     : Explicit concurrent mark sweep GC freed 3(96B) AllocSpace objects, 0(0B) LOS objects, 29% free, 37MB/53MB, paused 1.469ms total 48.110ms
08-05 21:22:41.873  5206  5219 I art     : Starting a blocking GC Explicit
08-05 21:22:41.924  5206  5219 I art     : Explicit concurrent mark sweep GC freed 3(96B) AllocSpace objects, 0(0B) LOS objects, 29% free, 37MB/53MB, paused 1.408ms total 49.887ms
08-05 21:22:42.303  5206 23687 I art     : Starting a blocking GC Explicit
08-05 21:22:42.352  5206 23687 I art     : Explicit concurrent mark sweep GC freed 1478(84KB) AllocSpace objects, 1(20KB) LOS objects, 29% free, 37MB/53MB, paused 1.457ms total 49.367ms
08-05 21:22:42.366  5206 23687 I art     : Starting a blocking GC Explicit
08-05 21:22:42.415  5206 23687 I art     : Explicit concurrent mark sweep GC freed 22(784B) AllocSpace objects, 0(0B) LOS objects, 29% free, 37MB/53MB, paused 1.405ms total 49.674ms
08-05 21:22:42.429  5206 23687 I art     : Starting a blocking GC Explicit
08-05 21:22:42.477  5206 23687 I art     : Explicit concurrent mark sweep GC freed 3(96B) AllocSpace objects, 0(0B) LOS objects, 29% free, 37MB/53MB, paused 1.463ms total 47.252ms
08-05 21:22:42.490  5206 23687 I art     : Starting a blocking GC Explicit
08-05 21:22:42.541  5206 23687 I art     : Explicit concurrent mark sweep GC freed 3(96B) AllocSpace objects, 0(0B) LOS objects, 29% free, 37MB/53MB, paused 1.455ms total 50.319ms
08-05 21:22:42.554  5206 23687 I art     : Starting a blocking GC Explicit
08-05 21:22:42.603  5206 23687 I art     : Explicit concurrent mark sweep GC freed 3(96B) AllocSpace objects, 0(0B) LOS objects, 29% free, 37MB/53MB, paused 1.462ms total 48.717ms
08-05 21:22:42.985  5206 24515 I art     : Starting a blocking GC Explicit
08-05 21:22:43.037  5206 24515 I art     : Explicit concurrent mark sweep GC freed 1440(83KB) AllocSpace objects, 1(20KB) LOS objects, 29% free, 37MB/53MB, paused 1.470ms total 51.440ms
08-05 21:22:43.055  5206 24515 I art     : Starting a blocking GC Explicit
08-05 21:22:43.101  5206 24515 I art     : Explicit concurrent mark sweep GC freed 22(784B) AllocSpace objects, 0(0B) LOS objects, 29% free, 37MB/53MB, paused 1.436ms total 45.875ms
08-05 21:22:43.114  5206 24515 I art     : Starting a blocking GC Explicit
08-05 21:22:43.162  5206 24515 I art     : Explicit concurrent mark sweep GC freed 3(96B) AllocSpace objects, 0(0B) LOS objects, 29% free, 37MB/53MB, paused 1.424ms total 47.731ms
08-05 21:22:43.175  5206 24515 I art     : Starting a blocking GC Explicit
08-05 21:22:43.222  5206 24515 I art     : Explicit concurrent mark sweep GC freed 3(96B) AllocSpace objects, 0(0B) LOS objects, 29% free, 37MB/53MB, paused 1.431ms total 46.664ms
08-05 21:22:43.235  5206 24515 I art     : Starting a blocking GC Explicit
08-05 21:22:43.285  5206 24515 I art     : Explicit concurrent mark sweep GC freed 3(96B) AllocSpace objects, 0(0B) LOS objects, 29% free, 37MB/53MB, paused 1.428ms total 49.314ms
08-05 21:22:43.290 13866 13882 I PeriodicStatsRunner: PeriodicStatsRunner.call():175 call()
08-05 21:22:43.292 13866 13882 I PeriodicStatsRunner: PeriodicStatsRunner.call():179 No submit PeriodicStats since input started.
08-05 21:22:43.654  5206  5220 I art     : Starting a blocking GC Explicit
08-05 21:22:43.703  5206  5220 I art     : Explicit concurrent mark sweep GC freed 1606(91KB) AllocSpace objects, 1(20KB) LOS objects, 29% free, 37MB/53MB, paused 1.516ms total 49.181ms
08-05 21:22:43.717  5206  5220 I art     : Starting a blocking GC Explicit
08-05 21:22:43.767  5206  5220 I art     : Explicit concurrent mark sweep GC freed 28(1040B) AllocSpace objects, 0(0B) LOS objects, 29% free, 37MB/53MB, paused 1.447ms total 49.702ms
08-05 21:22:43.780  5206  5220 I art     : Starting a blocking GC Explicit
08-05 21:22:43.829  5206  5220 I art     : Explicit concurrent mark sweep GC freed 3(96B) AllocSpace objects, 0(0B) LOS objects, 29% free, 37MB/53MB, paused 1.504ms total 48.534ms
08-05 21:22:43.843  5206  5220 I art     : Starting a blocking GC Explicit
08-05 21:22:43.893  5206  5220 I art     : Explicit concurrent mark sweep GC freed 614(25KB) AllocSpace objects, 0(0B) LOS objects, 29% free, 37MB/53MB, paused 1.810ms total 50.072ms
08-05 21:22:43.906  5206  5220 I art     : Starting a blocking GC Explicit
08-05 21:22:43.952  5206  5220 I art     : Explicit concurrent mark sweep GC freed 1094(41KB) AllocSpace objects, 0(0B) LOS objects, 29% free, 37MB/53MB, paused 1.753ms total 45.807ms
08-05 21:22:43.957  5206 24563 E baseline.com.newsblur.network.APIResponse: Error (unexpected end of stream on https://www.newsblur.com/...) calling https://www.newsblur.com/reader/mark_story_hashes_as_read/
08-05 21:22:43.957  5206 24563 E baseline.com.newsblur.network.APIResponse: java.io.IOException: unexpected end of stream on https://www.newsblur.com/...
08-05 21:22:43.957  5206 24563 E baseline.com.newsblur.network.APIResponse: 	at okhttp3.internal.http1.Http1ExchangeCodec.readResponseHeaders(Http1ExchangeCodec.java:236)
08-05 21:22:43.957  5206 24563 E baseline.com.newsblur.network.APIResponse: 	at okhttp3.internal.connection.Exchange.readResponseHeaders(Exchange.java:115)
08-05 21:22:43.957  5206 24563 E baseline.com.newsblur.network.APIResponse: 	at okhttp3.internal.http.CallServerInterceptor.intercept(CallServerInterceptor.java:94)
08-05 21:22:43.957  5206 24563 E baseline.com.newsblur.network.APIResponse: 	at okhttp3.internal.http.RealInterceptorChain.proceed(RealInterceptorChain.java:142)
08-05 21:22:43.957  5206 24563 E baseline.com.newsblur.network.APIResponse: 	at okhttp3.internal.connection.ConnectInterceptor.intercept(ConnectInterceptor.java:43)
08-05 21:22:43.957  5206 24563 E baseline.com.newsblur.network.APIResponse: 	at okhttp3.internal.http.RealInterceptorChain.proceed(RealInterceptorChain.java:142)
08-05 21:22:43.957  5206 24563 E baseline.com.newsblur.network.APIResponse: 	at okhttp3.internal.http.RealInterceptorChain.proceed(RealInterceptorChain.java:117)
08-05 21:22:43.957  5206 24563 E baseline.com.newsblur.network.APIResponse: 	at okhttp3.internal.cache.CacheInterceptor.intercept(CacheInterceptor.java:94)
08-05 21:22:43.957  5206 24563 E baseline.com.newsblur.network.APIResponse: 	at okhttp3.internal.http.RealInterceptorChain.proceed(RealInterceptorChain.java:142)
08-05 21:22:43.957  5206 24563 E baseline.com.newsblur.network.APIResponse: 	at okhttp3.internal.http.RealInterceptorChain.proceed(RealInterceptorChain.java:117)
08-05 21:22:43.957  5206 24563 E baseline.com.newsblur.network.APIResponse: 	at okhttp3.internal.http.BridgeInterceptor.intercept(BridgeInterceptor.java:93)
08-05 21:22:43.957  5206 24563 E baseline.com.newsblur.network.APIResponse: 	at okhttp3.internal.http.RealInterceptorChain.proceed(RealInterceptorChain.java:142)
08-05 21:22:43.957  5206 24563 E baseline.com.newsblur.network.APIResponse: 	at okhttp3.internal.http.RetryAndFollowUpInterceptor.intercept(RetryAndFollowUpInterceptor.java:88)
08-05 21:22:43.957  5206 24563 E baseline.com.newsblur.network.APIResponse: 	at okhttp3.internal.http.RealInterceptorChain.proceed(RealInterceptorChain.java:142)
08-05 21:22:43.957  5206 24563 E baseline.com.newsblur.network.APIResponse: 	at okhttp3.internal.http.RealInterceptorChain.proceed(RealInterceptorChain.java:117)
08-05 21:22:43.957  5206 24563 E baseline.com.newsblur.network.APIResponse: 	at okhttp3.RealCall.getResponseWithInterceptorChain(RealCall.java:229)
08-05 21:22:43.957  5206 24563 E baseline.com.newsblur.network.APIResponse: 	at okhttp3.RealCall.execute(RealCall.java:81)
08-05 21:22:43.957  5206 24563 E baseline.com.newsblur.network.APIResponse: 	at baseline.com.newsblur.network.APIResponse.<init>(APIResponse.java:57)
08-05 21:22:43.957  5206 24563 E baseline.com.newsblur.network.APIResponse: 	at baseline.com.newsblur.network.APIResponse.<init>(APIResponse.java:43)
08-05 21:22:43.957  5206 24563 E baseline.com.newsblur.network.APIResponse: 	at baseline.com.newsblur.network.APIManager.post_single(APIManager.java:702)
08-05 21:22:43.957  5206 24563 E baseline.com.newsblur.network.APIResponse: 	at baseline.com.newsblur.network.APIManager.post(APIManager.java:675)
08-05 21:22:43.957  5206 24563 E baseline.com.newsblur.network.APIResponse: 	at baseline.com.newsblur.network.APIManager.post(APIManager.java:714)
08-05 21:22:43.957  5206 24563 E baseline.com.newsblur.network.APIResponse: 	at baseline.com.newsblur.network.APIManager.markStoryAsRead(APIManager.java:205)
08-05 21:22:43.957  5206 24563 E baseline.com.newsblur.network.APIResponse: 	at baseline.com.newsblur.util.ReadingAction.doRemote(ReadingAction.java:281)
08-05 21:22:43.957  5206 24563 E baseline.com.newsblur.network.APIResponse: 	at baseline.com.newsblur.service.NBSyncService.syncActions(NBSyncService.java:400)
08-05 21:22:43.957  5206 24563 E baseline.com.newsblur.network.APIResponse: 	at baseline.com.newsblur.service.NBSyncService.doSync(NBSyncService.java:298)
08-05 21:22:43.957  5206 24563 E baseline.com.newsblur.network.APIResponse: 	at baseline.com.newsblur.service.NBSyncService.access$100(NBSyncService.java:67)
08-05 21:22:43.957  5206 24563 E baseline.com.newsblur.network.APIResponse: 	at baseline.com.newsblur.service.NBSyncService$1.run(NBSyncService.java:188)
08-05 21:22:43.957  5206 24563 E baseline.com.newsblur.network.APIResponse: 	at java.util.concurrent.ThreadPoolExecutor.runWorker(ThreadPoolExecutor.java:1113)
08-05 21:22:43.957  5206 24563 E baseline.com.newsblur.network.APIResponse: 	at java.util.concurrent.ThreadPoolExecutor$Worker.run(ThreadPoolExecutor.java:588)
08-05 21:22:43.957  5206 24563 E baseline.com.newsblur.network.APIResponse: 	at java.lang.Thread.run(Thread.java:818)
08-05 21:22:43.957  5206 24563 E baseline.com.newsblur.network.APIResponse: Caused by: java.io.EOFException: \n not found: limit=0 content=
08-05 21:22:43.957  5206 24563 E baseline.com.newsblur.network.APIResponse: 	at okio.RealBufferedSource.readUtf8LineStrict(RealBufferedSource.java:240)
08-05 21:22:43.957  5206 24563 E baseline.com.newsblur.network.APIResponse: 	at okhttp3.internal.http1.Http1ExchangeCodec.readHeaderLine(Http1ExchangeCodec.java:242)
08-05 21:22:43.957  5206 24563 E baseline.com.newsblur.network.APIResponse: 	at okhttp3.internal.http1.Http1ExchangeCodec.readResponseHeaders(Http1ExchangeCodec.java:213)
08-05 21:22:43.957  5206 24563 E baseline.com.newsblur.network.APIResponse: 	... 30 more
08-05 21:22:43.960  5206 24563 I baseline.com.newsblur.service.NBSyncService: Holding reading action with server-side or network error.
08-05 21:22:43.976  5206 24563 W baseline.com.newsblur.service.NBSyncService: hard API failure
08-05 21:22:43.989  5206 24563 I baseline.com.newsblur.service.NBSyncService: recounting dirty feed sets: 1
08-05 21:22:44.345  5206 23889 I art     : Starting a blocking GC Explicit
08-05 21:22:44.399  5206 23889 I art     : Explicit concurrent mark sweep GC freed 3276(371KB) AllocSpace objects, 5(100KB) LOS objects, 29% free, 37MB/53MB, paused 1.592ms total 53.048ms
08-05 21:22:44.416  5206 23889 I art     : Starting a blocking GC Explicit
08-05 21:22:44.464  5206 23889 I art     : Explicit concurrent mark sweep GC freed 1671(65KB) AllocSpace objects, 0(0B) LOS objects, 29% free, 37MB/53MB, paused 1.453ms total 46.801ms
08-05 21:22:44.477  5206 23889 I art     : Starting a blocking GC Explicit
08-05 21:22:44.479  5206 24563 E baseline.com.newsblur.network.APIResponse: Error (unexpected end of stream on https://www.newsblur.com/...) calling https://www.newsblur.com/reader/feed_unread_count?feed_id=0
08-05 21:22:44.479  5206 24563 E baseline.com.newsblur.network.APIResponse: java.io.IOException: unexpected end of stream on https://www.newsblur.com/...
08-05 21:22:44.479  5206 24563 E baseline.com.newsblur.network.APIResponse: 	at okhttp3.internal.http1.Http1ExchangeCodec.readResponseHeaders(Http1ExchangeCodec.java:236)
08-05 21:22:44.479  5206 24563 E baseline.com.newsblur.network.APIResponse: 	at okhttp3.internal.connection.Exchange.readResponseHeaders(Exchange.java:115)
08-05 21:22:44.479  5206 24563 E baseline.com.newsblur.network.APIResponse: 	at okhttp3.internal.http.CallServerInterceptor.intercept(CallServerInterceptor.java:94)
08-05 21:22:44.479  5206 24563 E baseline.com.newsblur.network.APIResponse: 	at okhttp3.internal.http.RealInterceptorChain.proceed(RealInterceptorChain.java:142)
08-05 21:22:44.479  5206 24563 E baseline.com.newsblur.network.APIResponse: 	at okhttp3.internal.connection.ConnectInterceptor.intercept(ConnectInterceptor.java:43)
08-05 21:22:44.479  5206 24563 E baseline.com.newsblur.network.APIResponse: 	at okhttp3.internal.http.RealInterceptorChain.proceed(RealInterceptorChain.java:142)
08-05 21:22:44.479  5206 24563 E baseline.com.newsblur.network.APIResponse: 	at okhttp3.internal.http.RealInterceptorChain.proceed(RealInterceptorChain.java:117)
08-05 21:22:44.479  5206 24563 E baseline.com.newsblur.network.APIResponse: 	at okhttp3.internal.cache.CacheInterceptor.intercept(CacheInterceptor.java:94)
08-05 21:22:44.479  5206 24563 E baseline.com.newsblur.network.APIResponse: 	at okhttp3.internal.http.RealInterceptorChain.proceed(RealInterceptorChain.java:142)
08-05 21:22:44.479  5206 24563 E baseline.com.newsblur.network.APIResponse: 	at okhttp3.internal.http.RealInterceptorChain.proceed(RealInterceptorChain.java:117)
08-05 21:22:44.479  5206 24563 E baseline.com.newsblur.network.APIResponse: 	at okhttp3.internal.http.BridgeInterceptor.intercept(BridgeInterceptor.java:93)
08-05 21:22:44.479  5206 24563 E baseline.com.newsblur.network.APIResponse: 	at okhttp3.internal.http.RealInterceptorChain.proceed(RealInterceptorChain.java:142)
08-05 21:22:44.479  5206 24563 E baseline.com.newsblur.network.APIResponse: 	at okhttp3.internal.http.RetryAndFollowUpInterceptor.intercept(RetryAndFollowUpInterceptor.java:88)
08-05 21:22:44.479  5206 24563 E baseline.com.newsblur.network.APIResponse: 	at okhttp3.internal.http.RealInterceptorChain.proceed(RealInterceptorChain.java:142)
08-05 21:22:44.479  5206 24563 E baseline.com.newsblur.network.APIResponse: 	at okhttp3.internal.http.RealInterceptorChain.proceed(RealInterceptorChain.java:117)
08-05 21:22:44.479  5206 24563 E baseline.com.newsblur.network.APIResponse: 	at okhttp3.RealCall.getResponseWithInterceptorChain(RealCall.java:229)
08-05 21:22:44.479  5206 24563 E baseline.com.newsblur.network.APIResponse: 	at okhttp3.RealCall.execute(RealCall.java:81)
08-05 21:22:44.479  5206 24563 E baseline.com.newsblur.network.APIResponse: 	at baseline.com.newsblur.network.APIResponse.<init>(APIResponse.java:57)
08-05 21:22:44.479  5206 24563 E baseline.com.newsblur.network.APIResponse: 	at baseline.com.newsblur.network.APIManager.get_single(APIManager.java:639)
08-05 21:22:44.479  5206 24563 E baseline.com.newsblur.network.APIResponse: 	at baseline.com.newsblur.network.APIManager.get(APIManager.java:625)
08-05 21:22:44.479  5206 24563 E baseline.com.newsblur.network.APIResponse: 	at baseline.com.newsblur.network.APIManager.get(APIManager.java:667)
08-05 21:22:44.479  5206 24563 E baseline.com.newsblur.network.APIResponse: 	at baseline.com.newsblur.network.APIManager.getFeedUnreadCounts(APIManager.java:274)
08-05 21:22:44.479  5206 24563 E baseline.com.newsblur.network.APIResponse: 	at baseline.com.newsblur.service.NBSyncService.checkRecounts(NBSyncService.java:660)
08-05 21:22:44.479  5206 24563 E baseline.com.newsblur.network.APIResponse: 	at baseline.com.newsblur.service.NBSyncService.doSync(NBSyncService.java:310)
08-05 21:22:44.479  5206 24563 E baseline.com.newsblur.network.APIResponse: 	at baseline.com.newsblur.service.NBSyncService.access$100(NBSyncService.java:67)
08-05 21:22:44.479  5206 24563 E baseline.com.newsblur.network.APIResponse: 	at baseline.com.newsblur.service.NBSyncService$1.run(NBSyncService.java:188)
08-05 21:22:44.479  5206 24563 E baseline.com.newsblur.network.APIResponse: 	at java.util.concurrent.ThreadPoolExecutor.runWorker(ThreadPoolExecutor.java:1113)
08-05 21:22:44.479  5206 24563 E baseline.com.newsblur.network.APIResponse: 	at java.util.concurrent.ThreadPoolExecutor$Worker.run(ThreadPoolExecutor.java:588)
08-05 21:22:44.479  5206 24563 E baseline.com.newsblur.network.APIResponse: 	at java.lang.Thread.run(Thread.java:818)
08-05 21:22:44.479  5206 24563 E baseline.com.newsblur.network.APIResponse: Caused by: java.io.EOFException: \n not found: limit=0 content=
08-05 21:22:44.479  5206 24563 E baseline.com.newsblur.network.APIResponse: 	at okio.RealBufferedSource.readUtf8LineStrict(RealBufferedSource.java:240)
08-05 21:22:44.479  5206 24563 E baseline.com.newsblur.network.APIResponse: 	at okhttp3.internal.http1.Http1ExchangeCodec.readHeaderLine(Http1ExchangeCodec.java:242)
08-05 21:22:44.479  5206 24563 E baseline.com.newsblur.network.APIResponse: 	at okhttp3.internal.http1.Http1ExchangeCodec.readResponseHeaders(Http1ExchangeCodec.java:213)
08-05 21:22:44.479  5206 24563 E baseline.com.newsblur.network.APIResponse: 	... 28 more
08-05 21:22:44.481  5206 24563 I baseline.com.newsblur.network.APIManager: API call failed, pausing before retry number 1
08-05 21:22:44.525  5206 23889 I art     : Explicit concurrent mark sweep GC freed 652(177KB) AllocSpace objects, 2(40KB) LOS objects, 29% free, 37MB/53MB, paused 1.347ms total 48.029ms
08-05 21:22:44.538  5206 23889 I art     : Starting a blocking GC Explicit
08-05 21:22:44.586  5206 23889 I art     : Explicit concurrent mark sweep GC freed 326(35KB) AllocSpace objects, 0(0B) LOS objects, 29% free, 37MB/53MB, paused 1.407ms total 48.158ms
08-05 21:22:44.600  5206 23889 I art     : Starting a blocking GC Explicit
08-05 21:22:44.648  5206 23889 I art     : Explicit concurrent mark sweep GC freed 7(288B) AllocSpace objects, 0(0B) LOS objects, 29% free, 37MB/53MB, paused 1.337ms total 48.628ms
08-05 21:22:45.022  5206  5219 I art     : Starting a blocking GC Explicit
08-05 21:22:45.072  5206  5219 I art     : Explicit concurrent mark sweep GC freed 1438(82KB) AllocSpace objects, 1(20KB) LOS objects, 29% free, 37MB/53MB, paused 1.454ms total 49.773ms
08-05 21:22:45.087  5206  5219 I art     : Starting a blocking GC Explicit
08-05 21:22:45.136  5206  5219 I art     : Explicit concurrent mark sweep GC freed 22(784B) AllocSpace objects, 0(0B) LOS objects, 29% free, 37MB/53MB, paused 1.382ms total 48.109ms
08-05 21:22:45.149  5206  5219 I art     : Starting a blocking GC Explicit
08-05 21:22:45.195  5206  5219 I art     : Explicit concurrent mark sweep GC freed 3(96B) AllocSpace objects, 0(0B) LOS objects, 29% free, 37MB/53MB, paused 1.394ms total 45.743ms
08-05 21:22:45.208  5206  5219 I art     : Starting a blocking GC Explicit
08-05 21:22:45.257  5206  5219 I art     : Explicit concurrent mark sweep GC freed 3(96B) AllocSpace objects, 0(0B) LOS objects, 29% free, 37MB/53MB, paused 1.325ms total 48.664ms
08-05 21:22:45.270  5206  5219 I art     : Starting a blocking GC Explicit
08-05 21:22:45.311  5206  5219 I art     : Explicit concurrent mark sweep GC freed 3(96B) AllocSpace objects, 0(0B) LOS objects, 29% free, 37MB/53MB, paused 1.209ms total 40.608ms
08-05 21:22:45.332 13866 13882 I PeriodicStatsRunner: PeriodicStatsRunner.call():175 call()
08-05 21:22:45.332 13866 13882 I PeriodicStatsRunner: PeriodicStatsRunner.call():179 No submit PeriodicStats since input started.
08-05 21:22:45.683  5206 23687 I art     : Starting a blocking GC Explicit
08-05 21:22:45.730  5206 23687 I art     : Explicit concurrent mark sweep GC freed 1438(82KB) AllocSpace objects, 1(20KB) LOS objects, 29% free, 37MB/53MB, paused 1.395ms total 46.764ms
08-05 21:22:45.744  5206 23687 I art     : Starting a blocking GC Explicit
08-05 21:22:45.790  5206 23687 I art     : Explicit concurrent mark sweep GC freed 22(784B) AllocSpace objects, 0(0B) LOS objects, 29% free, 37MB/53MB, paused 1.435ms total 45.203ms
08-05 21:22:45.803  5206 23687 I art     : Starting a blocking GC Explicit
08-05 21:22:45.852  5206 23687 I art     : Explicit concurrent mark sweep GC freed 3(96B) AllocSpace objects, 0(0B) LOS objects, 29% free, 37MB/53MB, paused 1.382ms total 48.804ms
08-05 21:22:45.865  5206 23687 I art     : Starting a blocking GC Explicit
08-05 21:22:45.913  5206 23687 I art     : Explicit concurrent mark sweep GC freed 3(96B) AllocSpace objects, 0(0B) LOS objects, 29% free, 37MB/53MB, paused 1.422ms total 47.362ms
08-05 21:22:45.926  5206 23687 I art     : Starting a blocking GC Explicit
08-05 21:22:45.976  5206 23687 I art     : Explicit concurrent mark sweep GC freed 3(96B) AllocSpace objects, 0(0B) LOS objects, 29% free, 37MB/53MB, paused 1.470ms total 49.362ms
08-05 21:22:46.349  5206 24515 I art     : Starting a blocking GC Explicit
08-05 21:22:46.397  5206 24515 I art     : Explicit concurrent mark sweep GC freed 1604(91KB) AllocSpace objects, 1(20KB) LOS objects, 29% free, 37MB/53MB, paused 1.385ms total 47.590ms
08-05 21:22:46.411  5206 24515 I art     : Starting a blocking GC Explicit
08-05 21:22:46.460  5206 24515 I art     : Explicit concurrent mark sweep GC freed 1518(60KB) AllocSpace objects, 0(0B) LOS objects, 29% free, 37MB/53MB, paused 1.689ms total 49.023ms
08-05 21:22:46.473  5206 24515 I art     : Starting a blocking GC Explicit
08-05 21:22:46.514  5206 24563 E baseline.com.newsblur.network.APIResponse: Error (unexpected end of stream on https://www.newsblur.com/...) calling https://www.newsblur.com/reader/feed_unread_count?feed_id=0
08-05 21:22:46.514  5206 24563 E baseline.com.newsblur.network.APIResponse: java.io.IOException: unexpected end of stream on https://www.newsblur.com/...
08-05 21:22:46.514  5206 24563 E baseline.com.newsblur.network.APIResponse: 	at okhttp3.internal.http1.Http1ExchangeCodec.readResponseHeaders(Http1ExchangeCodec.java:236)
08-05 21:22:46.514  5206 24563 E baseline.com.newsblur.network.APIResponse: 	at okhttp3.internal.connection.Exchange.readResponseHeaders(Exchange.java:115)
08-05 21:22:46.514  5206 24563 E baseline.com.newsblur.network.APIResponse: 	at okhttp3.internal.http.CallServerInterceptor.intercept(CallServerInterceptor.java:94)
08-05 21:22:46.514  5206 24563 E baseline.com.newsblur.network.APIResponse: 	at okhttp3.internal.http.RealInterceptorChain.proceed(RealInterceptorChain.java:142)
08-05 21:22:46.514  5206 24563 E baseline.com.newsblur.network.APIResponse: 	at okhttp3.internal.connection.ConnectInterceptor.intercept(ConnectInterceptor.java:43)
08-05 21:22:46.514  5206 24563 E baseline.com.newsblur.network.APIResponse: 	at okhttp3.internal.http.RealInterceptorChain.proceed(RealInterceptorChain.java:142)
08-05 21:22:46.514  5206 24563 E baseline.com.newsblur.network.APIResponse: 	at okhttp3.internal.http.RealInterceptorChain.proceed(RealInterceptorChain.java:117)
08-05 21:22:46.514  5206 24563 E baseline.com.newsblur.network.APIResponse: 	at okhttp3.internal.cache.CacheInterceptor.intercept(CacheInterceptor.java:94)
08-05 21:22:46.514  5206 24563 E baseline.com.newsblur.network.APIResponse: 	at okhttp3.internal.http.RealInterceptorChain.proceed(RealInterceptorChain.java:142)
08-05 21:22:46.514  5206 24563 E baseline.com.newsblur.network.APIResponse: 	at okhttp3.internal.http.RealInterceptorChain.proceed(RealInterceptorChain.java:117)
08-05 21:22:46.514  5206 24563 E baseline.com.newsblur.network.APIResponse: 	at okhttp3.internal.http.BridgeInterceptor.intercept(BridgeInterceptor.java:93)
08-05 21:22:46.514  5206 24563 E baseline.com.newsblur.network.APIResponse: 	at okhttp3.internal.http.RealInterceptorChain.proceed(RealInterceptorChain.java:142)
08-05 21:22:46.514  5206 24563 E baseline.com.newsblur.network.APIResponse: 	at okhttp3.internal.http.RetryAndFollowUpInterceptor.intercept(RetryAndFollowUpInterceptor.java:88)
08-05 21:22:46.514  5206 24563 E baseline.com.newsblur.network.APIResponse: 	at okhttp3.internal.http.RealInterceptorChain.proceed(RealInterceptorChain.java:142)
08-05 21:22:46.514  5206 24563 E baseline.com.newsblur.network.APIResponse: 	at okhttp3.internal.http.RealInterceptorChain.proceed(RealInterceptorChain.java:117)
08-05 21:22:46.514  5206 24563 E baseline.com.newsblur.network.APIResponse: 	at okhttp3.RealCall.getResponseWithInterceptorChain(RealCall.java:229)
08-05 21:22:46.514  5206 24563 E baseline.com.newsblur.network.APIResponse: 	at okhttp3.RealCall.execute(RealCall.java:81)
08-05 21:22:46.514  5206 24563 E baseline.com.newsblur.network.APIResponse: 	at baseline.com.newsblur.network.APIResponse.<init>(APIResponse.java:57)
08-05 21:22:46.514  5206 24563 E baseline.com.newsblur.network.APIResponse: 	at baseline.com.newsblur.network.APIManager.get_single(APIManager.java:639)
08-05 21:22:46.514  5206 24563 E baseline.com.newsblur.network.APIResponse: 	at baseline.com.newsblur.network.APIManager.get(APIManager.java:625)
08-05 21:22:46.514  5206 24563 E baseline.com.newsblur.network.APIResponse: 	at baseline.com.newsblur.network.APIManager.get(APIManager.java:667)
08-05 21:22:46.514  5206 24563 E baseline.com.newsblur.network.APIResponse: 	at baseline.com.newsblur.network.APIManager.getFeedUnreadCounts(APIManager.java:274)
08-05 21:22:46.514  5206 24563 E baseline.com.newsblur.network.APIResponse: 	at baseline.com.newsblur.service.NBSyncService.checkRecounts(NBSyncService.java:660)
08-05 21:22:46.514  5206 24563 E baseline.com.newsblur.network.APIResponse: 	at baseline.com.newsblur.service.NBSyncService.doSync(NBSyncService.java:310)
08-05 21:22:46.514  5206 24563 E baseline.com.newsblur.network.APIResponse: 	at baseline.com.newsblur.service.NBSyncService.access$100(NBSyncService.java:67)
08-05 21:22:46.514  5206 24563 E baseline.com.newsblur.network.APIResponse: 	at baseline.com.newsblur.service.NBSyncService$1.run(NBSyncService.java:188)
08-05 21:22:46.514  5206 24563 E baseline.com.newsblur.network.APIResponse: 	at java.util.concurrent.ThreadPoolExecutor.runWorker(ThreadPoolExecutor.java:1113)
08-05 21:22:46.514  5206 24563 E baseline.com.newsblur.network.APIResponse: 	at java.util.concurrent.ThreadPoolExecutor$Worker.run(ThreadPoolExecutor.java:588)
08-05 21:22:46.514  5206 24563 E baseline.com.newsblur.network.APIResponse: 	at java.lang.Thread.run(Thread.java:818)
08-05 21:22:46.514  5206 24563 E baseline.com.newsblur.network.APIResponse: Caused by: java.io.EOFException: \n not found: limit=0 content=
08-05 21:22:46.514  5206 24563 E baseline.com.newsblur.network.APIResponse: 	at okio.RealBufferedSource.readUtf8LineStrict(RealBufferedSource.java:240)
08-05 21:22:46.514  5206 24563 E baseline.com.newsblur.network.APIResponse: 	at okhttp3.internal.http1.Http1ExchangeCodec.readHeaderLine(Http1ExchangeCodec.java:242)
08-05 21:22:46.514  5206 24563 E baseline.com.newsblur.network.APIResponse: 	at okhttp3.internal.http1.Http1ExchangeCodec.readResponseHeaders(Http1ExchangeCodec.java:213)
08-05 21:22:46.514  5206 24563 E baseline.com.newsblur.network.APIResponse: 	... 28 more
08-05 21:22:46.517  5206 24563 I baseline.com.newsblur.network.APIManager: API call failed, pausing before retry number 2
08-05 21:22:46.521  5206 24515 I art     : Explicit concurrent mark sweep GC freed 657(125KB) AllocSpace objects, 1(20KB) LOS objects, 29% free, 37MB/53MB, paused 1.455ms total 47.604ms
08-05 21:22:46.535  5206 24515 I art     : Starting a blocking GC Explicit
08-05 21:22:46.584  5206 24515 I art     : Explicit concurrent mark sweep GC freed 395(90KB) AllocSpace objects, 1(20KB) LOS objects, 29% free, 37MB/53MB, paused 1.426ms total 48.885ms
08-05 21:22:46.597  5206 24515 I art     : Starting a blocking GC Explicit
08-05 21:22:46.646  5206 24515 I art     : Explicit concurrent mark sweep GC freed 43(1600B) AllocSpace objects, 0(0B) LOS objects, 29% free, 37MB/53MB, paused 1.389ms total 48.425ms
08-05 21:22:47.028  5206  5220 I art     : Starting a blocking GC Explicit
08-05 21:22:47.079  5206  5220 I art     : Explicit concurrent mark sweep GC freed 1442(82KB) AllocSpace objects, 1(20KB) LOS objects, 29% free, 37MB/53MB, paused 1.541ms total 49.998ms
08-05 21:22:47.092  5206  5220 I art     : Starting a blocking GC Explicit
08-05 21:22:47.142  5206  5220 I art     : Explicit concurrent mark sweep GC freed 41(1632B) AllocSpace objects, 0(0B) LOS objects, 29% free, 37MB/53MB, paused 1.400ms total 49.043ms
08-05 21:22:47.155  5206  5220 I art     : Starting a blocking GC Explicit
08-05 21:22:47.204  5206  5220 I art     : Explicit concurrent mark sweep GC freed 3(96B) AllocSpace objects, 0(0B) LOS objects, 29% free, 37MB/53MB, paused 1.381ms total 48.875ms
08-05 21:22:47.218  5206  5220 I art     : Starting a blocking GC Explicit
08-05 21:22:47.268  5206  5220 I art     : Explicit concurrent mark sweep GC freed 3(96B) AllocSpace objects, 0(0B) LOS objects, 29% free, 37MB/53MB, paused 1.562ms total 49.994ms
08-05 21:22:47.281  5206  5220 I art     : Starting a blocking GC Explicit
08-05 21:22:47.328  5206  5220 I art     : Explicit concurrent mark sweep GC freed 3(96B) AllocSpace objects, 0(0B) LOS objects, 29% free, 37MB/53MB, paused 1.360ms total 46.537ms
08-05 21:22:47.631 17237 17239 E QC-QMI  : qmi_client [17237] 5b6: failed to locate client data
08-05 21:22:47.632   519   519 E QC-QMI  : qmuxd: RX on fd=18 returned error=0 errno[2:No such file or directory]
08-05 21:22:47.632   519   519 E QC-QMI  : QMUX qmux_client_id=5b6 not found in qmux client list, unable to remove
08-05 21:22:47.635 17237 17237 I Atfwd_Daemon: Stop the daemon....
08-05 21:22:47.696  5206 23889 I art     : Starting a blocking GC Explicit
08-05 21:22:47.699 24895 24895 W ATFWD-daemon: type=1400 audit(0.0:739741): avc: denied { read write } for name="diag" dev="tmpfs" ino=1296 scontext=u:r:atfwd:s0 tcontext=u:object_r:diag_device:s0 tclass=chr_file permissive=0
08-05 21:22:47.709 24895 24895 I libmdmdetect: ESOC framework not supported
08-05 21:22:47.709 24895 24895 I libmdmdetect: Found internal modem: modem
08-05 21:22:47.709 24895 24895 E Diag_Lib:  Diag_LSM_Init: Failed to open handle to diag driver, error = 13
08-05 21:22:47.714 24895 24895 I Atfwd_Daemon: result : 255 	 ,Init step :0 	 ,qmiErrorCode: 0
08-05 21:22:47.714 24895 24895 I Atfwd_Daemon: result : 0 	 ,Init step :1 	 ,qmiErrorCode: 0
08-05 21:22:47.714 24895 24895 I ServiceManager: Waiting for service AtCmdFwd...
08-05 21:22:47.742  5206 23889 I art     : Explicit concurrent mark sweep GC freed 2424(131KB) AllocSpace objects, 1(20KB) LOS objects, 29% free, 37MB/53MB, paused 1.353ms total 45.849ms
08-05 21:22:47.755  5206 23889 I art     : Starting a blocking GC Explicit
08-05 21:22:47.800  5206 23889 I art     : Explicit concurrent mark sweep GC freed 778(57KB) AllocSpace objects, 0(0B) LOS objects, 29% free, 37MB/53MB, paused 1.326ms total 45.133ms
08-05 21:22:47.814  5206 23889 I art     : Starting a blocking GC Explicit
08-05 21:22:47.861  5206 23889 I art     : Explicit concurrent mark sweep GC freed 162(8KB) AllocSpace objects, 0(0B) LOS objects, 29% free, 37MB/53MB, paused 1.407ms total 47.577ms
08-05 21:22:47.875  5206 23889 I art     : Starting a blocking GC Explicit
08-05 21:22:47.924  5206 23889 I art     : Explicit concurrent mark sweep GC freed 280(13KB) AllocSpace objects, 0(0B) LOS objects, 29% free, 37MB/53MB, paused 1.386ms total 48.759ms
08-05 21:22:47.937  5206 23889 I art     : Starting a blocking GC Explicit
08-05 21:22:47.985  5206 23889 I art     : Explicit concurrent mark sweep GC freed 437(30KB) AllocSpace objects, 0(0B) LOS objects, 29% free, 37MB/53MB, paused 1.276ms total 46.986ms
08-05 21:22:48.355  5206  5219 I art     : Starting a blocking GC Explicit
08-05 21:22:48.405  5206  5219 I art     : Explicit concurrent mark sweep GC freed 1455(83KB) AllocSpace objects, 1(20KB) LOS objects, 29% free, 37MB/53MB, paused 1.292ms total 49.617ms
08-05 21:22:48.419  5206  5219 I art     : Starting a blocking GC Explicit
08-05 21:22:48.466  5206  5219 I art     : Explicit concurrent mark sweep GC freed 22(784B) AllocSpace objects, 0(0B) LOS objects, 29% free, 37MB/53MB, paused 1.350ms total 46.516ms
08-05 21:22:48.471   518   646 I ThermalEngine: ACTION: GPU - Setting GPU[0] to 510000000
08-05 21:22:48.479  5206  5219 I art     : Starting a blocking GC Explicit
08-05 21:22:48.524  5206  5219 I art     : Explicit concurrent mark sweep GC freed 3(96B) AllocSpace objects, 0(0B) LOS objects, 29% free, 37MB/53MB, paused 1.091ms total 45.029ms
08-05 21:22:48.535  5206  5219 I art     : Starting a blocking GC Explicit
08-05 21:22:48.571  5206  5219 I art     : Explicit concurrent mark sweep GC freed 3(96B) AllocSpace objects, 0(0B) LOS objects, 29% free, 37MB/53MB, paused 921us total 36.048ms
08-05 21:22:48.582  5206  5219 I art     : Starting a blocking GC Explicit
08-05 21:22:48.617  5206  5219 I art     : Explicit concurrent mark sweep GC freed 3(96B) AllocSpace objects, 0(0B) LOS objects, 29% free, 37MB/53MB, paused 939us total 35.140ms
08-05 21:22:48.715 24895 24895 I ServiceManager: Waiting for service AtCmdFwd...
08-05 21:22:48.984  5206 23687 I art     : Starting a blocking GC Explicit
08-05 21:22:49.023  5206 23687 I art     : Explicit concurrent mark sweep GC freed 1437(82KB) AllocSpace objects, 1(20KB) LOS objects, 29% free, 37MB/53MB, paused 1.016ms total 38.366ms
08-05 21:22:49.036  5206 23687 I art     : Starting a blocking GC Explicit
08-05 21:22:49.070  5206 23687 I art     : Explicit concurrent mark sweep GC freed 22(784B) AllocSpace objects, 0(0B) LOS objects, 29% free, 37MB/53MB, paused 998us total 33.833ms
08-05 21:22:49.080  5206 23687 I art     : Starting a blocking GC Explicit
08-05 21:22:49.115  5206 23687 I art     : Explicit concurrent mark sweep GC freed 3(96B) AllocSpace objects, 0(0B) LOS objects, 29% free, 37MB/53MB, paused 985us total 34.251ms
08-05 21:22:49.124  5206 23687 I art     : Starting a blocking GC Explicit
08-05 21:22:49.160  5206 23687 I art     : Explicit concurrent mark sweep GC freed 3(96B) AllocSpace objects, 0(0B) LOS objects, 29% free, 37MB/53MB, paused 946us total 35.202ms
08-05 21:22:49.170  5206 23687 I art     : Starting a blocking GC Explicit
08-05 21:22:49.204  5206 23687 I art     : Explicit concurrent mark sweep GC freed 3(96B) AllocSpace objects, 0(0B) LOS objects, 29% free, 37MB/53MB, paused 931us total 33.750ms
08-05 21:22:49.559  5206 24515 I art     : Starting a blocking GC Explicit
08-05 21:22:49.597  5206 24515 I art     : Explicit concurrent mark sweep GC freed 1530(86KB) AllocSpace objects, 1(20KB) LOS objects, 29% free, 37MB/53MB, paused 1.034ms total 37.993ms
08-05 21:22:49.607  5206 24515 I art     : Starting a blocking GC Explicit
08-05 21:22:49.641  5206 24515 I art     : Explicit concurrent mark sweep GC freed 93(4KB) AllocSpace objects, 0(0B) LOS objects, 29% free, 37MB/53MB, paused 1.035ms total 34.233ms
08-05 21:22:49.651  5206 24515 I art     : Starting a blocking GC Explicit
08-05 21:22:49.686  5206 24515 I art     : Explicit concurrent mark sweep GC freed 12(1408B) AllocSpace objects, 0(0B) LOS objects, 29% free, 37MB/53MB, paused 990us total 34.400ms
08-05 21:22:49.696  5206 24515 I art     : Starting a blocking GC Explicit
08-05 21:22:49.715 24895 24895 I ServiceManager: Waiting for service AtCmdFwd...
08-05 21:22:49.731  5206 24515 I art     : Explicit concurrent mark sweep GC freed 3(96B) AllocSpace objects, 0(0B) LOS objects, 29% free, 37MB/53MB, paused 1.035ms total 35.107ms
08-05 21:22:49.741  5206 24515 I art     : Starting a blocking GC Explicit
08-05 21:22:49.777  5206 24515 I art     : Explicit concurrent mark sweep GC freed 3(96B) AllocSpace objects, 0(0B) LOS objects, 29% free, 37MB/53MB, paused 1.028ms total 35.339ms
08-05 21:22:50.079  5206 24563 E baseline.com.newsblur.network.APIResponse: Error (unexpected end of stream on https://www.newsblur.com/...) calling https://www.newsblur.com/reader/feed_unread_count?feed_id=0
08-05 21:22:50.079  5206 24563 E baseline.com.newsblur.network.APIResponse: java.io.IOException: unexpected end of stream on https://www.newsblur.com/...
08-05 21:22:50.079  5206 24563 E baseline.com.newsblur.network.APIResponse: 	at okhttp3.internal.http1.Http1ExchangeCodec.readResponseHeaders(Http1ExchangeCodec.java:236)
08-05 21:22:50.079  5206 24563 E baseline.com.newsblur.network.APIResponse: 	at okhttp3.internal.connection.Exchange.readResponseHeaders(Exchange.java:115)
08-05 21:22:50.079  5206 24563 E baseline.com.newsblur.network.APIResponse: 	at okhttp3.internal.http.CallServerInterceptor.intercept(CallServerInterceptor.java:94)
08-05 21:22:50.079  5206 24563 E baseline.com.newsblur.network.APIResponse: 	at okhttp3.internal.http.RealInterceptorChain.proceed(RealInterceptorChain.java:142)
08-05 21:22:50.079  5206 24563 E baseline.com.newsblur.network.APIResponse: 	at okhttp3.internal.connection.ConnectInterceptor.intercept(ConnectInterceptor.java:43)
08-05 21:22:50.079  5206 24563 E baseline.com.newsblur.network.APIResponse: 	at okhttp3.internal.http.RealInterceptorChain.proceed(RealInterceptorChain.java:142)
08-05 21:22:50.079  5206 24563 E baseline.com.newsblur.network.APIResponse: 	at okhttp3.internal.http.RealInterceptorChain.proceed(RealInterceptorChain.java:117)
08-05 21:22:50.079  5206 24563 E baseline.com.newsblur.network.APIResponse: 	at okhttp3.internal.cache.CacheInterceptor.intercept(CacheInterceptor.java:94)
08-05 21:22:50.079  5206 24563 E baseline.com.newsblur.network.APIResponse: 	at okhttp3.internal.http.RealInterceptorChain.proceed(RealInterceptorChain.java:142)
08-05 21:22:50.079  5206 24563 E baseline.com.newsblur.network.APIResponse: 	at okhttp3.internal.http.RealInterceptorChain.proceed(RealInterceptorChain.java:117)
08-05 21:22:50.079  5206 24563 E baseline.com.newsblur.network.APIResponse: 	at okhttp3.internal.http.BridgeInterceptor.intercept(BridgeInterceptor.java:93)
08-05 21:22:50.079  5206 24563 E baseline.com.newsblur.network.APIResponse: 	at okhttp3.internal.http.RealInterceptorChain.proceed(RealInterceptorChain.java:142)
08-05 21:22:50.079  5206 24563 E baseline.com.newsblur.network.APIResponse: 	at okhttp3.internal.http.RetryAndFollowUpInterceptor.intercept(RetryAndFollowUpInterceptor.java:88)
08-05 21:22:50.079  5206 24563 E baseline.com.newsblur.network.APIResponse: 	at okhttp3.internal.http.RealInterceptorChain.proceed(RealInterceptorChain.java:142)
08-05 21:22:50.079  5206 24563 E baseline.com.newsblur.network.APIResponse: 	at okhttp3.internal.http.RealInterceptorChain.proceed(RealInterceptorChain.java:117)
08-05 21:22:50.079  5206 24563 E baseline.com.newsblur.network.APIResponse: 	at okhttp3.RealCall.getResponseWithInterceptorChain(RealCall.java:229)
08-05 21:22:50.079  5206 24563 E baseline.com.newsblur.network.APIResponse: 	at okhttp3.RealCall.execute(RealCall.java:81)
08-05 21:22:50.079  5206 24563 E baseline.com.newsblur.network.APIResponse: 	at baseline.com.newsblur.network.APIResponse.<init>(APIResponse.java:57)
08-05 21:22:50.079  5206 24563 E baseline.com.newsblur.network.APIResponse: 	at baseline.com.newsblur.network.APIManager.get_single(APIManager.java:639)
08-05 21:22:50.079  5206 24563 E baseline.com.newsblur.network.APIResponse: 	at baseline.com.newsblur.network.APIManager.get(APIManager.java:625)
08-05 21:22:50.079  5206 24563 E baseline.com.newsblur.network.APIResponse: 	at baseline.com.newsblur.network.APIManager.get(APIManager.java:667)
08-05 21:22:50.079  5206 24563 E baseline.com.newsblur.network.APIResponse: 	at baseline.com.newsblur.network.APIManager.getFeedUnreadCounts(APIManager.java:274)
08-05 21:22:50.079  5206 24563 E baseline.com.newsblur.network.APIResponse: 	at baseline.com.newsblur.service.NBSyncService.checkRecounts(NBSyncService.java:660)
08-05 21:22:50.079  5206 24563 E baseline.com.newsblur.network.APIResponse: 	at baseline.com.newsblur.service.NBSyncService.doSync(NBSyncService.java:310)
08-05 21:22:50.079  5206 24563 E baseline.com.newsblur.network.APIResponse: 	at baseline.com.newsblur.service.NBSyncService.access$100(NBSyncService.java:67)
08-05 21:22:50.079  5206 24563 E baseline.com.newsblur.network.APIResponse: 	at baseline.com.newsblur.service.NBSyncService$1.run(NBSyncService.java:188)
08-05 21:22:50.079  5206 24563 E baseline.com.newsblur.network.APIResponse: 	at java.util.concurrent.ThreadPoolExecutor.runWorker(ThreadPoolExecutor.java:1113)
08-05 21:22:50.079  5206 24563 E baseline.com.newsblur.network.APIResponse: 	at java.util.concurrent.ThreadPoolExecutor$Worker.run(ThreadPoolExecutor.java:588)
08-05 21:22:50.079  5206 24563 E baseline.com.newsblur.network.APIResponse: 	at java.lang.Thread.run(Thread.java:818)
08-05 21:22:50.079  5206 24563 E baseline.com.newsblur.network.APIResponse: Caused by: java.io.EOFException: \n not found: limit=0 content=
08-05 21:22:50.079  5206 24563 E baseline.com.newsblur.network.APIResponse: 	at okio.RealBufferedSource.readUtf8LineStrict(RealBufferedSource.java:240)
08-05 21:22:50.079  5206 24563 E baseline.com.newsblur.network.APIResponse: 	at okhttp3.internal.http1.Http1ExchangeCodec.readHeaderLine(Http1ExchangeCodec.java:242)
08-05 21:22:50.079  5206 24563 E baseline.com.newsblur.network.APIResponse: 	at okhttp3.internal.http1.Http1ExchangeCodec.readResponseHeaders(Http1ExchangeCodec.java:213)
08-05 21:22:50.079  5206 24563 E baseline.com.newsblur.network.APIResponse: 	... 28 more
08-05 21:22:50.083  5206 24563 W baseline.com.newsblur.service.NBSyncService: Bad response to feed_unread_count
08-05 21:22:50.128  5206  5220 I art     : Starting a blocking GC Explicit
08-05 21:22:50.163  5206  5220 I art     : Explicit concurrent mark sweep GC freed 4447(422KB) AllocSpace objects, 6(120KB) LOS objects, 29% free, 37MB/53MB, paused 1.058ms total 34.853ms
08-05 21:22:50.172  5206  5220 I art     : Starting a blocking GC Explicit
08-05 21:22:50.208  5206  5220 I art     : Explicit concurrent mark sweep GC freed 136(5KB) AllocSpace objects, 0(0B) LOS objects, 29% free, 37MB/53MB, paused 1.059ms total 35.483ms
08-05 21:22:50.218  5206  5220 I art     : Starting a blocking GC Explicit
08-05 21:22:50.254  5206  5220 I art     : Explicit concurrent mark sweep GC freed 3(96B) AllocSpace objects, 0(0B) LOS objects, 29% free, 37MB/53MB, paused 1.067ms total 35.562ms
08-05 21:22:50.264  5206  5220 I art     : Starting a blocking GC Explicit
08-05 21:22:50.297  5206  5220 I art     : Explicit concurrent mark sweep GC freed 3(96B) AllocSpace objects, 0(0B) LOS objects, 29% free, 37MB/53MB, paused 1.117ms total 33.600ms
08-05 21:22:50.307  5206  5220 I art     : Starting a blocking GC Explicit
08-05 21:22:50.341  5206  5220 I art     : Explicit concurrent mark sweep GC freed 3(96B) AllocSpace objects, 0(0B) LOS objects, 29% free, 37MB/53MB, paused 1.128ms total 33.639ms
08-05 21:22:50.490  5206 24563 E baseline.com.newsblur.network.APIResponse: Error (unexpected end of stream on https://www.newsblur.com/...) calling https://www.newsblur.com/reader/mark_story_hashes_as_read/
08-05 21:22:50.490  5206 24563 E baseline.com.newsblur.network.APIResponse: java.io.IOException: unexpected end of stream on https://www.newsblur.com/...
08-05 21:22:50.490  5206 24563 E baseline.com.newsblur.network.APIResponse: 	at okhttp3.internal.http1.Http1ExchangeCodec.readResponseHeaders(Http1ExchangeCodec.java:236)
08-05 21:22:50.490  5206 24563 E baseline.com.newsblur.network.APIResponse: 	at okhttp3.internal.connection.Exchange.readResponseHeaders(Exchange.java:115)
08-05 21:22:50.490  5206 24563 E baseline.com.newsblur.network.APIResponse: 	at okhttp3.internal.http.CallServerInterceptor.intercept(CallServerInterceptor.java:94)
08-05 21:22:50.490  5206 24563 E baseline.com.newsblur.network.APIResponse: 	at okhttp3.internal.http.RealInterceptorChain.proceed(RealInterceptorChain.java:142)
08-05 21:22:50.490  5206 24563 E baseline.com.newsblur.network.APIResponse: 	at okhttp3.internal.connection.ConnectInterceptor.intercept(ConnectInterceptor.java:43)
08-05 21:22:50.490  5206 24563 E baseline.com.newsblur.network.APIResponse: 	at okhttp3.internal.http.RealInterceptorChain.proceed(RealInterceptorChain.java:142)
08-05 21:22:50.490  5206 24563 E baseline.com.newsblur.network.APIResponse: 	at okhttp3.internal.http.RealInterceptorChain.proceed(RealInterceptorChain.java:117)
08-05 21:22:50.490  5206 24563 E baseline.com.newsblur.network.APIResponse: 	at okhttp3.internal.cache.CacheInterceptor.intercept(CacheInterceptor.java:94)
08-05 21:22:50.490  5206 24563 E baseline.com.newsblur.network.APIResponse: 	at okhttp3.internal.http.RealInterceptorChain.proceed(RealInterceptorChain.java:142)
08-05 21:22:50.490  5206 24563 E baseline.com.newsblur.network.APIResponse: 	at okhttp3.internal.http.RealInterceptorChain.proceed(RealInterceptorChain.java:117)
08-05 21:22:50.490  5206 24563 E baseline.com.newsblur.network.APIResponse: 	at okhttp3.internal.http.BridgeInterceptor.intercept(BridgeInterceptor.java:93)
08-05 21:22:50.490  5206 24563 E baseline.com.newsblur.network.APIResponse: 	at okhttp3.internal.http.RealInterceptorChain.proceed(RealInterceptorChain.java:142)
08-05 21:22:50.490  5206 24563 E baseline.com.newsblur.network.APIResponse: 	at okhttp3.internal.http.RetryAndFollowUpInterceptor.intercept(RetryAndFollowUpInterceptor.java:88)
08-05 21:22:50.490  5206 24563 E baseline.com.newsblur.network.APIResponse: 	at okhttp3.internal.http.RealInterceptorChain.proceed(RealInterceptorChain.java:142)
08-05 21:22:50.490  5206 24563 E baseline.com.newsblur.network.APIResponse: 	at okhttp3.internal.http.RealInterceptorChain.proceed(RealInterceptorChain.java:117)
08-05 21:22:50.490  5206 24563 E baseline.com.newsblur.network.APIResponse: 	at okhttp3.RealCall.getResponseWithInterceptorChain(RealCall.java:229)
08-05 21:22:50.490  5206 24563 E baseline.com.newsblur.network.APIResponse: 	at okhttp3.RealCall.execute(RealCall.java:81)
08-05 21:22:50.490  5206 24563 E baseline.com.newsblur.network.APIResponse: 	at baseline.com.newsblur.network.APIResponse.<init>(APIResponse.java:57)
08-05 21:22:50.490  5206 24563 E baseline.com.newsblur.network.APIResponse: 	at baseline.com.newsblur.network.APIResponse.<init>(APIResponse.java:43)
08-05 21:22:50.490  5206 24563 E baseline.com.newsblur.network.APIResponse: 	at baseline.com.newsblur.network.APIManager.post_single(APIManager.java:702)
08-05 21:22:50.490  5206 24563 E baseline.com.newsblur.network.APIResponse: 	at baseline.com.newsblur.network.APIManager.post(APIManager.java:675)
08-05 21:22:50.490  5206 24563 E baseline.com.newsblur.network.APIResponse: 	at baseline.com.newsblur.network.APIManager.post(APIManager.java:714)
08-05 21:22:50.490  5206 24563 E baseline.com.newsblur.network.APIResponse: 	at baseline.com.newsblur.network.APIManager.markStoryAsRead(APIManager.java:205)
08-05 21:22:50.490  5206 24563 E baseline.com.newsblur.network.APIResponse: 	at baseline.com.newsblur.util.ReadingAction.doRemote(ReadingAction.java:281)
08-05 21:22:50.490  5206 24563 E baseline.com.newsblur.network.APIResponse: 	at baseline.com.newsblur.service.NBSyncService.syncActions(NBSyncService.java:400)
08-05 21:22:50.490  5206 24563 E baseline.com.newsblur.network.APIResponse: 	at baseline.com.newsblur.service.NBSyncService.doSync(NBSyncService.java:298)
08-05 21:22:50.490  5206 24563 E baseline.com.newsblur.network.APIResponse: 	at baseline.com.newsblur.service.NBSyncService.access$100(NBSyncService.java:67)
08-05 21:22:50.490  5206 24563 E baseline.com.newsblur.network.APIResponse: 	at baseline.com.newsblur.service.NBSyncService$1.run(NBSyncService.java:188)
08-05 21:22:50.490  5206 24563 E baseline.com.newsblur.network.APIResponse: 	at java.util.concurrent.ThreadPoolExecutor.runWorker(ThreadPoolExecutor.java:1113)
08-05 21:22:50.490  5206 24563 E baseline.com.newsblur.network.APIResponse: 	at java.util.concurrent.ThreadPoolExecutor$Worker.run(ThreadPoolExecutor.java:588)
08-05 21:22:50.490  5206 24563 E baseline.com.newsblur.network.APIResponse: 	at java.lang.Thread.run(Thread.java:818)
08-05 21:22:50.490  5206 24563 E baseline.com.newsblur.network.APIResponse: Caused by: java.io.EOFException: \n not found: limit=0 content=
08-05 21:22:50.490  5206 24563 E baseline.com.newsblur.network.APIResponse: 	at okio.RealBufferedSource.readUtf8LineStrict(RealBufferedSource.java:240)
08-05 21:22:50.490  5206 24563 E baseline.com.newsblur.network.APIResponse: 	at okhttp3.internal.http1.Http1ExchangeCodec.readHeaderLine(Http1ExchangeCodec.java:242)
08-05 21:22:50.490  5206 24563 E baseline.com.newsblur.network.APIResponse: 	at okhttp3.internal.http1.Http1ExchangeCodec.readResponseHeaders(Http1ExchangeCodec.java:213)
08-05 21:22:50.490  5206 24563 E baseline.com.newsblur.network.APIResponse: 	... 30 more
08-05 21:22:50.491  5206 24563 I baseline.com.newsblur.network.APIManager: API call failed, pausing before retry number 1
08-05 21:22:50.635  5206 23889 I art     : Starting a blocking GC Explicit
08-05 21:22:50.673  5206 23889 I art     : Explicit concurrent mark sweep GC freed 3944(357KB) AllocSpace objects, 3(60KB) LOS objects, 29% free, 37MB/53MB, paused 1.093ms total 37.414ms
08-05 21:22:50.684  5206 23889 I art     : Starting a blocking GC Explicit
08-05 21:22:50.705 24941 24941 D AndroidRuntime: >>>>>> START com.android.internal.os.RuntimeInit uid 2000 <<<<<<
08-05 21:22:50.710 24941 24941 D AndroidRuntime: CheckJNI is OFF
08-05 21:22:50.716 24895 24895 I ServiceManager: Waiting for service AtCmdFwd...
08-05 21:22:50.719  5206 23889 I art     : Explicit concurrent mark sweep GC freed 109(3KB) AllocSpace objects, 0(0B) LOS objects, 29% free, 37MB/53MB, paused 1.064ms total 34.847ms
08-05 21:22:50.729  5206 23889 I art     : Starting a blocking GC Explicit
08-05 21:22:50.745 24941 24941 D ICU     : No timezone override file found: /data/misc/zoneinfo/current/icu/icu_tzdata.dat
08-05 21:22:50.763  5206 23889 I art     : Explicit concurrent mark sweep GC freed 3(96B) AllocSpace objects, 0(0B) LOS objects, 29% free, 37MB/53MB, paused 1.055ms total 34.320ms
08-05 21:22:50.764  5206  5218 I art     : WaitForGcToComplete blocked for 32.893ms for cause HeapTrim
08-05 21:22:50.773  5206 23889 I art     : Starting a blocking GC Explicit
08-05 21:22:50.781 24941 24941 I Radio-JNI: register_android_hardware_Radio DONE
08-05 21:22:50.803 24941 24941 D AndroidRuntime: Calling main entry com.android.commands.input.Input
08-05 21:22:50.806 24941 24941 I Input   : injectMotionEvent: MotionEvent { action=ACTION_DOWN, actionButton=0, id[0]=0, x[0]=436.0, y[0]=453.0, toolType[0]=TOOL_TYPE_UNKNOWN, buttonState=0, metaState=0, flags=0x0, edgeFlags=0x0, pointerCount=1, historySize=0, eventTime=825787218, downTime=825787218, deviceId=0, source=0x1002 }
08-05 21:22:50.808  5206 23889 I art     : Explicit concurrent mark sweep GC freed 3(96B) AllocSpace objects, 0(0B) LOS objects, 29% free, 37MB/53MB, paused 1.107ms total 34.862ms
08-05 21:22:50.813 24941 24941 I Input   : injectMotionEvent: MotionEvent { action=ACTION_UP, actionButton=0, id[0]=0, x[0]=436.0, y[0]=453.0, toolType[0]=TOOL_TYPE_UNKNOWN, buttonState=0, metaState=0, flags=0x0, edgeFlags=0x0, pointerCount=1, historySize=0, eventTime=825787218, downTime=825787218, deviceId=0, source=0x1002 }
08-05 21:22:50.815 24941 24941 D AndroidRuntime: Shutting down VM
08-05 21:22:50.818  5206 23889 I art     : Starting a blocking GC Explicit
08-05 21:22:50.825   512  2967 D audio_hw_primary: out_set_parameters: enter: usecase(1: low-latency-playback) kvpairs: routing=2
08-05 21:22:50.826   918  6112 I ActivityManager: START u0 {cmp=baseline.com.newsblur/.activity.GlobalSharedStoriesReading (has extras)} from uid 10676 on display 0
08-05 21:22:50.838   512  2967 D audio_hw_primary: select_devices: out_snd_device(2: speaker) in_snd_device(0: none)
08-05 21:22:50.838   512  2967 D msm8974_platform: platform_send_audio_calibration: sending audio calibration for snd_device(2) acdb_id(15)
08-05 21:22:50.838   512  2967 I soundtrigger: audio_extn_sound_trigger_update_device_status: device 0x2 of type 0 for Event 1
08-05 21:22:50.848   512  2967 D audio_hw_primary: enable_snd_device: snd_device(2: speaker)
08-05 21:22:50.850   512  2967 D audio_hw_primary: enable_audio_route: apply and update mixer path: low-latency-playback speaker
08-05 21:22:50.853  5206 23889 I art     : Explicit concurrent mark sweep GC freed 579(82KB) AllocSpace objects, 2(40KB) LOS objects, 29% free, 37MB/53MB, paused 1.198ms total 34.666ms
08-05 21:22:51.019   918   936 I ActivityManager: Displayed baseline.com.newsblur/.activity.GlobalSharedStoriesReading: +185ms
08-05 21:22:51.023 13866 13866 I GoogleInputMethodServic: GoogleInputMethodService.onFinishInput():3138 
08-05 21:22:51.023 13866 13866 I GoogleInputMethodServic: GoogleInputMethodService.onStartInput():1808 
08-05 21:22:51.162  5206  5220 I art     : Starting a blocking GC Explicit
08-05 21:22:51.198  5206  5220 I art     : Explicit concurrent mark sweep GC freed 5290(402KB) AllocSpace objects, 16(784KB) LOS objects, 29% free, 38MB/54MB, paused 1.153ms total 35.803ms
08-05 21:22:51.208  5206  5220 I art     : Starting a blocking GC Explicit
08-05 21:22:51.224  5206 24234 E chromium: [ERROR:tile_manager.cc(793)] WARNING: tile memory limits exceeded, some content may not draw
08-05 21:22:51.224  5206 24234 E chromium: [ERROR:tile_manager.cc(793)] WARNING: tile memory limits exceeded, some content may not draw
08-05 21:22:51.242  5206  5220 I art     : Explicit concurrent mark sweep GC freed 1336(78KB) AllocSpace objects, 1(28KB) LOS objects, 29% free, 38MB/54MB, paused 1.050ms total 33.880ms
08-05 21:22:51.252  5206  5220 I art     : Starting a blocking GC Explicit
08-05 21:22:51.286  5206  5220 I art     : Explicit concurrent mark sweep GC freed 60(2416B) AllocSpace objects, 0(0B) LOS objects, 29% free, 38MB/54MB, paused 956us total 33.740ms
08-05 21:22:51.296  5206  5220 I art     : Starting a blocking GC Explicit
08-05 21:22:51.330  5206  5220 I art     : Explicit concurrent mark sweep GC freed 3(96B) AllocSpace objects, 0(0B) LOS objects, 29% free, 38MB/54MB, paused 904us total 33.952ms
08-05 21:22:51.339  5206  5220 I art     : Starting a blocking GC Explicit
08-05 21:22:51.375  5206  5220 I art     : Explicit concurrent mark sweep GC freed 3(96B) AllocSpace objects, 0(0B) LOS objects, 29% free, 38MB/54MB, paused 1.042ms total 35.030ms
08-05 21:22:51.388   512  2967 D audio_hw_primary: disable_audio_route: reset and update mixer path: low-latency-playback speaker
08-05 21:22:51.389   512  2967 D audio_hw_primary: disable_snd_device: snd_device(2: speaker)
08-05 21:22:51.399   512  2967 I soundtrigger: audio_extn_sound_trigger_update_device_status: device 0x2 of type 0 for Event 0
08-05 21:22:51.417   918  3261 D WifiStateMachine: starting scan for "H369AA63323"WPA_PSK with 2412,5180
08-05 21:22:51.703  5206 23687 I art     : Starting a blocking GC Explicit
08-05 21:22:51.716 24895 24895 I ServiceManager: Waiting for service AtCmdFwd...
08-05 21:22:51.744  5206 23687 I art     : Explicit concurrent mark sweep GC freed 1587(100KB) AllocSpace objects, 2(40KB) LOS objects, 29% free, 38MB/54MB, paused 1.044ms total 41.314ms
08-05 21:22:51.759  5206 23687 I art     : Starting a blocking GC Explicit
08-05 21:22:51.796  5206 23687 I art     : Explicit concurrent mark sweep GC freed 29(1088B) AllocSpace objects, 0(0B) LOS objects, 29% free, 38MB/54MB, paused 997us total 36.680ms
08-05 21:22:51.806  5206 23687 I art     : Starting a blocking GC Explicit
08-05 21:22:51.842  5206 23687 I art     : Explicit concurrent mark sweep GC freed 3(96B) AllocSpace objects, 0(0B) LOS objects, 29% free, 38MB/54MB, paused 927us total 35.682ms
08-05 21:22:51.853  5206 23687 I art     : Starting a blocking GC Explicit
08-05 21:22:51.891  5206 23687 I art     : Explicit concurrent mark sweep GC freed 3(96B) AllocSpace objects, 0(0B) LOS objects, 29% free, 38MB/54MB, paused 932us total 38.149ms
08-05 21:22:51.902  5206 23687 I art     : Starting a blocking GC Explicit
08-05 21:22:51.940  5206 23687 I art     : Explicit concurrent mark sweep GC freed 3(96B) AllocSpace objects, 0(0B) LOS objects, 29% free, 38MB/54MB, paused 1.021ms total 37.652ms
08-05 21:22:52.265  5206 23889 I art     : Starting a blocking GC Explicit
08-05 21:22:52.311  5206 23889 I art     : Explicit concurrent mark sweep GC freed 1615(92KB) AllocSpace objects, 1(20KB) LOS objects, 29% free, 38MB/54MB, paused 1.879ms total 46.083ms
08-05 21:22:52.322  5206 23889 I art     : Starting a blocking GC Explicit
08-05 21:22:52.360  5206 23889 I art     : Explicit concurrent mark sweep GC freed 40(1424B) AllocSpace objects, 0(0B) LOS objects, 29% free, 38MB/54MB, paused 1.171ms total 36.940ms
08-05 21:22:52.369  5206 23889 I art     : Starting a blocking GC Explicit
08-05 21:22:52.406  5206 23889 I art     : Explicit concurrent mark sweep GC freed 15(480B) AllocSpace objects, 0(0B) LOS objects, 29% free, 38MB/54MB, paused 1.099ms total 36.196ms
08-05 21:22:52.417  5206 23889 I art     : Starting a blocking GC Explicit
08-05 21:22:52.454  5206 23889 I art     : Explicit concurrent mark sweep GC freed 15(480B) AllocSpace objects, 0(0B) LOS objects, 29% free, 38MB/54MB, paused 1.018ms total 37.262ms
08-05 21:22:52.465  5206 23889 I art     : Starting a blocking GC Explicit
08-05 21:22:52.480   518   646 I ThermalEngine: ACTION: GPU - Setting GPU[0] to 450000000
08-05 21:22:52.511  5206 23889 I art     : Explicit concurrent mark sweep GC freed 1650(64KB) AllocSpace objects, 0(0B) LOS objects, 29% free, 38MB/54MB, paused 1.654ms total 45.164ms
08-05 21:22:52.548  5206 24563 E baseline.com.newsblur.network.APIResponse: Error (unexpected end of stream on https://www.newsblur.com/...) calling https://www.newsblur.com/reader/mark_story_hashes_as_read/
08-05 21:22:52.548  5206 24563 E baseline.com.newsblur.network.APIResponse: java.io.IOException: unexpected end of stream on https://www.newsblur.com/...
08-05 21:22:52.548  5206 24563 E baseline.com.newsblur.network.APIResponse: 	at okhttp3.internal.http1.Http1ExchangeCodec.readResponseHeaders(Http1ExchangeCodec.java:236)
08-05 21:22:52.548  5206 24563 E baseline.com.newsblur.network.APIResponse: 	at okhttp3.internal.connection.Exchange.readResponseHeaders(Exchange.java:115)
08-05 21:22:52.548  5206 24563 E baseline.com.newsblur.network.APIResponse: 	at okhttp3.internal.http.CallServerInterceptor.intercept(CallServerInterceptor.java:94)
08-05 21:22:52.548  5206 24563 E baseline.com.newsblur.network.APIResponse: 	at okhttp3.internal.http.RealInterceptorChain.proceed(RealInterceptorChain.java:142)
08-05 21:22:52.548  5206 24563 E baseline.com.newsblur.network.APIResponse: 	at okhttp3.internal.connection.ConnectInterceptor.intercept(ConnectInterceptor.java:43)
08-05 21:22:52.548  5206 24563 E baseline.com.newsblur.network.APIResponse: 	at okhttp3.internal.http.RealInterceptorChain.proceed(RealInterceptorChain.java:142)
08-05 21:22:52.548  5206 24563 E baseline.com.newsblur.network.APIResponse: 	at okhttp3.internal.http.RealInterceptorChain.proceed(RealInterceptorChain.java:117)
08-05 21:22:52.548  5206 24563 E baseline.com.newsblur.network.APIResponse: 	at okhttp3.internal.cache.CacheInterceptor.intercept(CacheInterceptor.java:94)
08-05 21:22:52.548  5206 24563 E baseline.com.newsblur.network.APIResponse: 	at okhttp3.internal.http.RealInterceptorChain.proceed(RealInterceptorChain.java:142)
08-05 21:22:52.548  5206 24563 E baseline.com.newsblur.network.APIResponse: 	at okhttp3.internal.http.RealInterceptorChain.proceed(RealInterceptorChain.java:117)
08-05 21:22:52.548  5206 24563 E baseline.com.newsblur.network.APIResponse: 	at okhttp3.internal.http.BridgeInterceptor.intercept(BridgeInterceptor.java:93)
08-05 21:22:52.548  5206 24563 E baseline.com.newsblur.network.APIResponse: 	at okhttp3.internal.http.RealInterceptorChain.proceed(RealInterceptorChain.java:142)
08-05 21:22:52.548  5206 24563 E baseline.com.newsblur.network.APIResponse: 	at okhttp3.internal.http.RetryAndFollowUpInterceptor.intercept(RetryAndFollowUpInterceptor.java:88)
08-05 21:22:52.548  5206 24563 E baseline.com.newsblur.network.APIResponse: 	at okhttp3.internal.http.RealInterceptorChain.proceed(RealInterceptorChain.java:142)
08-05 21:22:52.548  5206 24563 E baseline.com.newsblur.network.APIResponse: 	at okhttp3.internal.http.RealInterceptorChain.proceed(RealInterceptorChain.java:117)
08-05 21:22:52.548  5206 24563 E baseline.com.newsblur.network.APIResponse: 	at okhttp3.RealCall.getResponseWithInterceptorChain(RealCall.java:229)
08-05 21:22:52.548  5206 24563 E baseline.com.newsblur.network.APIResponse: 	at okhttp3.RealCall.execute(RealCall.java:81)
08-05 21:22:52.548  5206 24563 E baseline.com.newsblur.network.APIResponse: 	at baseline.com.newsblur.network.APIResponse.<init>(APIResponse.java:57)
08-05 21:22:52.548  5206 24563 E baseline.com.newsblur.network.APIResponse: 	at baseline.com.newsblur.network.APIResponse.<init>(APIResponse.java:43)
08-05 21:22:52.548  5206 24563 E baseline.com.newsblur.network.APIResponse: 	at baseline.com.newsblur.network.APIManager.post_single(APIManager.java:702)
08-05 21:22:52.548  5206 24563 E baseline.com.newsblur.network.APIResponse: 	at baseline.com.newsblur.network.APIManager.post(APIManager.java:675)
08-05 21:22:52.548  5206 24563 E baseline.com.newsblur.network.APIResponse: 	at baseline.com.newsblur.network.APIManager.post(APIManager.java:714)
08-05 21:22:52.548  5206 24563 E baseline.com.newsblur.network.APIResponse: 	at baseline.com.newsblur.network.APIManager.markStoryAsRead(APIManager.java:205)
08-05 21:22:52.548  5206 24563 E baseline.com.newsblur.network.APIResponse: 	at baseline.com.newsblur.util.ReadingAction.doRemote(ReadingAction.java:281)
08-05 21:22:52.548  5206 24563 E baseline.com.newsblur.network.APIResponse: 	at baseline.com.newsblur.service.NBSyncService.syncActions(NBSyncService.java:400)
08-05 21:22:52.548  5206 24563 E baseline.com.newsblur.network.APIResponse: 	at baseline.com.newsblur.service.NBSyncService.doSync(NBSyncService.java:298)
08-05 21:22:52.548  5206 24563 E baseline.com.newsblur.network.APIResponse: 	at baseline.com.newsblur.service.NBSyncService.access$100(NBSyncService.java:67)
08-05 21:22:52.548  5206 24563 E baseline.com.newsblur.network.APIResponse: 	at baseline.com.newsblur.service.NBSyncService$1.run(NBSyncService.java:188)
08-05 21:22:52.548  5206 24563 E baseline.com.newsblur.network.APIResponse: 	at java.util.concurrent.ThreadPoolExecutor.runWorker(ThreadPoolExecutor.java:1113)
08-05 21:22:52.548  5206 24563 E baseline.com.newsblur.network.APIResponse: 	at java.util.concurrent.ThreadPoolExecutor$Worker.run(ThreadPoolExecutor.java:588)
08-05 21:22:52.548  5206 24563 E baseline.com.newsblur.network.APIResponse: 	at java.lang.Thread.run(Thread.java:818)
08-05 21:22:52.548  5206 24563 E baseline.com.newsblur.network.APIResponse: Caused by: java.io.EOFException: \n not found: limit=0 content=
08-05 21:22:52.548  5206 24563 E baseline.com.newsblur.network.APIResponse: 	at okio.RealBufferedSource.readUtf8LineStrict(RealBufferedSource.java:240)
08-05 21:22:52.548  5206 24563 E baseline.com.newsblur.network.APIResponse: 	at okhttp3.internal.http1.Http1ExchangeCodec.readHeaderLine(Http1ExchangeCodec.java:242)
08-05 21:22:52.548  5206 24563 E baseline.com.newsblur.network.APIResponse: 	at okhttp3.internal.http1.Http1ExchangeCodec.readResponseHeaders(Http1ExchangeCodec.java:213)
08-05 21:22:52.548  5206 24563 E baseline.com.newsblur.network.APIResponse: 	... 30 more
08-05 21:22:52.549  5206 24563 I baseline.com.newsblur.network.APIManager: API call failed, pausing before retry number 2
08-05 21:22:52.717 24895 24895 W Atfwd_Sendcmd: AtCmdFwd service not published, waiting... retryCnt : 1
08-05 21:22:52.866  5206 23687 I art     : Starting a blocking GC Explicit
08-05 21:22:52.919  5206 23687 I art     : Explicit concurrent mark sweep GC freed 2367(294KB) AllocSpace objects, 3(60KB) LOS objects, 29% free, 38MB/54MB, paused 1.511ms total 52.747ms
08-05 21:22:52.933  5206 23687 I art     : Starting a blocking GC Explicit
08-05 21:22:52.986  5206 23687 I art     : Explicit concurrent mark sweep GC freed 76(2944B) AllocSpace objects, 0(0B) LOS objects, 29% free, 38MB/54MB, paused 1.414ms total 52.726ms
08-05 21:22:53.003  5206 23687 I art     : Starting a blocking GC Explicit
08-05 21:22:53.052  5206 23687 I art     : Explicit concurrent mark sweep GC freed 3(96B) AllocSpace objects, 0(0B) LOS objects, 29% free, 38MB/54MB, paused 1.383ms total 49.152ms
08-05 21:22:53.066  5206 23687 I art     : Starting a blocking GC Explicit
08-05 21:22:53.116  5206 23687 I art     : Explicit concurrent mark sweep GC freed 3(96B) AllocSpace objects, 0(0B) LOS objects, 29% free, 38MB/54MB, paused 1.367ms total 49.420ms
08-05 21:22:53.129  5206 23687 I art     : Starting a blocking GC Explicit
08-05 21:22:53.180  5206 23687 I art     : Explicit concurrent mark sweep GC freed 3(96B) AllocSpace objects, 0(0B) LOS objects, 29% free, 38MB/54MB, paused 1.411ms total 50.470ms
08-05 21:22:53.577  5206 23889 I art     : Starting a blocking GC Explicit
08-05 21:22:53.630  5206 23889 I art     : Explicit concurrent mark sweep GC freed 1444(83KB) AllocSpace objects, 1(20KB) LOS objects, 29% free, 38MB/54MB, paused 1.457ms total 51.976ms
08-05 21:22:53.644  5206 23889 I art     : Starting a blocking GC Explicit
08-05 21:22:53.696  5206 23889 I art     : Explicit concurrent mark sweep GC freed 22(784B) AllocSpace objects, 0(0B) LOS objects, 29% free, 38MB/54MB, paused 1.428ms total 52.085ms
08-05 21:22:53.710  5206 23889 I art     : Starting a blocking GC Explicit
08-05 21:22:53.762  5206 23889 I art     : Explicit concurrent mark sweep GC freed 3(96B) AllocSpace objects, 0(0B) LOS objects, 29% free, 38MB/54MB, paused 1.472ms total 51.671ms
08-05 21:22:53.775  5206 23889 I art     : Starting a blocking GC Explicit
08-05 21:22:53.828  5206 23889 I art     : Explicit concurrent mark sweep GC freed 3(96B) AllocSpace objects, 0(0B) LOS objects, 29% free, 38MB/54MB, paused 1.494ms total 52.262ms
08-05 21:22:53.842  5206 23889 I art     : Starting a blocking GC Explicit
08-05 21:22:53.894  5206 23889 I art     : Explicit concurrent mark sweep GC freed 3(96B) AllocSpace objects, 0(0B) LOS objects, 29% free, 38MB/54MB, paused 1.390ms total 51.965ms
08-05 21:22:54.308  5206  5220 I art     : Starting a blocking GC Explicit
08-05 21:22:54.361  5206  5220 I art     : Explicit concurrent mark sweep GC freed 1443(83KB) AllocSpace objects, 1(20KB) LOS objects, 29% free, 38MB/54MB, paused 1.359ms total 52.958ms
08-05 21:22:54.375  5206  5220 I art     : Starting a blocking GC Explicit
08-05 21:22:54.425  5206  5220 I art     : Explicit concurrent mark sweep GC freed 22(784B) AllocSpace objects, 0(0B) LOS objects, 29% free, 38MB/54MB, paused 1.384ms total 49.951ms
08-05 21:22:54.439  5206  5220 I art     : Starting a blocking GC Explicit
08-05 21:22:54.492  5206  5220 I art     : Explicit concurrent mark sweep GC freed 3(96B) AllocSpace objects, 0(0B) LOS objects, 29% free, 38MB/54MB, paused 1.419ms total 53.026ms
08-05 21:22:54.510  5206  5220 I art     : Starting a blocking GC Explicit
08-05 21:22:54.560  5206  5220 I art     : Explicit concurrent mark sweep GC freed 3(96B) AllocSpace objects, 0(0B) LOS objects, 29% free, 38MB/54MB, paused 1.325ms total 49.726ms
08-05 21:22:54.573  5206  5220 I art     : Starting a blocking GC Explicit
08-05 21:22:54.623  5206  5220 I art     : Explicit concurrent mark sweep GC freed 3(96B) AllocSpace objects, 0(0B) LOS objects, 29% free, 38MB/54MB, paused 1.386ms total 50.049ms
08-05 21:22:55.027  5206  5219 I art     : Starting a blocking GC Explicit
08-05 21:22:55.076  5206  5219 I art     : Explicit concurrent mark sweep GC freed 1444(83KB) AllocSpace objects, 1(20KB) LOS objects, 29% free, 38MB/54MB, paused 1.322ms total 48.785ms
08-05 21:22:55.089  5206  5219 I art     : Starting a blocking GC Explicit
08-05 21:22:55.134  5206  5219 I art     : Explicit concurrent mark sweep GC freed 22(784B) AllocSpace objects, 0(0B) LOS objects, 29% free, 38MB/54MB, paused 1.376ms total 44.286ms
08-05 21:22:55.147  5206  5219 I art     : Starting a blocking GC Explicit
08-05 21:22:55.193  5206  5219 I art     : Explicit concurrent mark sweep GC freed 3(96B) AllocSpace objects, 0(0B) LOS objects, 29% free, 38MB/54MB, paused 1.351ms total 45.975ms
08-05 21:22:55.206  5206  5219 I art     : Starting a blocking GC Explicit
08-05 21:22:55.254  5206  5219 I art     : Explicit concurrent mark sweep GC freed 3(96B) AllocSpace objects, 0(0B) LOS objects, 29% free, 38MB/54MB, paused 1.464ms total 48.237ms
08-05 21:22:55.268  5206  5219 I art     : Starting a blocking GC Explicit
08-05 21:22:55.317  5206  5219 I art     : Explicit concurrent mark sweep GC freed 3(96B) AllocSpace objects, 0(0B) LOS objects, 29% free, 38MB/54MB, paused 1.389ms total 48.763ms
08-05 21:22:55.608 25037 25037 D AndroidRuntime: >>>>>> START com.android.internal.os.RuntimeInit uid 2000 <<<<<<
08-05 21:22:55.614 25037 25037 D AndroidRuntime: CheckJNI is OFF
08-05 21:22:55.658 25037 25037 D ICU     : No timezone override file found: /data/misc/zoneinfo/current/icu/icu_tzdata.dat
08-05 21:22:55.700 25037 25037 I Radio-JNI: register_android_hardware_Radio DONE
08-05 21:22:55.708  5206 24515 I art     : Starting a blocking GC Explicit
08-05 21:22:55.731 25037 25037 D AndroidRuntime: Calling main entry com.android.commands.input.Input
08-05 21:22:55.733 25037 25037 I Input   : injectKeyEvent: KeyEvent { action=ACTION_DOWN, keyCode=KEYCODE_BACK, scanCode=0, metaState=0, flags=0x0, repeatCount=0, eventTime=825792145, downTime=825792145, deviceId=-1, source=0x101 }
08-05 21:22:55.740 25037 25037 I Input   : injectKeyEvent: KeyEvent { action=ACTION_UP, keyCode=KEYCODE_BACK, scanCode=0, metaState=0, flags=0x0, repeatCount=0, eventTime=825792145, downTime=825792145, deviceId=-1, source=0x101 }
08-05 21:22:55.748 25037 25037 D AndroidRuntime: Shutting down VM
08-05 21:22:55.759  5206 24515 I art     : Explicit concurrent mark sweep GC freed 1685(107KB) AllocSpace objects, 2(40KB) LOS objects, 29% free, 38MB/54MB, paused 1.725ms total 49.568ms
08-05 21:22:55.771  5206 24515 I art     : Starting a blocking GC Explicit
08-05 21:22:55.815  5206 24515 I art     : Explicit concurrent mark sweep GC freed 182(24KB) AllocSpace objects, 1(20KB) LOS objects, 29% free, 38MB/54MB, paused 1.397ms total 44.228ms
08-05 21:22:55.815  5206  5218 I art     : WaitForGcToComplete blocked for 6.746ms for cause HeapTrim
08-05 21:22:55.828  5206 24515 I art     : Starting a blocking GC Explicit
08-05 21:22:55.872  5206 24515 I art     : Explicit concurrent mark sweep GC freed 29(1056B) AllocSpace objects, 0(0B) LOS objects, 29% free, 38MB/54MB, paused 1.476ms total 43.832ms
08-05 21:22:55.885  5206 24515 I art     : Starting a blocking GC Explicit
08-05 21:22:55.915 13866 13866 I GoogleInputMethodServic: GoogleInputMethodService.onFinishInput():3138 
08-05 21:22:55.916 13866 13866 I GoogleInputMethodServic: GoogleInputMethodService.onStartInput():1808 
08-05 21:22:55.932  5206 24515 I art     : Explicit concurrent mark sweep GC freed 1025(91KB) AllocSpace objects, 2(40KB) LOS objects, 29% free, 38MB/54MB, paused 1.545ms total 46.543ms
08-05 21:22:55.945  5206 24515 I art     : Starting a blocking GC Explicit
08-05 21:22:55.992  5206 24515 I art     : Explicit concurrent mark sweep GC freed 470(36KB) AllocSpace objects, 0(0B) LOS objects, 29% free, 38MB/54MB, paused 1.380ms total 45.934ms
08-05 21:22:56.023 13866 13882 I PeriodicStatsRunner: PeriodicStatsRunner.call():175 call()
08-05 21:22:56.023 13866 13882 I PeriodicStatsRunner: PeriodicStatsRunner.call():179 No submit PeriodicStats since input started.
08-05 21:22:56.122  5206 24563 E baseline.com.newsblur.network.APIResponse: Error (unexpected end of stream on https://www.newsblur.com/...) calling https://www.newsblur.com/reader/mark_story_hashes_as_read/
08-05 21:22:56.122  5206 24563 E baseline.com.newsblur.network.APIResponse: java.io.IOException: unexpected end of stream on https://www.newsblur.com/...
08-05 21:22:56.122  5206 24563 E baseline.com.newsblur.network.APIResponse: 	at okhttp3.internal.http1.Http1ExchangeCodec.readResponseHeaders(Http1ExchangeCodec.java:236)
08-05 21:22:56.122  5206 24563 E baseline.com.newsblur.network.APIResponse: 	at okhttp3.internal.connection.Exchange.readResponseHeaders(Exchange.java:115)
08-05 21:22:56.122  5206 24563 E baseline.com.newsblur.network.APIResponse: 	at okhttp3.internal.http.CallServerInterceptor.intercept(CallServerInterceptor.java:94)
08-05 21:22:56.122  5206 24563 E baseline.com.newsblur.network.APIResponse: 	at okhttp3.internal.http.RealInterceptorChain.proceed(RealInterceptorChain.java:142)
08-05 21:22:56.122  5206 24563 E baseline.com.newsblur.network.APIResponse: 	at okhttp3.internal.connection.ConnectInterceptor.intercept(ConnectInterceptor.java:43)
08-05 21:22:56.122  5206 24563 E baseline.com.newsblur.network.APIResponse: 	at okhttp3.internal.http.RealInterceptorChain.proceed(RealInterceptorChain.java:142)
08-05 21:22:56.122  5206 24563 E baseline.com.newsblur.network.APIResponse: 	at okhttp3.internal.http.RealInterceptorChain.proceed(RealInterceptorChain.java:117)
08-05 21:22:56.122  5206 24563 E baseline.com.newsblur.network.APIResponse: 	at okhttp3.internal.cache.CacheInterceptor.intercept(CacheInterceptor.java:94)
08-05 21:22:56.122  5206 24563 E baseline.com.newsblur.network.APIResponse: 	at okhttp3.internal.http.RealInterceptorChain.proceed(RealInterceptorChain.java:142)
08-05 21:22:56.122  5206 24563 E baseline.com.newsblur.network.APIResponse: 	at okhttp3.internal.http.RealInterceptorChain.proceed(RealInterceptorChain.java:117)
08-05 21:22:56.122  5206 24563 E baseline.com.newsblur.network.APIResponse: 	at okhttp3.internal.http.BridgeInterceptor.intercept(BridgeInterceptor.java:93)
08-05 21:22:56.122  5206 24563 E baseline.com.newsblur.network.APIResponse: 	at okhttp3.internal.http.RealInterceptorChain.proceed(RealInterceptorChain.java:142)
08-05 21:22:56.122  5206 24563 E baseline.com.newsblur.network.APIResponse: 	at okhttp3.internal.http.RetryAndFollowUpInterceptor.intercept(RetryAndFollowUpInterceptor.java:88)
08-05 21:22:56.122  5206 24563 E baseline.com.newsblur.network.APIResponse: 	at okhttp3.internal.http.RealInterceptorChain.proceed(RealInterceptorChain.java:142)
08-05 21:22:56.122  5206 24563 E baseline.com.newsblur.network.APIResponse: 	at okhttp3.internal.http.RealInterceptorChain.proceed(RealInterceptorChain.java:117)
08-05 21:22:56.122  5206 24563 E baseline.com.newsblur.network.APIResponse: 	at okhttp3.RealCall.getResponseWithInterceptorChain(RealCall.java:229)
08-05 21:22:56.122  5206 24563 E baseline.com.newsblur.network.APIResponse: 	at okhttp3.RealCall.execute(RealCall.java:81)
08-05 21:22:56.122  5206 24563 E baseline.com.newsblur.network.APIResponse: 	at baseline.com.newsblur.network.APIResponse.<init>(APIResponse.java:57)
08-05 21:22:56.122  5206 24563 E baseline.com.newsblur.network.APIResponse: 	at baseline.com.newsblur.network.APIResponse.<init>(APIResponse.java:43)
08-05 21:22:56.122  5206 24563 E baseline.com.newsblur.network.APIResponse: 	at baseline.com.newsblur.network.APIManager.post_single(APIManager.java:702)
08-05 21:22:56.122  5206 24563 E baseline.com.newsblur.network.APIResponse: 	at baseline.com.newsblur.network.APIManager.post(APIManager.java:675)
08-05 21:22:56.122  5206 24563 E baseline.com.newsblur.network.APIResponse: 	at baseline.com.newsblur.network.APIManager.post(APIManager.java:714)
08-05 21:22:56.122  5206 24563 E baseline.com.newsblur.network.APIResponse: 	at baseline.com.newsblur.network.APIManager.markStoryAsRead(APIManager.java:205)
08-05 21:22:56.122  5206 24563 E baseline.com.newsblur.network.APIResponse: 	at baseline.com.newsblur.util.ReadingAction.doRemote(ReadingAction.java:281)
08-05 21:22:56.122  5206 24563 E baseline.com.newsblur.network.APIResponse: 	at baseline.com.newsblur.service.NBSyncService.syncActions(NBSyncService.java:400)
08-05 21:22:56.122  5206 24563 E baseline.com.newsblur.network.APIResponse: 	at baseline.com.newsblur.service.NBSyncService.doSync(NBSyncService.java:298)
08-05 21:22:56.122  5206 24563 E baseline.com.newsblur.network.APIResponse: 	at baseline.com.newsblur.service.NBSyncService.access$100(NBSyncService.java:67)
08-05 21:22:56.122  5206 24563 E baseline.com.newsblur.network.APIResponse: 	at baseline.com.newsblur.service.NBSyncService$1.run(NBSyncService.java:188)
08-05 21:22:56.122  5206 24563 E baseline.com.newsblur.network.APIResponse: 	at java.util.concurrent.ThreadPoolExecutor.runWorker(ThreadPoolExecutor.java:1113)
08-05 21:22:56.122  5206 24563 E baseline.com.newsblur.network.APIResponse: 	at java.util.concurrent.ThreadPoolExecutor$Worker.run(ThreadPoolExecutor.java:588)
08-05 21:22:56.122  5206 24563 E baseline.com.newsblur.network.APIResponse: 	at java.lang.Thread.run(Thread.java:818)
08-05 21:22:56.122  5206 24563 E baseline.com.newsblur.network.APIResponse: Caused by: java.io.EOFException: \n not found: limit=0 content=
08-05 21:22:56.122  5206 24563 E baseline.com.newsblur.network.APIResponse: 	at okio.RealBufferedSource.readUtf8LineStrict(RealBufferedSource.java:240)
08-05 21:22:56.122  5206 24563 E baseline.com.newsblur.network.APIResponse: 	at okhttp3.internal.http1.Http1ExchangeCodec.readHeaderLine(Http1ExchangeCodec.java:242)
08-05 21:22:56.122  5206 24563 E baseline.com.newsblur.network.APIResponse: 	at okhttp3.internal.http1.Http1ExchangeCodec.readResponseHeaders(Http1ExchangeCodec.java:213)
08-05 21:22:56.122  5206 24563 E baseline.com.newsblur.network.APIResponse: 	... 30 more
08-05 21:22:56.124  5206 24563 I baseline.com.newsblur.service.NBSyncService: Holding reading action with server-side or network error.
08-05 21:22:56.134  5206 24563 W baseline.com.newsblur.service.NBSyncService: hard API failure
08-05 21:22:56.324  5206  5220 I art     : Starting a blocking GC Explicit
08-05 21:22:56.377  5206  5220 I art     : Explicit concurrent mark sweep GC freed 5967(521KB) AllocSpace objects, 8(168KB) LOS objects, 29% free, 38MB/54MB, paused 1.392ms total 52.889ms
08-05 21:22:56.392  5206  5220 I art     : Starting a blocking GC Explicit
08-05 21:22:56.442  5206  5220 I art     : Explicit concurrent mark sweep GC freed 346(14KB) AllocSpace objects, 0(0B) LOS objects, 29% free, 38MB/54MB, paused 1.428ms total 49.907ms
08-05 21:22:56.456  5206  5220 I art     : Starting a blocking GC Explicit
08-05 21:22:56.508  5206  5220 I art     : Explicit concurrent mark sweep GC freed 1665(65KB) AllocSpace objects, 0(0B) LOS objects, 29% free, 38MB/54MB, paused 1.499ms total 51.167ms
08-05 21:22:56.522  5206  5220 I art     : Starting a blocking GC Explicit
08-05 21:22:56.529  5206 24563 E baseline.com.newsblur.network.APIResponse: Error (unexpected end of stream on https://www.newsblur.com/...) calling https://www.newsblur.com/reader/mark_story_hashes_as_read/
08-05 21:22:56.529  5206 24563 E baseline.com.newsblur.network.APIResponse: java.io.IOException: unexpected end of stream on https://www.newsblur.com/...
08-05 21:22:56.529  5206 24563 E baseline.com.newsblur.network.APIResponse: 	at okhttp3.internal.http1.Http1ExchangeCodec.readResponseHeaders(Http1ExchangeCodec.java:236)
08-05 21:22:56.529  5206 24563 E baseline.com.newsblur.network.APIResponse: 	at okhttp3.internal.connection.Exchange.readResponseHeaders(Exchange.java:115)
08-05 21:22:56.529  5206 24563 E baseline.com.newsblur.network.APIResponse: 	at okhttp3.internal.http.CallServerInterceptor.intercept(CallServerInterceptor.java:94)
08-05 21:22:56.529  5206 24563 E baseline.com.newsblur.network.APIResponse: 	at okhttp3.internal.http.RealInterceptorChain.proceed(RealInterceptorChain.java:142)
08-05 21:22:56.529  5206 24563 E baseline.com.newsblur.network.APIResponse: 	at okhttp3.internal.connection.ConnectInterceptor.intercept(ConnectInterceptor.java:43)
08-05 21:22:56.529  5206 24563 E baseline.com.newsblur.network.APIResponse: 	at okhttp3.internal.http.RealInterceptorChain.proceed(RealInterceptorChain.java:142)
08-05 21:22:56.529  5206 24563 E baseline.com.newsblur.network.APIResponse: 	at okhttp3.internal.http.RealInterceptorChain.proceed(RealInterceptorChain.java:117)
08-05 21:22:56.529  5206 24563 E baseline.com.newsblur.network.APIResponse: 	at okhttp3.internal.cache.CacheInterceptor.intercept(CacheInterceptor.java:94)
08-05 21:22:56.529  5206 24563 E baseline.com.newsblur.network.APIResponse: 	at okhttp3.internal.http.RealInterceptorChain.proceed(RealInterceptorChain.java:142)
08-05 21:22:56.529  5206 24563 E baseline.com.newsblur.network.APIResponse: 	at okhttp3.internal.http.RealInterceptorChain.proceed(RealInterceptorChain.java:117)
08-05 21:22:56.529  5206 24563 E baseline.com.newsblur.network.APIResponse: 	at okhttp3.internal.http.BridgeInterceptor.intercept(BridgeInterceptor.java:93)
08-05 21:22:56.529  5206 24563 E baseline.com.newsblur.network.APIResponse: 	at okhttp3.internal.http.RealInterceptorChain.proceed(RealInterceptorChain.java:142)
08-05 21:22:56.529  5206 24563 E baseline.com.newsblur.network.APIResponse: 	at okhttp3.internal.http.RetryAndFollowUpInterceptor.intercept(RetryAndFollowUpInterceptor.java:88)
08-05 21:22:56.529  5206 24563 E baseline.com.newsblur.network.APIResponse: 	at okhttp3.internal.http.RealInterceptorChain.proceed(RealInterceptorChain.java:142)
08-05 21:22:56.529  5206 24563 E baseline.com.newsblur.network.APIResponse: 	at okhttp3.internal.http.RealInterceptorChain.proceed(RealInterceptorChain.java:117)
08-05 21:22:56.529  5206 24563 E baseline.com.newsblur.network.APIResponse: 	at okhttp3.RealCall.getResponseWithInterceptorChain(RealCall.java:229)
08-05 21:22:56.529  5206 24563 E baseline.com.newsblur.network.APIResponse: 	at okhttp3.RealCall.execute(RealCall.java:81)
08-05 21:22:56.529  5206 24563 E baseline.com.newsblur.network.APIResponse: 	at baseline.com.newsblur.network.APIResponse.<init>(APIResponse.java:57)
08-05 21:22:56.529  5206 24563 E baseline.com.newsblur.network.APIResponse: 	at baseline.com.newsblur.network.APIResponse.<init>(APIResponse.java:43)
08-05 21:22:56.529  5206 24563 E baseline.com.newsblur.network.APIResponse: 	at baseline.com.newsblur.network.APIManager.post_single(APIManager.java:702)
08-05 21:22:56.529  5206 24563 E baseline.com.newsblur.network.APIResponse: 	at baseline.com.newsblur.network.APIManager.post(APIManager.java:675)
08-05 21:22:56.529  5206 24563 E baseline.com.newsblur.network.APIResponse: 	at baseline.com.newsblur.network.APIManager.post(APIManager.java:714)
08-05 21:22:56.529  5206 24563 E baseline.com.newsblur.network.APIResponse: 	at baseline.com.newsblur.network.APIManager.markStoryAsRead(APIManager.java:205)
08-05 21:22:56.529  5206 24563 E baseline.com.newsblur.network.APIResponse: 	at baseline.com.newsblur.util.ReadingAction.doRemote(ReadingAction.java:281)
08-05 21:22:56.529  5206 24563 E baseline.com.newsblur.network.APIResponse: 	at baseline.com.newsblur.service.NBSyncService.syncActions(NBSyncService.java:400)
08-05 21:22:56.529  5206 24563 E baseline.com.newsblur.network.APIResponse: 	at baseline.com.newsblur.service.NBSyncService.doSync(NBSyncService.java:298)
08-05 21:22:56.529  5206 24563 E baseline.com.newsblur.network.APIResponse: 	at baseline.com.newsblur.service.NBSyncService.access$100(NBSyncService.java:67)
08-05 21:22:56.529  5206 24563 E baseline.com.newsblur.network.APIResponse: 	at baseline.com.newsblur.service.NBSyncService$1.run(NBSyncService.java:188)
08-05 21:22:56.529  5206 24563 E baseline.com.newsblur.network.APIResponse: 	at java.util.concurrent.ThreadPoolExecutor.runWorker(ThreadPoolExecutor.java:1113)
08-05 21:22:56.529  5206 24563 E baseline.com.newsblur.network.APIResponse: 	at java.util.concurrent.ThreadPoolExecutor$Worker.run(ThreadPoolExecutor.java:588)
08-05 21:22:56.529  5206 24563 E baseline.com.newsblur.network.APIResponse: 	at java.lang.Thread.run(Thread.java:818)
08-05 21:22:56.529  5206 24563 E baseline.com.newsblur.network.APIResponse: Caused by: java.io.EOFException: \n not found: limit=0 content=
08-05 21:22:56.529  5206 24563 E baseline.com.newsblur.network.APIResponse: 	at okio.RealBufferedSource.readUtf8LineStrict(RealBufferedSource.java:240)
08-05 21:22:56.529  5206 24563 E baseline.com.newsblur.network.APIResponse: 	at okhttp3.internal.http1.Http1ExchangeCodec.readHeaderLine(Http1ExchangeCodec.java:242)
08-05 21:22:56.529  5206 24563 E baseline.com.newsblur.network.APIResponse: 	at okhttp3.internal.http1.Http1ExchangeCodec.readResponseHeaders(Http1ExchangeCodec.java:213)
08-05 21:22:56.529  5206 24563 E baseline.com.newsblur.network.APIResponse: 	... 30 more
08-05 21:22:56.532  5206 24563 I baseline.com.newsblur.network.APIManager: API call failed, pausing before retry number 1
08-05 21:22:56.573  5206  5220 I art     : Explicit concurrent mark sweep GC freed 837(196KB) AllocSpace objects, 2(40KB) LOS objects, 29% free, 38MB/54MB, paused 1.470ms total 50.681ms
08-05 21:22:56.587  5206  5220 I art     : Starting a blocking GC Explicit
08-05 21:22:56.637  5206  5220 I art     : Explicit concurrent mark sweep GC freed 118(16KB) AllocSpace objects, 0(0B) LOS objects, 29% free, 38MB/54MB, paused 1.490ms total 50.325ms
08-05 21:22:57.014  5206 24515 I art     : Starting a blocking GC Explicit
08-05 21:22:57.060  5206 24515 I art     : Explicit concurrent mark sweep GC freed 1515(85KB) AllocSpace objects, 1(20KB) LOS objects, 29% free, 38MB/54MB, paused 1.344ms total 45.727ms
08-05 21:22:57.074  5206 24515 I art     : Starting a blocking GC Explicit
08-05 21:22:57.123  5206 24515 I art     : Explicit concurrent mark sweep GC freed 29(1008B) AllocSpace objects, 0(0B) LOS objects, 29% free, 38MB/54MB, paused 1.664ms total 48.241ms
08-05 21:22:57.136  5206 24515 I art     : Starting a blocking GC Explicit
08-05 21:22:57.186  5206 24515 I art     : Explicit concurrent mark sweep GC freed 11(352B) AllocSpace objects, 0(0B) LOS objects, 29% free, 38MB/54MB, paused 1.559ms total 49.251ms
08-05 21:22:57.200  5206 24515 I art     : Starting a blocking GC Explicit
08-05 21:22:57.249  5206 24515 I art     : Explicit concurrent mark sweep GC freed 11(352B) AllocSpace objects, 0(0B) LOS objects, 29% free, 38MB/54MB, paused 1.406ms total 48.885ms
08-05 21:22:57.264  5206 24515 I art     : Starting a blocking GC Explicit
08-05 21:22:57.313  5206 24515 I art     : Explicit concurrent mark sweep GC freed 10(320B) AllocSpace objects, 0(0B) LOS objects, 29% free, 38MB/54MB, paused 1.344ms total 48.508ms
08-05 21:22:57.544 25083 25083 D AndroidRuntime: >>>>>> START com.android.internal.os.RuntimeInit uid 2000 <<<<<<
08-05 21:22:57.550 25083 25083 D AndroidRuntime: CheckJNI is OFF
08-05 21:22:57.590 25083 25083 D ICU     : No timezone override file found: /data/misc/zoneinfo/current/icu/icu_tzdata.dat
08-05 21:22:57.632 25083 25083 I Radio-JNI: register_android_hardware_Radio DONE
08-05 21:22:57.662 25083 25083 D AndroidRuntime: Calling main entry com.android.commands.input.Input
08-05 21:22:57.664 25083 25083 I Input   : injectKeyEvent: KeyEvent { action=ACTION_DOWN, keyCode=KEYCODE_BACK, scanCode=0, metaState=0, flags=0x0, repeatCount=0, eventTime=825794077, downTime=825794077, deviceId=-1, source=0x101 }
08-05 21:22:57.671 25083 25083 I Input   : injectKeyEvent: KeyEvent { action=ACTION_UP, keyCode=KEYCODE_BACK, scanCode=0, metaState=0, flags=0x0, repeatCount=0, eventTime=825794077, downTime=825794077, deviceId=-1, source=0x101 }
08-05 21:22:57.678 25083 25083 D AndroidRuntime: Shutting down VM
08-05 21:22:57.697  5206  5220 I art     : Starting a blocking GC Explicit
08-05 21:22:57.717 24895 24895 I ServiceManager: Waiting for service AtCmdFwd...
08-05 21:22:57.747  5206  5220 I art     : Explicit concurrent mark sweep GC freed 1834(151KB) AllocSpace objects, 5(100KB) LOS objects, 29% free, 38MB/54MB, paused 1.424ms total 48.879ms
08-05 21:22:57.760  5206  5220 I art     : Starting a blocking GC Explicit
08-05 21:22:57.808  5206  5220 I art     : Explicit concurrent mark sweep GC freed 50(1952B) AllocSpace objects, 0(0B) LOS objects, 29% free, 38MB/54MB, paused 1.440ms total 47.585ms
08-05 21:22:57.821  5206  5220 I art     : Starting a blocking GC Explicit
08-05 21:22:57.869  5206  5220 I art     : Explicit concurrent mark sweep GC freed 7228(451KB) AllocSpace objects, 6(120KB) LOS objects, 29% free, 38MB/54MB, paused 1.773ms total 47.635ms
08-05 21:22:57.882  5206  5220 I art     : Starting a blocking GC Explicit
08-05 21:22:57.898 13866 13866 I GoogleInputMethodServic: GoogleInputMethodService.onFinishInput():3138 
08-05 21:22:57.898 13866 13866 I GoogleInputMethodServic: GoogleInputMethodService.onStartInput():1808 
08-05 21:22:57.928  5206  5220 I art     : Explicit concurrent mark sweep GC freed 800(68KB) AllocSpace objects, 2(40KB) LOS objects, 29% free, 38MB/54MB, paused 1.406ms total 45.442ms
08-05 21:22:57.942  5206  5220 I art     : Starting a blocking GC Explicit
08-05 21:22:57.984  5206  5220 I art     : Explicit concurrent mark sweep GC freed 147(5KB) AllocSpace objects, 0(0B) LOS objects, 29% free, 38MB/54MB, paused 1.408ms total 41.634ms
08-05 21:22:58.343  5206 23687 I art     : Starting a blocking GC Explicit
08-05 21:22:58.395  5206 23687 I art     : Explicit concurrent mark sweep GC freed 2071(112KB) AllocSpace objects, 1(20KB) LOS objects, 29% free, 38MB/54MB, paused 1.421ms total 51.939ms
08-05 21:22:58.410  5206 23687 I art     : Starting a blocking GC Explicit
08-05 21:22:58.459  5206 23687 I art     : Explicit concurrent mark sweep GC freed 173(7KB) AllocSpace objects, 0(0B) LOS objects, 29% free, 38MB/54MB, paused 1.473ms total 48.550ms
08-05 21:22:58.472  5206 23687 I art     : Starting a blocking GC Explicit
08-05 21:22:58.521  5206 23687 I art     : Explicit concurrent mark sweep GC freed 11(352B) AllocSpace objects, 0(0B) LOS objects, 29% free, 38MB/54MB, paused 1.375ms total 48.339ms
08-05 21:22:58.534  5206 23687 I art     : Starting a blocking GC Explicit
08-05 21:22:58.583  5206 23687 I art     : Explicit concurrent mark sweep GC freed 1697(66KB) AllocSpace objects, 0(0B) LOS objects, 29% free, 38MB/54MB, paused 1.354ms total 48.425ms
08-05 21:22:58.586  5206 24563 E baseline.com.newsblur.network.APIResponse: Error (unexpected end of stream on https://www.newsblur.com/...) calling https://www.newsblur.com/reader/mark_story_hashes_as_read/
08-05 21:22:58.586  5206 24563 E baseline.com.newsblur.network.APIResponse: java.io.IOException: unexpected end of stream on https://www.newsblur.com/...
08-05 21:22:58.586  5206 24563 E baseline.com.newsblur.network.APIResponse: 	at okhttp3.internal.http1.Http1ExchangeCodec.readResponseHeaders(Http1ExchangeCodec.java:236)
08-05 21:22:58.586  5206 24563 E baseline.com.newsblur.network.APIResponse: 	at okhttp3.internal.connection.Exchange.readResponseHeaders(Exchange.java:115)
08-05 21:22:58.586  5206 24563 E baseline.com.newsblur.network.APIResponse: 	at okhttp3.internal.http.CallServerInterceptor.intercept(CallServerInterceptor.java:94)
08-05 21:22:58.586  5206 24563 E baseline.com.newsblur.network.APIResponse: 	at okhttp3.internal.http.RealInterceptorChain.proceed(RealInterceptorChain.java:142)
08-05 21:22:58.586  5206 24563 E baseline.com.newsblur.network.APIResponse: 	at okhttp3.internal.connection.ConnectInterceptor.intercept(ConnectInterceptor.java:43)
08-05 21:22:58.586  5206 24563 E baseline.com.newsblur.network.APIResponse: 	at okhttp3.internal.http.RealInterceptorChain.proceed(RealInterceptorChain.java:142)
08-05 21:22:58.586  5206 24563 E baseline.com.newsblur.network.APIResponse: 	at okhttp3.internal.http.RealInterceptorChain.proceed(RealInterceptorChain.java:117)
08-05 21:22:58.586  5206 24563 E baseline.com.newsblur.network.APIResponse: 	at okhttp3.internal.cache.CacheInterceptor.intercept(CacheInterceptor.java:94)
08-05 21:22:58.586  5206 24563 E baseline.com.newsblur.network.APIResponse: 	at okhttp3.internal.http.RealInterceptorChain.proceed(RealInterceptorChain.java:142)
08-05 21:22:58.586  5206 24563 E baseline.com.newsblur.network.APIResponse: 	at okhttp3.internal.http.RealInterceptorChain.proceed(RealInterceptorChain.java:117)
08-05 21:22:58.586  5206 24563 E baseline.com.newsblur.network.APIResponse: 	at okhttp3.internal.http.BridgeInterceptor.intercept(BridgeInterceptor.java:93)
08-05 21:22:58.586  5206 24563 E baseline.com.newsblur.network.APIResponse: 	at okhttp3.internal.http.RealInterceptorChain.proceed(RealInterceptorChain.java:142)
08-05 21:22:58.586  5206 24563 E baseline.com.newsblur.network.APIResponse: 	at okhttp3.internal.http.RetryAndFollowUpInterceptor.intercept(RetryAndFollowUpInterceptor.java:88)
08-05 21:22:58.586  5206 24563 E baseline.com.newsblur.network.APIResponse: 	at okhttp3.internal.http.RealInterceptorChain.proceed(RealInterceptorChain.java:142)
08-05 21:22:58.586  5206 24563 E baseline.com.newsblur.network.APIResponse: 	at okhttp3.internal.http.RealInterceptorChain.proceed(RealInterceptorChain.java:117)
08-05 21:22:58.586  5206 24563 E baseline.com.newsblur.network.APIResponse: 	at okhttp3.RealCall.getResponseWithInterceptorChain(RealCall.java:229)
08-05 21:22:58.586  5206 24563 E baseline.com.newsblur.network.APIResponse: 	at okhttp3.RealCall.execute(RealCall.java:81)
08-05 21:22:58.586  5206 24563 E baseline.com.newsblur.network.APIResponse: 	at baseline.com.newsblur.network.APIResponse.<init>(APIResponse.java:57)
08-05 21:22:58.586  5206 24563 E baseline.com.newsblur.network.APIResponse: 	at baseline.com.newsblur.network.APIResponse.<init>(APIResponse.java:43)
08-05 21:22:58.586  5206 24563 E baseline.com.newsblur.network.APIResponse: 	at baseline.com.newsblur.network.APIManager.post_single(APIManager.java:702)
08-05 21:22:58.586  5206 24563 E baseline.com.newsblur.network.APIResponse: 	at baseline.com.newsblur.network.APIManager.post(APIManager.java:675)
08-05 21:22:58.586  5206 24563 E baseline.com.newsblur.network.APIResponse: 	at baseline.com.newsblur.network.APIManager.post(APIManager.java:714)
08-05 21:22:58.586  5206 24563 E baseline.com.newsblur.network.APIResponse: 	at baseline.com.newsblur.network.APIManager.markStoryAsRead(APIManager.java:205)
08-05 21:22:58.586  5206 24563 E baseline.com.newsblur.network.APIResponse: 	at baseline.com.newsblur.util.ReadingAction.doRemote(ReadingAction.java:281)
08-05 21:22:58.586  5206 24563 E baseline.com.newsblur.network.APIResponse: 	at baseline.com.newsblur.service.NBSyncService.syncActions(NBSyncService.java:400)
08-05 21:22:58.586  5206 24563 E baseline.com.newsblur.network.APIResponse: 	at baseline.com.newsblur.service.NBSyncService.doSync(NBSyncService.java:298)
08-05 21:22:58.586  5206 24563 E baseline.com.newsblur.network.APIResponse: 	at baseline.com.newsblur.service.NBSyncService.access$100(NBSyncService.java:67)
08-05 21:22:58.586  5206 24563 E baseline.com.newsblur.network.APIResponse: 	at baseline.com.newsblur.service.NBSyncService$1.run(NBSyncService.java:188)
08-05 21:22:58.586  5206 24563 E baseline.com.newsblur.network.APIResponse: 	at java.util.concurrent.ThreadPoolExecutor.runWorker(ThreadPoolExecutor.java:1113)
08-05 21:22:58.586  5206 24563 E baseline.com.newsblur.network.APIResponse: 	at java.util.concurrent.ThreadPoolExecutor$Worker.run(ThreadPoolExecutor.java:588)
08-05 21:22:58.586  5206 24563 E baseline.com.newsblur.network.APIResponse: 	at java.lang.Thread.run(Thread.java:818)
08-05 21:22:58.586  5206 24563 E baseline.com.newsblur.network.APIResponse: Caused by: java.io.EOFException: \n not found: limit=0 content=
08-05 21:22:58.586  5206 24563 E baseline.com.newsblur.network.APIResponse: 	at okio.RealBufferedSource.readUtf8LineStrict(RealBufferedSource.java:240)
08-05 21:22:58.586  5206 24563 E baseline.com.newsblur.network.APIResponse: 	at okhttp3.internal.http1.Http1ExchangeCodec.readHeaderLine(Http1ExchangeCodec.java:242)
08-05 21:22:58.586  5206 24563 E baseline.com.newsblur.network.APIResponse: 	at okhttp3.internal.http1.Http1ExchangeCodec.readResponseHeaders(Http1ExchangeCodec.java:213)
08-05 21:22:58.586  5206 24563 E baseline.com.newsblur.network.APIResponse: 	... 30 more
08-05 21:22:58.587  5206 24563 I baseline.com.newsblur.network.APIManager: API call failed, pausing before retry number 2
08-05 21:22:58.597  5206 23687 I art     : Starting a blocking GC Explicit
08-05 21:22:58.646  5206 23687 I art     : Explicit concurrent mark sweep GC freed 888(211KB) AllocSpace objects, 2(40KB) LOS objects, 29% free, 38MB/54MB, paused 1.362ms total 48.678ms
08-05 21:22:58.718 24895 24895 I ServiceManager: Waiting for service AtCmdFwd...
08-05 21:22:59.011  5206  5219 I art     : Starting a blocking GC Explicit
08-05 21:22:59.059  5206  5219 I art     : Explicit concurrent mark sweep GC freed 1533(86KB) AllocSpace objects, 1(20KB) LOS objects, 29% free, 38MB/54MB, paused 1.609ms total 48.246ms
08-05 21:22:59.073  5206  5219 I art     : Starting a blocking GC Explicit
08-05 21:22:59.116  5206  5219 I art     : Explicit concurrent mark sweep GC freed 28(976B) AllocSpace objects, 0(0B) LOS objects, 29% free, 38MB/54MB, paused 1.278ms total 43.058ms
08-05 21:22:59.130  5206  5219 I art     : Starting a blocking GC Explicit
08-05 21:22:59.179  5206  5219 I art     : Explicit concurrent mark sweep GC freed 11(352B) AllocSpace objects, 0(0B) LOS objects, 29% free, 38MB/54MB, paused 1.426ms total 48.067ms
08-05 21:22:59.192  5206  5219 I art     : Starting a blocking GC Explicit
08-05 21:22:59.237  5206  5219 I art     : Explicit concurrent mark sweep GC freed 11(352B) AllocSpace objects, 0(0B) LOS objects, 29% free, 38MB/54MB, paused 1.300ms total 44.283ms
08-05 21:22:59.250  5206  5219 I art     : Starting a blocking GC Explicit
08-05 21:22:59.297  5206  5219 I art     : Explicit concurrent mark sweep GC freed 9(288B) AllocSpace objects, 0(0B) LOS objects, 29% free, 38MB/54MB, paused 1.466ms total 47.593ms
08-05 21:22:59.456 25126 25126 D AndroidRuntime: >>>>>> START com.android.internal.os.RuntimeInit uid 2000 <<<<<<
08-05 21:22:59.462 25126 25126 D AndroidRuntime: CheckJNI is OFF
08-05 21:22:59.503 25126 25126 D ICU     : No timezone override file found: /data/misc/zoneinfo/current/icu/icu_tzdata.dat
08-05 21:22:59.544 25126 25126 I Radio-JNI: register_android_hardware_Radio DONE
08-05 21:22:59.573 25126 25126 D AndroidRuntime: Calling main entry com.android.commands.input.Input
08-05 21:22:59.575 25126 25126 I Input   : injectMotionEvent: MotionEvent { action=ACTION_DOWN, actionButton=0, id[0]=0, x[0]=553.0, y[0]=442.0, toolType[0]=TOOL_TYPE_UNKNOWN, buttonState=0, metaState=0, flags=0x0, edgeFlags=0x0, pointerCount=1, historySize=0, eventTime=825795987, downTime=825795987, deviceId=0, source=0x1002 }
08-05 21:22:59.580 25126 25126 I Input   : injectMotionEvent: MotionEvent { action=ACTION_UP, actionButton=0, id[0]=0, x[0]=553.0, y[0]=442.0, toolType[0]=TOOL_TYPE_UNKNOWN, buttonState=0, metaState=0, flags=0x0, edgeFlags=0x0, pointerCount=1, historySize=0, eventTime=825795987, downTime=825795987, deviceId=0, source=0x1002 }
08-05 21:22:59.583 25126 25126 D AndroidRuntime: Shutting down VM
08-05 21:22:59.651   918  5481 I ActivityManager: START u0 {cmp=baseline.com.newsblur/.activity.AllSharedStoriesItemsList (has extras)} from uid 10676 on display 0
08-05 21:22:59.675  5206 24187 I baseline.com.newsblur.database.BlurDatabaseHelper: reading session reset
08-05 21:22:59.681  5206 24515 I art     : Starting a blocking GC Explicit
08-05 21:22:59.718 24895 24895 I ServiceManager: Waiting for service AtCmdFwd...
08-05 21:22:59.729  5206 24515 I art     : Explicit concurrent mark sweep GC freed 3490(292KB) AllocSpace objects, 5(100KB) LOS objects, 29% free, 38MB/54MB, paused 1.480ms total 47.790ms
08-05 21:22:59.742  5206 24515 I art     : Starting a blocking GC Explicit
08-05 21:22:59.791  5206 24515 I art     : Explicit concurrent mark sweep GC freed 252(11KB) AllocSpace objects, 1(112KB) LOS objects, 29% free, 38MB/54MB, paused 1.489ms total 48.521ms
08-05 21:22:59.804  5206 24515 I art     : Starting a blocking GC Explicit
08-05 21:22:59.849  5206 24515 I art     : Explicit concurrent mark sweep GC freed 572(44KB) AllocSpace objects, 1(20KB) LOS objects, 29% free, 38MB/54MB, paused 1.315ms total 45.417ms
08-05 21:22:59.862  5206 24515 I art     : Starting a blocking GC Explicit
08-05 21:22:59.869  5206  5206 W View    : requestLayout() improperly called by android.widget.FrameLayout{6d5cddb V.E...... ......ID 0,0-1440,0 #7f07003f app:id/footer_view_inner} during layout: running second layout pass
08-05 21:22:59.869  5206  5206 W View    : requestLayout() improperly called by android.widget.FrameLayout{239078 V.E...... ......ID 0,0-1440,2091 #7f07003f app:id/footer_view_inner} during layout: running second layout pass
08-05 21:22:59.887 13866 13866 I GoogleInputMethodServic: GoogleInputMethodService.onFinishInput():3138 
08-05 21:22:59.887   918   936 I ActivityManager: Displayed baseline.com.newsblur/.activity.AllSharedStoriesItemsList: +227ms
08-05 21:22:59.887 13866 13866 I GoogleInputMethodServic: GoogleInputMethodService.onStartInput():1808 
08-05 21:22:59.910  5206 24515 I art     : Explicit concurrent mark sweep GC freed 782(74KB) AllocSpace objects, 4(80KB) LOS objects, 29% free, 38MB/54MB, paused 1.810ms total 47.362ms
08-05 21:22:59.923  5206 24515 I art     : Starting a blocking GC Explicit
08-05 21:22:59.973  5206 24515 I art     : Explicit concurrent mark sweep GC freed 1205(73KB) AllocSpace objects, 4(80KB) LOS objects, 29% free, 38MB/54MB, paused 1.884ms total 49.801ms
08-05 21:23:00.054   918   931 I ProcessStatsService: Prepared write state in 3ms
08-05 21:23:00.057   918   931 I ProcessStatsService: Prepared write state in 2ms
08-05 21:23:00.108  5206 25150 I NAPPA_EXPERIMENTATION: MetricNetworkRequestExecutionTime: REQUEST_DURATION_SYSTEM='168',REQUEST_DURATION_OKHTTP='167',REQUEST_SYNCHRONOUS='TRUE',RESPONSE_CODE='200',RESPONSE_METHOD='GET',RESPONSE_LENGTH_OKHTTP='43',RESPONSE_LENGTH_HEADER='43',REQUEST_PROTOCOL='http/1.1',REQUEST_URL='http://feeds.feedburner.com/~r/retort/~4/UffaFMiJbNs',
08-05 21:23:00.211  5206 23920 I NAPPA_EXPERIMENTATION: MetricNetworkRequestExecutionTime: REQUEST_DURATION_SYSTEM='251',REQUEST_DURATION_OKHTTP='251',REQUEST_SYNCHRONOUS='TRUE',RESPONSE_CODE='200',RESPONSE_METHOD='GET',RESPONSE_LENGTH_OKHTTP='56376',RESPONSE_LENGTH_HEADER='56376',REQUEST_PROTOCOL='h2',REQUEST_URL='https://images.fastcompany.net/image/upload/w_1280,q_auto,f_auto,fl_lossy/wp-cms/uploads/2020/07/p-1-quit-after-covid.jpg',
08-05 21:23:00.317  5206 23889 I art     : Starting a blocking GC Explicit
08-05 21:23:00.367  5206 23889 I art     : Explicit concurrent mark sweep GC freed 2702(190KB) AllocSpace objects, 7(3MB) LOS objects, 28% free, 40MB/56MB, paused 1.424ms total 50.272ms
08-05 21:23:00.380  5206 23889 I art     : Starting a blocking GC Explicit
08-05 21:23:00.429  5206 23889 I art     : Explicit concurrent mark sweep GC freed 77(2912B) AllocSpace objects, 0(0B) LOS objects, 28% free, 40MB/56MB, paused 1.498ms total 48.905ms
08-05 21:23:00.443  5206 23889 I art     : Starting a blocking GC Explicit
08-05 21:23:00.491  5206 23889 I art     : Explicit concurrent mark sweep GC freed 7(224B) AllocSpace objects, 0(0B) LOS objects, 28% free, 40MB/56MB, paused 1.341ms total 48.557ms
08-05 21:23:00.505  5206 23889 I art     : Starting a blocking GC Explicit
08-05 21:23:00.553  5206 23889 I art     : Explicit concurrent mark sweep GC freed 7(224B) AllocSpace objects, 0(0B) LOS objects, 28% free, 40MB/56MB, paused 1.357ms total 48.441ms
08-05 21:23:00.567  5206 23889 I art     : Starting a blocking GC Explicit
08-05 21:23:00.615  5206 23889 I art     : Explicit concurrent mark sweep GC freed 6(192B) AllocSpace objects, 0(0B) LOS objects, 28% free, 40MB/56MB, paused 1.441ms total 48.066ms
08-05 21:23:00.718 24895 24895 I ServiceManager: Waiting for service AtCmdFwd...
08-05 21:23:00.916 13866 13882 I PeriodicStatsRunner: PeriodicStatsRunner.call():175 call()
08-05 21:23:00.919 13866 13882 I PeriodicStatsRunner: PeriodicStatsRunner.call():179 No submit PeriodicStats since input started.
08-05 21:23:00.984  5206 24515 I art     : Starting a blocking GC Explicit
08-05 21:23:01.035  5206 24515 I art     : Explicit concurrent mark sweep GC freed 1469(83KB) AllocSpace objects, 1(20KB) LOS objects, 28% free, 40MB/56MB, paused 1.324ms total 50.481ms
08-05 21:23:01.050  5206 24515 I art     : Starting a blocking GC Explicit
08-05 21:23:01.100  5206 24515 I art     : Explicit concurrent mark sweep GC freed 33(1136B) AllocSpace objects, 0(0B) LOS objects, 28% free, 40MB/56MB, paused 1.416ms total 50.698ms
08-05 21:23:01.115  5206 24515 I art     : Starting a blocking GC Explicit
08-05 21:23:01.165  5206 24515 I art     : Explicit concurrent mark sweep GC freed 15(480B) AllocSpace objects, 0(0B) LOS objects, 28% free, 40MB/56MB, paused 1.464ms total 50.365ms
08-05 21:23:01.179  5206 24515 I art     : Starting a blocking GC Explicit
08-05 21:23:01.231  5206 24515 I art     : Explicit concurrent mark sweep GC freed 15(480B) AllocSpace objects, 0(0B) LOS objects, 28% free, 40MB/56MB, paused 1.678ms total 51.741ms
08-05 21:23:01.245  5206 24515 I art     : Starting a blocking GC Explicit
08-05 21:23:01.297  5206 24515 I art     : Explicit concurrent mark sweep GC freed 13(416B) AllocSpace objects, 0(0B) LOS objects, 28% free, 40MB/56MB, paused 1.535ms total 51.586ms
08-05 21:23:01.693  5206  5219 I art     : Starting a blocking GC Explicit
08-05 21:23:01.719 24895 24895 I ServiceManager: Waiting for service AtCmdFwd...
08-05 21:23:01.746  5206  5219 I art     : Explicit concurrent mark sweep GC freed 1629(91KB) AllocSpace objects, 1(20KB) LOS objects, 28% free, 40MB/56MB, paused 1.582ms total 53.333ms
08-05 21:23:01.760  5206  5219 I art     : Starting a blocking GC Explicit
08-05 21:23:01.810  5206  5219 I art     : Explicit concurrent mark sweep GC freed 41(2480B) AllocSpace objects, 0(0B) LOS objects, 28% free, 40MB/56MB, paused 1.446ms total 50.347ms
08-05 21:23:01.824  5206  5219 I art     : Starting a blocking GC Explicit
08-05 21:23:01.876  5206  5219 I art     : Explicit concurrent mark sweep GC freed 7(224B) AllocSpace objects, 0(0B) LOS objects, 28% free, 40MB/56MB, paused 1.422ms total 51.486ms
08-05 21:23:01.889  5206  5219 I art     : Starting a blocking GC Explicit
08-05 21:23:01.940  5206  5219 I art     : Explicit concurrent mark sweep GC freed 7(224B) AllocSpace objects, 0(0B) LOS objects, 28% free, 40MB/56MB, paused 1.475ms total 50.436ms
08-05 21:23:01.954  5206  5219 I art     : Starting a blocking GC Explicit
08-05 21:23:02.005  5206  5219 I art     : Explicit concurrent mark sweep GC freed 7(224B) AllocSpace objects, 0(0B) LOS objects, 28% free, 40MB/56MB, paused 1.443ms total 50.871ms
08-05 21:23:02.184  5206 24563 E baseline.com.newsblur.network.APIResponse: Error (unexpected end of stream on https://www.newsblur.com/...) calling https://www.newsblur.com/reader/mark_story_hashes_as_read/
08-05 21:23:02.184  5206 24563 E baseline.com.newsblur.network.APIResponse: java.io.IOException: unexpected end of stream on https://www.newsblur.com/...
08-05 21:23:02.184  5206 24563 E baseline.com.newsblur.network.APIResponse: 	at okhttp3.internal.http1.Http1ExchangeCodec.readResponseHeaders(Http1ExchangeCodec.java:236)
08-05 21:23:02.184  5206 24563 E baseline.com.newsblur.network.APIResponse: 	at okhttp3.internal.connection.Exchange.readResponseHeaders(Exchange.java:115)
08-05 21:23:02.184  5206 24563 E baseline.com.newsblur.network.APIResponse: 	at okhttp3.internal.http.CallServerInterceptor.intercept(CallServerInterceptor.java:94)
08-05 21:23:02.184  5206 24563 E baseline.com.newsblur.network.APIResponse: 	at okhttp3.internal.http.RealInterceptorChain.proceed(RealInterceptorChain.java:142)
08-05 21:23:02.184  5206 24563 E baseline.com.newsblur.network.APIResponse: 	at okhttp3.internal.connection.ConnectInterceptor.intercept(ConnectInterceptor.java:43)
08-05 21:23:02.184  5206 24563 E baseline.com.newsblur.network.APIResponse: 	at okhttp3.internal.http.RealInterceptorChain.proceed(RealInterceptorChain.java:142)
08-05 21:23:02.184  5206 24563 E baseline.com.newsblur.network.APIResponse: 	at okhttp3.internal.http.RealInterceptorChain.proceed(RealInterceptorChain.java:117)
08-05 21:23:02.184  5206 24563 E baseline.com.newsblur.network.APIResponse: 	at okhttp3.internal.cache.CacheInterceptor.intercept(CacheInterceptor.java:94)
08-05 21:23:02.184  5206 24563 E baseline.com.newsblur.network.APIResponse: 	at okhttp3.internal.http.RealInterceptorChain.proceed(RealInterceptorChain.java:142)
08-05 21:23:02.184  5206 24563 E baseline.com.newsblur.network.APIResponse: 	at okhttp3.internal.http.RealInterceptorChain.proceed(RealInterceptorChain.java:117)
08-05 21:23:02.184  5206 24563 E baseline.com.newsblur.network.APIResponse: 	at okhttp3.internal.http.BridgeInterceptor.intercept(BridgeInterceptor.java:93)
08-05 21:23:02.184  5206 24563 E baseline.com.newsblur.network.APIResponse: 	at okhttp3.internal.http.RealInterceptorChain.proceed(RealInterceptorChain.java:142)
08-05 21:23:02.184  5206 24563 E baseline.com.newsblur.network.APIResponse: 	at okhttp3.internal.http.RetryAndFollowUpInterceptor.intercept(RetryAndFollowUpInterceptor.java:88)
08-05 21:23:02.184  5206 24563 E baseline.com.newsblur.network.APIResponse: 	at okhttp3.internal.http.RealInterceptorChain.proceed(RealInterceptorChain.java:142)
08-05 21:23:02.184  5206 24563 E baseline.com.newsblur.network.APIResponse: 	at okhttp3.internal.http.RealInterceptorChain.proceed(RealInterceptorChain.java:117)
08-05 21:23:02.184  5206 24563 E baseline.com.newsblur.network.APIResponse: 	at okhttp3.RealCall.getResponseWithInterceptorChain(RealCall.java:229)
08-05 21:23:02.184  5206 24563 E baseline.com.newsblur.network.APIResponse: 	at okhttp3.RealCall.execute(RealCall.java:81)
08-05 21:23:02.184  5206 24563 E baseline.com.newsblur.network.APIResponse: 	at baseline.com.newsblur.network.APIResponse.<init>(APIResponse.java:57)
08-05 21:23:02.184  5206 24563 E baseline.com.newsblur.network.APIResponse: 	at baseline.com.newsblur.network.APIResponse.<init>(APIResponse.java:43)
08-05 21:23:02.184  5206 24563 E baseline.com.newsblur.network.APIResponse: 	at baseline.com.newsblur.network.APIManager.post_single(APIManager.java:702)
08-05 21:23:02.184  5206 24563 E baseline.com.newsblur.network.APIResponse: 	at baseline.com.newsblur.network.APIManager.post(APIManager.java:675)
08-05 21:23:02.184  5206 24563 E baseline.com.newsblur.network.APIResponse: 	at baseline.com.newsblur.network.APIManager.post(APIManager.java:714)
08-05 21:23:02.184  5206 24563 E baseline.com.newsblur.network.APIResponse: 	at baseline.com.newsblur.network.APIManager.markStoryAsRead(APIManager.java:205)
08-05 21:23:02.184  5206 24563 E baseline.com.newsblur.network.APIResponse: 	at baseline.com.newsblur.util.ReadingAction.doRemote(ReadingAction.java:281)
08-05 21:23:02.184  5206 24563 E baseline.com.newsblur.network.APIResponse: 	at baseline.com.newsblur.service.NBSyncService.syncActions(NBSyncService.java:400)
08-05 21:23:02.184  5206 24563 E baseline.com.newsblur.network.APIResponse: 	at baseline.com.newsblur.service.NBSyncService.doSync(NBSyncService.java:298)
08-05 21:23:02.184  5206 24563 E baseline.com.newsblur.network.APIResponse: 	at baseline.com.newsblur.service.NBSyncService.access$100(NBSyncService.java:67)
08-05 21:23:02.184  5206 24563 E baseline.com.newsblur.network.APIResponse: 	at baseline.com.newsblur.service.NBSyncService$1.run(NBSyncService.java:188)
08-05 21:23:02.184  5206 24563 E baseline.com.newsblur.network.APIResponse: 	at java.util.concurrent.ThreadPoolExecutor.runWorker(ThreadPoolExecutor.java:1113)
08-05 21:23:02.184  5206 24563 E baseline.com.newsblur.network.APIResponse: 	at java.util.concurrent.ThreadPoolExecutor$Worker.run(ThreadPoolExecutor.java:588)
08-05 21:23:02.184  5206 24563 E baseline.com.newsblur.network.APIResponse: 	at java.lang.Thread.run(Thread.java:818)
08-05 21:23:02.184  5206 24563 E baseline.com.newsblur.network.APIResponse: Caused by: java.io.EOFException: \n not found: limit=0 content=
08-05 21:23:02.184  5206 24563 E baseline.com.newsblur.network.APIResponse: 	at okio.RealBufferedSource.readUtf8LineStrict(RealBufferedSource.java:240)
08-05 21:23:02.184  5206 24563 E baseline.com.newsblur.network.APIResponse: 	at okhttp3.internal.http1.Http1ExchangeCodec.readHeaderLine(Http1ExchangeCodec.java:242)
08-05 21:23:02.184  5206 24563 E baseline.com.newsblur.network.APIResponse: 	at okhttp3.internal.http1.Http1ExchangeCodec.readResponseHeaders(Http1ExchangeCodec.java:213)
08-05 21:23:02.184  5206 24563 E baseline.com.newsblur.network.APIResponse: 	... 30 more
08-05 21:23:02.186  5206 24563 I baseline.com.newsblur.service.NBSyncService: Holding reading action with server-side or network error.
08-05 21:23:02.198  5206 24563 W baseline.com.newsblur.service.NBSyncService: hard API failure
08-05 21:23:02.207  5206 24563 I baseline.com.newsblur.service.NBSyncService: recounting dirty feed sets: 1
08-05 21:23:02.376  5206  5220 I art     : Starting a blocking GC Explicit
08-05 21:23:02.429  5206  5220 I art     : Explicit concurrent mark sweep GC freed 4850(440KB) AllocSpace objects, 5(100KB) LOS objects, 28% free, 40MB/56MB, paused 1.627ms total 52.640ms
08-05 21:23:02.443  5206  5220 I art     : Starting a blocking GC Explicit
08-05 21:23:02.494  5206  5220 I art     : Explicit concurrent mark sweep GC freed 297(11KB) AllocSpace objects, 0(0B) LOS objects, 28% free, 40MB/56MB, paused 1.397ms total 51.211ms
08-05 21:23:02.508  5206  5220 I art     : Starting a blocking GC Explicit
08-05 21:23:02.558  5206  5220 I art     : Explicit concurrent mark sweep GC freed 7(224B) AllocSpace objects, 0(0B) LOS objects, 28% free, 40MB/56MB, paused 1.574ms total 50.120ms
08-05 21:23:02.572  5206  5220 I art     : Starting a blocking GC Explicit
08-05 21:23:02.626  5206  5220 I art     : Explicit concurrent mark sweep GC freed 207(8KB) AllocSpace objects, 0(0B) LOS objects, 28% free, 40MB/56MB, paused 4.210ms total 53.775ms
08-05 21:23:02.639  5206  5220 I art     : Starting a blocking GC Explicit
08-05 21:23:02.689  5206  5220 I art     : Explicit concurrent mark sweep GC freed 1368(53KB) AllocSpace objects, 0(0B) LOS objects, 28% free, 40MB/56MB, paused 1.589ms total 49.274ms
08-05 21:23:02.705  5206 24563 E baseline.com.newsblur.network.APIResponse: Error (unexpected end of stream on https://www.newsblur.com/...) calling https://www.newsblur.com/reader/feed_unread_count?feed_id=0
08-05 21:23:02.705  5206 24563 E baseline.com.newsblur.network.APIResponse: java.io.IOException: unexpected end of stream on https://www.newsblur.com/...
08-05 21:23:02.705  5206 24563 E baseline.com.newsblur.network.APIResponse: 	at okhttp3.internal.http1.Http1ExchangeCodec.readResponseHeaders(Http1ExchangeCodec.java:236)
08-05 21:23:02.705  5206 24563 E baseline.com.newsblur.network.APIResponse: 	at okhttp3.internal.connection.Exchange.readResponseHeaders(Exchange.java:115)
08-05 21:23:02.705  5206 24563 E baseline.com.newsblur.network.APIResponse: 	at okhttp3.internal.http.CallServerInterceptor.intercept(CallServerInterceptor.java:94)
08-05 21:23:02.705  5206 24563 E baseline.com.newsblur.network.APIResponse: 	at okhttp3.internal.http.RealInterceptorChain.proceed(RealInterceptorChain.java:142)
08-05 21:23:02.705  5206 24563 E baseline.com.newsblur.network.APIResponse: 	at okhttp3.internal.connection.ConnectInterceptor.intercept(ConnectInterceptor.java:43)
08-05 21:23:02.705  5206 24563 E baseline.com.newsblur.network.APIResponse: 	at okhttp3.internal.http.RealInterceptorChain.proceed(RealInterceptorChain.java:142)
08-05 21:23:02.705  5206 24563 E baseline.com.newsblur.network.APIResponse: 	at okhttp3.internal.http.RealInterceptorChain.proceed(RealInterceptorChain.java:117)
08-05 21:23:02.705  5206 24563 E baseline.com.newsblur.network.APIResponse: 	at okhttp3.internal.cache.CacheInterceptor.intercept(CacheInterceptor.java:94)
08-05 21:23:02.705  5206 24563 E baseline.com.newsblur.network.APIResponse: 	at okhttp3.internal.http.RealInterceptorChain.proceed(RealInterceptorChain.java:142)
08-05 21:23:02.705  5206 24563 E baseline.com.newsblur.network.APIResponse: 	at okhttp3.internal.http.RealInterceptorChain.proceed(RealInterceptorChain.java:117)
08-05 21:23:02.705  5206 24563 E baseline.com.newsblur.network.APIResponse: 	at okhttp3.internal.http.BridgeInterceptor.intercept(BridgeInterceptor.java:93)
08-05 21:23:02.705  5206 24563 E baseline.com.newsblur.network.APIResponse: 	at okhttp3.internal.http.RealInterceptorChain.proceed(RealInterceptorChain.java:142)
08-05 21:23:02.705  5206 24563 E baseline.com.newsblur.network.APIResponse: 	at okhttp3.internal.http.RetryAndFollowUpInterceptor.intercept(RetryAndFollowUpInterceptor.java:88)
08-05 21:23:02.705  5206 24563 E baseline.com.newsblur.network.APIResponse: 	at okhttp3.internal.http.RealInterceptorChain.proceed(RealInterceptorChain.java:142)
08-05 21:23:02.705  5206 24563 E baseline.com.newsblur.network.APIResponse: 	at okhttp3.internal.http.RealInterceptorChain.proceed(RealInterceptorChain.java:117)
08-05 21:23:02.705  5206 24563 E baseline.com.newsblur.network.APIResponse: 	at okhttp3.RealCall.getResponseWithInterceptorChain(RealCall.java:229)
08-05 21:23:02.705  5206 24563 E baseline.com.newsblur.network.APIResponse: 	at okhttp3.RealCall.execute(RealCall.java:81)
08-05 21:23:02.705  5206 24563 E baseline.com.newsblur.network.APIResponse: 	at baseline.com.newsblur.network.APIResponse.<init>(APIResponse.java:57)
08-05 21:23:02.705  5206 24563 E baseline.com.newsblur.network.APIResponse: 	at baseline.com.newsblur.network.APIManager.get_single(APIManager.java:639)
08-05 21:23:02.705  5206 24563 E baseline.com.newsblur.network.APIResponse: 	at baseline.com.newsblur.network.APIManager.get(APIManager.java:625)
08-05 21:23:02.705  5206 24563 E baseline.com.newsblur.network.APIResponse: 	at baseline.com.newsblur.network.APIManager.get(APIManager.java:667)
08-05 21:23:02.705  5206 24563 E baseline.com.newsblur.network.APIResponse: 	at baseline.com.newsblur.network.APIManager.getFeedUnreadCounts(APIManager.java:274)
08-05 21:23:02.705  5206 24563 E baseline.com.newsblur.network.APIResponse: 	at baseline.com.newsblur.service.NBSyncService.checkRecounts(NBSyncService.java:660)
08-05 21:23:02.705  5206 24563 E baseline.com.newsblur.network.APIResponse: 	at baseline.com.newsblur.service.NBSyncService.doSync(NBSyncService.java:310)
08-05 21:23:02.705  5206 24563 E baseline.com.newsblur.network.APIResponse: 	at baseline.com.newsblur.service.NBSyncService.access$100(NBSyncService.java:67)
08-05 21:23:02.705  5206 24563 E baseline.com.newsblur.network.APIResponse: 	at baseline.com.newsblur.service.NBSyncService$1.run(NBSyncService.java:188)
08-05 21:23:02.705  5206 24563 E baseline.com.newsblur.network.APIResponse: 	at java.util.concurrent.ThreadPoolExecutor.runWorker(ThreadPoolExecutor.java:1113)
08-05 21:23:02.705  5206 24563 E baseline.com.newsblur.network.APIResponse: 	at java.util.concurrent.ThreadPoolExecutor$Worker.run(ThreadPoolExecutor.java:588)
08-05 21:23:02.705  5206 24563 E baseline.com.newsblur.network.APIResponse: 	at java.lang.Thread.run(Thread.java:818)
08-05 21:23:02.705  5206 24563 E baseline.com.newsblur.network.APIResponse: Caused by: java.io.EOFException: \n not found: limit=0 content=
08-05 21:23:02.705  5206 24563 E baseline.com.newsblur.network.APIResponse: 	at okio.RealBufferedSource.readUtf8LineStrict(RealBufferedSource.java:240)
08-05 21:23:02.705  5206 24563 E baseline.com.newsblur.network.APIResponse: 	at okhttp3.internal.http1.Http1ExchangeCodec.readHeaderLine(Http1ExchangeCodec.java:242)
08-05 21:23:02.705  5206 24563 E baseline.com.newsblur.network.APIResponse: 	at okhttp3.internal.http1.Http1ExchangeCodec.readResponseHeaders(Http1ExchangeCodec.java:213)
08-05 21:23:02.705  5206 24563 E baseline.com.newsblur.network.APIResponse: 	... 28 more
08-05 21:23:02.707  5206 24563 I baseline.com.newsblur.network.APIManager: API call failed, pausing before retry number 1
08-05 21:23:02.719 24895 24895 W Atfwd_Sendcmd: AtCmdFwd service not published, waiting... retryCnt : 2
08-05 21:23:02.845  5179  5194 D QcrilMsgTunnelSocket: readRilMessage: Buffer = [B@671e81d HexData = [010000000404000011000000514f454d484f4f4bef0308000100000003]
08-05 21:23:02.846  5179  5194 D QcrilMsgTunnelSocket: Rcvd UNSOL response with 28 bytes data for SUB0
08-05 21:23:02.846  5179  5194 D QcrilMsgTunnelSocket: Response ID 525295 is not served in this process.
08-05 21:23:02.846  5179  5194 D QcrilMsgTunnelSocket: To broadcast an Intent via the notifier to external apps
08-05 21:23:02.846  5179  5179 D QcrilMsgTunnelIfaceManager: handleMessage what = 0
08-05 21:23:02.847  5179  5179 D QcrilMsgTunnelIfaceManager: Broadcasting intent ACTION_UNSOL_RESPONSE_OEM_HOOK_RAW
08-05 21:23:02.852  5164  5164 D QC_RIL_OEM_HOOK: Received Broadcast Intent ACTION_UNSOL_RESPONSE_OEM_HOOK_RAW
08-05 21:23:02.852  5164  5164 D QC_RIL_OEM_HOOK: Oem ID in QCRILHOOK UNSOL RESP is QOEMHOOK
08-05 21:23:02.898 13866 13882 I PeriodicStatsRunner: PeriodicStatsRunner.call():175 call()
08-05 21:23:02.899 13866 13882 I PeriodicStatsRunner: PeriodicStatsRunner.call():179 No submit PeriodicStats since input started.
08-05 21:23:03.065  5206  5220 I art     : Starting a blocking GC Explicit
08-05 21:23:03.118  5206  5220 I art     : Explicit concurrent mark sweep GC freed 2450(297KB) AllocSpace objects, 3(60KB) LOS objects, 28% free, 40MB/56MB, paused 1.582ms total 52.808ms
08-05 21:23:03.131  5206  5220 I art     : Starting a blocking GC Explicit
08-05 21:23:03.182  5206  5220 I art     : Explicit concurrent mark sweep GC freed 76(2832B) AllocSpace objects, 0(0B) LOS objects, 28% free, 40MB/56MB, paused 1.501ms total 50.468ms
08-05 21:23:03.196  5206  5220 I art     : Starting a blocking GC Explicit
08-05 21:23:03.247  5206  5220 I art     : Explicit concurrent mark sweep GC freed 7(224B) AllocSpace objects, 0(0B) LOS objects, 28% free, 40MB/56MB, paused 1.415ms total 50.419ms
08-05 21:23:03.260  5206  5220 I art     : Starting a blocking GC Explicit
08-05 21:23:03.310  5206  5220 I art     : Explicit concurrent mark sweep GC freed 7(224B) AllocSpace objects, 0(0B) LOS objects, 28% free, 40MB/56MB, paused 1.364ms total 49.772ms
08-05 21:23:03.324  5206  5220 I art     : Starting a blocking GC Explicit
08-05 21:23:03.375  5206  5220 I art     : Explicit concurrent mark sweep GC freed 7(224B) AllocSpace objects, 0(0B) LOS objects, 28% free, 40MB/56MB, paused 1.426ms total 50.454ms
08-05 21:23:03.766  5206  5219 I art     : Starting a blocking GC Explicit
08-05 21:23:03.818  5206  5219 I art     : Explicit concurrent mark sweep GC freed 1469(83KB) AllocSpace objects, 1(20KB) LOS objects, 28% free, 40MB/56MB, paused 1.575ms total 51.215ms
08-05 21:23:03.831  5206  5219 I art     : Starting a blocking GC Explicit
08-05 21:23:03.882  5206  5219 I art     : Explicit concurrent mark sweep GC freed 26(912B) AllocSpace objects, 0(0B) LOS objects, 28% free, 40MB/56MB, paused 1.430ms total 51.035ms
08-05 21:23:03.896  5206  5219 I art     : Starting a blocking GC Explicit
08-05 21:23:03.945  5206  5219 I art     : Explicit concurrent mark sweep GC freed 7(224B) AllocSpace objects, 0(0B) LOS objects, 28% free, 40MB/56MB, paused 1.478ms total 48.706ms
08-05 21:23:03.958  5206  5219 I art     : Starting a blocking GC Explicit
08-05 21:23:04.009  5206  5219 I art     : Explicit concurrent mark sweep GC freed 7(224B) AllocSpace objects, 0(0B) LOS objects, 28% free, 40MB/56MB, paused 1.390ms total 50.512ms
08-05 21:23:04.023  5206  5219 I art     : Starting a blocking GC Explicit
08-05 21:23:04.073  5206  5219 I art     : Explicit concurrent mark sweep GC freed 6(192B) AllocSpace objects, 0(0B) LOS objects, 28% free, 40MB/56MB, paused 1.473ms total 50.144ms
08-05 21:23:04.448  5206 23687 I art     : Starting a blocking GC Explicit
08-05 21:23:04.502  5206 23687 I art     : Explicit concurrent mark sweep GC freed 1638(92KB) AllocSpace objects, 1(20KB) LOS objects, 28% free, 40MB/56MB, paused 1.585ms total 53.732ms
08-05 21:23:04.516  5206 23687 I art     : Starting a blocking GC Explicit
08-05 21:23:04.566  5206 23687 I art     : Explicit concurrent mark sweep GC freed 32(1168B) AllocSpace objects, 0(0B) LOS objects, 28% free, 40MB/56MB, paused 1.405ms total 49.808ms
08-05 21:23:04.580  5206 23687 I art     : Starting a blocking GC Explicit
08-05 21:23:04.631  5206 23687 I art     : Explicit concurrent mark sweep GC freed 7(224B) AllocSpace objects, 0(0B) LOS objects, 28% free, 40MB/56MB, paused 1.545ms total 51.064ms
08-05 21:23:04.645  5206 23687 I art     : Starting a blocking GC Explicit
08-05 21:23:04.694  5206 23687 I art     : Explicit concurrent mark sweep GC freed 1601(62KB) AllocSpace objects, 0(0B) LOS objects, 28% free, 40MB/56MB, paused 1.431ms total 49.468ms
08-05 21:23:04.708  5206 23687 I art     : Starting a blocking GC Explicit
08-05 21:23:04.734  5206 24563 E baseline.com.newsblur.network.APIResponse: Error (unexpected end of stream on https://www.newsblur.com/...) calling https://www.newsblur.com/reader/feed_unread_count?feed_id=0
08-05 21:23:04.734  5206 24563 E baseline.com.newsblur.network.APIResponse: java.io.IOException: unexpected end of stream on https://www.newsblur.com/...
08-05 21:23:04.734  5206 24563 E baseline.com.newsblur.network.APIResponse: 	at okhttp3.internal.http1.Http1ExchangeCodec.readResponseHeaders(Http1ExchangeCodec.java:236)
08-05 21:23:04.734  5206 24563 E baseline.com.newsblur.network.APIResponse: 	at okhttp3.internal.connection.Exchange.readResponseHeaders(Exchange.java:115)
08-05 21:23:04.734  5206 24563 E baseline.com.newsblur.network.APIResponse: 	at okhttp3.internal.http.CallServerInterceptor.intercept(CallServerInterceptor.java:94)
08-05 21:23:04.734  5206 24563 E baseline.com.newsblur.network.APIResponse: 	at okhttp3.internal.http.RealInterceptorChain.proceed(RealInterceptorChain.java:142)
08-05 21:23:04.734  5206 24563 E baseline.com.newsblur.network.APIResponse: 	at okhttp3.internal.connection.ConnectInterceptor.intercept(ConnectInterceptor.java:43)
08-05 21:23:04.734  5206 24563 E baseline.com.newsblur.network.APIResponse: 	at okhttp3.internal.http.RealInterceptorChain.proceed(RealInterceptorChain.java:142)
08-05 21:23:04.734  5206 24563 E baseline.com.newsblur.network.APIResponse: 	at okhttp3.internal.http.RealInterceptorChain.proceed(RealInterceptorChain.java:117)
08-05 21:23:04.734  5206 24563 E baseline.com.newsblur.network.APIResponse: 	at okhttp3.internal.cache.CacheInterceptor.intercept(CacheInterceptor.java:94)
08-05 21:23:04.734  5206 24563 E baseline.com.newsblur.network.APIResponse: 	at okhttp3.internal.http.RealInterceptorChain.proceed(RealInterceptorChain.java:142)
08-05 21:23:04.734  5206 24563 E baseline.com.newsblur.network.APIResponse: 	at okhttp3.internal.http.RealInterceptorChain.proceed(RealInterceptorChain.java:117)
08-05 21:23:04.734  5206 24563 E baseline.com.newsblur.network.APIResponse: 	at okhttp3.internal.http.BridgeInterceptor.intercept(BridgeInterceptor.java:93)
08-05 21:23:04.734  5206 24563 E baseline.com.newsblur.network.APIResponse: 	at okhttp3.internal.http.RealInterceptorChain.proceed(RealInterceptorChain.java:142)
08-05 21:23:04.734  5206 24563 E baseline.com.newsblur.network.APIResponse: 	at okhttp3.internal.http.RetryAndFollowUpInterceptor.intercept(RetryAndFollowUpInterceptor.java:88)
08-05 21:23:04.734  5206 24563 E baseline.com.newsblur.network.APIResponse: 	at okhttp3.internal.http.RealInterceptorChain.proceed(RealInterceptorChain.java:142)
08-05 21:23:04.734  5206 24563 E baseline.com.newsblur.network.APIResponse: 	at okhttp3.internal.http.RealInterceptorChain.proceed(RealInterceptorChain.java:117)
08-05 21:23:04.734  5206 24563 E baseline.com.newsblur.network.APIResponse: 	at okhttp3.RealCall.getResponseWithInterceptorChain(RealCall.java:229)
08-05 21:23:04.734  5206 24563 E baseline.com.newsblur.network.APIResponse: 	at okhttp3.RealCall.execute(RealCall.java:81)
08-05 21:23:04.734  5206 24563 E baseline.com.newsblur.network.APIResponse: 	at baseline.com.newsblur.network.APIResponse.<init>(APIResponse.java:57)
08-05 21:23:04.734  5206 24563 E baseline.com.newsblur.network.APIResponse: 	at baseline.com.newsblur.network.APIManager.get_single(APIManager.java:639)
08-05 21:23:04.734  5206 24563 E baseline.com.newsblur.network.APIResponse: 	at baseline.com.newsblur.network.APIManager.get(APIManager.java:625)
08-05 21:23:04.734  5206 24563 E baseline.com.newsblur.network.APIResponse: 	at baseline.com.newsblur.network.APIManager.get(APIManager.java:667)
08-05 21:23:04.734  5206 24563 E baseline.com.newsblur.network.APIResponse: 	at baseline.com.newsblur.network.APIManager.getFeedUnreadCounts(APIManager.java:274)
08-05 21:23:04.734  5206 24563 E baseline.com.newsblur.network.APIResponse: 	at baseline.com.newsblur.service.NBSyncService.checkRecounts(NBSyncService.java:660)
08-05 21:23:04.734  5206 24563 E baseline.com.newsblur.network.APIResponse: 	at baseline.com.newsblur.service.NBSyncService.doSync(NBSyncService.java:310)
08-05 21:23:04.734  5206 24563 E baseline.com.newsblur.network.APIResponse: 	at baseline.com.newsblur.service.NBSyncService.access$100(NBSyncService.java:67)
08-05 21:23:04.734  5206 24563 E baseline.com.newsblur.network.APIResponse: 	at baseline.com.newsblur.service.NBSyncService$1.run(NBSyncService.java:188)
08-05 21:23:04.734  5206 24563 E baseline.com.newsblur.network.APIResponse: 	at java.util.concurrent.ThreadPoolExecutor.runWorker(ThreadPoolExecutor.java:1113)
08-05 21:23:04.734  5206 24563 E baseline.com.newsblur.network.APIResponse: 	at java.util.concurrent.ThreadPoolExecutor$Worker.run(ThreadPoolExecutor.java:588)
08-05 21:23:04.734  5206 24563 E baseline.com.newsblur.network.APIResponse: 	at java.lang.Thread.run(Thread.java:818)
08-05 21:23:04.734  5206 24563 E baseline.com.newsblur.network.APIResponse: Caused by: java.io.EOFException: \n not found: limit=0 content=
08-05 21:23:04.734  5206 24563 E baseline.com.newsblur.network.APIResponse: 	at okio.RealBufferedSource.readUtf8LineStrict(RealBufferedSource.java:240)
08-05 21:23:04.734  5206 24563 E baseline.com.newsblur.network.APIResponse: 	at okhttp3.internal.http1.Http1ExchangeCodec.readHeaderLine(Http1ExchangeCodec.java:242)
08-05 21:23:04.734  5206 24563 E baseline.com.newsblur.network.APIResponse: 	at okhttp3.internal.http1.Http1ExchangeCodec.readResponseHeaders(Http1ExchangeCodec.java:213)
08-05 21:23:04.734  5206 24563 E baseline.com.newsblur.network.APIResponse: 	... 28 more
08-05 21:23:04.736  5206 24563 I baseline.com.newsblur.network.APIManager: API call failed, pausing before retry number 2
08-05 21:23:04.759  5206 23687 I art     : Explicit concurrent mark sweep GC freed 857(196KB) AllocSpace objects, 2(40KB) LOS objects, 28% free, 40MB/56MB, paused 1.462ms total 51.041ms
08-05 21:23:04.887 13866 13882 I PeriodicStatsRunner: PeriodicStatsRunner.call():175 call()
08-05 21:23:04.888 13866 13882 I PeriodicStatsRunner: PeriodicStatsRunner.call():179 No submit PeriodicStats since input started.
08-05 21:23:05.155  5206 23687 I art     : Starting a blocking GC Explicit
08-05 21:23:05.208  5206 23687 I art     : Explicit concurrent mark sweep GC freed 1594(100KB) AllocSpace objects, 1(20KB) LOS objects, 28% free, 40MB/56MB, paused 1.523ms total 52.793ms
08-05 21:23:05.222  5206 23687 I art     : Starting a blocking GC Explicit
08-05 21:23:05.273  5206 23687 I art     : Explicit concurrent mark sweep GC freed 47(1616B) AllocSpace objects, 0(0B) LOS objects, 28% free, 40MB/56MB, paused 1.379ms total 50.995ms
08-05 21:23:05.286  5206 23687 I art     : Starting a blocking GC Explicit
08-05 21:23:05.336  5206 23687 I art     : Explicit concurrent mark sweep GC freed 8(256B) AllocSpace objects, 0(0B) LOS objects, 28% free, 40MB/56MB, paused 1.495ms total 49.069ms
08-05 21:23:05.349  5206 23687 I art     : Starting a blocking GC Explicit
08-05 21:23:05.401  5206 23687 I art     : Explicit concurrent mark sweep GC freed 7(224B) AllocSpace objects, 0(0B) LOS objects, 28% free, 40MB/56MB, paused 1.562ms total 51.369ms
08-05 21:23:05.414  5206 23687 I art     : Starting a blocking GC Explicit
08-05 21:23:05.464  5206 23687 I art     : Explicit concurrent mark sweep GC freed 7(224B) AllocSpace objects, 0(0B) LOS objects, 28% free, 40MB/56MB, paused 1.508ms total 49.792ms
08-05 21:23:05.850  5206 23687 I art     : Starting a blocking GC Explicit
08-05 21:23:05.903  5206 23687 I art     : Explicit concurrent mark sweep GC freed 1470(83KB) AllocSpace objects, 1(20KB) LOS objects, 28% free, 40MB/56MB, paused 1.456ms total 51.948ms
08-05 21:23:05.916  5206 23687 I art     : Starting a blocking GC Explicit
08-05 21:23:05.964  5206 23687 I art     : Explicit concurrent mark sweep GC freed 26(912B) AllocSpace objects, 0(0B) LOS objects, 28% free, 40MB/56MB, paused 1.444ms total 48.093ms
08-05 21:23:05.978  5206 23687 I art     : Starting a blocking GC Explicit
08-05 21:23:06.028  5206 23687 I art     : Explicit concurrent mark sweep GC freed 7(224B) AllocSpace objects, 0(0B) LOS objects, 28% free, 40MB/56MB, paused 1.491ms total 49.943ms
08-05 21:23:06.042  5206 23687 I art     : Starting a blocking GC Explicit
08-05 21:23:06.092  5206 23687 I art     : Explicit concurrent mark sweep GC freed 7(224B) AllocSpace objects, 0(0B) LOS objects, 28% free, 40MB/56MB, paused 1.391ms total 50.406ms
08-05 21:23:06.093  5206  5218 I art     : WaitForGcToComplete blocked for 48.462ms for cause HeapTrim
08-05 21:23:06.106  5206 23687 I art     : Starting a blocking GC Explicit
08-05 21:23:06.158  5206 23687 I art     : Explicit concurrent mark sweep GC freed 6(192B) AllocSpace objects, 0(0B) LOS objects, 28% free, 40MB/56MB, paused 1.615ms total 51.468ms
08-05 21:23:06.559  5206 23687 I art     : Starting a blocking GC Explicit
08-05 21:23:06.643  5206 23687 I art     : Explicit concurrent mark sweep GC freed 1475(84KB) AllocSpace objects, 1(20KB) LOS objects, 28% free, 40MB/56MB, paused 1.496ms total 83.124ms
08-05 21:23:06.659  5206 23687 I art     : Starting a blocking GC Explicit
08-05 21:23:06.709  5206 23687 I art     : Explicit concurrent mark sweep GC freed 26(912B) AllocSpace objects, 0(0B) LOS objects, 28% free, 40MB/56MB, paused 1.398ms total 50.036ms
08-05 21:23:06.722  5206 23687 I art     : Starting a blocking GC Explicit
08-05 21:23:06.775  5206 23687 I art     : Explicit concurrent mark sweep GC freed 6(192B) AllocSpace objects, 0(0B) LOS objects, 28% free, 40MB/56MB, paused 1.485ms total 52.158ms
08-05 21:23:06.788  5206 23687 I art     : Starting a blocking GC Explicit
08-05 21:23:06.839  5206 23687 I art     : Explicit concurrent mark sweep GC freed 7(224B) AllocSpace objects, 0(0B) LOS objects, 28% free, 40MB/56MB, paused 1.518ms total 50.281ms
08-05 21:23:06.852  5206 23687 I art     : Starting a blocking GC Explicit
08-05 21:23:06.903  5206 23687 I art     : Explicit concurrent mark sweep GC freed 7(224B) AllocSpace objects, 0(0B) LOS objects, 28% free, 40MB/56MB, paused 1.427ms total 50.695ms
08-05 21:23:07.293  5206  5219 I art     : Starting a blocking GC Explicit
08-05 21:23:07.347  5206  5219 I art     : Explicit concurrent mark sweep GC freed 1470(83KB) AllocSpace objects, 1(20KB) LOS objects, 28% free, 40MB/56MB, paused 1.320ms total 53.055ms
08-05 21:23:07.360  5206  5219 I art     : Starting a blocking GC Explicit
08-05 21:23:07.411  5206  5219 I art     : Explicit concurrent mark sweep GC freed 26(912B) AllocSpace objects, 0(0B) LOS objects, 28% free, 40MB/56MB, paused 1.319ms total 50.627ms
08-05 21:23:07.425  5206  5219 I art     : Starting a blocking GC Explicit
08-05 21:23:07.480  5206  5219 I art     : Explicit concurrent mark sweep GC freed 7(224B) AllocSpace objects, 0(0B) LOS objects, 28% free, 40MB/56MB, paused 1.388ms total 55.270ms
08-05 21:23:07.494  5206  5219 I art     : Starting a blocking GC Explicit
08-05 21:23:07.543  5206  5219 I art     : Explicit concurrent mark sweep GC freed 7(224B) AllocSpace objects, 0(0B) LOS objects, 28% free, 40MB/56MB, paused 1.353ms total 48.666ms
08-05 21:23:07.557  5206  5219 I art     : Starting a blocking GC Explicit
08-05 21:23:07.610  5206  5219 I art     : Explicit concurrent mark sweep GC freed 5(160B) AllocSpace objects, 0(0B) LOS objects, 28% free, 40MB/56MB, paused 1.517ms total 52.362ms
08-05 21:23:07.989  5206 23687 I art     : Starting a blocking GC Explicit
08-05 21:23:08.041  5206 23687 I art     : Explicit concurrent mark sweep GC freed 1637(92KB) AllocSpace objects, 1(20KB) LOS objects, 28% free, 40MB/56MB, paused 1.520ms total 51.397ms
08-05 21:23:08.056  5206 23687 I art     : Starting a blocking GC Explicit
08-05 21:23:08.108  5206 23687 I art     : Explicit concurrent mark sweep GC freed 32(1168B) AllocSpace objects, 0(0B) LOS objects, 28% free, 40MB/56MB, paused 1.548ms total 51.902ms
08-05 21:23:08.121  5206 23687 I art     : Starting a blocking GC Explicit
08-05 21:23:08.171  5206 23687 I art     : Explicit concurrent mark sweep GC freed 7(224B) AllocSpace objects, 0(0B) LOS objects, 28% free, 40MB/56MB, paused 1.558ms total 49.207ms
08-05 21:23:08.184  5206 23687 I art     : Starting a blocking GC Explicit
08-05 21:23:08.235  5206 23687 I art     : Explicit concurrent mark sweep GC freed 7(224B) AllocSpace objects, 0(0B) LOS objects, 28% free, 40MB/56MB, paused 1.574ms total 50.738ms
08-05 21:23:08.249  5206 23687 I art     : Starting a blocking GC Explicit
08-05 21:23:08.299  5206 23687 I art     : Explicit concurrent mark sweep GC freed 1661(65KB) AllocSpace objects, 0(0B) LOS objects, 28% free, 40MB/56MB, paused 1.708ms total 49.477ms
08-05 21:23:08.333  5206 24563 E baseline.com.newsblur.network.APIResponse: Error (unexpected end of stream on https://www.newsblur.com/...) calling https://www.newsblur.com/reader/feed_unread_count?feed_id=0
08-05 21:23:08.333  5206 24563 E baseline.com.newsblur.network.APIResponse: java.io.IOException: unexpected end of stream on https://www.newsblur.com/...
08-05 21:23:08.333  5206 24563 E baseline.com.newsblur.network.APIResponse: 	at okhttp3.internal.http1.Http1ExchangeCodec.readResponseHeaders(Http1ExchangeCodec.java:236)
08-05 21:23:08.333  5206 24563 E baseline.com.newsblur.network.APIResponse: 	at okhttp3.internal.connection.Exchange.readResponseHeaders(Exchange.java:115)
08-05 21:23:08.333  5206 24563 E baseline.com.newsblur.network.APIResponse: 	at okhttp3.internal.http.CallServerInterceptor.intercept(CallServerInterceptor.java:94)
08-05 21:23:08.333  5206 24563 E baseline.com.newsblur.network.APIResponse: 	at okhttp3.internal.http.RealInterceptorChain.proceed(RealInterceptorChain.java:142)
08-05 21:23:08.333  5206 24563 E baseline.com.newsblur.network.APIResponse: 	at okhttp3.internal.connection.ConnectInterceptor.intercept(ConnectInterceptor.java:43)
08-05 21:23:08.333  5206 24563 E baseline.com.newsblur.network.APIResponse: 	at okhttp3.internal.http.RealInterceptorChain.proceed(RealInterceptorChain.java:142)
08-05 21:23:08.333  5206 24563 E baseline.com.newsblur.network.APIResponse: 	at okhttp3.internal.http.RealInterceptorChain.proceed(RealInterceptorChain.java:117)
08-05 21:23:08.333  5206 24563 E baseline.com.newsblur.network.APIResponse: 	at okhttp3.internal.cache.CacheInterceptor.intercept(CacheInterceptor.java:94)
08-05 21:23:08.333  5206 24563 E baseline.com.newsblur.network.APIResponse: 	at okhttp3.internal.http.RealInterceptorChain.proceed(RealInterceptorChain.java:142)
08-05 21:23:08.333  5206 24563 E baseline.com.newsblur.network.APIResponse: 	at okhttp3.internal.http.RealInterceptorChain.proceed(RealInterceptorChain.java:117)
08-05 21:23:08.333  5206 24563 E baseline.com.newsblur.network.APIResponse: 	at okhttp3.internal.http.BridgeInterceptor.intercept(BridgeInterceptor.java:93)
08-05 21:23:08.333  5206 24563 E baseline.com.newsblur.network.APIResponse: 	at okhttp3.internal.http.RealInterceptorChain.proceed(RealInterceptorChain.java:142)
08-05 21:23:08.333  5206 24563 E baseline.com.newsblur.network.APIResponse: 	at okhttp3.internal.http.RetryAndFollowUpInterceptor.intercept(RetryAndFollowUpInterceptor.java:88)
08-05 21:23:08.333  5206 24563 E baseline.com.newsblur.network.APIResponse: 	at okhttp3.internal.http.RealInterceptorChain.proceed(RealInterceptorChain.java:142)
08-05 21:23:08.333  5206 24563 E baseline.com.newsblur.network.APIResponse: 	at okhttp3.internal.http.RealInterceptorChain.proceed(RealInterceptorChain.java:117)
08-05 21:23:08.333  5206 24563 E baseline.com.newsblur.network.APIResponse: 	at okhttp3.RealCall.getResponseWithInterceptorChain(RealCall.java:229)
08-05 21:23:08.333  5206 24563 E baseline.com.newsblur.network.APIResponse: 	at okhttp3.RealCall.execute(RealCall.java:81)
08-05 21:23:08.333  5206 24563 E baseline.com.newsblur.network.APIResponse: 	at baseline.com.newsblur.network.APIResponse.<init>(APIResponse.java:57)
08-05 21:23:08.333  5206 24563 E baseline.com.newsblur.network.APIResponse: 	at baseline.com.newsblur.network.APIManager.get_single(APIManager.java:639)
08-05 21:23:08.333  5206 24563 E baseline.com.newsblur.network.APIResponse: 	at baseline.com.newsblur.network.APIManager.get(APIManager.java:625)
08-05 21:23:08.333  5206 24563 E baseline.com.newsblur.network.APIResponse: 	at baseline.com.newsblur.network.APIManager.get(APIManager.java:667)
08-05 21:23:08.333  5206 24563 E baseline.com.newsblur.network.APIResponse: 	at baseline.com.newsblur.network.APIManager.getFeedUnreadCounts(APIManager.java:274)
08-05 21:23:08.333  5206 24563 E baseline.com.newsblur.network.APIResponse: 	at baseline.com.newsblur.service.NBSyncService.checkRecounts(NBSyncService.java:660)
08-05 21:23:08.333  5206 24563 E baseline.com.newsblur.network.APIResponse: 	at baseline.com.newsblur.service.NBSyncService.doSync(NBSyncService.java:310)
08-05 21:23:08.333  5206 24563 E baseline.com.newsblur.network.APIResponse: 	at baseline.com.newsblur.service.NBSyncService.access$100(NBSyncService.java:67)
08-05 21:23:08.333  5206 24563 E baseline.com.newsblur.network.APIResponse: 	at baseline.com.newsblur.service.NBSyncService$1.run(NBSyncService.java:188)
08-05 21:23:08.333  5206 24563 E baseline.com.newsblur.network.APIResponse: 	at java.util.concurrent.ThreadPoolExecutor.runWorker(ThreadPoolExecutor.java:1113)
08-05 21:23:08.333  5206 24563 E baseline.com.newsblur.network.APIResponse: 	at java.util.concurrent.ThreadPoolExecutor$Worker.run(ThreadPoolExecutor.java:588)
08-05 21:23:08.333  5206 24563 E baseline.com.newsblur.network.APIResponse: 	at java.lang.Thread.run(Thread.java:818)
08-05 21:23:08.333  5206 24563 E baseline.com.newsblur.network.APIResponse: Caused by: java.io.EOFException: \n not found: limit=0 content=
08-05 21:23:08.333  5206 24563 E baseline.com.newsblur.network.APIResponse: 	at okio.RealBufferedSource.readUtf8LineStrict(RealBufferedSource.java:240)
08-05 21:23:08.333  5206 24563 E baseline.com.newsblur.network.APIResponse: 	at okhttp3.internal.http1.Http1ExchangeCodec.readHeaderLine(Http1ExchangeCodec.java:242)
08-05 21:23:08.333  5206 24563 E baseline.com.newsblur.network.APIResponse: 	at okhttp3.internal.http1.Http1ExchangeCodec.readResponseHeaders(Http1ExchangeCodec.java:213)
08-05 21:23:08.333  5206 24563 E baseline.com.newsblur.network.APIResponse: 	... 28 more
08-05 21:23:08.335  5206 24563 W baseline.com.newsblur.service.NBSyncService: Bad response to feed_unread_count
08-05 21:23:08.686  5206  5219 I art     : Starting a blocking GC Explicit
08-05 21:23:08.739  5206  5219 I art     : Explicit concurrent mark sweep GC freed 2877(359KB) AllocSpace objects, 5(100KB) LOS objects, 28% free, 40MB/56MB, paused 1.530ms total 52.455ms
08-05 21:23:08.753  5206  5219 I art     : Starting a blocking GC Explicit
08-05 21:23:08.802  5206  5219 I art     : Explicit concurrent mark sweep GC freed 1812(71KB) AllocSpace objects, 0(0B) LOS objects, 28% free, 40MB/56MB, paused 1.673ms total 48.833ms
08-05 21:23:08.815  5206  5219 I art     : Starting a blocking GC Explicit
08-05 21:23:08.825  5206 24563 I NAPPA_EXPERIMENTATION: MetricNetworkRequestExecutionTime: REQUEST_DURATION_SYSTEM='477',REQUEST_DURATION_OKHTTP='42',REQUEST_SYNCHRONOUS='TRUE',RESPONSE_CODE='200',RESPONSE_METHOD='GET',RESPONSE_LENGTH_OKHTTP='-1',RESPONSE_LENGTH_HEADER='-2',REQUEST_PROTOCOL='http/1.1',REQUEST_URL='https://www.newsblur.com/social/river_stories?order=newest&page=1&read_filter=all',
08-05 21:23:08.826  5206 24563 D MY_TAG  : 0, 477
08-05 21:23:08.867  5206  5219 I art     : Explicit concurrent mark sweep GC freed 3518(205KB) AllocSpace objects, 4(80KB) LOS objects, 28% free, 40MB/56MB, paused 1.862ms total 51.294ms
08-05 21:23:08.874  5206  5206 D baseline.com.newsblur.service.NBSyncService: rejecting request for feedset that is exhaused
08-05 21:23:08.880  5206  5219 I art     : Starting a blocking GC Explicit
08-05 21:23:08.932  5206  5219 I art     : Explicit concurrent mark sweep GC freed 981(93KB) AllocSpace objects, 2(40KB) LOS objects, 28% free, 40MB/56MB, paused 1.481ms total 51.256ms
08-05 21:23:08.946  5206  5219 I art     : Starting a blocking GC Explicit
08-05 21:23:09.001  5206  5219 I art     : Explicit concurrent mark sweep GC freed 165(20KB) AllocSpace objects, 0(0B) LOS objects, 28% free, 40MB/56MB, paused 1.596ms total 54.589ms
08-05 21:23:09.367  5206  5220 I art     : Starting a blocking GC Explicit
08-05 21:23:09.423  5206  5220 I art     : Explicit concurrent mark sweep GC freed 3101(147KB) AllocSpace objects, 1(20KB) LOS objects, 28% free, 40MB/56MB, paused 1.629ms total 55.104ms
08-05 21:23:09.436  5206  5220 I art     : Starting a blocking GC Explicit
08-05 21:23:09.444  5206 24563 E baseline.com.newsblur.network.APIResponse: Error (unexpected end of stream on https://www.newsblur.com/...) calling https://www.newsblur.com/reader/mark_story_hashes_as_read/
08-05 21:23:09.444  5206 24563 E baseline.com.newsblur.network.APIResponse: java.io.IOException: unexpected end of stream on https://www.newsblur.com/...
08-05 21:23:09.444  5206 24563 E baseline.com.newsblur.network.APIResponse: 	at okhttp3.internal.http1.Http1ExchangeCodec.readResponseHeaders(Http1ExchangeCodec.java:236)
08-05 21:23:09.444  5206 24563 E baseline.com.newsblur.network.APIResponse: 	at okhttp3.internal.connection.Exchange.readResponseHeaders(Exchange.java:115)
08-05 21:23:09.444  5206 24563 E baseline.com.newsblur.network.APIResponse: 	at okhttp3.internal.http.CallServerInterceptor.intercept(CallServerInterceptor.java:94)
08-05 21:23:09.444  5206 24563 E baseline.com.newsblur.network.APIResponse: 	at okhttp3.internal.http.RealInterceptorChain.proceed(RealInterceptorChain.java:142)
08-05 21:23:09.444  5206 24563 E baseline.com.newsblur.network.APIResponse: 	at okhttp3.internal.connection.ConnectInterceptor.intercept(ConnectInterceptor.java:43)
08-05 21:23:09.444  5206 24563 E baseline.com.newsblur.network.APIResponse: 	at okhttp3.internal.http.RealInterceptorChain.proceed(RealInterceptorChain.java:142)
08-05 21:23:09.444  5206 24563 E baseline.com.newsblur.network.APIResponse: 	at okhttp3.internal.http.RealInterceptorChain.proceed(RealInterceptorChain.java:117)
08-05 21:23:09.444  5206 24563 E baseline.com.newsblur.network.APIResponse: 	at okhttp3.internal.cache.CacheInterceptor.intercept(CacheInterceptor.java:94)
08-05 21:23:09.444  5206 24563 E baseline.com.newsblur.network.APIResponse: 	at okhttp3.internal.http.RealInterceptorChain.proceed(RealInterceptorChain.java:142)
08-05 21:23:09.444  5206 24563 E baseline.com.newsblur.network.APIResponse: 	at okhttp3.internal.http.RealInterceptorChain.proceed(RealInterceptorChain.java:117)
08-05 21:23:09.444  5206 24563 E baseline.com.newsblur.network.APIResponse: 	at okhttp3.internal.http.BridgeInterceptor.intercept(BridgeInterceptor.java:93)
08-05 21:23:09.444  5206 24563 E baseline.com.newsblur.network.APIResponse: 	at okhttp3.internal.http.RealInterceptorChain.proceed(RealInterceptorChain.java:142)
08-05 21:23:09.444  5206 24563 E baseline.com.newsblur.network.APIResponse: 	at okhttp3.internal.http.RetryAndFollowUpInterceptor.intercept(RetryAndFollowUpInterceptor.java:88)
08-05 21:23:09.444  5206 24563 E baseline.com.newsblur.network.APIResponse: 	at okhttp3.internal.http.RealInterceptorChain.proceed(RealInterceptorChain.java:142)
08-05 21:23:09.444  5206 24563 E baseline.com.newsblur.network.APIResponse: 	at okhttp3.internal.http.RealInterceptorChain.proceed(RealInterceptorChain.java:117)
08-05 21:23:09.444  5206 24563 E baseline.com.newsblur.network.APIResponse: 	at okhttp3.RealCall.getResponseWithInterceptorChain(RealCall.java:229)
08-05 21:23:09.444  5206 24563 E baseline.com.newsblur.network.APIResponse: 	at okhttp3.RealCall.execute(RealCall.java:81)
08-05 21:23:09.444  5206 24563 E baseline.com.newsblur.network.APIResponse: 	at baseline.com.newsblur.network.APIResponse.<init>(APIResponse.java:57)
08-05 21:23:09.444  5206 24563 E baseline.com.newsblur.network.APIResponse: 	at baseline.com.newsblur.network.APIResponse.<init>(APIResponse.java:43)
08-05 21:23:09.444  5206 24563 E baseline.com.newsblur.network.APIResponse: 	at baseline.com.newsblur.network.APIManager.post_single(APIManager.java:702)
08-05 21:23:09.444  5206 24563 E baseline.com.newsblur.network.APIResponse: 	at baseline.com.newsblur.network.APIManager.post(APIManager.java:675)
08-05 21:23:09.444  5206 24563 E baseline.com.newsblur.network.APIResponse: 	at baseline.com.newsblur.network.APIManager.post(APIManager.java:714)
08-05 21:23:09.444  5206 24563 E baseline.com.newsblur.network.APIResponse: 	at baseline.com.newsblur.network.APIManager.markStoryAsRead(APIManager.java:205)
08-05 21:23:09.444  5206 24563 E baseline.com.newsblur.network.APIResponse: 	at baseline.com.newsblur.util.ReadingAction.doRemote(ReadingAction.java:281)
08-05 21:23:09.444  5206 24563 E baseline.com.newsblur.network.APIResponse: 	at baseline.com.newsblur.service.NBSyncService.syncActions(NBSyncService.java:400)
08-05 21:23:09.444  5206 24563 E baseline.com.newsblur.network.APIResponse: 	at baseline.com.newsblur.service.NBSyncService.doSync(NBSyncService.java:298)
08-05 21:23:09.444  5206 24563 E baseline.com.newsblur.network.APIResponse: 	at baseline.com.newsblur.service.NBSyncService.access$100(NBSyncService.java:67)
08-05 21:23:09.444  5206 24563 E baseline.com.newsblur.network.APIResponse: 	at baseline.com.newsblur.service.NBSyncService$1.run(NBSyncService.java:188)
08-05 21:23:09.444  5206 24563 E baseline.com.newsblur.network.APIResponse: 	at java.util.concurrent.ThreadPoolExecutor.runWorker(ThreadPoolExecutor.java:1113)
08-05 21:23:09.444  5206 24563 E baseline.com.newsblur.network.APIResponse: 	at java.util.concurrent.ThreadPoolExecutor$Worker.run(ThreadPoolExecutor.java:588)
08-05 21:23:09.444  5206 24563 E baseline.com.newsblur.network.APIResponse: 	at java.lang.Thread.run(Thread.java:818)
08-05 21:23:09.444  5206 24563 E baseline.com.newsblur.network.APIResponse: Caused by: java.io.EOFException: \n not found: limit=0 content=
08-05 21:23:09.444  5206 24563 E baseline.com.newsblur.network.APIResponse: 	at okio.RealBufferedSource.readUtf8LineStrict(RealBufferedSource.java:240)
08-05 21:23:09.444  5206 24563 E baseline.com.newsblur.network.APIResponse: 	at okhttp3.internal.http1.Http1ExchangeCodec.readHeaderLine(Http1ExchangeCodec.java:242)
08-05 21:23:09.444  5206 24563 E baseline.com.newsblur.network.APIResponse: 	at okhttp3.internal.http1.Http1ExchangeCodec.readResponseHeaders(Http1ExchangeCodec.java:213)
08-05 21:23:09.444  5206 24563 E baseline.com.newsblur.network.APIResponse: 	... 30 more
08-05 21:23:09.445  5206 24563 I baseline.com.newsblur.network.APIManager: API call failed, pausing before retry number 1
08-05 21:23:09.493  5206  5220 I art     : Explicit concurrent mark sweep GC freed 829(196KB) AllocSpace objects, 2(40KB) LOS objects, 28% free, 40MB/56MB, paused 1.423ms total 56.362ms
08-05 21:23:09.507  5206  5220 I art     : Starting a blocking GC Explicit
08-05 21:23:09.561  5206  5220 I art     : Explicit concurrent mark sweep GC freed 109(16KB) AllocSpace objects, 0(0B) LOS objects, 28% free, 40MB/56MB, paused 1.523ms total 53.776ms
08-05 21:23:09.576  5206  5220 I art     : Starting a blocking GC Explicit
08-05 21:23:09.630  5206  5220 I art     : Explicit concurrent mark sweep GC freed 25(832B) AllocSpace objects, 0(0B) LOS objects, 28% free, 40MB/56MB, paused 1.437ms total 54.341ms
08-05 21:23:09.644  5206  5220 I art     : Starting a blocking GC Explicit
08-05 21:23:09.702  5206  5220 I art     : Explicit concurrent mark sweep GC freed 3(96B) AllocSpace objects, 0(0B) LOS objects, 28% free, 40MB/56MB, paused 1.552ms total 57.571ms
08-05 21:23:10.066  5206 23889 I art     : Starting a blocking GC Explicit
08-05 21:23:10.122  5206 23889 I art     : Explicit concurrent mark sweep GC freed 1444(83KB) AllocSpace objects, 1(20KB) LOS objects, 28% free, 40MB/56MB, paused 1.486ms total 54.805ms
08-05 21:23:10.135  5206 23889 I art     : Starting a blocking GC Explicit
08-05 21:23:10.189  5206 23889 I art     : Explicit concurrent mark sweep GC freed 22(784B) AllocSpace objects, 0(0B) LOS objects, 28% free, 40MB/56MB, paused 1.584ms total 52.999ms
08-05 21:23:10.203  5206 23889 I art     : Starting a blocking GC Explicit
08-05 21:23:10.254  5206 23889 I art     : Explicit concurrent mark sweep GC freed 3(96B) AllocSpace objects, 0(0B) LOS objects, 28% free, 40MB/56MB, paused 1.425ms total 51.271ms
08-05 21:23:10.268  5206 23889 I art     : Starting a blocking GC Explicit
08-05 21:23:10.323  5206 23889 I art     : Explicit concurrent mark sweep GC freed 3(96B) AllocSpace objects, 0(0B) LOS objects, 28% free, 40MB/56MB, paused 1.531ms total 54.587ms
08-05 21:23:10.337  5206 23889 I art     : Starting a blocking GC Explicit
08-05 21:23:10.391  5206 23889 I art     : Explicit concurrent mark sweep GC freed 3(96B) AllocSpace objects, 0(0B) LOS objects, 28% free, 40MB/56MB, paused 1.554ms total 53.755ms
08-05 21:23:10.399 25303 25303 D AndroidRuntime: >>>>>> START com.android.internal.os.RuntimeInit uid 2000 <<<<<<
08-05 21:23:10.405 25303 25303 D AndroidRuntime: CheckJNI is OFF
08-05 21:23:10.448 25303 25303 D ICU     : No timezone override file found: /data/misc/zoneinfo/current/icu/icu_tzdata.dat
08-05 21:23:10.497 25303 25303 I Radio-JNI: register_android_hardware_Radio DONE
08-05 21:23:10.528 25303 25303 D AndroidRuntime: Calling main entry com.android.commands.input.Input
08-05 21:23:10.532 25303 25303 I Input   : injectMotionEvent: MotionEvent { action=ACTION_DOWN, actionButton=0, id[0]=0, x[0]=436.0, y[0]=453.0, toolType[0]=TOOL_TYPE_UNKNOWN, buttonState=0, metaState=0, flags=0x0, edgeFlags=0x0, pointerCount=1, historySize=0, eventTime=825806945, downTime=825806945, deviceId=0, source=0x1002 }
08-05 21:23:10.539 25303 25303 I Input   : injectMotionEvent: MotionEvent { action=ACTION_UP, actionButton=0, id[0]=0, x[0]=436.0, y[0]=453.0, toolType[0]=TOOL_TYPE_UNKNOWN, buttonState=0, metaState=0, flags=0x0, edgeFlags=0x0, pointerCount=1, historySize=0, eventTime=825806945, downTime=825806945, deviceId=0, source=0x1002 }
08-05 21:23:10.543 25303 25303 D AndroidRuntime: Shutting down VM
08-05 21:23:10.549   512  2967 D audio_hw_primary: out_set_parameters: enter: usecase(1: low-latency-playback) kvpairs: routing=2
08-05 21:23:10.552   918  3714 I ActivityManager: START u0 {cmp=baseline.com.newsblur/.activity.AllSharedStoriesReading (has extras)} from uid 10676 on display 0
08-05 21:23:10.562   512  2967 D audio_hw_primary: select_devices: out_snd_device(2: speaker) in_snd_device(0: none)
08-05 21:23:10.562   512  2967 D msm8974_platform: platform_send_audio_calibration: sending audio calibration for snd_device(2) acdb_id(15)
08-05 21:23:10.562   512  2967 I soundtrigger: audio_extn_sound_trigger_update_device_status: device 0x2 of type 0 for Event 1
08-05 21:23:10.574   512  2967 D audio_hw_primary: enable_snd_device: snd_device(2: speaker)
08-05 21:23:10.578   512  2967 D audio_hw_primary: enable_audio_route: apply and update mixer path: low-latency-playback speaker
08-05 21:23:10.754  5206  5219 I art     : Starting a blocking GC Explicit
08-05 21:23:10.792   918   936 I ActivityManager: Displayed baseline.com.newsblur/.activity.AllSharedStoriesReading: +231ms
08-05 21:23:10.793 13866 13866 I GoogleInputMethodServic: GoogleInputMethodService.onFinishInput():3138 
08-05 21:23:10.793 13866 13866 I GoogleInputMethodServic: GoogleInputMethodService.onStartInput():1808 
08-05 21:23:10.804  5206  5219 I art     : Explicit concurrent mark sweep GC freed 3484(295KB) AllocSpace objects, 7(568KB) LOS objects, 28% free, 40MB/56MB, paused 1.635ms total 50.042ms
08-05 21:23:10.817  5206  5219 I art     : Starting a blocking GC Explicit
08-05 21:23:10.869  5206  5219 I art     : Explicit concurrent mark sweep GC freed 2097(132KB) AllocSpace objects, 3(68KB) LOS objects, 28% free, 40MB/56MB, paused 2.107ms total 51.367ms
08-05 21:23:10.882  5206  5219 I art     : Starting a blocking GC Explicit
08-05 21:23:10.937  5206  5219 I art     : Explicit concurrent mark sweep GC freed 983(78KB) AllocSpace objects, 9(216KB) LOS objects, 28% free, 41MB/57MB, paused 1.454ms total 54.747ms
08-05 21:23:10.954  5206  5219 I art     : Starting a blocking GC Explicit
08-05 21:23:11.007  5206  5219 I art     : Explicit concurrent mark sweep GC freed 813(55KB) AllocSpace objects, 0(0B) LOS objects, 28% free, 41MB/57MB, paused 1.482ms total 53.276ms
08-05 21:23:11.020  5206  5219 I art     : Starting a blocking GC Explicit
08-05 21:23:11.063  5206 24234 E chromium: [ERROR:tile_manager.cc(793)] WARNING: tile memory limits exceeded, some content may not draw
08-05 21:23:11.063  5206 24234 E chromium: [ERROR:tile_manager.cc(793)] WARNING: tile memory limits exceeded, some content may not draw
08-05 21:23:11.070  5206  5219 I art     : Explicit concurrent mark sweep GC freed 148(24KB) AllocSpace objects, 0(0B) LOS objects, 28% free, 41MB/57MB, paused 1.398ms total 49.325ms
08-05 21:23:11.108   512  2967 D audio_hw_primary: disable_audio_route: reset and update mixer path: low-latency-playback speaker
08-05 21:23:11.109   512  2967 D audio_hw_primary: disable_snd_device: snd_device(2: speaker)
08-05 21:23:11.117   512  2967 I soundtrigger: audio_extn_sound_trigger_update_device_status: device 0x2 of type 0 for Event 0
08-05 21:23:11.418   918  3261 D WifiStateMachine: starting scan for "H369AA63323"WPA_PSK with 2412,5180
08-05 21:23:11.426  5206  5220 I art     : Starting a blocking GC Explicit
08-05 21:23:11.481  5206  5220 I art     : Explicit concurrent mark sweep GC freed 2291(129KB) AllocSpace objects, 3(68KB) LOS objects, 28% free, 41MB/57MB, paused 1.660ms total 53.925ms
08-05 21:23:11.494  5206  5220 I art     : Starting a blocking GC Explicit
08-05 21:23:11.548  5206  5220 I art     : Explicit concurrent mark sweep GC freed 1097(41KB) AllocSpace objects, 0(0B) LOS objects, 28% free, 41MB/57MB, paused 1.558ms total 53.344ms
08-05 21:23:11.562  5206  5220 I art     : Starting a blocking GC Explicit
08-05 21:23:11.566  5206 24563 E baseline.com.newsblur.network.APIResponse: Error (unexpected end of stream on https://www.newsblur.com/...) calling https://www.newsblur.com/reader/mark_story_hashes_as_read/
08-05 21:23:11.566  5206 24563 E baseline.com.newsblur.network.APIResponse: java.io.IOException: unexpected end of stream on https://www.newsblur.com/...
08-05 21:23:11.566  5206 24563 E baseline.com.newsblur.network.APIResponse: 	at okhttp3.internal.http1.Http1ExchangeCodec.readResponseHeaders(Http1ExchangeCodec.java:236)
08-05 21:23:11.566  5206 24563 E baseline.com.newsblur.network.APIResponse: 	at okhttp3.internal.connection.Exchange.readResponseHeaders(Exchange.java:115)
08-05 21:23:11.566  5206 24563 E baseline.com.newsblur.network.APIResponse: 	at okhttp3.internal.http.CallServerInterceptor.intercept(CallServerInterceptor.java:94)
08-05 21:23:11.566  5206 24563 E baseline.com.newsblur.network.APIResponse: 	at okhttp3.internal.http.RealInterceptorChain.proceed(RealInterceptorChain.java:142)
08-05 21:23:11.566  5206 24563 E baseline.com.newsblur.network.APIResponse: 	at okhttp3.internal.connection.ConnectInterceptor.intercept(ConnectInterceptor.java:43)
08-05 21:23:11.566  5206 24563 E baseline.com.newsblur.network.APIResponse: 	at okhttp3.internal.http.RealInterceptorChain.proceed(RealInterceptorChain.java:142)
08-05 21:23:11.566  5206 24563 E baseline.com.newsblur.network.APIResponse: 	at okhttp3.internal.http.RealInterceptorChain.proceed(RealInterceptorChain.java:117)
08-05 21:23:11.566  5206 24563 E baseline.com.newsblur.network.APIResponse: 	at okhttp3.internal.cache.CacheInterceptor.intercept(CacheInterceptor.java:94)
08-05 21:23:11.566  5206 24563 E baseline.com.newsblur.network.APIResponse: 	at okhttp3.internal.http.RealInterceptorChain.proceed(RealInterceptorChain.java:142)
08-05 21:23:11.566  5206 24563 E baseline.com.newsblur.network.APIResponse: 	at okhttp3.internal.http.RealInterceptorChain.proceed(RealInterceptorChain.java:117)
08-05 21:23:11.566  5206 24563 E baseline.com.newsblur.network.APIResponse: 	at okhttp3.internal.http.BridgeInterceptor.intercept(BridgeInterceptor.java:93)
08-05 21:23:11.566  5206 24563 E baseline.com.newsblur.network.APIResponse: 	at okhttp3.internal.http.RealInterceptorChain.proceed(RealInterceptorChain.java:142)
08-05 21:23:11.566  5206 24563 E baseline.com.newsblur.network.APIResponse: 	at okhttp3.internal.http.RetryAndFollowUpInterceptor.intercept(RetryAndFollowUpInterceptor.java:88)
08-05 21:23:11.566  5206 24563 E baseline.com.newsblur.network.APIResponse: 	at okhttp3.internal.http.RealInterceptorChain.proceed(RealInterceptorChain.java:142)
08-05 21:23:11.566  5206 24563 E baseline.com.newsblur.network.APIResponse: 	at okhttp3.internal.http.RealInterceptorChain.proceed(RealInterceptorChain.java:117)
08-05 21:23:11.566  5206 24563 E baseline.com.newsblur.network.APIResponse: 	at okhttp3.RealCall.getResponseWithInterceptorChain(RealCall.java:229)
08-05 21:23:11.566  5206 24563 E baseline.com.newsblur.network.APIResponse: 	at okhttp3.RealCall.execute(RealCall.java:81)
08-05 21:23:11.566  5206 24563 E baseline.com.newsblur.network.APIResponse: 	at baseline.com.newsblur.network.APIResponse.<init>(APIResponse.java:57)
08-05 21:23:11.566  5206 24563 E baseline.com.newsblur.network.APIResponse: 	at baseline.com.newsblur.network.APIResponse.<init>(APIResponse.java:43)
08-05 21:23:11.566  5206 24563 E baseline.com.newsblur.network.APIResponse: 	at baseline.com.newsblur.network.APIManager.post_single(APIManager.java:702)
08-05 21:23:11.566  5206 24563 E baseline.com.newsblur.network.APIResponse: 	at baseline.com.newsblur.network.APIManager.post(APIManager.java:675)
08-05 21:23:11.566  5206 24563 E baseline.com.newsblur.network.APIResponse: 	at baseline.com.newsblur.network.APIManager.post(APIManager.java:714)
08-05 21:23:11.566  5206 24563 E baseline.com.newsblur.network.APIResponse: 	at baseline.com.newsblur.network.APIManager.markStoryAsRead(APIManager.java:205)
08-05 21:23:11.566  5206 24563 E baseline.com.newsblur.network.APIResponse: 	at baseline.com.newsblur.util.ReadingAction.doRemote(ReadingAction.java:281)
08-05 21:23:11.566  5206 24563 E baseline.com.newsblur.network.APIResponse: 	at baseline.com.newsblur.service.NBSyncService.syncActions(NBSyncService.java:400)
08-05 21:23:11.566  5206 24563 E baseline.com.newsblur.network.APIResponse: 	at baseline.com.newsblur.service.NBSyncService.doSync(NBSyncService.java:298)
08-05 21:23:11.566  5206 24563 E baseline.com.newsblur.network.APIResponse: 	at baseline.com.newsblur.service.NBSyncService.access$100(NBSyncService.java:67)
08-05 21:23:11.566  5206 24563 E baseline.com.newsblur.network.APIResponse: 	at baseline.com.newsblur.service.NBSyncService$1.run(NBSyncService.java:188)
08-05 21:23:11.566  5206 24563 E baseline.com.newsblur.network.APIResponse: 	at java.util.concurrent.ThreadPoolExecutor.runWorker(ThreadPoolExecutor.java:1113)
08-05 21:23:11.566  5206 24563 E baseline.com.newsblur.network.APIResponse: 	at java.util.concurrent.ThreadPoolExecutor$Worker.run(ThreadPoolExecutor.java:588)
08-05 21:23:11.566  5206 24563 E baseline.com.newsblur.network.APIResponse: 	at java.lang.Thread.run(Thread.java:818)
08-05 21:23:11.566  5206 24563 E baseline.com.newsblur.network.APIResponse: Caused by: java.io.EOFException: \n not found: limit=0 content=
08-05 21:23:11.566  5206 24563 E baseline.com.newsblur.network.APIResponse: 	at okio.RealBufferedSource.readUtf8LineStrict(RealBufferedSource.java:240)
08-05 21:23:11.566  5206 24563 E baseline.com.newsblur.network.APIResponse: 	at okhttp3.internal.http1.Http1ExchangeCodec.readHeaderLine(Http1ExchangeCodec.java:242)
08-05 21:23:11.566  5206 24563 E baseline.com.newsblur.network.APIResponse: 	at okhttp3.internal.http1.Http1ExchangeCodec.readResponseHeaders(Http1ExchangeCodec.java:213)
08-05 21:23:11.566  5206 24563 E baseline.com.newsblur.network.APIResponse: 	... 30 more
08-05 21:23:11.567  5206 24563 I baseline.com.newsblur.network.APIManager: API call failed, pausing before retry number 2
08-05 21:23:11.614  5206  5220 I art     : Explicit concurrent mark sweep GC freed 537(180KB) AllocSpace objects, 2(40KB) LOS objects, 28% free, 41MB/57MB, paused 1.506ms total 51.358ms
08-05 21:23:11.628  5206  5220 I art     : Starting a blocking GC Explicit
08-05 21:23:11.683  5206  5220 I art     : Explicit concurrent mark sweep GC freed 346(30KB) AllocSpace objects, 0(0B) LOS objects, 28% free, 41MB/57MB, paused 1.494ms total 54.425ms
08-05 21:23:11.697  5206  5220 I art     : Starting a blocking GC Explicit
08-05 21:23:11.753  5206  5220 I art     : Explicit concurrent mark sweep GC freed 25(832B) AllocSpace objects, 0(0B) LOS objects, 28% free, 41MB/57MB, paused 1.508ms total 55.712ms
08-05 21:23:12.129  5206  5220 I art     : Starting a blocking GC Explicit
08-05 21:23:12.193  5206  5220 I art     : Explicit concurrent mark sweep GC freed 1473(84KB) AllocSpace objects, 1(20KB) LOS objects, 28% free, 41MB/57MB, paused 1.602ms total 63.158ms
08-05 21:23:12.210  5206  5220 I art     : Starting a blocking GC Explicit
08-05 21:23:12.263  5206  5220 I art     : Explicit concurrent mark sweep GC freed 37(1264B) AllocSpace objects, 0(0B) LOS objects, 28% free, 41MB/57MB, paused 1.442ms total 52.076ms
08-05 21:23:12.276  5206  5220 I art     : Starting a blocking GC Explicit
08-05 21:23:12.329  5206  5220 I art     : Explicit concurrent mark sweep GC freed 19(608B) AllocSpace objects, 0(0B) LOS objects, 28% free, 41MB/57MB, paused 1.559ms total 52.126ms
08-05 21:23:12.342  5206  5220 I art     : Starting a blocking GC Explicit
08-05 21:23:12.395  5206  5220 I art     : Explicit concurrent mark sweep GC freed 4(128B) AllocSpace objects, 0(0B) LOS objects, 28% free, 41MB/57MB, paused 1.410ms total 52.481ms
08-05 21:23:12.409  5206  5220 I art     : Starting a blocking GC Explicit
08-05 21:23:12.466  5206  5220 I art     : Explicit concurrent mark sweep GC freed 3(96B) AllocSpace objects, 0(0B) LOS objects, 28% free, 41MB/57MB, paused 1.561ms total 56.807ms
08-05 21:23:12.720 24895 24895 I ServiceManager: Waiting for service AtCmdFwd...
08-05 21:23:12.854  5206  5219 I art     : Starting a blocking GC Explicit
08-05 21:23:12.914  5206  5219 I art     : Explicit concurrent mark sweep GC freed 1446(83KB) AllocSpace objects, 1(20KB) LOS objects, 28% free, 41MB/57MB, paused 1.490ms total 59.107ms
08-05 21:23:12.929  5206  5219 I art     : Starting a blocking GC Explicit
08-05 21:23:12.988  5206  5219 I art     : Explicit concurrent mark sweep GC freed 22(784B) AllocSpace objects, 0(0B) LOS objects, 28% free, 41MB/57MB, paused 1.727ms total 58.648ms
08-05 21:23:13.002  5206  5219 I art     : Starting a blocking GC Explicit
08-05 21:23:13.061  5206  5219 I art     : Explicit concurrent mark sweep GC freed 3(96B) AllocSpace objects, 0(0B) LOS objects, 28% free, 41MB/57MB, paused 1.573ms total 59.051ms
08-05 21:23:13.076  5206  5219 I art     : Starting a blocking GC Explicit
08-05 21:23:13.136  5206  5219 I art     : Explicit concurrent mark sweep GC freed 3(96B) AllocSpace objects, 0(0B) LOS objects, 28% free, 41MB/57MB, paused 1.462ms total 59.083ms
08-05 21:23:13.154  5206  5219 I art     : Starting a blocking GC Explicit
08-05 21:23:13.211  5206  5219 I art     : Explicit concurrent mark sweep GC freed 3(96B) AllocSpace objects, 0(0B) LOS objects, 28% free, 41MB/57MB, paused 1.517ms total 57.021ms
08-05 21:23:13.303   918  3188 I hubconnection: sensorhub said: 'set_bias 3: -5.8272, 0.0000, 0.0000'
08-05 21:23:13.610  5206 23687 I art     : Starting a blocking GC Explicit
08-05 21:23:13.670  5206 23687 I art     : Explicit concurrent mark sweep GC freed 1446(83KB) AllocSpace objects, 1(20KB) LOS objects, 28% free, 41MB/57MB, paused 1.511ms total 59.388ms
08-05 21:23:13.686  5206 23687 I art     : Starting a blocking GC Explicit
08-05 21:23:13.720 24895 24895 I ServiceManager: Waiting for service AtCmdFwd...
08-05 21:23:13.743  5206 23687 I art     : Explicit concurrent mark sweep GC freed 22(784B) AllocSpace objects, 0(0B) LOS objects, 28% free, 41MB/57MB, paused 1.453ms total 56.445ms
08-05 21:23:13.757  5206 23687 I art     : Starting a blocking GC Explicit
08-05 21:23:13.816  5206 23687 I art     : Explicit concurrent mark sweep GC freed 3(96B) AllocSpace objects, 0(0B) LOS objects, 28% free, 41MB/57MB, paused 1.668ms total 58.824ms
08-05 21:23:13.830  5206 23687 I art     : Starting a blocking GC Explicit
08-05 21:23:13.884  5206 23687 I art     : Explicit concurrent mark sweep GC freed 3(96B) AllocSpace objects, 0(0B) LOS objects, 28% free, 41MB/57MB, paused 1.392ms total 53.652ms
08-05 21:23:13.899  5206 23687 I art     : Starting a blocking GC Explicit
08-05 21:23:13.957  5206 23687 I art     : Explicit concurrent mark sweep GC freed 3(96B) AllocSpace objects, 0(0B) LOS objects, 28% free, 41MB/57MB, paused 1.443ms total 57.795ms
08-05 21:23:14.357  5206 24515 I art     : Starting a blocking GC Explicit
08-05 21:23:14.415  5206 24515 I art     : Explicit concurrent mark sweep GC freed 1445(83KB) AllocSpace objects, 1(20KB) LOS objects, 28% free, 41MB/57MB, paused 1.454ms total 57.824ms
08-05 21:23:14.429  5206 24515 I art     : Starting a blocking GC Explicit
08-05 21:23:14.486  5206 24515 I art     : Explicit concurrent mark sweep GC freed 22(784B) AllocSpace objects, 0(0B) LOS objects, 28% free, 41MB/57MB, paused 1.536ms total 56.783ms
08-05 21:23:14.501  5206 24515 I art     : Starting a blocking GC Explicit
08-05 21:23:14.557  5206 24515 I art     : Explicit concurrent mark sweep GC freed 3(96B) AllocSpace objects, 0(0B) LOS objects, 28% free, 41MB/57MB, paused 1.461ms total 56.142ms
08-05 21:23:14.571  5206 24515 I art     : Starting a blocking GC Explicit
08-05 21:23:14.628  5206 24515 I art     : Explicit concurrent mark sweep GC freed 165(8KB) AllocSpace objects, 0(0B) LOS objects, 28% free, 41MB/57MB, paused 1.590ms total 56.845ms
08-05 21:23:14.643  5206 24515 I art     : Starting a blocking GC Explicit
08-05 21:23:14.701  5206 24515 I art     : Explicit concurrent mark sweep GC freed 12(416B) AllocSpace objects, 0(0B) LOS objects, 28% free, 41MB/57MB, paused 1.692ms total 58.348ms
08-05 21:23:14.721 24895 24895 I ServiceManager: Waiting for service AtCmdFwd...
08-05 21:23:15.077  5206 24563 E baseline.com.newsblur.network.APIResponse: Error (unexpected end of stream on https://www.newsblur.com/...) calling https://www.newsblur.com/reader/mark_story_hashes_as_read/
08-05 21:23:15.077  5206 24563 E baseline.com.newsblur.network.APIResponse: java.io.IOException: unexpected end of stream on https://www.newsblur.com/...
08-05 21:23:15.077  5206 24563 E baseline.com.newsblur.network.APIResponse: 	at okhttp3.internal.http1.Http1ExchangeCodec.readResponseHeaders(Http1ExchangeCodec.java:236)
08-05 21:23:15.077  5206 24563 E baseline.com.newsblur.network.APIResponse: 	at okhttp3.internal.connection.Exchange.readResponseHeaders(Exchange.java:115)
08-05 21:23:15.077  5206 24563 E baseline.com.newsblur.network.APIResponse: 	at okhttp3.internal.http.CallServerInterceptor.intercept(CallServerInterceptor.java:94)
08-05 21:23:15.077  5206 24563 E baseline.com.newsblur.network.APIResponse: 	at okhttp3.internal.http.RealInterceptorChain.proceed(RealInterceptorChain.java:142)
08-05 21:23:15.077  5206 24563 E baseline.com.newsblur.network.APIResponse: 	at okhttp3.internal.connection.ConnectInterceptor.intercept(ConnectInterceptor.java:43)
08-05 21:23:15.077  5206 24563 E baseline.com.newsblur.network.APIResponse: 	at okhttp3.internal.http.RealInterceptorChain.proceed(RealInterceptorChain.java:142)
08-05 21:23:15.077  5206 24563 E baseline.com.newsblur.network.APIResponse: 	at okhttp3.internal.http.RealInterceptorChain.proceed(RealInterceptorChain.java:117)
08-05 21:23:15.077  5206 24563 E baseline.com.newsblur.network.APIResponse: 	at okhttp3.internal.cache.CacheInterceptor.intercept(CacheInterceptor.java:94)
08-05 21:23:15.077  5206 24563 E baseline.com.newsblur.network.APIResponse: 	at okhttp3.internal.http.RealInterceptorChain.proceed(RealInterceptorChain.java:142)
08-05 21:23:15.077  5206 24563 E baseline.com.newsblur.network.APIResponse: 	at okhttp3.internal.http.RealInterceptorChain.proceed(RealInterceptorChain.java:117)
08-05 21:23:15.077  5206 24563 E baseline.com.newsblur.network.APIResponse: 	at okhttp3.internal.http.BridgeInterceptor.intercept(BridgeInterceptor.java:93)
08-05 21:23:15.077  5206 24563 E baseline.com.newsblur.network.APIResponse: 	at okhttp3.internal.http.RealInterceptorChain.proceed(RealInterceptorChain.java:142)
08-05 21:23:15.077  5206 24563 E baseline.com.newsblur.network.APIResponse: 	at okhttp3.internal.http.RetryAndFollowUpInterceptor.intercept(RetryAndFollowUpInterceptor.java:88)
08-05 21:23:15.077  5206 24563 E baseline.com.newsblur.network.APIResponse: 	at okhttp3.internal.http.RealInterceptorChain.proceed(RealInterceptorChain.java:142)
08-05 21:23:15.077  5206 24563 E baseline.com.newsblur.network.APIResponse: 	at okhttp3.internal.http.RealInterceptorChain.proceed(RealInterceptorChain.java:117)
08-05 21:23:15.077  5206 24563 E baseline.com.newsblur.network.APIResponse: 	at okhttp3.RealCall.getResponseWithInterceptorChain(RealCall.java:229)
08-05 21:23:15.077  5206 24563 E baseline.com.newsblur.network.APIResponse: 	at okhttp3.RealCall.execute(RealCall.java:81)
08-05 21:23:15.077  5206 24563 E baseline.com.newsblur.network.APIResponse: 	at baseline.com.newsblur.network.APIResponse.<init>(APIResponse.java:57)
08-05 21:23:15.077  5206 24563 E baseline.com.newsblur.network.APIResponse: 	at baseline.com.newsblur.network.APIResponse.<init>(APIResponse.java:43)
08-05 21:23:15.077  5206 24563 E baseline.com.newsblur.network.APIResponse: 	at baseline.com.newsblur.network.APIManager.post_single(APIManager.java:702)
08-05 21:23:15.077  5206 24563 E baseline.com.newsblur.network.APIResponse: 	at baseline.com.newsblur.network.APIManager.post(APIManager.java:675)
08-05 21:23:15.077  5206 24563 E baseline.com.newsblur.network.APIResponse: 	at baseline.com.newsblur.network.APIManager.post(APIManager.java:714)
08-05 21:23:15.077  5206 24563 E baseline.com.newsblur.network.APIResponse: 	at baseline.com.newsblur.network.APIManager.markStoryAsRead(APIManager.java:205)
08-05 21:23:15.077  5206 24563 E baseline.com.newsblur.network.APIResponse: 	at baseline.com.newsblur.util.ReadingAction.doRemote(ReadingAction.java:281)
08-05 21:23:15.077  5206 24563 E baseline.com.newsblur.network.APIResponse: 	at baseline.com.newsblur.service.NBSyncService.syncActions(NBSyncService.java:400)
08-05 21:23:15.077  5206 24563 E baseline.com.newsblur.network.APIResponse: 	at baseline.com.newsblur.service.NBSyncService.doSync(NBSyncService.java:298)
08-05 21:23:15.077  5206 24563 E baseline.com.newsblur.network.APIResponse: 	at baseline.com.newsblur.service.NBSyncService.access$100(NBSyncService.java:67)
08-05 21:23:15.077  5206 24563 E baseline.com.newsblur.network.APIResponse: 	at baseline.com.newsblur.service.NBSyncService$1.run(NBSyncService.java:188)
08-05 21:23:15.077  5206 24563 E baseline.com.newsblur.network.APIResponse: 	at java.util.concurrent.ThreadPoolExecutor.runWorker(ThreadPoolExecutor.java:1113)
08-05 21:23:15.077  5206 24563 E baseline.com.newsblur.network.APIResponse: 	at java.util.concurrent.ThreadPoolExecutor$Worker.run(ThreadPoolExecutor.java:588)
08-05 21:23:15.077  5206 24563 E baseline.com.newsblur.network.APIResponse: 	at java.lang.Thread.run(Thread.java:818)
08-05 21:23:15.077  5206 24563 E baseline.com.newsblur.network.APIResponse: Caused by: java.io.EOFException: \n not found: limit=0 content=
08-05 21:23:15.077  5206 24563 E baseline.com.newsblur.network.APIResponse: 	at okio.RealBufferedSource.readUtf8LineStrict(RealBufferedSource.java:240)
08-05 21:23:15.077  5206 24563 E baseline.com.newsblur.network.APIResponse: 	at okhttp3.internal.http1.Http1ExchangeCodec.readHeaderLine(Http1ExchangeCodec.java:242)
08-05 21:23:15.077  5206 24563 E baseline.com.newsblur.network.APIResponse: 	at okhttp3.internal.http1.Http1ExchangeCodec.readResponseHeaders(Http1ExchangeCodec.java:213)
08-05 21:23:15.077  5206 24563 E baseline.com.newsblur.network.APIResponse: 	... 30 more
08-05 21:23:15.080  5206 24563 I baseline.com.newsblur.service.NBSyncService: Holding reading action with server-side or network error.
08-05 21:23:15.088  5206 23889 I art     : Starting a blocking GC Explicit
08-05 21:23:15.095  5206 24563 W baseline.com.newsblur.service.NBSyncService: hard API failure
08-05 21:23:15.147  5206 23889 I art     : Explicit concurrent mark sweep GC freed 4344(398KB) AllocSpace objects, 5(100KB) LOS objects, 28% free, 41MB/57MB, paused 1.601ms total 58.527ms
08-05 21:23:15.161  5206 23889 I art     : Starting a blocking GC Explicit
08-05 21:23:15.220  5206 23889 I art     : Explicit concurrent mark sweep GC freed 150(13KB) AllocSpace objects, 0(0B) LOS objects, 28% free, 41MB/57MB, paused 1.586ms total 58.860ms
08-05 21:23:15.234  5206 23889 I art     : Starting a blocking GC Explicit
08-05 21:23:15.291  5206 23889 I art     : Explicit concurrent mark sweep GC freed 6(192B) AllocSpace objects, 0(0B) LOS objects, 28% free, 41MB/57MB, paused 1.434ms total 56.886ms
08-05 21:23:15.306  5206 23889 I art     : Starting a blocking GC Explicit
08-05 21:23:15.358  5206 23889 I art     : Explicit concurrent mark sweep GC freed 3(96B) AllocSpace objects, 0(0B) LOS objects, 28% free, 41MB/57MB, paused 1.488ms total 51.873ms
08-05 21:23:15.372  5206 23889 I art     : Starting a blocking GC Explicit
08-05 21:23:15.426  5206 23889 I art     : Explicit concurrent mark sweep GC freed 3(96B) AllocSpace objects, 0(0B) LOS objects, 28% free, 41MB/57MB, paused 1.513ms total 54.357ms
08-05 21:23:15.588  5206 24563 E baseline.com.newsblur.network.APIResponse: Error (unexpected end of stream on https://www.newsblur.com/...) calling https://www.newsblur.com/reader/mark_story_hashes_as_read/
08-05 21:23:15.588  5206 24563 E baseline.com.newsblur.network.APIResponse: java.io.IOException: unexpected end of stream on https://www.newsblur.com/...
08-05 21:23:15.588  5206 24563 E baseline.com.newsblur.network.APIResponse: 	at okhttp3.internal.http1.Http1ExchangeCodec.readResponseHeaders(Http1ExchangeCodec.java:236)
08-05 21:23:15.588  5206 24563 E baseline.com.newsblur.network.APIResponse: 	at okhttp3.internal.connection.Exchange.readResponseHeaders(Exchange.java:115)
08-05 21:23:15.588  5206 24563 E baseline.com.newsblur.network.APIResponse: 	at okhttp3.internal.http.CallServerInterceptor.intercept(CallServerInterceptor.java:94)
08-05 21:23:15.588  5206 24563 E baseline.com.newsblur.network.APIResponse: 	at okhttp3.internal.http.RealInterceptorChain.proceed(RealInterceptorChain.java:142)
08-05 21:23:15.588  5206 24563 E baseline.com.newsblur.network.APIResponse: 	at okhttp3.internal.connection.ConnectInterceptor.intercept(ConnectInterceptor.java:43)
08-05 21:23:15.588  5206 24563 E baseline.com.newsblur.network.APIResponse: 	at okhttp3.internal.http.RealInterceptorChain.proceed(RealInterceptorChain.java:142)
08-05 21:23:15.588  5206 24563 E baseline.com.newsblur.network.APIResponse: 	at okhttp3.internal.http.RealInterceptorChain.proceed(RealInterceptorChain.java:117)
08-05 21:23:15.588  5206 24563 E baseline.com.newsblur.network.APIResponse: 	at okhttp3.internal.cache.CacheInterceptor.intercept(CacheInterceptor.java:94)
08-05 21:23:15.588  5206 24563 E baseline.com.newsblur.network.APIResponse: 	at okhttp3.internal.http.RealInterceptorChain.proceed(RealInterceptorChain.java:142)
08-05 21:23:15.588  5206 24563 E baseline.com.newsblur.network.APIResponse: 	at okhttp3.internal.http.RealInterceptorChain.proceed(RealInterceptorChain.java:117)
08-05 21:23:15.588  5206 24563 E baseline.com.newsblur.network.APIResponse: 	at okhttp3.internal.http.BridgeInterceptor.intercept(BridgeInterceptor.java:93)
08-05 21:23:15.588  5206 24563 E baseline.com.newsblur.network.APIResponse: 	at okhttp3.internal.http.RealInterceptorChain.proceed(RealInterceptorChain.java:142)
08-05 21:23:15.588  5206 24563 E baseline.com.newsblur.network.APIResponse: 	at okhttp3.internal.http.RetryAndFollowUpInterceptor.intercept(RetryAndFollowUpInterceptor.java:88)
08-05 21:23:15.588  5206 24563 E baseline.com.newsblur.network.APIResponse: 	at okhttp3.internal.http.RealInterceptorChain.proceed(RealInterceptorChain.java:142)
08-05 21:23:15.588  5206 24563 E baseline.com.newsblur.network.APIResponse: 	at okhttp3.internal.http.RealInterceptorChain.proceed(RealInterceptorChain.java:117)
08-05 21:23:15.588  5206 24563 E baseline.com.newsblur.network.APIResponse: 	at okhttp3.RealCall.getResponseWithInterceptorChain(RealCall.java:229)
08-05 21:23:15.588  5206 24563 E baseline.com.newsblur.network.APIResponse: 	at okhttp3.RealCall.execute(RealCall.java:81)
08-05 21:23:15.588  5206 24563 E baseline.com.newsblur.network.APIResponse: 	at baseline.com.newsblur.network.APIResponse.<init>(APIResponse.java:57)
08-05 21:23:15.588  5206 24563 E baseline.com.newsblur.network.APIResponse: 	at baseline.com.newsblur.network.APIResponse.<init>(APIResponse.java:43)
08-05 21:23:15.588  5206 24563 E baseline.com.newsblur.network.APIResponse: 	at baseline.com.newsblur.network.APIManager.post_single(APIManager.java:702)
08-05 21:23:15.588  5206 24563 E baseline.com.newsblur.network.APIResponse: 	at baseline.com.newsblur.network.APIManager.post(APIManager.java:675)
08-05 21:23:15.588  5206 24563 E baseline.com.newsblur.network.APIResponse: 	at baseline.com.newsblur.network.APIManager.post(APIManager.java:714)
08-05 21:23:15.588  5206 24563 E baseline.com.newsblur.network.APIResponse: 	at baseline.com.newsblur.network.APIManager.markStoryAsRead(APIManager.java:205)
08-05 21:23:15.588  5206 24563 E baseline.com.newsblur.network.APIResponse: 	at baseline.com.newsblur.util.ReadingAction.doRemote(ReadingAction.java:281)
08-05 21:23:15.588  5206 24563 E baseline.com.newsblur.network.APIResponse: 	at baseline.com.newsblur.service.NBSyncService.syncActions(NBSyncService.java:400)
08-05 21:23:15.588  5206 24563 E baseline.com.newsblur.network.APIResponse: 	at baseline.com.newsblur.service.NBSyncService.doSync(NBSyncService.java:298)
08-05 21:23:15.588  5206 24563 E baseline.com.newsblur.network.APIResponse: 	at baseline.com.newsblur.service.NBSyncService.access$100(NBSyncService.java:67)
08-05 21:23:15.588  5206 24563 E baseline.com.newsblur.network.APIResponse: 	at baseline.com.newsblur.service.NBSyncService$1.run(NBSyncService.java:188)
08-05 21:23:15.588  5206 24563 E baseline.com.newsblur.network.APIResponse: 	at java.util.concurrent.ThreadPoolExecutor.runWorker(ThreadPoolExecutor.java:1113)
08-05 21:23:15.588  5206 24563 E baseline.com.newsblur.network.APIResponse: 	at java.util.concurrent.ThreadPoolExecutor$Worker.run(ThreadPoolExecutor.java:588)
08-05 21:23:15.588  5206 24563 E baseline.com.newsblur.network.APIResponse: 	at java.lang.Thread.run(Thread.java:818)
08-05 21:23:15.588  5206 24563 E baseline.com.newsblur.network.APIResponse: Caused by: java.io.EOFException: \n not found: limit=0 content=
08-05 21:23:15.588  5206 24563 E baseline.com.newsblur.network.APIResponse: 	at okio.RealBufferedSource.readUtf8LineStrict(RealBufferedSource.java:240)
08-05 21:23:15.588  5206 24563 E baseline.com.newsblur.network.APIResponse: 	at okhttp3.internal.http1.Http1ExchangeCodec.readHeaderLine(Http1ExchangeCodec.java:242)
08-05 21:23:15.588  5206 24563 E baseline.com.newsblur.network.APIResponse: 	at okhttp3.internal.http1.Http1ExchangeCodec.readResponseHeaders(Http1ExchangeCodec.java:213)
08-05 21:23:15.588  5206 24563 E baseline.com.newsblur.network.APIResponse: 	... 30 more
08-05 21:23:15.589  5206 24563 I baseline.com.newsblur.network.APIManager: API call failed, pausing before retry number 1
08-05 21:23:15.722 24895 24895 I ServiceManager: Waiting for service AtCmdFwd...
08-05 21:23:15.793 13866 13882 I PeriodicStatsRunner: PeriodicStatsRunner.call():175 call()
08-05 21:23:15.794 13866 13882 I PeriodicStatsRunner: PeriodicStatsRunner.call():179 No submit PeriodicStats since input started.
08-05 21:23:15.803  5206  5220 I art     : Starting a blocking GC Explicit
08-05 21:23:15.863  5206  5220 I art     : Explicit concurrent mark sweep GC freed 3958(357KB) AllocSpace objects, 3(60KB) LOS objects, 28% free, 41MB/57MB, paused 1.485ms total 59.541ms
08-05 21:23:15.877  5206  5220 I art     : Starting a blocking GC Explicit
08-05 21:23:15.937  5206  5220 I art     : Explicit concurrent mark sweep GC freed 120(4KB) AllocSpace objects, 0(0B) LOS objects, 28% free, 41MB/57MB, paused 1.549ms total 58.884ms
08-05 21:23:15.955  5206  5220 I art     : Starting a blocking GC Explicit
08-05 21:23:16.010  5206  5220 I art     : Explicit concurrent mark sweep GC freed 3(96B) AllocSpace objects, 0(0B) LOS objects, 28% free, 41MB/57MB, paused 1.491ms total 54.953ms
08-05 21:23:16.025  5206  5220 I art     : Starting a blocking GC Explicit
08-05 21:23:16.082  5206  5220 I art     : Explicit concurrent mark sweep GC freed 3(96B) AllocSpace objects, 0(0B) LOS objects, 28% free, 41MB/57MB, paused 1.490ms total 57.565ms
08-05 21:23:16.097  5206  5220 I art     : Starting a blocking GC Explicit
08-05 21:23:16.154  5206  5220 I art     : Explicit concurrent mark sweep GC freed 3(96B) AllocSpace objects, 0(0B) LOS objects, 28% free, 41MB/57MB, paused 1.569ms total 56.814ms
08-05 21:23:16.547  5206  5219 I art     : Starting a blocking GC Explicit
08-05 21:23:16.608  5206  5219 I art     : Explicit concurrent mark sweep GC freed 1443(83KB) AllocSpace objects, 1(20KB) LOS objects, 28% free, 41MB/57MB, paused 1.458ms total 60.845ms
08-05 21:23:16.624  5206  5219 I art     : Starting a blocking GC Explicit
08-05 21:23:16.683  5206  5219 I art     : Explicit concurrent mark sweep GC freed 22(784B) AllocSpace objects, 0(0B) LOS objects, 28% free, 41MB/57MB, paused 1.528ms total 58.540ms
08-05 21:23:16.697  5206  5219 I art     : Starting a blocking GC Explicit
08-05 21:23:16.723 24895 24895 I ServiceManager: Waiting for service AtCmdFwd...
08-05 21:23:16.756  5206  5219 I art     : Explicit concurrent mark sweep GC freed 3(96B) AllocSpace objects, 0(0B) LOS objects, 28% free, 41MB/57MB, paused 1.577ms total 57.903ms
08-05 21:23:16.770  5206  5219 I art     : Starting a blocking GC Explicit
08-05 21:23:16.831  5206  5219 I art     : Explicit concurrent mark sweep GC freed 3(96B) AllocSpace objects, 0(0B) LOS objects, 28% free, 41MB/57MB, paused 1.590ms total 59.983ms
08-05 21:23:16.845  5206  5219 I art     : Starting a blocking GC Explicit
08-05 21:23:16.905  5206  5219 I art     : Explicit concurrent mark sweep GC freed 3(96B) AllocSpace objects, 0(0B) LOS objects, 28% free, 41MB/57MB, paused 1.557ms total 59.265ms
08-05 21:23:17.296  5206 23687 I art     : Starting a blocking GC Explicit
08-05 21:23:17.358  5206 23687 I art     : Explicit concurrent mark sweep GC freed 1608(91KB) AllocSpace objects, 1(20KB) LOS objects, 28% free, 41MB/57MB, paused 1.646ms total 61.056ms
08-05 21:23:17.372  5206 23687 I art     : Starting a blocking GC Explicit
08-05 21:23:17.430  5206 23687 I art     : Explicit concurrent mark sweep GC freed 684(37KB) AllocSpace objects, 0(0B) LOS objects, 28% free, 41MB/57MB, paused 1.588ms total 58.029ms
08-05 21:23:17.445  5206 23687 I art     : Starting a blocking GC Explicit
08-05 21:23:17.502  5206 23687 I art     : Explicit concurrent mark sweep GC freed 2191(89KB) AllocSpace objects, 0(0B) LOS objects, 28% free, 41MB/57MB, paused 1.585ms total 56.716ms
08-05 21:23:17.516  5206 23687 I art     : Starting a blocking GC Explicit
08-05 21:23:17.534  5206 24563 E baseline.com.newsblur.network.APIResponse: Error (unexpected end of stream on https://www.newsblur.com/...) calling https://www.newsblur.com/reader/mark_story_hashes_as_read/
08-05 21:23:17.534  5206 24563 E baseline.com.newsblur.network.APIResponse: java.io.IOException: unexpected end of stream on https://www.newsblur.com/...
08-05 21:23:17.534  5206 24563 E baseline.com.newsblur.network.APIResponse: 	at okhttp3.internal.http1.Http1ExchangeCodec.readResponseHeaders(Http1ExchangeCodec.java:236)
08-05 21:23:17.534  5206 24563 E baseline.com.newsblur.network.APIResponse: 	at okhttp3.internal.connection.Exchange.readResponseHeaders(Exchange.java:115)
08-05 21:23:17.534  5206 24563 E baseline.com.newsblur.network.APIResponse: 	at okhttp3.internal.http.CallServerInterceptor.intercept(CallServerInterceptor.java:94)
08-05 21:23:17.534  5206 24563 E baseline.com.newsblur.network.APIResponse: 	at okhttp3.internal.http.RealInterceptorChain.proceed(RealInterceptorChain.java:142)
08-05 21:23:17.534  5206 24563 E baseline.com.newsblur.network.APIResponse: 	at okhttp3.internal.connection.ConnectInterceptor.intercept(ConnectInterceptor.java:43)
08-05 21:23:17.534  5206 24563 E baseline.com.newsblur.network.APIResponse: 	at okhttp3.internal.http.RealInterceptorChain.proceed(RealInterceptorChain.java:142)
08-05 21:23:17.534  5206 24563 E baseline.com.newsblur.network.APIResponse: 	at okhttp3.internal.http.RealInterceptorChain.proceed(RealInterceptorChain.java:117)
08-05 21:23:17.534  5206 24563 E baseline.com.newsblur.network.APIResponse: 	at okhttp3.internal.cache.CacheInterceptor.intercept(CacheInterceptor.java:94)
08-05 21:23:17.534  5206 24563 E baseline.com.newsblur.network.APIResponse: 	at okhttp3.internal.http.RealInterceptorChain.proceed(RealInterceptorChain.java:142)
08-05 21:23:17.534  5206 24563 E baseline.com.newsblur.network.APIResponse: 	at okhttp3.internal.http.RealInterceptorChain.proceed(RealInterceptorChain.java:117)
08-05 21:23:17.534  5206 24563 E baseline.com.newsblur.network.APIResponse: 	at okhttp3.internal.http.BridgeInterceptor.intercept(BridgeInterceptor.java:93)
08-05 21:23:17.534  5206 24563 E baseline.com.newsblur.network.APIResponse: 	at okhttp3.internal.http.RealInterceptorChain.proceed(RealInterceptorChain.java:142)
08-05 21:23:17.534  5206 24563 E baseline.com.newsblur.network.APIResponse: 	at okhttp3.internal.http.RetryAndFollowUpInterceptor.intercept(RetryAndFollowUpInterceptor.java:88)
08-05 21:23:17.534  5206 24563 E baseline.com.newsblur.network.APIResponse: 	at okhttp3.internal.http.RealInterceptorChain.proceed(RealInterceptorChain.java:142)
08-05 21:23:17.534  5206 24563 E baseline.com.newsblur.network.APIResponse: 	at okhttp3.internal.http.RealInterceptorChain.proceed(RealInterceptorChain.java:117)
08-05 21:23:17.534  5206 24563 E baseline.com.newsblur.network.APIResponse: 	at okhttp3.RealCall.getResponseWithInterceptorChain(RealCall.java:229)
08-05 21:23:17.534  5206 24563 E baseline.com.newsblur.network.APIResponse: 	at okhttp3.RealCall.execute(RealCall.java:81)
08-05 21:23:17.534  5206 24563 E baseline.com.newsblur.network.APIResponse: 	at baseline.com.newsblur.network.APIResponse.<init>(APIResponse.java:57)
08-05 21:23:17.534  5206 24563 E baseline.com.newsblur.network.APIResponse: 	at baseline.com.newsblur.network.APIResponse.<init>(APIResponse.java:43)
08-05 21:23:17.534  5206 24563 E baseline.com.newsblur.network.APIResponse: 	at baseline.com.newsblur.network.APIManager.post_single(APIManager.java:702)
08-05 21:23:17.534  5206 24563 E baseline.com.newsblur.network.APIResponse: 	at baseline.com.newsblur.network.APIManager.post(APIManager.java:675)
08-05 21:23:17.534  5206 24563 E baseline.com.newsblur.network.APIResponse: 	at baseline.com.newsblur.network.APIManager.post(APIManager.java:714)
08-05 21:23:17.534  5206 24563 E baseline.com.newsblur.network.APIResponse: 	at baseline.com.newsblur.network.APIManager.markStoryAsRead(APIManager.java:205)
08-05 21:23:17.534  5206 24563 E baseline.com.newsblur.network.APIResponse: 	at baseline.com.newsblur.util.ReadingAction.doRemote(ReadingAction.java:281)
08-05 21:23:17.534  5206 24563 E baseline.com.newsblur.network.APIResponse: 	at baseline.com.newsblur.service.NBSyncService.syncActions(NBSyncService.java:400)
08-05 21:23:17.534  5206 24563 E baseline.com.newsblur.network.APIResponse: 	at baseline.com.newsblur.service.NBSyncService.doSync(NBSyncService.java:298)
08-05 21:23:17.534  5206 24563 E baseline.com.newsblur.network.APIResponse: 	at baseline.com.newsblur.service.NBSyncService.access$100(NBSyncService.java:67)
08-05 21:23:17.534  5206 24563 E baseline.com.newsblur.network.APIResponse: 	at baseline.com.newsblur.service.NBSyncService$1.run(NBSyncService.java:188)
08-05 21:23:17.534  5206 24563 E baseline.com.newsblur.network.APIResponse: 	at java.util.concurrent.ThreadPoolExecutor.runWorker(ThreadPoolExecutor.java:1113)
08-05 21:23:17.534  5206 24563 E baseline.com.newsblur.network.APIResponse: 	at java.util.concurrent.ThreadPoolExecutor$Worker.run(ThreadPoolExecutor.java:588)
08-05 21:23:17.534  5206 24563 E baseline.com.newsblur.network.APIResponse: 	at java.lang.Thread.run(Thread.java:818)
08-05 21:23:17.534  5206 24563 E baseline.com.newsblur.network.APIResponse: Caused by: java.io.EOFException: \n not found: limit=0 content=
08-05 21:23:17.534  5206 24563 E baseline.com.newsblur.network.APIResponse: 	at okio.RealBufferedSource.readUtf8LineStrict(RealBufferedSource.java:240)
08-05 21:23:17.534  5206 24563 E baseline.com.newsblur.network.APIResponse: 	at okhttp3.internal.http1.Http1ExchangeCodec.readHeaderLine(Http1ExchangeCodec.java:242)
08-05 21:23:17.534  5206 24563 E baseline.com.newsblur.network.APIResponse: 	at okhttp3.internal.http1.Http1ExchangeCodec.readResponseHeaders(Http1ExchangeCodec.java:213)
08-05 21:23:17.534  5206 24563 E baseline.com.newsblur.network.APIResponse: 	... 30 more
08-05 21:23:17.536  5206 24563 I baseline.com.newsblur.network.APIManager: API call failed, pausing before retry number 2
08-05 21:23:17.574  5206 23687 I art     : Explicit concurrent mark sweep GC freed 1519(250KB) AllocSpace objects, 2(40KB) LOS objects, 28% free, 41MB/57MB, paused 1.458ms total 57.466ms
08-05 21:23:17.589  5206 23687 I art     : Starting a blocking GC Explicit
08-05 21:23:17.643  5206 23687 I art     : Explicit concurrent mark sweep GC freed 118(16KB) AllocSpace objects, 0(0B) LOS objects, 28% free, 40MB/56MB, paused 1.583ms total 54.121ms
08-05 21:23:17.723 24895 24895 W Atfwd_Sendcmd: AtCmdFwd service not published, waiting... retryCnt : 3
08-05 21:23:18.026  5206 24515 I art     : Starting a blocking GC Explicit
08-05 21:23:18.089  5206 24515 I art     : Explicit concurrent mark sweep GC freed 5999(296KB) AllocSpace objects, 1(20KB) LOS objects, 28% free, 41MB/57MB, paused 1.585ms total 61.879ms
08-05 21:23:18.103  5206 24515 I art     : Starting a blocking GC Explicit
08-05 21:23:18.162  5206 24515 I art     : Explicit concurrent mark sweep GC freed 225(8KB) AllocSpace objects, 0(0B) LOS objects, 28% free, 41MB/57MB, paused 1.534ms total 58.220ms
08-05 21:23:18.178  5206 24515 I art     : Starting a blocking GC Explicit
08-05 21:23:18.234  5206 24515 I art     : Explicit concurrent mark sweep GC freed 3(96B) AllocSpace objects, 0(0B) LOS objects, 28% free, 41MB/57MB, paused 1.445ms total 56.022ms
08-05 21:23:18.248  5206 24515 I art     : Starting a blocking GC Explicit
08-05 21:23:18.305  5206 24515 I art     : Explicit concurrent mark sweep GC freed 1490(58KB) AllocSpace objects, 0(0B) LOS objects, 28% free, 41MB/57MB, paused 1.663ms total 56.435ms
08-05 21:23:18.319  5206 24515 I art     : Starting a blocking GC Explicit
08-05 21:23:18.374  5206 24515 I art     : Explicit concurrent mark sweep GC freed 432(18KB) AllocSpace objects, 0(0B) LOS objects, 28% free, 41MB/57MB, paused 1.478ms total 55.024ms
08-05 21:23:18.772  5206 23889 I art     : Starting a blocking GC Explicit
08-05 21:23:18.835  5206 23889 I art     : Explicit concurrent mark sweep GC freed 1559(99KB) AllocSpace objects, 1(20KB) LOS objects, 28% free, 41MB/57MB, paused 1.568ms total 62.284ms
08-05 21:23:18.853  5206 23889 I art     : Starting a blocking GC Explicit
08-05 21:23:18.910  5206 23889 I art     : Explicit concurrent mark sweep GC freed 44(1520B) AllocSpace objects, 0(0B) LOS objects, 28% free, 41MB/57MB, paused 1.504ms total 56.603ms
08-05 21:23:18.924  5206 23889 I art     : Starting a blocking GC Explicit
08-05 21:23:18.981  5206 23889 I art     : Explicit concurrent mark sweep GC freed 3(96B) AllocSpace objects, 0(0B) LOS objects, 28% free, 41MB/57MB, paused 1.372ms total 56.049ms
08-05 21:23:18.994  5206 23889 I art     : Starting a blocking GC Explicit
08-05 21:23:19.052  5206 23889 I art     : Explicit concurrent mark sweep GC freed 3(96B) AllocSpace objects, 0(0B) LOS objects, 28% free, 41MB/57MB, paused 1.501ms total 56.977ms
08-05 21:23:19.066  5206 23889 I art     : Starting a blocking GC Explicit
08-05 21:23:19.125  5206 23889 I art     : Explicit concurrent mark sweep GC freed 3(96B) AllocSpace objects, 0(0B) LOS objects, 28% free, 41MB/57MB, paused 1.464ms total 58.192ms
08-05 21:23:19.532  5206  5220 I art     : Starting a blocking GC Explicit
08-05 21:23:19.592  5206  5220 I art     : Explicit concurrent mark sweep GC freed 1443(83KB) AllocSpace objects, 1(20KB) LOS objects, 28% free, 41MB/57MB, paused 1.543ms total 60.129ms
08-05 21:23:19.609  5206  5220 I art     : Starting a blocking GC Explicit
08-05 21:23:19.664  5206  5220 I art     : Explicit concurrent mark sweep GC freed 22(784B) AllocSpace objects, 0(0B) LOS objects, 28% free, 41MB/57MB, paused 1.499ms total 55.031ms
08-05 21:23:19.678  5206  5220 I art     : Starting a blocking GC Explicit
08-05 21:23:19.737  5206  5220 I art     : Explicit concurrent mark sweep GC freed 3(96B) AllocSpace objects, 0(0B) LOS objects, 28% free, 41MB/57MB, paused 1.439ms total 57.978ms
08-05 21:23:19.751  5206  5220 I art     : Starting a blocking GC Explicit
08-05 21:23:19.807  5206  5220 I art     : Explicit concurrent mark sweep GC freed 3(96B) AllocSpace objects, 0(0B) LOS objects, 28% free, 41MB/57MB, paused 1.536ms total 55.685ms
08-05 21:23:19.821  5206  5220 I art     : Starting a blocking GC Explicit
08-05 21:23:19.880  5206  5220 I art     : Explicit concurrent mark sweep GC freed 3(96B) AllocSpace objects, 0(0B) LOS objects, 28% free, 41MB/57MB, paused 1.489ms total 58.616ms
08-05 21:23:20.298  5206  5219 I art     : Starting a blocking GC Explicit
08-05 21:23:20.360  5206  5219 I art     : Explicit concurrent mark sweep GC freed 1444(83KB) AllocSpace objects, 1(20KB) LOS objects, 28% free, 41MB/57MB, paused 1.567ms total 61.322ms
08-05 21:23:20.379  5206  5219 I art     : Starting a blocking GC Explicit
08-05 21:23:20.433  5206  5219 I art     : Explicit concurrent mark sweep GC freed 22(784B) AllocSpace objects, 0(0B) LOS objects, 28% free, 41MB/57MB, paused 1.473ms total 54.376ms
08-05 21:23:20.447  5206  5219 I art     : Starting a blocking GC Explicit
08-05 21:23:20.504  5206  5219 I art     : Explicit concurrent mark sweep GC freed 3(96B) AllocSpace objects, 0(0B) LOS objects, 28% free, 41MB/57MB, paused 1.429ms total 56.281ms
08-05 21:23:20.518  5206  5219 I art     : Starting a blocking GC Explicit
08-05 21:23:20.523   518   646 I ThermalEngine: ACTION: GPU - Setting GPU[0] to 510000000
08-05 21:23:20.571  5206  5219 I art     : Explicit concurrent mark sweep GC freed 94(3KB) AllocSpace objects, 0(0B) LOS objects, 28% free, 41MB/57MB, paused 1.188ms total 52.150ms
08-05 21:23:20.582  5206  5219 I art     : Starting a blocking GC Explicit
08-05 21:23:20.625  5206  5219 I art     : Explicit concurrent mark sweep GC freed 9(352B) AllocSpace objects, 0(0B) LOS objects, 28% free, 41MB/57MB, paused 1.157ms total 43.176ms
08-05 21:23:20.989  5206 23687 I art     : Starting a blocking GC Explicit
08-05 21:23:21.034  5206 23687 I art     : Explicit concurrent mark sweep GC freed 1517(88KB) AllocSpace objects, 1(20KB) LOS objects, 28% free, 41MB/57MB, paused 1.113ms total 44.438ms
08-05 21:23:21.045  5206 23687 I art     : Starting a blocking GC Explicit
08-05 21:23:21.089  5206 23687 I art     : Explicit concurrent mark sweep GC freed 22(784B) AllocSpace objects, 0(0B) LOS objects, 28% free, 41MB/57MB, paused 1.097ms total 43.342ms
08-05 21:23:21.100  5206 23687 I art     : Starting a blocking GC Explicit
08-05 21:23:21.145  5206 23687 I art     : Explicit concurrent mark sweep GC freed 3(96B) AllocSpace objects, 0(0B) LOS objects, 28% free, 41MB/57MB, paused 1.075ms total 44.419ms
08-05 21:23:21.157  5206 23687 I art     : Starting a blocking GC Explicit
08-05 21:23:21.200  5206 23687 I art     : Explicit concurrent mark sweep GC freed 1569(61KB) AllocSpace objects, 0(0B) LOS objects, 28% free, 41MB/57MB, paused 1.176ms total 43.527ms
08-05 21:23:21.211  5206 23687 I art     : Starting a blocking GC Explicit
08-05 21:23:21.247  5206 24563 E baseline.com.newsblur.network.APIResponse: Error (unexpected end of stream on https://www.newsblur.com/...) calling https://www.newsblur.com/reader/mark_story_hashes_as_read/
08-05 21:23:21.247  5206 24563 E baseline.com.newsblur.network.APIResponse: java.io.IOException: unexpected end of stream on https://www.newsblur.com/...
08-05 21:23:21.247  5206 24563 E baseline.com.newsblur.network.APIResponse: 	at okhttp3.internal.http1.Http1ExchangeCodec.readResponseHeaders(Http1ExchangeCodec.java:236)
08-05 21:23:21.247  5206 24563 E baseline.com.newsblur.network.APIResponse: 	at okhttp3.internal.connection.Exchange.readResponseHeaders(Exchange.java:115)
08-05 21:23:21.247  5206 24563 E baseline.com.newsblur.network.APIResponse: 	at okhttp3.internal.http.CallServerInterceptor.intercept(CallServerInterceptor.java:94)
08-05 21:23:21.247  5206 24563 E baseline.com.newsblur.network.APIResponse: 	at okhttp3.internal.http.RealInterceptorChain.proceed(RealInterceptorChain.java:142)
08-05 21:23:21.247  5206 24563 E baseline.com.newsblur.network.APIResponse: 	at okhttp3.internal.connection.ConnectInterceptor.intercept(ConnectInterceptor.java:43)
08-05 21:23:21.247  5206 24563 E baseline.com.newsblur.network.APIResponse: 	at okhttp3.internal.http.RealInterceptorChain.proceed(RealInterceptorChain.java:142)
08-05 21:23:21.247  5206 24563 E baseline.com.newsblur.network.APIResponse: 	at okhttp3.internal.http.RealInterceptorChain.proceed(RealInterceptorChain.java:117)
08-05 21:23:21.247  5206 24563 E baseline.com.newsblur.network.APIResponse: 	at okhttp3.internal.cache.CacheInterceptor.intercept(CacheInterceptor.java:94)
08-05 21:23:21.247  5206 24563 E baseline.com.newsblur.network.APIResponse: 	at okhttp3.internal.http.RealInterceptorChain.proceed(RealInterceptorChain.java:142)
08-05 21:23:21.247  5206 24563 E baseline.com.newsblur.network.APIResponse: 	at okhttp3.internal.http.RealInterceptorChain.proceed(RealInterceptorChain.java:117)
08-05 21:23:21.247  5206 24563 E baseline.com.newsblur.network.APIResponse: 	at okhttp3.internal.http.BridgeInterceptor.intercept(BridgeInterceptor.java:93)
08-05 21:23:21.247  5206 24563 E baseline.com.newsblur.network.APIResponse: 	at okhttp3.internal.http.RealInterceptorChain.proceed(RealInterceptorChain.java:142)
08-05 21:23:21.247  5206 24563 E baseline.com.newsblur.network.APIResponse: 	at okhttp3.internal.http.RetryAndFollowUpInterceptor.intercept(RetryAndFollowUpInterceptor.java:88)
08-05 21:23:21.247  5206 24563 E baseline.com.newsblur.network.APIResponse: 	at okhttp3.internal.http.RealInterceptorChain.proceed(RealInterceptorChain.java:142)
08-05 21:23:21.247  5206 24563 E baseline.com.newsblur.network.APIResponse: 	at okhttp3.internal.http.RealInterceptorChain.proceed(RealInterceptorChain.java:117)
08-05 21:23:21.247  5206 24563 E baseline.com.newsblur.network.APIResponse: 	at okhttp3.RealCall.getResponseWithInterceptorChain(RealCall.java:229)
08-05 21:23:21.247  5206 24563 E baseline.com.newsblur.network.APIResponse: 	at okhttp3.RealCall.execute(RealCall.java:81)
08-05 21:23:21.247  5206 24563 E baseline.com.newsblur.network.APIResponse: 	at baseline.com.newsblur.network.APIResponse.<init>(APIResponse.java:57)
08-05 21:23:21.247  5206 24563 E baseline.com.newsblur.network.APIResponse: 	at baseline.com.newsblur.network.APIResponse.<init>(APIResponse.java:43)
08-05 21:23:21.247  5206 24563 E baseline.com.newsblur.network.APIResponse: 	at baseline.com.newsblur.network.APIManager.post_single(APIManager.java:702)
08-05 21:23:21.247  5206 24563 E baseline.com.newsblur.network.APIResponse: 	at baseline.com.newsblur.network.APIManager.post(APIManager.java:675)
08-05 21:23:21.247  5206 24563 E baseline.com.newsblur.network.APIResponse: 	at baseline.com.newsblur.network.APIManager.post(APIManager.java:714)
08-05 21:23:21.247  5206 24563 E baseline.com.newsblur.network.APIResponse: 	at baseline.com.newsblur.network.APIManager.markStoryAsRead(APIManager.java:205)
08-05 21:23:21.247  5206 24563 E baseline.com.newsblur.network.APIResponse: 	at baseline.com.newsblur.util.ReadingAction.doRemote(ReadingAction.java:281)
08-05 21:23:21.247  5206 24563 E baseline.com.newsblur.network.APIResponse: 	at baseline.com.newsblur.service.NBSyncService.syncActions(NBSyncService.java:400)
08-05 21:23:21.247  5206 24563 E baseline.com.newsblur.network.APIResponse: 	at baseline.com.newsblur.service.NBSyncService.doSync(NBSyncService.java:298)
08-05 21:23:21.247  5206 24563 E baseline.com.newsblur.network.APIResponse: 	at baseline.com.newsblur.service.NBSyncService.access$100(NBSyncService.java:67)
08-05 21:23:21.247  5206 24563 E baseline.com.newsblur.network.APIResponse: 	at baseline.com.newsblur.service.NBSyncService$1.run(NBSyncService.java:188)
08-05 21:23:21.247  5206 24563 E baseline.com.newsblur.network.APIResponse: 	at java.util.concurrent.ThreadPoolExecutor.runWorker(ThreadPoolExecutor.java:1113)
08-05 21:23:21.247  5206 24563 E baseline.com.newsblur.network.APIResponse: 	at java.util.concurrent.ThreadPoolExecutor$Worker.run(ThreadPoolExecutor.java:588)
08-05 21:23:21.247  5206 24563 E baseline.com.newsblur.network.APIResponse: 	at java.lang.Thread.run(Thread.java:818)
08-05 21:23:21.247  5206 24563 E baseline.com.newsblur.network.APIResponse: Caused by: java.io.EOFException: \n not found: limit=0 content=
08-05 21:23:21.247  5206 24563 E baseline.com.newsblur.network.APIResponse: 	at okio.RealBufferedSource.readUtf8LineStrict(RealBufferedSource.java:240)
08-05 21:23:21.247  5206 24563 E baseline.com.newsblur.network.APIResponse: 	at okhttp3.internal.http1.Http1ExchangeCodec.readHeaderLine(Http1ExchangeCodec.java:242)
08-05 21:23:21.247  5206 24563 E baseline.com.newsblur.network.APIResponse: 	at okhttp3.internal.http1.Http1ExchangeCodec.readResponseHeaders(Http1ExchangeCodec.java:213)
08-05 21:23:21.247  5206 24563 E baseline.com.newsblur.network.APIResponse: 	... 30 more
08-05 21:23:21.249  5206 24563 I baseline.com.newsblur.service.NBSyncService: Holding reading action with server-side or network error.
08-05 21:23:21.255  5206 23687 I art     : Explicit concurrent mark sweep GC freed 872(164KB) AllocSpace objects, 1(20KB) LOS objects, 28% free, 41MB/57MB, paused 1.118ms total 43.595ms
08-05 21:23:21.263  5206 24563 W baseline.com.newsblur.service.NBSyncService: hard API failure
08-05 21:23:21.615  5206 24515 I art     : Starting a blocking GC Explicit
08-05 21:23:21.661  5206 24515 I art     : Explicit concurrent mark sweep GC freed 1981(183KB) AllocSpace objects, 4(80KB) LOS objects, 28% free, 41MB/57MB, paused 1.187ms total 44.940ms
08-05 21:23:21.675  5206 24515 I art     : Starting a blocking GC Explicit
08-05 21:23:21.715  5206 24515 I art     : Explicit concurrent mark sweep GC freed 1746(67KB) AllocSpace objects, 0(0B) LOS objects, 28% free, 41MB/57MB, paused 1.040ms total 39.338ms
08-05 21:23:21.726  5206 24515 I art     : Starting a blocking GC Explicit
08-05 21:23:21.732  5206 24563 E baseline.com.newsblur.network.APIResponse: Error (unexpected end of stream on https://www.newsblur.com/...) calling https://www.newsblur.com/reader/mark_story_hashes_as_read/
08-05 21:23:21.732  5206 24563 E baseline.com.newsblur.network.APIResponse: java.io.IOException: unexpected end of stream on https://www.newsblur.com/...
08-05 21:23:21.732  5206 24563 E baseline.com.newsblur.network.APIResponse: 	at okhttp3.internal.http1.Http1ExchangeCodec.readResponseHeaders(Http1ExchangeCodec.java:236)
08-05 21:23:21.732  5206 24563 E baseline.com.newsblur.network.APIResponse: 	at okhttp3.internal.connection.Exchange.readResponseHeaders(Exchange.java:115)
08-05 21:23:21.732  5206 24563 E baseline.com.newsblur.network.APIResponse: 	at okhttp3.internal.http.CallServerInterceptor.intercept(CallServerInterceptor.java:94)
08-05 21:23:21.732  5206 24563 E baseline.com.newsblur.network.APIResponse: 	at okhttp3.internal.http.RealInterceptorChain.proceed(RealInterceptorChain.java:142)
08-05 21:23:21.732  5206 24563 E baseline.com.newsblur.network.APIResponse: 	at okhttp3.internal.connection.ConnectInterceptor.intercept(ConnectInterceptor.java:43)
08-05 21:23:21.732  5206 24563 E baseline.com.newsblur.network.APIResponse: 	at okhttp3.internal.http.RealInterceptorChain.proceed(RealInterceptorChain.java:142)
08-05 21:23:21.732  5206 24563 E baseline.com.newsblur.network.APIResponse: 	at okhttp3.internal.http.RealInterceptorChain.proceed(RealInterceptorChain.java:117)
08-05 21:23:21.732  5206 24563 E baseline.com.newsblur.network.APIResponse: 	at okhttp3.internal.cache.CacheInterceptor.intercept(CacheInterceptor.java:94)
08-05 21:23:21.732  5206 24563 E baseline.com.newsblur.network.APIResponse: 	at okhttp3.internal.http.RealInterceptorChain.proceed(RealInterceptorChain.java:142)
08-05 21:23:21.732  5206 24563 E baseline.com.newsblur.network.APIResponse: 	at okhttp3.internal.http.RealInterceptorChain.proceed(RealInterceptorChain.java:117)
08-05 21:23:21.732  5206 24563 E baseline.com.newsblur.network.APIResponse: 	at okhttp3.internal.http.BridgeInterceptor.intercept(BridgeInterceptor.java:93)
08-05 21:23:21.732  5206 24563 E baseline.com.newsblur.network.APIResponse: 	at okhttp3.internal.http.RealInterceptorChain.proceed(RealInterceptorChain.java:142)
08-05 21:23:21.732  5206 24563 E baseline.com.newsblur.network.APIResponse: 	at okhttp3.internal.http.RetryAndFollowUpInterceptor.intercept(RetryAndFollowUpInterceptor.java:88)
08-05 21:23:21.732  5206 24563 E baseline.com.newsblur.network.APIResponse: 	at okhttp3.internal.http.RealInterceptorChain.proceed(RealInterceptorChain.java:142)
08-05 21:23:21.732  5206 24563 E baseline.com.newsblur.network.APIResponse: 	at okhttp3.internal.http.RealInterceptorChain.proceed(RealInterceptorChain.java:117)
08-05 21:23:21.732  5206 24563 E baseline.com.newsblur.network.APIResponse: 	at okhttp3.RealCall.getResponseWithInterceptorChain(RealCall.java:229)
08-05 21:23:21.732  5206 24563 E baseline.com.newsblur.network.APIResponse: 	at okhttp3.RealCall.execute(RealCall.java:81)
08-05 21:23:21.732  5206 24563 E baseline.com.newsblur.network.APIResponse: 	at baseline.com.newsblur.network.APIResponse.<init>(APIResponse.java:57)
08-05 21:23:21.732  5206 24563 E baseline.com.newsblur.network.APIResponse: 	at baseline.com.newsblur.network.APIResponse.<init>(APIResponse.java:43)
08-05 21:23:21.732  5206 24563 E baseline.com.newsblur.network.APIResponse: 	at baseline.com.newsblur.network.APIManager.post_single(APIManager.java:702)
08-05 21:23:21.732  5206 24563 E baseline.com.newsblur.network.APIResponse: 	at baseline.com.newsblur.network.APIManager.post(APIManager.java:675)
08-05 21:23:21.732  5206 24563 E baseline.com.newsblur.network.APIResponse: 	at baseline.com.newsblur.network.APIManager.post(APIManager.java:714)
08-05 21:23:21.732  5206 24563 E baseline.com.newsblur.network.APIResponse: 	at baseline.com.newsblur.network.APIManager.markStoryAsRead(APIManager.java:205)
08-05 21:23:21.732  5206 24563 E baseline.com.newsblur.network.APIResponse: 	at baseline.com.newsblur.util.ReadingAction.doRemote(ReadingAction.java:281)
08-05 21:23:21.732  5206 24563 E baseline.com.newsblur.network.APIResponse: 	at baseline.com.newsblur.service.NBSyncService.syncActions(NBSyncService.java:400)
08-05 21:23:21.732  5206 24563 E baseline.com.newsblur.network.APIResponse: 	at baseline.com.newsblur.service.NBSyncService.doSync(NBSyncService.java:298)
08-05 21:23:21.732  5206 24563 E baseline.com.newsblur.network.APIResponse: 	at baseline.com.newsblur.service.NBSyncService.access$100(NBSyncService.java:67)
08-05 21:23:21.732  5206 24563 E baseline.com.newsblur.network.APIResponse: 	at baseline.com.newsblur.service.NBSyncService$1.run(NBSyncService.java:188)
08-05 21:23:21.732  5206 24563 E baseline.com.newsblur.network.APIResponse: 	at java.util.concurrent.ThreadPoolExecutor.runWorker(ThreadPoolExecutor.java:1113)
08-05 21:23:21.732  5206 24563 E baseline.com.newsblur.network.APIResponse: 	at java.util.concurrent.ThreadPoolExecutor$Worker.run(ThreadPoolExecutor.java:588)
08-05 21:23:21.732  5206 24563 E baseline.com.newsblur.network.APIResponse: 	at java.lang.Thread.run(Thread.java:818)
08-05 21:23:21.732  5206 24563 E baseline.com.newsblur.network.APIResponse: Caused by: java.io.EOFException: \n not found: limit=0 content=
08-05 21:23:21.732  5206 24563 E baseline.com.newsblur.network.APIResponse: 	at okio.RealBufferedSource.readUtf8LineStrict(RealBufferedSource.java:240)
08-05 21:23:21.732  5206 24563 E baseline.com.newsblur.network.APIResponse: 	at okhttp3.internal.http1.Http1ExchangeCodec.readHeaderLine(Http1ExchangeCodec.java:242)
08-05 21:23:21.732  5206 24563 E baseline.com.newsblur.network.APIResponse: 	at okhttp3.internal.http1.Http1ExchangeCodec.readResponseHeaders(Http1ExchangeCodec.java:213)
08-05 21:23:21.732  5206 24563 E baseline.com.newsblur.network.APIResponse: 	... 30 more
08-05 21:23:21.733  5206 24563 I baseline.com.newsblur.network.APIManager: API call failed, pausing before retry number 1
08-05 21:23:21.766  5206 24515 I art     : Explicit concurrent mark sweep GC freed 816(196KB) AllocSpace objects, 2(40KB) LOS objects, 28% free, 41MB/57MB, paused 1.065ms total 40.747ms
08-05 21:23:21.778  5206 24515 I art     : Starting a blocking GC Explicit
08-05 21:23:21.821  5206 24515 I art     : Explicit concurrent mark sweep GC freed 109(16KB) AllocSpace objects, 0(0B) LOS objects, 28% free, 40MB/56MB, paused 1.121ms total 43.282ms
08-05 21:23:21.832  5206 24515 I art     : Starting a blocking GC Explicit
08-05 21:23:21.875  5206 24515 I art     : Explicit concurrent mark sweep GC freed 25(832B) AllocSpace objects, 0(0B) LOS objects, 28% free, 40MB/56MB, paused 1.134ms total 42.387ms
08-05 21:23:22.255  5206 23889 I art     : Starting a blocking GC Explicit
08-05 21:23:22.300  5206 23889 I art     : Explicit concurrent mark sweep GC freed 1443(83KB) AllocSpace objects, 1(20KB) LOS objects, 28% free, 40MB/56MB, paused 1.165ms total 44.552ms
08-05 21:23:22.311  5206 23889 I art     : Starting a blocking GC Explicit
08-05 21:23:22.355  5206 23889 I art     : Explicit concurrent mark sweep GC freed 22(784B) AllocSpace objects, 0(0B) LOS objects, 28% free, 40MB/56MB, paused 1.093ms total 43.840ms
08-05 21:23:22.366  5206 23889 I art     : Starting a blocking GC Explicit
08-05 21:23:22.410  5206 23889 I art     : Explicit concurrent mark sweep GC freed 3(96B) AllocSpace objects, 0(0B) LOS objects, 28% free, 40MB/56MB, paused 1.123ms total 43.030ms
08-05 21:23:22.421  5206 23889 I art     : Starting a blocking GC Explicit
08-05 21:23:22.464  5206 23889 I art     : Explicit concurrent mark sweep GC freed 3(96B) AllocSpace objects, 0(0B) LOS objects, 28% free, 40MB/56MB, paused 1.146ms total 43.123ms
08-05 21:23:22.475  5206 23889 I art     : Starting a blocking GC Explicit
08-05 21:23:22.520  5206 23889 I art     : Explicit concurrent mark sweep GC freed 3(96B) AllocSpace objects, 0(0B) LOS objects, 28% free, 40MB/56MB, paused 1.148ms total 44.230ms
08-05 21:23:22.894  5206  5220 I art     : Starting a blocking GC Explicit
08-05 21:23:22.939  5206  5220 I art     : Explicit concurrent mark sweep GC freed 1443(83KB) AllocSpace objects, 1(20KB) LOS objects, 28% free, 40MB/56MB, paused 1.154ms total 44.569ms
08-05 21:23:22.950  5206  5220 I art     : Starting a blocking GC Explicit
08-05 21:23:22.994  5206  5220 I art     : Explicit concurrent mark sweep GC freed 22(784B) AllocSpace objects, 0(0B) LOS objects, 28% free, 40MB/56MB, paused 1.100ms total 42.897ms
08-05 21:23:23.004  5206  5220 I art     : Starting a blocking GC Explicit
08-05 21:23:23.047  5206  5220 I art     : Explicit concurrent mark sweep GC freed 3(96B) AllocSpace objects, 0(0B) LOS objects, 28% free, 40MB/56MB, paused 1.196ms total 42.588ms
08-05 21:23:23.058  5206  5220 I art     : Starting a blocking GC Explicit
08-05 21:23:23.101  5206  5220 I art     : Explicit concurrent mark sweep GC freed 3(96B) AllocSpace objects, 0(0B) LOS objects, 28% free, 40MB/56MB, paused 1.103ms total 43.174ms
08-05 21:23:23.112  5206  5220 I art     : Starting a blocking GC Explicit
08-05 21:23:23.154  5206  5220 I art     : Explicit concurrent mark sweep GC freed 3(96B) AllocSpace objects, 0(0B) LOS objects, 28% free, 40MB/56MB, paused 1.086ms total 41.740ms
08-05 21:23:23.229 25508 25508 D AndroidRuntime: >>>>>> START com.android.internal.os.RuntimeInit uid 2000 <<<<<<
08-05 21:23:23.234 25508 25508 D AndroidRuntime: CheckJNI is OFF
08-05 21:23:23.266 25508 25508 D ICU     : No timezone override file found: /data/misc/zoneinfo/current/icu/icu_tzdata.dat
08-05 21:23:23.299 25508 25508 I Radio-JNI: register_android_hardware_Radio DONE
08-05 21:23:23.321 25508 25508 D AndroidRuntime: Calling main entry com.android.commands.input.Input
08-05 21:23:23.322 25508 25508 I Input   : injectKeyEvent: KeyEvent { action=ACTION_DOWN, keyCode=KEYCODE_BACK, scanCode=0, metaState=0, flags=0x0, repeatCount=0, eventTime=825819736, downTime=825819736, deviceId=-1, source=0x101 }
08-05 21:23:23.329 25508 25508 I Input   : injectKeyEvent: KeyEvent { action=ACTION_UP, keyCode=KEYCODE_BACK, scanCode=0, metaState=0, flags=0x0, repeatCount=0, eventTime=825819736, downTime=825819736, deviceId=-1, source=0x101 }
08-05 21:23:23.335 25508 25508 D AndroidRuntime: Shutting down VM
08-05 21:23:23.342  5206  5206 D baseline.com.newsblur.service.NBSyncService: rejecting request for feedset that is exhaused
08-05 21:23:23.467  5206  5220 I art     : Starting a blocking GC Explicit
08-05 21:23:23.472  5206  5206 D baseline.com.newsblur.service.NBSyncService: rejecting request for feedset that is exhaused
08-05 21:23:23.484 13866 13866 I GoogleInputMethodServic: GoogleInputMethodService.onFinishInput():3138 
08-05 21:23:23.485 13866 13866 I GoogleInputMethodServic: GoogleInputMethodService.onStartInput():1808 
08-05 21:23:23.513  5206  5220 I art     : Explicit concurrent mark sweep GC freed 3006(234KB) AllocSpace objects, 5(100KB) LOS objects, 28% free, 41MB/57MB, paused 1.150ms total 46.171ms
08-05 21:23:23.524  5206  5220 I art     : Starting a blocking GC Explicit
08-05 21:23:23.565  5206  5220 I art     : Explicit concurrent mark sweep GC freed 566(42KB) AllocSpace objects, 0(0B) LOS objects, 28% free, 40MB/56MB, paused 1.124ms total 41.583ms
08-05 21:23:23.576  5206  5220 I art     : Starting a blocking GC Explicit
08-05 21:23:23.614  5206  5220 I art     : Explicit concurrent mark sweep GC freed 14(448B) AllocSpace objects, 1(28KB) LOS objects, 28% free, 40MB/56MB, paused 1.054ms total 38.372ms
08-05 21:23:23.624  5206  5220 I art     : Starting a blocking GC Explicit
08-05 21:23:23.666  5206  5220 I art     : Explicit concurrent mark sweep GC freed 3(96B) AllocSpace objects, 0(0B) LOS objects, 28% free, 40MB/56MB, paused 1.135ms total 41.614ms
08-05 21:23:23.678  5206  5220 I art     : Starting a blocking GC Explicit
08-05 21:23:23.731  5206  5220 I art     : Explicit concurrent mark sweep GC freed 1597(62KB) AllocSpace objects, 0(0B) LOS objects, 28% free, 40MB/56MB, paused 2.007ms total 52.483ms
08-05 21:23:23.773  5206 24563 E baseline.com.newsblur.network.APIResponse: Error (unexpected end of stream on https://www.newsblur.com/...) calling https://www.newsblur.com/reader/mark_story_hashes_as_read/
08-05 21:23:23.773  5206 24563 E baseline.com.newsblur.network.APIResponse: java.io.IOException: unexpected end of stream on https://www.newsblur.com/...
08-05 21:23:23.773  5206 24563 E baseline.com.newsblur.network.APIResponse: 	at okhttp3.internal.http1.Http1ExchangeCodec.readResponseHeaders(Http1ExchangeCodec.java:236)
08-05 21:23:23.773  5206 24563 E baseline.com.newsblur.network.APIResponse: 	at okhttp3.internal.connection.Exchange.readResponseHeaders(Exchange.java:115)
08-05 21:23:23.773  5206 24563 E baseline.com.newsblur.network.APIResponse: 	at okhttp3.internal.http.CallServerInterceptor.intercept(CallServerInterceptor.java:94)
08-05 21:23:23.773  5206 24563 E baseline.com.newsblur.network.APIResponse: 	at okhttp3.internal.http.RealInterceptorChain.proceed(RealInterceptorChain.java:142)
08-05 21:23:23.773  5206 24563 E baseline.com.newsblur.network.APIResponse: 	at okhttp3.internal.connection.ConnectInterceptor.intercept(ConnectInterceptor.java:43)
08-05 21:23:23.773  5206 24563 E baseline.com.newsblur.network.APIResponse: 	at okhttp3.internal.http.RealInterceptorChain.proceed(RealInterceptorChain.java:142)
08-05 21:23:23.773  5206 24563 E baseline.com.newsblur.network.APIResponse: 	at okhttp3.internal.http.RealInterceptorChain.proceed(RealInterceptorChain.java:117)
08-05 21:23:23.773  5206 24563 E baseline.com.newsblur.network.APIResponse: 	at okhttp3.internal.cache.CacheInterceptor.intercept(CacheInterceptor.java:94)
08-05 21:23:23.773  5206 24563 E baseline.com.newsblur.network.APIResponse: 	at okhttp3.internal.http.RealInterceptorChain.proceed(RealInterceptorChain.java:142)
08-05 21:23:23.773  5206 24563 E baseline.com.newsblur.network.APIResponse: 	at okhttp3.internal.http.RealInterceptorChain.proceed(RealInterceptorChain.java:117)
08-05 21:23:23.773  5206 24563 E baseline.com.newsblur.network.APIResponse: 	at okhttp3.internal.http.BridgeInterceptor.intercept(BridgeInterceptor.java:93)
08-05 21:23:23.773  5206 24563 E baseline.com.newsblur.network.APIResponse: 	at okhttp3.internal.http.RealInterceptorChain.proceed(RealInterceptorChain.java:142)
08-05 21:23:23.773  5206 24563 E baseline.com.newsblur.network.APIResponse: 	at okhttp3.internal.http.RetryAndFollowUpInterceptor.intercept(RetryAndFollowUpInterceptor.java:88)
08-05 21:23:23.773  5206 24563 E baseline.com.newsblur.network.APIResponse: 	at okhttp3.internal.http.RealInterceptorChain.proceed(RealInterceptorChain.java:142)
08-05 21:23:23.773  5206 24563 E baseline.com.newsblur.network.APIResponse: 	at okhttp3.internal.http.RealInterceptorChain.proceed(RealInterceptorChain.java:117)
08-05 21:23:23.773  5206 24563 E baseline.com.newsblur.network.APIResponse: 	at okhttp3.RealCall.getResponseWithInterceptorChain(RealCall.java:229)
08-05 21:23:23.773  5206 24563 E baseline.com.newsblur.network.APIResponse: 	at okhttp3.RealCall.execute(RealCall.java:81)
08-05 21:23:23.773  5206 24563 E baseline.com.newsblur.network.APIResponse: 	at baseline.com.newsblur.network.APIResponse.<init>(APIResponse.java:57)
08-05 21:23:23.773  5206 24563 E baseline.com.newsblur.network.APIResponse: 	at baseline.com.newsblur.network.APIResponse.<init>(APIResponse.java:43)
08-05 21:23:23.773  5206 24563 E baseline.com.newsblur.network.APIResponse: 	at baseline.com.newsblur.network.APIManager.post_single(APIManager.java:702)
08-05 21:23:23.773  5206 24563 E baseline.com.newsblur.network.APIResponse: 	at baseline.com.newsblur.network.APIManager.post(APIManager.java:675)
08-05 21:23:23.773  5206 24563 E baseline.com.newsblur.network.APIResponse: 	at baseline.com.newsblur.network.APIManager.post(APIManager.java:714)
08-05 21:23:23.773  5206 24563 E baseline.com.newsblur.network.APIResponse: 	at baseline.com.newsblur.network.APIManager.markStoryAsRead(APIManager.java:205)
08-05 21:23:23.773  5206 24563 E baseline.com.newsblur.network.APIResponse: 	at baseline.com.newsblur.util.ReadingAction.doRemote(ReadingAction.java:281)
08-05 21:23:23.773  5206 24563 E baseline.com.newsblur.network.APIResponse: 	at baseline.com.newsblur.service.NBSyncService.syncActions(NBSyncService.java:400)
08-05 21:23:23.773  5206 24563 E baseline.com.newsblur.network.APIResponse: 	at baseline.com.newsblur.service.NBSyncService.doSync(NBSyncService.java:298)
08-05 21:23:23.773  5206 24563 E baseline.com.newsblur.network.APIResponse: 	at baseline.com.newsblur.service.NBSyncService.access$100(NBSyncService.java:67)
08-05 21:23:23.773  5206 24563 E baseline.com.newsblur.network.APIResponse: 	at baseline.com.newsblur.service.NBSyncService$1.run(NBSyncService.java:188)
08-05 21:23:23.773  5206 24563 E baseline.com.newsblur.network.APIResponse: 	at java.util.concurrent.ThreadPoolExecutor.runWorker(ThreadPoolExecutor.java:1113)
08-05 21:23:23.773  5206 24563 E baseline.com.newsblur.network.APIResponse: 	at java.util.concurrent.ThreadPoolExecutor$Worker.run(ThreadPoolExecutor.java:588)
08-05 21:23:23.773  5206 24563 E baseline.com.newsblur.network.APIResponse: 	at java.lang.Thread.run(Thread.java:818)
08-05 21:23:23.773  5206 24563 E baseline.com.newsblur.network.APIResponse: Caused by: java.io.EOFException: \n not found: limit=0 content=
08-05 21:23:23.773  5206 24563 E baseline.com.newsblur.network.APIResponse: 	at okio.RealBufferedSource.readUtf8LineStrict(RealBufferedSource.java:240)
08-05 21:23:23.773  5206 24563 E baseline.com.newsblur.network.APIResponse: 	at okhttp3.internal.http1.Http1ExchangeCodec.readHeaderLine(Http1ExchangeCodec.java:242)
08-05 21:23:23.773  5206 24563 E baseline.com.newsblur.network.APIResponse: 	at okhttp3.internal.http1.Http1ExchangeCodec.readResponseHeaders(Http1ExchangeCodec.java:213)
08-05 21:23:23.773  5206 24563 E baseline.com.newsblur.network.APIResponse: 	... 30 more
08-05 21:23:23.774  5206 24563 I baseline.com.newsblur.network.APIManager: API call failed, pausing before retry number 2
08-05 21:23:24.058  5206 23889 I art     : Starting a blocking GC Explicit
08-05 21:23:24.098  5206 23889 I art     : Explicit concurrent mark sweep GC freed 3662(356KB) AllocSpace objects, 3(60KB) LOS objects, 28% free, 40MB/56MB, paused 1.200ms total 40.626ms
08-05 21:23:24.109  5206 23889 I art     : Starting a blocking GC Explicit
08-05 21:23:24.150  5206 23889 I art     : Explicit concurrent mark sweep GC freed 213(9KB) AllocSpace objects, 0(0B) LOS objects, 28% free, 40MB/56MB, paused 1.050ms total 41.101ms
08-05 21:23:24.160  5206 23889 I art     : Starting a blocking GC Explicit
08-05 21:23:24.202  5206 23889 I art     : Explicit concurrent mark sweep GC freed 9(288B) AllocSpace objects, 0(0B) LOS objects, 28% free, 40MB/56MB, paused 1.087ms total 41.032ms
08-05 21:23:24.212  5206 23889 I art     : Starting a blocking GC Explicit
08-05 21:23:24.253  5206 23889 I art     : Explicit concurrent mark sweep GC freed 9(288B) AllocSpace objects, 0(0B) LOS objects, 28% free, 40MB/56MB, paused 1.099ms total 40.651ms
08-05 21:23:24.264  5206 23889 I art     : Starting a blocking GC Explicit
08-05 21:23:24.305  5206 23889 I art     : Explicit concurrent mark sweep GC freed 9(288B) AllocSpace objects, 0(0B) LOS objects, 28% free, 40MB/56MB, paused 1.132ms total 41.156ms
08-05 21:23:24.531   518   646 I ThermalEngine: ACTION: GPU - Setting GPU[0] to 450000000
08-05 21:23:24.698  5206 23889 I art     : Starting a blocking GC Explicit
08-05 21:23:24.770  5206 23889 I art     : Explicit concurrent mark sweep GC freed 1500(84KB) AllocSpace objects, 1(20KB) LOS objects, 28% free, 40MB/56MB, paused 1.942ms total 71.534ms
08-05 21:23:24.785  5206 23889 I art     : Starting a blocking GC Explicit
08-05 21:23:24.842  5206 23889 I art     : Explicit concurrent mark sweep GC freed 30(1040B) AllocSpace objects, 0(0B) LOS objects, 28% free, 40MB/56MB, paused 1.405ms total 56.619ms
08-05 21:23:24.857  5206 23889 I art     : Starting a blocking GC Explicit
08-05 21:23:24.911  5206 23889 I art     : Explicit concurrent mark sweep GC freed 12(384B) AllocSpace objects, 0(0B) LOS objects, 28% free, 40MB/56MB, paused 1.988ms total 53.105ms
08-05 21:23:24.926  5206 23889 I art     : Starting a blocking GC Explicit
08-05 21:23:24.981  5206 23889 I art     : Explicit concurrent mark sweep GC freed 3(96B) AllocSpace objects, 0(0B) LOS objects, 28% free, 40MB/56MB, paused 1.474ms total 54.538ms
08-05 21:23:24.995  5206 23889 I art     : Starting a blocking GC Explicit
08-05 21:23:25.052  5206 23889 I art     : Explicit concurrent mark sweep GC freed 3(96B) AllocSpace objects, 0(0B) LOS objects, 28% free, 40MB/56MB, paused 1.575ms total 56.756ms
08-05 21:23:25.148 25551 25551 D AndroidRuntime: >>>>>> START com.android.internal.os.RuntimeInit uid 2000 <<<<<<
08-05 21:23:25.154 25551 25551 D AndroidRuntime: CheckJNI is OFF
08-05 21:23:25.199 25551 25551 D ICU     : No timezone override file found: /data/misc/zoneinfo/current/icu/icu_tzdata.dat
08-05 21:23:25.243 25551 25551 I Radio-JNI: register_android_hardware_Radio DONE
08-05 21:23:25.272 25551 25551 D AndroidRuntime: Calling main entry com.android.commands.input.Input
08-05 21:23:25.274 25551 25551 I Input   : injectMotionEvent: MotionEvent { action=ACTION_DOWN, actionButton=0, id[0]=0, x[0]=435.0, y[0]=858.0, toolType[0]=TOOL_TYPE_UNKNOWN, buttonState=0, metaState=0, flags=0x0, edgeFlags=0x0, pointerCount=1, historySize=0, eventTime=825821686, downTime=825821686, deviceId=0, source=0x1002 }
08-05 21:23:25.279 25551 25551 I Input   : injectMotionEvent: MotionEvent { action=ACTION_UP, actionButton=0, id[0]=0, x[0]=435.0, y[0]=858.0, toolType[0]=TOOL_TYPE_UNKNOWN, buttonState=0, metaState=0, flags=0x0, edgeFlags=0x0, pointerCount=1, historySize=0, eventTime=825821686, downTime=825821686, deviceId=0, source=0x1002 }
08-05 21:23:25.281 25551 25551 D AndroidRuntime: Shutting down VM
08-05 21:23:25.295   512  2967 D audio_hw_primary: out_set_parameters: enter: usecase(1: low-latency-playback) kvpairs: routing=2
08-05 21:23:25.295   918  5952 I ActivityManager: START u0 {cmp=baseline.com.newsblur/.activity.AllSharedStoriesReading (has extras)} from uid 10676 on display 0
08-05 21:23:25.308   512  2967 D audio_hw_primary: select_devices: out_snd_device(2: speaker) in_snd_device(0: none)
08-05 21:23:25.308   512  2967 D msm8974_platform: platform_send_audio_calibration: sending audio calibration for snd_device(2) acdb_id(15)
08-05 21:23:25.308   512  2967 I soundtrigger: audio_extn_sound_trigger_update_device_status: device 0x2 of type 0 for Event 1
08-05 21:23:25.320   512  2967 D audio_hw_primary: enable_snd_device: snd_device(2: speaker)
08-05 21:23:25.322   512  2967 D audio_hw_primary: enable_audio_route: apply and update mixer path: low-latency-playback speaker
08-05 21:23:25.444  5206 23687 I art     : Starting a blocking GC Explicit
08-05 21:23:25.495  5206 23687 I art     : Explicit concurrent mark sweep GC freed 3053(254KB) AllocSpace objects, 6(548KB) LOS objects, 28% free, 41MB/57MB, paused 1.491ms total 50.681ms
08-05 21:23:25.508  5206 23687 I art     : Starting a blocking GC Explicit
08-05 21:23:25.538   918   936 I ActivityManager: Displayed baseline.com.newsblur/.activity.AllSharedStoriesReading: +234ms
08-05 21:23:25.539 13866 13866 I GoogleInputMethodServic: GoogleInputMethodService.onFinishInput():3138 
08-05 21:23:25.540 13866 13866 I GoogleInputMethodServic: GoogleInputMethodService.onStartInput():1808 
08-05 21:23:25.560  5206 23687 I art     : Explicit concurrent mark sweep GC freed 843(58KB) AllocSpace objects, 1(20KB) LOS objects, 27% free, 41MB/57MB, paused 1.837ms total 51.226ms
08-05 21:23:25.574  5206 23687 I art     : Starting a blocking GC Explicit
08-05 21:23:25.627  5206 23687 I art     : Explicit concurrent mark sweep GC freed 1718(112KB) AllocSpace objects, 3(68KB) LOS objects, 27% free, 41MB/57MB, paused 1.910ms total 53.155ms
08-05 21:23:25.641  5206 23687 I art     : Starting a blocking GC Explicit
08-05 21:23:25.697  5206 23687 I art     : Explicit concurrent mark sweep GC freed 1381(113KB) AllocSpace objects, 10(236KB) LOS objects, 27% free, 41MB/57MB, paused 1.801ms total 55.681ms
08-05 21:23:25.715  5206 23687 I art     : Starting a blocking GC Explicit
08-05 21:23:25.777  5206 23687 I art     : Explicit concurrent mark sweep GC freed 883(72KB) AllocSpace objects, 0(0B) LOS objects, 27% free, 41MB/57MB, paused 2.555ms total 61.799ms
08-05 21:23:25.859   512  2967 D audio_hw_primary: disable_audio_route: reset and update mixer path: low-latency-playback speaker
08-05 21:23:25.861   512  2967 D audio_hw_primary: disable_snd_device: snd_device(2: speaker)
08-05 21:23:25.868   512  2967 I soundtrigger: audio_extn_sound_trigger_update_device_status: device 0x2 of type 0 for Event 0
08-05 21:23:25.881  5206 24234 E chromium: [ERROR:tile_manager.cc(793)] WARNING: tile memory limits exceeded, some content may not draw
08-05 21:23:25.882  5206 24234 E chromium: [ERROR:tile_manager.cc(793)] WARNING: tile memory limits exceeded, some content may not draw
08-05 21:23:26.161  5206  5220 I art     : Starting a blocking GC Explicit
08-05 21:23:26.221  5206  5220 I art     : Explicit concurrent mark sweep GC freed 1928(147KB) AllocSpace objects, 3(68KB) LOS objects, 27% free, 41MB/57MB, paused 1.518ms total 60.107ms
08-05 21:23:26.236  5206  5220 I art     : Starting a blocking GC Explicit
08-05 21:23:26.295  5206  5220 I art     : Explicit concurrent mark sweep GC freed 73(3KB) AllocSpace objects, 0(0B) LOS objects, 27% free, 41MB/57MB, paused 1.531ms total 59.346ms
08-05 21:23:26.311  5206  5220 I art     : Starting a blocking GC Explicit
08-05 21:23:26.369  5206  5220 I art     : Explicit concurrent mark sweep GC freed 3(96B) AllocSpace objects, 0(0B) LOS objects, 27% free, 41MB/57MB, paused 1.449ms total 58.420ms
08-05 21:23:26.384  5206  5220 I art     : Starting a blocking GC Explicit
08-05 21:23:26.442  5206  5220 I art     : Explicit concurrent mark sweep GC freed 3(96B) AllocSpace objects, 0(0B) LOS objects, 27% free, 41MB/57MB, paused 1.512ms total 57.989ms
08-05 21:23:26.457  5206  5220 I art     : Starting a blocking GC Explicit
08-05 21:23:26.514  5206  5220 I art     : Explicit concurrent mark sweep GC freed 3(96B) AllocSpace objects, 0(0B) LOS objects, 27% free, 41MB/57MB, paused 1.567ms total 57.113ms
08-05 21:23:26.867  5206 24234 E chromium: [ERROR:tile_manager.cc(793)] WARNING: tile memory limits exceeded, some content may not draw
08-05 21:23:26.868  5206 24234 E chromium: [ERROR:tile_manager.cc(793)] WARNING: tile memory limits exceeded, some content may not draw
08-05 21:23:26.899  5206 23889 I art     : Starting a blocking GC Explicit
08-05 21:23:26.906  5206 24234 E chromium: [ERROR:tile_manager.cc(793)] WARNING: tile memory limits exceeded, some content may not draw
08-05 21:23:26.907  5206 24234 E chromium: [ERROR:tile_manager.cc(793)] WARNING: tile memory limits exceeded, some content may not draw
08-05 21:23:26.913  5206 24234 E chromium: [ERROR:tile_manager.cc(793)] WARNING: tile memory limits exceeded, some content may not draw
08-05 21:23:26.913  5206 24234 E chromium: [ERROR:tile_manager.cc(793)] WARNING: tile memory limits exceeded, some content may not draw
08-05 21:23:26.977  5206 23889 I art     : Explicit concurrent mark sweep GC freed 1677(92KB) AllocSpace objects, 1(20KB) LOS objects, 27% free, 41MB/57MB, paused 1.527ms total 77.100ms
08-05 21:23:26.992  5206 23889 I art     : Starting a blocking GC Explicit
08-05 21:23:27.049  5206 23889 I art     : Explicit concurrent mark sweep GC freed 59(3KB) AllocSpace objects, 0(0B) LOS objects, 27% free, 41MB/57MB, paused 1.772ms total 56.834ms
08-05 21:23:27.064  5206 23889 I art     : Starting a blocking GC Explicit
08-05 21:23:27.123  5206 23889 I art     : Explicit concurrent mark sweep GC freed 25(800B) AllocSpace objects, 0(0B) LOS objects, 27% free, 41MB/57MB, paused 1.664ms total 58.552ms
08-05 21:23:27.137  5206 23889 I art     : Starting a blocking GC Explicit
08-05 21:23:27.196  5206 23889 I art     : Explicit concurrent mark sweep GC freed 4(128B) AllocSpace objects, 0(0B) LOS objects, 27% free, 41MB/57MB, paused 1.678ms total 57.865ms
08-05 21:23:27.211  5206 23889 I art     : Starting a blocking GC Explicit
08-05 21:23:27.275  5206 23889 I art     : Explicit concurrent mark sweep GC freed 3(96B) AllocSpace objects, 0(0B) LOS objects, 27% free, 41MB/57MB, paused 1.510ms total 63.996ms
08-05 21:23:27.367  5206 24563 E baseline.com.newsblur.network.APIResponse: Error (unexpected end of stream on https://www.newsblur.com/...) calling https://www.newsblur.com/reader/mark_story_hashes_as_read/
08-05 21:23:27.367  5206 24563 E baseline.com.newsblur.network.APIResponse: java.io.IOException: unexpected end of stream on https://www.newsblur.com/...
08-05 21:23:27.367  5206 24563 E baseline.com.newsblur.network.APIResponse: 	at okhttp3.internal.http1.Http1ExchangeCodec.readResponseHeaders(Http1ExchangeCodec.java:236)
08-05 21:23:27.367  5206 24563 E baseline.com.newsblur.network.APIResponse: 	at okhttp3.internal.connection.Exchange.readResponseHeaders(Exchange.java:115)
08-05 21:23:27.367  5206 24563 E baseline.com.newsblur.network.APIResponse: 	at okhttp3.internal.http.CallServerInterceptor.intercept(CallServerInterceptor.java:94)
08-05 21:23:27.367  5206 24563 E baseline.com.newsblur.network.APIResponse: 	at okhttp3.internal.http.RealInterceptorChain.proceed(RealInterceptorChain.java:142)
08-05 21:23:27.367  5206 24563 E baseline.com.newsblur.network.APIResponse: 	at okhttp3.internal.connection.ConnectInterceptor.intercept(ConnectInterceptor.java:43)
08-05 21:23:27.367  5206 24563 E baseline.com.newsblur.network.APIResponse: 	at okhttp3.internal.http.RealInterceptorChain.proceed(RealInterceptorChain.java:142)
08-05 21:23:27.367  5206 24563 E baseline.com.newsblur.network.APIResponse: 	at okhttp3.internal.http.RealInterceptorChain.proceed(RealInterceptorChain.java:117)
08-05 21:23:27.367  5206 24563 E baseline.com.newsblur.network.APIResponse: 	at okhttp3.internal.cache.CacheInterceptor.intercept(CacheInterceptor.java:94)
08-05 21:23:27.367  5206 24563 E baseline.com.newsblur.network.APIResponse: 	at okhttp3.internal.http.RealInterceptorChain.proceed(RealInterceptorChain.java:142)
08-05 21:23:27.367  5206 24563 E baseline.com.newsblur.network.APIResponse: 	at okhttp3.internal.http.RealInterceptorChain.proceed(RealInterceptorChain.java:117)
08-05 21:23:27.367  5206 24563 E baseline.com.newsblur.network.APIResponse: 	at okhttp3.internal.http.BridgeInterceptor.intercept(BridgeInterceptor.java:93)
08-05 21:23:27.367  5206 24563 E baseline.com.newsblur.network.APIResponse: 	at okhttp3.internal.http.RealInterceptorChain.proceed(RealInterceptorChain.java:142)
08-05 21:23:27.367  5206 24563 E baseline.com.newsblur.network.APIResponse: 	at okhttp3.internal.http.RetryAndFollowUpInterceptor.intercept(RetryAndFollowUpInterceptor.java:88)
08-05 21:23:27.367  5206 24563 E baseline.com.newsblur.network.APIResponse: 	at okhttp3.internal.http.RealInterceptorChain.proceed(RealInterceptorChain.java:142)
08-05 21:23:27.367  5206 24563 E baseline.com.newsblur.network.APIResponse: 	at okhttp3.internal.http.RealInterceptorChain.proceed(RealInterceptorChain.java:117)
08-05 21:23:27.367  5206 24563 E baseline.com.newsblur.network.APIResponse: 	at okhttp3.RealCall.getResponseWithInterceptorChain(RealCall.java:229)
08-05 21:23:27.367  5206 24563 E baseline.com.newsblur.network.APIResponse: 	at okhttp3.RealCall.execute(RealCall.java:81)
08-05 21:23:27.367  5206 24563 E baseline.com.newsblur.network.APIResponse: 	at baseline.com.newsblur.network.APIResponse.<init>(APIResponse.java:57)
08-05 21:23:27.367  5206 24563 E baseline.com.newsblur.network.APIResponse: 	at baseline.com.newsblur.network.APIResponse.<init>(APIResponse.java:43)
08-05 21:23:27.367  5206 24563 E baseline.com.newsblur.network.APIResponse: 	at baseline.com.newsblur.network.APIManager.post_single(APIManager.java:702)
08-05 21:23:27.367  5206 24563 E baseline.com.newsblur.network.APIResponse: 	at baseline.com.newsblur.network.APIManager.post(APIManager.java:675)
08-05 21:23:27.367  5206 24563 E baseline.com.newsblur.network.APIResponse: 	at baseline.com.newsblur.network.APIManager.post(APIManager.java:714)
08-05 21:23:27.367  5206 24563 E baseline.com.newsblur.network.APIResponse: 	at baseline.com.newsblur.network.APIManager.markStoryAsRead(APIManager.java:205)
08-05 21:23:27.367  5206 24563 E baseline.com.newsblur.network.APIResponse: 	at baseline.com.newsblur.util.ReadingAction.doRemote(ReadingAction.java:281)
08-05 21:23:27.367  5206 24563 E baseline.com.newsblur.network.APIResponse: 	at baseline.com.newsblur.service.NBSyncService.syncActions(NBSyncService.java:400)
08-05 21:23:27.367  5206 24563 E baseline.com.newsblur.network.APIResponse: 	at baseline.com.newsblur.service.NBSyncService.doSync(NBSyncService.java:298)
08-05 21:23:27.367  5206 24563 E baseline.com.newsblur.network.APIResponse: 	at baseline.com.newsblur.service.NBSyncService.access$100(NBSyncService.java:67)
08-05 21:23:27.367  5206 24563 E baseline.com.newsblur.network.APIResponse: 	at baseline.com.newsblur.service.NBSyncService$1.run(NBSyncService.java:188)
08-05 21:23:27.367  5206 24563 E baseline.com.newsblur.network.APIResponse: 	at java.util.concurrent.ThreadPoolExecutor.runWorker(ThreadPoolExecutor.java:1113)
08-05 21:23:27.367  5206 24563 E baseline.com.newsblur.network.APIResponse: 	at java.util.concurrent.ThreadPoolExecutor$Worker.run(ThreadPoolExecutor.java:588)
08-05 21:23:27.367  5206 24563 E baseline.com.newsblur.network.APIResponse: 	at java.lang.Thread.run(Thread.java:818)
08-05 21:23:27.367  5206 24563 E baseline.com.newsblur.network.APIResponse: Caused by: java.io.EOFException: \n not found: limit=0 content=
08-05 21:23:27.367  5206 24563 E baseline.com.newsblur.network.APIResponse: 	at okio.RealBufferedSource.readUtf8LineStrict(RealBufferedSource.java:240)
08-05 21:23:27.367  5206 24563 E baseline.com.newsblur.network.APIResponse: 	at okhttp3.internal.http1.Http1ExchangeCodec.readHeaderLine(Http1ExchangeCodec.java:242)
08-05 21:23:27.367  5206 24563 E baseline.com.newsblur.network.APIResponse: 	at okhttp3.internal.http1.Http1ExchangeCodec.readResponseHeaders(Http1ExchangeCodec.java:213)
08-05 21:23:27.367  5206 24563 E baseline.com.newsblur.network.APIResponse: 	... 30 more
08-05 21:23:27.369  5206 24563 I baseline.com.newsblur.service.NBSyncService: Holding reading action with server-side or network error.
08-05 21:23:27.381  5206 24563 W baseline.com.newsblur.service.NBSyncService: hard API failure
08-05 21:23:27.665  5206  5220 I art     : Starting a blocking GC Explicit
08-05 21:23:27.732  5206  5220 I art     : Explicit concurrent mark sweep GC freed 4960(574KB) AllocSpace objects, 17(340KB) LOS objects, 27% free, 41MB/57MB, paused 1.559ms total 66.647ms
08-05 21:23:27.748  5206  5220 I art     : Starting a blocking GC Explicit
08-05 21:23:27.805  5206  5220 I art     : Explicit concurrent mark sweep GC freed 756(28KB) AllocSpace objects, 0(0B) LOS objects, 27% free, 41MB/57MB, paused 1.396ms total 57.112ms
08-05 21:23:27.820  5206  5220 I art     : Starting a blocking GC Explicit
08-05 21:23:27.881  5206  5220 I art     : Explicit concurrent mark sweep GC freed 3(96B) AllocSpace objects, 0(0B) LOS objects, 27% free, 41MB/57MB, paused 1.505ms total 61.537ms
08-05 21:23:27.896  5206  5220 I art     : Starting a blocking GC Explicit
08-05 21:23:27.957  5206  5220 I art     : Explicit concurrent mark sweep GC freed 3(96B) AllocSpace objects, 0(0B) LOS objects, 27% free, 41MB/57MB, paused 1.469ms total 59.917ms
08-05 21:23:27.971  5206  5220 I art     : Starting a blocking GC Explicit
08-05 21:23:28.034  5206  5220 I art     : Explicit concurrent mark sweep GC freed 3(96B) AllocSpace objects, 0(0B) LOS objects, 27% free, 41MB/57MB, paused 1.462ms total 62.806ms
08-05 21:23:28.123   918  3188 I hubconnection: sensorhub said: 'set_bias 3: -5.2224, 0.0000, 0.0000'
08-05 21:23:28.455  5206 23687 I art     : Starting a blocking GC Explicit
08-05 21:23:28.485 13866 13882 I PeriodicStatsRunner: PeriodicStatsRunner.call():175 call()
08-05 21:23:28.485 13866 13882 I PeriodicStatsRunner: PeriodicStatsRunner.call():179 No submit PeriodicStats since input started.
08-05 21:23:28.521  5206 23687 I art     : Explicit concurrent mark sweep GC freed 1409(81KB) AllocSpace objects, 1(20KB) LOS objects, 27% free, 41MB/57MB, paused 1.533ms total 65.138ms
08-05 21:23:28.537  5206 23687 I art     : Starting a blocking GC Explicit
08-05 21:23:28.596  5206 23687 I art     : Explicit concurrent mark sweep GC freed 20(704B) AllocSpace objects, 0(0B) LOS objects, 27% free, 41MB/57MB, paused 1.380ms total 58.215ms
08-05 21:23:28.610  5206 23687 I art     : Starting a blocking GC Explicit
08-05 21:23:28.673  5206 23687 I art     : Explicit concurrent mark sweep GC freed 3(96B) AllocSpace objects, 0(0B) LOS objects, 27% free, 41MB/57MB, paused 1.432ms total 62.207ms
08-05 21:23:28.687  5206 23687 I art     : Starting a blocking GC Explicit
08-05 21:23:28.748  5206 23687 I art     : Explicit concurrent mark sweep GC freed 3(96B) AllocSpace objects, 0(0B) LOS objects, 27% free, 41MB/57MB, paused 1.578ms total 60.901ms
08-05 21:23:28.763  5206 23687 I art     : Starting a blocking GC Explicit
08-05 21:23:28.823  5206 23687 I art     : Explicit concurrent mark sweep GC freed 3(96B) AllocSpace objects, 0(0B) LOS objects, 27% free, 41MB/57MB, paused 1.398ms total 59.606ms
08-05 21:23:29.238  5206  5219 I art     : Starting a blocking GC Explicit
08-05 21:23:29.301  5206  5219 I art     : Explicit concurrent mark sweep GC freed 1405(81KB) AllocSpace objects, 1(20KB) LOS objects, 27% free, 41MB/57MB, paused 1.423ms total 62.763ms
08-05 21:23:29.315  5206  5219 I art     : Starting a blocking GC Explicit
08-05 21:23:29.379  5206  5219 I art     : Explicit concurrent mark sweep GC freed 20(704B) AllocSpace objects, 0(0B) LOS objects, 27% free, 41MB/57MB, paused 1.574ms total 63.040ms
08-05 21:23:29.398  5206  5219 I art     : Starting a blocking GC Explicit
08-05 21:23:29.457  5206  5219 I art     : Explicit concurrent mark sweep GC freed 3(96B) AllocSpace objects, 0(0B) LOS objects, 27% free, 41MB/57MB, paused 1.430ms total 59.497ms
08-05 21:23:29.472  5206  5219 I art     : Starting a blocking GC Explicit
08-05 21:23:29.533  5206  5219 I art     : Explicit concurrent mark sweep GC freed 3(96B) AllocSpace objects, 0(0B) LOS objects, 27% free, 41MB/57MB, paused 1.332ms total 60.123ms
08-05 21:23:29.547  5206  5219 I art     : Starting a blocking GC Explicit
08-05 21:23:29.601  5206  5219 I art     : Explicit concurrent mark sweep GC freed 3(96B) AllocSpace objects, 0(0B) LOS objects, 27% free, 41MB/57MB, paused 1.515ms total 53.901ms
08-05 21:23:29.976  5206 23889 I art     : Starting a blocking GC Explicit
08-05 21:23:30.038  5206 23889 I art     : Explicit concurrent mark sweep GC freed 1406(81KB) AllocSpace objects, 1(20KB) LOS objects, 27% free, 41MB/57MB, paused 1.525ms total 61.246ms
08-05 21:23:30.052  5206 23889 I art     : Starting a blocking GC Explicit
08-05 21:23:30.070 25625 25625 D AndroidRuntime: >>>>>> START com.android.internal.os.RuntimeInit uid 2000 <<<<<<
08-05 21:23:30.076 25625 25625 D AndroidRuntime: CheckJNI is OFF
08-05 21:23:30.112  5206 23889 I art     : Explicit concurrent mark sweep GC freed 20(704B) AllocSpace objects, 0(0B) LOS objects, 27% free, 41MB/57MB, paused 1.518ms total 59.369ms
08-05 21:23:30.122 25625 25625 D ICU     : No timezone override file found: /data/misc/zoneinfo/current/icu/icu_tzdata.dat
08-05 21:23:30.127  5206 23889 I art     : Starting a blocking GC Explicit
08-05 21:23:30.167 25625 25625 I Radio-JNI: register_android_hardware_Radio DONE
08-05 21:23:30.185  5206 23889 I art     : Explicit concurrent mark sweep GC freed 3(96B) AllocSpace objects, 0(0B) LOS objects, 27% free, 41MB/57MB, paused 1.493ms total 58.454ms
08-05 21:23:30.197 25625 25625 D AndroidRuntime: Calling main entry com.android.commands.input.Input
08-05 21:23:30.198 25625 25625 I Input   : injectKeyEvent: KeyEvent { action=ACTION_DOWN, keyCode=KEYCODE_BACK, scanCode=0, metaState=0, flags=0x0, repeatCount=0, eventTime=825826611, downTime=825826611, deviceId=-1, source=0x101 }
08-05 21:23:30.200  5206 23889 I art     : Starting a blocking GC Explicit
08-05 21:23:30.205 25625 25625 I Input   : injectKeyEvent: KeyEvent { action=ACTION_UP, keyCode=KEYCODE_BACK, scanCode=0, metaState=0, flags=0x0, repeatCount=0, eventTime=825826611, downTime=825826611, deviceId=-1, source=0x101 }
08-05 21:23:30.212 25625 25625 D AndroidRuntime: Shutting down VM
08-05 21:23:30.224  5206  5206 D baseline.com.newsblur.service.NBSyncService: rejecting request for feedset that is exhaused
08-05 21:23:30.251  5206 23889 I art     : Explicit concurrent mark sweep GC freed 224(38KB) AllocSpace objects, 2(40KB) LOS objects, 27% free, 41MB/57MB, paused 1.391ms total 50.691ms
08-05 21:23:30.264  5206 23889 I art     : Starting a blocking GC Explicit
08-05 21:23:30.317  5206 23889 I art     : Explicit concurrent mark sweep GC freed 46(1840B) AllocSpace objects, 0(0B) LOS objects, 27% free, 41MB/57MB, paused 1.462ms total 52.637ms
08-05 21:23:30.397  5206  5206 D baseline.com.newsblur.service.NBSyncService: rejecting request for feedset that is exhaused
08-05 21:23:30.399 13866 13866 I GoogleInputMethodServic: GoogleInputMethodService.onFinishInput():3138 
08-05 21:23:30.400 13866 13866 I GoogleInputMethodServic: GoogleInputMethodService.onStartInput():1808 
08-05 21:23:30.539 13866 13882 I PeriodicStatsRunner: PeriodicStatsRunner.call():175 call()
08-05 21:23:30.540 13866 13882 I PeriodicStatsRunner: PeriodicStatsRunner.call():179 No submit PeriodicStats since input started.
08-05 21:23:30.684  5206 23687 I art     : Starting a blocking GC Explicit
08-05 21:23:30.752  5206 23687 I art     : Explicit concurrent mark sweep GC freed 4075(268KB) AllocSpace objects, 4(88KB) LOS objects, 27% free, 41MB/57MB, paused 2.776ms total 67.348ms
08-05 21:23:30.765  5206 23687 I art     : Starting a blocking GC Explicit
08-05 21:23:30.818  5206 23687 I art     : Explicit concurrent mark sweep GC freed 669(35KB) AllocSpace objects, 0(0B) LOS objects, 27% free, 41MB/57MB, paused 1.431ms total 53.090ms
08-05 21:23:30.832  5206 23687 I art     : Starting a blocking GC Explicit
08-05 21:23:30.889  5206 23687 I art     : Explicit concurrent mark sweep GC freed 138(6KB) AllocSpace objects, 0(0B) LOS objects, 27% free, 41MB/57MB, paused 1.622ms total 56.814ms
08-05 21:23:30.903  5206 23687 I art     : Starting a blocking GC Explicit
08-05 21:23:30.964  5206 23687 I art     : Explicit concurrent mark sweep GC freed 11(352B) AllocSpace objects, 0(0B) LOS objects, 27% free, 41MB/57MB, paused 1.329ms total 60.465ms
08-05 21:23:30.980  5206 23687 I art     : Starting a blocking GC Explicit
08-05 21:23:31.042  5206 23687 I art     : Explicit concurrent mark sweep GC freed 13(416B) AllocSpace objects, 0(0B) LOS objects, 27% free, 41MB/57MB, paused 1.649ms total 61.451ms
08-05 21:23:31.423  5206 23687 I art     : Starting a blocking GC Explicit
08-05 21:23:31.424   918  3261 D WifiStateMachine: starting scan for "H369AA63323"WPA_PSK with 2412,5180
08-05 21:23:31.484  5206 23687 I art     : Explicit concurrent mark sweep GC freed 1458(82KB) AllocSpace objects, 1(20KB) LOS objects, 27% free, 41MB/57MB, paused 1.536ms total 61.339ms
08-05 21:23:31.499  5206 23687 I art     : Starting a blocking GC Explicit
08-05 21:23:31.556  5206 23687 I art     : Explicit concurrent mark sweep GC freed 30(1024B) AllocSpace objects, 0(0B) LOS objects, 27% free, 41MB/57MB, paused 1.494ms total 56.814ms
08-05 21:23:31.570  5206 23687 I art     : Starting a blocking GC Explicit
08-05 21:23:31.627  5206 23687 I art     : Explicit concurrent mark sweep GC freed 11(352B) AllocSpace objects, 0(0B) LOS objects, 27% free, 41MB/57MB, paused 1.351ms total 56.861ms
08-05 21:23:31.642  5206 23687 I art     : Starting a blocking GC Explicit
08-05 21:23:31.701  5206 23687 I art     : Explicit concurrent mark sweep GC freed 12(384B) AllocSpace objects, 0(0B) LOS objects, 27% free, 41MB/57MB, paused 1.435ms total 58.809ms
08-05 21:23:31.718  5206 23687 I art     : Starting a blocking GC Explicit
08-05 21:23:31.776  5206 23687 I art     : Explicit concurrent mark sweep GC freed 12(384B) AllocSpace objects, 0(0B) LOS objects, 27% free, 41MB/57MB, paused 1.379ms total 58.529ms
08-05 21:23:31.989 25668 25668 D AndroidRuntime: >>>>>> START com.android.internal.os.RuntimeInit uid 2000 <<<<<<
08-05 21:23:31.996 25668 25668 D AndroidRuntime: CheckJNI is OFF
08-05 21:23:32.035 25668 25668 D ICU     : No timezone override file found: /data/misc/zoneinfo/current/icu/icu_tzdata.dat
08-05 21:23:32.076 25668 25668 I Radio-JNI: register_android_hardware_Radio DONE
08-05 21:23:32.104 25668 25668 D AndroidRuntime: Calling main entry com.android.commands.input.Input
08-05 21:23:32.106 25668 25668 I Input   : injectKeyEvent: KeyEvent { action=ACTION_DOWN, keyCode=KEYCODE_BACK, scanCode=0, metaState=0, flags=0x0, repeatCount=0, eventTime=825828519, downTime=825828519, deviceId=-1, source=0x101 }
08-05 21:23:32.110 25668 25668 I Input   : injectKeyEvent: KeyEvent { action=ACTION_UP, keyCode=KEYCODE_BACK, scanCode=0, metaState=0, flags=0x0, repeatCount=0, eventTime=825828519, downTime=825828519, deviceId=-1, source=0x101 }
08-05 21:23:32.117 25668 25668 D AndroidRuntime: Shutting down VM
08-05 21:23:32.181  5206 24515 I art     : Starting a blocking GC Explicit
08-05 21:23:32.239  5206 24515 I art     : Explicit concurrent mark sweep GC freed 1757(147KB) AllocSpace objects, 5(100KB) LOS objects, 27% free, 41MB/57MB, paused 1.583ms total 57.378ms
08-05 21:23:32.253  5206 24515 I art     : Starting a blocking GC Explicit
08-05 21:23:32.310  5206 24515 I art     : Explicit concurrent mark sweep GC freed 2075(146KB) AllocSpace objects, 4(80KB) LOS objects, 27% free, 41MB/57MB, paused 1.565ms total 56.904ms
08-05 21:23:32.325  5206 24515 I art     : Starting a blocking GC Explicit
08-05 21:23:32.333 13866 13866 I GoogleInputMethodServic: GoogleInputMethodService.onFinishInput():3138 
08-05 21:23:32.333 13866 13866 I GoogleInputMethodServic: GoogleInputMethodService.onStartInput():1808 
08-05 21:23:32.380  5206 24515 I art     : Explicit concurrent mark sweep GC freed 8162(522KB) AllocSpace objects, 8(160KB) LOS objects, 27% free, 41MB/57MB, paused 1.964ms total 55.428ms
08-05 21:23:32.395  5206 24515 I art     : Starting a blocking GC Explicit
08-05 21:23:32.448  5206 24515 I art     : Explicit concurrent mark sweep GC freed 308(13KB) AllocSpace objects, 0(0B) LOS objects, 27% free, 41MB/57MB, paused 1.567ms total 52.622ms
08-05 21:23:32.461  5206 24515 I art     : Starting a blocking GC Explicit
08-05 21:23:32.524  5206 24515 I art     : Explicit concurrent mark sweep GC freed 12(1408B) AllocSpace objects, 0(0B) LOS objects, 27% free, 41MB/57MB, paused 2.010ms total 61.949ms
08-05 21:23:32.724 24895 24895 I ServiceManager: Waiting for service AtCmdFwd...
08-05 21:23:32.905  5206  5220 I art     : Starting a blocking GC Explicit
08-05 21:23:32.908  5206 25691 E baseline.com.newsblur.network.APIResponse: Error (unexpected end of stream on https://www.newsblur.com/...) calling https://www.newsblur.com/reader/mark_story_hashes_as_read/
08-05 21:23:32.908  5206 25691 E baseline.com.newsblur.network.APIResponse: java.io.IOException: unexpected end of stream on https://www.newsblur.com/...
08-05 21:23:32.908  5206 25691 E baseline.com.newsblur.network.APIResponse: 	at okhttp3.internal.http1.Http1ExchangeCodec.readResponseHeaders(Http1ExchangeCodec.java:236)
08-05 21:23:32.908  5206 25691 E baseline.com.newsblur.network.APIResponse: 	at okhttp3.internal.connection.Exchange.readResponseHeaders(Exchange.java:115)
08-05 21:23:32.908  5206 25691 E baseline.com.newsblur.network.APIResponse: 	at okhttp3.internal.http.CallServerInterceptor.intercept(CallServerInterceptor.java:94)
08-05 21:23:32.908  5206 25691 E baseline.com.newsblur.network.APIResponse: 	at okhttp3.internal.http.RealInterceptorChain.proceed(RealInterceptorChain.java:142)
08-05 21:23:32.908  5206 25691 E baseline.com.newsblur.network.APIResponse: 	at okhttp3.internal.connection.ConnectInterceptor.intercept(ConnectInterceptor.java:43)
08-05 21:23:32.908  5206 25691 E baseline.com.newsblur.network.APIResponse: 	at okhttp3.internal.http.RealInterceptorChain.proceed(RealInterceptorChain.java:142)
08-05 21:23:32.908  5206 25691 E baseline.com.newsblur.network.APIResponse: 	at okhttp3.internal.http.RealInterceptorChain.proceed(RealInterceptorChain.java:117)
08-05 21:23:32.908  5206 25691 E baseline.com.newsblur.network.APIResponse: 	at okhttp3.internal.cache.CacheInterceptor.intercept(CacheInterceptor.java:94)
08-05 21:23:32.908  5206 25691 E baseline.com.newsblur.network.APIResponse: 	at okhttp3.internal.http.RealInterceptorChain.proceed(RealInterceptorChain.java:142)
08-05 21:23:32.908  5206 25691 E baseline.com.newsblur.network.APIResponse: 	at okhttp3.internal.http.RealInterceptorChain.proceed(RealInterceptorChain.java:117)
08-05 21:23:32.908  5206 25691 E baseline.com.newsblur.network.APIResponse: 	at okhttp3.internal.http.BridgeInterceptor.intercept(BridgeInterceptor.java:93)
08-05 21:23:32.908  5206 25691 E baseline.com.newsblur.network.APIResponse: 	at okhttp3.internal.http.RealInterceptorChain.proceed(RealInterceptorChain.java:142)
08-05 21:23:32.908  5206 25691 E baseline.com.newsblur.network.APIResponse: 	at okhttp3.internal.http.RetryAndFollowUpInterceptor.intercept(RetryAndFollowUpInterceptor.java:88)
08-05 21:23:32.908  5206 25691 E baseline.com.newsblur.network.APIResponse: 	at okhttp3.internal.http.RealInterceptorChain.proceed(RealInterceptorChain.java:142)
08-05 21:23:32.908  5206 25691 E baseline.com.newsblur.network.APIResponse: 	at okhttp3.internal.http.RealInterceptorChain.proceed(RealInterceptorChain.java:117)
08-05 21:23:32.908  5206 25691 E baseline.com.newsblur.network.APIResponse: 	at okhttp3.RealCall.getResponseWithInterceptorChain(RealCall.java:229)
08-05 21:23:32.908  5206 25691 E baseline.com.newsblur.network.APIResponse: 	at okhttp3.RealCall.execute(RealCall.java:81)
08-05 21:23:32.908  5206 25691 E baseline.com.newsblur.network.APIResponse: 	at baseline.com.newsblur.network.APIResponse.<init>(APIResponse.java:57)
08-05 21:23:32.908  5206 25691 E baseline.com.newsblur.network.APIResponse: 	at baseline.com.newsblur.network.APIResponse.<init>(APIResponse.java:43)
08-05 21:23:32.908  5206 25691 E baseline.com.newsblur.network.APIResponse: 	at baseline.com.newsblur.network.APIManager.post_single(APIManager.java:702)
08-05 21:23:32.908  5206 25691 E baseline.com.newsblur.network.APIResponse: 	at baseline.com.newsblur.network.APIManager.post(APIManager.java:675)
08-05 21:23:32.908  5206 25691 E baseline.com.newsblur.network.APIResponse: 	at baseline.com.newsblur.network.APIManager.post(APIManager.java:714)
08-05 21:23:32.908  5206 25691 E baseline.com.newsblur.network.APIResponse: 	at baseline.com.newsblur.network.APIManager.markStoryAsRead(APIManager.java:205)
08-05 21:23:32.908  5206 25691 E baseline.com.newsblur.network.APIResponse: 	at baseline.com.newsblur.util.ReadingAction.doRemote(ReadingAction.java:281)
08-05 21:23:32.908  5206 25691 E baseline.com.newsblur.network.APIResponse: 	at baseline.com.newsblur.service.NBSyncService.syncActions(NBSyncService.java:400)
08-05 21:23:32.908  5206 25691 E baseline.com.newsblur.network.APIResponse: 	at baseline.com.newsblur.service.NBSyncService.doSync(NBSyncService.java:298)
08-05 21:23:32.908  5206 25691 E baseline.com.newsblur.network.APIResponse: 	at baseline.com.newsblur.service.NBSyncService.access$100(NBSyncService.java:67)
08-05 21:23:32.908  5206 25691 E baseline.com.newsblur.network.APIResponse: 	at baseline.com.newsblur.service.NBSyncService$1.run(NBSyncService.java:188)
08-05 21:23:32.908  5206 25691 E baseline.com.newsblur.network.APIResponse: 	at java.util.concurrent.ThreadPoolExecutor.runWorker(ThreadPoolExecutor.java:1113)
08-05 21:23:32.908  5206 25691 E baseline.com.newsblur.network.APIResponse: 	at java.util.concurrent.ThreadPoolExecutor$Worker.run(ThreadPoolExecutor.java:588)
08-05 21:23:32.908  5206 25691 E baseline.com.newsblur.network.APIResponse: 	at java.lang.Thread.run(Thread.java:818)
08-05 21:23:32.908  5206 25691 E baseline.com.newsblur.network.APIResponse: Caused by: java.io.EOFException: \n not found: limit=0 content=
08-05 21:23:32.908  5206 25691 E baseline.com.newsblur.network.APIResponse: 	at okio.RealBufferedSource.readUtf8LineStrict(RealBufferedSource.java:240)
08-05 21:23:32.908  5206 25691 E baseline.com.newsblur.network.APIResponse: 	at okhttp3.internal.http1.Http1ExchangeCodec.readHeaderLine(Http1ExchangeCodec.java:242)
08-05 21:23:32.908  5206 25691 E baseline.com.newsblur.network.APIResponse: 	at okhttp3.internal.http1.Http1ExchangeCodec.readResponseHeaders(Http1ExchangeCodec.java:213)
08-05 21:23:32.908  5206 25691 E baseline.com.newsblur.network.APIResponse: 	... 30 more
08-05 21:23:32.909  5206 25691 I baseline.com.newsblur.network.APIManager: API call failed, pausing before retry number 1
08-05 21:23:32.969  5206  5220 I art     : Explicit concurrent mark sweep GC freed 5560(437KB) AllocSpace objects, 6(260KB) LOS objects, 27% free, 41MB/57MB, paused 1.368ms total 63.623ms
08-05 21:23:32.984  5206  5220 I art     : Starting a blocking GC Explicit
08-05 21:23:33.044  5206  5220 I art     : Explicit concurrent mark sweep GC freed 1469(155KB) AllocSpace objects, 0(0B) LOS objects, 27% free, 41MB/57MB, paused 1.552ms total 60.086ms
08-05 21:23:33.060  5206  5220 I art     : Starting a blocking GC Explicit
08-05 21:23:33.120  5206  5220 I art     : Explicit concurrent mark sweep GC freed 34(1120B) AllocSpace objects, 0(0B) LOS objects, 27% free, 41MB/57MB, paused 1.408ms total 59.843ms
08-05 21:23:33.135  5206  5220 I art     : Starting a blocking GC Explicit
08-05 21:23:33.193  5206  5220 I art     : Explicit concurrent mark sweep GC freed 12(384B) AllocSpace objects, 0(0B) LOS objects, 27% free, 41MB/57MB, paused 1.612ms total 57.174ms
08-05 21:23:33.208  5206  5220 I art     : Starting a blocking GC Explicit
08-05 21:23:33.265  5206  5220 I art     : Explicit concurrent mark sweep GC freed 11(352B) AllocSpace objects, 0(0B) LOS objects, 27% free, 41MB/57MB, paused 1.471ms total 56.969ms
08-05 21:23:33.627  5206  5220 I art     : Starting a blocking GC Explicit
08-05 21:23:33.690  5206  5220 I art     : Explicit concurrent mark sweep GC freed 1534(86KB) AllocSpace objects, 1(20KB) LOS objects, 27% free, 41MB/57MB, paused 2.083ms total 62.783ms
08-05 21:23:33.705  5206  5220 I art     : Starting a blocking GC Explicit
08-05 21:23:33.724 24895 24895 I ServiceManager: Waiting for service AtCmdFwd...
08-05 21:23:33.766  5206  5220 I art     : Explicit concurrent mark sweep GC freed 31(1072B) AllocSpace objects, 0(0B) LOS objects, 27% free, 41MB/57MB, paused 1.465ms total 60.937ms
08-05 21:23:33.777   918  1209 D NetworkMonitor/NetworkAgentInfo [WIFI () - 159]: Checking http://connectivitycheck.gstatic.com/generate_204 on "H369AA63323", 192.168.2.12=192.168.2.12
08-05 21:23:33.781  5206  5220 I art     : Starting a blocking GC Explicit
08-05 21:23:33.840  5206  5220 I art     : Explicit concurrent mark sweep GC freed 4(128B) AllocSpace objects, 0(0B) LOS objects, 27% free, 41MB/57MB, paused 1.576ms total 58.883ms
08-05 21:23:33.855  5206  5220 I art     : Starting a blocking GC Explicit
08-05 21:23:33.886   918  1209 D NetworkMonitor/NetworkAgentInfo [WIFI () - 159]: Probably not a portal: exception java.io.IOException: unexpected end of stream on Connection{connectivitycheck.gstatic.com:80, proxy=HTTP@/192.168.2.12:8080 hostAddress=192.168.2.12 cipherSuite=none protocol=http/1.1} (recycle count=0)
08-05 21:23:33.887   918  3263 D ConnectivityService: NetworkAgentInfo [WIFI () - 159] validation failed
08-05 21:23:33.889   918  3261 E WifiConfigStore:  rewrite network history for "H369AA63323"WPA_PSK
08-05 21:23:33.897 25704 25704 D AndroidRuntime: >>>>>> START com.android.internal.os.RuntimeInit uid 2000 <<<<<<
08-05 21:23:33.903 25704 25704 D AndroidRuntime: CheckJNI is OFF
08-05 21:23:33.914  5206  5220 I art     : Explicit concurrent mark sweep GC freed 3(96B) AllocSpace objects, 0(0B) LOS objects, 27% free, 41MB/57MB, paused 1.633ms total 58.888ms
08-05 21:23:33.929  5206  5220 I art     : Starting a blocking GC Explicit
08-05 21:23:33.949 25704 25704 D ICU     : No timezone override file found: /data/misc/zoneinfo/current/icu/icu_tzdata.dat
08-05 21:23:33.989  5206  5220 I art     : Explicit concurrent mark sweep GC freed 3(96B) AllocSpace objects, 0(0B) LOS objects, 27% free, 41MB/57MB, paused 1.732ms total 60.126ms
08-05 21:23:33.993 25704 25704 I Radio-JNI: register_android_hardware_Radio DONE
08-05 21:23:34.023 25704 25704 D AndroidRuntime: Calling main entry com.android.commands.input.Input
08-05 21:23:34.025 25704 25704 I Input   : injectMotionEvent: MotionEvent { action=ACTION_DOWN, actionButton=0, id[0]=0, x[0]=553.0, y[0]=442.0, toolType[0]=TOOL_TYPE_UNKNOWN, buttonState=0, metaState=0, flags=0x0, edgeFlags=0x0, pointerCount=1, historySize=0, eventTime=825830437, downTime=825830437, deviceId=0, source=0x1002 }
08-05 21:23:34.032 25704 25704 I Input   : injectMotionEvent: MotionEvent { action=ACTION_UP, actionButton=0, id[0]=0, x[0]=553.0, y[0]=442.0, toolType[0]=TOOL_TYPE_UNKNOWN, buttonState=0, metaState=0, flags=0x0, edgeFlags=0x0, pointerCount=1, historySize=0, eventTime=825830437, downTime=825830437, deviceId=0, source=0x1002 }
08-05 21:23:34.034 25704 25704 D AndroidRuntime: Shutting down VM
08-05 21:23:34.102   918  3714 I ActivityManager: START u0 {cmp=baseline.com.newsblur/.activity.AllSharedStoriesItemsList (has extras)} from uid 10676 on display 0
08-05 21:23:34.123  5206 24224 I baseline.com.newsblur.database.BlurDatabaseHelper: reading session reset
08-05 21:23:34.336  5206  5206 D baseline.com.newsblur.service.NBSyncService: rejecting request for feedset that is exhaused
08-05 21:23:34.343  5206 23889 I art     : Starting a blocking GC Explicit
08-05 21:23:34.344  5206  5206 W View    : requestLayout() improperly called by android.widget.FrameLayout{1ff7076 V.E...... ......ID 0,0-1440,18 #7f07003f app:id/footer_view_inner} during layout: running second layout pass
08-05 21:23:34.344  5206  5206 W View    : requestLayout() improperly called by android.widget.FrameLayout{f4b0677 V.E...... ......ID 0,0-1440,2091 #7f07003f app:id/footer_view_inner} during layout: running second layout pass
08-05 21:23:34.367   918   936 I ActivityManager: Displayed baseline.com.newsblur/.activity.AllSharedStoriesItemsList: +256ms
08-05 21:23:34.368 13866 13866 I GoogleInputMethodServic: GoogleInputMethodService.onFinishInput():3138 
08-05 21:23:34.369 13866 13866 I GoogleInputMethodServic: GoogleInputMethodService.onStartInput():1808 
08-05 21:23:34.409  5206 23889 I art     : Explicit concurrent mark sweep GC freed 5100(404KB) AllocSpace objects, 12(332KB) LOS objects, 27% free, 41MB/57MB, paused 2.419ms total 66.076ms
08-05 21:23:34.424  5206 23889 I art     : Starting a blocking GC Explicit
08-05 21:23:34.484  5206 23889 I art     : Explicit concurrent mark sweep GC freed 1056(56KB) AllocSpace objects, 2(40KB) LOS objects, 27% free, 41MB/57MB, paused 1.598ms total 59.657ms
08-05 21:23:34.497  5206 23922 I NAPPA_EXPERIMENTATION: MetricNetworkRequestExecutionTime: REQUEST_DURATION_SYSTEM='81',REQUEST_DURATION_OKHTTP='80',REQUEST_SYNCHRONOUS='TRUE',RESPONSE_CODE='200',RESPONSE_METHOD='GET',RESPONSE_LENGTH_OKHTTP='43',RESPONSE_LENGTH_HEADER='43',REQUEST_PROTOCOL='http/1.1',REQUEST_URL='http://feeds.feedburner.com/~r/retort/~4/UffaFMiJbNs',
08-05 21:23:34.499  5206 23889 I art     : Starting a blocking GC Explicit
08-05 21:23:34.552  5206 23889 I art     : Explicit concurrent mark sweep GC freed 455(41KB) AllocSpace objects, 1(20KB) LOS objects, 27% free, 41MB/57MB, paused 1.385ms total 53.438ms
08-05 21:23:34.566  5206 23889 I art     : Starting a blocking GC Explicit
08-05 21:23:34.620  5206 23889 I art     : Explicit concurrent mark sweep GC freed 184(19KB) AllocSpace objects, 1(20KB) LOS objects, 27% free, 41MB/57MB, paused 1.486ms total 53.111ms
08-05 21:23:34.634  5206 23889 I art     : Starting a blocking GC Explicit
08-05 21:23:34.687  5206 23889 I art     : Explicit concurrent mark sweep GC freed 70(2848B) AllocSpace objects, 0(0B) LOS objects, 27% free, 41MB/57MB, paused 1.469ms total 53.651ms
08-05 21:23:34.725 24895 24895 I ServiceManager: Waiting for service AtCmdFwd...
08-05 21:23:34.922  5206 25691 E baseline.com.newsblur.network.APIResponse: Error (unexpected end of stream on https://www.newsblur.com/...) calling https://www.newsblur.com/reader/mark_story_hashes_as_read/
08-05 21:23:34.922  5206 25691 E baseline.com.newsblur.network.APIResponse: java.io.IOException: unexpected end of stream on https://www.newsblur.com/...
08-05 21:23:34.922  5206 25691 E baseline.com.newsblur.network.APIResponse: 	at okhttp3.internal.http1.Http1ExchangeCodec.readResponseHeaders(Http1ExchangeCodec.java:236)
08-05 21:23:34.922  5206 25691 E baseline.com.newsblur.network.APIResponse: 	at okhttp3.internal.connection.Exchange.readResponseHeaders(Exchange.java:115)
08-05 21:23:34.922  5206 25691 E baseline.com.newsblur.network.APIResponse: 	at okhttp3.internal.http.CallServerInterceptor.intercept(CallServerInterceptor.java:94)
08-05 21:23:34.922  5206 25691 E baseline.com.newsblur.network.APIResponse: 	at okhttp3.internal.http.RealInterceptorChain.proceed(RealInterceptorChain.java:142)
08-05 21:23:34.922  5206 25691 E baseline.com.newsblur.network.APIResponse: 	at okhttp3.internal.connection.ConnectInterceptor.intercept(ConnectInterceptor.java:43)
08-05 21:23:34.922  5206 25691 E baseline.com.newsblur.network.APIResponse: 	at okhttp3.internal.http.RealInterceptorChain.proceed(RealInterceptorChain.java:142)
08-05 21:23:34.922  5206 25691 E baseline.com.newsblur.network.APIResponse: 	at okhttp3.internal.http.RealInterceptorChain.proceed(RealInterceptorChain.java:117)
08-05 21:23:34.922  5206 25691 E baseline.com.newsblur.network.APIResponse: 	at okhttp3.internal.cache.CacheInterceptor.intercept(CacheInterceptor.java:94)
08-05 21:23:34.922  5206 25691 E baseline.com.newsblur.network.APIResponse: 	at okhttp3.internal.http.RealInterceptorChain.proceed(RealInterceptorChain.java:142)
08-05 21:23:34.922  5206 25691 E baseline.com.newsblur.network.APIResponse: 	at okhttp3.internal.http.RealInterceptorChain.proceed(RealInterceptorChain.java:117)
08-05 21:23:34.922  5206 25691 E baseline.com.newsblur.network.APIResponse: 	at okhttp3.internal.http.BridgeInterceptor.intercept(BridgeInterceptor.java:93)
08-05 21:23:34.922  5206 25691 E baseline.com.newsblur.network.APIResponse: 	at okhttp3.internal.http.RealInterceptorChain.proceed(RealInterceptorChain.java:142)
08-05 21:23:34.922  5206 25691 E baseline.com.newsblur.network.APIResponse: 	at okhttp3.internal.http.RetryAndFollowUpInterceptor.intercept(RetryAndFollowUpInterceptor.java:88)
08-05 21:23:34.922  5206 25691 E baseline.com.newsblur.network.APIResponse: 	at okhttp3.internal.http.RealInterceptorChain.proceed(RealInterceptorChain.java:142)
08-05 21:23:34.922  5206 25691 E baseline.com.newsblur.network.APIResponse: 	at okhttp3.internal.http.RealInterceptorChain.proceed(RealInterceptorChain.java:117)
08-05 21:23:34.922  5206 25691 E baseline.com.newsblur.network.APIResponse: 	at okhttp3.RealCall.getResponseWithInterceptorChain(RealCall.java:229)
08-05 21:23:34.922  5206 25691 E baseline.com.newsblur.network.APIResponse: 	at okhttp3.RealCall.execute(RealCall.java:81)
08-05 21:23:34.922  5206 25691 E baseline.com.newsblur.network.APIResponse: 	at baseline.com.newsblur.network.APIResponse.<init>(APIResponse.java:57)
08-05 21:23:34.922  5206 25691 E baseline.com.newsblur.network.APIResponse: 	at baseline.com.newsblur.network.APIResponse.<init>(APIResponse.java:43)
08-05 21:23:34.922  5206 25691 E baseline.com.newsblur.network.APIResponse: 	at baseline.com.newsblur.network.APIManager.post_single(APIManager.java:702)
08-05 21:23:34.922  5206 25691 E baseline.com.newsblur.network.APIResponse: 	at baseline.com.newsblur.network.APIManager.post(APIManager.java:675)
08-05 21:23:34.922  5206 25691 E baseline.com.newsblur.network.APIResponse: 	at baseline.com.newsblur.network.APIManager.post(APIManager.java:714)
08-05 21:23:34.922  5206 25691 E baseline.com.newsblur.network.APIResponse: 	at baseline.com.newsblur.network.APIManager.markStoryAsRead(APIManager.java:205)
08-05 21:23:34.922  5206 25691 E baseline.com.newsblur.network.APIResponse: 	at baseline.com.newsblur.util.ReadingAction.doRemote(ReadingAction.java:281)
08-05 21:23:34.922  5206 25691 E baseline.com.newsblur.network.APIResponse: 	at baseline.com.newsblur.service.NBSyncService.syncActions(NBSyncService.java:400)
08-05 21:23:34.922  5206 25691 E baseline.com.newsblur.network.APIResponse: 	at baseline.com.newsblur.service.NBSyncService.doSync(NBSyncService.java:298)
08-05 21:23:34.922  5206 25691 E baseline.com.newsblur.network.APIResponse: 	at baseline.com.newsblur.service.NBSyncService.access$100(NBSyncService.java:67)
08-05 21:23:34.922  5206 25691 E baseline.com.newsblur.network.APIResponse: 	at baseline.com.newsblur.service.NBSyncService$1.run(NBSyncService.java:188)
08-05 21:23:34.922  5206 25691 E baseline.com.newsblur.network.APIResponse: 	at java.util.concurrent.ThreadPoolExecutor.runWorker(ThreadPoolExecutor.java:1113)
08-05 21:23:34.922  5206 25691 E baseline.com.newsblur.network.APIResponse: 	at java.util.concurrent.ThreadPoolExecutor$Worker.run(ThreadPoolExecutor.java:588)
08-05 21:23:34.922  5206 25691 E baseline.com.newsblur.network.APIResponse: 	at java.lang.Thread.run(Thread.java:818)
08-05 21:23:34.922  5206 25691 E baseline.com.newsblur.network.APIResponse: Caused by: java.io.EOFException: \n not found: limit=0 content=
08-05 21:23:34.922  5206 25691 E baseline.com.newsblur.network.APIResponse: 	at okio.RealBufferedSource.readUtf8LineStrict(RealBufferedSource.java:240)
08-05 21:23:34.922  5206 25691 E baseline.com.newsblur.network.APIResponse: 	at okhttp3.internal.http1.Http1ExchangeCodec.readHeaderLine(Http1ExchangeCodec.java:242)
08-05 21:23:34.922  5206 25691 E baseline.com.newsblur.network.APIResponse: 	at okhttp3.internal.http1.Http1ExchangeCodec.readResponseHeaders(Http1ExchangeCodec.java:213)
08-05 21:23:34.922  5206 25691 E baseline.com.newsblur.network.APIResponse: 	... 30 more
08-05 21:23:34.924  5206 25691 I baseline.com.newsblur.network.APIManager: API call failed, pausing before retry number 2
08-05 21:23:35.062  5206 23687 I art     : Starting a blocking GC Explicit
08-05 21:23:35.126  5206 23687 I art     : Explicit concurrent mark sweep GC freed 4150(365KB) AllocSpace objects, 3(60KB) LOS objects, 27% free, 41MB/57MB, paused 1.541ms total 63.926ms
08-05 21:23:35.142  5206 23687 I art     : Starting a blocking GC Explicit
08-05 21:23:35.203  5206 23687 I art     : Explicit concurrent mark sweep GC freed 109(3KB) AllocSpace objects, 0(0B) LOS objects, 27% free, 41MB/57MB, paused 1.486ms total 60.407ms
08-05 21:23:35.218  5206 23687 I art     : Starting a blocking GC Explicit
08-05 21:23:35.279  5206 23687 I art     : Explicit concurrent mark sweep GC freed 3(96B) AllocSpace objects, 0(0B) LOS objects, 27% free, 41MB/57MB, paused 1.620ms total 60.804ms
08-05 21:23:35.296  5206 23687 I art     : Starting a blocking GC Explicit
08-05 21:23:35.356  5206 23687 I art     : Explicit concurrent mark sweep GC freed 3(96B) AllocSpace objects, 0(0B) LOS objects, 27% free, 41MB/57MB, paused 1.527ms total 59.995ms
08-05 21:23:35.371  5206 23687 I art     : Starting a blocking GC Explicit
08-05 21:23:35.400 13866 13882 I PeriodicStatsRunner: PeriodicStatsRunner.call():175 call()
08-05 21:23:35.400 13866 13882 I PeriodicStatsRunner: PeriodicStatsRunner.call():179 No submit PeriodicStats since input started.
08-05 21:23:35.433  5206 23687 I art     : Explicit concurrent mark sweep GC freed 3(96B) AllocSpace objects, 0(0B) LOS objects, 27% free, 41MB/57MB, paused 1.457ms total 61.709ms
08-05 21:23:35.725 24895 24895 I ServiceManager: Waiting for service AtCmdFwd...
08-05 21:23:35.838  5206 23687 I art     : Starting a blocking GC Explicit
08-05 21:23:35.906  5206 23687 I art     : Explicit concurrent mark sweep GC freed 1475(84KB) AllocSpace objects, 1(20KB) LOS objects, 27% free, 41MB/57MB, paused 1.643ms total 67.987ms
08-05 21:23:35.922  5206 23687 I art     : Starting a blocking GC Explicit
08-05 21:23:35.990  5206 23687 I art     : Explicit concurrent mark sweep GC freed 22(784B) AllocSpace objects, 0(0B) LOS objects, 27% free, 41MB/57MB, paused 1.525ms total 68.041ms
08-05 21:23:36.009  5206 23687 I art     : Starting a blocking GC Explicit
08-05 21:23:36.076  5206 23687 I art     : Explicit concurrent mark sweep GC freed 3(96B) AllocSpace objects, 0(0B) LOS objects, 27% free, 41MB/57MB, paused 1.577ms total 66.825ms
08-05 21:23:36.091  5206 23687 I art     : Starting a blocking GC Explicit
08-05 21:23:36.155  5206 23687 I art     : Explicit concurrent mark sweep GC freed 3(96B) AllocSpace objects, 0(0B) LOS objects, 27% free, 41MB/57MB, paused 1.577ms total 63.664ms
08-05 21:23:36.170  5206 23687 I art     : Starting a blocking GC Explicit
08-05 21:23:36.239  5206 23687 I art     : Explicit concurrent mark sweep GC freed 3(96B) AllocSpace objects, 0(0B) LOS objects, 27% free, 41MB/57MB, paused 1.735ms total 67.917ms
08-05 21:23:36.657  5206 23889 I art     : Starting a blocking GC Explicit
08-05 21:23:36.726 24895 24895 I ServiceManager: Waiting for service AtCmdFwd...
08-05 21:23:36.728  5206 23889 I art     : Explicit concurrent mark sweep GC freed 1445(83KB) AllocSpace objects, 1(20KB) LOS objects, 27% free, 41MB/57MB, paused 1.681ms total 70.445ms
08-05 21:23:36.745  5206 23889 I art     : Starting a blocking GC Explicit
08-05 21:23:36.811  5206 23889 I art     : Explicit concurrent mark sweep GC freed 22(784B) AllocSpace objects, 0(0B) LOS objects, 27% free, 41MB/57MB, paused 1.631ms total 65.225ms
08-05 21:23:36.825  5206 23889 I art     : Starting a blocking GC Explicit
08-05 21:23:36.891  5206 23889 I art     : Explicit concurrent mark sweep GC freed 3(96B) AllocSpace objects, 0(0B) LOS objects, 27% free, 41MB/57MB, paused 1.555ms total 65.035ms
08-05 21:23:36.906  5206 23889 I art     : Starting a blocking GC Explicit
08-05 21:23:36.973  5206 23889 I art     : Explicit concurrent mark sweep GC freed 3(96B) AllocSpace objects, 0(0B) LOS objects, 27% free, 41MB/57MB, paused 1.644ms total 67.029ms
08-05 21:23:36.989  5206 23889 I art     : Starting a blocking GC Explicit
08-05 21:23:37.056  5206 23889 I art     : Explicit concurrent mark sweep GC freed 3(96B) AllocSpace objects, 0(0B) LOS objects, 27% free, 41MB/57MB, paused 1.577ms total 66.891ms
08-05 21:23:37.333 13866 13882 I PeriodicStatsRunner: PeriodicStatsRunner.call():175 call()
08-05 21:23:37.333 13866 13882 I PeriodicStatsRunner: PeriodicStatsRunner.call():179 No submit PeriodicStats since input started.
08-05 21:23:37.477  5206 24515 I art     : Starting a blocking GC Explicit
08-05 21:23:37.545  5206 24515 I art     : Explicit concurrent mark sweep GC freed 1446(83KB) AllocSpace objects, 1(20KB) LOS objects, 27% free, 41MB/57MB, paused 1.604ms total 67.736ms
08-05 21:23:37.560  5206 24515 I art     : Starting a blocking GC Explicit
08-05 21:23:37.629  5206 24515 I art     : Explicit concurrent mark sweep GC freed 22(784B) AllocSpace objects, 0(0B) LOS objects, 27% free, 41MB/57MB, paused 1.831ms total 68.321ms
08-05 21:23:37.647  5206 24515 I art     : Starting a blocking GC Explicit
08-05 21:23:37.713  5206 24515 I art     : Explicit concurrent mark sweep GC freed 3(96B) AllocSpace objects, 0(0B) LOS objects, 27% free, 41MB/57MB, paused 1.555ms total 66.519ms
08-05 21:23:37.727 24895 24895 W Atfwd_Sendcmd: AtCmdFwd service not published, waiting... retryCnt : 4
08-05 21:23:37.729  5206 24515 I art     : Starting a blocking GC Explicit
08-05 21:23:37.792  5206 24515 I art     : Explicit concurrent mark sweep GC freed 3(96B) AllocSpace objects, 0(0B) LOS objects, 27% free, 41MB/57MB, paused 1.636ms total 63.479ms
08-05 21:23:37.808  5206 24515 I art     : Starting a blocking GC Explicit
08-05 21:23:37.876  5206 24515 I art     : Explicit concurrent mark sweep GC freed 3(96B) AllocSpace objects, 0(0B) LOS objects, 27% free, 41MB/57MB, paused 1.599ms total 67.728ms
08-05 21:23:38.288  5206  5219 I art     : Starting a blocking GC Explicit
08-05 21:23:38.359  5206  5219 I art     : Explicit concurrent mark sweep GC freed 1611(92KB) AllocSpace objects, 1(20KB) LOS objects, 27% free, 41MB/57MB, paused 1.777ms total 70.564ms
08-05 21:23:38.376  5206  5219 I art     : Starting a blocking GC Explicit
08-05 21:23:38.441  5206  5219 I art     : Explicit concurrent mark sweep GC freed 28(1040B) AllocSpace objects, 0(0B) LOS objects, 27% free, 41MB/57MB, paused 1.690ms total 64.849ms
08-05 21:23:38.456  5206  5219 I art     : Starting a blocking GC Explicit
08-05 21:23:38.521  5206  5219 I art     : Explicit concurrent mark sweep GC freed 1657(64KB) AllocSpace objects, 0(0B) LOS objects, 27% free, 41MB/57MB, paused 1.605ms total 64.414ms
08-05 21:23:38.537  5206  5219 I art     : Starting a blocking GC Explicit
08-05 21:23:38.541  5206 25691 E baseline.com.newsblur.network.APIResponse: Error (unexpected end of stream on https://www.newsblur.com/...) calling https://www.newsblur.com/reader/mark_story_hashes_as_read/
08-05 21:23:38.541  5206 25691 E baseline.com.newsblur.network.APIResponse: java.io.IOException: unexpected end of stream on https://www.newsblur.com/...
08-05 21:23:38.541  5206 25691 E baseline.com.newsblur.network.APIResponse: 	at okhttp3.internal.http1.Http1ExchangeCodec.readResponseHeaders(Http1ExchangeCodec.java:236)
08-05 21:23:38.541  5206 25691 E baseline.com.newsblur.network.APIResponse: 	at okhttp3.internal.connection.Exchange.readResponseHeaders(Exchange.java:115)
08-05 21:23:38.541  5206 25691 E baseline.com.newsblur.network.APIResponse: 	at okhttp3.internal.http.CallServerInterceptor.intercept(CallServerInterceptor.java:94)
08-05 21:23:38.541  5206 25691 E baseline.com.newsblur.network.APIResponse: 	at okhttp3.internal.http.RealInterceptorChain.proceed(RealInterceptorChain.java:142)
08-05 21:23:38.541  5206 25691 E baseline.com.newsblur.network.APIResponse: 	at okhttp3.internal.connection.ConnectInterceptor.intercept(ConnectInterceptor.java:43)
08-05 21:23:38.541  5206 25691 E baseline.com.newsblur.network.APIResponse: 	at okhttp3.internal.http.RealInterceptorChain.proceed(RealInterceptorChain.java:142)
08-05 21:23:38.541  5206 25691 E baseline.com.newsblur.network.APIResponse: 	at okhttp3.internal.http.RealInterceptorChain.proceed(RealInterceptorChain.java:117)
08-05 21:23:38.541  5206 25691 E baseline.com.newsblur.network.APIResponse: 	at okhttp3.internal.cache.CacheInterceptor.intercept(CacheInterceptor.java:94)
08-05 21:23:38.541  5206 25691 E baseline.com.newsblur.network.APIResponse: 	at okhttp3.internal.http.RealInterceptorChain.proceed(RealInterceptorChain.java:142)
08-05 21:23:38.541  5206 25691 E baseline.com.newsblur.network.APIResponse: 	at okhttp3.internal.http.RealInterceptorChain.proceed(RealInterceptorChain.java:117)
08-05 21:23:38.541  5206 25691 E baseline.com.newsblur.network.APIResponse: 	at okhttp3.internal.http.BridgeInterceptor.intercept(BridgeInterceptor.java:93)
08-05 21:23:38.541  5206 25691 E baseline.com.newsblur.network.APIResponse: 	at okhttp3.internal.http.RealInterceptorChain.proceed(RealInterceptorChain.java:142)
08-05 21:23:38.541  5206 25691 E baseline.com.newsblur.network.APIResponse: 	at okhttp3.internal.http.RetryAndFollowUpInterceptor.intercept(RetryAndFollowUpInterceptor.java:88)
08-05 21:23:38.541  5206 25691 E baseline.com.newsblur.network.APIResponse: 	at okhttp3.internal.http.RealInterceptorChain.proceed(RealInterceptorChain.java:142)
08-05 21:23:38.541  5206 25691 E baseline.com.newsblur.network.APIResponse: 	at okhttp3.internal.http.RealInterceptorChain.proceed(RealInterceptorChain.java:117)
08-05 21:23:38.541  5206 25691 E baseline.com.newsblur.network.APIResponse: 	at okhttp3.RealCall.getResponseWithInterceptorChain(RealCall.java:229)
08-05 21:23:38.541  5206 25691 E baseline.com.newsblur.network.APIResponse: 	at okhttp3.RealCall.execute(RealCall.java:81)
08-05 21:23:38.541  5206 25691 E baseline.com.newsblur.network.APIResponse: 	at baseline.com.newsblur.network.APIResponse.<init>(APIResponse.java:57)
08-05 21:23:38.541  5206 25691 E baseline.com.newsblur.network.APIResponse: 	at baseline.com.newsblur.network.APIResponse.<init>(APIResponse.java:43)
08-05 21:23:38.541  5206 25691 E baseline.com.newsblur.network.APIResponse: 	at baseline.com.newsblur.network.APIManager.post_single(APIManager.java:702)
08-05 21:23:38.541  5206 25691 E baseline.com.newsblur.network.APIResponse: 	at baseline.com.newsblur.network.APIManager.post(APIManager.java:675)
08-05 21:23:38.541  5206 25691 E baseline.com.newsblur.network.APIResponse: 	at baseline.com.newsblur.network.APIManager.post(APIManager.java:714)
08-05 21:23:38.541  5206 25691 E baseline.com.newsblur.network.APIResponse: 	at baseline.com.newsblur.network.APIManager.markStoryAsRead(APIManager.java:205)
08-05 21:23:38.541  5206 25691 E baseline.com.newsblur.network.APIResponse: 	at baseline.com.newsblur.util.ReadingAction.doRemote(ReadingAction.java:281)
08-05 21:23:38.541  5206 25691 E baseline.com.newsblur.network.APIResponse: 	at baseline.com.newsblur.service.NBSyncService.syncActions(NBSyncService.java:400)
08-05 21:23:38.541  5206 25691 E baseline.com.newsblur.network.APIResponse: 	at baseline.com.newsblur.service.NBSyncService.doSync(NBSyncService.java:298)
08-05 21:23:38.541  5206 25691 E baseline.com.newsblur.network.APIResponse: 	at baseline.com.newsblur.service.NBSyncService.access$100(NBSyncService.java:67)
08-05 21:23:38.541  5206 25691 E baseline.com.newsblur.network.APIResponse: 	at baseline.com.newsblur.service.NBSyncService$1.run(NBSyncService.java:188)
08-05 21:23:38.541  5206 25691 E baseline.com.newsblur.network.APIResponse: 	at java.util.concurrent.ThreadPoolExecutor.runWorker(ThreadPoolExecutor.java:1113)
08-05 21:23:38.541  5206 25691 E baseline.com.newsblur.network.APIResponse: 	at java.util.concurrent.ThreadPoolExecutor$Worker.run(ThreadPoolExecutor.java:588)
08-05 21:23:38.541  5206 25691 E baseline.com.newsblur.network.APIResponse: 	at java.lang.Thread.run(Thread.java:818)
08-05 21:23:38.541  5206 25691 E baseline.com.newsblur.network.APIResponse: Caused by: java.io.EOFException: \n not found: limit=0 content=
08-05 21:23:38.541  5206 25691 E baseline.com.newsblur.network.APIResponse: 	at okio.RealBufferedSource.readUtf8LineStrict(RealBufferedSource.java:240)
08-05 21:23:38.541  5206 25691 E baseline.com.newsblur.network.APIResponse: 	at okhttp3.internal.http1.Http1ExchangeCodec.readHeaderLine(Http1ExchangeCodec.java:242)
08-05 21:23:38.541  5206 25691 E baseline.com.newsblur.network.APIResponse: 	at okhttp3.internal.http1.Http1ExchangeCodec.readResponseHeaders(Http1ExchangeCodec.java:213)
08-05 21:23:38.541  5206 25691 E baseline.com.newsblur.network.APIResponse: 	... 30 more
08-05 21:23:38.544  5206 25691 I baseline.com.newsblur.service.NBSyncService: Holding reading action with server-side or network error.
08-05 21:23:38.559  5206 25691 W baseline.com.newsblur.service.NBSyncService: hard API failure
08-05 21:23:38.601  5206  5219 I art     : Explicit concurrent mark sweep GC freed 956(229KB) AllocSpace objects, 4(80KB) LOS objects, 27% free, 42MB/58MB, paused 1.754ms total 64.544ms
08-05 21:23:38.617  5206  5219 I art     : Starting a blocking GC Explicit
08-05 21:23:38.683  5206  5219 I art     : Explicit concurrent mark sweep GC freed 388(32KB) AllocSpace objects, 0(0B) LOS objects, 27% free, 41MB/57MB, paused 1.716ms total 65.900ms
08-05 21:23:39.028  5206 25691 E baseline.com.newsblur.network.APIResponse: Error (unexpected end of stream on https://www.newsblur.com/...) calling https://www.newsblur.com/reader/mark_story_hashes_as_read/
08-05 21:23:39.028  5206 25691 E baseline.com.newsblur.network.APIResponse: java.io.IOException: unexpected end of stream on https://www.newsblur.com/...
08-05 21:23:39.028  5206 25691 E baseline.com.newsblur.network.APIResponse: 	at okhttp3.internal.http1.Http1ExchangeCodec.readResponseHeaders(Http1ExchangeCodec.java:236)
08-05 21:23:39.028  5206 25691 E baseline.com.newsblur.network.APIResponse: 	at okhttp3.internal.connection.Exchange.readResponseHeaders(Exchange.java:115)
08-05 21:23:39.028  5206 25691 E baseline.com.newsblur.network.APIResponse: 	at okhttp3.internal.http.CallServerInterceptor.intercept(CallServerInterceptor.java:94)
08-05 21:23:39.028  5206 25691 E baseline.com.newsblur.network.APIResponse: 	at okhttp3.internal.http.RealInterceptorChain.proceed(RealInterceptorChain.java:142)
08-05 21:23:39.028  5206 25691 E baseline.com.newsblur.network.APIResponse: 	at okhttp3.internal.connection.ConnectInterceptor.intercept(ConnectInterceptor.java:43)
08-05 21:23:39.028  5206 25691 E baseline.com.newsblur.network.APIResponse: 	at okhttp3.internal.http.RealInterceptorChain.proceed(RealInterceptorChain.java:142)
08-05 21:23:39.028  5206 25691 E baseline.com.newsblur.network.APIResponse: 	at okhttp3.internal.http.RealInterceptorChain.proceed(RealInterceptorChain.java:117)
08-05 21:23:39.028  5206 25691 E baseline.com.newsblur.network.APIResponse: 	at okhttp3.internal.cache.CacheInterceptor.intercept(CacheInterceptor.java:94)
08-05 21:23:39.028  5206 25691 E baseline.com.newsblur.network.APIResponse: 	at okhttp3.internal.http.RealInterceptorChain.proceed(RealInterceptorChain.java:142)
08-05 21:23:39.028  5206 25691 E baseline.com.newsblur.network.APIResponse: 	at okhttp3.internal.http.RealInterceptorChain.proceed(RealInterceptorChain.java:117)
08-05 21:23:39.028  5206 25691 E baseline.com.newsblur.network.APIResponse: 	at okhttp3.internal.http.BridgeInterceptor.intercept(BridgeInterceptor.java:93)
08-05 21:23:39.028  5206 25691 E baseline.com.newsblur.network.APIResponse: 	at okhttp3.internal.http.RealInterceptorChain.proceed(RealInterceptorChain.java:142)
08-05 21:23:39.028  5206 25691 E baseline.com.newsblur.network.APIResponse: 	at okhttp3.internal.http.RetryAndFollowUpInterceptor.intercept(RetryAndFollowUpInterceptor.java:88)
08-05 21:23:39.028  5206 25691 E baseline.com.newsblur.network.APIResponse: 	at okhttp3.internal.http.RealInterceptorChain.proceed(RealInterceptorChain.java:142)
08-05 21:23:39.028  5206 25691 E baseline.com.newsblur.network.APIResponse: 	at okhttp3.internal.http.RealInterceptorChain.proceed(RealInterceptorChain.java:117)
08-05 21:23:39.028  5206 25691 E baseline.com.newsblur.network.APIResponse: 	at okhttp3.RealCall.getResponseWithInterceptorChain(RealCall.java:229)
08-05 21:23:39.028  5206 25691 E baseline.com.newsblur.network.APIResponse: 	at okhttp3.RealCall.execute(RealCall.java:81)
08-05 21:23:39.028  5206 25691 E baseline.com.newsblur.network.APIResponse: 	at baseline.com.newsblur.network.APIResponse.<init>(APIResponse.java:57)
08-05 21:23:39.028  5206 25691 E baseline.com.newsblur.network.APIResponse: 	at baseline.com.newsblur.network.APIResponse.<init>(APIResponse.java:43)
08-05 21:23:39.028  5206 25691 E baseline.com.newsblur.network.APIResponse: 	at baseline.com.newsblur.network.APIManager.post_single(APIManager.java:702)
08-05 21:23:39.028  5206 25691 E baseline.com.newsblur.network.APIResponse: 	at baseline.com.newsblur.network.APIManager.post(APIManager.java:675)
08-05 21:23:39.028  5206 25691 E baseline.com.newsblur.network.APIResponse: 	at baseline.com.newsblur.network.APIManager.post(APIManager.java:714)
08-05 21:23:39.028  5206 25691 E baseline.com.newsblur.network.APIResponse: 	at baseline.com.newsblur.network.APIManager.markStoryAsRead(APIManager.java:205)
08-05 21:23:39.028  5206 25691 E baseline.com.newsblur.network.APIResponse: 	at baseline.com.newsblur.util.ReadingAction.doRemote(ReadingAction.java:281)
08-05 21:23:39.028  5206 25691 E baseline.com.newsblur.network.APIResponse: 	at baseline.com.newsblur.service.NBSyncService.syncActions(NBSyncService.java:400)
08-05 21:23:39.028  5206 25691 E baseline.com.newsblur.network.APIResponse: 	at baseline.com.newsblur.service.NBSyncService.doSync(NBSyncService.java:298)
08-05 21:23:39.028  5206 25691 E baseline.com.newsblur.network.APIResponse: 	at baseline.com.newsblur.service.NBSyncService.access$100(NBSyncService.java:67)
08-05 21:23:39.028  5206 25691 E baseline.com.newsblur.network.APIResponse: 	at baseline.com.newsblur.service.NBSyncService$1.run(NBSyncService.java:188)
08-05 21:23:39.028  5206 25691 E baseline.com.newsblur.network.APIResponse: 	at java.util.concurrent.ThreadPoolExecutor.runWorker(ThreadPoolExecutor.java:1113)
08-05 21:23:39.028  5206 25691 E baseline.com.newsblur.network.APIResponse: 	at java.util.concurrent.ThreadPoolExecutor$Worker.run(ThreadPoolExecutor.java:588)
08-05 21:23:39.028  5206 25691 E baseline.com.newsblur.network.APIResponse: 	at java.lang.Thread.run(Thread.java:818)
08-05 21:23:39.028  5206 25691 E baseline.com.newsblur.network.APIResponse: Caused by: java.io.EOFException: \n not found: limit=0 content=
08-05 21:23:39.028  5206 25691 E baseline.com.newsblur.network.APIResponse: 	at okio.RealBufferedSource.readUtf8LineStrict(RealBufferedSource.java:240)
08-05 21:23:39.028  5206 25691 E baseline.com.newsblur.network.APIResponse: 	at okhttp3.internal.http1.Http1ExchangeCodec.readHeaderLine(Http1ExchangeCodec.java:242)
08-05 21:23:39.028  5206 25691 E baseline.com.newsblur.network.APIResponse: 	at okhttp3.internal.http1.Http1ExchangeCodec.readResponseHeaders(Http1ExchangeCodec.java:213)
08-05 21:23:39.028  5206 25691 E baseline.com.newsblur.network.APIResponse: 	... 30 more
08-05 21:23:39.029  5206 25691 I baseline.com.newsblur.network.APIManager: API call failed, pausing before retry number 1
08-05 21:23:39.091  5206  5220 I art     : Starting a blocking GC Explicit
08-05 21:23:39.160  5206  5220 I art     : Explicit concurrent mark sweep GC freed 3974(360KB) AllocSpace objects, 3(60KB) LOS objects, 27% free, 41MB/57MB, paused 1.735ms total 68.507ms
08-05 21:23:39.175  5206  5220 I art     : Starting a blocking GC Explicit
08-05 21:23:39.244  5206  5220 I art     : Explicit concurrent mark sweep GC freed 109(3KB) AllocSpace objects, 0(0B) LOS objects, 27% free, 41MB/57MB, paused 1.598ms total 68.030ms
08-05 21:23:39.259  5206  5220 I art     : Starting a blocking GC Explicit
08-05 21:23:39.329  5206  5220 I art     : Explicit concurrent mark sweep GC freed 3(96B) AllocSpace objects, 0(0B) LOS objects, 27% free, 41MB/57MB, paused 1.708ms total 69.710ms
08-05 21:23:39.344  5206  5220 I art     : Starting a blocking GC Explicit
08-05 21:23:39.369 13866 13882 I PeriodicStatsRunner: PeriodicStatsRunner.call():175 call()
08-05 21:23:39.369 13866 13882 I PeriodicStatsRunner: PeriodicStatsRunner.call():179 No submit PeriodicStats since input started.
08-05 21:23:39.412  5206  5220 I art     : Explicit concurrent mark sweep GC freed 3(96B) AllocSpace objects, 0(0B) LOS objects, 27% free, 41MB/57MB, paused 1.657ms total 67.538ms
08-05 21:23:39.428  5206  5220 I art     : Starting a blocking GC Explicit
08-05 21:23:39.498  5206  5220 I art     : Explicit concurrent mark sweep GC freed 3(96B) AllocSpace objects, 0(0B) LOS objects, 27% free, 41MB/57MB, paused 1.525ms total 69.479ms
08-05 21:23:39.945  5206 23687 I art     : Starting a blocking GC Explicit
08-05 21:23:40.014  5206 23687 I art     : Explicit concurrent mark sweep GC freed 1442(83KB) AllocSpace objects, 1(20KB) LOS objects, 27% free, 41MB/57MB, paused 1.535ms total 68.798ms
08-05 21:23:40.032  5206 23687 I art     : Starting a blocking GC Explicit
08-05 21:23:40.098  5206 23687 I art     : Explicit concurrent mark sweep GC freed 22(784B) AllocSpace objects, 0(0B) LOS objects, 27% free, 41MB/57MB, paused 1.588ms total 65.966ms
08-05 21:23:40.113  5206 23687 I art     : Starting a blocking GC Explicit
08-05 21:23:40.176  5206 23687 I art     : Explicit concurrent mark sweep GC freed 3(96B) AllocSpace objects, 0(0B) LOS objects, 27% free, 41MB/57MB, paused 1.503ms total 62.916ms
08-05 21:23:40.192  5206 23687 I art     : Starting a blocking GC Explicit
08-05 21:23:40.259  5206 23687 I art     : Explicit concurrent mark sweep GC freed 3(96B) AllocSpace objects, 0(0B) LOS objects, 27% free, 41MB/57MB, paused 1.752ms total 67.276ms
08-05 21:23:40.276  5206 23687 I art     : Starting a blocking GC Explicit
08-05 21:23:40.342  5206 23687 I art     : Explicit concurrent mark sweep GC freed 3(96B) AllocSpace objects, 0(0B) LOS objects, 27% free, 41MB/57MB, paused 1.800ms total 65.400ms
08-05 21:23:40.756  5206 23889 I art     : Starting a blocking GC Explicit
08-05 21:23:40.826  5206 23889 I art     : Explicit concurrent mark sweep GC freed 1606(91KB) AllocSpace objects, 1(20KB) LOS objects, 27% free, 41MB/57MB, paused 1.658ms total 69.795ms
08-05 21:23:40.844  5206 23889 I art     : Starting a blocking GC Explicit
08-05 21:23:40.912  5206 23889 I art     : Explicit concurrent mark sweep GC freed 28(1040B) AllocSpace objects, 0(0B) LOS objects, 27% free, 41MB/57MB, paused 1.597ms total 67.906ms
08-05 21:23:40.930  5206 23889 I art     : Starting a blocking GC Explicit
08-05 21:23:40.997  5206 23889 I art     : Explicit concurrent mark sweep GC freed 3(96B) AllocSpace objects, 0(0B) LOS objects, 27% free, 41MB/57MB, paused 1.801ms total 66.907ms
08-05 21:23:41.011  5206 23889 I art     : Starting a blocking GC Explicit
08-05 21:23:41.076  5206 23889 I art     : Explicit concurrent mark sweep GC freed 3(96B) AllocSpace objects, 0(0B) LOS objects, 27% free, 41MB/57MB, paused 1.654ms total 63.979ms
08-05 21:23:41.091  5206 23889 I art     : Starting a blocking GC Explicit
08-05 21:23:41.159  5206 23889 I art     : Explicit concurrent mark sweep GC freed 3(96B) AllocSpace objects, 0(0B) LOS objects, 27% free, 41MB/57MB, paused 1.752ms total 67.855ms
08-05 21:23:41.296  5206 25691 E baseline.com.newsblur.network.APIResponse: Error (unexpected end of stream on https://www.newsblur.com/...) calling https://www.newsblur.com/reader/mark_story_hashes_as_read/
08-05 21:23:41.296  5206 25691 E baseline.com.newsblur.network.APIResponse: java.io.IOException: unexpected end of stream on https://www.newsblur.com/...
08-05 21:23:41.296  5206 25691 E baseline.com.newsblur.network.APIResponse: 	at okhttp3.internal.http1.Http1ExchangeCodec.readResponseHeaders(Http1ExchangeCodec.java:236)
08-05 21:23:41.296  5206 25691 E baseline.com.newsblur.network.APIResponse: 	at okhttp3.internal.connection.Exchange.readResponseHeaders(Exchange.java:115)
08-05 21:23:41.296  5206 25691 E baseline.com.newsblur.network.APIResponse: 	at okhttp3.internal.http.CallServerInterceptor.intercept(CallServerInterceptor.java:94)
08-05 21:23:41.296  5206 25691 E baseline.com.newsblur.network.APIResponse: 	at okhttp3.internal.http.RealInterceptorChain.proceed(RealInterceptorChain.java:142)
08-05 21:23:41.296  5206 25691 E baseline.com.newsblur.network.APIResponse: 	at okhttp3.internal.connection.ConnectInterceptor.intercept(ConnectInterceptor.java:43)
08-05 21:23:41.296  5206 25691 E baseline.com.newsblur.network.APIResponse: 	at okhttp3.internal.http.RealInterceptorChain.proceed(RealInterceptorChain.java:142)
08-05 21:23:41.296  5206 25691 E baseline.com.newsblur.network.APIResponse: 	at okhttp3.internal.http.RealInterceptorChain.proceed(RealInterceptorChain.java:117)
08-05 21:23:41.296  5206 25691 E baseline.com.newsblur.network.APIResponse: 	at okhttp3.internal.cache.CacheInterceptor.intercept(CacheInterceptor.java:94)
08-05 21:23:41.296  5206 25691 E baseline.com.newsblur.network.APIResponse: 	at okhttp3.internal.http.RealInterceptorChain.proceed(RealInterceptorChain.java:142)
08-05 21:23:41.296  5206 25691 E baseline.com.newsblur.network.APIResponse: 	at okhttp3.internal.http.RealInterceptorChain.proceed(RealInterceptorChain.java:117)
08-05 21:23:41.296  5206 25691 E baseline.com.newsblur.network.APIResponse: 	at okhttp3.internal.http.BridgeInterceptor.intercept(BridgeInterceptor.java:93)
08-05 21:23:41.296  5206 25691 E baseline.com.newsblur.network.APIResponse: 	at okhttp3.internal.http.RealInterceptorChain.proceed(RealInterceptorChain.java:142)
08-05 21:23:41.296  5206 25691 E baseline.com.newsblur.network.APIResponse: 	at okhttp3.internal.http.RetryAndFollowUpInterceptor.intercept(RetryAndFollowUpInterceptor.java:88)
08-05 21:23:41.296  5206 25691 E baseline.com.newsblur.network.APIResponse: 	at okhttp3.internal.http.RealInterceptorChain.proceed(RealInterceptorChain.java:142)
08-05 21:23:41.296  5206 25691 E baseline.com.newsblur.network.APIResponse: 	at okhttp3.internal.http.RealInterceptorChain.proceed(RealInterceptorChain.java:117)
08-05 21:23:41.296  5206 25691 E baseline.com.newsblur.network.APIResponse: 	at okhttp3.RealCall.getResponseWithInterceptorChain(RealCall.java:229)
08-05 21:23:41.296  5206 25691 E baseline.com.newsblur.network.APIResponse: 	at okhttp3.RealCall.execute(RealCall.java:81)
08-05 21:23:41.296  5206 25691 E baseline.com.newsblur.network.APIResponse: 	at baseline.com.newsblur.network.APIResponse.<init>(APIResponse.java:57)
08-05 21:23:41.296  5206 25691 E baseline.com.newsblur.network.APIResponse: 	at baseline.com.newsblur.network.APIResponse.<init>(APIResponse.java:43)
08-05 21:23:41.296  5206 25691 E baseline.com.newsblur.network.APIResponse: 	at baseline.com.newsblur.network.APIManager.post_single(APIManager.java:702)
08-05 21:23:41.296  5206 25691 E baseline.com.newsblur.network.APIResponse: 	at baseline.com.newsblur.network.APIManager.post(APIManager.java:675)
08-05 21:23:41.296  5206 25691 E baseline.com.newsblur.network.APIResponse: 	at baseline.com.newsblur.network.APIManager.post(APIManager.java:714)
08-05 21:23:41.296  5206 25691 E baseline.com.newsblur.network.APIResponse: 	at baseline.com.newsblur.network.APIManager.markStoryAsRead(APIManager.java:205)
08-05 21:23:41.296  5206 25691 E baseline.com.newsblur.network.APIResponse: 	at baseline.com.newsblur.util.ReadingAction.doRemote(ReadingAction.java:281)
08-05 21:23:41.296  5206 25691 E baseline.com.newsblur.network.APIResponse: 	at baseline.com.newsblur.service.NBSyncService.syncActions(NBSyncService.java:400)
08-05 21:23:41.296  5206 25691 E baseline.com.newsblur.network.APIResponse: 	at baseline.com.newsblur.service.NBSyncService.doSync(NBSyncService.java:298)
08-05 21:23:41.296  5206 25691 E baseline.com.newsblur.network.APIResponse: 	at baseline.com.newsblur.service.NBSyncService.access$100(NBSyncService.java:67)
08-05 21:23:41.296  5206 25691 E baseline.com.newsblur.network.APIResponse: 	at baseline.com.newsblur.service.NBSyncService$1.run(NBSyncService.java:188)
08-05 21:23:41.296  5206 25691 E baseline.com.newsblur.network.APIResponse: 	at java.util.concurrent.ThreadPoolExecutor.runWorker(ThreadPoolExecutor.java:1113)
08-05 21:23:41.296  5206 25691 E baseline.com.newsblur.network.APIResponse: 	at java.util.concurrent.ThreadPoolExecutor$Worker.run(ThreadPoolExecutor.java:588)
08-05 21:23:41.296  5206 25691 E baseline.com.newsblur.network.APIResponse: 	at java.lang.Thread.run(Thread.java:818)
08-05 21:23:41.296  5206 25691 E baseline.com.newsblur.network.APIResponse: Caused by: java.io.EOFException: \n not found: limit=0 content=
08-05 21:23:41.296  5206 25691 E baseline.com.newsblur.network.APIResponse: 	at okio.RealBufferedSource.readUtf8LineStrict(RealBufferedSource.java:240)
08-05 21:23:41.296  5206 25691 E baseline.com.newsblur.network.APIResponse: 	at okhttp3.internal.http1.Http1ExchangeCodec.readHeaderLine(Http1ExchangeCodec.java:242)
08-05 21:23:41.296  5206 25691 E baseline.com.newsblur.network.APIResponse: 	at okhttp3.internal.http1.Http1ExchangeCodec.readResponseHeaders(Http1ExchangeCodec.java:213)
08-05 21:23:41.296  5206 25691 E baseline.com.newsblur.network.APIResponse: 	... 30 more
08-05 21:23:41.298  5206 25691 I baseline.com.newsblur.network.APIManager: API call failed, pausing before retry number 2
08-05 21:23:41.555  5206 24515 I art     : Starting a blocking GC Explicit
08-05 21:23:41.626  5206 24515 I art     : Explicit concurrent mark sweep GC freed 3949(357KB) AllocSpace objects, 3(60KB) LOS objects, 27% free, 41MB/57MB, paused 1.635ms total 70.473ms
08-05 21:23:41.643  5206 24515 I art     : Starting a blocking GC Explicit
08-05 21:23:41.707  5206 24515 I art     : Explicit concurrent mark sweep GC freed 109(3KB) AllocSpace objects, 0(0B) LOS objects, 27% free, 41MB/57MB, paused 1.612ms total 63.253ms
08-05 21:23:41.722  5206 24515 I art     : Starting a blocking GC Explicit
08-05 21:23:41.789  5206 24515 I art     : Explicit concurrent mark sweep GC freed 3(96B) AllocSpace objects, 0(0B) LOS objects, 27% free, 41MB/57MB, paused 1.646ms total 66.559ms
08-05 21:23:41.804  5206 24515 I art     : Starting a blocking GC Explicit
08-05 21:23:41.868  5206 24515 I art     : Explicit concurrent mark sweep GC freed 3(96B) AllocSpace objects, 0(0B) LOS objects, 27% free, 41MB/57MB, paused 1.735ms total 64.284ms
08-05 21:23:41.884  5206 24515 I art     : Starting a blocking GC Explicit
08-05 21:23:41.952  5206 24515 I art     : Explicit concurrent mark sweep GC freed 3(96B) AllocSpace objects, 0(0B) LOS objects, 27% free, 41MB/57MB, paused 1.557ms total 67.938ms
08-05 21:23:42.381  5206  5219 I art     : Starting a blocking GC Explicit
08-05 21:23:42.451  5206  5219 I art     : Explicit concurrent mark sweep GC freed 1441(82KB) AllocSpace objects, 1(20KB) LOS objects, 27% free, 41MB/57MB, paused 1.571ms total 69.742ms
08-05 21:23:42.469  5206  5219 I art     : Starting a blocking GC Explicit
08-05 21:23:42.535  5206  5219 I art     : Explicit concurrent mark sweep GC freed 22(784B) AllocSpace objects, 0(0B) LOS objects, 27% free, 41MB/57MB, paused 1.589ms total 65.767ms
08-05 21:23:42.550  5206  5219 I art     : Starting a blocking GC Explicit
08-05 21:23:42.615  5206  5219 I art     : Explicit concurrent mark sweep GC freed 3(96B) AllocSpace objects, 0(0B) LOS objects, 27% free, 41MB/57MB, paused 1.626ms total 64.926ms
08-05 21:23:42.616  5206  5218 I art     : WaitForGcToComplete blocked for 65.160ms for cause HeapTrim
08-05 21:23:42.631  5206  5219 I art     : Starting a blocking GC Explicit
08-05 21:23:42.697  5206  5219 I art     : Explicit concurrent mark sweep GC freed 3(96B) AllocSpace objects, 0(0B) LOS objects, 27% free, 41MB/57MB, paused 1.484ms total 66.009ms
08-05 21:23:42.715  5206  5219 I art     : Starting a blocking GC Explicit
08-05 21:23:42.780  5206  5219 I art     : Explicit concurrent mark sweep GC freed 3(96B) AllocSpace objects, 0(0B) LOS objects, 27% free, 41MB/57MB, paused 1.630ms total 65.386ms
08-05 21:23:43.206  5206  5220 I art     : Starting a blocking GC Explicit
08-05 21:23:43.275  5206  5220 I art     : Explicit concurrent mark sweep GC freed 1441(82KB) AllocSpace objects, 1(20KB) LOS objects, 27% free, 41MB/57MB, paused 1.589ms total 68.844ms
08-05 21:23:43.293  5206  5220 I art     : Starting a blocking GC Explicit
08-05 21:23:43.356  5206  5220 I art     : Explicit concurrent mark sweep GC freed 22(784B) AllocSpace objects, 0(0B) LOS objects, 27% free, 41MB/57MB, paused 1.571ms total 63.622ms
08-05 21:23:43.371  5206  5220 I art     : Starting a blocking GC Explicit
08-05 21:23:43.439  5206  5220 I art     : Explicit concurrent mark sweep GC freed 3(96B) AllocSpace objects, 0(0B) LOS objects, 27% free, 41MB/57MB, paused 1.609ms total 67.571ms
08-05 21:23:43.454  5206  5220 I art     : Starting a blocking GC Explicit
08-05 21:23:43.521  5206  5220 I art     : Explicit concurrent mark sweep GC freed 3(96B) AllocSpace objects, 0(0B) LOS objects, 27% free, 41MB/57MB, paused 1.637ms total 66.285ms
08-05 21:23:43.536  5206  5220 I art     : Starting a blocking GC Explicit
08-05 21:23:43.603  5206  5220 I art     : Explicit concurrent mark sweep GC freed 3(96B) AllocSpace objects, 0(0B) LOS objects, 27% free, 41MB/57MB, paused 1.635ms total 66.308ms
08-05 21:23:43.690 24365 12324 I NetworkScheduler.Stats: Task com.google.android.apps.gcs/ started execution. cause:4 exec_start_elapsed_seconds: 1809227 [CONTEXT service_id=218 ]
08-05 21:23:43.692 22939 25852 W Gcs.WfaEliRefreshTask: [27423] afk.b: NULL eligibility response.
08-05 21:23:43.695 24365 12324 I NetworkScheduler.Stats: Task com.google.android.apps.gcs/ finished executing. cause:4 result: 3 elapsed_millis: 8 uptime_millis: 8 exec_start_elapsed_seconds: 1809227 [CONTEXT service_id=218 ]
08-05 21:23:43.982  5206 23687 I art     : Starting a blocking GC Explicit
08-05 21:23:44.046  5206 23687 I art     : Explicit concurrent mark sweep GC freed 1442(82KB) AllocSpace objects, 1(20KB) LOS objects, 27% free, 41MB/57MB, paused 1.421ms total 63.431ms
08-05 21:23:44.060  5206 23687 I art     : Starting a blocking GC Explicit
08-05 21:23:44.126  5206 23687 I art     : Explicit concurrent mark sweep GC freed 22(784B) AllocSpace objects, 0(0B) LOS objects, 27% free, 41MB/57MB, paused 1.603ms total 65.599ms
08-05 21:23:44.141  5206 23687 I art     : Starting a blocking GC Explicit
08-05 21:23:44.206  5206 23687 I art     : Explicit concurrent mark sweep GC freed 3(96B) AllocSpace objects, 0(0B) LOS objects, 27% free, 41MB/57MB, paused 1.559ms total 64.900ms
08-05 21:23:44.221  5206 23687 I art     : Starting a blocking GC Explicit
08-05 21:23:44.288  5206 23687 I art     : Explicit concurrent mark sweep GC freed 3(96B) AllocSpace objects, 0(0B) LOS objects, 27% free, 41MB/57MB, paused 1.500ms total 66.670ms
08-05 21:23:44.303  5206 23687 I art     : Starting a blocking GC Explicit
08-05 21:23:44.365  5206 23687 I art     : Explicit concurrent mark sweep GC freed 94(3KB) AllocSpace objects, 0(0B) LOS objects, 27% free, 41MB/57MB, paused 1.495ms total 61.277ms
08-05 21:23:44.427   918  3188 I hubconnection: sensorhub said: 'set_bias 3: -5.7600, 0.0000, 0.0000'
08-05 21:23:44.754  5206 23889 I art     : Starting a blocking GC Explicit
08-05 21:23:44.819  5206 23889 I art     : Explicit concurrent mark sweep GC freed 1859(102KB) AllocSpace objects, 1(20KB) LOS objects, 27% free, 41MB/57MB, paused 1.804ms total 64.310ms
08-05 21:23:44.834  5206 23889 I art     : Starting a blocking GC Explicit
08-05 21:23:44.847 25863 25863 D AndroidRuntime: >>>>>> START com.android.internal.os.RuntimeInit uid 2000 <<<<<<
08-05 21:23:44.853 25863 25863 D AndroidRuntime: CheckJNI is OFF
08-05 21:23:44.896 25863 25863 D ICU     : No timezone override file found: /data/misc/zoneinfo/current/icu/icu_tzdata.dat
08-05 21:23:44.897  5206 23889 I art     : Explicit concurrent mark sweep GC freed 1393(53KB) AllocSpace objects, 0(0B) LOS objects, 27% free, 41MB/57MB, paused 1.610ms total 63.061ms
08-05 21:23:44.902  5206 25691 E baseline.com.newsblur.network.APIResponse: Error (unexpected end of stream on https://www.newsblur.com/...) calling https://www.newsblur.com/reader/mark_story_hashes_as_read/
08-05 21:23:44.902  5206 25691 E baseline.com.newsblur.network.APIResponse: java.io.IOException: unexpected end of stream on https://www.newsblur.com/...
08-05 21:23:44.902  5206 25691 E baseline.com.newsblur.network.APIResponse: 	at okhttp3.internal.http1.Http1ExchangeCodec.readResponseHeaders(Http1ExchangeCodec.java:236)
08-05 21:23:44.902  5206 25691 E baseline.com.newsblur.network.APIResponse: 	at okhttp3.internal.connection.Exchange.readResponseHeaders(Exchange.java:115)
08-05 21:23:44.902  5206 25691 E baseline.com.newsblur.network.APIResponse: 	at okhttp3.internal.http.CallServerInterceptor.intercept(CallServerInterceptor.java:94)
08-05 21:23:44.902  5206 25691 E baseline.com.newsblur.network.APIResponse: 	at okhttp3.internal.http.RealInterceptorChain.proceed(RealInterceptorChain.java:142)
08-05 21:23:44.902  5206 25691 E baseline.com.newsblur.network.APIResponse: 	at okhttp3.internal.connection.ConnectInterceptor.intercept(ConnectInterceptor.java:43)
08-05 21:23:44.902  5206 25691 E baseline.com.newsblur.network.APIResponse: 	at okhttp3.internal.http.RealInterceptorChain.proceed(RealInterceptorChain.java:142)
08-05 21:23:44.902  5206 25691 E baseline.com.newsblur.network.APIResponse: 	at okhttp3.internal.http.RealInterceptorChain.proceed(RealInterceptorChain.java:117)
08-05 21:23:44.902  5206 25691 E baseline.com.newsblur.network.APIResponse: 	at okhttp3.internal.cache.CacheInterceptor.intercept(CacheInterceptor.java:94)
08-05 21:23:44.902  5206 25691 E baseline.com.newsblur.network.APIResponse: 	at okhttp3.internal.http.RealInterceptorChain.proceed(RealInterceptorChain.java:142)
08-05 21:23:44.902  5206 25691 E baseline.com.newsblur.network.APIResponse: 	at okhttp3.internal.http.RealInterceptorChain.proceed(RealInterceptorChain.java:117)
08-05 21:23:44.902  5206 25691 E baseline.com.newsblur.network.APIResponse: 	at okhttp3.internal.http.BridgeInterceptor.intercept(BridgeInterceptor.java:93)
08-05 21:23:44.902  5206 25691 E baseline.com.newsblur.network.APIResponse: 	at okhttp3.internal.http.RealInterceptorChain.proceed(RealInterceptorChain.java:142)
08-05 21:23:44.902  5206 25691 E baseline.com.newsblur.network.APIResponse: 	at okhttp3.internal.http.RetryAndFollowUpInterceptor.intercept(RetryAndFollowUpInterceptor.java:88)
08-05 21:23:44.902  5206 25691 E baseline.com.newsblur.network.APIResponse: 	at okhttp3.internal.http.RealInterceptorChain.proceed(RealInterceptorChain.java:142)
08-05 21:23:44.902  5206 25691 E baseline.com.newsblur.network.APIResponse: 	at okhttp3.internal.http.RealInterceptorChain.proceed(RealInterceptorChain.java:117)
08-05 21:23:44.902  5206 25691 E baseline.com.newsblur.network.APIResponse: 	at okhttp3.RealCall.getResponseWithInterceptorChain(RealCall.java:229)
08-05 21:23:44.902  5206 25691 E baseline.com.newsblur.network.APIResponse: 	at okhttp3.RealCall.execute(RealCall.java:81)
08-05 21:23:44.902  5206 25691 E baseline.com.newsblur.network.APIResponse: 	at baseline.com.newsblur.network.APIResponse.<init>(APIResponse.java:57)
08-05 21:23:44.902  5206 25691 E baseline.com.newsblur.network.APIResponse: 	at baseline.com.newsblur.network.APIResponse.<init>(APIResponse.java:43)
08-05 21:23:44.902  5206 25691 E baseline.com.newsblur.network.APIResponse: 	at baseline.com.newsblur.network.APIManager.post_single(APIManager.java:702)
08-05 21:23:44.902  5206 25691 E baseline.com.newsblur.network.APIResponse: 	at baseline.com.newsblur.network.APIManager.post(APIManager.java:675)
08-05 21:23:44.902  5206 25691 E baseline.com.newsblur.network.APIResponse: 	at baseline.com.newsblur.network.APIManager.post(APIManager.java:714)
08-05 21:23:44.902  5206 25691 E baseline.com.newsblur.network.APIResponse: 	at baseline.com.newsblur.network.APIManager.markStoryAsRead(APIManager.java:205)
08-05 21:23:44.902  5206 25691 E baseline.com.newsblur.network.APIResponse: 	at baseline.com.newsblur.util.ReadingAction.doRemote(ReadingAction.java:281)
08-05 21:23:44.902  5206 25691 E baseline.com.newsblur.network.APIResponse: 	at baseline.com.newsblur.service.NBSyncService.syncActions(NBSyncService.java:400)
08-05 21:23:44.902  5206 25691 E baseline.com.newsblur.network.APIResponse: 	at baseline.com.newsblur.service.NBSyncService.doSync(NBSyncService.java:298)
08-05 21:23:44.902  5206 25691 E baseline.com.newsblur.network.APIResponse: 	at baseline.com.newsblur.service.NBSyncService.access$100(NBSyncService.java:67)
08-05 21:23:44.902  5206 25691 E baseline.com.newsblur.network.APIResponse: 	at baseline.com.newsblur.service.NBSyncService$1.run(NBSyncService.java:188)
08-05 21:23:44.902  5206 25691 E baseline.com.newsblur.network.APIResponse: 	at java.util.concurrent.ThreadPoolExecutor.runWorker(ThreadPoolExecutor.java:1113)
08-05 21:23:44.902  5206 25691 E baseline.com.newsblur.network.APIResponse: 	at java.util.concurrent.ThreadPoolExecutor$Worker.run(ThreadPoolExecutor.java:588)
08-05 21:23:44.902  5206 25691 E baseline.com.newsblur.network.APIResponse: 	at java.lang.Thread.run(Thread.java:818)
08-05 21:23:44.902  5206 25691 E baseline.com.newsblur.network.APIResponse: Caused by: java.io.EOFException: \n not found: limit=0 content=
08-05 21:23:44.902  5206 25691 E baseline.com.newsblur.network.APIResponse: 	at okio.RealBufferedSource.readUtf8LineStrict(RealBufferedSource.java:240)
08-05 21:23:44.902  5206 25691 E baseline.com.newsblur.network.APIResponse: 	at okhttp3.internal.http1.Http1ExchangeCodec.readHeaderLine(Http1ExchangeCodec.java:242)
08-05 21:23:44.902  5206 25691 E baseline.com.newsblur.network.APIResponse: 	at okhttp3.internal.http1.Http1ExchangeCodec.readResponseHeaders(Http1ExchangeCodec.java:213)
08-05 21:23:44.902  5206 25691 E baseline.com.newsblur.network.APIResponse: 	... 30 more
08-05 21:23:44.905  5206 25691 I baseline.com.newsblur.service.NBSyncService: Holding reading action with server-side or network error.
08-05 21:23:44.912  5206 23889 I art     : Starting a blocking GC Explicit
08-05 21:23:44.921  5206 25691 W baseline.com.newsblur.service.NBSyncService: hard API failure
08-05 21:23:44.942 25863 25863 I Radio-JNI: register_android_hardware_Radio DONE
08-05 21:23:44.971 25863 25863 D AndroidRuntime: Calling main entry com.android.commands.input.Input
08-05 21:23:44.973 25863 25863 I Input   : injectMotionEvent: MotionEvent { action=ACTION_DOWN, actionButton=0, id[0]=0, x[0]=436.0, y[0]=453.0, toolType[0]=TOOL_TYPE_UNKNOWN, buttonState=0, metaState=0, flags=0x0, edgeFlags=0x0, pointerCount=1, historySize=0, eventTime=825841385, downTime=825841385, deviceId=0, source=0x1002 }
08-05 21:23:44.974  5206 23889 I art     : Explicit concurrent mark sweep GC freed 1231(258KB) AllocSpace objects, 4(80KB) LOS objects, 27% free, 41MB/57MB, paused 1.627ms total 62.053ms
08-05 21:23:44.980 25863 25863 I Input   : injectMotionEvent: MotionEvent { action=ACTION_UP, actionButton=0, id[0]=0, x[0]=436.0, y[0]=453.0, toolType[0]=TOOL_TYPE_UNKNOWN, buttonState=0, metaState=0, flags=0x0, edgeFlags=0x0, pointerCount=1, historySize=0, eventTime=825841385, downTime=825841385, deviceId=0, source=0x1002 }
08-05 21:23:44.983 25863 25863 D AndroidRuntime: Shutting down VM
08-05 21:23:44.989  5206 23889 I art     : Starting a blocking GC Explicit
08-05 21:23:44.998   512  2967 D audio_hw_primary: out_set_parameters: enter: usecase(1: low-latency-playback) kvpairs: routing=2
08-05 21:23:45.003   918  6029 I ActivityManager: START u0 {cmp=baseline.com.newsblur/.activity.AllSharedStoriesReading (has extras)} from uid 10676 on display 0
08-05 21:23:45.011   512  2967 D audio_hw_primary: select_devices: out_snd_device(2: speaker) in_snd_device(0: none)
08-05 21:23:45.011   512  2967 D msm8974_platform: platform_send_audio_calibration: sending audio calibration for snd_device(2) acdb_id(15)
08-05 21:23:45.011   512  2967 I soundtrigger: audio_extn_sound_trigger_update_device_status: device 0x2 of type 0 for Event 1
08-05 21:23:45.021   512  2967 D audio_hw_primary: enable_snd_device: snd_device(2: speaker)
08-05 21:23:45.023   512  2967 D audio_hw_primary: enable_audio_route: apply and update mixer path: low-latency-playback speaker
08-05 21:23:45.048  5206 23889 I art     : Explicit concurrent mark sweep GC freed 794(107KB) AllocSpace objects, 2(40KB) LOS objects, 27% free, 42MB/58MB, paused 1.860ms total 59.494ms
08-05 21:23:45.062  5206 23889 I art     : Starting a blocking GC Explicit
08-05 21:23:45.122  5206 23889 I art     : Explicit concurrent mark sweep GC freed 1212(90KB) AllocSpace objects, 2(468KB) LOS objects, 27% free, 42MB/58MB, paused 1.651ms total 60.137ms
08-05 21:23:45.286 13866 13866 I GoogleInputMethodServic: GoogleInputMethodService.onFinishInput():3138 
08-05 21:23:45.286   918   936 I ActivityManager: Displayed baseline.com.newsblur/.activity.AllSharedStoriesReading: +274ms
08-05 21:23:45.287 13866 13866 I GoogleInputMethodServic: GoogleInputMethodService.onStartInput():1808 
08-05 21:23:45.376  5206 25691 E baseline.com.newsblur.network.APIResponse: Error (unexpected end of stream on https://www.newsblur.com/...) calling https://www.newsblur.com/reader/mark_story_hashes_as_read/
08-05 21:23:45.376  5206 25691 E baseline.com.newsblur.network.APIResponse: java.io.IOException: unexpected end of stream on https://www.newsblur.com/...
08-05 21:23:45.376  5206 25691 E baseline.com.newsblur.network.APIResponse: 	at okhttp3.internal.http1.Http1ExchangeCodec.readResponseHeaders(Http1ExchangeCodec.java:236)
08-05 21:23:45.376  5206 25691 E baseline.com.newsblur.network.APIResponse: 	at okhttp3.internal.connection.Exchange.readResponseHeaders(Exchange.java:115)
08-05 21:23:45.376  5206 25691 E baseline.com.newsblur.network.APIResponse: 	at okhttp3.internal.http.CallServerInterceptor.intercept(CallServerInterceptor.java:94)
08-05 21:23:45.376  5206 25691 E baseline.com.newsblur.network.APIResponse: 	at okhttp3.internal.http.RealInterceptorChain.proceed(RealInterceptorChain.java:142)
08-05 21:23:45.376  5206 25691 E baseline.com.newsblur.network.APIResponse: 	at okhttp3.internal.connection.ConnectInterceptor.intercept(ConnectInterceptor.java:43)
08-05 21:23:45.376  5206 25691 E baseline.com.newsblur.network.APIResponse: 	at okhttp3.internal.http.RealInterceptorChain.proceed(RealInterceptorChain.java:142)
08-05 21:23:45.376  5206 25691 E baseline.com.newsblur.network.APIResponse: 	at okhttp3.internal.http.RealInterceptorChain.proceed(RealInterceptorChain.java:117)
08-05 21:23:45.376  5206 25691 E baseline.com.newsblur.network.APIResponse: 	at okhttp3.internal.cache.CacheInterceptor.intercept(CacheInterceptor.java:94)
08-05 21:23:45.376  5206 25691 E baseline.com.newsblur.network.APIResponse: 	at okhttp3.internal.http.RealInterceptorChain.proceed(RealInterceptorChain.java:142)
08-05 21:23:45.376  5206 25691 E baseline.com.newsblur.network.APIResponse: 	at okhttp3.internal.http.RealInterceptorChain.proceed(RealInterceptorChain.java:117)
08-05 21:23:45.376  5206 25691 E baseline.com.newsblur.network.APIResponse: 	at okhttp3.internal.http.BridgeInterceptor.intercept(BridgeInterceptor.java:93)
08-05 21:23:45.376  5206 25691 E baseline.com.newsblur.network.APIResponse: 	at okhttp3.internal.http.RealInterceptorChain.proceed(RealInterceptorChain.java:142)
08-05 21:23:45.376  5206 25691 E baseline.com.newsblur.network.APIResponse: 	at okhttp3.internal.http.RetryAndFollowUpInterceptor.intercept(RetryAndFollowUpInterceptor.java:88)
08-05 21:23:45.376  5206 25691 E baseline.com.newsblur.network.APIResponse: 	at okhttp3.internal.http.RealInterceptorChain.proceed(RealInterceptorChain.java:142)
08-05 21:23:45.376  5206 25691 E baseline.com.newsblur.network.APIResponse: 	at okhttp3.internal.http.RealInterceptorChain.proceed(RealInterceptorChain.java:117)
08-05 21:23:45.376  5206 25691 E baseline.com.newsblur.network.APIResponse: 	at okhttp3.RealCall.getResponseWithInterceptorChain(RealCall.java:229)
08-05 21:23:45.376  5206 25691 E baseline.com.newsblur.network.APIResponse: 	at okhttp3.RealCall.execute(RealCall.java:81)
08-05 21:23:45.376  5206 25691 E baseline.com.newsblur.network.APIResponse: 	at baseline.com.newsblur.network.APIResponse.<init>(APIResponse.java:57)
08-05 21:23:45.376  5206 25691 E baseline.com.newsblur.network.APIResponse: 	at baseline.com.newsblur.network.APIResponse.<init>(APIResponse.java:43)
08-05 21:23:45.376  5206 25691 E baseline.com.newsblur.network.APIResponse: 	at baseline.com.newsblur.network.APIManager.post_single(APIManager.java:702)
08-05 21:23:45.376  5206 25691 E baseline.com.newsblur.network.APIResponse: 	at baseline.com.newsblur.network.APIManager.post(APIManager.java:675)
08-05 21:23:45.376  5206 25691 E baseline.com.newsblur.network.APIResponse: 	at baseline.com.newsblur.network.APIManager.post(APIManager.java:714)
08-05 21:23:45.376  5206 25691 E baseline.com.newsblur.network.APIResponse: 	at baseline.com.newsblur.network.APIManager.markStoryAsRead(APIManager.java:205)
08-05 21:23:45.376  5206 25691 E baseline.com.newsblur.network.APIResponse: 	at baseline.com.newsblur.util.ReadingAction.doRemote(ReadingAction.java:281)
08-05 21:23:45.376  5206 25691 E baseline.com.newsblur.network.APIResponse: 	at baseline.com.newsblur.service.NBSyncService.syncActions(NBSyncService.java:400)
08-05 21:23:45.376  5206 25691 E baseline.com.newsblur.network.APIResponse: 	at baseline.com.newsblur.service.NBSyncService.doSync(NBSyncService.java:298)
08-05 21:23:45.376  5206 25691 E baseline.com.newsblur.network.APIResponse: 	at baseline.com.newsblur.service.NBSyncService.access$100(NBSyncService.java:67)
08-05 21:23:45.376  5206 25691 E baseline.com.newsblur.network.APIResponse: 	at baseline.com.newsblur.service.NBSyncService$1.run(NBSyncService.java:188)
08-05 21:23:45.376  5206 25691 E baseline.com.newsblur.network.APIResponse: 	at java.util.concurrent.ThreadPoolExecutor.runWorker(ThreadPoolExecutor.java:1113)
08-05 21:23:45.376  5206 25691 E baseline.com.newsblur.network.APIResponse: 	at java.util.concurrent.ThreadPoolExecutor$Worker.run(ThreadPoolExecutor.java:588)
08-05 21:23:45.376  5206 25691 E baseline.com.newsblur.network.APIResponse: 	at java.lang.Thread.run(Thread.java:818)
08-05 21:23:45.376  5206 25691 E baseline.com.newsblur.network.APIResponse: Caused by: java.io.EOFException: \n not found: limit=0 content=
08-05 21:23:45.376  5206 25691 E baseline.com.newsblur.network.APIResponse: 	at okio.RealBufferedSource.readUtf8LineStrict(RealBufferedSource.java:240)
08-05 21:23:45.376  5206 25691 E baseline.com.newsblur.network.APIResponse: 	at okhttp3.internal.http1.Http1ExchangeCodec.readHeaderLine(Http1ExchangeCodec.java:242)
08-05 21:23:45.376  5206 25691 E baseline.com.newsblur.network.APIResponse: 	at okhttp3.internal.http1.Http1ExchangeCodec.readResponseHeaders(Http1ExchangeCodec.java:213)
08-05 21:23:45.376  5206 25691 E baseline.com.newsblur.network.APIResponse: 	... 30 more
08-05 21:23:45.378  5206 25691 I baseline.com.newsblur.network.APIManager: API call failed, pausing before retry number 1
08-05 21:23:45.501  5206 23687 I art     : Starting a blocking GC Explicit
08-05 21:23:45.562  5206 23687 I art     : Explicit concurrent mark sweep GC freed 7044(638KB) AllocSpace objects, 16(356KB) LOS objects, 27% free, 42MB/58MB, paused 1.510ms total 60.416ms
08-05 21:23:45.569   512  2967 D audio_hw_primary: disable_audio_route: reset and update mixer path: low-latency-playback speaker
08-05 21:23:45.570   512  2967 D audio_hw_primary: disable_snd_device: snd_device(2: speaker)
08-05 21:23:45.576  5206 23687 I art     : Starting a blocking GC Explicit
08-05 21:23:45.577   512  2967 I soundtrigger: audio_extn_sound_trigger_update_device_status: device 0x2 of type 0 for Event 0
08-05 21:23:45.580  5206 24234 E chromium: [ERROR:tile_manager.cc(793)] WARNING: tile memory limits exceeded, some content may not draw
08-05 21:23:45.580  5206 24234 E chromium: [ERROR:tile_manager.cc(793)] WARNING: tile memory limits exceeded, some content may not draw
08-05 21:23:45.633  5206 23687 I art     : Explicit concurrent mark sweep GC freed 1231(56KB) AllocSpace objects, 2(56KB) LOS objects, 27% free, 42MB/58MB, paused 1.419ms total 56.820ms
08-05 21:23:45.648  5206 23687 I art     : Starting a blocking GC Explicit
08-05 21:23:45.710  5206 23687 I art     : Explicit concurrent mark sweep GC freed 138(17KB) AllocSpace objects, 1(20KB) LOS objects, 27% free, 42MB/58MB, paused 1.519ms total 61.393ms
08-05 21:23:45.724  5206 23687 I art     : Starting a blocking GC Explicit
08-05 21:23:45.780  5206 23687 I art     : Explicit concurrent mark sweep GC freed 17(560B) AllocSpace objects, 0(0B) LOS objects, 27% free, 42MB/58MB, paused 1.505ms total 56.065ms
08-05 21:23:45.795  5206 23687 I art     : Starting a blocking GC Explicit
08-05 21:23:45.852  5206 23687 I art     : Explicit concurrent mark sweep GC freed 3(96B) AllocSpace objects, 0(0B) LOS objects, 27% free, 42MB/58MB, paused 1.452ms total 56.767ms
08-05 21:23:46.241  5206  5219 I art     : Starting a blocking GC Explicit
08-05 21:23:46.309  5206  5219 I art     : Explicit concurrent mark sweep GC freed 1445(83KB) AllocSpace objects, 1(20KB) LOS objects, 27% free, 42MB/58MB, paused 1.674ms total 67.570ms
08-05 21:23:46.324  5206  5219 I art     : Starting a blocking GC Explicit
08-05 21:23:46.390  5206  5219 I art     : Explicit concurrent mark sweep GC freed 22(784B) AllocSpace objects, 0(0B) LOS objects, 27% free, 42MB/58MB, paused 1.561ms total 66.266ms
08-05 21:23:46.408  5206  5219 I art     : Starting a blocking GC Explicit
08-05 21:23:46.474  5206  5219 I art     : Explicit concurrent mark sweep GC freed 3(96B) AllocSpace objects, 0(0B) LOS objects, 27% free, 42MB/58MB, paused 1.536ms total 65.006ms
08-05 21:23:46.490  5206  5219 I art     : Starting a blocking GC Explicit
08-05 21:23:46.557  5206  5219 I art     : Explicit concurrent mark sweep GC freed 3(96B) AllocSpace objects, 0(0B) LOS objects, 27% free, 42MB/58MB, paused 1.533ms total 67.006ms
08-05 21:23:46.573  5206  5219 I art     : Starting a blocking GC Explicit
08-05 21:23:46.646  5206  5219 I art     : Explicit concurrent mark sweep GC freed 18(576B) AllocSpace objects, 0(0B) LOS objects, 27% free, 42MB/58MB, paused 1.745ms total 72.350ms
08-05 21:23:47.051  5206 23889 I art     : Starting a blocking GC Explicit
08-05 21:23:47.124  5206 23889 I art     : Explicit concurrent mark sweep GC freed 1655(93KB) AllocSpace objects, 1(20KB) LOS objects, 27% free, 42MB/58MB, paused 1.556ms total 72.673ms
08-05 21:23:47.140  5206 23889 I art     : Starting a blocking GC Explicit
08-05 21:23:47.212  5206 23889 I art     : Explicit concurrent mark sweep GC freed 28(1040B) AllocSpace objects, 0(0B) LOS objects, 27% free, 42MB/58MB, paused 1.717ms total 71.588ms
08-05 21:23:47.232  5206 23889 I art     : Starting a blocking GC Explicit
08-05 21:23:47.300  5206 23889 I art     : Explicit concurrent mark sweep GC freed 3(96B) AllocSpace objects, 0(0B) LOS objects, 27% free, 42MB/58MB, paused 1.681ms total 68.305ms
08-05 21:23:47.316  5206 23889 I art     : Starting a blocking GC Explicit
08-05 21:23:47.385  5206 23889 I art     : Explicit concurrent mark sweep GC freed 617(25KB) AllocSpace objects, 0(0B) LOS objects, 27% free, 42MB/58MB, paused 1.883ms total 68.519ms
08-05 21:23:47.400  5206 23889 I art     : Starting a blocking GC Explicit
08-05 21:23:47.452  5206 25691 E baseline.com.newsblur.network.APIResponse: Error (unexpected end of stream on https://www.newsblur.com/...) calling https://www.newsblur.com/reader/mark_story_hashes_as_read/
08-05 21:23:47.452  5206 25691 E baseline.com.newsblur.network.APIResponse: java.io.IOException: unexpected end of stream on https://www.newsblur.com/...
08-05 21:23:47.452  5206 25691 E baseline.com.newsblur.network.APIResponse: 	at okhttp3.internal.http1.Http1ExchangeCodec.readResponseHeaders(Http1ExchangeCodec.java:236)
08-05 21:23:47.452  5206 25691 E baseline.com.newsblur.network.APIResponse: 	at okhttp3.internal.connection.Exchange.readResponseHeaders(Exchange.java:115)
08-05 21:23:47.452  5206 25691 E baseline.com.newsblur.network.APIResponse: 	at okhttp3.internal.http.CallServerInterceptor.intercept(CallServerInterceptor.java:94)
08-05 21:23:47.452  5206 25691 E baseline.com.newsblur.network.APIResponse: 	at okhttp3.internal.http.RealInterceptorChain.proceed(RealInterceptorChain.java:142)
08-05 21:23:47.452  5206 25691 E baseline.com.newsblur.network.APIResponse: 	at okhttp3.internal.connection.ConnectInterceptor.intercept(ConnectInterceptor.java:43)
08-05 21:23:47.452  5206 25691 E baseline.com.newsblur.network.APIResponse: 	at okhttp3.internal.http.RealInterceptorChain.proceed(RealInterceptorChain.java:142)
08-05 21:23:47.452  5206 25691 E baseline.com.newsblur.network.APIResponse: 	at okhttp3.internal.http.RealInterceptorChain.proceed(RealInterceptorChain.java:117)
08-05 21:23:47.452  5206 25691 E baseline.com.newsblur.network.APIResponse: 	at okhttp3.internal.cache.CacheInterceptor.intercept(CacheInterceptor.java:94)
08-05 21:23:47.452  5206 25691 E baseline.com.newsblur.network.APIResponse: 	at okhttp3.internal.http.RealInterceptorChain.proceed(RealInterceptorChain.java:142)
08-05 21:23:47.452  5206 25691 E baseline.com.newsblur.network.APIResponse: 	at okhttp3.internal.http.RealInterceptorChain.proceed(RealInterceptorChain.java:117)
08-05 21:23:47.452  5206 25691 E baseline.com.newsblur.network.APIResponse: 	at okhttp3.internal.http.BridgeInterceptor.intercept(BridgeInterceptor.java:93)
08-05 21:23:47.452  5206 25691 E baseline.com.newsblur.network.APIResponse: 	at okhttp3.internal.http.RealInterceptorChain.proceed(RealInterceptorChain.java:142)
08-05 21:23:47.452  5206 25691 E baseline.com.newsblur.network.APIResponse: 	at okhttp3.internal.http.RetryAndFollowUpInterceptor.intercept(RetryAndFollowUpInterceptor.java:88)
08-05 21:23:47.452  5206 25691 E baseline.com.newsblur.network.APIResponse: 	at okhttp3.internal.http.RealInterceptorChain.proceed(RealInterceptorChain.java:142)
08-05 21:23:47.452  5206 25691 E baseline.com.newsblur.network.APIResponse: 	at okhttp3.internal.http.RealInterceptorChain.proceed(RealInterceptorChain.java:117)
08-05 21:23:47.452  5206 25691 E baseline.com.newsblur.network.APIResponse: 	at okhttp3.RealCall.getResponseWithInterceptorChain(RealCall.java:229)
08-05 21:23:47.452  5206 25691 E baseline.com.newsblur.network.APIResponse: 	at okhttp3.RealCall.execute(RealCall.java:81)
08-05 21:23:47.452  5206 25691 E baseline.com.newsblur.network.APIResponse: 	at baseline.com.newsblur.network.APIResponse.<init>(APIResponse.java:57)
08-05 21:23:47.452  5206 25691 E baseline.com.newsblur.network.APIResponse: 	at baseline.com.newsblur.network.APIResponse.<init>(APIResponse.java:43)
08-05 21:23:47.452  5206 25691 E baseline.com.newsblur.network.APIResponse: 	at baseline.com.newsblur.network.APIManager.post_single(APIManager.java:702)
08-05 21:23:47.452  5206 25691 E baseline.com.newsblur.network.APIResponse: 	at baseline.com.newsblur.network.APIManager.post(APIManager.java:675)
08-05 21:23:47.452  5206 25691 E baseline.com.newsblur.network.APIResponse: 	at baseline.com.newsblur.network.APIManager.post(APIManager.java:714)
08-05 21:23:47.452  5206 25691 E baseline.com.newsblur.network.APIResponse: 	at baseline.com.newsblur.network.APIManager.markStoryAsRead(APIManager.java:205)
08-05 21:23:47.452  5206 25691 E baseline.com.newsblur.network.APIResponse: 	at baseline.com.newsblur.util.ReadingAction.doRemote(ReadingAction.java:281)
08-05 21:23:47.452  5206 25691 E baseline.com.newsblur.network.APIResponse: 	at baseline.com.newsblur.service.NBSyncService.syncActions(NBSyncService.java:400)
08-05 21:23:47.452  5206 25691 E baseline.com.newsblur.network.APIResponse: 	at baseline.com.newsblur.service.NBSyncService.doSync(NBSyncService.java:298)
08-05 21:23:47.452  5206 25691 E baseline.com.newsblur.network.APIResponse: 	at baseline.com.newsblur.service.NBSyncService.access$100(NBSyncService.java:67)
08-05 21:23:47.452  5206 25691 E baseline.com.newsblur.network.APIResponse: 	at baseline.com.newsblur.service.NBSyncService$1.run(NBSyncService.java:188)
08-05 21:23:47.452  5206 25691 E baseline.com.newsblur.network.APIResponse: 	at java.util.concurrent.ThreadPoolExecutor.runWorker(ThreadPoolExecutor.java:1113)
08-05 21:23:47.452  5206 25691 E baseline.com.newsblur.network.APIResponse: 	at java.util.concurrent.ThreadPoolExecutor$Worker.run(ThreadPoolExecutor.java:588)
08-05 21:23:47.452  5206 25691 E baseline.com.newsblur.network.APIResponse: 	at java.lang.Thread.run(Thread.java:818)
08-05 21:23:47.452  5206 25691 E baseline.com.newsblur.network.APIResponse: Caused by: java.io.EOFException: \n not found: limit=0 content=
08-05 21:23:47.452  5206 25691 E baseline.com.newsblur.network.APIResponse: 	at okio.RealBufferedSource.readUtf8LineStrict(RealBufferedSource.java:240)
08-05 21:23:47.452  5206 25691 E baseline.com.newsblur.network.APIResponse: 	at okhttp3.internal.http1.Http1ExchangeCodec.readHeaderLine(Http1ExchangeCodec.java:242)
08-05 21:23:47.452  5206 25691 E baseline.com.newsblur.network.APIResponse: 	at okhttp3.internal.http1.Http1ExchangeCodec.readResponseHeaders(Http1ExchangeCodec.java:213)
08-05 21:23:47.452  5206 25691 E baseline.com.newsblur.network.APIResponse: 	... 30 more
08-05 21:23:47.455  5206 25691 I baseline.com.newsblur.network.APIManager: API call failed, pausing before retry number 2
08-05 21:23:47.469  5206 23889 I art     : Explicit concurrent mark sweep GC freed 2249(255KB) AllocSpace objects, 2(40KB) LOS objects, 27% free, 42MB/58MB, paused 1.697ms total 68.438ms
08-05 21:23:47.894  5206  5220 I art     : Starting a blocking GC Explicit
08-05 21:23:47.968  5206  5220 I art     : Explicit concurrent mark sweep GC freed 2502(145KB) AllocSpace objects, 1(20KB) LOS objects, 27% free, 42MB/58MB, paused 1.671ms total 73.756ms
08-05 21:23:47.985  5206  5220 I art     : Starting a blocking GC Explicit
08-05 21:23:48.044  5206  5220 I art     : Explicit concurrent mark sweep GC freed 1052(72KB) AllocSpace objects, 0(0B) LOS objects, 27% free, 42MB/58MB, paused 1.580ms total 58.519ms
08-05 21:23:48.059  5206  5220 I art     : Starting a blocking GC Explicit
08-05 21:23:48.125  5206  5220 I art     : Explicit concurrent mark sweep GC freed 4332(346KB) AllocSpace objects, 1(20KB) LOS objects, 27% free, 42MB/58MB, paused 1.607ms total 65.986ms
08-05 21:23:48.141  5206  5220 I art     : Starting a blocking GC Explicit
08-05 21:23:48.209  5206  5220 I art     : Explicit concurrent mark sweep GC freed 3(96B) AllocSpace objects, 0(0B) LOS objects, 27% free, 42MB/58MB, paused 1.679ms total 67.778ms
08-05 21:23:48.224  5206  5220 I art     : Starting a blocking GC Explicit
08-05 21:23:48.291  5206  5220 I art     : Explicit concurrent mark sweep GC freed 3(96B) AllocSpace objects, 0(0B) LOS objects, 27% free, 42MB/58MB, paused 1.694ms total 66.296ms
08-05 21:23:48.695  5206 24515 I art     : Starting a blocking GC Explicit
08-05 21:23:48.764  5206 24515 I art     : Explicit concurrent mark sweep GC freed 3685(188KB) AllocSpace objects, 1(20KB) LOS objects, 27% free, 42MB/58MB, paused 1.618ms total 68.957ms
08-05 21:23:48.780  5206 24515 I art     : Starting a blocking GC Explicit
08-05 21:23:48.847  5206 24515 I art     : Explicit concurrent mark sweep GC freed 131(5KB) AllocSpace objects, 0(0B) LOS objects, 27% free, 42MB/58MB, paused 1.536ms total 67.355ms
08-05 21:23:48.865  5206 24515 I art     : Starting a blocking GC Explicit
08-05 21:23:48.931  5206 24515 I art     : Explicit concurrent mark sweep GC freed 3(96B) AllocSpace objects, 0(0B) LOS objects, 27% free, 42MB/58MB, paused 1.480ms total 65.544ms
08-05 21:23:48.947  5206 24515 I art     : Starting a blocking GC Explicit
08-05 21:23:49.011  5206 24515 I art     : Explicit concurrent mark sweep GC freed 3(96B) AllocSpace objects, 0(0B) LOS objects, 27% free, 42MB/58MB, paused 1.630ms total 64.461ms
08-05 21:23:49.027  5206 24515 I art     : Starting a blocking GC Explicit
08-05 21:23:49.094  5206 24515 I art     : Explicit concurrent mark sweep GC freed 3(96B) AllocSpace objects, 0(0B) LOS objects, 27% free, 42MB/58MB, paused 1.616ms total 67.165ms
08-05 21:23:49.473  5206 23687 I art     : Starting a blocking GC Explicit
08-05 21:23:49.539  5206 23687 I art     : Explicit concurrent mark sweep GC freed 1445(83KB) AllocSpace objects, 1(20KB) LOS objects, 27% free, 42MB/58MB, paused 1.603ms total 65.513ms
08-05 21:23:49.554  5206 23687 I art     : Starting a blocking GC Explicit
08-05 21:23:49.619  5206 23687 I art     : Explicit concurrent mark sweep GC freed 22(784B) AllocSpace objects, 0(0B) LOS objects, 27% free, 42MB/58MB, paused 1.615ms total 64.797ms
08-05 21:23:49.634  5206 23687 I art     : Starting a blocking GC Explicit
08-05 21:23:49.697  5206 23687 I art     : Explicit concurrent mark sweep GC freed 3(96B) AllocSpace objects, 0(0B) LOS objects, 27% free, 42MB/58MB, paused 1.619ms total 62.259ms
08-05 21:23:49.712  5206 23687 I art     : Starting a blocking GC Explicit
08-05 21:23:49.774  5206 23687 I art     : Explicit concurrent mark sweep GC freed 3(96B) AllocSpace objects, 0(0B) LOS objects, 27% free, 42MB/58MB, paused 1.626ms total 61.213ms
08-05 21:23:49.789  5206 23687 I art     : Starting a blocking GC Explicit
08-05 21:23:49.811 25941 25941 D AndroidRuntime: >>>>>> START com.android.internal.os.RuntimeInit uid 2000 <<<<<<
08-05 21:23:49.817 25941 25941 D AndroidRuntime: CheckJNI is OFF
08-05 21:23:49.854  5206 23687 I art     : Explicit concurrent mark sweep GC freed 3(96B) AllocSpace objects, 0(0B) LOS objects, 27% free, 42MB/58MB, paused 1.650ms total 64.508ms
08-05 21:23:49.864 25941 25941 D ICU     : No timezone override file found: /data/misc/zoneinfo/current/icu/icu_tzdata.dat
08-05 21:23:49.911 25941 25941 I Radio-JNI: register_android_hardware_Radio DONE
08-05 21:23:49.941 25941 25941 D AndroidRuntime: Calling main entry com.android.commands.input.Input
08-05 21:23:49.943 25941 25941 I Input   : injectKeyEvent: KeyEvent { action=ACTION_DOWN, keyCode=KEYCODE_BACK, scanCode=0, metaState=0, flags=0x0, repeatCount=0, eventTime=825846356, downTime=825846356, deviceId=-1, source=0x101 }
08-05 21:23:49.950 25941 25941 I Input   : injectKeyEvent: KeyEvent { action=ACTION_UP, keyCode=KEYCODE_BACK, scanCode=0, metaState=0, flags=0x0, repeatCount=0, eventTime=825846356, downTime=825846356, deviceId=-1, source=0x101 }
08-05 21:23:49.956 25941 25941 D AndroidRuntime: Shutting down VM
08-05 21:23:49.966  5206  5206 D baseline.com.newsblur.service.NBSyncService: rejecting request for feedset that is exhaused
08-05 21:23:50.149  5206  5206 D baseline.com.newsblur.service.NBSyncService: rejecting request for feedset that is exhaused
08-05 21:23:50.152 13866 13866 I GoogleInputMethodServic: GoogleInputMethodService.onFinishInput():3138 
08-05 21:23:50.152 13866 13866 I GoogleInputMethodServic: GoogleInputMethodService.onStartInput():1808 
08-05 21:23:50.232  5206 23687 I art     : Starting a blocking GC Explicit
08-05 21:23:50.288 13866 13882 I PeriodicStatsRunner: PeriodicStatsRunner.call():175 call()
08-05 21:23:50.288 13866 13882 I PeriodicStatsRunner: PeriodicStatsRunner.call():179 No submit PeriodicStats since input started.
08-05 21:23:50.288  5206 23687 I art     : Explicit concurrent mark sweep GC freed 3150(250KB) AllocSpace objects, 5(100KB) LOS objects, 27% free, 42MB/58MB, paused 1.550ms total 56ms
08-05 21:23:50.303  5206 23687 I art     : Starting a blocking GC Explicit
08-05 21:23:50.366  5206 23687 I art     : Explicit concurrent mark sweep GC freed 173(8KB) AllocSpace objects, 1(28KB) LOS objects, 27% free, 42MB/58MB, paused 1.470ms total 63.473ms
08-05 21:23:50.382  5206 23687 I art     : Starting a blocking GC Explicit
08-05 21:23:50.444  5206 23687 I art     : Explicit concurrent mark sweep GC freed 3(96B) AllocSpace objects, 0(0B) LOS objects, 27% free, 42MB/58MB, paused 1.585ms total 62.123ms
08-05 21:23:50.462  5206 23687 I art     : Starting a blocking GC Explicit
08-05 21:23:50.524  5206 23687 I art     : Explicit concurrent mark sweep GC freed 1195(53KB) AllocSpace objects, 0(0B) LOS objects, 27% free, 42MB/58MB, paused 1.688ms total 61.513ms
08-05 21:23:50.539  5206 23687 I art     : Starting a blocking GC Explicit
08-05 21:23:50.597  5206 23687 I art     : Explicit concurrent mark sweep GC freed 208(13KB) AllocSpace objects, 0(0B) LOS objects, 27% free, 42MB/58MB, paused 1.541ms total 57.212ms
08-05 21:23:50.995  5206 23889 I art     : Starting a blocking GC Explicit
08-05 21:23:51.015  5206 25691 E baseline.com.newsblur.network.APIResponse: Error (unexpected end of stream on https://www.newsblur.com/...) calling https://www.newsblur.com/reader/mark_story_hashes_as_read/
08-05 21:23:51.015  5206 25691 E baseline.com.newsblur.network.APIResponse: java.io.IOException: unexpected end of stream on https://www.newsblur.com/...
08-05 21:23:51.015  5206 25691 E baseline.com.newsblur.network.APIResponse: 	at okhttp3.internal.http1.Http1ExchangeCodec.readResponseHeaders(Http1ExchangeCodec.java:236)
08-05 21:23:51.015  5206 25691 E baseline.com.newsblur.network.APIResponse: 	at okhttp3.internal.connection.Exchange.readResponseHeaders(Exchange.java:115)
08-05 21:23:51.015  5206 25691 E baseline.com.newsblur.network.APIResponse: 	at okhttp3.internal.http.CallServerInterceptor.intercept(CallServerInterceptor.java:94)
08-05 21:23:51.015  5206 25691 E baseline.com.newsblur.network.APIResponse: 	at okhttp3.internal.http.RealInterceptorChain.proceed(RealInterceptorChain.java:142)
08-05 21:23:51.015  5206 25691 E baseline.com.newsblur.network.APIResponse: 	at okhttp3.internal.connection.ConnectInterceptor.intercept(ConnectInterceptor.java:43)
08-05 21:23:51.015  5206 25691 E baseline.com.newsblur.network.APIResponse: 	at okhttp3.internal.http.RealInterceptorChain.proceed(RealInterceptorChain.java:142)
08-05 21:23:51.015  5206 25691 E baseline.com.newsblur.network.APIResponse: 	at okhttp3.internal.http.RealInterceptorChain.proceed(RealInterceptorChain.java:117)
08-05 21:23:51.015  5206 25691 E baseline.com.newsblur.network.APIResponse: 	at okhttp3.internal.cache.CacheInterceptor.intercept(CacheInterceptor.java:94)
08-05 21:23:51.015  5206 25691 E baseline.com.newsblur.network.APIResponse: 	at okhttp3.internal.http.RealInterceptorChain.proceed(RealInterceptorChain.java:142)
08-05 21:23:51.015  5206 25691 E baseline.com.newsblur.network.APIResponse: 	at okhttp3.internal.http.RealInterceptorChain.proceed(RealInterceptorChain.java:117)
08-05 21:23:51.015  5206 25691 E baseline.com.newsblur.network.APIResponse: 	at okhttp3.internal.http.BridgeInterceptor.intercept(BridgeInterceptor.java:93)
08-05 21:23:51.015  5206 25691 E baseline.com.newsblur.network.APIResponse: 	at okhttp3.internal.http.RealInterceptorChain.proceed(RealInterceptorChain.java:142)
08-05 21:23:51.015  5206 25691 E baseline.com.newsblur.network.APIResponse: 	at okhttp3.internal.http.RetryAndFollowUpInterceptor.intercept(RetryAndFollowUpInterceptor.java:88)
08-05 21:23:51.015  5206 25691 E baseline.com.newsblur.network.APIResponse: 	at okhttp3.internal.http.RealInterceptorChain.proceed(RealInterceptorChain.java:142)
08-05 21:23:51.015  5206 25691 E baseline.com.newsblur.network.APIResponse: 	at okhttp3.internal.http.RealInterceptorChain.proceed(RealInterceptorChain.java:117)
08-05 21:23:51.015  5206 25691 E baseline.com.newsblur.network.APIResponse: 	at okhttp3.RealCall.getResponseWithInterceptorChain(RealCall.java:229)
08-05 21:23:51.015  5206 25691 E baseline.com.newsblur.network.APIResponse: 	at okhttp3.RealCall.execute(RealCall.java:81)
08-05 21:23:51.015  5206 25691 E baseline.com.newsblur.network.APIResponse: 	at baseline.com.newsblur.network.APIResponse.<init>(APIResponse.java:57)
08-05 21:23:51.015  5206 25691 E baseline.com.newsblur.network.APIResponse: 	at baseline.com.newsblur.network.APIResponse.<init>(APIResponse.java:43)
08-05 21:23:51.015  5206 25691 E baseline.com.newsblur.network.APIResponse: 	at baseline.com.newsblur.network.APIManager.post_single(APIManager.java:702)
08-05 21:23:51.015  5206 25691 E baseline.com.newsblur.network.APIResponse: 	at baseline.com.newsblur.network.APIManager.post(APIManager.java:675)
08-05 21:23:51.015  5206 25691 E baseline.com.newsblur.network.APIResponse: 	at baseline.com.newsblur.network.APIManager.post(APIManager.java:714)
08-05 21:23:51.015  5206 25691 E baseline.com.newsblur.network.APIResponse: 	at baseline.com.newsblur.network.APIManager.markStoryAsRead(APIManager.java:205)
08-05 21:23:51.015  5206 25691 E baseline.com.newsblur.network.APIResponse: 	at baseline.com.newsblur.util.ReadingAction.doRemote(ReadingAction.java:281)
08-05 21:23:51.015  5206 25691 E baseline.com.newsblur.network.APIResponse: 	at baseline.com.newsblur.service.NBSyncService.syncActions(NBSyncService.java:400)
08-05 21:23:51.015  5206 25691 E baseline.com.newsblur.network.APIResponse: 	at baseline.com.newsblur.service.NBSyncService.doSync(NBSyncService.java:298)
08-05 21:23:51.015  5206 25691 E baseline.com.newsblur.network.APIResponse: 	at baseline.com.newsblur.service.NBSyncService.access$100(NBSyncService.java:67)
08-05 21:23:51.015  5206 25691 E baseline.com.newsblur.network.APIResponse: 	at baseline.com.newsblur.service.NBSyncService$1.run(NBSyncService.java:188)
08-05 21:23:51.015  5206 25691 E baseline.com.newsblur.network.APIResponse: 	at java.util.concurrent.ThreadPoolExecutor.runWorker(ThreadPoolExecutor.java:1113)
08-05 21:23:51.015  5206 25691 E baseline.com.newsblur.network.APIResponse: 	at java.util.concurrent.ThreadPoolExecutor$Worker.run(ThreadPoolExecutor.java:588)
08-05 21:23:51.015  5206 25691 E baseline.com.newsblur.network.APIResponse: 	at java.lang.Thread.run(Thread.java:818)
08-05 21:23:51.015  5206 25691 E baseline.com.newsblur.network.APIResponse: Caused by: java.io.EOFException: \n not found: limit=0 content=
08-05 21:23:51.015  5206 25691 E baseline.com.newsblur.network.APIResponse: 	at okio.RealBufferedSource.readUtf8LineStrict(RealBufferedSource.java:240)
08-05 21:23:51.015  5206 25691 E baseline.com.newsblur.network.APIResponse: 	at okhttp3.internal.http1.Http1ExchangeCodec.readHeaderLine(Http1ExchangeCodec.java:242)
08-05 21:23:51.015  5206 25691 E baseline.com.newsblur.network.APIResponse: 	at okhttp3.internal.http1.Http1ExchangeCodec.readResponseHeaders(Http1ExchangeCodec.java:213)
08-05 21:23:51.015  5206 25691 E baseline.com.newsblur.network.APIResponse: 	... 30 more
08-05 21:23:51.017  5206 25691 I baseline.com.newsblur.service.NBSyncService: Holding reading action with server-side or network error.
08-05 21:23:51.028  5206 25691 W baseline.com.newsblur.service.NBSyncService: hard API failure
08-05 21:23:51.039  5206 25691 I baseline.com.newsblur.service.NBSyncService: recounting dirty feed sets: 1
08-05 21:23:51.063  5206 23889 I art     : Explicit concurrent mark sweep GC freed 4840(427KB) AllocSpace objects, 6(120KB) LOS objects, 27% free, 42MB/58MB, paused 1.629ms total 67.942ms
08-05 21:23:51.078  5206 23889 I art     : Starting a blocking GC Explicit
08-05 21:23:51.143  5206 23889 I art     : Explicit concurrent mark sweep GC freed 391(28KB) AllocSpace objects, 0(0B) LOS objects, 27% free, 42MB/58MB, paused 1.849ms total 64.995ms
08-05 21:23:51.159  5206 23889 I art     : Starting a blocking GC Explicit
08-05 21:23:51.225  5206 23889 I art     : Explicit concurrent mark sweep GC freed 55(1872B) AllocSpace objects, 0(0B) LOS objects, 27% free, 42MB/58MB, paused 1.743ms total 65.498ms
08-05 21:23:51.242  5206 23889 I art     : Starting a blocking GC Explicit
08-05 21:23:51.305  5206 23889 I art     : Explicit concurrent mark sweep GC freed 12(384B) AllocSpace objects, 0(0B) LOS objects, 27% free, 42MB/58MB, paused 2.720ms total 63.358ms
08-05 21:23:51.321  5206 23889 I art     : Starting a blocking GC Explicit
08-05 21:23:51.386  5206 23889 I art     : Explicit concurrent mark sweep GC freed 12(384B) AllocSpace objects, 0(0B) LOS objects, 27% free, 42MB/58MB, paused 1.615ms total 64.653ms
08-05 21:23:51.427   918  3261 D WifiStateMachine: starting scan for "H369AA63323"WPA_PSK with 2412,5180
08-05 21:23:51.612  5206 25691 E baseline.com.newsblur.network.APIResponse: Error (unexpected end of stream on https://www.newsblur.com/...) calling https://www.newsblur.com/reader/feed_unread_count?feed_id=0
08-05 21:23:51.612  5206 25691 E baseline.com.newsblur.network.APIResponse: java.io.IOException: unexpected end of stream on https://www.newsblur.com/...
08-05 21:23:51.612  5206 25691 E baseline.com.newsblur.network.APIResponse: 	at okhttp3.internal.http1.Http1ExchangeCodec.readResponseHeaders(Http1ExchangeCodec.java:236)
08-05 21:23:51.612  5206 25691 E baseline.com.newsblur.network.APIResponse: 	at okhttp3.internal.connection.Exchange.readResponseHeaders(Exchange.java:115)
08-05 21:23:51.612  5206 25691 E baseline.com.newsblur.network.APIResponse: 	at okhttp3.internal.http.CallServerInterceptor.intercept(CallServerInterceptor.java:94)
08-05 21:23:51.612  5206 25691 E baseline.com.newsblur.network.APIResponse: 	at okhttp3.internal.http.RealInterceptorChain.proceed(RealInterceptorChain.java:142)
08-05 21:23:51.612  5206 25691 E baseline.com.newsblur.network.APIResponse: 	at okhttp3.internal.connection.ConnectInterceptor.intercept(ConnectInterceptor.java:43)
08-05 21:23:51.612  5206 25691 E baseline.com.newsblur.network.APIResponse: 	at okhttp3.internal.http.RealInterceptorChain.proceed(RealInterceptorChain.java:142)
08-05 21:23:51.612  5206 25691 E baseline.com.newsblur.network.APIResponse: 	at okhttp3.internal.http.RealInterceptorChain.proceed(RealInterceptorChain.java:117)
08-05 21:23:51.612  5206 25691 E baseline.com.newsblur.network.APIResponse: 	at okhttp3.internal.cache.CacheInterceptor.intercept(CacheInterceptor.java:94)
08-05 21:23:51.612  5206 25691 E baseline.com.newsblur.network.APIResponse: 	at okhttp3.internal.http.RealInterceptorChain.proceed(RealInterceptorChain.java:142)
08-05 21:23:51.612  5206 25691 E baseline.com.newsblur.network.APIResponse: 	at okhttp3.internal.http.RealInterceptorChain.proceed(RealInterceptorChain.java:117)
08-05 21:23:51.612  5206 25691 E baseline.com.newsblur.network.APIResponse: 	at okhttp3.internal.http.BridgeInterceptor.intercept(BridgeInterceptor.java:93)
08-05 21:23:51.612  5206 25691 E baseline.com.newsblur.network.APIResponse: 	at okhttp3.internal.http.RealInterceptorChain.proceed(RealInterceptorChain.java:142)
08-05 21:23:51.612  5206 25691 E baseline.com.newsblur.network.APIResponse: 	at okhttp3.internal.http.RetryAndFollowUpInterceptor.intercept(RetryAndFollowUpInterceptor.java:88)
08-05 21:23:51.612  5206 25691 E baseline.com.newsblur.network.APIResponse: 	at okhttp3.internal.http.RealInterceptorChain.proceed(RealInterceptorChain.java:142)
08-05 21:23:51.612  5206 25691 E baseline.com.newsblur.network.APIResponse: 	at okhttp3.internal.http.RealInterceptorChain.proceed(RealInterceptorChain.java:117)
08-05 21:23:51.612  5206 25691 E baseline.com.newsblur.network.APIResponse: 	at okhttp3.RealCall.getResponseWithInterceptorChain(RealCall.java:229)
08-05 21:23:51.612  5206 25691 E baseline.com.newsblur.network.APIResponse: 	at okhttp3.RealCall.execute(RealCall.java:81)
08-05 21:23:51.612  5206 25691 E baseline.com.newsblur.network.APIResponse: 	at baseline.com.newsblur.network.APIResponse.<init>(APIResponse.java:57)
08-05 21:23:51.612  5206 25691 E baseline.com.newsblur.network.APIResponse: 	at baseline.com.newsblur.network.APIManager.get_single(APIManager.java:639)
08-05 21:23:51.612  5206 25691 E baseline.com.newsblur.network.APIResponse: 	at baseline.com.newsblur.network.APIManager.get(APIManager.java:625)
08-05 21:23:51.612  5206 25691 E baseline.com.newsblur.network.APIResponse: 	at baseline.com.newsblur.network.APIManager.get(APIManager.java:667)
08-05 21:23:51.612  5206 25691 E baseline.com.newsblur.network.APIResponse: 	at baseline.com.newsblur.network.APIManager.getFeedUnreadCounts(APIManager.java:274)
08-05 21:23:51.612  5206 25691 E baseline.com.newsblur.network.APIResponse: 	at baseline.com.newsblur.service.NBSyncService.checkRecounts(NBSyncService.java:660)
08-05 21:23:51.612  5206 25691 E baseline.com.newsblur.network.APIResponse: 	at baseline.com.newsblur.service.NBSyncService.doSync(NBSyncService.java:310)
08-05 21:23:51.612  5206 25691 E baseline.com.newsblur.network.APIResponse: 	at baseline.com.newsblur.service.NBSyncService.access$100(NBSyncService.java:67)
08-05 21:23:51.612  5206 25691 E baseline.com.newsblur.network.APIResponse: 	at baseline.com.newsblur.service.NBSyncService$1.run(NBSyncService.java:188)
08-05 21:23:51.612  5206 25691 E baseline.com.newsblur.network.APIResponse: 	at java.util.concurrent.ThreadPoolExecutor.runWorker(ThreadPoolExecutor.java:1113)
08-05 21:23:51.612  5206 25691 E baseline.com.newsblur.network.APIResponse: 	at java.util.concurrent.ThreadPoolExecutor$Worker.run(ThreadPoolExecutor.java:588)
08-05 21:23:51.612  5206 25691 E baseline.com.newsblur.network.APIResponse: 	at java.lang.Thread.run(Thread.java:818)
08-05 21:23:51.612  5206 25691 E baseline.com.newsblur.network.APIResponse: Caused by: java.io.EOFException: \n not found: limit=0 content=
08-05 21:23:51.612  5206 25691 E baseline.com.newsblur.network.APIResponse: 	at okio.RealBufferedSource.readUtf8LineStrict(RealBufferedSource.java:240)
08-05 21:23:51.612  5206 25691 E baseline.com.newsblur.network.APIResponse: 	at okhttp3.internal.http1.Http1ExchangeCodec.readHeaderLine(Http1ExchangeCodec.java:242)
08-05 21:23:51.612  5206 25691 E baseline.com.newsblur.network.APIResponse: 	at okhttp3.internal.http1.Http1ExchangeCodec.readResponseHeaders(Http1ExchangeCodec.java:213)
08-05 21:23:51.612  5206 25691 E baseline.com.newsblur.network.APIResponse: 	... 28 more
08-05 21:23:51.614  5206 25691 I baseline.com.newsblur.network.APIManager: API call failed, pausing before retry number 1
08-05 21:23:51.735 25986 25986 D AndroidRuntime: >>>>>> START com.android.internal.os.RuntimeInit uid 2000 <<<<<<
08-05 21:23:51.742 25986 25986 D AndroidRuntime: CheckJNI is OFF
08-05 21:23:51.766  5206 23889 I art     : Starting a blocking GC Explicit
08-05 21:23:51.789 25986 25986 D ICU     : No timezone override file found: /data/misc/zoneinfo/current/icu/icu_tzdata.dat
08-05 21:23:51.834  5206 23889 I art     : Explicit concurrent mark sweep GC freed 3957(356KB) AllocSpace objects, 3(60KB) LOS objects, 27% free, 41MB/57MB, paused 1.739ms total 66.532ms
08-05 21:23:51.837 25986 25986 I Radio-JNI: register_android_hardware_Radio DONE
08-05 21:23:51.849  5206 23889 I art     : Starting a blocking GC Explicit
08-05 21:23:51.868 25986 25986 D AndroidRuntime: Calling main entry com.android.commands.input.Input
08-05 21:23:51.870 25986 25986 I Input   : injectKeyEvent: KeyEvent { action=ACTION_DOWN, keyCode=KEYCODE_BACK, scanCode=0, metaState=0, flags=0x0, repeatCount=0, eventTime=825848283, downTime=825848283, deviceId=-1, source=0x101 }
08-05 21:23:51.877 25986 25986 I Input   : injectKeyEvent: KeyEvent { action=ACTION_UP, keyCode=KEYCODE_BACK, scanCode=0, metaState=0, flags=0x0, repeatCount=0, eventTime=825848283, downTime=825848283, deviceId=-1, source=0x101 }
08-05 21:23:51.883 25986 25986 D AndroidRuntime: Shutting down VM
08-05 21:23:51.909  5206 23889 I art     : Explicit concurrent mark sweep GC freed 431(69KB) AllocSpace objects, 4(80KB) LOS objects, 27% free, 42MB/58MB, paused 1.495ms total 59.849ms
08-05 21:23:51.924  5206 23889 I art     : Starting a blocking GC Explicit
08-05 21:23:51.983  5206 23889 I art     : Explicit concurrent mark sweep GC freed 49(1952B) AllocSpace objects, 0(0B) LOS objects, 27% free, 41MB/57MB, paused 1.582ms total 58.843ms
08-05 21:23:51.998  5206 23889 I art     : Starting a blocking GC Explicit
08-05 21:23:52.062  5206 23889 I art     : Explicit concurrent mark sweep GC freed 1970(141KB) AllocSpace objects, 4(80KB) LOS objects, 27% free, 42MB/58MB, paused 2.465ms total 63.712ms
08-05 21:23:52.077  5206 23889 I art     : Starting a blocking GC Explicit
08-05 21:23:52.095 13866 13866 I GoogleInputMethodServic: GoogleInputMethodService.onFinishInput():3138 
08-05 21:23:52.096 13866 13866 I GoogleInputMethodServic: GoogleInputMethodService.onStartInput():1808 
08-05 21:23:52.137  5206 23889 I art     : Explicit concurrent mark sweep GC freed 6012(376KB) AllocSpace objects, 4(80KB) LOS objects, 27% free, 42MB/58MB, paused 1.684ms total 60.185ms
08-05 21:23:52.527  5206  5219 I art     : Starting a blocking GC Explicit
08-05 21:23:52.593  5206  5219 I art     : Explicit concurrent mark sweep GC freed 2086(110KB) AllocSpace objects, 1(20KB) LOS objects, 27% free, 41MB/57MB, paused 1.522ms total 65.450ms
08-05 21:23:52.610  5206  5219 I art     : Starting a blocking GC Explicit
08-05 21:23:52.672  5206  5219 I art     : Explicit concurrent mark sweep GC freed 172(7KB) AllocSpace objects, 0(0B) LOS objects, 27% free, 41MB/57MB, paused 1.621ms total 61.991ms
08-05 21:23:52.688  5206  5219 I art     : Starting a blocking GC Explicit
08-05 21:23:52.750  5206  5219 I art     : Explicit concurrent mark sweep GC freed 13(416B) AllocSpace objects, 0(0B) LOS objects, 27% free, 41MB/57MB, paused 1.523ms total 62.155ms
08-05 21:23:52.765  5206  5219 I art     : Starting a blocking GC Explicit
08-05 21:23:52.828  5206  5219 I art     : Explicit concurrent mark sweep GC freed 13(416B) AllocSpace objects, 0(0B) LOS objects, 27% free, 41MB/57MB, paused 1.562ms total 62.490ms
08-05 21:23:52.844  5206  5219 I art     : Starting a blocking GC Explicit
08-05 21:23:52.908  5206  5219 I art     : Explicit concurrent mark sweep GC freed 13(416B) AllocSpace objects, 0(0B) LOS objects, 27% free, 41MB/57MB, paused 1.527ms total 63.623ms
08-05 21:23:53.304  5206  5220 I art     : Starting a blocking GC Explicit
08-05 21:23:53.371  5206  5220 I art     : Explicit concurrent mark sweep GC freed 1664(93KB) AllocSpace objects, 1(20KB) LOS objects, 27% free, 41MB/57MB, paused 1.586ms total 66.614ms
08-05 21:23:53.386  5206  5220 I art     : Starting a blocking GC Explicit
08-05 21:23:53.449  5206  5220 I art     : Explicit concurrent mark sweep GC freed 37(1328B) AllocSpace objects, 0(0B) LOS objects, 27% free, 41MB/57MB, paused 2.291ms total 62.231ms
08-05 21:23:53.464  5206  5220 I art     : Starting a blocking GC Explicit
08-05 21:23:53.527  5206  5220 I art     : Explicit concurrent mark sweep GC freed 12(384B) AllocSpace objects, 0(0B) LOS objects, 27% free, 41MB/57MB, paused 1.576ms total 62.837ms
08-05 21:23:53.543  5206  5220 I art     : Starting a blocking GC Explicit
08-05 21:23:53.607  5206  5220 I art     : Explicit concurrent mark sweep GC freed 5(160B) AllocSpace objects, 0(0B) LOS objects, 27% free, 41MB/57MB, paused 1.695ms total 63.809ms
08-05 21:23:53.622  5206  5220 I art     : Starting a blocking GC Explicit
08-05 21:23:53.685  5206  5220 I art     : Explicit concurrent mark sweep GC freed 1596(62KB) AllocSpace objects, 0(0B) LOS objects, 27% free, 42MB/58MB, paused 1.718ms total 63.399ms
08-05 21:23:53.690  5206 25691 E baseline.com.newsblur.network.APIResponse: Error (unexpected end of stream on https://www.newsblur.com/...) calling https://www.newsblur.com/reader/feed_unread_count?feed_id=0
08-05 21:23:53.690  5206 25691 E baseline.com.newsblur.network.APIResponse: java.io.IOException: unexpected end of stream on https://www.newsblur.com/...
08-05 21:23:53.690  5206 25691 E baseline.com.newsblur.network.APIResponse: 	at okhttp3.internal.http1.Http1ExchangeCodec.readResponseHeaders(Http1ExchangeCodec.java:236)
08-05 21:23:53.690  5206 25691 E baseline.com.newsblur.network.APIResponse: 	at okhttp3.internal.connection.Exchange.readResponseHeaders(Exchange.java:115)
08-05 21:23:53.690  5206 25691 E baseline.com.newsblur.network.APIResponse: 	at okhttp3.internal.http.CallServerInterceptor.intercept(CallServerInterceptor.java:94)
08-05 21:23:53.690  5206 25691 E baseline.com.newsblur.network.APIResponse: 	at okhttp3.internal.http.RealInterceptorChain.proceed(RealInterceptorChain.java:142)
08-05 21:23:53.690  5206 25691 E baseline.com.newsblur.network.APIResponse: 	at okhttp3.internal.connection.ConnectInterceptor.intercept(ConnectInterceptor.java:43)
08-05 21:23:53.690  5206 25691 E baseline.com.newsblur.network.APIResponse: 	at okhttp3.internal.http.RealInterceptorChain.proceed(RealInterceptorChain.java:142)
08-05 21:23:53.690  5206 25691 E baseline.com.newsblur.network.APIResponse: 	at okhttp3.internal.http.RealInterceptorChain.proceed(RealInterceptorChain.java:117)
08-05 21:23:53.690  5206 25691 E baseline.com.newsblur.network.APIResponse: 	at okhttp3.internal.cache.CacheInterceptor.intercept(CacheInterceptor.java:94)
08-05 21:23:53.690  5206 25691 E baseline.com.newsblur.network.APIResponse: 	at okhttp3.internal.http.RealInterceptorChain.proceed(RealInterceptorChain.java:142)
08-05 21:23:53.690  5206 25691 E baseline.com.newsblur.network.APIResponse: 	at okhttp3.internal.http.RealInterceptorChain.proceed(RealInterceptorChain.java:117)
08-05 21:23:53.690  5206 25691 E baseline.com.newsblur.network.APIResponse: 	at okhttp3.internal.http.BridgeInterceptor.intercept(BridgeInterceptor.java:93)
08-05 21:23:53.690  5206 25691 E baseline.com.newsblur.network.APIResponse: 	at okhttp3.internal.http.RealInterceptorChain.proceed(RealInterceptorChain.java:142)
08-05 21:23:53.690  5206 25691 E baseline.com.newsblur.network.APIResponse: 	at okhttp3.internal.http.RetryAndFollowUpInterceptor.intercept(RetryAndFollowUpInterceptor.java:88)
08-05 21:23:53.690  5206 25691 E baseline.com.newsblur.network.APIResponse: 	at okhttp3.internal.http.RealInterceptorChain.proceed(RealInterceptorChain.java:142)
08-05 21:23:53.690  5206 25691 E baseline.com.newsblur.network.APIResponse: 	at okhttp3.internal.http.RealInterceptorChain.proceed(RealInterceptorChain.java:117)
08-05 21:23:53.690  5206 25691 E baseline.com.newsblur.network.APIResponse: 	at okhttp3.RealCall.getResponseWithInterceptorChain(RealCall.java:229)
08-05 21:23:53.690  5206 25691 E baseline.com.newsblur.network.APIResponse: 	at okhttp3.RealCall.execute(RealCall.java:81)
08-05 21:23:53.690  5206 25691 E baseline.com.newsblur.network.APIResponse: 	at baseline.com.newsblur.network.APIResponse.<init>(APIResponse.java:57)
08-05 21:23:53.690  5206 25691 E baseline.com.newsblur.network.APIResponse: 	at baseline.com.newsblur.network.APIManager.get_single(APIManager.java:639)
08-05 21:23:53.690  5206 25691 E baseline.com.newsblur.network.APIResponse: 	at baseline.com.newsblur.network.APIManager.get(APIManager.java:625)
08-05 21:23:53.690  5206 25691 E baseline.com.newsblur.network.APIResponse: 	at baseline.com.newsblur.network.APIManager.get(APIManager.java:667)
08-05 21:23:53.690  5206 25691 E baseline.com.newsblur.network.APIResponse: 	at baseline.com.newsblur.network.APIManager.getFeedUnreadCounts(APIManager.java:274)
08-05 21:23:53.690  5206 25691 E baseline.com.newsblur.network.APIResponse: 	at baseline.com.newsblur.service.NBSyncService.checkRecounts(NBSyncService.java:660)
08-05 21:23:53.690  5206 25691 E baseline.com.newsblur.network.APIResponse: 	at baseline.com.newsblur.service.NBSyncService.doSync(NBSyncService.java:310)
08-05 21:23:53.690  5206 25691 E baseline.com.newsblur.network.APIResponse: 	at baseline.com.newsblur.service.NBSyncService.access$100(NBSyncService.java:67)
08-05 21:23:53.690  5206 25691 E baseline.com.newsblur.network.APIResponse: 	at baseline.com.newsblur.service.NBSyncService$1.run(NBSyncService.java:188)
08-05 21:23:53.690  5206 25691 E baseline.com.newsblur.network.APIResponse: 	at java.util.concurrent.ThreadPoolExecutor.runWorker(ThreadPoolExecutor.java:1113)
08-05 21:23:53.690  5206 25691 E baseline.com.newsblur.network.APIResponse: 	at java.util.concurrent.ThreadPoolExecutor$Worker.run(ThreadPoolExecutor.java:588)
08-05 21:23:53.690  5206 25691 E baseline.com.newsblur.network.APIResponse: 	at java.lang.Thread.run(Thread.java:818)
08-05 21:23:53.690  5206 25691 E baseline.com.newsblur.network.APIResponse: Caused by: java.io.EOFException: \n not found: limit=0 content=
08-05 21:23:53.690  5206 25691 E baseline.com.newsblur.network.APIResponse: 	at okio.RealBufferedSource.readUtf8LineStrict(RealBufferedSource.java:240)
08-05 21:23:53.690  5206 25691 E baseline.com.newsblur.network.APIResponse: 	at okhttp3.internal.http1.Http1ExchangeCodec.readHeaderLine(Http1ExchangeCodec.java:242)
08-05 21:23:53.690  5206 25691 E baseline.com.newsblur.network.APIResponse: 	at okhttp3.internal.http1.Http1ExchangeCodec.readResponseHeaders(Http1ExchangeCodec.java:213)
08-05 21:23:53.690  5206 25691 E baseline.com.newsblur.network.APIResponse: 	... 28 more
08-05 21:23:53.692  5206 25691 I baseline.com.newsblur.network.APIManager: API call failed, pausing before retry number 2
08-05 21:23:53.722 26035 26035 D AndroidRuntime: >>>>>> START com.android.internal.os.RuntimeInit uid 2000 <<<<<<
08-05 21:23:53.729 26035 26035 D AndroidRuntime: CheckJNI is OFF
08-05 21:23:53.772 26035 26035 D ICU     : No timezone override file found: /data/misc/zoneinfo/current/icu/icu_tzdata.dat
08-05 21:23:53.820 26035 26035 I Radio-JNI: register_android_hardware_Radio DONE
08-05 21:23:53.848 26035 26035 D AndroidRuntime: Calling main entry com.android.commands.am.Am
08-05 21:23:53.857 19822 19822 I Trepn   : Trepn 6.2s: Received intent: com.quicinc.trepn.stop_profiling
08-05 21:23:53.888 19822 19822 I Trepn   : Trepn 6.2s: Trepn has Stopped Profiling.
08-05 21:23:53.971 26035 26035 D AndroidRuntime: Shutting down VM
08-05 21:23:53.974   918  3961 W AppOps  : Finishing op nesting under-run: uid 10078 pkg com.quicinc.trepn code 24 time=0 duration=0 nesting=0
08-05 21:23:54.058  5206 24515 I art     : Starting a blocking GC Explicit
08-05 21:23:54.124  5206 24515 I art     : Explicit concurrent mark sweep GC freed 2388(294KB) AllocSpace objects, 3(60KB) LOS objects, 27% free, 41MB/57MB, paused 1.610ms total 65.516ms
08-05 21:23:54.142  5206 24515 I art     : Starting a blocking GC Explicit
08-05 21:23:54.208  5206 24515 I art     : Explicit concurrent mark sweep GC freed 72(2704B) AllocSpace objects, 0(0B) LOS objects, 27% free, 41MB/57MB, paused 1.627ms total 65.919ms
08-05 21:23:54.223  5206 24515 I art     : Starting a blocking GC Explicit
08-05 21:23:54.285  5206 24515 I art     : Explicit concurrent mark sweep GC freed 3(96B) AllocSpace objects, 0(0B) LOS objects, 27% free, 41MB/57MB, paused 1.434ms total 61.969ms
08-05 21:23:54.300  5206 24515 I art     : Starting a blocking GC Explicit
08-05 21:23:54.359  5206 24515 I art     : Explicit concurrent mark sweep GC freed 3(96B) AllocSpace objects, 0(0B) LOS objects, 27% free, 41MB/57MB, paused 1.516ms total 58.522ms
08-05 21:23:54.374  5206 24515 I art     : Starting a blocking GC Explicit
08-05 21:23:54.435  5206 24515 I art     : Explicit concurrent mark sweep GC freed 3(96B) AllocSpace objects, 0(0B) LOS objects, 27% free, 41MB/57MB, paused 1.562ms total 60.149ms
08-05 21:23:55.153 13866 13882 I PeriodicStatsRunner: PeriodicStatsRunner.call():175 call()
08-05 21:23:55.153 13866 13882 I PeriodicStatsRunner: PeriodicStatsRunner.call():179 No submit PeriodicStats since input started.
