--------- beginning of main
08-05 02:44:09.892 15607 15607 D AndroidRuntime: >>>>>> START com.android.internal.os.RuntimeInit uid 2000 <<<<<<
08-05 02:44:09.899 15607 15607 D AndroidRuntime: CheckJNI is OFF
08-05 02:44:09.930 15607 15607 D ICU     : No timezone override file found: /data/misc/zoneinfo/current/icu/icu_tzdata.dat
08-05 02:44:09.976 15607 15607 I Radio-JNI: register_android_hardware_Radio DONE
08-05 02:44:09.995 15607 15607 D AndroidRuntime: Calling main entry com.android.commands.monkey.Monkey
--------- beginning of system
08-05 02:44:10.012   918   931 W BroadcastQueue: Skipping deliver [background] BroadcastRecord{d430e7d u-1 android.net.conn.CONNECTIVITY_CHANGE} to ReceiverList{5a57172 15607 (unknown name)/2000/u-1 remote:a33a227}: process crashing
08-05 02:44:10.023   918  4400 I ActivityManager: START u0 {act=android.intent.action.MAIN cat=[android.intent.category.LAUNCHER] flg=0x10200000 cmp=baseline.com.newsblur/.activity.InitActivity} from uid 2000 on display 0
08-05 02:44:10.068 15616 15616 I art     : Late-enabling -Xcheck:jni
08-05 02:44:10.070   918  6110 I ActivityManager: Start proc 15616:baseline.com.newsblur/u0a676 for activity baseline.com.newsblur/.activity.InitActivity
08-05 02:44:10.092 15607 15607 I art     : System.exit called, status: 0
08-05 02:44:10.092 15607 15607 I AndroidRuntime: VM exiting with result code 0.
08-05 02:44:10.134   719 23718 I PBSessionCacheImpl: Deleted sessionId[3163792008073881] from persistence.
08-05 02:44:10.141   719   760 W SearchServiceCore: Abort, client detached.
08-05 02:44:10.142   719   760 I MicroDetectionState: Should stop hotword detection immediately - true
08-05 02:44:10.153 15616 15616 W System  : ClassLoader referenced unknown path: /data/app/baseline.com.newsblur-1/lib/arm64
08-05 02:44:10.247 15616 15616 I baseline.com.newsblur.activity.InitActivity: cold launching version 9.0b1
08-05 02:44:10.255 15616 15632 D OpenGLRenderer: Use EGL_SWAP_BEHAVIOR_PRESERVED: true
08-05 02:44:10.307 15616 15632 I Adreno  : QUALCOMM build                   : fcf4852, I1af360237c
08-05 02:44:10.307 15616 15632 I Adreno  : Build Date                       : 09/23/15
08-05 02:44:10.307 15616 15632 I Adreno  : OpenGL ES Shader Compiler Version: XE031.05.13.02
08-05 02:44:10.307 15616 15632 I Adreno  : Local Branch                     : mybranch14465806
08-05 02:44:10.307 15616 15632 I Adreno  : Remote Branch                    : quic/LA.BF64.1.2.9_v2
08-05 02:44:10.307 15616 15632 I Adreno  : Remote Branch                    : NONE
08-05 02:44:10.307 15616 15632 I Adreno  : Reconstruct Branch               : NOTHING
08-05 02:44:10.314 15616 15632 I OpenGLRenderer: Initialized EGL, version 1.4
08-05 02:44:10.339   918  4400 I ActivityManager: START u0 {cmp=baseline.com.newsblur/.activity.Main} from uid 10676 on display 0
08-05 02:44:10.352 13866 13866 I GoogleInputMethodServic: GoogleInputMethodService.onFinishInput():3138 
08-05 02:44:10.353 13866 13866 I GoogleInputMethodServic: GoogleInputMethodService.onStartInput():1808 
08-05 02:44:10.598 15616 15616 I art     : Rejecting re-init on previously-failed class java.lang.Class<androidx.core.view.ViewCompat$OnUnhandledKeyEventListenerWrapper>
08-05 02:44:10.599 15616 15616 I art     : Rejecting re-init on previously-failed class java.lang.Class<androidx.core.view.ViewCompat$OnUnhandledKeyEventListenerWrapper>
08-05 02:44:10.632 15616 15616 E BitmapFactory: Unable to decode stream: java.io.FileNotFoundException: /data/user/0/baseline.com.newsblur/cache/userProfilePicture: open failed: ENOENT (No such file or directory)
08-05 02:44:10.914 13866 13866 I GoogleInputMethodServic: GoogleInputMethodService.onFinishInput():3138 
08-05 02:44:10.915 13866 13866 I GoogleInputMethodServic: GoogleInputMethodService.onStartInput():1808 
08-05 02:44:10.917   918   936 I ActivityManager: Displayed baseline.com.newsblur/.activity.Main: +563ms (total +886ms)
08-05 02:44:11.142 23763 23791 I Finsky  : [5855] ktr.run(-1): Stats for Executor: BlockingExecutor kvs@7cda228[Running, pool size = 0, active threads = 0, queued tasks = 0, completed tasks = 95]
08-05 02:44:11.142 23763 23791 I Finsky  : [5855] ktr.run(-1): Stats for Executor: LightweightExecutor kvs@ce66b41[Running, pool size = 4, active threads = 0, queued tasks = 0, completed tasks = 76]
08-05 02:44:11.354 23763 23791 I Finsky  : [5855] ktr.run(-1): Stats for Executor: bgExecutor kvs@80fa8e6[Running, pool size = 4, active threads = 0, queued tasks = 0, completed tasks = 269]
08-05 02:44:11.667 15659 15659 D AndroidRuntime: >>>>>> START com.android.internal.os.RuntimeInit uid 2000 <<<<<<
08-05 02:44:11.674 15659 15659 D AndroidRuntime: CheckJNI is OFF
08-05 02:44:11.714 15659 15659 D ICU     : No timezone override file found: /data/misc/zoneinfo/current/icu/icu_tzdata.dat
08-05 02:44:11.746 15659 15659 I Radio-JNI: register_android_hardware_Radio DONE
08-05 02:44:11.763 15659 15659 D AndroidRuntime: Calling main entry com.android.commands.am.Am
08-05 02:44:11.773 24044 24044 I Trepn   : Trepn 6.2s: Received intent: com.quicinc.trepn.start_profiling
08-05 02:44:11.857 24044 24044 W FileUtils: Failed to chmod(/storage/emulated/0/trepn/Trepn_2020.08.05_024411.db): android.system.ErrnoException: chmod failed: EPERM (Operation not permitted)
08-05 02:44:11.935 24044 24044 I Trepn   : Trepn 6.2s: Trepn has Started Profiling.
08-05 02:44:11.936 15659 15659 D AndroidRuntime: Shutting down VM
08-05 02:44:12.388 15616 15627 I art     : Starting a blocking GC Explicit
08-05 02:44:12.407 15616 15627 I art     : Explicit concurrent mark sweep GC freed 17255(1580KB) AllocSpace objects, 35(972KB) LOS objects, 38% free, 25MB/41MB, paused 180us total 19.629ms
08-05 02:44:12.415 15616 15627 I art     : Starting a blocking GC Explicit
08-05 02:44:12.426 15616 15627 I art     : Explicit concurrent mark sweep GC freed 1419(79KB) AllocSpace objects, 0(0B) LOS objects, 38% free, 25MB/41MB, paused 172us total 11.328ms
08-05 02:44:12.432 15616 15627 I art     : Starting a blocking GC Explicit
08-05 02:44:12.444 15616 15627 I art     : Explicit concurrent mark sweep GC freed 11(400B) AllocSpace objects, 0(0B) LOS objects, 38% free, 25MB/41MB, paused 169us total 11.239ms
08-05 02:44:12.451 15616 15627 I art     : Starting a blocking GC Explicit
08-05 02:44:12.461 15616 15627 I art     : Explicit concurrent mark sweep GC freed 3(96B) AllocSpace objects, 0(0B) LOS objects, 38% free, 25MB/41MB, paused 164us total 10.758ms
08-05 02:44:12.467 15616 15627 I art     : Starting a blocking GC Explicit
08-05 02:44:12.478 15616 15627 I art     : Explicit concurrent mark sweep GC freed 3(96B) AllocSpace objects, 0(0B) LOS objects, 38% free, 25MB/41MB, paused 160us total 10.879ms
08-05 02:44:12.771 15616 15629 I art     : Starting a blocking GC Explicit
08-05 02:44:12.789 15616 15629 I art     : Explicit concurrent mark sweep GC freed 1393(80KB) AllocSpace objects, 1(20KB) LOS objects, 38% free, 25MB/41MB, paused 233us total 17.984ms
08-05 02:44:12.800 15616 15629 I art     : Starting a blocking GC Explicit
08-05 02:44:12.812 15616 15629 I art     : Explicit concurrent mark sweep GC freed 20(704B) AllocSpace objects, 0(0B) LOS objects, 38% free, 25MB/41MB, paused 171us total 11.679ms
08-05 02:44:12.818 15616 15629 I art     : Starting a blocking GC Explicit
08-05 02:44:12.830 15616 15629 I art     : Explicit concurrent mark sweep GC freed 3(96B) AllocSpace objects, 0(0B) LOS objects, 38% free, 25MB/41MB, paused 172us total 11.058ms
08-05 02:44:12.836 15616 15629 I art     : Starting a blocking GC Explicit
08-05 02:44:12.847 15616 15629 I art     : Explicit concurrent mark sweep GC freed 3(96B) AllocSpace objects, 0(0B) LOS objects, 38% free, 25MB/41MB, paused 188us total 10.916ms
08-05 02:44:12.853 15616 15629 I art     : Starting a blocking GC Explicit
08-05 02:44:12.864 15616 15629 I art     : Explicit concurrent mark sweep GC freed 3(96B) AllocSpace objects, 0(0B) LOS objects, 38% free, 25MB/41MB, paused 166us total 10.948ms
08-05 02:44:13.139 15616 15647 I art     : Starting a blocking GC Explicit
08-05 02:44:13.155 15616 15647 I art     : Explicit concurrent mark sweep GC freed 1379(80KB) AllocSpace objects, 1(20KB) LOS objects, 38% free, 25MB/41MB, paused 216us total 16.326ms
08-05 02:44:13.164 15616 15647 I art     : Starting a blocking GC Explicit
08-05 02:44:13.176 15616 15647 I art     : Explicit concurrent mark sweep GC freed 20(704B) AllocSpace objects, 0(0B) LOS objects, 38% free, 25MB/41MB, paused 176us total 11.755ms
08-05 02:44:13.182 15616 15647 I art     : Starting a blocking GC Explicit
08-05 02:44:13.193 15616 15647 I art     : Explicit concurrent mark sweep GC freed 3(96B) AllocSpace objects, 0(0B) LOS objects, 38% free, 25MB/41MB, paused 165us total 10.712ms
08-05 02:44:13.199 15616 15647 I art     : Starting a blocking GC Explicit
08-05 02:44:13.210 15616 15647 I art     : Explicit concurrent mark sweep GC freed 3(96B) AllocSpace objects, 0(0B) LOS objects, 38% free, 25MB/41MB, paused 166us total 10.953ms
08-05 02:44:13.217 15616 15647 I art     : Starting a blocking GC Explicit
08-05 02:44:13.227 15616 15647 I art     : Explicit concurrent mark sweep GC freed 3(96B) AllocSpace objects, 0(0B) LOS objects, 38% free, 25MB/41MB, paused 166us total 10.695ms
08-05 02:44:13.544 15616 15627 I art     : Starting a blocking GC Explicit
08-05 02:44:13.558 15616 15627 I art     : Explicit concurrent mark sweep GC freed 1378(80KB) AllocSpace objects, 1(20KB) LOS objects, 38% free, 25MB/41MB, paused 214us total 14.331ms
08-05 02:44:13.568 15616 15627 I art     : Starting a blocking GC Explicit
08-05 02:44:13.582 15616 15627 I art     : Explicit concurrent mark sweep GC freed 20(704B) AllocSpace objects, 0(0B) LOS objects, 38% free, 25MB/41MB, paused 178us total 13.568ms
08-05 02:44:13.589 15616 15627 I art     : Starting a blocking GC Explicit
08-05 02:44:13.600 15616 15627 I art     : Explicit concurrent mark sweep GC freed 3(96B) AllocSpace objects, 0(0B) LOS objects, 38% free, 25MB/41MB, paused 163us total 11.293ms
08-05 02:44:13.606 15616 15627 I art     : Starting a blocking GC Explicit
08-05 02:44:13.618 15616 15627 I art     : Explicit concurrent mark sweep GC freed 3(96B) AllocSpace objects, 0(0B) LOS objects, 38% free, 25MB/41MB, paused 161us total 10.894ms
08-05 02:44:13.624 15616 15627 I art     : Starting a blocking GC Explicit
08-05 02:44:13.634 15616 15627 I art     : Explicit concurrent mark sweep GC freed 3(96B) AllocSpace objects, 0(0B) LOS objects, 38% free, 25MB/41MB, paused 154us total 10.256ms
08-05 02:44:13.919 15616 15629 I art     : Starting a blocking GC Explicit
08-05 02:44:13.934 15616 15629 I art     : Explicit concurrent mark sweep GC freed 1378(80KB) AllocSpace objects, 1(20KB) LOS objects, 38% free, 25MB/41MB, paused 172us total 14.552ms
08-05 02:44:13.940 15616 15629 I art     : Starting a blocking GC Explicit
08-05 02:44:13.952 15616 15629 I art     : Explicit concurrent mark sweep GC freed 20(704B) AllocSpace objects, 0(0B) LOS objects, 38% free, 25MB/41MB, paused 171us total 11.267ms
08-05 02:44:13.958 15616 15629 I art     : Starting a blocking GC Explicit
08-05 02:44:13.969 15616 15629 I art     : Explicit concurrent mark sweep GC freed 3(96B) AllocSpace objects, 0(0B) LOS objects, 38% free, 25MB/41MB, paused 169us total 10.910ms
08-05 02:44:13.975 15616 15629 I art     : Starting a blocking GC Explicit
08-05 02:44:13.986 15616 15629 I art     : Explicit concurrent mark sweep GC freed 3(96B) AllocSpace objects, 0(0B) LOS objects, 38% free, 25MB/41MB, paused 164us total 10.423ms
08-05 02:44:13.991 15616 15629 I art     : Starting a blocking GC Explicit
08-05 02:44:14.002 15616 15629 I art     : Explicit concurrent mark sweep GC freed 3(96B) AllocSpace objects, 0(0B) LOS objects, 38% free, 25MB/41MB, paused 160us total 10.458ms
08-05 02:44:14.312 15616 15647 I art     : Starting a blocking GC Explicit
08-05 02:44:14.329 15616 15647 I art     : Explicit concurrent mark sweep GC freed 1378(80KB) AllocSpace objects, 1(20KB) LOS objects, 38% free, 25MB/41MB, paused 211us total 16.859ms
08-05 02:44:14.340 15616 15647 I art     : Starting a blocking GC Explicit
08-05 02:44:14.354 15616 15647 I art     : Explicit concurrent mark sweep GC freed 20(704B) AllocSpace objects, 0(0B) LOS objects, 38% free, 25MB/41MB, paused 189us total 13.859ms
08-05 02:44:14.363 15616 15647 I art     : Starting a blocking GC Explicit
08-05 02:44:14.374 15616 15647 I art     : Explicit concurrent mark sweep GC freed 3(96B) AllocSpace objects, 0(0B) LOS objects, 38% free, 25MB/41MB, paused 166us total 10.855ms
08-05 02:44:14.380 15616 15647 I art     : Starting a blocking GC Explicit
08-05 02:44:14.391 15616 15647 I art     : Explicit concurrent mark sweep GC freed 3(96B) AllocSpace objects, 0(0B) LOS objects, 38% free, 25MB/41MB, paused 159us total 10.864ms
08-05 02:44:14.397 15616 15647 I art     : Starting a blocking GC Explicit
08-05 02:44:14.409 15616 15647 I art     : Explicit concurrent mark sweep GC freed 3(96B) AllocSpace objects, 0(0B) LOS objects, 38% free, 25MB/41MB, paused 158us total 10.958ms
08-05 02:44:14.713 15616 15627 I art     : Starting a blocking GC Explicit
08-05 02:44:14.733 15616 15627 I art     : Explicit concurrent mark sweep GC freed 1378(80KB) AllocSpace objects, 1(20KB) LOS objects, 38% free, 25MB/41MB, paused 224us total 19.441ms
08-05 02:44:14.745 15616 15627 I art     : Starting a blocking GC Explicit
08-05 02:44:14.757 15616 15627 I art     : Explicit concurrent mark sweep GC freed 20(704B) AllocSpace objects, 0(0B) LOS objects, 38% free, 25MB/41MB, paused 260us total 11.978ms
08-05 02:44:14.763 15616 15627 I art     : Starting a blocking GC Explicit
08-05 02:44:14.774 15616 15627 I art     : Explicit concurrent mark sweep GC freed 3(96B) AllocSpace objects, 0(0B) LOS objects, 38% free, 25MB/41MB, paused 156us total 10.938ms
08-05 02:44:14.780 15616 15627 I art     : Starting a blocking GC Explicit
08-05 02:44:14.791 15616 15627 I art     : Explicit concurrent mark sweep GC freed 3(96B) AllocSpace objects, 0(0B) LOS objects, 38% free, 25MB/41MB, paused 165us total 10.798ms
08-05 02:44:14.797 15616 15627 I art     : Starting a blocking GC Explicit
08-05 02:44:14.808 15616 15627 I art     : Explicit concurrent mark sweep GC freed 3(96B) AllocSpace objects, 0(0B) LOS objects, 38% free, 25MB/41MB, paused 159us total 10.962ms
08-05 02:44:15.110 15616 15629 I art     : Starting a blocking GC Explicit
08-05 02:44:15.127 15616 15629 I art     : Explicit concurrent mark sweep GC freed 1378(80KB) AllocSpace objects, 1(20KB) LOS objects, 38% free, 25MB/41MB, paused 219us total 15.938ms
08-05 02:44:15.138 15616 15629 I art     : Starting a blocking GC Explicit
08-05 02:44:15.152 15616 15629 I art     : Explicit concurrent mark sweep GC freed 20(704B) AllocSpace objects, 0(0B) LOS objects, 38% free, 25MB/41MB, paused 198us total 14.143ms
08-05 02:44:15.162 15616 15629 I art     : Starting a blocking GC Explicit
08-05 02:44:15.173 15616 15629 I art     : Explicit concurrent mark sweep GC freed 3(96B) AllocSpace objects, 0(0B) LOS objects, 38% free, 25MB/41MB, paused 166us total 11.180ms
08-05 02:44:15.179 15616 15629 I art     : Starting a blocking GC Explicit
08-05 02:44:15.190 15616 15629 I art     : Explicit concurrent mark sweep GC freed 3(96B) AllocSpace objects, 0(0B) LOS objects, 38% free, 25MB/41MB, paused 176us total 10.877ms
08-05 02:44:15.196 15616 15629 I art     : Starting a blocking GC Explicit
08-05 02:44:15.207 15616 15629 I art     : Explicit concurrent mark sweep GC freed 3(96B) AllocSpace objects, 0(0B) LOS objects, 38% free, 25MB/41MB, paused 164us total 11.033ms
08-05 02:44:15.503 15616 15647 I art     : Starting a blocking GC Explicit
08-05 02:44:15.520 15616 15647 I art     : Explicit concurrent mark sweep GC freed 1378(80KB) AllocSpace objects, 1(20KB) LOS objects, 38% free, 25MB/41MB, paused 197us total 16.467ms
08-05 02:44:15.529 15616 15647 I art     : Starting a blocking GC Explicit
08-05 02:44:15.540 15616 15647 I art     : Explicit concurrent mark sweep GC freed 20(704B) AllocSpace objects, 0(0B) LOS objects, 38% free, 25MB/41MB, paused 167us total 11.279ms
08-05 02:44:15.547 15616 15647 I art     : Starting a blocking GC Explicit
08-05 02:44:15.558 15616 15647 I art     : Explicit concurrent mark sweep GC freed 3(96B) AllocSpace objects, 0(0B) LOS objects, 38% free, 25MB/41MB, paused 152us total 10.979ms
08-05 02:44:15.564 15616 15647 I art     : Starting a blocking GC Explicit
08-05 02:44:15.575 15616 15647 I art     : Explicit concurrent mark sweep GC freed 3(96B) AllocSpace objects, 0(0B) LOS objects, 38% free, 25MB/41MB, paused 162us total 11.023ms
08-05 02:44:15.581 15616 15647 I art     : Starting a blocking GC Explicit
08-05 02:44:15.592 15616 15647 I art     : Explicit concurrent mark sweep GC freed 3(96B) AllocSpace objects, 0(0B) LOS objects, 38% free, 25MB/41MB, paused 161us total 10.875ms
08-05 02:44:15.903 15616 15627 I art     : Starting a blocking GC Explicit
08-05 02:44:15.923 15616 15627 I art     : Explicit concurrent mark sweep GC freed 1378(80KB) AllocSpace objects, 1(20KB) LOS objects, 38% free, 25MB/41MB, paused 244us total 18.883ms
08-05 02:44:15.933 15616 15627 I art     : Starting a blocking GC Explicit
08-05 02:44:15.945 15616 15627 I art     : Explicit concurrent mark sweep GC freed 20(704B) AllocSpace objects, 0(0B) LOS objects, 38% free, 25MB/41MB, paused 179us total 11.611ms
08-05 02:44:15.952 15616 15627 I art     : Starting a blocking GC Explicit
08-05 02:44:15.963 15616 15627 I art     : Explicit concurrent mark sweep GC freed 3(96B) AllocSpace objects, 0(0B) LOS objects, 38% free, 25MB/41MB, paused 158us total 10.838ms
08-05 02:44:15.969 15616 15627 I art     : Starting a blocking GC Explicit
08-05 02:44:15.980 15616 15627 I art     : Explicit concurrent mark sweep GC freed 3(96B) AllocSpace objects, 0(0B) LOS objects, 38% free, 25MB/41MB, paused 162us total 10.872ms
08-05 02:44:15.986 15616 15627 I art     : Starting a blocking GC Explicit
08-05 02:44:15.997 15616 15627 I art     : Explicit concurrent mark sweep GC freed 3(96B) AllocSpace objects, 0(0B) LOS objects, 38% free, 25MB/41MB, paused 220us total 10.648ms
08-05 02:44:16.258 15616 15629 I art     : Starting a blocking GC Explicit
08-05 02:44:16.271 15616 15629 I art     : Explicit concurrent mark sweep GC freed 1377(80KB) AllocSpace objects, 1(20KB) LOS objects, 38% free, 25MB/41MB, paused 206us total 12.849ms
08-05 02:44:16.278 15616 15629 I art     : Starting a blocking GC Explicit
08-05 02:44:16.289 15616 15629 I art     : Explicit concurrent mark sweep GC freed 20(704B) AllocSpace objects, 0(0B) LOS objects, 38% free, 25MB/41MB, paused 180us total 10.928ms
08-05 02:44:16.295 15616 15629 I art     : Starting a blocking GC Explicit
08-05 02:44:16.307 15616 15629 I art     : Explicit concurrent mark sweep GC freed 3(96B) AllocSpace objects, 0(0B) LOS objects, 38% free, 25MB/41MB, paused 223us total 10.894ms
08-05 02:44:16.313 15616 15629 I art     : Starting a blocking GC Explicit
08-05 02:44:16.324 15616 15629 I art     : Explicit concurrent mark sweep GC freed 3(96B) AllocSpace objects, 0(0B) LOS objects, 38% free, 25MB/41MB, paused 171us total 11.242ms
08-05 02:44:16.331 15616 15629 I art     : Starting a blocking GC Explicit
08-05 02:44:16.341 15616 15629 I art     : Explicit concurrent mark sweep GC freed 3(96B) AllocSpace objects, 0(0B) LOS objects, 38% free, 25MB/41MB, paused 162us total 10.240ms
08-05 02:44:16.646 15616 15647 I art     : Starting a blocking GC Explicit
08-05 02:44:16.659 15616 15647 I art     : Explicit concurrent mark sweep GC freed 1378(80KB) AllocSpace objects, 1(20KB) LOS objects, 38% free, 25MB/41MB, paused 204us total 13.309ms
08-05 02:44:16.666 15616 15647 I art     : Starting a blocking GC Explicit
08-05 02:44:16.678 15616 15647 I art     : Explicit concurrent mark sweep GC freed 20(704B) AllocSpace objects, 0(0B) LOS objects, 38% free, 25MB/41MB, paused 154us total 11.376ms
08-05 02:44:16.684 15616 15647 I art     : Starting a blocking GC Explicit
08-05 02:44:16.694 15616 15647 I art     : Explicit concurrent mark sweep GC freed 3(96B) AllocSpace objects, 0(0B) LOS objects, 38% free, 25MB/41MB, paused 151us total 9.562ms
08-05 02:44:16.699 15616 15647 I art     : Starting a blocking GC Explicit
08-05 02:44:16.709 15616 15647 I art     : Explicit concurrent mark sweep GC freed 3(96B) AllocSpace objects, 0(0B) LOS objects, 38% free, 25MB/41MB, paused 157us total 9.939ms
08-05 02:44:16.715 15616 15647 I art     : Starting a blocking GC Explicit
08-05 02:44:16.724 15616 15647 I art     : Explicit concurrent mark sweep GC freed 3(96B) AllocSpace objects, 0(0B) LOS objects, 38% free, 25MB/41MB, paused 152us total 9.307ms
08-05 02:44:17.012 15616 15627 I art     : Starting a blocking GC Explicit
08-05 02:44:17.014 15820 15820 D AndroidRuntime: >>>>>> START com.android.internal.os.RuntimeInit uid 2000 <<<<<<
08-05 02:44:17.018 15820 15820 D AndroidRuntime: CheckJNI is OFF
08-05 02:44:17.024 15616 15627 I art     : Explicit concurrent mark sweep GC freed 1378(80KB) AllocSpace objects, 1(20KB) LOS objects, 38% free, 25MB/41MB, paused 180us total 11.603ms
08-05 02:44:17.030 15616 15627 I art     : Starting a blocking GC Explicit
08-05 02:44:17.041 15616 15627 I art     : Explicit concurrent mark sweep GC freed 20(704B) AllocSpace objects, 0(0B) LOS objects, 38% free, 25MB/41MB, paused 164us total 10.315ms
08-05 02:44:17.046 15616 15627 I art     : Starting a blocking GC Explicit
08-05 02:44:17.048 15820 15820 D ICU     : No timezone override file found: /data/misc/zoneinfo/current/icu/icu_tzdata.dat
08-05 02:44:17.058 15616 15627 I art     : Explicit concurrent mark sweep GC freed 3(96B) AllocSpace objects, 0(0B) LOS objects, 38% free, 25MB/41MB, paused 665us total 11.061ms
08-05 02:44:17.063 15616 15627 I art     : Starting a blocking GC Explicit
08-05 02:44:17.073 15616 15627 I art     : Explicit concurrent mark sweep GC freed 3(96B) AllocSpace objects, 0(0B) LOS objects, 38% free, 25MB/41MB, paused 171us total 9.695ms
08-05 02:44:17.073 15820 15820 I Radio-JNI: register_android_hardware_Radio DONE
08-05 02:44:17.078 15616 15627 I art     : Starting a blocking GC Explicit
08-05 02:44:17.088 15616 15627 I art     : Explicit concurrent mark sweep GC freed 3(96B) AllocSpace objects, 0(0B) LOS objects, 38% free, 25MB/41MB, paused 158us total 10.032ms
08-05 02:44:17.089 15820 15820 D AndroidRuntime: Calling main entry com.android.commands.input.Input
08-05 02:44:17.091 15820 15820 I Input   : injectMotionEvent: MotionEvent { action=ACTION_DOWN, actionButton=0, id[0]=0, x[0]=594.0, y[0]=330.0, toolType[0]=TOOL_TYPE_UNKNOWN, buttonState=0, metaState=0, flags=0x0, edgeFlags=0x0, pointerCount=1, historySize=0, eventTime=758673504, downTime=758673504, deviceId=0, source=0x1002 }
08-05 02:44:17.099 15820 15820 I Input   : injectMotionEvent: MotionEvent { action=ACTION_UP, actionButton=0, id[0]=0, x[0]=594.0, y[0]=330.0, toolType[0]=TOOL_TYPE_UNKNOWN, buttonState=0, metaState=0, flags=0x0, edgeFlags=0x0, pointerCount=1, historySize=0, eventTime=758673504, downTime=758673504, deviceId=0, source=0x1002 }
08-05 02:44:17.101 15820 15820 D AndroidRuntime: Shutting down VM
08-05 02:44:17.170   918  6111 I ActivityManager: START u0 {cmp=baseline.com.newsblur/.activity.GlobalSharedStoriesItemsList (has extras)} from uid 10676 on display 0
08-05 02:44:17.193 15616 15843 I baseline.com.newsblur.database.BlurDatabaseHelper: reading session reset
08-05 02:44:17.286   918  1210 D NetlinkSocketObserver: NeighborEvent{elapsedMs=1742061161, 192.168.2.254, [7C3953A63323], RTM_NEWNEIGH, NUD_PROBE}
08-05 02:44:17.305 15616 15629 I art     : Starting a blocking GC Explicit
08-05 02:44:17.319 15616 15629 I art     : Explicit concurrent mark sweep GC freed 7028(563KB) AllocSpace objects, 8(284KB) LOS objects, 37% free, 27MB/43MB, paused 191us total 13.398ms
08-05 02:44:17.326 15616 15629 I art     : Starting a blocking GC Explicit
08-05 02:44:17.341 15616 15629 I art     : Explicit concurrent mark sweep GC freed 597(48KB) AllocSpace objects, 1(20KB) LOS objects, 37% free, 27MB/43MB, paused 417us total 15.199ms
08-05 02:44:17.344 15616 15616 W View    : requestLayout() improperly called by android.widget.FrameLayout{bac4e7f V.E...... ......ID 0,0-1440,0 #7f07003f app:id/footer_view_inner} during layout: running second layout pass
08-05 02:44:17.344 15616 15616 W View    : requestLayout() improperly called by android.widget.FrameLayout{d824e4c V.E...... ......ID 0,0-1440,2091 #7f07003f app:id/footer_view_inner} during layout: running second layout pass
08-05 02:44:17.348 15616 15629 I art     : Starting a blocking GC Explicit
08-05 02:44:17.361 15616 15629 I art     : Explicit concurrent mark sweep GC freed 146(13KB) AllocSpace objects, 0(0B) LOS objects, 37% free, 27MB/43MB, paused 235us total 13.005ms
08-05 02:44:17.366   918   936 I ActivityManager: Displayed baseline.com.newsblur/.activity.GlobalSharedStoriesItemsList: +188ms
08-05 02:44:17.366 13866 13866 I GoogleInputMethodServic: GoogleInputMethodService.onFinishInput():3138 
08-05 02:44:17.367 13866 13866 I GoogleInputMethodServic: GoogleInputMethodService.onStartInput():1808 
08-05 02:44:17.367 15616 15629 I art     : Starting a blocking GC Explicit
08-05 02:44:17.382 15616 15629 I art     : Explicit concurrent mark sweep GC freed 1652(133KB) AllocSpace objects, 5(100KB) LOS objects, 37% free, 27MB/43MB, paused 572us total 14.845ms
08-05 02:44:17.389 15616 15629 I art     : Starting a blocking GC Explicit
08-05 02:44:17.403 15616 15629 I art     : Explicit concurrent mark sweep GC freed 294(33KB) AllocSpace objects, 0(0B) LOS objects, 37% free, 27MB/43MB, paused 237us total 12.886ms
08-05 02:44:17.622 15616 15627 I art     : Starting a blocking GC Explicit
08-05 02:44:17.638 15616 15627 I art     : Explicit concurrent mark sweep GC freed 1739(117KB) AllocSpace objects, 2(40KB) LOS objects, 37% free, 27MB/43MB, paused 329us total 16.143ms
08-05 02:44:17.645 15616 15627 I art     : Starting a blocking GC Explicit
08-05 02:44:17.657 15616 15627 I art     : Explicit concurrent mark sweep GC freed 135(5KB) AllocSpace objects, 0(0B) LOS objects, 37% free, 27MB/43MB, paused 251us total 11.659ms
08-05 02:44:17.662 15616 15627 I art     : Starting a blocking GC Explicit
08-05 02:44:17.673 15616 15627 I art     : Explicit concurrent mark sweep GC freed 4(128B) AllocSpace objects, 0(0B) LOS objects, 37% free, 27MB/43MB, paused 222us total 10.575ms
08-05 02:44:17.678 15616 15627 I art     : Starting a blocking GC Explicit
08-05 02:44:17.689 15616 15627 I art     : Explicit concurrent mark sweep GC freed 4(128B) AllocSpace objects, 0(0B) LOS objects, 37% free, 27MB/43MB, paused 206us total 10.791ms
08-05 02:44:17.695 15616 15627 I art     : Starting a blocking GC Explicit
08-05 02:44:17.705 15616 15627 I art     : Explicit concurrent mark sweep GC freed 4(128B) AllocSpace objects, 0(0B) LOS objects, 37% free, 27MB/43MB, paused 203us total 10.475ms
08-05 02:44:17.966 15616 15627 I art     : Starting a blocking GC Explicit
08-05 02:44:17.971 15616 15855 I NAPPA_EXPERIMENTATION: MetricNetworkRequestExecutionTime: REQUEST_DURATION_SYSTEM='588',REQUEST_DURATION_OKHTTP='51',REQUEST_SYNCHRONOUS='TRUE',RESPONSE_CODE='200',RESPONSE_METHOD='GET',RESPONSE_LENGTH_OKHTTP='-1',RESPONSE_LENGTH_HEADER='13047',REQUEST_PROTOCOL='http/1.1',REQUEST_URL='https://www.newsblur.com/social/river_stories?order=newest&page=1&read_filter=all&global_feed=true',
08-05 02:44:17.971 15616 15855 D MY_TAG  : 1, 588
08-05 02:44:17.981 15616 15627 I art     : Explicit concurrent mark sweep GC freed 4123(259KB) AllocSpace objects, 4(220KB) LOS objects, 36% free, 27MB/43MB, paused 409us total 15.115ms
08-05 02:44:17.988 15616 15627 I art     : Starting a blocking GC Explicit
08-05 02:44:18.001 15616 15627 I art     : Explicit concurrent mark sweep GC freed 8810(527KB) AllocSpace objects, 5(232KB) LOS objects, 36% free, 27MB/43MB, paused 430us total 13.452ms
08-05 02:44:18.007 15616 15627 I art     : Starting a blocking GC Explicit
08-05 02:44:18.030 15616 15627 I art     : Explicit concurrent mark sweep GC freed 7245(497KB) AllocSpace objects, 5(96KB) LOS objects, 36% free, 27MB/43MB, paused 1.441ms total 22.635ms
08-05 02:44:18.036 15616 15627 I art     : Starting a blocking GC Explicit
08-05 02:44:18.050 15616 15627 I art     : Explicit concurrent mark sweep GC freed 12845(757KB) AllocSpace objects, 6(120KB) LOS objects, 36% free, 27MB/43MB, paused 405us total 14.324ms
08-05 02:44:18.056 15616 15627 I art     : Starting a blocking GC Explicit
08-05 02:44:18.069 15616 15627 I art     : Explicit concurrent mark sweep GC freed 2923(254KB) AllocSpace objects, 4(168KB) LOS objects, 36% free, 27MB/43MB, paused 219us total 12.378ms
08-05 02:44:18.258 15616 15885 I NAPPA_EXPERIMENTATION: MetricNetworkRequestExecutionTime: REQUEST_DURATION_SYSTEM='111',REQUEST_DURATION_OKHTTP='106',REQUEST_SYNCHRONOUS='TRUE',RESPONSE_CODE='200',RESPONSE_METHOD='GET',RESPONSE_LENGTH_OKHTTP='43',RESPONSE_LENGTH_HEADER='43',REQUEST_PROTOCOL='http/1.1',REQUEST_URL='http://feeds.feedburner.com/~r/retort/~4/UffaFMiJbNs',
08-05 02:44:18.339 15616 15629 I art     : Starting a blocking GC Explicit
08-05 02:44:18.362 15616 15629 I art     : Explicit concurrent mark sweep GC freed 21057(1282KB) AllocSpace objects, 28(700KB) LOS objects, 35% free, 28MB/44MB, paused 828us total 23.381ms
08-05 02:44:18.370 15616 15629 I art     : Starting a blocking GC Explicit
08-05 02:44:18.386 15616 15629 I art     : Explicit concurrent mark sweep GC freed 4124(333KB) AllocSpace objects, 0(0B) LOS objects, 36% free, 28MB/44MB, paused 575us total 15.472ms
08-05 02:44:18.392 15616 15629 I art     : Starting a blocking GC Explicit
08-05 02:44:18.407 15616 15629 I art     : Explicit concurrent mark sweep GC freed 71(2480B) AllocSpace objects, 0(0B) LOS objects, 36% free, 28MB/44MB, paused 567us total 14.344ms
08-05 02:44:18.412 15616 15629 I art     : Starting a blocking GC Explicit
08-05 02:44:18.426 15616 15629 I art     : Explicit concurrent mark sweep GC freed 75(3KB) AllocSpace objects, 0(0B) LOS objects, 36% free, 28MB/44MB, paused 520us total 13.873ms
08-05 02:44:18.432 15616 15629 I art     : Starting a blocking GC Explicit
08-05 02:44:18.448 15616 15629 I art     : Explicit concurrent mark sweep GC freed 7(240B) AllocSpace objects, 0(0B) LOS objects, 36% free, 28MB/44MB, paused 714us total 15.248ms
08-05 02:44:18.480   918  3261 D WifiStateMachine: starting scan for "H369AA63323"WPA_PSK with 2412,5180
08-05 02:44:18.587 15616 15889 I NAPPA_EXPERIMENTATION: MetricNetworkRequestExecutionTime: REQUEST_DURATION_SYSTEM='423',REQUEST_DURATION_OKHTTP='233',REQUEST_SYNCHRONOUS='TRUE',RESPONSE_CODE='200',RESPONSE_METHOD='GET',RESPONSE_LENGTH_OKHTTP='56376',RESPONSE_LENGTH_HEADER='56376',REQUEST_PROTOCOL='h2',REQUEST_URL='https://images.fastcompany.net/image/upload/w_1280,q_auto,f_auto,fl_lossy/wp-cms/uploads/2020/07/p-1-quit-after-covid.jpg',
08-05 02:44:18.590 15616 15891 I NAPPA_EXPERIMENTATION: MetricNetworkRequestExecutionTime: REQUEST_DURATION_SYSTEM='416',REQUEST_DURATION_OKHTTP='228',REQUEST_SYNCHRONOUS='TRUE',RESPONSE_CODE='200',RESPONSE_METHOD='GET',RESPONSE_LENGTH_OKHTTP='24098',RESPONSE_LENGTH_HEADER='24098',REQUEST_PROTOCOL='h2',REQUEST_URL='https://i.cbc.ca/1.5665164.1595891792!/cpImage/httpImage/image.jpg_gen/derivatives/16x9_460/ont-windsor-hum-20200727.jpg',
08-05 02:44:18.596 15616 15887 I NAPPA_EXPERIMENTATION: MetricNetworkRequestExecutionTime: REQUEST_DURATION_SYSTEM='439',REQUEST_DURATION_OKHTTP='243',REQUEST_SYNCHRONOUS='TRUE',RESPONSE_CODE='200',RESPONSE_METHOD='GET',RESPONSE_LENGTH_OKHTTP='79351',RESPONSE_LENGTH_HEADER='79351',REQUEST_PROTOCOL='h2',REQUEST_URL='https://images.fastcompany.net/image/upload/w_1280,q_auto,f_auto,fl_lossy/wp-cms/uploads/2020/07/p-1-90532920-this-chart-shows-how-effective-masks-can-be.png',
08-05 02:44:18.610 15616 15894 I NAPPA_EXPERIMENTATION: MetricNetworkRequestExecutionTime: REQUEST_DURATION_SYSTEM='428',REQUEST_DURATION_OKHTTP='250',REQUEST_SYNCHRONOUS='TRUE',RESPONSE_CODE='200',RESPONSE_METHOD='GET',RESPONSE_LENGTH_OKHTTP='1883',RESPONSE_LENGTH_HEADER='1883',REQUEST_PROTOCOL='h2',REQUEST_URL='https://pbs.twimg.com/profile_images/847818629840228354/VXyQHfn0_normal.jpg',
08-05 02:44:18.714 15616 15629 I art     : Starting a blocking GC Explicit
08-05 02:44:18.733 15616 15629 I art     : Explicit concurrent mark sweep GC freed 15752(773KB) AllocSpace objects, 16(7MB) LOS objects, 33% free, 32MB/48MB, paused 488us total 18.238ms
08-05 02:44:18.736 15616 15884 I NAPPA_EXPERIMENTATION: MetricNetworkRequestExecutionTime: REQUEST_DURATION_SYSTEM='617',REQUEST_DURATION_OKHTTP='79',REQUEST_SYNCHRONOUS='TRUE',RESPONSE_CODE='200',RESPONSE_METHOD='GET',RESPONSE_LENGTH_OKHTTP='145',RESPONSE_LENGTH_HEADER='145',REQUEST_PROTOCOL='http/1.1',REQUEST_URL='https://s3.amazonaws.com/icons.newsblur.com/6882243.png',
08-05 02:44:18.740 15616 15629 I art     : Starting a blocking GC Explicit
08-05 02:44:18.754 15616 15629 I art     : Explicit concurrent mark sweep GC freed 561(39KB) AllocSpace objects, 1(20KB) LOS objects, 33% free, 32MB/48MB, paused 460us total 14.323ms
08-05 02:44:18.760 15616 15629 I art     : Starting a blocking GC Explicit
08-05 02:44:18.774 15616 15629 I art     : Explicit concurrent mark sweep GC freed 39(2208B) AllocSpace objects, 2(40KB) LOS objects, 33% free, 32MB/48MB, paused 454us total 14.100ms
08-05 02:44:18.780 15616 15629 I art     : Starting a blocking GC Explicit
08-05 02:44:18.783 15616 15893 I NAPPA_EXPERIMENTATION: MetricNetworkRequestExecutionTime: REQUEST_DURATION_SYSTEM='629',REQUEST_DURATION_OKHTTP='122',REQUEST_SYNCHRONOUS='TRUE',RESPONSE_CODE='200',RESPONSE_METHOD='GET',RESPONSE_LENGTH_OKHTTP='2228',RESPONSE_LENGTH_HEADER='2228',REQUEST_PROTOCOL='http/1.1',REQUEST_URL='https://s3.amazonaws.com/icons.newsblur.com/7702341.png',
08-05 02:44:18.789 15616 15890 I NAPPA_EXPERIMENTATION: MetricNetworkRequestExecutionTime: REQUEST_DURATION_SYSTEM='644',REQUEST_DURATION_OKHTTP='121',REQUEST_SYNCHRONOUS='TRUE',RESPONSE_CODE='200',RESPONSE_METHOD='GET',RESPONSE_LENGTH_OKHTTP='477',RESPONSE_LENGTH_HEADER='477',REQUEST_PROTOCOL='http/1.1',REQUEST_URL='https://s3.amazonaws.com/icons.newsblur.com/5762506.png',
08-05 02:44:18.794 15616 15629 I art     : Explicit concurrent mark sweep GC freed 535(60KB) AllocSpace objects, 4(80KB) LOS objects, 33% free, 32MB/48MB, paused 433us total 13.807ms
08-05 02:44:18.801 15616 15629 I art     : Starting a blocking GC Explicit
08-05 02:44:18.810 15616 15886 I NAPPA_EXPERIMENTATION: MetricNetworkRequestExecutionTime: REQUEST_DURATION_SYSTEM='682',REQUEST_DURATION_OKHTTP='141',REQUEST_SYNCHRONOUS='TRUE',RESPONSE_CODE='200',RESPONSE_METHOD='GET',RESPONSE_LENGTH_OKHTTP='243',RESPONSE_LENGTH_HEADER='243',REQUEST_PROTOCOL='http/1.1',REQUEST_URL='https://s3.amazonaws.com/icons.newsblur.com/18178.png',
08-05 02:44:18.815 15616 15629 I art     : Explicit concurrent mark sweep GC freed 295(30KB) AllocSpace objects, 1(20KB) LOS objects, 33% free, 32MB/48MB, paused 455us total 14.487ms
08-05 02:44:18.830 15616 15895 I NAPPA_EXPERIMENTATION: MetricNetworkRequestExecutionTime: REQUEST_DURATION_SYSTEM='667',REQUEST_DURATION_OKHTTP='159',REQUEST_SYNCHRONOUS='TRUE',RESPONSE_CODE='200',RESPONSE_METHOD='GET',RESPONSE_LENGTH_OKHTTP='796',RESPONSE_LENGTH_HEADER='796',REQUEST_PROTOCOL='http/1.1',REQUEST_URL='https://s3.amazonaws.com/icons.newsblur.com/6326827.png',
08-05 02:44:18.858 15616 15888 I NAPPA_EXPERIMENTATION: MetricNetworkRequestExecutionTime: REQUEST_DURATION_SYSTEM='721',REQUEST_DURATION_OKHTTP='193',REQUEST_SYNCHRONOUS='TRUE',RESPONSE_CODE='200',RESPONSE_METHOD='GET',RESPONSE_LENGTH_OKHTTP='477',RESPONSE_LENGTH_HEADER='477',REQUEST_PROTOCOL='http/1.1',REQUEST_URL='https://s3.amazonaws.com/icons.newsblur.com/5762506.png',
08-05 02:44:19.079 15616 15627 I art     : Starting a blocking GC Explicit
08-05 02:44:19.098 15616 15627 I art     : Explicit concurrent mark sweep GC freed 2904(258KB) AllocSpace objects, 11(220KB) LOS objects, 33% free, 32MB/48MB, paused 345us total 18.261ms
08-05 02:44:19.107 15616 15627 I art     : Starting a blocking GC Explicit
08-05 02:44:19.123 15616 15627 I art     : Explicit concurrent mark sweep GC freed 277(9KB) AllocSpace objects, 0(0B) LOS objects, 33% free, 32MB/48MB, paused 334us total 15.442ms
08-05 02:44:19.130 15616 15627 I art     : Starting a blocking GC Explicit
08-05 02:44:19.144 15616 15627 I art     : Explicit concurrent mark sweep GC freed 3(96B) AllocSpace objects, 0(0B) LOS objects, 33% free, 32MB/48MB, paused 315us total 14.210ms
08-05 02:44:19.151 15616 15627 I art     : Starting a blocking GC Explicit
08-05 02:44:19.165 15616 15627 I art     : Explicit concurrent mark sweep GC freed 3(96B) AllocSpace objects, 0(0B) LOS objects, 33% free, 32MB/48MB, paused 312us total 14.343ms
08-05 02:44:19.171 15616 15627 I art     : Starting a blocking GC Explicit
08-05 02:44:19.186 15616 15627 I art     : Explicit concurrent mark sweep GC freed 3(96B) AllocSpace objects, 0(0B) LOS objects, 33% free, 32MB/48MB, paused 320us total 14.926ms
08-05 02:44:19.479 15616 15629 I art     : Starting a blocking GC Explicit
08-05 02:44:19.495 15616 15629 I art     : Explicit concurrent mark sweep GC freed 1387(80KB) AllocSpace objects, 1(20KB) LOS objects, 33% free, 32MB/48MB, paused 350us total 16.629ms
08-05 02:44:19.502 15616 15629 I art     : Starting a blocking GC Explicit
08-05 02:44:19.518 15616 15629 I art     : Explicit concurrent mark sweep GC freed 20(704B) AllocSpace objects, 0(0B) LOS objects, 33% free, 32MB/48MB, paused 304us total 15.372ms
08-05 02:44:19.525 15616 15629 I art     : Starting a blocking GC Explicit
08-05 02:44:19.540 15616 15629 I art     : Explicit concurrent mark sweep GC freed 3(96B) AllocSpace objects, 0(0B) LOS objects, 33% free, 32MB/48MB, paused 322us total 15.468ms
08-05 02:44:19.547 15616 15629 I art     : Starting a blocking GC Explicit
08-05 02:44:19.563 15616 15629 I art     : Explicit concurrent mark sweep GC freed 3(96B) AllocSpace objects, 0(0B) LOS objects, 33% free, 32MB/48MB, paused 393us total 15.297ms
08-05 02:44:19.569 15616 15629 I art     : Starting a blocking GC Explicit
08-05 02:44:19.585 15616 15629 I art     : Explicit concurrent mark sweep GC freed 3(96B) AllocSpace objects, 0(0B) LOS objects, 33% free, 32MB/48MB, paused 314us total 15.265ms
08-05 02:44:19.900 15616 15856 I art     : Starting a blocking GC Explicit
08-05 02:44:19.919 15616 15856 I art     : Explicit concurrent mark sweep GC freed 1386(80KB) AllocSpace objects, 1(20KB) LOS objects, 33% free, 32MB/48MB, paused 350us total 18.819ms
08-05 02:44:19.926 15616 15856 I art     : Starting a blocking GC Explicit
08-05 02:44:19.940 15616 15856 I art     : Explicit concurrent mark sweep GC freed 20(704B) AllocSpace objects, 0(0B) LOS objects, 33% free, 32MB/48MB, paused 321us total 14.317ms
08-05 02:44:19.946 15616 15856 I art     : Starting a blocking GC Explicit
08-05 02:44:19.961 15616 15856 I art     : Explicit concurrent mark sweep GC freed 3(96B) AllocSpace objects, 0(0B) LOS objects, 33% free, 32MB/48MB, paused 310us total 14.201ms
08-05 02:44:19.967 15616 15856 I art     : Starting a blocking GC Explicit
08-05 02:44:19.981 15616 15856 I art     : Explicit concurrent mark sweep GC freed 3(96B) AllocSpace objects, 0(0B) LOS objects, 33% free, 32MB/48MB, paused 319us total 14.116ms
08-05 02:44:19.988 15616 15856 I art     : Starting a blocking GC Explicit
08-05 02:44:20.002 15616 15856 I art     : Explicit concurrent mark sweep GC freed 3(96B) AllocSpace objects, 0(0B) LOS objects, 33% free, 32MB/48MB, paused 319us total 14.311ms
08-05 02:44:20.315 15616 15647 I art     : Starting a blocking GC Explicit
08-05 02:44:20.333 15616 15647 I art     : Explicit concurrent mark sweep GC freed 1386(80KB) AllocSpace objects, 1(20KB) LOS objects, 33% free, 32MB/48MB, paused 347us total 18.034ms
08-05 02:44:20.343 15616 15647 I art     : Starting a blocking GC Explicit
08-05 02:44:20.356 15616 15647 I art     : Explicit concurrent mark sweep GC freed 20(704B) AllocSpace objects, 0(0B) LOS objects, 33% free, 32MB/48MB, paused 290us total 13.279ms
08-05 02:44:20.363 15616 15647 I art     : Starting a blocking GC Explicit
08-05 02:44:20.377 15616 15647 I art     : Explicit concurrent mark sweep GC freed 3(96B) AllocSpace objects, 0(0B) LOS objects, 33% free, 32MB/48MB, paused 323us total 14.008ms
08-05 02:44:20.383 15616 15647 I art     : Starting a blocking GC Explicit
08-05 02:44:20.398 15616 15647 I art     : Explicit concurrent mark sweep GC freed 3(96B) AllocSpace objects, 0(0B) LOS objects, 33% free, 32MB/48MB, paused 309us total 14.292ms
08-05 02:44:20.404 15616 15647 I art     : Starting a blocking GC Explicit
08-05 02:44:20.418 15616 15647 I art     : Explicit concurrent mark sweep GC freed 3(96B) AllocSpace objects, 0(0B) LOS objects, 33% free, 32MB/48MB, paused 313us total 14.379ms
08-05 02:44:20.741 15616 15627 I art     : Starting a blocking GC Explicit
08-05 02:44:20.759 15616 15627 I art     : Explicit concurrent mark sweep GC freed 1386(80KB) AllocSpace objects, 1(20KB) LOS objects, 33% free, 32MB/48MB, paused 350us total 17.806ms
08-05 02:44:20.768 15616 15627 I art     : Starting a blocking GC Explicit
08-05 02:44:20.783 15616 15627 I art     : Explicit concurrent mark sweep GC freed 20(704B) AllocSpace objects, 0(0B) LOS objects, 33% free, 32MB/48MB, paused 313us total 14.673ms
08-05 02:44:20.789 15616 15627 I art     : Starting a blocking GC Explicit
08-05 02:44:20.803 15616 15627 I art     : Explicit concurrent mark sweep GC freed 3(96B) AllocSpace objects, 0(0B) LOS objects, 33% free, 32MB/48MB, paused 313us total 14.268ms
08-05 02:44:20.809 15616 15627 I art     : Starting a blocking GC Explicit
08-05 02:44:20.824 15616 15627 I art     : Explicit concurrent mark sweep GC freed 3(96B) AllocSpace objects, 0(0B) LOS objects, 33% free, 32MB/48MB, paused 312us total 14.762ms
08-05 02:44:20.831 15616 15627 I art     : Starting a blocking GC Explicit
08-05 02:44:20.845 15616 15627 I art     : Explicit concurrent mark sweep GC freed 3(96B) AllocSpace objects, 0(0B) LOS objects, 33% free, 32MB/48MB, paused 316us total 14.388ms
08-05 02:44:21.158 15616 15629 I art     : Starting a blocking GC Explicit
08-05 02:44:21.176 15616 15629 I art     : Explicit concurrent mark sweep GC freed 1387(80KB) AllocSpace objects, 1(20KB) LOS objects, 33% free, 32MB/48MB, paused 353us total 17.826ms
08-05 02:44:21.183 15616 15629 I art     : Starting a blocking GC Explicit
08-05 02:44:21.199 15616 15629 I art     : Explicit concurrent mark sweep GC freed 20(704B) AllocSpace objects, 0(0B) LOS objects, 33% free, 32MB/48MB, paused 328us total 15.642ms
08-05 02:44:21.205 15616 15629 I art     : Starting a blocking GC Explicit
08-05 02:44:21.220 15616 15629 I art     : Explicit concurrent mark sweep GC freed 3(96B) AllocSpace objects, 0(0B) LOS objects, 33% free, 32MB/48MB, paused 314us total 14.713ms
08-05 02:44:21.226 15616 15629 I art     : Starting a blocking GC Explicit
08-05 02:44:21.241 15616 15629 I art     : Explicit concurrent mark sweep GC freed 3(96B) AllocSpace objects, 0(0B) LOS objects, 33% free, 32MB/48MB, paused 342us total 14.631ms
08-05 02:44:21.248 15616 15629 I art     : Starting a blocking GC Explicit
08-05 02:44:21.263 15616 15629 I art     : Explicit concurrent mark sweep GC freed 3(96B) AllocSpace objects, 0(0B) LOS objects, 33% free, 32MB/48MB, paused 379us total 14.706ms
08-05 02:44:21.529 15616 15647 I art     : Starting a blocking GC Explicit
08-05 02:44:21.542 15616 15647 I art     : Explicit concurrent mark sweep GC freed 1386(80KB) AllocSpace objects, 1(20KB) LOS objects, 33% free, 32MB/48MB, paused 303us total 13.467ms
08-05 02:44:21.549 15616 15647 I art     : Starting a blocking GC Explicit
08-05 02:44:21.564 15616 15647 I art     : Explicit concurrent mark sweep GC freed 23(816B) AllocSpace objects, 0(0B) LOS objects, 33% free, 32MB/48MB, paused 338us total 14.375ms
08-05 02:44:21.570 15616 15647 I art     : Starting a blocking GC Explicit
08-05 02:44:21.583 15616 15647 I art     : Explicit concurrent mark sweep GC freed 3(96B) AllocSpace objects, 0(0B) LOS objects, 33% free, 32MB/48MB, paused 281us total 13.154ms
08-05 02:44:21.590 15616 15647 I art     : Starting a blocking GC Explicit
08-05 02:44:21.603 15616 15647 I art     : Explicit concurrent mark sweep GC freed 3(96B) AllocSpace objects, 0(0B) LOS objects, 33% free, 32MB/48MB, paused 345us total 13.325ms
08-05 02:44:21.609 15616 15647 I art     : Starting a blocking GC Explicit
08-05 02:44:21.623 15616 15647 I art     : Explicit concurrent mark sweep GC freed 3(96B) AllocSpace objects, 0(0B) LOS objects, 33% free, 32MB/48MB, paused 295us total 13.489ms
08-05 02:44:21.936 15616 15627 I art     : Starting a blocking GC Explicit
08-05 02:44:21.954 15616 15627 I art     : Explicit concurrent mark sweep GC freed 1386(80KB) AllocSpace objects, 1(20KB) LOS objects, 33% free, 32MB/48MB, paused 391us total 17.913ms
08-05 02:44:21.963 15616 15627 I art     : Starting a blocking GC Explicit
08-05 02:44:21.978 15616 15627 I art     : Explicit concurrent mark sweep GC freed 20(704B) AllocSpace objects, 0(0B) LOS objects, 33% free, 32MB/48MB, paused 312us total 14.499ms
08-05 02:44:21.984 15616 15627 I art     : Starting a blocking GC Explicit
08-05 02:44:21.999 15616 15627 I art     : Explicit concurrent mark sweep GC freed 3(96B) AllocSpace objects, 0(0B) LOS objects, 33% free, 32MB/48MB, paused 313us total 14.134ms
08-05 02:44:22.005 15616 15627 I art     : Starting a blocking GC Explicit
08-05 02:44:22.019 15616 15627 I art     : Explicit concurrent mark sweep GC freed 3(96B) AllocSpace objects, 0(0B) LOS objects, 33% free, 32MB/48MB, paused 315us total 14.154ms
08-05 02:44:22.025 15616 15627 I art     : Starting a blocking GC Explicit
08-05 02:44:22.040 15616 15627 I art     : Explicit concurrent mark sweep GC freed 3(96B) AllocSpace objects, 0(0B) LOS objects, 33% free, 32MB/48MB, paused 317us total 14.336ms
08-05 02:44:22.363 15616 15629 I art     : Starting a blocking GC Explicit
08-05 02:44:22.383 15616 15629 I art     : Explicit concurrent mark sweep GC freed 1386(80KB) AllocSpace objects, 1(20KB) LOS objects, 33% free, 32MB/48MB, paused 342us total 19.454ms
08-05 02:44:22.392 15616 15629 I art     : Starting a blocking GC Explicit
08-05 02:44:22.407 15616 15629 I art     : Explicit concurrent mark sweep GC freed 20(704B) AllocSpace objects, 0(0B) LOS objects, 33% free, 32MB/48MB, paused 376us total 14.720ms
08-05 02:44:22.413 15616 15629 I art     : Starting a blocking GC Explicit
08-05 02:44:22.428 15616 15629 I art     : Explicit concurrent mark sweep GC freed 3(96B) AllocSpace objects, 0(0B) LOS objects, 33% free, 32MB/48MB, paused 313us total 14.308ms
08-05 02:44:22.434 15616 15629 I art     : Starting a blocking GC Explicit
08-05 02:44:22.448 15616 15629 I art     : Explicit concurrent mark sweep GC freed 3(96B) AllocSpace objects, 0(0B) LOS objects, 33% free, 32MB/48MB, paused 315us total 13.882ms
08-05 02:44:22.454 15616 15629 I art     : Starting a blocking GC Explicit
08-05 02:44:22.469 15616 15629 I art     : Explicit concurrent mark sweep GC freed 3(96B) AllocSpace objects, 0(0B) LOS objects, 33% free, 32MB/48MB, paused 352us total 14.320ms
08-05 02:44:22.790 15616 15856 I art     : Starting a blocking GC Explicit
08-05 02:44:22.809 15616 15856 I art     : Explicit concurrent mark sweep GC freed 1386(80KB) AllocSpace objects, 1(20KB) LOS objects, 33% free, 32MB/48MB, paused 350us total 19.196ms
08-05 02:44:22.818 15616 15856 I art     : Starting a blocking GC Explicit
08-05 02:44:22.832 15616 15856 I art     : Explicit concurrent mark sweep GC freed 20(704B) AllocSpace objects, 0(0B) LOS objects, 33% free, 32MB/48MB, paused 316us total 14.090ms
08-05 02:44:22.839 15616 15856 I art     : Starting a blocking GC Explicit
08-05 02:44:22.853 15616 15856 I art     : Explicit concurrent mark sweep GC freed 3(96B) AllocSpace objects, 0(0B) LOS objects, 33% free, 32MB/48MB, paused 311us total 13.940ms
08-05 02:44:22.859 15616 15856 I art     : Starting a blocking GC Explicit
08-05 02:44:22.873 15616 15856 I art     : Explicit concurrent mark sweep GC freed 3(96B) AllocSpace objects, 0(0B) LOS objects, 33% free, 32MB/48MB, paused 323us total 14.164ms
08-05 02:44:22.879 15616 15856 I art     : Starting a blocking GC Explicit
08-05 02:44:22.894 15616 15856 I art     : Explicit concurrent mark sweep GC freed 3(96B) AllocSpace objects, 0(0B) LOS objects, 33% free, 32MB/48MB, paused 508us total 14.620ms
08-05 02:44:23.188 15616 15647 I art     : Starting a blocking GC Explicit
08-05 02:44:23.206 15616 15647 I art     : Explicit concurrent mark sweep GC freed 1386(80KB) AllocSpace objects, 1(20KB) LOS objects, 33% free, 32MB/48MB, paused 342us total 17.066ms
08-05 02:44:23.218 15616 15647 I art     : Starting a blocking GC Explicit
08-05 02:44:23.232 15616 15647 I art     : Explicit concurrent mark sweep GC freed 20(704B) AllocSpace objects, 0(0B) LOS objects, 33% free, 32MB/48MB, paused 314us total 14.141ms
08-05 02:44:23.238 15616 15647 I art     : Starting a blocking GC Explicit
08-05 02:44:23.253 15616 15647 I art     : Explicit concurrent mark sweep GC freed 3(96B) AllocSpace objects, 0(0B) LOS objects, 33% free, 32MB/48MB, paused 305us total 14.148ms
08-05 02:44:23.259 15616 15647 I art     : Starting a blocking GC Explicit
08-05 02:44:23.273 15616 15647 I art     : Explicit concurrent mark sweep GC freed 3(96B) AllocSpace objects, 0(0B) LOS objects, 33% free, 32MB/48MB, paused 347us total 13.972ms
08-05 02:44:23.279 15616 15647 I art     : Starting a blocking GC Explicit
08-05 02:44:23.294 15616 15647 I art     : Explicit concurrent mark sweep GC freed 3(96B) AllocSpace objects, 0(0B) LOS objects, 33% free, 32MB/48MB, paused 314us total 14.190ms
08-05 02:44:23.560 15616 15627 I art     : Starting a blocking GC Explicit
08-05 02:44:23.579 15616 15627 I art     : Explicit concurrent mark sweep GC freed 1386(80KB) AllocSpace objects, 1(20KB) LOS objects, 33% free, 32MB/48MB, paused 368us total 18.463ms
08-05 02:44:23.589 15616 15627 I art     : Starting a blocking GC Explicit
08-05 02:44:23.603 15616 15627 I art     : Explicit concurrent mark sweep GC freed 20(704B) AllocSpace objects, 0(0B) LOS objects, 33% free, 32MB/48MB, paused 354us total 14.191ms
08-05 02:44:23.609 15616 15627 I art     : Starting a blocking GC Explicit
08-05 02:44:23.623 15616 15627 I art     : Explicit concurrent mark sweep GC freed 3(96B) AllocSpace objects, 0(0B) LOS objects, 33% free, 32MB/48MB, paused 307us total 14.118ms
08-05 02:44:23.630 15616 15627 I art     : Starting a blocking GC Explicit
08-05 02:44:23.644 15616 15627 I art     : Explicit concurrent mark sweep GC freed 3(96B) AllocSpace objects, 0(0B) LOS objects, 33% free, 32MB/48MB, paused 312us total 14.153ms
08-05 02:44:23.650 15616 15627 I art     : Starting a blocking GC Explicit
08-05 02:44:23.664 15616 15627 I art     : Explicit concurrent mark sweep GC freed 3(96B) AllocSpace objects, 0(0B) LOS objects, 33% free, 32MB/48MB, paused 311us total 14.049ms
08-05 02:44:23.971 15616 15629 I art     : Starting a blocking GC Explicit
08-05 02:44:23.989 15616 15629 I art     : Explicit concurrent mark sweep GC freed 1386(80KB) AllocSpace objects, 1(20KB) LOS objects, 33% free, 32MB/48MB, paused 354us total 18.253ms
08-05 02:44:23.999 15616 15629 I art     : Starting a blocking GC Explicit
08-05 02:44:24.014 15616 15629 I art     : Explicit concurrent mark sweep GC freed 20(704B) AllocSpace objects, 0(0B) LOS objects, 33% free, 32MB/48MB, paused 311us total 14.246ms
08-05 02:44:24.020 15616 15629 I art     : Starting a blocking GC Explicit
08-05 02:44:24.034 15616 15629 I art     : Explicit concurrent mark sweep GC freed 3(96B) AllocSpace objects, 0(0B) LOS objects, 33% free, 32MB/48MB, paused 302us total 14.255ms
08-05 02:44:24.041 15616 15629 I art     : Starting a blocking GC Explicit
08-05 02:44:24.055 15616 15629 I art     : Explicit concurrent mark sweep GC freed 3(96B) AllocSpace objects, 0(0B) LOS objects, 33% free, 32MB/48MB, paused 299us total 14.056ms
08-05 02:44:24.061 15616 15629 I art     : Starting a blocking GC Explicit
08-05 02:44:24.075 15616 15629 I art     : Explicit concurrent mark sweep GC freed 3(96B) AllocSpace objects, 0(0B) LOS objects, 33% free, 32MB/48MB, paused 314us total 13.694ms
08-05 02:44:24.371 15616 15856 I art     : Starting a blocking GC Explicit
08-05 02:44:24.390 15616 15856 I art     : Explicit concurrent mark sweep GC freed 1386(80KB) AllocSpace objects, 1(20KB) LOS objects, 33% free, 32MB/48MB, paused 346us total 18.379ms
08-05 02:44:24.396 15616 15856 I art     : Starting a blocking GC Explicit
08-05 02:44:24.412 15616 15856 I art     : Explicit concurrent mark sweep GC freed 20(704B) AllocSpace objects, 0(0B) LOS objects, 33% free, 32MB/48MB, paused 360us total 15.101ms
08-05 02:44:24.418 15616 15856 I art     : Starting a blocking GC Explicit
08-05 02:44:24.433 15616 15856 I art     : Explicit concurrent mark sweep GC freed 3(96B) AllocSpace objects, 0(0B) LOS objects, 33% free, 32MB/48MB, paused 296us total 14.757ms
08-05 02:44:24.440 15616 15856 I art     : Starting a blocking GC Explicit
08-05 02:44:24.454 15616 15856 I art     : Explicit concurrent mark sweep GC freed 3(96B) AllocSpace objects, 0(0B) LOS objects, 33% free, 32MB/48MB, paused 320us total 14.063ms
08-05 02:44:24.460 15616 15856 I art     : Starting a blocking GC Explicit
08-05 02:44:24.475 15616 15856 I art     : Explicit concurrent mark sweep GC freed 3(96B) AllocSpace objects, 0(0B) LOS objects, 33% free, 32MB/48MB, paused 319us total 14.491ms
08-05 02:44:24.790 15616 15647 I art     : Starting a blocking GC Explicit
08-05 02:44:24.808 15616 15647 I art     : Explicit concurrent mark sweep GC freed 1386(80KB) AllocSpace objects, 1(20KB) LOS objects, 33% free, 32MB/48MB, paused 357us total 17.659ms
08-05 02:44:24.819 15616 15647 I art     : Starting a blocking GC Explicit
08-05 02:44:24.833 15616 15647 I art     : Explicit concurrent mark sweep GC freed 20(704B) AllocSpace objects, 0(0B) LOS objects, 33% free, 32MB/48MB, paused 295us total 14.172ms
08-05 02:44:24.840 15616 15647 I art     : Starting a blocking GC Explicit
08-05 02:44:24.854 15616 15647 I art     : Explicit concurrent mark sweep GC freed 3(96B) AllocSpace objects, 0(0B) LOS objects, 33% free, 32MB/48MB, paused 311us total 14.137ms
08-05 02:44:24.860 15616 15647 I art     : Starting a blocking GC Explicit
08-05 02:44:24.874 15616 15647 I art     : Explicit concurrent mark sweep GC freed 3(96B) AllocSpace objects, 0(0B) LOS objects, 33% free, 32MB/48MB, paused 304us total 14.073ms
08-05 02:44:24.881 15616 15647 I art     : Starting a blocking GC Explicit
08-05 02:44:24.895 15616 15647 I art     : Explicit concurrent mark sweep GC freed 3(96B) AllocSpace objects, 0(0B) LOS objects, 33% free, 32MB/48MB, paused 315us total 14.423ms
08-05 02:44:25.201 13228 13228 I Atfwd_Sendcmd: AtCmdFwd service not ready - Exhausted retry attempts - :6
08-05 02:44:25.201 13228 13228 I Atfwd_Daemon: result : -1 	 ,Init step :2 	 ,qmiErrorCode: 0
08-05 02:44:25.204 15616 15627 I art     : Starting a blocking GC Explicit
08-05 02:44:25.222 15616 15627 I art     : Explicit concurrent mark sweep GC freed 1386(80KB) AllocSpace objects, 1(20KB) LOS objects, 33% free, 32MB/48MB, paused 349us total 17.412ms
08-05 02:44:25.230 15616 15627 I art     : Starting a blocking GC Explicit
08-05 02:44:25.245 15616 15627 I art     : Explicit concurrent mark sweep GC freed 20(704B) AllocSpace objects, 0(0B) LOS objects, 33% free, 32MB/48MB, paused 299us total 15.170ms
08-05 02:44:25.252 15616 15627 I art     : Starting a blocking GC Explicit
08-05 02:44:25.267 15616 15627 I art     : Explicit concurrent mark sweep GC freed 3(96B) AllocSpace objects, 0(0B) LOS objects, 33% free, 32MB/48MB, paused 324us total 14.882ms
08-05 02:44:25.274 15616 15627 I art     : Starting a blocking GC Explicit
08-05 02:44:25.288 15616 15627 I art     : Explicit concurrent mark sweep GC freed 3(96B) AllocSpace objects, 0(0B) LOS objects, 33% free, 32MB/48MB, paused 312us total 14.279ms
08-05 02:44:25.294 15616 15627 I art     : Starting a blocking GC Explicit
08-05 02:44:25.309 15616 15627 I art     : Explicit concurrent mark sweep GC freed 3(96B) AllocSpace objects, 0(0B) LOS objects, 33% free, 32MB/48MB, paused 305us total 14.298ms
08-05 02:44:25.630 15616 15629 I art     : Starting a blocking GC Explicit
08-05 02:44:25.649 15616 15629 I art     : Explicit concurrent mark sweep GC freed 1386(80KB) AllocSpace objects, 1(20KB) LOS objects, 33% free, 32MB/48MB, paused 344us total 17.998ms
08-05 02:44:25.657 15616 15629 I art     : Starting a blocking GC Explicit
08-05 02:44:25.671 15616 15629 I art     : Explicit concurrent mark sweep GC freed 20(704B) AllocSpace objects, 0(0B) LOS objects, 33% free, 32MB/48MB, paused 307us total 13.578ms
08-05 02:44:25.677 15616 15629 I art     : Starting a blocking GC Explicit
08-05 02:44:25.692 15616 15629 I art     : Explicit concurrent mark sweep GC freed 3(96B) AllocSpace objects, 0(0B) LOS objects, 33% free, 32MB/48MB, paused 315us total 14.250ms
08-05 02:44:25.698 15616 15629 I art     : Starting a blocking GC Explicit
08-05 02:44:25.712 15616 15629 I art     : Explicit concurrent mark sweep GC freed 3(96B) AllocSpace objects, 0(0B) LOS objects, 33% free, 32MB/48MB, paused 335us total 14.037ms
08-05 02:44:25.719 15616 15629 I art     : Starting a blocking GC Explicit
08-05 02:44:25.733 15616 15629 I art     : Explicit concurrent mark sweep GC freed 3(96B) AllocSpace objects, 0(0B) LOS objects, 33% free, 32MB/48MB, paused 318us total 14.168ms
08-05 02:44:26.038 15616 15856 I art     : Starting a blocking GC Explicit
08-05 02:44:26.055 15616 15856 I art     : Explicit concurrent mark sweep GC freed 1386(80KB) AllocSpace objects, 1(20KB) LOS objects, 33% free, 32MB/48MB, paused 359us total 16.589ms
08-05 02:44:26.062 15616 15856 I art     : Starting a blocking GC Explicit
08-05 02:44:26.077 15616 15856 I art     : Explicit concurrent mark sweep GC freed 20(704B) AllocSpace objects, 0(0B) LOS objects, 33% free, 32MB/48MB, paused 344us total 15.391ms
08-05 02:44:26.084 15616 15856 I art     : Starting a blocking GC Explicit
08-05 02:44:26.100 15616 15856 I art     : Explicit concurrent mark sweep GC freed 3(96B) AllocSpace objects, 0(0B) LOS objects, 33% free, 32MB/48MB, paused 322us total 15.257ms
08-05 02:44:26.106 15616 15856 I art     : Starting a blocking GC Explicit
08-05 02:44:26.121 15616 15856 I art     : Explicit concurrent mark sweep GC freed 3(96B) AllocSpace objects, 0(0B) LOS objects, 33% free, 32MB/48MB, paused 326us total 14.451ms
08-05 02:44:26.127 15616 15856 I art     : Starting a blocking GC Explicit
08-05 02:44:26.142 15616 15856 I art     : Explicit concurrent mark sweep GC freed 3(96B) AllocSpace objects, 0(0B) LOS objects, 33% free, 32MB/48MB, paused 319us total 14.520ms
08-05 02:44:26.452 15616 15647 I art     : Starting a blocking GC Explicit
08-05 02:44:26.471 15616 15647 I art     : Explicit concurrent mark sweep GC freed 1386(80KB) AllocSpace objects, 1(20KB) LOS objects, 33% free, 32MB/48MB, paused 341us total 18.675ms
08-05 02:44:26.481 15616 15647 I art     : Starting a blocking GC Explicit
08-05 02:44:26.496 15616 15647 I art     : Explicit concurrent mark sweep GC freed 20(704B) AllocSpace objects, 0(0B) LOS objects, 33% free, 32MB/48MB, paused 319us total 14.640ms
08-05 02:44:26.502 15616 15647 I art     : Starting a blocking GC Explicit
08-05 02:44:26.516 15616 15647 I art     : Explicit concurrent mark sweep GC freed 3(96B) AllocSpace objects, 0(0B) LOS objects, 33% free, 32MB/48MB, paused 313us total 14.368ms
08-05 02:44:26.522 15616 15647 I art     : Starting a blocking GC Explicit
08-05 02:44:26.536 15616 15647 I art     : Explicit concurrent mark sweep GC freed 3(96B) AllocSpace objects, 0(0B) LOS objects, 33% free, 32MB/48MB, paused 315us total 13.735ms
08-05 02:44:26.543 15616 15647 I art     : Starting a blocking GC Explicit
08-05 02:44:26.557 15616 15647 I art     : Explicit concurrent mark sweep GC freed 3(96B) AllocSpace objects, 0(0B) LOS objects, 33% free, 32MB/48MB, paused 308us total 14.175ms
08-05 02:44:26.848 15616 15627 I art     : Starting a blocking GC Explicit
08-05 02:44:26.866 15616 15627 I art     : Explicit concurrent mark sweep GC freed 1386(80KB) AllocSpace objects, 1(20KB) LOS objects, 33% free, 32MB/48MB, paused 348us total 17.332ms
08-05 02:44:26.877 15616 15627 I art     : Starting a blocking GC Explicit
08-05 02:44:26.891 15616 15627 I art     : Explicit concurrent mark sweep GC freed 20(704B) AllocSpace objects, 0(0B) LOS objects, 33% free, 32MB/48MB, paused 359us total 13.728ms
08-05 02:44:26.897 15616 15627 I art     : Starting a blocking GC Explicit
08-05 02:44:26.911 15616 15627 I art     : Explicit concurrent mark sweep GC freed 3(96B) AllocSpace objects, 0(0B) LOS objects, 33% free, 32MB/48MB, paused 315us total 14.332ms
08-05 02:44:26.918 15616 15627 I art     : Starting a blocking GC Explicit
08-05 02:44:26.932 15616 15627 I art     : Explicit concurrent mark sweep GC freed 3(96B) AllocSpace objects, 0(0B) LOS objects, 33% free, 32MB/48MB, paused 308us total 14.111ms
08-05 02:44:26.938 15616 15627 I art     : Starting a blocking GC Explicit
08-05 02:44:26.952 15616 15627 I art     : Explicit concurrent mark sweep GC freed 3(96B) AllocSpace objects, 0(0B) LOS objects, 33% free, 32MB/48MB, paused 313us total 14.083ms
08-05 02:44:27.248 15616 15629 I art     : Starting a blocking GC Explicit
08-05 02:44:27.264 15616 15629 I art     : Explicit concurrent mark sweep GC freed 1386(80KB) AllocSpace objects, 1(20KB) LOS objects, 33% free, 32MB/48MB, paused 347us total 15.908ms
08-05 02:44:27.271 15616 15629 I art     : Starting a blocking GC Explicit
08-05 02:44:27.286 15616 15629 I art     : Explicit concurrent mark sweep GC freed 20(704B) AllocSpace objects, 0(0B) LOS objects, 33% free, 32MB/48MB, paused 319us total 14.554ms
08-05 02:44:27.292 15616 15629 I art     : Starting a blocking GC Explicit
08-05 02:44:27.307 15616 15629 I art     : Explicit concurrent mark sweep GC freed 3(96B) AllocSpace objects, 0(0B) LOS objects, 33% free, 32MB/48MB, paused 358us total 14.841ms
08-05 02:44:27.313 15616 15629 I art     : Starting a blocking GC Explicit
08-05 02:44:27.328 15616 15629 I art     : Explicit concurrent mark sweep GC freed 3(96B) AllocSpace objects, 0(0B) LOS objects, 33% free, 32MB/48MB, paused 317us total 14.683ms
08-05 02:44:27.335 15616 15629 I art     : Starting a blocking GC Explicit
08-05 02:44:27.349 15616 15629 I art     : Explicit concurrent mark sweep GC freed 3(96B) AllocSpace objects, 0(0B) LOS objects, 33% free, 32MB/48MB, paused 301us total 14.193ms
08-05 02:44:27.597 15616 15856 I art     : Starting a blocking GC Explicit
08-05 02:44:27.612 15616 15856 I art     : Explicit concurrent mark sweep GC freed 1386(80KB) AllocSpace objects, 1(20KB) LOS objects, 33% free, 32MB/48MB, paused 339us total 15.188ms
08-05 02:44:27.619 15616 15856 I art     : Starting a blocking GC Explicit
08-05 02:44:27.634 15616 15856 I art     : Explicit concurrent mark sweep GC freed 20(704B) AllocSpace objects, 0(0B) LOS objects, 33% free, 32MB/48MB, paused 336us total 14.920ms
08-05 02:44:27.641 15616 15856 I art     : Starting a blocking GC Explicit
08-05 02:44:27.655 15616 15856 I art     : Explicit concurrent mark sweep GC freed 3(96B) AllocSpace objects, 0(0B) LOS objects, 33% free, 32MB/48MB, paused 318us total 13.844ms
08-05 02:44:27.661 15616 15856 I art     : Starting a blocking GC Explicit
08-05 02:44:27.675 15616 15856 I art     : Explicit concurrent mark sweep GC freed 3(96B) AllocSpace objects, 0(0B) LOS objects, 33% free, 32MB/48MB, paused 320us total 13.765ms
08-05 02:44:27.681 15616 15856 I art     : Starting a blocking GC Explicit
08-05 02:44:27.694 16144 16144 D AndroidRuntime: >>>>>> START com.android.internal.os.RuntimeInit uid 2000 <<<<<<
08-05 02:44:27.696 15616 15856 I art     : Explicit concurrent mark sweep GC freed 3(96B) AllocSpace objects, 0(0B) LOS objects, 33% free, 32MB/48MB, paused 384us total 14.549ms
08-05 02:44:27.698 16144 16144 D AndroidRuntime: CheckJNI is OFF
08-05 02:44:27.722 16144 16144 D ICU     : No timezone override file found: /data/misc/zoneinfo/current/icu/icu_tzdata.dat
08-05 02:44:27.747 16144 16144 I Radio-JNI: register_android_hardware_Radio DONE
08-05 02:44:27.762 16144 16144 D AndroidRuntime: Calling main entry com.android.commands.input.Input
08-05 02:44:27.764 16144 16144 I Input   : injectMotionEvent: MotionEvent { action=ACTION_DOWN, actionButton=0, id[0]=0, x[0]=436.0, y[0]=453.0, toolType[0]=TOOL_TYPE_UNKNOWN, buttonState=0, metaState=0, flags=0x0, edgeFlags=0x0, pointerCount=1, historySize=0, eventTime=758684177, downTime=758684177, deviceId=0, source=0x1002 }
08-05 02:44:27.770 16144 16144 I Input   : injectMotionEvent: MotionEvent { action=ACTION_UP, actionButton=0, id[0]=0, x[0]=436.0, y[0]=453.0, toolType[0]=TOOL_TYPE_UNKNOWN, buttonState=0, metaState=0, flags=0x0, edgeFlags=0x0, pointerCount=1, historySize=0, eventTime=758684177, downTime=758684177, deviceId=0, source=0x1002 }
08-05 02:44:27.772 16144 16144 D AndroidRuntime: Shutting down VM
08-05 02:44:27.784   512  2967 D audio_hw_primary: out_set_parameters: enter: usecase(1: low-latency-playback) kvpairs: routing=2
08-05 02:44:27.784   918  4413 I ActivityManager: START u0 {cmp=baseline.com.newsblur/.activity.GlobalSharedStoriesReading (has extras)} from uid 10676 on display 0
08-05 02:44:27.797   512  2967 D audio_hw_primary: select_devices: out_snd_device(2: speaker) in_snd_device(0: none)
08-05 02:44:27.797   512  2967 D msm8974_platform: platform_send_audio_calibration: sending audio calibration for snd_device(2) acdb_id(15)
08-05 02:44:27.797   512  2967 I soundtrigger: audio_extn_sound_trigger_update_device_status: device 0x2 of type 0 for Event 1
08-05 02:44:27.810   512  2967 D audio_hw_primary: enable_snd_device: snd_device(2: speaker)
08-05 02:44:27.812   512  2967 D audio_hw_primary: enable_audio_route: apply and update mixer path: low-latency-playback speaker
08-05 02:44:27.915 15616 15856 I art     : Starting a blocking GC Explicit
08-05 02:44:27.931 15616 15856 I art     : Explicit concurrent mark sweep GC freed 3053(287KB) AllocSpace objects, 7(600KB) LOS objects, 31% free, 34MB/50MB, paused 329us total 16.052ms
08-05 02:44:27.939 15616 15856 I art     : Starting a blocking GC Explicit
08-05 02:44:27.956 15616 15856 I art     : Explicit concurrent mark sweep GC freed 684(64KB) AllocSpace objects, 1(20KB) LOS objects, 30% free, 35MB/51MB, paused 573us total 16.385ms
08-05 02:44:27.962 15616 15856 I art     : Starting a blocking GC Explicit
08-05 02:44:27.980 15616 15856 I art     : Explicit concurrent mark sweep GC freed 198(8KB) AllocSpace objects, 0(0B) LOS objects, 30% free, 35MB/51MB, paused 442us total 17.256ms
08-05 02:44:27.987 15616 15856 I art     : Starting a blocking GC Explicit
08-05 02:44:28.001 13866 13866 I GoogleInputMethodServic: GoogleInputMethodService.onFinishInput():3138 
08-05 02:44:28.002 13866 13866 I GoogleInputMethodServic: GoogleInputMethodService.onStartInput():1808 
08-05 02:44:28.002 15616 15856 I art     : Explicit concurrent mark sweep GC freed 86(6KB) AllocSpace objects, 0(0B) LOS objects, 30% free, 35MB/51MB, paused 442us total 14.491ms
08-05 02:44:28.005   918   936 I ActivityManager: Displayed baseline.com.newsblur/.activity.GlobalSharedStoriesReading: +213ms
08-05 02:44:28.008 15616 15856 I art     : Starting a blocking GC Explicit
08-05 02:44:28.013 15616 15616 I WebViewFactory: Loading com.google.android.webview version 84.0.4147.89 (code 414708953)
08-05 02:44:28.022 15616 15856 I art     : Explicit concurrent mark sweep GC freed 237(61KB) AllocSpace objects, 0(0B) LOS objects, 30% free, 36MB/52MB, paused 382us total 14.030ms
08-05 02:44:28.179 15616 15616 I cr_LibraryLoader: Loaded native library version number "84.0.4147.89"
08-05 02:44:28.180 15616 15616 I cr_CachingUmaRecorder: Flushed 5 samples from 5 histograms.
08-05 02:44:28.211 15616 15616 E chromium: [ERROR:filesystem_posix.cc(62)] mkdir /data/user/0/baseline.com.newsblur/cache/WebView/Crashpad: No such file or directory (2)
08-05 02:44:28.264 15616 15647 I art     : Starting a blocking GC Explicit
08-05 02:44:28.285 15616 15647 I art     : Explicit concurrent mark sweep GC freed 7230(690KB) AllocSpace objects, 4(80KB) LOS objects, 30% free, 37MB/53MB, paused 770us total 21.296ms
08-05 02:44:28.290   918  3696 D ConnectivityService: listenForNetwork for Listen from uid/pid:10676/15616 for NetworkRequest [ id=3122, legacyType=-1, [ Capabilities: INTERNET&NOT_RESTRICTED&TRUSTED] ]
08-05 02:44:28.293 15616 15647 I art     : Starting a blocking GC Explicit
08-05 02:44:28.310 15616 15647 I art     : Explicit concurrent mark sweep GC freed 717(79KB) AllocSpace objects, 0(0B) LOS objects, 30% free, 37MB/53MB, paused 852us total 17.193ms
08-05 02:44:28.316 15616 15647 I art     : Starting a blocking GC Explicit
08-05 02:44:28.334 15616 15647 I art     : Explicit concurrent mark sweep GC freed 1045(86KB) AllocSpace objects, 1(20KB) LOS objects, 30% free, 37MB/53MB, paused 662us total 17.438ms
08-05 02:44:28.340 15616 15647 I art     : Starting a blocking GC Explicit
08-05 02:44:28.349   512  2967 D audio_hw_primary: disable_audio_route: reset and update mixer path: low-latency-playback speaker
08-05 02:44:28.351   512  2967 D audio_hw_primary: disable_snd_device: snd_device(2: speaker)
08-05 02:44:28.358   512  2967 I soundtrigger: audio_extn_sound_trigger_update_device_status: device 0x2 of type 0 for Event 0
08-05 02:44:28.362 15616 15647 I art     : Explicit concurrent mark sweep GC freed 756(51KB) AllocSpace objects, 1(20KB) LOS objects, 29% free, 37MB/53MB, paused 716us total 21.688ms
08-05 02:44:28.368 15616 15647 I art     : Starting a blocking GC Explicit
08-05 02:44:28.387 15616 15647 I art     : Explicit concurrent mark sweep GC freed 750(40KB) AllocSpace objects, 0(0B) LOS objects, 29% free, 38MB/54MB, paused 751us total 18.747ms
08-05 02:44:28.408 15616 16206 W cr_media: Requires BLUETOOTH permission
08-05 02:44:28.428 15616 16221 E libEGL  : validate_display:255 error 3008 (EGL_BAD_DISPLAY)
08-05 02:44:28.474 15616 15893 I NAPPA_EXPERIMENTATION: MetricNetworkRequestExecutionTime: REQUEST_DURATION_SYSTEM='149',REQUEST_DURATION_OKHTTP='148',REQUEST_SYNCHRONOUS='TRUE',RESPONSE_CODE='200',RESPONSE_METHOD='GET',RESPONSE_LENGTH_OKHTTP='4737',RESPONSE_LENGTH_HEADER='4737',REQUEST_PROTOCOL='http/1.1',REQUEST_URL='https://s3.amazonaws.com/avatars.newsblur.com/avatars/33448/thumbnail_profile_1420383332.gif',
08-05 02:44:28.495 15616 15884 I NAPPA_EXPERIMENTATION: MetricNetworkRequestExecutionTime: REQUEST_DURATION_SYSTEM='104',REQUEST_DURATION_OKHTTP='102',REQUEST_SYNCHRONOUS='TRUE',RESPONSE_CODE='200',RESPONSE_METHOD='GET',RESPONSE_LENGTH_OKHTTP='4737',RESPONSE_LENGTH_HEADER='4737',REQUEST_PROTOCOL='http/1.1',REQUEST_URL='https://s3.amazonaws.com/avatars.newsblur.com/avatars/33448/thumbnail_profile_1420383332.gif',
08-05 02:44:28.644 15616 15856 I art     : Starting a blocking GC Explicit
08-05 02:44:28.675 15616 15856 I art     : Explicit concurrent mark sweep GC freed 19205(1219KB) AllocSpace objects, 22(440KB) LOS objects, 29% free, 39MB/55MB, paused 1.109ms total 31.450ms
08-05 02:44:28.683 15616 15856 I art     : Starting a blocking GC Explicit
08-05 02:44:28.687 15616 16226 E chromium: [ERROR:tile_manager.cc(793)] WARNING: tile memory limits exceeded, some content may not draw
08-05 02:44:28.689 15616 16226 E chromium: [ERROR:tile_manager.cc(793)] WARNING: tile memory limits exceeded, some content may not draw
08-05 02:44:28.704 15616 15856 I art     : Explicit concurrent mark sweep GC freed 4884(207KB) AllocSpace objects, 2(48KB) LOS objects, 29% free, 39MB/55MB, paused 832us total 20.800ms
08-05 02:44:28.712 15616 15856 I art     : Starting a blocking GC Explicit
08-05 02:44:28.731 15616 15856 I art     : Explicit concurrent mark sweep GC freed 488(66KB) AllocSpace objects, 0(0B) LOS objects, 29% free, 38MB/54MB, paused 762us total 19.242ms
08-05 02:44:28.737 15616 15856 I art     : Starting a blocking GC Explicit
08-05 02:44:28.756 15616 15856 I art     : Explicit concurrent mark sweep GC freed 151(5KB) AllocSpace objects, 0(0B) LOS objects, 29% free, 38MB/54MB, paused 640us total 18.731ms
08-05 02:44:28.763 15616 15856 I art     : Starting a blocking GC Explicit
08-05 02:44:28.783 15616 15856 I art     : Explicit concurrent mark sweep GC freed 3(96B) AllocSpace objects, 0(0B) LOS objects, 29% free, 38MB/54MB, paused 738us total 19.163ms
08-05 02:44:28.826 15616 15888 I NAPPA_EXPERIMENTATION: MetricNetworkRequestExecutionTime: REQUEST_DURATION_SYSTEM='441',REQUEST_DURATION_OKHTTP='212',REQUEST_SYNCHRONOUS='TRUE',RESPONSE_CODE='200',RESPONSE_METHOD='GET',RESPONSE_LENGTH_OKHTTP='2111',RESPONSE_LENGTH_HEADER='2111',REQUEST_PROTOCOL='h2',REQUEST_URL='https://pbs.twimg.com/profile_images/1186729813748248576/D6FFru_U_normal.jpg',
08-05 02:44:28.853 15616 15895 I NAPPA_EXPERIMENTATION: MetricNetworkRequestExecutionTime: REQUEST_DURATION_SYSTEM='469',REQUEST_DURATION_OKHTTP='234',REQUEST_SYNCHRONOUS='TRUE',RESPONSE_CODE='200',RESPONSE_METHOD='GET',RESPONSE_LENGTH_OKHTTP='2111',RESPONSE_LENGTH_HEADER='2111',REQUEST_PROTOCOL='h2',REQUEST_URL='https://pbs.twimg.com/profile_images/1186729813748248576/D6FFru_U_normal.jpg',
08-05 02:44:28.853 15616 15888 D skia    : --- decoder->decode returned false
08-05 02:44:28.907 15616 15884 I NAPPA_EXPERIMENTATION: MetricNetworkRequestExecutionTime: REQUEST_DURATION_SYSTEM='371',REQUEST_DURATION_OKHTTP='201',REQUEST_SYNCHRONOUS='TRUE',RESPONSE_CODE='200',RESPONSE_METHOD='GET',RESPONSE_LENGTH_OKHTTP='2111',RESPONSE_LENGTH_HEADER='2111',REQUEST_PROTOCOL='h2',REQUEST_URL='https://pbs.twimg.com/profile_images/1186729813748248576/D6FFru_U_normal.jpg',
08-05 02:44:28.938 15616 15893 I NAPPA_EXPERIMENTATION: MetricNetworkRequestExecutionTime: REQUEST_DURATION_SYSTEM='399',REQUEST_DURATION_OKHTTP='227',REQUEST_SYNCHRONOUS='TRUE',RESPONSE_CODE='200',RESPONSE_METHOD='GET',RESPONSE_LENGTH_OKHTTP='2111',RESPONSE_LENGTH_HEADER='2111',REQUEST_PROTOCOL='h2',REQUEST_URL='https://pbs.twimg.com/profile_images/1186729813748248576/D6FFru_U_normal.jpg',
08-05 02:44:29.020 15616 15890 I NAPPA_EXPERIMENTATION: MetricNetworkRequestExecutionTime: REQUEST_DURATION_SYSTEM='612',REQUEST_DURATION_OKHTTP='53',REQUEST_SYNCHRONOUS='TRUE',RESPONSE_CODE='200',RESPONSE_METHOD='GET',RESPONSE_LENGTH_OKHTTP='17022',RESPONSE_LENGTH_HEADER='17022',REQUEST_PROTOCOL='http/1.1',REQUEST_URL='https://www.newsblur.com/media/img/reader/default_profile_photo.png',
08-05 02:44:29.078 15616 15627 I art     : Starting a blocking GC Explicit
08-05 02:44:29.088 15616 15886 I NAPPA_EXPERIMENTATION: MetricNetworkRequestExecutionTime: REQUEST_DURATION_SYSTEM='704',REQUEST_DURATION_OKHTTP='117',REQUEST_SYNCHRONOUS='TRUE',RESPONSE_CODE='200',RESPONSE_METHOD='GET',RESPONSE_LENGTH_OKHTTP='17022',RESPONSE_LENGTH_HEADER='17022',REQUEST_PROTOCOL='http/1.1',REQUEST_URL='https://www.newsblur.com/media/img/reader/default_profile_photo.png',
08-05 02:44:29.090 15616 16230 D MY_TAG  : 0, 610
08-05 02:44:29.103 15616 15627 I art     : Explicit concurrent mark sweep GC freed 9812(575KB) AllocSpace objects, 23(600KB) LOS objects, 28% free, 39MB/55MB, paused 1.162ms total 24.504ms
08-05 02:44:29.110 15616 15627 I art     : Starting a blocking GC Explicit
08-05 02:44:29.116 15616 16230 I baseline.com.newsblur.service.NBSyncService: ready to sync feed list
08-05 02:44:29.134 15616 15627 I art     : Explicit concurrent mark sweep GC freed 2385(274KB) AllocSpace objects, 4(176KB) LOS objects, 28% free, 39MB/55MB, paused 747us total 23.353ms
08-05 02:44:29.141 15616 15627 I art     : Starting a blocking GC Explicit
08-05 02:44:29.161 15616 15627 I art     : Explicit concurrent mark sweep GC freed 425(37KB) AllocSpace objects, 2(120KB) LOS objects, 29% free, 39MB/55MB, paused 543us total 19.367ms
08-05 02:44:29.169 15616 15627 I art     : Starting a blocking GC Explicit
08-05 02:44:29.188 15616 15627 I art     : Explicit concurrent mark sweep GC freed 43(1472B) AllocSpace objects, 0(0B) LOS objects, 29% free, 39MB/55MB, paused 486us total 19.626ms
08-05 02:44:29.195 15616 15627 I art     : Starting a blocking GC Explicit
08-05 02:44:29.218 15616 15627 I art     : Explicit concurrent mark sweep GC freed 3(96B) AllocSpace objects, 0(0B) LOS objects, 29% free, 39MB/55MB, paused 716us total 22.693ms
08-05 02:44:29.338 15616 15888 I NAPPA_EXPERIMENTATION: MetricNetworkRequestExecutionTime: REQUEST_DURATION_SYSTEM='483',REQUEST_DURATION_OKHTTP='38',REQUEST_SYNCHRONOUS='TRUE',RESPONSE_CODE='200',RESPONSE_METHOD='GET',RESPONSE_LENGTH_OKHTTP='17022',RESPONSE_LENGTH_HEADER='17022',REQUEST_PROTOCOL='http/1.1',REQUEST_URL='https://www.newsblur.com/media/img/reader/default_profile_photo.png',
08-05 02:44:29.346   918  1210 D NetlinkSocketObserver: NeighborEvent{elapsedMs=1742073221, 192.168.2.254, [7C3953A63323], RTM_NEWNEIGH, NUD_STALE}
08-05 02:44:29.488 15616 16230 I NAPPA_EXPERIMENTATION: MetricNetworkRequestExecutionTime: REQUEST_DURATION_SYSTEM='370',REQUEST_DURATION_OKHTTP='42',REQUEST_SYNCHRONOUS='TRUE',RESPONSE_CODE='200',RESPONSE_METHOD='GET',RESPONSE_LENGTH_OKHTTP='-1',RESPONSE_LENGTH_HEADER='-2',REQUEST_PROTOCOL='http/1.1',REQUEST_URL='https://www.newsblur.com/reader/feeds/?update_counts=true',
08-05 02:44:29.489 15616 16230 D MY_TAG  : 0, 370
08-05 02:44:29.517 15616 15629 I art     : Starting a blocking GC Explicit
08-05 02:44:29.526 15616 16230 I baseline.com.newsblur.service.NBSyncService: got feed list: 1 feeds in  conn:370 read:12 parse:0 store:24
08-05 02:44:29.540 15616 15629 I art     : Explicit concurrent mark sweep GC freed 7407(398KB) AllocSpace objects, 7(188KB) LOS objects, 28% free, 39MB/55MB, paused 584us total 22.372ms
08-05 02:44:29.548 15616 15629 I art     : Starting a blocking GC Explicit
08-05 02:44:29.554 15616 16226 E chromium: [ERROR:tile_manager.cc(793)] WARNING: tile memory limits exceeded, some content may not draw
08-05 02:44:29.557 15616 16226 E chromium: [ERROR:tile_manager.cc(793)] WARNING: tile memory limits exceeded, some content may not draw
08-05 02:44:29.561 15616 16226 E chromium: [ERROR:tile_manager.cc(793)] WARNING: tile memory limits exceeded, some content may not draw
08-05 02:44:29.561 15616 16226 E chromium: [ERROR:tile_manager.cc(793)] WARNING: tile memory limits exceeded, some content may not draw
08-05 02:44:29.567 15616 15629 I art     : Explicit concurrent mark sweep GC freed 466(21KB) AllocSpace objects, 1(68KB) LOS objects, 29% free, 39MB/55MB, paused 707us total 18.805ms
08-05 02:44:29.570 15616 16226 E chromium: [ERROR:tile_manager.cc(793)] WARNING: tile memory limits exceeded, some content may not draw
08-05 02:44:29.571 15616 16226 E chromium: [ERROR:tile_manager.cc(793)] WARNING: tile memory limits exceeded, some content may not draw
08-05 02:44:29.574 15616 15629 I art     : Starting a blocking GC Explicit
08-05 02:44:29.592 15616 15629 I art     : Explicit concurrent mark sweep GC freed 22(928B) AllocSpace objects, 0(0B) LOS objects, 29% free, 39MB/55MB, paused 498us total 17.805ms
08-05 02:44:29.599 15616 15629 I art     : Starting a blocking GC Explicit
08-05 02:44:29.618 15616 15629 I art     : Explicit concurrent mark sweep GC freed 8(256B) AllocSpace objects, 0(0B) LOS objects, 29% free, 39MB/55MB, paused 542us total 18.480ms
08-05 02:44:29.624 15616 15629 I art     : Starting a blocking GC Explicit
08-05 02:44:29.643 15616 15629 I art     : Explicit concurrent mark sweep GC freed 10(320B) AllocSpace objects, 0(0B) LOS objects, 29% free, 39MB/55MB, paused 529us total 18.513ms
08-05 02:44:29.946 15616 15647 I art     : Starting a blocking GC Explicit
08-05 02:44:29.969 15616 15647 I art     : Explicit concurrent mark sweep GC freed 4563(205KB) AllocSpace objects, 1(20KB) LOS objects, 29% free, 39MB/55MB, paused 1.080ms total 22.798ms
08-05 02:44:29.976 15616 15647 I art     : Starting a blocking GC Explicit
08-05 02:44:29.997 15616 15647 I art     : Explicit concurrent mark sweep GC freed 348(12KB) AllocSpace objects, 0(0B) LOS objects, 29% free, 39MB/55MB, paused 565us total 20.780ms
08-05 02:44:30.004 15616 15647 I art     : Starting a blocking GC Explicit
08-05 02:44:30.024 15616 15647 I art     : Explicit concurrent mark sweep GC freed 19(816B) AllocSpace objects, 0(0B) LOS objects, 29% free, 39MB/55MB, paused 497us total 19.211ms
08-05 02:44:30.024 15616 16230 I NAPPA_EXPERIMENTATION: MetricNetworkRequestExecutionTime: REQUEST_DURATION_SYSTEM='492',REQUEST_DURATION_OKHTTP='53',REQUEST_SYNCHRONOUS='TRUE',RESPONSE_CODE='200',RESPONSE_METHOD='GET',RESPONSE_LENGTH_OKHTTP='-1',RESPONSE_LENGTH_HEADER='13047',REQUEST_PROTOCOL='http/1.1',REQUEST_URL='https://www.newsblur.com/social/river_stories?order=newest&page=1&read_filter=all&global_feed=true',
08-05 02:44:30.024 15616 16230 D MY_TAG  : 0, 492
08-05 02:44:30.031 15616 15647 I art     : Starting a blocking GC Explicit
08-05 02:44:30.052 15616 16268 I NAPPA_EXPERIMENTATION: MetricNetworkRequestExecutionTime: REQUEST_DURATION_SYSTEM='521',REQUEST_DURATION_OKHTTP='78',REQUEST_SYNCHRONOUS='TRUE',RESPONSE_CODE='200',RESPONSE_METHOD='GET',RESPONSE_LENGTH_OKHTTP='-1',RESPONSE_LENGTH_HEADER='-2',REQUEST_PROTOCOL='http/1.1',REQUEST_URL='https://www.newsblur.com/reader/unread_story_hashes?include_timestamps=1',
08-05 02:44:30.052 15616 16268 D MY_TAG  : 0, 521
08-05 02:44:30.055 15616 15647 I art     : Explicit concurrent mark sweep GC freed 13266(772KB) AllocSpace objects, 9(308KB) LOS objects, 28% free, 39MB/55MB, paused 887us total 24.006ms
08-05 02:44:30.062 15616 15647 I art     : Starting a blocking GC Explicit
08-05 02:44:30.067 15616 16268 I baseline.com.newsblur.service.UnreadsService: starting unread count: 9
08-05 02:44:30.067 15616 16268 I baseline.com.newsblur.service.UnreadsService: new unread count:      0
08-05 02:44:30.067 15616 16268 I baseline.com.newsblur.service.UnreadsService: new unreads found:     0
08-05 02:44:30.068 15616 16268 I baseline.com.newsblur.service.UnreadsService: unreads to retire:     9
08-05 02:44:30.088 15616 15647 I art     : Explicit concurrent mark sweep GC freed 16808(1096KB) AllocSpace objects, 14(280KB) LOS objects, 28% free, 39MB/55MB, paused 738us total 25.827ms
08-05 02:44:30.134 15616 15639 E SQLiteLog: (9) statement aborts at 0: [SELECT authors,short_content,timestamp,sharedDate,stories.feed_id,stories._id,intelligence_authors,intelligence_feed,intelligence_tags,intelligence_total,intelligence_title,permalink,re
08-05 02:44:30.391 15616 15647 I art     : Starting a blocking GC Explicit
08-05 02:44:30.422 15616 15647 I art     : Explicit concurrent mark sweep GC freed 18087(1334KB) AllocSpace objects, 28(656KB) LOS objects, 28% free, 39MB/55MB, paused 824us total 30.164ms
08-05 02:44:30.430 15616 15647 I art     : Starting a blocking GC Explicit
08-05 02:44:30.456 15616 15647 I art     : Explicit concurrent mark sweep GC freed 4586(320KB) AllocSpace objects, 2(56KB) LOS objects, 29% free, 39MB/55MB, paused 876us total 25.915ms
08-05 02:44:30.463 15616 15647 I art     : Starting a blocking GC Explicit
08-05 02:44:30.486 15616 15647 I art     : Explicit concurrent mark sweep GC freed 3(96B) AllocSpace objects, 0(0B) LOS objects, 29% free, 39MB/55MB, paused 724us total 22.276ms
08-05 02:44:30.493 15616 15647 I art     : Starting a blocking GC Explicit
08-05 02:44:30.515 15616 15647 I art     : Explicit concurrent mark sweep GC freed 288(13KB) AllocSpace objects, 0(0B) LOS objects, 28% free, 39MB/55MB, paused 806us total 22.539ms
08-05 02:44:30.523 15616 15647 I art     : Starting a blocking GC Explicit
08-05 02:44:30.545 15616 15647 I art     : Explicit concurrent mark sweep GC freed 1392(52KB) AllocSpace objects, 0(0B) LOS objects, 29% free, 39MB/55MB, paused 646us total 21.289ms
08-05 02:44:30.586   518   646 I ThermalEngine: ACTION: GPU - Setting GPU[0] to 510000000
08-05 02:44:30.656 15616 16281 I NAPPA_EXPERIMENTATION: MetricNetworkRequestExecutionTime: REQUEST_DURATION_SYSTEM='449',REQUEST_DURATION_OKHTTP='42',REQUEST_SYNCHRONOUS='TRUE',RESPONSE_CODE='200',RESPONSE_METHOD='GET',RESPONSE_LENGTH_OKHTTP='-1',RESPONSE_LENGTH_HEADER='12364',REQUEST_PROTOCOL='http/1.1',REQUEST_URL='https://www.newsblur.com/social/river_stories?order=newest&page=2&read_filter=all&global_feed=true',
08-05 02:44:30.656 15616 16281 D MY_TAG  : 0, 449
08-05 02:44:30.843 15616 15856 I art     : Starting a blocking GC Explicit
08-05 02:44:30.874 15616 15856 I art     : Explicit concurrent mark sweep GC freed 38519(2MB) AllocSpace objects, 37(1088KB) LOS objects, 28% free, 39MB/55MB, paused 845us total 30.425ms
08-05 02:44:30.883 15616 15856 I art     : Starting a blocking GC Explicit
08-05 02:44:30.909 15616 15856 I art     : Explicit concurrent mark sweep GC freed 4577(396KB) AllocSpace objects, 1(28KB) LOS objects, 28% free, 39MB/55MB, paused 916us total 25.890ms
08-05 02:44:30.918 15616 15856 I art     : Starting a blocking GC Explicit
08-05 02:44:30.945 15616 15856 I art     : Explicit concurrent mark sweep GC freed 3(96B) AllocSpace objects, 0(0B) LOS objects, 28% free, 39MB/55MB, paused 867us total 27.602ms
08-05 02:44:30.955 15616 15856 I art     : Starting a blocking GC Explicit
08-05 02:44:30.982 15616 15856 I art     : Explicit concurrent mark sweep GC freed 3(96B) AllocSpace objects, 0(0B) LOS objects, 28% free, 39MB/55MB, paused 851us total 27.422ms
08-05 02:44:30.992 15616 15856 I art     : Starting a blocking GC Explicit
08-05 02:44:31.019 15616 15856 I art     : Explicit concurrent mark sweep GC freed 3(96B) AllocSpace objects, 0(0B) LOS objects, 28% free, 39MB/55MB, paused 883us total 27.656ms
08-05 02:44:31.394 15616 15647 I art     : Starting a blocking GC Explicit
08-05 02:44:31.424 15616 15647 I art     : Explicit concurrent mark sweep GC freed 1405(81KB) AllocSpace objects, 1(20KB) LOS objects, 28% free, 39MB/55MB, paused 860us total 29.931ms
08-05 02:44:31.433 15616 15647 I art     : Starting a blocking GC Explicit
08-05 02:44:31.461 15616 15647 I art     : Explicit concurrent mark sweep GC freed 20(704B) AllocSpace objects, 0(0B) LOS objects, 28% free, 39MB/55MB, paused 864us total 27.943ms
08-05 02:44:31.471 15616 15647 I art     : Starting a blocking GC Explicit
08-05 02:44:31.498 15616 15647 I art     : Explicit concurrent mark sweep GC freed 3(96B) AllocSpace objects, 0(0B) LOS objects, 28% free, 39MB/55MB, paused 860us total 27.009ms
08-05 02:44:31.507 15616 15647 I art     : Starting a blocking GC Explicit
08-05 02:44:31.534 15616 15647 I art     : Explicit concurrent mark sweep GC freed 3(96B) AllocSpace objects, 0(0B) LOS objects, 28% free, 39MB/55MB, paused 828us total 26.449ms
08-05 02:44:31.543 15616 15647 I art     : Starting a blocking GC Explicit
08-05 02:44:31.569 15616 15647 I art     : Explicit concurrent mark sweep GC freed 3(96B) AllocSpace objects, 0(0B) LOS objects, 28% free, 39MB/55MB, paused 850us total 26.600ms
08-05 02:44:31.894 15616 15629 I art     : Starting a blocking GC Explicit
08-05 02:44:31.925 15616 15629 I art     : Explicit concurrent mark sweep GC freed 1404(81KB) AllocSpace objects, 1(20KB) LOS objects, 28% free, 39MB/55MB, paused 890us total 29.944ms
08-05 02:44:31.936 15616 15629 I art     : Starting a blocking GC Explicit
08-05 02:44:31.964 15616 15629 I art     : Explicit concurrent mark sweep GC freed 20(704B) AllocSpace objects, 0(0B) LOS objects, 28% free, 39MB/55MB, paused 871us total 27.839ms
08-05 02:44:31.974 15616 15629 I art     : Starting a blocking GC Explicit
08-05 02:44:32.001 15616 15629 I art     : Explicit concurrent mark sweep GC freed 3(96B) AllocSpace objects, 0(0B) LOS objects, 28% free, 39MB/55MB, paused 837us total 26.880ms
08-05 02:44:32.010 15616 15629 I art     : Starting a blocking GC Explicit
08-05 02:44:32.038 15616 15629 I art     : Explicit concurrent mark sweep GC freed 3(96B) AllocSpace objects, 0(0B) LOS objects, 28% free, 39MB/55MB, paused 861us total 27.575ms
08-05 02:44:32.048 15616 15629 I art     : Starting a blocking GC Explicit
08-05 02:44:32.075 15616 15629 I art     : Explicit concurrent mark sweep GC freed 3(96B) AllocSpace objects, 0(0B) LOS objects, 28% free, 39MB/55MB, paused 880us total 27.646ms
08-05 02:44:32.414 15616 15627 I art     : Starting a blocking GC Explicit
08-05 02:44:32.443 15616 15627 I art     : Explicit concurrent mark sweep GC freed 1403(81KB) AllocSpace objects, 1(20KB) LOS objects, 28% free, 39MB/55MB, paused 863us total 28.337ms
08-05 02:44:32.452 15616 15627 I art     : Starting a blocking GC Explicit
08-05 02:44:32.480 15616 15627 I art     : Explicit concurrent mark sweep GC freed 20(704B) AllocSpace objects, 0(0B) LOS objects, 28% free, 39MB/55MB, paused 804us total 27.702ms
08-05 02:44:32.490 15616 15627 I art     : Starting a blocking GC Explicit
08-05 02:44:32.517 15616 15627 I art     : Explicit concurrent mark sweep GC freed 3(96B) AllocSpace objects, 0(0B) LOS objects, 28% free, 39MB/55MB, paused 930us total 27.196ms
08-05 02:44:32.526 15616 15627 I art     : Starting a blocking GC Explicit
08-05 02:44:32.554 15616 15627 I art     : Explicit concurrent mark sweep GC freed 3(96B) AllocSpace objects, 0(0B) LOS objects, 28% free, 39MB/55MB, paused 881us total 27.835ms
08-05 02:44:32.564 15616 15627 I art     : Starting a blocking GC Explicit
08-05 02:44:32.592 15616 15627 I art     : Explicit concurrent mark sweep GC freed 3(96B) AllocSpace objects, 0(0B) LOS objects, 28% free, 39MB/55MB, paused 876us total 27.959ms
08-05 02:44:32.944 15616 15856 I art     : Starting a blocking GC Explicit
08-05 02:44:32.974 15616 15856 I art     : Explicit concurrent mark sweep GC freed 1404(81KB) AllocSpace objects, 1(20KB) LOS objects, 28% free, 39MB/55MB, paused 855us total 29.973ms
08-05 02:44:32.987 15616 15856 I art     : Starting a blocking GC Explicit
08-05 02:44:33.013 15616 15856 I art     : Explicit concurrent mark sweep GC freed 20(704B) AllocSpace objects, 0(0B) LOS objects, 28% free, 39MB/55MB, paused 854us total 26.238ms
08-05 02:44:33.022 15616 15856 I art     : Starting a blocking GC Explicit
08-05 02:44:33.049 15616 15856 I art     : Explicit concurrent mark sweep GC freed 3(96B) AllocSpace objects, 0(0B) LOS objects, 28% free, 39MB/55MB, paused 858us total 26.746ms
08-05 02:44:33.058 15616 15856 I art     : Starting a blocking GC Explicit
08-05 02:44:33.086 15616 15856 I art     : Explicit concurrent mark sweep GC freed 3(96B) AllocSpace objects, 0(0B) LOS objects, 28% free, 39MB/55MB, paused 871us total 27.002ms
08-05 02:44:33.095 15616 15856 I art     : Starting a blocking GC Explicit
08-05 02:44:33.121 15616 15856 I art     : Explicit concurrent mark sweep GC freed 3(96B) AllocSpace objects, 0(0B) LOS objects, 28% free, 39MB/55MB, paused 805us total 25.904ms
08-05 02:44:33.464 15616 15647 I art     : Starting a blocking GC Explicit
08-05 02:44:33.494 15616 15647 I art     : Explicit concurrent mark sweep GC freed 1403(81KB) AllocSpace objects, 1(20KB) LOS objects, 28% free, 39MB/55MB, paused 843us total 29.539ms
08-05 02:44:33.509 15616 15647 I art     : Starting a blocking GC Explicit
08-05 02:44:33.535 15616 15647 I art     : Explicit concurrent mark sweep GC freed 20(704B) AllocSpace objects, 0(0B) LOS objects, 28% free, 39MB/55MB, paused 863us total 26.292ms
08-05 02:44:33.544 15616 15647 I art     : Starting a blocking GC Explicit
08-05 02:44:33.571 15616 15647 I art     : Explicit concurrent mark sweep GC freed 3(96B) AllocSpace objects, 0(0B) LOS objects, 28% free, 39MB/55MB, paused 798us total 26.639ms
08-05 02:44:33.580 15616 15647 I art     : Starting a blocking GC Explicit
08-05 02:44:33.607 15616 15647 I art     : Explicit concurrent mark sweep GC freed 3(96B) AllocSpace objects, 0(0B) LOS objects, 28% free, 39MB/55MB, paused 930us total 27.245ms
08-05 02:44:33.617 15616 15647 I art     : Starting a blocking GC Explicit
08-05 02:44:33.643 15616 15647 I art     : Explicit concurrent mark sweep GC freed 3(96B) AllocSpace objects, 0(0B) LOS objects, 28% free, 39MB/55MB, paused 849us total 25.915ms
08-05 02:44:33.994 15616 15629 I art     : Starting a blocking GC Explicit
08-05 02:44:34.024 15616 15629 I art     : Explicit concurrent mark sweep GC freed 1404(81KB) AllocSpace objects, 1(20KB) LOS objects, 28% free, 39MB/55MB, paused 876us total 28.946ms
08-05 02:44:34.033 15616 15629 I art     : Starting a blocking GC Explicit
08-05 02:44:34.062 15616 15629 I art     : Explicit concurrent mark sweep GC freed 20(704B) AllocSpace objects, 0(0B) LOS objects, 28% free, 39MB/55MB, paused 875us total 28.472ms
08-05 02:44:34.072 15616 15629 I art     : Starting a blocking GC Explicit
08-05 02:44:34.099 15616 15629 I art     : Explicit concurrent mark sweep GC freed 3(96B) AllocSpace objects, 0(0B) LOS objects, 28% free, 39MB/55MB, paused 851us total 27.553ms
08-05 02:44:34.109 15616 15629 I art     : Starting a blocking GC Explicit
08-05 02:44:34.136 15616 15629 I art     : Explicit concurrent mark sweep GC freed 3(96B) AllocSpace objects, 0(0B) LOS objects, 28% free, 39MB/55MB, paused 860us total 27.298ms
08-05 02:44:34.146 15616 15629 I art     : Starting a blocking GC Explicit
08-05 02:44:34.174 15616 15629 I art     : Explicit concurrent mark sweep GC freed 3(96B) AllocSpace objects, 0(0B) LOS objects, 28% free, 39MB/55MB, paused 886us total 28.162ms
08-05 02:44:34.518 15616 15627 I art     : Starting a blocking GC Explicit
08-05 02:44:34.549 15616 15627 I art     : Explicit concurrent mark sweep GC freed 1404(81KB) AllocSpace objects, 1(20KB) LOS objects, 28% free, 39MB/55MB, paused 889us total 30.290ms
08-05 02:44:34.562 15616 15627 I art     : Starting a blocking GC Explicit
08-05 02:44:34.588 15616 15627 I art     : Explicit concurrent mark sweep GC freed 20(704B) AllocSpace objects, 0(0B) LOS objects, 28% free, 39MB/55MB, paused 862us total 26.117ms
08-05 02:44:34.597 15616 15627 I art     : Starting a blocking GC Explicit
08-05 02:44:34.623 15616 15627 I art     : Explicit concurrent mark sweep GC freed 3(96B) AllocSpace objects, 0(0B) LOS objects, 28% free, 39MB/55MB, paused 857us total 26.028ms
08-05 02:44:34.632 15616 15627 I art     : Starting a blocking GC Explicit
08-05 02:44:34.659 15616 15627 I art     : Explicit concurrent mark sweep GC freed 3(96B) AllocSpace objects, 0(0B) LOS objects, 28% free, 39MB/55MB, paused 909us total 26.717ms
08-05 02:44:34.669 15616 15627 I art     : Starting a blocking GC Explicit
08-05 02:44:34.695 15616 15627 I art     : Explicit concurrent mark sweep GC freed 3(96B) AllocSpace objects, 0(0B) LOS objects, 28% free, 39MB/55MB, paused 849us total 26.439ms
08-05 02:44:35.027 15616 15856 I art     : Starting a blocking GC Explicit
08-05 02:44:35.058 15616 15856 I art     : Explicit concurrent mark sweep GC freed 1402(80KB) AllocSpace objects, 1(20KB) LOS objects, 28% free, 39MB/55MB, paused 974us total 30.203ms
08-05 02:44:35.071 15616 15856 I art     : Starting a blocking GC Explicit
08-05 02:44:35.097 15616 15856 I art     : Explicit concurrent mark sweep GC freed 20(704B) AllocSpace objects, 0(0B) LOS objects, 28% free, 39MB/55MB, paused 915us total 25.885ms
08-05 02:44:35.106 15616 15856 I art     : Starting a blocking GC Explicit
08-05 02:44:35.133 15616 15856 I art     : Explicit concurrent mark sweep GC freed 3(96B) AllocSpace objects, 0(0B) LOS objects, 28% free, 39MB/55MB, paused 863us total 25.964ms
08-05 02:44:35.142 15616 15856 I art     : Starting a blocking GC Explicit
08-05 02:44:35.169 15616 15856 I art     : Explicit concurrent mark sweep GC freed 3(96B) AllocSpace objects, 0(0B) LOS objects, 28% free, 39MB/55MB, paused 939us total 27.224ms
08-05 02:44:35.178 15616 15856 I art     : Starting a blocking GC Explicit
08-05 02:44:35.202 13228 13228 I ServiceManager: Waiting for service AtCmdFwd...
08-05 02:44:35.205 15616 15856 I art     : Explicit concurrent mark sweep GC freed 3(96B) AllocSpace objects, 0(0B) LOS objects, 28% free, 39MB/55MB, paused 843us total 26.737ms
08-05 02:44:35.524 15616 15647 I art     : Starting a blocking GC Explicit
08-05 02:44:35.555 15616 15647 I art     : Explicit concurrent mark sweep GC freed 1402(80KB) AllocSpace objects, 1(20KB) LOS objects, 28% free, 39MB/55MB, paused 875us total 30.156ms
08-05 02:44:35.567 15616 15647 I art     : Starting a blocking GC Explicit
08-05 02:44:35.594 15616 15647 I art     : Explicit concurrent mark sweep GC freed 20(704B) AllocSpace objects, 0(0B) LOS objects, 28% free, 39MB/55MB, paused 850us total 26.705ms
08-05 02:44:35.604 15616 15647 I art     : Starting a blocking GC Explicit
08-05 02:44:35.631 15616 15647 I art     : Explicit concurrent mark sweep GC freed 3(96B) AllocSpace objects, 0(0B) LOS objects, 28% free, 39MB/55MB, paused 838us total 26.545ms
08-05 02:44:35.640 15616 15647 I art     : Starting a blocking GC Explicit
08-05 02:44:35.668 15616 15647 I art     : Explicit concurrent mark sweep GC freed 3(96B) AllocSpace objects, 0(0B) LOS objects, 28% free, 39MB/55MB, paused 918us total 27.575ms
08-05 02:44:35.678 15616 15647 I art     : Starting a blocking GC Explicit
08-05 02:44:35.705 15616 15647 I art     : Explicit concurrent mark sweep GC freed 3(96B) AllocSpace objects, 0(0B) LOS objects, 28% free, 39MB/55MB, paused 889us total 27.146ms
08-05 02:44:36.078 15616 15629 I art     : Starting a blocking GC Explicit
08-05 02:44:36.109 15616 15629 I art     : Explicit concurrent mark sweep GC freed 1402(80KB) AllocSpace objects, 1(20KB) LOS objects, 28% free, 39MB/55MB, paused 961us total 30.126ms
08-05 02:44:36.120 15616 15629 I art     : Starting a blocking GC Explicit
08-05 02:44:36.147 15616 15629 I art     : Explicit concurrent mark sweep GC freed 20(704B) AllocSpace objects, 0(0B) LOS objects, 28% free, 39MB/55MB, paused 846us total 26.325ms
08-05 02:44:36.156 15616 15629 I art     : Starting a blocking GC Explicit
08-05 02:44:36.182 15616 15629 I art     : Explicit concurrent mark sweep GC freed 3(96B) AllocSpace objects, 0(0B) LOS objects, 28% free, 39MB/55MB, paused 857us total 26.557ms
08-05 02:44:36.191 15616 15629 I art     : Starting a blocking GC Explicit
08-05 02:44:36.203 13228 13228 I ServiceManager: Waiting for service AtCmdFwd...
08-05 02:44:36.219 15616 15629 I art     : Explicit concurrent mark sweep GC freed 3(96B) AllocSpace objects, 0(0B) LOS objects, 28% free, 39MB/55MB, paused 868us total 27.349ms
08-05 02:44:36.228 15616 15629 I art     : Starting a blocking GC Explicit
08-05 02:44:36.255 15616 15629 I art     : Explicit concurrent mark sweep GC freed 3(96B) AllocSpace objects, 0(0B) LOS objects, 28% free, 39MB/55MB, paused 859us total 26.503ms
08-05 02:44:36.594   518   646 I ThermalEngine: ACTION: GPU - Setting GPU[0] to 600000000
08-05 02:44:36.605 15616 15627 I art     : Starting a blocking GC Explicit
08-05 02:44:36.635 15616 15627 I art     : Explicit concurrent mark sweep GC freed 1402(80KB) AllocSpace objects, 1(20KB) LOS objects, 28% free, 39MB/55MB, paused 875us total 29.455ms
08-05 02:44:36.643 15616 15627 I art     : Starting a blocking GC Explicit
08-05 02:44:36.668 15616 15627 I art     : Explicit concurrent mark sweep GC freed 20(704B) AllocSpace objects, 0(0B) LOS objects, 28% free, 39MB/55MB, paused 677us total 24.076ms
08-05 02:44:36.676 15616 15627 I art     : Starting a blocking GC Explicit
08-05 02:44:36.698 15616 15627 I art     : Explicit concurrent mark sweep GC freed 3(96B) AllocSpace objects, 0(0B) LOS objects, 28% free, 39MB/55MB, paused 815us total 21.768ms
08-05 02:44:36.706 15616 15627 I art     : Starting a blocking GC Explicit
08-05 02:44:36.725 15616 15627 I art     : Explicit concurrent mark sweep GC freed 3(96B) AllocSpace objects, 0(0B) LOS objects, 28% free, 39MB/55MB, paused 582us total 18.993ms
08-05 02:44:36.732 15616 15627 I art     : Starting a blocking GC Explicit
08-05 02:44:36.751 15616 15627 I art     : Explicit concurrent mark sweep GC freed 3(96B) AllocSpace objects, 0(0B) LOS objects, 28% free, 39MB/55MB, paused 620us total 19.116ms
08-05 02:44:37.072 15616 15856 I art     : Starting a blocking GC Explicit
08-05 02:44:37.098 15616 15856 I art     : Explicit concurrent mark sweep GC freed 1402(80KB) AllocSpace objects, 1(20KB) LOS objects, 28% free, 39MB/55MB, paused 660us total 25.239ms
08-05 02:44:37.108 15616 15856 I art     : Starting a blocking GC Explicit
08-05 02:44:37.129 15616 15856 I art     : Explicit concurrent mark sweep GC freed 20(704B) AllocSpace objects, 0(0B) LOS objects, 28% free, 39MB/55MB, paused 637us total 20.536ms
08-05 02:44:37.136 15616 15856 I art     : Starting a blocking GC Explicit
08-05 02:44:37.157 15616 15856 I art     : Explicit concurrent mark sweep GC freed 3(96B) AllocSpace objects, 0(0B) LOS objects, 28% free, 39MB/55MB, paused 679us total 21.371ms
08-05 02:44:37.164 15616 15856 I art     : Starting a blocking GC Explicit
08-05 02:44:37.186 15616 15856 I art     : Explicit concurrent mark sweep GC freed 3(96B) AllocSpace objects, 0(0B) LOS objects, 28% free, 39MB/55MB, paused 623us total 21.239ms
08-05 02:44:37.193 15616 15856 I art     : Starting a blocking GC Explicit
08-05 02:44:37.204 13228 13228 I ServiceManager: Waiting for service AtCmdFwd...
08-05 02:44:37.215 15616 15856 I art     : Explicit concurrent mark sweep GC freed 3(96B) AllocSpace objects, 0(0B) LOS objects, 28% free, 39MB/55MB, paused 600us total 22.008ms
08-05 02:44:37.542 15616 15647 I art     : Starting a blocking GC Explicit
08-05 02:44:37.567 15616 15647 I art     : Explicit concurrent mark sweep GC freed 1402(80KB) AllocSpace objects, 1(20KB) LOS objects, 28% free, 39MB/55MB, paused 764us total 24.957ms
08-05 02:44:37.576 15616 15647 I art     : Starting a blocking GC Explicit
08-05 02:44:37.597 15616 15647 I art     : Explicit concurrent mark sweep GC freed 20(704B) AllocSpace objects, 0(0B) LOS objects, 28% free, 39MB/55MB, paused 670us total 20.424ms
08-05 02:44:37.604 15616 15647 I art     : Starting a blocking GC Explicit
08-05 02:44:37.625 15616 15647 I art     : Explicit concurrent mark sweep GC freed 3(96B) AllocSpace objects, 0(0B) LOS objects, 28% free, 39MB/55MB, paused 596us total 20.865ms
08-05 02:44:37.632 15616 15647 I art     : Starting a blocking GC Explicit
08-05 02:44:37.653 15616 15647 I art     : Explicit concurrent mark sweep GC freed 3(96B) AllocSpace objects, 0(0B) LOS objects, 28% free, 39MB/55MB, paused 635us total 21.357ms
08-05 02:44:37.660 15616 15647 I art     : Starting a blocking GC Explicit
08-05 02:44:37.683 15616 15647 I art     : Explicit concurrent mark sweep GC freed 3(96B) AllocSpace objects, 0(0B) LOS objects, 28% free, 39MB/55MB, paused 624us total 22.123ms
08-05 02:44:37.999 15616 15629 I art     : Starting a blocking GC Explicit
08-05 02:44:38.023 15616 15629 I art     : Explicit concurrent mark sweep GC freed 1402(80KB) AllocSpace objects, 1(20KB) LOS objects, 28% free, 39MB/55MB, paused 651us total 24.208ms
08-05 02:44:38.031 15616 15629 I art     : Starting a blocking GC Explicit
08-05 02:44:38.055 15616 15629 I art     : Explicit concurrent mark sweep GC freed 20(704B) AllocSpace objects, 0(0B) LOS objects, 28% free, 39MB/55MB, paused 647us total 23.196ms
08-05 02:44:38.062 15616 15629 I art     : Starting a blocking GC Explicit
08-05 02:44:38.085 15616 15629 I art     : Explicit concurrent mark sweep GC freed 3(96B) AllocSpace objects, 0(0B) LOS objects, 28% free, 39MB/55MB, paused 592us total 22.190ms
08-05 02:44:38.092 15616 15629 I art     : Starting a blocking GC Explicit
08-05 02:44:38.114 15616 15629 I art     : Explicit concurrent mark sweep GC freed 3(96B) AllocSpace objects, 0(0B) LOS objects, 28% free, 39MB/55MB, paused 607us total 21.321ms
08-05 02:44:38.121 15616 15629 I art     : Starting a blocking GC Explicit
08-05 02:44:38.143 15616 15629 I art     : Explicit concurrent mark sweep GC freed 3(96B) AllocSpace objects, 0(0B) LOS objects, 28% free, 39MB/55MB, paused 598us total 21.920ms
08-05 02:44:38.205 13228 13228 I ServiceManager: Waiting for service AtCmdFwd...
08-05 02:44:38.477 15616 15627 I art     : Starting a blocking GC Explicit
08-05 02:44:38.503 15616 15627 I art     : Explicit concurrent mark sweep GC freed 1421(81KB) AllocSpace objects, 1(20KB) LOS objects, 28% free, 39MB/55MB, paused 600us total 25.198ms
08-05 02:44:38.511 15616 15627 I art     : Starting a blocking GC Explicit
08-05 02:44:38.533 15616 15627 I art     : Explicit concurrent mark sweep GC freed 26(928B) AllocSpace objects, 0(0B) LOS objects, 28% free, 39MB/55MB, paused 596us total 21.384ms
08-05 02:44:38.540 15616 15627 I art     : Starting a blocking GC Explicit
08-05 02:44:38.561 15616 15627 I art     : Explicit concurrent mark sweep GC freed 3(96B) AllocSpace objects, 0(0B) LOS objects, 28% free, 39MB/55MB, paused 601us total 21.362ms
08-05 02:44:38.568 15616 15627 I art     : Starting a blocking GC Explicit
08-05 02:44:38.589 15616 15627 I art     : Explicit concurrent mark sweep GC freed 3(96B) AllocSpace objects, 0(0B) LOS objects, 28% free, 39MB/55MB, paused 627us total 20.694ms
08-05 02:44:38.596 15616 15627 I art     : Starting a blocking GC Explicit
08-05 02:44:38.619 15616 15627 I art     : Explicit concurrent mark sweep GC freed 3(96B) AllocSpace objects, 0(0B) LOS objects, 28% free, 39MB/55MB, paused 625us total 22.172ms
08-05 02:44:38.952 15616 15856 I art     : Starting a blocking GC Explicit
08-05 02:44:38.976 15616 15856 I art     : Explicit concurrent mark sweep GC freed 1402(80KB) AllocSpace objects, 1(20KB) LOS objects, 28% free, 39MB/55MB, paused 640us total 23.726ms
08-05 02:44:38.984 15616 15856 I art     : Starting a blocking GC Explicit
08-05 02:44:39.006 15616 15856 I art     : Explicit concurrent mark sweep GC freed 20(704B) AllocSpace objects, 0(0B) LOS objects, 28% free, 39MB/55MB, paused 642us total 21.662ms
08-05 02:44:39.013 15616 15856 I art     : Starting a blocking GC Explicit
08-05 02:44:39.035 15616 15856 I art     : Explicit concurrent mark sweep GC freed 3(96B) AllocSpace objects, 0(0B) LOS objects, 28% free, 39MB/55MB, paused 634us total 22.085ms
08-05 02:44:39.043 15616 15856 I art     : Starting a blocking GC Explicit
08-05 02:44:39.065 15616 15856 I art     : Explicit concurrent mark sweep GC freed 3(96B) AllocSpace objects, 0(0B) LOS objects, 28% free, 39MB/55MB, paused 608us total 21.986ms
08-05 02:44:39.073 15616 15856 I art     : Starting a blocking GC Explicit
08-05 02:44:39.094 15616 15856 I art     : Explicit concurrent mark sweep GC freed 3(96B) AllocSpace objects, 0(0B) LOS objects, 28% free, 39MB/55MB, paused 620us total 21.339ms
08-05 02:44:39.205 13228 13228 I ServiceManager: Waiting for service AtCmdFwd...
08-05 02:44:39.428 15616 15647 I art     : Starting a blocking GC Explicit
08-05 02:44:39.453 15616 15647 I art     : Explicit concurrent mark sweep GC freed 1402(80KB) AllocSpace objects, 1(20KB) LOS objects, 28% free, 39MB/55MB, paused 620us total 24.665ms
08-05 02:44:39.463 15616 15647 I art     : Starting a blocking GC Explicit
08-05 02:44:39.484 15616 15647 I art     : Explicit concurrent mark sweep GC freed 20(704B) AllocSpace objects, 0(0B) LOS objects, 28% free, 39MB/55MB, paused 624us total 20.923ms
08-05 02:44:39.491 15616 15647 I art     : Starting a blocking GC Explicit
08-05 02:44:39.512 15616 15647 I art     : Explicit concurrent mark sweep GC freed 3(96B) AllocSpace objects, 0(0B) LOS objects, 28% free, 39MB/55MB, paused 595us total 20.815ms
08-05 02:44:39.519 15616 15647 I art     : Starting a blocking GC Explicit
08-05 02:44:39.541 15616 15647 I art     : Explicit concurrent mark sweep GC freed 3(96B) AllocSpace objects, 0(0B) LOS objects, 28% free, 39MB/55MB, paused 628us total 21.734ms
08-05 02:44:39.548 15616 15647 I art     : Starting a blocking GC Explicit
08-05 02:44:39.570 15616 15647 I art     : Explicit concurrent mark sweep GC freed 3(96B) AllocSpace objects, 0(0B) LOS objects, 28% free, 39MB/55MB, paused 630us total 21.857ms
08-05 02:44:39.877 15616 15629 I art     : Starting a blocking GC Explicit
08-05 02:44:39.902 15616 15629 I art     : Explicit concurrent mark sweep GC freed 1402(80KB) AllocSpace objects, 1(20KB) LOS objects, 28% free, 39MB/55MB, paused 653us total 24.726ms
08-05 02:44:39.911 15616 15629 I art     : Starting a blocking GC Explicit
08-05 02:44:39.934 15616 15629 I art     : Explicit concurrent mark sweep GC freed 20(704B) AllocSpace objects, 0(0B) LOS objects, 28% free, 39MB/55MB, paused 630us total 22.296ms
08-05 02:44:39.942 15616 15629 I art     : Starting a blocking GC Explicit
08-05 02:44:39.963 15616 15629 I art     : Explicit concurrent mark sweep GC freed 3(96B) AllocSpace objects, 0(0B) LOS objects, 28% free, 39MB/55MB, paused 628us total 21.006ms
08-05 02:44:39.970 15616 15629 I art     : Starting a blocking GC Explicit
08-05 02:44:39.992 15616 15629 I art     : Explicit concurrent mark sweep GC freed 3(96B) AllocSpace objects, 0(0B) LOS objects, 28% free, 39MB/55MB, paused 630us total 21.994ms
08-05 02:44:39.999 15616 15629 I art     : Starting a blocking GC Explicit
08-05 02:44:40.021 15616 15629 I art     : Explicit concurrent mark sweep GC freed 3(96B) AllocSpace objects, 0(0B) LOS objects, 28% free, 39MB/55MB, paused 623us total 20.961ms
08-05 02:44:40.206 13228 13228 W Atfwd_Sendcmd: AtCmdFwd service not published, waiting... retryCnt : 1
08-05 02:44:40.305 15616 15627 I art     : Starting a blocking GC Explicit
08-05 02:44:40.326 15616 15627 I art     : Explicit concurrent mark sweep GC freed 1402(80KB) AllocSpace objects, 1(20KB) LOS objects, 28% free, 39MB/55MB, paused 654us total 21.134ms
08-05 02:44:40.334 15616 15627 I art     : Starting a blocking GC Explicit
08-05 02:44:40.345 16495 16495 D AndroidRuntime: >>>>>> START com.android.internal.os.RuntimeInit uid 2000 <<<<<<
08-05 02:44:40.349 16495 16495 D AndroidRuntime: CheckJNI is OFF
08-05 02:44:40.355 15616 15627 I art     : Explicit concurrent mark sweep GC freed 20(704B) AllocSpace objects, 0(0B) LOS objects, 28% free, 39MB/55MB, paused 676us total 21.703ms
08-05 02:44:40.363 15616 15627 I art     : Starting a blocking GC Explicit
08-05 02:44:40.375 16495 16495 D ICU     : No timezone override file found: /data/misc/zoneinfo/current/icu/icu_tzdata.dat
08-05 02:44:40.382 15616 15627 I art     : Explicit concurrent mark sweep GC freed 3(96B) AllocSpace objects, 0(0B) LOS objects, 28% free, 39MB/55MB, paused 700us total 19.377ms
08-05 02:44:40.389 15616 15627 I art     : Starting a blocking GC Explicit
08-05 02:44:40.400 16495 16495 I Radio-JNI: register_android_hardware_Radio DONE
08-05 02:44:40.409 15616 15627 I art     : Explicit concurrent mark sweep GC freed 3(96B) AllocSpace objects, 0(0B) LOS objects, 28% free, 39MB/55MB, paused 582us total 19.654ms
08-05 02:44:40.416 16495 16495 D AndroidRuntime: Calling main entry com.android.commands.input.Input
08-05 02:44:40.416 15616 15627 I art     : Starting a blocking GC Explicit
08-05 02:44:40.417 16495 16495 I Input   : injectKeyEvent: KeyEvent { action=ACTION_DOWN, keyCode=KEYCODE_BACK, scanCode=0, metaState=0, flags=0x0, repeatCount=0, eventTime=758696830, downTime=758696830, deviceId=-1, source=0x101 }
08-05 02:44:40.423 16495 16495 I Input   : injectKeyEvent: KeyEvent { action=ACTION_UP, keyCode=KEYCODE_BACK, scanCode=0, metaState=0, flags=0x0, repeatCount=0, eventTime=758696830, downTime=758696830, deviceId=-1, source=0x101 }
08-05 02:44:40.430 16495 16495 D AndroidRuntime: Shutting down VM
08-05 02:44:40.436 15616 15627 I art     : Explicit concurrent mark sweep GC freed 77(15KB) AllocSpace objects, 1(20KB) LOS objects, 28% free, 39MB/55MB, paused 681us total 20.055ms
08-05 02:44:40.530 13866 13866 I GoogleInputMethodServic: GoogleInputMethodService.onFinishInput():3138 
08-05 02:44:40.531 13866 13866 I GoogleInputMethodServic: GoogleInputMethodService.onStartInput():1808 
08-05 02:44:40.557  5641 16522 W Gcs.WfaEliRefreshTask: [25673] afk.b: NULL eligibility response.
08-05 02:44:40.557 24365 21562 I NetworkScheduler.Stats: Task com.google.android.apps.gcs/ started execution. cause:4 exec_start_elapsed_seconds: 1742084 [CONTEXT service_id=218 ]
08-05 02:44:40.563 24365 21562 I NetworkScheduler.Stats: Task com.google.android.apps.gcs/ finished executing. cause:4 result: 3 elapsed_millis: 8 uptime_millis: 8 exec_start_elapsed_seconds: 1742084 [CONTEXT service_id=218 ]
08-05 02:44:40.596 24365  7398 I NetworkScheduler.Stats: Task com.google.android.gms/com.google.android.gms.phenotype.service.sync.PackageUpdateTaskService started execution. cause:5 exec_start_elapsed_seconds: 1742084 [CONTEXT service_id=218 ]
08-05 02:44:40.602 24577 23235 E SQLiteLog: (5) statement aborts at 2: [PRAGMA journal_mode=PERSIST] 
08-05 02:44:40.602 24577 23235 W SQLiteConnection: Could not change the database journal mode of '/data/user/0/com.google.android.gms/databases/phenotype.db' from 'wal' to 'PERSIST' because the database is locked.  This usually means that there are other open connections to the database which prevents the database from enabling or disabling write-ahead logging mode.  Proceeding without changing the journal mode.
08-05 02:44:40.619 24365 21562 I NetworkScheduler.Stats: Task com.google.android.gms/com.google.android.gms.stats.PlatformStatsCollectorService started execution. cause:5 exec_start_elapsed_seconds: 1742084 [CONTEXT service_id=218 ]
08-05 02:44:40.627   918  3359 I AccountManagerService: getTypesVisibleToCaller: isPermitted? true
08-05 02:44:40.633 24365 21562 I NetworkScheduler.Stats: Task com.google.android.gms/com.google.android.gms.stats.PlatformStatsCollectorService finished executing. cause:5 result: 1 elapsed_millis: 30 uptime_millis: 30 exec_start_elapsed_seconds: 1742084 [CONTEXT service_id=218 ]
08-05 02:44:40.683 15616 15627 I art     : Starting a blocking GC Explicit
08-05 02:44:40.705 15616 15627 I art     : Explicit concurrent mark sweep GC freed 4934(371KB) AllocSpace objects, 13(268KB) LOS objects, 28% free, 39MB/55MB, paused 633us total 20.949ms
08-05 02:44:40.712 15616 15627 I art     : Starting a blocking GC Explicit
08-05 02:44:40.732 15616 15627 I art     : Explicit concurrent mark sweep GC freed 299(13KB) AllocSpace objects, 0(0B) LOS objects, 28% free, 39MB/55MB, paused 706us total 20.169ms
08-05 02:44:40.740 15616 15627 I art     : Starting a blocking GC Explicit
08-05 02:44:40.761 15616 15627 I art     : Explicit concurrent mark sweep GC freed 15(896B) AllocSpace objects, 0(0B) LOS objects, 28% free, 39MB/55MB, paused 706us total 21ms
08-05 02:44:40.769 15616 15627 I art     : Starting a blocking GC Explicit
08-05 02:44:40.791 15616 15627 I art     : Explicit concurrent mark sweep GC freed 75(3KB) AllocSpace objects, 0(0B) LOS objects, 28% free, 39MB/55MB, paused 730us total 21.435ms
08-05 02:44:40.798 15616 15627 I art     : Starting a blocking GC Explicit
08-05 02:44:40.822 15616 15627 I art     : Explicit concurrent mark sweep GC freed 3(96B) AllocSpace objects, 0(0B) LOS objects, 28% free, 39MB/55MB, paused 643us total 23.797ms
08-05 02:44:40.841 24577 23235 E aofx    : Problem to get module version [CONTEXT service_id=51 ]
08-05 02:44:40.841 24577 23235 E aofx    : java.lang.IllegalStateException: Unable to get current module info in ModuleManager created with non-module Context
08-05 02:44:40.841 24577 23235 E aofx    : 	at com.google.android.chimera.config.ModuleManager.getCurrentModule(:com.google.android.gms@202614019@20.26.14 (040400-320008519):2)
08-05 02:44:40.841 24577 23235 E aofx    : 	at aofx.a(:com.google.android.gms@202614019@20.26.14 (040400-320008519):3)
08-05 02:44:40.841 24577 23235 E aofx    : 	at com.google.android.gms.phenotype.sync.PackageUpdateTaskChimeraService.a(:com.google.android.gms@202614019@20.26.14 (040400-320008519):42)
08-05 02:44:40.841 24577 23235 E aofx    : 	at com.google.android.gms.phenotype.sync.PackageUpdateTaskChimeraService.a(:com.google.android.gms@202614019@20.26.14 (040400-320008519):40)
08-05 02:44:40.841 24577 23235 E aofx    : 	at com.google.android.gms.phenotype.sync.PackageUpdateTaskChimeraService.a(:com.google.android.gms@202614019@20.26.14 (040400-320008519):78)
08-05 02:44:40.841 24577 23235 E aofx    : 	at aegr.call(Unknown Source)
08-05 02:44:40.841 24577 23235 E aofx    : 	at java.util.concurrent.FutureTask.run(FutureTask.java:237)
08-05 02:44:40.841 24577 23235 E aofx    : 	at skp.b(:com.google.android.gms@202614019@20.26.14 (040400-320008519):12)
08-05 02:44:40.841 24577 23235 E aofx    : 	at skp.run(:com.google.android.gms@202614019@20.26.14 (040400-320008519):7)
08-05 02:44:40.841 24577 23235 E aofx    : 	at java.util.concurrent.ThreadPoolExecutor.runWorker(ThreadPoolExecutor.java:1113)
08-05 02:44:40.841 24577 23235 E aofx    : 	at java.util.concurrent.ThreadPoolExecutor$Worker.run(ThreadPoolExecutor.java:588)
08-05 02:44:40.841 24577 23235 E aofx    : 	at sql.run(:com.google.android.gms@202614019@20.26.14 (040400-320008519):0)
08-05 02:44:40.841 24577 23235 E aofx    : 	at java.lang.Thread.run(Thread.java:818)
08-05 02:44:40.869   918   931 I ActivityManager: Start proc 16534:com.google.android.talk/u0a53 for broadcast com.google.android.talk/com.google.android.apps.hangouts.experiment.impl.HangoutsPhenotypeBroadcastReceiver
08-05 02:44:41.084 15616 16518 I NAPPA_EXPERIMENTATION: MetricNetworkRequestExecutionTime: REQUEST_DURATION_SYSTEM='547',REQUEST_DURATION_OKHTTP='42',REQUEST_SYNCHRONOUS='TRUE',RESPONSE_CODE='200',RESPONSE_METHOD='GET',RESPONSE_LENGTH_OKHTTP='-1',RESPONSE_LENGTH_HEADER='22512',REQUEST_PROTOCOL='http/1.1',REQUEST_URL='https://www.newsblur.com/social/river_stories?order=newest&page=3&read_filter=all&global_feed=true',
08-05 02:44:41.084 15616 16518 D MY_TAG  : 0, 547
08-05 02:44:41.087 15616 15627 I art     : Starting a blocking GC Explicit
08-05 02:44:41.103 13866 13866 I PhenotypeModule: PhenotypeModule.receiveBroadcast():362 onReceive() urgent = false
08-05 02:44:41.103 13866 13866 I PhenotypeModule: PhenotypeModule.maybeFetchAndUpdate():167 maybeFetchAndUpdate: forceRefresh=false
08-05 02:44:41.108 15616 15627 I art     : Explicit concurrent mark sweep GC freed 5684(303KB) AllocSpace objects, 4(220KB) LOS objects, 28% free, 39MB/55MB, paused 733us total 20.662ms
08-05 02:44:41.115 15616 15627 I art     : Starting a blocking GC Explicit
08-05 02:44:41.137 15616 15627 I art     : Explicit concurrent mark sweep GC freed 11906(691KB) AllocSpace objects, 1(20KB) LOS objects, 28% free, 40MB/56MB, paused 932us total 21.437ms
08-05 02:44:41.144 15616 15627 I art     : Starting a blocking GC Explicit
08-05 02:44:41.166 15616 15627 I art     : Explicit concurrent mark sweep GC freed 9075(883KB) AllocSpace objects, 20(688KB) LOS objects, 28% free, 40MB/56MB, paused 857us total 22.180ms
08-05 02:44:41.171 13866 16560 E PhenotypeModule: PhenotypeModule.handlePhenotypeConfigurationUpdates():246 Get empty configurations.
08-05 02:44:41.173 15616 15627 I art     : Starting a blocking GC Explicit
08-05 02:44:41.179 13866 16562 I PhenotypeModule: PhenotypeModule.lambda$fetchAndUpdate$3():215 fetchAndUpdate() : Success, hasFlags=true, flagCount=588, lastFetchStatus=August 5, 2:44 AM {reason=2, isFullFetch=false, success=true, isEmpty=true, isDelta=false, updatedFlagsCount=0, deletedFlagsCount=0, totalTime=69}
08-05 02:44:41.196 15616 15627 I art     : Explicit concurrent mark sweep GC freed 13614(864KB) AllocSpace objects, 4(80KB) LOS objects, 28% free, 39MB/55MB, paused 692us total 22.211ms
08-05 02:44:41.203 15616 15627 I art     : Starting a blocking GC Explicit
08-05 02:44:41.211 24577 23235 E aofx    : Problem to get module version [CONTEXT service_id=51 ]
08-05 02:44:41.211 24577 23235 E aofx    : java.lang.IllegalStateException: Unable to get current module info in ModuleManager created with non-module Context
08-05 02:44:41.211 24577 23235 E aofx    : 	at com.google.android.chimera.config.ModuleManager.getCurrentModule(:com.google.android.gms@202614019@20.26.14 (040400-320008519):2)
08-05 02:44:41.211 24577 23235 E aofx    : 	at aofx.a(:com.google.android.gms@202614019@20.26.14 (040400-320008519):3)
08-05 02:44:41.211 24577 23235 E aofx    : 	at com.google.android.gms.phenotype.sync.PackageUpdateTaskChimeraService.a(:com.google.android.gms@202614019@20.26.14 (040400-320008519):88)
08-05 02:44:41.211 24577 23235 E aofx    : 	at aegr.call(Unknown Source)
08-05 02:44:41.211 24577 23235 E aofx    : 	at java.util.concurrent.FutureTask.run(FutureTask.java:237)
08-05 02:44:41.211 24577 23235 E aofx    : 	at skp.b(:com.google.android.gms@202614019@20.26.14 (040400-320008519):12)
08-05 02:44:41.211 24577 23235 E aofx    : 	at skp.run(:com.google.android.gms@202614019@20.26.14 (040400-320008519):7)
08-05 02:44:41.211 24577 23235 E aofx    : 	at java.util.concurrent.ThreadPoolExecutor.runWorker(ThreadPoolExecutor.java:1113)
08-05 02:44:41.211 24577 23235 E aofx    : 	at java.util.concurrent.ThreadPoolExecutor$Worker.run(ThreadPoolExecutor.java:588)
08-05 02:44:41.211 24577 23235 E aofx    : 	at sql.run(:com.google.android.gms@202614019@20.26.14 (040400-320008519):0)
08-05 02:44:41.211 24577 23235 E aofx    : 	at java.lang.Thread.run(Thread.java:818)
08-05 02:44:41.217 24365 23289 I NetworkScheduler.Stats: Task com.google.android.gms/com.google.android.gms.phenotype.service.sync.PackageUpdateTaskService finished executing. cause:5 result: 1 elapsed_millis: 632 uptime_millis: 632 exec_start_elapsed_seconds: 1742084 [CONTEXT service_id=218 ]
08-05 02:44:41.223 15616 15627 I art     : Explicit concurrent mark sweep GC freed 465(26KB) AllocSpace objects, 1(184KB) LOS objects, 28% free, 39MB/55MB, paused 762us total 20.264ms
08-05 02:44:41.505 15616 15629 I art     : Starting a blocking GC Explicit
08-05 02:44:41.527 15616 15629 I art     : Explicit concurrent mark sweep GC freed 3276(236KB) AllocSpace objects, 5(120KB) LOS objects, 28% free, 39MB/55MB, paused 759us total 22.192ms
08-05 02:44:41.535 15616 15629 I art     : Starting a blocking GC Explicit
08-05 02:44:41.556 15616 15629 I art     : Explicit concurrent mark sweep GC freed 149(5KB) AllocSpace objects, 0(0B) LOS objects, 28% free, 39MB/55MB, paused 641us total 20.906ms
08-05 02:44:41.564 15616 15629 I art     : Starting a blocking GC Explicit
08-05 02:44:41.584 15616 15629 I art     : Explicit concurrent mark sweep GC freed 8(256B) AllocSpace objects, 0(0B) LOS objects, 28% free, 39MB/55MB, paused 640us total 20.386ms
08-05 02:44:41.591 15616 15629 I art     : Starting a blocking GC Explicit
08-05 02:44:41.604   518   646 I ThermalEngine: ACTION: GPU - Setting GPU[0] to 510000000
08-05 02:44:41.614 15616 15629 I art     : Explicit concurrent mark sweep GC freed 5(160B) AllocSpace objects, 0(0B) LOS objects, 28% free, 39MB/55MB, paused 1.077ms total 23.160ms
08-05 02:44:41.619 16534 16582 E gve     : Babel_SMS: canonicalizeMccMnc: invalid mccmnc 
08-05 02:44:41.623 15616 15629 I art     : Starting a blocking GC Explicit
08-05 02:44:41.624 16534 16582 E gve     : Babel_SMS: canonicalizeMccMnc: invalid mccmnc nullnull
08-05 02:44:41.649 15616 15629 I art     : Explicit concurrent mark sweep GC freed 1661(65KB) AllocSpace objects, 0(0B) LOS objects, 28% free, 39MB/55MB, paused 937us total 25.223ms
08-05 02:44:41.649 15616 15626 I art     : WaitForGcToComplete blocked for 13.731ms for cause HeapTrim
08-05 02:44:41.683 15616 16518 I NAPPA_EXPERIMENTATION: MetricNetworkRequestExecutionTime: REQUEST_DURATION_SYSTEM='446',REQUEST_DURATION_OKHTTP='40',REQUEST_SYNCHRONOUS='TRUE',RESPONSE_CODE='200',RESPONSE_METHOD='GET',RESPONSE_LENGTH_OKHTTP='-1',RESPONSE_LENGTH_HEADER='10672',REQUEST_PROTOCOL='http/1.1',REQUEST_URL='https://www.newsblur.com/social/river_stories?order=newest&page=4&read_filter=all&global_feed=true',
08-05 02:44:41.683 15616 16518 D MY_TAG  : 0, 446
08-05 02:44:41.825   918  3359 I ActivityManager: Start proc 16608:com.google.android.apps.docs/u0a43 for broadcast com.google.android.apps.docs/com.google.android.libraries.internal.growth.growthkit.internal.experiments.impl.PhenotypeBroadcastReceiver
08-05 02:44:41.936 15616 15629 I art     : Starting a blocking GC Explicit
08-05 02:44:41.964 15616 15629 I art     : Explicit concurrent mark sweep GC freed 13396(1347KB) AllocSpace objects, 30(772KB) LOS objects, 28% free, 39MB/55MB, paused 839us total 27.720ms
08-05 02:44:41.973 15616 15629 I art     : Starting a blocking GC Explicit
08-05 02:44:41.998 15616 15629 I art     : Explicit concurrent mark sweep GC freed 2360(204KB) AllocSpace objects, 0(0B) LOS objects, 28% free, 39MB/55MB, paused 952us total 24.930ms
08-05 02:44:42.007 15616 15629 I art     : Starting a blocking GC Explicit
08-05 02:44:42.031 15616 15629 I art     : Explicit concurrent mark sweep GC freed 3(96B) AllocSpace objects, 0(0B) LOS objects, 28% free, 39MB/55MB, paused 891us total 23.975ms
08-05 02:44:42.040 15616 15629 I art     : Starting a blocking GC Explicit
08-05 02:44:42.043 16586 16586 D AndroidRuntime: >>>>>> START com.android.internal.os.RuntimeInit uid 2000 <<<<<<
08-05 02:44:42.047 16586 16586 D AndroidRuntime: CheckJNI is OFF
08-05 02:44:42.064 15616 15629 I art     : Explicit concurrent mark sweep GC freed 3(96B) AllocSpace objects, 0(0B) LOS objects, 28% free, 39MB/55MB, paused 857us total 23.885ms
08-05 02:44:42.072 15616 15629 I art     : Starting a blocking GC Explicit
08-05 02:44:42.078 16586 16586 D ICU     : No timezone override file found: /data/misc/zoneinfo/current/icu/icu_tzdata.dat
08-05 02:44:42.097 15616 15629 I art     : Explicit concurrent mark sweep GC freed 3(96B) AllocSpace objects, 0(0B) LOS objects, 28% free, 39MB/55MB, paused 922us total 24.300ms
08-05 02:44:42.109 16586 16586 I Radio-JNI: register_android_hardware_Radio DONE
08-05 02:44:42.130 16586 16586 D AndroidRuntime: Calling main entry com.android.commands.input.Input
08-05 02:44:42.131 16586 16586 I Input   : injectMotionEvent: MotionEvent { action=ACTION_DOWN, actionButton=0, id[0]=0, x[0]=435.0, y[0]=858.0, toolType[0]=TOOL_TYPE_UNKNOWN, buttonState=0, metaState=0, flags=0x0, edgeFlags=0x0, pointerCount=1, historySize=0, eventTime=758698544, downTime=758698544, deviceId=0, source=0x1002 }
08-05 02:44:42.134 16586 16586 I Input   : injectMotionEvent: MotionEvent { action=ACTION_UP, actionButton=0, id[0]=0, x[0]=435.0, y[0]=858.0, toolType[0]=TOOL_TYPE_UNKNOWN, buttonState=0, metaState=0, flags=0x0, edgeFlags=0x0, pointerCount=1, historySize=0, eventTime=758698544, downTime=758698544, deviceId=0, source=0x1002 }
08-05 02:44:42.136 16586 16586 D AndroidRuntime: Shutting down VM
08-05 02:44:42.150   512  2967 D audio_hw_primary: out_set_parameters: enter: usecase(1: low-latency-playback) kvpairs: routing=2
08-05 02:44:42.151   918   929 I ActivityManager: START u0 {cmp=baseline.com.newsblur/.activity.GlobalSharedStoriesReading (has extras)} from uid 10676 on display 0
08-05 02:44:42.163   512  2967 D audio_hw_primary: select_devices: out_snd_device(2: speaker) in_snd_device(0: none)
08-05 02:44:42.163   512  2967 D msm8974_platform: platform_send_audio_calibration: sending audio calibration for snd_device(2) acdb_id(15)
08-05 02:44:42.163   512  2967 I soundtrigger: audio_extn_sound_trigger_update_device_status: device 0x2 of type 0 for Event 1
08-05 02:44:42.182   512  2967 D audio_hw_primary: enable_snd_device: snd_device(2: speaker)
08-05 02:44:42.185   512  2967 D audio_hw_primary: enable_audio_route: apply and update mixer path: low-latency-playback speaker
08-05 02:44:42.288   918  3961 I AccountManagerService: getTypesVisibleToCaller: isPermitted? false
08-05 02:44:42.338   918   936 I ActivityManager: Displayed baseline.com.newsblur/.activity.GlobalSharedStoriesReading: +181ms
08-05 02:44:42.342 13866 13866 I GoogleInputMethodServic: GoogleInputMethodService.onFinishInput():3138 
08-05 02:44:42.343 13866 13866 I GoogleInputMethodServic: GoogleInputMethodService.onStartInput():1808 
08-05 02:44:42.371 15616 16533 I art     : Starting a blocking GC Explicit
08-05 02:44:42.404 15616 16533 I art     : Explicit concurrent mark sweep GC freed 4642(369KB) AllocSpace objects, 9(608KB) LOS objects, 28% free, 40MB/56MB, paused 3.915ms total 32.789ms
08-05 02:44:42.414 15616 16533 I art     : Starting a blocking GC Explicit
08-05 02:44:42.446 15616 16533 I art     : Explicit concurrent mark sweep GC freed 2128(113KB) AllocSpace objects, 2(48KB) LOS objects, 28% free, 40MB/56MB, paused 1.484ms total 31.949ms
08-05 02:44:42.457 15616 16533 I art     : Starting a blocking GC Explicit
08-05 02:44:42.489 15616 16533 I art     : Explicit concurrent mark sweep GC freed 1013(84KB) AllocSpace objects, 9(216KB) LOS objects, 28% free, 40MB/56MB, paused 1.200ms total 32.007ms
08-05 02:44:42.500 15616 16533 I art     : Starting a blocking GC Explicit
08-05 02:44:42.538 15616 15638 E SQLiteLog: (9) statement aborts at 27: [SELECT authors,short_content,timestamp,sharedDate,stories.feed_id,stories._id,intelligence_authors,intelligence_feed,intelligence_tags,intelligence_total,intelligence_title,permalink,r
08-05 02:44:42.541 15616 16533 I art     : Explicit concurrent mark sweep GC freed 1382(116KB) AllocSpace objects, 0(0B) LOS objects, 28% free, 40MB/56MB, paused 1.378ms total 41.278ms
08-05 02:44:42.551 15616 16533 I art     : Starting a blocking GC Explicit
08-05 02:44:42.585 15616 16533 I art     : Explicit concurrent mark sweep GC freed 2693(222KB) AllocSpace objects, 7(140KB) LOS objects, 28% free, 40MB/56MB, paused 1.298ms total 33.438ms
08-05 02:44:42.610   918   929 I AccountManagerService: getTypesVisibleToCaller: isPermitted? true
08-05 02:44:42.620   918  3961 I AccountManagerService: getTypesVisibleToCaller: isPermitted? true
08-05 02:44:42.626 15616 16226 E chromium: [ERROR:tile_manager.cc(793)] WARNING: tile memory limits exceeded, some content may not draw
08-05 02:44:42.626 15616 16226 E chromium: [ERROR:tile_manager.cc(793)] WARNING: tile memory limits exceeded, some content may not draw
08-05 02:44:42.670   918   929 I AccountManagerService: getTypesVisibleToCaller: isPermitted? true
08-05 02:44:42.677   918  6029 I AccountManagerService: getTypesVisibleToCaller: isPermitted? false
08-05 02:44:42.702 16608 16666 I GAv4    : Google Analytics 202.8.12 is starting up. To enable debug logging on a device run:
08-05 02:44:42.702 16608 16666 I GAv4    :   adb shell setprop log.tag.GAv4 DEBUG
08-05 02:44:42.702 16608 16666 I GAv4    :   adb logcat -s GAv4
08-05 02:44:42.719   512  2967 D audio_hw_primary: disable_audio_route: reset and update mixer path: low-latency-playback speaker
08-05 02:44:42.721   512  2967 D audio_hw_primary: disable_snd_device: snd_device(2: speaker)
08-05 02:44:42.728   512  2967 I soundtrigger: audio_extn_sound_trigger_update_device_status: device 0x2 of type 0 for Event 0
08-05 02:44:42.907 15616 15629 I art     : Starting a blocking GC Explicit
08-05 02:44:42.918 16608 16674 W FieldDefinition: [RxCachedThreadScheduler-7] Ignoring isIndexed constraint as field also has uniqueness constraint (on just this field, and therefore SQLite will have to create an index on that. For field: brc$a@6bc5b15
08-05 02:44:42.924 16608 16685 W GAv4    : CampaignTrackingReceiver is not registered, not exported or is disabled. Installation campaign tracking is not possible. See http://goo.gl/8Rd3yj for instructions.
08-05 02:44:42.937 15616 15629 I art     : Explicit concurrent mark sweep GC freed 3741(242KB) AllocSpace objects, 3(68KB) LOS objects, 28% free, 40MB/56MB, paused 989us total 29.482ms
08-05 02:44:42.947 15616 15629 I art     : Starting a blocking GC Explicit
08-05 02:44:42.975 15616 15629 I art     : Explicit concurrent mark sweep GC freed 361(16KB) AllocSpace objects, 0(0B) LOS objects, 28% free, 40MB/56MB, paused 1.019ms total 28.160ms
08-05 02:44:42.984 15616 15629 I art     : Starting a blocking GC Explicit
08-05 02:44:43.013 15616 15629 I art     : Explicit concurrent mark sweep GC freed 3(96B) AllocSpace objects, 0(0B) LOS objects, 28% free, 40MB/56MB, paused 927us total 28.572ms
08-05 02:44:43.023 15616 15629 I art     : Starting a blocking GC Explicit
08-05 02:44:43.051 15616 15629 I art     : Explicit concurrent mark sweep GC freed 3(96B) AllocSpace objects, 0(0B) LOS objects, 28% free, 40MB/56MB, paused 1.095ms total 28.307ms
08-05 02:44:43.061 15616 15629 I art     : Starting a blocking GC Explicit
08-05 02:44:43.091 15616 15629 I art     : Explicit concurrent mark sweep GC freed 2317(121KB) AllocSpace objects, 3(200KB) LOS objects, 28% free, 40MB/56MB, paused 1.170ms total 29.886ms
08-05 02:44:43.132 15616 16662 E baseline.com.newsblur.network.APIResponse: Error (unexpected end of stream on https://www.newsblur.com/...) calling https://www.newsblur.com/reader/mark_story_hashes_as_read/
08-05 02:44:43.132 15616 16662 E baseline.com.newsblur.network.APIResponse: java.io.IOException: unexpected end of stream on https://www.newsblur.com/...
08-05 02:44:43.132 15616 16662 E baseline.com.newsblur.network.APIResponse: 	at okhttp3.internal.http1.Http1ExchangeCodec.readResponseHeaders(Http1ExchangeCodec.java:236)
08-05 02:44:43.132 15616 16662 E baseline.com.newsblur.network.APIResponse: 	at okhttp3.internal.connection.Exchange.readResponseHeaders(Exchange.java:115)
08-05 02:44:43.132 15616 16662 E baseline.com.newsblur.network.APIResponse: 	at okhttp3.internal.http.CallServerInterceptor.intercept(CallServerInterceptor.java:94)
08-05 02:44:43.132 15616 16662 E baseline.com.newsblur.network.APIResponse: 	at okhttp3.internal.http.RealInterceptorChain.proceed(RealInterceptorChain.java:142)
08-05 02:44:43.132 15616 16662 E baseline.com.newsblur.network.APIResponse: 	at okhttp3.internal.connection.ConnectInterceptor.intercept(ConnectInterceptor.java:43)
08-05 02:44:43.132 15616 16662 E baseline.com.newsblur.network.APIResponse: 	at okhttp3.internal.http.RealInterceptorChain.proceed(RealInterceptorChain.java:142)
08-05 02:44:43.132 15616 16662 E baseline.com.newsblur.network.APIResponse: 	at okhttp3.internal.http.RealInterceptorChain.proceed(RealInterceptorChain.java:117)
08-05 02:44:43.132 15616 16662 E baseline.com.newsblur.network.APIResponse: 	at okhttp3.internal.cache.CacheInterceptor.intercept(CacheInterceptor.java:94)
08-05 02:44:43.132 15616 16662 E baseline.com.newsblur.network.APIResponse: 	at okhttp3.internal.http.RealInterceptorChain.proceed(RealInterceptorChain.java:142)
08-05 02:44:43.132 15616 16662 E baseline.com.newsblur.network.APIResponse: 	at okhttp3.internal.http.RealInterceptorChain.proceed(RealInterceptorChain.java:117)
08-05 02:44:43.132 15616 16662 E baseline.com.newsblur.network.APIResponse: 	at okhttp3.internal.http.BridgeInterceptor.intercept(BridgeInterceptor.java:93)
08-05 02:44:43.132 15616 16662 E baseline.com.newsblur.network.APIResponse: 	at okhttp3.internal.http.RealInterceptorChain.proceed(RealInterceptorChain.java:142)
08-05 02:44:43.132 15616 16662 E baseline.com.newsblur.network.APIResponse: 	at okhttp3.internal.http.RetryAndFollowUpInterceptor.intercept(RetryAndFollowUpInterceptor.java:88)
08-05 02:44:43.132 15616 16662 E baseline.com.newsblur.network.APIResponse: 	at okhttp3.internal.http.RealInterceptorChain.proceed(RealInterceptorChain.java:142)
08-05 02:44:43.132 15616 16662 E baseline.com.newsblur.network.APIResponse: 	at okhttp3.internal.http.RealInterceptorChain.proceed(RealInterceptorChain.java:117)
08-05 02:44:43.132 15616 16662 E baseline.com.newsblur.network.APIResponse: 	at okhttp3.RealCall.getResponseWithInterceptorChain(RealCall.java:229)
08-05 02:44:43.132 15616 16662 E baseline.com.newsblur.network.APIResponse: 	at okhttp3.RealCall.execute(RealCall.java:81)
08-05 02:44:43.132 15616 16662 E baseline.com.newsblur.network.APIResponse: 	at baseline.com.newsblur.network.APIResponse.<init>(APIResponse.java:57)
08-05 02:44:43.132 15616 16662 E baseline.com.newsblur.network.APIResponse: 	at baseline.com.newsblur.network.APIResponse.<init>(APIResponse.java:43)
08-05 02:44:43.132 15616 16662 E baseline.com.newsblur.network.APIResponse: 	at baseline.com.newsblur.network.APIManager.post_single(APIManager.java:702)
08-05 02:44:43.132 15616 16662 E baseline.com.newsblur.network.APIResponse: 	at baseline.com.newsblur.network.APIManager.post(APIManager.java:675)
08-05 02:44:43.132 15616 16662 E baseline.com.newsblur.network.APIResponse: 	at baseline.com.newsblur.network.APIManager.post(APIManager.java:714)
08-05 02:44:43.132 15616 16662 E baseline.com.newsblur.network.APIResponse: 	at baseline.com.newsblur.network.APIManager.markStoryAsRead(APIManager.java:205)
08-05 02:44:43.132 15616 16662 E baseline.com.newsblur.network.APIResponse: 	at baseline.com.newsblur.util.ReadingAction.doRemote(ReadingAction.java:281)
08-05 02:44:43.132 15616 16662 E baseline.com.newsblur.network.APIResponse: 	at baseline.com.newsblur.service.NBSyncService.syncActions(NBSyncService.java:400)
08-05 02:44:43.132 15616 16662 E baseline.com.newsblur.network.APIResponse: 	at baseline.com.newsblur.service.NBSyncService.doSync(NBSyncService.java:298)
08-05 02:44:43.132 15616 16662 E baseline.com.newsblur.network.APIResponse: 	at baseline.com.newsblur.service.NBSyncService.access$100(NBSyncService.java:67)
08-05 02:44:43.132 15616 16662 E baseline.com.newsblur.network.APIResponse: 	at baseline.com.newsblur.service.NBSyncService$1.run(NBSyncService.java:188)
08-05 02:44:43.132 15616 16662 E baseline.com.newsblur.network.APIResponse: 	at java.util.concurrent.ThreadPoolExecutor.runWorker(ThreadPoolExecutor.java:1113)
08-05 02:44:43.132 15616 16662 E baseline.com.newsblur.network.APIResponse: 	at java.util.concurrent.ThreadPoolExecutor$Worker.run(ThreadPoolExecutor.java:588)
08-05 02:44:43.132 15616 16662 E baseline.com.newsblur.network.APIResponse: 	at java.lang.Thread.run(Thread.java:818)
08-05 02:44:43.132 15616 16662 E baseline.com.newsblur.network.APIResponse: Caused by: java.io.EOFException: \n not found: limit=0 content=
08-05 02:44:43.132 15616 16662 E baseline.com.newsblur.network.APIResponse: 	at okio.RealBufferedSource.readUtf8LineStrict(RealBufferedSource.java:240)
08-05 02:44:43.132 15616 16662 E baseline.com.newsblur.network.APIResponse: 	at okhttp3.internal.http1.Http1ExchangeCodec.readHeaderLine(Http1ExchangeCodec.java:242)
08-05 02:44:43.132 15616 16662 E baseline.com.newsblur.network.APIResponse: 	at okhttp3.internal.http1.Http1ExchangeCodec.readResponseHeaders(Http1ExchangeCodec.java:213)
08-05 02:44:43.132 15616 16662 E baseline.com.newsblur.network.APIResponse: 	... 30 more
08-05 02:44:43.134 15616 16662 I baseline.com.newsblur.network.APIManager: API call failed, pausing before retry number 1
08-05 02:44:43.305   918  3714 I AccountManagerService: getTypesVisibleToCaller: isPermitted? true
08-05 02:44:43.347   918   927 I art     : Background partial concurrent mark sweep GC freed 62400(5MB) AllocSpace objects, 99(1980KB) LOS objects, 18% free, 68MB/84MB, paused 1.379ms total 169.283ms
08-05 02:44:43.377   918  3670 I AccountManagerService: getTypesVisibleToCaller: isPermitted? true
08-05 02:44:43.388 15616 15629 I art     : Starting a blocking GC Explicit
08-05 02:44:43.413   918  6110 I ActivityManager: Start proc 16725:com.google.android.dialer/u0a14 for broadcast com.google.android.dialer/com.google.android.apps.dialer.phenotype.UpdateBroadcastReceiver
08-05 02:44:43.413   918  6110 I ActivityManager: Killing 24138:com.google.android.partnersetup/u0a18 (adj 15): empty #17
08-05 02:44:43.417 15616 15629 I art     : Explicit concurrent mark sweep GC freed 3252(409KB) AllocSpace objects, 3(60KB) LOS objects, 28% free, 40MB/56MB, paused 913us total 28.886ms
08-05 02:44:43.426 15616 15629 I art     : Starting a blocking GC Explicit
08-05 02:44:43.455 15616 15629 I art     : Explicit concurrent mark sweep GC freed 102(3KB) AllocSpace objects, 0(0B) LOS objects, 28% free, 40MB/56MB, paused 861us total 28.446ms
08-05 02:44:43.463 15616 15629 I art     : Starting a blocking GC Explicit
08-05 02:44:43.485   918  6110 I AccountManagerService: getTypesVisibleToCaller: isPermitted? true
08-05 02:44:43.492 15616 15629 I art     : Explicit concurrent mark sweep GC freed 18(784B) AllocSpace objects, 0(0B) LOS objects, 28% free, 40MB/56MB, paused 856us total 28.389ms
08-05 02:44:43.501 15616 15629 I art     : Starting a blocking GC Explicit
08-05 02:44:43.532 15616 15629 I art     : Explicit concurrent mark sweep GC freed 27(1408B) AllocSpace objects, 0(0B) LOS objects, 28% free, 40MB/56MB, paused 855us total 30.441ms
08-05 02:44:43.541 15616 15629 I art     : Starting a blocking GC Explicit
08-05 02:44:43.569 15616 15629 I art     : Explicit concurrent mark sweep GC freed 9(320B) AllocSpace objects, 0(0B) LOS objects, 28% free, 40MB/56MB, paused 946us total 27.702ms
08-05 02:44:43.609   518   646 I ThermalEngine: ACTION: GPU - Setting GPU[0] to 450000000
08-05 02:44:43.652 15616 16226 E chromium: [ERROR:tile_manager.cc(793)] WARNING: tile memory limits exceeded, some content may not draw
08-05 02:44:43.652 15616 16226 E chromium: [ERROR:tile_manager.cc(793)] WARNING: tile memory limits exceeded, some content may not draw
08-05 02:44:43.663 15616 16226 E chromium: [ERROR:tile_manager.cc(793)] WARNING: tile memory limits exceeded, some content may not draw
08-05 02:44:43.663 15616 16226 E chromium: [ERROR:tile_manager.cc(793)] WARNING: tile memory limits exceeded, some content may not draw
08-05 02:44:43.668 15616 16226 E chromium: [ERROR:tile_manager.cc(793)] WARNING: tile memory limits exceeded, some content may not draw
08-05 02:44:43.669 15616 16226 E chromium: [ERROR:tile_manager.cc(793)] WARNING: tile memory limits exceeded, some content may not draw
08-05 02:44:43.899 15616 15647 I art     : Starting a blocking GC Explicit
08-05 02:44:43.938 15616 15647 I art     : Explicit concurrent mark sweep GC freed 1558(86KB) AllocSpace objects, 1(20KB) LOS objects, 28% free, 40MB/56MB, paused 1.238ms total 38.204ms
08-05 02:44:43.950 15616 15647 I art     : Starting a blocking GC Explicit
08-05 02:44:43.987 15616 15647 I art     : Explicit concurrent mark sweep GC freed 24(864B) AllocSpace objects, 0(0B) LOS objects, 28% free, 40MB/56MB, paused 1.259ms total 36.994ms
08-05 02:44:44.000 15616 15647 I art     : Starting a blocking GC Explicit
08-05 02:44:44.023 16725 16725 I Dialer  : GoogleDialerApplication.onCreate - enter
08-05 02:44:44.037 15616 15647 I art     : Explicit concurrent mark sweep GC freed 3(96B) AllocSpace objects, 0(0B) LOS objects, 28% free, 40MB/56MB, paused 1.233ms total 37.150ms
08-05 02:44:44.050 15616 15647 I art     : Starting a blocking GC Explicit
08-05 02:44:44.069 16725 16725 I Dialer  : DialerExecutorModule.newThread - creating low priority thread
08-05 02:44:44.088 15616 15647 I art     : Explicit concurrent mark sweep GC freed 3(96B) AllocSpace objects, 0(0B) LOS objects, 28% free, 40MB/56MB, paused 1.234ms total 36.996ms
08-05 02:44:44.100 15616 15647 I art     : Starting a blocking GC Explicit
08-05 02:44:44.120 16725 16725 I Dialer  : SpamModule.provideSpam - using in-app spam
08-05 02:44:44.121 16725 16725 I Dialer  : CallLogFramework.registerContentObservers - enter
08-05 02:44:44.122 16725 16725 I Dialer  : CallLogFramework.registerContentObservers - not registering content observers
08-05 02:44:44.125 16725 16725 I Dialer  : SpamModule.provideSpam - using in-app spam
08-05 02:44:44.130 16725 16725 I Dialer  : DialerExecutorModule.newThread - creating low priority thread
08-05 02:44:44.138 15616 15647 I art     : Explicit concurrent mark sweep GC freed 3(96B) AllocSpace objects, 0(0B) LOS objects, 28% free, 40MB/56MB, paused 1.241ms total 37.194ms
08-05 02:44:44.190 16725 16725 I Dialer  : NonUiTaskBuilder.newThread - creating serial thread
08-05 02:44:44.191 16725 16725 I Dialer  : DialerExecutorModule.newThread - creating low priority thread
08-05 02:44:44.191 16725 16725 I Dialer  : ShortcutsJobScheduler.scheduleAllJobs - enter
08-05 02:44:44.209 16725 16725 I Dialer  : ShortcutsJobScheduler.scheduleAllJobs - enabling shortcuts
08-05 02:44:44.210 16725 16725 I Dialer  : PeriodicJobService.schedulePeriodicJob - enter
08-05 02:44:44.210 16725 16725 I Dialer  : GoogleDialerApplication.onCreate - register new client
08-05 02:44:44.232 16725 16725 I Dialer  : GoogleDialerApplication.onCreate - registered new client
08-05 02:44:44.260 24577 27380 I PeopleChimeraService: onService. callbacks = zwl@555b92e, request = com.google.android.gms.common.internal.GetServiceRequest@b800ccf
08-05 02:44:44.272 24577 27385 I PeopleChimeraService: onService. callbacks = zwl@c13dd65, request = com.google.android.gms.common.internal.GetServiceRequest@3083a3a
08-05 02:44:44.314 16725 16725 I Dialer  : Flags.register - phenotype register status: true
08-05 02:44:44.369 16725 16725 I Dialer  : Flags.register - commit succeeded: true
08-05 02:44:44.423 16725 16725 I Dialer  : UpdateBroadcastReceiver.onReceive - commit succeeded: true
08-05 02:44:44.475 15616 16533 I art     : Starting a blocking GC Explicit
08-05 02:44:44.515 15616 16533 I art     : Explicit concurrent mark sweep GC freed 1441(83KB) AllocSpace objects, 1(20KB) LOS objects, 28% free, 40MB/56MB, paused 1.204ms total 39.022ms
08-05 02:44:44.520   918  3961 I ActivityManager: Start proc 16774:com.google.android.gm/u0a68 for broadcast com.google.android.gm/com.google.android.libraries.internal.growth.growthkit.internal.experiments.impl.PhenotypeBroadcastReceiver
08-05 02:44:44.528 24365 16773 I Auth    : [AuthManaged,PasswordComplexityHelperImpl] Updating password complexity components state.
08-05 02:44:44.528 24365 16773 I Auth    : [AuthManaged,PasswordComplexityHelperImpl] Disabling com.google.android.gms.auth.managed.admin.DeviceAdminReceiver
08-05 02:44:44.528 15616 16533 I art     : Starting a blocking GC Explicit
08-05 02:44:44.529 24365 16773 I Auth    : [AuthManaged,PasswordComplexityHelperImpl] Disabling com.google.android.gms.auth.managed.ui.SetNewPasswordActivity
08-05 02:44:44.557 16774 16774 W ResourceType: ResTable_typeSpec entry count inconsistent: given 83, previously 87
08-05 02:44:44.557 16774 16774 W ResourceType: ResTable_typeSpec entry count inconsistent: given 542, previously 2227
08-05 02:44:44.557 16774 16774 W ResourceType: ResTable_typeSpec entry count inconsistent: given 669, previously 1961
08-05 02:44:44.558 16774 16774 W ResourceType: ResTable_typeSpec entry count inconsistent: given 1967, previously 1961
08-05 02:44:44.558 16774 16774 W ResourceType: ResTable_typeSpec entry count inconsistent: given 386, previously 2092
08-05 02:44:44.559 24365 16776 I aolb    : updateFromConfigurations using legacy put method [CONTEXT service_id=204 ]
08-05 02:44:44.563 15616 16533 I art     : Explicit concurrent mark sweep GC freed 22(784B) AllocSpace objects, 0(0B) LOS objects, 28% free, 40MB/56MB, paused 1.173ms total 34.819ms
08-05 02:44:44.574 15616 16533 I art     : Starting a blocking GC Explicit
08-05 02:44:44.610 15616 16533 I art     : Explicit concurrent mark sweep GC freed 3(96B) AllocSpace objects, 0(0B) LOS objects, 28% free, 40MB/56MB, paused 1.218ms total 35.292ms
08-05 02:44:44.622 15616 16533 I art     : Starting a blocking GC Explicit
08-05 02:44:44.659 15616 16533 I art     : Explicit concurrent mark sweep GC freed 94(3KB) AllocSpace objects, 0(0B) LOS objects, 28% free, 40MB/56MB, paused 1.492ms total 37.258ms
08-05 02:44:44.671 15616 16533 I art     : Starting a blocking GC Explicit
08-05 02:44:44.708 15616 16533 I art     : Explicit concurrent mark sweep GC freed 21(912B) AllocSpace objects, 0(0B) LOS objects, 28% free, 40MB/56MB, paused 1.404ms total 36.534ms
08-05 02:44:44.924 16774 16774 W art     : Verification of void opb.onCreate() took 114.134ms
08-05 02:44:45.017 15616 15647 I art     : Starting a blocking GC Explicit
08-05 02:44:45.056 15616 15647 I art     : Explicit concurrent mark sweep GC freed 1504(87KB) AllocSpace objects, 1(20KB) LOS objects, 28% free, 40MB/56MB, paused 1.265ms total 38.053ms
08-05 02:44:45.068 15616 15647 I art     : Starting a blocking GC Explicit
08-05 02:44:45.107 15616 15647 I art     : Explicit concurrent mark sweep GC freed 35(1248B) AllocSpace objects, 0(0B) LOS objects, 28% free, 40MB/56MB, paused 1.290ms total 38.241ms
08-05 02:44:45.119 15616 15647 I art     : Starting a blocking GC Explicit
08-05 02:44:45.156 15616 15647 I art     : Explicit concurrent mark sweep GC freed 1687(65KB) AllocSpace objects, 0(0B) LOS objects, 28% free, 40MB/56MB, paused 1.470ms total 37.134ms
08-05 02:44:45.169 15616 15647 I art     : Starting a blocking GC Explicit
08-05 02:44:45.173 15616 16662 E baseline.com.newsblur.network.APIResponse: Error (unexpected end of stream on https://www.newsblur.com/...) calling https://www.newsblur.com/reader/mark_story_hashes_as_read/
08-05 02:44:45.173 15616 16662 E baseline.com.newsblur.network.APIResponse: java.io.IOException: unexpected end of stream on https://www.newsblur.com/...
08-05 02:44:45.173 15616 16662 E baseline.com.newsblur.network.APIResponse: 	at okhttp3.internal.http1.Http1ExchangeCodec.readResponseHeaders(Http1ExchangeCodec.java:236)
08-05 02:44:45.173 15616 16662 E baseline.com.newsblur.network.APIResponse: 	at okhttp3.internal.connection.Exchange.readResponseHeaders(Exchange.java:115)
08-05 02:44:45.173 15616 16662 E baseline.com.newsblur.network.APIResponse: 	at okhttp3.internal.http.CallServerInterceptor.intercept(CallServerInterceptor.java:94)
08-05 02:44:45.173 15616 16662 E baseline.com.newsblur.network.APIResponse: 	at okhttp3.internal.http.RealInterceptorChain.proceed(RealInterceptorChain.java:142)
08-05 02:44:45.173 15616 16662 E baseline.com.newsblur.network.APIResponse: 	at okhttp3.internal.connection.ConnectInterceptor.intercept(ConnectInterceptor.java:43)
08-05 02:44:45.173 15616 16662 E baseline.com.newsblur.network.APIResponse: 	at okhttp3.internal.http.RealInterceptorChain.proceed(RealInterceptorChain.java:142)
08-05 02:44:45.173 15616 16662 E baseline.com.newsblur.network.APIResponse: 	at okhttp3.internal.http.RealInterceptorChain.proceed(RealInterceptorChain.java:117)
08-05 02:44:45.173 15616 16662 E baseline.com.newsblur.network.APIResponse: 	at okhttp3.internal.cache.CacheInterceptor.intercept(CacheInterceptor.java:94)
08-05 02:44:45.173 15616 16662 E baseline.com.newsblur.network.APIResponse: 	at okhttp3.internal.http.RealInterceptorChain.proceed(RealInterceptorChain.java:142)
08-05 02:44:45.173 15616 16662 E baseline.com.newsblur.network.APIResponse: 	at okhttp3.internal.http.RealInterceptorChain.proceed(RealInterceptorChain.java:117)
08-05 02:44:45.173 15616 16662 E baseline.com.newsblur.network.APIResponse: 	at okhttp3.internal.http.BridgeInterceptor.intercept(BridgeInterceptor.java:93)
08-05 02:44:45.173 15616 16662 E baseline.com.newsblur.network.APIResponse: 	at okhttp3.internal.http.RealInterceptorChain.proceed(RealInterceptorChain.java:142)
08-05 02:44:45.173 15616 16662 E baseline.com.newsblur.network.APIResponse: 	at okhttp3.internal.http.RetryAndFollowUpInterceptor.intercept(RetryAndFollowUpInterceptor.java:88)
08-05 02:44:45.173 15616 16662 E baseline.com.newsblur.network.APIResponse: 	at okhttp3.internal.http.RealInterceptorChain.proceed(RealInterceptorChain.java:142)
08-05 02:44:45.173 15616 16662 E baseline.com.newsblur.network.APIResponse: 	at okhttp3.internal.http.RealInterceptorChain.proceed(RealInterceptorChain.java:117)
08-05 02:44:45.173 15616 16662 E baseline.com.newsblur.network.APIResponse: 	at okhttp3.RealCall.getResponseWithInterceptorChain(RealCall.java:229)
08-05 02:44:45.173 15616 16662 E baseline.com.newsblur.network.APIResponse: 	at okhttp3.RealCall.execute(RealCall.java:81)
08-05 02:44:45.173 15616 16662 E baseline.com.newsblur.network.APIResponse: 	at baseline.com.newsblur.network.APIResponse.<init>(APIResponse.java:57)
08-05 02:44:45.173 15616 16662 E baseline.com.newsblur.network.APIResponse: 	at baseline.com.newsblur.network.APIResponse.<init>(APIResponse.java:43)
08-05 02:44:45.173 15616 16662 E baseline.com.newsblur.network.APIResponse: 	at baseline.com.newsblur.network.APIManager.post_single(APIManager.java:702)
08-05 02:44:45.173 15616 16662 E baseline.com.newsblur.network.APIResponse: 	at baseline.com.newsblur.network.APIManager.post(APIManager.java:675)
08-05 02:44:45.173 15616 16662 E baseline.com.newsblur.network.APIResponse: 	at baseline.com.newsblur.network.APIManager.post(APIManager.java:714)
08-05 02:44:45.173 15616 16662 E baseline.com.newsblur.network.APIResponse: 	at baseline.com.newsblur.network.APIManager.markStoryAsRead(APIManager.java:205)
08-05 02:44:45.173 15616 16662 E baseline.com.newsblur.network.APIResponse: 	at baseline.com.newsblur.util.ReadingAction.doRemote(ReadingAction.java:281)
08-05 02:44:45.173 15616 16662 E baseline.com.newsblur.network.APIResponse: 	at baseline.com.newsblur.service.NBSyncService.syncActions(NBSyncService.java:400)
08-05 02:44:45.173 15616 16662 E baseline.com.newsblur.network.APIResponse: 	at baseline.com.newsblur.service.NBSyncService.doSync(NBSyncService.java:298)
08-05 02:44:45.173 15616 16662 E baseline.com.newsblur.network.APIResponse: 	at baseline.com.newsblur.service.NBSyncService.access$100(NBSyncService.java:67)
08-05 02:44:45.173 15616 16662 E baseline.com.newsblur.network.APIResponse: 	at baseline.com.newsblur.service.NBSyncService$1.run(NBSyncService.java:188)
08-05 02:44:45.173 15616 16662 E baseline.com.newsblur.network.APIResponse: 	at java.util.concurrent.ThreadPoolExecutor.runWorker(ThreadPoolExecutor.java:1113)
08-05 02:44:45.173 15616 16662 E baseline.com.newsblur.network.APIResponse: 	at java.util.concurrent.ThreadPoolExecutor$Worker.run(ThreadPoolExecutor.java:588)
08-05 02:44:45.173 15616 16662 E baseline.com.newsblur.network.APIResponse: 	at java.lang.Thread.run(Thread.java:818)
08-05 02:44:45.173 15616 16662 E baseline.com.newsblur.network.APIResponse: Caused by: java.io.EOFException: \n not found: limit=0 content=
08-05 02:44:45.173 15616 16662 E baseline.com.newsblur.network.APIResponse: 	at okio.RealBufferedSource.readUtf8LineStrict(RealBufferedSource.java:240)
08-05 02:44:45.173 15616 16662 E baseline.com.newsblur.network.APIResponse: 	at okhttp3.internal.http1.Http1ExchangeCodec.readHeaderLine(Http1ExchangeCodec.java:242)
08-05 02:44:45.173 15616 16662 E baseline.com.newsblur.network.APIResponse: 	at okhttp3.internal.http1.Http1ExchangeCodec.readResponseHeaders(Http1ExchangeCodec.java:213)
08-05 02:44:45.173 15616 16662 E baseline.com.newsblur.network.APIResponse: 	... 30 more
08-05 02:44:45.173 15616 16662 I baseline.com.newsblur.network.APIManager: API call failed, pausing before retry number 2
08-05 02:44:45.206 15616 15647 I art     : Explicit concurrent mark sweep GC freed 549(180KB) AllocSpace objects, 2(40KB) LOS objects, 28% free, 40MB/56MB, paused 1.224ms total 36.811ms
08-05 02:44:45.206 13228 13228 I ServiceManager: Waiting for service AtCmdFwd...
08-05 02:44:45.218 15616 15647 I art     : Starting a blocking GC Explicit
08-05 02:44:45.255 15616 15647 I art     : Explicit concurrent mark sweep GC freed 345(30KB) AllocSpace objects, 0(0B) LOS objects, 28% free, 40MB/56MB, paused 1.252ms total 36.532ms
08-05 02:44:45.342   918  5952 I AccountManagerService: getTypesVisibleToCaller: isPermitted? false
08-05 02:44:45.583 15616 15629 I art     : Starting a blocking GC Explicit
08-05 02:44:45.620 15616 15629 I art     : Explicit concurrent mark sweep GC freed 1462(83KB) AllocSpace objects, 1(20KB) LOS objects, 28% free, 40MB/56MB, paused 1.219ms total 37.044ms
08-05 02:44:45.633 15616 15629 I art     : Starting a blocking GC Explicit
08-05 02:44:45.670 15616 15629 I art     : Explicit concurrent mark sweep GC freed 22(784B) AllocSpace objects, 0(0B) LOS objects, 28% free, 40MB/56MB, paused 1.279ms total 36.723ms
08-05 02:44:45.683 15616 15629 I art     : Starting a blocking GC Explicit
08-05 02:44:45.721 15616 15629 I art     : Explicit concurrent mark sweep GC freed 3(96B) AllocSpace objects, 0(0B) LOS objects, 28% free, 40MB/56MB, paused 1.263ms total 37.218ms
08-05 02:44:45.734 15616 15629 I art     : Starting a blocking GC Explicit
08-05 02:44:45.770 15616 15629 I art     : Explicit concurrent mark sweep GC freed 3(96B) AllocSpace objects, 0(0B) LOS objects, 28% free, 40MB/56MB, paused 1.260ms total 36.563ms
08-05 02:44:45.783 15616 15629 I art     : Starting a blocking GC Explicit
08-05 02:44:45.820 15616 15629 I art     : Explicit concurrent mark sweep GC freed 3(96B) AllocSpace objects, 0(0B) LOS objects, 28% free, 40MB/56MB, paused 1.270ms total 36.677ms
08-05 02:44:45.834   918  6029 I AccountManagerService: getTypesVisibleToCaller: isPermitted? true
08-05 02:44:45.870 16774 16827 I org.webrtc.Logging: CommonClearcutLogger: Logging impression 4920
08-05 02:44:45.945 16774 16825 I org.webrtc.Logging: CrashStartupListener: Checking conference crashes for 0 account(s).
08-05 02:44:46.044 16774 16839 E linker  : readlink('/proc/self/fd/25') failed: Permission denied [fd=25]
08-05 02:44:46.045 16774 16839 E linker  : warning: unable to get realpath for the library "/data/data/com.google.android.gms/app_chimera/m/00000039/oat/arm64/DynamiteLoader.odex". Will use given name.
08-05 02:44:46.074 16774 16774 W GAV2    : Thread[main,5,main]: Need to call initialize() and be in fallback mode to start dispatch.
08-05 02:44:46.112 16774 16839 W DynamiteModule: Local module descriptor class for com.google.android.gms.crash not found.
08-05 02:44:46.148 15616 16533 I art     : Starting a blocking GC Explicit
08-05 02:44:46.164 16774 16839 I DynamiteLoaderV2: [71] Dynamitemodulesc
08-05 02:44:46.175 16774 16862 I art     : Note: end time exceeds epoch: 
08-05 02:44:46.189 15616 16533 I art     : Explicit concurrent mark sweep GC freed 1441(83KB) AllocSpace objects, 1(20KB) LOS objects, 28% free, 40MB/56MB, paused 1.235ms total 40.425ms
08-05 02:44:46.190   918  6112 I AccountManagerService: getTypesVisibleToCaller: isPermitted? true
08-05 02:44:46.203 15616 16533 I art     : Starting a blocking GC Explicit
08-05 02:44:46.206 16774 16839 E linker  : readlink('/proc/self/fd/26') failed: Permission denied [fd=26]
08-05 02:44:46.206 16774 16839 E linker  : warning: unable to get realpath for the library "/data/data/com.google.android.gms/app_chimera/m/0000003b/oat/arm64/DynamiteModulesC.odex". Will use given name.
08-05 02:44:46.207 13228 13228 I ServiceManager: Waiting for service AtCmdFwd...
08-05 02:44:46.224 16774 16839 W System  : ClassLoader referenced unknown path: /data/data/com.google.android.gms/app_chimera/m/0000003b/n/arm64-v8a
08-05 02:44:46.234   918  6111 I AccountManagerService: getTypesVisibleToCaller: isPermitted? false
08-05 02:44:46.240 15616 16533 I art     : Explicit concurrent mark sweep GC freed 22(784B) AllocSpace objects, 0(0B) LOS objects, 28% free, 40MB/56MB, paused 1.150ms total 36.815ms
08-05 02:44:46.252 15616 16533 I art     : Starting a blocking GC Explicit
08-05 02:44:46.271 16774 16839 I FirebaseCrashApiImpl: FirebaseCrashApiImpl created by ClassLoader ay[DexPathList[[zip file "/data/data/com.google.android.gms/app_chimera/m/0000003b/DynamiteModulesC.apk"],nativeLibraryDirectories=[/data/data/com.google.android.gms/app_chimera/m/0000003b/n/arm64-v8a, /vendor/lib64, /system/lib64]]]
08-05 02:44:46.289 15616 16533 I art     : Explicit concurrent mark sweep GC freed 3(96B) AllocSpace objects, 0(0B) LOS objects, 28% free, 40MB/56MB, paused 1.234ms total 35.955ms
08-05 02:44:46.298 16774 16840 I DynamiteModule: Considering local module com.google.android.gms.flags:3 and remote module com.google.android.gms.flags:3
08-05 02:44:46.298 16774 16840 I DynamiteModule: Selected local version of com.google.android.gms.flags
08-05 02:44:46.302 15616 16533 I art     : Starting a blocking GC Explicit
08-05 02:44:46.325 16774 16840 W DynamiteModule: Local module descriptor class for com.google.android.gms.crash not found.
08-05 02:44:46.333 16774 16774 I art     : Rejecting re-init on previously-failed class java.lang.Class<azl>
08-05 02:44:46.333 16774 16774 I art     : Rejecting re-init on previously-failed class java.lang.Class<azl>
08-05 02:44:46.338 15616 16533 I art     : Explicit concurrent mark sweep GC freed 3(96B) AllocSpace objects, 0(0B) LOS objects, 28% free, 40MB/56MB, paused 1.289ms total 35.557ms
08-05 02:44:46.350 15616 16533 I art     : Starting a blocking GC Explicit
08-05 02:44:46.361 16774 16774 W GrowthKit: Failed to get phenotypeManager in PhenotypeBroadcastReceiver
08-05 02:44:46.361 16774 16774 W GrowthKit: java.lang.NullPointerException: Unable to get GrowthKit Component from host app: com.google.android.gm
08-05 02:44:46.361 16774 16774 W GrowthKit: 	at aaco.a(PG:5)
08-05 02:44:46.361 16774 16774 W GrowthKit: 	at com.google.android.libraries.internal.growth.growthkit.internal.experiments.impl.PhenotypeBroadcastReceiver.onReceive(PG:1)
08-05 02:44:46.361 16774 16774 W GrowthKit: 	at android.app.ActivityThread.handleReceiver(ActivityThread.java:2725)
08-05 02:44:46.361 16774 16774 W GrowthKit: 	at android.app.ActivityThread.-wrap14(ActivityThread.java)
08-05 02:44:46.361 16774 16774 W GrowthKit: 	at android.app.ActivityThread$H.handleMessage(ActivityThread.java:1421)
08-05 02:44:46.361 16774 16774 W GrowthKit: 	at android.os.Handler.dispatchMessage(Handler.java:102)
08-05 02:44:46.361 16774 16774 W GrowthKit: 	at android.os.Looper.loop(Looper.java:148)
08-05 02:44:46.361 16774 16774 W GrowthKit: 	at android.app.ActivityThread.main(ActivityThread.java:5417)
08-05 02:44:46.361 16774 16774 W GrowthKit: 	at java.lang.reflect.Method.invoke(Native Method)
08-05 02:44:46.361 16774 16774 W GrowthKit: 	at com.android.internal.os.ZygoteInit$MethodAndArgsCaller.run(ZygoteInit.java:726)
08-05 02:44:46.361 16774 16774 W GrowthKit: 	at com.android.internal.os.ZygoteInit.main(ZygoteInit.java:616)
08-05 02:44:46.362   918  6110 I AccountManagerService: getTypesVisibleToCaller: isPermitted? false
08-05 02:44:46.366 16774 16774 W Gmail   : AccountUtils:For b/73513912, load account content://com.google.android.gm.sapi/account.-2137146394 from MailAppProvider. Is account valid result: 1.
08-05 02:44:46.378 16774 16840 I FirebaseCrashApiImpl: FirebaseCrash reporting API initialized
08-05 02:44:46.379 16774 16840 W FirebaseCrashAnalytics: Unable to log event, missing Google Analytics for Firebase library
08-05 02:44:46.383   918  5481 I AccountManagerService: getTypesVisibleToCaller: isPermitted? false
08-05 02:44:46.385 16774 16774 W Gmail   : AccountUtils:For b/73513912, load account content://com.google.android.gm.email.provider/account.-437561172?suppress_combined%3Dtrue from MailAppProvider. Is account valid result: 1.
08-05 02:44:46.386 15616 16533 I art     : Explicit concurrent mark sweep GC freed 3(96B) AllocSpace objects, 0(0B) LOS objects, 28% free, 40MB/56MB, paused 1.214ms total 35.751ms
08-05 02:44:46.404   918  6112 I AccountManagerService: getTypesVisibleToCaller: isPermitted? true
08-05 02:44:46.413   918  3359 I AccountManagerService: getTypesVisibleToCaller: isPermitted? false
08-05 02:44:46.448 16774 16774 W hoo     : ConfigurationUpdatedRec: Received update for unknown package com.google.android.gm; known packages [com.google.android.libraries.communications.conference.device#com.google.android.gm, com.google.android.libraries.communications.conference.user#com.google.android.gm]
08-05 02:44:46.455 16774 16774 W GrowthKit: Failed to get phenotypeManager in PhenotypeBroadcastReceiver
08-05 02:44:46.455 16774 16774 W GrowthKit: java.lang.NullPointerException: Unable to get GrowthKit Component from host app: com.google.android.gm
08-05 02:44:46.455 16774 16774 W GrowthKit: 	at aaco.a(PG:5)
08-05 02:44:46.455 16774 16774 W GrowthKit: 	at com.google.android.libraries.internal.growth.growthkit.internal.experiments.impl.PhenotypeBroadcastReceiver.onReceive(PG:1)
08-05 02:44:46.455 16774 16774 W GrowthKit: 	at android.app.ActivityThread.handleReceiver(ActivityThread.java:2725)
08-05 02:44:46.455 16774 16774 W GrowthKit: 	at android.app.ActivityThread.-wrap14(ActivityThread.java)
08-05 02:44:46.455 16774 16774 W GrowthKit: 	at android.app.ActivityThread$H.handleMessage(ActivityThread.java:1421)
08-05 02:44:46.455 16774 16774 W GrowthKit: 	at android.os.Handler.dispatchMessage(Handler.java:102)
08-05 02:44:46.455 16774 16774 W GrowthKit: 	at android.os.Looper.loop(Looper.java:148)
08-05 02:44:46.455 16774 16774 W GrowthKit: 	at android.app.ActivityThread.main(ActivityThread.java:5417)
08-05 02:44:46.455 16774 16774 W GrowthKit: 	at java.lang.reflect.Method.invoke(Native Method)
08-05 02:44:46.455 16774 16774 W GrowthKit: 	at com.android.internal.os.ZygoteInit$MethodAndArgsCaller.run(ZygoteInit.java:726)
08-05 02:44:46.455 16774 16774 W GrowthKit: 	at com.android.internal.os.ZygoteInit.main(ZygoteInit.java:616)
08-05 02:44:46.460   918   929 I AccountManagerService: getTypesVisibleToCaller: isPermitted? false
08-05 02:44:46.462 24365 30814 W Auth    : [AccountStateSyncher] Unable to look up account state from server.
08-05 02:44:46.462 24365 30814 W Auth    : java.io.IOException: Couldn't create ClientAuthInfo
08-05 02:44:46.462 24365 30814 W Auth    : 	at fzl.a(:com.google.android.gms@202614019@20.26.14 (040400-320008519):2)
08-05 02:44:46.462 24365 30814 W Auth    : 	at fzm.a(:com.google.android.gms@202614019@20.26.14 (040400-320008519):1)
08-05 02:44:46.462 24365 30814 W Auth    : 	at fyr.hasFeatures(:com.google.android.gms@202614019@20.26.14 (040400-320008519):9)
08-05 02:44:46.462 24365 30814 W Auth    : 	at android.accounts.AbstractAccountAuthenticator$Transport.hasFeatures(AbstractAccountAuthenticator.java:281)
08-05 02:44:46.462 24365 30814 W Auth    : 	at android.accounts.IAccountAuthenticator$Stub.onTransact(IAccountAuthenticator.java:174)
08-05 02:44:46.462 24365 30814 W Auth    : 	at android.os.Binder.transact(Binder.java:387)
08-05 02:44:46.462 24365 30814 W Auth    : 	at css.onTransact(:com.google.android.gms@202614019@20.26.14 (040400-320008519):2)
08-05 02:44:46.462 24365 30814 W Auth    : 	at android.os.Binder.transact(Binder.java:387)
08-05 02:44:46.462 24365 30814 W Auth    : 	at zzr.onTransact(:com.google.android.gms@202614019@20.26.14 (040400-320008519):17)
08-05 02:44:46.462 24365 30814 W Auth    : 	at android.os.Binder.execTransact(Binder.java:453)
08-05 02:44:46.462 24365 30814 W Auth    : Caused by: gav: Account has no password.
08-05 02:44:46.462 24365 30814 W Auth    : 	at gaw.a(:com.google.android.gms@202614019@20.26.14 (040400-320008519):12)
08-05 02:44:46.462 24365 30814 W Auth    : 	at fzl.a(:com.google.android.gms@202614019@20.26.14 (040400-320008519):1)
08-05 02:44:46.462 24365 30814 W Auth    : 	... 9 more
08-05 02:44:46.463 24365 30814 W GLSActivity: [GmsAccountAuthenticatorImpl] Services not available!
08-05 02:44:46.472   918  4400 I AccountManagerService: getTypesVisibleToCaller: isPermitted? false
08-05 02:44:46.476 16774 16774 W hoo     : ConfigurationUpdatedRec: Received update for unknown package com.google.android.libraries.social.populous#com.google.android.gm; known packages [com.google.android.libraries.communications.conference.device#com.google.android.gm, com.google.android.libraries.communications.conference.user#com.google.android.gm]
08-05 02:44:46.480   918  3961 I AccountManagerService: getTypesVisibleToCaller: isPermitted? true
08-05 02:44:46.487 24365 24375 W Auth    : [AccountStateSyncher] Unable to look up account state from server.
08-05 02:44:46.487 24365 24375 W Auth    : java.io.IOException: Couldn't create ClientAuthInfo
08-05 02:44:46.487 24365 24375 W Auth    : 	at fzl.a(:com.google.android.gms@202614019@20.26.14 (040400-320008519):2)
08-05 02:44:46.487 24365 24375 W Auth    : 	at fzm.a(:com.google.android.gms@202614019@20.26.14 (040400-320008519):1)
08-05 02:44:46.487 24365 24375 W Auth    : 	at fyr.hasFeatures(:com.google.android.gms@202614019@20.26.14 (040400-320008519):9)
08-05 02:44:46.487 24365 24375 W Auth    : 	at android.accounts.AbstractAccountAuthenticator$Transport.hasFeatures(AbstractAccountAuthenticator.java:281)
08-05 02:44:46.487 24365 24375 W Auth    : 	at android.accounts.IAccountAuthenticator$Stub.onTransact(IAccountAuthenticator.java:174)
08-05 02:44:46.487 24365 24375 W Auth    : 	at android.os.Binder.transact(Binder.java:387)
08-05 02:44:46.487 24365 24375 W Auth    : 	at css.onTransact(:com.google.android.gms@202614019@20.26.14 (040400-320008519):2)
08-05 02:44:46.487 24365 24375 W Auth    : 	at android.os.Binder.transact(Binder.java:387)
08-05 02:44:46.487 24365 24375 W Auth    : 	at zzr.onTransact(:com.google.android.gms@202614019@20.26.14 (040400-320008519):17)
08-05 02:44:46.487 24365 24375 W Auth    : 	at android.os.Binder.execTransact(Binder.java:453)
08-05 02:44:46.487 24365 24375 W Auth    : Caused by: gav: Account has no password.
08-05 02:44:46.487 24365 24375 W Auth    : 	at gaw.a(:com.google.android.gms@202614019@20.26.14 (040400-320008519):12)
08-05 02:44:46.487 24365 24375 W Auth    : 	at fzl.a(:com.google.android.gms@202614019@20.26.14 (040400-320008519):1)
08-05 02:44:46.487 24365 24375 W Auth    : 	... 9 more
08-05 02:44:46.487 16774 16774 W GrowthKit: Failed to get phenotypeManager in PhenotypeBroadcastReceiver
08-05 02:44:46.487 16774 16774 W GrowthKit: java.lang.NullPointerException: Unable to get GrowthKit Component from host app: com.google.android.gm
08-05 02:44:46.487 16774 16774 W GrowthKit: 	at aaco.a(PG:5)
08-05 02:44:46.487 16774 16774 W GrowthKit: 	at com.google.android.libraries.internal.growth.growthkit.internal.experiments.impl.PhenotypeBroadcastReceiver.onReceive(PG:1)
08-05 02:44:46.487 16774 16774 W GrowthKit: 	at android.app.ActivityThread.handleReceiver(ActivityThread.java:2725)
08-05 02:44:46.487 16774 16774 W GrowthKit: 	at android.app.ActivityThread.-wrap14(ActivityThread.java)
08-05 02:44:46.487 16774 16774 W GrowthKit: 	at android.app.ActivityThread$H.handleMessage(ActivityThread.java:1421)
08-05 02:44:46.487 16774 16774 W GrowthKit: 	at android.os.Handler.dispatchMessage(Handler.java:102)
08-05 02:44:46.487 16774 16774 W GrowthKit: 	at android.os.Looper.loop(Looper.java:148)
08-05 02:44:46.487 16774 16774 W GrowthKit: 	at android.app.ActivityThread.main(ActivityThread.java:5417)
08-05 02:44:46.487 16774 16774 W GrowthKit: 	at java.lang.reflect.Method.invoke(Native Method)
08-05 02:44:46.487 16774 16774 W GrowthKit: 	at com.android.internal.os.ZygoteInit$MethodAndArgsCaller.run(ZygoteInit.java:726)
08-05 02:44:46.487 16774 16774 W GrowthKit: 	at com.android.internal.os.ZygoteInit.main(ZygoteInit.java:616)
08-05 02:44:46.488 24365 24375 W GLSActivity: [GmsAccountAuthenticatorImpl] Services not available!
08-05 02:44:46.489 24577 27386 I PeopleChimeraService: onService. callbacks = zwl@5f7d692, request = com.google.android.gms.common.internal.GetServiceRequest@4d30863
08-05 02:44:46.509   918  6112 I AccountManagerService: getTypesVisibleToCaller: isPermitted? true
08-05 02:44:46.531   918  4413 I AccountManagerService: getTypesVisibleToCaller: isPermitted? false
08-05 02:44:46.550   918  3359 I AccountManagerService: getTypesVisibleToCaller: isPermitted? true
08-05 02:44:46.571 24365 24456 W ResourceType: ResTable_typeSpec entry count inconsistent: given 83, previously 87
08-05 02:44:46.572 24365 24456 W ResourceType: ResTable_typeSpec entry count inconsistent: given 542, previously 2227
08-05 02:44:46.572 24365 24456 W ResourceType: ResTable_typeSpec entry count inconsistent: given 669, previously 1961
08-05 02:44:46.572 24365 24456 W ResourceType: ResTable_typeSpec entry count inconsistent: given 1967, previously 1961
08-05 02:44:46.573 24365 24456 W ResourceType: ResTable_typeSpec entry count inconsistent: given 386, previously 2092
08-05 02:44:46.592 16774 16787 W art     : Suspending all threads took: 5.052ms
08-05 02:44:46.599   918  3359 I AccountManagerService: getTypesVisibleToCaller: isPermitted? true
08-05 02:44:46.637 16774 16890 W zjl     : Toggling Chat components off.
08-05 02:44:46.639 16774 16890 W zjl     : Toggling Meet components off.
08-05 02:44:46.678   918  5481 I AccountManagerService: getTypesVisibleToCaller: isPermitted? true
08-05 02:44:46.701   918  3359 I AccountManagerService: getTypesVisibleToCaller: isPermitted? false
08-05 02:44:46.715 15616 16533 I art     : Starting a blocking GC Explicit
08-05 02:44:46.717   918  5952 I AccountManagerService: getTypesVisibleToCaller: isPermitted? false
08-05 02:44:46.720   918  6111 I AccountManagerService: getTypesVisibleToCaller: isPermitted? false
08-05 02:44:46.752 15616 16533 I art     : Explicit concurrent mark sweep GC freed 1440(83KB) AllocSpace objects, 1(20KB) LOS objects, 28% free, 40MB/56MB, paused 1.249ms total 36.809ms
08-05 02:44:46.764 15616 16533 I art     : Starting a blocking GC Explicit
08-05 02:44:46.767 24365 24456 E aohn    : Phenotype API error. Event # ccbi@33e65988, EventCode: 5 [CONTEXT service_id=51 ]
08-05 02:44:46.767 24365 24456 E aohn    : aogs: 29501: Stale snapshot (change count changed - expected 9  but was 8)
08-05 02:44:46.767 24365 24456 E aohn    : 	at aohq.a(:com.google.android.gms@202614019@20.26.14 (040400-320008519):14)
08-05 02:44:46.767 24365 24456 E aohn    : 	at aohp.b(:com.google.android.gms@202614019@20.26.14 (040400-320008519):2)
08-05 02:44:46.767 24365 24456 E aohn    : 	at aohn.a(:com.google.android.gms@202614019@20.26.14 (040400-320008519):89)
08-05 02:44:46.767 24365 24456 E aohn    : 	at aohn.a(:com.google.android.gms@202614019@20.26.14 (040400-320008519):84)
08-05 02:44:46.767 24365 24456 E aohn    : 	at zwo.run(:com.google.android.gms@202614019@20.26.14 (040400-320008519):9)
08-05 02:44:46.767 24365 24456 E aohn    : 	at bmvl.run(:com.google.android.gms@202614019@20.26.14 (040400-320008519):2)
08-05 02:44:46.767 24365 24456 E aohn    : 	at skp.b(:com.google.android.gms@202614019@20.26.14 (040400-320008519):12)
08-05 02:44:46.767 24365 24456 E aohn    : 	at skp.run(:com.google.android.gms@202614019@20.26.14 (040400-320008519):7)
08-05 02:44:46.767 24365 24456 E aohn    : 	at java.util.concurrent.ThreadPoolExecutor.runWorker(ThreadPoolExecutor.java:1113)
08-05 02:44:46.767 24365 24456 E aohn    : 	at java.util.concurrent.ThreadPoolExecutor$Worker.run(ThreadPoolExecutor.java:588)
08-05 02:44:46.767 24365 24456 E aohn    : 	at sql.run(:com.google.android.gms@202614019@20.26.14 (040400-320008519):0)
08-05 02:44:46.767 24365 24456 E aohn    : 	at java.lang.Thread.run(Thread.java:818)
08-05 02:44:46.768 24365 24456 E AsyncOperation: serviceID=51, operation=CommitToConfigurationOperationCall [CONTEXT service_id=259 ]
08-05 02:44:46.768 24365 24456 E AsyncOperation: OperationException[Status{statusCode=Stale snapshot (change count changed - expected 9  but was 8), resolution=null}]
08-05 02:44:46.768 24365 24456 E AsyncOperation: 	at aohn.a(:com.google.android.gms@202614019@20.26.14 (040400-320008519):91)
08-05 02:44:46.768 24365 24456 E AsyncOperation: 	at aohn.a(:com.google.android.gms@202614019@20.26.14 (040400-320008519):84)
08-05 02:44:46.768 24365 24456 E AsyncOperation: 	at zwo.run(:com.google.android.gms@202614019@20.26.14 (040400-320008519):9)
08-05 02:44:46.768 24365 24456 E AsyncOperation: 	at bmvl.run(:com.google.android.gms@202614019@20.26.14 (040400-320008519):2)
08-05 02:44:46.768 24365 24456 E AsyncOperation: 	at skp.b(:com.google.android.gms@202614019@20.26.14 (040400-320008519):12)
08-05 02:44:46.768 24365 24456 E AsyncOperation: 	at skp.run(:com.google.android.gms@202614019@20.26.14 (040400-320008519):7)
08-05 02:44:46.768 24365 24456 E AsyncOperation: 	at java.util.concurrent.ThreadPoolExecutor.runWorker(ThreadPoolExecutor.java:1113)
08-05 02:44:46.768 24365 24456 E AsyncOperation: 	at java.util.concurrent.ThreadPoolExecutor$Worker.run(ThreadPoolExecutor.java:588)
08-05 02:44:46.768 24365 24456 E AsyncOperation: 	at sql.run(:com.google.android.gms@202614019@20.26.14 (040400-320008519):0)
08-05 02:44:46.768 24365 24456 E AsyncOperation: 	at java.lang.Thread.run(Thread.java:818)
08-05 02:44:46.799 16774 16774 W GrowthKit: Failed to get phenotypeManager in PhenotypeBroadcastReceiver
08-05 02:44:46.799 16774 16774 W GrowthKit: java.lang.NullPointerException: Unable to get GrowthKit Component from host app: com.google.android.gm
08-05 02:44:46.799 16774 16774 W GrowthKit: 	at aaco.a(PG:5)
08-05 02:44:46.799 16774 16774 W GrowthKit: 	at com.google.android.libraries.internal.growth.growthkit.internal.experiments.impl.PhenotypeBroadcastReceiver.onReceive(PG:1)
08-05 02:44:46.799 16774 16774 W GrowthKit: 	at android.app.ActivityThread.handleReceiver(ActivityThread.java:2725)
08-05 02:44:46.799 16774 16774 W GrowthKit: 	at android.app.ActivityThread.-wrap14(ActivityThread.java)
08-05 02:44:46.799 16774 16774 W GrowthKit: 	at android.app.ActivityThread$H.handleMessage(ActivityThread.java:1421)
08-05 02:44:46.799 16774 16774 W GrowthKit: 	at android.os.Handler.dispatchMessage(Handler.java:102)
08-05 02:44:46.799 16774 16774 W GrowthKit: 	at android.os.Looper.loop(Looper.java:148)
08-05 02:44:46.799 16774 16774 W GrowthKit: 	at android.app.ActivityThread.main(ActivityThread.java:5417)
08-05 02:44:46.799 16774 16774 W GrowthKit: 	at java.lang.reflect.Method.invoke(Native Method)
08-05 02:44:46.799 16774 16774 W GrowthKit: 	at com.android.internal.os.ZygoteInit$MethodAndArgsCaller.run(ZygoteInit.java:726)
08-05 02:44:46.799 16774 16774 W GrowthKit: 	at com.android.internal.os.ZygoteInit.main(ZygoteInit.java:616)
08-05 02:44:46.800 15616 16533 I art     : Explicit concurrent mark sweep GC freed 22(784B) AllocSpace objects, 0(0B) LOS objects, 28% free, 40MB/56MB, paused 1.184ms total 35.025ms
08-05 02:44:46.809 16774 16774 W GrowthKit: Failed to get phenotypeManager in PhenotypeBroadcastReceiver
08-05 02:44:46.809 16774 16774 W GrowthKit: java.lang.NullPointerException: Unable to get GrowthKit Component from host app: com.google.android.gm
08-05 02:44:46.809 16774 16774 W GrowthKit: 	at aaco.a(PG:5)
08-05 02:44:46.809 16774 16774 W GrowthKit: 	at com.google.android.libraries.internal.growth.growthkit.internal.experiments.impl.PhenotypeBroadcastReceiver.onReceive(PG:1)
08-05 02:44:46.809 16774 16774 W GrowthKit: 	at android.app.ActivityThread.handleReceiver(ActivityThread.java:2725)
08-05 02:44:46.809 16774 16774 W GrowthKit: 	at android.app.ActivityThread.-wrap14(ActivityThread.java)
08-05 02:44:46.809 16774 16774 W GrowthKit: 	at android.app.ActivityThread$H.handleMessage(ActivityThread.java:1421)
08-05 02:44:46.809 16774 16774 W GrowthKit: 	at android.os.Handler.dispatchMessage(Handler.java:102)
08-05 02:44:46.809 16774 16774 W GrowthKit: 	at android.os.Looper.loop(Looper.java:148)
08-05 02:44:46.809 16774 16774 W GrowthKit: 	at android.app.ActivityThread.main(ActivityThread.java:5417)
08-05 02:44:46.809 16774 16774 W GrowthKit: 	at java.lang.reflect.Method.invoke(Native Method)
08-05 02:44:46.809 16774 16774 W GrowthKit: 	at com.android.internal.os.ZygoteInit$MethodAndArgsCaller.run(ZygoteInit.java:726)
08-05 02:44:46.809 16774 16774 W GrowthKit: 	at com.android.internal.os.ZygoteInit.main(ZygoteInit.java:616)
08-05 02:44:46.811 15616 16533 I art     : Starting a blocking GC Explicit
08-05 02:44:46.816 16774 16774 W hoo     : ConfigurationUpdatedRec: Received update for unknown package com.google.android.libraries.surveys#com.google.android.gm; known packages [com.google.android.libraries.communications.conference.device#com.google.android.gm, com.google.android.libraries.communications.conference.user#com.google.android.gm]
08-05 02:44:46.818 16774 16774 W GrowthKit: Failed to get phenotypeManager in PhenotypeBroadcastReceiver
08-05 02:44:46.818 16774 16774 W GrowthKit: java.lang.NullPointerException: Unable to get GrowthKit Component from host app: com.google.android.gm
08-05 02:44:46.818 16774 16774 W GrowthKit: 	at aaco.a(PG:5)
08-05 02:44:46.818 16774 16774 W GrowthKit: 	at com.google.android.libraries.internal.growth.growthkit.internal.experiments.impl.PhenotypeBroadcastReceiver.onReceive(PG:1)
08-05 02:44:46.818 16774 16774 W GrowthKit: 	at android.app.ActivityThread.handleReceiver(ActivityThread.java:2725)
08-05 02:44:46.818 16774 16774 W GrowthKit: 	at android.app.ActivityThread.-wrap14(ActivityThread.java)
08-05 02:44:46.818 16774 16774 W GrowthKit: 	at android.app.ActivityThread$H.handleMessage(ActivityThread.java:1421)
08-05 02:44:46.818 16774 16774 W GrowthKit: 	at android.os.Handler.dispatchMessage(Handler.java:102)
08-05 02:44:46.818 16774 16774 W GrowthKit: 	at android.os.Looper.loop(Looper.java:148)
08-05 02:44:46.818 16774 16774 W GrowthKit: 	at android.app.ActivityThread.main(ActivityThread.java:5417)
08-05 02:44:46.818 16774 16774 W GrowthKit: 	at java.lang.reflect.Method.invoke(Native Method)
08-05 02:44:46.818 16774 16774 W GrowthKit: 	at com.android.internal.os.ZygoteInit$MethodAndArgsCaller.run(ZygoteInit.java:726)
08-05 02:44:46.818 16774 16774 W GrowthKit: 	at com.android.internal.os.ZygoteInit.main(ZygoteInit.java:616)
08-05 02:44:46.826 16774 16774 W hoo     : ConfigurationUpdatedRec: Received update for unknown package com.google.android.libraries.onegoogle#com.google.android.gm; known packages [com.google.android.libraries.communications.conference.device#com.google.android.gm, com.google.android.libraries.communications.conference.user#com.google.android.gm]
08-05 02:44:46.828 16774 16774 W GrowthKit: Failed to get phenotypeManager in PhenotypeBroadcastReceiver
08-05 02:44:46.828 16774 16774 W GrowthKit: java.lang.NullPointerException: Unable to get GrowthKit Component from host app: com.google.android.gm
08-05 02:44:46.828 16774 16774 W GrowthKit: 	at aaco.a(PG:5)
08-05 02:44:46.828 16774 16774 W GrowthKit: 	at com.google.android.libraries.internal.growth.growthkit.internal.experiments.impl.PhenotypeBroadcastReceiver.onReceive(PG:1)
08-05 02:44:46.828 16774 16774 W GrowthKit: 	at android.app.ActivityThread.handleReceiver(ActivityThread.java:2725)
08-05 02:44:46.828 16774 16774 W GrowthKit: 	at android.app.ActivityThread.-wrap14(ActivityThread.java)
08-05 02:44:46.828 16774 16774 W GrowthKit: 	at android.app.ActivityThread$H.handleMessage(ActivityThread.java:1421)
08-05 02:44:46.828 16774 16774 W GrowthKit: 	at android.os.Handler.dispatchMessage(Handler.java:102)
08-05 02:44:46.828 16774 16774 W GrowthKit: 	at android.os.Looper.loop(Looper.java:148)
08-05 02:44:46.828 16774 16774 W GrowthKit: 	at android.app.ActivityThread.main(ActivityThread.java:5417)
08-05 02:44:46.828 16774 16774 W GrowthKit: 	at java.lang.reflect.Method.invoke(Native Method)
08-05 02:44:46.828 16774 16774 W GrowthKit: 	at com.android.internal.os.ZygoteInit$MethodAndArgsCaller.run(ZygoteInit.java:726)
08-05 02:44:46.828 16774 16774 W GrowthKit: 	at com.android.internal.os.ZygoteInit.main(ZygoteInit.java:616)
08-05 02:44:46.834 16774 16774 W hoo     : ConfigurationUpdatedRec: Received update for unknown package com.google.android.libraries.user.peoplesheet#com.google.android.gm; known packages [com.google.android.libraries.communications.conference.device#com.google.android.gm, com.google.android.libraries.communications.conference.user#com.google.android.gm]
08-05 02:44:46.846 15616 16533 I art     : Explicit concurrent mark sweep GC freed 3(96B) AllocSpace objects, 0(0B) LOS objects, 28% free, 40MB/56MB, paused 1.216ms total 34.920ms
08-05 02:44:46.847   918  3961 I ActivityManager: Start proc 16895:com.google.android.play.games/u0a64 for broadcast com.google.android.play.games/com.google.android.apps.play.games.features.experiments.PhenotypeBroadcastReceiver
08-05 02:44:46.858 15616 16533 I art     : Starting a blocking GC Explicit
08-05 02:44:46.873 16870 16870 D AndroidRuntime: >>>>>> START com.android.internal.os.RuntimeInit uid 2000 <<<<<<
08-05 02:44:46.878 16870 16870 D AndroidRuntime: CheckJNI is OFF
08-05 02:44:46.894 15616 16533 I art     : Explicit concurrent mark sweep GC freed 3(96B) AllocSpace objects, 0(0B) LOS objects, 28% free, 40MB/56MB, paused 1.325ms total 35.315ms
08-05 02:44:46.905 15616 16533 I art     : Starting a blocking GC Explicit
08-05 02:44:46.918 16870 16870 D ICU     : No timezone override file found: /data/misc/zoneinfo/current/icu/icu_tzdata.dat
08-05 02:44:46.941 15616 16533 I art     : Explicit concurrent mark sweep GC freed 3(96B) AllocSpace objects, 0(0B) LOS objects, 28% free, 40MB/56MB, paused 1.245ms total 35.309ms
08-05 02:44:46.941 16774 16876 W art     : Verification of void com.android.email.service.AttachmentService.a(long, int) took 103.262ms
08-05 02:44:46.945 16608 16665 I art     : Waiting for a blocking GC DisableMovingGc
08-05 02:44:46.946 16608 16665 I art     : Starting a blocking GC DisableMovingGc
08-05 02:44:46.949   918  5481 W ActivityManager: Unable to start service Intent { cmp=com.google.android.gm/com.android.email.service.AttachmentService } U=0: not found
08-05 02:44:46.952   918  5132 I AccountManagerService: getTypesVisibleToCaller: isPermitted? false
08-05 02:44:46.958 16870 16870 I Radio-JNI: register_android_hardware_Radio DONE
08-05 02:44:46.959   918  6112 I AccountManagerService: getTypesVisibleToCaller: isPermitted? false
08-05 02:44:46.959   918  4400 I AccountManagerService: getTypesVisibleToCaller: isPermitted? false
08-05 02:44:46.984 16870 16870 D AndroidRuntime: Calling main entry com.android.commands.input.Input
08-05 02:44:46.986 16870 16870 I Input   : injectKeyEvent: KeyEvent { action=ACTION_DOWN, keyCode=KEYCODE_BACK, scanCode=0, metaState=0, flags=0x0, repeatCount=0, eventTime=758703399, downTime=758703399, deviceId=-1, source=0x101 }
08-05 02:44:46.991 16870 16870 I Input   : injectKeyEvent: KeyEvent { action=ACTION_UP, keyCode=KEYCODE_BACK, scanCode=0, metaState=0, flags=0x0, repeatCount=0, eventTime=758703399, downTime=758703399, deviceId=-1, source=0x101 }
08-05 02:44:46.995 16870 16870 D AndroidRuntime: Shutting down VM
08-05 02:44:47.040 16608 16665 W DynamiteModule: Local module descriptor class for providerinstaller not found.
08-05 02:44:47.042 24365 24375 W ProviderHelper: Unknown dynamite feature providerinstaller
08-05 02:44:47.050 16608 16665 W ProviderInstaller: Failed to load providerinstaller module: No acceptable module found. Local version is 0 and remote version is 0.
08-05 02:44:47.058 16608 16665 E linker  : readlink('/proc/self/fd/32') failed: Permission denied [fd=32]
08-05 02:44:47.058 16608 16665 E linker  : warning: unable to get realpath for the library "/system/framework/oat/arm64/com.android.location.provider.odex". Will use given name.
08-05 02:44:47.076 16608 16665 E linker  : readlink('/proc/self/fd/32') failed: Permission denied [fd=32]
08-05 02:44:47.077 16608 16665 E linker  : warning: unable to get realpath for the library "/system/framework/oat/arm64/com.android.media.remotedisplay.odex". Will use given name.
08-05 02:44:47.093 16608 16665 E linker  : readlink('/proc/self/fd/32') failed: Permission denied [fd=32]
08-05 02:44:47.093 16608 16665 E linker  : warning: unable to get realpath for the library "/data/app/com.google.android.gms-2/oat/arm64/base.odex". Will use given name.
08-05 02:44:47.148 13866 13866 I GoogleInputMethodServic: GoogleInputMethodService.onFinishInput():3138 
08-05 02:44:47.149 13866 13866 I GoogleInputMethodServic: GoogleInputMethodService.onStartInput():1808 
08-05 02:44:47.173 16608 16665 E linker  : readlink('/proc/self/fd/32') failed: Permission denied [fd=32]
08-05 02:44:47.173 16608 16665 E linker  : warning: unable to get realpath for the library "/data/app/com.google.android.gms-2/lib/arm64/libconscrypt_gmscore_jni.so". Will use given name.
08-05 02:44:47.207 13228 13228 I ServiceManager: Waiting for service AtCmdFwd...
08-05 02:44:47.240 16608 16665 V NativeCrypto: Registering com/google/android/gms/org/conscrypt/NativeCrypto's 286 native methods...
08-05 02:44:47.283 15616 15856 I art     : Starting a blocking GC Explicit
08-05 02:44:47.321 15616 15856 I art     : Explicit concurrent mark sweep GC freed 4438(352KB) AllocSpace objects, 7(148KB) LOS objects, 28% free, 40MB/56MB, paused 1.216ms total 37.927ms
08-05 02:44:47.333 15616 15856 I art     : Starting a blocking GC Explicit
08-05 02:44:47.370 15616 15856 I art     : Explicit concurrent mark sweep GC freed 177(9KB) AllocSpace objects, 0(0B) LOS objects, 28% free, 40MB/56MB, paused 1.142ms total 36.647ms
08-05 02:44:47.383 15616 15856 I art     : Starting a blocking GC Explicit
08-05 02:44:47.420 15616 15856 I art     : Explicit concurrent mark sweep GC freed 3(96B) AllocSpace objects, 0(0B) LOS objects, 28% free, 40MB/56MB, paused 1.210ms total 37.149ms
08-05 02:44:47.433 15616 15856 I art     : Starting a blocking GC Explicit
08-05 02:44:47.472 15616 15856 I art     : Explicit concurrent mark sweep GC freed 3(96B) AllocSpace objects, 0(0B) LOS objects, 28% free, 40MB/56MB, paused 1.248ms total 38.649ms
08-05 02:44:47.482 16608 16617 W art     : Suspending all threads took: 72.914ms
08-05 02:44:47.484 15616 15856 I art     : Starting a blocking GC Explicit
08-05 02:44:47.522 15616 15856 I art     : Explicit concurrent mark sweep GC freed 1564(70KB) AllocSpace objects, 0(0B) LOS objects, 28% free, 40MB/56MB, paused 1.348ms total 38.092ms
08-05 02:44:47.724 16895 16895 I GAv4-SVC: Google Analytics 202.5.90 is starting up.
08-05 02:44:47.871 15616 15629 I art     : Starting a blocking GC Explicit
08-05 02:44:47.910 16608 16665 I art     : Rejecting re-init on previously-failed class java.lang.Class<com.google.android.gms.org.conscrypt.Java7ExtendedSSLSession>
08-05 02:44:47.911 15616 15629 I art     : Explicit concurrent mark sweep GC freed 1605(93KB) AllocSpace objects, 1(20KB) LOS objects, 28% free, 40MB/56MB, paused 1.278ms total 39.760ms
08-05 02:44:47.924 15616 15629 I art     : Starting a blocking GC Explicit
08-05 02:44:47.949 16608 16665 I art     : Rejecting re-init on previously-failed class java.lang.Class<com.google.android.gms.org.conscrypt.Java7ExtendedSSLSession>
08-05 02:44:47.950 16608 16665 I art     : Rejecting re-init on previously-failed class java.lang.Class<com.google.android.gms.org.conscrypt.Java8ExtendedSSLSession>
08-05 02:44:47.950 16608 16665 I art     : Rejecting re-init on previously-failed class java.lang.Class<com.google.android.gms.org.conscrypt.Java8ExtendedSSLSession>
08-05 02:44:47.961 15616 15629 I art     : Explicit concurrent mark sweep GC freed 155(7KB) AllocSpace objects, 0(0B) LOS objects, 28% free, 40MB/56MB, paused 1.255ms total 36.786ms
08-05 02:44:47.973 15616 15629 I art     : Starting a blocking GC Explicit
08-05 02:44:47.978 16608 16665 W art     : Verification of javax.net.ssl.SSLSession com.google.android.gms.org.conscrypt.Platform.wrapSSLSession(com.google.android.gms.org.conscrypt.ExternalSession) took 243.229ms
08-05 02:44:48.010 15616 15629 I art     : Explicit concurrent mark sweep GC freed 9(288B) AllocSpace objects, 0(0B) LOS objects, 28% free, 40MB/56MB, paused 1.242ms total 36.461ms
08-05 02:44:48.022 15616 15629 I art     : Starting a blocking GC Explicit
08-05 02:44:48.058 16895 16948 W DynamiteModule: Local module descriptor class for com.google.android.gms.measurement.dynamite not found.
08-05 02:44:48.059 15616 15629 I art     : Explicit concurrent mark sweep GC freed 9(288B) AllocSpace objects, 0(0B) LOS objects, 28% free, 40MB/56MB, paused 1.271ms total 36.645ms
08-05 02:44:48.069 16895 16948 E linker  : readlink('/proc/self/fd/21') failed: Permission denied [fd=21]
08-05 02:44:48.069 16895 16948 E linker  : warning: unable to get realpath for the library "/data/data/com.google.android.gms/app_chimera/m/00000039/oat/arm64/DynamiteLoader.odex". Will use given name.
08-05 02:44:48.071 15616 15629 I art     : Starting a blocking GC Explicit
08-05 02:44:48.107 15616 15629 I art     : Explicit concurrent mark sweep GC freed 9(288B) AllocSpace objects, 0(0B) LOS objects, 28% free, 40MB/56MB, paused 1.305ms total 36.391ms
08-05 02:44:48.125 16895 16948 I DynamiteLoaderV2: [71] Measurementdynamite
08-05 02:44:48.134 16895 16948 E linker  : readlink('/proc/self/fd/23') failed: Permission denied [fd=23]
08-05 02:44:48.134 16895 16948 E linker  : warning: unable to get realpath for the library "/data/data/com.google.android.gms/app_chimera/m/0000003e/oat/arm64/MeasurementDynamite.odex". Will use given name.
08-05 02:44:48.139 16895 16948 W System  : ClassLoader referenced unknown path: /data/data/com.google.android.gms/app_chimera/m/0000003e/n/arm64-v8a
08-05 02:44:48.158 16895 16948 W DynamiteModule: Local module descriptor class for com.google.android.gms.measurement.dynamite not found.
08-05 02:44:48.208 13228 13228 I ServiceManager: Waiting for service AtCmdFwd...
08-05 02:44:48.317   918   928 I ActivityManager: Start proc 16976:com.google.android.keep/u0a82 for broadcast com.google.android.keep/com.google.android.libraries.internal.growth.growthkit.internal.experiments.impl.PhenotypeBroadcastReceiver
08-05 02:44:48.318   918   928 I ActivityManager: Killing 24153:com.android.musicfx/u0a21 (adj 15): empty #17
08-05 02:44:48.379 16608 16665 I ProviderInstaller: Installed default security provider GmsCore_OpenSSL
08-05 02:44:48.501 15616 15629 I art     : Starting a blocking GC Explicit
08-05 02:44:48.541 15616 15629 I art     : Explicit concurrent mark sweep GC freed 1656(93KB) AllocSpace objects, 1(20KB) LOS objects, 28% free, 40MB/56MB, paused 1.376ms total 39.582ms
08-05 02:44:48.554 15616 15629 I art     : Starting a blocking GC Explicit
08-05 02:44:48.594 15616 15629 I art     : Explicit concurrent mark sweep GC freed 32(1168B) AllocSpace objects, 0(0B) LOS objects, 28% free, 40MB/56MB, paused 1.371ms total 39.387ms
08-05 02:44:48.606 15616 15629 I art     : Starting a blocking GC Explicit
08-05 02:44:48.622   518   646 I ThermalEngine: ACTION: GPU - Setting GPU[0] to 390000000
08-05 02:44:48.657 15616 15629 I art     : Explicit concurrent mark sweep GC freed 4(128B) AllocSpace objects, 0(0B) LOS objects, 28% free, 40MB/56MB, paused 2.836ms total 50.530ms
08-05 02:44:48.673 15616 15629 I art     : Starting a blocking GC Explicit
08-05 02:44:48.721 15616 15629 I art     : Explicit concurrent mark sweep GC freed 1641(64KB) AllocSpace objects, 0(0B) LOS objects, 28% free, 40MB/56MB, paused 2.038ms total 47.861ms
08-05 02:44:48.740 15616 15629 I art     : Starting a blocking GC Explicit
08-05 02:44:48.761 15616 16662 E baseline.com.newsblur.network.APIResponse: Error (unexpected end of stream on https://www.newsblur.com/...) calling https://www.newsblur.com/reader/mark_story_hashes_as_read/
08-05 02:44:48.761 15616 16662 E baseline.com.newsblur.network.APIResponse: java.io.IOException: unexpected end of stream on https://www.newsblur.com/...
08-05 02:44:48.761 15616 16662 E baseline.com.newsblur.network.APIResponse: 	at okhttp3.internal.http1.Http1ExchangeCodec.readResponseHeaders(Http1ExchangeCodec.java:236)
08-05 02:44:48.761 15616 16662 E baseline.com.newsblur.network.APIResponse: 	at okhttp3.internal.connection.Exchange.readResponseHeaders(Exchange.java:115)
08-05 02:44:48.761 15616 16662 E baseline.com.newsblur.network.APIResponse: 	at okhttp3.internal.http.CallServerInterceptor.intercept(CallServerInterceptor.java:94)
08-05 02:44:48.761 15616 16662 E baseline.com.newsblur.network.APIResponse: 	at okhttp3.internal.http.RealInterceptorChain.proceed(RealInterceptorChain.java:142)
08-05 02:44:48.761 15616 16662 E baseline.com.newsblur.network.APIResponse: 	at okhttp3.internal.connection.ConnectInterceptor.intercept(ConnectInterceptor.java:43)
08-05 02:44:48.761 15616 16662 E baseline.com.newsblur.network.APIResponse: 	at okhttp3.internal.http.RealInterceptorChain.proceed(RealInterceptorChain.java:142)
08-05 02:44:48.761 15616 16662 E baseline.com.newsblur.network.APIResponse: 	at okhttp3.internal.http.RealInterceptorChain.proceed(RealInterceptorChain.java:117)
08-05 02:44:48.761 15616 16662 E baseline.com.newsblur.network.APIResponse: 	at okhttp3.internal.cache.CacheInterceptor.intercept(CacheInterceptor.java:94)
08-05 02:44:48.761 15616 16662 E baseline.com.newsblur.network.APIResponse: 	at okhttp3.internal.http.RealInterceptorChain.proceed(RealInterceptorChain.java:142)
08-05 02:44:48.761 15616 16662 E baseline.com.newsblur.network.APIResponse: 	at okhttp3.internal.http.RealInterceptorChain.proceed(RealInterceptorChain.java:117)
08-05 02:44:48.761 15616 16662 E baseline.com.newsblur.network.APIResponse: 	at okhttp3.internal.http.BridgeInterceptor.intercept(BridgeInterceptor.java:93)
08-05 02:44:48.761 15616 16662 E baseline.com.newsblur.network.APIResponse: 	at okhttp3.internal.http.RealInterceptorChain.proceed(RealInterceptorChain.java:142)
08-05 02:44:48.761 15616 16662 E baseline.com.newsblur.network.APIResponse: 	at okhttp3.internal.http.RetryAndFollowUpInterceptor.intercept(RetryAndFollowUpInterceptor.java:88)
08-05 02:44:48.761 15616 16662 E baseline.com.newsblur.network.APIResponse: 	at okhttp3.internal.http.RealInterceptorChain.proceed(RealInterceptorChain.java:142)
08-05 02:44:48.761 15616 16662 E baseline.com.newsblur.network.APIResponse: 	at okhttp3.internal.http.RealInterceptorChain.proceed(RealInterceptorChain.java:117)
08-05 02:44:48.761 15616 16662 E baseline.com.newsblur.network.APIResponse: 	at okhttp3.RealCall.getResponseWithInterceptorChain(RealCall.java:229)
08-05 02:44:48.761 15616 16662 E baseline.com.newsblur.network.APIResponse: 	at okhttp3.RealCall.execute(RealCall.java:81)
08-05 02:44:48.761 15616 16662 E baseline.com.newsblur.network.APIResponse: 	at baseline.com.newsblur.network.APIResponse.<init>(APIResponse.java:57)
08-05 02:44:48.761 15616 16662 E baseline.com.newsblur.network.APIResponse: 	at baseline.com.newsblur.network.APIResponse.<init>(APIResponse.java:43)
08-05 02:44:48.761 15616 16662 E baseline.com.newsblur.network.APIResponse: 	at baseline.com.newsblur.network.APIManager.post_single(APIManager.java:702)
08-05 02:44:48.761 15616 16662 E baseline.com.newsblur.network.APIResponse: 	at baseline.com.newsblur.network.APIManager.post(APIManager.java:675)
08-05 02:44:48.761 15616 16662 E baseline.com.newsblur.network.APIResponse: 	at baseline.com.newsblur.network.APIManager.post(APIManager.java:714)
08-05 02:44:48.761 15616 16662 E baseline.com.newsblur.network.APIResponse: 	at baseline.com.newsblur.network.APIManager.markStoryAsRead(APIManager.java:205)
08-05 02:44:48.761 15616 16662 E baseline.com.newsblur.network.APIResponse: 	at baseline.com.newsblur.util.ReadingAction.doRemote(ReadingAction.java:281)
08-05 02:44:48.761 15616 16662 E baseline.com.newsblur.network.APIResponse: 	at baseline.com.newsblur.service.NBSyncService.syncActions(NBSyncService.java:400)
08-05 02:44:48.761 15616 16662 E baseline.com.newsblur.network.APIResponse: 	at baseline.com.newsblur.service.NBSyncService.doSync(NBSyncService.java:298)
08-05 02:44:48.761 15616 16662 E baseline.com.newsblur.network.APIResponse: 	at baseline.com.newsblur.service.NBSyncService.access$100(NBSyncService.java:67)
08-05 02:44:48.761 15616 16662 E baseline.com.newsblur.network.APIResponse: 	at baseline.com.newsblur.service.NBSyncService$1.run(NBSyncService.java:188)
08-05 02:44:48.761 15616 16662 E baseline.com.newsblur.network.APIResponse: 	at java.util.concurrent.ThreadPoolExecutor.runWorker(ThreadPoolExecutor.java:1113)
08-05 02:44:48.761 15616 16662 E baseline.com.newsblur.network.APIResponse: 	at java.util.concurrent.ThreadPoolExecutor$Worker.run(ThreadPoolExecutor.java:588)
08-05 02:44:48.761 15616 16662 E baseline.com.newsblur.network.APIResponse: 	at java.lang.Thread.run(Thread.java:818)
08-05 02:44:48.761 15616 16662 E baseline.com.newsblur.network.APIResponse: Caused by: java.io.EOFException: \n not found: limit=0 content=
08-05 02:44:48.761 15616 16662 E baseline.com.newsblur.network.APIResponse: 	at okio.RealBufferedSource.readUtf8LineStrict(RealBufferedSource.java:240)
08-05 02:44:48.761 15616 16662 E baseline.com.newsblur.network.APIResponse: 	at okhttp3.internal.http1.Http1ExchangeCodec.readHeaderLine(Http1ExchangeCodec.java:242)
08-05 02:44:48.761 15616 16662 E baseline.com.newsblur.network.APIResponse: 	at okhttp3.internal.http1.Http1ExchangeCodec.readResponseHeaders(Http1ExchangeCodec.java:213)
08-05 02:44:48.761 15616 16662 E baseline.com.newsblur.network.APIResponse: 	... 30 more
08-05 02:44:48.763 15616 16662 I baseline.com.newsblur.service.NBSyncService: Holding reading action with server-side or network error.
08-05 02:44:48.776 15616 16662 W baseline.com.newsblur.service.NBSyncService: hard API failure
08-05 02:44:48.789 15616 15629 I art     : Explicit concurrent mark sweep GC freed 1145(228KB) AllocSpace objects, 4(80KB) LOS objects, 28% free, 40MB/56MB, paused 2.344ms total 48.370ms
08-05 02:44:48.821   918   927 I art     : Background partial concurrent mark sweep GC freed 21866(1794KB) AllocSpace objects, 20(400KB) LOS objects, 19% free, 68MB/84MB, paused 2.330ms total 270.289ms
08-05 02:44:48.843 16959 16959 D AndroidRuntime: >>>>>> START com.android.internal.os.RuntimeInit uid 2000 <<<<<<
08-05 02:44:48.849 16959 16959 D AndroidRuntime: CheckJNI is OFF
08-05 02:44:48.903 16959 16959 D ICU     : No timezone override file found: /data/misc/zoneinfo/current/icu/icu_tzdata.dat
08-05 02:44:48.949 16959 16959 I Radio-JNI: register_android_hardware_Radio DONE
08-05 02:44:48.981 16959 16959 D AndroidRuntime: Calling main entry com.android.commands.input.Input
08-05 02:44:48.982 16959 16959 I Input   : injectKeyEvent: KeyEvent { action=ACTION_DOWN, keyCode=KEYCODE_BACK, scanCode=0, metaState=0, flags=0x0, repeatCount=0, eventTime=758705395, downTime=758705395, deviceId=-1, source=0x101 }
08-05 02:44:48.990 16959 16959 I Input   : injectKeyEvent: KeyEvent { action=ACTION_UP, keyCode=KEYCODE_BACK, scanCode=0, metaState=0, flags=0x0, repeatCount=0, eventTime=758705395, downTime=758705395, deviceId=-1, source=0x101 }
08-05 02:44:48.996 16895 16958 I FA      : App measurement initialized, version: 29027
08-05 02:44:48.996 16895 16958 I FA      : To enable debug logging run: adb shell setprop log.tag.FA VERBOSE
08-05 02:44:48.997 16895 16958 I FA      : To enable faster debug mode event logging run:
08-05 02:44:48.997 16895 16958 I FA      :   adb shell setprop debug.firebase.analytics.app com.google.android.play.games
08-05 02:44:48.999 16959 16959 D AndroidRuntime: Shutting down VM
08-05 02:44:49.163 15616 15647 I art     : Starting a blocking GC Explicit
08-05 02:44:49.183   918  6111 I AccountManagerService: getTypesVisibleToCaller: isPermitted? true
08-05 02:44:49.208 13228 13228 I ServiceManager: Waiting for service AtCmdFwd...
08-05 02:44:49.213 15616 15647 I art     : Explicit concurrent mark sweep GC freed 6892(440KB) AllocSpace objects, 10(200KB) LOS objects, 28% free, 40MB/56MB, paused 2.382ms total 49.778ms
08-05 02:44:49.230 15616 15647 I art     : Starting a blocking GC Explicit
08-05 02:44:49.237 13866 13866 I GoogleInputMethodServic: GoogleInputMethodService.onFinishInput():3138 
08-05 02:44:49.238 13866 13866 I GoogleInputMethodServic: GoogleInputMethodService.onStartInput():1808 
08-05 02:44:49.280 15616 15647 I art     : Explicit concurrent mark sweep GC freed 8914(555KB) AllocSpace objects, 3(60KB) LOS objects, 28% free, 40MB/56MB, paused 2.164ms total 50.197ms
08-05 02:44:49.297 15616 15647 I art     : Starting a blocking GC Explicit
08-05 02:44:49.357 15616 15647 I art     : Explicit concurrent mark sweep GC freed 159(6KB) AllocSpace objects, 0(0B) LOS objects, 28% free, 40MB/56MB, paused 2.056ms total 59.072ms
08-05 02:44:49.361   918  4400 I AccountManagerService: getTypesVisibleToCaller: isPermitted? true
08-05 02:44:49.368   918  3670 I AccountManagerService: getTypesVisibleToCaller: isPermitted? true
08-05 02:44:49.373 15616 15647 I art     : Starting a blocking GC Explicit
08-05 02:44:49.381 16976 16976 I art     : Rejecting re-init on previously-failed class java.lang.Class<abb>
08-05 02:44:49.381 16976 16976 I art     : Rejecting re-init on previously-failed class java.lang.Class<abb>
08-05 02:44:49.381 16976 16976 I art     : Rejecting re-init on previously-failed class java.lang.Class<abb>
08-05 02:44:49.381 16976 16976 I art     : Rejecting re-init on previously-failed class java.lang.Class<abb>
08-05 02:44:49.382 16976 16976 I art     : Rejecting re-init on previously-failed class java.lang.Class<abb>
08-05 02:44:49.423 15616 15647 I art     : Explicit concurrent mark sweep GC freed 3(96B) AllocSpace objects, 0(0B) LOS objects, 28% free, 40MB/56MB, paused 2.189ms total 49.189ms
08-05 02:44:49.441 15616 15647 I art     : Starting a blocking GC Explicit
08-05 02:44:49.490 15616 15647 I art     : Explicit concurrent mark sweep GC freed 3(96B) AllocSpace objects, 0(0B) LOS objects, 28% free, 40MB/56MB, paused 2.708ms total 48.513ms
08-05 02:44:49.724   918  3961 I ActivityManager: Start proc 17045:com.android.vending:instant_app_installer/u0a22 for broadcast com.android.vending/com.google.android.finsky.instantapps.PhenotypeUpdateReceiver
08-05 02:44:49.725   918  3961 I ActivityManager: Killing 23763:com.android.vending/u0a22 (adj 15): empty #17
08-05 02:44:49.783 16774 16784 E DataBuffer: Internal data leak within a DataBuffer object detected!  Be sure to explicitly call release() on all DataBuffer extending objects when you are done with them. (internal object: com.google.android.gms.common.data.DataHolder@6e9d7a7)
08-05 02:44:49.791   918  4400 D ConnectivityService: ConnectivityService NetworkRequestInfo binderDied(NetworkRequest [ id=3004, legacyType=-1, [ Capabilities: INTERNET&NOT_RESTRICTED&TRUSTED] ], android.os.BinderProxy@b13473d)
08-05 02:44:49.792   918  3263 D ConnectivityService: releasing NetworkRequest NetworkRequest [ id=3004, legacyType=-1, [ Capabilities: INTERNET&NOT_RESTRICTED&TRUSTED] ]
08-05 02:44:49.793   918  3263 E ConnectivityService: RemoteException caught trying to send a callback msg for NetworkRequest [ id=3004, legacyType=-1, [ Capabilities: INTERNET&NOT_RESTRICTED&TRUSTED] ]
08-05 02:44:49.942 15616 16533 I art     : Starting a blocking GC Explicit
08-05 02:44:49.992 15616 16533 I art     : Explicit concurrent mark sweep GC freed 1926(104KB) AllocSpace objects, 1(20KB) LOS objects, 28% free, 40MB/56MB, paused 2.112ms total 50.438ms
08-05 02:44:50.010 15616 16533 I art     : Starting a blocking GC Explicit
08-05 02:44:50.059 15616 16533 I art     : Explicit concurrent mark sweep GC freed 167(7KB) AllocSpace objects, 0(0B) LOS objects, 28% free, 40MB/56MB, paused 2.159ms total 48.966ms
08-05 02:44:50.076 15616 16533 I art     : Starting a blocking GC Explicit
08-05 02:44:50.124 15616 16533 I art     : Explicit concurrent mark sweep GC freed 11(352B) AllocSpace objects, 0(0B) LOS objects, 28% free, 40MB/56MB, paused 1.973ms total 48.307ms
08-05 02:44:50.141 15616 16533 I art     : Starting a blocking GC Explicit
08-05 02:44:50.190 15616 16533 I art     : Explicit concurrent mark sweep GC freed 11(352B) AllocSpace objects, 0(0B) LOS objects, 28% free, 40MB/56MB, paused 2.021ms total 48.360ms
08-05 02:44:50.207 15616 16533 I art     : Starting a blocking GC Explicit
08-05 02:44:50.209 13228 13228 W Atfwd_Sendcmd: AtCmdFwd service not published, waiting... retryCnt : 2
08-05 02:44:50.256 15616 16533 I art     : Explicit concurrent mark sweep GC freed 11(352B) AllocSpace objects, 0(0B) LOS objects, 28% free, 40MB/56MB, paused 2.014ms total 48.509ms
08-05 02:44:50.335 15616 16662 E baseline.com.newsblur.network.APIResponse: Error (unexpected end of stream on https://www.newsblur.com/...) calling https://www.newsblur.com/reader/mark_story_hashes_as_read/
08-05 02:44:50.335 15616 16662 E baseline.com.newsblur.network.APIResponse: java.io.IOException: unexpected end of stream on https://www.newsblur.com/...
08-05 02:44:50.335 15616 16662 E baseline.com.newsblur.network.APIResponse: 	at okhttp3.internal.http1.Http1ExchangeCodec.readResponseHeaders(Http1ExchangeCodec.java:236)
08-05 02:44:50.335 15616 16662 E baseline.com.newsblur.network.APIResponse: 	at okhttp3.internal.connection.Exchange.readResponseHeaders(Exchange.java:115)
08-05 02:44:50.335 15616 16662 E baseline.com.newsblur.network.APIResponse: 	at okhttp3.internal.http.CallServerInterceptor.intercept(CallServerInterceptor.java:94)
08-05 02:44:50.335 15616 16662 E baseline.com.newsblur.network.APIResponse: 	at okhttp3.internal.http.RealInterceptorChain.proceed(RealInterceptorChain.java:142)
08-05 02:44:50.335 15616 16662 E baseline.com.newsblur.network.APIResponse: 	at okhttp3.internal.connection.ConnectInterceptor.intercept(ConnectInterceptor.java:43)
08-05 02:44:50.335 15616 16662 E baseline.com.newsblur.network.APIResponse: 	at okhttp3.internal.http.RealInterceptorChain.proceed(RealInterceptorChain.java:142)
08-05 02:44:50.335 15616 16662 E baseline.com.newsblur.network.APIResponse: 	at okhttp3.internal.http.RealInterceptorChain.proceed(RealInterceptorChain.java:117)
08-05 02:44:50.335 15616 16662 E baseline.com.newsblur.network.APIResponse: 	at okhttp3.internal.cache.CacheInterceptor.intercept(CacheInterceptor.java:94)
08-05 02:44:50.335 15616 16662 E baseline.com.newsblur.network.APIResponse: 	at okhttp3.internal.http.RealInterceptorChain.proceed(RealInterceptorChain.java:142)
08-05 02:44:50.335 15616 16662 E baseline.com.newsblur.network.APIResponse: 	at okhttp3.internal.http.RealInterceptorChain.proceed(RealInterceptorChain.java:117)
08-05 02:44:50.335 15616 16662 E baseline.com.newsblur.network.APIResponse: 	at okhttp3.internal.http.BridgeInterceptor.intercept(BridgeInterceptor.java:93)
08-05 02:44:50.335 15616 16662 E baseline.com.newsblur.network.APIResponse: 	at okhttp3.internal.http.RealInterceptorChain.proceed(RealInterceptorChain.java:142)
08-05 02:44:50.335 15616 16662 E baseline.com.newsblur.network.APIResponse: 	at okhttp3.internal.http.RetryAndFollowUpInterceptor.intercept(RetryAndFollowUpInterceptor.java:88)
08-05 02:44:50.335 15616 16662 E baseline.com.newsblur.network.APIResponse: 	at okhttp3.internal.http.RealInterceptorChain.proceed(RealInterceptorChain.java:142)
08-05 02:44:50.335 15616 16662 E baseline.com.newsblur.network.APIResponse: 	at okhttp3.internal.http.RealInterceptorChain.proceed(RealInterceptorChain.java:117)
08-05 02:44:50.335 15616 16662 E baseline.com.newsblur.network.APIResponse: 	at okhttp3.RealCall.getResponseWithInterceptorChain(RealCall.java:229)
08-05 02:44:50.335 15616 16662 E baseline.com.newsblur.network.APIResponse: 	at okhttp3.RealCall.execute(RealCall.java:81)
08-05 02:44:50.335 15616 16662 E baseline.com.newsblur.network.APIResponse: 	at baseline.com.newsblur.network.APIResponse.<init>(APIResponse.java:57)
08-05 02:44:50.335 15616 16662 E baseline.com.newsblur.network.APIResponse: 	at baseline.com.newsblur.network.APIResponse.<init>(APIResponse.java:43)
08-05 02:44:50.335 15616 16662 E baseline.com.newsblur.network.APIResponse: 	at baseline.com.newsblur.network.APIManager.post_single(APIManager.java:702)
08-05 02:44:50.335 15616 16662 E baseline.com.newsblur.network.APIResponse: 	at baseline.com.newsblur.network.APIManager.post(APIManager.java:675)
08-05 02:44:50.335 15616 16662 E baseline.com.newsblur.network.APIResponse: 	at baseline.com.newsblur.network.APIManager.post(APIManager.java:714)
08-05 02:44:50.335 15616 16662 E baseline.com.newsblur.network.APIResponse: 	at baseline.com.newsblur.network.APIManager.markStoryAsRead(APIManager.java:205)
08-05 02:44:50.335 15616 16662 E baseline.com.newsblur.network.APIResponse: 	at baseline.com.newsblur.util.ReadingAction.doRemote(ReadingAction.java:281)
08-05 02:44:50.335 15616 16662 E baseline.com.newsblur.network.APIResponse: 	at baseline.com.newsblur.service.NBSyncService.syncActions(NBSyncService.java:400)
08-05 02:44:50.335 15616 16662 E baseline.com.newsblur.network.APIResponse: 	at baseline.com.newsblur.service.NBSyncService.doSync(NBSyncService.java:298)
08-05 02:44:50.335 15616 16662 E baseline.com.newsblur.network.APIResponse: 	at baseline.com.newsblur.service.NBSyncService.access$100(NBSyncService.java:67)
08-05 02:44:50.335 15616 16662 E baseline.com.newsblur.network.APIResponse: 	at baseline.com.newsblur.service.NBSyncService$1.run(NBSyncService.java:188)
08-05 02:44:50.335 15616 16662 E baseline.com.newsblur.network.APIResponse: 	at java.util.concurrent.ThreadPoolExecutor.runWorker(ThreadPoolExecutor.java:1113)
08-05 02:44:50.335 15616 16662 E baseline.com.newsblur.network.APIResponse: 	at java.util.concurrent.ThreadPoolExecutor$Worker.run(ThreadPoolExecutor.java:588)
08-05 02:44:50.335 15616 16662 E baseline.com.newsblur.network.APIResponse: 	at java.lang.Thread.run(Thread.java:818)
08-05 02:44:50.335 15616 16662 E baseline.com.newsblur.network.APIResponse: Caused by: java.io.EOFException: \n not found: limit=0 content=
08-05 02:44:50.335 15616 16662 E baseline.com.newsblur.network.APIResponse: 	at okio.RealBufferedSource.readUtf8LineStrict(RealBufferedSource.java:240)
08-05 02:44:50.335 15616 16662 E baseline.com.newsblur.network.APIResponse: 	at okhttp3.internal.http1.Http1ExchangeCodec.readHeaderLine(Http1ExchangeCodec.java:242)
08-05 02:44:50.335 15616 16662 E baseline.com.newsblur.network.APIResponse: 	at okhttp3.internal.http1.Http1ExchangeCodec.readResponseHeaders(Http1ExchangeCodec.java:213)
08-05 02:44:50.335 15616 16662 E baseline.com.newsblur.network.APIResponse: 	... 30 more
08-05 02:44:50.336 15616 16662 I baseline.com.newsblur.network.APIManager: API call failed, pausing before retry number 1
08-05 02:44:50.489 17045 17055 W art     : Suspending all threads took: 8.518ms
08-05 02:44:50.643 15616 15647 I art     : Starting a blocking GC Explicit
08-05 02:44:50.686 17045 17045 I Finsky:instant_app_inst: [1] dtn.ay(5): Process created at version: 21.2.12-16 [0] [PR] 323070436
08-05 02:44:50.693 15616 15647 I art     : Explicit concurrent mark sweep GC freed 2305(292KB) AllocSpace objects, 3(60KB) LOS objects, 28% free, 40MB/56MB, paused 1.940ms total 48.942ms
08-05 02:44:50.710 15616 15647 I art     : Starting a blocking GC Explicit
08-05 02:44:50.756 15616 15647 I art     : Explicit concurrent mark sweep GC freed 66(2480B) AllocSpace objects, 0(0B) LOS objects, 28% free, 40MB/56MB, paused 1.915ms total 46.427ms
08-05 02:44:50.772 15616 15647 I art     : Starting a blocking GC Explicit
08-05 02:44:50.820 15616 15647 I art     : Explicit concurrent mark sweep GC freed 3(96B) AllocSpace objects, 0(0B) LOS objects, 28% free, 40MB/56MB, paused 1.873ms total 46.864ms
08-05 02:44:50.836 15616 15647 I art     : Starting a blocking GC Explicit
08-05 02:44:50.881 15616 15647 I art     : Explicit concurrent mark sweep GC freed 3(96B) AllocSpace objects, 0(0B) LOS objects, 28% free, 40MB/56MB, paused 1.858ms total 45.032ms
08-05 02:44:50.898 15616 15647 I art     : Starting a blocking GC Explicit
08-05 02:44:50.898 17059 17059 D AndroidRuntime: >>>>>> START com.android.internal.os.RuntimeInit uid 2000 <<<<<<
08-05 02:44:50.903 17059 17059 D AndroidRuntime: CheckJNI is OFF
08-05 02:44:50.943 15616 15647 I art     : Explicit concurrent mark sweep GC freed 3(96B) AllocSpace objects, 0(0B) LOS objects, 28% free, 40MB/56MB, paused 1.864ms total 45.187ms
08-05 02:44:50.952 17059 17059 D ICU     : No timezone override file found: /data/misc/zoneinfo/current/icu/icu_tzdata.dat
08-05 02:44:50.997 17059 17059 I Radio-JNI: register_android_hardware_Radio DONE
08-05 02:44:51.029 17059 17059 D AndroidRuntime: Calling main entry com.android.commands.input.Input
08-05 02:44:51.031 17059 17059 I Input   : injectMotionEvent: MotionEvent { action=ACTION_DOWN, actionButton=0, id[0]=0, x[0]=594.0, y[0]=330.0, toolType[0]=TOOL_TYPE_UNKNOWN, buttonState=0, metaState=0, flags=0x0, edgeFlags=0x0, pointerCount=1, historySize=0, eventTime=758707443, downTime=758707443, deviceId=0, source=0x1002 }
08-05 02:44:51.037 17059 17059 I Input   : injectMotionEvent: MotionEvent { action=ACTION_UP, actionButton=0, id[0]=0, x[0]=594.0, y[0]=330.0, toolType[0]=TOOL_TYPE_UNKNOWN, buttonState=0, metaState=0, flags=0x0, edgeFlags=0x0, pointerCount=1, historySize=0, eventTime=758707443, downTime=758707443, deviceId=0, source=0x1002 }
08-05 02:44:51.039 17059 17059 D AndroidRuntime: Shutting down VM
08-05 02:44:51.107   918  5481 I ActivityManager: START u0 {cmp=baseline.com.newsblur/.activity.GlobalSharedStoriesItemsList (has extras)} from uid 10676 on display 0
08-05 02:44:51.136 15616 15883 I baseline.com.newsblur.database.BlurDatabaseHelper: reading session reset
08-05 02:44:51.155   918  6110 I ActivityManager: Start proc 17099:com.android.vending/u0a22 for broadcast com.android.vending/com.google.android.libraries.phenotype.client.stable.PhenotypeUpdateBroadcastReceiver
08-05 02:44:51.159   918  6110 I ActivityManager: Killing 15749:android.process.acore/u0a2 (adj 15): empty #17
08-05 02:44:51.322 17099 17099 I art     : Rejecting re-init on previously-failed class java.lang.Class<aqr>
08-05 02:44:51.323 17099 17099 I art     : Rejecting re-init on previously-failed class java.lang.Class<aqr>
08-05 02:44:51.333 15616 15856 I art     : Starting a blocking GC Explicit
08-05 02:44:51.356 17099 17099 I Finsky  : [1] dtn.ay(5): Process created at version: 21.2.12-16 [0] [PR] 323070436
08-05 02:44:51.385 15616 15856 I art     : Explicit concurrent mark sweep GC freed 3860(299KB) AllocSpace objects, 7(232KB) LOS objects, 28% free, 40MB/56MB, paused 2.045ms total 50.705ms
08-05 02:44:51.401 15616 15856 I art     : Starting a blocking GC Explicit
08-05 02:44:51.414 15616 15616 W View    : requestLayout() improperly called by android.widget.FrameLayout{d4ad513 V.E...... ......ID 0,0-1440,18 #7f07003f app:id/footer_view_inner} during layout: running second layout pass
08-05 02:44:51.414 15616 15616 W View    : requestLayout() improperly called by android.widget.FrameLayout{57ab350 V.E...... ......ID 0,0-1440,476 #7f07003f app:id/footer_view_inner} during layout: running second layout pass
08-05 02:44:51.439   918   936 I ActivityManager: Displayed baseline.com.newsblur/.activity.GlobalSharedStoriesItemsList: +321ms
08-05 02:44:51.440 13866 13866 I GoogleInputMethodServic: GoogleInputMethodService.onFinishInput():3138 
08-05 02:44:51.440 13866 13866 I GoogleInputMethodServic: GoogleInputMethodService.onStartInput():1808 
08-05 02:44:51.455 15616 15856 I art     : Explicit concurrent mark sweep GC freed 636(47KB) AllocSpace objects, 1(20KB) LOS objects, 28% free, 40MB/56MB, paused 2.193ms total 53.235ms
08-05 02:44:51.471 15616 15856 I art     : Starting a blocking GC Explicit
08-05 02:44:51.522 15616 15856 I art     : Explicit concurrent mark sweep GC freed 756(52KB) AllocSpace objects, 4(80KB) LOS objects, 28% free, 40MB/56MB, paused 2.289ms total 50.508ms
08-05 02:44:51.538   918  3714 I ActivityManager: Killing 4883:com.google.android.webview:webview_service/u0a74 (adj 15): empty #17
08-05 02:44:51.541 15616 15856 I art     : Starting a blocking GC Explicit
08-05 02:44:51.558   918  3188 I hubconnection: sensorhub said: 'set_bias 3: -5.0784, 0.0000, 0.0000'
08-05 02:44:51.591 15616 15856 I art     : Explicit concurrent mark sweep GC freed 673(39KB) AllocSpace objects, 2(40KB) LOS objects, 28% free, 40MB/56MB, paused 1.991ms total 49.136ms
08-05 02:44:51.607 15616 15856 I art     : Starting a blocking GC Explicit
08-05 02:44:51.659 15616 15856 I art     : Explicit concurrent mark sweep GC freed 27(1168B) AllocSpace objects, 0(0B) LOS objects, 28% free, 40MB/56MB, paused 2.087ms total 51.174ms
08-05 02:44:51.707 15616 17123 I NAPPA_EXPERIMENTATION: MetricNetworkRequestExecutionTime: REQUEST_DURATION_SYSTEM='158',REQUEST_DURATION_OKHTTP='44',REQUEST_SYNCHRONOUS='TRUE',RESPONSE_CODE='200',RESPONSE_METHOD='GET',RESPONSE_LENGTH_OKHTTP='43',RESPONSE_LENGTH_HEADER='43',REQUEST_PROTOCOL='http/1.1',REQUEST_URL='http://feeds.feedburner.com/~r/retort/~4/UffaFMiJbNs',
08-05 02:44:52.036 15616 15647 I art     : Starting a blocking GC Explicit
08-05 02:44:52.083 17099 17126 I Finsky  : [5889] upt.a(29): Started reading experiment flags from file [0tGUNCGIkbk4o6-fQ335kUYSKwVj4lusnHT-A5Dsy08].
08-05 02:44:52.091 15616 15647 I art     : Explicit concurrent mark sweep GC freed 2446(158KB) AllocSpace objects, 3(60KB) LOS objects, 28% free, 40MB/56MB, paused 2.206ms total 54.937ms
08-05 02:44:52.110 15616 15647 I art     : Starting a blocking GC Explicit
08-05 02:44:52.116 17099 17126 I Finsky  : [5889] upt.a(44): Finished reading experiment flags from file [0tGUNCGIkbk4o6-fQ335kUYSKwVj4lusnHT-A5Dsy08].
08-05 02:44:52.143   918  3696 I AccountManagerService: getTypesVisibleToCaller: isPermitted? true
08-05 02:44:52.144   918  5952 I AccountManagerService: getTypesVisibleToCaller: isPermitted? true
08-05 02:44:52.147 17099 17126 I Finsky  : [5889] upt.a(29): Started reading experiment flags from file [Se-xCc4LzNyh3UrKMIU2sUf-PUKz4oQEbpKZDMuaFno].
08-05 02:44:52.155 17099 17126 I Finsky  : [5889] upt.a(44): Finished reading experiment flags from file [Se-xCc4LzNyh3UrKMIU2sUf-PUKz4oQEbpKZDMuaFno].
08-05 02:44:52.164 15616 15647 I art     : Explicit concurrent mark sweep GC freed 86(3KB) AllocSpace objects, 0(0B) LOS objects, 28% free, 40MB/56MB, paused 2.160ms total 54.003ms
08-05 02:44:52.178 17099 17121 I Finsky  : [5885] dtn.at(6): Resizing background executor to core 4 and max 40
08-05 02:44:52.182 15616 15647 I art     : Starting a blocking GC Explicit
08-05 02:44:52.235 15616 15647 I art     : Explicit concurrent mark sweep GC freed 3(96B) AllocSpace objects, 0(0B) LOS objects, 28% free, 40MB/56MB, paused 2.145ms total 52.917ms
08-05 02:44:52.250 17099 17099 I Finsky  : [1] xmu.<init>(11): Resetting scheduler db
08-05 02:44:52.253 15616 15647 I art     : Starting a blocking GC Explicit
08-05 02:44:52.278 17099 17122 I Finsky  : [5886] dtn.o(6): Not a unicorn account
08-05 02:44:52.308 15616 15647 I art     : Explicit concurrent mark sweep GC freed 1657(64KB) AllocSpace objects, 0(0B) LOS objects, 28% free, 40MB/56MB, paused 2.117ms total 52.982ms
08-05 02:44:52.325 15616 15647 I art     : Starting a blocking GC Explicit
08-05 02:44:52.343 15616 16662 E baseline.com.newsblur.network.APIResponse: Error (unexpected end of stream on https://www.newsblur.com/...) calling https://www.newsblur.com/reader/mark_story_hashes_as_read/
08-05 02:44:52.343 15616 16662 E baseline.com.newsblur.network.APIResponse: java.io.IOException: unexpected end of stream on https://www.newsblur.com/...
08-05 02:44:52.343 15616 16662 E baseline.com.newsblur.network.APIResponse: 	at okhttp3.internal.http1.Http1ExchangeCodec.readResponseHeaders(Http1ExchangeCodec.java:236)
08-05 02:44:52.343 15616 16662 E baseline.com.newsblur.network.APIResponse: 	at okhttp3.internal.connection.Exchange.readResponseHeaders(Exchange.java:115)
08-05 02:44:52.343 15616 16662 E baseline.com.newsblur.network.APIResponse: 	at okhttp3.internal.http.CallServerInterceptor.intercept(CallServerInterceptor.java:94)
08-05 02:44:52.343 15616 16662 E baseline.com.newsblur.network.APIResponse: 	at okhttp3.internal.http.RealInterceptorChain.proceed(RealInterceptorChain.java:142)
08-05 02:44:52.343 15616 16662 E baseline.com.newsblur.network.APIResponse: 	at okhttp3.internal.connection.ConnectInterceptor.intercept(ConnectInterceptor.java:43)
08-05 02:44:52.343 15616 16662 E baseline.com.newsblur.network.APIResponse: 	at okhttp3.internal.http.RealInterceptorChain.proceed(RealInterceptorChain.java:142)
08-05 02:44:52.343 15616 16662 E baseline.com.newsblur.network.APIResponse: 	at okhttp3.internal.http.RealInterceptorChain.proceed(RealInterceptorChain.java:117)
08-05 02:44:52.343 15616 16662 E baseline.com.newsblur.network.APIResponse: 	at okhttp3.internal.cache.CacheInterceptor.intercept(CacheInterceptor.java:94)
08-05 02:44:52.343 15616 16662 E baseline.com.newsblur.network.APIResponse: 	at okhttp3.internal.http.RealInterceptorChain.proceed(RealInterceptorChain.java:142)
08-05 02:44:52.343 15616 16662 E baseline.com.newsblur.network.APIResponse: 	at okhttp3.internal.http.RealInterceptorChain.proceed(RealInterceptorChain.java:117)
08-05 02:44:52.343 15616 16662 E baseline.com.newsblur.network.APIResponse: 	at okhttp3.internal.http.BridgeInterceptor.intercept(BridgeInterceptor.java:93)
08-05 02:44:52.343 15616 16662 E baseline.com.newsblur.network.APIResponse: 	at okhttp3.internal.http.RealInterceptorChain.proceed(RealInterceptorChain.java:142)
08-05 02:44:52.343 15616 16662 E baseline.com.newsblur.network.APIResponse: 	at okhttp3.internal.http.RetryAndFollowUpInterceptor.intercept(RetryAndFollowUpInterceptor.java:88)
08-05 02:44:52.343 15616 16662 E baseline.com.newsblur.network.APIResponse: 	at okhttp3.internal.http.RealInterceptorChain.proceed(RealInterceptorChain.java:142)
08-05 02:44:52.343 15616 16662 E baseline.com.newsblur.network.APIResponse: 	at okhttp3.internal.http.RealInterceptorChain.proceed(RealInterceptorChain.java:117)
08-05 02:44:52.343 15616 16662 E baseline.com.newsblur.network.APIResponse: 	at okhttp3.RealCall.getResponseWithInterceptorChain(RealCall.java:229)
08-05 02:44:52.343 15616 16662 E baseline.com.newsblur.network.APIResponse: 	at okhttp3.RealCall.execute(RealCall.java:81)
08-05 02:44:52.343 15616 16662 E baseline.com.newsblur.network.APIResponse: 	at baseline.com.newsblur.network.APIResponse.<init>(APIResponse.java:57)
08-05 02:44:52.343 15616 16662 E baseline.com.newsblur.network.APIResponse: 	at baseline.com.newsblur.network.APIResponse.<init>(APIResponse.java:43)
08-05 02:44:52.343 15616 16662 E baseline.com.newsblur.network.APIResponse: 	at baseline.com.newsblur.network.APIManager.post_single(APIManager.java:702)
08-05 02:44:52.343 15616 16662 E baseline.com.newsblur.network.APIResponse: 	at baseline.com.newsblur.network.APIManager.post(APIManager.java:675)
08-05 02:44:52.343 15616 16662 E baseline.com.newsblur.network.APIResponse: 	at baseline.com.newsblur.network.APIManager.post(APIManager.java:714)
08-05 02:44:52.343 15616 16662 E baseline.com.newsblur.network.APIResponse: 	at baseline.com.newsblur.network.APIManager.markStoryAsRead(APIManager.java:205)
08-05 02:44:52.343 15616 16662 E baseline.com.newsblur.network.APIResponse: 	at baseline.com.newsblur.util.ReadingAction.doRemote(ReadingAction.java:281)
08-05 02:44:52.343 15616 16662 E baseline.com.newsblur.network.APIResponse: 	at baseline.com.newsblur.service.NBSyncService.syncActions(NBSyncService.java:400)
08-05 02:44:52.343 15616 16662 E baseline.com.newsblur.network.APIResponse: 	at baseline.com.newsblur.service.NBSyncService.doSync(NBSyncService.java:298)
08-05 02:44:52.343 15616 16662 E baseline.com.newsblur.network.APIResponse: 	at baseline.com.newsblur.service.NBSyncService.access$100(NBSyncService.java:67)
08-05 02:44:52.343 15616 16662 E baseline.com.newsblur.network.APIResponse: 	at baseline.com.newsblur.service.NBSyncService$1.run(NBSyncService.java:188)
08-05 02:44:52.343 15616 16662 E baseline.com.newsblur.network.APIResponse: 	at java.util.concurrent.ThreadPoolExecutor.runWorker(ThreadPoolExecutor.java:1113)
08-05 02:44:52.343 15616 16662 E baseline.com.newsblur.network.APIResponse: 	at java.util.concurrent.ThreadPoolExecutor$Worker.run(ThreadPoolExecutor.java:588)
08-05 02:44:52.343 15616 16662 E baseline.com.newsblur.network.APIResponse: 	at java.lang.Thread.run(Thread.java:818)
08-05 02:44:52.343 15616 16662 E baseline.com.newsblur.network.APIResponse: Caused by: java.io.EOFException: \n not found: limit=0 content=
08-05 02:44:52.343 15616 16662 E baseline.com.newsblur.network.APIResponse: 	at okio.RealBufferedSource.readUtf8LineStrict(RealBufferedSource.java:240)
08-05 02:44:52.343 15616 16662 E baseline.com.newsblur.network.APIResponse: 	at okhttp3.internal.http1.Http1ExchangeCodec.readHeaderLine(Http1ExchangeCodec.java:242)
08-05 02:44:52.343 15616 16662 E baseline.com.newsblur.network.APIResponse: 	at okhttp3.internal.http1.Http1ExchangeCodec.readResponseHeaders(Http1ExchangeCodec.java:213)
08-05 02:44:52.343 15616 16662 E baseline.com.newsblur.network.APIResponse: 	... 30 more
08-05 02:44:52.345 15616 16662 I baseline.com.newsblur.network.APIManager: API call failed, pausing before retry number 2
08-05 02:44:52.352 17099 17120 I Finsky  : [5884] acic.a(2): Disable SystemUpdateActivity, because Android is lower than Q
08-05 02:44:52.359 17099 17121 E linker  : readlink('/proc/self/fd/23') failed: Permission denied [fd=23]
08-05 02:44:52.359 17099 17121 E linker  : warning: unable to get realpath for the library "/data/app/com.android.vending-2/lib/arm/libcronet.85.0.4183.26.so". Will use given name.
08-05 02:44:52.376 15616 15647 I art     : Explicit concurrent mark sweep GC freed 818(196KB) AllocSpace objects, 2(40KB) LOS objects, 28% free, 40MB/56MB, paused 1.973ms total 51.027ms
08-05 02:44:52.377 15616 15626 I art     : WaitForGcToComplete blocked for 51.343ms for cause HeapTrim
08-05 02:44:52.397 17099 17122 I Finsky  : [5886] qos.f(5): Enqueuing libraries load for 0
08-05 02:44:52.407 17099 17156 I Finsky  : [5902] acib.run(-1): Set SystemUpdateActivity enabled state to 2
08-05 02:44:52.414 17099 17122 I Finsky  : [5886] hhf.i(7): Subscription detail: N/A
08-05 02:44:52.431 17099 17120 W Settings: Setting download_manager_max_bytes_over_mobile has moved from android.provider.Settings.Secure to android.provider.Settings.Global.
08-05 02:44:52.432 17099 17120 I Finsky  : [5884] sjc.a(4): SettingNotFoundException, fall through to G.downloadBytesOverMobileMaximum
08-05 02:44:52.433 17099 17120 W Settings: Setting download_manager_recommended_max_bytes_over_mobile has moved from android.provider.Settings.Secure to android.provider.Settings.Global.
08-05 02:44:52.447 17099 17158 I Finsky  : [5903] qos.a(25): Starting libraries load for 0
08-05 02:44:52.449 17099 17120 I Finsky  : [5884] sjc.a(9): SettingNotFoundException, fall through to G.downloadBytesOverMobileRecommended
08-05 02:44:52.463   918  5132 D ConnectivityService: listenForNetwork for Listen from uid/pid:10022/17099 for NetworkRequest [ id=3123, legacyType=-1, [ Capabilities: INTERNET&NOT_RESTRICTED&TRUSTED] ]
08-05 02:44:52.480 17099 17121 I cr_CronetLibraryLoader: Cronet version: 85.0.4183.26, arch: armv8l
08-05 02:44:52.484 17099 17121 W Finsky  : [5885] dap.a(25): For unauth, use getDfeApiNonAuthenticated() instead!
08-05 02:44:52.505 17099 17122 I Finsky  : [5886] affi.l(3): Setup app restrictions monitor
08-05 02:44:52.511 17099 17120 I Finsky  : [5884] aqzn.a(2): registerListener
08-05 02:44:52.535 17099 17122 I Finsky  : [5886] afhe.a(3): Device wide unknown source restriction is changed.
08-05 02:44:52.550 17099 17120 I Finsky  : [5884] aqzn.a(2): registerListener
08-05 02:44:52.551 17099 17120 I Finsky  : [5884] aqzn.a(2): registerListener
08-05 02:44:52.554 17099 17120 I Finsky  : [5884] aepq.a(2): Warm data store experiment is disabled.
08-05 02:44:52.565 17099 17124 W art     : Verification of boolean aqxs.c() took 124.296ms
08-05 02:44:52.606 17099 17158 I Finsky  : [5903] qos.a(47): Finished loading 0 libraries.
08-05 02:44:52.628   518   646 I ThermalEngine: ACTION: GPU - Setting GPU[0] to 450000000
08-05 02:44:52.736 15616 16533 I art     : Starting a blocking GC Explicit
08-05 02:44:52.785 15616 16533 I art     : Explicit concurrent mark sweep GC freed 1572(99KB) AllocSpace objects, 1(20KB) LOS objects, 28% free, 40MB/56MB, paused 1.517ms total 48.679ms
08-05 02:44:52.786 17099 17099 I Finsky  : [1] num.<init>(13): Installer: Setting Parallelism[DEFAULT]
08-05 02:44:52.792 17099 17099 I Finsky  : [1] nra.b(2): Installer: Attempting to start installer
08-05 02:44:52.798 17099 17099 I Finsky  : [1] aqzn.a(2): registerListener
08-05 02:44:52.799 15616 16533 I art     : Starting a blocking GC Explicit
08-05 02:44:52.816 17099 17099 I Finsky  : [1] hhe.onSubscriptionsChanged(1): onSubscriptionsChanged
08-05 02:44:52.824 17099 17099 I Finsky  : [1] nra.a(214): Installer kick - no action, not running yet
08-05 02:44:52.830   918  4413 I ActivityManager: Start proc 17197:com.google.android.apps.plus/u0a77 for broadcast com.google.android.apps.plus/com.google.android.libraries.phenotype.client.stable.PhenotypeUpdateBroadcastReceiver
08-05 02:44:52.831   918  4413 I ActivityManager: Killing 499:nappagreedy.com.newsblur/u0a679 (adj 15): empty #17
08-05 02:44:52.842 15616 16533 I art     : Explicit concurrent mark sweep GC freed 47(1616B) AllocSpace objects, 0(0B) LOS objects, 28% free, 40MB/56MB, paused 1.340ms total 41.992ms
08-05 02:44:52.854 15616 16533 I art     : Starting a blocking GC Explicit
08-05 02:44:52.894 15616 16533 I art     : Explicit concurrent mark sweep GC freed 3(96B) AllocSpace objects, 0(0B) LOS objects, 28% free, 40MB/56MB, paused 1.285ms total 40.241ms
08-05 02:44:52.907 15616 16533 I art     : Starting a blocking GC Explicit
08-05 02:44:52.947 15616 16533 I art     : Explicit concurrent mark sweep GC freed 3(96B) AllocSpace objects, 0(0B) LOS objects, 28% free, 40MB/56MB, paused 1.258ms total 39.854ms
08-05 02:44:52.959 15616 16533 I art     : Starting a blocking GC Explicit
08-05 02:44:52.971 17099 17214 I Finsky  : [5932] kbg.a(4): getDownloads()
08-05 02:44:52.998 15616 16533 I art     : Explicit concurrent mark sweep GC freed 3(96B) AllocSpace objects, 0(0B) LOS objects, 28% free, 40MB/56MB, paused 1.296ms total 39.117ms
08-05 02:44:53.112   918  3961 I ActivityManager: Start proc 17217:com.android.vending:download_service/u0a22 for service com.android.vending/com.google.android.finsky.ipcservers.downloadservice.DownloadServiceGrpcServerAndroidService
08-05 02:44:53.245 17217 17217 I Finsky:download_service: [1] dtn.ay(5): Process created at version: 21.2.12-16 [0] [PR] 323070436
08-05 02:44:53.337 15616 15629 I art     : Starting a blocking GC Explicit
08-05 02:44:53.377 15616 15629 I art     : Explicit concurrent mark sweep GC freed 1443(83KB) AllocSpace objects, 1(20KB) LOS objects, 28% free, 40MB/56MB, paused 1.288ms total 40.133ms
08-05 02:44:53.378 17217 17217 I Finsky:download_service: [1] qak.onCreate(2): IPC-SERVER: Starting gRPC host service...
08-05 02:44:53.390 15616 15629 I art     : Starting a blocking GC Explicit
08-05 02:44:53.429 15616 15629 I art     : Explicit concurrent mark sweep GC freed 22(784B) AllocSpace objects, 0(0B) LOS objects, 28% free, 40MB/56MB, paused 1.261ms total 39.516ms
08-05 02:44:53.441 15616 15629 I art     : Starting a blocking GC Explicit
08-05 02:44:53.481 15616 15629 I art     : Explicit concurrent mark sweep GC freed 3(96B) AllocSpace objects, 0(0B) LOS objects, 28% free, 40MB/56MB, paused 1.216ms total 38.831ms
08-05 02:44:53.492 15616 15629 I art     : Starting a blocking GC Explicit
08-05 02:44:53.532 15616 15629 I art     : Explicit concurrent mark sweep GC freed 3(96B) AllocSpace objects, 0(0B) LOS objects, 28% free, 40MB/56MB, paused 1.250ms total 39.581ms
08-05 02:44:53.544 15616 15629 I art     : Starting a blocking GC Explicit
08-05 02:44:53.584 15616 15629 I art     : Explicit concurrent mark sweep GC freed 3(96B) AllocSpace objects, 0(0B) LOS objects, 28% free, 40MB/56MB, paused 1.263ms total 39.300ms
08-05 02:44:53.757   918  3696 I ActivityManager: Killing 11949:nappatfpr.com.newsblur/u0a682 (adj 15): empty #17
08-05 02:44:53.792   379   379 E SELinux : avc:  denied  { find } for service=batteryproperties scontext=u:r:untrusted_app:s0:c512,c768 tcontext=u:object_r:healthd_service:s0 tclass=service_manager
08-05 02:44:53.852 17217 17265 I Finsky:download_service: [5891] juk.a(53): getDownloads().
08-05 02:44:53.869 17099 17099 I Finsky  : [1] xmu.a(8): SCH: Jobs in database: 1-1337 3-199 3-200 24-77777777 26-1414141414 29-29 
08-05 02:44:53.874 17099 17099 I Finsky  : [1] xio.a(57): SCH: ConstraintMapping: 24-77777777,  -> L: 0ms, D: 66306647ms, C: false, I: true, N: 0
08-05 02:44:53.875 17099 17099 I Finsky  : [1] xio.a(57): SCH: ConstraintMapping: 1-1337,  -> L: 7699668ms, D: 26459037ms, C: false, I: false, N: 1
08-05 02:44:53.876 17099 17099 I Finsky  : [1] xio.a(57): SCH: ConstraintMapping: 3-199,  -> L: 0ms, D: 77899380ms, C: false, I: true, N: 2
08-05 02:44:53.887 17099 17099 I Finsky  : [1] xio.a(57): SCH: ConstraintMapping: 3-200,  -> L: 0ms, D: 77899486ms, C: true, I: true, N: 2
08-05 02:44:53.888 17099 17099 I Finsky  : [1] xio.a(57): SCH: ConstraintMapping: 26-1414141414, 29-29,  -> L: 28357ms, D: 58357ms, C: false, I: false, N: 0
08-05 02:44:53.911 17099 17099 I Finsky  : [1] xle.a(34): Cancelling existing jobscheduler jobs: 9003 9010 9004 9009 9005 9002 9007 9008 9006 9001 
08-05 02:44:53.912 17099 17099 I Finsky  : [1] xle.a(27): Scheduling job Id: 9000, L: 0, D: 66306647, C: false, I: true, N: 0
08-05 02:44:53.917 17099 17099 I Finsky  : [1] xle.a(27): Scheduling job Id: 9011, L: 7699668, D: 26459037, C: false, I: false, N: 1
08-05 02:44:53.919 17099 17099 I Finsky  : [1] xle.a(27): Scheduling job Id: 9012, L: 0, D: 77899380, C: false, I: true, N: 2
08-05 02:44:53.920 17099 17099 I Finsky  : [1] xle.a(27): Scheduling job Id: 9013, L: 0, D: 77899486, C: true, I: true, N: 2
08-05 02:44:53.922 17099 17099 I Finsky  : [1] xle.a(27): Scheduling job Id: 9014, L: 28357, D: 58357, C: false, I: false, N: 0
08-05 02:44:53.925 17099 17099 I Finsky  : [1] xle.a(27): Scheduling job Id: 9015, L: 0, D: 66306647, C: false, I: true, N: 0
08-05 02:44:53.935 17099 17099 I Finsky  : [1] xle.a(27): Scheduling job Id: 9016, L: 7699668, D: 26459037, C: false, I: false, N: 1
08-05 02:44:53.943 17099 17099 I Finsky  : [1] xle.a(27): Scheduling job Id: 9017, L: 0, D: 77899380, C: false, I: true, N: 2
08-05 02:44:53.945 17099 17099 I Finsky  : [1] xle.a(27): Scheduling job Id: 9018, L: 0, D: 77899486, C: true, I: true, N: 2
08-05 02:44:53.946 17099 17099 I Finsky  : [1] xle.a(27): Scheduling job Id: 9019, L: 28357, D: 58357, C: false, I: false, N: 0
08-05 02:44:53.969 15616 15627 I art     : Starting a blocking GC Explicit
08-05 02:44:54.012 15616 15627 I art     : Explicit concurrent mark sweep GC freed 1443(83KB) AllocSpace objects, 1(20KB) LOS objects, 28% free, 40MB/56MB, paused 1.303ms total 42.757ms
08-05 02:44:54.025 15616 15627 I art     : Starting a blocking GC Explicit
08-05 02:44:54.047 17099 17270 I Finsky  : [5937] npz.run(-1): Installer: Installer starting.
08-05 02:44:54.056 17099 17270 I Finsky  : [5937] npz.run(-1): Installer: Installer started.
08-05 02:44:54.067 15616 15627 I art     : Explicit concurrent mark sweep GC freed 22(784B) AllocSpace objects, 0(0B) LOS objects, 28% free, 40MB/56MB, paused 1.280ms total 41.073ms
08-05 02:44:54.079 15616 15627 I art     : Starting a blocking GC Explicit
08-05 02:44:54.112 17099 17099 I Finsky  : [1] nra.a(220): Installer: found apps to install. isMultiUserMode=false, apps=[]
08-05 02:44:54.121 15616 15627 I art     : Explicit concurrent mark sweep GC freed 3(96B) AllocSpace objects, 0(0B) LOS objects, 28% free, 40MB/56MB, paused 1.266ms total 41.059ms
08-05 02:44:54.133 15616 15627 I art     : Starting a blocking GC Explicit
08-05 02:44:54.145 17099 17099 I Finsky  : [1] xmd.a(-1): SCH: Canceling job 3-199
08-05 02:44:54.148 17099 17099 I Finsky  : [1] xmu.a(8): SCH: Jobs in database: 1-1337 3-200 24-77777777 26-1414141414 29-29 
08-05 02:44:54.150 17099 17099 I Finsky  : [1] xio.a(57): SCH: ConstraintMapping: 24-77777777,  -> L: 0ms, D: 66306370ms, C: false, I: true, N: 0
08-05 02:44:54.150 17099 17099 I Finsky  : [1] xio.a(57): SCH: ConstraintMapping: 1-1337,  -> L: 7699392ms, D: 26458761ms, C: false, I: false, N: 1
08-05 02:44:54.151 17099 17099 I Finsky  : [1] xio.a(57): SCH: ConstraintMapping: 3-200,  -> L: 0ms, D: 77899210ms, C: true, I: true, N: 2
08-05 02:44:54.152 17099 17099 I Finsky  : [1] xio.a(57): SCH: ConstraintMapping: 29-29, 26-1414141414,  -> L: 28081ms, D: 58081ms, C: false, I: false, N: 0
08-05 02:44:54.152   918  3359 I ActivityManager: Start proc 17277:com.google.android.calendar/u0a36 for broadcast com.google.android.calendar/com.google.android.apps.calendar.config.phenotypesupport.broadcast.PhenotypeBroadcastReceiver
08-05 02:44:54.153   918  3359 I ActivityManager: Killing 11987:com.google.android.apps.messaging/u0a65 (adj 15): empty #17
08-05 02:44:54.173 15616 15627 I art     : Explicit concurrent mark sweep GC freed 3(96B) AllocSpace objects, 0(0B) LOS objects, 28% free, 40MB/56MB, paused 1.250ms total 39.705ms
08-05 02:44:54.185 15616 15627 I art     : Starting a blocking GC Explicit
08-05 02:44:54.218   918  3696 D ConnectivityService: ConnectivityService NetworkRequestInfo binderDied(NetworkRequest [ id=3121, legacyType=-1, [ Capabilities: INTERNET&NOT_RESTRICTED&TRUSTED] ], android.os.BinderProxy@b2be8a7)
08-05 02:44:54.219   918  3263 D ConnectivityService: releasing NetworkRequest NetworkRequest [ id=3121, legacyType=-1, [ Capabilities: INTERNET&NOT_RESTRICTED&TRUSTED] ]
08-05 02:44:54.220   918  3263 E ConnectivityService: RemoteException caught trying to send a callback msg for NetworkRequest [ id=3121, legacyType=-1, [ Capabilities: INTERNET&NOT_RESTRICTED&TRUSTED] ]
08-05 02:44:54.227 15616 15627 I art     : Explicit concurrent mark sweep GC freed 3(96B) AllocSpace objects, 0(0B) LOS objects, 28% free, 40MB/56MB, paused 1.333ms total 41.266ms
08-05 02:44:54.245 17099 17099 I Finsky  : [1] xle.a(34): Cancelling existing jobscheduler jobs: 9011 9014 9016 9017 9000 9015 9019 9018 9013 9012 
08-05 02:44:54.246 17099 17099 I Finsky  : [1] xle.a(27): Scheduling job Id: 9001, L: 0, D: 66306370, C: false, I: true, N: 0
08-05 02:44:54.248 17099 17099 I Finsky  : [1] xle.a(27): Scheduling job Id: 9002, L: 7699392, D: 26458761, C: false, I: false, N: 1
08-05 02:44:54.250 17099 17099 I Finsky  : [1] xle.a(27): Scheduling job Id: 9003, L: 0, D: 77899210, C: true, I: true, N: 2
08-05 02:44:54.251 17099 17099 I Finsky  : [1] xle.a(27): Scheduling job Id: 9004, L: 28081, D: 58081, C: false, I: false, N: 0
08-05 02:44:54.254 17099 17099 I Finsky  : [1] xle.a(27): Scheduling job Id: 9005, L: 0, D: 66306370, C: false, I: true, N: 0
08-05 02:44:54.260 17099 17099 I Finsky  : [1] xle.a(27): Scheduling job Id: 9006, L: 7699392, D: 26458761, C: false, I: false, N: 1
08-05 02:44:54.267 17099 17099 I Finsky  : [1] xle.a(27): Scheduling job Id: 9007, L: 0, D: 77899210, C: true, I: true, N: 2
08-05 02:44:54.269 17099 17099 I Finsky  : [1] xle.a(27): Scheduling job Id: 9008, L: 28081, D: 58081, C: false, I: false, N: 0
08-05 02:44:54.292 17099 17099 I Finsky  : [1] xmd.a(-1): SCH: Canceling job 3-200
08-05 02:44:54.298 17099 17099 I Finsky  : [1] xmu.a(8): SCH: Jobs in database: 1-1337 24-77777777 26-1414141414 29-29 
08-05 02:44:54.301 17099 17099 I Finsky  : [1] xio.a(57): SCH: ConstraintMapping: 24-77777777,  -> L: 0ms, D: 66306220ms, C: false, I: true, N: 0
08-05 02:44:54.302 17099 17099 I Finsky  : [1] xio.a(57): SCH: ConstraintMapping: 1-1337,  -> L: 7699242ms, D: 26458611ms, C: false, I: false, N: 1
08-05 02:44:54.303 17099 17099 I Finsky  : [1] xio.a(57): SCH: ConstraintMapping: 29-29, 26-1414141414,  -> L: 27931ms, D: 57931ms, C: false, I: false, N: 0
08-05 02:44:54.320 17099 17099 I Finsky  : [1] xle.a(34): Cancelling existing jobscheduler jobs: 9006 9008 9004 9003 9007 9002 9001 9005 
08-05 02:44:54.321 17099 17099 I Finsky  : [1] xle.a(27): Scheduling job Id: 9000, L: 0, D: 66306220, C: false, I: true, N: 0
08-05 02:44:54.322 17099 17099 I Finsky  : [1] xle.a(27): Scheduling job Id: 9009, L: 7699242, D: 26458611, C: false, I: false, N: 1
08-05 02:44:54.324 17099 17099 I Finsky  : [1] xle.a(27): Scheduling job Id: 9010, L: 27931, D: 57931, C: false, I: false, N: 0
08-05 02:44:54.326 17099 17099 I Finsky  : [1] xle.a(27): Scheduling job Id: 9011, L: 0, D: 66306220, C: false, I: true, N: 0
08-05 02:44:54.330 17099 17099 I Finsky  : [1] xle.a(27): Scheduling job Id: 9012, L: 7699242, D: 26458611, C: false, I: false, N: 1
08-05 02:44:54.334 17099 17099 I Finsky  : [1] xle.a(27): Scheduling job Id: 9013, L: 27931, D: 57931, C: false, I: false, N: 0
08-05 02:44:54.350 17277 17277 W System  : ClassLoader referenced unknown path: /data/app/com.google.android.calendar-2/lib/arm64
08-05 02:44:54.418 17099 17273 I Finsky  : [5938] odj.c(14): IQ: Creating job 201, for (REQ_DEVICE_IDLE, REQ_GEARHEAD_PROJECTION_OFF, MIN_BATTERY=50, SHOULD_APPLY_BUDGET=true, NETWORK=UNMETERED, PROVISIONING_STATE=PROVISIONED)
08-05 02:44:54.472 17099 17099 I Finsky  : [1] xmu.a(8): SCH: Jobs in database: 1-1337 3-201 24-77777777 26-1414141414 29-29 
08-05 02:44:54.475 17099 17099 I Finsky  : [1] xio.a(57): SCH: ConstraintMapping: 24-77777777,  -> L: 0ms, D: 66306046ms, C: false, I: true, N: 0
08-05 02:44:54.475 17099 17099 I Finsky  : [1] xio.a(57): SCH: ConstraintMapping: 1-1337,  -> L: 7699067ms, D: 26458436ms, C: false, I: false, N: 1
08-05 02:44:54.476 17099 17099 I Finsky  : [1] xio.a(57): SCH: ConstraintMapping: 3-201,  -> L: 0ms, D: 86399949ms, C: false, I: true, N: 2
08-05 02:44:54.476 17099 17099 I Finsky  : [1] xio.a(57): SCH: ConstraintMapping: 29-29, 26-1414141414,  -> L: 27756ms, D: 57756ms, C: false, I: false, N: 0
08-05 02:44:54.487 17099 17273 I Finsky  : [5938] odj.c(14): IQ: Creating job 202, for (REQ_CHARGING, REQ_DEVICE_IDLE, REQ_GEARHEAD_PROJECTION_OFF, NETWORK=UNMETERED, PROVISIONING_STATE=PROVISIONED)
08-05 02:44:54.497 17099 17099 I Finsky  : [1] xle.a(34): Cancelling existing jobscheduler jobs: 9009 9013 9000 9012 9010 9011 
08-05 02:44:54.497 17099 17099 I Finsky  : [1] xle.a(27): Scheduling job Id: 9001, L: 0, D: 66306046, C: false, I: true, N: 0
08-05 02:44:54.500 17099 17099 I Finsky  : [1] xle.a(27): Scheduling job Id: 9002, L: 7699067, D: 26458436, C: false, I: false, N: 1
08-05 02:44:54.507 17099 17099 I Finsky  : [1] xle.a(27): Scheduling job Id: 9003, L: 0, D: 86399949, C: false, I: true, N: 2
08-05 02:44:54.509 17099 17099 I Finsky  : [1] xle.a(27): Scheduling job Id: 9004, L: 27756, D: 57756, C: false, I: false, N: 0
08-05 02:44:54.511 17099 17099 I Finsky  : [1] xle.a(27): Scheduling job Id: 9005, L: 0, D: 66306046, C: false, I: true, N: 0
08-05 02:44:54.513 17099 17099 I Finsky  : [1] xle.a(27): Scheduling job Id: 9006, L: 7699067, D: 26458436, C: false, I: false, N: 1
08-05 02:44:54.514 17099 17099 I Finsky  : [1] xle.a(27): Scheduling job Id: 9007, L: 0, D: 86399949, C: false, I: true, N: 2
08-05 02:44:54.516 17099 17099 I Finsky  : [1] xle.a(27): Scheduling job Id: 9008, L: 27756, D: 57756, C: false, I: false, N: 0
08-05 02:44:54.546 17099 17099 I Finsky  : [1] xmu.a(8): SCH: Jobs in database: 1-1337 3-201 3-202 24-77777777 26-1414141414 29-29 
08-05 02:44:54.549 17099 17099 I Finsky  : [1] xio.a(57): SCH: ConstraintMapping: 24-77777777,  -> L: 0ms, D: 66305972ms, C: false, I: true, N: 0
08-05 02:44:54.550 17099 17099 I Finsky  : [1] xio.a(57): SCH: ConstraintMapping: 1-1337,  -> L: 7698993ms, D: 26458362ms, C: false, I: false, N: 1
08-05 02:44:54.550 17099 17099 I Finsky  : [1] xio.a(57): SCH: ConstraintMapping: 3-201,  -> L: 0ms, D: 86399875ms, C: false, I: true, N: 2
08-05 02:44:54.551 17099 17099 I Finsky  : [1] xio.a(57): SCH: ConstraintMapping: 3-202,  -> L: 0ms, D: 86399940ms, C: true, I: true, N: 2
08-05 02:44:54.551 17099 17099 I Finsky  : [1] xio.a(57): SCH: ConstraintMapping: 26-1414141414, 29-29,  -> L: 27682ms, D: 57682ms, C: false, I: false, N: 0
08-05 02:44:54.568 15616 15647 I art     : Starting a blocking GC Explicit
08-05 02:44:54.579 17099 17099 I Finsky  : [1] xle.a(34): Cancelling existing jobscheduler jobs: 9007 9001 9004 9002 9003 9005 9006 9008 
08-05 02:44:54.580 17099 17099 I Finsky  : [1] xle.a(27): Scheduling job Id: 9000, L: 0, D: 66305972, C: false, I: true, N: 0
08-05 02:44:54.584 17099 17099 I Finsky  : [1] xle.a(27): Scheduling job Id: 9009, L: 7698993, D: 26458362, C: false, I: false, N: 1
08-05 02:44:54.585 17099 17099 I Finsky  : [1] xle.a(27): Scheduling job Id: 9010, L: 0, D: 86399875, C: false, I: true, N: 2
08-05 02:44:54.587 17099 17099 I Finsky  : [1] xle.a(27): Scheduling job Id: 9011, L: 0, D: 86399940, C: true, I: true, N: 2
08-05 02:44:54.592 17099 17099 I Finsky  : [1] xle.a(27): Scheduling job Id: 9012, L: 27682, D: 57682, C: false, I: false, N: 0
08-05 02:44:54.594 17099 17099 I Finsky  : [1] xle.a(27): Scheduling job Id: 9013, L: 0, D: 66305972, C: false, I: true, N: 0
08-05 02:44:54.596 17099 17099 I Finsky  : [1] xle.a(27): Scheduling job Id: 9014, L: 7698993, D: 26458362, C: false, I: false, N: 1
08-05 02:44:54.598 17099 17099 I Finsky  : [1] xle.a(27): Scheduling job Id: 9015, L: 0, D: 86399875, C: false, I: true, N: 2
08-05 02:44:54.600 17099 17099 I Finsky  : [1] xle.a(27): Scheduling job Id: 9016, L: 0, D: 86399940, C: true, I: true, N: 2
08-05 02:44:54.602 17099 17099 I Finsky  : [1] xle.a(27): Scheduling job Id: 9017, L: 27682, D: 57682, C: false, I: false, N: 0
08-05 02:44:54.610 15616 15647 I art     : Explicit concurrent mark sweep GC freed 1444(83KB) AllocSpace objects, 1(20KB) LOS objects, 28% free, 40MB/56MB, paused 1.311ms total 42.014ms
08-05 02:44:54.624 15616 15647 I art     : Starting a blocking GC Explicit
08-05 02:44:54.635 17099 17099 I Finsky  : [1] zkc.a(21): Connecting InstallListener to SplitInstallService broadcaster...
08-05 02:44:54.664 15616 15647 I art     : Explicit concurrent mark sweep GC freed 22(784B) AllocSpace objects, 0(0B) LOS objects, 28% free, 40MB/56MB, paused 1.272ms total 40ms
08-05 02:44:54.676 15616 15647 I art     : Starting a blocking GC Explicit
08-05 02:44:54.717 15616 15647 I art     : Explicit concurrent mark sweep GC freed 3(96B) AllocSpace objects, 0(0B) LOS objects, 28% free, 40MB/56MB, paused 1.378ms total 40.736ms
08-05 02:44:54.730 15616 15647 I art     : Starting a blocking GC Explicit
08-05 02:44:54.771 15616 15647 I art     : Explicit concurrent mark sweep GC freed 3(96B) AllocSpace objects, 0(0B) LOS objects, 28% free, 40MB/56MB, paused 1.241ms total 41.353ms
08-05 02:44:54.784 15616 15647 I art     : Starting a blocking GC Explicit
08-05 02:44:54.826 15616 15647 I art     : Explicit concurrent mark sweep GC freed 3(96B) AllocSpace objects, 0(0B) LOS objects, 28% free, 40MB/56MB, paused 1.286ms total 41.619ms
08-05 02:44:54.944 16895 16958 W ConnectionTracker: Exception thrown while unbinding
08-05 02:44:54.944 16895 16958 W ConnectionTracker: java.lang.IllegalArgumentException: Service not registered: lu@dc38882
08-05 02:44:54.944 16895 16958 W ConnectionTracker: 	at android.app.LoadedApk.forgetServiceDispatcher(LoadedApk.java:1044)
08-05 02:44:54.944 16895 16958 W ConnectionTracker: 	at android.app.ContextImpl.unbindService(ContextImpl.java:1337)
08-05 02:44:54.944 16895 16958 W ConnectionTracker: 	at android.content.ContextWrapper.unbindService(ContextWrapper.java:616)
08-05 02:44:54.944 16895 16958 W ConnectionTracker: 	at cg.b(:com.google.android.gms.dynamite_measurementdynamite@202614048@20.26.14 (040400-0):1)
08-05 02:44:54.944 16895 16958 W ConnectionTracker: 	at cg.a(:com.google.android.gms.dynamite_measurementdynamite@202614048@20.26.14 (040400-0):6)
08-05 02:44:54.944 16895 16958 W ConnectionTracker: 	at lv.A(:com.google.android.gms.dynamite_measurementdynamite@202614048@20.26.14 (040400-0):10)
08-05 02:44:54.944 16895 16958 W ConnectionTracker: 	at lg.a(:com.google.android.gms.dynamite_measurementdynamite@202614048@20.26.14 (040400-0):3)
08-05 02:44:54.944 16895 16958 W ConnectionTracker: 	at dz.run(:com.google.android.gms.dynamite_measurementdynamite@202614048@20.26.14 (040400-0):3)
08-05 02:44:54.944 16895 16958 W ConnectionTracker: 	at java.util.concurrent.Executors$RunnableAdapter.call(Executors.java:423)
08-05 02:44:54.944 16895 16958 W ConnectionTracker: 	at java.util.concurrent.FutureTask.run(FutureTask.java:237)
08-05 02:44:54.944 16895 16958 W ConnectionTracker: 	at jb.run(:com.google.android.gms.dynamite_measurementdynamite@202614048@20.26.14 (040400-0):6)
08-05 02:44:55.218 15616 15856 I art     : Starting a blocking GC Explicit
08-05 02:44:55.260 15616 15856 I art     : Explicit concurrent mark sweep GC freed 1443(84KB) AllocSpace objects, 1(20KB) LOS objects, 28% free, 40MB/56MB, paused 1.273ms total 41.584ms
08-05 02:44:55.273 15616 15856 I art     : Starting a blocking GC Explicit
08-05 02:44:55.303   918  6110 I ActivityManager: Start proc 17322:com.android.providers.calendar/u0a1 for content provider com.android.providers.calendar/.CalendarProvider2
08-05 02:44:55.313 15616 15856 I art     : Explicit concurrent mark sweep GC freed 22(784B) AllocSpace objects, 0(0B) LOS objects, 28% free, 40MB/56MB, paused 1.372ms total 39.748ms
08-05 02:44:55.326 15616 15856 I art     : Starting a blocking GC Explicit
08-05 02:44:55.328   918  4413 I AccountManagerService: getTypesVisibleToCaller: isPermitted? true
08-05 02:44:55.363 17322 17322 W System  : ClassLoader referenced unknown path: /system/priv-app/CalendarProvider/lib/arm64
08-05 02:44:55.365 15616 15856 I art     : Explicit concurrent mark sweep GC freed 94(3KB) AllocSpace objects, 0(0B) LOS objects, 28% free, 40MB/56MB, paused 1.322ms total 38.996ms
08-05 02:44:55.378 15616 15856 I art     : Starting a blocking GC Explicit
08-05 02:44:55.419 15616 15856 I art     : Explicit concurrent mark sweep GC freed 9(352B) AllocSpace objects, 0(0B) LOS objects, 28% free, 40MB/56MB, paused 1.395ms total 39.939ms
08-05 02:44:55.423 17322 17322 I CalendarProvider2: Created com.android.providers.calendar.CalendarAlarmManager@22b9060(com.android.providers.calendar.CalendarProvider2@cc9e919)
08-05 02:44:55.431 15616 15856 I art     : Starting a blocking GC Explicit
08-05 02:44:55.471 15616 15856 I art     : Explicit concurrent mark sweep GC freed 15(656B) AllocSpace objects, 0(0B) LOS objects, 28% free, 40MB/56MB, paused 1.299ms total 39.813ms
08-05 02:44:55.484   918  5481 I AccountManagerService: getTypesVisibleToCaller: isPermitted? true
08-05 02:44:55.574   918  3961 I AccountManagerService: getTypesVisibleToCaller: isPermitted? true
08-05 02:44:55.610   918  3714 I AccountManagerService: getTypesVisibleToCaller: isPermitted? true
08-05 02:44:55.633   918  3696 I AccountManagerService: getTypesVisibleToCaller: isPermitted? true
08-05 02:44:55.713 17277 17356 I c.wtp   : Obtained writable database SQLiteDatabase/29121661 instance with path /data/user/0/com.google.android.calendar/databases/cal_v2a
08-05 02:44:55.747 17277 17353 I c.wrv   : The schema version is 15, the database version is 15, and there are 0 migrations
08-05 02:44:55.824 15616 16533 I art     : Starting a blocking GC Explicit
08-05 02:44:55.869 15616 16533 I art     : Explicit concurrent mark sweep GC freed 1861(103KB) AllocSpace objects, 1(20KB) LOS objects, 28% free, 40MB/56MB, paused 1.522ms total 44.309ms
08-05 02:44:55.882 15616 16533 I art     : Starting a blocking GC Explicit
08-05 02:44:55.923 15616 16533 I art     : Explicit concurrent mark sweep GC freed 1423(53KB) AllocSpace objects, 0(0B) LOS objects, 28% free, 40MB/56MB, paused 1.290ms total 40.342ms
08-05 02:44:55.923 15616 16662 E baseline.com.newsblur.network.APIResponse: Error (unexpected end of stream on https://www.newsblur.com/...) calling https://www.newsblur.com/reader/mark_story_hashes_as_read/
08-05 02:44:55.923 15616 16662 E baseline.com.newsblur.network.APIResponse: java.io.IOException: unexpected end of stream on https://www.newsblur.com/...
08-05 02:44:55.923 15616 16662 E baseline.com.newsblur.network.APIResponse: 	at okhttp3.internal.http1.Http1ExchangeCodec.readResponseHeaders(Http1ExchangeCodec.java:236)
08-05 02:44:55.923 15616 16662 E baseline.com.newsblur.network.APIResponse: 	at okhttp3.internal.connection.Exchange.readResponseHeaders(Exchange.java:115)
08-05 02:44:55.923 15616 16662 E baseline.com.newsblur.network.APIResponse: 	at okhttp3.internal.http.CallServerInterceptor.intercept(CallServerInterceptor.java:94)
08-05 02:44:55.923 15616 16662 E baseline.com.newsblur.network.APIResponse: 	at okhttp3.internal.http.RealInterceptorChain.proceed(RealInterceptorChain.java:142)
08-05 02:44:55.923 15616 16662 E baseline.com.newsblur.network.APIResponse: 	at okhttp3.internal.connection.ConnectInterceptor.intercept(ConnectInterceptor.java:43)
08-05 02:44:55.923 15616 16662 E baseline.com.newsblur.network.APIResponse: 	at okhttp3.internal.http.RealInterceptorChain.proceed(RealInterceptorChain.java:142)
08-05 02:44:55.923 15616 16662 E baseline.com.newsblur.network.APIResponse: 	at okhttp3.internal.http.RealInterceptorChain.proceed(RealInterceptorChain.java:117)
08-05 02:44:55.923 15616 16662 E baseline.com.newsblur.network.APIResponse: 	at okhttp3.internal.cache.CacheInterceptor.intercept(CacheInterceptor.java:94)
08-05 02:44:55.923 15616 16662 E baseline.com.newsblur.network.APIResponse: 	at okhttp3.internal.http.RealInterceptorChain.proceed(RealInterceptorChain.java:142)
08-05 02:44:55.923 15616 16662 E baseline.com.newsblur.network.APIResponse: 	at okhttp3.internal.http.RealInterceptorChain.proceed(RealInterceptorChain.java:117)
08-05 02:44:55.923 15616 16662 E baseline.com.newsblur.network.APIResponse: 	at okhttp3.internal.http.BridgeInterceptor.intercept(BridgeInterceptor.java:93)
08-05 02:44:55.923 15616 16662 E baseline.com.newsblur.network.APIResponse: 	at okhttp3.internal.http.RealInterceptorChain.proceed(RealInterceptorChain.java:142)
08-05 02:44:55.923 15616 16662 E baseline.com.newsblur.network.APIResponse: 	at okhttp3.internal.http.RetryAndFollowUpInterceptor.intercept(RetryAndFollowUpInterceptor.java:88)
08-05 02:44:55.923 15616 16662 E baseline.com.newsblur.network.APIResponse: 	at okhttp3.internal.http.RealInterceptorChain.proceed(RealInterceptorChain.java:142)
08-05 02:44:55.923 15616 16662 E baseline.com.newsblur.network.APIResponse: 	at okhttp3.internal.http.RealInterceptorChain.proceed(RealInterceptorChain.java:117)
08-05 02:44:55.923 15616 16662 E baseline.com.newsblur.network.APIResponse: 	at okhttp3.RealCall.getResponseWithInterceptorChain(RealCall.java:229)
08-05 02:44:55.923 15616 16662 E baseline.com.newsblur.network.APIResponse: 	at okhttp3.RealCall.execute(RealCall.java:81)
08-05 02:44:55.923 15616 16662 E baseline.com.newsblur.network.APIResponse: 	at baseline.com.newsblur.network.APIResponse.<init>(APIResponse.java:57)
08-05 02:44:55.923 15616 16662 E baseline.com.newsblur.network.APIResponse: 	at baseline.com.newsblur.network.APIResponse.<init>(APIResponse.java:43)
08-05 02:44:55.923 15616 16662 E baseline.com.newsblur.network.APIResponse: 	at baseline.com.newsblur.network.APIManager.post_single(APIManager.java:702)
08-05 02:44:55.923 15616 16662 E baseline.com.newsblur.network.APIResponse: 	at baseline.com.newsblur.network.APIManager.post(APIManager.java:675)
08-05 02:44:55.923 15616 16662 E baseline.com.newsblur.network.APIResponse: 	at baseline.com.newsblur.network.APIManager.post(APIManager.java:714)
08-05 02:44:55.923 15616 16662 E baseline.com.newsblur.network.APIResponse: 	at baseline.com.newsblur.network.APIManager.markStoryAsRead(APIManager.java:205)
08-05 02:44:55.923 15616 16662 E baseline.com.newsblur.network.APIResponse: 	at baseline.com.newsblur.util.ReadingAction.doRemote(ReadingAction.java:281)
08-05 02:44:55.923 15616 16662 E baseline.com.newsblur.network.APIResponse: 	at baseline.com.newsblur.service.NBSyncService.syncActions(NBSyncService.java:400)
08-05 02:44:55.923 15616 16662 E baseline.com.newsblur.network.APIResponse: 	at baseline.com.newsblur.service.NBSyncService.doSync(NBSyncService.java:298)
08-05 02:44:55.923 15616 16662 E baseline.com.newsblur.network.APIResponse: 	at baseline.com.newsblur.service.NBSyncService.access$100(NBSyncService.java:67)
08-05 02:44:55.923 15616 16662 E baseline.com.newsblur.network.APIResponse: 	at baseline.com.newsblur.service.NBSyncService$1.run(NBSyncService.java:188)
08-05 02:44:55.923 15616 16662 E baseline.com.newsblur.network.APIResponse: 	at java.util.concurrent.ThreadPoolExecutor.runWorker(ThreadPoolExecutor.java:1113)
08-05 02:44:55.923 15616 16662 E baseline.com.newsblur.network.APIResponse: 	at java.util.concurrent.ThreadPoolExecutor$Worker.run(ThreadPoolExecutor.java:588)
08-05 02:44:55.923 15616 16662 E baseline.com.newsblur.network.APIResponse: 	at java.lang.Thread.run(Thread.java:818)
08-05 02:44:55.923 15616 16662 E baseline.com.newsblur.network.APIResponse: Caused by: java.io.EOFException: \n not found: limit=0 content=
08-05 02:44:55.923 15616 16662 E baseline.com.newsblur.network.APIResponse: 	at okio.RealBufferedSource.readUtf8LineStrict(RealBufferedSource.java:240)
08-05 02:44:55.923 15616 16662 E baseline.com.newsblur.network.APIResponse: 	at okhttp3.internal.http1.Http1ExchangeCodec.readHeaderLine(Http1ExchangeCodec.java:242)
08-05 02:44:55.923 15616 16662 E baseline.com.newsblur.network.APIResponse: 	at okhttp3.internal.http1.Http1ExchangeCodec.readResponseHeaders(Http1ExchangeCodec.java:213)
08-05 02:44:55.923 15616 16662 E baseline.com.newsblur.network.APIResponse: 	... 30 more
08-05 02:44:55.924 15616 16662 I baseline.com.newsblur.service.NBSyncService: Holding reading action with server-side or network error.
08-05 02:44:55.930   918  3714 I ActivityManager: Killing 5641:com.google.android.apps.gcs/u0a11 (adj 15): empty #17
08-05 02:44:55.933 15616 16662 W baseline.com.newsblur.service.NBSyncService: hard API failure
08-05 02:44:55.935 15616 16533 I art     : Starting a blocking GC Explicit
08-05 02:44:55.945 15616 16662 I baseline.com.newsblur.service.NBSyncService: recounting dirty feed sets: 1
08-05 02:44:55.976 15616 16533 I art     : Explicit concurrent mark sweep GC freed 1607(277KB) AllocSpace objects, 4(80KB) LOS objects, 28% free, 40MB/56MB, paused 1.446ms total 41.137ms
08-05 02:44:55.988 15616 16533 I art     : Starting a blocking GC Explicit
08-05 02:44:56.000 17277 17277 W GrowthKit: Failed to get phenotypeManager in PhenotypeBroadcastReceiver
08-05 02:44:56.000 17277 17277 W GrowthKit: java.lang.NullPointerException: Unable to get GrowthKit Component from host app: com.google.android.calendar
08-05 02:44:56.000 17277 17277 W GrowthKit: 	at cal.pyf.a(PG:12)
08-05 02:44:56.000 17277 17277 W GrowthKit: 	at com.google.android.libraries.internal.growth.growthkit.internal.experiments.impl.PhenotypeBroadcastReceiver.onReceive(PG:3)
08-05 02:44:56.000 17277 17277 W GrowthKit: 	at android.app.ActivityThread.handleReceiver(ActivityThread.java:2725)
08-05 02:44:56.000 17277 17277 W GrowthKit: 	at android.app.ActivityThread.-wrap14(ActivityThread.java)
08-05 02:44:56.000 17277 17277 W GrowthKit: 	at android.app.ActivityThread$H.handleMessage(ActivityThread.java:1421)
08-05 02:44:56.000 17277 17277 W GrowthKit: 	at android.os.Handler.dispatchMessage(Handler.java:102)
08-05 02:44:56.000 17277 17277 W GrowthKit: 	at android.os.Looper.loop(Looper.java:148)
08-05 02:44:56.000 17277 17277 W GrowthKit: 	at android.app.ActivityThread.main(ActivityThread.java:5417)
08-05 02:44:56.000 17277 17277 W GrowthKit: 	at java.lang.reflect.Method.invoke(Native Method)
08-05 02:44:56.000 17277 17277 W GrowthKit: 	at com.android.internal.os.ZygoteInit$MethodAndArgsCaller.run(ZygoteInit.java:726)
08-05 02:44:56.000 17277 17277 W GrowthKit: 	at com.android.internal.os.ZygoteInit.main(ZygoteInit.java:616)
08-05 02:44:56.029 15616 16533 I art     : Explicit concurrent mark sweep GC freed 229(8KB) AllocSpace objects, 0(0B) LOS objects, 28% free, 40MB/56MB, paused 1.513ms total 40.231ms
08-05 02:44:56.041 15616 16533 I art     : Starting a blocking GC Explicit
08-05 02:44:56.083 17277 17277 W GrowthKit: Failed to get phenotypeManager in PhenotypeBroadcastReceiver
08-05 02:44:56.083 17277 17277 W GrowthKit: java.lang.NullPointerException: Unable to get GrowthKit Component from host app: com.google.android.calendar
08-05 02:44:56.083 17277 17277 W GrowthKit: 	at cal.pyf.a(PG:12)
08-05 02:44:56.083 17277 17277 W GrowthKit: 	at com.google.android.libraries.internal.growth.growthkit.internal.experiments.impl.PhenotypeBroadcastReceiver.onReceive(PG:3)
08-05 02:44:56.083 17277 17277 W GrowthKit: 	at android.app.ActivityThread.handleReceiver(ActivityThread.java:2725)
08-05 02:44:56.083 17277 17277 W GrowthKit: 	at android.app.ActivityThread.-wrap14(ActivityThread.java)
08-05 02:44:56.083 17277 17277 W GrowthKit: 	at android.app.ActivityThread$H.handleMessage(ActivityThread.java:1421)
08-05 02:44:56.083 17277 17277 W GrowthKit: 	at android.os.Handler.dispatchMessage(Handler.java:102)
08-05 02:44:56.083 17277 17277 W GrowthKit: 	at android.os.Looper.loop(Looper.java:148)
08-05 02:44:56.083 17277 17277 W GrowthKit: 	at android.app.ActivityThread.main(ActivityThread.java:5417)
08-05 02:44:56.083 17277 17277 W GrowthKit: 	at java.lang.reflect.Method.invoke(Native Method)
08-05 02:44:56.083 17277 17277 W GrowthKit: 	at com.android.internal.os.ZygoteInit$MethodAndArgsCaller.run(ZygoteInit.java:726)
08-05 02:44:56.083 17277 17277 W GrowthKit: 	at com.android.internal.os.ZygoteInit.main(ZygoteInit.java:616)
08-05 02:44:56.084 15616 16533 I art     : Explicit concurrent mark sweep GC freed 3(96B) AllocSpace objects, 0(0B) LOS objects, 28% free, 40MB/56MB, paused 1.345ms total 42.208ms
08-05 02:44:56.141 17277 17277 W GrowthKit: Failed to get phenotypeManager in PhenotypeBroadcastReceiver
08-05 02:44:56.141 17277 17277 W GrowthKit: java.lang.NullPointerException: Unable to get GrowthKit Component from host app: com.google.android.calendar
08-05 02:44:56.141 17277 17277 W GrowthKit: 	at cal.pyf.a(PG:12)
08-05 02:44:56.141 17277 17277 W GrowthKit: 	at com.google.android.libraries.internal.growth.growthkit.internal.experiments.impl.PhenotypeBroadcastReceiver.onReceive(PG:3)
08-05 02:44:56.141 17277 17277 W GrowthKit: 	at android.app.ActivityThread.handleReceiver(ActivityThread.java:2725)
08-05 02:44:56.141 17277 17277 W GrowthKit: 	at android.app.ActivityThread.-wrap14(ActivityThread.java)
08-05 02:44:56.141 17277 17277 W GrowthKit: 	at android.app.ActivityThread$H.handleMessage(ActivityThread.java:1421)
08-05 02:44:56.141 17277 17277 W GrowthKit: 	at android.os.Handler.dispatchMessage(Handler.java:102)
08-05 02:44:56.141 17277 17277 W GrowthKit: 	at android.os.Looper.loop(Looper.java:148)
08-05 02:44:56.141 17277 17277 W GrowthKit: 	at android.app.ActivityThread.main(ActivityThread.java:5417)
08-05 02:44:56.141 17277 17277 W GrowthKit: 	at java.lang.reflect.Method.invoke(Native Method)
08-05 02:44:56.141 17277 17277 W GrowthKit: 	at com.android.internal.os.ZygoteInit$MethodAndArgsCaller.run(ZygoteInit.java:726)
08-05 02:44:56.141 17277 17277 W GrowthKit: 	at com.android.internal.os.ZygoteInit.main(ZygoteInit.java:616)
08-05 02:44:56.160   918  3359 I ActivityManager: Start proc 17386:com.google.android.contacts/u0a13 for broadcast com.google.android.contacts/com.google.android.libraries.internal.growth.growthkit.internal.experiments.impl.PhenotypeBroadcastReceiver
08-05 02:44:56.161   918  3359 I ActivityManager: Killing 16534:com.google.android.talk/u0a53 (adj 15): empty #17
08-05 02:44:56.269 17386 17386 W System  : ClassLoader referenced unknown path: /data/app/com.google.android.contacts-2/lib/arm64
08-05 02:44:56.430 15616 16662 E baseline.com.newsblur.network.APIResponse: Error (unexpected end of stream on https://www.newsblur.com/...) calling https://www.newsblur.com/reader/feed_unread_count?feed_id=0
08-05 02:44:56.430 15616 16662 E baseline.com.newsblur.network.APIResponse: java.io.IOException: unexpected end of stream on https://www.newsblur.com/...
08-05 02:44:56.430 15616 16662 E baseline.com.newsblur.network.APIResponse: 	at okhttp3.internal.http1.Http1ExchangeCodec.readResponseHeaders(Http1ExchangeCodec.java:236)
08-05 02:44:56.430 15616 16662 E baseline.com.newsblur.network.APIResponse: 	at okhttp3.internal.connection.Exchange.readResponseHeaders(Exchange.java:115)
08-05 02:44:56.430 15616 16662 E baseline.com.newsblur.network.APIResponse: 	at okhttp3.internal.http.CallServerInterceptor.intercept(CallServerInterceptor.java:94)
08-05 02:44:56.430 15616 16662 E baseline.com.newsblur.network.APIResponse: 	at okhttp3.internal.http.RealInterceptorChain.proceed(RealInterceptorChain.java:142)
08-05 02:44:56.430 15616 16662 E baseline.com.newsblur.network.APIResponse: 	at okhttp3.internal.connection.ConnectInterceptor.intercept(ConnectInterceptor.java:43)
08-05 02:44:56.430 15616 16662 E baseline.com.newsblur.network.APIResponse: 	at okhttp3.internal.http.RealInterceptorChain.proceed(RealInterceptorChain.java:142)
08-05 02:44:56.430 15616 16662 E baseline.com.newsblur.network.APIResponse: 	at okhttp3.internal.http.RealInterceptorChain.proceed(RealInterceptorChain.java:117)
08-05 02:44:56.430 15616 16662 E baseline.com.newsblur.network.APIResponse: 	at okhttp3.internal.cache.CacheInterceptor.intercept(CacheInterceptor.java:94)
08-05 02:44:56.430 15616 16662 E baseline.com.newsblur.network.APIResponse: 	at okhttp3.internal.http.RealInterceptorChain.proceed(RealInterceptorChain.java:142)
08-05 02:44:56.430 15616 16662 E baseline.com.newsblur.network.APIResponse: 	at okhttp3.internal.http.RealInterceptorChain.proceed(RealInterceptorChain.java:117)
08-05 02:44:56.430 15616 16662 E baseline.com.newsblur.network.APIResponse: 	at okhttp3.internal.http.BridgeInterceptor.intercept(BridgeInterceptor.java:93)
08-05 02:44:56.430 15616 16662 E baseline.com.newsblur.network.APIResponse: 	at okhttp3.internal.http.RealInterceptorChain.proceed(RealInterceptorChain.java:142)
08-05 02:44:56.430 15616 16662 E baseline.com.newsblur.network.APIResponse: 	at okhttp3.internal.http.RetryAndFollowUpInterceptor.intercept(RetryAndFollowUpInterceptor.java:88)
08-05 02:44:56.430 15616 16662 E baseline.com.newsblur.network.APIResponse: 	at okhttp3.internal.http.RealInterceptorChain.proceed(RealInterceptorChain.java:142)
08-05 02:44:56.430 15616 16662 E baseline.com.newsblur.network.APIResponse: 	at okhttp3.internal.http.RealInterceptorChain.proceed(RealInterceptorChain.java:117)
08-05 02:44:56.430 15616 16662 E baseline.com.newsblur.network.APIResponse: 	at okhttp3.RealCall.getResponseWithInterceptorChain(RealCall.java:229)
08-05 02:44:56.430 15616 16662 E baseline.com.newsblur.network.APIResponse: 	at okhttp3.RealCall.execute(RealCall.java:81)
08-05 02:44:56.430 15616 16662 E baseline.com.newsblur.network.APIResponse: 	at baseline.com.newsblur.network.APIResponse.<init>(APIResponse.java:57)
08-05 02:44:56.430 15616 16662 E baseline.com.newsblur.network.APIResponse: 	at baseline.com.newsblur.network.APIManager.get_single(APIManager.java:639)
08-05 02:44:56.430 15616 16662 E baseline.com.newsblur.network.APIResponse: 	at baseline.com.newsblur.network.APIManager.get(APIManager.java:625)
08-05 02:44:56.430 15616 16662 E baseline.com.newsblur.network.APIResponse: 	at baseline.com.newsblur.network.APIManager.get(APIManager.java:667)
08-05 02:44:56.430 15616 16662 E baseline.com.newsblur.network.APIResponse: 	at baseline.com.newsblur.network.APIManager.getFeedUnreadCounts(APIManager.java:274)
08-05 02:44:56.430 15616 16662 E baseline.com.newsblur.network.APIResponse: 	at baseline.com.newsblur.service.NBSyncService.checkRecounts(NBSyncService.java:660)
08-05 02:44:56.430 15616 16662 E baseline.com.newsblur.network.APIResponse: 	at baseline.com.newsblur.service.NBSyncService.doSync(NBSyncService.java:310)
08-05 02:44:56.430 15616 16662 E baseline.com.newsblur.network.APIResponse: 	at baseline.com.newsblur.service.NBSyncService.access$100(NBSyncService.java:67)
08-05 02:44:56.430 15616 16662 E baseline.com.newsblur.network.APIResponse: 	at baseline.com.newsblur.service.NBSyncService$1.run(NBSyncService.java:188)
08-05 02:44:56.430 15616 16662 E baseline.com.newsblur.network.APIResponse: 	at java.util.concurrent.ThreadPoolExecutor.runWorker(ThreadPoolExecutor.java:1113)
08-05 02:44:56.430 15616 16662 E baseline.com.newsblur.network.APIResponse: 	at java.util.concurrent.ThreadPoolExecutor$Worker.run(ThreadPoolExecutor.java:588)
08-05 02:44:56.430 15616 16662 E baseline.com.newsblur.network.APIResponse: 	at java.lang.Thread.run(Thread.java:818)
08-05 02:44:56.430 15616 16662 E baseline.com.newsblur.network.APIResponse: Caused by: java.io.EOFException: \n not found: limit=0 content=
08-05 02:44:56.430 15616 16662 E baseline.com.newsblur.network.APIResponse: 	at okio.RealBufferedSource.readUtf8LineStrict(RealBufferedSource.java:240)
08-05 02:44:56.430 15616 16662 E baseline.com.newsblur.network.APIResponse: 	at okhttp3.internal.http1.Http1ExchangeCodec.readHeaderLine(Http1ExchangeCodec.java:242)
08-05 02:44:56.430 15616 16662 E baseline.com.newsblur.network.APIResponse: 	at okhttp3.internal.http1.Http1ExchangeCodec.readResponseHeaders(Http1ExchangeCodec.java:213)
08-05 02:44:56.430 15616 16662 E baseline.com.newsblur.network.APIResponse: 	... 28 more
08-05 02:44:56.432 15616 16662 I baseline.com.newsblur.network.APIManager: API call failed, pausing before retry number 1
08-05 02:44:56.435 15616 15629 I art     : Starting a blocking GC Explicit
08-05 02:44:56.479 15616 15629 I art     : Explicit concurrent mark sweep GC freed 3929(355KB) AllocSpace objects, 3(60KB) LOS objects, 28% free, 40MB/56MB, paused 1.346ms total 44.561ms
08-05 02:44:56.493 15616 15629 I art     : Starting a blocking GC Explicit
08-05 02:44:56.535 15616 15629 I art     : Explicit concurrent mark sweep GC freed 109(3KB) AllocSpace objects, 0(0B) LOS objects, 28% free, 40MB/56MB, paused 1.300ms total 41.870ms
08-05 02:44:56.548 15616 15629 I art     : Starting a blocking GC Explicit
08-05 02:44:56.558 17322 17322 I CalendarProvider2: Sending notification intent: Intent { act=android.intent.action.PROVIDER_CHANGED dat=content://com.android.calendar }
08-05 02:44:56.558 17322 17322 W ContentResolver: Failed to get type for: content://com.android.calendar (Unknown URL content://com.android.calendar)
08-05 02:44:56.561   918  6111 I ActivityManager: Killing 16608:com.google.android.apps.docs/u0a43 (adj 15): empty #17
08-05 02:44:56.589 15616 15629 I art     : Explicit concurrent mark sweep GC freed 3(96B) AllocSpace objects, 0(0B) LOS objects, 28% free, 40MB/56MB, paused 1.238ms total 40.301ms
08-05 02:44:56.602 15616 15629 I art     : Starting a blocking GC Explicit
08-05 02:44:56.641 15616 15629 I art     : Explicit concurrent mark sweep GC freed 3(96B) AllocSpace objects, 0(0B) LOS objects, 28% free, 40MB/56MB, paused 1.246ms total 38.922ms
08-05 02:44:56.653 15616 15629 I art     : Starting a blocking GC Explicit
08-05 02:44:56.682   918  6112 I ActivityManager: Start proc 17417:android.process.acore/u0a2 for content provider com.android.providers.contacts/.ContactsProvider2
08-05 02:44:56.693 15616 15629 I art     : Explicit concurrent mark sweep GC freed 3(96B) AllocSpace objects, 0(0B) LOS objects, 28% free, 40MB/56MB, paused 1.206ms total 39.062ms
08-05 02:44:56.735 17417 17417 W System  : ClassLoader referenced unknown path: /system/priv-app/ContactsProvider/lib/arm64
08-05 02:44:57.024 17417 17417 W System  : ClassLoader referenced unknown path: /system/app/UserDictionaryProvider/lib/arm64
08-05 02:44:57.046 15616 15627 I art     : Starting a blocking GC Explicit
08-05 02:44:57.070 17386 17386 W art     : Verification of boolean eso.b() took 134.128ms
08-05 02:44:57.076   918   929 I AccountManagerService: getTypesVisibleToCaller: isPermitted? true
08-05 02:44:57.090 15616 15627 I art     : Explicit concurrent mark sweep GC freed 1441(82KB) AllocSpace objects, 1(20KB) LOS objects, 28% free, 40MB/56MB, paused 1.308ms total 43.228ms
08-05 02:44:57.104 15616 15627 I art     : Starting a blocking GC Explicit
08-05 02:44:57.144 15616 15627 I art     : Explicit concurrent mark sweep GC freed 22(784B) AllocSpace objects, 0(0B) LOS objects, 28% free, 40MB/56MB, paused 1.258ms total 40.416ms
08-05 02:44:57.151   918  6029 I ActivityManager: Start proc 17460:com.google.android.apps.messaging/u0a65 for broadcast com.google.android.apps.messaging/.shared.experiments.receiver.BuglePhenotypeBroadcastReceiver
08-05 02:44:57.152   918  6029 I ActivityManager: Killing 32343:com.google.android.apps.photos/u0a62 (adj 15): empty #17
08-05 02:44:57.157 15616 15627 I art     : Starting a blocking GC Explicit
08-05 02:44:57.197 15616 15627 I art     : Explicit concurrent mark sweep GC freed 3(96B) AllocSpace objects, 0(0B) LOS objects, 28% free, 40MB/56MB, paused 1.238ms total 39.839ms
08-05 02:44:57.209 15616 15627 I art     : Starting a blocking GC Explicit
08-05 02:44:57.232 24577 27387 I PeopleChimeraService: onService. callbacks = zwl@719668e, request = com.google.android.gms.common.internal.GetServiceRequest@2e41eaf
08-05 02:44:57.248 15616 15627 I art     : Explicit concurrent mark sweep GC freed 3(96B) AllocSpace objects, 0(0B) LOS objects, 28% free, 40MB/56MB, paused 1.397ms total 39.288ms
08-05 02:44:57.252 17417 17435 I ContactLocale: AddressBook Labels [en-US]: [, A, B, C, D, E, F, G, H, I, J, K, L, M, N, O, P, Q, R, S, T, U, V, W, X, Y, Z, , , , , , , , , , , , , , , , , , , , , , , , , , , , , , , , , , , , , , , , , , , , , , , , , , , , , , , , , , , , , , , , , , , , , , , , , , , , , , , , , , , , , , , , , , , , , , , , , , , , , , , , , , , , , , , , , , , , , , , , , , , , , , , , , , , , , , , , , , , , , , , , , , , , , , , , , , , , , , , , , , , , , , , , , , , , , , , , , , , , , , , , , , , #, ]
08-05 02:44:57.260 15616 15627 I art     : Starting a blocking GC Explicit
08-05 02:44:57.268   918  6029 I ActivityManager: Killing 16725:com.google.android.dialer/u0a14 (adj 15): empty #18
08-05 02:44:57.297 24577 24587 I art     : Background partial concurrent mark sweep GC freed 17798(1275KB) AllocSpace objects, 0(0B) LOS objects, 26% free, 44MB/60MB, paused 2.049ms total 129.370ms
08-05 02:44:57.300 15616 15627 I art     : Explicit concurrent mark sweep GC freed 3(96B) AllocSpace objects, 0(0B) LOS objects, 28% free, 40MB/56MB, paused 1.418ms total 39.563ms
08-05 02:44:57.336   918  1210 D NetlinkSocketObserver: NeighborEvent{elapsedMs=1742101211, 192.168.2.254, [7C3953A63323], RTM_NEWNEIGH, NUD_PROBE}
08-05 02:44:57.380 17460 17460 W ResourceType: ResTable_typeSpec entry count inconsistent: given 859, previously 874
08-05 02:44:57.380 17460 17460 W ResourceType: ResTable_typeSpec entry count inconsistent: given 677, previously 2268
08-05 02:44:57.380 17460 17460 W ResourceType: ResTable_typeSpec entry count inconsistent: given 269, previously 1299
08-05 02:44:57.434   918   927 I art     : Background partial concurrent mark sweep GC freed 35109(2MB) AllocSpace objects, 29(580KB) LOS objects, 19% free, 68MB/84MB, paused 1.813ms total 243.851ms
08-05 02:44:57.450 17460 17460 I art     : Rejecting re-init on previously-failed class java.lang.Class<eyq>
08-05 02:44:57.450 17460 17460 I art     : Rejecting re-init on previously-failed class java.lang.Class<eyq>
08-05 02:44:57.522 17460 17460 I MultiDex: VM with version 2.1.0 has multidex support
08-05 02:44:57.523 17460 17460 I MultiDex: install
08-05 02:44:57.523 17460 17460 I MultiDex: VM has multidex support, MultiDex support library is disabled.
08-05 02:44:57.523 17460 17460 I MultiDex: install
08-05 02:44:57.523 17460 17460 I MultiDex: VM has multidex support, MultiDex support library is disabled.
08-05 02:44:57.598 17460 17460 W ResourceType: For resource 0x7f130388, entry index(904) is beyond type entryCount(677)
08-05 02:44:57.599 17460 17460 W ResourceType: For resource 0x7f130387, entry index(903) is beyond type entryCount(677)
08-05 02:44:57.599 17460 17460 W ResourceType: For resource 0x7f130371, entry index(881) is beyond type entryCount(677)
08-05 02:44:57.607 17460 17460 W ResourceType: For resource 0x7f13037b, entry index(891) is beyond type entryCount(677)
08-05 02:44:57.608 17460 17460 W ResourceType: For resource 0x7f13038e, entry index(910) is beyond type entryCount(677)
08-05 02:44:57.608 17460 17460 W ResourceType: For resource 0x7f1305c0, entry index(1472) is beyond type entryCount(677)
08-05 02:44:57.661 17460 17460 W ResourceType: For resource 0x7f130388, entry index(904) is beyond type entryCount(677)
08-05 02:44:57.673 15616 15629 I art     : Starting a blocking GC Explicit
08-05 02:44:57.701 17460 17460 I FirebaseInitProvider: FirebaseApp initialization successful
08-05 02:44:57.714 15616 15629 I art     : Explicit concurrent mark sweep GC freed 1442(82KB) AllocSpace objects, 1(20KB) LOS objects, 28% free, 40MB/56MB, paused 1.255ms total 39.503ms
08-05 02:44:57.716 17460 17489 I DynamiteModule: Considering local module com.google.android.gms.measurement.dynamite:14 and remote module com.google.android.gms.measurement.dynamite:0
08-05 02:44:57.716 17460 17489 I DynamiteModule: Selected local version of com.google.android.gms.measurement.dynamite
08-05 02:44:57.726 15616 15629 I art     : Starting a blocking GC Explicit
08-05 02:44:57.761 17460 17489 E linker  : readlink('/proc/self/fd/21') failed: Permission denied [fd=21]
08-05 02:44:57.762 17460 17489 E linker  : warning: unable to get realpath for the library "/data/data/com.google.android.gms/app_chimera/m/00000039/oat/arm64/DynamiteLoader.odex". Will use given name.
08-05 02:44:57.764 15616 15629 I art     : Explicit concurrent mark sweep GC freed 39(1344B) AllocSpace objects, 0(0B) LOS objects, 28% free, 40MB/56MB, paused 1.210ms total 38.053ms
08-05 02:44:57.776 15616 15629 I art     : Starting a blocking GC Explicit
08-05 02:44:57.816 15616 15629 I art     : Explicit concurrent mark sweep GC freed 3(96B) AllocSpace objects, 0(0B) LOS objects, 28% free, 40MB/56MB, paused 1.246ms total 39.974ms
08-05 02:44:57.816 15616 15626 I art     : WaitForGcToComplete blocked for 30.490ms for cause HeapTrim
08-05 02:44:57.828 15616 15629 I art     : Starting a blocking GC Explicit
08-05 02:44:57.870 15616 15629 I art     : Explicit concurrent mark sweep GC freed 3(96B) AllocSpace objects, 0(0B) LOS objects, 28% free, 40MB/56MB, paused 1.384ms total 41.732ms
08-05 02:44:57.883 15616 15629 I art     : Starting a blocking GC Explicit
08-05 02:44:57.923 15616 15629 I art     : Explicit concurrent mark sweep GC freed 3(96B) AllocSpace objects, 0(0B) LOS objects, 28% free, 40MB/56MB, paused 1.222ms total 39.825ms
08-05 02:44:57.950 17460 17460 I aeea    : SslGuard completed installation.
08-05 02:44:58.027 17460 17460 I Bugle   : BugleApplicationBase: Bugle version: 6.2.039 (zombie_rc11.phone_dynamic)
08-05 02:44:58.105 17460 17504 I CarrierServices: [25742] wql.a: Initializing Carrier Services Library.
08-05 02:44:58.114 17460 17506 I PrimesApiImpl: background initialization
08-05 02:44:58.188 17460 17504 I CarrierServices: [25742] wxo.b: Reinitialize CSLib Flags: com.google.android.ims.library
08-05 02:44:58.197 17460 17460 I Bugle   : DarkModeUtilBase: Setting system dark mode to off
08-05 02:44:58.199 17460 17460 D AppCompatDelegate: setDefaultNightMode. New:1, Current:-100
08-05 02:44:58.247   918  3359 I AccountManagerService: getTypesVisibleToCaller: isPermitted? true
08-05 02:44:58.255 17460 17526 I Bugle   : GServicesValues:
08-05 02:44:58.255 17460 17526 I Bugle   : bugle_enable_primes_crash_metrics: true
08-05 02:44:58.255 17460 17526 I Bugle   : bugle_max_telemetry_upload_retries: 10
08-05 02:44:58.255 17460 17526 I Bugle   : bugle_sticker_set_list_version: 3
08-05 02:44:58.260 15616 15647 I art     : Starting a blocking GC Explicit
08-05 02:44:58.304 15616 15647 I art     : Explicit concurrent mark sweep GC freed 1632(92KB) AllocSpace objects, 1(20KB) LOS objects, 28% free, 40MB/56MB, paused 1.312ms total 43.800ms
08-05 02:44:58.316 15616 15647 I art     : Starting a blocking GC Explicit
08-05 02:44:58.359 15616 15647 I art     : Explicit concurrent mark sweep GC freed 28(1040B) AllocSpace objects, 0(0B) LOS objects, 28% free, 40MB/56MB, paused 1.352ms total 42.474ms
08-05 02:44:58.371 15616 15647 I art     : Starting a blocking GC Explicit
08-05 02:44:58.414 15616 15647 I art     : Explicit concurrent mark sweep GC freed 3(96B) AllocSpace objects, 0(0B) LOS objects, 28% free, 40MB/56MB, paused 1.293ms total 42.004ms
08-05 02:44:58.426 15616 15647 I art     : Starting a blocking GC Explicit
08-05 02:44:58.469 15616 15647 I art     : Explicit concurrent mark sweep GC freed 1599(63KB) AllocSpace objects, 0(0B) LOS objects, 28% free, 40MB/56MB, paused 1.361ms total 42.438ms
08-05 02:44:58.481 15616 15647 I art     : Starting a blocking GC Explicit
08-05 02:44:58.485   918  3261 D WifiStateMachine: starting scan for "H369AA63323"WPA_PSK with 2412,5180
08-05 02:44:58.487 15616 16662 E baseline.com.newsblur.network.APIResponse: Error (unexpected end of stream on https://www.newsblur.com/...) calling https://www.newsblur.com/reader/feed_unread_count?feed_id=0
08-05 02:44:58.487 15616 16662 E baseline.com.newsblur.network.APIResponse: java.io.IOException: unexpected end of stream on https://www.newsblur.com/...
08-05 02:44:58.487 15616 16662 E baseline.com.newsblur.network.APIResponse: 	at okhttp3.internal.http1.Http1ExchangeCodec.readResponseHeaders(Http1ExchangeCodec.java:236)
08-05 02:44:58.487 15616 16662 E baseline.com.newsblur.network.APIResponse: 	at okhttp3.internal.connection.Exchange.readResponseHeaders(Exchange.java:115)
08-05 02:44:58.487 15616 16662 E baseline.com.newsblur.network.APIResponse: 	at okhttp3.internal.http.CallServerInterceptor.intercept(CallServerInterceptor.java:94)
08-05 02:44:58.487 15616 16662 E baseline.com.newsblur.network.APIResponse: 	at okhttp3.internal.http.RealInterceptorChain.proceed(RealInterceptorChain.java:142)
08-05 02:44:58.487 15616 16662 E baseline.com.newsblur.network.APIResponse: 	at okhttp3.internal.connection.ConnectInterceptor.intercept(ConnectInterceptor.java:43)
08-05 02:44:58.487 15616 16662 E baseline.com.newsblur.network.APIResponse: 	at okhttp3.internal.http.RealInterceptorChain.proceed(RealInterceptorChain.java:142)
08-05 02:44:58.487 15616 16662 E baseline.com.newsblur.network.APIResponse: 	at okhttp3.internal.http.RealInterceptorChain.proceed(RealInterceptorChain.java:117)
08-05 02:44:58.487 15616 16662 E baseline.com.newsblur.network.APIResponse: 	at okhttp3.internal.cache.CacheInterceptor.intercept(CacheInterceptor.java:94)
08-05 02:44:58.487 15616 16662 E baseline.com.newsblur.network.APIResponse: 	at okhttp3.internal.http.RealInterceptorChain.proceed(RealInterceptorChain.java:142)
08-05 02:44:58.487 15616 16662 E baseline.com.newsblur.network.APIResponse: 	at okhttp3.internal.http.RealInterceptorChain.proceed(RealInterceptorChain.java:117)
08-05 02:44:58.487 15616 16662 E baseline.com.newsblur.network.APIResponse: 	at okhttp3.internal.http.BridgeInterceptor.intercept(BridgeInterceptor.java:93)
08-05 02:44:58.487 15616 16662 E baseline.com.newsblur.network.APIResponse: 	at okhttp3.internal.http.RealInterceptorChain.proceed(RealInterceptorChain.java:142)
08-05 02:44:58.487 15616 16662 E baseline.com.newsblur.network.APIResponse: 	at okhttp3.internal.http.RetryAndFollowUpInterceptor.intercept(RetryAndFollowUpInterceptor.java:88)
08-05 02:44:58.487 15616 16662 E baseline.com.newsblur.network.APIResponse: 	at okhttp3.internal.http.RealInterceptorChain.proceed(RealInterceptorChain.java:142)
08-05 02:44:58.487 15616 16662 E baseline.com.newsblur.network.APIResponse: 	at okhttp3.internal.http.RealInterceptorChain.proceed(RealInterceptorChain.java:117)
08-05 02:44:58.487 15616 16662 E baseline.com.newsblur.network.APIResponse: 	at okhttp3.RealCall.getResponseWithInterceptorChain(RealCall.java:229)
08-05 02:44:58.487 15616 16662 E baseline.com.newsblur.network.APIResponse: 	at okhttp3.RealCall.execute(RealCall.java:81)
08-05 02:44:58.487 15616 16662 E baseline.com.newsblur.network.APIResponse: 	at baseline.com.newsblur.network.APIResponse.<init>(APIResponse.java:57)
08-05 02:44:58.487 15616 16662 E baseline.com.newsblur.network.APIResponse: 	at baseline.com.newsblur.network.APIManager.get_single(APIManager.java:639)
08-05 02:44:58.487 15616 16662 E baseline.com.newsblur.network.APIResponse: 	at baseline.com.newsblur.network.APIManager.get(APIManager.java:625)
08-05 02:44:58.487 15616 16662 E baseline.com.newsblur.network.APIResponse: 	at baseline.com.newsblur.network.APIManager.get(APIManager.java:667)
08-05 02:44:58.487 15616 16662 E baseline.com.newsblur.network.APIResponse: 	at baseline.com.newsblur.network.APIManager.getFeedUnreadCounts(APIManager.java:274)
08-05 02:44:58.487 15616 16662 E baseline.com.newsblur.network.APIResponse: 	at baseline.com.newsblur.service.NBSyncService.checkRecounts(NBSyncService.java:660)
08-05 02:44:58.487 15616 16662 E baseline.com.newsblur.network.APIResponse: 	at baseline.com.newsblur.service.NBSyncService.doSync(NBSyncService.java:310)
08-05 02:44:58.487 15616 16662 E baseline.com.newsblur.network.APIResponse: 	at baseline.com.newsblur.service.NBSyncService.access$100(NBSyncService.java:67)
08-05 02:44:58.487 15616 16662 E baseline.com.newsblur.network.APIResponse: 	at baseline.com.newsblur.service.NBSyncService$1.run(NBSyncService.java:188)
08-05 02:44:58.487 15616 16662 E baseline.com.newsblur.network.APIResponse: 	at java.util.concurrent.ThreadPoolExecutor.runWorker(ThreadPoolExecutor.java:1113)
08-05 02:44:58.487 15616 16662 E baseline.com.newsblur.network.APIResponse: 	at java.util.concurrent.ThreadPoolExecutor$Worker.run(ThreadPoolExecutor.java:588)
08-05 02:44:58.487 15616 16662 E baseline.com.newsblur.network.APIResponse: 	at java.lang.Thread.run(Thread.java:818)
08-05 02:44:58.487 15616 16662 E baseline.com.newsblur.network.APIResponse: Caused by: java.io.EOFException: \n not found: limit=0 content=
08-05 02:44:58.487 15616 16662 E baseline.com.newsblur.network.APIResponse: 	at okio.RealBufferedSource.readUtf8LineStrict(RealBufferedSource.java:240)
08-05 02:44:58.487 15616 16662 E baseline.com.newsblur.network.APIResponse: 	at okhttp3.internal.http1.Http1ExchangeCodec.readHeaderLine(Http1ExchangeCodec.java:242)
08-05 02:44:58.487 15616 16662 E baseline.com.newsblur.network.APIResponse: 	at okhttp3.internal.http1.Http1ExchangeCodec.readResponseHeaders(Http1ExchangeCodec.java:213)
08-05 02:44:58.487 15616 16662 E baseline.com.newsblur.network.APIResponse: 	... 28 more
08-05 02:44:58.488 15616 16662 I baseline.com.newsblur.network.APIManager: API call failed, pausing before retry number 2
08-05 02:44:58.510   918  5481 I ActivityManager: Killing 9188:com.google.android.youtube/u0a75 (adj 15): empty #17
08-05 02:44:58.524 15616 15647 I art     : Explicit concurrent mark sweep GC freed 856(196KB) AllocSpace objects, 2(40KB) LOS objects, 28% free, 40MB/56MB, paused 1.249ms total 42.831ms
08-05 02:44:58.579   918  6112 D ConnectivityService: ConnectivityService NetworkRequestInfo binderDied(NetworkRequest [ id=3119, legacyType=-1, [ Capabilities: INTERNET&NOT_RESTRICTED&TRUSTED] ], android.os.BinderProxy@93bfa6b)
08-05 02:44:58.579   918  3263 D ConnectivityService: releasing NetworkRequest NetworkRequest [ id=3119, legacyType=-1, [ Capabilities: INTERNET&NOT_RESTRICTED&TRUSTED] ]
08-05 02:44:58.580   918  3263 E ConnectivityService: RemoteException caught trying to send a callback msg for NetworkRequest [ id=3119, legacyType=-1, [ Capabilities: INTERNET&NOT_RESTRICTED&TRUSTED] ]
08-05 02:44:58.661 17460 17460 W ConfigurationUpdatedRec: Received update for unknown package com.google.android.gms.icing.mdd#com.google.android.apps.messaging
08-05 02:44:58.735 17460 17460 W ConfigurationUpdatedRec: Received update for unknown package com.google.android.libraries.abuse.hades.moirai#com.google.android.apps.messaging
08-05 02:44:58.762 17460 17460 W ConfigurationUpdatedRec: Received update for unknown package com.google.android.libraries.performance.primes#com.google.android.apps.messaging
08-05 02:44:58.764   918  3696 I ActivityManager: Killing 11972:com.google.android.gms.ui/u0a12 (adj 15): empty #17
08-05 02:44:58.779 17460 17504 I CarrierServices: [25742] wql.b: Initializing Carrier Services Logging.
08-05 02:44:58.822   719   719 W o       : Received update for unknown package com.google.android.libraries.search.discover.user#com.google.android.googlequicksearchbox; known packages [com.google.android.libraries.search.googleapp.device#com.google.android.googlequicksearchbox, com.google.android.libraries.search.googleapp.user#com.google.android.googlequicksearchbox, com.google.android.libraries.lens.nbu.device#com.google.android.googlequicksearchbox, com.google.android.libraries.lens.nbu.user#com.google.android.googlequicksearchbox, com.google.android.apps.gsa.pcp.device#com.google.android.googlequicksearchbox, com.google.android.apps.gsa.pcp.user#com.google.android.googlequicksearchbox, com.google.android.libraries.search.device#com.google.android.googlequicksearchbox, com.google.android.apps.search.transcription.device#com.google.android.googlequicksearchbox, com.google.android.apps.search.transcription.uidevice#com.google.android.googlequicksearchbox, com.google.android.apps.search.transcription.uiuser#com.google.android.googlequicksearchbox, com.google.android.apps.search.transcription.user#com.google.android.googlequicksearchbox]
08-05 02:44:58.846   719   719 W o       : Received update for unknown package com.google.android.libraries.search.googleapp.uiuser#com.google.android.googlequicksearchbox; known packages [com.google.android.libraries.search.googleapp.device#com.google.android.googlequicksearchbox, com.google.android.libraries.search.googleapp.user#com.google.android.googlequicksearchbox, com.google.android.libraries.lens.nbu.device#com.google.android.googlequicksearchbox, com.google.android.libraries.lens.nbu.user#com.google.android.googlequicksearchbox, com.google.android.apps.gsa.pcp.device#com.google.android.googlequicksearchbox, com.google.android.apps.gsa.pcp.user#com.google.android.googlequicksearchbox, com.google.android.libraries.search.device#com.google.android.googlequicksearchbox, com.google.android.apps.search.transcription.device#com.google.android.googlequicksearchbox, com.google.android.apps.search.transcription.uidevice#com.google.android.googlequicksearchbox, com.google.android.apps.search.transcription.uiuser#com.google.android.googlequicksearchbox, com.google.android.apps.search.transcription.user#com.google.android.googlequicksearchbox]
08-05 02:44:58.850   719   719 I EngineIdGenerator: Refusing EXCLUSIVE task 21, it is already pending. Try again in 359 seconds.
08-05 02:44:58.908 17460 17504 I LogSaver: LogSaver new instance with filename: carrier_services
08-05 02:44:58.934 17460 17504 E LogSaver: LogSaver: fail to init disk logger
08-05 02:44:58.934 17460 17504 E LogSaver: java.io.IOException: fcntl failed: EAGAIN (Try again)
08-05 02:44:58.934 17460 17504 E LogSaver: 	at java.nio.FileChannelImpl.basicLock(FileChannelImpl.java:123)
08-05 02:44:58.934 17460 17504 E LogSaver: 	at java.nio.FileChannelImpl.tryLock(FileChannelImpl.java:181)
08-05 02:44:58.934 17460 17504 E LogSaver: 	at java.nio.channels.FileChannel.tryLock(FileChannel.java:584)
08-05 02:44:58.934 17460 17504 E LogSaver: 	at java.util.logging.FileHandler.initOutputFiles(FileHandler.java:197)
08-05 02:44:58.934 17460 17504 E LogSaver: 	at java.util.logging.FileHandler.init(FileHandler.java:159)
08-05 02:44:58.934 17460 17504 E LogSaver: 	at java.util.logging.FileHandler.<init>(FileHandler.java:482)
08-05 02:44:58.934 17460 17504 E LogSaver: 	at yfj.<init>(PG:15)
08-05 02:44:58.934 17460 17504 E LogSaver: 	at yfe.b(PG:118)
08-05 02:44:58.934 17460 17504 E LogSaver: 	at wql.b(PG:5)
08-05 02:44:58.934 17460 17504 E LogSaver: 	at ndz.d(PG:4)
08-05 02:44:58.934 17460 17504 E LogSaver: 	at lnv.b(PG:15)
08-05 02:44:58.934 17460 17504 E LogSaver: 	at lnq.a(Unknown Source)
08-05 02:44:58.934 17460 17504 E LogSaver: 	at aglr.a(PG:3)
08-05 02:44:58.934 17460 17504 E LogSaver: 	at ajiq.a(PG:4)
08-05 02:44:58.934 17460 17504 E LogSaver: 	at ajku.b(PG:7)
08-05 02:44:58.934 17460 17504 E LogSaver: 	at ajjv.run(PG:12)
08-05 02:44:58.934 17460 17504 E LogSaver: 	at ajkw.run(PG:12)
08-05 02:44:58.934 17460 17504 E LogSaver: 	at afpx.run(PG:2)
08-05 02:44:58.934 17460 17504 E LogSaver: 	at java.util.concurrent.ThreadPoolExecutor.runWorker(ThreadPoolExecutor.java:1113)
08-05 02:44:58.934 17460 17504 E LogSaver: 	at java.util.concurrent.ThreadPoolExecutor$Worker.run(ThreadPoolExecutor.java:588)
08-05 02:44:58.934 17460 17504 E LogSaver: 	at afoo.run(Unknown Source)
08-05 02:44:58.934 17460 17504 E LogSaver: 	at java.lang.Thread.run(Thread.java:818)
08-05 02:44:58.934 17460 17504 E LogSaver: Caused by: android.system.ErrnoException: fcntl failed: EAGAIN (Try again)
08-05 02:44:58.934 17460 17504 E LogSaver: 	at libcore.io.Posix.fcntlFlock(Native Method)
08-05 02:44:58.934 17460 17504 E LogSaver: 	at libcore.io.ForwardingOs.fcntlFlock(ForwardingOs.java:70)
08-05 02:44:58.934 17460 17504 E LogSaver: 	at java.nio.FileChannelImpl.basicLock(FileChannelImpl.java:121)
08-05 02:44:58.934 17460 17504 E LogSaver: 	... 21 more
08-05 02:44:58.942 15616 15856 I art     : Starting a blocking GC Explicit
08-05 02:44:58.951   719   719 I EngineIdGenerator: Refusing EXCLUSIVE task 21, it is already pending. Try again in 359 seconds.
08-05 02:44:58.969   719   719 W o       : Received update for unknown package com.google.android.libraries.search.googleapp.uidevice#com.google.android.googlequicksearchbox; known packages [com.google.android.libraries.search.googleapp.device#com.google.android.googlequicksearchbox, com.google.android.libraries.search.googleapp.user#com.google.android.googlequicksearchbox, com.google.android.libraries.lens.nbu.device#com.google.android.googlequicksearchbox, com.google.android.libraries.lens.nbu.user#com.google.android.googlequicksearchbox, com.google.android.apps.gsa.pcp.device#com.google.android.googlequicksearchbox, com.google.android.apps.gsa.pcp.user#com.google.android.googlequicksearchbox, com.google.android.libraries.search.device#com.google.android.googlequicksearchbox, com.google.android.apps.search.transcription.device#com.google.android.googlequicksearchbox, com.google.android.apps.search.transcription.uidevice#com.google.android.googlequicksearchbox, com.google.android.apps.search.transcription.uiuser#com.google.android.googlequicksearchbox, com.google.android.apps.search.transcription.user#com.google.android.googlequicksearchbox]
08-05 02:44:58.972   719   719 I EngineIdGenerator: Refusing EXCLUSIVE task 21, it is already pending. Try again in 359 seconds.
08-05 02:44:58.979   719   719 W o       : Received update for unknown package com.google.android.libraries.performance.primes#com.google.android.googlequicksearchbox; known packages [com.google.android.libraries.search.googleapp.device#com.google.android.googlequicksearchbox, com.google.android.libraries.search.googleapp.user#com.google.android.googlequicksearchbox, com.google.android.libraries.lens.nbu.device#com.google.android.googlequicksearchbox, com.google.android.libraries.lens.nbu.user#com.google.android.googlequicksearchbox, com.google.android.apps.gsa.pcp.device#com.google.android.googlequicksearchbox, com.google.android.apps.gsa.pcp.user#com.google.android.googlequicksearchbox, com.google.android.libraries.search.device#com.google.android.googlequicksearchbox, com.google.android.apps.search.transcription.device#com.google.android.googlequicksearchbox, com.google.android.apps.search.transcription.uidevice#com.google.android.googlequicksearchbox, com.google.android.apps.search.transcription.uiuser#com.google.android.googlequicksearchbox, com.google.android.apps.search.transcription.user#com.google.android.googlequicksearchbox]
08-05 02:44:58.982   719   719 I EngineIdGenerator: Refusing EXCLUSIVE task 21, it is already pending. Try again in 359 seconds.
08-05 02:44:58.985 15616 15856 I art     : Explicit concurrent mark sweep GC freed 1546(98KB) AllocSpace objects, 1(20KB) LOS objects, 28% free, 40MB/56MB, paused 1.259ms total 42.702ms
08-05 02:44:58.998 15616 15856 I art     : Starting a blocking GC Explicit
08-05 02:44:58.999   719   719 W o       : Received update for unknown package com.google.android.libraries.consent.flows.footprints#com.google.android.googlequicksearchbox; known packages [com.google.android.libraries.search.googleapp.device#com.google.android.googlequicksearchbox, com.google.android.libraries.search.googleapp.user#com.google.android.googlequicksearchbox, com.google.android.libraries.lens.nbu.device#com.google.android.googlequicksearchbox, com.google.android.libraries.lens.nbu.user#com.google.android.googlequicksearchbox, com.google.android.apps.gsa.pcp.device#com.google.android.googlequicksearchbox, com.google.android.apps.gsa.pcp.user#com.google.android.googlequicksearchbox, com.google.android.libraries.search.device#com.google.android.googlequicksearchbox, com.google.android.apps.search.transcription.device#com.google.android.googlequicksearchbox, com.google.android.apps.search.transcription.uidevice#com.google.android.googlequicksearchbox, com.google.android.apps.search.transcription.uiuser#com.google.android.googlequicksearchbox, com.google.android.apps.search.transcription.user#com.google.android.googlequicksearchbox]
08-05 02:44:59.002   719   719 I EngineIdGenerator: Refusing EXCLUSIVE task 21, it is already pending. Try again in 359 seconds.
08-05 02:44:59.008   719   719 W o       : Received update for unknown package com.google.android.libraries.notifications#com.google.android.googlequicksearchbox; known packages [com.google.android.libraries.search.googleapp.device#com.google.android.googlequicksearchbox, com.google.android.libraries.search.googleapp.user#com.google.android.googlequicksearchbox, com.google.android.libraries.lens.nbu.device#com.google.android.googlequicksearchbox, com.google.android.libraries.lens.nbu.user#com.google.android.googlequicksearchbox, com.google.android.apps.gsa.pcp.device#com.google.android.googlequicksearchbox, com.google.android.apps.gsa.pcp.user#com.google.android.googlequicksearchbox, com.google.android.libraries.search.device#com.google.android.googlequicksearchbox, com.google.android.apps.search.transcription.device#com.google.android.googlequicksearchbox, com.google.android.apps.search.transcription.uidevice#com.google.android.googlequicksearchbox, com.google.android.apps.search.transcription.uiuser#com.google.android.googlequicksearchbox, com.google.android.apps.search.transcription.user#com.google.android.googlequicksearchbox]
08-05 02:44:59.011   719   719 I EngineIdGenerator: Refusing EXCLUSIVE task 21, it is already pending. Try again in 359 seconds.
08-05 02:44:59.017 17460 17504 W ResourceType: For resource 0x7f13070f, entry index(1807) is beyond type entryCount(677)
08-05 02:44:59.017 17460 17504 W ResourceType: For resource 0x7f13052a, entry index(1322) is beyond type entryCount(677)
08-05 02:44:59.017 17460 17504 W ResourceType: For resource 0x7f130523, entry index(1315) is beyond type entryCount(677)
08-05 02:44:59.018 17460 17504 W ResourceType: For resource 0x7f13052c, entry index(1324) is beyond type entryCount(677)
08-05 02:44:59.039 15616 15856 I art     : Explicit concurrent mark sweep GC freed 44(1520B) AllocSpace objects, 0(0B) LOS objects, 28% free, 40MB/56MB, paused 1.181ms total 40.751ms
08-05 02:44:59.051 15616 15856 I art     : Starting a blocking GC Explicit
08-05 02:44:59.070 17460 17504 W ResourceType: For resource 0x7f130412, entry index(1042) is beyond type entryCount(677)
08-05 02:44:59.070 17460 17504 W ResourceType: For resource 0x7f13041f, entry index(1055) is beyond type entryCount(677)
08-05 02:44:59.070 17460 17504 W ResourceType: For resource 0x7f13041e, entry index(1054) is beyond type entryCount(677)
08-05 02:44:59.070 17460 17504 W ResourceType: For resource 0x7f1306d0, entry index(1744) is beyond type entryCount(677)
08-05 02:44:59.070 17460 17504 W ResourceType: For resource 0x7f130691, entry index(1681) is beyond type entryCount(677)
08-05 02:44:59.070 17460 17504 W ResourceType: For resource 0x7f1306d1, entry index(1745) is beyond type entryCount(677)
08-05 02:44:59.070 17460 17504 W ResourceType: For resource 0x7f13051c, entry index(1308) is beyond type entryCount(677)
08-05 02:44:59.070 17460 17504 W ResourceType: For resource 0x7f13074a, entry index(1866) is beyond type entryCount(677)
08-05 02:44:59.070 17460 17504 W ResourceType: For resource 0x7f1307c9, entry index(1993) is beyond type entryCount(677)
08-05 02:44:59.070 17460 17504 W ResourceType: For resource 0x7f130563, entry index(1379) is beyond type entryCount(677)
08-05 02:44:59.070 17460 17504 W ResourceType: For resource 0x7f130569, entry index(1385) is beyond type entryCount(677)
08-05 02:44:59.070 17460 17504 W ResourceType: For resource 0x7f130416, entry index(1046) is beyond type entryCount(677)
08-05 02:44:59.070 17460 17504 W ResourceType: For resource 0x7f130420, entry index(1056) is beyond type entryCount(677)
08-05 02:44:59.070 17460 17504 W ResourceType: For resource 0x7f1306d4, entry index(1748) is beyond type entryCount(677)
08-05 02:44:59.071 17460 17504 W ResourceType: For resource 0x7f1302c4, entry index(708) is beyond type entryCount(677)
08-05 02:44:59.071 17460 17504 W ResourceType: For resource 0x7f13070c, entry index(1804) is beyond type entryCount(677)
08-05 02:44:59.071 17460 17504 W ResourceType: For resource 0x7f130727, entry index(1831) is beyond type entryCount(677)
08-05 02:44:59.071 17460 17504 W ResourceType: For resource 0x7f130606, entry index(1542) is beyond type entryCount(677)
08-05 02:44:59.071 17460 17504 W ResourceType: For resource 0x7f130604, entry index(1540) is beyond type entryCount(677)
08-05 02:44:59.071 17460 17504 W ResourceType: For resource 0x7f130617, entry index(1559) is beyond type entryCount(677)
08-05 02:44:59.071 17460 17504 W ResourceType: For resource 0x7f1305ff, entry index(1535) is beyond type entryCount(677)
08-05 02:44:59.071 17460 17504 W ResourceType: For resource 0x7f130626, entry index(1574) is beyond type entryCount(677)
08-05 02:44:59.071 17460 17504 W ResourceType: For resource 0x7f1305fb, entry index(1531) is beyond type entryCount(677)
08-05 02:44:59.071 17460 17504 W ResourceType: For resource 0x7f13062e, entry index(1582) is beyond type entryCount(677)
08-05 02:44:59.071 17460 17504 W ResourceType: For resource 0x7f13078b, entry index(1931) is beyond type entryCount(677)
08-05 02:44:59.071 17460 17504 W ResourceType: For resource 0x7f13079d, entry index(1949) is beyond type entryCount(677)
08-05 02:44:59.071 17460 17504 W ResourceType: For resource 0x7f130881, entry index(2177) is beyond type entryCount(677)
08-05 02:44:59.090 15616 15856 I art     : Explicit concurrent mark sweep GC freed 3(96B) AllocSpace objects, 0(0B) LOS objects, 28% free, 40MB/56MB, paused 1.193ms total 38.815ms
08-05 02:44:59.102 15616 15856 I art     : Starting a blocking GC Explicit
08-05 02:44:59.103 17099 17099 I Finsky  : [1] mnl.a(1): Scheduling NO_RECENT_SUCCESS in onApplicationCreate
08-05 02:44:59.107 17460 17504 I BugleBackup: Registering preference change listener for "bugle".
08-05 02:44:59.143 15616 15856 I art     : Explicit concurrent mark sweep GC freed 3(96B) AllocSpace objects, 0(0B) LOS objects, 28% free, 40MB/56MB, paused 1.294ms total 40.170ms
08-05 02:44:59.155 15616 15856 I art     : Starting a blocking GC Explicit
08-05 02:44:59.156 17460 17501 W ResourceType: For resource 0x7f130388, entry index(904) is beyond type entryCount(677)
08-05 02:44:59.159 17460 17501 W ResourceType: For resource 0x7f130388, entry index(904) is beyond type entryCount(677)
08-05 02:44:59.170 17460 17501 I FA      : App measurement initialized, version: 28009
08-05 02:44:59.170 17460 17501 I FA      : To enable debug logging run: adb shell setprop log.tag.FA VERBOSE
08-05 02:44:59.170 17460 17501 I FA      : To enable faster debug mode event logging run:
08-05 02:44:59.170 17460 17501 I FA      :   adb shell setprop debug.firebase.analytics.app com.google.android.apps.messaging
08-05 02:44:59.177 17277 17277 W GrowthKit: Failed to get phenotypeManager in PhenotypeBroadcastReceiver
08-05 02:44:59.177 17277 17277 W GrowthKit: java.lang.NullPointerException: Unable to get GrowthKit Component from host app: com.google.android.calendar
08-05 02:44:59.177 17277 17277 W GrowthKit: 	at cal.pyf.a(PG:12)
08-05 02:44:59.177 17277 17277 W GrowthKit: 	at com.google.android.libraries.internal.growth.growthkit.internal.experiments.impl.PhenotypeBroadcastReceiver.onReceive(PG:3)
08-05 02:44:59.177 17277 17277 W GrowthKit: 	at android.app.ActivityThread.handleReceiver(ActivityThread.java:2725)
08-05 02:44:59.177 17277 17277 W GrowthKit: 	at android.app.ActivityThread.-wrap14(ActivityThread.java)
08-05 02:44:59.177 17277 17277 W GrowthKit: 	at android.app.ActivityThread$H.handleMessage(ActivityThread.java:1421)
08-05 02:44:59.177 17277 17277 W GrowthKit: 	at android.os.Handler.dispatchMessage(Handler.java:102)
08-05 02:44:59.177 17277 17277 W GrowthKit: 	at android.os.Looper.loop(Looper.java:148)
08-05 02:44:59.177 17277 17277 W GrowthKit: 	at android.app.ActivityThread.main(ActivityThread.java:5417)
08-05 02:44:59.177 17277 17277 W GrowthKit: 	at java.lang.reflect.Method.invoke(Native Method)
08-05 02:44:59.177 17277 17277 W GrowthKit: 	at com.android.internal.os.ZygoteInit$MethodAndArgsCaller.run(ZygoteInit.java:726)
08-05 02:44:59.177 17277 17277 W GrowthKit: 	at com.android.internal.os.ZygoteInit.main(ZygoteInit.java:616)
08-05 02:44:59.195 15616 15856 I art     : Explicit concurrent mark sweep GC freed 3(96B) AllocSpace objects, 0(0B) LOS objects, 28% free, 40MB/56MB, paused 1.158ms total 40.013ms
08-05 02:44:59.218 24577 17557 I IcingInternalCorpora: Received calendar change notification.
08-05 02:44:59.238 17460 17504 W BugleRcs: couldn't get package info for carrier services package with name com.google.android.ims
08-05 02:44:59.238 17460 17504 W BugleRcs: android.content.pm.PackageManager$NameNotFoundException: com.google.android.ims
08-05 02:44:59.238 17460 17504 W BugleRcs: 	at android.app.ApplicationPackageManager.getPackageInfo(ApplicationPackageManager.java:137)
08-05 02:44:59.238 17460 17504 W BugleRcs: 	at nbr.<init>(PG:10)
08-05 02:44:59.238 17460 17504 W BugleRcs: 	at nbr.a(PG:21)
08-05 02:44:59.238 17460 17504 W BugleRcs: 	at jrb.a(PG:27)
08-05 02:44:59.238 17460 17504 W BugleRcs: 	at eye.run(Unknown Source)
08-05 02:44:59.238 17460 17504 W BugleRcs: 	at aglo.run(PG:3)
08-05 02:44:59.238 17460 17504 W BugleRcs: 	at java.util.concurrent.Executors$RunnableAdapter.call(Executors.java:423)
08-05 02:44:59.238 17460 17504 W BugleRcs: 	at ajkv.b(PG:6)
08-05 02:44:59.238 17460 17504 W BugleRcs: 	at ajjv.run(PG:12)
08-05 02:44:59.238 17460 17504 W BugleRcs: 	at ajkw.run(PG:12)
08-05 02:44:59.238 17460 17504 W BugleRcs: 	at afpx.run(PG:2)
08-05 02:44:59.238 17460 17504 W BugleRcs: 	at java.util.concurrent.ThreadPoolExecutor.runWorker(ThreadPoolExecutor.java:1113)
08-05 02:44:59.238 17460 17504 W BugleRcs: 	at java.util.concurrent.ThreadPoolExecutor$Worker.run(ThreadPoolExecutor.java:588)
08-05 02:44:59.238 17460 17504 W BugleRcs: 	at afoo.run(Unknown Source)
08-05 02:44:59.238 17460 17504 W BugleRcs: 	at java.lang.Thread.run(Thread.java:818)
08-05 02:44:59.250 24365 24456 W ResourceType: ResTable_typeSpec entry count inconsistent: given 859, previously 874
08-05 02:44:59.250 24365 24456 W ResourceType: ResTable_typeSpec entry count inconsistent: given 677, previously 2268
08-05 02:44:59.250 24365 24456 W ResourceType: ResTable_typeSpec entry count inconsistent: given 269, previously 1299
08-05 02:44:59.303 17099 17099 I Finsky  : [1] xle.a(34): Cancelling existing jobscheduler jobs: 9013 9011 9015 9010 9009 9012 9017 9014 9000 9016 
08-05 02:44:59.304 17099 17099 I Finsky  : [1] xle.a(53): Scheduling immediate wakeup job with id: 9000
08-05 02:44:59.305 17099 17099 I Finsky  : [1] xle.a(55): Scheduling second immediate wakeup job with id: 9001
08-05 02:44:59.328 17099 17099 I Finsky  : [1] xow.onStartJob(3): SCH: onJobSchedulerWakeup with jobId 9000
08-05 02:44:59.337 17099 17099 I Finsky  : [1] xjw.a(9): Scheduling fallback in 43199992 (absolute: 1785303204)
08-05 02:44:59.347 17099 17099 I Finsky  : [1] xjw.a(9): Scheduling fallback in 64799991 (absolute: 1806903212)
08-05 02:44:59.361   719 17563 I BgTaskExecutorImpl: Starting EXCLUSIVE background task FETCH_CONFIGS_FROM_PHENOTYPE.
08-05 02:44:59.378   719   760 W SearchServiceCore: Abort, client detached.
08-05 02:44:59.385 17099 17099 I Finsky  : [1] xow.onStartJob(3): SCH: onJobSchedulerWakeup with jobId 9001
08-05 02:44:59.395 17099 17099 I Finsky  : [1] xjw.a(9): Scheduling fallback in 43199994 (absolute: 1785303264)
08-05 02:44:59.399 17099 17099 I Finsky  : [1] xjw.a(9): Scheduling fallback in 64799998 (absolute: 1806903271)
08-05 02:44:59.402 17099 17099 W Finsky  : [1] xow.onStartJob(9): SCH: onJobSchedulerWakeup while already running
08-05 02:44:59.403 17099 17099 I Finsky  : [1] xkf.handleMessage(8): SCH: DeviceState: DeviceState{currentTime=1596588299391, isCharging=false, isIdle=false, netAny=true, netNotRoaming=true, netUnmetered=true, batteryPercent=100.0}
08-05 02:44:59.422 17099 17099 I Finsky  : [1] xow.onStartJob(3): SCH: onJobSchedulerWakeup with jobId 9001
08-05 02:44:59.435 17099 17099 I Finsky  : [1] xjw.a(9): Scheduling fallback in 43199990 (absolute: 1785303300)
08-05 02:44:59.440 17460 17504 W art     : Verification of void flt.<clinit>() took 199.476ms
08-05 02:44:59.443 17099 17099 I Finsky  : [1] xjw.a(9): Scheduling fallback in 64799993 (absolute: 1806903311)
08-05 02:44:59.448 17099 17099 W Finsky  : [1] xow.onStartJob(9): SCH: onJobSchedulerWakeup while already running
08-05 02:44:59.462 17277 17334 I art     : Waiting for a blocking GC DisableMovingGc
08-05 02:44:59.471 17277 17334 I art     : WaitForGcToComplete blocked for 9.327ms for cause DisableMovingGc
08-05 02:44:59.472 17277 17334 I art     : Starting a blocking GC DisableMovingGc
08-05 02:44:59.485 17099 17148 I Finsky  : [5895] xmu.a(8): SCH: Jobs in database: 1-1337 3-201 3-202 24-77777777 26-1414141414 29-29 
08-05 02:44:59.528 15616 15629 I art     : Starting a blocking GC Explicit
08-05 02:44:59.555 17099 17099 I Finsky  : [1] xkg.a(16): SCH: Running job: 1-1337
08-05 02:44:59.568 15616 15629 I art     : Explicit concurrent mark sweep GC freed 1519(100KB) AllocSpace objects, 2(40KB) LOS objects, 28% free, 40MB/56MB, paused 1.247ms total 39.581ms
08-05 02:44:59.581 15616 15629 I art     : Starting a blocking GC Explicit
08-05 02:44:59.595 17099 17099 I Finsky  : [1] mny.a(6): Starting Hygiene for reason 16
08-05 02:44:59.613 17099 17099 W Finsky  : [1] dap.a(25): For unauth, use getDfeApiNonAuthenticated() instead!
08-05 02:44:59.621 15616 15629 I art     : Explicit concurrent mark sweep GC freed 29(1072B) AllocSpace objects, 0(0B) LOS objects, 28% free, 40MB/56MB, paused 1.329ms total 39.837ms
08-05 02:44:59.633 15616 15629 I art     : Starting a blocking GC Explicit
08-05 02:44:59.673 15616 15629 I art     : Explicit concurrent mark sweep GC freed 3(96B) AllocSpace objects, 0(0B) LOS objects, 28% free, 40MB/56MB, paused 1.201ms total 39.784ms
08-05 02:44:59.685 15616 15629 I art     : Starting a blocking GC Explicit
08-05 02:44:59.725 15616 15629 I art     : Explicit concurrent mark sweep GC freed 3(96B) AllocSpace objects, 0(0B) LOS objects, 28% free, 40MB/56MB, paused 1.303ms total 39.603ms
08-05 02:44:59.737 15616 15629 I art     : Starting a blocking GC Explicit
08-05 02:44:59.749 17099 17099 I Finsky  : [1] mok.b(10): Probe unauthenticated for hygiene pass
08-05 02:44:59.758 17099 17099 I Finsky  : [1] xkf.handleMessage(61): SCH: RunningQueue size: 1, PendingQueue size: 0
08-05 02:44:59.758 17099 17099 I Finsky  : [1] xkf.handleMessage(64): SCH: Running queue: 1-1337 
08-05 02:44:59.764 17460 17504 W art     : Verification of aigt flt.B(int) took 272.126ms
08-05 02:44:59.770 17099 17583 I Finsky  : [5948] dap.a(27): getDfeApiOrNonauthenticated is returning unauth api
08-05 02:44:59.771 17099 17583 I Finsky  : [5948] jbw.c(2): Account name null when calculating account hash
08-05 02:44:59.771 17099 17583 I Finsky  : [5948] jbw.a(15): Token already exists - returning!
08-05 02:44:59.771 17099 17583 I Finsky  : [5948] mkt.a(1): Request device config token was successful when fetching experiments.
08-05 02:44:59.771 17099 17583 W Finsky  : [5948] dap.a(25): For unauth, use getDfeApiNonAuthenticated() instead!
08-05 02:44:59.778 15616 15629 I art     : Explicit concurrent mark sweep GC freed 3(96B) AllocSpace objects, 0(0B) LOS objects, 28% free, 40MB/56MB, paused 1.314ms total 40.091ms
08-05 02:44:59.780   719   751 I WM-GreedyScheduler: Ignoring schedule request in non-main process
08-05 02:44:59.890 17460 17504 W art     : Verification of aicy flt.a(java.util.List, int) took 124.475ms
08-05 02:45:00.046 17099 17126 I Finsky  : [5889] mkq.a(10): Sending Heterodyne sync request for package com.android.vending
08-05 02:45:00.073 16774 17596 I FirebaseCrash: Sending crashes
08-05 02:45:00.085 17460 17504 W art     : Verification of void flt.a(aicl, int) took 189.185ms
08-05 02:45:00.115 15616 15647 I art     : Starting a blocking GC Explicit
08-05 02:45:00.156 15616 15647 I art     : Explicit concurrent mark sweep GC freed 1441(82KB) AllocSpace objects, 1(20KB) LOS objects, 28% free, 40MB/56MB, paused 1.253ms total 40.166ms
08-05 02:45:00.168 15616 15647 I art     : Starting a blocking GC Explicit
08-05 02:45:00.191 17460 17504 W art     : Verification of void flt.a(aicl, int, int, int) took 105.189ms
08-05 02:45:00.209 13228 13228 I ServiceManager: Waiting for service AtCmdFwd...
08-05 02:45:00.209 15616 15647 I art     : Explicit concurrent mark sweep GC freed 22(784B) AllocSpace objects, 0(0B) LOS objects, 28% free, 40MB/56MB, paused 1.270ms total 40.633ms
08-05 02:45:00.219 17460 17512 W ResourceType: For resource 0x7f1305fb, entry index(1531) is beyond type entryCount(677)
08-05 02:45:00.221 15616 15647 I art     : Starting a blocking GC Explicit
08-05 02:45:00.262 15616 15647 I art     : Explicit concurrent mark sweep GC freed 3(96B) AllocSpace objects, 0(0B) LOS objects, 28% free, 40MB/56MB, paused 1.251ms total 40.624ms
08-05 02:45:00.275 15616 15647 I art     : Starting a blocking GC Explicit
08-05 02:45:00.318 15616 15647 I art     : Explicit concurrent mark sweep GC freed 598(32KB) AllocSpace objects, 0(0B) LOS objects, 28% free, 40MB/56MB, paused 1.469ms total 42.263ms
08-05 02:45:00.330 15616 15647 I art     : Starting a blocking GC Explicit
08-05 02:45:00.370 15616 15647 I art     : Explicit concurrent mark sweep GC freed 789(39KB) AllocSpace objects, 0(0B) LOS objects, 28% free, 40MB/56MB, paused 1.229ms total 40.028ms
08-05 02:45:00.404   918  3714 I AccountManagerService: getTypesVisibleToCaller: isPermitted? true
08-05 02:45:00.459 17099 17126 I arlz    : I/O exception (org.apache.http.NoHttpResponseException) caught when processing request: The target server failed to respond
08-05 02:45:00.459 17099 17126 I arlz    : Retrying request
08-05 02:45:00.461 17099 17126 I Finsky  : [5889] mkq.a(5): Received Heterodyne sync response. StatusCode=-1
08-05 02:45:00.478 24577 23235 I IcingInternalCorpora: EventIndexer: starting incremental update
08-05 02:45:00.479 24577 23235 I IcingInternalCorpora: EventIndexer: 0 added, 0 removed, 0 changed, 0 unchanged, 0 errors.
08-05 02:45:00.482 17460 17512 W ResourceType: For resource 0x7f1302c4, entry index(708) is beyond type entryCount(677)
08-05 02:45:00.509 17460 17512 W BugleRcsEngine: [25745] ygo.d: Carrier Services Apk was not found.
08-05 02:45:00.510 17460 17512 I BugleRcsEngine: [25745] ygo.a: Cannot get service version because CS.apk was not found, not pre-loaded or disabled.
08-05 02:45:00.510 17460 17512 W BugleRcsEngine: [25745] ygo.a: Service with meta data key: JibeServiceApiVersions is not compatible. Service Version 1 is not supported. Supported versions: []
08-05 02:45:00.511 17460 17512 I BugleRcsEngine: [25745] ygo.b: Not using CS JibeService because it is not compatible with AM.
08-05 02:45:00.515 18051 18152 I BugleRcsEngine: [1508] ProvisioningEventReceiver.a: Received Provisioning Event: [Bugle information (100)]
08-05 02:45:00.515 18051 18152 I BugleRcsEngine: [1508] ProvisioningEventReceiver.a: JibeService is running, passing event to provisioning engine.
08-05 02:45:00.515 18051 18152 I BugleRcsEngine: [1508] xny.a: Handling Provisioning Event: [Bugle information (100)]
08-05 02:45:00.517 24577 23235 I IcingInternalCorpora: EventIndexer: finished after 39 ms.
08-05 02:45:00.537 18051 18152 I BugleRcsEngine: [1508] xoh.a: RcsAvailabilityManager: Calculating Rcs Availability
08-05 02:45:00.538 18051 18152 I BugleRcsEngine: [1508] xoh.a: Bugle ContentProvider is disabled by p/h flag, using ProvisioningEngineStateCacheUtil.getBugleHasRequiredPermission()
08-05 02:45:00.539 18051 18152 I BugleRcsEngine: [1508] xoh.a: Bugle has minimum required RCS permissions: true
08-05 02:45:00.540 18051 18152 I BugleRcsEngine: [1508] xqa.d: RCS Configuration storage in Bugle is disabled by p/h flag, using ProvisioningEngineStateCacheUtil.getProvisioningConfigurationForGivenSim()
08-05 02:45:00.573 17099 17583 I Finsky  : [5948] hqq.a(18): No selector loaded
08-05 02:45:00.576 18051 18152 I BugleRcsEngine: [1508] xqa.a: Bugle ContentProvider is disabled by p/h flag, using ProvisioningEngineStateCacheUtil.getBugleEnabledRcsFromPreference()
08-05 02:45:00.576 18051 18152 I BugleRcsEngine: [1508] xqa.a: Rcs is enabled from user settings: true
08-05 02:45:00.577 18051 18152 I BugleRcsEngine: [1508] xqa.b: Bugle ContentProvider is disabled by p/h flag, using ProvisioningEngineStateCacheUtil.isBugleDefaultSmsApp()
08-05 02:45:00.577 18051 18152 I BugleRcsEngine: [1508] xqa.b: Bugle is default SMS app: true
08-05 02:45:00.578 18051 18152 W BugleRcsEngine: [1508] xrk.a: No config URL. RCS will be disabled!
08-05 02:45:00.578 18051 18152 I BugleRcsEngine: [1508] xqa.d: RCS Configuration storage in Bugle is disabled by p/h flag, using ProvisioningEngineStateCacheUtil.getProvisioningConfigurationForGivenSim()
08-05 02:45:00.579 18051 18152 I BugleRcsEngine: [1508] xqa.d: RCS Configuration storage in Bugle is disabled by p/h flag, using ProvisioningEngineStateCacheUtil.getProvisioningConfigurationForGivenSim()
08-05 02:45:00.580 18051 18152 I BugleRcsEngine: [1508] xqa.d: RCS Configuration storage in Bugle is disabled by p/h flag, using ProvisioningEngineStateCacheUtil.getProvisioningConfigurationForGivenSim()
08-05 02:45:00.581 18051 18152 I BugleRcsEngine: [1508] ygo.c: Checking if using CarrierServices.apk is possible. Enabled: true, isAtLeastM: true, runningInsideBugle: true
08-05 02:45:00.606 18051 18152 W BugleRcsEngine: [1508] ygo.d: Carrier Services Apk was not found.
08-05 02:45:00.617 18051 18152 I BugleRcsEngine: [1508] ygo.a: Cannot get service version because CS.apk was not found, not pre-loaded or disabled.
08-05 02:45:00.617 18051 18152 W BugleRcsEngine: [1508] ygo.a: Service with meta data key: JibeServiceApiVersions is not compatible. Service Version 1 is not supported. Supported versions: []
08-05 02:45:00.618 18051 18152 I BugleRcsEngine: [1508] wkb.onCsLibPhenotypeUpdated: BindingManager: binding and reset P/H Flag stay same
08-05 02:45:00.619 18051 18152 I BugleRcsEngine: [1508] xoh.a: RcsAvailabilityManager: Rcs Availability still DISABLED_SIM_ABSENT (RCS is disabled due to SIM absent)
08-05 02:45:00.653 17099 17583 I Finsky  : [5948] jcf.d(70): System was updated or GL extensions were already cached.
08-05 02:45:00.655   719   751 I WM-GreedyScheduler: Ignoring schedule request in non-main process
08-05 02:45:00.660   719   751 I WM-GreedyScheduler: Ignoring schedule request in non-main process
08-05 02:45:00.697 17099 17145 I Finsky  : [5892] upj.c(1): Triggered update for experiment package com.google.android.finsky.regular.
08-05 02:45:00.714 15616 15856 I art     : Starting a blocking GC Explicit
08-05 02:45:00.757 15616 15856 I art     : Explicit concurrent mark sweep GC freed 8860(399KB) AllocSpace objects, 1(20KB) LOS objects, 28% free, 40MB/56MB, paused 1.246ms total 43.061ms
08-05 02:45:00.770 15616 15856 I art     : Starting a blocking GC Explicit
08-05 02:45:00.811 15616 15856 I art     : Explicit concurrent mark sweep GC freed 1085(54KB) AllocSpace objects, 0(0B) LOS objects, 28% free, 40MB/56MB, paused 1.345ms total 41.197ms
08-05 02:45:00.824 15616 15856 I art     : Starting a blocking GC Explicit
08-05 02:45:00.865 15616 15856 I art     : Explicit concurrent mark sweep GC freed 988(92KB) AllocSpace objects, 0(0B) LOS objects, 28% free, 40MB/56MB, paused 1.276ms total 41.431ms
08-05 02:45:00.878 15616 15856 I art     : Starting a blocking GC Explicit
08-05 02:45:00.917 15616 15856 I art     : Explicit concurrent mark sweep GC freed 6875(532KB) AllocSpace objects, 1(444KB) LOS objects, 28% free, 39MB/55MB, paused 1.264ms total 38.416ms
08-05 02:45:00.922   719   751 I WM-GreedyScheduler: Ignoring schedule request in non-main process
08-05 02:45:00.929 15616 15856 I art     : Starting a blocking GC Explicit
08-05 02:45:00.939 17460 17504 W art     : Verification of void flt.b(int, com.google.android.apps.messaging.shared.datamodel.data.common.MessageCoreData, int, long) took 252.937ms
08-05 02:45:00.948 17099 17145 I Finsky  : [5892] upj.c(7): Already at the latest configurations for experiment package com.google.android.finsky.regular.
08-05 02:45:00.948 17099 17145 I Finsky  : [5892] upm.c(10): Retrieved DSE selection state is true (cache=upq@4ed275)
08-05 02:45:00.949 17099 17145 I Finsky  : [5892] upw.a(-1): DSE selection state after sync is true (cache=upq@4ed275)
08-05 02:45:00.949 17099 17145 I Finsky  : [5892] mok.d(1): beginRecoverGmscoreIfApplicable
08-05 02:45:00.949 17099 17145 I Finsky  : [5892] mok.d(2): No target version, skip Gmscore recovery.
08-05 02:45:00.952 17099 17158 I Finsky  : [5903] upj.c(1): Triggered update for experiment package com.google.android.finsky.stable.
08-05 02:45:00.964 15616 15856 I art     : Explicit concurrent mark sweep GC freed 18(768B) AllocSpace objects, 0(0B) LOS objects, 28% free, 39MB/55MB, paused 1.173ms total 35.015ms
08-05 02:45:01.003 17099 17145 I Finsky  : [5892] dap.a(27): getDfeApiOrNonauthenticated is returning unauth api
08-05 02:45:01.004 17099 17145 I Finsky  : [5892] jbw.c(2): Account name null when calculating account hash
08-05 02:45:01.005 17099 17145 I Finsky  : [5892] jbw.a(15): Token already exists - returning!
08-05 02:45:01.005 17099 17145 I Finsky  : [5892] xzy.a(1): Request device config token was successful in self update.
08-05 02:45:01.016 17099 17158 I Finsky  : [5903] upj.c(7): Already at the latest configurations for experiment package com.google.android.finsky.stable.
08-05 02:45:01.017 17099 17158 I Finsky  : [5903] upm.c(10): Retrieved DSE selection state is true (cache=upq@4ed275)
08-05 02:45:01.017 17099 17158 I Finsky  : [5903] upw.a(-1): DSE selection state after sync is true (cache=upq@4ed275)
08-05 02:45:01.069 17099 17172 I Finsky  : [5910] jbw.c(2): Account name null when calculating account hash
08-05 02:45:01.118   719   748 I ModelDownloadListener: Schdedule model download
08-05 02:45:01.128   719   751 I FedAssExpListener: Fed-ass not supported for signed out users.
08-05 02:45:01.128   719   751 I FedAssExpListener: Successfully processed experiments changed.
08-05 02:45:01.138   719   748 I OpaEligibilityChecker: send OpaEligibilityChange broadcast to CommonBroadcastReceiver
08-05 02:45:01.145   719   760 W SearchServiceCore: Abort, client detached.
08-05 02:45:01.146   719   760 W SearchServiceCore: Abort, client detached.
08-05 02:45:01.175   719   748 E LauncherUtil: Failed to get system resource ID.
08-05 02:45:01.209 13228 13228 I ServiceManager: Waiting for service AtCmdFwd...
08-05 02:45:01.293 15616 15627 I art     : Starting a blocking GC Explicit
08-05 02:45:01.335 15616 15627 I art     : Explicit concurrent mark sweep GC freed 3432(175KB) AllocSpace objects, 1(20KB) LOS objects, 28% free, 39MB/55MB, paused 1.345ms total 40.527ms
08-05 02:45:01.337 17460 17504 W Bugle   : SubscriptionMetadataUtils get: invalid subId = -1
08-05 02:45:01.344 17460 17504 I Bugle   : TelephonyManagerFactory: Returning default instance of TelephonyManager (< N)
08-05 02:45:01.344 17460 17504 I Bugle   : TelephonyManagerFactory: Returning default instance of TelephonyManager (< N)
08-05 02:45:01.344 17460 17504 I Bugle   : TelephonyManagerFactory: Returning default instance of TelephonyManager (< N)
08-05 02:45:01.347 15616 15627 I art     : Starting a blocking GC Explicit
08-05 02:45:01.386 15616 15627 I art     : Explicit concurrent mark sweep GC freed 113(4KB) AllocSpace objects, 0(0B) LOS objects, 28% free, 39MB/55MB, paused 1.285ms total 38.284ms
08-05 02:45:01.390 17460 17504 W Bugle   : SubscriptionMetadataUtils get: invalid subId = -1
08-05 02:45:01.396 17460 17504 W Bugle   : SubscriptionMetadataUtils get: invalid subId = -1
08-05 02:45:01.397 15616 15627 I art     : Starting a blocking GC Explicit
08-05 02:45:01.408 17460 17504 W Bugle   : SubscriptionMetadataUtils get: invalid subId = -1
08-05 02:45:01.409 17460 17504 W Bugle   : SubscriptionMetadataUtils get: invalid subId = -1
08-05 02:45:01.434 15616 15627 I art     : Explicit concurrent mark sweep GC freed 3(96B) AllocSpace objects, 0(0B) LOS objects, 28% free, 39MB/55MB, paused 1.205ms total 36.428ms
08-05 02:45:01.446 15616 15627 I art     : Starting a blocking GC Explicit
08-05 02:45:01.482 15616 15627 I art     : Explicit concurrent mark sweep GC freed 3(96B) AllocSpace objects, 0(0B) LOS objects, 28% free, 39MB/55MB, paused 1.257ms total 36.171ms
08-05 02:45:01.494 15616 15627 I art     : Starting a blocking GC Explicit
08-05 02:45:01.531 15616 15627 I art     : Explicit concurrent mark sweep GC freed 96(3KB) AllocSpace objects, 0(0B) LOS objects, 28% free, 39MB/55MB, paused 1.320ms total 36.577ms
08-05 02:45:01.549 24577 13336 I Icing   : IndexChimeraService.getServiceInterface callingPackage=com.google.android.googlequicksearchbox componentName=agsa_icing_connection serviceId=32
08-05 02:45:01.551 24577 13294 I Icing   : IndexChimeraService.getServiceInterface callingPackage=com.google.android.googlequicksearchbox componentName=agsa_icing_connection serviceId=33
08-05 02:45:01.592 24577 13336 I Icing   : IndexChimeraService.getServiceInterface callingPackage=com.google.android.gms componentName=null serviceId=36
08-05 02:45:01.623   719   760 W SearchServiceCore: Abort, client detached.
08-05 02:45:01.678 24577 23235 W Icing   : No valid account for uploading user actions
08-05 02:45:01.714 24577 13294 I Icing   : IndexChimeraService.getServiceInterface callingPackage=com.google.android.gms componentName=null serviceId=30
08-05 02:45:01.811 24577 23235 I Icing   : Usage reports ok 2, Failed Usage reports 0, indexed 0, rejected 0
08-05 02:45:01.814 24577 23235 W Icing   : No valid account for uploading user actions
08-05 02:45:01.825 24577 23235 I Icing   : Usage reports ok 0, Failed Usage reports 0, indexed 0, rejected 0
08-05 02:45:01.828 24577 23235 W Icing   : No valid account for uploading user actions
08-05 02:45:01.846 24577 23235 I Icing   : Usage reports ok 0, Failed Usage reports 0, indexed 0, rejected 0
08-05 02:45:01.849 24577 23235 W Icing   : No valid account for uploading user actions
08-05 02:45:01.862 24577 23235 I Icing   : Usage reports ok 0, Failed Usage reports 0, indexed 0, rejected 0
08-05 02:45:01.866 15616 16533 I art     : Starting a blocking GC Explicit
08-05 02:45:01.903 15616 16533 I art     : Explicit concurrent mark sweep GC freed 1521(88KB) AllocSpace objects, 1(20KB) LOS objects, 28% free, 39MB/55MB, paused 1.260ms total 36.643ms
08-05 02:45:01.914 15616 16533 I art     : Starting a blocking GC Explicit
08-05 02:45:01.953 15616 16533 I art     : Explicit concurrent mark sweep GC freed 22(784B) AllocSpace objects, 0(0B) LOS objects, 28% free, 39MB/55MB, paused 1.299ms total 38.439ms
08-05 02:45:01.965 15616 16533 I art     : Starting a blocking GC Explicit
08-05 02:45:02.004 15616 16533 I art     : Explicit concurrent mark sweep GC freed 3(96B) AllocSpace objects, 0(0B) LOS objects, 28% free, 39MB/55MB, paused 1.362ms total 38.289ms
08-05 02:45:02.016 15616 16533 I art     : Starting a blocking GC Explicit
08-05 02:45:02.056 15616 16533 I art     : Explicit concurrent mark sweep GC freed 3(96B) AllocSpace objects, 0(0B) LOS objects, 28% free, 39MB/55MB, paused 1.354ms total 40.058ms
08-05 02:45:02.068 15616 16533 I art     : Starting a blocking GC Explicit
08-05 02:45:02.108 15616 16533 I art     : Explicit concurrent mark sweep GC freed 3(96B) AllocSpace objects, 0(0B) LOS objects, 28% free, 39MB/55MB, paused 1.413ms total 39.387ms
08-05 02:45:02.122 17626 17626 D AndroidRuntime: >>>>>> START com.android.internal.os.RuntimeInit uid 2000 <<<<<<
08-05 02:45:02.170 17626 17626 D AndroidRuntime: CheckJNI is OFF
08-05 02:45:02.210 13228 13228 I ServiceManager: Waiting for service AtCmdFwd...
08-05 02:45:02.230 17626 17626 D ICU     : No timezone override file found: /data/misc/zoneinfo/current/icu/icu_tzdata.dat
08-05 02:45:02.274 15616 16662 E baseline.com.newsblur.network.APIResponse: Error (unexpected end of stream on https://www.newsblur.com/...) calling https://www.newsblur.com/reader/feed_unread_count?feed_id=0
08-05 02:45:02.274 15616 16662 E baseline.com.newsblur.network.APIResponse: java.io.IOException: unexpected end of stream on https://www.newsblur.com/...
08-05 02:45:02.274 15616 16662 E baseline.com.newsblur.network.APIResponse: 	at okhttp3.internal.http1.Http1ExchangeCodec.readResponseHeaders(Http1ExchangeCodec.java:236)
08-05 02:45:02.274 15616 16662 E baseline.com.newsblur.network.APIResponse: 	at okhttp3.internal.connection.Exchange.readResponseHeaders(Exchange.java:115)
08-05 02:45:02.274 15616 16662 E baseline.com.newsblur.network.APIResponse: 	at okhttp3.internal.http.CallServerInterceptor.intercept(CallServerInterceptor.java:94)
08-05 02:45:02.274 15616 16662 E baseline.com.newsblur.network.APIResponse: 	at okhttp3.internal.http.RealInterceptorChain.proceed(RealInterceptorChain.java:142)
08-05 02:45:02.274 15616 16662 E baseline.com.newsblur.network.APIResponse: 	at okhttp3.internal.connection.ConnectInterceptor.intercept(ConnectInterceptor.java:43)
08-05 02:45:02.274 15616 16662 E baseline.com.newsblur.network.APIResponse: 	at okhttp3.internal.http.RealInterceptorChain.proceed(RealInterceptorChain.java:142)
08-05 02:45:02.274 15616 16662 E baseline.com.newsblur.network.APIResponse: 	at okhttp3.internal.http.RealInterceptorChain.proceed(RealInterceptorChain.java:117)
08-05 02:45:02.274 15616 16662 E baseline.com.newsblur.network.APIResponse: 	at okhttp3.internal.cache.CacheInterceptor.intercept(CacheInterceptor.java:94)
08-05 02:45:02.274 15616 16662 E baseline.com.newsblur.network.APIResponse: 	at okhttp3.internal.http.RealInterceptorChain.proceed(RealInterceptorChain.java:142)
08-05 02:45:02.274 15616 16662 E baseline.com.newsblur.network.APIResponse: 	at okhttp3.internal.http.RealInterceptorChain.proceed(RealInterceptorChain.java:117)
08-05 02:45:02.274 15616 16662 E baseline.com.newsblur.network.APIResponse: 	at okhttp3.internal.http.BridgeInterceptor.intercept(BridgeInterceptor.java:93)
08-05 02:45:02.274 15616 16662 E baseline.com.newsblur.network.APIResponse: 	at okhttp3.internal.http.RealInterceptorChain.proceed(RealInterceptorChain.java:142)
08-05 02:45:02.274 15616 16662 E baseline.com.newsblur.network.APIResponse: 	at okhttp3.internal.http.RetryAndFollowUpInterceptor.intercept(RetryAndFollowUpInterceptor.java:88)
08-05 02:45:02.274 15616 16662 E baseline.com.newsblur.network.APIResponse: 	at okhttp3.internal.http.RealInterceptorChain.proceed(RealInterceptorChain.java:142)
08-05 02:45:02.274 15616 16662 E baseline.com.newsblur.network.APIResponse: 	at okhttp3.internal.http.RealInterceptorChain.proceed(RealInterceptorChain.java:117)
08-05 02:45:02.274 15616 16662 E baseline.com.newsblur.network.APIResponse: 	at okhttp3.RealCall.getResponseWithInterceptorChain(RealCall.java:229)
08-05 02:45:02.274 15616 16662 E baseline.com.newsblur.network.APIResponse: 	at okhttp3.RealCall.execute(RealCall.java:81)
08-05 02:45:02.274 15616 16662 E baseline.com.newsblur.network.APIResponse: 	at baseline.com.newsblur.network.APIResponse.<init>(APIResponse.java:57)
08-05 02:45:02.274 15616 16662 E baseline.com.newsblur.network.APIResponse: 	at baseline.com.newsblur.network.APIManager.get_single(APIManager.java:639)
08-05 02:45:02.274 15616 16662 E baseline.com.newsblur.network.APIResponse: 	at baseline.com.newsblur.network.APIManager.get(APIManager.java:625)
08-05 02:45:02.274 15616 16662 E baseline.com.newsblur.network.APIResponse: 	at baseline.com.newsblur.network.APIManager.get(APIManager.java:667)
08-05 02:45:02.274 15616 16662 E baseline.com.newsblur.network.APIResponse: 	at baseline.com.newsblur.network.APIManager.getFeedUnreadCounts(APIManager.java:274)
08-05 02:45:02.274 15616 16662 E baseline.com.newsblur.network.APIResponse: 	at baseline.com.newsblur.service.NBSyncService.checkRecounts(NBSyncService.java:660)
08-05 02:45:02.274 15616 16662 E baseline.com.newsblur.network.APIResponse: 	at baseline.com.newsblur.service.NBSyncService.doSync(NBSyncService.java:310)
08-05 02:45:02.274 15616 16662 E baseline.com.newsblur.network.APIResponse: 	at baseline.com.newsblur.service.NBSyncService.access$100(NBSyncService.java:67)
08-05 02:45:02.274 15616 16662 E baseline.com.newsblur.network.APIResponse: 	at baseline.com.newsblur.service.NBSyncService$1.run(NBSyncService.java:188)
08-05 02:45:02.274 15616 16662 E baseline.com.newsblur.network.APIResponse: 	at java.util.concurrent.ThreadPoolExecutor.runWorker(ThreadPoolExecutor.java:1113)
08-05 02:45:02.274 15616 16662 E baseline.com.newsblur.network.APIResponse: 	at java.util.concurrent.ThreadPoolExecutor$Worker.run(ThreadPoolExecutor.java:588)
08-05 02:45:02.274 15616 16662 E baseline.com.newsblur.network.APIResponse: 	at java.lang.Thread.run(Thread.java:818)
08-05 02:45:02.274 15616 16662 E baseline.com.newsblur.network.APIResponse: Caused by: java.io.EOFException: \n not found: limit=0 content=
08-05 02:45:02.274 15616 16662 E baseline.com.newsblur.network.APIResponse: 	at okio.RealBufferedSource.readUtf8LineStrict(RealBufferedSource.java:240)
08-05 02:45:02.274 15616 16662 E baseline.com.newsblur.network.APIResponse: 	at okhttp3.internal.http1.Http1ExchangeCodec.readHeaderLine(Http1ExchangeCodec.java:242)
08-05 02:45:02.274 15616 16662 E baseline.com.newsblur.network.APIResponse: 	at okhttp3.internal.http1.Http1ExchangeCodec.readResponseHeaders(Http1ExchangeCodec.java:213)
08-05 02:45:02.274 15616 16662 E baseline.com.newsblur.network.APIResponse: 	... 28 more
08-05 02:45:02.276 15616 16662 W baseline.com.newsblur.service.NBSyncService: Bad response to feed_unread_count
08-05 02:45:02.277 17626 17626 I Radio-JNI: register_android_hardware_Radio DONE
08-05 02:45:02.287 17099 17156 I Finsky  : [5902] upj.c(1): Triggered update for experiment package com.google.android.finsky.stable.
08-05 02:45:02.298 17099 17126 W ProxyAndroidLoggerBackend: Too many Flogger logs received before configuration. Dropping old logs.
08-05 02:45:02.307 17626 17626 D AndroidRuntime: Calling main entry com.android.commands.input.Input
08-05 02:45:02.310 17626 17626 I Input   : injectMotionEvent: MotionEvent { action=ACTION_DOWN, actionButton=0, id[0]=0, x[0]=436.0, y[0]=453.0, toolType[0]=TOOL_TYPE_UNKNOWN, buttonState=0, metaState=0, flags=0x0, edgeFlags=0x0, pointerCount=1, historySize=0, eventTime=758718722, downTime=758718722, deviceId=0, source=0x1002 }
08-05 02:45:02.314 17626 17626 I Input   : injectMotionEvent: MotionEvent { action=ACTION_UP, actionButton=0, id[0]=0, x[0]=436.0, y[0]=453.0, toolType[0]=TOOL_TYPE_UNKNOWN, buttonState=0, metaState=0, flags=0x0, edgeFlags=0x0, pointerCount=1, historySize=0, eventTime=758718722, downTime=758718722, deviceId=0, source=0x1002 }
08-05 02:45:02.317 17626 17626 D AndroidRuntime: Shutting down VM
08-05 02:45:02.323   918  3714 I ActivityManager: START u0 {cmp=baseline.com.newsblur/.activity.GlobalSharedStoriesReading (has extras)} from uid 10676 on display 0
08-05 02:45:02.324   512  2967 D audio_hw_primary: out_set_parameters: enter: usecase(1: low-latency-playback) kvpairs: routing=2
08-05 02:45:02.337   512  2967 D audio_hw_primary: select_devices: out_snd_device(2: speaker) in_snd_device(0: none)
08-05 02:45:02.337   512  2967 D msm8974_platform: platform_send_audio_calibration: sending audio calibration for snd_device(2) acdb_id(15)
08-05 02:45:02.337   512  2967 I soundtrigger: audio_extn_sound_trigger_update_device_status: device 0x2 of type 0 for Event 1
08-05 02:45:02.348   512  2967 D audio_hw_primary: enable_snd_device: snd_device(2: speaker)
08-05 02:45:02.350 17099 17126 W ProxyAndroidLoggerBackend: Too many Flogger logs received before configuration. Dropping old logs.
08-05 02:45:02.350   512  2967 D audio_hw_primary: enable_audio_route: apply and update mixer path: low-latency-playback speaker
08-05 02:45:02.350 17099 17126 W ProxyAndroidLoggerBackend: Too many Flogger logs received before configuration. Dropping old logs.
08-05 02:45:02.353 17099 17156 I Finsky  : [5902] upj.c(7): Already at the latest configurations for experiment package com.google.android.finsky.stable.
08-05 02:45:02.353 17099 17150 I Finsky  : [5897] upj.c(1): Triggered update for experiment package com.google.android.finsky.regular.
08-05 02:45:02.365 17099 17156 I ShortcutBadger: Checking if platform supports badge counters, attempt 1/3.
08-05 02:45:02.366 17099 17158 I Finsky  : [5903] dsu.run(-1): Initializing the instant apps module.
08-05 02:45:02.397 17099 17145 I Finsky  : [5892] upm.c(10): Retrieved DSE selection state is true (cache=upq@4ed275)
08-05 02:45:02.397 17099 17145 I Finsky  : [5892] upw.a(-1): DSE selection state after sync is true (cache=upq@4ed275)
08-05 02:45:02.447 15616 16533 I art     : Starting a blocking GC Explicit
08-05 02:45:02.447 17099 17126 W ProxyAndroidLoggerBackend: Too many Flogger logs received before configuration. Dropping old logs.
08-05 02:45:02.480 17099 17156 I ShortcutBadger: Checking if platform supports badge counters, attempt 2/3.
08-05 02:45:02.485 15616 16533 I art     : Explicit concurrent mark sweep GC freed 5824(550KB) AllocSpace objects, 10(628KB) LOS objects, 28% free, 40MB/56MB, paused 1.318ms total 38.237ms
08-05 02:45:02.497 15616 16533 I art     : Starting a blocking GC Explicit
08-05 02:45:02.518 17099 17145 I Finsky  : [5892] affi.d(2): Restoring notifications
08-05 02:45:02.522 17099 17156 I ShortcutBadger: Checking if platform supports badge counters, attempt 3/3.
08-05 02:45:02.534 15616 16533 I art     : Explicit concurrent mark sweep GC freed 641(48KB) AllocSpace objects, 1(20KB) LOS objects, 28% free, 40MB/56MB, paused 1.416ms total 37.022ms
08-05 02:45:02.535 17099 17145 I Finsky  : [5892] affi.d(11): Done restoring notifications
08-05 02:45:02.546 15616 16533 I art     : Starting a blocking GC Explicit
08-05 02:45:02.550 17099 17156 W ShortcutBadger: Badge counter seems not supported in this platform: unable to resolve intent: Intent { act=android.intent.action.BADGE_COUNT_UPDATE (has extras) }
08-05 02:45:02.576 17099 17145 I Finsky  : [5892] agsx.a(4): Do not start WearSupportService due to Wear service optimization
08-05 02:45:02.577 17099 17158 I Finsky  : [5903] dsq.run(-1): Component class com.google.android.finsky.wear.WearSupportService disabled via PackageManager.
08-05 02:45:02.577   918   936 I ActivityManager: Displayed baseline.com.newsblur/.activity.GlobalSharedStoriesReading: +246ms
08-05 02:45:02.578 13866 13866 I GoogleInputMethodServic: GoogleInputMethodService.onFinishInput():3138 
08-05 02:45:02.578 13866 13866 I GoogleInputMethodServic: GoogleInputMethodService.onStartInput():1808 
08-05 02:45:02.584 17099 17158 I Finsky  : [5903] dsq.run(-1): Component class com.google.android.finsky.wear.WearChangeListenerService disabled via PackageManager.
08-05 02:45:02.585 15616 16533 I art     : Explicit concurrent mark sweep GC freed 544(42KB) AllocSpace objects, 1(20KB) LOS objects, 28% free, 40MB/56MB, paused 1.552ms total 38.183ms
08-05 02:45:02.597 15616 16533 I art     : Starting a blocking GC Explicit
08-05 02:45:02.633 17099 17126 W ProxyAndroidLoggerBackend: Too many Flogger logs received before configuration. Dropping old logs.
08-05 02:45:02.633 17099 17126 W ProxyAndroidLoggerBackend: Too many Flogger logs received before configuration. Dropping old logs.
08-05 02:45:02.639 15616 16533 I art     : Explicit concurrent mark sweep GC freed 3136(146KB) AllocSpace objects, 2(48KB) LOS objects, 28% free, 40MB/56MB, paused 1.776ms total 41.867ms
08-05 02:45:02.642 17099 17150 I Finsky  : [5897] upj.c(7): Already at the latest configurations for experiment package com.google.android.finsky.regular.
08-05 02:45:02.643 17099 17150 I Finsky  : [5897] upm.c(10): Retrieved DSE selection state is true (cache=upq@4ed275)
08-05 02:45:02.643 17099 17150 I Finsky  : [5897] upw.a(-1): DSE selection state after sync is true (cache=upq@4ed275)
08-05 02:45:02.652 15616 16533 I art     : Starting a blocking GC Explicit
08-05 02:45:02.664 15616 16662 E baseline.com.newsblur.network.APIResponse: Error (unexpected end of stream on https://www.newsblur.com/...) calling https://www.newsblur.com/reader/mark_story_hashes_as_read/
08-05 02:45:02.664 15616 16662 E baseline.com.newsblur.network.APIResponse: java.io.IOException: unexpected end of stream on https://www.newsblur.com/...
08-05 02:45:02.664 15616 16662 E baseline.com.newsblur.network.APIResponse: 	at okhttp3.internal.http1.Http1ExchangeCodec.readResponseHeaders(Http1ExchangeCodec.java:236)
08-05 02:45:02.664 15616 16662 E baseline.com.newsblur.network.APIResponse: 	at okhttp3.internal.connection.Exchange.readResponseHeaders(Exchange.java:115)
08-05 02:45:02.664 15616 16662 E baseline.com.newsblur.network.APIResponse: 	at okhttp3.internal.http.CallServerInterceptor.intercept(CallServerInterceptor.java:94)
08-05 02:45:02.664 15616 16662 E baseline.com.newsblur.network.APIResponse: 	at okhttp3.internal.http.RealInterceptorChain.proceed(RealInterceptorChain.java:142)
08-05 02:45:02.664 15616 16662 E baseline.com.newsblur.network.APIResponse: 	at okhttp3.internal.connection.ConnectInterceptor.intercept(ConnectInterceptor.java:43)
08-05 02:45:02.664 15616 16662 E baseline.com.newsblur.network.APIResponse: 	at okhttp3.internal.http.RealInterceptorChain.proceed(RealInterceptorChain.java:142)
08-05 02:45:02.664 15616 16662 E baseline.com.newsblur.network.APIResponse: 	at okhttp3.internal.http.RealInterceptorChain.proceed(RealInterceptorChain.java:117)
08-05 02:45:02.664 15616 16662 E baseline.com.newsblur.network.APIResponse: 	at okhttp3.internal.cache.CacheInterceptor.intercept(CacheInterceptor.java:94)
08-05 02:45:02.664 15616 16662 E baseline.com.newsblur.network.APIResponse: 	at okhttp3.internal.http.RealInterceptorChain.proceed(RealInterceptorChain.java:142)
08-05 02:45:02.664 15616 16662 E baseline.com.newsblur.network.APIResponse: 	at okhttp3.internal.http.RealInterceptorChain.proceed(RealInterceptorChain.java:117)
08-05 02:45:02.664 15616 16662 E baseline.com.newsblur.network.APIResponse: 	at okhttp3.internal.http.BridgeInterceptor.intercept(BridgeInterceptor.java:93)
08-05 02:45:02.664 15616 16662 E baseline.com.newsblur.network.APIResponse: 	at okhttp3.internal.http.RealInterceptorChain.proceed(RealInterceptorChain.java:142)
08-05 02:45:02.664 15616 16662 E baseline.com.newsblur.network.APIResponse: 	at okhttp3.internal.http.RetryAndFollowUpInterceptor.intercept(RetryAndFollowUpInterceptor.java:88)
08-05 02:45:02.664 15616 16662 E baseline.com.newsblur.network.APIResponse: 	at okhttp3.internal.http.RealInterceptorChain.proceed(RealInterceptorChain.java:142)
08-05 02:45:02.664 15616 16662 E baseline.com.newsblur.network.APIResponse: 	at okhttp3.internal.http.RealInterceptorChain.proceed(RealInterceptorChain.java:117)
08-05 02:45:02.664 15616 16662 E baseline.com.newsblur.network.APIResponse: 	at okhttp3.RealCall.getResponseWithInterceptorChain(RealCall.java:229)
08-05 02:45:02.664 15616 16662 E baseline.com.newsblur.network.APIResponse: 	at okhttp3.RealCall.execute(RealCall.java:81)
08-05 02:45:02.664 15616 16662 E baseline.com.newsblur.network.APIResponse: 	at baseline.com.newsblur.network.APIResponse.<init>(APIResponse.java:57)
08-05 02:45:02.664 15616 16662 E baseline.com.newsblur.network.APIResponse: 	at baseline.com.newsblur.network.APIResponse.<init>(APIResponse.java:43)
08-05 02:45:02.664 15616 16662 E baseline.com.newsblur.network.APIResponse: 	at baseline.com.newsblur.network.APIManager.post_single(APIManager.java:702)
08-05 02:45:02.664 15616 16662 E baseline.com.newsblur.network.APIResponse: 	at baseline.com.newsblur.network.APIManager.post(APIManager.java:675)
08-05 02:45:02.664 15616 16662 E baseline.com.newsblur.network.APIResponse: 	at baseline.com.newsblur.network.APIManager.post(APIManager.java:714)
08-05 02:45:02.664 15616 16662 E baseline.com.newsblur.network.APIResponse: 	at baseline.com.newsblur.network.APIManager.markStoryAsRead(APIManager.java:205)
08-05 02:45:02.664 15616 16662 E baseline.com.newsblur.network.APIResponse: 	at baseline.com.newsblur.util.ReadingAction.doRemote(ReadingAction.java:281)
08-05 02:45:02.664 15616 16662 E baseline.com.newsblur.network.APIResponse: 	at baseline.com.newsblur.service.NBSyncService.syncActions(NBSyncService.java:400)
08-05 02:45:02.664 15616 16662 E baseline.com.newsblur.network.APIResponse: 	at baseline.com.newsblur.service.NBSyncService.doSync(NBSyncService.java:298)
08-05 02:45:02.664 15616 16662 E baseline.com.newsblur.network.APIResponse: 	at baseline.com.newsblur.service.NBSyncService.access$100(NBSyncService.java:67)
08-05 02:45:02.664 15616 16662 E baseline.com.newsblur.network.APIResponse: 	at baseline.com.newsblur.service.NBSyncService$1.run(NBSyncService.java:188)
08-05 02:45:02.664 15616 16662 E baseline.com.newsblur.network.APIResponse: 	at java.util.concurrent.ThreadPoolExecutor.runWorker(ThreadPoolExecutor.java:1113)
08-05 02:45:02.664 15616 16662 E baseline.com.newsblur.network.APIResponse: 	at java.util.concurrent.ThreadPoolExecutor$Worker.run(ThreadPoolExecutor.java:588)
08-05 02:45:02.664 15616 16662 E baseline.com.newsblur.network.APIResponse: 	at java.lang.Thread.run(Thread.java:818)
08-05 02:45:02.664 15616 16662 E baseline.com.newsblur.network.APIResponse: Caused by: java.io.EOFException: \n not found: limit=0 content=
08-05 02:45:02.664 15616 16662 E baseline.com.newsblur.network.APIResponse: 	at okio.RealBufferedSource.readUtf8LineStrict(RealBufferedSource.java:240)
08-05 02:45:02.664 15616 16662 E baseline.com.newsblur.network.APIResponse: 	at okhttp3.internal.http1.Http1ExchangeCodec.readHeaderLine(Http1ExchangeCodec.java:242)
08-05 02:45:02.664 15616 16662 E baseline.com.newsblur.network.APIResponse: 	at okhttp3.internal.http1.Http1ExchangeCodec.readResponseHeaders(Http1ExchangeCodec.java:213)
08-05 02:45:02.664 15616 16662 E baseline.com.newsblur.network.APIResponse: 	... 30 more
08-05 02:45:02.665 15616 16662 I baseline.com.newsblur.network.APIManager: API call failed, pausing before retry number 1
08-05 02:45:02.697 15616 16533 I art     : Explicit concurrent mark sweep GC freed 1810(261KB) AllocSpace objects, 3(60KB) LOS objects, 28% free, 40MB/56MB, paused 1.992ms total 44.583ms
08-05 02:45:02.862 15616 16226 E chromium: [ERROR:tile_manager.cc(793)] WARNING: tile memory limits exceeded, some content may not draw
08-05 02:45:02.863 15616 16226 E chromium: [ERROR:tile_manager.cc(793)] WARNING: tile memory limits exceeded, some content may not draw
08-05 02:45:02.888   512  2967 D audio_hw_primary: disable_audio_route: reset and update mixer path: low-latency-playback speaker
08-05 02:45:02.890   512  2967 D audio_hw_primary: disable_snd_device: snd_device(2: speaker)
08-05 02:45:02.898   512  2967 I soundtrigger: audio_extn_sound_trigger_update_device_status: device 0x2 of type 0 for Event 0
08-05 02:45:03.037 15616 15629 I art     : Starting a blocking GC Explicit
08-05 02:45:03.090 15616 15629 I art     : Explicit concurrent mark sweep GC freed 5188(407KB) AllocSpace objects, 14(324KB) LOS objects, 28% free, 40MB/56MB, paused 1.963ms total 52.374ms
08-05 02:45:03.108 15616 15629 I art     : Starting a blocking GC Explicit
08-05 02:45:03.148 15616 15629 I art     : Explicit concurrent mark sweep GC freed 1077(48KB) AllocSpace objects, 1(28KB) LOS objects, 28% free, 40MB/56MB, paused 1.321ms total 40.576ms
08-05 02:45:03.161 15616 15629 I art     : Starting a blocking GC Explicit
08-05 02:45:03.201 15616 15629 I art     : Explicit concurrent mark sweep GC freed 3(96B) AllocSpace objects, 0(0B) LOS objects, 28% free, 40MB/56MB, paused 1.301ms total 40.334ms
08-05 02:45:03.210 13228 13228 I ServiceManager: Waiting for service AtCmdFwd...
08-05 02:45:03.213 15616 15629 I art     : Starting a blocking GC Explicit
08-05 02:45:03.253 17460 17512 I art     : Rejecting re-init on previously-failed class java.lang.Class<yls>
08-05 02:45:03.254 17460 17512 I art     : Rejecting re-init on previously-failed class java.lang.Class<yls>
08-05 02:45:03.255 15616 15629 I art     : Explicit concurrent mark sweep GC freed 3(96B) AllocSpace objects, 0(0B) LOS objects, 28% free, 40MB/56MB, paused 1.396ms total 41.325ms
08-05 02:45:03.267 15616 15629 I art     : Starting a blocking GC Explicit
08-05 02:45:03.308 15616 15629 I art     : Explicit concurrent mark sweep GC freed 3(96B) AllocSpace objects, 0(0B) LOS objects, 28% free, 40MB/56MB, paused 1.391ms total 40.661ms
08-05 02:45:03.310 17460 17512 I BugleRcsEngine: [25745] ybl.<init>: (Sim): Initializing SimStateTracker with multi-sim support
08-05 02:45:03.315 17460 17512 I BugleRcsEngine: [25745] ybs.<init>: (SingleSim): Initializing SimStateTracker for single-sim device
08-05 02:45:03.406 17460 17680 W BugleRcsEngine: [25767] ybl.a: (Sim): Unexpected action: android.intent.action.ACTION_DEFAULT_DATA_SUBSCRIPTION_CHANGED
08-05 02:45:03.409 17460 17679 I BugleRcsEngine: [25766] ybp.a: do not delay first event
08-05 02:45:03.409 17460 17679 W BugleRcsEngine: [25766] ybl.c: (Sim): process intent: android.intent.action.SIM_STATE_CHANGED
08-05 02:45:03.421 17460 17513 I BugleRcsEngine: [25746] wxo.b: Reinitialize CSLib Flags: com.google.android.ims.library
08-05 02:45:03.421 17460 17513 W ResourceType: For resource 0x7f1305b2, entry index(1458) is beyond type entryCount(677)
08-05 02:45:03.424 17460 17678 I BugleRcsEngine: [25765] ybp.a: SIM delay is not enabled
08-05 02:45:03.445 17460 17678 I BugleRcsEngine: [25765] ybl.e: (Sim): Processing an intent
08-05 02:45:03.454 17460 17678 I BugleRcsEngine: [25765] ybl.a: (Sim): SIM state ABSENT
08-05 02:45:03.473 17460 17678 I BugleRcsEngine: [25765] ybl.a: (Sim): Broadcasting Intent { act=com.google.android.ims.SIM_ABSENT }
08-05 02:45:03.493 17460 17678 I BugleRcsEngine: [25765] ybl.e: (Sim): Processing an intent
08-05 02:45:03.503 17460 17678 I BugleRcsEngine: [25765] ybl.a: (Sim): Ignoring duplicate SIM state: ABSENT
08-05 02:45:03.503 17460 17460 I Bugle   : SimChangeReceiver: action: com.google.android.ims.SIM_ABSENT
08-05 02:45:03.520 17460 17513 W Bugle   : SubscriptionMetadataUtils get: invalid subId = -1
08-05 02:45:03.522 17460 17513 W Bugle   : SubscriptionMetadataUtils get: invalid subId = -1
08-05 02:45:03.522 17460 17513 W Bugle   : Get mms config failed: invalid subId. subId=-1, real subId=-1, map={ }
08-05 02:45:03.522 17460 17513 W ResourceType: For resource 0x7f130394, entry index(916) is beyond type entryCount(677)
08-05 02:45:03.523 17460 17513 W ResourceType: For resource 0x7f130763, entry index(1891) is beyond type entryCount(677)
08-05 02:45:03.523 17460 17513 W ResourceType: For resource 0x7f130888, entry index(2184) is beyond type entryCount(677)
08-05 02:45:03.523 17460 17513 W ResourceType: For resource 0x7f13070c, entry index(1804) is beyond type entryCount(677)
08-05 02:45:03.523 17460 17513 W ResourceType: For resource 0x7f130727, entry index(1831) is beyond type entryCount(677)
08-05 02:45:03.523 17460 17513 W ResourceType: For resource 0x7f130606, entry index(1542) is beyond type entryCount(677)
08-05 02:45:03.523 17460 17513 W ResourceType: For resource 0x7f130604, entry index(1540) is beyond type entryCount(677)
08-05 02:45:03.523 17460 17513 W ResourceType: For resource 0x7f130617, entry index(1559) is beyond type entryCount(677)
08-05 02:45:03.523 17460 17513 W ResourceType: For resource 0x7f1304c5, entry index(1221) is beyond type entryCount(677)
08-05 02:45:03.523 17460 17513 W ResourceType: For resource 0x7f13075a, entry index(1882) is beyond type entryCount(677)
08-05 02:45:03.523 17460 17513 W ResourceType: For resource 0x7f1307bf, entry index(1983) is beyond type entryCount(677)
08-05 02:45:03.523 17460 17513 I BugleBackup: Registering preference change listener for "buglesub_-1".
08-05 02:45:03.524 17460 17513 W ResourceType: For resource 0x7f1304c5, entry index(1221) is beyond type entryCount(677)
08-05 02:45:03.530 17460 17512 I BugleRcsEngine: [25745] wxo.b: Reinitialize CSLib Flags: com.google.android.ims.library
08-05 02:45:03.548 17460 17513 W Bugle   : SubscriptionMetadataUtils get: invalid subId = -1
08-05 02:45:03.549 17460 17513 W Bugle   : SubscriptionMetadataUtils get: invalid subId = -1
08-05 02:45:03.553 17460 17513 W Bugle   : SubscriptionMetadataUtils get: invalid subId = -1
08-05 02:45:03.554 17460 17513 W Bugle   : SubscriptionMetadataUtils get: invalid subId = -1
08-05 02:45:03.560 17460 17513 W Bugle   : SubscriptionMetadataUtils get: invalid subId = -1
08-05 02:45:03.566 17460 17506 W ResourceType: For resource 0x7f1302c4, entry index(708) is beyond type entryCount(677)
08-05 02:45:03.599 17460 17512 W ResourceType: For resource 0x7f1305fb, entry index(1531) is beyond type entryCount(677)
08-05 02:45:03.599 17460 17512 W ResourceType: For resource 0x7f1302c4, entry index(708) is beyond type entryCount(677)
08-05 02:45:03.606 17460 17695 W Bugle   : SubscriptionMetadataUtils get: invalid subId = -1
08-05 02:45:03.607 17460 17512 W BugleRcsEngine: [25745] ygo.d: Carrier Services Apk was not found.
08-05 02:45:03.608 17460 17512 I BugleRcsEngine: [25745] ygo.a: Cannot get service version because CS.apk was not found, not pre-loaded or disabled.
08-05 02:45:03.608 17460 17512 W BugleRcsEngine: [25745] ygo.a: Service with meta data key: JibeServiceApiVersions is not compatible. Service Version 1 is not supported. Supported versions: []
08-05 02:45:03.609 17460 17512 I BugleRcsEngine: [25745] ygo.b: Not using CS JibeService because it is not compatible with AM.
08-05 02:45:03.612 18051 18091 I BugleRcsEngine: [1488] ProvisioningEventReceiver.a: Received Provisioning Event: [Bugle information (100)]
08-05 02:45:03.612 18051 18091 I BugleRcsEngine: [1488] ProvisioningEventReceiver.a: JibeService is running, passing event to provisioning engine.
08-05 02:45:03.613 18051 18091 I BugleRcsEngine: [1488] xny.a: Handling Provisioning Event: [Bugle information (100)]
08-05 02:45:03.613 18051 18091 I BugleRcsEngine: [1488] xoh.a: RcsAvailabilityManager: Calculating Rcs Availability
08-05 02:45:03.614 18051 18091 I BugleRcsEngine: [1488] xoh.a: Bugle ContentProvider is disabled by p/h flag, using ProvisioningEngineStateCacheUtil.getBugleHasRequiredPermission()
08-05 02:45:03.614 18051 18091 I BugleRcsEngine: [1488] xoh.a: Bugle has minimum required RCS permissions: true
08-05 02:45:03.614 18051 18091 I BugleRcsEngine: [1488] xqa.d: RCS Configuration storage in Bugle is disabled by p/h flag, using ProvisioningEngineStateCacheUtil.getProvisioningConfigurationForGivenSim()
08-05 02:45:03.619 17460 17695 W Bugle   : SubscriptionMetadataUtils get: invalid subId = -1
08-05 02:45:03.639 18051 18091 I BugleRcsEngine: [1488] xqa.a: Bugle ContentProvider is disabled by p/h flag, using ProvisioningEngineStateCacheUtil.getBugleEnabledRcsFromPreference()
08-05 02:45:03.639 18051 18091 I BugleRcsEngine: [1488] xqa.a: Rcs is enabled from user settings: true
08-05 02:45:03.640 18051 18091 I BugleRcsEngine: [1488] xqa.b: Bugle ContentProvider is disabled by p/h flag, using ProvisioningEngineStateCacheUtil.isBugleDefaultSmsApp()
08-05 02:45:03.640 18051 18091 I BugleRcsEngine: [1488] xqa.b: Bugle is default SMS app: true
08-05 02:45:03.640 18051 18091 W BugleRcsEngine: [1488] xrk.a: No config URL. RCS will be disabled!
08-05 02:45:03.641 18051 18091 I BugleRcsEngine: [1488] xqa.d: RCS Configuration storage in Bugle is disabled by p/h flag, using ProvisioningEngineStateCacheUtil.getProvisioningConfigurationForGivenSim()
08-05 02:45:03.641 18051 18091 I BugleRcsEngine: [1488] xqa.d: RCS Configuration storage in Bugle is disabled by p/h flag, using ProvisioningEngineStateCacheUtil.getProvisioningConfigurationForGivenSim()
08-05 02:45:03.642 18051 18091 I BugleRcsEngine: [1488] xqa.d: RCS Configuration storage in Bugle is disabled by p/h flag, using ProvisioningEngineStateCacheUtil.getProvisioningConfigurationForGivenSim()
08-05 02:45:03.643 18051 18091 I BugleRcsEngine: [1488] ygo.c: Checking if using CarrierServices.apk is possible. Enabled: true, isAtLeastM: true, runningInsideBugle: true
08-05 02:45:03.650 15616 15647 I art     : Starting a blocking GC Explicit
08-05 02:45:03.656 17460 17506 W BugleRcsEngine: [25744] ygo.d: Carrier Services Apk was not found.
08-05 02:45:03.657 17460 17506 I BugleRcsEngine: [25744] ygo.a: Cannot get service version because CS.apk was not found, not pre-loaded or disabled.
08-05 02:45:03.657 17460 17506 W BugleRcsEngine: [25744] ygo.a: Service with meta data key: SignupServiceVersions is not compatible. Service Version 4 is not supported. Supported versions: []
08-05 02:45:03.658 17460 17506 W BugleRcsEngine: [25744] ygo.d: Carrier Services Apk was not found.
08-05 02:45:03.658 17460 17506 I BugleRcsEngine: [25744] ygo.a: Cannot get service version because CS.apk was not found, not pre-loaded or disabled.
08-05 02:45:03.659 17460 17506 W BugleRcsEngine: [25744] ygo.a: Service with meta data key: JibeServiceApiVersions is not compatible. Service Version 1 is not supported. Supported versions: []
08-05 02:45:03.659 17460 17506 I BugleRcsEngine: [25744] ygo.b: Not using CS JibeService because it is not compatible with AM.
08-05 02:45:03.666 18051 18091 W BugleRcsEngine: [1488] ygo.d: Carrier Services Apk was not found.
08-05 02:45:03.667 18051 18091 I BugleRcsEngine: [1488] ygo.a: Cannot get service version because CS.apk was not found, not pre-loaded or disabled.
08-05 02:45:03.668 18051 18091 W BugleRcsEngine: [1488] ygo.a: Service with meta data key: JibeServiceApiVersions is not compatible. Service Version 1 is not supported. Supported versions: []
08-05 02:45:03.669 17460 17506 I BugleRcsEngine: [25744] aeyl.connect: Connecting SignupService
08-05 02:45:03.670 17460 17695 I Bugle   : CountryCodeDetector: updateMainDeviceCountry from system locale as fallback. detected country: US
08-05 02:45:03.673 17460 17506 W BugleRcsEngine: [25744] ygo.d: Carrier Services Apk was not found.
08-05 02:45:03.673 17460 17506 I BugleRcsEngine: [25744] ygo.a: Cannot get service version because CS.apk was not found, not pre-loaded or disabled.
08-05 02:45:03.674 17460 17506 W BugleRcsEngine: [25744] ygo.a: Service with meta data key: JibeServiceApiVersions is not compatible. Service Version 1 is not supported. Supported versions: []
08-05 02:45:03.674 17460 17506 I BugleRcsEngine: [25744] ygo.b: Not using CS JibeService because it is not compatible with AM.
08-05 02:45:03.674 17460 17506 I BugleRcsEngine: [25744] aeyl.connect: Binding to JibeService in Bugle. com.google.android.ims.rcsservice.signup.ISignup
08-05 02:45:03.676 18051 18091 I BugleRcsEngine: [1488] wkb.onCsLibPhenotypeUpdated: BindingManager: binding and reset P/H Flag stay same
08-05 02:45:03.677 18051 18091 I BugleRcsEngine: [1488] xoh.a: RcsAvailabilityManager: Rcs Availability still DISABLED_SIM_ABSENT (RCS is disabled due to SIM absent)
08-05 02:45:03.693 15616 15647 I art     : Explicit concurrent mark sweep GC freed 1442(83KB) AllocSpace objects, 1(20KB) LOS objects, 28% free, 40MB/56MB, paused 1.280ms total 43.346ms
08-05 02:45:03.697 17460 17460 I RcsClientLib: Service com.google.android.rcs.client.signup.SignupService connected. Will notify listeners: true
08-05 02:45:03.706 15616 15647 I art     : Starting a blocking GC Explicit
08-05 02:45:03.715 18051 18062 I BugleRcsEngine: [1473] xoh.a: RcsAvailabilityManager: Calculating Rcs Availability
08-05 02:45:03.715 18051 18062 I BugleRcsEngine: [1473] xoh.a: Bugle ContentProvider is disabled by p/h flag, using ProvisioningEngineStateCacheUtil.getBugleHasRequiredPermission()
08-05 02:45:03.715 18051 18062 I BugleRcsEngine: [1473] xoh.a: Bugle has minimum required RCS permissions: true
08-05 02:45:03.715 18051 18062 I BugleRcsEngine: [1473] xqa.d: RCS Configuration storage in Bugle is disabled by p/h flag, using ProvisioningEngineStateCacheUtil.getProvisioningConfigurationForGivenSim()
08-05 02:45:03.722 18051 18062 I BugleRcsEngine: [1473] xqa.a: Bugle ContentProvider is disabled by p/h flag, using ProvisioningEngineStateCacheUtil.getBugleEnabledRcsFromPreference()
08-05 02:45:03.722 18051 18062 I BugleRcsEngine: [1473] xqa.a: Rcs is enabled from user settings: true
08-05 02:45:03.722 18051 18062 I BugleRcsEngine: [1473] xqa.b: Bugle ContentProvider is disabled by p/h flag, using ProvisioningEngineStateCacheUtil.isBugleDefaultSmsApp()
08-05 02:45:03.722 18051 18062 I BugleRcsEngine: [1473] xqa.b: Bugle is default SMS app: true
08-05 02:45:03.723 18051 18062 W BugleRcsEngine: [1473] xrk.a: No config URL. RCS will be disabled!
08-05 02:45:03.723 18051 18062 I BugleRcsEngine: [1473] xqa.d: RCS Configuration storage in Bugle is disabled by p/h flag, using ProvisioningEngineStateCacheUtil.getProvisioningConfigurationForGivenSim()
08-05 02:45:03.723 18051 18062 I BugleRcsEngine: [1473] xqa.d: RCS Configuration storage in Bugle is disabled by p/h flag, using ProvisioningEngineStateCacheUtil.getProvisioningConfigurationForGivenSim()
08-05 02:45:03.724 18051 18062 I BugleRcsEngine: [1473] xqa.d: RCS Configuration storage in Bugle is disabled by p/h flag, using ProvisioningEngineStateCacheUtil.getProvisioningConfigurationForGivenSim()
08-05 02:45:03.724 18051 18062 I BugleRcsEngine: [1473] ygo.c: Checking if using CarrierServices.apk is possible. Enabled: true, isAtLeastM: true, runningInsideBugle: true
08-05 02:45:03.737 18051 18062 W BugleRcsEngine: [1473] ygo.d: Carrier Services Apk was not found.
08-05 02:45:03.737 18051 18062 I BugleRcsEngine: [1473] ygo.a: Cannot get service version because CS.apk was not found, not pre-loaded or disabled.
08-05 02:45:03.738 18051 18062 W BugleRcsEngine: [1473] ygo.a: Service with meta data key: JibeServiceApiVersions is not compatible. Service Version 1 is not supported. Supported versions: []
08-05 02:45:03.743 18051 18062 I BugleRcsEngine: [1473] wkb.onCsLibPhenotypeUpdated: BindingManager: binding and reset P/H Flag stay same
08-05 02:45:03.744 18051 18062 I BugleRcsEngine: [1473] xoh.a: RcsAvailabilityManager: Rcs Availability still DISABLED_SIM_ABSENT (RCS is disabled due to SIM absent)
08-05 02:45:03.744 17460 17506 I BugleRcs: RcsAvailabilityUtilForProvisioningEngineV2: Get Updated RcsAvailability, RcsAvailability: DISABLED_SIM_ABSENT, SimId: Redacted-0
08-05 02:45:03.746 15616 15647 I art     : Explicit concurrent mark sweep GC freed 22(784B) AllocSpace objects, 0(0B) LOS objects, 28% free, 40MB/56MB, paused 1.214ms total 39.466ms
08-05 02:45:03.746 17460 17460 I BugleRcsEngine: [1] aeyl.disconnect: Disconnecting ChatSessionService
08-05 02:45:03.746 17460 17460 W RcsClientLib: Unexpected error when trying to unbind com.google.android.ims.rcsservice.chatsession.IChatSession: Service not registered: aeym@3c96cb9
08-05 02:45:03.747 17460 17460 W RcsClientLib: java.lang.IllegalArgumentException: Service not registered: aeym@3c96cb9
08-05 02:45:03.747 17460 17460 W RcsClientLib: 	at android.app.LoadedApk.forgetServiceDispatcher(LoadedApk.java:1044)
08-05 02:45:03.747 17460 17460 W RcsClientLib: 	at android.app.ContextImpl.unbindService(ContextImpl.java:1337)
08-05 02:45:03.747 17460 17460 W RcsClientLib: 	at android.content.ContextWrapper.unbindService(ContextWrapper.java:616)
08-05 02:45:03.747 17460 17460 W RcsClientLib: 	at aeyl.b(PG:43)
08-05 02:45:03.747 17460 17460 W RcsClientLib: 	at aeyl.disconnect(PG:41)
08-05 02:45:03.747 17460 17460 W RcsClientLib: 	at lhd.b(PG:36)
08-05 02:45:03.747 17460 17460 W RcsClientLib: 	at lhg.a(PG:38)
08-05 02:45:03.747 17460 17460 W RcsClientLib: 	at sdz.a(PG:78)
08-05 02:45:03.747 17460 17460 W RcsClientLib: 	at sdk.run(Unknown Source)
08-05 02:45:03.747 17460 17460 W RcsClientLib: 	at aglo.run(PG:3)
08-05 02:45:03.747 17460 17460 W RcsClientLib: 	at android.os.Handler.handleCallback(Handler.java:739)
08-05 02:45:03.747 17460 17460 W RcsClientLib: 	at android.os.Handler.dispatchMessage(Handler.java:95)
08-05 02:45:03.747 17460 17460 W RcsClientLib: 	at android.os.Looper.loop(Looper.java:148)
08-05 02:45:03.747 17460 17460 W RcsClientLib: 	at android.app.ActivityThread.main(ActivityThread.java:5417)
08-05 02:45:03.747 17460 17460 W RcsClientLib: 	at java.lang.reflect.Method.invoke(Native Method)
08-05 02:45:03.747 17460 17460 W RcsClientLib: 	at com.android.internal.os.ZygoteInit$MethodAndArgsCaller.run(ZygoteInit.java:726)
08-05 02:45:03.747 17460 17460 W RcsClientLib: 	at com.android.internal.os.ZygoteInit.main(ZygoteInit.java:616)
08-05 02:45:03.747 17460 17506 I BugleRcsEngine: [25744] aeyl.disconnect: Disconnecting SignupService
08-05 02:45:03.750 17460 17460 I BugleRcsEngine: [1] aeyl.disconnect: Disconnecting EventService
08-05 02:45:03.750 17460 17460 W RcsClientLib: Unexpected error when trying to unbind com.google.android.ims.rcsservice.events.IEvent: Service not registered: aeym@bf2f85f
08-05 02:45:03.750 17460 17460 W RcsClientLib: java.lang.IllegalArgumentException: Service not registered: aeym@bf2f85f
08-05 02:45:03.750 17460 17460 W RcsClientLib: 	at android.app.LoadedApk.forgetServiceDispatcher(LoadedApk.java:1044)
08-05 02:45:03.750 17460 17460 W RcsClientLib: 	at android.app.ContextImpl.unbindService(ContextImpl.java:1337)
08-05 02:45:03.750 17460 17460 W RcsClientLib: 	at android.content.ContextWrapper.unbindService(ContextWrapper.java:616)
08-05 02:45:03.750 17460 17460 W RcsClientLib: 	at aeyl.b(PG:43)
08-05 02:45:03.750 17460 17460 W RcsClientLib: 	at aeyl.disconnect(PG:41)
08-05 02:45:03.750 17460 17460 W RcsClientLib: 	at com.google.android.rcs.client.events.EventService.disconnect(PG:7)
08-05 02:45:03.750 17460 17460 W RcsClientLib: 	at lhd.b(PG:37)
08-05 02:45:03.750 17460 17460 W RcsClientLib: 	at lhg.a(PG:38)
08-05 02:45:03.750 17460 17460 W RcsClientLib: 	at sdz.a(PG:78)
08-05 02:45:03.750 17460 17460 W RcsClientLib: 	at sdk.run(Unknown Source)
08-05 02:45:03.750 17460 17460 W RcsClientLib: 	at aglo.run(PG:3)
08-05 02:45:03.750 17460 17460 W RcsClientLib: 	at android.os.Handler.handleCallback(Handler.java:739)
08-05 02:45:03.750 17460 17460 W RcsClientLib: 	at android.os.Handler.dispatchMessage(Handler.java:95)
08-05 02:45:03.750 17460 17460 W RcsClientLib: 	at android.os.Looper.loop(Looper.java:148)
08-05 02:45:03.750 17460 17460 W RcsClientLib: 	at android.app.ActivityThread.main(ActivityThread.java:5417)
08-05 02:45:03.750 17460 17460 W RcsClientLib: 	at java.lang.reflect.Method.invoke(Native Method)
08-05 02:45:03.750 17460 17460 W RcsClientLib: 	at com.android.internal.os.ZygoteInit$MethodAndArgsCaller.run(ZygoteInit.java:726)
08-05 02:45:03.750 17460 17460 W RcsClientLib: 	at com.android.internal.os.ZygoteInit.main(ZygoteInit.java:616)
08-05 02:45:03.751 17460 17460 I BugleRcsEngine: [1] aeyl.disconnect: Disconnecting ContactsService
08-05 02:45:03.751 17460 17460 W RcsClientLib: Unexpected error when trying to unbind com.google.android.ims.rcsservice.contacts.IContactsManagement: Service not registered: aeym@69ae2ac
08-05 02:45:03.752 17460 17460 W RcsClientLib: java.lang.IllegalArgumentException: Service not registered: aeym@69ae2ac
08-05 02:45:03.752 17460 17460 W RcsClientLib: 	at android.app.LoadedApk.forgetServiceDispatcher(LoadedApk.java:1044)
08-05 02:45:03.752 17460 17460 W RcsClientLib: 	at android.app.ContextImpl.unbindService(ContextImpl.java:1337)
08-05 02:45:03.752 17460 17460 W RcsClientLib: 	at android.content.ContextWrapper.unbindService(ContextWrapper.java:616)
08-05 02:45:03.752 17460 17460 W RcsClientLib: 	at aeyl.b(PG:43)
08-05 02:45:03.752 17460 17460 W RcsClientLib: 	at aeyl.disconnect(PG:41)
08-05 02:45:03.752 17460 17460 W RcsClientLib: 	at lhd.b(PG:38)
08-05 02:45:03.752 17460 17460 W RcsClientLib: 	at lhg.a(PG:38)
08-05 02:45:03.752 17460 17460 W RcsClientLib: 	at sdz.a(PG:78)
08-05 02:45:03.752 17460 17460 W RcsClientLib: 	at sdk.run(Unknown Source)
08-05 02:45:03.752 17460 17460 W RcsClientLib: 	at aglo.run(PG:3)
08-05 02:45:03.752 17460 17460 W RcsClientLib: 	at android.os.Handler.handleCallback(Handler.java:739)
08-05 02:45:03.752 17460 17460 W RcsClientLib: 	at android.os.Handler.dispatchMessage(Handler.java:95)
08-05 02:45:03.752 17460 17460 W RcsClientLib: 	at android.os.Looper.loop(Looper.java:148)
08-05 02:45:03.752 17460 17460 W RcsClientLib: 	at android.app.ActivityThread.main(ActivityThread.java:5417)
08-05 02:45:03.752 17460 17460 W RcsClientLib: 	at java.lang.reflect.Method.invoke(Native Method)
08-05 02:45:03.752 17460 17460 W RcsClientLib: 	at com.android.internal.os.ZygoteInit$MethodAndArgsCaller.run(ZygoteInit.java:726)
08-05 02:45:03.752 17460 17460 W RcsClientLib: 	at com.android.internal.os.ZygoteInit.main(ZygoteInit.java:616)
08-05 02:45:03.752 17460 17460 I BugleRcsEngine: [1] aeyl.disconnect: Disconnecting FileTransferService
08-05 02:45:03.752 17460 17460 W RcsClientLib: Unexpected error when trying to unbind com.google.android.ims.rcsservice.filetransfer.IFileTransfer: Service not registered: aeym@e0b1b75
08-05 02:45:03.753 17460 17460 W RcsClientLib: java.lang.IllegalArgumentException: Service not registered: aeym@e0b1b75
08-05 02:45:03.753 17460 17460 W RcsClientLib: 	at android.app.LoadedApk.forgetServiceDispatcher(LoadedApk.java:1044)
08-05 02:45:03.753 17460 17460 W RcsClientLib: 	at android.app.ContextImpl.unbindService(ContextImpl.java:1337)
08-05 02:45:03.753 17460 17460 W RcsClientLib: 	at android.content.ContextWrapper.unbindService(ContextWrapper.java:616)
08-05 02:45:03.753 17460 17460 W RcsClientLib: 	at aeyl.b(PG:43)
08-05 02:45:03.753 17460 17460 W RcsClientLib: 	at aeyl.disconnect(PG:41)
08-05 02:45:03.753 17460 17460 W RcsClientLib: 	at lhd.b(PG:39)
08-05 02:45:03.753 17460 17460 W RcsClientLib: 	at lhg.a(PG:38)
08-05 02:45:03.753 17460 17460 W RcsClientLib: 	at sdz.a(PG:78)
08-05 02:45:03.753 17460 17460 W RcsClientLib: 	at sdk.run(Unknown Source)
08-05 02:45:03.753 17460 17460 W RcsClientLib: 	at aglo.run(PG:3)
08-05 02:45:03.753 17460 17460 W RcsClientLib: 	at android.os.Handler.handleCallback(Handler.java:739)
08-05 02:45:03.753 17460 17460 W RcsClientLib: 	at android.os.Handler.dispatchMessage(Handler.java:95)
08-05 02:45:03.753 17460 17460 W RcsClientLib: 	at android.os.Looper.loop(Looper.java:148)
08-05 02:45:03.753 17460 17460 W RcsClientLib: 	at android.app.ActivityThread.main(ActivityThread.java:5417)
08-05 02:45:03.753 17460 17460 W RcsClientLib: 	at java.lang.reflect.Method.invoke(Native Method)
08-05 02:45:03.753 17460 17460 W RcsClientLib: 	at com.android.internal.os.ZygoteInit$MethodAndArgsCaller.run(ZygoteInit.java:726)
08-05 02:45:03.753 17460 17460 W RcsClientLib: 	at com.android.internal.os.ZygoteInit.main(ZygoteInit.java:616)
08-05 02:45:03.753 17460 17460 I BugleRcsEngine: [1] aeyl.disconnect: Disconnecting LocationSharingService
08-05 02:45:03.754 17460 17460 W RcsClientLib: Unexpected error when trying to unbind com.google.android.ims.rcsservice.locationsharing.ILocationSharing: Service not registered: aeym@e96870a
08-05 02:45:03.754 17460 17460 W RcsClientLib: java.lang.IllegalArgumentException: Service not registered: aeym@e96870a
08-05 02:45:03.754 17460 17460 W RcsClientLib: 	at android.app.LoadedApk.forgetServiceDispatcher(LoadedApk.java:1044)
08-05 02:45:03.754 17460 17460 W RcsClientLib: 	at android.app.ContextImpl.unbindService(ContextImpl.java:1337)
08-05 02:45:03.754 17460 17460 W RcsClientLib: 	at android.content.ContextWrapper.unbindService(ContextWrapper.java:616)
08-05 02:45:03.754 17460 17460 W RcsClientLib: 	at aeyl.b(PG:43)
08-05 02:45:03.754 17460 17460 W RcsClientLib: 	at aeyl.disconnect(PG:41)
08-05 02:45:03.754 17460 17460 W RcsClientLib: 	at lhd.b(PG:40)
08-05 02:45:03.754 17460 17460 W RcsClientLib: 	at lhg.a(PG:38)
08-05 02:45:03.754 17460 17460 W RcsClientLib: 	at sdz.a(PG:78)
08-05 02:45:03.754 17460 17460 W RcsClientLib: 	at sdk.run(Unknown Source)
08-05 02:45:03.754 17460 17460 W RcsClientLib: 	at aglo.run(PG:3)
08-05 02:45:03.754 17460 17460 W RcsClientLib: 	at android.os.Handler.handleCallback(Handler.java:739)
08-05 02:45:03.754 17460 17460 W RcsClientLib: 	at android.os.Handler.dispatchMessage(Handler.java:95)
08-05 02:45:03.754 17460 17460 W RcsClientLib: 	at android.os.Looper.loop(Looper.java:148)
08-05 02:45:03.754 17460 17460 W RcsClientLib: 	at android.app.ActivityThread.main(ActivityThread.java:5417)
08-05 02:45:03.754 17460 17460 W RcsClientLib: 	at java.lang.reflect.Method.invoke(Native Method)
08-05 02:45:03.754 17460 17460 W RcsClientLib: 	at com.android.internal.os.ZygoteInit$MethodAndArgsCaller.run(ZygoteInit.java:726)
08-05 02:45:03.754 17460 17460 W RcsClientLib: 	at com.android.internal.os.ZygoteInit.main(ZygoteInit.java:616)
08-05 02:45:03.755 17460 17460 I BugleRcsEngine: [1] aeyl.disconnect: Disconnecting ImsConnectionTrackerService
08-05 02:45:03.755 17460 17460 W RcsClientLib: Unexpected error when trying to unbind com.google.android.ims.rcsservice.ims.IImsConnectionTracker: Service not registered: aeym@ef8bb7b
08-05 02:45:03.755 17460 17460 W RcsClientLib: java.lang.IllegalArgumentException: Service not registered: aeym@ef8bb7b
08-05 02:45:03.755 17460 17460 W RcsClientLib: 	at android.app.LoadedApk.forgetServiceDispatcher(LoadedApk.java:1044)
08-05 02:45:03.755 17460 17460 W RcsClientLib: 	at android.app.ContextImpl.unbindService(ContextImpl.java:1337)
08-05 02:45:03.755 17460 17460 W RcsClientLib: 	at android.content.ContextWrapper.unbindService(ContextWrapper.java:616)
08-05 02:45:03.755 17460 17460 W RcsClientLib: 	at aeyl.b(PG:43)
08-05 02:45:03.755 17460 17460 W RcsClientLib: 	at aeyl.disconnect(PG:41)
08-05 02:45:03.755 17460 17460 W RcsClientLib: 	at lhd.b(PG:41)
08-05 02:45:03.755 17460 17460 W RcsClientLib: 	at lhg.a(PG:38)
08-05 02:45:03.755 17460 17460 W RcsClientLib: 	at sdz.a(PG:78)
08-05 02:45:03.755 17460 17460 W RcsClientLib: 	at sdk.run(Unknown Source)
08-05 02:45:03.755 17460 17460 W RcsClientLib: 	at aglo.run(PG:3)
08-05 02:45:03.755 17460 17460 W RcsClientLib: 	at android.os.Handler.handleCallback(Handler.java:739)
08-05 02:45:03.755 17460 17460 W RcsClientLib: 	at android.os.Handler.dispatchMessage(Handler.java:95)
08-05 02:45:03.755 17460 17460 W RcsClientLib: 	at android.os.Looper.loop(Looper.java:148)
08-05 02:45:03.755 17460 17460 W RcsClientLib: 	at android.app.ActivityThread.main(ActivityThread.java:5417)
08-05 02:45:03.755 17460 17460 W RcsClientLib: 	at java.lang.reflect.Method.invoke(Native Method)
08-05 02:45:03.755 17460 17460 W RcsClientLib: 	at com.android.internal.os.ZygoteInit$MethodAndArgsCaller.run(ZygoteInit.java:726)
08-05 02:45:03.755 17460 17460 W RcsClientLib: 	at com.android.internal.os.ZygoteInit.main(ZygoteInit.java:616)
08-05 02:45:03.756 17460 17460 I BugleRcsEngine: [1] aeyl.disconnect: Disconnecting RcsProfileService
08-05 02:45:03.756 17460 17460 W RcsClientLib: Unexpected error when trying to unbind com.google.android.ims.rcsservice.profile.IRcsProfile: Service not registered: aeym@5297d98
08-05 02:45:03.756 17460 17460 W RcsClientLib: java.lang.IllegalArgumentException: Service not registered: aeym@5297d98
08-05 02:45:03.756 17460 17460 W RcsClientLib: 	at android.app.LoadedApk.forgetServiceDispatcher(LoadedApk.java:1044)
08-05 02:45:03.756 17460 17460 W RcsClientLib: 	at android.app.ContextImpl.unbindService(ContextImpl.java:1337)
08-05 02:45:03.756 17460 17460 W RcsClientLib: 	at android.content.ContextWrapper.unbindService(ContextWrapper.java:616)
08-05 02:45:03.756 17460 17460 W RcsClientLib: 	at aeyl.b(PG:43)
08-05 02:45:03.756 17460 17460 W RcsClientLib: 	at aeyl.disconnect(PG:41)
08-05 02:45:03.756 17460 17460 W RcsClientLib: 	at lhd.b(PG:42)
08-05 02:45:03.756 17460 17460 W RcsClientLib: 	at lhg.a(PG:38)
08-05 02:45:03.756 17460 17460 W RcsClientLib: 	at sdz.a(PG:78)
08-05 02:45:03.756 17460 17460 W RcsClientLib: 	at sdk.run(Unknown Source)
08-05 02:45:03.756 17460 17460 W RcsClientLib: 	at aglo.run(PG:3)
08-05 02:45:03.756 17460 17460 W RcsClientLib: 	at android.os.Handler.handleCallback(Handler.java:739)
08-05 02:45:03.756 17460 17460 W RcsClientLib: 	at android.os.Handler.dispatchMessage(Handler.java:95)
08-05 02:45:03.756 17460 17460 W RcsClientLib: 	at android.os.Looper.loop(Looper.java:148)
08-05 02:45:03.756 17460 17460 W RcsClientLib: 	at android.app.ActivityThread.main(ActivityThread.java:5417)
08-05 02:45:03.756 17460 17460 W RcsClientLib: 	at java.lang.reflect.Method.invoke(Native Method)
08-05 02:45:03.756 17460 17460 W RcsClientLib: 	at com.android.internal.os.ZygoteInit$MethodAndArgsCaller.run(ZygoteInit.java:726)
08-05 02:45:03.756 17460 17460 W RcsClientLib: 	at com.android.internal.os.ZygoteInit.main(ZygoteInit.java:616)
08-05 02:45:03.757 17460 17460 I BugleRcsEngine: [1] aeyl.disconnect: Disconnecting BusinessInfoService
08-05 02:45:03.757 17460 17460 W RcsClientLib: Unexpected error when trying to unbind com.google.android.ims.rcsservice.businessinfo.IBusinessInfo: Service not registered: aeym@27ef9f1
08-05 02:45:03.757 17460 17460 W RcsClientLib: java.lang.IllegalArgumentException: Service not registered: aeym@27ef9f1
08-05 02:45:03.757 17460 17460 W RcsClientLib: 	at android.app.LoadedApk.forgetServiceDispatcher(LoadedApk.java:1044)
08-05 02:45:03.757 17460 17460 W RcsClientLib: 	at android.app.ContextImpl.unbindService(ContextImpl.java:1337)
08-05 02:45:03.757 17460 17460 W RcsClientLib: 	at android.content.ContextWrapper.unbindService(ContextWrapper.java:616)
08-05 02:45:03.757 17460 17460 W RcsClientLib: 	at aeyl.b(PG:43)
08-05 02:45:03.757 17460 17460 W RcsClientLib: 	at aeyl.disconnect(PG:41)
08-05 02:45:03.757 17460 17460 W RcsClientLib: 	at lhd.b(PG:43)
08-05 02:45:03.757 17460 17460 W RcsClientLib: 	at lhg.a(PG:38)
08-05 02:45:03.757 17460 17460 W RcsClientLib: 	at sdz.a(PG:78)
08-05 02:45:03.757 17460 17460 W RcsClientLib: 	at sdk.run(Unknown Source)
08-05 02:45:03.757 17460 17460 W RcsClientLib: 	at aglo.run(PG:3)
08-05 02:45:03.757 17460 17460 W RcsClientLib: 	at android.os.Handler.handleCallback(Handler.java:739)
08-05 02:45:03.757 17460 17460 W RcsClientLib: 	at android.os.Handler.dispatchMessage(Handler.java:95)
08-05 02:45:03.757 17460 17460 W RcsClientLib: 	at android.os.Looper.loop(Looper.java:148)
08-05 02:45:03.757 17460 17460 W RcsClientLib: 	at android.app.ActivityThread.main(ActivityThread.java:5417)
08-05 02:45:03.757 17460 17460 W RcsClientLib: 	at java.lang.reflect.Method.invoke(Native Method)
08-05 02:45:03.757 17460 17460 W RcsClientLib: 	at com.android.internal.os.ZygoteInit$MethodAndArgsCaller.run(ZygoteInit.java:726)
08-05 02:45:03.757 17460 17460 W RcsClientLib: 	at com.android.internal.os.ZygoteInit.main(ZygoteInit.java:616)
08-05 02:45:03.758 15616 15647 I art     : Starting a blocking GC Explicit
08-05 02:45:03.758 17460 17460 I BugleRcsEngine: [1] aeyl.disconnect: Disconnecting RcsMessagingService
08-05 02:45:03.758 17460 17460 W RcsClientLib: Unexpected error when trying to unbind com.google.android.rcs.client.messaging.IMessaging: Service not registered: aeym@19e09d6
08-05 02:45:03.758 17460 17460 W RcsClientLib: java.lang.IllegalArgumentException: Service not registered: aeym@19e09d6
08-05 02:45:03.758 17460 17460 W RcsClientLib: 	at android.app.LoadedApk.forgetServiceDispatcher(LoadedApk.java:1044)
08-05 02:45:03.758 17460 17460 W RcsClientLib: 	at android.app.ContextImpl.unbindService(ContextImpl.java:1337)
08-05 02:45:03.758 17460 17460 W RcsClientLib: 	at android.content.ContextWrapper.unbindService(ContextWrapper.java:616)
08-05 02:45:03.758 17460 17460 W RcsClientLib: 	at aeyl.b(PG:43)
08-05 02:45:03.758 17460 17460 W RcsClientLib: 	at aeyl.disconnect(PG:41)
08-05 02:45:03.758 17460 17460 W RcsClientLib: 	at lhd.b(PG:44)
08-05 02:45:03.758 17460 17460 W RcsClientLib: 	at lhg.a(PG:38)
08-05 02:45:03.758 17460 17460 W RcsClientLib: 	at sdz.a(PG:78)
08-05 02:45:03.758 17460 17460 W RcsClientLib: 	at sdk.run(Unknown Source)
08-05 02:45:03.758 17460 17460 W RcsClientLib: 	at aglo.run(PG:3)
08-05 02:45:03.758 17460 17460 W RcsClientLib: 	at android.os.Handler.handleCallback(Handler.java:739)
08-05 02:45:03.758 17460 17460 W RcsClientLib: 	at android.os.Handler.dispatchMessage(Handler.java:95)
08-05 02:45:03.758 17460 17460 W RcsClientLib: 	at android.os.Looper.loop(Looper.java:148)
08-05 02:45:03.758 17460 17460 W RcsClientLib: 	at android.app.ActivityThread.main(ActivityThread.java:5417)
08-05 02:45:03.758 17460 17460 W RcsClientLib: 	at java.lang.reflect.Method.invoke(Native Method)
08-05 02:45:03.758 17460 17460 W RcsClientLib: 	at com.android.internal.os.ZygoteInit$MethodAndArgsCaller.run(ZygoteInit.java:726)
08-05 02:45:03.758 17460 17460 W RcsClientLib: 	at com.android.internal.os.ZygoteInit.main(ZygoteInit.java:616)
08-05 02:45:03.759 17460 17460 I BugleRcsEngine: [1] aeyl.disconnect: Disconnecting TransportControlService
08-05 02:45:03.759 17460 17460 W RcsClientLib: Unexpected error when trying to unbind com.google.android.ims.rcsservice.transportcontrol.ITransportControl: Service not registered: aeym@8cd9457
08-05 02:45:03.759 17460 17460 W RcsClientLib: java.lang.IllegalArgumentException: Service not registered: aeym@8cd9457
08-05 02:45:03.759 17460 17460 W RcsClientLib: 	at android.app.LoadedApk.forgetServiceDispatcher(LoadedApk.java:1044)
08-05 02:45:03.759 17460 17460 W RcsClientLib: 	at android.app.ContextImpl.unbindService(ContextImpl.java:1337)
08-05 02:45:03.759 17460 17460 W RcsClientLib: 	at android.content.ContextWrapper.unbindService(ContextWrapper.java:616)
08-05 02:45:03.759 17460 17460 W RcsClientLib: 	at aeyl.b(PG:43)
08-05 02:45:03.759 17460 17460 W RcsClientLib: 	at aeyl.disconnect(PG:41)
08-05 02:45:03.759 17460 17460 W RcsClientLib: 	at lhd.b(PG:45)
08-05 02:45:03.759 17460 17460 W RcsClientLib: 	at lhg.a(PG:38)
08-05 02:45:03.759 17460 17460 W RcsClientLib: 	at sdz.a(PG:78)
08-05 02:45:03.759 17460 17460 W RcsClientLib: 	at sdk.run(Unknown Source)
08-05 02:45:03.759 17460 17460 W RcsClientLib: 	at aglo.run(PG:3)
08-05 02:45:03.759 17460 17460 W RcsClientLib: 	at android.os.Handler.handleCallback(Handler.java:739)
08-05 02:45:03.759 17460 17460 W RcsClientLib: 	at android.os.Handler.dispatchMessage(Handler.java:95)
08-05 02:45:03.759 17460 17460 W RcsClientLib: 	at android.os.Looper.loop(Looper.java:148)
08-05 02:45:03.759 17460 17460 W RcsClientLib: 	at android.app.ActivityThread.main(ActivityThread.java:5417)
08-05 02:45:03.759 17460 17460 W RcsClientLib: 	at java.lang.reflect.Method.invoke(Native Method)
08-05 02:45:03.759 17460 17460 W RcsClientLib: 	at com.android.internal.os.ZygoteInit$MethodAndArgsCaller.run(ZygoteInit.java:726)
08-05 02:45:03.759 17460 17460 W RcsClientLib: 	at com.android.internal.os.ZygoteInit.main(ZygoteInit.java:616)
08-05 02:45:03.759 17460 17460 W BugleRcs: disconnecting from all Rcs Services
08-05 02:45:03.760 17460 17506 I BugleRcs: RcsAvailabilityUtilForProvisioningEngineV2: success updating RCS availability async
08-05 02:45:03.797 15616 15647 I art     : Explicit concurrent mark sweep GC freed 3(96B) AllocSpace objects, 0(0B) LOS objects, 28% free, 40MB/56MB, paused 1.277ms total 39.373ms
08-05 02:45:03.809 15616 15647 I art     : Starting a blocking GC Explicit
08-05 02:45:03.819 17460 17513 I BugleJobs: Icing index repair service is not scheduled. [CONTEXT class_name="IcingMonitoringUtils" ]
08-05 02:45:03.845 24365 24456 W ResourceType: ResTable_typeSpec entry count inconsistent: given 859, previously 874
08-05 02:45:03.845 24365 24456 W ResourceType: ResTable_typeSpec entry count inconsistent: given 677, previously 2268
08-05 02:45:03.845 24365 24456 W ResourceType: ResTable_typeSpec entry count inconsistent: given 269, previously 1299
08-05 02:45:03.850 15616 15647 I art     : Explicit concurrent mark sweep GC freed 3(96B) AllocSpace objects, 0(0B) LOS objects, 28% free, 40MB/56MB, paused 1.384ms total 40.816ms
08-05 02:45:03.853 17460 17693 I GnpSdk  : [PhenotypeManagerImpl] Phenotype registration SUCCESS
08-05 02:45:03.863 15616 15647 I art     : Starting a blocking GC Explicit
08-05 02:45:03.873 17460 17506 I BugleJobs: Starts to observe table change.
08-05 02:45:03.904 15616 15647 I art     : Explicit concurrent mark sweep GC freed 10(320B) AllocSpace objects, 0(0B) LOS objects, 28% free, 40MB/56MB, paused 1.295ms total 40.874ms
08-05 02:45:03.956 17460 17506 I DynamiteModule: Considering local module com.google.android.gms.cronet_dynamite:0 and remote module com.google.android.gms.cronet_dynamite:1311
08-05 02:45:03.956 17460 17506 I DynamiteModule: Selected remote version of com.google.android.gms.cronet_dynamite, version >= 1311
08-05 02:45:03.957 17460 17506 V DynamiteModule: Dynamite loader version >= 2, using loadModule2NoCrashUtils
08-05 02:45:04.019 17460 17506 I DynamiteLoaderV2: [71] Cronetdynamite
08-05 02:45:04.027 17460 17506 E linker  : readlink('/proc/self/fd/38') failed: Permission denied [fd=38]
08-05 02:45:04.028 17460 17506 E linker  : warning: unable to get realpath for the library "/data/data/com.google.android.gms/app_chimera/m/00000038/oat/arm64/CronetDynamite.odex". Will use given name.
08-05 02:45:04.037   918   927 I art     : Background partial concurrent mark sweep GC freed 29869(2MB) AllocSpace objects, 23(460KB) LOS objects, 19% free, 68MB/84MB, paused 1.839ms total 202.444ms
08-05 02:45:04.058 17217 17217 I Finsky:download_service: [1] qak.onDestroy(-1): IPC-SERVER: Stopping gRPC host service...
08-05 02:45:04.065 17099 17099 W ProxyAndroidLoggerBackend: Too many Flogger logs received before configuration. Dropping old logs.
08-05 02:45:04.065 17099 17099 W ProxyAndroidLoggerBackend: Too many Flogger logs received before configuration. Dropping old logs.
08-05 02:45:04.124 17099 17099 I Finsky  : [1] yri.run(-1): Detected restoreservicev2://recovery not needed, will not run
08-05 02:45:04.171 17460 17506 E linker  : readlink('/proc/self/fd/44') failed: Permission denied [fd=44]
08-05 02:45:04.171 17460 17506 E linker  : warning: unable to get realpath for the library "/data/data/com.google.android.gms/app_chimera/m/00000038/n/arm64-v8a/libcronet.83.0.4103.106.so". Will use given name.
08-05 02:45:04.182   918  6111 D ConnectivityService: listenForNetwork for Listen from uid/pid:10065/17460 for NetworkRequest [ id=3124, legacyType=-1, [ Capabilities: INTERNET&NOT_RESTRICTED&TRUSTED] ]
08-05 02:45:04.199 17460 17506 I cr_CronetLibraryLoader: Cronet version: 83.0.4103.106, arch: aarch64
08-05 02:45:04.211 13228 13228 I ServiceManager: Waiting for service AtCmdFwd...
08-05 02:45:04.231 17460 17506 V AssistantIntegClient: #getAssistantConfig()
08-05 02:45:04.244 17460 17719 W AssistantConfig: appIntegrationDataInBase64 is null
08-05 02:45:04.266 15616 15627 I art     : Starting a blocking GC Explicit
08-05 02:45:04.315 15616 15627 I art     : Explicit concurrent mark sweep GC freed 1655(93KB) AllocSpace objects, 1(20KB) LOS objects, 28% free, 40MB/56MB, paused 1.460ms total 48.049ms
08-05 02:45:04.328 15616 15627 I art     : Starting a blocking GC Explicit
08-05 02:45:04.377 15616 15627 I art     : Explicit concurrent mark sweep GC freed 34(1344B) AllocSpace objects, 0(0B) LOS objects, 28% free, 40MB/56MB, paused 1.448ms total 48.897ms
08-05 02:45:04.390 15616 15627 I art     : Starting a blocking GC Explicit
08-05 02:45:04.441 15616 15627 I art     : Explicit concurrent mark sweep GC freed 3(96B) AllocSpace objects, 0(0B) LOS objects, 28% free, 40MB/56MB, paused 1.507ms total 50.702ms
08-05 02:45:04.455 15616 15627 I art     : Starting a blocking GC Explicit
08-05 02:45:04.506 15616 15627 I art     : Explicit concurrent mark sweep GC freed 3(96B) AllocSpace objects, 0(0B) LOS objects, 28% free, 40MB/56MB, paused 1.387ms total 50.420ms
08-05 02:45:04.519 15616 15627 I art     : Starting a blocking GC Explicit
08-05 02:45:04.570 15616 15627 I art     : Explicit concurrent mark sweep GC freed 3(96B) AllocSpace objects, 0(0B) LOS objects, 28% free, 40MB/56MB, paused 1.600ms total 50.531ms
08-05 02:45:04.644 17099 17721 I Finsky  : [5957] aqzn.a(2): registerListener
08-05 02:45:04.645 17099 17721 I Finsky  : [5957] kbg.a(4): getDownloads()
08-05 02:45:04.657 17217 17217 I Finsky:download_service: [1] qak.onCreate(2): IPC-SERVER: Starting gRPC host service...
08-05 02:45:04.665 17099 17721 I Finsky  : [5957] edi.run(-1): Initialized AssetModuleDownloader.
08-05 02:45:04.676 17099 17099 W ProxyAndroidLoggerBackend: Too many Flogger logs received before configuration. Dropping old logs.
08-05 02:45:04.678 17099 17263 W ProxyAndroidLoggerBackend: Too many Flogger logs received before configuration. Dropping old logs.
08-05 02:45:04.678 17099 17263 W ProxyAndroidLoggerBackend: Too many Flogger logs received before configuration. Dropping old logs.
08-05 02:45:04.679 17099 17263 W ProxyAndroidLoggerBackend: Too many Flogger logs received before configuration. Dropping old logs.
08-05 02:45:04.680 17217 17265 I Finsky:download_service: [5891] juk.a(53): getDownloads().
08-05 02:45:04.681 17099 17263 W ProxyAndroidLoggerBackend: Too many Flogger logs received before configuration. Dropping old logs.
08-05 02:45:04.714 17099 17114 W ProxyAndroidLoggerBackend: Too many Flogger logs received before configuration. Dropping old logs.
08-05 02:45:04.714 17099 17114 W ProxyAndroidLoggerBackend: Too many Flogger logs received before configuration. Dropping old logs.
08-05 02:45:04.714 17099 17114 W ProxyAndroidLoggerBackend: Too many Flogger logs received before configuration. Dropping old logs.
08-05 02:45:04.715 17099 17263 W ProxyAndroidLoggerBackend: Too many Flogger logs received before configuration. Dropping old logs.
08-05 02:45:04.729 15616 16662 E baseline.com.newsblur.network.APIResponse: Error (unexpected end of stream on https://www.newsblur.com/...) calling https://www.newsblur.com/reader/mark_story_hashes_as_read/
08-05 02:45:04.729 15616 16662 E baseline.com.newsblur.network.APIResponse: java.io.IOException: unexpected end of stream on https://www.newsblur.com/...
08-05 02:45:04.729 15616 16662 E baseline.com.newsblur.network.APIResponse: 	at okhttp3.internal.http1.Http1ExchangeCodec.readResponseHeaders(Http1ExchangeCodec.java:236)
08-05 02:45:04.729 15616 16662 E baseline.com.newsblur.network.APIResponse: 	at okhttp3.internal.connection.Exchange.readResponseHeaders(Exchange.java:115)
08-05 02:45:04.729 15616 16662 E baseline.com.newsblur.network.APIResponse: 	at okhttp3.internal.http.CallServerInterceptor.intercept(CallServerInterceptor.java:94)
08-05 02:45:04.729 15616 16662 E baseline.com.newsblur.network.APIResponse: 	at okhttp3.internal.http.RealInterceptorChain.proceed(RealInterceptorChain.java:142)
08-05 02:45:04.729 15616 16662 E baseline.com.newsblur.network.APIResponse: 	at okhttp3.internal.connection.ConnectInterceptor.intercept(ConnectInterceptor.java:43)
08-05 02:45:04.729 15616 16662 E baseline.com.newsblur.network.APIResponse: 	at okhttp3.internal.http.RealInterceptorChain.proceed(RealInterceptorChain.java:142)
08-05 02:45:04.729 15616 16662 E baseline.com.newsblur.network.APIResponse: 	at okhttp3.internal.http.RealInterceptorChain.proceed(RealInterceptorChain.java:117)
08-05 02:45:04.729 15616 16662 E baseline.com.newsblur.network.APIResponse: 	at okhttp3.internal.cache.CacheInterceptor.intercept(CacheInterceptor.java:94)
08-05 02:45:04.729 15616 16662 E baseline.com.newsblur.network.APIResponse: 	at okhttp3.internal.http.RealInterceptorChain.proceed(RealInterceptorChain.java:142)
08-05 02:45:04.729 15616 16662 E baseline.com.newsblur.network.APIResponse: 	at okhttp3.internal.http.RealInterceptorChain.proceed(RealInterceptorChain.java:117)
08-05 02:45:04.729 15616 16662 E baseline.com.newsblur.network.APIResponse: 	at okhttp3.internal.http.BridgeInterceptor.intercept(BridgeInterceptor.java:93)
08-05 02:45:04.729 15616 16662 E baseline.com.newsblur.network.APIResponse: 	at okhttp3.internal.http.RealInterceptorChain.proceed(RealInterceptorChain.java:142)
08-05 02:45:04.729 15616 16662 E baseline.com.newsblur.network.APIResponse: 	at okhttp3.internal.http.RetryAndFollowUpInterceptor.intercept(RetryAndFollowUpInterceptor.java:88)
08-05 02:45:04.729 15616 16662 E baseline.com.newsblur.network.APIResponse: 	at okhttp3.internal.http.RealInterceptorChain.proceed(RealInterceptorChain.java:142)
08-05 02:45:04.729 15616 16662 E baseline.com.newsblur.network.APIResponse: 	at okhttp3.internal.http.RealInterceptorChain.proceed(RealInterceptorChain.java:117)
08-05 02:45:04.729 15616 16662 E baseline.com.newsblur.network.APIResponse: 	at okhttp3.RealCall.getResponseWithInterceptorChain(RealCall.java:229)
08-05 02:45:04.729 15616 16662 E baseline.com.newsblur.network.APIResponse: 	at okhttp3.RealCall.execute(RealCall.java:81)
08-05 02:45:04.729 15616 16662 E baseline.com.newsblur.network.APIResponse: 	at baseline.com.newsblur.network.APIResponse.<init>(APIResponse.java:57)
08-05 02:45:04.729 15616 16662 E baseline.com.newsblur.network.APIResponse: 	at baseline.com.newsblur.network.APIResponse.<init>(APIResponse.java:43)
08-05 02:45:04.729 15616 16662 E baseline.com.newsblur.network.APIResponse: 	at baseline.com.newsblur.network.APIManager.post_single(APIManager.java:702)
08-05 02:45:04.729 15616 16662 E baseline.com.newsblur.network.APIResponse: 	at baseline.com.newsblur.network.APIManager.post(APIManager.java:675)
08-05 02:45:04.729 15616 16662 E baseline.com.newsblur.network.APIResponse: 	at baseline.com.newsblur.network.APIManager.post(APIManager.java:714)
08-05 02:45:04.729 15616 16662 E baseline.com.newsblur.network.APIResponse: 	at baseline.com.newsblur.network.APIManager.markStoryAsRead(APIManager.java:205)
08-05 02:45:04.729 15616 16662 E baseline.com.newsblur.network.APIResponse: 	at baseline.com.newsblur.util.ReadingAction.doRemote(ReadingAction.java:281)
08-05 02:45:04.729 15616 16662 E baseline.com.newsblur.network.APIResponse: 	at baseline.com.newsblur.service.NBSyncService.syncActions(NBSyncService.java:400)
08-05 02:45:04.729 15616 16662 E baseline.com.newsblur.network.APIResponse: 	at baseline.com.newsblur.service.NBSyncService.doSync(NBSyncService.java:298)
08-05 02:45:04.729 15616 16662 E baseline.com.newsblur.network.APIResponse: 	at baseline.com.newsblur.service.NBSyncService.access$100(NBSyncService.java:67)
08-05 02:45:04.729 15616 16662 E baseline.com.newsblur.network.APIResponse: 	at baseline.com.newsblur.service.NBSyncService$1.run(NBSyncService.java:188)
08-05 02:45:04.729 15616 16662 E baseline.com.newsblur.network.APIResponse: 	at java.util.concurrent.ThreadPoolExecutor.runWorker(ThreadPoolExecutor.java:1113)
08-05 02:45:04.729 15616 16662 E baseline.com.newsblur.network.APIResponse: 	at java.util.concurrent.ThreadPoolExecutor$Worker.run(ThreadPoolExecutor.java:588)
08-05 02:45:04.729 15616 16662 E baseline.com.newsblur.network.APIResponse: 	at java.lang.Thread.run(Thread.java:818)
08-05 02:45:04.729 15616 16662 E baseline.com.newsblur.network.APIResponse: Caused by: java.io.EOFException: \n not found: limit=0 content=
08-05 02:45:04.729 15616 16662 E baseline.com.newsblur.network.APIResponse: 	at okio.RealBufferedSource.readUtf8LineStrict(RealBufferedSource.java:240)
08-05 02:45:04.729 15616 16662 E baseline.com.newsblur.network.APIResponse: 	at okhttp3.internal.http1.Http1ExchangeCodec.readHeaderLine(Http1ExchangeCodec.java:242)
08-05 02:45:04.729 15616 16662 E baseline.com.newsblur.network.APIResponse: 	at okhttp3.internal.http1.Http1ExchangeCodec.readResponseHeaders(Http1ExchangeCodec.java:213)
08-05 02:45:04.729 15616 16662 E baseline.com.newsblur.network.APIResponse: 	... 30 more
08-05 02:45:04.730 15616 16662 I baseline.com.newsblur.network.APIManager: API call failed, pausing before retry number 2
08-05 02:45:04.897   918  3188 I hubconnection: sensorhub said: 'set_bias 3: -6.2400, 0.0000, 0.0000'
08-05 02:45:04.920 15616 15856 I art     : Starting a blocking GC Explicit
08-05 02:45:04.971 15616 15856 I art     : Explicit concurrent mark sweep GC freed 3953(357KB) AllocSpace objects, 3(60KB) LOS objects, 28% free, 40MB/56MB, paused 1.516ms total 49.863ms
08-05 02:45:04.985 15616 15856 I art     : Starting a blocking GC Explicit
08-05 02:45:05.028 15616 15856 I art     : Explicit concurrent mark sweep GC freed 119(4KB) AllocSpace objects, 0(0B) LOS objects, 28% free, 40MB/56MB, paused 1.430ms total 43.210ms
08-05 02:45:05.041 15616 15856 I art     : Starting a blocking GC Explicit
08-05 02:45:05.088 15616 15856 I art     : Explicit concurrent mark sweep GC freed 3(96B) AllocSpace objects, 0(0B) LOS objects, 28% free, 40MB/56MB, paused 1.417ms total 47.148ms
08-05 02:45:05.101 15616 15856 I art     : Starting a blocking GC Explicit
08-05 02:45:05.150 15616 15856 I art     : Explicit concurrent mark sweep GC freed 3(96B) AllocSpace objects, 0(0B) LOS objects, 28% free, 40MB/56MB, paused 1.426ms total 48.166ms
08-05 02:45:05.163 15616 15856 I art     : Starting a blocking GC Explicit
08-05 02:45:05.211 13228 13228 W Atfwd_Sendcmd: AtCmdFwd service not published, waiting... retryCnt : 3
08-05 02:45:05.213 15616 15856 I art     : Explicit concurrent mark sweep GC freed 3(96B) AllocSpace objects, 0(0B) LOS objects, 28% free, 40MB/56MB, paused 1.363ms total 49.642ms
08-05 02:45:05.454 17460 17501 W ConnectionTracker: Exception thrown while unbinding
08-05 02:45:05.454 17460 17501 W ConnectionTracker: java.lang.IllegalArgumentException: Service not registered: vlx@b220242
08-05 02:45:05.454 17460 17501 W ConnectionTracker: 	at android.app.LoadedApk.forgetServiceDispatcher(LoadedApk.java:1044)
08-05 02:45:05.454 17460 17501 W ConnectionTracker: 	at android.app.ContextImpl.unbindService(ContextImpl.java:1337)
08-05 02:45:05.454 17460 17501 W ConnectionTracker: 	at android.content.ContextWrapper.unbindService(ContextWrapper.java:616)
08-05 02:45:05.454 17460 17501 W ConnectionTracker: 	at uhp.b(PG:30)
08-05 02:45:05.454 17460 17501 W ConnectionTracker: 	at uhp.a(PG:26)
08-05 02:45:05.454 17460 17501 W ConnectionTracker: 	at vly.q(PG:48)
08-05 02:45:05.454 17460 17501 W ConnectionTracker: 	at vlj.a(PG:5)
08-05 02:45:05.454 17460 17501 W ConnectionTracker: 	at vdg.run(PG:5)
08-05 02:45:05.454 17460 17501 W ConnectionTracker: 	at java.util.concurrent.Executors$RunnableAdapter.call(Executors.java:423)
08-05 02:45:05.454 17460 17501 W ConnectionTracker: 	at java.util.concurrent.FutureTask.run(FutureTask.java:237)
08-05 02:45:05.454 17460 17501 W ConnectionTracker: 	at vin.run(PG:26)
08-05 02:45:05.614 15616 15647 I art     : Starting a blocking GC Explicit
08-05 02:45:05.667 15616 15647 I art     : Explicit concurrent mark sweep GC freed 1443(83KB) AllocSpace objects, 1(20KB) LOS objects, 28% free, 40MB/56MB, paused 1.301ms total 52.421ms
08-05 02:45:05.682 15616 15647 I art     : Starting a blocking GC Explicit
08-05 02:45:05.729 15616 15647 I art     : Explicit concurrent mark sweep GC freed 22(784B) AllocSpace objects, 0(0B) LOS objects, 28% free, 40MB/56MB, paused 1.412ms total 46.573ms
08-05 02:45:05.742 15616 15647 I art     : Starting a blocking GC Explicit
08-05 02:45:05.792 15616 15647 I art     : Explicit concurrent mark sweep GC freed 3(96B) AllocSpace objects, 0(0B) LOS objects, 28% free, 40MB/56MB, paused 1.460ms total 48.847ms
08-05 02:45:05.805 15616 15647 I art     : Starting a blocking GC Explicit
08-05 02:45:05.853 15616 15647 I art     : Explicit concurrent mark sweep GC freed 3(96B) AllocSpace objects, 0(0B) LOS objects, 28% free, 40MB/56MB, paused 1.385ms total 47.420ms
08-05 02:45:05.866 15616 15647 I art     : Starting a blocking GC Explicit
08-05 02:45:05.915 15616 15647 I art     : Explicit concurrent mark sweep GC freed 3(96B) AllocSpace objects, 0(0B) LOS objects, 28% free, 40MB/56MB, paused 1.446ms total 49.156ms
08-05 02:45:06.149   719 17751 I BgTaskExecutorImpl: Starting EXCLUSIVE background task UPDATE_HOTWORD_MODELS.
08-05 02:45:06.160   719 17551 I ModelDownloadController: requestHotwordModelUpdate modelType-1 modelLocale-en-US
08-05 02:45:06.161   719 17551 I ModelDownloadController: #maybeDownloadHotwordModelWithMDD with locale: en-US, modelType: 1.
08-05 02:45:06.161   719 17551 I ModelDownloadController: Skipping MDD query because model was already downloaded for locale
08-05 02:45:06.293 15616 16533 I art     : Starting a blocking GC Explicit
08-05 02:45:06.344 15616 16533 I art     : Explicit concurrent mark sweep GC freed 1442(83KB) AllocSpace objects, 1(20KB) LOS objects, 28% free, 40MB/56MB, paused 1.492ms total 51.175ms
08-05 02:45:06.361 15616 16533 I art     : Starting a blocking GC Explicit
08-05 02:45:06.410 15616 16533 I art     : Explicit concurrent mark sweep GC freed 22(784B) AllocSpace objects, 0(0B) LOS objects, 28% free, 40MB/56MB, paused 1.484ms total 48.276ms
08-05 02:45:06.423 15616 16533 I art     : Starting a blocking GC Explicit
08-05 02:45:06.471 15616 16533 I art     : Explicit concurrent mark sweep GC freed 3(96B) AllocSpace objects, 0(0B) LOS objects, 28% free, 40MB/56MB, paused 1.301ms total 47.813ms
08-05 02:45:06.484 15616 16533 I art     : Starting a blocking GC Explicit
08-05 02:45:06.532 15616 16533 I art     : Explicit concurrent mark sweep GC freed 3(96B) AllocSpace objects, 0(0B) LOS objects, 28% free, 40MB/56MB, paused 1.459ms total 47.963ms
08-05 02:45:06.546 15616 16533 I art     : Starting a blocking GC Explicit
08-05 02:45:06.590 15616 16533 I art     : Explicit concurrent mark sweep GC freed 3(96B) AllocSpace objects, 0(0B) LOS objects, 28% free, 40MB/56MB, paused 1.284ms total 44.447ms
08-05 02:45:06.933 15616 15629 I art     : Starting a blocking GC Explicit
08-05 02:45:06.980 15616 15629 I art     : Explicit concurrent mark sweep GC freed 1443(83KB) AllocSpace objects, 1(20KB) LOS objects, 28% free, 40MB/56MB, paused 1.447ms total 46.797ms
08-05 02:45:06.993 15616 15629 I art     : Starting a blocking GC Explicit
08-05 02:45:07.041 15616 15629 I art     : Explicit concurrent mark sweep GC freed 22(784B) AllocSpace objects, 0(0B) LOS objects, 28% free, 40MB/56MB, paused 1.437ms total 47.319ms
08-05 02:45:07.054 15616 15629 I art     : Starting a blocking GC Explicit
08-05 02:45:07.095 17754 17754 D AndroidRuntime: >>>>>> START com.android.internal.os.RuntimeInit uid 2000 <<<<<<
08-05 02:45:07.099 15616 15629 I art     : Explicit concurrent mark sweep GC freed 3(96B) AllocSpace objects, 0(0B) LOS objects, 28% free, 40MB/56MB, paused 1.520ms total 44.754ms
08-05 02:45:07.101 17754 17754 D AndroidRuntime: CheckJNI is OFF
08-05 02:45:07.113 15616 15629 I art     : Starting a blocking GC Explicit
08-05 02:45:07.146 17754 17754 D ICU     : No timezone override file found: /data/misc/zoneinfo/current/icu/icu_tzdata.dat
08-05 02:45:07.159 15616 15629 I art     : Explicit concurrent mark sweep GC freed 3(96B) AllocSpace objects, 0(0B) LOS objects, 28% free, 40MB/56MB, paused 1.539ms total 46.345ms
08-05 02:45:07.173 15616 15629 I art     : Starting a blocking GC Explicit
08-05 02:45:07.195 17754 17754 I Radio-JNI: register_android_hardware_Radio DONE
08-05 02:45:07.219 15616 15629 I art     : Explicit concurrent mark sweep GC freed 3(96B) AllocSpace objects, 0(0B) LOS objects, 28% free, 40MB/56MB, paused 1.435ms total 45.813ms
08-05 02:45:07.225 17754 17754 D AndroidRuntime: Calling main entry com.android.commands.input.Input
08-05 02:45:07.228 17754 17754 I Input   : injectKeyEvent: KeyEvent { action=ACTION_DOWN, keyCode=KEYCODE_BACK, scanCode=0, metaState=0, flags=0x0, repeatCount=0, eventTime=758723640, downTime=758723640, deviceId=-1, source=0x101 }
08-05 02:45:07.234 17754 17754 I Input   : injectKeyEvent: KeyEvent { action=ACTION_UP, keyCode=KEYCODE_BACK, scanCode=0, metaState=0, flags=0x0, repeatCount=0, eventTime=758723640, downTime=758723640, deviceId=-1, source=0x101 }
08-05 02:45:07.244 17754 17754 D AndroidRuntime: Shutting down VM
08-05 02:45:07.414 13866 13866 I GoogleInputMethodServic: GoogleInputMethodService.onFinishInput():3138 
08-05 02:45:07.415 13866 13866 I GoogleInputMethodServic: GoogleInputMethodService.onStartInput():1808 
08-05 02:45:07.565 15616 15856 I art     : Starting a blocking GC Explicit
08-05 02:45:07.614 15616 15856 I art     : Explicit concurrent mark sweep GC freed 4296(340KB) AllocSpace objects, 7(148KB) LOS objects, 28% free, 40MB/56MB, paused 1.473ms total 48.443ms
08-05 02:45:07.627 15616 15856 I art     : Starting a blocking GC Explicit
08-05 02:45:07.676 15616 15856 I art     : Explicit concurrent mark sweep GC freed 185(9KB) AllocSpace objects, 0(0B) LOS objects, 28% free, 40MB/56MB, paused 1.356ms total 48.549ms
08-05 02:45:07.692 15616 15856 I art     : Starting a blocking GC Explicit
08-05 02:45:07.736 15616 15856 I art     : Explicit concurrent mark sweep GC freed 55(2320B) AllocSpace objects, 0(0B) LOS objects, 28% free, 40MB/56MB, paused 1.473ms total 43.256ms
08-05 02:45:07.748 15616 15856 I art     : Starting a blocking GC Explicit
08-05 02:45:07.792 15616 15856 I art     : Explicit concurrent mark sweep GC freed 1283(57KB) AllocSpace objects, 0(0B) LOS objects, 28% free, 40MB/56MB, paused 1.331ms total 43.326ms
08-05 02:45:07.805 15616 15856 I art     : Starting a blocking GC Explicit
08-05 02:45:07.854 15616 15856 I art     : Explicit concurrent mark sweep GC freed 70(6KB) AllocSpace objects, 0(0B) LOS objects, 28% free, 40MB/56MB, paused 1.566ms total 48.135ms
08-05 02:45:08.218 15616 15629 I art     : Starting a blocking GC Explicit
08-05 02:45:08.272 15616 15629 I art     : Explicit concurrent mark sweep GC freed 3274(158KB) AllocSpace objects, 1(20KB) LOS objects, 28% free, 40MB/56MB, paused 1.732ms total 53.938ms
08-05 02:45:08.287 15616 15629 I art     : Starting a blocking GC Explicit
08-05 02:45:08.313 15616 16662 E baseline.com.newsblur.network.APIResponse: Error (unexpected end of stream on https://www.newsblur.com/...) calling https://www.newsblur.com/reader/mark_story_hashes_as_read/
08-05 02:45:08.313 15616 16662 E baseline.com.newsblur.network.APIResponse: java.io.IOException: unexpected end of stream on https://www.newsblur.com/...
08-05 02:45:08.313 15616 16662 E baseline.com.newsblur.network.APIResponse: 	at okhttp3.internal.http1.Http1ExchangeCodec.readResponseHeaders(Http1ExchangeCodec.java:236)
08-05 02:45:08.313 15616 16662 E baseline.com.newsblur.network.APIResponse: 	at okhttp3.internal.connection.Exchange.readResponseHeaders(Exchange.java:115)
08-05 02:45:08.313 15616 16662 E baseline.com.newsblur.network.APIResponse: 	at okhttp3.internal.http.CallServerInterceptor.intercept(CallServerInterceptor.java:94)
08-05 02:45:08.313 15616 16662 E baseline.com.newsblur.network.APIResponse: 	at okhttp3.internal.http.RealInterceptorChain.proceed(RealInterceptorChain.java:142)
08-05 02:45:08.313 15616 16662 E baseline.com.newsblur.network.APIResponse: 	at okhttp3.internal.connection.ConnectInterceptor.intercept(ConnectInterceptor.java:43)
08-05 02:45:08.313 15616 16662 E baseline.com.newsblur.network.APIResponse: 	at okhttp3.internal.http.RealInterceptorChain.proceed(RealInterceptorChain.java:142)
08-05 02:45:08.313 15616 16662 E baseline.com.newsblur.network.APIResponse: 	at okhttp3.internal.http.RealInterceptorChain.proceed(RealInterceptorChain.java:117)
08-05 02:45:08.313 15616 16662 E baseline.com.newsblur.network.APIResponse: 	at okhttp3.internal.cache.CacheInterceptor.intercept(CacheInterceptor.java:94)
08-05 02:45:08.313 15616 16662 E baseline.com.newsblur.network.APIResponse: 	at okhttp3.internal.http.RealInterceptorChain.proceed(RealInterceptorChain.java:142)
08-05 02:45:08.313 15616 16662 E baseline.com.newsblur.network.APIResponse: 	at okhttp3.internal.http.RealInterceptorChain.proceed(RealInterceptorChain.java:117)
08-05 02:45:08.313 15616 16662 E baseline.com.newsblur.network.APIResponse: 	at okhttp3.internal.http.BridgeInterceptor.intercept(BridgeInterceptor.java:93)
08-05 02:45:08.313 15616 16662 E baseline.com.newsblur.network.APIResponse: 	at okhttp3.internal.http.RealInterceptorChain.proceed(RealInterceptorChain.java:142)
08-05 02:45:08.313 15616 16662 E baseline.com.newsblur.network.APIResponse: 	at okhttp3.internal.http.RetryAndFollowUpInterceptor.intercept(RetryAndFollowUpInterceptor.java:88)
08-05 02:45:08.313 15616 16662 E baseline.com.newsblur.network.APIResponse: 	at okhttp3.internal.http.RealInterceptorChain.proceed(RealInterceptorChain.java:142)
08-05 02:45:08.313 15616 16662 E baseline.com.newsblur.network.APIResponse: 	at okhttp3.internal.http.RealInterceptorChain.proceed(RealInterceptorChain.java:117)
08-05 02:45:08.313 15616 16662 E baseline.com.newsblur.network.APIResponse: 	at okhttp3.RealCall.getResponseWithInterceptorChain(RealCall.java:229)
08-05 02:45:08.313 15616 16662 E baseline.com.newsblur.network.APIResponse: 	at okhttp3.RealCall.execute(RealCall.java:81)
08-05 02:45:08.313 15616 16662 E baseline.com.newsblur.network.APIResponse: 	at baseline.com.newsblur.network.APIResponse.<init>(APIResponse.java:57)
08-05 02:45:08.313 15616 16662 E baseline.com.newsblur.network.APIResponse: 	at baseline.com.newsblur.network.APIResponse.<init>(APIResponse.java:43)
08-05 02:45:08.313 15616 16662 E baseline.com.newsblur.network.APIResponse: 	at baseline.com.newsblur.network.APIManager.post_single(APIManager.java:702)
08-05 02:45:08.313 15616 16662 E baseline.com.newsblur.network.APIResponse: 	at baseline.com.newsblur.network.APIManager.post(APIManager.java:675)
08-05 02:45:08.313 15616 16662 E baseline.com.newsblur.network.APIResponse: 	at baseline.com.newsblur.network.APIManager.post(APIManager.java:714)
08-05 02:45:08.313 15616 16662 E baseline.com.newsblur.network.APIResponse: 	at baseline.com.newsblur.network.APIManager.markStoryAsRead(APIManager.java:205)
08-05 02:45:08.313 15616 16662 E baseline.com.newsblur.network.APIResponse: 	at baseline.com.newsblur.util.ReadingAction.doRemote(ReadingAction.java:281)
08-05 02:45:08.313 15616 16662 E baseline.com.newsblur.network.APIResponse: 	at baseline.com.newsblur.service.NBSyncService.syncActions(NBSyncService.java:400)
08-05 02:45:08.313 15616 16662 E baseline.com.newsblur.network.APIResponse: 	at baseline.com.newsblur.service.NBSyncService.doSync(NBSyncService.java:298)
08-05 02:45:08.313 15616 16662 E baseline.com.newsblur.network.APIResponse: 	at baseline.com.newsblur.service.NBSyncService.access$100(NBSyncService.java:67)
08-05 02:45:08.313 15616 16662 E baseline.com.newsblur.network.APIResponse: 	at baseline.com.newsblur.service.NBSyncService$1.run(NBSyncService.java:188)
08-05 02:45:08.313 15616 16662 E baseline.com.newsblur.network.APIResponse: 	at java.util.concurrent.ThreadPoolExecutor.runWorker(ThreadPoolExecutor.java:1113)
08-05 02:45:08.313 15616 16662 E baseline.com.newsblur.network.APIResponse: 	at java.util.concurrent.ThreadPoolExecutor$Worker.run(ThreadPoolExecutor.java:588)
08-05 02:45:08.313 15616 16662 E baseline.com.newsblur.network.APIResponse: 	at java.lang.Thread.run(Thread.java:818)
08-05 02:45:08.313 15616 16662 E baseline.com.newsblur.network.APIResponse: Caused by: java.io.EOFException: \n not found: limit=0 content=
08-05 02:45:08.313 15616 16662 E baseline.com.newsblur.network.APIResponse: 	at okio.RealBufferedSource.readUtf8LineStrict(RealBufferedSource.java:240)
08-05 02:45:08.313 15616 16662 E baseline.com.newsblur.network.APIResponse: 	at okhttp3.internal.http1.Http1ExchangeCodec.readHeaderLine(Http1ExchangeCodec.java:242)
08-05 02:45:08.313 15616 16662 E baseline.com.newsblur.network.APIResponse: 	at okhttp3.internal.http1.Http1ExchangeCodec.readResponseHeaders(Http1ExchangeCodec.java:213)
08-05 02:45:08.313 15616 16662 E baseline.com.newsblur.network.APIResponse: 	... 30 more
08-05 02:45:08.315 15616 16662 I baseline.com.newsblur.service.NBSyncService: Holding reading action with server-side or network error.
08-05 02:45:08.330 15616 16662 W baseline.com.newsblur.service.NBSyncService: hard API failure
08-05 02:45:08.332 15616 15629 I art     : Explicit concurrent mark sweep GC freed 913(199KB) AllocSpace objects, 2(40KB) LOS objects, 28% free, 40MB/56MB, paused 1.439ms total 44.920ms
08-05 02:45:08.335 15616 16662 I baseline.com.newsblur.service.NBSyncService: 1 outstanding actions, yielding metadata sync
08-05 02:45:08.347 15616 15629 I art     : Starting a blocking GC Explicit
08-05 02:45:08.393 15616 15629 I art     : Explicit concurrent mark sweep GC freed 831(126KB) AllocSpace objects, 5(100KB) LOS objects, 28% free, 40MB/56MB, paused 1.343ms total 45.061ms
08-05 02:45:08.406 15616 15629 I art     : Starting a blocking GC Explicit
08-05 02:45:08.453 15616 15629 I art     : Explicit concurrent mark sweep GC freed 137(5KB) AllocSpace objects, 0(0B) LOS objects, 28% free, 40MB/56MB, paused 1.442ms total 47.496ms
08-05 02:45:08.468 15616 15629 I art     : Starting a blocking GC Explicit
08-05 02:45:08.513 15616 15629 I art     : Explicit concurrent mark sweep GC freed 11(352B) AllocSpace objects, 0(0B) LOS objects, 28% free, 40MB/56MB, paused 1.472ms total 45.318ms
08-05 02:45:08.828 15616 16662 E baseline.com.newsblur.network.APIResponse: Error (unexpected end of stream on https://www.newsblur.com/...) calling https://www.newsblur.com/reader/mark_story_hashes_as_read/
08-05 02:45:08.828 15616 16662 E baseline.com.newsblur.network.APIResponse: java.io.IOException: unexpected end of stream on https://www.newsblur.com/...
08-05 02:45:08.828 15616 16662 E baseline.com.newsblur.network.APIResponse: 	at okhttp3.internal.http1.Http1ExchangeCodec.readResponseHeaders(Http1ExchangeCodec.java:236)
08-05 02:45:08.828 15616 16662 E baseline.com.newsblur.network.APIResponse: 	at okhttp3.internal.connection.Exchange.readResponseHeaders(Exchange.java:115)
08-05 02:45:08.828 15616 16662 E baseline.com.newsblur.network.APIResponse: 	at okhttp3.internal.http.CallServerInterceptor.intercept(CallServerInterceptor.java:94)
08-05 02:45:08.828 15616 16662 E baseline.com.newsblur.network.APIResponse: 	at okhttp3.internal.http.RealInterceptorChain.proceed(RealInterceptorChain.java:142)
08-05 02:45:08.828 15616 16662 E baseline.com.newsblur.network.APIResponse: 	at okhttp3.internal.connection.ConnectInterceptor.intercept(ConnectInterceptor.java:43)
08-05 02:45:08.828 15616 16662 E baseline.com.newsblur.network.APIResponse: 	at okhttp3.internal.http.RealInterceptorChain.proceed(RealInterceptorChain.java:142)
08-05 02:45:08.828 15616 16662 E baseline.com.newsblur.network.APIResponse: 	at okhttp3.internal.http.RealInterceptorChain.proceed(RealInterceptorChain.java:117)
08-05 02:45:08.828 15616 16662 E baseline.com.newsblur.network.APIResponse: 	at okhttp3.internal.cache.CacheInterceptor.intercept(CacheInterceptor.java:94)
08-05 02:45:08.828 15616 16662 E baseline.com.newsblur.network.APIResponse: 	at okhttp3.internal.http.RealInterceptorChain.proceed(RealInterceptorChain.java:142)
08-05 02:45:08.828 15616 16662 E baseline.com.newsblur.network.APIResponse: 	at okhttp3.internal.http.RealInterceptorChain.proceed(RealInterceptorChain.java:117)
08-05 02:45:08.828 15616 16662 E baseline.com.newsblur.network.APIResponse: 	at okhttp3.internal.http.BridgeInterceptor.intercept(BridgeInterceptor.java:93)
08-05 02:45:08.828 15616 16662 E baseline.com.newsblur.network.APIResponse: 	at okhttp3.internal.http.RealInterceptorChain.proceed(RealInterceptorChain.java:142)
08-05 02:45:08.828 15616 16662 E baseline.com.newsblur.network.APIResponse: 	at okhttp3.internal.http.RetryAndFollowUpInterceptor.intercept(RetryAndFollowUpInterceptor.java:88)
08-05 02:45:08.828 15616 16662 E baseline.com.newsblur.network.APIResponse: 	at okhttp3.internal.http.RealInterceptorChain.proceed(RealInterceptorChain.java:142)
08-05 02:45:08.828 15616 16662 E baseline.com.newsblur.network.APIResponse: 	at okhttp3.internal.http.RealInterceptorChain.proceed(RealInterceptorChain.java:117)
08-05 02:45:08.828 15616 16662 E baseline.com.newsblur.network.APIResponse: 	at okhttp3.RealCall.getResponseWithInterceptorChain(RealCall.java:229)
08-05 02:45:08.828 15616 16662 E baseline.com.newsblur.network.APIResponse: 	at okhttp3.RealCall.execute(RealCall.java:81)
08-05 02:45:08.828 15616 16662 E baseline.com.newsblur.network.APIResponse: 	at baseline.com.newsblur.network.APIResponse.<init>(APIResponse.java:57)
08-05 02:45:08.828 15616 16662 E baseline.com.newsblur.network.APIResponse: 	at baseline.com.newsblur.network.APIResponse.<init>(APIResponse.java:43)
08-05 02:45:08.828 15616 16662 E baseline.com.newsblur.network.APIResponse: 	at baseline.com.newsblur.network.APIManager.post_single(APIManager.java:702)
08-05 02:45:08.828 15616 16662 E baseline.com.newsblur.network.APIResponse: 	at baseline.com.newsblur.network.APIManager.post(APIManager.java:675)
08-05 02:45:08.828 15616 16662 E baseline.com.newsblur.network.APIResponse: 	at baseline.com.newsblur.network.APIManager.post(APIManager.java:714)
08-05 02:45:08.828 15616 16662 E baseline.com.newsblur.network.APIResponse: 	at baseline.com.newsblur.network.APIManager.markStoryAsRead(APIManager.java:205)
08-05 02:45:08.828 15616 16662 E baseline.com.newsblur.network.APIResponse: 	at baseline.com.newsblur.util.ReadingAction.doRemote(ReadingAction.java:281)
08-05 02:45:08.828 15616 16662 E baseline.com.newsblur.network.APIResponse: 	at baseline.com.newsblur.service.NBSyncService.syncActions(NBSyncService.java:400)
08-05 02:45:08.828 15616 16662 E baseline.com.newsblur.network.APIResponse: 	at baseline.com.newsblur.service.NBSyncService.doSync(NBSyncService.java:298)
08-05 02:45:08.828 15616 16662 E baseline.com.newsblur.network.APIResponse: 	at baseline.com.newsblur.service.NBSyncService.access$100(NBSyncService.java:67)
08-05 02:45:08.828 15616 16662 E baseline.com.newsblur.network.APIResponse: 	at baseline.com.newsblur.service.NBSyncService$1.run(NBSyncService.java:188)
08-05 02:45:08.828 15616 16662 E baseline.com.newsblur.network.APIResponse: 	at java.util.concurrent.ThreadPoolExecutor.runWorker(ThreadPoolExecutor.java:1113)
08-05 02:45:08.828 15616 16662 E baseline.com.newsblur.network.APIResponse: 	at java.util.concurrent.ThreadPoolExecutor$Worker.run(ThreadPoolExecutor.java:588)
08-05 02:45:08.828 15616 16662 E baseline.com.newsblur.network.APIResponse: 	at java.lang.Thread.run(Thread.java:818)
08-05 02:45:08.828 15616 16662 E baseline.com.newsblur.network.APIResponse: Caused by: java.io.EOFException: \n not found: limit=0 content=
08-05 02:45:08.828 15616 16662 E baseline.com.newsblur.network.APIResponse: 	at okio.RealBufferedSource.readUtf8LineStrict(RealBufferedSource.java:240)
08-05 02:45:08.828 15616 16662 E baseline.com.newsblur.network.APIResponse: 	at okhttp3.internal.http1.Http1ExchangeCodec.readHeaderLine(Http1ExchangeCodec.java:242)
08-05 02:45:08.828 15616 16662 E baseline.com.newsblur.network.APIResponse: 	at okhttp3.internal.http1.Http1ExchangeCodec.readResponseHeaders(Http1ExchangeCodec.java:213)
08-05 02:45:08.828 15616 16662 E baseline.com.newsblur.network.APIResponse: 	... 30 more
08-05 02:45:08.830 15616 16662 I baseline.com.newsblur.network.APIManager: API call failed, pausing before retry number 1
08-05 02:45:08.868 15616 15647 I art     : Starting a blocking GC Explicit
08-05 02:45:08.918 15616 15647 I art     : Explicit concurrent mark sweep GC freed 3993(358KB) AllocSpace objects, 3(60KB) LOS objects, 28% free, 40MB/56MB, paused 1.437ms total 49.625ms
08-05 02:45:08.931 15616 15647 I art     : Starting a blocking GC Explicit
08-05 02:45:08.977 15616 15647 I art     : Explicit concurrent mark sweep GC freed 120(4KB) AllocSpace objects, 0(0B) LOS objects, 28% free, 40MB/56MB, paused 1.446ms total 45.867ms
08-05 02:45:08.991 15616 15647 I art     : Starting a blocking GC Explicit
08-05 02:45:09.018 17797 17797 D AndroidRuntime: >>>>>> START com.android.internal.os.RuntimeInit uid 2000 <<<<<<
08-05 02:45:09.024 17797 17797 D AndroidRuntime: CheckJNI is OFF
08-05 02:45:09.039 15616 15647 I art     : Explicit concurrent mark sweep GC freed 3(96B) AllocSpace objects, 0(0B) LOS objects, 28% free, 40MB/56MB, paused 1.508ms total 48.556ms
08-05 02:45:09.052 15616 15647 I art     : Starting a blocking GC Explicit
08-05 02:45:09.073 17797 17797 D ICU     : No timezone override file found: /data/misc/zoneinfo/current/icu/icu_tzdata.dat
08-05 02:45:09.098 15616 15647 I art     : Explicit concurrent mark sweep GC freed 3(96B) AllocSpace objects, 0(0B) LOS objects, 28% free, 40MB/56MB, paused 1.577ms total 45.745ms
08-05 02:45:09.111 15616 15647 I art     : Starting a blocking GC Explicit
08-05 02:45:09.118 17797 17797 I Radio-JNI: register_android_hardware_Radio DONE
08-05 02:45:09.147 17797 17797 D AndroidRuntime: Calling main entry com.android.commands.input.Input
08-05 02:45:09.149 17797 17797 I Input   : injectKeyEvent: KeyEvent { action=ACTION_DOWN, keyCode=KEYCODE_BACK, scanCode=0, metaState=0, flags=0x0, repeatCount=0, eventTime=758725562, downTime=758725562, deviceId=-1, source=0x101 }
08-05 02:45:09.155 17797 17797 I Input   : injectKeyEvent: KeyEvent { action=ACTION_UP, keyCode=KEYCODE_BACK, scanCode=0, metaState=0, flags=0x0, repeatCount=0, eventTime=758725562, downTime=758725562, deviceId=-1, source=0x101 }
08-05 02:45:09.159 15616 15647 I art     : Explicit concurrent mark sweep GC freed 5(208B) AllocSpace objects, 0(0B) LOS objects, 28% free, 40MB/56MB, paused 1.797ms total 47.559ms
08-05 02:45:09.163 17797 17797 D AndroidRuntime: Shutting down VM
08-05 02:45:09.359 13866 13866 I GoogleInputMethodServic: GoogleInputMethodService.onFinishInput():3138 
08-05 02:45:09.364 13866 13866 I GoogleInputMethodServic: GoogleInputMethodService.onStartInput():1808 
08-05 02:45:09.387 17460 17693 I BugleDataModel: FixupMessageStatusOnStartupAction: sendFailedCnt: 0, downloadFailedCnt: 0, partsProcessingFailedCnt: 0
08-05 02:45:09.425 17460 17693 I BugleDataModel: PendingMessagesProcessor: process from FixupMessageStatusOnStartupAction due to connectivity changed with queues:
08-05 02:45:09.425 17460 17693 I BugleDataModel: ProcessPendingMessagesTimers: cleared next retry time for channel sms_send 
08-05 02:45:09.425 17460 17693 I BugleDataModel: ProcessPendingMessagesTimers: cleared next retry time for channel mms_send 
08-05 02:45:09.425 17460 17693 I BugleDataModel: ProcessPendingMessagesTimers: cleared next retry time for channel mms_download 
08-05 02:45:09.425 17460 17693 I BugleDataModel: ProcessPendingMessagesTimers: cleared next retry time for channel rcs_send 
08-05 02:45:09.426 17460 17693 I BugleDataModel: ProcessPendingMessagesTimers: cleared next retry time for channel rcs_ft_upload 
08-05 02:45:09.426 17460 17693 I BugleDataModel: ProcessPendingMessagesTimers: cleared next retry time for channel rcs_ft_download 
08-05 02:45:09.426 17460 17693 I BugleDataModel: ProcessPendingMessagesTimers: cleared next retry time for channel cloud_sync_send 
08-05 02:45:09.426 17460 17693 I BugleDataModel: ProcessPendingMessagesTimers: cleared next retry time for channel cloud_sync_attachment_download 
08-05 02:45:09.426   918  1210 D NetlinkSocketObserver: NeighborEvent{elapsedMs=1742113301, 192.168.2.254, [7C3953A63323], RTM_NEWNEIGH, NUD_STALE}
08-05 02:45:09.434 17460 17693 I BugleDataModel: PendingMessagesProcessor: process from ProcessPendingMessagesAction due to scheduled processing with queues:
08-05 02:45:09.499 15616 15647 I art     : Starting a blocking GC Explicit
08-05 02:45:09.543 15616 15647 I art     : Explicit concurrent mark sweep GC freed 14007(905KB) AllocSpace objects, 13(260KB) LOS objects, 28% free, 40MB/56MB, paused 1.374ms total 43.321ms
08-05 02:45:09.556 15616 15647 I art     : Starting a blocking GC Explicit
08-05 02:45:09.599 15616 15647 I art     : Explicit concurrent mark sweep GC freed 231(9KB) AllocSpace objects, 0(0B) LOS objects, 28% free, 40MB/56MB, paused 1.465ms total 42.475ms
08-05 02:45:09.611 15616 15647 I art     : Starting a blocking GC Explicit
08-05 02:45:09.653 15616 15647 I art     : Explicit concurrent mark sweep GC freed 3(96B) AllocSpace objects, 0(0B) LOS objects, 28% free, 40MB/56MB, paused 1.235ms total 42.075ms
08-05 02:45:09.666 15616 15647 I art     : Starting a blocking GC Explicit
08-05 02:45:09.709 15616 15647 I art     : Explicit concurrent mark sweep GC freed 3(96B) AllocSpace objects, 0(0B) LOS objects, 28% free, 40MB/56MB, paused 1.416ms total 42.608ms
08-05 02:45:09.721 15616 15647 I art     : Starting a blocking GC Explicit
08-05 02:45:09.765 15616 15647 I art     : Explicit concurrent mark sweep GC freed 448(19KB) AllocSpace objects, 0(0B) LOS objects, 28% free, 40MB/56MB, paused 1.305ms total 43.515ms
08-05 02:45:10.127 15616 15647 I art     : Starting a blocking GC Explicit
08-05 02:45:10.177 15616 15647 I art     : Explicit concurrent mark sweep GC freed 1490(84KB) AllocSpace objects, 1(20KB) LOS objects, 28% free, 40MB/56MB, paused 1.468ms total 50.120ms
08-05 02:45:10.192 15616 15647 I art     : Starting a blocking GC Explicit
08-05 02:45:10.239 15616 15647 I art     : Explicit concurrent mark sweep GC freed 167(7KB) AllocSpace objects, 0(0B) LOS objects, 28% free, 40MB/56MB, paused 1.642ms total 46.609ms
08-05 02:45:10.252 15616 15647 I art     : Starting a blocking GC Explicit
08-05 02:45:10.274 17460 17695 I BugleJobs: GenericWorkerQueueAction: Bailing early, no work found, no failed work found
08-05 02:45:10.292 15616 15647 I art     : Explicit concurrent mark sweep GC freed 9(288B) AllocSpace objects, 0(0B) LOS objects, 28% free, 40MB/56MB, paused 1.380ms total 39.759ms
08-05 02:45:10.304 15616 15647 I art     : Starting a blocking GC Explicit
08-05 02:45:10.348 15616 15647 I art     : Explicit concurrent mark sweep GC freed 101(3KB) AllocSpace objects, 0(0B) LOS objects, 28% free, 40MB/56MB, paused 1.464ms total 42.977ms
08-05 02:45:10.362 15616 15647 I art     : Starting a blocking GC Explicit
08-05 02:45:10.404 15616 15647 I art     : Explicit concurrent mark sweep GC freed 16(576B) AllocSpace objects, 0(0B) LOS objects, 28% free, 40MB/56MB, paused 1.387ms total 42.651ms
08-05 02:45:10.745 15616 15627 I art     : Starting a blocking GC Explicit
08-05 02:45:10.795 15616 15627 I art     : Explicit concurrent mark sweep GC freed 1597(91KB) AllocSpace objects, 1(20KB) LOS objects, 28% free, 40MB/56MB, paused 1.587ms total 49.886ms
08-05 02:45:10.809 15616 15627 I art     : Starting a blocking GC Explicit
08-05 02:45:10.854 15616 15627 I art     : Explicit concurrent mark sweep GC freed 1712(66KB) AllocSpace objects, 0(0B) LOS objects, 28% free, 40MB/56MB, paused 1.507ms total 45.123ms
08-05 02:45:10.867 15616 15627 I art     : Starting a blocking GC Explicit
08-05 02:45:10.878 15616 16662 E baseline.com.newsblur.network.APIResponse: Error (unexpected end of stream on https://www.newsblur.com/...) calling https://www.newsblur.com/reader/mark_story_hashes_as_read/
08-05 02:45:10.878 15616 16662 E baseline.com.newsblur.network.APIResponse: java.io.IOException: unexpected end of stream on https://www.newsblur.com/...
08-05 02:45:10.878 15616 16662 E baseline.com.newsblur.network.APIResponse: 	at okhttp3.internal.http1.Http1ExchangeCodec.readResponseHeaders(Http1ExchangeCodec.java:236)
08-05 02:45:10.878 15616 16662 E baseline.com.newsblur.network.APIResponse: 	at okhttp3.internal.connection.Exchange.readResponseHeaders(Exchange.java:115)
08-05 02:45:10.878 15616 16662 E baseline.com.newsblur.network.APIResponse: 	at okhttp3.internal.http.CallServerInterceptor.intercept(CallServerInterceptor.java:94)
08-05 02:45:10.878 15616 16662 E baseline.com.newsblur.network.APIResponse: 	at okhttp3.internal.http.RealInterceptorChain.proceed(RealInterceptorChain.java:142)
08-05 02:45:10.878 15616 16662 E baseline.com.newsblur.network.APIResponse: 	at okhttp3.internal.connection.ConnectInterceptor.intercept(ConnectInterceptor.java:43)
08-05 02:45:10.878 15616 16662 E baseline.com.newsblur.network.APIResponse: 	at okhttp3.internal.http.RealInterceptorChain.proceed(RealInterceptorChain.java:142)
08-05 02:45:10.878 15616 16662 E baseline.com.newsblur.network.APIResponse: 	at okhttp3.internal.http.RealInterceptorChain.proceed(RealInterceptorChain.java:117)
08-05 02:45:10.878 15616 16662 E baseline.com.newsblur.network.APIResponse: 	at okhttp3.internal.cache.CacheInterceptor.intercept(CacheInterceptor.java:94)
08-05 02:45:10.878 15616 16662 E baseline.com.newsblur.network.APIResponse: 	at okhttp3.internal.http.RealInterceptorChain.proceed(RealInterceptorChain.java:142)
08-05 02:45:10.878 15616 16662 E baseline.com.newsblur.network.APIResponse: 	at okhttp3.internal.http.RealInterceptorChain.proceed(RealInterceptorChain.java:117)
08-05 02:45:10.878 15616 16662 E baseline.com.newsblur.network.APIResponse: 	at okhttp3.internal.http.BridgeInterceptor.intercept(BridgeInterceptor.java:93)
08-05 02:45:10.878 15616 16662 E baseline.com.newsblur.network.APIResponse: 	at okhttp3.internal.http.RealInterceptorChain.proceed(RealInterceptorChain.java:142)
08-05 02:45:10.878 15616 16662 E baseline.com.newsblur.network.APIResponse: 	at okhttp3.internal.http.RetryAndFollowUpInterceptor.intercept(RetryAndFollowUpInterceptor.java:88)
08-05 02:45:10.878 15616 16662 E baseline.com.newsblur.network.APIResponse: 	at okhttp3.internal.http.RealInterceptorChain.proceed(RealInterceptorChain.java:142)
08-05 02:45:10.878 15616 16662 E baseline.com.newsblur.network.APIResponse: 	at okhttp3.internal.http.RealInterceptorChain.proceed(RealInterceptorChain.java:117)
08-05 02:45:10.878 15616 16662 E baseline.com.newsblur.network.APIResponse: 	at okhttp3.RealCall.getResponseWithInterceptorChain(RealCall.java:229)
08-05 02:45:10.878 15616 16662 E baseline.com.newsblur.network.APIResponse: 	at okhttp3.RealCall.execute(RealCall.java:81)
08-05 02:45:10.878 15616 16662 E baseline.com.newsblur.network.APIResponse: 	at baseline.com.newsblur.network.APIResponse.<init>(APIResponse.java:57)
08-05 02:45:10.878 15616 16662 E baseline.com.newsblur.network.APIResponse: 	at baseline.com.newsblur.network.APIResponse.<init>(APIResponse.java:43)
08-05 02:45:10.878 15616 16662 E baseline.com.newsblur.network.APIResponse: 	at baseline.com.newsblur.network.APIManager.post_single(APIManager.java:702)
08-05 02:45:10.878 15616 16662 E baseline.com.newsblur.network.APIResponse: 	at baseline.com.newsblur.network.APIManager.post(APIManager.java:675)
08-05 02:45:10.878 15616 16662 E baseline.com.newsblur.network.APIResponse: 	at baseline.com.newsblur.network.APIManager.post(APIManager.java:714)
08-05 02:45:10.878 15616 16662 E baseline.com.newsblur.network.APIResponse: 	at baseline.com.newsblur.network.APIManager.markStoryAsRead(APIManager.java:205)
08-05 02:45:10.878 15616 16662 E baseline.com.newsblur.network.APIResponse: 	at baseline.com.newsblur.util.ReadingAction.doRemote(ReadingAction.java:281)
08-05 02:45:10.878 15616 16662 E baseline.com.newsblur.network.APIResponse: 	at baseline.com.newsblur.service.NBSyncService.syncActions(NBSyncService.java:400)
08-05 02:45:10.878 15616 16662 E baseline.com.newsblur.network.APIResponse: 	at baseline.com.newsblur.service.NBSyncService.doSync(NBSyncService.java:298)
08-05 02:45:10.878 15616 16662 E baseline.com.newsblur.network.APIResponse: 	at baseline.com.newsblur.service.NBSyncService.access$100(NBSyncService.java:67)
08-05 02:45:10.878 15616 16662 E baseline.com.newsblur.network.APIResponse: 	at baseline.com.newsblur.service.NBSyncService$1.run(NBSyncService.java:188)
08-05 02:45:10.878 15616 16662 E baseline.com.newsblur.network.APIResponse: 	at java.util.concurrent.ThreadPoolExecutor.runWorker(ThreadPoolExecutor.java:1113)
08-05 02:45:10.878 15616 16662 E baseline.com.newsblur.network.APIResponse: 	at java.util.concurrent.ThreadPoolExecutor$Worker.run(ThreadPoolExecutor.java:588)
08-05 02:45:10.878 15616 16662 E baseline.com.newsblur.network.APIResponse: 	at java.lang.Thread.run(Thread.java:818)
08-05 02:45:10.878 15616 16662 E baseline.com.newsblur.network.APIResponse: Caused by: java.io.EOFException: \n not found: limit=0 content=
08-05 02:45:10.878 15616 16662 E baseline.com.newsblur.network.APIResponse: 	at okio.RealBufferedSource.readUtf8LineStrict(RealBufferedSource.java:240)
08-05 02:45:10.878 15616 16662 E baseline.com.newsblur.network.APIResponse: 	at okhttp3.internal.http1.Http1ExchangeCodec.readHeaderLine(Http1ExchangeCodec.java:242)
08-05 02:45:10.878 15616 16662 E baseline.com.newsblur.network.APIResponse: 	at okhttp3.internal.http1.Http1ExchangeCodec.readResponseHeaders(Http1ExchangeCodec.java:213)
08-05 02:45:10.878 15616 16662 E baseline.com.newsblur.network.APIResponse: 	... 30 more
08-05 02:45:10.880 15616 16662 I baseline.com.newsblur.network.APIManager: API call failed, pausing before retry number 2
08-05 02:45:10.915 15616 15627 I art     : Explicit concurrent mark sweep GC freed 804(195KB) AllocSpace objects, 2(40KB) LOS objects, 28% free, 40MB/56MB, paused 1.642ms total 46.943ms
08-05 02:45:10.921 17841 17841 D AndroidRuntime: >>>>>> START com.android.internal.os.RuntimeInit uid 2000 <<<<<<
08-05 02:45:10.927 17841 17841 D AndroidRuntime: CheckJNI is OFF
08-05 02:45:10.928 15616 15627 I art     : Starting a blocking GC Explicit
08-05 02:45:10.972 17841 17841 D ICU     : No timezone override file found: /data/misc/zoneinfo/current/icu/icu_tzdata.dat
08-05 02:45:10.976 15616 15627 I art     : Explicit concurrent mark sweep GC freed 99(15KB) AllocSpace objects, 0(0B) LOS objects, 28% free, 40MB/56MB, paused 1.627ms total 47.813ms
08-05 02:45:10.989 15616 15627 I art     : Starting a blocking GC Explicit
08-05 02:45:11.018 17841 17841 I Radio-JNI: register_android_hardware_Radio DONE
08-05 02:45:11.037 15616 15627 I art     : Explicit concurrent mark sweep GC freed 25(832B) AllocSpace objects, 0(0B) LOS objects, 28% free, 40MB/56MB, paused 1.585ms total 47.956ms
08-05 02:45:11.048 17841 17841 D AndroidRuntime: Calling main entry com.android.commands.input.Input
08-05 02:45:11.050 17841 17841 I Input   : injectMotionEvent: MotionEvent { action=ACTION_DOWN, actionButton=0, id[0]=0, x[0]=553.0, y[0]=442.0, toolType[0]=TOOL_TYPE_UNKNOWN, buttonState=0, metaState=0, flags=0x0, edgeFlags=0x0, pointerCount=1, historySize=0, eventTime=758727462, downTime=758727462, deviceId=0, source=0x1002 }
08-05 02:45:11.058 17841 17841 I Input   : injectMotionEvent: MotionEvent { action=ACTION_UP, actionButton=0, id[0]=0, x[0]=553.0, y[0]=442.0, toolType[0]=TOOL_TYPE_UNKNOWN, buttonState=0, metaState=0, flags=0x0, edgeFlags=0x0, pointerCount=1, historySize=0, eventTime=758727462, downTime=758727462, deviceId=0, source=0x1002 }
08-05 02:45:11.060 17841 17841 D AndroidRuntime: Shutting down VM
08-05 02:45:11.129   918  6112 I ActivityManager: START u0 {cmp=baseline.com.newsblur/.activity.AllSharedStoriesItemsList (has extras)} from uid 10676 on display 0
08-05 02:45:11.154 15616 16216 I baseline.com.newsblur.database.BlurDatabaseHelper: reading session reset
08-05 02:45:11.354 15616 15616 W View    : requestLayout() improperly called by android.widget.FrameLayout{8dbd55c V.E...... ......ID 0,0-1440,0 #7f07003f app:id/footer_view_inner} during layout: running second layout pass
08-05 02:45:11.354 15616 15616 W View    : requestLayout() improperly called by android.widget.FrameLayout{1c41065 V.E...... ......ID 0,0-1440,2091 #7f07003f app:id/footer_view_inner} during layout: running second layout pass
08-05 02:45:11.369 15616 15627 I art     : Starting a blocking GC Explicit
08-05 02:45:11.373   918   936 I ActivityManager: Displayed baseline.com.newsblur/.activity.AllSharedStoriesItemsList: +235ms
08-05 02:45:11.374 13866 13866 I GoogleInputMethodServic: GoogleInputMethodService.onFinishInput():3138 
08-05 02:45:11.374 13866 13866 I GoogleInputMethodServic: GoogleInputMethodService.onStartInput():1808 
08-05 02:45:11.422 15616 15627 I art     : Explicit concurrent mark sweep GC freed 5444(452KB) AllocSpace objects, 14(372KB) LOS objects, 28% free, 41MB/57MB, paused 2.472ms total 52.008ms
08-05 02:45:11.436 15616 15627 I art     : Starting a blocking GC Explicit
08-05 02:45:11.485 15616 15627 I art     : Explicit concurrent mark sweep GC freed 807(41KB) AllocSpace objects, 1(20KB) LOS objects, 28% free, 41MB/57MB, paused 1.564ms total 48.710ms
08-05 02:45:11.498 15616 15627 I art     : Starting a blocking GC Explicit
08-05 02:45:11.541 15616 15627 I art     : Explicit concurrent mark sweep GC freed 36(1712B) AllocSpace objects, 0(0B) LOS objects, 28% free, 41MB/57MB, paused 1.461ms total 42.806ms
08-05 02:45:11.554 15616 15627 I art     : Starting a blocking GC Explicit
08-05 02:45:11.567 15616 15894 I NAPPA_EXPERIMENTATION: MetricNetworkRequestExecutionTime: REQUEST_DURATION_SYSTEM='143',REQUEST_DURATION_OKHTTP='142',REQUEST_SYNCHRONOUS='TRUE',RESPONSE_CODE='200',RESPONSE_METHOD='GET',RESPONSE_LENGTH_OKHTTP='43',RESPONSE_LENGTH_HEADER='43',REQUEST_PROTOCOL='http/1.1',REQUEST_URL='http://feeds.feedburner.com/~r/retort/~4/UffaFMiJbNs',
08-05 02:45:11.604 15616 15627 I art     : Explicit concurrent mark sweep GC freed 289(31KB) AllocSpace objects, 1(20KB) LOS objects, 28% free, 41MB/57MB, paused 1.363ms total 50.020ms
08-05 02:45:11.618 15616 15627 I art     : Starting a blocking GC Explicit
08-05 02:45:11.665 15616 15627 I art     : Explicit concurrent mark sweep GC freed 298(24KB) AllocSpace objects, 1(20KB) LOS objects, 28% free, 41MB/57MB, paused 1.365ms total 46.444ms
08-05 02:45:12.019 15616 15856 I art     : Starting a blocking GC Explicit
08-05 02:45:12.069 15616 15856 I art     : Explicit concurrent mark sweep GC freed 1673(92KB) AllocSpace objects, 1(20KB) LOS objects, 28% free, 41MB/57MB, paused 1.475ms total 49.861ms
08-05 02:45:12.082 15616 15856 I art     : Starting a blocking GC Explicit
08-05 02:45:12.130 15616 15856 I art     : Explicit concurrent mark sweep GC freed 25(880B) AllocSpace objects, 0(0B) LOS objects, 28% free, 41MB/57MB, paused 1.448ms total 47.444ms
08-05 02:45:12.143 15616 15856 I art     : Starting a blocking GC Explicit
08-05 02:45:12.191 15616 15856 I art     : Explicit concurrent mark sweep GC freed 7(224B) AllocSpace objects, 0(0B) LOS objects, 28% free, 41MB/57MB, paused 1.418ms total 47.141ms
08-05 02:45:12.204 15616 15856 I art     : Starting a blocking GC Explicit
08-05 02:45:12.252 15616 15856 I art     : Explicit concurrent mark sweep GC freed 7(224B) AllocSpace objects, 0(0B) LOS objects, 28% free, 41MB/57MB, paused 1.363ms total 47.786ms
08-05 02:45:12.265 15616 15856 I art     : Starting a blocking GC Explicit
08-05 02:45:12.313 15616 15856 I art     : Explicit concurrent mark sweep GC freed 6(192B) AllocSpace objects, 0(0B) LOS objects, 28% free, 41MB/57MB, paused 1.524ms total 47.542ms
08-05 02:45:12.668 15616 15629 I art     : Starting a blocking GC Explicit
08-05 02:45:12.723 15616 15629 I art     : Explicit concurrent mark sweep GC freed 1491(84KB) AllocSpace objects, 1(20KB) LOS objects, 28% free, 41MB/57MB, paused 1.395ms total 54.820ms
08-05 02:45:12.739 15616 15629 I art     : Starting a blocking GC Explicit
08-05 02:45:12.789 15616 15629 I art     : Explicit concurrent mark sweep GC freed 31(1072B) AllocSpace objects, 0(0B) LOS objects, 28% free, 41MB/57MB, paused 1.406ms total 49.944ms
08-05 02:45:12.804 15616 15629 I art     : Starting a blocking GC Explicit
08-05 02:45:12.853 15616 15629 I art     : Explicit concurrent mark sweep GC freed 7(224B) AllocSpace objects, 0(0B) LOS objects, 28% free, 41MB/57MB, paused 1.387ms total 49.119ms
08-05 02:45:12.867 15616 15629 I art     : Starting a blocking GC Explicit
08-05 02:45:12.918 15616 15629 I art     : Explicit concurrent mark sweep GC freed 7(224B) AllocSpace objects, 0(0B) LOS objects, 28% free, 41MB/57MB, paused 1.492ms total 50.500ms
08-05 02:45:12.931 15616 15629 I art     : Starting a blocking GC Explicit
08-05 02:45:12.981 15616 15629 I art     : Explicit concurrent mark sweep GC freed 6(192B) AllocSpace objects, 0(0B) LOS objects, 28% free, 41MB/57MB, paused 1.444ms total 49.230ms
08-05 02:45:13.373 15616 16533 I art     : Starting a blocking GC Explicit
08-05 02:45:13.424 15616 16533 I art     : Explicit concurrent mark sweep GC freed 1469(83KB) AllocSpace objects, 1(20KB) LOS objects, 28% free, 41MB/57MB, paused 1.377ms total 50.289ms
08-05 02:45:13.438 15616 16533 I art     : Starting a blocking GC Explicit
08-05 02:45:13.487 15616 16533 I art     : Explicit concurrent mark sweep GC freed 26(912B) AllocSpace objects, 0(0B) LOS objects, 28% free, 41MB/57MB, paused 1.391ms total 48.923ms
08-05 02:45:13.502 15616 16533 I art     : Starting a blocking GC Explicit
08-05 02:45:13.550 15616 16533 I art     : Explicit concurrent mark sweep GC freed 6(192B) AllocSpace objects, 0(0B) LOS objects, 28% free, 41MB/57MB, paused 1.526ms total 48.452ms
08-05 02:45:13.564 15616 16533 I art     : Starting a blocking GC Explicit
08-05 02:45:13.614 15616 16533 I art     : Explicit concurrent mark sweep GC freed 7(224B) AllocSpace objects, 0(0B) LOS objects, 28% free, 41MB/57MB, paused 1.569ms total 49.744ms
08-05 02:45:13.627 15616 16533 I art     : Starting a blocking GC Explicit
08-05 02:45:13.676 15616 16533 I art     : Explicit concurrent mark sweep GC freed 7(224B) AllocSpace objects, 0(0B) LOS objects, 28% free, 41MB/57MB, paused 1.354ms total 48.653ms
08-05 02:45:14.075 15616 16533 I art     : Starting a blocking GC Explicit
08-05 02:45:14.129 15616 16533 I art     : Explicit concurrent mark sweep GC freed 1635(92KB) AllocSpace objects, 1(20KB) LOS objects, 28% free, 41MB/57MB, paused 1.647ms total 52.788ms
08-05 02:45:14.142 15616 16533 I art     : Starting a blocking GC Explicit
08-05 02:45:14.192 15616 16533 I art     : Explicit concurrent mark sweep GC freed 32(1168B) AllocSpace objects, 0(0B) LOS objects, 28% free, 41MB/57MB, paused 1.599ms total 49.430ms
08-05 02:45:14.205 15616 16533 I art     : Starting a blocking GC Explicit
08-05 02:45:14.255 15616 16533 I art     : Explicit concurrent mark sweep GC freed 7(224B) AllocSpace objects, 0(0B) LOS objects, 28% free, 41MB/57MB, paused 1.435ms total 49.727ms
08-05 02:45:14.269 15616 16533 I art     : Starting a blocking GC Explicit
08-05 02:45:14.319 15616 16533 I art     : Explicit concurrent mark sweep GC freed 7(224B) AllocSpace objects, 0(0B) LOS objects, 28% free, 41MB/57MB, paused 1.495ms total 49.769ms
08-05 02:45:14.333 15616 16533 I art     : Starting a blocking GC Explicit
08-05 02:45:14.384 15616 16533 I art     : Explicit concurrent mark sweep GC freed 6(192B) AllocSpace objects, 0(0B) LOS objects, 28% free, 41MB/57MB, paused 1.445ms total 50.717ms
08-05 02:45:14.476 15616 16662 E baseline.com.newsblur.network.APIResponse: Error (unexpected end of stream on https://www.newsblur.com/...) calling https://www.newsblur.com/reader/mark_story_hashes_as_read/
08-05 02:45:14.476 15616 16662 E baseline.com.newsblur.network.APIResponse: java.io.IOException: unexpected end of stream on https://www.newsblur.com/...
08-05 02:45:14.476 15616 16662 E baseline.com.newsblur.network.APIResponse: 	at okhttp3.internal.http1.Http1ExchangeCodec.readResponseHeaders(Http1ExchangeCodec.java:236)
08-05 02:45:14.476 15616 16662 E baseline.com.newsblur.network.APIResponse: 	at okhttp3.internal.connection.Exchange.readResponseHeaders(Exchange.java:115)
08-05 02:45:14.476 15616 16662 E baseline.com.newsblur.network.APIResponse: 	at okhttp3.internal.http.CallServerInterceptor.intercept(CallServerInterceptor.java:94)
08-05 02:45:14.476 15616 16662 E baseline.com.newsblur.network.APIResponse: 	at okhttp3.internal.http.RealInterceptorChain.proceed(RealInterceptorChain.java:142)
08-05 02:45:14.476 15616 16662 E baseline.com.newsblur.network.APIResponse: 	at okhttp3.internal.connection.ConnectInterceptor.intercept(ConnectInterceptor.java:43)
08-05 02:45:14.476 15616 16662 E baseline.com.newsblur.network.APIResponse: 	at okhttp3.internal.http.RealInterceptorChain.proceed(RealInterceptorChain.java:142)
08-05 02:45:14.476 15616 16662 E baseline.com.newsblur.network.APIResponse: 	at okhttp3.internal.http.RealInterceptorChain.proceed(RealInterceptorChain.java:117)
08-05 02:45:14.476 15616 16662 E baseline.com.newsblur.network.APIResponse: 	at okhttp3.internal.cache.CacheInterceptor.intercept(CacheInterceptor.java:94)
08-05 02:45:14.476 15616 16662 E baseline.com.newsblur.network.APIResponse: 	at okhttp3.internal.http.RealInterceptorChain.proceed(RealInterceptorChain.java:142)
08-05 02:45:14.476 15616 16662 E baseline.com.newsblur.network.APIResponse: 	at okhttp3.internal.http.RealInterceptorChain.proceed(RealInterceptorChain.java:117)
08-05 02:45:14.476 15616 16662 E baseline.com.newsblur.network.APIResponse: 	at okhttp3.internal.http.BridgeInterceptor.intercept(BridgeInterceptor.java:93)
08-05 02:45:14.476 15616 16662 E baseline.com.newsblur.network.APIResponse: 	at okhttp3.internal.http.RealInterceptorChain.proceed(RealInterceptorChain.java:142)
08-05 02:45:14.476 15616 16662 E baseline.com.newsblur.network.APIResponse: 	at okhttp3.internal.http.RetryAndFollowUpInterceptor.intercept(RetryAndFollowUpInterceptor.java:88)
08-05 02:45:14.476 15616 16662 E baseline.com.newsblur.network.APIResponse: 	at okhttp3.internal.http.RealInterceptorChain.proceed(RealInterceptorChain.java:142)
08-05 02:45:14.476 15616 16662 E baseline.com.newsblur.network.APIResponse: 	at okhttp3.internal.http.RealInterceptorChain.proceed(RealInterceptorChain.java:117)
08-05 02:45:14.476 15616 16662 E baseline.com.newsblur.network.APIResponse: 	at okhttp3.RealCall.getResponseWithInterceptorChain(RealCall.java:229)
08-05 02:45:14.476 15616 16662 E baseline.com.newsblur.network.APIResponse: 	at okhttp3.RealCall.execute(RealCall.java:81)
08-05 02:45:14.476 15616 16662 E baseline.com.newsblur.network.APIResponse: 	at baseline.com.newsblur.network.APIResponse.<init>(APIResponse.java:57)
08-05 02:45:14.476 15616 16662 E baseline.com.newsblur.network.APIResponse: 	at baseline.com.newsblur.network.APIResponse.<init>(APIResponse.java:43)
08-05 02:45:14.476 15616 16662 E baseline.com.newsblur.network.APIResponse: 	at baseline.com.newsblur.network.APIManager.post_single(APIManager.java:702)
08-05 02:45:14.476 15616 16662 E baseline.com.newsblur.network.APIResponse: 	at baseline.com.newsblur.network.APIManager.post(APIManager.java:675)
08-05 02:45:14.476 15616 16662 E baseline.com.newsblur.network.APIResponse: 	at baseline.com.newsblur.network.APIManager.post(APIManager.java:714)
08-05 02:45:14.476 15616 16662 E baseline.com.newsblur.network.APIResponse: 	at baseline.com.newsblur.network.APIManager.markStoryAsRead(APIManager.java:205)
08-05 02:45:14.476 15616 16662 E baseline.com.newsblur.network.APIResponse: 	at baseline.com.newsblur.util.ReadingAction.doRemote(ReadingAction.java:281)
08-05 02:45:14.476 15616 16662 E baseline.com.newsblur.network.APIResponse: 	at baseline.com.newsblur.service.NBSyncService.syncActions(NBSyncService.java:400)
08-05 02:45:14.476 15616 16662 E baseline.com.newsblur.network.APIResponse: 	at baseline.com.newsblur.service.NBSyncService.doSync(NBSyncService.java:298)
08-05 02:45:14.476 15616 16662 E baseline.com.newsblur.network.APIResponse: 	at baseline.com.newsblur.service.NBSyncService.access$100(NBSyncService.java:67)
08-05 02:45:14.476 15616 16662 E baseline.com.newsblur.network.APIResponse: 	at baseline.com.newsblur.service.NBSyncService$1.run(NBSyncService.java:188)
08-05 02:45:14.476 15616 16662 E baseline.com.newsblur.network.APIResponse: 	at java.util.concurrent.ThreadPoolExecutor.runWorker(ThreadPoolExecutor.java:1113)
08-05 02:45:14.476 15616 16662 E baseline.com.newsblur.network.APIResponse: 	at java.util.concurrent.ThreadPoolExecutor$Worker.run(ThreadPoolExecutor.java:588)
08-05 02:45:14.476 15616 16662 E baseline.com.newsblur.network.APIResponse: 	at java.lang.Thread.run(Thread.java:818)
08-05 02:45:14.476 15616 16662 E baseline.com.newsblur.network.APIResponse: Caused by: java.io.EOFException: \n not found: limit=0 content=
08-05 02:45:14.476 15616 16662 E baseline.com.newsblur.network.APIResponse: 	at okio.RealBufferedSource.readUtf8LineStrict(RealBufferedSource.java:240)
08-05 02:45:14.476 15616 16662 E baseline.com.newsblur.network.APIResponse: 	at okhttp3.internal.http1.Http1ExchangeCodec.readHeaderLine(Http1ExchangeCodec.java:242)
08-05 02:45:14.476 15616 16662 E baseline.com.newsblur.network.APIResponse: 	at okhttp3.internal.http1.Http1ExchangeCodec.readResponseHeaders(Http1ExchangeCodec.java:213)
08-05 02:45:14.476 15616 16662 E baseline.com.newsblur.network.APIResponse: 	... 30 more
08-05 02:45:14.478 15616 16662 I baseline.com.newsblur.service.NBSyncService: Holding reading action with server-side or network error.
08-05 02:45:14.493 15616 16662 W baseline.com.newsblur.service.NBSyncService: hard API failure
08-05 02:45:14.720 17099 17099 W ProxyAndroidLoggerBackend: Too many Flogger logs received before configuration. Dropping old logs.
08-05 02:45:14.721 17099 17099 W ProxyAndroidLoggerBackend: Too many Flogger logs received before configuration. Dropping old logs.
08-05 02:45:14.724 17217 17217 I Finsky:download_service: [1] qak.onDestroy(-1): IPC-SERVER: Stopping gRPC host service...
08-05 02:45:14.755 15616 15627 I art     : Starting a blocking GC Explicit
08-05 02:45:14.808 15616 15627 I art     : Explicit concurrent mark sweep GC freed 4398(413KB) AllocSpace objects, 5(100KB) LOS objects, 28% free, 41MB/57MB, paused 1.710ms total 52.273ms
08-05 02:45:14.822 15616 15627 I art     : Starting a blocking GC Explicit
08-05 02:45:14.873 15616 15627 I art     : Explicit concurrent mark sweep GC freed 144(5KB) AllocSpace objects, 0(0B) LOS objects, 28% free, 41MB/57MB, paused 1.466ms total 50.968ms
08-05 02:45:14.887 15616 15627 I art     : Starting a blocking GC Explicit
08-05 02:45:14.935 15616 15627 I art     : Explicit concurrent mark sweep GC freed 1600(62KB) AllocSpace objects, 0(0B) LOS objects, 28% free, 41MB/57MB, paused 1.596ms total 48.612ms
08-05 02:45:14.949 15616 15627 I art     : Starting a blocking GC Explicit
08-05 02:45:14.987 15616 16662 E baseline.com.newsblur.network.APIResponse: Error (unexpected end of stream on https://www.newsblur.com/...) calling https://www.newsblur.com/reader/mark_story_hashes_as_read/
08-05 02:45:14.987 15616 16662 E baseline.com.newsblur.network.APIResponse: java.io.IOException: unexpected end of stream on https://www.newsblur.com/...
08-05 02:45:14.987 15616 16662 E baseline.com.newsblur.network.APIResponse: 	at okhttp3.internal.http1.Http1ExchangeCodec.readResponseHeaders(Http1ExchangeCodec.java:236)
08-05 02:45:14.987 15616 16662 E baseline.com.newsblur.network.APIResponse: 	at okhttp3.internal.connection.Exchange.readResponseHeaders(Exchange.java:115)
08-05 02:45:14.987 15616 16662 E baseline.com.newsblur.network.APIResponse: 	at okhttp3.internal.http.CallServerInterceptor.intercept(CallServerInterceptor.java:94)
08-05 02:45:14.987 15616 16662 E baseline.com.newsblur.network.APIResponse: 	at okhttp3.internal.http.RealInterceptorChain.proceed(RealInterceptorChain.java:142)
08-05 02:45:14.987 15616 16662 E baseline.com.newsblur.network.APIResponse: 	at okhttp3.internal.connection.ConnectInterceptor.intercept(ConnectInterceptor.java:43)
08-05 02:45:14.987 15616 16662 E baseline.com.newsblur.network.APIResponse: 	at okhttp3.internal.http.RealInterceptorChain.proceed(RealInterceptorChain.java:142)
08-05 02:45:14.987 15616 16662 E baseline.com.newsblur.network.APIResponse: 	at okhttp3.internal.http.RealInterceptorChain.proceed(RealInterceptorChain.java:117)
08-05 02:45:14.987 15616 16662 E baseline.com.newsblur.network.APIResponse: 	at okhttp3.internal.cache.CacheInterceptor.intercept(CacheInterceptor.java:94)
08-05 02:45:14.987 15616 16662 E baseline.com.newsblur.network.APIResponse: 	at okhttp3.internal.http.RealInterceptorChain.proceed(RealInterceptorChain.java:142)
08-05 02:45:14.987 15616 16662 E baseline.com.newsblur.network.APIResponse: 	at okhttp3.internal.http.RealInterceptorChain.proceed(RealInterceptorChain.java:117)
08-05 02:45:14.987 15616 16662 E baseline.com.newsblur.network.APIResponse: 	at okhttp3.internal.http.BridgeInterceptor.intercept(BridgeInterceptor.java:93)
08-05 02:45:14.987 15616 16662 E baseline.com.newsblur.network.APIResponse: 	at okhttp3.internal.http.RealInterceptorChain.proceed(RealInterceptorChain.java:142)
08-05 02:45:14.987 15616 16662 E baseline.com.newsblur.network.APIResponse: 	at okhttp3.internal.http.RetryAndFollowUpInterceptor.intercept(RetryAndFollowUpInterceptor.java:88)
08-05 02:45:14.987 15616 16662 E baseline.com.newsblur.network.APIResponse: 	at okhttp3.internal.http.RealInterceptorChain.proceed(RealInterceptorChain.java:142)
08-05 02:45:14.987 15616 16662 E baseline.com.newsblur.network.APIResponse: 	at okhttp3.internal.http.RealInterceptorChain.proceed(RealInterceptorChain.java:117)
08-05 02:45:14.987 15616 16662 E baseline.com.newsblur.network.APIResponse: 	at okhttp3.RealCall.getResponseWithInterceptorChain(RealCall.java:229)
08-05 02:45:14.987 15616 16662 E baseline.com.newsblur.network.APIResponse: 	at okhttp3.RealCall.execute(RealCall.java:81)
08-05 02:45:14.987 15616 16662 E baseline.com.newsblur.network.APIResponse: 	at baseline.com.newsblur.network.APIResponse.<init>(APIResponse.java:57)
08-05 02:45:14.987 15616 16662 E baseline.com.newsblur.network.APIResponse: 	at baseline.com.newsblur.network.APIResponse.<init>(APIResponse.java:43)
08-05 02:45:14.987 15616 16662 E baseline.com.newsblur.network.APIResponse: 	at baseline.com.newsblur.network.APIManager.post_single(APIManager.java:702)
08-05 02:45:14.987 15616 16662 E baseline.com.newsblur.network.APIResponse: 	at baseline.com.newsblur.network.APIManager.post(APIManager.java:675)
08-05 02:45:14.987 15616 16662 E baseline.com.newsblur.network.APIResponse: 	at baseline.com.newsblur.network.APIManager.post(APIManager.java:714)
08-05 02:45:14.987 15616 16662 E baseline.com.newsblur.network.APIResponse: 	at baseline.com.newsblur.network.APIManager.markStoryAsRead(APIManager.java:205)
08-05 02:45:14.987 15616 16662 E baseline.com.newsblur.network.APIResponse: 	at baseline.com.newsblur.util.ReadingAction.doRemote(ReadingAction.java:281)
08-05 02:45:14.987 15616 16662 E baseline.com.newsblur.network.APIResponse: 	at baseline.com.newsblur.service.NBSyncService.syncActions(NBSyncService.java:400)
08-05 02:45:14.987 15616 16662 E baseline.com.newsblur.network.APIResponse: 	at baseline.com.newsblur.service.NBSyncService.doSync(NBSyncService.java:298)
08-05 02:45:14.987 15616 16662 E baseline.com.newsblur.network.APIResponse: 	at baseline.com.newsblur.service.NBSyncService.access$100(NBSyncService.java:67)
08-05 02:45:14.987 15616 16662 E baseline.com.newsblur.network.APIResponse: 	at baseline.com.newsblur.service.NBSyncService$1.run(NBSyncService.java:188)
08-05 02:45:14.987 15616 16662 E baseline.com.newsblur.network.APIResponse: 	at java.util.concurrent.ThreadPoolExecutor.runWorker(ThreadPoolExecutor.java:1113)
08-05 02:45:14.987 15616 16662 E baseline.com.newsblur.network.APIResponse: 	at java.util.concurrent.ThreadPoolExecutor$Worker.run(ThreadPoolExecutor.java:588)
08-05 02:45:14.987 15616 16662 E baseline.com.newsblur.network.APIResponse: 	at java.lang.Thread.run(Thread.java:818)
08-05 02:45:14.987 15616 16662 E baseline.com.newsblur.network.APIResponse: Caused by: java.io.EOFException: \n not found: limit=0 content=
08-05 02:45:14.987 15616 16662 E baseline.com.newsblur.network.APIResponse: 	at okio.RealBufferedSource.readUtf8LineStrict(RealBufferedSource.java:240)
08-05 02:45:14.987 15616 16662 E baseline.com.newsblur.network.APIResponse: 	at okhttp3.internal.http1.Http1ExchangeCodec.readHeaderLine(Http1ExchangeCodec.java:242)
08-05 02:45:14.987 15616 16662 E baseline.com.newsblur.network.APIResponse: 	at okhttp3.internal.http1.Http1ExchangeCodec.readResponseHeaders(Http1ExchangeCodec.java:213)
08-05 02:45:14.987 15616 16662 E baseline.com.newsblur.network.APIResponse: 	... 30 more
08-05 02:45:14.989 15616 16662 I baseline.com.newsblur.network.APIManager: API call failed, pausing before retry number 1
08-05 02:45:15.000 15616 15627 I art     : Explicit concurrent mark sweep GC freed 869(185KB) AllocSpace objects, 2(40KB) LOS objects, 28% free, 41MB/57MB, paused 1.477ms total 50.507ms
08-05 02:45:15.013 15616 15627 I art     : Starting a blocking GC Explicit
08-05 02:45:15.062 15616 15627 I art     : Explicit concurrent mark sweep GC freed 135(29KB) AllocSpace objects, 0(0B) LOS objects, 28% free, 41MB/57MB, paused 1.535ms total 48.234ms
08-05 02:45:15.467 15616 15647 I art     : Starting a blocking GC Explicit
08-05 02:45:15.542 15616 15647 I art     : Explicit concurrent mark sweep GC freed 1495(84KB) AllocSpace objects, 1(20KB) LOS objects, 28% free, 41MB/57MB, paused 1.670ms total 74.506ms
08-05 02:45:15.555 15616 15647 I art     : Starting a blocking GC Explicit
08-05 02:45:15.604 15616 15647 I art     : Explicit concurrent mark sweep GC freed 26(912B) AllocSpace objects, 0(0B) LOS objects, 28% free, 41MB/57MB, paused 1.413ms total 48.252ms
08-05 02:45:15.617 15616 15647 I art     : Starting a blocking GC Explicit
08-05 02:45:15.665 15616 15647 I art     : Explicit concurrent mark sweep GC freed 6(192B) AllocSpace objects, 0(0B) LOS objects, 28% free, 41MB/57MB, paused 1.474ms total 47.659ms
08-05 02:45:15.678 15616 15647 I art     : Starting a blocking GC Explicit
08-05 02:45:15.729 15616 15647 I art     : Explicit concurrent mark sweep GC freed 7(224B) AllocSpace objects, 0(0B) LOS objects, 28% free, 41MB/57MB, paused 1.563ms total 50.324ms
08-05 02:45:15.742 15616 15647 I art     : Starting a blocking GC Explicit
08-05 02:45:15.793 15616 15647 I art     : Explicit concurrent mark sweep GC freed 7(224B) AllocSpace objects, 0(0B) LOS objects, 28% free, 41MB/57MB, paused 1.432ms total 49.917ms
08-05 02:45:16.183 15616 15629 I art     : Starting a blocking GC Explicit
08-05 02:45:16.235 15616 15629 I art     : Explicit concurrent mark sweep GC freed 1465(83KB) AllocSpace objects, 1(20KB) LOS objects, 28% free, 41MB/57MB, paused 1.395ms total 51.332ms
08-05 02:45:16.248 15616 15629 I art     : Starting a blocking GC Explicit
08-05 02:45:16.300 15616 15629 I art     : Explicit concurrent mark sweep GC freed 26(912B) AllocSpace objects, 0(0B) LOS objects, 28% free, 41MB/57MB, paused 1.532ms total 51.418ms
08-05 02:45:16.313 15616 15629 I art     : Starting a blocking GC Explicit
08-05 02:45:16.362 15616 15629 I art     : Explicit concurrent mark sweep GC freed 7(224B) AllocSpace objects, 0(0B) LOS objects, 28% free, 41MB/57MB, paused 1.384ms total 49.124ms
08-05 02:45:16.376 15616 15629 I art     : Starting a blocking GC Explicit
08-05 02:45:16.425 15616 15629 I art     : Explicit concurrent mark sweep GC freed 7(224B) AllocSpace objects, 0(0B) LOS objects, 28% free, 41MB/57MB, paused 1.492ms total 49.023ms
08-05 02:45:16.439 15616 15629 I art     : Starting a blocking GC Explicit
08-05 02:45:16.489 15616 15629 I art     : Explicit concurrent mark sweep GC freed 7(224B) AllocSpace objects, 0(0B) LOS objects, 28% free, 41MB/57MB, paused 1.449ms total 50.146ms
08-05 02:45:16.868 15616 15647 I art     : Starting a blocking GC Explicit
08-05 02:45:16.920 15616 15647 I art     : Explicit concurrent mark sweep GC freed 1628(92KB) AllocSpace objects, 1(20KB) LOS objects, 28% free, 41MB/57MB, paused 1.444ms total 52.506ms
08-05 02:45:16.934 15616 15647 I art     : Starting a blocking GC Explicit
08-05 02:45:16.984 15616 15647 I art     : Explicit concurrent mark sweep GC freed 1626(63KB) AllocSpace objects, 0(0B) LOS objects, 28% free, 41MB/57MB, paused 1.507ms total 50.002ms
08-05 02:45:16.998 15616 15647 I art     : Starting a blocking GC Explicit
08-05 02:45:17.027 15616 16662 E baseline.com.newsblur.network.APIResponse: Error (unexpected end of stream on https://www.newsblur.com/...) calling https://www.newsblur.com/reader/mark_story_hashes_as_read/
08-05 02:45:17.027 15616 16662 E baseline.com.newsblur.network.APIResponse: java.io.IOException: unexpected end of stream on https://www.newsblur.com/...
08-05 02:45:17.027 15616 16662 E baseline.com.newsblur.network.APIResponse: 	at okhttp3.internal.http1.Http1ExchangeCodec.readResponseHeaders(Http1ExchangeCodec.java:236)
08-05 02:45:17.027 15616 16662 E baseline.com.newsblur.network.APIResponse: 	at okhttp3.internal.connection.Exchange.readResponseHeaders(Exchange.java:115)
08-05 02:45:17.027 15616 16662 E baseline.com.newsblur.network.APIResponse: 	at okhttp3.internal.http.CallServerInterceptor.intercept(CallServerInterceptor.java:94)
08-05 02:45:17.027 15616 16662 E baseline.com.newsblur.network.APIResponse: 	at okhttp3.internal.http.RealInterceptorChain.proceed(RealInterceptorChain.java:142)
08-05 02:45:17.027 15616 16662 E baseline.com.newsblur.network.APIResponse: 	at okhttp3.internal.connection.ConnectInterceptor.intercept(ConnectInterceptor.java:43)
08-05 02:45:17.027 15616 16662 E baseline.com.newsblur.network.APIResponse: 	at okhttp3.internal.http.RealInterceptorChain.proceed(RealInterceptorChain.java:142)
08-05 02:45:17.027 15616 16662 E baseline.com.newsblur.network.APIResponse: 	at okhttp3.internal.http.RealInterceptorChain.proceed(RealInterceptorChain.java:117)
08-05 02:45:17.027 15616 16662 E baseline.com.newsblur.network.APIResponse: 	at okhttp3.internal.cache.CacheInterceptor.intercept(CacheInterceptor.java:94)
08-05 02:45:17.027 15616 16662 E baseline.com.newsblur.network.APIResponse: 	at okhttp3.internal.http.RealInterceptorChain.proceed(RealInterceptorChain.java:142)
08-05 02:45:17.027 15616 16662 E baseline.com.newsblur.network.APIResponse: 	at okhttp3.internal.http.RealInterceptorChain.proceed(RealInterceptorChain.java:117)
08-05 02:45:17.027 15616 16662 E baseline.com.newsblur.network.APIResponse: 	at okhttp3.internal.http.BridgeInterceptor.intercept(BridgeInterceptor.java:93)
08-05 02:45:17.027 15616 16662 E baseline.com.newsblur.network.APIResponse: 	at okhttp3.internal.http.RealInterceptorChain.proceed(RealInterceptorChain.java:142)
08-05 02:45:17.027 15616 16662 E baseline.com.newsblur.network.APIResponse: 	at okhttp3.internal.http.RetryAndFollowUpInterceptor.intercept(RetryAndFollowUpInterceptor.java:88)
08-05 02:45:17.027 15616 16662 E baseline.com.newsblur.network.APIResponse: 	at okhttp3.internal.http.RealInterceptorChain.proceed(RealInterceptorChain.java:142)
08-05 02:45:17.027 15616 16662 E baseline.com.newsblur.network.APIResponse: 	at okhttp3.internal.http.RealInterceptorChain.proceed(RealInterceptorChain.java:117)
08-05 02:45:17.027 15616 16662 E baseline.com.newsblur.network.APIResponse: 	at okhttp3.RealCall.getResponseWithInterceptorChain(RealCall.java:229)
08-05 02:45:17.027 15616 16662 E baseline.com.newsblur.network.APIResponse: 	at okhttp3.RealCall.execute(RealCall.java:81)
08-05 02:45:17.027 15616 16662 E baseline.com.newsblur.network.APIResponse: 	at baseline.com.newsblur.network.APIResponse.<init>(APIResponse.java:57)
08-05 02:45:17.027 15616 16662 E baseline.com.newsblur.network.APIResponse: 	at baseline.com.newsblur.network.APIResponse.<init>(APIResponse.java:43)
08-05 02:45:17.027 15616 16662 E baseline.com.newsblur.network.APIResponse: 	at baseline.com.newsblur.network.APIManager.post_single(APIManager.java:702)
08-05 02:45:17.027 15616 16662 E baseline.com.newsblur.network.APIResponse: 	at baseline.com.newsblur.network.APIManager.post(APIManager.java:675)
08-05 02:45:17.027 15616 16662 E baseline.com.newsblur.network.APIResponse: 	at baseline.com.newsblur.network.APIManager.post(APIManager.java:714)
08-05 02:45:17.027 15616 16662 E baseline.com.newsblur.network.APIResponse: 	at baseline.com.newsblur.network.APIManager.markStoryAsRead(APIManager.java:205)
08-05 02:45:17.027 15616 16662 E baseline.com.newsblur.network.APIResponse: 	at baseline.com.newsblur.util.ReadingAction.doRemote(ReadingAction.java:281)
08-05 02:45:17.027 15616 16662 E baseline.com.newsblur.network.APIResponse: 	at baseline.com.newsblur.service.NBSyncService.syncActions(NBSyncService.java:400)
08-05 02:45:17.027 15616 16662 E baseline.com.newsblur.network.APIResponse: 	at baseline.com.newsblur.service.NBSyncService.doSync(NBSyncService.java:298)
08-05 02:45:17.027 15616 16662 E baseline.com.newsblur.network.APIResponse: 	at baseline.com.newsblur.service.NBSyncService.access$100(NBSyncService.java:67)
08-05 02:45:17.027 15616 16662 E baseline.com.newsblur.network.APIResponse: 	at baseline.com.newsblur.service.NBSyncService$1.run(NBSyncService.java:188)
08-05 02:45:17.027 15616 16662 E baseline.com.newsblur.network.APIResponse: 	at java.util.concurrent.ThreadPoolExecutor.runWorker(ThreadPoolExecutor.java:1113)
08-05 02:45:17.027 15616 16662 E baseline.com.newsblur.network.APIResponse: 	at java.util.concurrent.ThreadPoolExecutor$Worker.run(ThreadPoolExecutor.java:588)
08-05 02:45:17.027 15616 16662 E baseline.com.newsblur.network.APIResponse: 	at java.lang.Thread.run(Thread.java:818)
08-05 02:45:17.027 15616 16662 E baseline.com.newsblur.network.APIResponse: Caused by: java.io.EOFException: \n not found: limit=0 content=
08-05 02:45:17.027 15616 16662 E baseline.com.newsblur.network.APIResponse: 	at okio.RealBufferedSource.readUtf8LineStrict(RealBufferedSource.java:240)
08-05 02:45:17.027 15616 16662 E baseline.com.newsblur.network.APIResponse: 	at okhttp3.internal.http1.Http1ExchangeCodec.readHeaderLine(Http1ExchangeCodec.java:242)
08-05 02:45:17.027 15616 16662 E baseline.com.newsblur.network.APIResponse: 	at okhttp3.internal.http1.Http1ExchangeCodec.readResponseHeaders(Http1ExchangeCodec.java:213)
08-05 02:45:17.027 15616 16662 E baseline.com.newsblur.network.APIResponse: 	... 30 more
08-05 02:45:17.029 15616 16662 I baseline.com.newsblur.network.APIManager: API call failed, pausing before retry number 2
08-05 02:45:17.046 15616 15647 I art     : Explicit concurrent mark sweep GC freed 880(198KB) AllocSpace objects, 2(40KB) LOS objects, 28% free, 41MB/57MB, paused 1.526ms total 48.518ms
08-05 02:45:17.060 15616 15647 I art     : Starting a blocking GC Explicit
08-05 02:45:17.110 15616 15647 I art     : Explicit concurrent mark sweep GC freed 126(16KB) AllocSpace objects, 0(0B) LOS objects, 28% free, 41MB/57MB, paused 1.412ms total 49.019ms
08-05 02:45:17.123 15616 15647 I art     : Starting a blocking GC Explicit
08-05 02:45:17.173 15616 15647 I art     : Explicit concurrent mark sweep GC freed 24(800B) AllocSpace objects, 0(0B) LOS objects, 28% free, 41MB/57MB, paused 1.374ms total 49.740ms
08-05 02:45:17.287   918  1210 D NetlinkSocketObserver: NeighborEvent{elapsedMs=1742121162, 192.168.2.254, [7C3953A63323], RTM_NEWNEIGH, NUD_PROBE}
08-05 02:45:17.568 15616 16533 I art     : Starting a blocking GC Explicit
08-05 02:45:17.618 15616 16533 I art     : Explicit concurrent mark sweep GC freed 1464(83KB) AllocSpace objects, 1(20KB) LOS objects, 28% free, 41MB/57MB, paused 1.508ms total 50.024ms
08-05 02:45:17.632 15616 16533 I art     : Starting a blocking GC Explicit
08-05 02:45:17.683 15616 16533 I art     : Explicit concurrent mark sweep GC freed 26(912B) AllocSpace objects, 0(0B) LOS objects, 28% free, 41MB/57MB, paused 1.532ms total 50.299ms
08-05 02:45:17.697 15616 16533 I art     : Starting a blocking GC Explicit
08-05 02:45:17.745 15616 16533 I art     : Explicit concurrent mark sweep GC freed 7(224B) AllocSpace objects, 0(0B) LOS objects, 28% free, 41MB/57MB, paused 1.414ms total 48.286ms
08-05 02:45:17.759 15616 16533 I art     : Starting a blocking GC Explicit
08-05 02:45:17.809 15616 16533 I art     : Explicit concurrent mark sweep GC freed 7(224B) AllocSpace objects, 0(0B) LOS objects, 28% free, 41MB/57MB, paused 1.428ms total 50.439ms
08-05 02:45:17.823 15616 16533 I art     : Starting a blocking GC Explicit
08-05 02:45:17.872 15616 16533 I art     : Explicit concurrent mark sweep GC freed 7(224B) AllocSpace objects, 0(0B) LOS objects, 28% free, 41MB/57MB, paused 1.406ms total 48.955ms
08-05 02:45:18.262 15616 15629 I art     : Starting a blocking GC Explicit
08-05 02:45:18.315 15616 15629 I art     : Explicit concurrent mark sweep GC freed 1464(83KB) AllocSpace objects, 1(20KB) LOS objects, 28% free, 41MB/57MB, paused 1.525ms total 52.598ms
08-05 02:45:18.329 15616 15629 I art     : Starting a blocking GC Explicit
08-05 02:45:18.378 15616 15629 I art     : Explicit concurrent mark sweep GC freed 26(912B) AllocSpace objects, 0(0B) LOS objects, 28% free, 41MB/57MB, paused 1.530ms total 48.741ms
08-05 02:45:18.391 15616 15629 I art     : Starting a blocking GC Explicit
08-05 02:45:18.441 15616 15629 I art     : Explicit concurrent mark sweep GC freed 7(224B) AllocSpace objects, 0(0B) LOS objects, 28% free, 41MB/57MB, paused 1.422ms total 48.993ms
08-05 02:45:18.441 15616 15626 I art     : WaitForGcToComplete blocked for 16.489ms for cause HeapTrim
08-05 02:45:18.454 15616 15629 I art     : Starting a blocking GC Explicit
08-05 02:45:18.487   918  3261 D WifiStateMachine: starting scan for "H369AA63323"WPA_PSK with 2412,5180
08-05 02:45:18.502 15616 15629 I art     : Explicit concurrent mark sweep GC freed 6(192B) AllocSpace objects, 0(0B) LOS objects, 28% free, 41MB/57MB, paused 1.469ms total 47.929ms
08-05 02:45:18.516 15616 15629 I art     : Starting a blocking GC Explicit
08-05 02:45:18.564 15616 15629 I art     : Explicit concurrent mark sweep GC freed 7(224B) AllocSpace objects, 0(0B) LOS objects, 28% free, 41MB/57MB, paused 1.380ms total 48.338ms
08-05 02:45:18.963 15616 15627 I art     : Starting a blocking GC Explicit
08-05 02:45:19.015 15616 15627 I art     : Explicit concurrent mark sweep GC freed 1465(83KB) AllocSpace objects, 1(20KB) LOS objects, 28% free, 41MB/57MB, paused 1.552ms total 51.502ms
08-05 02:45:19.028 15616 15627 I art     : Starting a blocking GC Explicit
08-05 02:45:19.080 15616 15627 I art     : Explicit concurrent mark sweep GC freed 26(912B) AllocSpace objects, 0(0B) LOS objects, 28% free, 41MB/57MB, paused 1.563ms total 50.819ms
08-05 02:45:19.093 15616 15627 I art     : Starting a blocking GC Explicit
08-05 02:45:19.142 15616 15627 I art     : Explicit concurrent mark sweep GC freed 7(224B) AllocSpace objects, 0(0B) LOS objects, 28% free, 41MB/57MB, paused 1.363ms total 48.517ms
08-05 02:45:19.155 15616 15627 I art     : Starting a blocking GC Explicit
08-05 02:45:19.207 15616 15627 I art     : Explicit concurrent mark sweep GC freed 6(192B) AllocSpace objects, 0(0B) LOS objects, 28% free, 41MB/57MB, paused 1.496ms total 50.986ms
08-05 02:45:19.220 15616 15627 I art     : Starting a blocking GC Explicit
08-05 02:45:19.269 15616 15627 I art     : Explicit concurrent mark sweep GC freed 7(224B) AllocSpace objects, 0(0B) LOS objects, 28% free, 41MB/57MB, paused 1.589ms total 48.326ms
08-05 02:45:19.646 15616 15629 I art     : Starting a blocking GC Explicit
08-05 02:45:19.667   518   646 I ThermalEngine: ACTION: GPU - Setting GPU[0] to 510000000
08-05 02:45:19.697 15616 15629 I art     : Explicit concurrent mark sweep GC freed 1465(83KB) AllocSpace objects, 1(20KB) LOS objects, 28% free, 41MB/57MB, paused 1.468ms total 50.974ms
08-05 02:45:19.710 15616 15629 I art     : Starting a blocking GC Explicit
08-05 02:45:19.749 15616 15629 I art     : Explicit concurrent mark sweep GC freed 25(880B) AllocSpace objects, 0(0B) LOS objects, 28% free, 41MB/57MB, paused 1.127ms total 38.069ms
08-05 02:45:19.759 15616 15629 I art     : Starting a blocking GC Explicit
08-05 02:45:19.797 15616 15629 I art     : Explicit concurrent mark sweep GC freed 6(192B) AllocSpace objects, 0(0B) LOS objects, 28% free, 41MB/57MB, paused 1.151ms total 38.105ms
08-05 02:45:19.808 15616 15629 I art     : Starting a blocking GC Explicit
08-05 02:45:19.845 15616 15629 I art     : Explicit concurrent mark sweep GC freed 6(192B) AllocSpace objects, 0(0B) LOS objects, 28% free, 41MB/57MB, paused 1.372ms total 37.156ms
08-05 02:45:19.855 15616 15629 I art     : Starting a blocking GC Explicit
08-05 02:45:19.893 15616 15629 I art     : Explicit concurrent mark sweep GC freed 6(192B) AllocSpace objects, 0(0B) LOS objects, 28% free, 41MB/57MB, paused 1.013ms total 37.865ms
08-05 02:45:20.212 13228 13228 I ServiceManager: Waiting for service AtCmdFwd...
08-05 02:45:20.252 15616 16533 I art     : Starting a blocking GC Explicit
08-05 02:45:20.293 15616 16533 I art     : Explicit concurrent mark sweep GC freed 1630(92KB) AllocSpace objects, 1(20KB) LOS objects, 28% free, 41MB/57MB, paused 1.113ms total 40.718ms
08-05 02:45:20.304 15616 16533 I art     : Starting a blocking GC Explicit
08-05 02:45:20.341 15616 16533 I art     : Explicit concurrent mark sweep GC freed 34(1248B) AllocSpace objects, 0(0B) LOS objects, 28% free, 41MB/57MB, paused 1.083ms total 37.124ms
08-05 02:45:20.352 15616 16533 I art     : Starting a blocking GC Explicit
08-05 02:45:20.390 15616 16533 I art     : Explicit concurrent mark sweep GC freed 5(160B) AllocSpace objects, 0(0B) LOS objects, 28% free, 41MB/57MB, paused 1.044ms total 37.782ms
08-05 02:45:20.400 15616 16533 I art     : Starting a blocking GC Explicit
08-05 02:45:20.437 15616 16533 I art     : Explicit concurrent mark sweep GC freed 6(192B) AllocSpace objects, 0(0B) LOS objects, 28% free, 41MB/57MB, paused 1.131ms total 37.173ms
08-05 02:45:20.448 15616 16533 I art     : Starting a blocking GC Explicit
08-05 02:45:20.485 15616 16533 I art     : Explicit concurrent mark sweep GC freed 6(192B) AllocSpace objects, 0(0B) LOS objects, 28% free, 41MB/57MB, paused 1.114ms total 37.238ms
08-05 02:45:20.617 15616 16662 E baseline.com.newsblur.network.APIResponse: Error (unexpected end of stream on https://www.newsblur.com/...) calling https://www.newsblur.com/reader/mark_story_hashes_as_read/
08-05 02:45:20.617 15616 16662 E baseline.com.newsblur.network.APIResponse: java.io.IOException: unexpected end of stream on https://www.newsblur.com/...
08-05 02:45:20.617 15616 16662 E baseline.com.newsblur.network.APIResponse: 	at okhttp3.internal.http1.Http1ExchangeCodec.readResponseHeaders(Http1ExchangeCodec.java:236)
08-05 02:45:20.617 15616 16662 E baseline.com.newsblur.network.APIResponse: 	at okhttp3.internal.connection.Exchange.readResponseHeaders(Exchange.java:115)
08-05 02:45:20.617 15616 16662 E baseline.com.newsblur.network.APIResponse: 	at okhttp3.internal.http.CallServerInterceptor.intercept(CallServerInterceptor.java:94)
08-05 02:45:20.617 15616 16662 E baseline.com.newsblur.network.APIResponse: 	at okhttp3.internal.http.RealInterceptorChain.proceed(RealInterceptorChain.java:142)
08-05 02:45:20.617 15616 16662 E baseline.com.newsblur.network.APIResponse: 	at okhttp3.internal.connection.ConnectInterceptor.intercept(ConnectInterceptor.java:43)
08-05 02:45:20.617 15616 16662 E baseline.com.newsblur.network.APIResponse: 	at okhttp3.internal.http.RealInterceptorChain.proceed(RealInterceptorChain.java:142)
08-05 02:45:20.617 15616 16662 E baseline.com.newsblur.network.APIResponse: 	at okhttp3.internal.http.RealInterceptorChain.proceed(RealInterceptorChain.java:117)
08-05 02:45:20.617 15616 16662 E baseline.com.newsblur.network.APIResponse: 	at okhttp3.internal.cache.CacheInterceptor.intercept(CacheInterceptor.java:94)
08-05 02:45:20.617 15616 16662 E baseline.com.newsblur.network.APIResponse: 	at okhttp3.internal.http.RealInterceptorChain.proceed(RealInterceptorChain.java:142)
08-05 02:45:20.617 15616 16662 E baseline.com.newsblur.network.APIResponse: 	at okhttp3.internal.http.RealInterceptorChain.proceed(RealInterceptorChain.java:117)
08-05 02:45:20.617 15616 16662 E baseline.com.newsblur.network.APIResponse: 	at okhttp3.internal.http.BridgeInterceptor.intercept(BridgeInterceptor.java:93)
08-05 02:45:20.617 15616 16662 E baseline.com.newsblur.network.APIResponse: 	at okhttp3.internal.http.RealInterceptorChain.proceed(RealInterceptorChain.java:142)
08-05 02:45:20.617 15616 16662 E baseline.com.newsblur.network.APIResponse: 	at okhttp3.internal.http.RetryAndFollowUpInterceptor.intercept(RetryAndFollowUpInterceptor.java:88)
08-05 02:45:20.617 15616 16662 E baseline.com.newsblur.network.APIResponse: 	at okhttp3.internal.http.RealInterceptorChain.proceed(RealInterceptorChain.java:142)
08-05 02:45:20.617 15616 16662 E baseline.com.newsblur.network.APIResponse: 	at okhttp3.internal.http.RealInterceptorChain.proceed(RealInterceptorChain.java:117)
08-05 02:45:20.617 15616 16662 E baseline.com.newsblur.network.APIResponse: 	at okhttp3.RealCall.getResponseWithInterceptorChain(RealCall.java:229)
08-05 02:45:20.617 15616 16662 E baseline.com.newsblur.network.APIResponse: 	at okhttp3.RealCall.execute(RealCall.java:81)
08-05 02:45:20.617 15616 16662 E baseline.com.newsblur.network.APIResponse: 	at baseline.com.newsblur.network.APIResponse.<init>(APIResponse.java:57)
08-05 02:45:20.617 15616 16662 E baseline.com.newsblur.network.APIResponse: 	at baseline.com.newsblur.network.APIResponse.<init>(APIResponse.java:43)
08-05 02:45:20.617 15616 16662 E baseline.com.newsblur.network.APIResponse: 	at baseline.com.newsblur.network.APIManager.post_single(APIManager.java:702)
08-05 02:45:20.617 15616 16662 E baseline.com.newsblur.network.APIResponse: 	at baseline.com.newsblur.network.APIManager.post(APIManager.java:675)
08-05 02:45:20.617 15616 16662 E baseline.com.newsblur.network.APIResponse: 	at baseline.com.newsblur.network.APIManager.post(APIManager.java:714)
08-05 02:45:20.617 15616 16662 E baseline.com.newsblur.network.APIResponse: 	at baseline.com.newsblur.network.APIManager.markStoryAsRead(APIManager.java:205)
08-05 02:45:20.617 15616 16662 E baseline.com.newsblur.network.APIResponse: 	at baseline.com.newsblur.util.ReadingAction.doRemote(ReadingAction.java:281)
08-05 02:45:20.617 15616 16662 E baseline.com.newsblur.network.APIResponse: 	at baseline.com.newsblur.service.NBSyncService.syncActions(NBSyncService.java:400)
08-05 02:45:20.617 15616 16662 E baseline.com.newsblur.network.APIResponse: 	at baseline.com.newsblur.service.NBSyncService.doSync(NBSyncService.java:298)
08-05 02:45:20.617 15616 16662 E baseline.com.newsblur.network.APIResponse: 	at baseline.com.newsblur.service.NBSyncService.access$100(NBSyncService.java:67)
08-05 02:45:20.617 15616 16662 E baseline.com.newsblur.network.APIResponse: 	at baseline.com.newsblur.service.NBSyncService$1.run(NBSyncService.java:188)
08-05 02:45:20.617 15616 16662 E baseline.com.newsblur.network.APIResponse: 	at java.util.concurrent.ThreadPoolExecutor.runWorker(ThreadPoolExecutor.java:1113)
08-05 02:45:20.617 15616 16662 E baseline.com.newsblur.network.APIResponse: 	at java.util.concurrent.ThreadPoolExecutor$Worker.run(ThreadPoolExecutor.java:588)
08-05 02:45:20.617 15616 16662 E baseline.com.newsblur.network.APIResponse: 	at java.lang.Thread.run(Thread.java:818)
08-05 02:45:20.617 15616 16662 E baseline.com.newsblur.network.APIResponse: Caused by: java.io.EOFException: \n not found: limit=0 content=
08-05 02:45:20.617 15616 16662 E baseline.com.newsblur.network.APIResponse: 	at okio.RealBufferedSource.readUtf8LineStrict(RealBufferedSource.java:240)
08-05 02:45:20.617 15616 16662 E baseline.com.newsblur.network.APIResponse: 	at okhttp3.internal.http1.Http1ExchangeCodec.readHeaderLine(Http1ExchangeCodec.java:242)
08-05 02:45:20.617 15616 16662 E baseline.com.newsblur.network.APIResponse: 	at okhttp3.internal.http1.Http1ExchangeCodec.readResponseHeaders(Http1ExchangeCodec.java:213)
08-05 02:45:20.617 15616 16662 E baseline.com.newsblur.network.APIResponse: 	... 30 more
08-05 02:45:20.618 15616 16662 I baseline.com.newsblur.service.NBSyncService: Holding reading action with server-side or network error.
08-05 02:45:20.630 15616 16662 W baseline.com.newsblur.service.NBSyncService: hard API failure
08-05 02:45:20.640 15616 16662 I baseline.com.newsblur.service.NBSyncService: recounting dirty feed sets: 1
08-05 02:45:20.817 15616 15629 I art     : Starting a blocking GC Explicit
08-05 02:45:20.858 15616 15629 I art     : Explicit concurrent mark sweep GC freed 4801(429KB) AllocSpace objects, 5(100KB) LOS objects, 28% free, 41MB/57MB, paused 1.111ms total 40.704ms
08-05 02:45:20.868 15616 15629 I art     : Starting a blocking GC Explicit
08-05 02:45:20.908 15616 15629 I art     : Explicit concurrent mark sweep GC freed 296(11KB) AllocSpace objects, 0(0B) LOS objects, 28% free, 41MB/57MB, paused 1.225ms total 39.367ms
08-05 02:45:20.918 15616 15629 I art     : Starting a blocking GC Explicit
08-05 02:45:20.956 15616 15629 I art     : Explicit concurrent mark sweep GC freed 6(192B) AllocSpace objects, 0(0B) LOS objects, 28% free, 41MB/57MB, paused 1.077ms total 37.360ms
08-05 02:45:20.966 15616 15629 I art     : Starting a blocking GC Explicit
08-05 02:45:21.003 15616 15629 I art     : Explicit concurrent mark sweep GC freed 6(192B) AllocSpace objects, 0(0B) LOS objects, 28% free, 41MB/57MB, paused 1.140ms total 36.538ms
08-05 02:45:21.013 15616 15629 I art     : Starting a blocking GC Explicit
08-05 02:45:21.051 15616 15629 I art     : Explicit concurrent mark sweep GC freed 6(192B) AllocSpace objects, 0(0B) LOS objects, 28% free, 41MB/57MB, paused 1.071ms total 37.498ms
08-05 02:45:21.133 15616 16662 E baseline.com.newsblur.network.APIResponse: Error (unexpected end of stream on https://www.newsblur.com/...) calling https://www.newsblur.com/reader/feed_unread_count?feed_id=0
08-05 02:45:21.133 15616 16662 E baseline.com.newsblur.network.APIResponse: java.io.IOException: unexpected end of stream on https://www.newsblur.com/...
08-05 02:45:21.133 15616 16662 E baseline.com.newsblur.network.APIResponse: 	at okhttp3.internal.http1.Http1ExchangeCodec.readResponseHeaders(Http1ExchangeCodec.java:236)
08-05 02:45:21.133 15616 16662 E baseline.com.newsblur.network.APIResponse: 	at okhttp3.internal.connection.Exchange.readResponseHeaders(Exchange.java:115)
08-05 02:45:21.133 15616 16662 E baseline.com.newsblur.network.APIResponse: 	at okhttp3.internal.http.CallServerInterceptor.intercept(CallServerInterceptor.java:94)
08-05 02:45:21.133 15616 16662 E baseline.com.newsblur.network.APIResponse: 	at okhttp3.internal.http.RealInterceptorChain.proceed(RealInterceptorChain.java:142)
08-05 02:45:21.133 15616 16662 E baseline.com.newsblur.network.APIResponse: 	at okhttp3.internal.connection.ConnectInterceptor.intercept(ConnectInterceptor.java:43)
08-05 02:45:21.133 15616 16662 E baseline.com.newsblur.network.APIResponse: 	at okhttp3.internal.http.RealInterceptorChain.proceed(RealInterceptorChain.java:142)
08-05 02:45:21.133 15616 16662 E baseline.com.newsblur.network.APIResponse: 	at okhttp3.internal.http.RealInterceptorChain.proceed(RealInterceptorChain.java:117)
08-05 02:45:21.133 15616 16662 E baseline.com.newsblur.network.APIResponse: 	at okhttp3.internal.cache.CacheInterceptor.intercept(CacheInterceptor.java:94)
08-05 02:45:21.133 15616 16662 E baseline.com.newsblur.network.APIResponse: 	at okhttp3.internal.http.RealInterceptorChain.proceed(RealInterceptorChain.java:142)
08-05 02:45:21.133 15616 16662 E baseline.com.newsblur.network.APIResponse: 	at okhttp3.internal.http.RealInterceptorChain.proceed(RealInterceptorChain.java:117)
08-05 02:45:21.133 15616 16662 E baseline.com.newsblur.network.APIResponse: 	at okhttp3.internal.http.BridgeInterceptor.intercept(BridgeInterceptor.java:93)
08-05 02:45:21.133 15616 16662 E baseline.com.newsblur.network.APIResponse: 	at okhttp3.internal.http.RealInterceptorChain.proceed(RealInterceptorChain.java:142)
08-05 02:45:21.133 15616 16662 E baseline.com.newsblur.network.APIResponse: 	at okhttp3.internal.http.RetryAndFollowUpInterceptor.intercept(RetryAndFollowUpInterceptor.java:88)
08-05 02:45:21.133 15616 16662 E baseline.com.newsblur.network.APIResponse: 	at okhttp3.internal.http.RealInterceptorChain.proceed(RealInterceptorChain.java:142)
08-05 02:45:21.133 15616 16662 E baseline.com.newsblur.network.APIResponse: 	at okhttp3.internal.http.RealInterceptorChain.proceed(RealInterceptorChain.java:117)
08-05 02:45:21.133 15616 16662 E baseline.com.newsblur.network.APIResponse: 	at okhttp3.RealCall.getResponseWithInterceptorChain(RealCall.java:229)
08-05 02:45:21.133 15616 16662 E baseline.com.newsblur.network.APIResponse: 	at okhttp3.RealCall.execute(RealCall.java:81)
08-05 02:45:21.133 15616 16662 E baseline.com.newsblur.network.APIResponse: 	at baseline.com.newsblur.network.APIResponse.<init>(APIResponse.java:57)
08-05 02:45:21.133 15616 16662 E baseline.com.newsblur.network.APIResponse: 	at baseline.com.newsblur.network.APIManager.get_single(APIManager.java:639)
08-05 02:45:21.133 15616 16662 E baseline.com.newsblur.network.APIResponse: 	at baseline.com.newsblur.network.APIManager.get(APIManager.java:625)
08-05 02:45:21.133 15616 16662 E baseline.com.newsblur.network.APIResponse: 	at baseline.com.newsblur.network.APIManager.get(APIManager.java:667)
08-05 02:45:21.133 15616 16662 E baseline.com.newsblur.network.APIResponse: 	at baseline.com.newsblur.network.APIManager.getFeedUnreadCounts(APIManager.java:274)
08-05 02:45:21.133 15616 16662 E baseline.com.newsblur.network.APIResponse: 	at baseline.com.newsblur.service.NBSyncService.checkRecounts(NBSyncService.java:660)
08-05 02:45:21.133 15616 16662 E baseline.com.newsblur.network.APIResponse: 	at baseline.com.newsblur.service.NBSyncService.doSync(NBSyncService.java:310)
08-05 02:45:21.133 15616 16662 E baseline.com.newsblur.network.APIResponse: 	at baseline.com.newsblur.service.NBSyncService.access$100(NBSyncService.java:67)
08-05 02:45:21.133 15616 16662 E baseline.com.newsblur.network.APIResponse: 	at baseline.com.newsblur.service.NBSyncService$1.run(NBSyncService.java:188)
08-05 02:45:21.133 15616 16662 E baseline.com.newsblur.network.APIResponse: 	at java.util.concurrent.ThreadPoolExecutor.runWorker(ThreadPoolExecutor.java:1113)
08-05 02:45:21.133 15616 16662 E baseline.com.newsblur.network.APIResponse: 	at java.util.concurrent.ThreadPoolExecutor$Worker.run(ThreadPoolExecutor.java:588)
08-05 02:45:21.133 15616 16662 E baseline.com.newsblur.network.APIResponse: 	at java.lang.Thread.run(Thread.java:818)
08-05 02:45:21.133 15616 16662 E baseline.com.newsblur.network.APIResponse: Caused by: java.io.EOFException: \n not found: limit=0 content=
08-05 02:45:21.133 15616 16662 E baseline.com.newsblur.network.APIResponse: 	at okio.RealBufferedSource.readUtf8LineStrict(RealBufferedSource.java:240)
08-05 02:45:21.133 15616 16662 E baseline.com.newsblur.network.APIResponse: 	at okhttp3.internal.http1.Http1ExchangeCodec.readHeaderLine(Http1ExchangeCodec.java:242)
08-05 02:45:21.133 15616 16662 E baseline.com.newsblur.network.APIResponse: 	at okhttp3.internal.http1.Http1ExchangeCodec.readResponseHeaders(Http1ExchangeCodec.java:213)
08-05 02:45:21.133 15616 16662 E baseline.com.newsblur.network.APIResponse: 	... 28 more
08-05 02:45:21.134 15616 16662 I baseline.com.newsblur.network.APIManager: API call failed, pausing before retry number 1
08-05 02:45:21.212 13228 13228 I ServiceManager: Waiting for service AtCmdFwd...
08-05 02:45:21.379 15616 16533 I art     : Starting a blocking GC Explicit
08-05 02:45:21.419 15616 16533 I art     : Explicit concurrent mark sweep GC freed 3955(356KB) AllocSpace objects, 3(60KB) LOS objects, 28% free, 41MB/57MB, paused 1.211ms total 39.058ms
08-05 02:45:21.429 15616 16533 I art     : Starting a blocking GC Explicit
08-05 02:45:21.467 15616 16533 I art     : Explicit concurrent mark sweep GC freed 123(4KB) AllocSpace objects, 0(0B) LOS objects, 28% free, 41MB/57MB, paused 1.163ms total 37.898ms
08-05 02:45:21.477 15616 16533 I art     : Starting a blocking GC Explicit
08-05 02:45:21.515 15616 16533 I art     : Explicit concurrent mark sweep GC freed 6(192B) AllocSpace objects, 0(0B) LOS objects, 28% free, 41MB/57MB, paused 1.066ms total 37.176ms
08-05 02:45:21.524 15616 16533 I art     : Starting a blocking GC Explicit
08-05 02:45:21.561 15616 16533 I art     : Explicit concurrent mark sweep GC freed 6(192B) AllocSpace objects, 0(0B) LOS objects, 28% free, 41MB/57MB, paused 1.110ms total 36.879ms
08-05 02:45:21.571 15616 16533 I art     : Starting a blocking GC Explicit
08-05 02:45:21.606 15616 16533 I art     : Explicit concurrent mark sweep GC freed 5(160B) AllocSpace objects, 0(0B) LOS objects, 28% free, 41MB/57MB, paused 1.046ms total 35.130ms
08-05 02:45:21.702 18028 18028 D AndroidRuntime: >>>>>> START com.android.internal.os.RuntimeInit uid 2000 <<<<<<
08-05 02:45:21.707 18028 18028 D AndroidRuntime: CheckJNI is OFF
08-05 02:45:21.737 18028 18028 D ICU     : No timezone override file found: /data/misc/zoneinfo/current/icu/icu_tzdata.dat
08-05 02:45:21.768 18028 18028 I Radio-JNI: register_android_hardware_Radio DONE
08-05 02:45:21.789 18028 18028 D AndroidRuntime: Calling main entry com.android.commands.input.Input
08-05 02:45:21.791 18028 18028 I Input   : injectMotionEvent: MotionEvent { action=ACTION_DOWN, actionButton=0, id[0]=0, x[0]=436.0, y[0]=453.0, toolType[0]=TOOL_TYPE_UNKNOWN, buttonState=0, metaState=0, flags=0x0, edgeFlags=0x0, pointerCount=1, historySize=0, eventTime=758738204, downTime=758738204, deviceId=0, source=0x1002 }
08-05 02:45:21.796 18028 18028 I Input   : injectMotionEvent: MotionEvent { action=ACTION_UP, actionButton=0, id[0]=0, x[0]=436.0, y[0]=453.0, toolType[0]=TOOL_TYPE_UNKNOWN, buttonState=0, metaState=0, flags=0x0, edgeFlags=0x0, pointerCount=1, historySize=0, eventTime=758738204, downTime=758738204, deviceId=0, source=0x1002 }
08-05 02:45:21.798 18028 18028 D AndroidRuntime: Shutting down VM
08-05 02:45:21.810   918   928 I ActivityManager: START u0 {cmp=baseline.com.newsblur/.activity.AllSharedStoriesReading (has extras)} from uid 10676 on display 0
08-05 02:45:21.811   512  2967 D audio_hw_primary: out_set_parameters: enter: usecase(1: low-latency-playback) kvpairs: routing=2
08-05 02:45:21.824   512  2967 D audio_hw_primary: select_devices: out_snd_device(2: speaker) in_snd_device(0: none)
08-05 02:45:21.824   512  2967 D msm8974_platform: platform_send_audio_calibration: sending audio calibration for snd_device(2) acdb_id(15)
08-05 02:45:21.824   512  2967 I soundtrigger: audio_extn_sound_trigger_update_device_status: device 0x2 of type 0 for Event 1
08-05 02:45:21.845   512  2967 D audio_hw_primary: enable_snd_device: snd_device(2: speaker)
08-05 02:45:21.847   512  2967 D audio_hw_primary: enable_audio_route: apply and update mixer path: low-latency-playback speaker
08-05 02:45:21.916 15616 15856 I art     : Starting a blocking GC Explicit
08-05 02:45:21.953 15616 15856 I art     : Explicit concurrent mark sweep GC freed 3114(263KB) AllocSpace objects, 6(548KB) LOS objects, 27% free, 41MB/57MB, paused 1.135ms total 36.878ms
08-05 02:45:21.964 15616 15856 I art     : Starting a blocking GC Explicit
08-05 02:45:22.001 15616 15856 I art     : Explicit concurrent mark sweep GC freed 761(53KB) AllocSpace objects, 1(20KB) LOS objects, 27% free, 41MB/57MB, paused 1.424ms total 37.488ms
08-05 02:45:22.004   918   936 I ActivityManager: Displayed baseline.com.newsblur/.activity.AllSharedStoriesReading: +186ms
08-05 02:45:22.005 13866 13866 I GoogleInputMethodServic: GoogleInputMethodService.onFinishInput():3138 
08-05 02:45:22.006 13866 13866 I GoogleInputMethodServic: GoogleInputMethodService.onStartInput():1808 
08-05 02:45:22.013 15616 15856 I art     : Starting a blocking GC Explicit
08-05 02:45:22.052 15616 15856 I art     : Explicit concurrent mark sweep GC freed 1506(86KB) AllocSpace objects, 2(48KB) LOS objects, 27% free, 41MB/57MB, paused 1.535ms total 38.683ms
08-05 02:45:22.062 15616 15856 I art     : Starting a blocking GC Explicit
08-05 02:45:22.101 15616 15856 I art     : Explicit concurrent mark sweep GC freed 1025(62KB) AllocSpace objects, 1(20KB) LOS objects, 27% free, 41MB/57MB, paused 1.406ms total 39.355ms
08-05 02:45:22.113 15616 15856 I art     : Starting a blocking GC Explicit
08-05 02:45:22.154 15616 15856 I art     : Explicit concurrent mark sweep GC freed 910(96KB) AllocSpace objects, 10(244KB) LOS objects, 27% free, 41MB/57MB, paused 1.561ms total 39.892ms
08-05 02:45:22.213 13228 13228 I ServiceManager: Waiting for service AtCmdFwd...
08-05 02:45:22.225 15616 16226 E chromium: [ERROR:tile_manager.cc(793)] WARNING: tile memory limits exceeded, some content may not draw
08-05 02:45:22.225 15616 16226 E chromium: [ERROR:tile_manager.cc(793)] WARNING: tile memory limits exceeded, some content may not draw
08-05 02:45:22.389   512  2967 D audio_hw_primary: disable_audio_route: reset and update mixer path: low-latency-playback speaker
08-05 02:45:22.392   512  2967 D audio_hw_primary: disable_snd_device: snd_device(2: speaker)
08-05 02:45:22.402   512  2967 I soundtrigger: audio_extn_sound_trigger_update_device_status: device 0x2 of type 0 for Event 0
08-05 02:45:22.496 15616 15629 I art     : Starting a blocking GC Explicit
08-05 02:45:22.532 15616 15629 I art     : Explicit concurrent mark sweep GC freed 2008(134KB) AllocSpace objects, 2(40KB) LOS objects, 27% free, 41MB/57MB, paused 1.072ms total 36.313ms
08-05 02:45:22.542 15616 15629 I art     : Starting a blocking GC Explicit
08-05 02:45:22.582 15616 15629 I art     : Explicit concurrent mark sweep GC freed 47(1936B) AllocSpace objects, 0(0B) LOS objects, 27% free, 41MB/57MB, paused 1.114ms total 39.143ms
08-05 02:45:22.592 15616 15629 I art     : Starting a blocking GC Explicit
08-05 02:45:22.634 15616 15629 I art     : Explicit concurrent mark sweep GC freed 3(96B) AllocSpace objects, 0(0B) LOS objects, 27% free, 41MB/57MB, paused 1.066ms total 41.471ms
08-05 02:45:22.645 15616 15629 I art     : Starting a blocking GC Explicit
08-05 02:45:22.677   518   646 I ThermalEngine: ACTION: GPU - Setting GPU[0] to 450000000
08-05 02:45:22.693 15616 15629 I art     : Explicit concurrent mark sweep GC freed 96(3KB) AllocSpace objects, 0(0B) LOS objects, 27% free, 41MB/57MB, paused 1.494ms total 47.624ms
08-05 02:45:22.707 15616 15629 I art     : Starting a blocking GC Explicit
08-05 02:45:22.760 15616 15629 I art     : Explicit concurrent mark sweep GC freed 83(5KB) AllocSpace objects, 0(0B) LOS objects, 27% free, 41MB/57MB, paused 1.616ms total 53.157ms
08-05 02:45:23.128 15616 15647 I art     : Starting a blocking GC Explicit
08-05 02:45:23.154 15616 16662 E baseline.com.newsblur.network.APIResponse: Error (unexpected end of stream on https://www.newsblur.com/...) calling https://www.newsblur.com/reader/feed_unread_count?feed_id=0
08-05 02:45:23.154 15616 16662 E baseline.com.newsblur.network.APIResponse: java.io.IOException: unexpected end of stream on https://www.newsblur.com/...
08-05 02:45:23.154 15616 16662 E baseline.com.newsblur.network.APIResponse: 	at okhttp3.internal.http1.Http1ExchangeCodec.readResponseHeaders(Http1ExchangeCodec.java:236)
08-05 02:45:23.154 15616 16662 E baseline.com.newsblur.network.APIResponse: 	at okhttp3.internal.connection.Exchange.readResponseHeaders(Exchange.java:115)
08-05 02:45:23.154 15616 16662 E baseline.com.newsblur.network.APIResponse: 	at okhttp3.internal.http.CallServerInterceptor.intercept(CallServerInterceptor.java:94)
08-05 02:45:23.154 15616 16662 E baseline.com.newsblur.network.APIResponse: 	at okhttp3.internal.http.RealInterceptorChain.proceed(RealInterceptorChain.java:142)
08-05 02:45:23.154 15616 16662 E baseline.com.newsblur.network.APIResponse: 	at okhttp3.internal.connection.ConnectInterceptor.intercept(ConnectInterceptor.java:43)
08-05 02:45:23.154 15616 16662 E baseline.com.newsblur.network.APIResponse: 	at okhttp3.internal.http.RealInterceptorChain.proceed(RealInterceptorChain.java:142)
08-05 02:45:23.154 15616 16662 E baseline.com.newsblur.network.APIResponse: 	at okhttp3.internal.http.RealInterceptorChain.proceed(RealInterceptorChain.java:117)
08-05 02:45:23.154 15616 16662 E baseline.com.newsblur.network.APIResponse: 	at okhttp3.internal.cache.CacheInterceptor.intercept(CacheInterceptor.java:94)
08-05 02:45:23.154 15616 16662 E baseline.com.newsblur.network.APIResponse: 	at okhttp3.internal.http.RealInterceptorChain.proceed(RealInterceptorChain.java:142)
08-05 02:45:23.154 15616 16662 E baseline.com.newsblur.network.APIResponse: 	at okhttp3.internal.http.RealInterceptorChain.proceed(RealInterceptorChain.java:117)
08-05 02:45:23.154 15616 16662 E baseline.com.newsblur.network.APIResponse: 	at okhttp3.internal.http.BridgeInterceptor.intercept(BridgeInterceptor.java:93)
08-05 02:45:23.154 15616 16662 E baseline.com.newsblur.network.APIResponse: 	at okhttp3.internal.http.RealInterceptorChain.proceed(RealInterceptorChain.java:142)
08-05 02:45:23.154 15616 16662 E baseline.com.newsblur.network.APIResponse: 	at okhttp3.internal.http.RetryAndFollowUpInterceptor.intercept(RetryAndFollowUpInterceptor.java:88)
08-05 02:45:23.154 15616 16662 E baseline.com.newsblur.network.APIResponse: 	at okhttp3.internal.http.RealInterceptorChain.proceed(RealInterceptorChain.java:142)
08-05 02:45:23.154 15616 16662 E baseline.com.newsblur.network.APIResponse: 	at okhttp3.internal.http.RealInterceptorChain.proceed(RealInterceptorChain.java:117)
08-05 02:45:23.154 15616 16662 E baseline.com.newsblur.network.APIResponse: 	at okhttp3.RealCall.getResponseWithInterceptorChain(RealCall.java:229)
08-05 02:45:23.154 15616 16662 E baseline.com.newsblur.network.APIResponse: 	at okhttp3.RealCall.execute(RealCall.java:81)
08-05 02:45:23.154 15616 16662 E baseline.com.newsblur.network.APIResponse: 	at baseline.com.newsblur.network.APIResponse.<init>(APIResponse.java:57)
08-05 02:45:23.154 15616 16662 E baseline.com.newsblur.network.APIResponse: 	at baseline.com.newsblur.network.APIManager.get_single(APIManager.java:639)
08-05 02:45:23.154 15616 16662 E baseline.com.newsblur.network.APIResponse: 	at baseline.com.newsblur.network.APIManager.get(APIManager.java:625)
08-05 02:45:23.154 15616 16662 E baseline.com.newsblur.network.APIResponse: 	at baseline.com.newsblur.network.APIManager.get(APIManager.java:667)
08-05 02:45:23.154 15616 16662 E baseline.com.newsblur.network.APIResponse: 	at baseline.com.newsblur.network.APIManager.getFeedUnreadCounts(APIManager.java:274)
08-05 02:45:23.154 15616 16662 E baseline.com.newsblur.network.APIResponse: 	at baseline.com.newsblur.service.NBSyncService.checkRecounts(NBSyncService.java:660)
08-05 02:45:23.154 15616 16662 E baseline.com.newsblur.network.APIResponse: 	at baseline.com.newsblur.service.NBSyncService.doSync(NBSyncService.java:310)
08-05 02:45:23.154 15616 16662 E baseline.com.newsblur.network.APIResponse: 	at baseline.com.newsblur.service.NBSyncService.access$100(NBSyncService.java:67)
08-05 02:45:23.154 15616 16662 E baseline.com.newsblur.network.APIResponse: 	at baseline.com.newsblur.service.NBSyncService$1.run(NBSyncService.java:188)
08-05 02:45:23.154 15616 16662 E baseline.com.newsblur.network.APIResponse: 	at java.util.concurrent.ThreadPoolExecutor.runWorker(ThreadPoolExecutor.java:1113)
08-05 02:45:23.154 15616 16662 E baseline.com.newsblur.network.APIResponse: 	at java.util.concurrent.ThreadPoolExecutor$Worker.run(ThreadPoolExecutor.java:588)
08-05 02:45:23.154 15616 16662 E baseline.com.newsblur.network.APIResponse: 	at java.lang.Thread.run(Thread.java:818)
08-05 02:45:23.154 15616 16662 E baseline.com.newsblur.network.APIResponse: Caused by: java.io.EOFException: \n not found: limit=0 content=
08-05 02:45:23.154 15616 16662 E baseline.com.newsblur.network.APIResponse: 	at okio.RealBufferedSource.readUtf8LineStrict(RealBufferedSource.java:240)
08-05 02:45:23.154 15616 16662 E baseline.com.newsblur.network.APIResponse: 	at okhttp3.internal.http1.Http1ExchangeCodec.readHeaderLine(Http1ExchangeCodec.java:242)
08-05 02:45:23.154 15616 16662 E baseline.com.newsblur.network.APIResponse: 	at okhttp3.internal.http1.Http1ExchangeCodec.readResponseHeaders(Http1ExchangeCodec.java:213)
08-05 02:45:23.154 15616 16662 E baseline.com.newsblur.network.APIResponse: 	... 28 more
08-05 02:45:23.156 15616 16662 I baseline.com.newsblur.network.APIManager: API call failed, pausing before retry number 2
08-05 02:45:23.184 15616 15647 I art     : Explicit concurrent mark sweep GC freed 3855(341KB) AllocSpace objects, 3(60KB) LOS objects, 27% free, 41MB/57MB, paused 1.425ms total 55.497ms
08-05 02:45:23.198 15616 15647 I art     : Starting a blocking GC Explicit
08-05 02:45:23.213 13228 13228 I ServiceManager: Waiting for service AtCmdFwd...
08-05 02:45:23.247 15616 15647 I art     : Explicit concurrent mark sweep GC freed 179(18KB) AllocSpace objects, 0(0B) LOS objects, 27% free, 41MB/57MB, paused 1.528ms total 48.997ms
08-05 02:45:23.261 15616 15647 I art     : Starting a blocking GC Explicit
08-05 02:45:23.319 15616 15647 I art     : Explicit concurrent mark sweep GC freed 36(1184B) AllocSpace objects, 0(0B) LOS objects, 27% free, 41MB/57MB, paused 1.353ms total 57.728ms
08-05 02:45:23.337 15616 15647 I art     : Starting a blocking GC Explicit
08-05 02:45:23.390 15616 15647 I art     : Explicit concurrent mark sweep GC freed 19(608B) AllocSpace objects, 0(0B) LOS objects, 27% free, 41MB/57MB, paused 1.490ms total 52.515ms
08-05 02:45:23.404 15616 15647 I art     : Starting a blocking GC Explicit
08-05 02:45:23.456 15616 15647 I art     : Explicit concurrent mark sweep GC freed 19(608B) AllocSpace objects, 0(0B) LOS objects, 27% free, 41MB/57MB, paused 1.512ms total 52.231ms
08-05 02:45:23.826 15616 15856 I art     : Starting a blocking GC Explicit
08-05 02:45:23.887 15616 15856 I art     : Explicit concurrent mark sweep GC freed 1460(83KB) AllocSpace objects, 1(20KB) LOS objects, 27% free, 41MB/57MB, paused 1.500ms total 59.814ms
08-05 02:45:23.903 15616 15856 I art     : Starting a blocking GC Explicit
08-05 02:45:23.959 15616 15856 I art     : Explicit concurrent mark sweep GC freed 22(784B) AllocSpace objects, 0(0B) LOS objects, 27% free, 41MB/57MB, paused 1.492ms total 55.879ms
08-05 02:45:23.973 15616 15856 I art     : Starting a blocking GC Explicit
08-05 02:45:24.029 15616 15856 I art     : Explicit concurrent mark sweep GC freed 3(96B) AllocSpace objects, 0(0B) LOS objects, 27% free, 41MB/57MB, paused 1.466ms total 55.872ms
08-05 02:45:24.043 15616 15856 I art     : Starting a blocking GC Explicit
08-05 02:45:24.101 15616 15856 I art     : Explicit concurrent mark sweep GC freed 3(96B) AllocSpace objects, 0(0B) LOS objects, 27% free, 41MB/57MB, paused 1.472ms total 57.804ms
08-05 02:45:24.118 15616 15856 I art     : Starting a blocking GC Explicit
08-05 02:45:24.173 15616 15856 I art     : Explicit concurrent mark sweep GC freed 3(96B) AllocSpace objects, 0(0B) LOS objects, 27% free, 41MB/57MB, paused 1.552ms total 55.465ms
08-05 02:45:24.214 13228 13228 I ServiceManager: Waiting for service AtCmdFwd...
08-05 02:45:24.563 15616 15647 I art     : Starting a blocking GC Explicit
08-05 02:45:24.621 15616 15647 I art     : Explicit concurrent mark sweep GC freed 1445(83KB) AllocSpace objects, 1(20KB) LOS objects, 27% free, 41MB/57MB, paused 1.609ms total 57.770ms
08-05 02:45:24.637 15616 15647 I art     : Starting a blocking GC Explicit
08-05 02:45:24.694 15616 15647 I art     : Explicit concurrent mark sweep GC freed 22(784B) AllocSpace objects, 0(0B) LOS objects, 27% free, 41MB/57MB, paused 1.487ms total 56.141ms
08-05 02:45:24.708 15616 15647 I art     : Starting a blocking GC Explicit
08-05 02:45:24.765 15616 15647 I art     : Explicit concurrent mark sweep GC freed 3(96B) AllocSpace objects, 0(0B) LOS objects, 27% free, 41MB/57MB, paused 1.481ms total 57.195ms
08-05 02:45:24.779 15616 15647 I art     : Starting a blocking GC Explicit
08-05 02:45:24.836 15616 15647 I art     : Explicit concurrent mark sweep GC freed 3(96B) AllocSpace objects, 0(0B) LOS objects, 27% free, 41MB/57MB, paused 1.565ms total 56.327ms
08-05 02:45:24.851 15616 15647 I art     : Starting a blocking GC Explicit
08-05 02:45:24.908 15616 15647 I art     : Explicit concurrent mark sweep GC freed 3(96B) AllocSpace objects, 0(0B) LOS objects, 27% free, 41MB/57MB, paused 1.471ms total 56.723ms
08-05 02:45:25.214 13228 13228 W Atfwd_Sendcmd: AtCmdFwd service not published, waiting... retryCnt : 4
08-05 02:45:25.305 15616 16533 I art     : Starting a blocking GC Explicit
08-05 02:45:25.366 15616 16533 I art     : Explicit concurrent mark sweep GC freed 1442(83KB) AllocSpace objects, 1(20KB) LOS objects, 27% free, 41MB/57MB, paused 1.565ms total 60.693ms
08-05 02:45:25.382 15616 16533 I art     : Starting a blocking GC Explicit
08-05 02:45:25.436 15616 16533 I art     : Explicit concurrent mark sweep GC freed 22(784B) AllocSpace objects, 0(0B) LOS objects, 27% free, 41MB/57MB, paused 1.506ms total 53.502ms
08-05 02:45:25.450 15616 16533 I art     : Starting a blocking GC Explicit
08-05 02:45:25.507 15616 16533 I art     : Explicit concurrent mark sweep GC freed 3(96B) AllocSpace objects, 0(0B) LOS objects, 27% free, 41MB/57MB, paused 1.352ms total 56.451ms
08-05 02:45:25.520 15616 16533 I art     : Starting a blocking GC Explicit
08-05 02:45:25.576 15616 16533 I art     : Explicit concurrent mark sweep GC freed 3(96B) AllocSpace objects, 0(0B) LOS objects, 27% free, 41MB/57MB, paused 1.557ms total 56.012ms
08-05 02:45:25.591 15616 16533 I art     : Starting a blocking GC Explicit
08-05 02:45:25.647 15616 16533 I art     : Explicit concurrent mark sweep GC freed 3(96B) AllocSpace objects, 0(0B) LOS objects, 27% free, 41MB/57MB, paused 1.438ms total 55.739ms
08-05 02:45:26.034 15616 15629 I art     : Starting a blocking GC Explicit
08-05 02:45:26.095 15616 15629 I art     : Explicit concurrent mark sweep GC freed 1443(83KB) AllocSpace objects, 1(20KB) LOS objects, 27% free, 41MB/57MB, paused 1.571ms total 60.989ms
08-05 02:45:26.112 15616 15629 I art     : Starting a blocking GC Explicit
08-05 02:45:26.170 15616 15629 I art     : Explicit concurrent mark sweep GC freed 115(4KB) AllocSpace objects, 0(0B) LOS objects, 27% free, 41MB/57MB, paused 1.736ms total 57.377ms
08-05 02:45:26.186 15616 15629 I art     : Starting a blocking GC Explicit
08-05 02:45:26.242 15616 15629 I art     : Explicit concurrent mark sweep GC freed 9(352B) AllocSpace objects, 0(0B) LOS objects, 27% free, 41MB/57MB, paused 1.615ms total 55.537ms
08-05 02:45:26.256 15616 15629 I art     : Starting a blocking GC Explicit
08-05 02:45:26.310 15616 15629 I art     : Explicit concurrent mark sweep GC freed 68(4KB) AllocSpace objects, 0(0B) LOS objects, 27% free, 41MB/57MB, paused 1.600ms total 53.625ms
08-05 02:45:26.324 15616 15629 I art     : Starting a blocking GC Explicit
08-05 02:45:26.382 15616 15629 I art     : Explicit concurrent mark sweep GC freed 12(1408B) AllocSpace objects, 0(0B) LOS objects, 27% free, 41MB/57MB, paused 1.633ms total 57.785ms
08-05 02:45:26.681   518   646 I ThermalEngine: ACTION: GPU - Setting GPU[0] to 510000000
08-05 02:45:26.741 15616 16662 E baseline.com.newsblur.network.APIResponse: Error (unexpected end of stream on https://www.newsblur.com/...) calling https://www.newsblur.com/reader/feed_unread_count?feed_id=0
08-05 02:45:26.741 15616 16662 E baseline.com.newsblur.network.APIResponse: java.io.IOException: unexpected end of stream on https://www.newsblur.com/...
08-05 02:45:26.741 15616 16662 E baseline.com.newsblur.network.APIResponse: 	at okhttp3.internal.http1.Http1ExchangeCodec.readResponseHeaders(Http1ExchangeCodec.java:236)
08-05 02:45:26.741 15616 16662 E baseline.com.newsblur.network.APIResponse: 	at okhttp3.internal.connection.Exchange.readResponseHeaders(Exchange.java:115)
08-05 02:45:26.741 15616 16662 E baseline.com.newsblur.network.APIResponse: 	at okhttp3.internal.http.CallServerInterceptor.intercept(CallServerInterceptor.java:94)
08-05 02:45:26.741 15616 16662 E baseline.com.newsblur.network.APIResponse: 	at okhttp3.internal.http.RealInterceptorChain.proceed(RealInterceptorChain.java:142)
08-05 02:45:26.741 15616 16662 E baseline.com.newsblur.network.APIResponse: 	at okhttp3.internal.connection.ConnectInterceptor.intercept(ConnectInterceptor.java:43)
08-05 02:45:26.741 15616 16662 E baseline.com.newsblur.network.APIResponse: 	at okhttp3.internal.http.RealInterceptorChain.proceed(RealInterceptorChain.java:142)
08-05 02:45:26.741 15616 16662 E baseline.com.newsblur.network.APIResponse: 	at okhttp3.internal.http.RealInterceptorChain.proceed(RealInterceptorChain.java:117)
08-05 02:45:26.741 15616 16662 E baseline.com.newsblur.network.APIResponse: 	at okhttp3.internal.cache.CacheInterceptor.intercept(CacheInterceptor.java:94)
08-05 02:45:26.741 15616 16662 E baseline.com.newsblur.network.APIResponse: 	at okhttp3.internal.http.RealInterceptorChain.proceed(RealInterceptorChain.java:142)
08-05 02:45:26.741 15616 16662 E baseline.com.newsblur.network.APIResponse: 	at okhttp3.internal.http.RealInterceptorChain.proceed(RealInterceptorChain.java:117)
08-05 02:45:26.741 15616 16662 E baseline.com.newsblur.network.APIResponse: 	at okhttp3.internal.http.BridgeInterceptor.intercept(BridgeInterceptor.java:93)
08-05 02:45:26.741 15616 16662 E baseline.com.newsblur.network.APIResponse: 	at okhttp3.internal.http.RealInterceptorChain.proceed(RealInterceptorChain.java:142)
08-05 02:45:26.741 15616 16662 E baseline.com.newsblur.network.APIResponse: 	at okhttp3.internal.http.RetryAndFollowUpInterceptor.intercept(RetryAndFollowUpInterceptor.java:88)
08-05 02:45:26.741 15616 16662 E baseline.com.newsblur.network.APIResponse: 	at okhttp3.internal.http.RealInterceptorChain.proceed(RealInterceptorChain.java:142)
08-05 02:45:26.741 15616 16662 E baseline.com.newsblur.network.APIResponse: 	at okhttp3.internal.http.RealInterceptorChain.proceed(RealInterceptorChain.java:117)
08-05 02:45:26.741 15616 16662 E baseline.com.newsblur.network.APIResponse: 	at okhttp3.RealCall.getResponseWithInterceptorChain(RealCall.java:229)
08-05 02:45:26.741 15616 16662 E baseline.com.newsblur.network.APIResponse: 	at okhttp3.RealCall.execute(RealCall.java:81)
08-05 02:45:26.741 15616 16662 E baseline.com.newsblur.network.APIResponse: 	at baseline.com.newsblur.network.APIResponse.<init>(APIResponse.java:57)
08-05 02:45:26.741 15616 16662 E baseline.com.newsblur.network.APIResponse: 	at baseline.com.newsblur.network.APIManager.get_single(APIManager.java:639)
08-05 02:45:26.741 15616 16662 E baseline.com.newsblur.network.APIResponse: 	at baseline.com.newsblur.network.APIManager.get(APIManager.java:625)
08-05 02:45:26.741 15616 16662 E baseline.com.newsblur.network.APIResponse: 	at baseline.com.newsblur.network.APIManager.get(APIManager.java:667)
08-05 02:45:26.741 15616 16662 E baseline.com.newsblur.network.APIResponse: 	at baseline.com.newsblur.network.APIManager.getFeedUnreadCounts(APIManager.java:274)
08-05 02:45:26.741 15616 16662 E baseline.com.newsblur.network.APIResponse: 	at baseline.com.newsblur.service.NBSyncService.checkRecounts(NBSyncService.java:660)
08-05 02:45:26.741 15616 16662 E baseline.com.newsblur.network.APIResponse: 	at baseline.com.newsblur.service.NBSyncService.doSync(NBSyncService.java:310)
08-05 02:45:26.741 15616 16662 E baseline.com.newsblur.network.APIResponse: 	at baseline.com.newsblur.service.NBSyncService.access$100(NBSyncService.java:67)
08-05 02:45:26.741 15616 16662 E baseline.com.newsblur.network.APIResponse: 	at baseline.com.newsblur.service.NBSyncService$1.run(NBSyncService.java:188)
08-05 02:45:26.741 15616 16662 E baseline.com.newsblur.network.APIResponse: 	at java.util.concurrent.ThreadPoolExecutor.runWorker(ThreadPoolExecutor.java:1113)
08-05 02:45:26.741 15616 16662 E baseline.com.newsblur.network.APIResponse: 	at java.util.concurrent.ThreadPoolExecutor$Worker.run(ThreadPoolExecutor.java:588)
08-05 02:45:26.741 15616 16662 E baseline.com.newsblur.network.APIResponse: 	at java.lang.Thread.run(Thread.java:818)
08-05 02:45:26.741 15616 16662 E baseline.com.newsblur.network.APIResponse: Caused by: java.io.EOFException: \n not found: limit=0 content=
08-05 02:45:26.741 15616 16662 E baseline.com.newsblur.network.APIResponse: 	at okio.RealBufferedSource.readUtf8LineStrict(RealBufferedSource.java:240)
08-05 02:45:26.741 15616 16662 E baseline.com.newsblur.network.APIResponse: 	at okhttp3.internal.http1.Http1ExchangeCodec.readHeaderLine(Http1ExchangeCodec.java:242)
08-05 02:45:26.741 15616 16662 E baseline.com.newsblur.network.APIResponse: 	at okhttp3.internal.http1.Http1ExchangeCodec.readResponseHeaders(Http1ExchangeCodec.java:213)
08-05 02:45:26.741 15616 16662 E baseline.com.newsblur.network.APIResponse: 	... 28 more
08-05 02:45:26.744 15616 16662 W baseline.com.newsblur.service.NBSyncService: Bad response to feed_unread_count
08-05 02:45:26.766 15616 15627 I art     : Starting a blocking GC Explicit
08-05 02:45:26.839 15616 15627 I art     : Explicit concurrent mark sweep GC freed 4522(424KB) AllocSpace objects, 5(100KB) LOS objects, 27% free, 41MB/57MB, paused 1.097ms total 72.675ms
08-05 02:45:26.851 15616 15627 I art     : Starting a blocking GC Explicit
08-05 02:45:26.895 15616 15627 I art     : Explicit concurrent mark sweep GC freed 202(7KB) AllocSpace objects, 0(0B) LOS objects, 27% free, 41MB/57MB, paused 1.313ms total 44.084ms
08-05 02:45:26.907 15616 15627 I art     : Starting a blocking GC Explicit
08-05 02:45:26.949 15616 15627 I art     : Explicit concurrent mark sweep GC freed 3(96B) AllocSpace objects, 0(0B) LOS objects, 27% free, 41MB/57MB, paused 1.117ms total 41.142ms
08-05 02:45:26.959 15616 15627 I art     : Starting a blocking GC Explicit
08-05 02:45:27.001 15616 15627 I art     : Explicit concurrent mark sweep GC freed 3(96B) AllocSpace objects, 0(0B) LOS objects, 27% free, 41MB/57MB, paused 1.047ms total 41.719ms
08-05 02:45:27.014 15616 15627 I art     : Starting a blocking GC Explicit
08-05 02:45:27.068 15616 15627 I art     : Explicit concurrent mark sweep GC freed 3(96B) AllocSpace objects, 0(0B) LOS objects, 27% free, 41MB/57MB, paused 1.118ms total 54.058ms
08-05 02:45:27.263 15616 16662 I NAPPA_EXPERIMENTATION: MetricNetworkRequestExecutionTime: REQUEST_DURATION_SYSTEM='502',REQUEST_DURATION_OKHTTP='45',REQUEST_SYNCHRONOUS='TRUE',RESPONSE_CODE='200',RESPONSE_METHOD='GET',RESPONSE_LENGTH_OKHTTP='-1',RESPONSE_LENGTH_HEADER='-2',REQUEST_PROTOCOL='http/1.1',REQUEST_URL='https://www.newsblur.com/social/river_stories?order=newest&page=1&read_filter=all',
08-05 02:45:27.264 15616 16662 D MY_TAG  : 0, 502
08-05 02:45:27.408 15616 16533 I art     : Starting a blocking GC Explicit
08-05 02:45:27.452 15616 16533 I art     : Explicit concurrent mark sweep GC freed 8764(532KB) AllocSpace objects, 8(168KB) LOS objects, 27% free, 41MB/57MB, paused 1.209ms total 43.521ms
08-05 02:45:27.463 15616 16533 I art     : Starting a blocking GC Explicit
08-05 02:45:27.507 15616 16533 I art     : Explicit concurrent mark sweep GC freed 1042(45KB) AllocSpace objects, 1(28KB) LOS objects, 27% free, 41MB/57MB, paused 1.178ms total 43.909ms
08-05 02:45:27.518 15616 16533 I art     : Starting a blocking GC Explicit
08-05 02:45:27.560 15616 16533 I art     : Explicit concurrent mark sweep GC freed 3(96B) AllocSpace objects, 0(0B) LOS objects, 27% free, 41MB/57MB, paused 1.166ms total 41.816ms
08-05 02:45:27.571 15616 16533 I art     : Starting a blocking GC Explicit
08-05 02:45:27.616 15616 16533 I art     : Explicit concurrent mark sweep GC freed 3(96B) AllocSpace objects, 0(0B) LOS objects, 27% free, 41MB/57MB, paused 1.218ms total 44.348ms
08-05 02:45:27.627 15616 16533 I art     : Starting a blocking GC Explicit
08-05 02:45:27.671 15616 16533 I art     : Explicit concurrent mark sweep GC freed 3(96B) AllocSpace objects, 0(0B) LOS objects, 27% free, 41MB/57MB, paused 1.175ms total 44.543ms
08-05 02:45:27.684   518   646 I ThermalEngine: ACTION: GPU - Setting GPU[0] to 450000000
08-05 02:45:27.773 15616 16662 E baseline.com.newsblur.network.APIResponse: Error (unexpected end of stream on https://www.newsblur.com/...) calling https://www.newsblur.com/reader/mark_story_hashes_as_read/
08-05 02:45:27.773 15616 16662 E baseline.com.newsblur.network.APIResponse: java.io.IOException: unexpected end of stream on https://www.newsblur.com/...
08-05 02:45:27.773 15616 16662 E baseline.com.newsblur.network.APIResponse: 	at okhttp3.internal.http1.Http1ExchangeCodec.readResponseHeaders(Http1ExchangeCodec.java:236)
08-05 02:45:27.773 15616 16662 E baseline.com.newsblur.network.APIResponse: 	at okhttp3.internal.connection.Exchange.readResponseHeaders(Exchange.java:115)
08-05 02:45:27.773 15616 16662 E baseline.com.newsblur.network.APIResponse: 	at okhttp3.internal.http.CallServerInterceptor.intercept(CallServerInterceptor.java:94)
08-05 02:45:27.773 15616 16662 E baseline.com.newsblur.network.APIResponse: 	at okhttp3.internal.http.RealInterceptorChain.proceed(RealInterceptorChain.java:142)
08-05 02:45:27.773 15616 16662 E baseline.com.newsblur.network.APIResponse: 	at okhttp3.internal.connection.ConnectInterceptor.intercept(ConnectInterceptor.java:43)
08-05 02:45:27.773 15616 16662 E baseline.com.newsblur.network.APIResponse: 	at okhttp3.internal.http.RealInterceptorChain.proceed(RealInterceptorChain.java:142)
08-05 02:45:27.773 15616 16662 E baseline.com.newsblur.network.APIResponse: 	at okhttp3.internal.http.RealInterceptorChain.proceed(RealInterceptorChain.java:117)
08-05 02:45:27.773 15616 16662 E baseline.com.newsblur.network.APIResponse: 	at okhttp3.internal.cache.CacheInterceptor.intercept(CacheInterceptor.java:94)
08-05 02:45:27.773 15616 16662 E baseline.com.newsblur.network.APIResponse: 	at okhttp3.internal.http.RealInterceptorChain.proceed(RealInterceptorChain.java:142)
08-05 02:45:27.773 15616 16662 E baseline.com.newsblur.network.APIResponse: 	at okhttp3.internal.http.RealInterceptorChain.proceed(RealInterceptorChain.java:117)
08-05 02:45:27.773 15616 16662 E baseline.com.newsblur.network.APIResponse: 	at okhttp3.internal.http.BridgeInterceptor.intercept(BridgeInterceptor.java:93)
08-05 02:45:27.773 15616 16662 E baseline.com.newsblur.network.APIResponse: 	at okhttp3.internal.http.RealInterceptorChain.proceed(RealInterceptorChain.java:142)
08-05 02:45:27.773 15616 16662 E baseline.com.newsblur.network.APIResponse: 	at okhttp3.internal.http.RetryAndFollowUpInterceptor.intercept(RetryAndFollowUpInterceptor.java:88)
08-05 02:45:27.773 15616 16662 E baseline.com.newsblur.network.APIResponse: 	at okhttp3.internal.http.RealInterceptorChain.proceed(RealInterceptorChain.java:142)
08-05 02:45:27.773 15616 16662 E baseline.com.newsblur.network.APIResponse: 	at okhttp3.internal.http.RealInterceptorChain.proceed(RealInterceptorChain.java:117)
08-05 02:45:27.773 15616 16662 E baseline.com.newsblur.network.APIResponse: 	at okhttp3.RealCall.getResponseWithInterceptorChain(RealCall.java:229)
08-05 02:45:27.773 15616 16662 E baseline.com.newsblur.network.APIResponse: 	at okhttp3.RealCall.execute(RealCall.java:81)
08-05 02:45:27.773 15616 16662 E baseline.com.newsblur.network.APIResponse: 	at baseline.com.newsblur.network.APIResponse.<init>(APIResponse.java:57)
08-05 02:45:27.773 15616 16662 E baseline.com.newsblur.network.APIResponse: 	at baseline.com.newsblur.network.APIResponse.<init>(APIResponse.java:43)
08-05 02:45:27.773 15616 16662 E baseline.com.newsblur.network.APIResponse: 	at baseline.com.newsblur.network.APIManager.post_single(APIManager.java:702)
08-05 02:45:27.773 15616 16662 E baseline.com.newsblur.network.APIResponse: 	at baseline.com.newsblur.network.APIManager.post(APIManager.java:675)
08-05 02:45:27.773 15616 16662 E baseline.com.newsblur.network.APIResponse: 	at baseline.com.newsblur.network.APIManager.post(APIManager.java:714)
08-05 02:45:27.773 15616 16662 E baseline.com.newsblur.network.APIResponse: 	at baseline.com.newsblur.network.APIManager.markStoryAsRead(APIManager.java:205)
08-05 02:45:27.773 15616 16662 E baseline.com.newsblur.network.APIResponse: 	at baseline.com.newsblur.util.ReadingAction.doRemote(ReadingAction.java:281)
08-05 02:45:27.773 15616 16662 E baseline.com.newsblur.network.APIResponse: 	at baseline.com.newsblur.service.NBSyncService.syncActions(NBSyncService.java:400)
08-05 02:45:27.773 15616 16662 E baseline.com.newsblur.network.APIResponse: 	at baseline.com.newsblur.service.NBSyncService.doSync(NBSyncService.java:298)
08-05 02:45:27.773 15616 16662 E baseline.com.newsblur.network.APIResponse: 	at baseline.com.newsblur.service.NBSyncService.access$100(NBSyncService.java:67)
08-05 02:45:27.773 15616 16662 E baseline.com.newsblur.network.APIResponse: 	at baseline.com.newsblur.service.NBSyncService$1.run(NBSyncService.java:188)
08-05 02:45:27.773 15616 16662 E baseline.com.newsblur.network.APIResponse: 	at java.util.concurrent.ThreadPoolExecutor.runWorker(ThreadPoolExecutor.java:1113)
08-05 02:45:27.773 15616 16662 E baseline.com.newsblur.network.APIResponse: 	at java.util.concurrent.ThreadPoolExecutor$Worker.run(ThreadPoolExecutor.java:588)
08-05 02:45:27.773 15616 16662 E baseline.com.newsblur.network.APIResponse: 	at java.lang.Thread.run(Thread.java:818)
08-05 02:45:27.773 15616 16662 E baseline.com.newsblur.network.APIResponse: Caused by: java.io.EOFException: \n not found: limit=0 content=
08-05 02:45:27.773 15616 16662 E baseline.com.newsblur.network.APIResponse: 	at okio.RealBufferedSource.readUtf8LineStrict(RealBufferedSource.java:240)
08-05 02:45:27.773 15616 16662 E baseline.com.newsblur.network.APIResponse: 	at okhttp3.internal.http1.Http1ExchangeCodec.readHeaderLine(Http1ExchangeCodec.java:242)
08-05 02:45:27.773 15616 16662 E baseline.com.newsblur.network.APIResponse: 	at okhttp3.internal.http1.Http1ExchangeCodec.readResponseHeaders(Http1ExchangeCodec.java:213)
08-05 02:45:27.773 15616 16662 E baseline.com.newsblur.network.APIResponse: 	... 30 more
08-05 02:45:27.775 15616 16662 I baseline.com.newsblur.network.APIManager: API call failed, pausing before retry number 1
08-05 02:45:28.070 15616 15629 I art     : Starting a blocking GC Explicit
08-05 02:45:28.132 15616 15629 I art     : Explicit concurrent mark sweep GC freed 3933(356KB) AllocSpace objects, 3(60KB) LOS objects, 27% free, 41MB/57MB, paused 1.588ms total 62.133ms
08-05 02:45:28.149 15616 15629 I art     : Starting a blocking GC Explicit
08-05 02:45:28.206 15616 15629 I art     : Explicit concurrent mark sweep GC freed 120(4KB) AllocSpace objects, 0(0B) LOS objects, 27% free, 41MB/57MB, paused 1.554ms total 56.110ms
08-05 02:45:28.220 15616 15629 I art     : Starting a blocking GC Explicit
08-05 02:45:28.277 15616 15629 I art     : Explicit concurrent mark sweep GC freed 3(96B) AllocSpace objects, 0(0B) LOS objects, 27% free, 41MB/57MB, paused 1.484ms total 56.571ms
08-05 02:45:28.291 15616 15629 I art     : Starting a blocking GC Explicit
08-05 02:45:28.349 15616 15629 I art     : Explicit concurrent mark sweep GC freed 3(96B) AllocSpace objects, 0(0B) LOS objects, 27% free, 41MB/57MB, paused 1.605ms total 57.859ms
08-05 02:45:28.365 15616 15629 I art     : Starting a blocking GC Explicit
08-05 02:45:28.422 15616 15629 I art     : Explicit concurrent mark sweep GC freed 3(96B) AllocSpace objects, 0(0B) LOS objects, 27% free, 41MB/57MB, paused 1.508ms total 56.272ms
08-05 02:45:28.814 15616 15647 I art     : Starting a blocking GC Explicit
08-05 02:45:28.875 15616 15647 I art     : Explicit concurrent mark sweep GC freed 1479(84KB) AllocSpace objects, 1(20KB) LOS objects, 27% free, 41MB/57MB, paused 1.550ms total 59.802ms
08-05 02:45:28.891 15616 15647 I art     : Starting a blocking GC Explicit
08-05 02:45:28.946 15616 15647 I art     : Explicit concurrent mark sweep GC freed 22(784B) AllocSpace objects, 0(0B) LOS objects, 27% free, 41MB/57MB, paused 1.516ms total 55.168ms
08-05 02:45:28.947 15616 15626 I art     : WaitForGcToComplete blocked for 55.783ms for cause HeapTrim
08-05 02:45:28.960 15616 15647 I art     : Starting a blocking GC Explicit
08-05 02:45:29.018 15616 15647 I art     : Explicit concurrent mark sweep GC freed 3(96B) AllocSpace objects, 0(0B) LOS objects, 27% free, 41MB/57MB, paused 1.545ms total 57.248ms
08-05 02:45:29.032 15616 15647 I art     : Starting a blocking GC Explicit
08-05 02:45:29.089 15616 15647 I art     : Explicit concurrent mark sweep GC freed 3(96B) AllocSpace objects, 0(0B) LOS objects, 27% free, 41MB/57MB, paused 1.541ms total 56.465ms
08-05 02:45:29.103 15616 15647 I art     : Starting a blocking GC Explicit
08-05 02:45:29.161 15616 15647 I art     : Explicit concurrent mark sweep GC freed 3(96B) AllocSpace objects, 0(0B) LOS objects, 27% free, 41MB/57MB, paused 1.417ms total 57.711ms
08-05 02:45:29.347   918  1210 D NetlinkSocketObserver: NeighborEvent{elapsedMs=1742133221, 192.168.2.254, [7C3953A63323], RTM_NEWNEIGH, NUD_STALE}
08-05 02:45:29.559 15616 15856 I art     : Starting a blocking GC Explicit
08-05 02:45:29.623 15616 15856 I art     : Explicit concurrent mark sweep GC freed 1607(91KB) AllocSpace objects, 1(20KB) LOS objects, 27% free, 41MB/57MB, paused 1.617ms total 62.824ms
08-05 02:45:29.641 15616 15856 I art     : Starting a blocking GC Explicit
08-05 02:45:29.689   518   646 I ThermalEngine: ACTION: GPU - Setting GPU[0] to 510000000
08-05 02:45:29.695 15616 15856 I art     : Explicit concurrent mark sweep GC freed 28(1040B) AllocSpace objects, 0(0B) LOS objects, 27% free, 41MB/57MB, paused 1.542ms total 54.189ms
08-05 02:45:29.709 15616 15856 I art     : Starting a blocking GC Explicit
08-05 02:45:29.758 15616 15856 I art     : Explicit concurrent mark sweep GC freed 3(96B) AllocSpace objects, 0(0B) LOS objects, 27% free, 41MB/57MB, paused 1.265ms total 48.627ms
08-05 02:45:29.769 15616 15856 I art     : Starting a blocking GC Explicit
08-05 02:45:29.811 15616 15856 I art     : Explicit concurrent mark sweep GC freed 1566(62KB) AllocSpace objects, 0(0B) LOS objects, 27% free, 41MB/57MB, paused 1.159ms total 42.479ms
08-05 02:45:29.822 15616 15856 I art     : Starting a blocking GC Explicit
08-05 02:45:29.837 15616 16662 E baseline.com.newsblur.network.APIResponse: Error (unexpected end of stream on https://www.newsblur.com/...) calling https://www.newsblur.com/reader/mark_story_hashes_as_read/
08-05 02:45:29.837 15616 16662 E baseline.com.newsblur.network.APIResponse: java.io.IOException: unexpected end of stream on https://www.newsblur.com/...
08-05 02:45:29.837 15616 16662 E baseline.com.newsblur.network.APIResponse: 	at okhttp3.internal.http1.Http1ExchangeCodec.readResponseHeaders(Http1ExchangeCodec.java:236)
08-05 02:45:29.837 15616 16662 E baseline.com.newsblur.network.APIResponse: 	at okhttp3.internal.connection.Exchange.readResponseHeaders(Exchange.java:115)
08-05 02:45:29.837 15616 16662 E baseline.com.newsblur.network.APIResponse: 	at okhttp3.internal.http.CallServerInterceptor.intercept(CallServerInterceptor.java:94)
08-05 02:45:29.837 15616 16662 E baseline.com.newsblur.network.APIResponse: 	at okhttp3.internal.http.RealInterceptorChain.proceed(RealInterceptorChain.java:142)
08-05 02:45:29.837 15616 16662 E baseline.com.newsblur.network.APIResponse: 	at okhttp3.internal.connection.ConnectInterceptor.intercept(ConnectInterceptor.java:43)
08-05 02:45:29.837 15616 16662 E baseline.com.newsblur.network.APIResponse: 	at okhttp3.internal.http.RealInterceptorChain.proceed(RealInterceptorChain.java:142)
08-05 02:45:29.837 15616 16662 E baseline.com.newsblur.network.APIResponse: 	at okhttp3.internal.http.RealInterceptorChain.proceed(RealInterceptorChain.java:117)
08-05 02:45:29.837 15616 16662 E baseline.com.newsblur.network.APIResponse: 	at okhttp3.internal.cache.CacheInterceptor.intercept(CacheInterceptor.java:94)
08-05 02:45:29.837 15616 16662 E baseline.com.newsblur.network.APIResponse: 	at okhttp3.internal.http.RealInterceptorChain.proceed(RealInterceptorChain.java:142)
08-05 02:45:29.837 15616 16662 E baseline.com.newsblur.network.APIResponse: 	at okhttp3.internal.http.RealInterceptorChain.proceed(RealInterceptorChain.java:117)
08-05 02:45:29.837 15616 16662 E baseline.com.newsblur.network.APIResponse: 	at okhttp3.internal.http.BridgeInterceptor.intercept(BridgeInterceptor.java:93)
08-05 02:45:29.837 15616 16662 E baseline.com.newsblur.network.APIResponse: 	at okhttp3.internal.http.RealInterceptorChain.proceed(RealInterceptorChain.java:142)
08-05 02:45:29.837 15616 16662 E baseline.com.newsblur.network.APIResponse: 	at okhttp3.internal.http.RetryAndFollowUpInterceptor.intercept(RetryAndFollowUpInterceptor.java:88)
08-05 02:45:29.837 15616 16662 E baseline.com.newsblur.network.APIResponse: 	at okhttp3.internal.http.RealInterceptorChain.proceed(RealInterceptorChain.java:142)
08-05 02:45:29.837 15616 16662 E baseline.com.newsblur.network.APIResponse: 	at okhttp3.internal.http.RealInterceptorChain.proceed(RealInterceptorChain.java:117)
08-05 02:45:29.837 15616 16662 E baseline.com.newsblur.network.APIResponse: 	at okhttp3.RealCall.getResponseWithInterceptorChain(RealCall.java:229)
08-05 02:45:29.837 15616 16662 E baseline.com.newsblur.network.APIResponse: 	at okhttp3.RealCall.execute(RealCall.java:81)
08-05 02:45:29.837 15616 16662 E baseline.com.newsblur.network.APIResponse: 	at baseline.com.newsblur.network.APIResponse.<init>(APIResponse.java:57)
08-05 02:45:29.837 15616 16662 E baseline.com.newsblur.network.APIResponse: 	at baseline.com.newsblur.network.APIResponse.<init>(APIResponse.java:43)
08-05 02:45:29.837 15616 16662 E baseline.com.newsblur.network.APIResponse: 	at baseline.com.newsblur.network.APIManager.post_single(APIManager.java:702)
08-05 02:45:29.837 15616 16662 E baseline.com.newsblur.network.APIResponse: 	at baseline.com.newsblur.network.APIManager.post(APIManager.java:675)
08-05 02:45:29.837 15616 16662 E baseline.com.newsblur.network.APIResponse: 	at baseline.com.newsblur.network.APIManager.post(APIManager.java:714)
08-05 02:45:29.837 15616 16662 E baseline.com.newsblur.network.APIResponse: 	at baseline.com.newsblur.network.APIManager.markStoryAsRead(APIManager.java:205)
08-05 02:45:29.837 15616 16662 E baseline.com.newsblur.network.APIResponse: 	at baseline.com.newsblur.util.ReadingAction.doRemote(ReadingAction.java:281)
08-05 02:45:29.837 15616 16662 E baseline.com.newsblur.network.APIResponse: 	at baseline.com.newsblur.service.NBSyncService.syncActions(NBSyncService.java:400)
08-05 02:45:29.837 15616 16662 E baseline.com.newsblur.network.APIResponse: 	at baseline.com.newsblur.service.NBSyncService.doSync(NBSyncService.java:298)
08-05 02:45:29.837 15616 16662 E baseline.com.newsblur.network.APIResponse: 	at baseline.com.newsblur.service.NBSyncService.access$100(NBSyncService.java:67)
08-05 02:45:29.837 15616 16662 E baseline.com.newsblur.network.APIResponse: 	at baseline.com.newsblur.service.NBSyncService$1.run(NBSyncService.java:188)
08-05 02:45:29.837 15616 16662 E baseline.com.newsblur.network.APIResponse: 	at java.util.concurrent.ThreadPoolExecutor.runWorker(ThreadPoolExecutor.java:1113)
08-05 02:45:29.837 15616 16662 E baseline.com.newsblur.network.APIResponse: 	at java.util.concurrent.ThreadPoolExecutor$Worker.run(ThreadPoolExecutor.java:588)
08-05 02:45:29.837 15616 16662 E baseline.com.newsblur.network.APIResponse: 	at java.lang.Thread.run(Thread.java:818)
08-05 02:45:29.837 15616 16662 E baseline.com.newsblur.network.APIResponse: Caused by: java.io.EOFException: \n not found: limit=0 content=
08-05 02:45:29.837 15616 16662 E baseline.com.newsblur.network.APIResponse: 	at okio.RealBufferedSource.readUtf8LineStrict(RealBufferedSource.java:240)
08-05 02:45:29.837 15616 16662 E baseline.com.newsblur.network.APIResponse: 	at okhttp3.internal.http1.Http1ExchangeCodec.readHeaderLine(Http1ExchangeCodec.java:242)
08-05 02:45:29.837 15616 16662 E baseline.com.newsblur.network.APIResponse: 	at okhttp3.internal.http1.Http1ExchangeCodec.readResponseHeaders(Http1ExchangeCodec.java:213)
08-05 02:45:29.837 15616 16662 E baseline.com.newsblur.network.APIResponse: 	... 30 more
08-05 02:45:29.839 15616 16662 I baseline.com.newsblur.network.APIManager: API call failed, pausing before retry number 2
08-05 02:45:29.865 15616 15856 I art     : Explicit concurrent mark sweep GC freed 914(199KB) AllocSpace objects, 2(40KB) LOS objects, 27% free, 41MB/57MB, paused 1.118ms total 42.260ms
08-05 02:45:30.216 15616 15627 I art     : Starting a blocking GC Explicit
08-05 02:45:30.263 15616 15627 I art     : Explicit concurrent mark sweep GC freed 1556(99KB) AllocSpace objects, 1(20KB) LOS objects, 27% free, 41MB/57MB, paused 1.085ms total 46.043ms
08-05 02:45:30.274 15616 15627 I art     : Starting a blocking GC Explicit
08-05 02:45:30.317 15616 15627 I art     : Explicit concurrent mark sweep GC freed 46(1584B) AllocSpace objects, 0(0B) LOS objects, 27% free, 41MB/57MB, paused 1.286ms total 43.203ms
08-05 02:45:30.329 15616 15627 I art     : Starting a blocking GC Explicit
08-05 02:45:30.372 15616 15627 I art     : Explicit concurrent mark sweep GC freed 10(384B) AllocSpace objects, 0(0B) LOS objects, 27% free, 41MB/57MB, paused 1.111ms total 43.450ms
08-05 02:45:30.383 15616 15627 I art     : Starting a blocking GC Explicit
08-05 02:45:30.426 15616 15627 I art     : Explicit concurrent mark sweep GC freed 3(96B) AllocSpace objects, 0(0B) LOS objects, 27% free, 41MB/57MB, paused 1.086ms total 42.518ms
08-05 02:45:30.437 15616 15627 I art     : Starting a blocking GC Explicit
08-05 02:45:30.481 15616 15627 I art     : Explicit concurrent mark sweep GC freed 3(96B) AllocSpace objects, 0(0B) LOS objects, 27% free, 41MB/57MB, paused 1.114ms total 43.558ms
08-05 02:45:30.845 15616 16533 I art     : Starting a blocking GC Explicit
08-05 02:45:30.888 15616 16533 I art     : Explicit concurrent mark sweep GC freed 2664(142KB) AllocSpace objects, 1(20KB) LOS objects, 27% free, 41MB/57MB, paused 1.107ms total 42.452ms
08-05 02:45:30.898 15616 16533 I art     : Starting a blocking GC Explicit
08-05 02:45:30.940 15616 16533 I art     : Explicit concurrent mark sweep GC freed 882(77KB) AllocSpace objects, 0(0B) LOS objects, 27% free, 41MB/57MB, paused 1.054ms total 41.942ms
08-05 02:45:30.951 15616 16533 I art     : Starting a blocking GC Explicit
08-05 02:45:30.994 15616 16533 I art     : Explicit concurrent mark sweep GC freed 9(400B) AllocSpace objects, 0(0B) LOS objects, 27% free, 41MB/57MB, paused 1.044ms total 42.265ms
08-05 02:45:31.004 15616 16533 I art     : Starting a blocking GC Explicit
08-05 02:45:31.047 15616 16533 I art     : Explicit concurrent mark sweep GC freed 3(96B) AllocSpace objects, 0(0B) LOS objects, 27% free, 41MB/57MB, paused 1.186ms total 43.013ms
08-05 02:45:31.058 15616 16533 I art     : Starting a blocking GC Explicit
08-05 02:45:31.101 15616 16533 I art     : Explicit concurrent mark sweep GC freed 3(96B) AllocSpace objects, 0(0B) LOS objects, 27% free, 41MB/57MB, paused 1.093ms total 42.587ms
08-05 02:45:31.452 15616 15629 I art     : Starting a blocking GC Explicit
08-05 02:45:31.497 15616 15629 I art     : Explicit concurrent mark sweep GC freed 3677(187KB) AllocSpace objects, 1(20KB) LOS objects, 27% free, 41MB/57MB, paused 1.088ms total 45.371ms
08-05 02:45:31.511 15616 15629 I art     : Starting a blocking GC Explicit
08-05 02:45:31.552 15616 15629 I art     : Explicit concurrent mark sweep GC freed 135(5KB) AllocSpace objects, 0(0B) LOS objects, 27% free, 41MB/57MB, paused 1.220ms total 41.147ms
08-05 02:45:31.563 15616 15629 I art     : Starting a blocking GC Explicit
08-05 02:45:31.605 15616 15629 I art     : Explicit concurrent mark sweep GC freed 3(96B) AllocSpace objects, 0(0B) LOS objects, 27% free, 41MB/57MB, paused 1.110ms total 41.706ms
08-05 02:45:31.616 15616 15629 I art     : Starting a blocking GC Explicit
08-05 02:45:31.657 15616 15629 I art     : Explicit concurrent mark sweep GC freed 3(96B) AllocSpace objects, 0(0B) LOS objects, 27% free, 41MB/57MB, paused 1.077ms total 41.249ms
08-05 02:45:31.668 15616 15629 I art     : Starting a blocking GC Explicit
08-05 02:45:31.710 15616 15629 I art     : Explicit concurrent mark sweep GC freed 3(96B) AllocSpace objects, 0(0B) LOS objects, 27% free, 41MB/57MB, paused 1.098ms total 42.215ms
08-05 02:45:32.065 15616 15647 I art     : Starting a blocking GC Explicit
08-05 02:45:32.108 15616 15647 I art     : Explicit concurrent mark sweep GC freed 1442(83KB) AllocSpace objects, 1(20KB) LOS objects, 27% free, 41MB/57MB, paused 1.175ms total 42.997ms
08-05 02:45:32.121 15616 15647 I art     : Starting a blocking GC Explicit
08-05 02:45:32.163 15616 15647 I art     : Explicit concurrent mark sweep GC freed 22(784B) AllocSpace objects, 0(0B) LOS objects, 27% free, 41MB/57MB, paused 1.102ms total 41.865ms
08-05 02:45:32.174 15616 15647 I art     : Starting a blocking GC Explicit
08-05 02:45:32.217 15616 15647 I art     : Explicit concurrent mark sweep GC freed 3(96B) AllocSpace objects, 0(0B) LOS objects, 27% free, 41MB/57MB, paused 1.073ms total 42.492ms
08-05 02:45:32.228 15616 15647 I art     : Starting a blocking GC Explicit
08-05 02:45:32.271 15616 15647 I art     : Explicit concurrent mark sweep GC freed 3(96B) AllocSpace objects, 0(0B) LOS objects, 27% free, 41MB/57MB, paused 1.110ms total 42.867ms
08-05 02:45:32.282 15616 15647 I art     : Starting a blocking GC Explicit
08-05 02:45:32.325 15616 15647 I art     : Explicit concurrent mark sweep GC freed 3(96B) AllocSpace objects, 0(0B) LOS objects, 27% free, 41MB/57MB, paused 1.122ms total 43.047ms
08-05 02:45:32.673 15616 15856 I art     : Starting a blocking GC Explicit
08-05 02:45:32.720 15616 15856 I art     : Explicit concurrent mark sweep GC freed 1441(82KB) AllocSpace objects, 1(20KB) LOS objects, 27% free, 41MB/57MB, paused 1.058ms total 46.047ms
08-05 02:45:32.734 15616 15856 I art     : Starting a blocking GC Explicit
08-05 02:45:32.775 15616 15856 I art     : Explicit concurrent mark sweep GC freed 22(784B) AllocSpace objects, 0(0B) LOS objects, 27% free, 41MB/57MB, paused 1.059ms total 40.865ms
08-05 02:45:32.786 15616 15856 I art     : Starting a blocking GC Explicit
08-05 02:45:32.827 15616 15856 I art     : Explicit concurrent mark sweep GC freed 3(96B) AllocSpace objects, 0(0B) LOS objects, 27% free, 41MB/57MB, paused 1.130ms total 41.266ms
08-05 02:45:32.839 15616 15856 I art     : Starting a blocking GC Explicit
08-05 02:45:32.879 15616 15856 I art     : Explicit concurrent mark sweep GC freed 94(3KB) AllocSpace objects, 0(0B) LOS objects, 27% free, 41MB/57MB, paused 1.119ms total 40.553ms
08-05 02:45:32.890 15616 15856 I art     : Starting a blocking GC Explicit
08-05 02:45:32.939 15616 15856 I art     : Explicit concurrent mark sweep GC freed 13(432B) AllocSpace objects, 0(0B) LOS objects, 27% free, 41MB/57MB, paused 7.716ms total 49.182ms
08-05 02:45:33.287 15616 15627 I art     : Starting a blocking GC Explicit
08-05 02:45:33.333 15616 15627 I art     : Explicit concurrent mark sweep GC freed 1511(88KB) AllocSpace objects, 1(20KB) LOS objects, 27% free, 41MB/57MB, paused 1.187ms total 45.291ms
08-05 02:45:33.348 15616 15627 I art     : Starting a blocking GC Explicit
08-05 02:45:33.387 15616 15627 I art     : Explicit concurrent mark sweep GC freed 1643(64KB) AllocSpace objects, 0(0B) LOS objects, 27% free, 41MB/57MB, paused 1.171ms total 38.842ms
08-05 02:45:33.398 15616 15627 I art     : Starting a blocking GC Explicit
08-05 02:45:33.413 15616 16662 E baseline.com.newsblur.network.APIResponse: Error (unexpected end of stream on https://www.newsblur.com/...) calling https://www.newsblur.com/reader/mark_story_hashes_as_read/
08-05 02:45:33.413 15616 16662 E baseline.com.newsblur.network.APIResponse: java.io.IOException: unexpected end of stream on https://www.newsblur.com/...
08-05 02:45:33.413 15616 16662 E baseline.com.newsblur.network.APIResponse: 	at okhttp3.internal.http1.Http1ExchangeCodec.readResponseHeaders(Http1ExchangeCodec.java:236)
08-05 02:45:33.413 15616 16662 E baseline.com.newsblur.network.APIResponse: 	at okhttp3.internal.connection.Exchange.readResponseHeaders(Exchange.java:115)
08-05 02:45:33.413 15616 16662 E baseline.com.newsblur.network.APIResponse: 	at okhttp3.internal.http.CallServerInterceptor.intercept(CallServerInterceptor.java:94)
08-05 02:45:33.413 15616 16662 E baseline.com.newsblur.network.APIResponse: 	at okhttp3.internal.http.RealInterceptorChain.proceed(RealInterceptorChain.java:142)
08-05 02:45:33.413 15616 16662 E baseline.com.newsblur.network.APIResponse: 	at okhttp3.internal.connection.ConnectInterceptor.intercept(ConnectInterceptor.java:43)
08-05 02:45:33.413 15616 16662 E baseline.com.newsblur.network.APIResponse: 	at okhttp3.internal.http.RealInterceptorChain.proceed(RealInterceptorChain.java:142)
08-05 02:45:33.413 15616 16662 E baseline.com.newsblur.network.APIResponse: 	at okhttp3.internal.http.RealInterceptorChain.proceed(RealInterceptorChain.java:117)
08-05 02:45:33.413 15616 16662 E baseline.com.newsblur.network.APIResponse: 	at okhttp3.internal.cache.CacheInterceptor.intercept(CacheInterceptor.java:94)
08-05 02:45:33.413 15616 16662 E baseline.com.newsblur.network.APIResponse: 	at okhttp3.internal.http.RealInterceptorChain.proceed(RealInterceptorChain.java:142)
08-05 02:45:33.413 15616 16662 E baseline.com.newsblur.network.APIResponse: 	at okhttp3.internal.http.RealInterceptorChain.proceed(RealInterceptorChain.java:117)
08-05 02:45:33.413 15616 16662 E baseline.com.newsblur.network.APIResponse: 	at okhttp3.internal.http.BridgeInterceptor.intercept(BridgeInterceptor.java:93)
08-05 02:45:33.413 15616 16662 E baseline.com.newsblur.network.APIResponse: 	at okhttp3.internal.http.RealInterceptorChain.proceed(RealInterceptorChain.java:142)
08-05 02:45:33.413 15616 16662 E baseline.com.newsblur.network.APIResponse: 	at okhttp3.internal.http.RetryAndFollowUpInterceptor.intercept(RetryAndFollowUpInterceptor.java:88)
08-05 02:45:33.413 15616 16662 E baseline.com.newsblur.network.APIResponse: 	at okhttp3.internal.http.RealInterceptorChain.proceed(RealInterceptorChain.java:142)
08-05 02:45:33.413 15616 16662 E baseline.com.newsblur.network.APIResponse: 	at okhttp3.internal.http.RealInterceptorChain.proceed(RealInterceptorChain.java:117)
08-05 02:45:33.413 15616 16662 E baseline.com.newsblur.network.APIResponse: 	at okhttp3.RealCall.getResponseWithInterceptorChain(RealCall.java:229)
08-05 02:45:33.413 15616 16662 E baseline.com.newsblur.network.APIResponse: 	at okhttp3.RealCall.execute(RealCall.java:81)
08-05 02:45:33.413 15616 16662 E baseline.com.newsblur.network.APIResponse: 	at baseline.com.newsblur.network.APIResponse.<init>(APIResponse.java:57)
08-05 02:45:33.413 15616 16662 E baseline.com.newsblur.network.APIResponse: 	at baseline.com.newsblur.network.APIResponse.<init>(APIResponse.java:43)
08-05 02:45:33.413 15616 16662 E baseline.com.newsblur.network.APIResponse: 	at baseline.com.newsblur.network.APIManager.post_single(APIManager.java:702)
08-05 02:45:33.413 15616 16662 E baseline.com.newsblur.network.APIResponse: 	at baseline.com.newsblur.network.APIManager.post(APIManager.java:675)
08-05 02:45:33.413 15616 16662 E baseline.com.newsblur.network.APIResponse: 	at baseline.com.newsblur.network.APIManager.post(APIManager.java:714)
08-05 02:45:33.413 15616 16662 E baseline.com.newsblur.network.APIResponse: 	at baseline.com.newsblur.network.APIManager.markStoryAsRead(APIManager.java:205)
08-05 02:45:33.413 15616 16662 E baseline.com.newsblur.network.APIResponse: 	at baseline.com.newsblur.util.ReadingAction.doRemote(ReadingAction.java:281)
08-05 02:45:33.413 15616 16662 E baseline.com.newsblur.network.APIResponse: 	at baseline.com.newsblur.service.NBSyncService.syncActions(NBSyncService.java:400)
08-05 02:45:33.413 15616 16662 E baseline.com.newsblur.network.APIResponse: 	at baseline.com.newsblur.service.NBSyncService.doSync(NBSyncService.java:298)
08-05 02:45:33.413 15616 16662 E baseline.com.newsblur.network.APIResponse: 	at baseline.com.newsblur.service.NBSyncService.access$100(NBSyncService.java:67)
08-05 02:45:33.413 15616 16662 E baseline.com.newsblur.network.APIResponse: 	at baseline.com.newsblur.service.NBSyncService$1.run(NBSyncService.java:188)
08-05 02:45:33.413 15616 16662 E baseline.com.newsblur.network.APIResponse: 	at java.util.concurrent.ThreadPoolExecutor.runWorker(ThreadPoolExecutor.java:1113)
08-05 02:45:33.413 15616 16662 E baseline.com.newsblur.network.APIResponse: 	at java.util.concurrent.ThreadPoolExecutor$Worker.run(ThreadPoolExecutor.java:588)
08-05 02:45:33.413 15616 16662 E baseline.com.newsblur.network.APIResponse: 	at java.lang.Thread.run(Thread.java:818)
08-05 02:45:33.413 15616 16662 E baseline.com.newsblur.network.APIResponse: Caused by: java.io.EOFException: \n not found: limit=0 content=
08-05 02:45:33.413 15616 16662 E baseline.com.newsblur.network.APIResponse: 	at okio.RealBufferedSource.readUtf8LineStrict(RealBufferedSource.java:240)
08-05 02:45:33.413 15616 16662 E baseline.com.newsblur.network.APIResponse: 	at okhttp3.internal.http1.Http1ExchangeCodec.readHeaderLine(Http1ExchangeCodec.java:242)
08-05 02:45:33.413 15616 16662 E baseline.com.newsblur.network.APIResponse: 	at okhttp3.internal.http1.Http1ExchangeCodec.readResponseHeaders(Http1ExchangeCodec.java:213)
08-05 02:45:33.413 15616 16662 E baseline.com.newsblur.network.APIResponse: 	... 30 more
08-05 02:45:33.414 15616 16662 I baseline.com.newsblur.service.NBSyncService: Holding reading action with server-side or network error.
08-05 02:45:33.425 15616 16662 W baseline.com.newsblur.service.NBSyncService: hard API failure
08-05 02:45:33.438 15616 15627 I art     : Explicit concurrent mark sweep GC freed 1171(240KB) AllocSpace objects, 4(80KB) LOS objects, 27% free, 41MB/57MB, paused 1.279ms total 40.408ms
08-05 02:45:33.449 15616 15627 I art     : Starting a blocking GC Explicit
08-05 02:45:33.488 15616 15627 I art     : Explicit concurrent mark sweep GC freed 221(23KB) AllocSpace objects, 0(0B) LOS objects, 27% free, 41MB/57MB, paused 1.064ms total 38.461ms
08-05 02:45:33.499 15616 15627 I art     : Starting a blocking GC Explicit
08-05 02:45:33.542 15616 15627 I art     : Explicit concurrent mark sweep GC freed 25(832B) AllocSpace objects, 0(0B) LOS objects, 27% free, 41MB/57MB, paused 1.149ms total 42.558ms
08-05 02:45:33.812 15616 16662 E baseline.com.newsblur.network.APIResponse: Error (unexpected end of stream on https://www.newsblur.com/...) calling https://www.newsblur.com/reader/mark_story_hashes_as_read/
08-05 02:45:33.812 15616 16662 E baseline.com.newsblur.network.APIResponse: java.io.IOException: unexpected end of stream on https://www.newsblur.com/...
08-05 02:45:33.812 15616 16662 E baseline.com.newsblur.network.APIResponse: 	at okhttp3.internal.http1.Http1ExchangeCodec.readResponseHeaders(Http1ExchangeCodec.java:236)
08-05 02:45:33.812 15616 16662 E baseline.com.newsblur.network.APIResponse: 	at okhttp3.internal.connection.Exchange.readResponseHeaders(Exchange.java:115)
08-05 02:45:33.812 15616 16662 E baseline.com.newsblur.network.APIResponse: 	at okhttp3.internal.http.CallServerInterceptor.intercept(CallServerInterceptor.java:94)
08-05 02:45:33.812 15616 16662 E baseline.com.newsblur.network.APIResponse: 	at okhttp3.internal.http.RealInterceptorChain.proceed(RealInterceptorChain.java:142)
08-05 02:45:33.812 15616 16662 E baseline.com.newsblur.network.APIResponse: 	at okhttp3.internal.connection.ConnectInterceptor.intercept(ConnectInterceptor.java:43)
08-05 02:45:33.812 15616 16662 E baseline.com.newsblur.network.APIResponse: 	at okhttp3.internal.http.RealInterceptorChain.proceed(RealInterceptorChain.java:142)
08-05 02:45:33.812 15616 16662 E baseline.com.newsblur.network.APIResponse: 	at okhttp3.internal.http.RealInterceptorChain.proceed(RealInterceptorChain.java:117)
08-05 02:45:33.812 15616 16662 E baseline.com.newsblur.network.APIResponse: 	at okhttp3.internal.cache.CacheInterceptor.intercept(CacheInterceptor.java:94)
08-05 02:45:33.812 15616 16662 E baseline.com.newsblur.network.APIResponse: 	at okhttp3.internal.http.RealInterceptorChain.proceed(RealInterceptorChain.java:142)
08-05 02:45:33.812 15616 16662 E baseline.com.newsblur.network.APIResponse: 	at okhttp3.internal.http.RealInterceptorChain.proceed(RealInterceptorChain.java:117)
08-05 02:45:33.812 15616 16662 E baseline.com.newsblur.network.APIResponse: 	at okhttp3.internal.http.BridgeInterceptor.intercept(BridgeInterceptor.java:93)
08-05 02:45:33.812 15616 16662 E baseline.com.newsblur.network.APIResponse: 	at okhttp3.internal.http.RealInterceptorChain.proceed(RealInterceptorChain.java:142)
08-05 02:45:33.812 15616 16662 E baseline.com.newsblur.network.APIResponse: 	at okhttp3.internal.http.RetryAndFollowUpInterceptor.intercept(RetryAndFollowUpInterceptor.java:88)
08-05 02:45:33.812 15616 16662 E baseline.com.newsblur.network.APIResponse: 	at okhttp3.internal.http.RealInterceptorChain.proceed(RealInterceptorChain.java:142)
08-05 02:45:33.812 15616 16662 E baseline.com.newsblur.network.APIResponse: 	at okhttp3.internal.http.RealInterceptorChain.proceed(RealInterceptorChain.java:117)
08-05 02:45:33.812 15616 16662 E baseline.com.newsblur.network.APIResponse: 	at okhttp3.RealCall.getResponseWithInterceptorChain(RealCall.java:229)
08-05 02:45:33.812 15616 16662 E baseline.com.newsblur.network.APIResponse: 	at okhttp3.RealCall.execute(RealCall.java:81)
08-05 02:45:33.812 15616 16662 E baseline.com.newsblur.network.APIResponse: 	at baseline.com.newsblur.network.APIResponse.<init>(APIResponse.java:57)
08-05 02:45:33.812 15616 16662 E baseline.com.newsblur.network.APIResponse: 	at baseline.com.newsblur.network.APIResponse.<init>(APIResponse.java:43)
08-05 02:45:33.812 15616 16662 E baseline.com.newsblur.network.APIResponse: 	at baseline.com.newsblur.network.APIManager.post_single(APIManager.java:702)
08-05 02:45:33.812 15616 16662 E baseline.com.newsblur.network.APIResponse: 	at baseline.com.newsblur.network.APIManager.post(APIManager.java:675)
08-05 02:45:33.812 15616 16662 E baseline.com.newsblur.network.APIResponse: 	at baseline.com.newsblur.network.APIManager.post(APIManager.java:714)
08-05 02:45:33.812 15616 16662 E baseline.com.newsblur.network.APIResponse: 	at baseline.com.newsblur.network.APIManager.markStoryAsRead(APIManager.java:205)
08-05 02:45:33.812 15616 16662 E baseline.com.newsblur.network.APIResponse: 	at baseline.com.newsblur.util.ReadingAction.doRemote(ReadingAction.java:281)
08-05 02:45:33.812 15616 16662 E baseline.com.newsblur.network.APIResponse: 	at baseline.com.newsblur.service.NBSyncService.syncActions(NBSyncService.java:400)
08-05 02:45:33.812 15616 16662 E baseline.com.newsblur.network.APIResponse: 	at baseline.com.newsblur.service.NBSyncService.doSync(NBSyncService.java:298)
08-05 02:45:33.812 15616 16662 E baseline.com.newsblur.network.APIResponse: 	at baseline.com.newsblur.service.NBSyncService.access$100(NBSyncService.java:67)
08-05 02:45:33.812 15616 16662 E baseline.com.newsblur.network.APIResponse: 	at baseline.com.newsblur.service.NBSyncService$1.run(NBSyncService.java:188)
08-05 02:45:33.812 15616 16662 E baseline.com.newsblur.network.APIResponse: 	at java.util.concurrent.ThreadPoolExecutor.runWorker(ThreadPoolExecutor.java:1113)
08-05 02:45:33.812 15616 16662 E baseline.com.newsblur.network.APIResponse: 	at java.util.concurrent.ThreadPoolExecutor$Worker.run(ThreadPoolExecutor.java:588)
08-05 02:45:33.812 15616 16662 E baseline.com.newsblur.network.APIResponse: 	at java.lang.Thread.run(Thread.java:818)
08-05 02:45:33.812 15616 16662 E baseline.com.newsblur.network.APIResponse: Caused by: java.io.EOFException: \n not found: limit=0 content=
08-05 02:45:33.812 15616 16662 E baseline.com.newsblur.network.APIResponse: 	at okio.RealBufferedSource.readUtf8LineStrict(RealBufferedSource.java:240)
08-05 02:45:33.812 15616 16662 E baseline.com.newsblur.network.APIResponse: 	at okhttp3.internal.http1.Http1ExchangeCodec.readHeaderLine(Http1ExchangeCodec.java:242)
08-05 02:45:33.812 15616 16662 E baseline.com.newsblur.network.APIResponse: 	at okhttp3.internal.http1.Http1ExchangeCodec.readResponseHeaders(Http1ExchangeCodec.java:213)
08-05 02:45:33.812 15616 16662 E baseline.com.newsblur.network.APIResponse: 	... 30 more
08-05 02:45:33.814 15616 16662 I baseline.com.newsblur.network.APIManager: API call failed, pausing before retry number 1
08-05 02:45:33.882 15616 16533 I art     : Starting a blocking GC Explicit
08-05 02:45:33.930 15616 16533 I art     : Explicit concurrent mark sweep GC freed 3952(357KB) AllocSpace objects, 3(60KB) LOS objects, 27% free, 41MB/57MB, paused 1.233ms total 46.901ms
08-05 02:45:33.944 15616 16533 I art     : Starting a blocking GC Explicit
08-05 02:45:33.984 15616 16533 I art     : Explicit concurrent mark sweep GC freed 120(4KB) AllocSpace objects, 0(0B) LOS objects, 27% free, 41MB/57MB, paused 1.094ms total 39.647ms
08-05 02:45:33.995 15616 16533 I art     : Starting a blocking GC Explicit
08-05 02:45:34.036 15616 16533 I art     : Explicit concurrent mark sweep GC freed 3(96B) AllocSpace objects, 0(0B) LOS objects, 27% free, 41MB/57MB, paused 1.062ms total 40.762ms
08-05 02:45:34.036 15616 15626 I art     : WaitForGcToComplete blocked for 16.432ms for cause HeapTrim
08-05 02:45:34.047 15616 16533 I art     : Starting a blocking GC Explicit
08-05 02:45:34.087 15616 16533 I art     : Explicit concurrent mark sweep GC freed 3(96B) AllocSpace objects, 0(0B) LOS objects, 27% free, 41MB/57MB, paused 997us total 39.765ms
08-05 02:45:34.098 15616 16533 I art     : Starting a blocking GC Explicit
08-05 02:45:34.138 15616 16533 I art     : Explicit concurrent mark sweep GC freed 3(96B) AllocSpace objects, 0(0B) LOS objects, 27% free, 41MB/57MB, paused 1.163ms total 40.611ms
08-05 02:45:34.459 15616 15629 I art     : Starting a blocking GC Explicit
08-05 02:45:34.462 18288 18288 D AndroidRuntime: >>>>>> START com.android.internal.os.RuntimeInit uid 2000 <<<<<<
08-05 02:45:34.467 18288 18288 D AndroidRuntime: CheckJNI is OFF
08-05 02:45:34.501 18288 18288 D ICU     : No timezone override file found: /data/misc/zoneinfo/current/icu/icu_tzdata.dat
08-05 02:45:34.503 15616 15629 I art     : Explicit concurrent mark sweep GC freed 1441(82KB) AllocSpace objects, 1(20KB) LOS objects, 27% free, 41MB/57MB, paused 1.136ms total 43.280ms
08-05 02:45:34.514 15616 15629 I art     : Starting a blocking GC Explicit
08-05 02:45:34.536 18288 18288 I Radio-JNI: register_android_hardware_Radio DONE
08-05 02:45:34.555 15616 15629 I art     : Explicit concurrent mark sweep GC freed 22(784B) AllocSpace objects, 0(0B) LOS objects, 27% free, 41MB/57MB, paused 1.053ms total 41.180ms
08-05 02:45:34.558 18288 18288 D AndroidRuntime: Calling main entry com.android.commands.input.Input
08-05 02:45:34.560 18288 18288 I Input   : injectKeyEvent: KeyEvent { action=ACTION_DOWN, keyCode=KEYCODE_BACK, scanCode=0, metaState=0, flags=0x0, repeatCount=0, eventTime=758750973, downTime=758750973, deviceId=-1, source=0x101 }
08-05 02:45:34.565 18288 18288 I Input   : injectKeyEvent: KeyEvent { action=ACTION_UP, keyCode=KEYCODE_BACK, scanCode=0, metaState=0, flags=0x0, repeatCount=0, eventTime=758750973, downTime=758750973, deviceId=-1, source=0x101 }
08-05 02:45:34.566 15616 15629 I art     : Starting a blocking GC Explicit
08-05 02:45:34.572 18288 18288 D AndroidRuntime: Shutting down VM
08-05 02:45:34.580 15616 15616 D baseline.com.newsblur.service.NBSyncService: rejecting request for feedset that is exhaused
08-05 02:45:34.605 15616 15629 I art     : Explicit concurrent mark sweep GC freed 260(41KB) AllocSpace objects, 2(40KB) LOS objects, 27% free, 41MB/57MB, paused 1.047ms total 39.306ms
08-05 02:45:34.615 15616 15629 I art     : Starting a blocking GC Explicit
08-05 02:45:34.653 15616 15629 I art     : Explicit concurrent mark sweep GC freed 52(1984B) AllocSpace objects, 0(0B) LOS objects, 27% free, 41MB/57MB, paused 999us total 37.627ms
08-05 02:45:34.663 15616 15629 I art     : Starting a blocking GC Explicit
08-05 02:45:34.698 15616 15616 D baseline.com.newsblur.service.NBSyncService: rejecting request for feedset that is exhaused
08-05 02:45:34.701 15616 15629 I art     : Explicit concurrent mark sweep GC freed 701(53KB) AllocSpace objects, 2(40KB) LOS objects, 27% free, 41MB/57MB, paused 1.549ms total 37.672ms
08-05 02:45:34.701 13866 13866 I GoogleInputMethodServic: GoogleInputMethodService.onFinishInput():3138 
08-05 02:45:34.702 13866 13866 I GoogleInputMethodServic: GoogleInputMethodService.onStartInput():1808 
08-05 02:45:35.034 15616 15647 I art     : Starting a blocking GC Explicit
08-05 02:45:35.078 15616 15647 I art     : Explicit concurrent mark sweep GC freed 4394(292KB) AllocSpace objects, 2(48KB) LOS objects, 27% free, 41MB/57MB, paused 1.030ms total 42.652ms
08-05 02:45:35.088 15616 15647 I art     : Starting a blocking GC Explicit
08-05 02:45:35.126 15616 15647 I art     : Explicit concurrent mark sweep GC freed 230(12KB) AllocSpace objects, 0(0B) LOS objects, 27% free, 41MB/57MB, paused 1.043ms total 37.749ms
08-05 02:45:35.136 15616 15647 I art     : Starting a blocking GC Explicit
08-05 02:45:35.173 15616 15647 I art     : Explicit concurrent mark sweep GC freed 29(1056B) AllocSpace objects, 0(0B) LOS objects, 27% free, 41MB/57MB, paused 1.029ms total 36.942ms
08-05 02:45:35.183 15616 15647 I art     : Starting a blocking GC Explicit
08-05 02:45:35.221 15616 15647 I art     : Explicit concurrent mark sweep GC freed 7(224B) AllocSpace objects, 0(0B) LOS objects, 27% free, 41MB/57MB, paused 998us total 37.549ms
08-05 02:45:35.231 15616 15647 I art     : Starting a blocking GC Explicit
08-05 02:45:35.269 15616 15647 I art     : Explicit concurrent mark sweep GC freed 9(288B) AllocSpace objects, 0(0B) LOS objects, 27% free, 41MB/57MB, paused 1.079ms total 37.868ms
08-05 02:45:35.609 15616 16533 I art     : Starting a blocking GC Explicit
08-05 02:45:35.655 15616 16533 I art     : Explicit concurrent mark sweep GC freed 1652(93KB) AllocSpace objects, 1(20KB) LOS objects, 27% free, 41MB/57MB, paused 1.262ms total 45.205ms
08-05 02:45:35.668 15616 16533 I art     : Starting a blocking GC Explicit
08-05 02:45:35.713 15616 16533 I art     : Explicit concurrent mark sweep GC freed 36(1296B) AllocSpace objects, 0(0B) LOS objects, 27% free, 41MB/57MB, paused 1.322ms total 44.959ms
08-05 02:45:35.725 15616 16533 I art     : Starting a blocking GC Explicit
08-05 02:45:35.772 15616 16533 I art     : Explicit concurrent mark sweep GC freed 9(288B) AllocSpace objects, 0(0B) LOS objects, 27% free, 41MB/57MB, paused 1.140ms total 47.547ms
08-05 02:45:35.785 15616 16533 I art     : Starting a blocking GC Explicit
08-05 02:45:35.831 15616 16533 I art     : Explicit concurrent mark sweep GC freed 1665(65KB) AllocSpace objects, 0(0B) LOS objects, 27% free, 41MB/57MB, paused 1.626ms total 45.482ms
08-05 02:45:35.842 15616 16533 I art     : Starting a blocking GC Explicit
08-05 02:45:35.859 15616 16662 E baseline.com.newsblur.network.APIResponse: Error (unexpected end of stream on https://www.newsblur.com/...) calling https://www.newsblur.com/reader/mark_story_hashes_as_read/
08-05 02:45:35.859 15616 16662 E baseline.com.newsblur.network.APIResponse: java.io.IOException: unexpected end of stream on https://www.newsblur.com/...
08-05 02:45:35.859 15616 16662 E baseline.com.newsblur.network.APIResponse: 	at okhttp3.internal.http1.Http1ExchangeCodec.readResponseHeaders(Http1ExchangeCodec.java:236)
08-05 02:45:35.859 15616 16662 E baseline.com.newsblur.network.APIResponse: 	at okhttp3.internal.connection.Exchange.readResponseHeaders(Exchange.java:115)
08-05 02:45:35.859 15616 16662 E baseline.com.newsblur.network.APIResponse: 	at okhttp3.internal.http.CallServerInterceptor.intercept(CallServerInterceptor.java:94)
08-05 02:45:35.859 15616 16662 E baseline.com.newsblur.network.APIResponse: 	at okhttp3.internal.http.RealInterceptorChain.proceed(RealInterceptorChain.java:142)
08-05 02:45:35.859 15616 16662 E baseline.com.newsblur.network.APIResponse: 	at okhttp3.internal.connection.ConnectInterceptor.intercept(ConnectInterceptor.java:43)
08-05 02:45:35.859 15616 16662 E baseline.com.newsblur.network.APIResponse: 	at okhttp3.internal.http.RealInterceptorChain.proceed(RealInterceptorChain.java:142)
08-05 02:45:35.859 15616 16662 E baseline.com.newsblur.network.APIResponse: 	at okhttp3.internal.http.RealInterceptorChain.proceed(RealInterceptorChain.java:117)
08-05 02:45:35.859 15616 16662 E baseline.com.newsblur.network.APIResponse: 	at okhttp3.internal.cache.CacheInterceptor.intercept(CacheInterceptor.java:94)
08-05 02:45:35.859 15616 16662 E baseline.com.newsblur.network.APIResponse: 	at okhttp3.internal.http.RealInterceptorChain.proceed(RealInterceptorChain.java:142)
08-05 02:45:35.859 15616 16662 E baseline.com.newsblur.network.APIResponse: 	at okhttp3.internal.http.RealInterceptorChain.proceed(RealInterceptorChain.java:117)
08-05 02:45:35.859 15616 16662 E baseline.com.newsblur.network.APIResponse: 	at okhttp3.internal.http.BridgeInterceptor.intercept(BridgeInterceptor.java:93)
08-05 02:45:35.859 15616 16662 E baseline.com.newsblur.network.APIResponse: 	at okhttp3.internal.http.RealInterceptorChain.proceed(RealInterceptorChain.java:142)
08-05 02:45:35.859 15616 16662 E baseline.com.newsblur.network.APIResponse: 	at okhttp3.internal.http.RetryAndFollowUpInterceptor.intercept(RetryAndFollowUpInterceptor.java:88)
08-05 02:45:35.859 15616 16662 E baseline.com.newsblur.network.APIResponse: 	at okhttp3.internal.http.RealInterceptorChain.proceed(RealInterceptorChain.java:142)
08-05 02:45:35.859 15616 16662 E baseline.com.newsblur.network.APIResponse: 	at okhttp3.internal.http.RealInterceptorChain.proceed(RealInterceptorChain.java:117)
08-05 02:45:35.859 15616 16662 E baseline.com.newsblur.network.APIResponse: 	at okhttp3.RealCall.getResponseWithInterceptorChain(RealCall.java:229)
08-05 02:45:35.859 15616 16662 E baseline.com.newsblur.network.APIResponse: 	at okhttp3.RealCall.execute(RealCall.java:81)
08-05 02:45:35.859 15616 16662 E baseline.com.newsblur.network.APIResponse: 	at baseline.com.newsblur.network.APIResponse.<init>(APIResponse.java:57)
08-05 02:45:35.859 15616 16662 E baseline.com.newsblur.network.APIResponse: 	at baseline.com.newsblur.network.APIResponse.<init>(APIResponse.java:43)
08-05 02:45:35.859 15616 16662 E baseline.com.newsblur.network.APIResponse: 	at baseline.com.newsblur.network.APIManager.post_single(APIManager.java:702)
08-05 02:45:35.859 15616 16662 E baseline.com.newsblur.network.APIResponse: 	at baseline.com.newsblur.network.APIManager.post(APIManager.java:675)
08-05 02:45:35.859 15616 16662 E baseline.com.newsblur.network.APIResponse: 	at baseline.com.newsblur.network.APIManager.post(APIManager.java:714)
08-05 02:45:35.859 15616 16662 E baseline.com.newsblur.network.APIResponse: 	at baseline.com.newsblur.network.APIManager.markStoryAsRead(APIManager.java:205)
08-05 02:45:35.859 15616 16662 E baseline.com.newsblur.network.APIResponse: 	at baseline.com.newsblur.util.ReadingAction.doRemote(ReadingAction.java:281)
08-05 02:45:35.859 15616 16662 E baseline.com.newsblur.network.APIResponse: 	at baseline.com.newsblur.service.NBSyncService.syncActions(NBSyncService.java:400)
08-05 02:45:35.859 15616 16662 E baseline.com.newsblur.network.APIResponse: 	at baseline.com.newsblur.service.NBSyncService.doSync(NBSyncService.java:298)
08-05 02:45:35.859 15616 16662 E baseline.com.newsblur.network.APIResponse: 	at baseline.com.newsblur.service.NBSyncService.access$100(NBSyncService.java:67)
08-05 02:45:35.859 15616 16662 E baseline.com.newsblur.network.APIResponse: 	at baseline.com.newsblur.service.NBSyncService$1.run(NBSyncService.java:188)
08-05 02:45:35.859 15616 16662 E baseline.com.newsblur.network.APIResponse: 	at java.util.concurrent.ThreadPoolExecutor.runWorker(ThreadPoolExecutor.java:1113)
08-05 02:45:35.859 15616 16662 E baseline.com.newsblur.network.APIResponse: 	at java.util.concurrent.ThreadPoolExecutor$Worker.run(ThreadPoolExecutor.java:588)
08-05 02:45:35.859 15616 16662 E baseline.com.newsblur.network.APIResponse: 	at java.lang.Thread.run(Thread.java:818)
08-05 02:45:35.859 15616 16662 E baseline.com.newsblur.network.APIResponse: Caused by: java.io.EOFException: \n not found: limit=0 content=
08-05 02:45:35.859 15616 16662 E baseline.com.newsblur.network.APIResponse: 	at okio.RealBufferedSource.readUtf8LineStrict(RealBufferedSource.java:240)
08-05 02:45:35.859 15616 16662 E baseline.com.newsblur.network.APIResponse: 	at okhttp3.internal.http1.Http1ExchangeCodec.readHeaderLine(Http1ExchangeCodec.java:242)
08-05 02:45:35.859 15616 16662 E baseline.com.newsblur.network.APIResponse: 	at okhttp3.internal.http1.Http1ExchangeCodec.readResponseHeaders(Http1ExchangeCodec.java:213)
08-05 02:45:35.859 15616 16662 E baseline.com.newsblur.network.APIResponse: 	... 30 more
08-05 02:45:35.861 15616 16662 I baseline.com.newsblur.network.APIManager: API call failed, pausing before retry number 2
08-05 02:45:35.884 15616 16533 I art     : Explicit concurrent mark sweep GC freed 833(188KB) AllocSpace objects, 2(40KB) LOS objects, 27% free, 41MB/57MB, paused 1.095ms total 41.403ms
08-05 02:45:36.023   918  3188 I hubconnection: sensorhub said: 'set_bias 3: -8.6400, 0.0000, 0.0000'
08-05 02:45:36.213 15616 15856 I art     : Starting a blocking GC Explicit
08-05 02:45:36.228 18333 18333 D AndroidRuntime: >>>>>> START com.android.internal.os.RuntimeInit uid 2000 <<<<<<
08-05 02:45:36.232 18333 18333 D AndroidRuntime: CheckJNI is OFF
08-05 02:45:36.257 15616 15856 I art     : Explicit concurrent mark sweep GC freed 1583(108KB) AllocSpace objects, 1(20KB) LOS objects, 27% free, 41MB/57MB, paused 1.130ms total 43.843ms
08-05 02:45:36.268 15616 15856 I art     : Starting a blocking GC Explicit
08-05 02:45:36.270 18333 18333 D ICU     : No timezone override file found: /data/misc/zoneinfo/current/icu/icu_tzdata.dat
08-05 02:45:36.305 18333 18333 I Radio-JNI: register_android_hardware_Radio DONE
08-05 02:45:36.310 15616 15856 I art     : Explicit concurrent mark sweep GC freed 44(1520B) AllocSpace objects, 0(0B) LOS objects, 27% free, 41MB/57MB, paused 1.274ms total 42.231ms
08-05 02:45:36.321 15616 15856 I art     : Starting a blocking GC Explicit
08-05 02:45:36.327 18333 18333 D AndroidRuntime: Calling main entry com.android.commands.input.Input
08-05 02:45:36.329 18333 18333 I Input   : injectMotionEvent: MotionEvent { action=ACTION_DOWN, actionButton=0, id[0]=0, x[0]=435.0, y[0]=858.0, toolType[0]=TOOL_TYPE_UNKNOWN, buttonState=0, metaState=0, flags=0x0, edgeFlags=0x0, pointerCount=1, historySize=0, eventTime=758752741, downTime=758752741, deviceId=0, source=0x1002 }
08-05 02:45:36.337 18333 18333 I Input   : injectMotionEvent: MotionEvent { action=ACTION_UP, actionButton=0, id[0]=0, x[0]=435.0, y[0]=858.0, toolType[0]=TOOL_TYPE_UNKNOWN, buttonState=0, metaState=0, flags=0x0, edgeFlags=0x0, pointerCount=1, historySize=0, eventTime=758752741, downTime=758752741, deviceId=0, source=0x1002 }
08-05 02:45:36.340 18333 18333 D AndroidRuntime: Shutting down VM
08-05 02:45:36.342   512  2967 D audio_hw_primary: out_set_parameters: enter: usecase(1: low-latency-playback) kvpairs: routing=2
08-05 02:45:36.345   918  3696 I ActivityManager: START u0 {cmp=baseline.com.newsblur/.activity.AllSharedStoriesReading (has extras)} from uid 10676 on display 0
08-05 02:45:36.355   512  2967 D audio_hw_primary: select_devices: out_snd_device(2: speaker) in_snd_device(0: none)
08-05 02:45:36.355   512  2967 D msm8974_platform: platform_send_audio_calibration: sending audio calibration for snd_device(2) acdb_id(15)
08-05 02:45:36.356   512  2967 I soundtrigger: audio_extn_sound_trigger_update_device_status: device 0x2 of type 0 for Event 1
08-05 02:45:36.365   512  2967 D audio_hw_primary: enable_snd_device: snd_device(2: speaker)
08-05 02:45:36.367   512  2967 D audio_hw_primary: enable_audio_route: apply and update mixer path: low-latency-playback speaker
08-05 02:45:36.375 15616 15856 I art     : Explicit concurrent mark sweep GC freed 652(87KB) AllocSpace objects, 1(20KB) LOS objects, 27% free, 41MB/57MB, paused 12.122ms total 53.377ms
08-05 02:45:36.386 15616 15856 I art     : Starting a blocking GC Explicit
08-05 02:45:36.426 15616 15856 I art     : Explicit concurrent mark sweep GC freed 1093(98KB) AllocSpace objects, 3(488KB) LOS objects, 27% free, 41MB/57MB, paused 1.148ms total 39.759ms
08-05 02:45:36.437 15616 15856 I art     : Starting a blocking GC Explicit
08-05 02:45:36.479 15616 15856 I art     : Explicit concurrent mark sweep GC freed 220(11KB) AllocSpace objects, 0(0B) LOS objects, 27% free, 41MB/57MB, paused 1.384ms total 42.038ms
08-05 02:45:36.571   918   936 I ActivityManager: Displayed baseline.com.newsblur/.activity.AllSharedStoriesReading: +218ms
08-05 02:45:36.572 13866 13866 I GoogleInputMethodServic: GoogleInputMethodService.onFinishInput():3138 
08-05 02:45:36.572 13866 13866 I GoogleInputMethodServic: GoogleInputMethodService.onStartInput():1808 
08-05 02:45:36.702   518   646 I ThermalEngine: ACTION: GPU - Setting GPU[0] to 450000000
08-05 02:45:36.817 15616 15856 I art     : Starting a blocking GC Explicit
08-05 02:45:36.860 15616 16226 E chromium: [ERROR:tile_manager.cc(793)] WARNING: tile memory limits exceeded, some content may not draw
08-05 02:45:36.860 15616 16226 E chromium: [ERROR:tile_manager.cc(793)] WARNING: tile memory limits exceeded, some content may not draw
08-05 02:45:36.872 15616 15856 I art     : Explicit concurrent mark sweep GC freed 5406(451KB) AllocSpace objects, 15(336KB) LOS objects, 27% free, 42MB/58MB, paused 1.395ms total 54.592ms
08-05 02:45:36.885 15616 15856 I art     : Starting a blocking GC Explicit
08-05 02:45:36.900   512  2967 D audio_hw_primary: disable_audio_route: reset and update mixer path: low-latency-playback speaker
08-05 02:45:36.901   512  2967 D audio_hw_primary: disable_snd_device: snd_device(2: speaker)
08-05 02:45:36.910   512  2967 I soundtrigger: audio_extn_sound_trigger_update_device_status: device 0x2 of type 0 for Event 0
08-05 02:45:36.934 15616 15856 I art     : Explicit concurrent mark sweep GC freed 1522(68KB) AllocSpace objects, 1(28KB) LOS objects, 27% free, 42MB/58MB, paused 1.295ms total 49.241ms
08-05 02:45:36.947 15616 15856 I art     : Starting a blocking GC Explicit
08-05 02:45:37.003 15616 15856 I art     : Explicit concurrent mark sweep GC freed 145(17KB) AllocSpace objects, 1(20KB) LOS objects, 27% free, 42MB/58MB, paused 1.472ms total 54.934ms
08-05 02:45:37.017 15616 15856 I art     : Starting a blocking GC Explicit
08-05 02:45:37.074 15616 15856 I art     : Explicit concurrent mark sweep GC freed 21(848B) AllocSpace objects, 1(28KB) LOS objects, 27% free, 42MB/58MB, paused 1.454ms total 56.305ms
08-05 02:45:37.089 15616 15856 I art     : Starting a blocking GC Explicit
08-05 02:45:37.146 15616 15856 I art     : Explicit concurrent mark sweep GC freed 3(96B) AllocSpace objects, 0(0B) LOS objects, 27% free, 42MB/58MB, paused 1.496ms total 56.910ms
08-05 02:45:37.521 15616 15647 I art     : Starting a blocking GC Explicit
08-05 02:45:37.580 15616 15647 I art     : Explicit concurrent mark sweep GC freed 1443(83KB) AllocSpace objects, 1(20KB) LOS objects, 27% free, 42MB/58MB, paused 1.441ms total 58.844ms
08-05 02:45:37.594 15616 15647 I art     : Starting a blocking GC Explicit
08-05 02:45:37.651 15616 15647 I art     : Explicit concurrent mark sweep GC freed 22(784B) AllocSpace objects, 0(0B) LOS objects, 27% free, 42MB/58MB, paused 1.458ms total 56.193ms
08-05 02:45:37.665 15616 15647 I art     : Starting a blocking GC Explicit
08-05 02:45:37.722 15616 15647 I art     : Explicit concurrent mark sweep GC freed 3(96B) AllocSpace objects, 0(0B) LOS objects, 27% free, 42MB/58MB, paused 1.458ms total 56.852ms
08-05 02:45:37.737 15616 15647 I art     : Starting a blocking GC Explicit
08-05 02:45:37.794 15616 15647 I art     : Explicit concurrent mark sweep GC freed 3(96B) AllocSpace objects, 0(0B) LOS objects, 27% free, 42MB/58MB, paused 1.430ms total 57.321ms
08-05 02:45:37.809 15616 15647 I art     : Starting a blocking GC Explicit
08-05 02:45:37.862 15616 16226 E chromium: [ERROR:tile_manager.cc(793)] WARNING: tile memory limits exceeded, some content may not draw
08-05 02:45:37.862 15616 16226 E chromium: [ERROR:tile_manager.cc(793)] WARNING: tile memory limits exceeded, some content may not draw
08-05 02:45:37.868 15616 15647 I art     : Explicit concurrent mark sweep GC freed 14(448B) AllocSpace objects, 0(0B) LOS objects, 27% free, 42MB/58MB, paused 1.799ms total 58.657ms
08-05 02:45:37.880 15616 16226 E chromium: [ERROR:tile_manager.cc(793)] WARNING: tile memory limits exceeded, some content may not draw
08-05 02:45:37.881 15616 16226 E chromium: [ERROR:tile_manager.cc(793)] WARNING: tile memory limits exceeded, some content may not draw
08-05 02:45:37.892 15616 16226 E chromium: [ERROR:tile_manager.cc(793)] WARNING: tile memory limits exceeded, some content may not draw
08-05 02:45:37.893 15616 16226 E chromium: [ERROR:tile_manager.cc(793)] WARNING: tile memory limits exceeded, some content may not draw
08-05 02:45:38.257 15616 16533 I art     : Starting a blocking GC Explicit
08-05 02:45:38.324 15616 16533 I art     : Explicit concurrent mark sweep GC freed 1548(86KB) AllocSpace objects, 1(20KB) LOS objects, 27% free, 42MB/58MB, paused 1.531ms total 65.666ms
08-05 02:45:38.341 15616 16533 I art     : Starting a blocking GC Explicit
08-05 02:45:38.399 15616 16533 I art     : Explicit concurrent mark sweep GC freed 24(864B) AllocSpace objects, 0(0B) LOS objects, 27% free, 42MB/58MB, paused 1.456ms total 57.767ms
08-05 02:45:38.413 15616 16533 I art     : Starting a blocking GC Explicit
08-05 02:45:38.475 15616 16533 I art     : Explicit concurrent mark sweep GC freed 3(96B) AllocSpace objects, 0(0B) LOS objects, 27% free, 42MB/58MB, paused 1.399ms total 61.194ms
08-05 02:45:38.489 15616 16533 I art     : Starting a blocking GC Explicit
08-05 02:45:38.491   918  3261 D WifiStateMachine: starting scan for "H369AA63323"WPA_PSK with 2412,5180
08-05 02:45:38.549 15616 16533 I art     : Explicit concurrent mark sweep GC freed 3(96B) AllocSpace objects, 0(0B) LOS objects, 27% free, 42MB/58MB, paused 1.543ms total 59.376ms
08-05 02:45:38.564 15616 16533 I art     : Starting a blocking GC Explicit
08-05 02:45:38.625 15616 16533 I art     : Explicit concurrent mark sweep GC freed 3(96B) AllocSpace objects, 0(0B) LOS objects, 27% free, 42MB/58MB, paused 1.426ms total 60.694ms
08-05 02:45:39.032 15616 15856 I art     : Starting a blocking GC Explicit
08-05 02:45:39.096 15616 15856 I art     : Explicit concurrent mark sweep GC freed 1607(91KB) AllocSpace objects, 1(20KB) LOS objects, 27% free, 42MB/58MB, paused 1.598ms total 62.880ms
08-05 02:45:39.097 15616 15626 I art     : WaitForGcToComplete blocked for 9.218ms for cause HeapTrim
08-05 02:45:39.113 15616 15856 I art     : Starting a blocking GC Explicit
08-05 02:45:39.176 15616 15856 I art     : Explicit concurrent mark sweep GC freed 28(1040B) AllocSpace objects, 0(0B) LOS objects, 27% free, 42MB/58MB, paused 1.552ms total 62.946ms
08-05 02:45:39.191 15616 15856 I art     : Starting a blocking GC Explicit
08-05 02:45:39.255 15616 15856 I art     : Explicit concurrent mark sweep GC freed 3(96B) AllocSpace objects, 0(0B) LOS objects, 27% free, 42MB/58MB, paused 1.552ms total 63.285ms
08-05 02:45:39.272 15616 15856 I art     : Starting a blocking GC Explicit
08-05 02:45:39.335 15616 15856 I art     : Explicit concurrent mark sweep GC freed 3(96B) AllocSpace objects, 0(0B) LOS objects, 27% free, 42MB/58MB, paused 1.564ms total 63.078ms
08-05 02:45:39.350 15616 15856 I art     : Starting a blocking GC Explicit
08-05 02:45:39.412 15616 15856 I art     : Explicit concurrent mark sweep GC freed 1655(64KB) AllocSpace objects, 0(0B) LOS objects, 27% free, 42MB/58MB, paused 1.813ms total 61.487ms
08-05 02:45:39.455 15616 16662 E baseline.com.newsblur.network.APIResponse: Error (unexpected end of stream on https://www.newsblur.com/...) calling https://www.newsblur.com/reader/mark_story_hashes_as_read/
08-05 02:45:39.455 15616 16662 E baseline.com.newsblur.network.APIResponse: java.io.IOException: unexpected end of stream on https://www.newsblur.com/...
08-05 02:45:39.455 15616 16662 E baseline.com.newsblur.network.APIResponse: 	at okhttp3.internal.http1.Http1ExchangeCodec.readResponseHeaders(Http1ExchangeCodec.java:236)
08-05 02:45:39.455 15616 16662 E baseline.com.newsblur.network.APIResponse: 	at okhttp3.internal.connection.Exchange.readResponseHeaders(Exchange.java:115)
08-05 02:45:39.455 15616 16662 E baseline.com.newsblur.network.APIResponse: 	at okhttp3.internal.http.CallServerInterceptor.intercept(CallServerInterceptor.java:94)
08-05 02:45:39.455 15616 16662 E baseline.com.newsblur.network.APIResponse: 	at okhttp3.internal.http.RealInterceptorChain.proceed(RealInterceptorChain.java:142)
08-05 02:45:39.455 15616 16662 E baseline.com.newsblur.network.APIResponse: 	at okhttp3.internal.connection.ConnectInterceptor.intercept(ConnectInterceptor.java:43)
08-05 02:45:39.455 15616 16662 E baseline.com.newsblur.network.APIResponse: 	at okhttp3.internal.http.RealInterceptorChain.proceed(RealInterceptorChain.java:142)
08-05 02:45:39.455 15616 16662 E baseline.com.newsblur.network.APIResponse: 	at okhttp3.internal.http.RealInterceptorChain.proceed(RealInterceptorChain.java:117)
08-05 02:45:39.455 15616 16662 E baseline.com.newsblur.network.APIResponse: 	at okhttp3.internal.cache.CacheInterceptor.intercept(CacheInterceptor.java:94)
08-05 02:45:39.455 15616 16662 E baseline.com.newsblur.network.APIResponse: 	at okhttp3.internal.http.RealInterceptorChain.proceed(RealInterceptorChain.java:142)
08-05 02:45:39.455 15616 16662 E baseline.com.newsblur.network.APIResponse: 	at okhttp3.internal.http.RealInterceptorChain.proceed(RealInterceptorChain.java:117)
08-05 02:45:39.455 15616 16662 E baseline.com.newsblur.network.APIResponse: 	at okhttp3.internal.http.BridgeInterceptor.intercept(BridgeInterceptor.java:93)
08-05 02:45:39.455 15616 16662 E baseline.com.newsblur.network.APIResponse: 	at okhttp3.internal.http.RealInterceptorChain.proceed(RealInterceptorChain.java:142)
08-05 02:45:39.455 15616 16662 E baseline.com.newsblur.network.APIResponse: 	at okhttp3.internal.http.RetryAndFollowUpInterceptor.intercept(RetryAndFollowUpInterceptor.java:88)
08-05 02:45:39.455 15616 16662 E baseline.com.newsblur.network.APIResponse: 	at okhttp3.internal.http.RealInterceptorChain.proceed(RealInterceptorChain.java:142)
08-05 02:45:39.455 15616 16662 E baseline.com.newsblur.network.APIResponse: 	at okhttp3.internal.http.RealInterceptorChain.proceed(RealInterceptorChain.java:117)
08-05 02:45:39.455 15616 16662 E baseline.com.newsblur.network.APIResponse: 	at okhttp3.RealCall.getResponseWithInterceptorChain(RealCall.java:229)
08-05 02:45:39.455 15616 16662 E baseline.com.newsblur.network.APIResponse: 	at okhttp3.RealCall.execute(RealCall.java:81)
08-05 02:45:39.455 15616 16662 E baseline.com.newsblur.network.APIResponse: 	at baseline.com.newsblur.network.APIResponse.<init>(APIResponse.java:57)
08-05 02:45:39.455 15616 16662 E baseline.com.newsblur.network.APIResponse: 	at baseline.com.newsblur.network.APIResponse.<init>(APIResponse.java:43)
08-05 02:45:39.455 15616 16662 E baseline.com.newsblur.network.APIResponse: 	at baseline.com.newsblur.network.APIManager.post_single(APIManager.java:702)
08-05 02:45:39.455 15616 16662 E baseline.com.newsblur.network.APIResponse: 	at baseline.com.newsblur.network.APIManager.post(APIManager.java:675)
08-05 02:45:39.455 15616 16662 E baseline.com.newsblur.network.APIResponse: 	at baseline.com.newsblur.network.APIManager.post(APIManager.java:714)
08-05 02:45:39.455 15616 16662 E baseline.com.newsblur.network.APIResponse: 	at baseline.com.newsblur.network.APIManager.markStoryAsRead(APIManager.java:205)
08-05 02:45:39.455 15616 16662 E baseline.com.newsblur.network.APIResponse: 	at baseline.com.newsblur.util.ReadingAction.doRemote(ReadingAction.java:281)
08-05 02:45:39.455 15616 16662 E baseline.com.newsblur.network.APIResponse: 	at baseline.com.newsblur.service.NBSyncService.syncActions(NBSyncService.java:400)
08-05 02:45:39.455 15616 16662 E baseline.com.newsblur.network.APIResponse: 	at baseline.com.newsblur.service.NBSyncService.doSync(NBSyncService.java:298)
08-05 02:45:39.455 15616 16662 E baseline.com.newsblur.network.APIResponse: 	at baseline.com.newsblur.service.NBSyncService.access$100(NBSyncService.java:67)
08-05 02:45:39.455 15616 16662 E baseline.com.newsblur.network.APIResponse: 	at baseline.com.newsblur.service.NBSyncService$1.run(NBSyncService.java:188)
08-05 02:45:39.455 15616 16662 E baseline.com.newsblur.network.APIResponse: 	at java.util.concurrent.ThreadPoolExecutor.runWorker(ThreadPoolExecutor.java:1113)
08-05 02:45:39.455 15616 16662 E baseline.com.newsblur.network.APIResponse: 	at java.util.concurrent.ThreadPoolExecutor$Worker.run(ThreadPoolExecutor.java:588)
08-05 02:45:39.455 15616 16662 E baseline.com.newsblur.network.APIResponse: 	at java.lang.Thread.run(Thread.java:818)
08-05 02:45:39.455 15616 16662 E baseline.com.newsblur.network.APIResponse: Caused by: java.io.EOFException: \n not found: limit=0 content=
08-05 02:45:39.455 15616 16662 E baseline.com.newsblur.network.APIResponse: 	at okio.RealBufferedSource.readUtf8LineStrict(RealBufferedSource.java:240)
08-05 02:45:39.455 15616 16662 E baseline.com.newsblur.network.APIResponse: 	at okhttp3.internal.http1.Http1ExchangeCodec.readHeaderLine(Http1ExchangeCodec.java:242)
08-05 02:45:39.455 15616 16662 E baseline.com.newsblur.network.APIResponse: 	at okhttp3.internal.http1.Http1ExchangeCodec.readResponseHeaders(Http1ExchangeCodec.java:213)
08-05 02:45:39.455 15616 16662 E baseline.com.newsblur.network.APIResponse: 	... 30 more
08-05 02:45:39.459 15616 16662 I baseline.com.newsblur.service.NBSyncService: Holding reading action with server-side or network error.
08-05 02:45:39.473 15616 16662 W baseline.com.newsblur.service.NBSyncService: hard API failure
08-05 02:45:39.815 15616 15647 I art     : Starting a blocking GC Explicit
08-05 02:45:39.882 15616 15647 I art     : Explicit concurrent mark sweep GC freed 2737(343KB) AllocSpace objects, 5(100KB) LOS objects, 27% free, 42MB/58MB, paused 1.597ms total 65.429ms
08-05 02:45:39.898 15616 15647 I art     : Starting a blocking GC Explicit
08-05 02:45:39.955 15616 15647 I art     : Explicit concurrent mark sweep GC freed 1772(69KB) AllocSpace objects, 0(0B) LOS objects, 27% free, 42MB/58MB, paused 1.452ms total 57.206ms
08-05 02:45:39.967 15616 16662 E baseline.com.newsblur.network.APIResponse: Error (unexpected end of stream on https://www.newsblur.com/...) calling https://www.newsblur.com/reader/mark_story_hashes_as_read/
08-05 02:45:39.967 15616 16662 E baseline.com.newsblur.network.APIResponse: java.io.IOException: unexpected end of stream on https://www.newsblur.com/...
08-05 02:45:39.967 15616 16662 E baseline.com.newsblur.network.APIResponse: 	at okhttp3.internal.http1.Http1ExchangeCodec.readResponseHeaders(Http1ExchangeCodec.java:236)
08-05 02:45:39.967 15616 16662 E baseline.com.newsblur.network.APIResponse: 	at okhttp3.internal.connection.Exchange.readResponseHeaders(Exchange.java:115)
08-05 02:45:39.967 15616 16662 E baseline.com.newsblur.network.APIResponse: 	at okhttp3.internal.http.CallServerInterceptor.intercept(CallServerInterceptor.java:94)
08-05 02:45:39.967 15616 16662 E baseline.com.newsblur.network.APIResponse: 	at okhttp3.internal.http.RealInterceptorChain.proceed(RealInterceptorChain.java:142)
08-05 02:45:39.967 15616 16662 E baseline.com.newsblur.network.APIResponse: 	at okhttp3.internal.connection.ConnectInterceptor.intercept(ConnectInterceptor.java:43)
08-05 02:45:39.967 15616 16662 E baseline.com.newsblur.network.APIResponse: 	at okhttp3.internal.http.RealInterceptorChain.proceed(RealInterceptorChain.java:142)
08-05 02:45:39.967 15616 16662 E baseline.com.newsblur.network.APIResponse: 	at okhttp3.internal.http.RealInterceptorChain.proceed(RealInterceptorChain.java:117)
08-05 02:45:39.967 15616 16662 E baseline.com.newsblur.network.APIResponse: 	at okhttp3.internal.cache.CacheInterceptor.intercept(CacheInterceptor.java:94)
08-05 02:45:39.967 15616 16662 E baseline.com.newsblur.network.APIResponse: 	at okhttp3.internal.http.RealInterceptorChain.proceed(RealInterceptorChain.java:142)
08-05 02:45:39.967 15616 16662 E baseline.com.newsblur.network.APIResponse: 	at okhttp3.internal.http.RealInterceptorChain.proceed(RealInterceptorChain.java:117)
08-05 02:45:39.967 15616 16662 E baseline.com.newsblur.network.APIResponse: 	at okhttp3.internal.http.BridgeInterceptor.intercept(BridgeInterceptor.java:93)
08-05 02:45:39.967 15616 16662 E baseline.com.newsblur.network.APIResponse: 	at okhttp3.internal.http.RealInterceptorChain.proceed(RealInterceptorChain.java:142)
08-05 02:45:39.967 15616 16662 E baseline.com.newsblur.network.APIResponse: 	at okhttp3.internal.http.RetryAndFollowUpInterceptor.intercept(RetryAndFollowUpInterceptor.java:88)
08-05 02:45:39.967 15616 16662 E baseline.com.newsblur.network.APIResponse: 	at okhttp3.internal.http.RealInterceptorChain.proceed(RealInterceptorChain.java:142)
08-05 02:45:39.967 15616 16662 E baseline.com.newsblur.network.APIResponse: 	at okhttp3.internal.http.RealInterceptorChain.proceed(RealInterceptorChain.java:117)
08-05 02:45:39.967 15616 16662 E baseline.com.newsblur.network.APIResponse: 	at okhttp3.RealCall.getResponseWithInterceptorChain(RealCall.java:229)
08-05 02:45:39.967 15616 16662 E baseline.com.newsblur.network.APIResponse: 	at okhttp3.RealCall.execute(RealCall.java:81)
08-05 02:45:39.967 15616 16662 E baseline.com.newsblur.network.APIResponse: 	at baseline.com.newsblur.network.APIResponse.<init>(APIResponse.java:57)
08-05 02:45:39.967 15616 16662 E baseline.com.newsblur.network.APIResponse: 	at baseline.com.newsblur.network.APIResponse.<init>(APIResponse.java:43)
08-05 02:45:39.967 15616 16662 E baseline.com.newsblur.network.APIResponse: 	at baseline.com.newsblur.network.APIManager.post_single(APIManager.java:702)
08-05 02:45:39.967 15616 16662 E baseline.com.newsblur.network.APIResponse: 	at baseline.com.newsblur.network.APIManager.post(APIManager.java:675)
08-05 02:45:39.967 15616 16662 E baseline.com.newsblur.network.APIResponse: 	at baseline.com.newsblur.network.APIManager.post(APIManager.java:714)
08-05 02:45:39.967 15616 16662 E baseline.com.newsblur.network.APIResponse: 	at baseline.com.newsblur.network.APIManager.markStoryAsRead(APIManager.java:205)
08-05 02:45:39.967 15616 16662 E baseline.com.newsblur.network.APIResponse: 	at baseline.com.newsblur.util.ReadingAction.doRemote(ReadingAction.java:281)
08-05 02:45:39.967 15616 16662 E baseline.com.newsblur.network.APIResponse: 	at baseline.com.newsblur.service.NBSyncService.syncActions(NBSyncService.java:400)
08-05 02:45:39.967 15616 16662 E baseline.com.newsblur.network.APIResponse: 	at baseline.com.newsblur.service.NBSyncService.doSync(NBSyncService.java:298)
08-05 02:45:39.967 15616 16662 E baseline.com.newsblur.network.APIResponse: 	at baseline.com.newsblur.service.NBSyncService.access$100(NBSyncService.java:67)
08-05 02:45:39.967 15616 16662 E baseline.com.newsblur.network.APIResponse: 	at baseline.com.newsblur.service.NBSyncService$1.run(NBSyncService.java:188)
08-05 02:45:39.967 15616 16662 E baseline.com.newsblur.network.APIResponse: 	at java.util.concurrent.ThreadPoolExecutor.runWorker(ThreadPoolExecutor.java:1113)
08-05 02:45:39.967 15616 16662 E baseline.com.newsblur.network.APIResponse: 	at java.util.concurrent.ThreadPoolExecutor$Worker.run(ThreadPoolExecutor.java:588)
08-05 02:45:39.967 15616 16662 E baseline.com.newsblur.network.APIResponse: 	at java.lang.Thread.run(Thread.java:818)
08-05 02:45:39.967 15616 16662 E baseline.com.newsblur.network.APIResponse: Caused by: java.io.EOFException: \n not found: limit=0 content=
08-05 02:45:39.967 15616 16662 E baseline.com.newsblur.network.APIResponse: 	at okio.RealBufferedSource.readUtf8LineStrict(RealBufferedSource.java:240)
08-05 02:45:39.967 15616 16662 E baseline.com.newsblur.network.APIResponse: 	at okhttp3.internal.http1.Http1ExchangeCodec.readHeaderLine(Http1ExchangeCodec.java:242)
08-05 02:45:39.967 15616 16662 E baseline.com.newsblur.network.APIResponse: 	at okhttp3.internal.http1.Http1ExchangeCodec.readResponseHeaders(Http1ExchangeCodec.java:213)
08-05 02:45:39.967 15616 16662 E baseline.com.newsblur.network.APIResponse: 	... 30 more
08-05 02:45:39.969 15616 16662 I baseline.com.newsblur.network.APIManager: API call failed, pausing before retry number 1
08-05 02:45:39.969 15616 15647 I art     : Starting a blocking GC Explicit
08-05 02:45:40.031 15616 15647 I art     : Explicit concurrent mark sweep GC freed 887(202KB) AllocSpace objects, 2(40KB) LOS objects, 27% free, 42MB/58MB, paused 1.578ms total 61.883ms
08-05 02:45:40.046 15616 15647 I art     : Starting a blocking GC Explicit
08-05 02:45:40.106 15616 15647 I art     : Explicit concurrent mark sweep GC freed 58(10KB) AllocSpace objects, 0(0B) LOS objects, 27% free, 42MB/58MB, paused 1.434ms total 59.850ms
08-05 02:45:40.121 15616 15647 I art     : Starting a blocking GC Explicit
08-05 02:45:40.185 15616 15647 I art     : Explicit concurrent mark sweep GC freed 6(192B) AllocSpace objects, 0(0B) LOS objects, 27% free, 42MB/58MB, paused 1.366ms total 63.528ms
08-05 02:45:40.575 15616 15629 I art     : Starting a blocking GC Explicit
08-05 02:45:40.634 15616 15629 I art     : Explicit concurrent mark sweep GC freed 1442(83KB) AllocSpace objects, 1(20KB) LOS objects, 27% free, 42MB/58MB, paused 1.418ms total 58.448ms
08-05 02:45:40.647 15616 15629 I art     : Starting a blocking GC Explicit
08-05 02:45:40.702 15616 15629 I art     : Explicit concurrent mark sweep GC freed 22(784B) AllocSpace objects, 0(0B) LOS objects, 27% free, 42MB/58MB, paused 1.404ms total 54.164ms
08-05 02:45:40.716 15616 15629 I art     : Starting a blocking GC Explicit
08-05 02:45:40.775 15616 15629 I art     : Explicit concurrent mark sweep GC freed 3(96B) AllocSpace objects, 0(0B) LOS objects, 27% free, 42MB/58MB, paused 1.516ms total 58.127ms
08-05 02:45:40.789 15616 15629 I art     : Starting a blocking GC Explicit
08-05 02:45:40.849 15616 15629 I art     : Explicit concurrent mark sweep GC freed 3(96B) AllocSpace objects, 0(0B) LOS objects, 27% free, 42MB/58MB, paused 1.635ms total 59.683ms
08-05 02:45:40.864 15616 15629 I art     : Starting a blocking GC Explicit
08-05 02:45:40.924 15616 15629 I art     : Explicit concurrent mark sweep GC freed 3(96B) AllocSpace objects, 0(0B) LOS objects, 27% free, 42MB/58MB, paused 1.546ms total 60.177ms
08-05 02:45:41.135 18421 18421 D AndroidRuntime: >>>>>> START com.android.internal.os.RuntimeInit uid 2000 <<<<<<
08-05 02:45:41.141 18421 18421 D AndroidRuntime: CheckJNI is OFF
08-05 02:45:41.181 18421 18421 D ICU     : No timezone override file found: /data/misc/zoneinfo/current/icu/icu_tzdata.dat
08-05 02:45:41.223 18421 18421 I Radio-JNI: register_android_hardware_Radio DONE
08-05 02:45:41.252 18421 18421 D AndroidRuntime: Calling main entry com.android.commands.input.Input
08-05 02:45:41.253 18421 18421 I Input   : injectKeyEvent: KeyEvent { action=ACTION_DOWN, keyCode=KEYCODE_BACK, scanCode=0, metaState=0, flags=0x0, repeatCount=0, eventTime=758757666, downTime=758757666, deviceId=-1, source=0x101 }
08-05 02:45:41.259 18421 18421 I Input   : injectKeyEvent: KeyEvent { action=ACTION_UP, keyCode=KEYCODE_BACK, scanCode=0, metaState=0, flags=0x0, repeatCount=0, eventTime=758757666, downTime=758757666, deviceId=-1, source=0x101 }
08-05 02:45:41.265 18421 18421 D AndroidRuntime: Shutting down VM
08-05 02:45:41.275 15616 15616 D baseline.com.newsblur.service.NBSyncService: rejecting request for feedset that is exhaused
08-05 02:45:41.320 15616 15647 I art     : Starting a blocking GC Explicit
08-05 02:45:41.377 15616 15647 I art     : Explicit concurrent mark sweep GC freed 1708(124KB) AllocSpace objects, 3(60KB) LOS objects, 27% free, 42MB/58MB, paused 1.555ms total 56.636ms
08-05 02:45:41.392 15616 15647 I art     : Starting a blocking GC Explicit
08-05 02:45:41.444 15616 15616 D baseline.com.newsblur.service.NBSyncService: rejecting request for feedset that is exhaused
08-05 02:45:41.447 13866 13866 I GoogleInputMethodServic: GoogleInputMethodService.onFinishInput():3138 
08-05 02:45:41.448 13866 13866 I GoogleInputMethodServic: GoogleInputMethodService.onStartInput():1808 
08-05 02:45:41.452 15616 15647 I art     : Explicit concurrent mark sweep GC freed 749(70KB) AllocSpace objects, 2(40KB) LOS objects, 27% free, 42MB/58MB, paused 3.101ms total 59.355ms
08-05 02:45:41.470 15616 15647 I art     : Starting a blocking GC Explicit
08-05 02:45:41.523 15616 15647 I art     : Explicit concurrent mark sweep GC freed 1094(81KB) AllocSpace objects, 0(0B) LOS objects, 27% free, 42MB/58MB, paused 2.224ms total 53.178ms
08-05 02:45:41.541 15616 15647 I art     : Starting a blocking GC Explicit
08-05 02:45:41.592 15616 15647 I art     : Explicit concurrent mark sweep GC freed 993(79KB) AllocSpace objects, 1(28KB) LOS objects, 27% free, 42MB/58MB, paused 1.475ms total 50.516ms
08-05 02:45:41.605 15616 15647 I art     : Starting a blocking GC Explicit
08-05 02:45:41.659 15616 15647 I art     : Explicit concurrent mark sweep GC freed 9(400B) AllocSpace objects, 0(0B) LOS objects, 27% free, 42MB/58MB, paused 1.495ms total 53.538ms
08-05 02:45:41.998 15616 16662 E baseline.com.newsblur.network.APIResponse: Error (unexpected end of stream on https://www.newsblur.com/...) calling https://www.newsblur.com/reader/mark_story_hashes_as_read/
08-05 02:45:41.998 15616 16662 E baseline.com.newsblur.network.APIResponse: java.io.IOException: unexpected end of stream on https://www.newsblur.com/...
08-05 02:45:41.998 15616 16662 E baseline.com.newsblur.network.APIResponse: 	at okhttp3.internal.http1.Http1ExchangeCodec.readResponseHeaders(Http1ExchangeCodec.java:236)
08-05 02:45:41.998 15616 16662 E baseline.com.newsblur.network.APIResponse: 	at okhttp3.internal.connection.Exchange.readResponseHeaders(Exchange.java:115)
08-05 02:45:41.998 15616 16662 E baseline.com.newsblur.network.APIResponse: 	at okhttp3.internal.http.CallServerInterceptor.intercept(CallServerInterceptor.java:94)
08-05 02:45:41.998 15616 16662 E baseline.com.newsblur.network.APIResponse: 	at okhttp3.internal.http.RealInterceptorChain.proceed(RealInterceptorChain.java:142)
08-05 02:45:41.998 15616 16662 E baseline.com.newsblur.network.APIResponse: 	at okhttp3.internal.connection.ConnectInterceptor.intercept(ConnectInterceptor.java:43)
08-05 02:45:41.998 15616 16662 E baseline.com.newsblur.network.APIResponse: 	at okhttp3.internal.http.RealInterceptorChain.proceed(RealInterceptorChain.java:142)
08-05 02:45:41.998 15616 16662 E baseline.com.newsblur.network.APIResponse: 	at okhttp3.internal.http.RealInterceptorChain.proceed(RealInterceptorChain.java:117)
08-05 02:45:41.998 15616 16662 E baseline.com.newsblur.network.APIResponse: 	at okhttp3.internal.cache.CacheInterceptor.intercept(CacheInterceptor.java:94)
08-05 02:45:41.998 15616 16662 E baseline.com.newsblur.network.APIResponse: 	at okhttp3.internal.http.RealInterceptorChain.proceed(RealInterceptorChain.java:142)
08-05 02:45:41.998 15616 16662 E baseline.com.newsblur.network.APIResponse: 	at okhttp3.internal.http.RealInterceptorChain.proceed(RealInterceptorChain.java:117)
08-05 02:45:41.998 15616 16662 E baseline.com.newsblur.network.APIResponse: 	at okhttp3.internal.http.BridgeInterceptor.intercept(BridgeInterceptor.java:93)
08-05 02:45:41.998 15616 16662 E baseline.com.newsblur.network.APIResponse: 	at okhttp3.internal.http.RealInterceptorChain.proceed(RealInterceptorChain.java:142)
08-05 02:45:41.998 15616 16662 E baseline.com.newsblur.network.APIResponse: 	at okhttp3.internal.http.RetryAndFollowUpInterceptor.intercept(RetryAndFollowUpInterceptor.java:88)
08-05 02:45:41.998 15616 16662 E baseline.com.newsblur.network.APIResponse: 	at okhttp3.internal.http.RealInterceptorChain.proceed(RealInterceptorChain.java:142)
08-05 02:45:41.998 15616 16662 E baseline.com.newsblur.network.APIResponse: 	at okhttp3.internal.http.RealInterceptorChain.proceed(RealInterceptorChain.java:117)
08-05 02:45:41.998 15616 16662 E baseline.com.newsblur.network.APIResponse: 	at okhttp3.RealCall.getResponseWithInterceptorChain(RealCall.java:229)
08-05 02:45:41.998 15616 16662 E baseline.com.newsblur.network.APIResponse: 	at okhttp3.RealCall.execute(RealCall.java:81)
08-05 02:45:41.998 15616 16662 E baseline.com.newsblur.network.APIResponse: 	at baseline.com.newsblur.network.APIResponse.<init>(APIResponse.java:57)
08-05 02:45:41.998 15616 16662 E baseline.com.newsblur.network.APIResponse: 	at baseline.com.newsblur.network.APIResponse.<init>(APIResponse.java:43)
08-05 02:45:41.998 15616 16662 E baseline.com.newsblur.network.APIResponse: 	at baseline.com.newsblur.network.APIManager.post_single(APIManager.java:702)
08-05 02:45:41.998 15616 16662 E baseline.com.newsblur.network.APIResponse: 	at baseline.com.newsblur.network.APIManager.post(APIManager.java:675)
08-05 02:45:41.998 15616 16662 E baseline.com.newsblur.network.APIResponse: 	at baseline.com.newsblur.network.APIManager.post(APIManager.java:714)
08-05 02:45:41.998 15616 16662 E baseline.com.newsblur.network.APIResponse: 	at baseline.com.newsblur.network.APIManager.markStoryAsRead(APIManager.java:205)
08-05 02:45:41.998 15616 16662 E baseline.com.newsblur.network.APIResponse: 	at baseline.com.newsblur.util.ReadingAction.doRemote(ReadingAction.java:281)
08-05 02:45:41.998 15616 16662 E baseline.com.newsblur.network.APIResponse: 	at baseline.com.newsblur.service.NBSyncService.syncActions(NBSyncService.java:400)
08-05 02:45:41.998 15616 16662 E baseline.com.newsblur.network.APIResponse: 	at baseline.com.newsblur.service.NBSyncService.doSync(NBSyncService.java:298)
08-05 02:45:41.998 15616 16662 E baseline.com.newsblur.network.APIResponse: 	at baseline.com.newsblur.service.NBSyncService.access$100(NBSyncService.java:67)
08-05 02:45:41.998 15616 16662 E baseline.com.newsblur.network.APIResponse: 	at baseline.com.newsblur.service.NBSyncService$1.run(NBSyncService.java:188)
08-05 02:45:41.998 15616 16662 E baseline.com.newsblur.network.APIResponse: 	at java.util.concurrent.ThreadPoolExecutor.runWorker(ThreadPoolExecutor.java:1113)
08-05 02:45:41.998 15616 16662 E baseline.com.newsblur.network.APIResponse: 	at java.util.concurrent.ThreadPoolExecutor$Worker.run(ThreadPoolExecutor.java:588)
08-05 02:45:41.998 15616 16662 E baseline.com.newsblur.network.APIResponse: 	at java.lang.Thread.run(Thread.java:818)
08-05 02:45:41.998 15616 16662 E baseline.com.newsblur.network.APIResponse: Caused by: java.io.EOFException: \n not found: limit=0 content=
08-05 02:45:41.998 15616 16662 E baseline.com.newsblur.network.APIResponse: 	at okio.RealBufferedSource.readUtf8LineStrict(RealBufferedSource.java:240)
08-05 02:45:41.998 15616 16662 E baseline.com.newsblur.network.APIResponse: 	at okhttp3.internal.http1.Http1ExchangeCodec.readHeaderLine(Http1ExchangeCodec.java:242)
08-05 02:45:41.998 15616 16662 E baseline.com.newsblur.network.APIResponse: 	at okhttp3.internal.http1.Http1ExchangeCodec.readResponseHeaders(Http1ExchangeCodec.java:213)
08-05 02:45:41.998 15616 16662 E baseline.com.newsblur.network.APIResponse: 	... 30 more
08-05 02:45:42.000 15616 16662 I baseline.com.newsblur.network.APIManager: API call failed, pausing before retry number 2
08-05 02:45:42.032 15616 15629 I art     : Starting a blocking GC Explicit
08-05 02:45:42.093 15616 15629 I art     : Explicit concurrent mark sweep GC freed 5608(436KB) AllocSpace objects, 3(60KB) LOS objects, 27% free, 42MB/58MB, paused 1.491ms total 60.554ms
08-05 02:45:42.109 15616 15629 I art     : Starting a blocking GC Explicit
08-05 02:45:42.170 15616 15629 I art     : Explicit concurrent mark sweep GC freed 257(11KB) AllocSpace objects, 0(0B) LOS objects, 27% free, 42MB/58MB, paused 1.751ms total 60.655ms
08-05 02:45:42.185 15616 15629 I art     : Starting a blocking GC Explicit
08-05 02:45:42.248 15616 15629 I art     : Explicit concurrent mark sweep GC freed 11(352B) AllocSpace objects, 0(0B) LOS objects, 27% free, 42MB/58MB, paused 1.635ms total 62.382ms
08-05 02:45:42.265 15616 15629 I art     : Starting a blocking GC Explicit
08-05 02:45:42.323 15616 15629 I art     : Explicit concurrent mark sweep GC freed 13(416B) AllocSpace objects, 0(0B) LOS objects, 27% free, 42MB/58MB, paused 1.644ms total 57.860ms
08-05 02:45:42.338 15616 15629 I art     : Starting a blocking GC Explicit
08-05 02:45:42.399 15616 15629 I art     : Explicit concurrent mark sweep GC freed 12(384B) AllocSpace objects, 0(0B) LOS objects, 27% free, 42MB/58MB, paused 1.530ms total 60.645ms
08-05 02:45:42.771 15616 16533 I art     : Starting a blocking GC Explicit
08-05 02:45:42.837 15616 16533 I art     : Explicit concurrent mark sweep GC freed 1494(84KB) AllocSpace objects, 1(20KB) LOS objects, 27% free, 42MB/58MB, paused 1.519ms total 65.954ms
08-05 02:45:42.854 15616 16533 I art     : Starting a blocking GC Explicit
08-05 02:45:42.916 15616 16533 I art     : Explicit concurrent mark sweep GC freed 28(976B) AllocSpace objects, 0(0B) LOS objects, 27% free, 42MB/58MB, paused 1.624ms total 61.291ms
08-05 02:45:42.932 15616 16533 I art     : Starting a blocking GC Explicit
08-05 02:45:42.991 15616 16533 I art     : Explicit concurrent mark sweep GC freed 4(128B) AllocSpace objects, 0(0B) LOS objects, 27% free, 42MB/58MB, paused 1.534ms total 58.670ms
08-05 02:45:43.005 15616 16533 I art     : Starting a blocking GC Explicit
08-05 02:45:43.066 15616 16533 I art     : Explicit concurrent mark sweep GC freed 3(96B) AllocSpace objects, 0(0B) LOS objects, 27% free, 42MB/58MB, paused 1.636ms total 60.942ms
08-05 02:45:43.076 18455 18455 D AndroidRuntime: >>>>>> START com.android.internal.os.RuntimeInit uid 2000 <<<<<<
08-05 02:45:43.082 15616 16533 I art     : Starting a blocking GC Explicit
08-05 02:45:43.083 18455 18455 D AndroidRuntime: CheckJNI is OFF
08-05 02:45:43.126 18455 18455 D ICU     : No timezone override file found: /data/misc/zoneinfo/current/icu/icu_tzdata.dat
08-05 02:45:43.141 15616 16533 I art     : Explicit concurrent mark sweep GC freed 3(96B) AllocSpace objects, 0(0B) LOS objects, 27% free, 42MB/58MB, paused 1.648ms total 58.748ms
08-05 02:45:43.174 18455 18455 I Radio-JNI: register_android_hardware_Radio DONE
08-05 02:45:43.204 18455 18455 D AndroidRuntime: Calling main entry com.android.commands.input.Input
08-05 02:45:43.205 18455 18455 I Input   : injectKeyEvent: KeyEvent { action=ACTION_DOWN, keyCode=KEYCODE_BACK, scanCode=0, metaState=0, flags=0x0, repeatCount=0, eventTime=758759618, downTime=758759618, deviceId=-1, source=0x101 }
08-05 02:45:43.213 18455 18455 I Input   : injectKeyEvent: KeyEvent { action=ACTION_UP, keyCode=KEYCODE_BACK, scanCode=0, metaState=0, flags=0x0, repeatCount=0, eventTime=758759618, downTime=758759618, deviceId=-1, source=0x101 }
08-05 02:45:43.220 18455 18455 D AndroidRuntime: Shutting down VM
08-05 02:45:43.433 13866 13866 I GoogleInputMethodServic: GoogleInputMethodService.onFinishInput():3138 
08-05 02:45:43.434 13866 13866 I GoogleInputMethodServic: GoogleInputMethodService.onStartInput():1808 
08-05 02:45:43.512 15616 15856 I art     : Starting a blocking GC Explicit
08-05 02:45:43.566 15616 15856 I art     : Explicit concurrent mark sweep GC freed 14016(905KB) AllocSpace objects, 13(260KB) LOS objects, 27% free, 42MB/58MB, paused 1.356ms total 53.757ms
08-05 02:45:43.582 15616 15856 I art     : Starting a blocking GC Explicit
08-05 02:45:43.635 15616 15856 I art     : Explicit concurrent mark sweep GC freed 232(9KB) AllocSpace objects, 0(0B) LOS objects, 27% free, 42MB/58MB, paused 1.323ms total 52.648ms
08-05 02:45:43.648 15616 15856 I art     : Starting a blocking GC Explicit
08-05 02:45:43.706 15616 15856 I art     : Explicit concurrent mark sweep GC freed 3(96B) AllocSpace objects, 0(0B) LOS objects, 27% free, 42MB/58MB, paused 1.508ms total 57.207ms
08-05 02:45:43.720 15616 15856 I art     : Starting a blocking GC Explicit
08-05 02:45:43.781 15616 15856 I art     : Explicit concurrent mark sweep GC freed 3(96B) AllocSpace objects, 0(0B) LOS objects, 27% free, 42MB/58MB, paused 1.395ms total 60.668ms
08-05 02:45:43.796 15616 15856 I art     : Starting a blocking GC Explicit
08-05 02:45:43.850 15616 15856 I art     : Explicit concurrent mark sweep GC freed 451(20KB) AllocSpace objects, 0(0B) LOS objects, 27% free, 42MB/58MB, paused 1.511ms total 53.677ms
08-05 02:45:44.231 15616 16533 I art     : Starting a blocking GC Explicit
08-05 02:45:44.291 15616 16533 I art     : Explicit concurrent mark sweep GC freed 1543(86KB) AllocSpace objects, 1(20KB) LOS objects, 27% free, 42MB/58MB, paused 1.559ms total 58.920ms
08-05 02:45:44.305 15616 16533 I art     : Starting a blocking GC Explicit
08-05 02:45:44.363 15616 16533 I art     : Explicit concurrent mark sweep GC freed 166(7KB) AllocSpace objects, 0(0B) LOS objects, 27% free, 42MB/58MB, paused 1.422ms total 57.173ms
08-05 02:45:44.379 15616 16533 I art     : Starting a blocking GC Explicit
08-05 02:45:44.432 15616 16533 I art     : Explicit concurrent mark sweep GC freed 11(352B) AllocSpace objects, 0(0B) LOS objects, 27% free, 42MB/58MB, paused 1.428ms total 52.978ms
08-05 02:45:44.447 15616 16533 I art     : Starting a blocking GC Explicit
08-05 02:45:44.501 15616 16533 I art     : Explicit concurrent mark sweep GC freed 12(384B) AllocSpace objects, 0(0B) LOS objects, 27% free, 42MB/58MB, paused 1.456ms total 53.772ms
08-05 02:45:44.515 15616 16533 I art     : Starting a blocking GC Explicit
08-05 02:45:44.569 15616 16533 I art     : Explicit concurrent mark sweep GC freed 11(352B) AllocSpace objects, 0(0B) LOS objects, 27% free, 42MB/58MB, paused 1.553ms total 53.619ms
08-05 02:45:44.929 15616 15647 I art     : Starting a blocking GC Explicit
08-05 02:45:44.979 18498 18498 D AndroidRuntime: >>>>>> START com.android.internal.os.RuntimeInit uid 2000 <<<<<<
08-05 02:45:44.985 18498 18498 D AndroidRuntime: CheckJNI is OFF
08-05 02:45:44.992 15616 15647 I art     : Explicit concurrent mark sweep GC freed 1476(84KB) AllocSpace objects, 1(20KB) LOS objects, 27% free, 42MB/58MB, paused 1.598ms total 62.535ms
08-05 02:45:45.007 15616 15647 I art     : Starting a blocking GC Explicit
08-05 02:45:45.031 18498 18498 D ICU     : No timezone override file found: /data/misc/zoneinfo/current/icu/icu_tzdata.dat
08-05 02:45:45.066 15616 15647 I art     : Explicit concurrent mark sweep GC freed 113(4KB) AllocSpace objects, 0(0B) LOS objects, 27% free, 42MB/58MB, paused 1.577ms total 58.895ms
08-05 02:45:45.077 18498 18498 I Radio-JNI: register_android_hardware_Radio DONE
08-05 02:45:45.080 15616 15647 I art     : Starting a blocking GC Explicit
08-05 02:45:45.107 18498 18498 D AndroidRuntime: Calling main entry com.android.commands.input.Input
08-05 02:45:45.109 18498 18498 I Input   : injectMotionEvent: MotionEvent { action=ACTION_DOWN, actionButton=0, id[0]=0, x[0]=553.0, y[0]=442.0, toolType[0]=TOOL_TYPE_UNKNOWN, buttonState=0, metaState=0, flags=0x0, edgeFlags=0x0, pointerCount=1, historySize=0, eventTime=758761521, downTime=758761521, deviceId=0, source=0x1002 }
08-05 02:45:45.118 18498 18498 I Input   : injectMotionEvent: MotionEvent { action=ACTION_UP, actionButton=0, id[0]=0, x[0]=553.0, y[0]=442.0, toolType[0]=TOOL_TYPE_UNKNOWN, buttonState=0, metaState=0, flags=0x0, edgeFlags=0x0, pointerCount=1, historySize=0, eventTime=758761521, downTime=758761521, deviceId=0, source=0x1002 }
08-05 02:45:45.120 18498 18498 D AndroidRuntime: Shutting down VM
08-05 02:45:45.140 15616 15647 I art     : Explicit concurrent mark sweep GC freed 43(1760B) AllocSpace objects, 0(0B) LOS objects, 27% free, 42MB/58MB, paused 1.739ms total 60.020ms
08-05 02:45:45.156 15616 15647 I art     : Starting a blocking GC Explicit
08-05 02:45:45.188   918   929 I ActivityManager: START u0 {cmp=baseline.com.newsblur/.activity.AllSharedStoriesItemsList (has extras)} from uid 10676 on display 0
08-05 02:45:45.214 13228 13228 I ServiceManager: Waiting for service AtCmdFwd...
08-05 02:45:45.214 15616 15647 I art     : Explicit concurrent mark sweep GC freed 612(86KB) AllocSpace objects, 1(20KB) LOS objects, 27% free, 42MB/58MB, paused 2.092ms total 58.435ms
08-05 02:45:45.219 15616 16216 I baseline.com.newsblur.database.BlurDatabaseHelper: reading session reset
08-05 02:45:45.229 15616 15647 I art     : Starting a blocking GC Explicit
08-05 02:45:45.284 15616 15647 I art     : Explicit concurrent mark sweep GC freed 1745(151KB) AllocSpace objects, 3(60KB) LOS objects, 27% free, 42MB/58MB, paused 1.507ms total 55.155ms
08-05 02:45:45.435 15616 15616 D baseline.com.newsblur.service.NBSyncService: rejecting request for feedset that is exhaused
08-05 02:45:45.439 15616 15616 W View    : requestLayout() improperly called by android.widget.FrameLayout{f906dd V.E...... ......ID 0,0-1440,18 #7f07003f app:id/footer_view_inner} during layout: running second layout pass
08-05 02:45:45.439 15616 15616 W View    : requestLayout() improperly called by android.widget.FrameLayout{60d7252 V.E...... ......ID 0,0-1440,2091 #7f07003f app:id/footer_view_inner} during layout: running second layout pass
08-05 02:45:45.459   918   936 I ActivityManager: Displayed baseline.com.newsblur/.activity.AllSharedStoriesItemsList: +258ms
08-05 02:45:45.461 13866 13866 I GoogleInputMethodServic: GoogleInputMethodService.onFinishInput():3138 
08-05 02:45:45.461 13866 13866 I GoogleInputMethodServic: GoogleInputMethodService.onStartInput():1808 
08-05 02:45:45.555 15616 15887 I NAPPA_EXPERIMENTATION: MetricNetworkRequestExecutionTime: REQUEST_DURATION_SYSTEM='48',REQUEST_DURATION_OKHTTP='46',REQUEST_SYNCHRONOUS='TRUE',RESPONSE_CODE='200',RESPONSE_METHOD='GET',RESPONSE_LENGTH_OKHTTP='43',RESPONSE_LENGTH_HEADER='43',REQUEST_PROTOCOL='http/1.1',REQUEST_URL='http://feeds.feedburner.com/~r/retort/~4/UffaFMiJbNs',
08-05 02:45:45.591 15616 16662 E baseline.com.newsblur.network.APIResponse: Error (unexpected end of stream on https://www.newsblur.com/...) calling https://www.newsblur.com/reader/mark_story_hashes_as_read/
08-05 02:45:45.591 15616 16662 E baseline.com.newsblur.network.APIResponse: java.io.IOException: unexpected end of stream on https://www.newsblur.com/...
08-05 02:45:45.591 15616 16662 E baseline.com.newsblur.network.APIResponse: 	at okhttp3.internal.http1.Http1ExchangeCodec.readResponseHeaders(Http1ExchangeCodec.java:236)
08-05 02:45:45.591 15616 16662 E baseline.com.newsblur.network.APIResponse: 	at okhttp3.internal.connection.Exchange.readResponseHeaders(Exchange.java:115)
08-05 02:45:45.591 15616 16662 E baseline.com.newsblur.network.APIResponse: 	at okhttp3.internal.http.CallServerInterceptor.intercept(CallServerInterceptor.java:94)
08-05 02:45:45.591 15616 16662 E baseline.com.newsblur.network.APIResponse: 	at okhttp3.internal.http.RealInterceptorChain.proceed(RealInterceptorChain.java:142)
08-05 02:45:45.591 15616 16662 E baseline.com.newsblur.network.APIResponse: 	at okhttp3.internal.connection.ConnectInterceptor.intercept(ConnectInterceptor.java:43)
08-05 02:45:45.591 15616 16662 E baseline.com.newsblur.network.APIResponse: 	at okhttp3.internal.http.RealInterceptorChain.proceed(RealInterceptorChain.java:142)
08-05 02:45:45.591 15616 16662 E baseline.com.newsblur.network.APIResponse: 	at okhttp3.internal.http.RealInterceptorChain.proceed(RealInterceptorChain.java:117)
08-05 02:45:45.591 15616 16662 E baseline.com.newsblur.network.APIResponse: 	at okhttp3.internal.cache.CacheInterceptor.intercept(CacheInterceptor.java:94)
08-05 02:45:45.591 15616 16662 E baseline.com.newsblur.network.APIResponse: 	at okhttp3.internal.http.RealInterceptorChain.proceed(RealInterceptorChain.java:142)
08-05 02:45:45.591 15616 16662 E baseline.com.newsblur.network.APIResponse: 	at okhttp3.internal.http.RealInterceptorChain.proceed(RealInterceptorChain.java:117)
08-05 02:45:45.591 15616 16662 E baseline.com.newsblur.network.APIResponse: 	at okhttp3.internal.http.BridgeInterceptor.intercept(BridgeInterceptor.java:93)
08-05 02:45:45.591 15616 16662 E baseline.com.newsblur.network.APIResponse: 	at okhttp3.internal.http.RealInterceptorChain.proceed(RealInterceptorChain.java:142)
08-05 02:45:45.591 15616 16662 E baseline.com.newsblur.network.APIResponse: 	at okhttp3.internal.http.RetryAndFollowUpInterceptor.intercept(RetryAndFollowUpInterceptor.java:88)
08-05 02:45:45.591 15616 16662 E baseline.com.newsblur.network.APIResponse: 	at okhttp3.internal.http.RealInterceptorChain.proceed(RealInterceptorChain.java:142)
08-05 02:45:45.591 15616 16662 E baseline.com.newsblur.network.APIResponse: 	at okhttp3.internal.http.RealInterceptorChain.proceed(RealInterceptorChain.java:117)
08-05 02:45:45.591 15616 16662 E baseline.com.newsblur.network.APIResponse: 	at okhttp3.RealCall.getResponseWithInterceptorChain(RealCall.java:229)
08-05 02:45:45.591 15616 16662 E baseline.com.newsblur.network.APIResponse: 	at okhttp3.RealCall.execute(RealCall.java:81)
08-05 02:45:45.591 15616 16662 E baseline.com.newsblur.network.APIResponse: 	at baseline.com.newsblur.network.APIResponse.<init>(APIResponse.java:57)
08-05 02:45:45.591 15616 16662 E baseline.com.newsblur.network.APIResponse: 	at baseline.com.newsblur.network.APIResponse.<init>(APIResponse.java:43)
08-05 02:45:45.591 15616 16662 E baseline.com.newsblur.network.APIResponse: 	at baseline.com.newsblur.network.APIManager.post_single(APIManager.java:702)
08-05 02:45:45.591 15616 16662 E baseline.com.newsblur.network.APIResponse: 	at baseline.com.newsblur.network.APIManager.post(APIManager.java:675)
08-05 02:45:45.591 15616 16662 E baseline.com.newsblur.network.APIResponse: 	at baseline.com.newsblur.network.APIManager.post(APIManager.java:714)
08-05 02:45:45.591 15616 16662 E baseline.com.newsblur.network.APIResponse: 	at baseline.com.newsblur.network.APIManager.markStoryAsRead(APIManager.java:205)
08-05 02:45:45.591 15616 16662 E baseline.com.newsblur.network.APIResponse: 	at baseline.com.newsblur.util.ReadingAction.doRemote(ReadingAction.java:281)
08-05 02:45:45.591 15616 16662 E baseline.com.newsblur.network.APIResponse: 	at baseline.com.newsblur.service.NBSyncService.syncActions(NBSyncService.java:400)
08-05 02:45:45.591 15616 16662 E baseline.com.newsblur.network.APIResponse: 	at baseline.com.newsblur.service.NBSyncService.doSync(NBSyncService.java:298)
08-05 02:45:45.591 15616 16662 E baseline.com.newsblur.network.APIResponse: 	at baseline.com.newsblur.service.NBSyncService.access$100(NBSyncService.java:67)
08-05 02:45:45.591 15616 16662 E baseline.com.newsblur.network.APIResponse: 	at baseline.com.newsblur.service.NBSyncService$1.run(NBSyncService.java:188)
08-05 02:45:45.591 15616 16662 E baseline.com.newsblur.network.APIResponse: 	at java.util.concurrent.ThreadPoolExecutor.runWorker(ThreadPoolExecutor.java:1113)
08-05 02:45:45.591 15616 16662 E baseline.com.newsblur.network.APIResponse: 	at java.util.concurrent.ThreadPoolExecutor$Worker.run(ThreadPoolExecutor.java:588)
08-05 02:45:45.591 15616 16662 E baseline.com.newsblur.network.APIResponse: 	at java.lang.Thread.run(Thread.java:818)
08-05 02:45:45.591 15616 16662 E baseline.com.newsblur.network.APIResponse: Caused by: java.io.EOFException: \n not found: limit=0 content=
08-05 02:45:45.591 15616 16662 E baseline.com.newsblur.network.APIResponse: 	at okio.RealBufferedSource.readUtf8LineStrict(RealBufferedSource.java:240)
08-05 02:45:45.591 15616 16662 E baseline.com.newsblur.network.APIResponse: 	at okhttp3.internal.http1.Http1ExchangeCodec.readHeaderLine(Http1ExchangeCodec.java:242)
08-05 02:45:45.591 15616 16662 E baseline.com.newsblur.network.APIResponse: 	at okhttp3.internal.http1.Http1ExchangeCodec.readResponseHeaders(Http1ExchangeCodec.java:213)
08-05 02:45:45.591 15616 16662 E baseline.com.newsblur.network.APIResponse: 	... 30 more
08-05 02:45:45.592 15616 16662 I baseline.com.newsblur.service.NBSyncService: Holding reading action with server-side or network error.
08-05 02:45:45.604 15616 16662 W baseline.com.newsblur.service.NBSyncService: hard API failure
08-05 02:45:45.609 15616 16662 I baseline.com.newsblur.service.NBSyncService: recounting dirty feed sets: 1
08-05 02:45:45.654 15616 15647 I art     : Starting a blocking GC Explicit
08-05 02:45:45.719 15616 15647 I art     : Explicit concurrent mark sweep GC freed 7839(658KB) AllocSpace objects, 17(432KB) LOS objects, 27% free, 42MB/58MB, paused 2.181ms total 65.042ms
08-05 02:45:45.733 15616 15647 I art     : Starting a blocking GC Explicit
08-05 02:45:45.787 15616 15647 I art     : Explicit concurrent mark sweep GC freed 522(33KB) AllocSpace objects, 0(0B) LOS objects, 27% free, 42MB/58MB, paused 1.350ms total 53.502ms
08-05 02:45:45.801 15616 15647 I art     : Starting a blocking GC Explicit
08-05 02:45:45.861 15616 15647 I art     : Explicit concurrent mark sweep GC freed 60(2432B) AllocSpace objects, 0(0B) LOS objects, 27% free, 42MB/58MB, paused 2.156ms total 59.552ms
08-05 02:45:45.877 15616 15647 I art     : Starting a blocking GC Explicit
08-05 02:45:45.936 15616 15647 I art     : Explicit concurrent mark sweep GC freed 147(6KB) AllocSpace objects, 0(0B) LOS objects, 27% free, 42MB/58MB, paused 1.548ms total 58.041ms
08-05 02:45:45.951 15616 15647 I art     : Starting a blocking GC Explicit
08-05 02:45:46.012 15616 15647 I art     : Explicit concurrent mark sweep GC freed 3(96B) AllocSpace objects, 0(0B) LOS objects, 27% free, 42MB/58MB, paused 1.568ms total 60.905ms
08-05 02:45:46.097 15616 16662 E baseline.com.newsblur.network.APIResponse: Error (unexpected end of stream on https://www.newsblur.com/...) calling https://www.newsblur.com/reader/feed_unread_count?feed_id=0
08-05 02:45:46.097 15616 16662 E baseline.com.newsblur.network.APIResponse: java.io.IOException: unexpected end of stream on https://www.newsblur.com/...
08-05 02:45:46.097 15616 16662 E baseline.com.newsblur.network.APIResponse: 	at okhttp3.internal.http1.Http1ExchangeCodec.readResponseHeaders(Http1ExchangeCodec.java:236)
08-05 02:45:46.097 15616 16662 E baseline.com.newsblur.network.APIResponse: 	at okhttp3.internal.connection.Exchange.readResponseHeaders(Exchange.java:115)
08-05 02:45:46.097 15616 16662 E baseline.com.newsblur.network.APIResponse: 	at okhttp3.internal.http.CallServerInterceptor.intercept(CallServerInterceptor.java:94)
08-05 02:45:46.097 15616 16662 E baseline.com.newsblur.network.APIResponse: 	at okhttp3.internal.http.RealInterceptorChain.proceed(RealInterceptorChain.java:142)
08-05 02:45:46.097 15616 16662 E baseline.com.newsblur.network.APIResponse: 	at okhttp3.internal.connection.ConnectInterceptor.intercept(ConnectInterceptor.java:43)
08-05 02:45:46.097 15616 16662 E baseline.com.newsblur.network.APIResponse: 	at okhttp3.internal.http.RealInterceptorChain.proceed(RealInterceptorChain.java:142)
08-05 02:45:46.097 15616 16662 E baseline.com.newsblur.network.APIResponse: 	at okhttp3.internal.http.RealInterceptorChain.proceed(RealInterceptorChain.java:117)
08-05 02:45:46.097 15616 16662 E baseline.com.newsblur.network.APIResponse: 	at okhttp3.internal.cache.CacheInterceptor.intercept(CacheInterceptor.java:94)
08-05 02:45:46.097 15616 16662 E baseline.com.newsblur.network.APIResponse: 	at okhttp3.internal.http.RealInterceptorChain.proceed(RealInterceptorChain.java:142)
08-05 02:45:46.097 15616 16662 E baseline.com.newsblur.network.APIResponse: 	at okhttp3.internal.http.RealInterceptorChain.proceed(RealInterceptorChain.java:117)
08-05 02:45:46.097 15616 16662 E baseline.com.newsblur.network.APIResponse: 	at okhttp3.internal.http.BridgeInterceptor.intercept(BridgeInterceptor.java:93)
08-05 02:45:46.097 15616 16662 E baseline.com.newsblur.network.APIResponse: 	at okhttp3.internal.http.RealInterceptorChain.proceed(RealInterceptorChain.java:142)
08-05 02:45:46.097 15616 16662 E baseline.com.newsblur.network.APIResponse: 	at okhttp3.internal.http.RetryAndFollowUpInterceptor.intercept(RetryAndFollowUpInterceptor.java:88)
08-05 02:45:46.097 15616 16662 E baseline.com.newsblur.network.APIResponse: 	at okhttp3.internal.http.RealInterceptorChain.proceed(RealInterceptorChain.java:142)
08-05 02:45:46.097 15616 16662 E baseline.com.newsblur.network.APIResponse: 	at okhttp3.internal.http.RealInterceptorChain.proceed(RealInterceptorChain.java:117)
08-05 02:45:46.097 15616 16662 E baseline.com.newsblur.network.APIResponse: 	at okhttp3.RealCall.getResponseWithInterceptorChain(RealCall.java:229)
08-05 02:45:46.097 15616 16662 E baseline.com.newsblur.network.APIResponse: 	at okhttp3.RealCall.execute(RealCall.java:81)
08-05 02:45:46.097 15616 16662 E baseline.com.newsblur.network.APIResponse: 	at baseline.com.newsblur.network.APIResponse.<init>(APIResponse.java:57)
08-05 02:45:46.097 15616 16662 E baseline.com.newsblur.network.APIResponse: 	at baseline.com.newsblur.network.APIManager.get_single(APIManager.java:639)
08-05 02:45:46.097 15616 16662 E baseline.com.newsblur.network.APIResponse: 	at baseline.com.newsblur.network.APIManager.get(APIManager.java:625)
08-05 02:45:46.097 15616 16662 E baseline.com.newsblur.network.APIResponse: 	at baseline.com.newsblur.network.APIManager.get(APIManager.java:667)
08-05 02:45:46.097 15616 16662 E baseline.com.newsblur.network.APIResponse: 	at baseline.com.newsblur.network.APIManager.getFeedUnreadCounts(APIManager.java:274)
08-05 02:45:46.097 15616 16662 E baseline.com.newsblur.network.APIResponse: 	at baseline.com.newsblur.service.NBSyncService.checkRecounts(NBSyncService.java:660)
08-05 02:45:46.097 15616 16662 E baseline.com.newsblur.network.APIResponse: 	at baseline.com.newsblur.service.NBSyncService.doSync(NBSyncService.java:310)
08-05 02:45:46.097 15616 16662 E baseline.com.newsblur.network.APIResponse: 	at baseline.com.newsblur.service.NBSyncService.access$100(NBSyncService.java:67)
08-05 02:45:46.097 15616 16662 E baseline.com.newsblur.network.APIResponse: 	at baseline.com.newsblur.service.NBSyncService$1.run(NBSyncService.java:188)
08-05 02:45:46.097 15616 16662 E baseline.com.newsblur.network.APIResponse: 	at java.util.concurrent.ThreadPoolExecutor.runWorker(ThreadPoolExecutor.java:1113)
08-05 02:45:46.097 15616 16662 E baseline.com.newsblur.network.APIResponse: 	at java.util.concurrent.ThreadPoolExecutor$Worker.run(ThreadPoolExecutor.java:588)
08-05 02:45:46.097 15616 16662 E baseline.com.newsblur.network.APIResponse: 	at java.lang.Thread.run(Thread.java:818)
08-05 02:45:46.097 15616 16662 E baseline.com.newsblur.network.APIResponse: Caused by: java.io.EOFException: \n not found: limit=0 content=
08-05 02:45:46.097 15616 16662 E baseline.com.newsblur.network.APIResponse: 	at okio.RealBufferedSource.readUtf8LineStrict(RealBufferedSource.java:240)
08-05 02:45:46.097 15616 16662 E baseline.com.newsblur.network.APIResponse: 	at okhttp3.internal.http1.Http1ExchangeCodec.readHeaderLine(Http1ExchangeCodec.java:242)
08-05 02:45:46.097 15616 16662 E baseline.com.newsblur.network.APIResponse: 	at okhttp3.internal.http1.Http1ExchangeCodec.readResponseHeaders(Http1ExchangeCodec.java:213)
08-05 02:45:46.097 15616 16662 E baseline.com.newsblur.network.APIResponse: 	... 28 more
08-05 02:45:46.098 15616 16662 I baseline.com.newsblur.network.APIManager: API call failed, pausing before retry number 1
08-05 02:45:46.215 13228 13228 I ServiceManager: Waiting for service AtCmdFwd...
08-05 02:45:46.385 15616 15629 I art     : Starting a blocking GC Explicit
08-05 02:45:46.452 15616 15629 I art     : Explicit concurrent mark sweep GC freed 3933(355KB) AllocSpace objects, 3(60KB) LOS objects, 27% free, 42MB/58MB, paused 1.524ms total 65.876ms
08-05 02:45:46.467 15616 15629 I art     : Starting a blocking GC Explicit
08-05 02:45:46.529 15616 15629 I art     : Explicit concurrent mark sweep GC freed 120(4KB) AllocSpace objects, 0(0B) LOS objects, 27% free, 42MB/58MB, paused 1.564ms total 61.198ms
08-05 02:45:46.543 15616 15629 I art     : Starting a blocking GC Explicit
08-05 02:45:46.607 15616 15629 I art     : Explicit concurrent mark sweep GC freed 6(192B) AllocSpace objects, 0(0B) LOS objects, 27% free, 42MB/58MB, paused 1.437ms total 62.939ms
08-05 02:45:46.623 15616 15629 I art     : Starting a blocking GC Explicit
08-05 02:45:46.687 15616 15629 I art     : Explicit concurrent mark sweep GC freed 11(352B) AllocSpace objects, 0(0B) LOS objects, 27% free, 42MB/58MB, paused 1.669ms total 63.687ms
08-05 02:45:46.704 15616 15629 I art     : Starting a blocking GC Explicit
08-05 02:45:46.767 15616 15629 I art     : Explicit concurrent mark sweep GC freed 13(416B) AllocSpace objects, 0(0B) LOS objects, 27% free, 42MB/58MB, paused 1.690ms total 62.629ms
08-05 02:45:47.215 15616 16533 I art     : Starting a blocking GC Explicit
08-05 02:45:47.216 13228 13228 I ServiceManager: Waiting for service AtCmdFwd...
08-05 02:45:47.283 15616 16533 I art     : Explicit concurrent mark sweep GC freed 1451(83KB) AllocSpace objects, 1(20KB) LOS objects, 27% free, 42MB/58MB, paused 1.542ms total 67.780ms
08-05 02:45:47.298 15616 16533 I art     : Starting a blocking GC Explicit
08-05 02:45:47.366 15616 16533 I art     : Explicit concurrent mark sweep GC freed 22(784B) AllocSpace objects, 0(0B) LOS objects, 27% free, 42MB/58MB, paused 1.600ms total 67.774ms
08-05 02:45:47.386 15616 16533 I art     : Starting a blocking GC Explicit
08-05 02:45:47.450 15616 16533 I art     : Explicit concurrent mark sweep GC freed 3(96B) AllocSpace objects, 0(0B) LOS objects, 27% free, 42MB/58MB, paused 1.596ms total 63.526ms
08-05 02:45:47.465 15616 16533 I art     : Starting a blocking GC Explicit
08-05 02:45:47.531 15616 16533 I art     : Explicit concurrent mark sweep GC freed 3(96B) AllocSpace objects, 0(0B) LOS objects, 27% free, 42MB/58MB, paused 1.505ms total 65.902ms
08-05 02:45:47.545 15616 16533 I art     : Starting a blocking GC Explicit
08-05 02:45:47.611 15616 16533 I art     : Explicit concurrent mark sweep GC freed 96(3KB) AllocSpace objects, 0(0B) LOS objects, 27% free, 42MB/58MB, paused 1.749ms total 65.696ms
08-05 02:45:48.009 15616 15647 I art     : Starting a blocking GC Explicit
08-05 02:45:48.077 15616 15647 I art     : Explicit concurrent mark sweep GC freed 1523(88KB) AllocSpace objects, 1(20KB) LOS objects, 27% free, 42MB/58MB, paused 1.811ms total 68.155ms
08-05 02:45:48.092 15616 15647 I art     : Starting a blocking GC Explicit
08-05 02:45:48.158 15616 15647 I art     : Explicit concurrent mark sweep GC freed 1679(65KB) AllocSpace objects, 0(0B) LOS objects, 27% free, 42MB/58MB, paused 1.545ms total 65.618ms
08-05 02:45:48.163 15616 16662 E baseline.com.newsblur.network.APIResponse: Error (unexpected end of stream on https://www.newsblur.com/...) calling https://www.newsblur.com/reader/feed_unread_count?feed_id=0
08-05 02:45:48.163 15616 16662 E baseline.com.newsblur.network.APIResponse: java.io.IOException: unexpected end of stream on https://www.newsblur.com/...
08-05 02:45:48.163 15616 16662 E baseline.com.newsblur.network.APIResponse: 	at okhttp3.internal.http1.Http1ExchangeCodec.readResponseHeaders(Http1ExchangeCodec.java:236)
08-05 02:45:48.163 15616 16662 E baseline.com.newsblur.network.APIResponse: 	at okhttp3.internal.connection.Exchange.readResponseHeaders(Exchange.java:115)
08-05 02:45:48.163 15616 16662 E baseline.com.newsblur.network.APIResponse: 	at okhttp3.internal.http.CallServerInterceptor.intercept(CallServerInterceptor.java:94)
08-05 02:45:48.163 15616 16662 E baseline.com.newsblur.network.APIResponse: 	at okhttp3.internal.http.RealInterceptorChain.proceed(RealInterceptorChain.java:142)
08-05 02:45:48.163 15616 16662 E baseline.com.newsblur.network.APIResponse: 	at okhttp3.internal.connection.ConnectInterceptor.intercept(ConnectInterceptor.java:43)
08-05 02:45:48.163 15616 16662 E baseline.com.newsblur.network.APIResponse: 	at okhttp3.internal.http.RealInterceptorChain.proceed(RealInterceptorChain.java:142)
08-05 02:45:48.163 15616 16662 E baseline.com.newsblur.network.APIResponse: 	at okhttp3.internal.http.RealInterceptorChain.proceed(RealInterceptorChain.java:117)
08-05 02:45:48.163 15616 16662 E baseline.com.newsblur.network.APIResponse: 	at okhttp3.internal.cache.CacheInterceptor.intercept(CacheInterceptor.java:94)
08-05 02:45:48.163 15616 16662 E baseline.com.newsblur.network.APIResponse: 	at okhttp3.internal.http.RealInterceptorChain.proceed(RealInterceptorChain.java:142)
08-05 02:45:48.163 15616 16662 E baseline.com.newsblur.network.APIResponse: 	at okhttp3.internal.http.RealInterceptorChain.proceed(RealInterceptorChain.java:117)
08-05 02:45:48.163 15616 16662 E baseline.com.newsblur.network.APIResponse: 	at okhttp3.internal.http.BridgeInterceptor.intercept(BridgeInterceptor.java:93)
08-05 02:45:48.163 15616 16662 E baseline.com.newsblur.network.APIResponse: 	at okhttp3.internal.http.RealInterceptorChain.proceed(RealInterceptorChain.java:142)
08-05 02:45:48.163 15616 16662 E baseline.com.newsblur.network.APIResponse: 	at okhttp3.internal.http.RetryAndFollowUpInterceptor.intercept(RetryAndFollowUpInterceptor.java:88)
08-05 02:45:48.163 15616 16662 E baseline.com.newsblur.network.APIResponse: 	at okhttp3.internal.http.RealInterceptorChain.proceed(RealInterceptorChain.java:142)
08-05 02:45:48.163 15616 16662 E baseline.com.newsblur.network.APIResponse: 	at okhttp3.internal.http.RealInterceptorChain.proceed(RealInterceptorChain.java:117)
08-05 02:45:48.163 15616 16662 E baseline.com.newsblur.network.APIResponse: 	at okhttp3.RealCall.getResponseWithInterceptorChain(RealCall.java:229)
08-05 02:45:48.163 15616 16662 E baseline.com.newsblur.network.APIResponse: 	at okhttp3.RealCall.execute(RealCall.java:81)
08-05 02:45:48.163 15616 16662 E baseline.com.newsblur.network.APIResponse: 	at baseline.com.newsblur.network.APIResponse.<init>(APIResponse.java:57)
08-05 02:45:48.163 15616 16662 E baseline.com.newsblur.network.APIResponse: 	at baseline.com.newsblur.network.APIManager.get_single(APIManager.java:639)
08-05 02:45:48.163 15616 16662 E baseline.com.newsblur.network.APIResponse: 	at baseline.com.newsblur.network.APIManager.get(APIManager.java:625)
08-05 02:45:48.163 15616 16662 E baseline.com.newsblur.network.APIResponse: 	at baseline.com.newsblur.network.APIManager.get(APIManager.java:667)
08-05 02:45:48.163 15616 16662 E baseline.com.newsblur.network.APIResponse: 	at baseline.com.newsblur.network.APIManager.getFeedUnreadCounts(APIManager.java:274)
08-05 02:45:48.163 15616 16662 E baseline.com.newsblur.network.APIResponse: 	at baseline.com.newsblur.service.NBSyncService.checkRecounts(NBSyncService.java:660)
08-05 02:45:48.163 15616 16662 E baseline.com.newsblur.network.APIResponse: 	at baseline.com.newsblur.service.NBSyncService.doSync(NBSyncService.java:310)
08-05 02:45:48.163 15616 16662 E baseline.com.newsblur.network.APIResponse: 	at baseline.com.newsblur.service.NBSyncService.access$100(NBSyncService.java:67)
08-05 02:45:48.163 15616 16662 E baseline.com.newsblur.network.APIResponse: 	at baseline.com.newsblur.service.NBSyncService$1.run(NBSyncService.java:188)
08-05 02:45:48.163 15616 16662 E baseline.com.newsblur.network.APIResponse: 	at java.util.concurrent.ThreadPoolExecutor.runWorker(ThreadPoolExecutor.java:1113)
08-05 02:45:48.163 15616 16662 E baseline.com.newsblur.network.APIResponse: 	at java.util.concurrent.ThreadPoolExecutor$Worker.run(ThreadPoolExecutor.java:588)
08-05 02:45:48.163 15616 16662 E baseline.com.newsblur.network.APIResponse: 	at java.lang.Thread.run(Thread.java:818)
08-05 02:45:48.163 15616 16662 E baseline.com.newsblur.network.APIResponse: Caused by: java.io.EOFException: \n not found: limit=0 content=
08-05 02:45:48.163 15616 16662 E baseline.com.newsblur.network.APIResponse: 	at okio.RealBufferedSource.readUtf8LineStrict(RealBufferedSource.java:240)
08-05 02:45:48.163 15616 16662 E baseline.com.newsblur.network.APIResponse: 	at okhttp3.internal.http1.Http1ExchangeCodec.readHeaderLine(Http1ExchangeCodec.java:242)
08-05 02:45:48.163 15616 16662 E baseline.com.newsblur.network.APIResponse: 	at okhttp3.internal.http1.Http1ExchangeCodec.readResponseHeaders(Http1ExchangeCodec.java:213)
08-05 02:45:48.163 15616 16662 E baseline.com.newsblur.network.APIResponse: 	... 28 more
08-05 02:45:48.166 15616 16662 I baseline.com.newsblur.network.APIManager: API call failed, pausing before retry number 2
08-05 02:45:48.172 15616 15647 I art     : Starting a blocking GC Explicit
08-05 02:45:48.217 13228 13228 I ServiceManager: Waiting for service AtCmdFwd...
08-05 02:45:48.236 15616 15647 I art     : Explicit concurrent mark sweep GC freed 880(209KB) AllocSpace objects, 2(40KB) LOS objects, 27% free, 42MB/58MB, paused 1.595ms total 63.234ms
08-05 02:45:48.251 15616 15647 I art     : Starting a blocking GC Explicit
08-05 02:45:48.318 15616 15647 I art     : Explicit concurrent mark sweep GC freed 56(2448B) AllocSpace objects, 0(0B) LOS objects, 27% free, 42MB/58MB, paused 1.667ms total 66.517ms
08-05 02:45:48.334 15616 15647 I art     : Starting a blocking GC Explicit
08-05 02:45:48.403 15616 15647 I art     : Explicit concurrent mark sweep GC freed 6(192B) AllocSpace objects, 0(0B) LOS objects, 27% free, 42MB/58MB, paused 1.650ms total 68.976ms
08-05 02:45:48.798 15616 15627 I art     : Starting a blocking GC Explicit
08-05 02:45:48.867 15616 15627 I art     : Explicit concurrent mark sweep GC freed 1444(83KB) AllocSpace objects, 1(20KB) LOS objects, 27% free, 42MB/58MB, paused 1.617ms total 68.673ms
08-05 02:45:48.885 15616 15627 I art     : Starting a blocking GC Explicit
08-05 02:45:48.942 15616 15627 I art     : Explicit concurrent mark sweep GC freed 22(784B) AllocSpace objects, 0(0B) LOS objects, 27% free, 42MB/58MB, paused 1.378ms total 56.242ms
08-05 02:45:48.956 15616 15627 I art     : Starting a blocking GC Explicit
08-05 02:45:49.010 15616 15627 I art     : Explicit concurrent mark sweep GC freed 3(96B) AllocSpace objects, 0(0B) LOS objects, 27% free, 42MB/58MB, paused 1.420ms total 53.279ms
08-05 02:45:49.024 15616 15627 I art     : Starting a blocking GC Explicit
08-05 02:45:49.081 15616 15627 I art     : Explicit concurrent mark sweep GC freed 3(96B) AllocSpace objects, 0(0B) LOS objects, 27% free, 42MB/58MB, paused 1.526ms total 56.415ms
08-05 02:45:49.095 15616 15627 I art     : Starting a blocking GC Explicit
08-05 02:45:49.156 15616 15627 I art     : Explicit concurrent mark sweep GC freed 3(96B) AllocSpace objects, 0(0B) LOS objects, 27% free, 42MB/58MB, paused 1.546ms total 60.140ms
08-05 02:45:49.218 13228 13228 I ServiceManager: Waiting for service AtCmdFwd...
08-05 02:45:49.562 15616 15856 I art     : Starting a blocking GC Explicit
08-05 02:45:49.631 15616 15856 I art     : Explicit concurrent mark sweep GC freed 1443(85KB) AllocSpace objects, 1(20KB) LOS objects, 27% free, 42MB/58MB, paused 1.628ms total 68.226ms
08-05 02:45:49.646 15616 15856 I art     : Starting a blocking GC Explicit
08-05 02:45:49.715 15616 15856 I art     : Explicit concurrent mark sweep GC freed 22(784B) AllocSpace objects, 0(0B) LOS objects, 27% free, 42MB/58MB, paused 1.612ms total 68.900ms
08-05 02:45:49.731 15616 15856 I art     : Starting a blocking GC Explicit
08-05 02:45:49.798 15616 15856 I art     : Explicit concurrent mark sweep GC freed 3(96B) AllocSpace objects, 0(0B) LOS objects, 27% free, 42MB/58MB, paused 1.561ms total 67.088ms
08-05 02:45:49.814 15616 15856 I art     : Starting a blocking GC Explicit
08-05 02:45:49.882 15616 15856 I art     : Explicit concurrent mark sweep GC freed 3(96B) AllocSpace objects, 0(0B) LOS objects, 27% free, 42MB/58MB, paused 1.734ms total 67.508ms
08-05 02:45:49.899 15616 15856 I art     : Starting a blocking GC Explicit
08-05 02:45:49.958 15616 15856 I art     : Explicit concurrent mark sweep GC freed 3(96B) AllocSpace objects, 0(0B) LOS objects, 27% free, 42MB/58MB, paused 1.485ms total 59.526ms
08-05 02:45:50.218 13228 13228 W Atfwd_Sendcmd: AtCmdFwd service not published, waiting... retryCnt : 5
08-05 02:45:50.364 15616 15629 I art     : Starting a blocking GC Explicit
08-05 02:45:50.435 15616 15629 I art     : Explicit concurrent mark sweep GC freed 1443(83KB) AllocSpace objects, 1(20KB) LOS objects, 27% free, 42MB/58MB, paused 1.592ms total 70.088ms
08-05 02:45:50.452 15616 15629 I art     : Starting a blocking GC Explicit
08-05 02:45:50.515 15616 15629 I art     : Explicit concurrent mark sweep GC freed 22(784B) AllocSpace objects, 0(0B) LOS objects, 27% free, 42MB/58MB, paused 1.556ms total 62.781ms
08-05 02:45:50.530 15616 15629 I art     : Starting a blocking GC Explicit
08-05 02:45:50.596 15616 15629 I art     : Explicit concurrent mark sweep GC freed 3(96B) AllocSpace objects, 0(0B) LOS objects, 27% free, 42MB/58MB, paused 1.425ms total 65.484ms
08-05 02:45:50.611 15616 15629 I art     : Starting a blocking GC Explicit
08-05 02:45:50.677 15616 15629 I art     : Explicit concurrent mark sweep GC freed 3(96B) AllocSpace objects, 0(0B) LOS objects, 27% free, 42MB/58MB, paused 1.587ms total 65.285ms
08-05 02:45:50.692 15616 15629 I art     : Starting a blocking GC Explicit
08-05 02:45:50.724   518   646 I ThermalEngine: ACTION: GPU - Setting GPU[0] to 510000000
08-05 02:45:50.755 15616 15629 I art     : Explicit concurrent mark sweep GC freed 3(96B) AllocSpace objects, 0(0B) LOS objects, 27% free, 42MB/58MB, paused 1.585ms total 62.613ms
08-05 02:45:51.117 15616 16533 I art     : Starting a blocking GC Explicit
08-05 02:45:51.171 15616 16533 I art     : Explicit concurrent mark sweep GC freed 1442(83KB) AllocSpace objects, 1(20KB) LOS objects, 27% free, 42MB/58MB, paused 1.396ms total 53.339ms
08-05 02:45:51.187 15616 16533 I art     : Starting a blocking GC Explicit
08-05 02:45:51.231 15616 16533 I art     : Explicit concurrent mark sweep GC freed 115(4KB) AllocSpace objects, 0(0B) LOS objects, 27% free, 42MB/58MB, paused 1.097ms total 43.997ms
08-05 02:45:51.243 15616 16533 I art     : Starting a blocking GC Explicit
08-05 02:45:51.285 15616 16533 I art     : Explicit concurrent mark sweep GC freed 74(4KB) AllocSpace objects, 0(0B) LOS objects, 27% free, 42MB/58MB, paused 1.113ms total 42.546ms
08-05 02:45:51.296 15616 16533 I art     : Starting a blocking GC Explicit
08-05 02:45:51.340 15616 16533 I art     : Explicit concurrent mark sweep GC freed 12(1408B) AllocSpace objects, 0(0B) LOS objects, 27% free, 42MB/58MB, paused 1.057ms total 43.591ms
08-05 02:45:51.350 15616 16533 I art     : Starting a blocking GC Explicit
08-05 02:45:51.394 15616 16533 I art     : Explicit concurrent mark sweep GC freed 3(96B) AllocSpace objects, 0(0B) LOS objects, 27% free, 42MB/58MB, paused 1.124ms total 43.621ms
08-05 02:45:51.402 17099 17118 I Finsky  : [5883] ktr.run(-1): Stats for Executor: BlockingExecutor kvs@51225b[Running, pool size = 2, active threads = 0, queued tasks = 0, completed tasks = 15]
08-05 02:45:51.403 17099 17118 I Finsky  : [5883] ktr.run(-1): Stats for Executor: LightweightExecutor kvs@8658af8[Running, pool size = 4, active threads = 0, queued tasks = 0, completed tasks = 75]
08-05 02:45:51.723 15616 15647 I art     : Starting a blocking GC Explicit
08-05 02:45:51.723 15616 16662 E baseline.com.newsblur.network.APIResponse: Error (unexpected end of stream on https://www.newsblur.com/...) calling https://www.newsblur.com/reader/feed_unread_count?feed_id=0
08-05 02:45:51.723 15616 16662 E baseline.com.newsblur.network.APIResponse: java.io.IOException: unexpected end of stream on https://www.newsblur.com/...
08-05 02:45:51.723 15616 16662 E baseline.com.newsblur.network.APIResponse: 	at okhttp3.internal.http1.Http1ExchangeCodec.readResponseHeaders(Http1ExchangeCodec.java:236)
08-05 02:45:51.723 15616 16662 E baseline.com.newsblur.network.APIResponse: 	at okhttp3.internal.connection.Exchange.readResponseHeaders(Exchange.java:115)
08-05 02:45:51.723 15616 16662 E baseline.com.newsblur.network.APIResponse: 	at okhttp3.internal.http.CallServerInterceptor.intercept(CallServerInterceptor.java:94)
08-05 02:45:51.723 15616 16662 E baseline.com.newsblur.network.APIResponse: 	at okhttp3.internal.http.RealInterceptorChain.proceed(RealInterceptorChain.java:142)
08-05 02:45:51.723 15616 16662 E baseline.com.newsblur.network.APIResponse: 	at okhttp3.internal.connection.ConnectInterceptor.intercept(ConnectInterceptor.java:43)
08-05 02:45:51.723 15616 16662 E baseline.com.newsblur.network.APIResponse: 	at okhttp3.internal.http.RealInterceptorChain.proceed(RealInterceptorChain.java:142)
08-05 02:45:51.723 15616 16662 E baseline.com.newsblur.network.APIResponse: 	at okhttp3.internal.http.RealInterceptorChain.proceed(RealInterceptorChain.java:117)
08-05 02:45:51.723 15616 16662 E baseline.com.newsblur.network.APIResponse: 	at okhttp3.internal.cache.CacheInterceptor.intercept(CacheInterceptor.java:94)
08-05 02:45:51.723 15616 16662 E baseline.com.newsblur.network.APIResponse: 	at okhttp3.internal.http.RealInterceptorChain.proceed(RealInterceptorChain.java:142)
08-05 02:45:51.723 15616 16662 E baseline.com.newsblur.network.APIResponse: 	at okhttp3.internal.http.RealInterceptorChain.proceed(RealInterceptorChain.java:117)
08-05 02:45:51.723 15616 16662 E baseline.com.newsblur.network.APIResponse: 	at okhttp3.internal.http.BridgeInterceptor.intercept(BridgeInterceptor.java:93)
08-05 02:45:51.723 15616 16662 E baseline.com.newsblur.network.APIResponse: 	at okhttp3.internal.http.RealInterceptorChain.proceed(RealInterceptorChain.java:142)
08-05 02:45:51.723 15616 16662 E baseline.com.newsblur.network.APIResponse: 	at okhttp3.internal.http.RetryAndFollowUpInterceptor.intercept(RetryAndFollowUpInterceptor.java:88)
08-05 02:45:51.723 15616 16662 E baseline.com.newsblur.network.APIResponse: 	at okhttp3.internal.http.RealInterceptorChain.proceed(RealInterceptorChain.java:142)
08-05 02:45:51.723 15616 16662 E baseline.com.newsblur.network.APIResponse: 	at okhttp3.internal.http.RealInterceptorChain.proceed(RealInterceptorChain.java:117)
08-05 02:45:51.723 15616 16662 E baseline.com.newsblur.network.APIResponse: 	at okhttp3.RealCall.getResponseWithInterceptorChain(RealCall.java:229)
08-05 02:45:51.723 15616 16662 E baseline.com.newsblur.network.APIResponse: 	at okhttp3.RealCall.execute(RealCall.java:81)
08-05 02:45:51.723 15616 16662 E baseline.com.newsblur.network.APIResponse: 	at baseline.com.newsblur.network.APIResponse.<init>(APIResponse.java:57)
08-05 02:45:51.723 15616 16662 E baseline.com.newsblur.network.APIResponse: 	at baseline.com.newsblur.network.APIManager.get_single(APIManager.java:639)
08-05 02:45:51.723 15616 16662 E baseline.com.newsblur.network.APIResponse: 	at baseline.com.newsblur.network.APIManager.get(APIManager.java:625)
08-05 02:45:51.723 15616 16662 E baseline.com.newsblur.network.APIResponse: 	at baseline.com.newsblur.network.APIManager.get(APIManager.java:667)
08-05 02:45:51.723 15616 16662 E baseline.com.newsblur.network.APIResponse: 	at baseline.com.newsblur.network.APIManager.getFeedUnreadCounts(APIManager.java:274)
08-05 02:45:51.723 15616 16662 E baseline.com.newsblur.network.APIResponse: 	at baseline.com.newsblur.service.NBSyncService.checkRecounts(NBSyncService.java:660)
08-05 02:45:51.723 15616 16662 E baseline.com.newsblur.network.APIResponse: 	at baseline.com.newsblur.service.NBSyncService.doSync(NBSyncService.java:310)
08-05 02:45:51.723 15616 16662 E baseline.com.newsblur.network.APIResponse: 	at baseline.com.newsblur.service.NBSyncService.access$100(NBSyncService.java:67)
08-05 02:45:51.723 15616 16662 E baseline.com.newsblur.network.APIResponse: 	at baseline.com.newsblur.service.NBSyncService$1.run(NBSyncService.java:188)
08-05 02:45:51.723 15616 16662 E baseline.com.newsblur.network.APIResponse: 	at java.util.concurrent.ThreadPoolExecutor.runWorker(ThreadPoolExecutor.java:1113)
08-05 02:45:51.723 15616 16662 E baseline.com.newsblur.network.APIResponse: 	at java.util.concurrent.ThreadPoolExecutor$Worker.run(ThreadPoolExecutor.java:588)
08-05 02:45:51.723 15616 16662 E baseline.com.newsblur.network.APIResponse: 	at java.lang.Thread.run(Thread.java:818)
08-05 02:45:51.723 15616 16662 E baseline.com.newsblur.network.APIResponse: Caused by: java.io.EOFException: \n not found: limit=0 content=
08-05 02:45:51.723 15616 16662 E baseline.com.newsblur.network.APIResponse: 	at okio.RealBufferedSource.readUtf8LineStrict(RealBufferedSource.java:240)
08-05 02:45:51.723 15616 16662 E baseline.com.newsblur.network.APIResponse: 	at okhttp3.internal.http1.Http1ExchangeCodec.readHeaderLine(Http1ExchangeCodec.java:242)
08-05 02:45:51.723 15616 16662 E baseline.com.newsblur.network.APIResponse: 	at okhttp3.internal.http1.Http1ExchangeCodec.readResponseHeaders(Http1ExchangeCodec.java:213)
08-05 02:45:51.723 15616 16662 E baseline.com.newsblur.network.APIResponse: 	... 28 more
08-05 02:45:51.731 15616 16662 W baseline.com.newsblur.service.NBSyncService: Bad response to feed_unread_count
08-05 02:45:51.777 15616 15647 I art     : Explicit concurrent mark sweep GC freed 4157(397KB) AllocSpace objects, 6(120KB) LOS objects, 27% free, 42MB/58MB, paused 1.249ms total 53.648ms
08-05 02:45:51.789 15616 15647 I art     : Starting a blocking GC Explicit
08-05 02:45:51.838 15616 15647 I art     : Explicit concurrent mark sweep GC freed 441(30KB) AllocSpace objects, 0(0B) LOS objects, 27% free, 42MB/58MB, paused 1.217ms total 48.940ms
08-05 02:45:51.849 15616 15647 I art     : Starting a blocking GC Explicit
08-05 02:45:51.898 15616 15647 I art     : Explicit concurrent mark sweep GC freed 3(96B) AllocSpace objects, 0(0B) LOS objects, 27% free, 42MB/58MB, paused 1.270ms total 48.628ms
08-05 02:45:51.910 15616 15647 I art     : Starting a blocking GC Explicit
08-05 02:45:51.959 15616 15647 I art     : Explicit concurrent mark sweep GC freed 3(96B) AllocSpace objects, 0(0B) LOS objects, 27% free, 42MB/58MB, paused 1.223ms total 48.677ms
08-05 02:45:51.970 15616 15647 I art     : Starting a blocking GC Explicit
08-05 02:45:52.021 15616 15647 I art     : Explicit concurrent mark sweep GC freed 3(96B) AllocSpace objects, 0(0B) LOS objects, 27% free, 42MB/58MB, paused 1.241ms total 50.455ms
08-05 02:45:52.166 15616 16662 E baseline.com.newsblur.network.APIResponse: Error (unexpected end of stream on https://www.newsblur.com/...) calling https://www.newsblur.com/reader/mark_story_hashes_as_read/
08-05 02:45:52.166 15616 16662 E baseline.com.newsblur.network.APIResponse: java.io.IOException: unexpected end of stream on https://www.newsblur.com/...
08-05 02:45:52.166 15616 16662 E baseline.com.newsblur.network.APIResponse: 	at okhttp3.internal.http1.Http1ExchangeCodec.readResponseHeaders(Http1ExchangeCodec.java:236)
08-05 02:45:52.166 15616 16662 E baseline.com.newsblur.network.APIResponse: 	at okhttp3.internal.connection.Exchange.readResponseHeaders(Exchange.java:115)
08-05 02:45:52.166 15616 16662 E baseline.com.newsblur.network.APIResponse: 	at okhttp3.internal.http.CallServerInterceptor.intercept(CallServerInterceptor.java:94)
08-05 02:45:52.166 15616 16662 E baseline.com.newsblur.network.APIResponse: 	at okhttp3.internal.http.RealInterceptorChain.proceed(RealInterceptorChain.java:142)
08-05 02:45:52.166 15616 16662 E baseline.com.newsblur.network.APIResponse: 	at okhttp3.internal.connection.ConnectInterceptor.intercept(ConnectInterceptor.java:43)
08-05 02:45:52.166 15616 16662 E baseline.com.newsblur.network.APIResponse: 	at okhttp3.internal.http.RealInterceptorChain.proceed(RealInterceptorChain.java:142)
08-05 02:45:52.166 15616 16662 E baseline.com.newsblur.network.APIResponse: 	at okhttp3.internal.http.RealInterceptorChain.proceed(RealInterceptorChain.java:117)
08-05 02:45:52.166 15616 16662 E baseline.com.newsblur.network.APIResponse: 	at okhttp3.internal.cache.CacheInterceptor.intercept(CacheInterceptor.java:94)
08-05 02:45:52.166 15616 16662 E baseline.com.newsblur.network.APIResponse: 	at okhttp3.internal.http.RealInterceptorChain.proceed(RealInterceptorChain.java:142)
08-05 02:45:52.166 15616 16662 E baseline.com.newsblur.network.APIResponse: 	at okhttp3.internal.http.RealInterceptorChain.proceed(RealInterceptorChain.java:117)
08-05 02:45:52.166 15616 16662 E baseline.com.newsblur.network.APIResponse: 	at okhttp3.internal.http.BridgeInterceptor.intercept(BridgeInterceptor.java:93)
08-05 02:45:52.166 15616 16662 E baseline.com.newsblur.network.APIResponse: 	at okhttp3.internal.http.RealInterceptorChain.proceed(RealInterceptorChain.java:142)
08-05 02:45:52.166 15616 16662 E baseline.com.newsblur.network.APIResponse: 	at okhttp3.internal.http.RetryAndFollowUpInterceptor.intercept(RetryAndFollowUpInterceptor.java:88)
08-05 02:45:52.166 15616 16662 E baseline.com.newsblur.network.APIResponse: 	at okhttp3.internal.http.RealInterceptorChain.proceed(RealInterceptorChain.java:142)
08-05 02:45:52.166 15616 16662 E baseline.com.newsblur.network.APIResponse: 	at okhttp3.internal.http.RealInterceptorChain.proceed(RealInterceptorChain.java:117)
08-05 02:45:52.166 15616 16662 E baseline.com.newsblur.network.APIResponse: 	at okhttp3.RealCall.getResponseWithInterceptorChain(RealCall.java:229)
08-05 02:45:52.166 15616 16662 E baseline.com.newsblur.network.APIResponse: 	at okhttp3.RealCall.execute(RealCall.java:81)
08-05 02:45:52.166 15616 16662 E baseline.com.newsblur.network.APIResponse: 	at baseline.com.newsblur.network.APIResponse.<init>(APIResponse.java:57)
08-05 02:45:52.166 15616 16662 E baseline.com.newsblur.network.APIResponse: 	at baseline.com.newsblur.network.APIResponse.<init>(APIResponse.java:43)
08-05 02:45:52.166 15616 16662 E baseline.com.newsblur.network.APIResponse: 	at baseline.com.newsblur.network.APIManager.post_single(APIManager.java:702)
08-05 02:45:52.166 15616 16662 E baseline.com.newsblur.network.APIResponse: 	at baseline.com.newsblur.network.APIManager.post(APIManager.java:675)
08-05 02:45:52.166 15616 16662 E baseline.com.newsblur.network.APIResponse: 	at baseline.com.newsblur.network.APIManager.post(APIManager.java:714)
08-05 02:45:52.166 15616 16662 E baseline.com.newsblur.network.APIResponse: 	at baseline.com.newsblur.network.APIManager.markStoryAsRead(APIManager.java:205)
08-05 02:45:52.166 15616 16662 E baseline.com.newsblur.network.APIResponse: 	at baseline.com.newsblur.util.ReadingAction.doRemote(ReadingAction.java:281)
08-05 02:45:52.166 15616 16662 E baseline.com.newsblur.network.APIResponse: 	at baseline.com.newsblur.service.NBSyncService.syncActions(NBSyncService.java:400)
08-05 02:45:52.166 15616 16662 E baseline.com.newsblur.network.APIResponse: 	at baseline.com.newsblur.service.NBSyncService.doSync(NBSyncService.java:298)
08-05 02:45:52.166 15616 16662 E baseline.com.newsblur.network.APIResponse: 	at baseline.com.newsblur.service.NBSyncService.access$100(NBSyncService.java:67)
08-05 02:45:52.166 15616 16662 E baseline.com.newsblur.network.APIResponse: 	at baseline.com.newsblur.service.NBSyncService$1.run(NBSyncService.java:188)
08-05 02:45:52.166 15616 16662 E baseline.com.newsblur.network.APIResponse: 	at java.util.concurrent.ThreadPoolExecutor.runWorker(ThreadPoolExecutor.java:1113)
08-05 02:45:52.166 15616 16662 E baseline.com.newsblur.network.APIResponse: 	at java.util.concurrent.ThreadPoolExecutor$Worker.run(ThreadPoolExecutor.java:588)
08-05 02:45:52.166 15616 16662 E baseline.com.newsblur.network.APIResponse: 	at java.lang.Thread.run(Thread.java:818)
08-05 02:45:52.166 15616 16662 E baseline.com.newsblur.network.APIResponse: Caused by: java.io.EOFException: \n not found: limit=0 content=
08-05 02:45:52.166 15616 16662 E baseline.com.newsblur.network.APIResponse: 	at okio.RealBufferedSource.readUtf8LineStrict(RealBufferedSource.java:240)
08-05 02:45:52.166 15616 16662 E baseline.com.newsblur.network.APIResponse: 	at okhttp3.internal.http1.Http1ExchangeCodec.readHeaderLine(Http1ExchangeCodec.java:242)
08-05 02:45:52.166 15616 16662 E baseline.com.newsblur.network.APIResponse: 	at okhttp3.internal.http1.Http1ExchangeCodec.readResponseHeaders(Http1ExchangeCodec.java:213)
08-05 02:45:52.166 15616 16662 E baseline.com.newsblur.network.APIResponse: 	... 30 more
08-05 02:45:52.168 15616 16662 I baseline.com.newsblur.network.APIManager: API call failed, pausing before retry number 1
08-05 02:45:52.178 17099 17118 I Finsky  : [5883] ktr.run(-1): Stats for Executor: bgExecutor kvs@763ebd1[Running, pool size = 4, active threads = 0, queued tasks = 0, completed tasks = 84]
08-05 02:45:52.387 15616 15627 I art     : Starting a blocking GC Explicit
08-05 02:45:52.440 15616 15627 I art     : Explicit concurrent mark sweep GC freed 3952(357KB) AllocSpace objects, 3(60KB) LOS objects, 27% free, 42MB/58MB, paused 1.308ms total 53.138ms
08-05 02:45:52.454 15616 15627 I art     : Starting a blocking GC Explicit
08-05 02:45:52.502 15616 15627 I art     : Explicit concurrent mark sweep GC freed 120(4KB) AllocSpace objects, 0(0B) LOS objects, 27% free, 42MB/58MB, paused 1.120ms total 47.472ms
08-05 02:45:52.513 15616 15627 I art     : Starting a blocking GC Explicit
08-05 02:45:52.557 15616 15627 I art     : Explicit concurrent mark sweep GC freed 3(96B) AllocSpace objects, 0(0B) LOS objects, 27% free, 42MB/58MB, paused 1.066ms total 43.782ms
08-05 02:45:52.567 15616 15627 I art     : Starting a blocking GC Explicit
08-05 02:45:52.610 15616 15627 I art     : Explicit concurrent mark sweep GC freed 3(96B) AllocSpace objects, 0(0B) LOS objects, 27% free, 42MB/58MB, paused 1.098ms total 42.630ms
08-05 02:45:52.621 15616 15627 I art     : Starting a blocking GC Explicit
08-05 02:45:52.664 15616 15627 I art     : Explicit concurrent mark sweep GC freed 3(96B) AllocSpace objects, 0(0B) LOS objects, 27% free, 42MB/58MB, paused 1.085ms total 42.967ms
08-05 02:45:53.014 15616 15856 I art     : Starting a blocking GC Explicit
08-05 02:45:53.063 15616 15856 I art     : Explicit concurrent mark sweep GC freed 1441(82KB) AllocSpace objects, 1(20KB) LOS objects, 27% free, 42MB/58MB, paused 1.114ms total 48.725ms
08-05 02:45:53.075 15616 15856 I art     : Starting a blocking GC Explicit
08-05 02:45:53.124 15616 15856 I art     : Explicit concurrent mark sweep GC freed 22(784B) AllocSpace objects, 0(0B) LOS objects, 27% free, 42MB/58MB, paused 1.181ms total 49.167ms
08-05 02:45:53.136 15616 15856 I art     : Starting a blocking GC Explicit
08-05 02:45:53.184 15616 15856 I art     : Explicit concurrent mark sweep GC freed 3(96B) AllocSpace objects, 0(0B) LOS objects, 27% free, 42MB/58MB, paused 1.137ms total 47.883ms
08-05 02:45:53.195 15616 15856 I art     : Starting a blocking GC Explicit
08-05 02:45:53.247 15616 15856 I art     : Explicit concurrent mark sweep GC freed 3(96B) AllocSpace objects, 0(0B) LOS objects, 27% free, 42MB/58MB, paused 1.217ms total 51.530ms
08-05 02:45:53.259 15616 15856 I art     : Starting a blocking GC Explicit
08-05 02:45:53.310 15616 15856 I art     : Explicit concurrent mark sweep GC freed 3(96B) AllocSpace objects, 0(0B) LOS objects, 27% free, 42MB/58MB, paused 1.227ms total 51.015ms
08-05 02:45:53.663 17217 17249 I Finsky:download_service: [5888] ktr.run(-1): Stats for Executor: bgExecutor kvs@1ab37e[Running, pool size = 0, active threads = 0, queued tasks = 0, completed tasks = 0]
08-05 02:45:53.683 15616 15629 I art     : Starting a blocking GC Explicit
08-05 02:45:53.737 15616 15629 I art     : Explicit concurrent mark sweep GC freed 1591(90KB) AllocSpace objects, 1(20KB) LOS objects, 27% free, 42MB/58MB, paused 3.508ms total 53.213ms
08-05 02:45:53.748 15616 15629 I art     : Starting a blocking GC Explicit
08-05 02:45:53.798 15616 15629 I art     : Explicit concurrent mark sweep GC freed 43(2592B) AllocSpace objects, 0(0B) LOS objects, 27% free, 42MB/58MB, paused 1.286ms total 49.990ms
08-05 02:45:53.810 15616 15629 I art     : Starting a blocking GC Explicit
08-05 02:45:53.810   918  3188 I hubconnection: sensorhub said: 'set_bias 3: -6.2400, 0.0000, 0.0000'
08-05 02:45:53.859 15616 15629 I art     : Explicit concurrent mark sweep GC freed 3(96B) AllocSpace objects, 0(0B) LOS objects, 27% free, 42MB/58MB, paused 1.207ms total 48.841ms
08-05 02:45:53.871 15616 15629 I art     : Starting a blocking GC Explicit
08-05 02:45:53.922 15616 15629 I art     : Explicit concurrent mark sweep GC freed 3(96B) AllocSpace objects, 0(0B) LOS objects, 27% free, 42MB/58MB, paused 1.284ms total 50.692ms
08-05 02:45:53.934 15616 15629 I art     : Starting a blocking GC Explicit
08-05 02:45:53.984 15616 15629 I art     : Explicit concurrent mark sweep GC freed 3(96B) AllocSpace objects, 0(0B) LOS objects, 27% free, 42MB/58MB, paused 1.229ms total 49.581ms
08-05 02:45:54.189 15616 16662 E baseline.com.newsblur.network.APIResponse: Error (unexpected end of stream on https://www.newsblur.com/...) calling https://www.newsblur.com/reader/mark_story_hashes_as_read/
08-05 02:45:54.189 15616 16662 E baseline.com.newsblur.network.APIResponse: java.io.IOException: unexpected end of stream on https://www.newsblur.com/...
08-05 02:45:54.189 15616 16662 E baseline.com.newsblur.network.APIResponse: 	at okhttp3.internal.http1.Http1ExchangeCodec.readResponseHeaders(Http1ExchangeCodec.java:236)
08-05 02:45:54.189 15616 16662 E baseline.com.newsblur.network.APIResponse: 	at okhttp3.internal.connection.Exchange.readResponseHeaders(Exchange.java:115)
08-05 02:45:54.189 15616 16662 E baseline.com.newsblur.network.APIResponse: 	at okhttp3.internal.http.CallServerInterceptor.intercept(CallServerInterceptor.java:94)
08-05 02:45:54.189 15616 16662 E baseline.com.newsblur.network.APIResponse: 	at okhttp3.internal.http.RealInterceptorChain.proceed(RealInterceptorChain.java:142)
08-05 02:45:54.189 15616 16662 E baseline.com.newsblur.network.APIResponse: 	at okhttp3.internal.connection.ConnectInterceptor.intercept(ConnectInterceptor.java:43)
08-05 02:45:54.189 15616 16662 E baseline.com.newsblur.network.APIResponse: 	at okhttp3.internal.http.RealInterceptorChain.proceed(RealInterceptorChain.java:142)
08-05 02:45:54.189 15616 16662 E baseline.com.newsblur.network.APIResponse: 	at okhttp3.internal.http.RealInterceptorChain.proceed(RealInterceptorChain.java:117)
08-05 02:45:54.189 15616 16662 E baseline.com.newsblur.network.APIResponse: 	at okhttp3.internal.cache.CacheInterceptor.intercept(CacheInterceptor.java:94)
08-05 02:45:54.189 15616 16662 E baseline.com.newsblur.network.APIResponse: 	at okhttp3.internal.http.RealInterceptorChain.proceed(RealInterceptorChain.java:142)
08-05 02:45:54.189 15616 16662 E baseline.com.newsblur.network.APIResponse: 	at okhttp3.internal.http.RealInterceptorChain.proceed(RealInterceptorChain.java:117)
08-05 02:45:54.189 15616 16662 E baseline.com.newsblur.network.APIResponse: 	at okhttp3.internal.http.BridgeInterceptor.intercept(BridgeInterceptor.java:93)
08-05 02:45:54.189 15616 16662 E baseline.com.newsblur.network.APIResponse: 	at okhttp3.internal.http.RealInterceptorChain.proceed(RealInterceptorChain.java:142)
08-05 02:45:54.189 15616 16662 E baseline.com.newsblur.network.APIResponse: 	at okhttp3.internal.http.RetryAndFollowUpInterceptor.intercept(RetryAndFollowUpInterceptor.java:88)
08-05 02:45:54.189 15616 16662 E baseline.com.newsblur.network.APIResponse: 	at okhttp3.internal.http.RealInterceptorChain.proceed(RealInterceptorChain.java:142)
08-05 02:45:54.189 15616 16662 E baseline.com.newsblur.network.APIResponse: 	at okhttp3.internal.http.RealInterceptorChain.proceed(RealInterceptorChain.java:117)
08-05 02:45:54.189 15616 16662 E baseline.com.newsblur.network.APIResponse: 	at okhttp3.RealCall.getResponseWithInterceptorChain(RealCall.java:229)
08-05 02:45:54.189 15616 16662 E baseline.com.newsblur.network.APIResponse: 	at okhttp3.RealCall.execute(RealCall.java:81)
08-05 02:45:54.189 15616 16662 E baseline.com.newsblur.network.APIResponse: 	at baseline.com.newsblur.network.APIResponse.<init>(APIResponse.java:57)
08-05 02:45:54.189 15616 16662 E baseline.com.newsblur.network.APIResponse: 	at baseline.com.newsblur.network.APIResponse.<init>(APIResponse.java:43)
08-05 02:45:54.189 15616 16662 E baseline.com.newsblur.network.APIResponse: 	at baseline.com.newsblur.network.APIManager.post_single(APIManager.java:702)
08-05 02:45:54.189 15616 16662 E baseline.com.newsblur.network.APIResponse: 	at baseline.com.newsblur.network.APIManager.post(APIManager.java:675)
08-05 02:45:54.189 15616 16662 E baseline.com.newsblur.network.APIResponse: 	at baseline.com.newsblur.network.APIManager.post(APIManager.java:714)
08-05 02:45:54.189 15616 16662 E baseline.com.newsblur.network.APIResponse: 	at baseline.com.newsblur.network.APIManager.markStoryAsRead(APIManager.java:205)
08-05 02:45:54.189 15616 16662 E baseline.com.newsblur.network.APIResponse: 	at baseline.com.newsblur.util.ReadingAction.doRemote(ReadingAction.java:281)
08-05 02:45:54.189 15616 16662 E baseline.com.newsblur.network.APIResponse: 	at baseline.com.newsblur.service.NBSyncService.syncActions(NBSyncService.java:400)
08-05 02:45:54.189 15616 16662 E baseline.com.newsblur.network.APIResponse: 	at baseline.com.newsblur.service.NBSyncService.doSync(NBSyncService.java:298)
08-05 02:45:54.189 15616 16662 E baseline.com.newsblur.network.APIResponse: 	at baseline.com.newsblur.service.NBSyncService.access$100(NBSyncService.java:67)
08-05 02:45:54.189 15616 16662 E baseline.com.newsblur.network.APIResponse: 	at baseline.com.newsblur.service.NBSyncService$1.run(NBSyncService.java:188)
08-05 02:45:54.189 15616 16662 E baseline.com.newsblur.network.APIResponse: 	at java.util.concurrent.ThreadPoolExecutor.runWorker(ThreadPoolExecutor.java:1113)
08-05 02:45:54.189 15616 16662 E baseline.com.newsblur.network.APIResponse: 	at java.util.concurrent.ThreadPoolExecutor$Worker.run(ThreadPoolExecutor.java:588)
08-05 02:45:54.189 15616 16662 E baseline.com.newsblur.network.APIResponse: 	at java.lang.Thread.run(Thread.java:818)
08-05 02:45:54.189 15616 16662 E baseline.com.newsblur.network.APIResponse: Caused by: java.io.EOFException: \n not found: limit=0 content=
08-05 02:45:54.189 15616 16662 E baseline.com.newsblur.network.APIResponse: 	at okio.RealBufferedSource.readUtf8LineStrict(RealBufferedSource.java:240)
08-05 02:45:54.189 15616 16662 E baseline.com.newsblur.network.APIResponse: 	at okhttp3.internal.http1.Http1ExchangeCodec.readHeaderLine(Http1ExchangeCodec.java:242)
08-05 02:45:54.189 15616 16662 E baseline.com.newsblur.network.APIResponse: 	at okhttp3.internal.http1.Http1ExchangeCodec.readResponseHeaders(Http1ExchangeCodec.java:213)
08-05 02:45:54.189 15616 16662 E baseline.com.newsblur.network.APIResponse: 	... 30 more
08-05 02:45:54.191 15616 16662 I baseline.com.newsblur.network.APIManager: API call failed, pausing before retry number 2
08-05 02:45:54.339 15616 16533 I art     : Starting a blocking GC Explicit
08-05 02:45:54.393 15616 16533 I art     : Explicit concurrent mark sweep GC freed 3952(357KB) AllocSpace objects, 3(60KB) LOS objects, 27% free, 42MB/58MB, paused 1.198ms total 53.240ms
08-05 02:45:54.407 15616 16533 I art     : Starting a blocking GC Explicit
08-05 02:45:54.451 15616 16533 I art     : Explicit concurrent mark sweep GC freed 120(4KB) AllocSpace objects, 0(0B) LOS objects, 27% free, 42MB/58MB, paused 1.158ms total 44.030ms
08-05 02:45:54.462 15616 16533 I art     : Starting a blocking GC Explicit
08-05 02:45:54.511 15616 16533 I art     : Explicit concurrent mark sweep GC freed 3(96B) AllocSpace objects, 0(0B) LOS objects, 27% free, 42MB/58MB, paused 1.260ms total 48.370ms
08-05 02:45:54.522 15616 16533 I art     : Starting a blocking GC Explicit
08-05 02:45:54.570 15616 16533 I art     : Explicit concurrent mark sweep GC freed 3(96B) AllocSpace objects, 0(0B) LOS objects, 27% free, 42MB/58MB, paused 1.198ms total 47.393ms
08-05 02:45:54.581 15616 16533 I art     : Starting a blocking GC Explicit
08-05 02:45:54.631 15616 16533 I art     : Explicit concurrent mark sweep GC freed 3(96B) AllocSpace objects, 0(0B) LOS objects, 27% free, 42MB/58MB, paused 1.193ms total 49.022ms
08-05 02:45:54.982 15616 15647 I art     : Starting a blocking GC Explicit
08-05 02:45:55.033 15616 15647 I art     : Explicit concurrent mark sweep GC freed 1441(82KB) AllocSpace objects, 1(20KB) LOS objects, 27% free, 42MB/58MB, paused 1.133ms total 51.499ms
08-05 02:45:55.045 15616 15647 I art     : Starting a blocking GC Explicit
08-05 02:45:55.091 15616 15647 I art     : Explicit concurrent mark sweep GC freed 22(784B) AllocSpace objects, 0(0B) LOS objects, 27% free, 42MB/58MB, paused 1.121ms total 45.354ms
08-05 02:45:55.102 15616 15647 I art     : Starting a blocking GC Explicit
08-05 02:45:55.152 15616 15647 I art     : Explicit concurrent mark sweep GC freed 3(96B) AllocSpace objects, 0(0B) LOS objects, 27% free, 42MB/58MB, paused 1.219ms total 50.710ms
08-05 02:45:55.164 15616 15647 I art     : Starting a blocking GC Explicit
08-05 02:45:55.212 15616 15647 I art     : Explicit concurrent mark sweep GC freed 3(96B) AllocSpace objects, 0(0B) LOS objects, 27% free, 42MB/58MB, paused 1.141ms total 47.425ms
08-05 02:45:55.224 15616 15647 I art     : Starting a blocking GC Explicit
08-05 02:45:55.275 15616 15647 I art     : Explicit concurrent mark sweep GC freed 3(96B) AllocSpace objects, 0(0B) LOS objects, 27% free, 42MB/58MB, paused 1.195ms total 51.550ms
08-05 02:45:55.599 15616 15627 I art     : Starting a blocking GC Explicit
08-05 02:45:55.650 15616 15627 I art     : Explicit concurrent mark sweep GC freed 1441(82KB) AllocSpace objects, 1(20KB) LOS objects, 27% free, 42MB/58MB, paused 1.172ms total 50.353ms
08-05 02:45:55.662 15616 15627 I art     : Starting a blocking GC Explicit
08-05 02:45:55.711 15616 15627 I art     : Explicit concurrent mark sweep GC freed 22(784B) AllocSpace objects, 0(0B) LOS objects, 27% free, 42MB/58MB, paused 1.229ms total 48.867ms
08-05 02:45:55.722 15616 15627 I art     : Starting a blocking GC Explicit
08-05 02:45:55.771 15616 15627 I art     : Explicit concurrent mark sweep GC freed 3(96B) AllocSpace objects, 0(0B) LOS objects, 27% free, 42MB/58MB, paused 1.158ms total 48.224ms
08-05 02:45:55.782 15616 15627 I art     : Starting a blocking GC Explicit
08-05 02:45:55.827 18665 18665 D AndroidRuntime: >>>>>> START com.android.internal.os.RuntimeInit uid 2000 <<<<<<
08-05 02:45:55.831 15616 15627 I art     : Explicit concurrent mark sweep GC freed 3(96B) AllocSpace objects, 0(0B) LOS objects, 27% free, 42MB/58MB, paused 1.261ms total 48.821ms
08-05 02:45:55.832 18665 18665 D AndroidRuntime: CheckJNI is OFF
08-05 02:45:55.843 15616 15627 I art     : Starting a blocking GC Explicit
08-05 02:45:55.866 18665 18665 D ICU     : No timezone override file found: /data/misc/zoneinfo/current/icu/icu_tzdata.dat
08-05 02:45:55.891 15616 15627 I art     : Explicit concurrent mark sweep GC freed 3(96B) AllocSpace objects, 0(0B) LOS objects, 27% free, 42MB/58MB, paused 1.155ms total 47.373ms
08-05 02:45:55.901 18665 18665 I Radio-JNI: register_android_hardware_Radio DONE
08-05 02:45:55.923 18665 18665 D AndroidRuntime: Calling main entry com.android.commands.input.Input
08-05 02:45:55.925 18665 18665 I Input   : injectMotionEvent: MotionEvent { action=ACTION_DOWN, actionButton=0, id[0]=0, x[0]=436.0, y[0]=453.0, toolType[0]=TOOL_TYPE_UNKNOWN, buttonState=0, metaState=0, flags=0x0, edgeFlags=0x0, pointerCount=1, historySize=0, eventTime=758772337, downTime=758772337, deviceId=0, source=0x1002 }
08-05 02:45:55.931 18665 18665 I Input   : injectMotionEvent: MotionEvent { action=ACTION_UP, actionButton=0, id[0]=0, x[0]=436.0, y[0]=453.0, toolType[0]=TOOL_TYPE_UNKNOWN, buttonState=0, metaState=0, flags=0x0, edgeFlags=0x0, pointerCount=1, historySize=0, eventTime=758772337, downTime=758772337, deviceId=0, source=0x1002 }
08-05 02:45:55.933 18665 18665 D AndroidRuntime: Shutting down VM
08-05 02:45:55.948   512  2967 D audio_hw_primary: out_set_parameters: enter: usecase(1: low-latency-playback) kvpairs: routing=2
08-05 02:45:55.952   918  3714 I ActivityManager: START u0 {cmp=baseline.com.newsblur/.activity.AllSharedStoriesReading (has extras)} from uid 10676 on display 0
08-05 02:45:55.961   512  2967 D audio_hw_primary: select_devices: out_snd_device(2: speaker) in_snd_device(0: none)
08-05 02:45:55.961   512  2967 D msm8974_platform: platform_send_audio_calibration: sending audio calibration for snd_device(2) acdb_id(15)
08-05 02:45:55.961   512  2967 I soundtrigger: audio_extn_sound_trigger_update_device_status: device 0x2 of type 0 for Event 1
08-05 02:45:55.971   512  2967 D audio_hw_primary: enable_snd_device: snd_device(2: speaker)
08-05 02:45:55.973   512  2967 D audio_hw_primary: enable_audio_route: apply and update mixer path: low-latency-playback speaker
08-05 02:45:56.183 13866 13866 I GoogleInputMethodServic: GoogleInputMethodService.onFinishInput():3138 
08-05 02:45:56.184   918   936 I ActivityManager: Displayed baseline.com.newsblur/.activity.AllSharedStoriesReading: +219ms
08-05 02:45:56.184 13866 13866 I GoogleInputMethodServic: GoogleInputMethodService.onStartInput():1808 
08-05 02:45:56.196 15616 15856 I art     : Starting a blocking GC Explicit
08-05 02:45:56.258 15616 15856 I art     : Explicit concurrent mark sweep GC freed 5183(404KB) AllocSpace objects, 9(608KB) LOS objects, 27% free, 43MB/59MB, paused 1.781ms total 61.570ms
08-05 02:45:56.271 15616 15856 I art     : Starting a blocking GC Explicit
08-05 02:45:56.322 15616 15856 I art     : Explicit concurrent mark sweep GC freed 1882(124KB) AllocSpace objects, 7(168KB) LOS objects, 27% free, 43MB/59MB, paused 1.145ms total 50.408ms
08-05 02:45:56.334 15616 15856 I art     : Starting a blocking GC Explicit
08-05 02:45:56.381 15616 15856 I art     : Explicit concurrent mark sweep GC freed 452(35KB) AllocSpace objects, 3(76KB) LOS objects, 27% free, 43MB/59MB, paused 1.379ms total 45.903ms
08-05 02:45:56.392 15616 15856 I art     : Starting a blocking GC Explicit
08-05 02:45:56.413 15616 16226 E chromium: [ERROR:tile_manager.cc(793)] WARNING: tile memory limits exceeded, some content may not draw
08-05 02:45:56.414 15616 16226 E chromium: [ERROR:tile_manager.cc(793)] WARNING: tile memory limits exceeded, some content may not draw
08-05 02:45:56.437 15616 15856 I art     : Explicit concurrent mark sweep GC freed 60(18KB) AllocSpace objects, 0(0B) LOS objects, 27% free, 43MB/59MB, paused 1.032ms total 45.257ms
08-05 02:45:56.448 15616 15856 I art     : Starting a blocking GC Explicit
08-05 02:45:56.493 15616 15856 I art     : Explicit concurrent mark sweep GC freed 9(368B) AllocSpace objects, 0(0B) LOS objects, 27% free, 43MB/59MB, paused 1.109ms total 44.536ms
08-05 02:45:56.519   512  2967 D audio_hw_primary: disable_audio_route: reset and update mixer path: low-latency-playback speaker
08-05 02:45:56.519   512  2967 D audio_hw_primary: disable_snd_device: snd_device(2: speaker)
08-05 02:45:56.527   512  2967 I soundtrigger: audio_extn_sound_trigger_update_device_status: device 0x2 of type 0 for Event 0
08-05 02:45:56.821 15616 15647 I art     : Starting a blocking GC Explicit
08-05 02:45:56.874 15616 15647 I art     : Explicit concurrent mark sweep GC freed 1582(100KB) AllocSpace objects, 2(40KB) LOS objects, 27% free, 43MB/59MB, paused 1.129ms total 52.865ms
08-05 02:45:56.885 15616 15647 I art     : Starting a blocking GC Explicit
08-05 02:45:56.937 15616 15647 I art     : Explicit concurrent mark sweep GC freed 29(1072B) AllocSpace objects, 0(0B) LOS objects, 27% free, 43MB/59MB, paused 1.206ms total 51.759ms
08-05 02:45:56.950 15616 15647 I art     : Starting a blocking GC Explicit
08-05 02:45:57.001 15616 15647 I art     : Explicit concurrent mark sweep GC freed 3(96B) AllocSpace objects, 0(0B) LOS objects, 27% free, 43MB/59MB, paused 1.171ms total 50.560ms
08-05 02:45:57.013 15616 15647 I art     : Starting a blocking GC Explicit
08-05 02:45:57.066 15616 15647 I art     : Explicit concurrent mark sweep GC freed 3(96B) AllocSpace objects, 0(0B) LOS objects, 27% free, 43MB/59MB, paused 1.200ms total 53.443ms
08-05 02:45:57.078 15616 15647 I art     : Starting a blocking GC Explicit
08-05 02:45:57.131 15616 15647 I art     : Explicit concurrent mark sweep GC freed 3(96B) AllocSpace objects, 0(0B) LOS objects, 27% free, 43MB/59MB, paused 1.223ms total 52.782ms
08-05 02:45:57.478 15616 15627 I art     : Starting a blocking GC Explicit
08-05 02:45:57.537 15616 15627 I art     : Explicit concurrent mark sweep GC freed 1630(92KB) AllocSpace objects, 1(20KB) LOS objects, 27% free, 43MB/59MB, paused 1.069ms total 58.591ms
08-05 02:45:57.550 15616 15627 I art     : Starting a blocking GC Explicit
08-05 02:45:57.601 15616 15627 I art     : Explicit concurrent mark sweep GC freed 44(1552B) AllocSpace objects, 0(0B) LOS objects, 27% free, 43MB/59MB, paused 1.163ms total 51.284ms
08-05 02:45:57.614 15616 15627 I art     : Starting a blocking GC Explicit
08-05 02:45:57.665 15616 15627 I art     : Explicit concurrent mark sweep GC freed 16(512B) AllocSpace objects, 0(0B) LOS objects, 27% free, 43MB/59MB, paused 1.295ms total 50.469ms
08-05 02:45:57.677 15616 15627 I art     : Starting a blocking GC Explicit
08-05 02:45:57.730 15616 15627 I art     : Explicit concurrent mark sweep GC freed 1086(45KB) AllocSpace objects, 0(0B) LOS objects, 27% free, 43MB/59MB, paused 1.930ms total 52.542ms
08-05 02:45:57.738   518   646 I ThermalEngine: ACTION: GPU - Setting GPU[0] to 450000000
08-05 02:45:57.744 15616 15627 I art     : Starting a blocking GC Explicit
08-05 02:45:57.785 15616 16662 E baseline.com.newsblur.network.APIResponse: Error (unexpected end of stream on https://www.newsblur.com/...) calling https://www.newsblur.com/reader/mark_story_hashes_as_read/
08-05 02:45:57.785 15616 16662 E baseline.com.newsblur.network.APIResponse: java.io.IOException: unexpected end of stream on https://www.newsblur.com/...
08-05 02:45:57.785 15616 16662 E baseline.com.newsblur.network.APIResponse: 	at okhttp3.internal.http1.Http1ExchangeCodec.readResponseHeaders(Http1ExchangeCodec.java:236)
08-05 02:45:57.785 15616 16662 E baseline.com.newsblur.network.APIResponse: 	at okhttp3.internal.connection.Exchange.readResponseHeaders(Exchange.java:115)
08-05 02:45:57.785 15616 16662 E baseline.com.newsblur.network.APIResponse: 	at okhttp3.internal.http.CallServerInterceptor.intercept(CallServerInterceptor.java:94)
08-05 02:45:57.785 15616 16662 E baseline.com.newsblur.network.APIResponse: 	at okhttp3.internal.http.RealInterceptorChain.proceed(RealInterceptorChain.java:142)
08-05 02:45:57.785 15616 16662 E baseline.com.newsblur.network.APIResponse: 	at okhttp3.internal.connection.ConnectInterceptor.intercept(ConnectInterceptor.java:43)
08-05 02:45:57.785 15616 16662 E baseline.com.newsblur.network.APIResponse: 	at okhttp3.internal.http.RealInterceptorChain.proceed(RealInterceptorChain.java:142)
08-05 02:45:57.785 15616 16662 E baseline.com.newsblur.network.APIResponse: 	at okhttp3.internal.http.RealInterceptorChain.proceed(RealInterceptorChain.java:117)
08-05 02:45:57.785 15616 16662 E baseline.com.newsblur.network.APIResponse: 	at okhttp3.internal.cache.CacheInterceptor.intercept(CacheInterceptor.java:94)
08-05 02:45:57.785 15616 16662 E baseline.com.newsblur.network.APIResponse: 	at okhttp3.internal.http.RealInterceptorChain.proceed(RealInterceptorChain.java:142)
08-05 02:45:57.785 15616 16662 E baseline.com.newsblur.network.APIResponse: 	at okhttp3.internal.http.RealInterceptorChain.proceed(RealInterceptorChain.java:117)
08-05 02:45:57.785 15616 16662 E baseline.com.newsblur.network.APIResponse: 	at okhttp3.internal.http.BridgeInterceptor.intercept(BridgeInterceptor.java:93)
08-05 02:45:57.785 15616 16662 E baseline.com.newsblur.network.APIResponse: 	at okhttp3.internal.http.RealInterceptorChain.proceed(RealInterceptorChain.java:142)
08-05 02:45:57.785 15616 16662 E baseline.com.newsblur.network.APIResponse: 	at okhttp3.internal.http.RetryAndFollowUpInterceptor.intercept(RetryAndFollowUpInterceptor.java:88)
08-05 02:45:57.785 15616 16662 E baseline.com.newsblur.network.APIResponse: 	at okhttp3.internal.http.RealInterceptorChain.proceed(RealInterceptorChain.java:142)
08-05 02:45:57.785 15616 16662 E baseline.com.newsblur.network.APIResponse: 	at okhttp3.internal.http.RealInterceptorChain.proceed(RealInterceptorChain.java:117)
08-05 02:45:57.785 15616 16662 E baseline.com.newsblur.network.APIResponse: 	at okhttp3.RealCall.getResponseWithInterceptorChain(RealCall.java:229)
08-05 02:45:57.785 15616 16662 E baseline.com.newsblur.network.APIResponse: 	at okhttp3.RealCall.execute(RealCall.java:81)
08-05 02:45:57.785 15616 16662 E baseline.com.newsblur.network.APIResponse: 	at baseline.com.newsblur.network.APIResponse.<init>(APIResponse.java:57)
08-05 02:45:57.785 15616 16662 E baseline.com.newsblur.network.APIResponse: 	at baseline.com.newsblur.network.APIResponse.<init>(APIResponse.java:43)
08-05 02:45:57.785 15616 16662 E baseline.com.newsblur.network.APIResponse: 	at baseline.com.newsblur.network.APIManager.post_single(APIManager.java:702)
08-05 02:45:57.785 15616 16662 E baseline.com.newsblur.network.APIResponse: 	at baseline.com.newsblur.network.APIManager.post(APIManager.java:675)
08-05 02:45:57.785 15616 16662 E baseline.com.newsblur.network.APIResponse: 	at baseline.com.newsblur.network.APIManager.post(APIManager.java:714)
08-05 02:45:57.785 15616 16662 E baseline.com.newsblur.network.APIResponse: 	at baseline.com.newsblur.network.APIManager.markStoryAsRead(APIManager.java:205)
08-05 02:45:57.785 15616 16662 E baseline.com.newsblur.network.APIResponse: 	at baseline.com.newsblur.util.ReadingAction.doRemote(ReadingAction.java:281)
08-05 02:45:57.785 15616 16662 E baseline.com.newsblur.network.APIResponse: 	at baseline.com.newsblur.service.NBSyncService.syncActions(NBSyncService.java:400)
08-05 02:45:57.785 15616 16662 E baseline.com.newsblur.network.APIResponse: 	at baseline.com.newsblur.service.NBSyncService.doSync(NBSyncService.java:298)
08-05 02:45:57.785 15616 16662 E baseline.com.newsblur.network.APIResponse: 	at baseline.com.newsblur.service.NBSyncService.access$100(NBSyncService.java:67)
08-05 02:45:57.785 15616 16662 E baseline.com.newsblur.network.APIResponse: 	at baseline.com.newsblur.service.NBSyncService$1.run(NBSyncService.java:188)
08-05 02:45:57.785 15616 16662 E baseline.com.newsblur.network.APIResponse: 	at java.util.concurrent.ThreadPoolExecutor.runWorker(ThreadPoolExecutor.java:1113)
08-05 02:45:57.785 15616 16662 E baseline.com.newsblur.network.APIResponse: 	at java.util.concurrent.ThreadPoolExecutor$Worker.run(ThreadPoolExecutor.java:588)
08-05 02:45:57.785 15616 16662 E baseline.com.newsblur.network.APIResponse: 	at java.lang.Thread.run(Thread.java:818)
08-05 02:45:57.785 15616 16662 E baseline.com.newsblur.network.APIResponse: Caused by: java.io.EOFException: \n not found: limit=0 content=
08-05 02:45:57.785 15616 16662 E baseline.com.newsblur.network.APIResponse: 	at okio.RealBufferedSource.readUtf8LineStrict(RealBufferedSource.java:240)
08-05 02:45:57.785 15616 16662 E baseline.com.newsblur.network.APIResponse: 	at okhttp3.internal.http1.Http1ExchangeCodec.readHeaderLine(Http1ExchangeCodec.java:242)
08-05 02:45:57.785 15616 16662 E baseline.com.newsblur.network.APIResponse: 	at okhttp3.internal.http1.Http1ExchangeCodec.readResponseHeaders(Http1ExchangeCodec.java:213)
08-05 02:45:57.785 15616 16662 E baseline.com.newsblur.network.APIResponse: 	... 30 more
08-05 02:45:57.787 15616 16662 I baseline.com.newsblur.service.NBSyncService: Holding reading action with server-side or network error.
08-05 02:45:57.797 15616 16662 W baseline.com.newsblur.service.NBSyncService: hard API failure
08-05 02:45:57.809 15616 15627 I art     : Explicit concurrent mark sweep GC freed 1702(260KB) AllocSpace objects, 4(80KB) LOS objects, 27% free, 43MB/59MB, paused 1.821ms total 64.898ms
08-05 02:45:58.198 15616 16533 I art     : Starting a blocking GC Explicit
08-05 02:45:58.201 15616 16662 E baseline.com.newsblur.network.APIResponse: Error (unexpected end of stream on https://www.newsblur.com/...) calling https://www.newsblur.com/reader/mark_story_hashes_as_read/
08-05 02:45:58.201 15616 16662 E baseline.com.newsblur.network.APIResponse: java.io.IOException: unexpected end of stream on https://www.newsblur.com/...
08-05 02:45:58.201 15616 16662 E baseline.com.newsblur.network.APIResponse: 	at okhttp3.internal.http1.Http1ExchangeCodec.readResponseHeaders(Http1ExchangeCodec.java:236)
08-05 02:45:58.201 15616 16662 E baseline.com.newsblur.network.APIResponse: 	at okhttp3.internal.connection.Exchange.readResponseHeaders(Exchange.java:115)
08-05 02:45:58.201 15616 16662 E baseline.com.newsblur.network.APIResponse: 	at okhttp3.internal.http.CallServerInterceptor.intercept(CallServerInterceptor.java:94)
08-05 02:45:58.201 15616 16662 E baseline.com.newsblur.network.APIResponse: 	at okhttp3.internal.http.RealInterceptorChain.proceed(RealInterceptorChain.java:142)
08-05 02:45:58.201 15616 16662 E baseline.com.newsblur.network.APIResponse: 	at okhttp3.internal.connection.ConnectInterceptor.intercept(ConnectInterceptor.java:43)
08-05 02:45:58.201 15616 16662 E baseline.com.newsblur.network.APIResponse: 	at okhttp3.internal.http.RealInterceptorChain.proceed(RealInterceptorChain.java:142)
08-05 02:45:58.201 15616 16662 E baseline.com.newsblur.network.APIResponse: 	at okhttp3.internal.http.RealInterceptorChain.proceed(RealInterceptorChain.java:117)
08-05 02:45:58.201 15616 16662 E baseline.com.newsblur.network.APIResponse: 	at okhttp3.internal.cache.CacheInterceptor.intercept(CacheInterceptor.java:94)
08-05 02:45:58.201 15616 16662 E baseline.com.newsblur.network.APIResponse: 	at okhttp3.internal.http.RealInterceptorChain.proceed(RealInterceptorChain.java:142)
08-05 02:45:58.201 15616 16662 E baseline.com.newsblur.network.APIResponse: 	at okhttp3.internal.http.RealInterceptorChain.proceed(RealInterceptorChain.java:117)
08-05 02:45:58.201 15616 16662 E baseline.com.newsblur.network.APIResponse: 	at okhttp3.internal.http.BridgeInterceptor.intercept(BridgeInterceptor.java:93)
08-05 02:45:58.201 15616 16662 E baseline.com.newsblur.network.APIResponse: 	at okhttp3.internal.http.RealInterceptorChain.proceed(RealInterceptorChain.java:142)
08-05 02:45:58.201 15616 16662 E baseline.com.newsblur.network.APIResponse: 	at okhttp3.internal.http.RetryAndFollowUpInterceptor.intercept(RetryAndFollowUpInterceptor.java:88)
08-05 02:45:58.201 15616 16662 E baseline.com.newsblur.network.APIResponse: 	at okhttp3.internal.http.RealInterceptorChain.proceed(RealInterceptorChain.java:142)
08-05 02:45:58.201 15616 16662 E baseline.com.newsblur.network.APIResponse: 	at okhttp3.internal.http.RealInterceptorChain.proceed(RealInterceptorChain.java:117)
08-05 02:45:58.201 15616 16662 E baseline.com.newsblur.network.APIResponse: 	at okhttp3.RealCall.getResponseWithInterceptorChain(RealCall.java:229)
08-05 02:45:58.201 15616 16662 E baseline.com.newsblur.network.APIResponse: 	at okhttp3.RealCall.execute(RealCall.java:81)
08-05 02:45:58.201 15616 16662 E baseline.com.newsblur.network.APIResponse: 	at baseline.com.newsblur.network.APIResponse.<init>(APIResponse.java:57)
08-05 02:45:58.201 15616 16662 E baseline.com.newsblur.network.APIResponse: 	at baseline.com.newsblur.network.APIResponse.<init>(APIResponse.java:43)
08-05 02:45:58.201 15616 16662 E baseline.com.newsblur.network.APIResponse: 	at baseline.com.newsblur.network.APIManager.post_single(APIManager.java:702)
08-05 02:45:58.201 15616 16662 E baseline.com.newsblur.network.APIResponse: 	at baseline.com.newsblur.network.APIManager.post(APIManager.java:675)
08-05 02:45:58.201 15616 16662 E baseline.com.newsblur.network.APIResponse: 	at baseline.com.newsblur.network.APIManager.post(APIManager.java:714)
08-05 02:45:58.201 15616 16662 E baseline.com.newsblur.network.APIResponse: 	at baseline.com.newsblur.network.APIManager.markStoryAsRead(APIManager.java:205)
08-05 02:45:58.201 15616 16662 E baseline.com.newsblur.network.APIResponse: 	at baseline.com.newsblur.util.ReadingAction.doRemote(ReadingAction.java:281)
08-05 02:45:58.201 15616 16662 E baseline.com.newsblur.network.APIResponse: 	at baseline.com.newsblur.service.NBSyncService.syncActions(NBSyncService.java:400)
08-05 02:45:58.201 15616 16662 E baseline.com.newsblur.network.APIResponse: 	at baseline.com.newsblur.service.NBSyncService.doSync(NBSyncService.java:298)
08-05 02:45:58.201 15616 16662 E baseline.com.newsblur.network.APIResponse: 	at baseline.com.newsblur.service.NBSyncService.access$100(NBSyncService.java:67)
08-05 02:45:58.201 15616 16662 E baseline.com.newsblur.network.APIResponse: 	at baseline.com.newsblur.service.NBSyncService$1.run(NBSyncService.java:188)
08-05 02:45:58.201 15616 16662 E baseline.com.newsblur.network.APIResponse: 	at java.util.concurrent.ThreadPoolExecutor.runWorker(ThreadPoolExecutor.java:1113)
08-05 02:45:58.201 15616 16662 E baseline.com.newsblur.network.APIResponse: 	at java.util.concurrent.ThreadPoolExecutor$Worker.run(ThreadPoolExecutor.java:588)
08-05 02:45:58.201 15616 16662 E baseline.com.newsblur.network.APIResponse: 	at java.lang.Thread.run(Thread.java:818)
08-05 02:45:58.201 15616 16662 E baseline.com.newsblur.network.APIResponse: Caused by: java.io.EOFException: \n not found: limit=0 content=
08-05 02:45:58.201 15616 16662 E baseline.com.newsblur.network.APIResponse: 	at okio.RealBufferedSource.readUtf8LineStrict(RealBufferedSource.java:240)
08-05 02:45:58.201 15616 16662 E baseline.com.newsblur.network.APIResponse: 	at okhttp3.internal.http1.Http1ExchangeCodec.readHeaderLine(Http1ExchangeCodec.java:242)
08-05 02:45:58.201 15616 16662 E baseline.com.newsblur.network.APIResponse: 	at okhttp3.internal.http1.Http1ExchangeCodec.readResponseHeaders(Http1ExchangeCodec.java:213)
08-05 02:45:58.201 15616 16662 E baseline.com.newsblur.network.APIResponse: 	... 30 more
08-05 02:45:58.202 15616 16662 I baseline.com.newsblur.network.APIManager: API call failed, pausing before retry number 1
08-05 02:45:58.273 15616 16533 I art     : Explicit concurrent mark sweep GC freed 3893(346KB) AllocSpace objects, 3(60KB) LOS objects, 27% free, 43MB/59MB, paused 1.607ms total 75.021ms
08-05 02:45:58.294 15616 16533 I art     : Starting a blocking GC Explicit
08-05 02:45:58.364 15616 16533 I art     : Explicit concurrent mark sweep GC freed 431(39KB) AllocSpace objects, 0(0B) LOS objects, 27% free, 43MB/59MB, paused 1.581ms total 69.575ms
08-05 02:45:58.380 15616 16533 I art     : Starting a blocking GC Explicit
08-05 02:45:58.449 15616 16533 I art     : Explicit concurrent mark sweep GC freed 7(288B) AllocSpace objects, 0(0B) LOS objects, 27% free, 43MB/59MB, paused 1.719ms total 69.058ms
08-05 02:45:58.465 15616 16533 I art     : Starting a blocking GC Explicit
08-05 02:45:58.493   918  3261 D WifiStateMachine: starting scan for "H369AA63323"WPA_PSK with 2412,5180
08-05 02:45:58.531 15616 16533 I art     : Explicit concurrent mark sweep GC freed 3(96B) AllocSpace objects, 0(0B) LOS objects, 27% free, 43MB/59MB, paused 1.469ms total 66.507ms
08-05 02:45:58.547 15616 16533 I art     : Starting a blocking GC Explicit
08-05 02:45:58.618 15616 16533 I art     : Explicit concurrent mark sweep GC freed 3(96B) AllocSpace objects, 0(0B) LOS objects, 27% free, 43MB/59MB, paused 1.717ms total 70.057ms
08-05 02:45:59.039 15616 15647 I art     : Starting a blocking GC Explicit
08-05 02:45:59.114 15616 15647 I art     : Explicit concurrent mark sweep GC freed 1443(83KB) AllocSpace objects, 1(20KB) LOS objects, 27% free, 43MB/59MB, paused 1.633ms total 74.548ms
08-05 02:45:59.132 15616 15647 I art     : Starting a blocking GC Explicit
08-05 02:45:59.202 15616 15647 I art     : Explicit concurrent mark sweep GC freed 22(784B) AllocSpace objects, 0(0B) LOS objects, 27% free, 43MB/59MB, paused 1.649ms total 69.930ms
08-05 02:45:59.218 15616 15647 I art     : Starting a blocking GC Explicit
08-05 02:45:59.290 15616 15647 I art     : Explicit concurrent mark sweep GC freed 3(96B) AllocSpace objects, 0(0B) LOS objects, 27% free, 43MB/59MB, paused 1.765ms total 71.413ms
08-05 02:45:59.307 15616 15647 I art     : Starting a blocking GC Explicit
08-05 02:45:59.379 15616 15647 I art     : Explicit concurrent mark sweep GC freed 3(96B) AllocSpace objects, 0(0B) LOS objects, 27% free, 43MB/59MB, paused 1.685ms total 71.621ms
08-05 02:45:59.394 15616 15647 I art     : Starting a blocking GC Explicit
08-05 02:45:59.465 15616 15647 I art     : Explicit concurrent mark sweep GC freed 3(96B) AllocSpace objects, 0(0B) LOS objects, 27% free, 43MB/59MB, paused 1.607ms total 70.557ms
08-05 02:45:59.879 15616 15629 I art     : Starting a blocking GC Explicit
08-05 02:45:59.952 15616 15629 I art     : Explicit concurrent mark sweep GC freed 1607(91KB) AllocSpace objects, 1(20KB) LOS objects, 27% free, 43MB/59MB, paused 1.810ms total 72.141ms
08-05 02:45:59.967 15616 15629 I art     : Starting a blocking GC Explicit
08-05 02:46:00.031 15616 15629 I art     : Explicit concurrent mark sweep GC freed 28(1040B) AllocSpace objects, 0(0B) LOS objects, 27% free, 43MB/59MB, paused 1.489ms total 63.974ms
08-05 02:46:00.046 15616 15629 I art     : Starting a blocking GC Explicit
08-05 02:46:00.109 15616 15629 I art     : Explicit concurrent mark sweep GC freed 3(96B) AllocSpace objects, 0(0B) LOS objects, 27% free, 43MB/59MB, paused 1.663ms total 62.408ms
08-05 02:46:00.109 15616 15626 I art     : WaitForGcToComplete blocked for 62.760ms for cause HeapTrim
08-05 02:46:00.124 15616 15629 I art     : Starting a blocking GC Explicit
08-05 02:46:00.190 15616 15629 I art     : Explicit concurrent mark sweep GC freed 1498(59KB) AllocSpace objects, 0(0B) LOS objects, 27% free, 43MB/59MB, paused 1.705ms total 66.414ms
08-05 02:46:00.206 15616 15629 I art     : Starting a blocking GC Explicit
08-05 02:46:00.237 15616 16662 E baseline.com.newsblur.network.APIResponse: Error (unexpected end of stream on https://www.newsblur.com/...) calling https://www.newsblur.com/reader/mark_story_hashes_as_read/
08-05 02:46:00.237 15616 16662 E baseline.com.newsblur.network.APIResponse: java.io.IOException: unexpected end of stream on https://www.newsblur.com/...
08-05 02:46:00.237 15616 16662 E baseline.com.newsblur.network.APIResponse: 	at okhttp3.internal.http1.Http1ExchangeCodec.readResponseHeaders(Http1ExchangeCodec.java:236)
08-05 02:46:00.237 15616 16662 E baseline.com.newsblur.network.APIResponse: 	at okhttp3.internal.connection.Exchange.readResponseHeaders(Exchange.java:115)
08-05 02:46:00.237 15616 16662 E baseline.com.newsblur.network.APIResponse: 	at okhttp3.internal.http.CallServerInterceptor.intercept(CallServerInterceptor.java:94)
08-05 02:46:00.237 15616 16662 E baseline.com.newsblur.network.APIResponse: 	at okhttp3.internal.http.RealInterceptorChain.proceed(RealInterceptorChain.java:142)
08-05 02:46:00.237 15616 16662 E baseline.com.newsblur.network.APIResponse: 	at okhttp3.internal.connection.ConnectInterceptor.intercept(ConnectInterceptor.java:43)
08-05 02:46:00.237 15616 16662 E baseline.com.newsblur.network.APIResponse: 	at okhttp3.internal.http.RealInterceptorChain.proceed(RealInterceptorChain.java:142)
08-05 02:46:00.237 15616 16662 E baseline.com.newsblur.network.APIResponse: 	at okhttp3.internal.http.RealInterceptorChain.proceed(RealInterceptorChain.java:117)
08-05 02:46:00.237 15616 16662 E baseline.com.newsblur.network.APIResponse: 	at okhttp3.internal.cache.CacheInterceptor.intercept(CacheInterceptor.java:94)
08-05 02:46:00.237 15616 16662 E baseline.com.newsblur.network.APIResponse: 	at okhttp3.internal.http.RealInterceptorChain.proceed(RealInterceptorChain.java:142)
08-05 02:46:00.237 15616 16662 E baseline.com.newsblur.network.APIResponse: 	at okhttp3.internal.http.RealInterceptorChain.proceed(RealInterceptorChain.java:117)
08-05 02:46:00.237 15616 16662 E baseline.com.newsblur.network.APIResponse: 	at okhttp3.internal.http.BridgeInterceptor.intercept(BridgeInterceptor.java:93)
08-05 02:46:00.237 15616 16662 E baseline.com.newsblur.network.APIResponse: 	at okhttp3.internal.http.RealInterceptorChain.proceed(RealInterceptorChain.java:142)
08-05 02:46:00.237 15616 16662 E baseline.com.newsblur.network.APIResponse: 	at okhttp3.internal.http.RetryAndFollowUpInterceptor.intercept(RetryAndFollowUpInterceptor.java:88)
08-05 02:46:00.237 15616 16662 E baseline.com.newsblur.network.APIResponse: 	at okhttp3.internal.http.RealInterceptorChain.proceed(RealInterceptorChain.java:142)
08-05 02:46:00.237 15616 16662 E baseline.com.newsblur.network.APIResponse: 	at okhttp3.internal.http.RealInterceptorChain.proceed(RealInterceptorChain.java:117)
08-05 02:46:00.237 15616 16662 E baseline.com.newsblur.network.APIResponse: 	at okhttp3.RealCall.getResponseWithInterceptorChain(RealCall.java:229)
08-05 02:46:00.237 15616 16662 E baseline.com.newsblur.network.APIResponse: 	at okhttp3.RealCall.execute(RealCall.java:81)
08-05 02:46:00.237 15616 16662 E baseline.com.newsblur.network.APIResponse: 	at baseline.com.newsblur.network.APIResponse.<init>(APIResponse.java:57)
08-05 02:46:00.237 15616 16662 E baseline.com.newsblur.network.APIResponse: 	at baseline.com.newsblur.network.APIResponse.<init>(APIResponse.java:43)
08-05 02:46:00.237 15616 16662 E baseline.com.newsblur.network.APIResponse: 	at baseline.com.newsblur.network.APIManager.post_single(APIManager.java:702)
08-05 02:46:00.237 15616 16662 E baseline.com.newsblur.network.APIResponse: 	at baseline.com.newsblur.network.APIManager.post(APIManager.java:675)
08-05 02:46:00.237 15616 16662 E baseline.com.newsblur.network.APIResponse: 	at baseline.com.newsblur.network.APIManager.post(APIManager.java:714)
08-05 02:46:00.237 15616 16662 E baseline.com.newsblur.network.APIResponse: 	at baseline.com.newsblur.network.APIManager.markStoryAsRead(APIManager.java:205)
08-05 02:46:00.237 15616 16662 E baseline.com.newsblur.network.APIResponse: 	at baseline.com.newsblur.util.ReadingAction.doRemote(ReadingAction.java:281)
08-05 02:46:00.237 15616 16662 E baseline.com.newsblur.network.APIResponse: 	at baseline.com.newsblur.service.NBSyncService.syncActions(NBSyncService.java:400)
08-05 02:46:00.237 15616 16662 E baseline.com.newsblur.network.APIResponse: 	at baseline.com.newsblur.service.NBSyncService.doSync(NBSyncService.java:298)
08-05 02:46:00.237 15616 16662 E baseline.com.newsblur.network.APIResponse: 	at baseline.com.newsblur.service.NBSyncService.access$100(NBSyncService.java:67)
08-05 02:46:00.237 15616 16662 E baseline.com.newsblur.network.APIResponse: 	at baseline.com.newsblur.service.NBSyncService$1.run(NBSyncService.java:188)
08-05 02:46:00.237 15616 16662 E baseline.com.newsblur.network.APIResponse: 	at java.util.concurrent.ThreadPoolExecutor.runWorker(ThreadPoolExecutor.java:1113)
08-05 02:46:00.237 15616 16662 E baseline.com.newsblur.network.APIResponse: 	at java.util.concurrent.ThreadPoolExecutor$Worker.run(ThreadPoolExecutor.java:588)
08-05 02:46:00.237 15616 16662 E baseline.com.newsblur.network.APIResponse: 	at java.lang.Thread.run(Thread.java:818)
08-05 02:46:00.237 15616 16662 E baseline.com.newsblur.network.APIResponse: Caused by: java.io.EOFException: \n not found: limit=0 content=
08-05 02:46:00.237 15616 16662 E baseline.com.newsblur.network.APIResponse: 	at okio.RealBufferedSource.readUtf8LineStrict(RealBufferedSource.java:240)
08-05 02:46:00.237 15616 16662 E baseline.com.newsblur.network.APIResponse: 	at okhttp3.internal.http1.Http1ExchangeCodec.readHeaderLine(Http1ExchangeCodec.java:242)
08-05 02:46:00.237 15616 16662 E baseline.com.newsblur.network.APIResponse: 	at okhttp3.internal.http1.Http1ExchangeCodec.readResponseHeaders(Http1ExchangeCodec.java:213)
08-05 02:46:00.237 15616 16662 E baseline.com.newsblur.network.APIResponse: 	... 30 more
08-05 02:46:00.239 15616 16662 I baseline.com.newsblur.network.APIManager: API call failed, pausing before retry number 2
08-05 02:46:00.267 15616 15629 I art     : Explicit concurrent mark sweep GC freed 977(201KB) AllocSpace objects, 2(40KB) LOS objects, 27% free, 43MB/59MB, paused 1.511ms total 60.947ms
08-05 02:46:00.678 15616 15856 I art     : Starting a blocking GC Explicit
08-05 02:46:00.721 18751 18751 D AndroidRuntime: >>>>>> START com.android.internal.os.RuntimeInit uid 2000 <<<<<<
08-05 02:46:00.727 18751 18751 D AndroidRuntime: CheckJNI is OFF
08-05 02:46:00.748 15616 15856 I art     : Explicit concurrent mark sweep GC freed 1561(99KB) AllocSpace objects, 1(20KB) LOS objects, 27% free, 43MB/59MB, paused 1.670ms total 69.275ms
08-05 02:46:00.763 15616 15856 I art     : Starting a blocking GC Explicit
08-05 02:46:00.777 18751 18751 D ICU     : No timezone override file found: /data/misc/zoneinfo/current/icu/icu_tzdata.dat
08-05 02:46:00.824 18751 18751 I Radio-JNI: register_android_hardware_Radio DONE
08-05 02:46:00.828 15616 15856 I art     : Explicit concurrent mark sweep GC freed 565(31KB) AllocSpace objects, 0(0B) LOS objects, 27% free, 43MB/59MB, paused 2.073ms total 65.465ms
08-05 02:46:00.843 15616 15856 I art     : Starting a blocking GC Explicit
08-05 02:46:00.855 18751 18751 D AndroidRuntime: Calling main entry com.android.commands.input.Input
08-05 02:46:00.857 18751 18751 I Input   : injectKeyEvent: KeyEvent { action=ACTION_DOWN, keyCode=KEYCODE_BACK, scanCode=0, metaState=0, flags=0x0, repeatCount=0, eventTime=758777270, downTime=758777270, deviceId=-1, source=0x101 }
08-05 02:46:00.864 18751 18751 I Input   : injectKeyEvent: KeyEvent { action=ACTION_UP, keyCode=KEYCODE_BACK, scanCode=0, metaState=0, flags=0x0, repeatCount=0, eventTime=758777270, downTime=758777270, deviceId=-1, source=0x101 }
08-05 02:46:00.872 18751 18751 D AndroidRuntime: Shutting down VM
08-05 02:46:00.882 15616 15616 D baseline.com.newsblur.service.NBSyncService: rejecting request for feedset that is exhaused
08-05 02:46:00.905 15616 15856 I art     : Explicit concurrent mark sweep GC freed 752(60KB) AllocSpace objects, 2(40KB) LOS objects, 27% free, 43MB/59MB, paused 1.476ms total 61.290ms
08-05 02:46:00.920 15616 15856 I art     : Starting a blocking GC Explicit
08-05 02:46:00.980 15616 15856 I art     : Explicit concurrent mark sweep GC freed 754(56KB) AllocSpace objects, 0(0B) LOS objects, 27% free, 43MB/59MB, paused 1.680ms total 60.177ms
08-05 02:46:00.996 15616 15856 I art     : Starting a blocking GC Explicit
08-05 02:46:01.059 15616 15856 I art     : Explicit concurrent mark sweep GC freed 582(44KB) AllocSpace objects, 1(20KB) LOS objects, 27% free, 43MB/59MB, paused 1.560ms total 62.753ms
08-05 02:46:01.109 15616 15616 D baseline.com.newsblur.service.NBSyncService: rejecting request for feedset that is exhaused
08-05 02:46:01.115 13866 13866 I GoogleInputMethodServic: GoogleInputMethodService.onFinishInput():3138 
08-05 02:46:01.117 13866 13866 I GoogleInputMethodServic: GoogleInputMethodService.onStartInput():1808 
08-05 02:46:01.438 15616 15629 I art     : Starting a blocking GC Explicit
08-05 02:46:01.498 15616 15629 I art     : Explicit concurrent mark sweep GC freed 4989(326KB) AllocSpace objects, 3(68KB) LOS objects, 27% free, 43MB/59MB, paused 1.491ms total 60.266ms
08-05 02:46:01.513 15616 15629 I art     : Starting a blocking GC Explicit
08-05 02:46:01.574 15616 15629 I art     : Explicit concurrent mark sweep GC freed 646(42KB) AllocSpace objects, 0(0B) LOS objects, 27% free, 43MB/59MB, paused 1.672ms total 60.568ms
08-05 02:46:01.590 15616 15629 I art     : Starting a blocking GC Explicit
08-05 02:46:01.652 15616 15629 I art     : Explicit concurrent mark sweep GC freed 11(352B) AllocSpace objects, 0(0B) LOS objects, 27% free, 43MB/59MB, paused 1.374ms total 61.888ms
08-05 02:46:01.667 15616 15629 I art     : Starting a blocking GC Explicit
08-05 02:46:01.726 15616 15629 I art     : Explicit concurrent mark sweep GC freed 13(416B) AllocSpace objects, 0(0B) LOS objects, 27% free, 43MB/59MB, paused 1.483ms total 58.664ms
08-05 02:46:01.741 15616 15629 I art     : Starting a blocking GC Explicit
08-05 02:46:01.806 15616 15629 I art     : Explicit concurrent mark sweep GC freed 13(416B) AllocSpace objects, 0(0B) LOS objects, 27% free, 43MB/59MB, paused 1.431ms total 63.940ms
08-05 02:46:02.204 15616 15647 I art     : Starting a blocking GC Explicit
08-05 02:46:02.279 15616 15647 I art     : Explicit concurrent mark sweep GC freed 1497(84KB) AllocSpace objects, 1(20KB) LOS objects, 27% free, 43MB/59MB, paused 2.172ms total 74.451ms
08-05 02:46:02.296 15616 15647 I art     : Starting a blocking GC Explicit
08-05 02:46:02.362 15616 15647 I art     : Explicit concurrent mark sweep GC freed 32(1104B) AllocSpace objects, 0(0B) LOS objects, 27% free, 43MB/59MB, paused 1.872ms total 66.069ms
08-05 02:46:02.378 15616 15647 I art     : Starting a blocking GC Explicit
08-05 02:46:02.444 15616 15647 I art     : Explicit concurrent mark sweep GC freed 13(416B) AllocSpace objects, 0(0B) LOS objects, 27% free, 43MB/59MB, paused 1.878ms total 65.543ms
08-05 02:46:02.460 15616 15647 I art     : Starting a blocking GC Explicit
08-05 02:46:02.526 15616 15647 I art     : Explicit concurrent mark sweep GC freed 9(288B) AllocSpace objects, 0(0B) LOS objects, 27% free, 43MB/59MB, paused 1.435ms total 65.811ms
08-05 02:46:02.542 15616 15647 I art     : Starting a blocking GC Explicit
08-05 02:46:02.609 15616 15647 I art     : Explicit concurrent mark sweep GC freed 4(128B) AllocSpace objects, 0(0B) LOS objects, 27% free, 43MB/59MB, paused 1.613ms total 66.407ms
08-05 02:46:02.689 18794 18794 D AndroidRuntime: >>>>>> START com.android.internal.os.RuntimeInit uid 2000 <<<<<<
08-05 02:46:02.695 18794 18794 D AndroidRuntime: CheckJNI is OFF
08-05 02:46:02.741 18794 18794 D ICU     : No timezone override file found: /data/misc/zoneinfo/current/icu/icu_tzdata.dat
08-05 02:46:02.784 18794 18794 I Radio-JNI: register_android_hardware_Radio DONE
08-05 02:46:02.812 18794 18794 D AndroidRuntime: Calling main entry com.android.commands.input.Input
08-05 02:46:02.813 18794 18794 I Input   : injectKeyEvent: KeyEvent { action=ACTION_DOWN, keyCode=KEYCODE_BACK, scanCode=0, metaState=0, flags=0x0, repeatCount=0, eventTime=758779226, downTime=758779226, deviceId=-1, source=0x101 }
08-05 02:46:02.821 18794 18794 I Input   : injectKeyEvent: KeyEvent { action=ACTION_UP, keyCode=KEYCODE_BACK, scanCode=0, metaState=0, flags=0x0, repeatCount=0, eventTime=758779226, downTime=758779226, deviceId=-1, source=0x101 }
08-05 02:46:02.827 18794 18794 D AndroidRuntime: Shutting down VM
08-05 02:46:03.002 15616 15629 I art     : Starting a blocking GC Explicit
08-05 02:46:03.065 15616 15629 I art     : Explicit concurrent mark sweep GC freed 10488(669KB) AllocSpace objects, 11(220KB) LOS objects, 27% free, 43MB/59MB, paused 1.730ms total 62.632ms
08-05 02:46:03.070 13866 13866 I GoogleInputMethodServic: GoogleInputMethodService.onFinishInput():3138 
08-05 02:46:03.071 13866 13866 I GoogleInputMethodServic: GoogleInputMethodService.onStartInput():1808 
08-05 02:46:03.081 15616 15629 I art     : Starting a blocking GC Explicit
08-05 02:46:03.144 15616 15629 I art     : Explicit concurrent mark sweep GC freed 3622(240KB) AllocSpace objects, 2(40KB) LOS objects, 27% free, 43MB/59MB, paused 1.644ms total 63.263ms
08-05 02:46:03.160 15616 15629 I art     : Starting a blocking GC Explicit
08-05 02:46:03.216 15616 15629 I art     : Explicit concurrent mark sweep GC freed 171(6KB) AllocSpace objects, 0(0B) LOS objects, 27% free, 42MB/58MB, paused 1.441ms total 56.232ms
08-05 02:46:03.231 15616 15629 I art     : Starting a blocking GC Explicit
08-05 02:46:03.294 15616 15629 I art     : Explicit concurrent mark sweep GC freed 94(3KB) AllocSpace objects, 0(0B) LOS objects, 27% free, 43MB/59MB, paused 1.731ms total 62.521ms
08-05 02:46:03.310 15616 15629 I art     : Starting a blocking GC Explicit
08-05 02:46:03.376 15616 15629 I art     : Explicit concurrent mark sweep GC freed 74(4KB) AllocSpace objects, 0(0B) LOS objects, 27% free, 43MB/59MB, paused 1.924ms total 66.277ms
08-05 02:46:03.760 15616 15856 I art     : Starting a blocking GC Explicit
08-05 02:46:03.814 15616 16662 E baseline.com.newsblur.network.APIResponse: Error (unexpected end of stream on https://www.newsblur.com/...) calling https://www.newsblur.com/reader/mark_story_hashes_as_read/
08-05 02:46:03.814 15616 16662 E baseline.com.newsblur.network.APIResponse: java.io.IOException: unexpected end of stream on https://www.newsblur.com/...
08-05 02:46:03.814 15616 16662 E baseline.com.newsblur.network.APIResponse: 	at okhttp3.internal.http1.Http1ExchangeCodec.readResponseHeaders(Http1ExchangeCodec.java:236)
08-05 02:46:03.814 15616 16662 E baseline.com.newsblur.network.APIResponse: 	at okhttp3.internal.connection.Exchange.readResponseHeaders(Exchange.java:115)
08-05 02:46:03.814 15616 16662 E baseline.com.newsblur.network.APIResponse: 	at okhttp3.internal.http.CallServerInterceptor.intercept(CallServerInterceptor.java:94)
08-05 02:46:03.814 15616 16662 E baseline.com.newsblur.network.APIResponse: 	at okhttp3.internal.http.RealInterceptorChain.proceed(RealInterceptorChain.java:142)
08-05 02:46:03.814 15616 16662 E baseline.com.newsblur.network.APIResponse: 	at okhttp3.internal.connection.ConnectInterceptor.intercept(ConnectInterceptor.java:43)
08-05 02:46:03.814 15616 16662 E baseline.com.newsblur.network.APIResponse: 	at okhttp3.internal.http.RealInterceptorChain.proceed(RealInterceptorChain.java:142)
08-05 02:46:03.814 15616 16662 E baseline.com.newsblur.network.APIResponse: 	at okhttp3.internal.http.RealInterceptorChain.proceed(RealInterceptorChain.java:117)
08-05 02:46:03.814 15616 16662 E baseline.com.newsblur.network.APIResponse: 	at okhttp3.internal.cache.CacheInterceptor.intercept(CacheInterceptor.java:94)
08-05 02:46:03.814 15616 16662 E baseline.com.newsblur.network.APIResponse: 	at okhttp3.internal.http.RealInterceptorChain.proceed(RealInterceptorChain.java:142)
08-05 02:46:03.814 15616 16662 E baseline.com.newsblur.network.APIResponse: 	at okhttp3.internal.http.RealInterceptorChain.proceed(RealInterceptorChain.java:117)
08-05 02:46:03.814 15616 16662 E baseline.com.newsblur.network.APIResponse: 	at okhttp3.internal.http.BridgeInterceptor.intercept(BridgeInterceptor.java:93)
08-05 02:46:03.814 15616 16662 E baseline.com.newsblur.network.APIResponse: 	at okhttp3.internal.http.RealInterceptorChain.proceed(RealInterceptorChain.java:142)
08-05 02:46:03.814 15616 16662 E baseline.com.newsblur.network.APIResponse: 	at okhttp3.internal.http.RetryAndFollowUpInterceptor.intercept(RetryAndFollowUpInterceptor.java:88)
08-05 02:46:03.814 15616 16662 E baseline.com.newsblur.network.APIResponse: 	at okhttp3.internal.http.RealInterceptorChain.proceed(RealInterceptorChain.java:142)
08-05 02:46:03.814 15616 16662 E baseline.com.newsblur.network.APIResponse: 	at okhttp3.internal.http.RealInterceptorChain.proceed(RealInterceptorChain.java:117)
08-05 02:46:03.814 15616 16662 E baseline.com.newsblur.network.APIResponse: 	at okhttp3.RealCall.getResponseWithInterceptorChain(RealCall.java:229)
08-05 02:46:03.814 15616 16662 E baseline.com.newsblur.network.APIResponse: 	at okhttp3.RealCall.execute(RealCall.java:81)
08-05 02:46:03.814 15616 16662 E baseline.com.newsblur.network.APIResponse: 	at baseline.com.newsblur.network.APIResponse.<init>(APIResponse.java:57)
08-05 02:46:03.814 15616 16662 E baseline.com.newsblur.network.APIResponse: 	at baseline.com.newsblur.network.APIResponse.<init>(APIResponse.java:43)
08-05 02:46:03.814 15616 16662 E baseline.com.newsblur.network.APIResponse: 	at baseline.com.newsblur.network.APIManager.post_single(APIManager.java:702)
08-05 02:46:03.814 15616 16662 E baseline.com.newsblur.network.APIResponse: 	at baseline.com.newsblur.network.APIManager.post(APIManager.java:675)
08-05 02:46:03.814 15616 16662 E baseline.com.newsblur.network.APIResponse: 	at baseline.com.newsblur.network.APIManager.post(APIManager.java:714)
08-05 02:46:03.814 15616 16662 E baseline.com.newsblur.network.APIResponse: 	at baseline.com.newsblur.network.APIManager.markStoryAsRead(APIManager.java:205)
08-05 02:46:03.814 15616 16662 E baseline.com.newsblur.network.APIResponse: 	at baseline.com.newsblur.util.ReadingAction.doRemote(ReadingAction.java:281)
08-05 02:46:03.814 15616 16662 E baseline.com.newsblur.network.APIResponse: 	at baseline.com.newsblur.service.NBSyncService.syncActions(NBSyncService.java:400)
08-05 02:46:03.814 15616 16662 E baseline.com.newsblur.network.APIResponse: 	at baseline.com.newsblur.service.NBSyncService.doSync(NBSyncService.java:298)
08-05 02:46:03.814 15616 16662 E baseline.com.newsblur.network.APIResponse: 	at baseline.com.newsblur.service.NBSyncService.access$100(NBSyncService.java:67)
08-05 02:46:03.814 15616 16662 E baseline.com.newsblur.network.APIResponse: 	at baseline.com.newsblur.service.NBSyncService$1.run(NBSyncService.java:188)
08-05 02:46:03.814 15616 16662 E baseline.com.newsblur.network.APIResponse: 	at java.util.concurrent.ThreadPoolExecutor.runWorker(ThreadPoolExecutor.java:1113)
08-05 02:46:03.814 15616 16662 E baseline.com.newsblur.network.APIResponse: 	at java.util.concurrent.ThreadPoolExecutor$Worker.run(ThreadPoolExecutor.java:588)
08-05 02:46:03.814 15616 16662 E baseline.com.newsblur.network.APIResponse: 	at java.lang.Thread.run(Thread.java:818)
08-05 02:46:03.814 15616 16662 E baseline.com.newsblur.network.APIResponse: Caused by: java.io.EOFException: \n not found: limit=0 content=
08-05 02:46:03.814 15616 16662 E baseline.com.newsblur.network.APIResponse: 	at okio.RealBufferedSource.readUtf8LineStrict(RealBufferedSource.java:240)
08-05 02:46:03.814 15616 16662 E baseline.com.newsblur.network.APIResponse: 	at okhttp3.internal.http1.Http1ExchangeCodec.readHeaderLine(Http1ExchangeCodec.java:242)
08-05 02:46:03.814 15616 16662 E baseline.com.newsblur.network.APIResponse: 	at okhttp3.internal.http1.Http1ExchangeCodec.readResponseHeaders(Http1ExchangeCodec.java:213)
08-05 02:46:03.814 15616 16662 E baseline.com.newsblur.network.APIResponse: 	... 30 more
08-05 02:46:03.816 15616 16662 I baseline.com.newsblur.service.NBSyncService: Holding reading action with server-side or network error.
08-05 02:46:03.826 15616 15856 I art     : Explicit concurrent mark sweep GC freed 4260(353KB) AllocSpace objects, 3(60KB) LOS objects, 27% free, 43MB/59MB, paused 1.541ms total 65.588ms
08-05 02:46:03.829 15616 16662 W baseline.com.newsblur.service.NBSyncService: hard API failure
08-05 02:46:03.841 15616 15856 I art     : Starting a blocking GC Explicit
08-05 02:46:03.902 15616 15856 I art     : Explicit concurrent mark sweep GC freed 826(86KB) AllocSpace objects, 2(40KB) LOS objects, 27% free, 43MB/59MB, paused 1.651ms total 60.091ms
08-05 02:46:03.918 15616 15856 I art     : Starting a blocking GC Explicit
08-05 02:46:03.982 15616 15856 I art     : Explicit concurrent mark sweep GC freed 72(2672B) AllocSpace objects, 0(0B) LOS objects, 27% free, 42MB/58MB, paused 1.682ms total 63.837ms
08-05 02:46:03.997 15616 15856 I art     : Starting a blocking GC Explicit
08-05 02:46:04.061 15616 15856 I art     : Explicit concurrent mark sweep GC freed 13(416B) AllocSpace objects, 0(0B) LOS objects, 27% free, 42MB/58MB, paused 1.662ms total 63.038ms
08-05 02:46:04.077 15616 15856 I art     : Starting a blocking GC Explicit
08-05 02:46:04.135 15616 15856 I art     : Explicit concurrent mark sweep GC freed 11(352B) AllocSpace objects, 0(0B) LOS objects, 27% free, 42MB/58MB, paused 1.482ms total 58.065ms
08-05 02:46:04.324 15616 16662 E baseline.com.newsblur.network.APIResponse: Error (unexpected end of stream on https://www.newsblur.com/...) calling https://www.newsblur.com/reader/mark_story_hashes_as_read/
08-05 02:46:04.324 15616 16662 E baseline.com.newsblur.network.APIResponse: java.io.IOException: unexpected end of stream on https://www.newsblur.com/...
08-05 02:46:04.324 15616 16662 E baseline.com.newsblur.network.APIResponse: 	at okhttp3.internal.http1.Http1ExchangeCodec.readResponseHeaders(Http1ExchangeCodec.java:236)
08-05 02:46:04.324 15616 16662 E baseline.com.newsblur.network.APIResponse: 	at okhttp3.internal.connection.Exchange.readResponseHeaders(Exchange.java:115)
08-05 02:46:04.324 15616 16662 E baseline.com.newsblur.network.APIResponse: 	at okhttp3.internal.http.CallServerInterceptor.intercept(CallServerInterceptor.java:94)
08-05 02:46:04.324 15616 16662 E baseline.com.newsblur.network.APIResponse: 	at okhttp3.internal.http.RealInterceptorChain.proceed(RealInterceptorChain.java:142)
08-05 02:46:04.324 15616 16662 E baseline.com.newsblur.network.APIResponse: 	at okhttp3.internal.connection.ConnectInterceptor.intercept(ConnectInterceptor.java:43)
08-05 02:46:04.324 15616 16662 E baseline.com.newsblur.network.APIResponse: 	at okhttp3.internal.http.RealInterceptorChain.proceed(RealInterceptorChain.java:142)
08-05 02:46:04.324 15616 16662 E baseline.com.newsblur.network.APIResponse: 	at okhttp3.internal.http.RealInterceptorChain.proceed(RealInterceptorChain.java:117)
08-05 02:46:04.324 15616 16662 E baseline.com.newsblur.network.APIResponse: 	at okhttp3.internal.cache.CacheInterceptor.intercept(CacheInterceptor.java:94)
08-05 02:46:04.324 15616 16662 E baseline.com.newsblur.network.APIResponse: 	at okhttp3.internal.http.RealInterceptorChain.proceed(RealInterceptorChain.java:142)
08-05 02:46:04.324 15616 16662 E baseline.com.newsblur.network.APIResponse: 	at okhttp3.internal.http.RealInterceptorChain.proceed(RealInterceptorChain.java:117)
08-05 02:46:04.324 15616 16662 E baseline.com.newsblur.network.APIResponse: 	at okhttp3.internal.http.BridgeInterceptor.intercept(BridgeInterceptor.java:93)
08-05 02:46:04.324 15616 16662 E baseline.com.newsblur.network.APIResponse: 	at okhttp3.internal.http.RealInterceptorChain.proceed(RealInterceptorChain.java:142)
08-05 02:46:04.324 15616 16662 E baseline.com.newsblur.network.APIResponse: 	at okhttp3.internal.http.RetryAndFollowUpInterceptor.intercept(RetryAndFollowUpInterceptor.java:88)
08-05 02:46:04.324 15616 16662 E baseline.com.newsblur.network.APIResponse: 	at okhttp3.internal.http.RealInterceptorChain.proceed(RealInterceptorChain.java:142)
08-05 02:46:04.324 15616 16662 E baseline.com.newsblur.network.APIResponse: 	at okhttp3.internal.http.RealInterceptorChain.proceed(RealInterceptorChain.java:117)
08-05 02:46:04.324 15616 16662 E baseline.com.newsblur.network.APIResponse: 	at okhttp3.RealCall.getResponseWithInterceptorChain(RealCall.java:229)
08-05 02:46:04.324 15616 16662 E baseline.com.newsblur.network.APIResponse: 	at okhttp3.RealCall.execute(RealCall.java:81)
08-05 02:46:04.324 15616 16662 E baseline.com.newsblur.network.APIResponse: 	at baseline.com.newsblur.network.APIResponse.<init>(APIResponse.java:57)
08-05 02:46:04.324 15616 16662 E baseline.com.newsblur.network.APIResponse: 	at baseline.com.newsblur.network.APIResponse.<init>(APIResponse.java:43)
08-05 02:46:04.324 15616 16662 E baseline.com.newsblur.network.APIResponse: 	at baseline.com.newsblur.network.APIManager.post_single(APIManager.java:702)
08-05 02:46:04.324 15616 16662 E baseline.com.newsblur.network.APIResponse: 	at baseline.com.newsblur.network.APIManager.post(APIManager.java:675)
08-05 02:46:04.324 15616 16662 E baseline.com.newsblur.network.APIResponse: 	at baseline.com.newsblur.network.APIManager.post(APIManager.java:714)
08-05 02:46:04.324 15616 16662 E baseline.com.newsblur.network.APIResponse: 	at baseline.com.newsblur.network.APIManager.markStoryAsRead(APIManager.java:205)
08-05 02:46:04.324 15616 16662 E baseline.com.newsblur.network.APIResponse: 	at baseline.com.newsblur.util.ReadingAction.doRemote(ReadingAction.java:281)
08-05 02:46:04.324 15616 16662 E baseline.com.newsblur.network.APIResponse: 	at baseline.com.newsblur.service.NBSyncService.syncActions(NBSyncService.java:400)
08-05 02:46:04.324 15616 16662 E baseline.com.newsblur.network.APIResponse: 	at baseline.com.newsblur.service.NBSyncService.doSync(NBSyncService.java:298)
08-05 02:46:04.324 15616 16662 E baseline.com.newsblur.network.APIResponse: 	at baseline.com.newsblur.service.NBSyncService.access$100(NBSyncService.java:67)
08-05 02:46:04.324 15616 16662 E baseline.com.newsblur.network.APIResponse: 	at baseline.com.newsblur.service.NBSyncService$1.run(NBSyncService.java:188)
08-05 02:46:04.324 15616 16662 E baseline.com.newsblur.network.APIResponse: 	at java.util.concurrent.ThreadPoolExecutor.runWorker(ThreadPoolExecutor.java:1113)
08-05 02:46:04.324 15616 16662 E baseline.com.newsblur.network.APIResponse: 	at java.util.concurrent.ThreadPoolExecutor$Worker.run(ThreadPoolExecutor.java:588)
08-05 02:46:04.324 15616 16662 E baseline.com.newsblur.network.APIResponse: 	at java.lang.Thread.run(Thread.java:818)
08-05 02:46:04.324 15616 16662 E baseline.com.newsblur.network.APIResponse: Caused by: java.io.EOFException: \n not found: limit=0 content=
08-05 02:46:04.324 15616 16662 E baseline.com.newsblur.network.APIResponse: 	at okio.RealBufferedSource.readUtf8LineStrict(RealBufferedSource.java:240)
08-05 02:46:04.324 15616 16662 E baseline.com.newsblur.network.APIResponse: 	at okhttp3.internal.http1.Http1ExchangeCodec.readHeaderLine(Http1ExchangeCodec.java:242)
08-05 02:46:04.324 15616 16662 E baseline.com.newsblur.network.APIResponse: 	at okhttp3.internal.http1.Http1ExchangeCodec.readResponseHeaders(Http1ExchangeCodec.java:213)
08-05 02:46:04.324 15616 16662 E baseline.com.newsblur.network.APIResponse: 	... 30 more
08-05 02:46:04.325 15616 16662 I baseline.com.newsblur.network.APIManager: API call failed, pausing before retry number 1
08-05 02:46:04.497 15616 16533 I art     : Starting a blocking GC Explicit
08-05 02:46:04.562 15616 16533 I art     : Explicit concurrent mark sweep GC freed 3998(358KB) AllocSpace objects, 3(60KB) LOS objects, 27% free, 42MB/58MB, paused 1.544ms total 64.606ms
08-05 02:46:04.577 15616 16533 I art     : Starting a blocking GC Explicit
08-05 02:46:04.639 15616 16533 I art     : Explicit concurrent mark sweep GC freed 120(4KB) AllocSpace objects, 0(0B) LOS objects, 27% free, 42MB/58MB, paused 1.585ms total 62.206ms
08-05 02:46:04.654 15616 16533 I art     : Starting a blocking GC Explicit
08-05 02:46:04.659 18831 18831 D AndroidRuntime: >>>>>> START com.android.internal.os.RuntimeInit uid 2000 <<<<<<
08-05 02:46:04.665 18831 18831 D AndroidRuntime: CheckJNI is OFF
08-05 02:46:04.709 18831 18831 D ICU     : No timezone override file found: /data/misc/zoneinfo/current/icu/icu_tzdata.dat
08-05 02:46:04.721 15616 16533 I art     : Explicit concurrent mark sweep GC freed 3(96B) AllocSpace objects, 0(0B) LOS objects, 27% free, 42MB/58MB, paused 1.590ms total 66.886ms
08-05 02:46:04.736 15616 16533 I art     : Starting a blocking GC Explicit
08-05 02:46:04.766 18831 18831 I Radio-JNI: register_android_hardware_Radio DONE
08-05 02:46:04.794 18831 18831 D AndroidRuntime: Calling main entry com.android.commands.am.Am
08-05 02:46:04.803 15616 16533 I art     : Explicit concurrent mark sweep GC freed 3(96B) AllocSpace objects, 0(0B) LOS objects, 27% free, 42MB/58MB, paused 1.630ms total 66.744ms
08-05 02:46:04.806 24044 24044 I Trepn   : Trepn 6.2s: Received intent: com.quicinc.trepn.stop_profiling
08-05 02:46:04.818 15616 16533 I art     : Starting a blocking GC Explicit
08-05 02:46:04.847 24044 24044 I Trepn   : Trepn 6.2s: Trepn has Stopped Profiling.
08-05 02:46:04.878 15616 16533 I art     : Explicit concurrent mark sweep GC freed 3(96B) AllocSpace objects, 0(0B) LOS objects, 27% free, 42MB/58MB, paused 1.562ms total 58.832ms
08-05 02:46:04.942 18831 18831 D AndroidRuntime: Shutting down VM
08-05 02:46:04.946   918  5132 W AppOps  : Finishing op nesting under-run: uid 10078 pkg com.quicinc.trepn code 24 time=0 duration=0 nesting=0
08-05 02:46:05.266 15616 15629 I art     : Starting a blocking GC Explicit
08-05 02:46:05.330 15616 15629 I art     : Explicit concurrent mark sweep GC freed 1438(82KB) AllocSpace objects, 1(20KB) LOS objects, 27% free, 42MB/58MB, paused 1.516ms total 63.928ms
08-05 02:46:05.346 15616 15629 I art     : Starting a blocking GC Explicit
08-05 02:46:05.408 15616 15629 I art     : Explicit concurrent mark sweep GC freed 22(784B) AllocSpace objects, 0(0B) LOS objects, 27% free, 42MB/58MB, paused 1.706ms total 62.410ms
08-05 02:46:05.423 15616 15629 I art     : Starting a blocking GC Explicit
08-05 02:46:05.487 15616 15629 I art     : Explicit concurrent mark sweep GC freed 3(96B) AllocSpace objects, 0(0B) LOS objects, 27% free, 42MB/58MB, paused 1.617ms total 62.960ms
08-05 02:46:05.502 15616 15629 I art     : Starting a blocking GC Explicit
08-05 02:46:05.564 15616 15629 I art     : Explicit concurrent mark sweep GC freed 3(96B) AllocSpace objects, 0(0B) LOS objects, 27% free, 42MB/58MB, paused 1.537ms total 61.978ms
08-05 02:46:05.580 15616 15629 I art     : Starting a blocking GC Explicit
08-05 02:46:05.642 15616 15629 I art     : Explicit concurrent mark sweep GC freed 3(96B) AllocSpace objects, 0(0B) LOS objects, 27% free, 42MB/58MB, paused 1.596ms total 61.929ms
08-05 02:46:06.373 15616 16662 E baseline.com.newsblur.network.APIResponse: Error (unexpected end of stream on https://www.newsblur.com/...) calling https://www.newsblur.com/reader/mark_story_hashes_as_read/
08-05 02:46:06.373 15616 16662 E baseline.com.newsblur.network.APIResponse: java.io.IOException: unexpected end of stream on https://www.newsblur.com/...
08-05 02:46:06.373 15616 16662 E baseline.com.newsblur.network.APIResponse: 	at okhttp3.internal.http1.Http1ExchangeCodec.readResponseHeaders(Http1ExchangeCodec.java:236)
08-05 02:46:06.373 15616 16662 E baseline.com.newsblur.network.APIResponse: 	at okhttp3.internal.connection.Exchange.readResponseHeaders(Exchange.java:115)
08-05 02:46:06.373 15616 16662 E baseline.com.newsblur.network.APIResponse: 	at okhttp3.internal.http.CallServerInterceptor.intercept(CallServerInterceptor.java:94)
08-05 02:46:06.373 15616 16662 E baseline.com.newsblur.network.APIResponse: 	at okhttp3.internal.http.RealInterceptorChain.proceed(RealInterceptorChain.java:142)
08-05 02:46:06.373 15616 16662 E baseline.com.newsblur.network.APIResponse: 	at okhttp3.internal.connection.ConnectInterceptor.intercept(ConnectInterceptor.java:43)
08-05 02:46:06.373 15616 16662 E baseline.com.newsblur.network.APIResponse: 	at okhttp3.internal.http.RealInterceptorChain.proceed(RealInterceptorChain.java:142)
08-05 02:46:06.373 15616 16662 E baseline.com.newsblur.network.APIResponse: 	at okhttp3.internal.http.RealInterceptorChain.proceed(RealInterceptorChain.java:117)
08-05 02:46:06.373 15616 16662 E baseline.com.newsblur.network.APIResponse: 	at okhttp3.internal.cache.CacheInterceptor.intercept(CacheInterceptor.java:94)
08-05 02:46:06.373 15616 16662 E baseline.com.newsblur.network.APIResponse: 	at okhttp3.internal.http.RealInterceptorChain.proceed(RealInterceptorChain.java:142)
08-05 02:46:06.373 15616 16662 E baseline.com.newsblur.network.APIResponse: 	at okhttp3.internal.http.RealInterceptorChain.proceed(RealInterceptorChain.java:117)
08-05 02:46:06.373 15616 16662 E baseline.com.newsblur.network.APIResponse: 	at okhttp3.internal.http.BridgeInterceptor.intercept(BridgeInterceptor.java:93)
08-05 02:46:06.373 15616 16662 E baseline.com.newsblur.network.APIResponse: 	at okhttp3.internal.http.RealInterceptorChain.proceed(RealInterceptorChain.java:142)
08-05 02:46:06.373 15616 16662 E baseline.com.newsblur.network.APIResponse: 	at okhttp3.internal.http.RetryAndFollowUpInterceptor.intercept(RetryAndFollowUpInterceptor.java:88)
08-05 02:46:06.373 15616 16662 E baseline.com.newsblur.network.APIResponse: 	at okhttp3.internal.http.RealInterceptorChain.proceed(RealInterceptorChain.java:142)
08-05 02:46:06.373 15616 16662 E baseline.com.newsblur.network.APIResponse: 	at okhttp3.internal.http.RealInterceptorChain.proceed(RealInterceptorChain.java:117)
08-05 02:46:06.373 15616 16662 E baseline.com.newsblur.network.APIResponse: 	at okhttp3.RealCall.getResponseWithInterceptorChain(RealCall.java:229)
08-05 02:46:06.373 15616 16662 E baseline.com.newsblur.network.APIResponse: 	at okhttp3.RealCall.execute(RealCall.java:81)
08-05 02:46:06.373 15616 16662 E baseline.com.newsblur.network.APIResponse: 	at baseline.com.newsblur.network.APIResponse.<init>(APIResponse.java:57)
08-05 02:46:06.373 15616 16662 E baseline.com.newsblur.network.APIResponse: 	at baseline.com.newsblur.network.APIResponse.<init>(APIResponse.java:43)
08-05 02:46:06.373 15616 16662 E baseline.com.newsblur.network.APIResponse: 	at baseline.com.newsblur.network.APIManager.post_single(APIManager.java:702)
08-05 02:46:06.373 15616 16662 E baseline.com.newsblur.network.APIResponse: 	at baseline.com.newsblur.network.APIManager.post(APIManager.java:675)
08-05 02:46:06.373 15616 16662 E baseline.com.newsblur.network.APIResponse: 	at baseline.com.newsblur.network.APIManager.post(APIManager.java:714)
08-05 02:46:06.373 15616 16662 E baseline.com.newsblur.network.APIResponse: 	at baseline.com.newsblur.network.APIManager.markStoryAsRead(APIManager.java:205)
08-05 02:46:06.373 15616 16662 E baseline.com.newsblur.network.APIResponse: 	at baseline.com.newsblur.util.ReadingAction.doRemote(ReadingAction.java:281)
08-05 02:46:06.373 15616 16662 E baseline.com.newsblur.network.APIResponse: 	at baseline.com.newsblur.service.NBSyncService.syncActions(NBSyncService.java:400)
08-05 02:46:06.373 15616 16662 E baseline.com.newsblur.network.APIResponse: 	at baseline.com.newsblur.service.NBSyncService.doSync(NBSyncService.java:298)
08-05 02:46:06.373 15616 16662 E baseline.com.newsblur.network.APIResponse: 	at baseline.com.newsblur.service.NBSyncService.access$100(NBSyncService.java:67)
08-05 02:46:06.373 15616 16662 E baseline.com.newsblur.network.APIResponse: 	at baseline.com.newsblur.service.NBSyncService$1.run(NBSyncService.java:188)
08-05 02:46:06.373 15616 16662 E baseline.com.newsblur.network.APIResponse: 	at java.util.concurrent.ThreadPoolExecutor.runWorker(ThreadPoolExecutor.java:1113)
08-05 02:46:06.373 15616 16662 E baseline.com.newsblur.network.APIResponse: 	at java.util.concurrent.ThreadPoolExecutor$Worker.run(ThreadPoolExecutor.java:588)
08-05 02:46:06.373 15616 16662 E baseline.com.newsblur.network.APIResponse: 	at java.lang.Thread.run(Thread.java:818)
08-05 02:46:06.373 15616 16662 E baseline.com.newsblur.network.APIResponse: Caused by: java.io.EOFException: \n not found: limit=0 content=
08-05 02:46:06.373 15616 16662 E baseline.com.newsblur.network.APIResponse: 	at okio.RealBufferedSource.readUtf8LineStrict(RealBufferedSource.java:240)
08-05 02:46:06.373 15616 16662 E baseline.com.newsblur.network.APIResponse: 	at okhttp3.internal.http1.Http1ExchangeCodec.readHeaderLine(Http1ExchangeCodec.java:242)
08-05 02:46:06.373 15616 16662 E baseline.com.newsblur.network.APIResponse: 	at okhttp3.internal.http1.Http1ExchangeCodec.readResponseHeaders(Http1ExchangeCodec.java:213)
08-05 02:46:06.373 15616 16662 E baseline.com.newsblur.network.APIResponse: 	... 30 more
08-05 02:46:06.374 15616 16662 I baseline.com.newsblur.network.APIManager: API call failed, pausing before retry number 2
