08-05 21:23:12.342  5206  5220 I art     : Starting a blocking GC Explicit
08-05 21:23:12.395  5206  5220 I art     : Explicit concurrent mark sweep GC freed 4(128B) AllocSpace objects, 0(0B) LOS objects, 28% free, 41MB/57MB, paused 1.410ms total 52.481ms
08-05 21:23:12.409  5206  5220 I art     : Starting a blocking GC Explicit
08-05 21:23:12.466  5206  5220 I art     : Explicit concurrent mark sweep GC freed 3(96B) AllocSpace objects, 0(0B) LOS objects, 28% free, 41MB/57MB, paused 1.561ms total 56.807ms
08-05 21:23:12.720 24895 24895 I ServiceManager: Waiting for service AtCmdFwd...
08-05 21:23:12.854  5206  5219 I art     : Starting a blocking GC Explicit
08-05 21:23:12.914  5206  5219 I art     : Explicit concurrent mark sweep GC freed 1446(83KB) AllocSpace objects, 1(20KB) LOS objects, 28% free, 41MB/57MB, paused 1.490ms total 59.107ms
08-05 21:23:12.929  5206  5219 I art     : Starting a blocking GC Explicit
08-05 21:23:12.988  5206  5219 I art     : Explicit concurrent mark sweep GC freed 22(784B) AllocSpace objects, 0(0B) LOS objects, 28% free, 41MB/57MB, paused 1.727ms total 58.648ms
08-05 21:23:13.002  5206  5219 I art     : Starting a blocking GC Explicit
08-05 21:23:13.061  5206  5219 I art     : Explicit concurrent mark sweep GC freed 3(96B) AllocSpace objects, 0(0B) LOS objects, 28% free, 41MB/57MB, paused 1.573ms total 59.051ms
08-05 21:23:13.076  5206  5219 I art     : Starting a blocking GC Explicit
08-05 21:23:13.136  5206  5219 I art     : Explicit concurrent mark sweep GC freed 3(96B) AllocSpace objects, 0(0B) LOS objects, 28% free, 41MB/57MB, paused 1.462ms total 59.083ms
08-05 21:23:13.154  5206  5219 I art     : Starting a blocking GC Explicit
08-05 21:23:13.211  5206  5219 I art     : Explicit concurrent mark sweep GC freed 3(96B) AllocSpace objects, 0(0B) LOS objects, 28% free, 41MB/57MB, paused 1.517ms total 57.021ms
08-05 21:23:13.303   918  3188 I hubconnection: sensorhub said: 'set_bias 3: -5.8272, 0.0000, 0.0000'
08-05 21:23:13.610  5206 23687 I art     : Starting a blocking GC Explicit
08-05 21:23:13.670  5206 23687 I art     : Explicit concurrent mark sweep GC freed 1446(83KB) AllocSpace objects, 1(20KB) LOS objects, 28% free, 41MB/57MB, paused 1.511ms total 59.388ms
08-05 21:23:13.686  5206 23687 I art     : Starting a blocking GC Explicit
08-05 21:23:13.720 24895 24895 I ServiceManager: Waiting for service AtCmdFwd...
08-05 21:23:13.743  5206 23687 I art     : Explicit concurrent mark sweep GC freed 22(784B) AllocSpace objects, 0(0B) LOS objects, 28% free, 41MB/57MB, paused 1.453ms total 56.445ms
08-05 21:23:13.757  5206 23687 I art     : Starting a blocking GC Explicit
08-05 21:23:13.816  5206 23687 I art     : Explicit concurrent mark sweep GC freed 3(96B) AllocSpace objects, 0(0B) LOS objects, 28% free, 41MB/57MB, paused 1.668ms total 58.824ms
08-05 21:23:13.830  5206 23687 I art     : Starting a blocking GC Explicit
08-05 21:23:13.884  5206 23687 I art     : Explicit concurrent mark sweep GC freed 3(96B) AllocSpace objects, 0(0B) LOS objects, 28% free, 41MB/57MB, paused 1.392ms total 53.652ms
08-05 21:23:13.899  5206 23687 I art     : Starting a blocking GC Explicit
08-05 21:23:13.957  5206 23687 I art     : Explicit concurrent mark sweep GC freed 3(96B) AllocSpace objects, 0(0B) LOS objects, 28% free, 41MB/57MB, paused 1.443ms total 57.795ms
08-05 21:23:14.357  5206 24515 I art     : Starting a blocking GC Explicit
08-05 21:23:14.415  5206 24515 I art     : Explicit concurrent mark sweep GC freed 1445(83KB) AllocSpace objects, 1(20KB) LOS objects, 28% free, 41MB/57MB, paused 1.454ms total 57.824ms
08-05 21:23:14.429  5206 24515 I art     : Starting a blocking GC Explicit
08-05 21:23:14.486  5206 24515 I art     : Explicit concurrent mark sweep GC freed 22(784B) AllocSpace objects, 0(0B) LOS objects, 28% free, 41MB/57MB, paused 1.536ms total 56.783ms
08-05 21:23:14.501  5206 24515 I art     : Starting a blocking GC Explicit
08-05 21:23:14.557  5206 24515 I art     : Explicit concurrent mark sweep GC freed 3(96B) AllocSpace objects, 0(0B) LOS objects, 28% free, 41MB/57MB, paused 1.461ms total 56.142ms
08-05 21:23:14.571  5206 24515 I art     : Starting a blocking GC Explicit
08-05 21:23:14.628  5206 24515 I art     : Explicit concurrent mark sweep GC freed 165(8KB) AllocSpace objects, 0(0B) LOS objects, 28% free, 41MB/57MB, paused 1.590ms total 56.845ms
08-05 21:23:14.643  5206 24515 I art     : Starting a blocking GC Explicit
08-05 21:23:14.701  5206 24515 I art     : Explicit concurrent mark sweep GC freed 12(416B) AllocSpace objects, 0(0B) LOS objects, 28% free, 41MB/57MB, paused 1.692ms total 58.348ms
08-05 21:23:14.721 24895 24895 I ServiceManager: Waiting for service AtCmdFwd...
08-05 21:23:15.077  5206 24563 E baseline.com.newsblur.network.APIResponse: Error (unexpected end of stream on https://www.newsblur.com/...) calling https://www.newsblur.com/reader/mark_story_hashes_as_read/
08-05 21:23:15.077  5206 24563 E baseline.com.newsblur.network.APIResponse: java.io.IOException: unexpected end of stream on https://www.newsblur.com/...
08-05 21:23:15.077  5206 24563 E baseline.com.newsblur.network.APIResponse: 	at okhttp3.internal.http1.Http1ExchangeCodec.readResponseHeaders(Http1ExchangeCodec.java:236)
08-05 21:23:15.077  5206 24563 E baseline.com.newsblur.network.APIResponse: 	at okhttp3.internal.connection.Exchange.readResponseHeaders(Exchange.java:115)
08-05 21:23:15.077  5206 24563 E baseline.com.newsblur.network.APIResponse: 	at okhttp3.internal.http.CallServerInterceptor.intercept(CallServerInterceptor.java:94)
08-05 21:23:15.077  5206 24563 E baseline.com.newsblur.network.APIResponse: 	at okhttp3.internal.http.RealInterceptorChain.proceed(RealInterceptorChain.java:142)
08-05 21:23:15.077  5206 24563 E baseline.com.newsblur.network.APIResponse: 	at okhttp3.internal.connection.ConnectInterceptor.intercept(ConnectInterceptor.java:43)
08-05 21:23:15.077  5206 24563 E baseline.com.newsblur.network.APIResponse: 	at okhttp3.internal.http.RealInterceptorChain.proceed(RealInterceptorChain.java:142)
08-05 21:23:15.077  5206 24563 E baseline.com.newsblur.network.APIResponse: 	at okhttp3.internal.http.RealInterceptorChain.proceed(RealInterceptorChain.java:117)
08-05 21:23:15.077  5206 24563 E baseline.com.newsblur.network.APIResponse: 	at okhttp3.internal.cache.CacheInterceptor.intercept(CacheInterceptor.java:94)
08-05 21:23:15.077  5206 24563 E baseline.com.newsblur.network.APIResponse: 	at okhttp3.internal.http.RealInterceptorChain.proceed(RealInterceptorChain.java:142)
08-05 21:23:15.077  5206 24563 E baseline.com.newsblur.network.APIResponse: 	at okhttp3.internal.http.RealInterceptorChain.proceed(RealInterceptorChain.java:117)
08-05 21:23:15.077  5206 24563 E baseline.com.newsblur.network.APIResponse: 	at okhttp3.internal.http.BridgeInterceptor.intercept(BridgeInterceptor.java:93)
08-05 21:23:15.077  5206 24563 E baseline.com.newsblur.network.APIResponse: 	at okhttp3.internal.http.RealInterceptorChain.proceed(RealInterceptorChain.java:142)
08-05 21:23:15.077  5206 24563 E baseline.com.newsblur.network.APIResponse: 	at okhttp3.internal.http.RetryAndFollowUpInterceptor.intercept(RetryAndFollowUpInterceptor.java:88)
08-05 21:23:15.077  5206 24563 E baseline.com.newsblur.network.APIResponse: 	at okhttp3.internal.http.RealInterceptorChain.proceed(RealInterceptorChain.java:142)
08-05 21:23:15.077  5206 24563 E baseline.com.newsblur.network.APIResponse: 	at okhttp3.internal.http.RealInterceptorChain.proceed(RealInterceptorChain.java:117)
08-05 21:23:15.077  5206 24563 E baseline.com.newsblur.network.APIResponse: 	at okhttp3.RealCall.getResponseWithInterceptorChain(RealCall.java:229)
08-05 21:23:15.077  5206 24563 E baseline.com.newsblur.network.APIResponse: 	at okhttp3.RealCall.execute(RealCall.java:81)
08-05 21:23:15.077  5206 24563 E baseline.com.newsblur.network.APIResponse: 	at baseline.com.newsblur.network.APIResponse.<init>(APIResponse.java:57)
08-05 21:23:15.077  5206 24563 E baseline.com.newsblur.network.APIResponse: 	at baseline.com.newsblur.network.APIResponse.<init>(APIResponse.java:43)
08-05 21:23:15.077  5206 24563 E baseline.com.newsblur.network.APIResponse: 	at baseline.com.newsblur.network.APIManager.post_single(APIManager.java:702)
08-05 21:23:15.077  5206 24563 E baseline.com.newsblur.network.APIResponse: 	at baseline.com.newsblur.network.APIManager.post(APIManager.java:675)
08-05 21:23:15.077  5206 24563 E baseline.com.newsblur.network.APIResponse: 	at baseline.com.newsblur.network.APIManager.post(APIManager.java:714)
08-05 21:23:15.077  5206 24563 E baseline.com.newsblur.network.APIResponse: 	at baseline.com.newsblur.network.APIManager.markStoryAsRead(APIManager.java:205)
08-05 21:23:15.077  5206 24563 E baseline.com.newsblur.network.APIResponse: 	at baseline.com.newsblur.util.ReadingAction.doRemote(ReadingAction.java:281)
08-05 21:23:15.077  5206 24563 E baseline.com.newsblur.network.APIResponse: 	at baseline.com.newsblur.service.NBSyncService.syncActions(NBSyncService.java:400)
08-05 21:23:15.077  5206 24563 E baseline.com.newsblur.network.APIResponse: 	at baseline.com.newsblur.service.NBSyncService.doSync(NBSyncService.java:298)
08-05 21:23:15.077  5206 24563 E baseline.com.newsblur.network.APIResponse: 	at baseline.com.newsblur.service.NBSyncService.access$100(NBSyncService.java:67)
08-05 21:23:15.077  5206 24563 E baseline.com.newsblur.network.APIResponse: 	at baseline.com.newsblur.service.NBSyncService$1.run(NBSyncService.java:188)
08-05 21:23:15.077  5206 24563 E baseline.com.newsblur.network.APIResponse: 	at java.util.concurrent.ThreadPoolExecutor.runWorker(ThreadPoolExecutor.java:1113)
08-05 21:23:15.077  5206 24563 E baseline.com.newsblur.network.APIResponse: 	at java.util.concurrent.ThreadPoolExecutor$Worker.run(ThreadPoolExecutor.java:588)
08-05 21:23:15.077  5206 24563 E baseline.com.newsblur.network.APIResponse: 	at java.lang.Thread.run(Thread.java:818)
08-05 21:23:15.077  5206 24563 E baseline.com.newsblur.network.APIResponse: Caused by: java.io.EOFException: \n not found: limit=0 content=
08-05 21:23:15.077  5206 24563 E baseline.com.newsblur.network.APIResponse: 	at okio.RealBufferedSource.readUtf8LineStrict(RealBufferedSource.java:240)
08-05 21:23:15.077  5206 24563 E baseline.com.newsblur.network.APIResponse: 	at okhttp3.internal.http1.Http1ExchangeCodec.readHeaderLine(Http1ExchangeCodec.java:242)
08-05 21:23:15.077  5206 24563 E baseline.com.newsblur.network.APIResponse: 	at okhttp3.internal.http1.Http1ExchangeCodec.readResponseHeaders(Http1ExchangeCodec.java:213)
08-05 21:23:15.077  5206 24563 E baseline.com.newsblur.network.APIResponse: 	... 30 more
08-05 21:23:15.080  5206 24563 I baseline.com.newsblur.service.NBSyncService: Holding reading action with server-side or network error.
08-05 21:23:15.088  5206 23889 I art     : Starting a blocking GC Explicit
08-05 21:23:15.095  5206 24563 W baseline.com.newsblur.service.NBSyncService: hard API failure
08-05 21:23:15.147  5206 23889 I art     : Explicit concurrent mark sweep GC freed 4344(398KB) AllocSpace objects, 5(100KB) LOS objects, 28% free, 41MB/57MB, paused 1.601ms total 58.527ms
08-05 21:23:15.161  5206 23889 I art     : Starting a blocking GC Explicit
08-05 21:23:15.220  5206 23889 I art     : Explicit concurrent mark sweep GC freed 150(13KB) AllocSpace objects, 0(0B) LOS objects, 28% free, 41MB/57MB, paused 1.586ms total 58.860ms
08-05 21:23:15.234  5206 23889 I art     : Starting a blocking GC Explicit
08-05 21:23:15.291  5206 23889 I art     : Explicit concurrent mark sweep GC freed 6(192B) AllocSpace objects, 0(0B) LOS objects, 28% free, 41MB/57MB, paused 1.434ms total 56.886ms
08-05 21:23:15.306  5206 23889 I art     : Starting a blocking GC Explicit
08-05 21:23:15.358  5206 23889 I art     : Explicit concurrent mark sweep GC freed 3(96B) AllocSpace objects, 0(0B) LOS objects, 28% free, 41MB/57MB, paused 1.488ms total 51.873ms
08-05 21:23:15.372  5206 23889 I art     : Starting a blocking GC Explicit
08-05 21:23:15.426  5206 23889 I art     : Explicit concurrent mark sweep GC freed 3(96B) AllocSpace objects, 0(0B) LOS objects, 28% free, 41MB/57MB, paused 1.513ms total 54.357ms
08-05 21:23:15.588  5206 24563 E baseline.com.newsblur.network.APIResponse: Error (unexpected end of stream on https://www.newsblur.com/...) calling https://www.newsblur.com/reader/mark_story_hashes_as_read/
08-05 21:23:15.588  5206 24563 E baseline.com.newsblur.network.APIResponse: java.io.IOException: unexpected end of stream on https://www.newsblur.com/...
08-05 21:23:15.588  5206 24563 E baseline.com.newsblur.network.APIResponse: 	at okhttp3.internal.http1.Http1ExchangeCodec.readResponseHeaders(Http1ExchangeCodec.java:236)
08-05 21:23:15.588  5206 24563 E baseline.com.newsblur.network.APIResponse: 	at okhttp3.internal.connection.Exchange.readResponseHeaders(Exchange.java:115)
08-05 21:23:15.588  5206 24563 E baseline.com.newsblur.network.APIResponse: 	at okhttp3.internal.http.CallServerInterceptor.intercept(CallServerInterceptor.java:94)
08-05 21:23:15.588  5206 24563 E baseline.com.newsblur.network.APIResponse: 	at okhttp3.internal.http.RealInterceptorChain.proceed(RealInterceptorChain.java:142)
08-05 21:23:15.588  5206 24563 E baseline.com.newsblur.network.APIResponse: 	at okhttp3.internal.connection.ConnectInterceptor.intercept(ConnectInterceptor.java:43)
08-05 21:23:15.588  5206 24563 E baseline.com.newsblur.network.APIResponse: 	at okhttp3.internal.http.RealInterceptorChain.proceed(RealInterceptorChain.java:142)
08-05 21:23:15.588  5206 24563 E baseline.com.newsblur.network.APIResponse: 	at okhttp3.internal.http.RealInterceptorChain.proceed(RealInterceptorChain.java:117)
08-05 21:23:15.588  5206 24563 E baseline.com.newsblur.network.APIResponse: 	at okhttp3.internal.cache.CacheInterceptor.intercept(CacheInterceptor.java:94)
08-05 21:23:15.588  5206 24563 E baseline.com.newsblur.network.APIResponse: 	at okhttp3.internal.http.RealInterceptorChain.proceed(RealInterceptorChain.java:142)
08-05 21:23:15.588  5206 24563 E baseline.com.newsblur.network.APIResponse: 	at okhttp3.internal.http.RealInterceptorChain.proceed(RealInterceptorChain.java:117)
08-05 21:23:15.588  5206 24563 E baseline.com.newsblur.network.APIResponse: 	at okhttp3.internal.http.BridgeInterceptor.intercept(BridgeInterceptor.java:93)
08-05 21:23:15.588  5206 24563 E baseline.com.newsblur.network.APIResponse: 	at okhttp3.internal.http.RealInterceptorChain.proceed(RealInterceptorChain.java:142)
08-05 21:23:15.588  5206 24563 E baseline.com.newsblur.network.APIResponse: 	at okhttp3.internal.http.RetryAndFollowUpInterceptor.intercept(RetryAndFollowUpInterceptor.java:88)
08-05 21:23:15.588  5206 24563 E baseline.com.newsblur.network.APIResponse: 	at okhttp3.internal.http.RealInterceptorChain.proceed(RealInterceptorChain.java:142)
08-05 21:23:15.588  5206 24563 E baseline.com.newsblur.network.APIResponse: 	at okhttp3.internal.http.RealInterceptorChain.proceed(RealInterceptorChain.java:117)
08-05 21:23:15.588  5206 24563 E baseline.com.newsblur.network.APIResponse: 	at okhttp3.RealCall.getResponseWithInterceptorChain(RealCall.java:229)
08-05 21:23:15.588  5206 24563 E baseline.com.newsblur.network.APIResponse: 	at okhttp3.RealCall.execute(RealCall.java:81)
08-05 21:23:15.588  5206 24563 E baseline.com.newsblur.network.APIResponse: 	at baseline.com.newsblur.network.APIResponse.<init>(APIResponse.java:57)
08-05 21:23:15.588  5206 24563 E baseline.com.newsblur.network.APIResponse: 	at baseline.com.newsblur.network.APIResponse.<init>(APIResponse.java:43)
08-05 21:23:15.588  5206 24563 E baseline.com.newsblur.network.APIResponse: 	at baseline.com.newsblur.network.APIManager.post_single(APIManager.java:702)
08-05 21:23:15.588  5206 24563 E baseline.com.newsblur.network.APIResponse: 	at baseline.com.newsblur.network.APIManager.post(APIManager.java:675)
08-05 21:23:15.588  5206 24563 E baseline.com.newsblur.network.APIResponse: 	at baseline.com.newsblur.network.APIManager.post(APIManager.java:714)
08-05 21:23:15.588  5206 24563 E baseline.com.newsblur.network.APIResponse: 	at baseline.com.newsblur.network.APIManager.markStoryAsRead(APIManager.java:205)
08-05 21:23:15.588  5206 24563 E baseline.com.newsblur.network.APIResponse: 	at baseline.com.newsblur.util.ReadingAction.doRemote(ReadingAction.java:281)
08-05 21:23:15.588  5206 24563 E baseline.com.newsblur.network.APIResponse: 	at baseline.com.newsblur.service.NBSyncService.syncActions(NBSyncService.java:400)
08-05 21:23:15.588  5206 24563 E baseline.com.newsblur.network.APIResponse: 	at baseline.com.newsblur.service.NBSyncService.doSync(NBSyncService.java:298)
08-05 21:23:15.588  5206 24563 E baseline.com.newsblur.network.APIResponse: 	at baseline.com.newsblur.service.NBSyncService.access$100(NBSyncService.java:67)
08-05 21:23:15.588  5206 24563 E baseline.com.newsblur.network.APIResponse: 	at baseline.com.newsblur.service.NBSyncService$1.run(NBSyncService.java:188)
08-05 21:23:15.588  5206 24563 E baseline.com.newsblur.network.APIResponse: 	at java.util.concurrent.ThreadPoolExecutor.runWorker(ThreadPoolExecutor.java:1113)
08-05 21:23:15.588  5206 24563 E baseline.com.newsblur.network.APIResponse: 	at java.util.concurrent.ThreadPoolExecutor$Worker.run(ThreadPoolExecutor.java:588)
08-05 21:23:15.588  5206 24563 E baseline.com.newsblur.network.APIResponse: 	at java.lang.Thread.run(Thread.java:818)
08-05 21:23:15.588  5206 24563 E baseline.com.newsblur.network.APIResponse: Caused by: java.io.EOFException: \n not found: limit=0 content=
08-05 21:23:15.588  5206 24563 E baseline.com.newsblur.network.APIResponse: 	at okio.RealBufferedSource.readUtf8LineStrict(RealBufferedSource.java:240)
08-05 21:23:15.588  5206 24563 E baseline.com.newsblur.network.APIResponse: 	at okhttp3.internal.http1.Http1ExchangeCodec.readHeaderLine(Http1ExchangeCodec.java:242)
08-05 21:23:15.588  5206 24563 E baseline.com.newsblur.network.APIResponse: 	at okhttp3.internal.http1.Http1ExchangeCodec.readResponseHeaders(Http1ExchangeCodec.java:213)
08-05 21:23:15.588  5206 24563 E baseline.com.newsblur.network.APIResponse: 	... 30 more
08-05 21:23:15.589  5206 24563 I baseline.com.newsblur.network.APIManager: API call failed, pausing before retry number 1
08-05 21:23:15.722 24895 24895 I ServiceManager: Waiting for service AtCmdFwd...
08-05 21:23:15.793 13866 13882 I PeriodicStatsRunner: PeriodicStatsRunner.call():175 call()
08-05 21:23:15.794 13866 13882 I PeriodicStatsRunner: PeriodicStatsRunner.call():179 No submit PeriodicStats since input started.
08-05 21:23:15.803  5206  5220 I art     : Starting a blocking GC Explicit
08-05 21:23:15.863  5206  5220 I art     : Explicit concurrent mark sweep GC freed 3958(357KB) AllocSpace objects, 3(60KB) LOS objects, 28% free, 41MB/57MB, paused 1.485ms total 59.541ms
08-05 21:23:15.877  5206  5220 I art     : Starting a blocking GC Explicit
08-05 21:23:15.937  5206  5220 I art     : Explicit concurrent mark sweep GC freed 120(4KB) AllocSpace objects, 0(0B) LOS objects, 28% free, 41MB/57MB, paused 1.549ms total 58.884ms
08-05 21:23:15.955  5206  5220 I art     : Starting a blocking GC Explicit
08-05 21:23:16.010  5206  5220 I art     : Explicit concurrent mark sweep GC freed 3(96B) AllocSpace objects, 0(0B) LOS objects, 28% free, 41MB/57MB, paused 1.491ms total 54.953ms
08-05 21:23:16.025  5206  5220 I art     : Starting a blocking GC Explicit
08-05 21:23:16.082  5206  5220 I art     : Explicit concurrent mark sweep GC freed 3(96B) AllocSpace objects, 0(0B) LOS objects, 28% free, 41MB/57MB, paused 1.490ms total 57.565ms
08-05 21:23:16.097  5206  5220 I art     : Starting a blocking GC Explicit
08-05 21:23:16.154  5206  5220 I art     : Explicit concurrent mark sweep GC freed 3(96B) AllocSpace objects, 0(0B) LOS objects, 28% free, 41MB/57MB, paused 1.569ms total 56.814ms
08-05 21:23:16.547  5206  5219 I art     : Starting a blocking GC Explicit
08-05 21:23:16.608  5206  5219 I art     : Explicit concurrent mark sweep GC freed 1443(83KB) AllocSpace objects, 1(20KB) LOS objects, 28% free, 41MB/57MB, paused 1.458ms total 60.845ms
08-05 21:23:16.624  5206  5219 I art     : Starting a blocking GC Explicit
08-05 21:23:16.683  5206  5219 I art     : Explicit concurrent mark sweep GC freed 22(784B) AllocSpace objects, 0(0B) LOS objects, 28% free, 41MB/57MB, paused 1.528ms total 58.540ms
08-05 21:23:16.697  5206  5219 I art     : Starting a blocking GC Explicit
08-05 21:23:16.723 24895 24895 I ServiceManager: Waiting for service AtCmdFwd...
08-05 21:23:16.756  5206  5219 I art     : Explicit concurrent mark sweep GC freed 3(96B) AllocSpace objects, 0(0B) LOS objects, 28% free, 41MB/57MB, paused 1.577ms total 57.903ms
08-05 21:23:16.770  5206  5219 I art     : Starting a blocking GC Explicit
08-05 21:23:16.831  5206  5219 I art     : Explicit concurrent mark sweep GC freed 3(96B) AllocSpace objects, 0(0B) LOS objects, 28% free, 41MB/57MB, paused 1.590ms total 59.983ms
08-05 21:23:16.845  5206  5219 I art     : Starting a blocking GC Explicit
08-05 21:23:16.905  5206  5219 I art     : Explicit concurrent mark sweep GC freed 3(96B) AllocSpace objects, 0(0B) LOS objects, 28% free, 41MB/57MB, paused 1.557ms total 59.265ms
08-05 21:23:17.296  5206 23687 I art     : Starting a blocking GC Explicit
08-05 21:23:17.358  5206 23687 I art     : Explicit concurrent mark sweep GC freed 1608(91KB) AllocSpace objects, 1(20KB) LOS objects, 28% free, 41MB/57MB, paused 1.646ms total 61.056ms
08-05 21:23:17.372  5206 23687 I art     : Starting a blocking GC Explicit
08-05 21:23:17.430  5206 23687 I art     : Explicit concurrent mark sweep GC freed 684(37KB) AllocSpace objects, 0(0B) LOS objects, 28% free, 41MB/57MB, paused 1.588ms total 58.029ms
08-05 21:23:17.445  5206 23687 I art     : Starting a blocking GC Explicit
08-05 21:23:17.502  5206 23687 I art     : Explicit concurrent mark sweep GC freed 2191(89KB) AllocSpace objects, 0(0B) LOS objects, 28% free, 41MB/57MB, paused 1.585ms total 56.716ms
08-05 21:23:17.516  5206 23687 I art     : Starting a blocking GC Explicit
08-05 21:23:17.534  5206 24563 E baseline.com.newsblur.network.APIResponse: Error (unexpected end of stream on https://www.newsblur.com/...) calling https://www.newsblur.com/reader/mark_story_hashes_as_read/
08-05 21:23:17.534  5206 24563 E baseline.com.newsblur.network.APIResponse: java.io.IOException: unexpected end of stream on https://www.newsblur.com/...
08-05 21:23:17.534  5206 24563 E baseline.com.newsblur.network.APIResponse: 	at okhttp3.internal.http1.Http1ExchangeCodec.readResponseHeaders(Http1ExchangeCodec.java:236)
08-05 21:23:17.534  5206 24563 E baseline.com.newsblur.network.APIResponse: 	at okhttp3.internal.connection.Exchange.readResponseHeaders(Exchange.java:115)
08-05 21:23:17.534  5206 24563 E baseline.com.newsblur.network.APIResponse: 	at okhttp3.internal.http.CallServerInterceptor.intercept(CallServerInterceptor.java:94)
08-05 21:23:17.534  5206 24563 E baseline.com.newsblur.network.APIResponse: 	at okhttp3.internal.http.RealInterceptorChain.proceed(RealInterceptorChain.java:142)
08-05 21:23:17.534  5206 24563 E baseline.com.newsblur.network.APIResponse: 	at okhttp3.internal.connection.ConnectInterceptor.intercept(ConnectInterceptor.java:43)
08-05 21:23:17.534  5206 24563 E baseline.com.newsblur.network.APIResponse: 	at okhttp3.internal.http.RealInterceptorChain.proceed(RealInterceptorChain.java:142)
08-05 21:23:17.534  5206 24563 E baseline.com.newsblur.network.APIResponse: 	at okhttp3.internal.http.RealInterceptorChain.proceed(RealInterceptorChain.java:117)
08-05 21:23:17.534  5206 24563 E baseline.com.newsblur.network.APIResponse: 	at okhttp3.internal.cache.CacheInterceptor.intercept(CacheInterceptor.java:94)
08-05 21:23:17.534  5206 24563 E baseline.com.newsblur.network.APIResponse: 	at okhttp3.internal.http.RealInterceptorChain.proceed(RealInterceptorChain.java:142)
08-05 21:23:17.534  5206 24563 E baseline.com.newsblur.network.APIResponse: 	at okhttp3.internal.http.RealInterceptorChain.proceed(RealInterceptorChain.java:117)
08-05 21:23:17.534  5206 24563 E baseline.com.newsblur.network.APIResponse: 	at okhttp3.internal.http.BridgeInterceptor.intercept(BridgeInterceptor.java:93)
08-05 21:23:17.534  5206 24563 E baseline.com.newsblur.network.APIResponse: 	at okhttp3.internal.http.RealInterceptorChain.proceed(RealInterceptorChain.java:142)
08-05 21:23:17.534  5206 24563 E baseline.com.newsblur.network.APIResponse: 	at okhttp3.internal.http.RetryAndFollowUpInterceptor.intercept(RetryAndFollowUpInterceptor.java:88)
08-05 21:23:17.534  5206 24563 E baseline.com.newsblur.network.APIResponse: 	at okhttp3.internal.http.RealInterceptorChain.proceed(RealInterceptorChain.java:142)
08-05 21:23:17.534  5206 24563 E baseline.com.newsblur.network.APIResponse: 	at okhttp3.internal.http.RealInterceptorChain.proceed(RealInterceptorChain.java:117)
08-05 21:23:17.534  5206 24563 E baseline.com.newsblur.network.APIResponse: 	at okhttp3.RealCall.getResponseWithInterceptorChain(RealCall.java:229)
08-05 21:23:17.534  5206 24563 E baseline.com.newsblur.network.APIResponse: 	at okhttp3.RealCall.execute(RealCall.java:81)
08-05 21:23:17.534  5206 24563 E baseline.com.newsblur.network.APIResponse: 	at baseline.com.newsblur.network.APIResponse.<init>(APIResponse.java:57)
08-05 21:23:17.534  5206 24563 E baseline.com.newsblur.network.APIResponse: 	at baseline.com.newsblur.network.APIResponse.<init>(APIResponse.java:43)
08-05 21:23:17.534  5206 24563 E baseline.com.newsblur.network.APIResponse: 	at baseline.com.newsblur.network.APIManager.post_single(APIManager.java:702)
08-05 21:23:17.534  5206 24563 E baseline.com.newsblur.network.APIResponse: 	at baseline.com.newsblur.network.APIManager.post(APIManager.java:675)
08-05 21:23:17.534  5206 24563 E baseline.com.newsblur.network.APIResponse: 	at baseline.com.newsblur.network.APIManager.post(APIManager.java:714)
08-05 21:23:17.534  5206 24563 E baseline.com.newsblur.network.APIResponse: 	at baseline.com.newsblur.network.APIManager.markStoryAsRead(APIManager.java:205)
08-05 21:23:17.534  5206 24563 E baseline.com.newsblur.network.APIResponse: 	at baseline.com.newsblur.util.ReadingAction.doRemote(ReadingAction.java:281)
08-05 21:23:17.534  5206 24563 E baseline.com.newsblur.network.APIResponse: 	at baseline.com.newsblur.service.NBSyncService.syncActions(NBSyncService.java:400)
08-05 21:23:17.534  5206 24563 E baseline.com.newsblur.network.APIResponse: 	at baseline.com.newsblur.service.NBSyncService.doSync(NBSyncService.java:298)
08-05 21:23:17.534  5206 24563 E baseline.com.newsblur.network.APIResponse: 	at baseline.com.newsblur.service.NBSyncService.access$100(NBSyncService.java:67)
08-05 21:23:17.534  5206 24563 E baseline.com.newsblur.network.APIResponse: 	at baseline.com.newsblur.service.NBSyncService$1.run(NBSyncService.java:188)
08-05 21:23:17.534  5206 24563 E baseline.com.newsblur.network.APIResponse: 	at java.util.concurrent.ThreadPoolExecutor.runWorker(ThreadPoolExecutor.java:1113)
08-05 21:23:17.534  5206 24563 E baseline.com.newsblur.network.APIResponse: 	at java.util.concurrent.ThreadPoolExecutor$Worker.run(ThreadPoolExecutor.java:588)
08-05 21:23:17.534  5206 24563 E baseline.com.newsblur.network.APIResponse: 	at java.lang.Thread.run(Thread.java:818)
08-05 21:23:17.534  5206 24563 E baseline.com.newsblur.network.APIResponse: Caused by: java.io.EOFException: \n not found: limit=0 content=
08-05 21:23:17.534  5206 24563 E baseline.com.newsblur.network.APIResponse: 	at okio.RealBufferedSource.readUtf8LineStrict(RealBufferedSource.java:240)
08-05 21:23:17.534  5206 24563 E baseline.com.newsblur.network.APIResponse: 	at okhttp3.internal.http1.Http1ExchangeCodec.readHeaderLine(Http1ExchangeCodec.java:242)
08-05 21:23:17.534  5206 24563 E baseline.com.newsblur.network.APIResponse: 	at okhttp3.internal.http1.Http1ExchangeCodec.readResponseHeaders(Http1ExchangeCodec.java:213)
08-05 21:23:17.534  5206 24563 E baseline.com.newsblur.network.APIResponse: 	... 30 more
08-05 21:23:17.536  5206 24563 I baseline.com.newsblur.network.APIManager: API call failed, pausing before retry number 2
08-05 21:23:17.574  5206 23687 I art     : Explicit concurrent mark sweep GC freed 1519(250KB) AllocSpace objects, 2(40KB) LOS objects, 28% free, 41MB/57MB, paused 1.458ms total 57.466ms
08-05 21:23:17.589  5206 23687 I art     : Starting a blocking GC Explicit
08-05 21:23:17.643  5206 23687 I art     : Explicit concurrent mark sweep GC freed 118(16KB) AllocSpace objects, 0(0B) LOS objects, 28% free, 40MB/56MB, paused 1.583ms total 54.121ms
08-05 21:23:17.723 24895 24895 W Atfwd_Sendcmd: AtCmdFwd service not published, waiting... retryCnt : 3
08-05 21:23:18.026  5206 24515 I art     : Starting a blocking GC Explicit
08-05 21:23:18.089  5206 24515 I art     : Explicit concurrent mark sweep GC freed 5999(296KB) AllocSpace objects, 1(20KB) LOS objects, 28% free, 41MB/57MB, paused 1.585ms total 61.879ms
08-05 21:23:18.103  5206 24515 I art     : Starting a blocking GC Explicit
08-05 21:23:18.162  5206 24515 I art     : Explicit concurrent mark sweep GC freed 225(8KB) AllocSpace objects, 0(0B) LOS objects, 28% free, 41MB/57MB, paused 1.534ms total 58.220ms
08-05 21:23:18.178  5206 24515 I art     : Starting a blocking GC Explicit
08-05 21:23:18.234  5206 24515 I art     : Explicit concurrent mark sweep GC freed 3(96B) AllocSpace objects, 0(0B) LOS objects, 28% free, 41MB/57MB, paused 1.445ms total 56.022ms
08-05 21:23:18.248  5206 24515 I art     : Starting a blocking GC Explicit
08-05 21:23:18.305  5206 24515 I art     : Explicit concurrent mark sweep GC freed 1490(58KB) AllocSpace objects, 0(0B) LOS objects, 28% free, 41MB/57MB, paused 1.663ms total 56.435ms
08-05 21:23:18.319  5206 24515 I art     : Starting a blocking GC Explicit
08-05 21:23:18.374  5206 24515 I art     : Explicit concurrent mark sweep GC freed 432(18KB) AllocSpace objects, 0(0B) LOS objects, 28% free, 41MB/57MB, paused 1.478ms total 55.024ms
08-05 21:23:18.772  5206 23889 I art     : Starting a blocking GC Explicit
08-05 21:23:18.835  5206 23889 I art     : Explicit concurrent mark sweep GC freed 1559(99KB) AllocSpace objects, 1(20KB) LOS objects, 28% free, 41MB/57MB, paused 1.568ms total 62.284ms
08-05 21:23:18.853  5206 23889 I art     : Starting a blocking GC Explicit
08-05 21:23:18.910  5206 23889 I art     : Explicit concurrent mark sweep GC freed 44(1520B) AllocSpace objects, 0(0B) LOS objects, 28% free, 41MB/57MB, paused 1.504ms total 56.603ms
08-05 21:23:18.924  5206 23889 I art     : Starting a blocking GC Explicit
08-05 21:23:18.981  5206 23889 I art     : Explicit concurrent mark sweep GC freed 3(96B) AllocSpace objects, 0(0B) LOS objects, 28% free, 41MB/57MB, paused 1.372ms total 56.049ms
08-05 21:23:18.994  5206 23889 I art     : Starting a blocking GC Explicit
08-05 21:23:19.052  5206 23889 I art     : Explicit concurrent mark sweep GC freed 3(96B) AllocSpace objects, 0(0B) LOS objects, 28% free, 41MB/57MB, paused 1.501ms total 56.977ms
08-05 21:23:19.066  5206 23889 I art     : Starting a blocking GC Explicit
08-05 21:23:19.125  5206 23889 I art     : Explicit concurrent mark sweep GC freed 3(96B) AllocSpace objects, 0(0B) LOS objects, 28% free, 41MB/57MB, paused 1.464ms total 58.192ms
08-05 21:23:19.532  5206  5220 I art     : Starting a blocking GC Explicit
08-05 21:23:19.592  5206  5220 I art     : Explicit concurrent mark sweep GC freed 1443(83KB) AllocSpace objects, 1(20KB) LOS objects, 28% free, 41MB/57MB, paused 1.543ms total 60.129ms
08-05 21:23:19.609  5206  5220 I art     : Starting a blocking GC Explicit
08-05 21:23:19.664  5206  5220 I art     : Explicit concurrent mark sweep GC freed 22(784B) AllocSpace objects, 0(0B) LOS objects, 28% free, 41MB/57MB, paused 1.499ms total 55.031ms
08-05 21:23:19.678  5206  5220 I art     : Starting a blocking GC Explicit
08-05 21:23:19.737  5206  5220 I art     : Explicit concurrent mark sweep GC freed 3(96B) AllocSpace objects, 0(0B) LOS objects, 28% free, 41MB/57MB, paused 1.439ms total 57.978ms
08-05 21:23:19.751  5206  5220 I art     : Starting a blocking GC Explicit
08-05 21:23:19.807  5206  5220 I art     : Explicit concurrent mark sweep GC freed 3(96B) AllocSpace objects, 0(0B) LOS objects, 28% free, 41MB/57MB, paused 1.536ms total 55.685ms
08-05 21:23:19.821  5206  5220 I art     : Starting a blocking GC Explicit
08-05 21:23:19.880  5206  5220 I art     : Explicit concurrent mark sweep GC freed 3(96B) AllocSpace objects, 0(0B) LOS objects, 28% free, 41MB/57MB, paused 1.489ms total 58.616ms
08-05 21:23:20.298  5206  5219 I art     : Starting a blocking GC Explicit
08-05 21:23:20.360  5206  5219 I art     : Explicit concurrent mark sweep GC freed 1444(83KB) AllocSpace objects, 1(20KB) LOS objects, 28% free, 41MB/57MB, paused 1.567ms total 61.322ms
08-05 21:23:20.379  5206  5219 I art     : Starting a blocking GC Explicit
08-05 21:23:20.433  5206  5219 I art     : Explicit concurrent mark sweep GC freed 22(784B) AllocSpace objects, 0(0B) LOS objects, 28% free, 41MB/57MB, paused 1.473ms total 54.376ms
08-05 21:23:20.447  5206  5219 I art     : Starting a blocking GC Explicit
08-05 21:23:20.504  5206  5219 I art     : Explicit concurrent mark sweep GC freed 3(96B) AllocSpace objects, 0(0B) LOS objects, 28% free, 41MB/57MB, paused 1.429ms total 56.281ms
08-05 21:23:20.518  5206  5219 I art     : Starting a blocking GC Explicit
08-05 21:23:20.523   518   646 I ThermalEngine: ACTION: GPU - Setting GPU[0] to 510000000
08-05 21:23:20.571  5206  5219 I art     : Explicit concurrent mark sweep GC freed 94(3KB) AllocSpace objects, 0(0B) LOS objects, 28% free, 41MB/57MB, paused 1.188ms total 52.150ms
08-05 21:23:20.582  5206  5219 I art     : Starting a blocking GC Explicit
08-05 21:23:20.625  5206  5219 I art     : Explicit concurrent mark sweep GC freed 9(352B) AllocSpace objects, 0(0B) LOS objects, 28% free, 41MB/57MB, paused 1.157ms total 43.176ms
08-05 21:23:20.989  5206 23687 I art     : Starting a blocking GC Explicit
08-05 21:23:21.034  5206 23687 I art     : Explicit concurrent mark sweep GC freed 1517(88KB) AllocSpace objects, 1(20KB) LOS objects, 28% free, 41MB/57MB, paused 1.113ms total 44.438ms
08-05 21:23:21.045  5206 23687 I art     : Starting a blocking GC Explicit
08-05 21:23:21.089  5206 23687 I art     : Explicit concurrent mark sweep GC freed 22(784B) AllocSpace objects, 0(0B) LOS objects, 28% free, 41MB/57MB, paused 1.097ms total 43.342ms
08-05 21:23:21.100  5206 23687 I art     : Starting a blocking GC Explicit
08-05 21:23:21.145  5206 23687 I art     : Explicit concurrent mark sweep GC freed 3(96B) AllocSpace objects, 0(0B) LOS objects, 28% free, 41MB/57MB, paused 1.075ms total 44.419ms
08-05 21:23:21.157  5206 23687 I art     : Starting a blocking GC Explicit
08-05 21:23:21.200  5206 23687 I art     : Explicit concurrent mark sweep GC freed 1569(61KB) AllocSpace objects, 0(0B) LOS objects, 28% free, 41MB/57MB, paused 1.176ms total 43.527ms
08-05 21:23:21.211  5206 23687 I art     : Starting a blocking GC Explicit
08-05 21:23:21.247  5206 24563 E baseline.com.newsblur.network.APIResponse: Error (unexpected end of stream on https://www.newsblur.com/...) calling https://www.newsblur.com/reader/mark_story_hashes_as_read/
08-05 21:23:21.247  5206 24563 E baseline.com.newsblur.network.APIResponse: java.io.IOException: unexpected end of stream on https://www.newsblur.com/...
08-05 21:23:21.247  5206 24563 E baseline.com.newsblur.network.APIResponse: 	at okhttp3.internal.http1.Http1ExchangeCodec.readResponseHeaders(Http1ExchangeCodec.java:236)
08-05 21:23:21.247  5206 24563 E baseline.com.newsblur.network.APIResponse: 	at okhttp3.internal.connection.Exchange.readResponseHeaders(Exchange.java:115)
08-05 21:23:21.247  5206 24563 E baseline.com.newsblur.network.APIResponse: 	at okhttp3.internal.http.CallServerInterceptor.intercept(CallServerInterceptor.java:94)
08-05 21:23:21.247  5206 24563 E baseline.com.newsblur.network.APIResponse: 	at okhttp3.internal.http.RealInterceptorChain.proceed(RealInterceptorChain.java:142)
08-05 21:23:21.247  5206 24563 E baseline.com.newsblur.network.APIResponse: 	at okhttp3.internal.connection.ConnectInterceptor.intercept(ConnectInterceptor.java:43)
08-05 21:23:21.247  5206 24563 E baseline.com.newsblur.network.APIResponse: 	at okhttp3.internal.http.RealInterceptorChain.proceed(RealInterceptorChain.java:142)
08-05 21:23:21.247  5206 24563 E baseline.com.newsblur.network.APIResponse: 	at okhttp3.internal.http.RealInterceptorChain.proceed(RealInterceptorChain.java:117)
08-05 21:23:21.247  5206 24563 E baseline.com.newsblur.network.APIResponse: 	at okhttp3.internal.cache.CacheInterceptor.intercept(CacheInterceptor.java:94)
08-05 21:23:21.247  5206 24563 E baseline.com.newsblur.network.APIResponse: 	at okhttp3.internal.http.RealInterceptorChain.proceed(RealInterceptorChain.java:142)
08-05 21:23:21.247  5206 24563 E baseline.com.newsblur.network.APIResponse: 	at okhttp3.internal.http.RealInterceptorChain.proceed(RealInterceptorChain.java:117)
08-05 21:23:21.247  5206 24563 E baseline.com.newsblur.network.APIResponse: 	at okhttp3.internal.http.BridgeInterceptor.intercept(BridgeInterceptor.java:93)
08-05 21:23:21.247  5206 24563 E baseline.com.newsblur.network.APIResponse: 	at okhttp3.internal.http.RealInterceptorChain.proceed(RealInterceptorChain.java:142)
08-05 21:23:21.247  5206 24563 E baseline.com.newsblur.network.APIResponse: 	at okhttp3.internal.http.RetryAndFollowUpInterceptor.intercept(RetryAndFollowUpInterceptor.java:88)
08-05 21:23:21.247  5206 24563 E baseline.com.newsblur.network.APIResponse: 	at okhttp3.internal.http.RealInterceptorChain.proceed(RealInterceptorChain.java:142)
08-05 21:23:21.247  5206 24563 E baseline.com.newsblur.network.APIResponse: 	at okhttp3.internal.http.RealInterceptorChain.proceed(RealInterceptorChain.java:117)
08-05 21:23:21.247  5206 24563 E baseline.com.newsblur.network.APIResponse: 	at okhttp3.RealCall.getResponseWithInterceptorChain(RealCall.java:229)
08-05 21:23:21.247  5206 24563 E baseline.com.newsblur.network.APIResponse: 	at okhttp3.RealCall.execute(RealCall.java:81)
08-05 21:23:21.247  5206 24563 E baseline.com.newsblur.network.APIResponse: 	at baseline.com.newsblur.network.APIResponse.<init>(APIResponse.java:57)
08-05 21:23:21.247  5206 24563 E baseline.com.newsblur.network.APIResponse: 	at baseline.com.newsblur.network.APIResponse.<init>(APIResponse.java:43)
08-05 21:23:21.247  5206 24563 E baseline.com.newsblur.network.APIResponse: 	at baseline.com.newsblur.network.APIManager.post_single(APIManager.java:702)
08-05 21:23:21.247  5206 24563 E baseline.com.newsblur.network.APIResponse: 	at baseline.com.newsblur.network.APIManager.post(APIManager.java:675)
08-05 21:23:21.247  5206 24563 E baseline.com.newsblur.network.APIResponse: 	at baseline.com.newsblur.network.APIManager.post(APIManager.java:714)
08-05 21:23:21.247  5206 24563 E baseline.com.newsblur.network.APIResponse: 	at baseline.com.newsblur.network.APIManager.markStoryAsRead(APIManager.java:205)
08-05 21:23:21.247  5206 24563 E baseline.com.newsblur.network.APIResponse: 	at baseline.com.newsblur.util.ReadingAction.doRemote(ReadingAction.java:281)
08-05 21:23:21.247  5206 24563 E baseline.com.newsblur.network.APIResponse: 	at baseline.com.newsblur.service.NBSyncService.syncActions(NBSyncService.java:400)
08-05 21:23:21.247  5206 24563 E baseline.com.newsblur.network.APIResponse: 	at baseline.com.newsblur.service.NBSyncService.doSync(NBSyncService.java:298)
08-05 21:23:21.247  5206 24563 E baseline.com.newsblur.network.APIResponse: 	at baseline.com.newsblur.service.NBSyncService.access$100(NBSyncService.java:67)
08-05 21:23:21.247  5206 24563 E baseline.com.newsblur.network.APIResponse: 	at baseline.com.newsblur.service.NBSyncService$1.run(NBSyncService.java:188)
08-05 21:23:21.247  5206 24563 E baseline.com.newsblur.network.APIResponse: 	at java.util.concurrent.ThreadPoolExecutor.runWorker(ThreadPoolExecutor.java:1113)
08-05 21:23:21.247  5206 24563 E baseline.com.newsblur.network.APIResponse: 	at java.util.concurrent.ThreadPoolExecutor$Worker.run(ThreadPoolExecutor.java:588)
08-05 21:23:21.247  5206 24563 E baseline.com.newsblur.network.APIResponse: 	at java.lang.Thread.run(Thread.java:818)
08-05 21:23:21.247  5206 24563 E baseline.com.newsblur.network.APIResponse: Caused by: java.io.EOFException: \n not found: limit=0 content=
08-05 21:23:21.247  5206 24563 E baseline.com.newsblur.network.APIResponse: 	at okio.RealBufferedSource.readUtf8LineStrict(RealBufferedSource.java:240)
08-05 21:23:21.247  5206 24563 E baseline.com.newsblur.network.APIResponse: 	at okhttp3.internal.http1.Http1ExchangeCodec.readHeaderLine(Http1ExchangeCodec.java:242)
08-05 21:23:21.247  5206 24563 E baseline.com.newsblur.network.APIResponse: 	at okhttp3.internal.http1.Http1ExchangeCodec.readResponseHeaders(Http1ExchangeCodec.java:213)
08-05 21:23:21.247  5206 24563 E baseline.com.newsblur.network.APIResponse: 	... 30 more
08-05 21:23:21.249  5206 24563 I baseline.com.newsblur.service.NBSyncService: Holding reading action with server-side or network error.
08-05 21:23:21.255  5206 23687 I art     : Explicit concurrent mark sweep GC freed 872(164KB) AllocSpace objects, 1(20KB) LOS objects, 28% free, 41MB/57MB, paused 1.118ms total 43.595ms
08-05 21:23:21.263  5206 24563 W baseline.com.newsblur.service.NBSyncService: hard API failure
08-05 21:23:21.615  5206 24515 I art     : Starting a blocking GC Explicit
08-05 21:23:21.661  5206 24515 I art     : Explicit concurrent mark sweep GC freed 1981(183KB) AllocSpace objects, 4(80KB) LOS objects, 28% free, 41MB/57MB, paused 1.187ms total 44.940ms
08-05 21:23:21.675  5206 24515 I art     : Starting a blocking GC Explicit
08-05 21:23:21.715  5206 24515 I art     : Explicit concurrent mark sweep GC freed 1746(67KB) AllocSpace objects, 0(0B) LOS objects, 28% free, 41MB/57MB, paused 1.040ms total 39.338ms
08-05 21:23:21.726  5206 24515 I art     : Starting a blocking GC Explicit
08-05 21:23:21.732  5206 24563 E baseline.com.newsblur.network.APIResponse: Error (unexpected end of stream on https://www.newsblur.com/...) calling https://www.newsblur.com/reader/mark_story_hashes_as_read/
08-05 21:23:21.732  5206 24563 E baseline.com.newsblur.network.APIResponse: java.io.IOException: unexpected end of stream on https://www.newsblur.com/...
08-05 21:23:21.732  5206 24563 E baseline.com.newsblur.network.APIResponse: 	at okhttp3.internal.http1.Http1ExchangeCodec.readResponseHeaders(Http1ExchangeCodec.java:236)
08-05 21:23:21.732  5206 24563 E baseline.com.newsblur.network.APIResponse: 	at okhttp3.internal.connection.Exchange.readResponseHeaders(Exchange.java:115)
08-05 21:23:21.732  5206 24563 E baseline.com.newsblur.network.APIResponse: 	at okhttp3.internal.http.CallServerInterceptor.intercept(CallServerInterceptor.java:94)
08-05 21:23:21.732  5206 24563 E baseline.com.newsblur.network.APIResponse: 	at okhttp3.internal.http.RealInterceptorChain.proceed(RealInterceptorChain.java:142)
08-05 21:23:21.732  5206 24563 E baseline.com.newsblur.network.APIResponse: 	at okhttp3.internal.connection.ConnectInterceptor.intercept(ConnectInterceptor.java:43)
08-05 21:23:21.732  5206 24563 E baseline.com.newsblur.network.APIResponse: 	at okhttp3.internal.http.RealInterceptorChain.proceed(RealInterceptorChain.java:142)
08-05 21:23:21.732  5206 24563 E baseline.com.newsblur.network.APIResponse: 	at okhttp3.internal.http.RealInterceptorChain.proceed(RealInterceptorChain.java:117)
08-05 21:23:21.732  5206 24563 E baseline.com.newsblur.network.APIResponse: 	at okhttp3.internal.cache.CacheInterceptor.intercept(CacheInterceptor.java:94)
08-05 21:23:21.732  5206 24563 E baseline.com.newsblur.network.APIResponse: 	at okhttp3.internal.http.RealInterceptorChain.proceed(RealInterceptorChain.java:142)
08-05 21:23:21.732  5206 24563 E baseline.com.newsblur.network.APIResponse: 	at okhttp3.internal.http.RealInterceptorChain.proceed(RealInterceptorChain.java:117)
08-05 21:23:21.732  5206 24563 E baseline.com.newsblur.network.APIResponse: 	at okhttp3.internal.http.BridgeInterceptor.intercept(BridgeInterceptor.java:93)
08-05 21:23:21.732  5206 24563 E baseline.com.newsblur.network.APIResponse: 	at okhttp3.internal.http.RealInterceptorChain.proceed(RealInterceptorChain.java:142)
08-05 21:23:21.732  5206 24563 E baseline.com.newsblur.network.APIResponse: 	at okhttp3.internal.http.RetryAndFollowUpInterceptor.intercept(RetryAndFollowUpInterceptor.java:88)
08-05 21:23:21.732  5206 24563 E baseline.com.newsblur.network.APIResponse: 	at okhttp3.internal.http.RealInterceptorChain.proceed(RealInterceptorChain.java:142)
08-05 21:23:21.732  5206 24563 E baseline.com.newsblur.network.APIResponse: 	at okhttp3.internal.http.RealInterceptorChain.proceed(RealInterceptorChain.java:117)
08-05 21:23:21.732  5206 24563 E baseline.com.newsblur.network.APIResponse: 	at okhttp3.RealCall.getResponseWithInterceptorChain(RealCall.java:229)
08-05 21:23:21.732  5206 24563 E baseline.com.newsblur.network.APIResponse: 	at okhttp3.RealCall.execute(RealCall.java:81)
08-05 21:23:21.732  5206 24563 E baseline.com.newsblur.network.APIResponse: 	at baseline.com.newsblur.network.APIResponse.<init>(APIResponse.java:57)
08-05 21:23:21.732  5206 24563 E baseline.com.newsblur.network.APIResponse: 	at baseline.com.newsblur.network.APIResponse.<init>(APIResponse.java:43)
08-05 21:23:21.732  5206 24563 E baseline.com.newsblur.network.APIResponse: 	at baseline.com.newsblur.network.APIManager.post_single(APIManager.java:702)
08-05 21:23:21.732  5206 24563 E baseline.com.newsblur.network.APIResponse: 	at baseline.com.newsblur.network.APIManager.post(APIManager.java:675)
08-05 21:23:21.732  5206 24563 E baseline.com.newsblur.network.APIResponse: 	at baseline.com.newsblur.network.APIManager.post(APIManager.java:714)
08-05 21:23:21.732  5206 24563 E baseline.com.newsblur.network.APIResponse: 	at baseline.com.newsblur.network.APIManager.markStoryAsRead(APIManager.java:205)
08-05 21:23:21.732  5206 24563 E baseline.com.newsblur.network.APIResponse: 	at baseline.com.newsblur.util.ReadingAction.doRemote(ReadingAction.java:281)
08-05 21:23:21.732  5206 24563 E baseline.com.newsblur.network.APIResponse: 	at baseline.com.newsblur.service.NBSyncService.syncActions(NBSyncService.java:400)
08-05 21:23:21.732  5206 24563 E baseline.com.newsblur.network.APIResponse: 	at baseline.com.newsblur.service.NBSyncService.doSync(NBSyncService.java:298)
08-05 21:23:21.732  5206 24563 E baseline.com.newsblur.network.APIResponse: 	at baseline.com.newsblur.service.NBSyncService.access$100(NBSyncService.java:67)
08-05 21:23:21.732  5206 24563 E baseline.com.newsblur.network.APIResponse: 	at baseline.com.newsblur.service.NBSyncService$1.run(NBSyncService.java:188)
08-05 21:23:21.732  5206 24563 E baseline.com.newsblur.network.APIResponse: 	at java.util.concurrent.ThreadPoolExecutor.runWorker(ThreadPoolExecutor.java:1113)
08-05 21:23:21.732  5206 24563 E baseline.com.newsblur.network.APIResponse: 	at java.util.concurrent.ThreadPoolExecutor$Worker.run(ThreadPoolExecutor.java:588)
08-05 21:23:21.732  5206 24563 E baseline.com.newsblur.network.APIResponse: 	at java.lang.Thread.run(Thread.java:818)
08-05 21:23:21.732  5206 24563 E baseline.com.newsblur.network.APIResponse: Caused by: java.io.EOFException: \n not found: limit=0 content=
08-05 21:23:21.732  5206 24563 E baseline.com.newsblur.network.APIResponse: 	at okio.RealBufferedSource.readUtf8LineStrict(RealBufferedSource.java:240)
08-05 21:23:21.732  5206 24563 E baseline.com.newsblur.network.APIResponse: 	at okhttp3.internal.http1.Http1ExchangeCodec.readHeaderLine(Http1ExchangeCodec.java:242)
08-05 21:23:21.732  5206 24563 E baseline.com.newsblur.network.APIResponse: 	at okhttp3.internal.http1.Http1ExchangeCodec.readResponseHeaders(Http1ExchangeCodec.java:213)
08-05 21:23:21.732  5206 24563 E baseline.com.newsblur.network.APIResponse: 	... 30 more
08-05 21:23:21.733  5206 24563 I baseline.com.newsblur.network.APIManager: API call failed, pausing before retry number 1
08-05 21:23:21.766  5206 24515 I art     : Explicit concurrent mark sweep GC freed 816(196KB) AllocSpace objects, 2(40KB) LOS objects, 28% free, 41MB/57MB, paused 1.065ms total 40.747ms
08-05 21:23:21.778  5206 24515 I art     : Starting a blocking GC Explicit
08-05 21:23:21.821  5206 24515 I art     : Explicit concurrent mark sweep GC freed 109(16KB) AllocSpace objects, 0(0B) LOS objects, 28% free, 40MB/56MB, paused 1.121ms total 43.282ms
08-05 21:23:21.832  5206 24515 I art     : Starting a blocking GC Explicit
08-05 21:23:21.875  5206 24515 I art     : Explicit concurrent mark sweep GC freed 25(832B) AllocSpace objects, 0(0B) LOS objects, 28% free, 40MB/56MB, paused 1.134ms total 42.387ms
08-05 21:23:22.255  5206 23889 I art     : Starting a blocking GC Explicit
08-05 21:23:22.300  5206 23889 I art     : Explicit concurrent mark sweep GC freed 1443(83KB) AllocSpace objects, 1(20KB) LOS objects, 28% free, 40MB/56MB, paused 1.165ms total 44.552ms
08-05 21:23:22.311  5206 23889 I art     : Starting a blocking GC Explicit
08-05 21:23:22.355  5206 23889 I art     : Explicit concurrent mark sweep GC freed 22(784B) AllocSpace objects, 0(0B) LOS objects, 28% free, 40MB/56MB, paused 1.093ms total 43.840ms
08-05 21:23:22.366  5206 23889 I art     : Starting a blocking GC Explicit
08-05 21:23:22.410  5206 23889 I art     : Explicit concurrent mark sweep GC freed 3(96B) AllocSpace objects, 0(0B) LOS objects, 28% free, 40MB/56MB, paused 1.123ms total 43.030ms
08-05 21:23:22.421  5206 23889 I art     : Starting a blocking GC Explicit
08-05 21:23:22.464  5206 23889 I art     : Explicit concurrent mark sweep GC freed 3(96B) AllocSpace objects, 0(0B) LOS objects, 28% free, 40MB/56MB, paused 1.146ms total 43.123ms
08-05 21:23:22.475  5206 23889 I art     : Starting a blocking GC Explicit
08-05 21:23:22.520  5206 23889 I art     : Explicit concurrent mark sweep GC freed 3(96B) AllocSpace objects, 0(0B) LOS objects, 28% free, 40MB/56MB, paused 1.148ms total 44.230ms
08-05 21:23:22.894  5206  5220 I art     : Starting a blocking GC Explicit
