08-05 21:22:23.566  5206 24238 E baseline.com.newsblur.network.APIResponse: Caused by: java.io.EOFException: \n not found: limit=0 content=
08-05 21:22:23.566  5206 24238 E baseline.com.newsblur.network.APIResponse: 	at okio.RealBufferedSource.readUtf8LineStrict(RealBufferedSource.java:240)
08-05 21:22:23.566  5206 24238 E baseline.com.newsblur.network.APIResponse: 	at okhttp3.internal.http1.Http1ExchangeCodec.readHeaderLine(Http1ExchangeCodec.java:242)
08-05 21:22:23.566  5206 24238 E baseline.com.newsblur.network.APIResponse: 	at okhttp3.internal.http1.Http1ExchangeCodec.readResponseHeaders(Http1ExchangeCodec.java:213)
08-05 21:22:23.566  5206 24238 E baseline.com.newsblur.network.APIResponse: 	... 30 more
08-05 21:22:23.569  5206 24238 I baseline.com.newsblur.service.NBSyncService: Holding reading action with server-side or network error.
08-05 21:22:23.571  5206  5219 I art     : Starting a blocking GC Explicit
08-05 21:22:23.603  5206 24238 W baseline.com.newsblur.service.NBSyncService: hard API failure
08-05 21:22:23.624  5206  5219 I art     : Explicit concurrent mark sweep GC freed 1070(247KB) AllocSpace objects, 4(80KB) LOS objects, 30% free, 36MB/52MB, paused 2.482ms total 53.482ms
08-05 21:22:23.645  5206  5219 I art     : Starting a blocking GC Explicit
08-05 21:22:23.686  5206  5219 I art     : Explicit concurrent mark sweep GC freed 869(173KB) AllocSpace objects, 11(220KB) LOS objects, 30% free, 36MB/52MB, paused 1.474ms total 40.373ms
08-05 21:22:23.703  5206  5219 I art     : Starting a blocking GC Explicit
08-05 21:22:23.747  5206  5219 I art     : Explicit concurrent mark sweep GC freed 453(16KB) AllocSpace objects, 0(0B) LOS objects, 30% free, 36MB/52MB, paused 1.734ms total 43.765ms
08-05 21:22:24.136  5206 23889 I art     : Starting a blocking GC Explicit
08-05 21:22:24.181  5206 23889 I art     : Explicit concurrent mark sweep GC freed 1401(80KB) AllocSpace objects, 1(20KB) LOS objects, 30% free, 36MB/52MB, paused 1.758ms total 44.624ms
08-05 21:22:24.200  5206 23889 I art     : Starting a blocking GC Explicit
08-05 21:22:24.244  5206 23889 I art     : Explicit concurrent mark sweep GC freed 20(704B) AllocSpace objects, 0(0B) LOS objects, 30% free, 36MB/52MB, paused 1.886ms total 43.434ms
08-05 21:22:24.262  5206 23889 I art     : Starting a blocking GC Explicit
08-05 21:22:24.305  5206 23889 I art     : Explicit concurrent mark sweep GC freed 3(96B) AllocSpace objects, 0(0B) LOS objects, 30% free, 36MB/52MB, paused 1.807ms total 42.981ms
08-05 21:22:24.323  5206 23889 I art     : Starting a blocking GC Explicit
08-05 21:22:24.367  5206 23889 I art     : Explicit concurrent mark sweep GC freed 3(96B) AllocSpace objects, 0(0B) LOS objects, 30% free, 36MB/52MB, paused 1.736ms total 43.551ms
08-05 21:22:24.385  5206 23889 I art     : Starting a blocking GC Explicit
08-05 21:22:24.430  5206 23889 I art     : Explicit concurrent mark sweep GC freed 3(96B) AllocSpace objects, 0(0B) LOS objects, 30% free, 36MB/52MB, paused 1.903ms total 43.969ms
08-05 21:22:24.836  5206  5220 I art     : Starting a blocking GC Explicit
08-05 21:22:24.881  5206  5220 I art     : Explicit concurrent mark sweep GC freed 1398(80KB) AllocSpace objects, 1(20KB) LOS objects, 30% free, 36MB/52MB, paused 1.733ms total 44.624ms
08-05 21:22:24.881  5206  5218 I art     : WaitForGcToComplete blocked for 18.074ms for cause HeapTrim
08-05 21:22:24.900  5206  5220 I art     : Starting a blocking GC Explicit
08-05 21:22:24.943  5206  5220 I art     : Explicit concurrent mark sweep GC freed 20(704B) AllocSpace objects, 0(0B) LOS objects, 30% free, 36MB/52MB, paused 1.843ms total 42.941ms
08-05 21:22:24.961  5206  5220 I art     : Starting a blocking GC Explicit
08-05 21:22:25.005  5206  5220 I art     : Explicit concurrent mark sweep GC freed 3(96B) AllocSpace objects, 0(0B) LOS objects, 30% free, 36MB/52MB, paused 1.519ms total 43.397ms
08-05 21:22:25.023  5206  5220 I art     : Starting a blocking GC Explicit
08-05 21:22:25.067  5206  5220 I art     : Explicit concurrent mark sweep GC freed 3(96B) AllocSpace objects, 0(0B) LOS objects, 30% free, 36MB/52MB, paused 1.796ms total 43.699ms
08-05 21:22:25.085  5206  5220 I art     : Starting a blocking GC Explicit
08-05 21:22:25.129  5206  5220 I art     : Explicit concurrent mark sweep GC freed 3(96B) AllocSpace objects, 0(0B) LOS objects, 30% free, 36MB/52MB, paused 1.644ms total 43.655ms
08-05 21:22:25.433   518   646 I ThermalEngine: ACTION: GPU - Setting GPU[0] to 450000000
08-05 21:22:25.496  5206 23687 I art     : Starting a blocking GC Explicit
08-05 21:22:25.532  5206 23687 I art     : Explicit concurrent mark sweep GC freed 1398(80KB) AllocSpace objects, 1(20KB) LOS objects, 30% free, 36MB/52MB, paused 1.191ms total 35.787ms
08-05 21:22:25.544  5206 23687 I art     : Starting a blocking GC Explicit
08-05 21:22:25.578  5206 23687 I art     : Explicit concurrent mark sweep GC freed 20(704B) AllocSpace objects, 0(0B) LOS objects, 30% free, 36MB/52MB, paused 1.138ms total 33.650ms
08-05 21:22:25.590  5206 23687 I art     : Starting a blocking GC Explicit
08-05 21:22:25.624  5206 23687 I art     : Explicit concurrent mark sweep GC freed 3(96B) AllocSpace objects, 0(0B) LOS objects, 30% free, 36MB/52MB, paused 1.115ms total 34.316ms
08-05 21:22:25.636  5206 23687 I art     : Starting a blocking GC Explicit
08-05 21:22:25.674  5206 23687 I art     : Explicit concurrent mark sweep GC freed 3(96B) AllocSpace objects, 0(0B) LOS objects, 30% free, 36MB/52MB, paused 1.141ms total 37.503ms
08-05 21:22:25.687  5206 23687 I art     : Starting a blocking GC Explicit
08-05 21:22:25.724  5206 23687 I art     : Explicit concurrent mark sweep GC freed 3(96B) AllocSpace objects, 0(0B) LOS objects, 30% free, 36MB/52MB, paused 1.133ms total 37.133ms
08-05 21:22:25.874   918  3188 I hubconnection: sensorhub said: 'set_bias 3: -6.2400, 0.0000, 0.0000'
08-05 21:22:26.079  5206  5219 I art     : Starting a blocking GC Explicit
08-05 21:22:26.118  5206  5219 I art     : Explicit concurrent mark sweep GC freed 1398(80KB) AllocSpace objects, 1(20KB) LOS objects, 30% free, 36MB/52MB, paused 1.341ms total 38.795ms
08-05 21:22:26.133  5206  5219 I art     : Starting a blocking GC Explicit
08-05 21:22:26.169  5206  5219 I art     : Explicit concurrent mark sweep GC freed 20(704B) AllocSpace objects, 0(0B) LOS objects, 30% free, 36MB/52MB, paused 1.142ms total 35.351ms
08-05 21:22:26.181  5206  5219 I art     : Starting a blocking GC Explicit
08-05 21:22:26.217  5206  5219 I art     : Explicit concurrent mark sweep GC freed 3(96B) AllocSpace objects, 0(0B) LOS objects, 30% free, 36MB/52MB, paused 1.041ms total 35.456ms
08-05 21:22:26.230  5206  5219 I art     : Starting a blocking GC Explicit
08-05 21:22:26.265  5206  5219 I art     : Explicit concurrent mark sweep GC freed 3(96B) AllocSpace objects, 0(0B) LOS objects, 30% free, 36MB/52MB, paused 1.053ms total 34.898ms
08-05 21:22:26.277  5206  5219 I art     : Starting a blocking GC Explicit
08-05 21:22:26.314  5206  5219 I art     : Explicit concurrent mark sweep GC freed 3(96B) AllocSpace objects, 0(0B) LOS objects, 30% free, 36MB/52MB, paused 1.087ms total 36.798ms
08-05 21:22:26.667  5206 23889 I art     : Starting a blocking GC Explicit
08-05 21:22:26.705  5206 23889 I art     : Explicit concurrent mark sweep GC freed 1398(80KB) AllocSpace objects, 1(20KB) LOS objects, 30% free, 36MB/52MB, paused 1.148ms total 37.885ms
08-05 21:22:26.719  5206 23889 I art     : Starting a blocking GC Explicit
08-05 21:22:26.755  5206 23889 I art     : Explicit concurrent mark sweep GC freed 20(704B) AllocSpace objects, 0(0B) LOS objects, 30% free, 36MB/52MB, paused 1.034ms total 35.632ms
08-05 21:22:26.767  5206 23889 I art     : Starting a blocking GC Explicit
08-05 21:22:26.804  5206 23889 I art     : Explicit concurrent mark sweep GC freed 3(96B) AllocSpace objects, 0(0B) LOS objects, 30% free, 36MB/52MB, paused 1.130ms total 36.611ms
08-05 21:22:26.816  5206 23889 I art     : Starting a blocking GC Explicit
08-05 21:22:26.853  5206 23889 I art     : Explicit concurrent mark sweep GC freed 3(96B) AllocSpace objects, 0(0B) LOS objects, 30% free, 36MB/52MB, paused 1.119ms total 36.277ms
08-05 21:22:26.865  5206 23889 I art     : Starting a blocking GC Explicit
08-05 21:22:26.900  5206 23889 I art     : Explicit concurrent mark sweep GC freed 3(96B) AllocSpace objects, 0(0B) LOS objects, 30% free, 36MB/52MB, paused 1.165ms total 35.280ms
08-05 21:22:27.247  5206  5220 I art     : Starting a blocking GC Explicit
08-05 21:22:27.285  5206  5220 I art     : Explicit concurrent mark sweep GC freed 1398(80KB) AllocSpace objects, 1(20KB) LOS objects, 30% free, 36MB/52MB, paused 1.168ms total 37.382ms
08-05 21:22:27.298  5206  5220 I art     : Starting a blocking GC Explicit
08-05 21:22:27.335  5206  5220 I art     : Explicit concurrent mark sweep GC freed 31(1552B) AllocSpace objects, 0(0B) LOS objects, 30% free, 36MB/52MB, paused 1.056ms total 36.503ms
08-05 21:22:27.347  5206  5220 I art     : Starting a blocking GC Explicit
08-05 21:22:27.383  5206  5220 I art     : Explicit concurrent mark sweep GC freed 11(256B) AllocSpace objects, 0(0B) LOS objects, 30% free, 36MB/52MB, paused 1.115ms total 36.237ms
08-05 21:22:27.396  5206  5220 I art     : Starting a blocking GC Explicit
08-05 21:22:27.433  5206  5220 I art     : Explicit concurrent mark sweep GC freed 9(320B) AllocSpace objects, 0(0B) LOS objects, 30% free, 36MB/52MB, paused 1.102ms total 37.290ms
08-05 21:22:27.446  5206  5220 I art     : Starting a blocking GC Explicit
08-05 21:22:27.483  5206  5220 I art     : Explicit concurrent mark sweep GC freed 3(96B) AllocSpace objects, 0(0B) LOS objects, 30% free, 36MB/52MB, paused 1.078ms total 36.681ms
08-05 21:22:27.855  5206 23687 I art     : Starting a blocking GC Explicit
08-05 21:22:27.894  5206 23687 I art     : Explicit concurrent mark sweep GC freed 1398(80KB) AllocSpace objects, 1(20KB) LOS objects, 30% free, 36MB/52MB, paused 1.142ms total 38.979ms
08-05 21:22:27.909  5206 23687 I art     : Starting a blocking GC Explicit
08-05 21:22:27.944  5206 23687 I art     : Explicit concurrent mark sweep GC freed 20(704B) AllocSpace objects, 0(0B) LOS objects, 30% free, 36MB/52MB, paused 1.118ms total 35.356ms
08-05 21:22:27.956  5206 23687 I art     : Starting a blocking GC Explicit
08-05 21:22:27.991  5206 23687 I art     : Explicit concurrent mark sweep GC freed 3(96B) AllocSpace objects, 0(0B) LOS objects, 30% free, 36MB/52MB, paused 1.098ms total 34.207ms
08-05 21:22:28.003  5206 23687 I art     : Starting a blocking GC Explicit
08-05 21:22:28.039  5206 23687 I art     : Explicit concurrent mark sweep GC freed 3(96B) AllocSpace objects, 0(0B) LOS objects, 30% free, 36MB/52MB, paused 1.145ms total 35.851ms
08-05 21:22:28.051  5206 23687 I art     : Starting a blocking GC Explicit
08-05 21:22:28.088  5206 23687 I art     : Explicit concurrent mark sweep GC freed 3(96B) AllocSpace objects, 0(0B) LOS objects, 30% free, 36MB/52MB, paused 1.174ms total 36.650ms
08-05 21:22:28.437   518   646 I ThermalEngine: ACTION: GPU - Setting GPU[0] to 510000000
08-05 21:22:28.448  5206  5219 I art     : Starting a blocking GC Explicit
08-05 21:22:28.486  5206  5219 I art     : Explicit concurrent mark sweep GC freed 1398(80KB) AllocSpace objects, 1(20KB) LOS objects, 30% free, 36MB/52MB, paused 855us total 36.724ms
08-05 21:22:28.498  5206  5219 I art     : Starting a blocking GC Explicit
08-05 21:22:28.525  5206  5219 I art     : Explicit concurrent mark sweep GC freed 20(704B) AllocSpace objects, 0(0B) LOS objects, 30% free, 36MB/52MB, paused 792us total 26.455ms
08-05 21:22:28.534  5206  5219 I art     : Starting a blocking GC Explicit
08-05 21:22:28.561  5206  5219 I art     : Explicit concurrent mark sweep GC freed 3(96B) AllocSpace objects, 0(0B) LOS objects, 30% free, 36MB/52MB, paused 807us total 26.631ms
08-05 21:22:28.570  5206  5219 I art     : Starting a blocking GC Explicit
08-05 21:22:28.597  5206  5219 I art     : Explicit concurrent mark sweep GC freed 3(96B) AllocSpace objects, 0(0B) LOS objects, 30% free, 36MB/52MB, paused 874us total 27.061ms
08-05 21:22:28.606  5206  5219 I art     : Starting a blocking GC Explicit
08-05 21:22:28.633  5206  5219 I art     : Explicit concurrent mark sweep GC freed 3(96B) AllocSpace objects, 0(0B) LOS objects, 30% free, 36MB/52MB, paused 806us total 26.722ms
08-05 21:22:28.974  5206 23889 I art     : Starting a blocking GC Explicit
08-05 21:22:29.004  5206 23889 I art     : Explicit concurrent mark sweep GC freed 1398(80KB) AllocSpace objects, 1(20KB) LOS objects, 30% free, 36MB/52MB, paused 861us total 29.665ms
08-05 21:22:29.015  5206 23889 I art     : Starting a blocking GC Explicit
08-05 21:22:29.042  5206 23889 I art     : Explicit concurrent mark sweep GC freed 20(704B) AllocSpace objects, 0(0B) LOS objects, 30% free, 36MB/52MB, paused 812us total 26.429ms
08-05 21:22:29.051  5206 23889 I art     : Starting a blocking GC Explicit
08-05 21:22:29.078  5206 23889 I art     : Explicit concurrent mark sweep GC freed 3(96B) AllocSpace objects, 0(0B) LOS objects, 30% free, 36MB/52MB, paused 934us total 26.559ms
08-05 21:22:29.087  5206 23889 I art     : Starting a blocking GC Explicit
08-05 21:22:29.113  5206 23889 I art     : Explicit concurrent mark sweep GC freed 3(96B) AllocSpace objects, 0(0B) LOS objects, 30% free, 36MB/52MB, paused 837us total 26.730ms
08-05 21:22:29.123  5206 23889 I art     : Starting a blocking GC Explicit
08-05 21:22:29.149  5206 23889 I art     : Explicit concurrent mark sweep GC freed 3(96B) AllocSpace objects, 0(0B) LOS objects, 30% free, 36MB/52MB, paused 897us total 26.740ms
08-05 21:22:29.427 24478 24478 D AndroidRuntime: >>>>>> START com.android.internal.os.RuntimeInit uid 2000 <<<<<<
08-05 21:22:29.433 24478 24478 D AndroidRuntime: CheckJNI is OFF
08-05 21:22:29.467 24478 24478 D ICU     : No timezone override file found: /data/misc/zoneinfo/current/icu/icu_tzdata.dat
08-05 21:22:29.480  5206  5220 I art     : Starting a blocking GC Explicit
08-05 21:22:29.501 24478 24478 I Radio-JNI: register_android_hardware_Radio DONE
08-05 21:22:29.509  5206  5220 I art     : Explicit concurrent mark sweep GC freed 1398(80KB) AllocSpace objects, 1(20KB) LOS objects, 30% free, 36MB/52MB, paused 948us total 28.235ms
08-05 21:22:29.518  5206  5220 I art     : Starting a blocking GC Explicit
08-05 21:22:29.524 24478 24478 D AndroidRuntime: Calling main entry com.android.commands.input.Input
08-05 21:22:29.526 24478 24478 I Input   : injectKeyEvent: KeyEvent { action=ACTION_DOWN, keyCode=KEYCODE_BACK, scanCode=0, metaState=0, flags=0x0, repeatCount=0, eventTime=825765939, downTime=825765939, deviceId=-1, source=0x101 }
08-05 21:22:29.533 24478 24478 I Input   : injectKeyEvent: KeyEvent { action=ACTION_UP, keyCode=KEYCODE_BACK, scanCode=0, metaState=0, flags=0x0, repeatCount=0, eventTime=825765939, downTime=825765939, deviceId=-1, source=0x101 }
08-05 21:22:29.539 24478 24478 D AndroidRuntime: Shutting down VM
08-05 21:22:29.550  5206  5220 I art     : Explicit concurrent mark sweep GC freed 159(11KB) AllocSpace objects, 1(20KB) LOS objects, 30% free, 36MB/52MB, paused 1.221ms total 31.641ms
08-05 21:22:29.560  5206  5220 I art     : Starting a blocking GC Explicit
08-05 21:22:29.584  5206  5220 I art     : Explicit concurrent mark sweep GC freed 98(28KB) AllocSpace objects, 1(20KB) LOS objects, 30% free, 36MB/52MB, paused 818us total 23.068ms
08-05 21:22:29.592  5206  5220 I art     : Starting a blocking GC Explicit
08-05 21:22:29.616  5206  5220 I art     : Explicit concurrent mark sweep GC freed 13(480B) AllocSpace objects, 0(0B) LOS objects, 30% free, 36MB/52MB, paused 851us total 23.662ms
08-05 21:22:29.624  5206  5220 I art     : Starting a blocking GC Explicit
08-05 21:22:29.649  5206  5220 I art     : Explicit concurrent mark sweep GC freed 607(44KB) AllocSpace objects, 1(20KB) LOS objects, 30% free, 36MB/52MB, paused 767us total 24.612ms
08-05 21:22:29.654 13866 13866 I GoogleInputMethodServic: GoogleInputMethodService.onFinishInput():3138 
08-05 21:22:29.654 13866 13866 I GoogleInputMethodServic: GoogleInputMethodService.onStartInput():1808 
08-05 21:22:29.931  5206  5219 I art     : Starting a blocking GC Explicit
08-05 21:22:29.960  5206  5219 I art     : Explicit concurrent mark sweep GC freed 3793(283KB) AllocSpace objects, 8(168KB) LOS objects, 30% free, 36MB/52MB, paused 854us total 28.190ms
08-05 21:22:29.961  5206  5218 I art     : WaitForGcToComplete blocked for 17.409ms for cause HeapTrim
08-05 21:22:29.969  5206  5219 I art     : Starting a blocking GC Explicit
08-05 21:22:29.999  5206  5219 I art     : Explicit concurrent mark sweep GC freed 627(28KB) AllocSpace objects, 0(0B) LOS objects, 30% free, 36MB/52MB, paused 1.429ms total 30.080ms
08-05 21:22:30.009  5206  5219 I art     : Starting a blocking GC Explicit
08-05 21:22:30.036  5206  5219 I art     : Explicit concurrent mark sweep GC freed 895(43KB) AllocSpace objects, 0(0B) LOS objects, 30% free, 36MB/52MB, paused 1.055ms total 27.593ms
08-05 21:22:30.045  5206  5219 I art     : Starting a blocking GC Explicit
08-05 21:22:30.070  5206  5219 I art     : Explicit concurrent mark sweep GC freed 114(5KB) AllocSpace objects, 0(0B) LOS objects, 30% free, 36MB/52MB, paused 914us total 25.035ms
08-05 21:22:30.080  5206  5219 I art     : Starting a blocking GC Explicit
08-05 21:22:30.107  5206  5219 I art     : Explicit concurrent mark sweep GC freed 31(1200B) AllocSpace objects, 0(0B) LOS objects, 30% free, 36MB/52MB, paused 984us total 26.768ms
08-05 21:22:30.225  5206 24501 I NAPPA_EXPERIMENTATION: MetricNetworkRequestExecutionTime: REQUEST_DURATION_SYSTEM='562',REQUEST_DURATION_OKHTTP='38',REQUEST_SYNCHRONOUS='TRUE',RESPONSE_CODE='200',RESPONSE_METHOD='GET',RESPONSE_LENGTH_OKHTTP='-1',RESPONSE_LENGTH_HEADER='12364',REQUEST_PROTOCOL='http/1.1',REQUEST_URL='https://www.newsblur.com/social/river_stories?order=newest&page=2&read_filter=all&global_feed=true',
08-05 21:22:30.225  5206 24501 D MY_TAG  : 0, 562
08-05 21:22:30.401  5206  5220 I art     : Starting a blocking GC Explicit
08-05 21:22:30.439  5206  5220 I art     : Explicit concurrent mark sweep GC freed 37491(2MB) AllocSpace objects, 36(1060KB) LOS objects, 30% free, 37MB/53MB, paused 974us total 38.224ms
08-05 21:22:30.452  5206  5220 I art     : Starting a blocking GC Explicit
08-05 21:22:30.480  5206  5220 I art     : Explicit concurrent mark sweep GC freed 3300(317KB) AllocSpace objects, 0(0B) LOS objects, 30% free, 36MB/52MB, paused 890us total 27.829ms
08-05 21:22:30.488  5206  5220 I art     : Starting a blocking GC Explicit
08-05 21:22:30.518  5206  5220 I art     : Explicit concurrent mark sweep GC freed 6(192B) AllocSpace objects, 0(0B) LOS objects, 30% free, 36MB/52MB, paused 888us total 29.331ms
08-05 21:22:30.528  5206  5220 I art     : Starting a blocking GC Explicit
08-05 21:22:30.558  5206  5220 I art     : Explicit concurrent mark sweep GC freed 9(288B) AllocSpace objects, 0(0B) LOS objects, 30% free, 36MB/52MB, paused 1.095ms total 29.327ms
08-05 21:22:30.569  5206  5220 I art     : Starting a blocking GC Explicit
08-05 21:22:30.601  5206  5220 I art     : Explicit concurrent mark sweep GC freed 8(256B) AllocSpace objects, 0(0B) LOS objects, 30% free, 36MB/52MB, paused 887us total 31.575ms
08-05 21:22:30.916  5206 23889 I art     : Starting a blocking GC Explicit
08-05 21:22:30.951  5206 23889 I art     : Explicit concurrent mark sweep GC freed 1442(82KB) AllocSpace objects, 1(20KB) LOS objects, 30% free, 36MB/52MB, paused 901us total 34.856ms
08-05 21:22:30.963  5206 23889 I art     : Starting a blocking GC Explicit
08-05 21:22:30.992  5206 23889 I art     : Explicit concurrent mark sweep GC freed 26(896B) AllocSpace objects, 0(0B) LOS objects, 30% free, 36MB/52MB, paused 1.016ms total 28.328ms
08-05 21:22:31.002  5206 23889 I art     : Starting a blocking GC Explicit
08-05 21:22:31.031  5206 23889 I art     : Explicit concurrent mark sweep GC freed 7(224B) AllocSpace objects, 0(0B) LOS objects, 30% free, 36MB/52MB, paused 827us total 29.398ms
08-05 21:22:31.041  5206 23889 I art     : Starting a blocking GC Explicit
08-05 21:22:31.068  5206 23889 I art     : Explicit concurrent mark sweep GC freed 7(224B) AllocSpace objects, 0(0B) LOS objects, 30% free, 36MB/52MB, paused 974us total 27.431ms
08-05 21:22:31.078  5206 23889 I art     : Starting a blocking GC Explicit
08-05 21:22:31.104  5206 23889 I art     : Explicit concurrent mark sweep GC freed 8(256B) AllocSpace objects, 0(0B) LOS objects, 30% free, 36MB/52MB, paused 993us total 26.611ms
08-05 21:22:31.203 24531 24531 D AndroidRuntime: >>>>>> START com.android.internal.os.RuntimeInit uid 2000 <<<<<<
08-05 21:22:31.208 24531 24531 D AndroidRuntime: CheckJNI is OFF
08-05 21:22:31.243 24531 24531 D ICU     : No timezone override file found: /data/misc/zoneinfo/current/icu/icu_tzdata.dat
08-05 21:22:31.277 24531 24531 I Radio-JNI: register_android_hardware_Radio DONE
08-05 21:22:31.299 24531 24531 D AndroidRuntime: Calling main entry com.android.commands.input.Input
08-05 21:22:31.300 24531 24531 I Input   : injectMotionEvent: MotionEvent { action=ACTION_DOWN, actionButton=0, id[0]=0, x[0]=435.0, y[0]=858.0, toolType[0]=TOOL_TYPE_UNKNOWN, buttonState=0, metaState=0, flags=0x0, edgeFlags=0x0, pointerCount=1, historySize=0, eventTime=825767713, downTime=825767713, deviceId=0, source=0x1002 }
08-05 21:22:31.306 24531 24531 I Input   : injectMotionEvent: MotionEvent { action=ACTION_UP, actionButton=0, id[0]=0, x[0]=435.0, y[0]=858.0, toolType[0]=TOOL_TYPE_UNKNOWN, buttonState=0, metaState=0, flags=0x0, edgeFlags=0x0, pointerCount=1, historySize=0, eventTime=825767713, downTime=825767713, deviceId=0, source=0x1002 }
08-05 21:22:31.308 24531 24531 D AndroidRuntime: Shutting down VM
08-05 21:22:31.328   512  2967 D audio_hw_primary: out_set_parameters: enter: usecase(1: low-latency-playback) kvpairs: routing=2
08-05 21:22:31.328   918  3714 I ActivityManager: START u0 {cmp=baseline.com.newsblur/.activity.GlobalSharedStoriesReading (has extras)} from uid 10676 on display 0
08-05 21:22:31.341   512  2967 D audio_hw_primary: select_devices: out_snd_device(2: speaker) in_snd_device(0: none)
08-05 21:22:31.341   512  2967 D msm8974_platform: platform_send_audio_calibration: sending audio calibration for snd_device(2) acdb_id(15)
08-05 21:22:31.341   512  2967 I soundtrigger: audio_extn_sound_trigger_update_device_status: device 0x2 of type 0 for Event 1
08-05 21:22:31.350   512  2967 D audio_hw_primary: enable_snd_device: snd_device(2: speaker)
08-05 21:22:31.352   512  2967 D audio_hw_primary: enable_audio_route: apply and update mixer path: low-latency-playback speaker
08-05 21:22:31.414   918  3261 D WifiStateMachine: starting scan for "H369AA63323"WPA_PSK with 2412,5180
08-05 21:22:31.419  5206  5219 I art     : Starting a blocking GC Explicit
08-05 21:22:31.446  5206  5219 I art     : Explicit concurrent mark sweep GC freed 2797(212KB) AllocSpace objects, 6(548KB) LOS objects, 30% free, 36MB/52MB, paused 1.309ms total 26.739ms
08-05 21:22:31.454  5206  5219 I art     : Starting a blocking GC Explicit
08-05 21:22:31.479  5206  5219 I art     : Explicit concurrent mark sweep GC freed 348(34KB) AllocSpace objects, 0(0B) LOS objects, 30% free, 36MB/52MB, paused 775us total 24.820ms
08-05 21:22:31.487  5206  5219 I art     : Starting a blocking GC Explicit
08-05 21:22:31.509   918   936 I ActivityManager: Displayed baseline.com.newsblur/.activity.GlobalSharedStoriesReading: +174ms
08-05 21:22:31.509 13866 13866 I GoogleInputMethodServic: GoogleInputMethodService.onFinishInput():3138 
08-05 21:22:31.510 13866 13866 I GoogleInputMethodServic: GoogleInputMethodService.onStartInput():1808 
08-05 21:22:31.513  5206  5219 I art     : Explicit concurrent mark sweep GC freed 528(40KB) AllocSpace objects, 1(20KB) LOS objects, 30% free, 36MB/52MB, paused 1.001ms total 25.828ms
08-05 21:22:31.522  5206  5219 I art     : Starting a blocking GC Explicit
08-05 21:22:31.552  5206  5219 I art     : Explicit concurrent mark sweep GC freed 1139(72KB) AllocSpace objects, 1(20KB) LOS objects, 30% free, 37MB/53MB, paused 1.171ms total 29.910ms
08-05 21:22:31.562  5206  5219 I art     : Starting a blocking GC Explicit
08-05 21:22:31.590  5206  5219 I art     : Explicit concurrent mark sweep GC freed 1010(73KB) AllocSpace objects, 1(20KB) LOS objects, 30% free, 37MB/53MB, paused 1.257ms total 27.988ms
08-05 21:22:31.707  5206 23678 E SQLiteLog: (9) statement aborts at 27: [SELECT authors,short_content,timestamp,sharedDate,stories.feed_id,stories._id,intelligence_authors,intelligence_feed,intelligence_tags,intelligence_total,intelligence_title,permalink,r
08-05 21:22:31.771  5206 24234 E chromium: [ERROR:tile_manager.cc(793)] WARNING: tile memory limits exceeded, some content may not draw
08-05 21:22:31.771  5206 24234 E chromium: [ERROR:tile_manager.cc(793)] WARNING: tile memory limits exceeded, some content may not draw
08-05 21:22:31.867  5206  5219 I art     : Starting a blocking GC Explicit
08-05 21:22:31.889   512  2967 D audio_hw_primary: disable_audio_route: reset and update mixer path: low-latency-playback speaker
08-05 21:22:31.890   512  2967 D audio_hw_primary: disable_snd_device: snd_device(2: speaker)
08-05 21:22:31.900   512  2967 I soundtrigger: audio_extn_sound_trigger_update_device_status: device 0x2 of type 0 for Event 0
08-05 21:22:31.902  5206  5219 I art     : Explicit concurrent mark sweep GC freed 7519(596KB) AllocSpace objects, 20(444KB) LOS objects, 29% free, 37MB/53MB, paused 960us total 34.960ms
08-05 21:22:31.913  5206  5219 I art     : Starting a blocking GC Explicit
08-05 21:22:31.947  5206  5219 I art     : Explicit concurrent mark sweep GC freed 1440(69KB) AllocSpace objects, 1(28KB) LOS objects, 29% free, 37MB/53MB, paused 859us total 33.172ms
08-05 21:22:31.957  5206  5219 I art     : Starting a blocking GC Explicit
08-05 21:22:31.986  5206  5219 I art     : Explicit concurrent mark sweep GC freed 3(96B) AllocSpace objects, 0(0B) LOS objects, 29% free, 37MB/53MB, paused 895us total 28.901ms
08-05 21:22:31.995  5206  5219 I art     : Starting a blocking GC Explicit
08-05 21:22:32.024  5206  5219 I art     : Explicit concurrent mark sweep GC freed 3(96B) AllocSpace objects, 0(0B) LOS objects, 29% free, 37MB/53MB, paused 852us total 28.666ms
08-05 21:22:32.033  5206  5219 I art     : Starting a blocking GC Explicit
08-05 21:22:32.062  5206  5219 I art     : Explicit concurrent mark sweep GC freed 3(96B) AllocSpace objects, 0(0B) LOS objects, 29% free, 37MB/53MB, paused 910us total 28.785ms
08-05 21:22:32.288  5206 24563 E baseline.com.newsblur.network.APIResponse: Error (unexpected end of stream on https://www.newsblur.com/...) calling https://www.newsblur.com/reader/mark_story_hashes_as_read/
08-05 21:22:32.288  5206 24563 E baseline.com.newsblur.network.APIResponse: java.io.IOException: unexpected end of stream on https://www.newsblur.com/...
08-05 21:22:32.288  5206 24563 E baseline.com.newsblur.network.APIResponse: 	at okhttp3.internal.http1.Http1ExchangeCodec.readResponseHeaders(Http1ExchangeCodec.java:236)
08-05 21:22:32.288  5206 24563 E baseline.com.newsblur.network.APIResponse: 	at okhttp3.internal.connection.Exchange.readResponseHeaders(Exchange.java:115)
08-05 21:22:32.288  5206 24563 E baseline.com.newsblur.network.APIResponse: 	at okhttp3.internal.http.CallServerInterceptor.intercept(CallServerInterceptor.java:94)
08-05 21:22:32.288  5206 24563 E baseline.com.newsblur.network.APIResponse: 	at okhttp3.internal.http.RealInterceptorChain.proceed(RealInterceptorChain.java:142)
08-05 21:22:32.288  5206 24563 E baseline.com.newsblur.network.APIResponse: 	at okhttp3.internal.connection.ConnectInterceptor.intercept(ConnectInterceptor.java:43)
08-05 21:22:32.288  5206 24563 E baseline.com.newsblur.network.APIResponse: 	at okhttp3.internal.http.RealInterceptorChain.proceed(RealInterceptorChain.java:142)
08-05 21:22:32.288  5206 24563 E baseline.com.newsblur.network.APIResponse: 	at okhttp3.internal.http.RealInterceptorChain.proceed(RealInterceptorChain.java:117)
08-05 21:22:32.288  5206 24563 E baseline.com.newsblur.network.APIResponse: 	at okhttp3.internal.cache.CacheInterceptor.intercept(CacheInterceptor.java:94)
08-05 21:22:32.288  5206 24563 E baseline.com.newsblur.network.APIResponse: 	at okhttp3.internal.http.RealInterceptorChain.proceed(RealInterceptorChain.java:142)
08-05 21:22:32.288  5206 24563 E baseline.com.newsblur.network.APIResponse: 	at okhttp3.internal.http.RealInterceptorChain.proceed(RealInterceptorChain.java:117)
08-05 21:22:32.288  5206 24563 E baseline.com.newsblur.network.APIResponse: 	at okhttp3.internal.http.BridgeInterceptor.intercept(BridgeInterceptor.java:93)
08-05 21:22:32.288  5206 24563 E baseline.com.newsblur.network.APIResponse: 	at okhttp3.internal.http.RealInterceptorChain.proceed(RealInterceptorChain.java:142)
08-05 21:22:32.288  5206 24563 E baseline.com.newsblur.network.APIResponse: 	at okhttp3.internal.http.RetryAndFollowUpInterceptor.intercept(RetryAndFollowUpInterceptor.java:88)
08-05 21:22:32.288  5206 24563 E baseline.com.newsblur.network.APIResponse: 	at okhttp3.internal.http.RealInterceptorChain.proceed(RealInterceptorChain.java:142)
08-05 21:22:32.288  5206 24563 E baseline.com.newsblur.network.APIResponse: 	at okhttp3.internal.http.RealInterceptorChain.proceed(RealInterceptorChain.java:117)
08-05 21:22:32.288  5206 24563 E baseline.com.newsblur.network.APIResponse: 	at okhttp3.RealCall.getResponseWithInterceptorChain(RealCall.java:229)
08-05 21:22:32.288  5206 24563 E baseline.com.newsblur.network.APIResponse: 	at okhttp3.RealCall.execute(RealCall.java:81)
08-05 21:22:32.288  5206 24563 E baseline.com.newsblur.network.APIResponse: 	at baseline.com.newsblur.network.APIResponse.<init>(APIResponse.java:57)
08-05 21:22:32.288  5206 24563 E baseline.com.newsblur.network.APIResponse: 	at baseline.com.newsblur.network.APIResponse.<init>(APIResponse.java:43)
08-05 21:22:32.288  5206 24563 E baseline.com.newsblur.network.APIResponse: 	at baseline.com.newsblur.network.APIManager.post_single(APIManager.java:702)
08-05 21:22:32.288  5206 24563 E baseline.com.newsblur.network.APIResponse: 	at baseline.com.newsblur.network.APIManager.post(APIManager.java:675)
08-05 21:22:32.288  5206 24563 E baseline.com.newsblur.network.APIResponse: 	at baseline.com.newsblur.network.APIManager.post(APIManager.java:714)
08-05 21:22:32.288  5206 24563 E baseline.com.newsblur.network.APIResponse: 	at baseline.com.newsblur.network.APIManager.markStoryAsRead(APIManager.java:205)
08-05 21:22:32.288  5206 24563 E baseline.com.newsblur.network.APIResponse: 	at baseline.com.newsblur.util.ReadingAction.doRemote(ReadingAction.java:281)
08-05 21:22:32.288  5206 24563 E baseline.com.newsblur.network.APIResponse: 	at baseline.com.newsblur.service.NBSyncService.syncActions(NBSyncService.java:400)
08-05 21:22:32.288  5206 24563 E baseline.com.newsblur.network.APIResponse: 	at baseline.com.newsblur.service.NBSyncService.doSync(NBSyncService.java:298)
08-05 21:22:32.288  5206 24563 E baseline.com.newsblur.network.APIResponse: 	at baseline.com.newsblur.service.NBSyncService.access$100(NBSyncService.java:67)
08-05 21:22:32.288  5206 24563 E baseline.com.newsblur.network.APIResponse: 	at baseline.com.newsblur.service.NBSyncService$1.run(NBSyncService.java:188)
08-05 21:22:32.288  5206 24563 E baseline.com.newsblur.network.APIResponse: 	at java.util.concurrent.ThreadPoolExecutor.runWorker(ThreadPoolExecutor.java:1113)
08-05 21:22:32.288  5206 24563 E baseline.com.newsblur.network.APIResponse: 	at java.util.concurrent.ThreadPoolExecutor$Worker.run(ThreadPoolExecutor.java:588)
08-05 21:22:32.288  5206 24563 E baseline.com.newsblur.network.APIResponse: 	at java.lang.Thread.run(Thread.java:818)
08-05 21:22:32.288  5206 24563 E baseline.com.newsblur.network.APIResponse: Caused by: java.io.EOFException: \n not found: limit=0 content=
08-05 21:22:32.288  5206 24563 E baseline.com.newsblur.network.APIResponse: 	at okio.RealBufferedSource.readUtf8LineStrict(RealBufferedSource.java:240)
08-05 21:22:32.288  5206 24563 E baseline.com.newsblur.network.APIResponse: 	at okhttp3.internal.http1.Http1ExchangeCodec.readHeaderLine(Http1ExchangeCodec.java:242)
08-05 21:22:32.288  5206 24563 E baseline.com.newsblur.network.APIResponse: 	at okhttp3.internal.http1.Http1ExchangeCodec.readResponseHeaders(Http1ExchangeCodec.java:213)
08-05 21:22:32.288  5206 24563 E baseline.com.newsblur.network.APIResponse: 	... 30 more
08-05 21:22:32.290  5206 24563 I baseline.com.newsblur.network.APIManager: API call failed, pausing before retry number 1
08-05 21:22:32.389  5206 24515 I art     : Starting a blocking GC Explicit
08-05 21:22:32.424  5206 24515 I art     : Explicit concurrent mark sweep GC freed 4688(417KB) AllocSpace objects, 6(260KB) LOS objects, 29% free, 37MB/53MB, paused 1.028ms total 35.057ms
08-05 21:22:32.435  5206 24515 I art     : Starting a blocking GC Explicit
08-05 21:22:32.447   518   646 I ThermalEngine: ACTION: GPU - Setting GPU[0] to 450000000
08-05 21:22:32.475  5206 24515 I art     : Explicit concurrent mark sweep GC freed 999(118KB) AllocSpace objects, 0(0B) LOS objects, 29% free, 37MB/53MB, paused 1.218ms total 39.894ms
08-05 21:22:32.487  5206 24515 I art     : Starting a blocking GC Explicit
08-05 21:22:32.527  5206 24515 I art     : Explicit concurrent mark sweep GC freed 3(96B) AllocSpace objects, 0(0B) LOS objects, 29% free, 37MB/53MB, paused 1.260ms total 40.052ms
08-05 21:22:32.540  5206 24515 I art     : Starting a blocking GC Explicit
08-05 21:22:32.579  5206 24515 I art     : Explicit concurrent mark sweep GC freed 3(96B) AllocSpace objects, 0(0B) LOS objects, 29% free, 37MB/53MB, paused 1.135ms total 39.243ms
08-05 21:22:32.592  5206 24515 I art     : Starting a blocking GC Explicit
08-05 21:22:32.633  5206 24515 I art     : Explicit concurrent mark sweep GC freed 3(96B) AllocSpace objects, 0(0B) LOS objects, 29% free, 37MB/53MB, paused 1.280ms total 40.906ms
08-05 21:22:32.811  5206 24234 E chromium: [ERROR:tile_manager.cc(793)] WARNING: tile memory limits exceeded, some content may not draw
08-05 21:22:32.811  5206 24234 E chromium: [ERROR:tile_manager.cc(793)] WARNING: tile memory limits exceeded, some content may not draw
08-05 21:22:32.842  5206 24234 E chromium: [ERROR:tile_manager.cc(793)] WARNING: tile memory limits exceeded, some content may not draw
08-05 21:22:32.842  5206 24234 E chromium: [ERROR:tile_manager.cc(793)] WARNING: tile memory limits exceeded, some content may not draw
08-05 21:22:32.857  5206 24234 E chromium: [ERROR:tile_manager.cc(793)] WARNING: tile memory limits exceeded, some content may not draw
08-05 21:22:32.857  5206 24234 E chromium: [ERROR:tile_manager.cc(793)] WARNING: tile memory limits exceeded, some content may not draw
08-05 21:22:32.994  5206 23889 I art     : Starting a blocking GC Explicit
08-05 21:22:33.038  5206 23889 I art     : Explicit concurrent mark sweep GC freed 1551(86KB) AllocSpace objects, 1(20KB) LOS objects, 29% free, 37MB/53MB, paused 1.425ms total 43.484ms
08-05 21:22:33.052  5206 23889 I art     : Starting a blocking GC Explicit
08-05 21:22:33.094  5206 23889 I art     : Explicit concurrent mark sweep GC freed 29(1024B) AllocSpace objects, 0(0B) LOS objects, 29% free, 37MB/53MB, paused 1.152ms total 41.812ms
08-05 21:22:33.107  5206 23889 I art     : Starting a blocking GC Explicit
08-05 21:22:33.150  5206 23889 I art     : Explicit concurrent mark sweep GC freed 3(96B) AllocSpace objects, 0(0B) LOS objects, 29% free, 37MB/53MB, paused 1.482ms total 42.045ms
08-05 21:22:33.163  5206 23889 I art     : Starting a blocking GC Explicit
08-05 21:22:33.205  5206 23889 I art     : Explicit concurrent mark sweep GC freed 3(96B) AllocSpace objects, 0(0B) LOS objects, 29% free, 37MB/53MB, paused 1.211ms total 42.045ms
08-05 21:22:33.218  5206 23889 I art     : Starting a blocking GC Explicit
08-05 21:22:33.260  5206 23889 I art     : Explicit concurrent mark sweep GC freed 3(96B) AllocSpace objects, 0(0B) LOS objects, 29% free, 37MB/53MB, paused 1.201ms total 42.148ms
08-05 21:22:33.626  5206 24515 I art     : Starting a blocking GC Explicit
08-05 21:22:33.671  5206 24515 I art     : Explicit concurrent mark sweep GC freed 1440(83KB) AllocSpace objects, 1(20KB) LOS objects, 29% free, 37MB/53MB, paused 1.356ms total 45.078ms
08-05 21:22:33.685  5206 24515 I art     : Starting a blocking GC Explicit
08-05 21:22:33.727  5206 24515 I art     : Explicit concurrent mark sweep GC freed 22(784B) AllocSpace objects, 0(0B) LOS objects, 29% free, 37MB/53MB, paused 1.301ms total 41.836ms
08-05 21:22:33.740  5206 24515 I art     : Starting a blocking GC Explicit
08-05 21:22:33.782  5206 24515 I art     : Explicit concurrent mark sweep GC freed 3(96B) AllocSpace objects, 0(0B) LOS objects, 29% free, 37MB/53MB, paused 1.154ms total 41.388ms
08-05 21:22:33.796  5206 24515 I art     : Starting a blocking GC Explicit
08-05 21:22:33.836  5206 24515 I art     : Explicit concurrent mark sweep GC freed 94(3KB) AllocSpace objects, 0(0B) LOS objects, 29% free, 37MB/53MB, paused 1.355ms total 40.623ms
08-05 21:22:33.849  5206 24515 I art     : Starting a blocking GC Explicit
08-05 21:22:33.890  5206 24515 I art     : Explicit concurrent mark sweep GC freed 77(5KB) AllocSpace objects, 0(0B) LOS objects, 29% free, 37MB/53MB, paused 1.195ms total 41.312ms
08-05 21:22:34.264  5206 23687 I art     : Starting a blocking GC Explicit
08-05 21:22:34.306  5206 23687 I art     : Explicit concurrent mark sweep GC freed 3131(149KB) AllocSpace objects, 1(20KB) LOS objects, 29% free, 37MB/53MB, paused 1.305ms total 42.157ms
08-05 21:22:34.311  5206 24563 E baseline.com.newsblur.network.APIResponse: Error (unexpected end of stream on https://www.newsblur.com/...) calling https://www.newsblur.com/reader/mark_story_hashes_as_read/
08-05 21:22:34.311  5206 24563 E baseline.com.newsblur.network.APIResponse: java.io.IOException: unexpected end of stream on https://www.newsblur.com/...
08-05 21:22:34.311  5206 24563 E baseline.com.newsblur.network.APIResponse: 	at okhttp3.internal.http1.Http1ExchangeCodec.readResponseHeaders(Http1ExchangeCodec.java:236)
08-05 21:22:34.311  5206 24563 E baseline.com.newsblur.network.APIResponse: 	at okhttp3.internal.connection.Exchange.readResponseHeaders(Exchange.java:115)
08-05 21:22:34.311  5206 24563 E baseline.com.newsblur.network.APIResponse: 	at okhttp3.internal.http.CallServerInterceptor.intercept(CallServerInterceptor.java:94)
08-05 21:22:34.311  5206 24563 E baseline.com.newsblur.network.APIResponse: 	at okhttp3.internal.http.RealInterceptorChain.proceed(RealInterceptorChain.java:142)
08-05 21:22:34.311  5206 24563 E baseline.com.newsblur.network.APIResponse: 	at okhttp3.internal.connection.ConnectInterceptor.intercept(ConnectInterceptor.java:43)
08-05 21:22:34.311  5206 24563 E baseline.com.newsblur.network.APIResponse: 	at okhttp3.internal.http.RealInterceptorChain.proceed(RealInterceptorChain.java:142)
08-05 21:22:34.311  5206 24563 E baseline.com.newsblur.network.APIResponse: 	at okhttp3.internal.http.RealInterceptorChain.proceed(RealInterceptorChain.java:117)
08-05 21:22:34.311  5206 24563 E baseline.com.newsblur.network.APIResponse: 	at okhttp3.internal.cache.CacheInterceptor.intercept(CacheInterceptor.java:94)
08-05 21:22:34.311  5206 24563 E baseline.com.newsblur.network.APIResponse: 	at okhttp3.internal.http.RealInterceptorChain.proceed(RealInterceptorChain.java:142)
08-05 21:22:34.311  5206 24563 E baseline.com.newsblur.network.APIResponse: 	at okhttp3.internal.http.RealInterceptorChain.proceed(RealInterceptorChain.java:117)
08-05 21:22:34.311  5206 24563 E baseline.com.newsblur.network.APIResponse: 	at okhttp3.internal.http.BridgeInterceptor.intercept(BridgeInterceptor.java:93)
08-05 21:22:34.311  5206 24563 E baseline.com.newsblur.network.APIResponse: 	at okhttp3.internal.http.RealInterceptorChain.proceed(RealInterceptorChain.java:142)
08-05 21:22:34.311  5206 24563 E baseline.com.newsblur.network.APIResponse: 	at okhttp3.internal.http.RetryAndFollowUpInterceptor.intercept(RetryAndFollowUpInterceptor.java:88)
08-05 21:22:34.311  5206 24563 E baseline.com.newsblur.network.APIResponse: 	at okhttp3.internal.http.RealInterceptorChain.proceed(RealInterceptorChain.java:142)
08-05 21:22:34.311  5206 24563 E baseline.com.newsblur.network.APIResponse: 	at okhttp3.internal.http.RealInterceptorChain.proceed(RealInterceptorChain.java:117)
08-05 21:22:34.311  5206 24563 E baseline.com.newsblur.network.APIResponse: 	at okhttp3.RealCall.getResponseWithInterceptorChain(RealCall.java:229)
08-05 21:22:34.311  5206 24563 E baseline.com.newsblur.network.APIResponse: 	at okhttp3.RealCall.execute(RealCall.java:81)
08-05 21:22:34.311  5206 24563 E baseline.com.newsblur.network.APIResponse: 	at baseline.com.newsblur.network.APIResponse.<init>(APIResponse.java:57)
08-05 21:22:34.311  5206 24563 E baseline.com.newsblur.network.APIResponse: 	at baseline.com.newsblur.network.APIResponse.<init>(APIResponse.java:43)
08-05 21:22:34.311  5206 24563 E baseline.com.newsblur.network.APIResponse: 	at baseline.com.newsblur.network.APIManager.post_single(APIManager.java:702)
08-05 21:22:34.311  5206 24563 E baseline.com.newsblur.network.APIResponse: 	at baseline.com.newsblur.network.APIManager.post(APIManager.java:675)
08-05 21:22:34.311  5206 24563 E baseline.com.newsblur.network.APIResponse: 	at baseline.com.newsblur.network.APIManager.post(APIManager.java:714)
08-05 21:22:34.311  5206 24563 E baseline.com.newsblur.network.APIResponse: 	at baseline.com.newsblur.network.APIManager.markStoryAsRead(APIManager.java:205)
08-05 21:22:34.311  5206 24563 E baseline.com.newsblur.network.APIResponse: 	at baseline.com.newsblur.util.ReadingAction.doRemote(ReadingAction.java:281)
08-05 21:22:34.311  5206 24563 E baseline.com.newsblur.network.APIResponse: 	at baseline.com.newsblur.service.NBSyncService.syncActions(NBSyncService.java:400)
08-05 21:22:34.311  5206 24563 E baseline.com.newsblur.network.APIResponse: 	at baseline.com.newsblur.service.NBSyncService.doSync(NBSyncService.java:298)
08-05 21:22:34.311  5206 24563 E baseline.com.newsblur.network.APIResponse: 	at baseline.com.newsblur.service.NBSyncService.access$100(NBSyncService.java:67)
08-05 21:22:34.311  5206 24563 E baseline.com.newsblur.network.APIResponse: 	at baseline.com.newsblur.service.NBSyncService$1.run(NBSyncService.java:188)
08-05 21:22:34.311  5206 24563 E baseline.com.newsblur.network.APIResponse: 	at java.util.concurrent.ThreadPoolExecutor.runWorker(ThreadPoolExecutor.java:1113)
08-05 21:22:34.311  5206 24563 E baseline.com.newsblur.network.APIResponse: 	at java.util.concurrent.ThreadPoolExecutor$Worker.run(ThreadPoolExecutor.java:588)
08-05 21:22:34.311  5206 24563 E baseline.com.newsblur.network.APIResponse: 	at java.lang.Thread.run(Thread.java:818)
08-05 21:22:34.311  5206 24563 E baseline.com.newsblur.network.APIResponse: Caused by: java.io.EOFException: \n not found: limit=0 content=
08-05 21:22:34.311  5206 24563 E baseline.com.newsblur.network.APIResponse: 	at okio.RealBufferedSource.readUtf8LineStrict(RealBufferedSource.java:240)
08-05 21:22:34.311  5206 24563 E baseline.com.newsblur.network.APIResponse: 	at okhttp3.internal.http1.Http1ExchangeCodec.readHeaderLine(Http1ExchangeCodec.java:242)
08-05 21:22:34.311  5206 24563 E baseline.com.newsblur.network.APIResponse: 	at okhttp3.internal.http1.Http1ExchangeCodec.readResponseHeaders(Http1ExchangeCodec.java:213)
08-05 21:22:34.311  5206 24563 E baseline.com.newsblur.network.APIResponse: 	... 30 more
08-05 21:22:34.312  5206 24563 I baseline.com.newsblur.network.APIManager: API call failed, pausing before retry number 2
08-05 21:22:34.320  5206 23687 I art     : Starting a blocking GC Explicit
08-05 21:22:34.360  5206 23687 I art     : Explicit concurrent mark sweep GC freed 888(210KB) AllocSpace objects, 2(40KB) LOS objects, 29% free, 37MB/53MB, paused 1.250ms total 39.868ms
08-05 21:22:34.373  5206 23687 I art     : Starting a blocking GC Explicit
08-05 21:22:34.414  5206 23687 I art     : Explicit concurrent mark sweep GC freed 47(1792B) AllocSpace objects, 0(0B) LOS objects, 29% free, 37MB/53MB, paused 1.150ms total 40.963ms
08-05 21:22:34.428  5206 23687 I art     : Starting a blocking GC Explicit
08-05 21:22:34.469  5206 23687 I art     : Explicit concurrent mark sweep GC freed 3(96B) AllocSpace objects, 0(0B) LOS objects, 29% free, 37MB/53MB, paused 1.259ms total 40.825ms
08-05 21:22:34.482  5206 23687 I art     : Starting a blocking GC Explicit
08-05 21:22:34.523  5206 23687 I art     : Explicit concurrent mark sweep GC freed 3(96B) AllocSpace objects, 0(0B) LOS objects, 29% free, 37MB/53MB, paused 1.170ms total 40.692ms
08-05 21:22:34.654 13866 13882 I PeriodicStatsRunner: PeriodicStatsRunner.call():175 call()
08-05 21:22:34.655 13866 13882 I PeriodicStatsRunner: PeriodicStatsRunner.call():179 No submit PeriodicStats since input started.
08-05 21:22:34.884  5206  5219 I art     : Starting a blocking GC Explicit
08-05 21:22:34.929  5206  5219 I art     : Explicit concurrent mark sweep GC freed 1440(83KB) AllocSpace objects, 1(20KB) LOS objects, 29% free, 37MB/53MB, paused 1.164ms total 44.427ms
08-05 21:22:34.942  5206  5219 I art     : Starting a blocking GC Explicit
08-05 21:22:34.984  5206  5219 I art     : Explicit concurrent mark sweep GC freed 22(784B) AllocSpace objects, 0(0B) LOS objects, 29% free, 37MB/53MB, paused 1.191ms total 41.467ms
08-05 21:22:34.997  5206  5219 I art     : Starting a blocking GC Explicit
08-05 21:22:35.039  5206  5219 I art     : Explicit concurrent mark sweep GC freed 3(96B) AllocSpace objects, 0(0B) LOS objects, 29% free, 37MB/53MB, paused 1.350ms total 41.455ms
08-05 21:22:35.039  5206  5218 I art     : WaitForGcToComplete blocked for 39.434ms for cause HeapTrim
08-05 21:22:35.052  5206  5219 I art     : Starting a blocking GC Explicit
08-05 21:22:35.094  5206  5219 I art     : Explicit concurrent mark sweep GC freed 3(96B) AllocSpace objects, 0(0B) LOS objects, 29% free, 37MB/53MB, paused 1.200ms total 41.772ms
08-05 21:22:35.107  5206  5219 I art     : Starting a blocking GC Explicit
08-05 21:22:35.148  5206  5219 I art     : Explicit concurrent mark sweep GC freed 3(96B) AllocSpace objects, 0(0B) LOS objects, 29% free, 37MB/53MB, paused 1.180ms total 40.744ms
08-05 21:22:35.521  5206  5220 I art     : Starting a blocking GC Explicit
08-05 21:22:35.566  5206  5220 I art     : Explicit concurrent mark sweep GC freed 1440(83KB) AllocSpace objects, 1(20KB) LOS objects, 29% free, 37MB/53MB, paused 1.265ms total 43.788ms
08-05 21:22:35.579  5206  5220 I art     : Starting a blocking GC Explicit
08-05 21:22:35.617  5206  5220 I art     : Explicit concurrent mark sweep GC freed 22(784B) AllocSpace objects, 0(0B) LOS objects, 29% free, 37MB/53MB, paused 1.241ms total 38.245ms
08-05 21:22:35.630  5206  5220 I art     : Starting a blocking GC Explicit
08-05 21:22:35.669  5206  5220 I art     : Explicit concurrent mark sweep GC freed 3(96B) AllocSpace objects, 0(0B) LOS objects, 29% free, 37MB/53MB, paused 1.314ms total 38.612ms
08-05 21:22:35.681  5206  5220 I art     : Starting a blocking GC Explicit
08-05 21:22:35.721  5206  5220 I art     : Explicit concurrent mark sweep GC freed 3(96B) AllocSpace objects, 0(0B) LOS objects, 29% free, 37MB/53MB, paused 1.359ms total 39.678ms
08-05 21:22:35.734  5206  5220 I art     : Starting a blocking GC Explicit
08-05 21:22:35.775  5206  5220 I art     : Explicit concurrent mark sweep GC freed 3(96B) AllocSpace objects, 0(0B) LOS objects, 29% free, 37MB/53MB, paused 1.224ms total 40.681ms
08-05 21:22:36.066 24648 24648 D AndroidRuntime: >>>>>> START com.android.internal.os.RuntimeInit uid 2000 <<<<<<
08-05 21:22:36.073 24648 24648 D AndroidRuntime: CheckJNI is OFF
08-05 21:22:36.114 24648 24648 D ICU     : No timezone override file found: /data/misc/zoneinfo/current/icu/icu_tzdata.dat
08-05 21:22:36.126  5206 24515 I art     : Starting a blocking GC Explicit
08-05 21:22:36.156 24648 24648 I Radio-JNI: register_android_hardware_Radio DONE
08-05 21:22:36.168  5206 24515 I art     : Explicit concurrent mark sweep GC freed 1439(82KB) AllocSpace objects, 1(20KB) LOS objects, 29% free, 37MB/53MB, paused 1.387ms total 42.415ms
08-05 21:22:36.182  5206 24515 I art     : Starting a blocking GC Explicit
08-05 21:22:36.185 24648 24648 D AndroidRuntime: Calling main entry com.android.commands.input.Input
08-05 21:22:36.187 24648 24648 I Input   : injectKeyEvent: KeyEvent { action=ACTION_DOWN, keyCode=KEYCODE_BACK, scanCode=0, metaState=0, flags=0x0, repeatCount=0, eventTime=825772600, downTime=825772600, deviceId=-1, source=0x101 }
08-05 21:22:36.193 24648 24648 I Input   : injectKeyEvent: KeyEvent { action=ACTION_UP, keyCode=KEYCODE_BACK, scanCode=0, metaState=0, flags=0x0, repeatCount=0, eventTime=825772600, downTime=825772600, deviceId=-1, source=0x101 }
08-05 21:22:36.199 24648 24648 D AndroidRuntime: Shutting down VM
08-05 21:22:36.220  5206 24515 I art     : Explicit concurrent mark sweep GC freed 235(39KB) AllocSpace objects, 2(40KB) LOS objects, 29% free, 37MB/53MB, paused 1.409ms total 37.947ms
08-05 21:22:36.231  5206 24515 I art     : Starting a blocking GC Explicit
08-05 21:22:36.269  5206 24515 I art     : Explicit concurrent mark sweep GC freed 46(1696B) AllocSpace objects, 0(0B) LOS objects, 29% free, 37MB/53MB, paused 1.340ms total 37.707ms
08-05 21:22:36.282  5206 24515 I art     : Starting a blocking GC Explicit
08-05 21:22:36.324  5206 24515 I art     : Explicit concurrent mark sweep GC freed 465(38KB) AllocSpace objects, 1(20KB) LOS objects, 29% free, 37MB/53MB, paused 1.883ms total 41.532ms
08-05 21:22:36.336  5206 24515 I art     : Starting a blocking GC Explicit
08-05 21:22:36.356 13866 13866 I GoogleInputMethodServic: GoogleInputMethodService.onFinishInput():3138 
08-05 21:22:36.357 13866 13866 I GoogleInputMethodServic: GoogleInputMethodService.onStartInput():1808 
