--------- beginning of main
08-05 11:40:36.356 29737 29737 D AndroidRuntime: >>>>>> START com.android.internal.os.RuntimeInit uid 2000 <<<<<<
08-05 11:40:36.362 29737 29737 D AndroidRuntime: CheckJNI is OFF
08-05 11:40:36.389 29737 29737 D ICU     : No timezone override file found: /data/misc/zoneinfo/current/icu/icu_tzdata.dat
08-05 11:40:36.419 29737 29737 I Radio-JNI: register_android_hardware_Radio DONE
08-05 11:40:36.435 29737 29737 D AndroidRuntime: Calling main entry com.android.commands.monkey.Monkey
--------- beginning of system
08-05 11:40:36.451   918   931 W BroadcastQueue: Skipping deliver [background] BroadcastRecord{b093a5a u-1 android.net.conn.CONNECTIVITY_CHANGE} to ReceiverList{e51748b 29737 (unknown name)/2000/u-1 remote:bf2717c}: process crashing
08-05 11:40:36.462   918  4413 I ActivityManager: START u0 {act=android.intent.action.MAIN cat=[android.intent.category.LAUNCHER] flg=0x10200000 cmp=baseline.com.newsblur/.activity.InitActivity} from uid 2000 on display 0
08-05 11:40:36.499   918   929 I ActivityManager: Start proc 29746:baseline.com.newsblur/u0a676 for activity baseline.com.newsblur/.activity.InitActivity
08-05 11:40:36.500 29746 29746 I art     : Late-enabling -Xcheck:jni
08-05 11:40:36.506 29737 29737 I art     : System.exit called, status: 0
08-05 11:40:36.507 29737 29737 I AndroidRuntime: VM exiting with result code 0.
08-05 11:40:36.571   719 21790 I PBSessionCacheImpl: Deleted sessionId[3163792008073881] from persistence.
08-05 11:40:36.580   719   760 W SearchServiceCore: Abort, client detached.
08-05 11:40:36.581   719   760 I MicroDetectionState: Should stop hotword detection immediately - true
08-05 11:40:36.598 29746 29746 W System  : ClassLoader referenced unknown path: /data/app/baseline.com.newsblur-1/lib/arm64
08-05 11:40:36.691 29746 29746 I baseline.com.newsblur.activity.InitActivity: cold launching version 9.0b1
08-05 11:40:36.702 29746 29762 D OpenGLRenderer: Use EGL_SWAP_BEHAVIOR_PRESERVED: true
08-05 11:40:36.744 29746 29762 I Adreno  : QUALCOMM build                   : fcf4852, I1af360237c
08-05 11:40:36.744 29746 29762 I Adreno  : Build Date                       : 09/23/15
08-05 11:40:36.744 29746 29762 I Adreno  : OpenGL ES Shader Compiler Version: XE031.05.13.02
08-05 11:40:36.744 29746 29762 I Adreno  : Local Branch                     : mybranch14465806
08-05 11:40:36.744 29746 29762 I Adreno  : Remote Branch                    : quic/LA.BF64.1.2.9_v2
08-05 11:40:36.744 29746 29762 I Adreno  : Remote Branch                    : NONE
08-05 11:40:36.744 29746 29762 I Adreno  : Reconstruct Branch               : NOTHING
08-05 11:40:36.750   918  6111 I ActivityManager: START u0 {cmp=baseline.com.newsblur/.activity.Main} from uid 10676 on display 0
08-05 11:40:36.750 29746 29762 I OpenGLRenderer: Initialized EGL, version 1.4
08-05 11:40:36.780   918  5481 W InputMethodManagerService: Focus gain on non-focused client com.android.internal.view.IInputMethodClient$Stub$Proxy@8d3462 (uid=10676 pid=29746)
08-05 11:40:37.111 29746 29746 I art     : Rejecting re-init on previously-failed class java.lang.Class<androidx.core.view.ViewCompat$OnUnhandledKeyEventListenerWrapper>
08-05 11:40:37.112 29746 29746 I art     : Rejecting re-init on previously-failed class java.lang.Class<androidx.core.view.ViewCompat$OnUnhandledKeyEventListenerWrapper>
08-05 11:40:37.150 29746 29746 E BitmapFactory: Unable to decode stream: java.io.FileNotFoundException: /data/user/0/baseline.com.newsblur/cache/userProfilePicture: open failed: ENOENT (No such file or directory)
08-05 11:40:37.277 29746 29772 I baseline.com.newsblur.service.NBSyncService: ready to sync feed list
08-05 11:40:37.436   918   936 I ActivityManager: Displayed baseline.com.newsblur/.activity.Main: +654ms (total +966ms)
08-05 11:40:37.448 13866 13866 I GoogleInputMethodServic: GoogleInputMethodService.onFinishInput():3138 
08-05 11:40:37.450 13866 13866 I GoogleInputMethodServic: GoogleInputMethodService.onStartInput():1808 
08-05 11:40:37.845 29746 29772 I NAPPA_EXPERIMENTATION: MetricNetworkRequestExecutionTime: REQUEST_DURATION_SYSTEM='565',REQUEST_DURATION_OKHTTP='40',REQUEST_SYNCHRONOUS='TRUE',RESPONSE_CODE='200',RESPONSE_METHOD='GET',RESPONSE_LENGTH_OKHTTP='-1',RESPONSE_LENGTH_HEADER='-2',REQUEST_PROTOCOL='http/1.1',REQUEST_URL='https://www.newsblur.com/reader/feeds/?update_counts=true',
08-05 11:40:37.846 29746 29772 D MY_TAG  : 0, 565
08-05 11:40:37.879 29746 29772 I baseline.com.newsblur.service.NBSyncService: got feed list: 1 feeds in  conn:565 read:3 parse:4 store:25
08-05 11:40:37.901 29746 29794 I baseline.com.newsblur.util.FileCache: have 0 files
08-05 11:40:37.901 29746 29794 I baseline.com.newsblur.util.FileCache: cleaned up 0 files
08-05 11:40:38.057 29790 29790 D AndroidRuntime: >>>>>> START com.android.internal.os.RuntimeInit uid 2000 <<<<<<
08-05 11:40:38.061 29790 29790 D AndroidRuntime: CheckJNI is OFF
08-05 11:40:38.086 29790 29790 D ICU     : No timezone override file found: /data/misc/zoneinfo/current/icu/icu_tzdata.dat
08-05 11:40:38.112 29790 29790 I Radio-JNI: register_android_hardware_Radio DONE
08-05 11:40:38.128 29790 29790 D AndroidRuntime: Calling main entry com.android.commands.am.Am
08-05 11:40:38.136 22029 22029 I Trepn   : Trepn 6.2s: Received intent: com.quicinc.trepn.start_profiling
08-05 11:40:38.243 22029 22029 W FileUtils: Failed to chmod(/storage/emulated/0/trepn/Trepn_2020.08.05_114038.db): android.system.ErrnoException: chmod failed: EPERM (Operation not permitted)
08-05 11:40:38.337 29746 29793 I NAPPA_EXPERIMENTATION: MetricNetworkRequestExecutionTime: REQUEST_DURATION_SYSTEM='453',REQUEST_DURATION_OKHTTP='44',REQUEST_SYNCHRONOUS='TRUE',RESPONSE_CODE='200',RESPONSE_METHOD='GET',RESPONSE_LENGTH_OKHTTP='-1',RESPONSE_LENGTH_HEADER='-2',REQUEST_PROTOCOL='http/1.1',REQUEST_URL='https://www.newsblur.com/reader/unread_story_hashes?include_timestamps=1',
08-05 11:40:38.337 29746 29793 D MY_TAG  : 0, 453
08-05 11:40:38.343 22029 22029 I Trepn   : Trepn 6.2s: Trepn has Started Profiling.
08-05 11:40:38.347 29790 29790 D AndroidRuntime: Shutting down VM
08-05 11:40:38.350 29746 29793 I baseline.com.newsblur.service.UnreadsService: starting unread count: 0
08-05 11:40:38.351 29746 29793 I baseline.com.newsblur.service.UnreadsService: new unread count:      0
08-05 11:40:38.351 29746 29793 I baseline.com.newsblur.service.UnreadsService: new unreads found:     0
08-05 11:40:38.351 29746 29793 I baseline.com.newsblur.service.UnreadsService: unreads to retire:     0
08-05 11:40:38.812 29746 29759 I art     : Starting a blocking GC Explicit
08-05 11:40:38.829 29746 29759 I art     : Explicit concurrent mark sweep GC freed 8821(751KB) AllocSpace objects, 20(400KB) LOS objects, 38% free, 26MB/42MB, paused 318us total 16.485ms
08-05 11:40:38.839 29746 29759 I art     : Starting a blocking GC Explicit
08-05 11:40:38.850 29746 29759 I art     : Explicit concurrent mark sweep GC freed 335(14KB) AllocSpace objects, 0(0B) LOS objects, 38% free, 26MB/42MB, paused 177us total 11.198ms
08-05 11:40:38.856 29746 29759 I art     : Starting a blocking GC Explicit
08-05 11:40:38.867 29746 29759 I art     : Explicit concurrent mark sweep GC freed 3(96B) AllocSpace objects, 0(0B) LOS objects, 38% free, 26MB/42MB, paused 169us total 11.063ms
08-05 11:40:38.873 29746 29759 I art     : Starting a blocking GC Explicit
08-05 11:40:38.884 29746 29759 I art     : Explicit concurrent mark sweep GC freed 3(96B) AllocSpace objects, 0(0B) LOS objects, 38% free, 26MB/42MB, paused 173us total 11.025ms
08-05 11:40:38.890 29746 29759 I art     : Starting a blocking GC Explicit
08-05 11:40:38.902 29746 29759 I art     : Explicit concurrent mark sweep GC freed 3(96B) AllocSpace objects, 0(0B) LOS objects, 38% free, 26MB/42MB, paused 176us total 10.990ms
08-05 11:40:39.193 29746 29758 I art     : Starting a blocking GC Explicit
08-05 11:40:39.211 29746 29758 I art     : Explicit concurrent mark sweep GC freed 1390(80KB) AllocSpace objects, 1(20KB) LOS objects, 38% free, 26MB/42MB, paused 218us total 18.014ms
08-05 11:40:39.222 29746 29758 I art     : Starting a blocking GC Explicit
08-05 11:40:39.234 29746 29758 I art     : Explicit concurrent mark sweep GC freed 20(704B) AllocSpace objects, 0(0B) LOS objects, 38% free, 26MB/42MB, paused 171us total 11.991ms
08-05 11:40:39.240 29746 29758 I art     : Starting a blocking GC Explicit
08-05 11:40:39.252 29746 29758 I art     : Explicit concurrent mark sweep GC freed 3(96B) AllocSpace objects, 0(0B) LOS objects, 38% free, 26MB/42MB, paused 171us total 11.434ms
08-05 11:40:39.258 29746 29758 I art     : Starting a blocking GC Explicit
08-05 11:40:39.270 29746 29758 I art     : Explicit concurrent mark sweep GC freed 3(96B) AllocSpace objects, 0(0B) LOS objects, 38% free, 26MB/42MB, paused 175us total 11.357ms
08-05 11:40:39.276 29746 29758 I art     : Starting a blocking GC Explicit
08-05 11:40:39.287 29746 29758 I art     : Explicit concurrent mark sweep GC freed 3(96B) AllocSpace objects, 0(0B) LOS objects, 38% free, 26MB/42MB, paused 171us total 11.414ms
08-05 11:40:39.587 29746 29774 I art     : Starting a blocking GC Explicit
08-05 11:40:39.602 29746 29774 I art     : Explicit concurrent mark sweep GC freed 1380(80KB) AllocSpace objects, 1(20KB) LOS objects, 38% free, 26MB/42MB, paused 239us total 15.159ms
08-05 11:40:39.613 29746 29774 I art     : Starting a blocking GC Explicit
08-05 11:40:39.628 29746 29774 I art     : Explicit concurrent mark sweep GC freed 20(704B) AllocSpace objects, 0(0B) LOS objects, 38% free, 26MB/42MB, paused 194us total 15.028ms
08-05 11:40:39.634 29746 29774 I art     : Starting a blocking GC Explicit
08-05 11:40:39.647 29746 29774 I art     : Explicit concurrent mark sweep GC freed 3(96B) AllocSpace objects, 0(0B) LOS objects, 38% free, 26MB/42MB, paused 204us total 12.178ms
08-05 11:40:39.653 29746 29774 I art     : Starting a blocking GC Explicit
08-05 11:40:39.665 29746 29774 I art     : Explicit concurrent mark sweep GC freed 3(96B) AllocSpace objects, 0(0B) LOS objects, 38% free, 26MB/42MB, paused 171us total 11.789ms
08-05 11:40:39.672 29746 29774 I art     : Starting a blocking GC Explicit
08-05 11:40:39.683 29746 29774 I art     : Explicit concurrent mark sweep GC freed 3(96B) AllocSpace objects, 0(0B) LOS objects, 38% free, 26MB/42MB, paused 165us total 10.938ms
08-05 11:40:39.989 29746 29759 I art     : Starting a blocking GC Explicit
08-05 11:40:40.008 29746 29759 I art     : Explicit concurrent mark sweep GC freed 1379(80KB) AllocSpace objects, 1(20KB) LOS objects, 38% free, 26MB/42MB, paused 293us total 18.338ms
08-05 11:40:40.017 29746 29759 I art     : Starting a blocking GC Explicit
08-05 11:40:40.030 29746 29759 I art     : Explicit concurrent mark sweep GC freed 20(704B) AllocSpace objects, 0(0B) LOS objects, 38% free, 26MB/42MB, paused 166us total 12.380ms
08-05 11:40:40.036 29746 29759 I art     : Starting a blocking GC Explicit
08-05 11:40:40.048 29746 29759 I art     : Explicit concurrent mark sweep GC freed 3(96B) AllocSpace objects, 0(0B) LOS objects, 38% free, 26MB/42MB, paused 196us total 11.276ms
08-05 11:40:40.054 29746 29759 I art     : Starting a blocking GC Explicit
08-05 11:40:40.065 29746 29759 I art     : Explicit concurrent mark sweep GC freed 3(96B) AllocSpace objects, 0(0B) LOS objects, 38% free, 26MB/42MB, paused 178us total 10.816ms
08-05 11:40:40.070 29746 29759 I art     : Starting a blocking GC Explicit
08-05 11:40:40.081 29746 29759 I art     : Explicit concurrent mark sweep GC freed 3(96B) AllocSpace objects, 0(0B) LOS objects, 38% free, 26MB/42MB, paused 200us total 10.821ms
08-05 11:40:40.385 29746 29758 I art     : Starting a blocking GC Explicit
08-05 11:40:40.400 29746 29758 I art     : Explicit concurrent mark sweep GC freed 1379(80KB) AllocSpace objects, 1(20KB) LOS objects, 38% free, 26MB/42MB, paused 198us total 14.756ms
08-05 11:40:40.410 29746 29758 I art     : Starting a blocking GC Explicit
08-05 11:40:40.423 29746 29758 I art     : Explicit concurrent mark sweep GC freed 20(704B) AllocSpace objects, 0(0B) LOS objects, 38% free, 26MB/42MB, paused 177us total 12.346ms
08-05 11:40:40.429 29746 29758 I art     : Starting a blocking GC Explicit
08-05 11:40:40.441 29746 29758 I art     : Explicit concurrent mark sweep GC freed 3(96B) AllocSpace objects, 0(0B) LOS objects, 38% free, 26MB/42MB, paused 178us total 11.320ms
08-05 11:40:40.447 29746 29758 I art     : Starting a blocking GC Explicit
08-05 11:40:40.458 29746 29758 I art     : Explicit concurrent mark sweep GC freed 3(96B) AllocSpace objects, 0(0B) LOS objects, 38% free, 26MB/42MB, paused 179us total 11.371ms
08-05 11:40:40.464 29746 29758 I art     : Starting a blocking GC Explicit
08-05 11:40:40.475 29746 29758 I art     : Explicit concurrent mark sweep GC freed 3(96B) AllocSpace objects, 0(0B) LOS objects, 38% free, 26MB/42MB, paused 174us total 11.130ms
08-05 11:40:40.794 29746 29774 I art     : Starting a blocking GC Explicit
08-05 11:40:40.812 29746 29774 I art     : Explicit concurrent mark sweep GC freed 1378(80KB) AllocSpace objects, 1(20KB) LOS objects, 38% free, 26MB/42MB, paused 217us total 17.648ms
08-05 11:40:40.823 29746 29774 I art     : Starting a blocking GC Explicit
08-05 11:40:40.838 29746 29774 I art     : Explicit concurrent mark sweep GC freed 20(704B) AllocSpace objects, 0(0B) LOS objects, 38% free, 26MB/42MB, paused 188us total 14.810ms
08-05 11:40:40.845 29746 29774 I art     : Starting a blocking GC Explicit
08-05 11:40:40.857 29746 29774 I art     : Explicit concurrent mark sweep GC freed 3(96B) AllocSpace objects, 0(0B) LOS objects, 38% free, 26MB/42MB, paused 224us total 11.809ms
08-05 11:40:40.863 29746 29774 I art     : Starting a blocking GC Explicit
08-05 11:40:40.875 29746 29774 I art     : Explicit concurrent mark sweep GC freed 3(96B) AllocSpace objects, 0(0B) LOS objects, 38% free, 26MB/42MB, paused 181us total 11.776ms
08-05 11:40:40.881 29746 29774 I art     : Starting a blocking GC Explicit
08-05 11:40:40.893 29746 29774 I art     : Explicit concurrent mark sweep GC freed 3(96B) AllocSpace objects, 0(0B) LOS objects, 38% free, 26MB/42MB, paused 175us total 11.804ms
08-05 11:40:41.188 29746 29759 I art     : Starting a blocking GC Explicit
08-05 11:40:41.203 29746 29759 I art     : Explicit concurrent mark sweep GC freed 1378(80KB) AllocSpace objects, 1(20KB) LOS objects, 38% free, 26MB/42MB, paused 194us total 15.039ms
08-05 11:40:41.213 29746 29759 I art     : Starting a blocking GC Explicit
08-05 11:40:41.225 29746 29759 I art     : Explicit concurrent mark sweep GC freed 20(704B) AllocSpace objects, 0(0B) LOS objects, 38% free, 26MB/42MB, paused 175us total 11.764ms
08-05 11:40:41.231 29746 29759 I art     : Starting a blocking GC Explicit
08-05 11:40:41.243 29746 29759 I art     : Explicit concurrent mark sweep GC freed 3(96B) AllocSpace objects, 0(0B) LOS objects, 38% free, 26MB/42MB, paused 176us total 11.318ms
08-05 11:40:41.249 29746 29759 I art     : Starting a blocking GC Explicit
08-05 11:40:41.261 29746 29759 I art     : Explicit concurrent mark sweep GC freed 3(96B) AllocSpace objects, 0(0B) LOS objects, 38% free, 26MB/42MB, paused 184us total 11.458ms
08-05 11:40:41.267 29746 29759 I art     : Starting a blocking GC Explicit
08-05 11:40:41.279 29746 29759 I art     : Explicit concurrent mark sweep GC freed 3(96B) AllocSpace objects, 0(0B) LOS objects, 38% free, 26MB/42MB, paused 175us total 11.550ms
08-05 11:40:41.579 29746 29758 I art     : Starting a blocking GC Explicit
08-05 11:40:41.597 29746 29758 I art     : Explicit concurrent mark sweep GC freed 1378(80KB) AllocSpace objects, 1(20KB) LOS objects, 38% free, 26MB/42MB, paused 219us total 16.773ms
08-05 11:40:41.605 29746 29758 I art     : Starting a blocking GC Explicit
08-05 11:40:41.618 29746 29758 I art     : Explicit concurrent mark sweep GC freed 20(704B) AllocSpace objects, 0(0B) LOS objects, 38% free, 26MB/42MB, paused 177us total 12.278ms
08-05 11:40:41.624 29746 29758 I art     : Starting a blocking GC Explicit
08-05 11:40:41.637 29746 29758 I art     : Explicit concurrent mark sweep GC freed 3(96B) AllocSpace objects, 0(0B) LOS objects, 38% free, 26MB/42MB, paused 226us total 12.067ms
08-05 11:40:41.643 29746 29758 I art     : Starting a blocking GC Explicit
08-05 11:40:41.655 29746 29758 I art     : Explicit concurrent mark sweep GC freed 3(96B) AllocSpace objects, 0(0B) LOS objects, 38% free, 26MB/42MB, paused 174us total 11.594ms
08-05 11:40:41.661 29746 29758 I art     : Starting a blocking GC Explicit
08-05 11:40:41.673 29746 29758 I art     : Explicit concurrent mark sweep GC freed 3(96B) AllocSpace objects, 0(0B) LOS objects, 38% free, 26MB/42MB, paused 171us total 11.490ms
08-05 11:40:41.984 29746 29774 I art     : Starting a blocking GC Explicit
08-05 11:40:42.002 29746 29774 I art     : Explicit concurrent mark sweep GC freed 1378(80KB) AllocSpace objects, 1(20KB) LOS objects, 38% free, 26MB/42MB, paused 214us total 17.198ms
08-05 11:40:42.011 29746 29774 I art     : Starting a blocking GC Explicit
08-05 11:40:42.023 29746 29774 I art     : Explicit concurrent mark sweep GC freed 20(704B) AllocSpace objects, 0(0B) LOS objects, 38% free, 26MB/42MB, paused 179us total 12.314ms
08-05 11:40:42.030 29746 29774 I art     : Starting a blocking GC Explicit
08-05 11:40:42.041 29746 29774 I art     : Explicit concurrent mark sweep GC freed 3(96B) AllocSpace objects, 0(0B) LOS objects, 38% free, 26MB/42MB, paused 166us total 11.558ms
08-05 11:40:42.048 29746 29774 I art     : Starting a blocking GC Explicit
08-05 11:40:42.059 29746 29774 I art     : Explicit concurrent mark sweep GC freed 3(96B) AllocSpace objects, 0(0B) LOS objects, 38% free, 26MB/42MB, paused 170us total 11.407ms
08-05 11:40:42.065 29746 29774 I art     : Starting a blocking GC Explicit
08-05 11:40:42.077 29746 29774 I art     : Explicit concurrent mark sweep GC freed 3(96B) AllocSpace objects, 0(0B) LOS objects, 38% free, 26MB/42MB, paused 175us total 11.934ms
08-05 11:40:42.385 29746 29759 I art     : Starting a blocking GC Explicit
08-05 11:40:42.400 29746 29759 I art     : Explicit concurrent mark sweep GC freed 1378(80KB) AllocSpace objects, 1(20KB) LOS objects, 38% free, 26MB/42MB, paused 221us total 14.772ms
08-05 11:40:42.408 29746 29759 I art     : Starting a blocking GC Explicit
08-05 11:40:42.424 29746 29759 I art     : Explicit concurrent mark sweep GC freed 20(704B) AllocSpace objects, 0(0B) LOS objects, 38% free, 26MB/42MB, paused 209us total 14.902ms
08-05 11:40:42.434 29746 29759 I art     : Starting a blocking GC Explicit
08-05 11:40:42.446 29746 29759 I art     : Explicit concurrent mark sweep GC freed 3(96B) AllocSpace objects, 0(0B) LOS objects, 38% free, 26MB/42MB, paused 180us total 11.549ms
08-05 11:40:42.452 29746 29759 I art     : Starting a blocking GC Explicit
08-05 11:40:42.464 29746 29759 I art     : Explicit concurrent mark sweep GC freed 3(96B) AllocSpace objects, 0(0B) LOS objects, 38% free, 26MB/42MB, paused 185us total 11.808ms
08-05 11:40:42.470 29746 29759 I art     : Starting a blocking GC Explicit
08-05 11:40:42.483 29746 29759 I art     : Explicit concurrent mark sweep GC freed 3(96B) AllocSpace objects, 0(0B) LOS objects, 38% free, 26MB/42MB, paused 174us total 12.151ms
08-05 11:40:42.757 29746 29758 I art     : Starting a blocking GC Explicit
08-05 11:40:42.773 29746 29758 I art     : Explicit concurrent mark sweep GC freed 1377(80KB) AllocSpace objects, 1(20KB) LOS objects, 38% free, 26MB/42MB, paused 237us total 15.307ms
08-05 11:40:42.783 29746 29758 I art     : Starting a blocking GC Explicit
08-05 11:40:42.795 29746 29758 I art     : Explicit concurrent mark sweep GC freed 20(704B) AllocSpace objects, 0(0B) LOS objects, 38% free, 26MB/42MB, paused 175us total 12.010ms
08-05 11:40:42.802 29746 29758 I art     : Starting a blocking GC Explicit
08-05 11:40:42.813 29746 29758 I art     : Explicit concurrent mark sweep GC freed 3(96B) AllocSpace objects, 0(0B) LOS objects, 38% free, 26MB/42MB, paused 175us total 11.641ms
08-05 11:40:42.820 29746 29758 I art     : Starting a blocking GC Explicit
08-05 11:40:42.832 29746 29758 I art     : Explicit concurrent mark sweep GC freed 3(96B) AllocSpace objects, 0(0B) LOS objects, 38% free, 26MB/42MB, paused 171us total 11.804ms
08-05 11:40:42.838 29746 29758 I art     : Starting a blocking GC Explicit
08-05 11:40:42.849 29746 29758 I art     : Explicit concurrent mark sweep GC freed 3(96B) AllocSpace objects, 0(0B) LOS objects, 38% free, 26MB/42MB, paused 174us total 11.170ms
08-05 11:40:43.098 29746 29774 I art     : Starting a blocking GC Explicit
08-05 11:40:43.110 29746 29774 I art     : Explicit concurrent mark sweep GC freed 1378(80KB) AllocSpace objects, 1(20KB) LOS objects, 38% free, 26MB/42MB, paused 197us total 12.333ms
08-05 11:40:43.117 29746 29774 I art     : Starting a blocking GC Explicit
08-05 11:40:43.127 29746 29774 I art     : Explicit concurrent mark sweep GC freed 20(704B) AllocSpace objects, 0(0B) LOS objects, 38% free, 26MB/42MB, paused 183us total 10.346ms
08-05 11:40:43.133 29746 29774 I art     : Starting a blocking GC Explicit
08-05 11:40:43.143 29746 29774 I art     : Explicit concurrent mark sweep GC freed 3(96B) AllocSpace objects, 0(0B) LOS objects, 38% free, 26MB/42MB, paused 155us total 9.940ms
08-05 11:40:43.149 29746 29774 I art     : Starting a blocking GC Explicit
08-05 11:40:43.159 29746 29774 I art     : Explicit concurrent mark sweep GC freed 3(96B) AllocSpace objects, 0(0B) LOS objects, 38% free, 26MB/42MB, paused 157us total 9.668ms
08-05 11:40:43.164 29746 29774 I art     : Starting a blocking GC Explicit
08-05 11:40:43.174 29746 29774 I art     : Explicit concurrent mark sweep GC freed 3(96B) AllocSpace objects, 0(0B) LOS objects, 38% free, 26MB/42MB, paused 174us total 10.152ms
08-05 11:40:43.408 29746 29759 I art     : Starting a blocking GC Explicit
08-05 11:40:43.420 29746 29759 I art     : Explicit concurrent mark sweep GC freed 1378(80KB) AllocSpace objects, 1(20KB) LOS objects, 38% free, 26MB/42MB, paused 191us total 11.764ms
08-05 11:40:43.426 29746 29759 I art     : Starting a blocking GC Explicit
08-05 11:40:43.437 29746 29759 I art     : Explicit concurrent mark sweep GC freed 20(704B) AllocSpace objects, 0(0B) LOS objects, 38% free, 26MB/42MB, paused 182us total 11.549ms
08-05 11:40:43.444 29746 29759 I art     : Starting a blocking GC Explicit
08-05 11:40:43.455 29746 29759 I art     : Explicit concurrent mark sweep GC freed 3(96B) AllocSpace objects, 0(0B) LOS objects, 38% free, 26MB/42MB, paused 185us total 11.104ms
08-05 11:40:43.461 29746 29759 I art     : Starting a blocking GC Explicit
08-05 11:40:43.470 29946 29946 D AndroidRuntime: >>>>>> START com.android.internal.os.RuntimeInit uid 2000 <<<<<<
08-05 11:40:43.473 29746 29759 I art     : Explicit concurrent mark sweep GC freed 3(96B) AllocSpace objects, 0(0B) LOS objects, 38% free, 26MB/42MB, paused 180us total 11.498ms
08-05 11:40:43.474 29946 29946 D AndroidRuntime: CheckJNI is OFF
08-05 11:40:43.479 29746 29759 I art     : Starting a blocking GC Explicit
08-05 11:40:43.490 29746 29759 I art     : Explicit concurrent mark sweep GC freed 3(96B) AllocSpace objects, 0(0B) LOS objects, 38% free, 26MB/42MB, paused 177us total 10.263ms
08-05 11:40:43.502 29946 29946 D ICU     : No timezone override file found: /data/misc/zoneinfo/current/icu/icu_tzdata.dat
08-05 11:40:43.525 29946 29946 I Radio-JNI: register_android_hardware_Radio DONE
08-05 11:40:43.541 29946 29946 D AndroidRuntime: Calling main entry com.android.commands.input.Input
08-05 11:40:43.543 29946 29946 I Input   : injectMotionEvent: MotionEvent { action=ACTION_DOWN, actionButton=0, id[0]=0, x[0]=594.0, y[0]=330.0, toolType[0]=TOOL_TYPE_UNKNOWN, buttonState=0, metaState=0, flags=0x0, edgeFlags=0x0, pointerCount=1, historySize=0, eventTime=790859956, downTime=790859956, deviceId=0, source=0x1002 }
08-05 11:40:43.550 29946 29946 I Input   : injectMotionEvent: MotionEvent { action=ACTION_UP, actionButton=0, id[0]=0, x[0]=594.0, y[0]=330.0, toolType[0]=TOOL_TYPE_UNKNOWN, buttonState=0, metaState=0, flags=0x0, edgeFlags=0x0, pointerCount=1, historySize=0, eventTime=790859956, downTime=790859956, deviceId=0, source=0x1002 }
08-05 11:40:43.553 29946 29946 D AndroidRuntime: Shutting down VM
08-05 11:40:43.622   918  6111 I ActivityManager: START u0 {cmp=baseline.com.newsblur/.activity.GlobalSharedStoriesItemsList (has extras)} from uid 10676 on display 0
08-05 11:40:43.659 29746 29975 I baseline.com.newsblur.database.BlurDatabaseHelper: reading session reset
08-05 11:40:43.709 29746 29758 I art     : Starting a blocking GC Explicit
08-05 11:40:43.722 29746 29758 I art     : Explicit concurrent mark sweep GC freed 5788(464KB) AllocSpace objects, 7(264KB) LOS objects, 36% free, 27MB/43MB, paused 215us total 12.995ms
08-05 11:40:43.729 29746 29758 I art     : Starting a blocking GC Explicit
08-05 11:40:43.741 29746 29758 I art     : Explicit concurrent mark sweep GC freed 899(65KB) AllocSpace objects, 1(20KB) LOS objects, 36% free, 27MB/43MB, paused 213us total 12.172ms
08-05 11:40:43.747 29746 29758 I art     : Starting a blocking GC Explicit
08-05 11:40:43.759 29746 29758 I art     : Explicit concurrent mark sweep GC freed 99(4KB) AllocSpace objects, 0(0B) LOS objects, 36% free, 27MB/43MB, paused 212us total 11.518ms
08-05 11:40:43.765 29746 29758 I art     : Starting a blocking GC Explicit
08-05 11:40:43.782 29746 29758 I art     : Explicit concurrent mark sweep GC freed 230(29KB) AllocSpace objects, 1(20KB) LOS objects, 36% free, 27MB/43MB, paused 387us total 17.084ms
08-05 11:40:43.784 29746 29746 W View    : requestLayout() improperly called by android.widget.FrameLayout{9a9ae5e V.E...... ......ID 0,0-1440,0 #7f07003f app:id/footer_view_inner} during layout: running second layout pass
08-05 11:40:43.784 29746 29746 W View    : requestLayout() improperly called by android.widget.FrameLayout{b14123f V.E...... ......ID 0,0-1440,2091 #7f07003f app:id/footer_view_inner} during layout: running second layout pass
08-05 11:40:43.788 29746 29758 I art     : Starting a blocking GC Explicit
08-05 11:40:43.801 29746 29758 I art     : Explicit concurrent mark sweep GC freed 169(14KB) AllocSpace objects, 0(0B) LOS objects, 36% free, 27MB/43MB, paused 216us total 12.953ms
08-05 11:40:43.804   918   936 I ActivityManager: Displayed baseline.com.newsblur/.activity.GlobalSharedStoriesItemsList: +174ms
08-05 11:40:43.805 13866 13866 I GoogleInputMethodServic: GoogleInputMethodService.onFinishInput():3138 
08-05 11:40:43.806 13866 13866 I GoogleInputMethodServic: GoogleInputMethodService.onStartInput():1808 
08-05 11:40:44.043 29746 29759 I art     : Starting a blocking GC Explicit
08-05 11:40:44.061 29746 29759 I art     : Explicit concurrent mark sweep GC freed 3292(249KB) AllocSpace objects, 7(140KB) LOS objects, 36% free, 27MB/43MB, paused 267us total 17.007ms
08-05 11:40:44.067 29746 29759 I art     : Starting a blocking GC Explicit
08-05 11:40:44.081 29746 29759 I art     : Explicit concurrent mark sweep GC freed 261(12KB) AllocSpace objects, 0(0B) LOS objects, 36% free, 27MB/43MB, paused 285us total 14.267ms
08-05 11:40:44.088 29746 29759 I art     : Starting a blocking GC Explicit
08-05 11:40:44.099 29746 29759 I art     : Explicit concurrent mark sweep GC freed 6(192B) AllocSpace objects, 0(0B) LOS objects, 36% free, 27MB/43MB, paused 216us total 11.176ms
08-05 11:40:44.105 29746 29759 I art     : Starting a blocking GC Explicit
08-05 11:40:44.116 29746 29759 I art     : Explicit concurrent mark sweep GC freed 4(128B) AllocSpace objects, 0(0B) LOS objects, 36% free, 27MB/43MB, paused 254us total 10.868ms
08-05 11:40:44.122 29746 29759 I art     : Starting a blocking GC Explicit
08-05 11:40:44.133 29746 29759 I art     : Explicit concurrent mark sweep GC freed 4(128B) AllocSpace objects, 0(0B) LOS objects, 36% free, 27MB/43MB, paused 227us total 11.135ms
08-05 11:40:44.392 29746 29774 I art     : Starting a blocking GC Explicit
08-05 11:40:44.397 29746 29983 I NAPPA_EXPERIMENTATION: MetricNetworkRequestExecutionTime: REQUEST_DURATION_SYSTEM='578',REQUEST_DURATION_OKHTTP='41',REQUEST_SYNCHRONOUS='TRUE',RESPONSE_CODE='200',RESPONSE_METHOD='GET',RESPONSE_LENGTH_OKHTTP='-1',RESPONSE_LENGTH_HEADER='13047',REQUEST_PROTOCOL='http/1.1',REQUEST_URL='https://www.newsblur.com/social/river_stories?order=newest&page=1&read_filter=all&global_feed=true',
08-05 11:40:44.397 29746 29983 D MY_TAG  : 0, 578
08-05 11:40:44.409 29746 29774 I art     : Explicit concurrent mark sweep GC freed 4080(226KB) AllocSpace objects, 7(404KB) LOS objects, 36% free, 27MB/43MB, paused 512us total 16.689ms
08-05 11:40:44.415 29746 29774 I art     : Starting a blocking GC Explicit
08-05 11:40:44.429 29746 29774 I art     : Explicit concurrent mark sweep GC freed 7010(443KB) AllocSpace objects, 1(20KB) LOS objects, 36% free, 27MB/43MB, paused 413us total 13.990ms
08-05 11:40:44.435 29746 29774 I art     : Starting a blocking GC Explicit
08-05 11:40:44.448 29746 29774 I art     : Explicit concurrent mark sweep GC freed 5638(281KB) AllocSpace objects, 1(28KB) LOS objects, 36% free, 27MB/43MB, paused 359us total 12.534ms
08-05 11:40:44.454 29746 29774 I art     : Starting a blocking GC Explicit
08-05 11:40:44.468 29746 29774 I art     : Explicit concurrent mark sweep GC freed 2859(267KB) AllocSpace objects, 4(76KB) LOS objects, 36% free, 27MB/43MB, paused 1.356ms total 13.807ms
08-05 11:40:44.473 29746 29774 I art     : Starting a blocking GC Explicit
08-05 11:40:44.486 29746 29774 I art     : Explicit concurrent mark sweep GC freed 4522(353KB) AllocSpace objects, 7(140KB) LOS objects, 36% free, 27MB/43MB, paused 326us total 13.063ms
08-05 11:40:44.675 29746 30016 I NAPPA_EXPERIMENTATION: MetricNetworkRequestExecutionTime: REQUEST_DURATION_SYSTEM='51',REQUEST_DURATION_OKHTTP='46',REQUEST_SYNCHRONOUS='TRUE',RESPONSE_CODE='200',RESPONSE_METHOD='GET',RESPONSE_LENGTH_OKHTTP='43',RESPONSE_LENGTH_HEADER='43',REQUEST_PROTOCOL='http/1.1',REQUEST_URL='http://feeds.feedburner.com/~r/retort/~4/UffaFMiJbNs',
08-05 11:40:44.717 29746 29758 I art     : Starting a blocking GC Explicit
08-05 11:40:44.734 29746 29758 I art     : Explicit concurrent mark sweep GC freed 17832(1265KB) AllocSpace objects, 28(648KB) LOS objects, 36% free, 28MB/44MB, paused 402us total 16.788ms
08-05 11:40:44.742 29746 29758 I art     : Starting a blocking GC Explicit
08-05 11:40:44.757 29746 29758 I art     : Explicit concurrent mark sweep GC freed 2458(194KB) AllocSpace objects, 1(20KB) LOS objects, 36% free, 27MB/43MB, paused 470us total 14.949ms
08-05 11:40:44.764 29746 29758 I art     : Starting a blocking GC Explicit
08-05 11:40:44.780 29746 29758 I art     : Explicit concurrent mark sweep GC freed 704(58KB) AllocSpace objects, 2(120KB) LOS objects, 36% free, 28MB/44MB, paused 610us total 15.429ms
08-05 11:40:44.787 29746 29758 I art     : Starting a blocking GC Explicit
08-05 11:40:44.802 29746 29758 I art     : Explicit concurrent mark sweep GC freed 2642(110KB) AllocSpace objects, 0(0B) LOS objects, 36% free, 28MB/44MB, paused 505us total 14.696ms
08-05 11:40:44.809 29746 29758 I art     : Starting a blocking GC Explicit
08-05 11:40:44.824 29746 29758 I art     : Explicit concurrent mark sweep GC freed 3956(244KB) AllocSpace objects, 1(80KB) LOS objects, 36% free, 28MB/44MB, paused 493us total 15.355ms
08-05 11:40:45.008 29746 30018 I NAPPA_EXPERIMENTATION: MetricNetworkRequestExecutionTime: REQUEST_DURATION_SYSTEM='374',REQUEST_DURATION_OKHTTP='196',REQUEST_SYNCHRONOUS='TRUE',RESPONSE_CODE='200',RESPONSE_METHOD='GET',RESPONSE_LENGTH_OKHTTP='79351',RESPONSE_LENGTH_HEADER='79351',REQUEST_PROTOCOL='h2',REQUEST_URL='https://images.fastcompany.net/image/upload/w_1280,q_auto,f_auto,fl_lossy/wp-cms/uploads/2020/07/p-1-90532920-this-chart-shows-how-effective-masks-can-be.png',
08-05 11:40:45.089 29746 29759 I art     : Starting a blocking GC Explicit
08-05 11:40:45.106 29746 29759 I art     : Explicit concurrent mark sweep GC freed 13760(648KB) AllocSpace objects, 5(3MB) LOS objects, 34% free, 30MB/46MB, paused 400us total 16.898ms
08-05 11:40:45.112 29746 29759 I art     : Starting a blocking GC Explicit
08-05 11:40:45.126 29746 29759 I art     : Explicit concurrent mark sweep GC freed 390(13KB) AllocSpace objects, 0(0B) LOS objects, 34% free, 30MB/46MB, paused 370us total 13.654ms
08-05 11:40:45.128 29746 30019 I NAPPA_EXPERIMENTATION: MetricNetworkRequestExecutionTime: REQUEST_DURATION_SYSTEM='514',REQUEST_DURATION_OKHTTP='54',REQUEST_SYNCHRONOUS='TRUE',RESPONSE_CODE='200',RESPONSE_METHOD='GET',RESPONSE_LENGTH_OKHTTP='477',RESPONSE_LENGTH_HEADER='477',REQUEST_PROTOCOL='http/1.1',REQUEST_URL='https://s3.amazonaws.com/icons.newsblur.com/5762506.png',
08-05 11:40:45.131 29746 29759 I art     : Starting a blocking GC Explicit
08-05 11:40:45.146 29746 29759 I art     : Explicit concurrent mark sweep GC freed 191(26KB) AllocSpace objects, 1(20KB) LOS objects, 34% free, 30MB/46MB, paused 398us total 14.079ms
08-05 11:40:45.152 29746 29759 I art     : Starting a blocking GC Explicit
08-05 11:40:45.157 29746 30013 I NAPPA_EXPERIMENTATION: MetricNetworkRequestExecutionTime: REQUEST_DURATION_SYSTEM='560',REQUEST_DURATION_OKHTTP='74',REQUEST_SYNCHRONOUS='TRUE',RESPONSE_CODE='200',RESPONSE_METHOD='GET',RESPONSE_LENGTH_OKHTTP='145',RESPONSE_LENGTH_HEADER='145',REQUEST_PROTOCOL='http/1.1',REQUEST_URL='https://s3.amazonaws.com/icons.newsblur.com/6882243.png',
08-05 11:40:45.165 29746 29759 I art     : Explicit concurrent mark sweep GC freed 179(26KB) AllocSpace objects, 1(20KB) LOS objects, 34% free, 30MB/46MB, paused 324us total 13.680ms
08-05 11:40:45.172 29746 29759 I art     : Starting a blocking GC Explicit
08-05 11:40:45.178 29746 30017 I NAPPA_EXPERIMENTATION: MetricNetworkRequestExecutionTime: REQUEST_DURATION_SYSTEM='573',REQUEST_DURATION_OKHTTP='92',REQUEST_SYNCHRONOUS='TRUE',RESPONSE_CODE='200',RESPONSE_METHOD='GET',RESPONSE_LENGTH_OKHTTP='243',RESPONSE_LENGTH_HEADER='243',REQUEST_PROTOCOL='http/1.1',REQUEST_URL='https://s3.amazonaws.com/icons.newsblur.com/18178.png',
08-05 11:40:45.185 29746 29759 I art     : Explicit concurrent mark sweep GC freed 312(32KB) AllocSpace objects, 3(60KB) LOS objects, 34% free, 30MB/46MB, paused 304us total 13.095ms
08-05 11:40:45.492 29746 29759 I art     : Starting a blocking GC Explicit
08-05 11:40:45.511 29746 29759 I art     : Explicit concurrent mark sweep GC freed 1666(95KB) AllocSpace objects, 5(100KB) LOS objects, 34% free, 30MB/46MB, paused 357us total 19.273ms
08-05 11:40:45.522 29746 29759 I art     : Starting a blocking GC Explicit
08-05 11:40:45.537 29746 29759 I art     : Explicit concurrent mark sweep GC freed 44(1536B) AllocSpace objects, 0(0B) LOS objects, 34% free, 30MB/46MB, paused 308us total 14.833ms
08-05 11:40:45.543   918  3261 D WifiStateMachine: starting scan for "H369AA63323"WPA_PSK with 2412,5180
08-05 11:40:45.544 29746 29759 I art     : Starting a blocking GC Explicit
08-05 11:40:45.558 29746 29759 I art     : Explicit concurrent mark sweep GC freed 3(96B) AllocSpace objects, 0(0B) LOS objects, 34% free, 30MB/46MB, paused 324us total 14.387ms
08-05 11:40:45.564 29746 29759 I art     : Starting a blocking GC Explicit
08-05 11:40:45.579 29746 29759 I art     : Explicit concurrent mark sweep GC freed 3(96B) AllocSpace objects, 0(0B) LOS objects, 34% free, 30MB/46MB, paused 361us total 14.939ms
08-05 11:40:45.586 29746 29759 I art     : Starting a blocking GC Explicit
08-05 11:40:45.601 29746 29759 I art     : Explicit concurrent mark sweep GC freed 3(96B) AllocSpace objects, 0(0B) LOS objects, 34% free, 30MB/46MB, paused 314us total 14.700ms
08-05 11:40:45.888 29746 29758 I art     : Starting a blocking GC Explicit
08-05 11:40:45.907 29746 29758 I art     : Explicit concurrent mark sweep GC freed 1389(80KB) AllocSpace objects, 1(20KB) LOS objects, 34% free, 30MB/46MB, paused 420us total 18.931ms
08-05 11:40:45.915 29746 29758 I art     : Starting a blocking GC Explicit
08-05 11:40:45.930 29746 29758 I art     : Explicit concurrent mark sweep GC freed 20(704B) AllocSpace objects, 0(0B) LOS objects, 34% free, 30MB/46MB, paused 304us total 14.661ms
08-05 11:40:45.936 29746 29758 I art     : Starting a blocking GC Explicit
08-05 11:40:45.951 29746 29758 I art     : Explicit concurrent mark sweep GC freed 3(96B) AllocSpace objects, 0(0B) LOS objects, 34% free, 30MB/46MB, paused 312us total 14.507ms
08-05 11:40:45.957 29746 29758 I art     : Starting a blocking GC Explicit
08-05 11:40:45.972 29746 29758 I art     : Explicit concurrent mark sweep GC freed 3(96B) AllocSpace objects, 0(0B) LOS objects, 34% free, 30MB/46MB, paused 320us total 14.727ms
08-05 11:40:45.978 29746 29758 I art     : Starting a blocking GC Explicit
08-05 11:40:45.993 29746 29758 I art     : Explicit concurrent mark sweep GC freed 3(96B) AllocSpace objects, 0(0B) LOS objects, 34% free, 30MB/46MB, paused 323us total 14.667ms
08-05 11:40:46.300 29746 29774 I art     : Starting a blocking GC Explicit
08-05 11:40:46.319 29746 29774 I art     : Explicit concurrent mark sweep GC freed 1388(80KB) AllocSpace objects, 1(20KB) LOS objects, 34% free, 30MB/46MB, paused 350us total 18.177ms
08-05 11:40:46.328 29746 29774 I art     : Starting a blocking GC Explicit
08-05 11:40:46.342 29746 29774 I art     : Explicit concurrent mark sweep GC freed 20(704B) AllocSpace objects, 0(0B) LOS objects, 34% free, 30MB/46MB, paused 315us total 14.367ms
08-05 11:40:46.348 29746 29774 I art     : Starting a blocking GC Explicit
08-05 11:40:46.363 29746 29774 I art     : Explicit concurrent mark sweep GC freed 3(96B) AllocSpace objects, 0(0B) LOS objects, 34% free, 30MB/46MB, paused 310us total 14.722ms
08-05 11:40:46.370 29746 29774 I art     : Starting a blocking GC Explicit
08-05 11:40:46.384 29746 29774 I art     : Explicit concurrent mark sweep GC freed 3(96B) AllocSpace objects, 0(0B) LOS objects, 34% free, 30MB/46MB, paused 312us total 14.606ms
08-05 11:40:46.391 29746 29774 I art     : Starting a blocking GC Explicit
08-05 11:40:46.405 29746 29774 I art     : Explicit concurrent mark sweep GC freed 3(96B) AllocSpace objects, 0(0B) LOS objects, 34% free, 30MB/46MB, paused 317us total 14.487ms
08-05 11:40:46.676 29746 29759 I art     : Starting a blocking GC Explicit
08-05 11:40:46.694 29746 29759 I art     : Explicit concurrent mark sweep GC freed 1388(80KB) AllocSpace objects, 1(20KB) LOS objects, 34% free, 30MB/46MB, paused 419us total 17.548ms
08-05 11:40:46.704 29746 29759 I art     : Starting a blocking GC Explicit
08-05 11:40:46.719 29746 29759 I art     : Explicit concurrent mark sweep GC freed 20(704B) AllocSpace objects, 0(0B) LOS objects, 34% free, 30MB/46MB, paused 321us total 14.647ms
08-05 11:40:46.725 29746 29759 I art     : Starting a blocking GC Explicit
08-05 11:40:46.740 29746 29759 I art     : Explicit concurrent mark sweep GC freed 3(96B) AllocSpace objects, 0(0B) LOS objects, 34% free, 30MB/46MB, paused 316us total 14.709ms
08-05 11:40:46.746 29746 29759 I art     : Starting a blocking GC Explicit
08-05 11:40:46.761 29746 29759 I art     : Explicit concurrent mark sweep GC freed 3(96B) AllocSpace objects, 0(0B) LOS objects, 34% free, 30MB/46MB, paused 327us total 14.547ms
08-05 11:40:46.767 29746 29759 I art     : Starting a blocking GC Explicit
08-05 11:40:46.782 29746 29759 I art     : Explicit concurrent mark sweep GC freed 3(96B) AllocSpace objects, 0(0B) LOS objects, 34% free, 30MB/46MB, paused 315us total 14.887ms
08-05 11:40:47.097 29746 29758 I art     : Starting a blocking GC Explicit
08-05 11:40:47.116 29746 29758 I art     : Explicit concurrent mark sweep GC freed 1388(80KB) AllocSpace objects, 1(20KB) LOS objects, 34% free, 30MB/46MB, paused 389us total 19.050ms
08-05 11:40:47.127 29746 29758 I art     : Starting a blocking GC Explicit
08-05 11:40:47.141 29746 29758 I art     : Explicit concurrent mark sweep GC freed 20(704B) AllocSpace objects, 0(0B) LOS objects, 34% free, 30MB/46MB, paused 293us total 14.512ms
08-05 11:40:47.147 29746 29758 I art     : Starting a blocking GC Explicit
08-05 11:40:47.162 29746 29758 I art     : Explicit concurrent mark sweep GC freed 3(96B) AllocSpace objects, 0(0B) LOS objects, 34% free, 30MB/46MB, paused 373us total 13.931ms
08-05 11:40:47.168 29746 29758 I art     : Starting a blocking GC Explicit
08-05 11:40:47.183 29746 29758 I art     : Explicit concurrent mark sweep GC freed 3(96B) AllocSpace objects, 0(0B) LOS objects, 34% free, 30MB/46MB, paused 313us total 14.649ms
08-05 11:40:47.189 29746 29758 I art     : Starting a blocking GC Explicit
08-05 11:40:47.204 29746 29758 I art     : Explicit concurrent mark sweep GC freed 3(96B) AllocSpace objects, 0(0B) LOS objects, 34% free, 30MB/46MB, paused 313us total 14.658ms
08-05 11:40:47.498 29746 29774 I art     : Starting a blocking GC Explicit
08-05 11:40:47.517 29746 29774 I art     : Explicit concurrent mark sweep GC freed 1389(80KB) AllocSpace objects, 1(20KB) LOS objects, 34% free, 30MB/46MB, paused 401us total 19.087ms
08-05 11:40:47.528 29746 29774 I art     : Starting a blocking GC Explicit
08-05 11:40:47.543 29746 29774 I art     : Explicit concurrent mark sweep GC freed 20(704B) AllocSpace objects, 0(0B) LOS objects, 34% free, 30MB/46MB, paused 304us total 14.751ms
08-05 11:40:47.549 29746 29774 I art     : Starting a blocking GC Explicit
08-05 11:40:47.564 29746 29774 I art     : Explicit concurrent mark sweep GC freed 3(96B) AllocSpace objects, 0(0B) LOS objects, 34% free, 30MB/46MB, paused 337us total 14.517ms
08-05 11:40:47.570 29746 29774 I art     : Starting a blocking GC Explicit
08-05 11:40:47.585 29746 29774 I art     : Explicit concurrent mark sweep GC freed 3(96B) AllocSpace objects, 0(0B) LOS objects, 34% free, 30MB/46MB, paused 328us total 14.694ms
08-05 11:40:47.591 29746 29774 I art     : Starting a blocking GC Explicit
08-05 11:40:47.606 29746 29774 I art     : Explicit concurrent mark sweep GC freed 3(96B) AllocSpace objects, 0(0B) LOS objects, 34% free, 30MB/46MB, paused 329us total 14.666ms
08-05 11:40:47.920 29746 29759 I art     : Starting a blocking GC Explicit
08-05 11:40:47.939 29746 29759 I art     : Explicit concurrent mark sweep GC freed 1388(80KB) AllocSpace objects, 1(20KB) LOS objects, 34% free, 30MB/46MB, paused 344us total 18.805ms
08-05 11:40:47.949 29746 29759 I art     : Starting a blocking GC Explicit
08-05 11:40:47.963 29746 29759 I art     : Explicit concurrent mark sweep GC freed 20(704B) AllocSpace objects, 0(0B) LOS objects, 34% free, 30MB/46MB, paused 380us total 14.581ms
08-05 11:40:47.970 29746 29759 I art     : Starting a blocking GC Explicit
08-05 11:40:47.985 29746 29759 I art     : Explicit concurrent mark sweep GC freed 3(96B) AllocSpace objects, 0(0B) LOS objects, 34% free, 30MB/46MB, paused 320us total 14.447ms
08-05 11:40:47.991 29746 29759 I art     : Starting a blocking GC Explicit
08-05 11:40:48.006 29746 29759 I art     : Explicit concurrent mark sweep GC freed 3(96B) AllocSpace objects, 0(0B) LOS objects, 34% free, 30MB/46MB, paused 317us total 14.673ms
08-05 11:40:48.012 29746 29759 I art     : Starting a blocking GC Explicit
08-05 11:40:48.027 29746 29759 I art     : Explicit concurrent mark sweep GC freed 3(96B) AllocSpace objects, 0(0B) LOS objects, 34% free, 30MB/46MB, paused 362us total 14.752ms
08-05 11:40:48.353 29746 29758 I art     : Starting a blocking GC Explicit
08-05 11:40:48.374 29746 29758 I art     : Explicit concurrent mark sweep GC freed 1388(80KB) AllocSpace objects, 1(20KB) LOS objects, 34% free, 30MB/46MB, paused 399us total 20.259ms
08-05 11:40:48.383 29746 29758 I art     : Starting a blocking GC Explicit
08-05 11:40:48.398 29746 29758 I art     : Explicit concurrent mark sweep GC freed 20(704B) AllocSpace objects, 0(0B) LOS objects, 34% free, 30MB/46MB, paused 331us total 15.333ms
08-05 11:40:48.405 29746 29758 I art     : Starting a blocking GC Explicit
08-05 11:40:48.419 29746 29758 I art     : Explicit concurrent mark sweep GC freed 3(96B) AllocSpace objects, 0(0B) LOS objects, 34% free, 30MB/46MB, paused 327us total 14.560ms
08-05 11:40:48.426 29746 29758 I art     : Starting a blocking GC Explicit
08-05 11:40:48.440 29746 29758 I art     : Explicit concurrent mark sweep GC freed 3(96B) AllocSpace objects, 0(0B) LOS objects, 34% free, 30MB/46MB, paused 298us total 13.474ms
08-05 11:40:48.445 29746 29758 I art     : Starting a blocking GC Explicit
08-05 11:40:48.459 29746 29758 I art     : Explicit concurrent mark sweep GC freed 3(96B) AllocSpace objects, 0(0B) LOS objects, 34% free, 30MB/46MB, paused 309us total 13.542ms
08-05 11:40:48.582  5179  5194 D QcrilMsgTunnelSocket: readRilMessage: Buffer = [B@671e81d HexData = [010000000404000011000000514f454d484f4f4bef0308000100000003]
08-05 11:40:48.582  5179  5194 D QcrilMsgTunnelSocket: Rcvd UNSOL response with 28 bytes data for SUB0
08-05 11:40:48.583  5179  5194 D QcrilMsgTunnelSocket: Response ID 525295 is not served in this process.
08-05 11:40:48.583  5179  5194 D QcrilMsgTunnelSocket: To broadcast an Intent via the notifier to external apps
08-05 11:40:48.583  5179  5179 D QcrilMsgTunnelIfaceManager: handleMessage what = 0
08-05 11:40:48.583  5179  5179 D QcrilMsgTunnelIfaceManager: Broadcasting intent ACTION_UNSOL_RESPONSE_OEM_HOOK_RAW
08-05 11:40:48.586  5164  5164 D QC_RIL_OEM_HOOK: Received Broadcast Intent ACTION_UNSOL_RESPONSE_OEM_HOOK_RAW
08-05 11:40:48.586  5164  5164 D QC_RIL_OEM_HOOK: Oem ID in QCRILHOOK UNSOL RESP is QOEMHOOK
08-05 11:40:48.779 29746 29774 I art     : Starting a blocking GC Explicit
08-05 11:40:48.799 29746 29774 I art     : Explicit concurrent mark sweep GC freed 1388(80KB) AllocSpace objects, 1(20KB) LOS objects, 34% free, 30MB/46MB, paused 352us total 19.429ms
08-05 11:40:48.810 29746 29774 I art     : Starting a blocking GC Explicit
08-05 11:40:48.825 29746 29774 I art     : Explicit concurrent mark sweep GC freed 20(704B) AllocSpace objects, 0(0B) LOS objects, 34% free, 30MB/46MB, paused 314us total 14.967ms
08-05 11:40:48.831 29746 29774 I art     : Starting a blocking GC Explicit
08-05 11:40:48.846 29746 29774 I art     : Explicit concurrent mark sweep GC freed 3(96B) AllocSpace objects, 0(0B) LOS objects, 34% free, 30MB/46MB, paused 310us total 14.649ms
08-05 11:40:48.852 29746 29774 I art     : Starting a blocking GC Explicit
08-05 11:40:48.867 29746 29774 I art     : Explicit concurrent mark sweep GC freed 3(96B) AllocSpace objects, 0(0B) LOS objects, 34% free, 30MB/46MB, paused 361us total 14.570ms
08-05 11:40:48.874 29746 29774 I art     : Starting a blocking GC Explicit
08-05 11:40:48.888 29746 29774 I art     : Explicit concurrent mark sweep GC freed 3(96B) AllocSpace objects, 0(0B) LOS objects, 34% free, 30MB/46MB, paused 313us total 14.631ms
08-05 11:40:49.212 29746 29759 I art     : Starting a blocking GC Explicit
08-05 11:40:49.231 29746 29759 I art     : Explicit concurrent mark sweep GC freed 1388(80KB) AllocSpace objects, 1(20KB) LOS objects, 34% free, 30MB/46MB, paused 354us total 18.539ms
08-05 11:40:49.239 29746 29759 I art     : Starting a blocking GC Explicit
08-05 11:40:49.255 29746 29759 I art     : Explicit concurrent mark sweep GC freed 20(704B) AllocSpace objects, 0(0B) LOS objects, 34% free, 30MB/46MB, paused 363us total 15.449ms
08-05 11:40:49.261 29746 29759 I art     : Starting a blocking GC Explicit
08-05 11:40:49.276 29746 29759 I art     : Explicit concurrent mark sweep GC freed 3(96B) AllocSpace objects, 0(0B) LOS objects, 34% free, 30MB/46MB, paused 321us total 14.781ms
08-05 11:40:49.283 29746 29759 I art     : Starting a blocking GC Explicit
08-05 11:40:49.298 29746 29759 I art     : Explicit concurrent mark sweep GC freed 3(96B) AllocSpace objects, 0(0B) LOS objects, 34% free, 30MB/46MB, paused 358us total 15.054ms
08-05 11:40:49.305 29746 29759 I art     : Starting a blocking GC Explicit
08-05 11:40:49.320 29746 29759 I art     : Explicit concurrent mark sweep GC freed 3(96B) AllocSpace objects, 0(0B) LOS objects, 34% free, 30MB/46MB, paused 320us total 15.020ms
08-05 11:40:49.626 29746 29758 I art     : Starting a blocking GC Explicit
08-05 11:40:49.646 29746 29758 I art     : Explicit concurrent mark sweep GC freed 1388(80KB) AllocSpace objects, 1(20KB) LOS objects, 34% free, 30MB/46MB, paused 352us total 18.805ms
08-05 11:40:49.655 29746 29758 I art     : Starting a blocking GC Explicit
08-05 11:40:49.670 29746 29758 I art     : Explicit concurrent mark sweep GC freed 20(704B) AllocSpace objects, 0(0B) LOS objects, 34% free, 30MB/46MB, paused 316us total 14.838ms
08-05 11:40:49.676 29746 29758 I art     : Starting a blocking GC Explicit
08-05 11:40:49.691 29746 29758 I art     : Explicit concurrent mark sweep GC freed 3(96B) AllocSpace objects, 0(0B) LOS objects, 34% free, 30MB/46MB, paused 290us total 14.735ms
08-05 11:40:49.697 29746 29758 I art     : Starting a blocking GC Explicit
08-05 11:40:49.711 29746 29758 I art     : Explicit concurrent mark sweep GC freed 3(96B) AllocSpace objects, 0(0B) LOS objects, 34% free, 30MB/46MB, paused 313us total 13.610ms
08-05 11:40:49.717 29746 29758 I art     : Starting a blocking GC Explicit
08-05 11:40:49.731 29746 29758 I art     : Explicit concurrent mark sweep GC freed 3(96B) AllocSpace objects, 0(0B) LOS objects, 34% free, 30MB/46MB, paused 355us total 14.396ms
08-05 11:40:50.018 29746 29774 I art     : Starting a blocking GC Explicit
08-05 11:40:50.036 29746 29774 I art     : Explicit concurrent mark sweep GC freed 1388(80KB) AllocSpace objects, 1(20KB) LOS objects, 34% free, 30MB/46MB, paused 335us total 17.460ms
08-05 11:40:50.045 29746 29774 I art     : Starting a blocking GC Explicit
08-05 11:40:50.061 29746 29774 I art     : Explicit concurrent mark sweep GC freed 20(704B) AllocSpace objects, 0(0B) LOS objects, 34% free, 30MB/46MB, paused 332us total 14.921ms
08-05 11:40:50.067 29746 29774 I art     : Starting a blocking GC Explicit
08-05 11:40:50.082 29746 29774 I art     : Explicit concurrent mark sweep GC freed 3(96B) AllocSpace objects, 0(0B) LOS objects, 34% free, 30MB/46MB, paused 326us total 14.947ms
08-05 11:40:50.089 29746 29774 I art     : Starting a blocking GC Explicit
08-05 11:40:50.104 29746 29774 I art     : Explicit concurrent mark sweep GC freed 3(96B) AllocSpace objects, 0(0B) LOS objects, 34% free, 30MB/46MB, paused 319us total 14.953ms
08-05 11:40:50.110 29746 29774 I art     : Starting a blocking GC Explicit
08-05 11:40:50.125 29746 29774 I art     : Explicit concurrent mark sweep GC freed 3(96B) AllocSpace objects, 0(0B) LOS objects, 34% free, 30MB/46MB, paused 318us total 14.938ms
08-05 11:40:50.473 29746 29759 I art     : Starting a blocking GC Explicit
08-05 11:40:50.495 29746 29759 I art     : Explicit concurrent mark sweep GC freed 1388(80KB) AllocSpace objects, 1(20KB) LOS objects, 34% free, 30MB/46MB, paused 403us total 21.554ms
08-05 11:40:50.505 29746 29759 I art     : Starting a blocking GC Explicit
08-05 11:40:50.520 29746 29759 I art     : Explicit concurrent mark sweep GC freed 20(704B) AllocSpace objects, 0(0B) LOS objects, 34% free, 30MB/46MB, paused 350us total 15.653ms
08-05 11:40:50.527 29746 29759 I art     : Starting a blocking GC Explicit
08-05 11:40:50.542 29746 29759 I art     : Explicit concurrent mark sweep GC freed 3(96B) AllocSpace objects, 0(0B) LOS objects, 34% free, 30MB/46MB, paused 312us total 14.590ms
08-05 11:40:50.548 29746 29759 I art     : Starting a blocking GC Explicit
08-05 11:40:50.563 29746 29759 I art     : Explicit concurrent mark sweep GC freed 3(96B) AllocSpace objects, 0(0B) LOS objects, 34% free, 30MB/46MB, paused 322us total 14.570ms
08-05 11:40:50.569 29746 29759 I art     : Starting a blocking GC Explicit
08-05 11:40:50.584 29746 29759 I art     : Explicit concurrent mark sweep GC freed 3(96B) AllocSpace objects, 0(0B) LOS objects, 34% free, 30MB/46MB, paused 325us total 14.558ms
08-05 11:40:50.876 29746 29758 I art     : Starting a blocking GC Explicit
08-05 11:40:50.894 29746 29758 I art     : Explicit concurrent mark sweep GC freed 1388(80KB) AllocSpace objects, 1(20KB) LOS objects, 34% free, 30MB/46MB, paused 388us total 17.208ms
08-05 11:40:50.902 29746 29758 I art     : Starting a blocking GC Explicit
08-05 11:40:50.917 29746 29758 I art     : Explicit concurrent mark sweep GC freed 20(704B) AllocSpace objects, 0(0B) LOS objects, 34% free, 30MB/46MB, paused 332us total 14.901ms
08-05 11:40:50.924 29746 29758 I art     : Starting a blocking GC Explicit
08-05 11:40:50.939 29746 29758 I art     : Explicit concurrent mark sweep GC freed 3(96B) AllocSpace objects, 0(0B) LOS objects, 34% free, 30MB/46MB, paused 313us total 14.844ms
08-05 11:40:50.945 29746 29758 I art     : Starting a blocking GC Explicit
08-05 11:40:50.961 29746 29758 I art     : Explicit concurrent mark sweep GC freed 3(96B) AllocSpace objects, 0(0B) LOS objects, 34% free, 30MB/46MB, paused 368us total 15.186ms
08-05 11:40:50.967 29746 29758 I art     : Starting a blocking GC Explicit
08-05 11:40:50.983 29746 29758 I art     : Explicit concurrent mark sweep GC freed 3(96B) AllocSpace objects, 0(0B) LOS objects, 34% free, 30MB/46MB, paused 318us total 15.412ms
08-05 11:40:51.252 29746 29774 I art     : Starting a blocking GC Explicit
08-05 11:40:51.268 29746 29774 I art     : Explicit concurrent mark sweep GC freed 1388(80KB) AllocSpace objects, 1(20KB) LOS objects, 34% free, 30MB/46MB, paused 339us total 15.653ms
08-05 11:40:51.274 29746 29774 I art     : Starting a blocking GC Explicit
08-05 11:40:51.290 29746 29774 I art     : Explicit concurrent mark sweep GC freed 20(704B) AllocSpace objects, 0(0B) LOS objects, 34% free, 30MB/46MB, paused 321us total 15.199ms
08-05 11:40:51.296 29746 29774 I art     : Starting a blocking GC Explicit
08-05 11:40:51.312 29746 29774 I art     : Explicit concurrent mark sweep GC freed 3(96B) AllocSpace objects, 0(0B) LOS objects, 34% free, 30MB/46MB, paused 336us total 15.275ms
08-05 11:40:51.319 29746 29774 I art     : Starting a blocking GC Explicit
08-05 11:40:51.334 29746 29774 I art     : Explicit concurrent mark sweep GC freed 3(96B) AllocSpace objects, 0(0B) LOS objects, 34% free, 30MB/46MB, paused 326us total 14.956ms
08-05 11:40:51.340 29746 29774 I art     : Starting a blocking GC Explicit
08-05 11:40:51.354   918  1209 D NetworkMonitor/NetworkAgentInfo [WIFI () - 159]: Checking http://connectivitycheck.gstatic.com/generate_204 on "H369AA63323", 192.168.2.12=192.168.2.12
08-05 11:40:51.356 29746 29774 I art     : Explicit concurrent mark sweep GC freed 3(96B) AllocSpace objects, 0(0B) LOS objects, 34% free, 30MB/46MB, paused 302us total 14.881ms
08-05 11:40:51.419   918  1209 D NetworkMonitor/NetworkAgentInfo [WIFI () - 159]: Probably not a portal: exception java.io.IOException: unexpected end of stream on Connection{connectivitycheck.gstatic.com:80, proxy=HTTP@/192.168.2.12:8080 hostAddress=192.168.2.12 cipherSuite=none protocol=http/1.1} (recycle count=0)
08-05 11:40:51.421   918  3263 D ConnectivityService: NetworkAgentInfo [WIFI () - 159] validation failed
08-05 11:40:51.423   918  3261 E WifiConfigStore:  rewrite network history for "H369AA63323"WPA_PSK
08-05 11:40:51.667 29746 29759 I art     : Starting a blocking GC Explicit
08-05 11:40:51.687 29746 29759 I art     : Explicit concurrent mark sweep GC freed 1388(80KB) AllocSpace objects, 1(20KB) LOS objects, 34% free, 30MB/46MB, paused 362us total 19.734ms
08-05 11:40:51.697 29746 29759 I art     : Starting a blocking GC Explicit
08-05 11:40:51.711 29746 29759 I art     : Explicit concurrent mark sweep GC freed 20(704B) AllocSpace objects, 0(0B) LOS objects, 34% free, 30MB/46MB, paused 320us total 14.421ms
08-05 11:40:51.718 29746 29759 I art     : Starting a blocking GC Explicit
08-05 11:40:51.733 29746 29759 I art     : Explicit concurrent mark sweep GC freed 3(96B) AllocSpace objects, 0(0B) LOS objects, 34% free, 30MB/46MB, paused 311us total 14.542ms
08-05 11:40:51.739 29746 29759 I art     : Starting a blocking GC Explicit
08-05 11:40:51.754 29746 29759 I art     : Explicit concurrent mark sweep GC freed 3(96B) AllocSpace objects, 0(0B) LOS objects, 34% free, 30MB/46MB, paused 313us total 14.600ms
08-05 11:40:51.760 29746 29759 I art     : Starting a blocking GC Explicit
08-05 11:40:51.775 29746 29759 I art     : Explicit concurrent mark sweep GC freed 3(96B) AllocSpace objects, 0(0B) LOS objects, 34% free, 30MB/46MB, paused 319us total 14.629ms
08-05 11:40:52.082 29746 29758 I art     : Starting a blocking GC Explicit
08-05 11:40:52.101 29746 29758 I art     : Explicit concurrent mark sweep GC freed 1388(80KB) AllocSpace objects, 1(20KB) LOS objects, 34% free, 30MB/46MB, paused 383us total 18.853ms
08-05 11:40:52.108 29746 29758 I art     : Starting a blocking GC Explicit
08-05 11:40:52.123 29746 29758 I art     : Explicit concurrent mark sweep GC freed 20(704B) AllocSpace objects, 0(0B) LOS objects, 34% free, 30MB/46MB, paused 371us total 15.501ms
08-05 11:40:52.130 29746 29758 I art     : Starting a blocking GC Explicit
08-05 11:40:52.145 29746 29758 I art     : Explicit concurrent mark sweep GC freed 3(96B) AllocSpace objects, 0(0B) LOS objects, 34% free, 30MB/46MB, paused 312us total 14.931ms
08-05 11:40:52.151 29746 29758 I art     : Starting a blocking GC Explicit
08-05 11:40:52.167 29746 29758 I art     : Explicit concurrent mark sweep GC freed 3(96B) AllocSpace objects, 0(0B) LOS objects, 34% free, 30MB/46MB, paused 315us total 14.997ms
08-05 11:40:52.173 29746 29758 I art     : Starting a blocking GC Explicit
08-05 11:40:52.188 29746 29758 I art     : Explicit concurrent mark sweep GC freed 3(96B) AllocSpace objects, 0(0B) LOS objects, 34% free, 30MB/46MB, paused 309us total 14.921ms
08-05 11:40:52.509 29746 29774 I art     : Starting a blocking GC Explicit
08-05 11:40:52.527 29746 29774 I art     : Explicit concurrent mark sweep GC freed 1388(80KB) AllocSpace objects, 1(20KB) LOS objects, 34% free, 30MB/46MB, paused 376us total 18.131ms
08-05 11:40:52.534 29746 29774 I art     : Starting a blocking GC Explicit
08-05 11:40:52.550 29746 29774 I art     : Explicit concurrent mark sweep GC freed 20(704B) AllocSpace objects, 0(0B) LOS objects, 34% free, 30MB/46MB, paused 376us total 15.616ms
08-05 11:40:52.557 29746 29774 I art     : Starting a blocking GC Explicit
08-05 11:40:52.572 29746 29774 I art     : Explicit concurrent mark sweep GC freed 3(96B) AllocSpace objects, 0(0B) LOS objects, 34% free, 30MB/46MB, paused 341us total 15.049ms
08-05 11:40:52.579 29746 29774 I art     : Starting a blocking GC Explicit
08-05 11:40:52.594 29746 29774 I art     : Explicit concurrent mark sweep GC freed 3(96B) AllocSpace objects, 0(0B) LOS objects, 34% free, 30MB/46MB, paused 320us total 15.021ms
08-05 11:40:52.601 29746 29774 I art     : Starting a blocking GC Explicit
08-05 11:40:52.616 29746 29774 I art     : Explicit concurrent mark sweep GC freed 3(96B) AllocSpace objects, 0(0B) LOS objects, 34% free, 30MB/46MB, paused 312us total 14.883ms
08-05 11:40:52.925 29746 29759 I art     : Starting a blocking GC Explicit
08-05 11:40:52.945 29746 29759 I art     : Explicit concurrent mark sweep GC freed 1388(80KB) AllocSpace objects, 1(20KB) LOS objects, 34% free, 30MB/46MB, paused 406us total 19.425ms
08-05 11:40:52.956 29746 29759 I art     : Starting a blocking GC Explicit
08-05 11:40:52.971 29746 29759 I art     : Explicit concurrent mark sweep GC freed 20(704B) AllocSpace objects, 0(0B) LOS objects, 34% free, 30MB/46MB, paused 318us total 15.371ms
08-05 11:40:52.978 29746 29759 I art     : Starting a blocking GC Explicit
08-05 11:40:52.992 29746 29759 I art     : Explicit concurrent mark sweep GC freed 3(96B) AllocSpace objects, 0(0B) LOS objects, 34% free, 30MB/46MB, paused 365us total 14.652ms
08-05 11:40:52.999 29746 29759 I art     : Starting a blocking GC Explicit
08-05 11:40:53.013 29746 29759 I art     : Explicit concurrent mark sweep GC freed 3(96B) AllocSpace objects, 0(0B) LOS objects, 34% free, 30MB/46MB, paused 300us total 14.276ms
08-05 11:40:53.019 29746 29759 I art     : Starting a blocking GC Explicit
08-05 11:40:53.033 29746 29759 I art     : Explicit concurrent mark sweep GC freed 3(96B) AllocSpace objects, 0(0B) LOS objects, 34% free, 30MB/46MB, paused 311us total 13.876ms
08-05 11:40:53.331 29746 29758 I art     : Starting a blocking GC Explicit
08-05 11:40:53.350 29746 29758 I art     : Explicit concurrent mark sweep GC freed 1388(80KB) AllocSpace objects, 1(20KB) LOS objects, 34% free, 30MB/46MB, paused 356us total 19.151ms
08-05 11:40:53.359 29746 29758 I art     : Starting a blocking GC Explicit
08-05 11:40:53.375 29746 29758 I art     : Explicit concurrent mark sweep GC freed 20(704B) AllocSpace objects, 0(0B) LOS objects, 34% free, 30MB/46MB, paused 370us total 15.414ms
08-05 11:40:53.381 29746 29758 I art     : Starting a blocking GC Explicit
08-05 11:40:53.396 29746 29758 I art     : Explicit concurrent mark sweep GC freed 3(96B) AllocSpace objects, 0(0B) LOS objects, 34% free, 30MB/46MB, paused 326us total 14.845ms
08-05 11:40:53.403 29746 29758 I art     : Starting a blocking GC Explicit
08-05 11:40:53.418 29746 29758 I art     : Explicit concurrent mark sweep GC freed 3(96B) AllocSpace objects, 0(0B) LOS objects, 34% free, 30MB/46MB, paused 300us total 14.913ms
08-05 11:40:53.424 29746 29758 I art     : Starting a blocking GC Explicit
08-05 11:40:53.439 29746 29758 I art     : Explicit concurrent mark sweep GC freed 3(96B) AllocSpace objects, 0(0B) LOS objects, 34% free, 30MB/46MB, paused 315us total 15.069ms
08-05 11:40:53.515 28584 28584 I ServiceManager: Waiting for service AtCmdFwd...
08-05 11:40:53.757 29746 29774 I art     : Starting a blocking GC Explicit
08-05 11:40:53.775 29746 29774 I art     : Explicit concurrent mark sweep GC freed 1388(80KB) AllocSpace objects, 1(20KB) LOS objects, 34% free, 30MB/46MB, paused 419us total 17.563ms
08-05 11:40:53.786 29746 29774 I art     : Starting a blocking GC Explicit
08-05 11:40:53.800 29746 29774 I art     : Explicit concurrent mark sweep GC freed 20(704B) AllocSpace objects, 0(0B) LOS objects, 34% free, 30MB/46MB, paused 343us total 14.281ms
08-05 11:40:53.807 29746 29774 I art     : Starting a blocking GC Explicit
08-05 11:40:53.821 29746 29774 I art     : Explicit concurrent mark sweep GC freed 3(96B) AllocSpace objects, 0(0B) LOS objects, 34% free, 30MB/46MB, paused 298us total 14.316ms
08-05 11:40:53.828 29746 29774 I art     : Starting a blocking GC Explicit
08-05 11:40:53.842 29746 29774 I art     : Explicit concurrent mark sweep GC freed 3(96B) AllocSpace objects, 0(0B) LOS objects, 34% free, 30MB/46MB, paused 300us total 14.263ms
08-05 11:40:53.848 29746 29774 I art     : Starting a blocking GC Explicit
08-05 11:40:53.861 29746 29774 I art     : Explicit concurrent mark sweep GC freed 3(96B) AllocSpace objects, 0(0B) LOS objects, 34% free, 30MB/46MB, paused 295us total 13.195ms
08-05 11:40:54.131 30264 30264 D AndroidRuntime: >>>>>> START com.android.internal.os.RuntimeInit uid 2000 <<<<<<
08-05 11:40:54.135 30264 30264 D AndroidRuntime: CheckJNI is OFF
08-05 11:40:54.161 30264 30264 D ICU     : No timezone override file found: /data/misc/zoneinfo/current/icu/icu_tzdata.dat
08-05 11:40:54.164 29746 29759 I art     : Starting a blocking GC Explicit
08-05 11:40:54.180 29746 29759 I art     : Explicit concurrent mark sweep GC freed 1388(80KB) AllocSpace objects, 1(20KB) LOS objects, 34% free, 30MB/46MB, paused 344us total 15.575ms
08-05 11:40:54.188 29746 29759 I art     : Starting a blocking GC Explicit
08-05 11:40:54.189 30264 30264 I Radio-JNI: register_android_hardware_Radio DONE
08-05 11:40:54.202 29746 29759 I art     : Explicit concurrent mark sweep GC freed 20(704B) AllocSpace objects, 0(0B) LOS objects, 34% free, 30MB/46MB, paused 309us total 13.442ms
08-05 11:40:54.206 30264 30264 D AndroidRuntime: Calling main entry com.android.commands.input.Input
08-05 11:40:54.207 30264 30264 I Input   : injectMotionEvent: MotionEvent { action=ACTION_DOWN, actionButton=0, id[0]=0, x[0]=436.0, y[0]=453.0, toolType[0]=TOOL_TYPE_UNKNOWN, buttonState=0, metaState=0, flags=0x0, edgeFlags=0x0, pointerCount=1, historySize=0, eventTime=790870620, downTime=790870620, deviceId=0, source=0x1002 }
08-05 11:40:54.209 29746 29759 I art     : Starting a blocking GC Explicit
08-05 11:40:54.213 30264 30264 I Input   : injectMotionEvent: MotionEvent { action=ACTION_UP, actionButton=0, id[0]=0, x[0]=436.0, y[0]=453.0, toolType[0]=TOOL_TYPE_UNKNOWN, buttonState=0, metaState=0, flags=0x0, edgeFlags=0x0, pointerCount=1, historySize=0, eventTime=790870620, downTime=790870620, deviceId=0, source=0x1002 }
08-05 11:40:54.215 30264 30264 D AndroidRuntime: Shutting down VM
08-05 11:40:54.224 29746 29759 I art     : Explicit concurrent mark sweep GC freed 9(480B) AllocSpace objects, 0(0B) LOS objects, 34% free, 30MB/46MB, paused 335us total 15.149ms
08-05 11:40:54.228   512  2967 D audio_hw_primary: out_set_parameters: enter: usecase(1: low-latency-playback) kvpairs: routing=2
08-05 11:40:54.229   918  6111 I ActivityManager: START u0 {cmp=baseline.com.newsblur/.activity.GlobalSharedStoriesReading (has extras)} from uid 10676 on display 0
08-05 11:40:54.231 29746 29759 I art     : Starting a blocking GC Explicit
08-05 11:40:54.240   512  2967 D audio_hw_primary: select_devices: out_snd_device(2: speaker) in_snd_device(0: none)
08-05 11:40:54.241   512  2967 D msm8974_platform: platform_send_audio_calibration: sending audio calibration for snd_device(2) acdb_id(15)
08-05 11:40:54.241   512  2967 I soundtrigger: audio_extn_sound_trigger_update_device_status: device 0x2 of type 0 for Event 1
08-05 11:40:54.248 29746 29759 I art     : Explicit concurrent mark sweep GC freed 508(65KB) AllocSpace objects, 1(20KB) LOS objects, 34% free, 30MB/46MB, paused 768us total 16.321ms
08-05 11:40:54.251   512  2967 D audio_hw_primary: enable_snd_device: snd_device(2: speaker)
08-05 11:40:54.254   512  2967 D audio_hw_primary: enable_audio_route: apply and update mixer path: low-latency-playback speaker
08-05 11:40:54.256 29746 29759 I art     : Starting a blocking GC Explicit
08-05 11:40:54.272 29746 29759 I art     : Explicit concurrent mark sweep GC freed 233(29KB) AllocSpace objects, 1(20KB) LOS objects, 34% free, 30MB/46MB, paused 462us total 15.022ms
08-05 11:40:54.449   918   936 I ActivityManager: Displayed baseline.com.newsblur/.activity.GlobalSharedStoriesReading: +211ms
08-05 11:40:54.449 13866 13866 I GoogleInputMethodServic: GoogleInputMethodService.onFinishInput():3138 
08-05 11:40:54.450 13866 13866 I GoogleInputMethodServic: GoogleInputMethodService.onStartInput():1808 
08-05 11:40:54.463 29746 29746 I WebViewFactory: Loading com.google.android.webview version 84.0.4147.89 (code 414708953)
08-05 11:40:54.494 29746 29758 I art     : Starting a blocking GC Explicit
08-05 11:40:54.514 29746 29758 I art     : Explicit concurrent mark sweep GC freed 6409(595KB) AllocSpace objects, 5(528KB) LOS objects, 31% free, 34MB/50MB, paused 715us total 18.888ms
08-05 11:40:54.516 28584 28584 I ServiceManager: Waiting for service AtCmdFwd...
08-05 11:40:54.523 29746 29758 I art     : Starting a blocking GC Explicit
08-05 11:40:54.530 29746 29746 I cr_LibraryLoader: Loaded native library version number "84.0.4147.89"
08-05 11:40:54.530 29746 29746 I cr_CachingUmaRecorder: Flushed 5 samples from 5 histograms.
08-05 11:40:54.542 29746 29758 I art     : Explicit concurrent mark sweep GC freed 1526(154KB) AllocSpace objects, 3(60KB) LOS objects, 31% free, 34MB/50MB, paused 746us total 18.848ms
08-05 11:40:54.548 29746 29758 I art     : Starting a blocking GC Explicit
08-05 11:40:54.561 29746 29746 E chromium: [ERROR:filesystem_posix.cc(62)] mkdir /data/user/0/baseline.com.newsblur/cache/WebView/Crashpad: No such file or directory (2)
08-05 11:40:54.567 29746 29758 I art     : Explicit concurrent mark sweep GC freed 737(138KB) AllocSpace objects, 0(0B) LOS objects, 31% free, 34MB/50MB, paused 853us total 18.618ms
08-05 11:40:54.574 29746 29758 I art     : Starting a blocking GC Explicit
08-05 11:40:54.592 29746 29758 I art     : Explicit concurrent mark sweep GC freed 234(29KB) AllocSpace objects, 0(0B) LOS objects, 31% free, 34MB/50MB, paused 475us total 17.148ms
08-05 11:40:54.598 29746 29758 I art     : Starting a blocking GC Explicit
08-05 11:40:54.617 29746 29758 I art     : Explicit concurrent mark sweep GC freed 508(19KB) AllocSpace objects, 0(0B) LOS objects, 31% free, 34MB/50MB, paused 1.118ms total 18.704ms
08-05 11:40:54.654   918  5952 D ConnectivityService: listenForNetwork for Listen from uid/pid:10676/29746 for NetworkRequest [ id=3225, legacyType=-1, [ Capabilities: INTERNET&NOT_RESTRICTED&TRUSTED] ]
08-05 11:40:54.745 29746 30312 W cr_media: Requires BLUETOOTH permission
08-05 11:40:54.754 29746 30329 E libEGL  : validate_display:255 error 3008 (EGL_BAD_DISPLAY)
08-05 11:40:54.790   512  2967 D audio_hw_primary: disable_audio_route: reset and update mixer path: low-latency-playback speaker
08-05 11:40:54.794   512  2967 D audio_hw_primary: disable_snd_device: snd_device(2: speaker)
08-05 11:40:54.804   512  2967 I soundtrigger: audio_extn_sound_trigger_update_device_status: device 0x2 of type 0 for Event 0
08-05 11:40:54.915 29746 29758 I art     : Starting a blocking GC Explicit
08-05 11:40:54.938 29746 29758 I art     : Explicit concurrent mark sweep GC freed 24079(1483KB) AllocSpace objects, 20(444KB) LOS objects, 30% free, 36MB/52MB, paused 692us total 22.825ms
08-05 11:40:54.945 29746 29758 I art     : Starting a blocking GC Explicit
08-05 11:40:54.965 29746 29758 I art     : Explicit concurrent mark sweep GC freed 1846(85KB) AllocSpace objects, 2(56KB) LOS objects, 30% free, 36MB/52MB, paused 639us total 19.865ms
08-05 11:40:54.972 29746 29758 I art     : Starting a blocking GC Explicit
08-05 11:40:54.993 29746 29758 I art     : Explicit concurrent mark sweep GC freed 8(256B) AllocSpace objects, 0(0B) LOS objects, 30% free, 36MB/52MB, paused 797us total 20.579ms
08-05 11:40:55.000 29746 29758 I art     : Starting a blocking GC Explicit
08-05 11:40:55.019 29746 29758 I art     : Explicit concurrent mark sweep GC freed 18(544B) AllocSpace objects, 0(0B) LOS objects, 30% free, 36MB/52MB, paused 743us total 18.803ms
08-05 11:40:55.026 29746 29758 I art     : Starting a blocking GC Explicit
08-05 11:40:55.046 29746 29758 I art     : Explicit concurrent mark sweep GC freed 3(96B) AllocSpace objects, 0(0B) LOS objects, 30% free, 36MB/52MB, paused 791us total 19.720ms
08-05 11:40:55.318 29746 30346 E baseline.com.newsblur.network.APIResponse: Error (unexpected end of stream on https://www.newsblur.com/...) calling https://www.newsblur.com/reader/mark_story_hashes_as_read/
08-05 11:40:55.318 29746 30346 E baseline.com.newsblur.network.APIResponse: java.io.IOException: unexpected end of stream on https://www.newsblur.com/...
08-05 11:40:55.318 29746 30346 E baseline.com.newsblur.network.APIResponse: 	at okhttp3.internal.http1.Http1ExchangeCodec.readResponseHeaders(Http1ExchangeCodec.java:236)
08-05 11:40:55.318 29746 30346 E baseline.com.newsblur.network.APIResponse: 	at okhttp3.internal.connection.Exchange.readResponseHeaders(Exchange.java:115)
08-05 11:40:55.318 29746 30346 E baseline.com.newsblur.network.APIResponse: 	at okhttp3.internal.http.CallServerInterceptor.intercept(CallServerInterceptor.java:94)
08-05 11:40:55.318 29746 30346 E baseline.com.newsblur.network.APIResponse: 	at okhttp3.internal.http.RealInterceptorChain.proceed(RealInterceptorChain.java:142)
08-05 11:40:55.318 29746 30346 E baseline.com.newsblur.network.APIResponse: 	at okhttp3.internal.connection.ConnectInterceptor.intercept(ConnectInterceptor.java:43)
08-05 11:40:55.318 29746 30346 E baseline.com.newsblur.network.APIResponse: 	at okhttp3.internal.http.RealInterceptorChain.proceed(RealInterceptorChain.java:142)
08-05 11:40:55.318 29746 30346 E baseline.com.newsblur.network.APIResponse: 	at okhttp3.internal.http.RealInterceptorChain.proceed(RealInterceptorChain.java:117)
08-05 11:40:55.318 29746 30346 E baseline.com.newsblur.network.APIResponse: 	at okhttp3.internal.cache.CacheInterceptor.intercept(CacheInterceptor.java:94)
08-05 11:40:55.318 29746 30346 E baseline.com.newsblur.network.APIResponse: 	at okhttp3.internal.http.RealInterceptorChain.proceed(RealInterceptorChain.java:142)
08-05 11:40:55.318 29746 30346 E baseline.com.newsblur.network.APIResponse: 	at okhttp3.internal.http.RealInterceptorChain.proceed(RealInterceptorChain.java:117)
08-05 11:40:55.318 29746 30346 E baseline.com.newsblur.network.APIResponse: 	at okhttp3.internal.http.BridgeInterceptor.intercept(BridgeInterceptor.java:93)
08-05 11:40:55.318 29746 30346 E baseline.com.newsblur.network.APIResponse: 	at okhttp3.internal.http.RealInterceptorChain.proceed(RealInterceptorChain.java:142)
08-05 11:40:55.318 29746 30346 E baseline.com.newsblur.network.APIResponse: 	at okhttp3.internal.http.RetryAndFollowUpInterceptor.intercept(RetryAndFollowUpInterceptor.java:88)
08-05 11:40:55.318 29746 30346 E baseline.com.newsblur.network.APIResponse: 	at okhttp3.internal.http.RealInterceptorChain.proceed(RealInterceptorChain.java:142)
08-05 11:40:55.318 29746 30346 E baseline.com.newsblur.network.APIResponse: 	at okhttp3.internal.http.RealInterceptorChain.proceed(RealInterceptorChain.java:117)
08-05 11:40:55.318 29746 30346 E baseline.com.newsblur.network.APIResponse: 	at okhttp3.RealCall.getResponseWithInterceptorChain(RealCall.java:229)
08-05 11:40:55.318 29746 30346 E baseline.com.newsblur.network.APIResponse: 	at okhttp3.RealCall.execute(RealCall.java:81)
08-05 11:40:55.318 29746 30346 E baseline.com.newsblur.network.APIResponse: 	at baseline.com.newsblur.network.APIResponse.<init>(APIResponse.java:57)
08-05 11:40:55.318 29746 30346 E baseline.com.newsblur.network.APIResponse: 	at baseline.com.newsblur.network.APIResponse.<init>(APIResponse.java:43)
08-05 11:40:55.318 29746 30346 E baseline.com.newsblur.network.APIResponse: 	at baseline.com.newsblur.network.APIManager.post_single(APIManager.java:702)
08-05 11:40:55.318 29746 30346 E baseline.com.newsblur.network.APIResponse: 	at baseline.com.newsblur.network.APIManager.post(APIManager.java:675)
08-05 11:40:55.318 29746 30346 E baseline.com.newsblur.network.APIResponse: 	at baseline.com.newsblur.network.APIManager.post(APIManager.java:714)
08-05 11:40:55.318 29746 30346 E baseline.com.newsblur.network.APIResponse: 	at baseline.com.newsblur.network.APIManager.markStoryAsRead(APIManager.java:205)
08-05 11:40:55.318 29746 30346 E baseline.com.newsblur.network.APIResponse: 	at baseline.com.newsblur.util.ReadingAction.doRemote(ReadingAction.java:281)
08-05 11:40:55.318 29746 30346 E baseline.com.newsblur.network.APIResponse: 	at baseline.com.newsblur.service.NBSyncService.syncActions(NBSyncService.java:400)
08-05 11:40:55.318 29746 30346 E baseline.com.newsblur.network.APIResponse: 	at baseline.com.newsblur.service.NBSyncService.doSync(NBSyncService.java:298)
08-05 11:40:55.318 29746 30346 E baseline.com.newsblur.network.APIResponse: 	at baseline.com.newsblur.service.NBSyncService.access$100(NBSyncService.java:67)
08-05 11:40:55.318 29746 30346 E baseline.com.newsblur.network.APIResponse: 	at baseline.com.newsblur.service.NBSyncService$1.run(NBSyncService.java:188)
08-05 11:40:55.318 29746 30346 E baseline.com.newsblur.network.APIResponse: 	at java.util.concurrent.ThreadPoolExecutor.runWorker(ThreadPoolExecutor.java:1113)
08-05 11:40:55.318 29746 30346 E baseline.com.newsblur.network.APIResponse: 	at java.util.concurrent.ThreadPoolExecutor$Worker.run(ThreadPoolExecutor.java:588)
08-05 11:40:55.318 29746 30346 E baseline.com.newsblur.network.APIResponse: 	at java.lang.Thread.run(Thread.java:818)
08-05 11:40:55.318 29746 30346 E baseline.com.newsblur.network.APIResponse: Caused by: java.io.EOFException: \n not found: limit=0 content=
08-05 11:40:55.318 29746 30346 E baseline.com.newsblur.network.APIResponse: 	at okio.RealBufferedSource.readUtf8LineStrict(RealBufferedSource.java:240)
08-05 11:40:55.318 29746 30346 E baseline.com.newsblur.network.APIResponse: 	at okhttp3.internal.http1.Http1ExchangeCodec.readHeaderLine(Http1ExchangeCodec.java:242)
08-05 11:40:55.318 29746 30346 E baseline.com.newsblur.network.APIResponse: 	at okhttp3.internal.http1.Http1ExchangeCodec.readResponseHeaders(Http1ExchangeCodec.java:213)
08-05 11:40:55.318 29746 30346 E baseline.com.newsblur.network.APIResponse: 	... 30 more
08-05 11:40:55.318 29746 30346 I baseline.com.newsblur.network.APIManager: API call failed, pausing before retry number 1
08-05 11:40:55.333 29746 29774 I art     : Starting a blocking GC Explicit
08-05 11:40:55.365 29746 29774 I art     : Explicit concurrent mark sweep GC freed 8627(600KB) AllocSpace objects, 6(260KB) LOS objects, 30% free, 36MB/52MB, paused 594us total 32.614ms
08-05 11:40:55.374 29746 29774 I art     : Starting a blocking GC Explicit
08-05 11:40:55.402 29746 29774 I art     : Explicit concurrent mark sweep GC freed 1176(124KB) AllocSpace objects, 0(0B) LOS objects, 30% free, 36MB/52MB, paused 543us total 27.625ms
08-05 11:40:55.410 29746 29774 I art     : Starting a blocking GC Explicit
08-05 11:40:55.432 29746 29774 I art     : Explicit concurrent mark sweep GC freed 3(96B) AllocSpace objects, 0(0B) LOS objects, 30% free, 36MB/52MB, paused 549us total 21.454ms
08-05 11:40:55.439 29746 29774 I art     : Starting a blocking GC Explicit
08-05 11:40:55.462 29746 29774 I art     : Explicit concurrent mark sweep GC freed 3(96B) AllocSpace objects, 0(0B) LOS objects, 30% free, 36MB/52MB, paused 591us total 22.359ms
08-05 11:40:55.469 29746 29774 I art     : Starting a blocking GC Explicit
08-05 11:40:55.493 29746 29774 I art     : Explicit concurrent mark sweep GC freed 3(96B) AllocSpace objects, 0(0B) LOS objects, 30% free, 36MB/52MB, paused 925us total 23.931ms
08-05 11:40:55.516 28584 28584 I ServiceManager: Waiting for service AtCmdFwd...
08-05 11:40:55.820 29746 29758 I art     : Starting a blocking GC Explicit
08-05 11:40:55.850 29746 29758 I art     : Explicit concurrent mark sweep GC freed 1440(83KB) AllocSpace objects, 1(20KB) LOS objects, 30% free, 36MB/52MB, paused 571us total 29.036ms
08-05 11:40:55.858 29746 29758 I art     : Starting a blocking GC Explicit
08-05 11:40:55.885 29746 29758 I art     : Explicit concurrent mark sweep GC freed 22(784B) AllocSpace objects, 0(0B) LOS objects, 30% free, 36MB/52MB, paused 557us total 26.256ms
08-05 11:40:55.894 29746 29758 I art     : Starting a blocking GC Explicit
08-05 11:40:55.920 29746 29758 I art     : Explicit concurrent mark sweep GC freed 7(224B) AllocSpace objects, 0(0B) LOS objects, 30% free, 36MB/52MB, paused 622us total 25.989ms
08-05 11:40:55.930 29746 29758 I art     : Starting a blocking GC Explicit
08-05 11:40:55.957 29746 29758 I art     : Explicit concurrent mark sweep GC freed 11(352B) AllocSpace objects, 0(0B) LOS objects, 30% free, 36MB/52MB, paused 734us total 26.452ms
08-05 11:40:55.968 29746 29758 I art     : Starting a blocking GC Explicit
08-05 11:40:55.994 29746 29758 I art     : Explicit concurrent mark sweep GC freed 11(352B) AllocSpace objects, 0(0B) LOS objects, 30% free, 36MB/52MB, paused 701us total 26.206ms
08-05 11:40:56.335 29746 29759 I art     : Starting a blocking GC Explicit
08-05 11:40:56.363 29746 29759 I art     : Explicit concurrent mark sweep GC freed 1481(84KB) AllocSpace objects, 1(20KB) LOS objects, 30% free, 36MB/52MB, paused 861us total 28.197ms
08-05 11:40:56.372 29746 29759 I art     : Starting a blocking GC Explicit
08-05 11:40:56.400 29746 29759 I art     : Explicit concurrent mark sweep GC freed 22(784B) AllocSpace objects, 0(0B) LOS objects, 30% free, 36MB/52MB, paused 1.103ms total 28.074ms
08-05 11:40:56.409 29746 29759 I art     : Starting a blocking GC Explicit
08-05 11:40:56.432 29746 29759 I art     : Explicit concurrent mark sweep GC freed 3(96B) AllocSpace objects, 0(0B) LOS objects, 30% free, 36MB/52MB, paused 533us total 23.194ms
08-05 11:40:56.439 29746 29759 I art     : Starting a blocking GC Explicit
08-05 11:40:56.463 29746 29759 I art     : Explicit concurrent mark sweep GC freed 3(96B) AllocSpace objects, 0(0B) LOS objects, 30% free, 36MB/52MB, paused 761us total 23.239ms
08-05 11:40:56.471 29746 29759 I art     : Starting a blocking GC Explicit
08-05 11:40:56.500 29746 29759 I art     : Explicit concurrent mark sweep GC freed 3(96B) AllocSpace objects, 0(0B) LOS objects, 30% free, 36MB/52MB, paused 1.085ms total 28.335ms
08-05 11:40:56.516 28584 28584 I ServiceManager: Waiting for service AtCmdFwd...
08-05 11:40:56.824 29746 29759 I art     : Starting a blocking GC Explicit
08-05 11:40:56.852 29746 29759 I art     : Explicit concurrent mark sweep GC freed 1532(86KB) AllocSpace objects, 1(20KB) LOS objects, 30% free, 36MB/52MB, paused 589us total 27.555ms
08-05 11:40:56.862 29746 29759 I art     : Starting a blocking GC Explicit
08-05 11:40:56.886 29746 29759 I art     : Explicit concurrent mark sweep GC freed 28(1040B) AllocSpace objects, 0(0B) LOS objects, 30% free, 36MB/52MB, paused 581us total 23.525ms
08-05 11:40:56.894 29746 29759 I art     : Starting a blocking GC Explicit
08-05 11:40:56.916 29746 29759 I art     : Explicit concurrent mark sweep GC freed 15(656B) AllocSpace objects, 0(0B) LOS objects, 30% free, 36MB/52MB, paused 591us total 22.638ms
08-05 11:40:56.925 29746 29759 I art     : Starting a blocking GC Explicit
08-05 11:40:56.947 29746 29759 I art     : Explicit concurrent mark sweep GC freed 59(4KB) AllocSpace objects, 0(0B) LOS objects, 30% free, 36MB/52MB, paused 815us total 21.604ms
08-05 11:40:56.956 29746 29759 I art     : Starting a blocking GC Explicit
08-05 11:40:56.979 29746 29759 I art     : Explicit concurrent mark sweep GC freed 9(400B) AllocSpace objects, 0(0B) LOS objects, 30% free, 36MB/52MB, paused 780us total 23.353ms
08-05 11:40:57.300 29746 29774 I art     : Starting a blocking GC Explicit
08-05 11:40:57.327 29746 29774 I art     : Explicit concurrent mark sweep GC freed 1796(99KB) AllocSpace objects, 1(20KB) LOS objects, 30% free, 36MB/52MB, paused 971us total 27.460ms
08-05 11:40:57.338 29746 29774 I art     : Starting a blocking GC Explicit
08-05 11:40:57.366 29746 29774 I art     : Explicit concurrent mark sweep GC freed 1377(51KB) AllocSpace objects, 0(0B) LOS objects, 30% free, 36MB/52MB, paused 776us total 27.917ms
08-05 11:40:57.374 29746 29774 I art     : Starting a blocking GC Explicit
08-05 11:40:57.384 29746 30346 E baseline.com.newsblur.network.APIResponse: Error (unexpected end of stream on https://www.newsblur.com/...) calling https://www.newsblur.com/reader/mark_story_hashes_as_read/
08-05 11:40:57.384 29746 30346 E baseline.com.newsblur.network.APIResponse: java.io.IOException: unexpected end of stream on https://www.newsblur.com/...
08-05 11:40:57.384 29746 30346 E baseline.com.newsblur.network.APIResponse: 	at okhttp3.internal.http1.Http1ExchangeCodec.readResponseHeaders(Http1ExchangeCodec.java:236)
08-05 11:40:57.384 29746 30346 E baseline.com.newsblur.network.APIResponse: 	at okhttp3.internal.connection.Exchange.readResponseHeaders(Exchange.java:115)
08-05 11:40:57.384 29746 30346 E baseline.com.newsblur.network.APIResponse: 	at okhttp3.internal.http.CallServerInterceptor.intercept(CallServerInterceptor.java:94)
08-05 11:40:57.384 29746 30346 E baseline.com.newsblur.network.APIResponse: 	at okhttp3.internal.http.RealInterceptorChain.proceed(RealInterceptorChain.java:142)
08-05 11:40:57.384 29746 30346 E baseline.com.newsblur.network.APIResponse: 	at okhttp3.internal.connection.ConnectInterceptor.intercept(ConnectInterceptor.java:43)
08-05 11:40:57.384 29746 30346 E baseline.com.newsblur.network.APIResponse: 	at okhttp3.internal.http.RealInterceptorChain.proceed(RealInterceptorChain.java:142)
08-05 11:40:57.384 29746 30346 E baseline.com.newsblur.network.APIResponse: 	at okhttp3.internal.http.RealInterceptorChain.proceed(RealInterceptorChain.java:117)
08-05 11:40:57.384 29746 30346 E baseline.com.newsblur.network.APIResponse: 	at okhttp3.internal.cache.CacheInterceptor.intercept(CacheInterceptor.java:94)
08-05 11:40:57.384 29746 30346 E baseline.com.newsblur.network.APIResponse: 	at okhttp3.internal.http.RealInterceptorChain.proceed(RealInterceptorChain.java:142)
08-05 11:40:57.384 29746 30346 E baseline.com.newsblur.network.APIResponse: 	at okhttp3.internal.http.RealInterceptorChain.proceed(RealInterceptorChain.java:117)
08-05 11:40:57.384 29746 30346 E baseline.com.newsblur.network.APIResponse: 	at okhttp3.internal.http.BridgeInterceptor.intercept(BridgeInterceptor.java:93)
08-05 11:40:57.384 29746 30346 E baseline.com.newsblur.network.APIResponse: 	at okhttp3.internal.http.RealInterceptorChain.proceed(RealInterceptorChain.java:142)
08-05 11:40:57.384 29746 30346 E baseline.com.newsblur.network.APIResponse: 	at okhttp3.internal.http.RetryAndFollowUpInterceptor.intercept(RetryAndFollowUpInterceptor.java:88)
08-05 11:40:57.384 29746 30346 E baseline.com.newsblur.network.APIResponse: 	at okhttp3.internal.http.RealInterceptorChain.proceed(RealInterceptorChain.java:142)
08-05 11:40:57.384 29746 30346 E baseline.com.newsblur.network.APIResponse: 	at okhttp3.internal.http.RealInterceptorChain.proceed(RealInterceptorChain.java:117)
08-05 11:40:57.384 29746 30346 E baseline.com.newsblur.network.APIResponse: 	at okhttp3.RealCall.getResponseWithInterceptorChain(RealCall.java:229)
08-05 11:40:57.384 29746 30346 E baseline.com.newsblur.network.APIResponse: 	at okhttp3.RealCall.execute(RealCall.java:81)
08-05 11:40:57.384 29746 30346 E baseline.com.newsblur.network.APIResponse: 	at baseline.com.newsblur.network.APIResponse.<init>(APIResponse.java:57)
08-05 11:40:57.384 29746 30346 E baseline.com.newsblur.network.APIResponse: 	at baseline.com.newsblur.network.APIResponse.<init>(APIResponse.java:43)
08-05 11:40:57.384 29746 30346 E baseline.com.newsblur.network.APIResponse: 	at baseline.com.newsblur.network.APIManager.post_single(APIManager.java:702)
08-05 11:40:57.384 29746 30346 E baseline.com.newsblur.network.APIResponse: 	at baseline.com.newsblur.network.APIManager.post(APIManager.java:675)
08-05 11:40:57.384 29746 30346 E baseline.com.newsblur.network.APIResponse: 	at baseline.com.newsblur.network.APIManager.post(APIManager.java:714)
08-05 11:40:57.384 29746 30346 E baseline.com.newsblur.network.APIResponse: 	at baseline.com.newsblur.network.APIManager.markStoryAsRead(APIManager.java:205)
08-05 11:40:57.384 29746 30346 E baseline.com.newsblur.network.APIResponse: 	at baseline.com.newsblur.util.ReadingAction.doRemote(ReadingAction.java:281)
08-05 11:40:57.384 29746 30346 E baseline.com.newsblur.network.APIResponse: 	at baseline.com.newsblur.service.NBSyncService.syncActions(NBSyncService.java:400)
08-05 11:40:57.384 29746 30346 E baseline.com.newsblur.network.APIResponse: 	at baseline.com.newsblur.service.NBSyncService.doSync(NBSyncService.java:298)
08-05 11:40:57.384 29746 30346 E baseline.com.newsblur.network.APIResponse: 	at baseline.com.newsblur.service.NBSyncService.access$100(NBSyncService.java:67)
08-05 11:40:57.384 29746 30346 E baseline.com.newsblur.network.APIResponse: 	at baseline.com.newsblur.service.NBSyncService$1.run(NBSyncService.java:188)
08-05 11:40:57.384 29746 30346 E baseline.com.newsblur.network.APIResponse: 	at java.util.concurrent.ThreadPoolExecutor.runWorker(ThreadPoolExecutor.java:1113)
08-05 11:40:57.384 29746 30346 E baseline.com.newsblur.network.APIResponse: 	at java.util.concurrent.ThreadPoolExecutor$Worker.run(ThreadPoolExecutor.java:588)
08-05 11:40:57.384 29746 30346 E baseline.com.newsblur.network.APIResponse: 	at java.lang.Thread.run(Thread.java:818)
08-05 11:40:57.384 29746 30346 E baseline.com.newsblur.network.APIResponse: Caused by: java.io.EOFException: \n not found: limit=0 content=
08-05 11:40:57.384 29746 30346 E baseline.com.newsblur.network.APIResponse: 	at okio.RealBufferedSource.readUtf8LineStrict(RealBufferedSource.java:240)
08-05 11:40:57.384 29746 30346 E baseline.com.newsblur.network.APIResponse: 	at okhttp3.internal.http1.Http1ExchangeCodec.readHeaderLine(Http1ExchangeCodec.java:242)
08-05 11:40:57.384 29746 30346 E baseline.com.newsblur.network.APIResponse: 	at okhttp3.internal.http1.Http1ExchangeCodec.readResponseHeaders(Http1ExchangeCodec.java:213)
08-05 11:40:57.384 29746 30346 E baseline.com.newsblur.network.APIResponse: 	... 30 more
08-05 11:40:57.385 29746 30346 I baseline.com.newsblur.network.APIManager: API call failed, pausing before retry number 2
08-05 11:40:57.400 29746 29774 I art     : Explicit concurrent mark sweep GC freed 775(194KB) AllocSpace objects, 2(40KB) LOS objects, 30% free, 36MB/52MB, paused 574us total 26.307ms
08-05 11:40:57.409 29746 29774 I art     : Starting a blocking GC Explicit
08-05 11:40:57.433 29746 29774 I art     : Explicit concurrent mark sweep GC freed 99(15KB) AllocSpace objects, 0(0B) LOS objects, 30% free, 36MB/52MB, paused 613us total 24.427ms
08-05 11:40:57.441 29746 29774 I art     : Starting a blocking GC Explicit
08-05 11:40:57.462 29746 29774 I art     : Explicit concurrent mark sweep GC freed 25(832B) AllocSpace objects, 0(0B) LOS objects, 30% free, 36MB/52MB, paused 546us total 21.054ms
08-05 11:40:57.517 28584 28584 I ServiceManager: Waiting for service AtCmdFwd...
08-05 11:40:57.782 29746 29774 I art     : Starting a blocking GC Explicit
08-05 11:40:57.818 29746 29774 I art     : Explicit concurrent mark sweep GC freed 1440(83KB) AllocSpace objects, 1(20KB) LOS objects, 30% free, 36MB/52MB, paused 1.130ms total 35.324ms
08-05 11:40:57.826 29746 29774 I art     : Starting a blocking GC Explicit
08-05 11:40:57.853 29746 29774 I art     : Explicit concurrent mark sweep GC freed 22(784B) AllocSpace objects, 0(0B) LOS objects, 30% free, 36MB/52MB, paused 566us total 26.643ms
08-05 11:40:57.861 29746 29774 I art     : Starting a blocking GC Explicit
08-05 11:40:57.888 29746 29774 I art     : Explicit concurrent mark sweep GC freed 3(96B) AllocSpace objects, 0(0B) LOS objects, 30% free, 36MB/52MB, paused 569us total 26.564ms
08-05 11:40:57.897 29746 29774 I art     : Starting a blocking GC Explicit
08-05 11:40:57.921 29746 29774 I art     : Explicit concurrent mark sweep GC freed 3(96B) AllocSpace objects, 0(0B) LOS objects, 30% free, 36MB/52MB, paused 555us total 23.362ms
08-05 11:40:57.930 29746 29774 I art     : Starting a blocking GC Explicit
08-05 11:40:57.952 29746 29774 I art     : Explicit concurrent mark sweep GC freed 3(96B) AllocSpace objects, 0(0B) LOS objects, 30% free, 36MB/52MB, paused 539us total 22.002ms
08-05 11:40:58.270 29746 29774 I art     : Starting a blocking GC Explicit
08-05 11:40:58.297 29746 29774 I art     : Explicit concurrent mark sweep GC freed 1440(83KB) AllocSpace objects, 1(20KB) LOS objects, 30% free, 36MB/52MB, paused 766us total 27.143ms
08-05 11:40:58.307 29746 29774 I art     : Starting a blocking GC Explicit
08-05 11:40:58.334 29746 29774 I art     : Explicit concurrent mark sweep GC freed 22(784B) AllocSpace objects, 0(0B) LOS objects, 30% free, 36MB/52MB, paused 576us total 26.760ms
08-05 11:40:58.341 29746 29774 I art     : Starting a blocking GC Explicit
08-05 11:40:58.363 29746 29774 I art     : Explicit concurrent mark sweep GC freed 3(96B) AllocSpace objects, 0(0B) LOS objects, 30% free, 36MB/52MB, paused 638us total 22.013ms
08-05 11:40:58.370 29746 29774 I art     : Starting a blocking GC Explicit
08-05 11:40:58.392 29746 29774 I art     : Explicit concurrent mark sweep GC freed 3(96B) AllocSpace objects, 0(0B) LOS objects, 30% free, 36MB/52MB, paused 630us total 21.351ms
08-05 11:40:58.401 29746 29774 I art     : Starting a blocking GC Explicit
08-05 11:40:58.423 29746 29774 I art     : Explicit concurrent mark sweep GC freed 3(96B) AllocSpace objects, 0(0B) LOS objects, 30% free, 36MB/52MB, paused 620us total 22.461ms
08-05 11:40:58.424 29746 29757 I art     : WaitForGcToComplete blocked for 23.035ms for cause HeapTrim
08-05 11:40:58.517 28584 28584 W Atfwd_Sendcmd: AtCmdFwd service not published, waiting... retryCnt : 5
08-05 11:40:58.751 29746 29774 I art     : Starting a blocking GC Explicit
08-05 11:40:58.777 29746 29774 I art     : Explicit concurrent mark sweep GC freed 1438(82KB) AllocSpace objects, 1(20KB) LOS objects, 30% free, 36MB/52MB, paused 756us total 25.834ms
08-05 11:40:58.788 29746 29774 I art     : Starting a blocking GC Explicit
08-05 11:40:58.815 29746 29774 I art     : Explicit concurrent mark sweep GC freed 22(784B) AllocSpace objects, 0(0B) LOS objects, 30% free, 36MB/52MB, paused 706us total 26.347ms
08-05 11:40:58.824 29746 29774 I art     : Starting a blocking GC Explicit
08-05 11:40:58.848 29746 29774 I art     : Explicit concurrent mark sweep GC freed 3(96B) AllocSpace objects, 0(0B) LOS objects, 30% free, 36MB/52MB, paused 731us total 23.702ms
08-05 11:40:58.855 29746 29774 I art     : Starting a blocking GC Explicit
08-05 11:40:58.878 29746 29774 I art     : Explicit concurrent mark sweep GC freed 3(96B) AllocSpace objects, 0(0B) LOS objects, 30% free, 36MB/52MB, paused 708us total 21.864ms
08-05 11:40:58.888 29746 29774 I art     : Starting a blocking GC Explicit
08-05 11:40:58.915 29746 29774 I art     : Explicit concurrent mark sweep GC freed 3(96B) AllocSpace objects, 0(0B) LOS objects, 30% free, 36MB/52MB, paused 671us total 26.677ms
08-05 11:40:59.246 29746 29774 I art     : Starting a blocking GC Explicit
08-05 11:40:59.273 29746 29774 I art     : Explicit concurrent mark sweep GC freed 1438(82KB) AllocSpace objects, 1(20KB) LOS objects, 30% free, 36MB/52MB, paused 672us total 26.697ms
08-05 11:40:59.284 29746 29774 I art     : Starting a blocking GC Explicit
08-05 11:40:59.306 29746 29774 I art     : Explicit concurrent mark sweep GC freed 22(784B) AllocSpace objects, 0(0B) LOS objects, 30% free, 36MB/52MB, paused 550us total 22.007ms
08-05 11:40:59.315 29746 29774 I art     : Starting a blocking GC Explicit
08-05 11:40:59.337 29746 29774 I art     : Explicit concurrent mark sweep GC freed 3(96B) AllocSpace objects, 0(0B) LOS objects, 30% free, 36MB/52MB, paused 553us total 21.789ms
08-05 11:40:59.345 29746 29774 I art     : Starting a blocking GC Explicit
08-05 11:40:59.368 29746 29774 I art     : Explicit concurrent mark sweep GC freed 3(96B) AllocSpace objects, 0(0B) LOS objects, 30% free, 36MB/52MB, paused 630us total 22.078ms
08-05 11:40:59.375 29746 29774 I art     : Starting a blocking GC Explicit
08-05 11:40:59.398 29746 29774 I art     : Explicit concurrent mark sweep GC freed 3(96B) AllocSpace objects, 0(0B) LOS objects, 30% free, 36MB/52MB, paused 697us total 22.792ms
08-05 11:40:59.727 29746 29759 I art     : Starting a blocking GC Explicit
08-05 11:40:59.755 29746 29759 I art     : Explicit concurrent mark sweep GC freed 1438(82KB) AllocSpace objects, 1(20KB) LOS objects, 30% free, 36MB/52MB, paused 561us total 27.574ms
08-05 11:40:59.764 29746 29759 I art     : Starting a blocking GC Explicit
08-05 11:40:59.790 29746 29759 I art     : Explicit concurrent mark sweep GC freed 22(784B) AllocSpace objects, 0(0B) LOS objects, 30% free, 36MB/52MB, paused 549us total 26.124ms
08-05 11:40:59.799 29746 29759 I art     : Starting a blocking GC Explicit
08-05 11:40:59.821 29746 29759 I art     : Explicit concurrent mark sweep GC freed 5(176B) AllocSpace objects, 0(0B) LOS objects, 30% free, 36MB/52MB, paused 571us total 21.696ms
08-05 11:40:59.828 29746 29759 I art     : Starting a blocking GC Explicit
08-05 11:40:59.851 29746 29759 I art     : Explicit concurrent mark sweep GC freed 3(96B) AllocSpace objects, 0(0B) LOS objects, 30% free, 36MB/52MB, paused 615us total 22.815ms
08-05 11:40:59.858 29746 29759 I art     : Starting a blocking GC Explicit
08-05 11:40:59.880 29746 29759 I art     : Explicit concurrent mark sweep GC freed 3(96B) AllocSpace objects, 0(0B) LOS objects, 30% free, 36MB/52MB, paused 686us total 22.137ms
08-05 11:41:00.206 29746 29758 I art     : Starting a blocking GC Explicit
08-05 11:41:00.235 29746 29758 I art     : Explicit concurrent mark sweep GC freed 1438(82KB) AllocSpace objects, 1(20KB) LOS objects, 30% free, 36MB/52MB, paused 803us total 27.943ms
08-05 11:41:00.243 29746 29758 I art     : Starting a blocking GC Explicit
08-05 11:41:00.271 29746 29758 I art     : Explicit concurrent mark sweep GC freed 22(784B) AllocSpace objects, 0(0B) LOS objects, 30% free, 36MB/52MB, paused 657us total 27.103ms
08-05 11:41:00.279 29746 29758 I art     : Starting a blocking GC Explicit
08-05 11:41:00.304 29746 29758 I art     : Explicit concurrent mark sweep GC freed 3(96B) AllocSpace objects, 0(0B) LOS objects, 30% free, 36MB/52MB, paused 552us total 24.969ms
08-05 11:41:00.311 29746 29758 I art     : Starting a blocking GC Explicit
08-05 11:41:00.333 29746 29758 I art     : Explicit concurrent mark sweep GC freed 3(96B) AllocSpace objects, 0(0B) LOS objects, 30% free, 36MB/52MB, paused 691us total 22.255ms
08-05 11:41:00.340 29746 29758 I art     : Starting a blocking GC Explicit
08-05 11:41:00.362 29746 29758 I art     : Explicit concurrent mark sweep GC freed 3(96B) AllocSpace objects, 0(0B) LOS objects, 30% free, 36MB/52MB, paused 608us total 21.738ms
08-05 11:41:00.688 29746 29759 I art     : Starting a blocking GC Explicit
08-05 11:41:00.714 29746 29759 I art     : Explicit concurrent mark sweep GC freed 1604(91KB) AllocSpace objects, 1(20KB) LOS objects, 30% free, 36MB/52MB, paused 700us total 26.404ms
08-05 11:41:00.724 29746 29759 I art     : Starting a blocking GC Explicit
08-05 11:41:00.752 29746 29759 I art     : Explicit concurrent mark sweep GC freed 28(1040B) AllocSpace objects, 0(0B) LOS objects, 30% free, 36MB/52MB, paused 948us total 27.560ms
08-05 11:41:00.761 29746 29759 I art     : Starting a blocking GC Explicit
08-05 11:41:00.789 29746 29759 I art     : Explicit concurrent mark sweep GC freed 3(96B) AllocSpace objects, 0(0B) LOS objects, 30% free, 36MB/52MB, paused 607us total 27.685ms
08-05 11:41:00.797 29746 29759 I art     : Starting a blocking GC Explicit
08-05 11:41:00.820 29746 29759 I art     : Explicit concurrent mark sweep GC freed 3(96B) AllocSpace objects, 0(0B) LOS objects, 30% free, 36MB/52MB, paused 565us total 23.145ms
08-05 11:41:00.827 29746 29759 I art     : Starting a blocking GC Explicit
08-05 11:41:00.851 29746 29759 I art     : Explicit concurrent mark sweep GC freed 3(96B) AllocSpace objects, 0(0B) LOS objects, 30% free, 36MB/52MB, paused 730us total 23.138ms
08-05 11:41:00.975 29746 30346 E baseline.com.newsblur.network.APIResponse: Error (unexpected end of stream on https://www.newsblur.com/...) calling https://www.newsblur.com/reader/mark_story_hashes_as_read/
08-05 11:41:00.975 29746 30346 E baseline.com.newsblur.network.APIResponse: java.io.IOException: unexpected end of stream on https://www.newsblur.com/...
08-05 11:41:00.975 29746 30346 E baseline.com.newsblur.network.APIResponse: 	at okhttp3.internal.http1.Http1ExchangeCodec.readResponseHeaders(Http1ExchangeCodec.java:236)
08-05 11:41:00.975 29746 30346 E baseline.com.newsblur.network.APIResponse: 	at okhttp3.internal.connection.Exchange.readResponseHeaders(Exchange.java:115)
08-05 11:41:00.975 29746 30346 E baseline.com.newsblur.network.APIResponse: 	at okhttp3.internal.http.CallServerInterceptor.intercept(CallServerInterceptor.java:94)
08-05 11:41:00.975 29746 30346 E baseline.com.newsblur.network.APIResponse: 	at okhttp3.internal.http.RealInterceptorChain.proceed(RealInterceptorChain.java:142)
08-05 11:41:00.975 29746 30346 E baseline.com.newsblur.network.APIResponse: 	at okhttp3.internal.connection.ConnectInterceptor.intercept(ConnectInterceptor.java:43)
08-05 11:41:00.975 29746 30346 E baseline.com.newsblur.network.APIResponse: 	at okhttp3.internal.http.RealInterceptorChain.proceed(RealInterceptorChain.java:142)
08-05 11:41:00.975 29746 30346 E baseline.com.newsblur.network.APIResponse: 	at okhttp3.internal.http.RealInterceptorChain.proceed(RealInterceptorChain.java:117)
08-05 11:41:00.975 29746 30346 E baseline.com.newsblur.network.APIResponse: 	at okhttp3.internal.cache.CacheInterceptor.intercept(CacheInterceptor.java:94)
08-05 11:41:00.975 29746 30346 E baseline.com.newsblur.network.APIResponse: 	at okhttp3.internal.http.RealInterceptorChain.proceed(RealInterceptorChain.java:142)
08-05 11:41:00.975 29746 30346 E baseline.com.newsblur.network.APIResponse: 	at okhttp3.internal.http.RealInterceptorChain.proceed(RealInterceptorChain.java:117)
08-05 11:41:00.975 29746 30346 E baseline.com.newsblur.network.APIResponse: 	at okhttp3.internal.http.BridgeInterceptor.intercept(BridgeInterceptor.java:93)
08-05 11:41:00.975 29746 30346 E baseline.com.newsblur.network.APIResponse: 	at okhttp3.internal.http.RealInterceptorChain.proceed(RealInterceptorChain.java:142)
08-05 11:41:00.975 29746 30346 E baseline.com.newsblur.network.APIResponse: 	at okhttp3.internal.http.RetryAndFollowUpInterceptor.intercept(RetryAndFollowUpInterceptor.java:88)
08-05 11:41:00.975 29746 30346 E baseline.com.newsblur.network.APIResponse: 	at okhttp3.internal.http.RealInterceptorChain.proceed(RealInterceptorChain.java:142)
08-05 11:41:00.975 29746 30346 E baseline.com.newsblur.network.APIResponse: 	at okhttp3.internal.http.RealInterceptorChain.proceed(RealInterceptorChain.java:117)
08-05 11:41:00.975 29746 30346 E baseline.com.newsblur.network.APIResponse: 	at okhttp3.RealCall.getResponseWithInterceptorChain(RealCall.java:229)
08-05 11:41:00.975 29746 30346 E baseline.com.newsblur.network.APIResponse: 	at okhttp3.RealCall.execute(RealCall.java:81)
08-05 11:41:00.975 29746 30346 E baseline.com.newsblur.network.APIResponse: 	at baseline.com.newsblur.network.APIResponse.<init>(APIResponse.java:57)
08-05 11:41:00.975 29746 30346 E baseline.com.newsblur.network.APIResponse: 	at baseline.com.newsblur.network.APIResponse.<init>(APIResponse.java:43)
08-05 11:41:00.975 29746 30346 E baseline.com.newsblur.network.APIResponse: 	at baseline.com.newsblur.network.APIManager.post_single(APIManager.java:702)
08-05 11:41:00.975 29746 30346 E baseline.com.newsblur.network.APIResponse: 	at baseline.com.newsblur.network.APIManager.post(APIManager.java:675)
08-05 11:41:00.975 29746 30346 E baseline.com.newsblur.network.APIResponse: 	at baseline.com.newsblur.network.APIManager.post(APIManager.java:714)
08-05 11:41:00.975 29746 30346 E baseline.com.newsblur.network.APIResponse: 	at baseline.com.newsblur.network.APIManager.markStoryAsRead(APIManager.java:205)
08-05 11:41:00.975 29746 30346 E baseline.com.newsblur.network.APIResponse: 	at baseline.com.newsblur.util.ReadingAction.doRemote(ReadingAction.java:281)
08-05 11:41:00.975 29746 30346 E baseline.com.newsblur.network.APIResponse: 	at baseline.com.newsblur.service.NBSyncService.syncActions(NBSyncService.java:400)
08-05 11:41:00.975 29746 30346 E baseline.com.newsblur.network.APIResponse: 	at baseline.com.newsblur.service.NBSyncService.doSync(NBSyncService.java:298)
08-05 11:41:00.975 29746 30346 E baseline.com.newsblur.network.APIResponse: 	at baseline.com.newsblur.service.NBSyncService.access$100(NBSyncService.java:67)
08-05 11:41:00.975 29746 30346 E baseline.com.newsblur.network.APIResponse: 	at baseline.com.newsblur.service.NBSyncService$1.run(NBSyncService.java:188)
08-05 11:41:00.975 29746 30346 E baseline.com.newsblur.network.APIResponse: 	at java.util.concurrent.ThreadPoolExecutor.runWorker(ThreadPoolExecutor.java:1113)
08-05 11:41:00.975 29746 30346 E baseline.com.newsblur.network.APIResponse: 	at java.util.concurrent.ThreadPoolExecutor$Worker.run(ThreadPoolExecutor.java:588)
08-05 11:41:00.975 29746 30346 E baseline.com.newsblur.network.APIResponse: 	at java.lang.Thread.run(Thread.java:818)
08-05 11:41:00.975 29746 30346 E baseline.com.newsblur.network.APIResponse: Caused by: java.io.EOFException: \n not found: limit=0 content=
08-05 11:41:00.975 29746 30346 E baseline.com.newsblur.network.APIResponse: 	at okio.RealBufferedSource.readUtf8LineStrict(RealBufferedSource.java:240)
08-05 11:41:00.975 29746 30346 E baseline.com.newsblur.network.APIResponse: 	at okhttp3.internal.http1.Http1ExchangeCodec.readHeaderLine(Http1ExchangeCodec.java:242)
08-05 11:41:00.975 29746 30346 E baseline.com.newsblur.network.APIResponse: 	at okhttp3.internal.http1.Http1ExchangeCodec.readResponseHeaders(Http1ExchangeCodec.java:213)
08-05 11:41:00.975 29746 30346 E baseline.com.newsblur.network.APIResponse: 	... 30 more
08-05 11:41:00.977 29746 30346 I baseline.com.newsblur.service.NBSyncService: Holding reading action with server-side or network error.
08-05 11:41:01.008 29746 30346 W baseline.com.newsblur.service.NBSyncService: hard API failure
08-05 11:41:01.143 29746 29759 I art     : Starting a blocking GC Explicit
08-05 11:41:01.169 29746 29759 I art     : Explicit concurrent mark sweep GC freed 4929(564KB) AllocSpace objects, 16(320KB) LOS objects, 30% free, 36MB/52MB, paused 724us total 25.913ms
08-05 11:41:01.180 29746 29759 I art     : Starting a blocking GC Explicit
08-05 11:41:01.202 29746 29759 I art     : Explicit concurrent mark sweep GC freed 607(22KB) AllocSpace objects, 0(0B) LOS objects, 30% free, 36MB/52MB, paused 607us total 21.396ms
08-05 11:41:01.209 29746 29759 I art     : Starting a blocking GC Explicit
08-05 11:41:01.231 29746 29759 I art     : Explicit concurrent mark sweep GC freed 3(96B) AllocSpace objects, 0(0B) LOS objects, 30% free, 36MB/52MB, paused 567us total 21.312ms
08-05 11:41:01.237 29746 29759 I art     : Starting a blocking GC Explicit
08-05 11:41:01.257 29746 29759 I art     : Explicit concurrent mark sweep GC freed 3(96B) AllocSpace objects, 0(0B) LOS objects, 30% free, 36MB/52MB, paused 593us total 19.804ms
08-05 11:41:01.264 29746 29759 I art     : Starting a blocking GC Explicit
08-05 11:41:01.283 29746 29759 I art     : Explicit concurrent mark sweep GC freed 3(96B) AllocSpace objects, 0(0B) LOS objects, 30% free, 36MB/52MB, paused 636us total 18.865ms
08-05 11:41:01.619 29746 29774 I art     : Starting a blocking GC Explicit
08-05 11:41:01.641 29746 29774 I art     : Explicit concurrent mark sweep GC freed 1401(80KB) AllocSpace objects, 1(20KB) LOS objects, 30% free, 36MB/52MB, paused 578us total 21.173ms
08-05 11:41:01.648 29746 29774 I art     : Starting a blocking GC Explicit
08-05 11:41:01.669 29746 29774 I art     : Explicit concurrent mark sweep GC freed 20(704B) AllocSpace objects, 0(0B) LOS objects, 30% free, 36MB/52MB, paused 592us total 21.046ms
08-05 11:41:01.676 29746 29774 I art     : Starting a blocking GC Explicit
08-05 11:41:01.698 29746 29774 I art     : Explicit concurrent mark sweep GC freed 3(96B) AllocSpace objects, 0(0B) LOS objects, 30% free, 36MB/52MB, paused 616us total 21.427ms
08-05 11:41:01.705 29746 29774 I art     : Starting a blocking GC Explicit
08-05 11:41:01.726 29746 29774 I art     : Explicit concurrent mark sweep GC freed 3(96B) AllocSpace objects, 0(0B) LOS objects, 30% free, 36MB/52MB, paused 605us total 21.191ms
08-05 11:41:01.733 29746 29774 I art     : Starting a blocking GC Explicit
08-05 11:41:01.756 29746 29774 I art     : Explicit concurrent mark sweep GC freed 3(96B) AllocSpace objects, 0(0B) LOS objects, 30% free, 36MB/52MB, paused 619us total 21.961ms
08-05 11:41:02.101 29746 29758 I art     : Starting a blocking GC Explicit
08-05 11:41:02.126 29746 29758 I art     : Explicit concurrent mark sweep GC freed 1398(80KB) AllocSpace objects, 1(20KB) LOS objects, 30% free, 36MB/52MB, paused 621us total 24.616ms
08-05 11:41:02.136 29746 29758 I art     : Starting a blocking GC Explicit
08-05 11:41:02.157 29746 29758 I art     : Explicit concurrent mark sweep GC freed 20(704B) AllocSpace objects, 0(0B) LOS objects, 30% free, 36MB/52MB, paused 611us total 21.284ms
08-05 11:41:02.165 29746 29758 I art     : Starting a blocking GC Explicit
08-05 11:41:02.186 29746 29758 I art     : Explicit concurrent mark sweep GC freed 3(96B) AllocSpace objects, 0(0B) LOS objects, 30% free, 36MB/52MB, paused 685us total 21.287ms
08-05 11:41:02.193 29746 29758 I art     : Starting a blocking GC Explicit
08-05 11:41:02.215 29746 29758 I art     : Explicit concurrent mark sweep GC freed 3(96B) AllocSpace objects, 0(0B) LOS objects, 30% free, 36MB/52MB, paused 606us total 21.216ms
08-05 11:41:02.222 29746 29758 I art     : Starting a blocking GC Explicit
08-05 11:41:02.244 29746 29758 I art     : Explicit concurrent mark sweep GC freed 3(96B) AllocSpace objects, 0(0B) LOS objects, 30% free, 36MB/52MB, paused 613us total 22.156ms
08-05 11:41:02.540 29746 29759 I art     : Starting a blocking GC Explicit
08-05 11:41:02.564 29746 29759 I art     : Explicit concurrent mark sweep GC freed 1398(80KB) AllocSpace objects, 1(20KB) LOS objects, 30% free, 36MB/52MB, paused 617us total 23.980ms
08-05 11:41:02.572 29746 29759 I art     : Starting a blocking GC Explicit
08-05 11:41:02.594 29746 29759 I art     : Explicit concurrent mark sweep GC freed 20(704B) AllocSpace objects, 0(0B) LOS objects, 30% free, 36MB/52MB, paused 620us total 21.918ms
08-05 11:41:02.601 29746 29759 I art     : Starting a blocking GC Explicit
08-05 11:41:02.623 29746 29759 I art     : Explicit concurrent mark sweep GC freed 3(96B) AllocSpace objects, 0(0B) LOS objects, 30% free, 36MB/52MB, paused 601us total 22.205ms
08-05 11:41:02.631 29746 29759 I art     : Starting a blocking GC Explicit
08-05 11:41:02.653 29746 29759 I art     : Explicit concurrent mark sweep GC freed 3(96B) AllocSpace objects, 0(0B) LOS objects, 30% free, 36MB/52MB, paused 641us total 21.816ms
08-05 11:41:02.660 29746 29759 I art     : Starting a blocking GC Explicit
08-05 11:41:02.682 29746 29759 I art     : Explicit concurrent mark sweep GC freed 3(96B) AllocSpace objects, 0(0B) LOS objects, 30% free, 36MB/52MB, paused 619us total 21.828ms
08-05 11:41:02.997 29746 29774 I art     : Starting a blocking GC Explicit
08-05 11:41:03.022 29746 29774 I art     : Explicit concurrent mark sweep GC freed 1398(80KB) AllocSpace objects, 1(20KB) LOS objects, 30% free, 36MB/52MB, paused 621us total 24.375ms
08-05 11:41:03.032 29746 29774 I art     : Starting a blocking GC Explicit
08-05 11:41:03.053 29746 29774 I art     : Explicit concurrent mark sweep GC freed 20(704B) AllocSpace objects, 0(0B) LOS objects, 30% free, 36MB/52MB, paused 604us total 21.360ms
08-05 11:41:03.061 29746 29774 I art     : Starting a blocking GC Explicit
08-05 11:41:03.082 29746 29774 I art     : Explicit concurrent mark sweep GC freed 3(96B) AllocSpace objects, 0(0B) LOS objects, 30% free, 36MB/52MB, paused 589us total 21.297ms
08-05 11:41:03.089 29746 29774 I art     : Starting a blocking GC Explicit
08-05 11:41:03.111 29746 29774 I art     : Explicit concurrent mark sweep GC freed 3(96B) AllocSpace objects, 0(0B) LOS objects, 30% free, 36MB/52MB, paused 600us total 21.500ms
08-05 11:41:03.119 29746 29774 I art     : Starting a blocking GC Explicit
08-05 11:41:03.140 29746 29774 I art     : Explicit concurrent mark sweep GC freed 3(96B) AllocSpace objects, 0(0B) LOS objects, 30% free, 36MB/52MB, paused 605us total 21.549ms
08-05 11:41:03.478 29746 29758 I art     : Starting a blocking GC Explicit
08-05 11:41:03.503 29746 29758 I art     : Explicit concurrent mark sweep GC freed 1398(80KB) AllocSpace objects, 1(20KB) LOS objects, 30% free, 36MB/52MB, paused 594us total 24.664ms
08-05 11:41:03.510 29746 29758 I art     : Starting a blocking GC Explicit
08-05 11:41:03.533 29746 29758 I art     : Explicit concurrent mark sweep GC freed 20(704B) AllocSpace objects, 0(0B) LOS objects, 30% free, 36MB/52MB, paused 605us total 22.535ms
08-05 11:41:03.541 29746 29758 I art     : Starting a blocking GC Explicit
08-05 11:41:03.563 29746 29758 I art     : Explicit concurrent mark sweep GC freed 3(96B) AllocSpace objects, 0(0B) LOS objects, 30% free, 36MB/52MB, paused 607us total 21.863ms
08-05 11:41:03.570 29746 29758 I art     : Starting a blocking GC Explicit
08-05 11:41:03.593 29746 29758 I art     : Explicit concurrent mark sweep GC freed 3(96B) AllocSpace objects, 0(0B) LOS objects, 30% free, 36MB/52MB, paused 687us total 22.361ms
08-05 11:41:03.601 29746 29758 I art     : Starting a blocking GC Explicit
08-05 11:41:03.623 29746 29758 I art     : Explicit concurrent mark sweep GC freed 3(96B) AllocSpace objects, 0(0B) LOS objects, 30% free, 36MB/52MB, paused 601us total 21.583ms
08-05 11:41:03.956 29746 29759 I art     : Starting a blocking GC Explicit
08-05 11:41:03.982 29746 29759 I art     : Explicit concurrent mark sweep GC freed 1398(80KB) AllocSpace objects, 1(20KB) LOS objects, 30% free, 36MB/52MB, paused 621us total 24.948ms
08-05 11:41:03.991 29746 29759 I art     : Starting a blocking GC Explicit
08-05 11:41:04.014 29746 29759 I art     : Explicit concurrent mark sweep GC freed 20(704B) AllocSpace objects, 0(0B) LOS objects, 30% free, 36MB/52MB, paused 626us total 22.779ms
08-05 11:41:04.022 29746 29759 I art     : Starting a blocking GC Explicit
08-05 11:41:04.045 29746 29759 I art     : Explicit concurrent mark sweep GC freed 3(96B) AllocSpace objects, 0(0B) LOS objects, 30% free, 36MB/52MB, paused 597us total 21.896ms
08-05 11:41:04.052 29746 29759 I art     : Starting a blocking GC Explicit
08-05 11:41:04.074 29746 29759 I art     : Explicit concurrent mark sweep GC freed 3(96B) AllocSpace objects, 0(0B) LOS objects, 30% free, 36MB/52MB, paused 578us total 21.446ms
08-05 11:41:04.081 29746 29759 I art     : Starting a blocking GC Explicit
08-05 11:41:04.104 29746 29759 I art     : Explicit concurrent mark sweep GC freed 3(96B) AllocSpace objects, 0(0B) LOS objects, 30% free, 36MB/52MB, paused 584us total 22.630ms
08-05 11:41:04.424 29746 29774 I art     : Starting a blocking GC Explicit
08-05 11:41:04.447 29746 29774 I art     : Explicit concurrent mark sweep GC freed 1398(80KB) AllocSpace objects, 1(20KB) LOS objects, 30% free, 36MB/52MB, paused 731us total 23.351ms
08-05 11:41:04.455 29746 29774 I art     : Starting a blocking GC Explicit
08-05 11:41:04.477 29746 29774 I art     : Explicit concurrent mark sweep GC freed 20(704B) AllocSpace objects, 0(0B) LOS objects, 30% free, 36MB/52MB, paused 736us total 22.165ms
08-05 11:41:04.484 29746 29774 I art     : Starting a blocking GC Explicit
08-05 11:41:04.507 29746 29774 I art     : Explicit concurrent mark sweep GC freed 3(96B) AllocSpace objects, 0(0B) LOS objects, 30% free, 36MB/52MB, paused 684us total 22.043ms
08-05 11:41:04.514 29746 29774 I art     : Starting a blocking GC Explicit
08-05 11:41:04.536 29746 29774 I art     : Explicit concurrent mark sweep GC freed 3(96B) AllocSpace objects, 0(0B) LOS objects, 30% free, 36MB/52MB, paused 595us total 21.903ms
08-05 11:41:04.543 29746 29774 I art     : Starting a blocking GC Explicit
08-05 11:41:04.565 29746 29774 I art     : Explicit concurrent mark sweep GC freed 3(96B) AllocSpace objects, 0(0B) LOS objects, 30% free, 36MB/52MB, paused 623us total 21.900ms
08-05 11:41:04.928 29746 29758 I art     : Starting a blocking GC Explicit
08-05 11:41:04.954 29746 29758 I art     : Explicit concurrent mark sweep GC freed 1417(81KB) AllocSpace objects, 1(20KB) LOS objects, 30% free, 36MB/52MB, paused 579us total 25.316ms
08-05 11:41:04.963 29746 29758 I art     : Starting a blocking GC Explicit
08-05 11:41:04.986 29746 29758 I art     : Explicit concurrent mark sweep GC freed 26(928B) AllocSpace objects, 0(0B) LOS objects, 30% free, 36MB/52MB, paused 613us total 22.623ms
08-05 11:41:04.994 29746 29758 I art     : Starting a blocking GC Explicit
08-05 11:41:05.016 29746 29758 I art     : Explicit concurrent mark sweep GC freed 3(96B) AllocSpace objects, 0(0B) LOS objects, 30% free, 36MB/52MB, paused 618us total 21.585ms
08-05 11:41:05.023 29746 29758 I art     : Starting a blocking GC Explicit
08-05 11:41:05.045 29746 29758 I art     : Explicit concurrent mark sweep GC freed 3(96B) AllocSpace objects, 0(0B) LOS objects, 30% free, 36MB/52MB, paused 596us total 21.968ms
08-05 11:41:05.053 29746 29758 I art     : Starting a blocking GC Explicit
08-05 11:41:05.074 29746 29758 I art     : Explicit concurrent mark sweep GC freed 3(96B) AllocSpace objects, 0(0B) LOS objects, 30% free, 36MB/52MB, paused 618us total 21.532ms
08-05 11:41:05.410 29746 29759 I art     : Starting a blocking GC Explicit
08-05 11:41:05.435 29746 29759 I art     : Explicit concurrent mark sweep GC freed 1398(80KB) AllocSpace objects, 1(20KB) LOS objects, 30% free, 36MB/52MB, paused 619us total 25.020ms
08-05 11:41:05.445 29746 29759 I art     : Starting a blocking GC Explicit
08-05 11:41:05.468 29746 29759 I art     : Explicit concurrent mark sweep GC freed 20(704B) AllocSpace objects, 0(0B) LOS objects, 30% free, 36MB/52MB, paused 652us total 22.454ms
08-05 11:41:05.476 29746 29759 I art     : Starting a blocking GC Explicit
08-05 11:41:05.498 29746 29759 I art     : Explicit concurrent mark sweep GC freed 3(96B) AllocSpace objects, 0(0B) LOS objects, 30% free, 36MB/52MB, paused 615us total 22.159ms
08-05 11:41:05.505 29746 29759 I art     : Starting a blocking GC Explicit
08-05 11:41:05.528 29746 29759 I art     : Explicit concurrent mark sweep GC freed 3(96B) AllocSpace objects, 0(0B) LOS objects, 30% free, 36MB/52MB, paused 662us total 22.269ms
08-05 11:41:05.535 29746 29759 I art     : Starting a blocking GC Explicit
08-05 11:41:05.547   918  3261 D WifiStateMachine: starting scan for "H369AA63323"WPA_PSK with 2412,5180
08-05 11:41:05.557 29746 29759 I art     : Explicit concurrent mark sweep GC freed 3(96B) AllocSpace objects, 0(0B) LOS objects, 30% free, 36MB/52MB, paused 675us total 21.554ms
08-05 11:41:05.873 29746 29774 I art     : Starting a blocking GC Explicit
08-05 11:41:05.896 29746 29774 I art     : Explicit concurrent mark sweep GC freed 1398(80KB) AllocSpace objects, 1(20KB) LOS objects, 30% free, 36MB/52MB, paused 605us total 22.864ms
08-05 11:41:05.904 29746 29774 I art     : Starting a blocking GC Explicit
08-05 11:41:05.927 29746 29774 I art     : Explicit concurrent mark sweep GC freed 20(704B) AllocSpace objects, 0(0B) LOS objects, 30% free, 36MB/52MB, paused 723us total 22.962ms
08-05 11:41:05.934 29746 29774 I art     : Starting a blocking GC Explicit
08-05 11:41:05.956 29746 29774 I art     : Explicit concurrent mark sweep GC freed 3(96B) AllocSpace objects, 0(0B) LOS objects, 30% free, 36MB/52MB, paused 572us total 21.867ms
08-05 11:41:05.964 29746 29774 I art     : Starting a blocking GC Explicit
08-05 11:41:05.986 29746 29774 I art     : Explicit concurrent mark sweep GC freed 3(96B) AllocSpace objects, 0(0B) LOS objects, 30% free, 36MB/52MB, paused 606us total 21.874ms
08-05 11:41:05.993 29746 29774 I art     : Starting a blocking GC Explicit
08-05 11:41:06.015 29746 29774 I art     : Explicit concurrent mark sweep GC freed 3(96B) AllocSpace objects, 0(0B) LOS objects, 30% free, 36MB/52MB, paused 612us total 21.550ms
08-05 11:41:06.325 29746 29758 I art     : Starting a blocking GC Explicit
08-05 11:41:06.350 29746 29758 I art     : Explicit concurrent mark sweep GC freed 1398(80KB) AllocSpace objects, 1(20KB) LOS objects, 30% free, 36MB/52MB, paused 626us total 24.890ms
08-05 11:41:06.360 29746 29758 I art     : Starting a blocking GC Explicit
08-05 11:41:06.382 29746 29758 I art     : Explicit concurrent mark sweep GC freed 20(704B) AllocSpace objects, 0(0B) LOS objects, 30% free, 36MB/52MB, paused 615us total 22.401ms
08-05 11:41:06.390 29746 29758 I art     : Starting a blocking GC Explicit
08-05 11:41:06.412 29746 29758 I art     : Explicit concurrent mark sweep GC freed 3(96B) AllocSpace objects, 0(0B) LOS objects, 30% free, 36MB/52MB, paused 614us total 21.799ms
08-05 11:41:06.420 29746 29758 I art     : Starting a blocking GC Explicit
08-05 11:41:06.442 29746 29758 I art     : Explicit concurrent mark sweep GC freed 3(96B) AllocSpace objects, 0(0B) LOS objects, 30% free, 36MB/52MB, paused 562us total 21.793ms
08-05 11:41:06.449 29746 29758 I art     : Starting a blocking GC Explicit
08-05 11:41:06.471 29746 29758 I art     : Explicit concurrent mark sweep GC freed 3(96B) AllocSpace objects, 0(0B) LOS objects, 30% free, 36MB/52MB, paused 580us total 21.253ms
08-05 11:41:06.729 29746 29759 I art     : Starting a blocking GC Explicit
08-05 11:41:06.750 29746 29759 I art     : Explicit concurrent mark sweep GC freed 1398(80KB) AllocSpace objects, 1(20KB) LOS objects, 30% free, 36MB/52MB, paused 629us total 21.618ms
08-05 11:41:06.758 29746 29759 I art     : Starting a blocking GC Explicit
08-05 11:41:06.779 29746 29759 I art     : Explicit concurrent mark sweep GC freed 20(704B) AllocSpace objects, 0(0B) LOS objects, 30% free, 36MB/52MB, paused 620us total 21.208ms
08-05 11:41:06.786 29746 29759 I art     : Starting a blocking GC Explicit
08-05 11:41:06.798 30605 30605 D AndroidRuntime: >>>>>> START com.android.internal.os.RuntimeInit uid 2000 <<<<<<
08-05 11:41:06.802 30605 30605 D AndroidRuntime: CheckJNI is OFF
08-05 11:41:06.808 29746 29759 I art     : Explicit concurrent mark sweep GC freed 3(96B) AllocSpace objects, 0(0B) LOS objects, 30% free, 36MB/52MB, paused 634us total 21.228ms
08-05 11:41:06.815 29746 29759 I art     : Starting a blocking GC Explicit
08-05 11:41:06.829 30605 30605 D ICU     : No timezone override file found: /data/misc/zoneinfo/current/icu/icu_tzdata.dat
08-05 11:41:06.836 29746 29759 I art     : Explicit concurrent mark sweep GC freed 3(96B) AllocSpace objects, 0(0B) LOS objects, 30% free, 36MB/52MB, paused 688us total 20.871ms
08-05 11:41:06.843 29746 29759 I art     : Starting a blocking GC Explicit
08-05 11:41:06.855 30605 30605 I Radio-JNI: register_android_hardware_Radio DONE
08-05 11:41:06.863 29746 29759 I art     : Explicit concurrent mark sweep GC freed 3(96B) AllocSpace objects, 0(0B) LOS objects, 30% free, 36MB/52MB, paused 603us total 20.347ms
08-05 11:41:06.871 30605 30605 D AndroidRuntime: Calling main entry com.android.commands.input.Input
08-05 11:41:06.873 30605 30605 I Input   : injectKeyEvent: KeyEvent { action=ACTION_DOWN, keyCode=KEYCODE_BACK, scanCode=0, metaState=0, flags=0x0, repeatCount=0, eventTime=790883286, downTime=790883286, deviceId=-1, source=0x101 }
08-05 11:41:06.879 30605 30605 I Input   : injectKeyEvent: KeyEvent { action=ACTION_UP, keyCode=KEYCODE_BACK, scanCode=0, metaState=0, flags=0x0, repeatCount=0, eventTime=790883286, downTime=790883286, deviceId=-1, source=0x101 }
08-05 11:41:06.884 30605 30605 D AndroidRuntime: Shutting down VM
08-05 11:41:06.978 13866 13866 I GoogleInputMethodServic: GoogleInputMethodService.onFinishInput():3138 
08-05 11:41:06.979 13866 13866 I GoogleInputMethodServic: GoogleInputMethodService.onStartInput():1808 
08-05 11:41:07.099 29746 29759 I art     : Starting a blocking GC Explicit
08-05 11:41:07.122 29746 29759 I art     : Explicit concurrent mark sweep GC freed 4581(364KB) AllocSpace objects, 11(228KB) LOS objects, 30% free, 36MB/52MB, paused 672us total 23.016ms
08-05 11:41:07.130 29746 29759 I art     : Starting a blocking GC Explicit
08-05 11:41:07.153 29746 29759 I art     : Explicit concurrent mark sweep GC freed 278(12KB) AllocSpace objects, 0(0B) LOS objects, 30% free, 36MB/52MB, paused 669us total 22.465ms
08-05 11:41:07.162 29746 29759 I art     : Starting a blocking GC Explicit
08-05 11:41:07.189 29746 29759 I art     : Explicit concurrent mark sweep GC freed 3(96B) AllocSpace objects, 0(0B) LOS objects, 30% free, 36MB/52MB, paused 728us total 26.748ms
08-05 11:41:07.198 29746 29759 I art     : Starting a blocking GC Explicit
08-05 11:41:07.224 29746 29759 I art     : Explicit concurrent mark sweep GC freed 3(96B) AllocSpace objects, 0(0B) LOS objects, 30% free, 36MB/52MB, paused 692us total 26.023ms
08-05 11:41:07.235 29746 29759 I art     : Starting a blocking GC Explicit
08-05 11:41:07.262 29746 29759 I art     : Explicit concurrent mark sweep GC freed 3(96B) AllocSpace objects, 0(0B) LOS objects, 30% free, 36MB/52MB, paused 809us total 27.177ms
08-05 11:41:07.545 29746 30628 I NAPPA_EXPERIMENTATION: MetricNetworkRequestExecutionTime: REQUEST_DURATION_SYSTEM='559',REQUEST_DURATION_OKHTTP='43',REQUEST_SYNCHRONOUS='TRUE',RESPONSE_CODE='200',RESPONSE_METHOD='GET',RESPONSE_LENGTH_OKHTTP='-1',RESPONSE_LENGTH_HEADER='12364',REQUEST_PROTOCOL='http/1.1',REQUEST_URL='https://www.newsblur.com/social/river_stories?order=newest&page=2&read_filter=all&global_feed=true',
08-05 11:41:07.546 29746 30628 D MY_TAG  : 0, 559
08-05 11:41:07.568 29746 29758 I art     : Starting a blocking GC Explicit
08-05 11:41:07.598 29746 29758 I art     : Explicit concurrent mark sweep GC freed 27745(1667KB) AllocSpace objects, 21(676KB) LOS objects, 30% free, 37MB/53MB, paused 1.230ms total 30.158ms
08-05 11:41:07.608 29746 29758 I art     : Starting a blocking GC Explicit
08-05 11:41:07.635 29746 29758 I art     : Explicit concurrent mark sweep GC freed 10172(717KB) AllocSpace objects, 4(164KB) LOS objects, 30% free, 36MB/52MB, paused 862us total 27.008ms
08-05 11:41:07.642 29746 29758 I art     : Starting a blocking GC Explicit
08-05 11:41:07.664 29746 29758 I art     : Explicit concurrent mark sweep GC freed 1984(287KB) AllocSpace objects, 11(220KB) LOS objects, 30% free, 36MB/52MB, paused 842us total 22.442ms
08-05 11:41:07.672 29746 29758 I art     : Starting a blocking GC Explicit
08-05 11:41:07.692 29746 29758 I art     : Explicit concurrent mark sweep GC freed 424(28KB) AllocSpace objects, 0(0B) LOS objects, 30% free, 36MB/52MB, paused 542us total 20.565ms
08-05 11:41:07.699 29746 29758 I art     : Starting a blocking GC Explicit
08-05 11:41:07.721 29746 29758 I art     : Explicit concurrent mark sweep GC freed 1892(136KB) AllocSpace objects, 0(0B) LOS objects, 30% free, 36MB/52MB, paused 616us total 21.131ms
08-05 11:41:08.028 29746 29758 I art     : Starting a blocking GC Explicit
08-05 11:41:08.058 29746 29758 I art     : Explicit concurrent mark sweep GC freed 1440(82KB) AllocSpace objects, 1(20KB) LOS objects, 30% free, 36MB/52MB, paused 685us total 29.692ms
08-05 11:41:08.068 29746 29758 I art     : Starting a blocking GC Explicit
08-05 11:41:08.093 29746 29758 I art     : Explicit concurrent mark sweep GC freed 25(864B) AllocSpace objects, 0(0B) LOS objects, 30% free, 36MB/52MB, paused 588us total 25.090ms
08-05 11:41:08.101 29746 29758 I art     : Starting a blocking GC Explicit
08-05 11:41:08.125 29746 29758 I art     : Explicit concurrent mark sweep GC freed 7(224B) AllocSpace objects, 0(0B) LOS objects, 30% free, 36MB/52MB, paused 605us total 23.139ms
08-05 11:41:08.133 29746 29758 I art     : Starting a blocking GC Explicit
08-05 11:41:08.154 29746 29758 I art     : Explicit concurrent mark sweep GC freed 6(192B) AllocSpace objects, 0(0B) LOS objects, 30% free, 36MB/52MB, paused 665us total 21.547ms
08-05 11:41:08.161 29746 29758 I art     : Starting a blocking GC Explicit
08-05 11:41:08.183 29746 29758 I art     : Explicit concurrent mark sweep GC freed 7(224B) AllocSpace objects, 0(0B) LOS objects, 30% free, 36MB/52MB, paused 799us total 21.489ms
08-05 11:41:08.410 30663 30663 D AndroidRuntime: >>>>>> START com.android.internal.os.RuntimeInit uid 2000 <<<<<<
08-05 11:41:08.414 30663 30663 D AndroidRuntime: CheckJNI is OFF
08-05 11:41:08.419  5179  5194 D QcrilMsgTunnelSocket: readRilMessage: Buffer = [B@671e81d HexData = [010000000404000011000000514f454d484f4f4bef0308000100000003]
08-05 11:41:08.419  5179  5194 D QcrilMsgTunnelSocket: Rcvd UNSOL response with 28 bytes data for SUB0
08-05 11:41:08.419  5179  5194 D QcrilMsgTunnelSocket: Response ID 525295 is not served in this process.
08-05 11:41:08.419  5179  5194 D QcrilMsgTunnelSocket: To broadcast an Intent via the notifier to external apps
08-05 11:41:08.423  5179  5179 D QcrilMsgTunnelIfaceManager: handleMessage what = 0
08-05 11:41:08.423  5179  5179 D QcrilMsgTunnelIfaceManager: Broadcasting intent ACTION_UNSOL_RESPONSE_OEM_HOOK_RAW
08-05 11:41:08.424  5164  5164 D QC_RIL_OEM_HOOK: Received Broadcast Intent ACTION_UNSOL_RESPONSE_OEM_HOOK_RAW
08-05 11:41:08.424  5164  5164 D QC_RIL_OEM_HOOK: Oem ID in QCRILHOOK UNSOL RESP is QOEMHOOK
08-05 11:41:08.441 30663 30663 D ICU     : No timezone override file found: /data/misc/zoneinfo/current/icu/icu_tzdata.dat
08-05 11:41:08.463 29746 29759 I art     : Starting a blocking GC Explicit
08-05 11:41:08.465 30663 30663 I Radio-JNI: register_android_hardware_Radio DONE
08-05 11:41:08.481 30663 30663 D AndroidRuntime: Calling main entry com.android.commands.input.Input
08-05 11:41:08.482 30663 30663 I Input   : injectMotionEvent: MotionEvent { action=ACTION_DOWN, actionButton=0, id[0]=0, x[0]=435.0, y[0]=858.0, toolType[0]=TOOL_TYPE_UNKNOWN, buttonState=0, metaState=0, flags=0x0, edgeFlags=0x0, pointerCount=1, historySize=0, eventTime=790884895, downTime=790884895, deviceId=0, source=0x1002 }
08-05 11:41:08.484 29746 29759 I art     : Explicit concurrent mark sweep GC freed 1430(81KB) AllocSpace objects, 1(20KB) LOS objects, 30% free, 36MB/52MB, paused 730us total 20.591ms
08-05 11:41:08.486 30663 30663 I Input   : injectMotionEvent: MotionEvent { action=ACTION_UP, actionButton=0, id[0]=0, x[0]=435.0, y[0]=858.0, toolType[0]=TOOL_TYPE_UNKNOWN, buttonState=0, metaState=0, flags=0x0, edgeFlags=0x0, pointerCount=1, historySize=0, eventTime=790884895, downTime=790884895, deviceId=0, source=0x1002 }
08-05 11:41:08.488 30663 30663 D AndroidRuntime: Shutting down VM
08-05 11:41:08.491 29746 29759 I art     : Starting a blocking GC Explicit
08-05 11:41:08.497   512  2967 D audio_hw_primary: out_set_parameters: enter: usecase(1: low-latency-playback) kvpairs: routing=2
08-05 11:41:08.497   918  3696 I ActivityManager: START u0 {cmp=baseline.com.newsblur/.activity.GlobalSharedStoriesReading (has extras)} from uid 10676 on display 0
08-05 11:41:08.509   512  2967 D audio_hw_primary: select_devices: out_snd_device(2: speaker) in_snd_device(0: none)
08-05 11:41:08.509   512  2967 D msm8974_platform: platform_send_audio_calibration: sending audio calibration for snd_device(2) acdb_id(15)
08-05 11:41:08.509   512  2967 I soundtrigger: audio_extn_sound_trigger_update_device_status: device 0x2 of type 0 for Event 1
08-05 11:41:08.514 29746 29759 I art     : Explicit concurrent mark sweep GC freed 571(82KB) AllocSpace objects, 2(40KB) LOS objects, 30% free, 36MB/52MB, paused 963us total 23.056ms
08-05 11:41:08.521   512  2967 D audio_hw_primary: enable_snd_device: snd_device(2: speaker)
08-05 11:41:08.521 29746 29759 I art     : Starting a blocking GC Explicit
08-05 11:41:08.523   512  2967 D audio_hw_primary: enable_audio_route: apply and update mixer path: low-latency-playback speaker
08-05 11:41:08.543 29746 29759 I art     : Explicit concurrent mark sweep GC freed 954(64KB) AllocSpace objects, 2(468KB) LOS objects, 30% free, 36MB/52MB, paused 645us total 21.753ms
08-05 11:41:08.550 29746 29759 I art     : Starting a blocking GC Explicit
08-05 11:41:08.570 29746 29759 I art     : Explicit concurrent mark sweep GC freed 204(10KB) AllocSpace objects, 0(0B) LOS objects, 30% free, 36MB/52MB, paused 679us total 20.292ms
08-05 11:41:08.577 29746 29759 I art     : Starting a blocking GC Explicit
08-05 11:41:08.598 29746 29759 I art     : Explicit concurrent mark sweep GC freed 152(26KB) AllocSpace objects, 1(20KB) LOS objects, 30% free, 36MB/52MB, paused 711us total 21.020ms
08-05 11:41:08.649 13866 13866 I GoogleInputMethodServic: GoogleInputMethodService.onFinishInput():3138 
08-05 11:41:08.649   918   936 I ActivityManager: Displayed baseline.com.newsblur/.activity.GlobalSharedStoriesReading: +145ms
08-05 11:41:08.649 13866 13866 I GoogleInputMethodServic: GoogleInputMethodService.onStartInput():1808 
08-05 11:41:08.798 29746 29767 E SQLiteLog: (9) statement aborts at 125: [SELECT authors,short_content,timestamp,sharedDate,stories.feed_id,stories._id,intelligence_authors,intelligence_feed,intelligence_tags,intelligence_total,intelligence_title,permalink,
08-05 11:41:08.853 29746 30336 E chromium: [ERROR:tile_manager.cc(793)] WARNING: tile memory limits exceeded, some content may not draw
08-05 11:41:08.853 29746 30336 E chromium: [ERROR:tile_manager.cc(793)] WARNING: tile memory limits exceeded, some content may not draw
08-05 11:41:08.867 29746 29774 I art     : Starting a blocking GC Explicit
08-05 11:41:08.893 29746 29774 I art     : Explicit concurrent mark sweep GC freed 9106(720KB) AllocSpace objects, 21(456KB) LOS objects, 29% free, 37MB/53MB, paused 732us total 25.650ms
08-05 11:41:08.900 29746 29774 I art     : Starting a blocking GC Explicit
08-05 11:41:08.923 29746 29774 I art     : Explicit concurrent mark sweep GC freed 2323(111KB) AllocSpace objects, 1(28KB) LOS objects, 29% free, 37MB/53MB, paused 792us total 22.834ms
08-05 11:41:08.930 29746 29774 I art     : Starting a blocking GC Explicit
08-05 11:41:08.953 29746 29774 I art     : Explicit concurrent mark sweep GC freed 3(96B) AllocSpace objects, 0(0B) LOS objects, 29% free, 37MB/53MB, paused 655us total 22.727ms
08-05 11:41:08.961 29746 29774 I art     : Starting a blocking GC Explicit
08-05 11:41:08.985 29746 29774 I art     : Explicit concurrent mark sweep GC freed 3(96B) AllocSpace objects, 0(0B) LOS objects, 29% free, 37MB/53MB, paused 651us total 23.895ms
08-05 11:41:08.992 29746 29774 I art     : Starting a blocking GC Explicit
08-05 11:41:09.017 29746 29774 I art     : Explicit concurrent mark sweep GC freed 9(288B) AllocSpace objects, 0(0B) LOS objects, 29% free, 37MB/53MB, paused 805us total 24.384ms
08-05 11:41:09.058   512  2967 D audio_hw_primary: disable_audio_route: reset and update mixer path: low-latency-playback speaker
08-05 11:41:09.059   512  2967 D audio_hw_primary: disable_snd_device: snd_device(2: speaker)
08-05 11:41:09.068   512  2967 I soundtrigger: audio_extn_sound_trigger_update_device_status: device 0x2 of type 0 for Event 0
08-05 11:41:09.340 29746 29774 I art     : Starting a blocking GC Explicit
08-05 11:41:09.370 29746 29774 I art     : Explicit concurrent mark sweep GC freed 3964(224KB) AllocSpace objects, 6(268KB) LOS objects, 29% free, 37MB/53MB, paused 693us total 30.560ms
08-05 11:41:09.373 29746 30704 E baseline.com.newsblur.network.APIResponse: Error (unexpected end of stream on https://www.newsblur.com/...) calling https://www.newsblur.com/reader/mark_story_hashes_as_read/
08-05 11:41:09.373 29746 30704 E baseline.com.newsblur.network.APIResponse: java.io.IOException: unexpected end of stream on https://www.newsblur.com/...
08-05 11:41:09.373 29746 30704 E baseline.com.newsblur.network.APIResponse: 	at okhttp3.internal.http1.Http1ExchangeCodec.readResponseHeaders(Http1ExchangeCodec.java:236)
08-05 11:41:09.373 29746 30704 E baseline.com.newsblur.network.APIResponse: 	at okhttp3.internal.connection.Exchange.readResponseHeaders(Exchange.java:115)
08-05 11:41:09.373 29746 30704 E baseline.com.newsblur.network.APIResponse: 	at okhttp3.internal.http.CallServerInterceptor.intercept(CallServerInterceptor.java:94)
08-05 11:41:09.373 29746 30704 E baseline.com.newsblur.network.APIResponse: 	at okhttp3.internal.http.RealInterceptorChain.proceed(RealInterceptorChain.java:142)
08-05 11:41:09.373 29746 30704 E baseline.com.newsblur.network.APIResponse: 	at okhttp3.internal.connection.ConnectInterceptor.intercept(ConnectInterceptor.java:43)
08-05 11:41:09.373 29746 30704 E baseline.com.newsblur.network.APIResponse: 	at okhttp3.internal.http.RealInterceptorChain.proceed(RealInterceptorChain.java:142)
08-05 11:41:09.373 29746 30704 E baseline.com.newsblur.network.APIResponse: 	at okhttp3.internal.http.RealInterceptorChain.proceed(RealInterceptorChain.java:117)
08-05 11:41:09.373 29746 30704 E baseline.com.newsblur.network.APIResponse: 	at okhttp3.internal.cache.CacheInterceptor.intercept(CacheInterceptor.java:94)
08-05 11:41:09.373 29746 30704 E baseline.com.newsblur.network.APIResponse: 	at okhttp3.internal.http.RealInterceptorChain.proceed(RealInterceptorChain.java:142)
08-05 11:41:09.373 29746 30704 E baseline.com.newsblur.network.APIResponse: 	at okhttp3.internal.http.RealInterceptorChain.proceed(RealInterceptorChain.java:117)
08-05 11:41:09.373 29746 30704 E baseline.com.newsblur.network.APIResponse: 	at okhttp3.internal.http.BridgeInterceptor.intercept(BridgeInterceptor.java:93)
08-05 11:41:09.373 29746 30704 E baseline.com.newsblur.network.APIResponse: 	at okhttp3.internal.http.RealInterceptorChain.proceed(RealInterceptorChain.java:142)
08-05 11:41:09.373 29746 30704 E baseline.com.newsblur.network.APIResponse: 	at okhttp3.internal.http.RetryAndFollowUpInterceptor.intercept(RetryAndFollowUpInterceptor.java:88)
08-05 11:41:09.373 29746 30704 E baseline.com.newsblur.network.APIResponse: 	at okhttp3.internal.http.RealInterceptorChain.proceed(RealInterceptorChain.java:142)
08-05 11:41:09.373 29746 30704 E baseline.com.newsblur.network.APIResponse: 	at okhttp3.internal.http.RealInterceptorChain.proceed(RealInterceptorChain.java:117)
08-05 11:41:09.373 29746 30704 E baseline.com.newsblur.network.APIResponse: 	at okhttp3.RealCall.getResponseWithInterceptorChain(RealCall.java:229)
08-05 11:41:09.373 29746 30704 E baseline.com.newsblur.network.APIResponse: 	at okhttp3.RealCall.execute(RealCall.java:81)
08-05 11:41:09.373 29746 30704 E baseline.com.newsblur.network.APIResponse: 	at baseline.com.newsblur.network.APIResponse.<init>(APIResponse.java:57)
08-05 11:41:09.373 29746 30704 E baseline.com.newsblur.network.APIResponse: 	at baseline.com.newsblur.network.APIResponse.<init>(APIResponse.java:43)
08-05 11:41:09.373 29746 30704 E baseline.com.newsblur.network.APIResponse: 	at baseline.com.newsblur.network.APIManager.post_single(APIManager.java:702)
08-05 11:41:09.373 29746 30704 E baseline.com.newsblur.network.APIResponse: 	at baseline.com.newsblur.network.APIManager.post(APIManager.java:675)
08-05 11:41:09.373 29746 30704 E baseline.com.newsblur.network.APIResponse: 	at baseline.com.newsblur.network.APIManager.post(APIManager.java:714)
08-05 11:41:09.373 29746 30704 E baseline.com.newsblur.network.APIResponse: 	at baseline.com.newsblur.network.APIManager.markStoryAsRead(APIManager.java:205)
08-05 11:41:09.373 29746 30704 E baseline.com.newsblur.network.APIResponse: 	at baseline.com.newsblur.util.ReadingAction.doRemote(ReadingAction.java:281)
08-05 11:41:09.373 29746 30704 E baseline.com.newsblur.network.APIResponse: 	at baseline.com.newsblur.service.NBSyncService.syncActions(NBSyncService.java:400)
08-05 11:41:09.373 29746 30704 E baseline.com.newsblur.network.APIResponse: 	at baseline.com.newsblur.service.NBSyncService.doSync(NBSyncService.java:298)
08-05 11:41:09.373 29746 30704 E baseline.com.newsblur.network.APIResponse: 	at baseline.com.newsblur.service.NBSyncService.access$100(NBSyncService.java:67)
08-05 11:41:09.373 29746 30704 E baseline.com.newsblur.network.APIResponse: 	at baseline.com.newsblur.service.NBSyncService$1.run(NBSyncService.java:188)
08-05 11:41:09.373 29746 30704 E baseline.com.newsblur.network.APIResponse: 	at java.util.concurrent.ThreadPoolExecutor.runWorker(ThreadPoolExecutor.java:1113)
08-05 11:41:09.373 29746 30704 E baseline.com.newsblur.network.APIResponse: 	at java.util.concurrent.ThreadPoolExecutor$Worker.run(ThreadPoolExecutor.java:588)
08-05 11:41:09.373 29746 30704 E baseline.com.newsblur.network.APIResponse: 	at java.lang.Thread.run(Thread.java:818)
08-05 11:41:09.373 29746 30704 E baseline.com.newsblur.network.APIResponse: Caused by: java.io.EOFException: \n not found: limit=0 content=
08-05 11:41:09.373 29746 30704 E baseline.com.newsblur.network.APIResponse: 	at okio.RealBufferedSource.readUtf8LineStrict(RealBufferedSource.java:240)
08-05 11:41:09.373 29746 30704 E baseline.com.newsblur.network.APIResponse: 	at okhttp3.internal.http1.Http1ExchangeCodec.readHeaderLine(Http1ExchangeCodec.java:242)
08-05 11:41:09.373 29746 30704 E baseline.com.newsblur.network.APIResponse: 	at okhttp3.internal.http1.Http1ExchangeCodec.readResponseHeaders(Http1ExchangeCodec.java:213)
08-05 11:41:09.373 29746 30704 E baseline.com.newsblur.network.APIResponse: 	... 30 more
08-05 11:41:09.375 29746 30704 I baseline.com.newsblur.network.APIManager: API call failed, pausing before retry number 1
08-05 11:41:09.379 29746 29774 I art     : Starting a blocking GC Explicit
08-05 11:41:09.407 29746 29774 I art     : Explicit concurrent mark sweep GC freed 1781(325KB) AllocSpace objects, 2(40KB) LOS objects, 29% free, 37MB/53MB, paused 752us total 27.424ms
08-05 11:41:09.414 29746 29774 I art     : Starting a blocking GC Explicit
08-05 11:41:09.437 29746 29774 I art     : Explicit concurrent mark sweep GC freed 47(1792B) AllocSpace objects, 0(0B) LOS objects, 29% free, 37MB/53MB, paused 759us total 23.061ms
08-05 11:41:09.445 29746 29774 I art     : Starting a blocking GC Explicit
08-05 11:41:09.468 29746 29774 I art     : Explicit concurrent mark sweep GC freed 3(96B) AllocSpace objects, 0(0B) LOS objects, 29% free, 37MB/53MB, paused 621us total 22.931ms
08-05 11:41:09.475 29746 29774 I art     : Starting a blocking GC Explicit
08-05 11:41:09.499 29746 29774 I art     : Explicit concurrent mark sweep GC freed 3(96B) AllocSpace objects, 0(0B) LOS objects, 29% free, 37MB/53MB, paused 822us total 23.783ms
08-05 11:41:09.803 29746 29774 I art     : Starting a blocking GC Explicit
08-05 11:41:09.839 29746 29774 I art     : Explicit concurrent mark sweep GC freed 1481(85KB) AllocSpace objects, 1(20KB) LOS objects, 29% free, 37MB/53MB, paused 840us total 35.606ms
08-05 11:41:09.848 29746 29774 I art     : Starting a blocking GC Explicit
08-05 11:41:09.872 29746 29774 I art     : Explicit concurrent mark sweep GC freed 28(1008B) AllocSpace objects, 0(0B) LOS objects, 29% free, 37MB/53MB, paused 660us total 24.095ms
08-05 11:41:09.880 29746 29774 I art     : Starting a blocking GC Explicit
08-05 11:41:09.904 29746 29774 I art     : Explicit concurrent mark sweep GC freed 3(96B) AllocSpace objects, 0(0B) LOS objects, 29% free, 37MB/53MB, paused 622us total 23.877ms
08-05 11:41:09.912 29746 29774 I art     : Starting a blocking GC Explicit
08-05 11:41:09.917 29746 30336 E chromium: [ERROR:tile_manager.cc(793)] WARNING: tile memory limits exceeded, some content may not draw
08-05 11:41:09.918 29746 30336 E chromium: [ERROR:tile_manager.cc(793)] WARNING: tile memory limits exceeded, some content may not draw
08-05 11:41:09.932 29746 30336 E chromium: [ERROR:tile_manager.cc(793)] WARNING: tile memory limits exceeded, some content may not draw
08-05 11:41:09.933 29746 30336 E chromium: [ERROR:tile_manager.cc(793)] WARNING: tile memory limits exceeded, some content may not draw
08-05 11:41:09.938 29746 29774 I art     : Explicit concurrent mark sweep GC freed 44(1360B) AllocSpace objects, 0(0B) LOS objects, 29% free, 37MB/53MB, paused 657us total 26.126ms
08-05 11:41:09.947 29746 29774 I art     : Starting a blocking GC Explicit
08-05 11:41:09.947 29746 30336 E chromium: [ERROR:tile_manager.cc(793)] WARNING: tile memory limits exceeded, some content may not draw
08-05 11:41:09.948 29746 30336 E chromium: [ERROR:tile_manager.cc(793)] WARNING: tile memory limits exceeded, some content may not draw
08-05 11:41:09.971 29746 29774 I art     : Explicit concurrent mark sweep GC freed 17(528B) AllocSpace objects, 0(0B) LOS objects, 29% free, 37MB/53MB, paused 623us total 23.702ms
08-05 11:41:10.276 29746 29774 I art     : Starting a blocking GC Explicit
08-05 11:41:10.306 29746 29774 I art     : Explicit concurrent mark sweep GC freed 1506(85KB) AllocSpace objects, 1(20KB) LOS objects, 29% free, 37MB/53MB, paused 1.309ms total 29.946ms
08-05 11:41:10.315 29746 29774 I art     : Starting a blocking GC Explicit
08-05 11:41:10.343 29746 29774 I art     : Explicit concurrent mark sweep GC freed 22(784B) AllocSpace objects, 0(0B) LOS objects, 29% free, 37MB/53MB, paused 780us total 27.314ms
08-05 11:41:10.350 29746 29774 I art     : Starting a blocking GC Explicit
08-05 11:41:10.374 29746 29774 I art     : Explicit concurrent mark sweep GC freed 3(96B) AllocSpace objects, 0(0B) LOS objects, 29% free, 37MB/53MB, paused 643us total 23.160ms
08-05 11:41:10.381 29746 29774 I art     : Starting a blocking GC Explicit
08-05 11:41:10.404 29746 29774 I art     : Explicit concurrent mark sweep GC freed 3(96B) AllocSpace objects, 0(0B) LOS objects, 29% free, 37MB/53MB, paused 586us total 22.817ms
08-05 11:41:10.412 29746 29774 I art     : Starting a blocking GC Explicit
08-05 11:41:10.435 29746 29774 I art     : Explicit concurrent mark sweep GC freed 3(96B) AllocSpace objects, 0(0B) LOS objects, 29% free, 37MB/53MB, paused 603us total 23.500ms
08-05 11:41:10.786 29746 29774 I art     : Starting a blocking GC Explicit
08-05 11:41:10.817 29746 29774 I art     : Explicit concurrent mark sweep GC freed 1441(83KB) AllocSpace objects, 1(20KB) LOS objects, 29% free, 37MB/53MB, paused 645us total 30.530ms
08-05 11:41:10.825 29746 29774 I art     : Starting a blocking GC Explicit
08-05 11:41:10.853 29746 29774 I art     : Explicit concurrent mark sweep GC freed 22(784B) AllocSpace objects, 0(0B) LOS objects, 29% free, 37MB/53MB, paused 594us total 27.479ms
08-05 11:41:10.860 29746 29774 I art     : Starting a blocking GC Explicit
08-05 11:41:10.884 29746 29774 I art     : Explicit concurrent mark sweep GC freed 93(3KB) AllocSpace objects, 0(0B) LOS objects, 29% free, 37MB/53MB, paused 637us total 23.628ms
08-05 11:41:10.891 29746 29774 I art     : Starting a blocking GC Explicit
08-05 11:41:10.915 29746 29774 I art     : Explicit concurrent mark sweep GC freed 10(368B) AllocSpace objects, 0(0B) LOS objects, 29% free, 37MB/53MB, paused 665us total 23.450ms
08-05 11:41:10.922 29746 29774 I art     : Starting a blocking GC Explicit
08-05 11:41:10.946 29746 29774 I art     : Explicit concurrent mark sweep GC freed 15(656B) AllocSpace objects, 0(0B) LOS objects, 29% free, 37MB/53MB, paused 692us total 23.542ms
08-05 11:41:11.259 29746 29758 I art     : Starting a blocking GC Explicit
08-05 11:41:11.288 29746 29758 I art     : Explicit concurrent mark sweep GC freed 1503(87KB) AllocSpace objects, 1(20KB) LOS objects, 29% free, 37MB/53MB, paused 688us total 29.499ms
08-05 11:41:11.298 29746 29758 I art     : Starting a blocking GC Explicit
08-05 11:41:11.323 29746 29758 I art     : Explicit concurrent mark sweep GC freed 22(784B) AllocSpace objects, 0(0B) LOS objects, 29% free, 37MB/53MB, paused 651us total 25.198ms
08-05 11:41:11.331 29746 29758 I art     : Starting a blocking GC Explicit
08-05 11:41:11.355 29746 29758 I art     : Explicit concurrent mark sweep GC freed 244(11KB) AllocSpace objects, 0(0B) LOS objects, 29% free, 37MB/53MB, paused 735us total 23.519ms
08-05 11:41:11.362 29746 29758 I art     : Starting a blocking GC Explicit
08-05 11:41:11.385 29746 29758 I art     : Explicit concurrent mark sweep GC freed 1457(54KB) AllocSpace objects, 0(0B) LOS objects, 29% free, 37MB/53MB, paused 620us total 22.744ms
08-05 11:41:11.392 29746 29758 I art     : Starting a blocking GC Explicit
08-05 11:41:11.416 29746 29758 I art     : Explicit concurrent mark sweep GC freed 47(1664B) AllocSpace objects, 0(0B) LOS objects, 29% free, 37MB/53MB, paused 722us total 23.479ms
08-05 11:41:11.421 29746 30704 E baseline.com.newsblur.network.APIResponse: Error (unexpected end of stream on https://www.newsblur.com/...) calling https://www.newsblur.com/reader/mark_story_hashes_as_read/
08-05 11:41:11.421 29746 30704 E baseline.com.newsblur.network.APIResponse: java.io.IOException: unexpected end of stream on https://www.newsblur.com/...
08-05 11:41:11.421 29746 30704 E baseline.com.newsblur.network.APIResponse: 	at okhttp3.internal.http1.Http1ExchangeCodec.readResponseHeaders(Http1ExchangeCodec.java:236)
08-05 11:41:11.421 29746 30704 E baseline.com.newsblur.network.APIResponse: 	at okhttp3.internal.connection.Exchange.readResponseHeaders(Exchange.java:115)
08-05 11:41:11.421 29746 30704 E baseline.com.newsblur.network.APIResponse: 	at okhttp3.internal.http.CallServerInterceptor.intercept(CallServerInterceptor.java:94)
08-05 11:41:11.421 29746 30704 E baseline.com.newsblur.network.APIResponse: 	at okhttp3.internal.http.RealInterceptorChain.proceed(RealInterceptorChain.java:142)
08-05 11:41:11.421 29746 30704 E baseline.com.newsblur.network.APIResponse: 	at okhttp3.internal.connection.ConnectInterceptor.intercept(ConnectInterceptor.java:43)
08-05 11:41:11.421 29746 30704 E baseline.com.newsblur.network.APIResponse: 	at okhttp3.internal.http.RealInterceptorChain.proceed(RealInterceptorChain.java:142)
08-05 11:41:11.421 29746 30704 E baseline.com.newsblur.network.APIResponse: 	at okhttp3.internal.http.RealInterceptorChain.proceed(RealInterceptorChain.java:117)
08-05 11:41:11.421 29746 30704 E baseline.com.newsblur.network.APIResponse: 	at okhttp3.internal.cache.CacheInterceptor.intercept(CacheInterceptor.java:94)
08-05 11:41:11.421 29746 30704 E baseline.com.newsblur.network.APIResponse: 	at okhttp3.internal.http.RealInterceptorChain.proceed(RealInterceptorChain.java:142)
08-05 11:41:11.421 29746 30704 E baseline.com.newsblur.network.APIResponse: 	at okhttp3.internal.http.RealInterceptorChain.proceed(RealInterceptorChain.java:117)
08-05 11:41:11.421 29746 30704 E baseline.com.newsblur.network.APIResponse: 	at okhttp3.internal.http.BridgeInterceptor.intercept(BridgeInterceptor.java:93)
08-05 11:41:11.421 29746 30704 E baseline.com.newsblur.network.APIResponse: 	at okhttp3.internal.http.RealInterceptorChain.proceed(RealInterceptorChain.java:142)
08-05 11:41:11.421 29746 30704 E baseline.com.newsblur.network.APIResponse: 	at okhttp3.internal.http.RetryAndFollowUpInterceptor.intercept(RetryAndFollowUpInterceptor.java:88)
08-05 11:41:11.421 29746 30704 E baseline.com.newsblur.network.APIResponse: 	at okhttp3.internal.http.RealInterceptorChain.proceed(RealInterceptorChain.java:142)
08-05 11:41:11.421 29746 30704 E baseline.com.newsblur.network.APIResponse: 	at okhttp3.internal.http.RealInterceptorChain.proceed(RealInterceptorChain.java:117)
08-05 11:41:11.421 29746 30704 E baseline.com.newsblur.network.APIResponse: 	at okhttp3.RealCall.getResponseWithInterceptorChain(RealCall.java:229)
08-05 11:41:11.421 29746 30704 E baseline.com.newsblur.network.APIResponse: 	at okhttp3.RealCall.execute(RealCall.java:81)
08-05 11:41:11.421 29746 30704 E baseline.com.newsblur.network.APIResponse: 	at baseline.com.newsblur.network.APIResponse.<init>(APIResponse.java:57)
08-05 11:41:11.421 29746 30704 E baseline.com.newsblur.network.APIResponse: 	at baseline.com.newsblur.network.APIResponse.<init>(APIResponse.java:43)
08-05 11:41:11.421 29746 30704 E baseline.com.newsblur.network.APIResponse: 	at baseline.com.newsblur.network.APIManager.post_single(APIManager.java:702)
08-05 11:41:11.421 29746 30704 E baseline.com.newsblur.network.APIResponse: 	at baseline.com.newsblur.network.APIManager.post(APIManager.java:675)
08-05 11:41:11.421 29746 30704 E baseline.com.newsblur.network.APIResponse: 	at baseline.com.newsblur.network.APIManager.post(APIManager.java:714)
08-05 11:41:11.421 29746 30704 E baseline.com.newsblur.network.APIResponse: 	at baseline.com.newsblur.network.APIManager.markStoryAsRead(APIManager.java:205)
08-05 11:41:11.421 29746 30704 E baseline.com.newsblur.network.APIResponse: 	at baseline.com.newsblur.util.ReadingAction.doRemote(ReadingAction.java:281)
08-05 11:41:11.421 29746 30704 E baseline.com.newsblur.network.APIResponse: 	at baseline.com.newsblur.service.NBSyncService.syncActions(NBSyncService.java:400)
08-05 11:41:11.421 29746 30704 E baseline.com.newsblur.network.APIResponse: 	at baseline.com.newsblur.service.NBSyncService.doSync(NBSyncService.java:298)
08-05 11:41:11.421 29746 30704 E baseline.com.newsblur.network.APIResponse: 	at baseline.com.newsblur.service.NBSyncService.access$100(NBSyncService.java:67)
08-05 11:41:11.421 29746 30704 E baseline.com.newsblur.network.APIResponse: 	at baseline.com.newsblur.service.NBSyncService$1.run(NBSyncService.java:188)
08-05 11:41:11.421 29746 30704 E baseline.com.newsblur.network.APIResponse: 	at java.util.concurrent.ThreadPoolExecutor.runWorker(ThreadPoolExecutor.java:1113)
08-05 11:41:11.421 29746 30704 E baseline.com.newsblur.network.APIResponse: 	at java.util.concurrent.ThreadPoolExecutor$Worker.run(ThreadPoolExecutor.java:588)
08-05 11:41:11.421 29746 30704 E baseline.com.newsblur.network.APIResponse: 	at java.lang.Thread.run(Thread.java:818)
08-05 11:41:11.421 29746 30704 E baseline.com.newsblur.network.APIResponse: Caused by: java.io.EOFException: \n not found: limit=0 content=
08-05 11:41:11.421 29746 30704 E baseline.com.newsblur.network.APIResponse: 	at okio.RealBufferedSource.readUtf8LineStrict(RealBufferedSource.java:240)
08-05 11:41:11.421 29746 30704 E baseline.com.newsblur.network.APIResponse: 	at okhttp3.internal.http1.Http1ExchangeCodec.readHeaderLine(Http1ExchangeCodec.java:242)
08-05 11:41:11.421 29746 30704 E baseline.com.newsblur.network.APIResponse: 	at okhttp3.internal.http1.Http1ExchangeCodec.readResponseHeaders(Http1ExchangeCodec.java:213)
08-05 11:41:11.421 29746 30704 E baseline.com.newsblur.network.APIResponse: 	... 30 more
08-05 11:41:11.423 29746 30704 I baseline.com.newsblur.network.APIManager: API call failed, pausing before retry number 2
08-05 11:41:11.746 29746 29759 I art     : Starting a blocking GC Explicit
08-05 11:41:11.777 29746 29759 I art     : Explicit concurrent mark sweep GC freed 2258(291KB) AllocSpace objects, 3(60KB) LOS objects, 29% free, 37MB/53MB, paused 938us total 30.602ms
08-05 11:41:11.786 29746 29759 I art     : Starting a blocking GC Explicit
08-05 11:41:11.813 29746 29759 I art     : Explicit concurrent mark sweep GC freed 66(2480B) AllocSpace objects, 0(0B) LOS objects, 29% free, 37MB/53MB, paused 680us total 26.339ms
08-05 11:41:11.820 29746 29759 I art     : Starting a blocking GC Explicit
08-05 11:41:11.843 29746 29759 I art     : Explicit concurrent mark sweep GC freed 3(96B) AllocSpace objects, 0(0B) LOS objects, 29% free, 37MB/53MB, paused 688us total 23.153ms
08-05 11:41:11.851 29746 29759 I art     : Starting a blocking GC Explicit
08-05 11:41:11.874 29746 29759 I art     : Explicit concurrent mark sweep GC freed 3(96B) AllocSpace objects, 0(0B) LOS objects, 29% free, 37MB/53MB, paused 645us total 23.002ms
08-05 11:41:11.881 29746 29759 I art     : Starting a blocking GC Explicit
08-05 11:41:11.905 29746 29759 I art     : Explicit concurrent mark sweep GC freed 3(96B) AllocSpace objects, 0(0B) LOS objects, 29% free, 37MB/53MB, paused 603us total 23.092ms
08-05 11:41:12.242 29746 29774 I art     : Starting a blocking GC Explicit
08-05 11:41:12.272 29746 29774 I art     : Explicit concurrent mark sweep GC freed 1439(82KB) AllocSpace objects, 1(20KB) LOS objects, 29% free, 37MB/53MB, paused 627us total 29.776ms
08-05 11:41:12.281 29746 29774 I art     : Starting a blocking GC Explicit
08-05 11:41:12.308 29746 29774 I art     : Explicit concurrent mark sweep GC freed 22(784B) AllocSpace objects, 0(0B) LOS objects, 29% free, 37MB/53MB, paused 717us total 26.431ms
08-05 11:41:12.317 29746 29774 I art     : Starting a blocking GC Explicit
08-05 11:41:12.343 29746 29774 I art     : Explicit concurrent mark sweep GC freed 3(96B) AllocSpace objects, 0(0B) LOS objects, 29% free, 37MB/53MB, paused 846us total 25.873ms
08-05 11:41:12.351 29746 29774 I art     : Starting a blocking GC Explicit
08-05 11:41:12.374 29746 29774 I art     : Explicit concurrent mark sweep GC freed 3(96B) AllocSpace objects, 0(0B) LOS objects, 29% free, 37MB/53MB, paused 616us total 23.062ms
08-05 11:41:12.382 29746 29774 I art     : Starting a blocking GC Explicit
08-05 11:41:12.406 29746 29774 I art     : Explicit concurrent mark sweep GC freed 3(96B) AllocSpace objects, 0(0B) LOS objects, 29% free, 37MB/53MB, paused 634us total 24.228ms
08-05 11:41:12.742 29746 29774 I art     : Starting a blocking GC Explicit
08-05 11:41:12.771 29746 29774 I art     : Explicit concurrent mark sweep GC freed 1438(82KB) AllocSpace objects, 1(20KB) LOS objects, 29% free, 37MB/53MB, paused 617us total 29.164ms
08-05 11:41:12.779 29746 29774 I art     : Starting a blocking GC Explicit
08-05 11:41:12.802 29746 29774 I art     : Explicit concurrent mark sweep GC freed 22(784B) AllocSpace objects, 0(0B) LOS objects, 29% free, 37MB/53MB, paused 702us total 23.458ms
08-05 11:41:12.810 29746 29774 I art     : Starting a blocking GC Explicit
08-05 11:41:12.832 29746 29774 I art     : Explicit concurrent mark sweep GC freed 3(96B) AllocSpace objects, 0(0B) LOS objects, 29% free, 37MB/53MB, paused 621us total 22.343ms
08-05 11:41:12.839 29746 29774 I art     : Starting a blocking GC Explicit
08-05 11:41:12.862 29746 29774 I art     : Explicit concurrent mark sweep GC freed 3(96B) AllocSpace objects, 0(0B) LOS objects, 29% free, 37MB/53MB, paused 704us total 23.190ms
08-05 11:41:12.870 29746 29774 I art     : Starting a blocking GC Explicit
08-05 11:41:12.893 29746 29774 I art     : Explicit concurrent mark sweep GC freed 3(96B) AllocSpace objects, 0(0B) LOS objects, 29% free, 37MB/53MB, paused 708us total 23.545ms
08-05 11:41:13.016 30791 30791 D AndroidRuntime: >>>>>> START com.android.internal.os.RuntimeInit uid 2000 <<<<<<
08-05 11:41:13.021 30791 30791 D AndroidRuntime: CheckJNI is OFF
08-05 11:41:13.047 30791 30791 D ICU     : No timezone override file found: /data/misc/zoneinfo/current/icu/icu_tzdata.dat
08-05 11:41:13.071 30791 30791 I Radio-JNI: register_android_hardware_Radio DONE
08-05 11:41:13.087 30791 30791 D AndroidRuntime: Calling main entry com.android.commands.input.Input
08-05 11:41:13.088 30791 30791 I Input   : injectKeyEvent: KeyEvent { action=ACTION_DOWN, keyCode=KEYCODE_BACK, scanCode=0, metaState=0, flags=0x0, repeatCount=0, eventTime=790889501, downTime=790889501, deviceId=-1, source=0x101 }
08-05 11:41:13.092 30791 30791 I Input   : injectKeyEvent: KeyEvent { action=ACTION_UP, keyCode=KEYCODE_BACK, scanCode=0, metaState=0, flags=0x0, repeatCount=0, eventTime=790889501, downTime=790889501, deviceId=-1, source=0x101 }
08-05 11:41:13.099 30791 30791 D AndroidRuntime: Shutting down VM
08-05 11:41:13.177 29746 29758 I art     : Starting a blocking GC Explicit
08-05 11:41:13.205 29746 29758 I art     : Explicit concurrent mark sweep GC freed 2269(166KB) AllocSpace objects, 4(80KB) LOS objects, 29% free, 37MB/53MB, paused 856us total 26.228ms
08-05 11:41:13.215 29746 29758 I art     : Starting a blocking GC Explicit
08-05 11:41:13.243 29746 29758 I art     : Explicit concurrent mark sweep GC freed 624(59KB) AllocSpace objects, 1(20KB) LOS objects, 29% free, 37MB/53MB, paused 709us total 28.365ms
08-05 11:41:13.247 13866 13866 I GoogleInputMethodServic: GoogleInputMethodService.onFinishInput():3138 
08-05 11:41:13.247 13866 13866 I GoogleInputMethodServic: GoogleInputMethodService.onStartInput():1808 
08-05 11:41:13.251 29746 29758 I art     : Starting a blocking GC Explicit
08-05 11:41:13.277 29746 29758 I art     : Explicit concurrent mark sweep GC freed 723(56KB) AllocSpace objects, 1(20KB) LOS objects, 29% free, 37MB/53MB, paused 842us total 25.752ms
08-05 11:41:13.285 29746 29758 I art     : Starting a blocking GC Explicit
08-05 11:41:13.308 29746 29758 I art     : Explicit concurrent mark sweep GC freed 32(1248B) AllocSpace objects, 1(28KB) LOS objects, 29% free, 37MB/53MB, paused 685us total 22.927ms
08-05 11:41:13.315 29746 29758 I art     : Starting a blocking GC Explicit
08-05 11:41:13.339 29746 29758 I art     : Explicit concurrent mark sweep GC freed 3(96B) AllocSpace objects, 0(0B) LOS objects, 29% free, 37MB/53MB, paused 643us total 23.214ms
08-05 11:41:13.607 29746 29758 I art     : Starting a blocking GC Explicit
08-05 11:41:13.635 29746 29758 I art     : Explicit concurrent mark sweep GC freed 3123(162KB) AllocSpace objects, 1(20KB) LOS objects, 29% free, 37MB/53MB, paused 908us total 27.625ms
08-05 11:41:13.644 29746 29758 I art     : Starting a blocking GC Explicit
08-05 11:41:13.671 29746 29758 I art     : Explicit concurrent mark sweep GC freed 154(7KB) AllocSpace objects, 0(0B) LOS objects, 29% free, 37MB/53MB, paused 853us total 26.955ms
08-05 11:41:13.679 29746 29758 I art     : Starting a blocking GC Explicit
08-05 11:41:13.704 29746 29758 I art     : Explicit concurrent mark sweep GC freed 7(224B) AllocSpace objects, 0(0B) LOS objects, 29% free, 37MB/53MB, paused 726us total 24.913ms
08-05 11:41:13.713 29746 29758 I art     : Starting a blocking GC Explicit
08-05 11:41:13.742 29746 29758 I art     : Explicit concurrent mark sweep GC freed 7(224B) AllocSpace objects, 0(0B) LOS objects, 29% free, 37MB/53MB, paused 765us total 29.063ms
08-05 11:41:13.750 29746 29758 I art     : Starting a blocking GC Explicit
08-05 11:41:13.780 29746 29758 I art     : Explicit concurrent mark sweep GC freed 8(256B) AllocSpace objects, 0(0B) LOS objects, 29% free, 37MB/53MB, paused 822us total 30.064ms
08-05 11:41:14.096 29746 29758 I art     : Starting a blocking GC Explicit
08-05 11:41:14.128 29746 29758 I art     : Explicit concurrent mark sweep GC freed 1479(84KB) AllocSpace objects, 1(20KB) LOS objects, 29% free, 37MB/53MB, paused 925us total 30.967ms
08-05 11:41:14.136 29746 29758 I art     : Starting a blocking GC Explicit
08-05 11:41:14.165 29746 29758 I art     : Explicit concurrent mark sweep GC freed 26(912B) AllocSpace objects, 0(0B) LOS objects, 29% free, 37MB/53MB, paused 713us total 29.653ms
08-05 11:41:14.174 29746 29758 I art     : Starting a blocking GC Explicit
08-05 11:41:14.194 21839 21852 I Finsky  : [5971] ktr.run(-1): Stats for Executor: BlockingExecutor kvs@d9d6d72[Running, pool size = 0, active threads = 0, queued tasks = 0, completed tasks = 36]
08-05 11:41:14.194 21839 21852 I Finsky  : [5971] ktr.run(-1): Stats for Executor: LightweightExecutor kvs@b8c85c3[Running, pool size = 4, active threads = 0, queued tasks = 0, completed tasks = 76]
08-05 11:41:14.203 29746 29758 I art     : Explicit concurrent mark sweep GC freed 8(256B) AllocSpace objects, 0(0B) LOS objects, 29% free, 37MB/53MB, paused 1.903ms total 29.285ms
08-05 11:41:14.213 29746 29758 I art     : Starting a blocking GC Explicit
08-05 11:41:14.244 29746 29758 I art     : Explicit concurrent mark sweep GC freed 8(256B) AllocSpace objects, 0(0B) LOS objects, 29% free, 37MB/53MB, paused 810us total 30.711ms
08-05 11:41:14.253 29746 29758 I art     : Starting a blocking GC Explicit
08-05 11:41:14.281 29746 29758 I art     : Explicit concurrent mark sweep GC freed 7(224B) AllocSpace objects, 0(0B) LOS objects, 29% free, 37MB/53MB, paused 724us total 28.523ms
08-05 11:41:14.363 21839 21852 I Finsky  : [5971] ktr.run(-1): Stats for Executor: bgExecutor kvs@3688e40[Running, pool size = 4, active threads = 0, queued tasks = 0, completed tasks = 136]
08-05 11:41:14.554 29746 29759 I art     : Starting a blocking GC Explicit
08-05 11:41:14.585 29746 29759 I art     : Explicit concurrent mark sweep GC freed 1639(92KB) AllocSpace objects, 1(20KB) LOS objects, 29% free, 37MB/53MB, paused 772us total 30.771ms
08-05 11:41:14.595 29746 29759 I art     : Starting a blocking GC Explicit
08-05 11:41:14.624 29746 29759 I art     : Explicit concurrent mark sweep GC freed 34(1232B) AllocSpace objects, 0(0B) LOS objects, 29% free, 37MB/53MB, paused 965us total 29.200ms
08-05 11:41:14.633 29746 29759 I art     : Starting a blocking GC Explicit
08-05 11:41:14.653 30836 30836 D AndroidRuntime: >>>>>> START com.android.internal.os.RuntimeInit uid 2000 <<<<<<
08-05 11:41:14.659 30836 30836 D AndroidRuntime: CheckJNI is OFF
08-05 11:41:14.664 29746 29759 I art     : Explicit concurrent mark sweep GC freed 6(192B) AllocSpace objects, 0(0B) LOS objects, 29% free, 37MB/53MB, paused 941us total 30.365ms
08-05 11:41:14.671 29746 29759 I art     : Starting a blocking GC Explicit
08-05 11:41:14.685 30836 30836 D ICU     : No timezone override file found: /data/misc/zoneinfo/current/icu/icu_tzdata.dat
08-05 11:41:14.696 29746 29759 I art     : Explicit concurrent mark sweep GC freed 3(96B) AllocSpace objects, 0(0B) LOS objects, 29% free, 37MB/53MB, paused 868us total 24.652ms
08-05 11:41:14.703 29746 29759 I art     : Starting a blocking GC Explicit
08-05 11:41:14.710 30836 30836 I Radio-JNI: register_android_hardware_Radio DONE
08-05 11:41:14.726 30836 30836 D AndroidRuntime: Calling main entry com.android.commands.input.Input
08-05 11:41:14.727 30836 30836 I Input   : injectKeyEvent: KeyEvent { action=ACTION_DOWN, keyCode=KEYCODE_BACK, scanCode=0, metaState=0, flags=0x0, repeatCount=0, eventTime=790891140, downTime=790891140, deviceId=-1, source=0x101 }
08-05 11:41:14.727 29746 29759 I art     : Explicit concurrent mark sweep GC freed 3(96B) AllocSpace objects, 0(0B) LOS objects, 29% free, 37MB/53MB, paused 886us total 24.293ms
08-05 11:41:14.733 30836 30836 I Input   : injectKeyEvent: KeyEvent { action=ACTION_UP, keyCode=KEYCODE_BACK, scanCode=0, metaState=0, flags=0x0, repeatCount=0, eventTime=790891140, downTime=790891140, deviceId=-1, source=0x101 }
08-05 11:41:14.745 30836 30836 D AndroidRuntime: Shutting down VM
08-05 11:41:14.852 13866 13866 I GoogleInputMethodServic: GoogleInputMethodService.onFinishInput():3138 
08-05 11:41:14.853 13866 13866 I GoogleInputMethodServic: GoogleInputMethodService.onStartInput():1808 
08-05 11:41:14.966 29746 29759 I art     : Starting a blocking GC Explicit
08-05 11:41:14.986 29746 30704 E baseline.com.newsblur.network.APIResponse: Error (unexpected end of stream on https://www.newsblur.com/...) calling https://www.newsblur.com/reader/mark_story_hashes_as_read/
08-05 11:41:14.986 29746 30704 E baseline.com.newsblur.network.APIResponse: java.io.IOException: unexpected end of stream on https://www.newsblur.com/...
08-05 11:41:14.986 29746 30704 E baseline.com.newsblur.network.APIResponse: 	at okhttp3.internal.http1.Http1ExchangeCodec.readResponseHeaders(Http1ExchangeCodec.java:236)
08-05 11:41:14.986 29746 30704 E baseline.com.newsblur.network.APIResponse: 	at okhttp3.internal.connection.Exchange.readResponseHeaders(Exchange.java:115)
08-05 11:41:14.986 29746 30704 E baseline.com.newsblur.network.APIResponse: 	at okhttp3.internal.http.CallServerInterceptor.intercept(CallServerInterceptor.java:94)
08-05 11:41:14.986 29746 30704 E baseline.com.newsblur.network.APIResponse: 	at okhttp3.internal.http.RealInterceptorChain.proceed(RealInterceptorChain.java:142)
08-05 11:41:14.986 29746 30704 E baseline.com.newsblur.network.APIResponse: 	at okhttp3.internal.connection.ConnectInterceptor.intercept(ConnectInterceptor.java:43)
08-05 11:41:14.986 29746 30704 E baseline.com.newsblur.network.APIResponse: 	at okhttp3.internal.http.RealInterceptorChain.proceed(RealInterceptorChain.java:142)
08-05 11:41:14.986 29746 30704 E baseline.com.newsblur.network.APIResponse: 	at okhttp3.internal.http.RealInterceptorChain.proceed(RealInterceptorChain.java:117)
08-05 11:41:14.986 29746 30704 E baseline.com.newsblur.network.APIResponse: 	at okhttp3.internal.cache.CacheInterceptor.intercept(CacheInterceptor.java:94)
08-05 11:41:14.986 29746 30704 E baseline.com.newsblur.network.APIResponse: 	at okhttp3.internal.http.RealInterceptorChain.proceed(RealInterceptorChain.java:142)
08-05 11:41:14.986 29746 30704 E baseline.com.newsblur.network.APIResponse: 	at okhttp3.internal.http.RealInterceptorChain.proceed(RealInterceptorChain.java:117)
08-05 11:41:14.986 29746 30704 E baseline.com.newsblur.network.APIResponse: 	at okhttp3.internal.http.BridgeInterceptor.intercept(BridgeInterceptor.java:93)
08-05 11:41:14.986 29746 30704 E baseline.com.newsblur.network.APIResponse: 	at okhttp3.internal.http.RealInterceptorChain.proceed(RealInterceptorChain.java:142)
08-05 11:41:14.986 29746 30704 E baseline.com.newsblur.network.APIResponse: 	at okhttp3.internal.http.RetryAndFollowUpInterceptor.intercept(RetryAndFollowUpInterceptor.java:88)
08-05 11:41:14.986 29746 30704 E baseline.com.newsblur.network.APIResponse: 	at okhttp3.internal.http.RealInterceptorChain.proceed(RealInterceptorChain.java:142)
08-05 11:41:14.986 29746 30704 E baseline.com.newsblur.network.APIResponse: 	at okhttp3.internal.http.RealInterceptorChain.proceed(RealInterceptorChain.java:117)
08-05 11:41:14.986 29746 30704 E baseline.com.newsblur.network.APIResponse: 	at okhttp3.RealCall.getResponseWithInterceptorChain(RealCall.java:229)
08-05 11:41:14.986 29746 30704 E baseline.com.newsblur.network.APIResponse: 	at okhttp3.RealCall.execute(RealCall.java:81)
08-05 11:41:14.986 29746 30704 E baseline.com.newsblur.network.APIResponse: 	at baseline.com.newsblur.network.APIResponse.<init>(APIResponse.java:57)
08-05 11:41:14.986 29746 30704 E baseline.com.newsblur.network.APIResponse: 	at baseline.com.newsblur.network.APIResponse.<init>(APIResponse.java:43)
08-05 11:41:14.986 29746 30704 E baseline.com.newsblur.network.APIResponse: 	at baseline.com.newsblur.network.APIManager.post_single(APIManager.java:702)
08-05 11:41:14.986 29746 30704 E baseline.com.newsblur.network.APIResponse: 	at baseline.com.newsblur.network.APIManager.post(APIManager.java:675)
08-05 11:41:14.986 29746 30704 E baseline.com.newsblur.network.APIResponse: 	at baseline.com.newsblur.network.APIManager.post(APIManager.java:714)
08-05 11:41:14.986 29746 30704 E baseline.com.newsblur.network.APIResponse: 	at baseline.com.newsblur.network.APIManager.markStoryAsRead(APIManager.java:205)
08-05 11:41:14.986 29746 30704 E baseline.com.newsblur.network.APIResponse: 	at baseline.com.newsblur.util.ReadingAction.doRemote(ReadingAction.java:281)
08-05 11:41:14.986 29746 30704 E baseline.com.newsblur.network.APIResponse: 	at baseline.com.newsblur.service.NBSyncService.syncActions(NBSyncService.java:400)
08-05 11:41:14.986 29746 30704 E baseline.com.newsblur.network.APIResponse: 	at baseline.com.newsblur.service.NBSyncService.doSync(NBSyncService.java:298)
08-05 11:41:14.986 29746 30704 E baseline.com.newsblur.network.APIResponse: 	at baseline.com.newsblur.service.NBSyncService.access$100(NBSyncService.java:67)
08-05 11:41:14.986 29746 30704 E baseline.com.newsblur.network.APIResponse: 	at baseline.com.newsblur.service.NBSyncService$1.run(NBSyncService.java:188)
08-05 11:41:14.986 29746 30704 E baseline.com.newsblur.network.APIResponse: 	at java.util.concurrent.ThreadPoolExecutor.runWorker(ThreadPoolExecutor.java:1113)
08-05 11:41:14.986 29746 30704 E baseline.com.newsblur.network.APIResponse: 	at java.util.concurrent.ThreadPoolExecutor$Worker.run(ThreadPoolExecutor.java:588)
08-05 11:41:14.986 29746 30704 E baseline.com.newsblur.network.APIResponse: 	at java.lang.Thread.run(Thread.java:818)
08-05 11:41:14.986 29746 30704 E baseline.com.newsblur.network.APIResponse: Caused by: java.io.EOFException: \n not found: limit=0 content=
08-05 11:41:14.986 29746 30704 E baseline.com.newsblur.network.APIResponse: 	at okio.RealBufferedSource.readUtf8LineStrict(RealBufferedSource.java:240)
08-05 11:41:14.986 29746 30704 E baseline.com.newsblur.network.APIResponse: 	at okhttp3.internal.http1.Http1ExchangeCodec.readHeaderLine(Http1ExchangeCodec.java:242)
08-05 11:41:14.986 29746 30704 E baseline.com.newsblur.network.APIResponse: 	at okhttp3.internal.http1.Http1ExchangeCodec.readResponseHeaders(Http1ExchangeCodec.java:213)
08-05 11:41:14.986 29746 30704 E baseline.com.newsblur.network.APIResponse: 	... 30 more
08-05 11:41:14.987 29746 30704 I baseline.com.newsblur.service.NBSyncService: Holding reading action with server-side or network error.
08-05 11:41:14.991 29746 29759 I art     : Explicit concurrent mark sweep GC freed 11822(874KB) AllocSpace objects, 15(300KB) LOS objects, 29% free, 37MB/53MB, paused 972us total 25.455ms
08-05 11:41:14.994 29746 30704 W baseline.com.newsblur.service.NBSyncService: hard API failure
08-05 11:41:14.999 29746 29759 I art     : Starting a blocking GC Explicit
08-05 11:41:15.025 29746 29759 I art     : Explicit concurrent mark sweep GC freed 1050(121KB) AllocSpace objects, 2(40KB) LOS objects, 29% free, 37MB/53MB, paused 717us total 25.506ms
08-05 11:41:15.032 29746 29759 I art     : Starting a blocking GC Explicit
08-05 11:41:15.056 29746 29759 I art     : Explicit concurrent mark sweep GC freed 76(2896B) AllocSpace objects, 0(0B) LOS objects, 29% free, 37MB/53MB, paused 689us total 24.258ms
08-05 11:41:15.065 29746 29759 I art     : Starting a blocking GC Explicit
08-05 11:41:15.095 29746 29759 I art     : Explicit concurrent mark sweep GC freed 3(96B) AllocSpace objects, 0(0B) LOS objects, 29% free, 37MB/53MB, paused 792us total 30.118ms
08-05 11:41:15.103 29746 29759 I art     : Starting a blocking GC Explicit
08-05 11:41:15.133 29746 29759 I art     : Explicit concurrent mark sweep GC freed 3(96B) AllocSpace objects, 0(0B) LOS objects, 29% free, 37MB/53MB, paused 794us total 29.807ms
08-05 11:41:15.422 29746 29774 I art     : Starting a blocking GC Explicit
08-05 11:41:15.451 29746 29774 I art     : Explicit concurrent mark sweep GC freed 2726(136KB) AllocSpace objects, 1(20KB) LOS objects, 29% free, 37MB/53MB, paused 902us total 28.437ms
08-05 11:41:15.459 29746 29774 I art     : Starting a blocking GC Explicit
08-05 11:41:15.485 29746 29774 I art     : Explicit concurrent mark sweep GC freed 958(37KB) AllocSpace objects, 0(0B) LOS objects, 29% free, 37MB/53MB, paused 695us total 25.443ms
08-05 11:41:15.492 29746 29774 I art     : Starting a blocking GC Explicit
08-05 11:41:15.519 29746 29774 I art     : Explicit concurrent mark sweep GC freed 29(1040B) AllocSpace objects, 0(0B) LOS objects, 29% free, 37MB/53MB, paused 710us total 25.951ms
08-05 11:41:15.527 29746 29774 I art     : Starting a blocking GC Explicit
08-05 11:41:15.555 29746 29774 I art     : Explicit concurrent mark sweep GC freed 104(3KB) AllocSpace objects, 0(0B) LOS objects, 29% free, 37MB/53MB, paused 1.006ms total 28.049ms
08-05 11:41:15.563 29746 29774 I art     : Starting a blocking GC Explicit
08-05 11:41:15.590 29746 29774 I art     : Explicit concurrent mark sweep GC freed 70(2912B) AllocSpace objects, 0(0B) LOS objects, 29% free, 37MB/53MB, paused 687us total 26.078ms
08-05 11:41:15.592 29746 30704 E baseline.com.newsblur.network.APIResponse: Error (unexpected end of stream on https://www.newsblur.com/...) calling https://www.newsblur.com/reader/mark_story_hashes_as_read/
08-05 11:41:15.592 29746 30704 E baseline.com.newsblur.network.APIResponse: java.io.IOException: unexpected end of stream on https://www.newsblur.com/...
08-05 11:41:15.592 29746 30704 E baseline.com.newsblur.network.APIResponse: 	at okhttp3.internal.http1.Http1ExchangeCodec.readResponseHeaders(Http1ExchangeCodec.java:236)
08-05 11:41:15.592 29746 30704 E baseline.com.newsblur.network.APIResponse: 	at okhttp3.internal.connection.Exchange.readResponseHeaders(Exchange.java:115)
08-05 11:41:15.592 29746 30704 E baseline.com.newsblur.network.APIResponse: 	at okhttp3.internal.http.CallServerInterceptor.intercept(CallServerInterceptor.java:94)
08-05 11:41:15.592 29746 30704 E baseline.com.newsblur.network.APIResponse: 	at okhttp3.internal.http.RealInterceptorChain.proceed(RealInterceptorChain.java:142)
08-05 11:41:15.592 29746 30704 E baseline.com.newsblur.network.APIResponse: 	at okhttp3.internal.connection.ConnectInterceptor.intercept(ConnectInterceptor.java:43)
08-05 11:41:15.592 29746 30704 E baseline.com.newsblur.network.APIResponse: 	at okhttp3.internal.http.RealInterceptorChain.proceed(RealInterceptorChain.java:142)
08-05 11:41:15.592 29746 30704 E baseline.com.newsblur.network.APIResponse: 	at okhttp3.internal.http.RealInterceptorChain.proceed(RealInterceptorChain.java:117)
08-05 11:41:15.592 29746 30704 E baseline.com.newsblur.network.APIResponse: 	at okhttp3.internal.cache.CacheInterceptor.intercept(CacheInterceptor.java:94)
08-05 11:41:15.592 29746 30704 E baseline.com.newsblur.network.APIResponse: 	at okhttp3.internal.http.RealInterceptorChain.proceed(RealInterceptorChain.java:142)
08-05 11:41:15.592 29746 30704 E baseline.com.newsblur.network.APIResponse: 	at okhttp3.internal.http.RealInterceptorChain.proceed(RealInterceptorChain.java:117)
08-05 11:41:15.592 29746 30704 E baseline.com.newsblur.network.APIResponse: 	at okhttp3.internal.http.BridgeInterceptor.intercept(BridgeInterceptor.java:93)
08-05 11:41:15.592 29746 30704 E baseline.com.newsblur.network.APIResponse: 	at okhttp3.internal.http.RealInterceptorChain.proceed(RealInterceptorChain.java:142)
08-05 11:41:15.592 29746 30704 E baseline.com.newsblur.network.APIResponse: 	at okhttp3.internal.http.RetryAndFollowUpInterceptor.intercept(RetryAndFollowUpInterceptor.java:88)
08-05 11:41:15.592 29746 30704 E baseline.com.newsblur.network.APIResponse: 	at okhttp3.internal.http.RealInterceptorChain.proceed(RealInterceptorChain.java:142)
08-05 11:41:15.592 29746 30704 E baseline.com.newsblur.network.APIResponse: 	at okhttp3.internal.http.RealInterceptorChain.proceed(RealInterceptorChain.java:117)
08-05 11:41:15.592 29746 30704 E baseline.com.newsblur.network.APIResponse: 	at okhttp3.RealCall.getResponseWithInterceptorChain(RealCall.java:229)
08-05 11:41:15.592 29746 30704 E baseline.com.newsblur.network.APIResponse: 	at okhttp3.RealCall.execute(RealCall.java:81)
08-05 11:41:15.592 29746 30704 E baseline.com.newsblur.network.APIResponse: 	at baseline.com.newsblur.network.APIResponse.<init>(APIResponse.java:57)
08-05 11:41:15.592 29746 30704 E baseline.com.newsblur.network.APIResponse: 	at baseline.com.newsblur.network.APIResponse.<init>(APIResponse.java:43)
08-05 11:41:15.592 29746 30704 E baseline.com.newsblur.network.APIResponse: 	at baseline.com.newsblur.network.APIManager.post_single(APIManager.java:702)
08-05 11:41:15.592 29746 30704 E baseline.com.newsblur.network.APIResponse: 	at baseline.com.newsblur.network.APIManager.post(APIManager.java:675)
08-05 11:41:15.592 29746 30704 E baseline.com.newsblur.network.APIResponse: 	at baseline.com.newsblur.network.APIManager.post(APIManager.java:714)
08-05 11:41:15.592 29746 30704 E baseline.com.newsblur.network.APIResponse: 	at baseline.com.newsblur.network.APIManager.markStoryAsRead(APIManager.java:205)
08-05 11:41:15.592 29746 30704 E baseline.com.newsblur.network.APIResponse: 	at baseline.com.newsblur.util.ReadingAction.doRemote(ReadingAction.java:281)
08-05 11:41:15.592 29746 30704 E baseline.com.newsblur.network.APIResponse: 	at baseline.com.newsblur.service.NBSyncService.syncActions(NBSyncService.java:400)
08-05 11:41:15.592 29746 30704 E baseline.com.newsblur.network.APIResponse: 	at baseline.com.newsblur.service.NBSyncService.doSync(NBSyncService.java:298)
08-05 11:41:15.592 29746 30704 E baseline.com.newsblur.network.APIResponse: 	at baseline.com.newsblur.service.NBSyncService.access$100(NBSyncService.java:67)
08-05 11:41:15.592 29746 30704 E baseline.com.newsblur.network.APIResponse: 	at baseline.com.newsblur.service.NBSyncService$1.run(NBSyncService.java:188)
08-05 11:41:15.592 29746 30704 E baseline.com.newsblur.network.APIResponse: 	at java.util.concurrent.ThreadPoolExecutor.runWorker(ThreadPoolExecutor.java:1113)
08-05 11:41:15.592 29746 30704 E baseline.com.newsblur.network.APIResponse: 	at java.util.concurrent.ThreadPoolExecutor$Worker.run(ThreadPoolExecutor.java:588)
08-05 11:41:15.592 29746 30704 E baseline.com.newsblur.network.APIResponse: 	at java.lang.Thread.run(Thread.java:818)
08-05 11:41:15.592 29746 30704 E baseline.com.newsblur.network.APIResponse: Caused by: java.io.EOFException: \n not found: limit=0 content=
08-05 11:41:15.592 29746 30704 E baseline.com.newsblur.network.APIResponse: 	at okio.RealBufferedSource.readUtf8LineStrict(RealBufferedSource.java:240)
08-05 11:41:15.592 29746 30704 E baseline.com.newsblur.network.APIResponse: 	at okhttp3.internal.http1.Http1ExchangeCodec.readHeaderLine(Http1ExchangeCodec.java:242)
08-05 11:41:15.592 29746 30704 E baseline.com.newsblur.network.APIResponse: 	at okhttp3.internal.http1.Http1ExchangeCodec.readResponseHeaders(Http1ExchangeCodec.java:213)
08-05 11:41:15.592 29746 30704 E baseline.com.newsblur.network.APIResponse: 	... 30 more
08-05 11:41:15.593 29746 30704 I baseline.com.newsblur.network.APIManager: API call failed, pausing before retry number 1
08-05 11:41:15.897 29746 29774 I art     : Starting a blocking GC Explicit
08-05 11:41:15.928 29746 29774 I art     : Explicit concurrent mark sweep GC freed 2240(290KB) AllocSpace objects, 3(60KB) LOS objects, 29% free, 37MB/53MB, paused 822us total 30.881ms
08-05 11:41:15.937 29746 29774 I art     : Starting a blocking GC Explicit
08-05 11:41:15.965 29746 29774 I art     : Explicit concurrent mark sweep GC freed 71(2640B) AllocSpace objects, 0(0B) LOS objects, 29% free, 37MB/53MB, paused 727us total 27.518ms
08-05 11:41:15.972 29746 29774 I art     : Starting a blocking GC Explicit
08-05 11:41:15.999 29746 29774 I art     : Explicit concurrent mark sweep GC freed 6(192B) AllocSpace objects, 0(0B) LOS objects, 29% free, 37MB/53MB, paused 673us total 26.260ms
08-05 11:41:16.006 29746 29774 I art     : Starting a blocking GC Explicit
08-05 11:41:16.031 29746 29774 I art     : Explicit concurrent mark sweep GC freed 7(224B) AllocSpace objects, 0(0B) LOS objects, 29% free, 37MB/53MB, paused 713us total 24.872ms
08-05 11:41:16.038 29746 29774 I art     : Starting a blocking GC Explicit
08-05 11:41:16.063 29746 29774 I art     : Explicit concurrent mark sweep GC freed 7(224B) AllocSpace objects, 0(0B) LOS objects, 29% free, 37MB/53MB, paused 738us total 24.819ms
08-05 11:41:16.279 30890 30890 D AndroidRuntime: >>>>>> START com.android.internal.os.RuntimeInit uid 2000 <<<<<<
08-05 11:41:16.283 30890 30890 D AndroidRuntime: CheckJNI is OFF
08-05 11:41:16.307 30890 30890 D ICU     : No timezone override file found: /data/misc/zoneinfo/current/icu/icu_tzdata.dat
08-05 11:41:16.331 30890 30890 I Radio-JNI: register_android_hardware_Radio DONE
08-05 11:41:16.347 30890 30890 D AndroidRuntime: Calling main entry com.android.commands.input.Input
08-05 11:41:16.348 30890 30890 I Input   : injectMotionEvent: MotionEvent { action=ACTION_DOWN, actionButton=0, id[0]=0, x[0]=594.0, y[0]=330.0, toolType[0]=TOOL_TYPE_UNKNOWN, buttonState=0, metaState=0, flags=0x0, edgeFlags=0x0, pointerCount=1, historySize=0, eventTime=790892761, downTime=790892761, deviceId=0, source=0x1002 }
08-05 11:41:16.349 29746 29758 I art     : Starting a blocking GC Explicit
08-05 11:41:16.358 30890 30890 I Input   : injectMotionEvent: MotionEvent { action=ACTION_UP, actionButton=0, id[0]=0, x[0]=594.0, y[0]=330.0, toolType[0]=TOOL_TYPE_UNKNOWN, buttonState=0, metaState=0, flags=0x0, edgeFlags=0x0, pointerCount=1, historySize=0, eventTime=790892761, downTime=790892761, deviceId=0, source=0x1002 }
08-05 11:41:16.360 30890 30890 D AndroidRuntime: Shutting down VM
08-05 11:41:16.385 29746 29758 I art     : Explicit concurrent mark sweep GC freed 1538(86KB) AllocSpace objects, 1(20KB) LOS objects, 29% free, 37MB/53MB, paused 798us total 35.767ms
08-05 11:41:16.393 29746 29758 I art     : Starting a blocking GC Explicit
08-05 11:41:16.420 29746 29758 I art     : Explicit concurrent mark sweep GC freed 25(880B) AllocSpace objects, 0(0B) LOS objects, 29% free, 37MB/53MB, paused 846us total 26.702ms
08-05 11:41:16.426   918  3359 I ActivityManager: START u0 {cmp=baseline.com.newsblur/.activity.GlobalSharedStoriesItemsList (has extras)} from uid 10676 on display 0
08-05 11:41:16.428 29746 29758 I art     : Starting a blocking GC Explicit
08-05 11:41:16.449 29746 29975 I baseline.com.newsblur.database.BlurDatabaseHelper: reading session reset
08-05 11:41:16.458 29746 29758 I art     : Explicit concurrent mark sweep GC freed 825(117KB) AllocSpace objects, 4(80KB) LOS objects, 29% free, 37MB/53MB, paused 1.201ms total 29.941ms
08-05 11:41:16.467 29746 29758 I art     : Starting a blocking GC Explicit
08-05 11:41:16.471   518   646 I ThermalEngine: ACTION: GPU - Setting GPU[0] to 510000000
08-05 11:41:16.498 29746 29758 I art     : Explicit concurrent mark sweep GC freed 1107(55KB) AllocSpace objects, 1(112KB) LOS objects, 29% free, 37MB/53MB, paused 1.037ms total 30.509ms
08-05 11:41:16.507 29746 29758 I art     : Starting a blocking GC Explicit
08-05 11:41:16.540 29746 29758 I art     : Explicit concurrent mark sweep GC freed 112(7KB) AllocSpace objects, 0(0B) LOS objects, 29% free, 37MB/53MB, paused 1.068ms total 33.602ms
08-05 11:41:16.602 29746 29746 W View    : requestLayout() improperly called by android.widget.FrameLayout{82057a4 V.E...... ......ID 0,0-1440,18 #7f07003f app:id/footer_view_inner} during layout: running second layout pass
08-05 11:41:16.603 29746 29746 W View    : requestLayout() improperly called by android.widget.FrameLayout{d51790d V.E...... ......ID 0,0-1440,2091 #7f07003f app:id/footer_view_inner} during layout: running second layout pass
08-05 11:41:16.619   918   936 I ActivityManager: Displayed baseline.com.newsblur/.activity.GlobalSharedStoriesItemsList: +181ms
08-05 11:41:16.619 13866 13866 I GoogleInputMethodServic: GoogleInputMethodService.onFinishInput():3138 
08-05 11:41:16.620 13866 13866 I GoogleInputMethodServic: GoogleInputMethodService.onStartInput():1808 
08-05 11:41:16.812 29746 30914 I NAPPA_EXPERIMENTATION: MetricNetworkRequestExecutionTime: REQUEST_DURATION_SYSTEM='125',REQUEST_DURATION_OKHTTP='124',REQUEST_SYNCHRONOUS='TRUE',RESPONSE_CODE='200',RESPONSE_METHOD='GET',RESPONSE_LENGTH_OKHTTP='43',RESPONSE_LENGTH_HEADER='43',REQUEST_PROTOCOL='http/1.1',REQUEST_URL='http://feeds.feedburner.com/~r/retort/~4/UffaFMiJbNs',
08-05 11:41:16.826 29746 29759 I art     : Starting a blocking GC Explicit
08-05 11:41:16.862 29746 29759 I art     : Explicit concurrent mark sweep GC freed 4076(281KB) AllocSpace objects, 10(200KB) LOS objects, 29% free, 37MB/53MB, paused 1.023ms total 35.922ms
08-05 11:41:16.874 29746 29759 I art     : Starting a blocking GC Explicit
08-05 11:41:16.907 29746 29759 I art     : Explicit concurrent mark sweep GC freed 366(27KB) AllocSpace objects, 1(20KB) LOS objects, 29% free, 37MB/53MB, paused 901us total 32.236ms
08-05 11:41:16.916 29746 29759 I art     : Starting a blocking GC Explicit
08-05 11:41:16.947 29746 29759 I art     : Explicit concurrent mark sweep GC freed 10(384B) AllocSpace objects, 0(0B) LOS objects, 29% free, 37MB/53MB, paused 952us total 30.730ms
08-05 11:41:16.957 29746 29759 I art     : Starting a blocking GC Explicit
08-05 11:41:16.991 29746 29759 I art     : Explicit concurrent mark sweep GC freed 57(2336B) AllocSpace objects, 0(0B) LOS objects, 29% free, 37MB/53MB, paused 938us total 34.564ms
08-05 11:41:17.002 29746 29759 I art     : Starting a blocking GC Explicit
08-05 11:41:17.037 29746 29759 I art     : Explicit concurrent mark sweep GC freed 15(672B) AllocSpace objects, 0(0B) LOS objects, 29% free, 37MB/53MB, paused 1.035ms total 34.977ms
08-05 11:41:17.346 29746 29774 I art     : Starting a blocking GC Explicit
08-05 11:41:17.383 29746 29774 I art     : Explicit concurrent mark sweep GC freed 1740(97KB) AllocSpace objects, 1(20KB) LOS objects, 29% free, 37MB/53MB, paused 1.106ms total 37.374ms
08-05 11:41:17.394 29746 29774 I art     : Starting a blocking GC Explicit
08-05 11:41:17.431 29746 29774 I art     : Explicit concurrent mark sweep GC freed 80(2992B) AllocSpace objects, 0(0B) LOS objects, 29% free, 37MB/53MB, paused 1.079ms total 37.262ms
08-05 11:41:17.441 29746 29774 I art     : Starting a blocking GC Explicit
08-05 11:41:17.478 29746 29774 I art     : Explicit concurrent mark sweep GC freed 3(96B) AllocSpace objects, 0(0B) LOS objects, 29% free, 37MB/53MB, paused 1.121ms total 36.463ms
08-05 11:41:17.488 29746 29774 I art     : Starting a blocking GC Explicit
08-05 11:41:17.526 29746 29774 I art     : Explicit concurrent mark sweep GC freed 3(96B) AllocSpace objects, 0(0B) LOS objects, 29% free, 37MB/53MB, paused 1.288ms total 37.330ms
08-05 11:41:17.537 29746 29774 I art     : Starting a blocking GC Explicit
08-05 11:41:17.574 29746 29774 I art     : Explicit concurrent mark sweep GC freed 1695(66KB) AllocSpace objects, 0(0B) LOS objects, 29% free, 37MB/53MB, paused 1.115ms total 36.472ms
08-05 11:41:17.585 29746 30704 E baseline.com.newsblur.network.APIResponse: Error (unexpected end of stream on https://www.newsblur.com/...) calling https://www.newsblur.com/reader/mark_story_hashes_as_read/
08-05 11:41:17.585 29746 30704 E baseline.com.newsblur.network.APIResponse: java.io.IOException: unexpected end of stream on https://www.newsblur.com/...
08-05 11:41:17.585 29746 30704 E baseline.com.newsblur.network.APIResponse: 	at okhttp3.internal.http1.Http1ExchangeCodec.readResponseHeaders(Http1ExchangeCodec.java:236)
08-05 11:41:17.585 29746 30704 E baseline.com.newsblur.network.APIResponse: 	at okhttp3.internal.connection.Exchange.readResponseHeaders(Exchange.java:115)
08-05 11:41:17.585 29746 30704 E baseline.com.newsblur.network.APIResponse: 	at okhttp3.internal.http.CallServerInterceptor.intercept(CallServerInterceptor.java:94)
08-05 11:41:17.585 29746 30704 E baseline.com.newsblur.network.APIResponse: 	at okhttp3.internal.http.RealInterceptorChain.proceed(RealInterceptorChain.java:142)
08-05 11:41:17.585 29746 30704 E baseline.com.newsblur.network.APIResponse: 	at okhttp3.internal.connection.ConnectInterceptor.intercept(ConnectInterceptor.java:43)
08-05 11:41:17.585 29746 30704 E baseline.com.newsblur.network.APIResponse: 	at okhttp3.internal.http.RealInterceptorChain.proceed(RealInterceptorChain.java:142)
08-05 11:41:17.585 29746 30704 E baseline.com.newsblur.network.APIResponse: 	at okhttp3.internal.http.RealInterceptorChain.proceed(RealInterceptorChain.java:117)
08-05 11:41:17.585 29746 30704 E baseline.com.newsblur.network.APIResponse: 	at okhttp3.internal.cache.CacheInterceptor.intercept(CacheInterceptor.java:94)
08-05 11:41:17.585 29746 30704 E baseline.com.newsblur.network.APIResponse: 	at okhttp3.internal.http.RealInterceptorChain.proceed(RealInterceptorChain.java:142)
08-05 11:41:17.585 29746 30704 E baseline.com.newsblur.network.APIResponse: 	at okhttp3.internal.http.RealInterceptorChain.proceed(RealInterceptorChain.java:117)
08-05 11:41:17.585 29746 30704 E baseline.com.newsblur.network.APIResponse: 	at okhttp3.internal.http.BridgeInterceptor.intercept(BridgeInterceptor.java:93)
08-05 11:41:17.585 29746 30704 E baseline.com.newsblur.network.APIResponse: 	at okhttp3.internal.http.RealInterceptorChain.proceed(RealInterceptorChain.java:142)
08-05 11:41:17.585 29746 30704 E baseline.com.newsblur.network.APIResponse: 	at okhttp3.internal.http.RetryAndFollowUpInterceptor.intercept(RetryAndFollowUpInterceptor.java:88)
08-05 11:41:17.585 29746 30704 E baseline.com.newsblur.network.APIResponse: 	at okhttp3.internal.http.RealInterceptorChain.proceed(RealInterceptorChain.java:142)
08-05 11:41:17.585 29746 30704 E baseline.com.newsblur.network.APIResponse: 	at okhttp3.internal.http.RealInterceptorChain.proceed(RealInterceptorChain.java:117)
08-05 11:41:17.585 29746 30704 E baseline.com.newsblur.network.APIResponse: 	at okhttp3.RealCall.getResponseWithInterceptorChain(RealCall.java:229)
08-05 11:41:17.585 29746 30704 E baseline.com.newsblur.network.APIResponse: 	at okhttp3.RealCall.execute(RealCall.java:81)
08-05 11:41:17.585 29746 30704 E baseline.com.newsblur.network.APIResponse: 	at baseline.com.newsblur.network.APIResponse.<init>(APIResponse.java:57)
08-05 11:41:17.585 29746 30704 E baseline.com.newsblur.network.APIResponse: 	at baseline.com.newsblur.network.APIResponse.<init>(APIResponse.java:43)
08-05 11:41:17.585 29746 30704 E baseline.com.newsblur.network.APIResponse: 	at baseline.com.newsblur.network.APIManager.post_single(APIManager.java:702)
08-05 11:41:17.585 29746 30704 E baseline.com.newsblur.network.APIResponse: 	at baseline.com.newsblur.network.APIManager.post(APIManager.java:675)
08-05 11:41:17.585 29746 30704 E baseline.com.newsblur.network.APIResponse: 	at baseline.com.newsblur.network.APIManager.post(APIManager.java:714)
08-05 11:41:17.585 29746 30704 E baseline.com.newsblur.network.APIResponse: 	at baseline.com.newsblur.network.APIManager.markStoryAsRead(APIManager.java:205)
08-05 11:41:17.585 29746 30704 E baseline.com.newsblur.network.APIResponse: 	at baseline.com.newsblur.util.ReadingAction.doRemote(ReadingAction.java:281)
08-05 11:41:17.585 29746 30704 E baseline.com.newsblur.network.APIResponse: 	at baseline.com.newsblur.service.NBSyncService.syncActions(NBSyncService.java:400)
08-05 11:41:17.585 29746 30704 E baseline.com.newsblur.network.APIResponse: 	at baseline.com.newsblur.service.NBSyncService.doSync(NBSyncService.java:298)
08-05 11:41:17.585 29746 30704 E baseline.com.newsblur.network.APIResponse: 	at baseline.com.newsblur.service.NBSyncService.access$100(NBSyncService.java:67)
08-05 11:41:17.585 29746 30704 E baseline.com.newsblur.network.APIResponse: 	at baseline.com.newsblur.service.NBSyncService$1.run(NBSyncService.java:188)
08-05 11:41:17.585 29746 30704 E baseline.com.newsblur.network.APIResponse: 	at java.util.concurrent.ThreadPoolExecutor.runWorker(ThreadPoolExecutor.java:1113)
08-05 11:41:17.585 29746 30704 E baseline.com.newsblur.network.APIResponse: 	at java.util.concurrent.ThreadPoolExecutor$Worker.run(ThreadPoolExecutor.java:588)
08-05 11:41:17.585 29746 30704 E baseline.com.newsblur.network.APIResponse: 	at java.lang.Thread.run(Thread.java:818)
08-05 11:41:17.585 29746 30704 E baseline.com.newsblur.network.APIResponse: Caused by: java.io.EOFException: \n not found: limit=0 content=
08-05 11:41:17.585 29746 30704 E baseline.com.newsblur.network.APIResponse: 	at okio.RealBufferedSource.readUtf8LineStrict(RealBufferedSource.java:240)
08-05 11:41:17.585 29746 30704 E baseline.com.newsblur.network.APIResponse: 	at okhttp3.internal.http1.Http1ExchangeCodec.readHeaderLine(Http1ExchangeCodec.java:242)
08-05 11:41:17.585 29746 30704 E baseline.com.newsblur.network.APIResponse: 	at okhttp3.internal.http1.Http1ExchangeCodec.readResponseHeaders(Http1ExchangeCodec.java:213)
08-05 11:41:17.585 29746 30704 E baseline.com.newsblur.network.APIResponse: 	... 30 more
08-05 11:41:17.586 29746 30704 I baseline.com.newsblur.network.APIManager: API call failed, pausing before retry number 2
08-05 11:41:17.907 29746 29759 I art     : Starting a blocking GC Explicit
08-05 11:41:17.950 29746 29759 I art     : Explicit concurrent mark sweep GC freed 2330(293KB) AllocSpace objects, 3(60KB) LOS objects, 29% free, 37MB/53MB, paused 1.591ms total 42.695ms
08-05 11:41:17.961 29746 29759 I art     : Starting a blocking GC Explicit
08-05 11:41:18.000 29746 29759 I art     : Explicit concurrent mark sweep GC freed 72(2672B) AllocSpace objects, 0(0B) LOS objects, 29% free, 37MB/53MB, paused 1.055ms total 38.931ms
08-05 11:41:18.010 29746 29759 I art     : Starting a blocking GC Explicit
08-05 11:41:18.046 29746 29759 I art     : Explicit concurrent mark sweep GC freed 4(128B) AllocSpace objects, 0(0B) LOS objects, 29% free, 37MB/53MB, paused 911us total 35.254ms
08-05 11:41:18.057 29746 29759 I art     : Starting a blocking GC Explicit
08-05 11:41:18.092 29746 29759 I art     : Explicit concurrent mark sweep GC freed 3(96B) AllocSpace objects, 0(0B) LOS objects, 29% free, 37MB/53MB, paused 1.148ms total 35.445ms
08-05 11:41:18.102 29746 29759 I art     : Starting a blocking GC Explicit
08-05 11:41:18.138 29746 29759 I art     : Explicit concurrent mark sweep GC freed 3(96B) AllocSpace objects, 0(0B) LOS objects, 29% free, 37MB/53MB, paused 1.064ms total 35.555ms
08-05 11:41:18.479 29746 29758 I art     : Starting a blocking GC Explicit
08-05 11:41:18.516 29746 29758 I art     : Explicit concurrent mark sweep GC freed 1441(83KB) AllocSpace objects, 1(20KB) LOS objects, 29% free, 37MB/53MB, paused 991us total 36.932ms
08-05 11:41:18.526 29746 29758 I art     : Starting a blocking GC Explicit
08-05 11:41:18.562 29746 29758 I art     : Explicit concurrent mark sweep GC freed 22(784B) AllocSpace objects, 0(0B) LOS objects, 29% free, 37MB/53MB, paused 1.201ms total 35.687ms
08-05 11:41:18.573 29746 29758 I art     : Starting a blocking GC Explicit
08-05 11:41:18.608 29746 29758 I art     : Explicit concurrent mark sweep GC freed 3(96B) AllocSpace objects, 0(0B) LOS objects, 29% free, 37MB/53MB, paused 1.052ms total 35.355ms
08-05 11:41:18.618 29746 29758 I art     : Starting a blocking GC Explicit
08-05 11:41:18.656 29746 29758 I art     : Explicit concurrent mark sweep GC freed 3(96B) AllocSpace objects, 0(0B) LOS objects, 29% free, 37MB/53MB, paused 1.054ms total 37.374ms
08-05 11:41:18.667 29746 29758 I art     : Starting a blocking GC Explicit
08-05 11:41:18.704 29746 29758 I art     : Explicit concurrent mark sweep GC freed 3(96B) AllocSpace objects, 0(0B) LOS objects, 29% free, 37MB/53MB, paused 1.053ms total 37.339ms
08-05 11:41:18.767   918  1210 D NetlinkSocketObserver: NeighborEvent{elapsedMs=1774282642, 192.168.2.254, [7C3953A63323], RTM_NEWNEIGH, NUD_PROBE}
08-05 11:41:19.053 29746 29774 I art     : Starting a blocking GC Explicit
08-05 11:41:19.092 29746 29774 I art     : Explicit concurrent mark sweep GC freed 1441(83KB) AllocSpace objects, 1(20KB) LOS objects, 29% free, 37MB/53MB, paused 1.055ms total 38.572ms
08-05 11:41:19.105 29746 29774 I art     : Starting a blocking GC Explicit
08-05 11:41:19.142 29746 29774 I art     : Explicit concurrent mark sweep GC freed 22(784B) AllocSpace objects, 0(0B) LOS objects, 29% free, 37MB/53MB, paused 1.211ms total 37.194ms
08-05 11:41:19.142 29746 29757 I art     : WaitForGcToComplete blocked for 13.909ms for cause HeapTrim
08-05 11:41:19.152 29746 29774 I art     : Starting a blocking GC Explicit
08-05 11:41:19.188 29746 29774 I art     : Explicit concurrent mark sweep GC freed 3(96B) AllocSpace objects, 0(0B) LOS objects, 29% free, 37MB/53MB, paused 1.033ms total 35.782ms
08-05 11:41:19.199 29746 29774 I art     : Starting a blocking GC Explicit
08-05 11:41:19.235 29746 29774 I art     : Explicit concurrent mark sweep GC freed 3(96B) AllocSpace objects, 0(0B) LOS objects, 29% free, 37MB/53MB, paused 1.071ms total 36.615ms
08-05 11:41:19.246 29746 29774 I art     : Starting a blocking GC Explicit
08-05 11:41:19.284 29746 29774 I art     : Explicit concurrent mark sweep GC freed 3(96B) AllocSpace objects, 0(0B) LOS objects, 29% free, 37MB/53MB, paused 1.050ms total 37.638ms
08-05 11:41:19.646 29746 29759 I art     : Starting a blocking GC Explicit
08-05 11:41:19.685 29746 29759 I art     : Explicit concurrent mark sweep GC freed 1439(84KB) AllocSpace objects, 1(20KB) LOS objects, 29% free, 37MB/53MB, paused 1.047ms total 38.546ms
08-05 11:41:19.700 29746 29759 I art     : Starting a blocking GC Explicit
08-05 11:41:19.735 29746 29759 I art     : Explicit concurrent mark sweep GC freed 22(784B) AllocSpace objects, 0(0B) LOS objects, 29% free, 37MB/53MB, paused 1.014ms total 34.905ms
08-05 11:41:19.745 29746 29759 I art     : Starting a blocking GC Explicit
08-05 11:41:19.780 29746 29759 I art     : Explicit concurrent mark sweep GC freed 3(96B) AllocSpace objects, 0(0B) LOS objects, 29% free, 37MB/53MB, paused 1.015ms total 35.262ms
08-05 11:41:19.790 29746 29759 I art     : Starting a blocking GC Explicit
08-05 11:41:19.825 29746 29759 I art     : Explicit concurrent mark sweep GC freed 3(96B) AllocSpace objects, 0(0B) LOS objects, 29% free, 37MB/53MB, paused 1.023ms total 34.656ms
08-05 11:41:19.835 29746 29759 I art     : Starting a blocking GC Explicit
08-05 11:41:19.870 29746 29759 I art     : Explicit concurrent mark sweep GC freed 3(96B) AllocSpace objects, 0(0B) LOS objects, 29% free, 37MB/53MB, paused 1.007ms total 35.530ms
08-05 11:41:20.226 29746 29758 I art     : Starting a blocking GC Explicit
08-05 11:41:20.265 29746 29758 I art     : Explicit concurrent mark sweep GC freed 1438(82KB) AllocSpace objects, 1(20KB) LOS objects, 29% free, 37MB/53MB, paused 1.046ms total 38.601ms
08-05 11:41:20.278 29746 29758 I art     : Starting a blocking GC Explicit
08-05 11:41:20.314 29746 29758 I art     : Explicit concurrent mark sweep GC freed 22(784B) AllocSpace objects, 0(0B) LOS objects, 29% free, 37MB/53MB, paused 1.054ms total 36.262ms
08-05 11:41:20.324 29746 29758 I art     : Starting a blocking GC Explicit
08-05 11:41:20.361 29746 29758 I art     : Explicit concurrent mark sweep GC freed 3(96B) AllocSpace objects, 0(0B) LOS objects, 29% free, 37MB/53MB, paused 1.021ms total 36.665ms
08-05 11:41:20.372 29746 29758 I art     : Starting a blocking GC Explicit
08-05 11:41:20.409 29746 29758 I art     : Explicit concurrent mark sweep GC freed 3(96B) AllocSpace objects, 0(0B) LOS objects, 29% free, 37MB/53MB, paused 1.014ms total 36.904ms
08-05 11:41:20.420 29746 29758 I art     : Starting a blocking GC Explicit
08-05 11:41:20.456 29746 29758 I art     : Explicit concurrent mark sweep GC freed 3(96B) AllocSpace objects, 0(0B) LOS objects, 29% free, 37MB/53MB, paused 1.046ms total 36.495ms
08-05 11:41:20.478   518   646 I ThermalEngine: ACTION: GPU - Setting GPU[0] to 600000000
08-05 11:41:20.784 29746 29774 I art     : Starting a blocking GC Explicit
08-05 11:41:20.817 29746 29774 I art     : Explicit concurrent mark sweep GC freed 1604(91KB) AllocSpace objects, 1(20KB) LOS objects, 29% free, 37MB/53MB, paused 827us total 32.585ms
08-05 11:41:20.829 29746 29774 I art     : Starting a blocking GC Explicit
08-05 11:41:20.858 29746 29774 I art     : Explicit concurrent mark sweep GC freed 28(1040B) AllocSpace objects, 0(0B) LOS objects, 29% free, 37MB/53MB, paused 831us total 28.668ms
08-05 11:41:20.866 29746 29774 I art     : Starting a blocking GC Explicit
08-05 11:41:20.894 29746 29774 I art     : Explicit concurrent mark sweep GC freed 3(96B) AllocSpace objects, 0(0B) LOS objects, 29% free, 37MB/53MB, paused 796us total 27.825ms
08-05 11:41:20.902 29746 29774 I art     : Starting a blocking GC Explicit
08-05 11:41:20.930 29746 29774 I art     : Explicit concurrent mark sweep GC freed 3(96B) AllocSpace objects, 0(0B) LOS objects, 29% free, 37MB/53MB, paused 803us total 28.483ms
08-05 11:41:20.938 29746 29774 I art     : Starting a blocking GC Explicit
08-05 11:41:20.967 29746 29774 I art     : Explicit concurrent mark sweep GC freed 3(96B) AllocSpace objects, 0(0B) LOS objects, 29% free, 37MB/53MB, paused 837us total 28.801ms
08-05 11:41:21.151 29746 30704 E baseline.com.newsblur.network.APIResponse: Error (unexpected end of stream on https://www.newsblur.com/...) calling https://www.newsblur.com/reader/mark_story_hashes_as_read/
08-05 11:41:21.151 29746 30704 E baseline.com.newsblur.network.APIResponse: java.io.IOException: unexpected end of stream on https://www.newsblur.com/...
08-05 11:41:21.151 29746 30704 E baseline.com.newsblur.network.APIResponse: 	at okhttp3.internal.http1.Http1ExchangeCodec.readResponseHeaders(Http1ExchangeCodec.java:236)
08-05 11:41:21.151 29746 30704 E baseline.com.newsblur.network.APIResponse: 	at okhttp3.internal.connection.Exchange.readResponseHeaders(Exchange.java:115)
08-05 11:41:21.151 29746 30704 E baseline.com.newsblur.network.APIResponse: 	at okhttp3.internal.http.CallServerInterceptor.intercept(CallServerInterceptor.java:94)
08-05 11:41:21.151 29746 30704 E baseline.com.newsblur.network.APIResponse: 	at okhttp3.internal.http.RealInterceptorChain.proceed(RealInterceptorChain.java:142)
08-05 11:41:21.151 29746 30704 E baseline.com.newsblur.network.APIResponse: 	at okhttp3.internal.connection.ConnectInterceptor.intercept(ConnectInterceptor.java:43)
08-05 11:41:21.151 29746 30704 E baseline.com.newsblur.network.APIResponse: 	at okhttp3.internal.http.RealInterceptorChain.proceed(RealInterceptorChain.java:142)
08-05 11:41:21.151 29746 30704 E baseline.com.newsblur.network.APIResponse: 	at okhttp3.internal.http.RealInterceptorChain.proceed(RealInterceptorChain.java:117)
08-05 11:41:21.151 29746 30704 E baseline.com.newsblur.network.APIResponse: 	at okhttp3.internal.cache.CacheInterceptor.intercept(CacheInterceptor.java:94)
08-05 11:41:21.151 29746 30704 E baseline.com.newsblur.network.APIResponse: 	at okhttp3.internal.http.RealInterceptorChain.proceed(RealInterceptorChain.java:142)
08-05 11:41:21.151 29746 30704 E baseline.com.newsblur.network.APIResponse: 	at okhttp3.internal.http.RealInterceptorChain.proceed(RealInterceptorChain.java:117)
08-05 11:41:21.151 29746 30704 E baseline.com.newsblur.network.APIResponse: 	at okhttp3.internal.http.BridgeInterceptor.intercept(BridgeInterceptor.java:93)
08-05 11:41:21.151 29746 30704 E baseline.com.newsblur.network.APIResponse: 	at okhttp3.internal.http.RealInterceptorChain.proceed(RealInterceptorChain.java:142)
08-05 11:41:21.151 29746 30704 E baseline.com.newsblur.network.APIResponse: 	at okhttp3.internal.http.RetryAndFollowUpInterceptor.intercept(RetryAndFollowUpInterceptor.java:88)
08-05 11:41:21.151 29746 30704 E baseline.com.newsblur.network.APIResponse: 	at okhttp3.internal.http.RealInterceptorChain.proceed(RealInterceptorChain.java:142)
08-05 11:41:21.151 29746 30704 E baseline.com.newsblur.network.APIResponse: 	at okhttp3.internal.http.RealInterceptorChain.proceed(RealInterceptorChain.java:117)
08-05 11:41:21.151 29746 30704 E baseline.com.newsblur.network.APIResponse: 	at okhttp3.RealCall.getResponseWithInterceptorChain(RealCall.java:229)
08-05 11:41:21.151 29746 30704 E baseline.com.newsblur.network.APIResponse: 	at okhttp3.RealCall.execute(RealCall.java:81)
08-05 11:41:21.151 29746 30704 E baseline.com.newsblur.network.APIResponse: 	at baseline.com.newsblur.network.APIResponse.<init>(APIResponse.java:57)
08-05 11:41:21.151 29746 30704 E baseline.com.newsblur.network.APIResponse: 	at baseline.com.newsblur.network.APIResponse.<init>(APIResponse.java:43)
08-05 11:41:21.151 29746 30704 E baseline.com.newsblur.network.APIResponse: 	at baseline.com.newsblur.network.APIManager.post_single(APIManager.java:702)
08-05 11:41:21.151 29746 30704 E baseline.com.newsblur.network.APIResponse: 	at baseline.com.newsblur.network.APIManager.post(APIManager.java:675)
08-05 11:41:21.151 29746 30704 E baseline.com.newsblur.network.APIResponse: 	at baseline.com.newsblur.network.APIManager.post(APIManager.java:714)
08-05 11:41:21.151 29746 30704 E baseline.com.newsblur.network.APIResponse: 	at baseline.com.newsblur.network.APIManager.markStoryAsRead(APIManager.java:205)
08-05 11:41:21.151 29746 30704 E baseline.com.newsblur.network.APIResponse: 	at baseline.com.newsblur.util.ReadingAction.doRemote(ReadingAction.java:281)
08-05 11:41:21.151 29746 30704 E baseline.com.newsblur.network.APIResponse: 	at baseline.com.newsblur.service.NBSyncService.syncActions(NBSyncService.java:400)
08-05 11:41:21.151 29746 30704 E baseline.com.newsblur.network.APIResponse: 	at baseline.com.newsblur.service.NBSyncService.doSync(NBSyncService.java:298)
08-05 11:41:21.151 29746 30704 E baseline.com.newsblur.network.APIResponse: 	at baseline.com.newsblur.service.NBSyncService.access$100(NBSyncService.java:67)
08-05 11:41:21.151 29746 30704 E baseline.com.newsblur.network.APIResponse: 	at baseline.com.newsblur.service.NBSyncService$1.run(NBSyncService.java:188)
08-05 11:41:21.151 29746 30704 E baseline.com.newsblur.network.APIResponse: 	at java.util.concurrent.ThreadPoolExecutor.runWorker(ThreadPoolExecutor.java:1113)
08-05 11:41:21.151 29746 30704 E baseline.com.newsblur.network.APIResponse: 	at java.util.concurrent.ThreadPoolExecutor$Worker.run(ThreadPoolExecutor.java:588)
08-05 11:41:21.151 29746 30704 E baseline.com.newsblur.network.APIResponse: 	at java.lang.Thread.run(Thread.java:818)
08-05 11:41:21.151 29746 30704 E baseline.com.newsblur.network.APIResponse: Caused by: java.io.EOFException: \n not found: limit=0 content=
08-05 11:41:21.151 29746 30704 E baseline.com.newsblur.network.APIResponse: 	at okio.RealBufferedSource.readUtf8LineStrict(RealBufferedSource.java:240)
08-05 11:41:21.151 29746 30704 E baseline.com.newsblur.network.APIResponse: 	at okhttp3.internal.http1.Http1ExchangeCodec.readHeaderLine(Http1ExchangeCodec.java:242)
08-05 11:41:21.151 29746 30704 E baseline.com.newsblur.network.APIResponse: 	at okhttp3.internal.http1.Http1ExchangeCodec.readResponseHeaders(Http1ExchangeCodec.java:213)
08-05 11:41:21.151 29746 30704 E baseline.com.newsblur.network.APIResponse: 	... 30 more
08-05 11:41:21.152 29746 30704 I baseline.com.newsblur.service.NBSyncService: Holding reading action with server-side or network error.
08-05 11:41:21.164 29746 30704 W baseline.com.newsblur.service.NBSyncService: hard API failure
08-05 11:41:21.172 29746 30704 I baseline.com.newsblur.service.NBSyncService: recounting dirty feed sets: 1
08-05 11:41:21.284 29746 29759 I art     : Starting a blocking GC Explicit
08-05 11:41:21.315 29746 29759 I art     : Explicit concurrent mark sweep GC freed 4774(428KB) AllocSpace objects, 5(100KB) LOS objects, 29% free, 37MB/53MB, paused 833us total 31.255ms
08-05 11:41:21.324 29746 29759 I art     : Starting a blocking GC Explicit
08-05 11:41:21.352 29746 29759 I art     : Explicit concurrent mark sweep GC freed 282(10KB) AllocSpace objects, 0(0B) LOS objects, 29% free, 37MB/53MB, paused 767us total 27.790ms
08-05 11:41:21.359 29746 29759 I art     : Starting a blocking GC Explicit
08-05 11:41:21.387 29746 29759 I art     : Explicit concurrent mark sweep GC freed 3(96B) AllocSpace objects, 0(0B) LOS objects, 29% free, 37MB/53MB, paused 797us total 27.220ms
08-05 11:41:21.394 29746 29759 I art     : Starting a blocking GC Explicit
08-05 11:41:21.424 29746 29759 I art     : Explicit concurrent mark sweep GC freed 3(96B) AllocSpace objects, 0(0B) LOS objects, 29% free, 37MB/53MB, paused 792us total 29.016ms
08-05 11:41:21.432 29746 29759 I art     : Starting a blocking GC Explicit
08-05 11:41:21.461 29746 29759 I art     : Explicit concurrent mark sweep GC freed 3(96B) AllocSpace objects, 0(0B) LOS objects, 29% free, 37MB/53MB, paused 769us total 29.382ms
08-05 11:41:21.666 29746 30704 E baseline.com.newsblur.network.APIResponse: Error (unexpected end of stream on https://www.newsblur.com/...) calling https://www.newsblur.com/reader/feed_unread_count?feed_id=0
08-05 11:41:21.666 29746 30704 E baseline.com.newsblur.network.APIResponse: java.io.IOException: unexpected end of stream on https://www.newsblur.com/...
08-05 11:41:21.666 29746 30704 E baseline.com.newsblur.network.APIResponse: 	at okhttp3.internal.http1.Http1ExchangeCodec.readResponseHeaders(Http1ExchangeCodec.java:236)
08-05 11:41:21.666 29746 30704 E baseline.com.newsblur.network.APIResponse: 	at okhttp3.internal.connection.Exchange.readResponseHeaders(Exchange.java:115)
08-05 11:41:21.666 29746 30704 E baseline.com.newsblur.network.APIResponse: 	at okhttp3.internal.http.CallServerInterceptor.intercept(CallServerInterceptor.java:94)
08-05 11:41:21.666 29746 30704 E baseline.com.newsblur.network.APIResponse: 	at okhttp3.internal.http.RealInterceptorChain.proceed(RealInterceptorChain.java:142)
08-05 11:41:21.666 29746 30704 E baseline.com.newsblur.network.APIResponse: 	at okhttp3.internal.connection.ConnectInterceptor.intercept(ConnectInterceptor.java:43)
08-05 11:41:21.666 29746 30704 E baseline.com.newsblur.network.APIResponse: 	at okhttp3.internal.http.RealInterceptorChain.proceed(RealInterceptorChain.java:142)
08-05 11:41:21.666 29746 30704 E baseline.com.newsblur.network.APIResponse: 	at okhttp3.internal.http.RealInterceptorChain.proceed(RealInterceptorChain.java:117)
08-05 11:41:21.666 29746 30704 E baseline.com.newsblur.network.APIResponse: 	at okhttp3.internal.cache.CacheInterceptor.intercept(CacheInterceptor.java:94)
08-05 11:41:21.666 29746 30704 E baseline.com.newsblur.network.APIResponse: 	at okhttp3.internal.http.RealInterceptorChain.proceed(RealInterceptorChain.java:142)
08-05 11:41:21.666 29746 30704 E baseline.com.newsblur.network.APIResponse: 	at okhttp3.internal.http.RealInterceptorChain.proceed(RealInterceptorChain.java:117)
08-05 11:41:21.666 29746 30704 E baseline.com.newsblur.network.APIResponse: 	at okhttp3.internal.http.BridgeInterceptor.intercept(BridgeInterceptor.java:93)
08-05 11:41:21.666 29746 30704 E baseline.com.newsblur.network.APIResponse: 	at okhttp3.internal.http.RealInterceptorChain.proceed(RealInterceptorChain.java:142)
08-05 11:41:21.666 29746 30704 E baseline.com.newsblur.network.APIResponse: 	at okhttp3.internal.http.RetryAndFollowUpInterceptor.intercept(RetryAndFollowUpInterceptor.java:88)
08-05 11:41:21.666 29746 30704 E baseline.com.newsblur.network.APIResponse: 	at okhttp3.internal.http.RealInterceptorChain.proceed(RealInterceptorChain.java:142)
08-05 11:41:21.666 29746 30704 E baseline.com.newsblur.network.APIResponse: 	at okhttp3.internal.http.RealInterceptorChain.proceed(RealInterceptorChain.java:117)
08-05 11:41:21.666 29746 30704 E baseline.com.newsblur.network.APIResponse: 	at okhttp3.RealCall.getResponseWithInterceptorChain(RealCall.java:229)
08-05 11:41:21.666 29746 30704 E baseline.com.newsblur.network.APIResponse: 	at okhttp3.RealCall.execute(RealCall.java:81)
08-05 11:41:21.666 29746 30704 E baseline.com.newsblur.network.APIResponse: 	at baseline.com.newsblur.network.APIResponse.<init>(APIResponse.java:57)
08-05 11:41:21.666 29746 30704 E baseline.com.newsblur.network.APIResponse: 	at baseline.com.newsblur.network.APIManager.get_single(APIManager.java:639)
08-05 11:41:21.666 29746 30704 E baseline.com.newsblur.network.APIResponse: 	at baseline.com.newsblur.network.APIManager.get(APIManager.java:625)
08-05 11:41:21.666 29746 30704 E baseline.com.newsblur.network.APIResponse: 	at baseline.com.newsblur.network.APIManager.get(APIManager.java:667)
08-05 11:41:21.666 29746 30704 E baseline.com.newsblur.network.APIResponse: 	at baseline.com.newsblur.network.APIManager.getFeedUnreadCounts(APIManager.java:274)
08-05 11:41:21.666 29746 30704 E baseline.com.newsblur.network.APIResponse: 	at baseline.com.newsblur.service.NBSyncService.checkRecounts(NBSyncService.java:660)
08-05 11:41:21.666 29746 30704 E baseline.com.newsblur.network.APIResponse: 	at baseline.com.newsblur.service.NBSyncService.doSync(NBSyncService.java:310)
08-05 11:41:21.666 29746 30704 E baseline.com.newsblur.network.APIResponse: 	at baseline.com.newsblur.service.NBSyncService.access$100(NBSyncService.java:67)
08-05 11:41:21.666 29746 30704 E baseline.com.newsblur.network.APIResponse: 	at baseline.com.newsblur.service.NBSyncService$1.run(NBSyncService.java:188)
08-05 11:41:21.666 29746 30704 E baseline.com.newsblur.network.APIResponse: 	at java.util.concurrent.ThreadPoolExecutor.runWorker(ThreadPoolExecutor.java:1113)
08-05 11:41:21.666 29746 30704 E baseline.com.newsblur.network.APIResponse: 	at java.util.concurrent.ThreadPoolExecutor$Worker.run(ThreadPoolExecutor.java:588)
08-05 11:41:21.666 29746 30704 E baseline.com.newsblur.network.APIResponse: 	at java.lang.Thread.run(Thread.java:818)
08-05 11:41:21.666 29746 30704 E baseline.com.newsblur.network.APIResponse: Caused by: java.io.EOFException: \n not found: limit=0 content=
08-05 11:41:21.666 29746 30704 E baseline.com.newsblur.network.APIResponse: 	at okio.RealBufferedSource.readUtf8LineStrict(RealBufferedSource.java:240)
08-05 11:41:21.666 29746 30704 E baseline.com.newsblur.network.APIResponse: 	at okhttp3.internal.http1.Http1ExchangeCodec.readHeaderLine(Http1ExchangeCodec.java:242)
08-05 11:41:21.666 29746 30704 E baseline.com.newsblur.network.APIResponse: 	at okhttp3.internal.http1.Http1ExchangeCodec.readResponseHeaders(Http1ExchangeCodec.java:213)
08-05 11:41:21.666 29746 30704 E baseline.com.newsblur.network.APIResponse: 	... 28 more
08-05 11:41:21.668 29746 30704 I baseline.com.newsblur.network.APIManager: API call failed, pausing before retry number 1
08-05 11:41:21.784 29746 29758 I art     : Starting a blocking GC Explicit
08-05 11:41:21.816 29746 29758 I art     : Explicit concurrent mark sweep GC freed 3933(355KB) AllocSpace objects, 3(60KB) LOS objects, 29% free, 37MB/53MB, paused 816us total 31.634ms
08-05 11:41:21.824 29746 29758 I art     : Starting a blocking GC Explicit
08-05 11:41:21.853 29746 29758 I art     : Explicit concurrent mark sweep GC freed 109(3KB) AllocSpace objects, 0(0B) LOS objects, 29% free, 37MB/53MB, paused 760us total 28.420ms
08-05 11:41:21.861 29746 29758 I art     : Starting a blocking GC Explicit
08-05 11:41:21.890 29746 29758 I art     : Explicit concurrent mark sweep GC freed 3(96B) AllocSpace objects, 0(0B) LOS objects, 29% free, 37MB/53MB, paused 766us total 28.746ms
08-05 11:41:21.898 29746 29758 I art     : Starting a blocking GC Explicit
08-05 11:41:21.927 29746 29758 I art     : Explicit concurrent mark sweep GC freed 3(96B) AllocSpace objects, 0(0B) LOS objects, 29% free, 37MB/53MB, paused 861us total 29.560ms
08-05 11:41:21.935 29746 29758 I art     : Starting a blocking GC Explicit
08-05 11:41:21.965 29746 29758 I art     : Explicit concurrent mark sweep GC freed 3(96B) AllocSpace objects, 0(0B) LOS objects, 29% free, 37MB/53MB, paused 790us total 29.639ms
08-05 11:41:22.282 29746 29758 I art     : Starting a blocking GC Explicit
08-05 11:41:22.312 29746 29758 I art     : Explicit concurrent mark sweep GC freed 1515(100KB) AllocSpace objects, 2(40KB) LOS objects, 29% free, 37MB/53MB, paused 844us total 29.268ms
08-05 11:41:22.320 29746 29758 I art     : Starting a blocking GC Explicit
08-05 11:41:22.349 29746 29758 I art     : Explicit concurrent mark sweep GC freed 29(1072B) AllocSpace objects, 0(0B) LOS objects, 29% free, 37MB/53MB, paused 801us total 29.309ms
08-05 11:41:22.357 29746 29758 I art     : Starting a blocking GC Explicit
08-05 11:41:22.386 29746 29758 I art     : Explicit concurrent mark sweep GC freed 3(96B) AllocSpace objects, 0(0B) LOS objects, 29% free, 37MB/53MB, paused 770us total 28.553ms
08-05 11:41:22.394 29746 29758 I art     : Starting a blocking GC Explicit
08-05 11:41:22.423 29746 29758 I art     : Explicit concurrent mark sweep GC freed 3(96B) AllocSpace objects, 0(0B) LOS objects, 29% free, 37MB/53MB, paused 772us total 28.654ms
08-05 11:41:22.431 29746 29758 I art     : Starting a blocking GC Explicit
08-05 11:41:22.460 29746 29758 I art     : Explicit concurrent mark sweep GC freed 3(96B) AllocSpace objects, 0(0B) LOS objects, 29% free, 37MB/53MB, paused 760us total 28.794ms
08-05 11:41:22.812 29746 29774 I art     : Starting a blocking GC Explicit
08-05 11:41:22.846 29746 29774 I art     : Explicit concurrent mark sweep GC freed 1438(82KB) AllocSpace objects, 1(20KB) LOS objects, 29% free, 37MB/53MB, paused 1.095ms total 33.515ms
08-05 11:41:22.857 29746 29774 I art     : Starting a blocking GC Explicit
08-05 11:41:22.885 29746 29774 I art     : Explicit concurrent mark sweep GC freed 22(784B) AllocSpace objects, 0(0B) LOS objects, 29% free, 37MB/53MB, paused 758us total 27.669ms
08-05 11:41:22.893 29746 29774 I art     : Starting a blocking GC Explicit
08-05 11:41:22.921 29746 29774 I art     : Explicit concurrent mark sweep GC freed 3(96B) AllocSpace objects, 0(0B) LOS objects, 29% free, 37MB/53MB, paused 771us total 28.051ms
08-05 11:41:22.929 29746 29774 I art     : Starting a blocking GC Explicit
08-05 11:41:22.957 29746 29774 I art     : Explicit concurrent mark sweep GC freed 3(96B) AllocSpace objects, 0(0B) LOS objects, 29% free, 37MB/53MB, paused 859us total 28.579ms
08-05 11:41:22.965 29746 29774 I art     : Starting a blocking GC Explicit
08-05 11:41:22.994 29746 29774 I art     : Explicit concurrent mark sweep GC freed 3(96B) AllocSpace objects, 0(0B) LOS objects, 29% free, 37MB/53MB, paused 788us total 28.699ms
08-05 11:41:23.356 29746 29759 I art     : Starting a blocking GC Explicit
08-05 11:41:23.389 29746 29759 I art     : Explicit concurrent mark sweep GC freed 1604(91KB) AllocSpace objects, 1(20KB) LOS objects, 29% free, 37MB/53MB, paused 1.034ms total 31.849ms
08-05 11:41:23.399 29746 29759 I art     : Starting a blocking GC Explicit
08-05 11:41:23.428 29746 29759 I art     : Explicit concurrent mark sweep GC freed 28(1040B) AllocSpace objects, 0(0B) LOS objects, 29% free, 37MB/53MB, paused 817us total 28.454ms
08-05 11:41:23.436 29746 29759 I art     : Starting a blocking GC Explicit
08-05 11:41:23.464 29746 29759 I art     : Explicit concurrent mark sweep GC freed 3(96B) AllocSpace objects, 0(0B) LOS objects, 29% free, 37MB/53MB, paused 770us total 27.866ms
08-05 11:41:23.471 29746 29759 I art     : Starting a blocking GC Explicit
08-05 11:41:23.500 29746 29759 I art     : Explicit concurrent mark sweep GC freed 3(96B) AllocSpace objects, 0(0B) LOS objects, 29% free, 37MB/53MB, paused 796us total 28.500ms
08-05 11:41:23.508 29746 29759 I art     : Starting a blocking GC Explicit
08-05 11:41:23.518 28584 28584 I Atfwd_Sendcmd: AtCmdFwd service not ready - Exhausted retry attempts - :6
08-05 11:41:23.518 28584 28584 I Atfwd_Daemon: result : -1 	 ,Init step :2 	 ,qmiErrorCode: 0
08-05 11:41:23.537 29746 29759 I art     : Explicit concurrent mark sweep GC freed 3(96B) AllocSpace objects, 0(0B) LOS objects, 29% free, 37MB/53MB, paused 843us total 29.018ms
08-05 11:41:23.711 29746 30704 E baseline.com.newsblur.network.APIResponse: Error (unexpected end of stream on https://www.newsblur.com/...) calling https://www.newsblur.com/reader/feed_unread_count?feed_id=0
08-05 11:41:23.711 29746 30704 E baseline.com.newsblur.network.APIResponse: java.io.IOException: unexpected end of stream on https://www.newsblur.com/...
08-05 11:41:23.711 29746 30704 E baseline.com.newsblur.network.APIResponse: 	at okhttp3.internal.http1.Http1ExchangeCodec.readResponseHeaders(Http1ExchangeCodec.java:236)
08-05 11:41:23.711 29746 30704 E baseline.com.newsblur.network.APIResponse: 	at okhttp3.internal.connection.Exchange.readResponseHeaders(Exchange.java:115)
08-05 11:41:23.711 29746 30704 E baseline.com.newsblur.network.APIResponse: 	at okhttp3.internal.http.CallServerInterceptor.intercept(CallServerInterceptor.java:94)
08-05 11:41:23.711 29746 30704 E baseline.com.newsblur.network.APIResponse: 	at okhttp3.internal.http.RealInterceptorChain.proceed(RealInterceptorChain.java:142)
08-05 11:41:23.711 29746 30704 E baseline.com.newsblur.network.APIResponse: 	at okhttp3.internal.connection.ConnectInterceptor.intercept(ConnectInterceptor.java:43)
08-05 11:41:23.711 29746 30704 E baseline.com.newsblur.network.APIResponse: 	at okhttp3.internal.http.RealInterceptorChain.proceed(RealInterceptorChain.java:142)
08-05 11:41:23.711 29746 30704 E baseline.com.newsblur.network.APIResponse: 	at okhttp3.internal.http.RealInterceptorChain.proceed(RealInterceptorChain.java:117)
08-05 11:41:23.711 29746 30704 E baseline.com.newsblur.network.APIResponse: 	at okhttp3.internal.cache.CacheInterceptor.intercept(CacheInterceptor.java:94)
08-05 11:41:23.711 29746 30704 E baseline.com.newsblur.network.APIResponse: 	at okhttp3.internal.http.RealInterceptorChain.proceed(RealInterceptorChain.java:142)
08-05 11:41:23.711 29746 30704 E baseline.com.newsblur.network.APIResponse: 	at okhttp3.internal.http.RealInterceptorChain.proceed(RealInterceptorChain.java:117)
08-05 11:41:23.711 29746 30704 E baseline.com.newsblur.network.APIResponse: 	at okhttp3.internal.http.BridgeInterceptor.intercept(BridgeInterceptor.java:93)
08-05 11:41:23.711 29746 30704 E baseline.com.newsblur.network.APIResponse: 	at okhttp3.internal.http.RealInterceptorChain.proceed(RealInterceptorChain.java:142)
08-05 11:41:23.711 29746 30704 E baseline.com.newsblur.network.APIResponse: 	at okhttp3.internal.http.RetryAndFollowUpInterceptor.intercept(RetryAndFollowUpInterceptor.java:88)
08-05 11:41:23.711 29746 30704 E baseline.com.newsblur.network.APIResponse: 	at okhttp3.internal.http.RealInterceptorChain.proceed(RealInterceptorChain.java:142)
08-05 11:41:23.711 29746 30704 E baseline.com.newsblur.network.APIResponse: 	at okhttp3.internal.http.RealInterceptorChain.proceed(RealInterceptorChain.java:117)
08-05 11:41:23.711 29746 30704 E baseline.com.newsblur.network.APIResponse: 	at okhttp3.RealCall.getResponseWithInterceptorChain(RealCall.java:229)
08-05 11:41:23.711 29746 30704 E baseline.com.newsblur.network.APIResponse: 	at okhttp3.RealCall.execute(RealCall.java:81)
08-05 11:41:23.711 29746 30704 E baseline.com.newsblur.network.APIResponse: 	at baseline.com.newsblur.network.APIResponse.<init>(APIResponse.java:57)
08-05 11:41:23.711 29746 30704 E baseline.com.newsblur.network.APIResponse: 	at baseline.com.newsblur.network.APIManager.get_single(APIManager.java:639)
08-05 11:41:23.711 29746 30704 E baseline.com.newsblur.network.APIResponse: 	at baseline.com.newsblur.network.APIManager.get(APIManager.java:625)
08-05 11:41:23.711 29746 30704 E baseline.com.newsblur.network.APIResponse: 	at baseline.com.newsblur.network.APIManager.get(APIManager.java:667)
08-05 11:41:23.711 29746 30704 E baseline.com.newsblur.network.APIResponse: 	at baseline.com.newsblur.network.APIManager.getFeedUnreadCounts(APIManager.java:274)
08-05 11:41:23.711 29746 30704 E baseline.com.newsblur.network.APIResponse: 	at baseline.com.newsblur.service.NBSyncService.checkRecounts(NBSyncService.java:660)
08-05 11:41:23.711 29746 30704 E baseline.com.newsblur.network.APIResponse: 	at baseline.com.newsblur.service.NBSyncService.doSync(NBSyncService.java:310)
08-05 11:41:23.711 29746 30704 E baseline.com.newsblur.network.APIResponse: 	at baseline.com.newsblur.service.NBSyncService.access$100(NBSyncService.java:67)
08-05 11:41:23.711 29746 30704 E baseline.com.newsblur.network.APIResponse: 	at baseline.com.newsblur.service.NBSyncService$1.run(NBSyncService.java:188)
08-05 11:41:23.711 29746 30704 E baseline.com.newsblur.network.APIResponse: 	at java.util.concurrent.ThreadPoolExecutor.runWorker(ThreadPoolExecutor.java:1113)
08-05 11:41:23.711 29746 30704 E baseline.com.newsblur.network.APIResponse: 	at java.util.concurrent.ThreadPoolExecutor$Worker.run(ThreadPoolExecutor.java:588)
08-05 11:41:23.711 29746 30704 E baseline.com.newsblur.network.APIResponse: 	at java.lang.Thread.run(Thread.java:818)
08-05 11:41:23.711 29746 30704 E baseline.com.newsblur.network.APIResponse: Caused by: java.io.EOFException: \n not found: limit=0 content=
08-05 11:41:23.711 29746 30704 E baseline.com.newsblur.network.APIResponse: 	at okio.RealBufferedSource.readUtf8LineStrict(RealBufferedSource.java:240)
08-05 11:41:23.711 29746 30704 E baseline.com.newsblur.network.APIResponse: 	at okhttp3.internal.http1.Http1ExchangeCodec.readHeaderLine(Http1ExchangeCodec.java:242)
08-05 11:41:23.711 29746 30704 E baseline.com.newsblur.network.APIResponse: 	at okhttp3.internal.http1.Http1ExchangeCodec.readResponseHeaders(Http1ExchangeCodec.java:213)
08-05 11:41:23.711 29746 30704 E baseline.com.newsblur.network.APIResponse: 	... 28 more
08-05 11:41:23.712 29746 30704 I baseline.com.newsblur.network.APIManager: API call failed, pausing before retry number 2
08-05 11:41:23.869 29746 29758 I art     : Starting a blocking GC Explicit
08-05 11:41:23.903 29746 29758 I art     : Explicit concurrent mark sweep GC freed 3933(356KB) AllocSpace objects, 3(60KB) LOS objects, 29% free, 37MB/53MB, paused 778us total 33.469ms
08-05 11:41:23.913 29746 29758 I art     : Starting a blocking GC Explicit
08-05 11:41:23.941 29746 29758 I art     : Explicit concurrent mark sweep GC freed 109(3KB) AllocSpace objects, 0(0B) LOS objects, 29% free, 37MB/53MB, paused 771us total 27.995ms
08-05 11:41:23.949 29746 29758 I art     : Starting a blocking GC Explicit
08-05 11:41:23.977 29746 29758 I art     : Explicit concurrent mark sweep GC freed 3(96B) AllocSpace objects, 0(0B) LOS objects, 29% free, 37MB/53MB, paused 812us total 28.171ms
08-05 11:41:23.985 29746 29758 I art     : Starting a blocking GC Explicit
08-05 11:41:24.013 29746 29758 I art     : Explicit concurrent mark sweep GC freed 3(96B) AllocSpace objects, 0(0B) LOS objects, 29% free, 37MB/53MB, paused 738us total 28.348ms
08-05 11:41:24.021 29746 29758 I art     : Starting a blocking GC Explicit
08-05 11:41:24.049 29746 29758 I art     : Explicit concurrent mark sweep GC freed 3(96B) AllocSpace objects, 0(0B) LOS objects, 29% free, 37MB/53MB, paused 840us total 28.060ms
08-05 11:41:24.397 29746 29774 I art     : Starting a blocking GC Explicit
08-05 11:41:24.428 29746 29774 I art     : Explicit concurrent mark sweep GC freed 1437(82KB) AllocSpace objects, 1(20KB) LOS objects, 29% free, 37MB/53MB, paused 825us total 31.052ms
08-05 11:41:24.437 29746 29774 I art     : Starting a blocking GC Explicit
08-05 11:41:24.466 29746 29774 I art     : Explicit concurrent mark sweep GC freed 22(784B) AllocSpace objects, 0(0B) LOS objects, 29% free, 37MB/53MB, paused 797us total 29.655ms
08-05 11:41:24.474 29746 29774 I art     : Starting a blocking GC Explicit
08-05 11:41:24.503 29746 29774 I art     : Explicit concurrent mark sweep GC freed 3(96B) AllocSpace objects, 0(0B) LOS objects, 29% free, 37MB/53MB, paused 808us total 28.651ms
08-05 11:41:24.511 29746 29774 I art     : Starting a blocking GC Explicit
08-05 11:41:24.541 29746 29774 I art     : Explicit concurrent mark sweep GC freed 16(688B) AllocSpace objects, 0(0B) LOS objects, 29% free, 37MB/53MB, paused 770us total 29.568ms
08-05 11:41:24.550 29746 29774 I art     : Starting a blocking GC Explicit
08-05 11:41:24.579 29746 29774 I art     : Explicit concurrent mark sweep GC freed 8(256B) AllocSpace objects, 0(0B) LOS objects, 29% free, 37MB/53MB, paused 763us total 28.654ms
08-05 11:41:24.935 29746 29759 I art     : Starting a blocking GC Explicit
08-05 11:41:24.965 29746 29759 I art     : Explicit concurrent mark sweep GC freed 2428(131KB) AllocSpace objects, 1(20KB) LOS objects, 29% free, 37MB/53MB, paused 720us total 28.779ms
08-05 11:41:24.972 29746 29759 I art     : Starting a blocking GC Explicit
08-05 11:41:24.999 29746 29759 I art     : Explicit concurrent mark sweep GC freed 779(57KB) AllocSpace objects, 0(0B) LOS objects, 29% free, 37MB/53MB, paused 716us total 26.488ms
08-05 11:41:25.006 29746 29759 I art     : Starting a blocking GC Explicit
08-05 11:41:25.033 29746 29759 I art     : Explicit concurrent mark sweep GC freed 3(96B) AllocSpace objects, 0(0B) LOS objects, 29% free, 37MB/53MB, paused 745us total 26.681ms
08-05 11:41:25.041 29746 29759 I art     : Starting a blocking GC Explicit
08-05 11:41:25.070 29746 29759 I art     : Explicit concurrent mark sweep GC freed 3(96B) AllocSpace objects, 0(0B) LOS objects, 29% free, 37MB/53MB, paused 739us total 28.471ms
08-05 11:41:25.078 29746 29759 I art     : Starting a blocking GC Explicit
08-05 11:41:25.106 29746 29759 I art     : Explicit concurrent mark sweep GC freed 3(96B) AllocSpace objects, 0(0B) LOS objects, 29% free, 37MB/53MB, paused 749us total 28.178ms
08-05 11:41:25.432 29746 29758 I art     : Starting a blocking GC Explicit
08-05 11:41:25.465 29746 29758 I art     : Explicit concurrent mark sweep GC freed 1946(107KB) AllocSpace objects, 1(20KB) LOS objects, 29% free, 37MB/53MB, paused 780us total 32.537ms
08-05 11:41:25.474 29746 29758 I art     : Starting a blocking GC Explicit
08-05 11:41:25.501 29746 29758 I art     : Explicit concurrent mark sweep GC freed 402(29KB) AllocSpace objects, 0(0B) LOS objects, 29% free, 37MB/53MB, paused 731us total 27.226ms
08-05 11:41:25.509 29746 29758 I art     : Starting a blocking GC Explicit
08-05 11:41:25.537 29746 29758 I art     : Explicit concurrent mark sweep GC freed 3(96B) AllocSpace objects, 0(0B) LOS objects, 29% free, 37MB/53MB, paused 727us total 27.482ms
08-05 11:41:25.544 29746 29758 I art     : Starting a blocking GC Explicit
08-05 11:41:25.549   918  3261 D WifiStateMachine: starting scan for "H369AA63323"WPA_PSK with 2412,5180
08-05 11:41:25.571 29746 29758 I art     : Explicit concurrent mark sweep GC freed 3(96B) AllocSpace objects, 0(0B) LOS objects, 29% free, 37MB/53MB, paused 736us total 26.887ms
08-05 11:41:25.579 29746 29758 I art     : Starting a blocking GC Explicit
08-05 11:41:25.607 29746 29758 I art     : Explicit concurrent mark sweep GC freed 3(96B) AllocSpace objects, 0(0B) LOS objects, 29% free, 37MB/53MB, paused 753us total 27.646ms
08-05 11:41:25.937 29746 29774 I art     : Starting a blocking GC Explicit
08-05 11:41:25.969 29746 29774 I art     : Explicit concurrent mark sweep GC freed 1437(82KB) AllocSpace objects, 1(20KB) LOS objects, 29% free, 37MB/53MB, paused 804us total 31.526ms
08-05 11:41:25.979 29746 29774 I art     : Starting a blocking GC Explicit
08-05 11:41:26.007 29746 29774 I art     : Explicit concurrent mark sweep GC freed 22(784B) AllocSpace objects, 0(0B) LOS objects, 29% free, 37MB/53MB, paused 789us total 27.349ms
08-05 11:41:26.015 29746 29774 I art     : Starting a blocking GC Explicit
08-05 11:41:26.042 29746 29774 I art     : Explicit concurrent mark sweep GC freed 3(96B) AllocSpace objects, 0(0B) LOS objects, 29% free, 37MB/53MB, paused 717us total 27.373ms
08-05 11:41:26.050 29746 29774 I art     : Starting a blocking GC Explicit
08-05 11:41:26.078 29746 29774 I art     : Explicit concurrent mark sweep GC freed 3(96B) AllocSpace objects, 0(0B) LOS objects, 29% free, 37MB/53MB, paused 779us total 28.150ms
08-05 11:41:26.086 29746 29774 I art     : Starting a blocking GC Explicit
08-05 11:41:26.114 29746 29774 I art     : Explicit concurrent mark sweep GC freed 3(96B) AllocSpace objects, 0(0B) LOS objects, 29% free, 37MB/53MB, paused 745us total 28.344ms
08-05 11:41:26.454 29746 29759 I art     : Starting a blocking GC Explicit
08-05 11:41:26.483 29746 29759 I art     : Explicit concurrent mark sweep GC freed 1437(82KB) AllocSpace objects, 1(20KB) LOS objects, 29% free, 37MB/53MB, paused 726us total 29.013ms
08-05 11:41:26.491 29746 29759 I art     : Starting a blocking GC Explicit
08-05 11:41:26.520 29746 29759 I art     : Explicit concurrent mark sweep GC freed 22(784B) AllocSpace objects, 0(0B) LOS objects, 29% free, 37MB/53MB, paused 745us total 28.377ms
08-05 11:41:26.528 29746 29759 I art     : Starting a blocking GC Explicit
08-05 11:41:26.557 29746 29759 I art     : Explicit concurrent mark sweep GC freed 3(96B) AllocSpace objects, 0(0B) LOS objects, 29% free, 37MB/53MB, paused 834us total 28.400ms
08-05 11:41:26.565 29746 29759 I art     : Starting a blocking GC Explicit
08-05 11:41:26.593 29746 29759 I art     : Explicit concurrent mark sweep GC freed 3(96B) AllocSpace objects, 0(0B) LOS objects, 29% free, 37MB/53MB, paused 670us total 28.271ms
08-05 11:41:26.601 29746 29759 I art     : Starting a blocking GC Explicit
08-05 11:41:26.628 29746 29759 I art     : Explicit concurrent mark sweep GC freed 3(96B) AllocSpace objects, 0(0B) LOS objects, 29% free, 37MB/53MB, paused 721us total 27.090ms
08-05 11:41:26.918 31108 31108 D AndroidRuntime: >>>>>> START com.android.internal.os.RuntimeInit uid 2000 <<<<<<
08-05 11:41:26.923 31108 31108 D AndroidRuntime: CheckJNI is OFF
08-05 11:41:26.938 29746 29758 I art     : Starting a blocking GC Explicit
08-05 11:41:26.952 31108 31108 D ICU     : No timezone override file found: /data/misc/zoneinfo/current/icu/icu_tzdata.dat
08-05 11:41:26.969 29746 29758 I art     : Explicit concurrent mark sweep GC freed 1604(91KB) AllocSpace objects, 1(20KB) LOS objects, 29% free, 37MB/53MB, paused 903us total 30.366ms
08-05 11:41:26.976 29746 29758 I art     : Starting a blocking GC Explicit
08-05 11:41:26.979 31108 31108 I Radio-JNI: register_android_hardware_Radio DONE
08-05 11:41:26.995 31108 31108 D AndroidRuntime: Calling main entry com.android.commands.input.Input
08-05 11:41:26.997 31108 31108 I Input   : injectMotionEvent: MotionEvent { action=ACTION_DOWN, actionButton=0, id[0]=0, x[0]=436.0, y[0]=453.0, toolType[0]=TOOL_TYPE_UNKNOWN, buttonState=0, metaState=0, flags=0x0, edgeFlags=0x0, pointerCount=1, historySize=0, eventTime=790903410, downTime=790903410, deviceId=0, source=0x1002 }
08-05 11:41:27.003 31108 31108 I Input   : injectMotionEvent: MotionEvent { action=ACTION_UP, actionButton=0, id[0]=0, x[0]=436.0, y[0]=453.0, toolType[0]=TOOL_TYPE_UNKNOWN, buttonState=0, metaState=0, flags=0x0, edgeFlags=0x0, pointerCount=1, historySize=0, eventTime=790903410, downTime=790903410, deviceId=0, source=0x1002 }
08-05 11:41:27.004 29746 29758 I art     : Explicit concurrent mark sweep GC freed 28(1040B) AllocSpace objects, 0(0B) LOS objects, 29% free, 37MB/53MB, paused 712us total 27.470ms
08-05 11:41:27.005 31108 31108 D AndroidRuntime: Shutting down VM
08-05 11:41:27.012 29746 29758 I art     : Starting a blocking GC Explicit
08-05 11:41:27.020   512  2967 D audio_hw_primary: out_set_parameters: enter: usecase(1: low-latency-playback) kvpairs: routing=2
08-05 11:41:27.021   918  5481 I ActivityManager: START u0 {cmp=baseline.com.newsblur/.activity.GlobalSharedStoriesReading (has extras)} from uid 10676 on display 0
08-05 11:41:27.033   512  2967 D audio_hw_primary: select_devices: out_snd_device(2: speaker) in_snd_device(0: none)
08-05 11:41:27.033   512  2967 D msm8974_platform: platform_send_audio_calibration: sending audio calibration for snd_device(2) acdb_id(15)
08-05 11:41:27.033   512  2967 I soundtrigger: audio_extn_sound_trigger_update_device_status: device 0x2 of type 0 for Event 1
08-05 11:41:27.040 29746 29758 I art     : Explicit concurrent mark sweep GC freed 524(67KB) AllocSpace objects, 1(20KB) LOS objects, 29% free, 37MB/53MB, paused 970us total 27.795ms
08-05 11:41:27.043   512  2967 D audio_hw_primary: enable_snd_device: snd_device(2: speaker)
08-05 11:41:27.046   512  2967 D audio_hw_primary: enable_audio_route: apply and update mixer path: low-latency-playback speaker
08-05 11:41:27.048 29746 29758 I art     : Starting a blocking GC Explicit
08-05 11:41:27.075 29746 29758 I art     : Explicit concurrent mark sweep GC freed 962(77KB) AllocSpace objects, 3(488KB) LOS objects, 29% free, 37MB/53MB, paused 875us total 26.983ms
08-05 11:41:27.083 29746 29758 I art     : Starting a blocking GC Explicit
08-05 11:41:27.110 29746 29758 I art     : Explicit concurrent mark sweep GC freed 213(11KB) AllocSpace objects, 0(0B) LOS objects, 29% free, 37MB/53MB, paused 802us total 26.697ms
08-05 11:41:27.197   918   936 I ActivityManager: Displayed baseline.com.newsblur/.activity.GlobalSharedStoriesReading: +168ms
08-05 11:41:27.198 13866 13866 I GoogleInputMethodServic: GoogleInputMethodService.onFinishInput():3138 
08-05 11:41:27.199 13866 13866 I GoogleInputMethodServic: GoogleInputMethodService.onStartInput():1808 
08-05 11:41:27.276 29746 30704 E baseline.com.newsblur.network.APIResponse: Error (unexpected end of stream on https://www.newsblur.com/...) calling https://www.newsblur.com/reader/feed_unread_count?feed_id=0
08-05 11:41:27.276 29746 30704 E baseline.com.newsblur.network.APIResponse: java.io.IOException: unexpected end of stream on https://www.newsblur.com/...
08-05 11:41:27.276 29746 30704 E baseline.com.newsblur.network.APIResponse: 	at okhttp3.internal.http1.Http1ExchangeCodec.readResponseHeaders(Http1ExchangeCodec.java:236)
08-05 11:41:27.276 29746 30704 E baseline.com.newsblur.network.APIResponse: 	at okhttp3.internal.connection.Exchange.readResponseHeaders(Exchange.java:115)
08-05 11:41:27.276 29746 30704 E baseline.com.newsblur.network.APIResponse: 	at okhttp3.internal.http.CallServerInterceptor.intercept(CallServerInterceptor.java:94)
08-05 11:41:27.276 29746 30704 E baseline.com.newsblur.network.APIResponse: 	at okhttp3.internal.http.RealInterceptorChain.proceed(RealInterceptorChain.java:142)
08-05 11:41:27.276 29746 30704 E baseline.com.newsblur.network.APIResponse: 	at okhttp3.internal.connection.ConnectInterceptor.intercept(ConnectInterceptor.java:43)
08-05 11:41:27.276 29746 30704 E baseline.com.newsblur.network.APIResponse: 	at okhttp3.internal.http.RealInterceptorChain.proceed(RealInterceptorChain.java:142)
08-05 11:41:27.276 29746 30704 E baseline.com.newsblur.network.APIResponse: 	at okhttp3.internal.http.RealInterceptorChain.proceed(RealInterceptorChain.java:117)
08-05 11:41:27.276 29746 30704 E baseline.com.newsblur.network.APIResponse: 	at okhttp3.internal.cache.CacheInterceptor.intercept(CacheInterceptor.java:94)
08-05 11:41:27.276 29746 30704 E baseline.com.newsblur.network.APIResponse: 	at okhttp3.internal.http.RealInterceptorChain.proceed(RealInterceptorChain.java:142)
08-05 11:41:27.276 29746 30704 E baseline.com.newsblur.network.APIResponse: 	at okhttp3.internal.http.RealInterceptorChain.proceed(RealInterceptorChain.java:117)
08-05 11:41:27.276 29746 30704 E baseline.com.newsblur.network.APIResponse: 	at okhttp3.internal.http.BridgeInterceptor.intercept(BridgeInterceptor.java:93)
08-05 11:41:27.276 29746 30704 E baseline.com.newsblur.network.APIResponse: 	at okhttp3.internal.http.RealInterceptorChain.proceed(RealInterceptorChain.java:142)
08-05 11:41:27.276 29746 30704 E baseline.com.newsblur.network.APIResponse: 	at okhttp3.internal.http.RetryAndFollowUpInterceptor.intercept(RetryAndFollowUpInterceptor.java:88)
08-05 11:41:27.276 29746 30704 E baseline.com.newsblur.network.APIResponse: 	at okhttp3.internal.http.RealInterceptorChain.proceed(RealInterceptorChain.java:142)
08-05 11:41:27.276 29746 30704 E baseline.com.newsblur.network.APIResponse: 	at okhttp3.internal.http.RealInterceptorChain.proceed(RealInterceptorChain.java:117)
08-05 11:41:27.276 29746 30704 E baseline.com.newsblur.network.APIResponse: 	at okhttp3.RealCall.getResponseWithInterceptorChain(RealCall.java:229)
08-05 11:41:27.276 29746 30704 E baseline.com.newsblur.network.APIResponse: 	at okhttp3.RealCall.execute(RealCall.java:81)
08-05 11:41:27.276 29746 30704 E baseline.com.newsblur.network.APIResponse: 	at baseline.com.newsblur.network.APIResponse.<init>(APIResponse.java:57)
08-05 11:41:27.276 29746 30704 E baseline.com.newsblur.network.APIResponse: 	at baseline.com.newsblur.network.APIManager.get_single(APIManager.java:639)
08-05 11:41:27.276 29746 30704 E baseline.com.newsblur.network.APIResponse: 	at baseline.com.newsblur.network.APIManager.get(APIManager.java:625)
08-05 11:41:27.276 29746 30704 E baseline.com.newsblur.network.APIResponse: 	at baseline.com.newsblur.network.APIManager.get(APIManager.java:667)
08-05 11:41:27.276 29746 30704 E baseline.com.newsblur.network.APIResponse: 	at baseline.com.newsblur.network.APIManager.getFeedUnreadCounts(APIManager.java:274)
08-05 11:41:27.276 29746 30704 E baseline.com.newsblur.network.APIResponse: 	at baseline.com.newsblur.service.NBSyncService.checkRecounts(NBSyncService.java:660)
08-05 11:41:27.276 29746 30704 E baseline.com.newsblur.network.APIResponse: 	at baseline.com.newsblur.service.NBSyncService.doSync(NBSyncService.java:310)
08-05 11:41:27.276 29746 30704 E baseline.com.newsblur.network.APIResponse: 	at baseline.com.newsblur.service.NBSyncService.access$100(NBSyncService.java:67)
08-05 11:41:27.276 29746 30704 E baseline.com.newsblur.network.APIResponse: 	at baseline.com.newsblur.service.NBSyncService$1.run(NBSyncService.java:188)
08-05 11:41:27.276 29746 30704 E baseline.com.newsblur.network.APIResponse: 	at java.util.concurrent.ThreadPoolExecutor.runWorker(ThreadPoolExecutor.java:1113)
08-05 11:41:27.276 29746 30704 E baseline.com.newsblur.network.APIResponse: 	at java.util.concurrent.ThreadPoolExecutor$Worker.run(ThreadPoolExecutor.java:588)
08-05 11:41:27.276 29746 30704 E baseline.com.newsblur.network.APIResponse: 	at java.lang.Thread.run(Thread.java:818)
08-05 11:41:27.276 29746 30704 E baseline.com.newsblur.network.APIResponse: Caused by: java.io.EOFException: \n not found: limit=0 content=
08-05 11:41:27.276 29746 30704 E baseline.com.newsblur.network.APIResponse: 	at okio.RealBufferedSource.readUtf8LineStrict(RealBufferedSource.java:240)
08-05 11:41:27.276 29746 30704 E baseline.com.newsblur.network.APIResponse: 	at okhttp3.internal.http1.Http1ExchangeCodec.readHeaderLine(Http1ExchangeCodec.java:242)
08-05 11:41:27.276 29746 30704 E baseline.com.newsblur.network.APIResponse: 	at okhttp3.internal.http1.Http1ExchangeCodec.readResponseHeaders(Http1ExchangeCodec.java:213)
08-05 11:41:27.276 29746 30704 E baseline.com.newsblur.network.APIResponse: 	... 28 more
08-05 11:41:27.277 29746 30704 W baseline.com.newsblur.service.NBSyncService: Bad response to feed_unread_count
08-05 11:41:27.369 29746 29759 I art     : Starting a blocking GC Explicit
08-05 11:41:27.384 29746 30336 E chromium: [ERROR:tile_manager.cc(793)] WARNING: tile memory limits exceeded, some content may not draw
08-05 11:41:27.385 29746 30336 E chromium: [ERROR:tile_manager.cc(793)] WARNING: tile memory limits exceeded, some content may not draw
08-05 11:41:27.400 29746 29759 I art     : Explicit concurrent mark sweep GC freed 7504(699KB) AllocSpace objects, 19(416KB) LOS objects, 29% free, 38MB/54MB, paused 857us total 31.189ms
08-05 11:41:27.409 29746 29759 I art     : Starting a blocking GC Explicit
08-05 11:41:27.440 29746 29759 I art     : Explicit concurrent mark sweep GC freed 1239(56KB) AllocSpace objects, 1(28KB) LOS objects, 29% free, 38MB/54MB, paused 780us total 30.785ms
08-05 11:41:27.448 29746 29759 I art     : Starting a blocking GC Explicit
08-05 11:41:27.476 29746 29759 I art     : Explicit concurrent mark sweep GC freed 3(96B) AllocSpace objects, 0(0B) LOS objects, 29% free, 38MB/54MB, paused 720us total 28.406ms
08-05 11:41:27.484 29746 29759 I art     : Starting a blocking GC Explicit
08-05 11:41:27.512 29746 29759 I art     : Explicit concurrent mark sweep GC freed 3(96B) AllocSpace objects, 0(0B) LOS objects, 29% free, 38MB/54MB, paused 745us total 27.348ms
08-05 11:41:27.520 29746 29759 I art     : Starting a blocking GC Explicit
08-05 11:41:27.547 29746 29759 I art     : Explicit concurrent mark sweep GC freed 3(96B) AllocSpace objects, 0(0B) LOS objects, 29% free, 38MB/54MB, paused 803us total 27.388ms
08-05 11:41:27.588   512  2967 D audio_hw_primary: disable_audio_route: reset and update mixer path: low-latency-playback speaker
08-05 11:41:27.590   512  2967 D audio_hw_primary: disable_snd_device: snd_device(2: speaker)
08-05 11:41:27.599   512  2967 I soundtrigger: audio_extn_sound_trigger_update_device_status: device 0x2 of type 0 for Event 0
08-05 11:41:27.685 29746 30704 E baseline.com.newsblur.network.APIResponse: Error (unexpected end of stream on https://www.newsblur.com/...) calling https://www.newsblur.com/reader/mark_story_hashes_as_read/
08-05 11:41:27.685 29746 30704 E baseline.com.newsblur.network.APIResponse: java.io.IOException: unexpected end of stream on https://www.newsblur.com/...
08-05 11:41:27.685 29746 30704 E baseline.com.newsblur.network.APIResponse: 	at okhttp3.internal.http1.Http1ExchangeCodec.readResponseHeaders(Http1ExchangeCodec.java:236)
08-05 11:41:27.685 29746 30704 E baseline.com.newsblur.network.APIResponse: 	at okhttp3.internal.connection.Exchange.readResponseHeaders(Exchange.java:115)
08-05 11:41:27.685 29746 30704 E baseline.com.newsblur.network.APIResponse: 	at okhttp3.internal.http.CallServerInterceptor.intercept(CallServerInterceptor.java:94)
08-05 11:41:27.685 29746 30704 E baseline.com.newsblur.network.APIResponse: 	at okhttp3.internal.http.RealInterceptorChain.proceed(RealInterceptorChain.java:142)
08-05 11:41:27.685 29746 30704 E baseline.com.newsblur.network.APIResponse: 	at okhttp3.internal.connection.ConnectInterceptor.intercept(ConnectInterceptor.java:43)
08-05 11:41:27.685 29746 30704 E baseline.com.newsblur.network.APIResponse: 	at okhttp3.internal.http.RealInterceptorChain.proceed(RealInterceptorChain.java:142)
08-05 11:41:27.685 29746 30704 E baseline.com.newsblur.network.APIResponse: 	at okhttp3.internal.http.RealInterceptorChain.proceed(RealInterceptorChain.java:117)
08-05 11:41:27.685 29746 30704 E baseline.com.newsblur.network.APIResponse: 	at okhttp3.internal.cache.CacheInterceptor.intercept(CacheInterceptor.java:94)
08-05 11:41:27.685 29746 30704 E baseline.com.newsblur.network.APIResponse: 	at okhttp3.internal.http.RealInterceptorChain.proceed(RealInterceptorChain.java:142)
08-05 11:41:27.685 29746 30704 E baseline.com.newsblur.network.APIResponse: 	at okhttp3.internal.http.RealInterceptorChain.proceed(RealInterceptorChain.java:117)
08-05 11:41:27.685 29746 30704 E baseline.com.newsblur.network.APIResponse: 	at okhttp3.internal.http.BridgeInterceptor.intercept(BridgeInterceptor.java:93)
08-05 11:41:27.685 29746 30704 E baseline.com.newsblur.network.APIResponse: 	at okhttp3.internal.http.RealInterceptorChain.proceed(RealInterceptorChain.java:142)
08-05 11:41:27.685 29746 30704 E baseline.com.newsblur.network.APIResponse: 	at okhttp3.internal.http.RetryAndFollowUpInterceptor.intercept(RetryAndFollowUpInterceptor.java:88)
08-05 11:41:27.685 29746 30704 E baseline.com.newsblur.network.APIResponse: 	at okhttp3.internal.http.RealInterceptorChain.proceed(RealInterceptorChain.java:142)
08-05 11:41:27.685 29746 30704 E baseline.com.newsblur.network.APIResponse: 	at okhttp3.internal.http.RealInterceptorChain.proceed(RealInterceptorChain.java:117)
08-05 11:41:27.685 29746 30704 E baseline.com.newsblur.network.APIResponse: 	at okhttp3.RealCall.getResponseWithInterceptorChain(RealCall.java:229)
08-05 11:41:27.685 29746 30704 E baseline.com.newsblur.network.APIResponse: 	at okhttp3.RealCall.execute(RealCall.java:81)
08-05 11:41:27.685 29746 30704 E baseline.com.newsblur.network.APIResponse: 	at baseline.com.newsblur.network.APIResponse.<init>(APIResponse.java:57)
08-05 11:41:27.685 29746 30704 E baseline.com.newsblur.network.APIResponse: 	at baseline.com.newsblur.network.APIResponse.<init>(APIResponse.java:43)
08-05 11:41:27.685 29746 30704 E baseline.com.newsblur.network.APIResponse: 	at baseline.com.newsblur.network.APIManager.post_single(APIManager.java:702)
08-05 11:41:27.685 29746 30704 E baseline.com.newsblur.network.APIResponse: 	at baseline.com.newsblur.network.APIManager.post(APIManager.java:675)
08-05 11:41:27.685 29746 30704 E baseline.com.newsblur.network.APIResponse: 	at baseline.com.newsblur.network.APIManager.post(APIManager.java:714)
08-05 11:41:27.685 29746 30704 E baseline.com.newsblur.network.APIResponse: 	at baseline.com.newsblur.network.APIManager.markStoryAsRead(APIManager.java:205)
08-05 11:41:27.685 29746 30704 E baseline.com.newsblur.network.APIResponse: 	at baseline.com.newsblur.util.ReadingAction.doRemote(ReadingAction.java:281)
08-05 11:41:27.685 29746 30704 E baseline.com.newsblur.network.APIResponse: 	at baseline.com.newsblur.service.NBSyncService.syncActions(NBSyncService.java:400)
08-05 11:41:27.685 29746 30704 E baseline.com.newsblur.network.APIResponse: 	at baseline.com.newsblur.service.NBSyncService.doSync(NBSyncService.java:298)
08-05 11:41:27.685 29746 30704 E baseline.com.newsblur.network.APIResponse: 	at baseline.com.newsblur.service.NBSyncService.access$100(NBSyncService.java:67)
08-05 11:41:27.685 29746 30704 E baseline.com.newsblur.network.APIResponse: 	at baseline.com.newsblur.service.NBSyncService$1.run(NBSyncService.java:188)
08-05 11:41:27.685 29746 30704 E baseline.com.newsblur.network.APIResponse: 	at java.util.concurrent.ThreadPoolExecutor.runWorker(ThreadPoolExecutor.java:1113)
08-05 11:41:27.685 29746 30704 E baseline.com.newsblur.network.APIResponse: 	at java.util.concurrent.ThreadPoolExecutor$Worker.run(ThreadPoolExecutor.java:588)
08-05 11:41:27.685 29746 30704 E baseline.com.newsblur.network.APIResponse: 	at java.lang.Thread.run(Thread.java:818)
08-05 11:41:27.685 29746 30704 E baseline.com.newsblur.network.APIResponse: Caused by: java.io.EOFException: \n not found: limit=0 content=
08-05 11:41:27.685 29746 30704 E baseline.com.newsblur.network.APIResponse: 	at okio.RealBufferedSource.readUtf8LineStrict(RealBufferedSource.java:240)
08-05 11:41:27.685 29746 30704 E baseline.com.newsblur.network.APIResponse: 	at okhttp3.internal.http1.Http1ExchangeCodec.readHeaderLine(Http1ExchangeCodec.java:242)
08-05 11:41:27.685 29746 30704 E baseline.com.newsblur.network.APIResponse: 	at okhttp3.internal.http1.Http1ExchangeCodec.readResponseHeaders(Http1ExchangeCodec.java:213)
08-05 11:41:27.685 29746 30704 E baseline.com.newsblur.network.APIResponse: 	... 30 more
08-05 11:41:27.687 29746 30704 I baseline.com.newsblur.network.APIManager: API call failed, pausing before retry number 1
08-05 11:41:27.815 29746 29759 I art     : Starting a blocking GC Explicit
08-05 11:41:27.844 29746 29759 I art     : Explicit concurrent mark sweep GC freed 4100(375KB) AllocSpace objects, 4(80KB) LOS objects, 29% free, 38MB/54MB, paused 742us total 28.746ms
08-05 11:41:27.852 29746 29759 I art     : Starting a blocking GC Explicit
08-05 11:41:27.880 29746 29759 I art     : Explicit concurrent mark sweep GC freed 111(4KB) AllocSpace objects, 0(0B) LOS objects, 29% free, 38MB/54MB, paused 736us total 27.403ms
08-05 11:41:27.887 29746 29759 I art     : Starting a blocking GC Explicit
08-05 11:41:27.914 29746 29759 I art     : Explicit concurrent mark sweep GC freed 3(96B) AllocSpace objects, 0(0B) LOS objects, 29% free, 38MB/54MB, paused 722us total 26.879ms
08-05 11:41:27.921 29746 29759 I art     : Starting a blocking GC Explicit
08-05 11:41:27.950 29746 29759 I art     : Explicit concurrent mark sweep GC freed 3(96B) AllocSpace objects, 0(0B) LOS objects, 29% free, 38MB/54MB, paused 730us total 28.112ms
08-05 11:41:27.957 29746 29759 I art     : Starting a blocking GC Explicit
08-05 11:41:27.986 29746 29759 I art     : Explicit concurrent mark sweep GC freed 3(96B) AllocSpace objects, 0(0B) LOS objects, 29% free, 38MB/54MB, paused 742us total 28.116ms
08-05 11:41:28.303 29746 29774 I art     : Starting a blocking GC Explicit
08-05 11:41:28.334 29746 29774 I art     : Explicit concurrent mark sweep GC freed 1443(83KB) AllocSpace objects, 1(20KB) LOS objects, 29% free, 38MB/54MB, paused 779us total 31.149ms
08-05 11:41:28.342 29746 29774 I art     : Starting a blocking GC Explicit
08-05 11:41:28.373 29746 29774 I art     : Explicit concurrent mark sweep GC freed 22(784B) AllocSpace objects, 0(0B) LOS objects, 29% free, 38MB/54MB, paused 810us total 30.500ms
08-05 11:41:28.381 29746 29774 I art     : Starting a blocking GC Explicit
08-05 11:41:28.413 29746 29774 I art     : Explicit concurrent mark sweep GC freed 3(96B) AllocSpace objects, 0(0B) LOS objects, 29% free, 38MB/54MB, paused 776us total 31.268ms
08-05 11:41:28.421 29746 29774 I art     : Starting a blocking GC Explicit
08-05 11:41:28.452 29746 29774 I art     : Explicit concurrent mark sweep GC freed 3(96B) AllocSpace objects, 0(0B) LOS objects, 29% free, 38MB/54MB, paused 747us total 30.727ms
08-05 11:41:28.460 29746 29774 I art     : Starting a blocking GC Explicit
08-05 11:41:28.500 29746 29774 I art     : Explicit concurrent mark sweep GC freed 12(384B) AllocSpace objects, 0(0B) LOS objects, 29% free, 38MB/54MB, paused 928us total 39.349ms
08-05 11:41:28.842 29746 29758 I art     : Starting a blocking GC Explicit
08-05 11:41:28.875 29746 29758 I art     : Explicit concurrent mark sweep GC freed 1494(84KB) AllocSpace objects, 1(20KB) LOS objects, 29% free, 38MB/54MB, paused 851us total 32.719ms
08-05 11:41:28.883 29746 29758 I art     : Starting a blocking GC Explicit
08-05 11:41:28.914 29746 29758 I art     : Explicit concurrent mark sweep GC freed 22(784B) AllocSpace objects, 0(0B) LOS objects, 29% free, 38MB/54MB, paused 776us total 31.076ms
08-05 11:41:28.923 29746 29758 I art     : Starting a blocking GC Explicit
08-05 11:41:28.954 29746 29758 I art     : Explicit concurrent mark sweep GC freed 3(96B) AllocSpace objects, 0(0B) LOS objects, 29% free, 38MB/54MB, paused 800us total 30.823ms
08-05 11:41:28.962 29746 29758 I art     : Starting a blocking GC Explicit
08-05 11:41:28.993 29746 29758 I art     : Explicit concurrent mark sweep GC freed 3(96B) AllocSpace objects, 0(0B) LOS objects, 29% free, 38MB/54MB, paused 773us total 31.224ms
08-05 11:41:29.002 29746 29758 I art     : Starting a blocking GC Explicit
08-05 11:41:29.033 29746 29758 I art     : Explicit concurrent mark sweep GC freed 3(96B) AllocSpace objects, 0(0B) LOS objects, 29% free, 38MB/54MB, paused 789us total 30.863ms
08-05 11:41:29.358 29746 29774 I art     : Starting a blocking GC Explicit
08-05 11:41:29.393 29746 29774 I art     : Explicit concurrent mark sweep GC freed 1612(92KB) AllocSpace objects, 1(20KB) LOS objects, 29% free, 38MB/54MB, paused 793us total 34.734ms
08-05 11:41:29.407 29746 29774 I art     : Starting a blocking GC Explicit
08-05 11:41:29.437 29746 29774 I art     : Explicit concurrent mark sweep GC freed 31(1152B) AllocSpace objects, 0(0B) LOS objects, 29% free, 38MB/54MB, paused 745us total 29.495ms
08-05 11:41:29.437 29746 29757 I art     : WaitForGcToComplete blocked for 7.913ms for cause HeapTrim
08-05 11:41:29.445 29746 29774 I art     : Starting a blocking GC Explicit
08-05 11:41:29.475 29746 29774 I art     : Explicit concurrent mark sweep GC freed 3(96B) AllocSpace objects, 0(0B) LOS objects, 29% free, 38MB/54MB, paused 804us total 29.789ms
08-05 11:41:29.483 29746 29774 I art     : Starting a blocking GC Explicit
08-05 11:41:29.514 29746 29774 I art     : Explicit concurrent mark sweep GC freed 3(96B) AllocSpace objects, 0(0B) LOS objects, 29% free, 38MB/54MB, paused 787us total 30.925ms
08-05 11:41:29.522 29746 29774 I art     : Starting a blocking GC Explicit
08-05 11:41:29.553 29746 29774 I art     : Explicit concurrent mark sweep GC freed 3(96B) AllocSpace objects, 0(0B) LOS objects, 29% free, 38MB/54MB, paused 855us total 30.436ms
08-05 11:41:29.751 29746 30704 E baseline.com.newsblur.network.APIResponse: Error (unexpected end of stream on https://www.newsblur.com/...) calling https://www.newsblur.com/reader/mark_story_hashes_as_read/
08-05 11:41:29.751 29746 30704 E baseline.com.newsblur.network.APIResponse: java.io.IOException: unexpected end of stream on https://www.newsblur.com/...
08-05 11:41:29.751 29746 30704 E baseline.com.newsblur.network.APIResponse: 	at okhttp3.internal.http1.Http1ExchangeCodec.readResponseHeaders(Http1ExchangeCodec.java:236)
08-05 11:41:29.751 29746 30704 E baseline.com.newsblur.network.APIResponse: 	at okhttp3.internal.connection.Exchange.readResponseHeaders(Exchange.java:115)
08-05 11:41:29.751 29746 30704 E baseline.com.newsblur.network.APIResponse: 	at okhttp3.internal.http.CallServerInterceptor.intercept(CallServerInterceptor.java:94)
08-05 11:41:29.751 29746 30704 E baseline.com.newsblur.network.APIResponse: 	at okhttp3.internal.http.RealInterceptorChain.proceed(RealInterceptorChain.java:142)
08-05 11:41:29.751 29746 30704 E baseline.com.newsblur.network.APIResponse: 	at okhttp3.internal.connection.ConnectInterceptor.intercept(ConnectInterceptor.java:43)
08-05 11:41:29.751 29746 30704 E baseline.com.newsblur.network.APIResponse: 	at okhttp3.internal.http.RealInterceptorChain.proceed(RealInterceptorChain.java:142)
08-05 11:41:29.751 29746 30704 E baseline.com.newsblur.network.APIResponse: 	at okhttp3.internal.http.RealInterceptorChain.proceed(RealInterceptorChain.java:117)
08-05 11:41:29.751 29746 30704 E baseline.com.newsblur.network.APIResponse: 	at okhttp3.internal.cache.CacheInterceptor.intercept(CacheInterceptor.java:94)
08-05 11:41:29.751 29746 30704 E baseline.com.newsblur.network.APIResponse: 	at okhttp3.internal.http.RealInterceptorChain.proceed(RealInterceptorChain.java:142)
08-05 11:41:29.751 29746 30704 E baseline.com.newsblur.network.APIResponse: 	at okhttp3.internal.http.RealInterceptorChain.proceed(RealInterceptorChain.java:117)
08-05 11:41:29.751 29746 30704 E baseline.com.newsblur.network.APIResponse: 	at okhttp3.internal.http.BridgeInterceptor.intercept(BridgeInterceptor.java:93)
08-05 11:41:29.751 29746 30704 E baseline.com.newsblur.network.APIResponse: 	at okhttp3.internal.http.RealInterceptorChain.proceed(RealInterceptorChain.java:142)
08-05 11:41:29.751 29746 30704 E baseline.com.newsblur.network.APIResponse: 	at okhttp3.internal.http.RetryAndFollowUpInterceptor.intercept(RetryAndFollowUpInterceptor.java:88)
08-05 11:41:29.751 29746 30704 E baseline.com.newsblur.network.APIResponse: 	at okhttp3.internal.http.RealInterceptorChain.proceed(RealInterceptorChain.java:142)
08-05 11:41:29.751 29746 30704 E baseline.com.newsblur.network.APIResponse: 	at okhttp3.internal.http.RealInterceptorChain.proceed(RealInterceptorChain.java:117)
08-05 11:41:29.751 29746 30704 E baseline.com.newsblur.network.APIResponse: 	at okhttp3.RealCall.getResponseWithInterceptorChain(RealCall.java:229)
08-05 11:41:29.751 29746 30704 E baseline.com.newsblur.network.APIResponse: 	at okhttp3.RealCall.execute(RealCall.java:81)
08-05 11:41:29.751 29746 30704 E baseline.com.newsblur.network.APIResponse: 	at baseline.com.newsblur.network.APIResponse.<init>(APIResponse.java:57)
08-05 11:41:29.751 29746 30704 E baseline.com.newsblur.network.APIResponse: 	at baseline.com.newsblur.network.APIResponse.<init>(APIResponse.java:43)
08-05 11:41:29.751 29746 30704 E baseline.com.newsblur.network.APIResponse: 	at baseline.com.newsblur.network.APIManager.post_single(APIManager.java:702)
08-05 11:41:29.751 29746 30704 E baseline.com.newsblur.network.APIResponse: 	at baseline.com.newsblur.network.APIManager.post(APIManager.java:675)
08-05 11:41:29.751 29746 30704 E baseline.com.newsblur.network.APIResponse: 	at baseline.com.newsblur.network.APIManager.post(APIManager.java:714)
08-05 11:41:29.751 29746 30704 E baseline.com.newsblur.network.APIResponse: 	at baseline.com.newsblur.network.APIManager.markStoryAsRead(APIManager.java:205)
08-05 11:41:29.751 29746 30704 E baseline.com.newsblur.network.APIResponse: 	at baseline.com.newsblur.util.ReadingAction.doRemote(ReadingAction.java:281)
08-05 11:41:29.751 29746 30704 E baseline.com.newsblur.network.APIResponse: 	at baseline.com.newsblur.service.NBSyncService.syncActions(NBSyncService.java:400)
08-05 11:41:29.751 29746 30704 E baseline.com.newsblur.network.APIResponse: 	at baseline.com.newsblur.service.NBSyncService.doSync(NBSyncService.java:298)
08-05 11:41:29.751 29746 30704 E baseline.com.newsblur.network.APIResponse: 	at baseline.com.newsblur.service.NBSyncService.access$100(NBSyncService.java:67)
08-05 11:41:29.751 29746 30704 E baseline.com.newsblur.network.APIResponse: 	at baseline.com.newsblur.service.NBSyncService$1.run(NBSyncService.java:188)
08-05 11:41:29.751 29746 30704 E baseline.com.newsblur.network.APIResponse: 	at java.util.concurrent.ThreadPoolExecutor.runWorker(ThreadPoolExecutor.java:1113)
08-05 11:41:29.751 29746 30704 E baseline.com.newsblur.network.APIResponse: 	at java.util.concurrent.ThreadPoolExecutor$Worker.run(ThreadPoolExecutor.java:588)
08-05 11:41:29.751 29746 30704 E baseline.com.newsblur.network.APIResponse: 	at java.lang.Thread.run(Thread.java:818)
08-05 11:41:29.751 29746 30704 E baseline.com.newsblur.network.APIResponse: Caused by: java.io.EOFException: \n not found: limit=0 content=
08-05 11:41:29.751 29746 30704 E baseline.com.newsblur.network.APIResponse: 	at okio.RealBufferedSource.readUtf8LineStrict(RealBufferedSource.java:240)
08-05 11:41:29.751 29746 30704 E baseline.com.newsblur.network.APIResponse: 	at okhttp3.internal.http1.Http1ExchangeCodec.readHeaderLine(Http1ExchangeCodec.java:242)
08-05 11:41:29.751 29746 30704 E baseline.com.newsblur.network.APIResponse: 	at okhttp3.internal.http1.Http1ExchangeCodec.readResponseHeaders(Http1ExchangeCodec.java:213)
08-05 11:41:29.751 29746 30704 E baseline.com.newsblur.network.APIResponse: 	... 30 more
08-05 11:41:29.752 29746 30704 I baseline.com.newsblur.network.APIManager: API call failed, pausing before retry number 2
08-05 11:41:29.902 29746 29759 I art     : Starting a blocking GC Explicit
08-05 11:41:29.935 29746 29759 I art     : Explicit concurrent mark sweep GC freed 3961(357KB) AllocSpace objects, 3(60KB) LOS objects, 29% free, 38MB/54MB, paused 804us total 33.076ms
08-05 11:41:29.943 29746 29759 I art     : Starting a blocking GC Explicit
08-05 11:41:29.975 29746 29759 I art     : Explicit concurrent mark sweep GC freed 119(4KB) AllocSpace objects, 0(0B) LOS objects, 29% free, 38MB/54MB, paused 774us total 30.899ms
08-05 11:41:29.983 29746 29759 I art     : Starting a blocking GC Explicit
08-05 11:41:30.013 29746 29759 I art     : Explicit concurrent mark sweep GC freed 3(96B) AllocSpace objects, 0(0B) LOS objects, 29% free, 38MB/54MB, paused 825us total 30.519ms
08-05 11:41:30.022 29746 29759 I art     : Starting a blocking GC Explicit
08-05 11:41:30.053 29746 29759 I art     : Explicit concurrent mark sweep GC freed 3(96B) AllocSpace objects, 0(0B) LOS objects, 29% free, 38MB/54MB, paused 758us total 30.638ms
08-05 11:41:30.061 29746 29759 I art     : Starting a blocking GC Explicit
08-05 11:41:30.092 29746 29759 I art     : Explicit concurrent mark sweep GC freed 3(96B) AllocSpace objects, 0(0B) LOS objects, 29% free, 38MB/54MB, paused 777us total 30.680ms
08-05 11:41:30.417 29746 29758 I art     : Starting a blocking GC Explicit
08-05 11:41:30.451 29746 29758 I art     : Explicit concurrent mark sweep GC freed 1444(83KB) AllocSpace objects, 1(20KB) LOS objects, 29% free, 38MB/54MB, paused 825us total 33.777ms
08-05 11:41:30.460 29746 29758 I art     : Starting a blocking GC Explicit
08-05 11:41:30.492 29746 29758 I art     : Explicit concurrent mark sweep GC freed 22(784B) AllocSpace objects, 0(0B) LOS objects, 29% free, 38MB/54MB, paused 762us total 31.751ms
08-05 11:41:30.500 29746 29758 I art     : Starting a blocking GC Explicit
08-05 11:41:30.531 29746 29758 I art     : Explicit concurrent mark sweep GC freed 3(96B) AllocSpace objects, 0(0B) LOS objects, 29% free, 38MB/54MB, paused 778us total 30.741ms
08-05 11:41:30.540 29746 29758 I art     : Starting a blocking GC Explicit
08-05 11:41:30.571 29746 29758 I art     : Explicit concurrent mark sweep GC freed 3(96B) AllocSpace objects, 0(0B) LOS objects, 29% free, 38MB/54MB, paused 764us total 31.437ms
08-05 11:41:30.580 29746 29758 I art     : Starting a blocking GC Explicit
08-05 11:41:30.611 29746 29758 I art     : Explicit concurrent mark sweep GC freed 3(96B) AllocSpace objects, 0(0B) LOS objects, 29% free, 38MB/54MB, paused 933us total 31.213ms
08-05 11:41:30.971 29746 29774 I art     : Starting a blocking GC Explicit
08-05 11:41:31.006 29746 29774 I art     : Explicit concurrent mark sweep GC freed 1444(83KB) AllocSpace objects, 1(20KB) LOS objects, 29% free, 38MB/54MB, paused 804us total 34.554ms
08-05 11:41:31.017 29746 29774 I art     : Starting a blocking GC Explicit
08-05 11:41:31.046 29746 29774 I art     : Explicit concurrent mark sweep GC freed 22(784B) AllocSpace objects, 0(0B) LOS objects, 29% free, 38MB/54MB, paused 770us total 29.681ms
08-05 11:41:31.054 29746 29774 I art     : Starting a blocking GC Explicit
08-05 11:41:31.084 29746 29774 I art     : Explicit concurrent mark sweep GC freed 3(96B) AllocSpace objects, 0(0B) LOS objects, 29% free, 38MB/54MB, paused 884us total 29.793ms
08-05 11:41:31.092 29746 29774 I art     : Starting a blocking GC Explicit
08-05 11:41:31.123 29746 29774 I art     : Explicit concurrent mark sweep GC freed 3(96B) AllocSpace objects, 0(0B) LOS objects, 29% free, 38MB/54MB, paused 765us total 30.690ms
08-05 11:41:31.131 29746 29774 I art     : Starting a blocking GC Explicit
08-05 11:41:31.162 29746 29774 I art     : Explicit concurrent mark sweep GC freed 3(96B) AllocSpace objects, 0(0B) LOS objects, 29% free, 38MB/54MB, paused 831us total 30.280ms
08-05 11:41:31.434 29746 29759 I art     : Starting a blocking GC Explicit
08-05 11:41:31.466 29746 29759 I art     : Explicit concurrent mark sweep GC freed 1442(83KB) AllocSpace objects, 1(20KB) LOS objects, 29% free, 38MB/54MB, paused 817us total 31.973ms
08-05 11:41:31.475 29746 29759 I art     : Starting a blocking GC Explicit
08-05 11:41:31.507 29746 29759 I art     : Explicit concurrent mark sweep GC freed 22(784B) AllocSpace objects, 0(0B) LOS objects, 29% free, 38MB/54MB, paused 825us total 32.037ms
08-05 11:41:31.515 29746 29759 I art     : Starting a blocking GC Explicit
08-05 11:41:31.544 29746 29759 I art     : Explicit concurrent mark sweep GC freed 3(96B) AllocSpace objects, 0(0B) LOS objects, 29% free, 38MB/54MB, paused 754us total 29.010ms
08-05 11:41:31.552 29746 29759 I art     : Starting a blocking GC Explicit
08-05 11:41:31.581 29746 29759 I art     : Explicit concurrent mark sweep GC freed 3(96B) AllocSpace objects, 0(0B) LOS objects, 29% free, 38MB/54MB, paused 787us total 28.944ms
08-05 11:41:31.589 29746 29759 I art     : Starting a blocking GC Explicit
08-05 11:41:31.605 31220 31220 D AndroidRuntime: >>>>>> START com.android.internal.os.RuntimeInit uid 2000 <<<<<<
08-05 11:41:31.609 31220 31220 D AndroidRuntime: CheckJNI is OFF
08-05 11:41:31.619 29746 29759 I art     : Explicit concurrent mark sweep GC freed 3(96B) AllocSpace objects, 0(0B) LOS objects, 29% free, 38MB/54MB, paused 820us total 29.915ms
08-05 11:41:31.638 31220 31220 D ICU     : No timezone override file found: /data/misc/zoneinfo/current/icu/icu_tzdata.dat
08-05 11:41:31.662 31220 31220 I Radio-JNI: register_android_hardware_Radio DONE
08-05 11:41:31.678 31220 31220 D AndroidRuntime: Calling main entry com.android.commands.input.Input
08-05 11:41:31.679 31220 31220 I Input   : injectKeyEvent: KeyEvent { action=ACTION_DOWN, keyCode=KEYCODE_BACK, scanCode=0, metaState=0, flags=0x0, repeatCount=0, eventTime=790908093, downTime=790908093, deviceId=-1, source=0x101 }
08-05 11:41:31.685 31220 31220 I Input   : injectKeyEvent: KeyEvent { action=ACTION_UP, keyCode=KEYCODE_BACK, scanCode=0, metaState=0, flags=0x0, repeatCount=0, eventTime=790908093, downTime=790908093, deviceId=-1, source=0x101 }
08-05 11:41:31.690 31220 31220 D AndroidRuntime: Shutting down VM
08-05 11:41:31.830 13866 13866 I GoogleInputMethodServic: GoogleInputMethodService.onFinishInput():3138 
08-05 11:41:31.831 13866 13866 I GoogleInputMethodServic: GoogleInputMethodService.onStartInput():1808 
08-05 11:41:31.874 29746 29758 I art     : Starting a blocking GC Explicit
08-05 11:41:31.901 29746 29758 I art     : Explicit concurrent mark sweep GC freed 3128(248KB) AllocSpace objects, 6(128KB) LOS objects, 29% free, 38MB/54MB, paused 698us total 27.274ms
08-05 11:41:31.909 29746 29758 I art     : Starting a blocking GC Explicit
08-05 11:41:31.941 29746 29758 I art     : Explicit concurrent mark sweep GC freed 173(8KB) AllocSpace objects, 0(0B) LOS objects, 29% free, 38MB/54MB, paused 726us total 32.147ms
08-05 11:41:31.952 29746 29758 I art     : Starting a blocking GC Explicit
08-05 11:41:31.990 29746 29758 I art     : Explicit concurrent mark sweep GC freed 3(96B) AllocSpace objects, 0(0B) LOS objects, 29% free, 38MB/54MB, paused 836us total 37.661ms
08-05 11:41:32.004 29746 29758 I art     : Starting a blocking GC Explicit
08-05 11:41:32.044 29746 29758 I art     : Explicit concurrent mark sweep GC freed 3(96B) AllocSpace objects, 0(0B) LOS objects, 29% free, 38MB/54MB, paused 1.015ms total 40.295ms
08-05 11:41:32.056 29746 29758 I art     : Starting a blocking GC Explicit
08-05 11:41:32.097 29746 29758 I art     : Explicit concurrent mark sweep GC freed 3(96B) AllocSpace objects, 0(0B) LOS objects, 29% free, 38MB/54MB, paused 1.096ms total 40.380ms
08-05 11:41:32.418 29746 29758 I art     : Starting a blocking GC Explicit
08-05 11:41:32.454 29746 29758 I art     : Explicit concurrent mark sweep GC freed 2707(143KB) AllocSpace objects, 1(20KB) LOS objects, 29% free, 38MB/54MB, paused 1.023ms total 35.823ms
08-05 11:41:32.463 29746 29758 I art     : Starting a blocking GC Explicit
08-05 11:41:32.497 29746 29758 I art     : Explicit concurrent mark sweep GC freed 155(7KB) AllocSpace objects, 0(0B) LOS objects, 29% free, 38MB/54MB, paused 889us total 33.244ms
08-05 11:41:32.507 29746 29758 I art     : Starting a blocking GC Explicit
08-05 11:41:32.540 29746 29758 I art     : Explicit concurrent mark sweep GC freed 8(256B) AllocSpace objects, 0(0B) LOS objects, 29% free, 38MB/54MB, paused 791us total 32.506ms
08-05 11:41:32.549 29746 29758 I art     : Starting a blocking GC Explicit
08-05 11:41:32.581 29746 29758 I art     : Explicit concurrent mark sweep GC freed 8(256B) AllocSpace objects, 0(0B) LOS objects, 29% free, 38MB/54MB, paused 925us total 31.718ms
08-05 11:41:32.590 29746 29758 I art     : Starting a blocking GC Explicit
08-05 11:41:32.624 29746 29758 I art     : Explicit concurrent mark sweep GC freed 8(256B) AllocSpace objects, 0(0B) LOS objects, 29% free, 38MB/54MB, paused 804us total 33.363ms
08-05 11:41:32.951 29746 29774 I art     : Starting a blocking GC Explicit
08-05 11:41:32.989 29746 29774 I art     : Explicit concurrent mark sweep GC freed 1650(93KB) AllocSpace objects, 1(20KB) LOS objects, 29% free, 38MB/54MB, paused 884us total 36.829ms
08-05 11:41:32.998 29746 29774 I art     : Starting a blocking GC Explicit
08-05 11:41:33.028 29746 29774 I art     : Explicit concurrent mark sweep GC freed 34(1232B) AllocSpace objects, 0(0B) LOS objects, 29% free, 38MB/54MB, paused 799us total 29.513ms
08-05 11:41:33.037 29746 29774 I art     : Starting a blocking GC Explicit
08-05 11:41:33.065 29746 29774 I art     : Explicit concurrent mark sweep GC freed 7(224B) AllocSpace objects, 0(0B) LOS objects, 29% free, 38MB/54MB, paused 879us total 28.324ms
08-05 11:41:33.073 29746 29774 I art     : Starting a blocking GC Explicit
08-05 11:41:33.103 29746 29774 I art     : Explicit concurrent mark sweep GC freed 7(224B) AllocSpace objects, 0(0B) LOS objects, 29% free, 38MB/54MB, paused 780us total 29.921ms
08-05 11:41:33.111 29746 29774 I art     : Starting a blocking GC Explicit
08-05 11:41:33.140 29746 29774 I art     : Explicit concurrent mark sweep GC freed 7(224B) AllocSpace objects, 0(0B) LOS objects, 29% free, 38MB/54MB, paused 799us total 29.115ms
08-05 11:41:33.245 31275 31275 D AndroidRuntime: >>>>>> START com.android.internal.os.RuntimeInit uid 2000 <<<<<<
08-05 11:41:33.251 31275 31275 D AndroidRuntime: CheckJNI is OFF
08-05 11:41:33.280 31275 31275 D ICU     : No timezone override file found: /data/misc/zoneinfo/current/icu/icu_tzdata.dat
08-05 11:41:33.305 31275 31275 I Radio-JNI: register_android_hardware_Radio DONE
08-05 11:41:33.321 31275 31275 D AndroidRuntime: Calling main entry com.android.commands.input.Input
08-05 11:41:33.322 31275 31275 I Input   : injectKeyEvent: KeyEvent { action=ACTION_DOWN, keyCode=KEYCODE_BACK, scanCode=0, metaState=0, flags=0x0, repeatCount=0, eventTime=790909736, downTime=790909736, deviceId=-1, source=0x101 }
08-05 11:41:33.328 31275 31275 I Input   : injectKeyEvent: KeyEvent { action=ACTION_UP, keyCode=KEYCODE_BACK, scanCode=0, metaState=0, flags=0x0, repeatCount=0, eventTime=790909736, downTime=790909736, deviceId=-1, source=0x101 }
08-05 11:41:33.331 29746 30704 E baseline.com.newsblur.network.APIResponse: Error (unexpected end of stream on https://www.newsblur.com/...) calling https://www.newsblur.com/reader/mark_story_hashes_as_read/
08-05 11:41:33.331 29746 30704 E baseline.com.newsblur.network.APIResponse: java.io.IOException: unexpected end of stream on https://www.newsblur.com/...
08-05 11:41:33.331 29746 30704 E baseline.com.newsblur.network.APIResponse: 	at okhttp3.internal.http1.Http1ExchangeCodec.readResponseHeaders(Http1ExchangeCodec.java:236)
08-05 11:41:33.331 29746 30704 E baseline.com.newsblur.network.APIResponse: 	at okhttp3.internal.connection.Exchange.readResponseHeaders(Exchange.java:115)
08-05 11:41:33.331 29746 30704 E baseline.com.newsblur.network.APIResponse: 	at okhttp3.internal.http.CallServerInterceptor.intercept(CallServerInterceptor.java:94)
08-05 11:41:33.331 29746 30704 E baseline.com.newsblur.network.APIResponse: 	at okhttp3.internal.http.RealInterceptorChain.proceed(RealInterceptorChain.java:142)
08-05 11:41:33.331 29746 30704 E baseline.com.newsblur.network.APIResponse: 	at okhttp3.internal.connection.ConnectInterceptor.intercept(ConnectInterceptor.java:43)
08-05 11:41:33.331 29746 30704 E baseline.com.newsblur.network.APIResponse: 	at okhttp3.internal.http.RealInterceptorChain.proceed(RealInterceptorChain.java:142)
08-05 11:41:33.331 29746 30704 E baseline.com.newsblur.network.APIResponse: 	at okhttp3.internal.http.RealInterceptorChain.proceed(RealInterceptorChain.java:117)
08-05 11:41:33.331 29746 30704 E baseline.com.newsblur.network.APIResponse: 	at okhttp3.internal.cache.CacheInterceptor.intercept(CacheInterceptor.java:94)
08-05 11:41:33.331 29746 30704 E baseline.com.newsblur.network.APIResponse: 	at okhttp3.internal.http.RealInterceptorChain.proceed(RealInterceptorChain.java:142)
08-05 11:41:33.331 29746 30704 E baseline.com.newsblur.network.APIResponse: 	at okhttp3.internal.http.RealInterceptorChain.proceed(RealInterceptorChain.java:117)
08-05 11:41:33.331 29746 30704 E baseline.com.newsblur.network.APIResponse: 	at okhttp3.internal.http.BridgeInterceptor.intercept(BridgeInterceptor.java:93)
08-05 11:41:33.331 29746 30704 E baseline.com.newsblur.network.APIResponse: 	at okhttp3.internal.http.RealInterceptorChain.proceed(RealInterceptorChain.java:142)
08-05 11:41:33.331 29746 30704 E baseline.com.newsblur.network.APIResponse: 	at okhttp3.internal.http.RetryAndFollowUpInterceptor.intercept(RetryAndFollowUpInterceptor.java:88)
08-05 11:41:33.331 29746 30704 E baseline.com.newsblur.network.APIResponse: 	at okhttp3.internal.http.RealInterceptorChain.proceed(RealInterceptorChain.java:142)
08-05 11:41:33.331 29746 30704 E baseline.com.newsblur.network.APIResponse: 	at okhttp3.internal.http.RealInterceptorChain.proceed(RealInterceptorChain.java:117)
08-05 11:41:33.331 29746 30704 E baseline.com.newsblur.network.APIResponse: 	at okhttp3.RealCall.getResponseWithInterceptorChain(RealCall.java:229)
08-05 11:41:33.331 29746 30704 E baseline.com.newsblur.network.APIResponse: 	at okhttp3.RealCall.execute(RealCall.java:81)
08-05 11:41:33.331 29746 30704 E baseline.com.newsblur.network.APIResponse: 	at baseline.com.newsblur.network.APIResponse.<init>(APIResponse.java:57)
08-05 11:41:33.331 29746 30704 E baseline.com.newsblur.network.APIResponse: 	at baseline.com.newsblur.network.APIResponse.<init>(APIResponse.java:43)
08-05 11:41:33.331 29746 30704 E baseline.com.newsblur.network.APIResponse: 	at baseline.com.newsblur.network.APIManager.post_single(APIManager.java:702)
08-05 11:41:33.331 29746 30704 E baseline.com.newsblur.network.APIResponse: 	at baseline.com.newsblur.network.APIManager.post(APIManager.java:675)
08-05 11:41:33.331 29746 30704 E baseline.com.newsblur.network.APIResponse: 	at baseline.com.newsblur.network.APIManager.post(APIManager.java:714)
08-05 11:41:33.331 29746 30704 E baseline.com.newsblur.network.APIResponse: 	at baseline.com.newsblur.network.APIManager.markStoryAsRead(APIManager.java:205)
08-05 11:41:33.331 29746 30704 E baseline.com.newsblur.network.APIResponse: 	at baseline.com.newsblur.util.ReadingAction.doRemote(ReadingAction.java:281)
08-05 11:41:33.331 29746 30704 E baseline.com.newsblur.network.APIResponse: 	at baseline.com.newsblur.service.NBSyncService.syncActions(NBSyncService.java:400)
08-05 11:41:33.331 29746 30704 E baseline.com.newsblur.network.APIResponse: 	at baseline.com.newsblur.service.NBSyncService.doSync(NBSyncService.java:298)
08-05 11:41:33.331 29746 30704 E baseline.com.newsblur.network.APIResponse: 	at baseline.com.newsblur.service.NBSyncService.access$100(NBSyncService.java:67)
08-05 11:41:33.331 29746 30704 E baseline.com.newsblur.network.APIResponse: 	at baseline.com.newsblur.service.NBSyncService$1.run(NBSyncService.java:188)
08-05 11:41:33.331 29746 30704 E baseline.com.newsblur.network.APIResponse: 	at java.util.concurrent.ThreadPoolExecutor.runWorker(ThreadPoolExecutor.java:1113)
08-05 11:41:33.331 29746 30704 E baseline.com.newsblur.network.APIResponse: 	at java.util.concurrent.ThreadPoolExecutor$Worker.run(ThreadPoolExecutor.java:588)
08-05 11:41:33.331 29746 30704 E baseline.com.newsblur.network.APIResponse: 	at java.lang.Thread.run(Thread.java:818)
08-05 11:41:33.331 29746 30704 E baseline.com.newsblur.network.APIResponse: Caused by: java.io.EOFException: \n not found: limit=0 content=
08-05 11:41:33.331 29746 30704 E baseline.com.newsblur.network.APIResponse: 	at okio.RealBufferedSource.readUtf8LineStrict(RealBufferedSource.java:240)
08-05 11:41:33.331 29746 30704 E baseline.com.newsblur.network.APIResponse: 	at okhttp3.internal.http1.Http1ExchangeCodec.readHeaderLine(Http1ExchangeCodec.java:242)
08-05 11:41:33.331 29746 30704 E baseline.com.newsblur.network.APIResponse: 	at okhttp3.internal.http1.Http1ExchangeCodec.readResponseHeaders(Http1ExchangeCodec.java:213)
08-05 11:41:33.331 29746 30704 E baseline.com.newsblur.network.APIResponse: 	... 30 more
08-05 11:41:33.331 29746 30704 I baseline.com.newsblur.service.NBSyncService: Holding reading action with server-side or network error.
08-05 11:41:33.336 31275 31275 D AndroidRuntime: Shutting down VM
08-05 11:41:33.343 29746 30704 W baseline.com.newsblur.service.NBSyncService: hard API failure
08-05 11:41:33.344 29746 30704 I baseline.com.newsblur.service.NBSyncService: abandoning background sync due to recent API failures.
08-05 11:41:33.349 29746 30704 I baseline.com.newsblur.service.NBSyncService: abandoning background sync due to recent API failures.
08-05 11:41:33.351 29746 30704 I baseline.com.newsblur.service.NBSyncService: abandoning background sync due to recent API failures.
08-05 11:41:33.354 29746 30704 I baseline.com.newsblur.service.NBSyncService: abandoning background sync due to recent API failures.
08-05 11:41:33.355 29746 30704 I baseline.com.newsblur.service.NBSyncService: abandoning background sync due to recent API failures.
08-05 11:41:33.416 29746 29774 I art     : Starting a blocking GC Explicit
08-05 11:41:33.449 29746 29774 I art     : Explicit concurrent mark sweep GC freed 7532(807KB) AllocSpace objects, 25(500KB) LOS objects, 29% free, 38MB/54MB, paused 947us total 32.590ms
08-05 11:41:33.458 29746 29774 I art     : Starting a blocking GC Explicit
08-05 11:41:33.465 13866 13866 I GoogleInputMethodServic: GoogleInputMethodService.onFinishInput():3138 
08-05 11:41:33.465 13866 13866 I GoogleInputMethodServic: GoogleInputMethodService.onStartInput():1808 
08-05 11:41:33.488 29746 29774 I art     : Explicit concurrent mark sweep GC freed 7253(455KB) AllocSpace objects, 6(120KB) LOS objects, 29% free, 38MB/54MB, paused 1.073ms total 30.490ms
08-05 11:41:33.498 29746 29774 I art     : Starting a blocking GC Explicit
08-05 11:41:33.518 28584 28584 I ServiceManager: Waiting for service AtCmdFwd...
08-05 11:41:33.528 29746 29774 I art     : Explicit concurrent mark sweep GC freed 286(11KB) AllocSpace objects, 0(0B) LOS objects, 29% free, 38MB/54MB, paused 799us total 29.596ms
08-05 11:41:33.536 29746 29774 I art     : Starting a blocking GC Explicit
08-05 11:41:33.563 29746 29774 I art     : Explicit concurrent mark sweep GC freed 8(240B) AllocSpace objects, 0(0B) LOS objects, 29% free, 38MB/54MB, paused 768us total 27.553ms
08-05 11:41:33.571 29746 29774 I art     : Starting a blocking GC Explicit
08-05 11:41:33.600 29746 29774 I art     : Explicit concurrent mark sweep GC freed 3(96B) AllocSpace objects, 0(0B) LOS objects, 29% free, 38MB/54MB, paused 753us total 29.261ms
08-05 11:41:33.902 29746 29758 I art     : Starting a blocking GC Explicit
08-05 11:41:33.934 29746 29758 I art     : Explicit concurrent mark sweep GC freed 4358(200KB) AllocSpace objects, 1(20KB) LOS objects, 29% free, 38MB/54MB, paused 850us total 31.863ms
08-05 11:41:33.936 29746 30704 E baseline.com.newsblur.network.APIResponse: Error (unexpected end of stream on https://www.newsblur.com/...) calling https://www.newsblur.com/reader/mark_story_hashes_as_read/
08-05 11:41:33.936 29746 30704 E baseline.com.newsblur.network.APIResponse: java.io.IOException: unexpected end of stream on https://www.newsblur.com/...
08-05 11:41:33.936 29746 30704 E baseline.com.newsblur.network.APIResponse: 	at okhttp3.internal.http1.Http1ExchangeCodec.readResponseHeaders(Http1ExchangeCodec.java:236)
08-05 11:41:33.936 29746 30704 E baseline.com.newsblur.network.APIResponse: 	at okhttp3.internal.connection.Exchange.readResponseHeaders(Exchange.java:115)
08-05 11:41:33.936 29746 30704 E baseline.com.newsblur.network.APIResponse: 	at okhttp3.internal.http.CallServerInterceptor.intercept(CallServerInterceptor.java:94)
08-05 11:41:33.936 29746 30704 E baseline.com.newsblur.network.APIResponse: 	at okhttp3.internal.http.RealInterceptorChain.proceed(RealInterceptorChain.java:142)
08-05 11:41:33.936 29746 30704 E baseline.com.newsblur.network.APIResponse: 	at okhttp3.internal.connection.ConnectInterceptor.intercept(ConnectInterceptor.java:43)
08-05 11:41:33.936 29746 30704 E baseline.com.newsblur.network.APIResponse: 	at okhttp3.internal.http.RealInterceptorChain.proceed(RealInterceptorChain.java:142)
08-05 11:41:33.936 29746 30704 E baseline.com.newsblur.network.APIResponse: 	at okhttp3.internal.http.RealInterceptorChain.proceed(RealInterceptorChain.java:117)
08-05 11:41:33.936 29746 30704 E baseline.com.newsblur.network.APIResponse: 	at okhttp3.internal.cache.CacheInterceptor.intercept(CacheInterceptor.java:94)
08-05 11:41:33.936 29746 30704 E baseline.com.newsblur.network.APIResponse: 	at okhttp3.internal.http.RealInterceptorChain.proceed(RealInterceptorChain.java:142)
08-05 11:41:33.936 29746 30704 E baseline.com.newsblur.network.APIResponse: 	at okhttp3.internal.http.RealInterceptorChain.proceed(RealInterceptorChain.java:117)
08-05 11:41:33.936 29746 30704 E baseline.com.newsblur.network.APIResponse: 	at okhttp3.internal.http.BridgeInterceptor.intercept(BridgeInterceptor.java:93)
08-05 11:41:33.936 29746 30704 E baseline.com.newsblur.network.APIResponse: 	at okhttp3.internal.http.RealInterceptorChain.proceed(RealInterceptorChain.java:142)
08-05 11:41:33.936 29746 30704 E baseline.com.newsblur.network.APIResponse: 	at okhttp3.internal.http.RetryAndFollowUpInterceptor.intercept(RetryAndFollowUpInterceptor.java:88)
08-05 11:41:33.936 29746 30704 E baseline.com.newsblur.network.APIResponse: 	at okhttp3.internal.http.RealInterceptorChain.proceed(RealInterceptorChain.java:142)
08-05 11:41:33.936 29746 30704 E baseline.com.newsblur.network.APIResponse: 	at okhttp3.internal.http.RealInterceptorChain.proceed(RealInterceptorChain.java:117)
08-05 11:41:33.936 29746 30704 E baseline.com.newsblur.network.APIResponse: 	at okhttp3.RealCall.getResponseWithInterceptorChain(RealCall.java:229)
08-05 11:41:33.936 29746 30704 E baseline.com.newsblur.network.APIResponse: 	at okhttp3.RealCall.execute(RealCall.java:81)
08-05 11:41:33.936 29746 30704 E baseline.com.newsblur.network.APIResponse: 	at baseline.com.newsblur.network.APIResponse.<init>(APIResponse.java:57)
08-05 11:41:33.936 29746 30704 E baseline.com.newsblur.network.APIResponse: 	at baseline.com.newsblur.network.APIResponse.<init>(APIResponse.java:43)
08-05 11:41:33.936 29746 30704 E baseline.com.newsblur.network.APIResponse: 	at baseline.com.newsblur.network.APIManager.post_single(APIManager.java:702)
08-05 11:41:33.936 29746 30704 E baseline.com.newsblur.network.APIResponse: 	at baseline.com.newsblur.network.APIManager.post(APIManager.java:675)
08-05 11:41:33.936 29746 30704 E baseline.com.newsblur.network.APIResponse: 	at baseline.com.newsblur.network.APIManager.post(APIManager.java:714)
08-05 11:41:33.936 29746 30704 E baseline.com.newsblur.network.APIResponse: 	at baseline.com.newsblur.network.APIManager.markStoryAsRead(APIManager.java:205)
08-05 11:41:33.936 29746 30704 E baseline.com.newsblur.network.APIResponse: 	at baseline.com.newsblur.util.ReadingAction.doRemote(ReadingAction.java:281)
08-05 11:41:33.936 29746 30704 E baseline.com.newsblur.network.APIResponse: 	at baseline.com.newsblur.service.NBSyncService.syncActions(NBSyncService.java:400)
08-05 11:41:33.936 29746 30704 E baseline.com.newsblur.network.APIResponse: 	at baseline.com.newsblur.service.NBSyncService.doSync(NBSyncService.java:298)
08-05 11:41:33.936 29746 30704 E baseline.com.newsblur.network.APIResponse: 	at baseline.com.newsblur.service.NBSyncService.access$100(NBSyncService.java:67)
08-05 11:41:33.936 29746 30704 E baseline.com.newsblur.network.APIResponse: 	at baseline.com.newsblur.service.NBSyncService$1.run(NBSyncService.java:188)
08-05 11:41:33.936 29746 30704 E baseline.com.newsblur.network.APIResponse: 	at java.util.concurrent.ThreadPoolExecutor.runWorker(ThreadPoolExecutor.java:1113)
08-05 11:41:33.936 29746 30704 E baseline.com.newsblur.network.APIResponse: 	at java.util.concurrent.ThreadPoolExecutor$Worker.run(ThreadPoolExecutor.java:588)
08-05 11:41:33.936 29746 30704 E baseline.com.newsblur.network.APIResponse: 	at java.lang.Thread.run(Thread.java:818)
08-05 11:41:33.936 29746 30704 E baseline.com.newsblur.network.APIResponse: Caused by: java.io.EOFException: \n not found: limit=0 content=
08-05 11:41:33.936 29746 30704 E baseline.com.newsblur.network.APIResponse: 	at okio.RealBufferedSource.readUtf8LineStrict(RealBufferedSource.java:240)
08-05 11:41:33.936 29746 30704 E baseline.com.newsblur.network.APIResponse: 	at okhttp3.internal.http1.Http1ExchangeCodec.readHeaderLine(Http1ExchangeCodec.java:242)
08-05 11:41:33.936 29746 30704 E baseline.com.newsblur.network.APIResponse: 	at okhttp3.internal.http1.Http1ExchangeCodec.readResponseHeaders(Http1ExchangeCodec.java:213)
08-05 11:41:33.936 29746 30704 E baseline.com.newsblur.network.APIResponse: 	... 30 more
08-05 11:41:33.937 29746 30704 I baseline.com.newsblur.network.APIManager: API call failed, pausing before retry number 1
08-05 11:41:33.943 29746 29758 I art     : Starting a blocking GC Explicit
08-05 11:41:33.976 29746 29758 I art     : Explicit concurrent mark sweep GC freed 1036(218KB) AllocSpace objects, 2(40KB) LOS objects, 29% free, 38MB/54MB, paused 736us total 33.386ms
08-05 11:41:33.986 29746 29758 I art     : Starting a blocking GC Explicit
08-05 11:41:34.014 29746 29758 I art     : Explicit concurrent mark sweep GC freed 52(1952B) AllocSpace objects, 0(0B) LOS objects, 29% free, 38MB/54MB, paused 685us total 27.978ms
08-05 11:41:34.022 29746 29758 I art     : Starting a blocking GC Explicit
08-05 11:41:34.053 29746 29758 I art     : Explicit concurrent mark sweep GC freed 7(224B) AllocSpace objects, 0(0B) LOS objects, 29% free, 38MB/54MB, paused 805us total 30.806ms
08-05 11:41:34.061 29746 29758 I art     : Starting a blocking GC Explicit
08-05 11:41:34.093 29746 29758 I art     : Explicit concurrent mark sweep GC freed 12(448B) AllocSpace objects, 0(0B) LOS objects, 29% free, 38MB/54MB, paused 747us total 31.197ms
08-05 11:41:34.398 29746 29758 I art     : Starting a blocking GC Explicit
08-05 11:41:34.434 29746 29758 I art     : Explicit concurrent mark sweep GC freed 1497(84KB) AllocSpace objects, 1(20KB) LOS objects, 29% free, 38MB/54MB, paused 907us total 35.915ms
08-05 11:41:34.444 29746 29758 I art     : Starting a blocking GC Explicit
08-05 11:41:34.476 29746 29758 I art     : Explicit concurrent mark sweep GC freed 27(944B) AllocSpace objects, 0(0B) LOS objects, 29% free, 38MB/54MB, paused 797us total 32.295ms
08-05 11:41:34.485 29746 29758 I art     : Starting a blocking GC Explicit
08-05 11:41:34.517 29746 29758 I art     : Explicit concurrent mark sweep GC freed 8(256B) AllocSpace objects, 0(0B) LOS objects, 29% free, 38MB/54MB, paused 1.051ms total 31.811ms
08-05 11:41:34.519 28584 28584 I ServiceManager: Waiting for service AtCmdFwd...
08-05 11:41:34.526 29746 29758 I art     : Starting a blocking GC Explicit
08-05 11:41:34.554 29746 29758 I art     : Explicit concurrent mark sweep GC freed 7(224B) AllocSpace objects, 0(0B) LOS objects, 29% free, 38MB/54MB, paused 760us total 28.121ms
08-05 11:41:34.562 29746 29758 I art     : Starting a blocking GC Explicit
08-05 11:41:34.589 29746 29758 I art     : Explicit concurrent mark sweep GC freed 7(224B) AllocSpace objects, 0(0B) LOS objects, 29% free, 38MB/54MB, paused 809us total 27.422ms
08-05 11:41:34.867 31319 31319 D AndroidRuntime: >>>>>> START com.android.internal.os.RuntimeInit uid 2000 <<<<<<
08-05 11:41:34.872 31319 31319 D AndroidRuntime: CheckJNI is OFF
08-05 11:41:34.886 29746 31254 I art     : Starting a blocking GC Explicit
08-05 11:41:34.901 31319 31319 D ICU     : No timezone override file found: /data/misc/zoneinfo/current/icu/icu_tzdata.dat
08-05 11:41:34.920 29746 31254 I art     : Explicit concurrent mark sweep GC freed 1476(84KB) AllocSpace objects, 1(20KB) LOS objects, 29% free, 38MB/54MB, paused 1.051ms total 32.993ms
08-05 11:41:34.928 29746 31254 I art     : Starting a blocking GC Explicit
08-05 11:41:34.928 31319 31319 I Radio-JNI: register_android_hardware_Radio DONE
08-05 11:41:34.945 31319 31319 D AndroidRuntime: Calling main entry com.android.commands.input.Input
08-05 11:41:34.946 31319 31319 I Input   : injectMotionEvent: MotionEvent { action=ACTION_DOWN, actionButton=0, id[0]=0, x[0]=553.0, y[0]=442.0, toolType[0]=TOOL_TYPE_UNKNOWN, buttonState=0, metaState=0, flags=0x0, edgeFlags=0x0, pointerCount=1, historySize=0, eventTime=790911359, downTime=790911359, deviceId=0, source=0x1002 }
08-05 11:41:34.951 31319 31319 I Input   : injectMotionEvent: MotionEvent { action=ACTION_UP, actionButton=0, id[0]=0, x[0]=553.0, y[0]=442.0, toolType[0]=TOOL_TYPE_UNKNOWN, buttonState=0, metaState=0, flags=0x0, edgeFlags=0x0, pointerCount=1, historySize=0, eventTime=790911359, downTime=790911359, deviceId=0, source=0x1002 }
08-05 11:41:34.955 31319 31319 D AndroidRuntime: Shutting down VM
08-05 11:41:34.956 29746 31254 I art     : Explicit concurrent mark sweep GC freed 40(1360B) AllocSpace objects, 0(0B) LOS objects, 29% free, 38MB/54MB, paused 875us total 28.457ms
08-05 11:41:34.964 29746 31254 I art     : Starting a blocking GC Explicit
08-05 11:41:34.993 29746 31254 I art     : Explicit concurrent mark sweep GC freed 35(1472B) AllocSpace objects, 0(0B) LOS objects, 29% free, 38MB/54MB, paused 809us total 28.771ms
08-05 11:41:35.001 29746 31254 I art     : Starting a blocking GC Explicit
08-05 11:41:35.021   918  6110 I ActivityManager: START u0 {cmp=baseline.com.newsblur/.activity.AllSharedStoriesItemsList (has extras)} from uid 10676 on display 0
08-05 11:41:35.031 29746 31254 I art     : Explicit concurrent mark sweep GC freed 526(85KB) AllocSpace objects, 1(20KB) LOS objects, 29% free, 38MB/54MB, paused 1.047ms total 29.824ms
08-05 11:41:35.039 29746 30009 I baseline.com.newsblur.database.BlurDatabaseHelper: reading session reset
08-05 11:41:35.040 29746 31254 I art     : Starting a blocking GC Explicit
08-05 11:41:35.070 29746 31254 I art     : Explicit concurrent mark sweep GC freed 1653(158KB) AllocSpace objects, 4(172KB) LOS objects, 29% free, 38MB/54MB, paused 957us total 30.035ms
08-05 11:41:35.160 29746 29746 W View    : requestLayout() improperly called by android.widget.FrameLayout{17df792 V.E...... ......ID 0,0-1440,0 #7f07003f app:id/footer_view_inner} during layout: running second layout pass
08-05 11:41:35.160 29746 29746 W View    : requestLayout() improperly called by android.widget.FrameLayout{fd1563 V.E...... ......ID 0,0-1440,2091 #7f07003f app:id/footer_view_inner} during layout: running second layout pass
08-05 11:41:35.177   918   936 I ActivityManager: Displayed baseline.com.newsblur/.activity.AllSharedStoriesItemsList: +148ms
08-05 11:41:35.178 13866 13866 I GoogleInputMethodServic: GoogleInputMethodService.onFinishInput():3138 
08-05 11:41:35.179 13866 13866 I GoogleInputMethodServic: GoogleInputMethodService.onStartInput():1808 
08-05 11:41:35.333 29746 29758 I art     : Starting a blocking GC Explicit
08-05 11:41:35.352 29746 31346 I NAPPA_EXPERIMENTATION: MetricNetworkRequestExecutionTime: REQUEST_DURATION_SYSTEM='136',REQUEST_DURATION_OKHTTP='135',REQUEST_SYNCHRONOUS='TRUE',RESPONSE_CODE='200',RESPONSE_METHOD='GET',RESPONSE_LENGTH_OKHTTP='43',RESPONSE_LENGTH_HEADER='43',REQUEST_PROTOCOL='http/1.1',REQUEST_URL='http://feeds.feedburner.com/~r/retort/~4/UffaFMiJbNs',
08-05 11:41:35.384 29746 29758 I art     : Explicit concurrent mark sweep GC freed 4510(317KB) AllocSpace objects, 11(220KB) LOS objects, 29% free, 38MB/54MB, paused 1.197ms total 50.677ms
08-05 11:41:35.396 29746 29758 I art     : Starting a blocking GC Explicit
08-05 11:41:35.430 29746 29758 I art     : Explicit concurrent mark sweep GC freed 510(34KB) AllocSpace objects, 1(20KB) LOS objects, 29% free, 38MB/54MB, paused 1.065ms total 33.643ms
08-05 11:41:35.438 29746 29758 I art     : Starting a blocking GC Explicit
08-05 11:41:35.463 29746 30016 I NAPPA_EXPERIMENTATION: MetricNetworkRequestExecutionTime: REQUEST_DURATION_SYSTEM='236',REQUEST_DURATION_OKHTTP='236',REQUEST_SYNCHRONOUS='TRUE',RESPONSE_CODE='200',RESPONSE_METHOD='GET',RESPONSE_LENGTH_OKHTTP='56376',RESPONSE_LENGTH_HEADER='56376',REQUEST_PROTOCOL='h2',REQUEST_URL='https://images.fastcompany.net/image/upload/w_1280,q_auto,f_auto,fl_lossy/wp-cms/uploads/2020/07/p-1-quit-after-covid.jpg',
08-05 11:41:35.468 29746 29758 I art     : Explicit concurrent mark sweep GC freed 337(36KB) AllocSpace objects, 1(20KB) LOS objects, 29% free, 38MB/54MB, paused 837us total 29.953ms
08-05 11:41:35.476 29746 29758 I art     : Starting a blocking GC Explicit
08-05 11:41:35.505   518   646 I ThermalEngine: ACTION: GPU - Setting GPU[0] to 510000000
08-05 11:41:35.509 29746 29758 I art     : Explicit concurrent mark sweep GC freed 141(7KB) AllocSpace objects, 2(40KB) LOS objects, 26% free, 44MB/60MB, paused 1.455ms total 33.555ms
08-05 11:41:35.519 28584 28584 I ServiceManager: Waiting for service AtCmdFwd...
08-05 11:41:35.520 29746 29758 I art     : Starting a blocking GC Explicit
08-05 11:41:35.555 29746 29758 I art     : Explicit concurrent mark sweep GC freed 179(7KB) AllocSpace objects, 1(3MB) LOS objects, 28% free, 40MB/56MB, paused 1.026ms total 35.462ms
08-05 11:41:35.871 29746 31254 I art     : Starting a blocking GC Explicit
08-05 11:41:35.882 29746 30704 E baseline.com.newsblur.network.APIResponse: Error (unexpected end of stream on https://www.newsblur.com/...) calling https://www.newsblur.com/reader/mark_story_hashes_as_read/
08-05 11:41:35.882 29746 30704 E baseline.com.newsblur.network.APIResponse: java.io.IOException: unexpected end of stream on https://www.newsblur.com/...
08-05 11:41:35.882 29746 30704 E baseline.com.newsblur.network.APIResponse: 	at okhttp3.internal.http1.Http1ExchangeCodec.readResponseHeaders(Http1ExchangeCodec.java:236)
08-05 11:41:35.882 29746 30704 E baseline.com.newsblur.network.APIResponse: 	at okhttp3.internal.connection.Exchange.readResponseHeaders(Exchange.java:115)
08-05 11:41:35.882 29746 30704 E baseline.com.newsblur.network.APIResponse: 	at okhttp3.internal.http.CallServerInterceptor.intercept(CallServerInterceptor.java:94)
08-05 11:41:35.882 29746 30704 E baseline.com.newsblur.network.APIResponse: 	at okhttp3.internal.http.RealInterceptorChain.proceed(RealInterceptorChain.java:142)
08-05 11:41:35.882 29746 30704 E baseline.com.newsblur.network.APIResponse: 	at okhttp3.internal.connection.ConnectInterceptor.intercept(ConnectInterceptor.java:43)
08-05 11:41:35.882 29746 30704 E baseline.com.newsblur.network.APIResponse: 	at okhttp3.internal.http.RealInterceptorChain.proceed(RealInterceptorChain.java:142)
08-05 11:41:35.882 29746 30704 E baseline.com.newsblur.network.APIResponse: 	at okhttp3.internal.http.RealInterceptorChain.proceed(RealInterceptorChain.java:117)
08-05 11:41:35.882 29746 30704 E baseline.com.newsblur.network.APIResponse: 	at okhttp3.internal.cache.CacheInterceptor.intercept(CacheInterceptor.java:94)
08-05 11:41:35.882 29746 30704 E baseline.com.newsblur.network.APIResponse: 	at okhttp3.internal.http.RealInterceptorChain.proceed(RealInterceptorChain.java:142)
08-05 11:41:35.882 29746 30704 E baseline.com.newsblur.network.APIResponse: 	at okhttp3.internal.http.RealInterceptorChain.proceed(RealInterceptorChain.java:117)
08-05 11:41:35.882 29746 30704 E baseline.com.newsblur.network.APIResponse: 	at okhttp3.internal.http.BridgeInterceptor.intercept(BridgeInterceptor.java:93)
08-05 11:41:35.882 29746 30704 E baseline.com.newsblur.network.APIResponse: 	at okhttp3.internal.http.RealInterceptorChain.proceed(RealInterceptorChain.java:142)
08-05 11:41:35.882 29746 30704 E baseline.com.newsblur.network.APIResponse: 	at okhttp3.internal.http.RetryAndFollowUpInterceptor.intercept(RetryAndFollowUpInterceptor.java:88)
08-05 11:41:35.882 29746 30704 E baseline.com.newsblur.network.APIResponse: 	at okhttp3.internal.http.RealInterceptorChain.proceed(RealInterceptorChain.java:142)
08-05 11:41:35.882 29746 30704 E baseline.com.newsblur.network.APIResponse: 	at okhttp3.internal.http.RealInterceptorChain.proceed(RealInterceptorChain.java:117)
08-05 11:41:35.882 29746 30704 E baseline.com.newsblur.network.APIResponse: 	at okhttp3.RealCall.getResponseWithInterceptorChain(RealCall.java:229)
08-05 11:41:35.882 29746 30704 E baseline.com.newsblur.network.APIResponse: 	at okhttp3.RealCall.execute(RealCall.java:81)
08-05 11:41:35.882 29746 30704 E baseline.com.newsblur.network.APIResponse: 	at baseline.com.newsblur.network.APIResponse.<init>(APIResponse.java:57)
08-05 11:41:35.882 29746 30704 E baseline.com.newsblur.network.APIResponse: 	at baseline.com.newsblur.network.APIResponse.<init>(APIResponse.java:43)
08-05 11:41:35.882 29746 30704 E baseline.com.newsblur.network.APIResponse: 	at baseline.com.newsblur.network.APIManager.post_single(APIManager.java:702)
08-05 11:41:35.882 29746 30704 E baseline.com.newsblur.network.APIResponse: 	at baseline.com.newsblur.network.APIManager.post(APIManager.java:675)
08-05 11:41:35.882 29746 30704 E baseline.com.newsblur.network.APIResponse: 	at baseline.com.newsblur.network.APIManager.post(APIManager.java:714)
08-05 11:41:35.882 29746 30704 E baseline.com.newsblur.network.APIResponse: 	at baseline.com.newsblur.network.APIManager.markStoryAsRead(APIManager.java:205)
08-05 11:41:35.882 29746 30704 E baseline.com.newsblur.network.APIResponse: 	at baseline.com.newsblur.util.ReadingAction.doRemote(ReadingAction.java:281)
08-05 11:41:35.882 29746 30704 E baseline.com.newsblur.network.APIResponse: 	at baseline.com.newsblur.service.NBSyncService.syncActions(NBSyncService.java:400)
08-05 11:41:35.882 29746 30704 E baseline.com.newsblur.network.APIResponse: 	at baseline.com.newsblur.service.NBSyncService.doSync(NBSyncService.java:298)
08-05 11:41:35.882 29746 30704 E baseline.com.newsblur.network.APIResponse: 	at baseline.com.newsblur.service.NBSyncService.access$100(NBSyncService.java:67)
08-05 11:41:35.882 29746 30704 E baseline.com.newsblur.network.APIResponse: 	at baseline.com.newsblur.service.NBSyncService$1.run(NBSyncService.java:188)
08-05 11:41:35.882 29746 30704 E baseline.com.newsblur.network.APIResponse: 	at java.util.concurrent.ThreadPoolExecutor.runWorker(ThreadPoolExecutor.java:1113)
08-05 11:41:35.882 29746 30704 E baseline.com.newsblur.network.APIResponse: 	at java.util.concurrent.ThreadPoolExecutor$Worker.run(ThreadPoolExecutor.java:588)
08-05 11:41:35.882 29746 30704 E baseline.com.newsblur.network.APIResponse: 	at java.lang.Thread.run(Thread.java:818)
08-05 11:41:35.882 29746 30704 E baseline.com.newsblur.network.APIResponse: Caused by: java.io.EOFException: \n not found: limit=0 content=
08-05 11:41:35.882 29746 30704 E baseline.com.newsblur.network.APIResponse: 	at okio.RealBufferedSource.readUtf8LineStrict(RealBufferedSource.java:240)
08-05 11:41:35.882 29746 30704 E baseline.com.newsblur.network.APIResponse: 	at okhttp3.internal.http1.Http1ExchangeCodec.readHeaderLine(Http1ExchangeCodec.java:242)
08-05 11:41:35.882 29746 30704 E baseline.com.newsblur.network.APIResponse: 	at okhttp3.internal.http1.Http1ExchangeCodec.readResponseHeaders(Http1ExchangeCodec.java:213)
08-05 11:41:35.882 29746 30704 E baseline.com.newsblur.network.APIResponse: 	... 30 more
08-05 11:41:35.883 29746 30704 I baseline.com.newsblur.network.APIManager: API call failed, pausing before retry number 2
08-05 11:41:35.913 29746 31254 I art     : Explicit concurrent mark sweep GC freed 4060(349KB) AllocSpace objects, 3(60KB) LOS objects, 28% free, 40MB/56MB, paused 1.086ms total 41.578ms
08-05 11:41:35.924 29746 31254 I art     : Starting a blocking GC Explicit
08-05 11:41:35.964 29746 31254 I art     : Explicit concurrent mark sweep GC freed 176(18KB) AllocSpace objects, 0(0B) LOS objects, 28% free, 40MB/56MB, paused 1.072ms total 39.800ms
08-05 11:41:35.975 29746 31254 I art     : Starting a blocking GC Explicit
08-05 11:41:36.014 29746 31254 I art     : Explicit concurrent mark sweep GC freed 28(928B) AllocSpace objects, 0(0B) LOS objects, 28% free, 40MB/56MB, paused 1.076ms total 39.400ms
08-05 11:41:36.025 29746 31254 I art     : Starting a blocking GC Explicit
08-05 11:41:36.064 29746 31254 I art     : Explicit concurrent mark sweep GC freed 6(192B) AllocSpace objects, 0(0B) LOS objects, 28% free, 40MB/56MB, paused 1.084ms total 39.450ms
08-05 11:41:36.075 29746 31254 I art     : Starting a blocking GC Explicit
08-05 11:41:36.115 29746 31254 I art     : Explicit concurrent mark sweep GC freed 6(192B) AllocSpace objects, 0(0B) LOS objects, 28% free, 40MB/56MB, paused 1.022ms total 39.450ms
08-05 11:41:36.444 29746 29758 I art     : Starting a blocking GC Explicit
08-05 11:41:36.491 29746 29758 I art     : Explicit concurrent mark sweep GC freed 1488(84KB) AllocSpace objects, 1(20KB) LOS objects, 28% free, 40MB/56MB, paused 1.301ms total 45.945ms
08-05 11:41:36.503 29746 29758 I art     : Starting a blocking GC Explicit
08-05 11:41:36.520 28584 28584 I ServiceManager: Waiting for service AtCmdFwd...
08-05 11:41:36.543 29746 29758 I art     : Explicit concurrent mark sweep GC freed 31(1072B) AllocSpace objects, 0(0B) LOS objects, 28% free, 40MB/56MB, paused 1.200ms total 39.810ms
08-05 11:41:36.555 29746 29758 I art     : Starting a blocking GC Explicit
08-05 11:41:36.596 29746 29758 I art     : Explicit concurrent mark sweep GC freed 11(352B) AllocSpace objects, 0(0B) LOS objects, 28% free, 40MB/56MB, paused 1.311ms total 40.896ms
08-05 11:41:36.609 29746 29758 I art     : Starting a blocking GC Explicit
08-05 11:41:36.650 29746 29758 I art     : Explicit concurrent mark sweep GC freed 7(224B) AllocSpace objects, 0(0B) LOS objects, 28% free, 40MB/56MB, paused 1.086ms total 41.299ms
08-05 11:41:36.661 29746 29758 I art     : Starting a blocking GC Explicit
08-05 11:41:36.702 29746 29758 I art     : Explicit concurrent mark sweep GC freed 5(160B) AllocSpace objects, 0(0B) LOS objects, 28% free, 40MB/56MB, paused 2.107ms total 40.405ms
08-05 11:41:37.049 29746 31254 I art     : Starting a blocking GC Explicit
08-05 11:41:37.090 29746 31254 I art     : Explicit concurrent mark sweep GC freed 1470(84KB) AllocSpace objects, 1(20KB) LOS objects, 28% free, 40MB/56MB, paused 1.174ms total 40.561ms
08-05 11:41:37.101 29746 31254 I art     : Starting a blocking GC Explicit
08-05 11:41:37.140 29746 31254 I art     : Explicit concurrent mark sweep GC freed 25(880B) AllocSpace objects, 0(0B) LOS objects, 28% free, 40MB/56MB, paused 1.070ms total 39.096ms
08-05 11:41:37.150 29746 31254 I art     : Starting a blocking GC Explicit
08-05 11:41:37.189 29746 31254 I art     : Explicit concurrent mark sweep GC freed 6(192B) AllocSpace objects, 0(0B) LOS objects, 28% free, 40MB/56MB, paused 1.169ms total 38.817ms
08-05 11:41:37.200 29746 31254 I art     : Starting a blocking GC Explicit
08-05 11:41:37.239 29746 31254 I art     : Explicit concurrent mark sweep GC freed 6(192B) AllocSpace objects, 0(0B) LOS objects, 28% free, 40MB/56MB, paused 1.157ms total 38.836ms
08-05 11:41:37.250 29746 31254 I art     : Starting a blocking GC Explicit
08-05 11:41:37.289 29746 31254 I art     : Explicit concurrent mark sweep GC freed 6(192B) AllocSpace objects, 0(0B) LOS objects, 28% free, 40MB/56MB, paused 1.164ms total 39.545ms
08-05 11:41:37.520 28584 28584 I ServiceManager: Waiting for service AtCmdFwd...
08-05 11:41:37.654 29746 29758 I art     : Starting a blocking GC Explicit
08-05 11:41:37.696 29746 29758 I art     : Explicit concurrent mark sweep GC freed 1470(84KB) AllocSpace objects, 1(20KB) LOS objects, 28% free, 40MB/56MB, paused 1.142ms total 41.542ms
08-05 11:41:37.707 29746 29758 I art     : Starting a blocking GC Explicit
08-05 11:41:37.747 29746 29758 I art     : Explicit concurrent mark sweep GC freed 25(880B) AllocSpace objects, 0(0B) LOS objects, 28% free, 40MB/56MB, paused 1.126ms total 39.404ms
08-05 11:41:37.757 29746 29758 I art     : Starting a blocking GC Explicit
08-05 11:41:37.798 29746 29758 I art     : Explicit concurrent mark sweep GC freed 6(192B) AllocSpace objects, 0(0B) LOS objects, 28% free, 40MB/56MB, paused 1.047ms total 40.580ms
08-05 11:41:37.809 29746 29758 I art     : Starting a blocking GC Explicit
08-05 11:41:37.848 29746 29758 I art     : Explicit concurrent mark sweep GC freed 6(192B) AllocSpace objects, 0(0B) LOS objects, 28% free, 40MB/56MB, paused 1.117ms total 39.037ms
08-05 11:41:37.858 29746 29758 I art     : Starting a blocking GC Explicit
08-05 11:41:37.898 29746 29758 I art     : Explicit concurrent mark sweep GC freed 6(192B) AllocSpace objects, 0(0B) LOS objects, 28% free, 40MB/56MB, paused 1.055ms total 39.844ms
08-05 11:41:38.264 29746 29758 I art     : Starting a blocking GC Explicit
08-05 11:41:38.305 29746 29758 I art     : Explicit concurrent mark sweep GC freed 1469(83KB) AllocSpace objects, 1(20KB) LOS objects, 28% free, 40MB/56MB, paused 1.043ms total 40.983ms
08-05 11:41:38.316 29746 29758 I art     : Starting a blocking GC Explicit
08-05 11:41:38.357 29746 29758 I art     : Explicit concurrent mark sweep GC freed 25(880B) AllocSpace objects, 0(0B) LOS objects, 28% free, 40MB/56MB, paused 1.105ms total 41.216ms
08-05 11:41:38.367 29746 29758 I art     : Starting a blocking GC Explicit
08-05 11:41:38.406 29746 29758 I art     : Explicit concurrent mark sweep GC freed 6(192B) AllocSpace objects, 0(0B) LOS objects, 28% free, 40MB/56MB, paused 1.096ms total 38.632ms
08-05 11:41:38.417 29746 29758 I art     : Starting a blocking GC Explicit
08-05 11:41:38.457 29746 29758 I art     : Explicit concurrent mark sweep GC freed 6(192B) AllocSpace objects, 0(0B) LOS objects, 28% free, 40MB/56MB, paused 1.282ms total 39.618ms
08-05 11:41:38.467 29746 29758 I art     : Starting a blocking GC Explicit
08-05 11:41:38.507 29746 29758 I art     : Explicit concurrent mark sweep GC freed 6(192B) AllocSpace objects, 0(0B) LOS objects, 28% free, 40MB/56MB, paused 1.224ms total 39.635ms
08-05 11:41:38.520 28584 28584 W Atfwd_Sendcmd: AtCmdFwd service not published, waiting... retryCnt : 1
08-05 11:41:38.878 29746 29774 I art     : Starting a blocking GC Explicit
08-05 11:41:38.919 29746 29774 I art     : Explicit concurrent mark sweep GC freed 1560(87KB) AllocSpace objects, 1(20KB) LOS objects, 28% free, 40MB/56MB, paused 1.203ms total 40.818ms
08-05 11:41:38.930 29746 29774 I art     : Starting a blocking GC Explicit
08-05 11:41:38.967 29746 29774 I art     : Explicit concurrent mark sweep GC freed 30(1104B) AllocSpace objects, 0(0B) LOS objects, 28% free, 40MB/56MB, paused 1.294ms total 37.243ms
08-05 11:41:38.977 29746 29774 I art     : Starting a blocking GC Explicit
08-05 11:41:39.016 29746 29774 I art     : Explicit concurrent mark sweep GC freed 18(752B) AllocSpace objects, 0(0B) LOS objects, 28% free, 40MB/56MB, paused 1.058ms total 38.728ms
08-05 11:41:39.026 29746 29774 I art     : Starting a blocking GC Explicit
08-05 11:41:39.065 29746 29774 I art     : Explicit concurrent mark sweep GC freed 68(4KB) AllocSpace objects, 0(0B) LOS objects, 28% free, 40MB/56MB, paused 1.152ms total 38.583ms
08-05 11:41:39.075 29746 29774 I art     : Starting a blocking GC Explicit
08-05 11:41:39.114 29746 29774 I art     : Explicit concurrent mark sweep GC freed 6(192B) AllocSpace objects, 0(0B) LOS objects, 28% free, 40MB/56MB, paused 1.134ms total 38.354ms
08-05 11:41:39.346   918  1210 D NetlinkSocketObserver: NeighborEvent{elapsedMs=1774303221, 192.168.2.254, [7C3953A63323], RTM_NEWNEIGH, NUD_STALE}
08-05 11:41:39.451 29746 29758 I art     : Starting a blocking GC Explicit
08-05 11:41:39.471 29746 30704 E baseline.com.newsblur.network.APIResponse: Error (unexpected end of stream on https://www.newsblur.com/...) calling https://www.newsblur.com/reader/mark_story_hashes_as_read/
08-05 11:41:39.471 29746 30704 E baseline.com.newsblur.network.APIResponse: java.io.IOException: unexpected end of stream on https://www.newsblur.com/...
08-05 11:41:39.471 29746 30704 E baseline.com.newsblur.network.APIResponse: 	at okhttp3.internal.http1.Http1ExchangeCodec.readResponseHeaders(Http1ExchangeCodec.java:236)
08-05 11:41:39.471 29746 30704 E baseline.com.newsblur.network.APIResponse: 	at okhttp3.internal.connection.Exchange.readResponseHeaders(Exchange.java:115)
08-05 11:41:39.471 29746 30704 E baseline.com.newsblur.network.APIResponse: 	at okhttp3.internal.http.CallServerInterceptor.intercept(CallServerInterceptor.java:94)
08-05 11:41:39.471 29746 30704 E baseline.com.newsblur.network.APIResponse: 	at okhttp3.internal.http.RealInterceptorChain.proceed(RealInterceptorChain.java:142)
08-05 11:41:39.471 29746 30704 E baseline.com.newsblur.network.APIResponse: 	at okhttp3.internal.connection.ConnectInterceptor.intercept(ConnectInterceptor.java:43)
08-05 11:41:39.471 29746 30704 E baseline.com.newsblur.network.APIResponse: 	at okhttp3.internal.http.RealInterceptorChain.proceed(RealInterceptorChain.java:142)
08-05 11:41:39.471 29746 30704 E baseline.com.newsblur.network.APIResponse: 	at okhttp3.internal.http.RealInterceptorChain.proceed(RealInterceptorChain.java:117)
08-05 11:41:39.471 29746 30704 E baseline.com.newsblur.network.APIResponse: 	at okhttp3.internal.cache.CacheInterceptor.intercept(CacheInterceptor.java:94)
08-05 11:41:39.471 29746 30704 E baseline.com.newsblur.network.APIResponse: 	at okhttp3.internal.http.RealInterceptorChain.proceed(RealInterceptorChain.java:142)
08-05 11:41:39.471 29746 30704 E baseline.com.newsblur.network.APIResponse: 	at okhttp3.internal.http.RealInterceptorChain.proceed(RealInterceptorChain.java:117)
08-05 11:41:39.471 29746 30704 E baseline.com.newsblur.network.APIResponse: 	at okhttp3.internal.http.BridgeInterceptor.intercept(BridgeInterceptor.java:93)
08-05 11:41:39.471 29746 30704 E baseline.com.newsblur.network.APIResponse: 	at okhttp3.internal.http.RealInterceptorChain.proceed(RealInterceptorChain.java:142)
08-05 11:41:39.471 29746 30704 E baseline.com.newsblur.network.APIResponse: 	at okhttp3.internal.http.RetryAndFollowUpInterceptor.intercept(RetryAndFollowUpInterceptor.java:88)
08-05 11:41:39.471 29746 30704 E baseline.com.newsblur.network.APIResponse: 	at okhttp3.internal.http.RealInterceptorChain.proceed(RealInterceptorChain.java:142)
08-05 11:41:39.471 29746 30704 E baseline.com.newsblur.network.APIResponse: 	at okhttp3.internal.http.RealInterceptorChain.proceed(RealInterceptorChain.java:117)
08-05 11:41:39.471 29746 30704 E baseline.com.newsblur.network.APIResponse: 	at okhttp3.RealCall.getResponseWithInterceptorChain(RealCall.java:229)
08-05 11:41:39.471 29746 30704 E baseline.com.newsblur.network.APIResponse: 	at okhttp3.RealCall.execute(RealCall.java:81)
08-05 11:41:39.471 29746 30704 E baseline.com.newsblur.network.APIResponse: 	at baseline.com.newsblur.network.APIResponse.<init>(APIResponse.java:57)
08-05 11:41:39.471 29746 30704 E baseline.com.newsblur.network.APIResponse: 	at baseline.com.newsblur.network.APIResponse.<init>(APIResponse.java:43)
08-05 11:41:39.471 29746 30704 E baseline.com.newsblur.network.APIResponse: 	at baseline.com.newsblur.network.APIManager.post_single(APIManager.java:702)
08-05 11:41:39.471 29746 30704 E baseline.com.newsblur.network.APIResponse: 	at baseline.com.newsblur.network.APIManager.post(APIManager.java:675)
08-05 11:41:39.471 29746 30704 E baseline.com.newsblur.network.APIResponse: 	at baseline.com.newsblur.network.APIManager.post(APIManager.java:714)
08-05 11:41:39.471 29746 30704 E baseline.com.newsblur.network.APIResponse: 	at baseline.com.newsblur.network.APIManager.markStoryAsRead(APIManager.java:205)
08-05 11:41:39.471 29746 30704 E baseline.com.newsblur.network.APIResponse: 	at baseline.com.newsblur.util.ReadingAction.doRemote(ReadingAction.java:281)
08-05 11:41:39.471 29746 30704 E baseline.com.newsblur.network.APIResponse: 	at baseline.com.newsblur.service.NBSyncService.syncActions(NBSyncService.java:400)
08-05 11:41:39.471 29746 30704 E baseline.com.newsblur.network.APIResponse: 	at baseline.com.newsblur.service.NBSyncService.doSync(NBSyncService.java:298)
08-05 11:41:39.471 29746 30704 E baseline.com.newsblur.network.APIResponse: 	at baseline.com.newsblur.service.NBSyncService.access$100(NBSyncService.java:67)
08-05 11:41:39.471 29746 30704 E baseline.com.newsblur.network.APIResponse: 	at baseline.com.newsblur.service.NBSyncService$1.run(NBSyncService.java:188)
08-05 11:41:39.471 29746 30704 E baseline.com.newsblur.network.APIResponse: 	at java.util.concurrent.ThreadPoolExecutor.runWorker(ThreadPoolExecutor.java:1113)
08-05 11:41:39.471 29746 30704 E baseline.com.newsblur.network.APIResponse: 	at java.util.concurrent.ThreadPoolExecutor$Worker.run(ThreadPoolExecutor.java:588)
08-05 11:41:39.471 29746 30704 E baseline.com.newsblur.network.APIResponse: 	at java.lang.Thread.run(Thread.java:818)
08-05 11:41:39.471 29746 30704 E baseline.com.newsblur.network.APIResponse: Caused by: java.io.EOFException: \n not found: limit=0 content=
08-05 11:41:39.471 29746 30704 E baseline.com.newsblur.network.APIResponse: 	at okio.RealBufferedSource.readUtf8LineStrict(RealBufferedSource.java:240)
08-05 11:41:39.471 29746 30704 E baseline.com.newsblur.network.APIResponse: 	at okhttp3.internal.http1.Http1ExchangeCodec.readHeaderLine(Http1ExchangeCodec.java:242)
08-05 11:41:39.471 29746 30704 E baseline.com.newsblur.network.APIResponse: 	at okhttp3.internal.http1.Http1ExchangeCodec.readResponseHeaders(Http1ExchangeCodec.java:213)
08-05 11:41:39.471 29746 30704 E baseline.com.newsblur.network.APIResponse: 	... 30 more
08-05 11:41:39.473 29746 30704 I baseline.com.newsblur.service.NBSyncService: Holding reading action with server-side or network error.
08-05 11:41:39.490 29746 30704 W baseline.com.newsblur.service.NBSyncService: hard API failure
08-05 11:41:39.493 29746 29758 I art     : Explicit concurrent mark sweep GC freed 3931(344KB) AllocSpace objects, 3(60KB) LOS objects, 28% free, 40MB/56MB, paused 1.108ms total 41.970ms
08-05 11:41:39.504 29746 29758 I art     : Starting a blocking GC Explicit
08-05 11:41:39.504 29746 30704 I baseline.com.newsblur.service.NBSyncService: recounting dirty feed sets: 1
08-05 11:41:39.541 29746 29758 I art     : Explicit concurrent mark sweep GC freed 1016(99KB) AllocSpace objects, 2(40KB) LOS objects, 28% free, 40MB/56MB, paused 1.107ms total 36.940ms
08-05 11:41:39.542 29746 29757 I art     : WaitForGcToComplete blocked for 23.936ms for cause HeapTrim
08-05 11:41:39.551 29746 29758 I art     : Starting a blocking GC Explicit
08-05 11:41:39.589 29746 29758 I art     : Explicit concurrent mark sweep GC freed 210(8KB) AllocSpace objects, 0(0B) LOS objects, 28% free, 40MB/56MB, paused 1.134ms total 37.354ms
08-05 11:41:39.599 29746 29758 I art     : Starting a blocking GC Explicit
08-05 11:41:39.638 29746 29758 I art     : Explicit concurrent mark sweep GC freed 6(192B) AllocSpace objects, 0(0B) LOS objects, 28% free, 40MB/56MB, paused 1.162ms total 39.032ms
08-05 11:41:39.649 29746 29758 I art     : Starting a blocking GC Explicit
08-05 11:41:39.689 29746 29758 I art     : Explicit concurrent mark sweep GC freed 5(160B) AllocSpace objects, 0(0B) LOS objects, 28% free, 40MB/56MB, paused 2.028ms total 39.744ms
08-05 11:41:39.979 29746 30704 E baseline.com.newsblur.network.APIResponse: Error (unexpected end of stream on https://www.newsblur.com/...) calling https://www.newsblur.com/reader/feed_unread_count?feed_id=0
08-05 11:41:39.979 29746 30704 E baseline.com.newsblur.network.APIResponse: java.io.IOException: unexpected end of stream on https://www.newsblur.com/...
08-05 11:41:39.979 29746 30704 E baseline.com.newsblur.network.APIResponse: 	at okhttp3.internal.http1.Http1ExchangeCodec.readResponseHeaders(Http1ExchangeCodec.java:236)
08-05 11:41:39.979 29746 30704 E baseline.com.newsblur.network.APIResponse: 	at okhttp3.internal.connection.Exchange.readResponseHeaders(Exchange.java:115)
08-05 11:41:39.979 29746 30704 E baseline.com.newsblur.network.APIResponse: 	at okhttp3.internal.http.CallServerInterceptor.intercept(CallServerInterceptor.java:94)
08-05 11:41:39.979 29746 30704 E baseline.com.newsblur.network.APIResponse: 	at okhttp3.internal.http.RealInterceptorChain.proceed(RealInterceptorChain.java:142)
08-05 11:41:39.979 29746 30704 E baseline.com.newsblur.network.APIResponse: 	at okhttp3.internal.connection.ConnectInterceptor.intercept(ConnectInterceptor.java:43)
08-05 11:41:39.979 29746 30704 E baseline.com.newsblur.network.APIResponse: 	at okhttp3.internal.http.RealInterceptorChain.proceed(RealInterceptorChain.java:142)
08-05 11:41:39.979 29746 30704 E baseline.com.newsblur.network.APIResponse: 	at okhttp3.internal.http.RealInterceptorChain.proceed(RealInterceptorChain.java:117)
08-05 11:41:39.979 29746 30704 E baseline.com.newsblur.network.APIResponse: 	at okhttp3.internal.cache.CacheInterceptor.intercept(CacheInterceptor.java:94)
08-05 11:41:39.979 29746 30704 E baseline.com.newsblur.network.APIResponse: 	at okhttp3.internal.http.RealInterceptorChain.proceed(RealInterceptorChain.java:142)
08-05 11:41:39.979 29746 30704 E baseline.com.newsblur.network.APIResponse: 	at okhttp3.internal.http.RealInterceptorChain.proceed(RealInterceptorChain.java:117)
08-05 11:41:39.979 29746 30704 E baseline.com.newsblur.network.APIResponse: 	at okhttp3.internal.http.BridgeInterceptor.intercept(BridgeInterceptor.java:93)
08-05 11:41:39.979 29746 30704 E baseline.com.newsblur.network.APIResponse: 	at okhttp3.internal.http.RealInterceptorChain.proceed(RealInterceptorChain.java:142)
08-05 11:41:39.979 29746 30704 E baseline.com.newsblur.network.APIResponse: 	at okhttp3.internal.http.RetryAndFollowUpInterceptor.intercept(RetryAndFollowUpInterceptor.java:88)
08-05 11:41:39.979 29746 30704 E baseline.com.newsblur.network.APIResponse: 	at okhttp3.internal.http.RealInterceptorChain.proceed(RealInterceptorChain.java:142)
08-05 11:41:39.979 29746 30704 E baseline.com.newsblur.network.APIResponse: 	at okhttp3.internal.http.RealInterceptorChain.proceed(RealInterceptorChain.java:117)
08-05 11:41:39.979 29746 30704 E baseline.com.newsblur.network.APIResponse: 	at okhttp3.RealCall.getResponseWithInterceptorChain(RealCall.java:229)
08-05 11:41:39.979 29746 30704 E baseline.com.newsblur.network.APIResponse: 	at okhttp3.RealCall.execute(RealCall.java:81)
08-05 11:41:39.979 29746 30704 E baseline.com.newsblur.network.APIResponse: 	at baseline.com.newsblur.network.APIResponse.<init>(APIResponse.java:57)
08-05 11:41:39.979 29746 30704 E baseline.com.newsblur.network.APIResponse: 	at baseline.com.newsblur.network.APIManager.get_single(APIManager.java:639)
08-05 11:41:39.979 29746 30704 E baseline.com.newsblur.network.APIResponse: 	at baseline.com.newsblur.network.APIManager.get(APIManager.java:625)
08-05 11:41:39.979 29746 30704 E baseline.com.newsblur.network.APIResponse: 	at baseline.com.newsblur.network.APIManager.get(APIManager.java:667)
08-05 11:41:39.979 29746 30704 E baseline.com.newsblur.network.APIResponse: 	at baseline.com.newsblur.network.APIManager.getFeedUnreadCounts(APIManager.java:274)
08-05 11:41:39.979 29746 30704 E baseline.com.newsblur.network.APIResponse: 	at baseline.com.newsblur.service.NBSyncService.checkRecounts(NBSyncService.java:660)
08-05 11:41:39.979 29746 30704 E baseline.com.newsblur.network.APIResponse: 	at baseline.com.newsblur.service.NBSyncService.doSync(NBSyncService.java:310)
08-05 11:41:39.979 29746 30704 E baseline.com.newsblur.network.APIResponse: 	at baseline.com.newsblur.service.NBSyncService.access$100(NBSyncService.java:67)
08-05 11:41:39.979 29746 30704 E baseline.com.newsblur.network.APIResponse: 	at baseline.com.newsblur.service.NBSyncService$1.run(NBSyncService.java:188)
08-05 11:41:39.979 29746 30704 E baseline.com.newsblur.network.APIResponse: 	at java.util.concurrent.ThreadPoolExecutor.runWorker(ThreadPoolExecutor.java:1113)
08-05 11:41:39.979 29746 30704 E baseline.com.newsblur.network.APIResponse: 	at java.util.concurrent.ThreadPoolExecutor$Worker.run(ThreadPoolExecutor.java:588)
08-05 11:41:39.979 29746 30704 E baseline.com.newsblur.network.APIResponse: 	at java.lang.Thread.run(Thread.java:818)
08-05 11:41:39.979 29746 30704 E baseline.com.newsblur.network.APIResponse: Caused by: java.io.EOFException: \n not found: limit=0 content=
08-05 11:41:39.979 29746 30704 E baseline.com.newsblur.network.APIResponse: 	at okio.RealBufferedSource.readUtf8LineStrict(RealBufferedSource.java:240)
08-05 11:41:39.979 29746 30704 E baseline.com.newsblur.network.APIResponse: 	at okhttp3.internal.http1.Http1ExchangeCodec.readHeaderLine(Http1ExchangeCodec.java:242)
08-05 11:41:39.979 29746 30704 E baseline.com.newsblur.network.APIResponse: 	at okhttp3.internal.http1.Http1ExchangeCodec.readResponseHeaders(Http1ExchangeCodec.java:213)
08-05 11:41:39.979 29746 30704 E baseline.com.newsblur.network.APIResponse: 	... 28 more
08-05 11:41:39.981 29746 30704 I baseline.com.newsblur.network.APIManager: API call failed, pausing before retry number 1
08-05 11:41:40.039 29746 29774 I art     : Starting a blocking GC Explicit
08-05 11:41:40.081 29746 29774 I art     : Explicit concurrent mark sweep GC freed 3967(357KB) AllocSpace objects, 3(60KB) LOS objects, 28% free, 40MB/56MB, paused 1.238ms total 41.105ms
08-05 11:41:40.091 29746 29774 I art     : Starting a blocking GC Explicit
08-05 11:41:40.129 29746 29774 I art     : Explicit concurrent mark sweep GC freed 123(4KB) AllocSpace objects, 0(0B) LOS objects, 28% free, 40MB/56MB, paused 1.110ms total 37.413ms
08-05 11:41:40.139 29746 29774 I art     : Starting a blocking GC Explicit
08-05 11:41:40.178 29746 29774 I art     : Explicit concurrent mark sweep GC freed 6(192B) AllocSpace objects, 0(0B) LOS objects, 28% free, 40MB/56MB, paused 1.244ms total 38.409ms
08-05 11:41:40.188 29746 29774 I art     : Starting a blocking GC Explicit
08-05 11:41:40.227 29746 29774 I art     : Explicit concurrent mark sweep GC freed 6(192B) AllocSpace objects, 0(0B) LOS objects, 28% free, 40MB/56MB, paused 1.066ms total 39.054ms
08-05 11:41:40.238 29746 29774 I art     : Starting a blocking GC Explicit
08-05 11:41:40.276 29746 29774 I art     : Explicit concurrent mark sweep GC freed 6(192B) AllocSpace objects, 0(0B) LOS objects, 28% free, 40MB/56MB, paused 1.090ms total 38.194ms
08-05 11:41:40.514   518   646 I ThermalEngine: ACTION: GPU - Setting GPU[0] to 600000000
08-05 11:41:40.634 29746 29759 I art     : Starting a blocking GC Explicit
08-05 11:41:40.668 29746 29759 I art     : Explicit concurrent mark sweep GC freed 1466(83KB) AllocSpace objects, 1(20KB) LOS objects, 28% free, 40MB/56MB, paused 847us total 34.173ms
08-05 11:41:40.677 29746 29759 I art     : Starting a blocking GC Explicit
08-05 11:41:40.709 29746 29759 I art     : Explicit concurrent mark sweep GC freed 25(880B) AllocSpace objects, 0(0B) LOS objects, 28% free, 40MB/56MB, paused 870us total 31.539ms
08-05 11:41:40.717 29746 29759 I art     : Starting a blocking GC Explicit
08-05 11:41:40.746 29746 29759 I art     : Explicit concurrent mark sweep GC freed 5(160B) AllocSpace objects, 0(0B) LOS objects, 28% free, 40MB/56MB, paused 781us total 28.773ms
08-05 11:41:40.753 29746 29759 I art     : Starting a blocking GC Explicit
08-05 11:41:40.783 29746 29759 I art     : Explicit concurrent mark sweep GC freed 5(160B) AllocSpace objects, 0(0B) LOS objects, 28% free, 40MB/56MB, paused 847us total 29.007ms
08-05 11:41:40.790 29746 29759 I art     : Starting a blocking GC Explicit
08-05 11:41:40.820 29746 29759 I art     : Explicit concurrent mark sweep GC freed 6(192B) AllocSpace objects, 0(0B) LOS objects, 28% free, 40MB/56MB, paused 792us total 30.008ms
08-05 11:41:41.167 29746 31254 I art     : Starting a blocking GC Explicit
08-05 11:41:41.201 29746 31254 I art     : Explicit concurrent mark sweep GC freed 1466(83KB) AllocSpace objects, 1(20KB) LOS objects, 28% free, 40MB/56MB, paused 883us total 33.748ms
08-05 11:41:41.210 29746 31254 I art     : Starting a blocking GC Explicit
08-05 11:41:41.241 29746 31254 I art     : Explicit concurrent mark sweep GC freed 25(880B) AllocSpace objects, 0(0B) LOS objects, 28% free, 40MB/56MB, paused 757us total 30.763ms
08-05 11:41:41.249 29746 31254 I art     : Starting a blocking GC Explicit
08-05 11:41:41.280 29746 31254 I art     : Explicit concurrent mark sweep GC freed 5(160B) AllocSpace objects, 0(0B) LOS objects, 28% free, 40MB/56MB, paused 884us total 30.532ms
08-05 11:41:41.288 29746 31254 I art     : Starting a blocking GC Explicit
08-05 11:41:41.319 29746 31254 I art     : Explicit concurrent mark sweep GC freed 5(160B) AllocSpace objects, 0(0B) LOS objects, 28% free, 40MB/56MB, paused 750us total 30.899ms
08-05 11:41:41.327 29746 31254 I art     : Starting a blocking GC Explicit
08-05 11:41:41.359 29746 31254 I art     : Explicit concurrent mark sweep GC freed 6(192B) AllocSpace objects, 0(0B) LOS objects, 28% free, 40MB/56MB, paused 1.190ms total 31.099ms
08-05 11:41:41.704 29746 29759 I art     : Starting a blocking GC Explicit
08-05 11:41:41.739 29746 29759 I art     : Explicit concurrent mark sweep GC freed 1633(92KB) AllocSpace objects, 1(20KB) LOS objects, 28% free, 40MB/56MB, paused 927us total 34.217ms
08-05 11:41:41.747 29746 29759 I art     : Starting a blocking GC Explicit
08-05 11:41:41.777 29746 29759 I art     : Explicit concurrent mark sweep GC freed 31(1136B) AllocSpace objects, 0(0B) LOS objects, 28% free, 40MB/56MB, paused 807us total 29.915ms
08-05 11:41:41.785 29746 29759 I art     : Starting a blocking GC Explicit
08-05 11:41:41.815 29746 29759 I art     : Explicit concurrent mark sweep GC freed 5(160B) AllocSpace objects, 0(0B) LOS objects, 28% free, 40MB/56MB, paused 850us total 29.685ms
08-05 11:41:41.823 29746 29759 I art     : Starting a blocking GC Explicit
08-05 11:41:41.854 29746 29759 I art     : Explicit concurrent mark sweep GC freed 5(160B) AllocSpace objects, 0(0B) LOS objects, 28% free, 40MB/56MB, paused 781us total 30.923ms
08-05 11:41:41.862 29746 29759 I art     : Starting a blocking GC Explicit
08-05 11:41:41.893 29746 29759 I art     : Explicit concurrent mark sweep GC freed 6(192B) AllocSpace objects, 0(0B) LOS objects, 28% free, 40MB/56MB, paused 852us total 30.567ms
08-05 11:41:42.050 29746 30704 E baseline.com.newsblur.network.APIResponse: Error (unexpected end of stream on https://www.newsblur.com/...) calling https://www.newsblur.com/reader/feed_unread_count?feed_id=0
08-05 11:41:42.050 29746 30704 E baseline.com.newsblur.network.APIResponse: java.io.IOException: unexpected end of stream on https://www.newsblur.com/...
08-05 11:41:42.050 29746 30704 E baseline.com.newsblur.network.APIResponse: 	at okhttp3.internal.http1.Http1ExchangeCodec.readResponseHeaders(Http1ExchangeCodec.java:236)
08-05 11:41:42.050 29746 30704 E baseline.com.newsblur.network.APIResponse: 	at okhttp3.internal.connection.Exchange.readResponseHeaders(Exchange.java:115)
08-05 11:41:42.050 29746 30704 E baseline.com.newsblur.network.APIResponse: 	at okhttp3.internal.http.CallServerInterceptor.intercept(CallServerInterceptor.java:94)
08-05 11:41:42.050 29746 30704 E baseline.com.newsblur.network.APIResponse: 	at okhttp3.internal.http.RealInterceptorChain.proceed(RealInterceptorChain.java:142)
08-05 11:41:42.050 29746 30704 E baseline.com.newsblur.network.APIResponse: 	at okhttp3.internal.connection.ConnectInterceptor.intercept(ConnectInterceptor.java:43)
08-05 11:41:42.050 29746 30704 E baseline.com.newsblur.network.APIResponse: 	at okhttp3.internal.http.RealInterceptorChain.proceed(RealInterceptorChain.java:142)
08-05 11:41:42.050 29746 30704 E baseline.com.newsblur.network.APIResponse: 	at okhttp3.internal.http.RealInterceptorChain.proceed(RealInterceptorChain.java:117)
08-05 11:41:42.050 29746 30704 E baseline.com.newsblur.network.APIResponse: 	at okhttp3.internal.cache.CacheInterceptor.intercept(CacheInterceptor.java:94)
08-05 11:41:42.050 29746 30704 E baseline.com.newsblur.network.APIResponse: 	at okhttp3.internal.http.RealInterceptorChain.proceed(RealInterceptorChain.java:142)
08-05 11:41:42.050 29746 30704 E baseline.com.newsblur.network.APIResponse: 	at okhttp3.internal.http.RealInterceptorChain.proceed(RealInterceptorChain.java:117)
08-05 11:41:42.050 29746 30704 E baseline.com.newsblur.network.APIResponse: 	at okhttp3.internal.http.BridgeInterceptor.intercept(BridgeInterceptor.java:93)
08-05 11:41:42.050 29746 30704 E baseline.com.newsblur.network.APIResponse: 	at okhttp3.internal.http.RealInterceptorChain.proceed(RealInterceptorChain.java:142)
08-05 11:41:42.050 29746 30704 E baseline.com.newsblur.network.APIResponse: 	at okhttp3.internal.http.RetryAndFollowUpInterceptor.intercept(RetryAndFollowUpInterceptor.java:88)
08-05 11:41:42.050 29746 30704 E baseline.com.newsblur.network.APIResponse: 	at okhttp3.internal.http.RealInterceptorChain.proceed(RealInterceptorChain.java:142)
08-05 11:41:42.050 29746 30704 E baseline.com.newsblur.network.APIResponse: 	at okhttp3.internal.http.RealInterceptorChain.proceed(RealInterceptorChain.java:117)
08-05 11:41:42.050 29746 30704 E baseline.com.newsblur.network.APIResponse: 	at okhttp3.RealCall.getResponseWithInterceptorChain(RealCall.java:229)
08-05 11:41:42.050 29746 30704 E baseline.com.newsblur.network.APIResponse: 	at okhttp3.RealCall.execute(RealCall.java:81)
08-05 11:41:42.050 29746 30704 E baseline.com.newsblur.network.APIResponse: 	at baseline.com.newsblur.network.APIResponse.<init>(APIResponse.java:57)
08-05 11:41:42.050 29746 30704 E baseline.com.newsblur.network.APIResponse: 	at baseline.com.newsblur.network.APIManager.get_single(APIManager.java:639)
08-05 11:41:42.050 29746 30704 E baseline.com.newsblur.network.APIResponse: 	at baseline.com.newsblur.network.APIManager.get(APIManager.java:625)
08-05 11:41:42.050 29746 30704 E baseline.com.newsblur.network.APIResponse: 	at baseline.com.newsblur.network.APIManager.get(APIManager.java:667)
08-05 11:41:42.050 29746 30704 E baseline.com.newsblur.network.APIResponse: 	at baseline.com.newsblur.network.APIManager.getFeedUnreadCounts(APIManager.java:274)
08-05 11:41:42.050 29746 30704 E baseline.com.newsblur.network.APIResponse: 	at baseline.com.newsblur.service.NBSyncService.checkRecounts(NBSyncService.java:660)
08-05 11:41:42.050 29746 30704 E baseline.com.newsblur.network.APIResponse: 	at baseline.com.newsblur.service.NBSyncService.doSync(NBSyncService.java:310)
08-05 11:41:42.050 29746 30704 E baseline.com.newsblur.network.APIResponse: 	at baseline.com.newsblur.service.NBSyncService.access$100(NBSyncService.java:67)
08-05 11:41:42.050 29746 30704 E baseline.com.newsblur.network.APIResponse: 	at baseline.com.newsblur.service.NBSyncService$1.run(NBSyncService.java:188)
08-05 11:41:42.050 29746 30704 E baseline.com.newsblur.network.APIResponse: 	at java.util.concurrent.ThreadPoolExecutor.runWorker(ThreadPoolExecutor.java:1113)
08-05 11:41:42.050 29746 30704 E baseline.com.newsblur.network.APIResponse: 	at java.util.concurrent.ThreadPoolExecutor$Worker.run(ThreadPoolExecutor.java:588)
08-05 11:41:42.050 29746 30704 E baseline.com.newsblur.network.APIResponse: 	at java.lang.Thread.run(Thread.java:818)
08-05 11:41:42.050 29746 30704 E baseline.com.newsblur.network.APIResponse: Caused by: java.io.EOFException: \n not found: limit=0 content=
08-05 11:41:42.050 29746 30704 E baseline.com.newsblur.network.APIResponse: 	at okio.RealBufferedSource.readUtf8LineStrict(RealBufferedSource.java:240)
08-05 11:41:42.050 29746 30704 E baseline.com.newsblur.network.APIResponse: 	at okhttp3.internal.http1.Http1ExchangeCodec.readHeaderLine(Http1ExchangeCodec.java:242)
08-05 11:41:42.050 29746 30704 E baseline.com.newsblur.network.APIResponse: 	at okhttp3.internal.http1.Http1ExchangeCodec.readResponseHeaders(Http1ExchangeCodec.java:213)
08-05 11:41:42.050 29746 30704 E baseline.com.newsblur.network.APIResponse: 	... 28 more
08-05 11:41:42.052 29746 30704 I baseline.com.newsblur.network.APIManager: API call failed, pausing before retry number 2
08-05 11:41:42.228 29746 29774 I art     : Starting a blocking GC Explicit
08-05 11:41:42.262 29746 29774 I art     : Explicit concurrent mark sweep GC freed 3965(357KB) AllocSpace objects, 3(60KB) LOS objects, 28% free, 40MB/56MB, paused 857us total 33.661ms
08-05 11:41:42.271 29746 29774 I art     : Starting a blocking GC Explicit
08-05 11:41:42.303 29746 29774 I art     : Explicit concurrent mark sweep GC freed 122(4KB) AllocSpace objects, 0(0B) LOS objects, 28% free, 40MB/56MB, paused 769us total 32.031ms
08-05 11:41:42.311 29746 29774 I art     : Starting a blocking GC Explicit
08-05 11:41:42.340 29746 29774 I art     : Explicit concurrent mark sweep GC freed 6(192B) AllocSpace objects, 0(0B) LOS objects, 28% free, 40MB/56MB, paused 759us total 28.944ms
08-05 11:41:42.347 29746 29774 I art     : Starting a blocking GC Explicit
08-05 11:41:42.375 29746 29774 I art     : Explicit concurrent mark sweep GC freed 5(160B) AllocSpace objects, 0(0B) LOS objects, 28% free, 40MB/56MB, paused 708us total 27.709ms
08-05 11:41:42.383 29746 29774 I art     : Starting a blocking GC Explicit
08-05 11:41:42.412 29746 29774 I art     : Explicit concurrent mark sweep GC freed 5(160B) AllocSpace objects, 0(0B) LOS objects, 28% free, 40MB/56MB, paused 800us total 28.736ms
08-05 11:41:42.726 29746 29758 I art     : Starting a blocking GC Explicit
08-05 11:41:42.759 29746 29758 I art     : Explicit concurrent mark sweep GC freed 1466(84KB) AllocSpace objects, 1(20KB) LOS objects, 28% free, 40MB/56MB, paused 821us total 33.565ms
08-05 11:41:42.768 29746 29758 I art     : Starting a blocking GC Explicit
08-05 11:41:42.800 29746 29758 I art     : Explicit concurrent mark sweep GC freed 24(848B) AllocSpace objects, 0(0B) LOS objects, 28% free, 40MB/56MB, paused 847us total 31.483ms
08-05 11:41:42.808 29746 29758 I art     : Starting a blocking GC Explicit
08-05 11:41:42.839 29746 29758 I art     : Explicit concurrent mark sweep GC freed 6(192B) AllocSpace objects, 0(0B) LOS objects, 28% free, 40MB/56MB, paused 778us total 31.156ms
08-05 11:41:42.847 29746 29758 I art     : Starting a blocking GC Explicit
08-05 11:41:42.878 29746 29758 I art     : Explicit concurrent mark sweep GC freed 5(160B) AllocSpace objects, 0(0B) LOS objects, 28% free, 40MB/56MB, paused 1.170ms total 30.782ms
08-05 11:41:42.887 29746 29758 I art     : Starting a blocking GC Explicit
08-05 11:41:42.918 29746 29758 I art     : Explicit concurrent mark sweep GC freed 5(160B) AllocSpace objects, 0(0B) LOS objects, 28% free, 40MB/56MB, paused 835us total 31.519ms
08-05 11:41:43.271 29746 29759 I art     : Starting a blocking GC Explicit
08-05 11:41:43.306 29746 29759 I art     : Explicit concurrent mark sweep GC freed 1466(83KB) AllocSpace objects, 1(20KB) LOS objects, 28% free, 40MB/56MB, paused 861us total 34.820ms
08-05 11:41:43.315 29746 29759 I art     : Starting a blocking GC Explicit
08-05 11:41:43.344 29746 29759 I art     : Explicit concurrent mark sweep GC freed 25(880B) AllocSpace objects, 0(0B) LOS objects, 28% free, 40MB/56MB, paused 723us total 28.662ms
08-05 11:41:43.351 29746 29759 I art     : Starting a blocking GC Explicit
08-05 11:41:43.381 29746 29759 I art     : Explicit concurrent mark sweep GC freed 5(160B) AllocSpace objects, 0(0B) LOS objects, 28% free, 40MB/56MB, paused 785us total 29.707ms
08-05 11:41:43.389 29746 29759 I art     : Starting a blocking GC Explicit
08-05 11:41:43.420 29746 29759 I art     : Explicit concurrent mark sweep GC freed 5(160B) AllocSpace objects, 0(0B) LOS objects, 28% free, 40MB/56MB, paused 801us total 30.947ms
08-05 11:41:43.428 29746 29759 I art     : Starting a blocking GC Explicit
08-05 11:41:43.458 29746 29759 I art     : Explicit concurrent mark sweep GC freed 5(160B) AllocSpace objects, 0(0B) LOS objects, 28% free, 40MB/56MB, paused 770us total 29.647ms
08-05 11:41:43.521 28584 28584 I ServiceManager: Waiting for service AtCmdFwd...
08-05 11:41:43.798 29746 29774 I art     : Starting a blocking GC Explicit
08-05 11:41:43.832 29746 29774 I art     : Explicit concurrent mark sweep GC freed 1466(83KB) AllocSpace objects, 1(20KB) LOS objects, 28% free, 40MB/56MB, paused 849us total 33.680ms
08-05 11:41:43.840 29746 29774 I art     : Starting a blocking GC Explicit
08-05 11:41:43.872 29746 29774 I art     : Explicit concurrent mark sweep GC freed 24(848B) AllocSpace objects, 0(0B) LOS objects, 28% free, 40MB/56MB, paused 769us total 32.284ms
08-05 11:41:43.880 29746 29774 I art     : Starting a blocking GC Explicit
08-05 11:41:43.911 29746 29774 I art     : Explicit concurrent mark sweep GC freed 6(192B) AllocSpace objects, 0(0B) LOS objects, 28% free, 40MB/56MB, paused 770us total 30.723ms
08-05 11:41:43.920 29746 29774 I art     : Starting a blocking GC Explicit
08-05 11:41:43.950 29746 29774 I art     : Explicit concurrent mark sweep GC freed 5(160B) AllocSpace objects, 0(0B) LOS objects, 28% free, 40MB/56MB, paused 827us total 30.339ms
08-05 11:41:43.958 29746 29774 I art     : Starting a blocking GC Explicit
08-05 11:41:43.989 29746 29774 I art     : Explicit concurrent mark sweep GC freed 5(160B) AllocSpace objects, 0(0B) LOS objects, 28% free, 40MB/56MB, paused 756us total 30.591ms
08-05 11:41:44.340 29746 31254 I art     : Starting a blocking GC Explicit
08-05 11:41:44.374 29746 31254 I art     : Explicit concurrent mark sweep GC freed 1466(83KB) AllocSpace objects, 1(20KB) LOS objects, 28% free, 40MB/56MB, paused 834us total 33.963ms
08-05 11:41:44.383 29746 31254 I art     : Starting a blocking GC Explicit
08-05 11:41:44.415 29746 31254 I art     : Explicit concurrent mark sweep GC freed 25(880B) AllocSpace objects, 0(0B) LOS objects, 28% free, 40MB/56MB, paused 826us total 31.939ms
08-05 11:41:44.423 29746 31254 I art     : Starting a blocking GC Explicit
08-05 11:41:44.454 29746 31254 I art     : Explicit concurrent mark sweep GC freed 5(160B) AllocSpace objects, 0(0B) LOS objects, 28% free, 40MB/56MB, paused 871us total 31.015ms
08-05 11:41:44.462 29746 31254 I art     : Starting a blocking GC Explicit
08-05 11:41:44.493 29746 31254 I art     : Explicit concurrent mark sweep GC freed 6(192B) AllocSpace objects, 0(0B) LOS objects, 28% free, 40MB/56MB, paused 781us total 30.691ms
08-05 11:41:44.501 29746 31254 I art     : Starting a blocking GC Explicit
08-05 11:41:44.522 28584 28584 I ServiceManager: Waiting for service AtCmdFwd...
08-05 11:41:44.532 29746 31254 I art     : Explicit concurrent mark sweep GC freed 5(160B) AllocSpace objects, 0(0B) LOS objects, 28% free, 40MB/56MB, paused 832us total 30.444ms
08-05 11:41:44.866 29746 31254 I art     : Starting a blocking GC Explicit
08-05 11:41:44.900 29746 31254 I art     : Explicit concurrent mark sweep GC freed 1465(83KB) AllocSpace objects, 1(20KB) LOS objects, 28% free, 40MB/56MB, paused 837us total 32.875ms
08-05 11:41:44.909 29746 31254 I art     : Starting a blocking GC Explicit
08-05 11:41:44.940 29746 31254 I art     : Explicit concurrent mark sweep GC freed 24(848B) AllocSpace objects, 0(0B) LOS objects, 28% free, 40MB/56MB, paused 827us total 31.018ms
08-05 11:41:44.948 29746 31254 I art     : Starting a blocking GC Explicit
08-05 11:41:44.979 29746 31254 I art     : Explicit concurrent mark sweep GC freed 6(192B) AllocSpace objects, 0(0B) LOS objects, 28% free, 40MB/56MB, paused 795us total 30.635ms
08-05 11:41:44.987 29746 31254 I art     : Starting a blocking GC Explicit
08-05 11:41:45.018 29746 31254 I art     : Explicit concurrent mark sweep GC freed 5(160B) AllocSpace objects, 0(0B) LOS objects, 28% free, 40MB/56MB, paused 925us total 30.575ms
08-05 11:41:45.026 29746 31254 I art     : Starting a blocking GC Explicit
08-05 11:41:45.057 29746 31254 I art     : Explicit concurrent mark sweep GC freed 5(160B) AllocSpace objects, 0(0B) LOS objects, 28% free, 40MB/56MB, paused 833us total 30.792ms
08-05 11:41:45.359 29746 31254 I art     : Starting a blocking GC Explicit
08-05 11:41:45.392 29746 31254 I art     : Explicit concurrent mark sweep GC freed 1630(92KB) AllocSpace objects, 1(20KB) LOS objects, 28% free, 40MB/56MB, paused 987us total 32.688ms
08-05 11:41:45.400 29746 31254 I art     : Starting a blocking GC Explicit
08-05 11:41:45.430 29746 31254 I art     : Explicit concurrent mark sweep GC freed 31(1136B) AllocSpace objects, 0(0B) LOS objects, 28% free, 40MB/56MB, paused 831us total 29.611ms
08-05 11:41:45.438 29746 31254 I art     : Starting a blocking GC Explicit
08-05 11:41:45.467 29746 31254 I art     : Explicit concurrent mark sweep GC freed 5(160B) AllocSpace objects, 0(0B) LOS objects, 28% free, 40MB/56MB, paused 894us total 29.041ms
08-05 11:41:45.475 29746 31254 I art     : Starting a blocking GC Explicit
08-05 11:41:45.504 29746 31254 I art     : Explicit concurrent mark sweep GC freed 5(160B) AllocSpace objects, 0(0B) LOS objects, 28% free, 40MB/56MB, paused 839us total 28.801ms
08-05 11:41:45.511 29746 31254 I art     : Starting a blocking GC Explicit
08-05 11:41:45.522 28584 28584 I ServiceManager: Waiting for service AtCmdFwd...
08-05 11:41:45.540 29746 31254 I art     : Explicit concurrent mark sweep GC freed 5(160B) AllocSpace objects, 0(0B) LOS objects, 28% free, 40MB/56MB, paused 878us total 28.924ms
08-05 11:41:45.546 31531 31531 D AndroidRuntime: >>>>>> START com.android.internal.os.RuntimeInit uid 2000 <<<<<<
08-05 11:41:45.550 31531 31531 D AndroidRuntime: CheckJNI is OFF
08-05 11:41:45.554   918  3261 D WifiStateMachine: starting scan for "H369AA63323"WPA_PSK with 2412,5180
08-05 11:41:45.572 31531 31531 D ICU     : No timezone override file found: /data/misc/zoneinfo/current/icu/icu_tzdata.dat
08-05 11:41:45.595 31531 31531 I Radio-JNI: register_android_hardware_Radio DONE
08-05 11:41:45.611 31531 31531 D AndroidRuntime: Calling main entry com.android.commands.input.Input
08-05 11:41:45.612 31531 31531 I Input   : injectMotionEvent: MotionEvent { action=ACTION_DOWN, actionButton=0, id[0]=0, x[0]=436.0, y[0]=453.0, toolType[0]=TOOL_TYPE_UNKNOWN, buttonState=0, metaState=0, flags=0x0, edgeFlags=0x0, pointerCount=1, historySize=0, eventTime=790922025, downTime=790922025, deviceId=0, source=0x1002 }
08-05 11:41:45.617 31531 31531 I Input   : injectMotionEvent: MotionEvent { action=ACTION_UP, actionButton=0, id[0]=0, x[0]=436.0, y[0]=453.0, toolType[0]=TOOL_TYPE_UNKNOWN, buttonState=0, metaState=0, flags=0x0, edgeFlags=0x0, pointerCount=1, historySize=0, eventTime=790922025, downTime=790922025, deviceId=0, source=0x1002 }
08-05 11:41:45.619 31531 31531 D AndroidRuntime: Shutting down VM
08-05 11:41:45.630   512  2967 D audio_hw_primary: out_set_parameters: enter: usecase(1: low-latency-playback) kvpairs: routing=2
08-05 11:41:45.630   918  6110 I ActivityManager: START u0 {cmp=baseline.com.newsblur/.activity.AllSharedStoriesReading (has extras)} from uid 10676 on display 0
08-05 11:41:45.642   512  2967 D audio_hw_primary: select_devices: out_snd_device(2: speaker) in_snd_device(0: none)
08-05 11:41:45.642   512  2967 D msm8974_platform: platform_send_audio_calibration: sending audio calibration for snd_device(2) acdb_id(15)
08-05 11:41:45.643   512  2967 I soundtrigger: audio_extn_sound_trigger_update_device_status: device 0x2 of type 0 for Event 1
08-05 11:41:45.648 29746 30704 E baseline.com.newsblur.network.APIResponse: Error (unexpected end of stream on https://www.newsblur.com/...) calling https://www.newsblur.com/reader/feed_unread_count?feed_id=0
08-05 11:41:45.648 29746 30704 E baseline.com.newsblur.network.APIResponse: java.io.IOException: unexpected end of stream on https://www.newsblur.com/...
08-05 11:41:45.648 29746 30704 E baseline.com.newsblur.network.APIResponse: 	at okhttp3.internal.http1.Http1ExchangeCodec.readResponseHeaders(Http1ExchangeCodec.java:236)
08-05 11:41:45.648 29746 30704 E baseline.com.newsblur.network.APIResponse: 	at okhttp3.internal.connection.Exchange.readResponseHeaders(Exchange.java:115)
08-05 11:41:45.648 29746 30704 E baseline.com.newsblur.network.APIResponse: 	at okhttp3.internal.http.CallServerInterceptor.intercept(CallServerInterceptor.java:94)
08-05 11:41:45.648 29746 30704 E baseline.com.newsblur.network.APIResponse: 	at okhttp3.internal.http.RealInterceptorChain.proceed(RealInterceptorChain.java:142)
08-05 11:41:45.648 29746 30704 E baseline.com.newsblur.network.APIResponse: 	at okhttp3.internal.connection.ConnectInterceptor.intercept(ConnectInterceptor.java:43)
08-05 11:41:45.648 29746 30704 E baseline.com.newsblur.network.APIResponse: 	at okhttp3.internal.http.RealInterceptorChain.proceed(RealInterceptorChain.java:142)
08-05 11:41:45.648 29746 30704 E baseline.com.newsblur.network.APIResponse: 	at okhttp3.internal.http.RealInterceptorChain.proceed(RealInterceptorChain.java:117)
08-05 11:41:45.648 29746 30704 E baseline.com.newsblur.network.APIResponse: 	at okhttp3.internal.cache.CacheInterceptor.intercept(CacheInterceptor.java:94)
08-05 11:41:45.648 29746 30704 E baseline.com.newsblur.network.APIResponse: 	at okhttp3.internal.http.RealInterceptorChain.proceed(RealInterceptorChain.java:142)
08-05 11:41:45.648 29746 30704 E baseline.com.newsblur.network.APIResponse: 	at okhttp3.internal.http.RealInterceptorChain.proceed(RealInterceptorChain.java:117)
08-05 11:41:45.648 29746 30704 E baseline.com.newsblur.network.APIResponse: 	at okhttp3.internal.http.BridgeInterceptor.intercept(BridgeInterceptor.java:93)
08-05 11:41:45.648 29746 30704 E baseline.com.newsblur.network.APIResponse: 	at okhttp3.internal.http.RealInterceptorChain.proceed(RealInterceptorChain.java:142)
08-05 11:41:45.648 29746 30704 E baseline.com.newsblur.network.APIResponse: 	at okhttp3.internal.http.RetryAndFollowUpInterceptor.intercept(RetryAndFollowUpInterceptor.java:88)
08-05 11:41:45.648 29746 30704 E baseline.com.newsblur.network.APIResponse: 	at okhttp3.internal.http.RealInterceptorChain.proceed(RealInterceptorChain.java:142)
08-05 11:41:45.648 29746 30704 E baseline.com.newsblur.network.APIResponse: 	at okhttp3.internal.http.RealInterceptorChain.proceed(RealInterceptorChain.java:117)
08-05 11:41:45.648 29746 30704 E baseline.com.newsblur.network.APIResponse: 	at okhttp3.RealCall.getResponseWithInterceptorChain(RealCall.java:229)
08-05 11:41:45.648 29746 30704 E baseline.com.newsblur.network.APIResponse: 	at okhttp3.RealCall.execute(RealCall.java:81)
08-05 11:41:45.648 29746 30704 E baseline.com.newsblur.network.APIResponse: 	at baseline.com.newsblur.network.APIResponse.<init>(APIResponse.java:57)
08-05 11:41:45.648 29746 30704 E baseline.com.newsblur.network.APIResponse: 	at baseline.com.newsblur.network.APIManager.get_single(APIManager.java:639)
08-05 11:41:45.648 29746 30704 E baseline.com.newsblur.network.APIResponse: 	at baseline.com.newsblur.network.APIManager.get(APIManager.java:625)
08-05 11:41:45.648 29746 30704 E baseline.com.newsblur.network.APIResponse: 	at baseline.com.newsblur.network.APIManager.get(APIManager.java:667)
08-05 11:41:45.648 29746 30704 E baseline.com.newsblur.network.APIResponse: 	at baseline.com.newsblur.network.APIManager.getFeedUnreadCounts(APIManager.java:274)
08-05 11:41:45.648 29746 30704 E baseline.com.newsblur.network.APIResponse: 	at baseline.com.newsblur.service.NBSyncService.checkRecounts(NBSyncService.java:660)
08-05 11:41:45.648 29746 30704 E baseline.com.newsblur.network.APIResponse: 	at baseline.com.newsblur.service.NBSyncService.doSync(NBSyncService.java:310)
08-05 11:41:45.648 29746 30704 E baseline.com.newsblur.network.APIResponse: 	at baseline.com.newsblur.service.NBSyncService.access$100(NBSyncService.java:67)
08-05 11:41:45.648 29746 30704 E baseline.com.newsblur.network.APIResponse: 	at baseline.com.newsblur.service.NBSyncService$1.run(NBSyncService.java:188)
08-05 11:41:45.648 29746 30704 E baseline.com.newsblur.network.APIResponse: 	at java.util.concurrent.ThreadPoolExecutor.runWorker(ThreadPoolExecutor.java:1113)
08-05 11:41:45.648 29746 30704 E baseline.com.newsblur.network.APIResponse: 	at java.util.concurrent.ThreadPoolExecutor$Worker.run(ThreadPoolExecutor.java:588)
08-05 11:41:45.648 29746 30704 E baseline.com.newsblur.network.APIResponse: 	at java.lang.Thread.run(Thread.java:818)
08-05 11:41:45.648 29746 30704 E baseline.com.newsblur.network.APIResponse: Caused by: java.io.EOFException: \n not found: limit=0 content=
08-05 11:41:45.648 29746 30704 E baseline.com.newsblur.network.APIResponse: 	at okio.RealBufferedSource.readUtf8LineStrict(RealBufferedSource.java:240)
08-05 11:41:45.648 29746 30704 E baseline.com.newsblur.network.APIResponse: 	at okhttp3.internal.http1.Http1ExchangeCodec.readHeaderLine(Http1ExchangeCodec.java:242)
08-05 11:41:45.648 29746 30704 E baseline.com.newsblur.network.APIResponse: 	at okhttp3.internal.http1.Http1ExchangeCodec.readResponseHeaders(Http1ExchangeCodec.java:213)
08-05 11:41:45.648 29746 30704 E baseline.com.newsblur.network.APIResponse: 	... 28 more
08-05 11:41:45.649 29746 30704 W baseline.com.newsblur.service.NBSyncService: Bad response to feed_unread_count
08-05 11:41:45.652 29746 30704 I baseline.com.newsblur.service.NBSyncService: abandoning background sync due to recent API failures.
08-05 11:41:45.652 29746 30704 I baseline.com.newsblur.service.NBSyncService: abandoning background sync due to recent API failures.
08-05 11:41:45.652   512  2967 D audio_hw_primary: enable_snd_device: snd_device(2: speaker)
08-05 11:41:45.655   512  2967 D audio_hw_primary: enable_audio_route: apply and update mixer path: low-latency-playback speaker
08-05 11:41:45.783 29746 29759 I art     : Starting a blocking GC Explicit
08-05 11:41:45.806   918   936 I ActivityManager: Displayed baseline.com.newsblur/.activity.AllSharedStoriesReading: +166ms
08-05 11:41:45.806 13866 13866 I GoogleInputMethodServic: GoogleInputMethodService.onFinishInput():3138 
08-05 11:41:45.807 13866 13866 I GoogleInputMethodServic: GoogleInputMethodService.onStartInput():1808 
08-05 11:41:45.820 29746 29759 I art     : Explicit concurrent mark sweep GC freed 6757(664KB) AllocSpace objects, 13(688KB) LOS objects, 28% free, 40MB/56MB, paused 1.153ms total 36.891ms
08-05 11:41:45.829 29746 29759 I art     : Starting a blocking GC Explicit
08-05 11:41:45.865 29746 29759 I art     : Explicit concurrent mark sweep GC freed 2175(130KB) AllocSpace objects, 2(40KB) LOS objects, 28% free, 41MB/57MB, paused 1.365ms total 36.392ms
08-05 11:41:45.875 29746 29759 I art     : Starting a blocking GC Explicit
08-05 11:41:45.910 29746 29759 I art     : Explicit concurrent mark sweep GC freed 908(79KB) AllocSpace objects, 7(168KB) LOS objects, 28% free, 41MB/57MB, paused 1.032ms total 35.711ms
08-05 11:41:45.921 29746 29759 I art     : Starting a blocking GC Explicit
08-05 11:41:45.954 29746 29759 I art     : Explicit concurrent mark sweep GC freed 672(43KB) AllocSpace objects, 3(76KB) LOS objects, 28% free, 41MB/57MB, paused 919us total 32.796ms
08-05 11:41:45.963 29746 29759 I art     : Starting a blocking GC Explicit
08-05 11:41:45.992 29746 30336 E chromium: [ERROR:tile_manager.cc(793)] WARNING: tile memory limits exceeded, some content may not draw
08-05 11:41:45.993 29746 30336 E chromium: [ERROR:tile_manager.cc(793)] WARNING: tile memory limits exceeded, some content may not draw
08-05 11:41:45.997 29746 29759 I art     : Explicit concurrent mark sweep GC freed 72(19KB) AllocSpace objects, 0(0B) LOS objects, 28% free, 41MB/57MB, paused 865us total 33.357ms
08-05 11:41:46.118 29746 30704 I NAPPA_EXPERIMENTATION: MetricNetworkRequestExecutionTime: REQUEST_DURATION_SYSTEM='464',REQUEST_DURATION_OKHTTP='40',REQUEST_SYNCHRONOUS='TRUE',RESPONSE_CODE='200',RESPONSE_METHOD='GET',RESPONSE_LENGTH_OKHTTP='-1',RESPONSE_LENGTH_HEADER='-2',REQUEST_PROTOCOL='http/1.1',REQUEST_URL='https://www.newsblur.com/social/river_stories?order=newest&page=1&read_filter=all',
08-05 11:41:46.118 29746 30704 D MY_TAG  : 0, 464
08-05 11:41:46.189   512  2967 D audio_hw_primary: disable_audio_route: reset and update mixer path: low-latency-playback speaker
08-05 11:41:46.190   512  2967 D audio_hw_primary: disable_snd_device: snd_device(2: speaker)
08-05 11:41:46.198   512  2967 I soundtrigger: audio_extn_sound_trigger_update_device_status: device 0x2 of type 0 for Event 0
08-05 11:41:46.289 29746 29759 I art     : Starting a blocking GC Explicit
08-05 11:41:46.322 29746 29759 I art     : Explicit concurrent mark sweep GC freed 8631(625KB) AllocSpace objects, 18(368KB) LOS objects, 27% free, 41MB/57MB, paused 736us total 32.304ms
08-05 11:41:46.330 29746 29759 I art     : Starting a blocking GC Explicit
08-05 11:41:46.359 29746 29759 I art     : Explicit concurrent mark sweep GC freed 980(44KB) AllocSpace objects, 1(28KB) LOS objects, 28% free, 41MB/57MB, paused 783us total 29.223ms
08-05 11:41:46.367 29746 29759 I art     : Starting a blocking GC Explicit
08-05 11:41:46.399 29746 29759 I art     : Explicit concurrent mark sweep GC freed 3(96B) AllocSpace objects, 0(0B) LOS objects, 28% free, 41MB/57MB, paused 778us total 31.685ms
08-05 11:41:46.407 29746 29759 I art     : Starting a blocking GC Explicit
08-05 11:41:46.443 29746 29759 I art     : Explicit concurrent mark sweep GC freed 3(96B) AllocSpace objects, 0(0B) LOS objects, 28% free, 41MB/57MB, paused 859us total 35.288ms
08-05 11:41:46.452 29746 29759 I art     : Starting a blocking GC Explicit
08-05 11:41:46.488 29746 29759 I art     : Explicit concurrent mark sweep GC freed 3(96B) AllocSpace objects, 0(0B) LOS objects, 28% free, 41MB/57MB, paused 893us total 35.753ms
08-05 11:41:46.523 28584 28584 I ServiceManager: Waiting for service AtCmdFwd...
08-05 11:41:46.812 29746 29758 I art     : Starting a blocking GC Explicit
08-05 11:41:46.852 29746 29758 I art     : Explicit concurrent mark sweep GC freed 1410(81KB) AllocSpace objects, 1(20KB) LOS objects, 28% free, 41MB/57MB, paused 823us total 39.630ms
08-05 11:41:46.861 29746 29758 I art     : Starting a blocking GC Explicit
08-05 11:41:46.895 29746 29758 I art     : Explicit concurrent mark sweep GC freed 20(704B) AllocSpace objects, 0(0B) LOS objects, 28% free, 41MB/57MB, paused 822us total 34.327ms
08-05 11:41:46.904 29746 29758 I art     : Starting a blocking GC Explicit
08-05 11:41:46.938 29746 29758 I art     : Explicit concurrent mark sweep GC freed 3(96B) AllocSpace objects, 0(0B) LOS objects, 28% free, 41MB/57MB, paused 817us total 34.529ms
08-05 11:41:46.947 29746 29758 I art     : Starting a blocking GC Explicit
08-05 11:41:46.983 29746 29758 I art     : Explicit concurrent mark sweep GC freed 3(96B) AllocSpace objects, 0(0B) LOS objects, 28% free, 41MB/57MB, paused 786us total 35.608ms
08-05 11:41:46.991 29746 29758 I art     : Starting a blocking GC Explicit
08-05 11:41:47.027 29746 29758 I art     : Explicit concurrent mark sweep GC freed 3(96B) AllocSpace objects, 0(0B) LOS objects, 28% free, 41MB/57MB, paused 811us total 35.265ms
08-05 11:41:47.364 29746 31254 I art     : Starting a blocking GC Explicit
08-05 11:41:47.399 29746 31254 I art     : Explicit concurrent mark sweep GC freed 1481(83KB) AllocSpace objects, 1(20KB) LOS objects, 28% free, 41MB/57MB, paused 843us total 34.610ms
08-05 11:41:47.408 29746 31254 I art     : Starting a blocking GC Explicit
08-05 11:41:47.443 29746 31254 I art     : Explicit concurrent mark sweep GC freed 20(704B) AllocSpace objects, 0(0B) LOS objects, 28% free, 41MB/57MB, paused 882us total 35.036ms
08-05 11:41:47.452 29746 31254 I art     : Starting a blocking GC Explicit
08-05 11:41:47.488 29746 31254 I art     : Explicit concurrent mark sweep GC freed 3(96B) AllocSpace objects, 0(0B) LOS objects, 28% free, 41MB/57MB, paused 835us total 35.297ms
08-05 11:41:47.496 29746 31254 I art     : Starting a blocking GC Explicit
08-05 11:41:47.523 28584 28584 I ServiceManager: Waiting for service AtCmdFwd...
08-05 11:41:47.533 29746 31254 I art     : Explicit concurrent mark sweep GC freed 3(96B) AllocSpace objects, 0(0B) LOS objects, 28% free, 41MB/57MB, paused 871us total 36.232ms
08-05 11:41:47.542 29746 31254 I art     : Starting a blocking GC Explicit
08-05 11:41:47.578 29746 31254 I art     : Explicit concurrent mark sweep GC freed 3(96B) AllocSpace objects, 0(0B) LOS objects, 28% free, 41MB/57MB, paused 898us total 35.618ms
08-05 11:41:47.922 29746 29758 I art     : Starting a blocking GC Explicit
08-05 11:41:47.960 29746 29758 I art     : Explicit concurrent mark sweep GC freed 1408(81KB) AllocSpace objects, 1(20KB) LOS objects, 28% free, 41MB/57MB, paused 804us total 37.162ms
08-05 11:41:47.968 29746 29758 I art     : Starting a blocking GC Explicit
08-05 11:41:48.005 29746 29758 I art     : Explicit concurrent mark sweep GC freed 20(704B) AllocSpace objects, 0(0B) LOS objects, 28% free, 41MB/57MB, paused 821us total 35.962ms
08-05 11:41:48.013 29746 29758 I art     : Starting a blocking GC Explicit
08-05 11:41:48.049 29746 29758 I art     : Explicit concurrent mark sweep GC freed 3(96B) AllocSpace objects, 0(0B) LOS objects, 28% free, 41MB/57MB, paused 850us total 36.060ms
08-05 11:41:48.058 29746 29758 I art     : Starting a blocking GC Explicit
08-05 11:41:48.095 29746 29758 I art     : Explicit concurrent mark sweep GC freed 3(96B) AllocSpace objects, 0(0B) LOS objects, 28% free, 41MB/57MB, paused 894us total 36.685ms
08-05 11:41:48.105 29746 29758 I art     : Starting a blocking GC Explicit
08-05 11:41:48.141 29746 29758 I art     : Explicit concurrent mark sweep GC freed 3(96B) AllocSpace objects, 0(0B) LOS objects, 28% free, 41MB/57MB, paused 834us total 36.377ms
08-05 11:41:48.487 29746 29774 I art     : Starting a blocking GC Explicit
08-05 11:41:48.524 28584 28584 W Atfwd_Sendcmd: AtCmdFwd service not published, waiting... retryCnt : 2
08-05 11:41:48.527   518   646 I ThermalEngine: ACTION: GPU - Setting GPU[0] to 510000000
08-05 11:41:48.528 29746 29774 I art     : Explicit concurrent mark sweep GC freed 1409(81KB) AllocSpace objects, 1(20KB) LOS objects, 28% free, 41MB/57MB, paused 844us total 39.780ms
08-05 11:41:48.546 29746 29774 I art     : Starting a blocking GC Explicit
08-05 11:41:48.589 29746 29774 I art     : Explicit concurrent mark sweep GC freed 20(704B) AllocSpace objects, 0(0B) LOS objects, 28% free, 41MB/57MB, paused 1.032ms total 42.011ms
08-05 11:41:48.600 29746 29774 I art     : Starting a blocking GC Explicit
08-05 11:41:48.643 29746 29774 I art     : Explicit concurrent mark sweep GC freed 3(96B) AllocSpace objects, 0(0B) LOS objects, 28% free, 41MB/57MB, paused 986us total 42.308ms
08-05 11:41:48.654 29746 29774 I art     : Starting a blocking GC Explicit
08-05 11:41:48.697 29746 29774 I art     : Explicit concurrent mark sweep GC freed 3(96B) AllocSpace objects, 0(0B) LOS objects, 28% free, 41MB/57MB, paused 1.147ms total 43.419ms
08-05 11:41:48.708 29746 29774 I art     : Starting a blocking GC Explicit
08-05 11:41:48.752 29746 29774 I art     : Explicit concurrent mark sweep GC freed 3(96B) AllocSpace objects, 0(0B) LOS objects, 28% free, 41MB/57MB, paused 1.108ms total 43.607ms
08-05 11:41:49.114 29746 29759 I art     : Starting a blocking GC Explicit
08-05 11:41:49.159 29746 29759 I art     : Explicit concurrent mark sweep GC freed 1408(81KB) AllocSpace objects, 1(20KB) LOS objects, 28% free, 41MB/57MB, paused 1.078ms total 45.028ms
08-05 11:41:49.170 29746 29759 I art     : Starting a blocking GC Explicit
08-05 11:41:49.213 29746 29759 I art     : Explicit concurrent mark sweep GC freed 20(704B) AllocSpace objects, 0(0B) LOS objects, 28% free, 41MB/57MB, paused 1.154ms total 42.852ms
08-05 11:41:49.224 29746 29759 I art     : Starting a blocking GC Explicit
08-05 11:41:49.268 29746 29759 I art     : Explicit concurrent mark sweep GC freed 3(96B) AllocSpace objects, 0(0B) LOS objects, 28% free, 41MB/57MB, paused 1.125ms total 44.004ms
08-05 11:41:49.279 29746 29759 I art     : Starting a blocking GC Explicit
08-05 11:41:49.323 29746 29759 I art     : Explicit concurrent mark sweep GC freed 3(96B) AllocSpace objects, 0(0B) LOS objects, 28% free, 41MB/57MB, paused 1.060ms total 43.402ms
08-05 11:41:49.334 29746 29759 I art     : Starting a blocking GC Explicit
08-05 11:41:49.378 29746 29759 I art     : Explicit concurrent mark sweep GC freed 3(96B) AllocSpace objects, 0(0B) LOS objects, 28% free, 41MB/57MB, paused 1.120ms total 44.523ms
08-05 11:41:49.531   518   646 I ThermalEngine: ACTION: GPU - Setting GPU[0] to 600000000
08-05 11:41:49.759 29746 31254 I art     : Starting a blocking GC Explicit
08-05 11:41:49.797 29746 31254 I art     : Explicit concurrent mark sweep GC freed 1409(81KB) AllocSpace objects, 1(20KB) LOS objects, 28% free, 41MB/57MB, paused 765us total 38.214ms
08-05 11:41:49.807 29746 31254 I art     : Starting a blocking GC Explicit
08-05 11:41:49.842 29746 31254 I art     : Explicit concurrent mark sweep GC freed 20(704B) AllocSpace objects, 0(0B) LOS objects, 28% free, 41MB/57MB, paused 808us total 35.464ms
08-05 11:41:49.851 29746 31254 I art     : Starting a blocking GC Explicit
08-05 11:41:49.887 29746 31254 I art     : Explicit concurrent mark sweep GC freed 3(96B) AllocSpace objects, 0(0B) LOS objects, 28% free, 41MB/57MB, paused 836us total 35.695ms
08-05 11:41:49.896 29746 31254 I art     : Starting a blocking GC Explicit
08-05 11:41:49.932 29746 31254 I art     : Explicit concurrent mark sweep GC freed 3(96B) AllocSpace objects, 0(0B) LOS objects, 28% free, 41MB/57MB, paused 872us total 35.958ms
08-05 11:41:49.932 29746 29757 I art     : WaitForGcToComplete blocked for 31.808ms for cause HeapTrim
08-05 11:41:49.941 29746 31254 I art     : Starting a blocking GC Explicit
08-05 11:41:49.977 29746 31254 I art     : Explicit concurrent mark sweep GC freed 3(96B) AllocSpace objects, 0(0B) LOS objects, 28% free, 41MB/57MB, paused 797us total 35.699ms
08-05 11:41:50.333 29746 29758 I art     : Starting a blocking GC Explicit
08-05 11:41:50.373 29746 29758 I art     : Explicit concurrent mark sweep GC freed 1408(81KB) AllocSpace objects, 1(20KB) LOS objects, 28% free, 41MB/57MB, paused 860us total 39.527ms
08-05 11:41:50.385 29746 29758 I art     : Starting a blocking GC Explicit
08-05 11:41:50.421 29746 29758 I art     : Explicit concurrent mark sweep GC freed 20(704B) AllocSpace objects, 0(0B) LOS objects, 28% free, 41MB/57MB, paused 812us total 36.381ms
08-05 11:41:50.430 29746 29758 I art     : Starting a blocking GC Explicit
08-05 11:41:50.466 29746 29758 I art     : Explicit concurrent mark sweep GC freed 3(96B) AllocSpace objects, 0(0B) LOS objects, 28% free, 41MB/57MB, paused 817us total 35.574ms
08-05 11:41:50.474 29746 29758 I art     : Starting a blocking GC Explicit
08-05 11:41:50.511 29746 29758 I art     : Explicit concurrent mark sweep GC freed 3(96B) AllocSpace objects, 0(0B) LOS objects, 28% free, 41MB/57MB, paused 795us total 36.128ms
08-05 11:41:50.520 29746 29758 I art     : Starting a blocking GC Explicit
08-05 11:41:50.556 29746 29758 I art     : Explicit concurrent mark sweep GC freed 3(96B) AllocSpace objects, 0(0B) LOS objects, 28% free, 41MB/57MB, paused 840us total 36.672ms
08-05 11:41:50.901 29746 29774 I art     : Starting a blocking GC Explicit
08-05 11:41:50.941 29746 29774 I art     : Explicit concurrent mark sweep GC freed 1407(81KB) AllocSpace objects, 1(20KB) LOS objects, 28% free, 41MB/57MB, paused 805us total 39.715ms
08-05 11:41:50.950 29746 29774 I art     : Starting a blocking GC Explicit
08-05 11:41:50.984 29746 29774 I art     : Explicit concurrent mark sweep GC freed 20(704B) AllocSpace objects, 0(0B) LOS objects, 28% free, 41MB/57MB, paused 824us total 34.416ms
08-05 11:41:50.993 29746 29774 I art     : Starting a blocking GC Explicit
08-05 11:41:51.028 29746 29774 I art     : Explicit concurrent mark sweep GC freed 3(96B) AllocSpace objects, 0(0B) LOS objects, 28% free, 41MB/57MB, paused 865us total 34.566ms
08-05 11:41:51.036 29746 29774 I art     : Starting a blocking GC Explicit
08-05 11:41:51.072 29746 29774 I art     : Explicit concurrent mark sweep GC freed 3(96B) AllocSpace objects, 0(0B) LOS objects, 28% free, 41MB/57MB, paused 837us total 35.678ms
08-05 11:41:51.081 29746 29774 I art     : Starting a blocking GC Explicit
08-05 11:41:51.116 29746 29774 I art     : Explicit concurrent mark sweep GC freed 3(96B) AllocSpace objects, 0(0B) LOS objects, 28% free, 41MB/57MB, paused 795us total 35.142ms
08-05 11:41:51.464 29746 29759 I art     : Starting a blocking GC Explicit
08-05 11:41:51.502 29746 29759 I art     : Explicit concurrent mark sweep GC freed 1407(81KB) AllocSpace objects, 1(20KB) LOS objects, 28% free, 41MB/57MB, paused 831us total 38.066ms
08-05 11:41:51.511 29746 29759 I art     : Starting a blocking GC Explicit
08-05 11:41:51.544 29746 29759 I art     : Explicit concurrent mark sweep GC freed 20(704B) AllocSpace objects, 0(0B) LOS objects, 28% free, 41MB/57MB, paused 777us total 32.751ms
08-05 11:41:51.552 29746 29759 I art     : Starting a blocking GC Explicit
08-05 11:41:51.586 29746 29759 I art     : Explicit concurrent mark sweep GC freed 3(96B) AllocSpace objects, 0(0B) LOS objects, 28% free, 41MB/57MB, paused 821us total 34.006ms
08-05 11:41:51.595 29746 29759 I art     : Starting a blocking GC Explicit
08-05 11:41:51.631 29746 29759 I art     : Explicit concurrent mark sweep GC freed 3(96B) AllocSpace objects, 0(0B) LOS objects, 28% free, 41MB/57MB, paused 841us total 35.581ms
08-05 11:41:51.640 29746 29759 I art     : Starting a blocking GC Explicit
08-05 11:41:51.676 29746 29759 I art     : Explicit concurrent mark sweep GC freed 3(96B) AllocSpace objects, 0(0B) LOS objects, 28% free, 41MB/57MB, paused 825us total 36.338ms
08-05 11:41:52.035 29746 31254 I art     : Starting a blocking GC Explicit
08-05 11:41:52.072 29746 31254 I art     : Explicit concurrent mark sweep GC freed 1407(81KB) AllocSpace objects, 1(20KB) LOS objects, 28% free, 41MB/57MB, paused 790us total 37.042ms
08-05 11:41:52.080 29746 31254 I art     : Starting a blocking GC Explicit
08-05 11:41:52.115 29746 31254 I art     : Explicit concurrent mark sweep GC freed 20(704B) AllocSpace objects, 0(0B) LOS objects, 28% free, 41MB/57MB, paused 795us total 34.279ms
08-05 11:41:52.123 29746 31254 I art     : Starting a blocking GC Explicit
08-05 11:41:52.159 29746 31254 I art     : Explicit concurrent mark sweep GC freed 3(96B) AllocSpace objects, 0(0B) LOS objects, 28% free, 41MB/57MB, paused 837us total 35.418ms
08-05 11:41:52.168 29746 31254 I art     : Starting a blocking GC Explicit
08-05 11:41:52.203 29746 31254 I art     : Explicit concurrent mark sweep GC freed 3(96B) AllocSpace objects, 0(0B) LOS objects, 28% free, 41MB/57MB, paused 818us total 35.332ms
08-05 11:41:52.212 29746 31254 I art     : Starting a blocking GC Explicit
08-05 11:41:52.247 29746 31254 I art     : Explicit concurrent mark sweep GC freed 3(96B) AllocSpace objects, 0(0B) LOS objects, 28% free, 41MB/57MB, paused 873us total 35.084ms
08-05 11:41:52.615 29746 29758 I art     : Starting a blocking GC Explicit
08-05 11:41:52.654 29746 29758 I art     : Explicit concurrent mark sweep GC freed 1407(81KB) AllocSpace objects, 1(20KB) LOS objects, 28% free, 41MB/57MB, paused 865us total 38.216ms
08-05 11:41:52.663 29746 29758 I art     : Starting a blocking GC Explicit
08-05 11:41:52.699 29746 29758 I art     : Explicit concurrent mark sweep GC freed 20(704B) AllocSpace objects, 0(0B) LOS objects, 28% free, 41MB/57MB, paused 851us total 35.394ms
08-05 11:41:52.708 29746 29758 I art     : Starting a blocking GC Explicit
08-05 11:41:52.744 29746 29758 I art     : Explicit concurrent mark sweep GC freed 3(96B) AllocSpace objects, 0(0B) LOS objects, 28% free, 41MB/57MB, paused 840us total 35.939ms
08-05 11:41:52.753 29746 29758 I art     : Starting a blocking GC Explicit
08-05 11:41:52.789 29746 29758 I art     : Explicit concurrent mark sweep GC freed 3(96B) AllocSpace objects, 0(0B) LOS objects, 28% free, 41MB/57MB, paused 835us total 35.684ms
08-05 11:41:52.797 29746 29758 I art     : Starting a blocking GC Explicit
08-05 11:41:52.833 29746 29758 I art     : Explicit concurrent mark sweep GC freed 3(96B) AllocSpace objects, 0(0B) LOS objects, 28% free, 41MB/57MB, paused 810us total 35.359ms
08-05 11:41:53.174 29746 29774 I art     : Starting a blocking GC Explicit
08-05 11:41:53.214 29746 29774 I art     : Explicit concurrent mark sweep GC freed 1407(81KB) AllocSpace objects, 1(20KB) LOS objects, 28% free, 41MB/57MB, paused 933us total 39.489ms
08-05 11:41:53.227 29746 29774 I art     : Starting a blocking GC Explicit
08-05 11:41:53.261 29746 29774 I art     : Explicit concurrent mark sweep GC freed 20(704B) AllocSpace objects, 0(0B) LOS objects, 28% free, 41MB/57MB, paused 806us total 34.689ms
08-05 11:41:53.270 29746 29774 I art     : Starting a blocking GC Explicit
08-05 11:41:53.304 29746 29774 I art     : Explicit concurrent mark sweep GC freed 3(96B) AllocSpace objects, 0(0B) LOS objects, 28% free, 41MB/57MB, paused 806us total 34.449ms
08-05 11:41:53.313 29746 29774 I art     : Starting a blocking GC Explicit
08-05 11:41:53.349 29746 29774 I art     : Explicit concurrent mark sweep GC freed 3(96B) AllocSpace objects, 0(0B) LOS objects, 28% free, 41MB/57MB, paused 915us total 35.857ms
08-05 11:41:53.358 29746 29774 I art     : Starting a blocking GC Explicit
08-05 11:41:53.393 29746 29774 I art     : Explicit concurrent mark sweep GC freed 3(96B) AllocSpace objects, 0(0B) LOS objects, 28% free, 41MB/57MB, paused 807us total 35.332ms
08-05 11:41:53.742 29746 29759 I art     : Starting a blocking GC Explicit
08-05 11:41:53.781 29746 29759 I art     : Explicit concurrent mark sweep GC freed 1407(81KB) AllocSpace objects, 1(20KB) LOS objects, 28% free, 41MB/57MB, paused 829us total 38.276ms
08-05 11:41:53.790 29746 29759 I art     : Starting a blocking GC Explicit
08-05 11:41:53.825 29746 29759 I art     : Explicit concurrent mark sweep GC freed 20(704B) AllocSpace objects, 0(0B) LOS objects, 28% free, 41MB/57MB, paused 806us total 35.700ms
08-05 11:41:53.834 29746 29759 I art     : Starting a blocking GC Explicit
08-05 11:41:53.871 29746 29759 I art     : Explicit concurrent mark sweep GC freed 3(96B) AllocSpace objects, 0(0B) LOS objects, 28% free, 41MB/57MB, paused 825us total 36.214ms
08-05 11:41:53.880 29746 29759 I art     : Starting a blocking GC Explicit
08-05 11:41:53.916 29746 29759 I art     : Explicit concurrent mark sweep GC freed 3(96B) AllocSpace objects, 0(0B) LOS objects, 28% free, 41MB/57MB, paused 840us total 35.921ms
08-05 11:41:53.925 29746 29759 I art     : Starting a blocking GC Explicit
08-05 11:41:53.961 29746 29759 I art     : Explicit concurrent mark sweep GC freed 3(96B) AllocSpace objects, 0(0B) LOS objects, 28% free, 41MB/57MB, paused 836us total 36.391ms
08-05 11:41:54.289 29746 31254 I art     : Starting a blocking GC Explicit
08-05 11:41:54.329 29746 31254 I art     : Explicit concurrent mark sweep GC freed 1407(81KB) AllocSpace objects, 1(20KB) LOS objects, 28% free, 41MB/57MB, paused 1.028ms total 39.063ms
08-05 11:41:54.344 29746 31254 I art     : Starting a blocking GC Explicit
08-05 11:41:54.377 29746 31254 I art     : Explicit concurrent mark sweep GC freed 20(704B) AllocSpace objects, 0(0B) LOS objects, 28% free, 41MB/57MB, paused 906us total 33.413ms
08-05 11:41:54.386 29746 31254 I art     : Starting a blocking GC Explicit
08-05 11:41:54.420 29746 31254 I art     : Explicit concurrent mark sweep GC freed 3(96B) AllocSpace objects, 0(0B) LOS objects, 28% free, 41MB/57MB, paused 777us total 34.241ms
08-05 11:41:54.429 29746 31254 I art     : Starting a blocking GC Explicit
08-05 11:41:54.464 29746 31254 I art     : Explicit concurrent mark sweep GC freed 3(96B) AllocSpace objects, 0(0B) LOS objects, 28% free, 41MB/57MB, paused 855us total 35.275ms
08-05 11:41:54.473 29746 31254 I art     : Starting a blocking GC Explicit
08-05 11:41:54.509 29746 31254 I art     : Explicit concurrent mark sweep GC freed 3(96B) AllocSpace objects, 0(0B) LOS objects, 28% free, 41MB/57MB, paused 861us total 35.638ms
08-05 11:41:54.843 29746 29758 I art     : Starting a blocking GC Explicit
08-05 11:41:54.882 29746 29758 I art     : Explicit concurrent mark sweep GC freed 1407(81KB) AllocSpace objects, 1(20KB) LOS objects, 28% free, 41MB/57MB, paused 834us total 38.615ms
08-05 11:41:54.894 29746 29758 I art     : Starting a blocking GC Explicit
08-05 11:41:54.928 29746 29758 I art     : Explicit concurrent mark sweep GC freed 634(33KB) AllocSpace objects, 0(0B) LOS objects, 27% free, 41MB/57MB, paused 864us total 33.890ms
08-05 11:41:54.937 29746 29758 I art     : Starting a blocking GC Explicit
08-05 11:41:54.972 29746 29758 I art     : Explicit concurrent mark sweep GC freed 428(17KB) AllocSpace objects, 0(0B) LOS objects, 28% free, 41MB/57MB, paused 820us total 34.708ms
08-05 11:41:54.980 29746 29758 I art     : Starting a blocking GC Explicit
08-05 11:41:55.015 29746 29758 I art     : Explicit concurrent mark sweep GC freed 824(63KB) AllocSpace objects, 0(0B) LOS objects, 28% free, 41MB/57MB, paused 815us total 34.793ms
08-05 11:41:55.015 29746 29757 I art     : WaitForGcToComplete blocked for 34.986ms for cause HeapTrim
08-05 11:41:55.024 29746 29758 I art     : Starting a blocking GC Explicit
08-05 11:41:55.059 29746 29758 I art     : Explicit concurrent mark sweep GC freed 29(2320B) AllocSpace objects, 0(0B) LOS objects, 28% free, 41MB/57MB, paused 898us total 35.204ms
08-05 11:41:55.399 29746 29774 I art     : Starting a blocking GC Explicit
08-05 11:41:55.436 29746 29774 I art     : Explicit concurrent mark sweep GC freed 5593(264KB) AllocSpace objects, 1(20KB) LOS objects, 28% free, 41MB/57MB, paused 842us total 36.039ms
08-05 11:41:55.444 29746 29774 I art     : Starting a blocking GC Explicit
08-05 11:41:55.479 29746 29774 I art     : Explicit concurrent mark sweep GC freed 435(20KB) AllocSpace objects, 0(0B) LOS objects, 28% free, 41MB/57MB, paused 829us total 34.764ms
08-05 11:41:55.488 29746 29774 I art     : Starting a blocking GC Explicit
08-05 11:41:55.523 29746 29774 I art     : Explicit concurrent mark sweep GC freed 128(16KB) AllocSpace objects, 0(0B) LOS objects, 28% free, 41MB/57MB, paused 819us total 34.878ms
08-05 11:41:55.532 29746 29774 I art     : Starting a blocking GC Explicit
08-05 11:41:55.567 29746 29774 I art     : Explicit concurrent mark sweep GC freed 27(880B) AllocSpace objects, 0(0B) LOS objects, 28% free, 41MB/57MB, paused 908us total 35.423ms
08-05 11:41:55.576 29746 29774 I art     : Starting a blocking GC Explicit
08-05 11:41:55.612 29746 29774 I art     : Explicit concurrent mark sweep GC freed 3(96B) AllocSpace objects, 0(0B) LOS objects, 28% free, 41MB/57MB, paused 841us total 36.017ms
08-05 11:41:55.968 29746 29759 I art     : Starting a blocking GC Explicit
08-05 11:41:56.007 29746 29759 I art     : Explicit concurrent mark sweep GC freed 3388(172KB) AllocSpace objects, 1(20KB) LOS objects, 28% free, 41MB/57MB, paused 859us total 38.787ms
08-05 11:41:56.016 29746 29759 I art     : Starting a blocking GC Explicit
08-05 11:41:56.051 29746 29759 I art     : Explicit concurrent mark sweep GC freed 100(3KB) AllocSpace objects, 0(0B) LOS objects, 28% free, 41MB/57MB, paused 873us total 35.133ms
08-05 11:41:56.060 29746 29759 I art     : Starting a blocking GC Explicit
08-05 11:41:56.096 29746 29759 I art     : Explicit concurrent mark sweep GC freed 3(96B) AllocSpace objects, 0(0B) LOS objects, 28% free, 41MB/57MB, paused 800us total 35.356ms
08-05 11:41:56.104 29746 29759 I art     : Starting a blocking GC Explicit
08-05 11:41:56.141 29746 29759 I art     : Explicit concurrent mark sweep GC freed 3(96B) AllocSpace objects, 0(0B) LOS objects, 28% free, 41MB/57MB, paused 835us total 36.179ms
08-05 11:41:56.150 29746 29759 I art     : Starting a blocking GC Explicit
08-05 11:41:56.187 29746 29759 I art     : Explicit concurrent mark sweep GC freed 3(96B) AllocSpace objects, 0(0B) LOS objects, 28% free, 41MB/57MB, paused 829us total 36.396ms
08-05 11:41:56.524 29746 31254 I art     : Starting a blocking GC Explicit
08-05 11:41:56.563 29746 31254 I art     : Explicit concurrent mark sweep GC freed 1407(81KB) AllocSpace objects, 1(20KB) LOS objects, 28% free, 41MB/57MB, paused 828us total 37.905ms
08-05 11:41:56.572 29746 31254 I art     : Starting a blocking GC Explicit
08-05 11:41:56.607 29746 31254 I art     : Explicit concurrent mark sweep GC freed 20(704B) AllocSpace objects, 0(0B) LOS objects, 28% free, 41MB/57MB, paused 802us total 34.782ms
08-05 11:41:56.615 29746 31254 I art     : Starting a blocking GC Explicit
08-05 11:41:56.651 29746 31254 I art     : Explicit concurrent mark sweep GC freed 3(96B) AllocSpace objects, 0(0B) LOS objects, 28% free, 41MB/57MB, paused 808us total 35.461ms
08-05 11:41:56.660 29746 31254 I art     : Starting a blocking GC Explicit
08-05 11:41:56.695 29746 31254 I art     : Explicit concurrent mark sweep GC freed 3(96B) AllocSpace objects, 0(0B) LOS objects, 28% free, 41MB/57MB, paused 816us total 35.176ms
08-05 11:41:56.704 29746 31254 I art     : Starting a blocking GC Explicit
08-05 11:41:56.740 29746 31254 I art     : Explicit concurrent mark sweep GC freed 3(96B) AllocSpace objects, 0(0B) LOS objects, 28% free, 41MB/57MB, paused 857us total 36.274ms
08-05 11:41:57.092 29746 29758 I art     : Starting a blocking GC Explicit
08-05 11:41:57.131 29746 29758 I art     : Explicit concurrent mark sweep GC freed 1407(81KB) AllocSpace objects, 1(20KB) LOS objects, 28% free, 41MB/57MB, paused 860us total 38.440ms
08-05 11:41:57.144 29746 29758 I art     : Starting a blocking GC Explicit
08-05 11:41:57.178 29746 29758 I art     : Explicit concurrent mark sweep GC freed 20(704B) AllocSpace objects, 0(0B) LOS objects, 28% free, 41MB/57MB, paused 1.144ms total 34.073ms
08-05 11:41:57.187 29746 29758 I art     : Starting a blocking GC Explicit
08-05 11:41:57.221 29746 29758 I art     : Explicit concurrent mark sweep GC freed 3(96B) AllocSpace objects, 0(0B) LOS objects, 28% free, 41MB/57MB, paused 779us total 34.222ms
08-05 11:41:57.229 29746 29758 I art     : Starting a blocking GC Explicit
08-05 11:41:57.261 29746 29758 I art     : Explicit concurrent mark sweep GC freed 3(96B) AllocSpace objects, 0(0B) LOS objects, 28% free, 41MB/57MB, paused 761us total 31.559ms
08-05 11:41:57.270 29746 29758 I art     : Starting a blocking GC Explicit
08-05 11:41:57.305 29746 29758 I art     : Explicit concurrent mark sweep GC freed 3(96B) AllocSpace objects, 0(0B) LOS objects, 28% free, 41MB/57MB, paused 813us total 34.912ms
08-05 11:41:57.662 29746 29774 I art     : Starting a blocking GC Explicit
08-05 11:41:57.699 29746 29774 I art     : Explicit concurrent mark sweep GC freed 1407(81KB) AllocSpace objects, 1(20KB) LOS objects, 28% free, 41MB/57MB, paused 876us total 37.032ms
08-05 11:41:57.708 29746 29774 I art     : Starting a blocking GC Explicit
08-05 11:41:57.744 29746 29774 I art     : Explicit concurrent mark sweep GC freed 20(704B) AllocSpace objects, 0(0B) LOS objects, 28% free, 41MB/57MB, paused 796us total 36.032ms
08-05 11:41:57.753 29746 29774 I art     : Starting a blocking GC Explicit
08-05 11:41:57.788 29746 29774 I art     : Explicit concurrent mark sweep GC freed 3(96B) AllocSpace objects, 0(0B) LOS objects, 28% free, 41MB/57MB, paused 840us total 34.838ms
08-05 11:41:57.797 29746 29774 I art     : Starting a blocking GC Explicit
08-05 11:41:57.832 29746 29774 I art     : Explicit concurrent mark sweep GC freed 3(96B) AllocSpace objects, 0(0B) LOS objects, 28% free, 41MB/57MB, paused 832us total 35.335ms
08-05 11:41:57.841 29746 29774 I art     : Starting a blocking GC Explicit
08-05 11:41:57.876 29746 29774 I art     : Explicit concurrent mark sweep GC freed 3(96B) AllocSpace objects, 0(0B) LOS objects, 28% free, 41MB/57MB, paused 770us total 34.349ms
08-05 11:41:58.188 29746 29759 I art     : Starting a blocking GC Explicit
08-05 11:41:58.195 31784 31784 D AndroidRuntime: >>>>>> START com.android.internal.os.RuntimeInit uid 2000 <<<<<<
08-05 11:41:58.200 31784 31784 D AndroidRuntime: CheckJNI is OFF
08-05 11:41:58.226 29746 29759 I art     : Explicit concurrent mark sweep GC freed 1407(81KB) AllocSpace objects, 1(20KB) LOS objects, 28% free, 41MB/57MB, paused 955us total 37.070ms
08-05 11:41:58.227 31784 31784 D ICU     : No timezone override file found: /data/misc/zoneinfo/current/icu/icu_tzdata.dat
08-05 11:41:58.234 29746 29759 I art     : Starting a blocking GC Explicit
08-05 11:41:58.251 31784 31784 I Radio-JNI: register_android_hardware_Radio DONE
08-05 11:41:58.265 29746 29759 I art     : Explicit concurrent mark sweep GC freed 20(704B) AllocSpace objects, 0(0B) LOS objects, 28% free, 41MB/57MB, paused 763us total 30.967ms
08-05 11:41:58.267 31784 31784 D AndroidRuntime: Calling main entry com.android.commands.input.Input
08-05 11:41:58.268 31784 31784 I Input   : injectKeyEvent: KeyEvent { action=ACTION_DOWN, keyCode=KEYCODE_BACK, scanCode=0, metaState=0, flags=0x0, repeatCount=0, eventTime=790934682, downTime=790934682, deviceId=-1, source=0x101 }
08-05 11:41:58.273 29746 29759 I art     : Starting a blocking GC Explicit
08-05 11:41:58.275 31784 31784 I Input   : injectKeyEvent: KeyEvent { action=ACTION_UP, keyCode=KEYCODE_BACK, scanCode=0, metaState=0, flags=0x0, repeatCount=0, eventTime=790934682, downTime=790934682, deviceId=-1, source=0x101 }
08-05 11:41:58.279 31784 31784 D AndroidRuntime: Shutting down VM
08-05 11:41:58.286 29746 29746 D baseline.com.newsblur.service.NBSyncService: rejecting request for feedset that is exhaused
08-05 11:41:58.305 29746 29759 I art     : Explicit concurrent mark sweep GC freed 225(38KB) AllocSpace objects, 2(40KB) LOS objects, 28% free, 41MB/57MB, paused 874us total 31.871ms
08-05 11:41:58.313 29746 29759 I art     : Starting a blocking GC Explicit
08-05 11:41:58.346 29746 29759 I art     : Explicit concurrent mark sweep GC freed 51(1968B) AllocSpace objects, 0(0B) LOS objects, 28% free, 41MB/57MB, paused 872us total 32.602ms
08-05 11:41:58.354 29746 29759 I art     : Starting a blocking GC Explicit
08-05 11:41:58.379 29746 29746 D baseline.com.newsblur.service.NBSyncService: rejecting request for feedset that is exhaused
08-05 11:41:58.380 13866 13866 I GoogleInputMethodServic: GoogleInputMethodService.onFinishInput():3138 
08-05 11:41:58.381 13866 13866 I GoogleInputMethodServic: GoogleInputMethodService.onStartInput():1808 
08-05 11:41:58.387 29746 29759 I art     : Explicit concurrent mark sweep GC freed 759(67KB) AllocSpace objects, 2(40KB) LOS objects, 27% free, 41MB/57MB, paused 1.113ms total 32.523ms
08-05 11:41:58.524 28584 28584 I ServiceManager: Waiting for service AtCmdFwd...
08-05 11:41:58.681 29746 31254 I art     : Starting a blocking GC Explicit
08-05 11:41:58.729 29746 31254 I art     : Explicit concurrent mark sweep GC freed 2918(175KB) AllocSpace objects, 2(48KB) LOS objects, 28% free, 41MB/57MB, paused 1.026ms total 47.891ms
08-05 11:41:58.738 29746 31254 I art     : Starting a blocking GC Explicit
08-05 11:41:58.772 29746 31254 I art     : Explicit concurrent mark sweep GC freed 588(31KB) AllocSpace objects, 0(0B) LOS objects, 28% free, 41MB/57MB, paused 787us total 33.675ms
08-05 11:41:58.780 29746 31254 I art     : Starting a blocking GC Explicit
08-05 11:41:58.813 29746 31254 I art     : Explicit concurrent mark sweep GC freed 136(6KB) AllocSpace objects, 0(0B) LOS objects, 28% free, 41MB/57MB, paused 897us total 32.092ms
08-05 11:41:58.821 29746 31254 I art     : Starting a blocking GC Explicit
08-05 11:41:58.855 29746 31254 I art     : Explicit concurrent mark sweep GC freed 7(224B) AllocSpace objects, 0(0B) LOS objects, 28% free, 41MB/57MB, paused 772us total 33.269ms
08-05 11:41:58.864 29746 31254 I art     : Starting a blocking GC Explicit
08-05 11:41:58.903 29746 31254 I art     : Explicit concurrent mark sweep GC freed 9(288B) AllocSpace objects, 0(0B) LOS objects, 28% free, 41MB/57MB, paused 813us total 38.142ms
08-05 11:41:59.238 29746 31254 I art     : Starting a blocking GC Explicit
08-05 11:41:59.282 29746 31254 I art     : Explicit concurrent mark sweep GC freed 1453(82KB) AllocSpace objects, 1(20KB) LOS objects, 28% free, 41MB/57MB, paused 772us total 43.182ms
08-05 11:41:59.293 29746 31254 I art     : Starting a blocking GC Explicit
08-05 11:41:59.333 29746 31254 I art     : Explicit concurrent mark sweep GC freed 26(896B) AllocSpace objects, 0(0B) LOS objects, 28% free, 41MB/57MB, paused 1.164ms total 39.932ms
08-05 11:41:59.343 29746 31254 I art     : Starting a blocking GC Explicit
08-05 11:41:59.383 29746 31254 I art     : Explicit concurrent mark sweep GC freed 10(320B) AllocSpace objects, 0(0B) LOS objects, 28% free, 41MB/57MB, paused 917us total 39.760ms
08-05 11:41:59.393 29746 31254 I art     : Starting a blocking GC Explicit
08-05 11:41:59.431 29746 31254 I art     : Explicit concurrent mark sweep GC freed 8(256B) AllocSpace objects, 0(0B) LOS objects, 28% free, 41MB/57MB, paused 778us total 37.869ms
08-05 11:41:59.442 29746 31254 I art     : Starting a blocking GC Explicit
08-05 11:41:59.482 29746 31254 I art     : Explicit concurrent mark sweep GC freed 10(320B) AllocSpace objects, 0(0B) LOS objects, 28% free, 41MB/57MB, paused 957us total 39.782ms
08-05 11:41:59.525 28584 28584 I ServiceManager: Waiting for service AtCmdFwd...
08-05 11:41:59.774 29746 29759 I art     : Starting a blocking GC Explicit
08-05 11:41:59.820 29746 29759 I art     : Explicit concurrent mark sweep GC freed 1446(82KB) AllocSpace objects, 1(20KB) LOS objects, 28% free, 41MB/57MB, paused 1.148ms total 45.361ms
08-05 11:41:59.829 29746 29759 I art     : Starting a blocking GC Explicit
08-05 11:41:59.850 31828 31828 D AndroidRuntime: >>>>>> START com.android.internal.os.RuntimeInit uid 2000 <<<<<<
08-05 11:41:59.854 31828 31828 D AndroidRuntime: CheckJNI is OFF
08-05 11:41:59.865 29746 29759 I art     : Explicit concurrent mark sweep GC freed 21(736B) AllocSpace objects, 0(0B) LOS objects, 28% free, 41MB/57MB, paused 775us total 36.311ms
08-05 11:41:59.873 29746 29759 I art     : Starting a blocking GC Explicit
08-05 11:41:59.881 31828 31828 D ICU     : No timezone override file found: /data/misc/zoneinfo/current/icu/icu_tzdata.dat
08-05 11:41:59.905 29746 29759 I art     : Explicit concurrent mark sweep GC freed 3(96B) AllocSpace objects, 0(0B) LOS objects, 28% free, 41MB/57MB, paused 825us total 31.406ms
08-05 11:41:59.905 31828 31828 I Radio-JNI: register_android_hardware_Radio DONE
08-05 11:41:59.913 29746 29759 I art     : Starting a blocking GC Explicit
08-05 11:41:59.921 31828 31828 D AndroidRuntime: Calling main entry com.android.commands.input.Input
08-05 11:41:59.923 31828 31828 I Input   : injectMotionEvent: MotionEvent { action=ACTION_DOWN, actionButton=0, id[0]=0, x[0]=435.0, y[0]=858.0, toolType[0]=TOOL_TYPE_UNKNOWN, buttonState=0, metaState=0, flags=0x0, edgeFlags=0x0, pointerCount=1, historySize=0, eventTime=790936336, downTime=790936336, deviceId=0, source=0x1002 }
08-05 11:41:59.928 31828 31828 I Input   : injectMotionEvent: MotionEvent { action=ACTION_UP, actionButton=0, id[0]=0, x[0]=435.0, y[0]=858.0, toolType[0]=TOOL_TYPE_UNKNOWN, buttonState=0, metaState=0, flags=0x0, edgeFlags=0x0, pointerCount=1, historySize=0, eventTime=790936336, downTime=790936336, deviceId=0, source=0x1002 }
08-05 11:41:59.930 31828 31828 D AndroidRuntime: Shutting down VM
08-05 11:41:59.946 29746 29759 I art     : Explicit concurrent mark sweep GC freed 119(18KB) AllocSpace objects, 0(0B) LOS objects, 28% free, 41MB/57MB, paused 991us total 32.434ms
08-05 11:41:59.946   512  2967 D audio_hw_primary: out_set_parameters: enter: usecase(1: low-latency-playback) kvpairs: routing=2
08-05 11:41:59.947   918  5952 I ActivityManager: START u0 {cmp=baseline.com.newsblur/.activity.AllSharedStoriesReading (has extras)} from uid 10676 on display 0
08-05 11:41:59.955 29746 29759 I art     : Starting a blocking GC Explicit
08-05 11:41:59.959   512  2967 D audio_hw_primary: select_devices: out_snd_device(2: speaker) in_snd_device(0: none)
08-05 11:41:59.959   512  2967 D msm8974_platform: platform_send_audio_calibration: sending audio calibration for snd_device(2) acdb_id(15)
08-05 11:41:59.959   512  2967 I soundtrigger: audio_extn_sound_trigger_update_device_status: device 0x2 of type 0 for Event 1
08-05 11:41:59.968   512  2967 D audio_hw_primary: enable_snd_device: snd_device(2: speaker)
08-05 11:41:59.970   512  2967 D audio_hw_primary: enable_audio_route: apply and update mixer path: low-latency-playback speaker
08-05 11:41:59.990 29746 29759 I art     : Explicit concurrent mark sweep GC freed 1411(131KB) AllocSpace objects, 4(508KB) LOS objects, 27% free, 41MB/57MB, paused 1.349ms total 34.859ms
08-05 11:42:00.126   918   936 I ActivityManager: Displayed baseline.com.newsblur/.activity.AllSharedStoriesReading: +170ms
08-05 11:42:00.126 13866 13866 I GoogleInputMethodServic: GoogleInputMethodService.onFinishInput():3138 
08-05 11:42:00.127 13866 13866 I GoogleInputMethodServic: GoogleInputMethodService.onStartInput():1808 
08-05 11:42:00.268 29746 29774 I art     : Starting a blocking GC Explicit
08-05 11:42:00.310 29746 29774 I art     : Explicit concurrent mark sweep GC freed 5367(458KB) AllocSpace objects, 15(336KB) LOS objects, 27% free, 41MB/57MB, paused 984us total 41.783ms
08-05 11:42:00.314 29746 30336 E chromium: [ERROR:tile_manager.cc(793)] WARNING: tile memory limits exceeded, some content may not draw
08-05 11:42:00.315 29746 30336 E chromium: [ERROR:tile_manager.cc(793)] WARNING: tile memory limits exceeded, some content may not draw
08-05 11:42:00.319 29746 29774 I art     : Starting a blocking GC Explicit
08-05 11:42:00.355 29746 29774 I art     : Explicit concurrent mark sweep GC freed 1346(62KB) AllocSpace objects, 1(28KB) LOS objects, 27% free, 41MB/57MB, paused 799us total 35.176ms
08-05 11:42:00.363 29746 29774 I art     : Starting a blocking GC Explicit
08-05 11:42:00.398 29746 29774 I art     : Explicit concurrent mark sweep GC freed 5(176B) AllocSpace objects, 0(0B) LOS objects, 27% free, 41MB/57MB, paused 772us total 34.985ms
08-05 11:42:00.406 29746 29774 I art     : Starting a blocking GC Explicit
08-05 11:42:00.441 29746 29774 I art     : Explicit concurrent mark sweep GC freed 3(96B) AllocSpace objects, 0(0B) LOS objects, 27% free, 41MB/57MB, paused 851us total 33.915ms
08-05 11:42:00.450 29746 29774 I art     : Starting a blocking GC Explicit
08-05 11:42:00.485 29746 29774 I art     : Explicit concurrent mark sweep GC freed 3(96B) AllocSpace objects, 0(0B) LOS objects, 27% free, 41MB/57MB, paused 740us total 34.946ms
08-05 11:42:00.498   512  2967 D audio_hw_primary: disable_audio_route: reset and update mixer path: low-latency-playback speaker
08-05 11:42:00.499   512  2967 D audio_hw_primary: disable_snd_device: snd_device(2: speaker)
08-05 11:42:00.507   512  2967 I soundtrigger: audio_extn_sound_trigger_update_device_status: device 0x2 of type 0 for Event 0
08-05 11:42:00.525 28584 28584 I ServiceManager: Waiting for service AtCmdFwd...
08-05 11:42:00.813 29746 31254 I art     : Starting a blocking GC Explicit
08-05 11:42:00.854 29746 31254 I art     : Explicit concurrent mark sweep GC freed 1535(98KB) AllocSpace objects, 2(40KB) LOS objects, 27% free, 41MB/57MB, paused 835us total 41.238ms
08-05 11:42:00.864 29746 31254 I art     : Starting a blocking GC Explicit
08-05 11:42:00.902 29746 31254 I art     : Explicit concurrent mark sweep GC freed 27(992B) AllocSpace objects, 0(0B) LOS objects, 27% free, 41MB/57MB, paused 799us total 38.152ms
08-05 11:42:00.911 29746 31254 I art     : Starting a blocking GC Explicit
08-05 11:42:00.950 29746 31254 I art     : Explicit concurrent mark sweep GC freed 3(96B) AllocSpace objects, 0(0B) LOS objects, 27% free, 41MB/57MB, paused 883us total 38.033ms
08-05 11:42:00.959 29746 31254 I art     : Starting a blocking GC Explicit
08-05 11:42:00.997 29746 31254 I art     : Explicit concurrent mark sweep GC freed 3(96B) AllocSpace objects, 0(0B) LOS objects, 27% free, 41MB/57MB, paused 832us total 37.883ms
08-05 11:42:01.006 29746 31254 I art     : Starting a blocking GC Explicit
08-05 11:42:01.043 29746 31254 I art     : Explicit concurrent mark sweep GC freed 3(96B) AllocSpace objects, 0(0B) LOS objects, 27% free, 41MB/57MB, paused 823us total 37.120ms
08-05 11:42:01.356 29746 29758 I art     : Starting a blocking GC Explicit
08-05 11:42:01.398 29746 29758 I art     : Explicit concurrent mark sweep GC freed 1409(81KB) AllocSpace objects, 1(20KB) LOS objects, 27% free, 41MB/57MB, paused 1.025ms total 41.399ms
08-05 11:42:01.408 29746 30336 E chromium: [ERROR:tile_manager.cc(793)] WARNING: tile memory limits exceeded, some content may not draw
08-05 11:42:01.409 29746 30336 E chromium: [ERROR:tile_manager.cc(793)] WARNING: tile memory limits exceeded, some content may not draw
08-05 11:42:01.411 29746 29758 I art     : Starting a blocking GC Explicit
08-05 11:42:01.431 29746 30336 E chromium: [ERROR:tile_manager.cc(793)] WARNING: tile memory limits exceeded, some content may not draw
08-05 11:42:01.432 29746 30336 E chromium: [ERROR:tile_manager.cc(793)] WARNING: tile memory limits exceeded, some content may not draw
08-05 11:42:01.446 29746 30336 E chromium: [ERROR:tile_manager.cc(793)] WARNING: tile memory limits exceeded, some content may not draw
08-05 11:42:01.446 29746 30336 E chromium: [ERROR:tile_manager.cc(793)] WARNING: tile memory limits exceeded, some content may not draw
08-05 11:42:01.447 29746 29758 I art     : Explicit concurrent mark sweep GC freed 69(2208B) AllocSpace objects, 0(0B) LOS objects, 27% free, 41MB/57MB, paused 944us total 35.670ms
08-05 11:42:01.456 29746 29758 I art     : Starting a blocking GC Explicit
08-05 11:42:01.489 29746 29758 I art     : Explicit concurrent mark sweep GC freed 20(640B) AllocSpace objects, 0(0B) LOS objects, 27% free, 41MB/57MB, paused 829us total 33.153ms
08-05 11:42:01.497 29746 29758 I art     : Starting a blocking GC Explicit
08-05 11:42:01.526 28584 28584 I ServiceManager: Waiting for service AtCmdFwd...
08-05 11:42:01.534 29746 29758 I art     : Explicit concurrent mark sweep GC freed 21(672B) AllocSpace objects, 0(0B) LOS objects, 27% free, 41MB/57MB, paused 937us total 36.154ms
08-05 11:42:01.544 29746 29758 I art     : Starting a blocking GC Explicit
08-05 11:42:01.555   518   646 I ThermalEngine: ACTION: GPU - Setting GPU[0] to 510000000
08-05 11:42:01.585 29746 29758 I art     : Explicit concurrent mark sweep GC freed 21(672B) AllocSpace objects, 0(0B) LOS objects, 27% free, 41MB/57MB, paused 952us total 41.015ms
08-05 11:42:01.960 29746 31254 I art     : Starting a blocking GC Explicit
08-05 11:42:02.010 29746 31254 I art     : Explicit concurrent mark sweep GC freed 1427(81KB) AllocSpace objects, 1(20KB) LOS objects, 27% free, 41MB/57MB, paused 1.124ms total 50.466ms
08-05 11:42:02.025 29746 31254 I art     : Starting a blocking GC Explicit
08-05 11:42:02.070 29746 31254 I art     : Explicit concurrent mark sweep GC freed 20(704B) AllocSpace objects, 0(0B) LOS objects, 27% free, 41MB/57MB, paused 1.082ms total 45.372ms
08-05 11:42:02.082 29746 31254 I art     : Starting a blocking GC Explicit
08-05 11:42:02.129 29746 31254 I art     : Explicit concurrent mark sweep GC freed 3(96B) AllocSpace objects, 0(0B) LOS objects, 27% free, 41MB/57MB, paused 1.098ms total 46.904ms
08-05 11:42:02.140 29746 31254 I art     : Starting a blocking GC Explicit
08-05 11:42:02.187 29746 31254 I art     : Explicit concurrent mark sweep GC freed 3(96B) AllocSpace objects, 0(0B) LOS objects, 27% free, 41MB/57MB, paused 1.124ms total 46.891ms
08-05 11:42:02.199 29746 31254 I art     : Starting a blocking GC Explicit
08-05 11:42:02.248 29746 31254 I art     : Explicit concurrent mark sweep GC freed 3(96B) AllocSpace objects, 0(0B) LOS objects, 27% free, 41MB/57MB, paused 1.467ms total 48.434ms
08-05 11:42:02.526 28584 28584 I ServiceManager: Waiting for service AtCmdFwd...
08-05 11:42:02.602 29746 29758 I art     : Starting a blocking GC Explicit
08-05 11:42:02.655 29746 29758 I art     : Explicit concurrent mark sweep GC freed 1409(81KB) AllocSpace objects, 1(20KB) LOS objects, 27% free, 41MB/57MB, paused 1.123ms total 52.504ms
08-05 11:42:02.669 29746 29758 I art     : Starting a blocking GC Explicit
08-05 11:42:02.714 29746 29758 I art     : Explicit concurrent mark sweep GC freed 20(704B) AllocSpace objects, 0(0B) LOS objects, 27% free, 41MB/57MB, paused 1.044ms total 44.863ms
08-05 11:42:02.725 29746 29758 I art     : Starting a blocking GC Explicit
08-05 11:42:02.773 29746 29758 I art     : Explicit concurrent mark sweep GC freed 3(96B) AllocSpace objects, 0(0B) LOS objects, 27% free, 41MB/57MB, paused 1.102ms total 47.629ms
08-05 11:42:02.785 29746 29758 I art     : Starting a blocking GC Explicit
08-05 11:42:02.832 29746 29758 I art     : Explicit concurrent mark sweep GC freed 3(96B) AllocSpace objects, 0(0B) LOS objects, 27% free, 41MB/57MB, paused 1.110ms total 46.611ms
08-05 11:42:02.843 29746 29758 I art     : Starting a blocking GC Explicit
08-05 11:42:02.892 29746 29758 I art     : Explicit concurrent mark sweep GC freed 3(96B) AllocSpace objects, 0(0B) LOS objects, 27% free, 41MB/57MB, paused 1.110ms total 48.253ms
08-05 11:42:03.269 29746 29759 I art     : Starting a blocking GC Explicit
08-05 11:42:03.320 29746 29759 I art     : Explicit concurrent mark sweep GC freed 1408(81KB) AllocSpace objects, 1(20KB) LOS objects, 27% free, 41MB/57MB, paused 1.106ms total 49.834ms
08-05 11:42:03.334 29746 29759 I art     : Starting a blocking GC Explicit
08-05 11:42:03.380 29746 29759 I art     : Explicit concurrent mark sweep GC freed 20(704B) AllocSpace objects, 0(0B) LOS objects, 27% free, 41MB/57MB, paused 1.112ms total 45.939ms
08-05 11:42:03.391 29746 29759 I art     : Starting a blocking GC Explicit
08-05 11:42:03.438 29746 29759 I art     : Explicit concurrent mark sweep GC freed 3(96B) AllocSpace objects, 0(0B) LOS objects, 27% free, 41MB/57MB, paused 1.164ms total 46.804ms
08-05 11:42:03.450 29746 29759 I art     : Starting a blocking GC Explicit
08-05 11:42:03.498 29746 29759 I art     : Explicit concurrent mark sweep GC freed 3(96B) AllocSpace objects, 0(0B) LOS objects, 27% free, 41MB/57MB, paused 1.199ms total 47.665ms
08-05 11:42:03.509 29746 29759 I art     : Starting a blocking GC Explicit
08-05 11:42:03.527 28584 28584 W Atfwd_Sendcmd: AtCmdFwd service not published, waiting... retryCnt : 3
08-05 11:42:03.556 29746 29759 I art     : Explicit concurrent mark sweep GC freed 3(96B) AllocSpace objects, 0(0B) LOS objects, 27% free, 41MB/57MB, paused 1.196ms total 46.431ms
08-05 11:42:03.889   918  3188 I hubconnection: sensorhub said: 'set_bias 3: -7.3056, 0.0000, 0.0000'
08-05 11:42:03.928 29746 29774 I art     : Starting a blocking GC Explicit
08-05 11:42:03.976 29746 29774 I art     : Explicit concurrent mark sweep GC freed 1409(81KB) AllocSpace objects, 1(20KB) LOS objects, 27% free, 41MB/57MB, paused 1.103ms total 47.655ms
08-05 11:42:03.988 29746 29774 I art     : Starting a blocking GC Explicit
08-05 11:42:04.035 29746 29774 I art     : Explicit concurrent mark sweep GC freed 20(704B) AllocSpace objects, 0(0B) LOS objects, 27% free, 41MB/57MB, paused 1.115ms total 47.002ms
08-05 11:42:04.046 29746 29774 I art     : Starting a blocking GC Explicit
08-05 11:42:04.094 29746 29774 I art     : Explicit concurrent mark sweep GC freed 3(96B) AllocSpace objects, 0(0B) LOS objects, 27% free, 41MB/57MB, paused 1.079ms total 47.453ms
08-05 11:42:04.105 29746 29774 I art     : Starting a blocking GC Explicit
08-05 11:42:04.155 29746 29774 I art     : Explicit concurrent mark sweep GC freed 3(96B) AllocSpace objects, 0(0B) LOS objects, 27% free, 41MB/57MB, paused 1.097ms total 49.176ms
08-05 11:42:04.167 29746 29774 I art     : Starting a blocking GC Explicit
08-05 11:42:04.213 29746 29774 I art     : Explicit concurrent mark sweep GC freed 3(96B) AllocSpace objects, 0(0B) LOS objects, 27% free, 41MB/57MB, paused 1.083ms total 46.677ms
08-05 11:42:04.555 29746 31254 I art     : Starting a blocking GC Explicit
08-05 11:42:04.558   518   646 I ThermalEngine: ACTION: GPU - Setting GPU[0] to 600000000
08-05 11:42:04.592 31924 31924 D AndroidRuntime: >>>>>> START com.android.internal.os.RuntimeInit uid 2000 <<<<<<
08-05 11:42:04.597 31924 31924 D AndroidRuntime: CheckJNI is OFF
08-05 11:42:04.603 29746 31254 I art     : Explicit concurrent mark sweep GC freed 1409(81KB) AllocSpace objects, 1(20KB) LOS objects, 27% free, 41MB/57MB, paused 1.023ms total 47.674ms
08-05 11:42:04.613 29746 31254 I art     : Starting a blocking GC Explicit
08-05 11:42:04.627 31924 31924 D ICU     : No timezone override file found: /data/misc/zoneinfo/current/icu/icu_tzdata.dat
08-05 11:42:04.648 29746 31254 I art     : Explicit concurrent mark sweep GC freed 20(704B) AllocSpace objects, 0(0B) LOS objects, 27% free, 41MB/57MB, paused 886us total 34.549ms
08-05 11:42:04.651 31924 31924 I Radio-JNI: register_android_hardware_Radio DONE
08-05 11:42:04.656 29746 31254 I art     : Starting a blocking GC Explicit
08-05 11:42:04.667 31924 31924 D AndroidRuntime: Calling main entry com.android.commands.input.Input
08-05 11:42:04.668 31924 31924 I Input   : injectKeyEvent: KeyEvent { action=ACTION_DOWN, keyCode=KEYCODE_BACK, scanCode=0, metaState=0, flags=0x0, repeatCount=0, eventTime=790941082, downTime=790941082, deviceId=-1, source=0x101 }
08-05 11:42:04.674 31924 31924 I Input   : injectKeyEvent: KeyEvent { action=ACTION_UP, keyCode=KEYCODE_BACK, scanCode=0, metaState=0, flags=0x0, repeatCount=0, eventTime=790941082, downTime=790941082, deviceId=-1, source=0x101 }
08-05 11:42:04.681 31924 31924 D AndroidRuntime: Shutting down VM
08-05 11:42:04.690 29746 31254 I art     : Explicit concurrent mark sweep GC freed 77(15KB) AllocSpace objects, 1(20KB) LOS objects, 27% free, 41MB/57MB, paused 932us total 34.199ms
08-05 11:42:04.691 29746 29746 D baseline.com.newsblur.service.NBSyncService: rejecting request for feedset that is exhaused
08-05 11:42:04.700 29746 31254 I art     : Starting a blocking GC Explicit
08-05 11:42:04.734 29746 31254 I art     : Explicit concurrent mark sweep GC freed 163(23KB) AllocSpace objects, 1(20KB) LOS objects, 27% free, 41MB/57MB, paused 798us total 33.553ms
08-05 11:42:04.742 29746 31254 I art     : Starting a blocking GC Explicit
08-05 11:42:04.783 29746 31254 I art     : Explicit concurrent mark sweep GC freed 608(45KB) AllocSpace objects, 1(20KB) LOS objects, 27% free, 41MB/57MB, paused 864us total 39.144ms
08-05 11:42:04.804 29746 29746 D baseline.com.newsblur.service.NBSyncService: rejecting request for feedset that is exhaused
08-05 11:42:04.806 13866 13866 I GoogleInputMethodServic: GoogleInputMethodService.onFinishInput():3138 
08-05 11:42:04.807 13866 13866 I GoogleInputMethodServic: GoogleInputMethodService.onStartInput():1808 
08-05 11:42:05.104 29746 29758 I art     : Starting a blocking GC Explicit
08-05 11:42:05.151 29746 29758 I art     : Explicit concurrent mark sweep GC freed 3895(241KB) AllocSpace objects, 3(68KB) LOS objects, 27% free, 41MB/57MB, paused 1.117ms total 46.517ms
08-05 11:42:05.161 29746 29758 I art     : Starting a blocking GC Explicit
08-05 11:42:05.195 29746 29758 I art     : Explicit concurrent mark sweep GC freed 280(18KB) AllocSpace objects, 0(0B) LOS objects, 27% free, 41MB/57MB, paused 821us total 33.781ms
08-05 11:42:05.205 29746 29758 I art     : Starting a blocking GC Explicit
08-05 11:42:05.239 29746 29758 I art     : Explicit concurrent mark sweep GC freed 136(6KB) AllocSpace objects, 0(0B) LOS objects, 27% free, 41MB/57MB, paused 898us total 34.508ms
08-05 11:42:05.248 29746 29758 I art     : Starting a blocking GC Explicit
08-05 11:42:05.284 29746 29758 I art     : Explicit concurrent mark sweep GC freed 7(224B) AllocSpace objects, 0(0B) LOS objects, 27% free, 41MB/57MB, paused 790us total 36.370ms
08-05 11:42:05.294 29746 29758 I art     : Starting a blocking GC Explicit
08-05 11:42:05.329 29746 29758 I art     : Explicit concurrent mark sweep GC freed 9(288B) AllocSpace objects, 0(0B) LOS objects, 27% free, 41MB/57MB, paused 820us total 35.381ms
08-05 11:42:05.330 29746 29757 I art     : WaitForGcToComplete blocked for 19.548ms for cause HeapTrim
08-05 11:42:05.679 29746 29774 I art     : Starting a blocking GC Explicit
08-05 11:42:05.728 29746 29774 I art     : Explicit concurrent mark sweep GC freed 1455(82KB) AllocSpace objects, 1(20KB) LOS objects, 27% free, 41MB/57MB, paused 1.170ms total 48.084ms
08-05 11:42:05.738 29746 29774 I art     : Starting a blocking GC Explicit
08-05 11:42:05.779 29746 29774 I art     : Explicit concurrent mark sweep GC freed 26(896B) AllocSpace objects, 0(0B) LOS objects, 27% free, 41MB/57MB, paused 863us total 41.171ms
08-05 11:42:05.788 29746 29774 I art     : Starting a blocking GC Explicit
08-05 11:42:05.831 29746 29774 I art     : Explicit concurrent mark sweep GC freed 9(288B) AllocSpace objects, 0(0B) LOS objects, 27% free, 41MB/57MB, paused 843us total 42.918ms
08-05 11:42:05.841 29746 29774 I art     : Starting a blocking GC Explicit
08-05 11:42:05.884 29746 29774 I art     : Explicit concurrent mark sweep GC freed 9(288B) AllocSpace objects, 0(0B) LOS objects, 27% free, 41MB/57MB, paused 857us total 41.813ms
08-05 11:42:05.895 29746 29774 I art     : Starting a blocking GC Explicit
08-05 11:42:05.937 29746 29774 I art     : Explicit concurrent mark sweep GC freed 9(288B) AllocSpace objects, 0(0B) LOS objects, 27% free, 41MB/57MB, paused 883us total 42.171ms
08-05 11:42:06.229 31969 31969 D AndroidRuntime: >>>>>> START com.android.internal.os.RuntimeInit uid 2000 <<<<<<
08-05 11:42:06.233 31969 31969 D AndroidRuntime: CheckJNI is OFF
08-05 11:42:06.263 31969 31969 D ICU     : No timezone override file found: /data/misc/zoneinfo/current/icu/icu_tzdata.dat
08-05 11:42:06.265 29746 31958 I art     : Starting a blocking GC Explicit
08-05 11:42:06.292 31969 31969 I Radio-JNI: register_android_hardware_Radio DONE
08-05 11:42:06.306 29746 31958 I art     : Explicit concurrent mark sweep GC freed 1446(82KB) AllocSpace objects, 1(20KB) LOS objects, 27% free, 41MB/57MB, paused 796us total 41.266ms
08-05 11:42:06.309 31969 31969 D AndroidRuntime: Calling main entry com.android.commands.input.Input
08-05 11:42:06.310 31969 31969 I Input   : injectKeyEvent: KeyEvent { action=ACTION_DOWN, keyCode=KEYCODE_BACK, scanCode=0, metaState=0, flags=0x0, repeatCount=0, eventTime=790942724, downTime=790942724, deviceId=-1, source=0x101 }
08-05 11:42:06.316 29746 31958 I art     : Starting a blocking GC Explicit
08-05 11:42:06.316 31969 31969 I Input   : injectKeyEvent: KeyEvent { action=ACTION_UP, keyCode=KEYCODE_BACK, scanCode=0, metaState=0, flags=0x0, repeatCount=0, eventTime=790942724, downTime=790942724, deviceId=-1, source=0x101 }
08-05 11:42:06.323 31969 31969 D AndroidRuntime: Shutting down VM
08-05 11:42:06.353 29746 31958 I art     : Explicit concurrent mark sweep GC freed 344(65KB) AllocSpace objects, 4(80KB) LOS objects, 27% free, 41MB/57MB, paused 956us total 37.631ms
08-05 11:42:06.362 29746 31958 I art     : Starting a blocking GC Explicit
08-05 11:42:06.399 29746 31958 I art     : Explicit concurrent mark sweep GC freed 49(2336B) AllocSpace objects, 0(0B) LOS objects, 27% free, 41MB/57MB, paused 944us total 36.403ms
08-05 11:42:06.408 29746 31958 I art     : Starting a blocking GC Explicit
08-05 11:42:06.447 29746 31958 I art     : Explicit concurrent mark sweep GC freed 2086(145KB) AllocSpace objects, 4(80KB) LOS objects, 27% free, 41MB/57MB, paused 813us total 38.416ms
08-05 11:42:06.455 29746 31958 I art     : Starting a blocking GC Explicit
08-05 11:42:06.460 13866 13866 I GoogleInputMethodServic: GoogleInputMethodService.onFinishInput():3138 
08-05 11:42:06.460 13866 13866 I GoogleInputMethodServic: GoogleInputMethodService.onStartInput():1808 
08-05 11:42:06.495 29746 31958 I art     : Explicit concurrent mark sweep GC freed 8122(522KB) AllocSpace objects, 8(160KB) LOS objects, 27% free, 41MB/57MB, paused 1.056ms total 39.255ms
08-05 11:42:06.775 29746 31254 I art     : Starting a blocking GC Explicit
08-05 11:42:06.826 29746 31254 I art     : Explicit concurrent mark sweep GC freed 1690(93KB) AllocSpace objects, 1(20KB) LOS objects, 27% free, 41MB/57MB, paused 1.205ms total 50.022ms
08-05 11:42:06.837 29746 31254 I art     : Starting a blocking GC Explicit
08-05 11:42:06.874 29746 31254 I art     : Explicit concurrent mark sweep GC freed 470(20KB) AllocSpace objects, 0(0B) LOS objects, 27% free, 41MB/57MB, paused 831us total 37.236ms
08-05 11:42:06.883 29746 31254 I art     : Starting a blocking GC Explicit
08-05 11:42:06.918 29746 31254 I art     : Explicit concurrent mark sweep GC freed 937(40KB) AllocSpace objects, 0(0B) LOS objects, 27% free, 41MB/57MB, paused 920us total 34.917ms
08-05 11:42:06.927 29746 31254 I art     : Starting a blocking GC Explicit
08-05 11:42:06.962 29746 31254 I art     : Explicit concurrent mark sweep GC freed 35(1360B) AllocSpace objects, 0(0B) LOS objects, 27% free, 41MB/57MB, paused 896us total 34.785ms
08-05 11:42:06.970 29746 31254 I art     : Starting a blocking GC Explicit
08-05 11:42:07.005 29746 31254 I art     : Explicit concurrent mark sweep GC freed 7(224B) AllocSpace objects, 0(0B) LOS objects, 27% free, 41MB/57MB, paused 799us total 34.929ms
08-05 11:42:07.329 29746 29774 I art     : Starting a blocking GC Explicit
08-05 11:42:07.374 29746 29774 I art     : Explicit concurrent mark sweep GC freed 3908(209KB) AllocSpace objects, 4(220KB) LOS objects, 27% free, 41MB/57MB, paused 1.524ms total 45.552ms
08-05 11:42:07.385 29746 29774 I art     : Starting a blocking GC Explicit
08-05 11:42:07.426 29746 29774 I art     : Explicit concurrent mark sweep GC freed 958(116KB) AllocSpace objects, 0(0B) LOS objects, 27% free, 41MB/57MB, paused 976us total 40.381ms
08-05 11:42:07.436 29746 29774 I art     : Starting a blocking GC Explicit
08-05 11:42:07.477 29746 29774 I art     : Explicit concurrent mark sweep GC freed 10(320B) AllocSpace objects, 0(0B) LOS objects, 27% free, 41MB/57MB, paused 995us total 41.174ms
08-05 11:42:07.487 29746 29774 I art     : Starting a blocking GC Explicit
08-05 11:42:07.520 29746 31993 E baseline.com.newsblur.network.APIResponse: Error (unexpected end of stream on https://www.newsblur.com/...) calling https://www.newsblur.com/reader/mark_story_hashes_as_read/
08-05 11:42:07.520 29746 31993 E baseline.com.newsblur.network.APIResponse: java.io.IOException: unexpected end of stream on https://www.newsblur.com/...
08-05 11:42:07.520 29746 31993 E baseline.com.newsblur.network.APIResponse: 	at okhttp3.internal.http1.Http1ExchangeCodec.readResponseHeaders(Http1ExchangeCodec.java:236)
08-05 11:42:07.520 29746 31993 E baseline.com.newsblur.network.APIResponse: 	at okhttp3.internal.connection.Exchange.readResponseHeaders(Exchange.java:115)
08-05 11:42:07.520 29746 31993 E baseline.com.newsblur.network.APIResponse: 	at okhttp3.internal.http.CallServerInterceptor.intercept(CallServerInterceptor.java:94)
08-05 11:42:07.520 29746 31993 E baseline.com.newsblur.network.APIResponse: 	at okhttp3.internal.http.RealInterceptorChain.proceed(RealInterceptorChain.java:142)
08-05 11:42:07.520 29746 31993 E baseline.com.newsblur.network.APIResponse: 	at okhttp3.internal.connection.ConnectInterceptor.intercept(ConnectInterceptor.java:43)
08-05 11:42:07.520 29746 31993 E baseline.com.newsblur.network.APIResponse: 	at okhttp3.internal.http.RealInterceptorChain.proceed(RealInterceptorChain.java:142)
08-05 11:42:07.520 29746 31993 E baseline.com.newsblur.network.APIResponse: 	at okhttp3.internal.http.RealInterceptorChain.proceed(RealInterceptorChain.java:117)
08-05 11:42:07.520 29746 31993 E baseline.com.newsblur.network.APIResponse: 	at okhttp3.internal.cache.CacheInterceptor.intercept(CacheInterceptor.java:94)
08-05 11:42:07.520 29746 31993 E baseline.com.newsblur.network.APIResponse: 	at okhttp3.internal.http.RealInterceptorChain.proceed(RealInterceptorChain.java:142)
08-05 11:42:07.520 29746 31993 E baseline.com.newsblur.network.APIResponse: 	at okhttp3.internal.http.RealInterceptorChain.proceed(RealInterceptorChain.java:117)
08-05 11:42:07.520 29746 31993 E baseline.com.newsblur.network.APIResponse: 	at okhttp3.internal.http.BridgeInterceptor.intercept(BridgeInterceptor.java:93)
08-05 11:42:07.520 29746 31993 E baseline.com.newsblur.network.APIResponse: 	at okhttp3.internal.http.RealInterceptorChain.proceed(RealInterceptorChain.java:142)
08-05 11:42:07.520 29746 31993 E baseline.com.newsblur.network.APIResponse: 	at okhttp3.internal.http.RetryAndFollowUpInterceptor.intercept(RetryAndFollowUpInterceptor.java:88)
08-05 11:42:07.520 29746 31993 E baseline.com.newsblur.network.APIResponse: 	at okhttp3.internal.http.RealInterceptorChain.proceed(RealInterceptorChain.java:142)
08-05 11:42:07.520 29746 31993 E baseline.com.newsblur.network.APIResponse: 	at okhttp3.internal.http.RealInterceptorChain.proceed(RealInterceptorChain.java:117)
08-05 11:42:07.520 29746 31993 E baseline.com.newsblur.network.APIResponse: 	at okhttp3.RealCall.getResponseWithInterceptorChain(RealCall.java:229)
08-05 11:42:07.520 29746 31993 E baseline.com.newsblur.network.APIResponse: 	at okhttp3.RealCall.execute(RealCall.java:81)
08-05 11:42:07.520 29746 31993 E baseline.com.newsblur.network.APIResponse: 	at baseline.com.newsblur.network.APIResponse.<init>(APIResponse.java:57)
08-05 11:42:07.520 29746 31993 E baseline.com.newsblur.network.APIResponse: 	at baseline.com.newsblur.network.APIResponse.<init>(APIResponse.java:43)
08-05 11:42:07.520 29746 31993 E baseline.com.newsblur.network.APIResponse: 	at baseline.com.newsblur.network.APIManager.post_single(APIManager.java:702)
08-05 11:42:07.520 29746 31993 E baseline.com.newsblur.network.APIResponse: 	at baseline.com.newsblur.network.APIManager.post(APIManager.java:675)
08-05 11:42:07.520 29746 31993 E baseline.com.newsblur.network.APIResponse: 	at baseline.com.newsblur.network.APIManager.post(APIManager.java:714)
08-05 11:42:07.520 29746 31993 E baseline.com.newsblur.network.APIResponse: 	at baseline.com.newsblur.network.APIManager.markStoryAsRead(APIManager.java:205)
08-05 11:42:07.520 29746 31993 E baseline.com.newsblur.network.APIResponse: 	at baseline.com.newsblur.util.ReadingAction.doRemote(ReadingAction.java:281)
08-05 11:42:07.520 29746 31993 E baseline.com.newsblur.network.APIResponse: 	at baseline.com.newsblur.service.NBSyncService.syncActions(NBSyncService.java:400)
08-05 11:42:07.520 29746 31993 E baseline.com.newsblur.network.APIResponse: 	at baseline.com.newsblur.service.NBSyncService.doSync(NBSyncService.java:298)
08-05 11:42:07.520 29746 31993 E baseline.com.newsblur.network.APIResponse: 	at baseline.com.newsblur.service.NBSyncService.access$100(NBSyncService.java:67)
08-05 11:42:07.520 29746 31993 E baseline.com.newsblur.network.APIResponse: 	at baseline.com.newsblur.service.NBSyncService$1.run(NBSyncService.java:188)
08-05 11:42:07.520 29746 31993 E baseline.com.newsblur.network.APIResponse: 	at java.util.concurrent.ThreadPoolExecutor.runWorker(ThreadPoolExecutor.java:1113)
08-05 11:42:07.520 29746 31993 E baseline.com.newsblur.network.APIResponse: 	at java.util.concurrent.ThreadPoolExecutor$Worker.run(ThreadPoolExecutor.java:588)
08-05 11:42:07.520 29746 31993 E baseline.com.newsblur.network.APIResponse: 	at java.lang.Thread.run(Thread.java:818)
08-05 11:42:07.520 29746 31993 E baseline.com.newsblur.network.APIResponse: Caused by: java.io.EOFException: \n not found: limit=0 content=
08-05 11:42:07.520 29746 31993 E baseline.com.newsblur.network.APIResponse: 	at okio.RealBufferedSource.readUtf8LineStrict(RealBufferedSource.java:240)
08-05 11:42:07.520 29746 31993 E baseline.com.newsblur.network.APIResponse: 	at okhttp3.internal.http1.Http1ExchangeCodec.readHeaderLine(Http1ExchangeCodec.java:242)
08-05 11:42:07.520 29746 31993 E baseline.com.newsblur.network.APIResponse: 	at okhttp3.internal.http1.Http1ExchangeCodec.readResponseHeaders(Http1ExchangeCodec.java:213)
08-05 11:42:07.520 29746 31993 E baseline.com.newsblur.network.APIResponse: 	... 30 more
08-05 11:42:07.522 29746 31993 I baseline.com.newsblur.network.APIManager: API call failed, pausing before retry number 1
08-05 11:42:07.527 29746 29774 I art     : Explicit concurrent mark sweep GC freed 469(160KB) AllocSpace objects, 2(40KB) LOS objects, 27% free, 41MB/57MB, paused 1.050ms total 39.252ms
08-05 11:42:07.536 29746 29774 I art     : Starting a blocking GC Explicit
08-05 11:42:07.564   518   646 I ThermalEngine: ACTION: GPU - Setting GPU[0] to 510000000
08-05 11:42:07.579 29746 29774 I art     : Explicit concurrent mark sweep GC freed 384(49KB) AllocSpace objects, 0(0B) LOS objects, 27% free, 41MB/57MB, paused 1.188ms total 42.243ms
08-05 11:42:07.919 29746 29758 I art     : Starting a blocking GC Explicit
08-05 11:42:07.965 32016 32016 D AndroidRuntime: >>>>>> START com.android.internal.os.RuntimeInit uid 2000 <<<<<<
08-05 11:42:07.968 29746 29758 I art     : Explicit concurrent mark sweep GC freed 1509(85KB) AllocSpace objects, 1(20KB) LOS objects, 27% free, 41MB/57MB, paused 1.298ms total 49.338ms
08-05 11:42:07.970 32016 32016 D AndroidRuntime: CheckJNI is OFF
08-05 11:42:07.980 29746 29758 I art     : Starting a blocking GC Explicit
08-05 11:42:08.004 32016 32016 D ICU     : No timezone override file found: /data/misc/zoneinfo/current/icu/icu_tzdata.dat
08-05 11:42:08.025 29746 29758 I art     : Explicit concurrent mark sweep GC freed 22(784B) AllocSpace objects, 0(0B) LOS objects, 27% free, 41MB/57MB, paused 1.204ms total 45.402ms
08-05 11:42:08.037 29746 29758 I art     : Starting a blocking GC Explicit
08-05 11:42:08.041 32016 32016 I Radio-JNI: register_android_hardware_Radio DONE
08-05 11:42:08.062 32016 32016 D AndroidRuntime: Calling main entry com.android.commands.input.Input
08-05 11:42:08.064 32016 32016 I Input   : injectMotionEvent: MotionEvent { action=ACTION_DOWN, actionButton=0, id[0]=0, x[0]=553.0, y[0]=442.0, toolType[0]=TOOL_TYPE_UNKNOWN, buttonState=0, metaState=0, flags=0x0, edgeFlags=0x0, pointerCount=1, historySize=0, eventTime=790944476, downTime=790944476, deviceId=0, source=0x1002 }
08-05 11:42:08.070 32016 32016 I Input   : injectMotionEvent: MotionEvent { action=ACTION_UP, actionButton=0, id[0]=0, x[0]=553.0, y[0]=442.0, toolType[0]=TOOL_TYPE_UNKNOWN, buttonState=0, metaState=0, flags=0x0, edgeFlags=0x0, pointerCount=1, historySize=0, eventTime=790944476, downTime=790944476, deviceId=0, source=0x1002 }
08-05 11:42:08.075 32016 32016 D AndroidRuntime: Shutting down VM
08-05 11:42:08.085 29746 29758 I art     : Explicit concurrent mark sweep GC freed 38(1584B) AllocSpace objects, 0(0B) LOS objects, 27% free, 41MB/57MB, paused 1.255ms total 47.338ms
08-05 11:42:08.096 29746 29758 I art     : Starting a blocking GC Explicit
08-05 11:42:08.138 29746 29758 I art     : Explicit concurrent mark sweep GC freed 9(288B) AllocSpace objects, 0(0B) LOS objects, 27% free, 41MB/57MB, paused 1.169ms total 41.979ms
08-05 11:42:08.142   918  3696 I ActivityManager: START u0 {cmp=baseline.com.newsblur/.activity.AllSharedStoriesItemsList (has extras)} from uid 10676 on display 0
08-05 11:42:08.149 29746 29758 I art     : Starting a blocking GC Explicit
08-05 11:42:08.166 29746 30325 I baseline.com.newsblur.database.BlurDatabaseHelper: reading session reset
08-05 11:42:08.195 29746 29758 I art     : Explicit concurrent mark sweep GC freed 1848(182KB) AllocSpace objects, 5(192KB) LOS objects, 27% free, 41MB/57MB, paused 1.260ms total 45.224ms
08-05 11:42:08.332 29746 29746 D baseline.com.newsblur.service.NBSyncService: rejecting request for feedset that is exhaused
08-05 11:42:08.338 29746 29746 W View    : requestLayout() improperly called by android.widget.FrameLayout{a339950 V.E...... ......ID 0,0-1440,18 #7f07003f app:id/footer_view_inner} during layout: running second layout pass
08-05 11:42:08.338 29746 29746 W View    : requestLayout() improperly called by android.widget.FrameLayout{48ed749 V.E...... ......ID 0,0-1440,2091 #7f07003f app:id/footer_view_inner} during layout: running second layout pass
08-05 11:42:08.361   918   936 I ActivityManager: Displayed baseline.com.newsblur/.activity.AllSharedStoriesItemsList: +207ms
08-05 11:42:08.365 13866 13866 I GoogleInputMethodServic: GoogleInputMethodService.onFinishInput():3138 
08-05 11:42:08.365 13866 13866 I GoogleInputMethodServic: GoogleInputMethodService.onStartInput():1808 
08-05 11:42:08.499 29746 29759 I art     : Starting a blocking GC Explicit
08-05 11:42:08.543 29746 29759 I art     : Explicit concurrent mark sweep GC freed 4028(266KB) AllocSpace objects, 9(180KB) LOS objects, 27% free, 42MB/58MB, paused 1.075ms total 43.915ms
08-05 11:42:08.554 29746 29759 I art     : Starting a blocking GC Explicit
08-05 11:42:08.596 29746 29759 I art     : Explicit concurrent mark sweep GC freed 249(10KB) AllocSpace objects, 0(0B) LOS objects, 27% free, 42MB/58MB, paused 1.043ms total 42.126ms
08-05 11:42:08.607 29746 29759 I art     : Starting a blocking GC Explicit
08-05 11:42:08.630 29746 30018 I NAPPA_EXPERIMENTATION: MetricNetworkRequestExecutionTime: REQUEST_DURATION_SYSTEM='224',REQUEST_DURATION_OKHTTP='223',REQUEST_SYNCHRONOUS='TRUE',RESPONSE_CODE='200',RESPONSE_METHOD='GET',RESPONSE_LENGTH_OKHTTP='43',RESPONSE_LENGTH_HEADER='43',REQUEST_PROTOCOL='http/1.1',REQUEST_URL='http://feeds.feedburner.com/~r/retort/~4/UffaFMiJbNs',
08-05 11:42:08.651 29746 29759 I art     : Explicit concurrent mark sweep GC freed 337(44KB) AllocSpace objects, 2(40KB) LOS objects, 27% free, 42MB/58MB, paused 1.134ms total 43.068ms
08-05 11:42:08.661 29746 29759 I art     : Starting a blocking GC Explicit
08-05 11:42:08.703 29746 29759 I art     : Explicit concurrent mark sweep GC freed 40(1552B) AllocSpace objects, 0(0B) LOS objects, 27% free, 42MB/58MB, paused 1.147ms total 41.903ms
08-05 11:42:08.714 29746 29759 I art     : Starting a blocking GC Explicit
08-05 11:42:08.757 29746 29759 I art     : Explicit concurrent mark sweep GC freed 65(2720B) AllocSpace objects, 0(0B) LOS objects, 27% free, 42MB/58MB, paused 1.117ms total 43.008ms
08-05 11:42:09.095 29746 31958 I art     : Starting a blocking GC Explicit
08-05 11:42:09.146 29746 31958 I art     : Explicit concurrent mark sweep GC freed 1839(100KB) AllocSpace objects, 1(20KB) LOS objects, 27% free, 42MB/58MB, paused 1.235ms total 50.644ms
08-05 11:42:09.157 29746 31958 I art     : Starting a blocking GC Explicit
08-05 11:42:09.207 29746 31958 I art     : Explicit concurrent mark sweep GC freed 37(1392B) AllocSpace objects, 0(0B) LOS objects, 27% free, 42MB/58MB, paused 1.343ms total 49.909ms
08-05 11:42:09.219 29746 31958 I art     : Starting a blocking GC Explicit
08-05 11:42:09.271 29746 31958 I art     : Explicit concurrent mark sweep GC freed 71(5KB) AllocSpace objects, 0(0B) LOS objects, 27% free, 42MB/58MB, paused 1.207ms total 51.155ms
08-05 11:42:09.282 29746 31958 I art     : Starting a blocking GC Explicit
08-05 11:42:09.334 29746 31958 I art     : Explicit concurrent mark sweep GC freed 9(400B) AllocSpace objects, 0(0B) LOS objects, 27% free, 42MB/58MB, paused 1.255ms total 51.706ms
08-05 11:42:09.346 29746 31958 I art     : Starting a blocking GC Explicit
08-05 11:42:09.399 29746 31958 I art     : Explicit concurrent mark sweep GC freed 3(96B) AllocSpace objects, 0(0B) LOS objects, 27% free, 42MB/58MB, paused 1.280ms total 51.926ms
08-05 11:42:09.668 29746 31993 E baseline.com.newsblur.network.APIResponse: Error (unexpected end of stream on https://www.newsblur.com/...) calling https://www.newsblur.com/reader/mark_story_hashes_as_read/
08-05 11:42:09.668 29746 31993 E baseline.com.newsblur.network.APIResponse: java.io.IOException: unexpected end of stream on https://www.newsblur.com/...
08-05 11:42:09.668 29746 31993 E baseline.com.newsblur.network.APIResponse: 	at okhttp3.internal.http1.Http1ExchangeCodec.readResponseHeaders(Http1ExchangeCodec.java:236)
08-05 11:42:09.668 29746 31993 E baseline.com.newsblur.network.APIResponse: 	at okhttp3.internal.connection.Exchange.readResponseHeaders(Exchange.java:115)
08-05 11:42:09.668 29746 31993 E baseline.com.newsblur.network.APIResponse: 	at okhttp3.internal.http.CallServerInterceptor.intercept(CallServerInterceptor.java:94)
08-05 11:42:09.668 29746 31993 E baseline.com.newsblur.network.APIResponse: 	at okhttp3.internal.http.RealInterceptorChain.proceed(RealInterceptorChain.java:142)
08-05 11:42:09.668 29746 31993 E baseline.com.newsblur.network.APIResponse: 	at okhttp3.internal.connection.ConnectInterceptor.intercept(ConnectInterceptor.java:43)
08-05 11:42:09.668 29746 31993 E baseline.com.newsblur.network.APIResponse: 	at okhttp3.internal.http.RealInterceptorChain.proceed(RealInterceptorChain.java:142)
08-05 11:42:09.668 29746 31993 E baseline.com.newsblur.network.APIResponse: 	at okhttp3.internal.http.RealInterceptorChain.proceed(RealInterceptorChain.java:117)
08-05 11:42:09.668 29746 31993 E baseline.com.newsblur.network.APIResponse: 	at okhttp3.internal.cache.CacheInterceptor.intercept(CacheInterceptor.java:94)
08-05 11:42:09.668 29746 31993 E baseline.com.newsblur.network.APIResponse: 	at okhttp3.internal.http.RealInterceptorChain.proceed(RealInterceptorChain.java:142)
08-05 11:42:09.668 29746 31993 E baseline.com.newsblur.network.APIResponse: 	at okhttp3.internal.http.RealInterceptorChain.proceed(RealInterceptorChain.java:117)
08-05 11:42:09.668 29746 31993 E baseline.com.newsblur.network.APIResponse: 	at okhttp3.internal.http.BridgeInterceptor.intercept(BridgeInterceptor.java:93)
08-05 11:42:09.668 29746 31993 E baseline.com.newsblur.network.APIResponse: 	at okhttp3.internal.http.RealInterceptorChain.proceed(RealInterceptorChain.java:142)
08-05 11:42:09.668 29746 31993 E baseline.com.newsblur.network.APIResponse: 	at okhttp3.internal.http.RetryAndFollowUpInterceptor.intercept(RetryAndFollowUpInterceptor.java:88)
08-05 11:42:09.668 29746 31993 E baseline.com.newsblur.network.APIResponse: 	at okhttp3.internal.http.RealInterceptorChain.proceed(RealInterceptorChain.java:142)
08-05 11:42:09.668 29746 31993 E baseline.com.newsblur.network.APIResponse: 	at okhttp3.internal.http.RealInterceptorChain.proceed(RealInterceptorChain.java:117)
08-05 11:42:09.668 29746 31993 E baseline.com.newsblur.network.APIResponse: 	at okhttp3.RealCall.getResponseWithInterceptorChain(RealCall.java:229)
08-05 11:42:09.668 29746 31993 E baseline.com.newsblur.network.APIResponse: 	at okhttp3.RealCall.execute(RealCall.java:81)
08-05 11:42:09.668 29746 31993 E baseline.com.newsblur.network.APIResponse: 	at baseline.com.newsblur.network.APIResponse.<init>(APIResponse.java:57)
08-05 11:42:09.668 29746 31993 E baseline.com.newsblur.network.APIResponse: 	at baseline.com.newsblur.network.APIResponse.<init>(APIResponse.java:43)
08-05 11:42:09.668 29746 31993 E baseline.com.newsblur.network.APIResponse: 	at baseline.com.newsblur.network.APIManager.post_single(APIManager.java:702)
08-05 11:42:09.668 29746 31993 E baseline.com.newsblur.network.APIResponse: 	at baseline.com.newsblur.network.APIManager.post(APIManager.java:675)
08-05 11:42:09.668 29746 31993 E baseline.com.newsblur.network.APIResponse: 	at baseline.com.newsblur.network.APIManager.post(APIManager.java:714)
08-05 11:42:09.668 29746 31993 E baseline.com.newsblur.network.APIResponse: 	at baseline.com.newsblur.network.APIManager.markStoryAsRead(APIManager.java:205)
08-05 11:42:09.668 29746 31993 E baseline.com.newsblur.network.APIResponse: 	at baseline.com.newsblur.util.ReadingAction.doRemote(ReadingAction.java:281)
08-05 11:42:09.668 29746 31993 E baseline.com.newsblur.network.APIResponse: 	at baseline.com.newsblur.service.NBSyncService.syncActions(NBSyncService.java:400)
08-05 11:42:09.668 29746 31993 E baseline.com.newsblur.network.APIResponse: 	at baseline.com.newsblur.service.NBSyncService.doSync(NBSyncService.java:298)
08-05 11:42:09.668 29746 31993 E baseline.com.newsblur.network.APIResponse: 	at baseline.com.newsblur.service.NBSyncService.access$100(NBSyncService.java:67)
08-05 11:42:09.668 29746 31993 E baseline.com.newsblur.network.APIResponse: 	at baseline.com.newsblur.service.NBSyncService$1.run(NBSyncService.java:188)
08-05 11:42:09.668 29746 31993 E baseline.com.newsblur.network.APIResponse: 	at java.util.concurrent.ThreadPoolExecutor.runWorker(ThreadPoolExecutor.java:1113)
08-05 11:42:09.668 29746 31993 E baseline.com.newsblur.network.APIResponse: 	at java.util.concurrent.ThreadPoolExecutor$Worker.run(ThreadPoolExecutor.java:588)
08-05 11:42:09.668 29746 31993 E baseline.com.newsblur.network.APIResponse: 	at java.lang.Thread.run(Thread.java:818)
08-05 11:42:09.668 29746 31993 E baseline.com.newsblur.network.APIResponse: Caused by: java.io.EOFException: \n not found: limit=0 content=
08-05 11:42:09.668 29746 31993 E baseline.com.newsblur.network.APIResponse: 	at okio.RealBufferedSource.readUtf8LineStrict(RealBufferedSource.java:240)
08-05 11:42:09.668 29746 31993 E baseline.com.newsblur.network.APIResponse: 	at okhttp3.internal.http1.Http1ExchangeCodec.readHeaderLine(Http1ExchangeCodec.java:242)
08-05 11:42:09.668 29746 31993 E baseline.com.newsblur.network.APIResponse: 	at okhttp3.internal.http1.Http1ExchangeCodec.readResponseHeaders(Http1ExchangeCodec.java:213)
08-05 11:42:09.668 29746 31993 E baseline.com.newsblur.network.APIResponse: 	... 30 more
08-05 11:42:09.669 29746 31993 I baseline.com.newsblur.network.APIManager: API call failed, pausing before retry number 2
08-05 11:42:09.740 29746 29759 I art     : Starting a blocking GC Explicit
08-05 11:42:09.795 29746 29759 I art     : Explicit concurrent mark sweep GC freed 3991(358KB) AllocSpace objects, 3(60KB) LOS objects, 27% free, 42MB/58MB, paused 1.126ms total 55.079ms
08-05 11:42:09.807 29746 29759 I art     : Starting a blocking GC Explicit
08-05 11:42:09.858 29746 29759 I art     : Explicit concurrent mark sweep GC freed 109(3KB) AllocSpace objects, 0(0B) LOS objects, 27% free, 42MB/58MB, paused 1.366ms total 50.507ms
08-05 11:42:09.870 29746 29759 I art     : Starting a blocking GC Explicit
08-05 11:42:09.922 29746 29759 I art     : Explicit concurrent mark sweep GC freed 3(96B) AllocSpace objects, 0(0B) LOS objects, 27% free, 42MB/58MB, paused 1.221ms total 52.205ms
08-05 11:42:09.934 29746 29759 I art     : Starting a blocking GC Explicit
08-05 11:42:09.988 29746 29759 I art     : Explicit concurrent mark sweep GC freed 3(96B) AllocSpace objects, 0(0B) LOS objects, 27% free, 42MB/58MB, paused 1.433ms total 52.979ms
08-05 11:42:10.000 29746 29759 I art     : Starting a blocking GC Explicit
08-05 11:42:10.052 29746 29759 I art     : Explicit concurrent mark sweep GC freed 3(96B) AllocSpace objects, 0(0B) LOS objects, 27% free, 42MB/58MB, paused 1.212ms total 51.769ms
08-05 11:42:10.429 29746 29774 I art     : Starting a blocking GC Explicit
08-05 11:42:10.484 29746 29774 I art     : Explicit concurrent mark sweep GC freed 1446(83KB) AllocSpace objects, 1(20KB) LOS objects, 27% free, 42MB/58MB, paused 1.187ms total 53.947ms
08-05 11:42:10.499 29746 29774 I art     : Starting a blocking GC Explicit
08-05 11:42:10.548 29746 29774 I art     : Explicit concurrent mark sweep GC freed 22(784B) AllocSpace objects, 0(0B) LOS objects, 27% free, 42MB/58MB, paused 1.229ms total 49.078ms
08-05 11:42:10.560 29746 29774 I art     : Starting a blocking GC Explicit
08-05 11:42:10.610 29746 29774 I art     : Explicit concurrent mark sweep GC freed 3(96B) AllocSpace objects, 0(0B) LOS objects, 27% free, 42MB/58MB, paused 1.253ms total 50.039ms
08-05 11:42:10.622 29746 29774 I art     : Starting a blocking GC Explicit
08-05 11:42:10.672 29746 29774 I art     : Explicit concurrent mark sweep GC freed 3(96B) AllocSpace objects, 0(0B) LOS objects, 27% free, 42MB/58MB, paused 1.147ms total 50.136ms
08-05 11:42:10.684 29746 29774 I art     : Starting a blocking GC Explicit
08-05 11:42:10.731 29746 29774 I art     : Explicit concurrent mark sweep GC freed 3(96B) AllocSpace objects, 0(0B) LOS objects, 27% free, 42MB/58MB, paused 1.132ms total 46.923ms
08-05 11:42:11.104 29746 31254 I art     : Starting a blocking GC Explicit
08-05 11:42:11.160 29746 31254 I art     : Explicit concurrent mark sweep GC freed 1446(83KB) AllocSpace objects, 1(20KB) LOS objects, 27% free, 42MB/58MB, paused 1.242ms total 55.088ms
08-05 11:42:11.175 29746 31254 I art     : Starting a blocking GC Explicit
08-05 11:42:11.224 29746 31254 I art     : Explicit concurrent mark sweep GC freed 22(784B) AllocSpace objects, 0(0B) LOS objects, 27% free, 42MB/58MB, paused 1.138ms total 49.085ms
08-05 11:42:11.236 29746 31254 I art     : Starting a blocking GC Explicit
08-05 11:42:11.286 29746 31254 I art     : Explicit concurrent mark sweep GC freed 3(96B) AllocSpace objects, 0(0B) LOS objects, 27% free, 42MB/58MB, paused 1.198ms total 49.770ms
08-05 11:42:11.298 29746 31254 I art     : Starting a blocking GC Explicit
08-05 11:42:11.348 29746 31254 I art     : Explicit concurrent mark sweep GC freed 3(96B) AllocSpace objects, 0(0B) LOS objects, 27% free, 42MB/58MB, paused 1.159ms total 50.332ms
08-05 11:42:11.360 29746 31254 I art     : Starting a blocking GC Explicit
08-05 11:42:11.411 29746 31254 I art     : Explicit concurrent mark sweep GC freed 3(96B) AllocSpace objects, 0(0B) LOS objects, 27% free, 42MB/58MB, paused 1.208ms total 50.873ms
08-05 11:42:11.789 29746 31958 I art     : Starting a blocking GC Explicit
08-05 11:42:11.840 29746 31958 I art     : Explicit concurrent mark sweep GC freed 1445(85KB) AllocSpace objects, 1(20KB) LOS objects, 27% free, 42MB/58MB, paused 1.184ms total 51.486ms
08-05 11:42:11.852 29746 31958 I art     : Starting a blocking GC Explicit
08-05 11:42:11.901 29746 31958 I art     : Explicit concurrent mark sweep GC freed 22(784B) AllocSpace objects, 0(0B) LOS objects, 27% free, 42MB/58MB, paused 1.212ms total 49.423ms
08-05 11:42:11.913 29746 31958 I art     : Starting a blocking GC Explicit
08-05 11:42:11.963 29746 31958 I art     : Explicit concurrent mark sweep GC freed 3(96B) AllocSpace objects, 0(0B) LOS objects, 27% free, 42MB/58MB, paused 1.200ms total 49.347ms
08-05 11:42:11.974 29746 31958 I art     : Starting a blocking GC Explicit
08-05 11:42:12.025 29746 31958 I art     : Explicit concurrent mark sweep GC freed 3(96B) AllocSpace objects, 0(0B) LOS objects, 27% free, 42MB/58MB, paused 1.168ms total 50.349ms
08-05 11:42:12.037 29746 31958 I art     : Starting a blocking GC Explicit
08-05 11:42:12.087 29746 31958 I art     : Explicit concurrent mark sweep GC freed 3(96B) AllocSpace objects, 0(0B) LOS objects, 27% free, 42MB/58MB, paused 1.211ms total 50.316ms
08-05 11:42:12.462 29746 29758 I art     : Starting a blocking GC Explicit
08-05 11:42:12.516 29746 29758 I art     : Explicit concurrent mark sweep GC freed 1444(83KB) AllocSpace objects, 1(20KB) LOS objects, 27% free, 42MB/58MB, paused 1.170ms total 53.452ms
08-05 11:42:12.532 29746 29758 I art     : Starting a blocking GC Explicit
08-05 11:42:12.582 29746 29758 I art     : Explicit concurrent mark sweep GC freed 22(784B) AllocSpace objects, 0(0B) LOS objects, 27% free, 42MB/58MB, paused 1.170ms total 49.027ms
08-05 11:42:12.593 29746 29758 I art     : Starting a blocking GC Explicit
08-05 11:42:12.643 29746 29758 I art     : Explicit concurrent mark sweep GC freed 3(96B) AllocSpace objects, 0(0B) LOS objects, 27% free, 42MB/58MB, paused 1.123ms total 49.738ms
08-05 11:42:12.655 29746 29758 I art     : Starting a blocking GC Explicit
08-05 11:42:12.705 29746 29758 I art     : Explicit concurrent mark sweep GC freed 94(3KB) AllocSpace objects, 0(0B) LOS objects, 27% free, 42MB/58MB, paused 1.313ms total 49.496ms
08-05 11:42:12.717 29746 29758 I art     : Starting a blocking GC Explicit
08-05 11:42:12.767 29746 29758 I art     : Explicit concurrent mark sweep GC freed 9(352B) AllocSpace objects, 0(0B) LOS objects, 27% free, 42MB/58MB, paused 1.320ms total 50.680ms
08-05 11:42:13.138 29746 29759 I art     : Starting a blocking GC Explicit
08-05 11:42:13.192 29746 29759 I art     : Explicit concurrent mark sweep GC freed 1519(88KB) AllocSpace objects, 1(20KB) LOS objects, 27% free, 42MB/58MB, paused 1.279ms total 53.663ms
08-05 11:42:13.207 29746 29759 I art     : Starting a blocking GC Explicit
08-05 11:42:13.259 29746 29759 I art     : Explicit concurrent mark sweep GC freed 1602(63KB) AllocSpace objects, 0(0B) LOS objects, 27% free, 42MB/58MB, paused 1.353ms total 51.963ms
08-05 11:42:13.270 29746 29759 I art     : Starting a blocking GC Explicit
08-05 11:42:13.274 29746 31993 E baseline.com.newsblur.network.APIResponse: Error (unexpected end of stream on https://www.newsblur.com/...) calling https://www.newsblur.com/reader/mark_story_hashes_as_read/
08-05 11:42:13.274 29746 31993 E baseline.com.newsblur.network.APIResponse: java.io.IOException: unexpected end of stream on https://www.newsblur.com/...
08-05 11:42:13.274 29746 31993 E baseline.com.newsblur.network.APIResponse: 	at okhttp3.internal.http1.Http1ExchangeCodec.readResponseHeaders(Http1ExchangeCodec.java:236)
08-05 11:42:13.274 29746 31993 E baseline.com.newsblur.network.APIResponse: 	at okhttp3.internal.connection.Exchange.readResponseHeaders(Exchange.java:115)
08-05 11:42:13.274 29746 31993 E baseline.com.newsblur.network.APIResponse: 	at okhttp3.internal.http.CallServerInterceptor.intercept(CallServerInterceptor.java:94)
08-05 11:42:13.274 29746 31993 E baseline.com.newsblur.network.APIResponse: 	at okhttp3.internal.http.RealInterceptorChain.proceed(RealInterceptorChain.java:142)
08-05 11:42:13.274 29746 31993 E baseline.com.newsblur.network.APIResponse: 	at okhttp3.internal.connection.ConnectInterceptor.intercept(ConnectInterceptor.java:43)
08-05 11:42:13.274 29746 31993 E baseline.com.newsblur.network.APIResponse: 	at okhttp3.internal.http.RealInterceptorChain.proceed(RealInterceptorChain.java:142)
08-05 11:42:13.274 29746 31993 E baseline.com.newsblur.network.APIResponse: 	at okhttp3.internal.http.RealInterceptorChain.proceed(RealInterceptorChain.java:117)
08-05 11:42:13.274 29746 31993 E baseline.com.newsblur.network.APIResponse: 	at okhttp3.internal.cache.CacheInterceptor.intercept(CacheInterceptor.java:94)
08-05 11:42:13.274 29746 31993 E baseline.com.newsblur.network.APIResponse: 	at okhttp3.internal.http.RealInterceptorChain.proceed(RealInterceptorChain.java:142)
08-05 11:42:13.274 29746 31993 E baseline.com.newsblur.network.APIResponse: 	at okhttp3.internal.http.RealInterceptorChain.proceed(RealInterceptorChain.java:117)
08-05 11:42:13.274 29746 31993 E baseline.com.newsblur.network.APIResponse: 	at okhttp3.internal.http.BridgeInterceptor.intercept(BridgeInterceptor.java:93)
08-05 11:42:13.274 29746 31993 E baseline.com.newsblur.network.APIResponse: 	at okhttp3.internal.http.RealInterceptorChain.proceed(RealInterceptorChain.java:142)
08-05 11:42:13.274 29746 31993 E baseline.com.newsblur.network.APIResponse: 	at okhttp3.internal.http.RetryAndFollowUpInterceptor.intercept(RetryAndFollowUpInterceptor.java:88)
08-05 11:42:13.274 29746 31993 E baseline.com.newsblur.network.APIResponse: 	at okhttp3.internal.http.RealInterceptorChain.proceed(RealInterceptorChain.java:142)
08-05 11:42:13.274 29746 31993 E baseline.com.newsblur.network.APIResponse: 	at okhttp3.internal.http.RealInterceptorChain.proceed(RealInterceptorChain.java:117)
08-05 11:42:13.274 29746 31993 E baseline.com.newsblur.network.APIResponse: 	at okhttp3.RealCall.getResponseWithInterceptorChain(RealCall.java:229)
08-05 11:42:13.274 29746 31993 E baseline.com.newsblur.network.APIResponse: 	at okhttp3.RealCall.execute(RealCall.java:81)
08-05 11:42:13.274 29746 31993 E baseline.com.newsblur.network.APIResponse: 	at baseline.com.newsblur.network.APIResponse.<init>(APIResponse.java:57)
08-05 11:42:13.274 29746 31993 E baseline.com.newsblur.network.APIResponse: 	at baseline.com.newsblur.network.APIResponse.<init>(APIResponse.java:43)
08-05 11:42:13.274 29746 31993 E baseline.com.newsblur.network.APIResponse: 	at baseline.com.newsblur.network.APIManager.post_single(APIManager.java:702)
08-05 11:42:13.274 29746 31993 E baseline.com.newsblur.network.APIResponse: 	at baseline.com.newsblur.network.APIManager.post(APIManager.java:675)
08-05 11:42:13.274 29746 31993 E baseline.com.newsblur.network.APIResponse: 	at baseline.com.newsblur.network.APIManager.post(APIManager.java:714)
08-05 11:42:13.274 29746 31993 E baseline.com.newsblur.network.APIResponse: 	at baseline.com.newsblur.network.APIManager.markStoryAsRead(APIManager.java:205)
08-05 11:42:13.274 29746 31993 E baseline.com.newsblur.network.APIResponse: 	at baseline.com.newsblur.util.ReadingAction.doRemote(ReadingAction.java:281)
08-05 11:42:13.274 29746 31993 E baseline.com.newsblur.network.APIResponse: 	at baseline.com.newsblur.service.NBSyncService.syncActions(NBSyncService.java:400)
08-05 11:42:13.274 29746 31993 E baseline.com.newsblur.network.APIResponse: 	at baseline.com.newsblur.service.NBSyncService.doSync(NBSyncService.java:298)
08-05 11:42:13.274 29746 31993 E baseline.com.newsblur.network.APIResponse: 	at baseline.com.newsblur.service.NBSyncService.access$100(NBSyncService.java:67)
08-05 11:42:13.274 29746 31993 E baseline.com.newsblur.network.APIResponse: 	at baseline.com.newsblur.service.NBSyncService$1.run(NBSyncService.java:188)
08-05 11:42:13.274 29746 31993 E baseline.com.newsblur.network.APIResponse: 	at java.util.concurrent.ThreadPoolExecutor.runWorker(ThreadPoolExecutor.java:1113)
08-05 11:42:13.274 29746 31993 E baseline.com.newsblur.network.APIResponse: 	at java.util.concurrent.ThreadPoolExecutor$Worker.run(ThreadPoolExecutor.java:588)
08-05 11:42:13.274 29746 31993 E baseline.com.newsblur.network.APIResponse: 	at java.lang.Thread.run(Thread.java:818)
08-05 11:42:13.274 29746 31993 E baseline.com.newsblur.network.APIResponse: Caused by: java.io.EOFException: \n not found: limit=0 content=
08-05 11:42:13.274 29746 31993 E baseline.com.newsblur.network.APIResponse: 	at okio.RealBufferedSource.readUtf8LineStrict(RealBufferedSource.java:240)
08-05 11:42:13.274 29746 31993 E baseline.com.newsblur.network.APIResponse: 	at okhttp3.internal.http1.Http1ExchangeCodec.readHeaderLine(Http1ExchangeCodec.java:242)
08-05 11:42:13.274 29746 31993 E baseline.com.newsblur.network.APIResponse: 	at okhttp3.internal.http1.Http1ExchangeCodec.readResponseHeaders(Http1ExchangeCodec.java:213)
08-05 11:42:13.274 29746 31993 E baseline.com.newsblur.network.APIResponse: 	... 30 more
08-05 11:42:13.277 29746 31993 I baseline.com.newsblur.service.NBSyncService: Holding reading action with server-side or network error.
08-05 11:42:13.288 29746 31993 W baseline.com.newsblur.service.NBSyncService: hard API failure
08-05 11:42:13.320 29746 29759 I art     : Explicit concurrent mark sweep GC freed 1068(228KB) AllocSpace objects, 4(80KB) LOS objects, 27% free, 42MB/58MB, paused 1.306ms total 49.941ms
08-05 11:42:13.333 29746 29759 I art     : Starting a blocking GC Explicit
08-05 11:42:13.384 29746 29759 I art     : Explicit concurrent mark sweep GC freed 375(37KB) AllocSpace objects, 0(0B) LOS objects, 27% free, 42MB/58MB, paused 1.260ms total 50.866ms
08-05 11:42:13.396 29746 29759 I art     : Starting a blocking GC Explicit
08-05 11:42:13.446 29746 29759 I art     : Explicit concurrent mark sweep GC freed 7(288B) AllocSpace objects, 0(0B) LOS objects, 27% free, 42MB/58MB, paused 1.292ms total 49.718ms
08-05 11:42:13.575   518   646 I ThermalEngine: ACTION: GPU - Setting GPU[0] to 600000000
08-05 11:42:13.763 29746 31993 E baseline.com.newsblur.network.APIResponse: Error (unexpected end of stream on https://www.newsblur.com/...) calling https://www.newsblur.com/reader/mark_story_hashes_as_read/
08-05 11:42:13.763 29746 31993 E baseline.com.newsblur.network.APIResponse: java.io.IOException: unexpected end of stream on https://www.newsblur.com/...
08-05 11:42:13.763 29746 31993 E baseline.com.newsblur.network.APIResponse: 	at okhttp3.internal.http1.Http1ExchangeCodec.readResponseHeaders(Http1ExchangeCodec.java:236)
08-05 11:42:13.763 29746 31993 E baseline.com.newsblur.network.APIResponse: 	at okhttp3.internal.connection.Exchange.readResponseHeaders(Exchange.java:115)
08-05 11:42:13.763 29746 31993 E baseline.com.newsblur.network.APIResponse: 	at okhttp3.internal.http.CallServerInterceptor.intercept(CallServerInterceptor.java:94)
08-05 11:42:13.763 29746 31993 E baseline.com.newsblur.network.APIResponse: 	at okhttp3.internal.http.RealInterceptorChain.proceed(RealInterceptorChain.java:142)
08-05 11:42:13.763 29746 31993 E baseline.com.newsblur.network.APIResponse: 	at okhttp3.internal.connection.ConnectInterceptor.intercept(ConnectInterceptor.java:43)
08-05 11:42:13.763 29746 31993 E baseline.com.newsblur.network.APIResponse: 	at okhttp3.internal.http.RealInterceptorChain.proceed(RealInterceptorChain.java:142)
08-05 11:42:13.763 29746 31993 E baseline.com.newsblur.network.APIResponse: 	at okhttp3.internal.http.RealInterceptorChain.proceed(RealInterceptorChain.java:117)
08-05 11:42:13.763 29746 31993 E baseline.com.newsblur.network.APIResponse: 	at okhttp3.internal.cache.CacheInterceptor.intercept(CacheInterceptor.java:94)
08-05 11:42:13.763 29746 31993 E baseline.com.newsblur.network.APIResponse: 	at okhttp3.internal.http.RealInterceptorChain.proceed(RealInterceptorChain.java:142)
08-05 11:42:13.763 29746 31993 E baseline.com.newsblur.network.APIResponse: 	at okhttp3.internal.http.RealInterceptorChain.proceed(RealInterceptorChain.java:117)
08-05 11:42:13.763 29746 31993 E baseline.com.newsblur.network.APIResponse: 	at okhttp3.internal.http.BridgeInterceptor.intercept(BridgeInterceptor.java:93)
08-05 11:42:13.763 29746 31993 E baseline.com.newsblur.network.APIResponse: 	at okhttp3.internal.http.RealInterceptorChain.proceed(RealInterceptorChain.java:142)
08-05 11:42:13.763 29746 31993 E baseline.com.newsblur.network.APIResponse: 	at okhttp3.internal.http.RetryAndFollowUpInterceptor.intercept(RetryAndFollowUpInterceptor.java:88)
08-05 11:42:13.763 29746 31993 E baseline.com.newsblur.network.APIResponse: 	at okhttp3.internal.http.RealInterceptorChain.proceed(RealInterceptorChain.java:142)
08-05 11:42:13.763 29746 31993 E baseline.com.newsblur.network.APIResponse: 	at okhttp3.internal.http.RealInterceptorChain.proceed(RealInterceptorChain.java:117)
08-05 11:42:13.763 29746 31993 E baseline.com.newsblur.network.APIResponse: 	at okhttp3.RealCall.getResponseWithInterceptorChain(RealCall.java:229)
08-05 11:42:13.763 29746 31993 E baseline.com.newsblur.network.APIResponse: 	at okhttp3.RealCall.execute(RealCall.java:81)
08-05 11:42:13.763 29746 31993 E baseline.com.newsblur.network.APIResponse: 	at baseline.com.newsblur.network.APIResponse.<init>(APIResponse.java:57)
08-05 11:42:13.763 29746 31993 E baseline.com.newsblur.network.APIResponse: 	at baseline.com.newsblur.network.APIResponse.<init>(APIResponse.java:43)
08-05 11:42:13.763 29746 31993 E baseline.com.newsblur.network.APIResponse: 	at baseline.com.newsblur.network.APIManager.post_single(APIManager.java:702)
08-05 11:42:13.763 29746 31993 E baseline.com.newsblur.network.APIResponse: 	at baseline.com.newsblur.network.APIManager.post(APIManager.java:675)
08-05 11:42:13.763 29746 31993 E baseline.com.newsblur.network.APIResponse: 	at baseline.com.newsblur.network.APIManager.post(APIManager.java:714)
08-05 11:42:13.763 29746 31993 E baseline.com.newsblur.network.APIResponse: 	at baseline.com.newsblur.network.APIManager.markStoryAsRead(APIManager.java:205)
08-05 11:42:13.763 29746 31993 E baseline.com.newsblur.network.APIResponse: 	at baseline.com.newsblur.util.ReadingAction.doRemote(ReadingAction.java:281)
08-05 11:42:13.763 29746 31993 E baseline.com.newsblur.network.APIResponse: 	at baseline.com.newsblur.service.NBSyncService.syncActions(NBSyncService.java:400)
08-05 11:42:13.763 29746 31993 E baseline.com.newsblur.network.APIResponse: 	at baseline.com.newsblur.service.NBSyncService.doSync(NBSyncService.java:298)
08-05 11:42:13.763 29746 31993 E baseline.com.newsblur.network.APIResponse: 	at baseline.com.newsblur.service.NBSyncService.access$100(NBSyncService.java:67)
08-05 11:42:13.763 29746 31993 E baseline.com.newsblur.network.APIResponse: 	at baseline.com.newsblur.service.NBSyncService$1.run(NBSyncService.java:188)
08-05 11:42:13.763 29746 31993 E baseline.com.newsblur.network.APIResponse: 	at java.util.concurrent.ThreadPoolExecutor.runWorker(ThreadPoolExecutor.java:1113)
08-05 11:42:13.763 29746 31993 E baseline.com.newsblur.network.APIResponse: 	at java.util.concurrent.ThreadPoolExecutor$Worker.run(ThreadPoolExecutor.java:588)
08-05 11:42:13.763 29746 31993 E baseline.com.newsblur.network.APIResponse: 	at java.lang.Thread.run(Thread.java:818)
08-05 11:42:13.763 29746 31993 E baseline.com.newsblur.network.APIResponse: Caused by: java.io.EOFException: \n not found: limit=0 content=
08-05 11:42:13.763 29746 31993 E baseline.com.newsblur.network.APIResponse: 	at okio.RealBufferedSource.readUtf8LineStrict(RealBufferedSource.java:240)
08-05 11:42:13.763 29746 31993 E baseline.com.newsblur.network.APIResponse: 	at okhttp3.internal.http1.Http1ExchangeCodec.readHeaderLine(Http1ExchangeCodec.java:242)
08-05 11:42:13.763 29746 31993 E baseline.com.newsblur.network.APIResponse: 	at okhttp3.internal.http1.Http1ExchangeCodec.readResponseHeaders(Http1ExchangeCodec.java:213)
08-05 11:42:13.763 29746 31993 E baseline.com.newsblur.network.APIResponse: 	... 30 more
08-05 11:42:13.764 29746 31993 I baseline.com.newsblur.network.APIManager: API call failed, pausing before retry number 1
08-05 11:42:13.801 29746 29774 I art     : Starting a blocking GC Explicit
08-05 11:42:13.844 29746 29774 I art     : Explicit concurrent mark sweep GC freed 3959(357KB) AllocSpace objects, 3(60KB) LOS objects, 27% free, 42MB/58MB, paused 934us total 42.310ms
08-05 11:42:13.853 29746 29774 I art     : Starting a blocking GC Explicit
08-05 11:42:13.894 29746 29774 I art     : Explicit concurrent mark sweep GC freed 109(3KB) AllocSpace objects, 0(0B) LOS objects, 27% free, 42MB/58MB, paused 883us total 40.442ms
08-05 11:42:13.903 29746 29774 I art     : Starting a blocking GC Explicit
08-05 11:42:13.944 29746 29774 I art     : Explicit concurrent mark sweep GC freed 3(96B) AllocSpace objects, 0(0B) LOS objects, 27% free, 42MB/58MB, paused 912us total 40.635ms
08-05 11:42:13.953 29746 29774 I art     : Starting a blocking GC Explicit
08-05 11:42:13.994 29746 29774 I art     : Explicit concurrent mark sweep GC freed 3(96B) AllocSpace objects, 0(0B) LOS objects, 27% free, 42MB/58MB, paused 902us total 41.336ms
08-05 11:42:14.004 29746 29774 I art     : Starting a blocking GC Explicit
08-05 11:42:14.044 29746 29774 I art     : Explicit concurrent mark sweep GC freed 3(96B) AllocSpace objects, 0(0B) LOS objects, 27% free, 42MB/58MB, paused 896us total 40.036ms
08-05 11:42:14.408 29746 31254 I art     : Starting a blocking GC Explicit
08-05 11:42:14.452 29746 31254 I art     : Explicit concurrent mark sweep GC freed 1441(82KB) AllocSpace objects, 1(20KB) LOS objects, 27% free, 42MB/58MB, paused 965us total 43.540ms
08-05 11:42:14.462 29746 31254 I art     : Starting a blocking GC Explicit
08-05 11:42:14.502 29746 31254 I art     : Explicit concurrent mark sweep GC freed 22(784B) AllocSpace objects, 0(0B) LOS objects, 27% free, 42MB/58MB, paused 909us total 40.208ms
08-05 11:42:14.511 29746 31254 I art     : Starting a blocking GC Explicit
08-05 11:42:14.553 29746 31254 I art     : Explicit concurrent mark sweep GC freed 3(96B) AllocSpace objects, 0(0B) LOS objects, 27% free, 42MB/58MB, paused 953us total 41.546ms
08-05 11:42:14.563 29746 31254 I art     : Starting a blocking GC Explicit
08-05 11:42:14.604 29746 31254 I art     : Explicit concurrent mark sweep GC freed 3(96B) AllocSpace objects, 0(0B) LOS objects, 27% free, 42MB/58MB, paused 933us total 41.040ms
08-05 11:42:14.614 29746 31254 I art     : Starting a blocking GC Explicit
08-05 11:42:14.655 29746 31254 I art     : Explicit concurrent mark sweep GC freed 3(96B) AllocSpace objects, 0(0B) LOS objects, 27% free, 42MB/58MB, paused 886us total 41.046ms
08-05 11:42:15.022 29746 31958 I art     : Starting a blocking GC Explicit
08-05 11:42:15.066 29746 31958 I art     : Explicit concurrent mark sweep GC freed 1441(82KB) AllocSpace objects, 1(20KB) LOS objects, 27% free, 42MB/58MB, paused 950us total 42.996ms
08-05 11:42:15.078 29746 31958 I art     : Starting a blocking GC Explicit
08-05 11:42:15.118 29746 31958 I art     : Explicit concurrent mark sweep GC freed 22(784B) AllocSpace objects, 0(0B) LOS objects, 27% free, 42MB/58MB, paused 992us total 40.118ms
08-05 11:42:15.127 29746 31958 I art     : Starting a blocking GC Explicit
08-05 11:42:15.167 29746 31958 I art     : Explicit concurrent mark sweep GC freed 3(96B) AllocSpace objects, 0(0B) LOS objects, 27% free, 42MB/58MB, paused 966us total 39.438ms
08-05 11:42:15.176 29746 31958 I art     : Starting a blocking GC Explicit
08-05 11:42:15.216 29746 31958 I art     : Explicit concurrent mark sweep GC freed 3(96B) AllocSpace objects, 0(0B) LOS objects, 27% free, 42MB/58MB, paused 913us total 40.206ms
08-05 11:42:15.225 29746 31958 I art     : Starting a blocking GC Explicit
08-05 11:42:15.265 29746 31958 I art     : Explicit concurrent mark sweep GC freed 3(96B) AllocSpace objects, 0(0B) LOS objects, 27% free, 42MB/58MB, paused 839us total 39.663ms
08-05 11:42:15.606 29746 29758 I art     : Starting a blocking GC Explicit
08-05 11:42:15.649 29746 29758 I art     : Explicit concurrent mark sweep GC freed 1606(91KB) AllocSpace objects, 1(20KB) LOS objects, 27% free, 42MB/58MB, paused 954us total 43.415ms
08-05 11:42:15.659 29746 29758 I art     : Starting a blocking GC Explicit
08-05 11:42:15.701 29746 29758 I art     : Explicit concurrent mark sweep GC freed 28(1040B) AllocSpace objects, 0(0B) LOS objects, 27% free, 42MB/58MB, paused 958us total 42.026ms
08-05 11:42:15.711 29746 29758 I art     : Starting a blocking GC Explicit
08-05 11:42:15.753 29746 29758 I art     : Explicit concurrent mark sweep GC freed 3(96B) AllocSpace objects, 0(0B) LOS objects, 27% free, 42MB/58MB, paused 899us total 41.933ms
08-05 11:42:15.762 29746 29758 I art     : Starting a blocking GC Explicit
08-05 11:42:15.803 29746 29758 I art     : Explicit concurrent mark sweep GC freed 1641(64KB) AllocSpace objects, 0(0B) LOS objects, 27% free, 42MB/58MB, paused 979us total 40.798ms
08-05 11:42:15.813 29746 29758 I art     : Starting a blocking GC Explicit
08-05 11:42:15.838 29746 31993 E baseline.com.newsblur.network.APIResponse: Error (unexpected end of stream on https://www.newsblur.com/...) calling https://www.newsblur.com/reader/mark_story_hashes_as_read/
08-05 11:42:15.838 29746 31993 E baseline.com.newsblur.network.APIResponse: java.io.IOException: unexpected end of stream on https://www.newsblur.com/...
08-05 11:42:15.838 29746 31993 E baseline.com.newsblur.network.APIResponse: 	at okhttp3.internal.http1.Http1ExchangeCodec.readResponseHeaders(Http1ExchangeCodec.java:236)
08-05 11:42:15.838 29746 31993 E baseline.com.newsblur.network.APIResponse: 	at okhttp3.internal.connection.Exchange.readResponseHeaders(Exchange.java:115)
08-05 11:42:15.838 29746 31993 E baseline.com.newsblur.network.APIResponse: 	at okhttp3.internal.http.CallServerInterceptor.intercept(CallServerInterceptor.java:94)
08-05 11:42:15.838 29746 31993 E baseline.com.newsblur.network.APIResponse: 	at okhttp3.internal.http.RealInterceptorChain.proceed(RealInterceptorChain.java:142)
08-05 11:42:15.838 29746 31993 E baseline.com.newsblur.network.APIResponse: 	at okhttp3.internal.connection.ConnectInterceptor.intercept(ConnectInterceptor.java:43)
08-05 11:42:15.838 29746 31993 E baseline.com.newsblur.network.APIResponse: 	at okhttp3.internal.http.RealInterceptorChain.proceed(RealInterceptorChain.java:142)
08-05 11:42:15.838 29746 31993 E baseline.com.newsblur.network.APIResponse: 	at okhttp3.internal.http.RealInterceptorChain.proceed(RealInterceptorChain.java:117)
08-05 11:42:15.838 29746 31993 E baseline.com.newsblur.network.APIResponse: 	at okhttp3.internal.cache.CacheInterceptor.intercept(CacheInterceptor.java:94)
08-05 11:42:15.838 29746 31993 E baseline.com.newsblur.network.APIResponse: 	at okhttp3.internal.http.RealInterceptorChain.proceed(RealInterceptorChain.java:142)
08-05 11:42:15.838 29746 31993 E baseline.com.newsblur.network.APIResponse: 	at okhttp3.internal.http.RealInterceptorChain.proceed(RealInterceptorChain.java:117)
08-05 11:42:15.838 29746 31993 E baseline.com.newsblur.network.APIResponse: 	at okhttp3.internal.http.BridgeInterceptor.intercept(BridgeInterceptor.java:93)
08-05 11:42:15.838 29746 31993 E baseline.com.newsblur.network.APIResponse: 	at okhttp3.internal.http.RealInterceptorChain.proceed(RealInterceptorChain.java:142)
08-05 11:42:15.838 29746 31993 E baseline.com.newsblur.network.APIResponse: 	at okhttp3.internal.http.RetryAndFollowUpInterceptor.intercept(RetryAndFollowUpInterceptor.java:88)
08-05 11:42:15.838 29746 31993 E baseline.com.newsblur.network.APIResponse: 	at okhttp3.internal.http.RealInterceptorChain.proceed(RealInterceptorChain.java:142)
08-05 11:42:15.838 29746 31993 E baseline.com.newsblur.network.APIResponse: 	at okhttp3.internal.http.RealInterceptorChain.proceed(RealInterceptorChain.java:117)
08-05 11:42:15.838 29746 31993 E baseline.com.newsblur.network.APIResponse: 	at okhttp3.RealCall.getResponseWithInterceptorChain(RealCall.java:229)
08-05 11:42:15.838 29746 31993 E baseline.com.newsblur.network.APIResponse: 	at okhttp3.RealCall.execute(RealCall.java:81)
08-05 11:42:15.838 29746 31993 E baseline.com.newsblur.network.APIResponse: 	at baseline.com.newsblur.network.APIResponse.<init>(APIResponse.java:57)
08-05 11:42:15.838 29746 31993 E baseline.com.newsblur.network.APIResponse: 	at baseline.com.newsblur.network.APIResponse.<init>(APIResponse.java:43)
08-05 11:42:15.838 29746 31993 E baseline.com.newsblur.network.APIResponse: 	at baseline.com.newsblur.network.APIManager.post_single(APIManager.java:702)
08-05 11:42:15.838 29746 31993 E baseline.com.newsblur.network.APIResponse: 	at baseline.com.newsblur.network.APIManager.post(APIManager.java:675)
08-05 11:42:15.838 29746 31993 E baseline.com.newsblur.network.APIResponse: 	at baseline.com.newsblur.network.APIManager.post(APIManager.java:714)
08-05 11:42:15.838 29746 31993 E baseline.com.newsblur.network.APIResponse: 	at baseline.com.newsblur.network.APIManager.markStoryAsRead(APIManager.java:205)
08-05 11:42:15.838 29746 31993 E baseline.com.newsblur.network.APIResponse: 	at baseline.com.newsblur.util.ReadingAction.doRemote(ReadingAction.java:281)
08-05 11:42:15.838 29746 31993 E baseline.com.newsblur.network.APIResponse: 	at baseline.com.newsblur.service.NBSyncService.syncActions(NBSyncService.java:400)
08-05 11:42:15.838 29746 31993 E baseline.com.newsblur.network.APIResponse: 	at baseline.com.newsblur.service.NBSyncService.doSync(NBSyncService.java:298)
08-05 11:42:15.838 29746 31993 E baseline.com.newsblur.network.APIResponse: 	at baseline.com.newsblur.service.NBSyncService.access$100(NBSyncService.java:67)
08-05 11:42:15.838 29746 31993 E baseline.com.newsblur.network.APIResponse: 	at baseline.com.newsblur.service.NBSyncService$1.run(NBSyncService.java:188)
08-05 11:42:15.838 29746 31993 E baseline.com.newsblur.network.APIResponse: 	at java.util.concurrent.ThreadPoolExecutor.runWorker(ThreadPoolExecutor.java:1113)
08-05 11:42:15.838 29746 31993 E baseline.com.newsblur.network.APIResponse: 	at java.util.concurrent.ThreadPoolExecutor$Worker.run(ThreadPoolExecutor.java:588)
08-05 11:42:15.838 29746 31993 E baseline.com.newsblur.network.APIResponse: 	at java.lang.Thread.run(Thread.java:818)
08-05 11:42:15.838 29746 31993 E baseline.com.newsblur.network.APIResponse: Caused by: java.io.EOFException: \n not found: limit=0 content=
08-05 11:42:15.838 29746 31993 E baseline.com.newsblur.network.APIResponse: 	at okio.RealBufferedSource.readUtf8LineStrict(RealBufferedSource.java:240)
08-05 11:42:15.838 29746 31993 E baseline.com.newsblur.network.APIResponse: 	at okhttp3.internal.http1.Http1ExchangeCodec.readHeaderLine(Http1ExchangeCodec.java:242)
08-05 11:42:15.838 29746 31993 E baseline.com.newsblur.network.APIResponse: 	at okhttp3.internal.http1.Http1ExchangeCodec.readResponseHeaders(Http1ExchangeCodec.java:213)
08-05 11:42:15.838 29746 31993 E baseline.com.newsblur.network.APIResponse: 	... 30 more
08-05 11:42:15.840 29746 31993 I baseline.com.newsblur.network.APIManager: API call failed, pausing before retry number 2
08-05 11:42:15.853 29746 29758 I art     : Explicit concurrent mark sweep GC freed 841(197KB) AllocSpace objects, 2(40KB) LOS objects, 27% free, 42MB/58MB, paused 931us total 39.919ms
08-05 11:42:16.220 29746 29759 I art     : Starting a blocking GC Explicit
08-05 11:42:16.264 29746 29759 I art     : Explicit concurrent mark sweep GC freed 1545(98KB) AllocSpace objects, 1(20KB) LOS objects, 27% free, 42MB/58MB, paused 946us total 44.045ms
08-05 11:42:16.278 29746 29759 I art     : Starting a blocking GC Explicit
08-05 11:42:16.318 29746 29759 I art     : Explicit concurrent mark sweep GC freed 44(1520B) AllocSpace objects, 0(0B) LOS objects, 27% free, 42MB/58MB, paused 855us total 39.811ms
08-05 11:42:16.327 29746 29759 I art     : Starting a blocking GC Explicit
08-05 11:42:16.367 29746 29759 I art     : Explicit concurrent mark sweep GC freed 3(96B) AllocSpace objects, 0(0B) LOS objects, 27% free, 42MB/58MB, paused 907us total 39.534ms
08-05 11:42:16.377 29746 29759 I art     : Starting a blocking GC Explicit
08-05 11:42:16.416 29746 29759 I art     : Explicit concurrent mark sweep GC freed 3(96B) AllocSpace objects, 0(0B) LOS objects, 27% free, 42MB/58MB, paused 846us total 39.177ms
08-05 11:42:16.425 29746 29759 I art     : Starting a blocking GC Explicit
08-05 11:42:16.466 29746 29759 I art     : Explicit concurrent mark sweep GC freed 3(96B) AllocSpace objects, 0(0B) LOS objects, 27% free, 42MB/58MB, paused 877us total 40.269ms
08-05 11:42:16.822 29746 29774 I art     : Starting a blocking GC Explicit
08-05 11:42:16.868 29746 29774 I art     : Explicit concurrent mark sweep GC freed 1441(82KB) AllocSpace objects, 1(20KB) LOS objects, 27% free, 42MB/58MB, paused 1.076ms total 45.110ms
08-05 11:42:16.882 29746 29774 I art     : Starting a blocking GC Explicit
08-05 11:42:16.921 29746 29774 I art     : Explicit concurrent mark sweep GC freed 22(784B) AllocSpace objects, 0(0B) LOS objects, 27% free, 42MB/58MB, paused 886us total 38.627ms
08-05 11:42:16.929 29746 29774 I art     : Starting a blocking GC Explicit
08-05 11:42:16.970 29746 29774 I art     : Explicit concurrent mark sweep GC freed 3(96B) AllocSpace objects, 0(0B) LOS objects, 27% free, 42MB/58MB, paused 1.273ms total 40.050ms
08-05 11:42:16.979 29746 29774 I art     : Starting a blocking GC Explicit
08-05 11:42:17.020 29746 29774 I art     : Explicit concurrent mark sweep GC freed 3(96B) AllocSpace objects, 0(0B) LOS objects, 27% free, 42MB/58MB, paused 914us total 40.381ms
08-05 11:42:17.029 29746 29774 I art     : Starting a blocking GC Explicit
08-05 11:42:17.069 29746 29774 I art     : Explicit concurrent mark sweep GC freed 3(96B) AllocSpace objects, 0(0B) LOS objects, 27% free, 42MB/58MB, paused 859us total 40.454ms
08-05 11:42:17.423 29746 31254 I art     : Starting a blocking GC Explicit
08-05 11:42:17.468 29746 31254 I art     : Explicit concurrent mark sweep GC freed 1442(82KB) AllocSpace objects, 1(20KB) LOS objects, 27% free, 42MB/58MB, paused 908us total 44.697ms
08-05 11:42:17.481 29746 31254 I art     : Starting a blocking GC Explicit
08-05 11:42:17.520 29746 31254 I art     : Explicit concurrent mark sweep GC freed 22(784B) AllocSpace objects, 0(0B) LOS objects, 27% free, 42MB/58MB, paused 901us total 38.929ms
08-05 11:42:17.529 29746 31254 I art     : Starting a blocking GC Explicit
08-05 11:42:17.570 29746 31254 I art     : Explicit concurrent mark sweep GC freed 3(96B) AllocSpace objects, 0(0B) LOS objects, 27% free, 42MB/58MB, paused 1.151ms total 40.024ms
08-05 11:42:17.579 29746 31254 I art     : Starting a blocking GC Explicit
08-05 11:42:17.619 29746 31254 I art     : Explicit concurrent mark sweep GC freed 3(96B) AllocSpace objects, 0(0B) LOS objects, 27% free, 42MB/58MB, paused 936us total 40.469ms
08-05 11:42:17.628 29746 31254 I art     : Starting a blocking GC Explicit
08-05 11:42:17.669 29746 31254 I art     : Explicit concurrent mark sweep GC freed 3(96B) AllocSpace objects, 0(0B) LOS objects, 27% free, 42MB/58MB, paused 898us total 40.353ms
08-05 11:42:17.997 29746 31958 I art     : Starting a blocking GC Explicit
08-05 11:42:18.039 29746 31958 I art     : Explicit concurrent mark sweep GC freed 1441(82KB) AllocSpace objects, 1(20KB) LOS objects, 27% free, 42MB/58MB, paused 934us total 41.109ms
08-05 11:42:18.048 29746 31958 I art     : Starting a blocking GC Explicit
08-05 11:42:18.089 29746 31958 I art     : Explicit concurrent mark sweep GC freed 22(784B) AllocSpace objects, 0(0B) LOS objects, 27% free, 42MB/58MB, paused 935us total 41.041ms
08-05 11:42:18.098 29746 31958 I art     : Starting a blocking GC Explicit
08-05 11:42:18.138 29746 31958 I art     : Explicit concurrent mark sweep GC freed 3(96B) AllocSpace objects, 0(0B) LOS objects, 27% free, 42MB/58MB, paused 888us total 39.848ms
08-05 11:42:18.148 29746 31958 I art     : Starting a blocking GC Explicit
08-05 11:42:18.189 29746 31958 I art     : Explicit concurrent mark sweep GC freed 3(96B) AllocSpace objects, 0(0B) LOS objects, 27% free, 42MB/58MB, paused 1.035ms total 41.046ms
08-05 11:42:18.198 29746 31958 I art     : Starting a blocking GC Explicit
08-05 11:42:18.240 29746 31958 I art     : Explicit concurrent mark sweep GC freed 3(96B) AllocSpace objects, 0(0B) LOS objects, 27% free, 42MB/58MB, paused 932us total 41.823ms
08-05 11:42:18.527 28584 28584 I ServiceManager: Waiting for service AtCmdFwd...
08-05 11:42:18.536 29746 29758 I art     : Starting a blocking GC Explicit
08-05 11:42:18.579 29746 29758 I art     : Explicit concurrent mark sweep GC freed 1441(82KB) AllocSpace objects, 1(20KB) LOS objects, 27% free, 42MB/58MB, paused 983us total 42.402ms
08-05 11:42:18.589 29746 29758 I art     : Starting a blocking GC Explicit
08-05 11:42:18.628 29746 29758 I art     : Explicit concurrent mark sweep GC freed 22(784B) AllocSpace objects, 0(0B) LOS objects, 27% free, 42MB/58MB, paused 900us total 38.010ms
08-05 11:42:18.636 29746 29758 I art     : Starting a blocking GC Explicit
08-05 11:42:18.674 29746 29758 I art     : Explicit concurrent mark sweep GC freed 3(96B) AllocSpace objects, 0(0B) LOS objects, 27% free, 42MB/58MB, paused 869us total 37.892ms
08-05 11:42:18.683 29746 29758 I art     : Starting a blocking GC Explicit
08-05 11:42:18.685 32202 32202 D AndroidRuntime: >>>>>> START com.android.internal.os.RuntimeInit uid 2000 <<<<<<
08-05 11:42:18.688 32202 32202 D AndroidRuntime: CheckJNI is OFF
08-05 11:42:18.714 32202 32202 D ICU     : No timezone override file found: /data/misc/zoneinfo/current/icu/icu_tzdata.dat
08-05 11:42:18.722 29746 29758 I art     : Explicit concurrent mark sweep GC freed 3(96B) AllocSpace objects, 0(0B) LOS objects, 27% free, 42MB/58MB, paused 974us total 38.541ms
08-05 11:42:18.731 29746 29758 I art     : Starting a blocking GC Explicit
08-05 11:42:18.740 32202 32202 I Radio-JNI: register_android_hardware_Radio DONE
08-05 11:42:18.756 32202 32202 D AndroidRuntime: Calling main entry com.android.commands.input.Input
08-05 11:42:18.758 32202 32202 I Input   : injectMotionEvent: MotionEvent { action=ACTION_DOWN, actionButton=0, id[0]=0, x[0]=436.0, y[0]=453.0, toolType[0]=TOOL_TYPE_UNKNOWN, buttonState=0, metaState=0, flags=0x0, edgeFlags=0x0, pointerCount=1, historySize=0, eventTime=790955171, downTime=790955171, deviceId=0, source=0x1002 }
08-05 11:42:18.765 32202 32202 I Input   : injectMotionEvent: MotionEvent { action=ACTION_UP, actionButton=0, id[0]=0, x[0]=436.0, y[0]=453.0, toolType[0]=TOOL_TYPE_UNKNOWN, buttonState=0, metaState=0, flags=0x0, edgeFlags=0x0, pointerCount=1, historySize=0, eventTime=790955171, downTime=790955171, deviceId=0, source=0x1002 }
08-05 11:42:18.766 32202 32202 D AndroidRuntime: Shutting down VM
08-05 11:42:18.769 29746 29758 I art     : Explicit concurrent mark sweep GC freed 5(160B) AllocSpace objects, 0(0B) LOS objects, 27% free, 42MB/58MB, paused 1.140ms total 37.512ms
08-05 11:42:18.771   512  2967 D audio_hw_primary: out_set_parameters: enter: usecase(1: low-latency-playback) kvpairs: routing=2
08-05 11:42:18.772   918  5481 I ActivityManager: START u0 {cmp=baseline.com.newsblur/.activity.AllSharedStoriesReading (has extras)} from uid 10676 on display 0
08-05 11:42:18.784   512  2967 D audio_hw_primary: select_devices: out_snd_device(2: speaker) in_snd_device(0: none)
08-05 11:42:18.784   512  2967 D msm8974_platform: platform_send_audio_calibration: sending audio calibration for snd_device(2) acdb_id(15)
08-05 11:42:18.784   512  2967 I soundtrigger: audio_extn_sound_trigger_update_device_status: device 0x2 of type 0 for Event 1
08-05 11:42:18.790   918   937 W ProcessCpuTracker: Skipping unknown process pid 32210
08-05 11:42:18.790   918   937 W ProcessCpuTracker: Skipping unknown process pid 32212
08-05 11:42:18.791   918   937 W ProcessCpuTracker: Skipping unknown process pid 32213
08-05 11:42:18.795   512  2967 D audio_hw_primary: enable_snd_device: snd_device(2: speaker)
08-05 11:42:18.797   512  2967 D audio_hw_primary: enable_audio_route: apply and update mixer path: low-latency-playback speaker
08-05 11:42:18.968   918   936 I ActivityManager: Displayed baseline.com.newsblur/.activity.AllSharedStoriesReading: +188ms
08-05 11:42:18.974 13866 13866 I GoogleInputMethodServic: GoogleInputMethodService.onFinishInput():3138 
08-05 11:42:18.974 13866 13866 I GoogleInputMethodServic: GoogleInputMethodService.onStartInput():1808 
08-05 11:42:19.051 29746 29758 I art     : Starting a blocking GC Explicit
08-05 11:42:19.096 29746 29758 I art     : Explicit concurrent mark sweep GC freed 5909(502KB) AllocSpace objects, 18(824KB) LOS objects, 27% free, 42MB/58MB, paused 1.051ms total 44.790ms
08-05 11:42:19.105 29746 29758 I art     : Starting a blocking GC Explicit
08-05 11:42:19.146 29746 29758 I art     : Explicit concurrent mark sweep GC freed 1394(69KB) AllocSpace objects, 1(28KB) LOS objects, 27% free, 42MB/58MB, paused 1.131ms total 41.053ms
08-05 11:42:19.152 29746 30336 E chromium: [ERROR:tile_manager.cc(793)] WARNING: tile memory limits exceeded, some content may not draw
08-05 11:42:19.152 29746 30336 E chromium: [ERROR:tile_manager.cc(793)] WARNING: tile memory limits exceeded, some content may not draw
08-05 11:42:19.155 29746 29758 I art     : Starting a blocking GC Explicit
08-05 11:42:19.198 29746 29758 I art     : Explicit concurrent mark sweep GC freed 109(4KB) AllocSpace objects, 0(0B) LOS objects, 27% free, 42MB/58MB, paused 1.029ms total 42.113ms
08-05 11:42:19.207 29746 29758 I art     : Starting a blocking GC Explicit
08-05 11:42:19.247 29746 29758 I art     : Explicit concurrent mark sweep GC freed 3(96B) AllocSpace objects, 0(0B) LOS objects, 27% free, 42MB/58MB, paused 905us total 39.273ms
08-05 11:42:19.256 29746 29758 I art     : Starting a blocking GC Explicit
08-05 11:42:19.296 29746 29758 I art     : Explicit concurrent mark sweep GC freed 3(96B) AllocSpace objects, 0(0B) LOS objects, 27% free, 42MB/58MB, paused 975us total 40.457ms
08-05 11:42:19.343   512  2967 D audio_hw_primary: disable_audio_route: reset and update mixer path: low-latency-playback speaker
08-05 11:42:19.344   512  2967 D audio_hw_primary: disable_snd_device: snd_device(2: speaker)
08-05 11:42:19.353   512  2967 I soundtrigger: audio_extn_sound_trigger_update_device_status: device 0x2 of type 0 for Event 0
08-05 11:42:19.405 29746 31993 E baseline.com.newsblur.network.APIResponse: Error (unexpected end of stream on https://www.newsblur.com/...) calling https://www.newsblur.com/reader/mark_story_hashes_as_read/
08-05 11:42:19.405 29746 31993 E baseline.com.newsblur.network.APIResponse: java.io.IOException: unexpected end of stream on https://www.newsblur.com/...
08-05 11:42:19.405 29746 31993 E baseline.com.newsblur.network.APIResponse: 	at okhttp3.internal.http1.Http1ExchangeCodec.readResponseHeaders(Http1ExchangeCodec.java:236)
08-05 11:42:19.405 29746 31993 E baseline.com.newsblur.network.APIResponse: 	at okhttp3.internal.connection.Exchange.readResponseHeaders(Exchange.java:115)
08-05 11:42:19.405 29746 31993 E baseline.com.newsblur.network.APIResponse: 	at okhttp3.internal.http.CallServerInterceptor.intercept(CallServerInterceptor.java:94)
08-05 11:42:19.405 29746 31993 E baseline.com.newsblur.network.APIResponse: 	at okhttp3.internal.http.RealInterceptorChain.proceed(RealInterceptorChain.java:142)
08-05 11:42:19.405 29746 31993 E baseline.com.newsblur.network.APIResponse: 	at okhttp3.internal.connection.ConnectInterceptor.intercept(ConnectInterceptor.java:43)
08-05 11:42:19.405 29746 31993 E baseline.com.newsblur.network.APIResponse: 	at okhttp3.internal.http.RealInterceptorChain.proceed(RealInterceptorChain.java:142)
08-05 11:42:19.405 29746 31993 E baseline.com.newsblur.network.APIResponse: 	at okhttp3.internal.http.RealInterceptorChain.proceed(RealInterceptorChain.java:117)
08-05 11:42:19.405 29746 31993 E baseline.com.newsblur.network.APIResponse: 	at okhttp3.internal.cache.CacheInterceptor.intercept(CacheInterceptor.java:94)
08-05 11:42:19.405 29746 31993 E baseline.com.newsblur.network.APIResponse: 	at okhttp3.internal.http.RealInterceptorChain.proceed(RealInterceptorChain.java:142)
08-05 11:42:19.405 29746 31993 E baseline.com.newsblur.network.APIResponse: 	at okhttp3.internal.http.RealInterceptorChain.proceed(RealInterceptorChain.java:117)
08-05 11:42:19.405 29746 31993 E baseline.com.newsblur.network.APIResponse: 	at okhttp3.internal.http.BridgeInterceptor.intercept(BridgeInterceptor.java:93)
08-05 11:42:19.405 29746 31993 E baseline.com.newsblur.network.APIResponse: 	at okhttp3.internal.http.RealInterceptorChain.proceed(RealInterceptorChain.java:142)
08-05 11:42:19.405 29746 31993 E baseline.com.newsblur.network.APIResponse: 	at okhttp3.internal.http.RetryAndFollowUpInterceptor.intercept(RetryAndFollowUpInterceptor.java:88)
08-05 11:42:19.405 29746 31993 E baseline.com.newsblur.network.APIResponse: 	at okhttp3.internal.http.RealInterceptorChain.proceed(RealInterceptorChain.java:142)
08-05 11:42:19.405 29746 31993 E baseline.com.newsblur.network.APIResponse: 	at okhttp3.internal.http.RealInterceptorChain.proceed(RealInterceptorChain.java:117)
08-05 11:42:19.405 29746 31993 E baseline.com.newsblur.network.APIResponse: 	at okhttp3.RealCall.getResponseWithInterceptorChain(RealCall.java:229)
08-05 11:42:19.405 29746 31993 E baseline.com.newsblur.network.APIResponse: 	at okhttp3.RealCall.execute(RealCall.java:81)
08-05 11:42:19.405 29746 31993 E baseline.com.newsblur.network.APIResponse: 	at baseline.com.newsblur.network.APIResponse.<init>(APIResponse.java:57)
08-05 11:42:19.405 29746 31993 E baseline.com.newsblur.network.APIResponse: 	at baseline.com.newsblur.network.APIResponse.<init>(APIResponse.java:43)
08-05 11:42:19.405 29746 31993 E baseline.com.newsblur.network.APIResponse: 	at baseline.com.newsblur.network.APIManager.post_single(APIManager.java:702)
08-05 11:42:19.405 29746 31993 E baseline.com.newsblur.network.APIResponse: 	at baseline.com.newsblur.network.APIManager.post(APIManager.java:675)
08-05 11:42:19.405 29746 31993 E baseline.com.newsblur.network.APIResponse: 	at baseline.com.newsblur.network.APIManager.post(APIManager.java:714)
08-05 11:42:19.405 29746 31993 E baseline.com.newsblur.network.APIResponse: 	at baseline.com.newsblur.network.APIManager.markStoryAsRead(APIManager.java:205)
08-05 11:42:19.405 29746 31993 E baseline.com.newsblur.network.APIResponse: 	at baseline.com.newsblur.util.ReadingAction.doRemote(ReadingAction.java:281)
08-05 11:42:19.405 29746 31993 E baseline.com.newsblur.network.APIResponse: 	at baseline.com.newsblur.service.NBSyncService.syncActions(NBSyncService.java:400)
08-05 11:42:19.405 29746 31993 E baseline.com.newsblur.network.APIResponse: 	at baseline.com.newsblur.service.NBSyncService.doSync(NBSyncService.java:298)
08-05 11:42:19.405 29746 31993 E baseline.com.newsblur.network.APIResponse: 	at baseline.com.newsblur.service.NBSyncService.access$100(NBSyncService.java:67)
08-05 11:42:19.405 29746 31993 E baseline.com.newsblur.network.APIResponse: 	at baseline.com.newsblur.service.NBSyncService$1.run(NBSyncService.java:188)
08-05 11:42:19.405 29746 31993 E baseline.com.newsblur.network.APIResponse: 	at java.util.concurrent.ThreadPoolExecutor.runWorker(ThreadPoolExecutor.java:1113)
08-05 11:42:19.405 29746 31993 E baseline.com.newsblur.network.APIResponse: 	at java.util.concurrent.ThreadPoolExecutor$Worker.run(ThreadPoolExecutor.java:588)
08-05 11:42:19.405 29746 31993 E baseline.com.newsblur.network.APIResponse: 	at java.lang.Thread.run(Thread.java:818)
08-05 11:42:19.405 29746 31993 E baseline.com.newsblur.network.APIResponse: Caused by: java.io.EOFException: \n not found: limit=0 content=
08-05 11:42:19.405 29746 31993 E baseline.com.newsblur.network.APIResponse: 	at okio.RealBufferedSource.readUtf8LineStrict(RealBufferedSource.java:240)
08-05 11:42:19.405 29746 31993 E baseline.com.newsblur.network.APIResponse: 	at okhttp3.internal.http1.Http1ExchangeCodec.readHeaderLine(Http1ExchangeCodec.java:242)
08-05 11:42:19.405 29746 31993 E baseline.com.newsblur.network.APIResponse: 	at okhttp3.internal.http1.Http1ExchangeCodec.readResponseHeaders(Http1ExchangeCodec.java:213)
08-05 11:42:19.405 29746 31993 E baseline.com.newsblur.network.APIResponse: 	... 30 more
08-05 11:42:19.406 29746 31993 I baseline.com.newsblur.service.NBSyncService: Holding reading action with server-side or network error.
08-05 11:42:19.416 29746 31993 W baseline.com.newsblur.service.NBSyncService: hard API failure
08-05 11:42:19.528 28584 28584 I ServiceManager: Waiting for service AtCmdFwd...
08-05 11:42:19.580 29746 31254 I art     : Starting a blocking GC Explicit
08-05 11:42:19.627 29746 31254 I art     : Explicit concurrent mark sweep GC freed 4521(425KB) AllocSpace objects, 7(148KB) LOS objects, 27% free, 42MB/58MB, paused 1.080ms total 47.101ms
08-05 11:42:19.637 29746 31254 I art     : Starting a blocking GC Explicit
08-05 11:42:19.676 29746 31254 I art     : Explicit concurrent mark sweep GC freed 1683(129KB) AllocSpace objects, 0(0B) LOS objects, 27% free, 42MB/58MB, paused 922us total 39.059ms
08-05 11:42:19.685 29746 31254 I art     : Starting a blocking GC Explicit
08-05 11:42:19.728 29746 31254 I art     : Explicit concurrent mark sweep GC freed 3(96B) AllocSpace objects, 0(0B) LOS objects, 27% free, 42MB/58MB, paused 1.013ms total 43.167ms
08-05 11:42:19.738 29746 31254 I art     : Starting a blocking GC Explicit
08-05 11:42:19.782 29746 31254 I art     : Explicit concurrent mark sweep GC freed 1664(65KB) AllocSpace objects, 0(0B) LOS objects, 27% free, 42MB/58MB, paused 1.043ms total 43.652ms
08-05 11:42:19.792 29746 31254 I art     : Starting a blocking GC Explicit
08-05 11:42:19.807 29746 31993 E baseline.com.newsblur.network.APIResponse: Error (unexpected end of stream on https://www.newsblur.com/...) calling https://www.newsblur.com/reader/mark_story_hashes_as_read/
08-05 11:42:19.807 29746 31993 E baseline.com.newsblur.network.APIResponse: java.io.IOException: unexpected end of stream on https://www.newsblur.com/...
08-05 11:42:19.807 29746 31993 E baseline.com.newsblur.network.APIResponse: 	at okhttp3.internal.http1.Http1ExchangeCodec.readResponseHeaders(Http1ExchangeCodec.java:236)
08-05 11:42:19.807 29746 31993 E baseline.com.newsblur.network.APIResponse: 	at okhttp3.internal.connection.Exchange.readResponseHeaders(Exchange.java:115)
08-05 11:42:19.807 29746 31993 E baseline.com.newsblur.network.APIResponse: 	at okhttp3.internal.http.CallServerInterceptor.intercept(CallServerInterceptor.java:94)
08-05 11:42:19.807 29746 31993 E baseline.com.newsblur.network.APIResponse: 	at okhttp3.internal.http.RealInterceptorChain.proceed(RealInterceptorChain.java:142)
08-05 11:42:19.807 29746 31993 E baseline.com.newsblur.network.APIResponse: 	at okhttp3.internal.connection.ConnectInterceptor.intercept(ConnectInterceptor.java:43)
08-05 11:42:19.807 29746 31993 E baseline.com.newsblur.network.APIResponse: 	at okhttp3.internal.http.RealInterceptorChain.proceed(RealInterceptorChain.java:142)
08-05 11:42:19.807 29746 31993 E baseline.com.newsblur.network.APIResponse: 	at okhttp3.internal.http.RealInterceptorChain.proceed(RealInterceptorChain.java:117)
08-05 11:42:19.807 29746 31993 E baseline.com.newsblur.network.APIResponse: 	at okhttp3.internal.cache.CacheInterceptor.intercept(CacheInterceptor.java:94)
08-05 11:42:19.807 29746 31993 E baseline.com.newsblur.network.APIResponse: 	at okhttp3.internal.http.RealInterceptorChain.proceed(RealInterceptorChain.java:142)
08-05 11:42:19.807 29746 31993 E baseline.com.newsblur.network.APIResponse: 	at okhttp3.internal.http.RealInterceptorChain.proceed(RealInterceptorChain.java:117)
08-05 11:42:19.807 29746 31993 E baseline.com.newsblur.network.APIResponse: 	at okhttp3.internal.http.BridgeInterceptor.intercept(BridgeInterceptor.java:93)
08-05 11:42:19.807 29746 31993 E baseline.com.newsblur.network.APIResponse: 	at okhttp3.internal.http.RealInterceptorChain.proceed(RealInterceptorChain.java:142)
08-05 11:42:19.807 29746 31993 E baseline.com.newsblur.network.APIResponse: 	at okhttp3.internal.http.RetryAndFollowUpInterceptor.intercept(RetryAndFollowUpInterceptor.java:88)
08-05 11:42:19.807 29746 31993 E baseline.com.newsblur.network.APIResponse: 	at okhttp3.internal.http.RealInterceptorChain.proceed(RealInterceptorChain.java:142)
08-05 11:42:19.807 29746 31993 E baseline.com.newsblur.network.APIResponse: 	at okhttp3.internal.http.RealInterceptorChain.proceed(RealInterceptorChain.java:117)
08-05 11:42:19.807 29746 31993 E baseline.com.newsblur.network.APIResponse: 	at okhttp3.RealCall.getResponseWithInterceptorChain(RealCall.java:229)
08-05 11:42:19.807 29746 31993 E baseline.com.newsblur.network.APIResponse: 	at okhttp3.RealCall.execute(RealCall.java:81)
08-05 11:42:19.807 29746 31993 E baseline.com.newsblur.network.APIResponse: 	at baseline.com.newsblur.network.APIResponse.<init>(APIResponse.java:57)
08-05 11:42:19.807 29746 31993 E baseline.com.newsblur.network.APIResponse: 	at baseline.com.newsblur.network.APIResponse.<init>(APIResponse.java:43)
08-05 11:42:19.807 29746 31993 E baseline.com.newsblur.network.APIResponse: 	at baseline.com.newsblur.network.APIManager.post_single(APIManager.java:702)
08-05 11:42:19.807 29746 31993 E baseline.com.newsblur.network.APIResponse: 	at baseline.com.newsblur.network.APIManager.post(APIManager.java:675)
08-05 11:42:19.807 29746 31993 E baseline.com.newsblur.network.APIResponse: 	at baseline.com.newsblur.network.APIManager.post(APIManager.java:714)
08-05 11:42:19.807 29746 31993 E baseline.com.newsblur.network.APIResponse: 	at baseline.com.newsblur.network.APIManager.markStoryAsRead(APIManager.java:205)
08-05 11:42:19.807 29746 31993 E baseline.com.newsblur.network.APIResponse: 	at baseline.com.newsblur.util.ReadingAction.doRemote(ReadingAction.java:281)
08-05 11:42:19.807 29746 31993 E baseline.com.newsblur.network.APIResponse: 	at baseline.com.newsblur.service.NBSyncService.syncActions(NBSyncService.java:400)
08-05 11:42:19.807 29746 31993 E baseline.com.newsblur.network.APIResponse: 	at baseline.com.newsblur.service.NBSyncService.doSync(NBSyncService.java:298)
08-05 11:42:19.807 29746 31993 E baseline.com.newsblur.network.APIResponse: 	at baseline.com.newsblur.service.NBSyncService.access$100(NBSyncService.java:67)
08-05 11:42:19.807 29746 31993 E baseline.com.newsblur.network.APIResponse: 	at baseline.com.newsblur.service.NBSyncService$1.run(NBSyncService.java:188)
08-05 11:42:19.807 29746 31993 E baseline.com.newsblur.network.APIResponse: 	at java.util.concurrent.ThreadPoolExecutor.runWorker(ThreadPoolExecutor.java:1113)
08-05 11:42:19.807 29746 31993 E baseline.com.newsblur.network.APIResponse: 	at java.util.concurrent.ThreadPoolExecutor$Worker.run(ThreadPoolExecutor.java:588)
08-05 11:42:19.807 29746 31993 E baseline.com.newsblur.network.APIResponse: 	at java.lang.Thread.run(Thread.java:818)
08-05 11:42:19.807 29746 31993 E baseline.com.newsblur.network.APIResponse: Caused by: java.io.EOFException: \n not found: limit=0 content=
08-05 11:42:19.807 29746 31993 E baseline.com.newsblur.network.APIResponse: 	at okio.RealBufferedSource.readUtf8LineStrict(RealBufferedSource.java:240)
08-05 11:42:19.807 29746 31993 E baseline.com.newsblur.network.APIResponse: 	at okhttp3.internal.http1.Http1ExchangeCodec.readHeaderLine(Http1ExchangeCodec.java:242)
08-05 11:42:19.807 29746 31993 E baseline.com.newsblur.network.APIResponse: 	at okhttp3.internal.http1.Http1ExchangeCodec.readResponseHeaders(Http1ExchangeCodec.java:213)
08-05 11:42:19.807 29746 31993 E baseline.com.newsblur.network.APIResponse: 	... 30 more
08-05 11:42:19.809 29746 31993 I baseline.com.newsblur.network.APIManager: API call failed, pausing before retry number 1
08-05 11:42:19.834 29746 31254 I art     : Explicit concurrent mark sweep GC freed 823(196KB) AllocSpace objects, 2(40KB) LOS objects, 27% free, 42MB/58MB, paused 932us total 42.377ms
08-05 11:42:20.165 29746 29758 I art     : Starting a blocking GC Explicit
08-05 11:42:20.213 29746 29758 I art     : Explicit concurrent mark sweep GC freed 1543(98KB) AllocSpace objects, 1(20KB) LOS objects, 27% free, 42MB/58MB, paused 958us total 47.373ms
08-05 11:42:20.223 29746 29758 I art     : Starting a blocking GC Explicit
08-05 11:42:20.267 29746 29758 I art     : Explicit concurrent mark sweep GC freed 56(1904B) AllocSpace objects, 0(0B) LOS objects, 27% free, 42MB/58MB, paused 946us total 43.559ms
08-05 11:42:20.276 29746 29758 I art     : Starting a blocking GC Explicit
08-05 11:42:20.318 29746 29758 I art     : Explicit concurrent mark sweep GC freed 14(448B) AllocSpace objects, 0(0B) LOS objects, 27% free, 42MB/58MB, paused 953us total 42.172ms
08-05 11:42:20.327 29746 29758 I art     : Starting a blocking GC Explicit
08-05 11:42:20.369 29746 29758 I art     : Explicit concurrent mark sweep GC freed 15(480B) AllocSpace objects, 0(0B) LOS objects, 27% free, 42MB/58MB, paused 894us total 41.730ms
08-05 11:42:20.378 29746 29758 I art     : Starting a blocking GC Explicit
08-05 11:42:20.427 29746 29758 I art     : Explicit concurrent mark sweep GC freed 19(608B) AllocSpace objects, 0(0B) LOS objects, 27% free, 42MB/58MB, paused 928us total 49.005ms
08-05 11:42:20.528 28584 28584 I ServiceManager: Waiting for service AtCmdFwd...
08-05 11:42:20.773 29746 29774 I art     : Starting a blocking GC Explicit
08-05 11:42:20.819 29746 29774 I art     : Explicit concurrent mark sweep GC freed 1451(83KB) AllocSpace objects, 1(20KB) LOS objects, 27% free, 42MB/58MB, paused 939us total 45.439ms
08-05 11:42:20.829 29746 29774 I art     : Starting a blocking GC Explicit
08-05 11:42:20.871 29746 29774 I art     : Explicit concurrent mark sweep GC freed 22(784B) AllocSpace objects, 0(0B) LOS objects, 27% free, 42MB/58MB, paused 909us total 42.537ms
08-05 11:42:20.881 29746 29774 I art     : Starting a blocking GC Explicit
08-05 11:42:20.924 29746 29774 I art     : Explicit concurrent mark sweep GC freed 3(96B) AllocSpace objects, 0(0B) LOS objects, 27% free, 42MB/58MB, paused 942us total 42.515ms
08-05 11:42:20.933 29746 29774 I art     : Starting a blocking GC Explicit
08-05 11:42:20.976 29746 29774 I art     : Explicit concurrent mark sweep GC freed 3(96B) AllocSpace objects, 0(0B) LOS objects, 27% free, 42MB/58MB, paused 933us total 42.598ms
08-05 11:42:20.986 29746 29774 I art     : Starting a blocking GC Explicit
08-05 11:42:21.030 29746 29774 I art     : Explicit concurrent mark sweep GC freed 3(96B) AllocSpace objects, 0(0B) LOS objects, 27% free, 42MB/58MB, paused 968us total 43.724ms
08-05 11:42:21.403 29746 29759 I art     : Starting a blocking GC Explicit
08-05 11:42:21.446 29746 29759 I art     : Explicit concurrent mark sweep GC freed 1602(91KB) AllocSpace objects, 1(20KB) LOS objects, 27% free, 42MB/58MB, paused 944us total 42.926ms
08-05 11:42:21.455 29746 29759 I art     : Starting a blocking GC Explicit
08-05 11:42:21.497 29746 29759 I art     : Explicit concurrent mark sweep GC freed 34(1344B) AllocSpace objects, 0(0B) LOS objects, 27% free, 42MB/58MB, paused 947us total 41.483ms
08-05 11:42:21.506 29746 29759 I art     : Starting a blocking GC Explicit
08-05 11:42:21.529 28584 28584 I ServiceManager: Waiting for service AtCmdFwd...
08-05 11:42:21.549 29746 29759 I art     : Explicit concurrent mark sweep GC freed 3(96B) AllocSpace objects, 0(0B) LOS objects, 27% free, 42MB/58MB, paused 1.014ms total 42.422ms
08-05 11:42:21.558 29746 29759 I art     : Starting a blocking GC Explicit
08-05 11:42:21.589   518   646 I ThermalEngine: ACTION: GPU - Setting GPU[0] to 510000000
08-05 11:42:21.604 29746 29759 I art     : Explicit concurrent mark sweep GC freed 3(96B) AllocSpace objects, 0(0B) LOS objects, 27% free, 42MB/58MB, paused 1.382ms total 45.915ms
08-05 11:42:21.616 29746 29759 I art     : Starting a blocking GC Explicit
08-05 11:42:21.669 29746 29759 I art     : Explicit concurrent mark sweep GC freed 3(96B) AllocSpace objects, 0(0B) LOS objects, 27% free, 42MB/58MB, paused 1.324ms total 52.643ms
08-05 11:42:21.870 29746 31993 E baseline.com.newsblur.network.APIResponse: Error (unexpected end of stream on https://www.newsblur.com/...) calling https://www.newsblur.com/reader/mark_story_hashes_as_read/
08-05 11:42:21.870 29746 31993 E baseline.com.newsblur.network.APIResponse: java.io.IOException: unexpected end of stream on https://www.newsblur.com/...
08-05 11:42:21.870 29746 31993 E baseline.com.newsblur.network.APIResponse: 	at okhttp3.internal.http1.Http1ExchangeCodec.readResponseHeaders(Http1ExchangeCodec.java:236)
08-05 11:42:21.870 29746 31993 E baseline.com.newsblur.network.APIResponse: 	at okhttp3.internal.connection.Exchange.readResponseHeaders(Exchange.java:115)
08-05 11:42:21.870 29746 31993 E baseline.com.newsblur.network.APIResponse: 	at okhttp3.internal.http.CallServerInterceptor.intercept(CallServerInterceptor.java:94)
08-05 11:42:21.870 29746 31993 E baseline.com.newsblur.network.APIResponse: 	at okhttp3.internal.http.RealInterceptorChain.proceed(RealInterceptorChain.java:142)
08-05 11:42:21.870 29746 31993 E baseline.com.newsblur.network.APIResponse: 	at okhttp3.internal.connection.ConnectInterceptor.intercept(ConnectInterceptor.java:43)
08-05 11:42:21.870 29746 31993 E baseline.com.newsblur.network.APIResponse: 	at okhttp3.internal.http.RealInterceptorChain.proceed(RealInterceptorChain.java:142)
08-05 11:42:21.870 29746 31993 E baseline.com.newsblur.network.APIResponse: 	at okhttp3.internal.http.RealInterceptorChain.proceed(RealInterceptorChain.java:117)
08-05 11:42:21.870 29746 31993 E baseline.com.newsblur.network.APIResponse: 	at okhttp3.internal.cache.CacheInterceptor.intercept(CacheInterceptor.java:94)
08-05 11:42:21.870 29746 31993 E baseline.com.newsblur.network.APIResponse: 	at okhttp3.internal.http.RealInterceptorChain.proceed(RealInterceptorChain.java:142)
08-05 11:42:21.870 29746 31993 E baseline.com.newsblur.network.APIResponse: 	at okhttp3.internal.http.RealInterceptorChain.proceed(RealInterceptorChain.java:117)
08-05 11:42:21.870 29746 31993 E baseline.com.newsblur.network.APIResponse: 	at okhttp3.internal.http.BridgeInterceptor.intercept(BridgeInterceptor.java:93)
08-05 11:42:21.870 29746 31993 E baseline.com.newsblur.network.APIResponse: 	at okhttp3.internal.http.RealInterceptorChain.proceed(RealInterceptorChain.java:142)
08-05 11:42:21.870 29746 31993 E baseline.com.newsblur.network.APIResponse: 	at okhttp3.internal.http.RetryAndFollowUpInterceptor.intercept(RetryAndFollowUpInterceptor.java:88)
08-05 11:42:21.870 29746 31993 E baseline.com.newsblur.network.APIResponse: 	at okhttp3.internal.http.RealInterceptorChain.proceed(RealInterceptorChain.java:142)
08-05 11:42:21.870 29746 31993 E baseline.com.newsblur.network.APIResponse: 	at okhttp3.internal.http.RealInterceptorChain.proceed(RealInterceptorChain.java:117)
08-05 11:42:21.870 29746 31993 E baseline.com.newsblur.network.APIResponse: 	at okhttp3.RealCall.getResponseWithInterceptorChain(RealCall.java:229)
08-05 11:42:21.870 29746 31993 E baseline.com.newsblur.network.APIResponse: 	at okhttp3.RealCall.execute(RealCall.java:81)
08-05 11:42:21.870 29746 31993 E baseline.com.newsblur.network.APIResponse: 	at baseline.com.newsblur.network.APIResponse.<init>(APIResponse.java:57)
08-05 11:42:21.870 29746 31993 E baseline.com.newsblur.network.APIResponse: 	at baseline.com.newsblur.network.APIResponse.<init>(APIResponse.java:43)
08-05 11:42:21.870 29746 31993 E baseline.com.newsblur.network.APIResponse: 	at baseline.com.newsblur.network.APIManager.post_single(APIManager.java:702)
08-05 11:42:21.870 29746 31993 E baseline.com.newsblur.network.APIResponse: 	at baseline.com.newsblur.network.APIManager.post(APIManager.java:675)
08-05 11:42:21.870 29746 31993 E baseline.com.newsblur.network.APIResponse: 	at baseline.com.newsblur.network.APIManager.post(APIManager.java:714)
08-05 11:42:21.870 29746 31993 E baseline.com.newsblur.network.APIResponse: 	at baseline.com.newsblur.network.APIManager.markStoryAsRead(APIManager.java:205)
08-05 11:42:21.870 29746 31993 E baseline.com.newsblur.network.APIResponse: 	at baseline.com.newsblur.util.ReadingAction.doRemote(ReadingAction.java:281)
08-05 11:42:21.870 29746 31993 E baseline.com.newsblur.network.APIResponse: 	at baseline.com.newsblur.service.NBSyncService.syncActions(NBSyncService.java:400)
08-05 11:42:21.870 29746 31993 E baseline.com.newsblur.network.APIResponse: 	at baseline.com.newsblur.service.NBSyncService.doSync(NBSyncService.java:298)
08-05 11:42:21.870 29746 31993 E baseline.com.newsblur.network.APIResponse: 	at baseline.com.newsblur.service.NBSyncService.access$100(NBSyncService.java:67)
08-05 11:42:21.870 29746 31993 E baseline.com.newsblur.network.APIResponse: 	at baseline.com.newsblur.service.NBSyncService$1.run(NBSyncService.java:188)
08-05 11:42:21.870 29746 31993 E baseline.com.newsblur.network.APIResponse: 	at java.util.concurrent.ThreadPoolExecutor.runWorker(ThreadPoolExecutor.java:1113)
08-05 11:42:21.870 29746 31993 E baseline.com.newsblur.network.APIResponse: 	at java.util.concurrent.ThreadPoolExecutor$Worker.run(ThreadPoolExecutor.java:588)
08-05 11:42:21.870 29746 31993 E baseline.com.newsblur.network.APIResponse: 	at java.lang.Thread.run(Thread.java:818)
08-05 11:42:21.870 29746 31993 E baseline.com.newsblur.network.APIResponse: Caused by: java.io.EOFException: \n not found: limit=0 content=
08-05 11:42:21.870 29746 31993 E baseline.com.newsblur.network.APIResponse: 	at okio.RealBufferedSource.readUtf8LineStrict(RealBufferedSource.java:240)
08-05 11:42:21.870 29746 31993 E baseline.com.newsblur.network.APIResponse: 	at okhttp3.internal.http1.Http1ExchangeCodec.readHeaderLine(Http1ExchangeCodec.java:242)
08-05 11:42:21.870 29746 31993 E baseline.com.newsblur.network.APIResponse: 	at okhttp3.internal.http1.Http1ExchangeCodec.readResponseHeaders(Http1ExchangeCodec.java:213)
08-05 11:42:21.870 29746 31993 E baseline.com.newsblur.network.APIResponse: 	... 30 more
08-05 11:42:21.872 29746 31993 I baseline.com.newsblur.network.APIManager: API call failed, pausing before retry number 2
08-05 11:42:22.044 29746 29758 I art     : Starting a blocking GC Explicit
08-05 11:42:22.105 29746 29758 I art     : Explicit concurrent mark sweep GC freed 3958(357KB) AllocSpace objects, 3(60KB) LOS objects, 27% free, 42MB/58MB, paused 1.319ms total 59.749ms
08-05 11:42:22.118 29746 29758 I art     : Starting a blocking GC Explicit
08-05 11:42:22.169 29746 29758 I art     : Explicit concurrent mark sweep GC freed 109(3KB) AllocSpace objects, 0(0B) LOS objects, 27% free, 42MB/58MB, paused 1.213ms total 50.342ms
08-05 11:42:22.180 29746 29758 I art     : Starting a blocking GC Explicit
08-05 11:42:22.232 29746 29758 I art     : Explicit concurrent mark sweep GC freed 3(96B) AllocSpace objects, 0(0B) LOS objects, 27% free, 42MB/58MB, paused 1.220ms total 51.742ms
08-05 11:42:22.244 29746 29758 I art     : Starting a blocking GC Explicit
08-05 11:42:22.297 29746 29758 I art     : Explicit concurrent mark sweep GC freed 3(96B) AllocSpace objects, 0(0B) LOS objects, 27% free, 42MB/58MB, paused 1.203ms total 52.209ms
08-05 11:42:22.309 29746 29758 I art     : Starting a blocking GC Explicit
08-05 11:42:22.358 29746 29758 I art     : Explicit concurrent mark sweep GC freed 3(96B) AllocSpace objects, 0(0B) LOS objects, 27% free, 42MB/58MB, paused 1.200ms total 49.092ms
08-05 11:42:22.529 28584 28584 I ServiceManager: Waiting for service AtCmdFwd...
08-05 11:42:22.751 29746 31958 I art     : Starting a blocking GC Explicit
08-05 11:42:22.810 29746 31958 I art     : Explicit concurrent mark sweep GC freed 1444(83KB) AllocSpace objects, 1(20KB) LOS objects, 27% free, 42MB/58MB, paused 1.547ms total 57.989ms
08-05 11:42:22.825 29746 31958 I art     : Starting a blocking GC Explicit
08-05 11:42:22.876 29746 31958 I art     : Explicit concurrent mark sweep GC freed 22(784B) AllocSpace objects, 0(0B) LOS objects, 27% free, 42MB/58MB, paused 1.210ms total 51.153ms
08-05 11:42:22.888 29746 31958 I art     : Starting a blocking GC Explicit
08-05 11:42:22.940 29746 31958 I art     : Explicit concurrent mark sweep GC freed 3(96B) AllocSpace objects, 0(0B) LOS objects, 27% free, 42MB/58MB, paused 1.221ms total 51.481ms
08-05 11:42:22.952 29746 31958 I art     : Starting a blocking GC Explicit
08-05 11:42:23.003 29746 31958 I art     : Explicit concurrent mark sweep GC freed 3(96B) AllocSpace objects, 0(0B) LOS objects, 27% free, 42MB/58MB, paused 1.224ms total 51.499ms
08-05 11:42:23.015 29746 31958 I art     : Starting a blocking GC Explicit
08-05 11:42:23.061 29746 31958 I art     : Explicit concurrent mark sweep GC freed 3(96B) AllocSpace objects, 0(0B) LOS objects, 27% free, 42MB/58MB, paused 1.139ms total 45.031ms
08-05 11:42:23.153   918  3188 I hubconnection: sensorhub said: 'set_bias 3: -6.2400, 0.0000, 0.0000'
08-05 11:42:23.422 29746 31254 I art     : Starting a blocking GC Explicit
08-05 11:42:23.435 32300 32300 D AndroidRuntime: >>>>>> START com.android.internal.os.RuntimeInit uid 2000 <<<<<<
08-05 11:42:23.440 32300 32300 D AndroidRuntime: CheckJNI is OFF
08-05 11:42:23.475 32300 32300 D ICU     : No timezone override file found: /data/misc/zoneinfo/current/icu/icu_tzdata.dat
08-05 11:42:23.477 29746 31254 I art     : Explicit concurrent mark sweep GC freed 1444(83KB) AllocSpace objects, 1(20KB) LOS objects, 27% free, 42MB/58MB, paused 1.225ms total 54.147ms
08-05 11:42:23.489 29746 31254 I art     : Starting a blocking GC Explicit
08-05 11:42:23.509 32300 32300 I Radio-JNI: register_android_hardware_Radio DONE
08-05 11:42:23.529 28584 28584 W Atfwd_Sendcmd: AtCmdFwd service not published, waiting... retryCnt : 4
08-05 11:42:23.530 32300 32300 D AndroidRuntime: Calling main entry com.android.commands.input.Input
08-05 11:42:23.531 32300 32300 I Input   : injectKeyEvent: KeyEvent { action=ACTION_DOWN, keyCode=KEYCODE_BACK, scanCode=0, metaState=0, flags=0x0, repeatCount=0, eventTime=790959944, downTime=790959944, deviceId=-1, source=0x101 }
08-05 11:42:23.536 29746 31254 I art     : Explicit concurrent mark sweep GC freed 22(784B) AllocSpace objects, 0(0B) LOS objects, 27% free, 42MB/58MB, paused 1.104ms total 47.544ms
08-05 11:42:23.537 32300 32300 I Input   : injectKeyEvent: KeyEvent { action=ACTION_UP, keyCode=KEYCODE_BACK, scanCode=0, metaState=0, flags=0x0, repeatCount=0, eventTime=790959944, downTime=790959944, deviceId=-1, source=0x101 }
08-05 11:42:23.542 32300 32300 D AndroidRuntime: Shutting down VM
08-05 11:42:23.553 29746 29746 D baseline.com.newsblur.service.NBSyncService: rejecting request for feedset that is exhaused
08-05 11:42:23.555 29746 31254 I art     : Starting a blocking GC Explicit
08-05 11:42:23.593   518   646 I ThermalEngine: ACTION: GPU - Setting GPU[0] to 600000000
08-05 11:42:23.600 29746 31254 I art     : Explicit concurrent mark sweep GC freed 229(39KB) AllocSpace objects, 2(40KB) LOS objects, 27% free, 42MB/58MB, paused 1.190ms total 45.497ms
08-05 11:42:23.612 29746 31254 I art     : Starting a blocking GC Explicit
08-05 11:42:23.656 29746 31254 I art     : Explicit concurrent mark sweep GC freed 36(1344B) AllocSpace objects, 0(0B) LOS objects, 27% free, 42MB/58MB, paused 953us total 43.795ms
08-05 11:42:23.671 29746 31254 I art     : Starting a blocking GC Explicit
08-05 11:42:23.688 29746 29746 D baseline.com.newsblur.service.NBSyncService: rejecting request for feedset that is exhaused
08-05 11:42:23.692 13866 13866 I GoogleInputMethodServic: GoogleInputMethodService.onFinishInput():3138 
08-05 11:42:23.693 13866 13866 I GoogleInputMethodServic: GoogleInputMethodService.onStartInput():1808 
08-05 11:42:23.713 29746 31254 I art     : Explicit concurrent mark sweep GC freed 1054(92KB) AllocSpace objects, 2(40KB) LOS objects, 27% free, 42MB/58MB, paused 1ms total 41.393ms
08-05 11:42:24.006 29746 29759 I art     : Starting a blocking GC Explicit
08-05 11:42:24.047 29746 29759 I art     : Explicit concurrent mark sweep GC freed 3222(184KB) AllocSpace objects, 2(48KB) LOS objects, 27% free, 42MB/58MB, paused 955us total 41.206ms
08-05 11:42:24.056 29746 29759 I art     : Starting a blocking GC Explicit
08-05 11:42:24.096 29746 29759 I art     : Explicit concurrent mark sweep GC freed 163(7KB) AllocSpace objects, 0(0B) LOS objects, 27% free, 42MB/58MB, paused 944us total 40.138ms
08-05 11:42:24.105 29746 29759 I art     : Starting a blocking GC Explicit
08-05 11:42:24.143 29746 29759 I art     : Explicit concurrent mark sweep GC freed 9(288B) AllocSpace objects, 0(0B) LOS objects, 27% free, 42MB/58MB, paused 894us total 37.872ms
08-05 11:42:24.153 29746 29759 I art     : Starting a blocking GC Explicit
08-05 11:42:24.190 29746 29759 I art     : Explicit concurrent mark sweep GC freed 7(224B) AllocSpace objects, 0(0B) LOS objects, 27% free, 42MB/58MB, paused 885us total 37.530ms
08-05 11:42:24.200 29746 29759 I art     : Starting a blocking GC Explicit
08-05 11:42:24.238 29746 29759 I art     : Explicit concurrent mark sweep GC freed 9(288B) AllocSpace objects, 0(0B) LOS objects, 27% free, 42MB/58MB, paused 914us total 38.454ms
08-05 11:42:24.581 29746 29774 I art     : Starting a blocking GC Explicit
08-05 11:42:24.635 29746 29774 I art     : Explicit concurrent mark sweep GC freed 1492(84KB) AllocSpace objects, 1(20KB) LOS objects, 27% free, 42MB/58MB, paused 1.336ms total 53.490ms
08-05 11:42:24.646 29746 29774 I art     : Starting a blocking GC Explicit
08-05 11:42:24.691 29746 29774 I art     : Explicit concurrent mark sweep GC freed 28(976B) AllocSpace objects, 0(0B) LOS objects, 27% free, 42MB/58MB, paused 948us total 45.268ms
08-05 11:42:24.702 29746 29774 I art     : Starting a blocking GC Explicit
08-05 11:42:24.750 29746 29774 I art     : Explicit concurrent mark sweep GC freed 11(352B) AllocSpace objects, 0(0B) LOS objects, 27% free, 42MB/58MB, paused 1.160ms total 46.994ms
08-05 11:42:24.760 29746 29774 I art     : Starting a blocking GC Explicit
08-05 11:42:24.807 29746 29774 I art     : Explicit concurrent mark sweep GC freed 10(320B) AllocSpace objects, 0(0B) LOS objects, 27% free, 42MB/58MB, paused 969us total 46.784ms
08-05 11:42:24.818 29746 29774 I art     : Starting a blocking GC Explicit
08-05 11:42:24.859 29746 29774 I art     : Explicit concurrent mark sweep GC freed 8(256B) AllocSpace objects, 0(0B) LOS objects, 27% free, 42MB/58MB, paused 886us total 40.343ms
08-05 11:42:25.084 32343 32343 D AndroidRuntime: >>>>>> START com.android.internal.os.RuntimeInit uid 2000 <<<<<<
08-05 11:42:25.088 32343 32343 D AndroidRuntime: CheckJNI is OFF
08-05 11:42:25.115 32343 32343 D ICU     : No timezone override file found: /data/misc/zoneinfo/current/icu/icu_tzdata.dat
08-05 11:42:25.143 32343 32343 I Radio-JNI: register_android_hardware_Radio DONE
08-05 11:42:25.159 32343 32343 D AndroidRuntime: Calling main entry com.android.commands.input.Input
08-05 11:42:25.161 32343 32343 I Input   : injectKeyEvent: KeyEvent { action=ACTION_DOWN, keyCode=KEYCODE_BACK, scanCode=0, metaState=0, flags=0x0, repeatCount=0, eventTime=790961574, downTime=790961574, deviceId=-1, source=0x101 }
08-05 11:42:25.166 32343 32343 I Input   : injectKeyEvent: KeyEvent { action=ACTION_UP, keyCode=KEYCODE_BACK, scanCode=0, metaState=0, flags=0x0, repeatCount=0, eventTime=790961574, downTime=790961574, deviceId=-1, source=0x101 }
08-05 11:42:25.171 32343 32343 D AndroidRuntime: Shutting down VM
08-05 11:42:25.173 29746 29758 I art     : Starting a blocking GC Explicit
08-05 11:42:25.213 29746 29758 I art     : Explicit concurrent mark sweep GC freed 2553(187KB) AllocSpace objects, 5(100KB) LOS objects, 27% free, 42MB/58MB, paused 1.019ms total 40.281ms
08-05 11:42:25.222 29746 29758 I art     : Starting a blocking GC Explicit
08-05 11:42:25.263 29746 29758 I art     : Explicit concurrent mark sweep GC freed 5106(383KB) AllocSpace objects, 1(20KB) LOS objects, 27% free, 42MB/58MB, paused 1.056ms total 40.495ms
08-05 11:42:25.273 29746 29758 I art     : Starting a blocking GC Explicit
08-05 11:42:25.313 29746 29758 I art     : Explicit concurrent mark sweep GC freed 2402(161KB) AllocSpace objects, 4(80KB) LOS objects, 27% free, 42MB/58MB, paused 1.195ms total 39.690ms
08-05 11:42:25.324 13866 13866 I GoogleInputMethodServic: GoogleInputMethodService.onFinishInput():3138 
08-05 11:42:25.325 13866 13866 I GoogleInputMethodServic: GoogleInputMethodService.onStartInput():1808 
08-05 11:42:25.325 29746 29758 I art     : Starting a blocking GC Explicit
08-05 11:42:25.366 29746 29758 I art     : Explicit concurrent mark sweep GC freed 9429(508KB) AllocSpace objects, 4(80KB) LOS objects, 27% free, 42MB/58MB, paused 1.018ms total 41.260ms
08-05 11:42:25.375 29746 29758 I art     : Starting a blocking GC Explicit
08-05 11:42:25.413 29746 29758 I art     : Explicit concurrent mark sweep GC freed 649(41KB) AllocSpace objects, 0(0B) LOS objects, 27% free, 42MB/58MB, paused 1.021ms total 37.631ms
08-05 11:42:25.447 29746 31993 E baseline.com.newsblur.network.APIResponse: Error (unexpected end of stream on https://www.newsblur.com/...) calling https://www.newsblur.com/reader/mark_story_hashes_as_read/
08-05 11:42:25.447 29746 31993 E baseline.com.newsblur.network.APIResponse: java.io.IOException: unexpected end of stream on https://www.newsblur.com/...
08-05 11:42:25.447 29746 31993 E baseline.com.newsblur.network.APIResponse: 	at okhttp3.internal.http1.Http1ExchangeCodec.readResponseHeaders(Http1ExchangeCodec.java:236)
08-05 11:42:25.447 29746 31993 E baseline.com.newsblur.network.APIResponse: 	at okhttp3.internal.connection.Exchange.readResponseHeaders(Exchange.java:115)
08-05 11:42:25.447 29746 31993 E baseline.com.newsblur.network.APIResponse: 	at okhttp3.internal.http.CallServerInterceptor.intercept(CallServerInterceptor.java:94)
08-05 11:42:25.447 29746 31993 E baseline.com.newsblur.network.APIResponse: 	at okhttp3.internal.http.RealInterceptorChain.proceed(RealInterceptorChain.java:142)
08-05 11:42:25.447 29746 31993 E baseline.com.newsblur.network.APIResponse: 	at okhttp3.internal.connection.ConnectInterceptor.intercept(ConnectInterceptor.java:43)
08-05 11:42:25.447 29746 31993 E baseline.com.newsblur.network.APIResponse: 	at okhttp3.internal.http.RealInterceptorChain.proceed(RealInterceptorChain.java:142)
08-05 11:42:25.447 29746 31993 E baseline.com.newsblur.network.APIResponse: 	at okhttp3.internal.http.RealInterceptorChain.proceed(RealInterceptorChain.java:117)
08-05 11:42:25.447 29746 31993 E baseline.com.newsblur.network.APIResponse: 	at okhttp3.internal.cache.CacheInterceptor.intercept(CacheInterceptor.java:94)
08-05 11:42:25.447 29746 31993 E baseline.com.newsblur.network.APIResponse: 	at okhttp3.internal.http.RealInterceptorChain.proceed(RealInterceptorChain.java:142)
08-05 11:42:25.447 29746 31993 E baseline.com.newsblur.network.APIResponse: 	at okhttp3.internal.http.RealInterceptorChain.proceed(RealInterceptorChain.java:117)
08-05 11:42:25.447 29746 31993 E baseline.com.newsblur.network.APIResponse: 	at okhttp3.internal.http.BridgeInterceptor.intercept(BridgeInterceptor.java:93)
08-05 11:42:25.447 29746 31993 E baseline.com.newsblur.network.APIResponse: 	at okhttp3.internal.http.RealInterceptorChain.proceed(RealInterceptorChain.java:142)
08-05 11:42:25.447 29746 31993 E baseline.com.newsblur.network.APIResponse: 	at okhttp3.internal.http.RetryAndFollowUpInterceptor.intercept(RetryAndFollowUpInterceptor.java:88)
08-05 11:42:25.447 29746 31993 E baseline.com.newsblur.network.APIResponse: 	at okhttp3.internal.http.RealInterceptorChain.proceed(RealInterceptorChain.java:142)
08-05 11:42:25.447 29746 31993 E baseline.com.newsblur.network.APIResponse: 	at okhttp3.internal.http.RealInterceptorChain.proceed(RealInterceptorChain.java:117)
08-05 11:42:25.447 29746 31993 E baseline.com.newsblur.network.APIResponse: 	at okhttp3.RealCall.getResponseWithInterceptorChain(RealCall.java:229)
08-05 11:42:25.447 29746 31993 E baseline.com.newsblur.network.APIResponse: 	at okhttp3.RealCall.execute(RealCall.java:81)
08-05 11:42:25.447 29746 31993 E baseline.com.newsblur.network.APIResponse: 	at baseline.com.newsblur.network.APIResponse.<init>(APIResponse.java:57)
08-05 11:42:25.447 29746 31993 E baseline.com.newsblur.network.APIResponse: 	at baseline.com.newsblur.network.APIResponse.<init>(APIResponse.java:43)
08-05 11:42:25.447 29746 31993 E baseline.com.newsblur.network.APIResponse: 	at baseline.com.newsblur.network.APIManager.post_single(APIManager.java:702)
08-05 11:42:25.447 29746 31993 E baseline.com.newsblur.network.APIResponse: 	at baseline.com.newsblur.network.APIManager.post(APIManager.java:675)
08-05 11:42:25.447 29746 31993 E baseline.com.newsblur.network.APIResponse: 	at baseline.com.newsblur.network.APIManager.post(APIManager.java:714)
08-05 11:42:25.447 29746 31993 E baseline.com.newsblur.network.APIResponse: 	at baseline.com.newsblur.network.APIManager.markStoryAsRead(APIManager.java:205)
08-05 11:42:25.447 29746 31993 E baseline.com.newsblur.network.APIResponse: 	at baseline.com.newsblur.util.ReadingAction.doRemote(ReadingAction.java:281)
08-05 11:42:25.447 29746 31993 E baseline.com.newsblur.network.APIResponse: 	at baseline.com.newsblur.service.NBSyncService.syncActions(NBSyncService.java:400)
08-05 11:42:25.447 29746 31993 E baseline.com.newsblur.network.APIResponse: 	at baseline.com.newsblur.service.NBSyncService.doSync(NBSyncService.java:298)
08-05 11:42:25.447 29746 31993 E baseline.com.newsblur.network.APIResponse: 	at baseline.com.newsblur.service.NBSyncService.access$100(NBSyncService.java:67)
08-05 11:42:25.447 29746 31993 E baseline.com.newsblur.network.APIResponse: 	at baseline.com.newsblur.service.NBSyncService$1.run(NBSyncService.java:188)
08-05 11:42:25.447 29746 31993 E baseline.com.newsblur.network.APIResponse: 	at java.util.concurrent.ThreadPoolExecutor.runWorker(ThreadPoolExecutor.java:1113)
08-05 11:42:25.447 29746 31993 E baseline.com.newsblur.network.APIResponse: 	at java.util.concurrent.ThreadPoolExecutor$Worker.run(ThreadPoolExecutor.java:588)
08-05 11:42:25.447 29746 31993 E baseline.com.newsblur.network.APIResponse: 	at java.lang.Thread.run(Thread.java:818)
08-05 11:42:25.447 29746 31993 E baseline.com.newsblur.network.APIResponse: Caused by: java.io.EOFException: \n not found: limit=0 content=
08-05 11:42:25.447 29746 31993 E baseline.com.newsblur.network.APIResponse: 	at okio.RealBufferedSource.readUtf8LineStrict(RealBufferedSource.java:240)
08-05 11:42:25.447 29746 31993 E baseline.com.newsblur.network.APIResponse: 	at okhttp3.internal.http1.Http1ExchangeCodec.readHeaderLine(Http1ExchangeCodec.java:242)
08-05 11:42:25.447 29746 31993 E baseline.com.newsblur.network.APIResponse: 	at okhttp3.internal.http1.Http1ExchangeCodec.readResponseHeaders(Http1ExchangeCodec.java:213)
08-05 11:42:25.447 29746 31993 E baseline.com.newsblur.network.APIResponse: 	... 30 more
08-05 11:42:25.448 29746 31993 I baseline.com.newsblur.service.NBSyncService: Holding reading action with server-side or network error.
08-05 11:42:25.458 29746 31993 W baseline.com.newsblur.service.NBSyncService: hard API failure
08-05 11:42:25.461 29746 31993 I baseline.com.newsblur.service.NBSyncService: recounting dirty feed sets: 1
08-05 11:42:25.557   918  3261 D WifiStateMachine: starting scan for "H369AA63323"WPA_PSK with 2412,5180
08-05 11:42:25.599   518   646 I ThermalEngine: ACTION: GPU - Setting GPU[0] to 510000000
08-05 11:42:25.740 29746 31254 I art     : Starting a blocking GC Explicit
08-05 11:42:25.796 29746 31254 I art     : Explicit concurrent mark sweep GC freed 5199(459KB) AllocSpace objects, 6(120KB) LOS objects, 27% free, 42MB/58MB, paused 1.310ms total 55.813ms
08-05 11:42:25.809 29746 31254 I art     : Starting a blocking GC Explicit
08-05 11:42:25.857 29746 31993 E baseline.com.newsblur.network.APIResponse: Error (unexpected end of stream on https://www.newsblur.com/...) calling https://www.newsblur.com/reader/feed_unread_count?feed_id=0
08-05 11:42:25.857 29746 31993 E baseline.com.newsblur.network.APIResponse: java.io.IOException: unexpected end of stream on https://www.newsblur.com/...
08-05 11:42:25.857 29746 31993 E baseline.com.newsblur.network.APIResponse: 	at okhttp3.internal.http1.Http1ExchangeCodec.readResponseHeaders(Http1ExchangeCodec.java:236)
08-05 11:42:25.857 29746 31993 E baseline.com.newsblur.network.APIResponse: 	at okhttp3.internal.connection.Exchange.readResponseHeaders(Exchange.java:115)
08-05 11:42:25.857 29746 31993 E baseline.com.newsblur.network.APIResponse: 	at okhttp3.internal.http.CallServerInterceptor.intercept(CallServerInterceptor.java:94)
08-05 11:42:25.857 29746 31993 E baseline.com.newsblur.network.APIResponse: 	at okhttp3.internal.http.RealInterceptorChain.proceed(RealInterceptorChain.java:142)
08-05 11:42:25.857 29746 31993 E baseline.com.newsblur.network.APIResponse: 	at okhttp3.internal.connection.ConnectInterceptor.intercept(ConnectInterceptor.java:43)
08-05 11:42:25.857 29746 31993 E baseline.com.newsblur.network.APIResponse: 	at okhttp3.internal.http.RealInterceptorChain.proceed(RealInterceptorChain.java:142)
08-05 11:42:25.857 29746 31993 E baseline.com.newsblur.network.APIResponse: 	at okhttp3.internal.http.RealInterceptorChain.proceed(RealInterceptorChain.java:117)
08-05 11:42:25.857 29746 31993 E baseline.com.newsblur.network.APIResponse: 	at okhttp3.internal.cache.CacheInterceptor.intercept(CacheInterceptor.java:94)
08-05 11:42:25.857 29746 31993 E baseline.com.newsblur.network.APIResponse: 	at okhttp3.internal.http.RealInterceptorChain.proceed(RealInterceptorChain.java:142)
08-05 11:42:25.857 29746 31993 E baseline.com.newsblur.network.APIResponse: 	at okhttp3.internal.http.RealInterceptorChain.proceed(RealInterceptorChain.java:117)
08-05 11:42:25.857 29746 31993 E baseline.com.newsblur.network.APIResponse: 	at okhttp3.internal.http.BridgeInterceptor.intercept(BridgeInterceptor.java:93)
08-05 11:42:25.857 29746 31993 E baseline.com.newsblur.network.APIResponse: 	at okhttp3.internal.http.RealInterceptorChain.proceed(RealInterceptorChain.java:142)
08-05 11:42:25.857 29746 31993 E baseline.com.newsblur.network.APIResponse: 	at okhttp3.internal.http.RetryAndFollowUpInterceptor.intercept(RetryAndFollowUpInterceptor.java:88)
08-05 11:42:25.857 29746 31993 E baseline.com.newsblur.network.APIResponse: 	at okhttp3.internal.http.RealInterceptorChain.proceed(RealInterceptorChain.java:142)
08-05 11:42:25.857 29746 31993 E baseline.com.newsblur.network.APIResponse: 	at okhttp3.internal.http.RealInterceptorChain.proceed(RealInterceptorChain.java:117)
08-05 11:42:25.857 29746 31993 E baseline.com.newsblur.network.APIResponse: 	at okhttp3.RealCall.getResponseWithInterceptorChain(RealCall.java:229)
08-05 11:42:25.857 29746 31993 E baseline.com.newsblur.network.APIResponse: 	at okhttp3.RealCall.execute(RealCall.java:81)
08-05 11:42:25.857 29746 31993 E baseline.com.newsblur.network.APIResponse: 	at baseline.com.newsblur.network.APIResponse.<init>(APIResponse.java:57)
08-05 11:42:25.857 29746 31993 E baseline.com.newsblur.network.APIResponse: 	at baseline.com.newsblur.network.APIManager.get_single(APIManager.java:639)
08-05 11:42:25.857 29746 31993 E baseline.com.newsblur.network.APIResponse: 	at baseline.com.newsblur.network.APIManager.get(APIManager.java:625)
08-05 11:42:25.857 29746 31993 E baseline.com.newsblur.network.APIResponse: 	at baseline.com.newsblur.network.APIManager.get(APIManager.java:667)
08-05 11:42:25.857 29746 31993 E baseline.com.newsblur.network.APIResponse: 	at baseline.com.newsblur.network.APIManager.getFeedUnreadCounts(APIManager.java:274)
08-05 11:42:25.857 29746 31993 E baseline.com.newsblur.network.APIResponse: 	at baseline.com.newsblur.service.NBSyncService.checkRecounts(NBSyncService.java:660)
08-05 11:42:25.857 29746 31993 E baseline.com.newsblur.network.APIResponse: 	at baseline.com.newsblur.service.NBSyncService.doSync(NBSyncService.java:310)
08-05 11:42:25.857 29746 31993 E baseline.com.newsblur.network.APIResponse: 	at baseline.com.newsblur.service.NBSyncService.access$100(NBSyncService.java:67)
08-05 11:42:25.857 29746 31993 E baseline.com.newsblur.network.APIResponse: 	at baseline.com.newsblur.service.NBSyncService$1.run(NBSyncService.java:188)
08-05 11:42:25.857 29746 31993 E baseline.com.newsblur.network.APIResponse: 	at java.util.concurrent.ThreadPoolExecutor.runWorker(ThreadPoolExecutor.java:1113)
08-05 11:42:25.857 29746 31993 E baseline.com.newsblur.network.APIResponse: 	at java.util.concurrent.ThreadPoolExecutor$Worker.run(ThreadPoolExecutor.java:588)
08-05 11:42:25.857 29746 31993 E baseline.com.newsblur.network.APIResponse: 	at java.lang.Thread.run(Thread.java:818)
08-05 11:42:25.857 29746 31993 E baseline.com.newsblur.network.APIResponse: Caused by: java.io.EOFException: \n not found: limit=0 content=
08-05 11:42:25.857 29746 31993 E baseline.com.newsblur.network.APIResponse: 	at okio.RealBufferedSource.readUtf8LineStrict(RealBufferedSource.java:240)
08-05 11:42:25.857 29746 31993 E baseline.com.newsblur.network.APIResponse: 	at okhttp3.internal.http1.Http1ExchangeCodec.readHeaderLine(Http1ExchangeCodec.java:242)
08-05 11:42:25.857 29746 31993 E baseline.com.newsblur.network.APIResponse: 	at okhttp3.internal.http1.Http1ExchangeCodec.readResponseHeaders(Http1ExchangeCodec.java:213)
08-05 11:42:25.857 29746 31993 E baseline.com.newsblur.network.APIResponse: 	... 28 more
08-05 11:42:25.858 29746 31993 I baseline.com.newsblur.network.APIManager: API call failed, pausing before retry number 1
08-05 11:42:25.863 29746 31254 I art     : Explicit concurrent mark sweep GC freed 2745(231KB) AllocSpace objects, 1(20KB) LOS objects, 27% free, 42MB/58MB, paused 1.367ms total 53.264ms
08-05 11:42:25.874 29746 31254 I art     : Starting a blocking GC Explicit
08-05 11:42:25.921 29746 31254 I art     : Explicit concurrent mark sweep GC freed 1605(132KB) AllocSpace objects, 1(20KB) LOS objects, 27% free, 41MB/57MB, paused 1.183ms total 46.441ms
08-05 11:42:25.932 29746 31254 I art     : Starting a blocking GC Explicit
08-05 11:42:25.981 29746 31254 I art     : Explicit concurrent mark sweep GC freed 76(3KB) AllocSpace objects, 0(0B) LOS objects, 27% free, 41MB/57MB, paused 1.111ms total 49.062ms
08-05 11:42:25.994 29746 31254 I art     : Starting a blocking GC Explicit
08-05 11:42:26.046 29746 31254 I art     : Explicit concurrent mark sweep GC freed 11(352B) AllocSpace objects, 0(0B) LOS objects, 27% free, 41MB/57MB, paused 1.371ms total 52.102ms
08-05 11:42:26.401 29746 29759 I art     : Starting a blocking GC Explicit
08-05 11:42:26.458 29746 29759 I art     : Explicit concurrent mark sweep GC freed 1514(85KB) AllocSpace objects, 1(20KB) LOS objects, 27% free, 41MB/57MB, paused 1.389ms total 55.895ms
08-05 11:42:26.458 29746 29757 I art     : WaitForGcToComplete blocked for 11.253ms for cause HeapTrim
08-05 11:42:26.470 29746 29759 I art     : Starting a blocking GC Explicit
08-05 11:42:26.517 29746 29759 I art     : Explicit concurrent mark sweep GC freed 30(1040B) AllocSpace objects, 0(0B) LOS objects, 27% free, 41MB/57MB, paused 1.110ms total 46.660ms
08-05 11:42:26.528 29746 29759 I art     : Starting a blocking GC Explicit
08-05 11:42:26.575 29746 29759 I art     : Explicit concurrent mark sweep GC freed 10(320B) AllocSpace objects, 0(0B) LOS objects, 27% free, 41MB/57MB, paused 1.207ms total 46.628ms
08-05 11:42:26.586 29746 29759 I art     : Starting a blocking GC Explicit
08-05 11:42:26.631 29746 29759 I art     : Explicit concurrent mark sweep GC freed 9(288B) AllocSpace objects, 0(0B) LOS objects, 27% free, 41MB/57MB, paused 1.103ms total 44.742ms
08-05 11:42:26.643 29746 29759 I art     : Starting a blocking GC Explicit
08-05 11:42:26.693 29746 29759 I art     : Explicit concurrent mark sweep GC freed 10(320B) AllocSpace objects, 0(0B) LOS objects, 27% free, 41MB/57MB, paused 1.193ms total 49.776ms
08-05 11:42:26.892 32390 32390 D AndroidRuntime: >>>>>> START com.android.internal.os.RuntimeInit uid 2000 <<<<<<
08-05 11:42:26.897 32390 32390 D AndroidRuntime: CheckJNI is OFF
08-05 11:42:26.929 32390 32390 D ICU     : No timezone override file found: /data/misc/zoneinfo/current/icu/icu_tzdata.dat
08-05 11:42:26.962 32390 32390 I Radio-JNI: register_android_hardware_Radio DONE
08-05 11:42:26.984 32390 32390 D AndroidRuntime: Calling main entry com.android.commands.am.Am
08-05 11:42:26.989 22029 22029 I Trepn   : Trepn 6.2s: Received intent: com.quicinc.trepn.stop_profiling
08-05 11:42:27.021 22029 22029 I Trepn   : Trepn 6.2s: Trepn has Stopped Profiling.
08-05 11:42:27.052 29746 29774 I art     : Starting a blocking GC Explicit
08-05 11:42:27.102 29746 29774 I art     : Explicit concurrent mark sweep GC freed 1450(83KB) AllocSpace objects, 1(20KB) LOS objects, 27% free, 41MB/57MB, paused 1.203ms total 49.492ms
08-05 11:42:27.114 29746 29774 I art     : Starting a blocking GC Explicit
08-05 11:42:27.165 29746 29774 I art     : Explicit concurrent mark sweep GC freed 22(784B) AllocSpace objects, 0(0B) LOS objects, 27% free, 41MB/57MB, paused 1.343ms total 50.589ms
08-05 11:42:27.177 29746 29774 I art     : Starting a blocking GC Explicit
08-05 11:42:27.182 32390 32390 D AndroidRuntime: Shutting down VM
08-05 11:42:27.186   918  3714 W AppOps  : Finishing op nesting under-run: uid 10078 pkg com.quicinc.trepn code 24 time=0 duration=0 nesting=0
08-05 11:42:27.222 29746 29774 I art     : Explicit concurrent mark sweep GC freed 3(96B) AllocSpace objects, 0(0B) LOS objects, 27% free, 41MB/57MB, paused 1.039ms total 44.510ms
08-05 11:42:27.233 29746 29774 I art     : Starting a blocking GC Explicit
08-05 11:42:27.279 29746 29774 I art     : Explicit concurrent mark sweep GC freed 3(96B) AllocSpace objects, 0(0B) LOS objects, 27% free, 41MB/57MB, paused 1.098ms total 45.618ms
08-05 11:42:27.290 29746 29774 I art     : Starting a blocking GC Explicit
08-05 11:42:27.341 29746 29774 I art     : Explicit concurrent mark sweep GC freed 3(96B) AllocSpace objects, 0(0B) LOS objects, 27% free, 41MB/57MB, paused 1.274ms total 51.596ms
08-05 11:42:27.673 29746 31254 I art     : Starting a blocking GC Explicit
08-05 11:42:27.724 29746 31254 I art     : Explicit concurrent mark sweep GC freed 1610(91KB) AllocSpace objects, 1(20KB) LOS objects, 27% free, 41MB/57MB, paused 1.225ms total 51.372ms
08-05 11:42:27.736 29746 31254 I art     : Starting a blocking GC Explicit
08-05 11:42:27.785 29746 31254 I art     : Explicit concurrent mark sweep GC freed 28(1040B) AllocSpace objects, 0(0B) LOS objects, 27% free, 41MB/57MB, paused 1.269ms total 48.772ms
08-05 11:42:27.797 29746 31254 I art     : Starting a blocking GC Explicit
08-05 11:42:27.845 29746 31254 I art     : Explicit concurrent mark sweep GC freed 150(5KB) AllocSpace objects, 0(0B) LOS objects, 27% free, 42MB/58MB, paused 1.320ms total 47.584ms
08-05 11:42:27.857 29746 31254 I art     : Starting a blocking GC Explicit
08-05 11:42:27.901 29746 31993 E baseline.com.newsblur.network.APIResponse: Error (unexpected end of stream on https://www.newsblur.com/...) calling https://www.newsblur.com/reader/feed_unread_count?feed_id=0
08-05 11:42:27.901 29746 31993 E baseline.com.newsblur.network.APIResponse: java.io.IOException: unexpected end of stream on https://www.newsblur.com/...
08-05 11:42:27.901 29746 31993 E baseline.com.newsblur.network.APIResponse: 	at okhttp3.internal.http1.Http1ExchangeCodec.readResponseHeaders(Http1ExchangeCodec.java:236)
08-05 11:42:27.901 29746 31993 E baseline.com.newsblur.network.APIResponse: 	at okhttp3.internal.connection.Exchange.readResponseHeaders(Exchange.java:115)
08-05 11:42:27.901 29746 31993 E baseline.com.newsblur.network.APIResponse: 	at okhttp3.internal.http.CallServerInterceptor.intercept(CallServerInterceptor.java:94)
08-05 11:42:27.901 29746 31993 E baseline.com.newsblur.network.APIResponse: 	at okhttp3.internal.http.RealInterceptorChain.proceed(RealInterceptorChain.java:142)
08-05 11:42:27.901 29746 31993 E baseline.com.newsblur.network.APIResponse: 	at okhttp3.internal.connection.ConnectInterceptor.intercept(ConnectInterceptor.java:43)
08-05 11:42:27.901 29746 31993 E baseline.com.newsblur.network.APIResponse: 	at okhttp3.internal.http.RealInterceptorChain.proceed(RealInterceptorChain.java:142)
08-05 11:42:27.901 29746 31993 E baseline.com.newsblur.network.APIResponse: 	at okhttp3.internal.http.RealInterceptorChain.proceed(RealInterceptorChain.java:117)
08-05 11:42:27.901 29746 31993 E baseline.com.newsblur.network.APIResponse: 	at okhttp3.internal.cache.CacheInterceptor.intercept(CacheInterceptor.java:94)
08-05 11:42:27.901 29746 31993 E baseline.com.newsblur.network.APIResponse: 	at okhttp3.internal.http.RealInterceptorChain.proceed(RealInterceptorChain.java:142)
08-05 11:42:27.901 29746 31993 E baseline.com.newsblur.network.APIResponse: 	at okhttp3.internal.http.RealInterceptorChain.proceed(RealInterceptorChain.java:117)
08-05 11:42:27.901 29746 31993 E baseline.com.newsblur.network.APIResponse: 	at okhttp3.internal.http.BridgeInterceptor.intercept(BridgeInterceptor.java:93)
08-05 11:42:27.901 29746 31993 E baseline.com.newsblur.network.APIResponse: 	at okhttp3.internal.http.RealInterceptorChain.proceed(RealInterceptorChain.java:142)
08-05 11:42:27.901 29746 31993 E baseline.com.newsblur.network.APIResponse: 	at okhttp3.internal.http.RetryAndFollowUpInterceptor.intercept(RetryAndFollowUpInterceptor.java:88)
08-05 11:42:27.901 29746 31993 E baseline.com.newsblur.network.APIResponse: 	at okhttp3.internal.http.RealInterceptorChain.proceed(RealInterceptorChain.java:142)
08-05 11:42:27.901 29746 31993 E baseline.com.newsblur.network.APIResponse: 	at okhttp3.internal.http.RealInterceptorChain.proceed(RealInterceptorChain.java:117)
08-05 11:42:27.901 29746 31993 E baseline.com.newsblur.network.APIResponse: 	at okhttp3.RealCall.getResponseWithInterceptorChain(RealCall.java:229)
08-05 11:42:27.901 29746 31993 E baseline.com.newsblur.network.APIResponse: 	at okhttp3.RealCall.execute(RealCall.java:81)
08-05 11:42:27.901 29746 31993 E baseline.com.newsblur.network.APIResponse: 	at baseline.com.newsblur.network.APIResponse.<init>(APIResponse.java:57)
08-05 11:42:27.901 29746 31993 E baseline.com.newsblur.network.APIResponse: 	at baseline.com.newsblur.network.APIManager.get_single(APIManager.java:639)
08-05 11:42:27.901 29746 31993 E baseline.com.newsblur.network.APIResponse: 	at baseline.com.newsblur.network.APIManager.get(APIManager.java:625)
08-05 11:42:27.901 29746 31993 E baseline.com.newsblur.network.APIResponse: 	at baseline.com.newsblur.network.APIManager.get(APIManager.java:667)
08-05 11:42:27.901 29746 31993 E baseline.com.newsblur.network.APIResponse: 	at baseline.com.newsblur.network.APIManager.getFeedUnreadCounts(APIManager.java:274)
08-05 11:42:27.901 29746 31993 E baseline.com.newsblur.network.APIResponse: 	at baseline.com.newsblur.service.NBSyncService.checkRecounts(NBSyncService.java:660)
08-05 11:42:27.901 29746 31993 E baseline.com.newsblur.network.APIResponse: 	at baseline.com.newsblur.service.NBSyncService.doSync(NBSyncService.java:310)
08-05 11:42:27.901 29746 31993 E baseline.com.newsblur.network.APIResponse: 	at baseline.com.newsblur.service.NBSyncService.access$100(NBSyncService.java:67)
08-05 11:42:27.901 29746 31993 E baseline.com.newsblur.network.APIResponse: 	at baseline.com.newsblur.service.NBSyncService$1.run(NBSyncService.java:188)
08-05 11:42:27.901 29746 31993 E baseline.com.newsblur.network.APIResponse: 	at java.util.concurrent.ThreadPoolExecutor.runWorker(ThreadPoolExecutor.java:1113)
08-05 11:42:27.901 29746 31993 E baseline.com.newsblur.network.APIResponse: 	at java.util.concurrent.ThreadPoolExecutor$Worker.run(ThreadPoolExecutor.java:588)
08-05 11:42:27.901 29746 31993 E baseline.com.newsblur.network.APIResponse: 	at java.lang.Thread.run(Thread.java:818)
08-05 11:42:27.901 29746 31993 E baseline.com.newsblur.network.APIResponse: Caused by: java.io.EOFException: \n not found: limit=0 content=
08-05 11:42:27.901 29746 31993 E baseline.com.newsblur.network.APIResponse: 	at okio.RealBufferedSource.readUtf8LineStrict(RealBufferedSource.java:240)
08-05 11:42:27.901 29746 31993 E baseline.com.newsblur.network.APIResponse: 	at okhttp3.internal.http1.Http1ExchangeCodec.readHeaderLine(Http1ExchangeCodec.java:242)
08-05 11:42:27.901 29746 31993 E baseline.com.newsblur.network.APIResponse: 	at okhttp3.internal.http1.Http1ExchangeCodec.readResponseHeaders(Http1ExchangeCodec.java:213)
08-05 11:42:27.901 29746 31993 E baseline.com.newsblur.network.APIResponse: 	... 28 more
08-05 11:42:27.903 29746 31993 I baseline.com.newsblur.network.APIManager: API call failed, pausing before retry number 2
08-05 11:42:27.907 29746 31254 I art     : Explicit concurrent mark sweep GC freed 2007(217KB) AllocSpace objects, 2(40KB) LOS objects, 27% free, 42MB/58MB, paused 1.285ms total 49.078ms
08-05 11:42:27.918 29746 31254 I art     : Starting a blocking GC Explicit
08-05 11:42:27.966 29746 31254 I art     : Explicit concurrent mark sweep GC freed 419(53KB) AllocSpace objects, 0(0B) LOS objects, 27% free, 41MB/57MB, paused 1.208ms total 47.279ms
