--------- beginning of main
08-05 04:09:21.084  2396  2396 D AndroidRuntime: >>>>>> START com.android.internal.os.RuntimeInit uid 2000 <<<<<<
08-05 04:09:21.090  2396  2396 D AndroidRuntime: CheckJNI is OFF
08-05 04:09:21.116  2396  2396 D ICU     : No timezone override file found: /data/misc/zoneinfo/current/icu/icu_tzdata.dat
08-05 04:09:21.142  2396  2396 I Radio-JNI: register_android_hardware_Radio DONE
08-05 04:09:21.159  2396  2396 D AndroidRuntime: Calling main entry com.android.commands.monkey.Monkey
--------- beginning of system
08-05 04:09:21.174   918   931 W BroadcastQueue: Skipping deliver [background] BroadcastRecord{d263f32 u-1 android.net.conn.CONNECTIVITY_CHANGE} to ReceiverList{c341600 2396 (unknown name)/2000/u-1 remote:57d4494}: process crashing
08-05 04:09:21.185   918  3670 I ActivityManager: START u0 {act=android.intent.action.MAIN cat=[android.intent.category.LAUNCHER] flg=0x10200000 cmp=baseline.com.newsblur/.activity.InitActivity} from uid 2000 on display 0
08-05 04:09:21.206   918   932 I sensors : batch
08-05 04:09:21.225   918  3188 I hubconnection: sensorhub said: 'batch 31 flags:0, sampling_rate_Hz:15.00, max_report_latency_us:0'
08-05 04:09:21.251  2396  2396 I art     : System.exit called, status: 0
08-05 04:09:21.252  2396  2396 I AndroidRuntime: VM exiting with result code 0.
08-05 04:09:21.295   719 23718 I PBSessionCacheImpl: Deleted sessionId[3163792008073881] from persistence.
08-05 04:09:21.303   719   760 W SearchServiceCore: Abort, client detached.
08-05 04:09:21.304   719   760 I MicroDetectionState: Should stop hotword detection immediately - true
08-05 04:09:21.316 28464 28464 I baseline.com.newsblur.activity.InitActivity: cold launching version 9.0b1
08-05 04:09:21.324 28464  2410 D OpenGLRenderer: Use EGL_SWAP_BEHAVIOR_PRESERVED: true
08-05 04:09:21.351   918   932 I sensors : flush
08-05 04:09:21.356   918  3188 I hubconnection: sensorhub said: 'flush 31'
08-05 04:09:21.356   918  3188 I hubconnection: saw sensor 31 flushed
08-05 04:09:21.358 28464  2410 I Adreno  : QUALCOMM build                   : fcf4852, I1af360237c
08-05 04:09:21.358 28464  2410 I Adreno  : Build Date                       : 09/23/15
08-05 04:09:21.358 28464  2410 I Adreno  : OpenGL ES Shader Compiler Version: XE031.05.13.02
08-05 04:09:21.358 28464  2410 I Adreno  : Local Branch                     : mybranch14465806
08-05 04:09:21.358 28464  2410 I Adreno  : Remote Branch                    : quic/LA.BF64.1.2.9_v2
08-05 04:09:21.358 28464  2410 I Adreno  : Remote Branch                    : NONE
08-05 04:09:21.358 28464  2410 I Adreno  : Reconstruct Branch               : NOTHING
08-05 04:09:21.363 28464  2410 I OpenGLRenderer: Initialized EGL, version 1.4
08-05 04:09:21.389 13866 13866 I GoogleInputMethodServic: GoogleInputMethodService.onFinishInput():3138 
08-05 04:09:21.390 13866 13866 I GoogleInputMethodServic: GoogleInputMethodService.onStartInput():1808 
08-05 04:09:21.422   918  6111 I ActivityManager: START u0 {cmp=baseline.com.newsblur/.activity.Main} from uid 10676 on display 0
08-05 04:09:21.548 28464 28464 I art     : Rejecting re-init on previously-failed class java.lang.Class<androidx.core.view.ViewCompat$OnUnhandledKeyEventListenerWrapper>
08-05 04:09:21.548 28464 28464 I art     : Rejecting re-init on previously-failed class java.lang.Class<androidx.core.view.ViewCompat$OnUnhandledKeyEventListenerWrapper>
08-05 04:09:21.578 28464 28464 E BitmapFactory: Unable to decode stream: java.io.FileNotFoundException: /data/user/0/baseline.com.newsblur/cache/userProfilePicture: open failed: ENOENT (No such file or directory)
08-05 04:09:21.677 28464  2424 I baseline.com.newsblur.service.NBSyncService: ready to sync feed list
08-05 04:09:21.715 13866 13866 I GoogleInputMethodServic: GoogleInputMethodService.onFinishInput():3138 
08-05 04:09:21.716 13866 13866 I GoogleInputMethodServic: GoogleInputMethodService.onStartInput():1808 
08-05 04:09:21.821   918   936 I ActivityManager: Displayed baseline.com.newsblur/.activity.Main: +352ms (total +610ms)
08-05 04:09:22.189 28464  2424 I NAPPA_EXPERIMENTATION: MetricNetworkRequestExecutionTime: REQUEST_DURATION_SYSTEM='510',REQUEST_DURATION_OKHTTP='33',REQUEST_SYNCHRONOUS='TRUE',RESPONSE_CODE='200',RESPONSE_METHOD='GET',RESPONSE_LENGTH_OKHTTP='-1',RESPONSE_LENGTH_HEADER='-2',REQUEST_PROTOCOL='http/1.1',REQUEST_URL='https://www.newsblur.com/reader/feeds/?update_counts=true',
08-05 04:09:22.189 28464  2424 D MY_TAG  : 0, 510
08-05 04:09:22.247 28464  2424 I baseline.com.newsblur.service.NBSyncService: got feed list: 1 feeds in  conn:510 read:9 parse:3 store:43
08-05 04:09:22.681 28464  2430 I NAPPA_EXPERIMENTATION: MetricNetworkRequestExecutionTime: REQUEST_DURATION_SYSTEM='428',REQUEST_DURATION_OKHTTP='44',REQUEST_SYNCHRONOUS='TRUE',RESPONSE_CODE='200',RESPONSE_METHOD='GET',RESPONSE_LENGTH_OKHTTP='-1',RESPONSE_LENGTH_HEADER='-2',REQUEST_PROTOCOL='http/1.1',REQUEST_URL='https://www.newsblur.com/reader/unread_story_hashes?include_timestamps=1',
08-05 04:09:22.681 28464  2430 D MY_TAG  : 0, 428
08-05 04:09:22.704 28464  2430 I baseline.com.newsblur.service.UnreadsService: starting unread count: 0
08-05 04:09:22.706 28464  2430 I baseline.com.newsblur.service.UnreadsService: new unread count:      0
08-05 04:09:22.707 28464  2430 I baseline.com.newsblur.service.UnreadsService: new unreads found:     0
08-05 04:09:22.707 28464  2430 I baseline.com.newsblur.service.UnreadsService: unreads to retire:     0
08-05 04:09:22.734  2448  2448 D AndroidRuntime: >>>>>> START com.android.internal.os.RuntimeInit uid 2000 <<<<<<
08-05 04:09:22.738  2448  2448 D AndroidRuntime: CheckJNI is OFF
08-05 04:09:22.765  2448  2448 D ICU     : No timezone override file found: /data/misc/zoneinfo/current/icu/icu_tzdata.dat
08-05 04:09:22.793  2448  2448 I Radio-JNI: register_android_hardware_Radio DONE
08-05 04:09:22.808  2448  2448 D AndroidRuntime: Calling main entry com.android.commands.am.Am
08-05 04:09:22.813 24044 24044 I Trepn   : Trepn 6.2s: Received intent: com.quicinc.trepn.start_profiling
08-05 04:09:22.945 24044 24044 W FileUtils: Failed to chmod(/storage/emulated/0/trepn/Trepn_2020.08.05_040922.db): android.system.ErrnoException: chmod failed: EPERM (Operation not permitted)
08-05 04:09:23.230 24044 24044 I Trepn   : Trepn 6.2s: Trepn has Started Profiling.
08-05 04:09:23.230  2448  2448 D AndroidRuntime: Shutting down VM
08-05 04:09:23.708 28464 28475 I art     : Starting a blocking GC Explicit
08-05 04:09:23.736 28464 28475 I art     : Explicit concurrent mark sweep GC freed 30091(1964KB) AllocSpace objects, 41(1140KB) LOS objects, 37% free, 26MB/42MB, paused 221us total 27.325ms
08-05 04:09:23.748 28464 28475 I art     : Starting a blocking GC Explicit
08-05 04:09:23.760 28464 28475 I art     : Explicit concurrent mark sweep GC freed 2469(199KB) AllocSpace objects, 0(0B) LOS objects, 38% free, 26MB/42MB, paused 179us total 11.658ms
08-05 04:09:23.766 28464 28475 I art     : Starting a blocking GC Explicit
08-05 04:09:23.778 28464 28475 I art     : Explicit concurrent mark sweep GC freed 3(96B) AllocSpace objects, 0(0B) LOS objects, 38% free, 26MB/42MB, paused 183us total 11.333ms
08-05 04:09:23.784 28464 28475 I art     : Starting a blocking GC Explicit
08-05 04:09:23.795 28464 28475 I art     : Explicit concurrent mark sweep GC freed 3(96B) AllocSpace objects, 0(0B) LOS objects, 38% free, 26MB/42MB, paused 168us total 11.463ms
08-05 04:09:23.802 28464 28475 I art     : Starting a blocking GC Explicit
08-05 04:09:23.813 28464 28475 I art     : Explicit concurrent mark sweep GC freed 3(96B) AllocSpace objects, 0(0B) LOS objects, 38% free, 26MB/42MB, paused 174us total 11.304ms
08-05 04:09:24.091 28464 28476 I art     : Starting a blocking GC Explicit
08-05 04:09:24.109 28464 28476 I art     : Explicit concurrent mark sweep GC freed 1389(80KB) AllocSpace objects, 1(20KB) LOS objects, 38% free, 26MB/42MB, paused 203us total 17.121ms
08-05 04:09:24.119 28464 28476 I art     : Starting a blocking GC Explicit
08-05 04:09:24.134 28464 28476 I art     : Explicit concurrent mark sweep GC freed 20(704B) AllocSpace objects, 0(0B) LOS objects, 38% free, 26MB/42MB, paused 209us total 14.495ms
08-05 04:09:24.143 28464 28476 I art     : Starting a blocking GC Explicit
08-05 04:09:24.155 28464 28476 I art     : Explicit concurrent mark sweep GC freed 3(96B) AllocSpace objects, 0(0B) LOS objects, 38% free, 26MB/42MB, paused 182us total 11.490ms
08-05 04:09:24.161 28464 28476 I art     : Starting a blocking GC Explicit
08-05 04:09:24.173 28464 28476 I art     : Explicit concurrent mark sweep GC freed 3(96B) AllocSpace objects, 0(0B) LOS objects, 38% free, 26MB/42MB, paused 176us total 11.530ms
08-05 04:09:24.179 28464 28476 I art     : Starting a blocking GC Explicit
08-05 04:09:24.191 28464 28476 I art     : Explicit concurrent mark sweep GC freed 3(96B) AllocSpace objects, 0(0B) LOS objects, 38% free, 26MB/42MB, paused 176us total 11.200ms
08-05 04:09:24.492 28464 28475 I art     : Starting a blocking GC Explicit
08-05 04:09:24.509 28464 28475 I art     : Explicit concurrent mark sweep GC freed 1379(80KB) AllocSpace objects, 1(20KB) LOS objects, 38% free, 26MB/42MB, paused 197us total 16.518ms
08-05 04:09:24.518 28464 28475 I art     : Starting a blocking GC Explicit
08-05 04:09:24.530 28464 28475 I art     : Explicit concurrent mark sweep GC freed 20(704B) AllocSpace objects, 0(0B) LOS objects, 38% free, 26MB/42MB, paused 178us total 11.908ms
08-05 04:09:24.536 28464 28475 I art     : Starting a blocking GC Explicit
08-05 04:09:24.548 28464 28475 I art     : Explicit concurrent mark sweep GC freed 3(96B) AllocSpace objects, 0(0B) LOS objects, 38% free, 26MB/42MB, paused 172us total 11.780ms
08-05 04:09:24.555 28464 28475 I art     : Starting a blocking GC Explicit
08-05 04:09:24.566 28464 28475 I art     : Explicit concurrent mark sweep GC freed 3(96B) AllocSpace objects, 0(0B) LOS objects, 38% free, 26MB/42MB, paused 165us total 10.929ms
08-05 04:09:24.572 28464 28475 I art     : Starting a blocking GC Explicit
08-05 04:09:24.576   918  3188 I hubconnection: sensorhub said: 'set_bias 3: -4.8768, 0.0000, 0.0000'
08-05 04:09:24.583 28464 28475 I art     : Explicit concurrent mark sweep GC freed 3(96B) AllocSpace objects, 0(0B) LOS objects, 38% free, 26MB/42MB, paused 166us total 10.858ms
08-05 04:09:24.888 28464 28476 I art     : Starting a blocking GC Explicit
08-05 04:09:24.909 28464 28476 I art     : Explicit concurrent mark sweep GC freed 1377(80KB) AllocSpace objects, 1(20KB) LOS objects, 38% free, 26MB/42MB, paused 240us total 20.738ms
08-05 04:09:24.918 28464 28476 I art     : Starting a blocking GC Explicit
08-05 04:09:24.931 28464 28476 I art     : Explicit concurrent mark sweep GC freed 20(704B) AllocSpace objects, 0(0B) LOS objects, 38% free, 26MB/42MB, paused 174us total 12.107ms
08-05 04:09:24.938 28464 28476 I art     : Starting a blocking GC Explicit
08-05 04:09:24.949 28464 28476 I art     : Explicit concurrent mark sweep GC freed 3(96B) AllocSpace objects, 0(0B) LOS objects, 38% free, 26MB/42MB, paused 178us total 11.264ms
08-05 04:09:24.955 28464 28476 I art     : Starting a blocking GC Explicit
08-05 04:09:24.966 28464 28476 I art     : Explicit concurrent mark sweep GC freed 3(96B) AllocSpace objects, 0(0B) LOS objects, 38% free, 26MB/42MB, paused 169us total 11.287ms
08-05 04:09:24.972 28464 28476 I art     : Starting a blocking GC Explicit
08-05 04:09:24.984 28464 28476 I art     : Explicit concurrent mark sweep GC freed 3(96B) AllocSpace objects, 0(0B) LOS objects, 38% free, 26MB/42MB, paused 162us total 11.094ms
08-05 04:09:25.270 28464 28475 I art     : Starting a blocking GC Explicit
08-05 04:09:25.284 28464 28475 I art     : Explicit concurrent mark sweep GC freed 1377(80KB) AllocSpace objects, 1(20KB) LOS objects, 38% free, 26MB/42MB, paused 180us total 13.558ms
08-05 04:09:25.290 28464 28475 I art     : Starting a blocking GC Explicit
08-05 04:09:25.303 28464 28475 I art     : Explicit concurrent mark sweep GC freed 20(704B) AllocSpace objects, 0(0B) LOS objects, 38% free, 26MB/42MB, paused 184us total 12.175ms
08-05 04:09:25.309 28464 28475 I art     : Starting a blocking GC Explicit
08-05 04:09:25.321 28464 28475 I art     : Explicit concurrent mark sweep GC freed 3(96B) AllocSpace objects, 0(0B) LOS objects, 38% free, 26MB/42MB, paused 177us total 11.807ms
08-05 04:09:25.328 28464 28475 I art     : Starting a blocking GC Explicit
08-05 04:09:25.339 28464 28475 I art     : Explicit concurrent mark sweep GC freed 3(96B) AllocSpace objects, 0(0B) LOS objects, 38% free, 26MB/42MB, paused 173us total 11.242ms
08-05 04:09:25.345 28464 28475 I art     : Starting a blocking GC Explicit
08-05 04:09:25.357 28464 28475 I art     : Explicit concurrent mark sweep GC freed 3(96B) AllocSpace objects, 0(0B) LOS objects, 38% free, 26MB/42MB, paused 178us total 11.716ms
08-05 04:09:25.661 28464 28476 I art     : Starting a blocking GC Explicit
08-05 04:09:25.677 28464 28476 I art     : Explicit concurrent mark sweep GC freed 1376(79KB) AllocSpace objects, 1(20KB) LOS objects, 38% free, 26MB/42MB, paused 212us total 15.677ms
08-05 04:09:25.687 28464 28476 I art     : Starting a blocking GC Explicit
08-05 04:09:25.700 28464 28476 I art     : Explicit concurrent mark sweep GC freed 20(704B) AllocSpace objects, 0(0B) LOS objects, 38% free, 26MB/42MB, paused 188us total 12.490ms
08-05 04:09:25.706 28464 28476 I art     : Starting a blocking GC Explicit
08-05 04:09:25.718 28464 28476 I art     : Explicit concurrent mark sweep GC freed 3(96B) AllocSpace objects, 0(0B) LOS objects, 38% free, 26MB/42MB, paused 183us total 11.733ms
08-05 04:09:25.724 28464 28476 I art     : Starting a blocking GC Explicit
08-05 04:09:25.736 28464 28476 I art     : Explicit concurrent mark sweep GC freed 3(96B) AllocSpace objects, 0(0B) LOS objects, 38% free, 26MB/42MB, paused 187us total 11.413ms
08-05 04:09:25.742 28464 28476 I art     : Starting a blocking GC Explicit
08-05 04:09:25.754 28464 28476 I art     : Explicit concurrent mark sweep GC freed 3(96B) AllocSpace objects, 0(0B) LOS objects, 38% free, 26MB/42MB, paused 177us total 11.483ms
08-05 04:09:26.051 28464 28475 I art     : Starting a blocking GC Explicit
08-05 04:09:26.069 28464 28475 I art     : Explicit concurrent mark sweep GC freed 1376(79KB) AllocSpace objects, 1(20KB) LOS objects, 38% free, 26MB/42MB, paused 191us total 17.187ms
08-05 04:09:26.079 28464 28475 I art     : Starting a blocking GC Explicit
08-05 04:09:26.094 28464 28475 I art     : Explicit concurrent mark sweep GC freed 20(704B) AllocSpace objects, 0(0B) LOS objects, 38% free, 26MB/42MB, paused 187us total 14.683ms
08-05 04:09:26.103 28464 28475 I art     : Starting a blocking GC Explicit
08-05 04:09:26.115 28464 28475 I art     : Explicit concurrent mark sweep GC freed 3(96B) AllocSpace objects, 0(0B) LOS objects, 38% free, 26MB/42MB, paused 170us total 11.575ms
08-05 04:09:26.121 28464 28475 I art     : Starting a blocking GC Explicit
08-05 04:09:26.133 28464 28475 I art     : Explicit concurrent mark sweep GC freed 3(96B) AllocSpace objects, 0(0B) LOS objects, 38% free, 26MB/42MB, paused 165us total 11.356ms
08-05 04:09:26.139 28464 28475 I art     : Starting a blocking GC Explicit
08-05 04:09:26.151 28464 28475 I art     : Explicit concurrent mark sweep GC freed 3(96B) AllocSpace objects, 0(0B) LOS objects, 38% free, 26MB/42MB, paused 171us total 11.422ms
08-05 04:09:26.440 28464 28476 I art     : Starting a blocking GC Explicit
08-05 04:09:26.458 28464 28476 I art     : Explicit concurrent mark sweep GC freed 1376(79KB) AllocSpace objects, 1(20KB) LOS objects, 38% free, 26MB/42MB, paused 253us total 18.076ms
08-05 04:09:26.471 28464 28476 I art     : Starting a blocking GC Explicit
08-05 04:09:26.483 28464 28476 I art     : Explicit concurrent mark sweep GC freed 20(704B) AllocSpace objects, 0(0B) LOS objects, 38% free, 26MB/42MB, paused 175us total 12.064ms
08-05 04:09:26.490 28464 28476 I art     : Starting a blocking GC Explicit
08-05 04:09:26.501 28464 28476 I art     : Explicit concurrent mark sweep GC freed 3(96B) AllocSpace objects, 0(0B) LOS objects, 38% free, 26MB/42MB, paused 180us total 11.450ms
08-05 04:09:26.508 28464 28476 I art     : Starting a blocking GC Explicit
08-05 04:09:26.519 28464 28476 I art     : Explicit concurrent mark sweep GC freed 3(96B) AllocSpace objects, 0(0B) LOS objects, 38% free, 26MB/42MB, paused 182us total 11.293ms
08-05 04:09:26.525 28464 28476 I art     : Starting a blocking GC Explicit
08-05 04:09:26.537 28464 28476 I art     : Explicit concurrent mark sweep GC freed 3(96B) AllocSpace objects, 0(0B) LOS objects, 38% free, 26MB/42MB, paused 205us total 11.276ms
08-05 04:09:26.829 28464 28475 I art     : Starting a blocking GC Explicit
08-05 04:09:26.846 28464 28475 I art     : Explicit concurrent mark sweep GC freed 1376(79KB) AllocSpace objects, 1(20KB) LOS objects, 38% free, 26MB/42MB, paused 208us total 16.506ms
08-05 04:09:26.854 28464 28475 I art     : Starting a blocking GC Explicit
08-05 04:09:26.867 28464 28475 I art     : Explicit concurrent mark sweep GC freed 20(704B) AllocSpace objects, 0(0B) LOS objects, 38% free, 26MB/42MB, paused 177us total 11.834ms
08-05 04:09:26.873 28464 28475 I art     : Starting a blocking GC Explicit
08-05 04:09:26.884 28464 28475 I art     : Explicit concurrent mark sweep GC freed 3(96B) AllocSpace objects, 0(0B) LOS objects, 38% free, 26MB/42MB, paused 177us total 11.068ms
08-05 04:09:26.890 28464 28475 I art     : Starting a blocking GC Explicit
08-05 04:09:26.901 28464 28475 I art     : Explicit concurrent mark sweep GC freed 3(96B) AllocSpace objects, 0(0B) LOS objects, 38% free, 26MB/42MB, paused 169us total 11.021ms
08-05 04:09:26.907 28464 28475 I art     : Starting a blocking GC Explicit
08-05 04:09:26.919 28464 28475 I art     : Explicit concurrent mark sweep GC freed 3(96B) AllocSpace objects, 0(0B) LOS objects, 38% free, 26MB/42MB, paused 167us total 11.218ms
08-05 04:09:27.223  1294  1294 I ServiceManager: Waiting for service AtCmdFwd...
08-05 04:09:27.228 28464 28476 I art     : Starting a blocking GC Explicit
08-05 04:09:27.243 28464 28476 I art     : Explicit concurrent mark sweep GC freed 1376(79KB) AllocSpace objects, 1(20KB) LOS objects, 38% free, 26MB/42MB, paused 224us total 15.506ms
08-05 04:09:27.250 28464 28476 I art     : Starting a blocking GC Explicit
08-05 04:09:27.263 28464 28476 I art     : Explicit concurrent mark sweep GC freed 20(704B) AllocSpace objects, 0(0B) LOS objects, 38% free, 26MB/42MB, paused 191us total 12.194ms
08-05 04:09:27.270 28464 28476 I art     : Starting a blocking GC Explicit
08-05 04:09:27.281 28464 28476 I art     : Explicit concurrent mark sweep GC freed 3(96B) AllocSpace objects, 0(0B) LOS objects, 38% free, 26MB/42MB, paused 177us total 11.158ms
08-05 04:09:27.287 28464 28476 I art     : Starting a blocking GC Explicit
08-05 04:09:27.299 28464 28476 I art     : Explicit concurrent mark sweep GC freed 3(96B) AllocSpace objects, 0(0B) LOS objects, 38% free, 26MB/42MB, paused 178us total 11.327ms
08-05 04:09:27.305 28464 28476 I art     : Starting a blocking GC Explicit
08-05 04:09:27.316 28464 28476 I art     : Explicit concurrent mark sweep GC freed 3(96B) AllocSpace objects, 0(0B) LOS objects, 38% free, 26MB/42MB, paused 178us total 11.420ms
08-05 04:09:27.614 28464 28475 I art     : Starting a blocking GC Explicit
08-05 04:09:27.626 28464 28475 I art     : Explicit concurrent mark sweep GC freed 1375(79KB) AllocSpace objects, 1(20KB) LOS objects, 38% free, 26MB/42MB, paused 194us total 12.502ms
08-05 04:09:27.633 28464 28475 I art     : Starting a blocking GC Explicit
08-05 04:09:27.644 28464 28475 I art     : Explicit concurrent mark sweep GC freed 20(704B) AllocSpace objects, 0(0B) LOS objects, 38% free, 26MB/42MB, paused 163us total 11.528ms
08-05 04:09:27.650 28464 28475 I art     : Starting a blocking GC Explicit
08-05 04:09:27.661 28464 28475 I art     : Explicit concurrent mark sweep GC freed 3(96B) AllocSpace objects, 0(0B) LOS objects, 38% free, 26MB/42MB, paused 161us total 10.778ms
08-05 04:09:27.667 28464 28475 I art     : Starting a blocking GC Explicit
08-05 04:09:27.678 28464 28475 I art     : Explicit concurrent mark sweep GC freed 3(96B) AllocSpace objects, 0(0B) LOS objects, 38% free, 26MB/42MB, paused 166us total 10.256ms
08-05 04:09:27.684 28464 28475 I art     : Starting a blocking GC Explicit
08-05 04:09:27.694 28464 28475 I art     : Explicit concurrent mark sweep GC freed 3(96B) AllocSpace objects, 0(0B) LOS objects, 38% free, 26MB/42MB, paused 152us total 9.737ms
08-05 04:09:27.988 28464 28476 I art     : Starting a blocking GC Explicit
08-05 04:09:28.002 28464 28476 I art     : Explicit concurrent mark sweep GC freed 1376(79KB) AllocSpace objects, 1(20KB) LOS objects, 38% free, 26MB/42MB, paused 259us total 13.794ms
08-05 04:09:28.010 28464 28476 I art     : Starting a blocking GC Explicit
08-05 04:09:28.021 28464 28476 I art     : Explicit concurrent mark sweep GC freed 20(704B) AllocSpace objects, 0(0B) LOS objects, 38% free, 26MB/42MB, paused 186us total 10.953ms
08-05 04:09:28.027 28464 28476 I art     : Starting a blocking GC Explicit
08-05 04:09:28.037 28464 28476 I art     : Explicit concurrent mark sweep GC freed 3(96B) AllocSpace objects, 0(0B) LOS objects, 38% free, 26MB/42MB, paused 185us total 9.970ms
08-05 04:09:28.042 28464 28476 I art     : Starting a blocking GC Explicit
08-05 04:09:28.053 28464 28476 I art     : Explicit concurrent mark sweep GC freed 3(96B) AllocSpace objects, 0(0B) LOS objects, 38% free, 26MB/42MB, paused 164us total 10.191ms
08-05 04:09:28.058 28464 28476 I art     : Starting a blocking GC Explicit
08-05 04:09:28.068 28464 28476 I art     : Explicit concurrent mark sweep GC freed 3(96B) AllocSpace objects, 0(0B) LOS objects, 38% free, 26MB/42MB, paused 160us total 9.616ms
08-05 04:09:28.224  1294  1294 I ServiceManager: Waiting for service AtCmdFwd...
08-05 04:09:28.317 28464 28475 I art     : Starting a blocking GC Explicit
08-05 04:09:28.329 28464 28475 I art     : Explicit concurrent mark sweep GC freed 1376(79KB) AllocSpace objects, 1(20KB) LOS objects, 38% free, 26MB/42MB, paused 191us total 11.790ms
08-05 04:09:28.336 28464 28475 I art     : Starting a blocking GC Explicit
08-05 04:09:28.347 28464 28475 I art     : Explicit concurrent mark sweep GC freed 20(704B) AllocSpace objects, 0(0B) LOS objects, 38% free, 26MB/42MB, paused 174us total 11.453ms
08-05 04:09:28.354 28464 28475 I art     : Starting a blocking GC Explicit
08-05 04:09:28.364 28464 28475 I art     : Explicit concurrent mark sweep GC freed 3(96B) AllocSpace objects, 0(0B) LOS objects, 38% free, 26MB/42MB, paused 164us total 10.143ms
08-05 04:09:28.369 28464 28475 I art     : Starting a blocking GC Explicit
08-05 04:09:28.380 28464 28475 I art     : Explicit concurrent mark sweep GC freed 3(96B) AllocSpace objects, 0(0B) LOS objects, 38% free, 26MB/42MB, paused 166us total 10.107ms
08-05 04:09:28.384  2613  2613 D AndroidRuntime: >>>>>> START com.android.internal.os.RuntimeInit uid 2000 <<<<<<
08-05 04:09:28.385 28464 28475 I art     : Starting a blocking GC Explicit
08-05 04:09:28.387  2613  2613 D AndroidRuntime: CheckJNI is OFF
08-05 04:09:28.396 28464 28475 I art     : Explicit concurrent mark sweep GC freed 3(96B) AllocSpace objects, 0(0B) LOS objects, 38% free, 26MB/42MB, paused 174us total 10.234ms
08-05 04:09:28.412  2613  2613 D ICU     : No timezone override file found: /data/misc/zoneinfo/current/icu/icu_tzdata.dat
08-05 04:09:28.436  2613  2613 I Radio-JNI: register_android_hardware_Radio DONE
08-05 04:09:28.451  2613  2613 D AndroidRuntime: Calling main entry com.android.commands.input.Input
08-05 04:09:28.452  2613  2613 I Input   : injectMotionEvent: MotionEvent { action=ACTION_DOWN, actionButton=0, id[0]=0, x[0]=594.0, y[0]=330.0, toolType[0]=TOOL_TYPE_UNKNOWN, buttonState=0, metaState=0, flags=0x0, edgeFlags=0x0, pointerCount=1, historySize=0, eventTime=763784865, downTime=763784865, deviceId=0, source=0x1002 }
08-05 04:09:28.458  2613  2613 I Input   : injectMotionEvent: MotionEvent { action=ACTION_UP, actionButton=0, id[0]=0, x[0]=594.0, y[0]=330.0, toolType[0]=TOOL_TYPE_UNKNOWN, buttonState=0, metaState=0, flags=0x0, edgeFlags=0x0, pointerCount=1, historySize=0, eventTime=763784865, downTime=763784865, deviceId=0, source=0x1002 }
08-05 04:09:28.460  2613  2613 D AndroidRuntime: Shutting down VM
08-05 04:09:28.530   918  6111 I ActivityManager: START u0 {cmp=baseline.com.newsblur/.activity.GlobalSharedStoriesItemsList (has extras)} from uid 10676 on display 0
08-05 04:09:28.555 28464  2643 I baseline.com.newsblur.database.BlurDatabaseHelper: reading session reset
08-05 04:09:28.616 28464 28475 I art     : Starting a blocking GC Explicit
08-05 04:09:28.629 28464 28475 I art     : Explicit concurrent mark sweep GC freed 6397(516KB) AllocSpace objects, 8(284KB) LOS objects, 36% free, 27MB/43MB, paused 205us total 12.933ms
08-05 04:09:28.636 28464 28475 I art     : Starting a blocking GC Explicit
08-05 04:09:28.652 28464 28475 I art     : Explicit concurrent mark sweep GC freed 383(18KB) AllocSpace objects, 0(0B) LOS objects, 36% free, 27MB/43MB, paused 197us total 15.877ms
08-05 04:09:28.657 28464 28475 I art     : Starting a blocking GC Explicit
08-05 04:09:28.670 28464 28475 I art     : Explicit concurrent mark sweep GC freed 66(4KB) AllocSpace objects, 0(0B) LOS objects, 36% free, 27MB/43MB, paused 390us total 12.118ms
08-05 04:09:28.676 28464 28475 I art     : Starting a blocking GC Explicit
08-05 04:09:28.678 28464 28464 W View    : requestLayout() improperly called by android.widget.FrameLayout{741935b V.E...... ......ID 0,0-1440,0 #7f07003f app:id/footer_view_inner} during layout: running second layout pass
08-05 04:09:28.678 28464 28464 W View    : requestLayout() improperly called by android.widget.FrameLayout{533a7f8 V.E...... ......ID 0,0-1440,2091 #7f07003f app:id/footer_view_inner} during layout: running second layout pass
08-05 04:09:28.688 28464 28475 I art     : Explicit concurrent mark sweep GC freed 288(38KB) AllocSpace objects, 1(20KB) LOS objects, 36% free, 27MB/43MB, paused 221us total 11.830ms
08-05 04:09:28.695 28464 28475 I art     : Starting a blocking GC Explicit
08-05 04:09:28.698   918   936 I ActivityManager: Displayed baseline.com.newsblur/.activity.GlobalSharedStoriesItemsList: +156ms
08-05 04:09:28.699 13866 13866 I GoogleInputMethodServic: GoogleInputMethodService.onFinishInput():3138 
08-05 04:09:28.699 13866 13866 I GoogleInputMethodServic: GoogleInputMethodService.onStartInput():1808 
08-05 04:09:28.708 28464 28475 I art     : Explicit concurrent mark sweep GC freed 1501(119KB) AllocSpace objects, 4(80KB) LOS objects, 36% free, 27MB/43MB, paused 456us total 12.901ms
08-05 04:09:28.951 28464 28475 I art     : Starting a blocking GC Explicit
08-05 04:09:28.965 28464 28475 I art     : Explicit concurrent mark sweep GC freed 2044(143KB) AllocSpace objects, 3(60KB) LOS objects, 36% free, 27MB/43MB, paused 261us total 14.256ms
08-05 04:09:28.973 28464 28475 I art     : Starting a blocking GC Explicit
08-05 04:09:28.985 28464 28475 I art     : Explicit concurrent mark sweep GC freed 102(3KB) AllocSpace objects, 0(0B) LOS objects, 36% free, 27MB/43MB, paused 234us total 12.700ms
08-05 04:09:28.991 28464 28475 I art     : Starting a blocking GC Explicit
08-05 04:09:29.003 28464 28475 I art     : Explicit concurrent mark sweep GC freed 7(224B) AllocSpace objects, 0(0B) LOS objects, 36% free, 27MB/43MB, paused 220us total 11.322ms
08-05 04:09:29.008 28464 28475 I art     : Starting a blocking GC Explicit
08-05 04:09:29.019 28464 28475 I art     : Explicit concurrent mark sweep GC freed 4(128B) AllocSpace objects, 0(0B) LOS objects, 36% free, 27MB/43MB, paused 214us total 10.505ms
08-05 04:09:29.024 28464 28475 I art     : Starting a blocking GC Explicit
08-05 04:09:29.035 28464 28475 I art     : Explicit concurrent mark sweep GC freed 4(128B) AllocSpace objects, 0(0B) LOS objects, 36% free, 27MB/43MB, paused 224us total 11.153ms
08-05 04:09:29.145 28464  2650 I NAPPA_EXPERIMENTATION: MetricNetworkRequestExecutionTime: REQUEST_DURATION_SYSTEM='431',REQUEST_DURATION_OKHTTP='41',REQUEST_SYNCHRONOUS='TRUE',RESPONSE_CODE='200',RESPONSE_METHOD='GET',RESPONSE_LENGTH_OKHTTP='-1',RESPONSE_LENGTH_HEADER='13047',REQUEST_PROTOCOL='http/1.1',REQUEST_URL='https://www.newsblur.com/social/river_stories?order=newest&page=1&read_filter=all&global_feed=true',
08-05 04:09:29.145 28464  2650 D MY_TAG  : 1, 431
08-05 04:09:29.225  1294  1294 I ServiceManager: Waiting for service AtCmdFwd...
08-05 04:09:29.276 28464 28475 I art     : Starting a blocking GC Explicit
08-05 04:09:29.294 28464 28475 I art     : Explicit concurrent mark sweep GC freed 36399(2MB) AllocSpace objects, 40(1156KB) LOS objects, 36% free, 27MB/43MB, paused 214us total 17.268ms
08-05 04:09:29.300 28464 28475 I art     : Starting a blocking GC Explicit
08-05 04:09:29.314 28464 28475 I art     : Explicit concurrent mark sweep GC freed 3581(330KB) AllocSpace objects, 2(40KB) LOS objects, 36% free, 27MB/43MB, paused 401us total 13.852ms
08-05 04:09:29.319 28464 28475 I art     : Starting a blocking GC Explicit
08-05 04:09:29.333 28464 28475 I art     : Explicit concurrent mark sweep GC freed 945(59KB) AllocSpace objects, 3(60KB) LOS objects, 36% free, 27MB/43MB, paused 663us total 13.318ms
08-05 04:09:29.339 28464 28475 I art     : Starting a blocking GC Explicit
08-05 04:09:29.356 28464 28475 I art     : Explicit concurrent mark sweep GC freed 760(47KB) AllocSpace objects, 2(40KB) LOS objects, 36% free, 28MB/44MB, paused 663us total 17.257ms
08-05 04:09:29.362 28464 28475 I art     : Starting a blocking GC Explicit
08-05 04:09:29.376 28464 28475 I art     : Explicit concurrent mark sweep GC freed 658(37KB) AllocSpace objects, 0(0B) LOS objects, 36% free, 28MB/44MB, paused 498us total 14.416ms
08-05 04:09:29.413 28464  2681 I NAPPA_EXPERIMENTATION: MetricNetworkRequestExecutionTime: REQUEST_DURATION_SYSTEM='54',REQUEST_DURATION_OKHTTP='49',REQUEST_SYNCHRONOUS='TRUE',RESPONSE_CODE='200',RESPONSE_METHOD='GET',RESPONSE_LENGTH_OKHTTP='43',RESPONSE_LENGTH_HEADER='43',REQUEST_PROTOCOL='http/1.1',REQUEST_URL='http://feeds.feedburner.com/~r/retort/~4/UffaFMiJbNs',
08-05 04:09:29.648 28464 28475 I art     : Starting a blocking GC Explicit
08-05 04:09:29.667 28464 28475 I art     : Explicit concurrent mark sweep GC freed 11396(548KB) AllocSpace objects, 5(240KB) LOS objects, 36% free, 28MB/44MB, paused 481us total 18.896ms
08-05 04:09:29.675 28464 28475 I art     : Starting a blocking GC Explicit
08-05 04:09:29.691 28464 28475 I art     : Explicit concurrent mark sweep GC freed 1329(130KB) AllocSpace objects, 0(0B) LOS objects, 36% free, 28MB/44MB, paused 470us total 16.429ms
08-05 04:09:29.698 28464 28475 I art     : Starting a blocking GC Explicit
08-05 04:09:29.713 28464 28475 I art     : Explicit concurrent mark sweep GC freed 85(3KB) AllocSpace objects, 0(0B) LOS objects, 36% free, 28MB/44MB, paused 691us total 14.902ms
08-05 04:09:29.720 28464 28475 I art     : Starting a blocking GC Explicit
08-05 04:09:29.733 28464 28475 I art     : Explicit concurrent mark sweep GC freed 138(19KB) AllocSpace objects, 0(0B) LOS objects, 36% free, 28MB/44MB, paused 422us total 13.600ms
08-05 04:09:29.740 28464 28475 I art     : Starting a blocking GC Explicit
08-05 04:09:29.755 28464 28475 I art     : Explicit concurrent mark sweep GC freed 221(21KB) AllocSpace objects, 0(0B) LOS objects, 36% free, 28MB/44MB, paused 398us total 14.861ms
08-05 04:09:29.797 28464  2683 I NAPPA_EXPERIMENTATION: MetricNetworkRequestExecutionTime: REQUEST_DURATION_SYSTEM='425',REQUEST_DURATION_OKHTTP='174',REQUEST_SYNCHRONOUS='TRUE',RESPONSE_CODE='200',RESPONSE_METHOD='GET',RESPONSE_LENGTH_OKHTTP='79351',RESPONSE_LENGTH_HEADER='79351',REQUEST_PROTOCOL='h2',REQUEST_URL='https://images.fastcompany.net/image/upload/w_1280,q_auto,f_auto,fl_lossy/wp-cms/uploads/2020/07/p-1-90532920-this-chart-shows-how-effective-masks-can-be.png',
08-05 04:09:29.935 28464  2684 I NAPPA_EXPERIMENTATION: MetricNetworkRequestExecutionTime: REQUEST_DURATION_SYSTEM='583',REQUEST_DURATION_OKHTTP='89',REQUEST_SYNCHRONOUS='TRUE',RESPONSE_CODE='200',RESPONSE_METHOD='GET',RESPONSE_LENGTH_OKHTTP='477',RESPONSE_LENGTH_HEADER='477',REQUEST_PROTOCOL='http/1.1',REQUEST_URL='https://s3.amazonaws.com/icons.newsblur.com/5762506.png',
08-05 04:09:29.946 28464  2682 I NAPPA_EXPERIMENTATION: MetricNetworkRequestExecutionTime: REQUEST_DURATION_SYSTEM='606',REQUEST_DURATION_OKHTTP='95',REQUEST_SYNCHRONOUS='TRUE',RESPONSE_CODE='200',RESPONSE_METHOD='GET',RESPONSE_LENGTH_OKHTTP='243',RESPONSE_LENGTH_HEADER='243',REQUEST_PROTOCOL='http/1.1',REQUEST_URL='https://s3.amazonaws.com/icons.newsblur.com/18178.png',
08-05 04:09:29.998 28464  2648 I art     : Starting a blocking GC Explicit
08-05 04:09:30.002 28464  2680 I NAPPA_EXPERIMENTATION: MetricNetworkRequestExecutionTime: REQUEST_DURATION_SYSTEM='671',REQUEST_DURATION_OKHTTP='37',REQUEST_SYNCHRONOUS='TRUE',RESPONSE_CODE='200',RESPONSE_METHOD='GET',RESPONSE_LENGTH_OKHTTP='145',RESPONSE_LENGTH_HEADER='145',REQUEST_PROTOCOL='http/1.1',REQUEST_URL='https://s3.amazonaws.com/icons.newsblur.com/6882243.png',
08-05 04:09:30.019 28464  2648 I art     : Explicit concurrent mark sweep GC freed 10845(570KB) AllocSpace objects, 12(3MB) LOS objects, 34% free, 30MB/46MB, paused 451us total 21.037ms
08-05 04:09:30.027 28464  2648 I art     : Starting a blocking GC Explicit
08-05 04:09:30.044 28464  2648 I art     : Explicit concurrent mark sweep GC freed 342(12KB) AllocSpace objects, 2(40KB) LOS objects, 34% free, 30MB/46MB, paused 341us total 16.868ms
08-05 04:09:30.050 28464  2648 I art     : Starting a blocking GC Explicit
08-05 04:09:30.064 28464  2648 I art     : Explicit concurrent mark sweep GC freed 103(4KB) AllocSpace objects, 0(0B) LOS objects, 34% free, 30MB/46MB, paused 292us total 14.044ms
08-05 04:09:30.070 28464  2648 I art     : Starting a blocking GC Explicit
08-05 04:09:30.085 28464  2648 I art     : Explicit concurrent mark sweep GC freed 9(288B) AllocSpace objects, 0(0B) LOS objects, 34% free, 30MB/46MB, paused 294us total 14.716ms
08-05 04:09:30.092 28464  2648 I art     : Starting a blocking GC Explicit
08-05 04:09:30.106 28464  2648 I art     : Explicit concurrent mark sweep GC freed 3(96B) AllocSpace objects, 0(0B) LOS objects, 34% free, 30MB/46MB, paused 292us total 13.670ms
08-05 04:09:30.226  1294  1294 I ServiceManager: Waiting for service AtCmdFwd...
08-05 04:09:30.415 28464 28475 I art     : Starting a blocking GC Explicit
08-05 04:09:30.435 28464 28475 I art     : Explicit concurrent mark sweep GC freed 1387(82KB) AllocSpace objects, 1(20KB) LOS objects, 34% free, 30MB/46MB, paused 355us total 18.932ms
08-05 04:09:30.444 28464 28475 I art     : Starting a blocking GC Explicit
08-05 04:09:30.459 28464 28475 I art     : Explicit concurrent mark sweep GC freed 20(720B) AllocSpace objects, 0(0B) LOS objects, 34% free, 30MB/46MB, paused 317us total 14.736ms
08-05 04:09:30.465 28464 28475 I art     : Starting a blocking GC Explicit
08-05 04:09:30.480 28464 28475 I art     : Explicit concurrent mark sweep GC freed 3(96B) AllocSpace objects, 0(0B) LOS objects, 34% free, 30MB/46MB, paused 315us total 14.486ms
08-05 04:09:30.486 28464 28475 I art     : Starting a blocking GC Explicit
08-05 04:09:30.501 28464 28475 I art     : Explicit concurrent mark sweep GC freed 3(96B) AllocSpace objects, 0(0B) LOS objects, 34% free, 30MB/46MB, paused 308us total 14.459ms
08-05 04:09:30.507 28464 28475 I art     : Starting a blocking GC Explicit
08-05 04:09:30.522 28464 28475 I art     : Explicit concurrent mark sweep GC freed 3(96B) AllocSpace objects, 0(0B) LOS objects, 34% free, 30MB/46MB, paused 358us total 14.563ms
08-05 04:09:30.833 28464  2651 I art     : Starting a blocking GC Explicit
08-05 04:09:30.852 28464  2651 I art     : Explicit concurrent mark sweep GC freed 1387(80KB) AllocSpace objects, 1(20KB) LOS objects, 34% free, 30MB/46MB, paused 346us total 19.153ms
08-05 04:09:30.864 28464  2651 I art     : Starting a blocking GC Explicit
08-05 04:09:30.879 28464  2651 I art     : Explicit concurrent mark sweep GC freed 20(704B) AllocSpace objects, 0(0B) LOS objects, 34% free, 30MB/46MB, paused 312us total 14.677ms
08-05 04:09:30.885 28464  2651 I art     : Starting a blocking GC Explicit
08-05 04:09:30.900 28464  2651 I art     : Explicit concurrent mark sweep GC freed 3(96B) AllocSpace objects, 0(0B) LOS objects, 34% free, 30MB/46MB, paused 313us total 14.479ms
08-05 04:09:30.906 28464  2651 I art     : Starting a blocking GC Explicit
08-05 04:09:30.921 28464  2651 I art     : Explicit concurrent mark sweep GC freed 3(96B) AllocSpace objects, 0(0B) LOS objects, 34% free, 30MB/46MB, paused 283us total 14.462ms
08-05 04:09:30.927 28464  2651 I art     : Starting a blocking GC Explicit
08-05 04:09:30.942 28464  2651 I art     : Explicit concurrent mark sweep GC freed 3(96B) AllocSpace objects, 0(0B) LOS objects, 34% free, 30MB/46MB, paused 297us total 14.501ms
08-05 04:09:31.226  1294  1294 I ServiceManager: Waiting for service AtCmdFwd...
08-05 04:09:31.256 28464  2648 I art     : Starting a blocking GC Explicit
08-05 04:09:31.275 28464  2648 I art     : Explicit concurrent mark sweep GC freed 1386(80KB) AllocSpace objects, 1(20KB) LOS objects, 34% free, 30MB/46MB, paused 342us total 19.054ms
08-05 04:09:31.284 28464  2648 I art     : Starting a blocking GC Explicit
08-05 04:09:31.299 28464  2648 I art     : Explicit concurrent mark sweep GC freed 20(704B) AllocSpace objects, 0(0B) LOS objects, 34% free, 30MB/46MB, paused 310us total 14.565ms
08-05 04:09:31.305 28464  2648 I art     : Starting a blocking GC Explicit
08-05 04:09:31.320 28464  2648 I art     : Explicit concurrent mark sweep GC freed 3(96B) AllocSpace objects, 0(0B) LOS objects, 34% free, 30MB/46MB, paused 319us total 14.563ms
08-05 04:09:31.326 28464  2648 I art     : Starting a blocking GC Explicit
08-05 04:09:31.341 28464  2648 I art     : Explicit concurrent mark sweep GC freed 3(96B) AllocSpace objects, 0(0B) LOS objects, 34% free, 30MB/46MB, paused 322us total 14.327ms
08-05 04:09:31.347 28464  2648 I art     : Starting a blocking GC Explicit
08-05 04:09:31.361 28464  2648 I art     : Explicit concurrent mark sweep GC freed 3(96B) AllocSpace objects, 0(0B) LOS objects, 34% free, 30MB/46MB, paused 311us total 14.153ms
08-05 04:09:31.680 28464 28476 I art     : Starting a blocking GC Explicit
08-05 04:09:31.698 28464 28476 I art     : Explicit concurrent mark sweep GC freed 1386(80KB) AllocSpace objects, 1(20KB) LOS objects, 34% free, 30MB/46MB, paused 345us total 18.272ms
08-05 04:09:31.709 28464 28476 I art     : Starting a blocking GC Explicit
08-05 04:09:31.724 28464 28476 I art     : Explicit concurrent mark sweep GC freed 20(704B) AllocSpace objects, 0(0B) LOS objects, 34% free, 30MB/46MB, paused 318us total 14.552ms
08-05 04:09:31.730 28464 28476 I art     : Starting a blocking GC Explicit
08-05 04:09:31.745 28464 28476 I art     : Explicit concurrent mark sweep GC freed 3(96B) AllocSpace objects, 0(0B) LOS objects, 34% free, 30MB/46MB, paused 348us total 14.577ms
08-05 04:09:31.751 28464 28476 I art     : Starting a blocking GC Explicit
08-05 04:09:31.766 28464 28476 I art     : Explicit concurrent mark sweep GC freed 3(96B) AllocSpace objects, 0(0B) LOS objects, 34% free, 30MB/46MB, paused 307us total 14.311ms
08-05 04:09:31.772 28464 28476 I art     : Starting a blocking GC Explicit
08-05 04:09:31.787 28464 28476 I art     : Explicit concurrent mark sweep GC freed 3(96B) AllocSpace objects, 0(0B) LOS objects, 34% free, 30MB/46MB, paused 344us total 14.790ms
08-05 04:09:32.090 28464 28475 I art     : Starting a blocking GC Explicit
08-05 04:09:32.109 28464 28475 I art     : Explicit concurrent mark sweep GC freed 1387(80KB) AllocSpace objects, 1(20KB) LOS objects, 34% free, 30MB/46MB, paused 328us total 19.009ms
08-05 04:09:32.116 28464 28475 I art     : Starting a blocking GC Explicit
08-05 04:09:32.132 28464 28475 I art     : Explicit concurrent mark sweep GC freed 20(704B) AllocSpace objects, 0(0B) LOS objects, 34% free, 30MB/46MB, paused 319us total 15.343ms
08-05 04:09:32.139 28464 28475 I art     : Starting a blocking GC Explicit
08-05 04:09:32.153 28464 28475 I art     : Explicit concurrent mark sweep GC freed 3(96B) AllocSpace objects, 0(0B) LOS objects, 34% free, 30MB/46MB, paused 314us total 14.566ms
08-05 04:09:32.160 28464 28475 I art     : Starting a blocking GC Explicit
08-05 04:09:32.175 28464 28475 I art     : Explicit concurrent mark sweep GC freed 3(96B) AllocSpace objects, 0(0B) LOS objects, 34% free, 30MB/46MB, paused 315us total 14.885ms
08-05 04:09:32.181 28464 28475 I art     : Starting a blocking GC Explicit
08-05 04:09:32.196 28464 28475 I art     : Explicit concurrent mark sweep GC freed 3(96B) AllocSpace objects, 0(0B) LOS objects, 34% free, 30MB/46MB, paused 320us total 14.857ms
08-05 04:09:32.227  1294  1294 W Atfwd_Sendcmd: AtCmdFwd service not published, waiting... retryCnt : 3
08-05 04:09:32.513 28464  2651 I art     : Starting a blocking GC Explicit
08-05 04:09:32.530 28464  2651 I art     : Explicit concurrent mark sweep GC freed 1386(80KB) AllocSpace objects, 1(20KB) LOS objects, 34% free, 30MB/46MB, paused 335us total 17.334ms
08-05 04:09:32.537 28464  2651 I art     : Starting a blocking GC Explicit
08-05 04:09:32.553 28464  2651 I art     : Explicit concurrent mark sweep GC freed 20(704B) AllocSpace objects, 0(0B) LOS objects, 34% free, 30MB/46MB, paused 358us total 15.275ms
08-05 04:09:32.559 28464  2651 I art     : Starting a blocking GC Explicit
08-05 04:09:32.574 28464  2651 I art     : Explicit concurrent mark sweep GC freed 3(96B) AllocSpace objects, 0(0B) LOS objects, 34% free, 30MB/46MB, paused 319us total 14.758ms
08-05 04:09:32.581 28464  2651 I art     : Starting a blocking GC Explicit
08-05 04:09:32.596 28464  2651 I art     : Explicit concurrent mark sweep GC freed 3(96B) AllocSpace objects, 0(0B) LOS objects, 34% free, 30MB/46MB, paused 333us total 14.973ms
08-05 04:09:32.602 28464  2651 I art     : Starting a blocking GC Explicit
08-05 04:09:32.617 28464  2651 I art     : Explicit concurrent mark sweep GC freed 3(96B) AllocSpace objects, 0(0B) LOS objects, 34% free, 30MB/46MB, paused 331us total 14.760ms
08-05 04:09:32.917 28464  2648 I art     : Starting a blocking GC Explicit
08-05 04:09:32.935 28464  2648 I art     : Explicit concurrent mark sweep GC freed 1386(80KB) AllocSpace objects, 1(20KB) LOS objects, 34% free, 30MB/46MB, paused 351us total 17.421ms
08-05 04:09:32.944 28464  2648 I art     : Starting a blocking GC Explicit
08-05 04:09:32.959 28464  2648 I art     : Explicit concurrent mark sweep GC freed 20(704B) AllocSpace objects, 0(0B) LOS objects, 34% free, 30MB/46MB, paused 315us total 15.190ms
08-05 04:09:32.966 28464  2648 I art     : Starting a blocking GC Explicit
08-05 04:09:32.981 28464  2648 I art     : Explicit concurrent mark sweep GC freed 3(96B) AllocSpace objects, 0(0B) LOS objects, 34% free, 30MB/46MB, paused 313us total 15.307ms
08-05 04:09:32.988 28464  2648 I art     : Starting a blocking GC Explicit
08-05 04:09:33.003 28464  2648 I art     : Explicit concurrent mark sweep GC freed 3(96B) AllocSpace objects, 0(0B) LOS objects, 34% free, 30MB/46MB, paused 359us total 14.893ms
08-05 04:09:33.010 28464  2648 I art     : Starting a blocking GC Explicit
08-05 04:09:33.025 28464  2648 I art     : Explicit concurrent mark sweep GC freed 3(96B) AllocSpace objects, 0(0B) LOS objects, 34% free, 30MB/46MB, paused 321us total 15.042ms
08-05 04:09:33.353 28464 28476 I art     : Starting a blocking GC Explicit
08-05 04:09:33.373 28464 28476 I art     : Explicit concurrent mark sweep GC freed 1386(80KB) AllocSpace objects, 1(20KB) LOS objects, 34% free, 30MB/46MB, paused 405us total 19.696ms
08-05 04:09:33.381 28464 28476 I art     : Starting a blocking GC Explicit
08-05 04:09:33.396 28464 28476 I art     : Explicit concurrent mark sweep GC freed 20(704B) AllocSpace objects, 0(0B) LOS objects, 34% free, 30MB/46MB, paused 300us total 14.851ms
08-05 04:09:33.403 28464 28476 I art     : Starting a blocking GC Explicit
08-05 04:09:33.417 28464 28476 I art     : Explicit concurrent mark sweep GC freed 3(96B) AllocSpace objects, 0(0B) LOS objects, 34% free, 30MB/46MB, paused 312us total 14.512ms
08-05 04:09:33.424 28464 28476 I art     : Starting a blocking GC Explicit
08-05 04:09:33.438 28464 28476 I art     : Explicit concurrent mark sweep GC freed 3(96B) AllocSpace objects, 0(0B) LOS objects, 34% free, 30MB/46MB, paused 305us total 14.599ms
08-05 04:09:33.445 28464 28476 I art     : Starting a blocking GC Explicit
08-05 04:09:33.459 28464 28476 I art     : Explicit concurrent mark sweep GC freed 3(96B) AllocSpace objects, 0(0B) LOS objects, 34% free, 30MB/46MB, paused 319us total 14.518ms
08-05 04:09:33.778 28464 28475 I art     : Starting a blocking GC Explicit
08-05 04:09:33.799 28464 28475 I art     : Explicit concurrent mark sweep GC freed 1386(80KB) AllocSpace objects, 1(20KB) LOS objects, 34% free, 30MB/46MB, paused 531us total 20.541ms
08-05 04:09:33.806 28464 28475 I art     : Starting a blocking GC Explicit
08-05 04:09:33.820 28464 28475 I art     : Explicit concurrent mark sweep GC freed 20(704B) AllocSpace objects, 0(0B) LOS objects, 34% free, 30MB/46MB, paused 301us total 13.668ms
08-05 04:09:33.826 28464 28475 I art     : Starting a blocking GC Explicit
08-05 04:09:33.839 28464 28475 I art     : Explicit concurrent mark sweep GC freed 3(96B) AllocSpace objects, 0(0B) LOS objects, 34% free, 30MB/46MB, paused 295us total 13.574ms
08-05 04:09:33.845 28464 28475 I art     : Starting a blocking GC Explicit
08-05 04:09:33.859 28464 28475 I art     : Explicit concurrent mark sweep GC freed 3(96B) AllocSpace objects, 0(0B) LOS objects, 34% free, 30MB/46MB, paused 300us total 13.936ms
08-05 04:09:33.865 28464 28475 I art     : Starting a blocking GC Explicit
08-05 04:09:33.878 28464 28475 I art     : Explicit concurrent mark sweep GC freed 3(96B) AllocSpace objects, 0(0B) LOS objects, 34% free, 30MB/46MB, paused 302us total 13.007ms
08-05 04:09:34.208 28464  2651 I art     : Starting a blocking GC Explicit
08-05 04:09:34.225 28464  2651 I art     : Explicit concurrent mark sweep GC freed 1386(80KB) AllocSpace objects, 1(20KB) LOS objects, 34% free, 30MB/46MB, paused 372us total 16.333ms
08-05 04:09:34.231 28464  2651 I art     : Starting a blocking GC Explicit
08-05 04:09:34.245 28464  2651 I art     : Explicit concurrent mark sweep GC freed 20(704B) AllocSpace objects, 0(0B) LOS objects, 34% free, 30MB/46MB, paused 335us total 14.093ms
08-05 04:09:34.252 28464  2651 I art     : Starting a blocking GC Explicit
08-05 04:09:34.267 28464  2651 I art     : Explicit concurrent mark sweep GC freed 3(96B) AllocSpace objects, 0(0B) LOS objects, 34% free, 30MB/46MB, paused 382us total 14.413ms
08-05 04:09:34.273 28464  2651 I art     : Starting a blocking GC Explicit
08-05 04:09:34.288 28464  2651 I art     : Explicit concurrent mark sweep GC freed 3(96B) AllocSpace objects, 0(0B) LOS objects, 34% free, 30MB/46MB, paused 310us total 14.539ms
08-05 04:09:34.294 28464  2651 I art     : Starting a blocking GC Explicit
08-05 04:09:34.309 28464  2651 I art     : Explicit concurrent mark sweep GC freed 3(96B) AllocSpace objects, 0(0B) LOS objects, 34% free, 30MB/46MB, paused 304us total 14.342ms
08-05 04:09:34.629 28464  2648 I art     : Starting a blocking GC Explicit
08-05 04:09:34.648 28464  2648 I art     : Explicit concurrent mark sweep GC freed 1386(80KB) AllocSpace objects, 1(20KB) LOS objects, 34% free, 30MB/46MB, paused 369us total 18.642ms
08-05 04:09:34.658 28464  2648 I art     : Starting a blocking GC Explicit
08-05 04:09:34.672 28464  2648 I art     : Explicit concurrent mark sweep GC freed 20(704B) AllocSpace objects, 0(0B) LOS objects, 34% free, 30MB/46MB, paused 302us total 14.255ms
08-05 04:09:34.679 28464  2648 I art     : Starting a blocking GC Explicit
08-05 04:09:34.697 28464  2648 I art     : Explicit concurrent mark sweep GC freed 3(96B) AllocSpace objects, 0(0B) LOS objects, 34% free, 30MB/46MB, paused 368us total 18.018ms
08-05 04:09:34.703 28464  2648 I art     : Starting a blocking GC Explicit
08-05 04:09:34.718 28464  2648 I art     : Explicit concurrent mark sweep GC freed 3(96B) AllocSpace objects, 0(0B) LOS objects, 34% free, 30MB/46MB, paused 320us total 14.544ms
08-05 04:09:34.724 28464  2648 I art     : Starting a blocking GC Explicit
08-05 04:09:34.739 28464  2648 I art     : Explicit concurrent mark sweep GC freed 3(96B) AllocSpace objects, 0(0B) LOS objects, 34% free, 30MB/46MB, paused 315us total 14.457ms
08-05 04:09:34.928   918  3188 I hubconnection: sensorhub said: 'set_bias 3: -6.2400, 0.0000, 0.0000'
08-05 04:09:35.049 28464 28476 I art     : Starting a blocking GC Explicit
08-05 04:09:35.068 28464 28476 I art     : Explicit concurrent mark sweep GC freed 1386(80KB) AllocSpace objects, 1(20KB) LOS objects, 34% free, 30MB/46MB, paused 477us total 18.429ms
08-05 04:09:35.077 28464 28476 I art     : Starting a blocking GC Explicit
08-05 04:09:35.092 28464 28476 I art     : Explicit concurrent mark sweep GC freed 20(704B) AllocSpace objects, 0(0B) LOS objects, 34% free, 30MB/46MB, paused 311us total 14.708ms
08-05 04:09:35.098 28464 28476 I art     : Starting a blocking GC Explicit
08-05 04:09:35.113 28464 28476 I art     : Explicit concurrent mark sweep GC freed 3(96B) AllocSpace objects, 0(0B) LOS objects, 34% free, 30MB/46MB, paused 304us total 14.391ms
08-05 04:09:35.119 28464 28476 I art     : Starting a blocking GC Explicit
08-05 04:09:35.134 28464 28476 I art     : Explicit concurrent mark sweep GC freed 3(96B) AllocSpace objects, 0(0B) LOS objects, 34% free, 30MB/46MB, paused 301us total 14.305ms
08-05 04:09:35.140 28464 28476 I art     : Starting a blocking GC Explicit
08-05 04:09:35.155 28464 28476 I art     : Explicit concurrent mark sweep GC freed 3(96B) AllocSpace objects, 0(0B) LOS objects, 34% free, 30MB/46MB, paused 318us total 14.501ms
08-05 04:09:35.470 28464 28475 I art     : Starting a blocking GC Explicit
08-05 04:09:35.491 28464 28475 I art     : Explicit concurrent mark sweep GC freed 1386(80KB) AllocSpace objects, 1(20KB) LOS objects, 34% free, 30MB/46MB, paused 346us total 20.001ms
08-05 04:09:35.500 28464 28475 I art     : Starting a blocking GC Explicit
08-05 04:09:35.515 28464 28475 I art     : Explicit concurrent mark sweep GC freed 20(704B) AllocSpace objects, 0(0B) LOS objects, 34% free, 30MB/46MB, paused 291us total 15.028ms
08-05 04:09:35.521 28464 28475 I art     : Starting a blocking GC Explicit
08-05 04:09:35.536 28464 28475 I art     : Explicit concurrent mark sweep GC freed 3(96B) AllocSpace objects, 0(0B) LOS objects, 34% free, 30MB/46MB, paused 298us total 14.285ms
08-05 04:09:35.542 28464 28475 I art     : Starting a blocking GC Explicit
08-05 04:09:35.556 28464 28475 I art     : Explicit concurrent mark sweep GC freed 3(96B) AllocSpace objects, 0(0B) LOS objects, 34% free, 30MB/46MB, paused 309us total 14.281ms
08-05 04:09:35.563 28464 28475 I art     : Starting a blocking GC Explicit
08-05 04:09:35.577 28464 28475 I art     : Explicit concurrent mark sweep GC freed 3(96B) AllocSpace objects, 0(0B) LOS objects, 34% free, 30MB/46MB, paused 321us total 14.490ms
08-05 04:09:35.868 28464  2651 I art     : Starting a blocking GC Explicit
08-05 04:09:35.888 28464  2651 I art     : Explicit concurrent mark sweep GC freed 1386(80KB) AllocSpace objects, 1(20KB) LOS objects, 34% free, 30MB/46MB, paused 833us total 19.733ms
08-05 04:09:35.894 28464  2651 I art     : Starting a blocking GC Explicit
08-05 04:09:35.909 28464  2651 I art     : Explicit concurrent mark sweep GC freed 20(704B) AllocSpace objects, 0(0B) LOS objects, 34% free, 30MB/46MB, paused 302us total 14.485ms
08-05 04:09:35.915 28464  2651 I art     : Starting a blocking GC Explicit
08-05 04:09:35.930 28464  2651 I art     : Explicit concurrent mark sweep GC freed 3(96B) AllocSpace objects, 0(0B) LOS objects, 34% free, 30MB/46MB, paused 313us total 14.712ms
08-05 04:09:35.936 28464  2651 I art     : Starting a blocking GC Explicit
08-05 04:09:35.951 28464  2651 I art     : Explicit concurrent mark sweep GC freed 3(96B) AllocSpace objects, 0(0B) LOS objects, 34% free, 30MB/46MB, paused 320us total 14.453ms
08-05 04:09:35.957 28464  2651 I art     : Starting a blocking GC Explicit
08-05 04:09:35.972 28464  2651 I art     : Explicit concurrent mark sweep GC freed 3(96B) AllocSpace objects, 0(0B) LOS objects, 34% free, 30MB/46MB, paused 307us total 14.540ms
08-05 04:09:36.291 28464  2648 I art     : Starting a blocking GC Explicit
08-05 04:09:36.310 28464  2648 I art     : Explicit concurrent mark sweep GC freed 1386(80KB) AllocSpace objects, 1(20KB) LOS objects, 34% free, 30MB/46MB, paused 332us total 18.608ms
08-05 04:09:36.319 28464  2648 I art     : Starting a blocking GC Explicit
08-05 04:09:36.334 28464  2648 I art     : Explicit concurrent mark sweep GC freed 20(704B) AllocSpace objects, 0(0B) LOS objects, 34% free, 30MB/46MB, paused 315us total 15.222ms
08-05 04:09:36.341 28464  2648 I art     : Starting a blocking GC Explicit
08-05 04:09:36.356 28464  2648 I art     : Explicit concurrent mark sweep GC freed 3(96B) AllocSpace objects, 0(0B) LOS objects, 34% free, 30MB/46MB, paused 312us total 14.662ms
08-05 04:09:36.362 28464  2648 I art     : Starting a blocking GC Explicit
08-05 04:09:36.377 28464  2648 I art     : Explicit concurrent mark sweep GC freed 3(96B) AllocSpace objects, 0(0B) LOS objects, 34% free, 30MB/46MB, paused 339us total 14.618ms
08-05 04:09:36.383 28464  2648 I art     : Starting a blocking GC Explicit
08-05 04:09:36.398 28464  2648 I art     : Explicit concurrent mark sweep GC freed 3(96B) AllocSpace objects, 0(0B) LOS objects, 34% free, 30MB/46MB, paused 338us total 14.809ms
08-05 04:09:36.734 28464 28476 I art     : Starting a blocking GC Explicit
08-05 04:09:36.754 28464 28476 I art     : Explicit concurrent mark sweep GC freed 1386(80KB) AllocSpace objects, 1(20KB) LOS objects, 34% free, 30MB/46MB, paused 360us total 19.576ms
08-05 04:09:36.761 28464 28476 I art     : Starting a blocking GC Explicit
08-05 04:09:36.775 28464 28476 I art     : Explicit concurrent mark sweep GC freed 20(704B) AllocSpace objects, 0(0B) LOS objects, 34% free, 30MB/46MB, paused 300us total 13.887ms
08-05 04:09:36.781 28464 28476 I art     : Starting a blocking GC Explicit
08-05 04:09:36.795 28464 28476 I art     : Explicit concurrent mark sweep GC freed 3(96B) AllocSpace objects, 0(0B) LOS objects, 34% free, 30MB/46MB, paused 307us total 13.451ms
08-05 04:09:36.801 28464 28476 I art     : Starting a blocking GC Explicit
08-05 04:09:36.816 28464 28476 I art     : Explicit concurrent mark sweep GC freed 3(96B) AllocSpace objects, 0(0B) LOS objects, 34% free, 30MB/46MB, paused 301us total 14.394ms
08-05 04:09:36.822 28464 28476 I art     : Starting a blocking GC Explicit
08-05 04:09:36.836 28464 28476 I art     : Explicit concurrent mark sweep GC freed 3(96B) AllocSpace objects, 0(0B) LOS objects, 34% free, 30MB/46MB, paused 320us total 13.916ms
08-05 04:09:36.867 24365 23289 I NetworkScheduler.Stats: Task com.google.android.apps.gcs/ started execution. cause:4 exec_start_elapsed_seconds: 1747180 [CONTEXT service_id=218 ]
08-05 04:09:36.876 32620  2872 W Gcs.WfaEliRefreshTask: [25939] afk.b: NULL eligibility response.
08-05 04:09:36.882 24365 23289 I NetworkScheduler.Stats: Task com.google.android.apps.gcs/ finished executing. cause:4 result: 3 elapsed_millis: 18 uptime_millis: 18 exec_start_elapsed_seconds: 1747180 [CONTEXT service_id=218 ]
08-05 04:09:37.153 28464 28475 I art     : Starting a blocking GC Explicit
08-05 04:09:37.173 28464 28475 I art     : Explicit concurrent mark sweep GC freed 1386(80KB) AllocSpace objects, 1(20KB) LOS objects, 34% free, 30MB/46MB, paused 332us total 18.682ms
08-05 04:09:37.182 28464 28475 I art     : Starting a blocking GC Explicit
08-05 04:09:37.197 28464 28475 I art     : Explicit concurrent mark sweep GC freed 20(704B) AllocSpace objects, 0(0B) LOS objects, 34% free, 30MB/46MB, paused 316us total 14.776ms
08-05 04:09:37.203 28464 28475 I art     : Starting a blocking GC Explicit
08-05 04:09:37.218 28464 28475 I art     : Explicit concurrent mark sweep GC freed 3(96B) AllocSpace objects, 0(0B) LOS objects, 34% free, 30MB/46MB, paused 345us total 14.775ms
08-05 04:09:37.224 28464 28475 I art     : Starting a blocking GC Explicit
08-05 04:09:37.239 28464 28475 I art     : Explicit concurrent mark sweep GC freed 3(96B) AllocSpace objects, 0(0B) LOS objects, 34% free, 30MB/46MB, paused 304us total 14.652ms
08-05 04:09:37.245 28464 28475 I art     : Starting a blocking GC Explicit
08-05 04:09:37.260 28464 28475 I art     : Explicit concurrent mark sweep GC freed 3(96B) AllocSpace objects, 0(0B) LOS objects, 34% free, 30MB/46MB, paused 311us total 14.485ms
08-05 04:09:37.577 28464  2651 I art     : Starting a blocking GC Explicit
08-05 04:09:37.597 28464  2651 I art     : Explicit concurrent mark sweep GC freed 1386(80KB) AllocSpace objects, 1(20KB) LOS objects, 34% free, 30MB/46MB, paused 391us total 19.436ms
08-05 04:09:37.603 28464  2651 I art     : Starting a blocking GC Explicit
08-05 04:09:37.618 28464  2651 I art     : Explicit concurrent mark sweep GC freed 20(704B) AllocSpace objects, 0(0B) LOS objects, 34% free, 30MB/46MB, paused 353us total 14.381ms
08-05 04:09:37.624 28464  2651 I art     : Starting a blocking GC Explicit
08-05 04:09:37.638 28464  2651 I art     : Explicit concurrent mark sweep GC freed 3(96B) AllocSpace objects, 0(0B) LOS objects, 34% free, 30MB/46MB, paused 302us total 13.700ms
08-05 04:09:37.644 28464  2651 I art     : Starting a blocking GC Explicit
08-05 04:09:37.658 28464  2651 I art     : Explicit concurrent mark sweep GC freed 3(96B) AllocSpace objects, 0(0B) LOS objects, 34% free, 30MB/46MB, paused 309us total 14.641ms
08-05 04:09:37.665 28464  2651 I art     : Starting a blocking GC Explicit
08-05 04:09:37.679 28464  2651 I art     : Explicit concurrent mark sweep GC freed 3(96B) AllocSpace objects, 0(0B) LOS objects, 34% free, 30MB/46MB, paused 316us total 14.561ms
08-05 04:09:37.991 28464  2648 I art     : Starting a blocking GC Explicit
08-05 04:09:38.010 28464  2648 I art     : Explicit concurrent mark sweep GC freed 1386(80KB) AllocSpace objects, 1(20KB) LOS objects, 34% free, 30MB/46MB, paused 341us total 18.293ms
08-05 04:09:38.018 28464  2648 I art     : Starting a blocking GC Explicit
08-05 04:09:38.034 28464  2648 I art     : Explicit concurrent mark sweep GC freed 20(704B) AllocSpace objects, 0(0B) LOS objects, 34% free, 30MB/46MB, paused 319us total 15.232ms
08-05 04:09:38.040 28464  2648 I art     : Starting a blocking GC Explicit
08-05 04:09:38.055 28464  2648 I art     : Explicit concurrent mark sweep GC freed 3(96B) AllocSpace objects, 0(0B) LOS objects, 34% free, 30MB/46MB, paused 309us total 14.843ms
08-05 04:09:38.062 28464  2648 I art     : Starting a blocking GC Explicit
08-05 04:09:38.077 28464  2648 I art     : Explicit concurrent mark sweep GC freed 3(96B) AllocSpace objects, 0(0B) LOS objects, 34% free, 30MB/46MB, paused 417us total 14.787ms
08-05 04:09:38.083 28464  2648 I art     : Starting a blocking GC Explicit
08-05 04:09:38.098 28464  2648 I art     : Explicit concurrent mark sweep GC freed 3(96B) AllocSpace objects, 0(0B) LOS objects, 34% free, 30MB/46MB, paused 367us total 14.775ms
08-05 04:09:38.408 28464 28476 I art     : Starting a blocking GC Explicit
08-05 04:09:38.427 28464 28476 I art     : Explicit concurrent mark sweep GC freed 1386(80KB) AllocSpace objects, 1(20KB) LOS objects, 34% free, 30MB/46MB, paused 344us total 18.169ms
08-05 04:09:38.434 28464 28476 I art     : Starting a blocking GC Explicit
08-05 04:09:38.450 28464 28476 I art     : Explicit concurrent mark sweep GC freed 20(704B) AllocSpace objects, 0(0B) LOS objects, 34% free, 30MB/46MB, paused 341us total 15.707ms
08-05 04:09:38.456 28464 28476 I art     : Starting a blocking GC Explicit
08-05 04:09:38.471 28464 28476 I art     : Explicit concurrent mark sweep GC freed 3(96B) AllocSpace objects, 0(0B) LOS objects, 34% free, 30MB/46MB, paused 310us total 14.902ms
08-05 04:09:38.477 28464 28476 I art     : Starting a blocking GC Explicit
08-05 04:09:38.492 28464 28476 I art     : Explicit concurrent mark sweep GC freed 3(96B) AllocSpace objects, 0(0B) LOS objects, 34% free, 30MB/46MB, paused 312us total 14.722ms
08-05 04:09:38.499 28464 28476 I art     : Starting a blocking GC Explicit
08-05 04:09:38.514 28464 28476 I art     : Explicit concurrent mark sweep GC freed 3(96B) AllocSpace objects, 0(0B) LOS objects, 34% free, 30MB/46MB, paused 297us total 14.889ms
08-05 04:09:38.806 28464 28475 I art     : Starting a blocking GC Explicit
08-05 04:09:38.822 28464 28475 I art     : Explicit concurrent mark sweep GC freed 1386(80KB) AllocSpace objects, 1(20KB) LOS objects, 34% free, 30MB/46MB, paused 330us total 15.493ms
08-05 04:09:38.829 28464 28475 I art     : Starting a blocking GC Explicit
08-05 04:09:38.844 28464 28475 I art     : Explicit concurrent mark sweep GC freed 20(704B) AllocSpace objects, 0(0B) LOS objects, 34% free, 30MB/46MB, paused 321us total 14.954ms
08-05 04:09:38.851 28464 28475 I art     : Starting a blocking GC Explicit
08-05 04:09:38.865 28464 28475 I art     : Explicit concurrent mark sweep GC freed 3(96B) AllocSpace objects, 0(0B) LOS objects, 34% free, 30MB/46MB, paused 330us total 14.120ms
08-05 04:09:38.871 28464 28475 I art     : Starting a blocking GC Explicit
08-05 04:09:38.886 28464 28475 I art     : Explicit concurrent mark sweep GC freed 3(96B) AllocSpace objects, 0(0B) LOS objects, 34% free, 30MB/46MB, paused 319us total 14.070ms
08-05 04:09:38.892 28464 28475 I art     : Starting a blocking GC Explicit
08-05 04:09:38.906 28464 28475 I art     : Explicit concurrent mark sweep GC freed 3(96B) AllocSpace objects, 0(0B) LOS objects, 34% free, 30MB/46MB, paused 305us total 13.847ms
08-05 04:09:39.043  2915  2915 D AndroidRuntime: >>>>>> START com.android.internal.os.RuntimeInit uid 2000 <<<<<<
08-05 04:09:39.047  2915  2915 D AndroidRuntime: CheckJNI is OFF
08-05 04:09:39.072  2915  2915 D ICU     : No timezone override file found: /data/misc/zoneinfo/current/icu/icu_tzdata.dat
08-05 04:09:39.098  2915  2915 I Radio-JNI: register_android_hardware_Radio DONE
08-05 04:09:39.113  2915  2915 D AndroidRuntime: Calling main entry com.android.commands.input.Input
08-05 04:09:39.115  2915  2915 I Input   : injectMotionEvent: MotionEvent { action=ACTION_DOWN, actionButton=0, id[0]=0, x[0]=436.0, y[0]=453.0, toolType[0]=TOOL_TYPE_UNKNOWN, buttonState=0, metaState=0, flags=0x0, edgeFlags=0x0, pointerCount=1, historySize=0, eventTime=763795528, downTime=763795528, deviceId=0, source=0x1002 }
08-05 04:09:39.120  2915  2915 I Input   : injectMotionEvent: MotionEvent { action=ACTION_UP, actionButton=0, id[0]=0, x[0]=436.0, y[0]=453.0, toolType[0]=TOOL_TYPE_UNKNOWN, buttonState=0, metaState=0, flags=0x0, edgeFlags=0x0, pointerCount=1, historySize=0, eventTime=763795528, downTime=763795528, deviceId=0, source=0x1002 }
08-05 04:09:39.123  2915  2915 D AndroidRuntime: Shutting down VM
08-05 04:09:39.139   918  3696 I ActivityManager: START u0 {cmp=baseline.com.newsblur/.activity.GlobalSharedStoriesReading (has extras)} from uid 10676 on display 0
08-05 04:09:39.139   512  2967 D audio_hw_primary: out_set_parameters: enter: usecase(1: low-latency-playback) kvpairs: routing=2
08-05 04:09:39.152   512  2967 D audio_hw_primary: select_devices: out_snd_device(2: speaker) in_snd_device(0: none)
08-05 04:09:39.152   512  2967 D msm8974_platform: platform_send_audio_calibration: sending audio calibration for snd_device(2) acdb_id(15)
08-05 04:09:39.152   512  2967 I soundtrigger: audio_extn_sound_trigger_update_device_status: device 0x2 of type 0 for Event 1
08-05 04:09:39.161   512  2967 D audio_hw_primary: enable_snd_device: snd_device(2: speaker)
08-05 04:09:39.163   512  2967 D audio_hw_primary: enable_audio_route: apply and update mixer path: low-latency-playback speaker
08-05 04:09:39.173 28464  2651 I art     : Starting a blocking GC Explicit
08-05 04:09:39.189 28464  2651 I art     : Explicit concurrent mark sweep GC freed 2817(230KB) AllocSpace objects, 4(172KB) LOS objects, 33% free, 31MB/47MB, paused 755us total 16.110ms
08-05 04:09:39.196 28464  2651 I art     : Starting a blocking GC Explicit
08-05 04:09:39.211 28464  2651 I art     : Explicit concurrent mark sweep GC freed 491(49KB) AllocSpace objects, 1(356KB) LOS objects, 33% free, 32MB/48MB, paused 376us total 15.156ms
08-05 04:09:39.218 28464  2651 I art     : Starting a blocking GC Explicit
08-05 04:09:39.233 28464  2651 I art     : Explicit concurrent mark sweep GC freed 94(4KB) AllocSpace objects, 0(0B) LOS objects, 33% free, 32MB/48MB, paused 354us total 14.816ms
08-05 04:09:39.239 28464  2651 I art     : Starting a blocking GC Explicit
08-05 04:09:39.255 28464  2651 I art     : Explicit concurrent mark sweep GC freed 153(26KB) AllocSpace objects, 1(20KB) LOS objects, 33% free, 32MB/48MB, paused 377us total 15.714ms
08-05 04:09:39.261 28464  2651 I art     : Starting a blocking GC Explicit
08-05 04:09:39.276 28464  2651 I art     : Explicit concurrent mark sweep GC freed 32(1184B) AllocSpace objects, 0(0B) LOS objects, 33% free, 32MB/48MB, paused 326us total 14.274ms
08-05 04:09:39.278   918  3261 D WifiStateMachine: starting scan for "H369AA63323"WPA_PSK with 2412,5180
08-05 04:09:39.342 13866 13866 I GoogleInputMethodServic: GoogleInputMethodService.onFinishInput():3138 
08-05 04:09:39.343   918   936 I ActivityManager: Displayed baseline.com.newsblur/.activity.GlobalSharedStoriesReading: +197ms
08-05 04:09:39.345 13866 13866 I GoogleInputMethodServic: GoogleInputMethodService.onStartInput():1808 
08-05 04:09:39.354 28464 28464 I WebViewFactory: Loading com.google.android.webview version 84.0.4147.89 (code 414708953)
08-05 04:09:39.424 28464 28464 I cr_LibraryLoader: Loaded native library version number "84.0.4147.89"
08-05 04:09:39.424 28464 28464 I cr_CachingUmaRecorder: Flushed 5 samples from 5 histograms.
08-05 04:09:39.452 28464 28464 E chromium: [ERROR:filesystem_posix.cc(62)] mkdir /data/user/0/baseline.com.newsblur/cache/WebView/Crashpad: No such file or directory (2)
08-05 04:09:39.525 28464 28475 I art     : Starting a blocking GC Explicit
08-05 04:09:39.534   918  3670 D ConnectivityService: listenForNetwork for Listen from uid/pid:10676/28464 for NetworkRequest [ id=3156, legacyType=-1, [ Capabilities: INTERNET&NOT_RESTRICTED&TRUSTED] ]
08-05 04:09:39.548 28464 28475 I art     : Explicit concurrent mark sweep GC freed 8236(844KB) AllocSpace objects, 5(100KB) LOS objects, 31% free, 35MB/51MB, paused 693us total 22.679ms
08-05 04:09:39.554 28464 28475 I art     : Starting a blocking GC Explicit
08-05 04:09:39.575 28464 28475 I art     : Explicit concurrent mark sweep GC freed 1359(124KB) AllocSpace objects, 1(20KB) LOS objects, 31% free, 35MB/51MB, paused 858us total 20.110ms
08-05 04:09:39.583 28464 28475 I art     : Starting a blocking GC Explicit
08-05 04:09:39.603 28464 28475 I art     : Explicit concurrent mark sweep GC freed 1254(77KB) AllocSpace objects, 1(20KB) LOS objects, 30% free, 36MB/52MB, paused 964us total 19.948ms
08-05 04:09:39.611 28464 28475 I art     : Starting a blocking GC Explicit
08-05 04:09:39.630 28464 28475 I art     : Explicit concurrent mark sweep GC freed 841(39KB) AllocSpace objects, 0(0B) LOS objects, 30% free, 36MB/52MB, paused 909us total 19.034ms
08-05 04:09:39.639 28464 28475 I art     : Starting a blocking GC Explicit
08-05 04:09:39.647 28464  2986 W cr_media: Requires BLUETOOTH permission
08-05 04:09:39.655 28464  3000 E libEGL  : validate_display:255 error 3008 (EGL_BAD_DISPLAY)
08-05 04:09:39.672 28464 28475 I art     : Explicit concurrent mark sweep GC freed 4628(259KB) AllocSpace objects, 7(168KB) LOS objects, 30% free, 36MB/52MB, paused 1.605ms total 32.674ms
08-05 04:09:39.709   512  2967 D audio_hw_primary: disable_audio_route: reset and update mixer path: low-latency-playback speaker
08-05 04:09:39.711   512  2967 D audio_hw_primary: disable_snd_device: snd_device(2: speaker)
08-05 04:09:39.722   512  2967 I soundtrigger: audio_extn_sound_trigger_update_device_status: device 0x2 of type 0 for Event 0
08-05 04:09:39.931 28464  2651 I art     : Starting a blocking GC Explicit
08-05 04:09:39.953 28464  2651 I art     : Explicit concurrent mark sweep GC freed 16315(955KB) AllocSpace objects, 12(264KB) LOS objects, 30% free, 36MB/52MB, paused 649us total 21.089ms
08-05 04:09:39.960 28464  2651 I art     : Starting a blocking GC Explicit
08-05 04:09:39.980 28464  2651 I art     : Explicit concurrent mark sweep GC freed 1071(46KB) AllocSpace objects, 1(28KB) LOS objects, 30% free, 36MB/52MB, paused 594us total 19.349ms
08-05 04:09:39.987 28464  2651 I art     : Starting a blocking GC Explicit
08-05 04:09:40.007 28464  2651 I art     : Explicit concurrent mark sweep GC freed 3(96B) AllocSpace objects, 0(0B) LOS objects, 30% free, 36MB/52MB, paused 803us total 20ms
08-05 04:09:40.014 28464  2651 I art     : Starting a blocking GC Explicit
08-05 04:09:40.033 28464  2651 I art     : Explicit concurrent mark sweep GC freed 3(96B) AllocSpace objects, 0(0B) LOS objects, 30% free, 36MB/52MB, paused 601us total 18.647ms
08-05 04:09:40.040 28464  2651 I art     : Starting a blocking GC Explicit
08-05 04:09:40.060 28464  2651 I art     : Explicit concurrent mark sweep GC freed 3(96B) AllocSpace objects, 0(0B) LOS objects, 30% free, 36MB/52MB, paused 549us total 20.130ms
08-05 04:09:40.258 28464  3009 E baseline.com.newsblur.network.APIResponse: Error (unexpected end of stream on https://www.newsblur.com/...) calling https://www.newsblur.com/reader/mark_story_hashes_as_read/
08-05 04:09:40.258 28464  3009 E baseline.com.newsblur.network.APIResponse: java.io.IOException: unexpected end of stream on https://www.newsblur.com/...
08-05 04:09:40.258 28464  3009 E baseline.com.newsblur.network.APIResponse: 	at okhttp3.internal.http1.Http1ExchangeCodec.readResponseHeaders(Http1ExchangeCodec.java:236)
08-05 04:09:40.258 28464  3009 E baseline.com.newsblur.network.APIResponse: 	at okhttp3.internal.connection.Exchange.readResponseHeaders(Exchange.java:115)
08-05 04:09:40.258 28464  3009 E baseline.com.newsblur.network.APIResponse: 	at okhttp3.internal.http.CallServerInterceptor.intercept(CallServerInterceptor.java:94)
08-05 04:09:40.258 28464  3009 E baseline.com.newsblur.network.APIResponse: 	at okhttp3.internal.http.RealInterceptorChain.proceed(RealInterceptorChain.java:142)
08-05 04:09:40.258 28464  3009 E baseline.com.newsblur.network.APIResponse: 	at okhttp3.internal.connection.ConnectInterceptor.intercept(ConnectInterceptor.java:43)
08-05 04:09:40.258 28464  3009 E baseline.com.newsblur.network.APIResponse: 	at okhttp3.internal.http.RealInterceptorChain.proceed(RealInterceptorChain.java:142)
08-05 04:09:40.258 28464  3009 E baseline.com.newsblur.network.APIResponse: 	at okhttp3.internal.http.RealInterceptorChain.proceed(RealInterceptorChain.java:117)
08-05 04:09:40.258 28464  3009 E baseline.com.newsblur.network.APIResponse: 	at okhttp3.internal.cache.CacheInterceptor.intercept(CacheInterceptor.java:94)
08-05 04:09:40.258 28464  3009 E baseline.com.newsblur.network.APIResponse: 	at okhttp3.internal.http.RealInterceptorChain.proceed(RealInterceptorChain.java:142)
08-05 04:09:40.258 28464  3009 E baseline.com.newsblur.network.APIResponse: 	at okhttp3.internal.http.RealInterceptorChain.proceed(RealInterceptorChain.java:117)
08-05 04:09:40.258 28464  3009 E baseline.com.newsblur.network.APIResponse: 	at okhttp3.internal.http.BridgeInterceptor.intercept(BridgeInterceptor.java:93)
08-05 04:09:40.258 28464  3009 E baseline.com.newsblur.network.APIResponse: 	at okhttp3.internal.http.RealInterceptorChain.proceed(RealInterceptorChain.java:142)
08-05 04:09:40.258 28464  3009 E baseline.com.newsblur.network.APIResponse: 	at okhttp3.internal.http.RetryAndFollowUpInterceptor.intercept(RetryAndFollowUpInterceptor.java:88)
08-05 04:09:40.258 28464  3009 E baseline.com.newsblur.network.APIResponse: 	at okhttp3.internal.http.RealInterceptorChain.proceed(RealInterceptorChain.java:142)
08-05 04:09:40.258 28464  3009 E baseline.com.newsblur.network.APIResponse: 	at okhttp3.internal.http.RealInterceptorChain.proceed(RealInterceptorChain.java:117)
08-05 04:09:40.258 28464  3009 E baseline.com.newsblur.network.APIResponse: 	at okhttp3.RealCall.getResponseWithInterceptorChain(RealCall.java:229)
08-05 04:09:40.258 28464  3009 E baseline.com.newsblur.network.APIResponse: 	at okhttp3.RealCall.execute(RealCall.java:81)
08-05 04:09:40.258 28464  3009 E baseline.com.newsblur.network.APIResponse: 	at baseline.com.newsblur.network.APIResponse.<init>(APIResponse.java:57)
08-05 04:09:40.258 28464  3009 E baseline.com.newsblur.network.APIResponse: 	at baseline.com.newsblur.network.APIResponse.<init>(APIResponse.java:43)
08-05 04:09:40.258 28464  3009 E baseline.com.newsblur.network.APIResponse: 	at baseline.com.newsblur.network.APIManager.post_single(APIManager.java:702)
08-05 04:09:40.258 28464  3009 E baseline.com.newsblur.network.APIResponse: 	at baseline.com.newsblur.network.APIManager.post(APIManager.java:675)
08-05 04:09:40.258 28464  3009 E baseline.com.newsblur.network.APIResponse: 	at baseline.com.newsblur.network.APIManager.post(APIManager.java:714)
08-05 04:09:40.258 28464  3009 E baseline.com.newsblur.network.APIResponse: 	at baseline.com.newsblur.network.APIManager.markStoryAsRead(APIManager.java:205)
08-05 04:09:40.258 28464  3009 E baseline.com.newsblur.network.APIResponse: 	at baseline.com.newsblur.util.ReadingAction.doRemote(ReadingAction.java:281)
08-05 04:09:40.258 28464  3009 E baseline.com.newsblur.network.APIResponse: 	at baseline.com.newsblur.service.NBSyncService.syncActions(NBSyncService.java:400)
08-05 04:09:40.258 28464  3009 E baseline.com.newsblur.network.APIResponse: 	at baseline.com.newsblur.service.NBSyncService.doSync(NBSyncService.java:298)
08-05 04:09:40.258 28464  3009 E baseline.com.newsblur.network.APIResponse: 	at baseline.com.newsblur.service.NBSyncService.access$100(NBSyncService.java:67)
08-05 04:09:40.258 28464  3009 E baseline.com.newsblur.network.APIResponse: 	at baseline.com.newsblur.service.NBSyncService$1.run(NBSyncService.java:188)
08-05 04:09:40.258 28464  3009 E baseline.com.newsblur.network.APIResponse: 	at java.util.concurrent.ThreadPoolExecutor.runWorker(ThreadPoolExecutor.java:1113)
08-05 04:09:40.258 28464  3009 E baseline.com.newsblur.network.APIResponse: 	at java.util.concurrent.ThreadPoolExecutor$Worker.run(ThreadPoolExecutor.java:588)
08-05 04:09:40.258 28464  3009 E baseline.com.newsblur.network.APIResponse: 	at java.lang.Thread.run(Thread.java:818)
08-05 04:09:40.258 28464  3009 E baseline.com.newsblur.network.APIResponse: Caused by: java.io.EOFException: \n not found: limit=0 content=
08-05 04:09:40.258 28464  3009 E baseline.com.newsblur.network.APIResponse: 	at okio.RealBufferedSource.readUtf8LineStrict(RealBufferedSource.java:240)
08-05 04:09:40.258 28464  3009 E baseline.com.newsblur.network.APIResponse: 	at okhttp3.internal.http1.Http1ExchangeCodec.readHeaderLine(Http1ExchangeCodec.java:242)
08-05 04:09:40.258 28464  3009 E baseline.com.newsblur.network.APIResponse: 	at okhttp3.internal.http1.Http1ExchangeCodec.readResponseHeaders(Http1ExchangeCodec.java:213)
08-05 04:09:40.258 28464  3009 E baseline.com.newsblur.network.APIResponse: 	... 30 more
08-05 04:09:40.260 28464  3009 I baseline.com.newsblur.network.APIManager: API call failed, pausing before retry number 1
08-05 04:09:40.361 28464  2648 I art     : Starting a blocking GC Explicit
08-05 04:09:40.391 28464  2648 I art     : Explicit concurrent mark sweep GC freed 8607(599KB) AllocSpace objects, 6(260KB) LOS objects, 30% free, 36MB/52MB, paused 963us total 30.078ms
08-05 04:09:40.401 28464  2648 I art     : Starting a blocking GC Explicit
08-05 04:09:40.426 28464  2648 I art     : Explicit concurrent mark sweep GC freed 1176(124KB) AllocSpace objects, 0(0B) LOS objects, 30% free, 36MB/52MB, paused 576us total 24.769ms
08-05 04:09:40.433 28464  2648 I art     : Starting a blocking GC Explicit
08-05 04:09:40.455 28464  2648 I art     : Explicit concurrent mark sweep GC freed 3(96B) AllocSpace objects, 0(0B) LOS objects, 30% free, 36MB/52MB, paused 786us total 22.218ms
08-05 04:09:40.464 28464  2648 I art     : Starting a blocking GC Explicit
08-05 04:09:40.485 28464  2648 I art     : Explicit concurrent mark sweep GC freed 3(96B) AllocSpace objects, 0(0B) LOS objects, 30% free, 36MB/52MB, paused 587us total 21.409ms
08-05 04:09:40.494 28464  2648 I art     : Starting a blocking GC Explicit
08-05 04:09:40.516 28464  2648 I art     : Explicit concurrent mark sweep GC freed 3(96B) AllocSpace objects, 0(0B) LOS objects, 30% free, 36MB/52MB, paused 600us total 21.514ms
08-05 04:09:40.837 28464  2651 I art     : Starting a blocking GC Explicit
08-05 04:09:40.865 28464  2651 I art     : Explicit concurrent mark sweep GC freed 1453(83KB) AllocSpace objects, 1(20KB) LOS objects, 30% free, 36MB/52MB, paused 604us total 27.575ms
08-05 04:09:40.874 28464  2651 I art     : Starting a blocking GC Explicit
08-05 04:09:40.901 28464  2651 I art     : Explicit concurrent mark sweep GC freed 31(1072B) AllocSpace objects, 0(0B) LOS objects, 30% free, 36MB/52MB, paused 735us total 26.637ms
08-05 04:09:40.912 28464  2651 I art     : Starting a blocking GC Explicit
08-05 04:09:40.939 28464  2651 I art     : Explicit concurrent mark sweep GC freed 10(320B) AllocSpace objects, 0(0B) LOS objects, 30% free, 36MB/52MB, paused 654us total 26.359ms
08-05 04:09:40.949 28464  2651 I art     : Starting a blocking GC Explicit
08-05 04:09:40.972 28464  2651 I art     : Explicit concurrent mark sweep GC freed 12(384B) AllocSpace objects, 0(0B) LOS objects, 30% free, 36MB/52MB, paused 846us total 22.859ms
08-05 04:09:40.982 28464  2651 I art     : Starting a blocking GC Explicit
08-05 04:09:41.010 28464  2651 I art     : Explicit concurrent mark sweep GC freed 11(352B) AllocSpace objects, 0(0B) LOS objects, 30% free, 36MB/52MB, paused 936us total 27.535ms
08-05 04:09:41.359 28464  2651 I art     : Starting a blocking GC Explicit
08-05 04:09:41.385 28464  2651 I art     : Explicit concurrent mark sweep GC freed 1454(83KB) AllocSpace objects, 1(20KB) LOS objects, 30% free, 36MB/52MB, paused 624us total 25.999ms
08-05 04:09:41.396 28464  2651 I art     : Starting a blocking GC Explicit
08-05 04:09:41.422 28464  2651 I art     : Explicit concurrent mark sweep GC freed 22(784B) AllocSpace objects, 0(0B) LOS objects, 30% free, 36MB/52MB, paused 713us total 26.241ms
08-05 04:09:41.432 28464  2651 I art     : Starting a blocking GC Explicit
08-05 04:09:41.454 28464  2651 I art     : Explicit concurrent mark sweep GC freed 3(96B) AllocSpace objects, 0(0B) LOS objects, 30% free, 36MB/52MB, paused 660us total 21.884ms
08-05 04:09:41.462 28464  2651 I art     : Starting a blocking GC Explicit
08-05 04:09:41.484 28464  2651 I art     : Explicit concurrent mark sweep GC freed 3(96B) AllocSpace objects, 0(0B) LOS objects, 30% free, 36MB/52MB, paused 642us total 21.755ms
08-05 04:09:41.492 28464  2651 I art     : Starting a blocking GC Explicit
08-05 04:09:41.513 28464  2651 I art     : Explicit concurrent mark sweep GC freed 3(96B) AllocSpace objects, 0(0B) LOS objects, 30% free, 36MB/52MB, paused 652us total 21.007ms
08-05 04:09:41.859 28464 28475 I art     : Starting a blocking GC Explicit
08-05 04:09:41.885 28464 28475 I art     : Explicit concurrent mark sweep GC freed 1584(88KB) AllocSpace objects, 1(20KB) LOS objects, 30% free, 36MB/52MB, paused 730us total 26.159ms
08-05 04:09:41.896 28464 28475 I art     : Starting a blocking GC Explicit
08-05 04:09:41.923 28464 28475 I art     : Explicit concurrent mark sweep GC freed 51(3KB) AllocSpace objects, 0(0B) LOS objects, 30% free, 36MB/52MB, paused 728us total 27.173ms
08-05 04:09:41.932 28464 28475 I art     : Starting a blocking GC Explicit
08-05 04:09:41.957 28464 28475 I art     : Explicit concurrent mark sweep GC freed 3(96B) AllocSpace objects, 0(0B) LOS objects, 30% free, 36MB/52MB, paused 629us total 24.187ms
08-05 04:09:41.964 28464 28475 I art     : Starting a blocking GC Explicit
08-05 04:09:41.985 28464 28475 I art     : Explicit concurrent mark sweep GC freed 3(96B) AllocSpace objects, 0(0B) LOS objects, 30% free, 36MB/52MB, paused 658us total 21.572ms
08-05 04:09:41.995 28464 28475 I art     : Starting a blocking GC Explicit
08-05 04:09:42.017 28464 28475 I art     : Explicit concurrent mark sweep GC freed 3(96B) AllocSpace objects, 0(0B) LOS objects, 30% free, 36MB/52MB, paused 848us total 21.890ms
08-05 04:09:42.361 28464  2648 I art     : Starting a blocking GC Explicit
08-05 04:09:42.389 28464  2648 I art     : Explicit concurrent mark sweep GC freed 1440(83KB) AllocSpace objects, 1(20KB) LOS objects, 30% free, 36MB/52MB, paused 711us total 27.184ms
08-05 04:09:42.398 28464  2648 I art     : Starting a blocking GC Explicit
08-05 04:09:42.428 28464  2648 I art     : Explicit concurrent mark sweep GC freed 22(784B) AllocSpace objects, 0(0B) LOS objects, 30% free, 36MB/52MB, paused 1.080ms total 28.794ms
08-05 04:09:42.435 28464  2648 I art     : Starting a blocking GC Explicit
08-05 04:09:42.459 28464  2648 I art     : Explicit concurrent mark sweep GC freed 3(96B) AllocSpace objects, 0(0B) LOS objects, 30% free, 36MB/52MB, paused 607us total 23.826ms
08-05 04:09:42.466 28464  2648 I art     : Starting a blocking GC Explicit
08-05 04:09:42.489 28464  2648 I art     : Explicit concurrent mark sweep GC freed 333(14KB) AllocSpace objects, 0(0B) LOS objects, 30% free, 36MB/52MB, paused 771us total 22.563ms
08-05 04:09:42.497 28464  2648 I art     : Starting a blocking GC Explicit
08-05 04:09:42.519 28464  2648 I art     : Explicit concurrent mark sweep GC freed 1369(51KB) AllocSpace objects, 0(0B) LOS objects, 30% free, 36MB/52MB, paused 807us total 21.848ms
08-05 04:09:42.549 28464  3009 E baseline.com.newsblur.network.APIResponse: Error (unexpected end of stream on https://www.newsblur.com/...) calling https://www.newsblur.com/reader/mark_story_hashes_as_read/
08-05 04:09:42.549 28464  3009 E baseline.com.newsblur.network.APIResponse: java.io.IOException: unexpected end of stream on https://www.newsblur.com/...
08-05 04:09:42.549 28464  3009 E baseline.com.newsblur.network.APIResponse: 	at okhttp3.internal.http1.Http1ExchangeCodec.readResponseHeaders(Http1ExchangeCodec.java:236)
08-05 04:09:42.549 28464  3009 E baseline.com.newsblur.network.APIResponse: 	at okhttp3.internal.connection.Exchange.readResponseHeaders(Exchange.java:115)
08-05 04:09:42.549 28464  3009 E baseline.com.newsblur.network.APIResponse: 	at okhttp3.internal.http.CallServerInterceptor.intercept(CallServerInterceptor.java:94)
08-05 04:09:42.549 28464  3009 E baseline.com.newsblur.network.APIResponse: 	at okhttp3.internal.http.RealInterceptorChain.proceed(RealInterceptorChain.java:142)
08-05 04:09:42.549 28464  3009 E baseline.com.newsblur.network.APIResponse: 	at okhttp3.internal.connection.ConnectInterceptor.intercept(ConnectInterceptor.java:43)
08-05 04:09:42.549 28464  3009 E baseline.com.newsblur.network.APIResponse: 	at okhttp3.internal.http.RealInterceptorChain.proceed(RealInterceptorChain.java:142)
08-05 04:09:42.549 28464  3009 E baseline.com.newsblur.network.APIResponse: 	at okhttp3.internal.http.RealInterceptorChain.proceed(RealInterceptorChain.java:117)
08-05 04:09:42.549 28464  3009 E baseline.com.newsblur.network.APIResponse: 	at okhttp3.internal.cache.CacheInterceptor.intercept(CacheInterceptor.java:94)
08-05 04:09:42.549 28464  3009 E baseline.com.newsblur.network.APIResponse: 	at okhttp3.internal.http.RealInterceptorChain.proceed(RealInterceptorChain.java:142)
08-05 04:09:42.549 28464  3009 E baseline.com.newsblur.network.APIResponse: 	at okhttp3.internal.http.RealInterceptorChain.proceed(RealInterceptorChain.java:117)
08-05 04:09:42.549 28464  3009 E baseline.com.newsblur.network.APIResponse: 	at okhttp3.internal.http.BridgeInterceptor.intercept(BridgeInterceptor.java:93)
08-05 04:09:42.549 28464  3009 E baseline.com.newsblur.network.APIResponse: 	at okhttp3.internal.http.RealInterceptorChain.proceed(RealInterceptorChain.java:142)
08-05 04:09:42.549 28464  3009 E baseline.com.newsblur.network.APIResponse: 	at okhttp3.internal.http.RetryAndFollowUpInterceptor.intercept(RetryAndFollowUpInterceptor.java:88)
08-05 04:09:42.549 28464  3009 E baseline.com.newsblur.network.APIResponse: 	at okhttp3.internal.http.RealInterceptorChain.proceed(RealInterceptorChain.java:142)
08-05 04:09:42.549 28464  3009 E baseline.com.newsblur.network.APIResponse: 	at okhttp3.internal.http.RealInterceptorChain.proceed(RealInterceptorChain.java:117)
08-05 04:09:42.549 28464  3009 E baseline.com.newsblur.network.APIResponse: 	at okhttp3.RealCall.getResponseWithInterceptorChain(RealCall.java:229)
08-05 04:09:42.549 28464  3009 E baseline.com.newsblur.network.APIResponse: 	at okhttp3.RealCall.execute(RealCall.java:81)
08-05 04:09:42.549 28464  3009 E baseline.com.newsblur.network.APIResponse: 	at baseline.com.newsblur.network.APIResponse.<init>(APIResponse.java:57)
08-05 04:09:42.549 28464  3009 E baseline.com.newsblur.network.APIResponse: 	at baseline.com.newsblur.network.APIResponse.<init>(APIResponse.java:43)
08-05 04:09:42.549 28464  3009 E baseline.com.newsblur.network.APIResponse: 	at baseline.com.newsblur.network.APIManager.post_single(APIManager.java:702)
08-05 04:09:42.549 28464  3009 E baseline.com.newsblur.network.APIResponse: 	at baseline.com.newsblur.network.APIManager.post(APIManager.java:675)
08-05 04:09:42.549 28464  3009 E baseline.com.newsblur.network.APIResponse: 	at baseline.com.newsblur.network.APIManager.post(APIManager.java:714)
08-05 04:09:42.549 28464  3009 E baseline.com.newsblur.network.APIResponse: 	at baseline.com.newsblur.network.APIManager.markStoryAsRead(APIManager.java:205)
08-05 04:09:42.549 28464  3009 E baseline.com.newsblur.network.APIResponse: 	at baseline.com.newsblur.util.ReadingAction.doRemote(ReadingAction.java:281)
08-05 04:09:42.549 28464  3009 E baseline.com.newsblur.network.APIResponse: 	at baseline.com.newsblur.service.NBSyncService.syncActions(NBSyncService.java:400)
08-05 04:09:42.549 28464  3009 E baseline.com.newsblur.network.APIResponse: 	at baseline.com.newsblur.service.NBSyncService.doSync(NBSyncService.java:298)
08-05 04:09:42.549 28464  3009 E baseline.com.newsblur.network.APIResponse: 	at baseline.com.newsblur.service.NBSyncService.access$100(NBSyncService.java:67)
08-05 04:09:42.549 28464  3009 E baseline.com.newsblur.network.APIResponse: 	at baseline.com.newsblur.service.NBSyncService$1.run(NBSyncService.java:188)
08-05 04:09:42.549 28464  3009 E baseline.com.newsblur.network.APIResponse: 	at java.util.concurrent.ThreadPoolExecutor.runWorker(ThreadPoolExecutor.java:1113)
08-05 04:09:42.549 28464  3009 E baseline.com.newsblur.network.APIResponse: 	at java.util.concurrent.ThreadPoolExecutor$Worker.run(ThreadPoolExecutor.java:588)
08-05 04:09:42.549 28464  3009 E baseline.com.newsblur.network.APIResponse: 	at java.lang.Thread.run(Thread.java:818)
08-05 04:09:42.549 28464  3009 E baseline.com.newsblur.network.APIResponse: Caused by: java.io.EOFException: \n not found: limit=0 content=
08-05 04:09:42.549 28464  3009 E baseline.com.newsblur.network.APIResponse: 	at okio.RealBufferedSource.readUtf8LineStrict(RealBufferedSource.java:240)
08-05 04:09:42.549 28464  3009 E baseline.com.newsblur.network.APIResponse: 	at okhttp3.internal.http1.Http1ExchangeCodec.readHeaderLine(Http1ExchangeCodec.java:242)
08-05 04:09:42.549 28464  3009 E baseline.com.newsblur.network.APIResponse: 	at okhttp3.internal.http1.Http1ExchangeCodec.readResponseHeaders(Http1ExchangeCodec.java:213)
08-05 04:09:42.549 28464  3009 E baseline.com.newsblur.network.APIResponse: 	... 30 more
08-05 04:09:42.550 28464  3009 I baseline.com.newsblur.network.APIManager: API call failed, pausing before retry number 2
08-05 04:09:42.835 28464 28476 I art     : Starting a blocking GC Explicit
08-05 04:09:42.863 28464 28476 I art     : Explicit concurrent mark sweep GC freed 2294(292KB) AllocSpace objects, 3(60KB) LOS objects, 30% free, 36MB/52MB, paused 596us total 28.093ms
08-05 04:09:42.872 28464 28476 I art     : Starting a blocking GC Explicit
08-05 04:09:42.895 28464 28476 I art     : Explicit concurrent mark sweep GC freed 66(2480B) AllocSpace objects, 0(0B) LOS objects, 30% free, 36MB/52MB, paused 550us total 23.531ms
08-05 04:09:42.903 28464 28476 I art     : Starting a blocking GC Explicit
08-05 04:09:42.931 28464 28476 I art     : Explicit concurrent mark sweep GC freed 3(96B) AllocSpace objects, 0(0B) LOS objects, 30% free, 36MB/52MB, paused 582us total 27.559ms
08-05 04:09:42.940 28464 28476 I art     : Starting a blocking GC Explicit
08-05 04:09:42.962 28464 28476 I art     : Explicit concurrent mark sweep GC freed 3(96B) AllocSpace objects, 0(0B) LOS objects, 30% free, 36MB/52MB, paused 527us total 21.689ms
08-05 04:09:42.969 28464 28476 I art     : Starting a blocking GC Explicit
08-05 04:09:42.993 28464 28476 I art     : Explicit concurrent mark sweep GC freed 3(96B) AllocSpace objects, 0(0B) LOS objects, 30% free, 36MB/52MB, paused 915us total 23.127ms
08-05 04:09:43.326 28464 28475 I art     : Starting a blocking GC Explicit
08-05 04:09:43.352 28464 28475 I art     : Explicit concurrent mark sweep GC freed 1440(83KB) AllocSpace objects, 1(20KB) LOS objects, 30% free, 36MB/52MB, paused 667us total 26.367ms
08-05 04:09:43.363 28464 28475 I art     : Starting a blocking GC Explicit
08-05 04:09:43.389 28464 28475 I art     : Explicit concurrent mark sweep GC freed 22(784B) AllocSpace objects, 0(0B) LOS objects, 30% free, 36MB/52MB, paused 682us total 25.898ms
08-05 04:09:43.399 28464 28475 I art     : Starting a blocking GC Explicit
08-05 04:09:43.422 28464 28475 I art     : Explicit concurrent mark sweep GC freed 3(96B) AllocSpace objects, 0(0B) LOS objects, 30% free, 36MB/52MB, paused 792us total 22.104ms
08-05 04:09:43.424   518   646 I ThermalEngine: ACTION: GPU - Setting GPU[0] to 510000000
08-05 04:09:43.432 28464 28475 I art     : Starting a blocking GC Explicit
08-05 04:09:43.460 28464 28475 I art     : Explicit concurrent mark sweep GC freed 3(96B) AllocSpace objects, 0(0B) LOS objects, 30% free, 36MB/52MB, paused 800us total 27.298ms
08-05 04:09:43.469 28464 28475 I art     : Starting a blocking GC Explicit
08-05 04:09:43.496 28464 28475 I art     : Explicit concurrent mark sweep GC freed 3(96B) AllocSpace objects, 0(0B) LOS objects, 30% free, 36MB/52MB, paused 757us total 26.976ms
08-05 04:09:43.831 28464  2651 I art     : Starting a blocking GC Explicit
08-05 04:09:43.864 28464  2651 I art     : Explicit concurrent mark sweep GC freed 1438(82KB) AllocSpace objects, 1(20KB) LOS objects, 30% free, 36MB/52MB, paused 761us total 32.890ms
08-05 04:09:43.875 28464  2651 I art     : Starting a blocking GC Explicit
08-05 04:09:43.906 28464  2651 I art     : Explicit concurrent mark sweep GC freed 22(784B) AllocSpace objects, 0(0B) LOS objects, 30% free, 36MB/52MB, paused 850us total 30.380ms
08-05 04:09:43.918 28464  2651 I art     : Starting a blocking GC Explicit
08-05 04:09:43.952 28464  2651 I art     : Explicit concurrent mark sweep GC freed 3(96B) AllocSpace objects, 0(0B) LOS objects, 30% free, 36MB/52MB, paused 1.209ms total 34.365ms
08-05 04:09:43.964 28464  2651 I art     : Starting a blocking GC Explicit
08-05 04:09:43.992 28464  2651 I art     : Explicit concurrent mark sweep GC freed 3(96B) AllocSpace objects, 0(0B) LOS objects, 30% free, 36MB/52MB, paused 895us total 27.394ms
08-05 04:09:44.001 28464  2651 I art     : Starting a blocking GC Explicit
08-05 04:09:44.029 28464  2651 I art     : Explicit concurrent mark sweep GC freed 3(96B) AllocSpace objects, 0(0B) LOS objects, 30% free, 36MB/52MB, paused 864us total 27.736ms
08-05 04:09:44.363 28464  2648 I art     : Starting a blocking GC Explicit
08-05 04:09:44.396 28464  2648 I art     : Explicit concurrent mark sweep GC freed 1438(82KB) AllocSpace objects, 1(20KB) LOS objects, 30% free, 36MB/52MB, paused 978us total 33.318ms
08-05 04:09:44.406 28464  2648 I art     : Starting a blocking GC Explicit
08-05 04:09:44.437 28464  2648 I art     : Explicit concurrent mark sweep GC freed 22(784B) AllocSpace objects, 0(0B) LOS objects, 30% free, 36MB/52MB, paused 1.008ms total 30.633ms
08-05 04:09:44.449 28464  2648 I art     : Starting a blocking GC Explicit
08-05 04:09:44.482 28464  2648 I art     : Explicit concurrent mark sweep GC freed 3(96B) AllocSpace objects, 0(0B) LOS objects, 30% free, 36MB/52MB, paused 784us total 32.257ms
08-05 04:09:44.492 28464  2648 I art     : Starting a blocking GC Explicit
08-05 04:09:44.523 28464  2648 I art     : Explicit concurrent mark sweep GC freed 3(96B) AllocSpace objects, 0(0B) LOS objects, 30% free, 36MB/52MB, paused 938us total 30.046ms
08-05 04:09:44.535 28464  2648 I art     : Starting a blocking GC Explicit
08-05 04:09:44.566 28464  2648 I art     : Explicit concurrent mark sweep GC freed 3(96B) AllocSpace objects, 0(0B) LOS objects, 30% free, 36MB/52MB, paused 775us total 31.579ms
08-05 04:09:44.895 28464  2648 I art     : Starting a blocking GC Explicit
08-05 04:09:44.930 28464  2648 I art     : Explicit concurrent mark sweep GC freed 1438(82KB) AllocSpace objects, 1(20KB) LOS objects, 30% free, 36MB/52MB, paused 1.167ms total 34.103ms
08-05 04:09:44.940 28464  2648 I art     : Starting a blocking GC Explicit
08-05 04:09:44.970 28464  2648 I art     : Explicit concurrent mark sweep GC freed 22(784B) AllocSpace objects, 0(0B) LOS objects, 30% free, 36MB/52MB, paused 903us total 30.457ms
08-05 04:09:44.983 28464  2648 I art     : Starting a blocking GC Explicit
08-05 04:09:45.015 28464  2648 I art     : Explicit concurrent mark sweep GC freed 3(96B) AllocSpace objects, 0(0B) LOS objects, 30% free, 36MB/52MB, paused 765us total 31.851ms
08-05 04:09:45.025 28464  2648 I art     : Starting a blocking GC Explicit
08-05 04:09:45.056 28464  2648 I art     : Explicit concurrent mark sweep GC freed 3(96B) AllocSpace objects, 0(0B) LOS objects, 30% free, 36MB/52MB, paused 915us total 30.022ms
08-05 04:09:45.068 28464  2648 I art     : Starting a blocking GC Explicit
08-05 04:09:45.101 28464  2648 I art     : Explicit concurrent mark sweep GC freed 3(96B) AllocSpace objects, 0(0B) LOS objects, 30% free, 36MB/52MB, paused 782us total 32.760ms
08-05 04:09:45.418 28464  2648 I art     : Starting a blocking GC Explicit
08-05 04:09:45.450 28464  2648 I art     : Explicit concurrent mark sweep GC freed 1438(82KB) AllocSpace objects, 1(20KB) LOS objects, 30% free, 36MB/52MB, paused 759us total 31.511ms
08-05 04:09:45.461 28464  2648 I art     : Starting a blocking GC Explicit
08-05 04:09:45.487 28464  2648 I art     : Explicit concurrent mark sweep GC freed 22(784B) AllocSpace objects, 0(0B) LOS objects, 30% free, 36MB/52MB, paused 962us total 25.908ms
08-05 04:09:45.498 28464  2648 I art     : Starting a blocking GC Explicit
08-05 04:09:45.524 28464  2648 I art     : Explicit concurrent mark sweep GC freed 3(96B) AllocSpace objects, 0(0B) LOS objects, 30% free, 36MB/52MB, paused 853us total 26.636ms
08-05 04:09:45.534 28464  2648 I art     : Starting a blocking GC Explicit
08-05 04:09:45.565 28464  2648 I art     : Explicit concurrent mark sweep GC freed 94(3KB) AllocSpace objects, 0(0B) LOS objects, 30% free, 36MB/52MB, paused 907us total 30.455ms
08-05 04:09:45.575 28464  2648 I art     : Starting a blocking GC Explicit
08-05 04:09:45.602 28464  2648 I art     : Explicit concurrent mark sweep GC freed 9(352B) AllocSpace objects, 0(0B) LOS objects, 30% free, 36MB/52MB, paused 796us total 27.078ms
08-05 04:09:45.935 28464  2651 I art     : Starting a blocking GC Explicit
08-05 04:09:45.968 28464  2651 I art     : Explicit concurrent mark sweep GC freed 1512(88KB) AllocSpace objects, 1(20KB) LOS objects, 30% free, 36MB/52MB, paused 830us total 32.885ms
08-05 04:09:45.979 28464  2651 I art     : Starting a blocking GC Explicit
08-05 04:09:46.011 28464  2651 I art     : Explicit concurrent mark sweep GC freed 22(784B) AllocSpace objects, 0(0B) LOS objects, 30% free, 36MB/52MB, paused 927us total 31.709ms
08-05 04:09:46.020 28464  2651 I art     : Starting a blocking GC Explicit
08-05 04:09:46.048 28464  2651 I art     : Explicit concurrent mark sweep GC freed 3(96B) AllocSpace objects, 0(0B) LOS objects, 30% free, 36MB/52MB, paused 1.222ms total 27.814ms
08-05 04:09:46.058 28464  2651 I art     : Starting a blocking GC Explicit
08-05 04:09:46.088 28464  2651 I art     : Explicit concurrent mark sweep GC freed 3(96B) AllocSpace objects, 0(0B) LOS objects, 30% free, 36MB/52MB, paused 866us total 29.676ms
08-05 04:09:46.100 28464  2651 I art     : Starting a blocking GC Explicit
08-05 04:09:46.128 28464  2651 I art     : Explicit concurrent mark sweep GC freed 3(96B) AllocSpace objects, 0(0B) LOS objects, 30% free, 36MB/52MB, paused 966us total 28.041ms
08-05 04:09:46.350 28464  3009 E baseline.com.newsblur.network.APIResponse: Error (unexpected end of stream on https://www.newsblur.com/...) calling https://www.newsblur.com/reader/mark_story_hashes_as_read/
08-05 04:09:46.350 28464  3009 E baseline.com.newsblur.network.APIResponse: java.io.IOException: unexpected end of stream on https://www.newsblur.com/...
08-05 04:09:46.350 28464  3009 E baseline.com.newsblur.network.APIResponse: 	at okhttp3.internal.http1.Http1ExchangeCodec.readResponseHeaders(Http1ExchangeCodec.java:236)
08-05 04:09:46.350 28464  3009 E baseline.com.newsblur.network.APIResponse: 	at okhttp3.internal.connection.Exchange.readResponseHeaders(Exchange.java:115)
08-05 04:09:46.350 28464  3009 E baseline.com.newsblur.network.APIResponse: 	at okhttp3.internal.http.CallServerInterceptor.intercept(CallServerInterceptor.java:94)
08-05 04:09:46.350 28464  3009 E baseline.com.newsblur.network.APIResponse: 	at okhttp3.internal.http.RealInterceptorChain.proceed(RealInterceptorChain.java:142)
08-05 04:09:46.350 28464  3009 E baseline.com.newsblur.network.APIResponse: 	at okhttp3.internal.connection.ConnectInterceptor.intercept(ConnectInterceptor.java:43)
08-05 04:09:46.350 28464  3009 E baseline.com.newsblur.network.APIResponse: 	at okhttp3.internal.http.RealInterceptorChain.proceed(RealInterceptorChain.java:142)
08-05 04:09:46.350 28464  3009 E baseline.com.newsblur.network.APIResponse: 	at okhttp3.internal.http.RealInterceptorChain.proceed(RealInterceptorChain.java:117)
08-05 04:09:46.350 28464  3009 E baseline.com.newsblur.network.APIResponse: 	at okhttp3.internal.cache.CacheInterceptor.intercept(CacheInterceptor.java:94)
08-05 04:09:46.350 28464  3009 E baseline.com.newsblur.network.APIResponse: 	at okhttp3.internal.http.RealInterceptorChain.proceed(RealInterceptorChain.java:142)
08-05 04:09:46.350 28464  3009 E baseline.com.newsblur.network.APIResponse: 	at okhttp3.internal.http.RealInterceptorChain.proceed(RealInterceptorChain.java:117)
08-05 04:09:46.350 28464  3009 E baseline.com.newsblur.network.APIResponse: 	at okhttp3.internal.http.BridgeInterceptor.intercept(BridgeInterceptor.java:93)
08-05 04:09:46.350 28464  3009 E baseline.com.newsblur.network.APIResponse: 	at okhttp3.internal.http.RealInterceptorChain.proceed(RealInterceptorChain.java:142)
08-05 04:09:46.350 28464  3009 E baseline.com.newsblur.network.APIResponse: 	at okhttp3.internal.http.RetryAndFollowUpInterceptor.intercept(RetryAndFollowUpInterceptor.java:88)
08-05 04:09:46.350 28464  3009 E baseline.com.newsblur.network.APIResponse: 	at okhttp3.internal.http.RealInterceptorChain.proceed(RealInterceptorChain.java:142)
08-05 04:09:46.350 28464  3009 E baseline.com.newsblur.network.APIResponse: 	at okhttp3.internal.http.RealInterceptorChain.proceed(RealInterceptorChain.java:117)
08-05 04:09:46.350 28464  3009 E baseline.com.newsblur.network.APIResponse: 	at okhttp3.RealCall.getResponseWithInterceptorChain(RealCall.java:229)
08-05 04:09:46.350 28464  3009 E baseline.com.newsblur.network.APIResponse: 	at okhttp3.RealCall.execute(RealCall.java:81)
08-05 04:09:46.350 28464  3009 E baseline.com.newsblur.network.APIResponse: 	at baseline.com.newsblur.network.APIResponse.<init>(APIResponse.java:57)
08-05 04:09:46.350 28464  3009 E baseline.com.newsblur.network.APIResponse: 	at baseline.com.newsblur.network.APIResponse.<init>(APIResponse.java:43)
08-05 04:09:46.350 28464  3009 E baseline.com.newsblur.network.APIResponse: 	at baseline.com.newsblur.network.APIManager.post_single(APIManager.java:702)
08-05 04:09:46.350 28464  3009 E baseline.com.newsblur.network.APIResponse: 	at baseline.com.newsblur.network.APIManager.post(APIManager.java:675)
08-05 04:09:46.350 28464  3009 E baseline.com.newsblur.network.APIResponse: 	at baseline.com.newsblur.network.APIManager.post(APIManager.java:714)
08-05 04:09:46.350 28464  3009 E baseline.com.newsblur.network.APIResponse: 	at baseline.com.newsblur.network.APIManager.markStoryAsRead(APIManager.java:205)
08-05 04:09:46.350 28464  3009 E baseline.com.newsblur.network.APIResponse: 	at baseline.com.newsblur.util.ReadingAction.doRemote(ReadingAction.java:281)
08-05 04:09:46.350 28464  3009 E baseline.com.newsblur.network.APIResponse: 	at baseline.com.newsblur.service.NBSyncService.syncActions(NBSyncService.java:400)
08-05 04:09:46.350 28464  3009 E baseline.com.newsblur.network.APIResponse: 	at baseline.com.newsblur.service.NBSyncService.doSync(NBSyncService.java:298)
08-05 04:09:46.350 28464  3009 E baseline.com.newsblur.network.APIResponse: 	at baseline.com.newsblur.service.NBSyncService.access$100(NBSyncService.java:67)
08-05 04:09:46.350 28464  3009 E baseline.com.newsblur.network.APIResponse: 	at baseline.com.newsblur.service.NBSyncService$1.run(NBSyncService.java:188)
08-05 04:09:46.350 28464  3009 E baseline.com.newsblur.network.APIResponse: 	at java.util.concurrent.ThreadPoolExecutor.runWorker(ThreadPoolExecutor.java:1113)
08-05 04:09:46.350 28464  3009 E baseline.com.newsblur.network.APIResponse: 	at java.util.concurrent.ThreadPoolExecutor$Worker.run(ThreadPoolExecutor.java:588)
08-05 04:09:46.350 28464  3009 E baseline.com.newsblur.network.APIResponse: 	at java.lang.Thread.run(Thread.java:818)
08-05 04:09:46.350 28464  3009 E baseline.com.newsblur.network.APIResponse: Caused by: java.io.EOFException: \n not found: limit=0 content=
08-05 04:09:46.350 28464  3009 E baseline.com.newsblur.network.APIResponse: 	at okio.RealBufferedSource.readUtf8LineStrict(RealBufferedSource.java:240)
08-05 04:09:46.350 28464  3009 E baseline.com.newsblur.network.APIResponse: 	at okhttp3.internal.http1.Http1ExchangeCodec.readHeaderLine(Http1ExchangeCodec.java:242)
08-05 04:09:46.350 28464  3009 E baseline.com.newsblur.network.APIResponse: 	at okhttp3.internal.http1.Http1ExchangeCodec.readResponseHeaders(Http1ExchangeCodec.java:213)
08-05 04:09:46.350 28464  3009 E baseline.com.newsblur.network.APIResponse: 	... 30 more
08-05 04:09:46.351 28464  3009 I baseline.com.newsblur.service.NBSyncService: Holding reading action with server-side or network error.
08-05 04:09:46.376 28464  3009 W baseline.com.newsblur.service.NBSyncService: hard API failure
08-05 04:09:46.430   518   646 I ThermalEngine: ACTION: GPU - Setting GPU[0] to 450000000
08-05 04:09:46.499 28464 28475 I art     : Starting a blocking GC Explicit
08-05 04:09:46.541 28464 28475 I art     : Explicit concurrent mark sweep GC freed 4922(564KB) AllocSpace objects, 16(320KB) LOS objects, 30% free, 36MB/52MB, paused 1.196ms total 40.620ms
08-05 04:09:46.557 28464 28475 I art     : Starting a blocking GC Explicit
08-05 04:09:46.592 28464 28475 I art     : Explicit concurrent mark sweep GC freed 607(22KB) AllocSpace objects, 0(0B) LOS objects, 30% free, 36MB/52MB, paused 1.139ms total 35.146ms
08-05 04:09:46.604 28464 28475 I art     : Starting a blocking GC Explicit
08-05 04:09:46.640 28464 28475 I art     : Explicit concurrent mark sweep GC freed 3(96B) AllocSpace objects, 0(0B) LOS objects, 30% free, 36MB/52MB, paused 1.099ms total 36.209ms
08-05 04:09:46.653 28464 28475 I art     : Starting a blocking GC Explicit
08-05 04:09:46.689 28464 28475 I art     : Explicit concurrent mark sweep GC freed 3(96B) AllocSpace objects, 0(0B) LOS objects, 30% free, 36MB/52MB, paused 1.174ms total 35.743ms
08-05 04:09:46.701 28464 28475 I art     : Starting a blocking GC Explicit
08-05 04:09:46.737 28464 28475 I art     : Explicit concurrent mark sweep GC freed 3(96B) AllocSpace objects, 0(0B) LOS objects, 30% free, 36MB/52MB, paused 1.198ms total 36.262ms
08-05 04:09:47.095 28464  2648 I art     : Starting a blocking GC Explicit
08-05 04:09:47.132 28464  2648 I art     : Explicit concurrent mark sweep GC freed 1401(80KB) AllocSpace objects, 1(20KB) LOS objects, 30% free, 36MB/52MB, paused 1.115ms total 37.166ms
08-05 04:09:47.144 28464  2648 I art     : Starting a blocking GC Explicit
08-05 04:09:47.180 28464  2648 I art     : Explicit concurrent mark sweep GC freed 20(704B) AllocSpace objects, 0(0B) LOS objects, 30% free, 36MB/52MB, paused 1.175ms total 35.839ms
08-05 04:09:47.193 28464  2648 I art     : Starting a blocking GC Explicit
08-05 04:09:47.228  1294  1294 I ServiceManager: Waiting for service AtCmdFwd...
08-05 04:09:47.231 28464  2648 I art     : Explicit concurrent mark sweep GC freed 3(96B) AllocSpace objects, 0(0B) LOS objects, 30% free, 36MB/52MB, paused 1.112ms total 37.482ms
08-05 04:09:47.243 28464  2648 I art     : Starting a blocking GC Explicit
08-05 04:09:47.281 28464  2648 I art     : Explicit concurrent mark sweep GC freed 3(96B) AllocSpace objects, 0(0B) LOS objects, 30% free, 36MB/52MB, paused 1.114ms total 37.417ms
08-05 04:09:47.293 28464  2648 I art     : Starting a blocking GC Explicit
08-05 04:09:47.331 28464  2648 I art     : Explicit concurrent mark sweep GC freed 3(96B) AllocSpace objects, 0(0B) LOS objects, 30% free, 36MB/52MB, paused 1.149ms total 38.209ms
08-05 04:09:47.433   518   646 I ThermalEngine: ACTION: GPU - Setting GPU[0] to 510000000
08-05 04:09:47.680 28464  2651 I art     : Starting a blocking GC Explicit
08-05 04:09:47.709 28464  2651 I art     : Explicit concurrent mark sweep GC freed 1398(80KB) AllocSpace objects, 1(20KB) LOS objects, 30% free, 36MB/52MB, paused 817us total 29.489ms
08-05 04:09:47.719 28464  2651 I art     : Starting a blocking GC Explicit
08-05 04:09:47.747 28464  2651 I art     : Explicit concurrent mark sweep GC freed 20(704B) AllocSpace objects, 0(0B) LOS objects, 30% free, 36MB/52MB, paused 904us total 27.905ms
08-05 04:09:47.756 28464  2651 I art     : Starting a blocking GC Explicit
08-05 04:09:47.784 28464  2651 I art     : Explicit concurrent mark sweep GC freed 3(96B) AllocSpace objects, 0(0B) LOS objects, 30% free, 36MB/52MB, paused 790us total 27.446ms
08-05 04:09:47.794 28464  2651 I art     : Starting a blocking GC Explicit
08-05 04:09:47.821 28464  2651 I art     : Explicit concurrent mark sweep GC freed 3(96B) AllocSpace objects, 0(0B) LOS objects, 30% free, 36MB/52MB, paused 787us total 26.773ms
08-05 04:09:47.830 28464  2651 I art     : Starting a blocking GC Explicit
08-05 04:09:47.857 28464  2651 I art     : Explicit concurrent mark sweep GC freed 3(96B) AllocSpace objects, 0(0B) LOS objects, 30% free, 36MB/52MB, paused 878us total 27.155ms
08-05 04:09:48.204 28464 28476 I art     : Starting a blocking GC Explicit
08-05 04:09:48.229  1294  1294 I ServiceManager: Waiting for service AtCmdFwd...
08-05 04:09:48.233 28464 28476 I art     : Explicit concurrent mark sweep GC freed 1398(80KB) AllocSpace objects, 1(20KB) LOS objects, 30% free, 36MB/52MB, paused 823us total 29.221ms
08-05 04:09:48.243 28464 28476 I art     : Starting a blocking GC Explicit
08-05 04:09:48.272 28464 28476 I art     : Explicit concurrent mark sweep GC freed 20(704B) AllocSpace objects, 0(0B) LOS objects, 30% free, 36MB/52MB, paused 821us total 28.335ms
08-05 04:09:48.281 28464 28476 I art     : Starting a blocking GC Explicit
08-05 04:09:48.309 28464 28476 I art     : Explicit concurrent mark sweep GC freed 3(96B) AllocSpace objects, 0(0B) LOS objects, 30% free, 36MB/52MB, paused 776us total 27.210ms
08-05 04:09:48.318 28464 28476 I art     : Starting a blocking GC Explicit
08-05 04:09:48.345 28464 28476 I art     : Explicit concurrent mark sweep GC freed 3(96B) AllocSpace objects, 0(0B) LOS objects, 30% free, 36MB/52MB, paused 800us total 26.759ms
08-05 04:09:48.355 28464 28476 I art     : Starting a blocking GC Explicit
08-05 04:09:48.362   918  1209 D NetworkMonitor/NetworkAgentInfo [WIFI () - 159]: Checking http://connectivitycheck.gstatic.com/generate_204 on "H369AA63323", 192.168.2.12=192.168.2.12
08-05 04:09:48.382 28464 28476 I art     : Explicit concurrent mark sweep GC freed 3(96B) AllocSpace objects, 0(0B) LOS objects, 30% free, 36MB/52MB, paused 832us total 26.771ms
08-05 04:09:48.462   918  1209 D NetworkMonitor/NetworkAgentInfo [WIFI () - 159]: Probably not a portal: exception java.io.IOException: unexpected end of stream on Connection{connectivitycheck.gstatic.com:80, proxy=HTTP@/192.168.2.12:8080 hostAddress=192.168.2.12 cipherSuite=none protocol=http/1.1} (recycle count=0)
08-05 04:09:48.464   918  3263 D ConnectivityService: NetworkAgentInfo [WIFI () - 159] validation failed
08-05 04:09:48.465   918  3261 E WifiConfigStore:  rewrite network history for "H369AA63323"WPA_PSK
08-05 04:09:48.726 28464 28475 I art     : Starting a blocking GC Explicit
08-05 04:09:48.755 28464 28475 I art     : Explicit concurrent mark sweep GC freed 1398(80KB) AllocSpace objects, 1(20KB) LOS objects, 30% free, 36MB/52MB, paused 826us total 29.544ms
08-05 04:09:48.769 28464 28475 I art     : Starting a blocking GC Explicit
08-05 04:09:48.794 28464 28475 I art     : Explicit concurrent mark sweep GC freed 20(704B) AllocSpace objects, 0(0B) LOS objects, 30% free, 36MB/52MB, paused 791us total 25.490ms
08-05 04:09:48.803 28464 28475 I art     : Starting a blocking GC Explicit
08-05 04:09:48.830 28464 28475 I art     : Explicit concurrent mark sweep GC freed 3(96B) AllocSpace objects, 0(0B) LOS objects, 30% free, 36MB/52MB, paused 755us total 26.511ms
08-05 04:09:48.839 28464 28475 I art     : Starting a blocking GC Explicit
08-05 04:09:48.866 28464 28475 I art     : Explicit concurrent mark sweep GC freed 3(96B) AllocSpace objects, 0(0B) LOS objects, 30% free, 36MB/52MB, paused 809us total 26.423ms
08-05 04:09:48.875 28464 28475 I art     : Starting a blocking GC Explicit
08-05 04:09:48.903 28464 28475 I art     : Explicit concurrent mark sweep GC freed 3(96B) AllocSpace objects, 0(0B) LOS objects, 30% free, 36MB/52MB, paused 765us total 27.113ms
08-05 04:09:49.226 28464  2648 I art     : Starting a blocking GC Explicit
08-05 04:09:49.229  1294  1294 I ServiceManager: Waiting for service AtCmdFwd...
08-05 04:09:49.256 28464  2648 I art     : Explicit concurrent mark sweep GC freed 1398(80KB) AllocSpace objects, 1(20KB) LOS objects, 30% free, 36MB/52MB, paused 825us total 29.744ms
08-05 04:09:49.269 28464  2648 I art     : Starting a blocking GC Explicit
08-05 04:09:49.294 28464  2648 I art     : Explicit concurrent mark sweep GC freed 20(704B) AllocSpace objects, 0(0B) LOS objects, 30% free, 36MB/52MB, paused 749us total 24.749ms
08-05 04:09:49.303 28464  2648 I art     : Starting a blocking GC Explicit
08-05 04:09:49.330 28464  2648 I art     : Explicit concurrent mark sweep GC freed 3(96B) AllocSpace objects, 0(0B) LOS objects, 30% free, 36MB/52MB, paused 809us total 26.717ms
08-05 04:09:49.339 28464  2648 I art     : Starting a blocking GC Explicit
08-05 04:09:49.365 28464  2648 I art     : Explicit concurrent mark sweep GC freed 3(96B) AllocSpace objects, 0(0B) LOS objects, 30% free, 36MB/52MB, paused 803us total 26.241ms
08-05 04:09:49.375 28464  2648 I art     : Starting a blocking GC Explicit
08-05 04:09:49.403 28464  2648 I art     : Explicit concurrent mark sweep GC freed 3(96B) AllocSpace objects, 0(0B) LOS objects, 30% free, 36MB/52MB, paused 809us total 27.199ms
08-05 04:09:49.751 28464  2651 I art     : Starting a blocking GC Explicit
08-05 04:09:49.781 28464  2651 I art     : Explicit concurrent mark sweep GC freed 1417(81KB) AllocSpace objects, 1(20KB) LOS objects, 30% free, 36MB/52MB, paused 780us total 29.153ms
08-05 04:09:49.791 28464  2651 I art     : Starting a blocking GC Explicit
08-05 04:09:49.818 28464  2651 I art     : Explicit concurrent mark sweep GC freed 26(928B) AllocSpace objects, 0(0B) LOS objects, 30% free, 36MB/52MB, paused 854us total 27.063ms
08-05 04:09:49.827 28464  2651 I art     : Starting a blocking GC Explicit
08-05 04:09:49.854 28464  2651 I art     : Explicit concurrent mark sweep GC freed 3(96B) AllocSpace objects, 0(0B) LOS objects, 30% free, 36MB/52MB, paused 809us total 26.556ms
08-05 04:09:49.863 28464  2651 I art     : Starting a blocking GC Explicit
08-05 04:09:49.891 28464  2651 I art     : Explicit concurrent mark sweep GC freed 3(96B) AllocSpace objects, 0(0B) LOS objects, 30% free, 36MB/52MB, paused 806us total 27.886ms
08-05 04:09:49.901 28464  2651 I art     : Starting a blocking GC Explicit
08-05 04:09:49.928 28464  2651 I art     : Explicit concurrent mark sweep GC freed 3(96B) AllocSpace objects, 0(0B) LOS objects, 30% free, 36MB/52MB, paused 793us total 26.683ms
08-05 04:09:50.229  1294  1294 I ServiceManager: Waiting for service AtCmdFwd...
08-05 04:09:50.282 28464 28476 I art     : Starting a blocking GC Explicit
08-05 04:09:50.311 28464 28476 I art     : Explicit concurrent mark sweep GC freed 1398(80KB) AllocSpace objects, 1(20KB) LOS objects, 30% free, 36MB/52MB, paused 811us total 28.294ms
08-05 04:09:50.320 28464 28476 I art     : Starting a blocking GC Explicit
08-05 04:09:50.346 28464 28476 I art     : Explicit concurrent mark sweep GC freed 20(704B) AllocSpace objects, 0(0B) LOS objects, 30% free, 36MB/52MB, paused 809us total 26.384ms
08-05 04:09:50.355 28464 28476 I art     : Starting a blocking GC Explicit
08-05 04:09:50.382 28464 28476 I art     : Explicit concurrent mark sweep GC freed 3(96B) AllocSpace objects, 0(0B) LOS objects, 30% free, 36MB/52MB, paused 770us total 26.387ms
08-05 04:09:50.391 28464 28476 I art     : Starting a blocking GC Explicit
08-05 04:09:50.418 28464 28476 I art     : Explicit concurrent mark sweep GC freed 3(96B) AllocSpace objects, 0(0B) LOS objects, 30% free, 36MB/52MB, paused 802us total 26.603ms
08-05 04:09:50.427 28464 28476 I art     : Starting a blocking GC Explicit
08-05 04:09:50.453 28464 28476 I art     : Explicit concurrent mark sweep GC freed 3(96B) AllocSpace objects, 0(0B) LOS objects, 30% free, 36MB/52MB, paused 750us total 25.756ms
08-05 04:09:50.808 28464 28475 I art     : Starting a blocking GC Explicit
08-05 04:09:50.837 28464 28475 I art     : Explicit concurrent mark sweep GC freed 1398(80KB) AllocSpace objects, 1(20KB) LOS objects, 30% free, 36MB/52MB, paused 895us total 29.076ms
08-05 04:09:50.846 28464 28475 I art     : Starting a blocking GC Explicit
08-05 04:09:50.873 28464 28475 I art     : Explicit concurrent mark sweep GC freed 20(704B) AllocSpace objects, 0(0B) LOS objects, 30% free, 36MB/52MB, paused 814us total 26.355ms
08-05 04:09:50.882 28464 28475 I art     : Starting a blocking GC Explicit
08-05 04:09:50.909 28464 28475 I art     : Explicit concurrent mark sweep GC freed 3(96B) AllocSpace objects, 0(0B) LOS objects, 30% free, 36MB/52MB, paused 917us total 26.692ms
08-05 04:09:50.918 28464 28475 I art     : Starting a blocking GC Explicit
08-05 04:09:50.944 28464 28475 I art     : Explicit concurrent mark sweep GC freed 3(96B) AllocSpace objects, 0(0B) LOS objects, 30% free, 36MB/52MB, paused 779us total 26.239ms
08-05 04:09:50.954 28464 28475 I art     : Starting a blocking GC Explicit
08-05 04:09:50.981 28464 28475 I art     : Explicit concurrent mark sweep GC freed 3(96B) AllocSpace objects, 0(0B) LOS objects, 30% free, 36MB/52MB, paused 821us total 27.196ms
08-05 04:09:51.230  1294  1294 I ServiceManager: Waiting for service AtCmdFwd...
08-05 04:09:51.314 28464  2648 I art     : Starting a blocking GC Explicit
08-05 04:09:51.344 28464  2648 I art     : Explicit concurrent mark sweep GC freed 1398(80KB) AllocSpace objects, 1(20KB) LOS objects, 30% free, 36MB/52MB, paused 828us total 29.827ms
08-05 04:09:51.356 28464  2648 I art     : Starting a blocking GC Explicit
08-05 04:09:51.381 28464  2648 I art     : Explicit concurrent mark sweep GC freed 20(704B) AllocSpace objects, 0(0B) LOS objects, 30% free, 36MB/52MB, paused 781us total 25.633ms
08-05 04:09:51.390 28464  2648 I art     : Starting a blocking GC Explicit
08-05 04:09:51.416 28464  2648 I art     : Explicit concurrent mark sweep GC freed 3(96B) AllocSpace objects, 0(0B) LOS objects, 30% free, 36MB/52MB, paused 740us total 25.379ms
08-05 04:09:51.425 28464  2648 I art     : Starting a blocking GC Explicit
08-05 04:09:51.441   518   646 I ThermalEngine: ACTION: GPU - Setting GPU[0] to 600000000
08-05 04:09:51.450 28464  2648 I art     : Explicit concurrent mark sweep GC freed 3(96B) AllocSpace objects, 0(0B) LOS objects, 30% free, 36MB/52MB, paused 823us total 23.932ms
08-05 04:09:51.458 28464  2648 I art     : Starting a blocking GC Explicit
08-05 04:09:51.483 28464  2648 I art     : Explicit concurrent mark sweep GC freed 3(96B) AllocSpace objects, 0(0B) LOS objects, 30% free, 36MB/52MB, paused 727us total 25.087ms
08-05 04:09:51.702  3282  3282 D AndroidRuntime: >>>>>> START com.android.internal.os.RuntimeInit uid 2000 <<<<<<
08-05 04:09:51.706  3282  3282 D AndroidRuntime: CheckJNI is OFF
08-05 04:09:51.732  3282  3282 D ICU     : No timezone override file found: /data/misc/zoneinfo/current/icu/icu_tzdata.dat
08-05 04:09:51.758  3282  3282 I Radio-JNI: register_android_hardware_Radio DONE
08-05 04:09:51.774  3282  3282 D AndroidRuntime: Calling main entry com.android.commands.input.Input
08-05 04:09:51.775  3282  3282 I Input   : injectKeyEvent: KeyEvent { action=ACTION_DOWN, keyCode=KEYCODE_BACK, scanCode=0, metaState=0, flags=0x0, repeatCount=0, eventTime=763808188, downTime=763808188, deviceId=-1, source=0x101 }
08-05 04:09:51.781  3282  3282 I Input   : injectKeyEvent: KeyEvent { action=ACTION_UP, keyCode=KEYCODE_BACK, scanCode=0, metaState=0, flags=0x0, repeatCount=0, eventTime=763808188, downTime=763808188, deviceId=-1, source=0x101 }
08-05 04:09:51.783 28464  2651 I art     : Starting a blocking GC Explicit
08-05 04:09:51.787  3282  3282 D AndroidRuntime: Shutting down VM
08-05 04:09:51.808 28464  2651 I art     : Explicit concurrent mark sweep GC freed 1608(119KB) AllocSpace objects, 3(60KB) LOS objects, 30% free, 36MB/52MB, paused 1.215ms total 24.393ms
08-05 04:09:51.814 28464  2651 I art     : Starting a blocking GC Explicit
08-05 04:09:51.833 28464  2651 I art     : Explicit concurrent mark sweep GC freed 55(2064B) AllocSpace objects, 0(0B) LOS objects, 30% free, 36MB/52MB, paused 574us total 18.629ms
08-05 04:09:51.840 28464  2651 I art     : Starting a blocking GC Explicit
08-05 04:09:51.859 28464  2651 I art     : Explicit concurrent mark sweep GC freed 580(43KB) AllocSpace objects, 1(20KB) LOS objects, 30% free, 36MB/52MB, paused 687us total 19.547ms
08-05 04:09:51.866 28464  2651 I art     : Starting a blocking GC Explicit
08-05 04:09:51.875 13866 13866 I GoogleInputMethodServic: GoogleInputMethodService.onFinishInput():3138 
08-05 04:09:51.876 13866 13866 I GoogleInputMethodServic: GoogleInputMethodService.onStartInput():1808 
08-05 04:09:51.889 28464  2651 I art     : Explicit concurrent mark sweep GC freed 1805(162KB) AllocSpace objects, 5(100KB) LOS objects, 30% free, 36MB/52MB, paused 942us total 22.576ms
08-05 04:09:51.896 28464  2651 I art     : Starting a blocking GC Explicit
08-05 04:09:51.919 28464  2651 I art     : Explicit concurrent mark sweep GC freed 665(42KB) AllocSpace objects, 1(20KB) LOS objects, 30% free, 36MB/52MB, paused 857us total 22.266ms
08-05 04:09:52.156 28464 28475 I art     : Starting a blocking GC Explicit
08-05 04:09:52.178 28464 28475 I art     : Explicit concurrent mark sweep GC freed 1560(89KB) AllocSpace objects, 2(48KB) LOS objects, 30% free, 36MB/52MB, paused 638us total 22.189ms
08-05 04:09:52.187 28464 28475 I art     : Starting a blocking GC Explicit
08-05 04:09:52.213 28464 28475 I art     : Explicit concurrent mark sweep GC freed 474(20KB) AllocSpace objects, 0(0B) LOS objects, 30% free, 36MB/52MB, paused 808us total 25.775ms
08-05 04:09:52.220 28464 28475 I art     : Starting a blocking GC Explicit
08-05 04:09:52.231  1294  1294 W Atfwd_Sendcmd: AtCmdFwd service not published, waiting... retryCnt : 4
08-05 04:09:52.241 28464 28475 I art     : Explicit concurrent mark sweep GC freed 844(41KB) AllocSpace objects, 0(0B) LOS objects, 30% free, 36MB/52MB, paused 621us total 20.504ms
08-05 04:09:52.248 28464 28475 I art     : Starting a blocking GC Explicit
08-05 04:09:52.269 28464 28475 I art     : Explicit concurrent mark sweep GC freed 114(5KB) AllocSpace objects, 0(0B) LOS objects, 30% free, 36MB/52MB, paused 824us total 20.581ms
08-05 04:09:52.276 28464 28475 I art     : Starting a blocking GC Explicit
08-05 04:09:52.296 28464 28475 I art     : Explicit concurrent mark sweep GC freed 29(1120B) AllocSpace objects, 0(0B) LOS objects, 30% free, 36MB/52MB, paused 665us total 20.121ms
08-05 04:09:52.599 28464  2651 I art     : Starting a blocking GC Explicit
08-05 04:09:52.623 28464  2651 I art     : Explicit concurrent mark sweep GC freed 1477(84KB) AllocSpace objects, 1(20KB) LOS objects, 30% free, 36MB/52MB, paused 775us total 23.910ms
08-05 04:09:52.632 28464  2651 I art     : Starting a blocking GC Explicit
08-05 04:09:52.655 28464  2651 I art     : Explicit concurrent mark sweep GC freed 26(912B) AllocSpace objects, 0(0B) LOS objects, 30% free, 36MB/52MB, paused 667us total 23.151ms
08-05 04:09:52.664 28464  2651 I art     : Starting a blocking GC Explicit
08-05 04:09:52.684 28464  2651 I art     : Explicit concurrent mark sweep GC freed 6(192B) AllocSpace objects, 0(0B) LOS objects, 30% free, 36MB/52MB, paused 649us total 20.322ms
08-05 04:09:52.691 28464  2651 I art     : Starting a blocking GC Explicit
08-05 04:09:52.712 28464  2651 I art     : Explicit concurrent mark sweep GC freed 6(192B) AllocSpace objects, 0(0B) LOS objects, 30% free, 36MB/52MB, paused 717us total 20.890ms
08-05 04:09:52.720 28464  2651 I art     : Starting a blocking GC Explicit
08-05 04:09:52.744 28464  2651 I art     : Explicit concurrent mark sweep GC freed 833(63KB) AllocSpace objects, 2(120KB) LOS objects, 30% free, 36MB/52MB, paused 818us total 23.231ms
08-05 04:09:52.806 28464  3305 I NAPPA_EXPERIMENTATION: MetricNetworkRequestExecutionTime: REQUEST_DURATION_SYSTEM='919',REQUEST_DURATION_OKHTTP='42',REQUEST_SYNCHRONOUS='TRUE',RESPONSE_CODE='200',RESPONSE_METHOD='GET',RESPONSE_LENGTH_OKHTTP='-1',RESPONSE_LENGTH_HEADER='12364',REQUEST_PROTOCOL='http/1.1',REQUEST_URL='https://www.newsblur.com/social/river_stories?order=newest&page=2&read_filter=all&global_feed=true',
08-05 04:09:52.807 28464  3305 D MY_TAG  : 0, 919
08-05 04:09:53.045 28464 28475 I art     : Starting a blocking GC Explicit
08-05 04:09:53.075 28464 28475 I art     : Explicit concurrent mark sweep GC freed 37178(2MB) AllocSpace objects, 34(940KB) LOS objects, 30% free, 36MB/52MB, paused 629us total 28.983ms
08-05 04:09:53.083 28464 28475 I art     : Starting a blocking GC Explicit
08-05 04:09:53.107 28464 28475 I art     : Explicit concurrent mark sweep GC freed 2781(253KB) AllocSpace objects, 0(0B) LOS objects, 30% free, 36MB/52MB, paused 775us total 23.453ms
08-05 04:09:53.114 28464 28475 I art     : Starting a blocking GC Explicit
08-05 04:09:53.133 28464 28475 I art     : Explicit concurrent mark sweep GC freed 6(192B) AllocSpace objects, 0(0B) LOS objects, 30% free, 36MB/52MB, paused 606us total 19.418ms
08-05 04:09:53.140 28464 28475 I art     : Starting a blocking GC Explicit
08-05 04:09:53.160 28464 28475 I art     : Explicit concurrent mark sweep GC freed 6(192B) AllocSpace objects, 0(0B) LOS objects, 30% free, 36MB/52MB, paused 596us total 19.604ms
08-05 04:09:53.167 28464 28475 I art     : Starting a blocking GC Explicit
08-05 04:09:53.187 28464 28475 I art     : Explicit concurrent mark sweep GC freed 7(224B) AllocSpace objects, 0(0B) LOS objects, 30% free, 36MB/52MB, paused 672us total 20.100ms
08-05 04:09:53.327  3352  3352 D AndroidRuntime: >>>>>> START com.android.internal.os.RuntimeInit uid 2000 <<<<<<
08-05 04:09:53.332  3352  3352 D AndroidRuntime: CheckJNI is OFF
08-05 04:09:53.354  3352  3352 D ICU     : No timezone override file found: /data/misc/zoneinfo/current/icu/icu_tzdata.dat
08-05 04:09:53.377  3352  3352 I Radio-JNI: register_android_hardware_Radio DONE
08-05 04:09:53.393  3352  3352 D AndroidRuntime: Calling main entry com.android.commands.input.Input
08-05 04:09:53.394  3352  3352 I Input   : injectMotionEvent: MotionEvent { action=ACTION_DOWN, actionButton=0, id[0]=0, x[0]=435.0, y[0]=858.0, toolType[0]=TOOL_TYPE_UNKNOWN, buttonState=0, metaState=0, flags=0x0, edgeFlags=0x0, pointerCount=1, historySize=0, eventTime=763809807, downTime=763809807, deviceId=0, source=0x1002 }
08-05 04:09:53.399  3352  3352 I Input   : injectMotionEvent: MotionEvent { action=ACTION_UP, actionButton=0, id[0]=0, x[0]=435.0, y[0]=858.0, toolType[0]=TOOL_TYPE_UNKNOWN, buttonState=0, metaState=0, flags=0x0, edgeFlags=0x0, pointerCount=1, historySize=0, eventTime=763809807, downTime=763809807, deviceId=0, source=0x1002 }
08-05 04:09:53.402  3352  3352 D AndroidRuntime: Shutting down VM
08-05 04:09:53.407   512  2967 D audio_hw_primary: out_set_parameters: enter: usecase(1: low-latency-playback) kvpairs: routing=2
08-05 04:09:53.408   918  4400 I ActivityManager: START u0 {cmp=baseline.com.newsblur/.activity.GlobalSharedStoriesReading (has extras)} from uid 10676 on display 0
08-05 04:09:53.420   512  2967 D audio_hw_primary: select_devices: out_snd_device(2: speaker) in_snd_device(0: none)
08-05 04:09:53.421   512  2967 D msm8974_platform: platform_send_audio_calibration: sending audio calibration for snd_device(2) acdb_id(15)
08-05 04:09:53.421   512  2967 I soundtrigger: audio_extn_sound_trigger_update_device_status: device 0x2 of type 0 for Event 1
08-05 04:09:53.430   512  2967 D audio_hw_primary: enable_snd_device: snd_device(2: speaker)
08-05 04:09:53.432   512  2967 D audio_hw_primary: enable_audio_route: apply and update mixer path: low-latency-playback speaker
08-05 04:09:53.447   518   646 I ThermalEngine: ACTION: GPU - Setting GPU[0] to 510000000
08-05 04:09:53.470 28464  2651 I art     : Starting a blocking GC Explicit
08-05 04:09:53.497 28464  2651 I art     : Explicit concurrent mark sweep GC freed 2752(208KB) AllocSpace objects, 5(528KB) LOS objects, 30% free, 36MB/52MB, paused 864us total 26.290ms
08-05 04:09:53.505 28464  2651 I art     : Starting a blocking GC Explicit
08-05 04:09:53.535 28464  2651 I art     : Explicit concurrent mark sweep GC freed 378(38KB) AllocSpace objects, 1(20KB) LOS objects, 30% free, 36MB/52MB, paused 2.192ms total 29.358ms
08-05 04:09:53.544 28464  2651 I art     : Starting a blocking GC Explicit
08-05 04:09:53.571 28464  2651 I art     : Explicit concurrent mark sweep GC freed 71(2576B) AllocSpace objects, 0(0B) LOS objects, 30% free, 36MB/52MB, paused 787us total 26.244ms
08-05 04:09:53.580 28464  2651 I art     : Starting a blocking GC Explicit
08-05 04:09:53.601   918   936 I ActivityManager: Displayed baseline.com.newsblur/.activity.GlobalSharedStoriesReading: +184ms
08-05 04:09:53.601 13866 13866 I GoogleInputMethodServic: GoogleInputMethodService.onFinishInput():3138 
08-05 04:09:53.602 13866 13866 I GoogleInputMethodServic: GoogleInputMethodService.onStartInput():1808 
08-05 04:09:53.608 28464  2651 I art     : Explicit concurrent mark sweep GC freed 489(39KB) AllocSpace objects, 1(20KB) LOS objects, 30% free, 36MB/52MB, paused 982us total 27.606ms
08-05 04:09:53.617 28464  2651 I art     : Starting a blocking GC Explicit
08-05 04:09:53.646 28464  2651 I art     : Explicit concurrent mark sweep GC freed 1157(77KB) AllocSpace objects, 1(20KB) LOS objects, 30% free, 37MB/53MB, paused 1.265ms total 29.103ms
08-05 04:09:53.849 28464  3006 E chromium: [ERROR:tile_manager.cc(793)] WARNING: tile memory limits exceeded, some content may not draw
08-05 04:09:53.849 28464  3006 E chromium: [ERROR:tile_manager.cc(793)] WARNING: tile memory limits exceeded, some content may not draw
08-05 04:09:53.920 28464  2648 I art     : Starting a blocking GC Explicit
08-05 04:09:53.956 28464  2648 I art     : Explicit concurrent mark sweep GC freed 8036(630KB) AllocSpace objects, 20(444KB) LOS objects, 29% free, 37MB/53MB, paused 1.107ms total 35.566ms
08-05 04:09:53.967 28464  2648 I art     : Starting a blocking GC Explicit
08-05 04:09:53.968   512  2967 D audio_hw_primary: disable_audio_route: reset and update mixer path: low-latency-playback speaker
08-05 04:09:53.970   512  2967 D audio_hw_primary: disable_snd_device: snd_device(2: speaker)
08-05 04:09:53.978   512  2967 I soundtrigger: audio_extn_sound_trigger_update_device_status: device 0x2 of type 0 for Event 0
08-05 04:09:53.998 28464  2648 I art     : Explicit concurrent mark sweep GC freed 1874(100KB) AllocSpace objects, 1(20KB) LOS objects, 29% free, 37MB/53MB, paused 971us total 31.322ms
08-05 04:09:54.008 28464  2648 I art     : Starting a blocking GC Explicit
08-05 04:09:54.038 28464  2648 I art     : Explicit concurrent mark sweep GC freed 24(912B) AllocSpace objects, 1(28KB) LOS objects, 29% free, 37MB/53MB, paused 979us total 30.085ms
08-05 04:09:54.048 28464  2648 I art     : Starting a blocking GC Explicit
08-05 04:09:54.076 28464  2648 I art     : Explicit concurrent mark sweep GC freed 3(96B) AllocSpace objects, 0(0B) LOS objects, 29% free, 37MB/53MB, paused 870us total 28.169ms
08-05 04:09:54.085 28464  2648 I art     : Starting a blocking GC Explicit
08-05 04:09:54.115 28464  2648 I art     : Explicit concurrent mark sweep GC freed 3(96B) AllocSpace objects, 0(0B) LOS objects, 29% free, 37MB/53MB, paused 930us total 29.305ms
08-05 04:09:54.437 28464  2651 I art     : Starting a blocking GC Explicit
08-05 04:09:54.472 28464  2651 I art     : Explicit concurrent mark sweep GC freed 1444(83KB) AllocSpace objects, 1(20KB) LOS objects, 29% free, 37MB/53MB, paused 1.055ms total 35.019ms
08-05 04:09:54.483 28464  2651 I art     : Starting a blocking GC Explicit
08-05 04:09:54.515 28464  2651 I art     : Explicit concurrent mark sweep GC freed 22(800B) AllocSpace objects, 0(0B) LOS objects, 29% free, 37MB/53MB, paused 1.018ms total 31.521ms
08-05 04:09:54.524 28464  2651 I art     : Starting a blocking GC Explicit
08-05 04:09:54.557 28464  2651 I art     : Explicit concurrent mark sweep GC freed 3(96B) AllocSpace objects, 0(0B) LOS objects, 29% free, 37MB/53MB, paused 995us total 32.732ms
08-05 04:09:54.568 28464  2651 I art     : Starting a blocking GC Explicit
08-05 04:09:54.599 28464  2651 I art     : Explicit concurrent mark sweep GC freed 3(96B) AllocSpace objects, 0(0B) LOS objects, 29% free, 37MB/53MB, paused 1.081ms total 30.957ms
08-05 04:09:54.609 28464  2651 I art     : Starting a blocking GC Explicit
08-05 04:09:54.640 28464  2651 I art     : Explicit concurrent mark sweep GC freed 3(96B) AllocSpace objects, 0(0B) LOS objects, 29% free, 37MB/53MB, paused 896us total 31.263ms
08-05 04:09:54.859 28464  3382 E baseline.com.newsblur.network.APIResponse: Error (unexpected end of stream on https://www.newsblur.com/...) calling https://www.newsblur.com/reader/mark_story_hashes_as_read/
08-05 04:09:54.859 28464  3382 E baseline.com.newsblur.network.APIResponse: java.io.IOException: unexpected end of stream on https://www.newsblur.com/...
08-05 04:09:54.859 28464  3382 E baseline.com.newsblur.network.APIResponse: 	at okhttp3.internal.http1.Http1ExchangeCodec.readResponseHeaders(Http1ExchangeCodec.java:236)
08-05 04:09:54.859 28464  3382 E baseline.com.newsblur.network.APIResponse: 	at okhttp3.internal.connection.Exchange.readResponseHeaders(Exchange.java:115)
08-05 04:09:54.859 28464  3382 E baseline.com.newsblur.network.APIResponse: 	at okhttp3.internal.http.CallServerInterceptor.intercept(CallServerInterceptor.java:94)
08-05 04:09:54.859 28464  3382 E baseline.com.newsblur.network.APIResponse: 	at okhttp3.internal.http.RealInterceptorChain.proceed(RealInterceptorChain.java:142)
08-05 04:09:54.859 28464  3382 E baseline.com.newsblur.network.APIResponse: 	at okhttp3.internal.connection.ConnectInterceptor.intercept(ConnectInterceptor.java:43)
08-05 04:09:54.859 28464  3382 E baseline.com.newsblur.network.APIResponse: 	at okhttp3.internal.http.RealInterceptorChain.proceed(RealInterceptorChain.java:142)
08-05 04:09:54.859 28464  3382 E baseline.com.newsblur.network.APIResponse: 	at okhttp3.internal.http.RealInterceptorChain.proceed(RealInterceptorChain.java:117)
08-05 04:09:54.859 28464  3382 E baseline.com.newsblur.network.APIResponse: 	at okhttp3.internal.cache.CacheInterceptor.intercept(CacheInterceptor.java:94)
08-05 04:09:54.859 28464  3382 E baseline.com.newsblur.network.APIResponse: 	at okhttp3.internal.http.RealInterceptorChain.proceed(RealInterceptorChain.java:142)
08-05 04:09:54.859 28464  3382 E baseline.com.newsblur.network.APIResponse: 	at okhttp3.internal.http.RealInterceptorChain.proceed(RealInterceptorChain.java:117)
08-05 04:09:54.859 28464  3382 E baseline.com.newsblur.network.APIResponse: 	at okhttp3.internal.http.BridgeInterceptor.intercept(BridgeInterceptor.java:93)
08-05 04:09:54.859 28464  3382 E baseline.com.newsblur.network.APIResponse: 	at okhttp3.internal.http.RealInterceptorChain.proceed(RealInterceptorChain.java:142)
08-05 04:09:54.859 28464  3382 E baseline.com.newsblur.network.APIResponse: 	at okhttp3.internal.http.RetryAndFollowUpInterceptor.intercept(RetryAndFollowUpInterceptor.java:88)
08-05 04:09:54.859 28464  3382 E baseline.com.newsblur.network.APIResponse: 	at okhttp3.internal.http.RealInterceptorChain.proceed(RealInterceptorChain.java:142)
08-05 04:09:54.859 28464  3382 E baseline.com.newsblur.network.APIResponse: 	at okhttp3.internal.http.RealInterceptorChain.proceed(RealInterceptorChain.java:117)
08-05 04:09:54.859 28464  3382 E baseline.com.newsblur.network.APIResponse: 	at okhttp3.RealCall.getResponseWithInterceptorChain(RealCall.java:229)
08-05 04:09:54.859 28464  3382 E baseline.com.newsblur.network.APIResponse: 	at okhttp3.RealCall.execute(RealCall.java:81)
08-05 04:09:54.859 28464  3382 E baseline.com.newsblur.network.APIResponse: 	at baseline.com.newsblur.network.APIResponse.<init>(APIResponse.java:57)
08-05 04:09:54.859 28464  3382 E baseline.com.newsblur.network.APIResponse: 	at baseline.com.newsblur.network.APIResponse.<init>(APIResponse.java:43)
08-05 04:09:54.859 28464  3382 E baseline.com.newsblur.network.APIResponse: 	at baseline.com.newsblur.network.APIManager.post_single(APIManager.java:702)
08-05 04:09:54.859 28464  3382 E baseline.com.newsblur.network.APIResponse: 	at baseline.com.newsblur.network.APIManager.post(APIManager.java:675)
08-05 04:09:54.859 28464  3382 E baseline.com.newsblur.network.APIResponse: 	at baseline.com.newsblur.network.APIManager.post(APIManager.java:714)
08-05 04:09:54.859 28464  3382 E baseline.com.newsblur.network.APIResponse: 	at baseline.com.newsblur.network.APIManager.markStoryAsRead(APIManager.java:205)
08-05 04:09:54.859 28464  3382 E baseline.com.newsblur.network.APIResponse: 	at baseline.com.newsblur.util.ReadingAction.doRemote(ReadingAction.java:281)
08-05 04:09:54.859 28464  3382 E baseline.com.newsblur.network.APIResponse: 	at baseline.com.newsblur.service.NBSyncService.syncActions(NBSyncService.java:400)
08-05 04:09:54.859 28464  3382 E baseline.com.newsblur.network.APIResponse: 	at baseline.com.newsblur.service.NBSyncService.doSync(NBSyncService.java:298)
08-05 04:09:54.859 28464  3382 E baseline.com.newsblur.network.APIResponse: 	at baseline.com.newsblur.service.NBSyncService.access$100(NBSyncService.java:67)
08-05 04:09:54.859 28464  3382 E baseline.com.newsblur.network.APIResponse: 	at baseline.com.newsblur.service.NBSyncService$1.run(NBSyncService.java:188)
08-05 04:09:54.859 28464  3382 E baseline.com.newsblur.network.APIResponse: 	at java.util.concurrent.ThreadPoolExecutor.runWorker(ThreadPoolExecutor.java:1113)
08-05 04:09:54.859 28464  3382 E baseline.com.newsblur.network.APIResponse: 	at java.util.concurrent.ThreadPoolExecutor$Worker.run(ThreadPoolExecutor.java:588)
08-05 04:09:54.859 28464  3382 E baseline.com.newsblur.network.APIResponse: 	at java.lang.Thread.run(Thread.java:818)
08-05 04:09:54.859 28464  3382 E baseline.com.newsblur.network.APIResponse: Caused by: java.io.EOFException: \n not found: limit=0 content=
08-05 04:09:54.859 28464  3382 E baseline.com.newsblur.network.APIResponse: 	at okio.RealBufferedSource.readUtf8LineStrict(RealBufferedSource.java:240)
08-05 04:09:54.859 28464  3382 E baseline.com.newsblur.network.APIResponse: 	at okhttp3.internal.http1.Http1ExchangeCodec.readHeaderLine(Http1ExchangeCodec.java:242)
08-05 04:09:54.859 28464  3382 E baseline.com.newsblur.network.APIResponse: 	at okhttp3.internal.http1.Http1ExchangeCodec.readResponseHeaders(Http1ExchangeCodec.java:213)
08-05 04:09:54.859 28464  3382 E baseline.com.newsblur.network.APIResponse: 	... 30 more
08-05 04:09:54.860 28464  3382 I baseline.com.newsblur.network.APIManager: API call failed, pausing before retry number 1
08-05 04:09:54.890 28464  3006 E chromium: [ERROR:tile_manager.cc(793)] WARNING: tile memory limits exceeded, some content may not draw
08-05 04:09:54.891 28464  3006 E chromium: [ERROR:tile_manager.cc(793)] WARNING: tile memory limits exceeded, some content may not draw
08-05 04:09:54.902 28464  3006 E chromium: [ERROR:tile_manager.cc(793)] WARNING: tile memory limits exceeded, some content may not draw
08-05 04:09:54.902 28464  3006 E chromium: [ERROR:tile_manager.cc(793)] WARNING: tile memory limits exceeded, some content may not draw
08-05 04:09:54.905 28464  3006 E chromium: [ERROR:tile_manager.cc(793)] WARNING: tile memory limits exceeded, some content may not draw
08-05 04:09:54.906 28464  3006 E chromium: [ERROR:tile_manager.cc(793)] WARNING: tile memory limits exceeded, some content may not draw
08-05 04:09:54.953 28464  2648 I art     : Starting a blocking GC Explicit
08-05 04:09:54.990 28464  2648 I art     : Explicit concurrent mark sweep GC freed 4752(419KB) AllocSpace objects, 6(260KB) LOS objects, 29% free, 37MB/53MB, paused 1.239ms total 37.233ms
08-05 04:09:55.002 28464  2648 I art     : Starting a blocking GC Explicit
08-05 04:09:55.034 28464  2648 I art     : Explicit concurrent mark sweep GC freed 1015(118KB) AllocSpace objects, 0(0B) LOS objects, 29% free, 37MB/53MB, paused 1.214ms total 31.806ms
08-05 04:09:55.044 28464  2648 I art     : Starting a blocking GC Explicit
08-05 04:09:55.075 28464  2648 I art     : Explicit concurrent mark sweep GC freed 21(672B) AllocSpace objects, 0(0B) LOS objects, 29% free, 37MB/53MB, paused 856us total 31.111ms
08-05 04:09:55.085 28464  2648 I art     : Starting a blocking GC Explicit
08-05 04:09:55.117 28464  2648 I art     : Explicit concurrent mark sweep GC freed 15(480B) AllocSpace objects, 0(0B) LOS objects, 29% free, 37MB/53MB, paused 1.196ms total 31.514ms
08-05 04:09:55.127 28464  2648 I art     : Starting a blocking GC Explicit
08-05 04:09:55.159 28464  2648 I art     : Explicit concurrent mark sweep GC freed 10(320B) AllocSpace objects, 0(0B) LOS objects, 29% free, 37MB/53MB, paused 864us total 31.549ms
08-05 04:09:55.516 28464 28475 I art     : Starting a blocking GC Explicit
08-05 04:09:55.552 28464 28475 I art     : Explicit concurrent mark sweep GC freed 1440(83KB) AllocSpace objects, 1(20KB) LOS objects, 29% free, 37MB/53MB, paused 1.085ms total 35.509ms
08-05 04:09:55.563 28464 28475 I art     : Starting a blocking GC Explicit
08-05 04:09:55.595 28464 28475 I art     : Explicit concurrent mark sweep GC freed 22(784B) AllocSpace objects, 0(0B) LOS objects, 29% free, 37MB/53MB, paused 856us total 31.982ms
08-05 04:09:55.606 28464 28475 I art     : Starting a blocking GC Explicit
08-05 04:09:55.639 28464 28475 I art     : Explicit concurrent mark sweep GC freed 3(96B) AllocSpace objects, 0(0B) LOS objects, 29% free, 37MB/53MB, paused 963us total 32.584ms
08-05 04:09:55.649 28464 28475 I art     : Starting a blocking GC Explicit
08-05 04:09:55.679 28464 28475 I art     : Explicit concurrent mark sweep GC freed 3(96B) AllocSpace objects, 0(0B) LOS objects, 29% free, 37MB/53MB, paused 850us total 30.617ms
08-05 04:09:55.690 28464 28475 I art     : Starting a blocking GC Explicit
08-05 04:09:55.722 28464 28475 I art     : Explicit concurrent mark sweep GC freed 3(96B) AllocSpace objects, 0(0B) LOS objects, 29% free, 37MB/53MB, paused 901us total 32.399ms
08-05 04:09:56.071 28464  2648 I art     : Starting a blocking GC Explicit
08-05 04:09:56.107 28464  2648 I art     : Explicit concurrent mark sweep GC freed 1479(84KB) AllocSpace objects, 1(20KB) LOS objects, 29% free, 37MB/53MB, paused 977us total 35.960ms
08-05 04:09:56.118 28464  2648 I art     : Starting a blocking GC Explicit
08-05 04:09:56.151 28464  2648 I art     : Explicit concurrent mark sweep GC freed 22(784B) AllocSpace objects, 0(0B) LOS objects, 29% free, 37MB/53MB, paused 986us total 32.836ms
08-05 04:09:56.161 28464  2648 I art     : Starting a blocking GC Explicit
08-05 04:09:56.193 28464  2648 I art     : Explicit concurrent mark sweep GC freed 3(96B) AllocSpace objects, 0(0B) LOS objects, 29% free, 37MB/53MB, paused 861us total 32.252ms
08-05 04:09:56.204 28464  2648 I art     : Starting a blocking GC Explicit
08-05 04:09:56.237 28464  2648 I art     : Explicit concurrent mark sweep GC freed 3(96B) AllocSpace objects, 0(0B) LOS objects, 29% free, 37MB/53MB, paused 974us total 32.762ms
08-05 04:09:56.247 28464  2648 I art     : Starting a blocking GC Explicit
08-05 04:09:56.278 28464  2648 I art     : Explicit concurrent mark sweep GC freed 3(96B) AllocSpace objects, 0(0B) LOS objects, 29% free, 37MB/53MB, paused 1.007ms total 31.378ms
08-05 04:09:56.615 28464 28476 I art     : Starting a blocking GC Explicit
08-05 04:09:56.651 28464 28476 I art     : Explicit concurrent mark sweep GC freed 1605(91KB) AllocSpace objects, 1(20KB) LOS objects, 29% free, 37MB/53MB, paused 1.079ms total 36.278ms
08-05 04:09:56.662 28464 28476 I art     : Starting a blocking GC Explicit
08-05 04:09:56.698 28464 28476 I art     : Explicit concurrent mark sweep GC freed 28(1040B) AllocSpace objects, 0(0B) LOS objects, 29% free, 37MB/53MB, paused 967us total 35.919ms
08-05 04:09:56.708 28464 28476 I art     : Starting a blocking GC Explicit
08-05 04:09:56.741 28464 28476 I art     : Explicit concurrent mark sweep GC freed 3(96B) AllocSpace objects, 0(0B) LOS objects, 29% free, 37MB/53MB, paused 1.022ms total 32.424ms
08-05 04:09:56.751 28464 28476 I art     : Starting a blocking GC Explicit
08-05 04:09:56.783 28464 28476 I art     : Explicit concurrent mark sweep GC freed 3(96B) AllocSpace objects, 0(0B) LOS objects, 29% free, 37MB/53MB, paused 908us total 31.795ms
08-05 04:09:56.795 28464 28476 I art     : Starting a blocking GC Explicit
08-05 04:09:56.827 28464 28476 I art     : Explicit concurrent mark sweep GC freed 337(15KB) AllocSpace objects, 0(0B) LOS objects, 29% free, 37MB/53MB, paused 948us total 31.947ms
08-05 04:09:56.886 28464  3382 E baseline.com.newsblur.network.APIResponse: Error (unexpected end of stream on https://www.newsblur.com/...) calling https://www.newsblur.com/reader/mark_story_hashes_as_read/
08-05 04:09:56.886 28464  3382 E baseline.com.newsblur.network.APIResponse: java.io.IOException: unexpected end of stream on https://www.newsblur.com/...
08-05 04:09:56.886 28464  3382 E baseline.com.newsblur.network.APIResponse: 	at okhttp3.internal.http1.Http1ExchangeCodec.readResponseHeaders(Http1ExchangeCodec.java:236)
08-05 04:09:56.886 28464  3382 E baseline.com.newsblur.network.APIResponse: 	at okhttp3.internal.connection.Exchange.readResponseHeaders(Exchange.java:115)
08-05 04:09:56.886 28464  3382 E baseline.com.newsblur.network.APIResponse: 	at okhttp3.internal.http.CallServerInterceptor.intercept(CallServerInterceptor.java:94)
08-05 04:09:56.886 28464  3382 E baseline.com.newsblur.network.APIResponse: 	at okhttp3.internal.http.RealInterceptorChain.proceed(RealInterceptorChain.java:142)
08-05 04:09:56.886 28464  3382 E baseline.com.newsblur.network.APIResponse: 	at okhttp3.internal.connection.ConnectInterceptor.intercept(ConnectInterceptor.java:43)
08-05 04:09:56.886 28464  3382 E baseline.com.newsblur.network.APIResponse: 	at okhttp3.internal.http.RealInterceptorChain.proceed(RealInterceptorChain.java:142)
08-05 04:09:56.886 28464  3382 E baseline.com.newsblur.network.APIResponse: 	at okhttp3.internal.http.RealInterceptorChain.proceed(RealInterceptorChain.java:117)
08-05 04:09:56.886 28464  3382 E baseline.com.newsblur.network.APIResponse: 	at okhttp3.internal.cache.CacheInterceptor.intercept(CacheInterceptor.java:94)
08-05 04:09:56.886 28464  3382 E baseline.com.newsblur.network.APIResponse: 	at okhttp3.internal.http.RealInterceptorChain.proceed(RealInterceptorChain.java:142)
08-05 04:09:56.886 28464  3382 E baseline.com.newsblur.network.APIResponse: 	at okhttp3.internal.http.RealInterceptorChain.proceed(RealInterceptorChain.java:117)
08-05 04:09:56.886 28464  3382 E baseline.com.newsblur.network.APIResponse: 	at okhttp3.internal.http.BridgeInterceptor.intercept(BridgeInterceptor.java:93)
08-05 04:09:56.886 28464  3382 E baseline.com.newsblur.network.APIResponse: 	at okhttp3.internal.http.RealInterceptorChain.proceed(RealInterceptorChain.java:142)
08-05 04:09:56.886 28464  3382 E baseline.com.newsblur.network.APIResponse: 	at okhttp3.internal.http.RetryAndFollowUpInterceptor.intercept(RetryAndFollowUpInterceptor.java:88)
08-05 04:09:56.886 28464  3382 E baseline.com.newsblur.network.APIResponse: 	at okhttp3.internal.http.RealInterceptorChain.proceed(RealInterceptorChain.java:142)
08-05 04:09:56.886 28464  3382 E baseline.com.newsblur.network.APIResponse: 	at okhttp3.internal.http.RealInterceptorChain.proceed(RealInterceptorChain.java:117)
08-05 04:09:56.886 28464  3382 E baseline.com.newsblur.network.APIResponse: 	at okhttp3.RealCall.getResponseWithInterceptorChain(RealCall.java:229)
08-05 04:09:56.886 28464  3382 E baseline.com.newsblur.network.APIResponse: 	at okhttp3.RealCall.execute(RealCall.java:81)
08-05 04:09:56.886 28464  3382 E baseline.com.newsblur.network.APIResponse: 	at baseline.com.newsblur.network.APIResponse.<init>(APIResponse.java:57)
08-05 04:09:56.886 28464  3382 E baseline.com.newsblur.network.APIResponse: 	at baseline.com.newsblur.network.APIResponse.<init>(APIResponse.java:43)
08-05 04:09:56.886 28464  3382 E baseline.com.newsblur.network.APIResponse: 	at baseline.com.newsblur.network.APIManager.post_single(APIManager.java:702)
08-05 04:09:56.886 28464  3382 E baseline.com.newsblur.network.APIResponse: 	at baseline.com.newsblur.network.APIManager.post(APIManager.java:675)
08-05 04:09:56.886 28464  3382 E baseline.com.newsblur.network.APIResponse: 	at baseline.com.newsblur.network.APIManager.post(APIManager.java:714)
08-05 04:09:56.886 28464  3382 E baseline.com.newsblur.network.APIResponse: 	at baseline.com.newsblur.network.APIManager.markStoryAsRead(APIManager.java:205)
08-05 04:09:56.886 28464  3382 E baseline.com.newsblur.network.APIResponse: 	at baseline.com.newsblur.util.ReadingAction.doRemote(ReadingAction.java:281)
08-05 04:09:56.886 28464  3382 E baseline.com.newsblur.network.APIResponse: 	at baseline.com.newsblur.service.NBSyncService.syncActions(NBSyncService.java:400)
08-05 04:09:56.886 28464  3382 E baseline.com.newsblur.network.APIResponse: 	at baseline.com.newsblur.service.NBSyncService.doSync(NBSyncService.java:298)
08-05 04:09:56.886 28464  3382 E baseline.com.newsblur.network.APIResponse: 	at baseline.com.newsblur.service.NBSyncService.access$100(NBSyncService.java:67)
08-05 04:09:56.886 28464  3382 E baseline.com.newsblur.network.APIResponse: 	at baseline.com.newsblur.service.NBSyncService$1.run(NBSyncService.java:188)
08-05 04:09:56.886 28464  3382 E baseline.com.newsblur.network.APIResponse: 	at java.util.concurrent.ThreadPoolExecutor.runWorker(ThreadPoolExecutor.java:1113)
08-05 04:09:56.886 28464  3382 E baseline.com.newsblur.network.APIResponse: 	at java.util.concurrent.ThreadPoolExecutor$Worker.run(ThreadPoolExecutor.java:588)
08-05 04:09:56.886 28464  3382 E baseline.com.newsblur.network.APIResponse: 	at java.lang.Thread.run(Thread.java:818)
08-05 04:09:56.886 28464  3382 E baseline.com.newsblur.network.APIResponse: Caused by: java.io.EOFException: \n not found: limit=0 content=
08-05 04:09:56.886 28464  3382 E baseline.com.newsblur.network.APIResponse: 	at okio.RealBufferedSource.readUtf8LineStrict(RealBufferedSource.java:240)
08-05 04:09:56.886 28464  3382 E baseline.com.newsblur.network.APIResponse: 	at okhttp3.internal.http1.Http1ExchangeCodec.readHeaderLine(Http1ExchangeCodec.java:242)
08-05 04:09:56.886 28464  3382 E baseline.com.newsblur.network.APIResponse: 	at okhttp3.internal.http1.Http1ExchangeCodec.readResponseHeaders(Http1ExchangeCodec.java:213)
08-05 04:09:56.886 28464  3382 E baseline.com.newsblur.network.APIResponse: 	... 30 more
08-05 04:09:56.887 28464  3382 I baseline.com.newsblur.network.APIManager: API call failed, pausing before retry number 2
08-05 04:09:57.169 28464 28476 I art     : Starting a blocking GC Explicit
08-05 04:09:57.205 28464 28476 I art     : Explicit concurrent mark sweep GC freed 3625(342KB) AllocSpace objects, 3(60KB) LOS objects, 29% free, 37MB/53MB, paused 1.059ms total 35.651ms
08-05 04:09:57.216 28464 28476 I art     : Starting a blocking GC Explicit
08-05 04:09:57.251 28464 28476 I art     : Explicit concurrent mark sweep GC freed 97(3KB) AllocSpace objects, 0(0B) LOS objects, 29% free, 37MB/53MB, paused 881us total 34.273ms
08-05 04:09:57.262 28464 28476 I art     : Starting a blocking GC Explicit
08-05 04:09:57.294 28464 28476 I art     : Explicit concurrent mark sweep GC freed 3(96B) AllocSpace objects, 0(0B) LOS objects, 29% free, 37MB/53MB, paused 845us total 32.419ms
08-05 04:09:57.304 28464 28476 I art     : Starting a blocking GC Explicit
08-05 04:09:57.336 28464 28476 I art     : Explicit concurrent mark sweep GC freed 3(96B) AllocSpace objects, 0(0B) LOS objects, 29% free, 37MB/53MB, paused 976us total 31.006ms
08-05 04:09:57.347 28464 28476 I art     : Starting a blocking GC Explicit
08-05 04:09:57.379 28464 28476 I art     : Explicit concurrent mark sweep GC freed 3(96B) AllocSpace objects, 0(0B) LOS objects, 29% free, 37MB/53MB, paused 846us total 32.025ms
08-05 04:09:57.737 28464 28476 I art     : Starting a blocking GC Explicit
08-05 04:09:57.773 28464 28476 I art     : Explicit concurrent mark sweep GC freed 1439(82KB) AllocSpace objects, 1(20KB) LOS objects, 29% free, 37MB/53MB, paused 941us total 35.827ms
08-05 04:09:57.773 28464 28474 I art     : WaitForGcToComplete blocked for 29.179ms for cause HeapTrim
08-05 04:09:57.783 28464 28476 I art     : Starting a blocking GC Explicit
08-05 04:09:57.813 28464 28476 I art     : Explicit concurrent mark sweep GC freed 22(800B) AllocSpace objects, 0(0B) LOS objects, 29% free, 37MB/53MB, paused 840us total 29.893ms
08-05 04:09:57.823 28464 28476 I art     : Starting a blocking GC Explicit
08-05 04:09:57.854 28464 28476 I art     : Explicit concurrent mark sweep GC freed 3(96B) AllocSpace objects, 0(0B) LOS objects, 29% free, 37MB/53MB, paused 948us total 31.212ms
08-05 04:09:57.864 28464 28476 I art     : Starting a blocking GC Explicit
08-05 04:09:57.895 28464 28476 I art     : Explicit concurrent mark sweep GC freed 3(96B) AllocSpace objects, 0(0B) LOS objects, 29% free, 37MB/53MB, paused 854us total 31.208ms
08-05 04:09:57.905 28464 28476 I art     : Starting a blocking GC Explicit
08-05 04:09:57.934 28464 28476 I art     : Explicit concurrent mark sweep GC freed 3(96B) AllocSpace objects, 0(0B) LOS objects, 29% free, 37MB/53MB, paused 887us total 28.876ms
08-05 04:09:58.049  3464  3464 D AndroidRuntime: >>>>>> START com.android.internal.os.RuntimeInit uid 2000 <<<<<<
08-05 04:09:58.055  3464  3464 D AndroidRuntime: CheckJNI is OFF
08-05 04:09:58.088  3464  3464 D ICU     : No timezone override file found: /data/misc/zoneinfo/current/icu/icu_tzdata.dat
08-05 04:09:58.121  3464  3464 I Radio-JNI: register_android_hardware_Radio DONE
08-05 04:09:58.142  3464  3464 D AndroidRuntime: Calling main entry com.android.commands.input.Input
08-05 04:09:58.143  3464  3464 I Input   : injectKeyEvent: KeyEvent { action=ACTION_DOWN, keyCode=KEYCODE_BACK, scanCode=0, metaState=0, flags=0x0, repeatCount=0, eventTime=763814556, downTime=763814556, deviceId=-1, source=0x101 }
08-05 04:09:58.150  3464  3464 I Input   : injectKeyEvent: KeyEvent { action=ACTION_UP, keyCode=KEYCODE_BACK, scanCode=0, metaState=0, flags=0x0, repeatCount=0, eventTime=763814556, downTime=763814556, deviceId=-1, source=0x101 }
08-05 04:09:58.157  3464  3464 D AndroidRuntime: Shutting down VM
08-05 04:09:58.251 28464 28476 I art     : Starting a blocking GC Explicit
08-05 04:09:58.275 13866 13866 I GoogleInputMethodServic: GoogleInputMethodService.onFinishInput():3138 
08-05 04:09:58.275 13866 13866 I GoogleInputMethodServic: GoogleInputMethodService.onStartInput():1808 
08-05 04:09:58.288 28464 28476 I art     : Explicit concurrent mark sweep GC freed 2804(223KB) AllocSpace objects, 5(100KB) LOS objects, 29% free, 37MB/53MB, paused 1.088ms total 36.291ms
08-05 04:09:58.298 28464 28476 I art     : Starting a blocking GC Explicit
08-05 04:09:58.332 28464 28476 I art     : Explicit concurrent mark sweep GC freed 783(58KB) AllocSpace objects, 1(20KB) LOS objects, 29% free, 37MB/53MB, paused 927us total 33.785ms
08-05 04:09:58.341 28464 28476 I art     : Starting a blocking GC Explicit
08-05 04:09:58.371 28464 28476 I art     : Explicit concurrent mark sweep GC freed 59(2240B) AllocSpace objects, 0(0B) LOS objects, 29% free, 37MB/53MB, paused 931us total 29.634ms
08-05 04:09:58.380 28464 28476 I art     : Starting a blocking GC Explicit
08-05 04:09:58.408 28464 28476 I art     : Explicit concurrent mark sweep GC freed 3(96B) AllocSpace objects, 1(28KB) LOS objects, 29% free, 37MB/53MB, paused 853us total 27.943ms
08-05 04:09:58.418 28464 28476 I art     : Starting a blocking GC Explicit
08-05 04:09:58.447 28464 28476 I art     : Explicit concurrent mark sweep GC freed 3(96B) AllocSpace objects, 0(0B) LOS objects, 29% free, 37MB/53MB, paused 911us total 28.725ms
08-05 04:09:58.745 28464 28475 I art     : Starting a blocking GC Explicit
08-05 04:09:58.777 28464 28475 I art     : Explicit concurrent mark sweep GC freed 3132(163KB) AllocSpace objects, 1(20KB) LOS objects, 29% free, 37MB/53MB, paused 925us total 31.994ms
08-05 04:09:58.787 28464 28475 I art     : Starting a blocking GC Explicit
08-05 04:09:58.820 28464 28475 I art     : Explicit concurrent mark sweep GC freed 153(7KB) AllocSpace objects, 0(0B) LOS objects, 29% free, 37MB/53MB, paused 956us total 31.960ms
08-05 04:09:58.829 28464 28475 I art     : Starting a blocking GC Explicit
08-05 04:09:58.861 28464 28475 I art     : Explicit concurrent mark sweep GC freed 9(288B) AllocSpace objects, 0(0B) LOS objects, 29% free, 37MB/53MB, paused 911us total 31.896ms
08-05 04:09:58.873 28464 28475 I art     : Starting a blocking GC Explicit
08-05 04:09:58.907 28464 28475 I art     : Explicit concurrent mark sweep GC freed 7(224B) AllocSpace objects, 0(0B) LOS objects, 29% free, 37MB/53MB, paused 1.049ms total 33.886ms
08-05 04:09:58.917 28464 28475 I art     : Starting a blocking GC Explicit
08-05 04:09:58.949 28464 28475 I art     : Explicit concurrent mark sweep GC freed 9(288B) AllocSpace objects, 0(0B) LOS objects, 29% free, 37MB/53MB, paused 1.010ms total 31.283ms
08-05 04:09:59.276 28464 28475 I art     : Starting a blocking GC Explicit
08-05 04:09:59.278   918  3261 D WifiStateMachine: starting scan for "H369AA63323"WPA_PSK with 2412,5180
08-05 04:09:59.317 28464 28475 I art     : Explicit concurrent mark sweep GC freed 1482(84KB) AllocSpace objects, 1(20KB) LOS objects, 29% free, 37MB/53MB, paused 1.102ms total 40.360ms
08-05 04:09:59.328 28464 28475 I art     : Starting a blocking GC Explicit
08-05 04:09:59.365 28464 28475 I art     : Explicit concurrent mark sweep GC freed 28(976B) AllocSpace objects, 0(0B) LOS objects, 29% free, 37MB/53MB, paused 1.043ms total 36.112ms
08-05 04:09:59.376 28464 28475 I art     : Starting a blocking GC Explicit
08-05 04:09:59.407 28464 28475 I art     : Explicit concurrent mark sweep GC freed 7(224B) AllocSpace objects, 0(0B) LOS objects, 29% free, 37MB/53MB, paused 946us total 30.397ms
08-05 04:09:59.417 28464 28475 I art     : Starting a blocking GC Explicit
08-05 04:09:59.448 28464 28475 I art     : Explicit concurrent mark sweep GC freed 9(288B) AllocSpace objects, 0(0B) LOS objects, 29% free, 37MB/53MB, paused 1.292ms total 30.826ms
08-05 04:09:59.458 28464 28475 I art     : Starting a blocking GC Explicit
08-05 04:09:59.490 28464 28475 I art     : Explicit concurrent mark sweep GC freed 8(256B) AllocSpace objects, 0(0B) LOS objects, 29% free, 37MB/53MB, paused 945us total 31.519ms
08-05 04:09:59.792  3507  3507 D AndroidRuntime: >>>>>> START com.android.internal.os.RuntimeInit uid 2000 <<<<<<
08-05 04:09:59.796  3507  3507 D AndroidRuntime: CheckJNI is OFF
08-05 04:09:59.799 28464 28476 I art     : Starting a blocking GC Explicit
08-05 04:09:59.827  3507  3507 D ICU     : No timezone override file found: /data/misc/zoneinfo/current/icu/icu_tzdata.dat
08-05 04:09:59.829 28464 28476 I art     : Explicit concurrent mark sweep GC freed 1466(83KB) AllocSpace objects, 1(20KB) LOS objects, 29% free, 37MB/53MB, paused 982us total 29.317ms
08-05 04:09:59.838 28464 28476 I art     : Starting a blocking GC Explicit
08-05 04:09:59.858  3507  3507 I Radio-JNI: register_android_hardware_Radio DONE
08-05 04:09:59.868 28464 28476 I art     : Explicit concurrent mark sweep GC freed 22(784B) AllocSpace objects, 0(0B) LOS objects, 29% free, 37MB/53MB, paused 907us total 29.504ms
08-05 04:09:59.877 28464 28476 I art     : Starting a blocking GC Explicit
08-05 04:09:59.880  3507  3507 D AndroidRuntime: Calling main entry com.android.commands.input.Input
08-05 04:09:59.881  3507  3507 I Input   : injectKeyEvent: KeyEvent { action=ACTION_DOWN, keyCode=KEYCODE_BACK, scanCode=0, metaState=0, flags=0x0, repeatCount=0, eventTime=763816294, downTime=763816294, deviceId=-1, source=0x101 }
08-05 04:09:59.885  3507  3507 I Input   : injectKeyEvent: KeyEvent { action=ACTION_UP, keyCode=KEYCODE_BACK, scanCode=0, metaState=0, flags=0x0, repeatCount=0, eventTime=763816294, downTime=763816294, deviceId=-1, source=0x101 }
08-05 04:09:59.890  3507  3507 D AndroidRuntime: Shutting down VM
08-05 04:09:59.907 28464 28476 I art     : Explicit concurrent mark sweep GC freed 417(68KB) AllocSpace objects, 4(80KB) LOS objects, 29% free, 37MB/53MB, paused 1.130ms total 29.628ms
08-05 04:09:59.916 28464 28476 I art     : Starting a blocking GC Explicit
08-05 04:09:59.946 28464 28476 I art     : Explicit concurrent mark sweep GC freed 71(2768B) AllocSpace objects, 0(0B) LOS objects, 29% free, 37MB/53MB, paused 1.023ms total 29.829ms
08-05 04:09:59.955 28464 28476 I art     : Starting a blocking GC Explicit
08-05 04:09:59.988 28464 28476 I art     : Explicit concurrent mark sweep GC freed 1814(122KB) AllocSpace objects, 3(60KB) LOS objects, 29% free, 37MB/53MB, paused 1.269ms total 33.474ms
08-05 04:10:00.034 13866 13866 I GoogleInputMethodServic: GoogleInputMethodService.onFinishInput():3138 
08-05 04:10:00.034 13866 13866 I GoogleInputMethodServic: GoogleInputMethodService.onStartInput():1808 
08-05 04:10:00.271 28464  2651 I art     : Starting a blocking GC Explicit
08-05 04:10:00.318 28464  2651 I art     : Explicit concurrent mark sweep GC freed 7575(477KB) AllocSpace objects, 6(120KB) LOS objects, 29% free, 37MB/53MB, paused 1.282ms total 46.467ms
08-05 04:10:00.329 28464  2651 I art     : Starting a blocking GC Explicit
08-05 04:10:00.368 28464  2651 I art     : Explicit concurrent mark sweep GC freed 185(7KB) AllocSpace objects, 0(0B) LOS objects, 29% free, 37MB/53MB, paused 1.130ms total 39.013ms
08-05 04:10:00.378 28464  2651 I art     : Starting a blocking GC Explicit
08-05 04:10:00.413 28464  2651 I art     : Explicit concurrent mark sweep GC freed 406(18KB) AllocSpace objects, 0(0B) LOS objects, 29% free, 37MB/53MB, paused 1.087ms total 34.194ms
08-05 04:10:00.423 28464  2651 I art     : Starting a blocking GC Explicit
08-05 04:10:00.454 28464  2651 I art     : Explicit concurrent mark sweep GC freed 51(2144B) AllocSpace objects, 0(0B) LOS objects, 29% free, 37MB/53MB, paused 992us total 31.005ms
08-05 04:10:00.458   518   646 I ThermalEngine: ACTION: GPU - Setting GPU[0] to 450000000
08-05 04:10:00.469 28464  2651 I art     : Starting a blocking GC Explicit
08-05 04:10:00.508 28464  2651 I art     : Explicit concurrent mark sweep GC freed 146(6KB) AllocSpace objects, 0(0B) LOS objects, 29% free, 37MB/53MB, paused 1.452ms total 38.508ms
08-05 04:10:00.856 28464  2651 I art     : Starting a blocking GC Explicit
08-05 04:10:00.903 28464  2651 I art     : Explicit concurrent mark sweep GC freed 1487(84KB) AllocSpace objects, 1(20KB) LOS objects, 29% free, 37MB/53MB, paused 1.814ms total 46.238ms
08-05 04:10:00.916 28464  2651 I art     : Starting a blocking GC Explicit
08-05 04:10:00.956 28464  2651 I art     : Explicit concurrent mark sweep GC freed 1714(66KB) AllocSpace objects, 0(0B) LOS objects, 29% free, 37MB/53MB, paused 1.352ms total 39.250ms
08-05 04:10:00.968 28464  2651 I art     : Starting a blocking GC Explicit
08-05 04:10:00.973 28464  3382 E baseline.com.newsblur.network.APIResponse: Error (unexpected end of stream on https://www.newsblur.com/...) calling https://www.newsblur.com/reader/mark_story_hashes_as_read/
08-05 04:10:00.973 28464  3382 E baseline.com.newsblur.network.APIResponse: java.io.IOException: unexpected end of stream on https://www.newsblur.com/...
08-05 04:10:00.973 28464  3382 E baseline.com.newsblur.network.APIResponse: 	at okhttp3.internal.http1.Http1ExchangeCodec.readResponseHeaders(Http1ExchangeCodec.java:236)
08-05 04:10:00.973 28464  3382 E baseline.com.newsblur.network.APIResponse: 	at okhttp3.internal.connection.Exchange.readResponseHeaders(Exchange.java:115)
08-05 04:10:00.973 28464  3382 E baseline.com.newsblur.network.APIResponse: 	at okhttp3.internal.http.CallServerInterceptor.intercept(CallServerInterceptor.java:94)
08-05 04:10:00.973 28464  3382 E baseline.com.newsblur.network.APIResponse: 	at okhttp3.internal.http.RealInterceptorChain.proceed(RealInterceptorChain.java:142)
08-05 04:10:00.973 28464  3382 E baseline.com.newsblur.network.APIResponse: 	at okhttp3.internal.connection.ConnectInterceptor.intercept(ConnectInterceptor.java:43)
08-05 04:10:00.973 28464  3382 E baseline.com.newsblur.network.APIResponse: 	at okhttp3.internal.http.RealInterceptorChain.proceed(RealInterceptorChain.java:142)
08-05 04:10:00.973 28464  3382 E baseline.com.newsblur.network.APIResponse: 	at okhttp3.internal.http.RealInterceptorChain.proceed(RealInterceptorChain.java:117)
08-05 04:10:00.973 28464  3382 E baseline.com.newsblur.network.APIResponse: 	at okhttp3.internal.cache.CacheInterceptor.intercept(CacheInterceptor.java:94)
08-05 04:10:00.973 28464  3382 E baseline.com.newsblur.network.APIResponse: 	at okhttp3.internal.http.RealInterceptorChain.proceed(RealInterceptorChain.java:142)
08-05 04:10:00.973 28464  3382 E baseline.com.newsblur.network.APIResponse: 	at okhttp3.internal.http.RealInterceptorChain.proceed(RealInterceptorChain.java:117)
08-05 04:10:00.973 28464  3382 E baseline.com.newsblur.network.APIResponse: 	at okhttp3.internal.http.BridgeInterceptor.intercept(BridgeInterceptor.java:93)
08-05 04:10:00.973 28464  3382 E baseline.com.newsblur.network.APIResponse: 	at okhttp3.internal.http.RealInterceptorChain.proceed(RealInterceptorChain.java:142)
08-05 04:10:00.973 28464  3382 E baseline.com.newsblur.network.APIResponse: 	at okhttp3.internal.http.RetryAndFollowUpInterceptor.intercept(RetryAndFollowUpInterceptor.java:88)
08-05 04:10:00.973 28464  3382 E baseline.com.newsblur.network.APIResponse: 	at okhttp3.internal.http.RealInterceptorChain.proceed(RealInterceptorChain.java:142)
08-05 04:10:00.973 28464  3382 E baseline.com.newsblur.network.APIResponse: 	at okhttp3.internal.http.RealInterceptorChain.proceed(RealInterceptorChain.java:117)
08-05 04:10:00.973 28464  3382 E baseline.com.newsblur.network.APIResponse: 	at okhttp3.RealCall.getResponseWithInterceptorChain(RealCall.java:229)
08-05 04:10:00.973 28464  3382 E baseline.com.newsblur.network.APIResponse: 	at okhttp3.RealCall.execute(RealCall.java:81)
08-05 04:10:00.973 28464  3382 E baseline.com.newsblur.network.APIResponse: 	at baseline.com.newsblur.network.APIResponse.<init>(APIResponse.java:57)
08-05 04:10:00.973 28464  3382 E baseline.com.newsblur.network.APIResponse: 	at baseline.com.newsblur.network.APIResponse.<init>(APIResponse.java:43)
08-05 04:10:00.973 28464  3382 E baseline.com.newsblur.network.APIResponse: 	at baseline.com.newsblur.network.APIManager.post_single(APIManager.java:702)
08-05 04:10:00.973 28464  3382 E baseline.com.newsblur.network.APIResponse: 	at baseline.com.newsblur.network.APIManager.post(APIManager.java:675)
08-05 04:10:00.973 28464  3382 E baseline.com.newsblur.network.APIResponse: 	at baseline.com.newsblur.network.APIManager.post(APIManager.java:714)
08-05 04:10:00.973 28464  3382 E baseline.com.newsblur.network.APIResponse: 	at baseline.com.newsblur.network.APIManager.markStoryAsRead(APIManager.java:205)
08-05 04:10:00.973 28464  3382 E baseline.com.newsblur.network.APIResponse: 	at baseline.com.newsblur.util.ReadingAction.doRemote(ReadingAction.java:281)
08-05 04:10:00.973 28464  3382 E baseline.com.newsblur.network.APIResponse: 	at baseline.com.newsblur.service.NBSyncService.syncActions(NBSyncService.java:400)
08-05 04:10:00.973 28464  3382 E baseline.com.newsblur.network.APIResponse: 	at baseline.com.newsblur.service.NBSyncService.doSync(NBSyncService.java:298)
08-05 04:10:00.973 28464  3382 E baseline.com.newsblur.network.APIResponse: 	at baseline.com.newsblur.service.NBSyncService.access$100(NBSyncService.java:67)
08-05 04:10:00.973 28464  3382 E baseline.com.newsblur.network.APIResponse: 	at baseline.com.newsblur.service.NBSyncService$1.run(NBSyncService.java:188)
08-05 04:10:00.973 28464  3382 E baseline.com.newsblur.network.APIResponse: 	at java.util.concurrent.ThreadPoolExecutor.runWorker(ThreadPoolExecutor.java:1113)
08-05 04:10:00.973 28464  3382 E baseline.com.newsblur.network.APIResponse: 	at java.util.concurrent.ThreadPoolExecutor$Worker.run(ThreadPoolExecutor.java:588)
08-05 04:10:00.973 28464  3382 E baseline.com.newsblur.network.APIResponse: 	at java.lang.Thread.run(Thread.java:818)
08-05 04:10:00.973 28464  3382 E baseline.com.newsblur.network.APIResponse: Caused by: java.io.EOFException: \n not found: limit=0 content=
08-05 04:10:00.973 28464  3382 E baseline.com.newsblur.network.APIResponse: 	at okio.RealBufferedSource.readUtf8LineStrict(RealBufferedSource.java:240)
08-05 04:10:00.973 28464  3382 E baseline.com.newsblur.network.APIResponse: 	at okhttp3.internal.http1.Http1ExchangeCodec.readHeaderLine(Http1ExchangeCodec.java:242)
08-05 04:10:00.973 28464  3382 E baseline.com.newsblur.network.APIResponse: 	at okhttp3.internal.http1.Http1ExchangeCodec.readResponseHeaders(Http1ExchangeCodec.java:213)
08-05 04:10:00.973 28464  3382 E baseline.com.newsblur.network.APIResponse: 	... 30 more
08-05 04:10:00.974 28464  3382 I baseline.com.newsblur.service.NBSyncService: Holding reading action with server-side or network error.
08-05 04:10:00.984 28464  3382 W baseline.com.newsblur.service.NBSyncService: hard API failure
08-05 04:10:01.009 28464  2651 I art     : Explicit concurrent mark sweep GC freed 1130(241KB) AllocSpace objects, 4(80KB) LOS objects, 29% free, 37MB/53MB, paused 1.399ms total 41.011ms
08-05 04:10:01.022 28464  2651 I art     : Starting a blocking GC Explicit
08-05 04:10:01.063 28464  2651 I art     : Explicit concurrent mark sweep GC freed 205(21KB) AllocSpace objects, 0(0B) LOS objects, 29% free, 37MB/53MB, paused 1.370ms total 41.231ms
08-05 04:10:01.077 28464  2651 I art     : Starting a blocking GC Explicit
08-05 04:10:01.120 28464  2651 I art     : Explicit concurrent mark sweep GC freed 32(1056B) AllocSpace objects, 0(0B) LOS objects, 29% free, 37MB/53MB, paused 1.455ms total 42.059ms
08-05 04:10:01.385 28464  3382 E baseline.com.newsblur.network.APIResponse: Error (unexpected end of stream on https://www.newsblur.com/...) calling https://www.newsblur.com/reader/mark_story_hashes_as_read/
08-05 04:10:01.385 28464  3382 E baseline.com.newsblur.network.APIResponse: java.io.IOException: unexpected end of stream on https://www.newsblur.com/...
08-05 04:10:01.385 28464  3382 E baseline.com.newsblur.network.APIResponse: 	at okhttp3.internal.http1.Http1ExchangeCodec.readResponseHeaders(Http1ExchangeCodec.java:236)
08-05 04:10:01.385 28464  3382 E baseline.com.newsblur.network.APIResponse: 	at okhttp3.internal.connection.Exchange.readResponseHeaders(Exchange.java:115)
08-05 04:10:01.385 28464  3382 E baseline.com.newsblur.network.APIResponse: 	at okhttp3.internal.http.CallServerInterceptor.intercept(CallServerInterceptor.java:94)
08-05 04:10:01.385 28464  3382 E baseline.com.newsblur.network.APIResponse: 	at okhttp3.internal.http.RealInterceptorChain.proceed(RealInterceptorChain.java:142)
08-05 04:10:01.385 28464  3382 E baseline.com.newsblur.network.APIResponse: 	at okhttp3.internal.connection.ConnectInterceptor.intercept(ConnectInterceptor.java:43)
08-05 04:10:01.385 28464  3382 E baseline.com.newsblur.network.APIResponse: 	at okhttp3.internal.http.RealInterceptorChain.proceed(RealInterceptorChain.java:142)
08-05 04:10:01.385 28464  3382 E baseline.com.newsblur.network.APIResponse: 	at okhttp3.internal.http.RealInterceptorChain.proceed(RealInterceptorChain.java:117)
08-05 04:10:01.385 28464  3382 E baseline.com.newsblur.network.APIResponse: 	at okhttp3.internal.cache.CacheInterceptor.intercept(CacheInterceptor.java:94)
08-05 04:10:01.385 28464  3382 E baseline.com.newsblur.network.APIResponse: 	at okhttp3.internal.http.RealInterceptorChain.proceed(RealInterceptorChain.java:142)
08-05 04:10:01.385 28464  3382 E baseline.com.newsblur.network.APIResponse: 	at okhttp3.internal.http.RealInterceptorChain.proceed(RealInterceptorChain.java:117)
08-05 04:10:01.385 28464  3382 E baseline.com.newsblur.network.APIResponse: 	at okhttp3.internal.http.BridgeInterceptor.intercept(BridgeInterceptor.java:93)
08-05 04:10:01.385 28464  3382 E baseline.com.newsblur.network.APIResponse: 	at okhttp3.internal.http.RealInterceptorChain.proceed(RealInterceptorChain.java:142)
08-05 04:10:01.385 28464  3382 E baseline.com.newsblur.network.APIResponse: 	at okhttp3.internal.http.RetryAndFollowUpInterceptor.intercept(RetryAndFollowUpInterceptor.java:88)
08-05 04:10:01.385 28464  3382 E baseline.com.newsblur.network.APIResponse: 	at okhttp3.internal.http.RealInterceptorChain.proceed(RealInterceptorChain.java:142)
08-05 04:10:01.385 28464  3382 E baseline.com.newsblur.network.APIResponse: 	at okhttp3.internal.http.RealInterceptorChain.proceed(RealInterceptorChain.java:117)
08-05 04:10:01.385 28464  3382 E baseline.com.newsblur.network.APIResponse: 	at okhttp3.RealCall.getResponseWithInterceptorChain(RealCall.java:229)
08-05 04:10:01.385 28464  3382 E baseline.com.newsblur.network.APIResponse: 	at okhttp3.RealCall.execute(RealCall.java:81)
08-05 04:10:01.385 28464  3382 E baseline.com.newsblur.network.APIResponse: 	at baseline.com.newsblur.network.APIResponse.<init>(APIResponse.java:57)
08-05 04:10:01.385 28464  3382 E baseline.com.newsblur.network.APIResponse: 	at baseline.com.newsblur.network.APIResponse.<init>(APIResponse.java:43)
08-05 04:10:01.385 28464  3382 E baseline.com.newsblur.network.APIResponse: 	at baseline.com.newsblur.network.APIManager.post_single(APIManager.java:702)
08-05 04:10:01.385 28464  3382 E baseline.com.newsblur.network.APIResponse: 	at baseline.com.newsblur.network.APIManager.post(APIManager.java:675)
08-05 04:10:01.385 28464  3382 E baseline.com.newsblur.network.APIResponse: 	at baseline.com.newsblur.network.APIManager.post(APIManager.java:714)
08-05 04:10:01.385 28464  3382 E baseline.com.newsblur.network.APIResponse: 	at baseline.com.newsblur.network.APIManager.markStoryAsRead(APIManager.java:205)
08-05 04:10:01.385 28464  3382 E baseline.com.newsblur.network.APIResponse: 	at baseline.com.newsblur.util.ReadingAction.doRemote(ReadingAction.java:281)
08-05 04:10:01.385 28464  3382 E baseline.com.newsblur.network.APIResponse: 	at baseline.com.newsblur.service.NBSyncService.syncActions(NBSyncService.java:400)
08-05 04:10:01.385 28464  3382 E baseline.com.newsblur.network.APIResponse: 	at baseline.com.newsblur.service.NBSyncService.doSync(NBSyncService.java:298)
08-05 04:10:01.385 28464  3382 E baseline.com.newsblur.network.APIResponse: 	at baseline.com.newsblur.service.NBSyncService.access$100(NBSyncService.java:67)
08-05 04:10:01.385 28464  3382 E baseline.com.newsblur.network.APIResponse: 	at baseline.com.newsblur.service.NBSyncService$1.run(NBSyncService.java:188)
08-05 04:10:01.385 28464  3382 E baseline.com.newsblur.network.APIResponse: 	at java.util.concurrent.ThreadPoolExecutor.runWorker(ThreadPoolExecutor.java:1113)
08-05 04:10:01.385 28464  3382 E baseline.com.newsblur.network.APIResponse: 	at java.util.concurrent.ThreadPoolExecutor$Worker.run(ThreadPoolExecutor.java:588)
08-05 04:10:01.385 28464  3382 E baseline.com.newsblur.network.APIResponse: 	at java.lang.Thread.run(Thread.java:818)
08-05 04:10:01.385 28464  3382 E baseline.com.newsblur.network.APIResponse: Caused by: java.io.EOFException: \n not found: limit=0 content=
08-05 04:10:01.385 28464  3382 E baseline.com.newsblur.network.APIResponse: 	at okio.RealBufferedSource.readUtf8LineStrict(RealBufferedSource.java:240)
08-05 04:10:01.385 28464  3382 E baseline.com.newsblur.network.APIResponse: 	at okhttp3.internal.http1.Http1ExchangeCodec.readHeaderLine(Http1ExchangeCodec.java:242)
08-05 04:10:01.385 28464  3382 E baseline.com.newsblur.network.APIResponse: 	at okhttp3.internal.http1.Http1ExchangeCodec.readResponseHeaders(Http1ExchangeCodec.java:213)
08-05 04:10:01.385 28464  3382 E baseline.com.newsblur.network.APIResponse: 	... 30 more
08-05 04:10:01.387 28464  3382 I baseline.com.newsblur.network.APIManager: API call failed, pausing before retry number 1
08-05 04:10:01.468 28464 28475 I art     : Starting a blocking GC Explicit
08-05 04:10:01.514 28464 28475 I art     : Explicit concurrent mark sweep GC freed 3987(358KB) AllocSpace objects, 3(60KB) LOS objects, 29% free, 37MB/53MB, paused 1.274ms total 45.478ms
08-05 04:10:01.527 28464 28475 I art     : Starting a blocking GC Explicit
08-05 04:10:01.569 28464 28475 I art     : Explicit concurrent mark sweep GC freed 109(3KB) AllocSpace objects, 0(0B) LOS objects, 29% free, 37MB/53MB, paused 1.353ms total 42.501ms
08-05 04:10:01.582 28464 28475 I art     : Starting a blocking GC Explicit
08-05 04:10:01.625 28464 28475 I art     : Explicit concurrent mark sweep GC freed 3(96B) AllocSpace objects, 0(0B) LOS objects, 29% free, 37MB/53MB, paused 1.408ms total 43.075ms
08-05 04:10:01.638 28464 28475 I art     : Starting a blocking GC Explicit
08-05 04:10:01.665  3550  3550 D AndroidRuntime: >>>>>> START com.android.internal.os.RuntimeInit uid 2000 <<<<<<
08-05 04:10:01.671  3550  3550 D AndroidRuntime: CheckJNI is OFF
08-05 04:10:01.682 28464 28475 I art     : Explicit concurrent mark sweep GC freed 3(96B) AllocSpace objects, 0(0B) LOS objects, 29% free, 37MB/53MB, paused 1.468ms total 43.445ms
08-05 04:10:01.695 28464 28475 I art     : Starting a blocking GC Explicit
08-05 04:10:01.718  3550  3550 D ICU     : No timezone override file found: /data/misc/zoneinfo/current/icu/icu_tzdata.dat
08-05 04:10:01.737 28464 28475 I art     : Explicit concurrent mark sweep GC freed 3(96B) AllocSpace objects, 0(0B) LOS objects, 29% free, 37MB/53MB, paused 1.355ms total 42.294ms
08-05 04:10:01.765  3550  3550 I Radio-JNI: register_android_hardware_Radio DONE
08-05 04:10:01.794  3550  3550 D AndroidRuntime: Calling main entry com.android.commands.input.Input
08-05 04:10:01.796  3550  3550 I Input   : injectMotionEvent: MotionEvent { action=ACTION_DOWN, actionButton=0, id[0]=0, x[0]=594.0, y[0]=330.0, toolType[0]=TOOL_TYPE_UNKNOWN, buttonState=0, metaState=0, flags=0x0, edgeFlags=0x0, pointerCount=1, historySize=0, eventTime=763818208, downTime=763818208, deviceId=0, source=0x1002 }
08-05 04:10:01.802  3550  3550 I Input   : injectMotionEvent: MotionEvent { action=ACTION_UP, actionButton=0, id[0]=0, x[0]=594.0, y[0]=330.0, toolType[0]=TOOL_TYPE_UNKNOWN, buttonState=0, metaState=0, flags=0x0, edgeFlags=0x0, pointerCount=1, historySize=0, eventTime=763818208, downTime=763818208, deviceId=0, source=0x1002 }
08-05 04:10:01.804  3550  3550 D AndroidRuntime: Shutting down VM
08-05 04:10:01.871   918  5952 I ActivityManager: START u0 {cmp=baseline.com.newsblur/.activity.GlobalSharedStoriesItemsList (has extras)} from uid 10676 on display 0
08-05 04:10:01.894 28464  2409 I baseline.com.newsblur.database.BlurDatabaseHelper: reading session reset
08-05 04:10:02.067 28464 28475 I art     : Starting a blocking GC Explicit
08-05 04:10:02.082 28464 28464 W View    : requestLayout() improperly called by android.widget.FrameLayout{28e6041 V.E...... ......ID 0,0-1440,18 #7f07003f app:id/footer_view_inner} during layout: running second layout pass
08-05 04:10:02.082 28464 28464 W View    : requestLayout() improperly called by android.widget.FrameLayout{b38f9e6 V.E...... ......ID 0,0-1440,2091 #7f07003f app:id/footer_view_inner} during layout: running second layout pass
08-05 04:10:02.100   918   936 I ActivityManager: Displayed baseline.com.newsblur/.activity.GlobalSharedStoriesItemsList: +220ms
08-05 04:10:02.101 13866 13866 I GoogleInputMethodServic: GoogleInputMethodService.onFinishInput():3138 
08-05 04:10:02.101 13866 13866 I GoogleInputMethodServic: GoogleInputMethodService.onStartInput():1808 
08-05 04:10:02.114 28464 28475 I art     : Explicit concurrent mark sweep GC freed 4406(346KB) AllocSpace objects, 9(272KB) LOS objects, 29% free, 37MB/53MB, paused 1.697ms total 46.028ms
08-05 04:10:02.126 28464 28475 I art     : Starting a blocking GC Explicit
08-05 04:10:02.177 28464 28475 I art     : Explicit concurrent mark sweep GC freed 1331(77KB) AllocSpace objects, 4(80KB) LOS objects, 29% free, 37MB/53MB, paused 1.784ms total 50.509ms
08-05 04:10:02.191 28464 28475 I art     : Starting a blocking GC Explicit
08-05 04:10:02.236 28464 28475 I art     : Explicit concurrent mark sweep GC freed 165(11KB) AllocSpace objects, 1(20KB) LOS objects, 29% free, 37MB/53MB, paused 1.386ms total 45.180ms
08-05 04:10:02.248 28464 28475 I art     : Starting a blocking GC Explicit
08-05 04:10:02.284 28464  3584 I NAPPA_EXPERIMENTATION: MetricNetworkRequestExecutionTime: REQUEST_DURATION_SYSTEM='112',REQUEST_DURATION_OKHTTP='111',REQUEST_SYNCHRONOUS='TRUE',RESPONSE_CODE='200',RESPONSE_METHOD='GET',RESPONSE_LENGTH_OKHTTP='43',RESPONSE_LENGTH_HEADER='43',REQUEST_PROTOCOL='http/1.1',REQUEST_URL='http://feeds.feedburner.com/~r/retort/~4/UffaFMiJbNs',
08-05 04:10:02.289 28464 28475 I art     : Explicit concurrent mark sweep GC freed 184(26KB) AllocSpace objects, 1(20KB) LOS objects, 29% free, 37MB/53MB, paused 1.413ms total 40.042ms
08-05 04:10:02.302 28464 28475 I art     : Starting a blocking GC Explicit
08-05 04:10:02.344 28464 28475 I art     : Explicit concurrent mark sweep GC freed 218(10KB) AllocSpace objects, 0(0B) LOS objects, 29% free, 37MB/53MB, paused 1.403ms total 41.652ms
08-05 04:10:02.696 28464  2648 I art     : Starting a blocking GC Explicit
08-05 04:10:02.743 28464  2648 I art     : Explicit concurrent mark sweep GC freed 1825(110KB) AllocSpace objects, 2(40KB) LOS objects, 29% free, 37MB/53MB, paused 1.380ms total 46.700ms
08-05 04:10:02.760 28464  2648 I art     : Starting a blocking GC Explicit
08-05 04:10:02.803 28464  2648 I art     : Explicit concurrent mark sweep GC freed 29(1088B) AllocSpace objects, 0(0B) LOS objects, 29% free, 37MB/53MB, paused 1.267ms total 43.174ms
08-05 04:10:02.816 28464  2648 I art     : Starting a blocking GC Explicit
08-05 04:10:02.860 28464  2648 I art     : Explicit concurrent mark sweep GC freed 3(96B) AllocSpace objects, 0(0B) LOS objects, 29% free, 37MB/53MB, paused 1.340ms total 43.753ms
08-05 04:10:02.860 28464 28474 I art     : WaitForGcToComplete blocked for 41.686ms for cause HeapTrim
08-05 04:10:02.873 28464  2648 I art     : Starting a blocking GC Explicit
08-05 04:10:02.917 28464  2648 I art     : Explicit concurrent mark sweep GC freed 94(3KB) AllocSpace objects, 0(0B) LOS objects, 29% free, 37MB/53MB, paused 1.523ms total 44.324ms
08-05 04:10:02.930 28464  2648 I art     : Starting a blocking GC Explicit
08-05 04:10:02.975 28464  2648 I art     : Explicit concurrent mark sweep GC freed 21(912B) AllocSpace objects, 0(0B) LOS objects, 29% free, 37MB/53MB, paused 1.444ms total 44.759ms
08-05 04:10:03.323 28464  2651 I art     : Starting a blocking GC Explicit
08-05 04:10:03.372 28464  2651 I art     : Explicit concurrent mark sweep GC freed 1519(88KB) AllocSpace objects, 1(20KB) LOS objects, 29% free, 37MB/53MB, paused 1.797ms total 48.378ms
08-05 04:10:03.386 28464  2651 I art     : Starting a blocking GC Explicit
08-05 04:10:03.434 28464  2651 I art     : Explicit concurrent mark sweep GC freed 1596(62KB) AllocSpace objects, 0(0B) LOS objects, 29% free, 37MB/53MB, paused 1.344ms total 47.703ms
08-05 04:10:03.441 28464  3382 E baseline.com.newsblur.network.APIResponse: Error (unexpected end of stream on https://www.newsblur.com/...) calling https://www.newsblur.com/reader/mark_story_hashes_as_read/
08-05 04:10:03.441 28464  3382 E baseline.com.newsblur.network.APIResponse: java.io.IOException: unexpected end of stream on https://www.newsblur.com/...
08-05 04:10:03.441 28464  3382 E baseline.com.newsblur.network.APIResponse: 	at okhttp3.internal.http1.Http1ExchangeCodec.readResponseHeaders(Http1ExchangeCodec.java:236)
08-05 04:10:03.441 28464  3382 E baseline.com.newsblur.network.APIResponse: 	at okhttp3.internal.connection.Exchange.readResponseHeaders(Exchange.java:115)
08-05 04:10:03.441 28464  3382 E baseline.com.newsblur.network.APIResponse: 	at okhttp3.internal.http.CallServerInterceptor.intercept(CallServerInterceptor.java:94)
08-05 04:10:03.441 28464  3382 E baseline.com.newsblur.network.APIResponse: 	at okhttp3.internal.http.RealInterceptorChain.proceed(RealInterceptorChain.java:142)
08-05 04:10:03.441 28464  3382 E baseline.com.newsblur.network.APIResponse: 	at okhttp3.internal.connection.ConnectInterceptor.intercept(ConnectInterceptor.java:43)
08-05 04:10:03.441 28464  3382 E baseline.com.newsblur.network.APIResponse: 	at okhttp3.internal.http.RealInterceptorChain.proceed(RealInterceptorChain.java:142)
08-05 04:10:03.441 28464  3382 E baseline.com.newsblur.network.APIResponse: 	at okhttp3.internal.http.RealInterceptorChain.proceed(RealInterceptorChain.java:117)
08-05 04:10:03.441 28464  3382 E baseline.com.newsblur.network.APIResponse: 	at okhttp3.internal.cache.CacheInterceptor.intercept(CacheInterceptor.java:94)
08-05 04:10:03.441 28464  3382 E baseline.com.newsblur.network.APIResponse: 	at okhttp3.internal.http.RealInterceptorChain.proceed(RealInterceptorChain.java:142)
08-05 04:10:03.441 28464  3382 E baseline.com.newsblur.network.APIResponse: 	at okhttp3.internal.http.RealInterceptorChain.proceed(RealInterceptorChain.java:117)
08-05 04:10:03.441 28464  3382 E baseline.com.newsblur.network.APIResponse: 	at okhttp3.internal.http.BridgeInterceptor.intercept(BridgeInterceptor.java:93)
08-05 04:10:03.441 28464  3382 E baseline.com.newsblur.network.APIResponse: 	at okhttp3.internal.http.RealInterceptorChain.proceed(RealInterceptorChain.java:142)
08-05 04:10:03.441 28464  3382 E baseline.com.newsblur.network.APIResponse: 	at okhttp3.internal.http.RetryAndFollowUpInterceptor.intercept(RetryAndFollowUpInterceptor.java:88)
08-05 04:10:03.441 28464  3382 E baseline.com.newsblur.network.APIResponse: 	at okhttp3.internal.http.RealInterceptorChain.proceed(RealInterceptorChain.java:142)
08-05 04:10:03.441 28464  3382 E baseline.com.newsblur.network.APIResponse: 	at okhttp3.internal.http.RealInterceptorChain.proceed(RealInterceptorChain.java:117)
08-05 04:10:03.441 28464  3382 E baseline.com.newsblur.network.APIResponse: 	at okhttp3.RealCall.getResponseWithInterceptorChain(RealCall.java:229)
08-05 04:10:03.441 28464  3382 E baseline.com.newsblur.network.APIResponse: 	at okhttp3.RealCall.execute(RealCall.java:81)
08-05 04:10:03.441 28464  3382 E baseline.com.newsblur.network.APIResponse: 	at baseline.com.newsblur.network.APIResponse.<init>(APIResponse.java:57)
08-05 04:10:03.441 28464  3382 E baseline.com.newsblur.network.APIResponse: 	at baseline.com.newsblur.network.APIResponse.<init>(APIResponse.java:43)
08-05 04:10:03.441 28464  3382 E baseline.com.newsblur.network.APIResponse: 	at baseline.com.newsblur.network.APIManager.post_single(APIManager.java:702)
08-05 04:10:03.441 28464  3382 E baseline.com.newsblur.network.APIResponse: 	at baseline.com.newsblur.network.APIManager.post(APIManager.java:675)
08-05 04:10:03.441 28464  3382 E baseline.com.newsblur.network.APIResponse: 	at baseline.com.newsblur.network.APIManager.post(APIManager.java:714)
08-05 04:10:03.441 28464  3382 E baseline.com.newsblur.network.APIResponse: 	at baseline.com.newsblur.network.APIManager.markStoryAsRead(APIManager.java:205)
08-05 04:10:03.441 28464  3382 E baseline.com.newsblur.network.APIResponse: 	at baseline.com.newsblur.util.ReadingAction.doRemote(ReadingAction.java:281)
08-05 04:10:03.441 28464  3382 E baseline.com.newsblur.network.APIResponse: 	at baseline.com.newsblur.service.NBSyncService.syncActions(NBSyncService.java:400)
08-05 04:10:03.441 28464  3382 E baseline.com.newsblur.network.APIResponse: 	at baseline.com.newsblur.service.NBSyncService.doSync(NBSyncService.java:298)
08-05 04:10:03.441 28464  3382 E baseline.com.newsblur.network.APIResponse: 	at baseline.com.newsblur.service.NBSyncService.access$100(NBSyncService.java:67)
08-05 04:10:03.441 28464  3382 E baseline.com.newsblur.network.APIResponse: 	at baseline.com.newsblur.service.NBSyncService$1.run(NBSyncService.java:188)
08-05 04:10:03.441 28464  3382 E baseline.com.newsblur.network.APIResponse: 	at java.util.concurrent.ThreadPoolExecutor.runWorker(ThreadPoolExecutor.java:1113)
08-05 04:10:03.441 28464  3382 E baseline.com.newsblur.network.APIResponse: 	at java.util.concurrent.ThreadPoolExecutor$Worker.run(ThreadPoolExecutor.java:588)
08-05 04:10:03.441 28464  3382 E baseline.com.newsblur.network.APIResponse: 	at java.lang.Thread.run(Thread.java:818)
08-05 04:10:03.441 28464  3382 E baseline.com.newsblur.network.APIResponse: Caused by: java.io.EOFException: \n not found: limit=0 content=
08-05 04:10:03.441 28464  3382 E baseline.com.newsblur.network.APIResponse: 	at okio.RealBufferedSource.readUtf8LineStrict(RealBufferedSource.java:240)
08-05 04:10:03.441 28464  3382 E baseline.com.newsblur.network.APIResponse: 	at okhttp3.internal.http1.Http1ExchangeCodec.readHeaderLine(Http1ExchangeCodec.java:242)
08-05 04:10:03.441 28464  3382 E baseline.com.newsblur.network.APIResponse: 	at okhttp3.internal.http1.Http1ExchangeCodec.readResponseHeaders(Http1ExchangeCodec.java:213)
08-05 04:10:03.441 28464  3382 E baseline.com.newsblur.network.APIResponse: 	... 30 more
08-05 04:10:03.443 28464  3382 I baseline.com.newsblur.network.APIManager: API call failed, pausing before retry number 2
08-05 04:10:03.449 28464  2651 I art     : Starting a blocking GC Explicit
08-05 04:10:03.496 28464  2651 I art     : Explicit concurrent mark sweep GC freed 986(214KB) AllocSpace objects, 2(40KB) LOS objects, 29% free, 37MB/53MB, paused 1.320ms total 47.036ms
08-05 04:10:03.511 28464  2651 I art     : Starting a blocking GC Explicit
08-05 04:10:03.559 28464  2651 I art     : Explicit concurrent mark sweep GC freed 54(2048B) AllocSpace objects, 0(0B) LOS objects, 29% free, 37MB/53MB, paused 1.422ms total 47.694ms
08-05 04:10:03.572 28464  2651 I art     : Starting a blocking GC Explicit
08-05 04:10:03.622 28464  2651 I art     : Explicit concurrent mark sweep GC freed 3(96B) AllocSpace objects, 0(0B) LOS objects, 29% free, 37MB/53MB, paused 1.430ms total 49.371ms
08-05 04:10:04.005 28464 28475 I art     : Starting a blocking GC Explicit
08-05 04:10:04.057 28464 28475 I art     : Explicit concurrent mark sweep GC freed 1439(82KB) AllocSpace objects, 1(20KB) LOS objects, 29% free, 37MB/53MB, paused 1.459ms total 50.992ms
08-05 04:10:04.072 28464 28475 I art     : Starting a blocking GC Explicit
08-05 04:10:04.119 28464 28475 I art     : Explicit concurrent mark sweep GC freed 22(784B) AllocSpace objects, 0(0B) LOS objects, 29% free, 37MB/53MB, paused 1.353ms total 46.922ms
08-05 04:10:04.132 28464 28475 I art     : Starting a blocking GC Explicit
08-05 04:10:04.180 28464 28475 I art     : Explicit concurrent mark sweep GC freed 3(96B) AllocSpace objects, 0(0B) LOS objects, 29% free, 37MB/53MB, paused 1.291ms total 47.627ms
08-05 04:10:04.193 28464 28475 I art     : Starting a blocking GC Explicit
08-05 04:10:04.241 28464 28475 I art     : Explicit concurrent mark sweep GC freed 3(96B) AllocSpace objects, 0(0B) LOS objects, 29% free, 37MB/53MB, paused 1.432ms total 47.974ms
08-05 04:10:04.254 28464 28475 I art     : Starting a blocking GC Explicit
08-05 04:10:04.302 28464 28475 I art     : Explicit concurrent mark sweep GC freed 3(96B) AllocSpace objects, 0(0B) LOS objects, 29% free, 37MB/53MB, paused 1.415ms total 47.581ms
08-05 04:10:04.464   518   646 I ThermalEngine: ACTION: GPU - Setting GPU[0] to 510000000
08-05 04:10:04.657 28464 28476 I art     : Starting a blocking GC Explicit
08-05 04:10:04.696 28464 28476 I art     : Explicit concurrent mark sweep GC freed 1441(83KB) AllocSpace objects, 1(20KB) LOS objects, 29% free, 37MB/53MB, paused 1.078ms total 38.619ms
08-05 04:10:04.709 28464 28476 I art     : Starting a blocking GC Explicit
08-05 04:10:04.746 28464 28476 I art     : Explicit concurrent mark sweep GC freed 22(784B) AllocSpace objects, 0(0B) LOS objects, 29% free, 37MB/53MB, paused 1.032ms total 36.413ms
08-05 04:10:04.756 28464 28476 I art     : Starting a blocking GC Explicit
08-05 04:10:04.792 28464 28476 I art     : Explicit concurrent mark sweep GC freed 3(96B) AllocSpace objects, 0(0B) LOS objects, 29% free, 37MB/53MB, paused 998us total 35.804ms
08-05 04:10:04.803 28464 28476 I art     : Starting a blocking GC Explicit
08-05 04:10:04.839 28464 28476 I art     : Explicit concurrent mark sweep GC freed 3(96B) AllocSpace objects, 0(0B) LOS objects, 29% free, 37MB/53MB, paused 1.087ms total 35.942ms
08-05 04:10:04.849 28464 28476 I art     : Starting a blocking GC Explicit
08-05 04:10:04.886 28464 28476 I art     : Explicit concurrent mark sweep GC freed 3(96B) AllocSpace objects, 0(0B) LOS objects, 29% free, 37MB/53MB, paused 1.046ms total 36.532ms
08-05 04:10:05.225 28464  2648 I art     : Starting a blocking GC Explicit
08-05 04:10:05.264 28464  2648 I art     : Explicit concurrent mark sweep GC freed 1442(83KB) AllocSpace objects, 1(20KB) LOS objects, 29% free, 37MB/53MB, paused 1.073ms total 38.954ms
08-05 04:10:05.278 28464  2648 I art     : Starting a blocking GC Explicit
08-05 04:10:05.312 28464  2648 I art     : Explicit concurrent mark sweep GC freed 22(784B) AllocSpace objects, 0(0B) LOS objects, 29% free, 37MB/53MB, paused 1.025ms total 34.063ms
08-05 04:10:05.322 28464  2648 I art     : Starting a blocking GC Explicit
08-05 04:10:05.357 28464  2648 I art     : Explicit concurrent mark sweep GC freed 3(96B) AllocSpace objects, 0(0B) LOS objects, 29% free, 37MB/53MB, paused 1.002ms total 34.661ms
08-05 04:10:05.366 28464  2648 I art     : Starting a blocking GC Explicit
08-05 04:10:05.402 28464  2648 I art     : Explicit concurrent mark sweep GC freed 3(96B) AllocSpace objects, 0(0B) LOS objects, 29% free, 37MB/53MB, paused 1.050ms total 35.817ms
08-05 04:10:05.412 28464  2648 I art     : Starting a blocking GC Explicit
08-05 04:10:05.448 28464  2648 I art     : Explicit concurrent mark sweep GC freed 3(96B) AllocSpace objects, 0(0B) LOS objects, 29% free, 37MB/53MB, paused 1.111ms total 35.034ms
08-05 04:10:05.790 28464  2651 I art     : Starting a blocking GC Explicit
08-05 04:10:05.827 28464  2651 I art     : Explicit concurrent mark sweep GC freed 1440(84KB) AllocSpace objects, 1(20KB) LOS objects, 29% free, 37MB/53MB, paused 1.022ms total 36.529ms
08-05 04:10:05.841 28464  2651 I art     : Starting a blocking GC Explicit
08-05 04:10:05.877 28464  2651 I art     : Explicit concurrent mark sweep GC freed 22(784B) AllocSpace objects, 0(0B) LOS objects, 29% free, 37MB/53MB, paused 1.012ms total 35.903ms
08-05 04:10:05.887 28464  2651 I art     : Starting a blocking GC Explicit
08-05 04:10:05.923 28464  2651 I art     : Explicit concurrent mark sweep GC freed 3(96B) AllocSpace objects, 0(0B) LOS objects, 29% free, 37MB/53MB, paused 1.009ms total 35.773ms
08-05 04:10:05.933 28464  2651 I art     : Starting a blocking GC Explicit
08-05 04:10:05.969 28464  2651 I art     : Explicit concurrent mark sweep GC freed 3(96B) AllocSpace objects, 0(0B) LOS objects, 29% free, 37MB/53MB, paused 1.070ms total 35.746ms
08-05 04:10:05.979 28464  2651 I art     : Starting a blocking GC Explicit
08-05 04:10:06.015 28464  2651 I art     : Explicit concurrent mark sweep GC freed 3(96B) AllocSpace objects, 0(0B) LOS objects, 29% free, 37MB/53MB, paused 1.007ms total 35.800ms
08-05 04:10:06.357 28464 28475 I art     : Starting a blocking GC Explicit
08-05 04:10:06.394 28464 28475 I art     : Explicit concurrent mark sweep GC freed 1439(82KB) AllocSpace objects, 1(20KB) LOS objects, 29% free, 37MB/53MB, paused 1.030ms total 36.132ms
08-05 04:10:06.404 28464 28475 I art     : Starting a blocking GC Explicit
08-05 04:10:06.439 28464 28475 I art     : Explicit concurrent mark sweep GC freed 22(784B) AllocSpace objects, 0(0B) LOS objects, 29% free, 37MB/53MB, paused 939us total 35.305ms
08-05 04:10:06.449 28464 28475 I art     : Starting a blocking GC Explicit
08-05 04:10:06.485 28464 28475 I art     : Explicit concurrent mark sweep GC freed 94(3KB) AllocSpace objects, 0(0B) LOS objects, 29% free, 37MB/53MB, paused 1.105ms total 35.741ms
08-05 04:10:06.495 28464 28475 I art     : Starting a blocking GC Explicit
08-05 04:10:06.532 28464 28475 I art     : Explicit concurrent mark sweep GC freed 9(352B) AllocSpace objects, 0(0B) LOS objects, 29% free, 37MB/53MB, paused 1.067ms total 36.454ms
08-05 04:10:06.542 28464 28475 I art     : Starting a blocking GC Explicit
08-05 04:10:06.579 28464 28475 I art     : Explicit concurrent mark sweep GC freed 68(4KB) AllocSpace objects, 0(0B) LOS objects, 29% free, 37MB/53MB, paused 1.157ms total 36.263ms
08-05 04:10:06.917 28464 28476 I art     : Starting a blocking GC Explicit
08-05 04:10:06.954 28464 28476 I art     : Explicit concurrent mark sweep GC freed 1447(84KB) AllocSpace objects, 1(20KB) LOS objects, 29% free, 37MB/53MB, paused 1.083ms total 37.359ms
08-05 04:10:06.965 28464 28476 I art     : Starting a blocking GC Explicit
08-05 04:10:07.001 28464 28476 I art     : Explicit concurrent mark sweep GC freed 1654(64KB) AllocSpace objects, 0(0B) LOS objects, 29% free, 37MB/53MB, paused 1.143ms total 36.424ms
08-05 04:10:07.011 28464 28476 I art     : Starting a blocking GC Explicit
08-05 04:10:07.048 28464 28476 I art     : Explicit concurrent mark sweep GC freed 278(38KB) AllocSpace objects, 0(0B) LOS objects, 29% free, 37MB/53MB, paused 1.655ms total 35.861ms
08-05 04:10:07.048 28464  3382 E baseline.com.newsblur.network.APIResponse: Error (unexpected end of stream on https://www.newsblur.com/...) calling https://www.newsblur.com/reader/mark_story_hashes_as_read/
08-05 04:10:07.048 28464  3382 E baseline.com.newsblur.network.APIResponse: java.io.IOException: unexpected end of stream on https://www.newsblur.com/...
08-05 04:10:07.048 28464  3382 E baseline.com.newsblur.network.APIResponse: 	at okhttp3.internal.http1.Http1ExchangeCodec.readResponseHeaders(Http1ExchangeCodec.java:236)
08-05 04:10:07.048 28464  3382 E baseline.com.newsblur.network.APIResponse: 	at okhttp3.internal.connection.Exchange.readResponseHeaders(Exchange.java:115)
08-05 04:10:07.048 28464  3382 E baseline.com.newsblur.network.APIResponse: 	at okhttp3.internal.http.CallServerInterceptor.intercept(CallServerInterceptor.java:94)
08-05 04:10:07.048 28464  3382 E baseline.com.newsblur.network.APIResponse: 	at okhttp3.internal.http.RealInterceptorChain.proceed(RealInterceptorChain.java:142)
08-05 04:10:07.048 28464  3382 E baseline.com.newsblur.network.APIResponse: 	at okhttp3.internal.connection.ConnectInterceptor.intercept(ConnectInterceptor.java:43)
08-05 04:10:07.048 28464  3382 E baseline.com.newsblur.network.APIResponse: 	at okhttp3.internal.http.RealInterceptorChain.proceed(RealInterceptorChain.java:142)
08-05 04:10:07.048 28464  3382 E baseline.com.newsblur.network.APIResponse: 	at okhttp3.internal.http.RealInterceptorChain.proceed(RealInterceptorChain.java:117)
08-05 04:10:07.048 28464  3382 E baseline.com.newsblur.network.APIResponse: 	at okhttp3.internal.cache.CacheInterceptor.intercept(CacheInterceptor.java:94)
08-05 04:10:07.048 28464  3382 E baseline.com.newsblur.network.APIResponse: 	at okhttp3.internal.http.RealInterceptorChain.proceed(RealInterceptorChain.java:142)
08-05 04:10:07.048 28464  3382 E baseline.com.newsblur.network.APIResponse: 	at okhttp3.internal.http.RealInterceptorChain.proceed(RealInterceptorChain.java:117)
08-05 04:10:07.048 28464  3382 E baseline.com.newsblur.network.APIResponse: 	at okhttp3.internal.http.BridgeInterceptor.intercept(BridgeInterceptor.java:93)
08-05 04:10:07.048 28464  3382 E baseline.com.newsblur.network.APIResponse: 	at okhttp3.internal.http.RealInterceptorChain.proceed(RealInterceptorChain.java:142)
08-05 04:10:07.048 28464  3382 E baseline.com.newsblur.network.APIResponse: 	at okhttp3.internal.http.RetryAndFollowUpInterceptor.intercept(RetryAndFollowUpInterceptor.java:88)
08-05 04:10:07.048 28464  3382 E baseline.com.newsblur.network.APIResponse: 	at okhttp3.internal.http.RealInterceptorChain.proceed(RealInterceptorChain.java:142)
08-05 04:10:07.048 28464  3382 E baseline.com.newsblur.network.APIResponse: 	at okhttp3.internal.http.RealInterceptorChain.proceed(RealInterceptorChain.java:117)
08-05 04:10:07.048 28464  3382 E baseline.com.newsblur.network.APIResponse: 	at okhttp3.RealCall.getResponseWithInterceptorChain(RealCall.java:229)
08-05 04:10:07.048 28464  3382 E baseline.com.newsblur.network.APIResponse: 	at okhttp3.RealCall.execute(RealCall.java:81)
08-05 04:10:07.048 28464  3382 E baseline.com.newsblur.network.APIResponse: 	at baseline.com.newsblur.network.APIResponse.<init>(APIResponse.java:57)
08-05 04:10:07.048 28464  3382 E baseline.com.newsblur.network.APIResponse: 	at baseline.com.newsblur.network.APIResponse.<init>(APIResponse.java:43)
08-05 04:10:07.048 28464  3382 E baseline.com.newsblur.network.APIResponse: 	at baseline.com.newsblur.network.APIManager.post_single(APIManager.java:702)
08-05 04:10:07.048 28464  3382 E baseline.com.newsblur.network.APIResponse: 	at baseline.com.newsblur.network.APIManager.post(APIManager.java:675)
08-05 04:10:07.048 28464  3382 E baseline.com.newsblur.network.APIResponse: 	at baseline.com.newsblur.network.APIManager.post(APIManager.java:714)
08-05 04:10:07.048 28464  3382 E baseline.com.newsblur.network.APIResponse: 	at baseline.com.newsblur.network.APIManager.markStoryAsRead(APIManager.java:205)
08-05 04:10:07.048 28464  3382 E baseline.com.newsblur.network.APIResponse: 	at baseline.com.newsblur.util.ReadingAction.doRemote(ReadingAction.java:281)
08-05 04:10:07.048 28464  3382 E baseline.com.newsblur.network.APIResponse: 	at baseline.com.newsblur.service.NBSyncService.syncActions(NBSyncService.java:400)
08-05 04:10:07.048 28464  3382 E baseline.com.newsblur.network.APIResponse: 	at baseline.com.newsblur.service.NBSyncService.doSync(NBSyncService.java:298)
08-05 04:10:07.048 28464  3382 E baseline.com.newsblur.network.APIResponse: 	at baseline.com.newsblur.service.NBSyncService.access$100(NBSyncService.java:67)
08-05 04:10:07.048 28464  3382 E baseline.com.newsblur.network.APIResponse: 	at baseline.com.newsblur.service.NBSyncService$1.run(NBSyncService.java:188)
08-05 04:10:07.048 28464  3382 E baseline.com.newsblur.network.APIResponse: 	at java.util.concurrent.ThreadPoolExecutor.runWorker(ThreadPoolExecutor.java:1113)
08-05 04:10:07.048 28464  3382 E baseline.com.newsblur.network.APIResponse: 	at java.util.concurrent.ThreadPoolExecutor$Worker.run(ThreadPoolExecutor.java:588)
08-05 04:10:07.048 28464  3382 E baseline.com.newsblur.network.APIResponse: 	at java.lang.Thread.run(Thread.java:818)
08-05 04:10:07.048 28464  3382 E baseline.com.newsblur.network.APIResponse: Caused by: java.io.EOFException: \n not found: limit=0 content=
08-05 04:10:07.048 28464  3382 E baseline.com.newsblur.network.APIResponse: 	at okio.RealBufferedSource.readUtf8LineStrict(RealBufferedSource.java:240)
08-05 04:10:07.048 28464  3382 E baseline.com.newsblur.network.APIResponse: 	at okhttp3.internal.http1.Http1ExchangeCodec.readHeaderLine(Http1ExchangeCodec.java:242)
08-05 04:10:07.048 28464  3382 E baseline.com.newsblur.network.APIResponse: 	at okhttp3.internal.http1.Http1ExchangeCodec.readResponseHeaders(Http1ExchangeCodec.java:213)
08-05 04:10:07.048 28464  3382 E baseline.com.newsblur.network.APIResponse: 	... 30 more
08-05 04:10:07.054 28464  3382 I baseline.com.newsblur.service.NBSyncService: Holding reading action with server-side or network error.
08-05 04:10:07.058 28464 28476 I art     : Starting a blocking GC Explicit
08-05 04:10:07.073 28464  3382 W baseline.com.newsblur.service.NBSyncService: hard API failure
08-05 04:10:07.093 28464  3382 I baseline.com.newsblur.service.NBSyncService: recounting dirty feed sets: 1
08-05 04:10:07.093 28464 28476 I art     : Explicit concurrent mark sweep GC freed 1161(204KB) AllocSpace objects, 3(60KB) LOS objects, 29% free, 37MB/53MB, paused 1.184ms total 34.996ms
08-05 04:10:07.103 28464 28476 I art     : Starting a blocking GC Explicit
08-05 04:10:07.139 28464 28476 I art     : Explicit concurrent mark sweep GC freed 441(44KB) AllocSpace objects, 1(20KB) LOS objects, 29% free, 37MB/53MB, paused 1.095ms total 35.778ms
08-05 04:10:07.473 28464  2648 I art     : Starting a blocking GC Explicit
08-05 04:10:07.509 28464  2648 I art     : Explicit concurrent mark sweep GC freed 3167(150KB) AllocSpace objects, 1(20KB) LOS objects, 29% free, 37MB/53MB, paused 1.119ms total 35.961ms
08-05 04:10:07.519 28464  2648 I art     : Starting a blocking GC Explicit
08-05 04:10:07.547 28464  3382 E baseline.com.newsblur.network.APIResponse: Error (unexpected end of stream on https://www.newsblur.com/...) calling https://www.newsblur.com/reader/feed_unread_count?feed_id=0
08-05 04:10:07.547 28464  3382 E baseline.com.newsblur.network.APIResponse: java.io.IOException: unexpected end of stream on https://www.newsblur.com/...
08-05 04:10:07.547 28464  3382 E baseline.com.newsblur.network.APIResponse: 	at okhttp3.internal.http1.Http1ExchangeCodec.readResponseHeaders(Http1ExchangeCodec.java:236)
08-05 04:10:07.547 28464  3382 E baseline.com.newsblur.network.APIResponse: 	at okhttp3.internal.connection.Exchange.readResponseHeaders(Exchange.java:115)
08-05 04:10:07.547 28464  3382 E baseline.com.newsblur.network.APIResponse: 	at okhttp3.internal.http.CallServerInterceptor.intercept(CallServerInterceptor.java:94)
08-05 04:10:07.547 28464  3382 E baseline.com.newsblur.network.APIResponse: 	at okhttp3.internal.http.RealInterceptorChain.proceed(RealInterceptorChain.java:142)
08-05 04:10:07.547 28464  3382 E baseline.com.newsblur.network.APIResponse: 	at okhttp3.internal.connection.ConnectInterceptor.intercept(ConnectInterceptor.java:43)
08-05 04:10:07.547 28464  3382 E baseline.com.newsblur.network.APIResponse: 	at okhttp3.internal.http.RealInterceptorChain.proceed(RealInterceptorChain.java:142)
08-05 04:10:07.547 28464  3382 E baseline.com.newsblur.network.APIResponse: 	at okhttp3.internal.http.RealInterceptorChain.proceed(RealInterceptorChain.java:117)
08-05 04:10:07.547 28464  3382 E baseline.com.newsblur.network.APIResponse: 	at okhttp3.internal.cache.CacheInterceptor.intercept(CacheInterceptor.java:94)
08-05 04:10:07.547 28464  3382 E baseline.com.newsblur.network.APIResponse: 	at okhttp3.internal.http.RealInterceptorChain.proceed(RealInterceptorChain.java:142)
08-05 04:10:07.547 28464  3382 E baseline.com.newsblur.network.APIResponse: 	at okhttp3.internal.http.RealInterceptorChain.proceed(RealInterceptorChain.java:117)
08-05 04:10:07.547 28464  3382 E baseline.com.newsblur.network.APIResponse: 	at okhttp3.internal.http.BridgeInterceptor.intercept(BridgeInterceptor.java:93)
08-05 04:10:07.547 28464  3382 E baseline.com.newsblur.network.APIResponse: 	at okhttp3.internal.http.RealInterceptorChain.proceed(RealInterceptorChain.java:142)
08-05 04:10:07.547 28464  3382 E baseline.com.newsblur.network.APIResponse: 	at okhttp3.internal.http.RetryAndFollowUpInterceptor.intercept(RetryAndFollowUpInterceptor.java:88)
08-05 04:10:07.547 28464  3382 E baseline.com.newsblur.network.APIResponse: 	at okhttp3.internal.http.RealInterceptorChain.proceed(RealInterceptorChain.java:142)
08-05 04:10:07.547 28464  3382 E baseline.com.newsblur.network.APIResponse: 	at okhttp3.internal.http.RealInterceptorChain.proceed(RealInterceptorChain.java:117)
08-05 04:10:07.547 28464  3382 E baseline.com.newsblur.network.APIResponse: 	at okhttp3.RealCall.getResponseWithInterceptorChain(RealCall.java:229)
08-05 04:10:07.547 28464  3382 E baseline.com.newsblur.network.APIResponse: 	at okhttp3.RealCall.execute(RealCall.java:81)
08-05 04:10:07.547 28464  3382 E baseline.com.newsblur.network.APIResponse: 	at baseline.com.newsblur.network.APIResponse.<init>(APIResponse.java:57)
08-05 04:10:07.547 28464  3382 E baseline.com.newsblur.network.APIResponse: 	at baseline.com.newsblur.network.APIManager.get_single(APIManager.java:639)
08-05 04:10:07.547 28464  3382 E baseline.com.newsblur.network.APIResponse: 	at baseline.com.newsblur.network.APIManager.get(APIManager.java:625)
08-05 04:10:07.547 28464  3382 E baseline.com.newsblur.network.APIResponse: 	at baseline.com.newsblur.network.APIManager.get(APIManager.java:667)
08-05 04:10:07.547 28464  3382 E baseline.com.newsblur.network.APIResponse: 	at baseline.com.newsblur.network.APIManager.getFeedUnreadCounts(APIManager.java:274)
08-05 04:10:07.547 28464  3382 E baseline.com.newsblur.network.APIResponse: 	at baseline.com.newsblur.service.NBSyncService.checkRecounts(NBSyncService.java:660)
08-05 04:10:07.547 28464  3382 E baseline.com.newsblur.network.APIResponse: 	at baseline.com.newsblur.service.NBSyncService.doSync(NBSyncService.java:310)
08-05 04:10:07.547 28464  3382 E baseline.com.newsblur.network.APIResponse: 	at baseline.com.newsblur.service.NBSyncService.access$100(NBSyncService.java:67)
08-05 04:10:07.547 28464  3382 E baseline.com.newsblur.network.APIResponse: 	at baseline.com.newsblur.service.NBSyncService$1.run(NBSyncService.java:188)
08-05 04:10:07.547 28464  3382 E baseline.com.newsblur.network.APIResponse: 	at java.util.concurrent.ThreadPoolExecutor.runWorker(ThreadPoolExecutor.java:1113)
08-05 04:10:07.547 28464  3382 E baseline.com.newsblur.network.APIResponse: 	at java.util.concurrent.ThreadPoolExecutor$Worker.run(ThreadPoolExecutor.java:588)
08-05 04:10:07.547 28464  3382 E baseline.com.newsblur.network.APIResponse: 	at java.lang.Thread.run(Thread.java:818)
08-05 04:10:07.547 28464  3382 E baseline.com.newsblur.network.APIResponse: Caused by: java.io.EOFException: \n not found: limit=0 content=
08-05 04:10:07.547 28464  3382 E baseline.com.newsblur.network.APIResponse: 	at okio.RealBufferedSource.readUtf8LineStrict(RealBufferedSource.java:240)
08-05 04:10:07.547 28464  3382 E baseline.com.newsblur.network.APIResponse: 	at okhttp3.internal.http1.Http1ExchangeCodec.readHeaderLine(Http1ExchangeCodec.java:242)
08-05 04:10:07.547 28464  3382 E baseline.com.newsblur.network.APIResponse: 	at okhttp3.internal.http1.Http1ExchangeCodec.readResponseHeaders(Http1ExchangeCodec.java:213)
08-05 04:10:07.547 28464  3382 E baseline.com.newsblur.network.APIResponse: 	... 28 more
08-05 04:10:07.550 28464  3382 I baseline.com.newsblur.network.APIManager: API call failed, pausing before retry number 1
08-05 04:10:07.555 28464  2648 I art     : Explicit concurrent mark sweep GC freed 784(160KB) AllocSpace objects, 1(20KB) LOS objects, 29% free, 37MB/53MB, paused 1.039ms total 35.724ms
08-05 04:10:07.565 28464  2648 I art     : Starting a blocking GC Explicit
08-05 04:10:07.601 28464  2648 I art     : Explicit concurrent mark sweep GC freed 136(50KB) AllocSpace objects, 1(20KB) LOS objects, 29% free, 37MB/53MB, paused 1.039ms total 36.014ms
08-05 04:10:07.611 28464  2648 I art     : Starting a blocking GC Explicit
08-05 04:10:07.647 28464  2648 I art     : Explicit concurrent mark sweep GC freed 39(1408B) AllocSpace objects, 0(0B) LOS objects, 29% free, 37MB/53MB, paused 1.052ms total 35.766ms
08-05 04:10:07.658 28464  2648 I art     : Starting a blocking GC Explicit
08-05 04:10:07.694 28464  2648 I art     : Explicit concurrent mark sweep GC freed 3(96B) AllocSpace objects, 0(0B) LOS objects, 29% free, 37MB/53MB, paused 1.051ms total 36.418ms
08-05 04:10:08.055 28464  2651 I art     : Starting a blocking GC Explicit
08-05 04:10:08.094 28464  2651 I art     : Explicit concurrent mark sweep GC freed 1437(82KB) AllocSpace objects, 1(20KB) LOS objects, 29% free, 37MB/53MB, paused 1.208ms total 38.187ms
08-05 04:10:08.106 28464  2651 I art     : Starting a blocking GC Explicit
08-05 04:10:08.141 28464  2651 I art     : Explicit concurrent mark sweep GC freed 22(784B) AllocSpace objects, 0(0B) LOS objects, 29% free, 37MB/53MB, paused 1.013ms total 34.537ms
08-05 04:10:08.150 28464  2651 I art     : Starting a blocking GC Explicit
08-05 04:10:08.185 28464  2651 I art     : Explicit concurrent mark sweep GC freed 3(96B) AllocSpace objects, 0(0B) LOS objects, 29% free, 37MB/53MB, paused 989us total 34.429ms
08-05 04:10:08.195 28464  2651 I art     : Starting a blocking GC Explicit
08-05 04:10:08.230 28464  2651 I art     : Explicit concurrent mark sweep GC freed 3(96B) AllocSpace objects, 0(0B) LOS objects, 29% free, 37MB/53MB, paused 1.037ms total 35.323ms
08-05 04:10:08.240 28464  2651 I art     : Starting a blocking GC Explicit
08-05 04:10:08.276 28464  2651 I art     : Explicit concurrent mark sweep GC freed 3(96B) AllocSpace objects, 0(0B) LOS objects, 29% free, 37MB/53MB, paused 1.010ms total 35.299ms
08-05 04:10:08.610 28464 28475 I art     : Starting a blocking GC Explicit
08-05 04:10:08.647 28464 28475 I art     : Explicit concurrent mark sweep GC freed 1438(82KB) AllocSpace objects, 1(20KB) LOS objects, 29% free, 37MB/53MB, paused 1.041ms total 36.206ms
08-05 04:10:08.661 28464 28475 I art     : Starting a blocking GC Explicit
08-05 04:10:08.696 28464 28475 I art     : Explicit concurrent mark sweep GC freed 22(784B) AllocSpace objects, 0(0B) LOS objects, 29% free, 37MB/53MB, paused 1.036ms total 35.395ms
08-05 04:10:08.706 28464 28475 I art     : Starting a blocking GC Explicit
08-05 04:10:08.742 28464 28475 I art     : Explicit concurrent mark sweep GC freed 3(96B) AllocSpace objects, 0(0B) LOS objects, 29% free, 37MB/53MB, paused 1.009ms total 35.385ms
08-05 04:10:08.752 28464 28475 I art     : Starting a blocking GC Explicit
08-05 04:10:08.789 28464 28475 I art     : Explicit concurrent mark sweep GC freed 3(96B) AllocSpace objects, 0(0B) LOS objects, 29% free, 37MB/53MB, paused 1.036ms total 36.277ms
08-05 04:10:08.799 28464 28475 I art     : Starting a blocking GC Explicit
08-05 04:10:08.835 28464 28475 I art     : Explicit concurrent mark sweep GC freed 3(96B) AllocSpace objects, 0(0B) LOS objects, 29% free, 37MB/53MB, paused 1.025ms total 36.137ms
08-05 04:10:09.179 28464  2648 I art     : Starting a blocking GC Explicit
08-05 04:10:09.216 28464  2648 I art     : Explicit concurrent mark sweep GC freed 1604(91KB) AllocSpace objects, 1(20KB) LOS objects, 29% free, 37MB/53MB, paused 1.059ms total 36.477ms
08-05 04:10:09.226 28464  2648 I art     : Starting a blocking GC Explicit
08-05 04:10:09.262 28464  2648 I art     : Explicit concurrent mark sweep GC freed 77(2880B) AllocSpace objects, 0(0B) LOS objects, 29% free, 37MB/53MB, paused 1.112ms total 36.359ms
08-05 04:10:09.273 28464  2648 I art     : Starting a blocking GC Explicit
08-05 04:10:09.309 28464  2648 I art     : Explicit concurrent mark sweep GC freed 3(96B) AllocSpace objects, 0(0B) LOS objects, 29% free, 37MB/53MB, paused 1.086ms total 36.406ms
08-05 04:10:09.320 28464  2648 I art     : Starting a blocking GC Explicit
08-05 04:10:09.357 28464  2648 I art     : Explicit concurrent mark sweep GC freed 3(96B) AllocSpace objects, 0(0B) LOS objects, 29% free, 37MB/53MB, paused 1.034ms total 36.722ms
08-05 04:10:09.367 28464  2648 I art     : Starting a blocking GC Explicit
08-05 04:10:09.405 28464  2648 I art     : Explicit concurrent mark sweep GC freed 3(96B) AllocSpace objects, 0(0B) LOS objects, 29% free, 37MB/53MB, paused 1.104ms total 37.702ms
08-05 04:10:09.754 28464 28476 I art     : Starting a blocking GC Explicit
08-05 04:10:09.793 28464 28476 I art     : Explicit concurrent mark sweep GC freed 2083(117KB) AllocSpace objects, 1(20KB) LOS objects, 29% free, 37MB/53MB, paused 1.058ms total 37.904ms
08-05 04:10:09.803 28464 28476 I art     : Starting a blocking GC Explicit
08-05 04:10:09.838 28464 28476 I art     : Explicit concurrent mark sweep GC freed 2039(80KB) AllocSpace objects, 0(0B) LOS objects, 29% free, 37MB/53MB, paused 1.159ms total 34.922ms
08-05 04:10:09.848 28464 28476 I art     : Starting a blocking GC Explicit
08-05 04:10:09.884 28464 28476 I art     : Explicit concurrent mark sweep GC freed 746(57KB) AllocSpace objects, 0(0B) LOS objects, 29% free, 37MB/53MB, paused 1.663ms total 35.837ms
08-05 04:10:09.885 28464  3382 E baseline.com.newsblur.network.APIResponse: Error (unexpected end of stream on https://www.newsblur.com/...) calling https://www.newsblur.com/reader/feed_unread_count?feed_id=0
08-05 04:10:09.885 28464  3382 E baseline.com.newsblur.network.APIResponse: java.io.IOException: unexpected end of stream on https://www.newsblur.com/...
08-05 04:10:09.885 28464  3382 E baseline.com.newsblur.network.APIResponse: 	at okhttp3.internal.http1.Http1ExchangeCodec.readResponseHeaders(Http1ExchangeCodec.java:236)
08-05 04:10:09.885 28464  3382 E baseline.com.newsblur.network.APIResponse: 	at okhttp3.internal.connection.Exchange.readResponseHeaders(Exchange.java:115)
08-05 04:10:09.885 28464  3382 E baseline.com.newsblur.network.APIResponse: 	at okhttp3.internal.http.CallServerInterceptor.intercept(CallServerInterceptor.java:94)
08-05 04:10:09.885 28464  3382 E baseline.com.newsblur.network.APIResponse: 	at okhttp3.internal.http.RealInterceptorChain.proceed(RealInterceptorChain.java:142)
08-05 04:10:09.885 28464  3382 E baseline.com.newsblur.network.APIResponse: 	at okhttp3.internal.connection.ConnectInterceptor.intercept(ConnectInterceptor.java:43)
08-05 04:10:09.885 28464  3382 E baseline.com.newsblur.network.APIResponse: 	at okhttp3.internal.http.RealInterceptorChain.proceed(RealInterceptorChain.java:142)
08-05 04:10:09.885 28464  3382 E baseline.com.newsblur.network.APIResponse: 	at okhttp3.internal.http.RealInterceptorChain.proceed(RealInterceptorChain.java:117)
08-05 04:10:09.885 28464  3382 E baseline.com.newsblur.network.APIResponse: 	at okhttp3.internal.cache.CacheInterceptor.intercept(CacheInterceptor.java:94)
08-05 04:10:09.885 28464  3382 E baseline.com.newsblur.network.APIResponse: 	at okhttp3.internal.http.RealInterceptorChain.proceed(RealInterceptorChain.java:142)
08-05 04:10:09.885 28464  3382 E baseline.com.newsblur.network.APIResponse: 	at okhttp3.internal.http.RealInterceptorChain.proceed(RealInterceptorChain.java:117)
08-05 04:10:09.885 28464  3382 E baseline.com.newsblur.network.APIResponse: 	at okhttp3.internal.http.BridgeInterceptor.intercept(BridgeInterceptor.java:93)
08-05 04:10:09.885 28464  3382 E baseline.com.newsblur.network.APIResponse: 	at okhttp3.internal.http.RealInterceptorChain.proceed(RealInterceptorChain.java:142)
08-05 04:10:09.885 28464  3382 E baseline.com.newsblur.network.APIResponse: 	at okhttp3.internal.http.RetryAndFollowUpInterceptor.intercept(RetryAndFollowUpInterceptor.java:88)
08-05 04:10:09.885 28464  3382 E baseline.com.newsblur.network.APIResponse: 	at okhttp3.internal.http.RealInterceptorChain.proceed(RealInterceptorChain.java:142)
08-05 04:10:09.885 28464  3382 E baseline.com.newsblur.network.APIResponse: 	at okhttp3.internal.http.RealInterceptorChain.proceed(RealInterceptorChain.java:117)
08-05 04:10:09.885 28464  3382 E baseline.com.newsblur.network.APIResponse: 	at okhttp3.RealCall.getResponseWithInterceptorChain(RealCall.java:229)
08-05 04:10:09.885 28464  3382 E baseline.com.newsblur.network.APIResponse: 	at okhttp3.RealCall.execute(RealCall.java:81)
08-05 04:10:09.885 28464  3382 E baseline.com.newsblur.network.APIResponse: 	at baseline.com.newsblur.network.APIResponse.<init>(APIResponse.java:57)
08-05 04:10:09.885 28464  3382 E baseline.com.newsblur.network.APIResponse: 	at baseline.com.newsblur.network.APIManager.get_single(APIManager.java:639)
08-05 04:10:09.885 28464  3382 E baseline.com.newsblur.network.APIResponse: 	at baseline.com.newsblur.network.APIManager.get(APIManager.java:625)
08-05 04:10:09.885 28464  3382 E baseline.com.newsblur.network.APIResponse: 	at baseline.com.newsblur.network.APIManager.get(APIManager.java:667)
08-05 04:10:09.885 28464  3382 E baseline.com.newsblur.network.APIResponse: 	at baseline.com.newsblur.network.APIManager.getFeedUnreadCounts(APIManager.java:274)
08-05 04:10:09.885 28464  3382 E baseline.com.newsblur.network.APIResponse: 	at baseline.com.newsblur.service.NBSyncService.checkRecounts(NBSyncService.java:660)
08-05 04:10:09.885 28464  3382 E baseline.com.newsblur.network.APIResponse: 	at baseline.com.newsblur.service.NBSyncService.doSync(NBSyncService.java:310)
08-05 04:10:09.885 28464  3382 E baseline.com.newsblur.network.APIResponse: 	at baseline.com.newsblur.service.NBSyncService.access$100(NBSyncService.java:67)
08-05 04:10:09.885 28464  3382 E baseline.com.newsblur.network.APIResponse: 	at baseline.com.newsblur.service.NBSyncService$1.run(NBSyncService.java:188)
08-05 04:10:09.885 28464  3382 E baseline.com.newsblur.network.APIResponse: 	at java.util.concurrent.ThreadPoolExecutor.runWorker(ThreadPoolExecutor.java:1113)
08-05 04:10:09.885 28464  3382 E baseline.com.newsblur.network.APIResponse: 	at java.util.concurrent.ThreadPoolExecutor$Worker.run(ThreadPoolExecutor.java:588)
08-05 04:10:09.885 28464  3382 E baseline.com.newsblur.network.APIResponse: 	at java.lang.Thread.run(Thread.java:818)
08-05 04:10:09.885 28464  3382 E baseline.com.newsblur.network.APIResponse: Caused by: java.io.EOFException: \n not found: limit=0 content=
08-05 04:10:09.885 28464  3382 E baseline.com.newsblur.network.APIResponse: 	at okio.RealBufferedSource.readUtf8LineStrict(RealBufferedSource.java:240)
08-05 04:10:09.885 28464  3382 E baseline.com.newsblur.network.APIResponse: 	at okhttp3.internal.http1.Http1ExchangeCodec.readHeaderLine(Http1ExchangeCodec.java:242)
08-05 04:10:09.885 28464  3382 E baseline.com.newsblur.network.APIResponse: 	at okhttp3.internal.http1.Http1ExchangeCodec.readResponseHeaders(Http1ExchangeCodec.java:213)
08-05 04:10:09.885 28464  3382 E baseline.com.newsblur.network.APIResponse: 	... 28 more
08-05 04:10:09.888 28464  3382 I baseline.com.newsblur.network.APIManager: API call failed, pausing before retry number 2
08-05 04:10:09.894 28464 28476 I art     : Starting a blocking GC Explicit
08-05 04:10:09.930 28464 28476 I art     : Explicit concurrent mark sweep GC freed 745(203KB) AllocSpace objects, 2(40KB) LOS objects, 29% free, 37MB/53MB, paused 1.039ms total 35.822ms
08-05 04:10:09.940 28464 28476 I art     : Starting a blocking GC Explicit
08-05 04:10:09.975 28464 28476 I art     : Explicit concurrent mark sweep GC freed 47(1792B) AllocSpace objects, 0(0B) LOS objects, 29% free, 37MB/53MB, paused 1.016ms total 34.798ms
08-05 04:10:10.308 28464 28475 I art     : Starting a blocking GC Explicit
08-05 04:10:10.344 28464 28475 I art     : Explicit concurrent mark sweep GC freed 1933(107KB) AllocSpace objects, 1(20KB) LOS objects, 29% free, 37MB/53MB, paused 964us total 35.908ms
08-05 04:10:10.354 28464 28475 I art     : Starting a blocking GC Explicit
08-05 04:10:10.389 28464 28475 I art     : Explicit concurrent mark sweep GC freed 402(29KB) AllocSpace objects, 0(0B) LOS objects, 29% free, 37MB/53MB, paused 984us total 34.486ms
08-05 04:10:10.399 28464 28475 I art     : Starting a blocking GC Explicit
08-05 04:10:10.434 28464 28475 I art     : Explicit concurrent mark sweep GC freed 3(96B) AllocSpace objects, 0(0B) LOS objects, 29% free, 37MB/53MB, paused 1.010ms total 34.814ms
08-05 04:10:10.445 28464 28475 I art     : Starting a blocking GC Explicit
08-05 04:10:10.479 28464 28475 I art     : Explicit concurrent mark sweep GC freed 3(96B) AllocSpace objects, 0(0B) LOS objects, 29% free, 37MB/53MB, paused 986us total 34.350ms
08-05 04:10:10.489 28464 28475 I art     : Starting a blocking GC Explicit
08-05 04:10:10.526 28464 28475 I art     : Explicit concurrent mark sweep GC freed 3(96B) AllocSpace objects, 0(0B) LOS objects, 29% free, 37MB/53MB, paused 1.070ms total 36.640ms
08-05 04:10:10.890 28464  2651 I art     : Starting a blocking GC Explicit
08-05 04:10:10.927 28464  2651 I art     : Explicit concurrent mark sweep GC freed 1437(82KB) AllocSpace objects, 1(20KB) LOS objects, 29% free, 37MB/53MB, paused 1.120ms total 37.186ms
08-05 04:10:10.938 28464  2651 I art     : Starting a blocking GC Explicit
08-05 04:10:10.973 28464  2651 I art     : Explicit concurrent mark sweep GC freed 22(784B) AllocSpace objects, 0(0B) LOS objects, 29% free, 37MB/53MB, paused 999us total 35.392ms
08-05 04:10:10.984 28464  2651 I art     : Starting a blocking GC Explicit
08-05 04:10:11.020 28464  2651 I art     : Explicit concurrent mark sweep GC freed 3(96B) AllocSpace objects, 0(0B) LOS objects, 29% free, 37MB/53MB, paused 969us total 36.299ms
08-05 04:10:11.031 28464  2651 I art     : Starting a blocking GC Explicit
08-05 04:10:11.066 28464  2651 I art     : Explicit concurrent mark sweep GC freed 3(96B) AllocSpace objects, 0(0B) LOS objects, 29% free, 37MB/53MB, paused 948us total 35.470ms
08-05 04:10:11.077 28464  2651 I art     : Starting a blocking GC Explicit
08-05 04:10:11.114 28464  2651 I art     : Explicit concurrent mark sweep GC freed 3(96B) AllocSpace objects, 0(0B) LOS objects, 29% free, 37MB/53MB, paused 1.002ms total 36.467ms
08-05 04:10:11.488 28464  2648 I art     : Starting a blocking GC Explicit
08-05 04:10:11.527 28464  2648 I art     : Explicit concurrent mark sweep GC freed 1437(82KB) AllocSpace objects, 1(20KB) LOS objects, 29% free, 37MB/53MB, paused 1.004ms total 37.996ms
08-05 04:10:11.537 28464  2648 I art     : Starting a blocking GC Explicit
08-05 04:10:11.572 28464  2648 I art     : Explicit concurrent mark sweep GC freed 22(784B) AllocSpace objects, 0(0B) LOS objects, 29% free, 37MB/53MB, paused 1.092ms total 35.357ms
08-05 04:10:11.583 28464  2648 I art     : Starting a blocking GC Explicit
08-05 04:10:11.619 28464  2648 I art     : Explicit concurrent mark sweep GC freed 3(96B) AllocSpace objects, 0(0B) LOS objects, 29% free, 37MB/53MB, paused 1.102ms total 36.102ms
08-05 04:10:11.629 28464  2648 I art     : Starting a blocking GC Explicit
08-05 04:10:11.666 28464  2648 I art     : Explicit concurrent mark sweep GC freed 3(96B) AllocSpace objects, 0(0B) LOS objects, 29% free, 37MB/53MB, paused 956us total 36.321ms
08-05 04:10:11.676 28464  2648 I art     : Starting a blocking GC Explicit
08-05 04:10:11.712 28464  2648 I art     : Explicit concurrent mark sweep GC freed 3(96B) AllocSpace objects, 0(0B) LOS objects, 29% free, 37MB/53MB, paused 1.028ms total 35.638ms
08-05 04:10:12.046 28464 28476 I art     : Starting a blocking GC Explicit
08-05 04:10:12.081 28464 28476 I art     : Explicit concurrent mark sweep GC freed 1437(82KB) AllocSpace objects, 1(20KB) LOS objects, 29% free, 37MB/53MB, paused 941us total 35.506ms
08-05 04:10:12.091 28464 28476 I art     : Starting a blocking GC Explicit
08-05 04:10:12.125 28464 28476 I art     : Explicit concurrent mark sweep GC freed 22(784B) AllocSpace objects, 0(0B) LOS objects, 29% free, 37MB/53MB, paused 939us total 33.509ms
08-05 04:10:12.135 28464 28476 I art     : Starting a blocking GC Explicit
08-05 04:10:12.168 28464 28476 I art     : Explicit concurrent mark sweep GC freed 3(96B) AllocSpace objects, 0(0B) LOS objects, 29% free, 37MB/53MB, paused 969us total 33.179ms
08-05 04:10:12.179 28464 28476 I art     : Starting a blocking GC Explicit
08-05 04:10:12.213 28464 28476 I art     : Explicit concurrent mark sweep GC freed 3(96B) AllocSpace objects, 0(0B) LOS objects, 29% free, 37MB/53MB, paused 1.010ms total 33.881ms
08-05 04:10:12.223 28464 28476 I art     : Starting a blocking GC Explicit
08-05 04:10:12.232  1294  1294 I ServiceManager: Waiting for service AtCmdFwd...
08-05 04:10:12.257 28464 28476 I art     : Explicit concurrent mark sweep GC freed 3(96B) AllocSpace objects, 0(0B) LOS objects, 29% free, 37MB/53MB, paused 1.076ms total 34.586ms
08-05 04:10:12.478  3787  3787 D AndroidRuntime: >>>>>> START com.android.internal.os.RuntimeInit uid 2000 <<<<<<
08-05 04:10:12.478   518   646 I ThermalEngine: ACTION: GPU - Setting GPU[0] to 600000000
08-05 04:10:12.483  3787  3787 D AndroidRuntime: CheckJNI is OFF
08-05 04:10:12.515  3787  3787 D ICU     : No timezone override file found: /data/misc/zoneinfo/current/icu/icu_tzdata.dat
08-05 04:10:12.544  3787  3787 I Radio-JNI: register_android_hardware_Radio DONE
08-05 04:10:12.561  3787  3787 D AndroidRuntime: Calling main entry com.android.commands.input.Input
08-05 04:10:12.563  3787  3787 I Input   : injectMotionEvent: MotionEvent { action=ACTION_DOWN, actionButton=0, id[0]=0, x[0]=436.0, y[0]=453.0, toolType[0]=TOOL_TYPE_UNKNOWN, buttonState=0, metaState=0, flags=0x0, edgeFlags=0x0, pointerCount=1, historySize=0, eventTime=763828975, downTime=763828975, deviceId=0, source=0x1002 }
08-05 04:10:12.568  3787  3787 I Input   : injectMotionEvent: MotionEvent { action=ACTION_UP, actionButton=0, id[0]=0, x[0]=436.0, y[0]=453.0, toolType[0]=TOOL_TYPE_UNKNOWN, buttonState=0, metaState=0, flags=0x0, edgeFlags=0x0, pointerCount=1, historySize=0, eventTime=763828975, downTime=763828975, deviceId=0, source=0x1002 }
08-05 04:10:12.570  3787  3787 D AndroidRuntime: Shutting down VM
08-05 04:10:12.572 28464 28475 I art     : Starting a blocking GC Explicit
08-05 04:10:12.573   512  2967 D audio_hw_primary: out_set_parameters: enter: usecase(1: low-latency-playback) kvpairs: routing=2
08-05 04:10:12.577   918   929 I ActivityManager: START u0 {cmp=baseline.com.newsblur/.activity.GlobalSharedStoriesReading (has extras)} from uid 10676 on display 0
08-05 04:10:12.586   512  2967 D audio_hw_primary: select_devices: out_snd_device(2: speaker) in_snd_device(0: none)
08-05 04:10:12.586   512  2967 D msm8974_platform: platform_send_audio_calibration: sending audio calibration for snd_device(2) acdb_id(15)
08-05 04:10:12.586   512  2967 I soundtrigger: audio_extn_sound_trigger_update_device_status: device 0x2 of type 0 for Event 1
08-05 04:10:12.599   512  2967 D audio_hw_primary: enable_snd_device: snd_device(2: speaker)
08-05 04:10:12.601   512  2967 D audio_hw_primary: enable_audio_route: apply and update mixer path: low-latency-playback speaker
08-05 04:10:12.604 28464 28475 I art     : Explicit concurrent mark sweep GC freed 1995(163KB) AllocSpace objects, 3(60KB) LOS objects, 29% free, 37MB/53MB, paused 993us total 31.737ms
08-05 04:10:12.611 28464 28475 I art     : Starting a blocking GC Explicit
08-05 04:10:12.638 28464 28475 I art     : Explicit concurrent mark sweep GC freed 847(47KB) AllocSpace objects, 2(468KB) LOS objects, 29% free, 37MB/53MB, paused 1.336ms total 26.541ms
08-05 04:10:12.646 28464 28475 I art     : Starting a blocking GC Explicit
08-05 04:10:12.672 28464 28475 I art     : Explicit concurrent mark sweep GC freed 175(8KB) AllocSpace objects, 0(0B) LOS objects, 29% free, 37MB/53MB, paused 766us total 26.435ms
08-05 04:10:12.680 28464 28475 I art     : Starting a blocking GC Explicit
08-05 04:10:12.708 28464 28475 I art     : Explicit concurrent mark sweep GC freed 152(26KB) AllocSpace objects, 1(20KB) LOS objects, 29% free, 37MB/53MB, paused 799us total 28.038ms
08-05 04:10:12.716 28464 28475 I art     : Starting a blocking GC Explicit
08-05 04:10:12.743 28464 28475 I art     : Explicit concurrent mark sweep GC freed 392(33KB) AllocSpace objects, 1(20KB) LOS objects, 29% free, 37MB/53MB, paused 863us total 27.716ms
08-05 04:10:12.746   918   936 I ActivityManager: Displayed baseline.com.newsblur/.activity.GlobalSharedStoriesReading: +162ms
08-05 04:10:12.747 13866 13866 I GoogleInputMethodServic: GoogleInputMethodService.onFinishInput():3138 
08-05 04:10:12.747 13866 13866 I GoogleInputMethodServic: GoogleInputMethodService.onStartInput():1808 
08-05 04:10:12.906 28464  3006 E chromium: [ERROR:tile_manager.cc(793)] WARNING: tile memory limits exceeded, some content may not draw
08-05 04:10:12.906 28464  3006 E chromium: [ERROR:tile_manager.cc(793)] WARNING: tile memory limits exceeded, some content may not draw
08-05 04:10:12.994 28464 28475 I art     : Starting a blocking GC Explicit
08-05 04:10:13.034 28464 28475 I art     : Explicit concurrent mark sweep GC freed 4392(321KB) AllocSpace objects, 13(304KB) LOS objects, 29% free, 38MB/54MB, paused 829us total 39.507ms
08-05 04:10:13.042 28464 28475 I art     : Starting a blocking GC Explicit
08-05 04:10:13.071 28464 28475 I art     : Explicit concurrent mark sweep GC freed 763(36KB) AllocSpace objects, 0(0B) LOS objects, 29% free, 38MB/54MB, paused 860us total 28.889ms
08-05 04:10:13.079 28464 28475 I art     : Starting a blocking GC Explicit
08-05 04:10:13.107 28464 28475 I art     : Explicit concurrent mark sweep GC freed 3(96B) AllocSpace objects, 0(0B) LOS objects, 29% free, 38MB/54MB, paused 938us total 27.679ms
08-05 04:10:13.108 28464 28474 I art     : WaitForGcToComplete blocked for 13.656ms for cause HeapTrim
08-05 04:10:13.115 28464 28475 I art     : Starting a blocking GC Explicit
08-05 04:10:13.139   512  2967 D audio_hw_primary: disable_audio_route: reset and update mixer path: low-latency-playback speaker
08-05 04:10:13.142   512  2967 D audio_hw_primary: disable_snd_device: snd_device(2: speaker)
08-05 04:10:13.143 28464 28475 I art     : Explicit concurrent mark sweep GC freed 123(17KB) AllocSpace objects, 1(20KB) LOS objects, 29% free, 38MB/54MB, paused 801us total 27.759ms
08-05 04:10:13.149   512  2967 I soundtrigger: audio_extn_sound_trigger_update_device_status: device 0x2 of type 0 for Event 0
08-05 04:10:13.150 28464 28475 I art     : Starting a blocking GC Explicit
08-05 04:10:13.177 28464 28475 I art     : Explicit concurrent mark sweep GC freed 31(992B) AllocSpace objects, 0(0B) LOS objects, 29% free, 38MB/54MB, paused 668us total 26.328ms
08-05 04:10:13.232  1294  1294 I ServiceManager: Waiting for service AtCmdFwd...
08-05 04:10:13.459 28464  3382 E baseline.com.newsblur.network.APIResponse: Error (unexpected end of stream on https://www.newsblur.com/...) calling https://www.newsblur.com/reader/feed_unread_count?feed_id=0
08-05 04:10:13.459 28464  3382 E baseline.com.newsblur.network.APIResponse: java.io.IOException: unexpected end of stream on https://www.newsblur.com/...
08-05 04:10:13.459 28464  3382 E baseline.com.newsblur.network.APIResponse: 	at okhttp3.internal.http1.Http1ExchangeCodec.readResponseHeaders(Http1ExchangeCodec.java:236)
08-05 04:10:13.459 28464  3382 E baseline.com.newsblur.network.APIResponse: 	at okhttp3.internal.connection.Exchange.readResponseHeaders(Exchange.java:115)
08-05 04:10:13.459 28464  3382 E baseline.com.newsblur.network.APIResponse: 	at okhttp3.internal.http.CallServerInterceptor.intercept(CallServerInterceptor.java:94)
08-05 04:10:13.459 28464  3382 E baseline.com.newsblur.network.APIResponse: 	at okhttp3.internal.http.RealInterceptorChain.proceed(RealInterceptorChain.java:142)
08-05 04:10:13.459 28464  3382 E baseline.com.newsblur.network.APIResponse: 	at okhttp3.internal.connection.ConnectInterceptor.intercept(ConnectInterceptor.java:43)
08-05 04:10:13.459 28464  3382 E baseline.com.newsblur.network.APIResponse: 	at okhttp3.internal.http.RealInterceptorChain.proceed(RealInterceptorChain.java:142)
08-05 04:10:13.459 28464  3382 E baseline.com.newsblur.network.APIResponse: 	at okhttp3.internal.http.RealInterceptorChain.proceed(RealInterceptorChain.java:117)
08-05 04:10:13.459 28464  3382 E baseline.com.newsblur.network.APIResponse: 	at okhttp3.internal.cache.CacheInterceptor.intercept(CacheInterceptor.java:94)
08-05 04:10:13.459 28464  3382 E baseline.com.newsblur.network.APIResponse: 	at okhttp3.internal.http.RealInterceptorChain.proceed(RealInterceptorChain.java:142)
08-05 04:10:13.459 28464  3382 E baseline.com.newsblur.network.APIResponse: 	at okhttp3.internal.http.RealInterceptorChain.proceed(RealInterceptorChain.java:117)
08-05 04:10:13.459 28464  3382 E baseline.com.newsblur.network.APIResponse: 	at okhttp3.internal.http.BridgeInterceptor.intercept(BridgeInterceptor.java:93)
08-05 04:10:13.459 28464  3382 E baseline.com.newsblur.network.APIResponse: 	at okhttp3.internal.http.RealInterceptorChain.proceed(RealInterceptorChain.java:142)
08-05 04:10:13.459 28464  3382 E baseline.com.newsblur.network.APIResponse: 	at okhttp3.internal.http.RetryAndFollowUpInterceptor.intercept(RetryAndFollowUpInterceptor.java:88)
08-05 04:10:13.459 28464  3382 E baseline.com.newsblur.network.APIResponse: 	at okhttp3.internal.http.RealInterceptorChain.proceed(RealInterceptorChain.java:142)
08-05 04:10:13.459 28464  3382 E baseline.com.newsblur.network.APIResponse: 	at okhttp3.internal.http.RealInterceptorChain.proceed(RealInterceptorChain.java:117)
08-05 04:10:13.459 28464  3382 E baseline.com.newsblur.network.APIResponse: 	at okhttp3.RealCall.getResponseWithInterceptorChain(RealCall.java:229)
08-05 04:10:13.459 28464  3382 E baseline.com.newsblur.network.APIResponse: 	at okhttp3.RealCall.execute(RealCall.java:81)
08-05 04:10:13.459 28464  3382 E baseline.com.newsblur.network.APIResponse: 	at baseline.com.newsblur.network.APIResponse.<init>(APIResponse.java:57)
08-05 04:10:13.459 28464  3382 E baseline.com.newsblur.network.APIResponse: 	at baseline.com.newsblur.network.APIManager.get_single(APIManager.java:639)
08-05 04:10:13.459 28464  3382 E baseline.com.newsblur.network.APIResponse: 	at baseline.com.newsblur.network.APIManager.get(APIManager.java:625)
08-05 04:10:13.459 28464  3382 E baseline.com.newsblur.network.APIResponse: 	at baseline.com.newsblur.network.APIManager.get(APIManager.java:667)
08-05 04:10:13.459 28464  3382 E baseline.com.newsblur.network.APIResponse: 	at baseline.com.newsblur.network.APIManager.getFeedUnreadCounts(APIManager.java:274)
08-05 04:10:13.459 28464  3382 E baseline.com.newsblur.network.APIResponse: 	at baseline.com.newsblur.service.NBSyncService.checkRecounts(NBSyncService.java:660)
08-05 04:10:13.459 28464  3382 E baseline.com.newsblur.network.APIResponse: 	at baseline.com.newsblur.service.NBSyncService.doSync(NBSyncService.java:310)
08-05 04:10:13.459 28464  3382 E baseline.com.newsblur.network.APIResponse: 	at baseline.com.newsblur.service.NBSyncService.access$100(NBSyncService.java:67)
08-05 04:10:13.459 28464  3382 E baseline.com.newsblur.network.APIResponse: 	at baseline.com.newsblur.service.NBSyncService$1.run(NBSyncService.java:188)
08-05 04:10:13.459 28464  3382 E baseline.com.newsblur.network.APIResponse: 	at java.util.concurrent.ThreadPoolExecutor.runWorker(ThreadPoolExecutor.java:1113)
08-05 04:10:13.459 28464  3382 E baseline.com.newsblur.network.APIResponse: 	at java.util.concurrent.ThreadPoolExecutor$Worker.run(ThreadPoolExecutor.java:588)
08-05 04:10:13.459 28464  3382 E baseline.com.newsblur.network.APIResponse: 	at java.lang.Thread.run(Thread.java:818)
08-05 04:10:13.459 28464  3382 E baseline.com.newsblur.network.APIResponse: Caused by: java.io.EOFException: \n not found: limit=0 content=
08-05 04:10:13.459 28464  3382 E baseline.com.newsblur.network.APIResponse: 	at okio.RealBufferedSource.readUtf8LineStrict(RealBufferedSource.java:240)
08-05 04:10:13.459 28464  3382 E baseline.com.newsblur.network.APIResponse: 	at okhttp3.internal.http1.Http1ExchangeCodec.readHeaderLine(Http1ExchangeCodec.java:242)
08-05 04:10:13.459 28464  3382 E baseline.com.newsblur.network.APIResponse: 	at okhttp3.internal.http1.Http1ExchangeCodec.readResponseHeaders(Http1ExchangeCodec.java:213)
08-05 04:10:13.459 28464  3382 E baseline.com.newsblur.network.APIResponse: 	... 28 more
08-05 04:10:13.463 28464  3382 W baseline.com.newsblur.service.NBSyncService: Bad response to feed_unread_count
08-05 04:10:13.482   518   646 I ThermalEngine: ACTION: GPU - Setting GPU[0] to 510000000
08-05 04:10:13.484 28464 28476 I art     : Starting a blocking GC Explicit
08-05 04:10:13.522 28464 28476 I art     : Explicit concurrent mark sweep GC freed 4456(423KB) AllocSpace objects, 6(120KB) LOS objects, 29% free, 38MB/54MB, paused 1.155ms total 38.298ms
08-05 04:10:13.532 28464 28476 I art     : Starting a blocking GC Explicit
08-05 04:10:13.570 28464 28476 I art     : Explicit concurrent mark sweep GC freed 142(5KB) AllocSpace objects, 0(0B) LOS objects, 29% free, 38MB/54MB, paused 1.069ms total 37.216ms
08-05 04:10:13.580 28464 28476 I art     : Starting a blocking GC Explicit
08-05 04:10:13.617 28464 28476 I art     : Explicit concurrent mark sweep GC freed 3(96B) AllocSpace objects, 0(0B) LOS objects, 29% free, 38MB/54MB, paused 1.187ms total 36.964ms
08-05 04:10:13.628 28464 28476 I art     : Starting a blocking GC Explicit
08-05 04:10:13.666 28464 28476 I art     : Explicit concurrent mark sweep GC freed 3(96B) AllocSpace objects, 0(0B) LOS objects, 29% free, 38MB/54MB, paused 1.051ms total 37.759ms
08-05 04:10:13.676 28464 28476 I art     : Starting a blocking GC Explicit
08-05 04:10:13.715 28464 28476 I art     : Explicit concurrent mark sweep GC freed 3(96B) AllocSpace objects, 0(0B) LOS objects, 29% free, 38MB/54MB, paused 1.080ms total 38.476ms
08-05 04:10:13.882 28464  3382 E baseline.com.newsblur.network.APIResponse: Error (unexpected end of stream on https://www.newsblur.com/...) calling https://www.newsblur.com/reader/mark_story_hashes_as_read/
08-05 04:10:13.882 28464  3382 E baseline.com.newsblur.network.APIResponse: java.io.IOException: unexpected end of stream on https://www.newsblur.com/...
08-05 04:10:13.882 28464  3382 E baseline.com.newsblur.network.APIResponse: 	at okhttp3.internal.http1.Http1ExchangeCodec.readResponseHeaders(Http1ExchangeCodec.java:236)
08-05 04:10:13.882 28464  3382 E baseline.com.newsblur.network.APIResponse: 	at okhttp3.internal.connection.Exchange.readResponseHeaders(Exchange.java:115)
08-05 04:10:13.882 28464  3382 E baseline.com.newsblur.network.APIResponse: 	at okhttp3.internal.http.CallServerInterceptor.intercept(CallServerInterceptor.java:94)
08-05 04:10:13.882 28464  3382 E baseline.com.newsblur.network.APIResponse: 	at okhttp3.internal.http.RealInterceptorChain.proceed(RealInterceptorChain.java:142)
08-05 04:10:13.882 28464  3382 E baseline.com.newsblur.network.APIResponse: 	at okhttp3.internal.connection.ConnectInterceptor.intercept(ConnectInterceptor.java:43)
08-05 04:10:13.882 28464  3382 E baseline.com.newsblur.network.APIResponse: 	at okhttp3.internal.http.RealInterceptorChain.proceed(RealInterceptorChain.java:142)
08-05 04:10:13.882 28464  3382 E baseline.com.newsblur.network.APIResponse: 	at okhttp3.internal.http.RealInterceptorChain.proceed(RealInterceptorChain.java:117)
08-05 04:10:13.882 28464  3382 E baseline.com.newsblur.network.APIResponse: 	at okhttp3.internal.cache.CacheInterceptor.intercept(CacheInterceptor.java:94)
08-05 04:10:13.882 28464  3382 E baseline.com.newsblur.network.APIResponse: 	at okhttp3.internal.http.RealInterceptorChain.proceed(RealInterceptorChain.java:142)
08-05 04:10:13.882 28464  3382 E baseline.com.newsblur.network.APIResponse: 	at okhttp3.internal.http.RealInterceptorChain.proceed(RealInterceptorChain.java:117)
08-05 04:10:13.882 28464  3382 E baseline.com.newsblur.network.APIResponse: 	at okhttp3.internal.http.BridgeInterceptor.intercept(BridgeInterceptor.java:93)
08-05 04:10:13.882 28464  3382 E baseline.com.newsblur.network.APIResponse: 	at okhttp3.internal.http.RealInterceptorChain.proceed(RealInterceptorChain.java:142)
08-05 04:10:13.882 28464  3382 E baseline.com.newsblur.network.APIResponse: 	at okhttp3.internal.http.RetryAndFollowUpInterceptor.intercept(RetryAndFollowUpInterceptor.java:88)
08-05 04:10:13.882 28464  3382 E baseline.com.newsblur.network.APIResponse: 	at okhttp3.internal.http.RealInterceptorChain.proceed(RealInterceptorChain.java:142)
08-05 04:10:13.882 28464  3382 E baseline.com.newsblur.network.APIResponse: 	at okhttp3.internal.http.RealInterceptorChain.proceed(RealInterceptorChain.java:117)
08-05 04:10:13.882 28464  3382 E baseline.com.newsblur.network.APIResponse: 	at okhttp3.RealCall.getResponseWithInterceptorChain(RealCall.java:229)
08-05 04:10:13.882 28464  3382 E baseline.com.newsblur.network.APIResponse: 	at okhttp3.RealCall.execute(RealCall.java:81)
08-05 04:10:13.882 28464  3382 E baseline.com.newsblur.network.APIResponse: 	at baseline.com.newsblur.network.APIResponse.<init>(APIResponse.java:57)
08-05 04:10:13.882 28464  3382 E baseline.com.newsblur.network.APIResponse: 	at baseline.com.newsblur.network.APIResponse.<init>(APIResponse.java:43)
08-05 04:10:13.882 28464  3382 E baseline.com.newsblur.network.APIResponse: 	at baseline.com.newsblur.network.APIManager.post_single(APIManager.java:702)
08-05 04:10:13.882 28464  3382 E baseline.com.newsblur.network.APIResponse: 	at baseline.com.newsblur.network.APIManager.post(APIManager.java:675)
08-05 04:10:13.882 28464  3382 E baseline.com.newsblur.network.APIResponse: 	at baseline.com.newsblur.network.APIManager.post(APIManager.java:714)
08-05 04:10:13.882 28464  3382 E baseline.com.newsblur.network.APIResponse: 	at baseline.com.newsblur.network.APIManager.markStoryAsRead(APIManager.java:205)
08-05 04:10:13.882 28464  3382 E baseline.com.newsblur.network.APIResponse: 	at baseline.com.newsblur.util.ReadingAction.doRemote(ReadingAction.java:281)
08-05 04:10:13.882 28464  3382 E baseline.com.newsblur.network.APIResponse: 	at baseline.com.newsblur.service.NBSyncService.syncActions(NBSyncService.java:400)
08-05 04:10:13.882 28464  3382 E baseline.com.newsblur.network.APIResponse: 	at baseline.com.newsblur.service.NBSyncService.doSync(NBSyncService.java:298)
08-05 04:10:13.882 28464  3382 E baseline.com.newsblur.network.APIResponse: 	at baseline.com.newsblur.service.NBSyncService.access$100(NBSyncService.java:67)
08-05 04:10:13.882 28464  3382 E baseline.com.newsblur.network.APIResponse: 	at baseline.com.newsblur.service.NBSyncService$1.run(NBSyncService.java:188)
08-05 04:10:13.882 28464  3382 E baseline.com.newsblur.network.APIResponse: 	at java.util.concurrent.ThreadPoolExecutor.runWorker(ThreadPoolExecutor.java:1113)
08-05 04:10:13.882 28464  3382 E baseline.com.newsblur.network.APIResponse: 	at java.util.concurrent.ThreadPoolExecutor$Worker.run(ThreadPoolExecutor.java:588)
08-05 04:10:13.882 28464  3382 E baseline.com.newsblur.network.APIResponse: 	at java.lang.Thread.run(Thread.java:818)
08-05 04:10:13.882 28464  3382 E baseline.com.newsblur.network.APIResponse: Caused by: java.io.EOFException: \n not found: limit=0 content=
08-05 04:10:13.882 28464  3382 E baseline.com.newsblur.network.APIResponse: 	at okio.RealBufferedSource.readUtf8LineStrict(RealBufferedSource.java:240)
08-05 04:10:13.882 28464  3382 E baseline.com.newsblur.network.APIResponse: 	at okhttp3.internal.http1.Http1ExchangeCodec.readHeaderLine(Http1ExchangeCodec.java:242)
08-05 04:10:13.882 28464  3382 E baseline.com.newsblur.network.APIResponse: 	at okhttp3.internal.http1.Http1ExchangeCodec.readResponseHeaders(Http1ExchangeCodec.java:213)
08-05 04:10:13.882 28464  3382 E baseline.com.newsblur.network.APIResponse: 	... 30 more
08-05 04:10:13.883 28464  3382 I baseline.com.newsblur.network.APIManager: API call failed, pausing before retry number 1
08-05 04:10:14.029 28464 28476 I art     : Starting a blocking GC Explicit
08-05 04:10:14.067 28464 28476 I art     : Explicit concurrent mark sweep GC freed 3969(358KB) AllocSpace objects, 3(60KB) LOS objects, 29% free, 38MB/54MB, paused 997us total 37.653ms
08-05 04:10:14.077 28464 28476 I art     : Starting a blocking GC Explicit
08-05 04:10:14.117 28464 28476 I art     : Explicit concurrent mark sweep GC freed 121(4KB) AllocSpace objects, 0(0B) LOS objects, 29% free, 38MB/54MB, paused 1.023ms total 39.333ms
08-05 04:10:14.128 28464 28476 I art     : Starting a blocking GC Explicit
08-05 04:10:14.166 28464 28476 I art     : Explicit concurrent mark sweep GC freed 15(480B) AllocSpace objects, 0(0B) LOS objects, 29% free, 38MB/54MB, paused 1.042ms total 38.069ms
08-05 04:10:14.177 28464 28476 I art     : Starting a blocking GC Explicit
08-05 04:10:14.214 28464 28476 I art     : Explicit concurrent mark sweep GC freed 15(480B) AllocSpace objects, 0(0B) LOS objects, 29% free, 38MB/54MB, paused 954us total 36.563ms
08-05 04:10:14.225 28464 28476 I art     : Starting a blocking GC Explicit
08-05 04:10:14.233  1294  1294 I ServiceManager: Waiting for service AtCmdFwd...
08-05 04:10:14.262 28464 28476 I art     : Explicit concurrent mark sweep GC freed 8(256B) AllocSpace objects, 0(0B) LOS objects, 29% free, 38MB/54MB, paused 908us total 36.700ms
08-05 04:10:14.603 28464 28475 I art     : Starting a blocking GC Explicit
08-05 04:10:14.644 28464 28475 I art     : Explicit concurrent mark sweep GC freed 1443(83KB) AllocSpace objects, 1(20KB) LOS objects, 29% free, 38MB/54MB, paused 1.134ms total 40.322ms
08-05 04:10:14.654 28464 28475 I art     : Starting a blocking GC Explicit
08-05 04:10:14.693 28464 28475 I art     : Explicit concurrent mark sweep GC freed 22(784B) AllocSpace objects, 0(0B) LOS objects, 29% free, 38MB/54MB, paused 1.035ms total 38.349ms
08-05 04:10:14.703 28464 28475 I art     : Starting a blocking GC Explicit
08-05 04:10:14.741 28464 28475 I art     : Explicit concurrent mark sweep GC freed 3(96B) AllocSpace objects, 0(0B) LOS objects, 29% free, 38MB/54MB, paused 1.008ms total 38.066ms
08-05 04:10:14.752 28464 28475 I art     : Starting a blocking GC Explicit
08-05 04:10:14.791 28464 28475 I art     : Explicit concurrent mark sweep GC freed 3(96B) AllocSpace objects, 0(0B) LOS objects, 29% free, 38MB/54MB, paused 1.019ms total 38.770ms
08-05 04:10:14.802 28464 28475 I art     : Starting a blocking GC Explicit
08-05 04:10:14.841 28464 28475 I art     : Explicit concurrent mark sweep GC freed 3(96B) AllocSpace objects, 0(0B) LOS objects, 29% free, 38MB/54MB, paused 1.016ms total 39.364ms
08-05 04:10:15.201 28464  2648 I art     : Starting a blocking GC Explicit
08-05 04:10:15.234  1294  1294 I ServiceManager: Waiting for service AtCmdFwd...
08-05 04:10:15.242 28464  2648 I art     : Explicit concurrent mark sweep GC freed 1444(83KB) AllocSpace objects, 1(20KB) LOS objects, 29% free, 38MB/54MB, paused 1.035ms total 40.766ms
08-05 04:10:15.256 28464  2648 I art     : Starting a blocking GC Explicit
08-05 04:10:15.293 28464  2648 I art     : Explicit concurrent mark sweep GC freed 22(784B) AllocSpace objects, 0(0B) LOS objects, 29% free, 38MB/54MB, paused 1.042ms total 36.847ms
08-05 04:10:15.303 28464  2648 I art     : Starting a blocking GC Explicit
08-05 04:10:15.340 28464  2648 I art     : Explicit concurrent mark sweep GC freed 3(96B) AllocSpace objects, 0(0B) LOS objects, 29% free, 38MB/54MB, paused 921us total 36.359ms
08-05 04:10:15.351 28464  2648 I art     : Starting a blocking GC Explicit
08-05 04:10:15.388 28464  2648 I art     : Explicit concurrent mark sweep GC freed 18(912B) AllocSpace objects, 0(0B) LOS objects, 29% free, 38MB/54MB, paused 1.064ms total 37.294ms
08-05 04:10:15.398 28464  2648 I art     : Starting a blocking GC Explicit
08-05 04:10:15.436 28464  2648 I art     : Explicit concurrent mark sweep GC freed 79(2848B) AllocSpace objects, 0(0B) LOS objects, 29% free, 38MB/54MB, paused 1.092ms total 37.724ms
08-05 04:10:15.811 28464  2651 I art     : Starting a blocking GC Explicit
08-05 04:10:15.851 28464  2651 I art     : Explicit concurrent mark sweep GC freed 1523(88KB) AllocSpace objects, 1(20KB) LOS objects, 29% free, 38MB/54MB, paused 1.097ms total 40.104ms
08-05 04:10:15.862 28464  2651 I art     : Starting a blocking GC Explicit
08-05 04:10:15.900 28464  2651 I art     : Explicit concurrent mark sweep GC freed 1676(65KB) AllocSpace objects, 0(0B) LOS objects, 29% free, 38MB/54MB, paused 1.155ms total 38.079ms
08-05 04:10:15.910 28464  2651 I art     : Starting a blocking GC Explicit
08-05 04:10:15.940 28464  3382 E baseline.com.newsblur.network.APIResponse: Error (unexpected end of stream on https://www.newsblur.com/...) calling https://www.newsblur.com/reader/mark_story_hashes_as_read/
08-05 04:10:15.940 28464  3382 E baseline.com.newsblur.network.APIResponse: java.io.IOException: unexpected end of stream on https://www.newsblur.com/...
08-05 04:10:15.940 28464  3382 E baseline.com.newsblur.network.APIResponse: 	at okhttp3.internal.http1.Http1ExchangeCodec.readResponseHeaders(Http1ExchangeCodec.java:236)
08-05 04:10:15.940 28464  3382 E baseline.com.newsblur.network.APIResponse: 	at okhttp3.internal.connection.Exchange.readResponseHeaders(Exchange.java:115)
08-05 04:10:15.940 28464  3382 E baseline.com.newsblur.network.APIResponse: 	at okhttp3.internal.http.CallServerInterceptor.intercept(CallServerInterceptor.java:94)
08-05 04:10:15.940 28464  3382 E baseline.com.newsblur.network.APIResponse: 	at okhttp3.internal.http.RealInterceptorChain.proceed(RealInterceptorChain.java:142)
08-05 04:10:15.940 28464  3382 E baseline.com.newsblur.network.APIResponse: 	at okhttp3.internal.connection.ConnectInterceptor.intercept(ConnectInterceptor.java:43)
08-05 04:10:15.940 28464  3382 E baseline.com.newsblur.network.APIResponse: 	at okhttp3.internal.http.RealInterceptorChain.proceed(RealInterceptorChain.java:142)
08-05 04:10:15.940 28464  3382 E baseline.com.newsblur.network.APIResponse: 	at okhttp3.internal.http.RealInterceptorChain.proceed(RealInterceptorChain.java:117)
08-05 04:10:15.940 28464  3382 E baseline.com.newsblur.network.APIResponse: 	at okhttp3.internal.cache.CacheInterceptor.intercept(CacheInterceptor.java:94)
08-05 04:10:15.940 28464  3382 E baseline.com.newsblur.network.APIResponse: 	at okhttp3.internal.http.RealInterceptorChain.proceed(RealInterceptorChain.java:142)
08-05 04:10:15.940 28464  3382 E baseline.com.newsblur.network.APIResponse: 	at okhttp3.internal.http.RealInterceptorChain.proceed(RealInterceptorChain.java:117)
08-05 04:10:15.940 28464  3382 E baseline.com.newsblur.network.APIResponse: 	at okhttp3.internal.http.BridgeInterceptor.intercept(BridgeInterceptor.java:93)
08-05 04:10:15.940 28464  3382 E baseline.com.newsblur.network.APIResponse: 	at okhttp3.internal.http.RealInterceptorChain.proceed(RealInterceptorChain.java:142)
08-05 04:10:15.940 28464  3382 E baseline.com.newsblur.network.APIResponse: 	at okhttp3.internal.http.RetryAndFollowUpInterceptor.intercept(RetryAndFollowUpInterceptor.java:88)
08-05 04:10:15.940 28464  3382 E baseline.com.newsblur.network.APIResponse: 	at okhttp3.internal.http.RealInterceptorChain.proceed(RealInterceptorChain.java:142)
08-05 04:10:15.940 28464  3382 E baseline.com.newsblur.network.APIResponse: 	at okhttp3.internal.http.RealInterceptorChain.proceed(RealInterceptorChain.java:117)
08-05 04:10:15.940 28464  3382 E baseline.com.newsblur.network.APIResponse: 	at okhttp3.RealCall.getResponseWithInterceptorChain(RealCall.java:229)
08-05 04:10:15.940 28464  3382 E baseline.com.newsblur.network.APIResponse: 	at okhttp3.RealCall.execute(RealCall.java:81)
08-05 04:10:15.940 28464  3382 E baseline.com.newsblur.network.APIResponse: 	at baseline.com.newsblur.network.APIResponse.<init>(APIResponse.java:57)
08-05 04:10:15.940 28464  3382 E baseline.com.newsblur.network.APIResponse: 	at baseline.com.newsblur.network.APIResponse.<init>(APIResponse.java:43)
08-05 04:10:15.940 28464  3382 E baseline.com.newsblur.network.APIResponse: 	at baseline.com.newsblur.network.APIManager.post_single(APIManager.java:702)
08-05 04:10:15.940 28464  3382 E baseline.com.newsblur.network.APIResponse: 	at baseline.com.newsblur.network.APIManager.post(APIManager.java:675)
08-05 04:10:15.940 28464  3382 E baseline.com.newsblur.network.APIResponse: 	at baseline.com.newsblur.network.APIManager.post(APIManager.java:714)
08-05 04:10:15.940 28464  3382 E baseline.com.newsblur.network.APIResponse: 	at baseline.com.newsblur.network.APIManager.markStoryAsRead(APIManager.java:205)
08-05 04:10:15.940 28464  3382 E baseline.com.newsblur.network.APIResponse: 	at baseline.com.newsblur.util.ReadingAction.doRemote(ReadingAction.java:281)
08-05 04:10:15.940 28464  3382 E baseline.com.newsblur.network.APIResponse: 	at baseline.com.newsblur.service.NBSyncService.syncActions(NBSyncService.java:400)
08-05 04:10:15.940 28464  3382 E baseline.com.newsblur.network.APIResponse: 	at baseline.com.newsblur.service.NBSyncService.doSync(NBSyncService.java:298)
08-05 04:10:15.940 28464  3382 E baseline.com.newsblur.network.APIResponse: 	at baseline.com.newsblur.service.NBSyncService.access$100(NBSyncService.java:67)
08-05 04:10:15.940 28464  3382 E baseline.com.newsblur.network.APIResponse: 	at baseline.com.newsblur.service.NBSyncService$1.run(NBSyncService.java:188)
08-05 04:10:15.940 28464  3382 E baseline.com.newsblur.network.APIResponse: 	at java.util.concurrent.ThreadPoolExecutor.runWorker(ThreadPoolExecutor.java:1113)
08-05 04:10:15.940 28464  3382 E baseline.com.newsblur.network.APIResponse: 	at java.util.concurrent.ThreadPoolExecutor$Worker.run(ThreadPoolExecutor.java:588)
08-05 04:10:15.940 28464  3382 E baseline.com.newsblur.network.APIResponse: 	at java.lang.Thread.run(Thread.java:818)
08-05 04:10:15.940 28464  3382 E baseline.com.newsblur.network.APIResponse: Caused by: java.io.EOFException: \n not found: limit=0 content=
08-05 04:10:15.940 28464  3382 E baseline.com.newsblur.network.APIResponse: 	at okio.RealBufferedSource.readUtf8LineStrict(RealBufferedSource.java:240)
08-05 04:10:15.940 28464  3382 E baseline.com.newsblur.network.APIResponse: 	at okhttp3.internal.http1.Http1ExchangeCodec.readHeaderLine(Http1ExchangeCodec.java:242)
08-05 04:10:15.940 28464  3382 E baseline.com.newsblur.network.APIResponse: 	at okhttp3.internal.http1.Http1ExchangeCodec.readResponseHeaders(Http1ExchangeCodec.java:213)
08-05 04:10:15.940 28464  3382 E baseline.com.newsblur.network.APIResponse: 	... 30 more
08-05 04:10:15.942 28464  3382 I baseline.com.newsblur.network.APIManager: API call failed, pausing before retry number 2
08-05 04:10:15.949 28464  2651 I art     : Explicit concurrent mark sweep GC freed 812(187KB) AllocSpace objects, 2(40KB) LOS objects, 29% free, 38MB/54MB, paused 1.136ms total 38.185ms
08-05 04:10:15.959 28464  2651 I art     : Starting a blocking GC Explicit
08-05 04:10:15.998 28464  2651 I art     : Explicit concurrent mark sweep GC freed 120(25KB) AllocSpace objects, 0(0B) LOS objects, 29% free, 38MB/54MB, paused 1.218ms total 38.405ms
08-05 04:10:16.008 28464  2651 I art     : Starting a blocking GC Explicit
08-05 04:10:16.047 28464  2651 I art     : Explicit concurrent mark sweep GC freed 31(1024B) AllocSpace objects, 0(0B) LOS objects, 29% free, 38MB/54MB, paused 1.193ms total 38.811ms
08-05 04:10:16.234  1294  1294 I ServiceManager: Waiting for service AtCmdFwd...
08-05 04:10:16.379 28464 28476 I art     : Starting a blocking GC Explicit
08-05 04:10:16.420 28464 28476 I art     : Explicit concurrent mark sweep GC freed 1444(83KB) AllocSpace objects, 1(20KB) LOS objects, 29% free, 38MB/54MB, paused 1.075ms total 40.196ms
08-05 04:10:16.432 28464 28476 I art     : Starting a blocking GC Explicit
08-05 04:10:16.470 28464 28476 I art     : Explicit concurrent mark sweep GC freed 22(784B) AllocSpace objects, 0(0B) LOS objects, 29% free, 38MB/54MB, paused 1.065ms total 37.807ms
08-05 04:10:16.480 28464 28476 I art     : Starting a blocking GC Explicit
08-05 04:10:16.518 28464 28476 I art     : Explicit concurrent mark sweep GC freed 3(96B) AllocSpace objects, 0(0B) LOS objects, 29% free, 38MB/54MB, paused 1.022ms total 37.832ms
08-05 04:10:16.529 28464 28476 I art     : Starting a blocking GC Explicit
08-05 04:10:16.567 28464 28476 I art     : Explicit concurrent mark sweep GC freed 3(96B) AllocSpace objects, 0(0B) LOS objects, 29% free, 38MB/54MB, paused 1.116ms total 38.060ms
08-05 04:10:16.578 28464 28476 I art     : Starting a blocking GC Explicit
08-05 04:10:16.616 28464 28476 I art     : Explicit concurrent mark sweep GC freed 3(96B) AllocSpace objects, 0(0B) LOS objects, 29% free, 38MB/54MB, paused 1.045ms total 38.623ms
08-05 04:10:16.960 28464 28475 I art     : Starting a blocking GC Explicit
08-05 04:10:17.000 28464 28475 I art     : Explicit concurrent mark sweep GC freed 1444(83KB) AllocSpace objects, 1(20KB) LOS objects, 29% free, 38MB/54MB, paused 1.094ms total 39.260ms
08-05 04:10:17.011 28464 28475 I art     : Starting a blocking GC Explicit
08-05 04:10:17.047 28464 28475 I art     : Explicit concurrent mark sweep GC freed 22(784B) AllocSpace objects, 0(0B) LOS objects, 29% free, 38MB/54MB, paused 1.085ms total 36.481ms
08-05 04:10:17.058 28464 28475 I art     : Starting a blocking GC Explicit
08-05 04:10:17.095 28464 28475 I art     : Explicit concurrent mark sweep GC freed 3(96B) AllocSpace objects, 0(0B) LOS objects, 29% free, 38MB/54MB, paused 1.096ms total 36.851ms
08-05 04:10:17.105 28464 28475 I art     : Starting a blocking GC Explicit
08-05 04:10:17.142 28464 28475 I art     : Explicit concurrent mark sweep GC freed 3(96B) AllocSpace objects, 0(0B) LOS objects, 29% free, 38MB/54MB, paused 978us total 36.778ms
08-05 04:10:17.152 28464 28475 I art     : Starting a blocking GC Explicit
08-05 04:10:17.189 28464 28475 I art     : Explicit concurrent mark sweep GC freed 3(96B) AllocSpace objects, 0(0B) LOS objects, 29% free, 38MB/54MB, paused 1.044ms total 36.698ms
08-05 04:10:17.235  1294  1294 W Atfwd_Sendcmd: AtCmdFwd service not published, waiting... retryCnt : 5
08-05 04:10:17.253  3903  3903 D AndroidRuntime: >>>>>> START com.android.internal.os.RuntimeInit uid 2000 <<<<<<
08-05 04:10:17.259  3903  3903 D AndroidRuntime: CheckJNI is OFF
08-05 04:10:17.294  3903  3903 D ICU     : No timezone override file found: /data/misc/zoneinfo/current/icu/icu_tzdata.dat
08-05 04:10:17.327  3903  3903 I Radio-JNI: register_android_hardware_Radio DONE
08-05 04:10:17.349  3903  3903 D AndroidRuntime: Calling main entry com.android.commands.input.Input
08-05 04:10:17.351  3903  3903 I Input   : injectKeyEvent: KeyEvent { action=ACTION_DOWN, keyCode=KEYCODE_BACK, scanCode=0, metaState=0, flags=0x0, repeatCount=0, eventTime=763833764, downTime=763833764, deviceId=-1, source=0x101 }
08-05 04:10:17.357  3903  3903 I Input   : injectKeyEvent: KeyEvent { action=ACTION_UP, keyCode=KEYCODE_BACK, scanCode=0, metaState=0, flags=0x0, repeatCount=0, eventTime=763833764, downTime=763833764, deviceId=-1, source=0x101 }
08-05 04:10:17.363  3903  3903 D AndroidRuntime: Shutting down VM
08-05 04:10:17.495 13866 13866 I GoogleInputMethodServic: GoogleInputMethodService.onFinishInput():3138 
08-05 04:10:17.495 13866 13866 I GoogleInputMethodServic: GoogleInputMethodService.onStartInput():1808 
08-05 04:10:17.509 28464  2648 I art     : Starting a blocking GC Explicit
08-05 04:10:17.548 28464  2648 I art     : Explicit concurrent mark sweep GC freed 2767(216KB) AllocSpace objects, 5(100KB) LOS objects, 29% free, 38MB/54MB, paused 1.202ms total 38.611ms
08-05 04:10:17.560 28464  2648 I art     : Starting a blocking GC Explicit
08-05 04:10:17.594 28464  2648 I art     : Explicit concurrent mark sweep GC freed 543(41KB) AllocSpace objects, 0(0B) LOS objects, 29% free, 38MB/54MB, paused 953us total 33.324ms
08-05 04:10:17.604 28464  2648 I art     : Starting a blocking GC Explicit
08-05 04:10:17.639 28464  2648 I art     : Explicit concurrent mark sweep GC freed 3(96B) AllocSpace objects, 1(28KB) LOS objects, 29% free, 38MB/54MB, paused 1.017ms total 34.604ms
08-05 04:10:17.649 28464  2648 I art     : Starting a blocking GC Explicit
08-05 04:10:17.683 28464  2648 I art     : Explicit concurrent mark sweep GC freed 3(96B) AllocSpace objects, 0(0B) LOS objects, 29% free, 38MB/54MB, paused 855us total 34.688ms
08-05 04:10:17.693 28464  2648 I art     : Starting a blocking GC Explicit
08-05 04:10:17.728 28464  2648 I art     : Explicit concurrent mark sweep GC freed 3(96B) AllocSpace objects, 0(0B) LOS objects, 29% free, 38MB/54MB, paused 999us total 34.421ms
08-05 04:10:18.044 28464  2651 I art     : Starting a blocking GC Explicit
08-05 04:10:18.087 28464  2651 I art     : Explicit concurrent mark sweep GC freed 2699(142KB) AllocSpace objects, 1(20KB) LOS objects, 29% free, 38MB/54MB, paused 990us total 42.595ms
08-05 04:10:18.097 28464  2651 I art     : Starting a blocking GC Explicit
08-05 04:10:18.138 28464  2651 I art     : Explicit concurrent mark sweep GC freed 155(7KB) AllocSpace objects, 0(0B) LOS objects, 29% free, 38MB/54MB, paused 1.351ms total 40.611ms
08-05 04:10:18.149 28464  2651 I art     : Starting a blocking GC Explicit
08-05 04:10:18.191 28464  2651 I art     : Explicit concurrent mark sweep GC freed 9(288B) AllocSpace objects, 0(0B) LOS objects, 29% free, 38MB/54MB, paused 1.060ms total 41.674ms
08-05 04:10:18.191 28464 28474 I art     : WaitForGcToComplete blocked for 41.911ms for cause HeapTrim
08-05 04:10:18.202 28464  2651 I art     : Starting a blocking GC Explicit
08-05 04:10:18.241 28464  2651 I art     : Explicit concurrent mark sweep GC freed 9(288B) AllocSpace objects, 0(0B) LOS objects, 29% free, 38MB/54MB, paused 1.062ms total 38.990ms
08-05 04:10:18.253 28464  2651 I art     : Starting a blocking GC Explicit
08-05 04:10:18.294 28464  2651 I art     : Explicit concurrent mark sweep GC freed 9(288B) AllocSpace objects, 0(0B) LOS objects, 29% free, 38MB/54MB, paused 1.052ms total 40.917ms
08-05 04:10:18.639 28464 28475 I art     : Starting a blocking GC Explicit
08-05 04:10:18.681 28464 28475 I art     : Explicit concurrent mark sweep GC freed 1490(84KB) AllocSpace objects, 1(20KB) LOS objects, 29% free, 38MB/54MB, paused 1.226ms total 42.036ms
08-05 04:10:18.693 28464 28475 I art     : Starting a blocking GC Explicit
08-05 04:10:18.732 28464 28475 I art     : Explicit concurrent mark sweep GC freed 28(976B) AllocSpace objects, 0(0B) LOS objects, 29% free, 38MB/54MB, paused 955us total 38.640ms
08-05 04:10:18.743 28464 28475 I art     : Starting a blocking GC Explicit
08-05 04:10:18.779 28464 28475 I art     : Explicit concurrent mark sweep GC freed 7(224B) AllocSpace objects, 0(0B) LOS objects, 29% free, 38MB/54MB, paused 1.003ms total 35.844ms
08-05 04:10:18.789 28464 28475 I art     : Starting a blocking GC Explicit
08-05 04:10:18.828 28464 28475 I art     : Explicit concurrent mark sweep GC freed 9(288B) AllocSpace objects, 0(0B) LOS objects, 29% free, 38MB/54MB, paused 1.073ms total 38.216ms
08-05 04:10:18.839 28464 28475 I art     : Starting a blocking GC Explicit
08-05 04:10:18.879 28464 28475 I art     : Explicit concurrent mark sweep GC freed 9(288B) AllocSpace objects, 0(0B) LOS objects, 29% free, 38MB/54MB, paused 1.034ms total 39.177ms
08-05 04:10:19.023  3974  3974 D AndroidRuntime: >>>>>> START com.android.internal.os.RuntimeInit uid 2000 <<<<<<
08-05 04:10:19.028  3974  3974 D AndroidRuntime: CheckJNI is OFF
08-05 04:10:19.060  3974  3974 D ICU     : No timezone override file found: /data/misc/zoneinfo/current/icu/icu_tzdata.dat
08-05 04:10:19.092  3974  3974 I Radio-JNI: register_android_hardware_Radio DONE
08-05 04:10:19.113  3974  3974 D AndroidRuntime: Calling main entry com.android.commands.input.Input
08-05 04:10:19.114  3974  3974 I Input   : injectKeyEvent: KeyEvent { action=ACTION_DOWN, keyCode=KEYCODE_BACK, scanCode=0, metaState=0, flags=0x0, repeatCount=0, eventTime=763835527, downTime=763835527, deviceId=-1, source=0x101 }
08-05 04:10:19.126  3974  3974 I Input   : injectKeyEvent: KeyEvent { action=ACTION_UP, keyCode=KEYCODE_BACK, scanCode=0, metaState=0, flags=0x0, repeatCount=0, eventTime=763835527, downTime=763835527, deviceId=-1, source=0x101 }
08-05 04:10:19.132  3974  3974 D AndroidRuntime: Shutting down VM
08-05 04:10:19.211 28464  2651 I art     : Starting a blocking GC Explicit
08-05 04:10:19.253 28464  2651 I art     : Explicit concurrent mark sweep GC freed 3961(300KB) AllocSpace objects, 9(180KB) LOS objects, 29% free, 38MB/54MB, paused 1.289ms total 40.848ms
08-05 04:10:19.262 28464  2651 I art     : Starting a blocking GC Explicit
08-05 04:10:19.281   918  3261 D WifiStateMachine: starting scan for "H369AA63323"WPA_PSK with 2412,5180
08-05 04:10:19.285 13866 13866 I GoogleInputMethodServic: GoogleInputMethodService.onFinishInput():3138 
08-05 04:10:19.286 13866 13866 I GoogleInputMethodServic: GoogleInputMethodService.onStartInput():1808 
08-05 04:10:19.300 28464  2651 I art     : Explicit concurrent mark sweep GC freed 5989(375KB) AllocSpace objects, 4(80KB) LOS objects, 29% free, 38MB/54MB, paused 1.179ms total 37.829ms
08-05 04:10:19.312 28464  2651 I art     : Starting a blocking GC Explicit
08-05 04:10:19.351 28464  2651 I art     : Explicit concurrent mark sweep GC freed 180(6KB) AllocSpace objects, 0(0B) LOS objects, 29% free, 38MB/54MB, paused 1.439ms total 38.680ms
08-05 04:10:19.363 28464  2651 I art     : Starting a blocking GC Explicit
08-05 04:10:19.398 28464  2651 I art     : Explicit concurrent mark sweep GC freed 1769(69KB) AllocSpace objects, 0(0B) LOS objects, 29% free, 38MB/54MB, paused 1.049ms total 34.848ms
08-05 04:10:19.409 28464  2651 I art     : Starting a blocking GC Explicit
08-05 04:10:19.410 28464  3382 E baseline.com.newsblur.network.APIResponse: Error (unexpected end of stream on https://www.newsblur.com/...) calling https://www.newsblur.com/reader/mark_story_hashes_as_read/
08-05 04:10:19.410 28464  3382 E baseline.com.newsblur.network.APIResponse: java.io.IOException: unexpected end of stream on https://www.newsblur.com/...
08-05 04:10:19.410 28464  3382 E baseline.com.newsblur.network.APIResponse: 	at okhttp3.internal.http1.Http1ExchangeCodec.readResponseHeaders(Http1ExchangeCodec.java:236)
08-05 04:10:19.410 28464  3382 E baseline.com.newsblur.network.APIResponse: 	at okhttp3.internal.connection.Exchange.readResponseHeaders(Exchange.java:115)
08-05 04:10:19.410 28464  3382 E baseline.com.newsblur.network.APIResponse: 	at okhttp3.internal.http.CallServerInterceptor.intercept(CallServerInterceptor.java:94)
08-05 04:10:19.410 28464  3382 E baseline.com.newsblur.network.APIResponse: 	at okhttp3.internal.http.RealInterceptorChain.proceed(RealInterceptorChain.java:142)
08-05 04:10:19.410 28464  3382 E baseline.com.newsblur.network.APIResponse: 	at okhttp3.internal.connection.ConnectInterceptor.intercept(ConnectInterceptor.java:43)
08-05 04:10:19.410 28464  3382 E baseline.com.newsblur.network.APIResponse: 	at okhttp3.internal.http.RealInterceptorChain.proceed(RealInterceptorChain.java:142)
08-05 04:10:19.410 28464  3382 E baseline.com.newsblur.network.APIResponse: 	at okhttp3.internal.http.RealInterceptorChain.proceed(RealInterceptorChain.java:117)
08-05 04:10:19.410 28464  3382 E baseline.com.newsblur.network.APIResponse: 	at okhttp3.internal.cache.CacheInterceptor.intercept(CacheInterceptor.java:94)
08-05 04:10:19.410 28464  3382 E baseline.com.newsblur.network.APIResponse: 	at okhttp3.internal.http.RealInterceptorChain.proceed(RealInterceptorChain.java:142)
08-05 04:10:19.410 28464  3382 E baseline.com.newsblur.network.APIResponse: 	at okhttp3.internal.http.RealInterceptorChain.proceed(RealInterceptorChain.java:117)
08-05 04:10:19.410 28464  3382 E baseline.com.newsblur.network.APIResponse: 	at okhttp3.internal.http.BridgeInterceptor.intercept(BridgeInterceptor.java:93)
08-05 04:10:19.410 28464  3382 E baseline.com.newsblur.network.APIResponse: 	at okhttp3.internal.http.RealInterceptorChain.proceed(RealInterceptorChain.java:142)
08-05 04:10:19.410 28464  3382 E baseline.com.newsblur.network.APIResponse: 	at okhttp3.internal.http.RetryAndFollowUpInterceptor.intercept(RetryAndFollowUpInterceptor.java:88)
08-05 04:10:19.410 28464  3382 E baseline.com.newsblur.network.APIResponse: 	at okhttp3.internal.http.RealInterceptorChain.proceed(RealInterceptorChain.java:142)
08-05 04:10:19.410 28464  3382 E baseline.com.newsblur.network.APIResponse: 	at okhttp3.internal.http.RealInterceptorChain.proceed(RealInterceptorChain.java:117)
08-05 04:10:19.410 28464  3382 E baseline.com.newsblur.network.APIResponse: 	at okhttp3.RealCall.getResponseWithInterceptorChain(RealCall.java:229)
08-05 04:10:19.410 28464  3382 E baseline.com.newsblur.network.APIResponse: 	at okhttp3.RealCall.execute(RealCall.java:81)
08-05 04:10:19.410 28464  3382 E baseline.com.newsblur.network.APIResponse: 	at baseline.com.newsblur.network.APIResponse.<init>(APIResponse.java:57)
08-05 04:10:19.410 28464  3382 E baseline.com.newsblur.network.APIResponse: 	at baseline.com.newsblur.network.APIResponse.<init>(APIResponse.java:43)
08-05 04:10:19.410 28464  3382 E baseline.com.newsblur.network.APIResponse: 	at baseline.com.newsblur.network.APIManager.post_single(APIManager.java:702)
08-05 04:10:19.410 28464  3382 E baseline.com.newsblur.network.APIResponse: 	at baseline.com.newsblur.network.APIManager.post(APIManager.java:675)
08-05 04:10:19.410 28464  3382 E baseline.com.newsblur.network.APIResponse: 	at baseline.com.newsblur.network.APIManager.post(APIManager.java:714)
08-05 04:10:19.410 28464  3382 E baseline.com.newsblur.network.APIResponse: 	at baseline.com.newsblur.network.APIManager.markStoryAsRead(APIManager.java:205)
08-05 04:10:19.410 28464  3382 E baseline.com.newsblur.network.APIResponse: 	at baseline.com.newsblur.util.ReadingAction.doRemote(ReadingAction.java:281)
08-05 04:10:19.410 28464  3382 E baseline.com.newsblur.network.APIResponse: 	at baseline.com.newsblur.service.NBSyncService.syncActions(NBSyncService.java:400)
08-05 04:10:19.410 28464  3382 E baseline.com.newsblur.network.APIResponse: 	at baseline.com.newsblur.service.NBSyncService.doSync(NBSyncService.java:298)
08-05 04:10:19.410 28464  3382 E baseline.com.newsblur.network.APIResponse: 	at baseline.com.newsblur.service.NBSyncService.access$100(NBSyncService.java:67)
08-05 04:10:19.410 28464  3382 E baseline.com.newsblur.network.APIResponse: 	at baseline.com.newsblur.service.NBSyncService$1.run(NBSyncService.java:188)
08-05 04:10:19.410 28464  3382 E baseline.com.newsblur.network.APIResponse: 	at java.util.concurrent.ThreadPoolExecutor.runWorker(ThreadPoolExecutor.java:1113)
08-05 04:10:19.410 28464  3382 E baseline.com.newsblur.network.APIResponse: 	at java.util.concurrent.ThreadPoolExecutor$Worker.run(ThreadPoolExecutor.java:588)
08-05 04:10:19.410 28464  3382 E baseline.com.newsblur.network.APIResponse: 	at java.lang.Thread.run(Thread.java:818)
08-05 04:10:19.410 28464  3382 E baseline.com.newsblur.network.APIResponse: Caused by: java.io.EOFException: \n not found: limit=0 content=
08-05 04:10:19.410 28464  3382 E baseline.com.newsblur.network.APIResponse: 	at okio.RealBufferedSource.readUtf8LineStrict(RealBufferedSource.java:240)
08-05 04:10:19.410 28464  3382 E baseline.com.newsblur.network.APIResponse: 	at okhttp3.internal.http1.Http1ExchangeCodec.readHeaderLine(Http1ExchangeCodec.java:242)
08-05 04:10:19.410 28464  3382 E baseline.com.newsblur.network.APIResponse: 	at okhttp3.internal.http1.Http1ExchangeCodec.readResponseHeaders(Http1ExchangeCodec.java:213)
08-05 04:10:19.410 28464  3382 E baseline.com.newsblur.network.APIResponse: 	... 30 more
08-05 04:10:19.411 28464  3382 I baseline.com.newsblur.service.NBSyncService: Holding reading action with server-side or network error.
08-05 04:10:19.420 28464  3382 W baseline.com.newsblur.service.NBSyncService: hard API failure
08-05 04:10:19.443 28464  2651 I art     : Explicit concurrent mark sweep GC freed 978(225KB) AllocSpace objects, 4(80KB) LOS objects, 29% free, 38MB/54MB, paused 1.060ms total 33.093ms
08-05 04:10:19.719 28464  2648 I art     : Starting a blocking GC Explicit
08-05 04:10:19.754 28464  2648 I art     : Explicit concurrent mark sweep GC freed 2267(140KB) AllocSpace objects, 1(20KB) LOS objects, 29% free, 38MB/54MB, paused 1.035ms total 35.320ms
08-05 04:10:19.764 28464  2648 I art     : Starting a blocking GC Explicit
08-05 04:10:19.799 28464  2648 I art     : Explicit concurrent mark sweep GC freed 1762(70KB) AllocSpace objects, 0(0B) LOS objects, 29% free, 38MB/54MB, paused 997us total 35.324ms
08-05 04:10:19.809 28464  2648 I art     : Starting a blocking GC Explicit
08-05 04:10:19.813 28464  3382 E baseline.com.newsblur.network.APIResponse: Error (unexpected end of stream on https://www.newsblur.com/...) calling https://www.newsblur.com/reader/mark_story_hashes_as_read/
08-05 04:10:19.813 28464  3382 E baseline.com.newsblur.network.APIResponse: java.io.IOException: unexpected end of stream on https://www.newsblur.com/...
08-05 04:10:19.813 28464  3382 E baseline.com.newsblur.network.APIResponse: 	at okhttp3.internal.http1.Http1ExchangeCodec.readResponseHeaders(Http1ExchangeCodec.java:236)
08-05 04:10:19.813 28464  3382 E baseline.com.newsblur.network.APIResponse: 	at okhttp3.internal.connection.Exchange.readResponseHeaders(Exchange.java:115)
08-05 04:10:19.813 28464  3382 E baseline.com.newsblur.network.APIResponse: 	at okhttp3.internal.http.CallServerInterceptor.intercept(CallServerInterceptor.java:94)
08-05 04:10:19.813 28464  3382 E baseline.com.newsblur.network.APIResponse: 	at okhttp3.internal.http.RealInterceptorChain.proceed(RealInterceptorChain.java:142)
08-05 04:10:19.813 28464  3382 E baseline.com.newsblur.network.APIResponse: 	at okhttp3.internal.connection.ConnectInterceptor.intercept(ConnectInterceptor.java:43)
08-05 04:10:19.813 28464  3382 E baseline.com.newsblur.network.APIResponse: 	at okhttp3.internal.http.RealInterceptorChain.proceed(RealInterceptorChain.java:142)
08-05 04:10:19.813 28464  3382 E baseline.com.newsblur.network.APIResponse: 	at okhttp3.internal.http.RealInterceptorChain.proceed(RealInterceptorChain.java:117)
08-05 04:10:19.813 28464  3382 E baseline.com.newsblur.network.APIResponse: 	at okhttp3.internal.cache.CacheInterceptor.intercept(CacheInterceptor.java:94)
08-05 04:10:19.813 28464  3382 E baseline.com.newsblur.network.APIResponse: 	at okhttp3.internal.http.RealInterceptorChain.proceed(RealInterceptorChain.java:142)
08-05 04:10:19.813 28464  3382 E baseline.com.newsblur.network.APIResponse: 	at okhttp3.internal.http.RealInterceptorChain.proceed(RealInterceptorChain.java:117)
08-05 04:10:19.813 28464  3382 E baseline.com.newsblur.network.APIResponse: 	at okhttp3.internal.http.BridgeInterceptor.intercept(BridgeInterceptor.java:93)
08-05 04:10:19.813 28464  3382 E baseline.com.newsblur.network.APIResponse: 	at okhttp3.internal.http.RealInterceptorChain.proceed(RealInterceptorChain.java:142)
08-05 04:10:19.813 28464  3382 E baseline.com.newsblur.network.APIResponse: 	at okhttp3.internal.http.RetryAndFollowUpInterceptor.intercept(RetryAndFollowUpInterceptor.java:88)
08-05 04:10:19.813 28464  3382 E baseline.com.newsblur.network.APIResponse: 	at okhttp3.internal.http.RealInterceptorChain.proceed(RealInterceptorChain.java:142)
08-05 04:10:19.813 28464  3382 E baseline.com.newsblur.network.APIResponse: 	at okhttp3.internal.http.RealInterceptorChain.proceed(RealInterceptorChain.java:117)
08-05 04:10:19.813 28464  3382 E baseline.com.newsblur.network.APIResponse: 	at okhttp3.RealCall.getResponseWithInterceptorChain(RealCall.java:229)
08-05 04:10:19.813 28464  3382 E baseline.com.newsblur.network.APIResponse: 	at okhttp3.RealCall.execute(RealCall.java:81)
08-05 04:10:19.813 28464  3382 E baseline.com.newsblur.network.APIResponse: 	at baseline.com.newsblur.network.APIResponse.<init>(APIResponse.java:57)
08-05 04:10:19.813 28464  3382 E baseline.com.newsblur.network.APIResponse: 	at baseline.com.newsblur.network.APIResponse.<init>(APIResponse.java:43)
08-05 04:10:19.813 28464  3382 E baseline.com.newsblur.network.APIResponse: 	at baseline.com.newsblur.network.APIManager.post_single(APIManager.java:702)
08-05 04:10:19.813 28464  3382 E baseline.com.newsblur.network.APIResponse: 	at baseline.com.newsblur.network.APIManager.post(APIManager.java:675)
08-05 04:10:19.813 28464  3382 E baseline.com.newsblur.network.APIResponse: 	at baseline.com.newsblur.network.APIManager.post(APIManager.java:714)
08-05 04:10:19.813 28464  3382 E baseline.com.newsblur.network.APIResponse: 	at baseline.com.newsblur.network.APIManager.markStoryAsRead(APIManager.java:205)
08-05 04:10:19.813 28464  3382 E baseline.com.newsblur.network.APIResponse: 	at baseline.com.newsblur.util.ReadingAction.doRemote(ReadingAction.java:281)
08-05 04:10:19.813 28464  3382 E baseline.com.newsblur.network.APIResponse: 	at baseline.com.newsblur.service.NBSyncService.syncActions(NBSyncService.java:400)
08-05 04:10:19.813 28464  3382 E baseline.com.newsblur.network.APIResponse: 	at baseline.com.newsblur.service.NBSyncService.doSync(NBSyncService.java:298)
08-05 04:10:19.813 28464  3382 E baseline.com.newsblur.network.APIResponse: 	at baseline.com.newsblur.service.NBSyncService.access$100(NBSyncService.java:67)
08-05 04:10:19.813 28464  3382 E baseline.com.newsblur.network.APIResponse: 	at baseline.com.newsblur.service.NBSyncService$1.run(NBSyncService.java:188)
08-05 04:10:19.813 28464  3382 E baseline.com.newsblur.network.APIResponse: 	at java.util.concurrent.ThreadPoolExecutor.runWorker(ThreadPoolExecutor.java:1113)
08-05 04:10:19.813 28464  3382 E baseline.com.newsblur.network.APIResponse: 	at java.util.concurrent.ThreadPoolExecutor$Worker.run(ThreadPoolExecutor.java:588)
08-05 04:10:19.813 28464  3382 E baseline.com.newsblur.network.APIResponse: 	at java.lang.Thread.run(Thread.java:818)
08-05 04:10:19.813 28464  3382 E baseline.com.newsblur.network.APIResponse: Caused by: java.io.EOFException: \n not found: limit=0 content=
08-05 04:10:19.813 28464  3382 E baseline.com.newsblur.network.APIResponse: 	at okio.RealBufferedSource.readUtf8LineStrict(RealBufferedSource.java:240)
08-05 04:10:19.813 28464  3382 E baseline.com.newsblur.network.APIResponse: 	at okhttp3.internal.http1.Http1ExchangeCodec.readHeaderLine(Http1ExchangeCodec.java:242)
08-05 04:10:19.813 28464  3382 E baseline.com.newsblur.network.APIResponse: 	at okhttp3.internal.http1.Http1ExchangeCodec.readResponseHeaders(Http1ExchangeCodec.java:213)
08-05 04:10:19.813 28464  3382 E baseline.com.newsblur.network.APIResponse: 	... 30 more
08-05 04:10:19.814 28464  3382 I baseline.com.newsblur.network.APIManager: API call failed, pausing before retry number 1
08-05 04:10:19.845 28464  2648 I art     : Explicit concurrent mark sweep GC freed 760(190KB) AllocSpace objects, 2(40KB) LOS objects, 29% free, 38MB/54MB, paused 1.057ms total 35.262ms
08-05 04:10:19.855 28464  2648 I art     : Starting a blocking GC Explicit
08-05 04:10:19.890 28464  2648 I art     : Explicit concurrent mark sweep GC freed 253(24KB) AllocSpace objects, 0(0B) LOS objects, 29% free, 38MB/54MB, paused 1.028ms total 34.804ms
08-05 04:10:19.900 28464  2648 I art     : Starting a blocking GC Explicit
08-05 04:10:19.938 28464  2648 I art     : Explicit concurrent mark sweep GC freed 31(1024B) AllocSpace objects, 0(0B) LOS objects, 29% free, 38MB/54MB, paused 1.251ms total 37.672ms
08-05 04:10:20.259 28464  2648 I art     : Starting a blocking GC Explicit
08-05 04:10:20.303 28464  2648 I art     : Explicit concurrent mark sweep GC freed 1483(84KB) AllocSpace objects, 1(20KB) LOS objects, 29% free, 38MB/54MB, paused 1.023ms total 43.869ms
08-05 04:10:20.314 28464  2648 I art     : Starting a blocking GC Explicit
08-05 04:10:20.354 28464  2648 I art     : Explicit concurrent mark sweep GC freed 28(976B) AllocSpace objects, 0(0B) LOS objects, 29% free, 38MB/54MB, paused 1.079ms total 39.187ms
08-05 04:10:20.365 28464  2648 I art     : Starting a blocking GC Explicit
08-05 04:10:20.402 28464  2648 I art     : Explicit concurrent mark sweep GC freed 9(288B) AllocSpace objects, 0(0B) LOS objects, 29% free, 38MB/54MB, paused 1.059ms total 37.106ms
08-05 04:10:20.412 28464  2648 I art     : Starting a blocking GC Explicit
08-05 04:10:20.448 28464  2648 I art     : Explicit concurrent mark sweep GC freed 8(256B) AllocSpace objects, 0(0B) LOS objects, 29% free, 38MB/54MB, paused 1.154ms total 35.456ms
08-05 04:10:20.458 28464  2648 I art     : Starting a blocking GC Explicit
08-05 04:10:20.493 28464  2648 I art     : Explicit concurrent mark sweep GC freed 8(256B) AllocSpace objects, 0(0B) LOS objects, 29% free, 38MB/54MB, paused 1.010ms total 34.976ms
08-05 04:10:20.765  4019  4019 D AndroidRuntime: >>>>>> START com.android.internal.os.RuntimeInit uid 2000 <<<<<<
08-05 04:10:20.770  4019  4019 D AndroidRuntime: CheckJNI is OFF
08-05 04:10:20.802  4019  4019 D ICU     : No timezone override file found: /data/misc/zoneinfo/current/icu/icu_tzdata.dat
08-05 04:10:20.804 28464  2648 I art     : Starting a blocking GC Explicit
08-05 04:10:20.836  4019  4019 I Radio-JNI: register_android_hardware_Radio DONE
08-05 04:10:20.843 28464  2648 I art     : Explicit concurrent mark sweep GC freed 1468(83KB) AllocSpace objects, 1(20KB) LOS objects, 29% free, 38MB/54MB, paused 1.113ms total 39.126ms
08-05 04:10:20.854 28464  2648 I art     : Starting a blocking GC Explicit
08-05 04:10:20.859  4019  4019 D AndroidRuntime: Calling main entry com.android.commands.input.Input
08-05 04:10:20.860  4019  4019 I Input   : injectMotionEvent: MotionEvent { action=ACTION_DOWN, actionButton=0, id[0]=0, x[0]=553.0, y[0]=442.0, toolType[0]=TOOL_TYPE_UNKNOWN, buttonState=0, metaState=0, flags=0x0, edgeFlags=0x0, pointerCount=1, historySize=0, eventTime=763837273, downTime=763837273, deviceId=0, source=0x1002 }
08-05 04:10:20.873  4019  4019 I Input   : injectMotionEvent: MotionEvent { action=ACTION_UP, actionButton=0, id[0]=0, x[0]=553.0, y[0]=442.0, toolType[0]=TOOL_TYPE_UNKNOWN, buttonState=0, metaState=0, flags=0x0, edgeFlags=0x0, pointerCount=1, historySize=0, eventTime=763837273, downTime=763837273, deviceId=0, source=0x1002 }
08-05 04:10:20.875  4019  4019 D AndroidRuntime: Shutting down VM
08-05 04:10:20.891 28464  2648 I art     : Explicit concurrent mark sweep GC freed 66(2560B) AllocSpace objects, 0(0B) LOS objects, 29% free, 38MB/54MB, paused 1.039ms total 37.114ms
08-05 04:10:20.901 28464  2648 I art     : Starting a blocking GC Explicit
08-05 04:10:20.936 28464  2648 I art     : Explicit concurrent mark sweep GC freed 12(368B) AllocSpace objects, 0(0B) LOS objects, 29% free, 38MB/54MB, paused 1.058ms total 34.866ms
08-05 04:10:20.942   918  6111 I ActivityManager: START u0 {cmp=baseline.com.newsblur/.activity.AllSharedStoriesItemsList (has extras)} from uid 10676 on display 0
08-05 04:10:20.946 28464  2648 I art     : Starting a blocking GC Explicit
08-05 04:10:20.964 28464  2947 I baseline.com.newsblur.database.BlurDatabaseHelper: reading session reset
08-05 04:10:20.989 28464  2648 I art     : Explicit concurrent mark sweep GC freed 1887(196KB) AllocSpace objects, 5(192KB) LOS objects, 29% free, 38MB/54MB, paused 1.483ms total 42.394ms
08-05 04:10:20.998 28464  2648 I art     : Starting a blocking GC Explicit
08-05 04:10:21.034 28464  2648 I art     : Explicit concurrent mark sweep GC freed 312(20KB) AllocSpace objects, 0(0B) LOS objects, 29% free, 38MB/54MB, paused 1.074ms total 35.752ms
08-05 04:10:21.116 28464 28464 W View    : requestLayout() improperly called by android.widget.FrameLayout{ce6ea V.E...... ......ID 0,0-1440,0 #7f07003f app:id/footer_view_inner} during layout: running second layout pass
08-05 04:10:21.116 28464 28464 W View    : requestLayout() improperly called by android.widget.FrameLayout{6d5cddb V.E...... ......ID 0,0-1440,2091 #7f07003f app:id/footer_view_inner} during layout: running second layout pass
08-05 04:10:21.134   918   936 I ActivityManager: Displayed baseline.com.newsblur/.activity.AllSharedStoriesItemsList: +183ms
08-05 04:10:21.135 13866 13866 I GoogleInputMethodServic: GoogleInputMethodService.onFinishInput():3138 
08-05 04:10:21.136 13866 13866 I GoogleInputMethodServic: GoogleInputMethodService.onStartInput():1808 
08-05 04:10:21.329 28464  2651 I art     : Starting a blocking GC Explicit
08-05 04:10:21.338 28464  4043 I NAPPA_EXPERIMENTATION: MetricNetworkRequestExecutionTime: REQUEST_DURATION_SYSTEM='161',REQUEST_DURATION_OKHTTP='160',REQUEST_SYNCHRONOUS='TRUE',RESPONSE_CODE='200',RESPONSE_METHOD='GET',RESPONSE_LENGTH_OKHTTP='43',RESPONSE_LENGTH_HEADER='43',REQUEST_PROTOCOL='http/1.1',REQUEST_URL='http://feeds.feedburner.com/~r/retort/~4/UffaFMiJbNs',
08-05 04:10:21.370 28464  2651 I art     : Explicit concurrent mark sweep GC freed 4499(330KB) AllocSpace objects, 12(240KB) LOS objects, 29% free, 38MB/54MB, paused 1.177ms total 41.086ms
08-05 04:10:21.382 28464  2651 I art     : Starting a blocking GC Explicit
08-05 04:10:21.419 28464  2651 I art     : Explicit concurrent mark sweep GC freed 385(16KB) AllocSpace objects, 0(0B) LOS objects, 29% free, 38MB/54MB, paused 1.120ms total 36.175ms
08-05 04:10:21.430 28464  2651 I art     : Starting a blocking GC Explicit
08-05 04:10:21.435 28464  2681 I NAPPA_EXPERIMENTATION: MetricNetworkRequestExecutionTime: REQUEST_DURATION_SYSTEM='243',REQUEST_DURATION_OKHTTP='242',REQUEST_SYNCHRONOUS='TRUE',RESPONSE_CODE='200',RESPONSE_METHOD='GET',RESPONSE_LENGTH_OKHTTP='56376',RESPONSE_LENGTH_HEADER='56376',REQUEST_PROTOCOL='h2',REQUEST_URL='https://images.fastcompany.net/image/upload/w_1280,q_auto,f_auto,fl_lossy/wp-cms/uploads/2020/07/p-1-quit-after-covid.jpg',
08-05 04:10:21.467 28464  2651 I art     : Explicit concurrent mark sweep GC freed 276(34KB) AllocSpace objects, 2(40KB) LOS objects, 29% free, 38MB/54MB, paused 1.510ms total 37.327ms
08-05 04:10:21.478 28464  2651 I art     : Starting a blocking GC Explicit
08-05 04:10:21.496   518   646 I ThermalEngine: ACTION: GPU - Setting GPU[0] to 450000000
08-05 04:10:21.524 28464  2651 I art     : Explicit concurrent mark sweep GC freed 177(7KB) AllocSpace objects, 0(0B) LOS objects, 26% free, 44MB/60MB, paused 1.442ms total 45.462ms
08-05 04:10:21.538 28464  2651 I art     : Starting a blocking GC Explicit
08-05 04:10:21.584 28464  2651 I art     : Explicit concurrent mark sweep GC freed 165(6KB) AllocSpace objects, 2(3MB) LOS objects, 28% free, 40MB/56MB, paused 1.364ms total 45.653ms
08-05 04:10:21.709 28464  3382 E baseline.com.newsblur.network.APIResponse: Error (unexpected end of stream on https://www.newsblur.com/...) calling https://www.newsblur.com/reader/mark_story_hashes_as_read/
08-05 04:10:21.709 28464  3382 E baseline.com.newsblur.network.APIResponse: java.io.IOException: unexpected end of stream on https://www.newsblur.com/...
08-05 04:10:21.709 28464  3382 E baseline.com.newsblur.network.APIResponse: 	at okhttp3.internal.http1.Http1ExchangeCodec.readResponseHeaders(Http1ExchangeCodec.java:236)
08-05 04:10:21.709 28464  3382 E baseline.com.newsblur.network.APIResponse: 	at okhttp3.internal.connection.Exchange.readResponseHeaders(Exchange.java:115)
08-05 04:10:21.709 28464  3382 E baseline.com.newsblur.network.APIResponse: 	at okhttp3.internal.http.CallServerInterceptor.intercept(CallServerInterceptor.java:94)
08-05 04:10:21.709 28464  3382 E baseline.com.newsblur.network.APIResponse: 	at okhttp3.internal.http.RealInterceptorChain.proceed(RealInterceptorChain.java:142)
08-05 04:10:21.709 28464  3382 E baseline.com.newsblur.network.APIResponse: 	at okhttp3.internal.connection.ConnectInterceptor.intercept(ConnectInterceptor.java:43)
08-05 04:10:21.709 28464  3382 E baseline.com.newsblur.network.APIResponse: 	at okhttp3.internal.http.RealInterceptorChain.proceed(RealInterceptorChain.java:142)
08-05 04:10:21.709 28464  3382 E baseline.com.newsblur.network.APIResponse: 	at okhttp3.internal.http.RealInterceptorChain.proceed(RealInterceptorChain.java:117)
08-05 04:10:21.709 28464  3382 E baseline.com.newsblur.network.APIResponse: 	at okhttp3.internal.cache.CacheInterceptor.intercept(CacheInterceptor.java:94)
08-05 04:10:21.709 28464  3382 E baseline.com.newsblur.network.APIResponse: 	at okhttp3.internal.http.RealInterceptorChain.proceed(RealInterceptorChain.java:142)
08-05 04:10:21.709 28464  3382 E baseline.com.newsblur.network.APIResponse: 	at okhttp3.internal.http.RealInterceptorChain.proceed(RealInterceptorChain.java:117)
08-05 04:10:21.709 28464  3382 E baseline.com.newsblur.network.APIResponse: 	at okhttp3.internal.http.BridgeInterceptor.intercept(BridgeInterceptor.java:93)
08-05 04:10:21.709 28464  3382 E baseline.com.newsblur.network.APIResponse: 	at okhttp3.internal.http.RealInterceptorChain.proceed(RealInterceptorChain.java:142)
08-05 04:10:21.709 28464  3382 E baseline.com.newsblur.network.APIResponse: 	at okhttp3.internal.http.RetryAndFollowUpInterceptor.intercept(RetryAndFollowUpInterceptor.java:88)
08-05 04:10:21.709 28464  3382 E baseline.com.newsblur.network.APIResponse: 	at okhttp3.internal.http.RealInterceptorChain.proceed(RealInterceptorChain.java:142)
08-05 04:10:21.709 28464  3382 E baseline.com.newsblur.network.APIResponse: 	at okhttp3.internal.http.RealInterceptorChain.proceed(RealInterceptorChain.java:117)
08-05 04:10:21.709 28464  3382 E baseline.com.newsblur.network.APIResponse: 	at okhttp3.RealCall.getResponseWithInterceptorChain(RealCall.java:229)
08-05 04:10:21.709 28464  3382 E baseline.com.newsblur.network.APIResponse: 	at okhttp3.RealCall.execute(RealCall.java:81)
08-05 04:10:21.709 28464  3382 E baseline.com.newsblur.network.APIResponse: 	at baseline.com.newsblur.network.APIResponse.<init>(APIResponse.java:57)
08-05 04:10:21.709 28464  3382 E baseline.com.newsblur.network.APIResponse: 	at baseline.com.newsblur.network.APIResponse.<init>(APIResponse.java:43)
08-05 04:10:21.709 28464  3382 E baseline.com.newsblur.network.APIResponse: 	at baseline.com.newsblur.network.APIManager.post_single(APIManager.java:702)
08-05 04:10:21.709 28464  3382 E baseline.com.newsblur.network.APIResponse: 	at baseline.com.newsblur.network.APIManager.post(APIManager.java:675)
08-05 04:10:21.709 28464  3382 E baseline.com.newsblur.network.APIResponse: 	at baseline.com.newsblur.network.APIManager.post(APIManager.java:714)
08-05 04:10:21.709 28464  3382 E baseline.com.newsblur.network.APIResponse: 	at baseline.com.newsblur.network.APIManager.markStoryAsRead(APIManager.java:205)
08-05 04:10:21.709 28464  3382 E baseline.com.newsblur.network.APIResponse: 	at baseline.com.newsblur.util.ReadingAction.doRemote(ReadingAction.java:281)
08-05 04:10:21.709 28464  3382 E baseline.com.newsblur.network.APIResponse: 	at baseline.com.newsblur.service.NBSyncService.syncActions(NBSyncService.java:400)
08-05 04:10:21.709 28464  3382 E baseline.com.newsblur.network.APIResponse: 	at baseline.com.newsblur.service.NBSyncService.doSync(NBSyncService.java:298)
08-05 04:10:21.709 28464  3382 E baseline.com.newsblur.network.APIResponse: 	at baseline.com.newsblur.service.NBSyncService.access$100(NBSyncService.java:67)
08-05 04:10:21.709 28464  3382 E baseline.com.newsblur.network.APIResponse: 	at baseline.com.newsblur.service.NBSyncService$1.run(NBSyncService.java:188)
08-05 04:10:21.709 28464  3382 E baseline.com.newsblur.network.APIResponse: 	at java.util.concurrent.ThreadPoolExecutor.runWorker(ThreadPoolExecutor.java:1113)
08-05 04:10:21.709 28464  3382 E baseline.com.newsblur.network.APIResponse: 	at java.util.concurrent.ThreadPoolExecutor$Worker.run(ThreadPoolExecutor.java:588)
08-05 04:10:21.709 28464  3382 E baseline.com.newsblur.network.APIResponse: 	at java.lang.Thread.run(Thread.java:818)
08-05 04:10:21.709 28464  3382 E baseline.com.newsblur.network.APIResponse: Caused by: java.io.EOFException: \n not found: limit=0 content=
08-05 04:10:21.709 28464  3382 E baseline.com.newsblur.network.APIResponse: 	at okio.RealBufferedSource.readUtf8LineStrict(RealBufferedSource.java:240)
08-05 04:10:21.709 28464  3382 E baseline.com.newsblur.network.APIResponse: 	at okhttp3.internal.http1.Http1ExchangeCodec.readHeaderLine(Http1ExchangeCodec.java:242)
08-05 04:10:21.709 28464  3382 E baseline.com.newsblur.network.APIResponse: 	at okhttp3.internal.http1.Http1ExchangeCodec.readResponseHeaders(Http1ExchangeCodec.java:213)
08-05 04:10:21.709 28464  3382 E baseline.com.newsblur.network.APIResponse: 	... 30 more
08-05 04:10:21.711 28464  3382 I baseline.com.newsblur.network.APIManager: API call failed, pausing before retry number 2
08-05 04:10:21.928 28464 28476 I art     : Starting a blocking GC Explicit
08-05 04:10:21.980 28464 28476 I art     : Explicit concurrent mark sweep GC freed 3982(358KB) AllocSpace objects, 3(60KB) LOS objects, 28% free, 40MB/56MB, paused 1.663ms total 51.388ms
08-05 04:10:21.993 28464 28476 I art     : Starting a blocking GC Explicit
08-05 04:10:22.042 28464 28476 I art     : Explicit concurrent mark sweep GC freed 124(4KB) AllocSpace objects, 0(0B) LOS objects, 28% free, 40MB/56MB, paused 1.467ms total 48.459ms
08-05 04:10:22.055 28464 28476 I art     : Starting a blocking GC Explicit
08-05 04:10:22.105 28464 28476 I art     : Explicit concurrent mark sweep GC freed 7(224B) AllocSpace objects, 0(0B) LOS objects, 28% free, 40MB/56MB, paused 1.455ms total 49.088ms
08-05 04:10:22.118 28464 28476 I art     : Starting a blocking GC Explicit
08-05 04:10:22.167 28464 28476 I art     : Explicit concurrent mark sweep GC freed 7(224B) AllocSpace objects, 0(0B) LOS objects, 28% free, 40MB/56MB, paused 1.524ms total 48.991ms
08-05 04:10:22.181 28464 28476 I art     : Starting a blocking GC Explicit
08-05 04:10:22.231 28464 28476 I art     : Explicit concurrent mark sweep GC freed 6(192B) AllocSpace objects, 0(0B) LOS objects, 28% free, 40MB/56MB, paused 1.468ms total 49.677ms
08-05 04:10:22.594 28464  2648 I art     : Starting a blocking GC Explicit
08-05 04:10:22.649 28464  2648 I art     : Explicit concurrent mark sweep GC freed 1500(84KB) AllocSpace objects, 1(20KB) LOS objects, 28% free, 40MB/56MB, paused 1.575ms total 54.110ms
08-05 04:10:22.662 28464  2648 I art     : Starting a blocking GC Explicit
08-05 04:10:22.713 28464  2648 I art     : Explicit concurrent mark sweep GC freed 26(912B) AllocSpace objects, 0(0B) LOS objects, 28% free, 40MB/56MB, paused 1.396ms total 50.556ms
08-05 04:10:22.727 28464  2648 I art     : Starting a blocking GC Explicit
08-05 04:10:22.779 28464  2648 I art     : Explicit concurrent mark sweep GC freed 7(224B) AllocSpace objects, 0(0B) LOS objects, 28% free, 40MB/56MB, paused 1.460ms total 52.253ms
08-05 04:10:22.793 28464  2648 I art     : Starting a blocking GC Explicit
08-05 04:10:22.844 28464  2648 I art     : Explicit concurrent mark sweep GC freed 7(224B) AllocSpace objects, 0(0B) LOS objects, 28% free, 40MB/56MB, paused 1.503ms total 50.582ms
08-05 04:10:22.857 28464  2648 I art     : Starting a blocking GC Explicit
08-05 04:10:22.908 28464  2648 I art     : Explicit concurrent mark sweep GC freed 7(224B) AllocSpace objects, 0(0B) LOS objects, 28% free, 40MB/56MB, paused 1.467ms total 50.043ms
08-05 04:10:23.299 28464 28476 I art     : Starting a blocking GC Explicit
08-05 04:10:23.353 28464 28476 I art     : Explicit concurrent mark sweep GC freed 1473(84KB) AllocSpace objects, 1(20KB) LOS objects, 28% free, 40MB/56MB, paused 1.565ms total 53.145ms
08-05 04:10:23.367 28464 28476 I art     : Starting a blocking GC Explicit
08-05 04:10:23.419 28464 28476 I art     : Explicit concurrent mark sweep GC freed 26(912B) AllocSpace objects, 0(0B) LOS objects, 28% free, 40MB/56MB, paused 1.657ms total 51.336ms
08-05 04:10:23.432 28464 28476 I art     : Starting a blocking GC Explicit
08-05 04:10:23.483 28464 28476 I art     : Explicit concurrent mark sweep GC freed 7(224B) AllocSpace objects, 0(0B) LOS objects, 28% free, 40MB/56MB, paused 1.446ms total 50.725ms
08-05 04:10:23.497 28464 28476 I art     : Starting a blocking GC Explicit
08-05 04:10:23.548 28464 28476 I art     : Explicit concurrent mark sweep GC freed 7(224B) AllocSpace objects, 0(0B) LOS objects, 28% free, 40MB/56MB, paused 1.541ms total 51.314ms
08-05 04:10:23.562 28464 28476 I art     : Starting a blocking GC Explicit
08-05 04:10:23.613 28464 28476 I art     : Explicit concurrent mark sweep GC freed 7(224B) AllocSpace objects, 0(0B) LOS objects, 28% free, 40MB/56MB, paused 1.387ms total 51.156ms
08-05 04:10:23.989 28464  2651 I art     : Starting a blocking GC Explicit
08-05 04:10:24.039 28464  2651 I art     : Explicit concurrent mark sweep GC freed 1472(84KB) AllocSpace objects, 1(20KB) LOS objects, 28% free, 40MB/56MB, paused 1.398ms total 50.510ms
08-05 04:10:24.053 28464  2651 I art     : Starting a blocking GC Explicit
08-05 04:10:24.105 28464  2651 I art     : Explicit concurrent mark sweep GC freed 26(912B) AllocSpace objects, 0(0B) LOS objects, 28% free, 40MB/56MB, paused 1.361ms total 51.234ms
08-05 04:10:24.119 28464  2651 I art     : Starting a blocking GC Explicit
08-05 04:10:24.171 28464  2651 I art     : Explicit concurrent mark sweep GC freed 7(224B) AllocSpace objects, 0(0B) LOS objects, 28% free, 40MB/56MB, paused 1.448ms total 52.325ms
08-05 04:10:24.185 28464  2651 I art     : Starting a blocking GC Explicit
08-05 04:10:24.237 28464  2651 I art     : Explicit concurrent mark sweep GC freed 7(224B) AllocSpace objects, 0(0B) LOS objects, 28% free, 40MB/56MB, paused 1.494ms total 52.186ms
08-05 04:10:24.251 28464  2651 I art     : Starting a blocking GC Explicit
08-05 04:10:24.304 28464  2651 I art     : Explicit concurrent mark sweep GC freed 7(224B) AllocSpace objects, 0(0B) LOS objects, 28% free, 40MB/56MB, paused 1.402ms total 52.227ms
08-05 04:10:24.701 28464  2651 I art     : Starting a blocking GC Explicit
08-05 04:10:24.781 28464  2651 I art     : Explicit concurrent mark sweep GC freed 1575(87KB) AllocSpace objects, 1(20KB) LOS objects, 28% free, 40MB/56MB, paused 1.805ms total 79.897ms
08-05 04:10:24.795 28464  2651 I art     : Starting a blocking GC Explicit
08-05 04:10:24.845 28464  2651 I art     : Explicit concurrent mark sweep GC freed 94(5KB) AllocSpace objects, 0(0B) LOS objects, 28% free, 40MB/56MB, paused 1.492ms total 49.981ms
08-05 04:10:24.858 28464  2651 I art     : Starting a blocking GC Explicit
08-05 04:10:24.910 28464  2651 I art     : Explicit concurrent mark sweep GC freed 7(224B) AllocSpace objects, 0(0B) LOS objects, 28% free, 40MB/56MB, paused 1.440ms total 51.840ms
08-05 04:10:24.924 28464  2651 I art     : Starting a blocking GC Explicit
08-05 04:10:24.974 28464  2651 I art     : Explicit concurrent mark sweep GC freed 7(224B) AllocSpace objects, 0(0B) LOS objects, 28% free, 40MB/56MB, paused 1.422ms total 49.967ms
08-05 04:10:24.988 28464  2651 I art     : Starting a blocking GC Explicit
08-05 04:10:25.039 28464  2651 I art     : Explicit concurrent mark sweep GC freed 7(224B) AllocSpace objects, 0(0B) LOS objects, 28% free, 40MB/56MB, paused 1.431ms total 50.936ms
08-05 04:10:25.258 28464  3382 E baseline.com.newsblur.network.APIResponse: Error (unexpected end of stream on https://www.newsblur.com/...) calling https://www.newsblur.com/reader/mark_story_hashes_as_read/
08-05 04:10:25.258 28464  3382 E baseline.com.newsblur.network.APIResponse: java.io.IOException: unexpected end of stream on https://www.newsblur.com/...
08-05 04:10:25.258 28464  3382 E baseline.com.newsblur.network.APIResponse: 	at okhttp3.internal.http1.Http1ExchangeCodec.readResponseHeaders(Http1ExchangeCodec.java:236)
08-05 04:10:25.258 28464  3382 E baseline.com.newsblur.network.APIResponse: 	at okhttp3.internal.connection.Exchange.readResponseHeaders(Exchange.java:115)
08-05 04:10:25.258 28464  3382 E baseline.com.newsblur.network.APIResponse: 	at okhttp3.internal.http.CallServerInterceptor.intercept(CallServerInterceptor.java:94)
08-05 04:10:25.258 28464  3382 E baseline.com.newsblur.network.APIResponse: 	at okhttp3.internal.http.RealInterceptorChain.proceed(RealInterceptorChain.java:142)
08-05 04:10:25.258 28464  3382 E baseline.com.newsblur.network.APIResponse: 	at okhttp3.internal.connection.ConnectInterceptor.intercept(ConnectInterceptor.java:43)
08-05 04:10:25.258 28464  3382 E baseline.com.newsblur.network.APIResponse: 	at okhttp3.internal.http.RealInterceptorChain.proceed(RealInterceptorChain.java:142)
08-05 04:10:25.258 28464  3382 E baseline.com.newsblur.network.APIResponse: 	at okhttp3.internal.http.RealInterceptorChain.proceed(RealInterceptorChain.java:117)
08-05 04:10:25.258 28464  3382 E baseline.com.newsblur.network.APIResponse: 	at okhttp3.internal.cache.CacheInterceptor.intercept(CacheInterceptor.java:94)
08-05 04:10:25.258 28464  3382 E baseline.com.newsblur.network.APIResponse: 	at okhttp3.internal.http.RealInterceptorChain.proceed(RealInterceptorChain.java:142)
08-05 04:10:25.258 28464  3382 E baseline.com.newsblur.network.APIResponse: 	at okhttp3.internal.http.RealInterceptorChain.proceed(RealInterceptorChain.java:117)
08-05 04:10:25.258 28464  3382 E baseline.com.newsblur.network.APIResponse: 	at okhttp3.internal.http.BridgeInterceptor.intercept(BridgeInterceptor.java:93)
08-05 04:10:25.258 28464  3382 E baseline.com.newsblur.network.APIResponse: 	at okhttp3.internal.http.RealInterceptorChain.proceed(RealInterceptorChain.java:142)
08-05 04:10:25.258 28464  3382 E baseline.com.newsblur.network.APIResponse: 	at okhttp3.internal.http.RetryAndFollowUpInterceptor.intercept(RetryAndFollowUpInterceptor.java:88)
08-05 04:10:25.258 28464  3382 E baseline.com.newsblur.network.APIResponse: 	at okhttp3.internal.http.RealInterceptorChain.proceed(RealInterceptorChain.java:142)
08-05 04:10:25.258 28464  3382 E baseline.com.newsblur.network.APIResponse: 	at okhttp3.internal.http.RealInterceptorChain.proceed(RealInterceptorChain.java:117)
08-05 04:10:25.258 28464  3382 E baseline.com.newsblur.network.APIResponse: 	at okhttp3.RealCall.getResponseWithInterceptorChain(RealCall.java:229)
08-05 04:10:25.258 28464  3382 E baseline.com.newsblur.network.APIResponse: 	at okhttp3.RealCall.execute(RealCall.java:81)
08-05 04:10:25.258 28464  3382 E baseline.com.newsblur.network.APIResponse: 	at baseline.com.newsblur.network.APIResponse.<init>(APIResponse.java:57)
08-05 04:10:25.258 28464  3382 E baseline.com.newsblur.network.APIResponse: 	at baseline.com.newsblur.network.APIResponse.<init>(APIResponse.java:43)
08-05 04:10:25.258 28464  3382 E baseline.com.newsblur.network.APIResponse: 	at baseline.com.newsblur.network.APIManager.post_single(APIManager.java:702)
08-05 04:10:25.258 28464  3382 E baseline.com.newsblur.network.APIResponse: 	at baseline.com.newsblur.network.APIManager.post(APIManager.java:675)
08-05 04:10:25.258 28464  3382 E baseline.com.newsblur.network.APIResponse: 	at baseline.com.newsblur.network.APIManager.post(APIManager.java:714)
08-05 04:10:25.258 28464  3382 E baseline.com.newsblur.network.APIResponse: 	at baseline.com.newsblur.network.APIManager.markStoryAsRead(APIManager.java:205)
08-05 04:10:25.258 28464  3382 E baseline.com.newsblur.network.APIResponse: 	at baseline.com.newsblur.util.ReadingAction.doRemote(ReadingAction.java:281)
08-05 04:10:25.258 28464  3382 E baseline.com.newsblur.network.APIResponse: 	at baseline.com.newsblur.service.NBSyncService.syncActions(NBSyncService.java:400)
08-05 04:10:25.258 28464  3382 E baseline.com.newsblur.network.APIResponse: 	at baseline.com.newsblur.service.NBSyncService.doSync(NBSyncService.java:298)
08-05 04:10:25.258 28464  3382 E baseline.com.newsblur.network.APIResponse: 	at baseline.com.newsblur.service.NBSyncService.access$100(NBSyncService.java:67)
08-05 04:10:25.258 28464  3382 E baseline.com.newsblur.network.APIResponse: 	at baseline.com.newsblur.service.NBSyncService$1.run(NBSyncService.java:188)
08-05 04:10:25.258 28464  3382 E baseline.com.newsblur.network.APIResponse: 	at java.util.concurrent.ThreadPoolExecutor.runWorker(ThreadPoolExecutor.java:1113)
08-05 04:10:25.258 28464  3382 E baseline.com.newsblur.network.APIResponse: 	at java.util.concurrent.ThreadPoolExecutor$Worker.run(ThreadPoolExecutor.java:588)
08-05 04:10:25.258 28464  3382 E baseline.com.newsblur.network.APIResponse: 	at java.lang.Thread.run(Thread.java:818)
08-05 04:10:25.258 28464  3382 E baseline.com.newsblur.network.APIResponse: Caused by: java.io.EOFException: \n not found: limit=0 content=
08-05 04:10:25.258 28464  3382 E baseline.com.newsblur.network.APIResponse: 	at okio.RealBufferedSource.readUtf8LineStrict(RealBufferedSource.java:240)
08-05 04:10:25.258 28464  3382 E baseline.com.newsblur.network.APIResponse: 	at okhttp3.internal.http1.Http1ExchangeCodec.readHeaderLine(Http1ExchangeCodec.java:242)
08-05 04:10:25.258 28464  3382 E baseline.com.newsblur.network.APIResponse: 	at okhttp3.internal.http1.Http1ExchangeCodec.readResponseHeaders(Http1ExchangeCodec.java:213)
08-05 04:10:25.258 28464  3382 E baseline.com.newsblur.network.APIResponse: 	... 30 more
08-05 04:10:25.259 28464  3382 I baseline.com.newsblur.service.NBSyncService: Holding reading action with server-side or network error.
08-05 04:10:25.269 28464  3382 W baseline.com.newsblur.service.NBSyncService: hard API failure
08-05 04:10:25.278 28464  3382 I baseline.com.newsblur.service.NBSyncService: recounting dirty feed sets: 1
08-05 04:10:25.436 28464 28476 I art     : Starting a blocking GC Explicit
08-05 04:10:25.490 28464 28476 I art     : Explicit concurrent mark sweep GC freed 4832(434KB) AllocSpace objects, 5(100KB) LOS objects, 28% free, 40MB/56MB, paused 1.486ms total 53.571ms
08-05 04:10:25.503   518   646 I ThermalEngine: ACTION: GPU - Setting GPU[0] to 510000000
08-05 04:10:25.504 28464 28476 I art     : Starting a blocking GC Explicit
08-05 04:10:25.552 28464 28476 I art     : Explicit concurrent mark sweep GC freed 296(11KB) AllocSpace objects, 0(0B) LOS objects, 28% free, 40MB/56MB, paused 1.153ms total 48.067ms
08-05 04:10:25.563 28464 28476 I art     : Starting a blocking GC Explicit
08-05 04:10:25.602 28464 28476 I art     : Explicit concurrent mark sweep GC freed 6(192B) AllocSpace objects, 0(0B) LOS objects, 28% free, 40MB/56MB, paused 1.060ms total 39.252ms
08-05 04:10:25.613 28464 28476 I art     : Starting a blocking GC Explicit
08-05 04:10:25.652 28464 28476 I art     : Explicit concurrent mark sweep GC freed 6(192B) AllocSpace objects, 0(0B) LOS objects, 28% free, 40MB/56MB, paused 1.075ms total 39.203ms
08-05 04:10:25.663 28464 28476 I art     : Starting a blocking GC Explicit
08-05 04:10:25.702 28464 28476 I art     : Explicit concurrent mark sweep GC freed 6(192B) AllocSpace objects, 0(0B) LOS objects, 28% free, 40MB/56MB, paused 1.068ms total 38.914ms
08-05 04:10:26.077 28464 28475 I art     : Starting a blocking GC Explicit
08-05 04:10:26.118 28464 28475 I art     : Explicit concurrent mark sweep GC freed 3064(146KB) AllocSpace objects, 1(20KB) LOS objects, 28% free, 40MB/56MB, paused 1.290ms total 41.258ms
08-05 04:10:26.129 28464 28475 I art     : Starting a blocking GC Explicit
08-05 04:10:26.169 28464 28475 I art     : Explicit concurrent mark sweep GC freed 217(8KB) AllocSpace objects, 0(0B) LOS objects, 28% free, 40MB/56MB, paused 1.059ms total 39.777ms
08-05 04:10:26.172 28464  3382 E baseline.com.newsblur.network.APIResponse: Error (unexpected end of stream on https://www.newsblur.com/...) calling https://www.newsblur.com/reader/feed_unread_count?feed_id=0
08-05 04:10:26.172 28464  3382 E baseline.com.newsblur.network.APIResponse: java.io.IOException: unexpected end of stream on https://www.newsblur.com/...
08-05 04:10:26.172 28464  3382 E baseline.com.newsblur.network.APIResponse: 	at okhttp3.internal.http1.Http1ExchangeCodec.readResponseHeaders(Http1ExchangeCodec.java:236)
08-05 04:10:26.172 28464  3382 E baseline.com.newsblur.network.APIResponse: 	at okhttp3.internal.connection.Exchange.readResponseHeaders(Exchange.java:115)
08-05 04:10:26.172 28464  3382 E baseline.com.newsblur.network.APIResponse: 	at okhttp3.internal.http.CallServerInterceptor.intercept(CallServerInterceptor.java:94)
08-05 04:10:26.172 28464  3382 E baseline.com.newsblur.network.APIResponse: 	at okhttp3.internal.http.RealInterceptorChain.proceed(RealInterceptorChain.java:142)
08-05 04:10:26.172 28464  3382 E baseline.com.newsblur.network.APIResponse: 	at okhttp3.internal.connection.ConnectInterceptor.intercept(ConnectInterceptor.java:43)
08-05 04:10:26.172 28464  3382 E baseline.com.newsblur.network.APIResponse: 	at okhttp3.internal.http.RealInterceptorChain.proceed(RealInterceptorChain.java:142)
08-05 04:10:26.172 28464  3382 E baseline.com.newsblur.network.APIResponse: 	at okhttp3.internal.http.RealInterceptorChain.proceed(RealInterceptorChain.java:117)
08-05 04:10:26.172 28464  3382 E baseline.com.newsblur.network.APIResponse: 	at okhttp3.internal.cache.CacheInterceptor.intercept(CacheInterceptor.java:94)
08-05 04:10:26.172 28464  3382 E baseline.com.newsblur.network.APIResponse: 	at okhttp3.internal.http.RealInterceptorChain.proceed(RealInterceptorChain.java:142)
08-05 04:10:26.172 28464  3382 E baseline.com.newsblur.network.APIResponse: 	at okhttp3.internal.http.RealInterceptorChain.proceed(RealInterceptorChain.java:117)
08-05 04:10:26.172 28464  3382 E baseline.com.newsblur.network.APIResponse: 	at okhttp3.internal.http.BridgeInterceptor.intercept(BridgeInterceptor.java:93)
08-05 04:10:26.172 28464  3382 E baseline.com.newsblur.network.APIResponse: 	at okhttp3.internal.http.RealInterceptorChain.proceed(RealInterceptorChain.java:142)
08-05 04:10:26.172 28464  3382 E baseline.com.newsblur.network.APIResponse: 	at okhttp3.internal.http.RetryAndFollowUpInterceptor.intercept(RetryAndFollowUpInterceptor.java:88)
08-05 04:10:26.172 28464  3382 E baseline.com.newsblur.network.APIResponse: 	at okhttp3.internal.http.RealInterceptorChain.proceed(RealInterceptorChain.java:142)
08-05 04:10:26.172 28464  3382 E baseline.com.newsblur.network.APIResponse: 	at okhttp3.internal.http.RealInterceptorChain.proceed(RealInterceptorChain.java:117)
08-05 04:10:26.172 28464  3382 E baseline.com.newsblur.network.APIResponse: 	at okhttp3.RealCall.getResponseWithInterceptorChain(RealCall.java:229)
08-05 04:10:26.172 28464  3382 E baseline.com.newsblur.network.APIResponse: 	at okhttp3.RealCall.execute(RealCall.java:81)
08-05 04:10:26.172 28464  3382 E baseline.com.newsblur.network.APIResponse: 	at baseline.com.newsblur.network.APIResponse.<init>(APIResponse.java:57)
08-05 04:10:26.172 28464  3382 E baseline.com.newsblur.network.APIResponse: 	at baseline.com.newsblur.network.APIManager.get_single(APIManager.java:639)
08-05 04:10:26.172 28464  3382 E baseline.com.newsblur.network.APIResponse: 	at baseline.com.newsblur.network.APIManager.get(APIManager.java:625)
08-05 04:10:26.172 28464  3382 E baseline.com.newsblur.network.APIResponse: 	at baseline.com.newsblur.network.APIManager.get(APIManager.java:667)
08-05 04:10:26.172 28464  3382 E baseline.com.newsblur.network.APIResponse: 	at baseline.com.newsblur.network.APIManager.getFeedUnreadCounts(APIManager.java:274)
08-05 04:10:26.172 28464  3382 E baseline.com.newsblur.network.APIResponse: 	at baseline.com.newsblur.service.NBSyncService.checkRecounts(NBSyncService.java:660)
08-05 04:10:26.172 28464  3382 E baseline.com.newsblur.network.APIResponse: 	at baseline.com.newsblur.service.NBSyncService.doSync(NBSyncService.java:310)
08-05 04:10:26.172 28464  3382 E baseline.com.newsblur.network.APIResponse: 	at baseline.com.newsblur.service.NBSyncService.access$100(NBSyncService.java:67)
08-05 04:10:26.172 28464  3382 E baseline.com.newsblur.network.APIResponse: 	at baseline.com.newsblur.service.NBSyncService$1.run(NBSyncService.java:188)
08-05 04:10:26.172 28464  3382 E baseline.com.newsblur.network.APIResponse: 	at java.util.concurrent.ThreadPoolExecutor.runWorker(ThreadPoolExecutor.java:1113)
08-05 04:10:26.172 28464  3382 E baseline.com.newsblur.network.APIResponse: 	at java.util.concurrent.ThreadPoolExecutor$Worker.run(ThreadPoolExecutor.java:588)
08-05 04:10:26.172 28464  3382 E baseline.com.newsblur.network.APIResponse: 	at java.lang.Thread.run(Thread.java:818)
08-05 04:10:26.172 28464  3382 E baseline.com.newsblur.network.APIResponse: Caused by: java.io.EOFException: \n not found: limit=0 content=
08-05 04:10:26.172 28464  3382 E baseline.com.newsblur.network.APIResponse: 	at okio.RealBufferedSource.readUtf8LineStrict(RealBufferedSource.java:240)
08-05 04:10:26.172 28464  3382 E baseline.com.newsblur.network.APIResponse: 	at okhttp3.internal.http1.Http1ExchangeCodec.readHeaderLine(Http1ExchangeCodec.java:242)
08-05 04:10:26.172 28464  3382 E baseline.com.newsblur.network.APIResponse: 	at okhttp3.internal.http1.Http1ExchangeCodec.readResponseHeaders(Http1ExchangeCodec.java:213)
08-05 04:10:26.172 28464  3382 E baseline.com.newsblur.network.APIResponse: 	... 28 more
08-05 04:10:26.174 28464  3382 I baseline.com.newsblur.network.APIManager: API call failed, pausing before retry number 1
08-05 04:10:26.180 28464 28475 I art     : Starting a blocking GC Explicit
08-05 04:10:26.219 28464 28475 I art     : Explicit concurrent mark sweep GC freed 766(205KB) AllocSpace objects, 2(40KB) LOS objects, 28% free, 40MB/56MB, paused 1.017ms total 39.155ms
08-05 04:10:26.229 28464 28475 I art     : Starting a blocking GC Explicit
08-05 04:10:26.267 28464 28475 I art     : Explicit concurrent mark sweep GC freed 50(1888B) AllocSpace objects, 0(0B) LOS objects, 28% free, 40MB/56MB, paused 1.102ms total 37.505ms
08-05 04:10:26.277 28464 28475 I art     : Starting a blocking GC Explicit
08-05 04:10:26.316 28464 28475 I art     : Explicit concurrent mark sweep GC freed 6(192B) AllocSpace objects, 0(0B) LOS objects, 28% free, 40MB/56MB, paused 1.073ms total 38.215ms
08-05 04:10:26.681 28464  2651 I art     : Starting a blocking GC Explicit
08-05 04:10:26.722 28464  2651 I art     : Explicit concurrent mark sweep GC freed 1468(83KB) AllocSpace objects, 1(20KB) LOS objects, 28% free, 40MB/56MB, paused 1.030ms total 41.253ms
08-05 04:10:26.733 28464  2651 I art     : Starting a blocking GC Explicit
08-05 04:10:26.774 28464  2651 I art     : Explicit concurrent mark sweep GC freed 24(848B) AllocSpace objects, 0(0B) LOS objects, 28% free, 40MB/56MB, paused 1.096ms total 40.483ms
08-05 04:10:26.783   918  3188 I hubconnection: sensorhub said: 'set_bias 3: -14.4000, 0.0000, 0.0000'
08-05 04:10:26.784 28464  2651 I art     : Starting a blocking GC Explicit
08-05 04:10:26.822 28464  2651 I art     : Explicit concurrent mark sweep GC freed 7(224B) AllocSpace objects, 0(0B) LOS objects, 28% free, 40MB/56MB, paused 1.011ms total 38.143ms
08-05 04:10:26.833 28464  2651 I art     : Starting a blocking GC Explicit
08-05 04:10:26.871 28464  2651 I art     : Explicit concurrent mark sweep GC freed 5(160B) AllocSpace objects, 0(0B) LOS objects, 28% free, 40MB/56MB, paused 1.181ms total 38.365ms
08-05 04:10:26.882 28464  2651 I art     : Starting a blocking GC Explicit
08-05 04:10:26.921 28464  2651 I art     : Explicit concurrent mark sweep GC freed 6(192B) AllocSpace objects, 0(0B) LOS objects, 28% free, 40MB/56MB, paused 993us total 38.876ms
08-05 04:10:27.292 28464 28475 I art     : Starting a blocking GC Explicit
08-05 04:10:27.333 28464 28475 I art     : Explicit concurrent mark sweep GC freed 1470(83KB) AllocSpace objects, 1(20KB) LOS objects, 28% free, 40MB/56MB, paused 1.126ms total 40.664ms
08-05 04:10:27.344 28464 28475 I art     : Starting a blocking GC Explicit
08-05 04:10:27.383 28464 28475 I art     : Explicit concurrent mark sweep GC freed 25(880B) AllocSpace objects, 0(0B) LOS objects, 28% free, 40MB/56MB, paused 1.103ms total 38.951ms
08-05 04:10:27.393 28464 28475 I art     : Starting a blocking GC Explicit
08-05 04:10:27.431 28464 28475 I art     : Explicit concurrent mark sweep GC freed 6(192B) AllocSpace objects, 0(0B) LOS objects, 28% free, 40MB/56MB, paused 1.090ms total 38.181ms
08-05 04:10:27.442 28464 28475 I art     : Starting a blocking GC Explicit
08-05 04:10:27.481 28464 28475 I art     : Explicit concurrent mark sweep GC freed 5(160B) AllocSpace objects, 0(0B) LOS objects, 28% free, 40MB/56MB, paused 1.041ms total 39.370ms
08-05 04:10:27.492 28464 28475 I art     : Starting a blocking GC Explicit
08-05 04:10:27.531 28464 28475 I art     : Explicit concurrent mark sweep GC freed 7(224B) AllocSpace objects, 0(0B) LOS objects, 28% free, 40MB/56MB, paused 1.041ms total 38.764ms
08-05 04:10:27.904 28464  2648 I art     : Starting a blocking GC Explicit
08-05 04:10:27.944 28464  2648 I art     : Explicit concurrent mark sweep GC freed 1636(92KB) AllocSpace objects, 1(20KB) LOS objects, 28% free, 40MB/56MB, paused 1.056ms total 40.412ms
08-05 04:10:27.956 28464  2648 I art     : Starting a blocking GC Explicit
08-05 04:10:27.995 28464  2648 I art     : Explicit concurrent mark sweep GC freed 31(1136B) AllocSpace objects, 0(0B) LOS objects, 28% free, 40MB/56MB, paused 1.076ms total 39.106ms
08-05 04:10:28.006 28464  2648 I art     : Starting a blocking GC Explicit
08-05 04:10:28.046 28464  2648 I art     : Explicit concurrent mark sweep GC freed 5(160B) AllocSpace objects, 0(0B) LOS objects, 28% free, 40MB/56MB, paused 1.184ms total 39.552ms
08-05 04:10:28.056 28464  2648 I art     : Starting a blocking GC Explicit
08-05 04:10:28.096 28464  2648 I art     : Explicit concurrent mark sweep GC freed 7(224B) AllocSpace objects, 0(0B) LOS objects, 28% free, 40MB/56MB, paused 1.114ms total 39.860ms
08-05 04:10:28.107 28464  2648 I art     : Starting a blocking GC Explicit
08-05 04:10:28.146 28464  2648 I art     : Explicit concurrent mark sweep GC freed 6(192B) AllocSpace objects, 0(0B) LOS objects, 28% free, 40MB/56MB, paused 1.083ms total 38.979ms
08-05 04:10:28.237 28464  3382 E baseline.com.newsblur.network.APIResponse: Error (unexpected end of stream on https://www.newsblur.com/...) calling https://www.newsblur.com/reader/feed_unread_count?feed_id=0
08-05 04:10:28.237 28464  3382 E baseline.com.newsblur.network.APIResponse: java.io.IOException: unexpected end of stream on https://www.newsblur.com/...
08-05 04:10:28.237 28464  3382 E baseline.com.newsblur.network.APIResponse: 	at okhttp3.internal.http1.Http1ExchangeCodec.readResponseHeaders(Http1ExchangeCodec.java:236)
08-05 04:10:28.237 28464  3382 E baseline.com.newsblur.network.APIResponse: 	at okhttp3.internal.connection.Exchange.readResponseHeaders(Exchange.java:115)
08-05 04:10:28.237 28464  3382 E baseline.com.newsblur.network.APIResponse: 	at okhttp3.internal.http.CallServerInterceptor.intercept(CallServerInterceptor.java:94)
08-05 04:10:28.237 28464  3382 E baseline.com.newsblur.network.APIResponse: 	at okhttp3.internal.http.RealInterceptorChain.proceed(RealInterceptorChain.java:142)
08-05 04:10:28.237 28464  3382 E baseline.com.newsblur.network.APIResponse: 	at okhttp3.internal.connection.ConnectInterceptor.intercept(ConnectInterceptor.java:43)
08-05 04:10:28.237 28464  3382 E baseline.com.newsblur.network.APIResponse: 	at okhttp3.internal.http.RealInterceptorChain.proceed(RealInterceptorChain.java:142)
08-05 04:10:28.237 28464  3382 E baseline.com.newsblur.network.APIResponse: 	at okhttp3.internal.http.RealInterceptorChain.proceed(RealInterceptorChain.java:117)
08-05 04:10:28.237 28464  3382 E baseline.com.newsblur.network.APIResponse: 	at okhttp3.internal.cache.CacheInterceptor.intercept(CacheInterceptor.java:94)
08-05 04:10:28.237 28464  3382 E baseline.com.newsblur.network.APIResponse: 	at okhttp3.internal.http.RealInterceptorChain.proceed(RealInterceptorChain.java:142)
08-05 04:10:28.237 28464  3382 E baseline.com.newsblur.network.APIResponse: 	at okhttp3.internal.http.RealInterceptorChain.proceed(RealInterceptorChain.java:117)
08-05 04:10:28.237 28464  3382 E baseline.com.newsblur.network.APIResponse: 	at okhttp3.internal.http.BridgeInterceptor.intercept(BridgeInterceptor.java:93)
08-05 04:10:28.237 28464  3382 E baseline.com.newsblur.network.APIResponse: 	at okhttp3.internal.http.RealInterceptorChain.proceed(RealInterceptorChain.java:142)
08-05 04:10:28.237 28464  3382 E baseline.com.newsblur.network.APIResponse: 	at okhttp3.internal.http.RetryAndFollowUpInterceptor.intercept(RetryAndFollowUpInterceptor.java:88)
08-05 04:10:28.237 28464  3382 E baseline.com.newsblur.network.APIResponse: 	at okhttp3.internal.http.RealInterceptorChain.proceed(RealInterceptorChain.java:142)
08-05 04:10:28.237 28464  3382 E baseline.com.newsblur.network.APIResponse: 	at okhttp3.internal.http.RealInterceptorChain.proceed(RealInterceptorChain.java:117)
08-05 04:10:28.237 28464  3382 E baseline.com.newsblur.network.APIResponse: 	at okhttp3.RealCall.getResponseWithInterceptorChain(RealCall.java:229)
08-05 04:10:28.237 28464  3382 E baseline.com.newsblur.network.APIResponse: 	at okhttp3.RealCall.execute(RealCall.java:81)
08-05 04:10:28.237 28464  3382 E baseline.com.newsblur.network.APIResponse: 	at baseline.com.newsblur.network.APIResponse.<init>(APIResponse.java:57)
08-05 04:10:28.237 28464  3382 E baseline.com.newsblur.network.APIResponse: 	at baseline.com.newsblur.network.APIManager.get_single(APIManager.java:639)
08-05 04:10:28.237 28464  3382 E baseline.com.newsblur.network.APIResponse: 	at baseline.com.newsblur.network.APIManager.get(APIManager.java:625)
08-05 04:10:28.237 28464  3382 E baseline.com.newsblur.network.APIResponse: 	at baseline.com.newsblur.network.APIManager.get(APIManager.java:667)
08-05 04:10:28.237 28464  3382 E baseline.com.newsblur.network.APIResponse: 	at baseline.com.newsblur.network.APIManager.getFeedUnreadCounts(APIManager.java:274)
08-05 04:10:28.237 28464  3382 E baseline.com.newsblur.network.APIResponse: 	at baseline.com.newsblur.service.NBSyncService.checkRecounts(NBSyncService.java:660)
08-05 04:10:28.237 28464  3382 E baseline.com.newsblur.network.APIResponse: 	at baseline.com.newsblur.service.NBSyncService.doSync(NBSyncService.java:310)
08-05 04:10:28.237 28464  3382 E baseline.com.newsblur.network.APIResponse: 	at baseline.com.newsblur.service.NBSyncService.access$100(NBSyncService.java:67)
08-05 04:10:28.237 28464  3382 E baseline.com.newsblur.network.APIResponse: 	at baseline.com.newsblur.service.NBSyncService$1.run(NBSyncService.java:188)
08-05 04:10:28.237 28464  3382 E baseline.com.newsblur.network.APIResponse: 	at java.util.concurrent.ThreadPoolExecutor.runWorker(ThreadPoolExecutor.java:1113)
08-05 04:10:28.237 28464  3382 E baseline.com.newsblur.network.APIResponse: 	at java.util.concurrent.ThreadPoolExecutor$Worker.run(ThreadPoolExecutor.java:588)
08-05 04:10:28.237 28464  3382 E baseline.com.newsblur.network.APIResponse: 	at java.lang.Thread.run(Thread.java:818)
08-05 04:10:28.237 28464  3382 E baseline.com.newsblur.network.APIResponse: Caused by: java.io.EOFException: \n not found: limit=0 content=
08-05 04:10:28.237 28464  3382 E baseline.com.newsblur.network.APIResponse: 	at okio.RealBufferedSource.readUtf8LineStrict(RealBufferedSource.java:240)
08-05 04:10:28.237 28464  3382 E baseline.com.newsblur.network.APIResponse: 	at okhttp3.internal.http1.Http1ExchangeCodec.readHeaderLine(Http1ExchangeCodec.java:242)
08-05 04:10:28.237 28464  3382 E baseline.com.newsblur.network.APIResponse: 	at okhttp3.internal.http1.Http1ExchangeCodec.readResponseHeaders(Http1ExchangeCodec.java:213)
08-05 04:10:28.237 28464  3382 E baseline.com.newsblur.network.APIResponse: 	... 28 more
08-05 04:10:28.239 28464  3382 I baseline.com.newsblur.network.APIManager: API call failed, pausing before retry number 2
08-05 04:10:28.488 28464  2648 I art     : Starting a blocking GC Explicit
08-05 04:10:28.530 28464  2648 I art     : Explicit concurrent mark sweep GC freed 3959(356KB) AllocSpace objects, 3(60KB) LOS objects, 28% free, 40MB/56MB, paused 1.179ms total 41.934ms
08-05 04:10:28.541 28464  2648 I art     : Starting a blocking GC Explicit
08-05 04:10:28.578 28464  2648 I art     : Explicit concurrent mark sweep GC freed 122(4KB) AllocSpace objects, 0(0B) LOS objects, 28% free, 40MB/56MB, paused 1.236ms total 37.098ms
08-05 04:10:28.588 28464  2648 I art     : Starting a blocking GC Explicit
08-05 04:10:28.628 28464  2648 I art     : Explicit concurrent mark sweep GC freed 7(224B) AllocSpace objects, 0(0B) LOS objects, 28% free, 40MB/56MB, paused 1.156ms total 39.402ms
08-05 04:10:28.638 28464  2648 I art     : Starting a blocking GC Explicit
08-05 04:10:28.677 28464  2648 I art     : Explicit concurrent mark sweep GC freed 6(192B) AllocSpace objects, 0(0B) LOS objects, 28% free, 40MB/56MB, paused 1.051ms total 38.221ms
08-05 04:10:28.687 28464  2648 I art     : Starting a blocking GC Explicit
08-05 04:10:28.727 28464  2648 I art     : Explicit concurrent mark sweep GC freed 6(192B) AllocSpace objects, 0(0B) LOS objects, 28% free, 40MB/56MB, paused 1.047ms total 39.261ms
08-05 04:10:29.085 28464 28475 I art     : Starting a blocking GC Explicit
08-05 04:10:29.127 28464 28475 I art     : Explicit concurrent mark sweep GC freed 1468(84KB) AllocSpace objects, 1(20KB) LOS objects, 28% free, 40MB/56MB, paused 1.145ms total 41.452ms
08-05 04:10:29.137 28464 28475 I art     : Starting a blocking GC Explicit
08-05 04:10:29.176 28464 28475 I art     : Explicit concurrent mark sweep GC freed 26(912B) AllocSpace objects, 0(0B) LOS objects, 28% free, 40MB/56MB, paused 1.030ms total 38.071ms
08-05 04:10:29.186 28464 28475 I art     : Starting a blocking GC Explicit
08-05 04:10:29.225 28464 28475 I art     : Explicit concurrent mark sweep GC freed 6(192B) AllocSpace objects, 0(0B) LOS objects, 28% free, 40MB/56MB, paused 1.054ms total 38.674ms
08-05 04:10:29.236 28464 28475 I art     : Starting a blocking GC Explicit
08-05 04:10:29.275 28464 28475 I art     : Explicit concurrent mark sweep GC freed 5(160B) AllocSpace objects, 0(0B) LOS objects, 28% free, 40MB/56MB, paused 1.011ms total 39.294ms
08-05 04:10:29.286 28464 28475 I art     : Starting a blocking GC Explicit
08-05 04:10:29.324 28464 28475 I art     : Explicit concurrent mark sweep GC freed 6(192B) AllocSpace objects, 0(0B) LOS objects, 28% free, 40MB/56MB, paused 1.010ms total 38.025ms
08-05 04:10:29.674 28464 28476 I art     : Starting a blocking GC Explicit
08-05 04:10:29.716 28464 28476 I art     : Explicit concurrent mark sweep GC freed 1467(83KB) AllocSpace objects, 1(20KB) LOS objects, 28% free, 40MB/56MB, paused 1.148ms total 41.123ms
08-05 04:10:29.726 28464 28476 I art     : Starting a blocking GC Explicit
08-05 04:10:29.765 28464 28476 I art     : Explicit concurrent mark sweep GC freed 25(880B) AllocSpace objects, 0(0B) LOS objects, 28% free, 40MB/56MB, paused 1.022ms total 37.995ms
08-05 04:10:29.775 28464 28476 I art     : Starting a blocking GC Explicit
08-05 04:10:29.814 28464 28476 I art     : Explicit concurrent mark sweep GC freed 6(192B) AllocSpace objects, 0(0B) LOS objects, 28% free, 40MB/56MB, paused 1.114ms total 38.634ms
08-05 04:10:29.825 28464 28476 I art     : Starting a blocking GC Explicit
08-05 04:10:29.864 28464 28476 I art     : Explicit concurrent mark sweep GC freed 6(192B) AllocSpace objects, 0(0B) LOS objects, 28% free, 40MB/56MB, paused 1.027ms total 39.046ms
08-05 04:10:29.874 28464 28476 I art     : Starting a blocking GC Explicit
08-05 04:10:29.913 28464 28476 I art     : Explicit concurrent mark sweep GC freed 6(192B) AllocSpace objects, 0(0B) LOS objects, 28% free, 40MB/56MB, paused 1.029ms total 38.796ms
08-05 04:10:30.283 28464  2648 I art     : Starting a blocking GC Explicit
08-05 04:10:30.324 28464  2648 I art     : Explicit concurrent mark sweep GC freed 1467(83KB) AllocSpace objects, 1(20KB) LOS objects, 28% free, 40MB/56MB, paused 1.098ms total 40.322ms
08-05 04:10:30.334 28464  2648 I art     : Starting a blocking GC Explicit
08-05 04:10:30.374 28464  2648 I art     : Explicit concurrent mark sweep GC freed 25(880B) AllocSpace objects, 0(0B) LOS objects, 28% free, 40MB/56MB, paused 1.022ms total 39.668ms
08-05 04:10:30.385 28464  2648 I art     : Starting a blocking GC Explicit
08-05 04:10:30.424 28464  2648 I art     : Explicit concurrent mark sweep GC freed 6(192B) AllocSpace objects, 0(0B) LOS objects, 28% free, 40MB/56MB, paused 1.058ms total 38.688ms
08-05 04:10:30.434 28464  2648 I art     : Starting a blocking GC Explicit
08-05 04:10:30.472 28464  2648 I art     : Explicit concurrent mark sweep GC freed 6(192B) AllocSpace objects, 0(0B) LOS objects, 28% free, 40MB/56MB, paused 1.100ms total 37.826ms
08-05 04:10:30.483 28464  2648 I art     : Starting a blocking GC Explicit
08-05 04:10:30.522 28464  2648 I art     : Explicit concurrent mark sweep GC freed 6(192B) AllocSpace objects, 0(0B) LOS objects, 28% free, 40MB/56MB, paused 1.122ms total 39.365ms
08-05 04:10:30.870 28464  2651 I art     : Starting a blocking GC Explicit
08-05 04:10:30.910 28464  2651 I art     : Explicit concurrent mark sweep GC freed 1466(83KB) AllocSpace objects, 1(20KB) LOS objects, 28% free, 40MB/56MB, paused 1.139ms total 39.980ms
08-05 04:10:30.920 28464  2651 I art     : Starting a blocking GC Explicit
08-05 04:10:30.957 28464  2651 I art     : Explicit concurrent mark sweep GC freed 25(880B) AllocSpace objects, 0(0B) LOS objects, 28% free, 40MB/56MB, paused 1.060ms total 36.210ms
08-05 04:10:30.967 28464  2651 I art     : Starting a blocking GC Explicit
08-05 04:10:31.005 28464  2651 I art     : Explicit concurrent mark sweep GC freed 6(192B) AllocSpace objects, 0(0B) LOS objects, 28% free, 40MB/56MB, paused 1.105ms total 38.479ms
08-05 04:10:31.016 28464  2651 I art     : Starting a blocking GC Explicit
08-05 04:10:31.055 28464  2651 I art     : Explicit concurrent mark sweep GC freed 6(192B) AllocSpace objects, 0(0B) LOS objects, 28% free, 40MB/56MB, paused 1.071ms total 38.930ms
08-05 04:10:31.065 28464  2651 I art     : Starting a blocking GC Explicit
08-05 04:10:31.104 28464  2651 I art     : Explicit concurrent mark sweep GC freed 6(192B) AllocSpace objects, 0(0B) LOS objects, 28% free, 40MB/56MB, paused 1.112ms total 38.498ms
08-05 04:10:31.427 28464  2648 I art     : Starting a blocking GC Explicit
08-05 04:10:31.468 28464  2648 I art     : Explicit concurrent mark sweep GC freed 1632(92KB) AllocSpace objects, 1(20KB) LOS objects, 28% free, 40MB/56MB, paused 1.178ms total 40.628ms
08-05 04:10:31.479 28464  2648 I art     : Starting a blocking GC Explicit
08-05 04:10:31.518 28464  2648 I art     : Explicit concurrent mark sweep GC freed 31(1136B) AllocSpace objects, 0(0B) LOS objects, 28% free, 40MB/56MB, paused 1.157ms total 38.844ms
08-05 04:10:31.528 28464  2648 I art     : Starting a blocking GC Explicit
08-05 04:10:31.542  4214  4214 D AndroidRuntime: >>>>>> START com.android.internal.os.RuntimeInit uid 2000 <<<<<<
08-05 04:10:31.547  4214  4214 D AndroidRuntime: CheckJNI is OFF
08-05 04:10:31.566 28464  2648 I art     : Explicit concurrent mark sweep GC freed 6(192B) AllocSpace objects, 0(0B) LOS objects, 28% free, 40MB/56MB, paused 1.074ms total 37.564ms
08-05 04:10:31.575 28464  2648 I art     : Starting a blocking GC Explicit
08-05 04:10:31.581  4214  4214 D ICU     : No timezone override file found: /data/misc/zoneinfo/current/icu/icu_tzdata.dat
08-05 04:10:31.612 28464  2648 I art     : Explicit concurrent mark sweep GC freed 6(192B) AllocSpace objects, 0(0B) LOS objects, 28% free, 40MB/56MB, paused 1.176ms total 37.081ms
08-05 04:10:31.617  4214  4214 I Radio-JNI: register_android_hardware_Radio DONE
08-05 04:10:31.622 28464  2648 I art     : Starting a blocking GC Explicit
08-05 04:10:31.639  4214  4214 D AndroidRuntime: Calling main entry com.android.commands.input.Input
08-05 04:10:31.642  4214  4214 I Input   : injectMotionEvent: MotionEvent { action=ACTION_DOWN, actionButton=0, id[0]=0, x[0]=436.0, y[0]=453.0, toolType[0]=TOOL_TYPE_UNKNOWN, buttonState=0, metaState=0, flags=0x0, edgeFlags=0x0, pointerCount=1, historySize=0, eventTime=763848054, downTime=763848054, deviceId=0, source=0x1002 }
08-05 04:10:31.649  4214  4214 I Input   : injectMotionEvent: MotionEvent { action=ACTION_UP, actionButton=0, id[0]=0, x[0]=436.0, y[0]=453.0, toolType[0]=TOOL_TYPE_UNKNOWN, buttonState=0, metaState=0, flags=0x0, edgeFlags=0x0, pointerCount=1, historySize=0, eventTime=763848054, downTime=763848054, deviceId=0, source=0x1002 }
08-05 04:10:31.651  4214  4214 D AndroidRuntime: Shutting down VM
08-05 04:10:31.659 28464  2648 I art     : Explicit concurrent mark sweep GC freed 7(224B) AllocSpace objects, 0(0B) LOS objects, 28% free, 40MB/56MB, paused 1.116ms total 36.195ms
08-05 04:10:31.665   512  2967 D audio_hw_primary: out_set_parameters: enter: usecase(1: low-latency-playback) kvpairs: routing=2
08-05 04:10:31.668   918   928 I ActivityManager: START u0 {cmp=baseline.com.newsblur/.activity.AllSharedStoriesReading (has extras)} from uid 10676 on display 0
08-05 04:10:31.678   512  2967 D audio_hw_primary: select_devices: out_snd_device(2: speaker) in_snd_device(0: none)
08-05 04:10:31.678   512  2967 D msm8974_platform: platform_send_audio_calibration: sending audio calibration for snd_device(2) acdb_id(15)
08-05 04:10:31.678   512  2967 I soundtrigger: audio_extn_sound_trigger_update_device_status: device 0x2 of type 0 for Event 1
08-05 04:10:31.686   918   937 W ProcessCpuTracker: Skipping unknown process pid 4222
08-05 04:10:31.686   918   937 W ProcessCpuTracker: Skipping unknown process pid 4224
08-05 04:10:31.686   918   937 W ProcessCpuTracker: Skipping unknown process pid 4225
08-05 04:10:31.687   512  2967 D audio_hw_primary: enable_snd_device: snd_device(2: speaker)
08-05 04:10:31.689   512  2967 D audio_hw_primary: enable_audio_route: apply and update mixer path: low-latency-playback speaker
08-05 04:10:31.793 28464  3382 E baseline.com.newsblur.network.APIResponse: Error (unexpected end of stream on https://www.newsblur.com/...) calling https://www.newsblur.com/reader/feed_unread_count?feed_id=0
08-05 04:10:31.793 28464  3382 E baseline.com.newsblur.network.APIResponse: java.io.IOException: unexpected end of stream on https://www.newsblur.com/...
08-05 04:10:31.793 28464  3382 E baseline.com.newsblur.network.APIResponse: 	at okhttp3.internal.http1.Http1ExchangeCodec.readResponseHeaders(Http1ExchangeCodec.java:236)
08-05 04:10:31.793 28464  3382 E baseline.com.newsblur.network.APIResponse: 	at okhttp3.internal.connection.Exchange.readResponseHeaders(Exchange.java:115)
08-05 04:10:31.793 28464  3382 E baseline.com.newsblur.network.APIResponse: 	at okhttp3.internal.http.CallServerInterceptor.intercept(CallServerInterceptor.java:94)
08-05 04:10:31.793 28464  3382 E baseline.com.newsblur.network.APIResponse: 	at okhttp3.internal.http.RealInterceptorChain.proceed(RealInterceptorChain.java:142)
08-05 04:10:31.793 28464  3382 E baseline.com.newsblur.network.APIResponse: 	at okhttp3.internal.connection.ConnectInterceptor.intercept(ConnectInterceptor.java:43)
08-05 04:10:31.793 28464  3382 E baseline.com.newsblur.network.APIResponse: 	at okhttp3.internal.http.RealInterceptorChain.proceed(RealInterceptorChain.java:142)
08-05 04:10:31.793 28464  3382 E baseline.com.newsblur.network.APIResponse: 	at okhttp3.internal.http.RealInterceptorChain.proceed(RealInterceptorChain.java:117)
08-05 04:10:31.793 28464  3382 E baseline.com.newsblur.network.APIResponse: 	at okhttp3.internal.cache.CacheInterceptor.intercept(CacheInterceptor.java:94)
08-05 04:10:31.793 28464  3382 E baseline.com.newsblur.network.APIResponse: 	at okhttp3.internal.http.RealInterceptorChain.proceed(RealInterceptorChain.java:142)
08-05 04:10:31.793 28464  3382 E baseline.com.newsblur.network.APIResponse: 	at okhttp3.internal.http.RealInterceptorChain.proceed(RealInterceptorChain.java:117)
08-05 04:10:31.793 28464  3382 E baseline.com.newsblur.network.APIResponse: 	at okhttp3.internal.http.BridgeInterceptor.intercept(BridgeInterceptor.java:93)
08-05 04:10:31.793 28464  3382 E baseline.com.newsblur.network.APIResponse: 	at okhttp3.internal.http.RealInterceptorChain.proceed(RealInterceptorChain.java:142)
08-05 04:10:31.793 28464  3382 E baseline.com.newsblur.network.APIResponse: 	at okhttp3.internal.http.RetryAndFollowUpInterceptor.intercept(RetryAndFollowUpInterceptor.java:88)
08-05 04:10:31.793 28464  3382 E baseline.com.newsblur.network.APIResponse: 	at okhttp3.internal.http.RealInterceptorChain.proceed(RealInterceptorChain.java:142)
08-05 04:10:31.793 28464  3382 E baseline.com.newsblur.network.APIResponse: 	at okhttp3.internal.http.RealInterceptorChain.proceed(RealInterceptorChain.java:117)
08-05 04:10:31.793 28464  3382 E baseline.com.newsblur.network.APIResponse: 	at okhttp3.RealCall.getResponseWithInterceptorChain(RealCall.java:229)
08-05 04:10:31.793 28464  3382 E baseline.com.newsblur.network.APIResponse: 	at okhttp3.RealCall.execute(RealCall.java:81)
08-05 04:10:31.793 28464  3382 E baseline.com.newsblur.network.APIResponse: 	at baseline.com.newsblur.network.APIResponse.<init>(APIResponse.java:57)
08-05 04:10:31.793 28464  3382 E baseline.com.newsblur.network.APIResponse: 	at baseline.com.newsblur.network.APIManager.get_single(APIManager.java:639)
08-05 04:10:31.793 28464  3382 E baseline.com.newsblur.network.APIResponse: 	at baseline.com.newsblur.network.APIManager.get(APIManager.java:625)
08-05 04:10:31.793 28464  3382 E baseline.com.newsblur.network.APIResponse: 	at baseline.com.newsblur.network.APIManager.get(APIManager.java:667)
08-05 04:10:31.793 28464  3382 E baseline.com.newsblur.network.APIResponse: 	at baseline.com.newsblur.network.APIManager.getFeedUnreadCounts(APIManager.java:274)
08-05 04:10:31.793 28464  3382 E baseline.com.newsblur.network.APIResponse: 	at baseline.com.newsblur.service.NBSyncService.checkRecounts(NBSyncService.java:660)
08-05 04:10:31.793 28464  3382 E baseline.com.newsblur.network.APIResponse: 	at baseline.com.newsblur.service.NBSyncService.doSync(NBSyncService.java:310)
08-05 04:10:31.793 28464  3382 E baseline.com.newsblur.network.APIResponse: 	at baseline.com.newsblur.service.NBSyncService.access$100(NBSyncService.java:67)
08-05 04:10:31.793 28464  3382 E baseline.com.newsblur.network.APIResponse: 	at baseline.com.newsblur.service.NBSyncService$1.run(NBSyncService.java:188)
08-05 04:10:31.793 28464  3382 E baseline.com.newsblur.network.APIResponse: 	at java.util.concurrent.ThreadPoolExecutor.runWorker(ThreadPoolExecutor.java:1113)
08-05 04:10:31.793 28464  3382 E baseline.com.newsblur.network.APIResponse: 	at java.util.concurrent.ThreadPoolExecutor$Worker.run(ThreadPoolExecutor.java:588)
08-05 04:10:31.793 28464  3382 E baseline.com.newsblur.network.APIResponse: 	at java.lang.Thread.run(Thread.java:818)
08-05 04:10:31.793 28464  3382 E baseline.com.newsblur.network.APIResponse: Caused by: java.io.EOFException: \n not found: limit=0 content=
08-05 04:10:31.793 28464  3382 E baseline.com.newsblur.network.APIResponse: 	at okio.RealBufferedSource.readUtf8LineStrict(RealBufferedSource.java:240)
08-05 04:10:31.793 28464  3382 E baseline.com.newsblur.network.APIResponse: 	at okhttp3.internal.http1.Http1ExchangeCodec.readHeaderLine(Http1ExchangeCodec.java:242)
08-05 04:10:31.793 28464  3382 E baseline.com.newsblur.network.APIResponse: 	at okhttp3.internal.http1.Http1ExchangeCodec.readResponseHeaders(Http1ExchangeCodec.java:213)
08-05 04:10:31.793 28464  3382 E baseline.com.newsblur.network.APIResponse: 	... 28 more
08-05 04:10:31.795 28464  3382 W baseline.com.newsblur.service.NBSyncService: Bad response to feed_unread_count
08-05 04:10:31.797 28464  3382 I baseline.com.newsblur.service.NBSyncService: abandoning background sync due to recent API failures.
08-05 04:10:31.798 28464  3382 I baseline.com.newsblur.service.NBSyncService: abandoning background sync due to recent API failures.
08-05 04:10:31.867 13866 13866 I GoogleInputMethodServic: GoogleInputMethodService.onFinishInput():3138 
08-05 04:10:31.867   918   936 I ActivityManager: Displayed baseline.com.newsblur/.activity.AllSharedStoriesReading: +191ms
08-05 04:10:31.868 13866 13866 I GoogleInputMethodServic: GoogleInputMethodService.onStartInput():1808 
08-05 04:10:31.943 28464  2648 I art     : Starting a blocking GC Explicit
08-05 04:10:31.989 28464  2648 I art     : Explicit concurrent mark sweep GC freed 8658(819KB) AllocSpace objects, 21(868KB) LOS objects, 27% free, 41MB/57MB, paused 1.153ms total 44.504ms
08-05 04:10:32.001 28464  2648 I art     : Starting a blocking GC Explicit
08-05 04:10:32.040 28464  2648 I art     : Explicit concurrent mark sweep GC freed 1673(91KB) AllocSpace objects, 4(104KB) LOS objects, 28% free, 41MB/57MB, paused 1.147ms total 38.802ms
08-05 04:10:32.051 28464  2648 I art     : Starting a blocking GC Explicit
08-05 04:10:32.091 28464  2648 I art     : Explicit concurrent mark sweep GC freed 193(24KB) AllocSpace objects, 0(0B) LOS objects, 28% free, 41MB/57MB, paused 1.217ms total 39.900ms
08-05 04:10:32.093 28464  3006 E chromium: [ERROR:tile_manager.cc(793)] WARNING: tile memory limits exceeded, some content may not draw
08-05 04:10:32.095 28464  3006 E chromium: [ERROR:tile_manager.cc(793)] WARNING: tile memory limits exceeded, some content may not draw
08-05 04:10:32.102 28464  2648 I art     : Starting a blocking GC Explicit
08-05 04:10:32.141 28464  2648 I art     : Explicit concurrent mark sweep GC freed 31(1344B) AllocSpace objects, 0(0B) LOS objects, 28% free, 41MB/57MB, paused 1.099ms total 38.039ms
08-05 04:10:32.151 28464  2648 I art     : Starting a blocking GC Explicit
08-05 04:10:32.189 28464  2648 I art     : Explicit concurrent mark sweep GC freed 1582(62KB) AllocSpace objects, 0(0B) LOS objects, 28% free, 41MB/57MB, paused 1.081ms total 37.829ms
08-05 04:10:32.207 28464  3382 I NAPPA_EXPERIMENTATION: MetricNetworkRequestExecutionTime: REQUEST_DURATION_SYSTEM='407',REQUEST_DURATION_OKHTTP='43',REQUEST_SYNCHRONOUS='TRUE',RESPONSE_CODE='200',RESPONSE_METHOD='GET',RESPONSE_LENGTH_OKHTTP='-1',RESPONSE_LENGTH_HEADER='-2',REQUEST_PROTOCOL='http/1.1',REQUEST_URL='https://www.newsblur.com/social/river_stories?order=newest&page=1&read_filter=all',
08-05 04:10:32.207 28464  3382 D MY_TAG  : 0, 407
08-05 04:10:32.229   512  2967 D audio_hw_primary: disable_audio_route: reset and update mixer path: low-latency-playback speaker
08-05 04:10:32.231   512  2967 D audio_hw_primary: disable_snd_device: snd_device(2: speaker)
08-05 04:10:32.241   512  2967 I soundtrigger: audio_extn_sound_trigger_update_device_status: device 0x2 of type 0 for Event 0
08-05 04:10:32.497 28464  2648 I art     : Starting a blocking GC Explicit
08-05 04:10:32.547 28464  2648 I art     : Explicit concurrent mark sweep GC freed 6770(446KB) AllocSpace objects, 9(188KB) LOS objects, 27% free, 41MB/57MB, paused 2.207ms total 50.220ms
08-05 04:10:32.559 28464  2648 I art     : Starting a blocking GC Explicit
08-05 04:10:32.602 28464  2648 I art     : Explicit concurrent mark sweep GC freed 783(35KB) AllocSpace objects, 1(28KB) LOS objects, 28% free, 41MB/57MB, paused 1.141ms total 43.271ms
08-05 04:10:32.613 28464  2648 I art     : Starting a blocking GC Explicit
08-05 04:10:32.657 28464  2648 I art     : Explicit concurrent mark sweep GC freed 3(96B) AllocSpace objects, 0(0B) LOS objects, 28% free, 41MB/57MB, paused 1.262ms total 43.972ms
08-05 04:10:32.668 28464  2648 I art     : Starting a blocking GC Explicit
08-05 04:10:32.712 28464  2648 I art     : Explicit concurrent mark sweep GC freed 1672(65KB) AllocSpace objects, 0(0B) LOS objects, 28% free, 41MB/57MB, paused 1.193ms total 43.440ms
08-05 04:10:32.717 28464  3382 E baseline.com.newsblur.network.APIResponse: Error (unexpected end of stream on https://www.newsblur.com/...) calling https://www.newsblur.com/reader/mark_story_hashes_as_read/
08-05 04:10:32.717 28464  3382 E baseline.com.newsblur.network.APIResponse: java.io.IOException: unexpected end of stream on https://www.newsblur.com/...
08-05 04:10:32.717 28464  3382 E baseline.com.newsblur.network.APIResponse: 	at okhttp3.internal.http1.Http1ExchangeCodec.readResponseHeaders(Http1ExchangeCodec.java:236)
08-05 04:10:32.717 28464  3382 E baseline.com.newsblur.network.APIResponse: 	at okhttp3.internal.connection.Exchange.readResponseHeaders(Exchange.java:115)
08-05 04:10:32.717 28464  3382 E baseline.com.newsblur.network.APIResponse: 	at okhttp3.internal.http.CallServerInterceptor.intercept(CallServerInterceptor.java:94)
08-05 04:10:32.717 28464  3382 E baseline.com.newsblur.network.APIResponse: 	at okhttp3.internal.http.RealInterceptorChain.proceed(RealInterceptorChain.java:142)
08-05 04:10:32.717 28464  3382 E baseline.com.newsblur.network.APIResponse: 	at okhttp3.internal.connection.ConnectInterceptor.intercept(ConnectInterceptor.java:43)
08-05 04:10:32.717 28464  3382 E baseline.com.newsblur.network.APIResponse: 	at okhttp3.internal.http.RealInterceptorChain.proceed(RealInterceptorChain.java:142)
08-05 04:10:32.717 28464  3382 E baseline.com.newsblur.network.APIResponse: 	at okhttp3.internal.http.RealInterceptorChain.proceed(RealInterceptorChain.java:117)
08-05 04:10:32.717 28464  3382 E baseline.com.newsblur.network.APIResponse: 	at okhttp3.internal.cache.CacheInterceptor.intercept(CacheInterceptor.java:94)
08-05 04:10:32.717 28464  3382 E baseline.com.newsblur.network.APIResponse: 	at okhttp3.internal.http.RealInterceptorChain.proceed(RealInterceptorChain.java:142)
08-05 04:10:32.717 28464  3382 E baseline.com.newsblur.network.APIResponse: 	at okhttp3.internal.http.RealInterceptorChain.proceed(RealInterceptorChain.java:117)
08-05 04:10:32.717 28464  3382 E baseline.com.newsblur.network.APIResponse: 	at okhttp3.internal.http.BridgeInterceptor.intercept(BridgeInterceptor.java:93)
08-05 04:10:32.717 28464  3382 E baseline.com.newsblur.network.APIResponse: 	at okhttp3.internal.http.RealInterceptorChain.proceed(RealInterceptorChain.java:142)
08-05 04:10:32.717 28464  3382 E baseline.com.newsblur.network.APIResponse: 	at okhttp3.internal.http.RetryAndFollowUpInterceptor.intercept(RetryAndFollowUpInterceptor.java:88)
08-05 04:10:32.717 28464  3382 E baseline.com.newsblur.network.APIResponse: 	at okhttp3.internal.http.RealInterceptorChain.proceed(RealInterceptorChain.java:142)
08-05 04:10:32.717 28464  3382 E baseline.com.newsblur.network.APIResponse: 	at okhttp3.internal.http.RealInterceptorChain.proceed(RealInterceptorChain.java:117)
08-05 04:10:32.717 28464  3382 E baseline.com.newsblur.network.APIResponse: 	at okhttp3.RealCall.getResponseWithInterceptorChain(RealCall.java:229)
08-05 04:10:32.717 28464  3382 E baseline.com.newsblur.network.APIResponse: 	at okhttp3.RealCall.execute(RealCall.java:81)
08-05 04:10:32.717 28464  3382 E baseline.com.newsblur.network.APIResponse: 	at baseline.com.newsblur.network.APIResponse.<init>(APIResponse.java:57)
08-05 04:10:32.717 28464  3382 E baseline.com.newsblur.network.APIResponse: 	at baseline.com.newsblur.network.APIResponse.<init>(APIResponse.java:43)
08-05 04:10:32.717 28464  3382 E baseline.com.newsblur.network.APIResponse: 	at baseline.com.newsblur.network.APIManager.post_single(APIManager.java:702)
08-05 04:10:32.717 28464  3382 E baseline.com.newsblur.network.APIResponse: 	at baseline.com.newsblur.network.APIManager.post(APIManager.java:675)
08-05 04:10:32.717 28464  3382 E baseline.com.newsblur.network.APIResponse: 	at baseline.com.newsblur.network.APIManager.post(APIManager.java:714)
08-05 04:10:32.717 28464  3382 E baseline.com.newsblur.network.APIResponse: 	at baseline.com.newsblur.network.APIManager.markStoryAsRead(APIManager.java:205)
08-05 04:10:32.717 28464  3382 E baseline.com.newsblur.network.APIResponse: 	at baseline.com.newsblur.util.ReadingAction.doRemote(ReadingAction.java:281)
08-05 04:10:32.717 28464  3382 E baseline.com.newsblur.network.APIResponse: 	at baseline.com.newsblur.service.NBSyncService.syncActions(NBSyncService.java:400)
08-05 04:10:32.717 28464  3382 E baseline.com.newsblur.network.APIResponse: 	at baseline.com.newsblur.service.NBSyncService.doSync(NBSyncService.java:298)
08-05 04:10:32.717 28464  3382 E baseline.com.newsblur.network.APIResponse: 	at baseline.com.newsblur.service.NBSyncService.access$100(NBSyncService.java:67)
08-05 04:10:32.717 28464  3382 E baseline.com.newsblur.network.APIResponse: 	at baseline.com.newsblur.service.NBSyncService$1.run(NBSyncService.java:188)
08-05 04:10:32.717 28464  3382 E baseline.com.newsblur.network.APIResponse: 	at java.util.concurrent.ThreadPoolExecutor.runWorker(ThreadPoolExecutor.java:1113)
08-05 04:10:32.717 28464  3382 E baseline.com.newsblur.network.APIResponse: 	at java.util.concurrent.ThreadPoolExecutor$Worker.run(ThreadPoolExecutor.java:588)
08-05 04:10:32.717 28464  3382 E baseline.com.newsblur.network.APIResponse: 	at java.lang.Thread.run(Thread.java:818)
08-05 04:10:32.717 28464  3382 E baseline.com.newsblur.network.APIResponse: Caused by: java.io.EOFException: \n not found: limit=0 content=
08-05 04:10:32.717 28464  3382 E baseline.com.newsblur.network.APIResponse: 	at okio.RealBufferedSource.readUtf8LineStrict(RealBufferedSource.java:240)
08-05 04:10:32.717 28464  3382 E baseline.com.newsblur.network.APIResponse: 	at okhttp3.internal.http1.Http1ExchangeCodec.readHeaderLine(Http1ExchangeCodec.java:242)
08-05 04:10:32.717 28464  3382 E baseline.com.newsblur.network.APIResponse: 	at okhttp3.internal.http1.Http1ExchangeCodec.readResponseHeaders(Http1ExchangeCodec.java:213)
08-05 04:10:32.717 28464  3382 E baseline.com.newsblur.network.APIResponse: 	... 30 more
08-05 04:10:32.718 28464  3382 I baseline.com.newsblur.network.APIManager: API call failed, pausing before retry number 1
08-05 04:10:32.723 28464  2648 I art     : Starting a blocking GC Explicit
08-05 04:10:32.767 28464  2648 I art     : Explicit concurrent mark sweep GC freed 879(210KB) AllocSpace objects, 2(40KB) LOS objects, 28% free, 41MB/57MB, paused 1.283ms total 44.354ms
08-05 04:10:33.095 28464 28476 I art     : Starting a blocking GC Explicit
08-05 04:10:33.142 28464 28476 I art     : Explicit concurrent mark sweep GC freed 1503(85KB) AllocSpace objects, 1(20KB) LOS objects, 28% free, 41MB/57MB, paused 1.123ms total 46.811ms
08-05 04:10:33.156 28464 28476 I art     : Starting a blocking GC Explicit
08-05 04:10:33.200 28464 28476 I art     : Explicit concurrent mark sweep GC freed 38(1296B) AllocSpace objects, 0(0B) LOS objects, 28% free, 41MB/57MB, paused 966us total 43.356ms
08-05 04:10:33.212 28464 28476 I art     : Starting a blocking GC Explicit
08-05 04:10:33.255 28464 28476 I art     : Explicit concurrent mark sweep GC freed 15(480B) AllocSpace objects, 0(0B) LOS objects, 28% free, 41MB/57MB, paused 1.173ms total 42.603ms
08-05 04:10:33.267 28464 28476 I art     : Starting a blocking GC Explicit
08-05 04:10:33.309 28464 28476 I art     : Explicit concurrent mark sweep GC freed 15(480B) AllocSpace objects, 0(0B) LOS objects, 28% free, 41MB/57MB, paused 1.269ms total 42.217ms
08-05 04:10:33.320 28464 28476 I art     : Starting a blocking GC Explicit
08-05 04:10:33.364 28464 28476 I art     : Explicit concurrent mark sweep GC freed 15(480B) AllocSpace objects, 0(0B) LOS objects, 28% free, 41MB/57MB, paused 1.091ms total 43.423ms
08-05 04:10:33.730 28464 28476 I art     : Starting a blocking GC Explicit
08-05 04:10:33.777 28464 28476 I art     : Explicit concurrent mark sweep GC freed 1453(83KB) AllocSpace objects, 1(20KB) LOS objects, 28% free, 41MB/57MB, paused 1.189ms total 46.675ms
08-05 04:10:33.791 28464 28476 I art     : Starting a blocking GC Explicit
08-05 04:10:33.834 28464 28476 I art     : Explicit concurrent mark sweep GC freed 22(784B) AllocSpace objects, 0(0B) LOS objects, 28% free, 41MB/57MB, paused 1.149ms total 42.723ms
08-05 04:10:33.844 28464 28476 I art     : Starting a blocking GC Explicit
08-05 04:10:33.888 28464 28476 I art     : Explicit concurrent mark sweep GC freed 3(96B) AllocSpace objects, 0(0B) LOS objects, 28% free, 41MB/57MB, paused 1.152ms total 43.795ms
08-05 04:10:33.899 28464 28476 I art     : Starting a blocking GC Explicit
08-05 04:10:33.943 28464 28476 I art     : Explicit concurrent mark sweep GC freed 3(96B) AllocSpace objects, 0(0B) LOS objects, 28% free, 41MB/57MB, paused 1.135ms total 43.325ms
08-05 04:10:33.954 28464 28476 I art     : Starting a blocking GC Explicit
08-05 04:10:33.999 28464 28476 I art     : Explicit concurrent mark sweep GC freed 3(96B) AllocSpace objects, 0(0B) LOS objects, 28% free, 41MB/57MB, paused 1.175ms total 44.316ms
08-05 04:10:34.378 28464 28475 I art     : Starting a blocking GC Explicit
08-05 04:10:34.468 28464 28475 I art     : Explicit concurrent mark sweep GC freed 1610(91KB) AllocSpace objects, 1(20KB) LOS objects, 28% free, 41MB/57MB, paused 2.193ms total 89.464ms
08-05 04:10:34.484 28464 28475 I art     : Starting a blocking GC Explicit
08-05 04:10:34.519   518   646 I ThermalEngine: ACTION: GPU - Setting GPU[0] to 450000000
08-05 04:10:34.531 28464 28475 I art     : Explicit concurrent mark sweep GC freed 28(1040B) AllocSpace objects, 0(0B) LOS objects, 28% free, 41MB/57MB, paused 1.681ms total 46.472ms
08-05 04:10:34.545 28464 28475 I art     : Starting a blocking GC Explicit
08-05 04:10:34.605 28464 28475 I art     : Explicit concurrent mark sweep GC freed 3(96B) AllocSpace objects, 0(0B) LOS objects, 28% free, 41MB/57MB, paused 1.567ms total 59.204ms
08-05 04:10:34.619 28464 28475 I art     : Starting a blocking GC Explicit
08-05 04:10:34.678 28464 28475 I art     : Explicit concurrent mark sweep GC freed 3(96B) AllocSpace objects, 0(0B) LOS objects, 28% free, 41MB/57MB, paused 1.720ms total 58.908ms
08-05 04:10:34.693 28464 28475 I art     : Starting a blocking GC Explicit
08-05 04:10:34.751 28464 28475 I art     : Explicit concurrent mark sweep GC freed 1657(64KB) AllocSpace objects, 0(0B) LOS objects, 27% free, 41MB/57MB, paused 2.037ms total 57.368ms
08-05 04:10:34.789 28464  3382 E baseline.com.newsblur.network.APIResponse: Error (unexpected end of stream on https://www.newsblur.com/...) calling https://www.newsblur.com/reader/mark_story_hashes_as_read/
08-05 04:10:34.789 28464  3382 E baseline.com.newsblur.network.APIResponse: java.io.IOException: unexpected end of stream on https://www.newsblur.com/...
08-05 04:10:34.789 28464  3382 E baseline.com.newsblur.network.APIResponse: 	at okhttp3.internal.http1.Http1ExchangeCodec.readResponseHeaders(Http1ExchangeCodec.java:236)
08-05 04:10:34.789 28464  3382 E baseline.com.newsblur.network.APIResponse: 	at okhttp3.internal.connection.Exchange.readResponseHeaders(Exchange.java:115)
08-05 04:10:34.789 28464  3382 E baseline.com.newsblur.network.APIResponse: 	at okhttp3.internal.http.CallServerInterceptor.intercept(CallServerInterceptor.java:94)
08-05 04:10:34.789 28464  3382 E baseline.com.newsblur.network.APIResponse: 	at okhttp3.internal.http.RealInterceptorChain.proceed(RealInterceptorChain.java:142)
08-05 04:10:34.789 28464  3382 E baseline.com.newsblur.network.APIResponse: 	at okhttp3.internal.connection.ConnectInterceptor.intercept(ConnectInterceptor.java:43)
08-05 04:10:34.789 28464  3382 E baseline.com.newsblur.network.APIResponse: 	at okhttp3.internal.http.RealInterceptorChain.proceed(RealInterceptorChain.java:142)
08-05 04:10:34.789 28464  3382 E baseline.com.newsblur.network.APIResponse: 	at okhttp3.internal.http.RealInterceptorChain.proceed(RealInterceptorChain.java:117)
08-05 04:10:34.789 28464  3382 E baseline.com.newsblur.network.APIResponse: 	at okhttp3.internal.cache.CacheInterceptor.intercept(CacheInterceptor.java:94)
08-05 04:10:34.789 28464  3382 E baseline.com.newsblur.network.APIResponse: 	at okhttp3.internal.http.RealInterceptorChain.proceed(RealInterceptorChain.java:142)
08-05 04:10:34.789 28464  3382 E baseline.com.newsblur.network.APIResponse: 	at okhttp3.internal.http.RealInterceptorChain.proceed(RealInterceptorChain.java:117)
08-05 04:10:34.789 28464  3382 E baseline.com.newsblur.network.APIResponse: 	at okhttp3.internal.http.BridgeInterceptor.intercept(BridgeInterceptor.java:93)
08-05 04:10:34.789 28464  3382 E baseline.com.newsblur.network.APIResponse: 	at okhttp3.internal.http.RealInterceptorChain.proceed(RealInterceptorChain.java:142)
08-05 04:10:34.789 28464  3382 E baseline.com.newsblur.network.APIResponse: 	at okhttp3.internal.http.RetryAndFollowUpInterceptor.intercept(RetryAndFollowUpInterceptor.java:88)
08-05 04:10:34.789 28464  3382 E baseline.com.newsblur.network.APIResponse: 	at okhttp3.internal.http.RealInterceptorChain.proceed(RealInterceptorChain.java:142)
08-05 04:10:34.789 28464  3382 E baseline.com.newsblur.network.APIResponse: 	at okhttp3.internal.http.RealInterceptorChain.proceed(RealInterceptorChain.java:117)
08-05 04:10:34.789 28464  3382 E baseline.com.newsblur.network.APIResponse: 	at okhttp3.RealCall.getResponseWithInterceptorChain(RealCall.java:229)
08-05 04:10:34.789 28464  3382 E baseline.com.newsblur.network.APIResponse: 	at okhttp3.RealCall.execute(RealCall.java:81)
08-05 04:10:34.789 28464  3382 E baseline.com.newsblur.network.APIResponse: 	at baseline.com.newsblur.network.APIResponse.<init>(APIResponse.java:57)
08-05 04:10:34.789 28464  3382 E baseline.com.newsblur.network.APIResponse: 	at baseline.com.newsblur.network.APIResponse.<init>(APIResponse.java:43)
08-05 04:10:34.789 28464  3382 E baseline.com.newsblur.network.APIResponse: 	at baseline.com.newsblur.network.APIManager.post_single(APIManager.java:702)
08-05 04:10:34.789 28464  3382 E baseline.com.newsblur.network.APIResponse: 	at baseline.com.newsblur.network.APIManager.post(APIManager.java:675)
08-05 04:10:34.789 28464  3382 E baseline.com.newsblur.network.APIResponse: 	at baseline.com.newsblur.network.APIManager.post(APIManager.java:714)
08-05 04:10:34.789 28464  3382 E baseline.com.newsblur.network.APIResponse: 	at baseline.com.newsblur.network.APIManager.markStoryAsRead(APIManager.java:205)
08-05 04:10:34.789 28464  3382 E baseline.com.newsblur.network.APIResponse: 	at baseline.com.newsblur.util.ReadingAction.doRemote(ReadingAction.java:281)
08-05 04:10:34.789 28464  3382 E baseline.com.newsblur.network.APIResponse: 	at baseline.com.newsblur.service.NBSyncService.syncActions(NBSyncService.java:400)
08-05 04:10:34.789 28464  3382 E baseline.com.newsblur.network.APIResponse: 	at baseline.com.newsblur.service.NBSyncService.doSync(NBSyncService.java:298)
08-05 04:10:34.789 28464  3382 E baseline.com.newsblur.network.APIResponse: 	at baseline.com.newsblur.service.NBSyncService.access$100(NBSyncService.java:67)
08-05 04:10:34.789 28464  3382 E baseline.com.newsblur.network.APIResponse: 	at baseline.com.newsblur.service.NBSyncService$1.run(NBSyncService.java:188)
08-05 04:10:34.789 28464  3382 E baseline.com.newsblur.network.APIResponse: 	at java.util.concurrent.ThreadPoolExecutor.runWorker(ThreadPoolExecutor.java:1113)
08-05 04:10:34.789 28464  3382 E baseline.com.newsblur.network.APIResponse: 	at java.util.concurrent.ThreadPoolExecutor$Worker.run(ThreadPoolExecutor.java:588)
08-05 04:10:34.789 28464  3382 E baseline.com.newsblur.network.APIResponse: 	at java.lang.Thread.run(Thread.java:818)
08-05 04:10:34.789 28464  3382 E baseline.com.newsblur.network.APIResponse: Caused by: java.io.EOFException: \n not found: limit=0 content=
08-05 04:10:34.789 28464  3382 E baseline.com.newsblur.network.APIResponse: 	at okio.RealBufferedSource.readUtf8LineStrict(RealBufferedSource.java:240)
08-05 04:10:34.789 28464  3382 E baseline.com.newsblur.network.APIResponse: 	at okhttp3.internal.http1.Http1ExchangeCodec.readHeaderLine(Http1ExchangeCodec.java:242)
08-05 04:10:34.789 28464  3382 E baseline.com.newsblur.network.APIResponse: 	at okhttp3.internal.http1.Http1ExchangeCodec.readResponseHeaders(Http1ExchangeCodec.java:213)
08-05 04:10:34.789 28464  3382 E baseline.com.newsblur.network.APIResponse: 	... 30 more
08-05 04:10:34.792 28464  3382 I baseline.com.newsblur.network.APIManager: API call failed, pausing before retry number 2
08-05 04:10:35.133 28464  2651 I art     : Starting a blocking GC Explicit
08-05 04:10:35.197 28464  2651 I art     : Explicit concurrent mark sweep GC freed 2346(294KB) AllocSpace objects, 3(60KB) LOS objects, 28% free, 41MB/57MB, paused 1.571ms total 62.830ms
08-05 04:10:35.213 28464  2651 I art     : Starting a blocking GC Explicit
08-05 04:10:35.268 28464  2651 I art     : Explicit concurrent mark sweep GC freed 77(2976B) AllocSpace objects, 0(0B) LOS objects, 28% free, 41MB/57MB, paused 1.499ms total 54.584ms
08-05 04:10:35.282 28464  2651 I art     : Starting a blocking GC Explicit
08-05 04:10:35.342 28464  2651 I art     : Explicit concurrent mark sweep GC freed 3(96B) AllocSpace objects, 0(0B) LOS objects, 28% free, 41MB/57MB, paused 1.579ms total 58.968ms
08-05 04:10:35.357 28464  2651 I art     : Starting a blocking GC Explicit
08-05 04:10:35.414 28464  2651 I art     : Explicit concurrent mark sweep GC freed 3(96B) AllocSpace objects, 0(0B) LOS objects, 28% free, 41MB/57MB, paused 1.541ms total 57.094ms
08-05 04:10:35.429 28464  2651 I art     : Starting a blocking GC Explicit
08-05 04:10:35.489 28464  2651 I art     : Explicit concurrent mark sweep GC freed 3(96B) AllocSpace objects, 0(0B) LOS objects, 28% free, 41MB/57MB, paused 1.598ms total 60.452ms
08-05 04:10:35.522   518   646 I ThermalEngine: ACTION: GPU - Setting GPU[0] to 510000000
08-05 04:10:35.846 28464  2648 I art     : Starting a blocking GC Explicit
08-05 04:10:35.892 28464  2648 I art     : Explicit concurrent mark sweep GC freed 1446(83KB) AllocSpace objects, 1(20KB) LOS objects, 28% free, 41MB/57MB, paused 1.153ms total 45.545ms
08-05 04:10:35.906 28464  2648 I art     : Starting a blocking GC Explicit
08-05 04:10:35.949 28464  2648 I art     : Explicit concurrent mark sweep GC freed 22(784B) AllocSpace objects, 0(0B) LOS objects, 28% free, 41MB/57MB, paused 1.161ms total 42.710ms
08-05 04:10:35.960 28464  2648 I art     : Starting a blocking GC Explicit
08-05 04:10:36.003 28464  2648 I art     : Explicit concurrent mark sweep GC freed 3(96B) AllocSpace objects, 0(0B) LOS objects, 28% free, 41MB/57MB, paused 1.065ms total 42.366ms
08-05 04:10:36.014 28464  2648 I art     : Starting a blocking GC Explicit
08-05 04:10:36.058 28464  2648 I art     : Explicit concurrent mark sweep GC freed 3(96B) AllocSpace objects, 0(0B) LOS objects, 28% free, 41MB/57MB, paused 1.218ms total 43.771ms
08-05 04:10:36.069 28464  2648 I art     : Starting a blocking GC Explicit
08-05 04:10:36.113 28464  2648 I art     : Explicit concurrent mark sweep GC freed 3(96B) AllocSpace objects, 0(0B) LOS objects, 28% free, 41MB/57MB, paused 1.139ms total 43.773ms
08-05 04:10:36.477 28464 28476 I art     : Starting a blocking GC Explicit
08-05 04:10:36.522 28464 28476 I art     : Explicit concurrent mark sweep GC freed 1446(83KB) AllocSpace objects, 1(20KB) LOS objects, 28% free, 41MB/57MB, paused 1.173ms total 44.469ms
08-05 04:10:36.535 28464 28476 I art     : Starting a blocking GC Explicit
08-05 04:10:36.579 28464 28476 I art     : Explicit concurrent mark sweep GC freed 22(784B) AllocSpace objects, 0(0B) LOS objects, 28% free, 41MB/57MB, paused 1.176ms total 43.833ms
08-05 04:10:36.590 28464 28476 I art     : Starting a blocking GC Explicit
08-05 04:10:36.634 28464 28476 I art     : Explicit concurrent mark sweep GC freed 3(96B) AllocSpace objects, 0(0B) LOS objects, 28% free, 41MB/57MB, paused 1.114ms total 43.424ms
08-05 04:10:36.645 28464 28476 I art     : Starting a blocking GC Explicit
08-05 04:10:36.689 28464 28476 I art     : Explicit concurrent mark sweep GC freed 3(96B) AllocSpace objects, 0(0B) LOS objects, 28% free, 41MB/57MB, paused 1.188ms total 43.696ms
08-05 04:10:36.700 28464 28476 I art     : Starting a blocking GC Explicit
08-05 04:10:36.746 28464 28476 I art     : Explicit concurrent mark sweep GC freed 3(96B) AllocSpace objects, 0(0B) LOS objects, 28% free, 41MB/57MB, paused 1.261ms total 45.334ms
08-05 04:10:37.115 28464 28475 I art     : Starting a blocking GC Explicit
08-05 04:10:37.159   918  3188 I hubconnection: sensorhub said: 'set_bias 3: -6.0096, 0.0000, 0.0000'
08-05 04:10:37.161 28464 28475 I art     : Explicit concurrent mark sweep GC freed 1445(83KB) AllocSpace objects, 1(20KB) LOS objects, 28% free, 41MB/57MB, paused 1.127ms total 45.749ms
08-05 04:10:37.172 28464 28475 I art     : Starting a blocking GC Explicit
08-05 04:10:37.216 28464 28475 I art     : Explicit concurrent mark sweep GC freed 22(784B) AllocSpace objects, 0(0B) LOS objects, 28% free, 41MB/57MB, paused 1.142ms total 43.716ms
08-05 04:10:37.228 28464 28475 I art     : Starting a blocking GC Explicit
08-05 04:10:37.272 28464 28475 I art     : Explicit concurrent mark sweep GC freed 3(96B) AllocSpace objects, 0(0B) LOS objects, 28% free, 41MB/57MB, paused 1.088ms total 43.673ms
08-05 04:10:37.283 28464 28475 I art     : Starting a blocking GC Explicit
08-05 04:10:37.326 28464 28475 I art     : Explicit concurrent mark sweep GC freed 3(96B) AllocSpace objects, 0(0B) LOS objects, 28% free, 41MB/57MB, paused 1.142ms total 43.398ms
08-05 04:10:37.337 28464 28475 I art     : Starting a blocking GC Explicit
08-05 04:10:37.381 28464 28475 I art     : Explicit concurrent mark sweep GC freed 3(96B) AllocSpace objects, 0(0B) LOS objects, 28% free, 41MB/57MB, paused 1.044ms total 43.592ms
08-05 04:10:37.760 28464  2651 I art     : Starting a blocking GC Explicit
08-05 04:10:37.806 28464  2651 I art     : Explicit concurrent mark sweep GC freed 1535(86KB) AllocSpace objects, 1(20KB) LOS objects, 28% free, 41MB/57MB, paused 1.186ms total 45.240ms
08-05 04:10:37.817 28464  2651 I art     : Starting a blocking GC Explicit
08-05 04:10:37.862 28464  2651 I art     : Explicit concurrent mark sweep GC freed 28(1040B) AllocSpace objects, 0(0B) LOS objects, 28% free, 41MB/57MB, paused 1.240ms total 44.808ms
08-05 04:10:37.873 28464  2651 I art     : Starting a blocking GC Explicit
08-05 04:10:37.918 28464  2651 I art     : Explicit concurrent mark sweep GC freed 68(4KB) AllocSpace objects, 0(0B) LOS objects, 28% free, 41MB/57MB, paused 1.360ms total 44.194ms
08-05 04:10:37.929 28464  2651 I art     : Starting a blocking GC Explicit
08-05 04:10:37.974 28464  2651 I art     : Explicit concurrent mark sweep GC freed 12(1408B) AllocSpace objects, 0(0B) LOS objects, 28% free, 41MB/57MB, paused 1.204ms total 44.662ms
08-05 04:10:37.985 28464  2651 I art     : Starting a blocking GC Explicit
08-05 04:10:38.030 28464  2651 I art     : Explicit concurrent mark sweep GC freed 3(96B) AllocSpace objects, 0(0B) LOS objects, 28% free, 41MB/57MB, paused 1.252ms total 44.260ms
08-05 04:10:38.378 28464  2648 I art     : Starting a blocking GC Explicit
08-05 04:10:38.424 28464  2648 I art     : Explicit concurrent mark sweep GC freed 1444(83KB) AllocSpace objects, 1(20KB) LOS objects, 28% free, 41MB/57MB, paused 1.200ms total 45.055ms
08-05 04:10:38.435 28464  2648 I art     : Starting a blocking GC Explicit
08-05 04:10:38.479 28464  2648 I art     : Explicit concurrent mark sweep GC freed 22(784B) AllocSpace objects, 0(0B) LOS objects, 28% free, 41MB/57MB, paused 1.233ms total 44.334ms
08-05 04:10:38.491 28464  2648 I art     : Starting a blocking GC Explicit
08-05 04:10:38.535 28464  2648 I art     : Explicit concurrent mark sweep GC freed 3(96B) AllocSpace objects, 0(0B) LOS objects, 28% free, 41MB/57MB, paused 1.220ms total 44.405ms
08-05 04:10:38.547 28464  2648 I art     : Starting a blocking GC Explicit
08-05 04:10:38.592 28464  2648 I art     : Explicit concurrent mark sweep GC freed 3(96B) AllocSpace objects, 0(0B) LOS objects, 28% free, 41MB/57MB, paused 1.209ms total 44.782ms
08-05 04:10:38.603 28464  2648 I art     : Starting a blocking GC Explicit
08-05 04:10:38.647 28464  2648 I art     : Explicit concurrent mark sweep GC freed 1667(64KB) AllocSpace objects, 0(0B) LOS objects, 27% free, 41MB/57MB, paused 1.220ms total 44.219ms
08-05 04:10:38.670 28464  3382 E baseline.com.newsblur.network.APIResponse: Error (unexpected end of stream on https://www.newsblur.com/...) calling https://www.newsblur.com/reader/mark_story_hashes_as_read/
08-05 04:10:38.670 28464  3382 E baseline.com.newsblur.network.APIResponse: java.io.IOException: unexpected end of stream on https://www.newsblur.com/...
08-05 04:10:38.670 28464  3382 E baseline.com.newsblur.network.APIResponse: 	at okhttp3.internal.http1.Http1ExchangeCodec.readResponseHeaders(Http1ExchangeCodec.java:236)
08-05 04:10:38.670 28464  3382 E baseline.com.newsblur.network.APIResponse: 	at okhttp3.internal.connection.Exchange.readResponseHeaders(Exchange.java:115)
08-05 04:10:38.670 28464  3382 E baseline.com.newsblur.network.APIResponse: 	at okhttp3.internal.http.CallServerInterceptor.intercept(CallServerInterceptor.java:94)
08-05 04:10:38.670 28464  3382 E baseline.com.newsblur.network.APIResponse: 	at okhttp3.internal.http.RealInterceptorChain.proceed(RealInterceptorChain.java:142)
08-05 04:10:38.670 28464  3382 E baseline.com.newsblur.network.APIResponse: 	at okhttp3.internal.connection.ConnectInterceptor.intercept(ConnectInterceptor.java:43)
08-05 04:10:38.670 28464  3382 E baseline.com.newsblur.network.APIResponse: 	at okhttp3.internal.http.RealInterceptorChain.proceed(RealInterceptorChain.java:142)
08-05 04:10:38.670 28464  3382 E baseline.com.newsblur.network.APIResponse: 	at okhttp3.internal.http.RealInterceptorChain.proceed(RealInterceptorChain.java:117)
08-05 04:10:38.670 28464  3382 E baseline.com.newsblur.network.APIResponse: 	at okhttp3.internal.cache.CacheInterceptor.intercept(CacheInterceptor.java:94)
08-05 04:10:38.670 28464  3382 E baseline.com.newsblur.network.APIResponse: 	at okhttp3.internal.http.RealInterceptorChain.proceed(RealInterceptorChain.java:142)
08-05 04:10:38.670 28464  3382 E baseline.com.newsblur.network.APIResponse: 	at okhttp3.internal.http.RealInterceptorChain.proceed(RealInterceptorChain.java:117)
08-05 04:10:38.670 28464  3382 E baseline.com.newsblur.network.APIResponse: 	at okhttp3.internal.http.BridgeInterceptor.intercept(BridgeInterceptor.java:93)
08-05 04:10:38.670 28464  3382 E baseline.com.newsblur.network.APIResponse: 	at okhttp3.internal.http.RealInterceptorChain.proceed(RealInterceptorChain.java:142)
08-05 04:10:38.670 28464  3382 E baseline.com.newsblur.network.APIResponse: 	at okhttp3.internal.http.RetryAndFollowUpInterceptor.intercept(RetryAndFollowUpInterceptor.java:88)
08-05 04:10:38.670 28464  3382 E baseline.com.newsblur.network.APIResponse: 	at okhttp3.internal.http.RealInterceptorChain.proceed(RealInterceptorChain.java:142)
08-05 04:10:38.670 28464  3382 E baseline.com.newsblur.network.APIResponse: 	at okhttp3.internal.http.RealInterceptorChain.proceed(RealInterceptorChain.java:117)
08-05 04:10:38.670 28464  3382 E baseline.com.newsblur.network.APIResponse: 	at okhttp3.RealCall.getResponseWithInterceptorChain(RealCall.java:229)
08-05 04:10:38.670 28464  3382 E baseline.com.newsblur.network.APIResponse: 	at okhttp3.RealCall.execute(RealCall.java:81)
08-05 04:10:38.670 28464  3382 E baseline.com.newsblur.network.APIResponse: 	at baseline.com.newsblur.network.APIResponse.<init>(APIResponse.java:57)
08-05 04:10:38.670 28464  3382 E baseline.com.newsblur.network.APIResponse: 	at baseline.com.newsblur.network.APIResponse.<init>(APIResponse.java:43)
08-05 04:10:38.670 28464  3382 E baseline.com.newsblur.network.APIResponse: 	at baseline.com.newsblur.network.APIManager.post_single(APIManager.java:702)
08-05 04:10:38.670 28464  3382 E baseline.com.newsblur.network.APIResponse: 	at baseline.com.newsblur.network.APIManager.post(APIManager.java:675)
08-05 04:10:38.670 28464  3382 E baseline.com.newsblur.network.APIResponse: 	at baseline.com.newsblur.network.APIManager.post(APIManager.java:714)
08-05 04:10:38.670 28464  3382 E baseline.com.newsblur.network.APIResponse: 	at baseline.com.newsblur.network.APIManager.markStoryAsRead(APIManager.java:205)
08-05 04:10:38.670 28464  3382 E baseline.com.newsblur.network.APIResponse: 	at baseline.com.newsblur.util.ReadingAction.doRemote(ReadingAction.java:281)
08-05 04:10:38.670 28464  3382 E baseline.com.newsblur.network.APIResponse: 	at baseline.com.newsblur.service.NBSyncService.syncActions(NBSyncService.java:400)
08-05 04:10:38.670 28464  3382 E baseline.com.newsblur.network.APIResponse: 	at baseline.com.newsblur.service.NBSyncService.doSync(NBSyncService.java:298)
08-05 04:10:38.670 28464  3382 E baseline.com.newsblur.network.APIResponse: 	at baseline.com.newsblur.service.NBSyncService.access$100(NBSyncService.java:67)
08-05 04:10:38.670 28464  3382 E baseline.com.newsblur.network.APIResponse: 	at baseline.com.newsblur.service.NBSyncService$1.run(NBSyncService.java:188)
08-05 04:10:38.670 28464  3382 E baseline.com.newsblur.network.APIResponse: 	at java.util.concurrent.ThreadPoolExecutor.runWorker(ThreadPoolExecutor.java:1113)
08-05 04:10:38.670 28464  3382 E baseline.com.newsblur.network.APIResponse: 	at java.util.concurrent.ThreadPoolExecutor$Worker.run(ThreadPoolExecutor.java:588)
08-05 04:10:38.670 28464  3382 E baseline.com.newsblur.network.APIResponse: 	at java.lang.Thread.run(Thread.java:818)
08-05 04:10:38.670 28464  3382 E baseline.com.newsblur.network.APIResponse: Caused by: java.io.EOFException: \n not found: limit=0 content=
08-05 04:10:38.670 28464  3382 E baseline.com.newsblur.network.APIResponse: 	at okio.RealBufferedSource.readUtf8LineStrict(RealBufferedSource.java:240)
08-05 04:10:38.670 28464  3382 E baseline.com.newsblur.network.APIResponse: 	at okhttp3.internal.http1.Http1ExchangeCodec.readHeaderLine(Http1ExchangeCodec.java:242)
08-05 04:10:38.670 28464  3382 E baseline.com.newsblur.network.APIResponse: 	at okhttp3.internal.http1.Http1ExchangeCodec.readResponseHeaders(Http1ExchangeCodec.java:213)
08-05 04:10:38.670 28464  3382 E baseline.com.newsblur.network.APIResponse: 	... 30 more
08-05 04:10:38.671 28464  3382 I baseline.com.newsblur.service.NBSyncService: Holding reading action with server-side or network error.
08-05 04:10:38.681 28464  3382 W baseline.com.newsblur.service.NBSyncService: hard API failure
08-05 04:10:39.007 28464 28476 I art     : Starting a blocking GC Explicit
08-05 04:10:39.054 28464 28476 I art     : Explicit concurrent mark sweep GC freed 2741(344KB) AllocSpace objects, 5(100KB) LOS objects, 28% free, 41MB/57MB, paused 1.212ms total 46.892ms
08-05 04:10:39.065 28464 28476 I art     : Starting a blocking GC Explicit
08-05 04:10:39.110 28464 28476 I art     : Explicit concurrent mark sweep GC freed 90(3KB) AllocSpace objects, 0(0B) LOS objects, 28% free, 41MB/57MB, paused 1.204ms total 44.988ms
08-05 04:10:39.122 28464 28476 I art     : Starting a blocking GC Explicit
08-05 04:10:39.167 28464 28476 I art     : Explicit concurrent mark sweep GC freed 1602(63KB) AllocSpace objects, 0(0B) LOS objects, 27% free, 41MB/57MB, paused 1.228ms total 45.149ms
08-05 04:10:39.178 28464 28476 I art     : Starting a blocking GC Explicit
08-05 04:10:39.189 28464  3382 E baseline.com.newsblur.network.APIResponse: Error (unexpected end of stream on https://www.newsblur.com/...) calling https://www.newsblur.com/reader/mark_story_hashes_as_read/
08-05 04:10:39.189 28464  3382 E baseline.com.newsblur.network.APIResponse: java.io.IOException: unexpected end of stream on https://www.newsblur.com/...
08-05 04:10:39.189 28464  3382 E baseline.com.newsblur.network.APIResponse: 	at okhttp3.internal.http1.Http1ExchangeCodec.readResponseHeaders(Http1ExchangeCodec.java:236)
08-05 04:10:39.189 28464  3382 E baseline.com.newsblur.network.APIResponse: 	at okhttp3.internal.connection.Exchange.readResponseHeaders(Exchange.java:115)
08-05 04:10:39.189 28464  3382 E baseline.com.newsblur.network.APIResponse: 	at okhttp3.internal.http.CallServerInterceptor.intercept(CallServerInterceptor.java:94)
08-05 04:10:39.189 28464  3382 E baseline.com.newsblur.network.APIResponse: 	at okhttp3.internal.http.RealInterceptorChain.proceed(RealInterceptorChain.java:142)
08-05 04:10:39.189 28464  3382 E baseline.com.newsblur.network.APIResponse: 	at okhttp3.internal.connection.ConnectInterceptor.intercept(ConnectInterceptor.java:43)
08-05 04:10:39.189 28464  3382 E baseline.com.newsblur.network.APIResponse: 	at okhttp3.internal.http.RealInterceptorChain.proceed(RealInterceptorChain.java:142)
08-05 04:10:39.189 28464  3382 E baseline.com.newsblur.network.APIResponse: 	at okhttp3.internal.http.RealInterceptorChain.proceed(RealInterceptorChain.java:117)
08-05 04:10:39.189 28464  3382 E baseline.com.newsblur.network.APIResponse: 	at okhttp3.internal.cache.CacheInterceptor.intercept(CacheInterceptor.java:94)
08-05 04:10:39.189 28464  3382 E baseline.com.newsblur.network.APIResponse: 	at okhttp3.internal.http.RealInterceptorChain.proceed(RealInterceptorChain.java:142)
08-05 04:10:39.189 28464  3382 E baseline.com.newsblur.network.APIResponse: 	at okhttp3.internal.http.RealInterceptorChain.proceed(RealInterceptorChain.java:117)
08-05 04:10:39.189 28464  3382 E baseline.com.newsblur.network.APIResponse: 	at okhttp3.internal.http.BridgeInterceptor.intercept(BridgeInterceptor.java:93)
08-05 04:10:39.189 28464  3382 E baseline.com.newsblur.network.APIResponse: 	at okhttp3.internal.http.RealInterceptorChain.proceed(RealInterceptorChain.java:142)
08-05 04:10:39.189 28464  3382 E baseline.com.newsblur.network.APIResponse: 	at okhttp3.internal.http.RetryAndFollowUpInterceptor.intercept(RetryAndFollowUpInterceptor.java:88)
08-05 04:10:39.189 28464  3382 E baseline.com.newsblur.network.APIResponse: 	at okhttp3.internal.http.RealInterceptorChain.proceed(RealInterceptorChain.java:142)
08-05 04:10:39.189 28464  3382 E baseline.com.newsblur.network.APIResponse: 	at okhttp3.internal.http.RealInterceptorChain.proceed(RealInterceptorChain.java:117)
08-05 04:10:39.189 28464  3382 E baseline.com.newsblur.network.APIResponse: 	at okhttp3.RealCall.getResponseWithInterceptorChain(RealCall.java:229)
08-05 04:10:39.189 28464  3382 E baseline.com.newsblur.network.APIResponse: 	at okhttp3.RealCall.execute(RealCall.java:81)
08-05 04:10:39.189 28464  3382 E baseline.com.newsblur.network.APIResponse: 	at baseline.com.newsblur.network.APIResponse.<init>(APIResponse.java:57)
08-05 04:10:39.189 28464  3382 E baseline.com.newsblur.network.APIResponse: 	at baseline.com.newsblur.network.APIResponse.<init>(APIResponse.java:43)
08-05 04:10:39.189 28464  3382 E baseline.com.newsblur.network.APIResponse: 	at baseline.com.newsblur.network.APIManager.post_single(APIManager.java:702)
08-05 04:10:39.189 28464  3382 E baseline.com.newsblur.network.APIResponse: 	at baseline.com.newsblur.network.APIManager.post(APIManager.java:675)
08-05 04:10:39.189 28464  3382 E baseline.com.newsblur.network.APIResponse: 	at baseline.com.newsblur.network.APIManager.post(APIManager.java:714)
08-05 04:10:39.189 28464  3382 E baseline.com.newsblur.network.APIResponse: 	at baseline.com.newsblur.network.APIManager.markStoryAsRead(APIManager.java:205)
08-05 04:10:39.189 28464  3382 E baseline.com.newsblur.network.APIResponse: 	at baseline.com.newsblur.util.ReadingAction.doRemote(ReadingAction.java:281)
08-05 04:10:39.189 28464  3382 E baseline.com.newsblur.network.APIResponse: 	at baseline.com.newsblur.service.NBSyncService.syncActions(NBSyncService.java:400)
08-05 04:10:39.189 28464  3382 E baseline.com.newsblur.network.APIResponse: 	at baseline.com.newsblur.service.NBSyncService.doSync(NBSyncService.java:298)
08-05 04:10:39.189 28464  3382 E baseline.com.newsblur.network.APIResponse: 	at baseline.com.newsblur.service.NBSyncService.access$100(NBSyncService.java:67)
08-05 04:10:39.189 28464  3382 E baseline.com.newsblur.network.APIResponse: 	at baseline.com.newsblur.service.NBSyncService$1.run(NBSyncService.java:188)
08-05 04:10:39.189 28464  3382 E baseline.com.newsblur.network.APIResponse: 	at java.util.concurrent.ThreadPoolExecutor.runWorker(ThreadPoolExecutor.java:1113)
08-05 04:10:39.189 28464  3382 E baseline.com.newsblur.network.APIResponse: 	at java.util.concurrent.ThreadPoolExecutor$Worker.run(ThreadPoolExecutor.java:588)
08-05 04:10:39.189 28464  3382 E baseline.com.newsblur.network.APIResponse: 	at java.lang.Thread.run(Thread.java:818)
08-05 04:10:39.189 28464  3382 E baseline.com.newsblur.network.APIResponse: Caused by: java.io.EOFException: \n not found: limit=0 content=
08-05 04:10:39.189 28464  3382 E baseline.com.newsblur.network.APIResponse: 	at okio.RealBufferedSource.readUtf8LineStrict(RealBufferedSource.java:240)
08-05 04:10:39.189 28464  3382 E baseline.com.newsblur.network.APIResponse: 	at okhttp3.internal.http1.Http1ExchangeCodec.readHeaderLine(Http1ExchangeCodec.java:242)
08-05 04:10:39.189 28464  3382 E baseline.com.newsblur.network.APIResponse: 	at okhttp3.internal.http1.Http1ExchangeCodec.readResponseHeaders(Http1ExchangeCodec.java:213)
08-05 04:10:39.189 28464  3382 E baseline.com.newsblur.network.APIResponse: 	... 30 more
08-05 04:10:39.192 28464  3382 I baseline.com.newsblur.network.APIManager: API call failed, pausing before retry number 1
08-05 04:10:39.222 28464 28476 I art     : Explicit concurrent mark sweep GC freed 889(198KB) AllocSpace objects, 2(40KB) LOS objects, 27% free, 41MB/57MB, paused 1.210ms total 43.700ms
08-05 04:10:39.234 28464 28476 I art     : Starting a blocking GC Explicit
08-05 04:10:39.279 28464 28476 I art     : Explicit concurrent mark sweep GC freed 105(16KB) AllocSpace objects, 0(0B) LOS objects, 28% free, 41MB/57MB, paused 1.145ms total 44.454ms
08-05 04:10:39.284   918  3261 D WifiStateMachine: starting scan for "H369AA63323"WPA_PSK with 2412,5180
08-05 04:10:39.649 28464 28475 I art     : Starting a blocking GC Explicit
08-05 04:10:39.695 28464 28475 I art     : Explicit concurrent mark sweep GC freed 1466(83KB) AllocSpace objects, 1(20KB) LOS objects, 28% free, 41MB/57MB, paused 1.134ms total 45.036ms
08-05 04:10:39.705 28464 28475 I art     : Starting a blocking GC Explicit
08-05 04:10:39.748 28464 28475 I art     : Explicit concurrent mark sweep GC freed 22(784B) AllocSpace objects, 0(0B) LOS objects, 28% free, 41MB/57MB, paused 1.243ms total 42.575ms
08-05 04:10:39.759 28464 28475 I art     : Starting a blocking GC Explicit
08-05 04:10:39.802 28464 28475 I art     : Explicit concurrent mark sweep GC freed 630(33KB) AllocSpace objects, 0(0B) LOS objects, 27% free, 41MB/57MB, paused 1.174ms total 42.705ms
08-05 04:10:39.813 28464 28475 I art     : Starting a blocking GC Explicit
08-05 04:10:39.856 28464 28475 I art     : Explicit concurrent mark sweep GC freed 442(17KB) AllocSpace objects, 0(0B) LOS objects, 27% free, 41MB/57MB, paused 1.150ms total 43.354ms
08-05 04:10:39.868 28464 28475 I art     : Starting a blocking GC Explicit
08-05 04:10:39.912 28464 28475 I art     : Explicit concurrent mark sweep GC freed 822(63KB) AllocSpace objects, 0(0B) LOS objects, 28% free, 41MB/57MB, paused 1.114ms total 43.907ms
08-05 04:10:40.275 28464  2651 I art     : Starting a blocking GC Explicit
08-05 04:10:40.321 28464  2651 I art     : Explicit concurrent mark sweep GC freed 5687(260KB) AllocSpace objects, 1(20KB) LOS objects, 27% free, 41MB/57MB, paused 1.240ms total 45.438ms
08-05 04:10:40.332 28464  2651 I art     : Starting a blocking GC Explicit
08-05 04:10:40.376 28464  2651 I art     : Explicit concurrent mark sweep GC freed 459(42KB) AllocSpace objects, 0(0B) LOS objects, 28% free, 41MB/57MB, paused 1.128ms total 43.855ms
08-05 04:10:40.388 28464  2651 I art     : Starting a blocking GC Explicit
08-05 04:10:40.432 28464  2651 I art     : Explicit concurrent mark sweep GC freed 49(1616B) AllocSpace objects, 0(0B) LOS objects, 28% free, 41MB/57MB, paused 1.142ms total 43.850ms
08-05 04:10:40.443 28464  2651 I art     : Starting a blocking GC Explicit
08-05 04:10:40.488 28464  2651 I art     : Explicit concurrent mark sweep GC freed 3(96B) AllocSpace objects, 0(0B) LOS objects, 28% free, 41MB/57MB, paused 1.192ms total 44.835ms
08-05 04:10:40.499 28464  2651 I art     : Starting a blocking GC Explicit
08-05 04:10:40.544 28464  2651 I art     : Explicit concurrent mark sweep GC freed 3(96B) AllocSpace objects, 0(0B) LOS objects, 28% free, 41MB/57MB, paused 1.155ms total 44.265ms
08-05 04:10:40.906 28464  2648 I art     : Starting a blocking GC Explicit
08-05 04:10:40.949 28464  2648 I art     : Explicit concurrent mark sweep GC freed 3494(167KB) AllocSpace objects, 1(20KB) LOS objects, 28% free, 41MB/57MB, paused 1.187ms total 42.808ms
08-05 04:10:40.960 28464  2648 I art     : Starting a blocking GC Explicit
08-05 04:10:41.003 28464  2648 I art     : Explicit concurrent mark sweep GC freed 174(18KB) AllocSpace objects, 0(0B) LOS objects, 28% free, 41MB/57MB, paused 1.067ms total 43.113ms
08-05 04:10:41.014 28464  2648 I art     : Starting a blocking GC Explicit
08-05 04:10:41.058 28464  2648 I art     : Explicit concurrent mark sweep GC freed 1619(63KB) AllocSpace objects, 0(0B) LOS objects, 28% free, 41MB/57MB, paused 1.186ms total 43.141ms
08-05 04:10:41.069 28464  2648 I art     : Starting a blocking GC Explicit
08-05 04:10:41.106 28464  3382 E baseline.com.newsblur.network.APIResponse: Error (unexpected end of stream on https://www.newsblur.com/...) calling https://www.newsblur.com/reader/mark_story_hashes_as_read/
08-05 04:10:41.106 28464  3382 E baseline.com.newsblur.network.APIResponse: java.io.IOException: unexpected end of stream on https://www.newsblur.com/...
08-05 04:10:41.106 28464  3382 E baseline.com.newsblur.network.APIResponse: 	at okhttp3.internal.http1.Http1ExchangeCodec.readResponseHeaders(Http1ExchangeCodec.java:236)
08-05 04:10:41.106 28464  3382 E baseline.com.newsblur.network.APIResponse: 	at okhttp3.internal.connection.Exchange.readResponseHeaders(Exchange.java:115)
08-05 04:10:41.106 28464  3382 E baseline.com.newsblur.network.APIResponse: 	at okhttp3.internal.http.CallServerInterceptor.intercept(CallServerInterceptor.java:94)
08-05 04:10:41.106 28464  3382 E baseline.com.newsblur.network.APIResponse: 	at okhttp3.internal.http.RealInterceptorChain.proceed(RealInterceptorChain.java:142)
08-05 04:10:41.106 28464  3382 E baseline.com.newsblur.network.APIResponse: 	at okhttp3.internal.connection.ConnectInterceptor.intercept(ConnectInterceptor.java:43)
08-05 04:10:41.106 28464  3382 E baseline.com.newsblur.network.APIResponse: 	at okhttp3.internal.http.RealInterceptorChain.proceed(RealInterceptorChain.java:142)
08-05 04:10:41.106 28464  3382 E baseline.com.newsblur.network.APIResponse: 	at okhttp3.internal.http.RealInterceptorChain.proceed(RealInterceptorChain.java:117)
08-05 04:10:41.106 28464  3382 E baseline.com.newsblur.network.APIResponse: 	at okhttp3.internal.cache.CacheInterceptor.intercept(CacheInterceptor.java:94)
08-05 04:10:41.106 28464  3382 E baseline.com.newsblur.network.APIResponse: 	at okhttp3.internal.http.RealInterceptorChain.proceed(RealInterceptorChain.java:142)
08-05 04:10:41.106 28464  3382 E baseline.com.newsblur.network.APIResponse: 	at okhttp3.internal.http.RealInterceptorChain.proceed(RealInterceptorChain.java:117)
08-05 04:10:41.106 28464  3382 E baseline.com.newsblur.network.APIResponse: 	at okhttp3.internal.http.BridgeInterceptor.intercept(BridgeInterceptor.java:93)
08-05 04:10:41.106 28464  3382 E baseline.com.newsblur.network.APIResponse: 	at okhttp3.internal.http.RealInterceptorChain.proceed(RealInterceptorChain.java:142)
08-05 04:10:41.106 28464  3382 E baseline.com.newsblur.network.APIResponse: 	at okhttp3.internal.http.RetryAndFollowUpInterceptor.intercept(RetryAndFollowUpInterceptor.java:88)
08-05 04:10:41.106 28464  3382 E baseline.com.newsblur.network.APIResponse: 	at okhttp3.internal.http.RealInterceptorChain.proceed(RealInterceptorChain.java:142)
08-05 04:10:41.106 28464  3382 E baseline.com.newsblur.network.APIResponse: 	at okhttp3.internal.http.RealInterceptorChain.proceed(RealInterceptorChain.java:117)
08-05 04:10:41.106 28464  3382 E baseline.com.newsblur.network.APIResponse: 	at okhttp3.RealCall.getResponseWithInterceptorChain(RealCall.java:229)
08-05 04:10:41.106 28464  3382 E baseline.com.newsblur.network.APIResponse: 	at okhttp3.RealCall.execute(RealCall.java:81)
08-05 04:10:41.106 28464  3382 E baseline.com.newsblur.network.APIResponse: 	at baseline.com.newsblur.network.APIResponse.<init>(APIResponse.java:57)
08-05 04:10:41.106 28464  3382 E baseline.com.newsblur.network.APIResponse: 	at baseline.com.newsblur.network.APIResponse.<init>(APIResponse.java:43)
08-05 04:10:41.106 28464  3382 E baseline.com.newsblur.network.APIResponse: 	at baseline.com.newsblur.network.APIManager.post_single(APIManager.java:702)
08-05 04:10:41.106 28464  3382 E baseline.com.newsblur.network.APIResponse: 	at baseline.com.newsblur.network.APIManager.post(APIManager.java:675)
08-05 04:10:41.106 28464  3382 E baseline.com.newsblur.network.APIResponse: 	at baseline.com.newsblur.network.APIManager.post(APIManager.java:714)
08-05 04:10:41.106 28464  3382 E baseline.com.newsblur.network.APIResponse: 	at baseline.com.newsblur.network.APIManager.markStoryAsRead(APIManager.java:205)
08-05 04:10:41.106 28464  3382 E baseline.com.newsblur.network.APIResponse: 	at baseline.com.newsblur.util.ReadingAction.doRemote(ReadingAction.java:281)
08-05 04:10:41.106 28464  3382 E baseline.com.newsblur.network.APIResponse: 	at baseline.com.newsblur.service.NBSyncService.syncActions(NBSyncService.java:400)
08-05 04:10:41.106 28464  3382 E baseline.com.newsblur.network.APIResponse: 	at baseline.com.newsblur.service.NBSyncService.doSync(NBSyncService.java:298)
08-05 04:10:41.106 28464  3382 E baseline.com.newsblur.network.APIResponse: 	at baseline.com.newsblur.service.NBSyncService.access$100(NBSyncService.java:67)
08-05 04:10:41.106 28464  3382 E baseline.com.newsblur.network.APIResponse: 	at baseline.com.newsblur.service.NBSyncService$1.run(NBSyncService.java:188)
08-05 04:10:41.106 28464  3382 E baseline.com.newsblur.network.APIResponse: 	at java.util.concurrent.ThreadPoolExecutor.runWorker(ThreadPoolExecutor.java:1113)
08-05 04:10:41.106 28464  3382 E baseline.com.newsblur.network.APIResponse: 	at java.util.concurrent.ThreadPoolExecutor$Worker.run(ThreadPoolExecutor.java:588)
08-05 04:10:41.106 28464  3382 E baseline.com.newsblur.network.APIResponse: 	at java.lang.Thread.run(Thread.java:818)
08-05 04:10:41.106 28464  3382 E baseline.com.newsblur.network.APIResponse: Caused by: java.io.EOFException: \n not found: limit=0 content=
08-05 04:10:41.106 28464  3382 E baseline.com.newsblur.network.APIResponse: 	at okio.RealBufferedSource.readUtf8LineStrict(RealBufferedSource.java:240)
08-05 04:10:41.106 28464  3382 E baseline.com.newsblur.network.APIResponse: 	at okhttp3.internal.http1.Http1ExchangeCodec.readHeaderLine(Http1ExchangeCodec.java:242)
08-05 04:10:41.106 28464  3382 E baseline.com.newsblur.network.APIResponse: 	at okhttp3.internal.http1.Http1ExchangeCodec.readResponseHeaders(Http1ExchangeCodec.java:213)
08-05 04:10:41.106 28464  3382 E baseline.com.newsblur.network.APIResponse: 	... 30 more
08-05 04:10:41.108 28464  3382 I baseline.com.newsblur.network.APIManager: API call failed, pausing before retry number 2
08-05 04:10:41.111 28464  2648 I art     : Explicit concurrent mark sweep GC freed 577(140KB) AllocSpace objects, 1(20KB) LOS objects, 27% free, 41MB/57MB, paused 1.198ms total 42.307ms
08-05 04:10:41.122 28464  2648 I art     : Starting a blocking GC Explicit
08-05 04:10:41.166 28464  2648 I art     : Explicit concurrent mark sweep GC freed 408(74KB) AllocSpace objects, 1(20KB) LOS objects, 28% free, 41MB/57MB, paused 1.237ms total 43.383ms
08-05 04:10:41.523 28464 28476 I art     : Starting a blocking GC Explicit
08-05 04:10:41.571 28464 28476 I art     : Explicit concurrent mark sweep GC freed 1479(84KB) AllocSpace objects, 1(20KB) LOS objects, 28% free, 41MB/57MB, paused 1.136ms total 47.553ms
08-05 04:10:41.584 28464 28476 I art     : Starting a blocking GC Explicit
08-05 04:10:41.626 28464 28476 I art     : Explicit concurrent mark sweep GC freed 22(784B) AllocSpace objects, 0(0B) LOS objects, 28% free, 41MB/57MB, paused 1.103ms total 41.386ms
08-05 04:10:41.637 28464 28476 I art     : Starting a blocking GC Explicit
08-05 04:10:41.680 28464 28476 I art     : Explicit concurrent mark sweep GC freed 3(96B) AllocSpace objects, 0(0B) LOS objects, 28% free, 41MB/57MB, paused 1.429ms total 42.616ms
08-05 04:10:41.691 28464 28476 I art     : Starting a blocking GC Explicit
08-05 04:10:41.733 28464 28476 I art     : Explicit concurrent mark sweep GC freed 3(96B) AllocSpace objects, 0(0B) LOS objects, 28% free, 41MB/57MB, paused 1.115ms total 42.108ms
08-05 04:10:41.744 28464 28476 I art     : Starting a blocking GC Explicit
08-05 04:10:41.788 28464 28476 I art     : Explicit concurrent mark sweep GC freed 3(96B) AllocSpace objects, 0(0B) LOS objects, 28% free, 41MB/57MB, paused 1.416ms total 43.644ms
08-05 04:10:42.151 28464 28475 I art     : Starting a blocking GC Explicit
08-05 04:10:42.195 28464 28475 I art     : Explicit concurrent mark sweep GC freed 1443(83KB) AllocSpace objects, 1(20KB) LOS objects, 28% free, 41MB/57MB, paused 1.077ms total 44.217ms
08-05 04:10:42.208 28464 28475 I art     : Starting a blocking GC Explicit
08-05 04:10:42.235  1294  1294 I Atfwd_Sendcmd: AtCmdFwd service not ready - Exhausted retry attempts - :6
08-05 04:10:42.235  1294  1294 I Atfwd_Daemon: result : -1 	 ,Init step :2 	 ,qmiErrorCode: 0
08-05 04:10:42.251 28464 28475 I art     : Explicit concurrent mark sweep GC freed 22(784B) AllocSpace objects, 0(0B) LOS objects, 28% free, 41MB/57MB, paused 1.123ms total 43.032ms
08-05 04:10:42.262 28464 28475 I art     : Starting a blocking GC Explicit
08-05 04:10:42.305 28464 28475 I art     : Explicit concurrent mark sweep GC freed 3(96B) AllocSpace objects, 0(0B) LOS objects, 28% free, 41MB/57MB, paused 1.110ms total 43.451ms
08-05 04:10:42.316 28464 28475 I art     : Starting a blocking GC Explicit
08-05 04:10:42.360 28464 28475 I art     : Explicit concurrent mark sweep GC freed 3(96B) AllocSpace objects, 0(0B) LOS objects, 28% free, 41MB/57MB, paused 1.128ms total 42.936ms
08-05 04:10:42.371 28464 28475 I art     : Starting a blocking GC Explicit
08-05 04:10:42.414 28464 28475 I art     : Explicit concurrent mark sweep GC freed 3(96B) AllocSpace objects, 0(0B) LOS objects, 28% free, 41MB/57MB, paused 1.083ms total 43.661ms
08-05 04:10:42.794 28464  2651 I art     : Starting a blocking GC Explicit
08-05 04:10:42.840 28464  2651 I art     : Explicit concurrent mark sweep GC freed 1443(83KB) AllocSpace objects, 1(20KB) LOS objects, 28% free, 41MB/57MB, paused 1.169ms total 45.840ms
08-05 04:10:42.853 28464  2651 I art     : Starting a blocking GC Explicit
08-05 04:10:42.896 28464  2651 I art     : Explicit concurrent mark sweep GC freed 22(784B) AllocSpace objects, 0(0B) LOS objects, 28% free, 41MB/57MB, paused 1.105ms total 42.443ms
08-05 04:10:42.907 28464  2651 I art     : Starting a blocking GC Explicit
08-05 04:10:42.949 28464  2651 I art     : Explicit concurrent mark sweep GC freed 3(96B) AllocSpace objects, 0(0B) LOS objects, 28% free, 41MB/57MB, paused 1.151ms total 42.137ms
08-05 04:10:42.960 28464  2651 I art     : Starting a blocking GC Explicit
08-05 04:10:43.004 28464  2651 I art     : Explicit concurrent mark sweep GC freed 3(96B) AllocSpace objects, 0(0B) LOS objects, 28% free, 41MB/57MB, paused 1.106ms total 43.712ms
08-05 04:10:43.015 28464  2651 I art     : Starting a blocking GC Explicit
08-05 04:10:43.058 28464  2651 I art     : Explicit concurrent mark sweep GC freed 3(96B) AllocSpace objects, 0(0B) LOS objects, 28% free, 41MB/57MB, paused 1.108ms total 43.016ms
08-05 04:10:43.393 28464  2648 I art     : Starting a blocking GC Explicit
08-05 04:10:43.438 28464  2648 I art     : Explicit concurrent mark sweep GC freed 1444(83KB) AllocSpace objects, 1(20KB) LOS objects, 28% free, 41MB/57MB, paused 1.217ms total 44.765ms
08-05 04:10:43.450 28464  2648 I art     : Starting a blocking GC Explicit
08-05 04:10:43.493 28464  2648 I art     : Explicit concurrent mark sweep GC freed 22(784B) AllocSpace objects, 0(0B) LOS objects, 28% free, 41MB/57MB, paused 1.152ms total 43.670ms
08-05 04:10:43.505 28464  2648 I art     : Starting a blocking GC Explicit
08-05 04:10:43.550 28464  2648 I art     : Explicit concurrent mark sweep GC freed 3(96B) AllocSpace objects, 0(0B) LOS objects, 28% free, 41MB/57MB, paused 1.118ms total 44.550ms
08-05 04:10:43.561 28464  2648 I art     : Starting a blocking GC Explicit
08-05 04:10:43.606 28464  2648 I art     : Explicit concurrent mark sweep GC freed 3(96B) AllocSpace objects, 0(0B) LOS objects, 28% free, 41MB/57MB, paused 1.092ms total 44.611ms
08-05 04:10:43.617 28464  2648 I art     : Starting a blocking GC Explicit
08-05 04:10:43.662 28464  2648 I art     : Explicit concurrent mark sweep GC freed 3(96B) AllocSpace objects, 0(0B) LOS objects, 28% free, 41MB/57MB, paused 1.085ms total 44.561ms
08-05 04:10:44.017 28464 28476 I art     : Starting a blocking GC Explicit
08-05 04:10:44.061 28464 28476 I art     : Explicit concurrent mark sweep GC freed 1443(83KB) AllocSpace objects, 1(20KB) LOS objects, 28% free, 41MB/57MB, paused 1.120ms total 43.329ms
08-05 04:10:44.061 28464 28474 I art     : WaitForGcToComplete blocked for 6.385ms for cause HeapTrim
08-05 04:10:44.072 28464 28476 I art     : Starting a blocking GC Explicit
08-05 04:10:44.115 28464 28476 I art     : Explicit concurrent mark sweep GC freed 88(3KB) AllocSpace objects, 0(0B) LOS objects, 28% free, 41MB/57MB, paused 1.193ms total 42.236ms
08-05 04:10:44.125 28464 28476 I art     : Starting a blocking GC Explicit
08-05 04:10:44.168 28464 28476 I art     : Explicit concurrent mark sweep GC freed 34(1408B) AllocSpace objects, 0(0B) LOS objects, 28% free, 41MB/57MB, paused 1.220ms total 42.451ms
08-05 04:10:44.179 28464 28476 I art     : Starting a blocking GC Explicit
08-05 04:10:44.222 28464 28476 I art     : Explicit concurrent mark sweep GC freed 3(96B) AllocSpace objects, 0(0B) LOS objects, 28% free, 41MB/57MB, paused 1.168ms total 43.209ms
08-05 04:10:44.233 28464 28476 I art     : Starting a blocking GC Explicit
08-05 04:10:44.278 28464 28476 I art     : Explicit concurrent mark sweep GC freed 71(5KB) AllocSpace objects, 0(0B) LOS objects, 28% free, 41MB/57MB, paused 1.240ms total 44.072ms
08-05 04:10:44.320  4442  4442 D AndroidRuntime: >>>>>> START com.android.internal.os.RuntimeInit uid 2000 <<<<<<
08-05 04:10:44.325  4442  4442 D AndroidRuntime: CheckJNI is OFF
08-05 04:10:44.357  4442  4442 D ICU     : No timezone override file found: /data/misc/zoneinfo/current/icu/icu_tzdata.dat
08-05 04:10:44.390  4442  4442 I Radio-JNI: register_android_hardware_Radio DONE
08-05 04:10:44.413  4442  4442 D AndroidRuntime: Calling main entry com.android.commands.input.Input
08-05 04:10:44.414  4442  4442 I Input   : injectKeyEvent: KeyEvent { action=ACTION_DOWN, keyCode=KEYCODE_BACK, scanCode=0, metaState=0, flags=0x0, repeatCount=0, eventTime=763860827, downTime=763860827, deviceId=-1, source=0x101 }
08-05 04:10:44.421  4442  4442 I Input   : injectKeyEvent: KeyEvent { action=ACTION_UP, keyCode=KEYCODE_BACK, scanCode=0, metaState=0, flags=0x0, repeatCount=0, eventTime=763860827, downTime=763860827, deviceId=-1, source=0x101 }
08-05 04:10:44.429  4442  4442 D AndroidRuntime: Shutting down VM
08-05 04:10:44.439 28464 28464 D baseline.com.newsblur.service.NBSyncService: rejecting request for feedset that is exhaused
08-05 04:10:44.443   918   937 W ProcessCpuTracker: Skipping unknown process pid 4451
08-05 04:10:44.567 28464 28464 D baseline.com.newsblur.service.NBSyncService: rejecting request for feedset that is exhaused
08-05 04:10:44.569 13866 13866 I GoogleInputMethodServic: GoogleInputMethodService.onFinishInput():3138 
08-05 04:10:44.570 13866 13866 I GoogleInputMethodServic: GoogleInputMethodService.onStartInput():1808 
08-05 04:10:44.578 28464 28475 I art     : Starting a blocking GC Explicit
08-05 04:10:44.623 28464 28475 I art     : Explicit concurrent mark sweep GC freed 2795(217KB) AllocSpace objects, 5(100KB) LOS objects, 28% free, 41MB/57MB, paused 1.034ms total 44.694ms
08-05 04:10:44.636 28464 28475 I art     : Starting a blocking GC Explicit
08-05 04:10:44.676 28464 28475 I art     : Explicit concurrent mark sweep GC freed 2231(107KB) AllocSpace objects, 0(0B) LOS objects, 28% free, 41MB/57MB, paused 1.446ms total 39.387ms
08-05 04:10:44.687 28464 28475 I art     : Starting a blocking GC Explicit
08-05 04:10:44.690 28464  3382 E baseline.com.newsblur.network.APIResponse: Error (unexpected end of stream on https://www.newsblur.com/...) calling https://www.newsblur.com/reader/mark_story_hashes_as_read/
08-05 04:10:44.690 28464  3382 E baseline.com.newsblur.network.APIResponse: java.io.IOException: unexpected end of stream on https://www.newsblur.com/...
08-05 04:10:44.690 28464  3382 E baseline.com.newsblur.network.APIResponse: 	at okhttp3.internal.http1.Http1ExchangeCodec.readResponseHeaders(Http1ExchangeCodec.java:236)
08-05 04:10:44.690 28464  3382 E baseline.com.newsblur.network.APIResponse: 	at okhttp3.internal.connection.Exchange.readResponseHeaders(Exchange.java:115)
08-05 04:10:44.690 28464  3382 E baseline.com.newsblur.network.APIResponse: 	at okhttp3.internal.http.CallServerInterceptor.intercept(CallServerInterceptor.java:94)
08-05 04:10:44.690 28464  3382 E baseline.com.newsblur.network.APIResponse: 	at okhttp3.internal.http.RealInterceptorChain.proceed(RealInterceptorChain.java:142)
08-05 04:10:44.690 28464  3382 E baseline.com.newsblur.network.APIResponse: 	at okhttp3.internal.connection.ConnectInterceptor.intercept(ConnectInterceptor.java:43)
08-05 04:10:44.690 28464  3382 E baseline.com.newsblur.network.APIResponse: 	at okhttp3.internal.http.RealInterceptorChain.proceed(RealInterceptorChain.java:142)
08-05 04:10:44.690 28464  3382 E baseline.com.newsblur.network.APIResponse: 	at okhttp3.internal.http.RealInterceptorChain.proceed(RealInterceptorChain.java:117)
08-05 04:10:44.690 28464  3382 E baseline.com.newsblur.network.APIResponse: 	at okhttp3.internal.cache.CacheInterceptor.intercept(CacheInterceptor.java:94)
08-05 04:10:44.690 28464  3382 E baseline.com.newsblur.network.APIResponse: 	at okhttp3.internal.http.RealInterceptorChain.proceed(RealInterceptorChain.java:142)
08-05 04:10:44.690 28464  3382 E baseline.com.newsblur.network.APIResponse: 	at okhttp3.internal.http.RealInterceptorChain.proceed(RealInterceptorChain.java:117)
08-05 04:10:44.690 28464  3382 E baseline.com.newsblur.network.APIResponse: 	at okhttp3.internal.http.BridgeInterceptor.intercept(BridgeInterceptor.java:93)
08-05 04:10:44.690 28464  3382 E baseline.com.newsblur.network.APIResponse: 	at okhttp3.internal.http.RealInterceptorChain.proceed(RealInterceptorChain.java:142)
08-05 04:10:44.690 28464  3382 E baseline.com.newsblur.network.APIResponse: 	at okhttp3.internal.http.RetryAndFollowUpInterceptor.intercept(RetryAndFollowUpInterceptor.java:88)
08-05 04:10:44.690 28464  3382 E baseline.com.newsblur.network.APIResponse: 	at okhttp3.internal.http.RealInterceptorChain.proceed(RealInterceptorChain.java:142)
08-05 04:10:44.690 28464  3382 E baseline.com.newsblur.network.APIResponse: 	at okhttp3.internal.http.RealInterceptorChain.proceed(RealInterceptorChain.java:117)
08-05 04:10:44.690 28464  3382 E baseline.com.newsblur.network.APIResponse: 	at okhttp3.RealCall.getResponseWithInterceptorChain(RealCall.java:229)
08-05 04:10:44.690 28464  3382 E baseline.com.newsblur.network.APIResponse: 	at okhttp3.RealCall.execute(RealCall.java:81)
08-05 04:10:44.690 28464  3382 E baseline.com.newsblur.network.APIResponse: 	at baseline.com.newsblur.network.APIResponse.<init>(APIResponse.java:57)
08-05 04:10:44.690 28464  3382 E baseline.com.newsblur.network.APIResponse: 	at baseline.com.newsblur.network.APIResponse.<init>(APIResponse.java:43)
08-05 04:10:44.690 28464  3382 E baseline.com.newsblur.network.APIResponse: 	at baseline.com.newsblur.network.APIManager.post_single(APIManager.java:702)
08-05 04:10:44.690 28464  3382 E baseline.com.newsblur.network.APIResponse: 	at baseline.com.newsblur.network.APIManager.post(APIManager.java:675)
08-05 04:10:44.690 28464  3382 E baseline.com.newsblur.network.APIResponse: 	at baseline.com.newsblur.network.APIManager.post(APIManager.java:714)
08-05 04:10:44.690 28464  3382 E baseline.com.newsblur.network.APIResponse: 	at baseline.com.newsblur.network.APIManager.markStoryAsRead(APIManager.java:205)
08-05 04:10:44.690 28464  3382 E baseline.com.newsblur.network.APIResponse: 	at baseline.com.newsblur.util.ReadingAction.doRemote(ReadingAction.java:281)
08-05 04:10:44.690 28464  3382 E baseline.com.newsblur.network.APIResponse: 	at baseline.com.newsblur.service.NBSyncService.syncActions(NBSyncService.java:400)
08-05 04:10:44.690 28464  3382 E baseline.com.newsblur.network.APIResponse: 	at baseline.com.newsblur.service.NBSyncService.doSync(NBSyncService.java:298)
08-05 04:10:44.690 28464  3382 E baseline.com.newsblur.network.APIResponse: 	at baseline.com.newsblur.service.NBSyncService.access$100(NBSyncService.java:67)
08-05 04:10:44.690 28464  3382 E baseline.com.newsblur.network.APIResponse: 	at baseline.com.newsblur.service.NBSyncService$1.run(NBSyncService.java:188)
08-05 04:10:44.690 28464  3382 E baseline.com.newsblur.network.APIResponse: 	at java.util.concurrent.ThreadPoolExecutor.runWorker(ThreadPoolExecutor.java:1113)
08-05 04:10:44.690 28464  3382 E baseline.com.newsblur.network.APIResponse: 	at java.util.concurrent.ThreadPoolExecutor$Worker.run(ThreadPoolExecutor.java:588)
08-05 04:10:44.690 28464  3382 E baseline.com.newsblur.network.APIResponse: 	at java.lang.Thread.run(Thread.java:818)
08-05 04:10:44.690 28464  3382 E baseline.com.newsblur.network.APIResponse: Caused by: java.io.EOFException: \n not found: limit=0 content=
08-05 04:10:44.690 28464  3382 E baseline.com.newsblur.network.APIResponse: 	at okio.RealBufferedSource.readUtf8LineStrict(RealBufferedSource.java:240)
08-05 04:10:44.690 28464  3382 E baseline.com.newsblur.network.APIResponse: 	at okhttp3.internal.http1.Http1ExchangeCodec.readHeaderLine(Http1ExchangeCodec.java:242)
08-05 04:10:44.690 28464  3382 E baseline.com.newsblur.network.APIResponse: 	at okhttp3.internal.http1.Http1ExchangeCodec.readResponseHeaders(Http1ExchangeCodec.java:213)
08-05 04:10:44.690 28464  3382 E baseline.com.newsblur.network.APIResponse: 	... 30 more
08-05 04:10:44.691 28464  3382 I baseline.com.newsblur.service.NBSyncService: Holding reading action with server-side or network error.
08-05 04:10:44.699 28464  3382 W baseline.com.newsblur.service.NBSyncService: hard API failure
08-05 04:10:44.726 28464 28475 I art     : Explicit concurrent mark sweep GC freed 1184(244KB) AllocSpace objects, 5(108KB) LOS objects, 28% free, 41MB/57MB, paused 1.052ms total 39.080ms
08-05 04:10:44.737 28464 28475 I art     : Starting a blocking GC Explicit
08-05 04:10:44.784 28464 28475 I art     : Explicit concurrent mark sweep GC freed 139(17KB) AllocSpace objects, 0(0B) LOS objects, 28% free, 41MB/57MB, paused 1.747ms total 46.253ms
08-05 04:10:44.797 28464 28475 I art     : Starting a blocking GC Explicit
08-05 04:10:44.851 28464 28475 I art     : Explicit concurrent mark sweep GC freed 25(832B) AllocSpace objects, 0(0B) LOS objects, 28% free, 41MB/57MB, paused 1.454ms total 53.488ms
08-05 04:10:45.111 28464  3382 E baseline.com.newsblur.network.APIResponse: Error (unexpected end of stream on https://www.newsblur.com/...) calling https://www.newsblur.com/reader/mark_story_hashes_as_read/
08-05 04:10:45.111 28464  3382 E baseline.com.newsblur.network.APIResponse: java.io.IOException: unexpected end of stream on https://www.newsblur.com/...
08-05 04:10:45.111 28464  3382 E baseline.com.newsblur.network.APIResponse: 	at okhttp3.internal.http1.Http1ExchangeCodec.readResponseHeaders(Http1ExchangeCodec.java:236)
08-05 04:10:45.111 28464  3382 E baseline.com.newsblur.network.APIResponse: 	at okhttp3.internal.connection.Exchange.readResponseHeaders(Exchange.java:115)
08-05 04:10:45.111 28464  3382 E baseline.com.newsblur.network.APIResponse: 	at okhttp3.internal.http.CallServerInterceptor.intercept(CallServerInterceptor.java:94)
08-05 04:10:45.111 28464  3382 E baseline.com.newsblur.network.APIResponse: 	at okhttp3.internal.http.RealInterceptorChain.proceed(RealInterceptorChain.java:142)
08-05 04:10:45.111 28464  3382 E baseline.com.newsblur.network.APIResponse: 	at okhttp3.internal.connection.ConnectInterceptor.intercept(ConnectInterceptor.java:43)
08-05 04:10:45.111 28464  3382 E baseline.com.newsblur.network.APIResponse: 	at okhttp3.internal.http.RealInterceptorChain.proceed(RealInterceptorChain.java:142)
08-05 04:10:45.111 28464  3382 E baseline.com.newsblur.network.APIResponse: 	at okhttp3.internal.http.RealInterceptorChain.proceed(RealInterceptorChain.java:117)
08-05 04:10:45.111 28464  3382 E baseline.com.newsblur.network.APIResponse: 	at okhttp3.internal.cache.CacheInterceptor.intercept(CacheInterceptor.java:94)
08-05 04:10:45.111 28464  3382 E baseline.com.newsblur.network.APIResponse: 	at okhttp3.internal.http.RealInterceptorChain.proceed(RealInterceptorChain.java:142)
08-05 04:10:45.111 28464  3382 E baseline.com.newsblur.network.APIResponse: 	at okhttp3.internal.http.RealInterceptorChain.proceed(RealInterceptorChain.java:117)
08-05 04:10:45.111 28464  3382 E baseline.com.newsblur.network.APIResponse: 	at okhttp3.internal.http.BridgeInterceptor.intercept(BridgeInterceptor.java:93)
08-05 04:10:45.111 28464  3382 E baseline.com.newsblur.network.APIResponse: 	at okhttp3.internal.http.RealInterceptorChain.proceed(RealInterceptorChain.java:142)
08-05 04:10:45.111 28464  3382 E baseline.com.newsblur.network.APIResponse: 	at okhttp3.internal.http.RetryAndFollowUpInterceptor.intercept(RetryAndFollowUpInterceptor.java:88)
08-05 04:10:45.111 28464  3382 E baseline.com.newsblur.network.APIResponse: 	at okhttp3.internal.http.RealInterceptorChain.proceed(RealInterceptorChain.java:142)
08-05 04:10:45.111 28464  3382 E baseline.com.newsblur.network.APIResponse: 	at okhttp3.internal.http.RealInterceptorChain.proceed(RealInterceptorChain.java:117)
08-05 04:10:45.111 28464  3382 E baseline.com.newsblur.network.APIResponse: 	at okhttp3.RealCall.getResponseWithInterceptorChain(RealCall.java:229)
08-05 04:10:45.111 28464  3382 E baseline.com.newsblur.network.APIResponse: 	at okhttp3.RealCall.execute(RealCall.java:81)
08-05 04:10:45.111 28464  3382 E baseline.com.newsblur.network.APIResponse: 	at baseline.com.newsblur.network.APIResponse.<init>(APIResponse.java:57)
08-05 04:10:45.111 28464  3382 E baseline.com.newsblur.network.APIResponse: 	at baseline.com.newsblur.network.APIResponse.<init>(APIResponse.java:43)
08-05 04:10:45.111 28464  3382 E baseline.com.newsblur.network.APIResponse: 	at baseline.com.newsblur.network.APIManager.post_single(APIManager.java:702)
08-05 04:10:45.111 28464  3382 E baseline.com.newsblur.network.APIResponse: 	at baseline.com.newsblur.network.APIManager.post(APIManager.java:675)
08-05 04:10:45.111 28464  3382 E baseline.com.newsblur.network.APIResponse: 	at baseline.com.newsblur.network.APIManager.post(APIManager.java:714)
08-05 04:10:45.111 28464  3382 E baseline.com.newsblur.network.APIResponse: 	at baseline.com.newsblur.network.APIManager.markStoryAsRead(APIManager.java:205)
08-05 04:10:45.111 28464  3382 E baseline.com.newsblur.network.APIResponse: 	at baseline.com.newsblur.util.ReadingAction.doRemote(ReadingAction.java:281)
08-05 04:10:45.111 28464  3382 E baseline.com.newsblur.network.APIResponse: 	at baseline.com.newsblur.service.NBSyncService.syncActions(NBSyncService.java:400)
08-05 04:10:45.111 28464  3382 E baseline.com.newsblur.network.APIResponse: 	at baseline.com.newsblur.service.NBSyncService.doSync(NBSyncService.java:298)
08-05 04:10:45.111 28464  3382 E baseline.com.newsblur.network.APIResponse: 	at baseline.com.newsblur.service.NBSyncService.access$100(NBSyncService.java:67)
08-05 04:10:45.111 28464  3382 E baseline.com.newsblur.network.APIResponse: 	at baseline.com.newsblur.service.NBSyncService$1.run(NBSyncService.java:188)
08-05 04:10:45.111 28464  3382 E baseline.com.newsblur.network.APIResponse: 	at java.util.concurrent.ThreadPoolExecutor.runWorker(ThreadPoolExecutor.java:1113)
08-05 04:10:45.111 28464  3382 E baseline.com.newsblur.network.APIResponse: 	at java.util.concurrent.ThreadPoolExecutor$Worker.run(ThreadPoolExecutor.java:588)
08-05 04:10:45.111 28464  3382 E baseline.com.newsblur.network.APIResponse: 	at java.lang.Thread.run(Thread.java:818)
08-05 04:10:45.111 28464  3382 E baseline.com.newsblur.network.APIResponse: Caused by: java.io.EOFException: \n not found: limit=0 content=
08-05 04:10:45.111 28464  3382 E baseline.com.newsblur.network.APIResponse: 	at okio.RealBufferedSource.readUtf8LineStrict(RealBufferedSource.java:240)
08-05 04:10:45.111 28464  3382 E baseline.com.newsblur.network.APIResponse: 	at okhttp3.internal.http1.Http1ExchangeCodec.readHeaderLine(Http1ExchangeCodec.java:242)
08-05 04:10:45.111 28464  3382 E baseline.com.newsblur.network.APIResponse: 	at okhttp3.internal.http1.Http1ExchangeCodec.readResponseHeaders(Http1ExchangeCodec.java:213)
08-05 04:10:45.111 28464  3382 E baseline.com.newsblur.network.APIResponse: 	... 30 more
08-05 04:10:45.113 28464  3382 I baseline.com.newsblur.network.APIManager: API call failed, pausing before retry number 1
08-05 04:10:45.197 28464 28475 I art     : Starting a blocking GC Explicit
08-05 04:10:45.252 28464 28475 I art     : Explicit concurrent mark sweep GC freed 5222(417KB) AllocSpace objects, 3(60KB) LOS objects, 28% free, 41MB/57MB, paused 1.445ms total 53.966ms
08-05 04:10:45.265 28464 28475 I art     : Starting a blocking GC Explicit
08-05 04:10:45.310 28464 28475 I art     : Explicit concurrent mark sweep GC freed 254(10KB) AllocSpace objects, 0(0B) LOS objects, 28% free, 41MB/57MB, paused 1.286ms total 44.703ms
08-05 04:10:45.324 28464 28475 I art     : Starting a blocking GC Explicit
08-05 04:10:45.372 28464 28475 I art     : Explicit concurrent mark sweep GC freed 10(320B) AllocSpace objects, 0(0B) LOS objects, 28% free, 41MB/57MB, paused 1.123ms total 48.157ms
08-05 04:10:45.385 28464 28475 I art     : Starting a blocking GC Explicit
08-05 04:10:45.432 28464 28475 I art     : Explicit concurrent mark sweep GC freed 11(352B) AllocSpace objects, 0(0B) LOS objects, 28% free, 41MB/57MB, paused 1.304ms total 46.666ms
08-05 04:10:45.444 28464 28475 I art     : Starting a blocking GC Explicit
08-05 04:10:45.491 28464 28475 I art     : Explicit concurrent mark sweep GC freed 9(288B) AllocSpace objects, 0(0B) LOS objects, 28% free, 41MB/57MB, paused 1.031ms total 46.945ms
08-05 04:10:45.831 28464 28476 I art     : Starting a blocking GC Explicit
08-05 04:10:45.884 28464 28476 I art     : Explicit concurrent mark sweep GC freed 1491(84KB) AllocSpace objects, 1(20KB) LOS objects, 28% free, 41MB/57MB, paused 1.715ms total 52.755ms
08-05 04:10:45.897 28464 28476 I art     : Starting a blocking GC Explicit
08-05 04:10:45.943 28464 28476 I art     : Explicit concurrent mark sweep GC freed 28(976B) AllocSpace objects, 0(0B) LOS objects, 28% free, 41MB/57MB, paused 1.147ms total 45.500ms
08-05 04:10:45.956 28464 28476 I art     : Starting a blocking GC Explicit
08-05 04:10:46.004 28464 28476 I art     : Explicit concurrent mark sweep GC freed 11(352B) AllocSpace objects, 0(0B) LOS objects, 28% free, 41MB/57MB, paused 1.099ms total 47.688ms
08-05 04:10:46.015 28464 28476 I art     : Starting a blocking GC Explicit
08-05 04:10:46.056 28464 28476 I art     : Explicit concurrent mark sweep GC freed 4(128B) AllocSpace objects, 0(0B) LOS objects, 28% free, 41MB/57MB, paused 1.086ms total 41.027ms
08-05 04:10:46.067 28464 28476 I art     : Starting a blocking GC Explicit
08-05 04:10:46.109 28464 28476 I art     : Explicit concurrent mark sweep GC freed 3(96B) AllocSpace objects, 0(0B) LOS objects, 28% free, 41MB/57MB, paused 1.131ms total 42.317ms
08-05 04:10:46.111  4485  4485 D AndroidRuntime: >>>>>> START com.android.internal.os.RuntimeInit uid 2000 <<<<<<
08-05 04:10:46.116  4485  4485 D AndroidRuntime: CheckJNI is OFF
08-05 04:10:46.150  4485  4485 D ICU     : No timezone override file found: /data/misc/zoneinfo/current/icu/icu_tzdata.dat
08-05 04:10:46.183  4485  4485 I Radio-JNI: register_android_hardware_Radio DONE
08-05 04:10:46.205  4485  4485 D AndroidRuntime: Calling main entry com.android.commands.input.Input
08-05 04:10:46.206  4485  4485 I Input   : injectMotionEvent: MotionEvent { action=ACTION_DOWN, actionButton=0, id[0]=0, x[0]=435.0, y[0]=858.0, toolType[0]=TOOL_TYPE_UNKNOWN, buttonState=0, metaState=0, flags=0x0, edgeFlags=0x0, pointerCount=1, historySize=0, eventTime=763862619, downTime=763862619, deviceId=0, source=0x1002 }
08-05 04:10:46.212  4485  4485 I Input   : injectMotionEvent: MotionEvent { action=ACTION_UP, actionButton=0, id[0]=0, x[0]=435.0, y[0]=858.0, toolType[0]=TOOL_TYPE_UNKNOWN, buttonState=0, metaState=0, flags=0x0, edgeFlags=0x0, pointerCount=1, historySize=0, eventTime=763862619, downTime=763862619, deviceId=0, source=0x1002 }
08-05 04:10:46.214  4485  4485 D AndroidRuntime: Shutting down VM
08-05 04:10:46.227   512  2967 D audio_hw_primary: out_set_parameters: enter: usecase(1: low-latency-playback) kvpairs: routing=2
08-05 04:10:46.228   918  3696 I ActivityManager: START u0 {cmp=baseline.com.newsblur/.activity.AllSharedStoriesReading (has extras)} from uid 10676 on display 0
08-05 04:10:46.240   512  2967 D audio_hw_primary: select_devices: out_snd_device(2: speaker) in_snd_device(0: none)
08-05 04:10:46.240   512  2967 D msm8974_platform: platform_send_audio_calibration: sending audio calibration for snd_device(2) acdb_id(15)
08-05 04:10:46.240   512  2967 I soundtrigger: audio_extn_sound_trigger_update_device_status: device 0x2 of type 0 for Event 1
08-05 04:10:46.253   512  2967 D audio_hw_primary: enable_snd_device: snd_device(2: speaker)
08-05 04:10:46.255   512  2967 D audio_hw_primary: enable_audio_route: apply and update mixer path: low-latency-playback speaker
08-05 04:10:46.403 28464  2648 I art     : Starting a blocking GC Explicit
08-05 04:10:46.443 13866 13866 I GoogleInputMethodServic: GoogleInputMethodService.onFinishInput():3138 
08-05 04:10:46.443 13866 13866 I GoogleInputMethodServic: GoogleInputMethodService.onStartInput():1808 
08-05 04:10:46.444   918   936 I ActivityManager: Displayed baseline.com.newsblur/.activity.AllSharedStoriesReading: +206ms
08-05 04:10:46.450 28464  2648 I art     : Explicit concurrent mark sweep GC freed 3421(287KB) AllocSpace objects, 7(568KB) LOS objects, 27% free, 41MB/57MB, paused 1.189ms total 46.199ms
08-05 04:10:46.460 28464  2648 I art     : Starting a blocking GC Explicit
08-05 04:10:46.503 28464  2648 I art     : Explicit concurrent mark sweep GC freed 1750(102KB) AllocSpace objects, 2(48KB) LOS objects, 27% free, 41MB/57MB, paused 1.536ms total 42.286ms
08-05 04:10:46.514 28464  2648 I art     : Starting a blocking GC Explicit
08-05 04:10:46.558 28464  2648 I art     : Explicit concurrent mark sweep GC freed 1549(128KB) AllocSpace objects, 8(180KB) LOS objects, 27% free, 41MB/57MB, paused 1.304ms total 43.798ms
08-05 04:10:46.570 28464  2648 I art     : Starting a blocking GC Explicit
08-05 04:10:46.617 28464  2648 I art     : Explicit concurrent mark sweep GC freed 1145(106KB) AllocSpace objects, 3(76KB) LOS objects, 27% free, 41MB/57MB, paused 1.671ms total 47.159ms
08-05 04:10:46.629 28464  2648 I art     : Starting a blocking GC Explicit
08-05 04:10:46.671 28464  2648 I art     : Explicit concurrent mark sweep GC freed 376(19KB) AllocSpace objects, 0(0B) LOS objects, 27% free, 41MB/57MB, paused 1.294ms total 41.778ms
08-05 04:10:46.695 28464  3006 E chromium: [ERROR:tile_manager.cc(793)] WARNING: tile memory limits exceeded, some content may not draw
08-05 04:10:46.696 28464  3006 E chromium: [ERROR:tile_manager.cc(793)] WARNING: tile memory limits exceeded, some content may not draw
08-05 04:10:46.789   512  2967 D audio_hw_primary: disable_audio_route: reset and update mixer path: low-latency-playback speaker
08-05 04:10:46.791   512  2967 D audio_hw_primary: disable_snd_device: snd_device(2: speaker)
08-05 04:10:46.800   512  2967 I soundtrigger: audio_extn_sound_trigger_update_device_status: device 0x2 of type 0 for Event 0
08-05 04:10:47.015 28464  2651 I art     : Starting a blocking GC Explicit
08-05 04:10:47.066 28464  2651 I art     : Explicit concurrent mark sweep GC freed 1733(125KB) AllocSpace objects, 3(68KB) LOS objects, 27% free, 41MB/57MB, paused 1.235ms total 50.471ms
08-05 04:10:47.078 28464  2651 I art     : Starting a blocking GC Explicit
08-05 04:10:47.125 28464  2651 I art     : Explicit concurrent mark sweep GC freed 55(2304B) AllocSpace objects, 0(0B) LOS objects, 27% free, 41MB/57MB, paused 1.214ms total 47.089ms
08-05 04:10:47.137 28464  2651 I art     : Starting a blocking GC Explicit
08-05 04:10:47.185 28464  2651 I art     : Explicit concurrent mark sweep GC freed 3(96B) AllocSpace objects, 0(0B) LOS objects, 27% free, 41MB/57MB, paused 1.226ms total 48.343ms
08-05 04:10:47.197 28464  2651 I art     : Starting a blocking GC Explicit
08-05 04:10:47.245 28464  2651 I art     : Explicit concurrent mark sweep GC freed 3(96B) AllocSpace objects, 0(0B) LOS objects, 27% free, 41MB/57MB, paused 1.266ms total 47.652ms
08-05 04:10:47.256 28464  2651 I art     : Starting a blocking GC Explicit
08-05 04:10:47.304 28464  2651 I art     : Explicit concurrent mark sweep GC freed 3(96B) AllocSpace objects, 0(0B) LOS objects, 27% free, 41MB/57MB, paused 1.215ms total 47.575ms
08-05 04:10:47.356 28464  3382 E baseline.com.newsblur.network.APIResponse: Error (unexpected end of stream on https://www.newsblur.com/...) calling https://www.newsblur.com/reader/mark_story_hashes_as_read/
08-05 04:10:47.356 28464  3382 E baseline.com.newsblur.network.APIResponse: java.io.IOException: unexpected end of stream on https://www.newsblur.com/...
08-05 04:10:47.356 28464  3382 E baseline.com.newsblur.network.APIResponse: 	at okhttp3.internal.http1.Http1ExchangeCodec.readResponseHeaders(Http1ExchangeCodec.java:236)
08-05 04:10:47.356 28464  3382 E baseline.com.newsblur.network.APIResponse: 	at okhttp3.internal.connection.Exchange.readResponseHeaders(Exchange.java:115)
08-05 04:10:47.356 28464  3382 E baseline.com.newsblur.network.APIResponse: 	at okhttp3.internal.http.CallServerInterceptor.intercept(CallServerInterceptor.java:94)
08-05 04:10:47.356 28464  3382 E baseline.com.newsblur.network.APIResponse: 	at okhttp3.internal.http.RealInterceptorChain.proceed(RealInterceptorChain.java:142)
08-05 04:10:47.356 28464  3382 E baseline.com.newsblur.network.APIResponse: 	at okhttp3.internal.connection.ConnectInterceptor.intercept(ConnectInterceptor.java:43)
08-05 04:10:47.356 28464  3382 E baseline.com.newsblur.network.APIResponse: 	at okhttp3.internal.http.RealInterceptorChain.proceed(RealInterceptorChain.java:142)
08-05 04:10:47.356 28464  3382 E baseline.com.newsblur.network.APIResponse: 	at okhttp3.internal.http.RealInterceptorChain.proceed(RealInterceptorChain.java:117)
08-05 04:10:47.356 28464  3382 E baseline.com.newsblur.network.APIResponse: 	at okhttp3.internal.cache.CacheInterceptor.intercept(CacheInterceptor.java:94)
08-05 04:10:47.356 28464  3382 E baseline.com.newsblur.network.APIResponse: 	at okhttp3.internal.http.RealInterceptorChain.proceed(RealInterceptorChain.java:142)
08-05 04:10:47.356 28464  3382 E baseline.com.newsblur.network.APIResponse: 	at okhttp3.internal.http.RealInterceptorChain.proceed(RealInterceptorChain.java:117)
08-05 04:10:47.356 28464  3382 E baseline.com.newsblur.network.APIResponse: 	at okhttp3.internal.http.BridgeInterceptor.intercept(BridgeInterceptor.java:93)
08-05 04:10:47.356 28464  3382 E baseline.com.newsblur.network.APIResponse: 	at okhttp3.internal.http.RealInterceptorChain.proceed(RealInterceptorChain.java:142)
08-05 04:10:47.356 28464  3382 E baseline.com.newsblur.network.APIResponse: 	at okhttp3.internal.http.RetryAndFollowUpInterceptor.intercept(RetryAndFollowUpInterceptor.java:88)
08-05 04:10:47.356 28464  3382 E baseline.com.newsblur.network.APIResponse: 	at okhttp3.internal.http.RealInterceptorChain.proceed(RealInterceptorChain.java:142)
08-05 04:10:47.356 28464  3382 E baseline.com.newsblur.network.APIResponse: 	at okhttp3.internal.http.RealInterceptorChain.proceed(RealInterceptorChain.java:117)
08-05 04:10:47.356 28464  3382 E baseline.com.newsblur.network.APIResponse: 	at okhttp3.RealCall.getResponseWithInterceptorChain(RealCall.java:229)
08-05 04:10:47.356 28464  3382 E baseline.com.newsblur.network.APIResponse: 	at okhttp3.RealCall.execute(RealCall.java:81)
08-05 04:10:47.356 28464  3382 E baseline.com.newsblur.network.APIResponse: 	at baseline.com.newsblur.network.APIResponse.<init>(APIResponse.java:57)
08-05 04:10:47.356 28464  3382 E baseline.com.newsblur.network.APIResponse: 	at baseline.com.newsblur.network.APIResponse.<init>(APIResponse.java:43)
08-05 04:10:47.356 28464  3382 E baseline.com.newsblur.network.APIResponse: 	at baseline.com.newsblur.network.APIManager.post_single(APIManager.java:702)
08-05 04:10:47.356 28464  3382 E baseline.com.newsblur.network.APIResponse: 	at baseline.com.newsblur.network.APIManager.post(APIManager.java:675)
08-05 04:10:47.356 28464  3382 E baseline.com.newsblur.network.APIResponse: 	at baseline.com.newsblur.network.APIManager.post(APIManager.java:714)
08-05 04:10:47.356 28464  3382 E baseline.com.newsblur.network.APIResponse: 	at baseline.com.newsblur.network.APIManager.markStoryAsRead(APIManager.java:205)
08-05 04:10:47.356 28464  3382 E baseline.com.newsblur.network.APIResponse: 	at baseline.com.newsblur.util.ReadingAction.doRemote(ReadingAction.java:281)
08-05 04:10:47.356 28464  3382 E baseline.com.newsblur.network.APIResponse: 	at baseline.com.newsblur.service.NBSyncService.syncActions(NBSyncService.java:400)
08-05 04:10:47.356 28464  3382 E baseline.com.newsblur.network.APIResponse: 	at baseline.com.newsblur.service.NBSyncService.doSync(NBSyncService.java:298)
08-05 04:10:47.356 28464  3382 E baseline.com.newsblur.network.APIResponse: 	at baseline.com.newsblur.service.NBSyncService.access$100(NBSyncService.java:67)
08-05 04:10:47.356 28464  3382 E baseline.com.newsblur.network.APIResponse: 	at baseline.com.newsblur.service.NBSyncService$1.run(NBSyncService.java:188)
08-05 04:10:47.356 28464  3382 E baseline.com.newsblur.network.APIResponse: 	at java.util.concurrent.ThreadPoolExecutor.runWorker(ThreadPoolExecutor.java:1113)
08-05 04:10:47.356 28464  3382 E baseline.com.newsblur.network.APIResponse: 	at java.util.concurrent.ThreadPoolExecutor$Worker.run(ThreadPoolExecutor.java:588)
08-05 04:10:47.356 28464  3382 E baseline.com.newsblur.network.APIResponse: 	at java.lang.Thread.run(Thread.java:818)
08-05 04:10:47.356 28464  3382 E baseline.com.newsblur.network.APIResponse: Caused by: java.io.EOFException: \n not found: limit=0 content=
08-05 04:10:47.356 28464  3382 E baseline.com.newsblur.network.APIResponse: 	at okio.RealBufferedSource.readUtf8LineStrict(RealBufferedSource.java:240)
08-05 04:10:47.356 28464  3382 E baseline.com.newsblur.network.APIResponse: 	at okhttp3.internal.http1.Http1ExchangeCodec.readHeaderLine(Http1ExchangeCodec.java:242)
08-05 04:10:47.356 28464  3382 E baseline.com.newsblur.network.APIResponse: 	at okhttp3.internal.http1.Http1ExchangeCodec.readResponseHeaders(Http1ExchangeCodec.java:213)
08-05 04:10:47.356 28464  3382 E baseline.com.newsblur.network.APIResponse: 	... 30 more
08-05 04:10:47.357 28464  3382 I baseline.com.newsblur.network.APIManager: API call failed, pausing before retry number 2
08-05 04:10:47.647 28464 28476 I art     : Starting a blocking GC Explicit
08-05 04:10:47.696 28464 28476 I art     : Explicit concurrent mark sweep GC freed 3957(357KB) AllocSpace objects, 3(60KB) LOS objects, 27% free, 41MB/57MB, paused 1.249ms total 48.598ms
08-05 04:10:47.707 28464 28476 I art     : Starting a blocking GC Explicit
08-05 04:10:47.747 28464  3006 E chromium: [ERROR:tile_manager.cc(793)] WARNING: tile memory limits exceeded, some content may not draw
08-05 04:10:47.748 28464  3006 E chromium: [ERROR:tile_manager.cc(793)] WARNING: tile memory limits exceeded, some content may not draw
08-05 04:10:47.753 28464 28476 I art     : Explicit concurrent mark sweep GC freed 135(4KB) AllocSpace objects, 0(0B) LOS objects, 27% free, 41MB/57MB, paused 1.401ms total 45.496ms
08-05 04:10:47.761 28464  3006 E chromium: [ERROR:tile_manager.cc(793)] WARNING: tile memory limits exceeded, some content may not draw
08-05 04:10:47.762 28464  3006 E chromium: [ERROR:tile_manager.cc(793)] WARNING: tile memory limits exceeded, some content may not draw
08-05 04:10:47.765 28464 28476 I art     : Starting a blocking GC Explicit
08-05 04:10:47.778 28464  3006 E chromium: [ERROR:tile_manager.cc(793)] WARNING: tile memory limits exceeded, some content may not draw
08-05 04:10:47.779 28464  3006 E chromium: [ERROR:tile_manager.cc(793)] WARNING: tile memory limits exceeded, some content may not draw
08-05 04:10:47.807 28464 28476 I art     : Explicit concurrent mark sweep GC freed 38(1216B) AllocSpace objects, 0(0B) LOS objects, 27% free, 41MB/57MB, paused 1.074ms total 41.696ms
08-05 04:10:47.817 28464 28476 I art     : Starting a blocking GC Explicit
08-05 04:10:47.860 28464 28476 I art     : Explicit concurrent mark sweep GC freed 22(720B) AllocSpace objects, 0(0B) LOS objects, 27% free, 41MB/57MB, paused 1.102ms total 42.127ms
08-05 04:10:47.871 28464 28476 I art     : Starting a blocking GC Explicit
08-05 04:10:47.916 28464 28476 I art     : Explicit concurrent mark sweep GC freed 27(864B) AllocSpace objects, 0(0B) LOS objects, 27% free, 41MB/57MB, paused 1.067ms total 44.879ms
08-05 04:10:48.288 28464  2651 I art     : Starting a blocking GC Explicit
08-05 04:10:48.340 28464  2651 I art     : Explicit concurrent mark sweep GC freed 1470(83KB) AllocSpace objects, 1(20KB) LOS objects, 27% free, 41MB/57MB, paused 1.212ms total 50.429ms
08-05 04:10:48.354 28464  2651 I art     : Starting a blocking GC Explicit
08-05 04:10:48.400 28464  2651 I art     : Explicit concurrent mark sweep GC freed 22(800B) AllocSpace objects, 0(0B) LOS objects, 27% free, 41MB/57MB, paused 1.154ms total 45.793ms
08-05 04:10:48.411 28464  2651 I art     : Starting a blocking GC Explicit
08-05 04:10:48.454 28464  2651 I art     : Explicit concurrent mark sweep GC freed 3(96B) AllocSpace objects, 0(0B) LOS objects, 27% free, 41MB/57MB, paused 1.128ms total 42.595ms
08-05 04:10:48.466 28464  2651 I art     : Starting a blocking GC Explicit
08-05 04:10:48.512 28464  2651 I art     : Explicit concurrent mark sweep GC freed 3(96B) AllocSpace objects, 0(0B) LOS objects, 27% free, 41MB/57MB, paused 1.269ms total 45.960ms
08-05 04:10:48.523 28464  2651 I art     : Starting a blocking GC Explicit
08-05 04:10:48.570 28464  2651 I art     : Explicit concurrent mark sweep GC freed 3(96B) AllocSpace objects, 0(0B) LOS objects, 27% free, 41MB/57MB, paused 1.164ms total 46.489ms
08-05 04:10:48.943 28464  2648 I art     : Starting a blocking GC Explicit
08-05 04:10:48.995 28464  2648 I art     : Explicit concurrent mark sweep GC freed 1447(83KB) AllocSpace objects, 1(20KB) LOS objects, 27% free, 41MB/57MB, paused 1.221ms total 51.421ms
08-05 04:10:49.006 28464  2648 I art     : Starting a blocking GC Explicit
08-05 04:10:49.054 28464  2648 I art     : Explicit concurrent mark sweep GC freed 22(784B) AllocSpace objects, 0(0B) LOS objects, 27% free, 41MB/57MB, paused 1.250ms total 47.264ms
08-05 04:10:49.065 28464  2648 I art     : Starting a blocking GC Explicit
08-05 04:10:49.112 28464  2648 I art     : Explicit concurrent mark sweep GC freed 3(96B) AllocSpace objects, 0(0B) LOS objects, 27% free, 41MB/57MB, paused 1.178ms total 47.188ms
08-05 04:10:49.124 28464  2648 I art     : Starting a blocking GC Explicit
08-05 04:10:49.174 28464  2648 I art     : Explicit concurrent mark sweep GC freed 3(96B) AllocSpace objects, 0(0B) LOS objects, 27% free, 41MB/57MB, paused 1.212ms total 49.446ms
08-05 04:10:49.174 28464 28474 I art     : WaitForGcToComplete blocked for 49.709ms for cause HeapTrim
08-05 04:10:49.186 28464  2648 I art     : Starting a blocking GC Explicit
08-05 04:10:49.235 28464  2648 I art     : Explicit concurrent mark sweep GC freed 3(96B) AllocSpace objects, 0(0B) LOS objects, 27% free, 41MB/57MB, paused 1.199ms total 48.544ms
08-05 04:10:49.627 28464 28475 I art     : Starting a blocking GC Explicit
08-05 04:10:49.677 28464 28475 I art     : Explicit concurrent mark sweep GC freed 1445(83KB) AllocSpace objects, 1(20KB) LOS objects, 27% free, 41MB/57MB, paused 1.152ms total 49.651ms
08-05 04:10:49.688 28464 28475 I art     : Starting a blocking GC Explicit
08-05 04:10:49.736 28464 28475 I art     : Explicit concurrent mark sweep GC freed 22(784B) AllocSpace objects, 0(0B) LOS objects, 27% free, 41MB/57MB, paused 1.162ms total 47.658ms
08-05 04:10:49.748 28464 28475 I art     : Starting a blocking GC Explicit
08-05 04:10:49.796 28464 28475 I art     : Explicit concurrent mark sweep GC freed 3(96B) AllocSpace objects, 0(0B) LOS objects, 27% free, 41MB/57MB, paused 1.141ms total 48.128ms
08-05 04:10:49.808 28464 28475 I art     : Starting a blocking GC Explicit
08-05 04:10:49.856 28464 28475 I art     : Explicit concurrent mark sweep GC freed 3(96B) AllocSpace objects, 0(0B) LOS objects, 27% free, 41MB/57MB, paused 1.160ms total 48.009ms
08-05 04:10:49.868 28464 28475 I art     : Starting a blocking GC Explicit
08-05 04:10:49.915 28464 28475 I art     : Explicit concurrent mark sweep GC freed 3(96B) AllocSpace objects, 0(0B) LOS objects, 27% free, 41MB/57MB, paused 1.188ms total 47.524ms
08-05 04:10:50.272 28464 28476 I art     : Starting a blocking GC Explicit
08-05 04:10:50.322 28464 28476 I art     : Explicit concurrent mark sweep GC freed 1446(83KB) AllocSpace objects, 1(20KB) LOS objects, 27% free, 41MB/57MB, paused 1.207ms total 49.164ms
08-05 04:10:50.334 28464 28476 I art     : Starting a blocking GC Explicit
08-05 04:10:50.382 28464 28476 I art     : Explicit concurrent mark sweep GC freed 113(4KB) AllocSpace objects, 0(0B) LOS objects, 27% free, 41MB/57MB, paused 1.256ms total 48.495ms
08-05 04:10:50.394 28464 28476 I art     : Starting a blocking GC Explicit
08-05 04:10:50.441 28464 28476 I art     : Explicit concurrent mark sweep GC freed 9(352B) AllocSpace objects, 0(0B) LOS objects, 27% free, 41MB/57MB, paused 1.124ms total 47.184ms
08-05 04:10:50.453 28464 28476 I art     : Starting a blocking GC Explicit
08-05 04:10:50.500 28464 28476 I art     : Explicit concurrent mark sweep GC freed 65(3KB) AllocSpace objects, 0(0B) LOS objects, 27% free, 41MB/57MB, paused 1.233ms total 46.952ms
08-05 04:10:50.511 28464 28476 I art     : Starting a blocking GC Explicit
08-05 04:10:50.557 28464 28476 I art     : Explicit concurrent mark sweep GC freed 15(1600B) AllocSpace objects, 0(0B) LOS objects, 27% free, 41MB/57MB, paused 1.255ms total 45.959ms
08-05 04:10:50.873  4578  4578 D AndroidRuntime: >>>>>> START com.android.internal.os.RuntimeInit uid 2000 <<<<<<
08-05 04:10:50.878  4578  4578 D AndroidRuntime: CheckJNI is OFF
08-05 04:10:50.911  4578  4578 D ICU     : No timezone override file found: /data/misc/zoneinfo/current/icu/icu_tzdata.dat
08-05 04:10:50.921 28464  2651 I art     : Starting a blocking GC Explicit
08-05 04:10:50.939 28464  3382 E baseline.com.newsblur.network.APIResponse: Error (unexpected end of stream on https://www.newsblur.com/...) calling https://www.newsblur.com/reader/mark_story_hashes_as_read/
08-05 04:10:50.939 28464  3382 E baseline.com.newsblur.network.APIResponse: java.io.IOException: unexpected end of stream on https://www.newsblur.com/...
08-05 04:10:50.939 28464  3382 E baseline.com.newsblur.network.APIResponse: 	at okhttp3.internal.http1.Http1ExchangeCodec.readResponseHeaders(Http1ExchangeCodec.java:236)
08-05 04:10:50.939 28464  3382 E baseline.com.newsblur.network.APIResponse: 	at okhttp3.internal.connection.Exchange.readResponseHeaders(Exchange.java:115)
08-05 04:10:50.939 28464  3382 E baseline.com.newsblur.network.APIResponse: 	at okhttp3.internal.http.CallServerInterceptor.intercept(CallServerInterceptor.java:94)
08-05 04:10:50.939 28464  3382 E baseline.com.newsblur.network.APIResponse: 	at okhttp3.internal.http.RealInterceptorChain.proceed(RealInterceptorChain.java:142)
08-05 04:10:50.939 28464  3382 E baseline.com.newsblur.network.APIResponse: 	at okhttp3.internal.connection.ConnectInterceptor.intercept(ConnectInterceptor.java:43)
08-05 04:10:50.939 28464  3382 E baseline.com.newsblur.network.APIResponse: 	at okhttp3.internal.http.RealInterceptorChain.proceed(RealInterceptorChain.java:142)
08-05 04:10:50.939 28464  3382 E baseline.com.newsblur.network.APIResponse: 	at okhttp3.internal.http.RealInterceptorChain.proceed(RealInterceptorChain.java:117)
08-05 04:10:50.939 28464  3382 E baseline.com.newsblur.network.APIResponse: 	at okhttp3.internal.cache.CacheInterceptor.intercept(CacheInterceptor.java:94)
08-05 04:10:50.939 28464  3382 E baseline.com.newsblur.network.APIResponse: 	at okhttp3.internal.http.RealInterceptorChain.proceed(RealInterceptorChain.java:142)
08-05 04:10:50.939 28464  3382 E baseline.com.newsblur.network.APIResponse: 	at okhttp3.internal.http.RealInterceptorChain.proceed(RealInterceptorChain.java:117)
08-05 04:10:50.939 28464  3382 E baseline.com.newsblur.network.APIResponse: 	at okhttp3.internal.http.BridgeInterceptor.intercept(BridgeInterceptor.java:93)
08-05 04:10:50.939 28464  3382 E baseline.com.newsblur.network.APIResponse: 	at okhttp3.internal.http.RealInterceptorChain.proceed(RealInterceptorChain.java:142)
08-05 04:10:50.939 28464  3382 E baseline.com.newsblur.network.APIResponse: 	at okhttp3.internal.http.RetryAndFollowUpInterceptor.intercept(RetryAndFollowUpInterceptor.java:88)
08-05 04:10:50.939 28464  3382 E baseline.com.newsblur.network.APIResponse: 	at okhttp3.internal.http.RealInterceptorChain.proceed(RealInterceptorChain.java:142)
08-05 04:10:50.939 28464  3382 E baseline.com.newsblur.network.APIResponse: 	at okhttp3.internal.http.RealInterceptorChain.proceed(RealInterceptorChain.java:117)
08-05 04:10:50.939 28464  3382 E baseline.com.newsblur.network.APIResponse: 	at okhttp3.RealCall.getResponseWithInterceptorChain(RealCall.java:229)
08-05 04:10:50.939 28464  3382 E baseline.com.newsblur.network.APIResponse: 	at okhttp3.RealCall.execute(RealCall.java:81)
08-05 04:10:50.939 28464  3382 E baseline.com.newsblur.network.APIResponse: 	at baseline.com.newsblur.network.APIResponse.<init>(APIResponse.java:57)
08-05 04:10:50.939 28464  3382 E baseline.com.newsblur.network.APIResponse: 	at baseline.com.newsblur.network.APIResponse.<init>(APIResponse.java:43)
08-05 04:10:50.939 28464  3382 E baseline.com.newsblur.network.APIResponse: 	at baseline.com.newsblur.network.APIManager.post_single(APIManager.java:702)
08-05 04:10:50.939 28464  3382 E baseline.com.newsblur.network.APIResponse: 	at baseline.com.newsblur.network.APIManager.post(APIManager.java:675)
08-05 04:10:50.939 28464  3382 E baseline.com.newsblur.network.APIResponse: 	at baseline.com.newsblur.network.APIManager.post(APIManager.java:714)
08-05 04:10:50.939 28464  3382 E baseline.com.newsblur.network.APIResponse: 	at baseline.com.newsblur.network.APIManager.markStoryAsRead(APIManager.java:205)
08-05 04:10:50.939 28464  3382 E baseline.com.newsblur.network.APIResponse: 	at baseline.com.newsblur.util.ReadingAction.doRemote(ReadingAction.java:281)
08-05 04:10:50.939 28464  3382 E baseline.com.newsblur.network.APIResponse: 	at baseline.com.newsblur.service.NBSyncService.syncActions(NBSyncService.java:400)
08-05 04:10:50.939 28464  3382 E baseline.com.newsblur.network.APIResponse: 	at baseline.com.newsblur.service.NBSyncService.doSync(NBSyncService.java:298)
08-05 04:10:50.939 28464  3382 E baseline.com.newsblur.network.APIResponse: 	at baseline.com.newsblur.service.NBSyncService.access$100(NBSyncService.java:67)
08-05 04:10:50.939 28464  3382 E baseline.com.newsblur.network.APIResponse: 	at baseline.com.newsblur.service.NBSyncService$1.run(NBSyncService.java:188)
08-05 04:10:50.939 28464  3382 E baseline.com.newsblur.network.APIResponse: 	at java.util.concurrent.ThreadPoolExecutor.runWorker(ThreadPoolExecutor.java:1113)
08-05 04:10:50.939 28464  3382 E baseline.com.newsblur.network.APIResponse: 	at java.util.concurrent.ThreadPoolExecutor$Worker.run(ThreadPoolExecutor.java:588)
08-05 04:10:50.939 28464  3382 E baseline.com.newsblur.network.APIResponse: 	at java.lang.Thread.run(Thread.java:818)
08-05 04:10:50.939 28464  3382 E baseline.com.newsblur.network.APIResponse: Caused by: java.io.EOFException: \n not found: limit=0 content=
08-05 04:10:50.939 28464  3382 E baseline.com.newsblur.network.APIResponse: 	at okio.RealBufferedSource.readUtf8LineStrict(RealBufferedSource.java:240)
08-05 04:10:50.939 28464  3382 E baseline.com.newsblur.network.APIResponse: 	at okhttp3.internal.http1.Http1ExchangeCodec.readHeaderLine(Http1ExchangeCodec.java:242)
08-05 04:10:50.939 28464  3382 E baseline.com.newsblur.network.APIResponse: 	at okhttp3.internal.http1.Http1ExchangeCodec.readResponseHeaders(Http1ExchangeCodec.java:213)
08-05 04:10:50.939 28464  3382 E baseline.com.newsblur.network.APIResponse: 	... 30 more
08-05 04:10:50.941 28464  3382 I baseline.com.newsblur.service.NBSyncService: Holding reading action with server-side or network error.
08-05 04:10:50.946  4578  4578 I Radio-JNI: register_android_hardware_Radio DONE
08-05 04:10:50.950 28464  3382 W baseline.com.newsblur.service.NBSyncService: hard API failure
08-05 04:10:50.968  4578  4578 D AndroidRuntime: Calling main entry com.android.commands.input.Input
08-05 04:10:50.969 28464  2651 I art     : Explicit concurrent mark sweep GC freed 4466(436KB) AllocSpace objects, 8(160KB) LOS objects, 27% free, 41MB/57MB, paused 1.237ms total 47.881ms
08-05 04:10:50.970  4578  4578 I Input   : injectKeyEvent: KeyEvent { action=ACTION_DOWN, keyCode=KEYCODE_BACK, scanCode=0, metaState=0, flags=0x0, repeatCount=0, eventTime=763867383, downTime=763867383, deviceId=-1, source=0x101 }
08-05 04:10:50.976  4578  4578 I Input   : injectKeyEvent: KeyEvent { action=ACTION_UP, keyCode=KEYCODE_BACK, scanCode=0, metaState=0, flags=0x0, repeatCount=0, eventTime=763867383, downTime=763867383, deviceId=-1, source=0x101 }
08-05 04:10:50.980 28464  2651 I art     : Starting a blocking GC Explicit
08-05 04:10:50.983  4578  4578 D AndroidRuntime: Shutting down VM
08-05 04:10:50.991 28464 28464 D baseline.com.newsblur.service.NBSyncService: rejecting request for feedset that is exhaused
08-05 04:10:51.023 28464  2651 I art     : Explicit concurrent mark sweep GC freed 544(64KB) AllocSpace objects, 2(40KB) LOS objects, 27% free, 41MB/57MB, paused 1.132ms total 42.746ms
08-05 04:10:51.034 28464  2651 I art     : Starting a blocking GC Explicit
08-05 04:10:51.079 28464  2651 I art     : Explicit concurrent mark sweep GC freed 82(2992B) AllocSpace objects, 0(0B) LOS objects, 27% free, 41MB/57MB, paused 1.745ms total 44.133ms
08-05 04:10:51.090 28464  2651 I art     : Starting a blocking GC Explicit
08-05 04:10:51.134 28464  2651 I art     : Explicit concurrent mark sweep GC freed 617(45KB) AllocSpace objects, 1(20KB) LOS objects, 27% free, 41MB/57MB, paused 1.166ms total 43.714ms
08-05 04:10:51.146 28464  2651 I art     : Starting a blocking GC Explicit
08-05 04:10:51.166 28464 28464 D baseline.com.newsblur.service.NBSyncService: rejecting request for feedset that is exhaused
08-05 04:10:51.170 13866 13866 I GoogleInputMethodServic: GoogleInputMethodService.onFinishInput():3138 
08-05 04:10:51.171 13866 13866 I GoogleInputMethodServic: GoogleInputMethodService.onStartInput():1808 
08-05 04:10:51.192 28464  2651 I art     : Explicit concurrent mark sweep GC freed 573(58KB) AllocSpace objects, 1(20KB) LOS objects, 27% free, 41MB/57MB, paused 1.244ms total 46.600ms
08-05 04:10:51.346 28464  3382 E baseline.com.newsblur.network.APIResponse: Error (unexpected end of stream on https://www.newsblur.com/...) calling https://www.newsblur.com/reader/mark_story_hashes_as_read/
08-05 04:10:51.346 28464  3382 E baseline.com.newsblur.network.APIResponse: java.io.IOException: unexpected end of stream on https://www.newsblur.com/...
08-05 04:10:51.346 28464  3382 E baseline.com.newsblur.network.APIResponse: 	at okhttp3.internal.http1.Http1ExchangeCodec.readResponseHeaders(Http1ExchangeCodec.java:236)
08-05 04:10:51.346 28464  3382 E baseline.com.newsblur.network.APIResponse: 	at okhttp3.internal.connection.Exchange.readResponseHeaders(Exchange.java:115)
08-05 04:10:51.346 28464  3382 E baseline.com.newsblur.network.APIResponse: 	at okhttp3.internal.http.CallServerInterceptor.intercept(CallServerInterceptor.java:94)
08-05 04:10:51.346 28464  3382 E baseline.com.newsblur.network.APIResponse: 	at okhttp3.internal.http.RealInterceptorChain.proceed(RealInterceptorChain.java:142)
08-05 04:10:51.346 28464  3382 E baseline.com.newsblur.network.APIResponse: 	at okhttp3.internal.connection.ConnectInterceptor.intercept(ConnectInterceptor.java:43)
08-05 04:10:51.346 28464  3382 E baseline.com.newsblur.network.APIResponse: 	at okhttp3.internal.http.RealInterceptorChain.proceed(RealInterceptorChain.java:142)
08-05 04:10:51.346 28464  3382 E baseline.com.newsblur.network.APIResponse: 	at okhttp3.internal.http.RealInterceptorChain.proceed(RealInterceptorChain.java:117)
08-05 04:10:51.346 28464  3382 E baseline.com.newsblur.network.APIResponse: 	at okhttp3.internal.cache.CacheInterceptor.intercept(CacheInterceptor.java:94)
08-05 04:10:51.346 28464  3382 E baseline.com.newsblur.network.APIResponse: 	at okhttp3.internal.http.RealInterceptorChain.proceed(RealInterceptorChain.java:142)
08-05 04:10:51.346 28464  3382 E baseline.com.newsblur.network.APIResponse: 	at okhttp3.internal.http.RealInterceptorChain.proceed(RealInterceptorChain.java:117)
08-05 04:10:51.346 28464  3382 E baseline.com.newsblur.network.APIResponse: 	at okhttp3.internal.http.BridgeInterceptor.intercept(BridgeInterceptor.java:93)
08-05 04:10:51.346 28464  3382 E baseline.com.newsblur.network.APIResponse: 	at okhttp3.internal.http.RealInterceptorChain.proceed(RealInterceptorChain.java:142)
08-05 04:10:51.346 28464  3382 E baseline.com.newsblur.network.APIResponse: 	at okhttp3.internal.http.RetryAndFollowUpInterceptor.intercept(RetryAndFollowUpInterceptor.java:88)
08-05 04:10:51.346 28464  3382 E baseline.com.newsblur.network.APIResponse: 	at okhttp3.internal.http.RealInterceptorChain.proceed(RealInterceptorChain.java:142)
08-05 04:10:51.346 28464  3382 E baseline.com.newsblur.network.APIResponse: 	at okhttp3.internal.http.RealInterceptorChain.proceed(RealInterceptorChain.java:117)
08-05 04:10:51.346 28464  3382 E baseline.com.newsblur.network.APIResponse: 	at okhttp3.RealCall.getResponseWithInterceptorChain(RealCall.java:229)
08-05 04:10:51.346 28464  3382 E baseline.com.newsblur.network.APIResponse: 	at okhttp3.RealCall.execute(RealCall.java:81)
08-05 04:10:51.346 28464  3382 E baseline.com.newsblur.network.APIResponse: 	at baseline.com.newsblur.network.APIResponse.<init>(APIResponse.java:57)
08-05 04:10:51.346 28464  3382 E baseline.com.newsblur.network.APIResponse: 	at baseline.com.newsblur.network.APIResponse.<init>(APIResponse.java:43)
08-05 04:10:51.346 28464  3382 E baseline.com.newsblur.network.APIResponse: 	at baseline.com.newsblur.network.APIManager.post_single(APIManager.java:702)
08-05 04:10:51.346 28464  3382 E baseline.com.newsblur.network.APIResponse: 	at baseline.com.newsblur.network.APIManager.post(APIManager.java:675)
08-05 04:10:51.346 28464  3382 E baseline.com.newsblur.network.APIResponse: 	at baseline.com.newsblur.network.APIManager.post(APIManager.java:714)
08-05 04:10:51.346 28464  3382 E baseline.com.newsblur.network.APIResponse: 	at baseline.com.newsblur.network.APIManager.markStoryAsRead(APIManager.java:205)
08-05 04:10:51.346 28464  3382 E baseline.com.newsblur.network.APIResponse: 	at baseline.com.newsblur.util.ReadingAction.doRemote(ReadingAction.java:281)
08-05 04:10:51.346 28464  3382 E baseline.com.newsblur.network.APIResponse: 	at baseline.com.newsblur.service.NBSyncService.syncActions(NBSyncService.java:400)
08-05 04:10:51.346 28464  3382 E baseline.com.newsblur.network.APIResponse: 	at baseline.com.newsblur.service.NBSyncService.doSync(NBSyncService.java:298)
08-05 04:10:51.346 28464  3382 E baseline.com.newsblur.network.APIResponse: 	at baseline.com.newsblur.service.NBSyncService.access$100(NBSyncService.java:67)
08-05 04:10:51.346 28464  3382 E baseline.com.newsblur.network.APIResponse: 	at baseline.com.newsblur.service.NBSyncService$1.run(NBSyncService.java:188)
08-05 04:10:51.346 28464  3382 E baseline.com.newsblur.network.APIResponse: 	at java.util.concurrent.ThreadPoolExecutor.runWorker(ThreadPoolExecutor.java:1113)
08-05 04:10:51.346 28464  3382 E baseline.com.newsblur.network.APIResponse: 	at java.util.concurrent.ThreadPoolExecutor$Worker.run(ThreadPoolExecutor.java:588)
08-05 04:10:51.346 28464  3382 E baseline.com.newsblur.network.APIResponse: 	at java.lang.Thread.run(Thread.java:818)
08-05 04:10:51.346 28464  3382 E baseline.com.newsblur.network.APIResponse: Caused by: java.io.EOFException: \n not found: limit=0 content=
08-05 04:10:51.346 28464  3382 E baseline.com.newsblur.network.APIResponse: 	at okio.RealBufferedSource.readUtf8LineStrict(RealBufferedSource.java:240)
08-05 04:10:51.346 28464  3382 E baseline.com.newsblur.network.APIResponse: 	at okhttp3.internal.http1.Http1ExchangeCodec.readHeaderLine(Http1ExchangeCodec.java:242)
08-05 04:10:51.346 28464  3382 E baseline.com.newsblur.network.APIResponse: 	at okhttp3.internal.http1.Http1ExchangeCodec.readResponseHeaders(Http1ExchangeCodec.java:213)
08-05 04:10:51.346 28464  3382 E baseline.com.newsblur.network.APIResponse: 	... 30 more
08-05 04:10:51.346 28464  3382 I baseline.com.newsblur.network.APIManager: API call failed, pausing before retry number 1
08-05 04:10:51.506 28464  2648 I art     : Starting a blocking GC Explicit
08-05 04:10:51.558 28464  2648 I art     : Explicit concurrent mark sweep GC freed 6067(475KB) AllocSpace objects, 4(88KB) LOS objects, 27% free, 41MB/57MB, paused 1.692ms total 51.176ms
08-05 04:10:51.570 28464  2648 I art     : Starting a blocking GC Explicit
08-05 04:10:51.623 28464  2648 I art     : Explicit concurrent mark sweep GC freed 259(11KB) AllocSpace objects, 0(0B) LOS objects, 27% free, 41MB/57MB, paused 1.419ms total 52.763ms
08-05 04:10:51.634 28464  2648 I art     : Starting a blocking GC Explicit
08-05 04:10:51.687 28464  2648 I art     : Explicit concurrent mark sweep GC freed 11(352B) AllocSpace objects, 0(0B) LOS objects, 27% free, 41MB/57MB, paused 1.354ms total 52.412ms
08-05 04:10:51.700 28464  2648 I art     : Starting a blocking GC Explicit
08-05 04:10:51.751 28464  2648 I art     : Explicit concurrent mark sweep GC freed 11(352B) AllocSpace objects, 0(0B) LOS objects, 27% free, 41MB/57MB, paused 1.327ms total 50.459ms
08-05 04:10:51.766 28464  2648 I art     : Starting a blocking GC Explicit
08-05 04:10:51.818 28464  2648 I art     : Explicit concurrent mark sweep GC freed 11(352B) AllocSpace objects, 0(0B) LOS objects, 27% free, 41MB/57MB, paused 1.210ms total 51.571ms
08-05 04:10:52.178 28464  2651 I art     : Starting a blocking GC Explicit
08-05 04:10:52.235 28464  2651 I art     : Explicit concurrent mark sweep GC freed 1494(84KB) AllocSpace objects, 1(20KB) LOS objects, 27% free, 41MB/57MB, paused 1.138ms total 57.407ms
08-05 04:10:52.238  1294  1294 I ServiceManager: Waiting for service AtCmdFwd...
08-05 04:10:52.249 28464  2651 I art     : Starting a blocking GC Explicit
08-05 04:10:52.297 28464  2651 I art     : Explicit concurrent mark sweep GC freed 29(1008B) AllocSpace objects, 0(0B) LOS objects, 27% free, 41MB/57MB, paused 1.099ms total 47.765ms
08-05 04:10:52.308 28464  2651 I art     : Starting a blocking GC Explicit
08-05 04:10:52.353 28464  2651 I art     : Explicit concurrent mark sweep GC freed 10(320B) AllocSpace objects, 0(0B) LOS objects, 27% free, 41MB/57MB, paused 1.163ms total 44.047ms
08-05 04:10:52.364 28464  2651 I art     : Starting a blocking GC Explicit
08-05 04:10:52.409 28464  2651 I art     : Explicit concurrent mark sweep GC freed 9(288B) AllocSpace objects, 0(0B) LOS objects, 27% free, 41MB/57MB, paused 1.108ms total 44.755ms
08-05 04:10:52.420 28464  2651 I art     : Starting a blocking GC Explicit
08-05 04:10:52.470 28464  2651 I art     : Explicit concurrent mark sweep GC freed 11(352B) AllocSpace objects, 0(0B) LOS objects, 27% free, 41MB/57MB, paused 1.700ms total 49.832ms
08-05 04:10:52.641  4622  4622 D AndroidRuntime: >>>>>> START com.android.internal.os.RuntimeInit uid 2000 <<<<<<
08-05 04:10:52.646  4622  4622 D AndroidRuntime: CheckJNI is OFF
08-05 04:10:52.678  4622  4622 D ICU     : No timezone override file found: /data/misc/zoneinfo/current/icu/icu_tzdata.dat
08-05 04:10:52.711  4622  4622 I Radio-JNI: register_android_hardware_Radio DONE
08-05 04:10:52.732  4622  4622 D AndroidRuntime: Calling main entry com.android.commands.input.Input
08-05 04:10:52.733  4622  4622 I Input   : injectKeyEvent: KeyEvent { action=ACTION_DOWN, keyCode=KEYCODE_BACK, scanCode=0, metaState=0, flags=0x0, repeatCount=0, eventTime=763869147, downTime=763869147, deviceId=-1, source=0x101 }
08-05 04:10:52.737  4622  4622 I Input   : injectKeyEvent: KeyEvent { action=ACTION_UP, keyCode=KEYCODE_BACK, scanCode=0, metaState=0, flags=0x0, repeatCount=0, eventTime=763869147, downTime=763869147, deviceId=-1, source=0x101 }
08-05 04:10:52.745  4622  4622 D AndroidRuntime: Shutting down VM
08-05 04:10:52.824 28464  2651 I art     : Starting a blocking GC Explicit
08-05 04:10:52.876 28464  2651 I art     : Explicit concurrent mark sweep GC freed 3881(295KB) AllocSpace objects, 9(180KB) LOS objects, 27% free, 41MB/57MB, paused 1.480ms total 51.786ms
08-05 04:10:52.887 28464  2651 I art     : Starting a blocking GC Explicit
08-05 04:10:52.907 13866 13866 I GoogleInputMethodServic: GoogleInputMethodService.onFinishInput():3138 
08-05 04:10:52.908 13866 13866 I GoogleInputMethodServic: GoogleInputMethodService.onStartInput():1808 
08-05 04:10:52.934 28464  2651 I art     : Explicit concurrent mark sweep GC freed 5862(368KB) AllocSpace objects, 4(80KB) LOS objects, 27% free, 41MB/57MB, paused 1.313ms total 46.133ms
08-05 04:10:52.945 28464  2651 I art     : Starting a blocking GC Explicit
08-05 04:10:52.988 28464  2651 I art     : Explicit concurrent mark sweep GC freed 380(18KB) AllocSpace objects, 0(0B) LOS objects, 27% free, 41MB/57MB, paused 1.176ms total 43.176ms
08-05 04:10:52.998 28464  2651 I art     : Starting a blocking GC Explicit
08-05 04:10:53.042 28464  2651 I art     : Explicit concurrent mark sweep GC freed 114(4KB) AllocSpace objects, 0(0B) LOS objects, 27% free, 41MB/57MB, paused 1.085ms total 43.487ms
08-05 04:10:53.054 28464  2651 I art     : Starting a blocking GC Explicit
08-05 04:10:53.105 28464  2651 I art     : Explicit concurrent mark sweep GC freed 3(96B) AllocSpace objects, 0(0B) LOS objects, 27% free, 41MB/57MB, paused 1.098ms total 50.569ms
08-05 04:10:53.239  1294  1294 I ServiceManager: Waiting for service AtCmdFwd...
08-05 04:10:53.399 28464  3382 E baseline.com.newsblur.network.APIResponse: Error (unexpected end of stream on https://www.newsblur.com/...) calling https://www.newsblur.com/reader/mark_story_hashes_as_read/
08-05 04:10:53.399 28464  3382 E baseline.com.newsblur.network.APIResponse: java.io.IOException: unexpected end of stream on https://www.newsblur.com/...
08-05 04:10:53.399 28464  3382 E baseline.com.newsblur.network.APIResponse: 	at okhttp3.internal.http1.Http1ExchangeCodec.readResponseHeaders(Http1ExchangeCodec.java:236)
08-05 04:10:53.399 28464  3382 E baseline.com.newsblur.network.APIResponse: 	at okhttp3.internal.connection.Exchange.readResponseHeaders(Exchange.java:115)
08-05 04:10:53.399 28464  3382 E baseline.com.newsblur.network.APIResponse: 	at okhttp3.internal.http.CallServerInterceptor.intercept(CallServerInterceptor.java:94)
08-05 04:10:53.399 28464  3382 E baseline.com.newsblur.network.APIResponse: 	at okhttp3.internal.http.RealInterceptorChain.proceed(RealInterceptorChain.java:142)
08-05 04:10:53.399 28464  3382 E baseline.com.newsblur.network.APIResponse: 	at okhttp3.internal.connection.ConnectInterceptor.intercept(ConnectInterceptor.java:43)
08-05 04:10:53.399 28464  3382 E baseline.com.newsblur.network.APIResponse: 	at okhttp3.internal.http.RealInterceptorChain.proceed(RealInterceptorChain.java:142)
08-05 04:10:53.399 28464  3382 E baseline.com.newsblur.network.APIResponse: 	at okhttp3.internal.http.RealInterceptorChain.proceed(RealInterceptorChain.java:117)
08-05 04:10:53.399 28464  3382 E baseline.com.newsblur.network.APIResponse: 	at okhttp3.internal.cache.CacheInterceptor.intercept(CacheInterceptor.java:94)
08-05 04:10:53.399 28464  3382 E baseline.com.newsblur.network.APIResponse: 	at okhttp3.internal.http.RealInterceptorChain.proceed(RealInterceptorChain.java:142)
08-05 04:10:53.399 28464  3382 E baseline.com.newsblur.network.APIResponse: 	at okhttp3.internal.http.RealInterceptorChain.proceed(RealInterceptorChain.java:117)
08-05 04:10:53.399 28464  3382 E baseline.com.newsblur.network.APIResponse: 	at okhttp3.internal.http.BridgeInterceptor.intercept(BridgeInterceptor.java:93)
08-05 04:10:53.399 28464  3382 E baseline.com.newsblur.network.APIResponse: 	at okhttp3.internal.http.RealInterceptorChain.proceed(RealInterceptorChain.java:142)
08-05 04:10:53.399 28464  3382 E baseline.com.newsblur.network.APIResponse: 	at okhttp3.internal.http.RetryAndFollowUpInterceptor.intercept(RetryAndFollowUpInterceptor.java:88)
08-05 04:10:53.399 28464  3382 E baseline.com.newsblur.network.APIResponse: 	at okhttp3.internal.http.RealInterceptorChain.proceed(RealInterceptorChain.java:142)
08-05 04:10:53.399 28464  3382 E baseline.com.newsblur.network.APIResponse: 	at okhttp3.internal.http.RealInterceptorChain.proceed(RealInterceptorChain.java:117)
08-05 04:10:53.399 28464  3382 E baseline.com.newsblur.network.APIResponse: 	at okhttp3.RealCall.getResponseWithInterceptorChain(RealCall.java:229)
08-05 04:10:53.399 28464  3382 E baseline.com.newsblur.network.APIResponse: 	at okhttp3.RealCall.execute(RealCall.java:81)
08-05 04:10:53.399 28464  3382 E baseline.com.newsblur.network.APIResponse: 	at baseline.com.newsblur.network.APIResponse.<init>(APIResponse.java:57)
08-05 04:10:53.399 28464  3382 E baseline.com.newsblur.network.APIResponse: 	at baseline.com.newsblur.network.APIResponse.<init>(APIResponse.java:43)
08-05 04:10:53.399 28464  3382 E baseline.com.newsblur.network.APIResponse: 	at baseline.com.newsblur.network.APIManager.post_single(APIManager.java:702)
08-05 04:10:53.399 28464  3382 E baseline.com.newsblur.network.APIResponse: 	at baseline.com.newsblur.network.APIManager.post(APIManager.java:675)
08-05 04:10:53.399 28464  3382 E baseline.com.newsblur.network.APIResponse: 	at baseline.com.newsblur.network.APIManager.post(APIManager.java:714)
08-05 04:10:53.399 28464  3382 E baseline.com.newsblur.network.APIResponse: 	at baseline.com.newsblur.network.APIManager.markStoryAsRead(APIManager.java:205)
08-05 04:10:53.399 28464  3382 E baseline.com.newsblur.network.APIResponse: 	at baseline.com.newsblur.util.ReadingAction.doRemote(ReadingAction.java:281)
08-05 04:10:53.399 28464  3382 E baseline.com.newsblur.network.APIResponse: 	at baseline.com.newsblur.service.NBSyncService.syncActions(NBSyncService.java:400)
08-05 04:10:53.399 28464  3382 E baseline.com.newsblur.network.APIResponse: 	at baseline.com.newsblur.service.NBSyncService.doSync(NBSyncService.java:298)
08-05 04:10:53.399 28464  3382 E baseline.com.newsblur.network.APIResponse: 	at baseline.com.newsblur.service.NBSyncService.access$100(NBSyncService.java:67)
08-05 04:10:53.399 28464  3382 E baseline.com.newsblur.network.APIResponse: 	at baseline.com.newsblur.service.NBSyncService$1.run(NBSyncService.java:188)
08-05 04:10:53.399 28464  3382 E baseline.com.newsblur.network.APIResponse: 	at java.util.concurrent.ThreadPoolExecutor.runWorker(ThreadPoolExecutor.java:1113)
08-05 04:10:53.399 28464  3382 E baseline.com.newsblur.network.APIResponse: 	at java.util.concurrent.ThreadPoolExecutor$Worker.run(ThreadPoolExecutor.java:588)
08-05 04:10:53.399 28464  3382 E baseline.com.newsblur.network.APIResponse: 	at java.lang.Thread.run(Thread.java:818)
08-05 04:10:53.399 28464  3382 E baseline.com.newsblur.network.APIResponse: Caused by: java.io.EOFException: \n not found: limit=0 content=
08-05 04:10:53.399 28464  3382 E baseline.com.newsblur.network.APIResponse: 	at okio.RealBufferedSource.readUtf8LineStrict(RealBufferedSource.java:240)
08-05 04:10:53.399 28464  3382 E baseline.com.newsblur.network.APIResponse: 	at okhttp3.internal.http1.Http1ExchangeCodec.readHeaderLine(Http1ExchangeCodec.java:242)
08-05 04:10:53.399 28464  3382 E baseline.com.newsblur.network.APIResponse: 	at okhttp3.internal.http1.Http1ExchangeCodec.readResponseHeaders(Http1ExchangeCodec.java:213)
08-05 04:10:53.399 28464  3382 E baseline.com.newsblur.network.APIResponse: 	... 30 more
08-05 04:10:53.400 28464  3382 I baseline.com.newsblur.network.APIManager: API call failed, pausing before retry number 2
08-05 04:10:53.446 28464  2651 I art     : Starting a blocking GC Explicit
08-05 04:10:53.489 28464  2651 I art     : Explicit concurrent mark sweep GC freed 4428(378KB) AllocSpace objects, 3(60KB) LOS objects, 27% free, 41MB/57MB, paused 1.102ms total 42.290ms
08-05 04:10:53.499 28464  2651 I art     : Starting a blocking GC Explicit
08-05 04:10:53.541 28464  2651 I art     : Explicit concurrent mark sweep GC freed 264(11KB) AllocSpace objects, 0(0B) LOS objects, 27% free, 41MB/57MB, paused 1.050ms total 41.822ms
08-05 04:10:53.553   518   646 I ThermalEngine: ACTION: GPU - Setting GPU[0] to 450000000
08-05 04:10:53.554 28464  2651 I art     : Starting a blocking GC Explicit
08-05 04:10:53.609 28464  2651 I art     : Explicit concurrent mark sweep GC freed 10(320B) AllocSpace objects, 0(0B) LOS objects, 27% free, 41MB/57MB, paused 1.454ms total 54.163ms
08-05 04:10:53.622 28464  2651 I art     : Starting a blocking GC Explicit
08-05 04:10:53.676 28464  2651 I art     : Explicit concurrent mark sweep GC freed 11(352B) AllocSpace objects, 0(0B) LOS objects, 27% free, 41MB/57MB, paused 1.539ms total 53.492ms
08-05 04:10:53.690 28464  2651 I art     : Starting a blocking GC Explicit
08-05 04:10:53.743 28464  2651 I art     : Explicit concurrent mark sweep GC freed 11(352B) AllocSpace objects, 0(0B) LOS objects, 27% free, 41MB/57MB, paused 1.410ms total 52.942ms
08-05 04:10:54.115 28464 28475 I art     : Starting a blocking GC Explicit
08-05 04:10:54.181 28464 28475 I art     : Explicit concurrent mark sweep GC freed 1534(86KB) AllocSpace objects, 1(20KB) LOS objects, 27% free, 41MB/57MB, paused 1.476ms total 65.271ms
08-05 04:10:54.196 28464 28475 I art     : Starting a blocking GC Explicit
08-05 04:10:54.240  1294  1294 I ServiceManager: Waiting for service AtCmdFwd...
08-05 04:10:54.255 28464 28475 I art     : Explicit concurrent mark sweep GC freed 31(1072B) AllocSpace objects, 0(0B) LOS objects, 27% free, 41MB/57MB, paused 1.498ms total 58.861ms
08-05 04:10:54.256 28464 28474 I art     : WaitForGcToComplete blocked for 20.834ms for cause HeapTrim
08-05 04:10:54.271 28464 28475 I art     : Starting a blocking GC Explicit
08-05 04:10:54.328 28464 28475 I art     : Explicit concurrent mark sweep GC freed 12(384B) AllocSpace objects, 0(0B) LOS objects, 27% free, 41MB/57MB, paused 1.530ms total 56.691ms
08-05 04:10:54.343 28464 28475 I art     : Starting a blocking GC Explicit
08-05 04:10:54.401 28464 28475 I art     : Explicit concurrent mark sweep GC freed 6(192B) AllocSpace objects, 0(0B) LOS objects, 27% free, 41MB/57MB, paused 1.498ms total 57.746ms
08-05 04:10:54.415 28464 28475 I art     : Starting a blocking GC Explicit
08-05 04:10:54.474 28464 28475 I art     : Explicit concurrent mark sweep GC freed 3(96B) AllocSpace objects, 0(0B) LOS objects, 27% free, 41MB/57MB, paused 1.556ms total 58.636ms
08-05 04:10:54.528  4666  4666 D AndroidRuntime: >>>>>> START com.android.internal.os.RuntimeInit uid 2000 <<<<<<
08-05 04:10:54.534  4666  4666 D AndroidRuntime: CheckJNI is OFF
08-05 04:10:54.578  4666  4666 D ICU     : No timezone override file found: /data/misc/zoneinfo/current/icu/icu_tzdata.dat
08-05 04:10:54.624  4666  4666 I Radio-JNI: register_android_hardware_Radio DONE
08-05 04:10:54.653  4666  4666 D AndroidRuntime: Calling main entry com.android.commands.input.Input
08-05 04:10:54.656  4666  4666 I Input   : injectMotionEvent: MotionEvent { action=ACTION_DOWN, actionButton=0, id[0]=0, x[0]=553.0, y[0]=442.0, toolType[0]=TOOL_TYPE_UNKNOWN, buttonState=0, metaState=0, flags=0x0, edgeFlags=0x0, pointerCount=1, historySize=0, eventTime=763871068, downTime=763871068, deviceId=0, source=0x1002 }
08-05 04:10:54.662  4666  4666 I Input   : injectMotionEvent: MotionEvent { action=ACTION_UP, actionButton=0, id[0]=0, x[0]=553.0, y[0]=442.0, toolType[0]=TOOL_TYPE_UNKNOWN, buttonState=0, metaState=0, flags=0x0, edgeFlags=0x0, pointerCount=1, historySize=0, eventTime=763871068, downTime=763871068, deviceId=0, source=0x1002 }
08-05 04:10:54.664  4666  4666 D AndroidRuntime: Shutting down VM
08-05 04:10:54.732   918  4400 I ActivityManager: START u0 {cmp=baseline.com.newsblur/.activity.AllSharedStoriesItemsList (has extras)} from uid 10676 on display 0
08-05 04:10:54.755 28464  2947 I baseline.com.newsblur.database.BlurDatabaseHelper: reading session reset
08-05 04:10:54.857 28464  2651 I art     : Starting a blocking GC Explicit
08-05 04:10:54.920 28464  2651 I art     : Explicit concurrent mark sweep GC freed 3480(277KB) AllocSpace objects, 6(212KB) LOS objects, 27% free, 41MB/57MB, paused 1.535ms total 62.788ms
08-05 04:10:54.934 28464  2651 I art     : Starting a blocking GC Explicit
08-05 04:10:54.961 28464 28464 D baseline.com.newsblur.service.NBSyncService: rejecting request for feedset that is exhaused
08-05 04:10:54.968 28464 28464 W View    : requestLayout() improperly called by android.widget.FrameLayout{a614268 V.E...... ......ID 0,0-1440,18 #7f07003f app:id/footer_view_inner} during layout: running second layout pass
08-05 04:10:54.968 28464 28464 W View    : requestLayout() improperly called by android.widget.FrameLayout{2152681 V.E...... ......ID 0,0-1440,2091 #7f07003f app:id/footer_view_inner} during layout: running second layout pass
08-05 04:10:54.989   918   936 I ActivityManager: Displayed baseline.com.newsblur/.activity.AllSharedStoriesItemsList: +249ms
08-05 04:10:54.991 13866 13866 I GoogleInputMethodServic: GoogleInputMethodService.onFinishInput():3138 
08-05 04:10:54.992 13866 13866 I GoogleInputMethodServic: GoogleInputMethodService.onStartInput():1808 
08-05 04:10:54.992 28464  2651 I art     : Explicit concurrent mark sweep GC freed 1077(87KB) AllocSpace objects, 2(40KB) LOS objects, 27% free, 41MB/57MB, paused 1.643ms total 57.700ms
08-05 04:10:55.006 28464  2651 I art     : Starting a blocking GC Explicit
08-05 04:10:55.066 28464  2651 I art     : Explicit concurrent mark sweep GC freed 1382(87KB) AllocSpace objects, 6(120KB) LOS objects, 27% free, 42MB/58MB, paused 1.635ms total 59.851ms
08-05 04:10:55.083 28464  2651 I art     : Starting a blocking GC Explicit
08-05 04:10:55.115 28464  2683 I NAPPA_EXPERIMENTATION: MetricNetworkRequestExecutionTime: REQUEST_DURATION_SYSTEM='74',REQUEST_DURATION_OKHTTP='73',REQUEST_SYNCHRONOUS='TRUE',RESPONSE_CODE='200',RESPONSE_METHOD='GET',RESPONSE_LENGTH_OKHTTP='43',RESPONSE_LENGTH_HEADER='43',REQUEST_PROTOCOL='http/1.1',REQUEST_URL='http://feeds.feedburner.com/~r/retort/~4/UffaFMiJbNs',
08-05 04:10:55.140 28464  2651 I art     : Explicit concurrent mark sweep GC freed 406(37KB) AllocSpace objects, 1(20KB) LOS objects, 27% free, 41MB/57MB, paused 1.738ms total 56.939ms
08-05 04:10:55.154 28464  2651 I art     : Starting a blocking GC Explicit
08-05 04:10:55.210 28464  2651 I art     : Explicit concurrent mark sweep GC freed 112(4KB) AllocSpace objects, 0(0B) LOS objects, 27% free, 41MB/57MB, paused 1.413ms total 55.570ms
08-05 04:10:55.240  1294  1294 I ServiceManager: Waiting for service AtCmdFwd...
08-05 04:10:55.613 28464  2651 I art     : Starting a blocking GC Explicit
08-05 04:10:55.679 28464  2651 I art     : Explicit concurrent mark sweep GC freed 1858(112KB) AllocSpace objects, 2(40KB) LOS objects, 27% free, 41MB/57MB, paused 1.846ms total 65.719ms
08-05 04:10:55.697 28464  2651 I art     : Starting a blocking GC Explicit
08-05 04:10:55.758 28464  2651 I art     : Explicit concurrent mark sweep GC freed 29(1072B) AllocSpace objects, 0(0B) LOS objects, 27% free, 41MB/57MB, paused 1.606ms total 60.234ms
08-05 04:10:55.772 28464  2651 I art     : Starting a blocking GC Explicit
08-05 04:10:55.834 28464  2651 I art     : Explicit concurrent mark sweep GC freed 3(96B) AllocSpace objects, 0(0B) LOS objects, 27% free, 41MB/57MB, paused 1.548ms total 61.891ms
08-05 04:10:55.849 28464  2651 I art     : Starting a blocking GC Explicit
08-05 04:10:55.910 28464  2651 I art     : Explicit concurrent mark sweep GC freed 3(96B) AllocSpace objects, 0(0B) LOS objects, 27% free, 41MB/57MB, paused 1.604ms total 61.203ms
08-05 04:10:55.925 28464  2651 I art     : Starting a blocking GC Explicit
08-05 04:10:55.989 28464  2651 I art     : Explicit concurrent mark sweep GC freed 3(96B) AllocSpace objects, 0(0B) LOS objects, 27% free, 41MB/57MB, paused 1.774ms total 62.972ms
08-05 04:10:56.240  1294  1294 I ServiceManager: Waiting for service AtCmdFwd...
08-05 04:10:56.399 28464  2651 I art     : Starting a blocking GC Explicit
08-05 04:10:56.469 28464  2651 I art     : Explicit concurrent mark sweep GC freed 1565(87KB) AllocSpace objects, 1(20KB) LOS objects, 27% free, 41MB/57MB, paused 1.769ms total 69.503ms
08-05 04:10:56.484 28464  2651 I art     : Starting a blocking GC Explicit
08-05 04:10:56.551 28464  2651 I art     : Explicit concurrent mark sweep GC freed 93(4KB) AllocSpace objects, 0(0B) LOS objects, 27% free, 41MB/57MB, paused 1.763ms total 67.279ms
08-05 04:10:56.567 28464  2651 I art     : Starting a blocking GC Explicit
08-05 04:10:56.637 28464  2651 I art     : Explicit concurrent mark sweep GC freed 12(1408B) AllocSpace objects, 0(0B) LOS objects, 27% free, 41MB/57MB, paused 1.641ms total 69.306ms
08-05 04:10:56.656 28464  2651 I art     : Starting a blocking GC Explicit
08-05 04:10:56.722 28464  2651 I art     : Explicit concurrent mark sweep GC freed 3(96B) AllocSpace objects, 0(0B) LOS objects, 27% free, 41MB/57MB, paused 1.674ms total 65.935ms
08-05 04:10:56.737 28464  2651 I art     : Starting a blocking GC Explicit
08-05 04:10:56.802 28464  2651 I art     : Explicit concurrent mark sweep GC freed 3(96B) AllocSpace objects, 0(0B) LOS objects, 27% free, 41MB/57MB, paused 1.709ms total 65.097ms
08-05 04:10:57.019 28464  3382 E baseline.com.newsblur.network.APIResponse: Error (unexpected end of stream on https://www.newsblur.com/...) calling https://www.newsblur.com/reader/mark_story_hashes_as_read/
08-05 04:10:57.019 28464  3382 E baseline.com.newsblur.network.APIResponse: java.io.IOException: unexpected end of stream on https://www.newsblur.com/...
08-05 04:10:57.019 28464  3382 E baseline.com.newsblur.network.APIResponse: 	at okhttp3.internal.http1.Http1ExchangeCodec.readResponseHeaders(Http1ExchangeCodec.java:236)
08-05 04:10:57.019 28464  3382 E baseline.com.newsblur.network.APIResponse: 	at okhttp3.internal.connection.Exchange.readResponseHeaders(Exchange.java:115)
08-05 04:10:57.019 28464  3382 E baseline.com.newsblur.network.APIResponse: 	at okhttp3.internal.http.CallServerInterceptor.intercept(CallServerInterceptor.java:94)
08-05 04:10:57.019 28464  3382 E baseline.com.newsblur.network.APIResponse: 	at okhttp3.internal.http.RealInterceptorChain.proceed(RealInterceptorChain.java:142)
08-05 04:10:57.019 28464  3382 E baseline.com.newsblur.network.APIResponse: 	at okhttp3.internal.connection.ConnectInterceptor.intercept(ConnectInterceptor.java:43)
08-05 04:10:57.019 28464  3382 E baseline.com.newsblur.network.APIResponse: 	at okhttp3.internal.http.RealInterceptorChain.proceed(RealInterceptorChain.java:142)
08-05 04:10:57.019 28464  3382 E baseline.com.newsblur.network.APIResponse: 	at okhttp3.internal.http.RealInterceptorChain.proceed(RealInterceptorChain.java:117)
08-05 04:10:57.019 28464  3382 E baseline.com.newsblur.network.APIResponse: 	at okhttp3.internal.cache.CacheInterceptor.intercept(CacheInterceptor.java:94)
08-05 04:10:57.019 28464  3382 E baseline.com.newsblur.network.APIResponse: 	at okhttp3.internal.http.RealInterceptorChain.proceed(RealInterceptorChain.java:142)
08-05 04:10:57.019 28464  3382 E baseline.com.newsblur.network.APIResponse: 	at okhttp3.internal.http.RealInterceptorChain.proceed(RealInterceptorChain.java:117)
08-05 04:10:57.019 28464  3382 E baseline.com.newsblur.network.APIResponse: 	at okhttp3.internal.http.BridgeInterceptor.intercept(BridgeInterceptor.java:93)
08-05 04:10:57.019 28464  3382 E baseline.com.newsblur.network.APIResponse: 	at okhttp3.internal.http.RealInterceptorChain.proceed(RealInterceptorChain.java:142)
08-05 04:10:57.019 28464  3382 E baseline.com.newsblur.network.APIResponse: 	at okhttp3.internal.http.RetryAndFollowUpInterceptor.intercept(RetryAndFollowUpInterceptor.java:88)
08-05 04:10:57.019 28464  3382 E baseline.com.newsblur.network.APIResponse: 	at okhttp3.internal.http.RealInterceptorChain.proceed(RealInterceptorChain.java:142)
08-05 04:10:57.019 28464  3382 E baseline.com.newsblur.network.APIResponse: 	at okhttp3.internal.http.RealInterceptorChain.proceed(RealInterceptorChain.java:117)
08-05 04:10:57.019 28464  3382 E baseline.com.newsblur.network.APIResponse: 	at okhttp3.RealCall.getResponseWithInterceptorChain(RealCall.java:229)
08-05 04:10:57.019 28464  3382 E baseline.com.newsblur.network.APIResponse: 	at okhttp3.RealCall.execute(RealCall.java:81)
08-05 04:10:57.019 28464  3382 E baseline.com.newsblur.network.APIResponse: 	at baseline.com.newsblur.network.APIResponse.<init>(APIResponse.java:57)
08-05 04:10:57.019 28464  3382 E baseline.com.newsblur.network.APIResponse: 	at baseline.com.newsblur.network.APIResponse.<init>(APIResponse.java:43)
08-05 04:10:57.019 28464  3382 E baseline.com.newsblur.network.APIResponse: 	at baseline.com.newsblur.network.APIManager.post_single(APIManager.java:702)
08-05 04:10:57.019 28464  3382 E baseline.com.newsblur.network.APIResponse: 	at baseline.com.newsblur.network.APIManager.post(APIManager.java:675)
08-05 04:10:57.019 28464  3382 E baseline.com.newsblur.network.APIResponse: 	at baseline.com.newsblur.network.APIManager.post(APIManager.java:714)
08-05 04:10:57.019 28464  3382 E baseline.com.newsblur.network.APIResponse: 	at baseline.com.newsblur.network.APIManager.markStoryAsRead(APIManager.java:205)
08-05 04:10:57.019 28464  3382 E baseline.com.newsblur.network.APIResponse: 	at baseline.com.newsblur.util.ReadingAction.doRemote(ReadingAction.java:281)
08-05 04:10:57.019 28464  3382 E baseline.com.newsblur.network.APIResponse: 	at baseline.com.newsblur.service.NBSyncService.syncActions(NBSyncService.java:400)
08-05 04:10:57.019 28464  3382 E baseline.com.newsblur.network.APIResponse: 	at baseline.com.newsblur.service.NBSyncService.doSync(NBSyncService.java:298)
08-05 04:10:57.019 28464  3382 E baseline.com.newsblur.network.APIResponse: 	at baseline.com.newsblur.service.NBSyncService.access$100(NBSyncService.java:67)
08-05 04:10:57.019 28464  3382 E baseline.com.newsblur.network.APIResponse: 	at baseline.com.newsblur.service.NBSyncService$1.run(NBSyncService.java:188)
08-05 04:10:57.019 28464  3382 E baseline.com.newsblur.network.APIResponse: 	at java.util.concurrent.ThreadPoolExecutor.runWorker(ThreadPoolExecutor.java:1113)
08-05 04:10:57.019 28464  3382 E baseline.com.newsblur.network.APIResponse: 	at java.util.concurrent.ThreadPoolExecutor$Worker.run(ThreadPoolExecutor.java:588)
08-05 04:10:57.019 28464  3382 E baseline.com.newsblur.network.APIResponse: 	at java.lang.Thread.run(Thread.java:818)
08-05 04:10:57.019 28464  3382 E baseline.com.newsblur.network.APIResponse: Caused by: java.io.EOFException: \n not found: limit=0 content=
08-05 04:10:57.019 28464  3382 E baseline.com.newsblur.network.APIResponse: 	at okio.RealBufferedSource.readUtf8LineStrict(RealBufferedSource.java:240)
08-05 04:10:57.019 28464  3382 E baseline.com.newsblur.network.APIResponse: 	at okhttp3.internal.http1.Http1ExchangeCodec.readHeaderLine(Http1ExchangeCodec.java:242)
08-05 04:10:57.019 28464  3382 E baseline.com.newsblur.network.APIResponse: 	at okhttp3.internal.http1.Http1ExchangeCodec.readResponseHeaders(Http1ExchangeCodec.java:213)
08-05 04:10:57.019 28464  3382 E baseline.com.newsblur.network.APIResponse: 	... 30 more
08-05 04:10:57.021 28464  3382 I baseline.com.newsblur.service.NBSyncService: Holding reading action with server-side or network error.
08-05 04:10:57.031 28464  3382 W baseline.com.newsblur.service.NBSyncService: hard API failure
08-05 04:10:57.214 28464 28475 I art     : Starting a blocking GC Explicit
08-05 04:10:57.241  1294  1294 W Atfwd_Sendcmd: AtCmdFwd service not published, waiting... retryCnt : 1
08-05 04:10:57.286 28464 28475 I art     : Explicit concurrent mark sweep GC freed 4355(406KB) AllocSpace objects, 5(100KB) LOS objects, 27% free, 41MB/57MB, paused 1.748ms total 71.809ms
08-05 04:10:57.305 28464 28475 I art     : Starting a blocking GC Explicit
08-05 04:10:57.370 28464 28475 I art     : Explicit concurrent mark sweep GC freed 140(5KB) AllocSpace objects, 0(0B) LOS objects, 27% free, 41MB/57MB, paused 1.649ms total 64.952ms
08-05 04:10:57.385 28464 28475 I art     : Starting a blocking GC Explicit
08-05 04:10:57.452 28464 28475 I art     : Explicit concurrent mark sweep GC freed 3(96B) AllocSpace objects, 0(0B) LOS objects, 27% free, 41MB/57MB, paused 1.726ms total 66.429ms
08-05 04:10:57.467 28464 28475 I art     : Starting a blocking GC Explicit
08-05 04:10:57.535 28464 28475 I art     : Explicit concurrent mark sweep GC freed 3(96B) AllocSpace objects, 0(0B) LOS objects, 27% free, 41MB/57MB, paused 1.705ms total 67.006ms
08-05 04:10:57.550 28464 28475 I art     : Starting a blocking GC Explicit
08-05 04:10:57.617 28464 28475 I art     : Explicit concurrent mark sweep GC freed 3(96B) AllocSpace objects, 0(0B) LOS objects, 27% free, 41MB/57MB, paused 1.667ms total 66.955ms
08-05 04:10:57.720 28464  3382 E baseline.com.newsblur.network.APIResponse: Error (unexpected end of stream on https://www.newsblur.com/...) calling https://www.newsblur.com/reader/mark_story_hashes_as_read/
08-05 04:10:57.720 28464  3382 E baseline.com.newsblur.network.APIResponse: java.io.IOException: unexpected end of stream on https://www.newsblur.com/...
08-05 04:10:57.720 28464  3382 E baseline.com.newsblur.network.APIResponse: 	at okhttp3.internal.http1.Http1ExchangeCodec.readResponseHeaders(Http1ExchangeCodec.java:236)
08-05 04:10:57.720 28464  3382 E baseline.com.newsblur.network.APIResponse: 	at okhttp3.internal.connection.Exchange.readResponseHeaders(Exchange.java:115)
08-05 04:10:57.720 28464  3382 E baseline.com.newsblur.network.APIResponse: 	at okhttp3.internal.http.CallServerInterceptor.intercept(CallServerInterceptor.java:94)
08-05 04:10:57.720 28464  3382 E baseline.com.newsblur.network.APIResponse: 	at okhttp3.internal.http.RealInterceptorChain.proceed(RealInterceptorChain.java:142)
08-05 04:10:57.720 28464  3382 E baseline.com.newsblur.network.APIResponse: 	at okhttp3.internal.connection.ConnectInterceptor.intercept(ConnectInterceptor.java:43)
08-05 04:10:57.720 28464  3382 E baseline.com.newsblur.network.APIResponse: 	at okhttp3.internal.http.RealInterceptorChain.proceed(RealInterceptorChain.java:142)
08-05 04:10:57.720 28464  3382 E baseline.com.newsblur.network.APIResponse: 	at okhttp3.internal.http.RealInterceptorChain.proceed(RealInterceptorChain.java:117)
08-05 04:10:57.720 28464  3382 E baseline.com.newsblur.network.APIResponse: 	at okhttp3.internal.cache.CacheInterceptor.intercept(CacheInterceptor.java:94)
08-05 04:10:57.720 28464  3382 E baseline.com.newsblur.network.APIResponse: 	at okhttp3.internal.http.RealInterceptorChain.proceed(RealInterceptorChain.java:142)
08-05 04:10:57.720 28464  3382 E baseline.com.newsblur.network.APIResponse: 	at okhttp3.internal.http.RealInterceptorChain.proceed(RealInterceptorChain.java:117)
08-05 04:10:57.720 28464  3382 E baseline.com.newsblur.network.APIResponse: 	at okhttp3.internal.http.BridgeInterceptor.intercept(BridgeInterceptor.java:93)
08-05 04:10:57.720 28464  3382 E baseline.com.newsblur.network.APIResponse: 	at okhttp3.internal.http.RealInterceptorChain.proceed(RealInterceptorChain.java:142)
08-05 04:10:57.720 28464  3382 E baseline.com.newsblur.network.APIResponse: 	at okhttp3.internal.http.RetryAndFollowUpInterceptor.intercept(RetryAndFollowUpInterceptor.java:88)
08-05 04:10:57.720 28464  3382 E baseline.com.newsblur.network.APIResponse: 	at okhttp3.internal.http.RealInterceptorChain.proceed(RealInterceptorChain.java:142)
08-05 04:10:57.720 28464  3382 E baseline.com.newsblur.network.APIResponse: 	at okhttp3.internal.http.RealInterceptorChain.proceed(RealInterceptorChain.java:117)
08-05 04:10:57.720 28464  3382 E baseline.com.newsblur.network.APIResponse: 	at okhttp3.RealCall.getResponseWithInterceptorChain(RealCall.java:229)
08-05 04:10:57.720 28464  3382 E baseline.com.newsblur.network.APIResponse: 	at okhttp3.RealCall.execute(RealCall.java:81)
08-05 04:10:57.720 28464  3382 E baseline.com.newsblur.network.APIResponse: 	at baseline.com.newsblur.network.APIResponse.<init>(APIResponse.java:57)
08-05 04:10:57.720 28464  3382 E baseline.com.newsblur.network.APIResponse: 	at baseline.com.newsblur.network.APIResponse.<init>(APIResponse.java:43)
08-05 04:10:57.720 28464  3382 E baseline.com.newsblur.network.APIResponse: 	at baseline.com.newsblur.network.APIManager.post_single(APIManager.java:702)
08-05 04:10:57.720 28464  3382 E baseline.com.newsblur.network.APIResponse: 	at baseline.com.newsblur.network.APIManager.post(APIManager.java:675)
08-05 04:10:57.720 28464  3382 E baseline.com.newsblur.network.APIResponse: 	at baseline.com.newsblur.network.APIManager.post(APIManager.java:714)
08-05 04:10:57.720 28464  3382 E baseline.com.newsblur.network.APIResponse: 	at baseline.com.newsblur.network.APIManager.markStoryAsRead(APIManager.java:205)
08-05 04:10:57.720 28464  3382 E baseline.com.newsblur.network.APIResponse: 	at baseline.com.newsblur.util.ReadingAction.doRemote(ReadingAction.java:281)
08-05 04:10:57.720 28464  3382 E baseline.com.newsblur.network.APIResponse: 	at baseline.com.newsblur.service.NBSyncService.syncActions(NBSyncService.java:400)
08-05 04:10:57.720 28464  3382 E baseline.com.newsblur.network.APIResponse: 	at baseline.com.newsblur.service.NBSyncService.doSync(NBSyncService.java:298)
08-05 04:10:57.720 28464  3382 E baseline.com.newsblur.network.APIResponse: 	at baseline.com.newsblur.service.NBSyncService.access$100(NBSyncService.java:67)
08-05 04:10:57.720 28464  3382 E baseline.com.newsblur.network.APIResponse: 	at baseline.com.newsblur.service.NBSyncService$1.run(NBSyncService.java:188)
08-05 04:10:57.720 28464  3382 E baseline.com.newsblur.network.APIResponse: 	at java.util.concurrent.ThreadPoolExecutor.runWorker(ThreadPoolExecutor.java:1113)
08-05 04:10:57.720 28464  3382 E baseline.com.newsblur.network.APIResponse: 	at java.util.concurrent.ThreadPoolExecutor$Worker.run(ThreadPoolExecutor.java:588)
08-05 04:10:57.720 28464  3382 E baseline.com.newsblur.network.APIResponse: 	at java.lang.Thread.run(Thread.java:818)
08-05 04:10:57.720 28464  3382 E baseline.com.newsblur.network.APIResponse: Caused by: java.io.EOFException: \n not found: limit=0 content=
08-05 04:10:57.720 28464  3382 E baseline.com.newsblur.network.APIResponse: 	at okio.RealBufferedSource.readUtf8LineStrict(RealBufferedSource.java:240)
08-05 04:10:57.720 28464  3382 E baseline.com.newsblur.network.APIResponse: 	at okhttp3.internal.http1.Http1ExchangeCodec.readHeaderLine(Http1ExchangeCodec.java:242)
08-05 04:10:57.720 28464  3382 E baseline.com.newsblur.network.APIResponse: 	at okhttp3.internal.http1.Http1ExchangeCodec.readResponseHeaders(Http1ExchangeCodec.java:213)
08-05 04:10:57.720 28464  3382 E baseline.com.newsblur.network.APIResponse: 	... 30 more
08-05 04:10:57.723 28464  3382 I baseline.com.newsblur.network.APIManager: API call failed, pausing before retry number 1
08-05 04:10:57.910   918  3188 I hubconnection: sensorhub said: 'set_bias 3: -6.2400, 0.0000, 0.0000'
08-05 04:10:58.040 28464 28476 I art     : Starting a blocking GC Explicit
08-05 04:10:58.112 28464 28476 I art     : Explicit concurrent mark sweep GC freed 3958(358KB) AllocSpace objects, 3(60KB) LOS objects, 27% free, 41MB/57MB, paused 1.743ms total 72.011ms
08-05 04:10:58.131 28464 28476 I art     : Starting a blocking GC Explicit
08-05 04:10:58.198 28464 28476 I art     : Explicit concurrent mark sweep GC freed 120(4KB) AllocSpace objects, 0(0B) LOS objects, 27% free, 41MB/57MB, paused 1.665ms total 66.763ms
08-05 04:10:58.212 28464 28476 I art     : Starting a blocking GC Explicit
08-05 04:10:58.278 28464 28476 I art     : Explicit concurrent mark sweep GC freed 3(96B) AllocSpace objects, 0(0B) LOS objects, 27% free, 41MB/57MB, paused 1.715ms total 65.381ms
08-05 04:10:58.293 28464 28476 I art     : Starting a blocking GC Explicit
08-05 04:10:58.363 28464 28476 I art     : Explicit concurrent mark sweep GC freed 3(96B) AllocSpace objects, 0(0B) LOS objects, 27% free, 41MB/57MB, paused 1.651ms total 69.169ms
08-05 04:10:58.380 28464 28476 I art     : Starting a blocking GC Explicit
08-05 04:10:58.447 28464 28476 I art     : Explicit concurrent mark sweep GC freed 3(96B) AllocSpace objects, 0(0B) LOS objects, 27% free, 41MB/57MB, paused 1.647ms total 66.414ms
08-05 04:10:58.853 28464  2648 I art     : Starting a blocking GC Explicit
08-05 04:10:58.916 28464  2648 I art     : Explicit concurrent mark sweep GC freed 1443(83KB) AllocSpace objects, 1(20KB) LOS objects, 27% free, 41MB/57MB, paused 1.653ms total 62.318ms
08-05 04:10:58.931 28464  2648 I art     : Starting a blocking GC Explicit
08-05 04:10:59.000 28464  2648 I art     : Explicit concurrent mark sweep GC freed 22(784B) AllocSpace objects, 0(0B) LOS objects, 27% free, 41MB/57MB, paused 1.549ms total 68.084ms
08-05 04:10:59.020 28464  2648 I art     : Starting a blocking GC Explicit
08-05 04:10:59.086 28464  2648 I art     : Explicit concurrent mark sweep GC freed 3(96B) AllocSpace objects, 0(0B) LOS objects, 27% free, 41MB/57MB, paused 1.612ms total 66.231ms
08-05 04:10:59.101 28464  2648 I art     : Starting a blocking GC Explicit
08-05 04:10:59.166 28464  2648 I art     : Explicit concurrent mark sweep GC freed 3(96B) AllocSpace objects, 0(0B) LOS objects, 27% free, 41MB/57MB, paused 1.620ms total 64.507ms
08-05 04:10:59.181 28464  2648 I art     : Starting a blocking GC Explicit
08-05 04:10:59.247 28464  2648 I art     : Explicit concurrent mark sweep GC freed 94(3KB) AllocSpace objects, 0(0B) LOS objects, 27% free, 41MB/57MB, paused 1.666ms total 65.769ms
08-05 04:10:59.286   918  3261 D WifiStateMachine: starting scan for "H369AA63323"WPA_PSK with 2412,5180
08-05 04:10:59.564   518   646 I ThermalEngine: ACTION: GPU - Setting GPU[0] to 510000000
08-05 04:10:59.636 28464  2651 I art     : Starting a blocking GC Explicit
08-05 04:10:59.689 28464  2651 I art     : Explicit concurrent mark sweep GC freed 1522(90KB) AllocSpace objects, 1(20KB) LOS objects, 27% free, 41MB/57MB, paused 1.319ms total 52.592ms
08-05 04:10:59.705 28464  2651 I art     : Starting a blocking GC Explicit
08-05 04:10:59.752 28464  2651 I art     : Explicit concurrent mark sweep GC freed 1689(65KB) AllocSpace objects, 0(0B) LOS objects, 27% free, 41MB/57MB, paused 1.252ms total 47.591ms
08-05 04:10:59.764 28464  2651 I art     : Starting a blocking GC Explicit
08-05 04:10:59.772 28464  3382 E baseline.com.newsblur.network.APIResponse: Error (unexpected end of stream on https://www.newsblur.com/...) calling https://www.newsblur.com/reader/mark_story_hashes_as_read/
08-05 04:10:59.772 28464  3382 E baseline.com.newsblur.network.APIResponse: java.io.IOException: unexpected end of stream on https://www.newsblur.com/...
08-05 04:10:59.772 28464  3382 E baseline.com.newsblur.network.APIResponse: 	at okhttp3.internal.http1.Http1ExchangeCodec.readResponseHeaders(Http1ExchangeCodec.java:236)
08-05 04:10:59.772 28464  3382 E baseline.com.newsblur.network.APIResponse: 	at okhttp3.internal.connection.Exchange.readResponseHeaders(Exchange.java:115)
08-05 04:10:59.772 28464  3382 E baseline.com.newsblur.network.APIResponse: 	at okhttp3.internal.http.CallServerInterceptor.intercept(CallServerInterceptor.java:94)
08-05 04:10:59.772 28464  3382 E baseline.com.newsblur.network.APIResponse: 	at okhttp3.internal.http.RealInterceptorChain.proceed(RealInterceptorChain.java:142)
08-05 04:10:59.772 28464  3382 E baseline.com.newsblur.network.APIResponse: 	at okhttp3.internal.connection.ConnectInterceptor.intercept(ConnectInterceptor.java:43)
08-05 04:10:59.772 28464  3382 E baseline.com.newsblur.network.APIResponse: 	at okhttp3.internal.http.RealInterceptorChain.proceed(RealInterceptorChain.java:142)
08-05 04:10:59.772 28464  3382 E baseline.com.newsblur.network.APIResponse: 	at okhttp3.internal.http.RealInterceptorChain.proceed(RealInterceptorChain.java:117)
08-05 04:10:59.772 28464  3382 E baseline.com.newsblur.network.APIResponse: 	at okhttp3.internal.cache.CacheInterceptor.intercept(CacheInterceptor.java:94)
08-05 04:10:59.772 28464  3382 E baseline.com.newsblur.network.APIResponse: 	at okhttp3.internal.http.RealInterceptorChain.proceed(RealInterceptorChain.java:142)
08-05 04:10:59.772 28464  3382 E baseline.com.newsblur.network.APIResponse: 	at okhttp3.internal.http.RealInterceptorChain.proceed(RealInterceptorChain.java:117)
08-05 04:10:59.772 28464  3382 E baseline.com.newsblur.network.APIResponse: 	at okhttp3.internal.http.BridgeInterceptor.intercept(BridgeInterceptor.java:93)
08-05 04:10:59.772 28464  3382 E baseline.com.newsblur.network.APIResponse: 	at okhttp3.internal.http.RealInterceptorChain.proceed(RealInterceptorChain.java:142)
08-05 04:10:59.772 28464  3382 E baseline.com.newsblur.network.APIResponse: 	at okhttp3.internal.http.RetryAndFollowUpInterceptor.intercept(RetryAndFollowUpInterceptor.java:88)
08-05 04:10:59.772 28464  3382 E baseline.com.newsblur.network.APIResponse: 	at okhttp3.internal.http.RealInterceptorChain.proceed(RealInterceptorChain.java:142)
08-05 04:10:59.772 28464  3382 E baseline.com.newsblur.network.APIResponse: 	at okhttp3.internal.http.RealInterceptorChain.proceed(RealInterceptorChain.java:117)
08-05 04:10:59.772 28464  3382 E baseline.com.newsblur.network.APIResponse: 	at okhttp3.RealCall.getResponseWithInterceptorChain(RealCall.java:229)
08-05 04:10:59.772 28464  3382 E baseline.com.newsblur.network.APIResponse: 	at okhttp3.RealCall.execute(RealCall.java:81)
08-05 04:10:59.772 28464  3382 E baseline.com.newsblur.network.APIResponse: 	at baseline.com.newsblur.network.APIResponse.<init>(APIResponse.java:57)
08-05 04:10:59.772 28464  3382 E baseline.com.newsblur.network.APIResponse: 	at baseline.com.newsblur.network.APIResponse.<init>(APIResponse.java:43)
08-05 04:10:59.772 28464  3382 E baseline.com.newsblur.network.APIResponse: 	at baseline.com.newsblur.network.APIManager.post_single(APIManager.java:702)
08-05 04:10:59.772 28464  3382 E baseline.com.newsblur.network.APIResponse: 	at baseline.com.newsblur.network.APIManager.post(APIManager.java:675)
08-05 04:10:59.772 28464  3382 E baseline.com.newsblur.network.APIResponse: 	at baseline.com.newsblur.network.APIManager.post(APIManager.java:714)
08-05 04:10:59.772 28464  3382 E baseline.com.newsblur.network.APIResponse: 	at baseline.com.newsblur.network.APIManager.markStoryAsRead(APIManager.java:205)
08-05 04:10:59.772 28464  3382 E baseline.com.newsblur.network.APIResponse: 	at baseline.com.newsblur.util.ReadingAction.doRemote(ReadingAction.java:281)
08-05 04:10:59.772 28464  3382 E baseline.com.newsblur.network.APIResponse: 	at baseline.com.newsblur.service.NBSyncService.syncActions(NBSyncService.java:400)
08-05 04:10:59.772 28464  3382 E baseline.com.newsblur.network.APIResponse: 	at baseline.com.newsblur.service.NBSyncService.doSync(NBSyncService.java:298)
08-05 04:10:59.772 28464  3382 E baseline.com.newsblur.network.APIResponse: 	at baseline.com.newsblur.service.NBSyncService.access$100(NBSyncService.java:67)
08-05 04:10:59.772 28464  3382 E baseline.com.newsblur.network.APIResponse: 	at baseline.com.newsblur.service.NBSyncService$1.run(NBSyncService.java:188)
08-05 04:10:59.772 28464  3382 E baseline.com.newsblur.network.APIResponse: 	at java.util.concurrent.ThreadPoolExecutor.runWorker(ThreadPoolExecutor.java:1113)
08-05 04:10:59.772 28464  3382 E baseline.com.newsblur.network.APIResponse: 	at java.util.concurrent.ThreadPoolExecutor$Worker.run(ThreadPoolExecutor.java:588)
08-05 04:10:59.772 28464  3382 E baseline.com.newsblur.network.APIResponse: 	at java.lang.Thread.run(Thread.java:818)
08-05 04:10:59.772 28464  3382 E baseline.com.newsblur.network.APIResponse: Caused by: java.io.EOFException: \n not found: limit=0 content=
08-05 04:10:59.772 28464  3382 E baseline.com.newsblur.network.APIResponse: 	at okio.RealBufferedSource.readUtf8LineStrict(RealBufferedSource.java:240)
08-05 04:10:59.772 28464  3382 E baseline.com.newsblur.network.APIResponse: 	at okhttp3.internal.http1.Http1ExchangeCodec.readHeaderLine(Http1ExchangeCodec.java:242)
08-05 04:10:59.772 28464  3382 E baseline.com.newsblur.network.APIResponse: 	at okhttp3.internal.http1.Http1ExchangeCodec.readResponseHeaders(Http1ExchangeCodec.java:213)
08-05 04:10:59.772 28464  3382 E baseline.com.newsblur.network.APIResponse: 	... 30 more
08-05 04:10:59.774 28464  3382 I baseline.com.newsblur.network.APIManager: API call failed, pausing before retry number 2
08-05 04:10:59.813 28464  2651 I art     : Explicit concurrent mark sweep GC freed 816(196KB) AllocSpace objects, 2(40KB) LOS objects, 27% free, 41MB/57MB, paused 1.259ms total 48.996ms
08-05 04:10:59.825 28464  2651 I art     : Starting a blocking GC Explicit
08-05 04:10:59.874 28464  2651 I art     : Explicit concurrent mark sweep GC freed 109(16KB) AllocSpace objects, 0(0B) LOS objects, 27% free, 41MB/57MB, paused 1.173ms total 48.906ms
08-05 04:10:59.885 28464  2651 I art     : Starting a blocking GC Explicit
08-05 04:10:59.936 28464  2651 I art     : Explicit concurrent mark sweep GC freed 20(672B) AllocSpace objects, 0(0B) LOS objects, 27% free, 41MB/57MB, paused 1.218ms total 50.076ms
08-05 04:11:00.301 28464 28475 I art     : Starting a blocking GC Explicit
08-05 04:11:00.354 28464 28475 I art     : Explicit concurrent mark sweep GC freed 1442(83KB) AllocSpace objects, 1(20KB) LOS objects, 27% free, 41MB/57MB, paused 1.252ms total 52.771ms
08-05 04:11:00.366 28464 28475 I art     : Starting a blocking GC Explicit
08-05 04:11:00.417 28464 28475 I art     : Explicit concurrent mark sweep GC freed 22(784B) AllocSpace objects, 0(0B) LOS objects, 27% free, 41MB/57MB, paused 1.227ms total 51.244ms
08-05 04:11:00.429 28464 28475 I art     : Starting a blocking GC Explicit
08-05 04:11:00.480 28464 28475 I art     : Explicit concurrent mark sweep GC freed 3(96B) AllocSpace objects, 0(0B) LOS objects, 27% free, 41MB/57MB, paused 1.252ms total 51.105ms
08-05 04:11:00.492 28464 28475 I art     : Starting a blocking GC Explicit
08-05 04:11:00.544 28464 28475 I art     : Explicit concurrent mark sweep GC freed 3(96B) AllocSpace objects, 0(0B) LOS objects, 27% free, 41MB/57MB, paused 1.220ms total 51.588ms
08-05 04:11:00.556 28464 28475 I art     : Starting a blocking GC Explicit
08-05 04:11:00.608 28464 28475 I art     : Explicit concurrent mark sweep GC freed 3(96B) AllocSpace objects, 0(0B) LOS objects, 27% free, 41MB/57MB, paused 1.275ms total 51.372ms
08-05 04:11:00.959 28464 28476 I art     : Starting a blocking GC Explicit
08-05 04:11:01.013 28464 28476 I art     : Explicit concurrent mark sweep GC freed 1441(82KB) AllocSpace objects, 1(20KB) LOS objects, 27% free, 41MB/57MB, paused 1.278ms total 53.174ms
08-05 04:11:01.028 28464 28476 I art     : Starting a blocking GC Explicit
08-05 04:11:01.074 28464 28476 I art     : Explicit concurrent mark sweep GC freed 22(784B) AllocSpace objects, 0(0B) LOS objects, 27% free, 41MB/57MB, paused 1.120ms total 45.656ms
08-05 04:11:01.086 28464 28476 I art     : Starting a blocking GC Explicit
08-05 04:11:01.130 28464 28476 I art     : Explicit concurrent mark sweep GC freed 3(96B) AllocSpace objects, 0(0B) LOS objects, 27% free, 41MB/57MB, paused 1.136ms total 44.050ms
08-05 04:11:01.141 28464 28476 I art     : Starting a blocking GC Explicit
08-05 04:11:01.185 28464 28476 I art     : Explicit concurrent mark sweep GC freed 3(96B) AllocSpace objects, 0(0B) LOS objects, 27% free, 41MB/57MB, paused 1.071ms total 44.467ms
08-05 04:11:01.196 28464 28476 I art     : Starting a blocking GC Explicit
08-05 04:11:01.241 28464 28476 I art     : Explicit concurrent mark sweep GC freed 3(96B) AllocSpace objects, 0(0B) LOS objects, 27% free, 41MB/57MB, paused 1.130ms total 44.371ms
08-05 04:11:01.626 28464  2648 I art     : Starting a blocking GC Explicit
08-05 04:11:01.678 28464  2648 I art     : Explicit concurrent mark sweep GC freed 1441(82KB) AllocSpace objects, 1(20KB) LOS objects, 27% free, 41MB/57MB, paused 1.349ms total 51.828ms
08-05 04:11:01.690 28464  2648 I art     : Starting a blocking GC Explicit
08-05 04:11:01.742 28464  2648 I art     : Explicit concurrent mark sweep GC freed 22(784B) AllocSpace objects, 0(0B) LOS objects, 27% free, 41MB/57MB, paused 1.207ms total 51.854ms
08-05 04:11:01.754 28464  2648 I art     : Starting a blocking GC Explicit
08-05 04:11:01.806 28464  2648 I art     : Explicit concurrent mark sweep GC freed 3(96B) AllocSpace objects, 0(0B) LOS objects, 27% free, 41MB/57MB, paused 1.176ms total 52.111ms
08-05 04:11:01.818 28464  2648 I art     : Starting a blocking GC Explicit
08-05 04:11:01.870 28464  2648 I art     : Explicit concurrent mark sweep GC freed 3(96B) AllocSpace objects, 0(0B) LOS objects, 27% free, 41MB/57MB, paused 1.231ms total 51.506ms
08-05 04:11:01.882 28464  2648 I art     : Starting a blocking GC Explicit
08-05 04:11:01.932 28464  2648 I art     : Explicit concurrent mark sweep GC freed 3(96B) AllocSpace objects, 0(0B) LOS objects, 27% free, 41MB/57MB, paused 1.111ms total 49.152ms
08-05 04:11:02.242  1294  1294 I ServiceManager: Waiting for service AtCmdFwd...
08-05 04:11:02.292 28464  2651 I art     : Starting a blocking GC Explicit
08-05 04:11:02.346 28464  2651 I art     : Explicit concurrent mark sweep GC freed 1442(82KB) AllocSpace objects, 1(20KB) LOS objects, 27% free, 41MB/57MB, paused 1.241ms total 53.209ms
08-05 04:11:02.358 28464  2651 I art     : Starting a blocking GC Explicit
08-05 04:11:02.411 28464  2651 I art     : Explicit concurrent mark sweep GC freed 22(784B) AllocSpace objects, 0(0B) LOS objects, 27% free, 41MB/57MB, paused 1.235ms total 52.932ms
08-05 04:11:02.423 28464  2651 I art     : Starting a blocking GC Explicit
08-05 04:11:02.473 28464  2651 I art     : Explicit concurrent mark sweep GC freed 3(96B) AllocSpace objects, 0(0B) LOS objects, 27% free, 41MB/57MB, paused 1.204ms total 49.486ms
08-05 04:11:02.485 28464  2651 I art     : Starting a blocking GC Explicit
08-05 04:11:02.538 28464  2651 I art     : Explicit concurrent mark sweep GC freed 3(96B) AllocSpace objects, 0(0B) LOS objects, 27% free, 41MB/57MB, paused 1.303ms total 52.739ms
08-05 04:11:02.550 28464  2651 I art     : Starting a blocking GC Explicit
08-05 04:11:02.602 28464  2651 I art     : Explicit concurrent mark sweep GC freed 3(96B) AllocSpace objects, 0(0B) LOS objects, 27% free, 41MB/57MB, paused 1.267ms total 51.008ms
08-05 04:11:02.978 28464 28475 I art     : Starting a blocking GC Explicit
08-05 04:11:03.033 28464 28475 I art     : Explicit concurrent mark sweep GC freed 1606(91KB) AllocSpace objects, 1(20KB) LOS objects, 27% free, 41MB/57MB, paused 1.410ms total 55.169ms
08-05 04:11:03.045 28464 28475 I art     : Starting a blocking GC Explicit
08-05 04:11:03.095 28464 28475 I art     : Explicit concurrent mark sweep GC freed 28(1040B) AllocSpace objects, 0(0B) LOS objects, 27% free, 41MB/57MB, paused 1.242ms total 49.928ms
08-05 04:11:03.107 28464 28475 I art     : Starting a blocking GC Explicit
08-05 04:11:03.159 28464 28475 I art     : Explicit concurrent mark sweep GC freed 3(96B) AllocSpace objects, 0(0B) LOS objects, 27% free, 41MB/57MB, paused 1.239ms total 51.473ms
08-05 04:11:03.171 28464 28475 I art     : Starting a blocking GC Explicit
08-05 04:11:03.221 28464 28475 I art     : Explicit concurrent mark sweep GC freed 3(96B) AllocSpace objects, 0(0B) LOS objects, 27% free, 41MB/57MB, paused 1.232ms total 49.998ms
08-05 04:11:03.233 28464 28475 I art     : Starting a blocking GC Explicit
08-05 04:11:03.243  1294  1294 I ServiceManager: Waiting for service AtCmdFwd...
08-05 04:11:03.286 28464 28475 I art     : Explicit concurrent mark sweep GC freed 317(14KB) AllocSpace objects, 0(0B) LOS objects, 27% free, 41MB/57MB, paused 1.435ms total 52.485ms
08-05 04:11:03.358 28464  3382 E baseline.com.newsblur.network.APIResponse: Error (unexpected end of stream on https://www.newsblur.com/...) calling https://www.newsblur.com/reader/mark_story_hashes_as_read/
08-05 04:11:03.358 28464  3382 E baseline.com.newsblur.network.APIResponse: java.io.IOException: unexpected end of stream on https://www.newsblur.com/...
08-05 04:11:03.358 28464  3382 E baseline.com.newsblur.network.APIResponse: 	at okhttp3.internal.http1.Http1ExchangeCodec.readResponseHeaders(Http1ExchangeCodec.java:236)
08-05 04:11:03.358 28464  3382 E baseline.com.newsblur.network.APIResponse: 	at okhttp3.internal.connection.Exchange.readResponseHeaders(Exchange.java:115)
08-05 04:11:03.358 28464  3382 E baseline.com.newsblur.network.APIResponse: 	at okhttp3.internal.http.CallServerInterceptor.intercept(CallServerInterceptor.java:94)
08-05 04:11:03.358 28464  3382 E baseline.com.newsblur.network.APIResponse: 	at okhttp3.internal.http.RealInterceptorChain.proceed(RealInterceptorChain.java:142)
08-05 04:11:03.358 28464  3382 E baseline.com.newsblur.network.APIResponse: 	at okhttp3.internal.connection.ConnectInterceptor.intercept(ConnectInterceptor.java:43)
08-05 04:11:03.358 28464  3382 E baseline.com.newsblur.network.APIResponse: 	at okhttp3.internal.http.RealInterceptorChain.proceed(RealInterceptorChain.java:142)
08-05 04:11:03.358 28464  3382 E baseline.com.newsblur.network.APIResponse: 	at okhttp3.internal.http.RealInterceptorChain.proceed(RealInterceptorChain.java:117)
08-05 04:11:03.358 28464  3382 E baseline.com.newsblur.network.APIResponse: 	at okhttp3.internal.cache.CacheInterceptor.intercept(CacheInterceptor.java:94)
08-05 04:11:03.358 28464  3382 E baseline.com.newsblur.network.APIResponse: 	at okhttp3.internal.http.RealInterceptorChain.proceed(RealInterceptorChain.java:142)
08-05 04:11:03.358 28464  3382 E baseline.com.newsblur.network.APIResponse: 	at okhttp3.internal.http.RealInterceptorChain.proceed(RealInterceptorChain.java:117)
08-05 04:11:03.358 28464  3382 E baseline.com.newsblur.network.APIResponse: 	at okhttp3.internal.http.BridgeInterceptor.intercept(BridgeInterceptor.java:93)
08-05 04:11:03.358 28464  3382 E baseline.com.newsblur.network.APIResponse: 	at okhttp3.internal.http.RealInterceptorChain.proceed(RealInterceptorChain.java:142)
08-05 04:11:03.358 28464  3382 E baseline.com.newsblur.network.APIResponse: 	at okhttp3.internal.http.RetryAndFollowUpInterceptor.intercept(RetryAndFollowUpInterceptor.java:88)
08-05 04:11:03.358 28464  3382 E baseline.com.newsblur.network.APIResponse: 	at okhttp3.internal.http.RealInterceptorChain.proceed(RealInterceptorChain.java:142)
08-05 04:11:03.358 28464  3382 E baseline.com.newsblur.network.APIResponse: 	at okhttp3.internal.http.RealInterceptorChain.proceed(RealInterceptorChain.java:117)
08-05 04:11:03.358 28464  3382 E baseline.com.newsblur.network.APIResponse: 	at okhttp3.RealCall.getResponseWithInterceptorChain(RealCall.java:229)
08-05 04:11:03.358 28464  3382 E baseline.com.newsblur.network.APIResponse: 	at okhttp3.RealCall.execute(RealCall.java:81)
08-05 04:11:03.358 28464  3382 E baseline.com.newsblur.network.APIResponse: 	at baseline.com.newsblur.network.APIResponse.<init>(APIResponse.java:57)
08-05 04:11:03.358 28464  3382 E baseline.com.newsblur.network.APIResponse: 	at baseline.com.newsblur.network.APIResponse.<init>(APIResponse.java:43)
08-05 04:11:03.358 28464  3382 E baseline.com.newsblur.network.APIResponse: 	at baseline.com.newsblur.network.APIManager.post_single(APIManager.java:702)
08-05 04:11:03.358 28464  3382 E baseline.com.newsblur.network.APIResponse: 	at baseline.com.newsblur.network.APIManager.post(APIManager.java:675)
08-05 04:11:03.358 28464  3382 E baseline.com.newsblur.network.APIResponse: 	at baseline.com.newsblur.network.APIManager.post(APIManager.java:714)
08-05 04:11:03.358 28464  3382 E baseline.com.newsblur.network.APIResponse: 	at baseline.com.newsblur.network.APIManager.markStoryAsRead(APIManager.java:205)
08-05 04:11:03.358 28464  3382 E baseline.com.newsblur.network.APIResponse: 	at baseline.com.newsblur.util.ReadingAction.doRemote(ReadingAction.java:281)
08-05 04:11:03.358 28464  3382 E baseline.com.newsblur.network.APIResponse: 	at baseline.com.newsblur.service.NBSyncService.syncActions(NBSyncService.java:400)
08-05 04:11:03.358 28464  3382 E baseline.com.newsblur.network.APIResponse: 	at baseline.com.newsblur.service.NBSyncService.doSync(NBSyncService.java:298)
08-05 04:11:03.358 28464  3382 E baseline.com.newsblur.network.APIResponse: 	at baseline.com.newsblur.service.NBSyncService.access$100(NBSyncService.java:67)
08-05 04:11:03.358 28464  3382 E baseline.com.newsblur.network.APIResponse: 	at baseline.com.newsblur.service.NBSyncService$1.run(NBSyncService.java:188)
08-05 04:11:03.358 28464  3382 E baseline.com.newsblur.network.APIResponse: 	at java.util.concurrent.ThreadPoolExecutor.runWorker(ThreadPoolExecutor.java:1113)
08-05 04:11:03.358 28464  3382 E baseline.com.newsblur.network.APIResponse: 	at java.util.concurrent.ThreadPoolExecutor$Worker.run(ThreadPoolExecutor.java:588)
08-05 04:11:03.358 28464  3382 E baseline.com.newsblur.network.APIResponse: 	at java.lang.Thread.run(Thread.java:818)
08-05 04:11:03.358 28464  3382 E baseline.com.newsblur.network.APIResponse: Caused by: java.io.EOFException: \n not found: limit=0 content=
08-05 04:11:03.358 28464  3382 E baseline.com.newsblur.network.APIResponse: 	at okio.RealBufferedSource.readUtf8LineStrict(RealBufferedSource.java:240)
08-05 04:11:03.358 28464  3382 E baseline.com.newsblur.network.APIResponse: 	at okhttp3.internal.http1.Http1ExchangeCodec.readHeaderLine(Http1ExchangeCodec.java:242)
08-05 04:11:03.358 28464  3382 E baseline.com.newsblur.network.APIResponse: 	at okhttp3.internal.http1.Http1ExchangeCodec.readResponseHeaders(Http1ExchangeCodec.java:213)
08-05 04:11:03.358 28464  3382 E baseline.com.newsblur.network.APIResponse: 	... 30 more
08-05 04:11:03.359 28464  3382 I baseline.com.newsblur.service.NBSyncService: Holding reading action with server-side or network error.
08-05 04:11:03.371 28464  3382 W baseline.com.newsblur.service.NBSyncService: hard API failure
08-05 04:11:03.648 28464 28476 I art     : Starting a blocking GC Explicit
08-05 04:11:03.702 28464 28476 I art     : Explicit concurrent mark sweep GC freed 4047(392KB) AllocSpace objects, 5(100KB) LOS objects, 27% free, 41MB/57MB, paused 1.315ms total 53.227ms
08-05 04:11:03.714 28464 28476 I art     : Starting a blocking GC Explicit
08-05 04:11:03.766 28464 28476 I art     : Explicit concurrent mark sweep GC freed 128(4KB) AllocSpace objects, 0(0B) LOS objects, 27% free, 41MB/57MB, paused 1.325ms total 52.458ms
08-05 04:11:03.778 28464 28476 I art     : Starting a blocking GC Explicit
08-05 04:11:03.828 28464 28476 I art     : Explicit concurrent mark sweep GC freed 1653(64KB) AllocSpace objects, 0(0B) LOS objects, 27% free, 41MB/57MB, paused 1.331ms total 49.590ms
08-05 04:11:03.841 28464 28476 I art     : Starting a blocking GC Explicit
08-05 04:11:03.869 28464  3382 E baseline.com.newsblur.network.APIResponse: Error (unexpected end of stream on https://www.newsblur.com/...) calling https://www.newsblur.com/reader/mark_story_hashes_as_read/
08-05 04:11:03.869 28464  3382 E baseline.com.newsblur.network.APIResponse: java.io.IOException: unexpected end of stream on https://www.newsblur.com/...
08-05 04:11:03.869 28464  3382 E baseline.com.newsblur.network.APIResponse: 	at okhttp3.internal.http1.Http1ExchangeCodec.readResponseHeaders(Http1ExchangeCodec.java:236)
08-05 04:11:03.869 28464  3382 E baseline.com.newsblur.network.APIResponse: 	at okhttp3.internal.connection.Exchange.readResponseHeaders(Exchange.java:115)
08-05 04:11:03.869 28464  3382 E baseline.com.newsblur.network.APIResponse: 	at okhttp3.internal.http.CallServerInterceptor.intercept(CallServerInterceptor.java:94)
08-05 04:11:03.869 28464  3382 E baseline.com.newsblur.network.APIResponse: 	at okhttp3.internal.http.RealInterceptorChain.proceed(RealInterceptorChain.java:142)
08-05 04:11:03.869 28464  3382 E baseline.com.newsblur.network.APIResponse: 	at okhttp3.internal.connection.ConnectInterceptor.intercept(ConnectInterceptor.java:43)
08-05 04:11:03.869 28464  3382 E baseline.com.newsblur.network.APIResponse: 	at okhttp3.internal.http.RealInterceptorChain.proceed(RealInterceptorChain.java:142)
08-05 04:11:03.869 28464  3382 E baseline.com.newsblur.network.APIResponse: 	at okhttp3.internal.http.RealInterceptorChain.proceed(RealInterceptorChain.java:117)
08-05 04:11:03.869 28464  3382 E baseline.com.newsblur.network.APIResponse: 	at okhttp3.internal.cache.CacheInterceptor.intercept(CacheInterceptor.java:94)
08-05 04:11:03.869 28464  3382 E baseline.com.newsblur.network.APIResponse: 	at okhttp3.internal.http.RealInterceptorChain.proceed(RealInterceptorChain.java:142)
08-05 04:11:03.869 28464  3382 E baseline.com.newsblur.network.APIResponse: 	at okhttp3.internal.http.RealInterceptorChain.proceed(RealInterceptorChain.java:117)
08-05 04:11:03.869 28464  3382 E baseline.com.newsblur.network.APIResponse: 	at okhttp3.internal.http.BridgeInterceptor.intercept(BridgeInterceptor.java:93)
08-05 04:11:03.869 28464  3382 E baseline.com.newsblur.network.APIResponse: 	at okhttp3.internal.http.RealInterceptorChain.proceed(RealInterceptorChain.java:142)
08-05 04:11:03.869 28464  3382 E baseline.com.newsblur.network.APIResponse: 	at okhttp3.internal.http.RetryAndFollowUpInterceptor.intercept(RetryAndFollowUpInterceptor.java:88)
08-05 04:11:03.869 28464  3382 E baseline.com.newsblur.network.APIResponse: 	at okhttp3.internal.http.RealInterceptorChain.proceed(RealInterceptorChain.java:142)
08-05 04:11:03.869 28464  3382 E baseline.com.newsblur.network.APIResponse: 	at okhttp3.internal.http.RealInterceptorChain.proceed(RealInterceptorChain.java:117)
08-05 04:11:03.869 28464  3382 E baseline.com.newsblur.network.APIResponse: 	at okhttp3.RealCall.getResponseWithInterceptorChain(RealCall.java:229)
08-05 04:11:03.869 28464  3382 E baseline.com.newsblur.network.APIResponse: 	at okhttp3.RealCall.execute(RealCall.java:81)
08-05 04:11:03.869 28464  3382 E baseline.com.newsblur.network.APIResponse: 	at baseline.com.newsblur.network.APIResponse.<init>(APIResponse.java:57)
08-05 04:11:03.869 28464  3382 E baseline.com.newsblur.network.APIResponse: 	at baseline.com.newsblur.network.APIResponse.<init>(APIResponse.java:43)
08-05 04:11:03.869 28464  3382 E baseline.com.newsblur.network.APIResponse: 	at baseline.com.newsblur.network.APIManager.post_single(APIManager.java:702)
08-05 04:11:03.869 28464  3382 E baseline.com.newsblur.network.APIResponse: 	at baseline.com.newsblur.network.APIManager.post(APIManager.java:675)
08-05 04:11:03.869 28464  3382 E baseline.com.newsblur.network.APIResponse: 	at baseline.com.newsblur.network.APIManager.post(APIManager.java:714)
08-05 04:11:03.869 28464  3382 E baseline.com.newsblur.network.APIResponse: 	at baseline.com.newsblur.network.APIManager.markStoryAsRead(APIManager.java:205)
08-05 04:11:03.869 28464  3382 E baseline.com.newsblur.network.APIResponse: 	at baseline.com.newsblur.util.ReadingAction.doRemote(ReadingAction.java:281)
08-05 04:11:03.869 28464  3382 E baseline.com.newsblur.network.APIResponse: 	at baseline.com.newsblur.service.NBSyncService.syncActions(NBSyncService.java:400)
08-05 04:11:03.869 28464  3382 E baseline.com.newsblur.network.APIResponse: 	at baseline.com.newsblur.service.NBSyncService.doSync(NBSyncService.java:298)
08-05 04:11:03.869 28464  3382 E baseline.com.newsblur.network.APIResponse: 	at baseline.com.newsblur.service.NBSyncService.access$100(NBSyncService.java:67)
08-05 04:11:03.869 28464  3382 E baseline.com.newsblur.network.APIResponse: 	at baseline.com.newsblur.service.NBSyncService$1.run(NBSyncService.java:188)
08-05 04:11:03.869 28464  3382 E baseline.com.newsblur.network.APIResponse: 	at java.util.concurrent.ThreadPoolExecutor.runWorker(ThreadPoolExecutor.java:1113)
08-05 04:11:03.869 28464  3382 E baseline.com.newsblur.network.APIResponse: 	at java.util.concurrent.ThreadPoolExecutor$Worker.run(ThreadPoolExecutor.java:588)
08-05 04:11:03.869 28464  3382 E baseline.com.newsblur.network.APIResponse: 	at java.lang.Thread.run(Thread.java:818)
08-05 04:11:03.869 28464  3382 E baseline.com.newsblur.network.APIResponse: Caused by: java.io.EOFException: \n not found: limit=0 content=
08-05 04:11:03.869 28464  3382 E baseline.com.newsblur.network.APIResponse: 	at okio.RealBufferedSource.readUtf8LineStrict(RealBufferedSource.java:240)
08-05 04:11:03.869 28464  3382 E baseline.com.newsblur.network.APIResponse: 	at okhttp3.internal.http1.Http1ExchangeCodec.readHeaderLine(Http1ExchangeCodec.java:242)
08-05 04:11:03.869 28464  3382 E baseline.com.newsblur.network.APIResponse: 	at okhttp3.internal.http1.Http1ExchangeCodec.readResponseHeaders(Http1ExchangeCodec.java:213)
08-05 04:11:03.869 28464  3382 E baseline.com.newsblur.network.APIResponse: 	... 30 more
08-05 04:11:03.872 28464  3382 I baseline.com.newsblur.network.APIManager: API call failed, pausing before retry number 1
08-05 04:11:03.890 28464 28476 I art     : Explicit concurrent mark sweep GC freed 824(196KB) AllocSpace objects, 2(40KB) LOS objects, 27% free, 41MB/57MB, paused 1.296ms total 49.403ms
08-05 04:11:03.902 28464 28476 I art     : Starting a blocking GC Explicit
08-05 04:11:03.953 28464 28476 I art     : Explicit concurrent mark sweep GC freed 119(16KB) AllocSpace objects, 0(0B) LOS objects, 27% free, 41MB/57MB, paused 1.181ms total 50.596ms
08-05 04:11:04.244  1294  1294 I ServiceManager: Waiting for service AtCmdFwd...
08-05 04:11:04.339 28464  2648 I art     : Starting a blocking GC Explicit
08-05 04:11:04.393 28464  2648 I art     : Explicit concurrent mark sweep GC freed 1463(83KB) AllocSpace objects, 1(20KB) LOS objects, 27% free, 41MB/57MB, paused 1.241ms total 53.834ms
08-05 04:11:04.407 28464  2648 I art     : Starting a blocking GC Explicit
08-05 04:11:04.455 28464  2648 I art     : Explicit concurrent mark sweep GC freed 22(784B) AllocSpace objects, 0(0B) LOS objects, 27% free, 41MB/57MB, paused 1.173ms total 47.883ms
08-05 04:11:04.468 28464  2648 I art     : Starting a blocking GC Explicit
08-05 04:11:04.518 28464  2648 I art     : Explicit concurrent mark sweep GC freed 3(96B) AllocSpace objects, 0(0B) LOS objects, 27% free, 41MB/57MB, paused 1.273ms total 50.219ms
08-05 04:11:04.530 28464  2648 I art     : Starting a blocking GC Explicit
08-05 04:11:04.579 28464  2648 I art     : Explicit concurrent mark sweep GC freed 3(96B) AllocSpace objects, 0(0B) LOS objects, 27% free, 41MB/57MB, paused 1.191ms total 49.349ms
08-05 04:11:04.591 28464  2648 I art     : Starting a blocking GC Explicit
08-05 04:11:04.643 28464  2648 I art     : Explicit concurrent mark sweep GC freed 3(96B) AllocSpace objects, 0(0B) LOS objects, 27% free, 41MB/57MB, paused 1.235ms total 51.117ms
08-05 04:11:05.009 28464  2651 I art     : Starting a blocking GC Explicit
08-05 04:11:05.060 28464  2651 I art     : Explicit concurrent mark sweep GC freed 1441(82KB) AllocSpace objects, 1(20KB) LOS objects, 27% free, 41MB/57MB, paused 1.147ms total 50.698ms
08-05 04:11:05.071 28464  2651 I art     : Starting a blocking GC Explicit
08-05 04:11:05.119 28464  2651 I art     : Explicit concurrent mark sweep GC freed 22(784B) AllocSpace objects, 0(0B) LOS objects, 27% free, 41MB/57MB, paused 1.535ms total 47.830ms
08-05 04:11:05.131 28464  2651 I art     : Starting a blocking GC Explicit
08-05 04:11:05.180 28464  2651 I art     : Explicit concurrent mark sweep GC freed 3(96B) AllocSpace objects, 0(0B) LOS objects, 27% free, 41MB/57MB, paused 1.163ms total 49.466ms
08-05 04:11:05.192 28464  2651 I art     : Starting a blocking GC Explicit
08-05 04:11:05.242 28464  2651 I art     : Explicit concurrent mark sweep GC freed 3(96B) AllocSpace objects, 0(0B) LOS objects, 27% free, 41MB/57MB, paused 1.264ms total 49.847ms
08-05 04:11:05.246  1294  1294 I ServiceManager: Waiting for service AtCmdFwd...
08-05 04:11:05.253 28464  2651 I art     : Starting a blocking GC Explicit
08-05 04:11:05.303 28464  2651 I art     : Explicit concurrent mark sweep GC freed 3(96B) AllocSpace objects, 0(0B) LOS objects, 27% free, 41MB/57MB, paused 1.223ms total 49.558ms
08-05 04:11:05.343  4835  4835 D AndroidRuntime: >>>>>> START com.android.internal.os.RuntimeInit uid 2000 <<<<<<
08-05 04:11:05.348  4835  4835 D AndroidRuntime: CheckJNI is OFF
08-05 04:11:05.380  4835  4835 D ICU     : No timezone override file found: /data/misc/zoneinfo/current/icu/icu_tzdata.dat
08-05 04:11:05.414  4835  4835 I Radio-JNI: register_android_hardware_Radio DONE
08-05 04:11:05.436  4835  4835 D AndroidRuntime: Calling main entry com.android.commands.input.Input
08-05 04:11:05.438  4835  4835 I Input   : injectMotionEvent: MotionEvent { action=ACTION_DOWN, actionButton=0, id[0]=0, x[0]=436.0, y[0]=453.0, toolType[0]=TOOL_TYPE_UNKNOWN, buttonState=0, metaState=0, flags=0x0, edgeFlags=0x0, pointerCount=1, historySize=0, eventTime=763881851, downTime=763881851, deviceId=0, source=0x1002 }
08-05 04:11:05.446  4835  4835 I Input   : injectMotionEvent: MotionEvent { action=ACTION_UP, actionButton=0, id[0]=0, x[0]=436.0, y[0]=453.0, toolType[0]=TOOL_TYPE_UNKNOWN, buttonState=0, metaState=0, flags=0x0, edgeFlags=0x0, pointerCount=1, historySize=0, eventTime=763881851, downTime=763881851, deviceId=0, source=0x1002 }
08-05 04:11:05.449  4835  4835 D AndroidRuntime: Shutting down VM
08-05 04:11:05.465   512  2967 D audio_hw_primary: out_set_parameters: enter: usecase(1: low-latency-playback) kvpairs: routing=2
08-05 04:11:05.465   918  4413 I ActivityManager: START u0 {cmp=baseline.com.newsblur/.activity.AllSharedStoriesReading (has extras)} from uid 10676 on display 0
08-05 04:11:05.478   512  2967 D audio_hw_primary: select_devices: out_snd_device(2: speaker) in_snd_device(0: none)
08-05 04:11:05.478   512  2967 D msm8974_platform: platform_send_audio_calibration: sending audio calibration for snd_device(2) acdb_id(15)
08-05 04:11:05.478   512  2967 I soundtrigger: audio_extn_sound_trigger_update_device_status: device 0x2 of type 0 for Event 1
08-05 04:11:05.490   512  2967 D audio_hw_primary: enable_snd_device: snd_device(2: speaker)
08-05 04:11:05.492   512  2967 D audio_hw_primary: enable_audio_route: apply and update mixer path: low-latency-playback speaker
08-05 04:11:05.621 28464 28475 I art     : Starting a blocking GC Explicit
08-05 04:11:05.672 28464 28475 I art     : Explicit concurrent mark sweep GC freed 3233(263KB) AllocSpace objects, 6(548KB) LOS objects, 27% free, 42MB/58MB, paused 1.253ms total 50.737ms
08-05 04:11:05.686 28464 28475 I art     : Starting a blocking GC Explicit
08-05 04:11:05.694   918   936 I ActivityManager: Displayed baseline.com.newsblur/.activity.AllSharedStoriesReading: +218ms
08-05 04:11:05.695 13866 13866 I GoogleInputMethodServic: GoogleInputMethodService.onFinishInput():3138 
08-05 04:11:05.695 13866 13866 I GoogleInputMethodServic: GoogleInputMethodService.onStartInput():1808 
08-05 04:11:05.734 28464 28475 I art     : Explicit concurrent mark sweep GC freed 1588(106KB) AllocSpace objects, 2(40KB) LOS objects, 27% free, 42MB/58MB, paused 1.571ms total 48.404ms
08-05 04:11:05.746 28464 28475 I art     : Starting a blocking GC Explicit
08-05 04:11:05.798 28464 28475 I art     : Explicit concurrent mark sweep GC freed 1533(125KB) AllocSpace objects, 10(236KB) LOS objects, 27% free, 42MB/58MB, paused 1.393ms total 51.698ms
08-05 04:11:05.812 28464 28475 I art     : Starting a blocking GC Explicit
08-05 04:11:05.866 28464 28475 I art     : Explicit concurrent mark sweep GC freed 2629(126KB) AllocSpace objects, 1(28KB) LOS objects, 27% free, 42MB/58MB, paused 1.298ms total 54.316ms
08-05 04:11:05.878 28464 28475 I art     : Starting a blocking GC Explicit
08-05 04:11:05.893 28464  3382 E baseline.com.newsblur.network.APIResponse: Error (unexpected end of stream on https://www.newsblur.com/...) calling https://www.newsblur.com/reader/mark_story_hashes_as_read/
08-05 04:11:05.893 28464  3382 E baseline.com.newsblur.network.APIResponse: java.io.IOException: unexpected end of stream on https://www.newsblur.com/...
08-05 04:11:05.893 28464  3382 E baseline.com.newsblur.network.APIResponse: 	at okhttp3.internal.http1.Http1ExchangeCodec.readResponseHeaders(Http1ExchangeCodec.java:236)
08-05 04:11:05.893 28464  3382 E baseline.com.newsblur.network.APIResponse: 	at okhttp3.internal.connection.Exchange.readResponseHeaders(Exchange.java:115)
08-05 04:11:05.893 28464  3382 E baseline.com.newsblur.network.APIResponse: 	at okhttp3.internal.http.CallServerInterceptor.intercept(CallServerInterceptor.java:94)
08-05 04:11:05.893 28464  3382 E baseline.com.newsblur.network.APIResponse: 	at okhttp3.internal.http.RealInterceptorChain.proceed(RealInterceptorChain.java:142)
08-05 04:11:05.893 28464  3382 E baseline.com.newsblur.network.APIResponse: 	at okhttp3.internal.connection.ConnectInterceptor.intercept(ConnectInterceptor.java:43)
08-05 04:11:05.893 28464  3382 E baseline.com.newsblur.network.APIResponse: 	at okhttp3.internal.http.RealInterceptorChain.proceed(RealInterceptorChain.java:142)
08-05 04:11:05.893 28464  3382 E baseline.com.newsblur.network.APIResponse: 	at okhttp3.internal.http.RealInterceptorChain.proceed(RealInterceptorChain.java:117)
08-05 04:11:05.893 28464  3382 E baseline.com.newsblur.network.APIResponse: 	at okhttp3.internal.cache.CacheInterceptor.intercept(CacheInterceptor.java:94)
08-05 04:11:05.893 28464  3382 E baseline.com.newsblur.network.APIResponse: 	at okhttp3.internal.http.RealInterceptorChain.proceed(RealInterceptorChain.java:142)
08-05 04:11:05.893 28464  3382 E baseline.com.newsblur.network.APIResponse: 	at okhttp3.internal.http.RealInterceptorChain.proceed(RealInterceptorChain.java:117)
08-05 04:11:05.893 28464  3382 E baseline.com.newsblur.network.APIResponse: 	at okhttp3.internal.http.BridgeInterceptor.intercept(BridgeInterceptor.java:93)
08-05 04:11:05.893 28464  3382 E baseline.com.newsblur.network.APIResponse: 	at okhttp3.internal.http.RealInterceptorChain.proceed(RealInterceptorChain.java:142)
08-05 04:11:05.893 28464  3382 E baseline.com.newsblur.network.APIResponse: 	at okhttp3.internal.http.RetryAndFollowUpInterceptor.intercept(RetryAndFollowUpInterceptor.java:88)
08-05 04:11:05.893 28464  3382 E baseline.com.newsblur.network.APIResponse: 	at okhttp3.internal.http.RealInterceptorChain.proceed(RealInterceptorChain.java:142)
08-05 04:11:05.893 28464  3382 E baseline.com.newsblur.network.APIResponse: 	at okhttp3.internal.http.RealInterceptorChain.proceed(RealInterceptorChain.java:117)
08-05 04:11:05.893 28464  3382 E baseline.com.newsblur.network.APIResponse: 	at okhttp3.RealCall.getResponseWithInterceptorChain(RealCall.java:229)
08-05 04:11:05.893 28464  3382 E baseline.com.newsblur.network.APIResponse: 	at okhttp3.RealCall.execute(RealCall.java:81)
08-05 04:11:05.893 28464  3382 E baseline.com.newsblur.network.APIResponse: 	at baseline.com.newsblur.network.APIResponse.<init>(APIResponse.java:57)
08-05 04:11:05.893 28464  3382 E baseline.com.newsblur.network.APIResponse: 	at baseline.com.newsblur.network.APIResponse.<init>(APIResponse.java:43)
08-05 04:11:05.893 28464  3382 E baseline.com.newsblur.network.APIResponse: 	at baseline.com.newsblur.network.APIManager.post_single(APIManager.java:702)
08-05 04:11:05.893 28464  3382 E baseline.com.newsblur.network.APIResponse: 	at baseline.com.newsblur.network.APIManager.post(APIManager.java:675)
08-05 04:11:05.893 28464  3382 E baseline.com.newsblur.network.APIResponse: 	at baseline.com.newsblur.network.APIManager.post(APIManager.java:714)
08-05 04:11:05.893 28464  3382 E baseline.com.newsblur.network.APIResponse: 	at baseline.com.newsblur.network.APIManager.markStoryAsRead(APIManager.java:205)
08-05 04:11:05.893 28464  3382 E baseline.com.newsblur.network.APIResponse: 	at baseline.com.newsblur.util.ReadingAction.doRemote(ReadingAction.java:281)
08-05 04:11:05.893 28464  3382 E baseline.com.newsblur.network.APIResponse: 	at baseline.com.newsblur.service.NBSyncService.syncActions(NBSyncService.java:400)
08-05 04:11:05.893 28464  3382 E baseline.com.newsblur.network.APIResponse: 	at baseline.com.newsblur.service.NBSyncService.doSync(NBSyncService.java:298)
08-05 04:11:05.893 28464  3382 E baseline.com.newsblur.network.APIResponse: 	at baseline.com.newsblur.service.NBSyncService.access$100(NBSyncService.java:67)
08-05 04:11:05.893 28464  3382 E baseline.com.newsblur.network.APIResponse: 	at baseline.com.newsblur.service.NBSyncService$1.run(NBSyncService.java:188)
08-05 04:11:05.893 28464  3382 E baseline.com.newsblur.network.APIResponse: 	at java.util.concurrent.ThreadPoolExecutor.runWorker(ThreadPoolExecutor.java:1113)
08-05 04:11:05.893 28464  3382 E baseline.com.newsblur.network.APIResponse: 	at java.util.concurrent.ThreadPoolExecutor$Worker.run(ThreadPoolExecutor.java:588)
08-05 04:11:05.893 28464  3382 E baseline.com.newsblur.network.APIResponse: 	at java.lang.Thread.run(Thread.java:818)
08-05 04:11:05.893 28464  3382 E baseline.com.newsblur.network.APIResponse: Caused by: java.io.EOFException: \n not found: limit=0 content=
08-05 04:11:05.893 28464  3382 E baseline.com.newsblur.network.APIResponse: 	at okio.RealBufferedSource.readUtf8LineStrict(RealBufferedSource.java:240)
08-05 04:11:05.893 28464  3382 E baseline.com.newsblur.network.APIResponse: 	at okhttp3.internal.http1.Http1ExchangeCodec.readHeaderLine(Http1ExchangeCodec.java:242)
08-05 04:11:05.893 28464  3382 E baseline.com.newsblur.network.APIResponse: 	at okhttp3.internal.http1.Http1ExchangeCodec.readResponseHeaders(Http1ExchangeCodec.java:213)
08-05 04:11:05.893 28464  3382 E baseline.com.newsblur.network.APIResponse: 	... 30 more
08-05 04:11:05.894 28464  3382 I baseline.com.newsblur.network.APIManager: API call failed, pausing before retry number 2
08-05 04:11:05.913 28464  3006 E chromium: [ERROR:tile_manager.cc(793)] WARNING: tile memory limits exceeded, some content may not draw
08-05 04:11:05.914 28464  3006 E chromium: [ERROR:tile_manager.cc(793)] WARNING: tile memory limits exceeded, some content may not draw
08-05 04:11:05.925 28464 28475 I art     : Explicit concurrent mark sweep GC freed 946(217KB) AllocSpace objects, 2(40KB) LOS objects, 27% free, 42MB/58MB, paused 1.143ms total 46.542ms
08-05 04:11:06.028   512  2967 D audio_hw_primary: disable_audio_route: reset and update mixer path: low-latency-playback speaker
08-05 04:11:06.030   512  2967 D audio_hw_primary: disable_snd_device: snd_device(2: speaker)
08-05 04:11:06.039   512  2967 I soundtrigger: audio_extn_sound_trigger_update_device_status: device 0x2 of type 0 for Event 0
08-05 04:11:06.246  1294  1294 I ServiceManager: Waiting for service AtCmdFwd...
08-05 04:11:06.249 28464 28475 I art     : Starting a blocking GC Explicit
08-05 04:11:06.304 28464 28475 I art     : Explicit concurrent mark sweep GC freed 1727(118KB) AllocSpace objects, 2(40KB) LOS objects, 27% free, 42MB/58MB, paused 1.263ms total 54.919ms
08-05 04:11:06.316 28464 28475 I art     : Starting a blocking GC Explicit
08-05 04:11:06.371 28464 28475 I art     : Explicit concurrent mark sweep GC freed 51(1808B) AllocSpace objects, 0(0B) LOS objects, 27% free, 42MB/58MB, paused 1.254ms total 55.054ms
08-05 04:11:06.384 28464 28475 I art     : Starting a blocking GC Explicit
08-05 04:11:06.440 28464 28475 I art     : Explicit concurrent mark sweep GC freed 3(96B) AllocSpace objects, 0(0B) LOS objects, 27% free, 42MB/58MB, paused 1.274ms total 55.032ms
08-05 04:11:06.452 28464 28475 I art     : Starting a blocking GC Explicit
08-05 04:11:06.506 28464 28475 I art     : Explicit concurrent mark sweep GC freed 3(96B) AllocSpace objects, 0(0B) LOS objects, 27% free, 42MB/58MB, paused 1.262ms total 53.403ms
08-05 04:11:06.518 28464 28475 I art     : Starting a blocking GC Explicit
08-05 04:11:06.573 28464 28475 I art     : Explicit concurrent mark sweep GC freed 3(96B) AllocSpace objects, 0(0B) LOS objects, 27% free, 42MB/58MB, paused 1.310ms total 54.745ms
08-05 04:11:06.931 28464  2648 I art     : Starting a blocking GC Explicit
08-05 04:11:06.989 28464  2648 I art     : Explicit concurrent mark sweep GC freed 1452(83KB) AllocSpace objects, 1(20KB) LOS objects, 27% free, 42MB/58MB, paused 1.180ms total 57.879ms
08-05 04:11:07.002 28464  2648 I art     : Starting a blocking GC Explicit
08-05 04:11:07.049 28464  2648 I art     : Explicit concurrent mark sweep GC freed 34(1168B) AllocSpace objects, 0(0B) LOS objects, 27% free, 42MB/58MB, paused 1.145ms total 46.541ms
08-05 04:11:07.060 28464  2648 I art     : Starting a blocking GC Explicit
08-05 04:11:07.105 28464  2648 I art     : Explicit concurrent mark sweep GC freed 19(608B) AllocSpace objects, 0(0B) LOS objects, 27% free, 42MB/58MB, paused 1.048ms total 44.301ms
08-05 04:11:07.116 28464  2648 I art     : Starting a blocking GC Explicit
08-05 04:11:07.161 28464  2648 I art     : Explicit concurrent mark sweep GC freed 15(480B) AllocSpace objects, 0(0B) LOS objects, 27% free, 42MB/58MB, paused 1.105ms total 45.048ms
08-05 04:11:07.172 28464  2648 I art     : Starting a blocking GC Explicit
08-05 04:11:07.218 28464  2648 I art     : Explicit concurrent mark sweep GC freed 15(480B) AllocSpace objects, 0(0B) LOS objects, 27% free, 42MB/58MB, paused 1.100ms total 46.163ms
08-05 04:11:07.247  1294  1294 W Atfwd_Sendcmd: AtCmdFwd service not published, waiting... retryCnt : 2
08-05 04:11:07.595 28464  2651 I art     : Starting a blocking GC Explicit
08-05 04:11:07.650 28464  2651 I art     : Explicit concurrent mark sweep GC freed 1446(83KB) AllocSpace objects, 1(20KB) LOS objects, 27% free, 42MB/58MB, paused 1.325ms total 54.755ms
08-05 04:11:07.662 28464  2651 I art     : Starting a blocking GC Explicit
08-05 04:11:07.715 28464  2651 I art     : Explicit concurrent mark sweep GC freed 22(784B) AllocSpace objects, 0(0B) LOS objects, 27% free, 42MB/58MB, paused 1.224ms total 52.247ms
08-05 04:11:07.727 28464  2651 I art     : Starting a blocking GC Explicit
08-05 04:11:07.783 28464  2651 I art     : Explicit concurrent mark sweep GC freed 3(96B) AllocSpace objects, 0(0B) LOS objects, 27% free, 42MB/58MB, paused 1.184ms total 55.300ms
08-05 04:11:07.795 28464  2651 I art     : Starting a blocking GC Explicit
08-05 04:11:07.850 28464  2651 I art     : Explicit concurrent mark sweep GC freed 3(96B) AllocSpace objects, 0(0B) LOS objects, 27% free, 42MB/58MB, paused 1.284ms total 54.767ms
08-05 04:11:07.863 28464  2651 I art     : Starting a blocking GC Explicit
08-05 04:11:07.917 28464  2651 I art     : Explicit concurrent mark sweep GC freed 3(96B) AllocSpace objects, 0(0B) LOS objects, 27% free, 42MB/58MB, paused 1.489ms total 54.694ms
08-05 04:11:08.312 28464 28476 I art     : Starting a blocking GC Explicit
08-05 04:11:08.368 28464 28476 I art     : Explicit concurrent mark sweep GC freed 1447(83KB) AllocSpace objects, 1(20KB) LOS objects, 27% free, 42MB/58MB, paused 1.410ms total 55.053ms
08-05 04:11:08.380 28464 28476 I art     : Starting a blocking GC Explicit
08-05 04:11:08.433 28464 28476 I art     : Explicit concurrent mark sweep GC freed 22(784B) AllocSpace objects, 0(0B) LOS objects, 27% free, 42MB/58MB, paused 1.270ms total 53.116ms
08-05 04:11:08.446 28464 28476 I art     : Starting a blocking GC Explicit
08-05 04:11:08.500 28464 28476 I art     : Explicit concurrent mark sweep GC freed 3(96B) AllocSpace objects, 0(0B) LOS objects, 27% free, 42MB/58MB, paused 1.240ms total 53.830ms
08-05 04:11:08.512 28464 28476 I art     : Starting a blocking GC Explicit
08-05 04:11:08.566 28464 28476 I art     : Explicit concurrent mark sweep GC freed 3(96B) AllocSpace objects, 0(0B) LOS objects, 27% free, 42MB/58MB, paused 1.268ms total 53.514ms
08-05 04:11:08.578 28464 28476 I art     : Starting a blocking GC Explicit
08-05 04:11:08.633 28464 28476 I art     : Explicit concurrent mark sweep GC freed 3(96B) AllocSpace objects, 0(0B) LOS objects, 27% free, 42MB/58MB, paused 1.260ms total 54.118ms
08-05 04:11:09.002 28464  2648 I art     : Starting a blocking GC Explicit
08-05 04:11:09.057 28464  2648 I art     : Explicit concurrent mark sweep GC freed 1601(90KB) AllocSpace objects, 1(20KB) LOS objects, 27% free, 42MB/58MB, paused 1.227ms total 54.300ms
08-05 04:11:09.068 28464  2648 I art     : Starting a blocking GC Explicit
08-05 04:11:09.121 28464  2648 I art     : Explicit concurrent mark sweep GC freed 37(2352B) AllocSpace objects, 0(0B) LOS objects, 27% free, 42MB/58MB, paused 1.263ms total 52.115ms
08-05 04:11:09.133 28464  2648 I art     : Starting a blocking GC Explicit
08-05 04:11:09.185 28464  2648 I art     : Explicit concurrent mark sweep GC freed 3(96B) AllocSpace objects, 0(0B) LOS objects, 27% free, 42MB/58MB, paused 1.359ms total 52.113ms
08-05 04:11:09.197 28464  2648 I art     : Starting a blocking GC Explicit
08-05 04:11:09.250 28464  2648 I art     : Explicit concurrent mark sweep GC freed 3(96B) AllocSpace objects, 0(0B) LOS objects, 27% free, 42MB/58MB, paused 1.253ms total 52.832ms
08-05 04:11:09.262 28464  2648 I art     : Starting a blocking GC Explicit
08-05 04:11:09.315 28464  2648 I art     : Explicit concurrent mark sweep GC freed 3(96B) AllocSpace objects, 0(0B) LOS objects, 27% free, 42MB/58MB, paused 1.297ms total 52.704ms
08-05 04:11:09.490 28464  3382 E baseline.com.newsblur.network.APIResponse: Error (unexpected end of stream on https://www.newsblur.com/...) calling https://www.newsblur.com/reader/mark_story_hashes_as_read/
08-05 04:11:09.490 28464  3382 E baseline.com.newsblur.network.APIResponse: java.io.IOException: unexpected end of stream on https://www.newsblur.com/...
08-05 04:11:09.490 28464  3382 E baseline.com.newsblur.network.APIResponse: 	at okhttp3.internal.http1.Http1ExchangeCodec.readResponseHeaders(Http1ExchangeCodec.java:236)
08-05 04:11:09.490 28464  3382 E baseline.com.newsblur.network.APIResponse: 	at okhttp3.internal.connection.Exchange.readResponseHeaders(Exchange.java:115)
08-05 04:11:09.490 28464  3382 E baseline.com.newsblur.network.APIResponse: 	at okhttp3.internal.http.CallServerInterceptor.intercept(CallServerInterceptor.java:94)
08-05 04:11:09.490 28464  3382 E baseline.com.newsblur.network.APIResponse: 	at okhttp3.internal.http.RealInterceptorChain.proceed(RealInterceptorChain.java:142)
08-05 04:11:09.490 28464  3382 E baseline.com.newsblur.network.APIResponse: 	at okhttp3.internal.connection.ConnectInterceptor.intercept(ConnectInterceptor.java:43)
08-05 04:11:09.490 28464  3382 E baseline.com.newsblur.network.APIResponse: 	at okhttp3.internal.http.RealInterceptorChain.proceed(RealInterceptorChain.java:142)
08-05 04:11:09.490 28464  3382 E baseline.com.newsblur.network.APIResponse: 	at okhttp3.internal.http.RealInterceptorChain.proceed(RealInterceptorChain.java:117)
08-05 04:11:09.490 28464  3382 E baseline.com.newsblur.network.APIResponse: 	at okhttp3.internal.cache.CacheInterceptor.intercept(CacheInterceptor.java:94)
08-05 04:11:09.490 28464  3382 E baseline.com.newsblur.network.APIResponse: 	at okhttp3.internal.http.RealInterceptorChain.proceed(RealInterceptorChain.java:142)
08-05 04:11:09.490 28464  3382 E baseline.com.newsblur.network.APIResponse: 	at okhttp3.internal.http.RealInterceptorChain.proceed(RealInterceptorChain.java:117)
08-05 04:11:09.490 28464  3382 E baseline.com.newsblur.network.APIResponse: 	at okhttp3.internal.http.BridgeInterceptor.intercept(BridgeInterceptor.java:93)
08-05 04:11:09.490 28464  3382 E baseline.com.newsblur.network.APIResponse: 	at okhttp3.internal.http.RealInterceptorChain.proceed(RealInterceptorChain.java:142)
08-05 04:11:09.490 28464  3382 E baseline.com.newsblur.network.APIResponse: 	at okhttp3.internal.http.RetryAndFollowUpInterceptor.intercept(RetryAndFollowUpInterceptor.java:88)
08-05 04:11:09.490 28464  3382 E baseline.com.newsblur.network.APIResponse: 	at okhttp3.internal.http.RealInterceptorChain.proceed(RealInterceptorChain.java:142)
08-05 04:11:09.490 28464  3382 E baseline.com.newsblur.network.APIResponse: 	at okhttp3.internal.http.RealInterceptorChain.proceed(RealInterceptorChain.java:117)
08-05 04:11:09.490 28464  3382 E baseline.com.newsblur.network.APIResponse: 	at okhttp3.RealCall.getResponseWithInterceptorChain(RealCall.java:229)
08-05 04:11:09.490 28464  3382 E baseline.com.newsblur.network.APIResponse: 	at okhttp3.RealCall.execute(RealCall.java:81)
08-05 04:11:09.490 28464  3382 E baseline.com.newsblur.network.APIResponse: 	at baseline.com.newsblur.network.APIResponse.<init>(APIResponse.java:57)
08-05 04:11:09.490 28464  3382 E baseline.com.newsblur.network.APIResponse: 	at baseline.com.newsblur.network.APIResponse.<init>(APIResponse.java:43)
08-05 04:11:09.490 28464  3382 E baseline.com.newsblur.network.APIResponse: 	at baseline.com.newsblur.network.APIManager.post_single(APIManager.java:702)
08-05 04:11:09.490 28464  3382 E baseline.com.newsblur.network.APIResponse: 	at baseline.com.newsblur.network.APIManager.post(APIManager.java:675)
08-05 04:11:09.490 28464  3382 E baseline.com.newsblur.network.APIResponse: 	at baseline.com.newsblur.network.APIManager.post(APIManager.java:714)
08-05 04:11:09.490 28464  3382 E baseline.com.newsblur.network.APIResponse: 	at baseline.com.newsblur.network.APIManager.markStoryAsRead(APIManager.java:205)
08-05 04:11:09.490 28464  3382 E baseline.com.newsblur.network.APIResponse: 	at baseline.com.newsblur.util.ReadingAction.doRemote(ReadingAction.java:281)
08-05 04:11:09.490 28464  3382 E baseline.com.newsblur.network.APIResponse: 	at baseline.com.newsblur.service.NBSyncService.syncActions(NBSyncService.java:400)
08-05 04:11:09.490 28464  3382 E baseline.com.newsblur.network.APIResponse: 	at baseline.com.newsblur.service.NBSyncService.doSync(NBSyncService.java:298)
08-05 04:11:09.490 28464  3382 E baseline.com.newsblur.network.APIResponse: 	at baseline.com.newsblur.service.NBSyncService.access$100(NBSyncService.java:67)
08-05 04:11:09.490 28464  3382 E baseline.com.newsblur.network.APIResponse: 	at baseline.com.newsblur.service.NBSyncService$1.run(NBSyncService.java:188)
08-05 04:11:09.490 28464  3382 E baseline.com.newsblur.network.APIResponse: 	at java.util.concurrent.ThreadPoolExecutor.runWorker(ThreadPoolExecutor.java:1113)
08-05 04:11:09.490 28464  3382 E baseline.com.newsblur.network.APIResponse: 	at java.util.concurrent.ThreadPoolExecutor$Worker.run(ThreadPoolExecutor.java:588)
08-05 04:11:09.490 28464  3382 E baseline.com.newsblur.network.APIResponse: 	at java.lang.Thread.run(Thread.java:818)
08-05 04:11:09.490 28464  3382 E baseline.com.newsblur.network.APIResponse: Caused by: java.io.EOFException: \n not found: limit=0 content=
08-05 04:11:09.490 28464  3382 E baseline.com.newsblur.network.APIResponse: 	at okio.RealBufferedSource.readUtf8LineStrict(RealBufferedSource.java:240)
08-05 04:11:09.490 28464  3382 E baseline.com.newsblur.network.APIResponse: 	at okhttp3.internal.http1.Http1ExchangeCodec.readHeaderLine(Http1ExchangeCodec.java:242)
08-05 04:11:09.490 28464  3382 E baseline.com.newsblur.network.APIResponse: 	at okhttp3.internal.http1.Http1ExchangeCodec.readResponseHeaders(Http1ExchangeCodec.java:213)
08-05 04:11:09.490 28464  3382 E baseline.com.newsblur.network.APIResponse: 	... 30 more
08-05 04:11:09.492 28464  3382 I baseline.com.newsblur.service.NBSyncService: Holding reading action with server-side or network error.
08-05 04:11:09.504 28464  3382 W baseline.com.newsblur.service.NBSyncService: hard API failure
08-05 04:11:09.510 28464  3382 I baseline.com.newsblur.service.NBSyncService: recounting dirty feed sets: 1
08-05 04:11:09.670 28464 28475 I art     : Starting a blocking GC Explicit
08-05 04:11:09.723 28464 28475 I art     : Explicit concurrent mark sweep GC freed 4808(437KB) AllocSpace objects, 6(120KB) LOS objects, 27% free, 42MB/58MB, paused 1.219ms total 52.468ms
08-05 04:11:09.734 28464 28475 I art     : Starting a blocking GC Explicit
08-05 04:11:09.786 28464 28475 I art     : Explicit concurrent mark sweep GC freed 594(27KB) AllocSpace objects, 0(0B) LOS objects, 27% free, 42MB/58MB, paused 1.301ms total 51.130ms
08-05 04:11:09.797 28464 28475 I art     : Starting a blocking GC Explicit
08-05 04:11:09.848 28464 28475 I art     : Explicit concurrent mark sweep GC freed 215(8KB) AllocSpace objects, 0(0B) LOS objects, 27% free, 42MB/58MB, paused 1.220ms total 50.560ms
08-05 04:11:09.859 28464 28475 I art     : Starting a blocking GC Explicit
08-05 04:11:09.906 28464 28475 I art     : Explicit concurrent mark sweep GC freed 6578(438KB) AllocSpace objects, 1(20KB) LOS objects, 27% free, 42MB/58MB, paused 1.240ms total 46.840ms
08-05 04:11:09.918 28464 28475 I art     : Starting a blocking GC Explicit
08-05 04:11:09.938 28464  3382 E baseline.com.newsblur.network.APIResponse: Error (unexpected end of stream on https://www.newsblur.com/...) calling https://www.newsblur.com/reader/feed_unread_count?feed_id=0
08-05 04:11:09.938 28464  3382 E baseline.com.newsblur.network.APIResponse: java.io.IOException: unexpected end of stream on https://www.newsblur.com/...
08-05 04:11:09.938 28464  3382 E baseline.com.newsblur.network.APIResponse: 	at okhttp3.internal.http1.Http1ExchangeCodec.readResponseHeaders(Http1ExchangeCodec.java:236)
08-05 04:11:09.938 28464  3382 E baseline.com.newsblur.network.APIResponse: 	at okhttp3.internal.connection.Exchange.readResponseHeaders(Exchange.java:115)
08-05 04:11:09.938 28464  3382 E baseline.com.newsblur.network.APIResponse: 	at okhttp3.internal.http.CallServerInterceptor.intercept(CallServerInterceptor.java:94)
08-05 04:11:09.938 28464  3382 E baseline.com.newsblur.network.APIResponse: 	at okhttp3.internal.http.RealInterceptorChain.proceed(RealInterceptorChain.java:142)
08-05 04:11:09.938 28464  3382 E baseline.com.newsblur.network.APIResponse: 	at okhttp3.internal.connection.ConnectInterceptor.intercept(ConnectInterceptor.java:43)
08-05 04:11:09.938 28464  3382 E baseline.com.newsblur.network.APIResponse: 	at okhttp3.internal.http.RealInterceptorChain.proceed(RealInterceptorChain.java:142)
08-05 04:11:09.938 28464  3382 E baseline.com.newsblur.network.APIResponse: 	at okhttp3.internal.http.RealInterceptorChain.proceed(RealInterceptorChain.java:117)
08-05 04:11:09.938 28464  3382 E baseline.com.newsblur.network.APIResponse: 	at okhttp3.internal.cache.CacheInterceptor.intercept(CacheInterceptor.java:94)
08-05 04:11:09.938 28464  3382 E baseline.com.newsblur.network.APIResponse: 	at okhttp3.internal.http.RealInterceptorChain.proceed(RealInterceptorChain.java:142)
08-05 04:11:09.938 28464  3382 E baseline.com.newsblur.network.APIResponse: 	at okhttp3.internal.http.RealInterceptorChain.proceed(RealInterceptorChain.java:117)
08-05 04:11:09.938 28464  3382 E baseline.com.newsblur.network.APIResponse: 	at okhttp3.internal.http.BridgeInterceptor.intercept(BridgeInterceptor.java:93)
08-05 04:11:09.938 28464  3382 E baseline.com.newsblur.network.APIResponse: 	at okhttp3.internal.http.RealInterceptorChain.proceed(RealInterceptorChain.java:142)
08-05 04:11:09.938 28464  3382 E baseline.com.newsblur.network.APIResponse: 	at okhttp3.internal.http.RetryAndFollowUpInterceptor.intercept(RetryAndFollowUpInterceptor.java:88)
08-05 04:11:09.938 28464  3382 E baseline.com.newsblur.network.APIResponse: 	at okhttp3.internal.http.RealInterceptorChain.proceed(RealInterceptorChain.java:142)
08-05 04:11:09.938 28464  3382 E baseline.com.newsblur.network.APIResponse: 	at okhttp3.internal.http.RealInterceptorChain.proceed(RealInterceptorChain.java:117)
08-05 04:11:09.938 28464  3382 E baseline.com.newsblur.network.APIResponse: 	at okhttp3.RealCall.getResponseWithInterceptorChain(RealCall.java:229)
08-05 04:11:09.938 28464  3382 E baseline.com.newsblur.network.APIResponse: 	at okhttp3.RealCall.execute(RealCall.java:81)
08-05 04:11:09.938 28464  3382 E baseline.com.newsblur.network.APIResponse: 	at baseline.com.newsblur.network.APIResponse.<init>(APIResponse.java:57)
08-05 04:11:09.938 28464  3382 E baseline.com.newsblur.network.APIResponse: 	at baseline.com.newsblur.network.APIManager.get_single(APIManager.java:639)
08-05 04:11:09.938 28464  3382 E baseline.com.newsblur.network.APIResponse: 	at baseline.com.newsblur.network.APIManager.get(APIManager.java:625)
08-05 04:11:09.938 28464  3382 E baseline.com.newsblur.network.APIResponse: 	at baseline.com.newsblur.network.APIManager.get(APIManager.java:667)
08-05 04:11:09.938 28464  3382 E baseline.com.newsblur.network.APIResponse: 	at baseline.com.newsblur.network.APIManager.getFeedUnreadCounts(APIManager.java:274)
08-05 04:11:09.938 28464  3382 E baseline.com.newsblur.network.APIResponse: 	at baseline.com.newsblur.service.NBSyncService.checkRecounts(NBSyncService.java:660)
08-05 04:11:09.938 28464  3382 E baseline.com.newsblur.network.APIResponse: 	at baseline.com.newsblur.service.NBSyncService.doSync(NBSyncService.java:310)
08-05 04:11:09.938 28464  3382 E baseline.com.newsblur.network.APIResponse: 	at baseline.com.newsblur.service.NBSyncService.access$100(NBSyncService.java:67)
08-05 04:11:09.938 28464  3382 E baseline.com.newsblur.network.APIResponse: 	at baseline.com.newsblur.service.NBSyncService$1.run(NBSyncService.java:188)
08-05 04:11:09.938 28464  3382 E baseline.com.newsblur.network.APIResponse: 	at java.util.concurrent.ThreadPoolExecutor.runWorker(ThreadPoolExecutor.java:1113)
08-05 04:11:09.938 28464  3382 E baseline.com.newsblur.network.APIResponse: 	at java.util.concurrent.ThreadPoolExecutor$Worker.run(ThreadPoolExecutor.java:588)
08-05 04:11:09.938 28464  3382 E baseline.com.newsblur.network.APIResponse: 	at java.lang.Thread.run(Thread.java:818)
08-05 04:11:09.938 28464  3382 E baseline.com.newsblur.network.APIResponse: Caused by: java.io.EOFException: \n not found: limit=0 content=
08-05 04:11:09.938 28464  3382 E baseline.com.newsblur.network.APIResponse: 	at okio.RealBufferedSource.readUtf8LineStrict(RealBufferedSource.java:240)
08-05 04:11:09.938 28464  3382 E baseline.com.newsblur.network.APIResponse: 	at okhttp3.internal.http1.Http1ExchangeCodec.readHeaderLine(Http1ExchangeCodec.java:242)
08-05 04:11:09.938 28464  3382 E baseline.com.newsblur.network.APIResponse: 	at okhttp3.internal.http1.Http1ExchangeCodec.readResponseHeaders(Http1ExchangeCodec.java:213)
08-05 04:11:09.938 28464  3382 E baseline.com.newsblur.network.APIResponse: 	... 28 more
08-05 04:11:09.939 28464  3382 I baseline.com.newsblur.network.APIManager: API call failed, pausing before retry number 1
08-05 04:11:09.963 28464 28475 I art     : Explicit concurrent mark sweep GC freed 796(194KB) AllocSpace objects, 2(40KB) LOS objects, 27% free, 42MB/58MB, paused 1.243ms total 45.086ms
08-05 04:11:10.119  4924  4924 D AndroidRuntime: >>>>>> START com.android.internal.os.RuntimeInit uid 2000 <<<<<<
08-05 04:11:10.125  4924  4924 D AndroidRuntime: CheckJNI is OFF
08-05 04:11:10.156  4924  4924 D ICU     : No timezone override file found: /data/misc/zoneinfo/current/icu/icu_tzdata.dat
08-05 04:11:10.187  4924  4924 I Radio-JNI: register_android_hardware_Radio DONE
08-05 04:11:10.208  4924  4924 D AndroidRuntime: Calling main entry com.android.commands.input.Input
08-05 04:11:10.209  4924  4924 I Input   : injectKeyEvent: KeyEvent { action=ACTION_DOWN, keyCode=KEYCODE_BACK, scanCode=0, metaState=0, flags=0x0, repeatCount=0, eventTime=763886622, downTime=763886622, deviceId=-1, source=0x101 }
08-05 04:11:10.214  4924  4924 I Input   : injectKeyEvent: KeyEvent { action=ACTION_UP, keyCode=KEYCODE_BACK, scanCode=0, metaState=0, flags=0x0, repeatCount=0, eventTime=763886622, downTime=763886622, deviceId=-1, source=0x101 }
08-05 04:11:10.219  4924  4924 D AndroidRuntime: Shutting down VM
08-05 04:11:10.226 28464 28464 D baseline.com.newsblur.service.NBSyncService: rejecting request for feedset that is exhaused
08-05 04:11:10.309 28464 28475 I art     : Starting a blocking GC Explicit
08-05 04:11:10.359 28464 28475 I art     : Explicit concurrent mark sweep GC freed 3094(220KB) AllocSpace objects, 4(80KB) LOS objects, 27% free, 42MB/58MB, paused 1.180ms total 50.380ms
08-05 04:11:10.367 28464 28464 D baseline.com.newsblur.service.NBSyncService: rejecting request for feedset that is exhaused
08-05 04:11:10.369 13866 13866 I GoogleInputMethodServic: GoogleInputMethodService.onFinishInput():3138 
08-05 04:11:10.370 13866 13866 I GoogleInputMethodServic: GoogleInputMethodService.onStartInput():1808 
08-05 04:11:10.371 28464 28475 I art     : Starting a blocking GC Explicit
08-05 04:11:10.417 28464 28475 I art     : Explicit concurrent mark sweep GC freed 933(79KB) AllocSpace objects, 1(20KB) LOS objects, 27% free, 42MB/58MB, paused 1.233ms total 45.927ms
08-05 04:11:10.430 28464 28475 I art     : Starting a blocking GC Explicit
08-05 04:11:10.473 28464 28475 I art     : Explicit concurrent mark sweep GC freed 828(66KB) AllocSpace objects, 0(0B) LOS objects, 27% free, 42MB/58MB, paused 1.018ms total 42.771ms
08-05 04:11:10.483 28464 28475 I art     : Starting a blocking GC Explicit
08-05 04:11:10.529 28464 28475 I art     : Explicit concurrent mark sweep GC freed 3(96B) AllocSpace objects, 1(28KB) LOS objects, 27% free, 42MB/58MB, paused 1.075ms total 45.774ms
08-05 04:11:10.541 28464 28475 I art     : Starting a blocking GC Explicit
08-05 04:11:10.588 28464 28475 I art     : Explicit concurrent mark sweep GC freed 3(96B) AllocSpace objects, 0(0B) LOS objects, 27% free, 42MB/58MB, paused 1.323ms total 46.690ms
08-05 04:11:10.953 28464 28476 I art     : Starting a blocking GC Explicit
08-05 04:11:11.011 28464 28476 I art     : Explicit concurrent mark sweep GC freed 4625(220KB) AllocSpace objects, 1(20KB) LOS objects, 27% free, 42MB/58MB, paused 1.556ms total 57.257ms
08-05 04:11:11.023 28464 28476 I art     : Starting a blocking GC Explicit
08-05 04:11:11.077 28464 28476 I art     : Explicit concurrent mark sweep GC freed 545(37KB) AllocSpace objects, 0(0B) LOS objects, 27% free, 42MB/58MB, paused 1.516ms total 53.667ms
08-05 04:11:11.090 28464 28476 I art     : Starting a blocking GC Explicit
08-05 04:11:11.138 28464 28476 I art     : Explicit concurrent mark sweep GC freed 48(1728B) AllocSpace objects, 0(0B) LOS objects, 27% free, 42MB/58MB, paused 1.089ms total 48.300ms
08-05 04:11:11.151 28464 28476 I art     : Starting a blocking GC Explicit
08-05 04:11:11.206 28464 28476 I art     : Explicit concurrent mark sweep GC freed 11(352B) AllocSpace objects, 0(0B) LOS objects, 27% free, 42MB/58MB, paused 1.150ms total 54.950ms
08-05 04:11:11.220 28464 28476 I art     : Starting a blocking GC Explicit
08-05 04:11:11.274 28464 28476 I art     : Explicit concurrent mark sweep GC freed 11(352B) AllocSpace objects, 0(0B) LOS objects, 27% free, 42MB/58MB, paused 1.333ms total 53.099ms
08-05 04:11:11.586   518   646 I ThermalEngine: ACTION: GPU - Setting GPU[0] to 450000000
08-05 04:11:11.629 28464 28476 I art     : Starting a blocking GC Explicit
08-05 04:11:11.698 28464 28476 I art     : Explicit concurrent mark sweep GC freed 1661(93KB) AllocSpace objects, 1(20KB) LOS objects, 27% free, 42MB/58MB, paused 1.910ms total 67.760ms
08-05 04:11:11.715 28464 28476 I art     : Starting a blocking GC Explicit
08-05 04:11:11.782 28464 28476 I art     : Explicit concurrent mark sweep GC freed 38(1360B) AllocSpace objects, 0(0B) LOS objects, 27% free, 42MB/58MB, paused 2.085ms total 67.220ms
08-05 04:11:11.798 28464 28476 I art     : Starting a blocking GC Explicit
08-05 04:11:11.863 28464 28476 I art     : Explicit concurrent mark sweep GC freed 8(256B) AllocSpace objects, 0(0B) LOS objects, 27% free, 42MB/58MB, paused 1.566ms total 64.405ms
08-05 04:11:11.878 28464 28476 I art     : Starting a blocking GC Explicit
08-05 04:11:11.943 28464 28476 I art     : Explicit concurrent mark sweep GC freed 1661(65KB) AllocSpace objects, 0(0B) LOS objects, 27% free, 42MB/58MB, paused 1.696ms total 64.496ms
08-05 04:11:11.957 28464  3382 E baseline.com.newsblur.network.APIResponse: Error (unexpected end of stream on https://www.newsblur.com/...) calling https://www.newsblur.com/reader/feed_unread_count?feed_id=0
08-05 04:11:11.957 28464  3382 E baseline.com.newsblur.network.APIResponse: java.io.IOException: unexpected end of stream on https://www.newsblur.com/...
08-05 04:11:11.957 28464  3382 E baseline.com.newsblur.network.APIResponse: 	at okhttp3.internal.http1.Http1ExchangeCodec.readResponseHeaders(Http1ExchangeCodec.java:236)
08-05 04:11:11.957 28464  3382 E baseline.com.newsblur.network.APIResponse: 	at okhttp3.internal.connection.Exchange.readResponseHeaders(Exchange.java:115)
08-05 04:11:11.957 28464  3382 E baseline.com.newsblur.network.APIResponse: 	at okhttp3.internal.http.CallServerInterceptor.intercept(CallServerInterceptor.java:94)
08-05 04:11:11.957 28464  3382 E baseline.com.newsblur.network.APIResponse: 	at okhttp3.internal.http.RealInterceptorChain.proceed(RealInterceptorChain.java:142)
08-05 04:11:11.957 28464  3382 E baseline.com.newsblur.network.APIResponse: 	at okhttp3.internal.connection.ConnectInterceptor.intercept(ConnectInterceptor.java:43)
08-05 04:11:11.957 28464  3382 E baseline.com.newsblur.network.APIResponse: 	at okhttp3.internal.http.RealInterceptorChain.proceed(RealInterceptorChain.java:142)
08-05 04:11:11.957 28464  3382 E baseline.com.newsblur.network.APIResponse: 	at okhttp3.internal.http.RealInterceptorChain.proceed(RealInterceptorChain.java:117)
08-05 04:11:11.957 28464  3382 E baseline.com.newsblur.network.APIResponse: 	at okhttp3.internal.cache.CacheInterceptor.intercept(CacheInterceptor.java:94)
08-05 04:11:11.957 28464  3382 E baseline.com.newsblur.network.APIResponse: 	at okhttp3.internal.http.RealInterceptorChain.proceed(RealInterceptorChain.java:142)
08-05 04:11:11.957 28464  3382 E baseline.com.newsblur.network.APIResponse: 	at okhttp3.internal.http.RealInterceptorChain.proceed(RealInterceptorChain.java:117)
08-05 04:11:11.957 28464  3382 E baseline.com.newsblur.network.APIResponse: 	at okhttp3.internal.http.BridgeInterceptor.intercept(BridgeInterceptor.java:93)
08-05 04:11:11.957 28464  3382 E baseline.com.newsblur.network.APIResponse: 	at okhttp3.internal.http.RealInterceptorChain.proceed(RealInterceptorChain.java:142)
08-05 04:11:11.957 28464  3382 E baseline.com.newsblur.network.APIResponse: 	at okhttp3.internal.http.RetryAndFollowUpInterceptor.intercept(RetryAndFollowUpInterceptor.java:88)
08-05 04:11:11.957 28464  3382 E baseline.com.newsblur.network.APIResponse: 	at okhttp3.internal.http.RealInterceptorChain.proceed(RealInterceptorChain.java:142)
08-05 04:11:11.957 28464  3382 E baseline.com.newsblur.network.APIResponse: 	at okhttp3.internal.http.RealInterceptorChain.proceed(RealInterceptorChain.java:117)
08-05 04:11:11.957 28464  3382 E baseline.com.newsblur.network.APIResponse: 	at okhttp3.RealCall.getResponseWithInterceptorChain(RealCall.java:229)
08-05 04:11:11.957 28464  3382 E baseline.com.newsblur.network.APIResponse: 	at okhttp3.RealCall.execute(RealCall.java:81)
08-05 04:11:11.957 28464  3382 E baseline.com.newsblur.network.APIResponse: 	at baseline.com.newsblur.network.APIResponse.<init>(APIResponse.java:57)
08-05 04:11:11.957 28464  3382 E baseline.com.newsblur.network.APIResponse: 	at baseline.com.newsblur.network.APIManager.get_single(APIManager.java:639)
08-05 04:11:11.957 28464  3382 E baseline.com.newsblur.network.APIResponse: 	at baseline.com.newsblur.network.APIManager.get(APIManager.java:625)
08-05 04:11:11.957 28464  3382 E baseline.com.newsblur.network.APIResponse: 	at baseline.com.newsblur.network.APIManager.get(APIManager.java:667)
08-05 04:11:11.957 28464  3382 E baseline.com.newsblur.network.APIResponse: 	at baseline.com.newsblur.network.APIManager.getFeedUnreadCounts(APIManager.java:274)
08-05 04:11:11.957 28464  3382 E baseline.com.newsblur.network.APIResponse: 	at baseline.com.newsblur.service.NBSyncService.checkRecounts(NBSyncService.java:660)
08-05 04:11:11.957 28464  3382 E baseline.com.newsblur.network.APIResponse: 	at baseline.com.newsblur.service.NBSyncService.doSync(NBSyncService.java:310)
08-05 04:11:11.957 28464  3382 E baseline.com.newsblur.network.APIResponse: 	at baseline.com.newsblur.service.NBSyncService.access$100(NBSyncService.java:67)
08-05 04:11:11.957 28464  3382 E baseline.com.newsblur.network.APIResponse: 	at baseline.com.newsblur.service.NBSyncService$1.run(NBSyncService.java:188)
08-05 04:11:11.957 28464  3382 E baseline.com.newsblur.network.APIResponse: 	at java.util.concurrent.ThreadPoolExecutor.runWorker(ThreadPoolExecutor.java:1113)
08-05 04:11:11.957 28464  3382 E baseline.com.newsblur.network.APIResponse: 	at java.util.concurrent.ThreadPoolExecutor$Worker.run(ThreadPoolExecutor.java:588)
08-05 04:11:11.957 28464  3382 E baseline.com.newsblur.network.APIResponse: 	at java.lang.Thread.run(Thread.java:818)
08-05 04:11:11.957 28464  3382 E baseline.com.newsblur.network.APIResponse: Caused by: java.io.EOFException: \n not found: limit=0 content=
08-05 04:11:11.957 28464  3382 E baseline.com.newsblur.network.APIResponse: 	at okio.RealBufferedSource.readUtf8LineStrict(RealBufferedSource.java:240)
08-05 04:11:11.957 28464  3382 E baseline.com.newsblur.network.APIResponse: 	at okhttp3.internal.http1.Http1ExchangeCodec.readHeaderLine(Http1ExchangeCodec.java:242)
08-05 04:11:11.957 28464  3382 E baseline.com.newsblur.network.APIResponse: 	at okhttp3.internal.http1.Http1ExchangeCodec.readResponseHeaders(Http1ExchangeCodec.java:213)
08-05 04:11:11.957 28464  3382 E baseline.com.newsblur.network.APIResponse: 	... 28 more
08-05 04:11:11.958 28464 28476 I art     : Starting a blocking GC Explicit
08-05 04:11:11.960 28464  3382 I baseline.com.newsblur.network.APIManager: API call failed, pausing before retry number 2
08-05 04:11:11.981  4962  4962 D AndroidRuntime: >>>>>> START com.android.internal.os.RuntimeInit uid 2000 <<<<<<
08-05 04:11:11.986  4962  4962 D AndroidRuntime: CheckJNI is OFF
08-05 04:11:12.023 28464 28476 I art     : Explicit concurrent mark sweep GC freed 614(177KB) AllocSpace objects, 2(40KB) LOS objects, 27% free, 42MB/58MB, paused 1.739ms total 64.218ms
08-05 04:11:12.032  4962  4962 D ICU     : No timezone override file found: /data/misc/zoneinfo/current/icu/icu_tzdata.dat
08-05 04:11:12.077  4962  4962 I Radio-JNI: register_android_hardware_Radio DONE
08-05 04:11:12.106  4962  4962 D AndroidRuntime: Calling main entry com.android.commands.input.Input
08-05 04:11:12.108  4962  4962 I Input   : injectKeyEvent: KeyEvent { action=ACTION_DOWN, keyCode=KEYCODE_BACK, scanCode=0, metaState=0, flags=0x0, repeatCount=0, eventTime=763888521, downTime=763888521, deviceId=-1, source=0x101 }
08-05 04:11:12.114  4962  4962 I Input   : injectKeyEvent: KeyEvent { action=ACTION_UP, keyCode=KEYCODE_BACK, scanCode=0, metaState=0, flags=0x0, repeatCount=0, eventTime=763888521, downTime=763888521, deviceId=-1, source=0x101 }
08-05 04:11:12.122  4962  4962 D AndroidRuntime: Shutting down VM
08-05 04:11:12.368 13866 13866 I GoogleInputMethodServic: GoogleInputMethodService.onFinishInput():3138 
08-05 04:11:12.369 13866 13866 I GoogleInputMethodServic: GoogleInputMethodService.onStartInput():1808 
08-05 04:11:12.389 28464  2648 I art     : Starting a blocking GC Explicit
08-05 04:11:12.452 28464  2648 I art     : Explicit concurrent mark sweep GC freed 10084(700KB) AllocSpace objects, 13(260KB) LOS objects, 27% free, 41MB/57MB, paused 1.527ms total 62.259ms
08-05 04:11:12.466 28464  2648 I art     : Starting a blocking GC Explicit
08-05 04:11:12.524 28464  2648 I art     : Explicit concurrent mark sweep GC freed 239(9KB) AllocSpace objects, 0(0B) LOS objects, 27% free, 41MB/57MB, paused 1.546ms total 58.006ms
08-05 04:11:12.540 28464  2648 I art     : Starting a blocking GC Explicit
08-05 04:11:12.603 28464  2648 I art     : Explicit concurrent mark sweep GC freed 3(96B) AllocSpace objects, 0(0B) LOS objects, 27% free, 41MB/57MB, paused 1.593ms total 62.370ms
08-05 04:11:12.619 28464  2648 I art     : Starting a blocking GC Explicit
08-05 04:11:12.688 28464  2648 I art     : Explicit concurrent mark sweep GC freed 3(96B) AllocSpace objects, 0(0B) LOS objects, 27% free, 41MB/57MB, paused 1.651ms total 68.067ms
08-05 04:11:12.703 28464  2648 I art     : Starting a blocking GC Explicit
08-05 04:11:12.759 28464  2648 I art     : Explicit concurrent mark sweep GC freed 451(20KB) AllocSpace objects, 0(0B) LOS objects, 27% free, 41MB/57MB, paused 1.894ms total 55.879ms
08-05 04:11:13.151 28464  2651 I art     : Starting a blocking GC Explicit
08-05 04:11:13.216 28464  2651 I art     : Explicit concurrent mark sweep GC freed 1503(84KB) AllocSpace objects, 1(20KB) LOS objects, 27% free, 41MB/57MB, paused 1.703ms total 64.896ms
08-05 04:11:13.231 28464  2651 I art     : Starting a blocking GC Explicit
08-05 04:11:13.294 28464  2651 I art     : Explicit concurrent mark sweep GC freed 169(7KB) AllocSpace objects, 0(0B) LOS objects, 27% free, 41MB/57MB, paused 1.498ms total 62.414ms
08-05 04:11:13.310 28464  2651 I art     : Starting a blocking GC Explicit
08-05 04:11:13.372 28464  2651 I art     : Explicit concurrent mark sweep GC freed 11(352B) AllocSpace objects, 0(0B) LOS objects, 27% free, 41MB/57MB, paused 1.478ms total 61.718ms
08-05 04:11:13.387 28464  2651 I art     : Starting a blocking GC Explicit
08-05 04:11:13.446 28464  2651 I art     : Explicit concurrent mark sweep GC freed 13(416B) AllocSpace objects, 0(0B) LOS objects, 27% free, 41MB/57MB, paused 1.620ms total 58.126ms
08-05 04:11:13.460 28464  2651 I art     : Starting a blocking GC Explicit
08-05 04:11:13.518 28464  2651 I art     : Explicit concurrent mark sweep GC freed 11(352B) AllocSpace objects, 0(0B) LOS objects, 27% free, 41MB/57MB, paused 1.631ms total 57.517ms
08-05 04:11:13.886 28464  2648 I art     : Starting a blocking GC Explicit
08-05 04:11:13.935  5006  5006 D AndroidRuntime: >>>>>> START com.android.internal.os.RuntimeInit uid 2000 <<<<<<
08-05 04:11:13.940  5006  5006 D AndroidRuntime: CheckJNI is OFF
08-05 04:11:13.949 28464  2648 I art     : Explicit concurrent mark sweep GC freed 1477(84KB) AllocSpace objects, 1(20KB) LOS objects, 27% free, 41MB/57MB, paused 1.718ms total 62.521ms
08-05 04:11:13.964 28464  2648 I art     : Starting a blocking GC Explicit
08-05 04:11:13.987  5006  5006 D ICU     : No timezone override file found: /data/misc/zoneinfo/current/icu/icu_tzdata.dat
08-05 04:11:14.026 28464  2648 I art     : Explicit concurrent mark sweep GC freed 22(784B) AllocSpace objects, 0(0B) LOS objects, 27% free, 41MB/57MB, paused 1.695ms total 61.961ms
08-05 04:11:14.030  5006  5006 I Radio-JNI: register_android_hardware_Radio DONE
08-05 04:11:14.041 28464  2648 I art     : Starting a blocking GC Explicit
08-05 04:11:14.060  5006  5006 D AndroidRuntime: Calling main entry com.android.commands.am.Am
08-05 04:11:14.070 24044 24044 I Trepn   : Trepn 6.2s: Received intent: com.quicinc.trepn.stop_profiling
08-05 04:11:14.101 28464  2648 I art     : Explicit concurrent mark sweep GC freed 3(96B) AllocSpace objects, 0(0B) LOS objects, 27% free, 41MB/57MB, paused 1.535ms total 59.128ms
08-05 04:11:14.108 24044 24044 I Trepn   : Trepn 6.2s: Trepn has Stopped Profiling.
08-05 04:11:14.115 28464  2648 I art     : Starting a blocking GC Explicit
08-05 04:11:14.174 28464  2648 I art     : Explicit concurrent mark sweep GC freed 3(96B) AllocSpace objects, 0(0B) LOS objects, 27% free, 41MB/57MB, paused 1.605ms total 58.340ms
08-05 04:11:14.189 28464  2648 I art     : Starting a blocking GC Explicit
08-05 04:11:14.251 28464  2648 I art     : Explicit concurrent mark sweep GC freed 3(96B) AllocSpace objects, 0(0B) LOS objects, 27% free, 41MB/57MB, paused 1.587ms total 62.115ms
08-05 04:11:14.300  5006  5006 D AndroidRuntime: Shutting down VM
08-05 04:11:14.303   918   929 W AppOps  : Finishing op nesting under-run: uid 10078 pkg com.quicinc.trepn code 24 time=0 duration=0 nesting=0
08-05 04:11:14.659 28464  2651 I art     : Starting a blocking GC Explicit
08-05 04:11:14.721 28464  2651 I art     : Explicit concurrent mark sweep GC freed 1444(83KB) AllocSpace objects, 1(20KB) LOS objects, 27% free, 41MB/57MB, paused 1.503ms total 62.226ms
08-05 04:11:14.736 28464  2651 I art     : Starting a blocking GC Explicit
08-05 04:11:14.798 28464  2651 I art     : Explicit concurrent mark sweep GC freed 22(784B) AllocSpace objects, 0(0B) LOS objects, 27% free, 41MB/57MB, paused 1.775ms total 61.192ms
08-05 04:11:14.813 28464  2651 I art     : Starting a blocking GC Explicit
08-05 04:11:14.875 28464  2651 I art     : Explicit concurrent mark sweep GC freed 3(96B) AllocSpace objects, 0(0B) LOS objects, 27% free, 41MB/57MB, paused 1.471ms total 61.636ms
08-05 04:11:14.890 28464  2651 I art     : Starting a blocking GC Explicit
08-05 04:11:14.951 28464  2651 I art     : Explicit concurrent mark sweep GC freed 3(96B) AllocSpace objects, 0(0B) LOS objects, 27% free, 41MB/57MB, paused 1.608ms total 60.772ms
08-05 04:11:14.965 28464  2651 I art     : Starting a blocking GC Explicit
08-05 04:11:15.026 28464  2651 I art     : Explicit concurrent mark sweep GC freed 96(3KB) AllocSpace objects, 0(0B) LOS objects, 27% free, 41MB/57MB, paused 1.714ms total 60.116ms
08-05 04:11:15.521 28464  3382 E baseline.com.newsblur.network.APIResponse: Error (unexpected end of stream on https://www.newsblur.com/...) calling https://www.newsblur.com/reader/feed_unread_count?feed_id=0
08-05 04:11:15.521 28464  3382 E baseline.com.newsblur.network.APIResponse: java.io.IOException: unexpected end of stream on https://www.newsblur.com/...
08-05 04:11:15.521 28464  3382 E baseline.com.newsblur.network.APIResponse: 	at okhttp3.internal.http1.Http1ExchangeCodec.readResponseHeaders(Http1ExchangeCodec.java:236)
08-05 04:11:15.521 28464  3382 E baseline.com.newsblur.network.APIResponse: 	at okhttp3.internal.connection.Exchange.readResponseHeaders(Exchange.java:115)
08-05 04:11:15.521 28464  3382 E baseline.com.newsblur.network.APIResponse: 	at okhttp3.internal.http.CallServerInterceptor.intercept(CallServerInterceptor.java:94)
08-05 04:11:15.521 28464  3382 E baseline.com.newsblur.network.APIResponse: 	at okhttp3.internal.http.RealInterceptorChain.proceed(RealInterceptorChain.java:142)
08-05 04:11:15.521 28464  3382 E baseline.com.newsblur.network.APIResponse: 	at okhttp3.internal.connection.ConnectInterceptor.intercept(ConnectInterceptor.java:43)
08-05 04:11:15.521 28464  3382 E baseline.com.newsblur.network.APIResponse: 	at okhttp3.internal.http.RealInterceptorChain.proceed(RealInterceptorChain.java:142)
08-05 04:11:15.521 28464  3382 E baseline.com.newsblur.network.APIResponse: 	at okhttp3.internal.http.RealInterceptorChain.proceed(RealInterceptorChain.java:117)
08-05 04:11:15.521 28464  3382 E baseline.com.newsblur.network.APIResponse: 	at okhttp3.internal.cache.CacheInterceptor.intercept(CacheInterceptor.java:94)
08-05 04:11:15.521 28464  3382 E baseline.com.newsblur.network.APIResponse: 	at okhttp3.internal.http.RealInterceptorChain.proceed(RealInterceptorChain.java:142)
08-05 04:11:15.521 28464  3382 E baseline.com.newsblur.network.APIResponse: 	at okhttp3.internal.http.RealInterceptorChain.proceed(RealInterceptorChain.java:117)
08-05 04:11:15.521 28464  3382 E baseline.com.newsblur.network.APIResponse: 	at okhttp3.internal.http.BridgeInterceptor.intercept(BridgeInterceptor.java:93)
08-05 04:11:15.521 28464  3382 E baseline.com.newsblur.network.APIResponse: 	at okhttp3.internal.http.RealInterceptorChain.proceed(RealInterceptorChain.java:142)
08-05 04:11:15.521 28464  3382 E baseline.com.newsblur.network.APIResponse: 	at okhttp3.internal.http.RetryAndFollowUpInterceptor.intercept(RetryAndFollowUpInterceptor.java:88)
08-05 04:11:15.521 28464  3382 E baseline.com.newsblur.network.APIResponse: 	at okhttp3.internal.http.RealInterceptorChain.proceed(RealInterceptorChain.java:142)
08-05 04:11:15.521 28464  3382 E baseline.com.newsblur.network.APIResponse: 	at okhttp3.internal.http.RealInterceptorChain.proceed(RealInterceptorChain.java:117)
08-05 04:11:15.521 28464  3382 E baseline.com.newsblur.network.APIResponse: 	at okhttp3.RealCall.getResponseWithInterceptorChain(RealCall.java:229)
08-05 04:11:15.521 28464  3382 E baseline.com.newsblur.network.APIResponse: 	at okhttp3.RealCall.execute(RealCall.java:81)
08-05 04:11:15.521 28464  3382 E baseline.com.newsblur.network.APIResponse: 	at baseline.com.newsblur.network.APIResponse.<init>(APIResponse.java:57)
08-05 04:11:15.521 28464  3382 E baseline.com.newsblur.network.APIResponse: 	at baseline.com.newsblur.network.APIManager.get_single(APIManager.java:639)
08-05 04:11:15.521 28464  3382 E baseline.com.newsblur.network.APIResponse: 	at baseline.com.newsblur.network.APIManager.get(APIManager.java:625)
08-05 04:11:15.521 28464  3382 E baseline.com.newsblur.network.APIResponse: 	at baseline.com.newsblur.network.APIManager.get(APIManager.java:667)
08-05 04:11:15.521 28464  3382 E baseline.com.newsblur.network.APIResponse: 	at baseline.com.newsblur.network.APIManager.getFeedUnreadCounts(APIManager.java:274)
08-05 04:11:15.521 28464  3382 E baseline.com.newsblur.network.APIResponse: 	at baseline.com.newsblur.service.NBSyncService.checkRecounts(NBSyncService.java:660)
08-05 04:11:15.521 28464  3382 E baseline.com.newsblur.network.APIResponse: 	at baseline.com.newsblur.service.NBSyncService.doSync(NBSyncService.java:310)
08-05 04:11:15.521 28464  3382 E baseline.com.newsblur.network.APIResponse: 	at baseline.com.newsblur.service.NBSyncService.access$100(NBSyncService.java:67)
08-05 04:11:15.521 28464  3382 E baseline.com.newsblur.network.APIResponse: 	at baseline.com.newsblur.service.NBSyncService$1.run(NBSyncService.java:188)
08-05 04:11:15.521 28464  3382 E baseline.com.newsblur.network.APIResponse: 	at java.util.concurrent.ThreadPoolExecutor.runWorker(ThreadPoolExecutor.java:1113)
08-05 04:11:15.521 28464  3382 E baseline.com.newsblur.network.APIResponse: 	at java.util.concurrent.ThreadPoolExecutor$Worker.run(ThreadPoolExecutor.java:588)
08-05 04:11:15.521 28464  3382 E baseline.com.newsblur.network.APIResponse: 	at java.lang.Thread.run(Thread.java:818)
08-05 04:11:15.521 28464  3382 E baseline.com.newsblur.network.APIResponse: Caused by: java.io.EOFException: \n not found: limit=0 content=
08-05 04:11:15.521 28464  3382 E baseline.com.newsblur.network.APIResponse: 	at okio.RealBufferedSource.readUtf8LineStrict(RealBufferedSource.java:240)
08-05 04:11:15.521 28464  3382 E baseline.com.newsblur.network.APIResponse: 	at okhttp3.internal.http1.Http1ExchangeCodec.readHeaderLine(Http1ExchangeCodec.java:242)
08-05 04:11:15.521 28464  3382 E baseline.com.newsblur.network.APIResponse: 	at okhttp3.internal.http1.Http1ExchangeCodec.readResponseHeaders(Http1ExchangeCodec.java:213)
08-05 04:11:15.521 28464  3382 E baseline.com.newsblur.network.APIResponse: 	... 28 more
08-05 04:11:15.522 28464  3382 W baseline.com.newsblur.service.NBSyncService: Bad response to feed_unread_count
08-05 04:11:15.941 28464  3382 E baseline.com.newsblur.network.APIResponse: Error (unexpected end of stream on https://www.newsblur.com/...) calling https://www.newsblur.com/reader/mark_story_hashes_as_read/
08-05 04:11:15.941 28464  3382 E baseline.com.newsblur.network.APIResponse: java.io.IOException: unexpected end of stream on https://www.newsblur.com/...
08-05 04:11:15.941 28464  3382 E baseline.com.newsblur.network.APIResponse: 	at okhttp3.internal.http1.Http1ExchangeCodec.readResponseHeaders(Http1ExchangeCodec.java:236)
08-05 04:11:15.941 28464  3382 E baseline.com.newsblur.network.APIResponse: 	at okhttp3.internal.connection.Exchange.readResponseHeaders(Exchange.java:115)
08-05 04:11:15.941 28464  3382 E baseline.com.newsblur.network.APIResponse: 	at okhttp3.internal.http.CallServerInterceptor.intercept(CallServerInterceptor.java:94)
08-05 04:11:15.941 28464  3382 E baseline.com.newsblur.network.APIResponse: 	at okhttp3.internal.http.RealInterceptorChain.proceed(RealInterceptorChain.java:142)
08-05 04:11:15.941 28464  3382 E baseline.com.newsblur.network.APIResponse: 	at okhttp3.internal.connection.ConnectInterceptor.intercept(ConnectInterceptor.java:43)
08-05 04:11:15.941 28464  3382 E baseline.com.newsblur.network.APIResponse: 	at okhttp3.internal.http.RealInterceptorChain.proceed(RealInterceptorChain.java:142)
08-05 04:11:15.941 28464  3382 E baseline.com.newsblur.network.APIResponse: 	at okhttp3.internal.http.RealInterceptorChain.proceed(RealInterceptorChain.java:117)
08-05 04:11:15.941 28464  3382 E baseline.com.newsblur.network.APIResponse: 	at okhttp3.internal.cache.CacheInterceptor.intercept(CacheInterceptor.java:94)
08-05 04:11:15.941 28464  3382 E baseline.com.newsblur.network.APIResponse: 	at okhttp3.internal.http.RealInterceptorChain.proceed(RealInterceptorChain.java:142)
08-05 04:11:15.941 28464  3382 E baseline.com.newsblur.network.APIResponse: 	at okhttp3.internal.http.RealInterceptorChain.proceed(RealInterceptorChain.java:117)
08-05 04:11:15.941 28464  3382 E baseline.com.newsblur.network.APIResponse: 	at okhttp3.internal.http.BridgeInterceptor.intercept(BridgeInterceptor.java:93)
08-05 04:11:15.941 28464  3382 E baseline.com.newsblur.network.APIResponse: 	at okhttp3.internal.http.RealInterceptorChain.proceed(RealInterceptorChain.java:142)
08-05 04:11:15.941 28464  3382 E baseline.com.newsblur.network.APIResponse: 	at okhttp3.internal.http.RetryAndFollowUpInterceptor.intercept(RetryAndFollowUpInterceptor.java:88)
08-05 04:11:15.941 28464  3382 E baseline.com.newsblur.network.APIResponse: 	at okhttp3.internal.http.RealInterceptorChain.proceed(RealInterceptorChain.java:142)
08-05 04:11:15.941 28464  3382 E baseline.com.newsblur.network.APIResponse: 	at okhttp3.internal.http.RealInterceptorChain.proceed(RealInterceptorChain.java:117)
08-05 04:11:15.941 28464  3382 E baseline.com.newsblur.network.APIResponse: 	at okhttp3.RealCall.getResponseWithInterceptorChain(RealCall.java:229)
08-05 04:11:15.941 28464  3382 E baseline.com.newsblur.network.APIResponse: 	at okhttp3.RealCall.execute(RealCall.java:81)
08-05 04:11:15.941 28464  3382 E baseline.com.newsblur.network.APIResponse: 	at baseline.com.newsblur.network.APIResponse.<init>(APIResponse.java:57)
08-05 04:11:15.941 28464  3382 E baseline.com.newsblur.network.APIResponse: 	at baseline.com.newsblur.network.APIResponse.<init>(APIResponse.java:43)
08-05 04:11:15.941 28464  3382 E baseline.com.newsblur.network.APIResponse: 	at baseline.com.newsblur.network.APIManager.post_single(APIManager.java:702)
08-05 04:11:15.941 28464  3382 E baseline.com.newsblur.network.APIResponse: 	at baseline.com.newsblur.network.APIManager.post(APIManager.java:675)
08-05 04:11:15.941 28464  3382 E baseline.com.newsblur.network.APIResponse: 	at baseline.com.newsblur.network.APIManager.post(APIManager.java:714)
08-05 04:11:15.941 28464  3382 E baseline.com.newsblur.network.APIResponse: 	at baseline.com.newsblur.network.APIManager.markStoryAsRead(APIManager.java:205)
08-05 04:11:15.941 28464  3382 E baseline.com.newsblur.network.APIResponse: 	at baseline.com.newsblur.util.ReadingAction.doRemote(ReadingAction.java:281)
08-05 04:11:15.941 28464  3382 E baseline.com.newsblur.network.APIResponse: 	at baseline.com.newsblur.service.NBSyncService.syncActions(NBSyncService.java:400)
08-05 04:11:15.941 28464  3382 E baseline.com.newsblur.network.APIResponse: 	at baseline.com.newsblur.service.NBSyncService.doSync(NBSyncService.java:298)
08-05 04:11:15.941 28464  3382 E baseline.com.newsblur.network.APIResponse: 	at baseline.com.newsblur.service.NBSyncService.access$100(NBSyncService.java:67)
08-05 04:11:15.941 28464  3382 E baseline.com.newsblur.network.APIResponse: 	at baseline.com.newsblur.service.NBSyncService$1.run(NBSyncService.java:188)
08-05 04:11:15.941 28464  3382 E baseline.com.newsblur.network.APIResponse: 	at java.util.concurrent.ThreadPoolExecutor.runWorker(ThreadPoolExecutor.java:1113)
08-05 04:11:15.941 28464  3382 E baseline.com.newsblur.network.APIResponse: 	at java.util.concurrent.ThreadPoolExecutor$Worker.run(ThreadPoolExecutor.java:588)
08-05 04:11:15.941 28464  3382 E baseline.com.newsblur.network.APIResponse: 	at java.lang.Thread.run(Thread.java:818)
08-05 04:11:15.941 28464  3382 E baseline.com.newsblur.network.APIResponse: Caused by: java.io.EOFException: \n not found: limit=0 content=
08-05 04:11:15.941 28464  3382 E baseline.com.newsblur.network.APIResponse: 	at okio.RealBufferedSource.readUtf8LineStrict(RealBufferedSource.java:240)
08-05 04:11:15.941 28464  3382 E baseline.com.newsblur.network.APIResponse: 	at okhttp3.internal.http1.Http1ExchangeCodec.readHeaderLine(Http1ExchangeCodec.java:242)
08-05 04:11:15.941 28464  3382 E baseline.com.newsblur.network.APIResponse: 	at okhttp3.internal.http1.Http1ExchangeCodec.readResponseHeaders(Http1ExchangeCodec.java:213)
08-05 04:11:15.941 28464  3382 E baseline.com.newsblur.network.APIResponse: 	... 30 more
08-05 04:11:15.943 28464  3382 I baseline.com.newsblur.network.APIManager: API call failed, pausing before retry number 1
