08-04 11:40:55.991 29906 29918 I art     : Explicit concurrent mark sweep GC freed 1540(89KB) AllocSpace objects, 1(20KB) LOS objects, 23% free, 53MB/69MB, paused 357us total 23.164ms
08-04 11:40:56.001 29906 29918 I art     : Starting a blocking GC Explicit
08-04 11:40:56.018 29906 29918 I art     : Explicit concurrent mark sweep GC freed 28(1024B) AllocSpace objects, 0(0B) LOS objects, 23% free, 53MB/69MB, paused 371us total 16.957ms
08-04 11:40:56.025 29906 29918 I art     : Starting a blocking GC Explicit
08-04 11:40:56.043 29906 29918 I art     : Explicit concurrent mark sweep GC freed 3(96B) AllocSpace objects, 0(0B) LOS objects, 23% free, 53MB/69MB, paused 300us total 17.117ms
08-04 11:40:56.050 29906 29918 I art     : Starting a blocking GC Explicit
08-04 11:40:56.066 29906 29918 I art     : Explicit concurrent mark sweep GC freed 3(96B) AllocSpace objects, 0(0B) LOS objects, 23% free, 53MB/69MB, paused 308us total 16.307ms
08-04 11:40:56.073 29906 29918 I art     : Starting a blocking GC Explicit
08-04 11:40:56.090 29906 29918 I art     : Explicit concurrent mark sweep GC freed 3(96B) AllocSpace objects, 0(0B) LOS objects, 23% free, 53MB/69MB, paused 300us total 16.844ms
08-04 11:40:56.409 29906 29990 I art     : Starting a blocking GC Explicit
08-04 11:40:56.433 29906 29990 I art     : Explicit concurrent mark sweep GC freed 1540(89KB) AllocSpace objects, 1(20KB) LOS objects, 23% free, 53MB/69MB, paused 365us total 23.898ms
08-04 11:40:56.444 29906 29990 I art     : Starting a blocking GC Explicit
08-04 11:40:56.464 29906 29990 I art     : Explicit concurrent mark sweep GC freed 28(1024B) AllocSpace objects, 0(0B) LOS objects, 23% free, 53MB/69MB, paused 299us total 19.299ms
08-04 11:40:56.471 29906 29990 I art     : Starting a blocking GC Explicit
08-04 11:40:56.488 29906 29990 I art     : Explicit concurrent mark sweep GC freed 3(96B) AllocSpace objects, 0(0B) LOS objects, 23% free, 53MB/69MB, paused 297us total 16.996ms
08-04 11:40:56.495 29906 29990 I art     : Starting a blocking GC Explicit
08-04 11:40:56.512 29906 29990 I art     : Explicit concurrent mark sweep GC freed 3(96B) AllocSpace objects, 0(0B) LOS objects, 23% free, 53MB/69MB, paused 296us total 16.439ms
08-04 11:40:56.518 29906 29990 I art     : Starting a blocking GC Explicit
08-04 11:40:56.535 29906 29990 I art     : Explicit concurrent mark sweep GC freed 3(96B) AllocSpace objects, 0(0B) LOS objects, 23% free, 53MB/69MB, paused 298us total 16.155ms
08-04 11:40:56.817 29807 29807 I ServiceManager: Waiting for service AtCmdFwd...
08-04 11:40:56.852 29906 29919 I art     : Starting a blocking GC Explicit
08-04 11:40:56.881 29906 29919 I art     : Explicit concurrent mark sweep GC freed 1540(89KB) AllocSpace objects, 1(20KB) LOS objects, 23% free, 53MB/69MB, paused 415us total 28.085ms
08-04 11:40:56.889 29906 29919 I art     : Starting a blocking GC Explicit
08-04 11:40:56.906 29906 29919 I art     : Explicit concurrent mark sweep GC freed 28(1024B) AllocSpace objects, 0(0B) LOS objects, 23% free, 53MB/69MB, paused 308us total 16.855ms
08-04 11:40:56.914 29906 29919 I art     : Starting a blocking GC Explicit
08-04 11:40:56.930 29906 29919 I art     : Explicit concurrent mark sweep GC freed 3(96B) AllocSpace objects, 0(0B) LOS objects, 23% free, 53MB/69MB, paused 293us total 16.289ms
08-04 11:40:56.937 29906 29919 I art     : Starting a blocking GC Explicit
08-04 11:40:56.953 29906 29919 I art     : Explicit concurrent mark sweep GC freed 3(96B) AllocSpace objects, 0(0B) LOS objects, 23% free, 53MB/69MB, paused 292us total 16.104ms
08-04 11:40:56.960 29906 29919 I art     : Starting a blocking GC Explicit
08-04 11:40:56.976 29906 29919 I art     : Explicit concurrent mark sweep GC freed 3(96B) AllocSpace objects, 0(0B) LOS objects, 23% free, 53MB/69MB, paused 356us total 16.213ms
08-04 11:40:57.283 29906 29989 I art     : Starting a blocking GC Explicit
08-04 11:40:57.306 29906 29989 I art     : Explicit concurrent mark sweep GC freed 1540(89KB) AllocSpace objects, 1(20KB) LOS objects, 23% free, 53MB/69MB, paused 365us total 22.883ms
08-04 11:40:57.315 29906 29989 I art     : Starting a blocking GC Explicit
08-04 11:40:57.332 29906 29989 I art     : Explicit concurrent mark sweep GC freed 28(1024B) AllocSpace objects, 0(0B) LOS objects, 23% free, 53MB/69MB, paused 310us total 17.208ms
08-04 11:40:57.340 29906 29989 I art     : Starting a blocking GC Explicit
08-04 11:40:57.356 29906 29989 I art     : Explicit concurrent mark sweep GC freed 3(96B) AllocSpace objects, 0(0B) LOS objects, 23% free, 53MB/69MB, paused 299us total 16.104ms
08-04 11:40:57.363 29906 29989 I art     : Starting a blocking GC Explicit
08-04 11:40:57.379 29906 29989 I art     : Explicit concurrent mark sweep GC freed 3(96B) AllocSpace objects, 0(0B) LOS objects, 23% free, 53MB/69MB, paused 303us total 16.260ms
08-04 11:40:57.386 29906 29989 I art     : Starting a blocking GC Explicit
08-04 11:40:57.402 29906 29989 I art     : Explicit concurrent mark sweep GC freed 3(96B) AllocSpace objects, 0(0B) LOS objects, 23% free, 53MB/69MB, paused 295us total 15.960ms
08-04 11:40:57.718 29906 29918 I art     : Starting a blocking GC Explicit
08-04 11:40:57.742 29906 29918 I art     : Explicit concurrent mark sweep GC freed 1540(89KB) AllocSpace objects, 1(20KB) LOS objects, 23% free, 53MB/69MB, paused 358us total 23.954ms
08-04 11:40:57.753 29906 29918 I art     : Starting a blocking GC Explicit
08-04 11:40:57.774 29906 29918 I art     : Explicit concurrent mark sweep GC freed 28(1024B) AllocSpace objects, 0(0B) LOS objects, 23% free, 53MB/69MB, paused 303us total 21.067ms
08-04 11:40:57.782 29906 29918 I art     : Starting a blocking GC Explicit
08-04 11:40:57.799 29906 29918 I art     : Explicit concurrent mark sweep GC freed 3(96B) AllocSpace objects, 0(0B) LOS objects, 23% free, 53MB/69MB, paused 308us total 16.784ms
08-04 11:40:57.806 29906 29918 I art     : Starting a blocking GC Explicit
08-04 11:40:57.818 29807 29807 I ServiceManager: Waiting for service AtCmdFwd...
08-04 11:40:57.823 29906 29918 I art     : Explicit concurrent mark sweep GC freed 3(96B) AllocSpace objects, 0(0B) LOS objects, 23% free, 53MB/69MB, paused 298us total 16.237ms
08-04 11:40:57.829 29906 29918 I art     : Starting a blocking GC Explicit
08-04 11:40:57.846 29906 29918 I art     : Explicit concurrent mark sweep GC freed 3(96B) AllocSpace objects, 0(0B) LOS objects, 23% free, 53MB/69MB, paused 296us total 16.198ms
08-04 11:40:58.164 29906 29990 I art     : Starting a blocking GC Explicit
08-04 11:40:58.188 29906 29990 I art     : Explicit concurrent mark sweep GC freed 1540(89KB) AllocSpace objects, 1(20KB) LOS objects, 23% free, 53MB/69MB, paused 455us total 23.589ms
08-04 11:40:58.197 29906 29990 I art     : Starting a blocking GC Explicit
08-04 11:40:58.214 29906 29990 I art     : Explicit concurrent mark sweep GC freed 28(1024B) AllocSpace objects, 0(0B) LOS objects, 23% free, 53MB/69MB, paused 316us total 17.035ms
08-04 11:40:58.221 29906 29990 I art     : Starting a blocking GC Explicit
08-04 11:40:58.238 29906 29990 I art     : Explicit concurrent mark sweep GC freed 3(96B) AllocSpace objects, 0(0B) LOS objects, 23% free, 53MB/69MB, paused 295us total 16.842ms
08-04 11:40:58.245 29906 29990 I art     : Starting a blocking GC Explicit
08-04 11:40:58.262 29906 29990 I art     : Explicit concurrent mark sweep GC freed 3(96B) AllocSpace objects, 0(0B) LOS objects, 23% free, 53MB/69MB, paused 327us total 16.347ms
08-04 11:40:58.269 29906 29990 I art     : Starting a blocking GC Explicit
08-04 11:40:58.286 29906 29990 I art     : Explicit concurrent mark sweep GC freed 3(96B) AllocSpace objects, 0(0B) LOS objects, 23% free, 53MB/69MB, paused 305us total 16.606ms
08-04 11:40:58.538 29906 29919 I art     : Starting a blocking GC Explicit
08-04 11:40:58.556 29906 29919 I art     : Explicit concurrent mark sweep GC freed 1540(89KB) AllocSpace objects, 1(20KB) LOS objects, 23% free, 53MB/69MB, paused 317us total 17.815ms
08-04 11:40:58.563 29906 29919 I art     : Starting a blocking GC Explicit
08-04 11:40:58.580 29906 29919 I art     : Explicit concurrent mark sweep GC freed 28(1024B) AllocSpace objects, 0(0B) LOS objects, 23% free, 53MB/69MB, paused 311us total 17.029ms
08-04 11:40:58.587 29906 29919 I art     : Starting a blocking GC Explicit
08-04 11:40:58.604 29906 29919 I art     : Explicit concurrent mark sweep GC freed 3(96B) AllocSpace objects, 0(0B) LOS objects, 23% free, 53MB/69MB, paused 311us total 16.682ms
08-04 11:40:58.611 29906 29919 I art     : Starting a blocking GC Explicit
08-04 11:40:58.628 29906 29919 I art     : Explicit concurrent mark sweep GC freed 3(96B) AllocSpace objects, 0(0B) LOS objects, 23% free, 53MB/69MB, paused 388us total 16.878ms
08-04 11:40:58.635 29906 29919 I art     : Starting a blocking GC Explicit
08-04 11:40:58.652 29906 29919 I art     : Explicit concurrent mark sweep GC freed 3(96B) AllocSpace objects, 0(0B) LOS objects, 23% free, 53MB/69MB, paused 317us total 16.703ms
08-04 11:40:58.819 29807 29807 I ServiceManager: Waiting for service AtCmdFwd...
08-04 11:40:58.963 29906 29989 I art     : Starting a blocking GC Explicit
08-04 11:40:58.992 29906 29989 I art     : Explicit concurrent mark sweep GC freed 1540(89KB) AllocSpace objects, 1(20KB) LOS objects, 23% free, 53MB/69MB, paused 389us total 28.775ms
08-04 11:40:59.005 29906 29989 I art     : Starting a blocking GC Explicit
08-04 11:40:59.027 29906 29989 I art     : Explicit concurrent mark sweep GC freed 28(1024B) AllocSpace objects, 0(0B) LOS objects, 23% free, 53MB/69MB, paused 429us total 21.235ms
08-04 11:40:59.038 29906 29989 I art     : Starting a blocking GC Explicit
08-04 11:40:59.056 29906 29989 I art     : Explicit concurrent mark sweep GC freed 3(96B) AllocSpace objects, 0(0B) LOS objects, 23% free, 53MB/69MB, paused 315us total 17.191ms
08-04 11:40:59.063 29906 29989 I art     : Starting a blocking GC Explicit
08-04 11:40:59.080 29906 29989 I art     : Explicit concurrent mark sweep GC freed 3(96B) AllocSpace objects, 0(0B) LOS objects, 23% free, 53MB/69MB, paused 308us total 17.054ms
08-04 11:40:59.087 29906 29989 I art     : Starting a blocking GC Explicit
08-04 11:40:59.104 29906 29989 I art     : Explicit concurrent mark sweep GC freed 3(96B) AllocSpace objects, 0(0B) LOS objects, 23% free, 53MB/69MB, paused 307us total 16.763ms
08-04 11:40:59.435 29906 29918 I art     : Starting a blocking GC Explicit
08-04 11:40:59.459 29906 29918 I art     : Explicit concurrent mark sweep GC freed 1540(89KB) AllocSpace objects, 1(20KB) LOS objects, 23% free, 53MB/69MB, paused 352us total 24.036ms
08-04 11:40:59.470 29906 29918 I art     : Starting a blocking GC Explicit
08-04 11:40:59.488 29906 29918 I art     : Explicit concurrent mark sweep GC freed 28(1024B) AllocSpace objects, 0(0B) LOS objects, 23% free, 53MB/69MB, paused 299us total 17.886ms
08-04 11:40:59.495 29906 29918 I art     : Starting a blocking GC Explicit
08-04 11:40:59.512 29906 29918 I art     : Explicit concurrent mark sweep GC freed 3(96B) AllocSpace objects, 0(0B) LOS objects, 23% free, 53MB/69MB, paused 328us total 16.590ms
08-04 11:40:59.519 29906 29918 I art     : Starting a blocking GC Explicit
08-04 11:40:59.535 29906 29918 I art     : Explicit concurrent mark sweep GC freed 3(96B) AllocSpace objects, 0(0B) LOS objects, 23% free, 53MB/69MB, paused 309us total 16.402ms
08-04 11:40:59.542 29906 29918 I art     : Starting a blocking GC Explicit
08-04 11:40:59.558 29906 29918 I art     : Explicit concurrent mark sweep GC freed 3(96B) AllocSpace objects, 0(0B) LOS objects, 23% free, 53MB/69MB, paused 280us total 16.063ms
08-04 11:40:59.819 29807 29807 I ServiceManager: Waiting for service AtCmdFwd...
08-04 11:40:59.865 29906 29990 I art     : Starting a blocking GC Explicit
08-04 11:40:59.889 29906 29990 I art     : Explicit concurrent mark sweep GC freed 1540(89KB) AllocSpace objects, 1(20KB) LOS objects, 23% free, 53MB/69MB, paused 359us total 23.830ms
08-04 11:40:59.902 29906 29990 I art     : Starting a blocking GC Explicit
08-04 11:40:59.918 29906 29990 I art     : Explicit concurrent mark sweep GC freed 28(1024B) AllocSpace objects, 0(0B) LOS objects, 23% free, 53MB/69MB, paused 267us total 15.840ms
08-04 11:40:59.925 29906 29990 I art     : Starting a blocking GC Explicit
08-04 11:40:59.941 29906 29990 I art     : Explicit concurrent mark sweep GC freed 3(96B) AllocSpace objects, 0(0B) LOS objects, 23% free, 53MB/69MB, paused 301us total 15.590ms
08-04 11:40:59.948 29906 29990 I art     : Starting a blocking GC Explicit
08-04 11:40:59.963 29906 29990 I art     : Explicit concurrent mark sweep GC freed 3(96B) AllocSpace objects, 0(0B) LOS objects, 23% free, 53MB/69MB, paused 304us total 15.361ms
08-04 11:40:59.970 29906 29990 I art     : Starting a blocking GC Explicit
08-04 11:40:59.985 29906 29990 I art     : Explicit concurrent mark sweep GC freed 3(96B) AllocSpace objects, 0(0B) LOS objects, 23% free, 53MB/69MB, paused 297us total 15.055ms
08-04 11:41:00.199 30693 30693 D AndroidRuntime: >>>>>> START com.android.internal.os.RuntimeInit uid 2000 <<<<<<
08-04 11:41:00.203 30693 30693 D AndroidRuntime: CheckJNI is OFF
08-04 11:41:00.228 30693 30693 D ICU     : No timezone override file found: /data/misc/zoneinfo/current/icu/icu_tzdata.dat
08-04 11:41:00.252 30693 30693 I Radio-JNI: register_android_hardware_Radio DONE
08-04 11:41:00.269 30693 30693 D AndroidRuntime: Calling main entry com.android.commands.input.Input
08-04 11:41:00.270 30693 30693 I Input   : injectKeyEvent: KeyEvent { action=ACTION_DOWN, keyCode=KEYCODE_BACK, scanCode=0, metaState=0, flags=0x0, repeatCount=0, eventTime=704476683, downTime=704476683, deviceId=-1, source=0x101 }
08-04 11:41:00.273 29906 29919 I art     : Starting a blocking GC Explicit
08-04 11:41:00.277 30693 30693 I Input   : injectKeyEvent: KeyEvent { action=ACTION_UP, keyCode=KEYCODE_BACK, scanCode=0, metaState=0, flags=0x0, repeatCount=0, eventTime=704476683, downTime=704476683, deviceId=-1, source=0x101 }
08-04 11:41:00.283 29906 29906 D NappaLifecycleObserver: nappagreedy.appteam.nith.hillffair.activities.ClubActivity - onPause
08-04 11:41:00.283 29906 29906 D Nappa   : Stayed on nappagreedy.appteam.nith.hillffair.activities.ClubActivity for 12383 ms
08-04 11:41:00.283 30693 30693 D AndroidRuntime: Shutting down VM
08-04 11:41:00.287 29906 29906 D NappaLifecycleObserver: nappagreedy.appteam.nith.hillffair.activities.BattleDayActivity - onResume
08-04 11:41:00.287 29906 29906 D Nappa   : setCurrentActivity - MetricStrategyAccuracy - 
08-04 11:41:00.287 29906 29906 D Nappa   : madePredictionFromActivity = true, 
08-04 11:41:00.287 29906 29906 D Nappa   : fromActivity = nappagreedy.appteam.nith.hillffair.activities.ClubActivity, 
08-04 11:41:00.287 29906 29906 D Nappa   : predictedNextActivityFromActivity = [], 
08-04 11:41:00.287 29906 29906 D Nappa   : activity.getClass().getCanonicalName() = nappagreedy.appteam.nith.hillffair.activities.BattleDayActivity, 
08-04 11:41:00.287 29906 29906 D Nappa   : setCurrentActivity - MetricStrategyAccuracy - 
08-04 11:41:00.287 29906 29906 D Nappa   : madePredictionFromExtra = false, 
08-04 11:41:00.287 29906 29906 D Nappa   : fromActivity = nappagreedy.appteam.nith.hillffair.activities.ClubActivity, 
08-04 11:41:00.287 29906 29906 D Nappa   : predictedNextActivityFromExtra = [], 
08-04 11:41:00.287 29906 29906 D Nappa   : activity.getClass().getCanonicalName() = nappagreedy.appteam.nith.hillffair.activities.BattleDayActivity, 
08-04 11:41:00.287 29906 29906 D Nappa   : PREFETCH_ON_EXTRA - setCurrentActivity - logs - from activity - made prediction istrue
08-04 11:41:00.287 29906 29906 D Nappa   : PREFETCH_ON_EXTRA - setCurrentActivity - logs - from activity - start
08-04 11:41:00.287 29906 29906 I NAPPA_EXPERIMENTATION: MetricStrategyAccuracy: LOG_ID='4',EXECUTION_COUNT='4',CASES_COUNT='4',HIT_PERCENTAGE_TOTAL='50.0',HIT_PERCENTAGE_WHEN_PREDICTED='100.0',HIT_COUNT='2',MISS_COUNT='0',INSUFFICIENT_SCORE_COUNT='1',EXCEPTION_COUNT='0',NO_SUCCESSOR_COUNT='1',
08-04 11:41:00.287 29906 29906 D Nappa   : PREFETCH_ON_EXTRA - setCurrentActivity - logs - from activity- finished
08-04 11:41:00.290 29906 29919 I art     : Explicit concurrent mark sweep GC freed 1832(113KB) AllocSpace objects, 1(20KB) LOS objects, 22% free, 53MB/69MB, paused 399us total 17.094ms
08-04 11:41:00.297 29906 29919 I art     : Starting a blocking GC Explicit
08-04 11:41:00.312 29906 29919 I art     : Explicit concurrent mark sweep GC freed 63(2800B) AllocSpace objects, 0(0B) LOS objects, 23% free, 53MB/69MB, paused 354us total 15.269ms
08-04 11:41:00.319 29906 29919 I art     : Starting a blocking GC Explicit
08-04 11:41:00.334 29906 29919 I art     : Explicit concurrent mark sweep GC freed 3(96B) AllocSpace objects, 0(0B) LOS objects, 23% free, 53MB/69MB, paused 332us total 15.128ms
08-04 11:41:00.341 29906 29919 I art     : Starting a blocking GC Explicit
08-04 11:41:00.358 29906 29919 I art     : Explicit concurrent mark sweep GC freed 3(96B) AllocSpace objects, 0(0B) LOS objects, 23% free, 53MB/69MB, paused 355us total 16.514ms
08-04 11:41:00.365 29906 29919 I art     : Starting a blocking GC Explicit
08-04 11:41:00.381 29906 29919 I art     : Explicit concurrent mark sweep GC freed 3(96B) AllocSpace objects, 0(0B) LOS objects, 23% free, 53MB/69MB, paused 347us total 16.501ms
08-04 11:41:00.387 29906 29906 D Nappa   : registerActivity: (already in) nappagreedy.appteam.nith.hillffair.activities.BattleDayActivity
08-04 11:41:00.387 29906 29906 D ActivityGraph: LARDataCalculatedUpdate nappagreedy.appteam.nith.hillffair.activities.BattleDayActivity Pagerank: 0.25 HITS-Authority: 1.0 HITS-Hub: 1.0 SALSA-Authority: 1.0 SALSA-Hub: 1.0
08-04 11:41:00.388 29906 29906 D Nappa   : SHOULD_PREFETCH false
08-04 11:41:00.388 29906 29906 D Nappa   : STATS Number of requests not prefetched: 2
08-04 11:41:00.388 29906 29906 D Nappa   : STATS Number of requests prefetched: 0
08-04 11:41:00.388 29906 29906 D Nappa   : STATS Time saved until now: 0.0
08-04 11:41:00.417 29906 29906 D ActivityNode: Observer - visit time - ClubActivity - New aggregate visit time found is 128760 ms
08-04 11:41:00.419 13866 13866 I GoogleInputMethodServic: GoogleInputMethodService.onFinishInput():3138 
08-04 11:41:00.419 13866 13866 I GoogleInputMethodServic: GoogleInputMethodService.onStartInput():1808 
08-04 11:41:00.617 29906 29918 I art     : Starting a blocking GC Explicit
08-04 11:41:00.636 29906 29918 I art     : Explicit concurrent mark sweep GC freed 1748(99KB) AllocSpace objects, 1(20KB) LOS objects, 22% free, 53MB/69MB, paused 488us total 18.185ms
08-04 11:41:00.645 29906 29918 I art     : Starting a blocking GC Explicit
08-04 11:41:00.662 29906 29918 I art     : Explicit concurrent mark sweep GC freed 178(6KB) AllocSpace objects, 0(0B) LOS objects, 23% free, 53MB/69MB, paused 330us total 16.330ms
08-04 11:41:00.669 29906 29918 I art     : Starting a blocking GC Explicit
08-04 11:41:00.685 29906 29918 I art     : Explicit concurrent mark sweep GC freed 3(96B) AllocSpace objects, 0(0B) LOS objects, 23% free, 53MB/69MB, paused 314us total 15.386ms
08-04 11:41:00.687 29906 29936 D Nappa   : PREFETCH_ON_EXTRA - setCurrentActivity - logs - from extra - made prediction isfalse
08-04 11:41:00.692 29906 29918 I art     : Starting a blocking GC Explicit
08-04 11:41:00.707 29906 29918 I art     : Explicit concurrent mark sweep GC freed 18(1216B) AllocSpace objects, 0(0B) LOS objects, 23% free, 53MB/69MB, paused 310us total 14.678ms
08-04 11:41:00.713 29906 29918 I art     : Starting a blocking GC Explicit
08-04 11:41:00.714 29906 29906 D NappaLifecycleObserver: nappagreedy.appteam.nith.hillffair.activities.ClubActivity - onDestroy
08-04 11:41:00.714 29906 29906 D NappaLifecycleObserver: -------------F1_SCORE #5 -----------
08-04 11:41:00.714 29906 29906 D NappaLifecycleObserver: F1_SCORE - Intercept list (1)= [https://api-hillfair-2k16.herokuapp.com/api/app/events/special]
08-04 11:41:00.714 29906 29906 D NappaLifecycleObserver: F1_SCORE - Prefetch list (1)= [https://api-hillfair-2k16.herokuapp.com/api/app/events/special/event?id=5806551bdcba0f490c70fd1f]
08-04 11:41:00.714 29906 29906 D NappaLifecycleObserver: F1_SCORE - TP list (0)= []
08-04 11:41:00.714 29906 29906 D NappaLifecycleObserver: F1_SCORE - FN list (1)= [https://api-hillfair-2k16.herokuapp.com/api/app/events/special]
08-04 11:41:00.714 29906 29906 I NAPPA_EXPERIMENTATION: MetricPrefetchingAccuracy: LOG_ID='6',F1_SCORE_1='0.0',F1_SCORE_2='0.0',TRUE_POSITIVE='0',FALSE_POSITIVE='1',FALSE_NEGATIVE='1',
08-04 11:41:00.715   380   380 W SurfaceFlinger: couldn't log to binary event log: overflow.
08-04 11:41:00.730 29906 29918 I art     : Explicit concurrent mark sweep GC freed 236(18KB) AllocSpace objects, 0(0B) LOS objects, 22% free, 53MB/69MB, paused 314us total 16.082ms
08-04 11:41:00.820 29807 29807 I ServiceManager: Waiting for service AtCmdFwd...
08-04 11:41:00.994 29906 29990 I art     : Starting a blocking GC Explicit
08-04 11:41:01.015 29906 29990 I art     : Explicit concurrent mark sweep GC freed 1675(96KB) AllocSpace objects, 1(20KB) LOS objects, 23% free, 53MB/69MB, paused 363us total 20.789ms
08-04 11:41:01.027 29906 29990 I art     : Starting a blocking GC Explicit
08-04 11:41:01.043 29906 29990 I art     : Explicit concurrent mark sweep GC freed 1563(102KB) AllocSpace objects, 3(400KB) LOS objects, 23% free, 53MB/69MB, paused 306us total 16.685ms
08-04 11:41:01.050 29906 29990 I art     : Starting a blocking GC Explicit
08-04 11:41:01.066 29906 29990 I art     : Explicit concurrent mark sweep GC freed 3(96B) AllocSpace objects, 0(0B) LOS objects, 23% free, 53MB/69MB, paused 302us total 15.927ms
08-04 11:41:01.073 29906 29990 I art     : Starting a blocking GC Explicit
08-04 11:41:01.090 29906 29990 I art     : Explicit concurrent mark sweep GC freed 3(96B) AllocSpace objects, 0(0B) LOS objects, 23% free, 53MB/69MB, paused 338us total 16.457ms
08-04 11:41:01.097 29906 29990 I art     : Starting a blocking GC Explicit
08-04 11:41:01.113 29906 29990 I art     : Explicit concurrent mark sweep GC freed 3(96B) AllocSpace objects, 0(0B) LOS objects, 23% free, 53MB/69MB, paused 293us total 16.149ms
08-04 11:41:01.401 29906 29989 I art     : Starting a blocking GC Explicit
08-04 11:41:01.426 29906 29989 I art     : Explicit concurrent mark sweep GC freed 1540(89KB) AllocSpace objects, 1(20KB) LOS objects, 23% free, 53MB/69MB, paused 469us total 25.119ms
08-04 11:41:01.437 29906 29989 I art     : Starting a blocking GC Explicit
08-04 11:41:01.454 29906 29989 I art     : Explicit concurrent mark sweep GC freed 28(1024B) AllocSpace objects, 0(0B) LOS objects, 23% free, 53MB/69MB, paused 314us total 16.427ms
08-04 11:41:01.461 29906 29989 I art     : Starting a blocking GC Explicit
08-04 11:41:01.477 29906 29989 I art     : Explicit concurrent mark sweep GC freed 3(96B) AllocSpace objects, 0(0B) LOS objects, 23% free, 53MB/69MB, paused 311us total 16.217ms
08-04 11:41:01.484 29906 29989 I art     : Starting a blocking GC Explicit
08-04 11:41:01.500 29906 29989 I art     : Explicit concurrent mark sweep GC freed 3(96B) AllocSpace objects, 0(0B) LOS objects, 23% free, 53MB/69MB, paused 296us total 15.988ms
08-04 11:41:01.507 29906 29989 I art     : Starting a blocking GC Explicit
08-04 11:41:01.523 29906 29989 I art     : Explicit concurrent mark sweep GC freed 3(96B) AllocSpace objects, 0(0B) LOS objects, 23% free, 53MB/69MB, paused 344us total 15.409ms
08-04 11:41:01.764 29906 29919 I art     : Starting a blocking GC Explicit
08-04 11:41:01.780 29906 29919 I art     : Explicit concurrent mark sweep GC freed 1537(89KB) AllocSpace objects, 1(20KB) LOS objects, 23% free, 53MB/69MB, paused 319us total 16.015ms
08-04 11:41:01.787 29906 29919 I art     : Starting a blocking GC Explicit
08-04 11:41:01.803 29906 29919 I art     : Explicit concurrent mark sweep GC freed 28(1024B) AllocSpace objects, 0(0B) LOS objects, 23% free, 53MB/69MB, paused 319us total 15.636ms
08-04 11:41:01.809 29906 29919 I art     : Starting a blocking GC Explicit
08-04 11:41:01.820 29807 29807 W Atfwd_Sendcmd: AtCmdFwd service not published, waiting... retryCnt : 5
08-04 11:41:01.826 29906 29919 I art     : Explicit concurrent mark sweep GC freed 3(96B) AllocSpace objects, 0(0B) LOS objects, 23% free, 53MB/69MB, paused 320us total 15.928ms
08-04 11:41:01.827 30748 30748 D AndroidRuntime: >>>>>> START com.android.internal.os.RuntimeInit uid 2000 <<<<<<
08-04 11:41:01.831 30748 30748 D AndroidRuntime: CheckJNI is OFF
08-04 11:41:01.833 29906 29919 I art     : Starting a blocking GC Explicit
08-04 11:41:01.849 29906 29919 I art     : Explicit concurrent mark sweep GC freed 3(96B) AllocSpace objects, 0(0B) LOS objects, 23% free, 53MB/69MB, paused 373us total 15.801ms
08-04 11:41:01.855 29906 29919 I art     : Starting a blocking GC Explicit
08-04 11:41:01.863 30748 30748 D ICU     : No timezone override file found: /data/misc/zoneinfo/current/icu/icu_tzdata.dat
08-04 11:41:01.870 29906 29919 I art     : Explicit concurrent mark sweep GC freed 3(96B) AllocSpace objects, 0(0B) LOS objects, 23% free, 53MB/69MB, paused 328us total 14.242ms
08-04 11:41:01.887 30748 30748 I Radio-JNI: register_android_hardware_Radio DONE
08-04 11:41:01.902 30748 30748 D AndroidRuntime: Calling main entry com.android.commands.input.Input
08-04 11:41:01.903 30748 30748 I Input   : injectMotionEvent: MotionEvent { action=ACTION_DOWN, actionButton=0, id[0]=0, x[0]=733.0, y[0]=1370.0, toolType[0]=TOOL_TYPE_UNKNOWN, buttonState=0, metaState=0, flags=0x0, edgeFlags=0x0, pointerCount=1, historySize=0, eventTime=704478316, downTime=704478316, deviceId=0, source=0x1002 }
08-04 11:41:01.909 30748 30748 I Input   : injectMotionEvent: MotionEvent { action=ACTION_UP, actionButton=0, id[0]=0, x[0]=733.0, y[0]=1370.0, toolType[0]=TOOL_TYPE_UNKNOWN, buttonState=0, metaState=0, flags=0x0, edgeFlags=0x0, pointerCount=1, historySize=0, eventTime=704478316, downTime=704478316, deviceId=0, source=0x1002 }
08-04 11:41:01.910 29906 29906 D NappaIntentExtras: ==================
08-04 11:41:01.910 29906 29936 D Nappa   : PREFETCH_ON_EXTRA - notifyExtras- start
08-04 11:41:01.910 29906 29906 D NappaIntentExtras: Log #5
08-04 11:41:01.910 29906 29906 D NappaIntentExtras: ------------------
08-04 11:41:01.910 29906 29906 D NappaIntentExtras: activity nappagreedy.appteam.nith.hillffair.activities.QuizActivity
08-04 11:41:01.910 29906 29906 D NappaIntentExtras: 	- No extras registered
08-04 11:41:01.910 29906 29906 D NappaIntentExtras: activity nappagreedy.appteam.nith.hillffair.activities.HomeActivity
08-04 11:41:01.910 29906 29906 D NappaIntentExtras: 	- No extras registered
08-04 11:41:01.911 29906 29936 I NAPPA_EXPERIMENTATION: MetricNappaPrefetchingStrategyExecutionTime: STRATEGY_CLASS='GreedyPrefetchingStrategyOnVisitFrequencyAndTime',DURATION='196302',NUMBER_OF_URLS='1',NUMBER_OF_SELECTED_CHILDREN_NODES='1',NUMBER_OF_CHILDREN_NODES='1',STRATEGY_RUN_SUCCESSFULLY='True',
08-04 11:41:01.911 29906 29906 D NappaIntentExtras: activity nappagreedy.appteam.nith.hillffair.activities.ClubActivity
08-04 11:41:01.911 29906 29936 D GreedyPrefetchingStrategyOnVisitFrequencyAndTime: ==================================
08-04 11:41:01.911 29906 29906 D NappaIntentExtras: 	- No extras registered
08-04 11:41:01.911 29906 29936 D GreedyPrefetchingStrategyOnVisitFrequencyAndTime: Starting Run #5
08-04 11:41:01.911 29906 29906 D NappaIntentExtras: activity nappagreedy.appteam.nith.hillffair.activities.LeaderBoardActivity
08-04 11:41:01.911 29906 29936 D GreedyPrefetchingStrategyOnVisitFrequencyAndTime: ----------------------------------
08-04 11:41:01.911 29906 29936 D GreedyPrefetchingStrategyOnVisitFrequencyAndTime: Node data BattleDayActivity 
08-04 11:41:01.911 29906 29936 D GreedyPrefetchingStrategyOnVisitFrequencyAndTime: 	Successors:
08-04 11:41:01.911 29906 29936 D GreedyPrefetchingStrategyOnVisitFrequencyAndTime: 		ClubActivity (1 hits)
08-04 11:41:01.911 29906 29936 D GreedyPrefetchingStrategyOnVisitFrequencyAndTime: 	Ancestors:
08-04 11:41:01.911 29906 29936 D GreedyPrefetchingStrategyOnVisitFrequencyAndTime: 		HomeActivity (0 hits)
08-04 11:41:01.911 29906 29936 D GreedyPrefetchingStrategyOnVisitFrequencyAndTime: 
08-04 11:41:01.911 29906 29906 D NappaIntentExtras: 	- No extras registered
08-04 11:41:01.911 29906 29936 D GreedyPrefetchingStrategyOnVisitFrequencyAndTime: MetricStrategyAccuracy inc execution count5 | act = false; extra = true
08-04 11:41:01.911 29906 29936 D GreedyPrefetchingStrategyOnVisitFrequencyAndTime: ------------- Recursion #1 -----------
08-04 11:41:01.911 29906 29906 D NappaIntentExtras: activity nappagreedy.appteam.nith.hillffair.activities.InformationActivity
08-04 11:41:01.911 29906 29936 D GreedyPrefetchingStrategyOnVisitFrequencyAndTime: Best successors so far []
08-04 11:41:01.911 29906 29936 D GreedyPrefetchingStrategyOnVisitFrequencyAndTime: Checking node BattleDayActivity with 1 successors
08-04 11:41:01.911 29906 29906 D NappaIntentExtras: 	- No extras registered
08-04 11:41:01.911 29906 29936 D GreedyPrefetchingStrategyOnVisitFrequencyAndTime: Check successor ClubActivity
08-04 11:41:01.911 29906 29936 D GreedyPrefetchingStrategyOnVisitFrequencyAndTime: Data:
08-04 11:41:01.911 29906 29906 D NappaIntentExtras: activity nappagreedy.appteam.nith.hillffair.activities.BattleDayActivity
08-04 11:41:01.911 29906 29936 D GreedyPrefetchingStrategyOnVisitFrequencyAndTime: 	- Successor time = 128760.0
08-04 11:41:01.911 29906 29936 D GreedyPrefetchingStrategyOnVisitFrequencyAndTime: 	- Successor frequency = 13
08-04 11:41:01.911 29906 29906 D NappaIntentExtras: 	- 3 extras registered
08-04 11:41:01.911 29906 29936 D GreedyPrefetchingStrategyOnVisitFrequencyAndTime: 	- Aggregated time = 128760.0
08-04 11:41:01.911 29906 29936 D GreedyPrefetchingStrategyOnVisitFrequencyAndTime: 	- Aggregated frequency = 13
08-04 11:41:01.911 29906 29906 D NappaIntentExtras: 	- name : Dance
08-04 11:41:01.911 29906 29936 D GreedyPrefetchingStrategyOnVisitFrequencyAndTime: Calculated scores:
08-04 11:41:01.911 29906 29936 D GreedyPrefetchingStrategyOnVisitFrequencyAndTime: 	- Parent score = 1.0
08-04 11:41:01.911 29906 29906 D NappaIntentExtras: 	- id : 580655cddcba0f490c70fdd0
08-04 11:41:01.911 29906 29936 D GreedyPrefetchingStrategyOnVisitFrequencyAndTime: 	- Successor time score = 0.5
08-04 11:41:01.911 29906 29936 D GreedyPrefetchingStrategyOnVisitFrequencyAndTime: 	- Successor frequency score = 0.5
08-04 11:41:01.911 29906 29906 D NappaIntentExtras: 	- battleday : true
08-04 11:41:01.911 29906 29936 D GreedyPrefetchingStrategyOnVisitFrequencyAndTime: 	- Successor final score = 1.0
08-04 11:41:01.911 29906 29936 D GreedyPrefetchingStrategyOnVisitFrequencyAndTime: Switch best successor
08-04 11:41:01.911 29906 29906 D NappaIntentExtras: activity nappagreedy.appteam.nith.hillffair.activities.EventActivity
08-04 11:41:01.911 29906 29936 D GreedyPrefetchingStrategyOnVisitFrequencyAndTime: BattleDayActivity best successor is ClubActivity with score 1.0 containing the URLS [https://api-hillfair-2k16.herokuapp.com/api/app/events/special/event?id=580655cddcba0f490c70fdd0]
08-04 11:41:01.911 29906 29936 D GreedyPrefetchingStrategyOnVisitFrequencyAndTime: ------------- Recursion #2 -----------
08-04 11:41:01.911 29906 29906 D NappaIntentExtras: 	- No extras registered
08-04 11:41:01.911 29906 29936 D GreedyPrefetchingStrategyOnVisitFrequencyAndTime: Best successors so far [ClubActivity]
08-04 11:41:01.911 29906 29936 D GreedyPrefetchingStrategyOnVisitFrequencyAndTime: Checking node ClubActivity with 0 successors
08-04 11:41:01.911 29906 29906 D NappaIntentExtras: activity nappagreedy.appteam.nith.hillffair.activities.SplashActivity
08-04 11:41:01.911 29906 29936 D GreedyPrefetchingStrategyOnVisitFrequencyAndTime: this node has no successors
08-04 11:41:01.912 29906 29906 D NappaIntentExtras: 	- No extras registered
08-04 11:41:01.912 29906 29936 D GreedyPrefetchingStrategyOnVisitFrequencyAndTime: Next visited child will be [nappagreedy.appteam.nith.hillffair.activities.ClubActivity]
08-04 11:41:01.912 29906 29936 D GreedyPrefetchingStrategyOnVisitFrequencyAndTime: ==================================
08-04 11:41:01.912 29906 29906 D NappaIntentExtras: ==================
08-04 11:41:01.912 29906 29936 D Nappa   : PREFETCH_ON_EXTRA - notifyExtras- end
08-04 11:41:01.912 29906 29936 D Nappa   : PREFSTRAT2 URL: https://api-hillfair-2k16.herokuapp.com/api/app/events/special/event?id=580655cddcba0f490c70fdd0
08-04 11:41:01.912 29906 29936 D Nappa   : F1_SCORE list_url_prefetched - (new) - https://api-hillfair-2k16.herokuapp.com/api/app/events/special/event?id=580655cddcba0f490c70fdd0
08-04 11:41:01.912   918  3961 I ActivityManager: START u0 {cmp=nappagreedy.appteam.nith.hillffair/.activities.ClubActivity (has extras)} from uid 10654 on display 0
08-04 11:41:01.913 29906 29936 D CustomInterceptor: NETWORK-PROVIDER https://api-hillfair-2k16.herokuapp.com/api/app/events/special/event?id=580655cddcba0f490c70fdd0
08-04 11:41:01.913 29906 29936 D Nappa   : F1_SCORE list_url_prefetched - (already in) - https://api-hillfair-2k16.herokuapp.com/api/app/events/special/event?id=580655cddcba0f490c70fdd0
08-04 11:41:01.913 29906 29936 D Nappa   : -------------F1_SCORE #6 -----------
08-04 11:41:01.913 29906 29936 D Nappa   : F1_SCORE - Intercept list (1)= [https://api-hillfair-2k16.herokuapp.com/api/app/events/special]
08-04 11:41:01.914 29906 29936 D Nappa   : F1_SCORE - Prefetch list (2)= [https://api-hillfair-2k16.herokuapp.com/api/app/events/special/event?id=5806551bdcba0f490c70fd1f, https://api-hillfair-2k16.herokuapp.com/api/app/events/special/event?id=580655cddcba0f490c70fdd0]
08-04 11:41:01.914 29906 29936 D Nappa   : F1_SCORE - TP list (0)= []
08-04 11:41:01.914 29906 29936 D Nappa   : F1_SCORE - FN list (1)= [https://api-hillfair-2k16.herokuapp.com/api/app/events/special]
08-04 11:41:01.914 29906 29936 I NAPPA_EXPERIMENTATION: MetricPrefetchingAccuracy: LOG_ID='7',F1_SCORE_1='0.0',F1_SCORE_2='0.0',TRUE_POSITIVE='0',FALSE_POSITIVE='2',FALSE_NEGATIVE='1',
08-04 11:41:01.914 29906 29936 D CustomInterceptor: HEADER REQUEST
08-04 11:41:01.914 29906 29936 D CustomInterceptor: Cache-Control max-age=300, max-stale=300
08-04 11:41:01.914 29906 29936 D CustomInterceptor: CACHED STATS: size = '2', maxSize = '100', hitCount = '3', createCount = '0', putCount = '3', evictionCount = '0', missCount = '3', toString = 'LruCache[maxSize=100,hits=3,misses=3,hitRate=50%]', 
08-04 11:41:01.914 29906 29936 D CustomInterceptor: PREFLIB NOT A GET REQUEST OR NOT IN CACHEGET
08-04 11:41:01.916 29906 29936 D OkHttp  : --> GET https://api-hillfair-2k16.herokuapp.com/api/app/events/special/event?id=580655cddcba0f490c70fdd0 http/1.1
08-04 11:41:01.921 30748 30748 D AndroidRuntime: Shutting down VM
08-04 11:41:01.921 29906 29906 D NappaLifecycleObserver: nappagreedy.appteam.nith.hillffair.activities.BattleDayActivity - onPause
08-04 11:41:01.921 29906 29906 D Nappa   : Stayed on nappagreedy.appteam.nith.hillffair.activities.BattleDayActivity for 1533 ms
08-04 11:41:01.938 29906 29906 D Nappa   : TAG okHttpClient initialized
08-04 11:41:01.942 29906 29906 D NappaLifecycleObserver: nappagreedy.appteam.nith.hillffair.activities.ClubActivity - onResume
08-04 11:41:01.943 29906 30772 D CustomInterceptor: NETWORK-PROVIDER https://api-hillfair-2k16.herokuapp.com/api/app/events/special/event?id=580655cddcba0f490c70fdd0
08-04 11:41:01.943 29906 30772 D Nappa   : F1_SCORE list_url_prefetched - (already in) - https://api-hillfair-2k16.herokuapp.com/api/app/events/special/event?id=580655cddcba0f490c70fdd0
08-04 11:41:01.943 29906 29906 D Nappa   : setCurrentActivity - MetricStrategyAccuracy - 
08-04 11:41:01.943 29906 29906 D Nappa   : madePredictionFromActivity = false, 
08-04 11:41:01.943 29906 29906 D Nappa   : fromActivity = nappagreedy.appteam.nith.hillffair.activities.BattleDayActivity, 
08-04 11:41:01.943 29906 29906 D Nappa   : predictedNextActivityFromActivity = [], 
08-04 11:41:01.943 29906 29906 D Nappa   : activity.getClass().getCanonicalName() = nappagreedy.appteam.nith.hillffair.activities.ClubActivity, 
08-04 11:41:01.943 29906 30772 D Nappa   : -------------F1_SCORE #7 -----------
08-04 11:41:01.943 29906 30772 D Nappa   : F1_SCORE - Intercept list (1)= [https://api-hillfair-2k16.herokuapp.com/api/app/events/special]
08-04 11:41:01.943 29906 29906 D Nappa   : setCurrentActivity - MetricStrategyAccuracy - 
08-04 11:41:01.943 29906 29906 D Nappa   : madePredictionFromExtra = true, 
08-04 11:41:01.943 29906 29906 D Nappa   : fromActivity = nappagreedy.appteam.nith.hillffair.activities.BattleDayActivity, 
08-04 11:41:01.943 29906 29906 D Nappa   : predictedNextActivityFromExtra = [nappagreedy.appteam.nith.hillffair.activities.ClubActivity], 
08-04 11:41:01.943 29906 29906 D Nappa   : activity.getClass().getCanonicalName() = nappagreedy.appteam.nith.hillffair.activities.ClubActivity, 
08-04 11:41:01.943 29906 30772 D Nappa   : F1_SCORE - Prefetch list (2)= [https://api-hillfair-2k16.herokuapp.com/api/app/events/special/event?id=5806551bdcba0f490c70fd1f, https://api-hillfair-2k16.herokuapp.com/api/app/events/special/event?id=580655cddcba0f490c70fdd0]
08-04 11:41:01.943 29906 29906 D Nappa   : PREFETCH_ON_EXTRA - setCurrentActivity - logs - from activity - made prediction isfalse
08-04 11:41:01.943 29906 30772 D Nappa   : F1_SCORE - TP list (0)= []
08-04 11:41:01.943 29906 30772 D Nappa   : F1_SCORE - FN list (1)= [https://api-hillfair-2k16.herokuapp.com/api/app/events/special]
08-04 11:41:01.943 29906 30772 I NAPPA_EXPERIMENTATION: MetricPrefetchingAccuracy: LOG_ID='8',F1_SCORE_1='0.0',F1_SCORE_2='0.0',TRUE_POSITIVE='0',FALSE_POSITIVE='2',FALSE_NEGATIVE='1',
08-04 11:41:01.943 29906 30772 D CustomInterceptor: HEADER REQUEST
08-04 11:41:01.943 29906 30772 D CustomInterceptor: Cache-Control max-age=300, max-stale=300
08-04 11:41:01.943 29906 30772 D CustomInterceptor: CACHED STATS: size = '2', maxSize = '100', hitCount = '3', createCount = '0', putCount = '3', evictionCount = '0', missCount = '4', toString = 'LruCache[maxSize=100,hits=3,misses=4,hitRate=42%]', 
08-04 11:41:01.943 29906 30772 D CustomInterceptor: PREFLIB NOT A GET REQUEST OR NOT IN CACHEGET
08-04 11:41:02.043 29906 29906 D Nappa   : registerActivity: (already in) nappagreedy.appteam.nith.hillffair.activities.ClubActivity
08-04 11:41:02.044 29906 29906 D ActivityNode: ACTNODE UPDATING AFTER LOADING FROM DB
08-04 11:41:02.044 29906 29906 D ActivityGraph: LARDataCalculatedUpdate nappagreedy.appteam.nith.hillffair.activities.ClubActivity Pagerank: 0.25 HITS-Authority: 1.0 HITS-Hub: 1.0 SALSA-Authority: 1.0 SALSA-Hub: 1.0
08-04 11:41:02.044 29906 29906 D Nappa   : SHOULD_PREFETCH true
08-04 11:41:02.087 29906 29919 I art     : Starting a blocking GC Explicit
08-04 11:41:02.107 29906 29919 I art     : Explicit concurrent mark sweep GC freed 5914(369KB) AllocSpace objects, 1(20KB) LOS objects, 23% free, 53MB/69MB, paused 526us total 19.969ms
08-04 11:41:02.115 29906 29919 I art     : Starting a blocking GC Explicit
08-04 11:41:02.117 29906 29936 D OkHttp  : <-- 200 OK https://api-hillfair-2k16.herokuapp.com/api/app/events/special/event?id=580655cddcba0f490c70fdd0 (200ms, 721-byte body)
08-04 11:41:02.121 29906 29936 D CustomInterceptor: CACHE_CONTROL SETTING NEW MAX-AGE
08-04 11:41:02.121 29906 29936 D CustomInterceptor: HEADER RESPONSE
08-04 11:41:02.121 29906 29936 D CustomInterceptor: Cache-Control public, immutable, max-age=300, only-if-cached, max-stale=300
08-04 11:41:02.122 29906 29936 D CustomInterceptor: Connection keep-alive
08-04 11:41:02.122 29906 29936 D CustomInterceptor: Content-Length 721
08-04 11:41:02.122 29906 29936 D CustomInterceptor: Content-Type application/json; charset=utf-8
08-04 11:41:02.122 29906 29936 D CustomInterceptor: Date Tue, 04 Aug 2020 09:40:57 GMT
08-04 11:41:02.122 29906 29936 D CustomInterceptor: Etag W/"2d1-NPuA48ruWVHGJg9VdOKE4A"
08-04 11:41:02.122 29906 29936 D CustomInterceptor: Expires Tue, 04 Aug 2020 09:46:02 GMT+00:00
08-04 11:41:02.122 29906 29936 D CustomInterceptor: Server Cowboy
08-04 11:41:02.122 29906 29936 D CustomInterceptor: Via 1.1 vegur
08-04 11:41:02.122 29906 29936 D CustomInterceptor: X-Powered-By Express
08-04 11:41:02.122 29906 29936 D CustomInterceptor: CACHEABLE true
08-04 11:41:02.122 29906 29936 D CustomInterceptor: REQ https://api-hillfair-2k16.herokuapp.com/api/app/events/special/event?id=580655cddcba0f490c70fdd0
08-04 11:41:02.122 29906 29936 D CustomInterceptor: REQ_SERV_BY net
08-04 11:41:02.122 29906 29936 D CustomInterceptor: PREFLIB Adding response to lrucache - https://api-hillfair-2k16.herokuapp.com/api/app/events/special/event?id=580655cddcba0f490c70fdd0
08-04 11:41:02.123 29906 29936 D CustomInterceptor: interceptor_finished : return_type #3 : request served from remote and added to cache
08-04 11:41:02.124 29906 29936 D Nappa   : PREFSTRAT2 ADDING NEW ACTEXTRADATA
08-04 11:41:02.125 29906 29936 D Nappa   : PREFSTRAT2 ADDING NEW ACTEXTRADATA
08-04 11:41:02.127 29906 29936 D Nappa   : PREFSTRAT2 ADDING NEW ACTEXTRADATA
08-04 11:41:02.133 29906 29919 I art     : Explicit concurrent mark sweep GC freed 842(88KB) AllocSpace objects, 0(0B) LOS objects, 23% free, 53MB/69MB, paused 482us total 18.100ms
08-04 11:41:02.140 29906 29919 I art     : Starting a blocking GC Explicit
08-04 11:41:02.144 29906 29906 D Nappa   : registerActivity: (already in) nappagreedy.appteam.nith.hillffair.activities.ClubActivity
08-04 11:41:02.144 29906 29906 D Nappa   : STATS Number of requests not prefetched: 2
08-04 11:41:02.144 29906 29906 D Nappa   : STATS Number of requests prefetched: 0
08-04 11:41:02.144 29906 29906 D Nappa   : STATS Time saved until now: 0.0
08-04 11:41:02.157 29906 29919 I art     : Explicit concurrent mark sweep GC freed 448(34KB) AllocSpace objects, 0(0B) LOS objects, 23% free, 53MB/69MB, paused 429us total 16.485ms
08-04 11:41:02.164 29906 29919 I art     : Starting a blocking GC Explicit
08-04 11:41:02.180 29906 29919 I art     : Explicit concurrent mark sweep GC freed 39(1488B) AllocSpace objects, 0(0B) LOS objects, 23% free, 53MB/69MB, paused 360us total 15.412ms
08-04 11:41:02.186 29906 29919 I art     : Starting a blocking GC Explicit
08-04 11:41:02.204 29906 29919 I art     : Explicit concurrent mark sweep GC freed 242(9KB) AllocSpace objects, 0(0B) LOS objects, 23% free, 53MB/69MB, paused 353us total 17.616ms
08-04 11:41:02.206 13866 13866 I GoogleInputMethodServic: GoogleInputMethodService.onFinishInput():3138 
08-04 11:41:02.206 29906 29906 D ActivityNode: Observer - intent extra - BattleDayActivity
08-04 11:41:02.206 29906 29906 D ActivityNode: Extras:
08-04 11:41:02.206 29906 29906 D ActivityNode: 	activity ID 3( key battleday)
08-04 11:41:02.206 29906 29906 D ActivityNode: 	activity ID 3( key id)
08-04 11:41:02.206 29906 29906 D ActivityNode: 	activity ID 3( key name)
08-04 11:41:02.206 29906 29906 D ActivityNode: 	activity ID 3( key battleday)
08-04 11:41:02.206 29906 29906 D ActivityNode: 	activity ID 3( key id)
08-04 11:41:02.206 29906 29906 D ActivityNode: 	activity ID 3( key name)
08-04 11:41:02.206 29906 29906 D ActivityNode: 	activity ID 3( key battleday)
08-04 11:41:02.206 29906 29906 D ActivityNode: 	activity ID 3( key id)
08-04 11:41:02.206 29906 29906 D ActivityNode: 	activity ID 3( key name)
08-04 11:41:02.206 29906 29906 D ActivityNode: 	activity ID 3( key battleday)
08-04 11:41:02.206 29906 29906 D ActivityNode: 	activity ID 3( key id)
08-04 11:41:02.206 29906 29906 D ActivityNode: 	activity ID 3( key name)
08-04 11:41:02.206 29906 29906 D ActivityNode: 	activity ID 3( key battleday)
08-04 11:41:02.206 29906 29906 D ActivityNode: 	activity ID 3( key id)
08-04 11:41:02.206 29906 29906 D ActivityNode: 	activity ID 3( key name)
08-04 11:41:02.206 29906 29906 D ActivityNode: 	activity ID 3( key battleday)
08-04 11:41:02.206 29906 29906 D ActivityNode: 	activity ID 3( key id)
08-04 11:41:02.206 29906 29906 D ActivityNode: 	activity ID 3( key name)
08-04 11:41:02.206 29906 29906 D ActivityNode: 	activity ID 3( key battleday)
08-04 11:41:02.206 29906 29906 D ActivityNode: 	activity ID 3( key id)
08-04 11:41:02.206 29906 29906 D ActivityNode: 	activity ID 3( key name)
08-04 11:41:02.206 29906 29906 D ActivityNode: 	activity ID 3( key battleday)
08-04 11:41:02.206 29906 29906 D ActivityNode: 	activity ID 3( key id)
08-04 11:41:02.206 29906 29906 D ActivityNode: 	activity ID 3( key name)
08-04 11:41:02.206 29906 29906 D ActivityNode: 	activity ID 3( key battleday)
08-04 11:41:02.206 29906 29906 D ActivityNode: 	activity ID 3( key id)
08-04 11:41:02.206 29906 29906 D ActivityNode: 	activity ID 3( key name)
08-04 11:41:02.206 29906 29906 D ActivityNode: 	activity ID 3( key battleday)
08-04 11:41:02.206 29906 29906 D ActivityNode: 	activity ID 3( key id)
08-04 11:41:02.206 29906 29906 D ActivityNode: 	activity ID 3( key name)
08-04 11:41:02.206 29906 29906 D ActivityNode: 	activity ID 3( key battleday)
08-04 11:41:02.206 29906 29906 D ActivityNode: 	activity ID 3( key id)
08-04 11:41:02.206 29906 29906 D ActivityNode: 	activity ID 3( key name)
08-04 11:41:02.206 29906 29906 D ActivityNode: 	activity ID 3( key battleday)
08-04 11:41:02.206 29906 29906 D ActivityNode: 	activity ID 3( key id)
08-04 11:41:02.206 29906 29906 D ActivityNode: 	activity ID 3( key name)
08-04 11:41:02.206 29906 29906 D ActivityNode: 	activity ID 3( key battleday)
08-04 11:41:02.206 29906 29906 D ActivityNode: 	activity ID 3( key id)
08-04 11:41:02.206 29906 29906 D ActivityNode: 	activity ID 3( key name)
08-04 11:41:02.206 29906 29906 D ActivityNode: 	activity ID 3( key battleday)
08-04 11:41:02.206 29906 29906 D ActivityNode: 	activity ID 3( key id)
08-04 11:41:02.206 29906 29906 D ActivityNode: 	activity ID 3( key name)
08-04 11:41:02.207 29906 29906 D ActivityNode: Observer - intent extra - ClubActivity
08-04 11:41:02.207 29906 29906 D ActivityNode: Extras:
08-04 11:41:02.207 29906 29906 D ActivityNode: Observer - intent extra - HomeActivity
08-04 11:41:02.207 29906 29906 D ActivityNode: Extras:
08-04 11:41:02.207 29906 29906 D ActivityNode: Observer - intent extra - QuizActivity
08-04 11:41:02.207 29906 29906 D ActivityNode: Extras:
08-04 11:41:02.207 29906 29906 D ActivityNode: Observer - intent extra - SplashActivity
08-04 11:41:02.207 29906 29906 D ActivityNode: Extras:
08-04 11:41:02.207 29906 29906 D ActivityNode: Observer - intent extra - InformationActivity
08-04 11:41:02.207 29906 29906 D ActivityNode: Extras:
08-04 11:41:02.207 29906 29906 D ActivityNode: Observer - intent extra - LeaderBoardActivity
08-04 11:41:02.207 29906 29906 D ActivityNode: Extras:
08-04 11:41:02.207 29906 29906 D ActivityNode: Observer - intent extra - EventActivity
08-04 11:41:02.207 29906 29906 D ActivityNode: Extras:
08-04 11:41:02.207 29906 29906 D ActivityNode: 	activity ID 8( key CLUB_NAME)
08-04 11:41:02.207 29906 29906 D ActivityNode: 	activity ID 8( key CLUB_NAME)
08-04 11:41:02.207 29906 29906 D ActivityNode: 	activity ID 8( key CLUB_NAME)
08-04 11:41:02.207 29906 29906 D ActivityNode: 	activity ID 8( key CLUB_NAME)
08-04 11:41:02.207 29906 29906 D ActivityNode: 	activity ID 8( key CLUB_NAME)
08-04 11:41:02.207 29906 29906 D ActivityNode: 	activity ID 8( key CLUB_NAME)
08-04 11:41:02.207 29906 29906 D ActivityNode: 	activity ID 8( key CLUB_NAME)
08-04 11:41:02.207 29906 29906 D ActivityNode: 	activity ID 8( key CLUB_NAME)
08-04 11:41:02.207 29906 29906 D ActivityNode: 	activity ID 8( key CLUB_NAME)
08-04 11:41:02.207 29906 29906 D ActivityNode: 	activity ID 8( key CLUB_NAME)
08-04 11:41:02.207 29906 29906 D ActivityNode: 	activity ID 8( key CLUB_NAME)
08-04 11:41:02.207 29906 29906 D ActivityNode: 	activity ID 8( key CLUB_NAME)
08-04 11:41:02.207 13866 13866 I GoogleInputMethodServic: GoogleInputMethodService.onStartInput():1808 
08-04 11:41:02.207   918   936 I ActivityManager: Displayed nappagreedy.appteam.nith.hillffair/.activities.ClubActivity: +286ms
08-04 11:41:02.230 29906 29936 D Nappa   : registerActivity: (already in) nappagreedy.appteam.nith.hillffair.activities.ClubActivity
08-04 11:41:02.230 29906 29936 D Nappa   : PARENTS 
08-04 11:41:02.230 29906 29936 D Nappa   : Of: nappagreedy.appteam.nith.hillffair.activities.ClubActivity -> 
08-04 11:41:02.230 29906 29936 D Nappa   : PARENTS nappagreedy.appteam.nith.hillffair.activities.BattleDayActivity
08-04 11:41:02.230 29906 29936 D Nappa   : PARENTS has extra: (name, Dance)
08-04 11:41:02.231 29906 29936 D Nappa   : PARENTS has extra: (id, 580655cddcba0f490c70fdd0)
08-04 11:41:02.231 29906 29936 D Nappa   : PARENTS value of key 'id' is contained into https://api-hillfair-2k16.herokuapp.com/api/app/events/special/event?id=580655cddcba0f490c70fdd0
08-04 11:41:02.231 29906 29936 D Nappa   : PARENTS https://api-hillfair-2k16.herokuapp.com/api/app/events/special/event?id=
08-04 11:41:02.231 29906 29936 D Nappa   : PARENTS PARAM: id
08-04 11:41:02.231 29906 29936 D Nappa   : PARENTS   NODE nappagreedy.appteam.nith.hillffair.activities.ClubActivity ALREADY CONTAINS THIS URL
08-04 11:41:02.231 29906 29936 D Nappa   : PARENTS has extra: (battleday, true)
08-04 11:41:02.232 29906 29936 D Nappa   : PARENTS nappagreedy.appteam.nith.hillffair.activities.HomeActivity
08-04 11:41:02.232 29906 29936 D Nappa   : PARENTS nappagreedy.appteam.nith.hillffair.activities.SplashActivity
08-04 11:41:02.232 29906 29936 D Nappa   : PARENTS nappagreedy.appteam.nith.hillffair.activities.EventActivity
08-04 11:41:02.237 29906 29906 D ActivityNode: Observer - visit time - BattleDayActivity - New aggregate visit time found is 54680 ms
08-04 11:41:02.335 29906 29936 D Nappa   : registerActivity: (already in) nappagreedy.appteam.nith.hillffair.activities.ClubActivity
08-04 11:41:02.335 29906 29936 D Nappa   : PARENTS 
08-04 11:41:02.335 29906 29936 D Nappa   : Of: nappagreedy.appteam.nith.hillffair.activities.ClubActivity -> 
08-04 11:41:02.335 29906 29936 D Nappa   : PARENTS nappagreedy.appteam.nith.hillffair.activities.BattleDayActivity
