08-04 11:41:16.790 29906 29906 D NappaIntentExtras: activity nappagreedy.appteam.nith.hillffair.activities.SplashActivity
08-04 11:41:16.790 29906 29936 D GreedyPrefetchingStrategyOnVisitFrequencyAndTime: 	- Successor frequency = 16
08-04 11:41:16.790 29906 29906 D NappaIntentExtras: 	- No extras registered
08-04 11:41:16.790 29906 29936 D GreedyPrefetchingStrategyOnVisitFrequencyAndTime: 	- Aggregated time = 138081.0
08-04 11:41:16.790 29906 29906 D NappaIntentExtras: ==================
08-04 11:41:16.790 29906 29936 D GreedyPrefetchingStrategyOnVisitFrequencyAndTime: 	- Aggregated frequency = 16
08-04 11:41:16.790 29906 29936 D GreedyPrefetchingStrategyOnVisitFrequencyAndTime: Calculated scores:
08-04 11:41:16.790 29906 29936 D GreedyPrefetchingStrategyOnVisitFrequencyAndTime: 	- Parent score = 1.0
08-04 11:41:16.790 29906 29936 D GreedyPrefetchingStrategyOnVisitFrequencyAndTime: 	- Successor time score = 0.5
08-04 11:41:16.791 29906 29936 D GreedyPrefetchingStrategyOnVisitFrequencyAndTime: 	- Successor frequency score = 0.5
08-04 11:41:16.791 29906 29936 D GreedyPrefetchingStrategyOnVisitFrequencyAndTime: 	- Successor final score = 1.0
08-04 11:41:16.791 29906 29936 D GreedyPrefetchingStrategyOnVisitFrequencyAndTime: Switch best successor
08-04 11:41:16.791 29906 29936 D GreedyPrefetchingStrategyOnVisitFrequencyAndTime: BattleDayActivity best successor is ClubActivity with score 1.0 containing the URLS [https://api-hillfair-2k16.herokuapp.com/api/app/events/special/event?id=5806551bdcba0f490c70fd1f]
08-04 11:41:16.791 29906 29936 D GreedyPrefetchingStrategyOnVisitFrequencyAndTime: ------------- Recursion #2 -----------
08-04 11:41:16.791 29906 29936 D GreedyPrefetchingStrategyOnVisitFrequencyAndTime: Best successors so far [ClubActivity]
08-04 11:41:16.791 29906 29936 D GreedyPrefetchingStrategyOnVisitFrequencyAndTime: Checking node ClubActivity with 0 successors
08-04 11:41:16.791 29906 29936 D GreedyPrefetchingStrategyOnVisitFrequencyAndTime: this node has no successors
08-04 11:41:16.791 29906 29936 D GreedyPrefetchingStrategyOnVisitFrequencyAndTime: Next visited child will be [nappagreedy.appteam.nith.hillffair.activities.ClubActivity]
08-04 11:41:16.791   918  3714 I ActivityManager: START u0 {cmp=nappagreedy.appteam.nith.hillffair/.activities.ClubActivity (has extras)} from uid 10654 on display 0
08-04 11:41:16.791 29906 29936 D GreedyPrefetchingStrategyOnVisitFrequencyAndTime: ==================================
08-04 11:41:16.791 29906 29936 D Nappa   : PREFETCH_ON_EXTRA - notifyExtras- end
08-04 11:41:16.791 29906 29936 D Nappa   : PREFSTRAT2 URL: https://api-hillfair-2k16.herokuapp.com/api/app/events/special/event?id=5806551bdcba0f490c70fd1f
08-04 11:41:16.791 29906 29936 D Nappa   : F1_SCORE list_url_prefetched - (already in) - https://api-hillfair-2k16.herokuapp.com/api/app/events/special/event?id=5806551bdcba0f490c70fd1f
08-04 11:41:16.792 29906 29936 D CustomInterceptor: NETWORK-PROVIDER https://api-hillfair-2k16.herokuapp.com/api/app/events/special/event?id=5806551bdcba0f490c70fd1f
08-04 11:41:16.792 29906 29936 D Nappa   : F1_SCORE list_url_prefetched - (already in) - https://api-hillfair-2k16.herokuapp.com/api/app/events/special/event?id=5806551bdcba0f490c70fd1f
08-04 11:41:16.792 29906 29936 D Nappa   : -------------F1_SCORE #15 -----------
08-04 11:41:16.792 29906 29936 D Nappa   : F1_SCORE - Intercept list (2)= [https://api-hillfair-2k16.herokuapp.com/api/app/events/special, https://api-hillfair-2k16.herokuapp.com/api/app/events/special/event?id=58065620dcba0f490c70fe09]
08-04 11:41:16.792 29906 29936 D Nappa   : F1_SCORE - Prefetch list (3)= [https://api-hillfair-2k16.herokuapp.com/api/app/events/special/event?id=5806551bdcba0f490c70fd1f, https://api-hillfair-2k16.herokuapp.com/api/app/events/special/event?id=580655cddcba0f490c70fdd0, https://api-hillfair-2k16.herokuapp.com/api/app/events/special/event?id=58065620dcba0f490c70fe09]
08-04 11:41:16.793 29906 29936 D Nappa   : F1_SCORE - TP list (1)= [https://api-hillfair-2k16.herokuapp.com/api/app/events/special/event?id=58065620dcba0f490c70fe09]
08-04 11:41:16.793 29906 29936 D Nappa   : F1_SCORE - FN list (1)= [https://api-hillfair-2k16.herokuapp.com/api/app/events/special]
08-04 11:41:16.793 29906 29936 I NAPPA_EXPERIMENTATION: MetricPrefetchingAccuracy: LOG_ID='16',F1_SCORE_1='0.4',F1_SCORE_2='0.4',TRUE_POSITIVE='1',FALSE_POSITIVE='2',FALSE_NEGATIVE='1',
08-04 11:41:16.793 29906 29936 D CustomInterceptor: HEADER REQUEST
08-04 11:41:16.793 29906 29936 D CustomInterceptor: Cache-Control max-age=300, max-stale=300
08-04 11:41:16.793 29906 29936 D CustomInterceptor: CACHED STATS: size = '4', maxSize = '100', hitCount = '9', createCount = '0', putCount = '7', evictionCount = '0', missCount = '7', toString = 'LruCache[maxSize=100,hits=9,misses=7,hitRate=56%]', 
08-04 11:41:16.793 29906 29936 D CustomInterceptor: PREFLIB GET REQUEST https://api-hillfair-2k16.herokuapp.com/api/app/events/special/event?id=5806551bdcba0f490c70fd1f
08-04 11:41:16.793 29906 29936 D CustomInterceptor: PREFLIB found https://api-hillfair-2k16.herokuapp.com/api/app/events/special/event?id=5806551bdcba0f490c70fd1f, sending it back
08-04 11:41:16.793 29906 29936 D CustomInterceptor: CONTENT {"profile":{"_id":"5806551bdcba0f490c70fd1f","name":"Music","description":" Who says melodies only soothe your mind? It can also set your heart afire and get your adrenaline rushing: the perfect conditions for a musical band faceoff.For music enthusiasts, they will pick proper band face-offs over anything any day of the year. Now we maynt be talking about grand musical battles, but the stakes are still pretty high. After all, you dont get to drop mic on your opponents eachday. Peace.","rules":"Yet To Come","contact":[{"name":"Deepak Kumar Jain","phone":"9882654141"},{"name":"Rishab Bhandari","phone":"98822852966"}],"date":"2016/11/04","price":"Yet To Come","photo":"https://api-hillfair-2k16.herokuapp.com/photos/acoustic-guitar.png"},"success":true,"msg":"loaded successfully"}
08-04 11:41:16.793 29906 29936 D CustomInterceptor: interceptor_finished : return_type #2 : request served from cache
08-04 11:41:16.793 29906 29936 D Nappa   : PREFSTRAT2 ADDING NEW ACTEXTRADATA
08-04 11:41:16.795 29906 29936 D Nappa   : PREFSTRAT2 ADDING NEW ACTEXTRADATA
08-04 11:41:16.798 29906 29936 D Nappa   : PREFSTRAT2 ADDING NEW ACTEXTRADATA
08-04 11:41:16.798 29906 29906 D NappaLifecycleObserver: nappagreedy.appteam.nith.hillffair.activities.BattleDayActivity - onPause
08-04 11:41:16.798 29906 29906 D Nappa   : Stayed on nappagreedy.appteam.nith.hillffair.activities.BattleDayActivity for 1521 ms
08-04 11:41:16.798 31219 31219 D AndroidRuntime: Shutting down VM
08-04 11:41:16.807 29906 29919 I art     : Explicit concurrent mark sweep GC freed 789(76KB) AllocSpace objects, 0(0B) LOS objects, 23% free, 52MB/68MB, paused 462us total 17.853ms
08-04 11:41:16.817 29906 29919 I art     : Starting a blocking GC Explicit
08-04 11:41:16.825 29906 29906 D Nappa   : TAG okHttpClient initialized
08-04 11:41:16.829 29906 29906 D NappaLifecycleObserver: nappagreedy.appteam.nith.hillffair.activities.ClubActivity - onResume
08-04 11:41:16.829 29906 29906 D Nappa   : setCurrentActivity - MetricStrategyAccuracy - 
08-04 11:41:16.829 29906 29906 D Nappa   : madePredictionFromActivity = false, 
08-04 11:41:16.829 29906 29906 D Nappa   : fromActivity = nappagreedy.appteam.nith.hillffair.activities.BattleDayActivity, 
08-04 11:41:16.829 29906 29906 D Nappa   : predictedNextActivityFromActivity = [], 
08-04 11:41:16.829 29906 29906 D Nappa   : activity.getClass().getCanonicalName() = nappagreedy.appteam.nith.hillffair.activities.ClubActivity, 
08-04 11:41:16.830 29906 31242 D CustomInterceptor: NETWORK-PROVIDER https://api-hillfair-2k16.herokuapp.com/api/app/events/special/event?id=5806551bdcba0f490c70fd1f
08-04 11:41:16.830 29906 29906 D Nappa   : setCurrentActivity - MetricStrategyAccuracy - 
08-04 11:41:16.830 29906 29906 D Nappa   : madePredictionFromExtra = true, 
08-04 11:41:16.830 29906 29906 D Nappa   : fromActivity = nappagreedy.appteam.nith.hillffair.activities.BattleDayActivity, 
08-04 11:41:16.830 29906 29906 D Nappa   : predictedNextActivityFromExtra = [nappagreedy.appteam.nith.hillffair.activities.ClubActivity], 
08-04 11:41:16.830 29906 29906 D Nappa   : activity.getClass().getCanonicalName() = nappagreedy.appteam.nith.hillffair.activities.ClubActivity, 
08-04 11:41:16.830 29906 31242 D Nappa   : F1_SCORE add_intercept_url - (new) - https://api-hillfair-2k16.herokuapp.com/api/app/events/special/event?id=5806551bdcba0f490c70fd1f
08-04 11:41:16.830 29906 29906 D Nappa   : PREFETCH_ON_EXTRA - setCurrentActivity - logs - from activity - made prediction isfalse
08-04 11:41:16.830 29906 31242 D Nappa   : F1_SCORE add_tp_url - (new) - https://api-hillfair-2k16.herokuapp.com/api/app/events/special/event?id=5806551bdcba0f490c70fd1f
08-04 11:41:16.830 29906 31242 D Nappa   : -------------F1_SCORE #16 -----------
08-04 11:41:16.830 29906 31242 D Nappa   : F1_SCORE - Intercept list (3)= [https://api-hillfair-2k16.herokuapp.com/api/app/events/special, https://api-hillfair-2k16.herokuapp.com/api/app/events/special/event?id=58065620dcba0f490c70fe09, https://api-hillfair-2k16.herokuapp.com/api/app/events/special/event?id=5806551bdcba0f490c70fd1f]
08-04 11:41:16.830 29906 31242 D Nappa   : F1_SCORE - Prefetch list (3)= [https://api-hillfair-2k16.herokuapp.com/api/app/events/special/event?id=5806551bdcba0f490c70fd1f, https://api-hillfair-2k16.herokuapp.com/api/app/events/special/event?id=580655cddcba0f490c70fdd0, https://api-hillfair-2k16.herokuapp.com/api/app/events/special/event?id=58065620dcba0f490c70fe09]
08-04 11:41:16.830 29906 31242 D Nappa   : F1_SCORE - TP list (2)= [https://api-hillfair-2k16.herokuapp.com/api/app/events/special/event?id=58065620dcba0f490c70fe09, https://api-hillfair-2k16.herokuapp.com/api/app/events/special/event?id=5806551bdcba0f490c70fd1f]
08-04 11:41:16.830 29906 31242 D Nappa   : F1_SCORE - FN list (1)= [https://api-hillfair-2k16.herokuapp.com/api/app/events/special]
08-04 11:41:16.830 29906 31242 I NAPPA_EXPERIMENTATION: MetricPrefetchingAccuracy: LOG_ID='17',F1_SCORE_1='0.6666666666666666',F1_SCORE_2='0.6666666666666666',TRUE_POSITIVE='2',FALSE_POSITIVE='1',FALSE_NEGATIVE='1',
08-04 11:41:16.830 29906 31242 D CustomInterceptor: HEADER REQUEST
08-04 11:41:16.830 29906 31242 D CustomInterceptor: Cache-Control max-age=300, max-stale=300
08-04 11:41:16.830 29906 31242 D CustomInterceptor: CACHED STATS: size = '4', maxSize = '100', hitCount = '10', createCount = '0', putCount = '7', evictionCount = '0', missCount = '7', toString = 'LruCache[maxSize=100,hits=10,misses=7,hitRate=58%]', 
08-04 11:41:16.830 29906 31242 D CustomInterceptor: PREFLIB GET REQUEST https://api-hillfair-2k16.herokuapp.com/api/app/events/special/event?id=5806551bdcba0f490c70fd1f
08-04 11:41:16.830 29906 31242 D CustomInterceptor: PREFLIB found https://api-hillfair-2k16.herokuapp.com/api/app/events/special/event?id=5806551bdcba0f490c70fd1f, sending it back
08-04 11:41:16.830 29906 31242 D CustomInterceptor: CONTENT {"profile":{"_id":"5806551bdcba0f490c70fd1f","name":"Music","description":" Who says melodies only soothe your mind? It can also set your heart afire and get your adrenaline rushing: the perfect conditions for a musical band faceoff.For music enthusiasts, they will pick proper band face-offs over anything any day of the year. Now we maynt be talking about grand musical battles, but the stakes are still pretty high. After all, you dont get to drop mic on your opponents eachday. Peace.","rules":"Yet To Come","contact":[{"name":"Deepak Kumar Jain","phone":"9882654141"},{"name":"Rishab Bhandari","phone":"98822852966"}],"date":"2016/11/04","price":"Yet To Come","photo":"https://api-hillfair-2k16.herokuapp.com/photos/acoustic-guitar.png"},"success":true,"msg":"loaded successfully"}
08-04 11:41:16.831 29906 31242 D CustomInterceptor: interceptor_finished : return_type #2 : request served from cache
08-04 11:41:16.833 29906 29919 I art     : Explicit concurrent mark sweep GC freed 4253(269KB) AllocSpace objects, 0(0B) LOS objects, 23% free, 52MB/68MB, paused 472us total 16.466ms
08-04 11:41:16.839 29906 29919 I art     : Starting a blocking GC Explicit
08-04 11:41:16.855 29906 29919 I art     : Explicit concurrent mark sweep GC freed 744(30KB) AllocSpace objects, 0(0B) LOS objects, 23% free, 52MB/68MB, paused 376us total 15.436ms
08-04 11:41:16.862 29906 29919 I art     : Starting a blocking GC Explicit
08-04 11:41:16.878 29906 29919 I art     : Explicit concurrent mark sweep GC freed 13(560B) AllocSpace objects, 0(0B) LOS objects, 23% free, 52MB/68MB, paused 398us total 15.857ms
08-04 11:41:16.901 29906 29936 D Nappa   : registerActivity: (already in) nappagreedy.appteam.nith.hillffair.activities.BattleDayActivity
08-04 11:41:16.901 29906 29936 D Nappa   : PARENTS 
08-04 11:41:16.901 29906 29936 D Nappa   : Of: nappagreedy.appteam.nith.hillffair.activities.BattleDayActivity -> 
08-04 11:41:16.901 29906 29936 D Nappa   : PARENTS nappagreedy.appteam.nith.hillffair.activities.HomeActivity
08-04 11:41:16.901 29906 29936 D Nappa   : PARENTS nappagreedy.appteam.nith.hillffair.activities.SplashActivity
08-04 11:41:16.930 29906 29906 D Nappa   : registerActivity: (already in) nappagreedy.appteam.nith.hillffair.activities.ClubActivity
08-04 11:41:16.930 29906 29906 D ActivityNode: ACTNODE UPDATING AFTER LOADING FROM DB
08-04 11:41:16.930 29906 29906 D ActivityGraph: LARDataCalculatedUpdate nappagreedy.appteam.nith.hillffair.activities.ClubActivity Pagerank: 0.25 HITS-Authority: 1.0 HITS-Hub: 1.0 SALSA-Authority: 1.0 SALSA-Hub: 1.0
08-04 11:41:16.930 29906 29906 D Nappa   : SHOULD_PREFETCH true
08-04 11:41:17.004 29906 29936 D Nappa   : registerActivity: (already in) nappagreedy.appteam.nith.hillffair.activities.ClubActivity
08-04 11:41:17.004 29906 29936 D Nappa   : PARENTS 
08-04 11:41:17.004 29906 29936 D Nappa   : Of: nappagreedy.appteam.nith.hillffair.activities.ClubActivity -> 
08-04 11:41:17.004 29906 29936 D Nappa   : PARENTS nappagreedy.appteam.nith.hillffair.activities.BattleDayActivity
08-04 11:41:17.004 29906 29936 D Nappa   : PARENTS has extra: (name, Music)
08-04 11:41:17.004 29906 29936 D Nappa   : PARENTS has extra: (id, 5806551bdcba0f490c70fd1f)
08-04 11:41:17.004 29906 29936 D Nappa   : PARENTS value of key 'id' is contained into https://api-hillfair-2k16.herokuapp.com/api/app/events/special/event?id=5806551bdcba0f490c70fd1f
08-04 11:41:17.004 29906 29936 D Nappa   : PARENTS https://api-hillfair-2k16.herokuapp.com/api/app/events/special/event?id=
08-04 11:41:17.005 29906 29936 D Nappa   : PARENTS PARAM: id
08-04 11:41:17.005 29906 29936 D Nappa   : PARENTS   NODE nappagreedy.appteam.nith.hillffair.activities.ClubActivity ALREADY CONTAINS THIS URL
08-04 11:41:17.005 29906 29936 D Nappa   : PARENTS has extra: (battleday, true)
08-04 11:41:17.005 29906 29936 D Nappa   : PARENTS nappagreedy.appteam.nith.hillffair.activities.HomeActivity
08-04 11:41:17.005 29906 29936 D Nappa   : PARENTS nappagreedy.appteam.nith.hillffair.activities.SplashActivity
08-04 11:41:17.005 29906 29936 D Nappa   : PARENTS nappagreedy.appteam.nith.hillffair.activities.EventActivity
08-04 11:41:17.030 29906 29906 D Nappa   : registerActivity: (already in) nappagreedy.appteam.nith.hillffair.activities.ClubActivity
08-04 11:41:17.030 29906 29906 D Nappa   : STATS Number of requests not prefetched: 4
08-04 11:41:17.031 29906 29906 D Nappa   : STATS Number of requests prefetched: 2
08-04 11:41:17.031 29906 29906 D Nappa   : STATS Time saved until now: 0.059
08-04 11:41:17.034 29906 29906 D ActivityNode: Observer - intent extra - SplashActivity
08-04 11:41:17.034 29906 29906 D ActivityNode: Extras:
08-04 11:41:17.034 29906 29906 D ActivityNode: Observer - intent extra - HomeActivity
08-04 11:41:17.034 29906 29906 D ActivityNode: Extras:
08-04 11:41:17.034 29906 29906 D ActivityNode: Observer - intent extra - ClubActivity
08-04 11:41:17.034 29906 29906 D ActivityNode: Extras:
08-04 11:41:17.035 29906 29906 D ActivityNode: Observer - intent extra - BattleDayActivity
08-04 11:41:17.035 29906 29906 D ActivityNode: Extras:
08-04 11:41:17.035 29906 29906 D ActivityNode: 	activity ID 3( key battleday)
08-04 11:41:17.035 29906 29906 D ActivityNode: 	activity ID 3( key id)
08-04 11:41:17.035 29906 29906 D ActivityNode: 	activity ID 3( key name)
08-04 11:41:17.035 29906 29906 D ActivityNode: 	activity ID 3( key battleday)
08-04 11:41:17.035 29906 29906 D ActivityNode: 	activity ID 3( key id)
08-04 11:41:17.035 29906 29906 D ActivityNode: 	activity ID 3( key name)
08-04 11:41:17.035 29906 29906 D ActivityNode: 	activity ID 3( key battleday)
08-04 11:41:17.035 29906 29906 D ActivityNode: 	activity ID 3( key id)
08-04 11:41:17.035 29906 29906 D ActivityNode: 	activity ID 3( key name)
08-04 11:41:17.035 29906 29906 D ActivityNode: 	activity ID 3( key battleday)
08-04 11:41:17.035 29906 29906 D ActivityNode: 	activity ID 3( key id)
08-04 11:41:17.035 29906 29906 D ActivityNode: 	activity ID 3( key name)
08-04 11:41:17.035 29906 29906 D ActivityNode: 	activity ID 3( key battleday)
08-04 11:41:17.035 29906 29906 D ActivityNode: 	activity ID 3( key id)
08-04 11:41:17.035 29906 29906 D ActivityNode: 	activity ID 3( key name)
08-04 11:41:17.035 29906 29906 D ActivityNode: 	activity ID 3( key battleday)
08-04 11:41:17.035 29906 29906 D ActivityNode: 	activity ID 3( key id)
08-04 11:41:17.035 29906 29906 D ActivityNode: 	activity ID 3( key name)
08-04 11:41:17.035 29906 29906 D ActivityNode: 	activity ID 3( key battleday)
08-04 11:41:17.035 29906 29906 D ActivityNode: 	activity ID 3( key id)
08-04 11:41:17.035 29906 29906 D ActivityNode: 	activity ID 3( key name)
08-04 11:41:17.035 29906 29906 D ActivityNode: 	activity ID 3( key battleday)
08-04 11:41:17.035 29906 29906 D ActivityNode: 	activity ID 3( key id)
08-04 11:41:17.035 29906 29906 D ActivityNode: 	activity ID 3( key name)
08-04 11:41:17.035 29906 29906 D ActivityNode: 	activity ID 3( key battleday)
08-04 11:41:17.035 29906 29906 D ActivityNode: 	activity ID 3( key id)
08-04 11:41:17.035 29906 29906 D ActivityNode: 	activity ID 3( key name)
08-04 11:41:17.035 29906 29906 D ActivityNode: 	activity ID 3( key battleday)
08-04 11:41:17.035 29906 29906 D ActivityNode: 	activity ID 3( key id)
08-04 11:41:17.035 29906 29906 D ActivityNode: 	activity ID 3( key name)
08-04 11:41:17.035 29906 29906 D ActivityNode: 	activity ID 3( key battleday)
08-04 11:41:17.035 29906 29906 D ActivityNode: 	activity ID 3( key id)
08-04 11:41:17.035 29906 29906 D ActivityNode: 	activity ID 3( key name)
08-04 11:41:17.035 29906 29906 D ActivityNode: 	activity ID 3( key battleday)
08-04 11:41:17.035 29906 29906 D ActivityNode: 	activity ID 3( key id)
08-04 11:41:17.035 29906 29906 D ActivityNode: 	activity ID 3( key name)
08-04 11:41:17.035 29906 29906 D ActivityNode: 	activity ID 3( key battleday)
08-04 11:41:17.035 29906 29906 D ActivityNode: 	activity ID 3( key id)
08-04 11:41:17.035 29906 29906 D ActivityNode: 	activity ID 3( key name)
08-04 11:41:17.035 29906 29906 D ActivityNode: 	activity ID 3( key battleday)
08-04 11:41:17.035 29906 29906 D ActivityNode: 	activity ID 3( key id)
08-04 11:41:17.035 29906 29906 D ActivityNode: 	activity ID 3( key name)
08-04 11:41:17.035 29906 29906 D ActivityNode: 	activity ID 3( key battleday)
08-04 11:41:17.035 29906 29906 D ActivityNode: 	activity ID 3( key id)
08-04 11:41:17.035 29906 29906 D ActivityNode: 	activity ID 3( key name)
08-04 11:41:17.035 29906 29906 D ActivityNode: 	activity ID 3( key battleday)
08-04 11:41:17.035 29906 29906 D ActivityNode: 	activity ID 3( key id)
08-04 11:41:17.035 29906 29906 D ActivityNode: 	activity ID 3( key name)
08-04 11:41:17.035 29906 29906 D ActivityNode: 	activity ID 3( key battleday)
08-04 11:41:17.035 29906 29906 D ActivityNode: 	activity ID 3( key id)
08-04 11:41:17.035 29906 29906 D ActivityNode: 	activity ID 3( key name)
08-04 11:41:17.035 29906 29906 D ActivityNode: Observer - intent extra - LeaderBoardActivity
08-04 11:41:17.035 29906 29906 D ActivityNode: Extras:
08-04 11:41:17.035 29906 29906 D ActivityNode: Observer - intent extra - QuizActivity
08-04 11:41:17.035 29906 29906 D ActivityNode: Extras:
08-04 11:41:17.035 29906 29906 D ActivityNode: Observer - intent extra - InformationActivity
08-04 11:41:17.035 29906 29906 D ActivityNode: Extras:
08-04 11:41:17.035 29906 29906 D ActivityNode: Observer - intent extra - EventActivity
08-04 11:41:17.035 29906 29906 D ActivityNode: Extras:
08-04 11:41:17.035 29906 29906 D ActivityNode: 	activity ID 8( key CLUB_NAME)
08-04 11:41:17.035 29906 29906 D ActivityNode: 	activity ID 8( key CLUB_NAME)
08-04 11:41:17.035 29906 29906 D ActivityNode: 	activity ID 8( key CLUB_NAME)
08-04 11:41:17.035 29906 29906 D ActivityNode: 	activity ID 8( key CLUB_NAME)
08-04 11:41:17.035 29906 29906 D ActivityNode: 	activity ID 8( key CLUB_NAME)
08-04 11:41:17.035 29906 29906 D ActivityNode: 	activity ID 8( key CLUB_NAME)
08-04 11:41:17.035 29906 29906 D ActivityNode: 	activity ID 8( key CLUB_NAME)
08-04 11:41:17.035 29906 29906 D ActivityNode: 	activity ID 8( key CLUB_NAME)
08-04 11:41:17.035 29906 29906 D ActivityNode: 	activity ID 8( key CLUB_NAME)
08-04 11:41:17.035 29906 29906 D ActivityNode: 	activity ID 8( key CLUB_NAME)
08-04 11:41:17.035 29906 29906 D ActivityNode: 	activity ID 8( key CLUB_NAME)
08-04 11:41:17.035 29906 29906 D ActivityNode: 	activity ID 8( key CLUB_NAME)
08-04 11:41:17.089 29906 29906 I NAPPA_EXPERIMENTATION: MetricNetworkRequestExecutionTime: REQUEST_DURATION_SYSTEM='261',REQUEST_DURATION_OKHTTP='0',REQUEST_SYNCHRONOUS='FALSE',RESPONSE_CODE='200',RESPONSE_METHOD='GET',RESPONSE_LENGTH_OKHTTP='795',RESPONSE_LENGTH_HEADER='-2',REQUEST_PROTOCOL='http/1.1',REQUEST_URL='https://api-hillfair-2k16.herokuapp.com/api/app/events/special/event?id=5806551bdcba0f490c70fd1f',
08-04 11:41:17.112   918   936 I ActivityManager: Displayed nappagreedy.appteam.nith.hillffair/.activities.ClubActivity: +313ms
08-04 11:41:17.113 13866 13866 I GoogleInputMethodServic: GoogleInputMethodService.onFinishInput():3138 
08-04 11:41:17.113 29906 29906 D ActivityNode: Observer - session data - sourceSplashActivity
08-04 11:41:17.113 29906 29906 D ActivityNode: destinations:
08-04 11:41:17.113 29906 29906 D ActivityNode: 	nappagreedy.appteam.nith.hillffair.activities.HomeActivity( count 3)
08-04 11:41:17.113 29906 29906 D ActivityNode: Observer - visit time - BattleDayActivity - New aggregate visit time found is 59237 ms
08-04 11:41:17.113 29906 29906 D ActivityNode: Observer - session data - sourceHomeActivity
08-04 11:41:17.113 29906 29906 D ActivityNode: destinations:
08-04 11:41:17.113 29906 29906 D ActivityNode: 	nappagreedy.appteam.nith.hillffair.activities.BattleDayActivity( count 5)
08-04 11:41:17.113 29906 29906 D ActivityNode: 	nappagreedy.appteam.nith.hillffair.activities.QuizActivity( count 4)
08-04 11:41:17.113 29906 29906 D ActivityNode: 	nappagreedy.appteam.nith.hillffair.activities.EventActivity( count 4)
08-04 11:41:17.113 29906 29906 D ActivityNode: Observer - session data - sourceBattleDayActivity
08-04 11:41:17.113 29906 29906 D ActivityNode: destinations:
08-04 11:41:17.113 29906 29906 D ActivityNode: 	nappagreedy.appteam.nith.hillffair.activities.ClubActivity( count 17)
08-04 11:41:17.113 29906 29906 D ActivityNode: Observer - session data - sourceClubActivity
08-04 11:41:17.113 29906 29906 D ActivityNode: destinations:
08-04 11:41:17.114 29906 29906 D ActivityNode: Observer - session data - sourceQuizActivity
08-04 11:41:17.114 29906 29906 D ActivityNode: destinations:
08-04 11:41:17.114 29906 29906 D ActivityNode: 	nappagreedy.appteam.nith.hillffair.activities.LeaderBoardActivity( count 6)
08-04 11:41:17.114 29906 29906 D ActivityNode: 	nappagreedy.appteam.nith.hillffair.activities.InformationActivity( count 2)
08-04 11:41:17.114 13866 13866 I GoogleInputMethodServic: GoogleInputMethodService.onStartInput():1808 
08-04 11:41:17.114 29906 29906 D ActivityNode: Observer - session data - sourceInformationActivity
08-04 11:41:17.114 29906 29906 D ActivityNode: destinations:
08-04 11:41:17.125 29906 29906 D ActivityNode: Observer - session data - sourceEventActivity
08-04 11:41:17.125 29906 29906 D ActivityNode: destinations:
08-04 11:41:17.125 29906 29906 D ActivityNode: 	nappagreedy.appteam.nith.hillffair.activities.ClubActivity( count 12)
08-04 11:41:17.125 29906 29906 D ActivityNode: Observer - session data - sourceLeaderBoardActivity
08-04 11:41:17.125 29906 29906 D ActivityNode: destinations:
08-04 11:41:17.138 29906 29919 I art     : Starting a blocking GC Explicit
08-04 11:41:17.157 29906 29919 I art     : Explicit concurrent mark sweep GC freed 3111(201KB) AllocSpace objects, 1(20KB) LOS objects, 23% free, 52MB/68MB, paused 463us total 19.245ms
08-04 11:41:17.164 29906 29919 I art     : Starting a blocking GC Explicit
08-04 11:41:17.180 29906 29919 I art     : Explicit concurrent mark sweep GC freed 391(14KB) AllocSpace objects, 0(0B) LOS objects, 23% free, 52MB/68MB, paused 339us total 15.151ms
08-04 11:41:17.187 29906 29919 I art     : Starting a blocking GC Explicit
08-04 11:41:17.204 29906 29919 I art     : Explicit concurrent mark sweep GC freed 3(96B) AllocSpace objects, 0(0B) LOS objects, 23% free, 52MB/68MB, paused 361us total 16.781ms
08-04 11:41:17.211 29906 29919 I art     : Starting a blocking GC Explicit
08-04 11:41:17.228 29906 29919 I art     : Explicit concurrent mark sweep GC freed 3(96B) AllocSpace objects, 0(0B) LOS objects, 23% free, 52MB/68MB, paused 349us total 16.586ms
08-04 11:41:17.230 29906 29936 D Nappa   : PREFETCH_ON_EXTRA - setCurrentActivity - logs - from extra - made prediction istrue
08-04 11:41:17.230 29906 29936 D Nappa   : PREFETCH_ON_EXTRA - setCurrentActivity - logs - from extra - start
08-04 11:41:17.230 29906 29936 D Nappa   : setCurrentActivity - MetricStrategyAccuracy - checking prediction VS current activity for extras
08-04 11:41:17.230 29906 29936 D GreedyPrefetchingStrategyOnVisitFrequencyAndTime: MetricStrategyAccuracy inc hits count6 | from extra
08-04 11:41:17.230 29906 29936 I NAPPA_EXPERIMENTATION: MetricStrategyAccuracy: LOG_ID='11',EXECUTION_COUNT='11',CASES_COUNT='11',HIT_PERCENTAGE_TOTAL='54.54545454545455',HIT_PERCENTAGE_WHEN_PREDICTED='100.0',HIT_COUNT='6',MISS_COUNT='0',INSUFFICIENT_SCORE_COUNT='1',EXCEPTION_COUNT='0',NO_SUCCESSOR_COUNT='4',
08-04 11:41:17.230 29906 29936 D Nappa   : PREFETCH_ON_EXTRA - setCurrentActivity - logs - from extra- finished
08-04 11:41:17.235 29906 29919 I art     : Starting a blocking GC Explicit
08-04 11:41:17.254 29906 29919 I art     : Explicit concurrent mark sweep GC freed 88(7KB) AllocSpace objects, 0(0B) LOS objects, 23% free, 52MB/68MB, paused 383us total 19.171ms
08-04 11:41:17.367   380   380 W SurfaceFlinger: couldn't log to binary event log: overflow.
08-04 11:41:17.531 29906 29936 D Nappa   : PREFETCH_ON_EXTRA - setCurrentActivity - starting new prediction
08-04 11:41:17.531 29906 29936 D Nappa   : Current node - currentActivityName - nappagreedy.appteam.nith.hillffair.activities.ClubActivity
08-04 11:41:17.531 29906 29936 D Nappa   : Current node - activityGraph.getCurrent() - nappagreedy.appteam.nith.hillffair.activities.ClubActivity
08-04 11:41:17.531 29906 29936 I NAPPA_EXPERIMENTATION: MetricNappaPrefetchingStrategyExecutionTime: STRATEGY_CLASS='GreedyPrefetchingStrategyOnVisitFrequencyAndTime',DURATION='44114',NUMBER_OF_URLS='0',NUMBER_OF_SELECTED_CHILDREN_NODES='0',NUMBER_OF_CHILDREN_NODES='0',STRATEGY_RUN_SUCCESSFULLY='True',
08-04 11:41:17.531 29906 29936 D GreedyPrefetchingStrategyOnVisitFrequencyAndTime: ==================================
08-04 11:41:17.531 29906 29936 D GreedyPrefetchingStrategyOnVisitFrequencyAndTime: Starting Run #12
08-04 11:41:17.531 29906 29936 D GreedyPrefetchingStrategyOnVisitFrequencyAndTime: ----------------------------------
08-04 11:41:17.531 29906 29936 D GreedyPrefetchingStrategyOnVisitFrequencyAndTime: Node data ClubActivity 
08-04 11:41:17.531 29906 29936 D GreedyPrefetchingStrategyOnVisitFrequencyAndTime: 	Successors:
08-04 11:41:17.531 29906 29936 D GreedyPrefetchingStrategyOnVisitFrequencyAndTime: 
08-04 11:41:17.531 29906 29936 D GreedyPrefetchingStrategyOnVisitFrequencyAndTime: 	Ancestors:
08-04 11:41:17.531 29906 29936 D GreedyPrefetchingStrategyOnVisitFrequencyAndTime: 		BattleDayActivity (0 hits)
08-04 11:41:17.531 29906 29936 D GreedyPrefetchingStrategyOnVisitFrequencyAndTime: 		EventActivity (0 hits)
08-04 11:41:17.531 29906 29936 D GreedyPrefetchingStrategyOnVisitFrequencyAndTime: 
08-04 11:41:17.531 29906 29936 D GreedyPrefetchingStrategyOnVisitFrequencyAndTime: MetricStrategyAccuracy inc execution count12 | act = true; extra = false
08-04 11:41:17.532 29906 29936 D GreedyPrefetchingStrategyOnVisitFrequencyAndTime: MetricStrategyAccuracy inc no sucessor count5 | act = true; extra = false
08-04 11:41:17.532 29906 29936 D GreedyPrefetchingStrategyOnVisitFrequencyAndTime: ------------- Recursion #1 -----------
08-04 11:41:17.532 29906 29936 D GreedyPrefetchingStrategyOnVisitFrequencyAndTime: Best successors so far []
08-04 11:41:17.532 29906 29936 D GreedyPrefetchingStrategyOnVisitFrequencyAndTime: Checking node ClubActivity with 0 successors
08-04 11:41:17.532 29906 29936 D GreedyPrefetchingStrategyOnVisitFrequencyAndTime: this node has no successors
08-04 11:41:17.532 29906 29936 D GreedyPrefetchingStrategyOnVisitFrequencyAndTime: Next visited child will be []
08-04 11:41:17.532 29906 29936 D GreedyPrefetchingStrategyOnVisitFrequencyAndTime: ==================================
08-04 11:41:17.532 29906 29936 D Nappa   : PREFETCH_ON_EXTRA - setCurrentActivity - finished new prediction
08-04 11:41:17.541 29906 29989 I art     : Starting a blocking GC Explicit
08-04 11:41:17.560 29906 29989 I art     : Explicit concurrent mark sweep GC freed 1827(110KB) AllocSpace objects, 1(20KB) LOS objects, 23% free, 52MB/68MB, paused 356us total 18.472ms
08-04 11:41:17.566 29906 29989 I art     : Starting a blocking GC Explicit
08-04 11:41:17.582 29906 29989 I art     : Explicit concurrent mark sweep GC freed 28(1024B) AllocSpace objects, 0(0B) LOS objects, 23% free, 52MB/68MB, paused 305us total 15.844ms
08-04 11:41:17.589 29906 29989 I art     : Starting a blocking GC Explicit
08-04 11:41:17.605 29906 29989 I art     : Explicit concurrent mark sweep GC freed 3(96B) AllocSpace objects, 0(0B) LOS objects, 23% free, 52MB/68MB, paused 350us total 16.303ms
08-04 11:41:17.612 29906 29989 I art     : Starting a blocking GC Explicit
08-04 11:41:17.629 29906 29989 I art     : Explicit concurrent mark sweep GC freed 3(96B) AllocSpace objects, 0(0B) LOS objects, 23% free, 52MB/68MB, paused 353us total 16.331ms
08-04 11:41:17.635 29906 29989 I art     : Starting a blocking GC Explicit
08-04 11:41:17.652 29906 29989 I art     : Explicit concurrent mark sweep GC freed 3(96B) AllocSpace objects, 0(0B) LOS objects, 23% free, 52MB/68MB, paused 312us total 16.507ms
08-04 11:41:17.784 13866 13882 I PeriodicStatsRunner: PeriodicStatsRunner.call():175 call()
08-04 11:41:17.784 13866 13882 I PeriodicStatsRunner: PeriodicStatsRunner.call():179 No submit PeriodicStats since input started.
08-04 11:41:17.887   518   646 I ThermalEngine: ACTION: GPU - Setting GPU[0] to 510000000
08-04 11:41:17.939 29906 29989 I art     : Starting a blocking GC Explicit
08-04 11:41:17.963 29906 29989 I art     : Explicit concurrent mark sweep GC freed 1538(89KB) AllocSpace objects, 1(20KB) LOS objects, 23% free, 52MB/68MB, paused 521us total 23.453ms
08-04 11:41:17.975 29906 29989 I art     : Starting a blocking GC Explicit
08-04 11:41:17.996 29906 29989 I art     : Explicit concurrent mark sweep GC freed 44(1584B) AllocSpace objects, 0(0B) LOS objects, 23% free, 52MB/68MB, paused 476us total 20.974ms
08-04 11:41:18.005 29906 29989 I art     : Starting a blocking GC Explicit
08-04 11:41:18.026 29906 29989 I art     : Explicit concurrent mark sweep GC freed 3(96B) AllocSpace objects, 0(0B) LOS objects, 23% free, 52MB/68MB, paused 472us total 21.184ms
08-04 11:41:18.035 29906 29989 I art     : Starting a blocking GC Explicit
08-04 11:41:18.056 29906 29989 I art     : Explicit concurrent mark sweep GC freed 3(96B) AllocSpace objects, 0(0B) LOS objects, 23% free, 52MB/68MB, paused 470us total 21.367ms
08-04 11:41:18.065 29906 29989 I art     : Starting a blocking GC Explicit
08-04 11:41:18.087 29906 29989 I art     : Explicit concurrent mark sweep GC freed 3(96B) AllocSpace objects, 0(0B) LOS objects, 23% free, 52MB/68MB, paused 534us total 22.386ms
08-04 11:41:18.380 29906 29919 I art     : Starting a blocking GC Explicit
08-04 11:41:18.409 29906 29919 I art     : Explicit concurrent mark sweep GC freed 1538(89KB) AllocSpace objects, 1(20KB) LOS objects, 23% free, 52MB/68MB, paused 535us total 28.781ms
08-04 11:41:18.422 29906 29919 I art     : Starting a blocking GC Explicit
08-04 11:41:18.444 29906 29919 I art     : Explicit concurrent mark sweep GC freed 28(1024B) AllocSpace objects, 0(0B) LOS objects, 23% free, 52MB/68MB, paused 465us total 21.891ms
08-04 11:41:18.453 29906 29919 I art     : Starting a blocking GC Explicit
08-04 11:41:18.475 29906 29919 I art     : Explicit concurrent mark sweep GC freed 3(96B) AllocSpace objects, 0(0B) LOS objects, 23% free, 52MB/68MB, paused 489us total 21.912ms
08-04 11:41:18.484 29906 29919 I art     : Starting a blocking GC Explicit
08-04 11:41:18.507 29906 29919 I art     : Explicit concurrent mark sweep GC freed 3(96B) AllocSpace objects, 0(0B) LOS objects, 23% free, 52MB/68MB, paused 577us total 22.409ms
08-04 11:41:18.516 29906 29919 I art     : Starting a blocking GC Explicit
08-04 11:41:18.537 29906 29919 I art     : Explicit concurrent mark sweep GC freed 3(96B) AllocSpace objects, 0(0B) LOS objects, 23% free, 52MB/68MB, paused 468us total 21.442ms
08-04 11:41:18.850 29906 29990 I art     : Starting a blocking GC Explicit
08-04 11:41:18.881 29906 29990 I art     : Explicit concurrent mark sweep GC freed 1540(91KB) AllocSpace objects, 1(20KB) LOS objects, 23% free, 52MB/68MB, paused 519us total 30.211ms
08-04 11:41:18.893 29906 29990 I art     : Starting a blocking GC Explicit
08-04 11:41:18.916 29906 29990 I art     : Explicit concurrent mark sweep GC freed 28(1024B) AllocSpace objects, 0(0B) LOS objects, 23% free, 52MB/68MB, paused 477us total 22.351ms
08-04 11:41:18.924 29906 29990 I art     : Starting a blocking GC Explicit
08-04 11:41:18.947 29906 29990 I art     : Explicit concurrent mark sweep GC freed 3(96B) AllocSpace objects, 0(0B) LOS objects, 23% free, 52MB/68MB, paused 554us total 22.431ms
08-04 11:41:18.956 29906 29990 I art     : Starting a blocking GC Explicit
08-04 11:41:18.978 29906 29990 I art     : Explicit concurrent mark sweep GC freed 3(96B) AllocSpace objects, 0(0B) LOS objects, 23% free, 52MB/68MB, paused 500us total 22.123ms
08-04 11:41:18.987 29906 29990 I art     : Starting a blocking GC Explicit
08-04 11:41:19.009 29906 29990 I art     : Explicit concurrent mark sweep GC freed 3(96B) AllocSpace objects, 0(0B) LOS objects, 23% free, 52MB/68MB, paused 480us total 21.859ms
08-04 11:41:19.337 29906 29918 I art     : Starting a blocking GC Explicit
08-04 11:41:19.365 29906 29918 I art     : Explicit concurrent mark sweep GC freed 1545(94KB) AllocSpace objects, 1(20KB) LOS objects, 23% free, 52MB/68MB, paused 529us total 27.699ms
08-04 11:41:19.377 29906 29918 I art     : Starting a blocking GC Explicit
08-04 11:41:19.399 29906 29918 I art     : Explicit concurrent mark sweep GC freed 28(1024B) AllocSpace objects, 0(0B) LOS objects, 23% free, 52MB/68MB, paused 491us total 22.077ms
08-04 11:41:19.408 29906 29918 I art     : Starting a blocking GC Explicit
08-04 11:41:19.430 29906 29918 I art     : Explicit concurrent mark sweep GC freed 3(96B) AllocSpace objects, 0(0B) LOS objects, 23% free, 52MB/68MB, paused 480us total 22.013ms
08-04 11:41:19.439 29906 29918 I art     : Starting a blocking GC Explicit
08-04 11:41:19.462 29906 29918 I art     : Explicit concurrent mark sweep GC freed 3(96B) AllocSpace objects, 0(0B) LOS objects, 23% free, 52MB/68MB, paused 481us total 22.247ms
08-04 11:41:19.471 29906 29918 I art     : Starting a blocking GC Explicit
08-04 11:41:19.493 29906 29918 I art     : Explicit concurrent mark sweep GC freed 3(96B) AllocSpace objects, 0(0B) LOS objects, 23% free, 52MB/68MB, paused 482us total 22.156ms
08-04 11:41:19.799 29906 29989 I art     : Starting a blocking GC Explicit
08-04 11:41:19.832 29906 29989 I art     : Explicit concurrent mark sweep GC freed 1545(94KB) AllocSpace objects, 1(20KB) LOS objects, 23% free, 52MB/68MB, paused 531us total 32.186ms
08-04 11:41:19.844 29906 29989 I art     : Starting a blocking GC Explicit
08-04 11:41:19.869 29906 29989 I art     : Explicit concurrent mark sweep GC freed 28(1024B) AllocSpace objects, 0(0B) LOS objects, 23% free, 52MB/68MB, paused 478us total 24.024ms
08-04 11:41:19.878 29906 29989 I art     : Starting a blocking GC Explicit
08-04 11:41:19.900 29906 29989 I art     : Explicit concurrent mark sweep GC freed 3(96B) AllocSpace objects, 0(0B) LOS objects, 23% free, 52MB/68MB, paused 490us total 21.963ms
08-04 11:41:19.909 29906 29989 I art     : Starting a blocking GC Explicit
08-04 11:41:19.931 29906 29989 I art     : Explicit concurrent mark sweep GC freed 3(96B) AllocSpace objects, 0(0B) LOS objects, 23% free, 52MB/68MB, paused 482us total 21.746ms
08-04 11:41:19.939 29906 29989 I art     : Starting a blocking GC Explicit
08-04 11:41:19.962 29906 29989 I art     : Explicit concurrent mark sweep GC freed 3(96B) AllocSpace objects, 0(0B) LOS objects, 23% free, 52MB/68MB, paused 492us total 22.121ms
08-04 11:41:20.278 29906 29919 I art     : Starting a blocking GC Explicit
08-04 11:41:20.308 13866 13882 I PeriodicStatsRunner: PeriodicStatsRunner.call():175 call()
08-04 11:41:20.309 13866 13882 I PeriodicStatsRunner: PeriodicStatsRunner.call():179 No submit PeriodicStats since input started.
08-04 11:41:20.311 29906 29919 I art     : Explicit concurrent mark sweep GC freed 1544(93KB) AllocSpace objects, 1(20KB) LOS objects, 23% free, 52MB/68MB, paused 487us total 32.542ms
08-04 11:41:20.323 29906 29919 I art     : Starting a blocking GC Explicit
08-04 11:41:20.345 29906 29919 I art     : Explicit concurrent mark sweep GC freed 28(1024B) AllocSpace objects, 0(0B) LOS objects, 23% free, 52MB/68MB, paused 474us total 22.253ms
08-04 11:41:20.354 29906 29919 I art     : Starting a blocking GC Explicit
08-04 11:41:20.375 29906 29919 I art     : Explicit concurrent mark sweep GC freed 3(96B) AllocSpace objects, 0(0B) LOS objects, 23% free, 52MB/68MB, paused 474us total 21.337ms
08-04 11:41:20.384 29906 29919 I art     : Starting a blocking GC Explicit
08-04 11:41:20.406 29906 29919 I art     : Explicit concurrent mark sweep GC freed 3(96B) AllocSpace objects, 0(0B) LOS objects, 23% free, 52MB/68MB, paused 475us total 21.960ms
08-04 11:41:20.415 29906 29919 I art     : Starting a blocking GC Explicit
08-04 11:41:20.437 29906 29919 I art     : Explicit concurrent mark sweep GC freed 3(96B) AllocSpace objects, 0(0B) LOS objects, 23% free, 52MB/68MB, paused 525us total 22.105ms
08-04 11:41:20.763 29906 29990 I art     : Starting a blocking GC Explicit
08-04 11:41:20.796 29906 29990 I art     : Explicit concurrent mark sweep GC freed 1540(89KB) AllocSpace objects, 1(20KB) LOS objects, 23% free, 52MB/68MB, paused 559us total 32.555ms
08-04 11:41:20.810 29906 29990 I art     : Starting a blocking GC Explicit
08-04 11:41:20.835 29906 29990 I art     : Explicit concurrent mark sweep GC freed 28(1024B) AllocSpace objects, 0(0B) LOS objects, 23% free, 52MB/68MB, paused 481us total 24.840ms
08-04 11:41:20.844 29906 29990 I art     : Starting a blocking GC Explicit
08-04 11:41:20.867 29906 29990 I art     : Explicit concurrent mark sweep GC freed 3(96B) AllocSpace objects, 0(0B) LOS objects, 23% free, 52MB/68MB, paused 474us total 22.331ms
08-04 11:41:20.875 29906 29990 I art     : Starting a blocking GC Explicit
08-04 11:41:20.895   518   646 I ThermalEngine: ACTION: GPU - Setting GPU[0] to 600000000
08-04 11:41:20.897 29906 29990 I art     : Explicit concurrent mark sweep GC freed 3(96B) AllocSpace objects, 0(0B) LOS objects, 23% free, 52MB/68MB, paused 523us total 21.034ms
08-04 11:41:20.905 29906 29990 I art     : Starting a blocking GC Explicit
08-04 11:41:20.927 29906 29990 I art     : Explicit concurrent mark sweep GC freed 3(96B) AllocSpace objects, 0(0B) LOS objects, 23% free, 52MB/68MB, paused 561us total 21.970ms
08-04 11:41:21.187 29906 29918 I art     : Starting a blocking GC Explicit
08-04 11:41:21.204 29906 29918 I art     : Explicit concurrent mark sweep GC freed 1540(89KB) AllocSpace objects, 1(20KB) LOS objects, 23% free, 52MB/68MB, paused 357us total 17.349ms
08-04 11:41:21.211 29906 29918 I art     : Starting a blocking GC Explicit
08-04 11:41:21.228 29906 29918 I art     : Explicit concurrent mark sweep GC freed 28(1024B) AllocSpace objects, 0(0B) LOS objects, 23% free, 52MB/68MB, paused 402us total 16.839ms
08-04 11:41:21.235 29906 29918 I art     : Starting a blocking GC Explicit
08-04 11:41:21.251 29906 29918 I art     : Explicit concurrent mark sweep GC freed 3(96B) AllocSpace objects, 0(0B) LOS objects, 23% free, 52MB/68MB, paused 349us total 16.534ms
08-04 11:41:21.258 29906 29918 I art     : Starting a blocking GC Explicit
08-04 11:41:21.275 29906 29918 I art     : Explicit concurrent mark sweep GC freed 3(96B) AllocSpace objects, 0(0B) LOS objects, 23% free, 52MB/68MB, paused 359us total 16.073ms
08-04 11:41:21.281 29906 29918 I art     : Starting a blocking GC Explicit
08-04 11:41:21.298 29906 29918 I art     : Explicit concurrent mark sweep GC freed 3(96B) AllocSpace objects, 0(0B) LOS objects, 23% free, 52MB/68MB, paused 803us total 16.532ms
08-04 11:41:21.409 31334 31334 D AndroidRuntime: >>>>>> START com.android.internal.os.RuntimeInit uid 2000 <<<<<<
08-04 11:41:21.415 31334 31334 D AndroidRuntime: CheckJNI is OFF
08-04 11:41:21.442 31334 31334 D ICU     : No timezone override file found: /data/misc/zoneinfo/current/icu/icu_tzdata.dat
08-04 11:41:21.467 31334 31334 I Radio-JNI: register_android_hardware_Radio DONE
08-04 11:41:21.482 31334 31334 D AndroidRuntime: Calling main entry com.android.commands.input.Input
08-04 11:41:21.484 31334 31334 I Input   : injectKeyEvent: KeyEvent { action=ACTION_DOWN, keyCode=KEYCODE_BACK, scanCode=0, metaState=0, flags=0x0, repeatCount=0, eventTime=704497897, downTime=704497897, deviceId=-1, source=0x101 }
08-04 11:41:21.498 31334 31334 I Input   : injectKeyEvent: KeyEvent { action=ACTION_UP, keyCode=KEYCODE_BACK, scanCode=0, metaState=0, flags=0x0, repeatCount=0, eventTime=704497897, downTime=704497897, deviceId=-1, source=0x101 }
08-04 11:41:21.504 29906 29906 D NappaLifecycleObserver: nappagreedy.appteam.nith.hillffair.activities.ClubActivity - onPause
08-04 11:41:21.504 29906 29906 D Nappa   : Stayed on nappagreedy.appteam.nith.hillffair.activities.ClubActivity for 4473 ms
08-04 11:41:21.506 31334 31334 D AndroidRuntime: Shutting down VM
08-04 11:41:21.508 29906 29906 D NappaLifecycleObserver: nappagreedy.appteam.nith.hillffair.activities.BattleDayActivity - onResume
08-04 11:41:21.508 29906 29906 D Nappa   : setCurrentActivity - MetricStrategyAccuracy - 
08-04 11:41:21.508 29906 29906 D Nappa   : madePredictionFromActivity = true, 
08-04 11:41:21.508 29906 29906 D Nappa   : fromActivity = nappagreedy.appteam.nith.hillffair.activities.ClubActivity, 
08-04 11:41:21.508 29906 29906 D Nappa   : predictedNextActivityFromActivity = [], 
08-04 11:41:21.508 29906 29906 D Nappa   : activity.getClass().getCanonicalName() = nappagreedy.appteam.nith.hillffair.activities.BattleDayActivity, 
08-04 11:41:21.508 29906 29906 D Nappa   : setCurrentActivity - MetricStrategyAccuracy - 
08-04 11:41:21.508 29906 29906 D Nappa   : madePredictionFromExtra = false, 
08-04 11:41:21.508 29906 29906 D Nappa   : fromActivity = nappagreedy.appteam.nith.hillffair.activities.ClubActivity, 
08-04 11:41:21.508 29906 29906 D Nappa   : predictedNextActivityFromExtra = [], 
08-04 11:41:21.508 29906 29906 D Nappa   : activity.getClass().getCanonicalName() = nappagreedy.appteam.nith.hillffair.activities.BattleDayActivity, 
08-04 11:41:21.508 29906 29906 D Nappa   : PREFETCH_ON_EXTRA - setCurrentActivity - logs - from activity - made prediction istrue
08-04 11:41:21.508 29906 29906 D Nappa   : PREFETCH_ON_EXTRA - setCurrentActivity - logs - from activity - start
08-04 11:41:21.508 29906 29906 I NAPPA_EXPERIMENTATION: MetricStrategyAccuracy: LOG_ID='12',EXECUTION_COUNT='12',CASES_COUNT='12',HIT_PERCENTAGE_TOTAL='50.0',HIT_PERCENTAGE_WHEN_PREDICTED='100.0',HIT_COUNT='6',MISS_COUNT='0',INSUFFICIENT_SCORE_COUNT='1',EXCEPTION_COUNT='0',NO_SUCCESSOR_COUNT='5',
08-04 11:41:21.508 29906 29906 D Nappa   : PREFETCH_ON_EXTRA - setCurrentActivity - logs - from activity- finished
08-04 11:41:21.563 29906 29918 I art     : Starting a blocking GC Explicit
08-04 11:41:21.581 29906 29918 I art     : Explicit concurrent mark sweep GC freed 1846(113KB) AllocSpace objects, 1(20KB) LOS objects, 23% free, 52MB/68MB, paused 414us total 18.296ms
08-04 11:41:21.588 29906 29918 I art     : Starting a blocking GC Explicit
08-04 11:41:21.606 29906 29918 I art     : Explicit concurrent mark sweep GC freed 42(1552B) AllocSpace objects, 0(0B) LOS objects, 23% free, 52MB/68MB, paused 405us total 18.027ms
08-04 11:41:21.609 29906 29906 D Nappa   : registerActivity: (already in) nappagreedy.appteam.nith.hillffair.activities.BattleDayActivity
08-04 11:41:21.609 29906 29906 D ActivityGraph: LARDataCalculatedUpdate nappagreedy.appteam.nith.hillffair.activities.BattleDayActivity Pagerank: 0.25 HITS-Authority: 1.0 HITS-Hub: 1.0 SALSA-Authority: 1.0 SALSA-Hub: 1.0
08-04 11:41:21.609 29906 29906 D Nappa   : SHOULD_PREFETCH false
08-04 11:41:21.609 29906 29906 D Nappa   : STATS Number of requests not prefetched: 4
08-04 11:41:21.609 29906 29906 D Nappa   : STATS Number of requests prefetched: 2
08-04 11:41:21.609 29906 29906 D Nappa   : STATS Time saved until now: 0.059
08-04 11:41:21.616 29906 29918 I art     : Starting a blocking GC Explicit
08-04 11:41:21.633 29906 29918 I art     : Explicit concurrent mark sweep GC freed 197(8KB) AllocSpace objects, 0(0B) LOS objects, 23% free, 52MB/68MB, paused 353us total 16.713ms
08-04 11:41:21.635 29906 29906 D ActivityNode: Observer - visit time - ClubActivity - New aggregate visit time found is 142554 ms
08-04 11:41:21.637 13866 13866 I GoogleInputMethodServic: GoogleInputMethodService.onFinishInput():3138 
08-04 11:41:21.638 13866 13866 I GoogleInputMethodServic: GoogleInputMethodService.onStartInput():1808 
08-04 11:41:21.639 29906 29918 I art     : Starting a blocking GC Explicit
08-04 11:41:21.657 29906 29918 I art     : Explicit concurrent mark sweep GC freed 229(9KB) AllocSpace objects, 0(0B) LOS objects, 23% free, 52MB/68MB, paused 408us total 17.877ms
08-04 11:41:21.665 29906 29918 I art     : Starting a blocking GC Explicit
08-04 11:41:21.681 29906 29918 I art     : Explicit concurrent mark sweep GC freed 10(384B) AllocSpace objects, 0(0B) LOS objects, 23% free, 52MB/68MB, paused 324us total 15.022ms
08-04 11:41:21.832   918  3261 D WifiStateMachine: starting scan for "H369AA63323"WPA_PSK with 2412,5180
08-04 11:41:21.909 29906 29936 D Nappa   : PREFETCH_ON_EXTRA - setCurrentActivity - logs - from extra - made prediction isfalse
08-04 11:41:21.921 29906 29906 D NappaLifecycleObserver: nappagreedy.appteam.nith.hillffair.activities.ClubActivity - onDestroy
08-04 11:41:21.921 29906 29906 D NappaLifecycleObserver: -------------F1_SCORE #17 -----------
08-04 11:41:21.921   380   380 W SurfaceFlinger: couldn't log to binary event log: overflow.
08-04 11:41:21.921 29906 29906 D NappaLifecycleObserver: F1_SCORE - Intercept list (3)= [https://api-hillfair-2k16.herokuapp.com/api/app/events/special, https://api-hillfair-2k16.herokuapp.com/api/app/events/special/event?id=58065620dcba0f490c70fe09, https://api-hillfair-2k16.herokuapp.com/api/app/events/special/event?id=5806551bdcba0f490c70fd1f]
08-04 11:41:21.921 29906 29906 D NappaLifecycleObserver: F1_SCORE - Prefetch list (3)= [https://api-hillfair-2k16.herokuapp.com/api/app/events/special/event?id=5806551bdcba0f490c70fd1f, https://api-hillfair-2k16.herokuapp.com/api/app/events/special/event?id=580655cddcba0f490c70fdd0, https://api-hillfair-2k16.herokuapp.com/api/app/events/special/event?id=58065620dcba0f490c70fe09]
08-04 11:41:21.921 29906 29906 D NappaLifecycleObserver: F1_SCORE - TP list (2)= [https://api-hillfair-2k16.herokuapp.com/api/app/events/special/event?id=58065620dcba0f490c70fe09, https://api-hillfair-2k16.herokuapp.com/api/app/events/special/event?id=5806551bdcba0f490c70fd1f]
08-04 11:41:21.921 29906 29906 D NappaLifecycleObserver: F1_SCORE - FN list (1)= [https://api-hillfair-2k16.herokuapp.com/api/app/events/special]
08-04 11:41:21.921 29906 29906 I NAPPA_EXPERIMENTATION: MetricPrefetchingAccuracy: LOG_ID='18',F1_SCORE_1='0.6666666666666666',F1_SCORE_2='0.6666666666666666',TRUE_POSITIVE='2',FALSE_POSITIVE='1',FALSE_NEGATIVE='1',
08-04 11:41:21.939 29906 29990 I art     : Starting a blocking GC Explicit
08-04 11:41:21.958 29906 29990 I art     : Explicit concurrent mark sweep GC freed 1804(119KB) AllocSpace objects, 1(20KB) LOS objects, 23% free, 52MB/68MB, paused 529us total 17.979ms
08-04 11:41:21.964 29906 29990 I art     : Starting a blocking GC Explicit
08-04 11:41:21.979 29906 29990 I art     : Explicit concurrent mark sweep GC freed 1591(104KB) AllocSpace objects, 2(288KB) LOS objects, 23% free, 52MB/68MB, paused 368us total 14.772ms
08-04 11:41:21.985 29906 29990 I art     : Starting a blocking GC Explicit
08-04 11:41:22.000 29906 29990 I art     : Explicit concurrent mark sweep GC freed 3(96B) AllocSpace objects, 0(0B) LOS objects, 23% free, 52MB/68MB, paused 351us total 15.139ms
08-04 11:41:22.007 29906 29990 I art     : Starting a blocking GC Explicit
