08-05 11:49:26.998  5421  5421 D AndroidRuntime: >>>>>> START com.android.internal.os.RuntimeInit uid 2000 <<<<<<
08-05 11:49:27.002  5421  5421 D AndroidRuntime: CheckJNI is OFF
08-05 11:49:27.027  5421  5421 D ICU     : No timezone override file found: /data/misc/zoneinfo/current/icu/icu_tzdata.dat
08-05 11:49:27.054  5421  5421 I Radio-JNI: register_android_hardware_Radio DONE
08-05 11:49:27.072  5421  5421 D AndroidRuntime: Calling main entry com.android.commands.input.Input
08-05 11:49:27.073  5421  5421 I Input   : injectMotionEvent: MotionEvent { action=ACTION_DOWN, actionButton=0, id[0]=0, x[0]=600.0, y[0]=950.0, toolType[0]=TOOL_TYPE_UNKNOWN, buttonState=0, metaState=0, flags=0x0, edgeFlags=0x0, pointerCount=1, historySize=0, eventTime=791383486, downTime=791383486, deviceId=0, source=0x1002 }
08-05 11:49:27.081  5421  5421 I Input   : injectMotionEvent: MotionEvent { action=ACTION_UP, actionButton=0, id[0]=0, x[0]=600.0, y[0]=950.0, toolType[0]=TOOL_TYPE_UNKNOWN, buttonState=0, metaState=0, flags=0x0, edgeFlags=0x0, pointerCount=1, historySize=0, eventTime=791383486, downTime=791383486, deviceId=0, source=0x1002 }
08-05 11:49:27.083  5421  5421 D AndroidRuntime: Shutting down VM
08-05 11:49:27.087   512  2967 D audio_hw_primary: out_set_parameters: enter: usecase(1: low-latency-playback) kvpairs: routing=2
08-05 11:49:27.090  4560  4560 D NappaIntentExtras: ==================
08-05 11:49:27.090  4560  4560 D NappaIntentExtras: Log #4
08-05 11:49:27.090  4560  4560 D NappaIntentExtras: ------------------
08-05 11:49:27.090  4560  4560 D NappaIntentExtras: activity nappagreedy.org.quantumbadger.redreader.activities.ImageViewActivity
08-05 11:49:27.090  4560  4560 D NappaIntentExtras: 	- No extras registered
08-05 11:49:27.090  4560  4560 D NappaIntentExtras: activity nappagreedy.org.quantumbadger.redreader.activities.WebViewActivity
08-05 11:49:27.090  4560  4560 D NappaIntentExtras: 	- No extras registered
08-05 11:49:27.090  4560  4560 D NappaIntentExtras: activity nappagreedy.org.quantumbadger.redreader.activities.PostListingActivity
08-05 11:49:27.090  4560  4560 D NappaIntentExtras: 	- No extras registered
08-05 11:49:27.090  4560  4560 D NappaIntentExtras: activity nappagreedy.org.quantumbadger.redreader.activities.CommentListingActivity
08-05 11:49:27.090  4560  4560 D NappaIntentExtras: 	- No extras registered
08-05 11:49:27.090  4560  4560 D NappaIntentExtras: activity nappagreedy.org.quantumbadger.redreader.activities.MainActivity
08-05 11:49:27.090  4560  4560 D NappaIntentExtras: 	- No extras registered
08-05 11:49:27.090  4560  4560 D NappaIntentExtras: ==================
08-05 11:49:27.091   918  4400 I ActivityManager: START u0 {dat=https://oauth.reddit.com/... cmp=nappagreedy.org.quantumbadger.redreader/.activities.CommentListingActivity} from uid 10694 on display 0
08-05 11:49:27.099  4560  4560 D NappaLifecycleObserver: nappagreedy.org.quantumbadger.redreader.activities.PostListingActivity - onPause
08-05 11:49:27.099  4560  4560 D Nappa   : Stayed on nappagreedy.org.quantumbadger.redreader.activities.PostListingActivity for 1571 ms
08-05 11:49:27.100   512  2967 D audio_hw_primary: select_devices: out_snd_device(2: speaker) in_snd_device(0: none)
08-05 11:49:27.100   512  2967 D msm8974_platform: platform_send_audio_calibration: sending audio calibration for snd_device(2) acdb_id(15)
08-05 11:49:27.100   512  2967 I soundtrigger: audio_extn_sound_trigger_update_device_status: device 0x2 of type 0 for Event 1
08-05 11:49:27.111   512  2967 D audio_hw_primary: enable_snd_device: snd_device(2: speaker)
08-05 11:49:27.113   512  2967 D audio_hw_primary: enable_audio_route: apply and update mixer path: low-latency-playback speaker
08-05 11:49:27.117  4560  4560 I AppCompatViewInflater: app:theme is now deprecated. Please move to using android:theme instead.
08-05 11:49:27.129  4560  4560 D NappaLifecycleObserver: nappagreedy.org.quantumbadger.redreader.activities.CommentListingActivity - onResume
08-05 11:49:27.129  4560  4560 D Nappa   : setCurrentActivity - MetricStrategyAccuracy - 
08-05 11:49:27.129  4560  4560 D Nappa   : madePredictionFromActivity = false, 
08-05 11:49:27.129  4560  4560 D Nappa   : fromActivity = nappagreedy.org.quantumbadger.redreader.activities.PostListingActivity, 
08-05 11:49:27.129  4560  4560 D Nappa   : predictedNextActivityFromActivity = [], 
08-05 11:49:27.129  4560  4560 D Nappa   : activity.getClass().getCanonicalName() = nappagreedy.org.quantumbadger.redreader.activities.CommentListingActivity, 
08-05 11:49:27.129  4560  4560 D Nappa   : setCurrentActivity - MetricStrategyAccuracy - 
08-05 11:49:27.129  4560  4560 D Nappa   : madePredictionFromExtra = false, 
08-05 11:49:27.129  4560  4560 D Nappa   : fromActivity = nappagreedy.org.quantumbadger.redreader.activities.PostListingActivity, 
08-05 11:49:27.129  4560  4560 D Nappa   : predictedNextActivityFromExtra = [], 
08-05 11:49:27.129  4560  4560 D Nappa   : activity.getClass().getCanonicalName() = nappagreedy.org.quantumbadger.redreader.activities.CommentListingActivity, 
08-05 11:49:27.129  4560  4560 D Nappa   : PREFETCH_ON_EXTRA - setCurrentActivity - logs - from activity - made prediction isfalse
08-05 11:49:27.130  4560  5452 D OK      : calling: https://oauth.reddit.com/comments/hwnhe2/.json?sort=confidence
08-05 11:49:27.130  4560  5452 D CustomInterceptor: NETWORK-PROVIDER https://oauth.reddit.com/comments/hwnhe2/.json?sort=confidence
08-05 11:49:27.130  4560  5452 D Nappa   : F1_SCORE add_intercept_url - (new) - https://oauth.reddit.com/comments/hwnhe2/.json?sort=confidence
08-05 11:49:27.130  4560  5452 D Nappa   : F1_SCORE add_fn_url - (new) - https://oauth.reddit.com/comments/hwnhe2/.json?sort=confidence
08-05 11:49:27.130  4560  5452 D Nappa   : -------------F1_SCORE #4 -----------
08-05 11:49:27.130  4560  5452 D Nappa   : F1_SCORE - Intercept list (4)= [https://oauth.reddit.com/r/askscience/about.json, https://oauth.reddit.com/r/askscience/hot/.json, https://oauth.reddit.com/comments/gvc7k9/.json?sort=confidence, https://oauth.reddit.com/comments/hwnhe2/.json?sort=confidence]
08-05 11:49:27.130  4560  5452 D Nappa   : F1_SCORE - Prefetch list (0)= []
08-05 11:49:27.130  4560  5452 D Nappa   : F1_SCORE - TP list (0)= []
08-05 11:49:27.131  4560  5452 D Nappa   : F1_SCORE - FN list (4)= [https://oauth.reddit.com/r/askscience/about.json, https://oauth.reddit.com/r/askscience/hot/.json, https://oauth.reddit.com/comments/gvc7k9/.json?sort=confidence, https://oauth.reddit.com/comments/hwnhe2/.json?sort=confidence]
08-05 11:49:27.131  4560  5452 I NAPPA_EXPERIMENTATION: MetricPrefetchingAccuracy: LOG_ID='5',F1_SCORE_1='0.0',F1_SCORE_2='0.0',TRUE_POSITIVE='0',FALSE_POSITIVE='0',FALSE_NEGATIVE='4',
08-05 11:49:27.131  4560  5452 D CustomInterceptor: HEADER REQUEST
08-05 11:49:27.131  4560  5452 D CustomInterceptor: Authorization bearer -vv7wE75CCVZuUmgJJFxR34x-bqc
08-05 11:49:27.131  4560  5452 D CustomInterceptor: Cache-Control max-age=300, max-stale=300
08-05 11:49:27.131  4560  5452 D CustomInterceptor: User-Agent nappagreedy.org.quantumbadger.redreader/1.9.10
08-05 11:49:27.131  4560  5452 D CustomInterceptor: CACHED STATS: size = '3', maxSize = '100', hitCount = '3', createCount = '0', putCount = '3', evictionCount = '0', missCount = '4', toString = 'LruCache[maxSize=100,hits=3,misses=4,hitRate=42%]', 
08-05 11:49:27.131  4560  5452 D CustomInterceptor: PREFLIB NOT A GET REQUEST OR NOT IN CACHEGET
08-05 11:49:27.180  4560  4571 I art     : Starting a blocking GC Explicit
08-05 11:49:27.206  4560  4571 I art     : Explicit concurrent mark sweep GC freed 3922(240KB) AllocSpace objects, 1(20KB) LOS objects, 37% free, 27MB/43MB, paused 353us total 25.630ms
08-05 11:49:27.216  4560  4571 I art     : Starting a blocking GC Explicit
08-05 11:49:27.229  4560  4560 D Nappa   : registerActivity: (already in) nappagreedy.org.quantumbadger.redreader.activities.CommentListingActivity
08-05 11:49:27.229  4560  4560 D ActivityNode: ACTNODE UPDATING AFTER LOADING FROM DB
08-05 11:49:27.229  4560  4560 D ActivityGraph: LARDataCalculatedUpdate nappagreedy.org.quantumbadger.redreader.activities.CommentListingActivity Pagerank: 0.25 HITS-Authority: 1.0 HITS-Hub: 1.0 SALSA-Authority: 1.0 SALSA-Hub: 1.0
08-05 11:49:27.229  4560  4560 D Nappa   : SHOULD_PREFETCH true
08-05 11:49:27.230  4560  4582 D Nappa   : registerActivity: (already in) nappagreedy.org.quantumbadger.redreader.activities.CommentListingActivity
08-05 11:49:27.231  4560  4582 D Nappa   : PARENTS 
08-05 11:49:27.231  4560  4582 D Nappa   : Of: nappagreedy.org.quantumbadger.redreader.activities.CommentListingActivity -> 
08-05 11:49:27.231  4560  4582 D Nappa   : PARENTS nappagreedy.org.quantumbadger.redreader.activities.PostListingActivity
08-05 11:49:27.231  4560  4582 D Nappa   : PARENTS nappagreedy.org.quantumbadger.redreader.activities.MainActivity
08-05 11:49:27.245  4560  4571 I art     : Explicit concurrent mark sweep GC freed 437(22KB) AllocSpace objects, 0(0B) LOS objects, 37% free, 27MB/43MB, paused 358us total 28.419ms
08-05 11:49:27.256  4560  4571 I art     : Starting a blocking GC Explicit
08-05 11:49:27.284  4560  4571 I art     : Explicit concurrent mark sweep GC freed 1858(73KB) AllocSpace objects, 0(0B) LOS objects, 37% free, 27MB/43MB, paused 372us total 27.274ms
08-05 11:49:27.294  4560  4571 I art     : Starting a blocking GC Explicit
08-05 11:49:27.319  4560  4571 I art     : Explicit concurrent mark sweep GC freed 163(5KB) AllocSpace objects, 0(0B) LOS objects, 37% free, 27MB/43MB, paused 340us total 24.808ms
08-05 11:49:27.329  4560  4571 I art     : Starting a blocking GC Explicit
08-05 11:49:27.330  4560  4560 D Nappa   : registerActivity: (already in) nappagreedy.org.quantumbadger.redreader.activities.CommentListingActivity
08-05 11:49:27.330  4560  4560 D Nappa   : STATS Number of requests not prefetched: 4
08-05 11:49:27.330  4560  4560 D Nappa   : STATS Number of requests prefetched: 0
08-05 11:49:27.330  4560  4560 D Nappa   : STATS Time saved until now: 0.0
08-05 11:49:27.357  4560  4571 I art     : Explicit concurrent mark sweep GC freed 170(9KB) AllocSpace objects, 0(0B) LOS objects, 37% free, 27MB/43MB, paused 367us total 27.936ms
08-05 11:49:27.384  4560  4560 D ActivityNode: Observer - visit time - PostListingActivity - New aggregate visit time found is 65052 ms
08-05 11:49:27.400   918   936 I ActivityManager: Displayed nappagreedy.org.quantumbadger.redreader/.activities.CommentListingActivity: +299ms
08-05 11:49:27.400 13866 13866 I GoogleInputMethodServic: GoogleInputMethodService.onFinishInput():3138 
08-05 11:49:27.401 13866 13866 I GoogleInputMethodServic: GoogleInputMethodService.onStartInput():1808 
08-05 11:49:27.402  4560  4560 D ActivityNode: Observer - session data - sourceWebViewActivity
08-05 11:49:27.402  4560  4560 D ActivityNode: destinations:
08-05 11:49:27.403  4560  4560 D ActivityNode: Observer - session data - sourceMainActivity
08-05 11:49:27.403  4560  4560 D ActivityNode: destinations:
08-05 11:49:27.403  4560  4560 D ActivityNode: 	nappagreedy.org.quantumbadger.redreader.activities.PostListingActivity( count 7)
08-05 11:49:27.403  4560  4560 D ActivityNode: Observer - session data - sourcePostListingActivity
08-05 11:49:27.403  4560  4560 D ActivityNode: destinations:
08-05 11:49:27.403  4560  4560 D ActivityNode: 	nappagreedy.org.quantumbadger.redreader.activities.CommentListingActivity( count 12)
08-05 11:49:27.403  4560  4560 D ActivityNode: 	nappagreedy.org.quantumbadger.redreader.activities.WebViewActivity( count 3)
08-05 11:49:27.403  4560  4560 D ActivityNode: 	nappagreedy.org.quantumbadger.redreader.activities.ImageViewActivity( count 1)
08-05 11:49:27.403  4560  4560 D ActivityNode: Observer - session data - sourceImageViewActivity
08-05 11:49:27.403  4560  4560 D ActivityNode: destinations:
08-05 11:49:27.403  4560  4560 D ActivityNode: 	nappagreedy.org.quantumbadger.redreader.activities.WebViewActivity( count 1)
08-05 11:49:27.403  4560  4560 D ActivityNode: Observer - session data - sourceCommentListingActivity
08-05 11:49:27.403  4560  4560 D ActivityNode: destinations:
08-05 11:49:27.434  4560  5452 D CustomInterceptor: CACHE_CONTROL SETTING NEW MAX-AGE
08-05 11:49:27.435  4560  5452 D CustomInterceptor: HEADER RESPONSE
08-05 11:49:27.435  4560  5452 D CustomInterceptor: accept-ranges bytes
08-05 11:49:27.436  4560  5452 D CustomInterceptor: access-control-allow-origin *
08-05 11:49:27.436  4560  5452 D CustomInterceptor: access-control-expose-headers X-Moose
08-05 11:49:27.436  4560  5452 D CustomInterceptor: Cache-Control public, immutable, max-age=300, only-if-cached, max-stale=300
08-05 11:49:27.436  4560  5452 D CustomInterceptor: content-type application/json; charset=UTF-8
08-05 11:49:27.436  4560  5452 D CustomInterceptor: date Wed, 05 Aug 2020 09:49:22 GMT
08-05 11:49:27.436  4560  5452 D CustomInterceptor: Expires Wed, 05 Aug 2020 09:54:27 GMT+00:00
08-05 11:49:27.436  4560  5452 D CustomInterceptor: server snooserv
08-05 11:49:27.436  4560  5452 D CustomInterceptor: set-cookie edgebucket=KSHx6N2ZP8v87Ithit; Domain=reddit.com; Max-Age=63071999; Path=/; secure=
08-05 11:49:27.436  4560  5452 D CustomInterceptor: strict-transport-security max-age=15552000; includeSubDomains; preload
08-05 11:49:27.436  4560  5452 D CustomInterceptor: vary accept-encoding
08-05 11:49:27.436  4560  5452 D CustomInterceptor: via 1.1 varnish
08-05 11:49:27.436  4560  5452 D CustomInterceptor: x-content-type-options nosniff
08-05 11:49:27.437  4560  5452 D CustomInterceptor: x-frame-options SAMEORIGIN
08-05 11:49:27.437  4560  5452 D CustomInterceptor: x-moose majestic
08-05 11:49:27.437  4560  5452 D CustomInterceptor: x-ua-compatible IE=edge
08-05 11:49:27.437  4560  5452 D CustomInterceptor: x-xss-protection 1; mode=block
08-05 11:49:27.437  4560  5452 D CustomInterceptor: CACHEABLE true
08-05 11:49:27.437  4560  5452 D CustomInterceptor: REQ https://oauth.reddit.com/comments/hwnhe2/.json?sort=confidence
08-05 11:49:27.437  4560  5452 D CustomInterceptor: REQ_SERV_BY net
08-05 11:49:27.437  4560  5452 D CustomInterceptor: PREFLIB Adding response to lrucache - https://oauth.reddit.com/comments/hwnhe2/.json?sort=confidence
08-05 11:49:27.440  4560  5452 D CustomInterceptor: interceptor_finished : return_type #3 : request served from remote and added to cache
08-05 11:49:27.440  4560  5452 I NAPPA_EXPERIMENTATION: MetricNetworkRequestExecutionTime: REQUEST_DURATION_SYSTEM='310',REQUEST_DURATION_OKHTTP='0',REQUEST_SYNCHRONOUS='TRUE',RESPONSE_CODE='200',RESPONSE_METHOD='GET',RESPONSE_LENGTH_OKHTTP='14747',RESPONSE_LENGTH_HEADER='-2',REQUEST_PROTOCOL='h2',REQUEST_URL='https://oauth.reddit.com/comments/hwnhe2/.json?sort=confidence',
08-05 11:49:27.440  4560  5452 D OK      : request got status: 200
08-05 11:49:27.444  4560  5152 I CommentListingActivity: COMMENTS session changed to 52e9f206-7f3c-4272-ad45-5d9f4e217410
08-05 11:49:27.529  4560  4582 D Nappa   : PREFETCH_ON_EXTRA - setCurrentActivity - logs - from extra - made prediction isfalse
08-05 11:49:27.577  4560  4571 I art     : Starting a blocking GC Explicit
08-05 11:49:27.615  4560  4571 I art     : Explicit concurrent mark sweep GC freed 7438(577KB) AllocSpace objects, 8(252KB) LOS objects, 36% free, 27MB/43MB, paused 277us total 37.470ms
08-05 11:49:27.628  4560  4571 I art     : Starting a blocking GC Explicit
08-05 11:49:27.651   380   380 W SurfaceFlinger: couldn't log to binary event log: overflow.
08-05 11:49:27.658   512  2967 D audio_hw_primary: disable_audio_route: reset and update mixer path: low-latency-playback speaker
08-05 11:49:27.659   512  2967 D audio_hw_primary: disable_snd_device: snd_device(2: speaker)
08-05 11:49:27.664  4560  4571 I art     : Explicit concurrent mark sweep GC freed 421(19KB) AllocSpace objects, 0(0B) LOS objects, 36% free, 27MB/43MB, paused 262us total 35.362ms
08-05 11:49:27.668   512  2967 I soundtrigger: audio_extn_sound_trigger_update_device_status: device 0x2 of type 0 for Event 0
08-05 11:49:27.674  4560  4571 I art     : Starting a blocking GC Explicit
08-05 11:49:27.697  4560  4571 I art     : Explicit concurrent mark sweep GC freed 3(96B) AllocSpace objects, 0(0B) LOS objects, 36% free, 27MB/43MB, paused 263us total 23.350ms
08-05 11:49:27.707  4560  4571 I art     : Starting a blocking GC Explicit
08-05 11:49:27.730  4560  4571 I art     : Explicit concurrent mark sweep GC freed 3(96B) AllocSpace objects, 0(0B) LOS objects, 36% free, 27MB/43MB, paused 252us total 23.341ms
08-05 11:49:27.740  4560  4571 I art     : Starting a blocking GC Explicit
08-05 11:49:27.764  4560  4571 I art     : Explicit concurrent mark sweep GC freed 3(96B) AllocSpace objects, 0(0B) LOS objects, 36% free, 27MB/43MB, paused 255us total 24.481ms
08-05 11:49:27.830  4560  4582 D Nappa   : PREFETCH_ON_EXTRA - setCurrentActivity - starting new prediction
08-05 11:49:27.831  4560  4582 D Nappa   : Current node - currentActivityName - nappagreedy.org.quantumbadger.redreader.activities.CommentListingActivity
08-05 11:49:27.831  4560  4582 D Nappa   : Current node - activityGraph.getCurrent() - nappagreedy.org.quantumbadger.redreader.activities.CommentListingActivity
08-05 11:49:27.831  4560  4582 I NAPPA_EXPERIMENTATION: MetricNappaPrefetchingStrategyExecutionTime: STRATEGY_CLASS='GreedyPrefetchingStrategyOnVisitFrequencyAndTime',DURATION='49896',NUMBER_OF_URLS='0',NUMBER_OF_SELECTED_CHILDREN_NODES='0',NUMBER_OF_CHILDREN_NODES='0',STRATEGY_RUN_SUCCESSFULLY='True',
08-05 11:49:27.831  4560  4582 D GreedyPrefetchingStrategyOnVisitFrequencyAndTime: ==================================
08-05 11:49:27.831  4560  4582 D GreedyPrefetchingStrategyOnVisitFrequencyAndTime: Starting Run #3
08-05 11:49:27.831  4560  4582 D GreedyPrefetchingStrategyOnVisitFrequencyAndTime: ----------------------------------
08-05 11:49:27.831  4560  4582 D GreedyPrefetchingStrategyOnVisitFrequencyAndTime: Node data CommentListingActivity 
08-05 11:49:27.831  4560  4582 D GreedyPrefetchingStrategyOnVisitFrequencyAndTime: 	Successors:
08-05 11:49:27.831  4560  4582 D GreedyPrefetchingStrategyOnVisitFrequencyAndTime: 
08-05 11:49:27.831  4560  4582 D GreedyPrefetchingStrategyOnVisitFrequencyAndTime: 	Ancestors:
08-05 11:49:27.831  4560  4582 D GreedyPrefetchingStrategyOnVisitFrequencyAndTime: 		PostListingActivity (0 hits)
08-05 11:49:27.831  4560  4582 D GreedyPrefetchingStrategyOnVisitFrequencyAndTime: 
08-05 11:49:27.831  4560  4582 D GreedyPrefetchingStrategyOnVisitFrequencyAndTime: MetricStrategyAccuracy inc execution count3 | act = true; extra = false
08-05 11:49:27.831  4560  4582 D GreedyPrefetchingStrategyOnVisitFrequencyAndTime: MetricStrategyAccuracy inc no sucessor count2 | act = true; extra = false
08-05 11:49:27.831  4560  4582 D GreedyPrefetchingStrategyOnVisitFrequencyAndTime: ------------- Recursion #1 -----------
08-05 11:49:27.831  4560  4582 D GreedyPrefetchingStrategyOnVisitFrequencyAndTime: Best successors so far []
08-05 11:49:27.831  4560  4582 D GreedyPrefetchingStrategyOnVisitFrequencyAndTime: Checking node CommentListingActivity with 0 successors
08-05 11:49:27.831  4560  4582 D GreedyPrefetchingStrategyOnVisitFrequencyAndTime: this node has no successors
08-05 11:49:27.831  4560  4582 D GreedyPrefetchingStrategyOnVisitFrequencyAndTime: Next visited child will be []
08-05 11:49:27.831  4560  4582 D GreedyPrefetchingStrategyOnVisitFrequencyAndTime: ==================================
08-05 11:49:27.831  4560  4582 D Nappa   : PREFETCH_ON_EXTRA - setCurrentActivity - finished new prediction
08-05 11:49:28.043  4560  4571 I art     : Starting a blocking GC Explicit
08-05 11:49:28.075  4560  4571 I art     : Explicit concurrent mark sweep GC freed 1789(105KB) AllocSpace objects, 1(20KB) LOS objects, 36% free, 27MB/43MB, paused 244us total 31.914ms
08-05 11:49:28.087  4560  4571 I art     : Starting a blocking GC Explicit
08-05 11:49:28.113  4560  4571 I art     : Explicit concurrent mark sweep GC freed 32(1152B) AllocSpace objects, 0(0B) LOS objects, 36% free, 27MB/43MB, paused 242us total 26.368ms
08-05 11:49:28.123  4560  4571 I art     : Starting a blocking GC Explicit
08-05 11:49:28.150  4560  4571 I art     : Explicit concurrent mark sweep GC freed 3(96B) AllocSpace objects, 0(0B) LOS objects, 36% free, 27MB/43MB, paused 320us total 26.850ms
08-05 11:49:28.161  4560  4571 I art     : Starting a blocking GC Explicit
08-05 11:49:28.188  4560  4571 I art     : Explicit concurrent mark sweep GC freed 3(96B) AllocSpace objects, 0(0B) LOS objects, 36% free, 27MB/43MB, paused 237us total 26.311ms
08-05 11:49:28.198  4560  4571 I art     : Starting a blocking GC Explicit
08-05 11:49:28.224  4560  4571 I art     : Explicit concurrent mark sweep GC freed 3(96B) AllocSpace objects, 0(0B) LOS objects, 36% free, 27MB/43MB, paused 232us total 25.804ms
08-05 11:49:28.503  4560  4869 I art     : Starting a blocking GC Explicit
08-05 11:49:28.537  4560  4869 I art     : Explicit concurrent mark sweep GC freed 1547(91KB) AllocSpace objects, 1(20KB) LOS objects, 36% free, 27MB/43MB, paused 300us total 33.399ms
08-05 11:49:28.552  4560  4869 I art     : Starting a blocking GC Explicit
08-05 11:49:28.581  4560  4869 I art     : Explicit concurrent mark sweep GC freed 74(2848B) AllocSpace objects, 0(0B) LOS objects, 36% free, 27MB/43MB, paused 265us total 28.879ms
08-05 11:49:28.592  4560  4869 I art     : Starting a blocking GC Explicit
08-05 11:49:28.620  4560  4869 I art     : Explicit concurrent mark sweep GC freed 3(96B) AllocSpace objects, 0(0B) LOS objects, 36% free, 27MB/43MB, paused 264us total 28.061ms
08-05 11:49:28.630  4560  4869 I art     : Starting a blocking GC Explicit
08-05 11:49:28.659  4560  4869 I art     : Explicit concurrent mark sweep GC freed 3(96B) AllocSpace objects, 0(0B) LOS objects, 36% free, 27MB/43MB, paused 324us total 27.870ms
08-05 11:49:28.669  4560  4869 I art     : Starting a blocking GC Explicit
08-05 11:49:28.694  4363  4363 I ServiceManager: Waiting for service AtCmdFwd...
08-05 11:49:28.698  4560  4869 I art     : Explicit concurrent mark sweep GC freed 3(96B) AllocSpace objects, 0(0B) LOS objects, 36% free, 27MB/43MB, paused 265us total 28.614ms
08-05 11:49:29.001  4560  4571 I art     : Starting a blocking GC Explicit
08-05 11:49:29.039  4560  4571 I art     : Explicit concurrent mark sweep GC freed 1548(92KB) AllocSpace objects, 1(20KB) LOS objects, 36% free, 27MB/43MB, paused 265us total 37.534ms
08-05 11:49:29.049  4560  4571 I art     : Starting a blocking GC Explicit
08-05 11:49:29.078  4560  4571 I art     : Explicit concurrent mark sweep GC freed 28(1024B) AllocSpace objects, 0(0B) LOS objects, 36% free, 27MB/43MB, paused 258us total 28.213ms
08-05 11:49:29.088  4560  4571 I art     : Starting a blocking GC Explicit
08-05 11:49:29.115  4560  4571 I art     : Explicit concurrent mark sweep GC freed 3(96B) AllocSpace objects, 0(0B) LOS objects, 36% free, 27MB/43MB, paused 264us total 27.217ms
08-05 11:49:29.126  4560  4571 I art     : Starting a blocking GC Explicit
08-05 11:49:29.154  4560  4571 I art     : Explicit concurrent mark sweep GC freed 3(96B) AllocSpace objects, 0(0B) LOS objects, 36% free, 27MB/43MB, paused 275us total 27.963ms
08-05 11:49:29.164  4560  4571 I art     : Starting a blocking GC Explicit
08-05 11:49:29.192  4560  4571 I art     : Explicit concurrent mark sweep GC freed 3(96B) AllocSpace objects, 0(0B) LOS objects, 36% free, 27MB/43MB, paused 264us total 27.636ms
08-05 11:49:29.505  4560  4666 I art     : Starting a blocking GC Explicit
08-05 11:49:29.544  4560  4666 I art     : Explicit concurrent mark sweep GC freed 1547(92KB) AllocSpace objects, 1(20KB) LOS objects, 36% free, 27MB/43MB, paused 315us total 39.598ms
08-05 11:49:29.560  4560  4666 I art     : Starting a blocking GC Explicit
08-05 11:49:29.589  4560  4666 I art     : Explicit concurrent mark sweep GC freed 28(1024B) AllocSpace objects, 0(0B) LOS objects, 36% free, 27MB/43MB, paused 258us total 28.704ms
08-05 11:49:29.599  4560  4666 I art     : Starting a blocking GC Explicit
08-05 11:49:29.627  4560  4666 I art     : Explicit concurrent mark sweep GC freed 3(96B) AllocSpace objects, 0(0B) LOS objects, 36% free, 27MB/43MB, paused 306us total 27.911ms
08-05 11:49:29.638  4560  4666 I art     : Starting a blocking GC Explicit
08-05 11:49:29.666  4560  4666 I art     : Explicit concurrent mark sweep GC freed 3(96B) AllocSpace objects, 0(0B) LOS objects, 36% free, 27MB/43MB, paused 266us total 28.032ms
08-05 11:49:29.677  4560  4666 I art     : Starting a blocking GC Explicit
08-05 11:49:29.695  4363  4363 I ServiceManager: Waiting for service AtCmdFwd...
08-05 11:49:29.706  4560  4666 I art     : Explicit concurrent mark sweep GC freed 3(96B) AllocSpace objects, 0(0B) LOS objects, 36% free, 27MB/43MB, paused 330us total 28.478ms
08-05 11:49:30.013  4560  4573 I art     : Starting a blocking GC Explicit
08-05 11:49:30.053  4560  4573 I art     : Explicit concurrent mark sweep GC freed 1553(95KB) AllocSpace objects, 1(20KB) LOS objects, 36% free, 27MB/43MB, paused 341us total 39.360ms
08-05 11:49:30.067  4560  4573 I art     : Starting a blocking GC Explicit
08-05 11:49:30.096  4560  4573 I art     : Explicit concurrent mark sweep GC freed 28(1024B) AllocSpace objects, 0(0B) LOS objects, 36% free, 27MB/43MB, paused 269us total 28.084ms
08-05 11:49:30.106  4560  4573 I art     : Starting a blocking GC Explicit
08-05 11:49:30.134  4560  4573 I art     : Explicit concurrent mark sweep GC freed 3(96B) AllocSpace objects, 0(0B) LOS objects, 36% free, 27MB/43MB, paused 263us total 27.999ms
08-05 11:49:30.145  4560  4573 I art     : Starting a blocking GC Explicit
08-05 11:49:30.173  4560  4573 I art     : Explicit concurrent mark sweep GC freed 3(96B) AllocSpace objects, 0(0B) LOS objects, 36% free, 27MB/43MB, paused 286us total 28.293ms
08-05 11:49:30.184  4560  4573 I art     : Starting a blocking GC Explicit
08-05 11:49:30.212  4560  4573 I art     : Explicit concurrent mark sweep GC freed 3(96B) AllocSpace objects, 0(0B) LOS objects, 36% free, 27MB/43MB, paused 271us total 28.037ms
08-05 11:49:30.517  4560  4573 I art     : Starting a blocking GC Explicit
08-05 11:49:30.542  4560  4573 I art     : Explicit concurrent mark sweep GC freed 1553(92KB) AllocSpace objects, 1(20KB) LOS objects, 36% free, 27MB/43MB, paused 258us total 25.269ms
08-05 11:49:30.551  4560  4573 I art     : Starting a blocking GC Explicit
08-05 11:49:30.578  4560  4573 I art     : Explicit concurrent mark sweep GC freed 40(1472B) AllocSpace objects, 0(0B) LOS objects, 36% free, 27MB/43MB, paused 256us total 26.062ms
08-05 11:49:30.588  4560  4573 I art     : Starting a blocking GC Explicit
08-05 11:49:30.615  4560  4573 I art     : Explicit concurrent mark sweep GC freed 3(96B) AllocSpace objects, 0(0B) LOS objects, 36% free, 27MB/43MB, paused 257us total 27.045ms
08-05 11:49:30.626  4560  4573 I art     : Starting a blocking GC Explicit
08-05 11:49:30.653  4560  4573 I art     : Explicit concurrent mark sweep GC freed 3(96B) AllocSpace objects, 0(0B) LOS objects, 36% free, 27MB/43MB, paused 268us total 27.254ms
08-05 11:49:30.663  4560  4573 I art     : Starting a blocking GC Explicit
08-05 11:49:30.690  4560  4573 I art     : Explicit concurrent mark sweep GC freed 3(96B) AllocSpace objects, 0(0B) LOS objects, 36% free, 27MB/43MB, paused 266us total 26.878ms
08-05 11:49:30.695  4363  4363 I ServiceManager: Waiting for service AtCmdFwd...
08-05 11:49:31.022  4560  4666 I art     : Starting a blocking GC Explicit
08-05 11:49:31.071  4560  4666 I art     : Explicit concurrent mark sweep GC freed 1552(94KB) AllocSpace objects, 1(20KB) LOS objects, 36% free, 27MB/43MB, paused 692us total 47.571ms
08-05 11:49:31.090  4560  4666 I art     : Starting a blocking GC Explicit
08-05 11:49:31.116  4560  4666 I art     : Explicit concurrent mark sweep GC freed 28(1024B) AllocSpace objects, 0(0B) LOS objects, 36% free, 27MB/43MB, paused 255us total 26.130ms
08-05 11:49:31.126  4560  4666 I art     : Starting a blocking GC Explicit
08-05 11:49:31.154  4560  4666 I art     : Explicit concurrent mark sweep GC freed 3(96B) AllocSpace objects, 0(0B) LOS objects, 36% free, 27MB/43MB, paused 267us total 27.351ms
08-05 11:49:31.164  4560  4666 I art     : Starting a blocking GC Explicit
08-05 11:49:31.192  4560  4666 I art     : Explicit concurrent mark sweep GC freed 3(96B) AllocSpace objects, 0(0B) LOS objects, 36% free, 27MB/43MB, paused 273us total 28.123ms
08-05 11:49:31.203  4560  4666 I art     : Starting a blocking GC Explicit
08-05 11:49:31.231  4560  4666 I art     : Explicit concurrent mark sweep GC freed 3(96B) AllocSpace objects, 0(0B) LOS objects, 36% free, 27MB/43MB, paused 271us total 27.915ms
08-05 11:49:31.484  4560  4571 I art     : Starting a blocking GC Explicit
08-05 11:49:31.512  4560  4571 I art     : Explicit concurrent mark sweep GC freed 1548(91KB) AllocSpace objects, 1(20KB) LOS objects, 36% free, 27MB/43MB, paused 294us total 28.744ms
08-05 11:49:31.524  4560  4571 I art     : Starting a blocking GC Explicit
08-05 11:49:31.550  4560  4571 I art     : Explicit concurrent mark sweep GC freed 28(1024B) AllocSpace objects, 0(0B) LOS objects, 36% free, 27MB/43MB, paused 256us total 26.447ms
08-05 11:49:31.561  4560  4571 I art     : Starting a blocking GC Explicit
08-05 11:49:31.587  4560  4571 I art     : Explicit concurrent mark sweep GC freed 3(96B) AllocSpace objects, 0(0B) LOS objects, 36% free, 27MB/43MB, paused 317us total 25.799ms
08-05 11:49:31.597  4560  4571 I art     : Starting a blocking GC Explicit
08-05 11:49:31.624  4560  4571 I art     : Explicit concurrent mark sweep GC freed 3(96B) AllocSpace objects, 0(0B) LOS objects, 36% free, 27MB/43MB, paused 261us total 26.698ms
08-05 11:49:31.634  4560  4571 I art     : Starting a blocking GC Explicit
08-05 11:49:31.660  4560  4571 I art     : Explicit concurrent mark sweep GC freed 3(96B) AllocSpace objects, 0(0B) LOS objects, 36% free, 27MB/43MB, paused 267us total 26.617ms
08-05 11:49:31.696  4363  4363 I ServiceManager: Waiting for service AtCmdFwd...
08-05 11:49:31.697  5541  5541 D AndroidRuntime: >>>>>> START com.android.internal.os.RuntimeInit uid 2000 <<<<<<
08-05 11:49:31.701  5541  5541 D AndroidRuntime: CheckJNI is OFF
08-05 11:49:31.726  5541  5541 D ICU     : No timezone override file found: /data/misc/zoneinfo/current/icu/icu_tzdata.dat
08-05 11:49:31.751  5541  5541 I Radio-JNI: register_android_hardware_Radio DONE
08-05 11:49:31.768  5541  5541 D AndroidRuntime: Calling main entry com.android.commands.input.Input
08-05 11:49:31.769  5541  5541 I Input   : injectKeyEvent: KeyEvent { action=ACTION_DOWN, keyCode=KEYCODE_BACK, scanCode=0, metaState=0, flags=0x0, repeatCount=0, eventTime=791388182, downTime=791388182, deviceId=-1, source=0x101 }
08-05 11:49:31.776  5541  5541 I Input   : injectKeyEvent: KeyEvent { action=ACTION_UP, keyCode=KEYCODE_BACK, scanCode=0, metaState=0, flags=0x0, repeatCount=0, eventTime=791388182, downTime=791388182, deviceId=-1, source=0x101 }
08-05 11:49:31.782  4560  4560 D NappaLifecycleObserver: nappagreedy.org.quantumbadger.redreader.activities.CommentListingActivity - onPause
08-05 11:49:31.782  5541  5541 D AndroidRuntime: Shutting down VM
08-05 11:49:31.782  4560  4560 D Nappa   : Stayed on nappagreedy.org.quantumbadger.redreader.activities.CommentListingActivity for 4452 ms
08-05 11:49:31.789  4560  4560 D NappaLifecycleObserver: nappagreedy.org.quantumbadger.redreader.activities.PostListingActivity - onResume
08-05 11:49:31.789  4560  4560 D Nappa   : setCurrentActivity - MetricStrategyAccuracy - 
08-05 11:49:31.789  4560  4560 D Nappa   : madePredictionFromActivity = true, 
08-05 11:49:31.789  4560  4560 D Nappa   : fromActivity = nappagreedy.org.quantumbadger.redreader.activities.CommentListingActivity, 
08-05 11:49:31.789  4560  4560 D Nappa   : predictedNextActivityFromActivity = [], 
08-05 11:49:31.789  4560  4560 D Nappa   : activity.getClass().getCanonicalName() = nappagreedy.org.quantumbadger.redreader.activities.PostListingActivity, 
08-05 11:49:31.789  4560  4560 D Nappa   : setCurrentActivity - MetricStrategyAccuracy - 
08-05 11:49:31.789  4560  4560 D Nappa   : madePredictionFromExtra = false, 
08-05 11:49:31.789  4560  4560 D Nappa   : fromActivity = nappagreedy.org.quantumbadger.redreader.activities.CommentListingActivity, 
08-05 11:49:31.789  4560  4560 D Nappa   : predictedNextActivityFromExtra = [], 
08-05 11:49:31.789  4560  4560 D Nappa   : activity.getClass().getCanonicalName() = nappagreedy.org.quantumbadger.redreader.activities.PostListingActivity, 
08-05 11:49:31.789  4560  4560 D Nappa   : PREFETCH_ON_EXTRA - setCurrentActivity - logs - from activity - made prediction istrue
08-05 11:49:31.789  4560  4560 D Nappa   : PREFETCH_ON_EXTRA - setCurrentActivity - logs - from activity - start
08-05 11:49:31.789  4560  4560 I NAPPA_EXPERIMENTATION: MetricStrategyAccuracy: LOG_ID='3',EXECUTION_COUNT='3',CASES_COUNT='3',HIT_PERCENTAGE_TOTAL='33.333333333333336',HIT_PERCENTAGE_WHEN_PREDICTED='100.0',HIT_COUNT='1',MISS_COUNT='0',INSUFFICIENT_SCORE_COUNT='0',EXCEPTION_COUNT='0',NO_SUCCESSOR_COUNT='2',
08-05 11:49:31.789  4560  4560 D Nappa   : PREFETCH_ON_EXTRA - setCurrentActivity - logs - from activity- finished
08-05 11:49:31.883  4560  4869 I art     : Starting a blocking GC Explicit
08-05 11:49:31.889  4560  4560 D Nappa   : registerActivity: (already in) nappagreedy.org.quantumbadger.redreader.activities.PostListingActivity
08-05 11:49:31.890  4560  4560 D ActivityGraph: LARDataCalculatedUpdate nappagreedy.org.quantumbadger.redreader.activities.PostListingActivity Pagerank: 0.25 HITS-Authority: 1.0 HITS-Hub: 1.0 SALSA-Authority: 1.0 SALSA-Hub: 1.0
08-05 11:49:31.890  4560  4560 D Nappa   : SHOULD_PREFETCH false
08-05 11:49:31.890  4560  4560 D Nappa   : STATS Number of requests not prefetched: 5
08-05 11:49:31.890  4560  4560 D Nappa   : STATS Number of requests prefetched: 0
08-05 11:49:31.890  4560  4560 D Nappa   : STATS Time saved until now: 0.0
08-05 11:49:31.911  4560  4869 I art     : Explicit concurrent mark sweep GC freed 1876(117KB) AllocSpace objects, 1(20KB) LOS objects, 36% free, 27MB/43MB, paused 278us total 28.312ms
08-05 11:49:31.913  4560  4560 D ActivityNode: Observer - visit time - CommentListingActivity - New aggregate visit time found is 54623 ms
08-05 11:49:31.915 13866 13866 I GoogleInputMethodServic: GoogleInputMethodService.onFinishInput():3138 
08-05 11:49:31.916 13866 13866 I GoogleInputMethodServic: GoogleInputMethodService.onStartInput():1808 
08-05 11:49:31.922  4560  4869 I art     : Starting a blocking GC Explicit
08-05 11:49:31.947  4560  4869 I art     : Explicit concurrent mark sweep GC freed 298(12KB) AllocSpace objects, 0(0B) LOS objects, 36% free, 27MB/43MB, paused 394us total 25.366ms
08-05 11:49:31.958  4560  4869 I art     : Starting a blocking GC Explicit
08-05 11:49:31.984  4560  4869 I art     : Explicit concurrent mark sweep GC freed 9(336B) AllocSpace objects, 0(0B) LOS objects, 36% free, 27MB/43MB, paused 262us total 25.667ms
08-05 11:49:31.994  4560  4869 I art     : Starting a blocking GC Explicit
08-05 11:49:32.019  4560  4869 I art     : Explicit concurrent mark sweep GC freed 3(96B) AllocSpace objects, 0(0B) LOS objects, 36% free, 27MB/43MB, paused 266us total 24.231ms
08-05 11:49:32.029  4560  4869 I art     : Starting a blocking GC Explicit
08-05 11:49:32.054  4560  4869 I art     : Explicit concurrent mark sweep GC freed 3(96B) AllocSpace objects, 0(0B) LOS objects, 36% free, 27MB/43MB, paused 271us total 25.487ms
08-05 11:49:32.100  4560  5447 I RedditChangeDataIO: Writing tmp data file at '/data/user/0/nappagreedy.org.quantumbadger.redreader/files/rr_change_data_tmp.dat'
08-05 11:49:32.100  4560  5447 I RedditChangeDataManager: Taking snapshot...
08-05 11:49:32.101  4560  5447 I RedditChangeDataManager: Writing to stream...
08-05 11:49:32.101  4560  5447 I RedditChangeDataManager: Wrote 2 entries for user ''
08-05 11:49:32.101  4560  5447 I RedditChangeDataManager: All entries written to stream.
08-05 11:49:32.101  4560  5447 I RedditChangeDataIO: Write successful. Atomically replacing data file...
08-05 11:49:32.101  4560  5447 I RedditChangeDataIO: Write complete.
08-05 11:49:32.101  4560  5447 I RedditChangeDataIO: 62 bytes written in 1 ms
08-05 11:49:32.190  4560  4582 D Nappa   : PREFETCH_ON_EXTRA - setCurrentActivity - logs - from extra - made prediction isfalse
08-05 11:49:32.240  4560  4560 D NappaLifecycleObserver: nappagreedy.org.quantumbadger.redreader.activities.CommentListingActivity - onDestroy
08-05 11:49:32.240   380   380 W SurfaceFlinger: couldn't log to binary event log: overflow.
08-05 11:49:32.240  4560  4560 D NappaLifecycleObserver: -------------F1_SCORE #5 -----------
08-05 11:49:32.240  4560  4560 D NappaLifecycleObserver: F1_SCORE - Intercept list (4)= [https://oauth.reddit.com/r/askscience/about.json, https://oauth.reddit.com/r/askscience/hot/.json, https://oauth.reddit.com/comments/gvc7k9/.json?sort=confidence, https://oauth.reddit.com/comments/hwnhe2/.json?sort=confidence]
08-05 11:49:32.240  4560  4560 D NappaLifecycleObserver: F1_SCORE - Prefetch list (0)= []
08-05 11:49:32.240  4560  4560 D NappaLifecycleObserver: F1_SCORE - TP list (0)= []
08-05 11:49:32.241  4560  4560 D NappaLifecycleObserver: F1_SCORE - FN list (4)= [https://oauth.reddit.com/r/askscience/about.json, https://oauth.reddit.com/r/askscience/hot/.json, https://oauth.reddit.com/comments/gvc7k9/.json?sort=confidence, https://oauth.reddit.com/comments/hwnhe2/.json?sort=confidence]
08-05 11:49:32.241  4560  4560 I NAPPA_EXPERIMENTATION: MetricPrefetchingAccuracy: LOG_ID='6',F1_SCORE_1='0.0',F1_SCORE_2='0.0',TRUE_POSITIVE='0',FALSE_POSITIVE='0',FALSE_NEGATIVE='4',
08-05 11:49:32.310  4560  4571 I art     : Starting a blocking GC Explicit
08-05 11:49:32.341  4560  4571 I art     : Explicit concurrent mark sweep GC freed 1764(112KB) AllocSpace objects, 2(88KB) LOS objects, 36% free, 27MB/43MB, paused 288us total 29.902ms
08-05 11:49:32.351  4560  4571 I art     : Starting a blocking GC Explicit
08-05 11:49:32.377  4560  4571 I art     : Explicit concurrent mark sweep GC freed 3878(311KB) AllocSpace objects, 5(140KB) LOS objects, 37% free, 27MB/43MB, paused 357us total 26.115ms
08-05 11:49:32.387  4560  4571 I art     : Starting a blocking GC Explicit
08-05 11:49:32.414  4560  4571 I art     : Explicit concurrent mark sweep GC freed 3(96B) AllocSpace objects, 0(0B) LOS objects, 37% free, 27MB/43MB, paused 256us total 26.302ms
08-05 11:49:32.424  4560  4571 I art     : Starting a blocking GC Explicit
08-05 11:49:32.451  4560  4571 I art     : Explicit concurrent mark sweep GC freed 32(1568B) AllocSpace objects, 0(0B) LOS objects, 37% free, 27MB/43MB, paused 246us total 26.540ms
08-05 11:49:32.461  4560  4571 I art     : Starting a blocking GC Explicit
08-05 11:49:32.488  4560  4571 I art     : Explicit concurrent mark sweep GC freed 208(34KB) AllocSpace objects, 0(0B) LOS objects, 37% free, 26MB/42MB, paused 234us total 26.349ms
08-05 11:49:32.697  4363  4363 I ServiceManager: Waiting for service AtCmdFwd...
08-05 11:49:32.775  4560  4573 I art     : Starting a blocking GC Explicit
08-05 11:49:32.812  4560  4573 I art     : Explicit concurrent mark sweep GC freed 1613(93KB) AllocSpace objects, 1(20KB) LOS objects, 37% free, 26MB/42MB, paused 278us total 36.635ms
08-05 11:49:32.827  4560  4573 I art     : Starting a blocking GC Explicit
08-05 11:49:32.854  4560  4573 I art     : Explicit concurrent mark sweep GC freed 28(1024B) AllocSpace objects, 0(0B) LOS objects, 37% free, 26MB/42MB, paused 250us total 27.167ms
08-05 11:49:32.866  4560  4573 I art     : Starting a blocking GC Explicit
08-05 11:49:32.893  4560  4573 I art     : Explicit concurrent mark sweep GC freed 3(96B) AllocSpace objects, 0(0B) LOS objects, 37% free, 26MB/42MB, paused 247us total 26.845ms
08-05 11:49:32.903  4560  4573 I art     : Starting a blocking GC Explicit
08-05 11:49:32.930  4560  4573 I art     : Explicit concurrent mark sweep GC freed 3(96B) AllocSpace objects, 0(0B) LOS objects, 37% free, 26MB/42MB, paused 246us total 26.343ms
08-05 11:49:32.940  4560  4573 I art     : Starting a blocking GC Explicit
08-05 11:49:32.967  4560  4573 I art     : Explicit concurrent mark sweep GC freed 3(96B) AllocSpace objects, 0(0B) LOS objects, 37% free, 26MB/42MB, paused 261us total 26.966ms
08-05 11:49:33.226  4560  4666 I art     : Starting a blocking GC Explicit
08-05 11:49:33.254  4560  4666 I art     : Explicit concurrent mark sweep GC freed 1547(91KB) AllocSpace objects, 1(20KB) LOS objects, 37% free, 26MB/42MB, paused 257us total 27.079ms
08-05 11:49:33.264  4560  4666 I art     : Starting a blocking GC Explicit
08-05 11:49:33.290  4560  4666 I art     : Explicit concurrent mark sweep GC freed 28(1024B) AllocSpace objects, 0(0B) LOS objects, 37% free, 26MB/42MB, paused 245us total 26.101ms
08-05 11:49:33.300  4560  4666 I art     : Starting a blocking GC Explicit
08-05 11:49:33.326  4560  4666 I art     : Explicit concurrent mark sweep GC freed 3(96B) AllocSpace objects, 0(0B) LOS objects, 37% free, 26MB/42MB, paused 245us total 25.011ms
08-05 11:49:33.336  4560  4666 I art     : Starting a blocking GC Explicit
08-05 11:49:33.343  5594  5594 D AndroidRuntime: >>>>>> START com.android.internal.os.RuntimeInit uid 2000 <<<<<<
08-05 11:49:33.347  5594  5594 D AndroidRuntime: CheckJNI is OFF
08-05 11:49:33.360  4560  4666 I art     : Explicit concurrent mark sweep GC freed 3(96B) AllocSpace objects, 0(0B) LOS objects, 37% free, 26MB/42MB, paused 242us total 24.461ms
08-05 11:49:33.370  4560  4666 I art     : Starting a blocking GC Explicit
08-05 11:49:33.376  5594  5594 D ICU     : No timezone override file found: /data/misc/zoneinfo/current/icu/icu_tzdata.dat
08-05 11:49:33.393  4560  4666 I art     : Explicit concurrent mark sweep GC freed 3(96B) AllocSpace objects, 0(0B) LOS objects, 37% free, 26MB/42MB, paused 248us total 23.392ms
08-05 11:49:33.400  5594  5594 I Radio-JNI: register_android_hardware_Radio DONE
08-05 11:49:33.416  5594  5594 D AndroidRuntime: Calling main entry com.android.commands.input.Input
08-05 11:49:33.418  5594  5594 I Input   : injectMotionEvent: MotionEvent { action=ACTION_DOWN, actionButton=0, id[0]=0, x[0]=600.0, y[0]=1200.0, toolType[0]=TOOL_TYPE_UNKNOWN, buttonState=0, metaState=0, flags=0x0, edgeFlags=0x0, pointerCount=1, historySize=0, eventTime=791389831, downTime=791389831, deviceId=0, source=0x1002 }
08-05 11:49:33.424  5594  5594 I Input   : injectMotionEvent: MotionEvent { action=ACTION_UP, actionButton=0, id[0]=0, x[0]=600.0, y[0]=1200.0, toolType[0]=TOOL_TYPE_UNKNOWN, buttonState=0, metaState=0, flags=0x0, edgeFlags=0x0, pointerCount=1, historySize=0, eventTime=791389831, downTime=791389831, deviceId=0, source=0x1002 }
08-05 11:49:33.427  5594  5594 D AndroidRuntime: Shutting down VM
08-05 11:49:33.443   512  2967 D audio_hw_primary: out_set_parameters: enter: usecase(1: low-latency-playback) kvpairs: routing=2
08-05 11:49:33.446  4560  4560 D NappaIntentExtras: ==================
08-05 11:49:33.446  4560  4560 D NappaIntentExtras: Log #5
08-05 11:49:33.446  4560  4560 D NappaIntentExtras: ------------------
08-05 11:49:33.446  4560  4560 D NappaIntentExtras: activity nappagreedy.org.quantumbadger.redreader.activities.ImageViewActivity
08-05 11:49:33.446  4560  4560 D NappaIntentExtras: 	- No extras registered
08-05 11:49:33.446  4560  4560 D NappaIntentExtras: activity nappagreedy.org.quantumbadger.redreader.activities.WebViewActivity
08-05 11:49:33.446  4560  4560 D NappaIntentExtras: 	- No extras registered
08-05 11:49:33.446  4560  4560 D NappaIntentExtras: activity nappagreedy.org.quantumbadger.redreader.activities.PostListingActivity
08-05 11:49:33.446  4560  4560 D NappaIntentExtras: 	- No extras registered
08-05 11:49:33.446  4560  4560 D NappaIntentExtras: activity nappagreedy.org.quantumbadger.redreader.activities.CommentListingActivity
08-05 11:49:33.446  4560  4560 D NappaIntentExtras: 	- No extras registered
08-05 11:49:33.446  4560  4560 D NappaIntentExtras: activity nappagreedy.org.quantumbadger.redreader.activities.MainActivity
08-05 11:49:33.446  4560  4560 D NappaIntentExtras: 	- No extras registered
08-05 11:49:33.446  4560  4560 D NappaIntentExtras: ==================
08-05 11:49:33.447   918  5132 I ActivityManager: START u0 {dat=https://oauth.reddit.com/... cmp=nappagreedy.org.quantumbadger.redreader/.activities.CommentListingActivity} from uid 10694 on display 0
08-05 11:49:33.455  4560  4560 D NappaLifecycleObserver: nappagreedy.org.quantumbadger.redreader.activities.PostListingActivity - onPause
08-05 11:49:33.455  4560  4560 D Nappa   : Stayed on nappagreedy.org.quantumbadger.redreader.activities.PostListingActivity for 1565 ms
08-05 11:49:33.456   512  2967 D audio_hw_primary: select_devices: out_snd_device(2: speaker) in_snd_device(0: none)
08-05 11:49:33.456   512  2967 D msm8974_platform: platform_send_audio_calibration: sending audio calibration for snd_device(2) acdb_id(15)
08-05 11:49:33.456   512  2967 I soundtrigger: audio_extn_sound_trigger_update_device_status: device 0x2 of type 0 for Event 1
08-05 11:49:33.466  4560  4560 I AppCompatViewInflater: app:theme is now deprecated. Please move to using android:theme instead.
08-05 11:49:33.468   512  2967 D audio_hw_primary: enable_snd_device: snd_device(2: speaker)
08-05 11:49:33.470   512  2967 D audio_hw_primary: enable_audio_route: apply and update mixer path: low-latency-playback speaker
08-05 11:49:33.478  4560  4560 D NappaLifecycleObserver: nappagreedy.org.quantumbadger.redreader.activities.CommentListingActivity - onResume
08-05 11:49:33.478  4560  4560 D Nappa   : setCurrentActivity - MetricStrategyAccuracy - 
08-05 11:49:33.478  4560  4560 D Nappa   : madePredictionFromActivity = false, 
08-05 11:49:33.478  4560  4560 D Nappa   : fromActivity = nappagreedy.org.quantumbadger.redreader.activities.PostListingActivity, 
08-05 11:49:33.478  4560  4560 D Nappa   : predictedNextActivityFromActivity = [], 
08-05 11:49:33.478  4560  4560 D Nappa   : activity.getClass().getCanonicalName() = nappagreedy.org.quantumbadger.redreader.activities.CommentListingActivity, 
08-05 11:49:33.478  4560  4560 D Nappa   : setCurrentActivity - MetricStrategyAccuracy - 
08-05 11:49:33.478  4560  4560 D Nappa   : madePredictionFromExtra = false, 
08-05 11:49:33.478  4560  4560 D Nappa   : fromActivity = nappagreedy.org.quantumbadger.redreader.activities.PostListingActivity, 
08-05 11:49:33.478  4560  4560 D Nappa   : predictedNextActivityFromExtra = [], 
08-05 11:49:33.478  4560  4560 D Nappa   : activity.getClass().getCanonicalName() = nappagreedy.org.quantumbadger.redreader.activities.CommentListingActivity, 
08-05 11:49:33.478  4560  4560 D Nappa   : PREFETCH_ON_EXTRA - setCurrentActivity - logs - from activity - made prediction isfalse
08-05 11:49:33.479  4560  5620 D OK      : calling: https://oauth.reddit.com/comments/hza888/.json?sort=confidence
08-05 11:49:33.479  4560  5620 D CustomInterceptor: NETWORK-PROVIDER https://oauth.reddit.com/comments/hza888/.json?sort=confidence
08-05 11:49:33.480  4560  5620 D Nappa   : F1_SCORE add_intercept_url - (new) - https://oauth.reddit.com/comments/hza888/.json?sort=confidence
08-05 11:49:33.480  4560  5620 D Nappa   : F1_SCORE add_fn_url - (new) - https://oauth.reddit.com/comments/hza888/.json?sort=confidence
08-05 11:49:33.480  4560  5620 D Nappa   : -------------F1_SCORE #6 -----------
08-05 11:49:33.480  4560  5620 D Nappa   : F1_SCORE - Intercept list (5)= [https://oauth.reddit.com/r/askscience/about.json, https://oauth.reddit.com/r/askscience/hot/.json, https://oauth.reddit.com/comments/gvc7k9/.json?sort=confidence, https://oauth.reddit.com/comments/hwnhe2/.json?sort=confidence, https://oauth.reddit.com/comments/hza888/.json?sort=confidence]
08-05 11:49:33.480  4560  5620 D Nappa   : F1_SCORE - Prefetch list (0)= []
08-05 11:49:33.480  4560  5620 D Nappa   : F1_SCORE - TP list (0)= []
08-05 11:49:33.480  4560  5620 D Nappa   : F1_SCORE - FN list (5)= [https://oauth.reddit.com/r/askscience/about.json, https://oauth.reddit.com/r/askscience/hot/.json, https://oauth.reddit.com/comments/gvc7k9/.json?sort=confidence, https://oauth.reddit.com/comments/hwnhe2/.json?sort=confidence, https://oauth.reddit.com/comments/hza888/.json?sort=confidence]
08-05 11:49:33.480  4560  5620 I NAPPA_EXPERIMENTATION: MetricPrefetchingAccuracy: LOG_ID='7',F1_SCORE_1='0.0',F1_SCORE_2='0.0',TRUE_POSITIVE='0',FALSE_POSITIVE='0',FALSE_NEGATIVE='5',
08-05 11:49:33.480  4560  5620 D CustomInterceptor: HEADER REQUEST
08-05 11:49:33.480  4560  5620 D CustomInterceptor: Authorization bearer -vv7wE75CCVZuUmgJJFxR34x-bqc
08-05 11:49:33.480  4560  5620 D CustomInterceptor: Cache-Control max-age=300, max-stale=300
08-05 11:49:33.480  4560  5620 D CustomInterceptor: User-Agent nappagreedy.org.quantumbadger.redreader/1.9.10
08-05 11:49:33.480  4560  5620 D CustomInterceptor: CACHED STATS: size = '4', maxSize = '100', hitCount = '4', createCount = '0', putCount = '4', evictionCount = '0', missCount = '5', toString = 'LruCache[maxSize=100,hits=4,misses=5,hitRate=44%]', 
08-05 11:49:33.480  4560  5620 D CustomInterceptor: PREFLIB NOT A GET REQUEST OR NOT IN CACHEGET
08-05 11:49:33.578  4560  4560 D Nappa   : registerActivity: (already in) nappagreedy.org.quantumbadger.redreader.activities.CommentListingActivity
08-05 11:49:33.579  4560  4560 D ActivityNode: ACTNODE UPDATING AFTER LOADING FROM DB
08-05 11:49:33.579  4560  4560 D ActivityGraph: LARDataCalculatedUpdate nappagreedy.org.quantumbadger.redreader.activities.CommentListingActivity Pagerank: 0.25 HITS-Authority: 1.0 HITS-Hub: 1.0 SALSA-Authority: 1.0 SALSA-Hub: 1.0
08-05 11:49:33.579  4560  4560 D Nappa   : SHOULD_PREFETCH true
08-05 11:49:33.580  4560  4582 D Nappa   : registerActivity: (already in) nappagreedy.org.quantumbadger.redreader.activities.CommentListingActivity
08-05 11:49:33.580  4560  4582 D Nappa   : PARENTS 
