08-05 14:34:10.534 27908 27920 I art     : Explicit concurrent mark sweep GC freed 183(3KB) AllocSpace objects, 0(0B) LOS objects, 28% free, 39MB/55MB, paused 598us total 28.830ms
08-05 14:34:10.547 27908 27920 I art     : Starting a blocking GC Explicit
08-05 14:34:10.575 27908 27920 I art     : Explicit concurrent mark sweep GC freed 147(2496B) AllocSpace objects, 0(0B) LOS objects, 28% free, 39MB/55MB, paused 604us total 28.348ms
08-05 14:34:10.588 27908 27920 I art     : Starting a blocking GC Explicit
08-05 14:34:10.617 27908 27920 I art     : Explicit concurrent mark sweep GC freed 100(1728B) AllocSpace objects, 0(0B) LOS objects, 28% free, 39MB/55MB, paused 659us total 28.730ms
08-05 14:34:10.629 27908 27920 I art     : Starting a blocking GC Explicit
08-05 14:34:10.658 27908 27920 I art     : Explicit concurrent mark sweep GC freed 127(2144B) AllocSpace objects, 0(0B) LOS objects, 28% free, 39MB/55MB, paused 688us total 28.332ms
08-05 14:34:10.981 27908 27969 I art     : Starting a blocking GC Explicit
08-05 14:34:11.010 27908 27969 I art     : Explicit concurrent mark sweep GC freed 2657(111KB) AllocSpace objects, 2(40KB) LOS objects, 28% free, 39MB/55MB, paused 605us total 28.544ms
08-05 14:34:11.023 27908 27969 I art     : Starting a blocking GC Explicit
08-05 14:34:11.052 27908 27969 I art     : Explicit concurrent mark sweep GC freed 126(2704B) AllocSpace objects, 0(0B) LOS objects, 28% free, 39MB/55MB, paused 596us total 28.337ms
08-05 14:34:11.064 27908 27969 I art     : Starting a blocking GC Explicit
08-05 14:34:11.092 27908 27969 I art     : Explicit concurrent mark sweep GC freed 130(2208B) AllocSpace objects, 0(0B) LOS objects, 28% free, 39MB/55MB, paused 679us total 27.646ms
08-05 14:34:11.104 27908 27969 I art     : Starting a blocking GC Explicit
08-05 14:34:11.132 27908 27969 I art     : Explicit concurrent mark sweep GC freed 117(2016B) AllocSpace objects, 0(0B) LOS objects, 28% free, 39MB/55MB, paused 573us total 28.160ms
08-05 14:34:11.145 27908 27969 I art     : Starting a blocking GC Explicit
08-05 14:34:11.174 27908 27969 I art     : Explicit concurrent mark sweep GC freed 99(1696B) AllocSpace objects, 0(0B) LOS objects, 28% free, 39MB/55MB, paused 602us total 28.511ms
08-05 14:34:11.282 28831 28831 D AndroidRuntime: >>>>>> START com.android.internal.os.RuntimeInit uid 2000 <<<<<<
08-05 14:34:11.288 28831 28831 D AndroidRuntime: CheckJNI is OFF
08-05 14:34:11.301 24817 24817 I ServiceManager: Waiting for service AtCmdFwd...
08-05 14:34:11.322 28831 28831 D ICU     : No timezone override file found: /data/misc/zoneinfo/current/icu/icu_tzdata.dat
08-05 14:34:11.354 28831 28831 I Radio-JNI: register_android_hardware_Radio DONE
08-05 14:34:11.374 28831 28831 D AndroidRuntime: Calling main entry com.android.commands.input.Input
08-05 14:34:11.376 28831 28831 I Input   : injectKeyEvent: KeyEvent { action=ACTION_DOWN, keyCode=KEYCODE_BACK, scanCode=0, metaState=0, flags=0x0, repeatCount=0, eventTime=801267789, downTime=801267789, deviceId=-1, source=0x101 }
08-05 14:34:11.380 28831 28831 I Input   : injectKeyEvent: KeyEvent { action=ACTION_UP, keyCode=KEYCODE_BACK, scanCode=0, metaState=0, flags=0x0, repeatCount=0, eventTime=801267789, downTime=801267789, deviceId=-1, source=0x101 }
08-05 14:34:11.386 27908 27908 D NappaLifecycleObserver: nappagreedy.io.github.project_travel_mate.destinations.description.FinalCityInfoActivity - onPause
08-05 14:34:11.386 27908 27908 D Nappa   : Stayed on nappagreedy.io.github.project_travel_mate.destinations.description.FinalCityInfoActivity for 1655 ms
08-05 14:34:11.386 28831 28831 D AndroidRuntime: Shutting down VM
08-05 14:34:11.392 27908 27908 D NappaLifecycleObserver: nappagreedy.io.github.project_travel_mate.MainActivity - onResume
08-05 14:34:11.392 27908 27908 D Nappa   : setCurrentActivity - MetricStrategyAccuracy - 
08-05 14:34:11.392 27908 27908 D Nappa   : madePredictionFromActivity = false, 
08-05 14:34:11.392 27908 27908 D Nappa   : fromActivity = nappagreedy.io.github.project_travel_mate.destinations.description.FinalCityInfoActivity, 
08-05 14:34:11.392 27908 27908 D Nappa   : predictedNextActivityFromActivity = [], 
08-05 14:34:11.392 27908 27908 D Nappa   : activity.getClass().getCanonicalName() = nappagreedy.io.github.project_travel_mate.MainActivity, 
08-05 14:34:11.393 27908 27908 D Nappa   : setCurrentActivity - MetricStrategyAccuracy - 
08-05 14:34:11.393 27908 27908 D Nappa   : madePredictionFromExtra = false, 
08-05 14:34:11.393 27908 27908 D Nappa   : fromActivity = nappagreedy.io.github.project_travel_mate.destinations.description.FinalCityInfoActivity, 
08-05 14:34:11.393 27908 27908 D Nappa   : predictedNextActivityFromExtra = [], 
08-05 14:34:11.393 27908 27908 D Nappa   : activity.getClass().getCanonicalName() = nappagreedy.io.github.project_travel_mate.MainActivity, 
08-05 14:34:11.393 27908 27908 D Nappa   : PREFETCH_ON_EXTRA - setCurrentActivity - logs - from activity - made prediction isfalse
08-05 14:34:11.493 27908 27908 D Nappa   : registerActivity: (already in) nappagreedy.io.github.project_travel_mate.MainActivity
08-05 14:34:11.493 27908 27908 D ActivityGraph: LARDataCalculatedUpdate nappagreedy.io.github.project_travel_mate.MainActivity Pagerank: 0.25 HITS-Authority: 1.0 HITS-Hub: 1.0 SALSA-Authority: 1.0 SALSA-Hub: 1.0
08-05 14:34:11.493 27908 27908 D Nappa   : SHOULD_PREFETCH false
08-05 14:34:11.493 27908 27908 D Nappa   : STATS Number of requests not prefetched: 8
08-05 14:34:11.493 27908 27908 D Nappa   : STATS Number of requests prefetched: 3
08-05 14:34:11.493 27908 27908 D Nappa   : STATS Time saved until now: 0.11400001
08-05 14:34:11.498 27908 27908 V MainActivity: url = https://project-travel-mate.herokuapp.com/api/number-of-unread-notifications
08-05 14:34:11.498 27908 27908 D Nappa   : TAG okHttpClient initialized
08-05 14:34:11.502 27908 28858 D CustomInterceptor: NETWORK-PROVIDER https://project-travel-mate.herokuapp.com/api/number-of-unread-notifications
08-05 14:34:11.502 27908 28858 D Nappa   : F1_SCORE add_intercept_url - (already in) - https://project-travel-mate.herokuapp.com/api/number-of-unread-notifications
08-05 14:34:11.502 27908 28858 D Nappa   : F1_SCORE add_fn_url - (already in) - https://project-travel-mate.herokuapp.com/api/number-of-unread-notifications
08-05 14:34:11.502 27908 28858 D Nappa   : -------------F1_SCORE #16 -----------
08-05 14:34:11.502 27908 28858 D Nappa   : F1_SCORE - Intercept list (8)= [https://project-travel-mate.herokuapp.com/api/get-user, https://project-travel-mate.herokuapp.com/api/get-all-cities/10, https://project-travel-mate.herokuapp.com/api/number-of-unread-notifications, https://project-travel-mate.herokuapp.com/api/get-city-weather/1, https://project-travel-mate.herokuapp.com/api/get-city/1, https://project-travel-mate.herokuapp.com/api/get-city-information/1, https://project-travel-mate.herokuapp.com/api/get-city-facts/1, https://project-travel-mate.herokuapp.com/api/get-city-images/1]
08-05 14:34:11.502 27908 28858 D Nappa   : F1_SCORE - Prefetch list (0)= []
08-05 14:34:11.502 27908 28858 D Nappa   : F1_SCORE - TP list (0)= []
08-05 14:34:11.502 27908 28858 D Nappa   : F1_SCORE - FN list (8)= [https://project-travel-mate.herokuapp.com/api/get-user, https://project-travel-mate.herokuapp.com/api/get-all-cities/10, https://project-travel-mate.herokuapp.com/api/number-of-unread-notifications, https://project-travel-mate.herokuapp.com/api/get-city-weather/1, https://project-travel-mate.herokuapp.com/api/get-city/1, https://project-travel-mate.herokuapp.com/api/get-city-information/1, https://project-travel-mate.herokuapp.com/api/get-city-facts/1, https://project-travel-mate.herokuapp.com/api/get-city-images/1]
08-05 14:34:11.502 27908 28858 I NAPPA_EXPERIMENTATION: MetricPrefetchingAccuracy: LOG_ID='17',F1_SCORE_1='0.0',F1_SCORE_2='0.0',TRUE_POSITIVE='0',FALSE_POSITIVE='0',FALSE_NEGATIVE='8',
08-05 14:34:11.503 27908 28858 D CustomInterceptor: HEADER REQUEST
08-05 14:34:11.503 27908 28858 D CustomInterceptor: Authorization Token e817cf733b7893037942a7dc5507f3c5a98408e6
08-05 14:34:11.503 27908 28858 D CustomInterceptor: Cache-Control max-age=300, max-stale=300
08-05 14:34:11.503 27908 28858 D CustomInterceptor: CACHED STATS: size = '8', maxSize = '100', hitCount = '11', createCount = '0', putCount = '8', evictionCount = '0', missCount = '8', toString = 'LruCache[maxSize=100,hits=11,misses=8,hitRate=57%]', 
08-05 14:34:11.503 27908 28858 D CustomInterceptor: PREFLIB GET REQUEST https://project-travel-mate.herokuapp.com/api/number-of-unread-notifications
08-05 14:34:11.503 27908 28858 D CustomInterceptor: PREFLIB found https://project-travel-mate.herokuapp.com/api/number-of-unread-notifications, sending it back
08-05 14:34:11.503 27908 28858 D CustomInterceptor: CONTENT {"number_of_unread_notifications":0}
08-05 14:34:11.503 27908 28858 D CustomInterceptor: interceptor_finished : return_type #2 : request served from cache
08-05 14:34:11.503 27908 28858 I NAPPA_EXPERIMENTATION: MetricNetworkRequestExecutionTime: REQUEST_DURATION_SYSTEM='4',REQUEST_DURATION_OKHTTP='0',REQUEST_SYNCHRONOUS='FALSE',RESPONSE_CODE='200',RESPONSE_METHOD='GET',RESPONSE_LENGTH_OKHTTP='36',RESPONSE_LENGTH_HEADER='-2',REQUEST_PROTOCOL='http/1.1',REQUEST_URL='https://project-travel-mate.herokuapp.com/api/number-of-unread-notifications',
08-05 14:34:11.507 27908 27969 I art     : Starting a blocking GC Explicit
08-05 14:34:11.539 27908 27969 I art     : Explicit concurrent mark sweep GC freed 3336(189KB) AllocSpace objects, 2(40KB) LOS objects, 28% free, 39MB/55MB, paused 1.109ms total 32.213ms
08-05 14:34:11.552 27908 27969 I art     : Starting a blocking GC Explicit
08-05 14:34:11.557 13866 13866 I GoogleInputMethodServic: GoogleInputMethodService.onFinishInput():3138 
08-05 14:34:11.557 27908 27908 D ActivityNode: Observer - visit time - FinalCityInfoActivity - New aggregate visit time found is 78973 ms
08-05 14:34:11.558 13866 13866 I GoogleInputMethodServic: GoogleInputMethodService.onStartInput():1808 
08-05 14:34:11.580 27908 27969 I art     : Explicit concurrent mark sweep GC freed 381(13KB) AllocSpace objects, 0(0B) LOS objects, 28% free, 39MB/55MB, paused 782us total 28.328ms
08-05 14:34:11.593 27908 27969 I art     : Starting a blocking GC Explicit
08-05 14:34:11.602 27908 27925 D Nappa   : registerActivity: (already in) nappagreedy.io.github.project_travel_mate.MainActivity
08-05 14:34:11.602 27908 27925 D Nappa   : PARENTS 
08-05 14:34:11.602 27908 27925 D Nappa   : Of: nappagreedy.io.github.project_travel_mate.MainActivity -> 
08-05 14:34:11.602 27908 27925 D Nappa   : PARENTS nappagreedy.io.github.project_travel_mate.SplashActivity
08-05 14:34:11.618 27908 27969 I art     : Explicit concurrent mark sweep GC freed 338(11KB) AllocSpace objects, 0(0B) LOS objects, 28% free, 39MB/55MB, paused 538us total 24.978ms
08-05 14:34:11.630 27908 27969 I art     : Starting a blocking GC Explicit
08-05 14:34:11.655 27908 27969 I art     : Explicit concurrent mark sweep GC freed 113(2496B) AllocSpace objects, 0(0B) LOS objects, 28% free, 39MB/55MB, paused 559us total 24.483ms
08-05 14:34:11.666 27908 27969 I art     : Starting a blocking GC Explicit
08-05 14:34:11.693 27908 27969 I art     : Explicit concurrent mark sweep GC freed 146(2464B) AllocSpace objects, 0(0B) LOS objects, 28% free, 39MB/55MB, paused 560us total 26.521ms
08-05 14:34:11.793 27908 27925 D Nappa   : PREFETCH_ON_EXTRA - setCurrentActivity - logs - from extra - made prediction isfalse
08-05 14:34:11.824   380   380 W SurfaceFlinger: couldn't log to binary event log: overflow.
08-05 14:34:11.826 27908 27908 D NappaLifecycleObserver: nappagreedy.io.github.project_travel_mate.destinations.description.FinalCityInfoActivity - onDestroy
08-05 14:34:11.826 27908 27908 D NappaLifecycleObserver: -------------F1_SCORE #17 -----------
08-05 14:34:11.826 27908 27908 D NappaLifecycleObserver: F1_SCORE - Intercept list (8)= [https://project-travel-mate.herokuapp.com/api/get-user, https://project-travel-mate.herokuapp.com/api/get-all-cities/10, https://project-travel-mate.herokuapp.com/api/number-of-unread-notifications, https://project-travel-mate.herokuapp.com/api/get-city-weather/1, https://project-travel-mate.herokuapp.com/api/get-city/1, https://project-travel-mate.herokuapp.com/api/get-city-information/1, https://project-travel-mate.herokuapp.com/api/get-city-facts/1, https://project-travel-mate.herokuapp.com/api/get-city-images/1]
08-05 14:34:11.826 27908 27908 D NappaLifecycleObserver: F1_SCORE - Prefetch list (0)= []
08-05 14:34:11.826 27908 27908 D NappaLifecycleObserver: F1_SCORE - TP list (0)= []
08-05 14:34:11.826 27908 27908 D NappaLifecycleObserver: F1_SCORE - FN list (8)= [https://project-travel-mate.herokuapp.com/api/get-user, https://project-travel-mate.herokuapp.com/api/get-all-cities/10, https://project-travel-mate.herokuapp.com/api/number-of-unread-notifications, https://project-travel-mate.herokuapp.com/api/get-city-weather/1, https://project-travel-mate.herokuapp.com/api/get-city/1, https://project-travel-mate.herokuapp.com/api/get-city-information/1, https://project-travel-mate.herokuapp.com/api/get-city-facts/1, https://project-travel-mate.herokuapp.com/api/get-city-images/1]
08-05 14:34:11.827 27908 27908 I NAPPA_EXPERIMENTATION: MetricPrefetchingAccuracy: LOG_ID='18',F1_SCORE_1='0.0',F1_SCORE_2='0.0',TRUE_POSITIVE='0',FALSE_POSITIVE='0',FALSE_NEGATIVE='8',
08-05 14:34:12.033 27908 28422 I art     : Starting a blocking GC Explicit
08-05 14:34:12.066 27908 28422 I art     : Explicit concurrent mark sweep GC freed 2507(138KB) AllocSpace objects, 2(40KB) LOS objects, 28% free, 39MB/55MB, paused 617us total 32.118ms
08-05 14:34:12.081 27908 28422 I art     : Starting a blocking GC Explicit
08-05 14:34:12.110 27908 28422 I art     : Explicit concurrent mark sweep GC freed 231(9KB) AllocSpace objects, 0(0B) LOS objects, 28% free, 39MB/55MB, paused 789us total 28.633ms
08-05 14:34:12.122 27908 28422 I art     : Starting a blocking GC Explicit
08-05 14:34:12.151 27908 28422 I art     : Explicit concurrent mark sweep GC freed 58(1024B) AllocSpace objects, 0(0B) LOS objects, 28% free, 39MB/55MB, paused 613us total 29.120ms
08-05 14:34:12.163 27908 28422 I art     : Starting a blocking GC Explicit
08-05 14:34:12.194 27908 28422 I art     : Explicit concurrent mark sweep GC freed 73(1248B) AllocSpace objects, 0(0B) LOS objects, 28% free, 39MB/55MB, paused 646us total 29.892ms
08-05 14:34:12.206 27908 28422 I art     : Starting a blocking GC Explicit
08-05 14:34:12.236 27908 28422 I art     : Explicit concurrent mark sweep GC freed 53(944B) AllocSpace objects, 0(0B) LOS objects, 28% free, 39MB/55MB, paused 613us total 29.026ms
08-05 14:34:12.302 24817 24817 I ServiceManager: Waiting for service AtCmdFwd...
08-05 14:34:12.571 27908 27921 I art     : Starting a blocking GC Explicit
08-05 14:34:12.603 27908 27921 I art     : Explicit concurrent mark sweep GC freed 2166(109KB) AllocSpace objects, 2(40KB) LOS objects, 28% free, 39MB/55MB, paused 629us total 32.205ms
08-05 14:34:12.617 27908 27921 I art     : Starting a blocking GC Explicit
08-05 14:34:12.644 27908 27921 I art     : Explicit concurrent mark sweep GC freed 101(2272B) AllocSpace objects, 0(0B) LOS objects, 28% free, 39MB/55MB, paused 630us total 26.369ms
08-05 14:34:12.655 27908 27921 I art     : Starting a blocking GC Explicit
08-05 14:34:12.683 27908 27921 I art     : Explicit concurrent mark sweep GC freed 52(928B) AllocSpace objects, 0(0B) LOS objects, 28% free, 39MB/55MB, paused 627us total 27.554ms
08-05 14:34:12.695 27908 27921 I art     : Starting a blocking GC Explicit
08-05 14:34:12.723 27908 27921 I art     : Explicit concurrent mark sweep GC freed 51(896B) AllocSpace objects, 0(0B) LOS objects, 28% free, 39MB/55MB, paused 630us total 27.535ms
08-05 14:34:12.735 27908 27921 I art     : Starting a blocking GC Explicit
08-05 14:34:12.763 27908 27921 I art     : Explicit concurrent mark sweep GC freed 75(1296B) AllocSpace objects, 0(0B) LOS objects, 28% free, 39MB/55MB, paused 626us total 27.577ms
08-05 14:34:13.022 28879 28879 D AndroidRuntime: >>>>>> START com.android.internal.os.RuntimeInit uid 2000 <<<<<<
08-05 14:34:13.027 28879 28879 D AndroidRuntime: CheckJNI is OFF
08-05 14:34:13.061 28879 28879 D ICU     : No timezone override file found: /data/misc/zoneinfo/current/icu/icu_tzdata.dat
08-05 14:34:13.074 27908 27920 I art     : Starting a blocking GC Explicit
08-05 14:34:13.095 28879 28879 I Radio-JNI: register_android_hardware_Radio DONE
08-05 14:34:13.105 27908 27920 I art     : Explicit concurrent mark sweep GC freed 2111(103KB) AllocSpace objects, 2(40KB) LOS objects, 28% free, 39MB/55MB, paused 714us total 30.348ms
08-05 14:34:13.118 28879 28879 D AndroidRuntime: Calling main entry com.android.commands.input.Input
08-05 14:34:13.120 28879 28879 I Input   : injectMotionEvent: MotionEvent { action=ACTION_DOWN, actionButton=0, id[0]=0, x[0]=346.0, y[0]=709.0, toolType[0]=TOOL_TYPE_UNKNOWN, buttonState=0, metaState=0, flags=0x0, edgeFlags=0x0, pointerCount=1, historySize=0, eventTime=801269532, downTime=801269532, deviceId=0, source=0x1002 }
08-05 14:34:13.121 27908 27920 I art     : Starting a blocking GC Explicit
08-05 14:34:13.126 28879 28879 I Input   : injectMotionEvent: MotionEvent { action=ACTION_UP, actionButton=0, id[0]=0, x[0]=346.0, y[0]=709.0, toolType[0]=TOOL_TYPE_UNKNOWN, buttonState=0, metaState=0, flags=0x0, edgeFlags=0x0, pointerCount=1, historySize=0, eventTime=801269532, downTime=801269532, deviceId=0, source=0x1002 }
08-05 14:34:13.134 27908 27925 D Nappa   : PREFETCH_ON_EXTRA - notifyExtras- start
08-05 14:34:13.135 27908 27925 I NAPPA_EXPERIMENTATION: MetricNappaPrefetchingStrategyExecutionTime: STRATEGY_CLASS='GreedyPrefetchingStrategyOnVisitFrequencyAndTime',DURATION='498645',NUMBER_OF_URLS='0',NUMBER_OF_SELECTED_CHILDREN_NODES='1',NUMBER_OF_CHILDREN_NODES='5',STRATEGY_RUN_SUCCESSFULLY='True',
08-05 14:34:13.135 27908 27925 D GreedyPrefetchingStrategyOnVisitFrequencyAndTime: ==================================
08-05 14:34:13.135 27908 27925 D GreedyPrefetchingStrategyOnVisitFrequencyAndTime: Starting Run #10
08-05 14:34:13.135 27908 27925 D GreedyPrefetchingStrategyOnVisitFrequencyAndTime: ----------------------------------
08-05 14:34:13.135 27908 27925 D GreedyPrefetchingStrategyOnVisitFrequencyAndTime: Node data MainActivity 
08-05 14:34:13.135 27908 27925 D GreedyPrefetchingStrategyOnVisitFrequencyAndTime: 	Successors:
08-05 14:34:13.135 27908 27925 D GreedyPrefetchingStrategyOnVisitFrequencyAndTime: 		FinalCityInfoActivity (1 hits)
08-05 14:34:13.135 27908 27925 D GreedyPrefetchingStrategyOnVisitFrequencyAndTime: 		CompassActivity (0 hits)
08-05 14:34:13.135 27908 27925 D GreedyPrefetchingStrategyOnVisitFrequencyAndTime: 		UpcomingWeekendsActivity (0 hits)
08-05 14:34:13.135 27908 27925 D GreedyPrefetchingStrategyOnVisitFrequencyAndTime: 		ChecklistActivity (0 hits)
08-05 14:34:13.135 27908 27925 D GreedyPrefetchingStrategyOnVisitFrequencyAndTime: 		NotificationsActivity (0 hits)
08-05 14:34:13.135 27908 27925 D GreedyPrefetchingStrategyOnVisitFrequencyAndTime: 	Ancestors:
08-05 14:34:13.135 27908 27925 D GreedyPrefetchingStrategyOnVisitFrequencyAndTime: 		SplashActivity (0 hits)
08-05 14:34:13.135 27908 27925 D GreedyPrefetchingStrategyOnVisitFrequencyAndTime: 
08-05 14:34:13.135 27908 27925 D GreedyPrefetchingStrategyOnVisitFrequencyAndTime: MetricStrategyAccuracy inc execution count10 | act = false; extra = true
08-05 14:34:13.135 27908 27925 D GreedyPrefetchingStrategyOnVisitFrequencyAndTime: ------------- Recursion #1 -----------
08-05 14:34:13.135 27908 27925 D GreedyPrefetchingStrategyOnVisitFrequencyAndTime: Best successors so far []
08-05 14:34:13.135 27908 27925 D GreedyPrefetchingStrategyOnVisitFrequencyAndTime: Checking node MainActivity with 5 successors
08-05 14:34:13.135 27908 27925 D GreedyPrefetchingStrategyOnVisitFrequencyAndTime: Check successor FinalCityInfoActivity
08-05 14:34:13.135 27908 27925 D GreedyPrefetchingStrategyOnVisitFrequencyAndTime: Data:
08-05 14:34:13.135 27908 27925 D GreedyPrefetchingStrategyOnVisitFrequencyAndTime: 	- Successor time = 78973.0
08-05 14:34:13.135 27908 27925 D GreedyPrefetchingStrategyOnVisitFrequencyAndTime: 	- Successor frequency = 9
08-05 14:34:13.135 27908 27925 D GreedyPrefetchingStrategyOnVisitFrequencyAndTime: 	- Aggregated time = 243819.0
08-05 14:34:13.135 27908 27925 D GreedyPrefetchingStrategyOnVisitFrequencyAndTime: 	- Aggregated frequency = 49
08-05 14:34:13.135 27908 27925 D GreedyPrefetchingStrategyOnVisitFrequencyAndTime: Calculated scores:
08-05 14:34:13.135 27908 27925 D GreedyPrefetchingStrategyOnVisitFrequencyAndTime: 	- Parent score = 1.0
08-05 14:34:13.135 27908 27925 D GreedyPrefetchingStrategyOnVisitFrequencyAndTime: 	- Successor time score = 0.16195005
08-05 14:34:13.135 27908 27925 D GreedyPrefetchingStrategyOnVisitFrequencyAndTime: 	- Successor frequency score = 0.091836736
08-05 14:34:13.135 27908 27925 D GreedyPrefetchingStrategyOnVisitFrequencyAndTime: 	- Successor final score = 0.2537868
08-05 14:34:13.135 27908 27925 D GreedyPrefetchingStrategyOnVisitFrequencyAndTime: Switch best successor
08-05 14:34:13.136 27908 27925 D GreedyPrefetchingStrategyOnVisitFrequencyAndTime: Check successor CompassActivity
08-05 14:34:13.136 27908 27925 D GreedyPrefetchingStrategyOnVisitFrequencyAndTime: Data:
08-05 14:34:13.136 27908 27925 D GreedyPrefetchingStrategyOnVisitFrequencyAndTime: 	- Successor time = 18571.0
08-05 14:34:13.136 27908 27925 D GreedyPrefetchingStrategyOnVisitFrequencyAndTime: 	- Successor frequency = 8
08-05 14:34:13.136 27908 27925 D GreedyPrefetchingStrategyOnVisitFrequencyAndTime: 	- Aggregated time = 243819.0
08-05 14:34:13.136 27908 27925 D GreedyPrefetchingStrategyOnVisitFrequencyAndTime: 	- Aggregated frequency = 49
08-05 14:34:13.136 27908 27925 D GreedyPrefetchingStrategyOnVisitFrequencyAndTime: Calculated scores:
08-05 14:34:13.136 27908 27925 D GreedyPrefetchingStrategyOnVisitFrequencyAndTime: 	- Parent score = 1.0
08-05 14:34:13.136 27908 27925 D GreedyPrefetchingStrategyOnVisitFrequencyAndTime: 	- Successor time score = 0.03808358
08-05 14:34:13.136 27908 27925 D GreedyPrefetchingStrategyOnVisitFrequencyAndTime: 	- Successor frequency score = 0.08163265
08-05 14:34:13.136 27908 27925 D GreedyPrefetchingStrategyOnVisitFrequencyAndTime: 	- Successor final score = 0.11971623
08-05 14:34:13.136 27908 27925 D GreedyPrefetchingStrategyOnVisitFrequencyAndTime: Check successor UpcomingWeekendsActivity
08-05 14:34:13.136 27908 27925 D GreedyPrefetchingStrategyOnVisitFrequencyAndTime: Data:
08-05 14:34:13.136 27908 27925 D GreedyPrefetchingStrategyOnVisitFrequencyAndTime: 	- Successor time = 73295.0
08-05 14:34:13.136 27908 27925 D GreedyPrefetchingStrategyOnVisitFrequencyAndTime: 	- Successor frequency = 16
08-05 14:34:13.136 27908 27925 D GreedyPrefetchingStrategyOnVisitFrequencyAndTime: 	- Aggregated time = 243819.0
08-05 14:34:13.136 27908 27908 D NappaIntentExtras: ==================
08-05 14:34:13.136 27908 27925 D GreedyPrefetchingStrategyOnVisitFrequencyAndTime: 	- Aggregated frequency = 49
08-05 14:34:13.136 27908 27925 D GreedyPrefetchingStrategyOnVisitFrequencyAndTime: Calculated scores:
08-05 14:34:13.136 27908 27908 D NappaIntentExtras: Log #7
08-05 14:34:13.136 27908 27925 D GreedyPrefetchingStrategyOnVisitFrequencyAndTime: 	- Parent score = 1.0
08-05 14:34:13.136 27908 27908 D NappaIntentExtras: ------------------
08-05 14:34:13.136 27908 27925 D GreedyPrefetchingStrategyOnVisitFrequencyAndTime: 	- Successor time score = 0.15030617
08-05 14:34:13.136 27908 27908 D NappaIntentExtras: activity nappagreedy.io.github.project_travel_mate.destinations.description.CityHistoryActivity
08-05 14:34:13.137 27908 27925 D GreedyPrefetchingStrategyOnVisitFrequencyAndTime: 	- Successor frequency score = 0.1632653
08-05 14:34:13.137 27908 27908 D NappaIntentExtras: 	- No extras registered
08-05 14:34:13.137 27908 27925 D GreedyPrefetchingStrategyOnVisitFrequencyAndTime: 	- Successor final score = 0.31357145
08-05 14:34:13.137 27908 27908 D NappaIntentExtras: activity nappagreedy.io.github.project_travel_mate.MainActivity
08-05 14:34:13.137 27908 27925 D GreedyPrefetchingStrategyOnVisitFrequencyAndTime: Switch best successor
08-05 14:34:13.137 27908 27908 D NappaIntentExtras: 	- 1 extras registered
08-05 14:34:13.137 27908 27925 D GreedyPrefetchingStrategyOnVisitFrequencyAndTime: Check successor ChecklistActivity
08-05 14:34:13.137 27908 27908 D NappaIntentExtras: 	- cityobject_ : objects.City@c884839
08-05 14:34:13.137 27908 27925 D GreedyPrefetchingStrategyOnVisitFrequencyAndTime: Data:
08-05 14:34:13.137 27908 27908 D NappaIntentExtras: activity nappagreedy.io.github.project_travel_mate.SplashActivity
08-05 14:34:13.137 27908 27908 D NappaIntentExtras: 	- No extras registered
08-05 14:34:13.137 27908 27925 D GreedyPrefetchingStrategyOnVisitFrequencyAndTime: 	- Successor time = 36177.0
08-05 14:34:13.137 27908 27908 D NappaIntentExtras: activity nappagreedy.io.github.project_travel_mate.utilities.CompassActivity
08-05 14:34:13.137 27908 27925 D GreedyPrefetchingStrategyOnVisitFrequencyAndTime: 	- Successor frequency = 8
08-05 14:34:13.137 27908 27908 D NappaIntentExtras: 	- No extras registered
08-05 14:34:13.137 27908 27925 D GreedyPrefetchingStrategyOnVisitFrequencyAndTime: 	- Aggregated time = 243819.0
08-05 14:34:13.137 27908 27908 D NappaIntentExtras: activity nappagreedy.io.github.project_travel_mate.notifications.NotificationsActivity
08-05 14:34:13.137 27908 27925 D GreedyPrefetchingStrategyOnVisitFrequencyAndTime: 	- Aggregated frequency = 49
08-05 14:34:13.137 27908 27908 D NappaIntentExtras: 	- No extras registered
08-05 14:34:13.137 27908 27925 D GreedyPrefetchingStrategyOnVisitFrequencyAndTime: Calculated scores:
08-05 14:34:13.137 27908 27908 D NappaIntentExtras: activity nappagreedy.io.github.project_travel_mate.destinations.funfacts.FunFactsActivity
08-05 14:34:13.137 27908 27925 D GreedyPrefetchingStrategyOnVisitFrequencyAndTime: 	- Parent score = 1.0
08-05 14:34:13.137 27908 27908 D NappaIntentExtras: 	- No extras registered
08-05 14:34:13.137 27908 27925 D GreedyPrefetchingStrategyOnVisitFrequencyAndTime: 	- Successor time score = 0.07418823
08-05 14:34:13.137 27908 27908 D NappaIntentExtras: activity nappagreedy.io.github.project_travel_mate.utilities.UpcomingWeekendsActivity
08-05 14:34:13.137 27908 27908 D NappaIntentExtras: 	- No extras registered
08-05 14:34:13.137 27908 27925 D GreedyPrefetchingStrategyOnVisitFrequencyAndTime: 	- Successor frequency score = 0.08163265
08-05 14:34:13.137 27908 27908 D NappaIntentExtras: activity nappagreedy.io.github.project_travel_mate.utilities.ChecklistActivity
08-05 14:34:13.137 27908 27925 D GreedyPrefetchingStrategyOnVisitFrequencyAndTime: 	- Successor final score = 0.15582088
08-05 14:34:13.137 27908 27908 D NappaIntentExtras: 	- No extras registered
08-05 14:34:13.137 27908 27925 D GreedyPrefetchingStrategyOnVisitFrequencyAndTime: Check successor NotificationsActivity
08-05 14:34:13.137 27908 27908 D NappaIntentExtras: activity nappagreedy.io.github.project_travel_mate.destinations.description.FinalCityInfoActivity
08-05 14:34:13.137 27908 27925 D GreedyPrefetchingStrategyOnVisitFrequencyAndTime: Data:
08-05 14:34:13.137 27908 27908 D NappaIntentExtras: 	- 1 extras registered
08-05 14:34:13.138 27908 27925 D GreedyPrefetchingStrategyOnVisitFrequencyAndTime: 	- Successor time = 36803.0
08-05 14:34:13.138 27908 27908 D NappaIntentExtras: 	- cityobject_ : objects.City@4bf11c9
08-05 14:34:13.138 27908 27925 D GreedyPrefetchingStrategyOnVisitFrequencyAndTime: 	- Successor frequency = 8
08-05 14:34:13.138 27908 27908 D NappaIntentExtras: ==================
08-05 14:34:13.138 27908 27925 D GreedyPrefetchingStrategyOnVisitFrequencyAndTime: 	- Aggregated time = 243819.0
08-05 14:34:13.138 27908 27925 D GreedyPrefetchingStrategyOnVisitFrequencyAndTime: 	- Aggregated frequency = 49
08-05 14:34:13.138 27908 27925 D GreedyPrefetchingStrategyOnVisitFrequencyAndTime: Calculated scores:
08-05 14:34:13.138 27908 27925 D GreedyPrefetchingStrategyOnVisitFrequencyAndTime: 	- Parent score = 1.0
08-05 14:34:13.138 27908 27925 D GreedyPrefetchingStrategyOnVisitFrequencyAndTime: 	- Successor time score = 0.07547197
08-05 14:34:13.139 27908 27925 D GreedyPrefetchingStrategyOnVisitFrequencyAndTime: 	- Successor frequency score = 0.08163265
08-05 14:34:13.139 27908 27925 D GreedyPrefetchingStrategyOnVisitFrequencyAndTime: 	- Successor final score = 0.15710461
08-05 14:34:13.139 27908 27925 D GreedyPrefetchingStrategyOnVisitFrequencyAndTime: Best successor has score 0.31357145 which is lower than the acceptable threshold of 0.6
08-05 14:34:13.139 27908 27925 D GreedyPrefetchingStrategyOnVisitFrequencyAndTime: MetricStrategyAccuracy inc insufficient score count3 | act = false; extra = true
08-05 14:34:13.139 27908 27925 D GreedyPrefetchingStrategyOnVisitFrequencyAndTime: Next visited child will be []
08-05 14:34:13.140 27908 27925 D GreedyPrefetchingStrategyOnVisitFrequencyAndTime: ==================================
08-05 14:34:13.140 27908 27925 D Nappa   : PREFETCH_ON_EXTRA - notifyExtras- end
08-05 14:34:13.140 27908 27925 D Nappa   : PREFSTRAT2 ADDING NEW ACTEXTRADATA
08-05 14:34:13.144   918   929 I ActivityManager: START u0 {cmp=nappagreedy.io.github.project_travel_mate/.destinations.description.FinalCityInfoActivity (has extras)} from uid 10677 on display 0
08-05 14:34:13.151 28879 28879 D AndroidRuntime: Shutting down VM
08-05 14:34:13.152 27908 27920 I art     : Explicit concurrent mark sweep GC freed 1647(209KB) AllocSpace objects, 0(0B) LOS objects, 28% free, 39MB/55MB, paused 731us total 31.284ms
08-05 14:34:13.154 27908 27908 D NappaLifecycleObserver: nappagreedy.io.github.project_travel_mate.MainActivity - onPause
08-05 14:34:13.154 27908 27908 D Nappa   : Stayed on nappagreedy.io.github.project_travel_mate.MainActivity for 1661 ms
08-05 14:34:13.161 27908 27908 D ActivityNode: Observer - intent extra - SplashActivity
08-05 14:34:13.161 27908 27908 D ActivityNode: Extras:
08-05 14:34:13.161 27908 27908 D ActivityNode: Observer - intent extra - CityHistoryActivity
08-05 14:34:13.161 27908 27908 D ActivityNode: Extras:
08-05 14:34:13.161 27908 27908 D ActivityNode: Observer - intent extra - FinalCityInfoActivity
08-05 14:34:13.161 27908 27908 D ActivityNode: Extras:
08-05 14:34:13.161 27908 27908 D ActivityNode: 	activity ID 3( key cityobject_)
08-05 14:34:13.161 27908 27908 D ActivityNode: 	activity ID 3( key cityobject_)
08-05 14:34:13.161 27908 27908 D ActivityNode: 	activity ID 3( key cityobject_)
08-05 14:34:13.161 27908 27908 D ActivityNode: 	activity ID 3( key cityobject_)
08-05 14:34:13.161 27908 27908 D ActivityNode: 	activity ID 3( key cityobject_)
08-05 14:34:13.161 27908 27908 D ActivityNode: 	activity ID 3( key cityobject_)
08-05 14:34:13.161 27908 27908 D ActivityNode: 	activity ID 3( key cityobject_)
08-05 14:34:13.161 27908 27908 D ActivityNode: 	activity ID 3( key cityobject_)
08-05 14:34:13.161 27908 27908 D ActivityNode: 	activity ID 3( key cityobject_)
08-05 14:34:13.161 27908 27908 D ActivityNode: 	activity ID 3( key cityobject_)
08-05 14:34:13.161 27908 27908 D ActivityNode: 	activity ID 3( key cityobject_)
08-05 14:34:13.161 27908 27908 D ActivityNode: 	activity ID 3( key cityobject_)
08-05 14:34:13.161 27908 27908 D ActivityNode: Observer - intent extra - FunFactsActivity
08-05 14:34:13.161 27908 27908 D ActivityNode: Extras:
08-05 14:34:13.161 27908 27908 D ActivityNode: Observer - intent extra - CompassActivity
08-05 14:34:13.161 27908 27908 D ActivityNode: Extras:
08-05 14:34:13.161 27908 27908 D ActivityNode: Observer - intent extra - MainActivity
08-05 14:34:13.161 27908 27908 D ActivityNode: Extras:
08-05 14:34:13.161 27908 27908 D ActivityNode: 	activity ID 2( key cityobject_)
08-05 14:34:13.161 27908 27908 D ActivityNode: 	activity ID 2( key cityobject_)
08-05 14:34:13.161 27908 27908 D ActivityNode: 	activity ID 2( key cityobject_)
08-05 14:34:13.161 27908 27908 D ActivityNode: 	activity ID 2( key cityobject_)
08-05 14:34:13.161 27908 27908 D ActivityNode: 	activity ID 2( key cityobject_)
08-05 14:34:13.161 27908 27908 D ActivityNode: 	activity ID 2( key cityobject_)
08-05 14:34:13.161 27908 27908 D ActivityNode: 	activity ID 2( key cityobject_)
08-05 14:34:13.161 27908 27908 D ActivityNode: 	activity ID 2( key cityobject_)
08-05 14:34:13.161 27908 27908 D ActivityNode: 	activity ID 2( key cityobject_)
08-05 14:34:13.161 27908 27908 D ActivityNode: 	activity ID 2( key cityobject_)
08-05 14:34:13.161 27908 27908 D ActivityNode: 	activity ID 2( key cityobject_)
08-05 14:34:13.161 27908 27908 D ActivityNode: 	activity ID 2( key cityobject_)
08-05 14:34:13.161 27908 27908 D ActivityNode: Observer - intent extra - ChecklistActivity
08-05 14:34:13.161 27908 27908 D ActivityNode: Extras:
08-05 14:34:13.162 27908 27908 D ActivityNode: Observer - intent extra - NotificationsActivity
08-05 14:34:13.162 27908 27908 D ActivityNode: Extras:
08-05 14:34:13.162 27908 27908 D ActivityNode: Observer - intent extra - UpcomingWeekendsActivity
08-05 14:34:13.162 27908 27908 D ActivityNode: Extras:
08-05 14:34:13.165 27908 27920 I art     : Starting a blocking GC Explicit
08-05 14:34:13.176 27908 28034 D Gabe    : call	returning from cache
08-05 14:34:13.193 27908 27920 I art     : Explicit concurrent mark sweep GC freed 3095(143KB) AllocSpace objects, 0(0B) LOS objects, 28% free, 39MB/55MB, paused 939us total 28.428ms
08-05 14:34:13.199 27908 27908 D Nappa   : TAG okHttpClient initialized
08-05 14:34:13.203 27908 27908 V EXECUTING: https://project-travel-mate.herokuapp.com/api/get-city-weather/1
08-05 14:34:13.204 27908 28903 D CustomInterceptor: NETWORK-PROVIDER https://project-travel-mate.herokuapp.com/api/get-city-weather/1
08-05 14:34:13.205 27908 28903 D Nappa   : F1_SCORE add_intercept_url - (already in) - https://project-travel-mate.herokuapp.com/api/get-city-weather/1
08-05 14:34:13.205 27908 28903 D Nappa   : F1_SCORE add_fn_url - (already in) - https://project-travel-mate.herokuapp.com/api/get-city-weather/1
08-05 14:34:13.205 27908 28903 D Nappa   : -------------F1_SCORE #18 -----------
08-05 14:34:13.205 27908 28903 D Nappa   : F1_SCORE - Intercept list (8)= [https://project-travel-mate.herokuapp.com/api/get-user, https://project-travel-mate.herokuapp.com/api/get-all-cities/10, https://project-travel-mate.herokuapp.com/api/number-of-unread-notifications, https://project-travel-mate.herokuapp.com/api/get-city-weather/1, https://project-travel-mate.herokuapp.com/api/get-city/1, https://project-travel-mate.herokuapp.com/api/get-city-information/1, https://project-travel-mate.herokuapp.com/api/get-city-facts/1, https://project-travel-mate.herokuapp.com/api/get-city-images/1]
08-05 14:34:13.205 27908 27908 D NappaLifecycleObserver: nappagreedy.io.github.project_travel_mate.destinations.description.FinalCityInfoActivity - onResume
08-05 14:34:13.205 27908 28903 D Nappa   : F1_SCORE - Prefetch list (0)= []
08-05 14:34:13.205 27908 28904 D CustomInterceptor: NETWORK-PROVIDER https://project-travel-mate.herokuapp.com/api/get-city/1
08-05 14:34:13.205 27908 27908 D Nappa   : setCurrentActivity - MetricStrategyAccuracy - 
08-05 14:34:13.205 27908 27908 D Nappa   : madePredictionFromActivity = false, 
08-05 14:34:13.205 27908 27908 D Nappa   : fromActivity = nappagreedy.io.github.project_travel_mate.MainActivity, 
08-05 14:34:13.205 27908 27908 D Nappa   : predictedNextActivityFromActivity = [], 
08-05 14:34:13.205 27908 27908 D Nappa   : activity.getClass().getCanonicalName() = nappagreedy.io.github.project_travel_mate.destinations.description.FinalCityInfoActivity, 
08-05 14:34:13.205 27908 28903 D Nappa   : F1_SCORE - TP list (0)= []
08-05 14:34:13.205 27908 28904 D Nappa   : F1_SCORE add_intercept_url - (already in) - https://project-travel-mate.herokuapp.com/api/get-city/1
08-05 14:34:13.206 27908 27908 D Nappa   : setCurrentActivity - MetricStrategyAccuracy - 
08-05 14:34:13.206 27908 27908 D Nappa   : madePredictionFromExtra = true, 
08-05 14:34:13.206 27908 27908 D Nappa   : fromActivity = nappagreedy.io.github.project_travel_mate.MainActivity, 
08-05 14:34:13.206 27908 27908 D Nappa   : predictedNextActivityFromExtra = [], 
08-05 14:34:13.206 27908 27908 D Nappa   : activity.getClass().getCanonicalName() = nappagreedy.io.github.project_travel_mate.destinations.description.FinalCityInfoActivity, 
08-05 14:34:13.206 27908 28903 D Nappa   : F1_SCORE - FN list (8)= [https://project-travel-mate.herokuapp.com/api/get-user, https://project-travel-mate.herokuapp.com/api/get-all-cities/10, https://project-travel-mate.herokuapp.com/api/number-of-unread-notifications, https://project-travel-mate.herokuapp.com/api/get-city-weather/1, https://project-travel-mate.herokuapp.com/api/get-city/1, https://project-travel-mate.herokuapp.com/api/get-city-information/1, https://project-travel-mate.herokuapp.com/api/get-city-facts/1, https://project-travel-mate.herokuapp.com/api/get-city-images/1]
08-05 14:34:13.206 27908 28904 D Nappa   : F1_SCORE add_fn_url - (already in) - https://project-travel-mate.herokuapp.com/api/get-city/1
08-05 14:34:13.206 27908 27908 D Nappa   : PREFETCH_ON_EXTRA - setCurrentActivity - logs - from activity - made prediction isfalse
08-05 14:34:13.206 27908 28904 D Nappa   : -------------F1_SCORE #19 -----------
08-05 14:34:13.206 27908 28903 I NAPPA_EXPERIMENTATION: MetricPrefetchingAccuracy: LOG_ID='19',F1_SCORE_1='0.0',F1_SCORE_2='0.0',TRUE_POSITIVE='0',FALSE_POSITIVE='0',FALSE_NEGATIVE='8',
08-05 14:34:13.206 27908 27920 I art     : Starting a blocking GC Explicit
08-05 14:34:13.206 27908 28904 D Nappa   : F1_SCORE - Intercept list (8)= [https://project-travel-mate.herokuapp.com/api/get-user, https://project-travel-mate.herokuapp.com/api/get-all-cities/10, https://project-travel-mate.herokuapp.com/api/number-of-unread-notifications, https://project-travel-mate.herokuapp.com/api/get-city-weather/1, https://project-travel-mate.herokuapp.com/api/get-city/1, https://project-travel-mate.herokuapp.com/api/get-city-information/1, https://project-travel-mate.herokuapp.com/api/get-city-facts/1, https://project-travel-mate.herokuapp.com/api/get-city-images/1]
08-05 14:34:13.206 27908 28904 D Nappa   : F1_SCORE - Prefetch list (0)= []
08-05 14:34:13.206 27908 28903 D CustomInterceptor: HEADER REQUEST
08-05 14:34:13.206 27908 28904 D Nappa   : F1_SCORE - TP list (0)= []
08-05 14:34:13.206 27908 28903 D CustomInterceptor: Authorization Token e817cf733b7893037942a7dc5507f3c5a98408e6
08-05 14:34:13.206 27908 28903 D CustomInterceptor: Cache-Control max-age=300, max-stale=300
08-05 14:34:13.206 27908 28903 D CustomInterceptor: CACHED STATS: size = '8', maxSize = '100', hitCount = '12', createCount = '0', putCount = '8', evictionCount = '0', missCount = '8', toString = 'LruCache[maxSize=100,hits=12,misses=8,hitRate=60%]', 
08-05 14:34:13.206 27908 28903 D CustomInterceptor: PREFLIB GET REQUEST https://project-travel-mate.herokuapp.com/api/get-city-weather/1
08-05 14:34:13.206 27908 28903 D CustomInterceptor: PREFLIB found https://project-travel-mate.herokuapp.com/api/get-city-weather/1, sending it back
08-05 14:34:13.206 27908 28903 D CustomInterceptor: CONTENT {"temp":33.15,"temp_units":"C","max_temp":33.33,"min_temp":33.0,"code":721,"condensed":"Haze","description":"haze","icon":"http://openweathermap.org/img/w/50n.png","humidity":70,"humidity_units":"%","pressure":1000,"pressure_units":"hPa"}
08-05 14:34:13.206 27908 28903 D CustomInterceptor: interceptor_finished : return_type #2 : request served from cache
08-05 14:34:13.207 27908 28903 I NAPPA_EXPERIMENTATION: MetricNetworkRequestExecutionTime: REQUEST_DURATION_SYSTEM='3',REQUEST_DURATION_OKHTTP='0',REQUEST_SYNCHRONOUS='FALSE',RESPONSE_CODE='200',RESPONSE_METHOD='GET',RESPONSE_LENGTH_OKHTTP='238',RESPONSE_LENGTH_HEADER='-2',REQUEST_PROTOCOL='http/1.1',REQUEST_URL='https://project-travel-mate.herokuapp.com/api/get-city-weather/1',
08-05 14:34:13.207 27908 28904 D Nappa   : F1_SCORE - FN list (8)= [https://project-travel-mate.herokuapp.com/api/get-user, https://project-travel-mate.herokuapp.com/api/get-all-cities/10, https://project-travel-mate.herokuapp.com/api/number-of-unread-notifications, https://project-travel-mate.herokuapp.com/api/get-city-weather/1, https://project-travel-mate.herokuapp.com/api/get-city/1, https://project-travel-mate.herokuapp.com/api/get-city-information/1, https://project-travel-mate.herokuapp.com/api/get-city-facts/1, https://project-travel-mate.herokuapp.com/api/get-city-images/1]
08-05 14:34:13.207 27908 28904 I NAPPA_EXPERIMENTATION: MetricPrefetchingAccuracy: LOG_ID='20',F1_SCORE_1='0.0',F1_SCORE_2='0.0',TRUE_POSITIVE='0',FALSE_POSITIVE='0',FALSE_NEGATIVE='8',
08-05 14:34:13.207 27908 28904 D CustomInterceptor: HEADER REQUEST
08-05 14:34:13.207 27908 28904 D CustomInterceptor: Authorization Token e817cf733b7893037942a7dc5507f3c5a98408e6
08-05 14:34:13.207 27908 28904 D CustomInterceptor: Cache-Control max-age=300, max-stale=300
08-05 14:34:13.208 27908 28904 D CustomInterceptor: CACHED STATS: size = '8', maxSize = '100', hitCount = '13', createCount = '0', putCount = '8', evictionCount = '0', missCount = '8', toString = 'LruCache[maxSize=100,hits=13,misses=8,hitRate=61%]', 
08-05 14:34:13.208 27908 28904 D CustomInterceptor: PREFLIB GET REQUEST https://project-travel-mate.herokuapp.com/api/get-city/1
08-05 14:34:13.208 27908 28904 D CustomInterceptor: PREFLIB found https://project-travel-mate.herokuapp.com/api/get-city/1, sending it back
08-05 14:34:13.208 27908 28904 D CustomInterceptor: CONTENT {"id":1,"city_name":"Delhi","description":"Delhi, officially the National Capital Territory of Delhi, is the Capital territory of India. During the British Raj, Delhi was part of the province of Punjab and is still historically and culturally connected to the Punjab region.","latitude":"28.613900","longitude":"77.209000","facts_count":6,"images":["https://upload.wikimedia.org/wikipedia/commons/9/94/%E0%B4%96%E0%B5%81%E0%B4%A4%E0%B5%8D%E0%B4%AC%E0%B5%8D_%E0%B4%AE%E0%B4%BF%E0%B4%A8%E0%B4%BE%E0%B5%BC1.jpg"],"has_visited":false}
08-05 14:34:13.208 27908 28904 D CustomInterceptor: interceptor_finished : return_type #2 : request served from cache
08-05 14:34:13.208 27908 28904 I NAPPA_EXPERIMENTATION: MetricNetworkRequestExecutionTime: REQUEST_DURATION_SYSTEM='4',REQUEST_DURATION_OKHTTP='0',REQUEST_SYNCHRONOUS='FALSE',RESPONSE_CODE='200',RESPONSE_METHOD='GET',RESPONSE_LENGTH_OKHTTP='530',RESPONSE_LENGTH_HEADER='-2',REQUEST_PROTOCOL='http/1.1',REQUEST_URL='https://project-travel-mate.herokuapp.com/api/get-city/1',
08-05 14:34:13.208 27908 28904 V Response: {"id":1,"city_name":"Delhi","description":"Delhi, officially the National Capital Territory of Delhi, is the Capital territory of India. During the British Raj, Delhi was part of the province of Punjab and is still historically and culturally connected to the Punjab region.","latitude":"28.613900","longitude":"77.209000","facts_count":6,"images":["https://upload.wikimedia.org/wikipedia/commons/9/94/%E0%B4%96%E0%B5%81%E0%B4%A4%E0%B5%8D%E0%B4%AC%E0%B5%8D_%E0%B4%AE%E0%B4%BF%E0%B4%A8%E0%B4%BE%E0%B5%BC1.jpg"],"has_visited":false}
08-05 14:34:13.235 27908 27920 I art     : Explicit concurrent mark sweep GC freed 2568(245KB) AllocSpace objects, 0(0B) LOS objects, 28% free, 39MB/55MB, paused 698us total 28.930ms
08-05 14:34:13.247 27908 27920 I art     : Starting a blocking GC Explicit
08-05 14:34:13.277 27908 27920 I art     : Explicit concurrent mark sweep GC freed 232(12KB) AllocSpace objects, 0(0B) LOS objects, 28% free, 39MB/55MB, paused 759us total 30.389ms
08-05 14:34:13.302 24817 24817 W Atfwd_Sendcmd: AtCmdFwd service not published, waiting... retryCnt : 1
08-05 14:34:13.305 27908 27925 D Nappa   : registerActivity: (already in) nappagreedy.io.github.project_travel_mate.MainActivity
08-05 14:34:13.305 27908 27925 D Nappa   : PARENTS 
08-05 14:34:13.305 27908 27925 D Nappa   : Of: nappagreedy.io.github.project_travel_mate.MainActivity -> 
08-05 14:34:13.305 27908 27925 D Nappa   : PARENTS nappagreedy.io.github.project_travel_mate.SplashActivity
08-05 14:34:13.306 27908 27908 D Nappa   : registerActivity: (already in) nappagreedy.io.github.project_travel_mate.destinations.description.FinalCityInfoActivity
08-05 14:34:13.306 27908 27908 D ActivityNode: ACTNODE UPDATING AFTER LOADING FROM DB
08-05 14:34:13.306 27908 27908 D ActivityGraph: LARDataCalculatedUpdate nappagreedy.io.github.project_travel_mate.destinations.description.FinalCityInfoActivity Pagerank: 0.25 HITS-Authority: 1.0 HITS-Hub: 1.0 SALSA-Authority: 1.0 SALSA-Hub: 1.0
08-05 14:34:13.306 27908 27908 D Nappa   : SHOULD_PREFETCH true
08-05 14:34:13.406 27908 27925 D Nappa   : registerActivity: (already in) nappagreedy.io.github.project_travel_mate.destinations.description.FinalCityInfoActivity
08-05 14:34:13.406 27908 27925 D Nappa   : PARENTS 
08-05 14:34:13.406 27908 27925 D Nappa   : Of: nappagreedy.io.github.project_travel_mate.destinations.description.FinalCityInfoActivity -> 
08-05 14:34:13.406 27908 27925 D Nappa   : PARENTS nappagreedy.io.github.project_travel_mate.MainActivity
08-05 14:34:13.406 27908 27925 D Nappa   : PARENTS has extra: (cityobject_, objects.City@c884839)
08-05 14:34:13.406 27908 27925 D Nappa   : PARENTS nappagreedy.io.github.project_travel_mate.SplashActivity
08-05 14:34:13.406 27908 27908 D Nappa   : registerActivity: (already in) nappagreedy.io.github.project_travel_mate.destinations.description.FinalCityInfoActivity
08-05 14:34:13.407 27908 27908 D Nappa   : SUCCESSORS nappagreedy.io.github.project_travel_mate.destinations.description.CityHistoryActivity
08-05 14:34:13.407 27908 27908 D Nappa   : SUCCESSORS nappagreedy.io.github.project_travel_mate.destinations.funfacts.FunFactsActivity
08-05 14:34:13.407 27908 27908 D Nappa   : STATS Number of requests not prefetched: 8
08-05 14:34:13.407 27908 27908 D Nappa   : STATS Number of requests prefetched: 6
08-05 14:34:13.407 27908 27908 D Nappa   : STATS Time saved until now: 0.317
08-05 14:34:13.482 27908 27908 D ActivityNode: Observer - visit time - MainActivity - New aggregate visit time found is 204803 ms
08-05 14:34:13.510   918   936 I ActivityManager: Displayed nappagreedy.io.github.project_travel_mate/.destinations.description.FinalCityInfoActivity: +354ms
08-05 14:34:13.510 13866 13866 I GoogleInputMethodServic: GoogleInputMethodService.onFinishInput():3138 
08-05 14:34:13.511 13866 13866 I GoogleInputMethodServic: GoogleInputMethodService.onStartInput():1808 
08-05 14:34:13.511 27908 27908 D ActivityNode: Observer - session data - sourceCityHistoryActivity
08-05 14:34:13.511 27908 27908 D ActivityNode: destinations:
08-05 14:34:13.512 27908 27908 D ActivityNode: Observer - session data - sourceFinalCityInfoActivity
08-05 14:34:13.512 27908 27908 D ActivityNode: destinations:
08-05 14:34:13.512 27908 27908 D ActivityNode: 	nappagreedy.io.github.project_travel_mate.destinations.description.CityHistoryActivity( count 14)
08-05 14:34:13.512 27908 27908 D ActivityNode: 	nappagreedy.io.github.project_travel_mate.destinations.funfacts.FunFactsActivity( count 10)
08-05 14:34:13.512 27908 27908 D ActivityNode: Observer - session data - sourceMainActivity
08-05 14:34:13.512 27908 27908 D ActivityNode: destinations:
08-05 14:34:13.512 27908 27908 D ActivityNode: 	nappagreedy.io.github.project_travel_mate.destinations.description.FinalCityInfoActivity( count 10)
08-05 14:34:13.512 27908 27908 D ActivityNode: 	nappagreedy.io.github.project_travel_mate.utilities.ChecklistActivity( count 8)
08-05 14:34:13.512 27908 27908 D ActivityNode: 	nappagreedy.io.github.project_travel_mate.utilities.CompassActivity( count 8)
08-05 14:34:13.512 27908 27908 D ActivityNode: 	nappagreedy.io.github.project_travel_mate.utilities.UpcomingWeekendsActivity( count 16)
08-05 14:34:13.512 27908 27908 D ActivityNode: 	nappagreedy.io.github.project_travel_mate.notifications.NotificationsActivity( count 8)
08-05 14:34:13.512 27908 27908 D ActivityNode: Observer - session data - sourceSplashActivity
08-05 14:34:13.512 27908 27908 D ActivityNode: destinations:
08-05 14:34:13.512 27908 27908 D ActivityNode: 	nappagreedy.io.github.project_travel_mate.MainActivity( count 5)
08-05 14:34:13.512 27908 27908 D ActivityNode: Observer - session data - sourceFunFactsActivity
08-05 14:34:13.512 27908 27908 D ActivityNode: destinations:
08-05 14:34:13.512 27908 27908 D ActivityNode: Observer - session data - sourceChecklistActivity
08-05 14:34:13.512 27908 27908 D ActivityNode: destinations:
08-05 14:34:13.512 27908 27908 D ActivityNode: Observer - session data - sourceNotificationsActivity
08-05 14:34:13.512 27908 27908 D ActivityNode: destinations:
08-05 14:34:13.512 27908 27908 D ActivityNode: Observer - session data - sourceUpcomingWeekendsActivity
08-05 14:34:13.512 27908 27908 D ActivityNode: destinations:
08-05 14:34:13.512 27908 27908 D ActivityNode: Observer - session data - sourceCompassActivity
08-05 14:34:13.512 27908 27908 D ActivityNode: destinations:
08-05 14:34:13.520   918  3188 I hubconnection: sensorhub said: 'set_bias 3: -5.0592, 0.0000, 0.0000'
08-05 14:34:13.594 27908 28422 I art     : Starting a blocking GC Explicit
08-05 14:34:13.606 27908 27925 D Nappa   : PREFETCH_ON_EXTRA - setCurrentActivity - logs - from extra - made prediction istrue
08-05 14:34:13.606 27908 27925 D Nappa   : PREFETCH_ON_EXTRA - setCurrentActivity - logs - from extra - start
08-05 14:34:13.606 27908 27925 I NAPPA_EXPERIMENTATION: MetricStrategyAccuracy: LOG_ID='10',EXECUTION_COUNT='10',CASES_COUNT='10',HIT_PERCENTAGE_TOTAL='10.0',HIT_PERCENTAGE_WHEN_PREDICTED='33.333333333333336',HIT_COUNT='1',MISS_COUNT='2',INSUFFICIENT_SCORE_COUNT='3',EXCEPTION_COUNT='0',NO_SUCCESSOR_COUNT='4',
08-05 14:34:13.606 27908 27925 D Nappa   : PREFETCH_ON_EXTRA - setCurrentActivity - logs - from extra- finished
