08-05 19:11:44.004 26252 26265 I art     : Explicit concurrent mark sweep GC freed 354(15KB) AllocSpace objects, 1(4MB) LOS objects, 29% free, 38MB/54MB, paused 663us total 30.903ms
08-05 19:11:44.020 26252 26265 I art     : Starting a blocking GC Explicit
08-05 19:11:44.050 26252 26265 I art     : Explicit concurrent mark sweep GC freed 123(2496B) AllocSpace objects, 0(0B) LOS objects, 29% free, 38MB/54MB, paused 669us total 30.005ms
08-05 19:11:44.424 26252 26314 I art     : Starting a blocking GC Explicit
08-05 19:11:44.460 26252 26314 I art     : Explicit concurrent mark sweep GC freed 2888(117KB) AllocSpace objects, 2(40KB) LOS objects, 29% free, 38MB/54MB, paused 613us total 35.373ms
08-05 19:11:44.480 26252 26314 I art     : Starting a blocking GC Explicit
08-05 19:11:44.513 26252 26314 I art     : Explicit concurrent mark sweep GC freed 184(3KB) AllocSpace objects, 0(0B) LOS objects, 29% free, 38MB/54MB, paused 607us total 32.702ms
08-05 19:11:44.529 26252 26314 I art     : Starting a blocking GC Explicit
08-05 19:11:44.561 26252 26314 I art     : Explicit concurrent mark sweep GC freed 147(2496B) AllocSpace objects, 0(0B) LOS objects, 29% free, 38MB/54MB, paused 611us total 32.493ms
08-05 19:11:44.578 26252 26314 I art     : Starting a blocking GC Explicit
08-05 19:11:44.611 26252 26314 I art     : Explicit concurrent mark sweep GC freed 147(2496B) AllocSpace objects, 0(0B) LOS objects, 29% free, 38MB/54MB, paused 611us total 32.728ms
08-05 19:11:44.627 26252 26314 I art     : Starting a blocking GC Explicit
08-05 19:11:44.660 26252 26314 I art     : Explicit concurrent mark sweep GC freed 147(2496B) AllocSpace objects, 0(0B) LOS objects, 29% free, 38MB/54MB, paused 605us total 33.064ms
08-05 19:11:45.047 26252 26265 I art     : Starting a blocking GC Explicit
08-05 19:11:45.087 26252 26265 I art     : Explicit concurrent mark sweep GC freed 2870(115KB) AllocSpace objects, 2(40KB) LOS objects, 29% free, 38MB/54MB, paused 759us total 39.012ms
08-05 19:11:45.103 26252 26265 I art     : Starting a blocking GC Explicit
08-05 19:11:45.140 26252 26265 I art     : Explicit concurrent mark sweep GC freed 187(3KB) AllocSpace objects, 0(0B) LOS objects, 29% free, 38MB/54MB, paused 623us total 36.784ms
08-05 19:11:45.157 26252 26265 I art     : Starting a blocking GC Explicit
08-05 19:11:45.191 26252 26265 I art     : Explicit concurrent mark sweep GC freed 147(2496B) AllocSpace objects, 0(0B) LOS objects, 29% free, 38MB/54MB, paused 581us total 33.691ms
08-05 19:11:45.208 26252 26265 I art     : Starting a blocking GC Explicit
08-05 19:11:45.245 26252 26265 I art     : Explicit concurrent mark sweep GC freed 147(2496B) AllocSpace objects, 0(0B) LOS objects, 29% free, 38MB/54MB, paused 629us total 37.320ms
08-05 19:11:45.262 26252 26265 I art     : Starting a blocking GC Explicit
08-05 19:11:45.299 26252 26265 I art     : Explicit concurrent mark sweep GC freed 147(2496B) AllocSpace objects, 0(0B) LOS objects, 29% free, 38MB/54MB, paused 624us total 37.011ms
08-05 19:11:45.675 26252 26264 I art     : Starting a blocking GC Explicit
08-05 19:11:45.712 26252 26264 I art     : Explicit concurrent mark sweep GC freed 2833(118KB) AllocSpace objects, 2(40KB) LOS objects, 29% free, 38MB/54MB, paused 633us total 35.934ms
08-05 19:11:45.728 26252 26264 I art     : Starting a blocking GC Explicit
08-05 19:11:45.766 26252 26264 I art     : Explicit concurrent mark sweep GC freed 174(3KB) AllocSpace objects, 0(0B) LOS objects, 29% free, 38MB/54MB, paused 639us total 36.937ms
08-05 19:11:45.782 26252 26264 I art     : Starting a blocking GC Explicit
08-05 19:11:45.819 26252 26264 I art     : Explicit concurrent mark sweep GC freed 149(2528B) AllocSpace objects, 0(0B) LOS objects, 29% free, 38MB/54MB, paused 791us total 36.888ms
08-05 19:11:45.836 26252 26264 I art     : Starting a blocking GC Explicit
08-05 19:11:45.873 26252 26264 I art     : Explicit concurrent mark sweep GC freed 193(3KB) AllocSpace objects, 0(0B) LOS objects, 29% free, 38MB/54MB, paused 603us total 36.943ms
08-05 19:11:45.891 26252 26264 I art     : Starting a blocking GC Explicit
08-05 19:11:45.928 26252 26264 I art     : Explicit concurrent mark sweep GC freed 147(2496B) AllocSpace objects, 0(0B) LOS objects, 29% free, 38MB/54MB, paused 608us total 37.077ms
08-05 19:11:46.328 26252 26314 I art     : Starting a blocking GC Explicit
08-05 19:11:46.367 26252 26314 I art     : Explicit concurrent mark sweep GC freed 2882(119KB) AllocSpace objects, 2(40KB) LOS objects, 29% free, 38MB/54MB, paused 591us total 38.876ms
08-05 19:11:46.386 26252 26314 I art     : Starting a blocking GC Explicit
08-05 19:11:46.422 26252 26314 I art     : Explicit concurrent mark sweep GC freed 222(4KB) AllocSpace objects, 0(0B) LOS objects, 29% free, 38MB/54MB, paused 619us total 35.635ms
08-05 19:11:46.438 26252 26314 I art     : Starting a blocking GC Explicit
08-05 19:11:46.474 26252 26314 I art     : Explicit concurrent mark sweep GC freed 147(2496B) AllocSpace objects, 0(0B) LOS objects, 29% free, 38MB/54MB, paused 654us total 35.573ms
08-05 19:11:46.490 26252 26314 I art     : Starting a blocking GC Explicit
08-05 19:11:46.526 26252 26314 I art     : Explicit concurrent mark sweep GC freed 147(2496B) AllocSpace objects, 0(0B) LOS objects, 29% free, 38MB/54MB, paused 628us total 35.886ms
08-05 19:11:46.543 26252 26314 I art     : Starting a blocking GC Explicit
08-05 19:11:46.577 26252 26314 I art     : Explicit concurrent mark sweep GC freed 148(2528B) AllocSpace objects, 0(0B) LOS objects, 29% free, 38MB/54MB, paused 758us total 33.955ms
08-05 19:11:46.963 26252 26265 I art     : Starting a blocking GC Explicit
08-05 19:11:47.001 26252 26265 I art     : Explicit concurrent mark sweep GC freed 2835(118KB) AllocSpace objects, 2(40KB) LOS objects, 29% free, 38MB/54MB, paused 624us total 37.802ms
08-05 19:11:47.018 26252 26265 I art     : Starting a blocking GC Explicit
08-05 19:11:47.054 26252 26265 I art     : Explicit concurrent mark sweep GC freed 203(3KB) AllocSpace objects, 0(0B) LOS objects, 29% free, 38MB/54MB, paused 755us total 36.039ms
08-05 19:11:47.071 26252 26265 I art     : Starting a blocking GC Explicit
08-05 19:11:47.108 26252 26265 I art     : Explicit concurrent mark sweep GC freed 166(2832B) AllocSpace objects, 0(0B) LOS objects, 29% free, 38MB/54MB, paused 626us total 36.860ms
08-05 19:11:47.125 26252 26265 I art     : Starting a blocking GC Explicit
08-05 19:11:47.162 26252 26265 I art     : Explicit concurrent mark sweep GC freed 147(2496B) AllocSpace objects, 0(0B) LOS objects, 29% free, 38MB/54MB, paused 580us total 36.846ms
08-05 19:11:47.179 26252 26265 I art     : Starting a blocking GC Explicit
08-05 19:11:47.216 26252 26265 I art     : Explicit concurrent mark sweep GC freed 147(2496B) AllocSpace objects, 0(0B) LOS objects, 29% free, 38MB/54MB, paused 630us total 37.285ms
08-05 19:11:47.575 26252 26314 I art     : Starting a blocking GC Explicit
08-05 19:11:47.612 26252 26314 I art     : Explicit concurrent mark sweep GC freed 2811(119KB) AllocSpace objects, 2(40KB) LOS objects, 29% free, 38MB/54MB, paused 649us total 35.917ms
08-05 19:11:47.628 26252 26314 I art     : Starting a blocking GC Explicit
08-05 19:11:47.663 26252 26314 I art     : Explicit concurrent mark sweep GC freed 184(3KB) AllocSpace objects, 0(0B) LOS objects, 29% free, 38MB/54MB, paused 627us total 34.476ms
08-05 19:11:47.679 26252 26314 I art     : Starting a blocking GC Explicit
08-05 19:11:47.712 26252 26314 I art     : Explicit concurrent mark sweep GC freed 147(2496B) AllocSpace objects, 0(0B) LOS objects, 29% free, 38MB/54MB, paused 634us total 33.460ms
08-05 19:11:47.729 26252 26314 I art     : Starting a blocking GC Explicit
08-05 19:11:47.765 26252 26314 I art     : Explicit concurrent mark sweep GC freed 147(2496B) AllocSpace objects, 0(0B) LOS objects, 29% free, 38MB/54MB, paused 627us total 35.666ms
08-05 19:11:47.781 26252 26314 I art     : Starting a blocking GC Explicit
08-05 19:11:47.815 26252 26314 I art     : Explicit concurrent mark sweep GC freed 148(2528B) AllocSpace objects, 0(0B) LOS objects, 29% free, 38MB/54MB, paused 620us total 34.167ms
08-05 19:11:47.913 26596 26596 D AndroidRuntime: >>>>>> START com.android.internal.os.RuntimeInit uid 2000 <<<<<<
08-05 19:11:47.919 26596 26596 D AndroidRuntime: CheckJNI is OFF
08-05 19:11:47.962 26596 26596 D ICU     : No timezone override file found: /data/misc/zoneinfo/current/icu/icu_tzdata.dat
08-05 19:11:48.004 26596 26596 I Radio-JNI: register_android_hardware_Radio DONE
08-05 19:11:48.033 26596 26596 D AndroidRuntime: Calling main entry com.android.commands.input.Input
08-05 19:11:48.035 26596 26596 I Input   : injectMotionEvent: MotionEvent { action=ACTION_DOWN, actionButton=0, id[0]=0, x[0]=693.0, y[0]=1450.0, toolType[0]=TOOL_TYPE_UNKNOWN, buttonState=0, metaState=0, flags=0x0, edgeFlags=0x0, pointerCount=1, historySize=0, eventTime=817924448, downTime=817924448, deviceId=0, source=0x1002 }
08-05 19:11:48.041 26596 26596 I Input   : injectMotionEvent: MotionEvent { action=ACTION_UP, actionButton=0, id[0]=0, x[0]=693.0, y[0]=1450.0, toolType[0]=TOOL_TYPE_UNKNOWN, buttonState=0, metaState=0, flags=0x0, edgeFlags=0x0, pointerCount=1, historySize=0, eventTime=817924448, downTime=817924448, deviceId=0, source=0x1002 }
08-05 19:11:48.042 26596 26596 D AndroidRuntime: Shutting down VM
08-05 19:11:48.044 26252 26252 D NappaIntentExtras: ==================
08-05 19:11:48.044 26252 26252 D NappaIntentExtras: Log #3
08-05 19:11:48.044 26252 26252 D NappaIntentExtras: ------------------
08-05 19:11:48.044 26252 26252 D NappaIntentExtras: activity nappagreedy.io.github.project_travel_mate.destinations.description.CityHistoryActivity
08-05 19:11:48.044 26252 26252 D NappaIntentExtras: 	- No extras registered
08-05 19:11:48.045 26252 26252 D NappaIntentExtras: activity nappagreedy.io.github.project_travel_mate.MainActivity
08-05 19:11:48.045 26252 26252 D NappaIntentExtras: 	- 1 extras registered
08-05 19:11:48.045 26252 26252 D NappaIntentExtras: 	- cityobject_ : objects.City@cf7d0a6
08-05 19:11:48.045   512  2967 D audio_hw_primary: out_set_parameters: enter: usecase(1: low-latency-playback) kvpairs: routing=2
08-05 19:11:48.046 26252 26252 D NappaIntentExtras: activity nappagreedy.io.github.project_travel_mate.SplashActivity
08-05 19:11:48.046 26252 26252 D NappaIntentExtras: 	- No extras registered
08-05 19:11:48.046 26252 26252 D NappaIntentExtras: activity nappagreedy.io.github.project_travel_mate.utilities.CompassActivity
08-05 19:11:48.046 26252 26252 D NappaIntentExtras: 	- No extras registered
08-05 19:11:48.046 26252 26252 D NappaIntentExtras: activity nappagreedy.io.github.project_travel_mate.notifications.NotificationsActivity
08-05 19:11:48.046 26252 26252 D NappaIntentExtras: 	- No extras registered
08-05 19:11:48.046 26252 26252 D NappaIntentExtras: activity nappagreedy.io.github.project_travel_mate.destinations.funfacts.FunFactsActivity
08-05 19:11:48.046 26252 26252 D NappaIntentExtras: 	- No extras registered
08-05 19:11:48.046 26252 26252 D NappaIntentExtras: activity nappagreedy.io.github.project_travel_mate.utilities.UpcomingWeekendsActivity
08-05 19:11:48.046 26252 26252 D NappaIntentExtras: 	- No extras registered
08-05 19:11:48.046 26252 26252 D NappaIntentExtras: activity nappagreedy.io.github.project_travel_mate.utilities.ChecklistActivity
08-05 19:11:48.047 26252 26252 D NappaIntentExtras: 	- No extras registered
08-05 19:11:48.047 26252 26252 D NappaIntentExtras: activity nappagreedy.io.github.project_travel_mate.destinations.description.FinalCityInfoActivity
08-05 19:11:48.047 26252 26252 D NappaIntentExtras: 	- No extras registered
08-05 19:11:48.047 26252 26252 D NappaIntentExtras: ==================
08-05 19:11:48.048   918   928 I ActivityManager: START u0 {cmp=nappagreedy.io.github.project_travel_mate/.destinations.description.CityHistoryActivity} from uid 10677 on display 0
08-05 19:11:48.058 26252 26252 D NappaLifecycleObserver: nappagreedy.io.github.project_travel_mate.destinations.description.FinalCityInfoActivity - onPause
08-05 19:11:48.058 26252 26252 D Nappa   : Stayed on nappagreedy.io.github.project_travel_mate.destinations.description.FinalCityInfoActivity for 4664 ms
08-05 19:11:48.059   512  2967 D audio_hw_primary: select_devices: out_snd_device(2: speaker) in_snd_device(0: none)
08-05 19:11:48.059   512  2967 D msm8974_platform: platform_send_audio_calibration: sending audio calibration for snd_device(2) acdb_id(15)
08-05 19:11:48.059   512  2967 I soundtrigger: audio_extn_sound_trigger_update_device_status: device 0x2 of type 0 for Event 1
08-05 19:11:48.073   512  2967 D audio_hw_primary: enable_snd_device: snd_device(2: speaker)
08-05 19:11:48.076   512  2967 D audio_hw_primary: enable_audio_route: apply and update mixer path: low-latency-playback speaker
08-05 19:11:48.094 26252 26379 D Gabe    : call	returning from cache
08-05 19:11:48.097 26252 26252 V EXECUTING: https://project-travel-mate.herokuapp.com/api/get-city-information/1
08-05 19:11:48.098 26252 26252 D Nappa   : TAG okHttpClient initialized
08-05 19:11:48.100 26252 26630 D CustomInterceptor: NETWORK-PROVIDER https://project-travel-mate.herokuapp.com/api/get-city-information/1
08-05 19:11:48.100 26252 26630 D Nappa   : F1_SCORE add_intercept_url - (new) - https://project-travel-mate.herokuapp.com/api/get-city-information/1
08-05 19:11:48.100 26252 26630 D Nappa   : F1_SCORE add_fn_url - (new) - https://project-travel-mate.herokuapp.com/api/get-city-information/1
08-05 19:11:48.100 26252 26630 D Nappa   : -------------F1_SCORE #6 -----------
08-05 19:11:48.100 26252 26630 D Nappa   : F1_SCORE - Intercept list (6)= [https://project-travel-mate.herokuapp.com/api/get-user, https://project-travel-mate.herokuapp.com/api/get-all-cities/10, https://project-travel-mate.herokuapp.com/api/number-of-unread-notifications, https://project-travel-mate.herokuapp.com/api/get-city-weather/1, https://project-travel-mate.herokuapp.com/api/get-city/1, https://project-travel-mate.herokuapp.com/api/get-city-information/1]
08-05 19:11:48.100 26252 26630 D Nappa   : F1_SCORE - Prefetch list (0)= []
08-05 19:11:48.100 26252 26630 D Nappa   : F1_SCORE - TP list (0)= []
08-05 19:11:48.100 26252 26630 D Nappa   : F1_SCORE - FN list (6)= [https://project-travel-mate.herokuapp.com/api/get-user, https://project-travel-mate.herokuapp.com/api/get-all-cities/10, https://project-travel-mate.herokuapp.com/api/number-of-unread-notifications, https://project-travel-mate.herokuapp.com/api/get-city-weather/1, https://project-travel-mate.herokuapp.com/api/get-city/1, https://project-travel-mate.herokuapp.com/api/get-city-information/1]
08-05 19:11:48.100 26252 26630 I NAPPA_EXPERIMENTATION: MetricPrefetchingAccuracy: LOG_ID='7',F1_SCORE_1='0.0',F1_SCORE_2='0.0',TRUE_POSITIVE='0',FALSE_POSITIVE='0',FALSE_NEGATIVE='6',
08-05 19:11:48.100 26252 26630 D CustomInterceptor: HEADER REQUEST
08-05 19:11:48.101 26252 26630 D CustomInterceptor: Authorization Token e817cf733b7893037942a7dc5507f3c5a98408e6
08-05 19:11:48.101 26252 26630 D CustomInterceptor: Cache-Control max-age=300, max-stale=300
08-05 19:11:48.101 26252 26630 D CustomInterceptor: CACHED STATS: size = '5', maxSize = '100', hitCount = '5', createCount = '0', putCount = '5', evictionCount = '0', missCount = '5', toString = 'LruCache[maxSize=100,hits=5,misses=5,hitRate=50%]', 
08-05 19:11:48.101 26252 26630 D CustomInterceptor: PREFLIB NOT A GET REQUEST OR NOT IN CACHEGET
08-05 19:11:48.101 26252 26252 D NappaLifecycleObserver: nappagreedy.io.github.project_travel_mate.destinations.description.CityHistoryActivity - onResume
08-05 19:11:48.101 26252 26252 D Nappa   : setCurrentActivity - MetricStrategyAccuracy - 
08-05 19:11:48.101 26252 26252 D Nappa   : madePredictionFromActivity = true, 
08-05 19:11:48.101 26252 26252 D Nappa   : fromActivity = nappagreedy.io.github.project_travel_mate.destinations.description.FinalCityInfoActivity, 
08-05 19:11:48.101 26252 26252 D Nappa   : predictedNextActivityFromActivity = [nappagreedy.io.github.project_travel_mate.destinations.description.CityHistoryActivity], 
08-05 19:11:48.101 26252 26252 D Nappa   : activity.getClass().getCanonicalName() = nappagreedy.io.github.project_travel_mate.destinations.description.CityHistoryActivity, 
08-05 19:11:48.101 26252 26252 D Nappa   : setCurrentActivity - MetricStrategyAccuracy - 
08-05 19:11:48.101 26252 26252 D Nappa   : madePredictionFromExtra = false, 
08-05 19:11:48.101 26252 26252 D Nappa   : fromActivity = nappagreedy.io.github.project_travel_mate.destinations.description.FinalCityInfoActivity, 
08-05 19:11:48.101 26252 26252 D Nappa   : predictedNextActivityFromExtra = [], 
08-05 19:11:48.101 26252 26252 D Nappa   : activity.getClass().getCanonicalName() = nappagreedy.io.github.project_travel_mate.destinations.description.CityHistoryActivity, 
08-05 19:11:48.101 26252 26252 D Nappa   : PREFETCH_ON_EXTRA - setCurrentActivity - logs - from activity - made prediction istrue
08-05 19:11:48.104 26252 26252 D Nappa   : PREFETCH_ON_EXTRA - setCurrentActivity - logs - from activity - start
08-05 19:11:48.104 26252 26252 D Nappa   : setCurrentActivity - MetricStrategyAccuracy - checking prediction VS current activity for activities
08-05 19:11:48.104 26252 26252 D GreedyPrefetchingStrategyOnVisitFrequencyAndTime: MetricStrategyAccuracy inc hits count1 | from act
08-05 19:11:48.104 26252 26252 I NAPPA_EXPERIMENTATION: MetricStrategyAccuracy: LOG_ID='3',EXECUTION_COUNT='3',CASES_COUNT='3',HIT_PERCENTAGE_TOTAL='33.333333333333336',HIT_PERCENTAGE_WHEN_PREDICTED='100.0',HIT_COUNT='1',MISS_COUNT='0',INSUFFICIENT_SCORE_COUNT='2',EXCEPTION_COUNT='0',NO_SUCCESSOR_COUNT='0',
08-05 19:11:48.104 26252 26252 D Nappa   : PREFETCH_ON_EXTRA - setCurrentActivity - logs - from activity- finished
08-05 19:11:48.200 26252 26269 D Nappa   : registerActivity: (already in) nappagreedy.io.github.project_travel_mate.destinations.description.FinalCityInfoActivity
08-05 19:11:48.200 26252 26269 D Nappa   : PARENTS 
08-05 19:11:48.200 26252 26269 D Nappa   : Of: nappagreedy.io.github.project_travel_mate.destinations.description.FinalCityInfoActivity -> 
08-05 19:11:48.200 26252 26269 D Nappa   : PARENTS nappagreedy.io.github.project_travel_mate.MainActivity
08-05 19:11:48.200 26252 26269 D Nappa   : PARENTS has extra: (cityobject_, objects.City@cf7d0a6)
08-05 19:11:48.200 26252 26269 D Nappa   : PARENTS nappagreedy.io.github.project_travel_mate.SplashActivity
08-05 19:11:48.204 26252 26265 I art     : Starting a blocking GC Explicit
08-05 19:11:48.206 26252 26252 D Nappa   : registerActivity: (already in) nappagreedy.io.github.project_travel_mate.destinations.description.CityHistoryActivity
08-05 19:11:48.206 26252 26252 D ActivityNode: ACTNODE UPDATING AFTER LOADING FROM DB
08-05 19:11:48.206 26252 26252 D ActivityGraph: LARDataCalculatedUpdate nappagreedy.io.github.project_travel_mate.destinations.description.CityHistoryActivity Pagerank: 0.25 HITS-Authority: 1.0 HITS-Hub: 1.0 SALSA-Authority: 1.0 SALSA-Hub: 1.0
08-05 19:11:48.206 26252 26252 D Nappa   : SHOULD_PREFETCH true
08-05 19:11:48.240 26252 26265 I art     : Explicit concurrent mark sweep GC freed 3866(326KB) AllocSpace objects, 2(40KB) LOS objects, 29% free, 38MB/54MB, paused 933us total 35.794ms
08-05 19:11:48.256 26252 26265 I art     : Starting a blocking GC Explicit
08-05 19:11:48.291 26252 26265 I art     : Explicit concurrent mark sweep GC freed 252(11KB) AllocSpace objects, 0(0B) LOS objects, 29% free, 38MB/54MB, paused 702us total 34.735ms
08-05 19:11:48.306 26252 26252 D Nappa   : registerActivity: (already in) nappagreedy.io.github.project_travel_mate.destinations.description.CityHistoryActivity
08-05 19:11:48.307 26252 26252 D Nappa   : STATS Number of requests not prefetched: 5
08-05 19:11:48.307 26252 26252 D Nappa   : STATS Number of requests prefetched: 0
08-05 19:11:48.307 26252 26252 D Nappa   : STATS Time saved until now: 0.0
08-05 19:11:48.307 26252 26265 I art     : Starting a blocking GC Explicit
08-05 19:11:48.349 26252 26265 I art     : Explicit concurrent mark sweep GC freed 220(8KB) AllocSpace objects, 0(0B) LOS objects, 29% free, 38MB/54MB, paused 767us total 41.443ms
08-05 19:11:48.364 26252 26265 I art     : Starting a blocking GC Explicit
08-05 19:11:48.402 26252 26265 I art     : Explicit concurrent mark sweep GC freed 712(20KB) AllocSpace objects, 0(0B) LOS objects, 27% free, 43MB/59MB, paused 1.080ms total 37.156ms
08-05 19:11:48.418 26252 26265 I art     : Starting a blocking GC Explicit
08-05 19:11:48.450 26252 26265 I art     : Explicit concurrent mark sweep GC freed 255(9KB) AllocSpace objects, 0(0B) LOS objects, 27% free, 43MB/59MB, paused 676us total 32.603ms
08-05 19:11:48.473 26252 26252 D ActivityNode: Observer - visit time - FinalCityInfoActivity - New aggregate visit time found is 72914 ms
08-05 19:11:48.478   918   936 I ActivityManager: Displayed nappagreedy.io.github.project_travel_mate/.destinations.description.CityHistoryActivity: +420ms
08-05 19:11:48.479 13866 13866 I GoogleInputMethodServic: GoogleInputMethodService.onFinishInput():3138 
08-05 19:11:48.479 26252 26252 D ActivityNode: Observer - session data - sourceCityHistoryActivity
08-05 19:11:48.479 26252 26252 D ActivityNode: destinations:
08-05 19:11:48.480 26252 26252 D ActivityNode: Observer - session data - sourceSplashActivity
08-05 19:11:48.480 26252 26252 D ActivityNode: destinations:
08-05 19:11:48.480 26252 26252 D ActivityNode: 	nappagreedy.io.github.project_travel_mate.MainActivity( count 5)
08-05 19:11:48.480 26252 26252 D ActivityNode: Observer - session data - sourceFinalCityInfoActivity
08-05 19:11:48.480 26252 26252 D ActivityNode: destinations:
08-05 19:11:48.480 26252 26252 D ActivityNode: 	nappagreedy.io.github.project_travel_mate.destinations.description.CityHistoryActivity( count 13)
08-05 19:11:48.480 26252 26252 D ActivityNode: 	nappagreedy.io.github.project_travel_mate.destinations.funfacts.FunFactsActivity( count 8)
08-05 19:11:48.480 26252 26252 D ActivityNode: Observer - session data - sourceMainActivity
08-05 19:11:48.480 26252 26252 D ActivityNode: destinations:
08-05 19:11:48.480 26252 26252 D ActivityNode: 	nappagreedy.io.github.project_travel_mate.destinations.description.FinalCityInfoActivity( count 9)
08-05 19:11:48.480 26252 26252 D ActivityNode: 	nappagreedy.io.github.project_travel_mate.utilities.ChecklistActivity( count 8)
08-05 19:11:48.480 26252 26252 D ActivityNode: 	nappagreedy.io.github.project_travel_mate.utilities.CompassActivity( count 8)
08-05 19:11:48.480 26252 26252 D ActivityNode: 	nappagreedy.io.github.project_travel_mate.utilities.UpcomingWeekendsActivity( count 16)
08-05 19:11:48.480 26252 26252 D ActivityNode: 	nappagreedy.io.github.project_travel_mate.notifications.NotificationsActivity( count 8)
08-05 19:11:48.480 26252 26252 D ActivityNode: Observer - session data - sourceChecklistActivity
08-05 19:11:48.480 26252 26252 D ActivityNode: destinations:
08-05 19:11:48.480 26252 26252 D ActivityNode: Observer - session data - sourceFunFactsActivity
08-05 19:11:48.480 26252 26252 D ActivityNode: destinations:
08-05 19:11:48.480 26252 26252 D ActivityNode: Observer - session data - sourceCompassActivity
08-05 19:11:48.480 26252 26252 D ActivityNode: destinations:
08-05 19:11:48.480 26252 26252 D ActivityNode: Observer - session data - sourceUpcomingWeekendsActivity
08-05 19:11:48.480 26252 26252 D ActivityNode: destinations:
08-05 19:11:48.480 26252 26252 D ActivityNode: Observer - session data - sourceNotificationsActivity
08-05 19:11:48.480 26252 26252 D ActivityNode: destinations:
08-05 19:11:48.487 13866 13866 I GoogleInputMethodServic: GoogleInputMethodService.onStartInput():1808 
08-05 19:11:48.504 26252 26269 D Nappa   : PREFETCH_ON_EXTRA - setCurrentActivity - logs - from extra - made prediction isfalse
08-05 19:11:48.609   512  2967 D audio_hw_primary: disable_audio_route: reset and update mixer path: low-latency-playback speaker
08-05 19:11:48.610   512  2967 D audio_hw_primary: disable_snd_device: snd_device(2: speaker)
08-05 19:11:48.618   512  2967 I soundtrigger: audio_extn_sound_trigger_update_device_status: device 0x2 of type 0 for Event 0
08-05 19:11:48.650 26252 26630 D CustomInterceptor: CACHE_CONTROL SETTING NEW MAX-AGE
08-05 19:11:48.651 26252 26630 D CustomInterceptor: HEADER RESPONSE
08-05 19:11:48.651 26252 26630 D CustomInterceptor: Allow GET, OPTIONS
08-05 19:11:48.651 26252 26630 D CustomInterceptor: Cache-Control public, immutable, max-age=300, only-if-cached, max-stale=300
08-05 19:11:48.651 26252 26630 D CustomInterceptor: Connection keep-alive
08-05 19:11:48.651 26252 26630 D CustomInterceptor: Content-Length 55024
08-05 19:11:48.652 26252 26630 D CustomInterceptor: Content-Type application/json
08-05 19:11:48.652 26252 26630 D CustomInterceptor: Date Wed, 05 Aug 2020 17:11:43 GMT
08-05 19:11:48.652 26252 26630 D CustomInterceptor: Expires Wed, 05 Aug 2020 17:16:48 GMT+00:00
08-05 19:11:48.652 26252 26630 D CustomInterceptor: Server gunicorn/19.8.1
08-05 19:11:48.652 26252 26630 D CustomInterceptor: Vary Accept
08-05 19:11:48.652 26252 26630 D CustomInterceptor: Via 1.1 vegur
08-05 19:11:48.652 26252 26630 D CustomInterceptor: X-Frame-Options SAMEORIGIN
08-05 19:11:48.652 26252 26630 D CustomInterceptor: CACHEABLE true
08-05 19:11:48.652 26252 26630 D CustomInterceptor: REQ https://project-travel-mate.herokuapp.com/api/get-city-information/1
08-05 19:11:48.652 26252 26630 D CustomInterceptor: REQ_SERV_BY net
08-05 19:11:48.652 26252 26630 D CustomInterceptor: PREFLIB Adding response to lrucache - https://project-travel-mate.herokuapp.com/api/get-city-information/1
08-05 19:11:48.660 26252 26630 D CustomInterceptor: interceptor_finished : return_type #3 : request served from remote and added to cache
08-05 19:11:48.661 26252 26630 I NAPPA_EXPERIMENTATION: MetricNetworkRequestExecutionTime: REQUEST_DURATION_SYSTEM='563',REQUEST_DURATION_OKHTTP='0',REQUEST_SYNCHRONOUS='FALSE',RESPONSE_CODE='200',RESPONSE_METHOD='GET',RESPONSE_LENGTH_OKHTTP='55024',RESPONSE_LENGTH_HEADER='-2',REQUEST_PROTOCOL='http/1.1',REQUEST_URL='https://project-travel-mate.herokuapp.com/api/get-city-information/1',
08-05 19:11:48.732 13866 13866 I GoogleInputMethodServic: GoogleInputMethodService.onFinishInput():3138 
08-05 19:11:48.733 13866 13866 I GoogleInputMethodServic: GoogleInputMethodService.onStartInput():1808 
08-05 19:11:48.738   380   380 W SurfaceFlinger: couldn't log to binary event log: overflow.
08-05 19:11:48.800 26252 26314 I art     : Starting a blocking GC Explicit
08-05 19:11:48.807 26252 26269 D Nappa   : PREFETCH_ON_EXTRA - setCurrentActivity - starting new prediction
08-05 19:11:48.807 26252 26269 D Nappa   : Current node - currentActivityName - nappagreedy.io.github.project_travel_mate.destinations.description.CityHistoryActivity
08-05 19:11:48.807 26252 26269 D Nappa   : Current node - activityGraph.getCurrent() - nappagreedy.io.github.project_travel_mate.destinations.description.CityHistoryActivity
08-05 19:11:48.807 26252 26269 I NAPPA_EXPERIMENTATION: MetricNappaPrefetchingStrategyExecutionTime: STRATEGY_CLASS='GreedyPrefetchingStrategyOnVisitFrequencyAndTime',DURATION='56875',NUMBER_OF_URLS='0',NUMBER_OF_SELECTED_CHILDREN_NODES='0',NUMBER_OF_CHILDREN_NODES='0',STRATEGY_RUN_SUCCESSFULLY='True',
08-05 19:11:48.807 26252 26269 D GreedyPrefetchingStrategyOnVisitFrequencyAndTime: ==================================
08-05 19:11:48.807 26252 26269 D GreedyPrefetchingStrategyOnVisitFrequencyAndTime: Starting Run #4
08-05 19:11:48.807 26252 26269 D GreedyPrefetchingStrategyOnVisitFrequencyAndTime: ----------------------------------
08-05 19:11:48.807 26252 26269 D GreedyPrefetchingStrategyOnVisitFrequencyAndTime: Node data CityHistoryActivity 
08-05 19:11:48.807 26252 26269 D GreedyPrefetchingStrategyOnVisitFrequencyAndTime: 	Successors:
08-05 19:11:48.807 26252 26269 D GreedyPrefetchingStrategyOnVisitFrequencyAndTime: 
08-05 19:11:48.807 26252 26269 D GreedyPrefetchingStrategyOnVisitFrequencyAndTime: 	Ancestors:
08-05 19:11:48.807 26252 26269 D GreedyPrefetchingStrategyOnVisitFrequencyAndTime: 		FinalCityInfoActivity (0 hits)
08-05 19:11:48.807 26252 26269 D GreedyPrefetchingStrategyOnVisitFrequencyAndTime: 
08-05 19:11:48.808 26252 26269 D GreedyPrefetchingStrategyOnVisitFrequencyAndTime: MetricStrategyAccuracy inc execution count4 | act = true; extra = false
08-05 19:11:48.808 26252 26269 D GreedyPrefetchingStrategyOnVisitFrequencyAndTime: MetricStrategyAccuracy inc no sucessor count1 | act = true; extra = false
08-05 19:11:48.808 26252 26269 D GreedyPrefetchingStrategyOnVisitFrequencyAndTime: ------------- Recursion #1 -----------
08-05 19:11:48.808 26252 26269 D GreedyPrefetchingStrategyOnVisitFrequencyAndTime: Best successors so far []
08-05 19:11:48.808 26252 26269 D GreedyPrefetchingStrategyOnVisitFrequencyAndTime: Checking node CityHistoryActivity with 0 successors
08-05 19:11:48.808 26252 26269 D GreedyPrefetchingStrategyOnVisitFrequencyAndTime: this node has no successors
08-05 19:11:48.808 26252 26269 D GreedyPrefetchingStrategyOnVisitFrequencyAndTime: Next visited child will be []
08-05 19:11:48.808 26252 26269 D GreedyPrefetchingStrategyOnVisitFrequencyAndTime: ==================================
08-05 19:11:48.808 26252 26269 D Nappa   : PREFETCH_ON_EXTRA - setCurrentActivity - finished new prediction
08-05 19:11:48.841 26252 26314 I art     : Explicit concurrent mark sweep GC freed 7406(1650KB) AllocSpace objects, 30(1412KB) LOS objects, 26% free, 43MB/59MB, paused 742us total 40.870ms
08-05 19:11:48.859 26252 26314 I art     : Starting a blocking GC Explicit
08-05 19:11:48.893 26252 26314 I art     : Explicit concurrent mark sweep GC freed 1416(129KB) AllocSpace objects, 0(0B) LOS objects, 26% free, 43MB/59MB, paused 622us total 34.233ms
08-05 19:11:48.909 26252 26314 I art     : Starting a blocking GC Explicit
08-05 19:11:48.945 26252 26314 I art     : Explicit concurrent mark sweep GC freed 219(3KB) AllocSpace objects, 1(4MB) LOS objects, 28% free, 39MB/55MB, paused 655us total 36.105ms
08-05 19:11:48.961 26252 26314 I art     : Starting a blocking GC Explicit
08-05 19:11:48.998 26252 26314 I art     : Explicit concurrent mark sweep GC freed 219(3KB) AllocSpace objects, 0(0B) LOS objects, 28% free, 39MB/55MB, paused 665us total 36.304ms
08-05 19:11:49.015 26252 26314 I art     : Starting a blocking GC Explicit
08-05 19:11:49.052 26252 26314 I art     : Explicit concurrent mark sweep GC freed 219(3KB) AllocSpace objects, 0(0B) LOS objects, 28% free, 39MB/55MB, paused 663us total 37.292ms
08-05 19:11:49.427 26252 26642 I art     : Starting a blocking GC Explicit
08-05 19:11:49.464 26252 26642 I art     : Explicit concurrent mark sweep GC freed 3430(125KB) AllocSpace objects, 2(40KB) LOS objects, 28% free, 39MB/55MB, paused 662us total 36.979ms
08-05 19:11:49.480 26252 26642 I art     : Starting a blocking GC Explicit
08-05 19:11:49.516 26252 26642 I art     : Explicit concurrent mark sweep GC freed 246(4KB) AllocSpace objects, 0(0B) LOS objects, 28% free, 39MB/55MB, paused 664us total 35.735ms
08-05 19:11:49.533 26252 26642 I art     : Starting a blocking GC Explicit
08-05 19:11:49.570 26252 26642 I art     : Explicit concurrent mark sweep GC freed 219(3KB) AllocSpace objects, 0(0B) LOS objects, 28% free, 39MB/55MB, paused 657us total 36.804ms
08-05 19:11:49.586 26252 26642 I art     : Starting a blocking GC Explicit
08-05 19:11:49.623 26252 26642 I art     : Explicit concurrent mark sweep GC freed 243(3KB) AllocSpace objects, 0(0B) LOS objects, 28% free, 39MB/55MB, paused 795us total 36.778ms
08-05 19:11:49.640 26252 26642 I art     : Starting a blocking GC Explicit
08-05 19:11:49.678 26252 26642 I art     : Explicit concurrent mark sweep GC freed 268(4KB) AllocSpace objects, 0(0B) LOS objects, 28% free, 39MB/55MB, paused 675us total 37.791ms
08-05 19:11:50.088 26252 26264 I art     : Starting a blocking GC Explicit
08-05 19:11:50.128 26252 26264 I art     : Explicit concurrent mark sweep GC freed 3597(127KB) AllocSpace objects, 2(40KB) LOS objects, 28% free, 39MB/55MB, paused 805us total 39.477ms
08-05 19:11:50.146 26252 26264 I art     : Starting a blocking GC Explicit
08-05 19:11:50.186 26252 26264 I art     : Explicit concurrent mark sweep GC freed 252(4KB) AllocSpace objects, 0(0B) LOS objects, 28% free, 39MB/55MB, paused 678us total 39.055ms
08-05 19:11:50.203 26252 26264 I art     : Starting a blocking GC Explicit
08-05 19:11:50.240 26252 26264 I art     : Explicit concurrent mark sweep GC freed 222(3KB) AllocSpace objects, 0(0B) LOS objects, 28% free, 39MB/55MB, paused 773us total 37.406ms
08-05 19:11:50.257 26252 26264 I art     : Starting a blocking GC Explicit
08-05 19:11:50.296 26252 26264 I art     : Explicit concurrent mark sweep GC freed 267(4KB) AllocSpace objects, 0(0B) LOS objects, 28% free, 39MB/55MB, paused 709us total 39.118ms
08-05 19:11:50.313 26252 26264 I art     : Starting a blocking GC Explicit
08-05 19:11:50.353 26252 26264 I art     : Explicit concurrent mark sweep GC freed 263(4KB) AllocSpace objects, 0(0B) LOS objects, 28% free, 39MB/55MB, paused 661us total 39.180ms
08-05 19:11:50.751 26252 26265 I art     : Starting a blocking GC Explicit
08-05 19:11:50.793 26252 26265 I art     : Explicit concurrent mark sweep GC freed 3520(128KB) AllocSpace objects, 2(40KB) LOS objects, 28% free, 39MB/55MB, paused 718us total 41.285ms
08-05 19:11:50.813 26252 26265 I art     : Starting a blocking GC Explicit
08-05 19:11:50.851 26252 26265 I art     : Explicit concurrent mark sweep GC freed 308(5KB) AllocSpace objects, 0(0B) LOS objects, 28% free, 39MB/55MB, paused 667us total 37.427ms
08-05 19:11:50.868 26252 26265 I art     : Starting a blocking GC Explicit
08-05 19:11:50.905 26252 26265 I art     : Explicit concurrent mark sweep GC freed 220(3KB) AllocSpace objects, 0(0B) LOS objects, 28% free, 39MB/55MB, paused 665us total 37.230ms
08-05 19:11:50.922 26252 26265 I art     : Starting a blocking GC Explicit
08-05 19:11:50.959 26252 26265 I art     : Explicit concurrent mark sweep GC freed 242(3KB) AllocSpace objects, 0(0B) LOS objects, 28% free, 39MB/55MB, paused 782us total 37.350ms
08-05 19:11:50.976 26252 26265 I art     : Starting a blocking GC Explicit
08-05 19:11:51.015 26252 26265 I art     : Explicit concurrent mark sweep GC freed 267(4KB) AllocSpace objects, 0(0B) LOS objects, 28% free, 39MB/55MB, paused 713us total 38.283ms
08-05 19:11:51.416 26252 26314 I art     : Starting a blocking GC Explicit
08-05 19:11:51.457 26252 26314 I art     : Explicit concurrent mark sweep GC freed 3507(130KB) AllocSpace objects, 2(40KB) LOS objects, 28% free, 39MB/55MB, paused 660us total 39.847ms
08-05 19:11:51.473 26252 26314 I art     : Starting a blocking GC Explicit
08-05 19:11:51.513 26252 26314 I art     : Explicit concurrent mark sweep GC freed 280(5KB) AllocSpace objects, 0(0B) LOS objects, 28% free, 39MB/55MB, paused 732us total 39.252ms
08-05 19:11:51.530 26252 26314 I art     : Starting a blocking GC Explicit
08-05 19:11:51.569 26252 26314 I art     : Explicit concurrent mark sweep GC freed 256(4KB) AllocSpace objects, 0(0B) LOS objects, 28% free, 39MB/55MB, paused 722us total 38.764ms
08-05 19:11:51.586 26252 26314 I art     : Starting a blocking GC Explicit
08-05 19:11:51.625 26252 26314 I art     : Explicit concurrent mark sweep GC freed 222(3KB) AllocSpace objects, 0(0B) LOS objects, 28% free, 39MB/55MB, paused 719us total 38.840ms
08-05 19:11:51.642 26252 26314 I art     : Starting a blocking GC Explicit
08-05 19:11:51.681 26252 26314 I art     : Explicit concurrent mark sweep GC freed 274(4KB) AllocSpace objects, 0(0B) LOS objects, 28% free, 39MB/55MB, paused 693us total 38.843ms
08-05 19:11:52.087 26252 26642 I art     : Starting a blocking GC Explicit
08-05 19:11:52.128 26252 26642 I art     : Explicit concurrent mark sweep GC freed 3541(131KB) AllocSpace objects, 2(40KB) LOS objects, 28% free, 39MB/55MB, paused 967us total 40.978ms
08-05 19:11:52.147 26252 26642 I art     : Starting a blocking GC Explicit
08-05 19:11:52.186 26252 26642 I art     : Explicit concurrent mark sweep GC freed 298(5KB) AllocSpace objects, 0(0B) LOS objects, 28% free, 39MB/55MB, paused 690us total 38.392ms
08-05 19:11:52.203 26252 26642 I art     : Starting a blocking GC Explicit
08-05 19:11:52.242 26252 26642 I art     : Explicit concurrent mark sweep GC freed 220(3KB) AllocSpace objects, 0(0B) LOS objects, 28% free, 39MB/55MB, paused 756us total 38.838ms
08-05 19:11:52.258 26252 26642 I art     : Starting a blocking GC Explicit
08-05 19:11:52.296 26252 26642 I art     : Explicit concurrent mark sweep GC freed 289(4KB) AllocSpace objects, 0(0B) LOS objects, 28% free, 39MB/55MB, paused 654us total 37.490ms
08-05 19:11:52.313 26252 26642 I art     : Starting a blocking GC Explicit
08-05 19:11:52.346 26252 26642 I art     : Explicit concurrent mark sweep GC freed 221(3KB) AllocSpace objects, 0(0B) LOS objects, 28% free, 39MB/55MB, paused 613us total 33.232ms
08-05 19:11:52.695 26252 26264 I art     : Starting a blocking GC Explicit
08-05 19:11:52.733 26252 26264 I art     : Explicit concurrent mark sweep GC freed 3269(125KB) AllocSpace objects, 2(40KB) LOS objects, 28% free, 39MB/55MB, paused 857us total 37.989ms
08-05 19:11:52.750 26252 26264 I art     : Starting a blocking GC Explicit
08-05 19:11:52.787 26252 26264 I art     : Explicit concurrent mark sweep GC freed 268(4KB) AllocSpace objects, 0(0B) LOS objects, 28% free, 39MB/55MB, paused 667us total 36.516ms
08-05 19:11:52.803 26252 26264 I art     : Starting a blocking GC Explicit
08-05 19:11:52.831 26694 26694 D AndroidRuntime: >>>>>> START com.android.internal.os.RuntimeInit uid 2000 <<<<<<
08-05 19:11:52.837 26694 26694 D AndroidRuntime: CheckJNI is OFF
08-05 19:11:52.840 26252 26264 I art     : Explicit concurrent mark sweep GC freed 219(3KB) AllocSpace objects, 0(0B) LOS objects, 28% free, 39MB/55MB, paused 744us total 37.171ms
08-05 19:11:52.858 26252 26264 I art     : Starting a blocking GC Explicit
08-05 19:11:52.882 26694 26694 D ICU     : No timezone override file found: /data/misc/zoneinfo/current/icu/icu_tzdata.dat
08-05 19:11:52.895 26252 26264 I art     : Explicit concurrent mark sweep GC freed 240(3KB) AllocSpace objects, 0(0B) LOS objects, 28% free, 39MB/55MB, paused 878us total 36.927ms
08-05 19:11:52.911 26252 26264 I art     : Starting a blocking GC Explicit
08-05 19:11:52.927 26694 26694 I Radio-JNI: register_android_hardware_Radio DONE
08-05 19:11:52.949 26252 26264 I art     : Explicit concurrent mark sweep GC freed 250(4KB) AllocSpace objects, 0(0B) LOS objects, 28% free, 39MB/55MB, paused 772us total 37.394ms
08-05 19:11:52.957 26694 26694 D AndroidRuntime: Calling main entry com.android.commands.input.Input
08-05 19:11:52.958 26694 26694 I Input   : injectKeyEvent: KeyEvent { action=ACTION_DOWN, keyCode=KEYCODE_BACK, scanCode=0, metaState=0, flags=0x0, repeatCount=0, eventTime=817929372, downTime=817929372, deviceId=-1, source=0x101 }
08-05 19:11:52.965 26694 26694 I Input   : injectKeyEvent: KeyEvent { action=ACTION_UP, keyCode=KEYCODE_BACK, scanCode=0, metaState=0, flags=0x0, repeatCount=0, eventTime=817929372, downTime=817929372, deviceId=-1, source=0x101 }
08-05 19:11:52.972 26252 26252 D NappaLifecycleObserver: nappagreedy.io.github.project_travel_mate.destinations.description.CityHistoryActivity - onPause
08-05 19:11:52.972 26694 26694 D AndroidRuntime: Shutting down VM
08-05 19:11:52.972 26252 26252 D Nappa   : Stayed on nappagreedy.io.github.project_travel_mate.destinations.description.CityHistoryActivity for 4665 ms
08-05 19:11:52.986 26252 26252 D NappaLifecycleObserver: nappagreedy.io.github.project_travel_mate.destinations.description.FinalCityInfoActivity - onResume
08-05 19:11:52.986 26252 26252 D Nappa   : setCurrentActivity - MetricStrategyAccuracy - 
08-05 19:11:52.986 26252 26252 D Nappa   : madePredictionFromActivity = true, 
08-05 19:11:52.986 26252 26252 D Nappa   : fromActivity = nappagreedy.io.github.project_travel_mate.destinations.description.CityHistoryActivity, 
08-05 19:11:52.986 26252 26252 D Nappa   : predictedNextActivityFromActivity = [], 
08-05 19:11:52.986 26252 26252 D Nappa   : activity.getClass().getCanonicalName() = nappagreedy.io.github.project_travel_mate.destinations.description.FinalCityInfoActivity, 
08-05 19:11:52.986 26252 26252 D Nappa   : setCurrentActivity - MetricStrategyAccuracy - 
08-05 19:11:52.986 26252 26252 D Nappa   : madePredictionFromExtra = false, 
08-05 19:11:52.986 26252 26252 D Nappa   : fromActivity = nappagreedy.io.github.project_travel_mate.destinations.description.CityHistoryActivity, 
08-05 19:11:52.986 26252 26252 D Nappa   : predictedNextActivityFromExtra = [], 
08-05 19:11:52.986 26252 26252 D Nappa   : activity.getClass().getCanonicalName() = nappagreedy.io.github.project_travel_mate.destinations.description.FinalCityInfoActivity, 
08-05 19:11:52.986 26252 26252 D Nappa   : PREFETCH_ON_EXTRA - setCurrentActivity - logs - from activity - made prediction istrue
08-05 19:11:52.986 26252 26252 D Nappa   : PREFETCH_ON_EXTRA - setCurrentActivity - logs - from activity - start
08-05 19:11:52.986 26252 26252 I NAPPA_EXPERIMENTATION: MetricStrategyAccuracy: LOG_ID='4',EXECUTION_COUNT='4',CASES_COUNT='4',HIT_PERCENTAGE_TOTAL='25.0',HIT_PERCENTAGE_WHEN_PREDICTED='100.0',HIT_COUNT='1',MISS_COUNT='0',INSUFFICIENT_SCORE_COUNT='2',EXCEPTION_COUNT='0',NO_SUCCESSOR_COUNT='1',
08-05 19:11:52.986 26252 26252 D Nappa   : PREFETCH_ON_EXTRA - setCurrentActivity - logs - from activity- finished
08-05 19:11:52.993   918   937 W ProcessCpuTracker: Skipping unknown process pid 26702
08-05 19:11:52.994   918   937 W ProcessCpuTracker: Skipping unknown process pid 26704
08-05 19:11:52.994   918   937 W ProcessCpuTracker: Skipping unknown process pid 26705
08-05 19:11:53.087 26252 26252 D Nappa   : registerActivity: (already in) nappagreedy.io.github.project_travel_mate.destinations.description.FinalCityInfoActivity
08-05 19:11:53.087 26252 26252 D ActivityGraph: LARDataCalculatedUpdate nappagreedy.io.github.project_travel_mate.destinations.description.FinalCityInfoActivity Pagerank: 0.25 HITS-Authority: 1.0 HITS-Hub: 1.0 SALSA-Authority: 1.0 SALSA-Hub: 1.0
08-05 19:11:53.087 26252 26252 D Nappa   : SHOULD_PREFETCH false
08-05 19:11:53.087 26252 26252 D Nappa   : STATS Number of requests not prefetched: 6
08-05 19:11:53.087 26252 26252 D Nappa   : STATS Number of requests prefetched: 0
08-05 19:11:53.087 26252 26252 D Nappa   : STATS Time saved until now: 0.0
08-05 19:11:53.129 26252 26252 D ActivityNode: Observer - visit time - CityHistoryActivity - New aggregate visit time found is 58701 ms
08-05 19:11:53.134 13866 13866 I GoogleInputMethodServic: GoogleInputMethodService.onFinishInput():3138 
08-05 19:11:53.135 13866 13866 I GoogleInputMethodServic: GoogleInputMethodService.onStartInput():1808 
08-05 19:11:53.306 26252 26642 I art     : Starting a blocking GC Explicit
08-05 19:11:53.353 26252 26642 I art     : Explicit concurrent mark sweep GC freed 3389(150KB) AllocSpace objects, 2(40KB) LOS objects, 28% free, 39MB/55MB, paused 942us total 45.911ms
08-05 19:11:53.370 26252 26642 I art     : Starting a blocking GC Explicit
08-05 19:11:53.387 26252 26269 D Nappa   : PREFETCH_ON_EXTRA - setCurrentActivity - logs - from extra - made prediction isfalse
08-05 19:11:53.404 26252 26642 I art     : Explicit concurrent mark sweep GC freed 462(13KB) AllocSpace objects, 0(0B) LOS objects, 28% free, 39MB/55MB, paused 637us total 33.741ms
08-05 19:11:53.420 26252 26642 I art     : Starting a blocking GC Explicit
08-05 19:11:53.426   380   380 W SurfaceFlinger: couldn't log to binary event log: overflow.
08-05 19:11:53.431 26252 26252 D NappaLifecycleObserver: nappagreedy.io.github.project_travel_mate.destinations.description.CityHistoryActivity - onDestroy
08-05 19:11:53.432 26252 26252 D NappaLifecycleObserver: -------------F1_SCORE #7 -----------
08-05 19:11:53.432 26252 26252 D NappaLifecycleObserver: F1_SCORE - Intercept list (6)= [https://project-travel-mate.herokuapp.com/api/get-user, https://project-travel-mate.herokuapp.com/api/get-all-cities/10, https://project-travel-mate.herokuapp.com/api/number-of-unread-notifications, https://project-travel-mate.herokuapp.com/api/get-city-weather/1, https://project-travel-mate.herokuapp.com/api/get-city/1, https://project-travel-mate.herokuapp.com/api/get-city-information/1]
08-05 19:11:53.432 26252 26252 D NappaLifecycleObserver: F1_SCORE - Prefetch list (0)= []
08-05 19:11:53.432 26252 26252 D NappaLifecycleObserver: F1_SCORE - TP list (0)= []
08-05 19:11:53.432 26252 26252 D NappaLifecycleObserver: F1_SCORE - FN list (6)= [https://project-travel-mate.herokuapp.com/api/get-user, https://project-travel-mate.herokuapp.com/api/get-all-cities/10, https://project-travel-mate.herokuapp.com/api/number-of-unread-notifications, https://project-travel-mate.herokuapp.com/api/get-city-weather/1, https://project-travel-mate.herokuapp.com/api/get-city/1, https://project-travel-mate.herokuapp.com/api/get-city-information/1]
08-05 19:11:53.432 26252 26252 I NAPPA_EXPERIMENTATION: MetricPrefetchingAccuracy: LOG_ID='8',F1_SCORE_1='0.0',F1_SCORE_2='0.0',TRUE_POSITIVE='0',FALSE_POSITIVE='0',FALSE_NEGATIVE='6',
08-05 19:11:53.456 26252 26642 I art     : Explicit concurrent mark sweep GC freed 326(21KB) AllocSpace objects, 0(0B) LOS objects, 28% free, 39MB/55MB, paused 642us total 36.089ms
08-05 19:11:53.472 26252 26642 I art     : Starting a blocking GC Explicit
08-05 19:11:53.506 26252 26642 I art     : Explicit concurrent mark sweep GC freed 153(2768B) AllocSpace objects, 0(0B) LOS objects, 28% free, 39MB/55MB, paused 641us total 34.272ms
08-05 19:11:53.522 26252 26642 I art     : Starting a blocking GC Explicit
08-05 19:11:53.556 26252 26642 I art     : Explicit concurrent mark sweep GC freed 4870(342KB) AllocSpace objects, 7(132KB) LOS objects, 29% free, 38MB/54MB, paused 636us total 34.301ms
08-05 19:11:53.935 26252 26265 I art     : Starting a blocking GC Explicit
08-05 19:11:53.971 26252 26265 I art     : Explicit concurrent mark sweep GC freed 2832(114KB) AllocSpace objects, 2(40KB) LOS objects, 29% free, 38MB/54MB, paused 658us total 35.183ms
08-05 19:11:53.987 26252 26265 I art     : Starting a blocking GC Explicit
08-05 19:11:54.022 26252 26265 I art     : Explicit concurrent mark sweep GC freed 174(3KB) AllocSpace objects, 0(0B) LOS objects, 29% free, 38MB/54MB, paused 653us total 34.395ms
08-05 19:11:54.038 26252 26265 I art     : Starting a blocking GC Explicit
08-05 19:11:54.073 26252 26265 I art     : Explicit concurrent mark sweep GC freed 147(2496B) AllocSpace objects, 0(0B) LOS objects, 29% free, 38MB/54MB, paused 639us total 34.913ms
08-05 19:11:54.089 26252 26265 I art     : Starting a blocking GC Explicit
08-05 19:11:54.125 26252 26265 I art     : Explicit concurrent mark sweep GC freed 147(2496B) AllocSpace objects, 0(0B) LOS objects, 29% free, 38MB/54MB, paused 648us total 35.021ms
08-05 19:11:54.141 26252 26265 I art     : Starting a blocking GC Explicit
08-05 19:11:54.176 26252 26265 I art     : Explicit concurrent mark sweep GC freed 147(2496B) AllocSpace objects, 0(0B) LOS objects, 29% free, 38MB/54MB, paused 636us total 34.862ms
08-05 19:11:54.547 26252 26314 I art     : Starting a blocking GC Explicit
08-05 19:11:54.585 26252 26314 I art     : Explicit concurrent mark sweep GC freed 2830(114KB) AllocSpace objects, 2(40KB) LOS objects, 29% free, 38MB/54MB, paused 626us total 37.634ms
08-05 19:11:54.601 26252 26314 I art     : Starting a blocking GC Explicit
08-05 19:11:54.636 26252 26314 I art     : Explicit concurrent mark sweep GC freed 174(3KB) AllocSpace objects, 0(0B) LOS objects, 29% free, 38MB/54MB, paused 668us total 34.621ms
08-05 19:11:54.652 26252 26314 I art     : Starting a blocking GC Explicit
08-05 19:11:54.689 26252 26314 I art     : Explicit concurrent mark sweep GC freed 147(2496B) AllocSpace objects, 0(0B) LOS objects, 29% free, 38MB/54MB, paused 690us total 35.899ms
08-05 19:11:54.705 26252 26314 I art     : Starting a blocking GC Explicit
08-05 19:11:54.740 26252 26314 I art     : Explicit concurrent mark sweep GC freed 147(2496B) AllocSpace objects, 0(0B) LOS objects, 29% free, 38MB/54MB, paused 695us total 34.358ms
08-05 19:11:54.745 26737 26737 D AndroidRuntime: >>>>>> START com.android.internal.os.RuntimeInit uid 2000 <<<<<<
08-05 19:11:54.752 26737 26737 D AndroidRuntime: CheckJNI is OFF
08-05 19:11:54.756 26252 26314 I art     : Starting a blocking GC Explicit
08-05 19:11:54.791 26252 26314 I art     : Explicit concurrent mark sweep GC freed 147(2496B) AllocSpace objects, 0(0B) LOS objects, 29% free, 38MB/54MB, paused 676us total 34.116ms
08-05 19:11:54.796 26737 26737 D ICU     : No timezone override file found: /data/misc/zoneinfo/current/icu/icu_tzdata.dat
08-05 19:11:54.843 26737 26737 I Radio-JNI: register_android_hardware_Radio DONE
08-05 19:11:54.872 26737 26737 D AndroidRuntime: Calling main entry com.android.commands.input.Input
08-05 19:11:54.874 26737 26737 I Input   : injectMotionEvent: MotionEvent { action=ACTION_DOWN, actionButton=0, id[0]=0, x[0]=504.0, y[0]=1706.0, toolType[0]=TOOL_TYPE_UNKNOWN, buttonState=0, metaState=0, flags=0x0, edgeFlags=0x0, pointerCount=1, historySize=0, eventTime=817931286, downTime=817931286, deviceId=0, source=0x1002 }
08-05 19:11:54.880 26737 26737 I Input   : injectMotionEvent: MotionEvent { action=ACTION_UP, actionButton=0, id[0]=0, x[0]=504.0, y[0]=1706.0, toolType[0]=TOOL_TYPE_UNKNOWN, buttonState=0, metaState=0, flags=0x0, edgeFlags=0x0, pointerCount=1, historySize=0, eventTime=817931286, downTime=817931286, deviceId=0, source=0x1002 }
08-05 19:11:54.886 26737 26737 D AndroidRuntime: Shutting down VM
08-05 19:11:54.887 26252 26252 D NappaIntentExtras: ==================
08-05 19:11:54.887 26252 26269 D Nappa   : PREFETCH_ON_EXTRA - notifyExtras- start
08-05 19:11:54.887 26252 26252 D NappaIntentExtras: Log #4
