08-05 19:11:36.035 26252 26252 D ActivityNode: Observer - intent extra - ChecklistActivity
08-05 19:11:36.035 26252 26252 D ActivityNode: Extras:
08-05 19:11:36.035 26252 26252 D ActivityNode: Observer - session data - sourceCompassActivity
08-05 19:11:36.035 26252 26252 D ActivityNode: destinations:
08-05 19:11:36.035 26252 26252 D ActivityNode: Observer - visit time - ChecklistActivity - New aggregate visit time found is 36217 ms
08-05 19:11:36.035 26252 26252 D PARAM   : COUNT: 0
08-05 19:11:36.035 26252 26252 D ActivityNode: Observer - URL candidate CompassActivity[]
08-05 19:11:36.035 26252 26252 D ActivityNode: Observer - intent extra - CompassActivity
08-05 19:11:36.035 26252 26252 D ActivityNode: Extras:
08-05 19:11:36.035 26252 26252 D ActivityNode: Observer - visit time - FunFactsActivity - New aggregate visit time found is 20217 ms
08-05 19:11:36.035 26252 26252 D ActivityNode: Observer - session data - sourceUpcomingWeekendsActivity
08-05 19:11:36.035 26252 26252 D ActivityNode: destinations:
08-05 19:11:36.035 26252 26252 D PARAM   : COUNT: 0
08-05 19:11:36.035 26252 26252 D ActivityNode: Observer - URL candidate UpcomingWeekendsActivity[]
08-05 19:11:36.035 26252 26252 D ActivityNode: Observer - visit time - CompassActivity - New aggregate visit time found is 19106 ms
08-05 19:11:36.036 26252 26252 D ActivityNode: Observer - session data - sourceNotificationsActivity
08-05 19:11:36.036 26252 26252 D ActivityNode: destinations:
08-05 19:11:36.036 26252 26252 D ActivityNode: Observer - intent extra - UpcomingWeekendsActivity
08-05 19:11:36.036 26252 26252 D ActivityNode: Extras:
08-05 19:11:36.038   918   936 I ActivityManager: Displayed nappagreedy.io.github.project_travel_mate/.SplashActivity: +2s784ms
08-05 19:11:36.039 26252 26252 D ActivityNode: Observer - visit time - UpcomingWeekendsActivity - New aggregate visit time found is 73343 ms
08-05 19:11:36.039 26252 26252 D ActivityNode: Observer - visit time - NotificationsActivity - New aggregate visit time found is 37171 ms
08-05 19:11:36.039 26252 26252 D PARAM   : COUNT: 0
08-05 19:11:36.039 26252 26252 D ActivityNode: Observer - URL candidate NotificationsActivity[]
08-05 19:11:36.039 26252 26252 D ActivityNode: Observer - intent extra - NotificationsActivity
08-05 19:11:36.039 26252 26252 D ActivityNode: Extras:
08-05 19:11:36.039 26252 26252 D ActivityNode: Observer - session data - sourceSplashActivity
08-05 19:11:36.039 26252 26252 D ActivityNode: destinations:
08-05 19:11:36.039 26252 26252 D ActivityNode: 	nappagreedy.io.github.project_travel_mate.MainActivity( count 4)
08-05 19:11:36.041 13866 13866 I GoogleInputMethodServic: GoogleInputMethodService.onFinishInput():3138 
08-05 19:11:36.042 13866 13866 I GoogleInputMethodServic: GoogleInputMethodService.onStartInput():1808 
08-05 19:11:36.265 26252 26314 I art     : Starting a blocking GC Explicit
08-05 19:11:36.280 26252 26314 I art     : Explicit concurrent mark sweep GC freed 47911(2MB) AllocSpace objects, 1(20KB) LOS objects, 40% free, 21MB/35MB, paused 200us total 14.766ms
08-05 19:11:36.288 26252 26314 I art     : Starting a blocking GC Explicit
08-05 19:11:36.298 26252 26314 I art     : Explicit concurrent mark sweep GC freed 997(42KB) AllocSpace objects, 0(0B) LOS objects, 40% free, 21MB/35MB, paused 139us total 9.925ms
08-05 19:11:36.305 26252 26314 I art     : Starting a blocking GC Explicit
08-05 19:11:36.315 26252 26314 I art     : Explicit concurrent mark sweep GC freed 3(96B) AllocSpace objects, 0(0B) LOS objects, 40% free, 21MB/35MB, paused 149us total 10.213ms
08-05 19:11:36.323 26252 26314 I art     : Starting a blocking GC Explicit
08-05 19:11:36.333 26252 26314 I art     : Explicit concurrent mark sweep GC freed 3(96B) AllocSpace objects, 0(0B) LOS objects, 40% free, 21MB/35MB, paused 148us total 9.799ms
08-05 19:11:36.340 26252 26314 I art     : Starting a blocking GC Explicit
08-05 19:11:36.350 26252 26314 I art     : Explicit concurrent mark sweep GC freed 3(96B) AllocSpace objects, 0(0B) LOS objects, 40% free, 21MB/35MB, paused 152us total 9.634ms
08-05 19:11:36.682 26252 26264 I art     : Starting a blocking GC Explicit
08-05 19:11:36.698 26252 26264 I art     : Explicit concurrent mark sweep GC freed 1506(89KB) AllocSpace objects, 1(20KB) LOS objects, 40% free, 21MB/35MB, paused 191us total 16.140ms
08-05 19:11:36.710 26252 26264 I art     : Starting a blocking GC Explicit
08-05 19:11:36.723 26252 26264 I art     : Explicit concurrent mark sweep GC freed 26(944B) AllocSpace objects, 0(0B) LOS objects, 40% free, 21MB/35MB, paused 162us total 12.404ms
08-05 19:11:36.731 26252 26264 I art     : Starting a blocking GC Explicit
08-05 19:11:36.743 26252 26264 I art     : Explicit concurrent mark sweep GC freed 3(96B) AllocSpace objects, 0(0B) LOS objects, 40% free, 21MB/35MB, paused 156us total 11.379ms
08-05 19:11:36.751 26252 26264 I art     : Starting a blocking GC Explicit
08-05 19:11:36.762 26252 26264 I art     : Explicit concurrent mark sweep GC freed 3(96B) AllocSpace objects, 0(0B) LOS objects, 40% free, 21MB/35MB, paused 153us total 10.514ms
08-05 19:11:36.770 26252 26264 I art     : Starting a blocking GC Explicit
08-05 19:11:36.781 26252 26264 I art     : Explicit concurrent mark sweep GC freed 7(272B) AllocSpace objects, 0(0B) LOS objects, 40% free, 21MB/35MB, paused 146us total 10.494ms
08-05 19:11:37.075 26252 26314 I art     : Starting a blocking GC Explicit
08-05 19:11:37.087 26252 26314 I art     : Explicit concurrent mark sweep GC freed 1505(92KB) AllocSpace objects, 1(20KB) LOS objects, 40% free, 21MB/35MB, paused 241us total 11.279ms
08-05 19:11:37.096 26252 26314 I art     : Starting a blocking GC Explicit
08-05 19:11:37.106 26252 26314 I art     : Explicit concurrent mark sweep GC freed 26(944B) AllocSpace objects, 0(0B) LOS objects, 40% free, 21MB/35MB, paused 244us total 10.432ms
08-05 19:11:37.117 26252 26314 I art     : Starting a blocking GC Explicit
08-05 19:11:37.129 26252 26314 I art     : Explicit concurrent mark sweep GC freed 3(96B) AllocSpace objects, 0(0B) LOS objects, 40% free, 21MB/35MB, paused 208us total 11.572ms
08-05 19:11:37.137 26252 26314 I art     : Starting a blocking GC Explicit
08-05 19:11:37.149 26252 26314 I art     : Explicit concurrent mark sweep GC freed 3(96B) AllocSpace objects, 0(0B) LOS objects, 40% free, 21MB/35MB, paused 183us total 11.613ms
08-05 19:11:37.157 26252 26314 I art     : Starting a blocking GC Explicit
08-05 19:11:37.168 26252 26314 I art     : Explicit concurrent mark sweep GC freed 3(96B) AllocSpace objects, 0(0B) LOS objects, 40% free, 21MB/35MB, paused 173us total 10.231ms
08-05 19:11:37.487 26252 26265 I art     : Starting a blocking GC Explicit
08-05 19:11:37.498 26252 26265 I art     : Explicit concurrent mark sweep GC freed 1503(89KB) AllocSpace objects, 1(20KB) LOS objects, 40% free, 21MB/35MB, paused 191us total 10.530ms
08-05 19:11:37.506 26252 26265 I art     : Starting a blocking GC Explicit
08-05 19:11:37.517 26252 26265 I art     : Explicit concurrent mark sweep GC freed 26(944B) AllocSpace objects, 0(0B) LOS objects, 40% free, 21MB/35MB, paused 252us total 10.175ms
08-05 19:11:37.525 26252 26265 I art     : Starting a blocking GC Explicit
08-05 19:11:37.536 26252 26265 I art     : Explicit concurrent mark sweep GC freed 3(96B) AllocSpace objects, 0(0B) LOS objects, 40% free, 21MB/35MB, paused 227us total 11.582ms
08-05 19:11:37.545 26252 26265 I art     : Starting a blocking GC Explicit
08-05 19:11:37.555 26252 26265 I art     : Explicit concurrent mark sweep GC freed 3(96B) AllocSpace objects, 0(0B) LOS objects, 40% free, 21MB/35MB, paused 181us total 9.980ms
08-05 19:11:37.563 26252 26265 I art     : Starting a blocking GC Explicit
08-05 19:11:37.573 26252 26265 I art     : Explicit concurrent mark sweep GC freed 3(96B) AllocSpace objects, 0(0B) LOS objects, 40% free, 21MB/35MB, paused 190us total 10.636ms
08-05 19:11:37.729 26252 26252 D NappaIntentExtras: ==================
08-05 19:11:37.729 26252 26252 D NappaIntentExtras: Log #1
08-05 19:11:37.729 26252 26252 D NappaIntentExtras: ------------------
08-05 19:11:37.729 26252 26252 D NappaIntentExtras: activity nappagreedy.io.github.project_travel_mate.destinations.description.CityHistoryActivity
08-05 19:11:37.729 26252 26252 D NappaIntentExtras: 	- No extras registered
08-05 19:11:37.729 26252 26252 D NappaIntentExtras: activity nappagreedy.io.github.project_travel_mate.MainActivity
08-05 19:11:37.729 26252 26252 D NappaIntentExtras: 	- No extras registered
08-05 19:11:37.729 26252 26252 D NappaIntentExtras: activity nappagreedy.io.github.project_travel_mate.SplashActivity
08-05 19:11:37.729 26252 26252 D NappaIntentExtras: 	- No extras registered
08-05 19:11:37.729 26252 26252 D NappaIntentExtras: activity nappagreedy.io.github.project_travel_mate.utilities.CompassActivity
08-05 19:11:37.730 26252 26252 D NappaIntentExtras: 	- No extras registered
08-05 19:11:37.730 26252 26252 D NappaIntentExtras: activity nappagreedy.io.github.project_travel_mate.notifications.NotificationsActivity
08-05 19:11:37.730 26252 26252 D NappaIntentExtras: 	- No extras registered
08-05 19:11:37.730 26252 26252 D NappaIntentExtras: activity nappagreedy.io.github.project_travel_mate.destinations.funfacts.FunFactsActivity
08-05 19:11:37.730 26252 26252 D NappaIntentExtras: 	- No extras registered
08-05 19:11:37.730 26252 26252 D NappaIntentExtras: activity nappagreedy.io.github.project_travel_mate.utilities.UpcomingWeekendsActivity
08-05 19:11:37.730 26252 26252 D NappaIntentExtras: 	- No extras registered
08-05 19:11:37.730 26252 26252 D NappaIntentExtras: activity nappagreedy.io.github.project_travel_mate.utilities.ChecklistActivity
08-05 19:11:37.730 26252 26252 D NappaIntentExtras: 	- No extras registered
08-05 19:11:37.730 26252 26252 D NappaIntentExtras: activity nappagreedy.io.github.project_travel_mate.destinations.description.FinalCityInfoActivity
08-05 19:11:37.730 26252 26252 D NappaIntentExtras: 	- No extras registered
08-05 19:11:37.730 26252 26252 D NappaIntentExtras: ==================
08-05 19:11:37.731   918  3359 I ActivityManager: START u0 {cmp=nappagreedy.io.github.project_travel_mate/.MainActivity} from uid 10677 on display 0
08-05 19:11:37.787 26252 26252 D NappaLifecycleObserver: nappagreedy.io.github.project_travel_mate.SplashActivity - onPause
08-05 19:11:37.787 26252 26252 D Nappa   : Stayed on nappagreedy.io.github.project_travel_mate.SplashActivity for 2043 ms
08-05 19:11:37.935 26252 26265 I art     : Starting a blocking GC Explicit
08-05 19:11:37.950 26252 26265 I art     : Explicit concurrent mark sweep GC freed 3670(330KB) AllocSpace objects, 1(20KB) LOS objects, 40% free, 21MB/35MB, paused 605us total 14.718ms
08-05 19:11:37.958 26252 26265 I art     : Starting a blocking GC Explicit
08-05 19:11:37.969 26252 26265 I art     : Explicit concurrent mark sweep GC freed 1733(98KB) AllocSpace objects, 0(0B) LOS objects, 40% free, 21MB/35MB, paused 230us total 10.907ms
08-05 19:11:37.977 26252 26265 I art     : Starting a blocking GC Explicit
08-05 19:11:37.988 26252 26265 I art     : Explicit concurrent mark sweep GC freed 139(56KB) AllocSpace objects, 0(0B) LOS objects, 40% free, 21MB/35MB, paused 573us total 11.247ms
08-05 19:11:37.996 26252 26265 I art     : Starting a blocking GC Explicit
08-05 19:11:38.014 26252 26265 I art     : Explicit concurrent mark sweep GC freed 144(31KB) AllocSpace objects, 0(0B) LOS objects, 40% free, 21MB/35MB, paused 3.354ms total 17.495ms
08-05 19:11:38.021 26252 26265 I art     : Starting a blocking GC Explicit
08-05 19:11:38.033 26252 26265 I art     : Explicit concurrent mark sweep GC freed 1328(102KB) AllocSpace objects, 1(20KB) LOS objects, 40% free, 21MB/35MB, paused 549us total 11.362ms
08-05 19:11:38.047 26252 26252 W Settings: Setting airplane_mode_on has moved from android.provider.Settings.System to android.provider.Settings.Global, returning read-only value.
08-05 19:11:38.070 26252 26252 V MainActivity: url=https://project-travel-mate.herokuapp.com/api/get-user
08-05 19:11:38.089 26252 26252 D Nappa   : TAG okHttpClient initialized
08-05 19:11:38.094 26252 26378 D CustomInterceptor: NETWORK-PROVIDER https://project-travel-mate.herokuapp.com/api/get-user
08-05 19:11:38.094 26252 26378 D Nappa   : F1_SCORE add_intercept_url - (new) - https://project-travel-mate.herokuapp.com/api/get-user
08-05 19:11:38.095 26252 26378 D Nappa   : F1_SCORE add_fn_url - (new) - https://project-travel-mate.herokuapp.com/api/get-user
08-05 19:11:38.095 26252 26378 D Nappa   : -------------F1_SCORE #0 -----------
08-05 19:11:38.095 26252 26378 D Nappa   : F1_SCORE - Intercept list (1)= [https://project-travel-mate.herokuapp.com/api/get-user]
08-05 19:11:38.095 26252 26378 D Nappa   : F1_SCORE - Prefetch list (0)= []
08-05 19:11:38.095 26252 26378 D Nappa   : F1_SCORE - TP list (0)= []
08-05 19:11:38.095 26252 26378 D Nappa   : F1_SCORE - FN list (1)= [https://project-travel-mate.herokuapp.com/api/get-user]
08-05 19:11:38.095 26252 26378 I NAPPA_EXPERIMENTATION: MetricPrefetchingAccuracy: LOG_ID='1',F1_SCORE_1='0.0',F1_SCORE_2='0.0',TRUE_POSITIVE='0',FALSE_POSITIVE='0',FALSE_NEGATIVE='1',
08-05 19:11:38.095 26252 26378 D CustomInterceptor: HEADER REQUEST
08-05 19:11:38.095 26252 26378 D CustomInterceptor: Authorization Token e817cf733b7893037942a7dc5507f3c5a98408e6
08-05 19:11:38.095 26252 26378 D CustomInterceptor: Cache-Control max-age=300, max-stale=300
08-05 19:11:38.096 26252 26378 D CustomInterceptor: CACHED STATS: size = '0', maxSize = '100', hitCount = '0', createCount = '0', putCount = '0', evictionCount = '0', missCount = '0', toString = 'LruCache[maxSize=100,hits=0,misses=0,hitRate=0%]', 
08-05 19:11:38.096 26252 26378 D CustomInterceptor: PREFLIB NOT A GET REQUEST OR NOT IN CACHEGET
08-05 19:11:38.114 26252 26379 W LOTTIE  : Unknown mask mode mode. Defaulting to Add.
08-05 19:11:38.121 26252 26379 W LOTTIE  : You have 5 images. Lottie should primarily be used with shapes. If you are using Adobe Illustrator, convert the Illustrator layers to shape layers.
08-05 19:11:38.123 26252 26379 W LOTTIE  : Unknown mask mode mode. Defaulting to Add.
08-05 19:11:38.123 26252 26379 W LOTTIE  : Unknown mask mode mode. Defaulting to Add.
08-05 19:11:38.157 26252 26252 V CityFragment: url=https://project-travel-mate.herokuapp.com/api/get-all-cities/10
08-05 19:11:38.158 26252 26252 D Nappa   : TAG okHttpClient initialized
08-05 19:11:38.158 26252 26383 D CustomInterceptor: NETWORK-PROVIDER https://project-travel-mate.herokuapp.com/api/get-all-cities/10
08-05 19:11:38.159 26252 26383 D Nappa   : F1_SCORE add_intercept_url - (new) - https://project-travel-mate.herokuapp.com/api/get-all-cities/10
08-05 19:11:38.159 26252 26383 D Nappa   : F1_SCORE add_fn_url - (new) - https://project-travel-mate.herokuapp.com/api/get-all-cities/10
08-05 19:11:38.159 26252 26383 D Nappa   : -------------F1_SCORE #1 -----------
08-05 19:11:38.159 26252 26383 D Nappa   : F1_SCORE - Intercept list (2)= [https://project-travel-mate.herokuapp.com/api/get-user, https://project-travel-mate.herokuapp.com/api/get-all-cities/10]
08-05 19:11:38.159 26252 26383 D Nappa   : F1_SCORE - Prefetch list (0)= []
08-05 19:11:38.159 26252 26383 D Nappa   : F1_SCORE - TP list (0)= []
08-05 19:11:38.159 26252 26383 D Nappa   : F1_SCORE - FN list (2)= [https://project-travel-mate.herokuapp.com/api/get-user, https://project-travel-mate.herokuapp.com/api/get-all-cities/10]
08-05 19:11:38.159 26252 26383 I NAPPA_EXPERIMENTATION: MetricPrefetchingAccuracy: LOG_ID='2',F1_SCORE_1='0.0',F1_SCORE_2='0.0',TRUE_POSITIVE='0',FALSE_POSITIVE='0',FALSE_NEGATIVE='2',
08-05 19:11:38.159 26252 26383 D CustomInterceptor: HEADER REQUEST
08-05 19:11:38.159 26252 26383 D CustomInterceptor: Authorization Token e817cf733b7893037942a7dc5507f3c5a98408e6
08-05 19:11:38.159 26252 26383 D CustomInterceptor: Cache-Control max-age=300, max-stale=300
08-05 19:11:38.159 26252 26383 D CustomInterceptor: CACHED STATS: size = '0', maxSize = '100', hitCount = '0', createCount = '0', putCount = '0', evictionCount = '0', missCount = '1', toString = 'LruCache[maxSize=100,hits=0,misses=1,hitRate=0%]', 
08-05 19:11:38.159 26252 26383 D CustomInterceptor: PREFLIB NOT A GET REQUEST OR NOT IN CACHEGET
08-05 19:11:38.159 26252 26252 D NappaLifecycleObserver: nappagreedy.io.github.project_travel_mate.MainActivity - onResume
08-05 19:11:38.159 26252 26252 D Nappa   : setCurrentActivity - MetricStrategyAccuracy - 
08-05 19:11:38.159 26252 26252 D Nappa   : madePredictionFromActivity = false, 
08-05 19:11:38.159 26252 26252 D Nappa   : fromActivity = nappagreedy.io.github.project_travel_mate.SplashActivity, 
08-05 19:11:38.159 26252 26252 D Nappa   : predictedNextActivityFromActivity = [], 
08-05 19:11:38.159 26252 26252 D Nappa   : activity.getClass().getCanonicalName() = nappagreedy.io.github.project_travel_mate.MainActivity, 
08-05 19:11:38.160 26252 26252 D Nappa   : setCurrentActivity - MetricStrategyAccuracy - 
08-05 19:11:38.160 26252 26252 D Nappa   : madePredictionFromExtra = false, 
08-05 19:11:38.160 26252 26252 D Nappa   : fromActivity = nappagreedy.io.github.project_travel_mate.SplashActivity, 
08-05 19:11:38.160 26252 26252 D Nappa   : predictedNextActivityFromExtra = [], 
08-05 19:11:38.160 26252 26252 D Nappa   : activity.getClass().getCanonicalName() = nappagreedy.io.github.project_travel_mate.MainActivity, 
08-05 19:11:38.160 26252 26252 D Nappa   : PREFETCH_ON_EXTRA - setCurrentActivity - logs - from activity - made prediction isfalse
08-05 19:11:38.195 26252 26269 D Nappa   : registerActivity: (already in) nappagreedy.io.github.project_travel_mate.SplashActivity
08-05 19:11:38.195 26252 26269 D Nappa   : PARENTS 
08-05 19:11:38.195 26252 26269 D Nappa   : Of: nappagreedy.io.github.project_travel_mate.SplashActivity -> 
08-05 19:11:38.260 26252 26252 D Nappa   : registerActivity: (already in) nappagreedy.io.github.project_travel_mate.MainActivity
08-05 19:11:38.260 26252 26252 D ActivityNode: ACTNODE UPDATING AFTER LOADING FROM DB
08-05 19:11:38.261 26252 26252 D ActivityGraph: LARDataCalculatedUpdate nappagreedy.io.github.project_travel_mate.MainActivity Pagerank: 0.25 HITS-Authority: 1.0 HITS-Hub: 1.0 SALSA-Authority: 1.0 SALSA-Hub: 1.0
08-05 19:11:38.261 26252 26252 D Nappa   : SHOULD_PREFETCH true
08-05 19:11:38.295 26252 26269 D Nappa   : registerActivity: (already in) nappagreedy.io.github.project_travel_mate.MainActivity
08-05 19:11:38.295 26252 26269 D Nappa   : PARENTS 
08-05 19:11:38.295 26252 26269 D Nappa   : Of: nappagreedy.io.github.project_travel_mate.MainActivity -> 
08-05 19:11:38.295 26252 26269 D Nappa   : PARENTS nappagreedy.io.github.project_travel_mate.SplashActivity
08-05 19:11:38.353 26252 26264 I art     : Starting a blocking GC Explicit
08-05 19:11:38.361 26252 26252 D Nappa   : registerActivity: (already in) nappagreedy.io.github.project_travel_mate.MainActivity
08-05 19:11:38.361 26252 26252 D Nappa   : SUCCESSORS nappagreedy.io.github.project_travel_mate.utilities.UpcomingWeekendsActivity
08-05 19:11:38.361 26252 26252 D Nappa   : SUCCESSORS nappagreedy.io.github.project_travel_mate.utilities.ChecklistActivity
08-05 19:11:38.361 26252 26252 D Nappa   : SUCCESSORS nappagreedy.io.github.project_travel_mate.destinations.description.FinalCityInfoActivity
08-05 19:11:38.361 26252 26252 D Nappa   : SUCCESSORS nappagreedy.io.github.project_travel_mate.notifications.NotificationsActivity
08-05 19:11:38.361 26252 26252 D Nappa   : SUCCESSORS nappagreedy.io.github.project_travel_mate.utilities.CompassActivity
08-05 19:11:38.361 26252 26252 D Nappa   : STATS Number of requests not prefetched: 0
08-05 19:11:38.361 26252 26252 D Nappa   : STATS Number of requests prefetched: 0
08-05 19:11:38.361 26252 26252 D Nappa   : STATS Time saved until now: 0.0
08-05 19:11:38.365 26252 26252 I Choreographer: Skipped 33 frames!  The application may be doing too much work on its main thread.
08-05 19:11:38.374 26252 26264 I art     : Explicit concurrent mark sweep GC freed 13691(843KB) AllocSpace objects, 1(20KB) LOS objects, 40% free, 23MB/39MB, paused 1.059ms total 20.578ms
08-05 19:11:38.384 26252 26264 I art     : Starting a blocking GC Explicit
08-05 19:11:38.400 26252 26264 I art     : Explicit concurrent mark sweep GC freed 844(41KB) AllocSpace objects, 0(0B) LOS objects, 40% free, 23MB/39MB, paused 271us total 15.806ms
08-05 19:11:38.413 26252 26264 I art     : Starting a blocking GC Explicit
08-05 19:11:38.426 26252 26264 I art     : Explicit concurrent mark sweep GC freed 119(4KB) AllocSpace objects, 0(0B) LOS objects, 40% free, 23MB/39MB, paused 270us total 13.103ms
08-05 19:11:38.437 26252 26264 I art     : Starting a blocking GC Explicit
08-05 19:11:38.451 26252 26264 I art     : Explicit concurrent mark sweep GC freed 60(2256B) AllocSpace objects, 0(0B) LOS objects, 40% free, 23MB/39MB, paused 258us total 13.542ms
08-05 19:11:38.462 26252 26264 I art     : Starting a blocking GC Explicit
08-05 19:11:38.476 26252 26264 I art     : Explicit concurrent mark sweep GC freed 3(96B) AllocSpace objects, 0(0B) LOS objects, 40% free, 23MB/39MB, paused 275us total 13.741ms
08-05 19:11:38.520 26252 26252 E RecyclerView: No adapter attached; skipping layout
08-05 19:11:38.560 26252 26269 D Nappa   : PREFETCH_ON_EXTRA - setCurrentActivity - logs - from extra - made prediction isfalse
08-05 19:11:38.702 26252 26252 V MainActivity: url = https://project-travel-mate.herokuapp.com/api/number-of-unread-notifications
08-05 19:11:38.703   918   936 I ActivityManager: Displayed nappagreedy.io.github.project_travel_mate/.MainActivity: +914ms
08-05 19:11:38.703 26252 26252 D Nappa   : TAG okHttpClient initialized
08-05 19:11:38.705 26252 26404 D CustomInterceptor: NETWORK-PROVIDER https://project-travel-mate.herokuapp.com/api/number-of-unread-notifications
08-05 19:11:38.705 26252 26404 D Nappa   : F1_SCORE add_intercept_url - (new) - https://project-travel-mate.herokuapp.com/api/number-of-unread-notifications
08-05 19:11:38.705 26252 26404 D Nappa   : F1_SCORE add_fn_url - (new) - https://project-travel-mate.herokuapp.com/api/number-of-unread-notifications
08-05 19:11:38.705 26252 26404 D Nappa   : -------------F1_SCORE #2 -----------
08-05 19:11:38.705 26252 26404 D Nappa   : F1_SCORE - Intercept list (3)= [https://project-travel-mate.herokuapp.com/api/get-user, https://project-travel-mate.herokuapp.com/api/get-all-cities/10, https://project-travel-mate.herokuapp.com/api/number-of-unread-notifications]
08-05 19:11:38.705 26252 26404 D Nappa   : F1_SCORE - Prefetch list (0)= []
08-05 19:11:38.705 26252 26404 D Nappa   : F1_SCORE - TP list (0)= []
08-05 19:11:38.705 26252 26404 D Nappa   : F1_SCORE - FN list (3)= [https://project-travel-mate.herokuapp.com/api/get-user, https://project-travel-mate.herokuapp.com/api/get-all-cities/10, https://project-travel-mate.herokuapp.com/api/number-of-unread-notifications]
08-05 19:11:38.705 26252 26404 I NAPPA_EXPERIMENTATION: MetricPrefetchingAccuracy: LOG_ID='3',F1_SCORE_1='0.0',F1_SCORE_2='0.0',TRUE_POSITIVE='0',FALSE_POSITIVE='0',FALSE_NEGATIVE='3',
08-05 19:11:38.705 26252 26404 D CustomInterceptor: HEADER REQUEST
08-05 19:11:38.705 26252 26404 D CustomInterceptor: Authorization Token e817cf733b7893037942a7dc5507f3c5a98408e6
08-05 19:11:38.705 26252 26404 D CustomInterceptor: Cache-Control max-age=300, max-stale=300
08-05 19:11:38.705 26252 26404 D CustomInterceptor: CACHED STATS: size = '0', maxSize = '100', hitCount = '0', createCount = '0', putCount = '0', evictionCount = '0', missCount = '2', toString = 'LruCache[maxSize=100,hits=0,misses=2,hitRate=0%]', 
08-05 19:11:38.705 26252 26404 D CustomInterceptor: PREFLIB NOT A GET REQUEST OR NOT IN CACHEGET
08-05 19:11:38.714 26252 26252 D ActivityNode: Observer - visit time - SplashActivity - New aggregate visit time found is 10146 ms
08-05 19:11:38.715 26252 26252 D ActivityNode: Observer - session data - sourceCityHistoryActivity
08-05 19:11:38.715 26252 26252 D ActivityNode: destinations:
08-05 19:11:38.715 26252 26252 D ActivityNode: Observer - session data - sourceFinalCityInfoActivity
08-05 19:11:38.715 26252 26252 D ActivityNode: destinations:
08-05 19:11:38.715 26252 26252 D ActivityNode: 	nappagreedy.io.github.project_travel_mate.destinations.description.CityHistoryActivity( count 12)
08-05 19:11:38.715 26252 26252 D ActivityNode: 	nappagreedy.io.github.project_travel_mate.destinations.funfacts.FunFactsActivity( count 8)
08-05 19:11:38.715 13866 13866 I GoogleInputMethodServic: GoogleInputMethodService.onFinishInput():3138 
08-05 19:11:38.715 26252 26252 D ActivityNode: Observer - session data - sourceSplashActivity
08-05 19:11:38.715 26252 26252 D ActivityNode: destinations:
08-05 19:11:38.715 26252 26252 D ActivityNode: 	nappagreedy.io.github.project_travel_mate.MainActivity( count 5)
08-05 19:11:38.715 26252 26252 D ActivityNode: Observer - session data - sourceMainActivity
08-05 19:11:38.715 26252 26252 D ActivityNode: destinations:
08-05 19:11:38.715 26252 26252 D ActivityNode: 	nappagreedy.io.github.project_travel_mate.destinations.description.FinalCityInfoActivity( count 8)
08-05 19:11:38.715 26252 26252 D ActivityNode: 	nappagreedy.io.github.project_travel_mate.utilities.ChecklistActivity( count 8)
08-05 19:11:38.715 26252 26252 D ActivityNode: 	nappagreedy.io.github.project_travel_mate.utilities.CompassActivity( count 8)
08-05 19:11:38.715 26252 26252 D ActivityNode: 	nappagreedy.io.github.project_travel_mate.utilities.UpcomingWeekendsActivity( count 16)
08-05 19:11:38.715 26252 26252 D ActivityNode: 	nappagreedy.io.github.project_travel_mate.notifications.NotificationsActivity( count 8)
08-05 19:11:38.716 26252 26252 D ActivityNode: Observer - session data - sourceFunFactsActivity
08-05 19:11:38.716 26252 26252 D ActivityNode: destinations:
08-05 19:11:38.716 26252 26252 D ActivityNode: Observer - session data - sourceChecklistActivity
08-05 19:11:38.716 26252 26252 D ActivityNode: destinations:
08-05 19:11:38.716 26252 26252 D ActivityNode: Observer - session data - sourceUpcomingWeekendsActivity
08-05 19:11:38.716 26252 26252 D ActivityNode: destinations:
08-05 19:11:38.716 26252 26252 D ActivityNode: Observer - session data - sourceNotificationsActivity
08-05 19:11:38.716 26252 26252 D ActivityNode: destinations:
08-05 19:11:38.716 13866 13866 I GoogleInputMethodServic: GoogleInputMethodService.onStartInput():1808 
08-05 19:11:38.716 26252 26252 D ActivityNode: Observer - session data - sourceCompassActivity
08-05 19:11:38.716 26252 26252 D ActivityNode: destinations:
08-05 19:11:38.718 26252 26252 E RecyclerView: No adapter attached; skipping layout
08-05 19:11:38.764 26252 26265 I art     : Starting a blocking GC Explicit
08-05 19:11:38.783 26252 26265 I art     : Explicit concurrent mark sweep GC freed 9893(655KB) AllocSpace objects, 5(260KB) LOS objects, 35% free, 28MB/44MB, paused 656us total 18.597ms
08-05 19:11:38.792 26252 26265 I art     : Starting a blocking GC Explicit
08-05 19:11:38.805 26252 26269 D Nappa   : registerActivity: (already in) nappagreedy.io.github.project_travel_mate.MainActivity
08-05 19:11:38.806 26252 26269 D Nappa   : PARENTS 
08-05 19:11:38.806 26252 26269 D Nappa   : Of: nappagreedy.io.github.project_travel_mate.MainActivity -> 
08-05 19:11:38.807 26252 26269 D Nappa   : PARENTS nappagreedy.io.github.project_travel_mate.SplashActivity
08-05 19:11:38.808 26252 26265 I art     : Explicit concurrent mark sweep GC freed 5363(373KB) AllocSpace objects, 2(160KB) LOS objects, 35% free, 28MB/44MB, paused 349us total 16.262ms
08-05 19:11:38.818 26252 26265 I art     : Starting a blocking GC Explicit
08-05 19:11:38.833 26252 26265 I art     : Explicit concurrent mark sweep GC freed 557(53KB) AllocSpace objects, 0(0B) LOS objects, 35% free, 28MB/44MB, paused 285us total 14.797ms
08-05 19:11:38.842 26252 26265 I art     : Starting a blocking GC Explicit
08-05 19:11:38.848 26252 26383 D CustomInterceptor: CACHE_CONTROL SETTING NEW MAX-AGE
08-05 19:11:38.857 26252 26265 I art     : Explicit concurrent mark sweep GC freed 319(43KB) AllocSpace objects, 0(0B) LOS objects, 35% free, 28MB/44MB, paused 370us total 14.986ms
08-05 19:11:38.862 26252 26269 D Nappa   : PREFETCH_ON_EXTRA - setCurrentActivity - starting new prediction
08-05 19:11:38.862 26252 26269 D Nappa   : Current node - currentActivityName - nappagreedy.io.github.project_travel_mate.MainActivity
08-05 19:11:38.862 26252 26269 D Nappa   : Current node - activityGraph.getCurrent() - nappagreedy.io.github.project_travel_mate.MainActivity
08-05 19:11:38.863 26252 26269 I NAPPA_EXPERIMENTATION: MetricNappaPrefetchingStrategyExecutionTime: STRATEGY_CLASS='GreedyPrefetchingStrategyOnVisitFrequencyAndTime',DURATION='733386',NUMBER_OF_URLS='0',NUMBER_OF_SELECTED_CHILDREN_NODES='1',NUMBER_OF_CHILDREN_NODES='5',STRATEGY_RUN_SUCCESSFULLY='True',
08-05 19:11:38.864 26252 26269 D GreedyPrefetchingStrategyOnVisitFrequencyAndTime: ==================================
08-05 19:11:38.864 26252 26269 D GreedyPrefetchingStrategyOnVisitFrequencyAndTime: Starting Run #1
08-05 19:11:38.864 26252 26269 D GreedyPrefetchingStrategyOnVisitFrequencyAndTime: ----------------------------------
08-05 19:11:38.864 26252 26269 D GreedyPrefetchingStrategyOnVisitFrequencyAndTime: Node data MainActivity 
08-05 19:11:38.864 26252 26269 D GreedyPrefetchingStrategyOnVisitFrequencyAndTime: 	Successors:
08-05 19:11:38.864 26252 26269 D GreedyPrefetchingStrategyOnVisitFrequencyAndTime: 		UpcomingWeekendsActivity (0 hits)
08-05 19:11:38.864 26252 26269 D GreedyPrefetchingStrategyOnVisitFrequencyAndTime: 		ChecklistActivity (0 hits)
08-05 19:11:38.864 26252 26269 D GreedyPrefetchingStrategyOnVisitFrequencyAndTime: 		FinalCityInfoActivity (0 hits)
08-05 19:11:38.864 26252 26269 D GreedyPrefetchingStrategyOnVisitFrequencyAndTime: 		NotificationsActivity (0 hits)
08-05 19:11:38.864 26252 26269 D GreedyPrefetchingStrategyOnVisitFrequencyAndTime: 		CompassActivity (0 hits)
08-05 19:11:38.864 26252 26269 D GreedyPrefetchingStrategyOnVisitFrequencyAndTime: 	Ancestors:
08-05 19:11:38.864 26252 26269 D GreedyPrefetchingStrategyOnVisitFrequencyAndTime: 		SplashActivity (0 hits)
08-05 19:11:38.864 26252 26269 D GreedyPrefetchingStrategyOnVisitFrequencyAndTime: 
08-05 19:11:38.864 26252 26269 D GreedyPrefetchingStrategyOnVisitFrequencyAndTime: MetricStrategyAccuracy inc execution count1 | act = true; extra = false
08-05 19:11:38.864 26252 26269 D GreedyPrefetchingStrategyOnVisitFrequencyAndTime: ------------- Recursion #1 -----------
08-05 19:11:38.864 26252 26269 D GreedyPrefetchingStrategyOnVisitFrequencyAndTime: Best successors so far []
08-05 19:11:38.864 26252 26269 D GreedyPrefetchingStrategyOnVisitFrequencyAndTime: Checking node MainActivity with 5 successors
08-05 19:11:38.864 26252 26269 D GreedyPrefetchingStrategyOnVisitFrequencyAndTime: Check successor UpcomingWeekendsActivity
08-05 19:11:38.864 26252 26269 D GreedyPrefetchingStrategyOnVisitFrequencyAndTime: Data:
08-05 19:11:38.864 26252 26269 D GreedyPrefetchingStrategyOnVisitFrequencyAndTime: 	- Successor time = 73343.0
08-05 19:11:38.864 26252 26269 D GreedyPrefetchingStrategyOnVisitFrequencyAndTime: 	- Successor frequency = 16
08-05 19:11:38.864 26252 26269 D GreedyPrefetchingStrategyOnVisitFrequencyAndTime: 	- Aggregated time = 234087.0
08-05 19:11:38.864 26252 26269 D GreedyPrefetchingStrategyOnVisitFrequencyAndTime: 	- Aggregated frequency = 48
08-05 19:11:38.864 26252 26269 D GreedyPrefetchingStrategyOnVisitFrequencyAndTime: Calculated scores:
08-05 19:11:38.864 26252 26269 D GreedyPrefetchingStrategyOnVisitFrequencyAndTime: 	- Parent score = 1.0
08-05 19:11:38.864 26252 26269 D GreedyPrefetchingStrategyOnVisitFrequencyAndTime: 	- Successor time score = 0.15665756
08-05 19:11:38.864 26252 26269 D GreedyPrefetchingStrategyOnVisitFrequencyAndTime: 	- Successor frequency score = 0.16666667
08-05 19:11:38.864 26252 26269 D GreedyPrefetchingStrategyOnVisitFrequencyAndTime: 	- Successor final score = 0.32332423
08-05 19:11:38.864 26252 26269 D GreedyPrefetchingStrategyOnVisitFrequencyAndTime: Switch best successor
08-05 19:11:38.864 26252 26269 D GreedyPrefetchingStrategyOnVisitFrequencyAndTime: Check successor ChecklistActivity
08-05 19:11:38.864 26252 26269 D GreedyPrefetchingStrategyOnVisitFrequencyAndTime: Data:
08-05 19:11:38.864 26252 26269 D GreedyPrefetchingStrategyOnVisitFrequencyAndTime: 	- Successor time = 36217.0
08-05 19:11:38.864 26252 26269 D GreedyPrefetchingStrategyOnVisitFrequencyAndTime: 	- Successor frequency = 8
08-05 19:11:38.864 26252 26269 D GreedyPrefetchingStrategyOnVisitFrequencyAndTime: 	- Aggregated time = 234087.0
08-05 19:11:38.864 26252 26269 D GreedyPrefetchingStrategyOnVisitFrequencyAndTime: 	- Aggregated frequency = 48
08-05 19:11:38.864 26252 26269 D GreedyPrefetchingStrategyOnVisitFrequencyAndTime: Calculated scores:
08-05 19:11:38.864 26252 26269 D GreedyPrefetchingStrategyOnVisitFrequencyAndTime: 	- Parent score = 1.0
08-05 19:11:38.864 26252 26269 D GreedyPrefetchingStrategyOnVisitFrequencyAndTime: 	- Successor time score = 0.07735799
08-05 19:11:38.864 26252 26269 D GreedyPrefetchingStrategyOnVisitFrequencyAndTime: 	- Successor frequency score = 0.083333336
08-05 19:11:38.865 26252 26269 D GreedyPrefetchingStrategyOnVisitFrequencyAndTime: 	- Successor final score = 0.16069132
08-05 19:11:38.865 26252 26269 D GreedyPrefetchingStrategyOnVisitFrequencyAndTime: Check successor FinalCityInfoActivity
08-05 19:11:38.865 26252 26269 D GreedyPrefetchingStrategyOnVisitFrequencyAndTime: Data:
08-05 19:11:38.865 26252 26269 D GreedyPrefetchingStrategyOnVisitFrequencyAndTime: 	- Successor time = 68250.0
08-05 19:11:38.865 26252 26269 D GreedyPrefetchingStrategyOnVisitFrequencyAndTime: 	- Successor frequency = 8
08-05 19:11:38.865 26252 26269 D GreedyPrefetchingStrategyOnVisitFrequencyAndTime: 	- Aggregated time = 234087.0
08-05 19:11:38.865 26252 26269 D GreedyPrefetchingStrategyOnVisitFrequencyAndTime: 	- Aggregated frequency = 48
08-05 19:11:38.865 26252 26269 D GreedyPrefetchingStrategyOnVisitFrequencyAndTime: Calculated scores:
08-05 19:11:38.865 26252 26269 D GreedyPrefetchingStrategyOnVisitFrequencyAndTime: 	- Parent score = 1.0
08-05 19:11:38.865 26252 26269 D GreedyPrefetchingStrategyOnVisitFrequencyAndTime: 	- Successor time score = 0.14577913
08-05 19:11:38.865 26252 26269 D GreedyPrefetchingStrategyOnVisitFrequencyAndTime: 	- Successor frequency score = 0.083333336
08-05 19:11:38.865 26252 26269 D GreedyPrefetchingStrategyOnVisitFrequencyAndTime: 	- Successor final score = 0.22911248
08-05 19:11:38.865 26252 26269 D GreedyPrefetchingStrategyOnVisitFrequencyAndTime: Check successor NotificationsActivity
08-05 19:11:38.865 26252 26269 D GreedyPrefetchingStrategyOnVisitFrequencyAndTime: Data:
08-05 19:11:38.865 26252 26269 D GreedyPrefetchingStrategyOnVisitFrequencyAndTime: 	- Successor time = 37171.0
08-05 19:11:38.865 26252 26269 D GreedyPrefetchingStrategyOnVisitFrequencyAndTime: 	- Successor frequency = 8
08-05 19:11:38.865 26252 26269 D GreedyPrefetchingStrategyOnVisitFrequencyAndTime: 	- Aggregated time = 234087.0
08-05 19:11:38.865 26252 26269 D GreedyPrefetchingStrategyOnVisitFrequencyAndTime: 	- Aggregated frequency = 48
08-05 19:11:38.865 26252 26269 D GreedyPrefetchingStrategyOnVisitFrequencyAndTime: Calculated scores:
08-05 19:11:38.865 26252 26269 D GreedyPrefetchingStrategyOnVisitFrequencyAndTime: 	- Parent score = 1.0
08-05 19:11:38.865 26252 26269 D GreedyPrefetchingStrategyOnVisitFrequencyAndTime: 	- Successor time score = 0.0793957
08-05 19:11:38.865 26252 26269 D GreedyPrefetchingStrategyOnVisitFrequencyAndTime: 	- Successor frequency score = 0.083333336
08-05 19:11:38.865 26252 26269 D GreedyPrefetchingStrategyOnVisitFrequencyAndTime: 	- Successor final score = 0.16272902
08-05 19:11:38.865 26252 26269 D GreedyPrefetchingStrategyOnVisitFrequencyAndTime: Check successor CompassActivity
08-05 19:11:38.865 26252 26269 D GreedyPrefetchingStrategyOnVisitFrequencyAndTime: Data:
08-05 19:11:38.865 26252 26269 D GreedyPrefetchingStrategyOnVisitFrequencyAndTime: 	- Successor time = 19106.0
08-05 19:11:38.865 26252 26269 D GreedyPrefetchingStrategyOnVisitFrequencyAndTime: 	- Successor frequency = 8
08-05 19:11:38.865 26252 26265 I art     : Starting a blocking GC Explicit
08-05 19:11:38.865 26252 26269 D GreedyPrefetchingStrategyOnVisitFrequencyAndTime: 	- Aggregated time = 234087.0
08-05 19:11:38.865 26252 26269 D GreedyPrefetchingStrategyOnVisitFrequencyAndTime: 	- Aggregated frequency = 48
08-05 19:11:38.865 26252 26269 D GreedyPrefetchingStrategyOnVisitFrequencyAndTime: Calculated scores:
08-05 19:11:38.866 26252 26269 D GreedyPrefetchingStrategyOnVisitFrequencyAndTime: 	- Parent score = 1.0
08-05 19:11:38.866 26252 26269 D GreedyPrefetchingStrategyOnVisitFrequencyAndTime: 	- Successor time score = 0.040809613
08-05 19:11:38.866 26252 26269 D GreedyPrefetchingStrategyOnVisitFrequencyAndTime: 	- Successor frequency score = 0.083333336
08-05 19:11:38.866 26252 26269 D GreedyPrefetchingStrategyOnVisitFrequencyAndTime: 	- Successor final score = 0.124142945
08-05 19:11:38.867 26252 26269 D GreedyPrefetchingStrategyOnVisitFrequencyAndTime: Best successor has score 0.32332423 which is lower than the acceptable threshold of 0.6
08-05 19:11:38.867 26252 26269 D GreedyPrefetchingStrategyOnVisitFrequencyAndTime: MetricStrategyAccuracy inc insufficient score count1 | act = true; extra = false
08-05 19:11:38.868 26252 26269 D GreedyPrefetchingStrategyOnVisitFrequencyAndTime: Next visited child will be []
08-05 19:11:38.868 26252 26269 D GreedyPrefetchingStrategyOnVisitFrequencyAndTime: ==================================
08-05 19:11:38.868 26252 26269 D Nappa   : PREFETCH_ON_EXTRA - setCurrentActivity - finished new prediction
08-05 19:11:38.881 26252 26265 I art     : Explicit concurrent mark sweep GC freed 575(35KB) AllocSpace objects, 0(0B) LOS objects, 35% free, 28MB/44MB, paused 324us total 15.164ms
08-05 19:11:38.885 26252 26383 I System  : Loaded time zone names for "en" in 27ms (26ms in ICU)
08-05 19:11:38.885 26252 26383 D CustomInterceptor: HEADER RESPONSE
08-05 19:11:38.885 26252 26383 D CustomInterceptor: Allow GET, OPTIONS
08-05 19:11:38.885 26252 26383 D CustomInterceptor: Cache-Control public, immutable, max-age=300, only-if-cached, max-stale=300
08-05 19:11:38.885 26252 26383 D CustomInterceptor: Connection keep-alive
08-05 19:11:38.885 26252 26383 D CustomInterceptor: Content-Length 1588
08-05 19:11:38.885 26252 26383 D CustomInterceptor: Content-Type application/json
08-05 19:11:38.885 26252 26383 D CustomInterceptor: Date Wed, 05 Aug 2020 17:11:34 GMT
08-05 19:11:38.885 26252 26383 D CustomInterceptor: Expires Wed, 05 Aug 2020 17:16:38 GMT+00:00
08-05 19:11:38.885 26252 26383 D CustomInterceptor: Server gunicorn/19.8.1
08-05 19:11:38.885 26252 26383 D CustomInterceptor: Vary Accept
08-05 19:11:38.885 26252 26383 D CustomInterceptor: Via 1.1 vegur
08-05 19:11:38.885 26252 26383 D CustomInterceptor: X-Frame-Options SAMEORIGIN
08-05 19:11:38.886 26252 26383 D CustomInterceptor: CACHEABLE true
08-05 19:11:38.886 26252 26383 D CustomInterceptor: REQ https://project-travel-mate.herokuapp.com/api/get-all-cities/10
08-05 19:11:38.886 26252 26383 D CustomInterceptor: REQ_SERV_BY net
08-05 19:11:38.886 26252 26383 D CustomInterceptor: PREFLIB Adding response to lrucache - https://project-travel-mate.herokuapp.com/api/get-all-cities/10
08-05 19:11:38.888 26252 26383 D CustomInterceptor: interceptor_finished : return_type #3 : request served from remote and added to cache
08-05 19:11:38.889 26252 26383 I NAPPA_EXPERIMENTATION: MetricNetworkRequestExecutionTime: REQUEST_DURATION_SYSTEM='731',REQUEST_DURATION_OKHTTP='0',REQUEST_SYNCHRONOUS='FALSE',RESPONSE_CODE='200',RESPONSE_METHOD='GET',RESPONSE_LENGTH_OKHTTP='1588',RESPONSE_LENGTH_HEADER='-2',REQUEST_PROTOCOL='http/1.1',REQUEST_URL='https://project-travel-mate.herokuapp.com/api/get-all-cities/10',
08-05 19:11:38.890 26252 26252 V CityFragment: result=[{"id":1,"city_name":"Delhi","facts_count":6,"image":"https://upload.wikimedia.org/wikipedia/commons/9/94/%E0%B4%96%E0%B5%81%E0%B4%A4%E0%B5%8D%E0%B4%AC%E0%B5%8D_%E0%B4%AE%E0%B4%BF%E0%B4%A8%E0%B4%BE%E0%B5%BC1.jpg","visit_count":18186},{"id":2,"city_name":"Mumbai","facts_count":0,"image":"https://static1.squarespace.com/static/55917ae2e4b0984fc8c264c4/t/5ad7a037758d464041bfba27/1524102624280/Victoria_Mumbai.jpg","visit_count":6022},{"id":3,"city_name":"Bangalore","facts_count":0,"image":null,"visit_count":5536},{"id":8,"city_name":"Pune","facts_count":0,"image":"https://www.zricks.com/ImagesPostProject/47929//6557d975-20a9-4c6c-a776-8072a1936a76.jpg","visit_count":3324},{"id":4,"city_name":"Chennai","facts_count":0,"image":"http://lh3.ggpht.com/_YLb7tJ8RoAk/SfazBLdgf3I/AAAAAAAANEg/p52_Zz_URxg/s640/Picture%20009.jpg","visit_count":3061},{"id":5,"city_name":"Kolkata","facts_count":0,"image":"https://i.pinimg.com/originals/05/ec/42/05ec42c545b494d12cc612923483b4f0.jpg","visit_count":2211},{"id":9,"city_name":"Jaipur","facts_count":1,"image":"https://www.trodly.com/pictures/attraction/1943.jpg","visit_count":2007},{"id":6,"city_name":"Hyderabad","facts_count":0,"image":"https://i1.trekearth.com/photos/59194/charminar_020_sm.jpg","visit_count":1633},{"id":150,"city_name":"Panjim","facts_count":0,"image":"http://www.nomad4ever.com/wp-content/uploads/2009/04/palm-trees-at-baga-creek-north-goa1.jpg","visit_count":1488},{"id":7,"city_name":"Ahmedabad","facts_count":0,"image":"https://i.pinimg.com/originals/a5/ed/29/a5ed293271669a61f47059f7b0d9cf2c.jpg","visit_count":1115}]
08-05 19:11:38.891 26252 26378 D CustomInterceptor: CACHE_CONTROL SETTING NEW MAX-AGE
08-05 19:11:38.892 26252 26378 D CustomInterceptor: HEADER RESPONSE
08-05 19:11:38.892 26252 26378 D CustomInterceptor: Allow GET, OPTIONS
08-05 19:11:38.892 26252 26378 D CustomInterceptor: Cache-Control public, immutable, max-age=300, only-if-cached, max-stale=300
08-05 19:11:38.892 26252 26378 D CustomInterceptor: Connection keep-alive
08-05 19:11:38.892 26252 26378 D CustomInterceptor: Content-Length 185
08-05 19:11:38.892 26252 26378 D CustomInterceptor: Content-Type application/json
08-05 19:11:38.892 26252 26378 D CustomInterceptor: Date Wed, 05 Aug 2020 17:11:34 GMT
08-05 19:11:38.892 26252 26378 D CustomInterceptor: Expires Wed, 05 Aug 2020 17:16:38 GMT+00:00
08-05 19:11:38.892 26252 26378 D CustomInterceptor: Server gunicorn/19.8.1
08-05 19:11:38.892 26252 26378 D CustomInterceptor: Vary Accept
08-05 19:11:38.892 26252 26378 D CustomInterceptor: Via 1.1 vegur
08-05 19:11:38.892 26252 26378 D CustomInterceptor: X-Frame-Options SAMEORIGIN
08-05 19:11:38.892 26252 26378 D CustomInterceptor: CACHEABLE true
08-05 19:11:38.892 26252 26378 D CustomInterceptor: REQ https://project-travel-mate.herokuapp.com/api/get-user
08-05 19:11:38.892 26252 26378 D CustomInterceptor: REQ_SERV_BY net
08-05 19:11:38.892 26252 26378 D CustomInterceptor: PREFLIB Adding response to lrucache - https://project-travel-mate.herokuapp.com/api/get-user
08-05 19:11:38.921 26252 26378 D CustomInterceptor: interceptor_finished : return_type #3 : request served from remote and added to cache
08-05 19:11:38.921 26252 26378 I NAPPA_EXPERIMENTATION: MetricNetworkRequestExecutionTime: REQUEST_DURATION_SYSTEM='831',REQUEST_DURATION_OKHTTP='0',REQUEST_SYNCHRONOUS='FALSE',RESPONSE_CODE='200',RESPONSE_METHOD='GET',RESPONSE_LENGTH_OKHTTP='185',RESPONSE_LENGTH_HEADER='-2',REQUEST_PROTOCOL='http/1.1',REQUEST_URL='https://project-travel-mate.herokuapp.com/api/get-user',
08-05 19:11:38.931 26252 26252 D CityFragment: get cities cities size = 10
08-05 19:11:38.960   380   380 W SurfaceFlinger: couldn't log to binary event log: overflow.
08-05 19:11:39.143 26252 26264 I art     : Starting a blocking GC Explicit
08-05 19:11:39.165 26252 26264 I art     : Explicit concurrent mark sweep GC freed 15291(1055KB) AllocSpace objects, 11(504KB) LOS objects, 32% free, 33MB/49MB, paused 672us total 21.772ms
08-05 19:11:39.174 26252 26264 I art     : Starting a blocking GC Explicit
08-05 19:11:39.176 26252 26252 D NappaLifecycleObserver: nappagreedy.io.github.project_travel_mate.SplashActivity - onDestroy
08-05 19:11:39.176 26252 26252 D NappaLifecycleObserver: -------------F1_SCORE #3 -----------
08-05 19:11:39.176 26252 26252 D NappaLifecycleObserver: F1_SCORE - Intercept list (3)= [https://project-travel-mate.herokuapp.com/api/get-user, https://project-travel-mate.herokuapp.com/api/get-all-cities/10, https://project-travel-mate.herokuapp.com/api/number-of-unread-notifications]
08-05 19:11:39.176 26252 26252 D NappaLifecycleObserver: F1_SCORE - Prefetch list (0)= []
08-05 19:11:39.176 26252 26252 D NappaLifecycleObserver: F1_SCORE - TP list (0)= []
08-05 19:11:39.177 26252 26252 D NappaLifecycleObserver: F1_SCORE - FN list (3)= [https://project-travel-mate.herokuapp.com/api/get-user, https://project-travel-mate.herokuapp.com/api/get-all-cities/10, https://project-travel-mate.herokuapp.com/api/number-of-unread-notifications]
08-05 19:11:39.177 26252 26252 I NAPPA_EXPERIMENTATION: MetricPrefetchingAccuracy: LOG_ID='4',F1_SCORE_1='0.0',F1_SCORE_2='0.0',TRUE_POSITIVE='0',FALSE_POSITIVE='0',FALSE_NEGATIVE='3',
08-05 19:11:39.193 26252 26264 I art     : Explicit concurrent mark sweep GC freed 3625(303KB) AllocSpace objects, 1(80KB) LOS objects, 32% free, 32MB/48MB, paused 683us total 19.008ms
08-05 19:11:39.202 26252 26264 I art     : Starting a blocking GC Explicit
08-05 19:11:39.214 26252 26404 D CustomInterceptor: CACHE_CONTROL SETTING NEW MAX-AGE
08-05 19:11:39.214 26252 26404 D CustomInterceptor: HEADER RESPONSE
08-05 19:11:39.215 26252 26404 D CustomInterceptor: Allow GET, OPTIONS
08-05 19:11:39.215 26252 26404 D CustomInterceptor: Cache-Control public, immutable, max-age=300, only-if-cached, max-stale=300
08-05 19:11:39.215 26252 26404 D CustomInterceptor: Connection keep-alive
08-05 19:11:39.215 26252 26404 D CustomInterceptor: Content-Length 36
08-05 19:11:39.215 26252 26404 D CustomInterceptor: Content-Type application/json
08-05 19:11:39.215 26252 26404 D CustomInterceptor: Date Wed, 05 Aug 2020 17:11:34 GMT
08-05 19:11:39.215 26252 26404 D CustomInterceptor: Expires Wed, 05 Aug 2020 17:16:39 GMT+00:00
08-05 19:11:39.215 26252 26404 D CustomInterceptor: Server gunicorn/19.8.1
08-05 19:11:39.215 26252 26404 D CustomInterceptor: Vary Accept
08-05 19:11:39.215 26252 26404 D CustomInterceptor: Via 1.1 vegur
08-05 19:11:39.215 26252 26404 D CustomInterceptor: X-Frame-Options SAMEORIGIN
08-05 19:11:39.215 26252 26404 D CustomInterceptor: CACHEABLE true
08-05 19:11:39.215 26252 26404 D CustomInterceptor: REQ https://project-travel-mate.herokuapp.com/api/number-of-unread-notifications
08-05 19:11:39.215 26252 26404 D CustomInterceptor: REQ_SERV_BY net
08-05 19:11:39.215 26252 26404 D CustomInterceptor: PREFLIB Adding response to lrucache - https://project-travel-mate.herokuapp.com/api/number-of-unread-notifications
08-05 19:11:39.222 26252 26264 I art     : Explicit concurrent mark sweep GC freed 742(63KB) AllocSpace objects, 1(4MB) LOS objects, 35% free, 28MB/44MB, paused 609us total 19.824ms
08-05 19:11:39.231 26252 26264 I art     : Starting a blocking GC Explicit
08-05 19:11:39.249 26252 26264 I art     : Explicit concurrent mark sweep GC freed 8479(389KB) AllocSpace objects, 1(20KB) LOS objects, 34% free, 29MB/45MB, paused 582us total 17.866ms
08-05 19:11:39.257 26252 26264 I art     : Starting a blocking GC Explicit
08-05 19:11:39.260 26252 26404 D CustomInterceptor: interceptor_finished : return_type #3 : request served from remote and added to cache
08-05 19:11:39.260 26252 26404 I NAPPA_EXPERIMENTATION: MetricNetworkRequestExecutionTime: REQUEST_DURATION_SYSTEM='557',REQUEST_DURATION_OKHTTP='0',REQUEST_SYNCHRONOUS='FALSE',RESPONSE_CODE='200',RESPONSE_METHOD='GET',RESPONSE_LENGTH_OKHTTP='36',RESPONSE_LENGTH_HEADER='-2',REQUEST_PROTOCOL='http/1.1',REQUEST_URL='https://project-travel-mate.herokuapp.com/api/number-of-unread-notifications',
08-05 19:11:39.275 26252 26264 I art     : Explicit concurrent mark sweep GC freed 298(156KB) AllocSpace objects, 1(36KB) LOS objects, 34% free, 29MB/45MB, paused 685us total 17.641ms
08-05 19:11:39.581 26252 26314 I art     : Starting a blocking GC Explicit
08-05 19:11:39.602 26252 26314 I art     : Explicit concurrent mark sweep GC freed 12774(1089KB) AllocSpace objects, 13(1620KB) LOS objects, 34% free, 30MB/46MB, paused 349us total 19.734ms
08-05 19:11:39.610 26252 26314 I art     : Starting a blocking GC Explicit
08-05 19:11:39.629 26252 26314 I art     : Explicit concurrent mark sweep GC freed 544(47KB) AllocSpace objects, 0(0B) LOS objects, 34% free, 30MB/46MB, paused 368us total 19.122ms
08-05 19:11:39.639 26252 26314 I art     : Starting a blocking GC Explicit
08-05 19:11:39.657 26252 26314 I art     : Explicit concurrent mark sweep GC freed 314(105KB) AllocSpace objects, 0(0B) LOS objects, 33% free, 32MB/48MB, paused 505us total 18.308ms
08-05 19:11:39.665 26252 26314 I art     : Starting a blocking GC Explicit
08-05 19:11:39.684 26252 26314 I art     : Explicit concurrent mark sweep GC freed 3505(151KB) AllocSpace objects, 4(144KB) LOS objects, 33% free, 32MB/48MB, paused 337us total 18.133ms
08-05 19:11:39.692 26252 26314 I art     : Starting a blocking GC Explicit
08-05 19:11:39.711 26252 26314 I art     : Explicit concurrent mark sweep GC freed 305(56KB) AllocSpace objects, 0(0B) LOS objects, 33% free, 32MB/48MB, paused 478us total 19.032ms
08-05 19:11:39.908   518   646 I ThermalEngine: ACTION: GPU - Setting GPU[0] to 510000000
08-05 19:11:40.034 26252 26264 I art     : Starting a blocking GC Explicit
08-05 19:11:40.060 26252 26264 I art     : Explicit concurrent mark sweep GC freed 5142(479KB) AllocSpace objects, 11(1532KB) LOS objects, 32% free, 33MB/49MB, paused 429us total 26.241ms
08-05 19:11:40.074 26252 26264 I art     : Starting a blocking GC Explicit
