08-05 02:25:01.483 30482 31668 D CustomInterceptor:             "id": "MBXBB\/03AA\/2\/PT",
08-05 02:25:01.483 30482 31668 D CustomInterceptor:             "name": "(Executive) Business Administration - Exec MBA - Ltn - Year 2 Mar PT",
08-05 02:25:01.483 30482 31668 D CustomInterceptor:             "name_start": "(Executive) Business Administration",
08-05 02:25:01.483 30482 31668 D CustomInterceptor:             "name_end": "Exec MBA - Ltn - Year 2 Mar PT",
08-05 02:25:01.483 30482 31668 D CustomInterceptor:             "level": "ALL Courses",
08-05 02:25:01.483 30482 31668 D CustomInterceptor:             "department": {
08-05 02:25:01.483 30482 31668 D CustomInterceptor:                 "id": "BU003",
08-05 02:25:01.483 30482 31668 D CustomInterceptor:                 "name": "Department of Strategy and Management",
08-05 02:25:01.483 30482 31668 D CustomInterceptor:                 "course_count": 1370
08-05 02:25:01.483 30482 31668 D CustomInterceptor:             },
08-05 02:25:01.483 30482 31668 D CustomInterceptor:             "session_url": "https:\/\/uob-timetable-api.adriankeenan.co.uk\/sessions?dept=BU003&course=MBXBB%2F03AA%2F2%2FPT&level=ALL+Courses"
08-05 02:25:01.483 30482 31668 D CustomInterceptor:         },
08-05 02:25:01.483 30482 31668 D CustomInterceptor:         {
08-05 02:25:01.483 30482 31668 D CustomInterceptor:             "id": "MBXBB\/10AA\/2\/PT",
08-05 02:25:01.483 30482 31668 D CustomInterceptor:             "name": "(Executive) Business Administration - Exec MBA - Ltn - Year 2 Oct PT",
08-05 02:25:01.483 30482 31668 D CustomInterceptor:             "name_start": "(Executive) Business Administration",
08-05 02:25:01.483 30482 31668 D CustomInterceptor:             "name_end": "Exec MBA - Ltn - Year 2 Oct PT",
08-05 02:25:01.483 30482 31668 D CustomInterceptor:             "level": "Postgraduate",
08-05 02:25:01.483 30482 31668 D CustomInterceptor:             "department": {
08-05 02:25:01.483 30482 31668 D CustomInterceptor:                 "id": "BU003",
08-05 02:25:01.483 30482 31668 D CustomInterceptor:                 "name": "Department of Strategy and Management",
08-05 02:25:01.483 30482 31668 D CustomInterceptor:                 "course_count": 1370
08-05 02:25:01.483 30482 31668 D CustomInterceptor:             },
08-05 02:25:01.483 30482 31668 D CustomInterceptor:             "session_url": "https:\/\/uob-timetable-api.adriankeenan.co.uk\/sessions?dept=BU003&course=MBXBB%2F10AA%2F2%2FPT&level=Postgraduate"
08-05 02:25:01.483 30482 31668 D CustomInterceptor:         },
08-05 02:25:01.483 30482 31668 D CustomInterceptor:         {
08-05 02:25:01.483 30482 31668 D CustomInterceptor:             "id": "MBXBB\/10AA\/2\/PT",
08-05 02:25:01.483 30482 31668 D CustomInterceptor:             "name": "(Executive) Business Administration - Exec MBA - Ltn - Year 2 Oct PT",
08-05 02:25:01.483 30482 31668 D CustomInterceptor:             "name_start": "(Executive) Business Administration",
08-05 02:25:01.483 30482 31668 D CustomInterceptor:             "name_end": "Exec MBA - Ltn - Year 2 Oct PT",
08-05 02:25:01.483 30482 31668 D CustomInterceptor:             "level": "ALL Courses",
08-05 02:25:01.483 30482 31668 D CustomInterceptor:             "department": {
08-05 02:25:01.483 30482 31668 D CustomInterceptor:                 "id": "BU003",
08-05 02:25:01.483 30482 31668 D CustomInterceptor:                 "name": "Department of Strategy and Management",
08-05 02:25:01.483 30482 31668 D CustomInterceptor:                 "course_count": 1370
08-05 02:25:01.483 30482 31668 D CustomInterceptor:             },
08-05 02:25:01.483 30482 31668 D CustomInterceptor:             "session_url": "https:\/\/uob-timetable-api.adriankeenan.co.uk\/sessions?dept=BU003&course=MBXBB%2F10AA%2F2%2FPT&level=ALL+Courses"
08-05 02:25:01.483 30482 31668 D CustomInterceptor:         },
08-05 02:25:01.483 30482 31668 D CustomInterceptor:         {
08-05 02:25:01.483 30482 31668 D CustomInterceptor:             "id": "PDAPAAAP\/02AA\/1\/PT",
08-05 02:25:01.483 30482 31668 D CustomInterceptor:             "name": "Academic Practice (Apprenticeship) - PG Dip - Ltn - Year 1 Feb PT",
08-05 02:25:01.483 30482 31668 D CustomInterceptor:             "name_st
08-05 02:25:01.485 30482 31668 D CustomInterceptor: interceptor_finished : return_type #2 : request served from cache
08-05 02:25:01.614 30482 30870 I art     : Explicit concurrent mark sweep GC freed 1143(66KB) AllocSpace objects, 1(14MB) LOS objects, 19% free, 66MB/82MB, paused 1.325ms total 234.275ms
08-05 02:25:01.630 30482 30870 I art     : Starting a blocking GC Explicit
08-05 02:25:01.654 30482 31668 I NAPPA_EXPERIMENTATION: MetricNetworkRequestExecutionTime: REQUEST_DURATION_SYSTEM='338',REQUEST_DURATION_OKHTTP='0',REQUEST_SYNCHRONOUS='TRUE',RESPONSE_CODE='200',RESPONSE_METHOD='GET',RESPONSE_LENGTH_OKHTTP='7859794',RESPONSE_LENGTH_HEADER='-2',REQUEST_PROTOCOL='http/1.1',REQUEST_URL='https://uob-timetable-api.adriankeenan.co.uk/courses',
08-05 02:25:01.674 30482 30870 I art     : Explicit concurrent mark sweep GC freed 1560(7MB) AllocSpace objects, 1(14MB) LOS objects, 17% free, 75MB/91MB, paused 878us total 44.043ms
08-05 02:25:01.686 30482 30870 I art     : Starting a blocking GC Explicit
08-05 02:25:01.716 30482 30500 D Nappa   : PREFETCH_ON_EXTRA - setCurrentActivity - logs - from extra - made prediction isfalse
08-05 02:25:01.723 30482 30870 I art     : Explicit concurrent mark sweep GC freed 635(3MB) AllocSpace objects, 1(7MB) LOS objects, 19% free, 64MB/80MB, paused 573us total 37.049ms
08-05 02:25:01.735 30482 30870 I art     : Starting a blocking GC Explicit
08-05 02:25:01.765 30482 30870 I art     : Explicit concurrent mark sweep GC freed 39(1824B) AllocSpace objects, 0(0B) LOS objects, 19% free, 64MB/80MB, paused 548us total 30.315ms
08-05 02:25:01.818   512  2967 D audio_hw_primary: disable_audio_route: reset and update mixer path: low-latency-playback speaker
08-05 02:25:01.819   512  2967 D audio_hw_primary: disable_snd_device: snd_device(2: speaker)
08-05 02:25:01.827   512  2967 I soundtrigger: audio_extn_sound_trigger_update_device_status: device 0x2 of type 0 for Event 0
08-05 02:25:01.858 30482 31668 I HTTP    : Response was compressed.
08-05 02:25:01.872 30482 30482 D MainActivity: Saving state
08-05 02:25:01.872 30482 30482 D MainActivity: Saving current fragment: SessionListsFragment
08-05 02:25:01.872 30482 30482 D MainActivity: Saving current index: 2
08-05 02:25:01.874 30482 30482 D SessionListsFragment: Saving state
08-05 02:25:02.050 30482 30493 I art     : Starting a blocking GC Explicit
08-05 02:25:02.096 30482 30493 I art     : Explicit concurrent mark sweep GC freed 67867(3MB) AllocSpace objects, 0(0B) LOS objects, 21% free, 57MB/73MB, paused 800us total 45.063ms
08-05 02:25:02.109 30482 30493 I art     : Starting a blocking GC Explicit
08-05 02:25:02.148 30482 30493 I art     : Explicit concurrent mark sweep GC freed 29772(1401KB) AllocSpace objects, 0(0B) LOS objects, 21% free, 58MB/74MB, paused 864us total 38.578ms
08-05 02:25:02.160 30482 30493 I art     : Starting a blocking GC Explicit
08-05 02:25:02.200 30482 30493 I art     : Explicit concurrent mark sweep GC freed 28336(1329KB) AllocSpace objects, 0(0B) LOS objects, 21% free, 58MB/74MB, paused 965us total 39.788ms
08-05 02:25:02.212 30482 30493 I art     : Starting a blocking GC Explicit
08-05 02:25:02.252 30482 30493 I art     : Explicit concurrent mark sweep GC freed 27751(1304KB) AllocSpace objects, 0(0B) LOS objects, 21% free, 58MB/74MB, paused 953us total 39.629ms
08-05 02:25:02.265 30482 30493 I art     : Starting a blocking GC Explicit
08-05 02:25:02.305 30482 30493 I art     : Explicit concurrent mark sweep GC freed 28527(1342KB) AllocSpace objects, 0(0B) LOS objects, 21% free, 58MB/74MB, paused 922us total 40.198ms
08-05 02:25:02.600 30482 30494 I art     : Starting a blocking GC Explicit
08-05 02:25:02.665 30482 30494 I art     : Explicit concurrent mark sweep GC freed 184320(8MB) AllocSpace objects, 1(20KB) LOS objects, 20% free, 60MB/76MB, paused 932us total 64.621ms
08-05 02:25:02.680 30482 30494 I art     : Starting a blocking GC Explicit
08-05 02:25:02.724 30482 30494 I art     : Explicit concurrent mark sweep GC freed 37795(1795KB) AllocSpace objects, 0(0B) LOS objects, 20% free, 60MB/76MB, paused 1.070ms total 44.209ms
08-05 02:25:02.738 30482 30494 I art     : Starting a blocking GC Explicit
08-05 02:25:02.784 30482 30494 I art     : Explicit concurrent mark sweep GC freed 32258(1516KB) AllocSpace objects, 0(0B) LOS objects, 20% free, 60MB/76MB, paused 1.136ms total 45.382ms
08-05 02:25:02.798 30482 30494 I art     : Starting a blocking GC Explicit
08-05 02:25:02.843 30482 30494 I art     : Explicit concurrent mark sweep GC freed 32067(1500KB) AllocSpace objects, 0(0B) LOS objects, 20% free, 60MB/76MB, paused 1.087ms total 45.536ms
08-05 02:25:02.858 30482 30494 I art     : Starting a blocking GC Explicit
08-05 02:25:02.904 30482 30494 I art     : Explicit concurrent mark sweep GC freed 32429(1511KB) AllocSpace objects, 0(0B) LOS objects, 20% free, 60MB/76MB, paused 1.114ms total 46.393ms
08-05 02:25:03.209 30482 30494 I art     : Starting a blocking GC Explicit
08-05 02:25:03.228 24365 21562 I NetworkScheduler.Stats: Task com.google.android.gms/com.google.android.gms.icing.service.IcingGcmTaskService started execution. cause:4 exec_start_elapsed_seconds: 1740907 [CONTEXT service_id=218 ]
08-05 02:25:03.233 24365 23289 I NetworkScheduler.Stats: Task com.google.android.gms/com.google.android.gms.icing.service.IcingGcmTaskService finished executing. cause:4 result: 1 elapsed_millis: 21 uptime_millis: 21 exec_start_elapsed_seconds: 1740907 [CONTEXT service_id=218 ]
08-05 02:25:03.273 30482 30494 I art     : Explicit concurrent mark sweep GC freed 188158(8MB) AllocSpace objects, 1(20KB) LOS objects, 20% free, 62MB/78MB, paused 1.051ms total 63.696ms
08-05 02:25:03.288 30482 30494 I art     : Starting a blocking GC Explicit
08-05 02:25:03.297   518   646 I ThermalEngine: ACTION: GPU - Setting GPU[0] to 450000000
08-05 02:25:03.349 30482 30494 I art     : Explicit concurrent mark sweep GC freed 45617(2MB) AllocSpace objects, 0(0B) LOS objects, 20% free, 62MB/78MB, paused 1.491ms total 60.637ms
08-05 02:25:03.368 30482 30494 I art     : Starting a blocking GC Explicit
08-05 02:25:03.434 30482 30494 I art     : Explicit concurrent mark sweep GC freed 44915(2MB) AllocSpace objects, 0(0B) LOS objects, 20% free, 63MB/79MB, paused 1.620ms total 65.332ms
08-05 02:25:03.453 30482 30494 I art     : Starting a blocking GC Explicit
08-05 02:25:03.519 30482 30494 I art     : Explicit concurrent mark sweep GC freed 45356(2MB) AllocSpace objects, 0(0B) LOS objects, 20% free, 63MB/79MB, paused 1.673ms total 65.823ms
08-05 02:25:03.539 30482 30494 I art     : Starting a blocking GC Explicit
08-05 02:25:03.608 30482 30494 I art     : Explicit concurrent mark sweep GC freed 46408(2MB) AllocSpace objects, 0(0B) LOS objects, 20% free, 63MB/79MB, paused 1.649ms total 68.334ms
08-05 02:25:03.933 30482 30493 I art     : Starting a blocking GC Explicit
08-05 02:25:04.029 30482 30493 I art     : Explicit concurrent mark sweep GC freed 215354(9MB) AllocSpace objects, 1(20KB) LOS objects, 19% free, 65MB/81MB, paused 1.493ms total 95.762ms
08-05 02:25:04.051 30482 30493 I art     : Starting a blocking GC Explicit
08-05 02:25:04.123 30482 30493 I art     : Explicit concurrent mark sweep GC freed 58797(2MB) AllocSpace objects, 0(0B) LOS objects, 19% free, 65MB/81MB, paused 1.711ms total 72.219ms
08-05 02:25:04.145 30482 30493 I art     : Starting a blocking GC Explicit
08-05 02:25:04.220 30482 30493 I art     : Explicit concurrent mark sweep GC freed 52046(2MB) AllocSpace objects, 0(0B) LOS objects, 19% free, 66MB/82MB, paused 1.747ms total 74.697ms
08-05 02:25:04.242 30482 30493 I art     : Starting a blocking GC Explicit
08-05 02:25:04.317 30482 30493 I art     : Explicit concurrent mark sweep GC freed 51621(2MB) AllocSpace objects, 0(0B) LOS objects, 19% free, 66MB/82MB, paused 1.727ms total 75.505ms
08-05 02:25:04.339 30482 30493 I art     : Starting a blocking GC Explicit
08-05 02:25:04.416 30482 30493 I art     : Explicit concurrent mark sweep GC freed 52253(2MB) AllocSpace objects, 0(0B) LOS objects, 19% free, 66MB/82MB, paused 1.813ms total 77.076ms
08-05 02:25:04.670 30482 31668 I Service : getCourses response time: 0.69
08-05 02:25:04.676 30482 30482 I SettingsManager: Getting string: savedCourse
08-05 02:25:04.725 30482 30493 I art     : Starting a blocking GC Explicit
08-05 02:25:04.825 30482 30493 I art     : Explicit concurrent mark sweep GC freed 145072(6MB) AllocSpace objects, 2(15MB) LOS objects, 23% free, 52MB/68MB, paused 891us total 99.059ms
08-05 02:25:04.849 30482 30493 I art     : Starting a blocking GC Explicit
08-05 02:25:04.932 30482 30493 I art     : Explicit concurrent mark sweep GC freed 318(16KB) AllocSpace objects, 0(0B) LOS objects, 23% free, 52MB/68MB, paused 798us total 82.992ms
08-05 02:25:04.957 30482 30493 I art     : Starting a blocking GC Explicit
08-05 02:25:05.043 30482 30493 I art     : Explicit concurrent mark sweep GC freed 577(54KB) AllocSpace objects, 0(0B) LOS objects, 23% free, 52MB/68MB, paused 819us total 85.424ms
08-05 02:25:05.069 30482 30493 I art     : Starting a blocking GC Explicit
08-05 02:25:05.152 30482 30493 I art     : Explicit concurrent mark sweep GC freed 3(96B) AllocSpace objects, 0(0B) LOS objects, 23% free, 52MB/68MB, paused 768us total 82.449ms
08-05 02:25:05.177 30482 30493 I art     : Starting a blocking GC Explicit
08-05 02:25:05.263 30482 30493 I art     : Explicit concurrent mark sweep GC freed 3(96B) AllocSpace objects, 0(0B) LOS objects, 23% free, 52MB/68MB, paused 793us total 85.909ms
08-05 02:25:05.637 30482 30494 I art     : Starting a blocking GC Explicit
08-05 02:25:05.737 30482 30494 I art     : Explicit concurrent mark sweep GC freed 1516(89KB) AllocSpace objects, 1(20KB) LOS objects, 23% free, 52MB/68MB, paused 807us total 99.228ms
08-05 02:25:05.763 30482 30494 I art     : Starting a blocking GC Explicit
08-05 02:25:05.844 30482 30494 I art     : Explicit concurrent mark sweep GC freed 26(944B) AllocSpace objects, 0(0B) LOS objects, 23% free, 52MB/68MB, paused 791us total 80.969ms
08-05 02:25:05.844 30482 30492 I art     : WaitForGcToComplete blocked for 62.291ms for cause HeapTrim
08-05 02:25:05.870 30482 30494 I art     : Starting a blocking GC Explicit
08-05 02:25:05.955 30482 30494 I art     : Explicit concurrent mark sweep GC freed 3(96B) AllocSpace objects, 0(0B) LOS objects, 23% free, 52MB/68MB, paused 798us total 84.571ms
08-05 02:25:05.981 30482 30494 I art     : Starting a blocking GC Explicit
08-05 02:25:06.066 30482 30494 I art     : Explicit concurrent mark sweep GC freed 3(96B) AllocSpace objects, 0(0B) LOS objects, 23% free, 52MB/68MB, paused 762us total 84.799ms
08-05 02:25:06.092 30482 30494 I art     : Starting a blocking GC Explicit
08-05 02:25:06.175 30482 30494 I art     : Explicit concurrent mark sweep GC freed 3(96B) AllocSpace objects, 0(0B) LOS objects, 23% free, 52MB/68MB, paused 739us total 82.512ms
08-05 02:25:06.550 30482 30870 I art     : Starting a blocking GC Explicit
08-05 02:25:06.656 30482 30870 I art     : Explicit concurrent mark sweep GC freed 1523(93KB) AllocSpace objects, 1(20KB) LOS objects, 23% free, 52MB/68MB, paused 834us total 105.066ms
08-05 02:25:06.684 30482 30870 I art     : Starting a blocking GC Explicit
08-05 02:25:06.772 30482 30870 I art     : Explicit concurrent mark sweep GC freed 26(944B) AllocSpace objects, 0(0B) LOS objects, 23% free, 52MB/68MB, paused 800us total 87.040ms
08-05 02:25:06.797 30482 30870 I art     : Starting a blocking GC Explicit
08-05 02:25:06.880 30482 30870 I art     : Explicit concurrent mark sweep GC freed 3(96B) AllocSpace objects, 0(0B) LOS objects, 23% free, 52MB/68MB, paused 789us total 82.436ms
08-05 02:25:06.905 30482 30870 I art     : Starting a blocking GC Explicit
08-05 02:25:06.993 30482 30870 I art     : Explicit concurrent mark sweep GC freed 3(96B) AllocSpace objects, 0(0B) LOS objects, 23% free, 52MB/68MB, paused 796us total 87.555ms
08-05 02:25:07.019 30482 30870 I art     : Starting a blocking GC Explicit
08-05 02:25:07.103 30482 30870 I art     : Explicit concurrent mark sweep GC freed 3(96B) AllocSpace objects, 0(0B) LOS objects, 23% free, 52MB/68MB, paused 768us total 83.811ms
08-05 02:25:07.310   518   646 I ThermalEngine: ACTION: GPU - Setting GPU[0] to 510000000
08-05 02:25:07.447 30482 30493 I art     : Starting a blocking GC Explicit
08-05 02:25:07.524 30482 30493 I art     : Explicit concurrent mark sweep GC freed 1515(88KB) AllocSpace objects, 1(20KB) LOS objects, 23% free, 52MB/68MB, paused 564us total 76.820ms
08-05 02:25:07.544 30482 30493 I art     : Starting a blocking GC Explicit
08-05 02:25:07.605 30482 30493 I art     : Explicit concurrent mark sweep GC freed 26(944B) AllocSpace objects, 0(0B) LOS objects, 23% free, 52MB/68MB, paused 598us total 61.438ms
08-05 02:25:07.624 30482 30493 I art     : Starting a blocking GC Explicit
08-05 02:25:07.686 30482 30493 I art     : Explicit concurrent mark sweep GC freed 3(96B) AllocSpace objects, 0(0B) LOS objects, 23% free, 52MB/68MB, paused 563us total 61.560ms
08-05 02:25:07.705 30482 30493 I art     : Starting a blocking GC Explicit
08-05 02:25:07.764 30482 30493 I art     : Explicit concurrent mark sweep GC freed 3(96B) AllocSpace objects, 0(0B) LOS objects, 23% free, 52MB/68MB, paused 569us total 58.958ms
08-05 02:25:07.784 30482 30493 I art     : Starting a blocking GC Explicit
08-05 02:25:07.842 30482 30493 I art     : Explicit concurrent mark sweep GC freed 3(96B) AllocSpace objects, 0(0B) LOS objects, 23% free, 52MB/68MB, paused 564us total 58.121ms
08-05 02:25:07.925 31757 31757 D AndroidRuntime: >>>>>> START com.android.internal.os.RuntimeInit uid 2000 <<<<<<
08-05 02:25:07.930 31757 31757 D AndroidRuntime: CheckJNI is OFF
08-05 02:25:07.967   918  1210 D NetlinkSocketObserver: NeighborEvent{elapsedMs=1740911842, 192.168.2.254, [7C3953A63323], RTM_NEWNEIGH, NUD_STALE}
08-05 02:25:07.968 31757 31757 D ICU     : No timezone override file found: /data/misc/zoneinfo/current/icu/icu_tzdata.dat
08-05 02:25:08.005 31757 31757 I Radio-JNI: register_android_hardware_Radio DONE
08-05 02:25:08.027 31757 31757 D AndroidRuntime: Calling main entry com.android.commands.input.Input
08-05 02:25:08.028 31757 31757 I Input   : injectMotionEvent: MotionEvent { action=ACTION_DOWN, actionButton=0, id[0]=0, x[0]=648.0, y[0]=709.0, toolType[0]=TOOL_TYPE_UNKNOWN, buttonState=0, metaState=0, flags=0x0, edgeFlags=0x0, pointerCount=1, historySize=0, eventTime=757524441, downTime=757524441, deviceId=0, source=0x1002 }
08-05 02:25:08.033 31757 31757 I Input   : injectMotionEvent: MotionEvent { action=ACTION_UP, actionButton=0, id[0]=0, x[0]=648.0, y[0]=709.0, toolType[0]=TOOL_TYPE_UNKNOWN, buttonState=0, metaState=0, flags=0x0, edgeFlags=0x0, pointerCount=1, historySize=0, eventTime=757524441, downTime=757524441, deviceId=0, source=0x1002 }
08-05 02:25:08.035 31757 31757 D AndroidRuntime: Shutting down VM
08-05 02:25:08.101   512  2967 D audio_hw_primary: out_set_parameters: enter: usecase(1: low-latency-playback) kvpairs: routing=2
08-05 02:25:08.115   512  2967 D audio_hw_primary: select_devices: out_snd_device(2: speaker) in_snd_device(0: none)
08-05 02:25:08.115   512  2967 D msm8974_platform: platform_send_audio_calibration: sending audio calibration for snd_device(2) acdb_id(15)
08-05 02:25:08.115   512  2967 I soundtrigger: audio_extn_sound_trigger_update_device_status: device 0x2 of type 0 for Event 1
08-05 02:25:08.125   512  2967 D audio_hw_primary: enable_snd_device: snd_device(2: speaker)
08-05 02:25:08.127   512  2967 D audio_hw_primary: enable_audio_route: apply and update mixer path: low-latency-playback speaker
08-05 02:25:08.153 30482 30494 I art     : Starting a blocking GC Explicit
08-05 02:25:08.220 30482 30494 I art     : Explicit concurrent mark sweep GC freed 2280(145KB) AllocSpace objects, 2(40KB) LOS objects, 23% free, 52MB/68MB, paused 878us total 66.535ms
08-05 02:25:08.241 30482 30494 I art     : Starting a blocking GC Explicit
08-05 02:25:08.308 30482 30494 I art     : Explicit concurrent mark sweep GC freed 155(6KB) AllocSpace objects, 0(0B) LOS objects, 23% free, 52MB/68MB, paused 623us total 67.456ms
08-05 02:25:08.332 30482 30494 I art     : Starting a blocking GC Explicit
08-05 02:25:08.398 30482 30494 I art     : Explicit concurrent mark sweep GC freed 5(160B) AllocSpace objects, 0(0B) LOS objects, 23% free, 52MB/68MB, paused 658us total 66.027ms
08-05 02:25:08.425 30482 30494 I art     : Starting a blocking GC Explicit
08-05 02:25:08.496 30482 30494 I art     : Explicit concurrent mark sweep GC freed 3(96B) AllocSpace objects, 0(0B) LOS objects, 23% free, 52MB/68MB, paused 527us total 70.911ms
08-05 02:25:08.524 30482 30494 I art     : Starting a blocking GC Explicit
08-05 02:25:08.598 30482 30494 I art     : Explicit concurrent mark sweep GC freed 9(320B) AllocSpace objects, 0(0B) LOS objects, 23% free, 52MB/68MB, paused 591us total 74.357ms
08-05 02:25:08.669   512  2967 D audio_hw_primary: disable_audio_route: reset and update mixer path: low-latency-playback speaker
08-05 02:25:08.671   512  2967 D audio_hw_primary: disable_snd_device: snd_device(2: speaker)
08-05 02:25:08.680   512  2967 I soundtrigger: audio_extn_sound_trigger_update_device_status: device 0x2 of type 0 for Event 0
08-05 02:25:08.942 30482 30870 I art     : Starting a blocking GC Explicit
08-05 02:25:09.006 30482 30870 I art     : Explicit concurrent mark sweep GC freed 1517(88KB) AllocSpace objects, 1(20KB) LOS objects, 23% free, 52MB/68MB, paused 647us total 63.802ms
08-05 02:25:09.027 30482 30870 I art     : Starting a blocking GC Explicit
08-05 02:25:09.091 30482 30870 I art     : Explicit concurrent mark sweep GC freed 30(1072B) AllocSpace objects, 0(0B) LOS objects, 23% free, 52MB/68MB, paused 580us total 64.024ms
08-05 02:25:09.111 30482 30870 I art     : Starting a blocking GC Explicit
08-05 02:25:09.177 30482 30870 I art     : Explicit concurrent mark sweep GC freed 3(96B) AllocSpace objects, 0(0B) LOS objects, 23% free, 52MB/68MB, paused 651us total 65.939ms
08-05 02:25:09.198 30482 30870 I art     : Starting a blocking GC Explicit
08-05 02:25:09.263 30482 30870 I art     : Explicit concurrent mark sweep GC freed 3(96B) AllocSpace objects, 0(0B) LOS objects, 23% free, 52MB/68MB, paused 547us total 65.389ms
08-05 02:25:09.283 30482 30870 I art     : Starting a blocking GC Explicit
08-05 02:25:09.347 30482 30870 I art     : Explicit concurrent mark sweep GC freed 3(96B) AllocSpace objects, 0(0B) LOS objects, 23% free, 52MB/68MB, paused 588us total 63.185ms
08-05 02:25:09.641 30482 30494 I art     : Starting a blocking GC Explicit
08-05 02:25:09.676 31790 31790 D AndroidRuntime: >>>>>> START com.android.internal.os.RuntimeInit uid 2000 <<<<<<
08-05 02:25:09.680 31790 31790 D AndroidRuntime: CheckJNI is OFF
08-05 02:25:09.709 30482 30494 I art     : Explicit concurrent mark sweep GC freed 1515(88KB) AllocSpace objects, 1(20KB) LOS objects, 23% free, 52MB/68MB, paused 579us total 68.117ms
08-05 02:25:09.716 31790 31790 D ICU     : No timezone override file found: /data/misc/zoneinfo/current/icu/icu_tzdata.dat
08-05 02:25:09.729 30482 30494 I art     : Starting a blocking GC Explicit
08-05 02:25:09.751 31790 31790 I Radio-JNI: register_android_hardware_Radio DONE
08-05 02:25:09.774 31790 31790 D AndroidRuntime: Calling main entry com.android.commands.input.Input
08-05 02:25:09.776 31790 31790 I Input   : injectMotionEvent: MotionEvent { action=ACTION_DOWN, actionButton=0, id[0]=0, x[0]=1197.0, y[0]=1456.0, toolType[0]=TOOL_TYPE_UNKNOWN, buttonState=0, metaState=0, flags=0x0, edgeFlags=0x0, pointerCount=1, historySize=0, eventTime=757526188, downTime=757526188, deviceId=0, source=0x1002 }
08-05 02:25:09.782 31790 31790 I Input   : injectMotionEvent: MotionEvent { action=ACTION_UP, actionButton=0, id[0]=0, x[0]=1197.0, y[0]=1456.0, toolType[0]=TOOL_TYPE_UNKNOWN, buttonState=0, metaState=0, flags=0x0, edgeFlags=0x0, pointerCount=1, historySize=0, eventTime=757526188, downTime=757526188, deviceId=0, source=0x1002 }
08-05 02:25:09.786 31790 31790 D AndroidRuntime: Shutting down VM
08-05 02:25:09.794 30482 30494 I art     : Explicit concurrent mark sweep GC freed 37(1408B) AllocSpace objects, 0(0B) LOS objects, 23% free, 52MB/68MB, paused 654us total 64.593ms
08-05 02:25:09.799   512  2967 D audio_hw_primary: out_set_parameters: enter: usecase(1: low-latency-playback) kvpairs: routing=2
08-05 02:25:09.812   512  2967 D audio_hw_primary: select_devices: out_snd_device(2: speaker) in_snd_device(0: none)
08-05 02:25:09.812   512  2967 D msm8974_platform: platform_send_audio_calibration: sending audio calibration for snd_device(2) acdb_id(15)
08-05 02:25:09.812   512  2967 I soundtrigger: audio_extn_sound_trigger_update_device_status: device 0x2 of type 0 for Event 1
08-05 02:25:09.815 30482 30494 I art     : Starting a blocking GC Explicit
08-05 02:25:09.829   512  2967 D audio_hw_primary: enable_snd_device: snd_device(2: speaker)
08-05 02:25:09.831   512  2967 D audio_hw_primary: enable_audio_route: apply and update mixer path: low-latency-playback speaker
08-05 02:25:09.855 30482 30504 D OpenGLRenderer: endAllStagingAnimators on 0x7f805eec00 (RippleDrawable) with handle 0x7f79089240
08-05 02:25:09.862 30482 30482 I SettingsManager: Setting string: savedCourse
08-05 02:25:09.863   918  5481 W BackupManagerService: dataChanged but no participant pkg='nappatfpr.com.ak.uobtimetable' uid=10692
08-05 02:25:09.863 30482 30482 D NappaIntentExtras: ==================
08-05 02:25:09.863 30482 30500 D Nappa   : PREFETCH_ON_EXTRA - notifyExtras- start
08-05 02:25:09.863 30482 30482 D NappaIntentExtras: Log #6
08-05 02:25:09.863 30482 30482 D NappaIntentExtras: ------------------
08-05 02:25:09.863 30482 30482 D NappaIntentExtras: activity nappatfpr.com.ak.uobtimetable.CourseListActivity
08-05 02:25:09.863 30482 30482 D NappaIntentExtras: 	- 1 extras registered
08-05 02:25:09.863 30482 30482 D NappaIntentExtras: 	- forceRefreshSessions : true
08-05 02:25:09.863 30482 30482 D NappaIntentExtras: activity nappatfpr.com.ak.uobtimetable.WelcomeActivity
08-05 02:25:09.863 30482 30482 D NappaIntentExtras: 	- No extras registered
08-05 02:25:09.863 30482 30482 D NappaIntentExtras: activity nappatfpr.com.ak.uobtimetable.MainActivity
08-05 02:25:09.863 30482 30482 D NappaIntentExtras: 	- No extras registered
08-05 02:25:09.864 30482 30482 D NappaIntentExtras: ==================
08-05 02:25:09.864   918  3670 I ActivityManager: START u0 {flg=0x4000000 cmp=nappatfpr.com.ak.uobtimetable/.MainActivity (has extras)} from uid 10692 on display 0
08-05 02:25:09.864 30482 30500 I NAPPA_EXPERIMENTATION: MetricNappaPrefetchingStrategyExecutionTime: STRATEGY_CLASS='TfprPrefetchingStrategy',DURATION='746719',NUMBER_OF_URLS='0',NUMBER_OF_SELECTED_CHILDREN_NODES='1',NUMBER_OF_CHILDREN_NODES='1',STRATEGY_RUN_SUCCESSFULLY='True',
08-05 02:25:09.864 30482 30500 D TfprPrefetchingStrategy: ==================================
08-05 02:25:09.864 30482 30500 D TfprPrefetchingStrategy: Starting Run #7
08-05 02:25:09.865 30482 30500 D TfprPrefetchingStrategy: ----------------------------------
08-05 02:25:09.865 30482 30500 D TfprPrefetchingStrategy: Node data CourseListActivity 
08-05 02:25:09.865 30482 30500 D TfprPrefetchingStrategy: 	Successors:
08-05 02:25:09.865 30482 30500 D TfprPrefetchingStrategy: 		MainActivity (2 hits)
08-05 02:25:09.865 30482 30500 D TfprPrefetchingStrategy: 	Ancestors:
08-05 02:25:09.865 30482 30500 D TfprPrefetchingStrategy: 		WelcomeActivity (1 hits)
08-05 02:25:09.865 30482 30500 D TfprPrefetchingStrategy: 
08-05 02:25:09.865 30482 30500 D TfprPrefetchingStrategy: MetricStrategyAccuracy inc execution count7 | act = false; extra = true
08-05 02:25:09.865 30482 30500 D TfprPrefetchingStrategy: ===
08-05 02:25:09.865 30482 30500 D TfprPrefetchingStrategy: calculateVisitTimeScores
08-05 02:25:09.865 30482 30500 D TfprPrefetchingStrategy: -------- Node MainActivity-----------
08-05 02:25:09.865 30482 30500 D TfprPrefetchingStrategy: tfprNode.aggregateVisitTime = 15946
08-05 02:25:09.865 30482 30500 D TfprPrefetchingStrategy: tfprNode.totalAggregateVisitTimeFromSuccessors = 6303
08-05 02:25:09.865 30482 30500 D TfprPrefetchingStrategy: tfprNode.aggregateVisitTimeFromSuccessors = {nappatfpr.com.ak.uobtimetable.WelcomeActivity=6303}
08-05 02:25:09.865 30482 30500 D TfprPrefetchingStrategy: -------- Node CourseListActivity-----------
08-05 02:25:09.865 30482 30500 D TfprPrefetchingStrategy: tfprNode.aggregateVisitTime = 23598
08-05 02:25:09.865 30482 30500 D TfprPrefetchingStrategy: tfprNode.totalAggregateVisitTimeFromSuccessors = 15915
08-05 02:25:09.865 30482 30500 D TfprPrefetchingStrategy: tfprNode.aggregateVisitTimeFromSuccessors = {nappatfpr.com.ak.uobtimetable.MainActivity=15915}
08-05 02:25:09.866 30482 30500 D TfprPrefetchingStrategy: -------- Graph -----------
08-05 02:25:09.866 30482 30500 D TfprPrefetchingStrategy: tfprGraph.aggregateVisitTimeFromSuccessors = 39544
08-05 02:25:09.866 30482 30500 D TfprPrefetchingStrategy: ===
08-05 02:25:09.866 30482 30500 D TfprPrefetchingStrategy: ===
08-05 02:25:09.866 30482 30500 D TfprPrefetchingStrategy: runTfprAlgorithm
08-05 02:25:09.866 30482 30500 D TfprPrefetchingStrategy: ------------- TFPR calculation #1 of 10 -----------
08-05 02:25:09.866 30482 30500 D TfprPrefetchingStrategy: node MainActivity score = 0.34275997
08-05 02:25:09.866 30482 30500 D TfprPrefetchingStrategy: node CourseListActivity score = 0.50724006
08-05 02:25:09.866 30482 30500 D TfprPrefetchingStrategy: ------------- TFPR calculation #2 of 10 -----------
08-05 02:25:09.866 30482 30500 D TfprPrefetchingStrategy: node MainActivity score = 0.41884595
08-05 02:25:09.866 30482 30500 D TfprPrefetchingStrategy: node CourseListActivity score = 0.50724006
08-05 02:25:09.866 30482 30500 D TfprPrefetchingStrategy: ------------- TFPR calculation #3 of 10 -----------
08-05 02:25:09.866 30482 30500 D TfprPrefetchingStrategy: node MainActivity score = 0.41884595
08-05 02:25:09.866 30482 30500 D TfprPrefetchingStrategy: node CourseListActivity score = 0.50724006
08-05 02:25:09.866 30482 30500 D TfprPrefetchingStrategy: ------------- TFPR calculation #4 of 10 -----------
08-05 02:25:09.866 30482 30500 D TfprPrefetchingStrategy: node MainActivity score = 0.41884595
08-05 02:25:09.866 30482 30500 D TfprPrefetchingStrategy: node CourseListActivity score = 0.50724006
08-05 02:25:09.866 30482 30500 D TfprPrefetchingStrategy: ------------- TFPR calculation #5 of 10 -----------
08-05 02:25:09.866 30482 30500 D TfprPrefetchingStrategy: node MainActivity score = 0.41884595
08-05 02:25:09.866 30482 30500 D TfprPrefetchingStrategy: node CourseListActivity score = 0.50724006
08-05 02:25:09.867 30482 30500 D TfprPrefetchingStrategy: ------------- TFPR calculation #6 of 10 -----------
08-05 02:25:09.867 30482 30500 D TfprPrefetchingStrategy: node MainActivity score = 0.41884595
08-05 02:25:09.867 30482 30500 D TfprPrefetchingStrategy: node CourseListActivity score = 0.50724006
08-05 02:25:09.867 30482 30500 D TfprPrefetchingStrategy: ------------- TFPR calculation #7 of 10 -----------
08-05 02:25:09.867 30482 30500 D TfprPrefetchingStrategy: node MainActivity score = 0.41884595
08-05 02:25:09.867 30482 30500 D TfprPrefetchingStrategy: node CourseListActivity score = 0.50724006
08-05 02:25:09.867 30482 30500 D TfprPrefetchingStrategy: ------------- TFPR calculation #8 of 10 -----------
08-05 02:25:09.867 30482 30500 D TfprPrefetchingStrategy: node MainActivity score = 0.41884595
08-05 02:25:09.867 30482 30500 D TfprPrefetchingStrategy: node CourseListActivity score = 0.50724006
08-05 02:25:09.867 30482 30500 D TfprPrefetchingStrategy: ------------- TFPR calculation #9 of 10 -----------
08-05 02:25:09.867 30482 30500 D TfprPrefetchingStrategy: node MainActivity score = 0.41884595
08-05 02:25:09.867 30482 30500 D TfprPrefetchingStrategy: node CourseListActivity score = 0.50724006
08-05 02:25:09.867 30482 30500 D TfprPrefetchingStrategy: ------------- TFPR calculation #10 of 10 -----------
08-05 02:25:09.867 30482 30500 D TfprPrefetchingStrategy: node MainActivity score = 0.41884595
08-05 02:25:09.867 30482 30500 D TfprPrefetchingStrategy: node CourseListActivity score = 0.50724006
08-05 02:25:09.867 30482 30500 D TfprPrefetchingStrategy: ===
08-05 02:25:09.867 30482 30500 D TfprPrefetchingStrategy: ===
08-05 02:25:09.868 30482 30500 D TfprPrefetchingStrategy: getSuccessorListSortByTfprScore
08-05 02:25:09.868 30482 30500 D TfprPrefetchingStrategy: Successors before the sort [TfprNode{MainActivity : TFPR = 0.41884595}]
08-05 02:25:09.868 30482 30500 D TfprPrefetchingStrategy: Successors sorted by highest to lowest score (N2 - N1 comparator) are [TfprNode{MainActivity : TFPR = 0.41884595}]
08-05 02:25:09.868 30482 30500 D TfprPrefetchingStrategy: Selected the following nodes:
08-05 02:25:09.868 30482 30500 D TfprPrefetchingStrategy: #1 - MainActivity with score 0.41884595
08-05 02:25:09.868 30482 30500 D TfprPrefetchingStrategy: successors with high score = [MainActivity 
08-05 02:25:09.868 30482 30500 D TfprPrefetchingStrategy: 	Successors:
08-05 02:25:09.868 30482 30500 D TfprPrefetchingStrategy: 		WelcomeActivity (1 hits)
08-05 02:25:09.868 30482 30500 D TfprPrefetchingStrategy: 	Ancestors:
08-05 02:25:09.868 30482 30500 D TfprPrefetchingStrategy: 		CourseListActivity (1 hits)
08-05 02:25:09.868 30482 30500 D TfprPrefetchingStrategy: 
08-05 02:25:09.868 30482 30500 D TfprPrefetchingStrategy: ]
08-05 02:25:09.868 30482 30500 D TfprPrefetchingStrategy: ===
08-05 02:25:09.868 30482 30500 D TfprPrefetchingStrategy: Selected node MainActivity containing the URLS []
08-05 02:25:09.868 30482 30500 D TfprPrefetchingStrategy: Next visited child will be [nappatfpr.com.ak.uobtimetable.MainActivity]
08-05 02:25:09.868 30482 30500 D TfprPrefetchingStrategy: ==================================
08-05 02:25:09.869 30482 30500 D Nappa   : PREFETCH_ON_EXTRA - notifyExtras- end
08-05 02:25:09.869 30482 30500 D Nappa   : PREFSTRAT2 ADDING NEW ACTEXTRADATA
08-05 02:25:09.873 30482 30494 I art     : Explicit concurrent mark sweep GC freed 3023(153KB) AllocSpace objects, 0(0B) LOS objects, 23% free, 52MB/68MB, paused 822us total 56.947ms
08-05 02:25:09.876   918  5132 W InputMethodManagerService: Focus gain on non-focused client com.android.internal.view.IInputMethodClient$Stub$Proxy@97e1343 (uid=10692 pid=30482)
08-05 02:25:09.877 30482 30482 D NappaLifecycleObserver: nappatfpr.com.ak.uobtimetable.CourseListActivity - onPause
08-05 02:25:09.877 30482 30482 D Nappa   : Stayed on nappatfpr.com.ak.uobtimetable.CourseListActivity for 8460 ms
08-05 02:25:09.882 30482 30482 D NappaLifecycleObserver: nappatfpr.com.ak.uobtimetable.MainActivity - onDestroy
08-05 02:25:09.882 30482 30482 D NappaLifecycleObserver: -------------F1_SCORE #10 -----------
08-05 02:25:09.882 30482 30482 D NappaLifecycleObserver: F1_SCORE - Intercept list (3)= [https://uob-timetable-api.adriankeenan.co.uk/courses, https://uob-timetable-api.adriankeenan.co.uk/sessions?dept=BD002&course=CFIEFAAF%2F02AA%2F0%2FFT&level=ALL+Courses, https://uob-timetable-api.adriankeenan.co.uk/sessions?dept=CM010&course=BSAIFAAF%2F02AA%2F0%2FFT&level=Foundation+Year]
08-05 02:25:09.882 30482 30482 D NappaLifecycleObserver: F1_SCORE - Prefetch list (0)= []
08-05 02:25:09.882 30482 30482 D NappaLifecycleObserver: F1_SCORE - TP list (0)= []
08-05 02:25:09.882 30482 30482 D NappaLifecycleObserver: F1_SCORE - FN list (3)= [https://uob-timetable-api.adriankeenan.co.uk/courses, https://uob-timetable-api.adriankeenan.co.uk/sessions?dept=BD002&course=CFIEFAAF%2F02AA%2F0%2FFT&level=ALL+Courses, https://uob-timetable-api.adriankeenan.co.uk/sessions?dept=CM010&course=BSAIFAAF%2F02AA%2F0%2FFT&level=Foundation+Year]
08-05 02:25:09.882 30482 30482 I NAPPA_EXPERIMENTATION: MetricPrefetchingAccuracy: LOG_ID='11',F1_SCORE_1='0.0',F1_SCORE_2='0.0',TRUE_POSITIVE='0',FALSE_POSITIVE='0',FALSE_NEGATIVE='3',
08-05 02:25:09.891 30482 30494 I art     : Starting a blocking GC Explicit
08-05 02:25:09.892 30482 30482 D MainActivity: OnDestroy
08-05 02:25:09.914 30482 30482 D MainActivity: onCreate
08-05 02:25:09.914 30482 30482 I SettingsManager: Getting string: savedSessions
08-05 02:25:09.915 30482 30482 I SettingsManager: Getting string: savedSessions
08-05 02:25:09.923 30482 30482 I SettingsManager: Getting string: savedSessionsCourseName
08-05 02:25:09.923 30482 30482 I SettingsManager: Getting string: savedSessionsCourseName
08-05 02:25:09.923 30482 30482 I SettingsManager: Getting string: savedSessionsDateRange
08-05 02:25:09.923 30482 30482 I SettingsManager: Getting string: savedSessionsDateRange
08-05 02:25:09.923 30482 30482 I Settings: 15 saved sessions - Artificial Intelligence and Robotics (with Foundation Year) - BSc (Hons) - Ltn - Y0 Feb FT - Weeks: 24-38 (8 Jun 2020-20 Sep 2020)
08-05 02:25:09.958 30482 30494 I art     : Explicit concurrent mark sweep GC freed 10473(486KB) AllocSpace objects, 0(0B) LOS objects, 22% free, 54MB/70MB, paused 1.079ms total 66.387ms
08-05 02:25:09.959 30482 30482 I SettingsManager: Getting string: savedCourse
08-05 02:25:09.960 30482 30482 D MainActivity: sessionListFragmentArg: updateSessions
08-05 02:25:09.960 30482 30482 D MainActivity: showTermDatesConfigChange: false
08-05 02:25:09.960 30482 30482 D MainActivity: showTermDatesShortcut: false
08-05 02:25:09.961 30482 30482 D MainActivity: Setting initial fragment: SessionListsFragment
08-05 02:25:09.962 30482 30482 I SettingsManager: Getting int: launchCount
08-05 02:25:09.964 30482 30482 D SessionListsFragment: onCreateView
08-05 02:25:09.970 30482 30482 I SettingsManager: Getting string: savedCourse
08-05 02:25:09.974 30482 30482 I SettingsManager: Getting string: savedSessions
08-05 02:25:09.978 30482 30494 I art     : Starting a blocking GC Explicit
08-05 02:25:09.986 30482 30482 D SessionListsFragment: loadArgument: updateSessions
08-05 02:25:09.986 30482 30482 D SessionListsFragment: initialIndex: -1
08-05 02:25:09.988 30482 31814 D Nappa   : TAG okHttpClient initialized
08-05 02:25:09.988 30482 31814 D HTTP    : Request for: https://uob-timetable-api.adriankeenan.co.uk/sessions?dept=CM010&course=BSAIFAAF%2F02AA%2F0%2FFT&level=Foundation+Year
08-05 02:25:09.990 30482 31814 D CustomInterceptor: NETWORK-PROVIDER https://uob-timetable-api.adriankeenan.co.uk/sessions?dept=CM010&course=BSAIFAAF%2F02AA%2F0%2FFT&level=Foundation+Year
08-05 02:25:09.990 30482 31814 D Nappa   : F1_SCORE add_intercept_url - (already in) - https://uob-timetable-api.adriankeenan.co.uk/sessions?dept=CM010&course=BSAIFAAF%2F02AA%2F0%2FFT&level=Foundation+Year
08-05 02:25:09.991 30482 31814 D Nappa   : F1_SCORE add_fn_url - (already in) - https://uob-timetable-api.adriankeenan.co.uk/sessions?dept=CM010&course=BSAIFAAF%2F02AA%2F0%2FFT&level=Foundation+Year
08-05 02:25:09.991 30482 31814 D Nappa   : -------------F1_SCORE #11 -----------
08-05 02:25:09.991 30482 31814 D Nappa   : F1_SCORE - Intercept list (3)= [https://uob-timetable-api.adriankeenan.co.uk/courses, https://uob-timetable-api.adriankeenan.co.uk/sessions?dept=BD002&course=CFIEFAAF%2F02AA%2F0%2FFT&level=ALL+Courses, https://uob-timetable-api.adriankeenan.co.uk/sessions?dept=CM010&course=BSAIFAAF%2F02AA%2F0%2FFT&level=Foundation+Year]
08-05 02:25:09.991 30482 31814 D Nappa   : F1_SCORE - Prefetch list (0)= []
08-05 02:25:09.991 30482 31814 D Nappa   : F1_SCORE - TP list (0)= []
08-05 02:25:09.991 30482 31814 D Nappa   : F1_SCORE - FN list (3)= [https://uob-timetable-api.adriankeenan.co.uk/courses, https://uob-timetable-api.adriankeenan.co.uk/sessions?dept=BD002&course=CFIEFAAF%2F02AA%2F0%2FFT&level=ALL+Courses, https://uob-timetable-api.adriankeenan.co.uk/sessions?dept=CM010&course=BSAIFAAF%2F02AA%2F0%2FFT&level=Foundation+Year]
08-05 02:25:09.991 30482 31814 I NAPPA_EXPERIMENTATION: MetricPrefetchingAccuracy: LOG_ID='12',F1_SCORE_1='0.0',F1_SCORE_2='0.0',TRUE_POSITIVE='0',FALSE_POSITIVE='0',FALSE_NEGATIVE='3',
08-05 02:25:09.991 30482 31814 D CustomInterceptor: HEADER REQUEST
08-05 02:25:09.991 30482 31814 D CustomInterceptor: API-Version 2
08-05 02:25:09.991 30482 31814 D CustomInterceptor: App-Version 21
08-05 02:25:09.991 30482 31814 D CustomInterceptor: Cache-Control max-age=300, max-stale=300
08-05 02:25:09.991 30482 31814 D CustomInterceptor: User-Agent Dalvik/2.1.0 (Linux; U; Android 6.0; Nexus 6P Build/MDB08K)
08-05 02:25:09.991 30482 31814 D CustomInterceptor: CACHED STATS: size = '3', maxSize = '100', hitCount = '5', createCount = '0', putCount = '3', evictionCount = '0', missCount = '3', toString = 'LruCache[maxSize=100,hits=5,misses=3,hitRate=62%]', 
08-05 02:25:09.992 30482 31814 D CustomInterceptor: PREFLIB GET REQUEST https://uob-timetable-api.adriankeenan.co.uk/sessions?dept=CM010&course=BSAIFAAF%2F02AA%2F0%2FFT&level=Foundation+Year
08-05 02:25:09.992 30482 31814 D CustomInterceptor: PREFLIB found https://uob-timetable-api.adriankeenan.co.uk/sessions?dept=CM010&course=BSAIFAAF%2F02AA%2F0%2FFT&level=Foundation+Year, sending it back
08-05 02:25:09.992 30482 31814 D CustomInterceptor: CONTENT {
08-05 02:25:09.992 30482 31814 D CustomInterceptor:     "api_version": 2,
08-05 02:25:09.992 30482 31814 D CustomInterceptor:     "response_time": 1.1,
08-05 02:25:09.992 30482 31814 D CustomInterceptor:     "error": false,
08-05 02:25:09.992 30482 31814 D CustomInterceptor:     "timetable_url": "https:\/\/timetable.beds.ac.uk\/sws1920",
08-05 02:25:09.992 30482 31814 D CustomInterceptor:     "course_name": "Artificial Intelligence and Robotics (with Foundation Year) - BSc (Hons) - Ltn - Y0 Feb FT",
08-05 02:25:09.992 30482 31814 D CustomInterceptor:     "date_range": "Weeks: 24-38 (8 Jun 2020-20 Sep 2020)",
08-05 02:25:09.992 30482 31814 D CustomInterceptor:     "estimated_term": 3,
08-05 02:25:09.992 30482 31814 D CustomInterceptor:     "sessions": [
08-05 02:25:09.992 30482 31814 D CustomInterceptor:         {
08-05 02:25:09.992 30482 31814 D CustomInterceptor:             "module_name": "DO NOT USE - Data is no longer checked for accuracy and may be incorrect.",
08-05 02:25:09.992 30482 31814 D CustomInterceptor:             "day": 0,
08-05 02:25:09.992 30482 31814 D CustomInterceptor:             "day_name": "Monday",
08-05 02:25:09.992 30482 31814 D CustomInterceptor:             "start": "09:00",
08-05 02:25:09.992 30482 31814 D CustomInterceptor:             "end": "18:00",
08-05 02:25:09.992 30482 31814 D CustomInterceptor:             "length": 9,
08-05 02:25:09.992 30482 31814 D CustomInterceptor:             "length_str": "9 hours",
08-05 02:25:09.992 30482 31814 D CustomInterceptor:             "type": "N\/A",
08-05 02:25:09.992 30482 31814 D CustomInterceptor:             "rooms": [],
08-05 02:25:09.992 30482 31814 D CustomInterceptor:             "rooms_short": [],
08-05 02:25:09.992 30482 31814 D CustomInterceptor:             "hash": "f7b4771250a919bd729c1c5a4a459c77",
08-05 02:25:09.992 30482 31814 D CustomInterceptor:             "is_valid": true
08-05 02:25:09.992 30482 31814 D CustomInterceptor:         },
08-05 02:25:09.992 30482 31814 D CustomInterceptor:         {
08-05 02:25:09.992 30482 31814 D CustomInterceptor:             "module_name": "DO NOT USE - Data is no longer checked for accuracy and may be incorrect.",
08-05 02:25:09.992 30482 31814 D CustomInterceptor:             "day": 1,
08-05 02:25:09.992 30482 31814 D CustomInterceptor:             "day_name": "Tuesday",
08-05 02:25:09.992 30482 31814 D CustomInterceptor:             "start": "09:00",
08-05 02:25:09.992 30482 31814 D CustomInterceptor:             "end": "18:00",
08-05 02:25:09.992 30482 31814 D CustomInterceptor:             "length": 9,
08-05 02:25:09.992 30482 31814 D CustomInterceptor:             "length_str": "9 hours",
08-05 02:25:09.992 30482 31814 D CustomInterceptor:             "type": "N\/A",
08-05 02:25:09.992 30482 31814 D CustomInterceptor:             "rooms": [],
08-05 02:25:09.992 30482 31814 D CustomInterceptor:             "rooms_short": [],
08-05 02:25:09.992 30482 31814 D CustomInterceptor:             "hash": "a7f879aabdeb78622c8820a5fb7b64cd",
08-05 02:25:09.992 30482 31814 D CustomInterceptor:             "is_valid": true
08-05 02:25:09.992 30482 31814 D CustomInterceptor:         },
08-05 02:25:09.992 30482 31814 D CustomInterceptor:         {
08-05 02:25:09.992 30482 31814 D CustomInterceptor:             "module_name": "English For Specific Purposes",
08-05 02:25:09.992 30482 31814 D CustomInterceptor:             "day": 1,
08-05 02:25:09.992 30482 31814 D CustomInterceptor:             "day_name": "Tuesday",
08-05 02:25:09.992 30482 31814 D CustomInterceptor:             "start": "9:00",
08-05 02:25:09.992 30482 31814 D CustomInterceptor:             "end": "11:30",
08-05 02:25:09.992 30482 31814 D CustomInterceptor:             "length": 2.5,
08-05 02:25:09.992 30482 31814 D CustomInterceptor:             "length_str": "2.5 hours",
08-05 02:25:09.992 30482 31814 D CustomInterceptor:             "type": "Lecture\/Seminar",
08-05 02:25:09.992 30482 31814 D CustomInterceptor:             "rooms": [
08-05 02:25:09.992 30482 31814 D CustomInterceptor:                 "H307a - Language Teaching Room"
08-05 02:25:09.992 30482 31814 D CustomInterceptor:             ],
08-05 02:25:09.992 30482 31814 D CustomInterceptor:             "rooms_short": [
08-05 02:25:09.992 30482 31814 D CustomInterceptor:                 "H307a"
08-05 02:25:09.992 30482 31814 D CustomInterceptor:             ],
08-05 02:25:09.992 30482 31814 D CustomInterceptor:             "hash": "7bc8d7e2c2055711f597c3d9078c6ea3",
08-05 02:25:09.992 30482 31814 D CustomInterceptor:             "is_valid": true
08-05 02:25:09.992 30482 31814 D CustomInterceptor:         },
08-05 02:25:09.992 30482 31814 D CustomInterceptor:         {
08-05 02:25:09.992 30482 31814 D CustomInterceptor:             "module_name": "Computing Systems Programming",
08-05 02:25:09.992 30482 31814 D CustomInterceptor:             "day": 1,
08-05 02:25:09.992 30482 31814 D CustomInterceptor:             "day_name": "Tuesday",
08-05 02:25:09.992 30482 31814 D CustomInterceptor:             "start": "11:00",
08-05 02:25:09.992 30482 31814 D CustomInterceptor:             "end": "12:00",
08-05 02:25:09.992 30482 31814 D CustomInterceptor:             "length": 1,
08-05 02:25:09.992 30482 31814 D CustomInterceptor:             "length_str": "1 hour",
08-05 02:25:09.992 30482 31814 D CustomInterceptor:             "type": "Lecture",
08-05 02:25:09.992 30482 31814 D CustomInterceptor:             "rooms": [
08-05 02:25:09.992 30482 31814 D CustomInterceptor:                 "D101 - Electronics \/ Physics and Telecommunications Lab"
08-05 02:25:09.992 30482 31814 D CustomInterceptor:             ],
08-05 02:25:09.992 30482 31814 D CustomInterceptor:             "rooms_short": [
08-05 02:25:09.992 30482 31814 D CustomInterceptor:                 "D101"
08-05 02:25:09.992 30482 31814 D CustomInterceptor:             ],
08-05 02:25:09.992 30482 31814 D CustomInterceptor:             "hash": "53c0527a6f009a1f2fd223834d3bfe51",
08-05 02:25:09.992 30482 31814 D CustomInterceptor:             "is_valid": true
08-05 02:25:09.992 30482 31814 D CustomInterceptor:         },
08-05 02:25:09.992 30482 31814 D CustomInterceptor:         {
08-05 02:25:09.992 30482 31814 D CustomInterceptor:             "module_name": "English For Specific Purposes",
08-05 02:25:09.992 30482 31814 D CustomInterceptor:             "day": 1,
08-05 02:25:09.992 30482 31814 D CustomInterceptor:             "day_name": "Tuesday",
08-05 02:25:09.992 30482 31814 D CustomInterceptor:             "start": "11:30",
08-05 02:25:09.992 30482 31814 D CustomInterceptor:             "end": "13:30",
08-05 02:25:09.992 30482 31814 D CustomInterceptor:             "length": 2,
08-05 02:25:09.992 30482 31814 D CustomInterceptor:             "length_str": "2 hours",
08-05 02:25:09.992 30482 31814 D CustomInterceptor:             "type": "Lecture\/Seminar",
08-05 02:25:09.992 30482 31814 D CustomInterceptor:             "rooms": [
08-05 02:25:09.992 30482 31814 D CustomInterceptor:                 "H307a - Language Teaching Room"
08-05 02:25:09.992 30482 31814 D CustomInterceptor:             ],
08-05 02:25:09.992 30482 31814 D CustomInterceptor:             "rooms_short": [
08-05 02:25:09.992 30482 31814 D CustomInterceptor:                 "H307a"
08-05 02:25:09.992 30482 31814 D CustomInterceptor:             ],
08-05 02:25:09.992 30482 31814 D CustomInterceptor:             "hash": "e0fc978b5db8218778540b4053344581",
08-05 02:25:09.992 30482 31814 D CustomInterceptor:             "is_valid": true
08-05 02:25:09.992 30482 31814 D CustomInterceptor:         },
08-05 02:25:09.992 30482 31814 D CustomInterceptor:         {
08-05 02:25:09.992 30482 31814 D CustomInterceptor:             "module_name": "Computing Systems Programming",
08-05 02:25:09.992 30482 31814 D CustomInterceptor:             "day": 1,
08-05 02:25:09.992 30482 31814 D CustomInterceptor:             "day_name": "Tuesday",
08-05 02:25:09.992 30482 31814 D CustomInterceptor:             "start": "12:00",
08-05 02:25:09.992 30482 31814 D CustomInterceptor:             "end": "14:00",
08-05 02:25:09.992 30482 31814 D CustomInterceptor:             "length": 2,
08-05 02:25:09.992 30482 31814 D CustomInterceptor:             "length_str": "2 hours",
08-05 02:25:09.992 30482 31814 D CustomInterceptor:             "type": "Practical",
08-05 02:25:09.992 30482 31814 D CustomInterceptor:             "rooms": [
08-05 02:25:09.992 30482 31814 D CustomInterceptor:                 "D101 - Electronics \/ Physics and Telecommunications Lab"
08-05 02:25:09.992 30482 31814 D CustomInterceptor:             ],
08-05 02:25:09.992 30482 31814 D CustomInterceptor:             "rooms_short": [
