--------- beginning of main
08-05 19:49:11.130  3784  3784 D CarrierServiceBindHelper: Receive action: android.intent.action.PACKAGE_REMOVED
08-05 19:49:11.184   918  3696 I AccountManagerService: getTypesVisibleToCaller: isPermitted? true
08-05 19:49:11.190 24365 28648 I Fitness : FitCleanupIntentOperation received Intent android.intent.action.PACKAGE_REMOVED [CONTEXT service_id=17 ]
08-05 19:49:11.193 15866 15866 I Finsky  : [1] uah.a(18): PackageMonitorReceiverImpl - Received: android.intent.action.PACKAGE_REMOVED, [_tNEpYibi4q8onlbpCHrGmKJCrmSZcTpA6Fh-bjon9Y]
08-05 19:49:11.193 15866 15866 I Finsky  : [1] ubi.d(9): Invalidating cached PackageState for nappatfpr.com.ak.uobtimetable
08-05 19:49:11.198 15866 15866 I Finsky  : [1] lzi.c(2): Frosting ID looked up on UI thread. Caller should move to a background thread.
08-05 19:49:11.204  3784  3784 D CarrierServiceBindHelper: Receive action: android.intent.action.PACKAGE_ADDED
08-05 19:49:11.204  3784  3784 D CarrierServiceBindHelper: Receive action: android.intent.action.PACKAGE_REPLACED
08-05 19:49:11.205  3784  3784 D CarrierServiceBindHelper: mHandler: 3
08-05 19:49:11.205  3784  3784 D CarrierServiceBindHelper: mHandler: 3
08-05 19:49:11.205  3784  3784 D CarrierServiceBindHelper: mHandler: 3
08-05 19:49:11.205  3784  3784 D CarrierConfigLoader: mHandler: 9 phoneId: 0
08-05 19:49:11.207 15866 15866 I Finsky  : [1] nqb.c(3): Installer: package nappatfpr.com.ak.uobtimetable was removed. replacing: true
08-05 19:49:11.208 15866 15866 I Finsky  : [1] nra.a(188): Installer: Notifying status update. package=nappatfpr.com.ak.uobtimetable, status=UNINSTALLED
08-05 19:49:11.255 15866 15866 I Finsky  : [1] lzi.c(2): Frosting ID looked up on UI thread. Caller should move to a background thread.
08-05 19:49:11.274 15866 15866 I Finsky  : [1] nra.a(220): Installer: found apps to install. isMultiUserMode=false, apps=[]
08-05 19:49:11.275 15866 28668 I Finsky  : [6199] ejf.a(-1): Cancelled 0 ongoing asset module downloads for package nappatfpr.com.ak.uobtimetable due to a concurrent app update.
08-05 19:49:11.276 24577 24587 W art     : Suspending all threads took: 10.414ms
08-05 19:49:11.324 15866 16054 I Finsky  : [6134] odj.b(52): IQ: Notifying installation update. package=nappatfpr.com.ak.uobtimetable, status=UNINSTALLED
08-05 19:49:11.347 24577 28665 I Auth    : [SupervisedAccountIntentOperation] onHandleIntent(): android.intent.action.PACKAGE_ADDED
08-05 19:49:11.348 15866 28664 I Finsky  : [6197] lyv.run(-1): Wrote row to frosting DB: 2940
08-05 19:49:11.348 24577 28657 I ChromeSync: [Sync,SyncIntentOperation] Handling the intent: Intent { act=android.intent.action.PACKAGE_ADDED dat=package:nappatfpr.com.ak.uobtimetable flg=0x4000010 cmp=com.google.android.gms/.chimera.GmsIntentOperationService (has extras) }.
--------- beginning of system
08-05 19:49:11.372   918  6112 W ActivityManager: Unable to start service Intent { act=com.google.android.gms.auth.key.retrieval.service.START pkg=com.google.android.gms } U=0: not found
08-05 19:49:11.392   918  3961 W ActivityManager: Unbind failed: could not find connection for android.os.BinderProxy@b3ccf62
08-05 19:49:11.399 24577 24621 E GmsClient: unable to connect to service: com.google.android.gms.auth.key.retrieval.service.START on com.google.android.gms
08-05 19:49:11.433 15866 16054 I Finsky  : [6134] odj.b(40): IQ: No matching installs to run for jobs: []
08-05 19:49:11.450 15866 28664 I Finsky  : [6197] lyv.run(-1): Wrote row to frosting DB: 2941
08-05 19:49:11.458   918  6112 I AccountManagerService: getTypesVisibleToCaller: isPermitted? true
08-05 19:49:11.459 24577 28657 I ChromeSync: [Persistence,AffiliationManager] One of affiliation or grouping data for android://bz0hZa4nAJEtd0n5sRlXG7KAqctUMWVefv7Ki4mh1p6slZ9YO-n9gS9j8m9YCrsIyI2wIxrDHraumF9Y6pBLTA==@nappatfpr.com.ak.uobtimetable/ was not found. Marking affiliation data as stale...
08-05 19:49:11.472 15866 15866 I Finsky  : [1] uah.a(18): PackageMonitorReceiverImpl - Received: android.intent.action.PACKAGE_ADDED, [_tNEpYibi4q8onlbpCHrGmKJCrmSZcTpA6Fh-bjon9Y]
08-05 19:49:11.472 15866 15866 I Finsky  : [1] ubi.d(9): Invalidating cached PackageState for nappatfpr.com.ak.uobtimetable
08-05 19:49:11.475 15866 15866 I Finsky  : [1] lzi.c(2): Frosting ID looked up on UI thread. Caller should move to a background thread.
08-05 19:49:11.483 15866 28667 I Finsky  : [6198] gzn.a(-1): [ContentSync] finished, scheduled=false
08-05 19:49:11.484 15866 15866 I Finsky  : [1] agsx.a(4): Do not start WearSupportService due to Wear service optimization
08-05 19:49:11.519 15866 28668 I Finsky  : [6199] ejc.a(-1): Asset module broadcast after update successful for package nappatfpr.com.ak.uobtimetable. 0 sessions broadcast.
08-05 19:49:11.533 15866 15866 I Finsky  : [1] lzi.c(2): Frosting ID looked up on UI thread. Caller should move to a background thread.
08-05 19:49:11.579 15866 15866 I Finsky  : [1] xmu.a(8): SCH: Jobs in database: 1-1337 3-219 3-220 12-1 24-77777777 26-1414141414 
08-05 19:49:11.581 15866 15866 I Finsky  : [1] xio.a(57): SCH: ConstraintMapping: 24-77777777,  -> L: 0ms, D: 4848939ms, C: false, I: true, N: 0
08-05 19:49:11.582 15866 15866 I Finsky  : [1] xio.a(57): SCH: ConstraintMapping: 1-1337, 12-1,  -> L: 14668ms, D: 8201333ms, C: false, I: false, N: 1
08-05 19:49:11.582 15866 15866 I Finsky  : [1] xio.a(57): SCH: ConstraintMapping: 3-219,  -> L: 0ms, D: 83411942ms, C: false, I: true, N: 2
08-05 19:49:11.582 15866 15866 I Finsky  : [1] xio.a(57): SCH: ConstraintMapping: 3-220,  -> L: 0ms, D: 83411984ms, C: true, I: true, N: 2
08-05 19:49:11.583 15866 15866 I Finsky  : [1] xio.a(57): SCH: ConstraintMapping: 26-1414141414,  -> L: 12848798ms, D: 13748798ms, C: false, I: false, N: 0
08-05 19:49:11.584 15866 28667 I Finsky  : [6198] gzn.a(-1): [ContentSync] finished, scheduled=true
08-05 19:49:11.602 15866 15866 I Finsky  : [1] xle.a(34): Cancelling existing jobscheduler jobs: 9007 9013 9001 9009 9005 9003 9002 9010 9004 9008 
08-05 19:49:11.603 15866 15866 I Finsky  : [1] xle.a(27): Scheduling job Id: 9000, L: 0, D: 4848939, C: false, I: true, N: 0
08-05 19:49:11.615 15866 28664 I Finsky  : [6197] lyv.run(-1): Wrote row to frosting DB: 2942
08-05 19:49:11.632   918  3961 I AccountManagerService: getTypesVisibleToCaller: isPermitted? true
08-05 19:49:11.633 15866 15866 I Finsky  : [1] xle.a(27): Scheduling job Id: 9006, L: 14668, D: 8201333, C: false, I: false, N: 1
08-05 19:49:11.639 15866 15866 I Finsky  : [1] xle.a(27): Scheduling job Id: 9011, L: 0, D: 83411942, C: false, I: true, N: 2
08-05 19:49:11.642 15866 15866 I Finsky  : [1] xle.a(27): Scheduling job Id: 9012, L: 0, D: 83411984, C: true, I: true, N: 2
08-05 19:49:11.644 15866 15866 I Finsky  : [1] xle.a(27): Scheduling job Id: 9014, L: 12848798, D: 13748798, C: false, I: false, N: 0
08-05 19:49:11.645 15866 15866 I Finsky  : [1] xle.a(27): Scheduling job Id: 9015, L: 0, D: 4848939, C: false, I: true, N: 0
08-05 19:49:11.647 15866 15866 I Finsky  : [1] xle.a(27): Scheduling job Id: 9016, L: 14668, D: 8201333, C: false, I: false, N: 1
08-05 19:49:11.651 15866 15866 I Finsky  : [1] xle.a(27): Scheduling job Id: 9017, L: 0, D: 83411942, C: false, I: true, N: 2
08-05 19:49:11.653 15866 15866 I Finsky  : [1] xle.a(27): Scheduling job Id: 9018, L: 0, D: 83411984, C: true, I: true, N: 2
08-05 19:49:11.654 15866 15866 I Finsky  : [1] xle.a(27): Scheduling job Id: 9019, L: 12848798, D: 13748798, C: false, I: false, N: 0
08-05 19:49:11.670 24577 28666 I FontLog : Package nappatfpr.com.ak.uobtimetable has no metadata [CONTEXT service_id=132 ]
08-05 19:49:11.730 15866 28664 I Finsky  : [6197] lyv.run(-1): Wrote row to frosting DB: 2943
08-05 19:49:11.735 24577 13316 I Icing   : IndexChimeraService.getServiceInterface callingPackage=com.google.android.gms componentName=AppsCorpus serviceId=36
08-05 19:49:11.736 28682 28682 D AndroidRuntime: >>>>>> START com.android.internal.os.RuntimeInit uid 2000 <<<<<<
08-05 19:49:11.739 28682 28682 D AndroidRuntime: CheckJNI is OFF
08-05 19:49:11.762 28682 28682 D ICU     : No timezone override file found: /data/misc/zoneinfo/current/icu/icu_tzdata.dat
08-05 19:49:11.771   918  3696 I AccountManagerService: getTypesVisibleToCaller: isPermitted? true
08-05 19:49:11.772 24577  1163 W Icing   : No valid account for uploading user actions
08-05 19:49:11.788 28682 28682 I Radio-JNI: register_android_hardware_Radio DONE
08-05 19:49:11.802 24577 13316 I Icing   : IndexChimeraService.getServiceInterface callingPackage=com.google.android.gms componentName=null serviceId=30
08-05 19:49:11.803 28682 28682 D AndroidRuntime: Calling main entry com.android.commands.monkey.Monkey
08-05 19:49:11.817   918   931 W BroadcastQueue: Skipping deliver [background] BroadcastRecord{394f7d4 u-1 android.net.conn.CONNECTIVITY_CHANGE} to ReceiverList{be84d7d 28682 (unknown name)/2000/u-1 remote:7260fe6}: process crashing
08-05 19:49:11.832   918  4400 I ActivityManager: START u0 {act=android.intent.action.MAIN cat=[android.intent.category.LAUNCHER] flg=0x10200000 cmp=nappatfpr.com.ak.uobtimetable/.MainActivity} from uid 2000 on display 0
08-05 19:49:11.835 24577  1163 I Icing   : Usage reports ok 1, Failed Usage reports 0, indexed 0, rejected 0
08-05 19:49:11.840 24577  1163 W Icing   : No valid account for uploading user actions
08-05 19:49:11.849   918  5132 I ActivityManager: Start proc 28695:nappatfpr.com.ak.uobtimetable/u0a692 for activity nappatfpr.com.ak.uobtimetable/.MainActivity
08-05 19:49:11.852 28695 28695 I art     : Late-enabling -Xcheck:jni
08-05 19:49:11.859 24577  1163 I Icing   : Usage reports ok 0, Failed Usage reports 0, indexed 0, rejected 0
08-05 19:49:11.860 24577  1163 I Icing   : Indexing com.google.android.gms-internal.3p:MobileApplication from com.google.android.gms using seqno 763
08-05 19:49:11.863 24577  1163 I Icing   : Indexing com.google.android.gms-internal.3p:MobileApplication from com.google.android.gms using seqno 763
08-05 19:49:11.870   918   932 I sensors : batch
08-05 19:49:11.877   918   932 I sensors : flush
08-05 19:49:11.880   918  3188 I hubconnection: sensorhub said: 'batch 31 flags:0, sampling_rate_Hz:15.00, max_report_latency_us:0'
08-05 19:49:11.881 28682 28682 I art     : System.exit called, status: 0
08-05 19:49:11.881 28682 28682 I AndroidRuntime: VM exiting with result code 0.
08-05 19:49:11.886   918  3188 I hubconnection: sensorhub said: 'flush 31'
08-05 19:49:11.886   918  3188 I hubconnection: saw sensor 31 flushed
08-05 19:49:11.905 28695 28695 W System  : ClassLoader referenced unknown path: /data/app/nappatfpr.com.ak.uobtimetable-1/lib/arm64
08-05 19:49:11.909 24577 13316 I Icing   : IndexChimeraService.getServiceInterface callingPackage=com.google.android.gms componentName=null serviceId=36
08-05 19:49:11.917 24577  1163 W Icing   : No valid account for uploading user actions
08-05 19:49:11.917 28695 28695 E Application: Can't init Bugsnag - No key
08-05 19:49:11.917 28695 28695 E Application: java.lang.Exception: Can't init Bugsnag - No key
08-05 19:49:11.917 28695 28695 E Application: 	at nappatfpr.com.ak.uobtimetable.Utilities.Logging.Logger.error(Logger.java:79)
08-05 19:49:11.917 28695 28695 E Application: 	at nappatfpr.com.ak.uobtimetable.MyApplication.onCreate(MyApplication.java:50)
08-05 19:49:11.917 28695 28695 E Application: 	at android.app.Instrumentation.callApplicationOnCreate(Instrumentation.java:1013)
08-05 19:49:11.917 28695 28695 E Application: 	at android.app.ActivityThread.handleBindApplication(ActivityThread.java:4707)
08-05 19:49:11.917 28695 28695 E Application: 	at android.app.ActivityThread.-wrap1(ActivityThread.java)
08-05 19:49:11.917 28695 28695 E Application: 	at android.app.ActivityThread$H.handleMessage(ActivityThread.java:1405)
08-05 19:49:11.917 28695 28695 E Application: 	at android.os.Handler.dispatchMessage(Handler.java:102)
08-05 19:49:11.917 28695 28695 E Application: 	at android.os.Looper.loop(Looper.java:148)
08-05 19:49:11.917 28695 28695 E Application: 	at android.app.ActivityThread.main(ActivityThread.java:5417)
08-05 19:49:11.917 28695 28695 E Application: 	at java.lang.reflect.Method.invoke(Native Method)
08-05 19:49:11.917 28695 28695 E Application: 	at com.android.internal.os.ZygoteInit$MethodAndArgsCaller.run(ZygoteInit.java:726)
08-05 19:49:11.917 28695 28695 E Application: 	at com.android.internal.os.ZygoteInit.main(ZygoteInit.java:616)
08-05 19:49:11.919 28695 28695 I Application: API level: 23
08-05 19:49:11.929 28695 28695 I Application: API level name: M
08-05 19:49:11.930 28695 28695 I Application: Target API level: 29
08-05 19:49:11.930 28695 28695 I Application: Git commit hash: d26bf1fa
08-05 19:49:11.930 28695 28695 I Application: Git branch: master
08-05 19:49:11.930 28695 28695 I Application: Build type: Debug
08-05 19:49:11.933 28695 28695 I Application: Build keys: Release
08-05 19:49:11.933 28695 28695 I Application: Version code: 21
08-05 19:49:11.933 28695 28695 I Application: Version name: 2.5
08-05 19:49:11.934 28695 28695 I Application: Build date: 22:30 03/08/20
08-05 19:49:11.934 28695 28695 I Application: Package update date: 02:24 05/08/20
08-05 19:49:11.934 28695 28695 I SettingsManager: Getting int: launchCount
08-05 19:49:11.935 28695 28695 I SettingsManager: Setting int: launchCount
08-05 19:49:11.939 16458 11127 I PBSessionCacheImpl: Deleted sessionId[72384646105454640] from persistence.
08-05 19:49:11.942 16458 16488 W SearchServiceCore: Abort, client detached.
08-05 19:49:11.942 16458 16488 I MicroDetectionState: Should stop hotword detection immediately - true
08-05 19:49:11.949   918   929 W BackupManagerService: dataChanged but no participant pkg='nappatfpr.com.ak.uobtimetable' uid=10692
08-05 19:49:11.949 28695 28695 I Application: Launch count: 1
08-05 19:49:11.952 28695 28695 I Application: Network: TYPE_WIFI
08-05 19:49:11.953 28695 28695 I Application: Tablet layout: false
08-05 19:49:11.959 24577  1163 I Icing   : Usage reports ok 1, Failed Usage reports 0, indexed 0, rejected 0
08-05 19:49:11.965 28695 28695 W art     : Before Android 4.1, method android.graphics.PorterDuffColorFilter androidx.vectordrawable.graphics.drawable.VectorDrawableCompat.updateTintFilter(android.graphics.PorterDuffColorFilter, android.content.res.ColorStateList, android.graphics.PorterDuff$Mode) would have incorrectly overridden the package-private method in android.graphics.drawable.Drawable
08-05 19:49:11.974 28695 28695 D Nappa   : Selected prefetching strategy STRATEGY_TFPR
08-05 19:49:12.020 28695 28714 D Nappa   : Updating activity map nappatfpr.com.ak.uobtimetable.MainActivity: 1
08-05 19:49:12.020 28695 28714 D Nappa   : Updating activity map nappatfpr.com.ak.uobtimetable.WelcomeActivity: 2
08-05 19:49:12.020 28695 28714 D Nappa   : Updating activity map nappatfpr.com.ak.uobtimetable.CourseListActivity: 3
08-05 19:49:12.020 28695 28714 D ActivityGraph: ACT_GRAPH initNodes() fired for node: nappatfpr.com.ak.uobtimetable.MainActivity
08-05 19:49:12.121 28695 28714 D Nappa   : registerActivity: (already in) nappatfpr.com.ak.uobtimetable.MainActivity
08-05 19:49:12.125 28695 28714 D ActivityGraph: LARDataInitFetchDB nappatfpr.com.ak.uobtimetable.MainActivity Pagerank: 0.25 HITS-Authority: 1.0 HITS-Hub: 1.0 SALSA-Authority: 1.0 SALSA-Hub: 1.0
08-05 19:49:12.125 28695 28714 D ActivityGraph: LARDataInit node nappatfpr.com.ak.uobtimetable.MainActivity added to nodeList
08-05 19:49:12.130 28695 28714 D ActivityGraph: ACT_GRAPH Edges size: 1
08-05 19:49:12.231 28695 28714 D Nappa   : registerActivity: (already in) nappatfpr.com.ak.uobtimetable.WelcomeActivity
08-05 19:49:12.232 28695 28714 D ActivityGraph: LARDataInitFetchDB nappatfpr.com.ak.uobtimetable.MainActivity Pagerank: 0.25 HITS-Authority: 1.0 HITS-Hub: 1.0 SALSA-Authority: 1.0 SALSA-Hub: 1.0 loaded following an edge
08-05 19:49:12.232 28695 28714 D ActivityGraph: ACT_GRAPH does not contain temp2
08-05 19:49:12.232 28695 28714 D ActivityGraph: LARDataInit node nappatfpr.com.ak.uobtimetable.WelcomeActivity added to nodeList from edge
08-05 19:49:12.232 28695 28714 D ActivityGraph: ACT_GRAPH adding successors: nappatfpr.com.ak.uobtimetable.MainActivity -> nappatfpr.com.ak.uobtimetable.WelcomeActivity
08-05 19:49:12.233 28695 28714 D FetchActivityLiveDataInfoHandler: activity  = MainActivity
08-05 19:49:12.233 28695 28714 D FetchActivityLiveDataInfoHandler: shouldSetSessionAggregateLiveData  = true
08-05 19:49:12.233 28695 28714 D FetchActivityLiveDataInfoHandler: need/shouldSetSuccessorVisitTime  = true - true
08-05 19:49:12.233 28695 28714 D FetchActivityLiveDataInfoHandler: need/shouldSetSuccessorVisitTime  = true - true
08-05 19:49:12.233 28695 28717 D Nappa   : {nappatfpr.com.ak.uobtimetable.CourseListActivity=3, nappatfpr.com.ak.uobtimetable.WelcomeActivity=2, nappatfpr.com.ak.uobtimetable.MainActivity=1}
08-05 19:49:12.233 28695 28714 D FetchActivityLiveDataInfoHandler: shouldSetUrlCandidateDbLiveDataLiveData  = true
08-05 19:49:12.234 28695 28714 D FetchActivityLiveDataInfoHandler: shouldSetActivityExtraLiveData  = true
08-05 19:49:12.234 28695 28716 D FetchSessionDataRunnable: MainActivity Fetching session data for LAST_N_SESSIONS_FROM_ENTITY_SESSION
08-05 19:49:12.237 28695 28716 D FetchVisitTimeRunnable: MainActivity Fetching session data for LAST_N_SESSIONS_FROM_ENTITY_SESSION
08-05 19:49:12.240 28695 28716 D FetchSuccessorsVisitTimeRunnable: MainActivity Fetching session data for LAST_N_SESSIONS_FROM_ENTITY_SESSION
08-05 19:49:12.243 28695 28716 D FetchUrlCandidateRunnable: MainActivity Fetching URL candidates
08-05 19:49:12.245 28695 28716 D FetchIntentExtraRunnable: MainActivity Fetching intent extras
08-05 19:49:12.246 28695 28714 D ActivityGraph: ACT_GRAPH initNodes() fired for node: nappatfpr.com.ak.uobtimetable.WelcomeActivity
08-05 19:49:12.346 28695 28714 D Nappa   : registerActivity: (already in) nappatfpr.com.ak.uobtimetable.WelcomeActivity
08-05 19:49:12.347 28695 28714 D ActivityGraph: LARDataInitFetchDB nappatfpr.com.ak.uobtimetable.WelcomeActivity Pagerank: 0.25 HITS-Authority: 1.0 HITS-Hub: 1.0 SALSA-Authority: 1.0 SALSA-Hub: 1.0
08-05 19:49:12.347 28695 28714 D ActivityGraph: LARDataInit already in nodeList
08-05 19:49:12.348 28695 28714 D ActivityGraph: ACT_GRAPH Edges size: 1
08-05 19:49:12.449 28695 28714 D Nappa   : registerActivity: (already in) nappatfpr.com.ak.uobtimetable.CourseListActivity
08-05 19:49:12.450 28695 28714 D ActivityGraph: LARDataInitFetchDB nappatfpr.com.ak.uobtimetable.WelcomeActivity Pagerank: 0.25 HITS-Authority: 1.0 HITS-Hub: 1.0 SALSA-Authority: 1.0 SALSA-Hub: 1.0 loaded following an edge
08-05 19:49:12.450 28695 28714 D ActivityGraph: ACT_GRAPH does not contain temp2
08-05 19:49:12.450 28695 28714 D ActivityGraph: LARDataInit node nappatfpr.com.ak.uobtimetable.CourseListActivity added to nodeList from edge
08-05 19:49:12.451 28695 28714 D ActivityGraph: ACT_GRAPH adding successors: nappatfpr.com.ak.uobtimetable.WelcomeActivity -> nappatfpr.com.ak.uobtimetable.CourseListActivity
08-05 19:49:12.451 28695 28714 D FetchActivityLiveDataInfoHandler: activity  = WelcomeActivity
08-05 19:49:12.451 28695 28714 D FetchActivityLiveDataInfoHandler: shouldSetSessionAggregateLiveData  = true
08-05 19:49:12.451 28695 28714 D FetchActivityLiveDataInfoHandler: need/shouldSetSuccessorVisitTime  = true - true
08-05 19:49:12.451 28695 28714 D FetchActivityLiveDataInfoHandler: need/shouldSetSuccessorVisitTime  = true - true
08-05 19:49:12.451 28695 28717 D Nappa   : {nappatfpr.com.ak.uobtimetable.CourseListActivity=3, nappatfpr.com.ak.uobtimetable.WelcomeActivity=2, nappatfpr.com.ak.uobtimetable.MainActivity=1}
08-05 19:49:12.451 28695 28714 D FetchActivityLiveDataInfoHandler: shouldSetUrlCandidateDbLiveDataLiveData  = true
08-05 19:49:12.451 28695 28714 D FetchActivityLiveDataInfoHandler: shouldSetActivityExtraLiveData  = true
08-05 19:49:12.451 28695 28716 D FetchSessionDataRunnable: WelcomeActivity Fetching session data for LAST_N_SESSIONS_FROM_ENTITY_SESSION
08-05 19:49:12.452 28695 28716 D FetchVisitTimeRunnable: WelcomeActivity Fetching session data for LAST_N_SESSIONS_FROM_ENTITY_SESSION
08-05 19:49:12.452 28695 28716 D FetchSuccessorsVisitTimeRunnable: WelcomeActivity Fetching session data for LAST_N_SESSIONS_FROM_ENTITY_SESSION
08-05 19:49:12.453 28695 28716 D FetchUrlCandidateRunnable: WelcomeActivity Fetching URL candidates
08-05 19:49:12.453 28695 28716 D FetchIntentExtraRunnable: WelcomeActivity Fetching intent extras
08-05 19:49:12.453 28695 28714 D ActivityGraph: ACT_GRAPH initNodes() fired for node: nappatfpr.com.ak.uobtimetable.CourseListActivity
08-05 19:49:12.553 28695 28714 D Nappa   : registerActivity: (already in) nappatfpr.com.ak.uobtimetable.CourseListActivity
08-05 19:49:12.554 28695 28714 D ActivityGraph: LARDataInitFetchDB nappatfpr.com.ak.uobtimetable.CourseListActivity Pagerank: 0.25 HITS-Authority: 1.0 HITS-Hub: 1.0 SALSA-Authority: 1.0 SALSA-Hub: 1.0
08-05 19:49:12.554 28695 28714 D ActivityGraph: LARDataInit already in nodeList
08-05 19:49:12.555 28695 28714 D ActivityGraph: ACT_GRAPH Edges size: 1
08-05 19:49:12.656 28695 28714 D Nappa   : registerActivity: (already in) nappatfpr.com.ak.uobtimetable.MainActivity
08-05 19:49:12.658 28695 28714 D ActivityGraph: LARDataInitFetchDB nappatfpr.com.ak.uobtimetable.CourseListActivity Pagerank: 0.25 HITS-Authority: 1.0 HITS-Hub: 1.0 SALSA-Authority: 1.0 SALSA-Hub: 1.0 loaded following an edge
08-05 19:49:12.658 28695 28714 D ActivityGraph: ACT_GRAPH contains temp2
08-05 19:49:12.658 28695 28714 D ActivityGraph: LARDataInit already in nodeList from edge
08-05 19:49:12.659 28695 28714 D ActivityGraph: ACT_GRAPH adding successors: nappatfpr.com.ak.uobtimetable.CourseListActivity -> nappatfpr.com.ak.uobtimetable.MainActivity
08-05 19:49:12.659 28695 28717 D Nappa   : {nappatfpr.com.ak.uobtimetable.CourseListActivity=3, nappatfpr.com.ak.uobtimetable.WelcomeActivity=2, nappatfpr.com.ak.uobtimetable.MainActivity=1}
08-05 19:49:12.659 28695 28714 D FetchActivityLiveDataInfoHandler: activity  = CourseListActivity
08-05 19:49:12.659 28695 28714 D FetchActivityLiveDataInfoHandler: shouldSetSessionAggregateLiveData  = true
08-05 19:49:12.659 28695 28714 D FetchActivityLiveDataInfoHandler: need/shouldSetSuccessorVisitTime  = true - true
08-05 19:49:12.659 28695 28714 D FetchActivityLiveDataInfoHandler: need/shouldSetSuccessorVisitTime  = true - true
08-05 19:49:12.659 28695 28714 D FetchActivityLiveDataInfoHandler: shouldSetUrlCandidateDbLiveDataLiveData  = true
08-05 19:49:12.660 28695 28714 D FetchActivityLiveDataInfoHandler: shouldSetActivityExtraLiveData  = true
08-05 19:49:12.660 28695 28716 D FetchSessionDataRunnable: CourseListActivity Fetching session data for LAST_N_SESSIONS_FROM_ENTITY_SESSION
08-05 19:49:12.661 28695 28716 D FetchVisitTimeRunnable: CourseListActivity Fetching session data for LAST_N_SESSIONS_FROM_ENTITY_SESSION
08-05 19:49:12.661 28695 28716 D FetchSuccessorsVisitTimeRunnable: CourseListActivity Fetching session data for LAST_N_SESSIONS_FROM_ENTITY_SESSION
08-05 19:49:12.662 28695 28716 D FetchUrlCandidateRunnable: CourseListActivity Fetching URL candidates
08-05 19:49:12.662 28695 28716 D FetchIntentExtraRunnable: CourseListActivity Fetching intent extras
08-05 19:49:12.662 28695 28714 D Nappa   : Extended Startup-time: 689 ms
08-05 19:49:12.664 28695 28714 D InitGraphRunnable: Initialised graph ActivityGraph beginning
08-05 19:49:12.664 28695 28714 D InitGraphRunnable: 
08-05 19:49:12.664 28695 28714 D InitGraphRunnable: MainActivity 
08-05 19:49:12.664 28695 28714 D InitGraphRunnable: 	Successors:
08-05 19:49:12.664 28695 28714 D InitGraphRunnable: 		WelcomeActivity (0 hits)
08-05 19:49:12.664 28695 28714 D InitGraphRunnable: 	Ancestors:
08-05 19:49:12.664 28695 28714 D InitGraphRunnable: 		CourseListActivity (0 hits)
08-05 19:49:12.664 28695 28714 D InitGraphRunnable: 
08-05 19:49:12.664 28695 28714 D InitGraphRunnable: WelcomeActivity 
08-05 19:49:12.664 28695 28714 D InitGraphRunnable: 	Successors:
08-05 19:49:12.664 28695 28714 D InitGraphRunnable: 		CourseListActivity (0 hits)
08-05 19:49:12.664 28695 28714 D InitGraphRunnable: 	Ancestors:
08-05 19:49:12.664 28695 28714 D InitGraphRunnable: 		MainActivity (0 hits)
08-05 19:49:12.664 28695 28714 D InitGraphRunnable: 
08-05 19:49:12.664 28695 28714 D InitGraphRunnable: CourseListActivity 
08-05 19:49:12.664 28695 28714 D InitGraphRunnable: 	Successors:
08-05 19:49:12.664 28695 28714 D InitGraphRunnable: 		MainActivity (0 hits)
08-05 19:49:12.664 28695 28714 D InitGraphRunnable: 	Ancestors:
08-05 19:49:12.664 28695 28714 D InitGraphRunnable: 		WelcomeActivity (0 hits)
08-05 19:49:12.664 28695 28714 D InitGraphRunnable: 
08-05 19:49:12.664 28695 28714 D InitGraphRunnable: ActivityGraph end
08-05 19:49:12.664 28695 28714 D InitGraphRunnable: 
08-05 19:49:12.664 28695 28695 D Nappa   : Startup-time: 691 ms
08-05 19:49:12.689 28695 28695 I art     : Rejecting re-init on previously-failed class java.lang.Class<androidx.core.view.ViewCompat$2>
08-05 19:49:12.689 28695 28695 I art     : Rejecting re-init on previously-failed class java.lang.Class<androidx.core.view.ViewCompat$2>
08-05 19:49:12.770 28695 28695 D MainActivity: onCreate
08-05 19:49:12.770 28695 28695 I SettingsManager: Getting string: savedSessions
08-05 19:49:12.770 28695 28695 I Settings: No saved sessions
08-05 19:49:12.801 28695 28695 I SettingsManager: Getting string: savedCourse
08-05 19:49:12.803   918  6112 I ActivityManager: START u0 {flg=0x14000000 cmp=nappatfpr.com.ak.uobtimetable/.WelcomeActivity} from uid 10692 on display 0
08-05 19:49:12.814 28695 28695 D MainActivity: OnResume
08-05 19:49:12.815 28695 28695 D NappaLifecycleObserver: nappatfpr.com.ak.uobtimetable.MainActivity - onResume
08-05 19:49:12.815 28695 28695 D Nappa   : setCurrentActivity - MetricStrategyAccuracy - 
08-05 19:49:12.815 28695 28695 D Nappa   : madePredictionFromActivity = false, 
08-05 19:49:12.815 28695 28695 D Nappa   : fromActivity = null, 
08-05 19:49:12.815 28695 28695 D Nappa   : predictedNextActivityFromActivity = [], 
08-05 19:49:12.815 28695 28695 D Nappa   : activity.getClass().getCanonicalName() = nappatfpr.com.ak.uobtimetable.MainActivity, 
08-05 19:49:12.815 28695 28695 D Nappa   : setCurrentActivity - MetricStrategyAccuracy - 
08-05 19:49:12.815 28695 28695 D Nappa   : madePredictionFromExtra = false, 
08-05 19:49:12.815 28695 28695 D Nappa   : fromActivity = null, 
08-05 19:49:12.815 28695 28695 D Nappa   : predictedNextActivityFromExtra = [], 
08-05 19:49:12.815 28695 28695 D Nappa   : activity.getClass().getCanonicalName() = nappatfpr.com.ak.uobtimetable.MainActivity, 
08-05 19:49:12.815 28695 28695 D Nappa   : PREFETCH_ON_EXTRA - setCurrentActivity - logs - from activity - made prediction isfalse
08-05 19:49:12.838 24577  1163 I Icing   : Indexing com.google.android.gms-apps from com.google.android.gms
08-05 19:49:12.897 24577  1163 I Icing   : Indexing done com.google.android.gms-apps
08-05 19:49:12.909 24577  1163 I Icing   : Indexing com.google.android.gms-apps from com.google.android.gms
08-05 19:49:12.911 24577  1163 I Icing   : Indexing done com.google.android.gms-apps
08-05 19:49:12.916 28695 28695 D Nappa   : registerActivity: (already in) nappatfpr.com.ak.uobtimetable.MainActivity
08-05 19:49:12.917 28695 28695 D Nappa   : SHOULD_PREFETCH false
08-05 19:49:12.917 28695 28695 D Nappa   : STATS Number of requests not prefetched: 0
08-05 19:49:12.917 28695 28695 D Nappa   : STATS Number of requests prefetched: 0
08-05 19:49:12.917 28695 28695 D Nappa   : STATS Time saved until now: 0.0
08-05 19:49:12.923 28695 28723 D OpenGLRenderer: Use EGL_SWAP_BEHAVIOR_PRESERVED: true
08-05 19:49:12.933 28695 28695 D ActivityNode: Setting aggregate visit time live data for node MainActivity
08-05 19:49:12.934 28695 28695 D ActivityNode: Setting aggregate visit time live data for node WelcomeActivity
08-05 19:49:12.934 28695 28695 D ActivityNode: Setting aggregate visit time live data for node CourseListActivity
08-05 19:49:12.935 28695 28695 D NappaLifecycleObserver: nappatfpr.com.ak.uobtimetable.MainActivity - onPause
08-05 19:49:12.935 28695 28695 D Nappa   : Stayed on nappatfpr.com.ak.uobtimetable.MainActivity for 18 ms
08-05 19:49:12.936 28695 28695 D MainActivity: OnPause
08-05 19:49:13.001 28695 28695 D NappaLifecycleObserver: nappatfpr.com.ak.uobtimetable.WelcomeActivity - onResume
08-05 19:49:13.001 28695 28695 D Nappa   : setCurrentActivity - MetricStrategyAccuracy - 
08-05 19:49:13.001 28695 28695 D Nappa   : madePredictionFromActivity = false, 
08-05 19:49:13.001 28695 28695 D Nappa   : fromActivity = nappatfpr.com.ak.uobtimetable.MainActivity, 
08-05 19:49:13.001 28695 28695 D Nappa   : predictedNextActivityFromActivity = [], 
08-05 19:49:13.001 28695 28695 D Nappa   : activity.getClass().getCanonicalName() = nappatfpr.com.ak.uobtimetable.WelcomeActivity, 
08-05 19:49:13.001 28695 28695 D Nappa   : setCurrentActivity - MetricStrategyAccuracy - 
08-05 19:49:13.001 28695 28695 D Nappa   : madePredictionFromExtra = false, 
08-05 19:49:13.001 28695 28695 D Nappa   : fromActivity = nappatfpr.com.ak.uobtimetable.MainActivity, 
08-05 19:49:13.001 28695 28695 D Nappa   : predictedNextActivityFromExtra = [], 
08-05 19:49:13.001 28695 28695 D Nappa   : activity.getClass().getCanonicalName() = nappatfpr.com.ak.uobtimetable.WelcomeActivity, 
08-05 19:49:13.002 28695 28695 D Nappa   : PREFETCH_ON_EXTRA - setCurrentActivity - logs - from activity - made prediction isfalse
08-05 19:49:13.102 28695 28695 D Nappa   : registerActivity: (already in) nappatfpr.com.ak.uobtimetable.WelcomeActivity
08-05 19:49:13.102 28695 28695 D ActivityNode: ACTNODE UPDATING AFTER LOADING FROM DB
08-05 19:49:13.103 28695 28695 D ActivityGraph: LARDataCalculatedUpdate nappatfpr.com.ak.uobtimetable.WelcomeActivity Pagerank: 0.25 HITS-Authority: 1.0 HITS-Hub: 1.0 SALSA-Authority: 1.0 SALSA-Hub: 1.0
08-05 19:49:13.103 28695 28695 D Nappa   : SHOULD_PREFETCH true
08-05 19:49:13.203 28695 28695 D Nappa   : registerActivity: (already in) nappatfpr.com.ak.uobtimetable.WelcomeActivity
08-05 19:49:13.203 28695 28695 D Nappa   : SUCCESSORS nappatfpr.com.ak.uobtimetable.CourseListActivity
08-05 19:49:13.204 28695 28695 D Nappa   : STATS Number of requests not prefetched: 0
08-05 19:49:13.204 28695 28695 D Nappa   : STATS Number of requests prefetched: 0
08-05 19:49:13.204 28695 28695 D Nappa   : STATS Time saved until now: 0.0
08-05 19:49:13.209 28695 28695 D PARAM   : COUNT: 0
08-05 19:49:13.209 28695 28695 D ActivityNode: Observer - URL candidate MainActivity[]
08-05 19:49:13.209 28695 28695 D ActivityNode: Observer - visit time - MainActivity - New aggregate visit time found is 62233 ms
08-05 19:49:13.209 28695 28695 D ActivityNode: Observer - intent extra - MainActivity
08-05 19:49:13.209 28695 28695 D ActivityNode: Extras:
08-05 19:49:13.209 28695 28695 D ActivityNode: Observer - session data - sourceWelcomeActivity
08-05 19:49:13.209 28695 28695 D ActivityNode: destinations:
08-05 19:49:13.209 28695 28695 D ActivityNode: 	nappatfpr.com.ak.uobtimetable.CourseListActivity( count 4)
08-05 19:49:13.210 28695 28695 D ActivityNode: Observer - successor visit time - MainActivity - Updating the visit time from the successors list:
08-05 19:49:13.210 28695 28695 D ActivityNode: [AggregateVisitTimeByActivity{nappatfpr.com.ak.uobtimetable.WelcomeActivity : 24034 ms}]
08-05 19:49:13.210 28695 28695 D ActivityNode: Observer - visit time - WelcomeActivity - New aggregate visit time found is 24034 ms
08-05 19:49:13.210 28695 28695 D PARAM   : COUNT: 0
08-05 19:49:13.210 28695 28695 D ActivityNode: Observer - URL candidate WelcomeActivity[]
08-05 19:49:13.210 28695 28695 D ActivityNode: Observer - intent extra - WelcomeActivity
08-05 19:49:13.210 28695 28695 D ActivityNode: Extras:
08-05 19:49:13.210 28695 28695 D ActivityNode: Observer - session data - sourceCourseListActivity
08-05 19:49:13.210 28695 28695 D ActivityNode: destinations:
08-05 19:49:13.210 28695 28695 D ActivityNode: 	nappatfpr.com.ak.uobtimetable.MainActivity( count 12)
08-05 19:49:13.210 28695 28695 D ActivityNode: Observer - visit time - CourseListActivity - New aggregate visit time found is 128884 ms
08-05 19:49:13.210 28695 28695 D PARAM   : COUNT: 0
08-05 19:49:13.210 28695 28695 D ActivityNode: Observer - URL candidate CourseListActivity[]
08-05 19:49:13.210 28695 28695 D ActivityNode: Observer - successor visit time - CourseListActivity - Updating the visit time from the successors list:
08-05 19:49:13.210 28695 28695 D ActivityNode: [AggregateVisitTimeByActivity{nappatfpr.com.ak.uobtimetable.MainActivity : 62130 ms}]
08-05 19:49:13.210 28695 28695 D ActivityNode: Observer - intent extra - CourseListActivity
08-05 19:49:13.210 28695 28695 D ActivityNode: Extras:
08-05 19:49:13.210 28695 28695 D ActivityNode: 	activity ID 3( key forceRefreshSessions)
08-05 19:49:13.210 28695 28695 D ActivityNode: 	activity ID 3( key forceRefreshSessions)
08-05 19:49:13.210 28695 28695 D ActivityNode: 	activity ID 3( key forceRefreshSessions)
08-05 19:49:13.210 28695 28695 D ActivityNode: 	activity ID 3( key forceRefreshSessions)
08-05 19:49:13.210 28695 28695 D ActivityNode: 	activity ID 3( key forceRefreshSessions)
08-05 19:49:13.210 28695 28695 D ActivityNode: 	activity ID 3( key forceRefreshSessions)
08-05 19:49:13.210 28695 28695 D ActivityNode: 	activity ID 3( key forceRefreshSessions)
08-05 19:49:13.210 28695 28695 D ActivityNode: 	activity ID 3( key forceRefreshSessions)
08-05 19:49:13.210 28695 28695 D ActivityNode: 	activity ID 3( key forceRefreshSessions)
08-05 19:49:13.210 28695 28695 D ActivityNode: 	activity ID 3( key forceRefreshSessions)
08-05 19:49:13.210 28695 28695 D ActivityNode: 	activity ID 3( key forceRefreshSessions)
08-05 19:49:13.210 28695 28695 D ActivityNode: 	activity ID 3( key forceRefreshSessions)
08-05 19:49:13.210 28695 28695 D ActivityNode: 	activity ID 3( key forceRefreshSessions)
08-05 19:49:13.210 28695 28695 D ActivityNode: 	activity ID 3( key forceRefreshSessions)
08-05 19:49:13.210 28695 28695 D ActivityNode: 	activity ID 3( key forceRefreshSessions)
08-05 19:49:13.210 28695 28695 D ActivityNode: 	activity ID 3( key forceRefreshSessions)
08-05 19:49:13.210 28695 28695 D ActivityNode: 	activity ID 3( key forceRefreshSessions)
08-05 19:49:13.210 28695 28695 D ActivityNode: 	activity ID 3( key forceRefreshSessions)
08-05 19:49:13.210 28695 28695 D ActivityNode: Observer - successor visit time - WelcomeActivity - Updating the visit time from the successors list:
08-05 19:49:13.210 28695 28695 D ActivityNode: [AggregateVisitTimeByActivity{nappatfpr.com.ak.uobtimetable.CourseListActivity : 32465 ms}]
08-05 19:49:13.210 28695 28695 D ActivityNode: Observer - session data - sourceMainActivity
08-05 19:49:13.210 28695 28695 D ActivityNode: destinations:
08-05 19:49:13.210 28695 28695 D ActivityNode: 	nappatfpr.com.ak.uobtimetable.WelcomeActivity( count 4)
08-05 19:49:13.217 28695 28717 D Nappa   : PREFETCH_ON_EXTRA - setCurrentActivity - logs - from extra - made prediction isfalse
08-05 19:49:13.248 28695 28723 I Adreno  : QUALCOMM build                   : fcf4852, I1af360237c
08-05 19:49:13.248 28695 28723 I Adreno  : Build Date                       : 09/23/15
08-05 19:49:13.248 28695 28723 I Adreno  : OpenGL ES Shader Compiler Version: XE031.05.13.02
08-05 19:49:13.248 28695 28723 I Adreno  : Local Branch                     : mybranch14465806
08-05 19:49:13.248 28695 28723 I Adreno  : Remote Branch                    : quic/LA.BF64.1.2.9_v2
08-05 19:49:13.248 28695 28723 I Adreno  : Remote Branch                    : NONE
08-05 19:49:13.248 28695 28723 I Adreno  : Reconstruct Branch               : NOTHING
08-05 19:49:13.254 28695 28723 I OpenGLRenderer: Initialized EGL, version 1.4
08-05 19:49:13.347 28732 28732 D AndroidRuntime: >>>>>> START com.android.internal.os.RuntimeInit uid 2000 <<<<<<
08-05 19:49:13.350 28732 28732 D AndroidRuntime: CheckJNI is OFF
08-05 19:49:13.374 28732 28732 D ICU     : No timezone override file found: /data/misc/zoneinfo/current/icu/icu_tzdata.dat
08-05 19:49:13.392   918   936 I ActivityManager: Displayed nappatfpr.com.ak.uobtimetable/.WelcomeActivity: +455ms (total +1s554ms)
08-05 19:49:13.393 28695 28695 D ActivityNode: Observer - visit time - MainActivity - New aggregate visit time found is 62251 ms
08-05 19:49:13.393 28695 28695 D ActivityNode: Observer - successor visit time - MainActivity - Updating the visit time from the successors list:
08-05 19:49:13.393 28695 28695 D ActivityNode: [AggregateVisitTimeByActivity{nappatfpr.com.ak.uobtimetable.WelcomeActivity : 24034 ms}]
08-05 19:49:13.394 28695 28695 D ActivityNode: Observer - successor visit time - WelcomeActivity - Updating the visit time from the successors list:
08-05 19:49:13.394 28695 28695 D ActivityNode: [AggregateVisitTimeByActivity{nappatfpr.com.ak.uobtimetable.CourseListActivity : 32465 ms}]
08-05 19:49:13.394 28695 28695 D ActivityNode: Observer - successor visit time - CourseListActivity - Updating the visit time from the successors list:
08-05 19:49:13.394 28695 28695 D ActivityNode: [AggregateVisitTimeByActivity{nappatfpr.com.ak.uobtimetable.MainActivity : 62130 ms}]
08-05 19:49:13.394 28695 28695 D ActivityNode: Observer - session data - sourceMainActivity
08-05 19:49:13.394 28695 28695 D ActivityNode: destinations:
08-05 19:49:13.394 28695 28695 D ActivityNode: 	nappatfpr.com.ak.uobtimetable.WelcomeActivity( count 5)
08-05 19:49:13.394 28695 28695 D ActivityNode: Observer - session data - sourceWelcomeActivity
08-05 19:49:13.394 28695 28695 D ActivityNode: destinations:
08-05 19:49:13.394 28695 28695 D ActivityNode: 	nappatfpr.com.ak.uobtimetable.CourseListActivity( count 4)
08-05 19:49:13.394 28695 28695 D ActivityNode: Observer - session data - sourceCourseListActivity
08-05 19:49:13.394 28695 28695 D ActivityNode: destinations:
08-05 19:49:13.394 28695 28695 D ActivityNode: 	nappatfpr.com.ak.uobtimetable.MainActivity( count 12)
08-05 19:49:13.397 13866 13866 I GoogleInputMethodServic: GoogleInputMethodService.onFinishInput():3138 
08-05 19:49:13.398 13866 13866 I GoogleInputMethodServic: GoogleInputMethodService.onStartInput():1808 
08-05 19:49:13.399 28732 28732 I Radio-JNI: register_android_hardware_Radio DONE
08-05 19:49:13.402 28695 28717 D Nappa   : PREFETCH_ON_EXTRA - setCurrentActivity - logs - from extra - made prediction isfalse
08-05 19:49:13.406 28695 28695 D MainActivity: Saving state
08-05 19:49:13.414 28732 28732 D AndroidRuntime: Calling main entry com.android.commands.am.Am
08-05 19:49:13.419  5615  5615 I Trepn   : Trepn 6.2s: Received intent: com.quicinc.trepn.start_profiling
08-05 19:49:13.514  5615  5615 W FileUtils: Failed to chmod(/storage/emulated/0/trepn/Trepn_2020.08.05_194913.db): android.system.ErrnoException: chmod failed: EPERM (Operation not permitted)
08-05 19:49:13.610  5615  5615 I Trepn   : Trepn 6.2s: Trepn has Started Profiling.
08-05 19:49:13.611 28732 28732 D AndroidRuntime: Shutting down VM
08-05 19:49:13.704 28695 28717 D Nappa   : PREFETCH_ON_EXTRA - setCurrentActivity - starting new prediction
08-05 19:49:13.705 28695 28717 D Nappa   : Current node - currentActivityName - nappatfpr.com.ak.uobtimetable.WelcomeActivity
08-05 19:49:13.705 28695 28717 D Nappa   : Current node - activityGraph.getCurrent() - nappatfpr.com.ak.uobtimetable.WelcomeActivity
08-05 19:49:13.714 28695 28717 I NAPPA_EXPERIMENTATION: MetricNappaPrefetchingStrategyExecutionTime: STRATEGY_CLASS='TfprPrefetchingStrategy',DURATION='4006875',NUMBER_OF_URLS='0',NUMBER_OF_SELECTED_CHILDREN_NODES='1',NUMBER_OF_CHILDREN_NODES='1',STRATEGY_RUN_SUCCESSFULLY='True',
08-05 19:49:13.714 28695 28717 D TfprPrefetchingStrategy: ==================================
08-05 19:49:13.714 28695 28717 D TfprPrefetchingStrategy: Starting Run #1
08-05 19:49:13.714 28695 28717 D TfprPrefetchingStrategy: ----------------------------------
08-05 19:49:13.714 28695 28717 D TfprPrefetchingStrategy: Node data WelcomeActivity 
08-05 19:49:13.714 28695 28717 D TfprPrefetchingStrategy: 	Successors:
08-05 19:49:13.714 28695 28717 D TfprPrefetchingStrategy: 		CourseListActivity (0 hits)
08-05 19:49:13.714 28695 28717 D TfprPrefetchingStrategy: 	Ancestors:
08-05 19:49:13.714 28695 28717 D TfprPrefetchingStrategy: 		MainActivity (0 hits)
08-05 19:49:13.714 28695 28717 D TfprPrefetchingStrategy: 
08-05 19:49:13.714 28695 28717 D TfprPrefetchingStrategy: MetricStrategyAccuracy inc execution count1 | act = true; extra = false
08-05 19:49:13.714 28695 28717 D TfprPrefetchingStrategy: ===
08-05 19:49:13.714 28695 28717 D TfprPrefetchingStrategy: calculateVisitTimeScores
08-05 19:49:13.715 28695 28717 D TfprPrefetchingStrategy: -------- Node CourseListActivity-----------
08-05 19:49:13.715 28695 28717 D TfprPrefetchingStrategy: tfprNode.aggregateVisitTime = 128884
08-05 19:49:13.715 28695 28717 D TfprPrefetchingStrategy: tfprNode.totalAggregateVisitTimeFromSuccessors = 62130
08-05 19:49:13.715 28695 28717 D TfprPrefetchingStrategy: tfprNode.aggregateVisitTimeFromSuccessors = {nappatfpr.com.ak.uobtimetable.MainActivity=62130}
08-05 19:49:13.715 28695 28717 D TfprPrefetchingStrategy: -------- Node WelcomeActivity-----------
08-05 19:49:13.715 28695 28717 D TfprPrefetchingStrategy: tfprNode.aggregateVisitTime = 24034
08-05 19:49:13.715 28695 28717 D TfprPrefetchingStrategy: tfprNode.totalAggregateVisitTimeFromSuccessors = 32465
08-05 19:49:13.715 28695 28717 D TfprPrefetchingStrategy: tfprNode.aggregateVisitTimeFromSuccessors = {nappatfpr.com.ak.uobtimetable.CourseListActivity=32465}
08-05 19:49:13.716 28695 28717 D TfprPrefetchingStrategy: -------- Graph -----------
08-05 19:49:13.716 28695 28717 D TfprPrefetchingStrategy: tfprGraph.aggregateVisitTimeFromSuccessors = 152918
08-05 19:49:13.716 28695 28717 D TfprPrefetchingStrategy: ===
08-05 19:49:13.716 28695 28717 D TfprPrefetchingStrategy: ===
08-05 19:49:13.716 28695 28717 D TfprPrefetchingStrategy: runTfprAlgorithm
08-05 19:49:13.716 28695 28717 D TfprPrefetchingStrategy: ------------- TFPR calculation #1 of 10 -----------
08-05 19:49:13.717 28695 28717 D TfprPrefetchingStrategy: node CourseListActivity score = 0.7164062
08-05 19:49:13.717 28695 28717 D TfprPrefetchingStrategy: node WelcomeActivity score = 0.13359383
08-05 19:49:13.717 28695 28717 D TfprPrefetchingStrategy: ------------- TFPR calculation #2 of 10 -----------
08-05 19:49:13.717 28695 28717 D TfprPrefetchingStrategy: node CourseListActivity score = 0.7364453
08-05 19:49:13.717 28695 28717 D TfprPrefetchingStrategy: node WelcomeActivity score = 0.13359383
08-05 19:49:13.717 28695 28717 D TfprPrefetchingStrategy: ------------- TFPR calculation #3 of 10 -----------
08-05 19:49:13.717 28695 28717 D TfprPrefetchingStrategy: node CourseListActivity score = 0.7364453
08-05 19:49:13.717 28695 28717 D TfprPrefetchingStrategy: node WelcomeActivity score = 0.13359383
08-05 19:49:13.717 28695 28717 D TfprPrefetchingStrategy: ------------- TFPR calculation #4 of 10 -----------
08-05 19:49:13.717 28695 28717 D TfprPrefetchingStrategy: node CourseListActivity score = 0.7364453
08-05 19:49:13.717 28695 28717 D TfprPrefetchingStrategy: node WelcomeActivity score = 0.13359383
08-05 19:49:13.718 28695 28717 D TfprPrefetchingStrategy: ------------- TFPR calculation #5 of 10 -----------
08-05 19:49:13.718 28695 28717 D TfprPrefetchingStrategy: node CourseListActivity score = 0.7364453
08-05 19:49:13.718 28695 28717 D TfprPrefetchingStrategy: node WelcomeActivity score = 0.13359383
08-05 19:49:13.718 28695 28717 D TfprPrefetchingStrategy: ------------- TFPR calculation #6 of 10 -----------
08-05 19:49:13.718 28695 28717 D TfprPrefetchingStrategy: node CourseListActivity score = 0.7364453
08-05 19:49:13.718 28695 28717 D TfprPrefetchingStrategy: node WelcomeActivity score = 0.13359383
08-05 19:49:13.718 28695 28717 D TfprPrefetchingStrategy: ------------- TFPR calculation #7 of 10 -----------
08-05 19:49:13.718 28695 28717 D TfprPrefetchingStrategy: node CourseListActivity score = 0.7364453
08-05 19:49:13.718 28695 28717 D TfprPrefetchingStrategy: node WelcomeActivity score = 0.13359383
08-05 19:49:13.718 28695 28717 D TfprPrefetchingStrategy: ------------- TFPR calculation #8 of 10 -----------
08-05 19:49:13.718 28695 28717 D TfprPrefetchingStrategy: node CourseListActivity score = 0.7364453
08-05 19:49:13.718 28695 28717 D TfprPrefetchingStrategy: node WelcomeActivity score = 0.13359383
08-05 19:49:13.718 28695 28717 D TfprPrefetchingStrategy: ------------- TFPR calculation #9 of 10 -----------
08-05 19:49:13.718 28695 28717 D TfprPrefetchingStrategy: node CourseListActivity score = 0.7364453
08-05 19:49:13.718 28695 28717 D TfprPrefetchingStrategy: node WelcomeActivity score = 0.13359383
08-05 19:49:13.718 28695 28717 D TfprPrefetchingStrategy: ------------- TFPR calculation #10 of 10 -----------
08-05 19:49:13.718 28695 28717 D TfprPrefetchingStrategy: node CourseListActivity score = 0.7364453
08-05 19:49:13.719 28695 28717 D TfprPrefetchingStrategy: node WelcomeActivity score = 0.13359383
08-05 19:49:13.719 28695 28717 D TfprPrefetchingStrategy: ===
08-05 19:49:13.719 28695 28717 D TfprPrefetchingStrategy: ===
08-05 19:49:13.719 28695 28717 D TfprPrefetchingStrategy: getSuccessorListSortByTfprScore
08-05 19:49:13.719 28695 28717 D TfprPrefetchingStrategy: Successors before the sort [TfprNode{CourseListActivity : TFPR = 0.7364453}]
08-05 19:49:13.719 28695 28717 D TfprPrefetchingStrategy: Successors sorted by highest to lowest score (N2 - N1 comparator) are [TfprNode{CourseListActivity : TFPR = 0.7364453}]
08-05 19:49:13.719 28695 28717 D TfprPrefetchingStrategy: Selected the following nodes:
08-05 19:49:13.719 28695 28717 D TfprPrefetchingStrategy: #1 - CourseListActivity with score 0.7364453
08-05 19:49:13.719 28695 28717 D TfprPrefetchingStrategy: successors with high score = [CourseListActivity 
08-05 19:49:13.719 28695 28717 D TfprPrefetchingStrategy: 	Successors:
08-05 19:49:13.719 28695 28717 D TfprPrefetchingStrategy: 		MainActivity (0 hits)
08-05 19:49:13.719 28695 28717 D TfprPrefetchingStrategy: 	Ancestors:
08-05 19:49:13.719 28695 28717 D TfprPrefetchingStrategy: 		WelcomeActivity (0 hits)
08-05 19:49:13.719 28695 28717 D TfprPrefetchingStrategy: 
08-05 19:49:13.719 28695 28717 D TfprPrefetchingStrategy: ]
08-05 19:49:13.719 28695 28717 D TfprPrefetchingStrategy: ===
08-05 19:49:13.719 28695 28717 D TfprPrefetchingStrategy: Selected node CourseListActivity containing the URLS []
08-05 19:49:13.719 28695 28717 D TfprPrefetchingStrategy: Next visited child will be [nappatfpr.com.ak.uobtimetable.CourseListActivity]
08-05 19:49:13.719 28695 28717 D TfprPrefetchingStrategy: ==================================
08-05 19:49:13.720 28695 28717 D Nappa   : PREFETCH_ON_EXTRA - setCurrentActivity - finished new prediction
08-05 19:49:14.089 28695 28707 I art     : Starting a blocking GC Explicit
08-05 19:49:14.112 28695 28707 I art     : Explicit concurrent mark sweep GC freed 5463(554KB) AllocSpace objects, 1(1228KB) LOS objects, 40% free, 22MB/37MB, paused 229us total 22.749ms
08-05 19:49:14.122 28695 28707 I art     : Starting a blocking GC Explicit
08-05 19:49:14.134 28695 28707 I art     : Explicit concurrent mark sweep GC freed 866(34KB) AllocSpace objects, 0(0B) LOS objects, 40% free, 22MB/36MB, paused 177us total 12.273ms
08-05 19:49:14.141 28695 28707 I art     : Starting a blocking GC Explicit
08-05 19:49:14.152 28695 28707 I art     : Explicit concurrent mark sweep GC freed 3(96B) AllocSpace objects, 0(0B) LOS objects, 40% free, 22MB/36MB, paused 163us total 11.393ms
08-05 19:49:14.159 28695 28707 I art     : Starting a blocking GC Explicit
08-05 19:49:14.170 28695 28707 I art     : Explicit concurrent mark sweep GC freed 3(96B) AllocSpace objects, 0(0B) LOS objects, 40% free, 22MB/36MB, paused 161us total 11.535ms
08-05 19:49:14.177 28695 28707 I art     : Starting a blocking GC Explicit
08-05 19:49:14.180   518   646 I ThermalEngine: ACTION: GPU - Setting GPU[0] to 510000000
08-05 19:49:14.191 28695 28707 I art     : Explicit concurrent mark sweep GC freed 3(96B) AllocSpace objects, 0(0B) LOS objects, 40% free, 22MB/36MB, paused 203us total 13.791ms
08-05 19:49:14.478 28695 28706 I art     : Starting a blocking GC Explicit
08-05 19:49:14.499 28695 28706 I art     : Explicit concurrent mark sweep GC freed 1499(87KB) AllocSpace objects, 1(20KB) LOS objects, 40% free, 22MB/36MB, paused 239us total 20.428ms
08-05 19:49:14.510 28695 28706 I art     : Starting a blocking GC Explicit
08-05 19:49:14.524 28695 28706 I art     : Explicit concurrent mark sweep GC freed 26(944B) AllocSpace objects, 0(0B) LOS objects, 40% free, 22MB/36MB, paused 216us total 14.056ms
08-05 19:49:14.532 28695 28706 I art     : Starting a blocking GC Explicit
08-05 19:49:14.546 28695 28706 I art     : Explicit concurrent mark sweep GC freed 3(96B) AllocSpace objects, 0(0B) LOS objects, 40% free, 22MB/36MB, paused 211us total 14.029ms
08-05 19:49:14.554 28695 28706 I art     : Starting a blocking GC Explicit
08-05 19:49:14.568 28695 28706 I art     : Explicit concurrent mark sweep GC freed 3(96B) AllocSpace objects, 0(0B) LOS objects, 40% free, 22MB/36MB, paused 209us total 14.056ms
08-05 19:49:14.576 28695 28706 I art     : Starting a blocking GC Explicit
08-05 19:49:14.590 28695 28706 I art     : Explicit concurrent mark sweep GC freed 3(96B) AllocSpace objects, 0(0B) LOS objects, 40% free, 22MB/36MB, paused 211us total 14.597ms
08-05 19:49:14.863 28695 28707 I art     : Starting a blocking GC Explicit
08-05 19:49:14.878 28695 28707 I art     : Explicit concurrent mark sweep GC freed 1492(88KB) AllocSpace objects, 1(20KB) LOS objects, 40% free, 22MB/36MB, paused 236us total 15.104ms
08-05 19:49:14.889 28695 28707 I art     : Starting a blocking GC Explicit
08-05 19:49:14.904 28695 28707 I art     : Explicit concurrent mark sweep GC freed 26(944B) AllocSpace objects, 0(0B) LOS objects, 40% free, 22MB/36MB, paused 222us total 14.780ms
08-05 19:49:14.912 28695 28707 I art     : Starting a blocking GC Explicit
