08-03 19:18:54.142 10871 11437 D CustomInterceptor: User-Agent nappatfpr.org.quantumbadger.redreader/1.9.10
08-03 19:18:54.142 10871 11437 D CustomInterceptor: CACHED STATS: size = '0', maxSize = '100', hitCount = '0', createCount = '0', putCount = '0', evictionCount = '0', missCount = '0', toString = 'LruCache[maxSize=100,hits=0,misses=0,hitRate=0%]', 
08-03 19:18:54.143 10871 11437 D CustomInterceptor: PREFLIB NOT A GET REQUEST OR NOT IN CACHEPOST
08-03 19:18:54.153 10871 10885 I art     : Explicit concurrent mark sweep GC freed 1328(110KB) AllocSpace objects, 0(0B) LOS objects, 40% free, 21MB/36MB, paused 1.656ms total 29.370ms
08-03 19:18:54.170 10871 10885 I art     : Starting a blocking GC Explicit
08-03 19:18:54.172 10871 10871 D Nappa   : registerActivity: (new) nappatfpr.org.quantumbadger.redreader.activities.PostListingActivity
08-03 19:18:54.180 10871 10893 D RegisterNewActivityRunnable: activity = ActivityData{nappatfpr.org.quantumbadger.redreader.activities.PostListingActivity (#2)}
08-03 19:18:54.180 10871 10893 D RegisterNewActivityRunnable: graph.getCurrent() = MainActivity 
08-03 19:18:54.180 10871 10893 D RegisterNewActivityRunnable: 	Successors:
08-03 19:18:54.180 10871 10893 D RegisterNewActivityRunnable: 
08-03 19:18:54.180 10871 10893 D RegisterNewActivityRunnable: 	Ancestors:
08-03 19:18:54.180 10871 10893 D RegisterNewActivityRunnable: 
08-03 19:18:54.180 10871 10893 D RegisterNewActivityRunnable: 
08-03 19:18:54.182 10871 10893 D Nappa   : Updating activity map nappatfpr.org.quantumbadger.redreader.activities.PostListingActivity: 2
08-03 19:18:54.182 10871 10893 D RegisterNewActivityRunnable: Activity registered nappatfpr.org.quantumbadger.redreader.activities.PostListingActivity (#2)
08-03 19:18:54.182 10871 10871 D ActivityGraph: LARDataUpdate node nappatfpr.org.quantumbadger.redreader.activities.PostListingActivity added to nodelist
08-03 19:18:54.182 10871 10871 D ActivityGraph: LARDataUpdate  Pagerank: 0.25 HITS-Authority: 1.0 HITS-Hub: 1.0 SALSA-Authority: 1.0 SALSA-Hub: 1.0
08-03 19:18:54.182 10871 10871 D ActivityNode: ACTNODE CREATING, NOT IN DB
08-03 19:18:54.183 10871 10871 D ActivityGraph: LARDataCalculatedUpdate nappatfpr.org.quantumbadger.redreader.activities.PostListingActivity Pagerank: 0.25 HITS-Authority: 1.0 HITS-Hub: 1.0 SALSA-Authority: 1.0 SALSA-Hub: 1.0
08-03 19:18:54.183 10871 10871 D Nappa   : SHOULD_PREFETCH true
08-03 19:18:54.183 10871 10896 D Nappa   : {nappatfpr.org.quantumbadger.redreader.activities.PostListingActivity=2, nappatfpr.org.quantumbadger.redreader.activities.MainActivity=1}
08-03 19:18:54.202 10871 10885 I art     : Explicit concurrent mark sweep GC freed 522(44KB) AllocSpace objects, 0(0B) LOS objects, 40% free, 21MB/36MB, paused 1.235ms total 32.595ms
08-03 19:18:54.220 10871 10885 I art     : Starting a blocking GC Explicit
08-03 19:18:54.246 10871 10885 I art     : Explicit concurrent mark sweep GC freed 145(11KB) AllocSpace objects, 0(0B) LOS objects, 40% free, 21MB/36MB, paused 921us total 26.545ms
08-03 19:18:54.283 10871 10871 D Nappa   : registerActivity: (already in) nappatfpr.org.quantumbadger.redreader.activities.PostListingActivity
08-03 19:18:54.284 10871 10871 D Nappa   : STATS Number of requests not prefetched: 0
08-03 19:18:54.284 10871 10871 D Nappa   : STATS Number of requests prefetched: 0
08-03 19:18:54.284 10871 10871 D Nappa   : STATS Time saved until now: 0.0
08-03 19:18:54.285 10871 11438 D Nappa   : registerActivity: (already in) nappatfpr.org.quantumbadger.redreader.activities.PostListingActivity
08-03 19:18:54.285 10871 11438 D RegisterNewActivityRunnable: activity = ActivityData{nappatfpr.org.quantumbadger.redreader.activities.PostListingActivity (#2)}
08-03 19:18:54.285 10871 11438 D RegisterNewActivityRunnable: graph.getByName(activityName) = PostListingActivity 
08-03 19:18:54.285 10871 11438 D RegisterNewActivityRunnable: 	Successors:
08-03 19:18:54.285 10871 11438 D RegisterNewActivityRunnable: 
08-03 19:18:54.285 10871 11438 D RegisterNewActivityRunnable: 	Ancestors:
08-03 19:18:54.285 10871 11438 D RegisterNewActivityRunnable: 		MainActivity (1 hits)
08-03 19:18:54.285 10871 11438 D RegisterNewActivityRunnable: 
08-03 19:18:54.285 10871 11438 D FetchActivityLiveDataInfoHandler: activity  = PostListingActivity
08-03 19:18:54.286 10871 11438 D FetchActivityLiveDataInfoHandler: shouldSetSessionAggregateLiveData  = true
08-03 19:18:54.286 10871 11438 D FetchActivityLiveDataInfoHandler: need/shouldSetSuccessorVisitTime  = true - true
08-03 19:18:54.286 10871 11438 D FetchActivityLiveDataInfoHandler: need/shouldSetSuccessorVisitTime  = true - true
08-03 19:18:54.286 10871 11438 D FetchActivityLiveDataInfoHandler: shouldSetUrlCandidateDbLiveDataLiveData  = true
08-03 19:18:54.286 10871 11438 D FetchActivityLiveDataInfoHandler: shouldSetActivityExtraLiveData  = true
08-03 19:18:54.286 10871 10891 D FetchSessionDataRunnable: PostListingActivity Fetching session data for LAST_N_SESSIONS_FROM_ENTITY_SESSION
08-03 19:18:54.287 10871 10893 D FetchVisitTimeRunnable: PostListingActivity Fetching session data for LAST_N_SESSIONS_FROM_ENTITY_SESSION
08-03 19:18:54.287 10871 10891 D FetchSuccessorsVisitTimeRunnable: PostListingActivity Fetching session data for LAST_N_SESSIONS_FROM_ENTITY_SESSION
08-03 19:18:54.288 10871 10893 D FetchUrlCandidateRunnable: PostListingActivity Fetching URL candidates
08-03 19:18:54.289 10871 10891 D FetchIntentExtraRunnable: PostListingActivity Fetching intent extras
08-03 19:18:54.289 10871 11438 D RegisterNewActivityRunnable: Current node is now available after 115 ms
08-03 19:18:54.289 10871 11438 D RegisterNewActivityRunnable: PostListingActivity 
08-03 19:18:54.289 10871 11438 D RegisterNewActivityRunnable: 	Successors:
08-03 19:18:54.289 10871 11438 D RegisterNewActivityRunnable: 
08-03 19:18:54.289 10871 11438 D RegisterNewActivityRunnable: 	Ancestors:
08-03 19:18:54.289 10871 11438 D RegisterNewActivityRunnable: 		MainActivity (1 hits)
08-03 19:18:54.289 10871 11438 D RegisterNewActivityRunnable: 
08-03 19:18:54.355 10871 10871 D ActivityNode: Setting aggregate visit time live data for node PostListingActivity
08-03 19:18:54.413   918   936 I ActivityManager: Displayed nappatfpr.org.quantumbadger.redreader/.activities.PostListingActivity: +399ms
08-03 19:18:54.414 10871 10871 D ActivityNode: Observer - session data - sourcePostListingActivity
08-03 19:18:54.414 10871 10871 D ActivityNode: destinations:
08-03 19:18:54.414 10871 10871 D ActivityNode: Observer - visit time - MainActivity - New aggregate visit time found is 9193 ms
08-03 19:18:54.414 10871 10871 D ActivityNode: Observer - visit time - PostListingActivity - Was not accessed in the last N sessions
08-03 19:18:54.414 10871 10871 D PARAM   : COUNT: 0
08-03 19:18:54.414 10871 10871 D ActivityNode: Observer - URL candidate PostListingActivity[]
08-03 19:18:54.415 10871 10871 D ActivityNode: Observer - session data - sourceMainActivity
08-03 19:18:54.415 10871 10871 D ActivityNode: destinations:
08-03 19:18:54.415 10871 10871 D ActivityNode: 	nappatfpr.org.quantumbadger.redreader.activities.PostListingActivity( count 1)
08-03 19:18:54.415 10871 10871 D ActivityNode: Observer - intent extra - PostListingActivity
08-03 19:18:54.415 10871 10871 D ActivityNode: Extras:
08-03 19:18:54.417 13866 13866 I GoogleInputMethodServic: GoogleInputMethodService.onFinishInput():3138 
08-03 19:18:54.417 13866 13866 I GoogleInputMethodServic: GoogleInputMethodService.onStartInput():1808 
08-03 19:18:54.473 10871 10896 D Nappa   : PREFETCH_ON_EXTRA - setCurrentActivity - logs - from extra - made prediction isfalse
08-03 19:18:54.550 10871 11099 I art     : Starting a blocking GC Explicit
08-03 19:18:54.569   512  2967 D audio_hw_primary: disable_audio_route: reset and update mixer path: low-latency-playback speaker
08-03 19:18:54.571   512  2967 D audio_hw_primary: disable_snd_device: snd_device(2: speaker)
08-03 19:18:54.581   512  2967 I soundtrigger: audio_extn_sound_trigger_update_device_status: device 0x2 of type 0 for Event 0
08-03 19:18:54.588 10871 11099 I art     : Explicit concurrent mark sweep GC freed 2849(149KB) AllocSpace objects, 1(20KB) LOS objects, 40% free, 22MB/36MB, paused 1.172ms total 38.200ms
08-03 19:18:54.613 10871 11099 I art     : Starting a blocking GC Explicit
08-03 19:18:54.653 10871 11099 I art     : Explicit concurrent mark sweep GC freed 2926(178KB) AllocSpace objects, 2(120KB) LOS objects, 40% free, 22MB/37MB, paused 859us total 39.286ms
08-03 19:18:54.660   380   380 W SurfaceFlinger: couldn't log to binary event log: overflow.
08-03 19:18:54.676  7489  7489 I ServiceManager: Waiting for service AtCmdFwd...
08-03 19:18:54.678 10871 11099 I art     : Starting a blocking GC Explicit
08-03 19:18:54.706 10871 11099 I art     : Explicit concurrent mark sweep GC freed 3848(239KB) AllocSpace objects, 1(80KB) LOS objects, 40% free, 22MB/37MB, paused 893us total 27.811ms
08-03 19:18:54.725 10871 11099 I art     : Starting a blocking GC Explicit
08-03 19:18:54.756 10871 11099 I art     : Explicit concurrent mark sweep GC freed 5919(416KB) AllocSpace objects, 0(0B) LOS objects, 39% free, 22MB/37MB, paused 1.340ms total 30.127ms
08-03 19:18:54.776 10871 11099 I art     : Starting a blocking GC Explicit
08-03 19:18:54.784 10871 10896 D Nappa   : PREFETCH_ON_EXTRA - setCurrentActivity - starting new prediction
08-03 19:18:54.784 10871 10896 D Nappa   : Current node - currentActivityName - nappatfpr.org.quantumbadger.redreader.activities.PostListingActivity
08-03 19:18:54.784 10871 10896 D Nappa   : Current node - activityGraph.getCurrent() - nappatfpr.org.quantumbadger.redreader.activities.PostListingActivity
08-03 19:18:54.785 10871 10896 I NAPPA_EXPERIMENTATION: MetricNappaPrefetchingStrategyExecutionTime: STRATEGY_CLASS='TfprPrefetchingStrategy',DURATION='1927',NUMBER_OF_URLS='0',NUMBER_OF_SELECTED_CHILDREN_NODES='0',NUMBER_OF_CHILDREN_NODES='0',STRATEGY_RUN_SUCCESSFULLY='True',
08-03 19:18:54.785 10871 10896 D TfprPrefetchingStrategy: ==================================
08-03 19:18:54.785 10871 10896 D TfprPrefetchingStrategy: Starting Run #1
08-03 19:18:54.785 10871 10896 D TfprPrefetchingStrategy: ----------------------------------
08-03 19:18:54.785 10871 10896 D TfprPrefetchingStrategy: Node data PostListingActivity 
08-03 19:18:54.785 10871 10896 D TfprPrefetchingStrategy: 	Successors:
08-03 19:18:54.785 10871 10896 D TfprPrefetchingStrategy: 
08-03 19:18:54.785 10871 10896 D TfprPrefetchingStrategy: 	Ancestors:
08-03 19:18:54.785 10871 10896 D TfprPrefetchingStrategy: 		MainActivity (1 hits)
08-03 19:18:54.785 10871 10896 D TfprPrefetchingStrategy: 
08-03 19:18:54.785 10871 10896 D TfprPrefetchingStrategy: MetricStrategyAccuracy inc execution count1 | act = true; extra = false
08-03 19:18:54.785 10871 10896 D TfprPrefetchingStrategy: MetricStrategyAccuracy inc no sucessor count1 | act = true; extra = false
08-03 19:18:54.786 10871 10896 D TfprPrefetchingStrategy: Node has no successor
08-03 19:18:54.786 10871 10896 D TfprPrefetchingStrategy: Next visited child will be []
08-03 19:18:54.786 10871 10896 D TfprPrefetchingStrategy: ==================================
08-03 19:18:54.786 10871 10896 D Nappa   : PREFETCH_ON_EXTRA - setCurrentActivity - finished new prediction
08-03 19:18:54.821 10871 11099 I art     : Explicit concurrent mark sweep GC freed 9872(714KB) AllocSpace objects, 9(736KB) LOS objects, 39% free, 23MB/39MB, paused 2.649ms total 44.501ms
08-03 19:18:54.859   518   646 I ThermalEngine: ACTION: GPU - Setting GPU[0] to 450000000
08-03 19:18:54.930 10871 11437 D CustomInterceptor: CACHE_CONTROL SETTING NEW MAX-AGE
08-03 19:18:54.971 10871 11437 I System  : Loaded time zone names for "en" in 31ms (29ms in ICU)
08-03 19:18:54.971 10871 11437 D CustomInterceptor: HEADER RESPONSE
08-03 19:18:54.972 10871 11437 D CustomInterceptor: accept-ranges bytes
08-03 19:18:54.972 10871 11437 D CustomInterceptor: Cache-Control public, immutable, max-age=300, only-if-cached, max-stale=300
08-03 19:18:54.972 10871 11437 D CustomInterceptor: content-length 147
08-03 19:18:54.972 10871 11437 D CustomInterceptor: content-type application/json; charset=UTF-8
08-03 19:18:54.972 10871 11437 D CustomInterceptor: date Mon, 03 Aug 2020 17:18:49 GMT
08-03 19:18:54.972 10871 11437 D CustomInterceptor: Expires Mon, 03 Aug 2020 17:23:54 GMT+00:00
08-03 19:18:54.972 10871 11437 D CustomInterceptor: server snooserv
08-03 19:18:54.972 10871 11437 D CustomInterceptor: set-cookie edgebucket=EOO7htBwfGnhsrkaS9; Domain=reddit.com; Max-Age=63071999; Path=/; secure=
08-03 19:18:54.972 10871 11437 D CustomInterceptor: strict-transport-security max-age=15552000; includeSubDomains; preload
08-03 19:18:54.972 10871 11437 D CustomInterceptor: via 1.1 varnish
08-03 19:18:54.972 10871 11437 D CustomInterceptor: x-content-type-options nosniff
08-03 19:18:54.972 10871 11437 D CustomInterceptor: x-frame-options SAMEORIGIN
08-03 19:18:54.972 10871 11437 D CustomInterceptor: x-moose majestic
08-03 19:18:54.972 10871 11437 D CustomInterceptor: x-reddit-loid 00000000007gb313jr.2.1595956556763.Z0FBQUFBQmZJRjFNODZhcDBzdGplOEFVZ3Y2aGRmblJKOUJsb0ZtUURIbm9MNFZZQ0FHNFloX1ZXU3BGLXg3THQ3dXg1bzY5T1Z0blc1ajZiS0lyR05SS3NIRURNU3lnT25jaDhBYmtSYzQyelh0RE5NVWQyaGJDZkVfYmc0SnNwZ1VIajZPR1dhVFk
08-03 19:18:54.972 10871 11437 D CustomInterceptor: x-xss-protection 1; mode=block
08-03 19:18:54.972 10871 11437 D CustomInterceptor: CACHEABLE true
08-03 19:18:54.973 10871 11437 D CustomInterceptor: REQ https://www.reddit.com/api/v1/access_token
08-03 19:18:54.973 10871 11437 D CustomInterceptor: REQ_SERV_BY net
08-03 19:18:54.974 10871 11437 D OK      : request got status: 200
08-03 19:18:54.985 10871 11437 D OK      : calling: https://oauth.reddit.com/r/askscience/about.json
08-03 19:18:54.985 10871 11437 D CustomInterceptor: NETWORK-PROVIDER https://oauth.reddit.com/r/askscience/about.json
08-03 19:18:54.986 10871 11437 D Nappa   : F1_SCORE add_intercept_url - (new) - https://oauth.reddit.com/r/askscience/about.json
08-03 19:18:54.986 10871 11437 D Nappa   : F1_SCORE add_fn_url - (new) - https://oauth.reddit.com/r/askscience/about.json
08-03 19:18:54.987 10871 11437 D Nappa   : -------------F1_SCORE #0 -----------
08-03 19:18:54.987 10871 11437 D Nappa   : F1_SCORE - Intercept list (1)= [https://oauth.reddit.com/r/askscience/about.json]
08-03 19:18:54.987 10871 11437 D Nappa   : F1_SCORE - Prefetch list (0)= []
08-03 19:18:54.987 10871 11437 D Nappa   : F1_SCORE - TP list (0)= []
08-03 19:18:54.987 10871 11437 D Nappa   : F1_SCORE - FN list (1)= [https://oauth.reddit.com/r/askscience/about.json]
08-03 19:18:54.987 10871 11437 I NAPPA_EXPERIMENTATION: MetricPrefetchingAccuracy: LOG_ID='1',F1_SCORE_1='0.0',F1_SCORE_2='0.0',TRUE_POSITIVE='0',FALSE_POSITIVE='0',FALSE_NEGATIVE='1',
08-03 19:18:54.988 10871 11437 D CustomInterceptor: HEADER REQUEST
08-03 19:18:54.988 10871 11437 D CustomInterceptor: Authorization bearer -vv7wE75CCVZuUmgJJFxR34x-bqc
08-03 19:18:54.988 10871 11437 D CustomInterceptor: Cache-Control max-age=300, max-stale=300
08-03 19:18:54.988 10871 11437 D CustomInterceptor: User-Agent nappatfpr.org.quantumbadger.redreader/1.9.10
08-03 19:18:54.988 10871 11437 D CustomInterceptor: CACHED STATS: size = '0', maxSize = '100', hitCount = '0', createCount = '0', putCount = '0', evictionCount = '0', missCount = '1', toString = 'LruCache[maxSize=100,hits=0,misses=1,hitRate=0%]', 
08-03 19:18:54.988 10871 11437 D CustomInterceptor: PREFLIB NOT A GET REQUEST OR NOT IN CACHEGET
08-03 19:18:55.086 10871 10896 D Nappa   : registerActivity: (already in) nappatfpr.org.quantumbadger.redreader.activities.PostListingActivity
08-03 19:18:55.087 10871 10896 D Nappa   : PARENTS 
08-03 19:18:55.087 10871 10896 D Nappa   : Of: nappatfpr.org.quantumbadger.redreader.activities.PostListingActivity -> 
08-03 19:18:55.087 10871 10896 D Nappa   : PARENTS nappatfpr.org.quantumbadger.redreader.activities.MainActivity
08-03 19:18:55.123 10871 10884 I art     : Starting a blocking GC Explicit
08-03 19:18:55.163 10871 10884 I art     : Explicit concurrent mark sweep GC freed 22737(1430KB) AllocSpace objects, 6(788KB) LOS objects, 39% free, 24MB/40MB, paused 565us total 39.707ms
08-03 19:18:55.180 10871 10884 I art     : Starting a blocking GC Explicit
08-03 19:18:55.213 10871 10884 I art     : Explicit concurrent mark sweep GC freed 139(5KB) AllocSpace objects, 0(0B) LOS objects, 39% free, 24MB/40MB, paused 549us total 33.047ms
08-03 19:18:55.230 10871 10884 I art     : Starting a blocking GC Explicit
08-03 19:18:55.263 10871 10884 I art     : Explicit concurrent mark sweep GC freed 8(1248B) AllocSpace objects, 0(0B) LOS objects, 39% free, 24MB/40MB, paused 526us total 32.997ms
08-03 19:18:55.280 10871 10884 I art     : Starting a blocking GC Explicit
08-03 19:18:55.313 10871 10884 I art     : Explicit concurrent mark sweep GC freed 3(96B) AllocSpace objects, 0(0B) LOS objects, 39% free, 24MB/40MB, paused 557us total 33.607ms
08-03 19:18:55.330 10871 10884 I art     : Starting a blocking GC Explicit
08-03 19:18:55.363 10871 10884 I art     : Explicit concurrent mark sweep GC freed 60(3KB) AllocSpace objects, 0(0B) LOS objects, 39% free, 24MB/40MB, paused 535us total 32.865ms
08-03 19:18:55.583 10871 11437 D CustomInterceptor: CACHE_CONTROL SETTING NEW MAX-AGE
08-03 19:18:55.584 10871 11437 D CustomInterceptor: HEADER RESPONSE
08-03 19:18:55.584 10871 11437 D CustomInterceptor: accept-ranges bytes
08-03 19:18:55.584 10871 11437 D CustomInterceptor: access-control-allow-origin *
08-03 19:18:55.584 10871 11437 D CustomInterceptor: access-control-expose-headers X-Moose
08-03 19:18:55.584 10871 11437 D CustomInterceptor: Cache-Control public, immutable, max-age=300, only-if-cached, max-stale=300
08-03 19:18:55.584 10871 11437 D CustomInterceptor: content-type application/json; charset=UTF-8
08-03 19:18:55.584 10871 11437 D CustomInterceptor: date Mon, 03 Aug 2020 17:18:51 GMT
08-03 19:18:55.584 10871 11437 D CustomInterceptor: Expires Mon, 03 Aug 2020 17:23:55 GMT+00:00
08-03 19:18:55.584 10871 11437 D CustomInterceptor: server snooserv
08-03 19:18:55.584 10871 11437 D CustomInterceptor: set-cookie edgebucket=m3uiUjHUHNmlQ9SmEA; Domain=reddit.com; Max-Age=63071999; Path=/; secure=
08-03 19:18:55.584 10871 11437 D CustomInterceptor: strict-transport-security max-age=15552000; includeSubDomains; preload
08-03 19:18:55.584 10871 11437 D CustomInterceptor: vary accept-encoding
08-03 19:18:55.584 10871 11437 D CustomInterceptor: via 1.1 varnish
08-03 19:18:55.584 10871 11437 D CustomInterceptor: x-content-type-options nosniff
08-03 19:18:55.584 10871 11437 D CustomInterceptor: x-frame-options SAMEORIGIN
08-03 19:18:55.584 10871 11437 D CustomInterceptor: x-moose majestic
08-03 19:18:55.585 10871 11437 D CustomInterceptor: x-ua-compatible IE=edge
08-03 19:18:55.585 10871 11437 D CustomInterceptor: x-xss-protection 1; mode=block
08-03 19:18:55.585 10871 11437 D CustomInterceptor: CACHEABLE true
08-03 19:18:55.585 10871 11437 D CustomInterceptor: REQ https://oauth.reddit.com/r/askscience/about.json
08-03 19:18:55.585 10871 11437 D CustomInterceptor: REQ_SERV_BY net
08-03 19:18:55.585 10871 11437 D CustomInterceptor: PREFLIB Adding response to lrucache - https://oauth.reddit.com/r/askscience/about.json
08-03 19:18:55.611 10871 11437 D CustomInterceptor: interceptor_finished : return_type #3 : request served from remote and added to cache
08-03 19:18:55.612 10871 11437 I NAPPA_EXPERIMENTATION: MetricNetworkRequestExecutionTime: REQUEST_DURATION_SYSTEM='627',REQUEST_DURATION_OKHTTP='0',REQUEST_SYNCHRONOUS='TRUE',RESPONSE_CODE='200',RESPONSE_METHOD='GET',RESPONSE_LENGTH_OKHTTP='19957',RESPONSE_LENGTH_HEADER='-2',REQUEST_PROTOCOL='h2',REQUEST_URL='https://oauth.reddit.com/r/askscience/about.json',
08-03 19:18:55.612 10871 11437 D OK      : request got status: 200
08-03 19:18:55.657 10871 11099 I art     : Starting a blocking GC Explicit
08-03 19:18:55.669 10871 11480 D OK      : calling: https://oauth.reddit.com/r/askscience/hot/.json
08-03 19:18:55.670 10871 11480 D CustomInterceptor: NETWORK-PROVIDER https://oauth.reddit.com/r/askscience/hot/.json
08-03 19:18:55.670 10871 11480 D Nappa   : F1_SCORE add_intercept_url - (new) - https://oauth.reddit.com/r/askscience/hot/.json
08-03 19:18:55.670 10871 11480 D Nappa   : F1_SCORE add_fn_url - (new) - https://oauth.reddit.com/r/askscience/hot/.json
08-03 19:18:55.670 10871 11480 D Nappa   : -------------F1_SCORE #1 -----------
08-03 19:18:55.670 10871 11480 D Nappa   : F1_SCORE - Intercept list (2)= [https://oauth.reddit.com/r/askscience/about.json, https://oauth.reddit.com/r/askscience/hot/.json]
08-03 19:18:55.670 10871 11480 D Nappa   : F1_SCORE - Prefetch list (0)= []
08-03 19:18:55.670 10871 11480 D Nappa   : F1_SCORE - TP list (0)= []
08-03 19:18:55.670 10871 11480 D Nappa   : F1_SCORE - FN list (2)= [https://oauth.reddit.com/r/askscience/about.json, https://oauth.reddit.com/r/askscience/hot/.json]
08-03 19:18:55.670 10871 11480 I NAPPA_EXPERIMENTATION: MetricPrefetchingAccuracy: LOG_ID='2',F1_SCORE_1='0.0',F1_SCORE_2='0.0',TRUE_POSITIVE='0',FALSE_POSITIVE='0',FALSE_NEGATIVE='2',
08-03 19:18:55.670 10871 11480 D CustomInterceptor: HEADER REQUEST
08-03 19:18:55.670 10871 11480 D CustomInterceptor: Authorization bearer -vv7wE75CCVZuUmgJJFxR34x-bqc
08-03 19:18:55.671 10871 11480 D CustomInterceptor: Cache-Control max-age=300, max-stale=300
08-03 19:18:55.671 10871 11480 D CustomInterceptor: User-Agent nappatfpr.org.quantumbadger.redreader/1.9.10
08-03 19:18:55.671 10871 11480 D CustomInterceptor: CACHED STATS: size = '1', maxSize = '100', hitCount = '1', createCount = '0', putCount = '1', evictionCount = '0', missCount = '2', toString = 'LruCache[maxSize=100,hits=1,misses=2,hitRate=33%]', 
08-03 19:18:55.671 10871 11480 D CustomInterceptor: PREFLIB NOT A GET REQUEST OR NOT IN CACHEGET
08-03 19:18:55.676  7489  7489 I ServiceManager: Waiting for service AtCmdFwd...
08-03 19:18:55.699 10871 11099 I art     : Explicit concurrent mark sweep GC freed 6075(484KB) AllocSpace objects, 7(256KB) LOS objects, 39% free, 24MB/40MB, paused 723us total 41.681ms
08-03 19:18:55.715 10871 11099 I art     : Starting a blocking GC Explicit
08-03 19:18:55.750 10871 11099 I art     : Explicit concurrent mark sweep GC freed 422(20KB) AllocSpace objects, 0(0B) LOS objects, 39% free, 24MB/40MB, paused 537us total 34.119ms
08-03 19:18:55.766 10871 11099 I art     : Starting a blocking GC Explicit
08-03 19:18:55.770 10871 10896 D Nappa   : registerActivity: (already in) nappatfpr.org.quantumbadger.redreader.activities.PostListingActivity
08-03 19:18:55.770 10871 10896 D Nappa   : PARENTS 
08-03 19:18:55.770 10871 10896 D Nappa   : Of: nappatfpr.org.quantumbadger.redreader.activities.PostListingActivity -> 
08-03 19:18:55.770 10871 10896 D Nappa   : PARENTS nappatfpr.org.quantumbadger.redreader.activities.MainActivity
08-03 19:18:55.801 10871 11099 I art     : Explicit concurrent mark sweep GC freed 26(2160B) AllocSpace objects, 0(0B) LOS objects, 39% free, 24MB/40MB, paused 564us total 34.477ms
08-03 19:18:55.817 10871 11099 I art     : Starting a blocking GC Explicit
08-03 19:18:55.843 10871 11480 D CustomInterceptor: CACHE_CONTROL SETTING NEW MAX-AGE
08-03 19:18:55.845 10871 11480 D CustomInterceptor: HEADER RESPONSE
08-03 19:18:55.845 10871 11480 D CustomInterceptor: accept-ranges bytes
08-03 19:18:55.845 10871 11480 D CustomInterceptor: access-control-allow-origin *
08-03 19:18:55.845 10871 11480 D CustomInterceptor: access-control-expose-headers X-Moose
08-03 19:18:55.845 10871 11480 D CustomInterceptor: Cache-Control public, immutable, max-age=300, only-if-cached, max-stale=300
08-03 19:18:55.845 10871 11480 D CustomInterceptor: content-type application/json; charset=UTF-8
08-03 19:18:55.845 10871 11480 D CustomInterceptor: date Mon, 03 Aug 2020 17:18:51 GMT
08-03 19:18:55.845 10871 11480 D CustomInterceptor: Expires Mon, 03 Aug 2020 17:23:55 GMT+00:00
08-03 19:18:55.845 10871 11480 D CustomInterceptor: server snooserv
08-03 19:18:55.846 10871 11480 D CustomInterceptor: set-cookie edgebucket=QSNfKxyfYh0BLxoNxU; Domain=reddit.com; Max-Age=63071999; Path=/; secure=
08-03 19:18:55.847 10871 11480 D CustomInterceptor: strict-transport-security max-age=15552000; includeSubDomains; preload
08-03 19:18:55.847 10871 11480 D CustomInterceptor: vary accept-encoding
08-03 19:18:55.847 10871 11480 D CustomInterceptor: via 1.1 varnish
08-03 19:18:55.847 10871 11480 D CustomInterceptor: x-content-type-options nosniff
08-03 19:18:55.847 10871 11480 D CustomInterceptor: x-frame-options SAMEORIGIN
08-03 19:18:55.847 10871 11480 D CustomInterceptor: x-moose majestic
08-03 19:18:55.847 10871 11480 D CustomInterceptor: x-ua-compatible IE=edge
08-03 19:18:55.847 10871 11480 D CustomInterceptor: x-xss-protection 1; mode=block
08-03 19:18:55.848 10871 11480 D CustomInterceptor: CACHEABLE true
08-03 19:18:55.848 10871 11480 D CustomInterceptor: REQ https://oauth.reddit.com/r/askscience/hot/.json
08-03 19:18:55.848 10871 11480 D CustomInterceptor: REQ_SERV_BY net
08-03 19:18:55.848 10871 11480 D CustomInterceptor: PREFLIB Adding response to lrucache - https://oauth.reddit.com/r/askscience/hot/.json
08-03 19:18:55.854 10871 11099 I art     : Explicit concurrent mark sweep GC freed 649(75KB) AllocSpace objects, 0(0B) LOS objects, 39% free, 24MB/40MB, paused 568us total 36.214ms
08-03 19:18:55.866 10871 11480 D CustomInterceptor: interceptor_finished : return_type #3 : request served from remote and added to cache
08-03 19:18:55.870 10871 11480 I NAPPA_EXPERIMENTATION: MetricNetworkRequestExecutionTime: REQUEST_DURATION_SYSTEM='200',REQUEST_DURATION_OKHTTP='0',REQUEST_SYNCHRONOUS='TRUE',RESPONSE_CODE='200',RESPONSE_METHOD='GET',RESPONSE_LENGTH_OKHTTP='157524',RESPONSE_LENGTH_HEADER='-2',REQUEST_PROTOCOL='h2',REQUEST_URL='https://oauth.reddit.com/r/askscience/hot/.json',
08-03 19:18:55.871 10871 11480 D OK      : request got status: 200
08-03 19:18:55.871 10871 11099 I art     : Starting a blocking GC Explicit
08-03 19:18:55.882 10871 11478 I PostListingFragment: Precaching images: OFF
08-03 19:18:55.882 10871 11478 I PostListingFragment: Precaching comments: OFF
08-03 19:18:55.908 10871 11099 I art     : Explicit concurrent mark sweep GC freed 717(298KB) AllocSpace objects, 3(620KB) LOS objects, 38% free, 25MB/41MB, paused 1.054ms total 36.908ms
08-03 19:18:56.199 10871 10885 I art     : Starting a blocking GC Explicit
08-03 19:18:56.247 10871 10885 I art     : Explicit concurrent mark sweep GC freed 18087(949KB) AllocSpace objects, 3(156KB) LOS objects, 38% free, 25MB/41MB, paused 869us total 47.564ms
08-03 19:18:56.264 10871 10885 I art     : Starting a blocking GC Explicit
08-03 19:18:56.307 10871 10885 I art     : Explicit concurrent mark sweep GC freed 4607(174KB) AllocSpace objects, 0(0B) LOS objects, 38% free, 25MB/41MB, paused 677us total 42.695ms
08-03 19:18:56.324 10871 10885 I art     : Starting a blocking GC Explicit
08-03 19:18:56.366 10871 10885 I art     : Explicit concurrent mark sweep GC freed 2241(81KB) AllocSpace objects, 0(0B) LOS objects, 38% free, 25MB/41MB, paused 821us total 42.012ms
08-03 19:18:56.384 10871 10885 I art     : Starting a blocking GC Explicit
08-03 19:18:56.423 10871 10885 I art     : Explicit concurrent mark sweep GC freed 11965(590KB) AllocSpace objects, 0(0B) LOS objects, 38% free, 25MB/41MB, paused 746us total 38.632ms
08-03 19:18:56.440 10871 10885 I art     : Starting a blocking GC Explicit
08-03 19:18:56.478 10871 10885 I art     : Explicit concurrent mark sweep GC freed 753(38KB) AllocSpace objects, 0(0B) LOS objects, 38% free, 25MB/41MB, paused 990us total 38.013ms
08-03 19:18:56.677  7489  7489 W Atfwd_Sendcmd: AtCmdFwd service not published, waiting... retryCnt : 5
08-03 19:18:56.786 10871 10884 I art     : Starting a blocking GC Explicit
08-03 19:18:56.830 10871 10884 I art     : Explicit concurrent mark sweep GC freed 2527(133KB) AllocSpace objects, 1(20KB) LOS objects, 38% free, 25MB/41MB, paused 504us total 43.623ms
08-03 19:18:56.848 10871 10884 I art     : Starting a blocking GC Explicit
08-03 19:18:56.885 10871 10884 I art     : Explicit concurrent mark sweep GC freed 50(2272B) AllocSpace objects, 0(0B) LOS objects, 38% free, 25MB/41MB, paused 496us total 37.203ms
08-03 19:18:56.902 10871 10884 I art     : Starting a blocking GC Explicit
08-03 19:18:56.942 10871 10884 I art     : Explicit concurrent mark sweep GC freed 3(96B) AllocSpace objects, 0(0B) LOS objects, 38% free, 25MB/41MB, paused 511us total 39.260ms
08-03 19:18:56.959 10871 10884 I art     : Starting a blocking GC Explicit
08-03 19:18:57.002 10871 10884 I art     : Explicit concurrent mark sweep GC freed 3(96B) AllocSpace objects, 0(0B) LOS objects, 38% free, 25MB/41MB, paused 525us total 41.751ms
08-03 19:18:57.019 10871 10884 I art     : Starting a blocking GC Explicit
08-03 19:18:57.063 10871 10884 I art     : Explicit concurrent mark sweep GC freed 3(96B) AllocSpace objects, 0(0B) LOS objects, 38% free, 25MB/41MB, paused 481us total 42.804ms
08-03 19:18:57.359 10871 11099 I art     : Starting a blocking GC Explicit
08-03 19:18:57.399 10871 11099 I art     : Explicit concurrent mark sweep GC freed 1658(97KB) AllocSpace objects, 1(20KB) LOS objects, 38% free, 25MB/41MB, paused 472us total 38.854ms
08-03 19:18:57.415 10871 11099 I art     : Starting a blocking GC Explicit
08-03 19:18:57.455 10871 11099 I art     : Explicit concurrent mark sweep GC freed 91(4KB) AllocSpace objects, 0(0B) LOS objects, 38% free, 25MB/41MB, paused 509us total 38.893ms
08-03 19:18:57.472 10871 11099 I art     : Starting a blocking GC Explicit
08-03 19:18:57.513 10871 11099 I art     : Explicit concurrent mark sweep GC freed 3(96B) AllocSpace objects, 0(0B) LOS objects, 38% free, 25MB/41MB, paused 476us total 40.900ms
08-03 19:18:57.530 10871 11099 I art     : Starting a blocking GC Explicit
08-03 19:18:57.573 10871 11099 I art     : Explicit concurrent mark sweep GC freed 3(96B) AllocSpace objects, 0(0B) LOS objects, 38% free, 25MB/41MB, paused 526us total 42.536ms
08-03 19:18:57.591 10871 11099 I art     : Starting a blocking GC Explicit
08-03 19:18:57.635 10871 11099 I art     : Explicit concurrent mark sweep GC freed 3(96B) AllocSpace objects, 0(0B) LOS objects, 38% free, 25MB/41MB, paused 512us total 43.443ms
08-03 19:18:57.959 10871 10901 I art     : Starting a blocking GC Explicit
08-03 19:18:58.010 10871 10901 I art     : Explicit concurrent mark sweep GC freed 1544(91KB) AllocSpace objects, 1(20KB) LOS objects, 38% free, 25MB/41MB, paused 551us total 50.888ms
08-03 19:18:58.031 10871 10901 I art     : Starting a blocking GC Explicit
08-03 19:18:58.075 10871 10901 I art     : Explicit concurrent mark sweep GC freed 28(1024B) AllocSpace objects, 0(0B) LOS objects, 38% free, 25MB/41MB, paused 537us total 44.253ms
08-03 19:18:58.096 10871 10901 I art     : Starting a blocking GC Explicit
08-03 19:18:58.140 10871 10901 I art     : Explicit concurrent mark sweep GC freed 3(96B) AllocSpace objects, 0(0B) LOS objects, 38% free, 25MB/41MB, paused 474us total 43.608ms
08-03 19:18:58.157 10871 10901 I art     : Starting a blocking GC Explicit
08-03 19:18:58.199 10871 10901 I art     : Explicit concurrent mark sweep GC freed 3(96B) AllocSpace objects, 0(0B) LOS objects, 38% free, 25MB/41MB, paused 512us total 41.126ms
08-03 19:18:58.217 10871 10901 I art     : Starting a blocking GC Explicit
08-03 19:18:58.261 10871 10901 I art     : Explicit concurrent mark sweep GC freed 3(96B) AllocSpace objects, 0(0B) LOS objects, 38% free, 25MB/41MB, paused 529us total 43.914ms
08-03 19:18:58.584 10871 10885 I art     : Starting a blocking GC Explicit
08-03 19:18:58.639 10871 10885 I art     : Explicit concurrent mark sweep GC freed 1542(90KB) AllocSpace objects, 1(20KB) LOS objects, 38% free, 25MB/41MB, paused 696us total 54.349ms
08-03 19:18:58.660 10871 10885 I art     : Starting a blocking GC Explicit
08-03 19:18:58.701 10871 10885 I art     : Explicit concurrent mark sweep GC freed 28(1024B) AllocSpace objects, 0(0B) LOS objects, 38% free, 25MB/41MB, paused 518us total 40.737ms
08-03 19:18:58.719 10871 10885 I art     : Starting a blocking GC Explicit
08-03 19:18:58.762 10871 10885 I art     : Explicit concurrent mark sweep GC freed 3(96B) AllocSpace objects, 0(0B) LOS objects, 38% free, 25MB/41MB, paused 474us total 43.163ms
08-03 19:18:58.780 10871 10885 I art     : Starting a blocking GC Explicit
08-03 19:18:58.822 10871 10885 I art     : Explicit concurrent mark sweep GC freed 3(96B) AllocSpace objects, 0(0B) LOS objects, 38% free, 25MB/41MB, paused 502us total 42.180ms
08-03 19:18:58.840 10871 10885 I art     : Starting a blocking GC Explicit
08-03 19:18:58.884 10871 10885 I art     : Explicit concurrent mark sweep GC freed 3(96B) AllocSpace objects, 0(0B) LOS objects, 38% free, 25MB/41MB, paused 532us total 43.686ms
08-03 19:18:59.225 10871 10884 I art     : Starting a blocking GC Explicit
08-03 19:18:59.266 10871 10884 I art     : Explicit concurrent mark sweep GC freed 1542(90KB) AllocSpace objects, 1(20KB) LOS objects, 38% free, 25MB/41MB, paused 523us total 40.033ms
08-03 19:18:59.283 10871 10884 I art     : Starting a blocking GC Explicit
08-03 19:18:59.324 10871 10884 I art     : Explicit concurrent mark sweep GC freed 28(1024B) AllocSpace objects, 0(0B) LOS objects, 38% free, 25MB/41MB, paused 495us total 41.002ms
08-03 19:18:59.341 10871 10884 I art     : Starting a blocking GC Explicit
08-03 19:18:59.383 10871 10884 I art     : Explicit concurrent mark sweep GC freed 3(96B) AllocSpace objects, 0(0B) LOS objects, 38% free, 25MB/41MB, paused 509us total 40.861ms
08-03 19:18:59.400 10871 10884 I art     : Starting a blocking GC Explicit
08-03 19:18:59.441 10871 10884 I art     : Explicit concurrent mark sweep GC freed 3(96B) AllocSpace objects, 0(0B) LOS objects, 38% free, 25MB/41MB, paused 514us total 40.859ms
08-03 19:18:59.459 10871 10884 I art     : Starting a blocking GC Explicit
08-03 19:18:59.500 10871 10884 I art     : Explicit concurrent mark sweep GC freed 3(96B) AllocSpace objects, 0(0B) LOS objects, 38% free, 25MB/41MB, paused 525us total 41.668ms
08-03 19:18:59.763 11541 11541 D AndroidRuntime: >>>>>> START com.android.internal.os.RuntimeInit uid 2000 <<<<<<
08-03 19:18:59.769 11541 11541 D AndroidRuntime: CheckJNI is OFF
08-03 19:18:59.813 11541 11541 D ICU     : No timezone override file found: /data/misc/zoneinfo/current/icu/icu_tzdata.dat
08-03 19:18:59.829 10871 11099 I art     : Starting a blocking GC Explicit
08-03 19:18:59.862 11541 11541 I Radio-JNI: register_android_hardware_Radio DONE
08-03 19:18:59.871 10871 11099 I art     : Explicit concurrent mark sweep GC freed 1546(90KB) AllocSpace objects, 1(20KB) LOS objects, 38% free, 25MB/41MB, paused 578us total 41.707ms
08-03 19:18:59.889 10871 11099 I art     : Starting a blocking GC Explicit
08-03 19:18:59.893 11541 11541 D AndroidRuntime: Calling main entry com.android.commands.input.Input
08-03 19:18:59.895 11541 11541 I Input   : injectMotionEvent: MotionEvent { action=ACTION_DOWN, actionButton=0, id[0]=0, x[0]=600.0, y[0]=700.0, toolType[0]=TOOL_TYPE_UNKNOWN, buttonState=0, metaState=0, flags=0x0, edgeFlags=0x0, pointerCount=1, historySize=0, eventTime=645556307, downTime=645556307, deviceId=0, source=0x1002 }
08-03 19:18:59.903 11541 11541 I Input   : injectMotionEvent: MotionEvent { action=ACTION_UP, actionButton=0, id[0]=0, x[0]=600.0, y[0]=700.0, toolType[0]=TOOL_TYPE_UNKNOWN, buttonState=0, metaState=0, flags=0x0, edgeFlags=0x0, pointerCount=1, historySize=0, eventTime=645556307, downTime=645556307, deviceId=0, source=0x1002 }
08-03 19:18:59.905 10871 10871 I RRChoreographer: Using modern Choreographer
08-03 19:18:59.907 11541 11541 D AndroidRuntime: Shutting down VM
08-03 19:18:59.920   512  2967 D audio_hw_primary: out_set_parameters: enter: usecase(1: low-latency-playback) kvpairs: routing=2
08-03 19:18:59.925 10871 10871 D NappaIntentExtras: ==================
08-03 19:18:59.925 10871 10871 D NappaIntentExtras: Log #3
08-03 19:18:59.926 10871 10871 D NappaIntentExtras: ------------------
08-03 19:18:59.926 10871 10871 D NappaIntentExtras: activity nappatfpr.org.quantumbadger.redreader.activities.PostListingActivity
08-03 19:18:59.926 10871 10871 D NappaIntentExtras: 	- No extras registered
08-03 19:18:59.926 10871 10871 D NappaIntentExtras: activity nappatfpr.org.quantumbadger.redreader.activities.MainActivity
08-03 19:18:59.926 10871 10871 D NappaIntentExtras: 	- No extras registered
08-03 19:18:59.926 10871 10871 D NappaIntentExtras: ==================
08-03 19:18:59.928   918  5952 I ActivityManager: START u0 {dat=https://oauth.reddit.com/... cmp=nappatfpr.org.quantumbadger.redreader/.activities.CommentListingActivity} from uid 10640 on display 0
08-03 19:18:59.928 10871 11099 I art     : Explicit concurrent mark sweep GC freed 257(15KB) AllocSpace objects, 0(0B) LOS objects, 38% free, 25MB/41MB, paused 934us total 39.011ms
08-03 19:18:59.933   512  2967 D audio_hw_primary: select_devices: out_snd_device(2: speaker) in_snd_device(0: none)
08-03 19:18:59.933   512  2967 D msm8974_platform: platform_send_audio_calibration: sending audio calibration for snd_device(2) acdb_id(15)
08-03 19:18:59.934   512  2967 I soundtrigger: audio_extn_sound_trigger_update_device_status: device 0x2 of type 0 for Event 1
08-03 19:18:59.941 10871 10871 D NappaLifecycleObserver: nappatfpr.org.quantumbadger.redreader.activities.PostListingActivity - onPause
08-03 19:18:59.941 10871 10871 D Nappa   : Stayed on nappatfpr.org.quantumbadger.redreader.activities.PostListingActivity for 5657 ms
08-03 19:18:59.945   512  2967 D audio_hw_primary: enable_snd_device: snd_device(2: speaker)
08-03 19:18:59.947   512  2967 D audio_hw_primary: enable_audio_route: apply and update mixer path: low-latency-playback speaker
08-03 19:18:59.948 10871 11099 I art     : Starting a blocking GC Explicit
08-03 19:18:59.962 10871 10871 I AppCompatViewInflater: app:theme is now deprecated. Please move to using android:theme instead.
08-03 19:18:59.985 10871 10871 D NappaLifecycleObserver: nappatfpr.org.quantumbadger.redreader.activities.CommentListingActivity - onResume
08-03 19:18:59.985 10871 10871 D Nappa   : setCurrentActivity - MetricStrategyAccuracy - 
08-03 19:18:59.985 10871 10871 D Nappa   : madePredictionFromActivity = true, 
08-03 19:18:59.985 10871 10871 D Nappa   : fromActivity = nappatfpr.org.quantumbadger.redreader.activities.PostListingActivity, 
08-03 19:18:59.985 10871 10871 D Nappa   : predictedNextActivityFromActivity = [], 
08-03 19:18:59.985 10871 10871 D Nappa   : activity.getClass().getCanonicalName() = nappatfpr.org.quantumbadger.redreader.activities.CommentListingActivity, 
08-03 19:18:59.985 10871 10871 D Nappa   : setCurrentActivity - MetricStrategyAccuracy - 
08-03 19:18:59.985 10871 10871 D Nappa   : madePredictionFromExtra = false, 
08-03 19:18:59.985 10871 10871 D Nappa   : fromActivity = nappatfpr.org.quantumbadger.redreader.activities.PostListingActivity, 
08-03 19:18:59.985 10871 10871 D Nappa   : predictedNextActivityFromExtra = [], 
08-03 19:18:59.985 10871 10871 D Nappa   : activity.getClass().getCanonicalName() = nappatfpr.org.quantumbadger.redreader.activities.CommentListingActivity, 
08-03 19:18:59.986 10871 10871 D Nappa   : PREFETCH_ON_EXTRA - setCurrentActivity - logs - from activity - made prediction istrue
08-03 19:18:59.986 10871 10871 D Nappa   : PREFETCH_ON_EXTRA - setCurrentActivity - logs - from activity - start
08-03 19:18:59.986 10871 10871 I NAPPA_EXPERIMENTATION: MetricStrategyAccuracy: LOG_ID='1',EXECUTION_COUNT='1',CASES_COUNT='1',HIT_PERCENTAGE_TOTAL='0.0',HIT_PERCENTAGE_WHEN_PREDICTED='0.0',HIT_COUNT='0',MISS_COUNT='0',INSUFFICIENT_SCORE_COUNT='0',EXCEPTION_COUNT='0',NO_SUCCESSOR_COUNT='1',
08-03 19:18:59.986 10871 10871 D Nappa   : PREFETCH_ON_EXTRA - setCurrentActivity - logs - from activity- finished
08-03 19:18:59.987 10871 11099 I art     : Explicit concurrent mark sweep GC freed 1831(115KB) AllocSpace objects, 0(0B) LOS objects, 38% free, 25MB/41MB, paused 1.129ms total 38.278ms
08-03 19:18:59.987 10871 11566 D OK      : calling: https://oauth.reddit.com/comments/gvc7k9/.json?sort=confidence
08-03 19:18:59.987 10871 11566 D CustomInterceptor: NETWORK-PROVIDER https://oauth.reddit.com/comments/gvc7k9/.json?sort=confidence
08-03 19:18:59.987 10871 11566 D Nappa   : F1_SCORE add_intercept_url - (new) - https://oauth.reddit.com/comments/gvc7k9/.json?sort=confidence
08-03 19:18:59.988 10871 11566 D Nappa   : F1_SCORE add_fn_url - (new) - https://oauth.reddit.com/comments/gvc7k9/.json?sort=confidence
08-03 19:18:59.988 10871 11566 D Nappa   : -------------F1_SCORE #2 -----------
08-03 19:18:59.988 10871 11566 D Nappa   : F1_SCORE - Intercept list (3)= [https://oauth.reddit.com/r/askscience/about.json, https://oauth.reddit.com/r/askscience/hot/.json, https://oauth.reddit.com/comments/gvc7k9/.json?sort=confidence]
08-03 19:18:59.988 10871 11566 D Nappa   : F1_SCORE - Prefetch list (0)= []
08-03 19:18:59.988 10871 11566 D Nappa   : F1_SCORE - TP list (0)= []
08-03 19:18:59.988 10871 11566 D Nappa   : F1_SCORE - FN list (3)= [https://oauth.reddit.com/r/askscience/about.json, https://oauth.reddit.com/r/askscience/hot/.json, https://oauth.reddit.com/comments/gvc7k9/.json?sort=confidence]
08-03 19:18:59.988 10871 11566 I NAPPA_EXPERIMENTATION: MetricPrefetchingAccuracy: LOG_ID='3',F1_SCORE_1='0.0',F1_SCORE_2='0.0',TRUE_POSITIVE='0',FALSE_POSITIVE='0',FALSE_NEGATIVE='3',
08-03 19:18:59.988 10871 11566 D CustomInterceptor: HEADER REQUEST
08-03 19:18:59.988 10871 11566 D CustomInterceptor: Authorization bearer -vv7wE75CCVZuUmgJJFxR34x-bqc
08-03 19:18:59.988 10871 11566 D CustomInterceptor: Cache-Control max-age=300, max-stale=300
08-03 19:18:59.988 10871 11566 D CustomInterceptor: User-Agent nappatfpr.org.quantumbadger.redreader/1.9.10
08-03 19:18:59.989 10871 11566 D CustomInterceptor: CACHED STATS: size = '2', maxSize = '100', hitCount = '2', createCount = '0', putCount = '2', evictionCount = '0', missCount = '3', toString = 'LruCache[maxSize=100,hits=2,misses=3,hitRate=40%]', 
08-03 19:18:59.989 10871 11566 D CustomInterceptor: PREFLIB NOT A GET REQUEST OR NOT IN CACHEGET
08-03 19:19:00.003 10871 11099 I art     : Starting a blocking GC Explicit
08-03 19:19:00.040 10871 11099 I art     : Explicit concurrent mark sweep GC freed 646(76KB) AllocSpace objects, 0(0B) LOS objects, 38% free, 25MB/41MB, paused 616us total 36.436ms
08-03 19:19:00.056 10871 11099 I art     : Starting a blocking GC Explicit
08-03 19:19:00.087 10871 10871 D Nappa   : registerActivity: (new) nappatfpr.org.quantumbadger.redreader.activities.CommentListingActivity
08-03 19:19:00.088 10871 10896 D Nappa   : registerActivity: (new) nappatfpr.org.quantumbadger.redreader.activities.CommentListingActivity
08-03 19:19:00.092 10871 10893 D RegisterNewActivityRunnable: activity = ActivityData{nappatfpr.org.quantumbadger.redreader.activities.CommentListingActivity (#3)}
08-03 19:19:00.092 10871 10893 D RegisterNewActivityRunnable: graph.getCurrent() = PostListingActivity 
08-03 19:19:00.092 10871 10893 D RegisterNewActivityRunnable: 	Successors:
08-03 19:19:00.092 10871 10893 D RegisterNewActivityRunnable: 
08-03 19:19:00.092 10871 10893 D RegisterNewActivityRunnable: 	Ancestors:
08-03 19:19:00.092 10871 10893 D RegisterNewActivityRunnable: 		MainActivity (1 hits)
08-03 19:19:00.092 10871 10893 D RegisterNewActivityRunnable: 
08-03 19:19:00.093 10871 10893 D Nappa   : Updating activity map nappatfpr.org.quantumbadger.redreader.activities.CommentListingActivity: 3
08-03 19:19:00.093 10871 10893 D RegisterNewActivityRunnable: Activity registered nappatfpr.org.quantumbadger.redreader.activities.CommentListingActivity (#3)
08-03 19:19:00.094 10871 11099 I art     : Explicit concurrent mark sweep GC freed 83(3KB) AllocSpace objects, 0(0B) LOS objects, 38% free, 25MB/41MB, paused 664us total 36.495ms
08-03 19:19:00.094 10871 10871 D ActivityGraph: LARDataUpdate node nappatfpr.org.quantumbadger.redreader.activities.CommentListingActivity added to nodelist
08-03 19:19:00.094 10871 10871 D ActivityGraph: LARDataUpdate  Pagerank: 0.25 HITS-Authority: 1.0 HITS-Hub: 1.0 SALSA-Authority: 1.0 SALSA-Hub: 1.0
08-03 19:19:00.094 10871 10871 D ActivityNode: ACTNODE CREATING, NOT IN DB
08-03 19:19:00.094 10871 10871 D ActivityGraph: LARDataCalculatedUpdate nappatfpr.org.quantumbadger.redreader.activities.CommentListingActivity Pagerank: 0.25 HITS-Authority: 1.0 HITS-Hub: 1.0 SALSA-Authority: 1.0 SALSA-Hub: 1.0
08-03 19:19:00.094 10871 10871 D Nappa   : SHOULD_PREFETCH true
08-03 19:19:00.094 10871 10896 E NappaThreadPool: Exception caught on worker thread
08-03 19:19:00.094 10871 10896 E NappaThreadPool: Exceptiom: java.util.concurrent.ExecutionException: android.database.sqlite.SQLiteConstraintException: UNIQUE constraint failed: nappa_activity.activity_name (code 2067)
08-03 19:19:00.095 10871 10896 E NappaThreadPool: [java.util.concurrent.FutureTask.report(FutureTask.java:94)
08-03 19:19:00.095 10871 10896 E NappaThreadPool:  java.util.concurrent.FutureTask.get(FutureTask.java:164)
08-03 19:19:00.095 10871 10896 E NappaThreadPool:  nl.vu.cs.s2group.nappa.util.NappaThreadPool.submit(NappaThreadPool.java:55)
08-03 19:19:00.095 10871 10896 E NappaThreadPool:  nl.vu.cs.s2group.nappa.handler.activity.RegisterNewActivityHandler.run(RegisterNewActivityHandler.java:27)
08-03 19:19:00.095 10871 10896 E NappaThreadPool:  nl.vu.cs.s2group.nappa.Nappa.registerActivity(Nappa.java:202)
08-03 19:19:00.095 10871 10896 E NappaThreadPool:  nl.vu.cs.s2group.nappa.graph.ActivityNode.<init>(ActivityNode.java:73)
08-03 19:19:00.095 10871 10896 E NappaThreadPool:  nl.vu.cs.s2group.nappa.graph.ActivityGraph.getByName(ActivityGraph.java:177)
08-03 19:19:00.095 10871 10896 E NappaThreadPool:  nl.vu.cs.s2group.nappa.Nappa.lambda$checkUrlWithExtras$12(Nappa.java:644)
08-03 19:19:00.095 10871 10896 E NappaThreadPool:  nl.vu.cs.s2group.nappa.-$$Lambda$Nappa$aGFaDQ0M57UKe4ErtzOvHeCz8T4.run(lambda)
08-03 19:19:00.095 10871 10896 E NappaThreadPool:  java.util.concurrent.Executors$RunnableAdapter.call(Executors.java:423)
08-03 19:19:00.095 10871 10896 E NappaThreadPool:  java.util.concurrent.FutureTask.run(FutureTask.java:237)
08-03 19:19:00.095 10871 10896 E NappaThreadPool:  java.util.concurrent.ScheduledThreadPoolExecutor$ScheduledFutureTask.run(ScheduledThreadPoolExecutor.java:269)
08-03 19:19:00.095 10871 10896 E NappaThreadPool:  java.util.concurrent.ThreadPoolExecutor.runWorker(ThreadPoolExecutor.java:1113)
08-03 19:19:00.095 10871 10896 E NappaThreadPool:  java.util.concurrent.ThreadPoolExecutor$Worker.run(ThreadPoolExecutor.java:588)
08-03 19:19:00.095 10871 10896 E NappaThreadPool:  java.lang.Thread.run(Thread.java:818)]
08-03 19:19:00.095 10871 10896 D Nappa   : PARENTS 
08-03 19:19:00.095 10871 10896 D Nappa   : Of: nappatfpr.org.quantumbadger.redreader.activities.CommentListingActivity -> 
08-03 19:19:00.095 10871 10896 D Nappa   : PARENTS nappatfpr.org.quantumbadger.redreader.activities.PostListingActivity
08-03 19:19:00.095 10871 10896 D Nappa   : PARENTS nappatfpr.org.quantumbadger.redreader.activities.MainActivity
08-03 19:19:00.095 10871 10896 D Nappa   : {nappatfpr.org.quantumbadger.redreader.activities.CommentListingActivity=3, nappatfpr.org.quantumbadger.redreader.activities.PostListingActivity=2, nappatfpr.org.quantumbadger.redreader.activities.MainActivity=1}
08-03 19:19:00.168 10871 11566 D CustomInterceptor: CACHE_CONTROL SETTING NEW MAX-AGE
08-03 19:19:00.170 10871 11566 D CustomInterceptor: HEADER RESPONSE
08-03 19:19:00.171 10871 11566 D CustomInterceptor: accept-ranges bytes
08-03 19:19:00.172 10871 11566 D CustomInterceptor: access-control-allow-origin *
08-03 19:19:00.172 10871 11566 D CustomInterceptor: access-control-expose-headers X-Moose
08-03 19:19:00.172 10871 11566 D CustomInterceptor: Cache-Control public, immutable, max-age=300, only-if-cached, max-stale=300
08-03 19:19:00.172 10871 11566 D CustomInterceptor: content-type application/json; charset=UTF-8
08-03 19:19:00.172 10871 11566 D CustomInterceptor: date Mon, 03 Aug 2020 17:18:55 GMT
08-03 19:19:00.172 10871 11566 D CustomInterceptor: Expires Mon, 03 Aug 2020 17:24:00 GMT+00:00
08-03 19:19:00.172 10871 11566 D CustomInterceptor: server snooserv
08-03 19:19:00.172 10871 11566 D CustomInterceptor: set-cookie edgebucket=sMhUbtzYmHcv5D4j0k; Domain=reddit.com; Max-Age=63071999; Path=/; secure=
08-03 19:19:00.172 10871 11566 D CustomInterceptor: strict-transport-security max-age=15552000; includeSubDomains; preload
08-03 19:19:00.172 10871 11566 D CustomInterceptor: vary accept-encoding
08-03 19:19:00.172 10871 11566 D CustomInterceptor: via 1.1 varnish
08-03 19:19:00.172 10871 11566 D CustomInterceptor: x-content-type-options nosniff
08-03 19:19:00.172 10871 11566 D CustomInterceptor: x-frame-options SAMEORIGIN
08-03 19:19:00.172 10871 11566 D CustomInterceptor: x-moose majestic
08-03 19:19:00.173 10871 11566 D CustomInterceptor: x-ua-compatible IE=edge
08-03 19:19:00.173 10871 11566 D CustomInterceptor: x-xss-protection 1; mode=block
08-03 19:19:00.173 10871 11566 D CustomInterceptor: CACHEABLE true
08-03 19:19:00.173 10871 11566 D CustomInterceptor: REQ https://oauth.reddit.com/comments/gvc7k9/.json?sort=confidence
08-03 19:19:00.173 10871 11566 D CustomInterceptor: REQ_SERV_BY net
08-03 19:19:00.173 10871 11566 D CustomInterceptor: PREFLIB Adding response to lrucache - https://oauth.reddit.com/comments/gvc7k9/.json?sort=confidence
08-03 19:19:00.194 10871 10871 D Nappa   : registerActivity: (already in) nappatfpr.org.quantumbadger.redreader.activities.CommentListingActivity
08-03 19:19:00.195 10871 10871 D Nappa   : STATS Number of requests not prefetched: 4
08-03 19:19:00.195 10871 10871 D Nappa   : STATS Number of requests prefetched: 0
08-03 19:19:00.195 10871 10871 D Nappa   : STATS Time saved until now: 0.0
