08-06 02:43:21.035 23331 23363 D Nappa   : F1_SCORE - Prefetch list (3)= [https://api-hillfair-2k16.herokuapp.com/api/app/events/special/event?id=5806551bdcba0f490c70fd1f, https://api-hillfair-2k16.herokuapp.com/api/app/events/special/event?id=580655cddcba0f490c70fdd0, https://api-hillfair-2k16.herokuapp.com/api/app/events/special/event?id=58065620dcba0f490c70fe09]
08-06 02:43:21.035 23331 23363 D Nappa   : F1_SCORE - TP list (0)= []
08-06 02:43:21.035 23331 23363 D Nappa   : F1_SCORE - FN list (1)= [https://api-hillfair-2k16.herokuapp.com/api/app/events/special]
08-06 02:43:21.036 23331 23363 D Nappa   : PREFSTRAT2 ADDING NEW ACTEXTRADATA
08-06 02:43:21.039 23331 23363 D Nappa   : PREFSTRAT2 ADDING NEW ACTEXTRADATA
08-06 02:43:21.040 23331 23331 D Nappa   : Stayed on nappagreedy.appteam.nith.hillffair.activities.BattleDayActivity for 1662 ms
08-06 02:43:21.044 23331 23363 D Nappa   : PREFSTRAT2 ADDING NEW ACTEXTRADATA
08-06 02:43:21.063 23331 23331 D Nappa   : TAG okHttpClient initialized
08-06 02:43:21.069 23331 23331 D Nappa   : setCurrentActivity - MetricStrategyAccuracy - 
08-06 02:43:21.069 23331 23331 D Nappa   : madePredictionFromActivity = false, 
08-06 02:43:21.069 23331 23331 D Nappa   : fromActivity = nappagreedy.appteam.nith.hillffair.activities.BattleDayActivity, 
08-06 02:43:21.069 23331 23331 D Nappa   : predictedNextActivityFromActivity = [], 
08-06 02:43:21.069 23331 23331 D Nappa   : activity.getClass().getCanonicalName() = nappagreedy.appteam.nith.hillffair.activities.ClubActivity, 
08-06 02:43:21.069 23331 23331 D Nappa   : setCurrentActivity - MetricStrategyAccuracy - 
08-06 02:43:21.069 23331 23331 D Nappa   : madePredictionFromExtra = true, 
08-06 02:43:21.069 23331 23331 D Nappa   : fromActivity = nappagreedy.appteam.nith.hillffair.activities.BattleDayActivity, 
08-06 02:43:21.069 23331 23331 D Nappa   : predictedNextActivityFromExtra = [nappagreedy.appteam.nith.hillffair.activities.ClubActivity], 
08-06 02:43:21.069 23331 23331 D Nappa   : activity.getClass().getCanonicalName() = nappagreedy.appteam.nith.hillffair.activities.ClubActivity, 
08-06 02:43:21.069 23331 23331 D Nappa   : PREFETCH_ON_EXTRA - setCurrentActivity - logs - from activity - made prediction isfalse
08-06 02:43:21.069 23331 24523 D Nappa   : F1_SCORE add_intercept_url - (new) - https://api-hillfair-2k16.herokuapp.com/api/app/events/special/event?id=58065620dcba0f490c70fe09
08-06 02:43:21.069 23331 24523 D Nappa   : F1_SCORE add_tp_url - (new) - https://api-hillfair-2k16.herokuapp.com/api/app/events/special/event?id=58065620dcba0f490c70fe09
08-06 02:43:21.069 23331 24523 D Nappa   : -------------F1_SCORE #13 -----------
08-06 02:43:21.069 23331 24523 D Nappa   : F1_SCORE - Intercept list (2)= [https://api-hillfair-2k16.herokuapp.com/api/app/events/special, https://api-hillfair-2k16.herokuapp.com/api/app/events/special/event?id=58065620dcba0f490c70fe09]
08-06 02:43:21.069 23331 24523 D Nappa   : F1_SCORE - Prefetch list (3)= [https://api-hillfair-2k16.herokuapp.com/api/app/events/special/event?id=5806551bdcba0f490c70fd1f, https://api-hillfair-2k16.herokuapp.com/api/app/events/special/event?id=580655cddcba0f490c70fdd0, https://api-hillfair-2k16.herokuapp.com/api/app/events/special/event?id=58065620dcba0f490c70fe09]
08-06 02:43:21.069 23331 24523 D Nappa   : F1_SCORE - TP list (1)= [https://api-hillfair-2k16.herokuapp.com/api/app/events/special/event?id=58065620dcba0f490c70fe09]
08-06 02:43:21.069 23331 24523 D Nappa   : F1_SCORE - FN list (1)= [https://api-hillfair-2k16.herokuapp.com/api/app/events/special]
08-06 02:43:21.148 23331 23363 D Nappa   : registerActivity: (already in) nappagreedy.appteam.nith.hillffair.activities.BattleDayActivity
08-06 02:43:21.148 23331 23363 D Nappa   : PARENTS 
08-06 02:43:21.148 23331 23363 D Nappa   : Of: nappagreedy.appteam.nith.hillffair.activities.BattleDayActivity -> 
08-06 02:43:21.148 23331 23363 D Nappa   : PARENTS nappagreedy.appteam.nith.hillffair.activities.HomeActivity
08-06 02:43:21.148 23331 23363 D Nappa   : PARENTS nappagreedy.appteam.nith.hillffair.activities.SplashActivity
08-06 02:43:21.169 23331 23331 D Nappa   : registerActivity: (already in) nappagreedy.appteam.nith.hillffair.activities.ClubActivity
08-06 02:43:21.170 23331 23331 D Nappa   : SHOULD_PREFETCH true
08-06 02:43:21.251 23331 23363 D Nappa   : registerActivity: (already in) nappagreedy.appteam.nith.hillffair.activities.ClubActivity
08-06 02:43:21.251 23331 23363 D Nappa   : PARENTS 
08-06 02:43:21.251 23331 23363 D Nappa   : Of: nappagreedy.appteam.nith.hillffair.activities.ClubActivity -> 
08-06 02:43:21.251 23331 23363 D Nappa   : PARENTS nappagreedy.appteam.nith.hillffair.activities.BattleDayActivity
08-06 02:43:21.252 23331 23363 D Nappa   : PARENTS has extra: (name, Nukkad Natak)
08-06 02:43:21.252 23331 23363 D Nappa   : PARENTS has extra: (id, 58065620dcba0f490c70fe09)
08-06 02:43:21.252 23331 23363 D Nappa   : PARENTS value of key 'id' is contained into https://api-hillfair-2k16.herokuapp.com/api/app/events/special/event?id=58065620dcba0f490c70fe09
08-06 02:43:21.252 23331 23363 D Nappa   : PARENTS https://api-hillfair-2k16.herokuapp.com/api/app/events/special/event?id=
08-06 02:43:21.252 23331 23363 D Nappa   : PARENTS PARAM: id
08-06 02:43:21.252 23331 23363 D Nappa   : PARENTS   NODE nappagreedy.appteam.nith.hillffair.activities.ClubActivity ALREADY CONTAINS THIS URL
08-06 02:43:21.252 23331 23363 D Nappa   : PARENTS has extra: (battleday, true)
08-06 02:43:21.252 23331 23363 D Nappa   : PARENTS nappagreedy.appteam.nith.hillffair.activities.HomeActivity
08-06 02:43:21.252 23331 23363 D Nappa   : PARENTS nappagreedy.appteam.nith.hillffair.activities.SplashActivity
08-06 02:43:21.253 23331 23363 D Nappa   : PARENTS nappagreedy.appteam.nith.hillffair.activities.EventActivity
08-06 02:43:21.270 23331 23331 D Nappa   : registerActivity: (already in) nappagreedy.appteam.nith.hillffair.activities.ClubActivity
08-06 02:43:21.270 23331 23331 D Nappa   : STATS Number of requests not prefetched: 4
08-06 02:43:21.270 23331 23331 D Nappa   : STATS Number of requests prefetched: 1
08-06 02:43:21.270 23331 23331 D Nappa   : STATS Time saved until now: 0.033
08-06 02:43:21.469 23331 23363 D Nappa   : PREFETCH_ON_EXTRA - setCurrentActivity - logs - from extra - made prediction istrue
08-06 02:43:21.469 23331 23363 D Nappa   : PREFETCH_ON_EXTRA - setCurrentActivity - logs - from extra - start
08-06 02:43:21.470 23331 23363 D Nappa   : setCurrentActivity - MetricStrategyAccuracy - checking prediction VS current activity for extras
08-06 02:43:21.470 23331 23363 D Nappa   : PREFETCH_ON_EXTRA - setCurrentActivity - logs - from extra- finished
08-06 02:43:21.770 23331 23363 D Nappa   : PREFETCH_ON_EXTRA - setCurrentActivity - starting new prediction
08-06 02:43:21.770 23331 23363 D Nappa   : Current node - currentActivityName - nappagreedy.appteam.nith.hillffair.activities.ClubActivity
08-06 02:43:21.770 23331 23363 D Nappa   : Current node - activityGraph.getCurrent() - nappagreedy.appteam.nith.hillffair.activities.ClubActivity
08-06 02:43:21.771 23331 23363 D Nappa   : PREFETCH_ON_EXTRA - setCurrentActivity - finished new prediction
08-06 02:43:23.975 23331 23331 D Nappa   : Stayed on nappagreedy.appteam.nith.hillffair.activities.ClubActivity for 2705 ms
08-06 02:43:23.982 23331 23331 D Nappa   : setCurrentActivity - MetricStrategyAccuracy - 
08-06 02:43:23.982 23331 23331 D Nappa   : madePredictionFromActivity = true, 
08-06 02:43:23.982 23331 23331 D Nappa   : fromActivity = nappagreedy.appteam.nith.hillffair.activities.ClubActivity, 
08-06 02:43:23.982 23331 23331 D Nappa   : predictedNextActivityFromActivity = [], 
08-06 02:43:23.982 23331 23331 D Nappa   : activity.getClass().getCanonicalName() = nappagreedy.appteam.nith.hillffair.activities.BattleDayActivity, 
08-06 02:43:23.982 23331 23331 D Nappa   : setCurrentActivity - MetricStrategyAccuracy - 
08-06 02:43:23.982 23331 23331 D Nappa   : madePredictionFromExtra = false, 
08-06 02:43:23.982 23331 23331 D Nappa   : fromActivity = nappagreedy.appteam.nith.hillffair.activities.ClubActivity, 
08-06 02:43:23.982 23331 23331 D Nappa   : predictedNextActivityFromExtra = [], 
08-06 02:43:23.982 23331 23331 D Nappa   : activity.getClass().getCanonicalName() = nappagreedy.appteam.nith.hillffair.activities.BattleDayActivity, 
08-06 02:43:23.982 23331 23331 D Nappa   : PREFETCH_ON_EXTRA - setCurrentActivity - logs - from activity - made prediction istrue
08-06 02:43:23.982 23331 23331 D Nappa   : PREFETCH_ON_EXTRA - setCurrentActivity - logs - from activity - start
08-06 02:43:23.983 23331 23331 D Nappa   : PREFETCH_ON_EXTRA - setCurrentActivity - logs - from activity- finished
08-06 02:43:24.083 23331 23331 D Nappa   : registerActivity: (already in) nappagreedy.appteam.nith.hillffair.activities.BattleDayActivity
08-06 02:43:24.083 23331 23331 D Nappa   : SHOULD_PREFETCH false
08-06 02:43:24.083 23331 23331 D Nappa   : STATS Number of requests not prefetched: 4
08-06 02:43:24.084 23331 23331 D Nappa   : STATS Number of requests prefetched: 1
08-06 02:43:24.084 23331 23331 D Nappa   : STATS Time saved until now: 0.033
08-06 02:43:24.383 23331 23363 D Nappa   : PREFETCH_ON_EXTRA - setCurrentActivity - logs - from extra - made prediction isfalse
08-06 02:43:25.736 23331 23363 D Nappa   : PREFETCH_ON_EXTRA - notifyExtras- start
08-06 02:43:25.738 23331 23363 D Nappa   : PREFETCH_ON_EXTRA - notifyExtras- end
08-06 02:43:25.738 23331 23363 D Nappa   : PREFSTRAT2 URL: https://api-hillfair-2k16.herokuapp.com/api/app/events/special/event?id=5806551bdcba0f490c70fd1f
08-06 02:43:25.738 23331 23363 D Nappa   : F1_SCORE list_url_prefetched - (already in) - https://api-hillfair-2k16.herokuapp.com/api/app/events/special/event?id=5806551bdcba0f490c70fd1f
08-06 02:43:25.739 23331 23363 D Nappa   : F1_SCORE list_url_prefetched - (already in) - https://api-hillfair-2k16.herokuapp.com/api/app/events/special/event?id=5806551bdcba0f490c70fd1f
08-06 02:43:25.739 23331 23363 D Nappa   : -------------F1_SCORE #15 -----------
08-06 02:43:25.740 23331 23363 D Nappa   : F1_SCORE - Intercept list (2)= [https://api-hillfair-2k16.herokuapp.com/api/app/events/special, https://api-hillfair-2k16.herokuapp.com/api/app/events/special/event?id=58065620dcba0f490c70fe09]
08-06 02:43:25.740 23331 23363 D Nappa   : F1_SCORE - Prefetch list (3)= [https://api-hillfair-2k16.herokuapp.com/api/app/events/special/event?id=5806551bdcba0f490c70fd1f, https://api-hillfair-2k16.herokuapp.com/api/app/events/special/event?id=580655cddcba0f490c70fdd0, https://api-hillfair-2k16.herokuapp.com/api/app/events/special/event?id=58065620dcba0f490c70fe09]
08-06 02:43:25.740 23331 23363 D Nappa   : F1_SCORE - TP list (1)= [https://api-hillfair-2k16.herokuapp.com/api/app/events/special/event?id=58065620dcba0f490c70fe09]
08-06 02:43:25.740 23331 23363 D Nappa   : F1_SCORE - FN list (1)= [https://api-hillfair-2k16.herokuapp.com/api/app/events/special]
08-06 02:43:25.740 23331 23363 D Nappa   : PREFSTRAT2 ADDING NEW ACTEXTRADATA
08-06 02:43:25.743 23331 23363 D Nappa   : PREFSTRAT2 ADDING NEW ACTEXTRADATA
08-06 02:43:25.744 23331 23331 D Nappa   : Stayed on nappagreedy.appteam.nith.hillffair.activities.BattleDayActivity for 1660 ms
08-06 02:43:25.748 23331 23363 D Nappa   : PREFSTRAT2 ADDING NEW ACTEXTRADATA
08-06 02:43:25.765 23331 23331 D Nappa   : TAG okHttpClient initialized
08-06 02:43:25.770 23331 23331 D Nappa   : setCurrentActivity - MetricStrategyAccuracy - 
08-06 02:43:25.770 23331 23331 D Nappa   : madePredictionFromActivity = false, 
08-06 02:43:25.770 23331 23331 D Nappa   : fromActivity = nappagreedy.appteam.nith.hillffair.activities.BattleDayActivity, 
08-06 02:43:25.770 23331 23331 D Nappa   : predictedNextActivityFromActivity = [], 
08-06 02:43:25.770 23331 23331 D Nappa   : activity.getClass().getCanonicalName() = nappagreedy.appteam.nith.hillffair.activities.ClubActivity, 
08-06 02:43:25.771 23331 23331 D Nappa   : setCurrentActivity - MetricStrategyAccuracy - 
08-06 02:43:25.771 23331 23331 D Nappa   : madePredictionFromExtra = true, 
08-06 02:43:25.771 23331 23331 D Nappa   : fromActivity = nappagreedy.appteam.nith.hillffair.activities.BattleDayActivity, 
08-06 02:43:25.771 23331 23331 D Nappa   : predictedNextActivityFromExtra = [nappagreedy.appteam.nith.hillffair.activities.ClubActivity], 
08-06 02:43:25.771 23331 23331 D Nappa   : activity.getClass().getCanonicalName() = nappagreedy.appteam.nith.hillffair.activities.ClubActivity, 
08-06 02:43:25.771 23331 23331 D Nappa   : PREFETCH_ON_EXTRA - setCurrentActivity - logs - from activity - made prediction isfalse
08-06 02:43:25.771 23331 24661 D Nappa   : F1_SCORE add_intercept_url - (new) - https://api-hillfair-2k16.herokuapp.com/api/app/events/special/event?id=5806551bdcba0f490c70fd1f
08-06 02:43:25.771 23331 24661 D Nappa   : F1_SCORE add_tp_url - (new) - https://api-hillfair-2k16.herokuapp.com/api/app/events/special/event?id=5806551bdcba0f490c70fd1f
08-06 02:43:25.771 23331 24661 D Nappa   : -------------F1_SCORE #16 -----------
08-06 02:43:25.771 23331 24661 D Nappa   : F1_SCORE - Intercept list (3)= [https://api-hillfair-2k16.herokuapp.com/api/app/events/special, https://api-hillfair-2k16.herokuapp.com/api/app/events/special/event?id=58065620dcba0f490c70fe09, https://api-hillfair-2k16.herokuapp.com/api/app/events/special/event?id=5806551bdcba0f490c70fd1f]
08-06 02:43:25.771 23331 24661 D Nappa   : F1_SCORE - Prefetch list (3)= [https://api-hillfair-2k16.herokuapp.com/api/app/events/special/event?id=5806551bdcba0f490c70fd1f, https://api-hillfair-2k16.herokuapp.com/api/app/events/special/event?id=580655cddcba0f490c70fdd0, https://api-hillfair-2k16.herokuapp.com/api/app/events/special/event?id=58065620dcba0f490c70fe09]
08-06 02:43:25.771 23331 24661 D Nappa   : F1_SCORE - TP list (2)= [https://api-hillfair-2k16.herokuapp.com/api/app/events/special/event?id=58065620dcba0f490c70fe09, https://api-hillfair-2k16.herokuapp.com/api/app/events/special/event?id=5806551bdcba0f490c70fd1f]
08-06 02:43:25.771 23331 24661 D Nappa   : F1_SCORE - FN list (1)= [https://api-hillfair-2k16.herokuapp.com/api/app/events/special]
08-06 02:43:25.853 23331 23363 D Nappa   : registerActivity: (already in) nappagreedy.appteam.nith.hillffair.activities.BattleDayActivity
08-06 02:43:25.853 23331 23363 D Nappa   : PARENTS 
08-06 02:43:25.853 23331 23363 D Nappa   : Of: nappagreedy.appteam.nith.hillffair.activities.BattleDayActivity -> 
08-06 02:43:25.853 23331 23363 D Nappa   : PARENTS nappagreedy.appteam.nith.hillffair.activities.HomeActivity
08-06 02:43:25.853 23331 23363 D Nappa   : PARENTS nappagreedy.appteam.nith.hillffair.activities.SplashActivity
08-06 02:43:25.871 23331 23331 D Nappa   : registerActivity: (already in) nappagreedy.appteam.nith.hillffair.activities.ClubActivity
08-06 02:43:25.871 23331 23331 D Nappa   : SHOULD_PREFETCH true
08-06 02:43:25.957 23331 23363 D Nappa   : registerActivity: (already in) nappagreedy.appteam.nith.hillffair.activities.ClubActivity
08-06 02:43:25.957 23331 23363 D Nappa   : PARENTS 
08-06 02:43:25.957 23331 23363 D Nappa   : Of: nappagreedy.appteam.nith.hillffair.activities.ClubActivity -> 
08-06 02:43:25.957 23331 23363 D Nappa   : PARENTS nappagreedy.appteam.nith.hillffair.activities.BattleDayActivity
08-06 02:43:25.957 23331 23363 D Nappa   : PARENTS has extra: (name, Music)
08-06 02:43:25.957 23331 23363 D Nappa   : PARENTS has extra: (id, 5806551bdcba0f490c70fd1f)
08-06 02:43:25.958 23331 23363 D Nappa   : PARENTS value of key 'id' is contained into https://api-hillfair-2k16.herokuapp.com/api/app/events/special/event?id=5806551bdcba0f490c70fd1f
08-06 02:43:25.958 23331 23363 D Nappa   : PARENTS https://api-hillfair-2k16.herokuapp.com/api/app/events/special/event?id=
08-06 02:43:25.958 23331 23363 D Nappa   : PARENTS PARAM: id
08-06 02:43:25.958 23331 23363 D Nappa   : PARENTS   NODE nappagreedy.appteam.nith.hillffair.activities.ClubActivity ALREADY CONTAINS THIS URL
08-06 02:43:25.958 23331 23363 D Nappa   : PARENTS has extra: (battleday, true)
08-06 02:43:25.958 23331 23363 D Nappa   : PARENTS nappagreedy.appteam.nith.hillffair.activities.HomeActivity
08-06 02:43:25.959 23331 23363 D Nappa   : PARENTS nappagreedy.appteam.nith.hillffair.activities.SplashActivity
08-06 02:43:25.960 23331 23363 D Nappa   : PARENTS nappagreedy.appteam.nith.hillffair.activities.EventActivity
08-06 02:43:25.971 23331 23331 D Nappa   : registerActivity: (already in) nappagreedy.appteam.nith.hillffair.activities.ClubActivity
08-06 02:43:25.972 23331 23331 D Nappa   : STATS Number of requests not prefetched: 4
08-06 02:43:25.972 23331 23331 D Nappa   : STATS Number of requests prefetched: 2
08-06 02:43:25.972 23331 23331 D Nappa   : STATS Time saved until now: 0.066
08-06 02:43:26.171 23331 23363 D Nappa   : PREFETCH_ON_EXTRA - setCurrentActivity - logs - from extra - made prediction istrue
08-06 02:43:26.171 23331 23363 D Nappa   : PREFETCH_ON_EXTRA - setCurrentActivity - logs - from extra - start
08-06 02:43:26.171 23331 23363 D Nappa   : setCurrentActivity - MetricStrategyAccuracy - checking prediction VS current activity for extras
08-06 02:43:26.171 23331 23363 D Nappa   : PREFETCH_ON_EXTRA - setCurrentActivity - logs - from extra- finished
08-06 02:43:26.472 23331 23363 D Nappa   : PREFETCH_ON_EXTRA - setCurrentActivity - starting new prediction
08-06 02:43:26.472 23331 23363 D Nappa   : Current node - currentActivityName - nappagreedy.appteam.nith.hillffair.activities.ClubActivity
08-06 02:43:26.472 23331 23363 D Nappa   : Current node - activityGraph.getCurrent() - nappagreedy.appteam.nith.hillffair.activities.ClubActivity
08-06 02:43:26.473 23331 23363 D Nappa   : PREFETCH_ON_EXTRA - setCurrentActivity - finished new prediction
08-06 02:43:30.528 23331 23331 D Nappa   : Stayed on nappagreedy.appteam.nith.hillffair.activities.ClubActivity for 4556 ms
08-06 02:43:30.536 23331 23331 D Nappa   : setCurrentActivity - MetricStrategyAccuracy - 
08-06 02:43:30.536 23331 23331 D Nappa   : madePredictionFromActivity = true, 
08-06 02:43:30.536 23331 23331 D Nappa   : fromActivity = nappagreedy.appteam.nith.hillffair.activities.ClubActivity, 
08-06 02:43:30.536 23331 23331 D Nappa   : predictedNextActivityFromActivity = [], 
08-06 02:43:30.536 23331 23331 D Nappa   : activity.getClass().getCanonicalName() = nappagreedy.appteam.nith.hillffair.activities.BattleDayActivity, 
08-06 02:43:30.536 23331 23331 D Nappa   : setCurrentActivity - MetricStrategyAccuracy - 
08-06 02:43:30.536 23331 23331 D Nappa   : madePredictionFromExtra = false, 
08-06 02:43:30.536 23331 23331 D Nappa   : fromActivity = nappagreedy.appteam.nith.hillffair.activities.ClubActivity, 
08-06 02:43:30.536 23331 23331 D Nappa   : predictedNextActivityFromExtra = [], 
08-06 02:43:30.536 23331 23331 D Nappa   : activity.getClass().getCanonicalName() = nappagreedy.appteam.nith.hillffair.activities.BattleDayActivity, 
08-06 02:43:30.536 23331 23331 D Nappa   : PREFETCH_ON_EXTRA - setCurrentActivity - logs - from activity - made prediction istrue
08-06 02:43:30.536 23331 23331 D Nappa   : PREFETCH_ON_EXTRA - setCurrentActivity - logs - from activity - start
08-06 02:43:30.537 23331 23331 D Nappa   : PREFETCH_ON_EXTRA - setCurrentActivity - logs - from activity- finished
08-06 02:43:30.637 23331 23331 D Nappa   : registerActivity: (already in) nappagreedy.appteam.nith.hillffair.activities.BattleDayActivity
08-06 02:43:30.637 23331 23331 D Nappa   : SHOULD_PREFETCH false
08-06 02:43:30.637 23331 23331 D Nappa   : STATS Number of requests not prefetched: 4
08-06 02:43:30.637 23331 23331 D Nappa   : STATS Number of requests prefetched: 2
08-06 02:43:30.637 23331 23331 D Nappa   : STATS Time saved until now: 0.066
08-06 02:43:30.937 23331 23363 D Nappa   : PREFETCH_ON_EXTRA - setCurrentActivity - logs - from extra - made prediction isfalse
08-06 02:43:32.281 23331 23331 D Nappa   : Stayed on nappagreedy.appteam.nith.hillffair.activities.BattleDayActivity for 1643 ms
08-06 02:43:32.288 23331 23331 D Nappa   : setCurrentActivity - MetricStrategyAccuracy - 
08-06 02:43:32.288 23331 23331 D Nappa   : madePredictionFromActivity = false, 
08-06 02:43:32.288 23331 23331 D Nappa   : fromActivity = nappagreedy.appteam.nith.hillffair.activities.BattleDayActivity, 
08-06 02:43:32.288 23331 23331 D Nappa   : predictedNextActivityFromActivity = [], 
08-06 02:43:32.288 23331 23331 D Nappa   : activity.getClass().getCanonicalName() = nappagreedy.appteam.nith.hillffair.activities.HomeActivity, 
08-06 02:43:32.288 23331 23331 D Nappa   : setCurrentActivity - MetricStrategyAccuracy - 
08-06 02:43:32.288 23331 23331 D Nappa   : madePredictionFromExtra = false, 
08-06 02:43:32.288 23331 23331 D Nappa   : fromActivity = nappagreedy.appteam.nith.hillffair.activities.BattleDayActivity, 
08-06 02:43:32.288 23331 23331 D Nappa   : predictedNextActivityFromExtra = [], 
08-06 02:43:32.288 23331 23331 D Nappa   : activity.getClass().getCanonicalName() = nappagreedy.appteam.nith.hillffair.activities.HomeActivity, 
08-06 02:43:32.288 23331 23331 D Nappa   : PREFETCH_ON_EXTRA - setCurrentActivity - logs - from activity - made prediction isfalse
08-06 02:43:32.388 23331 23331 D Nappa   : registerActivity: (already in) nappagreedy.appteam.nith.hillffair.activities.HomeActivity
08-06 02:43:32.388 23331 23331 D Nappa   : SHOULD_PREFETCH false
08-06 02:43:32.389 23331 23331 D Nappa   : STATS Number of requests not prefetched: 4
08-06 02:43:32.389 23331 23331 D Nappa   : STATS Number of requests prefetched: 2
08-06 02:43:32.389 23331 23331 D Nappa   : STATS Time saved until now: 0.066
08-06 02:43:32.688 23331 23363 D Nappa   : PREFETCH_ON_EXTRA - setCurrentActivity - logs - from extra - made prediction isfalse
08-06 02:43:34.064 23331 23331 D Nappa   : Stayed on nappagreedy.appteam.nith.hillffair.activities.HomeActivity for 1675 ms
08-06 02:43:34.086 23331 23331 D Nappa   : TAG okHttpClient initialized
08-06 02:43:34.096 23331 23331 D Nappa   : setCurrentActivity - MetricStrategyAccuracy - 
08-06 02:43:34.096 23331 23331 D Nappa   : madePredictionFromActivity = false, 
08-06 02:43:34.096 23331 23331 D Nappa   : fromActivity = nappagreedy.appteam.nith.hillffair.activities.HomeActivity, 
08-06 02:43:34.096 23331 23331 D Nappa   : predictedNextActivityFromActivity = [], 
08-06 02:43:34.096 23331 23331 D Nappa   : activity.getClass().getCanonicalName() = nappagreedy.appteam.nith.hillffair.activities.BattleDayActivity, 
08-06 02:43:34.096 23331 23331 D Nappa   : setCurrentActivity - MetricStrategyAccuracy - 
08-06 02:43:34.096 23331 23331 D Nappa   : madePredictionFromExtra = false, 
08-06 02:43:34.096 23331 23331 D Nappa   : fromActivity = nappagreedy.appteam.nith.hillffair.activities.HomeActivity, 
08-06 02:43:34.096 23331 23331 D Nappa   : predictedNextActivityFromExtra = [], 
08-06 02:43:34.096 23331 23331 D Nappa   : activity.getClass().getCanonicalName() = nappagreedy.appteam.nith.hillffair.activities.BattleDayActivity, 
08-06 02:43:34.096 23331 23331 D Nappa   : PREFETCH_ON_EXTRA - setCurrentActivity - logs - from activity - made prediction isfalse
08-06 02:43:34.096 23331 24905 D Nappa   : F1_SCORE add_intercept_url - (already in) - https://api-hillfair-2k16.herokuapp.com/api/app/events/special
08-06 02:43:34.096 23331 24905 D Nappa   : F1_SCORE add_fn_url - (already in) - https://api-hillfair-2k16.herokuapp.com/api/app/events/special
08-06 02:43:34.096 23331 24905 D Nappa   : -------------F1_SCORE #19 -----------
08-06 02:43:34.096 23331 24905 D Nappa   : F1_SCORE - Intercept list (3)= [https://api-hillfair-2k16.herokuapp.com/api/app/events/special, https://api-hillfair-2k16.herokuapp.com/api/app/events/special/event?id=58065620dcba0f490c70fe09, https://api-hillfair-2k16.herokuapp.com/api/app/events/special/event?id=5806551bdcba0f490c70fd1f]
08-06 02:43:34.096 23331 24905 D Nappa   : F1_SCORE - Prefetch list (3)= [https://api-hillfair-2k16.herokuapp.com/api/app/events/special/event?id=5806551bdcba0f490c70fd1f, https://api-hillfair-2k16.herokuapp.com/api/app/events/special/event?id=580655cddcba0f490c70fdd0, https://api-hillfair-2k16.herokuapp.com/api/app/events/special/event?id=58065620dcba0f490c70fe09]
08-06 02:43:34.096 23331 24905 D Nappa   : F1_SCORE - TP list (2)= [https://api-hillfair-2k16.herokuapp.com/api/app/events/special/event?id=58065620dcba0f490c70fe09, https://api-hillfair-2k16.herokuapp.com/api/app/events/special/event?id=5806551bdcba0f490c70fd1f]
08-06 02:43:34.097 23331 24905 D Nappa   : F1_SCORE - FN list (1)= [https://api-hillfair-2k16.herokuapp.com/api/app/events/special]
08-06 02:43:34.196 23331 23331 D Nappa   : registerActivity: (already in) nappagreedy.appteam.nith.hillffair.activities.BattleDayActivity
08-06 02:43:34.196 23331 23363 D Nappa   : registerActivity: (already in) nappagreedy.appteam.nith.hillffair.activities.BattleDayActivity
08-06 02:43:34.196 23331 23331 D Nappa   : SHOULD_PREFETCH true
08-06 02:43:34.196 23331 23363 D Nappa   : PARENTS 
08-06 02:43:34.196 23331 23363 D Nappa   : Of: nappagreedy.appteam.nith.hillffair.activities.BattleDayActivity -> 
08-06 02:43:34.197 23331 23363 D Nappa   : PARENTS nappagreedy.appteam.nith.hillffair.activities.HomeActivity
08-06 02:43:34.197 23331 23363 D Nappa   : PARENTS nappagreedy.appteam.nith.hillffair.activities.SplashActivity
08-06 02:43:34.297 23331 23331 D Nappa   : registerActivity: (already in) nappagreedy.appteam.nith.hillffair.activities.BattleDayActivity
08-06 02:43:34.297 23331 23331 D Nappa   : SUCCESSORS nappagreedy.appteam.nith.hillffair.activities.ClubActivity
08-06 02:43:34.297 23331 23331 D Nappa   : STATS Number of requests not prefetched: 4
08-06 02:43:34.297 23331 23331 D Nappa   : STATS Number of requests prefetched: 3
08-06 02:43:34.297 23331 23331 D Nappa   : STATS Time saved until now: 0.099
08-06 02:43:34.497 23331 23363 D Nappa   : PREFETCH_ON_EXTRA - setCurrentActivity - logs - from extra - made prediction isfalse
08-06 02:43:34.797 23331 23363 D Nappa   : PREFETCH_ON_EXTRA - setCurrentActivity - starting new prediction
08-06 02:43:34.797 23331 23363 D Nappa   : Current node - currentActivityName - nappagreedy.appteam.nith.hillffair.activities.BattleDayActivity
08-06 02:43:34.797 23331 23363 D Nappa   : Current node - activityGraph.getCurrent() - nappagreedy.appteam.nith.hillffair.activities.BattleDayActivity
08-06 02:43:34.799 23331 23363 D Nappa   : PREFETCH_ON_EXTRA - setCurrentActivity - finished new prediction
08-06 02:43:34.799 23331 23363 D Nappa   : TO_BE_PREF https://api-hillfair-2k16.herokuapp.com/api/app/events/special/event?id=5806551bdcba0f490c70fd1f
08-06 02:43:34.799 23331 23363 D Nappa   : F1_SCORE list_url_prefetched - (already in) - https://api-hillfair-2k16.herokuapp.com/api/app/events/special/event?id=5806551bdcba0f490c70fd1f
08-06 02:43:34.801 23331 23363 D Nappa   : F1_SCORE list_url_prefetched - (already in) - https://api-hillfair-2k16.herokuapp.com/api/app/events/special/event?id=5806551bdcba0f490c70fd1f
08-06 02:43:34.801 23331 23363 D Nappa   : -------------F1_SCORE #20 -----------
08-06 02:43:34.801 23331 23363 D Nappa   : F1_SCORE - Intercept list (3)= [https://api-hillfair-2k16.herokuapp.com/api/app/events/special, https://api-hillfair-2k16.herokuapp.com/api/app/events/special/event?id=58065620dcba0f490c70fe09, https://api-hillfair-2k16.herokuapp.com/api/app/events/special/event?id=5806551bdcba0f490c70fd1f]
08-06 02:43:34.801 23331 23363 D Nappa   : F1_SCORE - Prefetch list (3)= [https://api-hillfair-2k16.herokuapp.com/api/app/events/special/event?id=5806551bdcba0f490c70fd1f, https://api-hillfair-2k16.herokuapp.com/api/app/events/special/event?id=580655cddcba0f490c70fdd0, https://api-hillfair-2k16.herokuapp.com/api/app/events/special/event?id=58065620dcba0f490c70fe09]
08-06 02:43:34.801 23331 23363 D Nappa   : F1_SCORE - TP list (2)= [https://api-hillfair-2k16.herokuapp.com/api/app/events/special/event?id=58065620dcba0f490c70fe09, https://api-hillfair-2k16.herokuapp.com/api/app/events/special/event?id=5806551bdcba0f490c70fd1f]
08-06 02:43:34.801 23331 23363 D Nappa   : F1_SCORE - FN list (1)= [https://api-hillfair-2k16.herokuapp.com/api/app/events/special]
08-06 02:43:34.904 23331 23363 D Nappa   : registerActivity: (already in) nappagreedy.appteam.nith.hillffair.activities.BattleDayActivity
08-06 02:43:34.904 23331 23363 D Nappa   : PARENTS 
08-06 02:43:34.904 23331 23363 D Nappa   : Of: nappagreedy.appteam.nith.hillffair.activities.BattleDayActivity -> 
08-06 02:43:34.904 23331 23363 D Nappa   : PARENTS nappagreedy.appteam.nith.hillffair.activities.HomeActivity
08-06 02:43:34.904 23331 23363 D Nappa   : PARENTS nappagreedy.appteam.nith.hillffair.activities.SplashActivity
08-06 02:43:38.826 23331 23363 D Nappa   : PREFETCH_ON_EXTRA - notifyExtras- start
08-06 02:43:38.828 23331 23363 D Nappa   : PREFETCH_ON_EXTRA - notifyExtras- end
08-06 02:43:38.828 23331 23363 D Nappa   : PREFSTRAT2 URL: https://api-hillfair-2k16.herokuapp.com/api/app/events/special/event?id=5806551bdcba0f490c70fd1f
08-06 02:43:38.828 23331 23363 D Nappa   : F1_SCORE list_url_prefetched - (already in) - https://api-hillfair-2k16.herokuapp.com/api/app/events/special/event?id=5806551bdcba0f490c70fd1f
08-06 02:43:38.832 23331 23363 D Nappa   : F1_SCORE list_url_prefetched - (already in) - https://api-hillfair-2k16.herokuapp.com/api/app/events/special/event?id=5806551bdcba0f490c70fd1f
08-06 02:43:38.832 23331 23363 D Nappa   : -------------F1_SCORE #21 -----------
08-06 02:43:38.832 23331 23363 D Nappa   : F1_SCORE - Intercept list (3)= [https://api-hillfair-2k16.herokuapp.com/api/app/events/special, https://api-hillfair-2k16.herokuapp.com/api/app/events/special/event?id=58065620dcba0f490c70fe09, https://api-hillfair-2k16.herokuapp.com/api/app/events/special/event?id=5806551bdcba0f490c70fd1f]
08-06 02:43:38.832 23331 23363 D Nappa   : F1_SCORE - Prefetch list (3)= [https://api-hillfair-2k16.herokuapp.com/api/app/events/special/event?id=5806551bdcba0f490c70fd1f, https://api-hillfair-2k16.herokuapp.com/api/app/events/special/event?id=580655cddcba0f490c70fdd0, https://api-hillfair-2k16.herokuapp.com/api/app/events/special/event?id=58065620dcba0f490c70fe09]
08-06 02:43:38.833 23331 23363 D Nappa   : F1_SCORE - TP list (2)= [https://api-hillfair-2k16.herokuapp.com/api/app/events/special/event?id=58065620dcba0f490c70fe09, https://api-hillfair-2k16.herokuapp.com/api/app/events/special/event?id=5806551bdcba0f490c70fd1f]
08-06 02:43:38.833 23331 23363 D Nappa   : F1_SCORE - FN list (1)= [https://api-hillfair-2k16.herokuapp.com/api/app/events/special]
08-06 02:43:38.834 23331 23363 D Nappa   : PREFSTRAT2 ADDING NEW ACTEXTRADATA
08-06 02:43:38.835 23331 23331 D Nappa   : Stayed on nappagreedy.appteam.nith.hillffair.activities.BattleDayActivity for 4538 ms
08-06 02:43:38.836 23331 23363 D Nappa   : PREFSTRAT2 ADDING NEW ACTEXTRADATA
08-06 02:43:38.839 23331 23363 D Nappa   : PREFSTRAT2 ADDING NEW ACTEXTRADATA
08-06 02:43:38.861 23331 23331 D Nappa   : TAG okHttpClient initialized
08-06 02:43:38.867 23331 23331 D Nappa   : setCurrentActivity - MetricStrategyAccuracy - 
08-06 02:43:38.867 23331 23331 D Nappa   : madePredictionFromActivity = true, 
08-06 02:43:38.867 23331 23331 D Nappa   : fromActivity = nappagreedy.appteam.nith.hillffair.activities.BattleDayActivity, 
08-06 02:43:38.867 23331 23331 D Nappa   : predictedNextActivityFromActivity = [nappagreedy.appteam.nith.hillffair.activities.ClubActivity], 
08-06 02:43:38.867 23331 23331 D Nappa   : activity.getClass().getCanonicalName() = nappagreedy.appteam.nith.hillffair.activities.ClubActivity, 
08-06 02:43:38.867 23331 23331 D Nappa   : setCurrentActivity - MetricStrategyAccuracy - 
08-06 02:43:38.867 23331 23331 D Nappa   : madePredictionFromExtra = true, 
08-06 02:43:38.867 23331 23331 D Nappa   : fromActivity = nappagreedy.appteam.nith.hillffair.activities.BattleDayActivity, 
08-06 02:43:38.867 23331 23331 D Nappa   : predictedNextActivityFromExtra = [nappagreedy.appteam.nith.hillffair.activities.ClubActivity], 
08-06 02:43:38.867 23331 23331 D Nappa   : activity.getClass().getCanonicalName() = nappagreedy.appteam.nith.hillffair.activities.ClubActivity, 
08-06 02:43:38.867 23331 25021 D Nappa   : F1_SCORE add_intercept_url - (already in) - https://api-hillfair-2k16.herokuapp.com/api/app/events/special/event?id=5806551bdcba0f490c70fd1f
08-06 02:43:38.867 23331 23331 D Nappa   : PREFETCH_ON_EXTRA - setCurrentActivity - logs - from activity - made prediction istrue
08-06 02:43:38.867 23331 23331 D Nappa   : PREFETCH_ON_EXTRA - setCurrentActivity - logs - from activity - start
08-06 02:43:38.867 23331 25021 D Nappa   : F1_SCORE add_tp_url - (already in) - https://api-hillfair-2k16.herokuapp.com/api/app/events/special/event?id=5806551bdcba0f490c70fd1f
08-06 02:43:38.867 23331 23331 D Nappa   : setCurrentActivity - MetricStrategyAccuracy - checking prediction VS current activity for activities
08-06 02:43:38.867 23331 25021 D Nappa   : -------------F1_SCORE #22 -----------
08-06 02:43:38.867 23331 25021 D Nappa   : F1_SCORE - Intercept list (3)= [https://api-hillfair-2k16.herokuapp.com/api/app/events/special, https://api-hillfair-2k16.herokuapp.com/api/app/events/special/event?id=58065620dcba0f490c70fe09, https://api-hillfair-2k16.herokuapp.com/api/app/events/special/event?id=5806551bdcba0f490c70fd1f]
08-06 02:43:38.867 23331 25021 D Nappa   : F1_SCORE - Prefetch list (3)= [https://api-hillfair-2k16.herokuapp.com/api/app/events/special/event?id=5806551bdcba0f490c70fd1f, https://api-hillfair-2k16.herokuapp.com/api/app/events/special/event?id=580655cddcba0f490c70fdd0, https://api-hillfair-2k16.herokuapp.com/api/app/events/special/event?id=58065620dcba0f490c70fe09]
08-06 02:43:38.867 23331 23331 D Nappa   : PREFETCH_ON_EXTRA - setCurrentActivity - logs - from activity- finished
08-06 02:43:38.867 23331 25021 D Nappa   : F1_SCORE - TP list (2)= [https://api-hillfair-2k16.herokuapp.com/api/app/events/special/event?id=58065620dcba0f490c70fe09, https://api-hillfair-2k16.herokuapp.com/api/app/events/special/event?id=5806551bdcba0f490c70fd1f]
08-06 02:43:38.867 23331 25021 D Nappa   : F1_SCORE - FN list (1)= [https://api-hillfair-2k16.herokuapp.com/api/app/events/special]
08-06 02:43:38.945 23331 23363 D Nappa   : registerActivity: (already in) nappagreedy.appteam.nith.hillffair.activities.BattleDayActivity
08-06 02:43:38.945 23331 23363 D Nappa   : PARENTS 
08-06 02:43:38.945 23331 23363 D Nappa   : Of: nappagreedy.appteam.nith.hillffair.activities.BattleDayActivity -> 
08-06 02:43:38.945 23331 23363 D Nappa   : PARENTS nappagreedy.appteam.nith.hillffair.activities.HomeActivity
08-06 02:43:38.946 23331 23363 D Nappa   : PARENTS nappagreedy.appteam.nith.hillffair.activities.SplashActivity
08-06 02:43:38.968 23331 23331 D Nappa   : registerActivity: (already in) nappagreedy.appteam.nith.hillffair.activities.ClubActivity
08-06 02:43:38.968 23331 23331 D Nappa   : SHOULD_PREFETCH true
08-06 02:43:39.049 23331 23363 D Nappa   : registerActivity: (already in) nappagreedy.appteam.nith.hillffair.activities.ClubActivity
08-06 02:43:39.049 23331 23363 D Nappa   : PARENTS 
08-06 02:43:39.049 23331 23363 D Nappa   : Of: nappagreedy.appteam.nith.hillffair.activities.ClubActivity -> 
08-06 02:43:39.049 23331 23363 D Nappa   : PARENTS nappagreedy.appteam.nith.hillffair.activities.BattleDayActivity
08-06 02:43:39.049 23331 23363 D Nappa   : PARENTS has extra: (name, Music)
08-06 02:43:39.049 23331 23363 D Nappa   : PARENTS has extra: (id, 5806551bdcba0f490c70fd1f)
08-06 02:43:39.049 23331 23363 D Nappa   : PARENTS value of key 'id' is contained into https://api-hillfair-2k16.herokuapp.com/api/app/events/special/event?id=5806551bdcba0f490c70fd1f
08-06 02:43:39.049 23331 23363 D Nappa   : PARENTS https://api-hillfair-2k16.herokuapp.com/api/app/events/special/event?id=
08-06 02:43:39.049 23331 23363 D Nappa   : PARENTS PARAM: id
08-06 02:43:39.049 23331 23363 D Nappa   : PARENTS   NODE nappagreedy.appteam.nith.hillffair.activities.ClubActivity ALREADY CONTAINS THIS URL
08-06 02:43:39.049 23331 23363 D Nappa   : PARENTS has extra: (battleday, true)
08-06 02:43:39.050 23331 23363 D Nappa   : PARENTS nappagreedy.appteam.nith.hillffair.activities.HomeActivity
08-06 02:43:39.050 23331 23363 D Nappa   : PARENTS nappagreedy.appteam.nith.hillffair.activities.SplashActivity
08-06 02:43:39.050 23331 23363 D Nappa   : PARENTS nappagreedy.appteam.nith.hillffair.activities.EventActivity
08-06 02:43:39.068 23331 23331 D Nappa   : registerActivity: (already in) nappagreedy.appteam.nith.hillffair.activities.ClubActivity
08-06 02:43:39.068 23331 23331 D Nappa   : STATS Number of requests not prefetched: 4
08-06 02:43:39.068 23331 23331 D Nappa   : STATS Number of requests prefetched: 4
08-06 02:43:39.069 23331 23331 D Nappa   : STATS Time saved until now: 0.132
08-06 02:43:39.268 23331 23363 D Nappa   : PREFETCH_ON_EXTRA - setCurrentActivity - logs - from extra - made prediction istrue
08-06 02:43:39.268 23331 23363 D Nappa   : PREFETCH_ON_EXTRA - setCurrentActivity - logs - from extra - start
08-06 02:43:39.268 23331 23363 D Nappa   : setCurrentActivity - MetricStrategyAccuracy - checking prediction VS current activity for extras
08-06 02:43:39.269 23331 23363 D Nappa   : PREFETCH_ON_EXTRA - setCurrentActivity - logs - from extra- finished
08-06 02:43:39.569 23331 23363 D Nappa   : PREFETCH_ON_EXTRA - setCurrentActivity - starting new prediction
08-06 02:43:39.569 23331 23363 D Nappa   : Current node - currentActivityName - nappagreedy.appteam.nith.hillffair.activities.ClubActivity
08-06 02:43:39.569 23331 23363 D Nappa   : Current node - activityGraph.getCurrent() - nappagreedy.appteam.nith.hillffair.activities.ClubActivity
08-06 02:43:39.570 23331 23363 D Nappa   : PREFETCH_ON_EXTRA - setCurrentActivity - finished new prediction
08-06 02:43:43.646 23331 23331 D Nappa   : Stayed on nappagreedy.appteam.nith.hillffair.activities.ClubActivity for 4577 ms
08-06 02:43:43.654 23331 23331 D Nappa   : setCurrentActivity - MetricStrategyAccuracy - 
08-06 02:43:43.654 23331 23331 D Nappa   : madePredictionFromActivity = true, 
08-06 02:43:43.654 23331 23331 D Nappa   : fromActivity = nappagreedy.appteam.nith.hillffair.activities.ClubActivity, 
08-06 02:43:43.654 23331 23331 D Nappa   : predictedNextActivityFromActivity = [], 
08-06 02:43:43.654 23331 23331 D Nappa   : activity.getClass().getCanonicalName() = nappagreedy.appteam.nith.hillffair.activities.BattleDayActivity, 
08-06 02:43:43.654 23331 23331 D Nappa   : setCurrentActivity - MetricStrategyAccuracy - 
08-06 02:43:43.654 23331 23331 D Nappa   : madePredictionFromExtra = false, 
08-06 02:43:43.654 23331 23331 D Nappa   : fromActivity = nappagreedy.appteam.nith.hillffair.activities.ClubActivity, 
08-06 02:43:43.654 23331 23331 D Nappa   : predictedNextActivityFromExtra = [], 
08-06 02:43:43.654 23331 23331 D Nappa   : activity.getClass().getCanonicalName() = nappagreedy.appteam.nith.hillffair.activities.BattleDayActivity, 
08-06 02:43:43.654 23331 23331 D Nappa   : PREFETCH_ON_EXTRA - setCurrentActivity - logs - from activity - made prediction istrue
08-06 02:43:43.654 23331 23331 D Nappa   : PREFETCH_ON_EXTRA - setCurrentActivity - logs - from activity - start
08-06 02:43:43.654 23331 23331 D Nappa   : PREFETCH_ON_EXTRA - setCurrentActivity - logs - from activity- finished
08-06 02:43:43.755 23331 23331 D Nappa   : registerActivity: (already in) nappagreedy.appteam.nith.hillffair.activities.BattleDayActivity
08-06 02:43:43.755 23331 23331 D Nappa   : SHOULD_PREFETCH false
08-06 02:43:43.755 23331 23331 D Nappa   : STATS Number of requests not prefetched: 4
08-06 02:43:43.755 23331 23331 D Nappa   : STATS Number of requests prefetched: 4
08-06 02:43:43.755 23331 23331 D Nappa   : STATS Time saved until now: 0.132
08-06 02:43:44.055 23331 23363 D Nappa   : PREFETCH_ON_EXTRA - setCurrentActivity - logs - from extra - made prediction isfalse
08-06 02:43:45.406 23331 23331 D Nappa   : Stayed on nappagreedy.appteam.nith.hillffair.activities.BattleDayActivity for 1650 ms
08-06 02:43:45.413 23331 23331 D Nappa   : setCurrentActivity - MetricStrategyAccuracy - 
08-06 02:43:45.413 23331 23331 D Nappa   : madePredictionFromActivity = false, 
08-06 02:43:45.413 23331 23331 D Nappa   : fromActivity = nappagreedy.appteam.nith.hillffair.activities.BattleDayActivity, 
08-06 02:43:45.413 23331 23331 D Nappa   : predictedNextActivityFromActivity = [], 
08-06 02:43:45.413 23331 23331 D Nappa   : activity.getClass().getCanonicalName() = nappagreedy.appteam.nith.hillffair.activities.HomeActivity, 
08-06 02:43:45.413 23331 23331 D Nappa   : setCurrentActivity - MetricStrategyAccuracy - 
08-06 02:43:45.413 23331 23331 D Nappa   : madePredictionFromExtra = false, 
08-06 02:43:45.413 23331 23331 D Nappa   : fromActivity = nappagreedy.appteam.nith.hillffair.activities.BattleDayActivity, 
08-06 02:43:45.413 23331 23331 D Nappa   : predictedNextActivityFromExtra = [], 
08-06 02:43:45.413 23331 23331 D Nappa   : activity.getClass().getCanonicalName() = nappagreedy.appteam.nith.hillffair.activities.HomeActivity, 
08-06 02:43:45.413 23331 23331 D Nappa   : PREFETCH_ON_EXTRA - setCurrentActivity - logs - from activity - made prediction isfalse
08-06 02:43:45.513 23331 23331 D Nappa   : registerActivity: (already in) nappagreedy.appteam.nith.hillffair.activities.HomeActivity
08-06 02:43:45.513 23331 23331 D Nappa   : SHOULD_PREFETCH false
08-06 02:43:45.513 23331 23331 D Nappa   : STATS Number of requests not prefetched: 4
08-06 02:43:45.513 23331 23331 D Nappa   : STATS Number of requests prefetched: 4
08-06 02:43:45.514 23331 23331 D Nappa   : STATS Time saved until now: 0.132
08-06 02:43:45.815 23331 23363 D Nappa   : PREFETCH_ON_EXTRA - setCurrentActivity - logs - from extra - made prediction isfalse
08-06 02:43:47.332 23331 23331 D Nappa   : Stayed on nappagreedy.appteam.nith.hillffair.activities.HomeActivity for 1818 ms
08-06 02:43:47.364 23331 23331 D Nappa   : setCurrentActivity - MetricStrategyAccuracy - 
08-06 02:43:47.364 23331 23331 D Nappa   : madePredictionFromActivity = false, 
08-06 02:43:47.364 23331 23331 D Nappa   : fromActivity = nappagreedy.appteam.nith.hillffair.activities.HomeActivity, 
08-06 02:43:47.364 23331 23331 D Nappa   : predictedNextActivityFromActivity = [], 
08-06 02:43:47.364 23331 23331 D Nappa   : activity.getClass().getCanonicalName() = nappagreedy.appteam.nith.hillffair.activities.QuizActivity, 
08-06 02:43:47.365 23331 23331 D Nappa   : setCurrentActivity - MetricStrategyAccuracy - 
08-06 02:43:47.365 23331 23331 D Nappa   : madePredictionFromExtra = false, 
08-06 02:43:47.365 23331 23331 D Nappa   : fromActivity = nappagreedy.appteam.nith.hillffair.activities.HomeActivity, 
08-06 02:43:47.365 23331 23331 D Nappa   : predictedNextActivityFromExtra = [], 
08-06 02:43:47.365 23331 23331 D Nappa   : activity.getClass().getCanonicalName() = nappagreedy.appteam.nith.hillffair.activities.QuizActivity, 
08-06 02:43:47.365 23331 23331 D Nappa   : PREFETCH_ON_EXTRA - setCurrentActivity - logs - from activity - made prediction isfalse
08-06 02:43:47.465 23331 23331 D Nappa   : registerActivity: (already in) nappagreedy.appteam.nith.hillffair.activities.QuizActivity
08-06 02:43:47.466 23331 23331 D Nappa   : SHOULD_PREFETCH true
08-06 02:43:47.566 23331 23331 D Nappa   : registerActivity: (already in) nappagreedy.appteam.nith.hillffair.activities.QuizActivity
08-06 02:43:47.566 23331 23331 D Nappa   : SUCCESSORS nappagreedy.appteam.nith.hillffair.activities.LeaderBoardActivity
08-06 02:43:47.566 23331 23331 D Nappa   : SUCCESSORS nappagreedy.appteam.nith.hillffair.activities.InformationActivity
08-06 02:43:47.567 23331 23331 D Nappa   : STATS Number of requests not prefetched: 4
08-06 02:43:47.567 23331 23331 D Nappa   : STATS Number of requests prefetched: 4
08-06 02:43:47.567 23331 23331 D Nappa   : STATS Time saved until now: 0.132
08-06 02:43:47.765 23331 23363 D Nappa   : PREFETCH_ON_EXTRA - setCurrentActivity - logs - from extra - made prediction isfalse
08-06 02:43:48.067 23331 23363 D Nappa   : PREFETCH_ON_EXTRA - setCurrentActivity - starting new prediction
08-06 02:43:48.067 23331 23363 D Nappa   : Current node - currentActivityName - nappagreedy.appteam.nith.hillffair.activities.QuizActivity
08-06 02:43:48.067 23331 23363 D Nappa   : Current node - activityGraph.getCurrent() - nappagreedy.appteam.nith.hillffair.activities.QuizActivity
08-06 02:43:48.069 23331 23363 D Nappa   : PREFETCH_ON_EXTRA - setCurrentActivity - finished new prediction
08-06 02:43:50.270 23331 23331 D Nappa   : Stayed on nappagreedy.appteam.nith.hillffair.activities.QuizActivity for 2703 ms
08-06 02:43:50.310 23331 23331 D Nappa   : TAG okHttpClient initialized
08-06 02:43:50.318 23331 23331 D Nappa   : setCurrentActivity - MetricStrategyAccuracy - 
08-06 02:43:50.318 23331 23331 D Nappa   : madePredictionFromActivity = true, 
08-06 02:43:50.318 23331 23331 D Nappa   : fromActivity = nappagreedy.appteam.nith.hillffair.activities.QuizActivity, 
08-06 02:43:50.318 23331 23331 D Nappa   : predictedNextActivityFromActivity = [nappagreedy.appteam.nith.hillffair.activities.LeaderBoardActivity], 
08-06 02:43:50.318 23331 23331 D Nappa   : activity.getClass().getCanonicalName() = nappagreedy.appteam.nith.hillffair.activities.LeaderBoardActivity, 
08-06 02:43:50.318 23331 23331 D Nappa   : setCurrentActivity - MetricStrategyAccuracy - 
08-06 02:43:50.318 23331 23331 D Nappa   : madePredictionFromExtra = false, 
08-06 02:43:50.318 23331 23331 D Nappa   : fromActivity = nappagreedy.appteam.nith.hillffair.activities.QuizActivity, 
08-06 02:43:50.318 23331 23331 D Nappa   : predictedNextActivityFromExtra = [], 
08-06 02:43:50.318 23331 23331 D Nappa   : activity.getClass().getCanonicalName() = nappagreedy.appteam.nith.hillffair.activities.LeaderBoardActivity, 
08-06 02:43:50.318 23331 23331 D Nappa   : PREFETCH_ON_EXTRA - setCurrentActivity - logs - from activity - made prediction istrue
08-06 02:43:50.318 23331 23331 D Nappa   : PREFETCH_ON_EXTRA - setCurrentActivity - logs - from activity - start
08-06 02:43:50.318 23331 23331 D Nappa   : setCurrentActivity - MetricStrategyAccuracy - checking prediction VS current activity for activities
08-06 02:43:50.319 23331 25328 D Nappa   : F1_SCORE add_intercept_url - (new) - https://api-hillfair-2k16.herokuapp.com/api/app/quiz/leaderboard?from=1
08-06 02:43:50.319 23331 25328 D Nappa   : F1_SCORE add_fn_url - (new) - https://api-hillfair-2k16.herokuapp.com/api/app/quiz/leaderboard?from=1
08-06 02:43:50.319 23331 23331 D Nappa   : PREFETCH_ON_EXTRA - setCurrentActivity - logs - from activity- finished
08-06 02:43:50.319 23331 25328 D Nappa   : -------------F1_SCORE #25 -----------
08-06 02:43:50.319 23331 25328 D Nappa   : F1_SCORE - Intercept list (4)= [https://api-hillfair-2k16.herokuapp.com/api/app/events/special, https://api-hillfair-2k16.herokuapp.com/api/app/events/special/event?id=58065620dcba0f490c70fe09, https://api-hillfair-2k16.herokuapp.com/api/app/events/special/event?id=5806551bdcba0f490c70fd1f, https://api-hillfair-2k16.herokuapp.com/api/app/quiz/leaderboard?from=1]
08-06 02:43:50.319 23331 25328 D Nappa   : F1_SCORE - Prefetch list (3)= [https://api-hillfair-2k16.herokuapp.com/api/app/events/special/event?id=5806551bdcba0f490c70fd1f, https://api-hillfair-2k16.herokuapp.com/api/app/events/special/event?id=580655cddcba0f490c70fdd0, https://api-hillfair-2k16.herokuapp.com/api/app/events/special/event?id=58065620dcba0f490c70fe09]
08-06 02:43:50.319 23331 25328 D Nappa   : F1_SCORE - TP list (2)= [https://api-hillfair-2k16.herokuapp.com/api/app/events/special/event?id=58065620dcba0f490c70fe09, https://api-hillfair-2k16.herokuapp.com/api/app/events/special/event?id=5806551bdcba0f490c70fd1f]
08-06 02:43:50.319 23331 25328 D Nappa   : F1_SCORE - FN list (2)= [https://api-hillfair-2k16.herokuapp.com/api/app/events/special, https://api-hillfair-2k16.herokuapp.com/api/app/quiz/leaderboard?from=1]
08-06 02:43:50.419 23331 23363 D Nappa   : registerActivity: (already in) nappagreedy.appteam.nith.hillffair.activities.QuizActivity
08-06 02:43:50.419 23331 23331 D Nappa   : registerActivity: (already in) nappagreedy.appteam.nith.hillffair.activities.LeaderBoardActivity
08-06 02:43:50.420 23331 23363 D Nappa   : PARENTS 
08-06 02:43:50.420 23331 23363 D Nappa   : Of: nappagreedy.appteam.nith.hillffair.activities.QuizActivity -> 
08-06 02:43:50.420 23331 23363 D Nappa   : PARENTS nappagreedy.appteam.nith.hillffair.activities.HomeActivity
08-06 02:43:50.420 23331 23363 D Nappa   : PARENTS nappagreedy.appteam.nith.hillffair.activities.SplashActivity
08-06 02:43:50.420 23331 23331 D Nappa   : SHOULD_PREFETCH true
08-06 02:43:50.520 23331 23331 D Nappa   : registerActivity: (already in) nappagreedy.appteam.nith.hillffair.activities.LeaderBoardActivity
08-06 02:43:50.521 23331 23331 D Nappa   : STATS Number of requests not prefetched: 4
08-06 02:43:50.521 23331 23331 D Nappa   : STATS Number of requests prefetched: 4
08-06 02:43:50.521 23331 23331 D Nappa   : STATS Time saved until now: 0.132
08-06 02:43:50.719 23331 23363 D Nappa   : PREFETCH_ON_EXTRA - setCurrentActivity - logs - from extra - made prediction isfalse
08-06 02:43:51.021 23331 23363 D Nappa   : PREFETCH_ON_EXTRA - setCurrentActivity - starting new prediction
08-06 02:43:51.021 23331 23363 D Nappa   : Current node - currentActivityName - nappagreedy.appteam.nith.hillffair.activities.LeaderBoardActivity
08-06 02:43:51.021 23331 23363 D Nappa   : Current node - activityGraph.getCurrent() - nappagreedy.appteam.nith.hillffair.activities.LeaderBoardActivity
08-06 02:43:51.022 23331 23363 D Nappa   : PREFETCH_ON_EXTRA - setCurrentActivity - finished new prediction
08-06 02:43:55.057 23331 23331 D Nappa   : Stayed on nappagreedy.appteam.nith.hillffair.activities.LeaderBoardActivity for 4536 ms
08-06 02:43:55.062 23331 23331 D Nappa   : setCurrentActivity - MetricStrategyAccuracy - 
08-06 02:43:55.062 23331 23331 D Nappa   : madePredictionFromActivity = true, 
