08-05 12:35:16.920  4395 24314 I art     : Explicit concurrent mark sweep GC freed 1599(92KB) AllocSpace objects, 1(20KB) LOS objects, 31% free, 35MB/51MB, paused 816us total 23.650ms
08-05 12:35:16.928  4395 24314 I art     : Starting a blocking GC Explicit
08-05 12:35:16.951  4395 24314 I art     : Explicit concurrent mark sweep GC freed 28(1024B) AllocSpace objects, 0(0B) LOS objects, 31% free, 35MB/51MB, paused 749us total 22.888ms
08-05 12:35:16.958  4395 24314 I art     : Starting a blocking GC Explicit
08-05 12:35:16.982  4395 24314 I art     : Explicit concurrent mark sweep GC freed 3(96B) AllocSpace objects, 0(0B) LOS objects, 31% free, 35MB/51MB, paused 730us total 23.156ms
08-05 12:35:16.989  4395 24314 I art     : Starting a blocking GC Explicit
08-05 12:35:17.012  4395 24314 I art     : Explicit concurrent mark sweep GC freed 3(96B) AllocSpace objects, 0(0B) LOS objects, 31% free, 35MB/51MB, paused 709us total 22.723ms
08-05 12:35:17.019  4395 24314 I art     : Starting a blocking GC Explicit
08-05 12:35:17.043  4395 24314 I art     : Explicit concurrent mark sweep GC freed 3(96B) AllocSpace objects, 0(0B) LOS objects, 31% free, 35MB/51MB, paused 725us total 23.161ms
08-05 12:35:17.119 25181 25181 D AndroidRuntime: >>>>>> START com.android.internal.os.RuntimeInit uid 2000 <<<<<<
08-05 12:35:17.123 25181 25181 D AndroidRuntime: CheckJNI is OFF
08-05 12:35:17.149 25181 25181 D ICU     : No timezone override file found: /data/misc/zoneinfo/current/icu/icu_tzdata.dat
08-05 12:35:17.174 25181 25181 I Radio-JNI: register_android_hardware_Radio DONE
08-05 12:35:17.190 25181 25181 D AndroidRuntime: Calling main entry com.android.commands.input.Input
08-05 12:35:17.192 25181 25181 I Input   : injectKeyEvent: KeyEvent { action=ACTION_DOWN, keyCode=KEYCODE_BACK, scanCode=0, metaState=0, flags=0x0, repeatCount=0, eventTime=794133605, downTime=794133605, deviceId=-1, source=0x101 }
08-05 12:35:17.207 25181 25181 I Input   : injectKeyEvent: KeyEvent { action=ACTION_UP, keyCode=KEYCODE_BACK, scanCode=0, metaState=0, flags=0x0, repeatCount=0, eventTime=794133605, downTime=794133605, deviceId=-1, source=0x101 }
08-05 12:35:17.212  4395  4395 D NappaLifecycleObserver: nappagreedy.com.newsblur.activity.GlobalSharedStoriesReading - onPause
08-05 12:35:17.212  4395  4395 D Nappa   : Stayed on nappagreedy.com.newsblur.activity.GlobalSharedStoriesReading for 12344 ms
08-05 12:35:17.213 25181 25181 D AndroidRuntime: Shutting down VM
08-05 12:35:17.279  4395  4395 D NappaLifecycleObserver: nappagreedy.com.newsblur.activity.GlobalSharedStoriesItemsList - onResume
08-05 12:35:17.280  4395  4395 D Nappa   : setCurrentActivity - MetricStrategyAccuracy - 
08-05 12:35:17.280  4395  4395 D Nappa   : madePredictionFromActivity = true, 
08-05 12:35:17.280  4395  4395 D Nappa   : fromActivity = nappagreedy.com.newsblur.activity.GlobalSharedStoriesReading, 
08-05 12:35:17.280  4395  4395 D Nappa   : predictedNextActivityFromActivity = [], 
08-05 12:35:17.280  4395  4395 D Nappa   : activity.getClass().getCanonicalName() = nappagreedy.com.newsblur.activity.GlobalSharedStoriesItemsList, 
08-05 12:35:17.280  4395  4395 D Nappa   : setCurrentActivity - MetricStrategyAccuracy - 
08-05 12:35:17.280  4395  4395 D Nappa   : madePredictionFromExtra = false, 
08-05 12:35:17.280  4395  4395 D Nappa   : fromActivity = nappagreedy.com.newsblur.activity.GlobalSharedStoriesReading, 
08-05 12:35:17.280  4395  4395 D Nappa   : predictedNextActivityFromExtra = [], 
08-05 12:35:17.280  4395  4395 D Nappa   : activity.getClass().getCanonicalName() = nappagreedy.com.newsblur.activity.GlobalSharedStoriesItemsList, 
08-05 12:35:17.280  4395  4395 D Nappa   : PREFETCH_ON_EXTRA - setCurrentActivity - logs - from activity - made prediction istrue
08-05 12:35:17.280  4395  4395 D Nappa   : PREFETCH_ON_EXTRA - setCurrentActivity - logs - from activity - start
08-05 12:35:17.280  4395  4395 I NAPPA_EXPERIMENTATION: MetricStrategyAccuracy: LOG_ID='4',EXECUTION_COUNT='4',CASES_COUNT='4',HIT_PERCENTAGE_TOTAL='50.0',HIT_PERCENTAGE_WHEN_PREDICTED='100.0',HIT_COUNT='2',MISS_COUNT='0',INSUFFICIENT_SCORE_COUNT='1',EXCEPTION_COUNT='0',NO_SUCCESSOR_COUNT='1',
08-05 12:35:17.280  4395  4395 D Nappa   : PREFETCH_ON_EXTRA - setCurrentActivity - logs - from activity- finished
08-05 12:35:17.311  4395 24560 I art     : Starting a blocking GC Explicit
08-05 12:35:17.333  4395 24560 I art     : Explicit concurrent mark sweep GC freed 2518(189KB) AllocSpace objects, 4(80KB) LOS objects, 31% free, 35MB/51MB, paused 734us total 22.083ms
08-05 12:35:17.340  4395 24560 I art     : Starting a blocking GC Explicit
08-05 12:35:17.364  4395 24560 I art     : Explicit concurrent mark sweep GC freed 82(3KB) AllocSpace objects, 0(0B) LOS objects, 31% free, 35MB/51MB, paused 797us total 23.183ms
08-05 12:35:17.371  4395 24560 I art     : Starting a blocking GC Explicit
08-05 12:35:17.380  4395  4395 D Nappa   : registerActivity: (already in) nappagreedy.com.newsblur.activity.GlobalSharedStoriesItemsList
08-05 12:35:17.380  4395  4395 D ActivityGraph: LARDataCalculatedUpdate nappagreedy.com.newsblur.activity.GlobalSharedStoriesItemsList Pagerank: 0.25 HITS-Authority: 1.0 HITS-Hub: 1.0 SALSA-Authority: 1.0 SALSA-Hub: 1.0
08-05 12:35:17.380  4395  4395 D Nappa   : SHOULD_PREFETCH false
08-05 12:35:17.380  4395  4395 D Nappa   : STATS Number of requests not prefetched: 8
08-05 12:35:17.381  4395  4395 D Nappa   : STATS Number of requests prefetched: 0
08-05 12:35:17.381  4395  4395 D Nappa   : STATS Time saved until now: 0.0
08-05 12:35:17.394  4395 24560 I art     : Explicit concurrent mark sweep GC freed 221(9KB) AllocSpace objects, 0(0B) LOS objects, 31% free, 35MB/51MB, paused 731us total 23.313ms
08-05 12:35:17.402  4395 24560 I art     : Starting a blocking GC Explicit
08-05 12:35:17.409  4395  4395 D ActivityNode: Observer - visit time - GlobalSharedStoriesReading - New aggregate visit time found is 76428 ms
08-05 12:35:17.410  4395 25208 D Nappa   : TAG okHttpClient initialized
08-05 12:35:17.419  4395 25208 D CustomInterceptor: NETWORK-PROVIDER https://www.newsblur.com/social/river_stories?order=newest&page=2&read_filter=all&global_feed=true
08-05 12:35:17.420  4395 25208 D Nappa   : F1_SCORE add_intercept_url - (new) - https://www.newsblur.com/social/river_stories?order=newest&page=2&read_filter=all&global_feed=true
08-05 12:35:17.420  4395 25208 D Nappa   : F1_SCORE add_fn_url - (new) - https://www.newsblur.com/social/river_stories?order=newest&page=2&read_filter=all&global_feed=true
08-05 12:35:17.420  4395 25208 D Nappa   : -------------F1_SCORE #19 -----------
08-05 12:35:17.420  4395 25208 D Nappa   : F1_SCORE - Intercept list (12)= [https://www.newsblur.com/reader/feeds/?update_counts=true, https://www.newsblur.com/reader/unread_story_hashes?include_timestamps=1, https://www.newsblur.com/social/river_stories?order=newest&page=1&read_filter=all&global_feed=true, https://www.newsblur.com/rss_feeds/icon/0, https://s3.amazonaws.com/icons.newsblur.com/6882243.png, https://s3.amazonaws.com/icons.newsblur.com/18178.png, https://s3.amazonaws.com/icons.newsblur.com/5762506.png, http://feeds.feedburner.com/~r/retort/~4/UffaFMiJbNs, https://images.fastcompany.net/image/upload/w_1280,q_auto,f_auto,fl_lossy/wp-cms/uploads/2020/07/p-1-90532920-this-chart-shows-how-effective-masks-can-be.png, https://www.gravatar.com/avatar/f5934485a0863578733c447016505547, https://www.gravatar.com/avatar/f5934485a0863578733c447016505547, https://www.newsblur.com/social/river_stories?order=newest&page=2&read_filter=all&global_feed=true]
08-05 12:35:17.420  4395 25208 D Nappa   : F1_SCORE - Prefetch list (0)= []
08-05 12:35:17.420  4395 25208 D Nappa   : F1_SCORE - TP list (0)= []
08-05 12:35:17.420  4395 25208 D Nappa   : F1_SCORE - FN list (11)= [https://www.newsblur.com/reader/feeds/?update_counts=true, https://www.newsblur.com/reader/unread_story_hashes?include_timestamps=1, https://www.newsblur.com/social/river_stories?order=newest&page=1&read_filter=all&global_feed=true, https://www.newsblur.com/rss_feeds/icon/0, https://s3.amazonaws.com/icons.newsblur.com/6882243.png, https://s3.amazonaws.com/icons.newsblur.com/18178.png, https://s3.amazonaws.com/icons.newsblur.com/5762506.png, http://feeds.feedburner.com/~r/retort/~4/UffaFMiJbNs, https://images.fastcompany.net/image/upload/w_1280,q_auto,f_auto,fl_lossy/wp-cms/uploads/2020/07/p-1-90532920-this-chart-shows-how-effective-masks-can-be.png, https://www.gravatar.com/avatar/f5934485a0863578733c447016505547, https://www.newsblur.com/social/river_stories?order=newest&page=2&read_filter=all&global_feed=true]
08-05 12:35:17.420  4395 25208 I NAPPA_EXPERIMENTATION: MetricPrefetchingAccuracy: LOG_ID='20',F1_SCORE_1='0.0',F1_SCORE_2='0.0',TRUE_POSITIVE='0',FALSE_POSITIVE='0',FALSE_NEGATIVE='11',
08-05 12:35:17.420  4395 25208 D CustomInterceptor: HEADER REQUEST
08-05 12:35:17.420  4395 25208 D CustomInterceptor: Cache-Control max-age=300, max-stale=300
08-05 12:35:17.420  4395 25208 D CustomInterceptor: Cookie newsblur_sessionid=qlbd3ilzka7q9q07v2htr96j75kh6za7; Domain=.newsblur.com; expires=Thu, 04 Aug 2022 22:30:33 GMT; Max-Age=63072000; Path=/
08-05 12:35:17.420  4395 25208 D CustomInterceptor: User-Agent NewsBlur Android app (Huawei Nexus 6P 6.0 9.0b1)
08-05 12:35:17.420  4395 25208 D CustomInterceptor: CACHED STATS: size = '8', maxSize = '100', hitCount = '8', createCount = '0', putCount = '8', evictionCount = '0', missCount = '22', toString = 'LruCache[maxSize=100,hits=8,misses=22,hitRate=26%]', 
08-05 12:35:17.420  4395 25208 D CustomInterceptor: PREFLIB NOT A GET REQUEST OR NOT IN CACHEGET
08-05 12:35:17.427  4395 24560 I art     : Explicit concurrent mark sweep GC freed 2686(256KB) AllocSpace objects, 5(100KB) LOS objects, 31% free, 35MB/51MB, paused 1.024ms total 25.353ms
08-05 12:35:17.434  4395 24560 I art     : Starting a blocking GC Explicit
08-05 12:35:17.449 13866 13866 I GoogleInputMethodServic: GoogleInputMethodService.onFinishInput():3138 
08-05 12:35:17.450 13866 13866 I GoogleInputMethodServic: GoogleInputMethodService.onStartInput():1808 
08-05 12:35:17.458  4395 24560 I art     : Explicit concurrent mark sweep GC freed 381(33KB) AllocSpace objects, 1(20KB) LOS objects, 31% free, 35MB/51MB, paused 1.087ms total 23.409ms
08-05 12:35:17.520  4395 24295 D Nappa   : registerActivity: (already in) nappagreedy.com.newsblur.activity.GlobalSharedStoriesItemsList
08-05 12:35:17.520  4395 24295 D Nappa   : PARENTS 
08-05 12:35:17.520  4395 24295 D Nappa   : Of: nappagreedy.com.newsblur.activity.GlobalSharedStoriesItemsList -> 
08-05 12:35:17.520  4395 24295 D Nappa   : PARENTS nappagreedy.com.newsblur.activity.Main
08-05 12:35:17.520  4395 24295 D Nappa   : PARENTS has extra: (feed_set, nappagreedy.com.newsblur.util.FeedSet@e)
08-05 12:35:17.680  4395 24295 D Nappa   : PREFETCH_ON_EXTRA - setCurrentActivity - logs - from extra - made prediction isfalse
08-05 12:35:17.711  4395  4408 I art     : Starting a blocking GC Explicit
08-05 12:35:17.734  4395  4408 I art     : Explicit concurrent mark sweep GC freed 2049(124KB) AllocSpace objects, 2(48KB) LOS objects, 31% free, 35MB/51MB, paused 863us total 22.764ms
08-05 12:35:17.742  4395  4395 D NappaLifecycleObserver: nappagreedy.com.newsblur.activity.GlobalSharedStoriesReading - onDestroy
08-05 12:35:17.746  4395  4395 D NappaLifecycleObserver: -------------F1_SCORE #20 -----------
08-05 12:35:17.746  4395  4395 D NappaLifecycleObserver: F1_SCORE - Intercept list (12)= [https://www.newsblur.com/reader/feeds/?update_counts=true, https://www.newsblur.com/reader/unread_story_hashes?include_timestamps=1, https://www.newsblur.com/social/river_stories?order=newest&page=1&read_filter=all&global_feed=true, https://www.newsblur.com/rss_feeds/icon/0, https://s3.amazonaws.com/icons.newsblur.com/6882243.png, https://s3.amazonaws.com/icons.newsblur.com/18178.png, https://s3.amazonaws.com/icons.newsblur.com/5762506.png, http://feeds.feedburner.com/~r/retort/~4/UffaFMiJbNs, https://images.fastcompany.net/image/upload/w_1280,q_auto,f_auto,fl_lossy/wp-cms/uploads/2020/07/p-1-90532920-this-chart-shows-how-effective-masks-can-be.png, https://www.gravatar.com/avatar/f5934485a0863578733c447016505547, https://www.gravatar.com/avatar/f5934485a0863578733c447016505547, https://www.newsblur.com/social/river_stories?order=newest&page=2&read_filter=all&global_feed=true]
08-05 12:35:17.746  4395  4395 D NappaLifecycleObserver: F1_SCORE - Prefetch list (0)= []
08-05 12:35:17.746  4395  4395 D NappaLifecycleObserver: F1_SCORE - TP list (0)= []
08-05 12:35:17.746  4395  4395 D NappaLifecycleObserver: F1_SCORE - FN list (11)= [https://www.newsblur.com/reader/feeds/?update_counts=true, https://www.newsblur.com/reader/unread_story_hashes?include_timestamps=1, https://www.newsblur.com/social/river_stories?order=newest&page=1&read_filter=all&global_feed=true, https://www.newsblur.com/rss_feeds/icon/0, https://s3.amazonaws.com/icons.newsblur.com/6882243.png, https://s3.amazonaws.com/icons.newsblur.com/18178.png, https://s3.amazonaws.com/icons.newsblur.com/5762506.png, http://feeds.feedburner.com/~r/retort/~4/UffaFMiJbNs, https://images.fastcompany.net/image/upload/w_1280,q_auto,f_auto,fl_lossy/wp-cms/uploads/2020/07/p-1-90532920-this-chart-shows-how-effective-masks-can-be.png, https://www.gravatar.com/avatar/f5934485a0863578733c447016505547, https://www.newsblur.com/social/river_stories?order=newest&page=2&read_filter=all&global_feed=true]
08-05 12:35:17.746  4395  4395 I NAPPA_EXPERIMENTATION: MetricPrefetchingAccuracy: LOG_ID='21',F1_SCORE_1='0.0',F1_SCORE_2='0.0',TRUE_POSITIVE='0',FALSE_POSITIVE='0',FALSE_NEGATIVE='11',
08-05 12:35:17.747  4395  4408 I art     : Starting a blocking GC Explicit
08-05 12:35:17.768  4395  4408 I art     : Explicit concurrent mark sweep GC freed 1581(93KB) AllocSpace objects, 0(0B) LOS objects, 31% free, 35MB/51MB, paused 845us total 20.880ms
08-05 12:35:17.775  4395  4408 I art     : Starting a blocking GC Explicit
08-05 12:35:17.796  4395  4408 I art     : Explicit concurrent mark sweep GC freed 187(10KB) AllocSpace objects, 0(0B) LOS objects, 31% free, 35MB/51MB, paused 805us total 21.274ms
08-05 12:35:17.803  4395  4408 I art     : Starting a blocking GC Explicit
08-05 12:35:17.823  4395  4408 I art     : Explicit concurrent mark sweep GC freed 134(6KB) AllocSpace objects, 0(0B) LOS objects, 31% free, 35MB/51MB, paused 731us total 20.384ms
08-05 12:35:17.830  4395  4408 I art     : Starting a blocking GC Explicit
08-05 12:35:17.852  4395  4408 I art     : Explicit concurrent mark sweep GC freed 5(160B) AllocSpace objects, 0(0B) LOS objects, 31% free, 35MB/51MB, paused 904us total 21.934ms
08-05 12:35:18.037  4395 25208 D CustomInterceptor: CACHE_CONTROL SETTING NEW MAX-AGE
08-05 12:35:18.038  4395 25208 D CustomInterceptor: HEADER RESPONSE
08-05 12:35:18.038  4395 25208 D CustomInterceptor: Cache-Control public, immutable, max-age=300, only-if-cached, max-stale=300
08-05 12:35:18.038  4395 25208 D CustomInterceptor: Connection close
08-05 12:35:18.038  4395 25208 D CustomInterceptor: Content-Type application/json
08-05 12:35:18.038  4395 25208 D CustomInterceptor: Date Wed, 05 Aug 2020 10:35:14 GMT
08-05 12:35:18.038  4395 25208 D CustomInterceptor: Expires Wed, 05 Aug 2020 10:40:18 GMT+00:00
08-05 12:35:18.038  4395 25208 D CustomInterceptor: Server gunicorn/19.7.0
08-05 12:35:18.038  4395 25208 D CustomInterceptor: Strict-Transport-Security max-age=0; includeSubDomains
08-05 12:35:18.038  4395 25208 D CustomInterceptor: Vary Cookie, Accept-Encoding
08-05 12:35:18.038  4395 25208 D CustomInterceptor: X-gunicorn-server app09
08-05 12:35:18.039  4395 25208 D CustomInterceptor: X-Marge Get ready, skanks! It's time for the truth train!
08-05 12:35:18.039  4395 25208 D CustomInterceptor: CACHEABLE true
08-05 12:35:18.039  4395 25208 D CustomInterceptor: REQ https://www.newsblur.com/social/river_stories?order=newest&page=2&read_filter=all&global_feed=true
08-05 12:35:18.039  4395 25208 D CustomInterceptor: REQ_SERV_BY net
08-05 12:35:18.039  4395 25208 D CustomInterceptor: PREFLIB Adding response to lrucache - https://www.newsblur.com/social/river_stories?order=newest&page=2&read_filter=all&global_feed=true
08-05 12:35:18.044  4395 25208 D CustomInterceptor: interceptor_finished : return_type #3 : request served from remote and added to cache
08-05 12:35:18.047  4395 25208 I NAPPA_EXPERIMENTATION: MetricNetworkRequestExecutionTime: REQUEST_DURATION_SYSTEM='628',REQUEST_DURATION_OKHTTP='0',REQUEST_SYNCHRONOUS='TRUE',RESPONSE_CODE='200',RESPONSE_METHOD='GET',RESPONSE_LENGTH_OKHTTP='53180',RESPONSE_LENGTH_HEADER='-2',REQUEST_PROTOCOL='http/1.1',REQUEST_URL='https://www.newsblur.com/social/river_stories?order=newest&page=2&read_filter=all&global_feed=true',
08-05 12:35:18.047  4395 25208 D MY_TAG  : 0, 628
08-05 12:35:18.143  4395  4407 I art     : Starting a blocking GC Explicit
08-05 12:35:18.170  4395  4407 I art     : Explicit concurrent mark sweep GC freed 37160(2MB) AllocSpace objects, 38(1248KB) LOS objects, 30% free, 35MB/51MB, paused 895us total 26.762ms
08-05 12:35:18.179  4395  4407 I art     : Starting a blocking GC Explicit
08-05 12:35:18.200  4395  4407 I art     : Explicit concurrent mark sweep GC freed 2119(238KB) AllocSpace objects, 1(20KB) LOS objects, 30% free, 35MB/51MB, paused 725us total 21.139ms
08-05 12:35:18.207  4395  4407 I art     : Starting a blocking GC Explicit
08-05 12:35:18.228  4395  4407 I art     : Explicit concurrent mark sweep GC freed 1215(54KB) AllocSpace objects, 0(0B) LOS objects, 30% free, 35MB/51MB, paused 745us total 20.699ms
08-05 12:35:18.234  4395  4407 I art     : Starting a blocking GC Explicit
08-05 12:35:18.255  4395  4407 I art     : Explicit concurrent mark sweep GC freed 5(160B) AllocSpace objects, 0(0B) LOS objects, 30% free, 35MB/51MB, paused 758us total 20.500ms
08-05 12:35:18.262  4395  4407 I art     : Starting a blocking GC Explicit
08-05 12:35:18.282  4395  4407 I art     : Explicit concurrent mark sweep GC freed 6(192B) AllocSpace objects, 0(0B) LOS objects, 30% free, 35MB/51MB, paused 667us total 20.038ms
08-05 12:35:18.557  4395  4408 I art     : Starting a blocking GC Explicit
08-05 12:35:18.580  4395  4408 I art     : Explicit concurrent mark sweep GC freed 1634(93KB) AllocSpace objects, 1(20KB) LOS objects, 30% free, 35MB/51MB, paused 698us total 21.937ms
08-05 12:35:18.587  4395  4408 I art     : Starting a blocking GC Explicit
08-05 12:35:18.609  4395  4408 I art     : Explicit concurrent mark sweep GC freed 52(1904B) AllocSpace objects, 0(0B) LOS objects, 30% free, 35MB/51MB, paused 715us total 22.372ms
08-05 12:35:18.616  4395  4408 I art     : Starting a blocking GC Explicit
08-05 12:35:18.639  4395  4408 I art     : Explicit concurrent mark sweep GC freed 6(192B) AllocSpace objects, 0(0B) LOS objects, 30% free, 35MB/51MB, paused 784us total 22.194ms
08-05 12:35:18.646  4395  4408 I art     : Starting a blocking GC Explicit
08-05 12:35:18.668  4395  4408 I art     : Explicit concurrent mark sweep GC freed 6(192B) AllocSpace objects, 0(0B) LOS objects, 30% free, 35MB/51MB, paused 943us total 22.580ms
08-05 12:35:18.677  4395  4408 I art     : Starting a blocking GC Explicit
08-05 12:35:18.698  4395  4408 I art     : Explicit concurrent mark sweep GC freed 7(224B) AllocSpace objects, 0(0B) LOS objects, 30% free, 35MB/51MB, paused 726us total 20.896ms
08-05 12:35:18.757 25240 25240 D AndroidRuntime: >>>>>> START com.android.internal.os.RuntimeInit uid 2000 <<<<<<
08-05 12:35:18.760 25240 25240 D AndroidRuntime: CheckJNI is OFF
08-05 12:35:18.784 25240 25240 D ICU     : No timezone override file found: /data/misc/zoneinfo/current/icu/icu_tzdata.dat
08-05 12:35:18.809 25240 25240 I Radio-JNI: register_android_hardware_Radio DONE
08-05 12:35:18.824 25240 25240 D AndroidRuntime: Calling main entry com.android.commands.input.Input
08-05 12:35:18.825 25240 25240 I Input   : injectMotionEvent: MotionEvent { action=ACTION_DOWN, actionButton=0, id[0]=0, x[0]=435.0, y[0]=858.0, toolType[0]=TOOL_TYPE_UNKNOWN, buttonState=0, metaState=0, flags=0x0, edgeFlags=0x0, pointerCount=1, historySize=0, eventTime=794135238, downTime=794135238, deviceId=0, source=0x1002 }
08-05 12:35:18.835 25240 25240 I Input   : injectMotionEvent: MotionEvent { action=ACTION_UP, actionButton=0, id[0]=0, x[0]=435.0, y[0]=858.0, toolType[0]=TOOL_TYPE_UNKNOWN, buttonState=0, metaState=0, flags=0x0, edgeFlags=0x0, pointerCount=1, historySize=0, eventTime=794135238, downTime=794135238, deviceId=0, source=0x1002 }
08-05 12:35:18.836 25240 25240 D AndroidRuntime: Shutting down VM
08-05 12:35:18.841  4395  4395 D NappaIntentExtras: ==================
08-05 12:35:18.841  4395  4395 D NappaIntentExtras: Log #3
08-05 12:35:18.841  4395  4395 D NappaIntentExtras: ------------------
08-05 12:35:18.841  4395  4395 D NappaIntentExtras: activity nappagreedy.com.newsblur.activity.AllSharedStoriesItemsList
08-05 12:35:18.841  4395  4395 D NappaIntentExtras: 	- No extras registered
08-05 12:35:18.841  4395  4395 D NappaIntentExtras: activity nappagreedy.com.newsblur.activity.GlobalSharedStoriesItemsList
08-05 12:35:18.841  4395  4395 D NappaIntentExtras: 	- 2 extras registered
08-05 12:35:18.841  4395  4395 D NappaIntentExtras: 	- story_hash : 0:d567e6
08-05 12:35:18.841  4395  4395 D NappaIntentExtras: 	- feed_set : nappagreedy.com.newsblur.util.FeedSet@e
08-05 12:35:18.841  4395  4395 D NappaIntentExtras: activity nappagreedy.com.newsblur.activity.GlobalSharedStoriesReading
08-05 12:35:18.841  4395  4395 D NappaIntentExtras: 	- No extras registered
08-05 12:35:18.841  4395 24295 D Nappa   : PREFETCH_ON_EXTRA - notifyExtras- start
08-05 12:35:18.841  4395  4395 D NappaIntentExtras: activity nappagreedy.com.newsblur.activity.Main
08-05 12:35:18.841  4395  4395 D NappaIntentExtras: 	- 1 extras registered
08-05 12:35:18.841  4395  4395 D NappaIntentExtras: 	- feed_set : nappagreedy.com.newsblur.util.FeedSet@e
08-05 12:35:18.841  4395  4395 D NappaIntentExtras: activity nappagreedy.com.newsblur.activity.AllSharedStoriesReading
08-05 12:35:18.841  4395  4395 D NappaIntentExtras: 	- No extras registered
08-05 12:35:18.841  4395  4395 D NappaIntentExtras: ==================
08-05 12:35:18.842  4395 24295 I NAPPA_EXPERIMENTATION: MetricNappaPrefetchingStrategyExecutionTime: STRATEGY_CLASS='GreedyPrefetchingStrategyOnVisitFrequencyAndTime',DURATION='436823',NUMBER_OF_URLS='0',NUMBER_OF_SELECTED_CHILDREN_NODES='1',NUMBER_OF_CHILDREN_NODES='1',STRATEGY_RUN_SUCCESSFULLY='True',
08-05 12:35:18.842  4395 24295 D GreedyPrefetchingStrategyOnVisitFrequencyAndTime: ==================================
08-05 12:35:18.842   512  2967 D audio_hw_primary: out_set_parameters: enter: usecase(1: low-latency-playback) kvpairs: routing=2
08-05 12:35:18.842  4395 24295 D GreedyPrefetchingStrategyOnVisitFrequencyAndTime: Starting Run #5
08-05 12:35:18.843  4395 24295 D GreedyPrefetchingStrategyOnVisitFrequencyAndTime: ----------------------------------
08-05 12:35:18.843  4395 24295 D GreedyPrefetchingStrategyOnVisitFrequencyAndTime: Node data GlobalSharedStoriesItemsList 
08-05 12:35:18.843  4395 24295 D GreedyPrefetchingStrategyOnVisitFrequencyAndTime: 	Successors:
08-05 12:35:18.843  4395 24295 D GreedyPrefetchingStrategyOnVisitFrequencyAndTime: 		GlobalSharedStoriesReading (1 hits)
08-05 12:35:18.843  4395 24295 D GreedyPrefetchingStrategyOnVisitFrequencyAndTime: 	Ancestors:
08-05 12:35:18.843  4395 24295 D GreedyPrefetchingStrategyOnVisitFrequencyAndTime: 		Main (0 hits)
08-05 12:35:18.843  4395 24295 D GreedyPrefetchingStrategyOnVisitFrequencyAndTime: 
08-05 12:35:18.843  4395 24295 D GreedyPrefetchingStrategyOnVisitFrequencyAndTime: MetricStrategyAccuracy inc execution count5 | act = false; extra = true
08-05 12:35:18.843  4395 24295 D GreedyPrefetchingStrategyOnVisitFrequencyAndTime: ------------- Recursion #1 -----------
08-05 12:35:18.843  4395 24295 D GreedyPrefetchingStrategyOnVisitFrequencyAndTime: Best successors so far []
08-05 12:35:18.843  4395 24295 D GreedyPrefetchingStrategyOnVisitFrequencyAndTime: Checking node GlobalSharedStoriesItemsList with 1 successors
08-05 12:35:18.843  4395 24295 D GreedyPrefetchingStrategyOnVisitFrequencyAndTime: Check successor GlobalSharedStoriesReading
08-05 12:35:18.843   918  4400 I ActivityManager: START u0 {cmp=nappagreedy.com.newsblur/.activity.GlobalSharedStoriesReading (has extras)} from uid 10679 on display 0
08-05 12:35:18.843  4395 24295 D GreedyPrefetchingStrategyOnVisitFrequencyAndTime: Data:
08-05 12:35:18.843  4395 24295 D GreedyPrefetchingStrategyOnVisitFrequencyAndTime: 	- Successor time = 76428.0
08-05 12:35:18.843  4395 24295 D GreedyPrefetchingStrategyOnVisitFrequencyAndTime: 	- Successor frequency = 10
08-05 12:35:18.843  4395 24295 D GreedyPrefetchingStrategyOnVisitFrequencyAndTime: 	- Aggregated time = 76428.0
08-05 12:35:18.843  4395 24295 D GreedyPrefetchingStrategyOnVisitFrequencyAndTime: 	- Aggregated frequency = 10
08-05 12:35:18.843  4395 24295 D GreedyPrefetchingStrategyOnVisitFrequencyAndTime: Calculated scores:
08-05 12:35:18.843  4395 24295 D GreedyPrefetchingStrategyOnVisitFrequencyAndTime: 	- Parent score = 1.0
08-05 12:35:18.844  4395 24295 D GreedyPrefetchingStrategyOnVisitFrequencyAndTime: 	- Successor time score = 0.5
08-05 12:35:18.844  4395 24295 D GreedyPrefetchingStrategyOnVisitFrequencyAndTime: 	- Successor frequency score = 0.5
08-05 12:35:18.844  4395 24295 D GreedyPrefetchingStrategyOnVisitFrequencyAndTime: 	- Successor final score = 1.0
08-05 12:35:18.844  4395 24295 D GreedyPrefetchingStrategyOnVisitFrequencyAndTime: Switch best successor
08-05 12:35:18.844  4395 24295 D GreedyPrefetchingStrategyOnVisitFrequencyAndTime: GlobalSharedStoriesItemsList best successor is GlobalSharedStoriesReading with score 1.0 containing the URLS []
08-05 12:35:18.844  4395 24295 D GreedyPrefetchingStrategyOnVisitFrequencyAndTime: ------------- Recursion #2 -----------
08-05 12:35:18.844  4395 24295 D GreedyPrefetchingStrategyOnVisitFrequencyAndTime: Best successors so far [GlobalSharedStoriesReading]
08-05 12:35:18.844  4395 24295 D GreedyPrefetchingStrategyOnVisitFrequencyAndTime: Checking node GlobalSharedStoriesReading with 0 successors
08-05 12:35:18.844  4395 24295 D GreedyPrefetchingStrategyOnVisitFrequencyAndTime: this node has no successors
08-05 12:35:18.844  4395 24295 D GreedyPrefetchingStrategyOnVisitFrequencyAndTime: Next visited child will be [nappagreedy.com.newsblur.activity.GlobalSharedStoriesReading]
08-05 12:35:18.844  4395 24295 D GreedyPrefetchingStrategyOnVisitFrequencyAndTime: ==================================
08-05 12:35:18.844  4395 24295 D Nappa   : PREFETCH_ON_EXTRA - notifyExtras- end
08-05 12:35:18.844  4395 24295 D Nappa   : PREFSTRAT2 ADDING NEW ACTEXTRADATA
08-05 12:35:18.850  4395 24295 D Nappa   : PREFSTRAT2 ADDING NEW ACTEXTRADATA
08-05 12:35:18.852  4395  4395 D ActivityNode: Observer - intent extra - Main
08-05 12:35:18.852  4395  4395 D ActivityNode: Extras:
08-05 12:35:18.852  4395  4395 D ActivityNode: 	activity ID 1( key feed_set)
08-05 12:35:18.852  4395  4395 D ActivityNode: 	activity ID 1( key feed_set)
08-05 12:35:18.852  4395  4395 D ActivityNode: 	activity ID 1( key feed_set)
08-05 12:35:18.852  4395  4395 D ActivityNode: 	activity ID 1( key feed_set)
08-05 12:35:18.852  4395  4395 D ActivityNode: 	activity ID 1( key feed_set)
08-05 12:35:18.852  4395  4395 D ActivityNode: 	activity ID 1( key feed_set)
08-05 12:35:18.852  4395  4395 D ActivityNode: 	activity ID 1( key feed_set)
08-05 12:35:18.852  4395  4395 D ActivityNode: 	activity ID 1( key feed_set)
08-05 12:35:18.852  4395  4395 D ActivityNode: 	activity ID 1( key feed_set)
08-05 12:35:18.852  4395  4395 D ActivityNode: 	activity ID 1( key feed_set)
08-05 12:35:18.852  4395  4395 D ActivityNode: 	activity ID 1( key feed_set)
08-05 12:35:18.852  4395  4395 D ActivityNode: 	activity ID 1( key feed_set)
08-05 12:35:18.852  4395  4395 D ActivityNode: 	activity ID 1( key feed_set)
08-05 12:35:18.852  4395  4395 D ActivityNode: Observer - intent extra - GlobalSharedStoriesReading
08-05 12:35:18.852  4395  4395 D ActivityNode: Extras:
08-05 12:35:18.852  4395  4395 D ActivityNode: Observer - intent extra - GlobalSharedStoriesItemsList
08-05 12:35:18.852  4395  4395 D ActivityNode: Extras:
08-05 12:35:18.852  4395  4395 D ActivityNode: 	activity ID 2( key feed_set)
08-05 12:35:18.852  4395  4395 D ActivityNode: 	activity ID 2( key story_hash)
08-05 12:35:18.852  4395  4395 D ActivityNode: 	activity ID 2( key feed_set)
08-05 12:35:18.852  4395  4395 D ActivityNode: 	activity ID 2( key story_hash)
08-05 12:35:18.852  4395  4395 D ActivityNode: 	activity ID 2( key feed_set)
08-05 12:35:18.852  4395  4395 D ActivityNode: 	activity ID 2( key story_hash)
08-05 12:35:18.852  4395  4395 D ActivityNode: 	activity ID 2( key feed_set)
08-05 12:35:18.852  4395  4395 D ActivityNode: 	activity ID 2( key story_hash)
08-05 12:35:18.852  4395  4395 D ActivityNode: 	activity ID 2( key feed_set)
08-05 12:35:18.852  4395  4395 D ActivityNode: 	activity ID 2( key story_hash)
08-05 12:35:18.852  4395  4395 D ActivityNode: 	activity ID 2( key feed_set)
08-05 12:35:18.852  4395  4395 D ActivityNode: 	activity ID 2( key story_hash)
08-05 12:35:18.852  4395  4395 D ActivityNode: 	activity ID 2( key feed_set)
08-05 12:35:18.852  4395  4395 D ActivityNode: 	activity ID 2( key story_hash)
08-05 12:35:18.852  4395  4395 D ActivityNode: 	activity ID 2( key feed_set)
08-05 12:35:18.852  4395  4395 D ActivityNode: 	activity ID 2( key story_hash)
08-05 12:35:18.852  4395  4395 D ActivityNode: 	activity ID 2( key feed_set)
08-05 12:35:18.852  4395  4395 D ActivityNode: 	activity ID 2( key story_hash)
08-05 12:35:18.852  4395  4395 D ActivityNode: 	activity ID 2( key feed_set)
08-05 12:35:18.852  4395  4395 D ActivityNode: 	activity ID 2( key story_hash)
08-05 12:35:18.852  4395  4395 D ActivityNode: 	activity ID 2( key feed_set)
08-05 12:35:18.852  4395  4395 D ActivityNode: Observer - intent extra - AllSharedStoriesReading
08-05 12:35:18.852  4395  4395 D ActivityNode: Extras:
08-05 12:35:18.852  4395  4395 D ActivityNode: Observer - intent extra - AllSharedStoriesItemsList
08-05 12:35:18.852  4395  4395 D ActivityNode: Extras:
08-05 12:35:18.852  4395  4395 D ActivityNode: 	activity ID 4( key feed_set)
08-05 12:35:18.852  4395  4395 D ActivityNode: 	activity ID 4( key story_hash)
08-05 12:35:18.852  4395  4395 D ActivityNode: 	activity ID 4( key feed_set)
08-05 12:35:18.852  4395  4395 D ActivityNode: 	activity ID 4( key story_hash)
08-05 12:35:18.852  4395  4395 D ActivityNode: 	activity ID 4( key feed_set)
08-05 12:35:18.852  4395  4395 D ActivityNode: 	activity ID 4( key story_hash)
08-05 12:35:18.852  4395  4395 D ActivityNode: 	activity ID 4( key feed_set)
08-05 12:35:18.852  4395  4395 D ActivityNode: 	activity ID 4( key story_hash)
08-05 12:35:18.852  4395  4395 D ActivityNode: 	activity ID 4( key feed_set)
08-05 12:35:18.852  4395  4395 D ActivityNode: 	activity ID 4( key story_hash)
08-05 12:35:18.852  4395  4395 D ActivityNode: 	activity ID 4( key feed_set)
08-05 12:35:18.852  4395  4395 D ActivityNode: 	activity ID 4( key story_hash)
08-05 12:35:18.852  4395  4395 D ActivityNode: 	activity ID 4( key feed_set)
08-05 12:35:18.852  4395  4395 D ActivityNode: 	activity ID 4( key story_hash)
08-05 12:35:18.852  4395  4395 D ActivityNode: 	activity ID 4( key feed_set)
08-05 12:35:18.852  4395  4395 D ActivityNode: 	activity ID 4( key story_hash)
08-05 12:35:18.852  4395  4395 D ActivityNode: 	activity ID 4( key feed_set)
08-05 12:35:18.852  4395  4395 D ActivityNode: 	activity ID 4( key story_hash)
08-05 12:35:18.854  4395  4395 D ActivityNode: Observer - intent extra - GlobalSharedStoriesReading
08-05 12:35:18.854  4395  4395 D ActivityNode: Extras:
08-05 12:35:18.855  4395  4395 D ActivityNode: Observer - intent extra - Main
08-05 12:35:18.855  4395  4395 D ActivityNode: Extras:
08-05 12:35:18.855  4395  4395 D ActivityNode: 	activity ID 1( key feed_set)
08-05 12:35:18.855  4395  4395 D ActivityNode: 	activity ID 1( key feed_set)
08-05 12:35:18.855  4395  4395 D ActivityNode: 	activity ID 1( key feed_set)
08-05 12:35:18.855  4395  4395 D ActivityNode: 	activity ID 1( key feed_set)
08-05 12:35:18.855  4395  4395 D ActivityNode: 	activity ID 1( key feed_set)
08-05 12:35:18.855  4395  4395 D ActivityNode: 	activity ID 1( key feed_set)
08-05 12:35:18.855  4395  4395 D ActivityNode: 	activity ID 1( key feed_set)
08-05 12:35:18.855  4395  4395 D ActivityNode: 	activity ID 1( key feed_set)
08-05 12:35:18.855  4395  4395 D ActivityNode: 	activity ID 1( key feed_set)
08-05 12:35:18.855  4395  4395 D ActivityNode: 	activity ID 1( key feed_set)
08-05 12:35:18.855  4395  4395 D ActivityNode: 	activity ID 1( key feed_set)
08-05 12:35:18.855  4395  4395 D ActivityNode: 	activity ID 1( key feed_set)
08-05 12:35:18.855  4395  4395 D ActivityNode: 	activity ID 1( key feed_set)
08-05 12:35:18.855  4395  4395 D ActivityNode: Observer - intent extra - GlobalSharedStoriesItemsList
08-05 12:35:18.855  4395  4395 D ActivityNode: Extras:
08-05 12:35:18.855  4395  4395 D ActivityNode: 	activity ID 2( key feed_set)
08-05 12:35:18.855  4395  4395 D ActivityNode: 	activity ID 2( key story_hash)
08-05 12:35:18.855  4395  4395 D ActivityNode: 	activity ID 2( key feed_set)
08-05 12:35:18.855  4395  4395 D ActivityNode: 	activity ID 2( key story_hash)
08-05 12:35:18.855  4395  4395 D ActivityNode: 	activity ID 2( key feed_set)
08-05 12:35:18.855  4395  4395 D ActivityNode: 	activity ID 2( key story_hash)
08-05 12:35:18.855  4395  4395 D ActivityNode: 	activity ID 2( key feed_set)
08-05 12:35:18.855  4395  4395 D ActivityNode: 	activity ID 2( key story_hash)
08-05 12:35:18.855  4395  4395 D ActivityNode: 	activity ID 2( key feed_set)
08-05 12:35:18.855  4395  4395 D ActivityNode: 	activity ID 2( key story_hash)
08-05 12:35:18.855  4395  4395 D ActivityNode: 	activity ID 2( key feed_set)
08-05 12:35:18.855  4395  4395 D ActivityNode: 	activity ID 2( key story_hash)
08-05 12:35:18.855  4395  4395 D ActivityNode: 	activity ID 2( key feed_set)
08-05 12:35:18.855  4395  4395 D ActivityNode: 	activity ID 2( key story_hash)
08-05 12:35:18.855  4395  4395 D ActivityNode: 	activity ID 2( key feed_set)
08-05 12:35:18.855  4395  4395 D ActivityNode: 	activity ID 2( key story_hash)
08-05 12:35:18.855  4395  4395 D ActivityNode: 	activity ID 2( key feed_set)
08-05 12:35:18.855  4395  4395 D ActivityNode: 	activity ID 2( key story_hash)
08-05 12:35:18.855  4395  4395 D ActivityNode: 	activity ID 2( key feed_set)
08-05 12:35:18.855  4395  4395 D ActivityNode: 	activity ID 2( key story_hash)
08-05 12:35:18.855  4395  4395 D ActivityNode: 	activity ID 2( key feed_set)
08-05 12:35:18.855  4395  4395 D ActivityNode: 	activity ID 2( key story_hash)
08-05 12:35:18.855   512  2967 D audio_hw_primary: select_devices: out_snd_device(2: speaker) in_snd_device(0: none)
08-05 12:35:18.855  4395  4395 D ActivityNode: Observer - intent extra - AllSharedStoriesItemsList
08-05 12:35:18.855  4395  4395 D ActivityNode: Extras:
08-05 12:35:18.855  4395  4395 D ActivityNode: 	activity ID 4( key feed_set)
08-05 12:35:18.855  4395  4395 D ActivityNode: 	activity ID 4( key story_hash)
08-05 12:35:18.855  4395  4395 D ActivityNode: 	activity ID 4( key feed_set)
08-05 12:35:18.855  4395  4395 D ActivityNode: 	activity ID 4( key story_hash)
08-05 12:35:18.855  4395  4395 D ActivityNode: 	activity ID 4( key feed_set)
08-05 12:35:18.855  4395  4395 D ActivityNode: 	activity ID 4( key story_hash)
08-05 12:35:18.855  4395  4395 D ActivityNode: 	activity ID 4( key feed_set)
08-05 12:35:18.855  4395  4395 D ActivityNode: 	activity ID 4( key story_hash)
08-05 12:35:18.855  4395  4395 D ActivityNode: 	activity ID 4( key feed_set)
08-05 12:35:18.855  4395  4395 D ActivityNode: 	activity ID 4( key story_hash)
08-05 12:35:18.855  4395  4395 D ActivityNode: 	activity ID 4( key feed_set)
08-05 12:35:18.855  4395  4395 D ActivityNode: 	activity ID 4( key story_hash)
08-05 12:35:18.855  4395  4395 D ActivityNode: 	activity ID 4( key feed_set)
08-05 12:35:18.855  4395  4395 D ActivityNode: 	activity ID 4( key story_hash)
08-05 12:35:18.855  4395  4395 D ActivityNode: 	activity ID 4( key feed_set)
08-05 12:35:18.855  4395  4395 D ActivityNode: 	activity ID 4( key story_hash)
08-05 12:35:18.855  4395  4395 D ActivityNode: 	activity ID 4( key feed_set)
08-05 12:35:18.855  4395  4395 D ActivityNode: 	activity ID 4( key story_hash)
08-05 12:35:18.855   512  2967 D msm8974_platform: platform_send_audio_calibration: sending audio calibration for snd_device(2) acdb_id(15)
08-05 12:35:18.855  4395  4395 D ActivityNode: Observer - intent extra - AllSharedStoriesReading
08-05 12:35:18.855  4395  4395 D ActivityNode: Extras:
08-05 12:35:18.855   512  2967 I soundtrigger: audio_extn_sound_trigger_update_device_status: device 0x2 of type 0 for Event 1
08-05 12:35:18.857  4395  4395 D NappaLifecycleObserver: nappagreedy.com.newsblur.activity.GlobalSharedStoriesItemsList - onPause
08-05 12:35:18.857  4395  4395 D Nappa   : Stayed on nappagreedy.com.newsblur.activity.GlobalSharedStoriesItemsList for 1476 ms
08-05 12:35:18.864  4395  4395 D ActivityNode: Observer - visit time - GlobalSharedStoriesItemsList - New aggregate visit time found is 88087 ms
08-05 12:35:18.867   512  2967 D audio_hw_primary: enable_snd_device: snd_device(2: speaker)
08-05 12:35:18.868   512  2967 D audio_hw_primary: enable_audio_route: apply and update mixer path: low-latency-playback speaker
08-05 12:35:18.955  4395 24560 I art     : Starting a blocking GC Explicit
08-05 12:35:18.961  4395  4395 D NappaLifecycleObserver: nappagreedy.com.newsblur.activity.GlobalSharedStoriesReading - onResume
08-05 12:35:18.961  4395  4395 D Nappa   : setCurrentActivity - MetricStrategyAccuracy - 
08-05 12:35:18.961  4395  4395 D Nappa   : madePredictionFromActivity = false, 
08-05 12:35:18.961  4395  4395 D Nappa   : fromActivity = nappagreedy.com.newsblur.activity.GlobalSharedStoriesItemsList, 
08-05 12:35:18.961  4395  4395 D Nappa   : predictedNextActivityFromActivity = [], 
08-05 12:35:18.961  4395  4395 D Nappa   : activity.getClass().getCanonicalName() = nappagreedy.com.newsblur.activity.GlobalSharedStoriesReading, 
08-05 12:35:18.961  4395  4395 D Nappa   : setCurrentActivity - MetricStrategyAccuracy - 
08-05 12:35:18.961  4395  4395 D Nappa   : madePredictionFromExtra = true, 
08-05 12:35:18.961  4395  4395 D Nappa   : fromActivity = nappagreedy.com.newsblur.activity.GlobalSharedStoriesItemsList, 
08-05 12:35:18.961  4395  4395 D Nappa   : predictedNextActivityFromExtra = [nappagreedy.com.newsblur.activity.GlobalSharedStoriesReading], 
08-05 12:35:18.961  4395  4395 D Nappa   : activity.getClass().getCanonicalName() = nappagreedy.com.newsblur.activity.GlobalSharedStoriesReading, 
08-05 12:35:18.961  4395  4395 D Nappa   : PREFETCH_ON_EXTRA - setCurrentActivity - logs - from activity - made prediction isfalse
08-05 12:35:18.983  4395 24560 I art     : Explicit concurrent mark sweep GC freed 4360(361KB) AllocSpace objects, 6(548KB) LOS objects, 30% free, 35MB/51MB, paused 863us total 27.598ms
08-05 12:35:18.991  4395 24560 I art     : Starting a blocking GC Explicit
08-05 12:35:19.018  4395 24560 I art     : Explicit concurrent mark sweep GC freed 682(28KB) AllocSpace objects, 0(0B) LOS objects, 30% free, 35MB/51MB, paused 987us total 26.507ms
08-05 12:35:19.026  4395 24560 I art     : Starting a blocking GC Explicit
08-05 12:35:19.052  4395 24560 I art     : Explicit concurrent mark sweep GC freed 3(96B) AllocSpace objects, 0(0B) LOS objects, 30% free, 35MB/51MB, paused 1.016ms total 25.958ms
08-05 12:35:19.060  4395 24560 I art     : Starting a blocking GC Explicit
08-05 12:35:19.062  4395  4395 D Nappa   : registerActivity: (already in) nappagreedy.com.newsblur.activity.GlobalSharedStoriesReading
08-05 12:35:19.062  4395  4395 D ActivityNode: ACTNODE UPDATING AFTER LOADING FROM DB
08-05 12:35:19.062  4395  4395 D ActivityGraph: LARDataCalculatedUpdate nappagreedy.com.newsblur.activity.GlobalSharedStoriesReading Pagerank: 0.25 HITS-Authority: 1.0 HITS-Hub: 1.0 SALSA-Authority: 1.0 SALSA-Hub: 1.0
08-05 12:35:19.062  4395  4395 D Nappa   : SHOULD_PREFETCH true
08-05 12:35:19.086  4395 24560 I art     : Explicit concurrent mark sweep GC freed 69(3KB) AllocSpace objects, 0(0B) LOS objects, 30% free, 35MB/51MB, paused 864us total 26.341ms
08-05 12:35:19.094  4395 24560 I art     : Starting a blocking GC Explicit
08-05 12:35:19.120  4395 24560 I art     : Explicit concurrent mark sweep GC freed 23(960B) AllocSpace objects, 0(0B) LOS objects, 30% free, 35MB/51MB, paused 808us total 25.918ms
08-05 12:35:19.162  4395  4395 D Nappa   : registerActivity: (already in) nappagreedy.com.newsblur.activity.GlobalSharedStoriesReading
08-05 12:35:19.163  4395  4395 D Nappa   : STATS Number of requests not prefetched: 9
08-05 12:35:19.163  4395  4395 D Nappa   : STATS Number of requests prefetched: 0
08-05 12:35:19.163  4395  4395 D Nappa   : STATS Time saved until now: 0.0
08-05 12:35:19.233   918   936 I ActivityManager: Displayed nappagreedy.com.newsblur/.activity.GlobalSharedStoriesReading: +374ms
08-05 12:35:19.233 13866 13866 I GoogleInputMethodServic: GoogleInputMethodService.onFinishInput():3138 
08-05 12:35:19.234 13866 13866 I GoogleInputMethodServic: GoogleInputMethodService.onStartInput():1808 
08-05 12:35:19.235  4395  4395 D ActivityNode: Observer - session data - sourceGlobalSharedStoriesReading
08-05 12:35:19.235  4395  4395 D ActivityNode: destinations:
08-05 12:35:19.235  4395  4395 D ActivityNode: Observer - session data - sourceGlobalSharedStoriesItemsList
08-05 12:35:19.235  4395  4395 D ActivityNode: destinations:
08-05 12:35:19.235  4395  4395 D ActivityNode: 	nappagreedy.com.newsblur.activity.GlobalSharedStoriesReading( count 11)
08-05 12:35:19.235  4395  4395 D ActivityNode: Observer - session data - sourceMain
08-05 12:35:19.235  4395  4395 D ActivityNode: destinations:
08-05 12:35:19.235  4395  4395 D ActivityNode: 	nappagreedy.com.newsblur.activity.GlobalSharedStoriesItemsList( count 7)
08-05 12:35:19.235  4395  4395 D ActivityNode: 	nappagreedy.com.newsblur.activity.AllSharedStoriesItemsList( count 6)
08-05 12:35:19.235  4395  4395 D ActivityNode: Observer - session data - sourceAllSharedStoriesReading
08-05 12:35:19.235  4395  4395 D ActivityNode: destinations:
08-05 12:35:19.235  4395  4395 D ActivityNode: Observer - session data - sourceAllSharedStoriesItemsList
08-05 12:35:19.235  4395  4395 D ActivityNode: destinations:
08-05 12:35:19.235  4395  4395 D ActivityNode: 	nappagreedy.com.newsblur.activity.AllSharedStoriesReading( count 9)
08-05 12:35:19.362  4395 24295 D Nappa   : PREFETCH_ON_EXTRA - setCurrentActivity - logs - from extra - made prediction istrue
08-05 12:35:19.362  4395 24295 D Nappa   : PREFETCH_ON_EXTRA - setCurrentActivity - logs - from extra - start
08-05 12:35:19.362  4395 24295 D Nappa   : setCurrentActivity - MetricStrategyAccuracy - checking prediction VS current activity for extras
08-05 12:35:19.362  4395 24295 D GreedyPrefetchingStrategyOnVisitFrequencyAndTime: MetricStrategyAccuracy inc hits count3 | from extra
08-05 12:35:19.362  4395 24295 I NAPPA_EXPERIMENTATION: MetricStrategyAccuracy: LOG_ID='5',EXECUTION_COUNT='5',CASES_COUNT='5',HIT_PERCENTAGE_TOTAL='60.0',HIT_PERCENTAGE_WHEN_PREDICTED='100.0',HIT_COUNT='3',MISS_COUNT='0',INSUFFICIENT_SCORE_COUNT='1',EXCEPTION_COUNT='0',NO_SUCCESSOR_COUNT='1',
08-05 12:35:19.362  4395 24295 D Nappa   : PREFETCH_ON_EXTRA - setCurrentActivity - logs - from extra- finished
08-05 12:35:19.386  4395  4408 I art     : Starting a blocking GC Explicit
08-05 12:35:19.401  4395 25280 D Nappa   : TAG okHttpClient initialized
08-05 12:35:19.410   512  2967 D audio_hw_primary: disable_audio_route: reset and update mixer path: low-latency-playback speaker
08-05 12:35:19.411   512  2967 D audio_hw_primary: disable_snd_device: snd_device(2: speaker)
08-05 12:35:19.416  4395  4408 I art     : Explicit concurrent mark sweep GC freed 9514(754KB) AllocSpace objects, 19(416KB) LOS objects, 30% free, 36MB/52MB, paused 1.345ms total 29.615ms
08-05 12:35:19.416  4395 25280 D CustomInterceptor: NETWORK-PROVIDER https://www.newsblur.com/reader/mark_story_hashes_as_read/
08-05 12:35:19.416  4395 25280 D CustomInterceptor: HEADER REQUEST
08-05 12:35:19.416  4395 25280 D CustomInterceptor: Cache-Control max-age=300, max-stale=300
08-05 12:35:19.416  4395 25280 D CustomInterceptor: Cookie newsblur_sessionid=qlbd3ilzka7q9q07v2htr96j75kh6za7; Domain=.newsblur.com; expires=Thu, 04 Aug 2022 22:30:33 GMT; Max-Age=63072000; Path=/
08-05 12:35:19.416  4395 25280 D CustomInterceptor: CACHED STATS: size = '9', maxSize = '100', hitCount = '9', createCount = '0', putCount = '9', evictionCount = '0', missCount = '23', toString = 'LruCache[maxSize=100,hits=9,misses=23,hitRate=28%]', 
08-05 12:35:19.416  4395 25280 D CustomInterceptor: PREFLIB NOT A GET REQUEST OR NOT IN CACHEPOST
08-05 12:35:19.421   512  2967 I soundtrigger: audio_extn_sound_trigger_update_device_status: device 0x2 of type 0 for Event 0
08-05 12:35:19.424  4395  4408 I art     : Starting a blocking GC Explicit
08-05 12:35:19.451  4395  4408 I art     : Explicit concurrent mark sweep GC freed 3562(254KB) AllocSpace objects, 3(68KB) LOS objects, 30% free, 36MB/52MB, paused 981us total 27.419ms
08-05 12:35:19.460  4395  4408 I art     : Starting a blocking GC Explicit
08-05 12:35:19.460  4395 24923 E chromium: [ERROR:tile_manager.cc(793)] WARNING: tile memory limits exceeded, some content may not draw
08-05 12:35:19.461  4395 24923 E chromium: [ERROR:tile_manager.cc(793)] WARNING: tile memory limits exceeded, some content may not draw
08-05 12:35:19.486  4395  4408 I art     : Explicit concurrent mark sweep GC freed 686(49KB) AllocSpace objects, 0(0B) LOS objects, 30% free, 36MB/52MB, paused 903us total 25.671ms
08-05 12:35:19.491   380   380 W SurfaceFlinger: couldn't log to binary event log: overflow.
08-05 12:35:19.493  4395  4408 I art     : Starting a blocking GC Explicit
08-05 12:35:19.517  4395  4408 I art     : Explicit concurrent mark sweep GC freed 70(5KB) AllocSpace objects, 0(0B) LOS objects, 30% free, 36MB/52MB, paused 800us total 23.509ms
08-05 12:35:19.524  4395  4408 I art     : Starting a blocking GC Explicit
08-05 12:35:19.548  4395  4408 I art     : Explicit concurrent mark sweep GC freed 9(400B) AllocSpace objects, 0(0B) LOS objects, 30% free, 36MB/52MB, paused 1.094ms total 23.483ms
08-05 12:35:19.548  4395  4406 I art     : WaitForGcToComplete blocked for 23.937ms for cause HeapTrim
08-05 12:35:19.663  4395 24295 D Nappa   : PREFETCH_ON_EXTRA - setCurrentActivity - starting new prediction
08-05 12:35:19.663  4395 24295 D Nappa   : Current node - currentActivityName - nappagreedy.com.newsblur.activity.GlobalSharedStoriesReading
08-05 12:35:19.663  4395 24295 D Nappa   : Current node - activityGraph.getCurrent() - nappagreedy.com.newsblur.activity.GlobalSharedStoriesReading
08-05 12:35:19.663  4395 24295 I NAPPA_EXPERIMENTATION: MetricNappaPrefetchingStrategyExecutionTime: STRATEGY_CLASS='GreedyPrefetchingStrategyOnVisitFrequencyAndTime',DURATION='53177',NUMBER_OF_URLS='0',NUMBER_OF_SELECTED_CHILDREN_NODES='0',NUMBER_OF_CHILDREN_NODES='0',STRATEGY_RUN_SUCCESSFULLY='True',
08-05 12:35:19.663  4395 24295 D GreedyPrefetchingStrategyOnVisitFrequencyAndTime: ==================================
08-05 12:35:19.663  4395 24295 D GreedyPrefetchingStrategyOnVisitFrequencyAndTime: Starting Run #6
08-05 12:35:19.663  4395 24295 D GreedyPrefetchingStrategyOnVisitFrequencyAndTime: ----------------------------------
08-05 12:35:19.663  4395 24295 D GreedyPrefetchingStrategyOnVisitFrequencyAndTime: Node data GlobalSharedStoriesReading 
08-05 12:35:19.663  4395 24295 D GreedyPrefetchingStrategyOnVisitFrequencyAndTime: 	Successors:
08-05 12:35:19.663  4395 24295 D GreedyPrefetchingStrategyOnVisitFrequencyAndTime: 
08-05 12:35:19.663  4395 24295 D GreedyPrefetchingStrategyOnVisitFrequencyAndTime: 	Ancestors:
08-05 12:35:19.663  4395 24295 D GreedyPrefetchingStrategyOnVisitFrequencyAndTime: 		GlobalSharedStoriesItemsList (0 hits)
08-05 12:35:19.663  4395 24295 D GreedyPrefetchingStrategyOnVisitFrequencyAndTime: 
08-05 12:35:19.663  4395 24295 D GreedyPrefetchingStrategyOnVisitFrequencyAndTime: MetricStrategyAccuracy inc execution count6 | act = true; extra = false
08-05 12:35:19.663  4395 24295 D GreedyPrefetchingStrategyOnVisitFrequencyAndTime: MetricStrategyAccuracy inc no sucessor count2 | act = true; extra = false
08-05 12:35:19.663  4395 24295 D GreedyPrefetchingStrategyOnVisitFrequencyAndTime: ------------- Recursion #1 -----------
08-05 12:35:19.663  4395 24295 D GreedyPrefetchingStrategyOnVisitFrequencyAndTime: Best successors so far []
08-05 12:35:19.663  4395 24295 D GreedyPrefetchingStrategyOnVisitFrequencyAndTime: Checking node GlobalSharedStoriesReading with 0 successors
08-05 12:35:19.663  4395 24295 D GreedyPrefetchingStrategyOnVisitFrequencyAndTime: this node has no successors
08-05 12:35:19.664  4395 24295 D GreedyPrefetchingStrategyOnVisitFrequencyAndTime: Next visited child will be []
08-05 12:35:19.664  4395 24295 D GreedyPrefetchingStrategyOnVisitFrequencyAndTime: ==================================
08-05 12:35:19.664  4395 24295 D Nappa   : PREFETCH_ON_EXTRA - setCurrentActivity - finished new prediction
08-05 12:35:19.869  4395 24314 I art     : Starting a blocking GC Explicit
08-05 12:35:19.903  4395 24314 I art     : Explicit concurrent mark sweep GC freed 2429(172KB) AllocSpace objects, 3(68KB) LOS objects, 30% free, 36MB/52MB, paused 953us total 32.745ms
08-05 12:35:19.914  4395 24314 I art     : Starting a blocking GC Explicit
08-05 12:35:19.939  4395 24314 I art     : Explicit concurrent mark sweep GC freed 1890(75KB) AllocSpace objects, 2(120KB) LOS objects, 30% free, 36MB/52MB, paused 906us total 25.206ms
08-05 12:35:19.946  4395 24314 I art     : Starting a blocking GC Explicit
