08-05 00:50:04.908 27131  9601 W System.err: 	at nappatfpr.com.newsblur.util.ImageLoader$PhotosLoader.run(ImageLoader.java:160)
08-05 00:50:04.908 27131  9601 W System.err: 	at java.util.concurrent.Executors$RunnableAdapter.call(Executors.java:423)
08-05 00:50:04.908 27131  9601 W System.err: 	at java.util.concurrent.FutureTask.run(FutureTask.java:237)
08-05 00:50:04.908 27131  9601 W System.err: 	at java.util.concurrent.ThreadPoolExecutor.runWorker(ThreadPoolExecutor.java:1113)
08-05 00:50:04.908 27131  9601 W System.err: 	at java.util.concurrent.ThreadPoolExecutor$Worker.run(ThreadPoolExecutor.java:588)
08-05 00:50:04.908 27131  9601 W System.err: 	at java.lang.Thread.run(Thread.java:818)
08-05 00:50:04.908 27131  9601 W System.err: Caused by: java.io.EOFException: \n not found: limit=0 content=
08-05 00:50:04.909 27131  9601 W System.err: 	at okio.RealBufferedSource.readUtf8LineStrict(RealBufferedSource.java:240)
08-05 00:50:04.909 27131  9601 W System.err: 	at okhttp3.internal.http1.Http1ExchangeCodec.readHeaderLine(Http1ExchangeCodec.java:242)
08-05 00:50:04.909 27131  9601 W System.err: 	at okhttp3.internal.http1.Http1ExchangeCodec.readResponseHeaders(Http1ExchangeCodec.java:213)
08-05 00:50:04.909 27131  9601 W System.err: 	... 27 more
08-05 00:50:04.909 27131  9601 D CustomInterceptor: interceptor_finished : return_type #4 : interceptor failed, resuming the request chain with the original request
08-05 00:50:04.989 27131  9357 D Nappa   : registerActivity: (already in) nappatfpr.com.newsblur.activity.GlobalSharedStoriesItemsList
08-05 00:50:04.989 27131  9357 D Nappa   : PARENTS 
08-05 00:50:04.989 27131  9357 D Nappa   : Of: nappatfpr.com.newsblur.activity.GlobalSharedStoriesItemsList -> 
08-05 00:50:04.989 27131  9357 D Nappa   : PARENTS nappatfpr.com.newsblur.activity.Main
08-05 00:50:04.990 27131  9357 D Nappa   : PARENTS has extra: (feed_set, nappatfpr.com.newsblur.util.FeedSet@e)
08-05 00:50:05.023 27131  9602 D CustomInterceptor: CACHE_CONTROL SETTING NEW MAX-AGE
08-05 00:50:05.024 27131  9602 D CustomInterceptor: HEADER RESPONSE
08-05 00:50:05.024 27131  9602 D CustomInterceptor: Accept-Ranges bytes
08-05 00:50:05.024 27131  9602 D CustomInterceptor: Cache-Control public, immutable, max-age=300, only-if-cached, max-stale=300
08-05 00:50:05.024 27131  9602 D CustomInterceptor: Content-Length 145
08-05 00:50:05.024 27131  9602 D CustomInterceptor: Content-Type image/png
08-05 00:50:05.024 27131  9602 D CustomInterceptor: Date Tue, 04 Aug 2020 22:50:01 GMT
08-05 00:50:05.024 27131  9602 D CustomInterceptor: ETag "b48046b4e0d289b5a850262f03eb2d2d"
08-05 00:50:05.025 27131  9602 D CustomInterceptor: Expires Tue, 04 Aug 2020 22:55:05 GMT+00:00
08-05 00:50:05.025 27131  9602 D CustomInterceptor: Last-Modified Mon, 03 Aug 2020 18:56:47 GMT
08-05 00:50:05.025 27131  9602 D CustomInterceptor: Server AmazonS3
08-05 00:50:05.025 27131  9602 D CustomInterceptor: x-amz-id-2 nDiDQANtDNVqEPucOfLtnn1Sx7gr+QY+8aAbQ7XZXU86Z7PKjjK674CpOsLT5+9Veg1xKpYxLtE=
08-05 00:50:05.025 27131  9602 D CustomInterceptor: x-amz-request-id 6Z1W4S4Z6X7N1J4P
08-05 00:50:05.025 27131  9602 D CustomInterceptor: CACHEABLE true
08-05 00:50:05.025 27131  9602 D CustomInterceptor: REQ https://s3.amazonaws.com/icons.newsblur.com/6882243.png
08-05 00:50:05.025 27131  9602 D CustomInterceptor: REQ_SERV_BY net
08-05 00:50:05.025 27131  9602 D CustomInterceptor: PREFLIB Adding response to lrucache - https://s3.amazonaws.com/icons.newsblur.com/6882243.png
08-05 00:50:05.030 27131  9606 D CustomInterceptor: CACHE_CONTROL SETTING NEW MAX-AGE
08-05 00:50:05.031 27131  9606 D CustomInterceptor: HEADER RESPONSE
08-05 00:50:05.031 27131  9606 D CustomInterceptor: Accept-Ranges bytes
08-05 00:50:05.031 27131  9606 D CustomInterceptor: Cache-Control public, immutable, max-age=300, only-if-cached, max-stale=300
08-05 00:50:05.031 27131  9606 D CustomInterceptor: Content-Length 477
08-05 00:50:05.031 27131  9606 D CustomInterceptor: Content-Type image/png
08-05 00:50:05.031 27131  9606 D CustomInterceptor: Date Tue, 04 Aug 2020 22:50:01 GMT
08-05 00:50:05.031 27131  9606 D CustomInterceptor: ETag "c9bf1f07378831e51f45ddc262f16afc"
08-05 00:50:05.032 27131  9606 D CustomInterceptor: Expires Tue, 04 Aug 2020 22:55:05 GMT+00:00
08-05 00:50:05.032 27131  9606 D CustomInterceptor: Last-Modified Tue, 04 Aug 2020 22:26:59 GMT
08-05 00:50:05.032 27131  9606 D CustomInterceptor: Server AmazonS3
08-05 00:50:05.032 27131  9606 D CustomInterceptor: x-amz-id-2 94Rwk5ojWxCqHXBHdbTnIfMwWvr8BoPO9FIAVluZq4vB828m+Cmx0ha8bhtO/NPhl223fsMKZj0=
08-05 00:50:05.032 27131  9606 D CustomInterceptor: x-amz-request-id 0EA63B351126C2AD
08-05 00:50:05.032 27131  9606 D CustomInterceptor: CACHEABLE true
08-05 00:50:05.032 27131  9606 D CustomInterceptor: REQ https://s3.amazonaws.com/icons.newsblur.com/5762506.png
08-05 00:50:05.032 27131  9606 D CustomInterceptor: REQ_SERV_BY net
08-05 00:50:05.032 27131  9606 D CustomInterceptor: PREFLIB Adding response to lrucache - https://s3.amazonaws.com/icons.newsblur.com/5762506.png
08-05 00:50:05.036 27131  9604 D CustomInterceptor: CACHE_CONTROL SETTING NEW MAX-AGE
08-05 00:50:05.038 27131  9604 D CustomInterceptor: HEADER RESPONSE
08-05 00:50:05.038 27131  9604 D CustomInterceptor: Accept-Ranges bytes
08-05 00:50:05.038 27131  9604 D CustomInterceptor: Cache-Control public, immutable, max-age=300, only-if-cached, max-stale=300
08-05 00:50:05.038 27131  9604 D CustomInterceptor: Content-Length 243
08-05 00:50:05.038 27131  9604 D CustomInterceptor: Content-Type image/png
08-05 00:50:05.038 27131  9604 D CustomInterceptor: Date Tue, 04 Aug 2020 22:50:01 GMT
08-05 00:50:05.038 27131  9604 D CustomInterceptor: ETag "ff3726165bbd11816de674a75693fba7"
08-05 00:50:05.038 27131  9604 D CustomInterceptor: Expires Tue, 04 Aug 2020 22:55:05 GMT+00:00
08-05 00:50:05.038 27131  9604 D CustomInterceptor: Last-Modified Mon, 03 Aug 2020 23:03:57 GMT
08-05 00:50:05.038 27131  9604 D CustomInterceptor: Server AmazonS3
08-05 00:50:05.038 27131  9604 D CustomInterceptor: x-amz-id-2 wne6NNWwn08ntKiKKy9kUukC8PyYkR/ZQjdI2daB9u3xPvfEXggbnrzXM/bpIcjfZt7xqxMiHNE=
08-05 00:50:05.038 27131  9604 D CustomInterceptor: x-amz-request-id 8C96FD80B0A0B0DD
08-05 00:50:05.038 27131  9604 D CustomInterceptor: CACHEABLE true
08-05 00:50:05.039 27131  9604 D CustomInterceptor: REQ https://s3.amazonaws.com/icons.newsblur.com/18178.png
08-05 00:50:05.039 27131  9604 D CustomInterceptor: REQ_SERV_BY net
08-05 00:50:05.039 27131  9604 D CustomInterceptor: PREFLIB Adding response to lrucache - https://s3.amazonaws.com/icons.newsblur.com/18178.png
08-05 00:50:05.051 27131  9602 D CustomInterceptor: interceptor_finished : return_type #3 : request served from remote and added to cache
08-05 00:50:05.052 27131  9606 D CustomInterceptor: interceptor_finished : return_type #3 : request served from remote and added to cache
08-05 00:50:05.052 27131  9602 I NAPPA_EXPERIMENTATION: MetricNetworkRequestExecutionTime: REQUEST_DURATION_SYSTEM='639',REQUEST_DURATION_OKHTTP='0',REQUEST_SYNCHRONOUS='TRUE',RESPONSE_CODE='200',RESPONSE_METHOD='GET',RESPONSE_LENGTH_OKHTTP='236',RESPONSE_LENGTH_HEADER='-2',REQUEST_PROTOCOL='http/1.1',REQUEST_URL='https://s3.amazonaws.com/icons.newsblur.com/6882243.png',
08-05 00:50:05.052 27131  9606 I NAPPA_EXPERIMENTATION: MetricNetworkRequestExecutionTime: REQUEST_DURATION_SYSTEM='623',REQUEST_DURATION_OKHTTP='0',REQUEST_SYNCHRONOUS='TRUE',RESPONSE_CODE='200',RESPONSE_METHOD='GET',RESPONSE_LENGTH_OKHTTP='770',RESPONSE_LENGTH_HEADER='-2',REQUEST_PROTOCOL='http/1.1',REQUEST_URL='https://s3.amazonaws.com/icons.newsblur.com/5762506.png',
08-05 00:50:05.053 27131  9602 D skia    : --- SkImageDecoder::Factory returned null
08-05 00:50:05.054 27131  9602 D skia    : --- SkImageDecoder::Factory returned null
08-05 00:50:05.054 27131  9349 I art     : Starting a blocking GC Explicit
08-05 00:50:05.057 27131  9606 D skia    : --- SkImageDecoder::Factory returned null
08-05 00:50:05.057 27131  9606 D skia    : --- SkImageDecoder::Factory returned null
08-05 00:50:05.059 27131  9604 D CustomInterceptor: interceptor_finished : return_type #3 : request served from remote and added to cache
08-05 00:50:05.060 27131  9604 I NAPPA_EXPERIMENTATION: MetricNetworkRequestExecutionTime: REQUEST_DURATION_SYSTEM='640',REQUEST_DURATION_OKHTTP='0',REQUEST_SYNCHRONOUS='TRUE',RESPONSE_CODE='200',RESPONSE_METHOD='GET',RESPONSE_LENGTH_OKHTTP='395',RESPONSE_LENGTH_HEADER='-2',REQUEST_PROTOCOL='http/1.1',REQUEST_URL='https://s3.amazonaws.com/icons.newsblur.com/18178.png',
08-05 00:50:05.061 27131  9604 D skia    : --- SkImageDecoder::Factory returned null
08-05 00:50:05.062 27131  9604 D skia    : --- SkImageDecoder::Factory returned null
08-05 00:50:05.076 27131  9349 I art     : Explicit concurrent mark sweep GC freed 13821(1177KB) AllocSpace objects, 19(1004KB) LOS objects, 35% free, 29MB/45MB, paused 628us total 21.947ms
08-05 00:50:05.084 27131  9349 I art     : Starting a blocking GC Explicit
08-05 00:50:05.090 27131  9357 D Nappa   : registerActivity: (already in) nappatfpr.com.newsblur.activity.GlobalSharedStoriesItemsList
08-05 00:50:05.090 27131  9357 D Nappa   : PARENTS 
08-05 00:50:05.090 27131  9357 D Nappa   : Of: nappatfpr.com.newsblur.activity.GlobalSharedStoriesItemsList -> 
08-05 00:50:05.090 27131  9357 D Nappa   : PARENTS nappatfpr.com.newsblur.activity.Main
08-05 00:50:05.090 27131  9357 D Nappa   : PARENTS has extra: (feed_set, nappatfpr.com.newsblur.util.FeedSet@e)
08-05 00:50:05.099 27131  9349 I art     : Explicit concurrent mark sweep GC freed 777(44KB) AllocSpace objects, 0(0B) LOS objects, 35% free, 29MB/45MB, paused 481us total 15.336ms
08-05 00:50:05.106 27131  9349 I art     : Starting a blocking GC Explicit
08-05 00:50:05.122 27131  9349 I art     : Explicit concurrent mark sweep GC freed 24(992B) AllocSpace objects, 0(0B) LOS objects, 35% free, 29MB/45MB, paused 444us total 15.901ms
08-05 00:50:05.129 27131  9349 I art     : Starting a blocking GC Explicit
08-05 00:50:05.145 27131  9349 I art     : Explicit concurrent mark sweep GC freed 3(96B) AllocSpace objects, 0(0B) LOS objects, 35% free, 29MB/45MB, paused 460us total 15.248ms
08-05 00:50:05.152 27131  9349 I art     : Starting a blocking GC Explicit
08-05 00:50:05.167 27131  9349 I art     : Explicit concurrent mark sweep GC freed 3(96B) AllocSpace objects, 0(0B) LOS objects, 35% free, 29MB/45MB, paused 595us total 15.243ms
08-05 00:50:05.191 27131  9357 D Nappa   : registerActivity: (already in) nappatfpr.com.newsblur.activity.GlobalSharedStoriesItemsList
08-05 00:50:05.191 27131  9357 D Nappa   : PARENTS 
08-05 00:50:05.191 27131  9357 D Nappa   : Of: nappatfpr.com.newsblur.activity.GlobalSharedStoriesItemsList -> 
08-05 00:50:05.191 27131  9357 D Nappa   : PARENTS nappatfpr.com.newsblur.activity.Main
08-05 00:50:05.191 27131  9357 D Nappa   : PARENTS has extra: (feed_set, nappatfpr.com.newsblur.util.FeedSet@e)
08-05 00:50:05.452 27131 27142 I art     : Starting a blocking GC Explicit
08-05 00:50:05.474 27131 27142 I art     : Explicit concurrent mark sweep GC freed 7221(356KB) AllocSpace objects, 1(20KB) LOS objects, 35% free, 29MB/45MB, paused 484us total 21.626ms
08-05 00:50:05.483 27131 27142 I art     : Starting a blocking GC Explicit
08-05 00:50:05.498 27131 27142 I art     : Explicit concurrent mark sweep GC freed 214(7KB) AllocSpace objects, 0(0B) LOS objects, 35% free, 29MB/45MB, paused 419us total 15.356ms
08-05 00:50:05.504 27131 27142 I art     : Starting a blocking GC Explicit
08-05 00:50:05.520 27131 27142 I art     : Explicit concurrent mark sweep GC freed 3(96B) AllocSpace objects, 0(0B) LOS objects, 35% free, 29MB/45MB, paused 409us total 15.430ms
08-05 00:50:05.526 27131 27142 I art     : Starting a blocking GC Explicit
08-05 00:50:05.544 27131 27142 I art     : Explicit concurrent mark sweep GC freed 3(96B) AllocSpace objects, 0(0B) LOS objects, 35% free, 29MB/45MB, paused 421us total 17.447ms
08-05 00:50:05.551 27131 27142 I art     : Starting a blocking GC Explicit
08-05 00:50:05.568 27131 27142 I art     : Explicit concurrent mark sweep GC freed 3(96B) AllocSpace objects, 0(0B) LOS objects, 35% free, 29MB/45MB, paused 446us total 17.097ms
08-05 00:50:05.890 27131 27143 I art     : Starting a blocking GC Explicit
08-05 00:50:05.912 27131 27143 I art     : Explicit concurrent mark sweep GC freed 1586(92KB) AllocSpace objects, 1(20KB) LOS objects, 35% free, 29MB/45MB, paused 562us total 21.835ms
08-05 00:50:05.923 27131 27143 I art     : Starting a blocking GC Explicit
08-05 00:50:05.940 27131 27143 I art     : Explicit concurrent mark sweep GC freed 28(1024B) AllocSpace objects, 0(0B) LOS objects, 35% free, 29MB/45MB, paused 436us total 16.374ms
08-05 00:50:05.946 27131 27143 I art     : Starting a blocking GC Explicit
08-05 00:50:05.963 27131 27143 I art     : Explicit concurrent mark sweep GC freed 3(96B) AllocSpace objects, 0(0B) LOS objects, 35% free, 29MB/45MB, paused 423us total 16.313ms
08-05 00:50:05.969 27131 27143 I art     : Starting a blocking GC Explicit
08-05 00:50:05.985 27131 27143 I art     : Explicit concurrent mark sweep GC freed 3(96B) AllocSpace objects, 0(0B) LOS objects, 35% free, 29MB/45MB, paused 401us total 15.014ms
08-05 00:50:05.992 27131 27143 I art     : Starting a blocking GC Explicit
08-05 00:50:06.007 27131 27143 I art     : Explicit concurrent mark sweep GC freed 3(96B) AllocSpace objects, 0(0B) LOS objects, 35% free, 29MB/45MB, paused 424us total 14.654ms
08-05 00:50:06.322 27131  9349 I art     : Starting a blocking GC Explicit
08-05 00:50:06.341 27131  9349 I art     : Explicit concurrent mark sweep GC freed 1584(92KB) AllocSpace objects, 1(20KB) LOS objects, 35% free, 29MB/45MB, paused 439us total 18.180ms
08-05 00:50:06.347 27131  9349 I art     : Starting a blocking GC Explicit
08-05 00:50:06.363 27131  9349 I art     : Explicit concurrent mark sweep GC freed 28(1024B) AllocSpace objects, 0(0B) LOS objects, 35% free, 29MB/45MB, paused 428us total 15.495ms
08-05 00:50:06.369 27131  9349 I art     : Starting a blocking GC Explicit
08-05 00:50:06.384 27131  9349 I art     : Explicit concurrent mark sweep GC freed 3(96B) AllocSpace objects, 0(0B) LOS objects, 35% free, 29MB/45MB, paused 422us total 15.339ms
08-05 00:50:06.391 27131  9349 I art     : Starting a blocking GC Explicit
08-05 00:50:06.407 27131  9349 I art     : Explicit concurrent mark sweep GC freed 3(96B) AllocSpace objects, 0(0B) LOS objects, 35% free, 29MB/45MB, paused 457us total 16.529ms
08-05 00:50:06.414 27131  9349 I art     : Starting a blocking GC Explicit
08-05 00:50:06.431 27131  9349 I art     : Explicit concurrent mark sweep GC freed 3(96B) AllocSpace objects, 0(0B) LOS objects, 35% free, 29MB/45MB, paused 422us total 16.416ms
08-05 00:50:06.752 27131 27142 I art     : Starting a blocking GC Explicit
08-05 00:50:06.772 27131 27142 I art     : Explicit concurrent mark sweep GC freed 1583(91KB) AllocSpace objects, 1(20KB) LOS objects, 35% free, 29MB/45MB, paused 470us total 19.762ms
08-05 00:50:06.781 27131 27142 I art     : Starting a blocking GC Explicit
08-05 00:50:06.799 27131 27142 I art     : Explicit concurrent mark sweep GC freed 28(1024B) AllocSpace objects, 0(0B) LOS objects, 35% free, 29MB/45MB, paused 437us total 17.523ms
08-05 00:50:06.805 27131 27142 I art     : Starting a blocking GC Explicit
08-05 00:50:06.823 27131 27142 I art     : Explicit concurrent mark sweep GC freed 3(96B) AllocSpace objects, 0(0B) LOS objects, 35% free, 29MB/45MB, paused 429us total 17.178ms
08-05 00:50:06.830 27131 27142 I art     : Starting a blocking GC Explicit
08-05 00:50:06.847 27131 27142 I art     : Explicit concurrent mark sweep GC freed 3(96B) AllocSpace objects, 0(0B) LOS objects, 35% free, 29MB/45MB, paused 422us total 16.657ms
08-05 00:50:06.853 27131 27142 I art     : Starting a blocking GC Explicit
08-05 00:50:06.870 27131 27142 I art     : Explicit concurrent mark sweep GC freed 3(96B) AllocSpace objects, 0(0B) LOS objects, 35% free, 29MB/45MB, paused 397us total 16.667ms
08-05 00:50:07.196 27131 27143 I art     : Starting a blocking GC Explicit
08-05 00:50:07.218 27131 27143 I art     : Explicit concurrent mark sweep GC freed 1588(91KB) AllocSpace objects, 1(20KB) LOS objects, 35% free, 29MB/45MB, paused 550us total 20.718ms
08-05 00:50:07.228 27131 27143 I art     : Starting a blocking GC Explicit
08-05 00:50:07.245 27131 27143 I art     : Explicit concurrent mark sweep GC freed 28(1024B) AllocSpace objects, 0(0B) LOS objects, 35% free, 29MB/45MB, paused 425us total 17.250ms
08-05 00:50:07.252 27131 27143 I art     : Starting a blocking GC Explicit
08-05 00:50:07.269 27131 27143 I art     : Explicit concurrent mark sweep GC freed 3(96B) AllocSpace objects, 0(0B) LOS objects, 35% free, 29MB/45MB, paused 429us total 16.576ms
08-05 00:50:07.275 27131 27143 I art     : Starting a blocking GC Explicit
08-05 00:50:07.292 27131 27143 I art     : Explicit concurrent mark sweep GC freed 3(96B) AllocSpace objects, 0(0B) LOS objects, 35% free, 29MB/45MB, paused 421us total 16.873ms
08-05 00:50:07.299 27131 27143 I art     : Starting a blocking GC Explicit
08-05 00:50:07.316 27131 27143 I art     : Explicit concurrent mark sweep GC freed 3(96B) AllocSpace objects, 0(0B) LOS objects, 35% free, 29MB/45MB, paused 425us total 16.649ms
08-05 00:50:07.627 27131  9349 I art     : Starting a blocking GC Explicit
08-05 00:50:07.648 27131  9349 I art     : Explicit concurrent mark sweep GC freed 1585(91KB) AllocSpace objects, 1(20KB) LOS objects, 35% free, 29MB/45MB, paused 468us total 20.780ms
08-05 00:50:07.660 27131  9349 I art     : Starting a blocking GC Explicit
08-05 00:50:07.676 27131  9349 I art     : Explicit concurrent mark sweep GC freed 28(1024B) AllocSpace objects, 0(0B) LOS objects, 35% free, 29MB/45MB, paused 418us total 16.294ms
08-05 00:50:07.683 27131  9349 I art     : Starting a blocking GC Explicit
08-05 00:50:07.699 27131  9349 I art     : Explicit concurrent mark sweep GC freed 3(96B) AllocSpace objects, 0(0B) LOS objects, 35% free, 29MB/45MB, paused 425us total 16.420ms
08-05 00:50:07.706 27131  9349 I art     : Starting a blocking GC Explicit
08-05 00:50:07.722 27131  9349 I art     : Explicit concurrent mark sweep GC freed 3(96B) AllocSpace objects, 0(0B) LOS objects, 35% free, 29MB/45MB, paused 417us total 16.322ms
08-05 00:50:07.729 27131  9349 I art     : Starting a blocking GC Explicit
08-05 00:50:07.745 27131  9349 I art     : Explicit concurrent mark sweep GC freed 3(96B) AllocSpace objects, 0(0B) LOS objects, 35% free, 29MB/45MB, paused 423us total 16.395ms
08-05 00:50:08.042 27131 27142 I art     : Starting a blocking GC Explicit
08-05 00:50:08.062 27131 27142 I art     : Explicit concurrent mark sweep GC freed 1586(91KB) AllocSpace objects, 1(20KB) LOS objects, 35% free, 29MB/45MB, paused 469us total 19.818ms
08-05 00:50:08.069 27131 27142 I art     : Starting a blocking GC Explicit
08-05 00:50:08.086 27131 27142 I art     : Explicit concurrent mark sweep GC freed 28(1024B) AllocSpace objects, 0(0B) LOS objects, 35% free, 29MB/45MB, paused 484us total 16.423ms
08-05 00:50:08.093 27131 27142 I art     : Starting a blocking GC Explicit
08-05 00:50:08.109 27131 27142 I art     : Explicit concurrent mark sweep GC freed 3(96B) AllocSpace objects, 0(0B) LOS objects, 35% free, 29MB/45MB, paused 424us total 16.472ms
08-05 00:50:08.116 27131 27142 I art     : Starting a blocking GC Explicit
08-05 00:50:08.133 27131 27142 I art     : Explicit concurrent mark sweep GC freed 3(96B) AllocSpace objects, 0(0B) LOS objects, 35% free, 29MB/45MB, paused 416us total 17.174ms
08-05 00:50:08.140 27131 27142 I art     : Starting a blocking GC Explicit
08-05 00:50:08.157 27131 27142 I art     : Explicit concurrent mark sweep GC freed 3(96B) AllocSpace objects, 0(0B) LOS objects, 35% free, 29MB/45MB, paused 505us total 16.834ms
08-05 00:50:08.483 27131 27143 I art     : Starting a blocking GC Explicit
08-05 00:50:08.506 27131 27143 I art     : Explicit concurrent mark sweep GC freed 1586(91KB) AllocSpace objects, 1(20KB) LOS objects, 35% free, 29MB/45MB, paused 508us total 21.851ms
08-05 00:50:08.514 27131 27143 I art     : Starting a blocking GC Explicit
08-05 00:50:08.531 27131 27143 I art     : Explicit concurrent mark sweep GC freed 28(1024B) AllocSpace objects, 0(0B) LOS objects, 35% free, 29MB/45MB, paused 420us total 16.659ms
08-05 00:50:08.537 27131 27143 I art     : Starting a blocking GC Explicit
08-05 00:50:08.554 27131 27143 I art     : Explicit concurrent mark sweep GC freed 3(96B) AllocSpace objects, 0(0B) LOS objects, 35% free, 29MB/45MB, paused 411us total 16.271ms
08-05 00:50:08.560 27131 27143 I art     : Starting a blocking GC Explicit
08-05 00:50:08.577 27131 27143 I art     : Explicit concurrent mark sweep GC freed 3(96B) AllocSpace objects, 0(0B) LOS objects, 35% free, 29MB/45MB, paused 475us total 16.308ms
08-05 00:50:08.583 27131 27143 I art     : Starting a blocking GC Explicit
08-05 00:50:08.600 27131 27143 I art     : Explicit concurrent mark sweep GC freed 3(96B) AllocSpace objects, 0(0B) LOS objects, 35% free, 29MB/45MB, paused 428us total 16.298ms
08-05 00:50:08.900 27131  9349 I art     : Starting a blocking GC Explicit
08-05 00:50:08.919 27131  9349 I art     : Explicit concurrent mark sweep GC freed 1585(91KB) AllocSpace objects, 1(20KB) LOS objects, 35% free, 29MB/45MB, paused 448us total 18.865ms
08-05 00:50:08.928 27131  9349 I art     : Starting a blocking GC Explicit
08-05 00:50:08.945 27131  9349 I art     : Explicit concurrent mark sweep GC freed 28(1024B) AllocSpace objects, 0(0B) LOS objects, 35% free, 29MB/45MB, paused 411us total 16.739ms
08-05 00:50:08.952 27131  9349 I art     : Starting a blocking GC Explicit
08-05 00:50:08.969 27131  9349 I art     : Explicit concurrent mark sweep GC freed 3(96B) AllocSpace objects, 0(0B) LOS objects, 35% free, 29MB/45MB, paused 420us total 16.791ms
08-05 00:50:08.975 27131  9349 I art     : Starting a blocking GC Explicit
08-05 00:50:08.992 27131  9349 I art     : Explicit concurrent mark sweep GC freed 3(96B) AllocSpace objects, 0(0B) LOS objects, 35% free, 29MB/45MB, paused 479us total 16.725ms
08-05 00:50:08.999 27131  9349 I art     : Starting a blocking GC Explicit
08-05 00:50:09.016 27131  9349 I art     : Explicit concurrent mark sweep GC freed 3(96B) AllocSpace objects, 0(0B) LOS objects, 35% free, 29MB/45MB, paused 416us total 16.680ms
08-05 00:50:09.342 27131 27142 I art     : Starting a blocking GC Explicit
08-05 00:50:09.363 27131 27142 I art     : Explicit concurrent mark sweep GC freed 1585(91KB) AllocSpace objects, 1(20KB) LOS objects, 35% free, 29MB/45MB, paused 479us total 20.265ms
08-05 00:50:09.373 27131 27142 I art     : Starting a blocking GC Explicit
08-05 00:50:09.390 27131 27142 I art     : Explicit concurrent mark sweep GC freed 28(1024B) AllocSpace objects, 0(0B) LOS objects, 35% free, 29MB/45MB, paused 404us total 17.356ms
08-05 00:50:09.397 27131 27142 I art     : Starting a blocking GC Explicit
08-05 00:50:09.414 27131 27142 I art     : Explicit concurrent mark sweep GC freed 3(96B) AllocSpace objects, 0(0B) LOS objects, 35% free, 29MB/45MB, paused 433us total 16.601ms
08-05 00:50:09.421 27131 27142 I art     : Starting a blocking GC Explicit
08-05 00:50:09.438 27131 27142 I art     : Explicit concurrent mark sweep GC freed 3(96B) AllocSpace objects, 0(0B) LOS objects, 35% free, 29MB/45MB, paused 435us total 17.414ms
08-05 00:50:09.445 27131 27142 I art     : Starting a blocking GC Explicit
08-05 00:50:09.462 27131 27142 I art     : Explicit concurrent mark sweep GC freed 3(96B) AllocSpace objects, 0(0B) LOS objects, 35% free, 29MB/45MB, paused 430us total 16.763ms
08-05 00:50:09.762 27131 27143 I art     : Starting a blocking GC Explicit
08-05 00:50:09.782 27131 27143 I art     : Explicit concurrent mark sweep GC freed 1585(91KB) AllocSpace objects, 1(20KB) LOS objects, 35% free, 29MB/45MB, paused 436us total 19.688ms
08-05 00:50:09.791 27131 27143 I art     : Starting a blocking GC Explicit
08-05 00:50:09.809 27131 27143 I art     : Explicit concurrent mark sweep GC freed 28(1024B) AllocSpace objects, 0(0B) LOS objects, 35% free, 29MB/45MB, paused 623us total 17.501ms
08-05 00:50:09.816 27131 27143 I art     : Starting a blocking GC Explicit
08-05 00:50:09.832 27131 27143 I art     : Explicit concurrent mark sweep GC freed 3(96B) AllocSpace objects, 0(0B) LOS objects, 35% free, 29MB/45MB, paused 417us total 16.456ms
08-05 00:50:09.839 27131 27143 I art     : Starting a blocking GC Explicit
08-05 00:50:09.856 27131 27143 I art     : Explicit concurrent mark sweep GC freed 3(96B) AllocSpace objects, 0(0B) LOS objects, 35% free, 29MB/45MB, paused 425us total 16.595ms
08-05 00:50:09.863 27131 27143 I art     : Starting a blocking GC Explicit
08-05 00:50:09.880 27131 27143 I art     : Explicit concurrent mark sweep GC freed 3(96B) AllocSpace objects, 0(0B) LOS objects, 35% free, 29MB/45MB, paused 430us total 16.815ms
08-05 00:50:10.201 27131  9349 I art     : Starting a blocking GC Explicit
08-05 00:50:10.221 27131  9349 I art     : Explicit concurrent mark sweep GC freed 1585(91KB) AllocSpace objects, 1(20KB) LOS objects, 35% free, 29MB/45MB, paused 461us total 19.279ms
08-05 00:50:10.228 27131  9349 I art     : Starting a blocking GC Explicit
08-05 00:50:10.245 27131  9349 I art     : Explicit concurrent mark sweep GC freed 28(1024B) AllocSpace objects, 0(0B) LOS objects, 35% free, 29MB/45MB, paused 426us total 17.107ms
08-05 00:50:10.253 27131  9349 I art     : Starting a blocking GC Explicit
08-05 00:50:10.269 27131  9349 I art     : Explicit concurrent mark sweep GC freed 3(96B) AllocSpace objects, 0(0B) LOS objects, 35% free, 29MB/45MB, paused 436us total 16.690ms
08-05 00:50:10.276 27131  9349 I art     : Starting a blocking GC Explicit
08-05 00:50:10.293 27131  9349 I art     : Explicit concurrent mark sweep GC freed 3(96B) AllocSpace objects, 0(0B) LOS objects, 35% free, 29MB/45MB, paused 431us total 16.755ms
08-05 00:50:10.300 27131  9349 I art     : Starting a blocking GC Explicit
08-05 00:50:10.317 27131  9349 I art     : Explicit concurrent mark sweep GC freed 3(96B) AllocSpace objects, 0(0B) LOS objects, 35% free, 29MB/45MB, paused 508us total 16.725ms
08-05 00:50:10.637 27131 27142 I art     : Starting a blocking GC Explicit
08-05 00:50:10.656 27131 27142 I art     : Explicit concurrent mark sweep GC freed 1585(91KB) AllocSpace objects, 1(20KB) LOS objects, 35% free, 29MB/45MB, paused 459us total 18.871ms
08-05 00:50:10.663 27131 27142 I art     : Starting a blocking GC Explicit
08-05 00:50:10.680 27131 27142 I art     : Explicit concurrent mark sweep GC freed 28(1024B) AllocSpace objects, 0(0B) LOS objects, 35% free, 29MB/45MB, paused 419us total 16.957ms
08-05 00:50:10.687 27131 27142 I art     : Starting a blocking GC Explicit
08-05 00:50:10.704 27131 27142 I art     : Explicit concurrent mark sweep GC freed 3(96B) AllocSpace objects, 0(0B) LOS objects, 35% free, 29MB/45MB, paused 454us total 16.557ms
08-05 00:50:10.710 27131 27142 I art     : Starting a blocking GC Explicit
08-05 00:50:10.727 27131 27142 I art     : Explicit concurrent mark sweep GC freed 3(96B) AllocSpace objects, 0(0B) LOS objects, 35% free, 29MB/45MB, paused 470us total 16.702ms
08-05 00:50:10.734 27131 27142 I art     : Starting a blocking GC Explicit
08-05 00:50:10.751 27131 27142 I art     : Explicit concurrent mark sweep GC freed 3(96B) AllocSpace objects, 0(0B) LOS objects, 35% free, 29MB/45MB, paused 446us total 16.686ms
08-05 00:50:11.074 27131 27143 I art     : Starting a blocking GC Explicit
08-05 00:50:11.096 27131 27143 I art     : Explicit concurrent mark sweep GC freed 1585(91KB) AllocSpace objects, 1(20KB) LOS objects, 35% free, 29MB/45MB, paused 528us total 21.770ms
08-05 00:50:11.105 27131 27143 I art     : Starting a blocking GC Explicit
08-05 00:50:11.122 27131 27143 I art     : Explicit concurrent mark sweep GC freed 28(1024B) AllocSpace objects, 0(0B) LOS objects, 35% free, 29MB/45MB, paused 413us total 16.550ms
08-05 00:50:11.128 27131 27143 I art     : Starting a blocking GC Explicit
08-05 00:50:11.144 27131 27143 I art     : Explicit concurrent mark sweep GC freed 3(96B) AllocSpace objects, 0(0B) LOS objects, 35% free, 29MB/45MB, paused 427us total 16.184ms
08-05 00:50:11.151 27131 27143 I art     : Starting a blocking GC Explicit
08-05 00:50:11.167 27131 27143 I art     : Explicit concurrent mark sweep GC freed 3(96B) AllocSpace objects, 0(0B) LOS objects, 35% free, 29MB/45MB, paused 435us total 16.287ms
08-05 00:50:11.174 27131 27143 I art     : Starting a blocking GC Explicit
08-05 00:50:11.190 27131 27143 I art     : Explicit concurrent mark sweep GC freed 3(96B) AllocSpace objects, 0(0B) LOS objects, 35% free, 29MB/45MB, paused 420us total 16.172ms
08-05 00:50:11.511 27131  9349 I art     : Starting a blocking GC Explicit
08-05 00:50:11.532 27131  9349 I art     : Explicit concurrent mark sweep GC freed 1585(91KB) AllocSpace objects, 1(20KB) LOS objects, 35% free, 29MB/45MB, paused 478us total 20.103ms
08-05 00:50:11.543 27131  9349 I art     : Starting a blocking GC Explicit
08-05 00:50:11.559 27131  9349 I art     : Explicit concurrent mark sweep GC freed 28(1024B) AllocSpace objects, 0(0B) LOS objects, 35% free, 29MB/45MB, paused 414us total 16.385ms
08-05 00:50:11.566 27131  9349 I art     : Starting a blocking GC Explicit
08-05 00:50:11.582 27131  9349 I art     : Explicit concurrent mark sweep GC freed 3(96B) AllocSpace objects, 0(0B) LOS objects, 35% free, 29MB/45MB, paused 422us total 16.439ms
08-05 00:50:11.589 27131  9349 I art     : Starting a blocking GC Explicit
08-05 00:50:11.605 27131  9349 I art     : Explicit concurrent mark sweep GC freed 3(96B) AllocSpace objects, 0(0B) LOS objects, 35% free, 29MB/45MB, paused 443us total 16.348ms
08-05 00:50:11.612 27131  9349 I art     : Starting a blocking GC Explicit
08-05 00:50:11.628 27131  9349 I art     : Explicit concurrent mark sweep GC freed 3(96B) AllocSpace objects, 0(0B) LOS objects, 35% free, 29MB/45MB, paused 399us total 16.290ms
08-05 00:50:11.921 27131 27142 I art     : Starting a blocking GC Explicit
08-05 00:50:11.940 27131 27142 I art     : Explicit concurrent mark sweep GC freed 1585(91KB) AllocSpace objects, 1(20KB) LOS objects, 35% free, 29MB/45MB, paused 452us total 19.227ms
08-05 00:50:11.950 27131 27142 I art     : Starting a blocking GC Explicit
08-05 00:50:11.967 27131 27142 I art     : Explicit concurrent mark sweep GC freed 28(1024B) AllocSpace objects, 0(0B) LOS objects, 35% free, 29MB/45MB, paused 486us total 16.716ms
08-05 00:50:11.974 27131 27142 I art     : Starting a blocking GC Explicit
08-05 00:50:11.990 27131 27142 I art     : Explicit concurrent mark sweep GC freed 3(96B) AllocSpace objects, 0(0B) LOS objects, 35% free, 29MB/45MB, paused 418us total 16.659ms
08-05 00:50:11.997 27131 27142 I art     : Starting a blocking GC Explicit
08-05 00:50:12.014 27131 27142 I art     : Explicit concurrent mark sweep GC freed 3(96B) AllocSpace objects, 0(0B) LOS objects, 35% free, 29MB/45MB, paused 444us total 16.773ms
08-05 00:50:12.021 27131 27142 I art     : Starting a blocking GC Explicit
08-05 00:50:12.038 27131 27142 I art     : Explicit concurrent mark sweep GC freed 3(96B) AllocSpace objects, 0(0B) LOS objects, 35% free, 29MB/45MB, paused 413us total 16.634ms
08-05 00:50:12.360 27131 27143 I art     : Starting a blocking GC Explicit
08-05 00:50:12.380 27131 27143 I art     : Explicit concurrent mark sweep GC freed 1585(91KB) AllocSpace objects, 1(20KB) LOS objects, 35% free, 29MB/45MB, paused 449us total 19.868ms
08-05 00:50:12.391 27131 27143 I art     : Starting a blocking GC Explicit
08-05 00:50:12.408 27131 27143 I art     : Explicit concurrent mark sweep GC freed 28(1024B) AllocSpace objects, 0(0B) LOS objects, 35% free, 29MB/45MB, paused 435us total 16.341ms
08-05 00:50:12.414 27131 27143 I art     : Starting a blocking GC Explicit
08-05 00:50:12.431 27131 27143 I art     : Explicit concurrent mark sweep GC freed 3(96B) AllocSpace objects, 0(0B) LOS objects, 35% free, 29MB/45MB, paused 427us total 16.382ms
08-05 00:50:12.437 27131 27143 I art     : Starting a blocking GC Explicit
08-05 00:50:12.454 27131 27143 I art     : Explicit concurrent mark sweep GC freed 3(96B) AllocSpace objects, 0(0B) LOS objects, 35% free, 29MB/45MB, paused 463us total 16.980ms
08-05 00:50:12.461 27131 27143 I art     : Starting a blocking GC Explicit
08-05 00:50:12.478 27131 27143 I art     : Explicit concurrent mark sweep GC freed 3(96B) AllocSpace objects, 0(0B) LOS objects, 35% free, 29MB/45MB, paused 453us total 16.441ms
08-05 00:50:12.771 27131  9349 I art     : Starting a blocking GC Explicit
08-05 00:50:12.790 27131  9349 I art     : Explicit concurrent mark sweep GC freed 1585(91KB) AllocSpace objects, 1(20KB) LOS objects, 35% free, 29MB/45MB, paused 509us total 19.339ms
08-05 00:50:12.797 27131  9349 I art     : Starting a blocking GC Explicit
08-05 00:50:12.815 27131  9349 I art     : Explicit concurrent mark sweep GC freed 28(1024B) AllocSpace objects, 0(0B) LOS objects, 35% free, 29MB/45MB, paused 460us total 17.367ms
08-05 00:50:12.822 27131  9349 I art     : Starting a blocking GC Explicit
08-05 00:50:12.839 27131  9349 I art     : Explicit concurrent mark sweep GC freed 3(96B) AllocSpace objects, 0(0B) LOS objects, 35% free, 29MB/45MB, paused 408us total 16.864ms
08-05 00:50:12.845 27131  9349 I art     : Starting a blocking GC Explicit
08-05 00:50:12.862 27131  9349 I art     : Explicit concurrent mark sweep GC freed 3(96B) AllocSpace objects, 0(0B) LOS objects, 35% free, 29MB/45MB, paused 425us total 16.725ms
08-05 00:50:12.869 27131  9349 I art     : Starting a blocking GC Explicit
08-05 00:50:12.886 27131  9349 I art     : Explicit concurrent mark sweep GC freed 3(96B) AllocSpace objects, 0(0B) LOS objects, 35% free, 29MB/45MB, paused 423us total 16.725ms
08-05 00:50:13.183 27131 27142 I art     : Starting a blocking GC Explicit
08-05 00:50:13.202 27131 27142 I art     : Explicit concurrent mark sweep GC freed 1585(91KB) AllocSpace objects, 1(20KB) LOS objects, 35% free, 29MB/45MB, paused 444us total 18.845ms
08-05 00:50:13.211 27131 27142 I art     : Starting a blocking GC Explicit
08-05 00:50:13.229 27131 27142 I art     : Explicit concurrent mark sweep GC freed 28(1024B) AllocSpace objects, 0(0B) LOS objects, 35% free, 29MB/45MB, paused 447us total 17.313ms
08-05 00:50:13.236 27131 27142 I art     : Starting a blocking GC Explicit
08-05 00:50:13.253 27131 27142 I art     : Explicit concurrent mark sweep GC freed 3(96B) AllocSpace objects, 0(0B) LOS objects, 35% free, 29MB/45MB, paused 452us total 16.587ms
08-05 00:50:13.259 27131 27142 I art     : Starting a blocking GC Explicit
08-05 00:50:13.276 27131 27142 I art     : Explicit concurrent mark sweep GC freed 3(96B) AllocSpace objects, 0(0B) LOS objects, 35% free, 29MB/45MB, paused 430us total 16.762ms
08-05 00:50:13.283 27131 27142 I art     : Starting a blocking GC Explicit
08-05 00:50:13.300 27131 27142 I art     : Explicit concurrent mark sweep GC freed 3(96B) AllocSpace objects, 0(0B) LOS objects, 35% free, 29MB/45MB, paused 436us total 16.665ms
08-05 00:50:13.597 27131 27143 I art     : Starting a blocking GC Explicit
08-05 00:50:13.615 27131 27143 I art     : Explicit concurrent mark sweep GC freed 1585(91KB) AllocSpace objects, 1(20KB) LOS objects, 35% free, 29MB/45MB, paused 506us total 18.009ms
08-05 00:50:13.622 27131 27143 I art     : Starting a blocking GC Explicit
08-05 00:50:13.638 27131 27143 I art     : Explicit concurrent mark sweep GC freed 28(1024B) AllocSpace objects, 0(0B) LOS objects, 35% free, 29MB/45MB, paused 408us total 16.129ms
08-05 00:50:13.645 27131 27143 I art     : Starting a blocking GC Explicit
08-05 00:50:13.660 27131 27143 I art     : Explicit concurrent mark sweep GC freed 3(96B) AllocSpace objects, 0(0B) LOS objects, 35% free, 29MB/45MB, paused 404us total 14.968ms
08-05 00:50:13.666 27131 27143 I art     : Starting a blocking GC Explicit
08-05 00:50:13.681 27131 27143 I art     : Explicit concurrent mark sweep GC freed 3(96B) AllocSpace objects, 0(0B) LOS objects, 35% free, 29MB/45MB, paused 426us total 15.666ms
08-05 00:50:13.688 27131 27143 I art     : Starting a blocking GC Explicit
08-05 00:50:13.704 27131 27143 I art     : Explicit concurrent mark sweep GC freed 3(96B) AllocSpace objects, 0(0B) LOS objects, 35% free, 29MB/45MB, paused 417us total 16.146ms
08-05 00:50:13.849  9830  9830 D AndroidRuntime: >>>>>> START com.android.internal.os.RuntimeInit uid 2000 <<<<<<
08-05 00:50:13.854  9830  9830 D AndroidRuntime: CheckJNI is OFF
08-05 00:50:13.879  9830  9830 D ICU     : No timezone override file found: /data/misc/zoneinfo/current/icu/icu_tzdata.dat
08-05 00:50:13.904  9830  9830 I Radio-JNI: register_android_hardware_Radio DONE
08-05 00:50:13.921  9830  9830 D AndroidRuntime: Calling main entry com.android.commands.input.Input
08-05 00:50:13.922  9830  9830 I Input   : injectMotionEvent: MotionEvent { action=ACTION_DOWN, actionButton=0, id[0]=0, x[0]=436.0, y[0]=453.0, toolType[0]=TOOL_TYPE_UNKNOWN, buttonState=0, metaState=0, flags=0x0, edgeFlags=0x0, pointerCount=1, historySize=0, eventTime=751830335, downTime=751830335, deviceId=0, source=0x1002 }
08-05 00:50:13.928  9830  9830 I Input   : injectMotionEvent: MotionEvent { action=ACTION_UP, actionButton=0, id[0]=0, x[0]=436.0, y[0]=453.0, toolType[0]=TOOL_TYPE_UNKNOWN, buttonState=0, metaState=0, flags=0x0, edgeFlags=0x0, pointerCount=1, historySize=0, eventTime=751830335, downTime=751830335, deviceId=0, source=0x1002 }
08-05 00:50:13.931  9830  9830 D AndroidRuntime: Shutting down VM
08-05 00:50:13.947 27131 27131 D NappaIntentExtras: ==================
08-05 00:50:13.948 27131  9357 D Nappa   : PREFETCH_ON_EXTRA - notifyExtras- start
08-05 00:50:13.948 27131 27131 D NappaIntentExtras: Log #2
08-05 00:50:13.948 27131 27131 D NappaIntentExtras: ------------------
08-05 00:50:13.948 27131 27131 D NappaIntentExtras: activity nappatfpr.com.newsblur.activity.GlobalSharedStoriesItemsList
08-05 00:50:13.948 27131 27131 D NappaIntentExtras: 	- 2 extras registered
08-05 00:50:13.948 27131  9357 I NAPPA_EXPERIMENTATION: MetricNappaPrefetchingStrategyExecutionTime: STRATEGY_CLASS='TfprPrefetchingStrategy',DURATION='2969',NUMBER_OF_URLS='0',NUMBER_OF_SELECTED_CHILDREN_NODES='0',NUMBER_OF_CHILDREN_NODES='0',STRATEGY_RUN_SUCCESSFULLY='True',
08-05 00:50:13.948 27131 27131 D NappaIntentExtras: 	- story_hash : 0:65a6e4
08-05 00:50:13.948 27131  9357 D TfprPrefetchingStrategy: ==================================
08-05 00:50:13.948 27131 27131 D NappaIntentExtras: 	- feed_set : nappatfpr.com.newsblur.util.FeedSet@e
08-05 00:50:13.948 27131  9357 D TfprPrefetchingStrategy: Starting Run #3
08-05 00:50:13.948 27131  9357 D TfprPrefetchingStrategy: ----------------------------------
08-05 00:50:13.948 27131 27131 D NappaIntentExtras: activity nappatfpr.com.newsblur.activity.Main
08-05 00:50:13.948 27131  9357 D TfprPrefetchingStrategy: Node data GlobalSharedStoriesItemsList 
08-05 00:50:13.948 27131  9357 D TfprPrefetchingStrategy: 	Successors:
08-05 00:50:13.948 27131  9357 D TfprPrefetchingStrategy: 
08-05 00:50:13.948 27131  9357 D TfprPrefetchingStrategy: 	Ancestors:
08-05 00:50:13.948 27131  9357 D TfprPrefetchingStrategy: 		Main (1 hits)
08-05 00:50:13.948 27131  9357 D TfprPrefetchingStrategy: 
08-05 00:50:13.948 27131 27131 D NappaIntentExtras: 	- 1 extras registered
08-05 00:50:13.948 27131  9357 D TfprPrefetchingStrategy: MetricStrategyAccuracy inc execution count3 | act = false; extra = true
08-05 00:50:13.948 27131 27131 D NappaIntentExtras: 	- feed_set : nappatfpr.com.newsblur.util.FeedSet@e
08-05 00:50:13.948 27131  9357 D TfprPrefetchingStrategy: MetricStrategyAccuracy inc no sucessor count3 | act = false; extra = true
08-05 00:50:13.948 27131 27131 D NappaIntentExtras: ==================
08-05 00:50:13.948 27131  9357 D TfprPrefetchingStrategy: Node has no successor
08-05 00:50:13.948 27131  9357 D TfprPrefetchingStrategy: Next visited child will be []
08-05 00:50:13.948 27131  9357 D TfprPrefetchingStrategy: ==================================
08-05 00:50:13.948 27131  9357 D Nappa   : PREFETCH_ON_EXTRA - notifyExtras- end
08-05 00:50:13.948 27131  9357 D Nappa   : PREFSTRAT2 ADDING NEW ACTEXTRADATA
08-05 00:50:13.950   512  2967 D audio_hw_primary: out_set_parameters: enter: usecase(1: low-latency-playback) kvpairs: routing=2
08-05 00:50:13.952   918  3359 I ActivityManager: START u0 {cmp=nappatfpr.com.newsblur/.activity.GlobalSharedStoriesReading (has extras)} from uid 10682 on display 0
08-05 00:50:13.954 27131  9357 D Nappa   : PREFSTRAT2 ADDING NEW ACTEXTRADATA
08-05 00:50:13.959 27131 27131 D NappaLifecycleObserver: nappatfpr.com.newsblur.activity.GlobalSharedStoriesItemsList - onPause
08-05 00:50:13.959 27131 27131 D Nappa   : Stayed on nappatfpr.com.newsblur.activity.GlobalSharedStoriesItemsList for 10317 ms
08-05 00:50:13.963   512  2967 D audio_hw_primary: select_devices: out_snd_device(2: speaker) in_snd_device(0: none)
08-05 00:50:13.963   512  2967 D msm8974_platform: platform_send_audio_calibration: sending audio calibration for snd_device(2) acdb_id(15)
08-05 00:50:13.963   512  2967 I soundtrigger: audio_extn_sound_trigger_update_device_status: device 0x2 of type 0 for Event 1
08-05 00:50:13.966 27131 27131 D ActivityNode: Observer - intent extra - GlobalSharedStoriesItemsList
08-05 00:50:13.966 27131 27131 D ActivityNode: Extras:
08-05 00:50:13.966 27131 27131 D ActivityNode: 	activity ID 2( key feed_set)
08-05 00:50:13.966 27131 27131 D ActivityNode: Observer - intent extra - Main
08-05 00:50:13.966 27131 27131 D ActivityNode: Extras:
08-05 00:50:13.966 27131 27131 D ActivityNode: 	activity ID 1( key feed_set)
08-05 00:50:13.973   512  2967 D audio_hw_primary: enable_snd_device: snd_device(2: speaker)
08-05 00:50:13.975   512  2967 D audio_hw_primary: enable_audio_route: apply and update mixer path: low-latency-playback speaker
08-05 00:50:13.984 27131 27142 I art     : Starting a blocking GC Explicit
08-05 00:50:14.002 27131 27142 I art     : Explicit concurrent mark sweep GC freed 2669(216KB) AllocSpace objects, 3(60KB) LOS objects, 34% free, 30MB/46MB, paused 601us total 17.531ms
08-05 00:50:14.009 27131 27142 I art     : Starting a blocking GC Explicit
08-05 00:50:14.026 27131 27142 I art     : Explicit concurrent mark sweep GC freed 1500(119KB) AllocSpace objects, 2(468KB) LOS objects, 34% free, 30MB/46MB, paused 515us total 16.988ms
08-05 00:50:14.033 27131 27142 I art     : Starting a blocking GC Explicit
08-05 00:50:14.049 27131 27142 I art     : Explicit concurrent mark sweep GC freed 141(7KB) AllocSpace objects, 0(0B) LOS objects, 34% free, 30MB/46MB, paused 469us total 16.357ms
08-05 00:50:14.056 27131 27142 I art     : Starting a blocking GC Explicit
08-05 00:50:14.063 27131 27131 D NappaLifecycleObserver: nappatfpr.com.newsblur.activity.GlobalSharedStoriesReading - onResume
08-05 00:50:14.064 27131 27131 D Nappa   : setCurrentActivity - MetricStrategyAccuracy - 
08-05 00:50:14.064 27131 27131 D Nappa   : madePredictionFromActivity = true, 
08-05 00:50:14.064 27131 27131 D Nappa   : fromActivity = nappatfpr.com.newsblur.activity.GlobalSharedStoriesItemsList, 
08-05 00:50:14.064 27131 27131 D Nappa   : predictedNextActivityFromActivity = [], 
08-05 00:50:14.064 27131 27131 D Nappa   : activity.getClass().getCanonicalName() = nappatfpr.com.newsblur.activity.GlobalSharedStoriesReading, 
08-05 00:50:14.064 27131 27131 D Nappa   : setCurrentActivity - MetricStrategyAccuracy - 
08-05 00:50:14.064 27131 27131 D Nappa   : madePredictionFromExtra = true, 
08-05 00:50:14.064 27131 27131 D Nappa   : fromActivity = nappatfpr.com.newsblur.activity.GlobalSharedStoriesItemsList, 
08-05 00:50:14.064 27131 27131 D Nappa   : predictedNextActivityFromExtra = [], 
08-05 00:50:14.064 27131 27131 D Nappa   : activity.getClass().getCanonicalName() = nappatfpr.com.newsblur.activity.GlobalSharedStoriesReading, 
08-05 00:50:14.064 27131 27131 D Nappa   : PREFETCH_ON_EXTRA - setCurrentActivity - logs - from activity - made prediction istrue
08-05 00:50:14.064 27131 27131 D Nappa   : PREFETCH_ON_EXTRA - setCurrentActivity - logs - from activity - start
08-05 00:50:14.064 27131 27131 I NAPPA_EXPERIMENTATION: MetricStrategyAccuracy: LOG_ID='2',EXECUTION_COUNT='3',CASES_COUNT='3',HIT_PERCENTAGE_TOTAL='0.0',HIT_PERCENTAGE_WHEN_PREDICTED='0.0',HIT_COUNT='0',MISS_COUNT='0',INSUFFICIENT_SCORE_COUNT='0',EXCEPTION_COUNT='0',NO_SUCCESSOR_COUNT='3',
08-05 00:50:14.064 27131 27131 D Nappa   : PREFETCH_ON_EXTRA - setCurrentActivity - logs - from activity- finished
08-05 00:50:14.073 27131 27142 I art     : Explicit concurrent mark sweep GC freed 156(35KB) AllocSpace objects, 1(20KB) LOS objects, 34% free, 30MB/46MB, paused 523us total 17.223ms
08-05 00:50:14.080 27131 27142 I art     : Starting a blocking GC Explicit
08-05 00:50:14.097 27131 27142 I art     : Explicit concurrent mark sweep GC freed 33(1200B) AllocSpace objects, 0(0B) LOS objects, 34% free, 30MB/46MB, paused 490us total 16.807ms
08-05 00:50:14.165 27131 27131 D Nappa   : registerActivity: (new) nappatfpr.com.newsblur.activity.GlobalSharedStoriesReading
08-05 00:50:14.170 27131  9345 D RegisterNewActivityRunnable: activity = ActivityData{nappatfpr.com.newsblur.activity.GlobalSharedStoriesReading (#3)}
08-05 00:50:14.170 27131  9345 D RegisterNewActivityRunnable: graph.getCurrent() = GlobalSharedStoriesItemsList 
08-05 00:50:14.170 27131  9345 D RegisterNewActivityRunnable: 	Successors:
08-05 00:50:14.170 27131  9345 D RegisterNewActivityRunnable: 
08-05 00:50:14.170 27131  9345 D RegisterNewActivityRunnable: 	Ancestors:
08-05 00:50:14.170 27131  9345 D RegisterNewActivityRunnable: 		Main (1 hits)
08-05 00:50:14.170 27131  9345 D RegisterNewActivityRunnable: 
08-05 00:50:14.170 27131  9345 D Nappa   : Updating activity map nappatfpr.com.newsblur.activity.GlobalSharedStoriesReading: 3
08-05 00:50:14.171 27131  9345 D RegisterNewActivityRunnable: Activity registered nappatfpr.com.newsblur.activity.GlobalSharedStoriesReading (#3)
08-05 00:50:14.171 27131 27131 D ActivityGraph: LARDataUpdate node nappatfpr.com.newsblur.activity.GlobalSharedStoriesReading added to nodelist
08-05 00:50:14.171 27131 27131 D ActivityGraph: LARDataUpdate  Pagerank: 0.25 HITS-Authority: 1.0 HITS-Hub: 1.0 SALSA-Authority: 1.0 SALSA-Hub: 1.0
08-05 00:50:14.171 27131 27131 D ActivityNode: ACTNODE CREATING, NOT IN DB
08-05 00:50:14.171 27131 27131 D ActivityGraph: LARDataCalculatedUpdate nappatfpr.com.newsblur.activity.GlobalSharedStoriesReading Pagerank: 0.25 HITS-Authority: 1.0 HITS-Hub: 1.0 SALSA-Authority: 1.0 SALSA-Hub: 1.0
08-05 00:50:14.171 27131  9357 D Nappa   : {nappatfpr.com.newsblur.activity.GlobalSharedStoriesReading=3, nappatfpr.com.newsblur.activity.GlobalSharedStoriesItemsList=2, nappatfpr.com.newsblur.activity.Main=1}
08-05 00:50:14.171 27131 27131 D Nappa   : SHOULD_PREFETCH true
08-05 00:50:14.271 27131  9859 D Nappa   : registerActivity: (already in) nappatfpr.com.newsblur.activity.GlobalSharedStoriesReading
08-05 00:50:14.271 27131 27131 D Nappa   : registerActivity: (already in) nappatfpr.com.newsblur.activity.GlobalSharedStoriesReading
08-05 00:50:14.272 27131  9859 D RegisterNewActivityRunnable: activity = ActivityData{nappatfpr.com.newsblur.activity.GlobalSharedStoriesReading (#3)}
08-05 00:50:14.272 27131 27131 D Nappa   : STATS Number of requests not prefetched: 8
08-05 00:50:14.272 27131 27131 D Nappa   : STATS Number of requests prefetched: 0
08-05 00:50:14.272 27131  9859 D RegisterNewActivityRunnable: graph.getByName(activityName) = GlobalSharedStoriesReading 
08-05 00:50:14.272 27131  9859 D RegisterNewActivityRunnable: 	Successors:
08-05 00:50:14.272 27131  9859 D RegisterNewActivityRunnable: 
08-05 00:50:14.272 27131  9859 D RegisterNewActivityRunnable: 	Ancestors:
08-05 00:50:14.272 27131  9859 D RegisterNewActivityRunnable: 		GlobalSharedStoriesItemsList (1 hits)
08-05 00:50:14.272 27131  9859 D RegisterNewActivityRunnable: 
08-05 00:50:14.272 27131 27131 D Nappa   : STATS Time saved until now: 0.0
08-05 00:50:14.272 27131  9859 D FetchActivityLiveDataInfoHandler: activity  = GlobalSharedStoriesReading
08-05 00:50:14.272 27131  9859 D FetchActivityLiveDataInfoHandler: shouldSetSessionAggregateLiveData  = true
08-05 00:50:14.273 27131  9859 D FetchActivityLiveDataInfoHandler: need/shouldSetSuccessorVisitTime  = true - true
08-05 00:50:14.273 27131  9859 D FetchActivityLiveDataInfoHandler: need/shouldSetSuccessorVisitTime  = true - true
08-05 00:50:14.273 27131  9859 D FetchActivityLiveDataInfoHandler: shouldSetUrlCandidateDbLiveDataLiveData  = true
08-05 00:50:14.273 27131  9859 D FetchActivityLiveDataInfoHandler: shouldSetActivityExtraLiveData  = true
08-05 00:50:14.273 27131  9339 D FetchSessionDataRunnable: GlobalSharedStoriesReading Fetching session data for LAST_N_SESSIONS_FROM_ENTITY_SESSION
08-05 00:50:14.273 27131  9345 D FetchVisitTimeRunnable: GlobalSharedStoriesReading Fetching session data for LAST_N_SESSIONS_FROM_ENTITY_SESSION
08-05 00:50:14.274 27131  9339 D FetchSuccessorsVisitTimeRunnable: GlobalSharedStoriesReading Fetching session data for LAST_N_SESSIONS_FROM_ENTITY_SESSION
08-05 00:50:14.274 27131  9345 D FetchUrlCandidateRunnable: GlobalSharedStoriesReading Fetching URL candidates
08-05 00:50:14.274 27131  9339 D FetchIntentExtraRunnable: GlobalSharedStoriesReading Fetching intent extras
08-05 00:50:14.274 27131  9859 D RegisterNewActivityRunnable: Current node is now available after 109 ms
08-05 00:50:14.274 27131  9859 D RegisterNewActivityRunnable: GlobalSharedStoriesReading 
08-05 00:50:14.274 27131  9859 D RegisterNewActivityRunnable: 	Successors:
08-05 00:50:14.274 27131  9859 D RegisterNewActivityRunnable: 
08-05 00:50:14.274 27131  9859 D RegisterNewActivityRunnable: 	Ancestors:
08-05 00:50:14.274 27131  9859 D RegisterNewActivityRunnable: 		GlobalSharedStoriesItemsList (1 hits)
08-05 00:50:14.274 27131  9859 D RegisterNewActivityRunnable: 
