08-05 03:13:07.958 13190 13252 I art     : Explicit concurrent mark sweep GC freed 155(23KB) AllocSpace objects, 0(0B) LOS objects, 35% free, 29MB/45MB, paused 484us total 16.189ms
08-05 03:13:07.961 13190 13478 D CustomInterceptor: CACHE_CONTROL SETTING NEW MAX-AGE
08-05 03:13:07.962 13190 13478 D CustomInterceptor: HEADER RESPONSE
08-05 03:13:07.962 13190 13478 D CustomInterceptor: Accept-Ranges bytes
08-05 03:13:07.962 13190 13478 D CustomInterceptor: Cache-Control public, immutable, max-age=300, only-if-cached, max-stale=300
08-05 03:13:07.962 13190 13478 D CustomInterceptor: Content-Length 477
08-05 03:13:07.962 13190 13478 D CustomInterceptor: Content-Type image/png
08-05 03:13:07.962 13190 13478 D CustomInterceptor: Date Wed, 05 Aug 2020 01:13:04 GMT
08-05 03:13:07.962 13190 13478 D CustomInterceptor: ETag "c9bf1f07378831e51f45ddc262f16afc"
08-05 03:13:07.962 13190 13478 D CustomInterceptor: Expires Wed, 05 Aug 2020 01:18:07 GMT+00:00
08-05 03:13:07.962 13190 13478 D CustomInterceptor: Last-Modified Wed, 05 Aug 2020 00:50:02 GMT
08-05 03:13:07.962 13190 13478 D CustomInterceptor: Server AmazonS3
08-05 03:13:07.962 13190 13478 D CustomInterceptor: x-amz-id-2 94Rwk5ojWxCqHXBHdbTnIfMwWvr8BoPO9FIAVluZq4vB828m+Cmx0ha8bhtO/NPhl223fsMKZj0=
08-05 03:13:07.962 13190 13478 D CustomInterceptor: x-amz-request-id 0EA63B351126C2AD
08-05 03:13:07.962 13190 13478 D CustomInterceptor: CACHEABLE true
08-05 03:13:07.962 13190 13478 D CustomInterceptor: REQ https://s3.amazonaws.com/icons.newsblur.com/5762506.png
08-05 03:13:07.962 13190 13478 D CustomInterceptor: REQ_SERV_BY net
08-05 03:13:07.963 13190 13478 D CustomInterceptor: PREFLIB Adding response to lrucache - https://s3.amazonaws.com/icons.newsblur.com/5762506.png
08-05 03:13:07.964 13190 13252 I art     : Starting a blocking GC Explicit
08-05 03:13:07.980 13190 13252 I art     : Explicit concurrent mark sweep GC freed 257(24KB) AllocSpace objects, 0(0B) LOS objects, 35% free, 29MB/45MB, paused 507us total 15.637ms
08-05 03:13:08.000 13190 13478 D CustomInterceptor: interceptor_finished : return_type #3 : request served from remote and added to cache
08-05 03:13:08.001 13190 13478 I NAPPA_EXPERIMENTATION: MetricNetworkRequestExecutionTime: REQUEST_DURATION_SYSTEM='737',REQUEST_DURATION_OKHTTP='0',REQUEST_SYNCHRONOUS='TRUE',RESPONSE_CODE='200',RESPONSE_METHOD='GET',RESPONSE_LENGTH_OKHTTP='770',RESPONSE_LENGTH_HEADER='-2',REQUEST_PROTOCOL='http/1.1',REQUEST_URL='https://s3.amazonaws.com/icons.newsblur.com/5762506.png',
08-05 03:13:08.002 13190 13478 D skia    : --- SkImageDecoder::Factory returned null
08-05 03:13:08.002 13190 13478 D skia    : --- SkImageDecoder::Factory returned null
08-05 03:13:08.022 13190 13207 D Nappa   : registerActivity: (already in) nappatfpr.com.newsblur.activity.GlobalSharedStoriesItemsList
08-05 03:13:08.023 13190 13207 D Nappa   : PARENTS 
08-05 03:13:08.023 13190 13207 D Nappa   : Of: nappatfpr.com.newsblur.activity.GlobalSharedStoriesItemsList -> 
08-05 03:13:08.023 13190 13207 D Nappa   : PARENTS nappatfpr.com.newsblur.activity.Main
08-05 03:13:08.023 13190 13207 D Nappa   : PARENTS has extra: (feed_set, nappatfpr.com.newsblur.util.FeedSet@e)
08-05 03:13:08.256 13190 13202 I art     : Starting a blocking GC Explicit
08-05 03:13:08.277 13190 13202 I art     : Explicit concurrent mark sweep GC freed 7547(405KB) AllocSpace objects, 4(80KB) LOS objects, 35% free, 29MB/45MB, paused 451us total 19.710ms
08-05 03:13:08.283 13190 13202 I art     : Starting a blocking GC Explicit
08-05 03:13:08.302 13190 13202 I art     : Explicit concurrent mark sweep GC freed 240(8KB) AllocSpace objects, 0(0B) LOS objects, 35% free, 29MB/45MB, paused 456us total 18.054ms
08-05 03:13:08.309 13190 13202 I art     : Starting a blocking GC Explicit
08-05 03:13:08.327 13190 13202 I art     : Explicit concurrent mark sweep GC freed 3(96B) AllocSpace objects, 0(0B) LOS objects, 35% free, 29MB/45MB, paused 455us total 17.588ms
08-05 03:13:08.333 13190 13202 I art     : Starting a blocking GC Explicit
08-05 03:13:08.350 13190 13202 I art     : Explicit concurrent mark sweep GC freed 3(96B) AllocSpace objects, 0(0B) LOS objects, 35% free, 29MB/45MB, paused 402us total 16.899ms
08-05 03:13:08.357 13190 13202 I art     : Starting a blocking GC Explicit
08-05 03:13:08.375 13190 13202 I art     : Explicit concurrent mark sweep GC freed 3(96B) AllocSpace objects, 0(0B) LOS objects, 35% free, 29MB/45MB, paused 418us total 17.144ms
08-05 03:13:08.670 13190 13201 I art     : Starting a blocking GC Explicit
08-05 03:13:08.690 13190 13201 I art     : Explicit concurrent mark sweep GC freed 1603(96KB) AllocSpace objects, 1(20KB) LOS objects, 35% free, 29MB/45MB, paused 419us total 19.999ms
08-05 03:13:08.701 13190 13201 I art     : Starting a blocking GC Explicit
08-05 03:13:08.718 13190 13201 I art     : Explicit concurrent mark sweep GC freed 28(1024B) AllocSpace objects, 0(0B) LOS objects, 35% free, 29MB/45MB, paused 386us total 16.827ms
08-05 03:13:08.724 13190 13201 I art     : Starting a blocking GC Explicit
08-05 03:13:08.741 13190 13201 I art     : Explicit concurrent mark sweep GC freed 3(96B) AllocSpace objects, 0(0B) LOS objects, 35% free, 29MB/45MB, paused 418us total 16.636ms
08-05 03:13:08.748 13190 13201 I art     : Starting a blocking GC Explicit
08-05 03:13:08.765 13190 13201 I art     : Explicit concurrent mark sweep GC freed 3(96B) AllocSpace objects, 0(0B) LOS objects, 35% free, 29MB/45MB, paused 403us total 16.940ms
08-05 03:13:08.771 13190 13201 I art     : Starting a blocking GC Explicit
08-05 03:13:08.789 13190 13201 I art     : Explicit concurrent mark sweep GC freed 3(96B) AllocSpace objects, 0(0B) LOS objects, 35% free, 29MB/45MB, paused 400us total 16.870ms
08-05 03:13:09.109 13190 13252 I art     : Starting a blocking GC Explicit
08-05 03:13:09.131 13190 13252 I art     : Explicit concurrent mark sweep GC freed 1602(96KB) AllocSpace objects, 1(20KB) LOS objects, 35% free, 29MB/45MB, paused 441us total 20.604ms
08-05 03:13:09.138 13190 13252 I art     : Starting a blocking GC Explicit
08-05 03:13:09.155 13190 13252 I art     : Explicit concurrent mark sweep GC freed 28(1024B) AllocSpace objects, 0(0B) LOS objects, 35% free, 29MB/45MB, paused 413us total 17.147ms
08-05 03:13:09.162 13190 13252 I art     : Starting a blocking GC Explicit
08-05 03:13:09.179 13190 13252 I art     : Explicit concurrent mark sweep GC freed 3(96B) AllocSpace objects, 0(0B) LOS objects, 35% free, 29MB/45MB, paused 403us total 17.185ms
08-05 03:13:09.186 13190 13252 I art     : Starting a blocking GC Explicit
08-05 03:13:09.203 13190 13252 I art     : Explicit concurrent mark sweep GC freed 3(96B) AllocSpace objects, 0(0B) LOS objects, 35% free, 29MB/45MB, paused 438us total 17.115ms
08-05 03:13:09.210 13190 13252 I art     : Starting a blocking GC Explicit
08-05 03:13:09.227 13190 13252 I art     : Explicit concurrent mark sweep GC freed 3(96B) AllocSpace objects, 0(0B) LOS objects, 35% free, 29MB/45MB, paused 490us total 16.874ms
08-05 03:13:09.551 13190 13202 I art     : Starting a blocking GC Explicit
08-05 03:13:09.572 13190 13202 I art     : Explicit concurrent mark sweep GC freed 1599(95KB) AllocSpace objects, 1(20KB) LOS objects, 35% free, 29MB/45MB, paused 438us total 20.528ms
08-05 03:13:09.579 13190 13202 I art     : Starting a blocking GC Explicit
08-05 03:13:09.598 13190 13202 I art     : Explicit concurrent mark sweep GC freed 28(1024B) AllocSpace objects, 0(0B) LOS objects, 35% free, 29MB/45MB, paused 437us total 18.386ms
08-05 03:13:09.605 13190 13202 I art     : Starting a blocking GC Explicit
08-05 03:13:09.622 13190 13202 I art     : Explicit concurrent mark sweep GC freed 3(96B) AllocSpace objects, 0(0B) LOS objects, 35% free, 29MB/45MB, paused 384us total 17.208ms
08-05 03:13:09.629 13190 13202 I art     : Starting a blocking GC Explicit
08-05 03:13:09.646 13190 13202 I art     : Explicit concurrent mark sweep GC freed 3(96B) AllocSpace objects, 0(0B) LOS objects, 35% free, 29MB/45MB, paused 435us total 16.875ms
08-05 03:13:09.653 13190 13202 I art     : Starting a blocking GC Explicit
08-05 03:13:09.670 13190 13202 I art     : Explicit concurrent mark sweep GC freed 3(96B) AllocSpace objects, 0(0B) LOS objects, 35% free, 29MB/45MB, paused 446us total 17.490ms
08-05 03:13:09.950 13190 13201 I art     : Starting a blocking GC Explicit
08-05 03:13:09.969 13190 13201 I art     : Explicit concurrent mark sweep GC freed 1597(92KB) AllocSpace objects, 1(20KB) LOS objects, 35% free, 29MB/45MB, paused 418us total 19.297ms
08-05 03:13:09.976 13190 13201 I art     : Starting a blocking GC Explicit
08-05 03:13:09.995 13190 13201 I art     : Explicit concurrent mark sweep GC freed 28(1024B) AllocSpace objects, 0(0B) LOS objects, 35% free, 29MB/45MB, paused 430us total 18.156ms
08-05 03:13:10.002 13190 13201 I art     : Starting a blocking GC Explicit
08-05 03:13:10.020 13190 13201 I art     : Explicit concurrent mark sweep GC freed 3(96B) AllocSpace objects, 0(0B) LOS objects, 35% free, 29MB/45MB, paused 448us total 17.979ms
08-05 03:13:10.027 13190 13201 I art     : Starting a blocking GC Explicit
08-05 03:13:10.044 13190 13201 I art     : Explicit concurrent mark sweep GC freed 3(96B) AllocSpace objects, 0(0B) LOS objects, 35% free, 29MB/45MB, paused 408us total 17.038ms
08-05 03:13:10.051 13190 13201 I art     : Starting a blocking GC Explicit
08-05 03:13:10.068 13190 13201 I art     : Explicit concurrent mark sweep GC freed 3(96B) AllocSpace objects, 0(0B) LOS objects, 35% free, 29MB/45MB, paused 410us total 17.506ms
08-05 03:13:10.335 13190 13252 I art     : Starting a blocking GC Explicit
08-05 03:13:10.352 13190 13252 I art     : Explicit concurrent mark sweep GC freed 1596(91KB) AllocSpace objects, 1(20KB) LOS objects, 35% free, 29MB/45MB, paused 416us total 16.530ms
08-05 03:13:10.358 13190 13252 I art     : Starting a blocking GC Explicit
08-05 03:13:10.373 13190 13252 I art     : Explicit concurrent mark sweep GC freed 28(1024B) AllocSpace objects, 0(0B) LOS objects, 35% free, 29MB/45MB, paused 384us total 14.909ms
08-05 03:13:10.379 13190 13252 I art     : Starting a blocking GC Explicit
08-05 03:13:10.394 13190 13252 I art     : Explicit concurrent mark sweep GC freed 3(96B) AllocSpace objects, 0(0B) LOS objects, 35% free, 29MB/45MB, paused 382us total 14.933ms
08-05 03:13:10.400 13190 13252 I art     : Starting a blocking GC Explicit
08-05 03:13:10.415 13190 13252 I art     : Explicit concurrent mark sweep GC freed 3(96B) AllocSpace objects, 0(0B) LOS objects, 35% free, 29MB/45MB, paused 376us total 15.001ms
08-05 03:13:10.421 13190 13252 I art     : Starting a blocking GC Explicit
08-05 03:13:10.436 13190 13252 I art     : Explicit concurrent mark sweep GC freed 3(96B) AllocSpace objects, 0(0B) LOS objects, 35% free, 29MB/45MB, paused 404us total 14.841ms
08-05 03:13:10.716 13190 13252 I art     : Starting a blocking GC Explicit
08-05 03:13:10.734 13190 13252 I art     : Explicit concurrent mark sweep GC freed 1597(91KB) AllocSpace objects, 1(20KB) LOS objects, 35% free, 29MB/45MB, paused 421us total 17.003ms
08-05 03:13:10.740 13190 13252 I art     : Starting a blocking GC Explicit
08-05 03:13:10.756 13190 13252 I art     : Explicit concurrent mark sweep GC freed 401(14KB) AllocSpace objects, 0(0B) LOS objects, 35% free, 29MB/45MB, paused 483us total 15.700ms
08-05 03:13:10.763 13190 13252 I art     : Starting a blocking GC Explicit
08-05 03:13:10.779 13190 13252 I art     : Explicit concurrent mark sweep GC freed 3(96B) AllocSpace objects, 0(0B) LOS objects, 35% free, 29MB/45MB, paused 388us total 15.553ms
08-05 03:13:10.785 13190 13252 I art     : Starting a blocking GC Explicit
08-05 03:13:10.801 13190 13252 I art     : Explicit concurrent mark sweep GC freed 3(96B) AllocSpace objects, 0(0B) LOS objects, 35% free, 29MB/45MB, paused 392us total 15.733ms
08-05 03:13:10.807 13190 13252 I art     : Starting a blocking GC Explicit
08-05 03:13:10.823 13190 13252 I art     : Explicit concurrent mark sweep GC freed 3(96B) AllocSpace objects, 0(0B) LOS objects, 35% free, 29MB/45MB, paused 400us total 15.753ms
08-05 03:13:10.900  9999  9999 I Atfwd_Sendcmd: AtCmdFwd service not ready - Exhausted retry attempts - :6
08-05 03:13:10.900  9999  9999 I Atfwd_Daemon: result : -1 	 ,Init step :2 	 ,qmiErrorCode: 0
08-05 03:13:11.126 13190 13202 I art     : Starting a blocking GC Explicit
08-05 03:13:11.147 13190 13202 I art     : Explicit concurrent mark sweep GC freed 1597(91KB) AllocSpace objects, 1(20KB) LOS objects, 35% free, 29MB/45MB, paused 438us total 20.665ms
08-05 03:13:11.156 13190 13202 I art     : Starting a blocking GC Explicit
08-05 03:13:11.174 13190 13202 I art     : Explicit concurrent mark sweep GC freed 28(1024B) AllocSpace objects, 0(0B) LOS objects, 35% free, 29MB/45MB, paused 406us total 17.453ms
08-05 03:13:11.181 13190 13202 I art     : Starting a blocking GC Explicit
08-05 03:13:11.198 13190 13202 I art     : Explicit concurrent mark sweep GC freed 3(96B) AllocSpace objects, 0(0B) LOS objects, 35% free, 29MB/45MB, paused 409us total 17.104ms
08-05 03:13:11.205 13190 13202 I art     : Starting a blocking GC Explicit
08-05 03:13:11.222 13190 13202 I art     : Explicit concurrent mark sweep GC freed 3(96B) AllocSpace objects, 0(0B) LOS objects, 35% free, 29MB/45MB, paused 425us total 17.291ms
08-05 03:13:11.229 13190 13202 I art     : Starting a blocking GC Explicit
08-05 03:13:11.246 13190 13202 I art     : Explicit concurrent mark sweep GC freed 3(96B) AllocSpace objects, 0(0B) LOS objects, 35% free, 29MB/45MB, paused 403us total 16.949ms
08-05 03:13:11.550 13190 13201 I art     : Starting a blocking GC Explicit
08-05 03:13:11.570 13190 13201 I art     : Explicit concurrent mark sweep GC freed 1597(91KB) AllocSpace objects, 1(20KB) LOS objects, 35% free, 29MB/45MB, paused 423us total 19.909ms
08-05 03:13:11.577 13190 13201 I art     : Starting a blocking GC Explicit
08-05 03:13:11.595 13190 13201 I art     : Explicit concurrent mark sweep GC freed 28(1024B) AllocSpace objects, 0(0B) LOS objects, 35% free, 29MB/45MB, paused 405us total 17.684ms
08-05 03:13:11.602 13190 13201 I art     : Starting a blocking GC Explicit
08-05 03:13:11.619 13190 13201 I art     : Explicit concurrent mark sweep GC freed 3(96B) AllocSpace objects, 0(0B) LOS objects, 35% free, 29MB/45MB, paused 408us total 17.237ms
08-05 03:13:11.626 13190 13201 I art     : Starting a blocking GC Explicit
08-05 03:13:11.643 13190 13201 I art     : Explicit concurrent mark sweep GC freed 3(96B) AllocSpace objects, 0(0B) LOS objects, 35% free, 29MB/45MB, paused 419us total 17.031ms
08-05 03:13:11.650 13190 13201 I art     : Starting a blocking GC Explicit
08-05 03:13:11.667 13190 13201 I art     : Explicit concurrent mark sweep GC freed 3(96B) AllocSpace objects, 0(0B) LOS objects, 35% free, 29MB/45MB, paused 480us total 16.882ms
08-05 03:13:11.975 13190 13252 I art     : Starting a blocking GC Explicit
08-05 03:13:11.994 13190 13252 I art     : Explicit concurrent mark sweep GC freed 1597(91KB) AllocSpace objects, 1(20KB) LOS objects, 35% free, 29MB/45MB, paused 430us total 19.594ms
08-05 03:13:12.001 13190 13252 I art     : Starting a blocking GC Explicit
08-05 03:13:12.019 13190 13252 I art     : Explicit concurrent mark sweep GC freed 28(1024B) AllocSpace objects, 0(0B) LOS objects, 35% free, 29MB/45MB, paused 406us total 17.458ms
08-05 03:13:12.026 13190 13252 I art     : Starting a blocking GC Explicit
08-05 03:13:12.043 13190 13252 I art     : Explicit concurrent mark sweep GC freed 3(96B) AllocSpace objects, 0(0B) LOS objects, 35% free, 29MB/45MB, paused 476us total 17.057ms
08-05 03:13:12.050 13190 13252 I art     : Starting a blocking GC Explicit
08-05 03:13:12.067 13190 13252 I art     : Explicit concurrent mark sweep GC freed 3(96B) AllocSpace objects, 0(0B) LOS objects, 35% free, 29MB/45MB, paused 495us total 16.805ms
08-05 03:13:12.073 13190 13252 I art     : Starting a blocking GC Explicit
08-05 03:13:12.090 13190 13252 I art     : Explicit concurrent mark sweep GC freed 3(96B) AllocSpace objects, 0(0B) LOS objects, 35% free, 29MB/45MB, paused 402us total 17.055ms
08-05 03:13:12.415 13190 13202 I art     : Starting a blocking GC Explicit
08-05 03:13:12.435 13190 13202 I art     : Explicit concurrent mark sweep GC freed 1596(91KB) AllocSpace objects, 1(20KB) LOS objects, 35% free, 29MB/45MB, paused 437us total 19.932ms
08-05 03:13:12.446 13190 13202 I art     : Starting a blocking GC Explicit
08-05 03:13:12.462 13190 13202 I art     : Explicit concurrent mark sweep GC freed 28(1024B) AllocSpace objects, 0(0B) LOS objects, 35% free, 29MB/45MB, paused 396us total 16.495ms
08-05 03:13:12.469 13190 13202 I art     : Starting a blocking GC Explicit
08-05 03:13:12.486 13190 13202 I art     : Explicit concurrent mark sweep GC freed 3(96B) AllocSpace objects, 0(0B) LOS objects, 35% free, 29MB/45MB, paused 396us total 16.680ms
08-05 03:13:12.492 13190 13202 I art     : Starting a blocking GC Explicit
08-05 03:13:12.509 13190 13202 I art     : Explicit concurrent mark sweep GC freed 3(96B) AllocSpace objects, 0(0B) LOS objects, 35% free, 29MB/45MB, paused 401us total 16.763ms
08-05 03:13:12.516 13190 13202 I art     : Starting a blocking GC Explicit
08-05 03:13:12.532 13190 13202 I art     : Explicit concurrent mark sweep GC freed 3(96B) AllocSpace objects, 0(0B) LOS objects, 35% free, 29MB/45MB, paused 474us total 16.273ms
08-05 03:13:12.830 13190 13201 I art     : Starting a blocking GC Explicit
08-05 03:13:12.850 13190 13201 I art     : Explicit concurrent mark sweep GC freed 1596(91KB) AllocSpace objects, 1(20KB) LOS objects, 35% free, 29MB/45MB, paused 416us total 19.167ms
08-05 03:13:12.859 13190 13201 I art     : Starting a blocking GC Explicit
08-05 03:13:12.875 13190 13201 I art     : Explicit concurrent mark sweep GC freed 28(1024B) AllocSpace objects, 0(0B) LOS objects, 35% free, 29MB/45MB, paused 450us total 16.484ms
08-05 03:13:12.882 13190 13201 I art     : Starting a blocking GC Explicit
08-05 03:13:12.899 13190 13201 I art     : Explicit concurrent mark sweep GC freed 3(96B) AllocSpace objects, 0(0B) LOS objects, 35% free, 29MB/45MB, paused 402us total 16.803ms
08-05 03:13:12.905 13190 13201 I art     : Starting a blocking GC Explicit
08-05 03:13:12.922 13190 13201 I art     : Explicit concurrent mark sweep GC freed 3(96B) AllocSpace objects, 0(0B) LOS objects, 35% free, 29MB/45MB, paused 387us total 16.748ms
08-05 03:13:12.929 13190 13201 I art     : Starting a blocking GC Explicit
08-05 03:13:12.945 13190 13201 I art     : Explicit concurrent mark sweep GC freed 3(96B) AllocSpace objects, 0(0B) LOS objects, 35% free, 29MB/45MB, paused 402us total 16.511ms
08-05 03:13:13.269 13190 13252 I art     : Starting a blocking GC Explicit
08-05 03:13:13.290 13190 13252 I art     : Explicit concurrent mark sweep GC freed 1596(91KB) AllocSpace objects, 1(20KB) LOS objects, 35% free, 29MB/45MB, paused 421us total 20.427ms
08-05 03:13:13.297 13190 13252 I art     : Starting a blocking GC Explicit
08-05 03:13:13.315 13190 13252 I art     : Explicit concurrent mark sweep GC freed 28(1024B) AllocSpace objects, 0(0B) LOS objects, 35% free, 29MB/45MB, paused 423us total 17.483ms
08-05 03:13:13.322 13190 13252 I art     : Starting a blocking GC Explicit
08-05 03:13:13.339 13190 13252 I art     : Explicit concurrent mark sweep GC freed 3(96B) AllocSpace objects, 0(0B) LOS objects, 35% free, 29MB/45MB, paused 387us total 17.434ms
08-05 03:13:13.346 13190 13252 I art     : Starting a blocking GC Explicit
08-05 03:13:13.364 13190 13252 I art     : Explicit concurrent mark sweep GC freed 3(96B) AllocSpace objects, 0(0B) LOS objects, 35% free, 29MB/45MB, paused 375us total 17.353ms
08-05 03:13:13.371 13190 13252 I art     : Starting a blocking GC Explicit
08-05 03:13:13.388 13190 13252 I art     : Explicit concurrent mark sweep GC freed 3(96B) AllocSpace objects, 0(0B) LOS objects, 35% free, 29MB/45MB, paused 414us total 17.398ms
08-05 03:13:13.698 13190 13202 I art     : Starting a blocking GC Explicit
08-05 03:13:13.720 13190 13202 I art     : Explicit concurrent mark sweep GC freed 1596(91KB) AllocSpace objects, 1(20KB) LOS objects, 35% free, 29MB/45MB, paused 439us total 21.124ms
08-05 03:13:13.730 13190 13202 I art     : Starting a blocking GC Explicit
08-05 03:13:13.748 13190 13202 I art     : Explicit concurrent mark sweep GC freed 28(1024B) AllocSpace objects, 0(0B) LOS objects, 35% free, 29MB/45MB, paused 434us total 17.661ms
08-05 03:13:13.754 13190 13202 I art     : Starting a blocking GC Explicit
08-05 03:13:13.772 13190 13202 I art     : Explicit concurrent mark sweep GC freed 3(96B) AllocSpace objects, 0(0B) LOS objects, 35% free, 29MB/45MB, paused 444us total 17.620ms
08-05 03:13:13.779 13190 13202 I art     : Starting a blocking GC Explicit
08-05 03:13:13.796 13190 13202 I art     : Explicit concurrent mark sweep GC freed 3(96B) AllocSpace objects, 0(0B) LOS objects, 35% free, 29MB/45MB, paused 443us total 17.009ms
08-05 03:13:13.803 13190 13202 I art     : Starting a blocking GC Explicit
08-05 03:13:13.820 13190 13202 I art     : Explicit concurrent mark sweep GC freed 3(96B) AllocSpace objects, 0(0B) LOS objects, 35% free, 29MB/45MB, paused 406us total 16.883ms
08-05 03:13:14.139 13190 13201 I art     : Starting a blocking GC Explicit
08-05 03:13:14.159 13190 13201 I art     : Explicit concurrent mark sweep GC freed 1596(91KB) AllocSpace objects, 1(20KB) LOS objects, 35% free, 29MB/45MB, paused 478us total 20.074ms
08-05 03:13:14.166 13190 13201 I art     : Starting a blocking GC Explicit
08-05 03:13:14.184 13190 13201 I art     : Explicit concurrent mark sweep GC freed 28(1024B) AllocSpace objects, 0(0B) LOS objects, 35% free, 29MB/45MB, paused 384us total 17.477ms
08-05 03:13:14.191 13190 13201 I art     : Starting a blocking GC Explicit
08-05 03:13:14.208 13190 13201 I art     : Explicit concurrent mark sweep GC freed 3(96B) AllocSpace objects, 0(0B) LOS objects, 35% free, 29MB/45MB, paused 412us total 17.030ms
08-05 03:13:14.215 13190 13201 I art     : Starting a blocking GC Explicit
08-05 03:13:14.232 13190 13201 I art     : Explicit concurrent mark sweep GC freed 3(96B) AllocSpace objects, 0(0B) LOS objects, 35% free, 29MB/45MB, paused 415us total 17.041ms
08-05 03:13:14.239 13190 13201 I art     : Starting a blocking GC Explicit
08-05 03:13:14.256 13190 13201 I art     : Explicit concurrent mark sweep GC freed 3(96B) AllocSpace objects, 0(0B) LOS objects, 35% free, 29MB/45MB, paused 438us total 16.921ms
08-05 03:13:14.573 13190 13252 I art     : Starting a blocking GC Explicit
08-05 03:13:14.594 13190 13252 I art     : Explicit concurrent mark sweep GC freed 1596(91KB) AllocSpace objects, 1(20KB) LOS objects, 35% free, 29MB/45MB, paused 439us total 21.327ms
08-05 03:13:14.604 13190 13252 I art     : Starting a blocking GC Explicit
08-05 03:13:14.620 13190 13252 I art     : Explicit concurrent mark sweep GC freed 28(1024B) AllocSpace objects, 0(0B) LOS objects, 35% free, 29MB/45MB, paused 394us total 16.785ms
08-05 03:13:14.627 13190 13252 I art     : Starting a blocking GC Explicit
08-05 03:13:14.644 13190 13252 I art     : Explicit concurrent mark sweep GC freed 3(96B) AllocSpace objects, 0(0B) LOS objects, 35% free, 29MB/45MB, paused 403us total 16.410ms
08-05 03:13:14.650 13190 13252 I art     : Starting a blocking GC Explicit
08-05 03:13:14.667 13190 13252 I art     : Explicit concurrent mark sweep GC freed 3(96B) AllocSpace objects, 0(0B) LOS objects, 35% free, 29MB/45MB, paused 504us total 16.709ms
08-05 03:13:14.673 13190 13252 I art     : Starting a blocking GC Explicit
08-05 03:13:14.690 13190 13252 I art     : Explicit concurrent mark sweep GC freed 3(96B) AllocSpace objects, 0(0B) LOS objects, 35% free, 29MB/45MB, paused 405us total 16.724ms
08-05 03:13:15.007 13190 13202 I art     : Starting a blocking GC Explicit
08-05 03:13:15.028 13190 13202 I art     : Explicit concurrent mark sweep GC freed 1596(91KB) AllocSpace objects, 1(20KB) LOS objects, 35% free, 29MB/45MB, paused 454us total 20.856ms
08-05 03:13:15.037 13190 13202 I art     : Starting a blocking GC Explicit
08-05 03:13:15.054 13190 13202 I art     : Explicit concurrent mark sweep GC freed 28(1024B) AllocSpace objects, 0(0B) LOS objects, 35% free, 29MB/45MB, paused 395us total 16.998ms
08-05 03:13:15.060 13190 13202 I art     : Starting a blocking GC Explicit
08-05 03:13:15.078 13190 13202 I art     : Explicit concurrent mark sweep GC freed 3(96B) AllocSpace objects, 0(0B) LOS objects, 35% free, 29MB/45MB, paused 416us total 17.270ms
08-05 03:13:15.085 13190 13202 I art     : Starting a blocking GC Explicit
08-05 03:13:15.102 13190 13202 I art     : Explicit concurrent mark sweep GC freed 3(96B) AllocSpace objects, 0(0B) LOS objects, 35% free, 29MB/45MB, paused 413us total 17.090ms
08-05 03:13:15.109 13190 13202 I art     : Starting a blocking GC Explicit
08-05 03:13:15.126 13190 13202 I art     : Explicit concurrent mark sweep GC freed 3(96B) AllocSpace objects, 0(0B) LOS objects, 35% free, 29MB/45MB, paused 436us total 17.216ms
08-05 03:13:15.433 13190 13201 I art     : Starting a blocking GC Explicit
08-05 03:13:15.454 13190 13201 I art     : Explicit concurrent mark sweep GC freed 1596(91KB) AllocSpace objects, 1(20KB) LOS objects, 35% free, 29MB/45MB, paused 442us total 20.668ms
08-05 03:13:15.465 13190 13201 I art     : Starting a blocking GC Explicit
08-05 03:13:15.482 13190 13201 I art     : Explicit concurrent mark sweep GC freed 28(1024B) AllocSpace objects, 0(0B) LOS objects, 35% free, 29MB/45MB, paused 454us total 16.524ms
08-05 03:13:15.488 13190 13201 I art     : Starting a blocking GC Explicit
08-05 03:13:15.505 13190 13201 I art     : Explicit concurrent mark sweep GC freed 3(96B) AllocSpace objects, 0(0B) LOS objects, 35% free, 29MB/45MB, paused 405us total 16.574ms
08-05 03:13:15.512 13190 13201 I art     : Starting a blocking GC Explicit
08-05 03:13:15.528 13190 13201 I art     : Explicit concurrent mark sweep GC freed 3(96B) AllocSpace objects, 0(0B) LOS objects, 35% free, 29MB/45MB, paused 414us total 16.556ms
08-05 03:13:15.535 13190 13201 I art     : Starting a blocking GC Explicit
08-05 03:13:15.552 13190 13201 I art     : Explicit concurrent mark sweep GC freed 3(96B) AllocSpace objects, 0(0B) LOS objects, 35% free, 29MB/45MB, paused 395us total 16.616ms
08-05 03:13:15.891 13190 13252 I art     : Starting a blocking GC Explicit
08-05 03:13:15.913 13190 13252 I art     : Explicit concurrent mark sweep GC freed 1596(91KB) AllocSpace objects, 1(20KB) LOS objects, 35% free, 29MB/45MB, paused 415us total 21.847ms
08-05 03:13:15.921 13190 13252 I art     : Starting a blocking GC Explicit
08-05 03:13:15.939 13190 13252 I art     : Explicit concurrent mark sweep GC freed 28(1024B) AllocSpace objects, 0(0B) LOS objects, 35% free, 29MB/45MB, paused 399us total 17.882ms
08-05 03:13:15.946 13190 13252 I art     : Starting a blocking GC Explicit
08-05 03:13:15.963 13190 13252 I art     : Explicit concurrent mark sweep GC freed 3(96B) AllocSpace objects, 0(0B) LOS objects, 35% free, 29MB/45MB, paused 398us total 16.992ms
08-05 03:13:15.970 13190 13252 I art     : Starting a blocking GC Explicit
08-05 03:13:15.987 13190 13252 I art     : Explicit concurrent mark sweep GC freed 3(96B) AllocSpace objects, 0(0B) LOS objects, 35% free, 29MB/45MB, paused 475us total 16.797ms
08-05 03:13:15.994 13190 13252 I art     : Starting a blocking GC Explicit
08-05 03:13:16.011 13190 13252 I art     : Explicit concurrent mark sweep GC freed 3(96B) AllocSpace objects, 0(0B) LOS objects, 35% free, 29MB/45MB, paused 435us total 16.875ms
08-05 03:13:16.313 13190 13202 I art     : Starting a blocking GC Explicit
08-05 03:13:16.333 13190 13202 I art     : Explicit concurrent mark sweep GC freed 1596(91KB) AllocSpace objects, 1(20KB) LOS objects, 35% free, 29MB/45MB, paused 448us total 19.410ms
08-05 03:13:16.340 13190 13202 I art     : Starting a blocking GC Explicit
08-05 03:13:16.357 13190 13202 I art     : Explicit concurrent mark sweep GC freed 28(1024B) AllocSpace objects, 0(0B) LOS objects, 35% free, 29MB/45MB, paused 471us total 17.179ms
08-05 03:13:16.364 13190 13202 I art     : Starting a blocking GC Explicit
08-05 03:13:16.381 13190 13202 I art     : Explicit concurrent mark sweep GC freed 3(96B) AllocSpace objects, 0(0B) LOS objects, 35% free, 29MB/45MB, paused 395us total 16.122ms
08-05 03:13:16.387 13190 13202 I art     : Starting a blocking GC Explicit
08-05 03:13:16.402 13190 13202 I art     : Explicit concurrent mark sweep GC freed 3(96B) AllocSpace objects, 0(0B) LOS objects, 35% free, 29MB/45MB, paused 375us total 15.438ms
08-05 03:13:16.408 13190 13202 I art     : Starting a blocking GC Explicit
08-05 03:13:16.424 13190 13202 I art     : Explicit concurrent mark sweep GC freed 3(96B) AllocSpace objects, 0(0B) LOS objects, 35% free, 29MB/45MB, paused 400us total 15.956ms
08-05 03:13:16.589 13706 13706 D AndroidRuntime: >>>>>> START com.android.internal.os.RuntimeInit uid 2000 <<<<<<
08-05 03:13:16.594 13706 13706 D AndroidRuntime: CheckJNI is OFF
08-05 03:13:16.619 13706 13706 D ICU     : No timezone override file found: /data/misc/zoneinfo/current/icu/icu_tzdata.dat
08-05 03:13:16.644 13706 13706 I Radio-JNI: register_android_hardware_Radio DONE
08-05 03:13:16.661 13706 13706 D AndroidRuntime: Calling main entry com.android.commands.input.Input
08-05 03:13:16.663 13706 13706 I Input   : injectMotionEvent: MotionEvent { action=ACTION_DOWN, actionButton=0, id[0]=0, x[0]=436.0, y[0]=453.0, toolType[0]=TOOL_TYPE_UNKNOWN, buttonState=0, metaState=0, flags=0x0, edgeFlags=0x0, pointerCount=1, historySize=0, eventTime=760413076, downTime=760413076, deviceId=0, source=0x1002 }
08-05 03:13:16.668 13706 13706 I Input   : injectMotionEvent: MotionEvent { action=ACTION_UP, actionButton=0, id[0]=0, x[0]=436.0, y[0]=453.0, toolType[0]=TOOL_TYPE_UNKNOWN, buttonState=0, metaState=0, flags=0x0, edgeFlags=0x0, pointerCount=1, historySize=0, eventTime=760413076, downTime=760413076, deviceId=0, source=0x1002 }
08-05 03:13:16.671 13706 13706 D AndroidRuntime: Shutting down VM
08-05 03:13:16.679 13190 13190 D NappaIntentExtras: ==================
08-05 03:13:16.679 13190 13207 D Nappa   : PREFETCH_ON_EXTRA - notifyExtras- start
08-05 03:13:16.680   512  2967 D audio_hw_primary: out_set_parameters: enter: usecase(1: low-latency-playback) kvpairs: routing=2
08-05 03:13:16.681 13190 13190 D NappaIntentExtras: Log #2
08-05 03:13:16.681 13190 13190 D NappaIntentExtras: ------------------
08-05 03:13:16.681 13190 13190 D NappaIntentExtras: activity nappatfpr.com.newsblur.activity.GlobalSharedStoriesReading
08-05 03:13:16.681 13190 13190 D NappaIntentExtras: 	- No extras registered
08-05 03:13:16.681 13190 13190 D NappaIntentExtras: activity nappatfpr.com.newsblur.activity.AllSharedStoriesItemsList
08-05 03:13:16.681 13190 13190 D NappaIntentExtras: 	- No extras registered
08-05 03:13:16.681 13190 13190 D NappaIntentExtras: activity nappatfpr.com.newsblur.activity.AllSharedStoriesReading
08-05 03:13:16.681 13190 13190 D NappaIntentExtras: 	- No extras registered
08-05 03:13:16.681 13190 13190 D NappaIntentExtras: activity nappatfpr.com.newsblur.activity.GlobalSharedStoriesItemsList
08-05 03:13:16.681 13190 13190 D NappaIntentExtras: 	- 2 extras registered
08-05 03:13:16.681 13190 13190 D NappaIntentExtras: 	- story_hash : 0:65a6e4
08-05 03:13:16.682 13190 13207 I NAPPA_EXPERIMENTATION: MetricNappaPrefetchingStrategyExecutionTime: STRATEGY_CLASS='TfprPrefetchingStrategy',DURATION='789375',NUMBER_OF_URLS='0',NUMBER_OF_SELECTED_CHILDREN_NODES='1',NUMBER_OF_CHILDREN_NODES='1',STRATEGY_RUN_SUCCESSFULLY='True',
08-05 03:13:16.682 13190 13207 D TfprPrefetchingStrategy: ==================================
08-05 03:13:16.682 13190 13207 D TfprPrefetchingStrategy: Starting Run #3
08-05 03:13:16.682 13190 13190 D NappaIntentExtras: 	- feed_set : nappatfpr.com.newsblur.util.FeedSet@e
08-05 03:13:16.682 13190 13207 D TfprPrefetchingStrategy: ----------------------------------
08-05 03:13:16.682 13190 13207 D TfprPrefetchingStrategy: Node data GlobalSharedStoriesItemsList 
08-05 03:13:16.682 13190 13207 D TfprPrefetchingStrategy: 	Successors:
08-05 03:13:16.682 13190 13207 D TfprPrefetchingStrategy: 		GlobalSharedStoriesReading (0 hits)
08-05 03:13:16.682 13190 13207 D TfprPrefetchingStrategy: 	Ancestors:
08-05 03:13:16.682 13190 13207 D TfprPrefetchingStrategy: 		Main (0 hits)
08-05 03:13:16.682 13190 13207 D TfprPrefetchingStrategy: 
08-05 03:13:16.682 13190 13190 D NappaIntentExtras: activity nappatfpr.com.newsblur.activity.Main
08-05 03:13:16.682 13190 13207 D TfprPrefetchingStrategy: MetricStrategyAccuracy inc execution count3 | act = false; extra = true
08-05 03:13:16.682 13190 13190 D NappaIntentExtras: 	- 1 extras registered
08-05 03:13:16.682 13190 13207 D TfprPrefetchingStrategy: ===
08-05 03:13:16.682 13190 13190 D NappaIntentExtras: 	- feed_set : nappatfpr.com.newsblur.util.FeedSet@e
08-05 03:13:16.682 13190 13207 D TfprPrefetchingStrategy: calculateVisitTimeScores
08-05 03:13:16.682 13190 13190 D NappaIntentExtras: ==================
08-05 03:13:16.682 13190 13207 D TfprPrefetchingStrategy: -------- Node GlobalSharedStoriesReading-----------
08-05 03:13:16.682 13190 13207 D TfprPrefetchingStrategy: tfprNode.aggregateVisitTime = 85341
08-05 03:13:16.682 13190 13207 D TfprPrefetchingStrategy: tfprNode.totalAggregateVisitTimeFromSuccessors = 0
08-05 03:13:16.682 13190 13207 D TfprPrefetchingStrategy: tfprNode.aggregateVisitTimeFromSuccessors = {}
08-05 03:13:16.682 13190 13207 D TfprPrefetchingStrategy: -------- Node GlobalSharedStoriesItemsList-----------
08-05 03:13:16.682 13190 13207 D TfprPrefetchingStrategy: tfprNode.aggregateVisitTime = 101683
08-05 03:13:16.682 13190 13207 D TfprPrefetchingStrategy: tfprNode.totalAggregateVisitTimeFromSuccessors = 85341
08-05 03:13:16.682 13190 13207 D TfprPrefetchingStrategy: tfprNode.aggregateVisitTimeFromSuccessors = {nappatfpr.com.newsblur.activity.GlobalSharedStoriesReading=85341}
08-05 03:13:16.682 13190 13207 D TfprPrefetchingStrategy: -------- Graph -----------
08-05 03:13:16.682 13190 13207 D TfprPrefetchingStrategy: tfprGraph.aggregateVisitTimeFromSuccessors = 187024
08-05 03:13:16.683 13190 13207 D TfprPrefetchingStrategy: ===
08-05 03:13:16.683 13190 13207 D TfprPrefetchingStrategy: ===
08-05 03:13:16.683 13190 13207 D TfprPrefetchingStrategy: runTfprAlgorithm
08-05 03:13:16.683 13190 13207 D TfprPrefetchingStrategy: ------------- TFPR calculation #1 of 10 -----------
08-05 03:13:16.683 13190 13207 D TfprPrefetchingStrategy: node GlobalSharedStoriesReading score = 0.38786387
08-05 03:13:16.683 13190 13207 D TfprPrefetchingStrategy: node GlobalSharedStoriesItemsList score = 0.46213618
08-05 03:13:16.683 13190 13207 D TfprPrefetchingStrategy: ------------- TFPR calculation #2 of 10 -----------
08-05 03:13:16.683 13190 13207 D TfprPrefetchingStrategy: node GlobalSharedStoriesReading score = 0.45718428
08-05 03:13:16.683 13190 13207 D TfprPrefetchingStrategy: node GlobalSharedStoriesItemsList score = 0.46213618
08-05 03:13:16.683 13190 13207 D TfprPrefetchingStrategy: ------------- TFPR calculation #3 of 10 -----------
08-05 03:13:16.683 13190 13207 D TfprPrefetchingStrategy: node GlobalSharedStoriesReading score = 0.45718428
08-05 03:13:16.683 13190 13207 D TfprPrefetchingStrategy: node GlobalSharedStoriesItemsList score = 0.46213618
08-05 03:13:16.683 13190 13207 D TfprPrefetchingStrategy: ------------- TFPR calculation #4 of 10 -----------
08-05 03:13:16.683 13190 13207 D TfprPrefetchingStrategy: node GlobalSharedStoriesReading score = 0.45718428
08-05 03:13:16.683 13190 13207 D TfprPrefetchingStrategy: node GlobalSharedStoriesItemsList score = 0.46213618
08-05 03:13:16.683 13190 13207 D TfprPrefetchingStrategy: ------------- TFPR calculation #5 of 10 -----------
08-05 03:13:16.683 13190 13207 D TfprPrefetchingStrategy: node GlobalSharedStoriesReading score = 0.45718428
08-05 03:13:16.683 13190 13207 D TfprPrefetchingStrategy: node GlobalSharedStoriesItemsList score = 0.46213618
08-05 03:13:16.683 13190 13207 D TfprPrefetchingStrategy: ------------- TFPR calculation #6 of 10 -----------
08-05 03:13:16.684 13190 13207 D TfprPrefetchingStrategy: node GlobalSharedStoriesReading score = 0.45718428
08-05 03:13:16.684 13190 13207 D TfprPrefetchingStrategy: node GlobalSharedStoriesItemsList score = 0.46213618
08-05 03:13:16.684 13190 13207 D TfprPrefetchingStrategy: ------------- TFPR calculation #7 of 10 -----------
08-05 03:13:16.684 13190 13207 D TfprPrefetchingStrategy: node GlobalSharedStoriesReading score = 0.45718428
08-05 03:13:16.684 13190 13207 D TfprPrefetchingStrategy: node GlobalSharedStoriesItemsList score = 0.46213618
08-05 03:13:16.684 13190 13207 D TfprPrefetchingStrategy: ------------- TFPR calculation #8 of 10 -----------
08-05 03:13:16.684 13190 13207 D TfprPrefetchingStrategy: node GlobalSharedStoriesReading score = 0.45718428
08-05 03:13:16.684 13190 13207 D TfprPrefetchingStrategy: node GlobalSharedStoriesItemsList score = 0.46213618
08-05 03:13:16.684 13190 13207 D TfprPrefetchingStrategy: ------------- TFPR calculation #9 of 10 -----------
08-05 03:13:16.684 13190 13207 D TfprPrefetchingStrategy: node GlobalSharedStoriesReading score = 0.45718428
08-05 03:13:16.684 13190 13207 D TfprPrefetchingStrategy: node GlobalSharedStoriesItemsList score = 0.46213618
08-05 03:13:16.684 13190 13207 D TfprPrefetchingStrategy: ------------- TFPR calculation #10 of 10 -----------
08-05 03:13:16.684 13190 13207 D TfprPrefetchingStrategy: node GlobalSharedStoriesReading score = 0.45718428
08-05 03:13:16.684 13190 13207 D TfprPrefetchingStrategy: node GlobalSharedStoriesItemsList score = 0.46213618
08-05 03:13:16.684 13190 13207 D TfprPrefetchingStrategy: ===
08-05 03:13:16.684 13190 13207 D TfprPrefetchingStrategy: ===
08-05 03:13:16.684 13190 13207 D TfprPrefetchingStrategy: getSuccessorListSortByTfprScore
08-05 03:13:16.684 13190 13207 D TfprPrefetchingStrategy: Successors before the sort [TfprNode{GlobalSharedStoriesReading : TFPR = 0.45718428}]
08-05 03:13:16.684 13190 13207 D TfprPrefetchingStrategy: Successors sorted by highest to lowest score (N2 - N1 comparator) are [TfprNode{GlobalSharedStoriesReading : TFPR = 0.45718428}]
08-05 03:13:16.685 13190 13207 D TfprPrefetchingStrategy: Selected the following nodes:
08-05 03:13:16.685 13190 13207 D TfprPrefetchingStrategy: #1 - GlobalSharedStoriesReading with score 0.45718428
08-05 03:13:16.685 13190 13207 D TfprPrefetchingStrategy: successors with high score = [GlobalSharedStoriesReading 
08-05 03:13:16.685 13190 13207 D TfprPrefetchingStrategy: 	Successors:
08-05 03:13:16.685 13190 13207 D TfprPrefetchingStrategy: 
08-05 03:13:16.685 13190 13207 D TfprPrefetchingStrategy: 	Ancestors:
08-05 03:13:16.685 13190 13207 D TfprPrefetchingStrategy: 		GlobalSharedStoriesItemsList (0 hits)
08-05 03:13:16.685 13190 13207 D TfprPrefetchingStrategy: 
08-05 03:13:16.685 13190 13207 D TfprPrefetchingStrategy: ]
08-05 03:13:16.685 13190 13207 D TfprPrefetchingStrategy: ===
08-05 03:13:16.685 13190 13207 D TfprPrefetchingStrategy: Selected node GlobalSharedStoriesReading containing the URLS []
08-05 03:13:16.685 13190 13207 D TfprPrefetchingStrategy: Next visited child will be [nappatfpr.com.newsblur.activity.GlobalSharedStoriesReading]
08-05 03:13:16.685 13190 13207 D TfprPrefetchingStrategy: ==================================
08-05 03:13:16.685 13190 13207 D Nappa   : PREFETCH_ON_EXTRA - notifyExtras- end
08-05 03:13:16.685 13190 13207 D Nappa   : PREFSTRAT2 ADDING NEW ACTEXTRADATA
08-05 03:13:16.688   918  4413 I ActivityManager: START u0 {cmp=nappatfpr.com.newsblur/.activity.GlobalSharedStoriesReading (has extras)} from uid 10682 on display 0
08-05 03:13:16.688 13190 13207 D Nappa   : PREFSTRAT2 ADDING NEW ACTEXTRADATA
08-05 03:13:16.693   512  2967 D audio_hw_primary: select_devices: out_snd_device(2: speaker) in_snd_device(0: none)
08-05 03:13:16.693   512  2967 D msm8974_platform: platform_send_audio_calibration: sending audio calibration for snd_device(2) acdb_id(15)
08-05 03:13:16.693   512  2967 I soundtrigger: audio_extn_sound_trigger_update_device_status: device 0x2 of type 0 for Event 1
08-05 03:13:16.700 13190 13190 D NappaLifecycleObserver: nappatfpr.com.newsblur.activity.GlobalSharedStoriesItemsList - onPause
08-05 03:13:16.700 13190 13190 D Nappa   : Stayed on nappatfpr.com.newsblur.activity.GlobalSharedStoriesItemsList for 10244 ms
08-05 03:13:16.704   512  2967 D audio_hw_primary: enable_snd_device: snd_device(2: speaker)
08-05 03:13:16.706 13190 13190 D ActivityNode: Observer - intent extra - GlobalSharedStoriesReading
08-05 03:13:16.706 13190 13190 D ActivityNode: Extras:
08-05 03:13:16.706 13190 13190 D ActivityNode: Observer - intent extra - AllSharedStoriesItemsList
08-05 03:13:16.706 13190 13190 D ActivityNode: Extras:
08-05 03:13:16.706 13190 13190 D ActivityNode: 	activity ID 4( key feed_set)
08-05 03:13:16.706 13190 13190 D ActivityNode: 	activity ID 4( key story_hash)
08-05 03:13:16.706 13190 13190 D ActivityNode: 	activity ID 4( key feed_set)
08-05 03:13:16.706 13190 13190 D ActivityNode: 	activity ID 4( key story_hash)
08-05 03:13:16.706 13190 13190 D ActivityNode: 	activity ID 4( key feed_set)
08-05 03:13:16.706 13190 13190 D ActivityNode: 	activity ID 4( key story_hash)
08-05 03:13:16.706 13190 13190 D ActivityNode: 	activity ID 4( key feed_set)
08-05 03:13:16.706 13190 13190 D ActivityNode: 	activity ID 4( key story_hash)
08-05 03:13:16.706 13190 13190 D ActivityNode: 	activity ID 4( key feed_set)
08-05 03:13:16.706 13190 13190 D ActivityNode: 	activity ID 4( key story_hash)
08-05 03:13:16.706 13190 13190 D ActivityNode: 	activity ID 4( key feed_set)
08-05 03:13:16.706 13190 13190 D ActivityNode: 	activity ID 4( key story_hash)
08-05 03:13:16.706 13190 13190 D ActivityNode: 	activity ID 4( key feed_set)
08-05 03:13:16.706 13190 13190 D ActivityNode: 	activity ID 4( key story_hash)
08-05 03:13:16.706 13190 13190 D ActivityNode: 	activity ID 4( key feed_set)
08-05 03:13:16.706 13190 13190 D ActivityNode: 	activity ID 4( key story_hash)
08-05 03:13:16.706 13190 13190 D ActivityNode: 	activity ID 4( key feed_set)
08-05 03:13:16.706 13190 13190 D ActivityNode: 	activity ID 4( key story_hash)
08-05 03:13:16.706 13190 13190 D ActivityNode: 	activity ID 4( key feed_set)
08-05 03:13:16.706 13190 13190 D ActivityNode: 	activity ID 4( key story_hash)
08-05 03:13:16.706 13190 13190 D ActivityNode: 	activity ID 4( key feed_set)
08-05 03:13:16.706 13190 13190 D ActivityNode: 	activity ID 4( key story_hash)
08-05 03:13:16.706 13190 13190 D ActivityNode: 	activity ID 4( key feed_set)
08-05 03:13:16.706 13190 13190 D ActivityNode: 	activity ID 4( key story_hash)
08-05 03:13:16.706 13190 13190 D ActivityNode: Observer - intent extra - Main
08-05 03:13:16.706 13190 13190 D ActivityNode: Extras:
08-05 03:13:16.706 13190 13190 D ActivityNode: 	activity ID 1( key feed_set)
08-05 03:13:16.706 13190 13190 D ActivityNode: 	activity ID 1( key feed_set)
08-05 03:13:16.706 13190 13190 D ActivityNode: 	activity ID 1( key feed_set)
08-05 03:13:16.706 13190 13190 D ActivityNode: 	activity ID 1( key feed_set)
08-05 03:13:16.706 13190 13190 D ActivityNode: 	activity ID 1( key feed_set)
08-05 03:13:16.706 13190 13190 D ActivityNode: 	activity ID 1( key feed_set)
08-05 03:13:16.706 13190 13190 D ActivityNode: 	activity ID 1( key feed_set)
08-05 03:13:16.706 13190 13190 D ActivityNode: 	activity ID 1( key feed_set)
08-05 03:13:16.706 13190 13190 D ActivityNode: 	activity ID 1( key feed_set)
08-05 03:13:16.706 13190 13190 D ActivityNode: 	activity ID 1( key feed_set)
08-05 03:13:16.706 13190 13190 D ActivityNode: 	activity ID 1( key feed_set)
08-05 03:13:16.706 13190 13190 D ActivityNode: 	activity ID 1( key feed_set)
08-05 03:13:16.706 13190 13190 D ActivityNode: 	activity ID 1( key feed_set)
08-05 03:13:16.706 13190 13190 D ActivityNode: 	activity ID 1( key feed_set)
08-05 03:13:16.706 13190 13190 D ActivityNode: 	activity ID 1( key feed_set)
08-05 03:13:16.706 13190 13190 D ActivityNode: 	activity ID 1( key feed_set)
08-05 03:13:16.706 13190 13190 D ActivityNode: 	activity ID 1( key feed_set)
08-05 03:13:16.706 13190 13190 D ActivityNode: Observer - intent extra - GlobalSharedStoriesItemsList
08-05 03:13:16.706 13190 13190 D ActivityNode: Extras:
08-05 03:13:16.706 13190 13190 D ActivityNode: 	activity ID 2( key feed_set)
08-05 03:13:16.706 13190 13190 D ActivityNode: 	activity ID 2( key story_hash)
08-05 03:13:16.706 13190 13190 D ActivityNode: 	activity ID 2( key feed_set)
08-05 03:13:16.706 13190 13190 D ActivityNode: 	activity ID 2( key story_hash)
08-05 03:13:16.706 13190 13190 D ActivityNode: 	activity ID 2( key feed_set)
08-05 03:13:16.706 13190 13190 D ActivityNode: 	activity ID 2( key story_hash)
08-05 03:13:16.706 13190 13190 D ActivityNode: 	activity ID 2( key feed_set)
08-05 03:13:16.706 13190 13190 D ActivityNode: 	activity ID 2( key story_hash)
08-05 03:13:16.706 13190 13190 D ActivityNode: 	activity ID 2( key feed_set)
08-05 03:13:16.706 13190 13190 D ActivityNode: 	activity ID 2( key story_hash)
08-05 03:13:16.706 13190 13190 D ActivityNode: 	activity ID 2( key feed_set)
08-05 03:13:16.706 13190 13190 D ActivityNode: 	activity ID 2( key story_hash)
08-05 03:13:16.706 13190 13190 D ActivityNode: 	activity ID 2( key feed_set)
08-05 03:13:16.706 13190 13190 D ActivityNode: 	activity ID 2( key story_hash)
08-05 03:13:16.706 13190 13190 D ActivityNode: 	activity ID 2( key feed_set)
08-05 03:13:16.706 13190 13190 D ActivityNode: 	activity ID 2( key story_hash)
08-05 03:13:16.706 13190 13190 D ActivityNode: 	activity ID 2( key feed_set)
08-05 03:13:16.706 13190 13190 D ActivityNode: 	activity ID 2( key story_hash)
08-05 03:13:16.706 13190 13190 D ActivityNode: 	activity ID 2( key feed_set)
08-05 03:13:16.706 13190 13190 D ActivityNode: 	activity ID 2( key story_hash)
08-05 03:13:16.706 13190 13190 D ActivityNode: 	activity ID 2( key feed_set)
08-05 03:13:16.706 13190 13190 D ActivityNode: 	activity ID 2( key story_hash)
08-05 03:13:16.706 13190 13190 D ActivityNode: 	activity ID 2( key feed_set)
08-05 03:13:16.706 13190 13190 D ActivityNode: 	activity ID 2( key story_hash)
08-05 03:13:16.706 13190 13190 D ActivityNode: 	activity ID 2( key feed_set)
08-05 03:13:16.706 13190 13190 D ActivityNode: 	activity ID 2( key story_hash)
08-05 03:13:16.707   512  2967 D audio_hw_primary: enable_audio_route: apply and update mixer path: low-latency-playback speaker
08-05 03:13:16.721 13190 13252 I art     : Starting a blocking GC Explicit
08-05 03:13:16.737 13190 13252 I art     : Explicit concurrent mark sweep GC freed 3495(282KB) AllocSpace objects, 3(60KB) LOS objects, 34% free, 30MB/46MB, paused 536us total 16.575ms
08-05 03:13:16.744 13190 13252 I art     : Starting a blocking GC Explicit
08-05 03:13:16.761 13190 13252 I art     : Explicit concurrent mark sweep GC freed 1293(104KB) AllocSpace objects, 1(112KB) LOS objects, 33% free, 31MB/47MB, paused 753us total 17.134ms
08-05 03:13:16.768 13190 13252 I art     : Starting a blocking GC Explicit
08-05 03:13:16.784 13190 13252 I art     : Explicit concurrent mark sweep GC freed 339(31KB) AllocSpace objects, 1(356KB) LOS objects, 34% free, 30MB/46MB, paused 434us total 16.397ms
08-05 03:13:16.791 13190 13252 I art     : Starting a blocking GC Explicit
08-05 03:13:16.808 13190 13252 I art     : Explicit concurrent mark sweep GC freed 56(2672B) AllocSpace objects, 0(0B) LOS objects, 34% free, 30MB/46MB, paused 457us total 17.155ms
08-05 03:13:16.812 13190 13190 D NappaLifecycleObserver: nappatfpr.com.newsblur.activity.GlobalSharedStoriesReading - onResume
08-05 03:13:16.812 13190 13190 D Nappa   : setCurrentActivity - MetricStrategyAccuracy - 
08-05 03:13:16.812 13190 13190 D Nappa   : madePredictionFromActivity = true, 
08-05 03:13:16.812 13190 13190 D Nappa   : fromActivity = nappatfpr.com.newsblur.activity.GlobalSharedStoriesItemsList, 
08-05 03:13:16.812 13190 13190 D Nappa   : predictedNextActivityFromActivity = [nappatfpr.com.newsblur.activity.GlobalSharedStoriesReading], 
08-05 03:13:16.812 13190 13190 D Nappa   : activity.getClass().getCanonicalName() = nappatfpr.com.newsblur.activity.GlobalSharedStoriesReading, 
08-05 03:13:16.812 13190 13190 D Nappa   : setCurrentActivity - MetricStrategyAccuracy - 
08-05 03:13:16.812 13190 13190 D Nappa   : madePredictionFromExtra = true, 
08-05 03:13:16.812 13190 13190 D Nappa   : fromActivity = nappatfpr.com.newsblur.activity.GlobalSharedStoriesItemsList, 
08-05 03:13:16.812 13190 13190 D Nappa   : predictedNextActivityFromExtra = [nappatfpr.com.newsblur.activity.GlobalSharedStoriesReading], 
08-05 03:13:16.812 13190 13190 D Nappa   : activity.getClass().getCanonicalName() = nappatfpr.com.newsblur.activity.GlobalSharedStoriesReading, 
08-05 03:13:16.812 13190 13190 D Nappa   : PREFETCH_ON_EXTRA - setCurrentActivity - logs - from activity - made prediction istrue
08-05 03:13:16.812 13190 13190 D Nappa   : PREFETCH_ON_EXTRA - setCurrentActivity - logs - from activity - start
08-05 03:13:16.812 13190 13190 D Nappa   : setCurrentActivity - MetricStrategyAccuracy - checking prediction VS current activity for activities
08-05 03:13:16.813 13190 13190 D TfprPrefetchingStrategy: MetricStrategyAccuracy inc hits count2 | from act
08-05 03:13:16.813 13190 13190 I NAPPA_EXPERIMENTATION: MetricStrategyAccuracy: LOG_ID='2',EXECUTION_COUNT='3',CASES_COUNT='2',HIT_PERCENTAGE_TOTAL='100.0',HIT_PERCENTAGE_WHEN_PREDICTED='100.0',HIT_COUNT='2',MISS_COUNT='0',INSUFFICIENT_SCORE_COUNT='0',EXCEPTION_COUNT='0',NO_SUCCESSOR_COUNT='0',
08-05 03:13:16.813 13190 13190 D Nappa   : PREFETCH_ON_EXTRA - setCurrentActivity - logs - from activity- finished
08-05 03:13:16.815 13190 13252 I art     : Starting a blocking GC Explicit
08-05 03:13:16.833 13190 13252 I art     : Explicit concurrent mark sweep GC freed 218(39KB) AllocSpace objects, 1(20KB) LOS objects, 34% free, 30MB/46MB, paused 467us total 17.608ms
