--------- beginning of main
08-05 03:16:40.252 15890 15890 W System  : ClassLoader referenced unknown path: /system/app/KeyChain/lib/arm64
08-05 03:16:40.293  3784  3784 D CarrierServiceBindHelper: Receive action: android.intent.action.PACKAGE_ADDED
08-05 03:16:40.294  3784  3784 D CarrierServiceBindHelper: Receive action: android.intent.action.PACKAGE_REPLACED
08-05 03:16:40.294  3784  3784 D CarrierServiceBindHelper: mHandler: 3
08-05 03:16:40.294  3784  3784 D CarrierServiceBindHelper: mHandler: 3
08-05 03:16:40.294  3784  3784 D CarrierServiceBindHelper: mHandler: 3
08-05 03:16:40.294  3784  3784 D CarrierConfigLoader: mHandler: 9 phoneId: 0
08-05 03:16:40.325 24365 15911 I Fitness : FitCleanupIntentOperation received Intent android.intent.action.PACKAGE_REMOVED [CONTEXT service_id=17 ]
08-05 03:16:40.327 17099 17099 I Finsky  : [1] uah.a(18): PackageMonitorReceiverImpl - Received: android.intent.action.PACKAGE_REMOVED, [CFjXe5fo2ooiLur0Ju3smv2h5qnGgIsGl5_C_SkJu8g]
08-05 03:16:40.327 17099 17099 I Finsky  : [1] ubi.d(9): Invalidating cached PackageState for baseline.de.danoeh.antennapod.debug
08-05 03:16:40.337 17099 17099 I Finsky  : [1] lzi.c(2): Frosting ID looked up on UI thread. Caller should move to a background thread.
08-05 03:16:40.347 17099 17099 I Finsky  : [1] nqb.c(3): Installer: package baseline.de.danoeh.antennapod.debug was removed. replacing: true
08-05 03:16:40.348 17099 17099 I Finsky  : [1] nra.a(188): Installer: Notifying status update. package=baseline.de.danoeh.antennapod.debug, status=UNINSTALLED
08-05 03:16:40.371   918  4400 I AccountManagerService: getTypesVisibleToCaller: isPermitted? true
08-05 03:16:40.409 17099 17099 I Finsky  : [1] lzi.c(2): Frosting ID looked up on UI thread. Caller should move to a background thread.
08-05 03:16:40.418 17099 17099 I Finsky  : [1] nra.a(220): Installer: found apps to install. isMultiUserMode=false, apps=[]
08-05 03:16:40.456 17099 15930 I Finsky  : [6007] ejf.a(-1): Cancelled 0 ongoing asset module downloads for package baseline.de.danoeh.antennapod.debug due to a concurrent app update.
08-05 03:16:40.478 24577 15913 I Auth    : [SupervisedAccountIntentOperation] onHandleIntent(): android.intent.action.PACKAGE_ADDED
08-05 03:16:40.480 24577 15913 I ChromeSync: [Sync,SyncIntentOperation] Handling the intent: Intent { act=android.intent.action.PACKAGE_ADDED dat=package:baseline.de.danoeh.antennapod.debug flg=0x4000010 cmp=com.google.android.gms/.chimera.GmsIntentOperationService (has extras) }.
08-05 03:16:40.500 17099 17273 I Finsky  : [5938] odj.b(52): IQ: Notifying installation update. package=baseline.de.danoeh.antennapod.debug, status=UNINSTALLED
08-05 03:16:40.509 17099 15920 I Finsky  : [6005] lyv.run(-1): Wrote row to frosting DB: 2626
08-05 03:16:40.524 17099 17099 I Finsky  : [1] uah.a(18): PackageMonitorReceiverImpl - Received: android.intent.action.PACKAGE_ADDED, [CFjXe5fo2ooiLur0Ju3smv2h5qnGgIsGl5_C_SkJu8g]
08-05 03:16:40.524 17099 17099 I Finsky  : [1] ubi.d(9): Invalidating cached PackageState for baseline.de.danoeh.antennapod.debug
--------- beginning of system
08-05 03:16:40.534   918  4400 W ActivityManager: Unable to start service Intent { act=com.google.android.gms.auth.key.retrieval.service.START pkg=com.google.android.gms } U=0: not found
08-05 03:16:40.542 17099 17099 I Finsky  : [1] lzi.c(2): Frosting ID looked up on UI thread. Caller should move to a background thread.
08-05 03:16:40.576   918  6110 W ActivityManager: Unbind failed: could not find connection for android.os.BinderProxy@d641b93
08-05 03:16:40.580 17099 17099 I Finsky  : [1] agsx.a(4): Do not start WearSupportService due to Wear service optimization
08-05 03:16:40.581 24577 24621 E GmsClient: unable to connect to service: com.google.android.gms.auth.key.retrieval.service.START on com.google.android.gms
08-05 03:16:40.583 17099 15930 I Finsky  : [6007] ejc.a(-1): Asset module broadcast after update successful for package baseline.de.danoeh.antennapod.debug. 0 sessions broadcast.
08-05 03:16:40.586 17099 17099 I Finsky  : [1] lzi.c(2): Frosting ID looked up on UI thread. Caller should move to a background thread.
08-05 03:16:40.682   918  3961 I AccountManagerService: getTypesVisibleToCaller: isPermitted? true
08-05 03:16:40.684 24577 15913 I ChromeSync: [Persistence,AffiliationManager] One of affiliation or grouping data for android://bz0hZa4nAJEtd0n5sRlXG7KAqctUMWVefv7Ki4mh1p6slZ9YO-n9gS9j8m9YCrsIyI2wIxrDHraumF9Y6pBLTA==@baseline.de.danoeh.antennapod.debug/ was not found. Marking affiliation data as stale...
08-05 03:16:40.690 17099 15925 I Finsky  : [6006] gzn.a(-1): [ContentSync] finished, scheduled=false
08-05 03:16:40.721 17099 15920 I Finsky  : [6005] lyv.run(-1): Wrote row to frosting DB: 2627
08-05 03:16:40.741 17099 17273 I Finsky  : [5938] odj.b(40): IQ: No matching installs to run for jobs: []
08-05 03:16:40.787   918  3714 I AccountManagerService: getTypesVisibleToCaller: isPermitted? true
08-05 03:16:40.814 17099 15920 I Finsky  : [6005] lyv.run(-1): Wrote row to frosting DB: 2628
08-05 03:16:40.835 15940 15940 D AndroidRuntime: >>>>>> START com.android.internal.os.RuntimeInit uid 2000 <<<<<<
08-05 03:16:40.839 15940 15940 D AndroidRuntime: CheckJNI is OFF
08-05 03:16:40.863 15940 15940 D ICU     : No timezone override file found: /data/misc/zoneinfo/current/icu/icu_tzdata.dat
08-05 03:16:40.892 15940 15940 I Radio-JNI: register_android_hardware_Radio DONE
08-05 03:16:40.897 17099 15920 I Finsky  : [6005] lyv.run(-1): Wrote row to frosting DB: 2629
08-05 03:16:40.908 15940 15940 D AndroidRuntime: Calling main entry com.android.commands.monkey.Monkey
08-05 03:16:40.928   918   931 W BroadcastQueue: Skipping deliver [background] BroadcastRecord{d1b0f83 u-1 android.net.conn.CONNECTIVITY_CHANGE} to ReceiverList{591b500 15940 (unknown name)/2000/u-1 remote:76cfe3d}: process crashing
08-05 03:16:40.942   918  3670 I ActivityManager: START u0 {act=android.intent.action.MAIN cat=[android.intent.category.LAUNCHER] flg=0x10200000 cmp=baseline.de.danoeh.antennapod.debug/baseline.de.danoeh.antennapod.activity.SplashActivity} from uid 2000 on display 0
08-05 03:16:40.945 24577 13294 I Icing   : IndexChimeraService.getServiceInterface callingPackage=com.google.android.gms componentName=AppsCorpus serviceId=36
08-05 03:16:40.956   918  5952 I AccountManagerService: getTypesVisibleToCaller: isPermitted? true
08-05 03:16:40.960   918  4413 I ActivityManager: Start proc 15957:baseline.de.danoeh.antennapod.debug/u0a691 for activity baseline.de.danoeh.antennapod.debug/baseline.de.danoeh.antennapod.activity.SplashActivity
08-05 03:16:40.961 15957 15957 I art     : Late-enabling -Xcheck:jni
08-05 03:16:40.967 15940 15940 I art     : System.exit called, status: 0
08-05 03:16:40.968 15940 15940 I AndroidRuntime: VM exiting with result code 0.
08-05 03:16:40.987 24577 23389 W Icing   : No valid account for uploading user actions
08-05 03:16:41.019 15957 15957 W System  : ClassLoader referenced unknown path: /data/app/baseline.de.danoeh.antennapod.debug-1/lib/arm64
08-05 03:16:41.027 24577 13336 I Icing   : IndexChimeraService.getServiceInterface callingPackage=com.google.android.gms componentName=null serviceId=30
08-05 03:16:41.050   719 23718 I PBSessionCacheImpl: Deleted sessionId[3163792008073881] from persistence.
08-05 03:16:41.055   719   760 W SearchServiceCore: Abort, client detached.
08-05 03:16:41.055   719   760 I MicroDetectionState: Should stop hotword detection immediately - true
08-05 03:16:41.056 15957 15957 D UserPreferences: Creating new instance of UserPreferences
08-05 03:16:41.058 15957 15957 D UserPreferences: Using default data folder
08-05 03:16:41.061 15957 15957 D UserPreferences: Import directory already exists
08-05 03:16:41.072 15957 15957 D UpdateManager: old: -1, current: 1070296
08-05 03:16:41.080 15957 15957 D SleepTimerPreferences: Creating new instance of SleepTimerPreferences
08-05 03:16:41.112 15957 15957 D SPAUtil : Sending SP_APPS_QUERY_FEEDS intent
08-05 03:16:41.153 15957 15957 W art     : Before Android 4.1, method android.graphics.PorterDuffColorFilter androidx.vectordrawable.graphics.drawable.VectorDrawableCompat.updateTintFilter(android.graphics.PorterDuffColorFilter, android.content.res.ColorStateList, android.graphics.PorterDuff$Mode) would have incorrectly overridden the package-private method in android.graphics.drawable.Drawable
08-05 03:16:41.154 24577 23389 I Icing   : Usage reports ok 4, Failed Usage reports 0, indexed 0, rejected 0
08-05 03:16:41.158 24577 23389 W Icing   : No valid account for uploading user actions
08-05 03:16:41.178 24577 23389 I Icing   : Usage reports ok 0, Failed Usage reports 0, indexed 0, rejected 0
08-05 03:16:41.179 24577 23389 I Icing   : Indexing com.google.android.gms-internal.3p:MobileApplication from com.google.android.gms using seqno 763
08-05 03:16:41.183 24577 23389 I Icing   : Indexing com.google.android.gms-internal.3p:MobileApplication from com.google.android.gms using seqno 763
08-05 03:16:41.193 15957 15957 I art     : Rejecting re-init on previously-failed class java.lang.Class<androidx.core.view.ViewCompat$2>
08-05 03:16:41.193 15957 15957 I art     : Rejecting re-init on previously-failed class java.lang.Class<androidx.core.view.ViewCompat$2>
08-05 03:16:41.221 24577 13336 I Icing   : IndexChimeraService.getServiceInterface callingPackage=com.google.android.gms componentName=null serviceId=36
08-05 03:16:41.223 15957 15979 D OpenGLRenderer: Use EGL_SWAP_BEHAVIOR_PRESERVED: true
08-05 03:16:41.226 24577 24411 W Icing   : No valid account for uploading user actions
08-05 03:16:41.238 24577 24411 I Icing   : Usage reports ok 0, Failed Usage reports 0, indexed 0, rejected 0
08-05 03:16:41.261 15957 15979 I Adreno  : QUALCOMM build                   : fcf4852, I1af360237c
08-05 03:16:41.261 15957 15979 I Adreno  : Build Date                       : 09/23/15
08-05 03:16:41.261 15957 15979 I Adreno  : OpenGL ES Shader Compiler Version: XE031.05.13.02
08-05 03:16:41.261 15957 15979 I Adreno  : Local Branch                     : mybranch14465806
08-05 03:16:41.261 15957 15979 I Adreno  : Remote Branch                    : quic/LA.BF64.1.2.9_v2
08-05 03:16:41.261 15957 15979 I Adreno  : Remote Branch                    : NONE
08-05 03:16:41.261 15957 15979 I Adreno  : Reconstruct Branch               : NOTHING
08-05 03:16:41.266 15957 15979 I OpenGLRenderer: Initialized EGL, version 1.4
08-05 03:16:41.295   918  6110 I ActivityManager: START u0 {cmp=baseline.de.danoeh.antennapod.debug/baseline.de.danoeh.antennapod.activity.MainActivity} from uid 10691 on display 0
08-05 03:16:41.295 13866 13866 I GoogleInputMethodServic: GoogleInputMethodService.onFinishInput():3138 
08-05 03:16:41.297 13866 13866 I GoogleInputMethodServic: GoogleInputMethodService.onStartInput():1808 
08-05 03:16:41.397 17099 17099 I Finsky  : [1] xmu.a(8): SCH: Jobs in database: 1-1337 3-201 3-202 12-1 24-77777777 26-1414141414 
08-05 03:16:41.400 17099 17099 I Finsky  : [1] xio.a(57): SCH: ConstraintMapping: 24-77777777,  -> L: 0ms, D: 64399120ms, C: false, I: true, N: 0
08-05 03:16:41.400 17099 17099 I Finsky  : [1] xio.a(57): SCH: ConstraintMapping: 1-1337, 12-1,  -> L: 13994ms, D: 67751510ms, C: false, I: false, N: 1
08-05 03:16:41.401 17099 17099 I Finsky  : [1] xio.a(57): SCH: ConstraintMapping: 3-201,  -> L: 0ms, D: 84493024ms, C: false, I: true, N: 2
08-05 03:16:41.401 17099 17099 I Finsky  : [1] xio.a(57): SCH: ConstraintMapping: 3-202,  -> L: 0ms, D: 84493089ms, C: true, I: true, N: 2
08-05 03:16:41.402 17099 17099 I Finsky  : [1] xio.a(57): SCH: ConstraintMapping: 26-1414141414,  -> L: 29188994ms, D: 30088994ms, C: false, I: false, N: 0
08-05 03:16:41.403 15957 15957 D UserPreferences: Using default data folder
08-05 03:16:41.404 17099 15925 I Finsky  : [6006] gzn.a(-1): [ContentSync] finished, scheduled=true
08-05 03:16:41.424 17099 17099 I Finsky  : [1] xle.a(34): Cancelling existing jobscheduler jobs: 9012 9007 9013 9002 9014 9005 9000 9009 9010 9011 
08-05 03:16:41.424 17099 17099 I Finsky  : [1] xle.a(27): Scheduling job Id: 9001, L: 0, D: 64399120, C: false, I: true, N: 0
08-05 03:16:41.427 17099 17099 I Finsky  : [1] xle.a(27): Scheduling job Id: 9003, L: 13994, D: 67751510, C: false, I: false, N: 1
08-05 03:16:41.429 17099 17099 I Finsky  : [1] xle.a(27): Scheduling job Id: 9004, L: 0, D: 84493024, C: false, I: true, N: 2
08-05 03:16:41.430 17099 17099 I Finsky  : [1] xle.a(27): Scheduling job Id: 9006, L: 0, D: 84493089, C: true, I: true, N: 2
08-05 03:16:41.431 17099 17099 I Finsky  : [1] xle.a(27): Scheduling job Id: 9008, L: 29188994, D: 30088994, C: false, I: false, N: 0
08-05 03:16:41.433 17099 17099 I Finsky  : [1] xle.a(27): Scheduling job Id: 9015, L: 0, D: 64399120, C: false, I: true, N: 0
08-05 03:16:41.434 17099 17099 I Finsky  : [1] xle.a(27): Scheduling job Id: 9016, L: 13994, D: 67751510, C: false, I: false, N: 1
08-05 03:16:41.435 17099 17099 I Finsky  : [1] xle.a(27): Scheduling job Id: 9017, L: 0, D: 84493024, C: false, I: true, N: 2
08-05 03:16:41.437 17099 17099 I Finsky  : [1] xle.a(27): Scheduling job Id: 9018, L: 0, D: 84493089, C: true, I: true, N: 2
08-05 03:16:41.439 15957 15957 D MainActivity: getLastNavFragment() -> QueueFragment
08-05 03:16:41.440 17099 17099 I Finsky  : [1] xle.a(27): Scheduling job Id: 9019, L: 29188994, D: 30088994, C: false, I: false, N: 0
08-05 03:16:41.440 15957 15957 D MainActivity: loadFragment(tag: QueueFragment, args: null)
08-05 03:16:41.443 15957 15957 D MainActivity: saveLastNavFragment(tag: QueueFragment)
08-05 03:16:41.443 15957 15957 D MainActivity: getLastNavFragment() -> QueueFragment
08-05 03:16:41.444 15957 15957 D UserPreferences: timeOfDay: []
08-05 03:16:41.446 15957 15957 D AutoUpdateManager: Restarting update alarm.
08-05 03:16:41.447 15957 15957 D AutoUpdateManager: Changed alarm to new interval 12 h
08-05 03:16:41.473 15957 15957 D UserPreferences: timeOfDay: []
08-05 03:16:41.473 15957 15957 D AutoUpdateManager: Restarting update alarm.
08-05 03:16:41.474 15957 15957 D AutoUpdateManager: Changed alarm to new interval 12 h
08-05 03:16:41.506 15957 15957 D ExternalPlayerFragment: Loading media info
08-05 03:16:41.508 15957 15957 D QueueFragment: loadItems()
08-05 03:16:41.512 15957 15978 D DBReader: getQueue() called
08-05 03:16:41.512 15957 15978 D DBReader: getQueue()
08-05 03:16:41.513 15957 15978 D DBReader: getFavoriteIDList() called
08-05 03:16:41.514 15957 15978 D DBReader: getQueueIDList() called
08-05 03:16:41.514 15957 15978 D DBReader: Extracting Feedlist
08-05 03:16:41.517 15957 15957 V PlaybackController: initServiceNotRunning()
08-05 03:16:41.517 15957 15957 D ExternalPlayerFragment: Loading media info
08-05 03:16:41.521 15957 15957 D UserPreferences: Using default data folder
08-05 03:16:41.523 15957 15957 D AutoUpdateManager: last refresh: 443497 hours 16 minutes ago
08-05 03:16:41.524 15957 15978 D DBReader: getNavDrawerData() called with: 
08-05 03:16:41.528 15957 15978 D DBReader: getDownloadedItems() called
08-05 03:16:41.528 15957 15978 D DBReader: getFavoriteIDList() called
08-05 03:16:41.530 15957 15978 D DBReader: getQueueIDList() called
08-05 03:16:41.530 15957 15978 D DBReader: Extracting Feedlist
08-05 03:16:41.536   380   380 W SurfaceFlinger: couldn't log to binary event log: overflow.
08-05 03:16:41.708 15957 15957 D MainActivity: getLastNavFragment() -> QueueFragment
08-05 03:16:41.709 15957 15957 D MainActivity: handleNavIntent()
08-05 03:16:41.815 13866 13866 I GoogleInputMethodServic: GoogleInputMethodService.onFinishInput():3138 
08-05 03:16:41.816 13866 13866 I GoogleInputMethodServic: GoogleInputMethodService.onStartInput():1808 
08-05 03:16:41.817   918   936 I ActivityManager: Displayed baseline.de.danoeh.antennapod.debug/baseline.de.danoeh.antennapod.activity.MainActivity: +443ms (total +866ms)
08-05 03:16:41.858 29532 29532 W PathParser: Points are too far apart 4.030360828967057
08-05 03:16:41.859 29532 29532 W PathParser: Points are too far apart 4.030360538880159
08-05 03:16:41.871 29532 29532 W PathParser: Points are too far apart 4.030360828967057
08-05 03:16:41.871 29532 29532 W PathParser: Points are too far apart 4.030360538880159
08-05 03:16:41.888 29532 29532 W PathParser: Points are too far apart 4.030360828967057
08-05 03:16:41.888 29532 29532 W PathParser: Points are too far apart 4.030360538880159
08-05 03:16:41.905 29532 29532 W PathParser: Points are too far apart 4.030360828967057
08-05 03:16:41.905 29532 29532 W PathParser: Points are too far apart 4.030360538880159
08-05 03:16:41.921 29532 29532 W PathParser: Points are too far apart 4.030360828967057
08-05 03:16:41.922 29532 29532 W PathParser: Points are too far apart 4.030360538880159
08-05 03:16:41.938 29532 29532 W PathParser: Points are too far apart 4.030360828967057
08-05 03:16:41.938 29532 29532 W PathParser: Points are too far apart 4.030360538880159
08-05 03:16:41.955 29532 29532 W PathParser: Points are too far apart 4.030360828967057
08-05 03:16:41.955 29532 29532 W PathParser: Points are too far apart 4.030360538880159
08-05 03:16:41.971 29532 29532 W PathParser: Points are too far apart 4.030360828967057
08-05 03:16:41.972 29532 29532 W PathParser: Points are too far apart 4.030360538880159
08-05 03:16:41.997   918  3188 I hubconnection: sensorhub said: 'set_bias 3: -6.2400, 0.0000, 0.0000'
08-05 03:16:42.156 24577 24411 I Icing   : Indexing com.google.android.gms-apps from com.google.android.gms
08-05 03:16:42.233 24577 24411 I Icing   : Indexing done com.google.android.gms-apps
08-05 03:16:42.517 16003 16003 D AndroidRuntime: >>>>>> START com.android.internal.os.RuntimeInit uid 2000 <<<<<<
08-05 03:16:42.525 16003 16003 D AndroidRuntime: CheckJNI is OFF
08-05 03:16:42.536 15957 16006 D DBReader: Extracting Feedlist
08-05 03:16:42.538 15957 16006 D FlattrUtils: Retrieving access token
08-05 03:16:42.539 15957 16006 D FlattrUtils: No access token found
08-05 03:16:42.541 15957 16006 I art     : Rejecting re-init on previously-failed class java.lang.Class<androidx.core.app.JobIntentService$JobServiceEngineImpl>
08-05 03:16:42.541 15957 16006 I art     : Rejecting re-init on previously-failed class java.lang.Class<androidx.core.app.JobIntentService$JobServiceEngineImpl>
08-05 03:16:42.542 15957 16006 I art     : Rejecting re-init on previously-failed class java.lang.Class<androidx.core.app.SafeJobIntentService$SafeJobServiceEngineImpl>
08-05 03:16:42.542 15957 16006 I art     : Rejecting re-init on previously-failed class java.lang.Class<androidx.core.app.SafeJobIntentService$SafeJobServiceEngineImpl>
08-05 03:16:42.562 16003 16003 D ICU     : No timezone override file found: /data/misc/zoneinfo/current/icu/icu_tzdata.dat
08-05 03:16:42.602 16003 16003 I Radio-JNI: register_android_hardware_Radio DONE
08-05 03:16:42.618 16003 16003 D AndroidRuntime: Calling main entry com.android.commands.am.Am
08-05 03:16:42.633 24044 24044 I Trepn   : Trepn 6.2s: Received intent: com.quicinc.trepn.start_profiling
08-05 03:16:42.798 24044 24044 W FileUtils: Failed to chmod(/storage/emulated/0/trepn/Trepn_2020.08.05_031642.db): android.system.ErrnoException: chmod failed: EPERM (Operation not permitted)
08-05 03:16:42.995 13866 13866 I GoogleInputMethodServic: GoogleInputMethodService.onFinishInput():3138 
08-05 03:16:42.996 13866 13866 I GoogleInputMethodServic: GoogleInputMethodService.onStartInput():1808 
08-05 03:16:43.001 24044 24044 I Trepn   : Trepn 6.2s: Trepn has Started Profiling.
08-05 03:16:43.003 16003 16003 D AndroidRuntime: Shutting down VM
08-05 03:16:43.480 15957 15970 I art     : Starting a blocking GC Explicit
08-05 03:16:43.502 15957 15970 I art     : Explicit concurrent mark sweep GC freed 10654(1516KB) AllocSpace objects, 6(120KB) LOS objects, 40% free, 23MB/38MB, paused 154us total 22.076ms
08-05 03:16:43.513 15957 15970 I art     : Starting a blocking GC Explicit
08-05 03:16:43.526 15957 15970 I art     : Explicit concurrent mark sweep GC freed 1658(99KB) AllocSpace objects, 0(0B) LOS objects, 40% free, 23MB/38MB, paused 153us total 12.125ms
08-05 03:16:43.532 15957 15970 I art     : Starting a blocking GC Explicit
08-05 03:16:43.544 15957 15970 I art     : Explicit concurrent mark sweep GC freed 1679(93KB) AllocSpace objects, 2(588KB) LOS objects, 40% free, 22MB/37MB, paused 150us total 12.348ms
08-05 03:16:43.550 15957 15970 I art     : Starting a blocking GC Explicit
08-05 03:16:43.562 15957 15970 I art     : Explicit concurrent mark sweep GC freed 3(96B) AllocSpace objects, 0(0B) LOS objects, 40% free, 22MB/37MB, paused 151us total 11.733ms
08-05 03:16:43.568 15957 15970 I art     : Starting a blocking GC Explicit
08-05 03:16:43.580 15957 15970 I art     : Explicit concurrent mark sweep GC freed 3(96B) AllocSpace objects, 0(0B) LOS objects, 40% free, 22MB/37MB, paused 152us total 12.009ms
08-05 03:16:43.851 15957 15980 I art     : Starting a blocking GC Explicit
08-05 03:16:43.870 15957 15980 I art     : Explicit concurrent mark sweep GC freed 1371(82KB) AllocSpace objects, 1(20KB) LOS objects, 40% free, 22MB/37MB, paused 189us total 18.312ms
08-05 03:16:43.880 15957 15980 I art     : Starting a blocking GC Explicit
08-05 03:16:43.893 15957 15980 I art     : Explicit concurrent mark sweep GC freed 23(752B) AllocSpace objects, 0(0B) LOS objects, 40% free, 22MB/37MB, paused 156us total 12.991ms
08-05 03:16:43.900 15957 15980 I art     : Starting a blocking GC Explicit
08-05 03:16:43.913 15957 15980 I art     : Explicit concurrent mark sweep GC freed 3(96B) AllocSpace objects, 0(0B) LOS objects, 40% free, 22MB/37MB, paused 154us total 12.887ms
08-05 03:16:43.920 15957 15980 I art     : Starting a blocking GC Explicit
08-05 03:16:43.932 15957 15980 I art     : Explicit concurrent mark sweep GC freed 3(96B) AllocSpace objects, 0(0B) LOS objects, 40% free, 22MB/37MB, paused 151us total 12.036ms
08-05 03:16:43.938 15957 15980 I art     : Starting a blocking GC Explicit
08-05 03:16:43.951 15957 15980 I art     : Explicit concurrent mark sweep GC freed 3(96B) AllocSpace objects, 0(0B) LOS objects, 40% free, 22MB/37MB, paused 137us total 12.530ms
08-05 03:16:44.225 15957 15969 I art     : Starting a blocking GC Explicit
08-05 03:16:44.241 15957 15969 I art     : Explicit concurrent mark sweep GC freed 1386(80KB) AllocSpace objects, 1(20KB) LOS objects, 40% free, 22MB/37MB, paused 157us total 15.745ms
08-05 03:16:44.248 15957 15969 I art     : Starting a blocking GC Explicit
08-05 03:16:44.262 15957 15969 I art     : Explicit concurrent mark sweep GC freed 23(752B) AllocSpace objects, 0(0B) LOS objects, 40% free, 22MB/37MB, paused 137us total 13.266ms
08-05 03:16:44.268 15957 15969 I art     : Starting a blocking GC Explicit
08-05 03:16:44.280 15957 15969 I art     : Explicit concurrent mark sweep GC freed 3(96B) AllocSpace objects, 0(0B) LOS objects, 40% free, 22MB/37MB, paused 143us total 12.321ms
08-05 03:16:44.286 15957 15969 I art     : Starting a blocking GC Explicit
08-05 03:16:44.299 15957 15969 I art     : Explicit concurrent mark sweep GC freed 3(96B) AllocSpace objects, 0(0B) LOS objects, 40% free, 22MB/37MB, paused 138us total 12.274ms
08-05 03:16:44.305 15957 15969 I art     : Starting a blocking GC Explicit
08-05 03:16:44.318 15957 15969 I art     : Explicit concurrent mark sweep GC freed 3(96B) AllocSpace objects, 0(0B) LOS objects, 40% free, 22MB/37MB, paused 141us total 12.395ms
08-05 03:16:44.644 15957 15980 I art     : Starting a blocking GC Explicit
08-05 03:16:44.663 15957 15980 I art     : Explicit concurrent mark sweep GC freed 1369(80KB) AllocSpace objects, 1(20KB) LOS objects, 40% free, 22MB/37MB, paused 244us total 18.833ms
08-05 03:16:44.671 15957 15980 I art     : Starting a blocking GC Explicit
08-05 03:16:44.687 15957 15980 I art     : Explicit concurrent mark sweep GC freed 26(848B) AllocSpace objects, 0(0B) LOS objects, 40% free, 22MB/37MB, paused 205us total 15.596ms
08-05 03:16:44.694 15957 15980 I art     : Starting a blocking GC Explicit
08-05 03:16:44.707 15957 15980 I art     : Explicit concurrent mark sweep GC freed 6(192B) AllocSpace objects, 0(0B) LOS objects, 40% free, 22MB/37MB, paused 340us total 13.353ms
08-05 03:16:44.714 15957 15980 I art     : Starting a blocking GC Explicit
08-05 03:16:44.726 15957 15980 I art     : Explicit concurrent mark sweep GC freed 5(160B) AllocSpace objects, 0(0B) LOS objects, 40% free, 22MB/37MB, paused 132us total 11.401ms
08-05 03:16:44.733 15957 15980 I art     : Starting a blocking GC Explicit
08-05 03:16:44.744 15957 15980 I art     : Explicit concurrent mark sweep GC freed 5(160B) AllocSpace objects, 0(0B) LOS objects, 40% free, 22MB/37MB, paused 159us total 11.024ms
08-05 03:16:45.044 15957 15969 I art     : Starting a blocking GC Explicit
08-05 03:16:45.063 15957 15969 I art     : Explicit concurrent mark sweep GC freed 1367(80KB) AllocSpace objects, 1(20KB) LOS objects, 40% free, 22MB/37MB, paused 194us total 18.960ms
08-05 03:16:45.073 15957 15969 I art     : Starting a blocking GC Explicit
08-05 03:16:45.086 15957 15969 I art     : Explicit concurrent mark sweep GC freed 23(752B) AllocSpace objects, 0(0B) LOS objects, 40% free, 22MB/37MB, paused 155us total 13.203ms
08-05 03:16:45.093 15957 15969 I art     : Starting a blocking GC Explicit
08-05 03:16:45.106 15957 15969 I art     : Explicit concurrent mark sweep GC freed 3(96B) AllocSpace objects, 0(0B) LOS objects, 40% free, 22MB/37MB, paused 142us total 13.107ms
08-05 03:16:45.113 15957 15969 I art     : Starting a blocking GC Explicit
08-05 03:16:45.125 15957 15969 I art     : Explicit concurrent mark sweep GC freed 3(96B) AllocSpace objects, 0(0B) LOS objects, 40% free, 22MB/37MB, paused 143us total 12.396ms
08-05 03:16:45.131 15957 15969 I art     : Starting a blocking GC Explicit
08-05 03:16:45.144 15957 15969 I art     : Explicit concurrent mark sweep GC freed 3(96B) AllocSpace objects, 0(0B) LOS objects, 40% free, 22MB/37MB, paused 139us total 12.086ms
08-05 03:16:45.408 15957 15970 I art     : Starting a blocking GC Explicit
08-05 03:16:45.423 15957 15970 I art     : Explicit concurrent mark sweep GC freed 1385(81KB) AllocSpace objects, 1(20KB) LOS objects, 40% free, 22MB/37MB, paused 169us total 15.221ms
08-05 03:16:45.430 15957 15970 I art     : Starting a blocking GC Explicit
08-05 03:16:45.443 15957 15970 I art     : Explicit concurrent mark sweep GC freed 23(752B) AllocSpace objects, 0(0B) LOS objects, 40% free, 22MB/37MB, paused 151us total 13.501ms
08-05 03:16:45.450 15957 15970 I art     : Starting a blocking GC Explicit
08-05 03:16:45.463 15957 15970 I art     : Explicit concurrent mark sweep GC freed 3(96B) AllocSpace objects, 0(0B) LOS objects, 40% free, 22MB/37MB, paused 158us total 13.039ms
08-05 03:16:45.470 15957 15970 I art     : Starting a blocking GC Explicit
08-05 03:16:45.482 15957 15970 I art     : Explicit concurrent mark sweep GC freed 3(96B) AllocSpace objects, 0(0B) LOS objects, 40% free, 22MB/37MB, paused 152us total 12.439ms
08-05 03:16:45.488 15957 15970 I art     : Starting a blocking GC Explicit
08-05 03:16:45.501 15957 15970 I art     : Explicit concurrent mark sweep GC freed 3(96B) AllocSpace objects, 0(0B) LOS objects, 40% free, 22MB/37MB, paused 142us total 12.301ms
08-05 03:16:45.809 15957 15980 I art     : Starting a blocking GC Explicit
08-05 03:16:45.829 15957 15980 I art     : Explicit concurrent mark sweep GC freed 1360(81KB) AllocSpace objects, 1(20KB) LOS objects, 40% free, 22MB/37MB, paused 203us total 19.862ms
08-05 03:16:45.840 15957 15980 I art     : Starting a blocking GC Explicit
08-05 03:16:45.856 15957 15980 I art     : Explicit concurrent mark sweep GC freed 23(752B) AllocSpace objects, 0(0B) LOS objects, 40% free, 22MB/37MB, paused 175us total 16.609ms
08-05 03:16:45.867 15957 15980 I art     : Starting a blocking GC Explicit
08-05 03:16:45.880 15957 15980 I art     : Explicit concurrent mark sweep GC freed 3(96B) AllocSpace objects, 0(0B) LOS objects, 40% free, 22MB/37MB, paused 149us total 12.865ms
08-05 03:16:45.887 15957 15980 I art     : Starting a blocking GC Explicit
08-05 03:16:45.900 15957 15980 I art     : Explicit concurrent mark sweep GC freed 3(96B) AllocSpace objects, 0(0B) LOS objects, 40% free, 22MB/37MB, paused 157us total 13.203ms
08-05 03:16:45.907 15957 15980 I art     : Starting a blocking GC Explicit
08-05 03:16:45.920 15957 15980 I art     : Explicit concurrent mark sweep GC freed 3(96B) AllocSpace objects, 0(0B) LOS objects, 40% free, 22MB/37MB, paused 149us total 12.865ms
08-05 03:16:46.218 15957 15969 I art     : Starting a blocking GC Explicit
08-05 03:16:46.239 15957 15969 I art     : Explicit concurrent mark sweep GC freed 1386(82KB) AllocSpace objects, 1(20KB) LOS objects, 40% free, 22MB/37MB, paused 182us total 19.978ms
08-05 03:16:46.250 15957 15969 I art     : Starting a blocking GC Explicit
08-05 03:16:46.264 15957 15969 I art     : Explicit concurrent mark sweep GC freed 23(752B) AllocSpace objects, 0(0B) LOS objects, 40% free, 22MB/37MB, paused 152us total 13.321ms
08-05 03:16:46.271 15957 15969 I art     : Starting a blocking GC Explicit
08-05 03:16:46.284 15957 15969 I art     : Explicit concurrent mark sweep GC freed 3(96B) AllocSpace objects, 0(0B) LOS objects, 40% free, 22MB/37MB, paused 129us total 12.764ms
08-05 03:16:46.290 15957 15969 I art     : Starting a blocking GC Explicit
08-05 03:16:46.303 15957 15969 I art     : Explicit concurrent mark sweep GC freed 3(96B) AllocSpace objects, 0(0B) LOS objects, 40% free, 22MB/37MB, paused 146us total 12.510ms
08-05 03:16:46.309 15957 15969 I art     : Starting a blocking GC Explicit
08-05 03:16:46.322 15957 15969 I art     : Explicit concurrent mark sweep GC freed 3(96B) AllocSpace objects, 0(0B) LOS objects, 40% free, 22MB/37MB, paused 142us total 12.433ms
08-05 03:16:46.615 15957 15970 I art     : Starting a blocking GC Explicit
08-05 03:16:46.635 15957 15970 I art     : Explicit concurrent mark sweep GC freed 1358(79KB) AllocSpace objects, 1(20KB) LOS objects, 40% free, 22MB/37MB, paused 220us total 19.294ms
08-05 03:16:46.645 15957 15970 I art     : Starting a blocking GC Explicit
08-05 03:16:46.662 15957 15970 I art     : Explicit concurrent mark sweep GC freed 23(752B) AllocSpace objects, 0(0B) LOS objects, 40% free, 22MB/37MB, paused 178us total 16.629ms
08-05 03:16:46.670 15957 15970 I art     : Starting a blocking GC Explicit
08-05 03:16:46.683 15957 15970 I art     : Explicit concurrent mark sweep GC freed 3(96B) AllocSpace objects, 0(0B) LOS objects, 40% free, 22MB/37MB, paused 144us total 12.919ms
08-05 03:16:46.690 15957 15970 I art     : Starting a blocking GC Explicit
08-05 03:16:46.703 15957 15970 I art     : Explicit concurrent mark sweep GC freed 3(96B) AllocSpace objects, 0(0B) LOS objects, 40% free, 22MB/37MB, paused 160us total 13.019ms
08-05 03:16:46.710 15957 15970 I art     : Starting a blocking GC Explicit
08-05 03:16:46.722 15957 15970 I art     : Explicit concurrent mark sweep GC freed 3(96B) AllocSpace objects, 0(0B) LOS objects, 40% free, 22MB/37MB, paused 155us total 12.168ms
08-05 03:16:47.008 15957 15980 I art     : Starting a blocking GC Explicit
08-05 03:16:47.022 15957 15980 I art     : Explicit concurrent mark sweep GC freed 1358(79KB) AllocSpace objects, 1(20KB) LOS objects, 40% free, 22MB/37MB, paused 173us total 13.749ms
08-05 03:16:47.029 15957 15980 I art     : Starting a blocking GC Explicit
08-05 03:16:47.041 15957 15980 I art     : Explicit concurrent mark sweep GC freed 23(752B) AllocSpace objects, 0(0B) LOS objects, 40% free, 22MB/37MB, paused 160us total 12.479ms
08-05 03:16:47.048 15957 15980 I art     : Starting a blocking GC Explicit
08-05 03:16:47.059 15957 15980 I art     : Explicit concurrent mark sweep GC freed 3(96B) AllocSpace objects, 0(0B) LOS objects, 40% free, 22MB/37MB, paused 144us total 11.395ms
08-05 03:16:47.065 15957 15980 I art     : Starting a blocking GC Explicit
08-05 03:16:47.077 15957 15980 I art     : Explicit concurrent mark sweep GC freed 3(96B) AllocSpace objects, 0(0B) LOS objects, 40% free, 22MB/37MB, paused 158us total 11.284ms
08-05 03:16:47.083 15957 15980 I art     : Starting a blocking GC Explicit
08-05 03:16:47.094 15957 15980 I art     : Explicit concurrent mark sweep GC freed 3(96B) AllocSpace objects, 0(0B) LOS objects, 40% free, 22MB/37MB, paused 142us total 10.848ms
08-05 03:16:47.368 15957 15969 I art     : Starting a blocking GC Explicit
08-05 03:16:47.384 15957 15969 I art     : Explicit concurrent mark sweep GC freed 1384(80KB) AllocSpace objects, 1(20KB) LOS objects, 40% free, 22MB/37MB, paused 155us total 15.262ms
08-05 03:16:47.392 15957 15969 I art     : Starting a blocking GC Explicit
08-05 03:16:47.409 15957 15969 I art     : Explicit concurrent mark sweep GC freed 23(752B) AllocSpace objects, 0(0B) LOS objects, 40% free, 22MB/37MB, paused 162us total 16.524ms
08-05 03:16:47.419 15957 15969 I art     : Starting a blocking GC Explicit
08-05 03:16:47.431 15957 15969 I art     : Explicit concurrent mark sweep GC freed 3(96B) AllocSpace objects, 0(0B) LOS objects, 40% free, 22MB/37MB, paused 141us total 12.491ms
08-05 03:16:47.438 15957 15969 I art     : Starting a blocking GC Explicit
08-05 03:16:47.450 15957 15969 I art     : Explicit concurrent mark sweep GC freed 3(96B) AllocSpace objects, 0(0B) LOS objects, 40% free, 22MB/37MB, paused 135us total 12.657ms
08-05 03:16:47.457 15957 15969 I art     : Starting a blocking GC Explicit
08-05 03:16:47.470 15957 15969 I art     : Explicit concurrent mark sweep GC freed 3(96B) AllocSpace objects, 0(0B) LOS objects, 40% free, 22MB/37MB, paused 144us total 12.720ms
08-05 03:16:47.768 15957 15970 I art     : Starting a blocking GC Explicit
08-05 03:16:47.783 15957 15970 I art     : Explicit concurrent mark sweep GC freed 1358(79KB) AllocSpace objects, 1(20KB) LOS objects, 40% free, 22MB/37MB, paused 164us total 14.697ms
08-05 03:16:47.790 15957 15970 I art     : Starting a blocking GC Explicit
08-05 03:16:47.803 15957 15970 I art     : Explicit concurrent mark sweep GC freed 23(752B) AllocSpace objects, 0(0B) LOS objects, 40% free, 22MB/37MB, paused 151us total 12.821ms
08-05 03:16:47.809 15957 15970 I art     : Starting a blocking GC Explicit
08-05 03:16:47.821 15957 15970 I art     : Explicit concurrent mark sweep GC freed 3(96B) AllocSpace objects, 0(0B) LOS objects, 40% free, 22MB/37MB, paused 149us total 11.940ms
08-05 03:16:47.827 15957 15970 I art     : Starting a blocking GC Explicit
08-05 03:16:47.839 15957 15970 I art     : Explicit concurrent mark sweep GC freed 3(96B) AllocSpace objects, 0(0B) LOS objects, 40% free, 22MB/37MB, paused 141us total 11.388ms
08-05 03:16:47.845 15957 15970 I art     : Starting a blocking GC Explicit
08-05 03:16:47.857 15957 15970 I art     : Explicit concurrent mark sweep GC freed 3(96B) AllocSpace objects, 0(0B) LOS objects, 40% free, 22MB/37MB, paused 146us total 11.721ms
08-05 03:16:48.119 15957 15980 I art     : Starting a blocking GC Explicit
08-05 03:16:48.133 15957 15980 I art     : Explicit concurrent mark sweep GC freed 1357(79KB) AllocSpace objects, 1(20KB) LOS objects, 40% free, 22MB/37MB, paused 158us total 13.079ms
08-05 03:16:48.139 15957 15980 I art     : Starting a blocking GC Explicit
08-05 03:16:48.152 15957 15980 I art     : Explicit concurrent mark sweep GC freed 23(752B) AllocSpace objects, 0(0B) LOS objects, 40% free, 22MB/37MB, paused 153us total 12.751ms
08-05 03:16:48.158 15957 15980 I art     : Starting a blocking GC Explicit
08-05 03:16:48.171 15957 15980 I art     : Explicit concurrent mark sweep GC freed 3(96B) AllocSpace objects, 0(0B) LOS objects, 40% free, 22MB/37MB, paused 159us total 12.069ms
08-05 03:16:48.177 15957 15980 I art     : Starting a blocking GC Explicit
08-05 03:16:48.186 16162 16162 D AndroidRuntime: >>>>>> START com.android.internal.os.RuntimeInit uid 2000 <<<<<<
08-05 03:16:48.189 15957 15980 I art     : Explicit concurrent mark sweep GC freed 3(96B) AllocSpace objects, 0(0B) LOS objects, 40% free, 22MB/37MB, paused 149us total 12.334ms
08-05 03:16:48.190 16162 16162 D AndroidRuntime: CheckJNI is OFF
08-05 03:16:48.195 15957 15980 I art     : Starting a blocking GC Explicit
08-05 03:16:48.207 15957 15980 I art     : Explicit concurrent mark sweep GC freed 3(96B) AllocSpace objects, 0(0B) LOS objects, 40% free, 22MB/37MB, paused 162us total 11.152ms
08-05 03:16:48.218 16162 16162 D ICU     : No timezone override file found: /data/misc/zoneinfo/current/icu/icu_tzdata.dat
08-05 03:16:48.242 16162 16162 I Radio-JNI: register_android_hardware_Radio DONE
08-05 03:16:48.259 16162 16162 D AndroidRuntime: Calling main entry com.android.commands.input.Input
08-05 03:16:48.260 16162 16162 I Input   : injectMotionEvent: MotionEvent { action=ACTION_DOWN, actionButton=0, id[0]=0, x[0]=1233.0, y[0]=1274.0, toolType[0]=TOOL_TYPE_UNKNOWN, buttonState=0, metaState=0, flags=0x0, edgeFlags=0x0, pointerCount=1, historySize=0, eventTime=760624673, downTime=760624673, deviceId=0, source=0x1002 }
08-05 03:16:48.269 16162 16162 I Input   : injectMotionEvent: MotionEvent { action=ACTION_UP, actionButton=0, id[0]=0, x[0]=1233.0, y[0]=1274.0, toolType[0]=TOOL_TYPE_UNKNOWN, buttonState=0, metaState=0, flags=0x0, edgeFlags=0x0, pointerCount=1, historySize=0, eventTime=760624673, downTime=760624673, deviceId=0, source=0x1002 }
08-05 03:16:48.271 16162 16162 D AndroidRuntime: Shutting down VM
08-05 03:16:48.426 15957 15970 I art     : Starting a blocking GC Explicit
08-05 03:16:48.442 15957 15970 I art     : Explicit concurrent mark sweep GC freed 1387(80KB) AllocSpace objects, 1(20KB) LOS objects, 40% free, 22MB/37MB, paused 172us total 14.944ms
08-05 03:16:48.449 15957 15970 I art     : Starting a blocking GC Explicit
08-05 03:16:48.463 15957 15970 I art     : Explicit concurrent mark sweep GC freed 23(752B) AllocSpace objects, 0(0B) LOS objects, 40% free, 22MB/37MB, paused 154us total 13.574ms
08-05 03:16:48.470 15957 15970 I art     : Starting a blocking GC Explicit
08-05 03:16:48.483 15957 15970 I art     : Explicit concurrent mark sweep GC freed 3(96B) AllocSpace objects, 0(0B) LOS objects, 40% free, 22MB/37MB, paused 227us total 13.009ms
08-05 03:16:48.491 15957 15970 I art     : Starting a blocking GC Explicit
08-05 03:16:48.504 15957 15970 I art     : Explicit concurrent mark sweep GC freed 3(96B) AllocSpace objects, 0(0B) LOS objects, 40% free, 22MB/37MB, paused 156us total 13.624ms
08-05 03:16:48.511 15957 15970 I art     : Starting a blocking GC Explicit
08-05 03:16:48.523 15957 15970 I art     : Explicit concurrent mark sweep GC freed 3(96B) AllocSpace objects, 0(0B) LOS objects, 40% free, 22MB/37MB, paused 153us total 12.190ms
08-05 03:16:48.701 13866 13866 I GoogleInputMethodServic: GoogleInputMethodService.onFinishInput():3138 
08-05 03:16:48.702 13866 13866 I GoogleInputMethodServic: GoogleInputMethodService.onStartInput():1808 
08-05 03:16:48.771 15957 15980 I art     : Starting a blocking GC Explicit
08-05 03:16:48.785 15957 15980 I art     : Explicit concurrent mark sweep GC freed 1455(83KB) AllocSpace objects, 1(20KB) LOS objects, 40% free, 22MB/37MB, paused 165us total 13.742ms
08-05 03:16:48.792 15957 15980 I art     : Starting a blocking GC Explicit
08-05 03:16:48.805 15957 15980 I art     : Explicit concurrent mark sweep GC freed 31(1200B) AllocSpace objects, 0(0B) LOS objects, 40% free, 22MB/37MB, paused 158us total 12.289ms
08-05 03:16:48.811 15957 15980 I art     : Starting a blocking GC Explicit
08-05 03:16:48.822 15957 15980 I art     : Explicit concurrent mark sweep GC freed 3(96B) AllocSpace objects, 0(0B) LOS objects, 40% free, 22MB/37MB, paused 142us total 11.442ms
08-05 03:16:48.828 15957 15980 I art     : Starting a blocking GC Explicit
08-05 03:16:48.840 15957 15980 I art     : Explicit concurrent mark sweep GC freed 3(96B) AllocSpace objects, 0(0B) LOS objects, 40% free, 22MB/37MB, paused 149us total 12.088ms
08-05 03:16:48.846 15957 15980 I art     : Starting a blocking GC Explicit
08-05 03:16:48.859 15957 15980 I art     : Explicit concurrent mark sweep GC freed 3(96B) AllocSpace objects, 0(0B) LOS objects, 40% free, 22MB/37MB, paused 151us total 12.477ms
08-05 03:16:49.136 15957 15969 I art     : Starting a blocking GC Explicit
08-05 03:16:49.157 15957 15969 I art     : Explicit concurrent mark sweep GC freed 1358(79KB) AllocSpace objects, 1(20KB) LOS objects, 40% free, 22MB/37MB, paused 216us total 20.714ms
08-05 03:16:49.170 15957 15969 I art     : Starting a blocking GC Explicit
08-05 03:16:49.183 15957 15969 I art     : Explicit concurrent mark sweep GC freed 23(752B) AllocSpace objects, 0(0B) LOS objects, 40% free, 22MB/37MB, paused 139us total 13.530ms
08-05 03:16:49.190 15957 15969 I art     : Starting a blocking GC Explicit
08-05 03:16:49.203 15957 15969 I art     : Explicit concurrent mark sweep GC freed 3(96B) AllocSpace objects, 0(0B) LOS objects, 40% free, 22MB/37MB, paused 140us total 13.094ms
08-05 03:16:49.210 15957 15969 I art     : Starting a blocking GC Explicit
08-05 03:16:49.223 15957 15969 I art     : Explicit concurrent mark sweep GC freed 30(832B) AllocSpace objects, 0(0B) LOS objects, 40% free, 22MB/37MB, paused 136us total 12.362ms
08-05 03:16:49.229 15957 15969 I art     : Starting a blocking GC Explicit
08-05 03:16:49.242 15957 15969 I art     : Explicit concurrent mark sweep GC freed 3(96B) AllocSpace objects, 0(0B) LOS objects, 40% free, 22MB/37MB, paused 140us total 12.353ms
08-05 03:16:49.525 15957 15970 I art     : Starting a blocking GC Explicit
08-05 03:16:49.540 15957 15970 I art     : Explicit concurrent mark sweep GC freed 1357(79KB) AllocSpace objects, 1(20KB) LOS objects, 40% free, 22MB/37MB, paused 185us total 15.321ms
08-05 03:16:49.548 15957 15970 I art     : Starting a blocking GC Explicit
08-05 03:16:49.561 15957 15970 I art     : Explicit concurrent mark sweep GC freed 23(752B) AllocSpace objects, 0(0B) LOS objects, 40% free, 22MB/37MB, paused 200us total 13.424ms
08-05 03:16:49.568 15957 15970 I art     : Starting a blocking GC Explicit
08-05 03:16:49.580 15957 15970 I art     : Explicit concurrent mark sweep GC freed 3(96B) AllocSpace objects, 0(0B) LOS objects, 40% free, 22MB/37MB, paused 144us total 11.207ms
08-05 03:16:49.585 15957 15970 I art     : Starting a blocking GC Explicit
08-05 03:16:49.597 15957 15970 I art     : Explicit concurrent mark sweep GC freed 3(96B) AllocSpace objects, 0(0B) LOS objects, 40% free, 22MB/37MB, paused 200us total 11.294ms
08-05 03:16:49.602 15957 15970 I art     : Starting a blocking GC Explicit
08-05 03:16:49.613 15957 15970 I art     : Explicit concurrent mark sweep GC freed 3(96B) AllocSpace objects, 0(0B) LOS objects, 40% free, 22MB/37MB, paused 143us total 11.026ms
08-05 03:16:49.821 16228 16228 D AndroidRuntime: >>>>>> START com.android.internal.os.RuntimeInit uid 2000 <<<<<<
08-05 03:16:49.825 16228 16228 D AndroidRuntime: CheckJNI is OFF
08-05 03:16:49.852 16228 16228 D ICU     : No timezone override file found: /data/misc/zoneinfo/current/icu/icu_tzdata.dat
08-05 03:16:49.854 15957 15980 I art     : Starting a blocking GC Explicit
08-05 03:16:49.867 15957 15980 I art     : Explicit concurrent mark sweep GC freed 1357(79KB) AllocSpace objects, 1(20KB) LOS objects, 40% free, 22MB/37MB, paused 223us total 12.645ms
08-05 03:16:49.873 15957 15980 I art     : Starting a blocking GC Explicit
08-05 03:16:49.877 16228 16228 I Radio-JNI: register_android_hardware_Radio DONE
08-05 03:16:49.885 15957 15980 I art     : Explicit concurrent mark sweep GC freed 23(752B) AllocSpace objects, 0(0B) LOS objects, 40% free, 22MB/37MB, paused 153us total 12.366ms
08-05 03:16:49.891 15957 15980 I art     : Starting a blocking GC Explicit
08-05 03:16:49.894 16228 16228 D AndroidRuntime: Calling main entry com.android.commands.input.Input
08-05 03:16:49.896 16228 16228 I Input   : injectMotionEvent: MotionEvent { action=ACTION_DOWN, actionButton=0, id[0]=0, x[0]=103.0, y[0]=192.0, toolType[0]=TOOL_TYPE_UNKNOWN, buttonState=0, metaState=0, flags=0x0, edgeFlags=0x0, pointerCount=1, historySize=0, eventTime=760626309, downTime=760626309, deviceId=0, source=0x1002 }
08-05 03:16:49.902 16228 16228 I Input   : injectMotionEvent: MotionEvent { action=ACTION_UP, actionButton=0, id[0]=0, x[0]=103.0, y[0]=192.0, toolType[0]=TOOL_TYPE_UNKNOWN, buttonState=0, metaState=0, flags=0x0, edgeFlags=0x0, pointerCount=1, historySize=0, eventTime=760626309, downTime=760626309, deviceId=0, source=0x1002 }
08-05 03:16:49.904 16228 16228 D AndroidRuntime: Shutting down VM
08-05 03:16:49.904 15957 15980 I art     : Explicit concurrent mark sweep GC freed 22(688B) AllocSpace objects, 0(0B) LOS objects, 40% free, 22MB/37MB, paused 180us total 12.211ms
08-05 03:16:49.910 15957 15980 I art     : Starting a blocking GC Explicit
08-05 03:16:49.915   512  2967 D audio_hw_primary: out_set_parameters: enter: usecase(1: low-latency-playback) kvpairs: routing=2
08-05 03:16:49.922 15957 15980 I art     : Explicit concurrent mark sweep GC freed 14(432B) AllocSpace objects, 0(0B) LOS objects, 40% free, 22MB/37MB, paused 157us total 12.547ms
08-05 03:16:49.928 15957 15980 I art     : Starting a blocking GC Explicit
08-05 03:16:49.928   512  2967 D audio_hw_primary: select_devices: out_snd_device(2: speaker) in_snd_device(0: none)
08-05 03:16:49.928   512  2967 D msm8974_platform: platform_send_audio_calibration: sending audio calibration for snd_device(2) acdb_id(15)
08-05 03:16:49.928   512  2967 I soundtrigger: audio_extn_sound_trigger_update_device_status: device 0x2 of type 0 for Event 1
08-05 03:16:49.940   512  2967 D audio_hw_primary: enable_snd_device: snd_device(2: speaker)
08-05 03:16:49.940 15957 15980 I art     : Explicit concurrent mark sweep GC freed 34(1088B) AllocSpace objects, 0(0B) LOS objects, 40% free, 22MB/37MB, paused 170us total 11.776ms
08-05 03:16:49.942   512  2967 D audio_hw_primary: enable_audio_route: apply and update mixer path: low-latency-playback speaker
08-05 03:16:49.952 13866 13866 I GoogleInputMethodServic: GoogleInputMethodService.onFinishInput():3138 
08-05 03:16:49.953 13866 13866 I GoogleInputMethodServic: GoogleInputMethodService.onStartInput():1808 
08-05 03:16:50.164 15957 15969 I art     : Starting a blocking GC Explicit
08-05 03:16:50.177 15957 15969 I art     : Explicit concurrent mark sweep GC freed 1805(102KB) AllocSpace objects, 1(20KB) LOS objects, 40% free, 22MB/37MB, paused 321us total 12.954ms
08-05 03:16:50.183 15957 15969 I art     : Starting a blocking GC Explicit
08-05 03:16:50.195 15957 15969 I art     : Explicit concurrent mark sweep GC freed 37(1552B) AllocSpace objects, 0(0B) LOS objects, 40% free, 22MB/37MB, paused 171us total 12.131ms
08-05 03:16:50.202 15957 15969 I art     : Starting a blocking GC Explicit
08-05 03:16:50.214 15957 15969 I art     : Explicit concurrent mark sweep GC freed 30(832B) AllocSpace objects, 0(0B) LOS objects, 40% free, 22MB/37MB, paused 142us total 11.979ms
08-05 03:16:50.220 15957 15969 I art     : Starting a blocking GC Explicit
08-05 03:16:50.232 15957 15969 I art     : Explicit concurrent mark sweep GC freed 3(96B) AllocSpace objects, 0(0B) LOS objects, 40% free, 22MB/37MB, paused 141us total 11.784ms
08-05 03:16:50.239 15957 15969 I art     : Starting a blocking GC Explicit
08-05 03:16:50.252 15957 15969 I art     : Explicit concurrent mark sweep GC freed 3(96B) AllocSpace objects, 0(0B) LOS objects, 40% free, 22MB/37MB, paused 139us total 12.546ms
08-05 03:16:50.450 16261 16261 D AndroidRuntime: >>>>>> START com.android.internal.os.RuntimeInit uid 2000 <<<<<<
08-05 03:16:50.454 16261 16261 D AndroidRuntime: CheckJNI is OFF
08-05 03:16:50.478 16261 16261 D ICU     : No timezone override file found: /data/misc/zoneinfo/current/icu/icu_tzdata.dat
08-05 03:16:50.480   512  2967 D audio_hw_primary: disable_audio_route: reset and update mixer path: low-latency-playback speaker
08-05 03:16:50.481   512  2967 D audio_hw_primary: disable_snd_device: snd_device(2: speaker)
08-05 03:16:50.488   512  2967 I soundtrigger: audio_extn_sound_trigger_update_device_status: device 0x2 of type 0 for Event 0
08-05 03:16:50.493 15957 15969 I art     : Starting a blocking GC Explicit
08-05 03:16:50.503 16261 16261 I Radio-JNI: register_android_hardware_Radio DONE
08-05 03:16:50.506 15957 15969 I art     : Explicit concurrent mark sweep GC freed 1367(80KB) AllocSpace objects, 1(20KB) LOS objects, 40% free, 22MB/37MB, paused 154us total 12.267ms
08-05 03:16:50.512 15957 15969 I art     : Starting a blocking GC Explicit
08-05 03:16:50.519 16261 16261 D AndroidRuntime: Calling main entry com.android.commands.input.Input
08-05 03:16:50.521 16261 16261 I Input   : injectMotionEvent: MotionEvent { action=ACTION_DOWN, actionButton=0, id[0]=0, x[0]=324.0, y[0]=2298.0, toolType[0]=TOOL_TYPE_UNKNOWN, buttonState=0, metaState=0, flags=0x0, edgeFlags=0x0, pointerCount=1, historySize=0, eventTime=760626933, downTime=760626933, deviceId=0, source=0x1002 }
08-05 03:16:50.524 15957 15969 I art     : Explicit concurrent mark sweep GC freed 25(816B) AllocSpace objects, 0(0B) LOS objects, 40% free, 22MB/37MB, paused 141us total 11.933ms
08-05 03:16:50.524 16261 16261 I Input   : injectMotionEvent: MotionEvent { action=ACTION_UP, actionButton=0, id[0]=0, x[0]=324.0, y[0]=2298.0, toolType[0]=TOOL_TYPE_UNKNOWN, buttonState=0, metaState=0, flags=0x0, edgeFlags=0x0, pointerCount=1, historySize=0, eventTime=760626933, downTime=760626933, deviceId=0, source=0x1002 }
08-05 03:16:50.526 16261 16261 D AndroidRuntime: Shutting down VM
08-05 03:16:50.530 15957 15969 I art     : Starting a blocking GC Explicit
08-05 03:16:50.532   512  2967 D audio_hw_primary: out_set_parameters: enter: usecase(1: low-latency-playback) kvpairs: routing=2
08-05 03:16:50.532   918  6110 I ActivityManager: START u0 {cmp=baseline.de.danoeh.antennapod.debug/baseline.de.danoeh.antennapod.activity.PreferenceActivity} from uid 10691 on display 0
08-05 03:16:50.542 15957 15969 I art     : Explicit concurrent mark sweep GC freed 17(4KB) AllocSpace objects, 0(0B) LOS objects, 40% free, 22MB/37MB, paused 146us total 11.957ms
08-05 03:16:50.545   512  2967 D audio_hw_primary: select_devices: out_snd_device(2: speaker) in_snd_device(0: none)
08-05 03:16:50.545   512  2967 D msm8974_platform: platform_send_audio_calibration: sending audio calibration for snd_device(2) acdb_id(15)
08-05 03:16:50.545   512  2967 I soundtrigger: audio_extn_sound_trigger_update_device_status: device 0x2 of type 0 for Event 1
08-05 03:16:50.548 15957 15969 I art     : Starting a blocking GC Explicit
08-05 03:16:50.555   512  2967 D audio_hw_primary: enable_snd_device: snd_device(2: speaker)
08-05 03:16:50.558   512  2967 D audio_hw_primary: enable_audio_route: apply and update mixer path: low-latency-playback speaker
08-05 03:16:50.560 15957 15969 I art     : Explicit concurrent mark sweep GC freed 80(22KB) AllocSpace objects, 1(20KB) LOS objects, 40% free, 22MB/37MB, paused 307us total 12.036ms
08-05 03:16:50.566 15957 15969 I art     : Starting a blocking GC Explicit
08-05 03:16:50.580 15957 15969 I art     : Explicit concurrent mark sweep GC freed 680(90KB) AllocSpace objects, 0(0B) LOS objects, 40% free, 22MB/37MB, paused 407us total 13.598ms
08-05 03:16:50.600   512  2967 D AudioFlinger: mixer(0xf4740000) throttle end: throttle time(12)
08-05 03:16:50.806 13866 13866 I GoogleInputMethodServic: GoogleInputMethodService.onFinishInput():3138 
08-05 03:16:50.806 15957 15980 I art     : Starting a blocking GC Explicit
08-05 03:16:50.807 13866 13866 I GoogleInputMethodServic: GoogleInputMethodService.onStartInput():1808 
08-05 03:16:50.807   918   936 I ActivityManager: Displayed baseline.de.danoeh.antennapod.debug/baseline.de.danoeh.antennapod.activity.PreferenceActivity: +251ms
08-05 03:16:50.828 15957 15980 I art     : Explicit concurrent mark sweep GC freed 3976(339KB) AllocSpace objects, 1(20KB) LOS objects, 40% free, 23MB/39MB, paused 166us total 21.834ms
08-05 03:16:50.835 15957 15980 I art     : Starting a blocking GC Explicit
08-05 03:16:50.839 15957 15979 D OpenGLRenderer: endAllStagingAnimators on 0x7f994f2000 (RippleDrawable) with handle 0x7f7e37cc60
08-05 03:16:50.851 15957 15980 I art     : Explicit concurrent mark sweep GC freed 304(14KB) AllocSpace objects, 0(0B) LOS objects, 40% free, 23MB/38MB, paused 152us total 15.331ms
08-05 03:16:50.858 15957 15980 I art     : Starting a blocking GC Explicit
08-05 03:16:50.871 15957 15980 I art     : Explicit concurrent mark sweep GC freed 13(416B) AllocSpace objects, 0(0B) LOS objects, 40% free, 23MB/38MB, paused 142us total 13.106ms
08-05 03:16:50.878 15957 15980 I art     : Starting a blocking GC Explicit
08-05 03:16:50.891 15957 15980 I art     : Explicit concurrent mark sweep GC freed 3(96B) AllocSpace objects, 0(0B) LOS objects, 40% free, 23MB/38MB, paused 146us total 12.892ms
08-05 03:16:50.898 15957 15980 I art     : Starting a blocking GC Explicit
08-05 03:16:50.911 15957 15980 I art     : Explicit concurrent mark sweep GC freed 3(96B) AllocSpace objects, 0(0B) LOS objects, 40% free, 23MB/38MB, paused 147us total 13.210ms
08-05 03:16:51.031   380   380 W SurfaceFlinger: couldn't log to binary event log: overflow.
08-05 03:16:51.088   512  2967 D audio_hw_primary: disable_audio_route: reset and update mixer path: low-latency-playback speaker
08-05 03:16:51.089   512  2967 D audio_hw_primary: disable_snd_device: snd_device(2: speaker)
08-05 03:16:51.097   512  2967 I soundtrigger: audio_extn_sound_trigger_update_device_status: device 0x2 of type 0 for Event 0
08-05 03:16:51.153 15957 15957 D PlaybackController: Releasing PlaybackController
08-05 03:16:51.170 15957 15969 I art     : Starting a blocking GC Explicit
08-05 03:16:51.188 15957 15969 I art     : Explicit concurrent mark sweep GC freed 1620(97KB) AllocSpace objects, 1(20KB) LOS objects, 40% free, 23MB/39MB, paused 156us total 18.078ms
08-05 03:16:51.196 15957 15969 I art     : Starting a blocking GC Explicit
08-05 03:16:51.212 15957 15969 I art     : Explicit concurrent mark sweep GC freed 90(2800B) AllocSpace objects, 0(0B) LOS objects, 40% free, 23MB/39MB, paused 139us total 16.218ms
08-05 03:16:51.219 15957 15969 I art     : Starting a blocking GC Explicit
08-05 03:16:51.234 15957 15969 I art     : Explicit concurrent mark sweep GC freed 3(96B) AllocSpace objects, 0(0B) LOS objects, 40% free, 23MB/39MB, paused 145us total 14.904ms
08-05 03:16:51.240 15957 15969 I art     : Starting a blocking GC Explicit
08-05 03:16:51.255 15957 15969 I art     : Explicit concurrent mark sweep GC freed 3(96B) AllocSpace objects, 0(0B) LOS objects, 40% free, 23MB/39MB, paused 152us total 14.870ms
08-05 03:16:51.256 15957 15968 I art     : WaitForGcToComplete blocked for 15.097ms for cause HeapTrim
08-05 03:16:51.263 15957 15969 I art     : Starting a blocking GC Explicit
08-05 03:16:51.277 15957 15969 I art     : Explicit concurrent mark sweep GC freed 3(96B) AllocSpace objects, 0(0B) LOS objects, 40% free, 23MB/39MB, paused 142us total 14.521ms
08-05 03:16:51.548 15957 16294 I art     : Starting a blocking GC Explicit
08-05 03:16:51.565 15957 16294 I art     : Explicit concurrent mark sweep GC freed 1360(80KB) AllocSpace objects, 1(20KB) LOS objects, 40% free, 23MB/39MB, paused 162us total 17.521ms
08-05 03:16:51.576 15957 16294 I art     : Starting a blocking GC Explicit
08-05 03:16:51.597 15957 16294 I art     : Explicit concurrent mark sweep GC freed 23(752B) AllocSpace objects, 0(0B) LOS objects, 40% free, 23MB/39MB, paused 167us total 19.752ms
08-05 03:16:51.605 15957 16294 I art     : Starting a blocking GC Explicit
08-05 03:16:51.621 15957 16294 I art     : Explicit concurrent mark sweep GC freed 3(96B) AllocSpace objects, 0(0B) LOS objects, 40% free, 23MB/39MB, paused 156us total 15.679ms
08-05 03:16:51.627 15957 16294 I art     : Starting a blocking GC Explicit
08-05 03:16:51.643 15957 16294 I art     : Explicit concurrent mark sweep GC freed 3(96B) AllocSpace objects, 0(0B) LOS objects, 40% free, 23MB/39MB, paused 148us total 15.442ms
08-05 03:16:51.650 15957 16294 I art     : Starting a blocking GC Explicit
08-05 03:16:51.665 15957 16294 I art     : Explicit concurrent mark sweep GC freed 3(96B) AllocSpace objects, 0(0B) LOS objects, 40% free, 23MB/39MB, paused 141us total 14.709ms
08-05 03:16:51.898 15957 15970 I art     : Starting a blocking GC Explicit
08-05 03:16:51.913 15957 15970 I art     : Explicit concurrent mark sweep GC freed 1360(80KB) AllocSpace objects, 1(20KB) LOS objects, 40% free, 23MB/39MB, paused 159us total 15.438ms
08-05 03:16:51.921 15957 15970 I art     : Starting a blocking GC Explicit
08-05 03:16:51.934 15957 15970 I art     : Explicit concurrent mark sweep GC freed 23(752B) AllocSpace objects, 0(0B) LOS objects, 40% free, 23MB/39MB, paused 151us total 13.095ms
08-05 03:16:51.940 15957 15970 I art     : Starting a blocking GC Explicit
08-05 03:16:51.953 15957 15970 I art     : Explicit concurrent mark sweep GC freed 3(96B) AllocSpace objects, 0(0B) LOS objects, 40% free, 23MB/39MB, paused 146us total 13.135ms
08-05 03:16:51.959 15957 15970 I art     : Starting a blocking GC Explicit
08-05 03:16:51.973 15957 15970 I art     : Explicit concurrent mark sweep GC freed 3(96B) AllocSpace objects, 0(0B) LOS objects, 40% free, 23MB/39MB, paused 153us total 13.808ms
08-05 03:16:51.979 15957 15970 I art     : Starting a blocking GC Explicit
08-05 03:16:51.993 15957 15970 I art     : Explicit concurrent mark sweep GC freed 3(96B) AllocSpace objects, 0(0B) LOS objects, 40% free, 23MB/39MB, paused 159us total 13.865ms
08-05 03:16:52.096 16315 16315 D AndroidRuntime: >>>>>> START com.android.internal.os.RuntimeInit uid 2000 <<<<<<
08-05 03:16:52.101 16315 16315 D AndroidRuntime: CheckJNI is OFF
08-05 03:16:52.132 16315 16315 D ICU     : No timezone override file found: /data/misc/zoneinfo/current/icu/icu_tzdata.dat
08-05 03:16:52.157 16315 16315 I Radio-JNI: register_android_hardware_Radio DONE
08-05 03:16:52.174 16315 16315 D AndroidRuntime: Calling main entry com.android.commands.input.Input
08-05 03:16:52.176 16315 16315 I Input   : injectMotionEvent: MotionEvent { action=ACTION_DOWN, actionButton=0, id[0]=0, x[0]=400.0, y[0]=997.0, toolType[0]=TOOL_TYPE_UNKNOWN, buttonState=0, metaState=0, flags=0x0, edgeFlags=0x0, pointerCount=1, historySize=0, eventTime=760628589, downTime=760628589, deviceId=0, source=0x1002 }
08-05 03:16:52.181 16315 16315 I Input   : injectMotionEvent: MotionEvent { action=ACTION_UP, actionButton=0, id[0]=0, x[0]=400.0, y[0]=997.0, toolType[0]=TOOL_TYPE_UNKNOWN, buttonState=0, metaState=0, flags=0x0, edgeFlags=0x0, pointerCount=1, historySize=0, eventTime=760628589, downTime=760628589, deviceId=0, source=0x1002 }
08-05 03:16:52.183 16315 16315 D AndroidRuntime: Shutting down VM
08-05 03:16:52.203   512  2967 D audio_hw_primary: out_set_parameters: enter: usecase(1: low-latency-playback) kvpairs: routing=2
08-05 03:16:52.216   512  2967 D audio_hw_primary: select_devices: out_snd_device(2: speaker) in_snd_device(0: none)
08-05 03:16:52.216   512  2967 D msm8974_platform: platform_send_audio_calibration: sending audio calibration for snd_device(2) acdb_id(15)
08-05 03:16:52.217   512  2967 I soundtrigger: audio_extn_sound_trigger_update_device_status: device 0x2 of type 0 for Event 1
08-05 03:16:52.226   512  2967 D audio_hw_primary: enable_snd_device: snd_device(2: speaker)
08-05 03:16:52.228   512  2967 D audio_hw_primary: enable_audio_route: apply and update mixer path: low-latency-playback speaker
08-05 03:16:52.243 15957 15969 I art     : Starting a blocking GC Explicit
08-05 03:16:52.260 15957 15969 I art     : Explicit concurrent mark sweep GC freed 2890(184KB) AllocSpace objects, 2(40KB) LOS objects, 40% free, 23MB/39MB, paused 214us total 17.030ms
08-05 03:16:52.266 15957 15969 I art     : Starting a blocking GC Explicit
08-05 03:16:52.281 15957 15969 I art     : Explicit concurrent mark sweep GC freed 190(9KB) AllocSpace objects, 0(0B) LOS objects, 40% free, 23MB/39MB, paused 167us total 14.903ms
08-05 03:16:52.287 15957 15969 I art     : Starting a blocking GC Explicit
08-05 03:16:52.293 13866 13866 I GoogleInputMethodServic: GoogleInputMethodService.onFinishInput():3138 
08-05 03:16:52.294 13866 13866 I GoogleInputMethodServic: GoogleInputMethodService.onStartInput():1808 
08-05 03:16:52.303 15957 15969 I art     : Explicit concurrent mark sweep GC freed 71(3KB) AllocSpace objects, 0(0B) LOS objects, 40% free, 23MB/39MB, paused 146us total 15.266ms
08-05 03:16:52.309 15957 15969 I art     : Starting a blocking GC Explicit
08-05 03:16:52.323 15957 15969 I art     : Explicit concurrent mark sweep GC freed 19(1056B) AllocSpace objects, 0(0B) LOS objects, 40% free, 23MB/39MB, paused 136us total 14.013ms
08-05 03:16:52.329 15957 15969 I art     : Starting a blocking GC Explicit
08-05 03:16:52.343 15957 15969 I art     : Explicit concurrent mark sweep GC freed 3(96B) AllocSpace objects, 0(0B) LOS objects, 40% free, 23MB/39MB, paused 141us total 13.765ms
08-05 03:16:52.559 15957 15980 I art     : Starting a blocking GC Explicit
08-05 03:16:52.577 15957 15980 I art     : Explicit concurrent mark sweep GC freed 1362(80KB) AllocSpace objects, 1(20KB) LOS objects, 40% free, 23MB/39MB, paused 165us total 17.143ms
08-05 03:16:52.584 15957 15980 I art     : Starting a blocking GC Explicit
08-05 03:16:52.601 15957 15980 I art     : Explicit concurrent mark sweep GC freed 23(752B) AllocSpace objects, 0(0B) LOS objects, 40% free, 23MB/39MB, paused 159us total 17.118ms
08-05 03:16:52.607 15957 15980 I art     : Starting a blocking GC Explicit
08-05 03:16:52.623 15957 15980 I art     : Explicit concurrent mark sweep GC freed 3(96B) AllocSpace objects, 0(0B) LOS objects, 40% free, 23MB/39MB, paused 152us total 15.648ms
08-05 03:16:52.630 15957 15980 I art     : Starting a blocking GC Explicit
08-05 03:16:52.646 15957 15980 I art     : Explicit concurrent mark sweep GC freed 3(96B) AllocSpace objects, 0(0B) LOS objects, 40% free, 23MB/39MB, paused 158us total 16.045ms
08-05 03:16:52.653 15957 15980 I art     : Starting a blocking GC Explicit
08-05 03:16:52.668 15957 15980 I art     : Explicit concurrent mark sweep GC freed 3(96B) AllocSpace objects, 0(0B) LOS objects, 40% free, 23MB/39MB, paused 155us total 15.698ms
08-05 03:16:52.743 16348 16348 D AndroidRuntime: >>>>>> START com.android.internal.os.RuntimeInit uid 2000 <<<<<<
08-05 03:16:52.747 16348 16348 D AndroidRuntime: CheckJNI is OFF
08-05 03:16:52.759   512  2967 D audio_hw_primary: disable_audio_route: reset and update mixer path: low-latency-playback speaker
08-05 03:16:52.760   512  2967 D audio_hw_primary: disable_snd_device: snd_device(2: speaker)
08-05 03:16:52.768   512  2967 I soundtrigger: audio_extn_sound_trigger_update_device_status: device 0x2 of type 0 for Event 0
08-05 03:16:52.777 16348 16348 D ICU     : No timezone override file found: /data/misc/zoneinfo/current/icu/icu_tzdata.dat
08-05 03:16:52.804 16348 16348 I Radio-JNI: register_android_hardware_Radio DONE
08-05 03:16:52.821 16348 16348 D AndroidRuntime: Calling main entry com.android.commands.input.Input
08-05 03:16:52.822 16348 16348 I Input   : injectMotionEvent: MotionEvent { action=ACTION_DOWN, actionButton=0, id[0]=0, x[0]=697.0, y[0]=656.0, toolType[0]=TOOL_TYPE_UNKNOWN, buttonState=0, metaState=0, flags=0x0, edgeFlags=0x0, pointerCount=1, historySize=0, eventTime=760629235, downTime=760629235, deviceId=0, source=0x1002 }
08-05 03:16:52.826 16348 16348 I Input   : injectMotionEvent: MotionEvent { action=ACTION_UP, actionButton=0, id[0]=0, x[0]=697.0, y[0]=656.0, toolType[0]=TOOL_TYPE_UNKNOWN, buttonState=0, metaState=0, flags=0x0, edgeFlags=0x0, pointerCount=1, historySize=0, eventTime=760629235, downTime=760629235, deviceId=0, source=0x1002 }
08-05 03:16:52.828 16348 16348 D AndroidRuntime: Shutting down VM
08-05 03:16:52.834   512  2967 D audio_hw_primary: out_set_parameters: enter: usecase(1: low-latency-playback) kvpairs: routing=2
08-05 03:16:52.847   512  2967 D audio_hw_primary: select_devices: out_snd_device(2: speaker) in_snd_device(0: none)
08-05 03:16:52.847   512  2967 D msm8974_platform: platform_send_audio_calibration: sending audio calibration for snd_device(2) acdb_id(15)
08-05 03:16:52.847   512  2967 I soundtrigger: audio_extn_sound_trigger_update_device_status: device 0x2 of type 0 for Event 1
08-05 03:16:52.859   512  2967 D audio_hw_primary: enable_snd_device: snd_device(2: speaker)
08-05 03:16:52.861   512  2967 D audio_hw_primary: enable_audio_route: apply and update mixer path: low-latency-playback speaker
08-05 03:16:52.885 13866 13866 I GoogleInputMethodServic: GoogleInputMethodService.onFinishInput():3138 
08-05 03:16:52.887 13866 13866 I GoogleInputMethodServic: GoogleInputMethodService.onStartInput():1808 
08-05 03:16:52.904   512  2967 D AudioFlinger: mixer(0xf4740000) throttle end: throttle time(12)
08-05 03:16:52.914 15957 15969 I art     : Starting a blocking GC Explicit
08-05 03:16:52.930 15957 15969 I art     : Explicit concurrent mark sweep GC freed 2408(194KB) AllocSpace objects, 1(20KB) LOS objects, 40% free, 23MB/39MB, paused 152us total 16.107ms
08-05 03:16:52.937 15957 15969 I art     : Starting a blocking GC Explicit
08-05 03:16:52.954 15957 15969 I art     : Explicit concurrent mark sweep GC freed 163(7KB) AllocSpace objects, 0(0B) LOS objects, 40% free, 23MB/39MB, paused 160us total 16.715ms
08-05 03:16:52.962 15957 15969 I art     : Starting a blocking GC Explicit
08-05 03:16:52.979 15957 15969 I art     : Explicit concurrent mark sweep GC freed 3(96B) AllocSpace objects, 0(0B) LOS objects, 40% free, 23MB/39MB, paused 151us total 15.337ms
08-05 03:16:52.985 15957 15969 I art     : Starting a blocking GC Explicit
08-05 03:16:53.003 15957 15969 I art     : Explicit concurrent mark sweep GC freed 3(96B) AllocSpace objects, 0(0B) LOS objects, 40% free, 23MB/39MB, paused 143us total 17.780ms
08-05 03:16:53.011 15957 15969 I art     : Starting a blocking GC Explicit
08-05 03:16:53.028 15957 15969 I art     : Explicit concurrent mark sweep GC freed 3(96B) AllocSpace objects, 0(0B) LOS objects, 40% free, 23MB/39MB, paused 157us total 16.654ms
08-05 03:16:53.100 29532 29532 W PathParser: Points are too far apart 4.030360828967057
08-05 03:16:53.100 29532 29532 W PathParser: Points are too far apart 4.030360538880159
08-05 03:16:53.116 29532 29532 W PathParser: Points are too far apart 4.030360828967057
08-05 03:16:53.116 29532 29532 W PathParser: Points are too far apart 4.030360538880159
08-05 03:16:53.133 29532 29532 W PathParser: Points are too far apart 4.030360828967057
08-05 03:16:53.133 29532 29532 W PathParser: Points are too far apart 4.030360538880159
08-05 03:16:53.150 29532 29532 W PathParser: Points are too far apart 4.030360828967057
08-05 03:16:53.150 29532 29532 W PathParser: Points are too far apart 4.030360538880159
08-05 03:16:53.167 29532 29532 W PathParser: Points are too far apart 4.030360828967057
08-05 03:16:53.167 29532 29532 W PathParser: Points are too far apart 4.030360538880159
08-05 03:16:53.183 29532 29532 W PathParser: Points are too far apart 4.030360828967057
08-05 03:16:53.183 29532 29532 W PathParser: Points are too far apart 4.030360538880159
08-05 03:16:53.199 29532 29532 W PathParser: Points are too far apart 4.030360828967057
08-05 03:16:53.199 29532 29532 W PathParser: Points are too far apart 4.030360538880159
08-05 03:16:53.264 15957 15970 I art     : Starting a blocking GC Explicit
08-05 03:16:53.284 15957 15970 I art     : Explicit concurrent mark sweep GC freed 1392(80KB) AllocSpace objects, 1(20KB) LOS objects, 40% free, 23MB/39MB, paused 165us total 20.043ms
08-05 03:16:53.293 15957 15970 I art     : Starting a blocking GC Explicit
08-05 03:16:53.312 15957 15970 I art     : Explicit concurrent mark sweep GC freed 29(944B) AllocSpace objects, 0(0B) LOS objects, 40% free, 23MB/39MB, paused 174us total 18.727ms
08-05 03:16:53.319 15957 15970 I art     : Starting a blocking GC Explicit
08-05 03:16:53.336 15957 15970 I art     : Explicit concurrent mark sweep GC freed 5(192B) AllocSpace objects, 0(0B) LOS objects, 40% free, 23MB/39MB, paused 155us total 16.486ms
08-05 03:16:53.343 15957 15970 I art     : Starting a blocking GC Explicit
08-05 03:16:53.360 15957 15970 I art     : Explicit concurrent mark sweep GC freed 5(160B) AllocSpace objects, 0(0B) LOS objects, 40% free, 23MB/39MB, paused 145us total 16.857ms
08-05 03:16:53.366 15957 15970 I art     : Starting a blocking GC Explicit
08-05 03:16:53.382 15957 15970 I art     : Explicit concurrent mark sweep GC freed 3(96B) AllocSpace objects, 0(0B) LOS objects, 40% free, 23MB/39MB, paused 139us total 15.715ms
08-05 03:16:53.389   512  2967 D audio_hw_primary: disable_audio_route: reset and update mixer path: low-latency-playback speaker
08-05 03:16:53.390   512  2967 D audio_hw_primary: disable_snd_device: snd_device(2: speaker)
08-05 03:16:53.398   512  2967 I soundtrigger: audio_extn_sound_trigger_update_device_status: device 0x2 of type 0 for Event 0
08-05 03:16:53.402 16380 16380 D AndroidRuntime: >>>>>> START com.android.internal.os.RuntimeInit uid 2000 <<<<<<
08-05 03:16:53.407 16380 16380 D AndroidRuntime: CheckJNI is OFF
08-05 03:16:53.430 16380 16380 D ICU     : No timezone override file found: /data/misc/zoneinfo/current/icu/icu_tzdata.dat
08-05 03:16:53.456 16380 16380 I Radio-JNI: register_android_hardware_Radio DONE
08-05 03:16:53.475 16380 16380 D AndroidRuntime: Calling main entry com.android.commands.input.Input
08-05 03:16:53.477 16380 16380 I Input   : injectMotionEvent: MotionEvent { action=ACTION_DOWN, actionButton=0, id[0]=0, x[0]=256.0, y[0]=1589.0, toolType[0]=TOOL_TYPE_UNKNOWN, buttonState=0, metaState=0, flags=0x0, edgeFlags=0x0, pointerCount=1, historySize=0, eventTime=760629890, downTime=760629890, deviceId=0, source=0x1002 }
08-05 03:16:53.483 16380 16380 I Input   : injectMotionEvent: MotionEvent { action=ACTION_UP, actionButton=0, id[0]=0, x[0]=256.0, y[0]=1589.0, toolType[0]=TOOL_TYPE_UNKNOWN, buttonState=0, metaState=0, flags=0x0, edgeFlags=0x0, pointerCount=1, historySize=0, eventTime=760629890, downTime=760629890, deviceId=0, source=0x1002 }
08-05 03:16:53.486 16380 16380 D AndroidRuntime: Shutting down VM
08-05 03:16:53.506 15957 15957 D UserPreferences: timeOfDay: []
08-05 03:16:53.507 15957 15957 D AutoUpdateManager: Restarting update alarm.
08-05 03:16:53.510   512  2967 D audio_hw_primary: out_set_parameters: enter: usecase(1: low-latency-playback) kvpairs: routing=2
08-05 03:16:53.510 15957 15957 D AutoUpdateManager: Automatic update was deactivated
08-05 03:16:53.524   512  2967 D audio_hw_primary: select_devices: out_snd_device(2: speaker) in_snd_device(0: none)
08-05 03:16:53.524   512  2967 D msm8974_platform: platform_send_audio_calibration: sending audio calibration for snd_device(2) acdb_id(15)
08-05 03:16:53.524   512  2967 I soundtrigger: audio_extn_sound_trigger_update_device_status: device 0x2 of type 0 for Event 1
08-05 03:16:53.540   512  2967 D audio_hw_primary: enable_snd_device: snd_device(2: speaker)
08-05 03:16:53.542   512  2967 D audio_hw_primary: enable_audio_route: apply and update mixer path: low-latency-playback speaker
08-05 03:16:53.543 13866 13866 I GoogleInputMethodServic: GoogleInputMethodService.onFinishInput():3138 
08-05 03:16:53.544 13866 13866 I GoogleInputMethodServic: GoogleInputMethodService.onStartInput():1808 
08-05 03:16:53.554 29532 29532 W PathParser: Points are too far apart 4.030360828967057
08-05 03:16:53.554 29532 29532 W PathParser: Points are too far apart 4.030360538880159
08-05 03:16:53.566 29532 29532 W PathParser: Points are too far apart 4.030360828967057
08-05 03:16:53.566 29532 29532 W PathParser: Points are too far apart 4.030360538880159
08-05 03:16:53.582 29532 29532 W PathParser: Points are too far apart 4.030360828967057
08-05 03:16:53.582 29532 29532 W PathParser: Points are too far apart 4.030360538880159
08-05 03:16:53.583   512  2967 D AudioFlinger: mixer(0xf4740000) throttle end: throttle time(12)
08-05 03:16:53.599 29532 29532 W PathParser: Points are too far apart 4.030360828967057
08-05 03:16:53.600 29532 29532 W PathParser: Points are too far apart 4.030360538880159
08-05 03:16:53.616 29532 29532 W PathParser: Points are too far apart 4.030360828967057
08-05 03:16:53.616 29532 29532 W PathParser: Points are too far apart 4.030360538880159
08-05 03:16:53.624 15957 15969 I art     : Starting a blocking GC Explicit
08-05 03:16:53.632 29532 29532 W PathParser: Points are too far apart 4.030360828967057
08-05 03:16:53.633 29532 29532 W PathParser: Points are too far apart 4.030360538880159
08-05 03:16:53.641 15957 15969 I art     : Explicit concurrent mark sweep GC freed 1691(107KB) AllocSpace objects, 2(40KB) LOS objects, 40% free, 23MB/39MB, paused 145us total 17.213ms
08-05 03:16:53.648 15957 15969 I art     : Starting a blocking GC Explicit
08-05 03:16:53.649 29532 29532 W PathParser: Points are too far apart 4.030360828967057
08-05 03:16:53.649 29532 29532 W PathParser: Points are too far apart 4.030360538880159
08-05 03:16:53.665 15957 15969 I art     : Explicit concurrent mark sweep GC freed 56(1984B) AllocSpace objects, 0(0B) LOS objects, 40% free, 23MB/39MB, paused 136us total 16.917ms
08-05 03:16:53.666 29532 29532 W PathParser: Points are too far apart 4.030360828967057
08-05 03:16:53.666 29532 29532 W PathParser: Points are too far apart 4.030360538880159
08-05 03:16:53.672 15957 15969 I art     : Starting a blocking GC Explicit
08-05 03:16:53.689 15957 15969 I art     : Explicit concurrent mark sweep GC freed 7(288B) AllocSpace objects, 0(0B) LOS objects, 40% free, 23MB/39MB, paused 152us total 16.403ms
08-05 03:16:53.697 15957 15969 I art     : Starting a blocking GC Explicit
08-05 03:16:53.714 15957 15969 I art     : Explicit concurrent mark sweep GC freed 3(96B) AllocSpace objects, 0(0B) LOS objects, 40% free, 23MB/39MB, paused 159us total 17.266ms
08-05 03:16:53.716   380   380 W SurfaceFlinger: couldn't log to binary event log: overflow.
08-05 03:16:53.722 15957 15969 I art     : Starting a blocking GC Explicit
08-05 03:16:53.737 15957 15969 I art     : Explicit concurrent mark sweep GC freed 4(192B) AllocSpace objects, 0(0B) LOS objects, 40% free, 23MB/39MB, paused 141us total 14.951ms
08-05 03:16:53.969 15957 15969 I art     : Starting a blocking GC Explicit
08-05 03:16:53.987 15957 15969 I art     : Explicit concurrent mark sweep GC freed 1698(92KB) AllocSpace objects, 1(20KB) LOS objects, 40% free, 23MB/39MB, paused 168us total 17.050ms
08-05 03:16:53.994 15957 15969 I art     : Starting a blocking GC Explicit
08-05 03:16:54.012 15957 15969 I art     : Explicit concurrent mark sweep GC freed 56(1808B) AllocSpace objects, 0(0B) LOS objects, 40% free, 23MB/39MB, paused 155us total 17.215ms
08-05 03:16:54.019 15957 15969 I art     : Starting a blocking GC Explicit
08-05 03:16:54.034 15957 15969 I art     : Explicit concurrent mark sweep GC freed 47(1504B) AllocSpace objects, 0(0B) LOS objects, 40% free, 23MB/39MB, paused 222us total 15.462ms
08-05 03:16:54.036 16413 16413 D AndroidRuntime: >>>>>> START com.android.internal.os.RuntimeInit uid 2000 <<<<<<
08-05 03:16:54.040 16413 16413 D AndroidRuntime: CheckJNI is OFF
08-05 03:16:54.041 15957 15969 I art     : Starting a blocking GC Explicit
08-05 03:16:54.057 15957 15969 I art     : Explicit concurrent mark sweep GC freed 54(1728B) AllocSpace objects, 0(0B) LOS objects, 40% free, 23MB/39MB, paused 173us total 16.009ms
08-05 03:16:54.063 15957 15969 I art     : Starting a blocking GC Explicit
08-05 03:16:54.068 16413 16413 D ICU     : No timezone override file found: /data/misc/zoneinfo/current/icu/icu_tzdata.dat
08-05 03:16:54.069   512  2967 D audio_hw_primary: disable_audio_route: reset and update mixer path: low-latency-playback speaker
08-05 03:16:54.070   512  2967 D audio_hw_primary: disable_snd_device: snd_device(2: speaker)
08-05 03:16:54.078   512  2967 I soundtrigger: audio_extn_sound_trigger_update_device_status: device 0x2 of type 0 for Event 0
08-05 03:16:54.078 15957 15969 I art     : Explicit concurrent mark sweep GC freed 35(1120B) AllocSpace objects, 0(0B) LOS objects, 40% free, 23MB/39MB, paused 171us total 14.509ms
08-05 03:16:54.093 16413 16413 I Radio-JNI: register_android_hardware_Radio DONE
08-05 03:16:54.108 16413 16413 D AndroidRuntime: Calling main entry com.android.commands.input.Input
08-05 03:16:54.109 16413 16413 I Input   : injectKeyEvent: KeyEvent { action=ACTION_DOWN, keyCode=KEYCODE_BACK, scanCode=0, metaState=0, flags=0x0, repeatCount=0, eventTime=760630522, downTime=760630522, deviceId=-1, source=0x101 }
08-05 03:16:54.114 16413 16413 I Input   : injectKeyEvent: KeyEvent { action=ACTION_UP, keyCode=KEYCODE_BACK, scanCode=0, metaState=0, flags=0x0, repeatCount=0, eventTime=760630522, downTime=760630522, deviceId=-1, source=0x101 }
08-05 03:16:54.119 16413 16413 D AndroidRuntime: Shutting down VM
08-05 03:16:54.158 13866 13866 I GoogleInputMethodServic: GoogleInputMethodService.onFinishInput():3138 
08-05 03:16:54.160 13866 13866 I GoogleInputMethodServic: GoogleInputMethodService.onStartInput():1808 
08-05 03:16:54.313 15957 16294 I art     : Starting a blocking GC Explicit
08-05 03:16:54.334 15957 16294 I art     : Explicit concurrent mark sweep GC freed 2712(140KB) AllocSpace objects, 1(20KB) LOS objects, 39% free, 24MB/40MB, paused 215us total 21.452ms
08-05 03:16:54.343 15957 16294 I art     : Starting a blocking GC Explicit
08-05 03:16:54.360 15957 16294 I art     : Explicit concurrent mark sweep GC freed 8416(532KB) AllocSpace objects, 0(0B) LOS objects, 40% free, 23MB/39MB, paused 185us total 17.373ms
08-05 03:16:54.368 15957 16294 I art     : Starting a blocking GC Explicit
08-05 03:16:54.384 15957 16294 I art     : Explicit concurrent mark sweep GC freed 7(288B) AllocSpace objects, 0(0B) LOS objects, 40% free, 23MB/39MB, paused 168us total 15.477ms
08-05 03:16:54.391 15957 16294 I art     : Starting a blocking GC Explicit
08-05 03:16:54.406 15957 16294 I art     : Explicit concurrent mark sweep GC freed 3(96B) AllocSpace objects, 0(0B) LOS objects, 40% free, 23MB/39MB, paused 164us total 15.453ms
08-05 03:16:54.413 15957 16294 I art     : Starting a blocking GC Explicit
08-05 03:16:54.429 15957 16294 I art     : Explicit concurrent mark sweep GC freed 3(96B) AllocSpace objects, 0(0B) LOS objects, 40% free, 23MB/39MB, paused 171us total 16.452ms
08-05 03:16:54.701 15957 15970 I art     : Starting a blocking GC Explicit
08-05 03:16:54.722 15957 15970 I art     : Explicit concurrent mark sweep GC freed 1465(85KB) AllocSpace objects, 1(20KB) LOS objects, 40% free, 23MB/39MB, paused 227us total 20.527ms
08-05 03:16:54.734 15957 15970 I art     : Starting a blocking GC Explicit
08-05 03:16:54.750 15957 15970 I art     : Explicit concurrent mark sweep GC freed 889(56KB) AllocSpace objects, 1(48KB) LOS objects, 40% free, 23MB/39MB, paused 159us total 15.175ms
08-05 03:16:54.756 15957 15970 I art     : Starting a blocking GC Explicit
08-05 03:16:54.771 15957 15970 I art     : Explicit concurrent mark sweep GC freed 3(96B) AllocSpace objects, 0(0B) LOS objects, 40% free, 23MB/39MB, paused 152us total 14.765ms
08-05 03:16:54.778 15957 15970 I art     : Starting a blocking GC Explicit
08-05 03:16:54.792 15957 15970 I art     : Explicit concurrent mark sweep GC freed 3(96B) AllocSpace objects, 0(0B) LOS objects, 40% free, 23MB/39MB, paused 155us total 14.381ms
08-05 03:16:54.799 15957 15970 I art     : Starting a blocking GC Explicit
08-05 03:16:54.814 15957 15970 I art     : Explicit concurrent mark sweep GC freed 3(96B) AllocSpace objects, 0(0B) LOS objects, 40% free, 23MB/39MB, paused 165us total 14.633ms
08-05 03:16:55.099 15957 15969 I art     : Starting a blocking GC Explicit
08-05 03:16:55.125 15957 15969 I art     : Explicit concurrent mark sweep GC freed 1365(80KB) AllocSpace objects, 1(20KB) LOS objects, 40% free, 23MB/39MB, paused 277us total 25.158ms
08-05 03:16:55.133 15957 15969 I art     : Starting a blocking GC Explicit
08-05 03:16:55.149 15957 15969 I art     : Explicit concurrent mark sweep GC freed 23(752B) AllocSpace objects, 0(0B) LOS objects, 40% free, 23MB/39MB, paused 142us total 15.261ms
08-05 03:16:55.156 15957 15969 I art     : Starting a blocking GC Explicit
08-05 03:16:55.171 15957 15969 I art     : Explicit concurrent mark sweep GC freed 3(96B) AllocSpace objects, 0(0B) LOS objects, 40% free, 23MB/39MB, paused 144us total 14.802ms
08-05 03:16:55.177 15957 15969 I art     : Starting a blocking GC Explicit
08-05 03:16:55.192 15957 15969 I art     : Explicit concurrent mark sweep GC freed 3(96B) AllocSpace objects, 0(0B) LOS objects, 40% free, 23MB/39MB, paused 145us total 14.851ms
08-05 03:16:55.199 15957 15969 I art     : Starting a blocking GC Explicit
08-05 03:16:55.214 15957 15969 I art     : Explicit concurrent mark sweep GC freed 30(832B) AllocSpace objects, 0(0B) LOS objects, 40% free, 23MB/39MB, paused 139us total 14.714ms
08-05 03:16:55.305   518   646 I ThermalEngine: ACTION: GPU - Setting GPU[0] to 510000000
08-05 03:16:55.432 17099 17099 I Finsky  : [1] xow.onStartJob(3): SCH: onJobSchedulerWakeup with jobId 9003
08-05 03:16:55.441 17099 17099 I Finsky  : [1] xjw.a(9): Scheduling fallback in 43199998 (absolute: 1787219313)
08-05 03:16:55.443 17099 17099 I Finsky  : [1] xjw.a(9): Scheduling fallback in 64799998 (absolute: 1808819316)
08-05 03:16:55.473 15957 15980 I art     : Starting a blocking GC Explicit
08-05 03:16:55.492 15957 15980 I art     : Explicit concurrent mark sweep GC freed 1365(80KB) AllocSpace objects, 1(20KB) LOS objects, 40% free, 23MB/39MB, paused 206us total 18.230ms
08-05 03:16:55.500 15957 15980 I art     : Starting a blocking GC Explicit
08-05 03:16:55.519 15957 15980 I art     : Explicit concurrent mark sweep GC freed 23(752B) AllocSpace objects, 0(0B) LOS objects, 40% free, 23MB/39MB, paused 206us total 18.525ms
08-05 03:16:55.527 15957 15980 I art     : Starting a blocking GC Explicit
08-05 03:16:55.545 15957 15980 I art     : Explicit concurrent mark sweep GC freed 3(96B) AllocSpace objects, 0(0B) LOS objects, 40% free, 23MB/39MB, paused 205us total 18.059ms
08-05 03:16:55.553 15957 15980 I art     : Starting a blocking GC Explicit
08-05 03:16:55.572 15957 15980 I art     : Explicit concurrent mark sweep GC freed 3(96B) AllocSpace objects, 0(0B) LOS objects, 40% free, 23MB/39MB, paused 215us total 18.277ms
08-05 03:16:55.580 15957 15980 I art     : Starting a blocking GC Explicit
08-05 03:16:55.598 15957 15980 I art     : Explicit concurrent mark sweep GC freed 3(96B) AllocSpace objects, 0(0B) LOS objects, 40% free, 23MB/39MB, paused 201us total 18.064ms
08-05 03:16:55.600 17099 17099 I Finsky  : [1] xkf.handleMessage(8): SCH: DeviceState: DeviceState{currentTime=1596590215595, isCharging=false, isIdle=false, netAny=true, netNotRoaming=true, netUnmetered=true, batteryPercent=100.0}
08-05 03:16:55.605 17099 15925 I Finsky  : [6006] xmu.a(8): SCH: Jobs in database: 1-1337 3-201 3-202 12-1 24-77777777 26-1414141414 
08-05 03:16:55.610 17099 17099 I Finsky  : [1] xkg.a(16): SCH: Running job: 12-1
08-05 03:16:55.611 17099 17099 I Finsky  : [1] ContentSyncJob.a(16): [ContentSync] job started
08-05 03:16:55.612 17099 17099 I Finsky  : [1] xkf.handleMessage(61): SCH: RunningQueue size: 1, PendingQueue size: 0
08-05 03:16:55.612 17099 17099 I Finsky  : [1] xkf.handleMessage(64): SCH: Running queue: 12-1 
08-05 03:16:55.675 17099 15947 I Finsky  : [6011] dzn.a(22): Completed 0 account content syncs with 0 successful.
08-05 03:16:55.677 17099 17099 I Finsky  : [1] ContentSyncJob.a(1): [ContentSync] Installation state replication succeeded.
08-05 03:16:55.677 17099 17099 I Finsky  : [1] xlr.a(13): SCH: jobFinished: 12-1. TimeElapsed: 67ms.
08-05 03:16:55.678 17099 17099 I Finsky  : [1] xkg.a(36): SCH: Job 12-1 finished. Not rescheduling.
08-05 03:16:55.678 17099 17099 I Finsky  : [1] xkf.handleMessage(61): SCH: RunningQueue size: 0, PendingQueue size: 0
08-05 03:16:55.678 17099 17099 I Finsky  : [1] xkf.handleMessage(25): Executor finished
08-05 03:16:55.696 17099 17099 I Finsky  : [1] xmu.a(8): SCH: Jobs in database: 1-1337 3-201 3-202 24-77777777 26-1414141414 
08-05 03:16:55.698 17099 17099 I Finsky  : [1] xio.a(57): SCH: ConstraintMapping: 24-77777777,  -> L: 0ms, D: 64384822ms, C: false, I: true, N: 0
08-05 03:16:55.699 17099 17099 I Finsky  : [1] xio.a(57): SCH: ConstraintMapping: 1-1337,  -> L: 24537210ms, D: 67737210ms, C: false, I: false, N: 1
08-05 03:16:55.700 17099 17099 I Finsky  : [1] xio.a(57): SCH: ConstraintMapping: 3-201,  -> L: 0ms, D: 84478725ms, C: false, I: true, N: 2
08-05 03:16:55.700 17099 17099 I Finsky  : [1] xio.a(57): SCH: ConstraintMapping: 3-202,  -> L: 0ms, D: 84478790ms, C: true, I: true, N: 2
08-05 03:16:55.700 17099 17099 I Finsky  : [1] xio.a(57): SCH: ConstraintMapping: 26-1414141414,  -> L: 29174695ms, D: 30074695ms, C: false, I: false, N: 0
08-05 03:16:55.714 17099 17099 I Finsky  : [1] xle.a(34): Cancelling existing jobscheduler jobs: 9001 9017 9006 9004 9015 9008 9019 9016 9018 
08-05 03:16:55.715 17099 17099 I Finsky  : [1] xle.a(10): Throttling wakeup for job 9000 (expected to run in 0 ms) due to recent wakeup
08-05 03:16:55.715 17099 17099 I Finsky  : [1] xle.a(27): Scheduling job Id: 9000, L: 30000, D: 64384822, C: false, I: true, N: 0
08-05 03:16:55.717 17099 17099 I Finsky  : [1] xle.a(27): Scheduling job Id: 9002, L: 24537210, D: 67737210, C: false, I: false, N: 1
08-05 03:16:55.719 17099 17099 I Finsky  : [1] xle.a(10): Throttling wakeup for job 9005 (expected to run in 0 ms) due to recent wakeup
08-05 03:16:55.720 17099 17099 I Finsky  : [1] xle.a(27): Scheduling job Id: 9005, L: 30000, D: 84478725, C: false, I: true, N: 2
08-05 03:16:55.721 17099 17099 I Finsky  : [1] xle.a(10): Throttling wakeup for job 9007 (expected to run in 0 ms) due to recent wakeup
08-05 03:16:55.722 17099 17099 I Finsky  : [1] xle.a(27): Scheduling job Id: 9007, L: 30000, D: 84478790, C: true, I: true, N: 2
08-05 03:16:55.723 17099 17099 I Finsky  : [1] xle.a(27): Scheduling job Id: 9009, L: 29174695, D: 30074695, C: false, I: false, N: 0
08-05 03:16:55.725 17099 17099 I Finsky  : [1] xle.a(10): Throttling wakeup for job 9010 (expected to run in 0 ms) due to recent wakeup
08-05 03:16:55.726 17099 17099 I Finsky  : [1] xle.a(27): Scheduling job Id: 9010, L: 30000, D: 64384822, C: false, I: true, N: 0
08-05 03:16:55.727 17099 17099 I Finsky  : [1] xle.a(27): Scheduling job Id: 9011, L: 24537210, D: 67737210, C: false, I: false, N: 1
08-05 03:16:55.729 17099 17099 I Finsky  : [1] xle.a(10): Throttling wakeup for job 9012 (expected to run in 0 ms) due to recent wakeup
08-05 03:16:55.730 17099 17099 I Finsky  : [1] xle.a(27): Scheduling job Id: 9012, L: 30000, D: 84478725, C: false, I: true, N: 2
08-05 03:16:55.732 17099 17099 I Finsky  : [1] xle.a(10): Throttling wakeup for job 9013 (expected to run in 0 ms) due to recent wakeup
08-05 03:16:55.732 17099 17099 I Finsky  : [1] xle.a(27): Scheduling job Id: 9013, L: 30000, D: 84478790, C: true, I: true, N: 2
08-05 03:16:55.734 17099 17099 I Finsky  : [1] xle.a(27): Scheduling job Id: 9014, L: 29174695, D: 30074695, C: false, I: false, N: 0
08-05 03:16:55.764 16467 16467 D AndroidRuntime: >>>>>> START com.android.internal.os.RuntimeInit uid 2000 <<<<<<
08-05 03:16:55.768 16467 16467 D AndroidRuntime: CheckJNI is OFF
08-05 03:16:55.800 16467 16467 D ICU     : No timezone override file found: /data/misc/zoneinfo/current/icu/icu_tzdata.dat
08-05 03:16:55.831 16467 16467 I Radio-JNI: register_android_hardware_Radio DONE
08-05 03:16:55.849 15957 15969 I art     : Starting a blocking GC Explicit
08-05 03:16:55.852 16467 16467 D AndroidRuntime: Calling main entry com.android.commands.input.Input
08-05 03:16:55.854 16467 16467 I Input   : injectKeyEvent: KeyEvent { action=ACTION_DOWN, keyCode=KEYCODE_BACK, scanCode=0, metaState=0, flags=0x0, repeatCount=0, eventTime=760632267, downTime=760632267, deviceId=-1, source=0x101 }
08-05 03:16:55.859 16467 16467 I Input   : injectKeyEvent: KeyEvent { action=ACTION_UP, keyCode=KEYCODE_BACK, scanCode=0, metaState=0, flags=0x0, repeatCount=0, eventTime=760632267, downTime=760632267, deviceId=-1, source=0x101 }
08-05 03:16:55.864 16467 16467 D AndroidRuntime: Shutting down VM
08-05 03:16:55.867 15957 15969 I art     : Explicit concurrent mark sweep GC freed 1748(94KB) AllocSpace objects, 1(20KB) LOS objects, 40% free, 23MB/39MB, paused 262us total 17.522ms
08-05 03:16:55.875 15957 15969 I art     : Starting a blocking GC Explicit
08-05 03:16:55.890 15957 15957 D QueueFragment: loadItems()
08-05 03:16:55.891 15957 15986 D DBReader: getQueue() called
08-05 03:16:55.891 15957 15986 D DBReader: getQueue()
08-05 03:16:55.891 15957 15957 V PlaybackController: initServiceNotRunning()
08-05 03:16:55.891 15957 15957 D ExternalPlayerFragment: Loading media info
08-05 03:16:55.893 15957 15986 D DBReader: getFavoriteIDList() called
08-05 03:16:55.893 15957 15957 D UserPreferences: Using default data folder
08-05 03:16:55.894 15957 15986 D DBReader: getQueueIDList() called
08-05 03:16:55.894 15957 15978 D DBReader: getNavDrawerData() called with: 
08-05 03:16:55.894 15957 15986 D DBReader: Extracting Feedlist
08-05 03:16:55.897 15957 15969 I art     : Explicit concurrent mark sweep GC freed 397(31KB) AllocSpace objects, 0(0B) LOS objects, 40% free, 23MB/39MB, paused 478us total 21.594ms
08-05 03:16:55.898 15957 15978 D DBReader: getDownloadedItems() called
08-05 03:16:55.898 15957 15978 D DBReader: getFavoriteIDList() called
08-05 03:16:55.899 15957 15978 D DBReader: getQueueIDList() called
08-05 03:16:55.899 15957 15978 D DBReader: Extracting Feedlist
08-05 03:16:55.905 15957 15969 I art     : Starting a blocking GC Explicit
08-05 03:16:55.923 15957 15969 I art     : Explicit concurrent mark sweep GC freed 812(52KB) AllocSpace objects, 0(0B) LOS objects, 40% free, 23MB/39MB, paused 320us total 18.470ms
08-05 03:16:55.932 15957 15969 I art     : Starting a blocking GC Explicit
08-05 03:16:55.945 15957 15957 D MainActivity: getLastNavFragment() -> QueueFragment
08-05 03:16:55.949 15957 15969 I art     : Explicit concurrent mark sweep GC freed 836(52KB) AllocSpace objects, 0(0B) LOS objects, 40% free, 23MB/39MB, paused 335us total 16.740ms
08-05 03:16:55.957 15957 15969 I art     : Starting a blocking GC Explicit
08-05 03:16:55.970  9999  9999 I Atfwd_Sendcmd: AtCmdFwd service not ready - Exhausted retry attempts - :6
08-05 03:16:55.970  9999  9999 I Atfwd_Daemon: result : -1 	 ,Init step :2 	 ,qmiErrorCode: 0
08-05 03:16:55.976 15957 15969 I art     : Explicit concurrent mark sweep GC freed 594(27KB) AllocSpace objects, 0(0B) LOS objects, 40% free, 23MB/39MB, paused 480us total 19.315ms
08-05 03:16:55.982 13866 13866 I GoogleInputMethodServic: GoogleInputMethodService.onFinishInput():3138 
08-05 03:16:55.982 13866 13866 I GoogleInputMethodServic: GoogleInputMethodService.onStartInput():1808 
08-05 03:16:56.053   918   929 I ActivityManager: Killing 21889:com.google.android.webview:webview_service/u0a74 (adj 15): empty #17
08-05 03:16:56.236 15957 16294 I art     : Starting a blocking GC Explicit
08-05 03:16:56.253   380   380 W SurfaceFlinger: couldn't log to binary event log: overflow.
08-05 03:16:56.256 15957 16294 I art     : Explicit concurrent mark sweep GC freed 2684(150KB) AllocSpace objects, 1(20KB) LOS objects, 40% free, 23MB/39MB, paused 401us total 19.884ms
08-05 03:16:56.265 15957 16294 I art     : Starting a blocking GC Explicit
08-05 03:16:56.285 15957 16294 I art     : Explicit concurrent mark sweep GC freed 155(6KB) AllocSpace objects, 0(0B) LOS objects, 40% free, 23MB/39MB, paused 222us total 19.489ms
08-05 03:16:56.285 15957 15968 I art     : WaitForGcToComplete blocked for 7.857ms for cause HeapTrim
08-05 03:16:56.293 15957 16294 I art     : Starting a blocking GC Explicit
08-05 03:16:56.309 15957 16294 I art     : Explicit concurrent mark sweep GC freed 6224(389KB) AllocSpace objects, 11(308KB) LOS objects, 40% free, 22MB/38MB, paused 211us total 15.993ms
08-05 03:16:56.316 15957 16294 I art     : Starting a blocking GC Explicit
08-05 03:16:56.332 15957 16294 I art     : Explicit concurrent mark sweep GC freed 6(272B) AllocSpace objects, 0(0B) LOS objects, 40% free, 22MB/38MB, paused 218us total 15.953ms
08-05 03:16:56.340 15957 16294 I art     : Starting a blocking GC Explicit
08-05 03:16:56.357 15957 16294 I art     : Explicit concurrent mark sweep GC freed 3(96B) AllocSpace objects, 0(0B) LOS objects, 40% free, 22MB/38MB, paused 231us total 16.561ms
08-05 03:16:56.651 15957 15970 I art     : Starting a blocking GC Explicit
08-05 03:16:56.674 15957 15970 I art     : Explicit concurrent mark sweep GC freed 1367(82KB) AllocSpace objects, 1(20KB) LOS objects, 40% free, 22MB/38MB, paused 261us total 22.570ms
08-05 03:16:56.688 15957 15970 I art     : Starting a blocking GC Explicit
08-05 03:16:56.705 15957 15970 I art     : Explicit concurrent mark sweep GC freed 23(752B) AllocSpace objects, 0(0B) LOS objects, 40% free, 22MB/38MB, paused 230us total 17.131ms
08-05 03:16:56.713 15957 15970 I art     : Starting a blocking GC Explicit
08-05 03:16:56.731 15957 15970 I art     : Explicit concurrent mark sweep GC freed 3(96B) AllocSpace objects, 0(0B) LOS objects, 40% free, 22MB/38MB, paused 228us total 17.172ms
08-05 03:16:56.739 15957 15970 I art     : Starting a blocking GC Explicit
08-05 03:16:56.756 15957 15970 I art     : Explicit concurrent mark sweep GC freed 3(96B) AllocSpace objects, 0(0B) LOS objects, 40% free, 22MB/38MB, paused 219us total 17.315ms
08-05 03:16:56.765 15957 15970 I art     : Starting a blocking GC Explicit
08-05 03:16:56.782 15957 15970 I art     : Explicit concurrent mark sweep GC freed 3(96B) AllocSpace objects, 0(0B) LOS objects, 40% free, 22MB/38MB, paused 220us total 17.180ms
08-05 03:16:57.052 15957 15980 I art     : Starting a blocking GC Explicit
08-05 03:16:57.073 15957 15980 I art     : Explicit concurrent mark sweep GC freed 1364(80KB) AllocSpace objects, 1(20KB) LOS objects, 40% free, 22MB/38MB, paused 263us total 20.903ms
08-05 03:16:57.083 15957 15980 I art     : Starting a blocking GC Explicit
08-05 03:16:57.100 15957 15980 I art     : Explicit concurrent mark sweep GC freed 23(752B) AllocSpace objects, 0(0B) LOS objects, 40% free, 22MB/38MB, paused 216us total 16.566ms
08-05 03:16:57.108 15957 15980 I art     : Starting a blocking GC Explicit
08-05 03:16:57.125 15957 15980 I art     : Explicit concurrent mark sweep GC freed 3(96B) AllocSpace objects, 0(0B) LOS objects, 40% free, 22MB/38MB, paused 223us total 16.359ms
08-05 03:16:57.133 15957 15980 I art     : Starting a blocking GC Explicit
08-05 03:16:57.149 15957 15980 I art     : Explicit concurrent mark sweep GC freed 3(96B) AllocSpace objects, 0(0B) LOS objects, 40% free, 22MB/38MB, paused 238us total 16.105ms
08-05 03:16:57.157 15957 15980 I art     : Starting a blocking GC Explicit
08-05 03:16:57.173 15957 15980 I art     : Explicit concurrent mark sweep GC freed 3(96B) AllocSpace objects, 0(0B) LOS objects, 40% free, 22MB/38MB, paused 219us total 15.896ms
08-05 03:16:57.431 15957 15969 I art     : Starting a blocking GC Explicit
08-05 03:16:57.449 15957 15969 I art     : Explicit concurrent mark sweep GC freed 1392(81KB) AllocSpace objects, 1(20KB) LOS objects, 40% free, 22MB/38MB, paused 228us total 17.339ms
08-05 03:16:57.457 15957 15969 I art     : Starting a blocking GC Explicit
08-05 03:16:57.473 15957 15969 I art     : Explicit concurrent mark sweep GC freed 23(752B) AllocSpace objects, 0(0B) LOS objects, 40% free, 22MB/38MB, paused 215us total 16.153ms
08-05 03:16:57.481 15957 15969 I art     : Starting a blocking GC Explicit
08-05 03:16:57.498 15957 15969 I art     : Explicit concurrent mark sweep GC freed 3(96B) AllocSpace objects, 0(0B) LOS objects, 40% free, 22MB/38MB, paused 232us total 16.425ms
08-05 03:16:57.506 15957 15969 I art     : Starting a blocking GC Explicit
08-05 03:16:57.518 16531 16531 D AndroidRuntime: >>>>>> START com.android.internal.os.RuntimeInit uid 2000 <<<<<<
08-05 03:16:57.523 16531 16531 D AndroidRuntime: CheckJNI is OFF
08-05 03:16:57.523 15957 15969 I art     : Explicit concurrent mark sweep GC freed 4(160B) AllocSpace objects, 0(0B) LOS objects, 40% free, 22MB/38MB, paused 228us total 16.507ms
08-05 03:16:57.531 15957 15969 I art     : Starting a blocking GC Explicit
08-05 03:16:57.548 15957 15969 I art     : Explicit concurrent mark sweep GC freed 3(96B) AllocSpace objects, 0(0B) LOS objects, 40% free, 22MB/38MB, paused 218us total 16.509ms
08-05 03:16:57.559 16531 16531 D ICU     : No timezone override file found: /data/misc/zoneinfo/current/icu/icu_tzdata.dat
08-05 03:16:57.591 16531 16531 I Radio-JNI: register_android_hardware_Radio DONE
08-05 03:16:57.612 16531 16531 D AndroidRuntime: Calling main entry com.android.commands.input.Input
08-05 03:16:57.614 16531 16531 I Input   : injectMotionEvent: MotionEvent { action=ACTION_DOWN, actionButton=0, id[0]=0, x[0]=103.0, y[0]=192.0, toolType[0]=TOOL_TYPE_UNKNOWN, buttonState=0, metaState=0, flags=0x0, edgeFlags=0x0, pointerCount=1, historySize=0, eventTime=760634027, downTime=760634027, deviceId=0, source=0x1002 }
08-05 03:16:57.620 16531 16531 I Input   : injectMotionEvent: MotionEvent { action=ACTION_UP, actionButton=0, id[0]=0, x[0]=103.0, y[0]=192.0, toolType[0]=TOOL_TYPE_UNKNOWN, buttonState=0, metaState=0, flags=0x0, edgeFlags=0x0, pointerCount=1, historySize=0, eventTime=760634027, downTime=760634027, deviceId=0, source=0x1002 }
08-05 03:16:57.624 16531 16531 D AndroidRuntime: Shutting down VM
08-05 03:16:57.640   512  2967 D audio_hw_primary: out_set_parameters: enter: usecase(1: low-latency-playback) kvpairs: routing=2
08-05 03:16:57.653   512  2967 D audio_hw_primary: select_devices: out_snd_device(2: speaker) in_snd_device(0: none)
08-05 03:16:57.653   512  2967 D msm8974_platform: platform_send_audio_calibration: sending audio calibration for snd_device(2) acdb_id(15)
08-05 03:16:57.653   512  2967 I soundtrigger: audio_extn_sound_trigger_update_device_status: device 0x2 of type 0 for Event 1
08-05 03:16:57.667   512  2967 D audio_hw_primary: enable_snd_device: snd_device(2: speaker)
08-05 03:16:57.669   512  2967 D audio_hw_primary: enable_audio_route: apply and update mixer path: low-latency-playback speaker
08-05 03:16:57.683 13866 13866 I GoogleInputMethodServic: GoogleInputMethodService.onFinishInput():3138 
08-05 03:16:57.684 13866 13866 I GoogleInputMethodServic: GoogleInputMethodService.onStartInput():1808 
08-05 03:16:57.784 15957 16294 I art     : Starting a blocking GC Explicit
08-05 03:16:57.803 15957 16294 I art     : Explicit concurrent mark sweep GC freed 1856(104KB) AllocSpace objects, 1(20KB) LOS objects, 40% free, 22MB/38MB, paused 214us total 18.327ms
08-05 03:16:57.812 15957 16294 I art     : Starting a blocking GC Explicit
08-05 03:16:57.829 15957 16294 I art     : Explicit concurrent mark sweep GC freed 84(5KB) AllocSpace objects, 0(0B) LOS objects, 40% free, 22MB/38MB, paused 204us total 17.566ms
08-05 03:16:57.838 15957 16294 I art     : Starting a blocking GC Explicit
08-05 03:16:57.855 15957 16294 I art     : Explicit concurrent mark sweep GC freed 5(160B) AllocSpace objects, 0(0B) LOS objects, 40% free, 22MB/38MB, paused 319us total 17.506ms
08-05 03:16:57.864 15957 16294 I art     : Starting a blocking GC Explicit
08-05 03:16:57.880 15957 16294 I art     : Explicit concurrent mark sweep GC freed 3(96B) AllocSpace objects, 0(0B) LOS objects, 40% free, 22MB/38MB, paused 198us total 15.773ms
08-05 03:16:57.887 15957 16294 I art     : Starting a blocking GC Explicit
08-05 03:16:57.903 15957 16294 I art     : Explicit concurrent mark sweep GC freed 3(96B) AllocSpace objects, 0(0B) LOS objects, 40% free, 22MB/38MB, paused 208us total 15.562ms
08-05 03:16:58.159 15957 15980 I art     : Starting a blocking GC Explicit
08-05 03:16:58.176 15957 15980 I art     : Explicit concurrent mark sweep GC freed 1367(81KB) AllocSpace objects, 1(20KB) LOS objects, 40% free, 22MB/38MB, paused 227us total 17.201ms
08-05 03:16:58.184 15957 15980 I art     : Starting a blocking GC Explicit
08-05 03:16:58.201 15957 15980 I art     : Explicit concurrent mark sweep GC freed 31(1008B) AllocSpace objects, 0(0B) LOS objects, 40% free, 22MB/38MB, paused 216us total 16.305ms
08-05 03:16:58.209 15957 15980 I art     : Starting a blocking GC Explicit
08-05 03:16:58.209   512  2967 D audio_hw_primary: disable_audio_route: reset and update mixer path: low-latency-playback speaker
08-05 03:16:58.211   512  2967 D audio_hw_primary: disable_snd_device: snd_device(2: speaker)
08-05 03:16:58.218   512  2967 I soundtrigger: audio_extn_sound_trigger_update_device_status: device 0x2 of type 0 for Event 0
08-05 03:16:58.225 15957 15980 I art     : Explicit concurrent mark sweep GC freed 32(880B) AllocSpace objects, 0(0B) LOS objects, 40% free, 22MB/38MB, paused 202us total 15.855ms
08-05 03:16:58.233 15957 15980 I art     : Starting a blocking GC Explicit
08-05 03:16:58.250 15957 15980 I art     : Explicit concurrent mark sweep GC freed 3(96B) AllocSpace objects, 0(0B) LOS objects, 40% free, 22MB/38MB, paused 215us total 16.270ms
08-05 03:16:58.257 15957 15980 I art     : Starting a blocking GC Explicit
08-05 03:16:58.273 15957 15980 I art     : Explicit concurrent mark sweep GC freed 3(96B) AllocSpace objects, 0(0B) LOS objects, 40% free, 22MB/38MB, paused 215us total 15.919ms
08-05 03:16:58.560 15957 15980 I art     : Starting a blocking GC Explicit
08-05 03:16:58.585 15957 15980 I art     : Explicit concurrent mark sweep GC freed 1363(82KB) AllocSpace objects, 1(20KB) LOS objects, 40% free, 22MB/38MB, paused 246us total 24.726ms
08-05 03:16:58.596 15957 15980 I art     : Starting a blocking GC Explicit
08-05 03:16:58.615 15957 15980 I art     : Explicit concurrent mark sweep GC freed 25(816B) AllocSpace objects, 0(0B) LOS objects, 40% free, 22MB/38MB, paused 229us total 19.294ms
08-05 03:16:58.623 15957 15980 I art     : Starting a blocking GC Explicit
08-05 03:16:58.641 15957 15980 I art     : Explicit concurrent mark sweep GC freed 3(96B) AllocSpace objects, 0(0B) LOS objects, 40% free, 22MB/38MB, paused 229us total 17.143ms
08-05 03:16:58.650 15957 15980 I art     : Starting a blocking GC Explicit
08-05 03:16:58.666 15957 15980 I art     : Explicit concurrent mark sweep GC freed 3(96B) AllocSpace objects, 0(0B) LOS objects, 40% free, 22MB/38MB, paused 219us total 16.084ms
08-05 03:16:58.674 15957 15980 I art     : Starting a blocking GC Explicit
08-05 03:16:58.691 15957 15980 I art     : Explicit concurrent mark sweep GC freed 3(96B) AllocSpace objects, 0(0B) LOS objects, 40% free, 22MB/38MB, paused 222us total 16.640ms
08-05 03:16:58.798   918  3261 D WifiStateMachine: starting scan for "H369AA63323"WPA_PSK with 2412,5180
08-05 03:16:58.956 15957 15969 I art     : Starting a blocking GC Explicit
08-05 03:16:58.973 15957 15969 I art     : Explicit concurrent mark sweep GC freed 1362(80KB) AllocSpace objects, 1(20KB) LOS objects, 40% free, 22MB/38MB, paused 220us total 17.197ms
08-05 03:16:58.981 15957 15969 I art     : Starting a blocking GC Explicit
08-05 03:16:58.998 15957 15969 I art     : Explicit concurrent mark sweep GC freed 23(752B) AllocSpace objects, 0(0B) LOS objects, 40% free, 22MB/38MB, paused 210us total 16.271ms
08-05 03:16:59.006 15957 15969 I art     : Starting a blocking GC Explicit
08-05 03:16:59.022 15957 15969 I art     : Explicit concurrent mark sweep GC freed 3(96B) AllocSpace objects, 0(0B) LOS objects, 40% free, 22MB/38MB, paused 213us total 16.122ms
08-05 03:16:59.030 15957 15969 I art     : Starting a blocking GC Explicit
08-05 03:16:59.046 15957 15969 I art     : Explicit concurrent mark sweep GC freed 3(96B) AllocSpace objects, 0(0B) LOS objects, 40% free, 22MB/38MB, paused 215us total 16.207ms
08-05 03:16:59.054 15957 15969 I art     : Starting a blocking GC Explicit
08-05 03:16:59.070 15957 15969 I art     : Explicit concurrent mark sweep GC freed 3(96B) AllocSpace objects, 0(0B) LOS objects, 40% free, 22MB/38MB, paused 203us total 16.210ms
08-05 03:16:59.278 16587 16587 D AndroidRuntime: >>>>>> START com.android.internal.os.RuntimeInit uid 2000 <<<<<<
08-05 03:16:59.284 16587 16587 D AndroidRuntime: CheckJNI is OFF
08-05 03:16:59.317 16587 16587 D ICU     : No timezone override file found: /data/misc/zoneinfo/current/icu/icu_tzdata.dat
08-05 03:16:59.331 15957 15969 I art     : Starting a blocking GC Explicit
08-05 03:16:59.348 15957 15969 I art     : Explicit concurrent mark sweep GC freed 1399(81KB) AllocSpace objects, 1(20KB) LOS objects, 40% free, 22MB/38MB, paused 212us total 16.851ms
08-05 03:16:59.352 16587 16587 I Radio-JNI: register_android_hardware_Radio DONE
08-05 03:16:59.355 15957 15969 I art     : Starting a blocking GC Explicit
08-05 03:16:59.372 15957 15969 I art     : Explicit concurrent mark sweep GC freed 26(848B) AllocSpace objects, 0(0B) LOS objects, 40% free, 22MB/38MB, paused 201us total 16.576ms
08-05 03:16:59.374 16587 16587 D AndroidRuntime: Calling main entry com.android.commands.input.Input
08-05 03:16:59.376 16587 16587 I Input   : injectMotionEvent: MotionEvent { action=ACTION_DOWN, actionButton=0, id[0]=0, x[0]=409.0, y[0]=1034.0, toolType[0]=TOOL_TYPE_UNKNOWN, buttonState=0, metaState=0, flags=0x0, edgeFlags=0x0, pointerCount=1, historySize=0, eventTime=760635789, downTime=760635789, deviceId=0, source=0x1002 }
08-05 03:16:59.380 15957 15969 I art     : Starting a blocking GC Explicit
08-05 03:16:59.382 16587 16587 I Input   : injectMotionEvent: MotionEvent { action=ACTION_UP, actionButton=0, id[0]=0, x[0]=409.0, y[0]=1034.0, toolType[0]=TOOL_TYPE_UNKNOWN, buttonState=0, metaState=0, flags=0x0, edgeFlags=0x0, pointerCount=1, historySize=0, eventTime=760635789, downTime=760635789, deviceId=0, source=0x1002 }
08-05 03:16:59.384 16587 16587 D AndroidRuntime: Shutting down VM
08-05 03:16:59.396 15957 15969 I art     : Explicit concurrent mark sweep GC freed 28(864B) AllocSpace objects, 0(0B) LOS objects, 40% free, 22MB/38MB, paused 205us total 16.276ms
08-05 03:16:59.404 15957 15969 I art     : Starting a blocking GC Explicit
08-05 03:16:59.420 15957 15969 I art     : Explicit concurrent mark sweep GC freed 8(256B) AllocSpace objects, 0(0B) LOS objects, 40% free, 22MB/38MB, paused 204us total 15.637ms
08-05 03:16:59.427 15957 15969 I art     : Starting a blocking GC Explicit
08-05 03:16:59.443 15957 15969 I art     : Explicit concurrent mark sweep GC freed 10(320B) AllocSpace objects, 0(0B) LOS objects, 40% free, 22MB/38MB, paused 190us total 14.908ms
08-05 03:16:59.457 15957 15957 D MainActivity: loadFragment(index: 5, args: null)
08-05 03:16:59.457 15957 15957 D MainActivity: loadFragment(tag: AddFeedFragment, args: null)
08-05 03:16:59.457 15957 15957 D MainActivity: saveLastNavFragment(tag: AddFeedFragment)
08-05 03:16:59.458 15957 15957 D MainActivity: getLastNavFragment() -> AddFeedFragment
08-05 03:16:59.459   512  2967 D audio_hw_primary: out_set_parameters: enter: usecase(1: low-latency-playback) kvpairs: routing=2
08-05 03:16:59.472   512  2967 D audio_hw_primary: select_devices: out_snd_device(2: speaker) in_snd_device(0: none)
08-05 03:16:59.472   512  2967 D msm8974_platform: platform_send_audio_calibration: sending audio calibration for snd_device(2) acdb_id(15)
08-05 03:16:59.472   512  2967 I soundtrigger: audio_extn_sound_trigger_update_device_status: device 0x2 of type 0 for Event 1
08-05 03:16:59.483   512  2967 D audio_hw_primary: enable_snd_device: snd_device(2: speaker)
08-05 03:16:59.485   512  2967 D audio_hw_primary: enable_audio_route: apply and update mixer path: low-latency-playback speaker
08-05 03:16:59.692 15957 15969 I art     : Starting a blocking GC Explicit
08-05 03:16:59.713 15957 15969 I art     : Explicit concurrent mark sweep GC freed 3456(207KB) AllocSpace objects, 2(40KB) LOS objects, 40% free, 23MB/38MB, paused 206us total 20.121ms
08-05 03:16:59.722 15957 15969 I art     : Starting a blocking GC Explicit
08-05 03:16:59.740 15957 15969 I art     : Explicit concurrent mark sweep GC freed 1365(82KB) AllocSpace objects, 2(56KB) LOS objects, 40% free, 22MB/38MB, paused 237us total 17.617ms
08-05 03:16:59.748 15957 15969 I art     : Starting a blocking GC Explicit
08-05 03:16:59.765 15957 15969 I art     : Explicit concurrent mark sweep GC freed 3(96B) AllocSpace objects, 0(0B) LOS objects, 40% free, 22MB/38MB, paused 195us total 16.795ms
08-05 03:16:59.773 15957 15969 I art     : Starting a blocking GC Explicit
08-05 03:16:59.789 15957 15969 I art     : Explicit concurrent mark sweep GC freed 3(96B) AllocSpace objects, 0(0B) LOS objects, 40% free, 22MB/38MB, paused 209us total 15.934ms
08-05 03:16:59.796 15957 15969 I art     : Starting a blocking GC Explicit
08-05 03:16:59.812 15957 15969 I art     : Explicit concurrent mark sweep GC freed 11(352B) AllocSpace objects, 0(0B) LOS objects, 40% free, 22MB/38MB, paused 190us total 15.098ms
08-05 03:16:59.895 13866 13866 I GoogleInputMethodServic: GoogleInputMethodService.onFinishInput():3138 
08-05 03:16:59.895 13866 13866 I GoogleInputMethodServic: GoogleInputMethodService.onStartInput():1808 
08-05 03:17:00.031   512  2967 D audio_hw_primary: disable_audio_route: reset and update mixer path: low-latency-playback speaker
08-05 03:17:00.033   512  2967 D audio_hw_primary: disable_snd_device: snd_device(2: speaker)
08-05 03:17:00.042   512  2967 I soundtrigger: audio_extn_sound_trigger_update_device_status: device 0x2 of type 0 for Event 0
08-05 03:17:00.092 15957 15969 I art     : Starting a blocking GC Explicit
08-05 03:17:00.110 15957 15969 I art     : Explicit concurrent mark sweep GC freed 1492(85KB) AllocSpace objects, 1(20KB) LOS objects, 40% free, 22MB/38MB, paused 195us total 17.503ms
08-05 03:17:00.118 15957 15969 I art     : Starting a blocking GC Explicit
08-05 03:17:00.134 15957 15969 I art     : Explicit concurrent mark sweep GC freed 117(6KB) AllocSpace objects, 0(0B) LOS objects, 40% free, 22MB/38MB, paused 197us total 16.205ms
08-05 03:17:00.143 15957 15969 I art     : Starting a blocking GC Explicit
08-05 03:17:00.160 15957 15969 I art     : Explicit concurrent mark sweep GC freed 3(96B) AllocSpace objects, 0(0B) LOS objects, 40% free, 22MB/38MB, paused 195us total 16.711ms
08-05 03:17:00.168 15957 15969 I art     : Starting a blocking GC Explicit
08-05 03:17:00.184 15957 15969 I art     : Explicit concurrent mark sweep GC freed 3(96B) AllocSpace objects, 0(0B) LOS objects, 40% free, 22MB/38MB, paused 188us total 15.904ms
08-05 03:17:00.194 15957 15969 I art     : Starting a blocking GC Explicit
08-05 03:17:00.211 15957 15969 I art     : Explicit concurrent mark sweep GC freed 32(880B) AllocSpace objects, 0(0B) LOS objects, 40% free, 22MB/38MB, paused 187us total 17.113ms
08-05 03:17:00.482 15957 15969 I art     : Starting a blocking GC Explicit
08-05 03:17:00.501 15957 15969 I art     : Explicit concurrent mark sweep GC freed 1363(80KB) AllocSpace objects, 1(20KB) LOS objects, 40% free, 22MB/38MB, paused 219us total 18.079ms
08-05 03:17:00.509 15957 15969 I art     : Starting a blocking GC Explicit
08-05 03:17:00.527 15957 15969 I art     : Explicit concurrent mark sweep GC freed 25(816B) AllocSpace objects, 0(0B) LOS objects, 40% free, 22MB/38MB, paused 215us total 17.932ms
08-05 03:17:00.535 15957 15969 I art     : Starting a blocking GC Explicit
08-05 03:17:00.553 15957 15969 I art     : Explicit concurrent mark sweep GC freed 3(96B) AllocSpace objects, 0(0B) LOS objects, 40% free, 22MB/38MB, paused 217us total 17.284ms
08-05 03:17:00.561 15957 15969 I art     : Starting a blocking GC Explicit
08-05 03:17:00.579 15957 15969 I art     : Explicit concurrent mark sweep GC freed 3(96B) AllocSpace objects, 0(0B) LOS objects, 40% free, 22MB/38MB, paused 204us total 17.363ms
08-05 03:17:00.587 15957 15969 I art     : Starting a blocking GC Explicit
08-05 03:17:00.604 15957 15969 I art     : Explicit concurrent mark sweep GC freed 3(96B) AllocSpace objects, 0(0B) LOS objects, 40% free, 22MB/38MB, paused 199us total 17.094ms
08-05 03:17:00.860 15957 15970 I art     : Starting a blocking GC Explicit
08-05 03:17:00.878 15957 15970 I art     : Explicit concurrent mark sweep GC freed 1362(80KB) AllocSpace objects, 1(20KB) LOS objects, 40% free, 22MB/38MB, paused 230us total 17.618ms
08-05 03:17:00.886 15957 15970 I art     : Starting a blocking GC Explicit
08-05 03:17:00.905 15957 15970 I art     : Explicit concurrent mark sweep GC freed 23(752B) AllocSpace objects, 0(0B) LOS objects, 40% free, 22MB/38MB, paused 215us total 18.361ms
08-05 03:17:00.913 15957 15970 I art     : Starting a blocking GC Explicit
08-05 03:17:00.929 15957 15970 I art     : Explicit concurrent mark sweep GC freed 3(96B) AllocSpace objects, 0(0B) LOS objects, 40% free, 22MB/38MB, paused 213us total 16.491ms
08-05 03:17:00.937 15957 15970 I art     : Starting a blocking GC Explicit
08-05 03:17:00.954 15957 15970 I art     : Explicit concurrent mark sweep GC freed 3(96B) AllocSpace objects, 0(0B) LOS objects, 40% free, 22MB/38MB, paused 218us total 16.503ms
08-05 03:17:00.962 15957 15970 I art     : Starting a blocking GC Explicit
08-05 03:17:00.978 15957 15970 I art     : Explicit concurrent mark sweep GC freed 3(96B) AllocSpace objects, 0(0B) LOS objects, 40% free, 22MB/38MB, paused 212us total 16.425ms
08-05 03:17:01.039 16648 16648 D AndroidRuntime: >>>>>> START com.android.internal.os.RuntimeInit uid 2000 <<<<<<
08-05 03:17:01.045 16648 16648 D AndroidRuntime: CheckJNI is OFF
08-05 03:17:01.079 16648 16648 D ICU     : No timezone override file found: /data/misc/zoneinfo/current/icu/icu_tzdata.dat
08-05 03:17:01.110 16648 16648 I Radio-JNI: register_android_hardware_Radio DONE
08-05 03:17:01.130 16648 16648 D AndroidRuntime: Calling main entry com.android.commands.input.Input
08-05 03:17:01.132 16648 16648 I Input   : injectMotionEvent: MotionEvent { action=ACTION_DOWN, actionButton=0, id[0]=0, x[0]=567.0, y[0]=714.0, toolType[0]=TOOL_TYPE_UNKNOWN, buttonState=0, metaState=0, flags=0x0, edgeFlags=0x0, pointerCount=1, historySize=0, eventTime=760637545, downTime=760637545, deviceId=0, source=0x1002 }
08-05 03:17:01.136 16648 16648 I Input   : injectMotionEvent: MotionEvent { action=ACTION_UP, actionButton=0, id[0]=0, x[0]=567.0, y[0]=714.0, toolType[0]=TOOL_TYPE_UNKNOWN, buttonState=0, metaState=0, flags=0x0, edgeFlags=0x0, pointerCount=1, historySize=0, eventTime=760637545, downTime=760637545, deviceId=0, source=0x1002 }
08-05 03:17:01.137 16648 16648 D AndroidRuntime: Shutting down VM
08-05 03:17:01.147   512  2967 D audio_hw_primary: out_set_parameters: enter: usecase(1: low-latency-playback) kvpairs: routing=2
08-05 03:17:01.159   512  2967 D audio_hw_primary: select_devices: out_snd_device(2: speaker) in_snd_device(0: none)
08-05 03:17:01.160   512  2967 D msm8974_platform: platform_send_audio_calibration: sending audio calibration for snd_device(2) acdb_id(15)
08-05 03:17:01.160   512  2967 I soundtrigger: audio_extn_sound_trigger_update_device_status: device 0x2 of type 0 for Event 1
08-05 03:17:01.168 15957 16500 D AntennapodHttpClient: Creating new instance of HTTP client
08-05 03:17:01.168   512  2967 D audio_hw_primary: enable_snd_device: snd_device(2: speaker)
08-05 03:17:01.171   512  2967 D audio_hw_primary: enable_audio_route: apply and update mixer path: low-latency-playback speaker
08-05 03:17:01.178 13866 13866 I GoogleInputMethodServic: GoogleInputMethodService.onFinishInput():3138 
08-05 03:17:01.179 13866 13866 I GoogleInputMethodServic: GoogleInputMethodService.onStartInput():1808 
08-05 03:17:01.221 15957 15980 I art     : Starting a blocking GC Explicit
08-05 03:17:01.239 15957 15980 I art     : Explicit concurrent mark sweep GC freed 4520(287KB) AllocSpace objects, 1(20KB) LOS objects, 40% free, 23MB/39MB, paused 299us total 17.917ms
08-05 03:17:01.247 15957 15980 I art     : Starting a blocking GC Explicit
08-05 03:17:01.263 15957 15980 I art     : Explicit concurrent mark sweep GC freed 1654(83KB) AllocSpace objects, 1(220KB) LOS objects, 40% free, 23MB/38MB, paused 249us total 15.676ms
08-05 03:17:01.270 15957 15980 I art     : Starting a blocking GC Explicit
08-05 03:17:01.285 15957 15980 I art     : Explicit concurrent mark sweep GC freed 19(736B) AllocSpace objects, 0(0B) LOS objects, 40% free, 23MB/38MB, paused 275us total 15.272ms
08-05 03:17:01.293 15957 15980 I art     : Starting a blocking GC Explicit
08-05 03:17:01.310 15957 15980 I art     : Explicit concurrent mark sweep GC freed 87(9KB) AllocSpace objects, 0(0B) LOS objects, 40% free, 23MB/38MB, paused 308us total 16.828ms
08-05 03:17:01.318 15957 15980 I art     : Starting a blocking GC Explicit
08-05 03:17:01.334 15957 15980 I art     : Explicit concurrent mark sweep GC freed 80(5KB) AllocSpace objects, 0(0B) LOS objects, 40% free, 23MB/38MB, paused 259us total 16.301ms
08-05 03:17:01.580 15957 15969 I art     : Starting a blocking GC Explicit
08-05 03:17:01.601 15957 15969 I art     : Explicit concurrent mark sweep GC freed 8667(457KB) AllocSpace objects, 4(220KB) LOS objects, 40% free, 23MB/39MB, paused 327us total 21.088ms
08-05 03:17:01.609 15957 16500 I NAPPA_EXPERIMENTATION: MetricNetworkRequestExecutionTime: REQUEST_DURATION_SYSTEM='426',REQUEST_DURATION_OKHTTP='156',REQUEST_SYNCHRONOUS='TRUE',RESPONSE_CODE='400',RESPONSE_METHOD='GET',RESPONSE_LENGTH_OKHTTP='0',RESPONSE_LENGTH_HEADER='0',REQUEST_PROTOCOL='h2',REQUEST_URL='https://itunes.apple.com/en/rss/toppodcasts/limit=25/explicit=true/json',
08-05 03:17:01.610 15957 15969 I art     : Starting a blocking GC Explicit
08-05 03:17:01.628 15957 15969 I art     : Explicit concurrent mark sweep GC freed 1418(146KB) AllocSpace objects, 0(0B) LOS objects, 40% free, 23MB/39MB, paused 364us total 18.489ms
08-05 03:17:01.636 15957 15969 I art     : Starting a blocking GC Explicit
08-05 03:17:01.653 15957 15969 I art     : Explicit concurrent mark sweep GC freed 88(4KB) AllocSpace objects, 0(0B) LOS objects, 40% free, 23MB/39MB, paused 301us total 17.163ms
08-05 03:17:01.661 15957 15969 I art     : Starting a blocking GC Explicit
08-05 03:17:01.679 15957 15969 I art     : Explicit concurrent mark sweep GC freed 11(416B) AllocSpace objects, 0(0B) LOS objects, 40% free, 23MB/39MB, paused 284us total 17.226ms
08-05 03:17:01.686 15957 15969 I art     : Starting a blocking GC Explicit
08-05 03:17:01.704 15957 15969 I art     : Explicit concurrent mark sweep GC freed 10(352B) AllocSpace objects, 0(0B) LOS objects, 40% free, 23MB/39MB, paused 305us total 17.187ms
08-05 03:17:01.710   512  2967 D audio_hw_primary: disable_audio_route: reset and update mixer path: low-latency-playback speaker
08-05 03:17:01.712   512  2967 D audio_hw_primary: disable_snd_device: snd_device(2: speaker)
08-05 03:17:01.720   512  2967 I soundtrigger: audio_extn_sound_trigger_update_device_status: device 0x2 of type 0 for Event 0
08-05 03:17:01.761 15957 16500 I NAPPA_EXPERIMENTATION: MetricNetworkRequestExecutionTime: REQUEST_DURATION_SYSTEM='147',REQUEST_DURATION_OKHTTP='146',REQUEST_SYNCHRONOUS='TRUE',RESPONSE_CODE='200',RESPONSE_METHOD='GET',RESPONSE_LENGTH_OKHTTP='-1',RESPONSE_LENGTH_HEADER='10075',REQUEST_PROTOCOL='h2',REQUEST_URL='https://itunes.apple.com/us/rss/toppodcasts/limit=25/explicit=true/json',
08-05 03:17:01.832 15957 15957 D AntennapodHttpClient: Creating new instance of HTTP client
08-05 03:17:01.845 15957 16700 D ApOkHttpUrlLoader: buildLoadData() called with: model = [https://is4-ssl.mzstatic.com/image/thumb/Podcasts114/v4/3f/16/74/3f167426-bf50-ce3a-d709-e4301620fc5b/mza_5832671293059882550.jpeg/170x170bb.png], width = [224], height = [224]
08-05 03:17:01.849 15957 16702 D DBReader: getImageAuthentication() called with: imageUrl = [https://is4-ssl.mzstatic.com/image/thumb/Podcasts114/v4/3f/16/74/3f167426-bf50-ce3a-d709-e4301620fc5b/mza_5832671293059882550.jpeg/170x170bb.png]
08-05 03:17:01.850 15957 16703 D ApOkHttpUrlLoader: buildLoadData() called with: model = [https://is4-ssl.mzstatic.com/image/thumb/Podcasts113/v4/e5/8a/10/e58a108f-f5d0-f622-c94a-13f66edd570c/mza_3025981348644196724.jpg/170x170bb.png], width = [224], height = [224]
08-05 03:17:01.851 15957 16702 D ApOkHttpUrlLoader: no credentials for 'https://is4-ssl.mzstatic.com/image/thumb/Podcasts114/v4/3f/16/74/3f167426-bf50-ce3a-d709-e4301620fc5b/mza_5832671293059882550.jpeg/170x170bb.png'
08-05 03:17:01.852 15957 16704 D DBReader: getImageAuthentication() called with: imageUrl = [https://is4-ssl.mzstatic.com/image/thumb/Podcasts113/v4/e5/8a/10/e58a108f-f5d0-f622-c94a-13f66edd570c/mza_3025981348644196724.jpg/170x170bb.png]
08-05 03:17:01.853 15957 16704 D ApOkHttpUrlLoader: no credentials for 'https://is4-ssl.mzstatic.com/image/thumb/Podcasts113/v4/e5/8a/10/e58a108f-f5d0-f622-c94a-13f66edd570c/mza_3025981348644196724.jpg/170x170bb.png'
08-05 03:17:01.854 15957 16705 D ApOkHttpUrlLoader: buildLoadData() called with: model = [https://is2-ssl.mzstatic.com/image/thumb/Podcasts113/v4/a9/39/cc/a939ccc5-6d60-0c11-0a4c-16d71cdef89b/mza_8787577209688278658.jpg/170x170bb.png], width = [224], height = [224]
08-05 03:17:01.856 15957 16708 D DBReader: getImageAuthentication() called with: imageUrl = [https://is2-ssl.mzstatic.com/image/thumb/Podcasts113/v4/a9/39/cc/a939ccc5-6d60-0c11-0a4c-16d71cdef89b/mza_8787577209688278658.jpg/170x170bb.png]
08-05 03:17:01.858 15957 16708 D ApOkHttpUrlLoader: no credentials for 'https://is2-ssl.mzstatic.com/image/thumb/Podcasts113/v4/a9/39/cc/a939ccc5-6d60-0c11-0a4c-16d71cdef89b/mza_8787577209688278658.jpg/170x170bb.png'
08-05 03:17:01.858 15957 16709 D ApOkHttpUrlLoader: buildLoadData() called with: model = [https://is5-ssl.mzstatic.com/image/thumb/Podcasts114/v4/93/cf/99/93cf9960-fff3-205e-6655-72c03ddeccb2/mza_10545582232493904175.jpeg/170x170bb.png], width = [224], height = [224]
08-05 03:17:01.859 15957 16710 D DBReader: getImageAuthentication() called with: imageUrl = [https://is5-ssl.mzstatic.com/image/thumb/Podcasts114/v4/93/cf/99/93cf9960-fff3-205e-6655-72c03ddeccb2/mza_10545582232493904175.jpeg/170x170bb.png]
08-05 03:17:01.860 15957 16700 D ApOkHttpUrlLoader: buildLoadData() called with: model = [https://is4-ssl.mzstatic.com/image/thumb/Podcasts124/v4/49/a4/91/49a491b7-3daf-c5dc-d7c6-6c4f1486955c/mza_5930014091766152297.png/170x170bb.png], width = [224], height = [224]
08-05 03:17:01.861 15957 16710 D ApOkHttpUrlLoader: no credentials for 'https://is5-ssl.mzstatic.com/image/thumb/Podcasts114/v4/93/cf/99/93cf9960-fff3-205e-6655-72c03ddeccb2/mza_10545582232493904175.jpeg/170x170bb.png'
08-05 03:17:01.862 15957 16711 D DBReader: getImageAuthentication() called with: imageUrl = [https://is4-ssl.mzstatic.com/image/thumb/Podcasts124/v4/49/a4/91/49a491b7-3daf-c5dc-d7c6-6c4f1486955c/mza_5930014091766152297.png/170x170bb.png]
08-05 03:17:01.864 15957 16711 D ApOkHttpUrlLoader: no credentials for 'https://is4-ssl.mzstatic.com/image/thumb/Podcasts124/v4/49/a4/91/49a491b7-3daf-c5dc-d7c6-6c4f1486955c/mza_5930014091766152297.png/170x170bb.png'
08-05 03:17:01.864 15957 16703 D ApOkHttpUrlLoader: buildLoadData() called with: model = [https://is5-ssl.mzstatic.com/image/thumb/Podcasts113/v4/fd/54/6e/fd546ea0-7ab2-e3f0-6049-884d82917af9/mza_4855349695799758348.jpeg/170x170bb.png], width = [224], height = [224]
08-05 03:17:01.867 15957 16713 D DBReader: getImageAuthentication() called with: imageUrl = [https://is5-ssl.mzstatic.com/image/thumb/Podcasts113/v4/fd/54/6e/fd546ea0-7ab2-e3f0-6049-884d82917af9/mza_4855349695799758348.jpeg/170x170bb.png]
08-05 03:17:01.868 15957 16705 D ApOkHttpUrlLoader: buildLoadData() called with: model = [https://is2-ssl.mzstatic.com/image/thumb/Podcasts114/v4/b3/4c/cf/b34ccfc2-cea4-1ca1-0fad-7793af301cc5/mza_2466085192629456364.jpg/170x170bb.png], width = [224], height = [224]
08-05 03:17:01.869 15957 16715 D DBReader: getImageAuthentication() called with: imageUrl = [https://is2-ssl.mzstatic.com/image/thumb/Podcasts114/v4/b3/4c/cf/b34ccfc2-cea4-1ca1-0fad-7793af301cc5/mza_2466085192629456364.jpg/170x170bb.png]
08-05 03:17:01.870 15957 16713 D ApOkHttpUrlLoader: no credentials for 'https://is5-ssl.mzstatic.com/image/thumb/Podcasts113/v4/fd/54/6e/fd546ea0-7ab2-e3f0-6049-884d82917af9/mza_4855349695799758348.jpeg/170x170bb.png'
08-05 03:17:01.870 15957 16715 D ApOkHttpUrlLoader: no credentials for 'https://is2-ssl.mzstatic.com/image/thumb/Podcasts114/v4/b3/4c/cf/b34ccfc2-cea4-1ca1-0fad-7793af301cc5/mza_2466085192629456364.jpg/170x170bb.png'
08-05 03:17:01.953 15957 15980 I art     : Starting a blocking GC Explicit
08-05 03:17:01.978 15957 15980 I art     : Explicit concurrent mark sweep GC freed 14103(884KB) AllocSpace objects, 5(372KB) LOS objects, 39% free, 24MB/40MB, paused 631us total 24.786ms
08-05 03:17:01.987 15957 15980 I art     : Starting a blocking GC Explicit
08-05 03:17:02.009 15957 15980 I art     : Explicit concurrent mark sweep GC freed 255(11KB) AllocSpace objects, 0(0B) LOS objects, 39% free, 24MB/40MB, paused 646us total 21.755ms
08-05 03:17:02.017 15957 15980 I art     : Starting a blocking GC Explicit
08-05 03:17:02.039 15957 15980 I art     : Explicit concurrent mark sweep GC freed 3(96B) AllocSpace objects, 0(0B) LOS objects, 39% free, 24MB/40MB, paused 646us total 21.489ms
08-05 03:17:02.047 15957 15980 I art     : Starting a blocking GC Explicit
08-05 03:17:02.070 15957 15980 I art     : Explicit concurrent mark sweep GC freed 3(96B) AllocSpace objects, 0(0B) LOS objects, 39% free, 24MB/40MB, paused 663us total 22.581ms
08-05 03:17:02.079 15957 15980 I art     : Starting a blocking GC Explicit
08-05 03:17:02.101 15957 15980 I art     : Explicit concurrent mark sweep GC freed 3(96B) AllocSpace objects, 0(0B) LOS objects, 39% free, 24MB/40MB, paused 656us total 21.783ms
08-05 03:17:02.359 15957 16704 D MYTAG   : interceptor 2a
08-05 03:17:02.360 15957 16704 I NAPPA_EXPERIMENTATION: MetricNetworkRequestExecutionTime: REQUEST_DURATION_SYSTEM='506',REQUEST_DURATION_OKHTTP='208',REQUEST_SYNCHRONOUS='TRUE',RESPONSE_CODE='200',RESPONSE_METHOD='GET',RESPONSE_LENGTH_OKHTTP='45995',RESPONSE_LENGTH_HEADER='45995',REQUEST_PROTOCOL='h2',REQUEST_URL='https://is4-ssl.mzstatic.com/image/thumb/Podcasts113/v4/e5/8a/10/e58a108f-f5d0-f622-c94a-13f66edd570c/mza_3025981348644196724.jpg/170x170bb.png',
08-05 03:17:02.380 15957 15970 I art     : Starting a blocking GC Explicit
08-05 03:17:02.409 15957 15970 I art     : Explicit concurrent mark sweep GC freed 28625(1474KB) AllocSpace objects, 4(220KB) LOS objects, 39% free, 24MB/40MB, paused 877us total 28.687ms
08-05 03:17:02.418 15957 15970 I art     : Starting a blocking GC Explicit
08-05 03:17:02.434 15957 16702 D MYTAG   : interceptor 2a
08-05 03:17:02.434 15957 16702 I NAPPA_EXPERIMENTATION: MetricNetworkRequestExecutionTime: REQUEST_DURATION_SYSTEM='583',REQUEST_DURATION_OKHTTP='275',REQUEST_SYNCHRONOUS='TRUE',RESPONSE_CODE='200',RESPONSE_METHOD='GET',RESPONSE_LENGTH_OKHTTP='26177',RESPONSE_LENGTH_HEADER='26177',REQUEST_PROTOCOL='h2',REQUEST_URL='https://is4-ssl.mzstatic.com/image/thumb/Podcasts114/v4/3f/16/74/3f167426-bf50-ce3a-d709-e4301620fc5b/mza_5832671293059882550.jpeg/170x170bb.png',
08-05 03:17:02.442 15957 15970 I art     : Explicit concurrent mark sweep GC freed 1999(165KB) AllocSpace objects, 0(0B) LOS objects, 39% free, 24MB/40MB, paused 749us total 22.937ms
08-05 03:17:02.448 15957 16713 D MYTAG   : interceptor 2a
08-05 03:17:02.448 15957 16713 I NAPPA_EXPERIMENTATION: MetricNetworkRequestExecutionTime: REQUEST_DURATION_SYSTEM='578',REQUEST_DURATION_OKHTTP='290',REQUEST_SYNCHRONOUS='TRUE',RESPONSE_CODE='200',RESPONSE_METHOD='GET',RESPONSE_LENGTH_OKHTTP='54835',RESPONSE_LENGTH_HEADER='54835',REQUEST_PROTOCOL='h2',REQUEST_URL='https://is5-ssl.mzstatic.com/image/thumb/Podcasts113/v4/fd/54/6e/fd546ea0-7ab2-e3f0-6049-884d82917af9/mza_4855349695799758348.jpeg/170x170bb.png',
08-05 03:17:02.450 15957 15970 I art     : Starting a blocking GC Explicit
08-05 03:17:02.458 15957 16715 D MYTAG   : interceptor 2a
08-05 03:17:02.458 15957 16715 I NAPPA_EXPERIMENTATION: MetricNetworkRequestExecutionTime: REQUEST_DURATION_SYSTEM='587',REQUEST_DURATION_OKHTTP='298',REQUEST_SYNCHRONOUS='TRUE',RESPONSE_CODE='200',RESPONSE_METHOD='GET',RESPONSE_LENGTH_OKHTTP='42299',RESPONSE_LENGTH_HEADER='42299',REQUEST_PROTOCOL='h2',REQUEST_URL='https://is2-ssl.mzstatic.com/image/thumb/Podcasts114/v4/b3/4c/cf/b34ccfc2-cea4-1ca1-0fad-7793af301cc5/mza_2466085192629456364.jpg/170x170bb.png',
08-05 03:17:02.471 15957 15970 I art     : Explicit concurrent mark sweep GC freed 648(46KB) AllocSpace objects, 0(0B) LOS objects, 38% free, 25MB/41MB, paused 731us total 20.629ms
08-05 03:17:02.474 15957 16710 D MYTAG   : interceptor 2a
08-05 03:17:02.474 15957 16710 I NAPPA_EXPERIMENTATION: MetricNetworkRequestExecutionTime: REQUEST_DURATION_SYSTEM='613',REQUEST_DURATION_OKHTTP='320',REQUEST_SYNCHRONOUS='TRUE',RESPONSE_CODE='200',RESPONSE_METHOD='GET',RESPONSE_LENGTH_OKHTTP='22351',RESPONSE_LENGTH_HEADER='22351',REQUEST_PROTOCOL='h2',REQUEST_URL='https://is5-ssl.mzstatic.com/image/thumb/Podcasts114/v4/93/cf/99/93cf9960-fff3-205e-6655-72c03ddeccb2/mza_10545582232493904175.jpeg/170x170bb.png',
08-05 03:17:02.477 15957 16708 D MYTAG   : interceptor 2a
08-05 03:17:02.478 15957 16708 I NAPPA_EXPERIMENTATION: MetricNetworkRequestExecutionTime: REQUEST_DURATION_SYSTEM='619',REQUEST_DURATION_OKHTTP='319',REQUEST_SYNCHRONOUS='TRUE',RESPONSE_CODE='200',RESPONSE_METHOD='GET',RESPONSE_LENGTH_OKHTTP='48239',RESPONSE_LENGTH_HEADER='48239',REQUEST_PROTOCOL='h2',REQUEST_URL='https://is2-ssl.mzstatic.com/image/thumb/Podcasts113/v4/a9/39/cc/a939ccc5-6d60-0c11-0a4c-16d71cdef89b/mza_8787577209688278658.jpg/170x170bb.png',
08-05 03:17:02.479 15957 15970 I art     : Starting a blocking GC Explicit
08-05 03:17:02.503 15957 16711 D MYTAG   : interceptor 2a
08-05 03:17:02.504 15957 16711 I NAPPA_EXPERIMENTATION: MetricNetworkRequestExecutionTime: REQUEST_DURATION_SYSTEM='639',REQUEST_DURATION_OKHTTP='339',REQUEST_SYNCHRONOUS='TRUE',RESPONSE_CODE='200',RESPONSE_METHOD='GET',RESPONSE_LENGTH_OKHTTP='12000',RESPONSE_LENGTH_HEADER='12000',REQUEST_PROTOCOL='h2',REQUEST_URL='https://is4-ssl.mzstatic.com/image/thumb/Podcasts124/v4/49/a4/91/49a491b7-3daf-c5dc-d7c6-6c4f1486955c/mza_5930014091766152297.png/170x170bb.png',
08-05 03:17:02.504 15957 15970 I art     : Explicit concurrent mark sweep GC freed 1114(65KB) AllocSpace objects, 0(0B) LOS objects, 38% free, 25MB/41MB, paused 616us total 24.534ms
08-05 03:17:02.512 15957 15970 I art     : Starting a blocking GC Explicit
08-05 03:17:02.532 15957 15970 I art     : Explicit concurrent mark sweep GC freed 747(39KB) AllocSpace objects, 0(0B) LOS objects, 38% free, 25MB/41MB, paused 504us total 20.144ms
08-05 03:17:02.820 15957 15980 I art     : Starting a blocking GC Explicit
08-05 03:17:02.845 15957 15980 I art     : Explicit concurrent mark sweep GC freed 1384(81KB) AllocSpace objects, 1(20KB) LOS objects, 38% free, 25MB/41MB, paused 570us total 24.728ms
08-05 03:17:02.857 15957 15980 I art     : Starting a blocking GC Explicit
08-05 03:17:02.879 15957 15980 I art     : Explicit concurrent mark sweep GC freed 25(896B) AllocSpace objects, 0(0B) LOS objects, 38% free, 25MB/41MB, paused 513us total 21.715ms
08-05 03:17:02.888 15957 15980 I art     : Starting a blocking GC Explicit
08-05 03:17:02.910 15957 15980 I art     : Explicit concurrent mark sweep GC freed 3(96B) AllocSpace objects, 0(0B) LOS objects, 38% free, 25MB/41MB, paused 529us total 22.339ms
08-05 03:17:02.919 15957 15980 I art     : Starting a blocking GC Explicit
08-05 03:17:02.942 15957 15980 I art     : Explicit concurrent mark sweep GC freed 3(96B) AllocSpace objects, 0(0B) LOS objects, 38% free, 25MB/41MB, paused 494us total 22.328ms
08-05 03:17:02.950 15957 15980 I art     : Starting a blocking GC Explicit
08-05 03:17:02.973 15957 15980 I art     : Explicit concurrent mark sweep GC freed 3(96B) AllocSpace objects, 0(0B) LOS objects, 38% free, 25MB/41MB, paused 541us total 22.496ms
08-05 03:17:03.287 15957 15969 I art     : Starting a blocking GC Explicit
08-05 03:17:03.318 15957 15969 I art     : Explicit concurrent mark sweep GC freed 1392(80KB) AllocSpace objects, 1(20KB) LOS objects, 38% free, 25MB/41MB, paused 748us total 30.232ms
08-05 03:17:03.333 15957 15969 I art     : Starting a blocking GC Explicit
08-05 03:17:03.355 15957 15969 I art     : Explicit concurrent mark sweep GC freed 23(752B) AllocSpace objects, 0(0B) LOS objects, 38% free, 25MB/41MB, paused 614us total 22.062ms
08-05 03:17:03.364 15957 15969 I art     : Starting a blocking GC Explicit
08-05 03:17:03.386 15957 15969 I art     : Explicit concurrent mark sweep GC freed 3(96B) AllocSpace objects, 0(0B) LOS objects, 38% free, 25MB/41MB, paused 522us total 21.307ms
08-05 03:17:03.394 15957 15969 I art     : Starting a blocking GC Explicit
08-05 03:17:03.416 15957 15969 I art     : Explicit concurrent mark sweep GC freed 4(128B) AllocSpace objects, 0(0B) LOS objects, 38% free, 25MB/41MB, paused 493us total 21.534ms
08-05 03:17:03.425 15957 15969 I art     : Starting a blocking GC Explicit
08-05 03:17:03.449 15957 15969 I art     : Explicit concurrent mark sweep GC freed 7(224B) AllocSpace objects, 0(0B) LOS objects, 38% free, 25MB/41MB, paused 485us total 23.936ms
08-05 03:17:03.767 15957 15969 I art     : Starting a blocking GC Explicit
08-05 03:17:03.792 15957 15969 I art     : Explicit concurrent mark sweep GC freed 1388(80KB) AllocSpace objects, 1(20KB) LOS objects, 38% free, 25MB/41MB, paused 534us total 24.325ms
08-05 03:17:03.802 15957 15969 I art     : Starting a blocking GC Explicit
08-05 03:17:03.825 15957 15969 I art     : Explicit concurrent mark sweep GC freed 23(752B) AllocSpace objects, 0(0B) LOS objects, 38% free, 25MB/41MB, paused 524us total 22.402ms
08-05 03:17:03.834 15957 15969 I art     : Starting a blocking GC Explicit
08-05 03:17:03.855 15957 15969 I art     : Explicit concurrent mark sweep GC freed 3(96B) AllocSpace objects, 0(0B) LOS objects, 38% free, 25MB/41MB, paused 520us total 21.407ms
08-05 03:17:03.864 15957 15969 I art     : Starting a blocking GC Explicit
08-05 03:17:03.887 15957 15969 I art     : Explicit concurrent mark sweep GC freed 3(96B) AllocSpace objects, 0(0B) LOS objects, 38% free, 25MB/41MB, paused 524us total 22.405ms
08-05 03:17:03.895 15957 15969 I art     : Starting a blocking GC Explicit
08-05 03:17:03.918 15957 15969 I art     : Explicit concurrent mark sweep GC freed 3(96B) AllocSpace objects, 0(0B) LOS objects, 38% free, 25MB/41MB, paused 535us total 22.312ms
08-05 03:17:04.220 15957 16294 I art     : Starting a blocking GC Explicit
08-05 03:17:04.248 15957 16294 I art     : Explicit concurrent mark sweep GC freed 1392(80KB) AllocSpace objects, 1(20KB) LOS objects, 38% free, 25MB/41MB, paused 637us total 27.763ms
08-05 03:17:04.261 15957 16294 I art     : Starting a blocking GC Explicit
08-05 03:17:04.287 15957 16294 I art     : Explicit concurrent mark sweep GC freed 23(752B) AllocSpace objects, 0(0B) LOS objects, 38% free, 25MB/41MB, paused 610us total 24.628ms
08-05 03:17:04.296 15957 16294 I art     : Starting a blocking GC Explicit
08-05 03:17:04.319 15957 16294 I art     : Explicit concurrent mark sweep GC freed 3(96B) AllocSpace objects, 0(0B) LOS objects, 38% free, 25MB/41MB, paused 534us total 22.851ms
08-05 03:17:04.328 15957 16294 I art     : Starting a blocking GC Explicit
08-05 03:17:04.350 15957 16294 I art     : Explicit concurrent mark sweep GC freed 3(96B) AllocSpace objects, 0(0B) LOS objects, 38% free, 25MB/41MB, paused 495us total 22.149ms
08-05 03:17:04.359 15957 16294 I art     : Starting a blocking GC Explicit
08-05 03:17:04.381 15957 16294 I art     : Explicit concurrent mark sweep GC freed 3(96B) AllocSpace objects, 0(0B) LOS objects, 38% free, 25MB/41MB, paused 529us total 21.294ms
08-05 03:17:04.700 15957 15980 I art     : Starting a blocking GC Explicit
08-05 03:17:04.731 15957 15980 I art     : Explicit concurrent mark sweep GC freed 1363(80KB) AllocSpace objects, 1(20KB) LOS objects, 38% free, 25MB/41MB, paused 619us total 30.332ms
08-05 03:17:04.744 15957 15980 I art     : Starting a blocking GC Explicit
08-05 03:17:04.767 15957 15980 I art     : Explicit concurrent mark sweep GC freed 23(752B) AllocSpace objects, 0(0B) LOS objects, 38% free, 25MB/41MB, paused 660us total 22.711ms
08-05 03:17:04.776 15957 15980 I art     : Starting a blocking GC Explicit
08-05 03:17:04.799 15957 15980 I art     : Explicit concurrent mark sweep GC freed 3(96B) AllocSpace objects, 0(0B) LOS objects, 38% free, 25MB/41MB, paused 527us total 22.786ms
08-05 03:17:04.808 15957 15980 I art     : Starting a blocking GC Explicit
08-05 03:17:04.830 15957 15980 I art     : Explicit concurrent mark sweep GC freed 3(96B) AllocSpace objects, 0(0B) LOS objects, 38% free, 25MB/41MB, paused 532us total 22.544ms
08-05 03:17:04.839 15957 15980 I art     : Starting a blocking GC Explicit
08-05 03:17:04.861 15957 15980 I art     : Explicit concurrent mark sweep GC freed 3(96B) AllocSpace objects, 0(0B) LOS objects, 38% free, 25MB/41MB, paused 520us total 21.892ms
08-05 03:17:05.163 15957 15970 I art     : Starting a blocking GC Explicit
08-05 03:17:05.190 15957 15970 I art     : Explicit concurrent mark sweep GC freed 1363(80KB) AllocSpace objects, 1(20KB) LOS objects, 38% free, 25MB/41MB, paused 541us total 26.767ms
08-05 03:17:05.199 15957 15970 I art     : Starting a blocking GC Explicit
08-05 03:17:05.222 15957 15970 I art     : Explicit concurrent mark sweep GC freed 52(1536B) AllocSpace objects, 0(0B) LOS objects, 38% free, 25MB/41MB, paused 521us total 22.001ms
08-05 03:17:05.230 15957 15970 I art     : Starting a blocking GC Explicit
08-05 03:17:05.253 15957 15970 I art     : Explicit concurrent mark sweep GC freed 3(96B) AllocSpace objects, 0(0B) LOS objects, 38% free, 25MB/41MB, paused 534us total 22.801ms
08-05 03:17:05.262 15957 15970 I art     : Starting a blocking GC Explicit
08-05 03:17:05.285 15957 15970 I art     : Explicit concurrent mark sweep GC freed 3(96B) AllocSpace objects, 0(0B) LOS objects, 38% free, 25MB/41MB, paused 532us total 22.310ms
08-05 03:17:05.294 15957 15970 I art     : Starting a blocking GC Explicit
08-05 03:17:05.317 15957 15970 I art     : Explicit concurrent mark sweep GC freed 3(96B) AllocSpace objects, 0(0B) LOS objects, 38% free, 25MB/41MB, paused 535us total 22.724ms
08-05 03:17:05.320   518   646 I ThermalEngine: ACTION: GPU - Setting GPU[0] to 600000000
08-05 03:17:05.628 15957 15969 I art     : Starting a blocking GC Explicit
08-05 03:17:05.654 15957 15969 I art     : Explicit concurrent mark sweep GC freed 1363(80KB) AllocSpace objects, 1(20KB) LOS objects, 38% free, 25MB/41MB, paused 436us total 25.507ms
08-05 03:17:05.665 15957 15969 I art     : Starting a blocking GC Explicit
08-05 03:17:05.683 15957 15969 I art     : Explicit concurrent mark sweep GC freed 23(752B) AllocSpace objects, 0(0B) LOS objects, 38% free, 25MB/41MB, paused 390us total 18.060ms
08-05 03:17:05.690 15957 15969 I art     : Starting a blocking GC Explicit
08-05 03:17:05.707 15957 15969 I art     : Explicit concurrent mark sweep GC freed 3(96B) AllocSpace objects, 0(0B) LOS objects, 38% free, 25MB/41MB, paused 428us total 17.324ms
08-05 03:17:05.714 15957 15969 I art     : Starting a blocking GC Explicit
08-05 03:17:05.732 15957 15969 I art     : Explicit concurrent mark sweep GC freed 3(96B) AllocSpace objects, 0(0B) LOS objects, 38% free, 25MB/41MB, paused 394us total 18.010ms
08-05 03:17:05.739 15957 15969 I art     : Starting a blocking GC Explicit
08-05 03:17:05.757 15957 15969 I art     : Explicit concurrent mark sweep GC freed 3(96B) AllocSpace objects, 0(0B) LOS objects, 38% free, 25MB/41MB, paused 392us total 17.818ms
08-05 03:17:06.078 15957 16294 I art     : Starting a blocking GC Explicit
08-05 03:17:06.106 15957 16294 I art     : Explicit concurrent mark sweep GC freed 1363(80KB) AllocSpace objects, 1(20KB) LOS objects, 38% free, 25MB/41MB, paused 455us total 27.767ms
08-05 03:17:06.117 15957 16294 I art     : Starting a blocking GC Explicit
08-05 03:17:06.137 15957 16294 I art     : Explicit concurrent mark sweep GC freed 23(752B) AllocSpace objects, 0(0B) LOS objects, 38% free, 25MB/41MB, paused 393us total 19.233ms
08-05 03:17:06.144 15957 16294 I art     : Starting a blocking GC Explicit
08-05 03:17:06.162 15957 16294 I art     : Explicit concurrent mark sweep GC freed 3(96B) AllocSpace objects, 0(0B) LOS objects, 38% free, 25MB/41MB, paused 365us total 18.381ms
08-05 03:17:06.169 15957 16294 I art     : Starting a blocking GC Explicit
08-05 03:17:06.187 15957 16294 I art     : Explicit concurrent mark sweep GC freed 3(96B) AllocSpace objects, 0(0B) LOS objects, 38% free, 25MB/41MB, paused 419us total 17.621ms
08-05 03:17:06.194 15957 16294 I art     : Starting a blocking GC Explicit
08-05 03:17:06.212 15957 16294 I art     : Explicit concurrent mark sweep GC freed 32(880B) AllocSpace objects, 0(0B) LOS objects, 38% free, 25MB/41MB, paused 376us total 17.387ms
08-05 03:17:06.508 15957 15980 I art     : Starting a blocking GC Explicit
08-05 03:17:06.530 15957 15980 I art     : Explicit concurrent mark sweep GC freed 1363(80KB) AllocSpace objects, 1(20KB) LOS objects, 38% free, 25MB/41MB, paused 452us total 21.418ms
08-05 03:17:06.541 15957 15980 I art     : Starting a blocking GC Explicit
08-05 03:17:06.559 15957 15980 I art     : Explicit concurrent mark sweep GC freed 23(752B) AllocSpace objects, 0(0B) LOS objects, 38% free, 25MB/41MB, paused 377us total 18.093ms
08-05 03:17:06.566 15957 15980 I art     : Starting a blocking GC Explicit
08-05 03:17:06.584 15957 15980 I art     : Explicit concurrent mark sweep GC freed 3(96B) AllocSpace objects, 0(0B) LOS objects, 38% free, 25MB/41MB, paused 402us total 18.020ms
08-05 03:17:06.591 15957 15980 I art     : Starting a blocking GC Explicit
08-05 03:17:06.609 15957 15980 I art     : Explicit concurrent mark sweep GC freed 3(96B) AllocSpace objects, 0(0B) LOS objects, 38% free, 25MB/41MB, paused 388us total 17.807ms
08-05 03:17:06.616 15957 15980 I art     : Starting a blocking GC Explicit
08-05 03:17:06.633 15957 15980 I art     : Explicit concurrent mark sweep GC freed 3(96B) AllocSpace objects, 0(0B) LOS objects, 38% free, 25MB/41MB, paused 375us total 17.392ms
08-05 03:17:06.949 15957 15970 I art     : Starting a blocking GC Explicit
08-05 03:17:06.981 15957 15970 I art     : Explicit concurrent mark sweep GC freed 1363(80KB) AllocSpace objects, 1(20KB) LOS objects, 38% free, 25MB/41MB, paused 502us total 30.976ms
08-05 03:17:06.993 15957 15970 I art     : Starting a blocking GC Explicit
08-05 03:17:07.011 15957 15970 I art     : Explicit concurrent mark sweep GC freed 23(752B) AllocSpace objects, 0(0B) LOS objects, 38% free, 25MB/41MB, paused 389us total 18.002ms
08-05 03:17:07.018 15957 15970 I art     : Starting a blocking GC Explicit
08-05 03:17:07.035 15957 15970 I art     : Explicit concurrent mark sweep GC freed 3(96B) AllocSpace objects, 0(0B) LOS objects, 38% free, 25MB/41MB, paused 365us total 17.343ms
08-05 03:17:07.042 15957 15970 I art     : Starting a blocking GC Explicit
08-05 03:17:07.059 15957 15970 I art     : Explicit concurrent mark sweep GC freed 3(96B) AllocSpace objects, 0(0B) LOS objects, 38% free, 25MB/41MB, paused 396us total 17.346ms
08-05 03:17:07.066 15957 15970 I art     : Starting a blocking GC Explicit
08-05 03:17:07.084 15957 15970 I art     : Explicit concurrent mark sweep GC freed 3(96B) AllocSpace objects, 0(0B) LOS objects, 38% free, 25MB/41MB, paused 379us total 17.743ms
08-05 03:17:07.399 15957 15969 I art     : Starting a blocking GC Explicit
08-05 03:17:07.419 15957 15969 I art     : Explicit concurrent mark sweep GC freed 1392(80KB) AllocSpace objects, 1(20KB) LOS objects, 38% free, 25MB/41MB, paused 433us total 19.837ms
08-05 03:17:07.427 15957 15969 I art     : Starting a blocking GC Explicit
08-05 03:17:07.444 15957 15969 I art     : Explicit concurrent mark sweep GC freed 23(752B) AllocSpace objects, 0(0B) LOS objects, 38% free, 25MB/41MB, paused 369us total 16.777ms
08-05 03:17:07.450 15957 15969 I art     : Starting a blocking GC Explicit
08-05 03:17:07.467 15957 15969 I art     : Explicit concurrent mark sweep GC freed 3(96B) AllocSpace objects, 0(0B) LOS objects, 38% free, 25MB/41MB, paused 410us total 16.488ms
08-05 03:17:07.473 15957 15969 I art     : Starting a blocking GC Explicit
08-05 03:17:07.489 15957 15969 I art     : Explicit concurrent mark sweep GC freed 3(96B) AllocSpace objects, 0(0B) LOS objects, 38% free, 25MB/41MB, paused 378us total 15.391ms
08-05 03:17:07.495 15957 15969 I art     : Starting a blocking GC Explicit
08-05 03:17:07.511 15957 15969 I art     : Explicit concurrent mark sweep GC freed 3(96B) AllocSpace objects, 0(0B) LOS objects, 38% free, 25MB/41MB, paused 377us total 16.128ms
08-05 03:17:07.685 16855 16855 D AndroidRuntime: >>>>>> START com.android.internal.os.RuntimeInit uid 2000 <<<<<<
08-05 03:17:07.691 16855 16855 D AndroidRuntime: CheckJNI is OFF
08-05 03:17:07.716 16855 16855 D ICU     : No timezone override file found: /data/misc/zoneinfo/current/icu/icu_tzdata.dat
08-05 03:17:07.741 16855 16855 I Radio-JNI: register_android_hardware_Radio DONE
08-05 03:17:07.757 16855 16855 D AndroidRuntime: Calling main entry com.android.commands.input.Input
08-05 03:17:07.759 16855 16855 I Input   : injectMotionEvent: MotionEvent { action=ACTION_DOWN, actionButton=0, id[0]=0, x[0]=616.0, y[0]=469.0, toolType[0]=TOOL_TYPE_UNKNOWN, buttonState=0, metaState=0, flags=0x0, edgeFlags=0x0, pointerCount=1, historySize=0, eventTime=760644172, downTime=760644172, deviceId=0, source=0x1002 }
08-05 03:17:07.764 16855 16855 I Input   : injectMotionEvent: MotionEvent { action=ACTION_UP, actionButton=0, id[0]=0, x[0]=616.0, y[0]=469.0, toolType[0]=TOOL_TYPE_UNKNOWN, buttonState=0, metaState=0, flags=0x0, edgeFlags=0x0, pointerCount=1, historySize=0, eventTime=760644172, downTime=760644172, deviceId=0, source=0x1002 }
08-05 03:17:07.768 16855 16855 D AndroidRuntime: Shutting down VM
08-05 03:17:07.802 15957 15980 I art     : Starting a blocking GC Explicit
08-05 03:17:07.823 15957 15980 I art     : Explicit concurrent mark sweep GC freed 1384(80KB) AllocSpace objects, 1(20KB) LOS objects, 38% free, 25MB/41MB, paused 486us total 19.998ms
08-05 03:17:07.830 15957 15980 I art     : Starting a blocking GC Explicit
08-05 03:17:07.835   512  2967 D audio_hw_primary: out_set_parameters: enter: usecase(1: low-latency-playback) kvpairs: routing=2
08-05 03:17:07.848   512  2967 D audio_hw_primary: select_devices: out_snd_device(2: speaker) in_snd_device(0: none)
08-05 03:17:07.848   512  2967 D msm8974_platform: platform_send_audio_calibration: sending audio calibration for snd_device(2) acdb_id(15)
08-05 03:17:07.849   512  2967 I soundtrigger: audio_extn_sound_trigger_update_device_status: device 0x2 of type 0 for Event 1
08-05 03:17:07.851 15957 15980 I art     : Explicit concurrent mark sweep GC freed 188(7KB) AllocSpace objects, 0(0B) LOS objects, 38% free, 25MB/41MB, paused 597us total 20.791ms
08-05 03:17:07.859 15957 15980 I art     : Starting a blocking GC Explicit
08-05 03:17:07.860   512  2967 D audio_hw_primary: enable_snd_device: snd_device(2: speaker)
08-05 03:17:07.862   512  2967 D audio_hw_primary: enable_audio_route: apply and update mixer path: low-latency-playback speaker
08-05 03:17:07.877 15957 15980 I art     : Explicit concurrent mark sweep GC freed 50(2560B) AllocSpace objects, 0(0B) LOS objects, 38% free, 25MB/41MB, paused 477us total 18.371ms
08-05 03:17:07.884 15957 15980 I art     : Starting a blocking GC Explicit
08-05 03:17:07.902 15957 15980 I art     : Explicit concurrent mark sweep GC freed 13(480B) AllocSpace objects, 0(0B) LOS objects, 38% free, 25MB/41MB, paused 429us total 17.501ms
08-05 03:17:07.909 15957 15980 I art     : Starting a blocking GC Explicit
08-05 03:17:07.926 15957 15980 I art     : Explicit concurrent mark sweep GC freed 10(352B) AllocSpace objects, 0(0B) LOS objects, 38% free, 25MB/41MB, paused 442us total 16.826ms
08-05 03:17:08.099 15957 15986 I NAPPA_EXPERIMENTATION: MetricNetworkRequestExecutionTime: REQUEST_DURATION_SYSTEM='263',REQUEST_DURATION_OKHTTP='262',REQUEST_SYNCHRONOUS='TRUE',RESPONSE_CODE='200',RESPONSE_METHOD='GET',RESPONSE_LENGTH_OKHTTP='-1',RESPONSE_LENGTH_HEADER='628',REQUEST_PROTOCOL='h2',REQUEST_URL='https://itunes.apple.com/lookup?id=1524080195',
08-05 03:17:08.119   918  5481 I ActivityManager: START u0 {cmp=baseline.de.danoeh.antennapod.debug/baseline.de.danoeh.antennapod.activity.OnlineFeedViewActivity (has extras)} from uid 10691 on display 0
08-05 03:17:08.139 13866 13866 I GoogleInputMethodServic: GoogleInputMethodService.onFinishInput():3138 
08-05 03:17:08.140 13866 13866 I GoogleInputMethodServic: GoogleInputMethodService.onStartInput():1808 
08-05 03:17:08.160 15957 15957 D UserPreferences: Using default data folder
08-05 03:17:08.161 15957 15957 D OnlineFeedViewActivity: Activity was started with url https://rss.art19.com/nice-white-parents
08-05 03:17:08.163 15957 15957 D OnlineFeedViewActivity: Starting feed download
08-05 03:17:08.168 15957 15978 D DBReader: Extracting Feedlist
08-05 03:17:08.170   918  5481 D WifiService: acquireWifiLockLocked: WifiLock{Downloader type=1 binder=android.os.BinderProxy@4e1cf49}
08-05 03:17:08.171 15957 15978 D AntennapodHttpClient: Creating new instance of HTTP client
08-05 03:17:08.174 15957 15970 I art     : Starting a blocking GC Explicit
08-05 03:17:08.192 15957 15970 I art     : Explicit concurrent mark sweep GC freed 3764(240KB) AllocSpace objects, 1(20KB) LOS objects, 37% free, 26MB/42MB, paused 455us total 17.617ms
08-05 03:17:08.198 15957 15970 I art     : Starting a blocking GC Explicit
08-05 03:17:08.215 15957 15970 I art     : Explicit concurrent mark sweep GC freed 372(17KB) AllocSpace objects, 0(0B) LOS objects, 38% free, 26MB/42MB, paused 416us total 16.473ms
08-05 03:17:08.222 15957 15970 I art     : Starting a blocking GC Explicit
08-05 03:17:08.223 13866 13866 I GoogleInputMethodServic: GoogleInputMethodService.onFinishInput():3138 
08-05 03:17:08.224 13866 13866 I GoogleInputMethodServic: GoogleInputMethodService.onStartInput():1808 
08-05 03:17:08.239 15957 15970 I art     : Explicit concurrent mark sweep GC freed 114(4KB) AllocSpace objects, 0(0B) LOS objects, 37% free, 26MB/42MB, paused 516us total 16.960ms
08-05 03:17:08.246 15957 15970 I art     : Starting a blocking GC Explicit
08-05 03:17:08.248   918   936 I ActivityManager: Displayed baseline.de.danoeh.antennapod.debug/baseline.de.danoeh.antennapod.activity.OnlineFeedViewActivity: +109ms
08-05 03:17:08.266 15957 15970 I art     : Explicit concurrent mark sweep GC freed 35(1360B) AllocSpace objects, 0(0B) LOS objects, 37% free, 26MB/42MB, paused 556us total 20.333ms
08-05 03:17:08.275 15957 15970 I art     : Starting a blocking GC Explicit
08-05 03:17:08.294 15957 15970 I art     : Explicit concurrent mark sweep GC freed 603(56KB) AllocSpace objects, 2(120KB) LOS objects, 37% free, 26MB/42MB, paused 492us total 17.998ms
08-05 03:17:08.400   512  2967 D audio_hw_primary: disable_audio_route: reset and update mixer path: low-latency-playback speaker
08-05 03:17:08.403   512  2967 D audio_hw_primary: disable_snd_device: snd_device(2: speaker)
08-05 03:17:08.418   512  2967 I soundtrigger: audio_extn_sound_trigger_update_device_status: device 0x2 of type 0 for Event 0
08-05 03:17:08.475 15957 15978 D MYTAG   : interceptor 3a https://rss.art19.com/nice-white-parents
08-05 03:17:08.476 15957 15978 I NAPPA_EXPERIMENTATION: MetricNetworkRequestExecutionTime: REQUEST_DURATION_SYSTEM='304',REQUEST_DURATION_OKHTTP='150',REQUEST_SYNCHRONOUS='TRUE',RESPONSE_CODE='200',RESPONSE_METHOD='GET',RESPONSE_LENGTH_OKHTTP='-1',RESPONSE_LENGTH_HEADER='1803',REQUEST_PROTOCOL='h2',REQUEST_URL='https://rss.art19.com/nice-white-parents',
08-05 03:17:08.476 15957 15978 D HttpDownloader: Response code is 200
08-05 03:17:08.476 15957 15978 D UserPreferences: Using default data folder
08-05 03:17:08.479 15957 15978 D HttpDownloader: Getting size of download
08-05 03:17:08.479 15957 15978 D HttpDownloader: Size is -1
08-05 03:17:08.480 15957 15978 D UserPreferences: Using default data folder
08-05 03:17:08.480 15957 15978 D HttpDownloader: Free space is 20236824576
08-05 03:17:08.480 15957 15978 D HttpDownloader: Starting download
08-05 03:17:08.489 15957 15978 D HttpDownloader: Download was successful
08-05 03:17:08.492   918  5481 D WifiService: releaseWifiLockLocked: WifiLock{Downloader type=1 binder=android.os.BinderProxy@4e1cf49}
08-05 03:17:08.492 15957 15957 D OnlineFeedViewActivity: Parsing feed
08-05 03:17:08.507   380   380 W SurfaceFlinger: couldn't log to binary event log: overflow.
08-05 03:17:08.508 15957 16901 D TypeGetter: Recognized type RSS 2.0
08-05 03:17:08.513 15957 16901 D SyndHandler: Recognized ITunes namespace
08-05 03:17:08.515 15957 16901 D SyndHandler: Recognized Atom namespace
08-05 03:17:08.515 15957 16901 D SyndHandler: Recognized Content namespace
08-05 03:17:08.525 15957 16901 D OnlineFeedViewActivity: Deleted feed source file. Result: true
08-05 03:17:08.527 15957 15957 D OnlineFeedViewActivity: Removing HTML from shownotes
08-05 03:17:08.576 15957 15980 I art     : Starting a blocking GC Explicit
08-05 03:17:08.579 15957 15957 W art     : Before Android 4.1, method int androidx.appcompat.widget.DropDownListView.lookForSelectablePosition(int, boolean) would have incorrectly overridden the package-private method in android.widget.ListView
08-05 03:17:08.584 15957 15957 I ListPopupWindow: Could not find method setEpicenterBounds(Rect) on PopupWindow. Oh well.
08-05 03:17:08.590 15957 16902 D ApOkHttpUrlLoader: buildLoadData() called with: model = [https://content.production.cdn.art19.com/images/89/e0/88/44/89e08844-ac28-4fc0-96fa-15a41fec2014/262c12ed699a8d9720dea0bd66449d998e4a08cf18095bed170ccaa76722045fa5dbf7a366918b2db7e3acf29ad22f6b99fd659a9409cb807bf2781d968932f8.jpeg], width = [350], height = [350]
08-05 03:17:08.595 15957 16711 D DBReader: getImageAuthentication() called with: imageUrl = [https://content.production.cdn.art19.com/images/89/e0/88/44/89e08844-ac28-4fc0-96fa-15a41fec2014/262c12ed699a8d9720dea0bd66449d998e4a08cf18095bed170ccaa76722045fa5dbf7a366918b2db7e3acf29ad22f6b99fd659a9409cb807bf2781d968932f8.jpeg]
08-05 03:17:08.598 15957 16711 D ApOkHttpUrlLoader: no credentials for 'https://content.production.cdn.art19.com/images/89/e0/88/44/89e08844-ac28-4fc0-96fa-15a41fec2014/262c12ed699a8d9720dea0bd66449d998e4a08cf18095bed170ccaa76722045fa5dbf7a366918b2db7e3acf29ad22f6b99fd659a9409cb807bf2781d968932f8.jpeg'
08-05 03:17:08.600 15957 15980 I art     : Explicit concurrent mark sweep GC freed 12363(838KB) AllocSpace objects, 8(312KB) LOS objects, 37% free, 27MB/43MB, paused 1.195ms total 24.181ms
08-05 03:17:08.609 15957 15980 I art     : Starting a blocking GC Explicit
08-05 03:17:08.617 15957 15957 D PlaybackController: Releasing PlaybackController
08-05 03:17:08.628 15957 15980 I art     : Explicit concurrent mark sweep GC freed 7596(465KB) AllocSpace objects, 0(0B) LOS objects, 37% free, 27MB/43MB, paused 521us total 19.401ms
08-05 03:17:08.634 15957 15980 I art     : Starting a blocking GC Explicit
08-05 03:17:08.651 15957 15980 I art     : Explicit concurrent mark sweep GC freed 1556(86KB) AllocSpace objects, 1(112KB) LOS objects, 37% free, 26MB/42MB, paused 415us total 16.451ms
08-05 03:17:08.658 15957 15980 I art     : Starting a blocking GC Explicit
08-05 03:17:08.676 15957 15980 I art     : Explicit concurrent mark sweep GC freed 31(976B) AllocSpace objects, 0(0B) LOS objects, 37% free, 26MB/42MB, paused 417us total 18.381ms
08-05 03:17:08.683 15957 15980 I art     : Starting a blocking GC Explicit
08-05 03:17:08.700 15957 15980 I art     : Explicit concurrent mark sweep GC freed 3(96B) AllocSpace objects, 0(0B) LOS objects, 37% free, 26MB/42MB, paused 437us total 17.245ms
08-05 03:17:08.880 15957 16711 D MYTAG   : interceptor 2a
08-05 03:17:08.880 15957 16711 I NAPPA_EXPERIMENTATION: MetricNetworkRequestExecutionTime: REQUEST_DURATION_SYSTEM='281',REQUEST_DURATION_OKHTTP='160',REQUEST_SYNCHRONOUS='TRUE',RESPONSE_CODE='200',RESPONSE_METHOD='GET',RESPONSE_LENGTH_OKHTTP='2466122',RESPONSE_LENGTH_HEADER='2466122',REQUEST_PROTOCOL='h2',REQUEST_URL='https://content.production.cdn.art19.com/images/89/e0/88/44/89e08844-ac28-4fc0-96fa-15a41fec2014/262c12ed699a8d9720dea0bd66449d998e4a08cf18095bed170ccaa76722045fa5dbf7a366918b2db7e3acf29ad22f6b99fd659a9409cb807bf2781d968932f8.jpeg',
08-05 03:17:08.971 15957 15970 I art     : Starting a blocking GC Explicit
08-05 03:17:08.995 15957 15970 I art     : Explicit concurrent mark sweep GC freed 5604(267KB) AllocSpace objects, 1(20KB) LOS objects, 37% free, 26MB/42MB, paused 469us total 23.385ms
08-05 03:17:09.003 15957 15970 I art     : Starting a blocking GC Explicit
08-05 03:17:09.023 15957 15970 I art     : Explicit concurrent mark sweep GC freed 123(4KB) AllocSpace objects, 0(0B) LOS objects, 37% free, 26MB/42MB, paused 551us total 19.430ms
08-05 03:17:09.029 15957 15970 I art     : Starting a blocking GC Explicit
08-05 03:17:09.048 15957 15970 I art     : Explicit concurrent mark sweep GC freed 47(1504B) AllocSpace objects, 0(0B) LOS objects, 37% free, 26MB/42MB, paused 512us total 18.066ms
08-05 03:17:09.054 15957 15970 I art     : Starting a blocking GC Explicit
08-05 03:17:09.073 15957 15970 I art     : Explicit concurrent mark sweep GC freed 67(2144B) AllocSpace objects, 0(0B) LOS objects, 37% free, 26MB/42MB, paused 509us total 18.149ms
08-05 03:17:09.079 15957 15970 I art     : Starting a blocking GC Explicit
08-05 03:17:09.098 15957 15970 I art     : Explicit concurrent mark sweep GC freed 51(1632B) AllocSpace objects, 0(0B) LOS objects, 37% free, 26MB/42MB, paused 587us total 18.139ms
08-05 03:17:09.344 15957 15969 I art     : Starting a blocking GC Explicit
08-05 03:17:09.366 15957 15969 I art     : Explicit concurrent mark sweep GC freed 2745(152KB) AllocSpace objects, 1(20KB) LOS objects, 36% free, 27MB/43MB, paused 475us total 22.173ms
08-05 03:17:09.374 15957 15969 I art     : Starting a blocking GC Explicit
08-05 03:17:09.394 15957 15969 I art     : Explicit concurrent mark sweep GC freed 42(1312B) AllocSpace objects, 0(0B) LOS objects, 36% free, 27MB/43MB, paused 468us total 20.287ms
08-05 03:17:09.402 15957 15969 I art     : Starting a blocking GC Explicit
08-05 03:17:09.422 15957 15969 I art     : Explicit concurrent mark sweep GC freed 3(96B) AllocSpace objects, 0(0B) LOS objects, 36% free, 27MB/43MB, paused 456us total 20.458ms
08-05 03:17:09.430 15957 15969 I art     : Starting a blocking GC Explicit
08-05 03:17:09.451 15957 15969 I art     : Explicit concurrent mark sweep GC freed 3(96B) AllocSpace objects, 0(0B) LOS objects, 36% free, 27MB/43MB, paused 455us total 20.829ms
08-05 03:17:09.458 15957 15969 I art     : Starting a blocking GC Explicit
08-05 03:17:09.479 15957 15969 I art     : Explicit concurrent mark sweep GC freed 3(96B) AllocSpace objects, 0(0B) LOS objects, 36% free, 27MB/43MB, paused 474us total 20.549ms
08-05 03:17:09.816 15957 15980 I art     : Starting a blocking GC Explicit
08-05 03:17:09.845 15957 15980 I art     : Explicit concurrent mark sweep GC freed 1369(80KB) AllocSpace objects, 1(20KB) LOS objects, 36% free, 27MB/43MB, paused 553us total 29.452ms
08-05 03:17:09.856 15957 15980 I art     : Starting a blocking GC Explicit
08-05 03:17:09.878 15957 15980 I art     : Explicit concurrent mark sweep GC freed 23(752B) AllocSpace objects, 0(0B) LOS objects, 36% free, 27MB/43MB, paused 469us total 21.440ms
08-05 03:17:09.886 15957 15980 I art     : Starting a blocking GC Explicit
08-05 03:17:09.907 15957 15980 I art     : Explicit concurrent mark sweep GC freed 3(96B) AllocSpace objects, 0(0B) LOS objects, 36% free, 27MB/43MB, paused 530us total 21.126ms
08-05 03:17:09.914 15957 15980 I art     : Starting a blocking GC Explicit
08-05 03:17:09.935 15957 15980 I art     : Explicit concurrent mark sweep GC freed 3(96B) AllocSpace objects, 0(0B) LOS objects, 36% free, 27MB/43MB, paused 524us total 20.433ms
08-05 03:17:09.943 15957 15980 I art     : Starting a blocking GC Explicit
08-05 03:17:09.963 15957 15980 I art     : Explicit concurrent mark sweep GC freed 3(96B) AllocSpace objects, 0(0B) LOS objects, 36% free, 27MB/43MB, paused 457us total 20.112ms
08-05 03:17:10.279 15957 15980 I art     : Starting a blocking GC Explicit
08-05 03:17:10.301 15957 15980 I art     : Explicit concurrent mark sweep GC freed 1409(81KB) AllocSpace objects, 1(20KB) LOS objects, 36% free, 27MB/43MB, paused 473us total 21.514ms
08-05 03:17:10.308 15957 15980 I art     : Starting a blocking GC Explicit
08-05 03:17:10.330   518   646 I ThermalEngine: ACTION: GPU - Setting GPU[0] to 510000000
08-05 03:17:10.331 15957 15980 I art     : Explicit concurrent mark sweep GC freed 26(848B) AllocSpace objects, 0(0B) LOS objects, 36% free, 27MB/43MB, paused 1.761ms total 22.732ms
08-05 03:17:10.340 15957 15980 I art     : Starting a blocking GC Explicit
08-05 03:17:10.364 15957 15980 I art     : Explicit concurrent mark sweep GC freed 7(224B) AllocSpace objects, 0(0B) LOS objects, 36% free, 27MB/43MB, paused 611us total 23.342ms
08-05 03:17:10.372 15957 15980 I art     : Starting a blocking GC Explicit
08-05 03:17:10.396 15957 15980 I art     : Explicit concurrent mark sweep GC freed 7(224B) AllocSpace objects, 0(0B) LOS objects, 36% free, 27MB/43MB, paused 599us total 23.299ms
08-05 03:17:10.404 15957 15980 I art     : Starting a blocking GC Explicit
08-05 03:17:10.427 15957 15980 I art     : Explicit concurrent mark sweep GC freed 7(224B) AllocSpace objects, 0(0B) LOS objects, 36% free, 27MB/43MB, paused 668us total 23.131ms
08-05 03:17:10.725 15957 16294 I art     : Starting a blocking GC Explicit
08-05 03:17:10.759 15957 16294 I art     : Explicit concurrent mark sweep GC freed 1368(82KB) AllocSpace objects, 1(20KB) LOS objects, 36% free, 27MB/43MB, paused 722us total 34.296ms
08-05 03:17:10.770 15957 16294 I art     : Starting a blocking GC Explicit
08-05 03:17:10.796 15957 16294 I art     : Explicit concurrent mark sweep GC freed 23(752B) AllocSpace objects, 0(0B) LOS objects, 36% free, 27MB/43MB, paused 631us total 25.784ms
08-05 03:17:10.806 15957 16294 I art     : Starting a blocking GC Explicit
08-05 03:17:10.832 15957 16294 I art     : Explicit concurrent mark sweep GC freed 3(96B) AllocSpace objects, 0(0B) LOS objects, 36% free, 27MB/43MB, paused 634us total 25.972ms
08-05 03:17:10.841 15957 16294 I art     : Starting a blocking GC Explicit
08-05 03:17:10.868 15957 16294 I art     : Explicit concurrent mark sweep GC freed 3(96B) AllocSpace objects, 0(0B) LOS objects, 36% free, 27MB/43MB, paused 661us total 26.205ms
08-05 03:17:10.877 15957 16294 I art     : Starting a blocking GC Explicit
08-05 03:17:10.903 15957 16294 I art     : Explicit concurrent mark sweep GC freed 3(96B) AllocSpace objects, 0(0B) LOS objects, 36% free, 27MB/43MB, paused 623us total 26.148ms
08-05 03:17:11.198 15957 16294 I art     : Starting a blocking GC Explicit
08-05 03:17:11.222 15957 16294 I art     : Explicit concurrent mark sweep GC freed 1395(80KB) AllocSpace objects, 1(20KB) LOS objects, 36% free, 27MB/43MB, paused 607us total 23.552ms
08-05 03:17:11.231 15957 16294 I art     : Starting a blocking GC Explicit
08-05 03:17:11.257 15957 16294 I art     : Explicit concurrent mark sweep GC freed 28(944B) AllocSpace objects, 0(0B) LOS objects, 36% free, 27MB/43MB, paused 621us total 25.474ms
08-05 03:17:11.266 15957 16294 I art     : Starting a blocking GC Explicit
08-05 03:17:11.292 15957 16294 I art     : Explicit concurrent mark sweep GC freed 3(96B) AllocSpace objects, 0(0B) LOS objects, 36% free, 27MB/43MB, paused 621us total 26.078ms
08-05 03:17:11.302 15957 16294 I art     : Starting a blocking GC Explicit
08-05 03:17:11.328 15957 16294 I art     : Explicit concurrent mark sweep GC freed 3(96B) AllocSpace objects, 0(0B) LOS objects, 36% free, 27MB/43MB, paused 643us total 26.346ms
08-05 03:17:11.338 15957 16294 I art     : Starting a blocking GC Explicit
08-05 03:17:11.364 15957 16294 I art     : Explicit concurrent mark sweep GC freed 3(96B) AllocSpace objects, 0(0B) LOS objects, 36% free, 27MB/43MB, paused 624us total 26.367ms
08-05 03:17:11.684 15957 15980 I art     : Starting a blocking GC Explicit
08-05 03:17:11.714 15957 15980 I art     : Explicit concurrent mark sweep GC freed 1366(80KB) AllocSpace objects, 1(20KB) LOS objects, 36% free, 27MB/43MB, paused 631us total 29.753ms
08-05 03:17:11.724 15957 15980 I art     : Starting a blocking GC Explicit
08-05 03:17:11.751 15957 15980 I art     : Explicit concurrent mark sweep GC freed 23(752B) AllocSpace objects, 0(0B) LOS objects, 36% free, 27MB/43MB, paused 678us total 26.372ms
08-05 03:17:11.760 15957 15980 I art     : Starting a blocking GC Explicit
08-05 03:17:11.787 15957 15980 I art     : Explicit concurrent mark sweep GC freed 3(96B) AllocSpace objects, 0(0B) LOS objects, 36% free, 27MB/43MB, paused 728us total 26.702ms
08-05 03:17:11.796 15957 15980 I art     : Starting a blocking GC Explicit
08-05 03:17:11.823 15957 15980 I art     : Explicit concurrent mark sweep GC freed 3(96B) AllocSpace objects, 0(0B) LOS objects, 36% free, 27MB/43MB, paused 628us total 26.319ms
08-05 03:17:11.832 15957 15980 I art     : Starting a blocking GC Explicit
08-05 03:17:11.859 15957 15980 I art     : Explicit concurrent mark sweep GC freed 3(96B) AllocSpace objects, 0(0B) LOS objects, 36% free, 27MB/43MB, paused 637us total 25.844ms
08-05 03:17:12.152 15957 15970 I art     : Starting a blocking GC Explicit
08-05 03:17:12.178 15957 15970 I art     : Explicit concurrent mark sweep GC freed 1366(80KB) AllocSpace objects, 1(20KB) LOS objects, 36% free, 27MB/43MB, paused 655us total 26.047ms
08-05 03:17:12.188 15957 15970 I art     : Starting a blocking GC Explicit
08-05 03:17:12.213 15957 15970 I art     : Explicit concurrent mark sweep GC freed 52(1536B) AllocSpace objects, 0(0B) LOS objects, 36% free, 27MB/43MB, paused 645us total 25.649ms
08-05 03:17:12.223 15957 15970 I art     : Starting a blocking GC Explicit
08-05 03:17:12.248 15957 15970 I art     : Explicit concurrent mark sweep GC freed 3(96B) AllocSpace objects, 0(0B) LOS objects, 36% free, 27MB/43MB, paused 629us total 24.390ms
08-05 03:17:12.257 15957 15970 I art     : Starting a blocking GC Explicit
08-05 03:17:12.281 15957 15970 I art     : Explicit concurrent mark sweep GC freed 3(96B) AllocSpace objects, 0(0B) LOS objects, 36% free, 27MB/43MB, paused 622us total 24.074ms
08-05 03:17:12.290 15957 15970 I art     : Starting a blocking GC Explicit
08-05 03:17:12.315 15957 15970 I art     : Explicit concurrent mark sweep GC freed 3(96B) AllocSpace objects, 0(0B) LOS objects, 36% free, 27MB/43MB, paused 619us total 24.576ms
08-05 03:17:12.464 16978 16978 D AndroidRuntime: >>>>>> START com.android.internal.os.RuntimeInit uid 2000 <<<<<<
08-05 03:17:12.470 16978 16978 D AndroidRuntime: CheckJNI is OFF
08-05 03:17:12.503 16978 16978 D ICU     : No timezone override file found: /data/misc/zoneinfo/current/icu/icu_tzdata.dat
08-05 03:17:12.535 16978 16978 I Radio-JNI: register_android_hardware_Radio DONE
08-05 03:17:12.557 16978 16978 D AndroidRuntime: Calling main entry com.android.commands.input.Input
08-05 03:17:12.558 16978 16978 I Input   : injectMotionEvent: MotionEvent { action=ACTION_DOWN, actionButton=0, id[0]=0, x[0]=625.0, y[0]=832.0, toolType[0]=TOOL_TYPE_UNKNOWN, buttonState=0, metaState=0, flags=0x0, edgeFlags=0x0, pointerCount=1, historySize=0, eventTime=760648971, downTime=760648971, deviceId=0, source=0x1002 }
08-05 03:17:12.562 16978 16978 I Input   : injectMotionEvent: MotionEvent { action=ACTION_UP, actionButton=0, id[0]=0, x[0]=625.0, y[0]=832.0, toolType[0]=TOOL_TYPE_UNKNOWN, buttonState=0, metaState=0, flags=0x0, edgeFlags=0x0, pointerCount=1, historySize=0, eventTime=760648971, downTime=760648971, deviceId=0, source=0x1002 }
08-05 03:17:12.565 16978 16978 D AndroidRuntime: Shutting down VM
08-05 03:17:12.573 15957 15957 D UserPreferences: Using default data folder
08-05 03:17:12.574 15957 15957 D DownloadRequester: partiallyDownloadedFileExists: false
08-05 03:17:12.574 15957 15957 D DownloadRequester: /storage/emulated/0/Android/data/baseline.de.danoeh.antennapod.debug/files/cache/feed-Nice White Parents is available as a download destination
08-05 03:17:12.575   512  2967 D audio_hw_primary: out_set_parameters: enter: usecase(1: low-latency-playback) kvpairs: routing=2
08-05 03:17:12.575 15957 15957 D DownloadRequester: Requesting download of url https://rss.art19.com/nice-white-parents
08-05 03:17:12.587   512  2967 D audio_hw_primary: select_devices: out_snd_device(2: speaker) in_snd_device(0: none)
08-05 03:17:12.587   512  2967 D msm8974_platform: platform_send_audio_calibration: sending audio calibration for snd_device(2) acdb_id(15)
08-05 03:17:12.588   512  2967 I soundtrigger: audio_extn_sound_trigger_update_device_status: device 0x2 of type 0 for Event 1
08-05 03:17:12.596 15957 15957 D DownloadService: Service started
08-05 03:17:12.597 15957 15957 D DownloadService: parallel downloads: 4
08-05 03:17:12.597   512  2967 D audio_hw_primary: enable_snd_device: snd_device(2: speaker)
08-05 03:17:12.598 15957 17009 D downloadCompletionThd: downloadCompletionThread was started
08-05 03:17:12.600   512  2967 D audio_hw_primary: enable_audio_route: apply and update mixer path: low-latency-playback speaker
08-05 03:17:12.602 15957 15957 D DownloadService: Notification set up
08-05 03:17:12.612 15957 15970 I art     : Starting a blocking GC Explicit
08-05 03:17:12.616 15957 15957 D DownloadService: Received enqueue request
08-05 03:17:12.618 15957 15957 D OnlineFeedViewActivity: onEventMainThread() called with: event = [DownloadEvent{update=DownloaderUpdate{downloaders=[baseline.de.danoeh.antennapod.core.service.download.HttpDownloader@84793f6], feedIds=[0], mediaIds=[]}}]
08-05 03:17:12.619 15957 15957 D DownloadService: 1 downloads left
08-05 03:17:12.619   918  3670 D WifiService: acquireWifiLockLocked: WifiLock{Downloader type=1 binder=android.os.BinderProxy@751ce80}
08-05 03:17:12.619 15957 15957 D DownloadService: Setting up notification updater
08-05 03:17:12.624 15957 17012 D AntennapodHttpClient: Creating new instance of HTTP client
08-05 03:17:12.639 15957 15970 I art     : Explicit concurrent mark sweep GC freed 2401(142KB) AllocSpace objects, 1(20KB) LOS objects, 36% free, 27MB/43MB, paused 915us total 26.226ms
08-05 03:17:12.647 15957 15970 I art     : Starting a blocking GC Explicit
08-05 03:17:12.670 15957 15970 I art     : Explicit concurrent mark sweep GC freed 200(10KB) AllocSpace objects, 0(0B) LOS objects, 36% free, 27MB/43MB, paused 716us total 22.585ms
08-05 03:17:12.678 15957 15970 I art     : Starting a blocking GC Explicit
08-05 03:17:12.701 15957 15970 I art     : Explicit concurrent mark sweep GC freed 66(4KB) AllocSpace objects, 0(0B) LOS objects, 36% free, 27MB/43MB, paused 679us total 21.953ms
08-05 03:17:12.709 15957 15970 I art     : Starting a blocking GC Explicit
08-05 03:17:12.731 15957 15970 I art     : Explicit concurrent mark sweep GC freed 16(672B) AllocSpace objects, 0(0B) LOS objects, 36% free, 27MB/43MB, paused 680us total 22.509ms
08-05 03:17:12.740 15957 15970 I art     : Starting a blocking GC Explicit
08-05 03:17:12.763 15957 15970 I art     : Explicit concurrent mark sweep GC freed 778(63KB) AllocSpace objects, 2(120KB) LOS objects, 36% free, 27MB/43MB, paused 855us total 23.023ms
08-05 03:17:12.944 15957 17012 D MYTAG   : interceptor 3a https://rss.art19.com/nice-white-parents
08-05 03:17:12.945 15957 17012 I NAPPA_EXPERIMENTATION: MetricNetworkRequestExecutionTime: REQUEST_DURATION_SYSTEM='320',REQUEST_DURATION_OKHTTP='156',REQUEST_SYNCHRONOUS='TRUE',RESPONSE_CODE='200',RESPONSE_METHOD='GET',RESPONSE_LENGTH_OKHTTP='-1',RESPONSE_LENGTH_HEADER='1803',REQUEST_PROTOCOL='h2',REQUEST_URL='https://rss.art19.com/nice-white-parents',
08-05 03:17:12.945 15957 17012 D HttpDownloader: Response code is 200
08-05 03:17:12.945 15957 17012 D UserPreferences: Using default data folder
08-05 03:17:12.947 15957 17012 D HttpDownloader: Getting size of download
08-05 03:17:12.947 15957 17012 D HttpDownloader: Size is -1
08-05 03:17:12.947 15957 17012 D UserPreferences: Using default data folder
08-05 03:17:12.947 15957 17012 D HttpDownloader: Free space is 20234313728
08-05 03:17:12.947 15957 17012 D HttpDownloader: Starting download
08-05 03:17:12.956 15957 17012 D HttpDownloader: Download was successful
08-05 03:17:12.957   918  6112 D WifiService: releaseWifiLockLocked: WifiLock{Downloader type=1 binder=android.os.BinderProxy@751ce80}
08-05 03:17:12.958 15957 17009 D downloadCompletionThd: Received 'Download Complete' - message.
08-05 03:17:12.958 15957 17009 D DownloadService: Handling completed Feed Download
08-05 03:17:12.958 15957 15957 D DownloadService: Removing downloader: https://rss.art19.com/nice-white-parents
08-05 03:17:12.958 15957 15957 D DownloadService: Result of downloads.remove: true
08-05 03:17:12.959 15957 15957 D OnlineFeedViewActivity: onEventMainThread() called with: event = [DownloadEvent{update=DownloaderUpdate{downloaders=[], feedIds=[], mediaIds=[]}}]
08-05 03:17:12.962 15957 17027 D TypeGetter: Recognized type RSS 2.0
08-05 03:17:12.963 15957 17027 D SyndHandler: Recognized ITunes namespace
08-05 03:17:12.963 15957 17027 D SyndHandler: Recognized Atom namespace
08-05 03:17:12.963 15957 17027 D SyndHandler: Recognized Content namespace
08-05 03:17:12.967 15957 17027 D FeedSyncThread: Nice White Parents parsed
08-05 03:17:12.968 15957 17027 D FeedSyncThread: Deletion of file '/storage/emulated/0/Android/data/baseline.de.danoeh.antennapod.debug/files/cache/feed-Nice White Parents' successful
08-05 03:17:12.968 15957 17027 D DBReader: getFeedDownloadLog() called with: feed = [baseline.de.danoeh.antennapod.core.feed.Feed@0]
08-05 03:17:12.969 15957 17010 D FeedSyncThread: Bundling 1 feeds
08-05 03:17:12.970 15957 17028 D DBReader: Extracting Feedlist
08-05 03:17:12.971 15957 17028 D DBTasks : Found no existing Feed with title Nice White Parents. Adding as new one.
08-05 03:17:12.974 15957 17029 D PodDBAdapter: Setting feed with flattr status Nice White Parents: 0
08-05 03:17:12.974 15957 17029 D baseline.de.danoeh.antennapod.core.storage.PodDBAdapter@4e49aef: Inserting new Feed into db
08-05 03:17:12.990 15957 15957 D EventDistributor: Processing event queue. Number of events: 1
08-05 03:17:12.990 15957 15957 D EventDistributor: Notifying observers. Data: 1
08-05 03:17:12.990 15957 15957 D DownloadService: 0 downloads left
08-05 03:17:12.990 15957 16500 D DBReader: Extracting Feedlist
08-05 03:17:12.990 15957 15957 D DownloadService: Number of downloads is 0, attempting shutdown
08-05 03:17:12.991 15957 15957 D DownloadService: Service shutting down
08-05 03:17:12.991 15957 15957 D DownloadService: No report is created
08-05 03:17:12.992 15957 15957 D OnlineFeedViewActivity: onEventMainThread() called with: event = [DownloadEvent{update=DownloaderUpdate{downloaders=[], feedIds=[], mediaIds=[]}}]
08-05 03:17:12.994 15957 15957 D DownloadService: NotificationUpdater cancelled. Result: false
08-05 03:17:12.994 15957 17009 E downloadCompletionThd: DownloadCompletionThread was interrupted
08-05 03:17:12.994 15957 15957 D DBTasks : autodownloadUndownloadedItems
08-05 03:17:12.997 15957 17030 D NetworkUtils: Device is connected to Wi-Fi
08-05 03:17:12.997 15957 17030 D NetworkUtils: Auto-dl filter is disabled
08-05 03:17:13.001 15957 16294 I art     : Starting a blocking GC Explicit
08-05 03:17:13.027 15957 16294 I art     : Explicit concurrent mark sweep GC freed 6915(545KB) AllocSpace objects, 6(180KB) LOS objects, 36% free, 27MB/43MB, paused 741us total 26.124ms
08-05 03:17:13.036 15957 16294 I art     : Starting a blocking GC Explicit
08-05 03:17:13.060 15957 16294 I art     : Explicit concurrent mark sweep GC freed 940(93KB) AllocSpace objects, 0(0B) LOS objects, 36% free, 27MB/43MB, paused 716us total 24.166ms
08-05 03:17:13.069 15957 16294 I art     : Starting a blocking GC Explicit
08-05 03:17:13.093 15957 16294 I art     : Explicit concurrent mark sweep GC freed 14(544B) AllocSpace objects, 0(0B) LOS objects, 36% free, 27MB/43MB, paused 684us total 23.880ms
08-05 03:17:13.102 15957 16294 I art     : Starting a blocking GC Explicit
08-05 03:17:13.126 15957 16294 I art     : Explicit concurrent mark sweep GC freed 5(160B) AllocSpace objects, 0(0B) LOS objects, 36% free, 27MB/43MB, paused 697us total 23.876ms
08-05 03:17:13.134 15957 16294 I art     : Starting a blocking GC Explicit
08-05 03:17:13.139   512  2967 D audio_hw_primary: disable_audio_route: reset and update mixer path: low-latency-playback speaker
08-05 03:17:13.140   512  2967 D audio_hw_primary: disable_snd_device: snd_device(2: speaker)
08-05 03:17:13.148   512  2967 I soundtrigger: audio_extn_sound_trigger_update_device_status: device 0x2 of type 0 for Event 0
08-05 03:17:13.158 15957 16294 I art     : Explicit concurrent mark sweep GC freed 5(160B) AllocSpace objects, 0(0B) LOS objects, 36% free, 27MB/43MB, paused 692us total 23.749ms
08-05 03:17:13.444 15957 15980 I art     : Starting a blocking GC Explicit
08-05 03:17:13.475 15957 15980 I art     : Explicit concurrent mark sweep GC freed 1407(81KB) AllocSpace objects, 1(20KB) LOS objects, 36% free, 27MB/43MB, paused 755us total 30.505ms
08-05 03:17:13.483 15957 15980 I art     : Starting a blocking GC Explicit
08-05 03:17:13.507 15957 15980 I art     : Explicit concurrent mark sweep GC freed 25(816B) AllocSpace objects, 0(0B) LOS objects, 36% free, 27MB/43MB, paused 830us total 23.403ms
08-05 03:17:13.515 15957 15980 I art     : Starting a blocking GC Explicit
08-05 03:17:13.538 15957 15980 I art     : Explicit concurrent mark sweep GC freed 3(96B) AllocSpace objects, 0(0B) LOS objects, 36% free, 27MB/43MB, paused 713us total 23.242ms
08-05 03:17:13.547 15957 15980 I art     : Starting a blocking GC Explicit
08-05 03:17:13.571 15957 15980 I art     : Explicit concurrent mark sweep GC freed 3(96B) AllocSpace objects, 0(0B) LOS objects, 36% free, 27MB/43MB, paused 721us total 23.204ms
08-05 03:17:13.579 15957 15980 I art     : Starting a blocking GC Explicit
08-05 03:17:13.603 15957 15980 I art     : Explicit concurrent mark sweep GC freed 3(96B) AllocSpace objects, 0(0B) LOS objects, 36% free, 27MB/43MB, paused 719us total 23.503ms
08-05 03:17:13.871 15957 15969 I art     : Starting a blocking GC Explicit
08-05 03:17:13.899 15957 15969 I art     : Explicit concurrent mark sweep GC freed 1367(82KB) AllocSpace objects, 1(20KB) LOS objects, 36% free, 27MB/43MB, paused 788us total 27.467ms
08-05 03:17:13.908 15957 15969 I art     : Starting a blocking GC Explicit
08-05 03:17:13.935 15957 15969 I art     : Explicit concurrent mark sweep GC freed 23(752B) AllocSpace objects, 0(0B) LOS objects, 36% free, 27MB/43MB, paused 726us total 26.583ms
08-05 03:17:13.944 15957 15969 I art     : Starting a blocking GC Explicit
08-05 03:17:13.971 15957 15969 I art     : Explicit concurrent mark sweep GC freed 3(96B) AllocSpace objects, 0(0B) LOS objects, 36% free, 27MB/43MB, paused 754us total 26.455ms
08-05 03:17:13.980 15957 15969 I art     : Starting a blocking GC Explicit
08-05 03:17:14.008 15957 15969 I art     : Explicit concurrent mark sweep GC freed 3(96B) AllocSpace objects, 0(0B) LOS objects, 36% free, 27MB/43MB, paused 802us total 27.636ms
08-05 03:17:14.017 15957 15969 I art     : Starting a blocking GC Explicit
08-05 03:17:14.045 15957 15969 I art     : Explicit concurrent mark sweep GC freed 3(96B) AllocSpace objects, 0(0B) LOS objects, 36% free, 27MB/43MB, paused 811us total 27.138ms
08-05 03:17:14.348 15957 15970 I art     : Starting a blocking GC Explicit
08-05 03:17:14.385 15957 15970 I art     : Explicit concurrent mark sweep GC freed 1402(82KB) AllocSpace objects, 1(20KB) LOS objects, 36% free, 27MB/43MB, paused 836us total 36.654ms
08-05 03:17:14.398 15957 15970 I art     : Starting a blocking GC Explicit
08-05 03:17:14.426 15957 15970 I art     : Explicit concurrent mark sweep GC freed 23(752B) AllocSpace objects, 0(0B) LOS objects, 36% free, 27MB/43MB, paused 761us total 27.670ms
08-05 03:17:14.436 15957 15970 I art     : Starting a blocking GC Explicit
08-05 03:17:14.464 15957 15970 I art     : Explicit concurrent mark sweep GC freed 3(96B) AllocSpace objects, 0(0B) LOS objects, 36% free, 27MB/43MB, paused 785us total 27.980ms
08-05 03:17:14.474 15957 15970 I art     : Starting a blocking GC Explicit
08-05 03:17:14.502 15957 15970 I art     : Explicit concurrent mark sweep GC freed 3(96B) AllocSpace objects, 0(0B) LOS objects, 36% free, 27MB/43MB, paused 771us total 27.538ms
08-05 03:17:14.511 15957 15970 I art     : Starting a blocking GC Explicit
08-05 03:17:14.539 15957 15970 I art     : Explicit concurrent mark sweep GC freed 3(96B) AllocSpace objects, 0(0B) LOS objects, 36% free, 27MB/43MB, paused 778us total 27.511ms
08-05 03:17:14.876 15957 16294 I art     : Starting a blocking GC Explicit
08-05 03:17:14.912 15957 16294 I art     : Explicit concurrent mark sweep GC freed 1372(82KB) AllocSpace objects, 1(20KB) LOS objects, 36% free, 27MB/43MB, paused 841us total 35.809ms
08-05 03:17:14.924 15957 16294 I art     : Starting a blocking GC Explicit
08-05 03:17:14.952 15957 16294 I art     : Explicit concurrent mark sweep GC freed 23(752B) AllocSpace objects, 0(0B) LOS objects, 36% free, 27MB/43MB, paused 770us total 27.409ms
08-05 03:17:14.961 15957 16294 I art     : Starting a blocking GC Explicit
08-05 03:17:14.989 15957 16294 I art     : Explicit concurrent mark sweep GC freed 3(96B) AllocSpace objects, 0(0B) LOS objects, 36% free, 27MB/43MB, paused 705us total 27.153ms
08-05 03:17:14.998 15957 16294 I art     : Starting a blocking GC Explicit
08-05 03:17:15.025 15957 16294 I art     : Explicit concurrent mark sweep GC freed 3(96B) AllocSpace objects, 0(0B) LOS objects, 36% free, 27MB/43MB, paused 763us total 26.993ms
08-05 03:17:15.035 15957 16294 I art     : Starting a blocking GC Explicit
08-05 03:17:15.062 15957 16294 I art     : Explicit concurrent mark sweep GC freed 3(96B) AllocSpace objects, 0(0B) LOS objects, 36% free, 27MB/43MB, paused 865us total 27.483ms
08-05 03:17:15.375 15957 15980 I art     : Starting a blocking GC Explicit
08-05 03:17:15.408 15957 15980 I art     : Explicit concurrent mark sweep GC freed 1399(81KB) AllocSpace objects, 1(20KB) LOS objects, 36% free, 27MB/43MB, paused 795us total 32.974ms
08-05 03:17:15.418 15957 15980 I art     : Starting a blocking GC Explicit
08-05 03:17:15.446 15957 15980 I art     : Explicit concurrent mark sweep GC freed 23(752B) AllocSpace objects, 0(0B) LOS objects, 36% free, 27MB/43MB, paused 756us total 27.673ms
08-05 03:17:15.455 15957 15980 I art     : Starting a blocking GC Explicit
08-05 03:17:15.483 15957 15980 I art     : Explicit concurrent mark sweep GC freed 3(96B) AllocSpace objects, 0(0B) LOS objects, 36% free, 27MB/43MB, paused 773us total 27.729ms
08-05 03:17:15.493 15957 15980 I art     : Starting a blocking GC Explicit
08-05 03:17:15.520 15957 15980 I art     : Explicit concurrent mark sweep GC freed 3(96B) AllocSpace objects, 0(0B) LOS objects, 36% free, 27MB/43MB, paused 778us total 26.905ms
08-05 03:17:15.529 15957 15980 I art     : Starting a blocking GC Explicit
08-05 03:17:15.557 15957 15980 I art     : Explicit concurrent mark sweep GC freed 3(96B) AllocSpace objects, 0(0B) LOS objects, 36% free, 27MB/43MB, paused 800us total 27.089ms
08-05 03:17:15.882 15957 15969 I art     : Starting a blocking GC Explicit
08-05 03:17:15.917 15957 15969 I art     : Explicit concurrent mark sweep GC freed 1366(80KB) AllocSpace objects, 1(20KB) LOS objects, 36% free, 27MB/43MB, paused 796us total 34.064ms
08-05 03:17:15.929 15957 15969 I art     : Starting a blocking GC Explicit
08-05 03:17:15.956 15957 15969 I art     : Explicit concurrent mark sweep GC freed 23(752B) AllocSpace objects, 0(0B) LOS objects, 36% free, 27MB/43MB, paused 767us total 27.612ms
08-05 03:17:15.966 15957 15969 I art     : Starting a blocking GC Explicit
08-05 03:17:15.971  9999  9999 I ServiceManager: Waiting for service AtCmdFwd...
08-05 03:17:15.993 15957 15969 I art     : Explicit concurrent mark sweep GC freed 3(96B) AllocSpace objects, 0(0B) LOS objects, 36% free, 27MB/43MB, paused 755us total 26.566ms
08-05 03:17:16.002 15957 15969 I art     : Starting a blocking GC Explicit
08-05 03:17:16.029 15957 15969 I art     : Explicit concurrent mark sweep GC freed 3(96B) AllocSpace objects, 0(0B) LOS objects, 36% free, 27MB/43MB, paused 752us total 26.903ms
08-05 03:17:16.039 15957 15969 I art     : Starting a blocking GC Explicit
08-05 03:17:16.066 15957 15969 I art     : Explicit concurrent mark sweep GC freed 3(96B) AllocSpace objects, 0(0B) LOS objects, 36% free, 27MB/43MB, paused 822us total 27.094ms
08-05 03:17:16.340   518   646 I ThermalEngine: ACTION: GPU - Setting GPU[0] to 600000000
08-05 03:17:16.398 15957 15970 I art     : Starting a blocking GC Explicit
08-05 03:17:16.436 15957 15970 I art     : Explicit concurrent mark sweep GC freed 1396(82KB) AllocSpace objects, 1(20KB) LOS objects, 36% free, 27MB/43MB, paused 708us total 37.696ms
08-05 03:17:16.451 15957 15970 I art     : Starting a blocking GC Explicit
08-05 03:17:16.477 15957 15970 I art     : Explicit concurrent mark sweep GC freed 23(752B) AllocSpace objects, 0(0B) LOS objects, 36% free, 27MB/43MB, paused 662us total 25.856ms
08-05 03:17:16.485 15957 15970 I art     : Starting a blocking GC Explicit
08-05 03:17:16.507 15957 15970 I art     : Explicit concurrent mark sweep GC freed 3(96B) AllocSpace objects, 0(0B) LOS objects, 36% free, 27MB/43MB, paused 662us total 22.014ms
08-05 03:17:16.514 15957 15970 I art     : Starting a blocking GC Explicit
08-05 03:17:16.536 15957 15970 I art     : Explicit concurrent mark sweep GC freed 3(96B) AllocSpace objects, 0(0B) LOS objects, 36% free, 27MB/43MB, paused 561us total 21.359ms
08-05 03:17:16.543 15957 15970 I art     : Starting a blocking GC Explicit
08-05 03:17:16.565 15957 15970 I art     : Explicit concurrent mark sweep GC freed 3(96B) AllocSpace objects, 0(0B) LOS objects, 36% free, 27MB/43MB, paused 598us total 21.337ms
08-05 03:17:16.874 15957 16294 I art     : Starting a blocking GC Explicit
08-05 03:17:16.897 15957 16294 I art     : Explicit concurrent mark sweep GC freed 1366(80KB) AllocSpace objects, 1(20KB) LOS objects, 36% free, 27MB/43MB, paused 685us total 22.872ms
08-05 03:17:16.905 15957 16294 I art     : Starting a blocking GC Explicit
08-05 03:17:16.926 15957 16294 I art     : Explicit concurrent mark sweep GC freed 23(752B) AllocSpace objects, 0(0B) LOS objects, 36% free, 27MB/43MB, paused 533us total 21.276ms
08-05 03:17:16.933 15957 16294 I art     : Starting a blocking GC Explicit
08-05 03:17:16.952 15957 16294 I art     : Explicit concurrent mark sweep GC freed 3(96B) AllocSpace objects, 0(0B) LOS objects, 36% free, 27MB/43MB, paused 550us total 18.930ms
08-05 03:17:16.958 15957 16294 I art     : Starting a blocking GC Explicit
08-05 03:17:16.971  9999  9999 I ServiceManager: Waiting for service AtCmdFwd...
08-05 03:17:16.978 15957 16294 I art     : Explicit concurrent mark sweep GC freed 3(96B) AllocSpace objects, 0(0B) LOS objects, 36% free, 27MB/43MB, paused 596us total 19.842ms
08-05 03:17:16.985 15957 16294 I art     : Starting a blocking GC Explicit
08-05 03:17:17.005 15957 16294 I art     : Explicit concurrent mark sweep GC freed 3(96B) AllocSpace objects, 0(0B) LOS objects, 36% free, 27MB/43MB, paused 542us total 19.639ms
08-05 03:17:17.149 17123 17123 D AndroidRuntime: >>>>>> START com.android.internal.os.RuntimeInit uid 2000 <<<<<<
08-05 03:17:17.156 17123 17123 D AndroidRuntime: CheckJNI is OFF
08-05 03:17:17.185 17123 17123 D ICU     : No timezone override file found: /data/misc/zoneinfo/current/icu/icu_tzdata.dat
08-05 03:17:17.210 17123 17123 I Radio-JNI: register_android_hardware_Radio DONE
08-05 03:17:17.227 17123 17123 D AndroidRuntime: Calling main entry com.android.commands.input.Input
08-05 03:17:17.229 17123 17123 I Input   : injectKeyEvent: KeyEvent { action=ACTION_DOWN, keyCode=KEYCODE_BACK, scanCode=0, metaState=0, flags=0x0, repeatCount=0, eventTime=760653642, downTime=760653642, deviceId=-1, source=0x101 }
08-05 03:17:17.237 17123 17123 I Input   : injectKeyEvent: KeyEvent { action=ACTION_UP, keyCode=KEYCODE_BACK, scanCode=0, metaState=0, flags=0x0, repeatCount=0, eventTime=760653642, downTime=760653642, deviceId=-1, source=0x101 }
08-05 03:17:17.247 17123 17123 D AndroidRuntime: Shutting down VM
08-05 03:17:17.251 15957 15957 V PlaybackController: initServiceNotRunning()
08-05 03:17:17.251 15957 15957 D ExternalPlayerFragment: Loading media info
08-05 03:17:17.253 15957 15957 D UserPreferences: Using default data folder
08-05 03:17:17.254 15957 16500 D DBReader: getNavDrawerData() called with: 
08-05 03:17:17.257 15957 16500 D DBReader: getDownloadedItems() called
08-05 03:17:17.257 15957 16500 D DBReader: getFavoriteIDList() called
08-05 03:17:17.258 15957 16500 D DBReader: getQueueIDList() called
08-05 03:17:17.258 15957 16500 D DBReader: Extracting Feedlist
08-05 03:17:17.287 15957 15957 D MainActivity: getLastNavFragment() -> AddFeedFragment
08-05 03:17:17.288 13866 13866 I GoogleInputMethodServic: GoogleInputMethodService.onFinishInput():3138 
08-05 03:17:17.289 13866 13866 I GoogleInputMethodServic: GoogleInputMethodService.onStartInput():1808 
08-05 03:17:17.294 15957 15969 I art     : Starting a blocking GC Explicit
08-05 03:17:17.300 15957 16902 D ApOkHttpUrlLoader: buildLoadData() called with: model = [https://content.production.cdn.art19.com/images/89/e0/88/44/89e08844-ac28-4fc0-96fa-15a41fec2014/262c12ed699a8d9720dea0bd66449d998e4a08cf18095bed170ccaa76722045fa5dbf7a366918b2db7e3acf29ad22f6b99fd659a9409cb807bf2781d968932f8.jpeg], width = [140], height = [140]
08-05 03:17:17.317 15957 15969 I art     : Explicit concurrent mark sweep GC freed 2390(168KB) AllocSpace objects, 1(20KB) LOS objects, 36% free, 27MB/43MB, paused 746us total 23.099ms
08-05 03:17:17.325 15957 15969 I art     : Starting a blocking GC Explicit
08-05 03:17:17.346 15957 15969 I art     : Explicit concurrent mark sweep GC freed 559(28KB) AllocSpace objects, 0(0B) LOS objects, 36% free, 27MB/43MB, paused 575us total 21.362ms
08-05 03:17:17.353 15957 15969 I art     : Starting a blocking GC Explicit
08-05 03:17:17.372 15957 15969 I art     : Explicit concurrent mark sweep GC freed 14(896B) AllocSpace objects, 0(0B) LOS objects, 36% free, 27MB/43MB, paused 653us total 18.752ms
08-05 03:17:17.379 15957 15969 I art     : Starting a blocking GC Explicit
08-05 03:17:17.399 15957 15969 I art     : Explicit concurrent mark sweep GC freed 3(96B) AllocSpace objects, 0(0B) LOS objects, 36% free, 27MB/43MB, paused 570us total 20ms
08-05 03:17:17.406 15957 15969 I art     : Starting a blocking GC Explicit
08-05 03:17:17.426 15957 15969 I art     : Explicit concurrent mark sweep GC freed 62(12KB) AllocSpace objects, 0(0B) LOS objects, 36% free, 27MB/43MB, paused 526us total 19.952ms
08-05 03:17:17.593   380   380 W SurfaceFlinger: couldn't log to binary event log: overflow.
08-05 03:17:17.668 15957 15970 I art     : Starting a blocking GC Explicit
08-05 03:17:17.691 15957 15970 I art     : Explicit concurrent mark sweep GC freed 2163(113KB) AllocSpace objects, 1(20KB) LOS objects, 36% free, 27MB/43MB, paused 585us total 22.541ms
08-05 03:17:17.698 15957 15970 I art     : Starting a blocking GC Explicit
08-05 03:17:17.722 15957 15970 I art     : Explicit concurrent mark sweep GC freed 2495(153KB) AllocSpace objects, 2(248KB) LOS objects, 36% free, 27MB/43MB, paused 606us total 22.931ms
08-05 03:17:17.730 15957 15970 I art     : Starting a blocking GC Explicit
08-05 03:17:17.752 15957 15970 I art     : Explicit concurrent mark sweep GC freed 3(96B) AllocSpace objects, 0(0B) LOS objects, 36% free, 27MB/43MB, paused 566us total 21.965ms
08-05 03:17:17.759 15957 15970 I art     : Starting a blocking GC Explicit
08-05 03:17:17.781 15957 15970 I art     : Explicit concurrent mark sweep GC freed 3(96B) AllocSpace objects, 0(0B) LOS objects, 36% free, 27MB/43MB, paused 564us total 21.016ms
08-05 03:17:17.788 15957 15970 I art     : Starting a blocking GC Explicit
08-05 03:17:17.809 15957 15970 I art     : Explicit concurrent mark sweep GC freed 3(96B) AllocSpace objects, 0(0B) LOS objects, 36% free, 27MB/43MB, paused 554us total 21.260ms
08-05 03:17:17.972  9999  9999 I ServiceManager: Waiting for service AtCmdFwd...
08-05 03:17:18.100 15957 15980 I art     : Starting a blocking GC Explicit
08-05 03:17:18.136 15957 15980 I art     : Explicit concurrent mark sweep GC freed 1372(82KB) AllocSpace objects, 1(20KB) LOS objects, 36% free, 27MB/43MB, paused 681us total 35.357ms
08-05 03:17:18.150 15957 15980 I art     : Starting a blocking GC Explicit
08-05 03:17:18.172 15957 15980 I art     : Explicit concurrent mark sweep GC freed 23(752B) AllocSpace objects, 0(0B) LOS objects, 36% free, 27MB/43MB, paused 555us total 21.961ms
08-05 03:17:18.180 15957 15980 I art     : Starting a blocking GC Explicit
08-05 03:17:18.201 15957 15980 I art     : Explicit concurrent mark sweep GC freed 3(96B) AllocSpace objects, 0(0B) LOS objects, 36% free, 27MB/43MB, paused 575us total 20.630ms
08-05 03:17:18.208 15957 15980 I art     : Starting a blocking GC Explicit
08-05 03:17:18.229 15957 15980 I art     : Explicit concurrent mark sweep GC freed 32(880B) AllocSpace objects, 0(0B) LOS objects, 36% free, 27MB/43MB, paused 538us total 20.387ms
08-05 03:17:18.236 15957 15980 I art     : Starting a blocking GC Explicit
08-05 03:17:18.257 15957 15980 I art     : Explicit concurrent mark sweep GC freed 3(96B) AllocSpace objects, 0(0B) LOS objects, 36% free, 27MB/43MB, paused 638us total 20.770ms
08-05 03:17:18.537 15957 16294 I art     : Starting a blocking GC Explicit
08-05 03:17:18.560 15957 16294 I art     : Explicit concurrent mark sweep GC freed 1368(80KB) AllocSpace objects, 1(20KB) LOS objects, 36% free, 27MB/43MB, paused 586us total 21.902ms
08-05 03:17:18.567 15957 16294 I art     : Starting a blocking GC Explicit
08-05 03:17:18.588 15957 16294 I art     : Explicit concurrent mark sweep GC freed 23(752B) AllocSpace objects, 0(0B) LOS objects, 36% free, 27MB/43MB, paused 585us total 20.545ms
08-05 03:17:18.595 15957 16294 I art     : Starting a blocking GC Explicit
08-05 03:17:18.616 15957 16294 I art     : Explicit concurrent mark sweep GC freed 3(96B) AllocSpace objects, 0(0B) LOS objects, 36% free, 27MB/43MB, paused 547us total 20.635ms
08-05 03:17:18.622 15957 16294 I art     : Starting a blocking GC Explicit
08-05 03:17:18.642 15957 16294 I art     : Explicit concurrent mark sweep GC freed 3(96B) AllocSpace objects, 0(0B) LOS objects, 36% free, 27MB/43MB, paused 557us total 19.262ms
08-05 03:17:18.649 15957 16294 I art     : Starting a blocking GC Explicit
08-05 03:17:18.668 15957 16294 I art     : Explicit concurrent mark sweep GC freed 3(96B) AllocSpace objects, 0(0B) LOS objects, 36% free, 27MB/43MB, paused 549us total 19.399ms
08-05 03:17:18.805 17221 17221 D AndroidRuntime: >>>>>> START com.android.internal.os.RuntimeInit uid 2000 <<<<<<
08-05 03:17:18.811 17221 17221 D AndroidRuntime: CheckJNI is OFF
08-05 03:17:18.838 17221 17221 D ICU     : No timezone override file found: /data/misc/zoneinfo/current/icu/icu_tzdata.dat
08-05 03:17:18.862 17221 17221 I Radio-JNI: register_android_hardware_Radio DONE
08-05 03:17:18.878 17221 17221 D AndroidRuntime: Calling main entry com.android.commands.input.Input
08-05 03:17:18.880 17221 17221 I Input   : injectMotionEvent: MotionEvent { action=ACTION_DOWN, actionButton=0, id[0]=0, x[0]=639.0, y[0]=762.0, toolType[0]=TOOL_TYPE_UNKNOWN, buttonState=0, metaState=0, flags=0x0, edgeFlags=0x0, pointerCount=1, historySize=0, eventTime=760655293, downTime=760655293, deviceId=0, source=0x1002 }
08-05 03:17:18.885 17221 17221 I Input   : injectMotionEvent: MotionEvent { action=ACTION_UP, actionButton=0, id[0]=0, x[0]=639.0, y[0]=762.0, toolType[0]=TOOL_TYPE_UNKNOWN, buttonState=0, metaState=0, flags=0x0, edgeFlags=0x0, pointerCount=1, historySize=0, eventTime=760655293, downTime=760655293, deviceId=0, source=0x1002 }
08-05 03:17:18.886 17221 17221 D AndroidRuntime: Shutting down VM
08-05 03:17:18.927 15957 15980 I art     : Starting a blocking GC Explicit
08-05 03:17:18.949 15957 15980 I art     : Explicit concurrent mark sweep GC freed 1403(81KB) AllocSpace objects, 1(20KB) LOS objects, 36% free, 27MB/43MB, paused 1.301ms total 21.974ms
08-05 03:17:18.958 15957 15980 I art     : Starting a blocking GC Explicit
08-05 03:17:18.964   512  2967 D audio_hw_primary: out_set_parameters: enter: usecase(1: low-latency-playback) kvpairs: routing=2
08-05 03:17:18.972  9999  9999 I ServiceManager: Waiting for service AtCmdFwd...
08-05 03:17:18.977   512  2967 D audio_hw_primary: select_devices: out_snd_device(2: speaker) in_snd_device(0: none)
08-05 03:17:18.977   512  2967 D msm8974_platform: platform_send_audio_calibration: sending audio calibration for snd_device(2) acdb_id(15)
08-05 03:17:18.977   512  2967 I soundtrigger: audio_extn_sound_trigger_update_device_status: device 0x2 of type 0 for Event 1
08-05 03:17:18.982 15957 15980 I art     : Explicit concurrent mark sweep GC freed 192(7KB) AllocSpace objects, 0(0B) LOS objects, 36% free, 27MB/43MB, paused 1.194ms total 24.478ms
08-05 03:17:18.984 13866 13866 I GoogleInputMethodServic: GoogleInputMethodService.onFinishInput():3138 
08-05 03:17:18.985 13866 13866 I GoogleInputMethodServic: GoogleInputMethodService.onStartInput():1808 
08-05 03:17:18.988   512  2967 D audio_hw_primary: enable_snd_device: snd_device(2: speaker)
08-05 03:17:18.990   512  2967 D audio_hw_primary: enable_audio_route: apply and update mixer path: low-latency-playback speaker
08-05 03:17:18.990 15957 15980 I art     : Starting a blocking GC Explicit
08-05 03:17:19.012 15957 15980 I art     : Explicit concurrent mark sweep GC freed 49(2112B) AllocSpace objects, 0(0B) LOS objects, 36% free, 27MB/43MB, paused 831us total 21.768ms
08-05 03:17:19.021 15957 15980 I art     : Starting a blocking GC Explicit
08-05 03:17:19.042 15957 15980 I art     : Explicit concurrent mark sweep GC freed 14(512B) AllocSpace objects, 0(0B) LOS objects, 36% free, 27MB/43MB, paused 604us total 20.183ms
08-05 03:17:19.048 15957 15980 I art     : Starting a blocking GC Explicit
08-05 03:17:19.068 15957 15980 I art     : Explicit concurrent mark sweep GC freed 13(480B) AllocSpace objects, 0(0B) LOS objects, 36% free, 27MB/43MB, paused 620us total 19.528ms
08-05 03:17:19.155 15957 15986 I NAPPA_EXPERIMENTATION: MetricNetworkRequestExecutionTime: REQUEST_DURATION_SYSTEM='193',REQUEST_DURATION_OKHTTP='192',REQUEST_SYNCHRONOUS='TRUE',RESPONSE_CODE='200',RESPONSE_METHOD='GET',RESPONSE_LENGTH_OKHTTP='-1',RESPONSE_LENGTH_HEADER='622',REQUEST_PROTOCOL='h2',REQUEST_URL='https://itunes.apple.com/lookup?id=360084272',
08-05 03:17:19.180   918  5132 I ActivityManager: START u0 {cmp=baseline.de.danoeh.antennapod.debug/baseline.de.danoeh.antennapod.activity.OnlineFeedViewActivity (has extras)} from uid 10691 on display 0
08-05 03:17:19.204 13866 13866 I GoogleInputMethodServic: GoogleInputMethodService.onFinishInput():3138 
08-05 03:17:19.204 13866 13866 I GoogleInputMethodServic: GoogleInputMethodService.onStartInput():1808 
08-05 03:17:19.227 15957 15957 D UserPreferences: Using default data folder
08-05 03:17:19.228 15957 15957 D OnlineFeedViewActivity: Activity was started with url http://joeroganexp.joerogan.libsynpro.com/rss
08-05 03:17:19.231 15957 15957 D OnlineFeedViewActivity: Starting feed download
08-05 03:17:19.233 15957 15978 D DBReader: Extracting Feedlist
08-05 03:17:19.235   918  6029 D WifiService: acquireWifiLockLocked: WifiLock{Downloader type=1 binder=android.os.BinderProxy@644ef3}
08-05 03:17:19.236 15957 15978 D AntennapodHttpClient: Creating new instance of HTTP client
08-05 03:17:19.281 15957 15978 D MYTAG   : interceptor 3a http://joeroganexp.joerogan.libsynpro.com/rss
08-05 03:17:19.281 15957 15978 I NAPPA_EXPERIMENTATION: MetricNetworkRequestExecutionTime: REQUEST_DURATION_SYSTEM='44',REQUEST_DURATION_OKHTTP='36',REQUEST_SYNCHRONOUS='TRUE',RESPONSE_CODE='200',RESPONSE_METHOD='GET',RESPONSE_LENGTH_OKHTTP='-1',RESPONSE_LENGTH_HEADER='307892',REQUEST_PROTOCOL='http/1.1',REQUEST_URL='http://joeroganexp.joerogan.libsynpro.com/rss',
08-05 03:17:19.281 15957 15978 D HttpDownloader: Response code is 200
08-05 03:17:19.281 15957 15978 D UserPreferences: Using default data folder
08-05 03:17:19.282 15957 15978 D HttpDownloader: Getting size of download
08-05 03:17:19.282 15957 15978 D HttpDownloader: Size is -1
08-05 03:17:19.282 15957 15978 D UserPreferences: Using default data folder
08-05 03:17:19.283 15957 15978 D HttpDownloader: Free space is 20234244096
08-05 03:17:19.283 15957 15978 D HttpDownloader: Starting download
08-05 03:17:19.285 13866 13866 I GoogleInputMethodServic: GoogleInputMethodService.onFinishInput():3138 
08-05 03:17:19.285 13866 13866 I GoogleInputMethodServic: GoogleInputMethodService.onStartInput():1808 
08-05 03:17:19.313 15957 15970 I art     : Starting a blocking GC Explicit
08-05 03:17:19.320   918   936 I ActivityManager: Displayed baseline.de.danoeh.antennapod.debug/baseline.de.danoeh.antennapod.activity.OnlineFeedViewActivity: +116ms
08-05 03:17:19.339 15957 15970 I art     : Explicit concurrent mark sweep GC freed 3487(234KB) AllocSpace objects, 1(20KB) LOS objects, 36% free, 27MB/43MB, paused 782us total 25.644ms
08-05 03:17:19.348   518   646 I ThermalEngine: ACTION: GPU - Setting GPU[0] to 510000000
08-05 03:17:19.350 15957 15970 I art     : Starting a blocking GC Explicit
08-05 03:17:19.379 15957 15970 I art     : Explicit concurrent mark sweep GC freed 383(17KB) AllocSpace objects, 0(0B) LOS objects, 36% free, 27MB/43MB, paused 1.393ms total 26.895ms
08-05 03:17:19.388 15957 15970 I art     : Starting a blocking GC Explicit
08-05 03:17:19.412 15957 15970 I art     : Explicit concurrent mark sweep GC freed 3(96B) AllocSpace objects, 0(0B) LOS objects, 36% free, 27MB/43MB, paused 790us total 23.299ms
08-05 03:17:19.420 15957 15970 I art     : Starting a blocking GC Explicit
08-05 03:17:19.445 15957 15978 D HttpDownloader: Download was successful
08-05 03:17:19.446 15957 15970 I art     : Explicit concurrent mark sweep GC freed 4(128B) AllocSpace objects, 0(0B) LOS objects, 36% free, 27MB/43MB, paused 772us total 24.863ms
08-05 03:17:19.446   918   929 D WifiService: releaseWifiLockLocked: WifiLock{Downloader type=1 binder=android.os.BinderProxy@644ef3}
08-05 03:17:19.446 15957 15957 D OnlineFeedViewActivity: Parsing feed
08-05 03:17:19.451 15957 17255 D TypeGetter: Recognized type RSS 2.0
08-05 03:17:19.453 15957 17255 D SyndHandler: Recognized Atom namespace
08-05 03:17:19.453 15957 17255 D SyndHandler: Recognized ITunes namespace
08-05 03:17:19.454 15957 17255 D SyndHandler: Recognized media namespace
08-05 03:17:19.454 15957 17255 D SyndHandler: Recognized Content namespace
08-05 03:17:19.455 15957 15970 I art     : Starting a blocking GC Explicit
08-05 03:17:19.481 15957 15970 I art     : Explicit concurrent mark sweep GC freed 1076(193KB) AllocSpace objects, 3(60KB) LOS objects, 36% free, 27MB/43MB, paused 1.120ms total 25.580ms
08-05 03:17:19.532   512  2967 D audio_hw_primary: disable_audio_route: reset and update mixer path: low-latency-playback speaker
08-05 03:17:19.533   512  2967 D audio_hw_primary: disable_snd_device: snd_device(2: speaker)
08-05 03:17:19.541   512  2967 I soundtrigger: audio_extn_sound_trigger_update_device_status: device 0x2 of type 0 for Event 0
08-05 03:17:19.562   380   380 W SurfaceFlinger: couldn't log to binary event log: overflow.
08-05 03:17:19.683 15957 15957 D PlaybackController: Releasing PlaybackController
08-05 03:17:19.761 15957 15980 I art     : Starting a blocking GC Explicit
08-05 03:17:19.794 15957 15980 I art     : Explicit concurrent mark sweep GC freed 22828(1237KB) AllocSpace objects, 1(20KB) LOS objects, 35% free, 28MB/44MB, paused 1.117ms total 33.248ms
08-05 03:17:19.804 15957 15980 I art     : Starting a blocking GC Explicit
08-05 03:17:19.834 15957 15980 I art     : Explicit concurrent mark sweep GC freed 4659(229KB) AllocSpace objects, 0(0B) LOS objects, 35% free, 28MB/44MB, paused 1.267ms total 29.947ms
08-05 03:17:19.843 15957 15980 I art     : Starting a blocking GC Explicit
08-05 03:17:19.870 15957 15980 I art     : Explicit concurrent mark sweep GC freed 7445(352KB) AllocSpace objects, 0(0B) LOS objects, 36% free, 28MB/44MB, paused 1.003ms total 26.308ms
08-05 03:17:19.878 15957 15980 I art     : Starting a blocking GC Explicit
08-05 03:17:19.905 15957 15980 I art     : Explicit concurrent mark sweep GC freed 2842(145KB) AllocSpace objects, 0(0B) LOS objects, 35% free, 28MB/44MB, paused 1.077ms total 26.571ms
08-05 03:17:19.914 15957 15980 I art     : Starting a blocking GC Explicit
08-05 03:17:19.941 15957 15980 I art     : Explicit concurrent mark sweep GC freed 2794(143KB) AllocSpace objects, 0(0B) LOS objects, 35% free, 28MB/44MB, paused 1.060ms total 27.038ms
08-05 03:17:19.973  9999  9999 I ServiceManager: Waiting for service AtCmdFwd...
08-05 03:17:20.229 15957 15969 I art     : Starting a blocking GC Explicit
08-05 03:17:20.266 15957 15969 I art     : Explicit concurrent mark sweep GC freed 24694(1312KB) AllocSpace objects, 1(20KB) LOS objects, 35% free, 29MB/45MB, paused 1.192ms total 36.802ms
08-05 03:17:20.277 15957 15969 I art     : Starting a blocking GC Explicit
08-05 03:17:20.307 15957 15969 I art     : Explicit concurrent mark sweep GC freed 4832(234KB) AllocSpace objects, 0(0B) LOS objects, 35% free, 29MB/45MB, paused 1.186ms total 29.744ms
08-05 03:17:20.317 15957 15969 I art     : Starting a blocking GC Explicit
08-05 03:17:20.345 15957 15969 I art     : Explicit concurrent mark sweep GC freed 8020(376KB) AllocSpace objects, 0(0B) LOS objects, 35% free, 29MB/45MB, paused 1.060ms total 28.210ms
08-05 03:17:20.354 15957 15969 I art     : Starting a blocking GC Explicit
08-05 03:17:20.383 15957 15969 I art     : Explicit concurrent mark sweep GC freed 2891(150KB) AllocSpace objects, 0(0B) LOS objects, 35% free, 29MB/45MB, paused 989us total 28.283ms
08-05 03:17:20.393 15957 15969 I art     : Starting a blocking GC Explicit
08-05 03:17:20.421 15957 15969 I art     : Explicit concurrent mark sweep GC freed 3051(166KB) AllocSpace objects, 0(0B) LOS objects, 35% free, 29MB/45MB, paused 1.058ms total 28.215ms
08-05 03:17:20.721 15957 15969 I art     : Starting a blocking GC Explicit
08-05 03:17:20.760 15957 15969 I art     : Explicit concurrent mark sweep GC freed 25365(1377KB) AllocSpace objects, 1(20KB) LOS objects, 34% free, 29MB/45MB, paused 1.108ms total 38.330ms
08-05 03:17:20.771 15957 15969 I art     : Starting a blocking GC Explicit
08-05 03:17:20.802 15957 15969 I art     : Explicit concurrent mark sweep GC freed 8870(433KB) AllocSpace objects, 0(0B) LOS objects, 34% free, 29MB/45MB, paused 1.878ms total 30.978ms
08-05 03:17:20.812 15957 15969 I art     : Starting a blocking GC Explicit
08-05 03:17:20.842 15957 15969 I art     : Explicit concurrent mark sweep GC freed 4639(233KB) AllocSpace objects, 0(0B) LOS objects, 35% free, 29MB/45MB, paused 1.079ms total 30.348ms
08-05 03:17:20.852 15957 15969 I art     : Starting a blocking GC Explicit
08-05 03:17:20.882 15957 15969 I art     : Explicit concurrent mark sweep GC freed 3184(170KB) AllocSpace objects, 0(0B) LOS objects, 34% free, 29MB/45MB, paused 975us total 29.472ms
08-05 03:17:20.892 15957 15969 I art     : Starting a blocking GC Explicit
08-05 03:17:20.922 15957 15969 I art     : Explicit concurrent mark sweep GC freed 3099(162KB) AllocSpace objects, 0(0B) LOS objects, 34% free, 29MB/45MB, paused 982us total 29.729ms
08-05 03:17:20.973  9999  9999 W Atfwd_Sendcmd: AtCmdFwd service not published, waiting... retryCnt : 1
08-05 03:17:21.221 15957 15980 I art     : Starting a blocking GC Explicit
08-05 03:17:21.263 15957 15980 I art     : Explicit concurrent mark sweep GC freed 25938(1415KB) AllocSpace objects, 1(20KB) LOS objects, 34% free, 30MB/46MB, paused 1.204ms total 41.355ms
08-05 03:17:21.275 15957 15980 I art     : Starting a blocking GC Explicit
08-05 03:17:21.310 15957 15980 I art     : Explicit concurrent mark sweep GC freed 3471(185KB) AllocSpace objects, 0(0B) LOS objects, 34% free, 30MB/46MB, paused 1.371ms total 34.827ms
08-05 03:17:21.320 15957 15980 I art     : Starting a blocking GC Explicit
08-05 03:17:21.353 15957 15980 I art     : Explicit concurrent mark sweep GC freed 10080(476KB) AllocSpace objects, 0(0B) LOS objects, 34% free, 30MB/46MB, paused 1.128ms total 32.025ms
08-05 03:17:21.363 15957 15980 I art     : Starting a blocking GC Explicit
08-05 03:17:21.394 15957 15980 I art     : Explicit concurrent mark sweep GC freed 4417(255KB) AllocSpace objects, 0(0B) LOS objects, 34% free, 30MB/46MB, paused 1.133ms total 31.474ms
08-05 03:17:21.405 15957 15980 I art     : Starting a blocking GC Explicit
08-05 03:17:21.437 15957 15980 I art     : Explicit concurrent mark sweep GC freed 3431(202KB) AllocSpace objects, 0(0B) LOS objects, 34% free, 30MB/46MB, paused 1.207ms total 32.146ms
08-05 03:17:21.760 15957 15969 I art     : Starting a blocking GC Explicit
08-05 03:17:21.803 15957 15969 I art     : Explicit concurrent mark sweep GC freed 28380(1259KB) AllocSpace objects, 1(20KB) LOS objects, 33% free, 31MB/47MB, paused 1.247ms total 43.278ms
08-05 03:17:21.815 15957 15969 I art     : Starting a blocking GC Explicit
08-05 03:17:21.821 15957 17255 D OnlineFeedViewActivity: Deleted feed source file. Result: true
08-05 03:17:21.834 15957 15957 D OnlineFeedViewActivity: Removing HTML from shownotes
08-05 03:17:21.853 15957 15969 I art     : Explicit concurrent mark sweep GC freed 12236(835KB) AllocSpace objects, 33(2MB) LOS objects, 33% free, 31MB/47MB, paused 1.266ms total 37.567ms
08-05 03:17:21.864 15957 15969 I art     : Starting a blocking GC Explicit
08-05 03:17:21.901 15957 15969 I art     : Explicit concurrent mark sweep GC freed 43168(3MB) AllocSpace objects, 161(10MB) LOS objects, 32% free, 32MB/48MB, paused 1.070ms total 37.307ms
08-05 03:17:21.912 15957 15969 I art     : Starting a blocking GC Explicit
08-05 03:17:21.951 15957 15969 I art     : Explicit concurrent mark sweep GC freed 41192(3MB) AllocSpace objects, 182(12MB) LOS objects, 32% free, 32MB/48MB, paused 1.039ms total 38.315ms
08-05 03:17:21.962 15957 15969 I art     : Starting a blocking GC Explicit
08-05 03:17:22.003 15957 15969 I art     : Explicit concurrent mark sweep GC freed 45141(3MB) AllocSpace objects, 207(13MB) LOS objects, 32% free, 32MB/48MB, paused 1.066ms total 40.710ms
08-05 03:17:22.256 15957 16902 D ApOkHttpUrlLoader: buildLoadData() called with: model = [http://static.libsyn.com/p/assets/7/1/f/3/71f3014e14ef2722/JREiTunesImage2.jpg], width = [350], height = [350]
08-05 03:17:22.258 15957 16711 D DBReader: getImageAuthentication() called with: imageUrl = [http://static.libsyn.com/p/assets/7/1/f/3/71f3014e14ef2722/JREiTunesImage2.jpg]
08-05 03:17:22.259 15957 16711 D ApOkHttpUrlLoader: no credentials for 'http://static.libsyn.com/p/assets/7/1/f/3/71f3014e14ef2722/JREiTunesImage2.jpg'
08-05 03:17:22.292 15957 15980 I art     : Starting a blocking GC Explicit
08-05 03:17:22.322 15957 16711 D MYTAG   : interceptor 2a
08-05 03:17:22.323 15957 16711 I NAPPA_EXPERIMENTATION: MetricNetworkRequestExecutionTime: REQUEST_DURATION_SYSTEM='63',REQUEST_DURATION_OKHTTP='40',REQUEST_SYNCHRONOUS='TRUE',RESPONSE_CODE='200',RESPONSE_METHOD='GET',RESPONSE_LENGTH_OKHTTP='402832',RESPONSE_LENGTH_HEADER='402832',REQUEST_PROTOCOL='http/1.1',REQUEST_URL='http://static.libsyn.com/p/assets/7/1/f/3/71f3014e14ef2722/JREiTunesImage2.jpg',
08-05 03:17:22.331 15957 15980 I art     : Explicit concurrent mark sweep GC freed 2760(259KB) AllocSpace objects, 4(272KB) LOS objects, 34% free, 31MB/47MB, paused 843us total 38.184ms
08-05 03:17:22.342 15957 15980 I art     : Starting a blocking GC Explicit
08-05 03:17:22.378 15957 15980 I art     : Explicit concurrent mark sweep GC freed 605(29KB) AllocSpace objects, 1(112KB) LOS objects, 34% free, 30MB/46MB, paused 805us total 36.082ms
08-05 03:17:22.390 15957 15980 I art     : Starting a blocking GC Explicit
08-05 03:17:22.426 15957 15980 I art     : Explicit concurrent mark sweep GC freed 53(2736B) AllocSpace objects, 0(0B) LOS objects, 33% free, 31MB/47MB, paused 814us total 36.186ms
08-05 03:17:22.438 15957 15980 I art     : Starting a blocking GC Explicit
08-05 03:17:22.475 15957 15980 I art     : Explicit concurrent mark sweep GC freed 50(4KB) AllocSpace objects, 0(0B) LOS objects, 33% free, 31MB/47MB, paused 898us total 37.192ms
08-05 03:17:22.489 15957 15980 I art     : Starting a blocking GC Explicit
08-05 03:17:22.523 15957 15980 I art     : Explicit concurrent mark sweep GC freed 94(11KB) AllocSpace objects, 0(0B) LOS objects, 33% free, 31MB/47MB, paused 790us total 34.408ms
08-05 03:17:22.850 15957 15970 I art     : Starting a blocking GC Explicit
08-05 03:17:22.900 15957 15970 I art     : Explicit concurrent mark sweep GC freed 1373(80KB) AllocSpace objects, 1(20KB) LOS objects, 33% free, 31MB/47MB, paused 857us total 49.018ms
08-05 03:17:22.914 15957 15970 I art     : Starting a blocking GC Explicit
08-05 03:17:22.953 15957 15970 I art     : Explicit concurrent mark sweep GC freed 23(752B) AllocSpace objects, 0(0B) LOS objects, 33% free, 31MB/47MB, paused 815us total 38.997ms
08-05 03:17:22.966 15957 15970 I art     : Starting a blocking GC Explicit
08-05 03:17:23.003 15957 15970 I art     : Explicit concurrent mark sweep GC freed 3(96B) AllocSpace objects, 0(0B) LOS objects, 33% free, 31MB/47MB, paused 767us total 36.983ms
08-05 03:17:23.015 15957 15970 I art     : Starting a blocking GC Explicit
08-05 03:17:23.052 15957 15970 I art     : Explicit concurrent mark sweep GC freed 3(96B) AllocSpace objects, 0(0B) LOS objects, 33% free, 31MB/47MB, paused 803us total 36.941ms
08-05 03:17:23.064 15957 15970 I art     : Starting a blocking GC Explicit
08-05 03:17:23.101 15957 15970 I art     : Explicit concurrent mark sweep GC freed 3(96B) AllocSpace objects, 0(0B) LOS objects, 33% free, 31MB/47MB, paused 744us total 36.984ms
08-05 03:17:23.372 15957 15969 I art     : Starting a blocking GC Explicit
08-05 03:17:23.410 15957 15969 I art     : Explicit concurrent mark sweep GC freed 1396(81KB) AllocSpace objects, 1(20KB) LOS objects, 33% free, 31MB/47MB, paused 920us total 37.799ms
08-05 03:17:23.422 15957 15969 I art     : Starting a blocking GC Explicit
08-05 03:17:23.458 15957 15969 I art     : Explicit concurrent mark sweep GC freed 23(752B) AllocSpace objects, 0(0B) LOS objects, 33% free, 31MB/47MB, paused 822us total 36.125ms
08-05 03:17:23.470 15957 15969 I art     : Starting a blocking GC Explicit
08-05 03:17:23.507 15957 15969 I art     : Explicit concurrent mark sweep GC freed 3(96B) AllocSpace objects, 0(0B) LOS objects, 33% free, 31MB/47MB, paused 863us total 36.686ms
08-05 03:17:23.519 15957 15969 I art     : Starting a blocking GC Explicit
08-05 03:17:23.554 17329 17329 D AndroidRuntime: >>>>>> START com.android.internal.os.RuntimeInit uid 2000 <<<<<<
08-05 03:17:23.555 15957 15969 I art     : Explicit concurrent mark sweep GC freed 3(96B) AllocSpace objects, 0(0B) LOS objects, 33% free, 31MB/47MB, paused 894us total 35.926ms
08-05 03:17:23.559 17329 17329 D AndroidRuntime: CheckJNI is OFF
08-05 03:17:23.566 15957 15969 I art     : Starting a blocking GC Explicit
08-05 03:17:23.594 17329 17329 D ICU     : No timezone override file found: /data/misc/zoneinfo/current/icu/icu_tzdata.dat
08-05 03:17:23.602 15957 15969 I art     : Explicit concurrent mark sweep GC freed 3(96B) AllocSpace objects, 0(0B) LOS objects, 33% free, 31MB/47MB, paused 810us total 35.192ms
08-05 03:17:23.628 17329 17329 I Radio-JNI: register_android_hardware_Radio DONE
08-05 03:17:23.649 17329 17329 D AndroidRuntime: Calling main entry com.android.commands.input.Input
08-05 03:17:23.651 17329 17329 I Input   : injectMotionEvent: MotionEvent { action=ACTION_DOWN, actionButton=0, id[0]=0, x[0]=693.0, y[0]=821.0, toolType[0]=TOOL_TYPE_UNKNOWN, buttonState=0, metaState=0, flags=0x0, edgeFlags=0x0, pointerCount=1, historySize=0, eventTime=760660064, downTime=760660064, deviceId=0, source=0x1002 }
08-05 03:17:23.657 17329 17329 I Input   : injectMotionEvent: MotionEvent { action=ACTION_UP, actionButton=0, id[0]=0, x[0]=693.0, y[0]=821.0, toolType[0]=TOOL_TYPE_UNKNOWN, buttonState=0, metaState=0, flags=0x0, edgeFlags=0x0, pointerCount=1, historySize=0, eventTime=760660064, downTime=760660064, deviceId=0, source=0x1002 }
08-05 03:17:23.659 17329 17329 D AndroidRuntime: Shutting down VM
08-05 03:17:23.669 15957 15957 D UserPreferences: Using default data folder
08-05 03:17:23.670 15957 15957 D DownloadRequester: partiallyDownloadedFileExists: false
08-05 03:17:23.670 15957 15957 D DownloadRequester: /storage/emulated/0/Android/data/baseline.de.danoeh.antennapod.debug/files/cache/feed-The Joe Rogan Experience is available as a download destination
08-05 03:17:23.671   512  2967 D audio_hw_primary: out_set_parameters: enter: usecase(1: low-latency-playback) kvpairs: routing=2
08-05 03:17:23.672 15957 15957 D DownloadRequester: Requesting download of url http://joeroganexp.joerogan.libsynpro.com/rss
08-05 03:17:23.677 15957 15957 D DownloadService: Service started
08-05 03:17:23.679 15957 15957 D DownloadService: parallel downloads: 4
08-05 03:17:23.680 15957 17353 D downloadCompletionThd: downloadCompletionThread was started
08-05 03:17:23.680 15957 15957 D DownloadService: Notification set up
08-05 03:17:23.683   512  2967 D audio_hw_primary: select_devices: out_snd_device(2: speaker) in_snd_device(0: none)
08-05 03:17:23.683   512  2967 D msm8974_platform: platform_send_audio_calibration: sending audio calibration for snd_device(2) acdb_id(15)
08-05 03:17:23.684 15957 15957 D DownloadService: Received enqueue request
08-05 03:17:23.684 15957 15957 D OnlineFeedViewActivity: onEventMainThread() called with: event = [DownloadEvent{update=DownloaderUpdate{downloaders=[baseline.de.danoeh.antennapod.core.service.download.HttpDownloader@4e9bf3f], feedIds=[0], mediaIds=[]}}]
08-05 03:17:23.684 15957 15957 D DownloadService: 1 downloads left
08-05 03:17:23.684 15957 15957 D DownloadService: Setting up notification updater
08-05 03:17:23.685   512  2967 I soundtrigger: audio_extn_sound_trigger_update_device_status: device 0x2 of type 0 for Event 1
08-05 03:17:23.685   918  6111 D WifiService: acquireWifiLockLocked: WifiLock{Downloader type=1 binder=android.os.BinderProxy@7bd6312}
08-05 03:17:23.688 15957 17355 D AntennapodHttpClient: Creating new instance of HTTP client
08-05 03:17:23.703   512  2967 D audio_hw_primary: enable_snd_device: snd_device(2: speaker)
08-05 03:17:23.706   512  2967 D audio_hw_primary: enable_audio_route: apply and update mixer path: low-latency-playback speaker
08-05 03:17:23.762 15957 17355 D MYTAG   : interceptor 3a http://joeroganexp.joerogan.libsynpro.com/rss
08-05 03:17:23.763 15957 17355 I NAPPA_EXPERIMENTATION: MetricNetworkRequestExecutionTime: REQUEST_DURATION_SYSTEM='71',REQUEST_DURATION_OKHTTP='44',REQUEST_SYNCHRONOUS='TRUE',RESPONSE_CODE='200',RESPONSE_METHOD='GET',RESPONSE_LENGTH_OKHTTP='-1',RESPONSE_LENGTH_HEADER='307892',REQUEST_PROTOCOL='http/1.1',REQUEST_URL='http://joeroganexp.joerogan.libsynpro.com/rss',
08-05 03:17:23.763 15957 17355 D HttpDownloader: Response code is 200
08-05 03:17:23.763 15957 17355 D UserPreferences: Using default data folder
08-05 03:17:23.764 15957 17355 D HttpDownloader: Getting size of download
08-05 03:17:23.764 15957 17355 D HttpDownloader: Size is -1
08-05 03:17:23.764 15957 17355 D UserPreferences: Using default data folder
08-05 03:17:23.765 15957 17355 D HttpDownloader: Free space is 20233785344
08-05 03:17:23.765 15957 17355 D HttpDownloader: Starting download
08-05 03:17:23.842 15957 15980 I art     : Starting a blocking GC Explicit
08-05 03:17:23.873 15957 17355 D HttpDownloader: Download was successful
08-05 03:17:23.874   918   928 D WifiService: releaseWifiLockLocked: WifiLock{Downloader type=1 binder=android.os.BinderProxy@7bd6312}
08-05 03:17:23.875 15957 17353 D downloadCompletionThd: Received 'Download Complete' - message.
08-05 03:17:23.875 15957 17353 D DownloadService: Handling completed Feed Download
08-05 03:17:23.876 15957 17354 D FeedSyncThread: Waiting for 3000 ms
08-05 03:17:23.877 15957 15980 I art     : Explicit concurrent mark sweep GC freed 2693(157KB) AllocSpace objects, 1(20KB) LOS objects, 33% free, 31MB/47MB, paused 1.040ms total 34.594ms
08-05 03:17:23.879 15957 17368 D TypeGetter: Recognized type RSS 2.0
08-05 03:17:23.880 15957 17368 D SyndHandler: Recognized Atom namespace
08-05 03:17:23.880 15957 17368 D SyndHandler: Recognized ITunes namespace
08-05 03:17:23.880 15957 17368 D SyndHandler: Recognized media namespace
08-05 03:17:23.880 15957 17368 D SyndHandler: Recognized Content namespace
08-05 03:17:23.884 15957 15957 D DownloadService: Removing downloader: http://joeroganexp.joerogan.libsynpro.com/rss
08-05 03:17:23.884 15957 15957 D DownloadService: Result of downloads.remove: true
08-05 03:17:23.889 15957 15980 I art     : Starting a blocking GC Explicit
08-05 03:17:23.924 15957 15980 I art     : Explicit concurrent mark sweep GC freed 2709(285KB) AllocSpace objects, 3(60KB) LOS objects, 33% free, 31MB/47MB, paused 1.009ms total 35.451ms
08-05 03:17:23.935 15957 15980 I art     : Starting a blocking GC Explicit
08-05 03:17:23.973 15957 15980 I art     : Explicit concurrent mark sweep GC freed 3378(172KB) AllocSpace objects, 0(0B) LOS objects, 33% free, 31MB/47MB, paused 1.200ms total 38.468ms
08-05 03:17:23.984 15957 15980 I art     : Starting a blocking GC Explicit
08-05 03:17:24.020 15957 15980 I art     : Explicit concurrent mark sweep GC freed 3467(179KB) AllocSpace objects, 0(0B) LOS objects, 33% free, 31MB/47MB, paused 1.224ms total 35.487ms
08-05 03:17:24.031 15957 15980 I art     : Starting a blocking GC Explicit
08-05 03:17:24.067 15957 15980 I art     : Explicit concurrent mark sweep GC freed 3580(186KB) AllocSpace objects, 0(0B) LOS objects, 33% free, 31MB/47MB, paused 1.121ms total 35.630ms
08-05 03:17:24.240   512  2967 D audio_hw_primary: disable_audio_route: reset and update mixer path: low-latency-playback speaker
08-05 03:17:24.241   512  2967 D audio_hw_primary: disable_snd_device: snd_device(2: speaker)
08-05 03:17:24.249   512  2967 I soundtrigger: audio_extn_sound_trigger_update_device_status: device 0x2 of type 0 for Event 0
08-05 03:17:24.360 15957 16294 I art     : Starting a blocking GC Explicit
08-05 03:17:24.412 15957 16294 I art     : Explicit concurrent mark sweep GC freed 25539(1364KB) AllocSpace objects, 1(20KB) LOS objects, 32% free, 32MB/48MB, paused 1.243ms total 51.372ms
08-05 03:17:24.423 15957 16294 I art     : Starting a blocking GC Explicit
08-05 03:17:24.462 15957 16294 I art     : Explicit concurrent mark sweep GC freed 10480(501KB) AllocSpace objects, 0(0B) LOS objects, 33% free, 32MB/48MB, paused 1.236ms total 38.381ms
08-05 03:17:24.473 15957 16294 I art     : Starting a blocking GC Explicit
08-05 03:17:24.510 15957 16294 I art     : Explicit concurrent mark sweep GC freed 3831(194KB) AllocSpace objects, 0(0B) LOS objects, 33% free, 32MB/48MB, paused 1.128ms total 36.175ms
08-05 03:17:24.521 15957 16294 I art     : Starting a blocking GC Explicit
08-05 03:17:24.559 15957 16294 I art     : Explicit concurrent mark sweep GC freed 3860(192KB) AllocSpace objects, 0(0B) LOS objects, 32% free, 32MB/48MB, paused 1.262ms total 37.841ms
08-05 03:17:24.570 15957 16294 I art     : Starting a blocking GC Explicit
08-05 03:17:24.608 15957 16294 I art     : Explicit concurrent mark sweep GC freed 3851(197KB) AllocSpace objects, 0(0B) LOS objects, 32% free, 32MB/48MB, paused 1.172ms total 37.636ms
08-05 03:17:24.891 15957 15980 I art     : Starting a blocking GC Explicit
08-05 03:17:24.942 15957 15980 I art     : Explicit concurrent mark sweep GC freed 24953(1352KB) AllocSpace objects, 1(20KB) LOS objects, 32% free, 33MB/49MB, paused 1.446ms total 50.682ms
08-05 03:17:24.956 15957 15980 I art     : Starting a blocking GC Explicit
08-05 03:17:24.998 15957 15980 I art     : Explicit concurrent mark sweep GC freed 8580(408KB) AllocSpace objects, 0(0B) LOS objects, 32% free, 33MB/49MB, paused 1.240ms total 41.776ms
08-05 03:17:25.009 15957 15980 I art     : Starting a blocking GC Explicit
08-05 03:17:25.050 15957 15980 I art     : Explicit concurrent mark sweep GC freed 6150(308KB) AllocSpace objects, 0(0B) LOS objects, 32% free, 33MB/49MB, paused 1.225ms total 40.406ms
08-05 03:17:25.062 15957 15980 I art     : Starting a blocking GC Explicit
08-05 03:17:25.101 15957 15980 I art     : Explicit concurrent mark sweep GC freed 4179(216KB) AllocSpace objects, 0(0B) LOS objects, 32% free, 33MB/49MB, paused 1.135ms total 39.386ms
08-05 03:17:25.113 15957 15980 I art     : Starting a blocking GC Explicit
08-05 03:17:25.153 15957 15980 I art     : Explicit concurrent mark sweep GC freed 4223(210KB) AllocSpace objects, 0(0B) LOS objects, 32% free, 33MB/49MB, paused 1.234ms total 39.616ms
08-05 03:17:25.185 15957 15957 D OnlineFeedViewActivity: onEventMainThread() called with: event = [DownloadEvent{update=DownloaderUpdate{downloaders=[], feedIds=[], mediaIds=[]}}]
08-05 03:17:25.463 15957 15970 I art     : Starting a blocking GC Explicit
08-05 03:17:25.518 15957 15970 I art     : Explicit concurrent mark sweep GC freed 27264(1530KB) AllocSpace objects, 1(20KB) LOS objects, 31% free, 34MB/50MB, paused 1.316ms total 54.679ms
08-05 03:17:25.532 15957 15970 I art     : Starting a blocking GC Explicit
08-05 03:17:25.577 15957 15970 I art     : Explicit concurrent mark sweep GC freed 5066(248KB) AllocSpace objects, 0(0B) LOS objects, 31% free, 34MB/50MB, paused 1.528ms total 44.556ms
08-05 03:17:25.589 15957 15970 I art     : Starting a blocking GC Explicit
08-05 03:17:25.631 15957 15970 I art     : Explicit concurrent mark sweep GC freed 11340(539KB) AllocSpace objects, 0(0B) LOS objects, 32% free, 33MB/49MB, paused 1.315ms total 41.784ms
08-05 03:17:25.644 15957 15970 I art     : Starting a blocking GC Explicit
08-05 03:17:25.686 15957 15970 I art     : Explicit concurrent mark sweep GC freed 4353(230KB) AllocSpace objects, 0(0B) LOS objects, 32% free, 33MB/49MB, paused 1.228ms total 41.677ms
08-05 03:17:25.698 15957 15970 I art     : Starting a blocking GC Explicit
08-05 03:17:25.739 15957 15970 I art     : Explicit concurrent mark sweep GC freed 4206(212KB) AllocSpace objects, 0(0B) LOS objects, 31% free, 34MB/50MB, paused 1.156ms total 41.267ms
08-05 03:17:25.785 24365 29098 I NetworkScheduler.Stats: Task com.google.android.gms/com.google.android.gms.icing.service.IcingGcmTaskService started execution. cause:4 exec_start_elapsed_seconds: 1744049 [CONTEXT service_id=218 ]
08-05 03:17:25.792 24365  7398 I NetworkScheduler.Stats: Task com.google.android.gms/com.google.android.gms.icing.service.IcingGcmTaskService finished executing. cause:4 result: 1 elapsed_millis: 37 uptime_millis: 37 exec_start_elapsed_seconds: 1744049 [CONTEXT service_id=218 ]
08-05 03:17:25.973  9999  9999 I ServiceManager: Waiting for service AtCmdFwd...
08-05 03:17:26.030 15957 16294 I art     : Starting a blocking GC Explicit
08-05 03:17:26.087 15957 16294 I art     : Explicit concurrent mark sweep GC freed 26273(1311KB) AllocSpace objects, 1(20KB) LOS objects, 31% free, 34MB/50MB, paused 1.445ms total 57.462ms
08-05 03:17:26.102 15957 16294 I art     : Starting a blocking GC Explicit
08-05 03:17:26.148 15957 16294 I art     : Explicit concurrent mark sweep GC freed 5079(226KB) AllocSpace objects, 0(0B) LOS objects, 31% free, 34MB/50MB, paused 1.614ms total 45.958ms
08-05 03:17:26.161 15957 16294 I art     : Starting a blocking GC Explicit
08-05 03:17:26.205 15957 16294 I art     : Explicit concurrent mark sweep GC freed 11427(514KB) AllocSpace objects, 0(0B) LOS objects, 31% free, 34MB/50MB, paused 1.302ms total 44.250ms
08-05 03:17:26.218 15957 16294 I art     : Starting a blocking GC Explicit
08-05 03:17:26.262 15957 16294 I art     : Explicit concurrent mark sweep GC freed 4595(216KB) AllocSpace objects, 0(0B) LOS objects, 31% free, 34MB/50MB, paused 1.294ms total 43.658ms
08-05 03:17:26.275 15957 16294 I art     : Starting a blocking GC Explicit
08-05 03:17:26.318 15957 17368 D FeedSyncThread: The Joe Rogan Experience parsed
08-05 03:17:26.319 15957 16294 I art     : Explicit concurrent mark sweep GC freed 4649(215KB) AllocSpace objects, 0(0B) LOS objects, 31% free, 34MB/50MB, paused 1.322ms total 43.959ms
08-05 03:17:26.328 15957 17368 D FeedSyncThread: Deletion of file '/storage/emulated/0/Android/data/baseline.de.danoeh.antennapod.debug/files/cache/feed-The Joe Rogan Experience' successful
08-05 03:17:26.328 15957 17368 D DBReader: getFeedDownloadLog() called with: feed = [baseline.de.danoeh.antennapod.core.feed.Feed@0]
08-05 03:17:26.660 15957 15980 I art     : Starting a blocking GC Explicit
08-05 03:17:26.688 15957 15957 D OnlineFeedViewActivity: onEventMainThread() called with: event = [DownloadEvent{update=DownloaderUpdate{downloaders=[], feedIds=[], mediaIds=[]}}]
08-05 03:17:26.721 15957 15980 I art     : Explicit concurrent mark sweep GC freed 4410(199KB) AllocSpace objects, 1(20KB) LOS objects, 31% free, 34MB/50MB, paused 853us total 60.664ms
08-05 03:17:26.735 15957 15980 I art     : Starting a blocking GC Explicit
08-05 03:17:26.778 15957 15980 I art     : Explicit concurrent mark sweep GC freed 111(6KB) AllocSpace objects, 0(0B) LOS objects, 31% free, 34MB/50MB, paused 888us total 42.854ms
08-05 03:17:26.792 15957 15980 I art     : Starting a blocking GC Explicit
08-05 03:17:26.839 15957 15980 I art     : Explicit concurrent mark sweep GC freed 3(96B) AllocSpace objects, 0(0B) LOS objects, 31% free, 34MB/50MB, paused 862us total 46.733ms
08-05 03:17:26.853 15957 15980 I art     : Starting a blocking GC Explicit
08-05 03:17:26.876 15957 17354 D FeedSyncThread: Bundling 1 feeds
08-05 03:17:26.877 15957 17443 D DBReader: Extracting Feedlist
08-05 03:17:26.879 15957 17443 D DBTasks : Found no existing Feed with title The Joe Rogan Experience. Adding as new one.
08-05 03:17:26.882 15957 17029 D PodDBAdapter: Setting feed with flattr status The Joe Rogan Experience: 0
08-05 03:17:26.882 15957 17029 D baseline.de.danoeh.antennapod.core.storage.PodDBAdapter@4e49aef: Inserting new Feed into db
08-05 03:17:26.902 15957 15980 I art     : Explicit concurrent mark sweep GC freed 3514(166KB) AllocSpace objects, 0(0B) LOS objects, 31% free, 34MB/50MB, paused 1.064ms total 48.078ms
08-05 03:17:26.915 15957 15980 I art     : Starting a blocking GC Explicit
08-05 03:17:26.965 15957 15980 I art     : Explicit concurrent mark sweep GC freed 10855(817KB) AllocSpace objects, 0(0B) LOS objects, 31% free, 34MB/50MB, paused 1.131ms total 48.966ms
08-05 03:17:26.965 15957 15968 I art     : WaitForGcToComplete blocked for 13.918ms for cause HeapTrim
08-05 03:17:26.974  9999  9999 I ServiceManager: Waiting for service AtCmdFwd...
08-05 03:17:27.255 15957 15970 I art     : Starting a blocking GC Explicit
08-05 03:17:27.313 15957 15970 I art     : Explicit concurrent mark sweep GC freed 92690(6MB) AllocSpace objects, 1(20KB) LOS objects, 31% free, 34MB/50MB, paused 1.052ms total 58.129ms
08-05 03:17:27.328 15957 15970 I art     : Starting a blocking GC Explicit
08-05 03:17:27.371 15957 15970 I art     : Explicit concurrent mark sweep GC freed 15835(1184KB) AllocSpace objects, 0(0B) LOS objects, 31% free, 34MB/50MB, paused 1.046ms total 42.841ms
08-05 03:17:27.384 15957 15970 I art     : Starting a blocking GC Explicit
08-05 03:17:27.421 15957 15957 D EventDistributor: Processing event queue. Number of events: 1
08-05 03:17:27.421 15957 15957 D EventDistributor: Notifying observers. Data: 1
08-05 03:17:27.422 15957 16500 D DBReader: Extracting Feedlist
08-05 03:17:27.422 15957 15957 D DownloadService: 0 downloads left
08-05 03:17:27.422 15957 15957 D DownloadService: Number of downloads is 0, attempting shutdown
08-05 03:17:27.423 15957 15957 D DownloadService: Service shutting down
08-05 03:17:27.423 15957 15957 D DownloadService: No report is created
08-05 03:17:27.423 15957 15957 D OnlineFeedViewActivity: onEventMainThread() called with: event = [DownloadEvent{update=DownloaderUpdate{downloaders=[], feedIds=[], mediaIds=[]}}]
08-05 03:17:27.425 15957 17353 E downloadCompletionThd: DownloadCompletionThread was interrupted
08-05 03:17:27.425 15957 15957 D DownloadService: NotificationUpdater cancelled. Result: false
08-05 03:17:27.426 15957 15957 D DBTasks : autodownloadUndownloadedItems
08-05 03:17:27.427 15957 17030 D NetworkUtils: Device is connected to Wi-Fi
08-05 03:17:27.427 15957 17030 D NetworkUtils: Auto-dl filter is disabled
08-05 03:17:27.429 15957 15970 I art     : Explicit concurrent mark sweep GC freed 212(30KB) AllocSpace objects, 1(20KB) LOS objects, 31% free, 34MB/50MB, paused 1.015ms total 44.772ms
08-05 03:17:27.443 15957 15970 I art     : Starting a blocking GC Explicit
08-05 03:17:27.480 15957 15970 I art     : Explicit concurrent mark sweep GC freed 30556(3MB) AllocSpace objects, 0(0B) LOS objects, 33% free, 31MB/47MB, paused 795us total 36.712ms
08-05 03:17:27.491 15957 15970 I art     : Starting a blocking GC Explicit
08-05 03:17:27.525 15957 15970 I art     : Explicit concurrent mark sweep GC freed 3(96B) AllocSpace objects, 0(0B) LOS objects, 33% free, 31MB/47MB, paused 841us total 34.033ms
08-05 03:17:27.826 15957 15980 I art     : Starting a blocking GC Explicit
08-05 03:17:27.866 15957 15980 I art     : Explicit concurrent mark sweep GC freed 1386(82KB) AllocSpace objects, 1(20KB) LOS objects, 33% free, 31MB/47MB, paused 907us total 40.322ms
08-05 03:17:27.879 15957 15980 I art     : Starting a blocking GC Explicit
08-05 03:17:27.914 15957 15980 I art     : Explicit concurrent mark sweep GC freed 23(752B) AllocSpace objects, 0(0B) LOS objects, 33% free, 31MB/47MB, paused 805us total 35.407ms
08-05 03:17:27.926 15957 15980 I art     : Starting a blocking GC Explicit
08-05 03:17:27.961 15957 15980 I art     : Explicit concurrent mark sweep GC freed 3(96B) AllocSpace objects, 0(0B) LOS objects, 33% free, 31MB/47MB, paused 881us total 34.841ms
08-05 03:17:27.972 15957 15980 I art     : Starting a blocking GC Explicit
08-05 03:17:27.975  9999  9999 I ServiceManager: Waiting for service AtCmdFwd...
08-05 03:17:28.009 15957 15980 I art     : Explicit concurrent mark sweep GC freed 3(96B) AllocSpace objects, 0(0B) LOS objects, 33% free, 31MB/47MB, paused 893us total 36.154ms
08-05 03:17:28.020 15957 15980 I art     : Starting a blocking GC Explicit
08-05 03:17:28.057 15957 15980 I art     : Explicit concurrent mark sweep GC freed 3(96B) AllocSpace objects, 0(0B) LOS objects, 33% free, 31MB/47MB, paused 892us total 36.265ms
08-05 03:17:28.310 17466 17466 D AndroidRuntime: >>>>>> START com.android.internal.os.RuntimeInit uid 2000 <<<<<<
08-05 03:17:28.315 17466 17466 D AndroidRuntime: CheckJNI is OFF
08-05 03:17:28.348 17466 17466 D ICU     : No timezone override file found: /data/misc/zoneinfo/current/icu/icu_tzdata.dat
08-05 03:17:28.379 15957 16294 I art     : Starting a blocking GC Explicit
08-05 03:17:28.381 17466 17466 I Radio-JNI: register_android_hardware_Radio DONE
08-05 03:17:28.405 17466 17466 D AndroidRuntime: Calling main entry com.android.commands.input.Input
08-05 03:17:28.406 17466 17466 I Input   : injectKeyEvent: KeyEvent { action=ACTION_DOWN, keyCode=KEYCODE_BACK, scanCode=0, metaState=0, flags=0x0, repeatCount=0, eventTime=760664819, downTime=760664819, deviceId=-1, source=0x101 }
08-05 03:17:28.411 17466 17466 I Input   : injectKeyEvent: KeyEvent { action=ACTION_UP, keyCode=KEYCODE_BACK, scanCode=0, metaState=0, flags=0x0, repeatCount=0, eventTime=760664819, downTime=760664819, deviceId=-1, source=0x101 }
08-05 03:17:28.417 17466 17466 D AndroidRuntime: Shutting down VM
08-05 03:17:28.418 15957 16294 I art     : Explicit concurrent mark sweep GC freed 1414(82KB) AllocSpace objects, 1(20KB) LOS objects, 33% free, 31MB/47MB, paused 1.022ms total 38.669ms
08-05 03:17:28.425 15957 15957 V PlaybackController: initServiceNotRunning()
08-05 03:17:28.426 15957 15957 D ExternalPlayerFragment: Loading media info
08-05 03:17:28.429 15957 15957 D UserPreferences: Using default data folder
08-05 03:17:28.429 15957 16500 D DBReader: getNavDrawerData() called with: 
08-05 03:17:28.430 15957 16294 I art     : Starting a blocking GC Explicit
08-05 03:17:28.441 15957 16500 D DBReader: getDownloadedItems() called
08-05 03:17:28.442 15957 16500 D DBReader: getFavoriteIDList() called
08-05 03:17:28.443 15957 16500 D DBReader: getQueueIDList() called
08-05 03:17:28.443 15957 16500 D DBReader: Extracting Feedlist
08-05 03:17:28.464 13866 13866 I GoogleInputMethodServic: GoogleInputMethodService.onFinishInput():3138 
08-05 03:17:28.464 15957 15957 D MainActivity: getLastNavFragment() -> AddFeedFragment
08-05 03:17:28.465 13866 13866 I GoogleInputMethodServic: GoogleInputMethodService.onStartInput():1808 
08-05 03:17:28.472 15957 16294 I art     : Explicit concurrent mark sweep GC freed 706(56KB) AllocSpace objects, 0(0B) LOS objects, 33% free, 31MB/47MB, paused 1.185ms total 41.854ms
08-05 03:17:28.474 15957 16902 D ApOkHttpUrlLoader: buildLoadData() called with: model = [http://static.libsyn.com/p/assets/7/1/f/3/71f3014e14ef2722/JREiTunesImage2.jpg], width = [140], height = [140]
08-05 03:17:28.483 15957 16294 I art     : Starting a blocking GC Explicit
08-05 03:17:28.505 15957 16902 D ApOkHttpUrlLoader: buildLoadData() called with: model = [http://static.libsyn.com/p/assets/7/1/f/3/71f3014e14ef2722/JREiTunesImage2.jpg], width = [140], height = [140]
08-05 03:17:28.518 15957 16294 I art     : Explicit concurrent mark sweep GC freed 804(50KB) AllocSpace objects, 0(0B) LOS objects, 33% free, 31MB/47MB, paused 992us total 34.933ms
08-05 03:17:28.529 15957 16294 I art     : Starting a blocking GC Explicit
08-05 03:17:28.561 15957 16294 I art     : Explicit concurrent mark sweep GC freed 472(22KB) AllocSpace objects, 0(0B) LOS objects, 33% free, 31MB/47MB, paused 795us total 31.554ms
08-05 03:17:28.572 15957 16294 I art     : Starting a blocking GC Explicit
08-05 03:17:28.605 15957 16294 I art     : Explicit concurrent mark sweep GC freed 36(1760B) AllocSpace objects, 0(0B) LOS objects, 33% free, 31MB/47MB, paused 845us total 32.930ms
08-05 03:17:28.789   380   380 W SurfaceFlinger: couldn't log to binary event log: overflow.
08-05 03:17:28.870 15957 15980 I art     : Starting a blocking GC Explicit
08-05 03:17:28.911 15957 15980 I art     : Explicit concurrent mark sweep GC freed 2010(107KB) AllocSpace objects, 1(20KB) LOS objects, 33% free, 31MB/47MB, paused 951us total 40.905ms
08-05 03:17:28.927 15957 15980 I art     : Starting a blocking GC Explicit
08-05 03:17:28.958 15957 15980 I art     : Explicit concurrent mark sweep GC freed 33335(3MB) AllocSpace objects, 2(248KB) LOS objects, 36% free, 28MB/44MB, paused 862us total 31.360ms
08-05 03:17:28.967 15957 15980 I art     : Starting a blocking GC Explicit
08-05 03:17:28.975  9999  9999 I ServiceManager: Waiting for service AtCmdFwd...
08-05 03:17:28.994 15957 15980 I art     : Explicit concurrent mark sweep GC freed 3(96B) AllocSpace objects, 0(0B) LOS objects, 36% free, 28MB/44MB, paused 868us total 26.052ms
08-05 03:17:29.003 15957 15980 I art     : Starting a blocking GC Explicit
08-05 03:17:29.030 15957 15980 I art     : Explicit concurrent mark sweep GC freed 3(96B) AllocSpace objects, 0(0B) LOS objects, 36% free, 28MB/44MB, paused 879us total 26.787ms
08-05 03:17:29.039 15957 15980 I art     : Starting a blocking GC Explicit
08-05 03:17:29.066 15957 15980 I art     : Explicit concurrent mark sweep GC freed 3(96B) AllocSpace objects, 0(0B) LOS objects, 36% free, 28MB/44MB, paused 875us total 26.862ms
08-05 03:17:29.380 15957 15970 I art     : Starting a blocking GC Explicit
08-05 03:17:29.416 15957 15970 I art     : Explicit concurrent mark sweep GC freed 1402(83KB) AllocSpace objects, 1(20KB) LOS objects, 36% free, 28MB/44MB, paused 919us total 35.436ms
08-05 03:17:29.427 15957 15970 I art     : Starting a blocking GC Explicit
08-05 03:17:29.455 15957 15970 I art     : Explicit concurrent mark sweep GC freed 23(752B) AllocSpace objects, 0(0B) LOS objects, 36% free, 28MB/44MB, paused 868us total 27.727ms
08-05 03:17:29.464 15957 15970 I art     : Starting a blocking GC Explicit
08-05 03:17:29.491 15957 15970 I art     : Explicit concurrent mark sweep GC freed 3(96B) AllocSpace objects, 0(0B) LOS objects, 36% free, 28MB/44MB, paused 865us total 27.204ms
08-05 03:17:29.501 15957 15970 I art     : Starting a blocking GC Explicit
08-05 03:17:29.528 15957 15970 I art     : Explicit concurrent mark sweep GC freed 3(96B) AllocSpace objects, 0(0B) LOS objects, 36% free, 28MB/44MB, paused 885us total 27.291ms
08-05 03:17:29.538 15957 15970 I art     : Starting a blocking GC Explicit
08-05 03:17:29.566 15957 15970 I art     : Explicit concurrent mark sweep GC freed 3(96B) AllocSpace objects, 0(0B) LOS objects, 36% free, 28MB/44MB, paused 890us total 27.717ms
08-05 03:17:29.836 15957 15969 I art     : Starting a blocking GC Explicit
08-05 03:17:29.864 15957 15969 I art     : Explicit concurrent mark sweep GC freed 1373(80KB) AllocSpace objects, 1(20KB) LOS objects, 36% free, 28MB/44MB, paused 901us total 27.455ms
08-05 03:17:29.873 15957 15969 I art     : Starting a blocking GC Explicit
08-05 03:17:29.900 15957 15969 I art     : Explicit concurrent mark sweep GC freed 23(752B) AllocSpace objects, 0(0B) LOS objects, 36% free, 28MB/44MB, paused 873us total 26.583ms
08-05 03:17:29.909 15957 15969 I art     : Starting a blocking GC Explicit
08-05 03:17:29.935 15957 15969 I art     : Explicit concurrent mark sweep GC freed 3(96B) AllocSpace objects, 0(0B) LOS objects, 36% free, 28MB/44MB, paused 852us total 25.721ms
08-05 03:17:29.944 15957 15969 I art     : Starting a blocking GC Explicit
08-05 03:17:29.971 15957 15969 I art     : Explicit concurrent mark sweep GC freed 3(96B) AllocSpace objects, 0(0B) LOS objects, 36% free, 28MB/44MB, paused 864us total 26.322ms
08-05 03:17:29.975  9999  9999 I ServiceManager: Waiting for service AtCmdFwd...
08-05 03:17:29.980 15957 15969 I art     : Starting a blocking GC Explicit
08-05 03:17:30.005 15957 15969 I art     : Explicit concurrent mark sweep GC freed 3(96B) AllocSpace objects, 0(0B) LOS objects, 36% free, 28MB/44MB, paused 868us total 25.686ms
08-05 03:17:30.097 17511 17511 D AndroidRuntime: >>>>>> START com.android.internal.os.RuntimeInit uid 2000 <<<<<<
08-05 03:17:30.103 17511 17511 D AndroidRuntime: CheckJNI is OFF
08-05 03:17:30.141 17511 17511 D ICU     : No timezone override file found: /data/misc/zoneinfo/current/icu/icu_tzdata.dat
08-05 03:17:30.173 17511 17511 I Radio-JNI: register_android_hardware_Radio DONE
08-05 03:17:30.195 17511 17511 D AndroidRuntime: Calling main entry com.android.commands.input.Input
08-05 03:17:30.196 17511 17511 I Input   : injectMotionEvent: MotionEvent { action=ACTION_DOWN, actionButton=0, id[0]=0, x[0]=639.0, y[0]=762.0, toolType[0]=TOOL_TYPE_UNKNOWN, buttonState=0, metaState=0, flags=0x0, edgeFlags=0x0, pointerCount=1, historySize=0, eventTime=760666609, downTime=760666609, deviceId=0, source=0x1002 }
08-05 03:17:30.202 17511 17511 I Input   : injectMotionEvent: MotionEvent { action=ACTION_UP, actionButton=0, id[0]=0, x[0]=639.0, y[0]=762.0, toolType[0]=TOOL_TYPE_UNKNOWN, buttonState=0, metaState=0, flags=0x0, edgeFlags=0x0, pointerCount=1, historySize=0, eventTime=760666609, downTime=760666609, deviceId=0, source=0x1002 }
08-05 03:17:30.204 17511 17511 D AndroidRuntime: Shutting down VM
08-05 03:17:30.277   512  2967 D audio_hw_primary: out_set_parameters: enter: usecase(1: low-latency-playback) kvpairs: routing=2
08-05 03:17:30.290   512  2967 D audio_hw_primary: select_devices: out_snd_device(2: speaker) in_snd_device(0: none)
08-05 03:17:30.290   512  2967 D msm8974_platform: platform_send_audio_calibration: sending audio calibration for snd_device(2) acdb_id(15)
08-05 03:17:30.290   512  2967 I soundtrigger: audio_extn_sound_trigger_update_device_status: device 0x2 of type 0 for Event 1
08-05 03:17:30.292 15957 15980 I art     : Starting a blocking GC Explicit
08-05 03:17:30.296 13866 13866 I GoogleInputMethodServic: GoogleInputMethodService.onFinishInput():3138 
08-05 03:17:30.296 13866 13866 I GoogleInputMethodServic: GoogleInputMethodService.onStartInput():1808 
08-05 03:17:30.312   512  2967 D audio_hw_primary: enable_snd_device: snd_device(2: speaker)
08-05 03:17:30.314   512  2967 D audio_hw_primary: enable_audio_route: apply and update mixer path: low-latency-playback speaker
08-05 03:17:30.318 15957 15980 I art     : Explicit concurrent mark sweep GC freed 1880(104KB) AllocSpace objects, 1(20KB) LOS objects, 36% free, 28MB/44MB, paused 1.125ms total 25.795ms
08-05 03:17:30.328 15957 15980 I art     : Starting a blocking GC Explicit
08-05 03:17:30.352 15957 15980 I art     : Explicit concurrent mark sweep GC freed 43(1600B) AllocSpace objects, 0(0B) LOS objects, 36% free, 28MB/44MB, paused 829us total 24.483ms
08-05 03:17:30.362 15957 15980 I art     : Starting a blocking GC Explicit
08-05 03:17:30.387 15957 15980 I art     : Explicit concurrent mark sweep GC freed 13(480B) AllocSpace objects, 0(0B) LOS objects, 36% free, 28MB/44MB, paused 940us total 24.866ms
08-05 03:17:30.395 15957 15980 I art     : Starting a blocking GC Explicit
08-05 03:17:30.420 15957 15980 I art     : Explicit concurrent mark sweep GC freed 13(480B) AllocSpace objects, 0(0B) LOS objects, 36% free, 28MB/44MB, paused 960us total 24.801ms
08-05 03:17:30.429 15957 15980 I art     : Starting a blocking GC Explicit
08-05 03:17:30.454 15957 15980 I art     : Explicit concurrent mark sweep GC freed 13(480B) AllocSpace objects, 0(0B) LOS objects, 36% free, 28MB/44MB, paused 899us total 25.056ms
08-05 03:17:30.524 15957 15986 I NAPPA_EXPERIMENTATION: MetricNetworkRequestExecutionTime: REQUEST_DURATION_SYSTEM='248',REQUEST_DURATION_OKHTTP='247',REQUEST_SYNCHRONOUS='TRUE',RESPONSE_CODE='200',RESPONSE_METHOD='GET',RESPONSE_LENGTH_OKHTTP='-1',RESPONSE_LENGTH_HEADER='622',REQUEST_PROTOCOL='h2',REQUEST_URL='https://itunes.apple.com/lookup?id=360084272',
08-05 03:17:30.544   918  4400 I ActivityManager: START u0 {cmp=baseline.de.danoeh.antennapod.debug/baseline.de.danoeh.antennapod.activity.OnlineFeedViewActivity (has extras)} from uid 10691 on display 0
08-05 03:17:30.566 13866 13866 I GoogleInputMethodServic: GoogleInputMethodService.onFinishInput():3138 
08-05 03:17:30.567 13866 13866 I GoogleInputMethodServic: GoogleInputMethodService.onStartInput():1808 
08-05 03:17:30.591 15957 15957 D UserPreferences: Using default data folder
08-05 03:17:30.592 15957 15957 D OnlineFeedViewActivity: Activity was started with url http://joeroganexp.joerogan.libsynpro.com/rss
08-05 03:17:30.595 15957 15957 D OnlineFeedViewActivity: Starting feed download
08-05 03:17:30.598 15957 15978 D DBReader: Extracting Feedlist
08-05 03:17:30.600   918   928 D WifiService: acquireWifiLockLocked: WifiLock{Downloader type=1 binder=android.os.BinderProxy@21c6d09}
08-05 03:17:30.601 15957 15978 D AntennapodHttpClient: Creating new instance of HTTP client
08-05 03:17:30.647 15957 15978 D MYTAG   : interceptor 3a http://joeroganexp.joerogan.libsynpro.com/rss
08-05 03:17:30.647 15957 15978 I NAPPA_EXPERIMENTATION: MetricNetworkRequestExecutionTime: REQUEST_DURATION_SYSTEM='45',REQUEST_DURATION_OKHTTP='40',REQUEST_SYNCHRONOUS='TRUE',RESPONSE_CODE='200',RESPONSE_METHOD='GET',RESPONSE_LENGTH_OKHTTP='-1',RESPONSE_LENGTH_HEADER='307892',REQUEST_PROTOCOL='http/1.1',REQUEST_URL='http://joeroganexp.joerogan.libsynpro.com/rss',
08-05 03:17:30.647 15957 15978 D HttpDownloader: Response code is 200
08-05 03:17:30.647 15957 15978 D UserPreferences: Using default data folder
08-05 03:17:30.649 15957 15978 D HttpDownloader: Getting size of download
08-05 03:17:30.649 15957 15978 D HttpDownloader: Size is -1
08-05 03:17:30.649 15957 15978 D UserPreferences: Using default data folder
08-05 03:17:30.649 15957 15978 D HttpDownloader: Free space is 20232556544
08-05 03:17:30.649 15957 15978 D HttpDownloader: Starting download
08-05 03:17:30.655 13866 13866 I GoogleInputMethodServic: GoogleInputMethodService.onFinishInput():3138 
08-05 03:17:30.656 13866 13866 I GoogleInputMethodServic: GoogleInputMethodService.onStartInput():1808 
08-05 03:17:30.676   918   936 I ActivityManager: Displayed baseline.de.danoeh.antennapod.debug/baseline.de.danoeh.antennapod.activity.OnlineFeedViewActivity: +110ms
08-05 03:17:30.702 15957 15979 D OpenGLRenderer: endAllStagingAnimators on 0x7f7ed3a800 (GridView) with handle 0x7f99ebf9c0
08-05 03:17:30.711 15957 15980 I art     : Starting a blocking GC Explicit
08-05 03:17:30.760 15957 15980 I art     : Explicit concurrent mark sweep GC freed 3344(227KB) AllocSpace objects, 1(20KB) LOS objects, 35% free, 28MB/44MB, paused 2.356ms total 48.097ms
08-05 03:17:30.772 15957 15980 I art     : Starting a blocking GC Explicit
08-05 03:17:30.797 15957 15980 I art     : Explicit concurrent mark sweep GC freed 384(17KB) AllocSpace objects, 0(0B) LOS objects, 35% free, 28MB/44MB, paused 859us total 25.003ms
08-05 03:17:30.805 15957 15980 I art     : Starting a blocking GC Explicit
08-05 03:17:30.832 15957 15980 I art     : Explicit concurrent mark sweep GC freed 3(96B) AllocSpace objects, 0(0B) LOS objects, 35% free, 28MB/44MB, paused 1.047ms total 26.226ms
08-05 03:17:30.840 15957 15978 D HttpDownloader: Download was successful
08-05 03:17:30.840 15957 15980 I art     : Starting a blocking GC Explicit
08-05 03:17:30.842   918   928 D WifiService: releaseWifiLockLocked: WifiLock{Downloader type=1 binder=android.os.BinderProxy@21c6d09}
08-05 03:17:30.843 15957 15957 D OnlineFeedViewActivity: Parsing feed
08-05 03:17:30.849   512  2967 D audio_hw_primary: disable_audio_route: reset and update mixer path: low-latency-playback speaker
08-05 03:17:30.849 15957 17557 D TypeGetter: Recognized type RSS 2.0
08-05 03:17:30.849   512  2967 D audio_hw_primary: disable_snd_device: snd_device(2: speaker)
08-05 03:17:30.852 15957 17557 D SyndHandler: Recognized Atom namespace
08-05 03:17:30.852 15957 17557 D SyndHandler: Recognized ITunes namespace
08-05 03:17:30.852 15957 17557 D SyndHandler: Recognized media namespace
08-05 03:17:30.852 15957 17557 D SyndHandler: Recognized Content namespace
08-05 03:17:30.858   512  2967 I soundtrigger: audio_extn_sound_trigger_update_device_status: device 0x2 of type 0 for Event 0
08-05 03:17:30.868 15957 15980 I art     : Explicit concurrent mark sweep GC freed 657(148KB) AllocSpace objects, 3(60KB) LOS objects, 35% free, 28MB/44MB, paused 1.021ms total 27.212ms
08-05 03:17:30.877 15957 15980 I art     : Starting a blocking GC Explicit
08-05 03:17:30.904 15957 15980 I art     : Explicit concurrent mark sweep GC freed 2297(152KB) AllocSpace objects, 0(0B) LOS objects, 35% free, 28MB/44MB, paused 1.116ms total 26.748ms
08-05 03:17:30.926   380   380 W SurfaceFlinger: couldn't log to binary event log: overflow.
08-05 03:17:30.976  9999  9999 W Atfwd_Sendcmd: AtCmdFwd service not published, waiting... retryCnt : 2
08-05 03:17:31.048 15957 15957 D PlaybackController: Releasing PlaybackController
08-05 03:17:31.181 15957 16294 I art     : Starting a blocking GC Explicit
08-05 03:17:31.216 15957 16294 I art     : Explicit concurrent mark sweep GC freed 23885(1281KB) AllocSpace objects, 1(20KB) LOS objects, 35% free, 29MB/45MB, paused 1.318ms total 34.814ms
08-05 03:17:31.226 15957 16294 I art     : Starting a blocking GC Explicit
08-05 03:17:31.256 15957 16294 I art     : Explicit concurrent mark sweep GC freed 4631(226KB) AllocSpace objects, 0(0B) LOS objects, 35% free, 29MB/45MB, paused 1.283ms total 29.103ms
08-05 03:17:31.265 15957 16294 I art     : Starting a blocking GC Explicit
08-05 03:17:31.292 15957 16294 I art     : Explicit concurrent mark sweep GC freed 7673(363KB) AllocSpace objects, 0(0B) LOS objects, 35% free, 29MB/45MB, paused 1.124ms total 27.566ms
08-05 03:17:31.301 15957 16294 I art     : Starting a blocking GC Explicit
08-05 03:17:31.329 15957 16294 I art     : Explicit concurrent mark sweep GC freed 2900(153KB) AllocSpace objects, 0(0B) LOS objects, 35% free, 29MB/45MB, paused 1.149ms total 27.448ms
08-05 03:17:31.338 15957 16294 I art     : Starting a blocking GC Explicit
08-05 03:17:31.366 15957 16294 I art     : Explicit concurrent mark sweep GC freed 2776(142KB) AllocSpace objects, 0(0B) LOS objects, 35% free, 29MB/45MB, paused 1.208ms total 27.443ms
08-05 03:17:31.649 15957 15980 I art     : Starting a blocking GC Explicit
08-05 03:17:31.686 15957 15980 I art     : Explicit concurrent mark sweep GC freed 24890(1315KB) AllocSpace objects, 1(20KB) LOS objects, 34% free, 29MB/45MB, paused 1.271ms total 36.525ms
08-05 03:17:31.697 15957 15980 I art     : Starting a blocking GC Explicit
08-05 03:17:31.727 15957 15980 I art     : Explicit concurrent mark sweep GC freed 9029(422KB) AllocSpace objects, 0(0B) LOS objects, 34% free, 29MB/45MB, paused 1.917ms total 29.715ms
08-05 03:17:31.736 15957 15980 I art     : Starting a blocking GC Explicit
08-05 03:17:31.765 15957 15980 I art     : Explicit concurrent mark sweep GC freed 3761(196KB) AllocSpace objects, 0(0B) LOS objects, 34% free, 29MB/45MB, paused 1.108ms total 28.435ms
08-05 03:17:31.775 15957 15980 I art     : Starting a blocking GC Explicit
08-05 03:17:31.804 15957 15980 I art     : Explicit concurrent mark sweep GC freed 3083(162KB) AllocSpace objects, 0(0B) LOS objects, 34% free, 29MB/45MB, paused 1.183ms total 29.479ms
08-05 03:17:31.814 15957 15980 I art     : Starting a blocking GC Explicit
08-05 03:17:31.844 15957 15980 I art     : Explicit concurrent mark sweep GC freed 3119(166KB) AllocSpace objects, 0(0B) LOS objects, 34% free, 29MB/45MB, paused 1.182ms total 29.637ms
08-05 03:17:32.148 15957 15980 I art     : Starting a blocking GC Explicit
08-05 03:17:32.189 15957 15980 I art     : Explicit concurrent mark sweep GC freed 26143(1425KB) AllocSpace objects, 1(20KB) LOS objects, 34% free, 30MB/46MB, paused 1.331ms total 40.504ms
08-05 03:17:32.201 15957 15980 I art     : Starting a blocking GC Explicit
08-05 03:17:32.234 15957 15980 I art     : Explicit concurrent mark sweep GC freed 4580(236KB) AllocSpace objects, 0(0B) LOS objects, 34% free, 30MB/46MB, paused 1.424ms total 32.514ms
08-05 03:17:32.244 15957 15980 I art     : Starting a blocking GC Explicit
08-05 03:17:32.275 15957 15980 I art     : Explicit concurrent mark sweep GC freed 9520(454KB) AllocSpace objects, 0(0B) LOS objects, 34% free, 30MB/46MB, paused 1.136ms total 30.777ms
08-05 03:17:32.285 15957 15980 I art     : Starting a blocking GC Explicit
08-05 03:17:32.316 15957 15980 I art     : Explicit concurrent mark sweep GC freed 3276(174KB) AllocSpace objects, 0(0B) LOS objects, 34% free, 30MB/46MB, paused 1.293ms total 31.402ms
08-05 03:17:32.327 15957 15980 I art     : Starting a blocking GC Explicit
08-05 03:17:32.358 15957 15980 I art     : Explicit concurrent mark sweep GC freed 3167(177KB) AllocSpace objects, 0(0B) LOS objects, 34% free, 30MB/46MB, paused 1.165ms total 31.476ms
08-05 03:17:32.368   518   646 I ThermalEngine: ACTION: GPU - Setting GPU[0] to 450000000
08-05 03:17:32.695 15957 15970 I art     : Starting a blocking GC Explicit
08-05 03:17:32.747 15957 15970 I art     : Explicit concurrent mark sweep GC freed 22067(1189KB) AllocSpace objects, 1(20KB) LOS objects, 33% free, 31MB/47MB, paused 1.757ms total 51.428ms
08-05 03:17:32.761 15957 15970 I art     : Starting a blocking GC Explicit
08-05 03:17:32.803 15957 15970 I art     : Explicit concurrent mark sweep GC freed 5813(285KB) AllocSpace objects, 0(0B) LOS objects, 33% free, 31MB/47MB, paused 1.669ms total 41.447ms
08-05 03:17:32.816 15957 15970 I art     : Starting a blocking GC Explicit
08-05 03:17:32.856 15957 15970 I art     : Explicit concurrent mark sweep GC freed 6629(322KB) AllocSpace objects, 0(0B) LOS objects, 33% free, 31MB/47MB, paused 1.685ms total 39.958ms
08-05 03:17:32.870 15957 15970 I art     : Starting a blocking GC Explicit
08-05 03:17:32.913 15957 15970 I art     : Explicit concurrent mark sweep GC freed 3286(182KB) AllocSpace objects, 0(0B) LOS objects, 33% free, 31MB/47MB, paused 1.516ms total 43.186ms
08-05 03:17:32.926 15957 15970 I art     : Starting a blocking GC Explicit
08-05 03:17:32.969 15957 15970 I art     : Explicit concurrent mark sweep GC freed 3211(215KB) AllocSpace objects, 0(0B) LOS objects, 33% free, 31MB/47MB, paused 1.797ms total 42.550ms
08-05 03:17:33.301 15957 15970 I art     : Starting a blocking GC Explicit
08-05 03:17:33.355 15957 15970 I art     : Explicit concurrent mark sweep GC freed 21984(958KB) AllocSpace objects, 1(20KB) LOS objects, 33% free, 31MB/47MB, paused 1.732ms total 53.031ms
08-05 03:17:33.370 15957 15970 I art     : Starting a blocking GC Explicit
08-05 03:17:33.417 15957 15970 I art     : Explicit concurrent mark sweep GC freed 5268(241KB) AllocSpace objects, 0(0B) LOS objects, 33% free, 31MB/47MB, paused 1.844ms total 46.423ms
08-05 03:17:33.431 15957 15970 I art     : Starting a blocking GC Explicit
08-05 03:17:33.474 15957 15970 I art     : Explicit concurrent mark sweep GC freed 8085(374KB) AllocSpace objects, 0(0B) LOS objects, 33% free, 31MB/47MB, paused 1.684ms total 43.741ms
08-05 03:17:33.488 15957 15970 I art     : Starting a blocking GC Explicit
08-05 03:17:33.533 15957 15970 I art     : Explicit concurrent mark sweep GC freed 3515(162KB) AllocSpace objects, 0(0B) LOS objects, 33% free, 31MB/47MB, paused 1.676ms total 44.718ms
08-05 03:17:33.547 15957 17557 D OnlineFeedViewActivity: Deleted feed source file. Result: true
08-05 03:17:33.547 15957 15970 I art     : Starting a blocking GC Explicit
08-05 03:17:33.554 15957 15957 D OnlineFeedViewActivity: Removing HTML from shownotes
08-05 03:17:33.592 15957 15970 I art     : Explicit concurrent mark sweep GC freed 9788(772KB) AllocSpace objects, 36(2MB) LOS objects, 33% free, 31MB/47MB, paused 1.489ms total 44.562ms
08-05 03:17:33.884 15957 15980 I art     : Starting a blocking GC Explicit
08-05 03:17:33.941 15957 15980 I art     : Explicit concurrent mark sweep GC freed 54476(4MB) AllocSpace objects, 241(16MB) LOS objects, 32% free, 33MB/49MB, paused 1.602ms total 56.186ms
08-05 03:17:33.956 15957 15980 I art     : Starting a blocking GC Explicit
08-05 03:17:34.013 15957 15980 I art     : Explicit concurrent mark sweep GC freed 47021(3MB) AllocSpace objects, 214(14MB) LOS objects, 32% free, 33MB/49MB, paused 1.671ms total 56.426ms
08-05 03:17:34.028 15957 15980 I art     : Starting a blocking GC Explicit
08-05 03:17:34.085 15957 15980 I art     : Explicit concurrent mark sweep GC freed 45461(4MB) AllocSpace objects, 260(17MB) LOS objects, 31% free, 34MB/50MB, paused 1.705ms total 56.397ms
08-05 03:17:34.101 15957 15980 I art     : Starting a blocking GC Explicit
08-05 03:17:34.133 15957 15957 I Choreographer: Skipped 34 frames!  The application may be doing too much work on its main thread.
08-05 03:17:34.152 15957 15980 I art     : Explicit concurrent mark sweep GC freed 27328(2MB) AllocSpace objects, 181(12MB) LOS objects, 33% free, 31MB/47MB, paused 1.812ms total 50.699ms
08-05 03:17:34.166 15957 15980 I art     : Starting a blocking GC Explicit
08-05 03:17:34.213 15957 15980 I art     : Explicit concurrent mark sweep GC freed 887(45KB) AllocSpace objects, 0(0B) LOS objects, 33% free, 31MB/47MB, paused 1.203ms total 46.744ms
08-05 03:17:34.540 15957 15969 I art     : Starting a blocking GC Explicit
08-05 03:17:34.597 15957 15969 I art     : Explicit concurrent mark sweep GC freed 1830(104KB) AllocSpace objects, 2(132KB) LOS objects, 33% free, 31MB/47MB, paused 1.162ms total 56.864ms
08-05 03:17:34.612 15957 15969 I art     : Starting a blocking GC Explicit
08-05 03:17:34.661 15957 15969 I art     : Explicit concurrent mark sweep GC freed 23(752B) AllocSpace objects, 0(0B) LOS objects, 33% free, 31MB/47MB, paused 1.172ms total 48.746ms
08-05 03:17:34.676 15957 15969 I art     : Starting a blocking GC Explicit
08-05 03:17:34.724 15957 15969 I art     : Explicit concurrent mark sweep GC freed 3(96B) AllocSpace objects, 0(0B) LOS objects, 33% free, 31MB/47MB, paused 1.223ms total 47.472ms
08-05 03:17:34.739 15957 15969 I art     : Starting a blocking GC Explicit
08-05 03:17:34.789 15957 15969 I art     : Explicit concurrent mark sweep GC freed 3(96B) AllocSpace objects, 0(0B) LOS objects, 33% free, 31MB/47MB, paused 1.293ms total 49.925ms
08-05 03:17:34.805 15957 15969 I art     : Starting a blocking GC Explicit
08-05 03:17:34.853 15957 15969 I art     : Explicit concurrent mark sweep GC freed 3(96B) AllocSpace objects, 0(0B) LOS objects, 33% free, 31MB/47MB, paused 1.215ms total 48.145ms
08-05 03:17:35.008 17631 17631 D AndroidRuntime: >>>>>> START com.android.internal.os.RuntimeInit uid 2000 <<<<<<
08-05 03:17:35.017 17631 17631 D AndroidRuntime: CheckJNI is OFF
08-05 03:17:35.059 17631 17631 D ICU     : No timezone override file found: /data/misc/zoneinfo/current/icu/icu_tzdata.dat
08-05 03:17:35.100 17631 17631 I Radio-JNI: register_android_hardware_Radio DONE
08-05 03:17:35.130 17631 17631 D AndroidRuntime: Calling main entry com.android.commands.input.Input
08-05 03:17:35.131 17631 17631 I Input   : injectKeyEvent: KeyEvent { action=ACTION_DOWN, keyCode=KEYCODE_BACK, scanCode=0, metaState=0, flags=0x0, repeatCount=0, eventTime=760671544, downTime=760671544, deviceId=-1, source=0x101 }
08-05 03:17:35.136 17631 17631 I Input   : injectKeyEvent: KeyEvent { action=ACTION_UP, keyCode=KEYCODE_BACK, scanCode=0, metaState=0, flags=0x0, repeatCount=0, eventTime=760671544, downTime=760671544, deviceId=-1, source=0x101 }
08-05 03:17:35.141 17631 17631 D AndroidRuntime: Shutting down VM
08-05 03:17:35.146 15957 15957 V PlaybackController: initServiceNotRunning()
08-05 03:17:35.146 15957 15957 D ExternalPlayerFragment: Loading media info
08-05 03:17:35.151 15957 15957 D UserPreferences: Using default data folder
08-05 03:17:35.151 15957 15978 D DBReader: getNavDrawerData() called with: 
08-05 03:17:35.164 15957 15978 D DBReader: getDownloadedItems() called
08-05 03:17:35.166 15957 15978 D DBReader: getFavoriteIDList() called
08-05 03:17:35.167 15957 15978 D DBReader: getQueueIDList() called
08-05 03:17:35.168 15957 15978 D DBReader: Extracting Feedlist
08-05 03:17:35.179 13866 13866 I GoogleInputMethodServic: GoogleInputMethodService.onFinishInput():3138 
08-05 03:17:35.179 13866 13866 I GoogleInputMethodServic: GoogleInputMethodService.onStartInput():1808 
08-05 03:17:35.182 15957 15980 I art     : Starting a blocking GC Explicit
08-05 03:17:35.196 15957 15957 D MainActivity: getLastNavFragment() -> AddFeedFragment
08-05 03:17:35.230 15957 15980 I art     : Explicit concurrent mark sweep GC freed 2369(145KB) AllocSpace objects, 1(20KB) LOS objects, 33% free, 31MB/47MB, paused 1.568ms total 47.599ms
08-05 03:17:35.246 15957 15980 I art     : Starting a blocking GC Explicit
08-05 03:17:35.287 15957 15980 I art     : Explicit concurrent mark sweep GC freed 470(23KB) AllocSpace objects, 0(0B) LOS objects, 33% free, 31MB/47MB, paused 1.129ms total 40.574ms
08-05 03:17:35.302 15957 15980 I art     : Starting a blocking GC Explicit
08-05 03:17:35.345 15957 15980 I art     : Explicit concurrent mark sweep GC freed 123(8KB) AllocSpace objects, 0(0B) LOS objects, 33% free, 31MB/47MB, paused 1.153ms total 43.210ms
08-05 03:17:35.360 15957 15980 I art     : Starting a blocking GC Explicit
08-05 03:17:35.404 15957 15980 I art     : Explicit concurrent mark sweep GC freed 3(96B) AllocSpace objects, 0(0B) LOS objects, 33% free, 31MB/47MB, paused 1.342ms total 43.947ms
08-05 03:17:35.419 15957 15980 I art     : Starting a blocking GC Explicit
08-05 03:17:35.464 15957 15980 I art     : Explicit concurrent mark sweep GC freed 3(96B) AllocSpace objects, 0(0B) LOS objects, 33% free, 31MB/47MB, paused 1.165ms total 44.576ms
08-05 03:17:35.464   380   380 W SurfaceFlinger: couldn't log to binary event log: overflow.
08-05 03:17:35.776 15957 15969 I art     : Starting a blocking GC Explicit
08-05 03:17:35.838 15957 15969 I art     : Explicit concurrent mark sweep GC freed 1970(105KB) AllocSpace objects, 1(20KB) LOS objects, 33% free, 31MB/47MB, paused 1.276ms total 61.642ms
08-05 03:17:35.859 15957 15969 I art     : Starting a blocking GC Explicit
08-05 03:17:35.898 15957 15969 I art     : Explicit concurrent mark sweep GC freed 33285(3MB) AllocSpace objects, 1(28KB) LOS objects, 36% free, 28MB/44MB, paused 1.161ms total 38.216ms
08-05 03:17:35.909 15957 15969 I art     : Starting a blocking GC Explicit
08-05 03:17:35.943 15957 15969 I art     : Explicit concurrent mark sweep GC freed 3(96B) AllocSpace objects, 0(0B) LOS objects, 36% free, 28MB/44MB, paused 1.175ms total 33.831ms
08-05 03:17:35.955 15957 15969 I art     : Starting a blocking GC Explicit
08-05 03:17:35.990 15957 15969 I art     : Explicit concurrent mark sweep GC freed 3(96B) AllocSpace objects, 0(0B) LOS objects, 36% free, 28MB/44MB, paused 1.184ms total 34.813ms
08-05 03:17:36.002 15957 15969 I art     : Starting a blocking GC Explicit
08-05 03:17:36.038 15957 15969 I art     : Explicit concurrent mark sweep GC freed 3(96B) AllocSpace objects, 0(0B) LOS objects, 36% free, 28MB/44MB, paused 1.262ms total 35.098ms
08-05 03:17:36.351 15957 16294 I art     : Starting a blocking GC Explicit
08-05 03:17:36.397 15957 16294 I art     : Explicit concurrent mark sweep GC freed 1403(83KB) AllocSpace objects, 1(20KB) LOS objects, 36% free, 28MB/44MB, paused 1.290ms total 45.224ms
08-05 03:17:36.409 15957 16294 I art     : Starting a blocking GC Explicit
08-05 03:17:36.441 15957 16294 I art     : Explicit concurrent mark sweep GC freed 23(752B) AllocSpace objects, 0(0B) LOS objects, 36% free, 28MB/44MB, paused 1.174ms total 32.191ms
08-05 03:17:36.452 15957 16294 I art     : Starting a blocking GC Explicit
08-05 03:17:36.485 15957 16294 I art     : Explicit concurrent mark sweep GC freed 3(96B) AllocSpace objects, 0(0B) LOS objects, 36% free, 28MB/44MB, paused 1.180ms total 32.252ms
08-05 03:17:36.496 15957 16294 I art     : Starting a blocking GC Explicit
08-05 03:17:36.529 15957 16294 I art     : Explicit concurrent mark sweep GC freed 3(96B) AllocSpace objects, 0(0B) LOS objects, 36% free, 28MB/44MB, paused 1.254ms total 32.203ms
08-05 03:17:36.540 15957 16294 I art     : Starting a blocking GC Explicit
08-05 03:17:36.574 15957 16294 I art     : Explicit concurrent mark sweep GC freed 3(96B) AllocSpace objects, 0(0B) LOS objects, 36% free, 28MB/44MB, paused 1.214ms total 33.102ms
08-05 03:17:36.886 15957 15969 I art     : Starting a blocking GC Explicit
08-05 03:17:36.922 15957 15969 I art     : Explicit concurrent mark sweep GC freed 1391(81KB) AllocSpace objects, 1(20KB) LOS objects, 36% free, 28MB/44MB, paused 1.186ms total 35.818ms
08-05 03:17:36.935 15957 15969 I art     : Starting a blocking GC Explicit
08-05 03:17:36.941 17680 17680 D AndroidRuntime: >>>>>> START com.android.internal.os.RuntimeInit uid 2000 <<<<<<
08-05 03:17:36.947 17680 17680 D AndroidRuntime: CheckJNI is OFF
08-05 03:17:36.969 15957 15969 I art     : Explicit concurrent mark sweep GC freed 29(944B) AllocSpace objects, 0(0B) LOS objects, 36% free, 28MB/44MB, paused 1.192ms total 33.607ms
08-05 03:17:36.981 15957 15969 I art     : Starting a blocking GC Explicit
08-05 03:17:36.992 17680 17680 D ICU     : No timezone override file found: /data/misc/zoneinfo/current/icu/icu_tzdata.dat
08-05 03:17:37.013 15957 15969 I art     : Explicit concurrent mark sweep GC freed 7(224B) AllocSpace objects, 0(0B) LOS objects, 36% free, 28MB/44MB, paused 1.249ms total 32.408ms
08-05 03:17:37.024 15957 15969 I art     : Starting a blocking GC Explicit
08-05 03:17:37.035 17680 17680 I Radio-JNI: register_android_hardware_Radio DONE
08-05 03:17:37.056 15957 15969 I art     : Explicit concurrent mark sweep GC freed 4(128B) AllocSpace objects, 0(0B) LOS objects, 36% free, 28MB/44MB, paused 1.142ms total 31.767ms
08-05 03:17:37.065 17680 17680 D AndroidRuntime: Calling main entry com.android.commands.input.Input
08-05 03:17:37.068 17680 17680 I Input   : injectMotionEvent: MotionEvent { action=ACTION_DOWN, actionButton=0, id[0]=0, x[0]=616.0, y[0]=469.0, toolType[0]=TOOL_TYPE_UNKNOWN, buttonState=0, metaState=0, flags=0x0, edgeFlags=0x0, pointerCount=1, historySize=0, eventTime=760673480, downTime=760673480, deviceId=0, source=0x1002 }
08-05 03:17:37.068 15957 15969 I art     : Starting a blocking GC Explicit
08-05 03:17:37.073 17680 17680 I Input   : injectMotionEvent: MotionEvent { action=ACTION_UP, actionButton=0, id[0]=0, x[0]=616.0, y[0]=469.0, toolType[0]=TOOL_TYPE_UNKNOWN, buttonState=0, metaState=0, flags=0x0, edgeFlags=0x0, pointerCount=1, historySize=0, eventTime=760673480, downTime=760673480, deviceId=0, source=0x1002 }
08-05 03:17:37.075 17680 17680 D AndroidRuntime: Shutting down VM
08-05 03:17:37.100 15957 15969 I art     : Explicit concurrent mark sweep GC freed 41(1712B) AllocSpace objects, 0(0B) LOS objects, 36% free, 28MB/44MB, paused 1.213ms total 31.569ms
08-05 03:17:37.141   512  2967 D audio_hw_primary: out_set_parameters: enter: usecase(1: low-latency-playback) kvpairs: routing=2
08-05 03:17:37.154   512  2967 D audio_hw_primary: select_devices: out_snd_device(2: speaker) in_snd_device(0: none)
08-05 03:17:37.154   512  2967 D msm8974_platform: platform_send_audio_calibration: sending audio calibration for snd_device(2) acdb_id(15)
08-05 03:17:37.154   512  2967 I soundtrigger: audio_extn_sound_trigger_update_device_status: device 0x2 of type 0 for Event 1
08-05 03:17:37.156 13866 13866 I GoogleInputMethodServic: GoogleInputMethodService.onFinishInput():3138 
08-05 03:17:37.157 13866 13866 I GoogleInputMethodServic: GoogleInputMethodService.onStartInput():1808 
08-05 03:17:37.167   512  2967 D audio_hw_primary: enable_snd_device: snd_device(2: speaker)
08-05 03:17:37.170   512  2967 D audio_hw_primary: enable_audio_route: apply and update mixer path: low-latency-playback speaker
08-05 03:17:37.375 15957 16500 I NAPPA_EXPERIMENTATION: MetricNetworkRequestExecutionTime: REQUEST_DURATION_SYSTEM='234',REQUEST_DURATION_OKHTTP='234',REQUEST_SYNCHRONOUS='TRUE',RESPONSE_CODE='200',RESPONSE_METHOD='GET',RESPONSE_LENGTH_OKHTTP='-1',RESPONSE_LENGTH_HEADER='628',REQUEST_PROTOCOL='h2',REQUEST_URL='https://itunes.apple.com/lookup?id=1524080195',
08-05 03:17:37.376   518   646 I ThermalEngine: ACTION: GPU - Setting GPU[0] to 510000000
08-05 03:17:37.387 15957 16294 I art     : Starting a blocking GC Explicit
08-05 03:17:37.401   918  4413 I ActivityManager: START u0 {cmp=baseline.de.danoeh.antennapod.debug/baseline.de.danoeh.antennapod.activity.OnlineFeedViewActivity (has extras)} from uid 10691 on display 0
08-05 03:17:37.422 15957 16294 I art     : Explicit concurrent mark sweep GC freed 2239(137KB) AllocSpace objects, 1(20KB) LOS objects, 36% free, 28MB/44MB, paused 1.161ms total 34.480ms
08-05 03:17:37.425 13866 13866 I GoogleInputMethodServic: GoogleInputMethodService.onFinishInput():3138 
08-05 03:17:37.426 13866 13866 I GoogleInputMethodServic: GoogleInputMethodService.onStartInput():1808 
08-05 03:17:37.432 15957 16294 I art     : Starting a blocking GC Explicit
08-05 03:17:37.448 15957 15957 D UserPreferences: Using default data folder
08-05 03:17:37.448 15957 15957 D OnlineFeedViewActivity: Activity was started with url https://rss.art19.com/nice-white-parents
08-05 03:17:37.450 15957 15957 D OnlineFeedViewActivity: Starting feed download
08-05 03:17:37.452 15957 15986 D DBReader: Extracting Feedlist
08-05 03:17:37.454   918  6029 D WifiService: acquireWifiLockLocked: WifiLock{Downloader type=1 binder=android.os.BinderProxy@32f2017}
08-05 03:17:37.456 15957 15986 D AntennapodHttpClient: Creating new instance of HTTP client
08-05 03:17:37.461 15957 16294 I art     : Explicit concurrent mark sweep GC freed 1034(72KB) AllocSpace objects, 0(0B) LOS objects, 36% free, 28MB/44MB, paused 1.268ms total 28.431ms
08-05 03:17:37.469 15957 16294 I art     : Starting a blocking GC Explicit
08-05 03:17:37.494 15957 16294 I art     : Explicit concurrent mark sweep GC freed 414(21KB) AllocSpace objects, 0(0B) LOS objects, 36% free, 28MB/44MB, paused 863us total 25.081ms
08-05 03:17:37.503 15957 16294 I art     : Starting a blocking GC Explicit
08-05 03:17:37.507 13866 13866 I GoogleInputMethodServic: GoogleInputMethodService.onFinishInput():3138 
08-05 03:17:37.508 13866 13866 I GoogleInputMethodServic: GoogleInputMethodService.onStartInput():1808 
08-05 03:17:37.529 15957 16294 I art     : Explicit concurrent mark sweep GC freed 155(6KB) AllocSpace objects, 0(0B) LOS objects, 35% free, 28MB/44MB, paused 1.056ms total 25.840ms
08-05 03:17:37.536   918   936 I ActivityManager: Displayed baseline.de.danoeh.antennapod.debug/baseline.de.danoeh.antennapod.activity.OnlineFeedViewActivity: +110ms
08-05 03:17:37.540 15957 16294 I art     : Starting a blocking GC Explicit
08-05 03:17:37.567 15957 16294 I art     : Explicit concurrent mark sweep GC freed 35(1376B) AllocSpace objects, 0(0B) LOS objects, 35% free, 28MB/44MB, paused 1.046ms total 26.694ms
08-05 03:17:37.720   512  2967 D audio_hw_primary: disable_audio_route: reset and update mixer path: low-latency-playback speaker
08-05 03:17:37.721   512  2967 D audio_hw_primary: disable_snd_device: snd_device(2: speaker)
08-05 03:17:37.729   512  2967 I soundtrigger: audio_extn_sound_trigger_update_device_status: device 0x2 of type 0 for Event 0
08-05 03:17:37.772 15957 15986 D MYTAG   : interceptor 3a https://rss.art19.com/nice-white-parents
08-05 03:17:37.772 15957 15986 I NAPPA_EXPERIMENTATION: MetricNetworkRequestExecutionTime: REQUEST_DURATION_SYSTEM='315',REQUEST_DURATION_OKHTTP='148',REQUEST_SYNCHRONOUS='TRUE',RESPONSE_CODE='200',RESPONSE_METHOD='GET',RESPONSE_LENGTH_OKHTTP='-1',RESPONSE_LENGTH_HEADER='1803',REQUEST_PROTOCOL='h2',REQUEST_URL='https://rss.art19.com/nice-white-parents',
08-05 03:17:37.772 15957 15986 D HttpDownloader: Response code is 200
08-05 03:17:37.773 15957 15986 D UserPreferences: Using default data folder
08-05 03:17:37.776 15957 15986 D HttpDownloader: Getting size of download
08-05 03:17:37.776 15957 15986 D HttpDownloader: Size is -1
08-05 03:17:37.776 15957 15986 D UserPreferences: Using default data folder
08-05 03:17:37.777 15957 15986 D HttpDownloader: Free space is 20232552448
08-05 03:17:37.777 15957 15986 D HttpDownloader: Starting download
08-05 03:17:37.783   380   380 W SurfaceFlinger: couldn't log to binary event log: overflow.
08-05 03:17:37.787 15957 15986 D HttpDownloader: Download was successful
08-05 03:17:37.787   918  3670 D WifiService: releaseWifiLockLocked: WifiLock{Downloader type=1 binder=android.os.BinderProxy@32f2017}
08-05 03:17:37.788 15957 15957 D OnlineFeedViewActivity: Parsing feed
08-05 03:17:37.790 15957 17729 D TypeGetter: Recognized type RSS 2.0
08-05 03:17:37.792 15957 17729 D SyndHandler: Recognized ITunes namespace
08-05 03:17:37.792 15957 17729 D SyndHandler: Recognized Atom namespace
08-05 03:17:37.792 15957 17729 D SyndHandler: Recognized Content namespace
08-05 03:17:37.800 15957 17729 D OnlineFeedViewActivity: Deleted feed source file. Result: true
08-05 03:17:37.801 15957 15957 D OnlineFeedViewActivity: Removing HTML from shownotes
08-05 03:17:37.850 15957 17659 I art     : Starting a blocking GC Explicit
08-05 03:17:37.877 15957 17659 I art     : Explicit concurrent mark sweep GC freed 7978(579KB) AllocSpace objects, 8(348KB) LOS objects, 35% free, 28MB/44MB, paused 870us total 26.976ms
08-05 03:17:37.886 15957 17659 I art     : Starting a blocking GC Explicit
08-05 03:17:37.902 15957 15957 D PlaybackController: Releasing PlaybackController
08-05 03:17:37.913 15957 17659 I art     : Explicit concurrent mark sweep GC freed 1770(158KB) AllocSpace objects, 0(0B) LOS objects, 35% free, 28MB/44MB, paused 1.122ms total 26.299ms
08-05 03:17:37.922 15957 17659 I art     : Starting a blocking GC Explicit
08-05 03:17:37.948 15957 17659 I art     : Explicit concurrent mark sweep GC freed 47(1856B) AllocSpace objects, 1(112KB) LOS objects, 35% free, 28MB/44MB, paused 951us total 25.774ms
08-05 03:17:37.956 15957 17659 I art     : Starting a blocking GC Explicit
08-05 03:17:37.982 15957 17659 I art     : Explicit concurrent mark sweep GC freed 23(800B) AllocSpace objects, 0(0B) LOS objects, 35% free, 28MB/44MB, paused 922us total 25.819ms
08-05 03:17:37.991 15957 17659 I art     : Starting a blocking GC Explicit
08-05 03:17:38.019 15957 17659 I art     : Explicit concurrent mark sweep GC freed 3(96B) AllocSpace objects, 0(0B) LOS objects, 35% free, 28MB/44MB, paused 945us total 27.906ms
08-05 03:17:38.311 15957 15980 I art     : Starting a blocking GC Explicit
08-05 03:17:38.348 15957 15980 I art     : Explicit concurrent mark sweep GC freed 1403(83KB) AllocSpace objects, 1(20KB) LOS objects, 35% free, 28MB/44MB, paused 1.029ms total 36.563ms
08-05 03:17:38.358 15957 15980 I art     : Starting a blocking GC Explicit
08-05 03:17:38.381   518   646 I ThermalEngine: ACTION: GPU - Setting GPU[0] to 450000000
08-05 03:17:38.391 15957 15980 I art     : Explicit concurrent mark sweep GC freed 23(752B) AllocSpace objects, 0(0B) LOS objects, 35% free, 28MB/44MB, paused 1.288ms total 32.680ms
08-05 03:17:38.404 15957 15980 I art     : Starting a blocking GC Explicit
08-05 03:17:38.440 15957 15980 I art     : Explicit concurrent mark sweep GC freed 3(96B) AllocSpace objects, 0(0B) LOS objects, 35% free, 28MB/44MB, paused 1.284ms total 35.968ms
08-05 03:17:38.452 15957 15980 I art     : Starting a blocking GC Explicit
08-05 03:17:38.489 15957 15980 I art     : Explicit concurrent mark sweep GC freed 3(96B) AllocSpace objects, 0(0B) LOS objects, 35% free, 28MB/44MB, paused 1.319ms total 36.564ms
08-05 03:17:38.501 15957 15980 I art     : Starting a blocking GC Explicit
08-05 03:17:38.538 15957 15980 I art     : Explicit concurrent mark sweep GC freed 3(96B) AllocSpace objects, 0(0B) LOS objects, 35% free, 28MB/44MB, paused 1.436ms total 36.994ms
08-05 03:17:38.868 15957 15969 I art     : Starting a blocking GC Explicit
08-05 03:17:38.920 15957 15969 I art     : Explicit concurrent mark sweep GC freed 1372(80KB) AllocSpace objects, 1(20KB) LOS objects, 35% free, 28MB/44MB, paused 1.646ms total 52.521ms
08-05 03:17:38.936 15957 15969 I art     : Starting a blocking GC Explicit
08-05 03:17:38.976 15957 15969 I art     : Explicit concurrent mark sweep GC freed 23(752B) AllocSpace objects, 0(0B) LOS objects, 35% free, 28MB/44MB, paused 1.294ms total 39.690ms
08-05 03:17:38.991 15957 15969 I art     : Starting a blocking GC Explicit
08-05 03:17:39.030 15957 15969 I art     : Explicit concurrent mark sweep GC freed 3(96B) AllocSpace objects, 0(0B) LOS objects, 35% free, 28MB/44MB, paused 1.255ms total 38.692ms
08-05 03:17:39.042 15957 15969 I art     : Starting a blocking GC Explicit
08-05 03:17:39.082 15957 15969 I art     : Explicit concurrent mark sweep GC freed 3(96B) AllocSpace objects, 0(0B) LOS objects, 35% free, 28MB/44MB, paused 1.293ms total 38.823ms
08-05 03:17:39.094 15957 15969 I art     : Starting a blocking GC Explicit
08-05 03:17:39.134 15957 15969 I art     : Explicit concurrent mark sweep GC freed 3(96B) AllocSpace objects, 0(0B) LOS objects, 35% free, 28MB/44MB, paused 1.299ms total 39.794ms
08-05 03:17:39.385   518   646 I ThermalEngine: ACTION: GPU - Setting GPU[0] to 510000000
08-05 03:17:39.504 15957 15969 I art     : Starting a blocking GC Explicit
08-05 03:17:39.534 15957 15969 I art     : Explicit concurrent mark sweep GC freed 1414(81KB) AllocSpace objects, 1(20KB) LOS objects, 35% free, 28MB/44MB, paused 917us total 30.734ms
08-05 03:17:39.544 15957 15969 I art     : Starting a blocking GC Explicit
08-05 03:17:39.573 15957 15969 I art     : Explicit concurrent mark sweep GC freed 29(944B) AllocSpace objects, 0(0B) LOS objects, 35% free, 28MB/44MB, paused 848us total 28.570ms
08-05 03:17:39.583 15957 15969 I art     : Starting a blocking GC Explicit
08-05 03:17:39.610 15957 15969 I art     : Explicit concurrent mark sweep GC freed 7(224B) AllocSpace objects, 0(0B) LOS objects, 35% free, 28MB/44MB, paused 866us total 26.952ms
08-05 03:17:39.620 15957 15969 I art     : Starting a blocking GC Explicit
08-05 03:17:39.647 15957 15969 I art     : Explicit concurrent mark sweep GC freed 7(224B) AllocSpace objects, 0(0B) LOS objects, 35% free, 28MB/44MB, paused 1.070ms total 27.601ms
08-05 03:17:39.657 15957 15969 I art     : Starting a blocking GC Explicit
08-05 03:17:39.685 15957 15969 I art     : Explicit concurrent mark sweep GC freed 6(192B) AllocSpace objects, 0(0B) LOS objects, 35% free, 28MB/44MB, paused 926us total 27.800ms
08-05 03:17:40.013 15957 16294 I art     : Starting a blocking GC Explicit
08-05 03:17:40.050 15957 16294 I art     : Explicit concurrent mark sweep GC freed 1372(80KB) AllocSpace objects, 1(20KB) LOS objects, 35% free, 28MB/44MB, paused 1.057ms total 37.120ms
08-05 03:17:40.062 15957 16294 I art     : Starting a blocking GC Explicit
08-05 03:17:40.093 15957 16294 I art     : Explicit concurrent mark sweep GC freed 23(752B) AllocSpace objects, 0(0B) LOS objects, 35% free, 28MB/44MB, paused 964us total 30.102ms
08-05 03:17:40.102 15957 16294 I art     : Starting a blocking GC Explicit
08-05 03:17:40.132 15957 16294 I art     : Explicit concurrent mark sweep GC freed 3(96B) AllocSpace objects, 0(0B) LOS objects, 35% free, 28MB/44MB, paused 911us total 29.027ms
08-05 03:17:40.141 15957 16294 I art     : Starting a blocking GC Explicit
08-05 03:17:40.170 15957 16294 I art     : Explicit concurrent mark sweep GC freed 3(96B) AllocSpace objects, 0(0B) LOS objects, 35% free, 28MB/44MB, paused 958us total 28.437ms
08-05 03:17:40.179 15957 16294 I art     : Starting a blocking GC Explicit
08-05 03:17:40.209 15957 16294 I art     : Explicit concurrent mark sweep GC freed 3(96B) AllocSpace objects, 0(0B) LOS objects, 35% free, 28MB/44MB, paused 966us total 29.508ms
08-05 03:17:40.530 15957 17659 I art     : Starting a blocking GC Explicit
08-05 03:17:40.567 15957 17659 I art     : Explicit concurrent mark sweep GC freed 1401(81KB) AllocSpace objects, 1(20KB) LOS objects, 35% free, 28MB/44MB, paused 1.016ms total 36.790ms
08-05 03:17:40.580 15957 17659 I art     : Starting a blocking GC Explicit
08-05 03:17:40.609 15957 17659 I art     : Explicit concurrent mark sweep GC freed 23(752B) AllocSpace objects, 0(0B) LOS objects, 35% free, 28MB/44MB, paused 967us total 28.759ms
08-05 03:17:40.618 15957 17659 I art     : Starting a blocking GC Explicit
08-05 03:17:40.648 15957 17659 I art     : Explicit concurrent mark sweep GC freed 3(96B) AllocSpace objects, 0(0B) LOS objects, 35% free, 28MB/44MB, paused 1.008ms total 29.538ms
08-05 03:17:40.658 15957 17659 I art     : Starting a blocking GC Explicit
08-05 03:17:40.687 15957 17659 I art     : Explicit concurrent mark sweep GC freed 3(96B) AllocSpace objects, 0(0B) LOS objects, 35% free, 28MB/44MB, paused 1.029ms total 29.483ms
08-05 03:17:40.697 15957 17659 I art     : Starting a blocking GC Explicit
08-05 03:17:40.727 15957 17659 I art     : Explicit concurrent mark sweep GC freed 3(96B) AllocSpace objects, 0(0B) LOS objects, 35% free, 28MB/44MB, paused 1.086ms total 29.137ms
08-05 03:17:40.977  9999  9999 I ServiceManager: Waiting for service AtCmdFwd...
08-05 03:17:41.076 15957 15969 I art     : Starting a blocking GC Explicit
08-05 03:17:41.116 15957 15969 I art     : Explicit concurrent mark sweep GC freed 1373(82KB) AllocSpace objects, 1(20KB) LOS objects, 35% free, 28MB/44MB, paused 965us total 39.871ms
08-05 03:17:41.126 15957 15969 I art     : Starting a blocking GC Explicit
08-05 03:17:41.156 15957 15969 I art     : Explicit concurrent mark sweep GC freed 23(752B) AllocSpace objects, 0(0B) LOS objects, 35% free, 28MB/44MB, paused 938us total 29.770ms
08-05 03:17:41.165 15957 15969 I art     : Starting a blocking GC Explicit
08-05 03:17:41.195 15957 15969 I art     : Explicit concurrent mark sweep GC freed 3(96B) AllocSpace objects, 0(0B) LOS objects, 35% free, 28MB/44MB, paused 960us total 29.404ms
08-05 03:17:41.205 15957 15969 I art     : Starting a blocking GC Explicit
08-05 03:17:41.234 15957 15969 I art     : Explicit concurrent mark sweep GC freed 35(960B) AllocSpace objects, 0(0B) LOS objects, 35% free, 28MB/44MB, paused 960us total 29.173ms
08-05 03:17:41.244 15957 15969 I art     : Starting a blocking GC Explicit
08-05 03:17:41.273 15957 15969 I art     : Explicit concurrent mark sweep GC freed 5(368B) AllocSpace objects, 0(0B) LOS objects, 35% free, 28MB/44MB, paused 946us total 29.056ms
08-05 03:17:41.591 15957 15980 I art     : Starting a blocking GC Explicit
08-05 03:17:41.629 15957 15980 I art     : Explicit concurrent mark sweep GC freed 1372(80KB) AllocSpace objects, 1(20KB) LOS objects, 35% free, 28MB/44MB, paused 1.115ms total 37.754ms
08-05 03:17:41.643 15957 15980 I art     : Starting a blocking GC Explicit
08-05 03:17:41.674 15957 15980 I art     : Explicit concurrent mark sweep GC freed 54(3KB) AllocSpace objects, 0(0B) LOS objects, 35% free, 28MB/44MB, paused 932us total 30.650ms
08-05 03:17:41.684 15957 15980 I art     : Starting a blocking GC Explicit
08-05 03:17:41.713 15957 15980 I art     : Explicit concurrent mark sweep GC freed 10(496B) AllocSpace objects, 0(0B) LOS objects, 35% free, 28MB/44MB, paused 891us total 28.893ms
08-05 03:17:41.722 15957 15980 I art     : Starting a blocking GC Explicit
08-05 03:17:41.752 15957 15980 I art     : Explicit concurrent mark sweep GC freed 3(96B) AllocSpace objects, 0(0B) LOS objects, 35% free, 28MB/44MB, paused 931us total 29.356ms
08-05 03:17:41.762 15957 15980 I art     : Starting a blocking GC Explicit
08-05 03:17:41.791 15957 15980 I art     : Explicit concurrent mark sweep GC freed 3(96B) AllocSpace objects, 0(0B) LOS objects, 35% free, 28MB/44MB, paused 943us total 29.363ms
08-05 03:17:41.978  9999  9999 I ServiceManager: Waiting for service AtCmdFwd...
08-05 03:17:42.140 15957 15970 I art     : Starting a blocking GC Explicit
08-05 03:17:42.185 15957 15970 I art     : Explicit concurrent mark sweep GC freed 1372(80KB) AllocSpace objects, 1(20KB) LOS objects, 35% free, 28MB/44MB, paused 1.011ms total 44.344ms
08-05 03:17:42.200 15957 15970 I art     : Starting a blocking GC Explicit
08-05 03:17:42.234 15957 15970 I art     : Explicit concurrent mark sweep GC freed 52(1536B) AllocSpace objects, 0(0B) LOS objects, 35% free, 28MB/44MB, paused 1.029ms total 33.293ms
08-05 03:17:42.244 15957 15970 I art     : Starting a blocking GC Explicit
08-05 03:17:42.273 15957 15970 I art     : Explicit concurrent mark sweep GC freed 3(96B) AllocSpace objects, 0(0B) LOS objects, 35% free, 28MB/44MB, paused 920us total 28.874ms
08-05 03:17:42.282 15957 15970 I art     : Starting a blocking GC Explicit
08-05 03:17:42.312 15957 15970 I art     : Explicit concurrent mark sweep GC freed 3(96B) AllocSpace objects, 0(0B) LOS objects, 35% free, 28MB/44MB, paused 927us total 28.976ms
08-05 03:17:42.321 15957 15970 I art     : Starting a blocking GC Explicit
08-05 03:17:42.350 15957 15970 I art     : Explicit concurrent mark sweep GC freed 3(96B) AllocSpace objects, 0(0B) LOS objects, 35% free, 28MB/44MB, paused 934us total 28.717ms
08-05 03:17:42.673 15957 16294 I art     : Starting a blocking GC Explicit
08-05 03:17:42.710 15957 16294 I art     : Explicit concurrent mark sweep GC freed 1489(89KB) AllocSpace objects, 1(20KB) LOS objects, 35% free, 28MB/44MB, paused 953us total 36.361ms
08-05 03:17:42.724 15957 16294 I art     : Starting a blocking GC Explicit
08-05 03:17:42.752 15957 16294 I art     : Explicit concurrent mark sweep GC freed 23(752B) AllocSpace objects, 0(0B) LOS objects, 35% free, 28MB/44MB, paused 846us total 27.690ms
08-05 03:17:42.761 15957 16294 I art     : Starting a blocking GC Explicit
08-05 03:17:42.790 15957 16294 I art     : Explicit concurrent mark sweep GC freed 3(96B) AllocSpace objects, 0(0B) LOS objects, 35% free, 28MB/44MB, paused 825us total 28.469ms
08-05 03:17:42.799 15957 16294 I art     : Starting a blocking GC Explicit
08-05 03:17:42.828 15957 16294 I art     : Explicit concurrent mark sweep GC freed 3(96B) AllocSpace objects, 0(0B) LOS objects, 35% free, 28MB/44MB, paused 919us total 28.640ms
08-05 03:17:42.838 15957 16294 I art     : Starting a blocking GC Explicit
08-05 03:17:42.868 15957 16294 I art     : Explicit concurrent mark sweep GC freed 3(96B) AllocSpace objects, 0(0B) LOS objects, 35% free, 28MB/44MB, paused 978us total 29.773ms
08-05 03:17:42.978  9999  9999 I ServiceManager: Waiting for service AtCmdFwd...
08-05 03:17:43.205 15957 17659 I art     : Starting a blocking GC Explicit
08-05 03:17:43.243 15957 17659 I art     : Explicit concurrent mark sweep GC freed 1401(81KB) AllocSpace objects, 1(20KB) LOS objects, 35% free, 28MB/44MB, paused 1.006ms total 37.976ms
08-05 03:17:43.255 15957 17659 I art     : Starting a blocking GC Explicit
08-05 03:17:43.284 15957 17659 I art     : Explicit concurrent mark sweep GC freed 23(752B) AllocSpace objects, 0(0B) LOS objects, 35% free, 28MB/44MB, paused 859us total 28.813ms
08-05 03:17:43.294 15957 17659 I art     : Starting a blocking GC Explicit
08-05 03:17:43.323 15957 17659 I art     : Explicit concurrent mark sweep GC freed 3(96B) AllocSpace objects, 0(0B) LOS objects, 35% free, 28MB/44MB, paused 839us total 28.697ms
08-05 03:17:43.333 15957 17659 I art     : Starting a blocking GC Explicit
08-05 03:17:43.362 15957 17659 I art     : Explicit concurrent mark sweep GC freed 3(96B) AllocSpace objects, 0(0B) LOS objects, 35% free, 28MB/44MB, paused 857us total 29.185ms
08-05 03:17:43.371 15957 17659 I art     : Starting a blocking GC Explicit
08-05 03:17:43.397 15957 17659 I art     : Explicit concurrent mark sweep GC freed 3(96B) AllocSpace objects, 0(0B) LOS objects, 35% free, 28MB/44MB, paused 815us total 25.329ms
08-05 03:17:43.734 15957 15969 I art     : Starting a blocking GC Explicit
08-05 03:17:43.770 15957 15969 I art     : Explicit concurrent mark sweep GC freed 1372(80KB) AllocSpace objects, 1(20KB) LOS objects, 35% free, 28MB/44MB, paused 892us total 36.289ms
08-05 03:17:43.781 15957 15969 I art     : Starting a blocking GC Explicit
08-05 03:17:43.811 15957 15969 I art     : Explicit concurrent mark sweep GC freed 23(752B) AllocSpace objects, 0(0B) LOS objects, 35% free, 28MB/44MB, paused 853us total 29.315ms
08-05 03:17:43.821 15957 15969 I art     : Starting a blocking GC Explicit
08-05 03:17:43.850 15957 15969 I art     : Explicit concurrent mark sweep GC freed 3(96B) AllocSpace objects, 0(0B) LOS objects, 35% free, 28MB/44MB, paused 817us total 28.809ms
08-05 03:17:43.859 15957 15969 I art     : Starting a blocking GC Explicit
08-05 03:17:43.888 15957 15969 I art     : Explicit concurrent mark sweep GC freed 3(96B) AllocSpace objects, 0(0B) LOS objects, 35% free, 28MB/44MB, paused 829us total 28.177ms
08-05 03:17:43.897 15957 15969 I art     : Starting a blocking GC Explicit
08-05 03:17:43.927 15957 15969 I art     : Explicit concurrent mark sweep GC freed 3(96B) AllocSpace objects, 0(0B) LOS objects, 35% free, 28MB/44MB, paused 849us total 29.142ms
08-05 03:17:43.979  9999  9999 I ServiceManager: Waiting for service AtCmdFwd...
08-05 03:17:44.248 15957 15980 I art     : Starting a blocking GC Explicit
08-05 03:17:44.285 15957 15980 I art     : Explicit concurrent mark sweep GC freed 1401(81KB) AllocSpace objects, 1(20KB) LOS objects, 35% free, 28MB/44MB, paused 930us total 35.762ms
08-05 03:17:44.297 15957 15980 I art     : Starting a blocking GC Explicit
08-05 03:17:44.327 15957 15980 I art     : Explicit concurrent mark sweep GC freed 23(752B) AllocSpace objects, 0(0B) LOS objects, 35% free, 28MB/44MB, paused 933us total 29.514ms
08-05 03:17:44.337 15957 15980 I art     : Starting a blocking GC Explicit
08-05 03:17:44.367 15957 15980 I art     : Explicit concurrent mark sweep GC freed 3(96B) AllocSpace objects, 0(0B) LOS objects, 35% free, 28MB/44MB, paused 861us total 29.495ms
08-05 03:17:44.376 15957 15980 I art     : Starting a blocking GC Explicit
08-05 03:17:44.406 15957 15980 I art     : Explicit concurrent mark sweep GC freed 3(96B) AllocSpace objects, 0(0B) LOS objects, 35% free, 28MB/44MB, paused 847us total 29.152ms
08-05 03:17:44.415 15957 15980 I art     : Starting a blocking GC Explicit
08-05 03:17:44.445 15957 15980 I art     : Explicit concurrent mark sweep GC freed 3(96B) AllocSpace objects, 0(0B) LOS objects, 35% free, 28MB/44MB, paused 962us total 29.615ms
08-05 03:17:44.768 15957 15970 I art     : Starting a blocking GC Explicit
08-05 03:17:44.805 15957 15970 I art     : Explicit concurrent mark sweep GC freed 1372(80KB) AllocSpace objects, 1(20KB) LOS objects, 35% free, 28MB/44MB, paused 917us total 36.634ms
08-05 03:17:44.818 15957 15970 I art     : Starting a blocking GC Explicit
08-05 03:17:44.847 15957 15970 I art     : Explicit concurrent mark sweep GC freed 23(752B) AllocSpace objects, 0(0B) LOS objects, 35% free, 28MB/44MB, paused 1.038ms total 28.728ms
08-05 03:17:44.856 15957 15970 I art     : Starting a blocking GC Explicit
08-05 03:17:44.885 15957 15970 I art     : Explicit concurrent mark sweep GC freed 3(96B) AllocSpace objects, 0(0B) LOS objects, 35% free, 28MB/44MB, paused 846us total 28.031ms
08-05 03:17:44.894 15957 15970 I art     : Starting a blocking GC Explicit
08-05 03:17:44.924 15957 15970 I art     : Explicit concurrent mark sweep GC freed 3(96B) AllocSpace objects, 0(0B) LOS objects, 35% free, 28MB/44MB, paused 865us total 29.177ms
08-05 03:17:44.933 15957 15970 I art     : Starting a blocking GC Explicit
08-05 03:17:44.963 15957 15970 I art     : Explicit concurrent mark sweep GC freed 3(96B) AllocSpace objects, 0(0B) LOS objects, 35% free, 28MB/44MB, paused 866us total 29.706ms
08-05 03:17:44.980  9999  9999 I ServiceManager: Waiting for service AtCmdFwd...
08-05 03:17:45.291 15957 16294 I art     : Starting a blocking GC Explicit
08-05 03:17:45.330 15957 16294 I art     : Explicit concurrent mark sweep GC freed 1401(81KB) AllocSpace objects, 1(20KB) LOS objects, 35% free, 28MB/44MB, paused 979us total 38.429ms
08-05 03:17:45.340 15957 16294 I art     : Starting a blocking GC Explicit
08-05 03:17:45.365 15957 16294 I art     : Explicit concurrent mark sweep GC freed 23(752B) AllocSpace objects, 0(0B) LOS objects, 35% free, 28MB/44MB, paused 865us total 25.239ms
08-05 03:17:45.374 15957 16294 I art     : Starting a blocking GC Explicit
08-05 03:17:45.400 15957 16294 I art     : Explicit concurrent mark sweep GC freed 3(96B) AllocSpace objects, 0(0B) LOS objects, 35% free, 28MB/44MB, paused 830us total 26.110ms
08-05 03:17:45.409 15957 16294 I art     : Starting a blocking GC Explicit
08-05 03:17:45.435 15957 16294 I art     : Explicit concurrent mark sweep GC freed 3(96B) AllocSpace objects, 0(0B) LOS objects, 35% free, 28MB/44MB, paused 841us total 26.221ms
08-05 03:17:45.445 15957 16294 I art     : Starting a blocking GC Explicit
08-05 03:17:45.472 15957 16294 I art     : Explicit concurrent mark sweep GC freed 3(96B) AllocSpace objects, 0(0B) LOS objects, 35% free, 28MB/44MB, paused 865us total 27.073ms
08-05 03:17:45.726 17871 17871 D AndroidRuntime: >>>>>> START com.android.internal.os.RuntimeInit uid 2000 <<<<<<
08-05 03:17:45.731 17871 17871 D AndroidRuntime: CheckJNI is OFF
08-05 03:17:45.767 17871 17871 D ICU     : No timezone override file found: /data/misc/zoneinfo/current/icu/icu_tzdata.dat
08-05 03:17:45.794 15957 17659 I art     : Starting a blocking GC Explicit
08-05 03:17:45.801 17871 17871 I Radio-JNI: register_android_hardware_Radio DONE
08-05 03:17:45.823 15957 17659 I art     : Explicit concurrent mark sweep GC freed 1372(80KB) AllocSpace objects, 1(20KB) LOS objects, 35% free, 28MB/44MB, paused 858us total 29.064ms
08-05 03:17:45.824 17871 17871 D AndroidRuntime: Calling main entry com.android.commands.input.Input
08-05 03:17:45.827 17871 17871 I Input   : injectKeyEvent: KeyEvent { action=ACTION_DOWN, keyCode=KEYCODE_BACK, scanCode=0, metaState=0, flags=0x0, repeatCount=0, eventTime=760682240, downTime=760682240, deviceId=-1, source=0x101 }
08-05 03:17:45.832 17871 17871 I Input   : injectKeyEvent: KeyEvent { action=ACTION_UP, keyCode=KEYCODE_BACK, scanCode=0, metaState=0, flags=0x0, repeatCount=0, eventTime=760682240, downTime=760682240, deviceId=-1, source=0x101 }
08-05 03:17:45.833 15957 17659 I art     : Starting a blocking GC Explicit
08-05 03:17:45.839 17871 17871 D AndroidRuntime: Shutting down VM
08-05 03:17:45.843 15957 15957 V PlaybackController: initServiceNotRunning()
08-05 03:17:45.843 15957 15957 D ExternalPlayerFragment: Loading media info
08-05 03:17:45.847 15957 15957 D UserPreferences: Using default data folder
08-05 03:17:45.851 15957 15986 D DBReader: getNavDrawerData() called with: 
08-05 03:17:45.862 15957 17659 I art     : Explicit concurrent mark sweep GC freed 404(22KB) AllocSpace objects, 0(0B) LOS objects, 35% free, 28MB/44MB, paused 1.507ms total 28.678ms
08-05 03:17:45.863 15957 15986 D DBReader: getDownloadedItems() called
08-05 03:17:45.864 15957 15986 D DBReader: getFavoriteIDList() called
08-05 03:17:45.865 15957 15986 D DBReader: getQueueIDList() called
08-05 03:17:45.865 15957 15986 D DBReader: Extracting Feedlist
08-05 03:17:45.870 15957 17659 I art     : Starting a blocking GC Explicit
08-05 03:17:45.880 13866 13866 I GoogleInputMethodServic: GoogleInputMethodService.onFinishInput():3138 
08-05 03:17:45.881 13866 13866 I GoogleInputMethodServic: GoogleInputMethodService.onStartInput():1808 
08-05 03:17:45.895 15957 15957 D MainActivity: getLastNavFragment() -> AddFeedFragment
08-05 03:17:45.896 15957 17659 I art     : Explicit concurrent mark sweep GC freed 398(34KB) AllocSpace objects, 0(0B) LOS objects, 35% free, 28MB/44MB, paused 836us total 24.459ms
08-05 03:17:45.904 15957 17659 I art     : Starting a blocking GC Explicit
08-05 03:17:45.931 15957 17659 I art     : Explicit concurrent mark sweep GC freed 596(28KB) AllocSpace objects, 0(0B) LOS objects, 35% free, 28MB/44MB, paused 1.098ms total 26.512ms
08-05 03:17:45.940 15957 17659 I art     : Starting a blocking GC Explicit
08-05 03:17:45.964 15957 17659 I art     : Explicit concurrent mark sweep GC freed 63(3KB) AllocSpace objects, 0(0B) LOS objects, 35% free, 28MB/44MB, paused 747us total 24.427ms
08-05 03:17:45.981  9999  9999 W Atfwd_Sendcmd: AtCmdFwd service not published, waiting... retryCnt : 3
08-05 03:17:46.193   380   380 W SurfaceFlinger: couldn't log to binary event log: overflow.
08-05 03:17:46.241 15957 17659 I art     : Starting a blocking GC Explicit
08-05 03:17:46.270 15957 17659 I art     : Explicit concurrent mark sweep GC freed 2108(114KB) AllocSpace objects, 1(20KB) LOS objects, 35% free, 28MB/44MB, paused 875us total 28.855ms
08-05 03:17:46.280 15957 17659 I art     : Starting a blocking GC Explicit
08-05 03:17:46.306 15957 17659 I art     : Explicit concurrent mark sweep GC freed 2457(152KB) AllocSpace objects, 1(28KB) LOS objects, 36% free, 28MB/44MB, paused 812us total 26.669ms
08-05 03:17:46.316 15957 17659 I art     : Starting a blocking GC Explicit
08-05 03:17:46.343 15957 17659 I art     : Explicit concurrent mark sweep GC freed 3(96B) AllocSpace objects, 0(0B) LOS objects, 36% free, 28MB/44MB, paused 785us total 27.027ms
08-05 03:17:46.353 15957 17659 I art     : Starting a blocking GC Explicit
08-05 03:17:46.381 15957 17659 I art     : Explicit concurrent mark sweep GC freed 3(96B) AllocSpace objects, 0(0B) LOS objects, 36% free, 28MB/44MB, paused 834us total 28.418ms
08-05 03:17:46.391 15957 17659 I art     : Starting a blocking GC Explicit
08-05 03:17:46.419 15957 17659 I art     : Explicit concurrent mark sweep GC freed 3(96B) AllocSpace objects, 0(0B) LOS objects, 36% free, 28MB/44MB, paused 873us total 27.945ms
08-05 03:17:46.705 15957 16294 I art     : Starting a blocking GC Explicit
08-05 03:17:46.746 15957 16294 I art     : Explicit concurrent mark sweep GC freed 1374(82KB) AllocSpace objects, 1(20KB) LOS objects, 36% free, 28MB/44MB, paused 897us total 40.223ms
08-05 03:17:46.761 15957 16294 I art     : Starting a blocking GC Explicit
08-05 03:17:46.788 15957 16294 I art     : Explicit concurrent mark sweep GC freed 23(752B) AllocSpace objects, 0(0B) LOS objects, 36% free, 28MB/44MB, paused 862us total 27.288ms
08-05 03:17:46.798 15957 16294 I art     : Starting a blocking GC Explicit
08-05 03:17:46.826 15957 16294 I art     : Explicit concurrent mark sweep GC freed 3(96B) AllocSpace objects, 0(0B) LOS objects, 36% free, 28MB/44MB, paused 830us total 28ms
08-05 03:17:46.835 15957 16294 I art     : Starting a blocking GC Explicit
08-05 03:17:46.863 15957 16294 I art     : Explicit concurrent mark sweep GC freed 3(96B) AllocSpace objects, 0(0B) LOS objects, 36% free, 28MB/44MB, paused 863us total 27.524ms
08-05 03:17:46.873 15957 16294 I art     : Starting a blocking GC Explicit
08-05 03:17:46.901 15957 16294 I art     : Explicit concurrent mark sweep GC freed 3(96B) AllocSpace objects, 0(0B) LOS objects, 36% free, 28MB/44MB, paused 860us total 28.395ms
08-05 03:17:47.191 15957 15969 I art     : Starting a blocking GC Explicit
08-05 03:17:47.218 15957 15969 I art     : Explicit concurrent mark sweep GC freed 1402(81KB) AllocSpace objects, 1(20KB) LOS objects, 36% free, 28MB/44MB, paused 860us total 27.664ms
08-05 03:17:47.228 15957 15969 I art     : Starting a blocking GC Explicit
08-05 03:17:47.255 15957 15969 I art     : Explicit concurrent mark sweep GC freed 23(752B) AllocSpace objects, 0(0B) LOS objects, 36% free, 28MB/44MB, paused 925us total 27.091ms
08-05 03:17:47.265 15957 15969 I art     : Starting a blocking GC Explicit
08-05 03:17:47.291 15957 15969 I art     : Explicit concurrent mark sweep GC freed 3(96B) AllocSpace objects, 0(0B) LOS objects, 36% free, 28MB/44MB, paused 861us total 26.368ms
08-05 03:17:47.300 15957 15969 I art     : Starting a blocking GC Explicit
08-05 03:17:47.327 15957 15969 I art     : Explicit concurrent mark sweep GC freed 3(96B) AllocSpace objects, 0(0B) LOS objects, 36% free, 28MB/44MB, paused 921us total 26.723ms
08-05 03:17:47.337 15957 15969 I art     : Starting a blocking GC Explicit
08-05 03:17:47.365 15957 15969 I art     : Explicit concurrent mark sweep GC freed 3(96B) AllocSpace objects, 0(0B) LOS objects, 36% free, 28MB/44MB, paused 882us total 27.837ms
08-05 03:17:47.507 17920 17920 D AndroidRuntime: >>>>>> START com.android.internal.os.RuntimeInit uid 2000 <<<<<<
08-05 03:17:47.511 17920 17920 D AndroidRuntime: CheckJNI is OFF
08-05 03:17:47.545 17920 17920 D ICU     : No timezone override file found: /data/misc/zoneinfo/current/icu/icu_tzdata.dat
08-05 03:17:47.578 17920 17920 I Radio-JNI: register_android_hardware_Radio DONE
08-05 03:17:47.599 17920 17920 D AndroidRuntime: Calling main entry com.android.commands.input.Input
08-05 03:17:47.601 17920 17920 I Input   : injectKeyEvent: KeyEvent { action=ACTION_DOWN, keyCode=KEYCODE_BACK, scanCode=0, metaState=0, flags=0x0, repeatCount=0, eventTime=760684014, downTime=760684014, deviceId=-1, source=0x101 }
08-05 03:17:47.604 17920 17920 I Input   : injectKeyEvent: KeyEvent { action=ACTION_UP, keyCode=KEYCODE_BACK, scanCode=0, metaState=0, flags=0x0, repeatCount=0, eventTime=760684014, downTime=760684014, deviceId=-1, source=0x101 }
08-05 03:17:47.614 13866 13866 I GoogleInputMethodServic: GoogleInputMethodService.onFinishInput():3138 
08-05 03:17:47.614 13866 13866 I GoogleInputMethodServic: GoogleInputMethodService.onStartInput():1808 
08-05 03:17:47.618 17920 17920 D AndroidRuntime: Shutting down VM
08-05 03:17:47.638 15957 17659 I art     : Starting a blocking GC Explicit
08-05 03:17:47.665 15957 17659 I art     : Explicit concurrent mark sweep GC freed 2541(128KB) AllocSpace objects, 1(20KB) LOS objects, 36% free, 28MB/44MB, paused 831us total 26.562ms
08-05 03:17:47.674 15957 17659 I art     : Starting a blocking GC Explicit
08-05 03:17:47.702 15957 17659 I art     : Explicit concurrent mark sweep GC freed 2658(177KB) AllocSpace objects, 9(1540KB) LOS objects, 37% free, 26MB/42MB, paused 832us total 26.925ms
08-05 03:17:47.711 15957 17659 I art     : Starting a blocking GC Explicit
08-05 03:17:47.737 15957 17659 I art     : Explicit concurrent mark sweep GC freed 48(2016B) AllocSpace objects, 0(0B) LOS objects, 37% free, 26MB/42MB, paused 896us total 26.423ms
08-05 03:17:47.737 15957 15968 I art     : WaitForGcToComplete blocked for 26.665ms for cause HeapTrim
08-05 03:17:47.747 15957 17659 I art     : Starting a blocking GC Explicit
08-05 03:17:47.774 15957 17659 I art     : Explicit concurrent mark sweep GC freed 3(96B) AllocSpace objects, 0(0B) LOS objects, 37% free, 26MB/42MB, paused 824us total 26.833ms
08-05 03:17:47.783 15957 17659 I art     : Starting a blocking GC Explicit
08-05 03:17:47.810 15957 17659 I art     : Explicit concurrent mark sweep GC freed 3(96B) AllocSpace objects, 0(0B) LOS objects, 37% free, 26MB/42MB, paused 836us total 26.876ms
08-05 03:17:48.082 15957 15980 I art     : Starting a blocking GC Explicit
08-05 03:17:48.111 15957 15980 I art     : Explicit concurrent mark sweep GC freed 1373(81KB) AllocSpace objects, 1(20KB) LOS objects, 37% free, 26MB/42MB, paused 904us total 29.086ms
08-05 03:17:48.126 15957 15980 I art     : Starting a blocking GC Explicit
08-05 03:17:48.153 15957 15980 I art     : Explicit concurrent mark sweep GC freed 23(752B) AllocSpace objects, 0(0B) LOS objects, 37% free, 26MB/42MB, paused 825us total 27ms
08-05 03:17:48.163 15957 15980 I art     : Starting a blocking GC Explicit
08-05 03:17:48.190 15957 15980 I art     : Explicit concurrent mark sweep GC freed 3(96B) AllocSpace objects, 0(0B) LOS objects, 37% free, 26MB/42MB, paused 852us total 27.311ms
08-05 03:17:48.200 15957 15980 I art     : Starting a blocking GC Explicit
08-05 03:17:48.228 15957 15980 I art     : Explicit concurrent mark sweep GC freed 32(880B) AllocSpace objects, 0(0B) LOS objects, 37% free, 26MB/42MB, paused 1.013ms total 27.727ms
08-05 03:17:48.237 15957 15980 I art     : Starting a blocking GC Explicit
08-05 03:17:48.265 15957 15980 I art     : Explicit concurrent mark sweep GC freed 3(96B) AllocSpace objects, 0(0B) LOS objects, 37% free, 26MB/42MB, paused 851us total 27.929ms
08-05 03:17:48.570 15957 15970 I art     : Starting a blocking GC Explicit
08-05 03:17:48.599 15957 15970 I art     : Explicit concurrent mark sweep GC freed 1373(81KB) AllocSpace objects, 1(20KB) LOS objects, 37% free, 26MB/42MB, paused 847us total 28.806ms
08-05 03:17:48.609 15957 15970 I art     : Starting a blocking GC Explicit
08-05 03:17:48.637 15957 15970 I art     : Explicit concurrent mark sweep GC freed 23(752B) AllocSpace objects, 0(0B) LOS objects, 37% free, 26MB/42MB, paused 847us total 27.340ms
08-05 03:17:48.646 15957 15970 I art     : Starting a blocking GC Explicit
08-05 03:17:48.673 15957 15970 I art     : Explicit concurrent mark sweep GC freed 3(96B) AllocSpace objects, 0(0B) LOS objects, 37% free, 26MB/42MB, paused 845us total 26.918ms
08-05 03:17:48.682 15957 15970 I art     : Starting a blocking GC Explicit
08-05 03:17:48.711 15957 15970 I art     : Explicit concurrent mark sweep GC freed 3(96B) AllocSpace objects, 0(0B) LOS objects, 37% free, 26MB/42MB, paused 836us total 28.240ms
08-05 03:17:48.720 15957 15970 I art     : Starting a blocking GC Explicit
08-05 03:17:48.748 15957 15970 I art     : Explicit concurrent mark sweep GC freed 3(96B) AllocSpace objects, 0(0B) LOS objects, 37% free, 26MB/42MB, paused 922us total 27.254ms
08-05 03:17:49.013 15957 16294 I art     : Starting a blocking GC Explicit
08-05 03:17:49.041 15957 16294 I art     : Explicit concurrent mark sweep GC freed 1372(82KB) AllocSpace objects, 1(20KB) LOS objects, 37% free, 26MB/42MB, paused 892us total 27.716ms
08-05 03:17:49.050 15957 16294 I art     : Starting a blocking GC Explicit
08-05 03:17:49.077 15957 16294 I art     : Explicit concurrent mark sweep GC freed 23(752B) AllocSpace objects, 0(0B) LOS objects, 37% free, 26MB/42MB, paused 918us total 26.987ms
08-05 03:17:49.087 15957 16294 I art     : Starting a blocking GC Explicit
08-05 03:17:49.112 15957 16294 I art     : Explicit concurrent mark sweep GC freed 3(96B) AllocSpace objects, 0(0B) LOS objects, 37% free, 26MB/42MB, paused 868us total 25.572ms
08-05 03:17:49.121 15957 16294 I art     : Starting a blocking GC Explicit
08-05 03:17:49.148 15957 16294 I art     : Explicit concurrent mark sweep GC freed 3(96B) AllocSpace objects, 0(0B) LOS objects, 37% free, 26MB/42MB, paused 990us total 26.060ms
08-05 03:17:49.157 15957 16294 I art     : Starting a blocking GC Explicit
08-05 03:17:49.183 15957 16294 I art     : Explicit concurrent mark sweep GC freed 3(96B) AllocSpace objects, 0(0B) LOS objects, 37% free, 26MB/42MB, paused 835us total 26.048ms
08-05 03:17:49.290 17970 17970 D AndroidRuntime: >>>>>> START com.android.internal.os.RuntimeInit uid 2000 <<<<<<
08-05 03:17:49.295 17970 17970 D AndroidRuntime: CheckJNI is OFF
08-05 03:17:49.328 17970 17970 D ICU     : No timezone override file found: /data/misc/zoneinfo/current/icu/icu_tzdata.dat
08-05 03:17:49.360 17970 17970 I Radio-JNI: register_android_hardware_Radio DONE
08-05 03:17:49.381 17970 17970 D AndroidRuntime: Calling main entry com.android.commands.input.Input
08-05 03:17:49.382 17970 17970 I Input   : injectMotionEvent: MotionEvent { action=ACTION_DOWN, actionButton=0, id[0]=0, x[0]=567.0, y[0]=714.0, toolType[0]=TOOL_TYPE_UNKNOWN, buttonState=0, metaState=0, flags=0x0, edgeFlags=0x0, pointerCount=1, historySize=0, eventTime=760685795, downTime=760685795, deviceId=0, source=0x1002 }
08-05 03:17:49.387 17970 17970 I Input   : injectMotionEvent: MotionEvent { action=ACTION_UP, actionButton=0, id[0]=0, x[0]=567.0, y[0]=714.0, toolType[0]=TOOL_TYPE_UNKNOWN, buttonState=0, metaState=0, flags=0x0, edgeFlags=0x0, pointerCount=1, historySize=0, eventTime=760685795, downTime=760685795, deviceId=0, source=0x1002 }
08-05 03:17:49.389 17970 17970 D AndroidRuntime: Shutting down VM
08-05 03:17:49.403   512  2967 D audio_hw_primary: out_set_parameters: enter: usecase(1: low-latency-playback) kvpairs: routing=2
08-05 03:17:49.416   512  2967 D audio_hw_primary: select_devices: out_snd_device(2: speaker) in_snd_device(0: none)
08-05 03:17:49.416   512  2967 D msm8974_platform: platform_send_audio_calibration: sending audio calibration for snd_device(2) acdb_id(15)
08-05 03:17:49.416   512  2967 I soundtrigger: audio_extn_sound_trigger_update_device_status: device 0x2 of type 0 for Event 1
08-05 03:17:49.426   512  2967 D audio_hw_primary: enable_snd_device: snd_device(2: speaker)
08-05 03:17:49.428   512  2967 D audio_hw_primary: enable_audio_route: apply and update mixer path: low-latency-playback speaker
08-05 03:17:49.467 15957 15970 I art     : Starting a blocking GC Explicit
08-05 03:17:49.493 15957 15970 I art     : Explicit concurrent mark sweep GC freed 3596(168KB) AllocSpace objects, 1(20KB) LOS objects, 37% free, 27MB/43MB, paused 836us total 26.296ms
08-05 03:17:49.503 15957 15970 I art     : Starting a blocking GC Explicit
08-05 03:17:49.530 15957 15970 I art     : Explicit concurrent mark sweep GC freed 1636(83KB) AllocSpace objects, 1(220KB) LOS objects, 37% free, 26MB/42MB, paused 911us total 26.392ms
08-05 03:17:49.539 15957 15970 I art     : Starting a blocking GC Explicit
08-05 03:17:49.566 15957 15970 I art     : Explicit concurrent mark sweep GC freed 83(5KB) AllocSpace objects, 0(0B) LOS objects, 37% free, 26MB/42MB, paused 1.731ms total 27.173ms
08-05 03:17:49.575 15957 15970 I art     : Starting a blocking GC Explicit
08-05 03:17:49.602 15957 15970 I art     : Explicit concurrent mark sweep GC freed 22(912B) AllocSpace objects, 0(0B) LOS objects, 37% free, 26MB/42MB, paused 898us total 26.663ms
08-05 03:17:49.611 15957 15970 I art     : Starting a blocking GC Explicit
08-05 03:17:49.636 15957 15970 I art     : Explicit concurrent mark sweep GC freed 2794(118KB) AllocSpace objects, 0(0B) LOS objects, 37% free, 26MB/42MB, paused 916us total 24.932ms
08-05 03:17:49.829 15957 15978 I NAPPA_EXPERIMENTATION: MetricNetworkRequestExecutionTime: REQUEST_DURATION_SYSTEM='408',REQUEST_DURATION_OKHTTP='159',REQUEST_SYNCHRONOUS='TRUE',RESPONSE_CODE='400',RESPONSE_METHOD='GET',RESPONSE_LENGTH_OKHTTP='0',RESPONSE_LENGTH_HEADER='0',REQUEST_PROTOCOL='h2',REQUEST_URL='https://itunes.apple.com/en/rss/toppodcasts/limit=25/explicit=true/json',
08-05 03:17:49.896 15957 15970 I art     : Starting a blocking GC Explicit
08-05 03:17:49.923 15957 15970 I art     : Explicit concurrent mark sweep GC freed 3093(176KB) AllocSpace objects, 1(20KB) LOS objects, 37% free, 26MB/42MB, paused 922us total 26.881ms
08-05 03:17:49.932 15957 15970 I art     : Starting a blocking GC Explicit
08-05 03:17:49.960 15957 15970 I art     : Explicit concurrent mark sweep GC freed 141(4KB) AllocSpace objects, 0(0B) LOS objects, 37% free, 26MB/42MB, paused 1.270ms total 26.880ms
08-05 03:17:49.960   512  2967 D audio_hw_primary: disable_audio_route: reset and update mixer path: low-latency-playback speaker
08-05 03:17:49.962   512  2967 D audio_hw_primary: disable_snd_device: snd_device(2: speaker)
08-05 03:17:49.969 15957 15970 I art     : Starting a blocking GC Explicit
08-05 03:17:49.971   512  2967 I soundtrigger: audio_extn_sound_trigger_update_device_status: device 0x2 of type 0 for Event 0
08-05 03:17:49.982 15957 15978 I NAPPA_EXPERIMENTATION: MetricNetworkRequestExecutionTime: REQUEST_DURATION_SYSTEM='152',REQUEST_DURATION_OKHTTP='152',REQUEST_SYNCHRONOUS='TRUE',RESPONSE_CODE='200',RESPONSE_METHOD='GET',RESPONSE_LENGTH_OKHTTP='-1',RESPONSE_LENGTH_HEADER='10075',REQUEST_PROTOCOL='h2',REQUEST_URL='https://itunes.apple.com/us/rss/toppodcasts/limit=25/explicit=true/json',
08-05 03:17:49.995 15957 15970 I art     : Explicit concurrent mark sweep GC freed 340(26KB) AllocSpace objects, 0(0B) LOS objects, 37% free, 26MB/42MB, paused 882us total 26.509ms
08-05 03:17:50.005 15957 15970 I art     : Starting a blocking GC Explicit
08-05 03:17:50.032 15957 15970 I art     : Explicit concurrent mark sweep GC freed 2292(157KB) AllocSpace objects, 3(252KB) LOS objects, 36% free, 27MB/43MB, paused 819us total 26.842ms
08-05 03:17:50.036 15957 16705 D ApOkHttpUrlLoader: buildLoadData() called with: model = [https://is4-ssl.mzstatic.com/image/thumb/Podcasts114/v4/3f/16/74/3f167426-bf50-ce3a-d709-e4301620fc5b/mza_5832671293059882550.jpeg/170x170bb.png], width = [224], height = [224]
08-05 03:17:50.037 15957 16711 D DBReader: getImageAuthentication() called with: imageUrl = [https://is4-ssl.mzstatic.com/image/thumb/Podcasts114/v4/3f/16/74/3f167426-bf50-ce3a-d709-e4301620fc5b/mza_5832671293059882550.jpeg/170x170bb.png]
08-05 03:17:50.041 15957 15970 I art     : Starting a blocking GC Explicit
08-05 03:17:50.043 15957 16711 D ApOkHttpUrlLoader: no credentials for 'https://is4-ssl.mzstatic.com/image/thumb/Podcasts114/v4/3f/16/74/3f167426-bf50-ce3a-d709-e4301620fc5b/mza_5832671293059882550.jpeg/170x170bb.png'
08-05 03:17:50.046 15957 16709 D ApOkHttpUrlLoader: buildLoadData() called with: model = [https://is4-ssl.mzstatic.com/image/thumb/Podcasts113/v4/e5/8a/10/e58a108f-f5d0-f622-c94a-13f66edd570c/mza_3025981348644196724.jpg/170x170bb.png], width = [224], height = [224]
08-05 03:17:50.047 15957 16708 D DBReader: getImageAuthentication() called with: imageUrl = [https://is4-ssl.mzstatic.com/image/thumb/Podcasts113/v4/e5/8a/10/e58a108f-f5d0-f622-c94a-13f66edd570c/mza_3025981348644196724.jpg/170x170bb.png]
08-05 03:17:50.051 15957 16700 D ApOkHttpUrlLoader: buildLoadData() called with: model = [https://is2-ssl.mzstatic.com/image/thumb/Podcasts113/v4/a9/39/cc/a939ccc5-6d60-0c11-0a4c-16d71cdef89b/mza_8787577209688278658.jpg/170x170bb.png], width = [224], height = [224]
08-05 03:17:50.052 15957 16708 D ApOkHttpUrlLoader: no credentials for 'https://is4-ssl.mzstatic.com/image/thumb/Podcasts113/v4/e5/8a/10/e58a108f-f5d0-f622-c94a-13f66edd570c/mza_3025981348644196724.jpg/170x170bb.png'
08-05 03:17:50.052 15957 16710 D DBReader: getImageAuthentication() called with: imageUrl = [https://is2-ssl.mzstatic.com/image/thumb/Podcasts113/v4/a9/39/cc/a939ccc5-6d60-0c11-0a4c-16d71cdef89b/mza_8787577209688278658.jpg/170x170bb.png]
08-05 03:17:50.056 15957 16703 D ApOkHttpUrlLoader: buildLoadData() called with: model = [https://is5-ssl.mzstatic.com/image/thumb/Podcasts114/v4/93/cf/99/93cf9960-fff3-205e-6655-72c03ddeccb2/mza_10545582232493904175.jpeg/170x170bb.png], width = [224], height = [224]
08-05 03:17:50.057 15957 16710 D ApOkHttpUrlLoader: no credentials for 'https://is2-ssl.mzstatic.com/image/thumb/Podcasts113/v4/a9/39/cc/a939ccc5-6d60-0c11-0a4c-16d71cdef89b/mza_8787577209688278658.jpg/170x170bb.png'
08-05 03:17:50.057 15957 16715 D DBReader: getImageAuthentication() called with: imageUrl = [https://is5-ssl.mzstatic.com/image/thumb/Podcasts114/v4/93/cf/99/93cf9960-fff3-205e-6655-72c03ddeccb2/mza_10545582232493904175.jpeg/170x170bb.png]
08-05 03:17:50.059 15957 16715 D ApOkHttpUrlLoader: no credentials for 'https://is5-ssl.mzstatic.com/image/thumb/Podcasts114/v4/93/cf/99/93cf9960-fff3-205e-6655-72c03ddeccb2/mza_10545582232493904175.jpeg/170x170bb.png'
08-05 03:17:50.061 15957 16705 D ApOkHttpUrlLoader: buildLoadData() called with: model = [https://is4-ssl.mzstatic.com/image/thumb/Podcasts124/v4/49/a4/91/49a491b7-3daf-c5dc-d7c6-6c4f1486955c/mza_5930014091766152297.png/170x170bb.png], width = [224], height = [224]
08-05 03:17:50.061 15957 16713 D DBReader: getImageAuthentication() called with: imageUrl = [https://is4-ssl.mzstatic.com/image/thumb/Podcasts124/v4/49/a4/91/49a491b7-3daf-c5dc-d7c6-6c4f1486955c/mza_5930014091766152297.png/170x170bb.png]
08-05 03:17:50.067 15957 16713 D ApOkHttpUrlLoader: no credentials for 'https://is4-ssl.mzstatic.com/image/thumb/Podcasts124/v4/49/a4/91/49a491b7-3daf-c5dc-d7c6-6c4f1486955c/mza_5930014091766152297.png/170x170bb.png'
08-05 03:17:50.068 15957 15970 I art     : Explicit concurrent mark sweep GC freed 7314(381KB) AllocSpace objects, 1(100KB) LOS objects, 37% free, 27MB/43MB, paused 1.533ms total 27.079ms
08-05 03:17:50.068 15957 16709 D ApOkHttpUrlLoader: buildLoadData() called with: model = [https://is5-ssl.mzstatic.com/image/thumb/Podcasts113/v4/fd/54/6e/fd546ea0-7ab2-e3f0-6049-884d82917af9/mza_4855349695799758348.jpeg/170x170bb.png], width = [224], height = [224]
08-05 03:17:50.069 15957 16702 D DBReader: getImageAuthentication() called with: imageUrl = [https://is5-ssl.mzstatic.com/image/thumb/Podcasts113/v4/fd/54/6e/fd546ea0-7ab2-e3f0-6049-884d82917af9/mza_4855349695799758348.jpeg/170x170bb.png]
08-05 03:17:50.073 15957 16702 D ApOkHttpUrlLoader: no credentials for 'https://is5-ssl.mzstatic.com/image/thumb/Podcasts113/v4/fd/54/6e/fd546ea0-7ab2-e3f0-6049-884d82917af9/mza_4855349695799758348.jpeg/170x170bb.png'
08-05 03:17:50.073 15957 16700 D ApOkHttpUrlLoader: buildLoadData() called with: model = [https://is2-ssl.mzstatic.com/image/thumb/Podcasts114/v4/b3/4c/cf/b34ccfc2-cea4-1ca1-0fad-7793af301cc5/mza_2466085192629456364.jpg/170x170bb.png], width = [224], height = [224]
08-05 03:17:50.074 15957 16704 D DBReader: getImageAuthentication() called with: imageUrl = [https://is2-ssl.mzstatic.com/image/thumb/Podcasts114/v4/b3/4c/cf/b34ccfc2-cea4-1ca1-0fad-7793af301cc5/mza_2466085192629456364.jpg/170x170bb.png]
08-05 03:17:50.077 15957 16704 D ApOkHttpUrlLoader: no credentials for 'https://is2-ssl.mzstatic.com/image/thumb/Podcasts114/v4/b3/4c/cf/b34ccfc2-cea4-1ca1-0fad-7793af301cc5/mza_2466085192629456364.jpg/170x170bb.png'
08-05 03:17:50.357 15957 16294 I art     : Starting a blocking GC Explicit
08-05 03:17:50.376 15957 16711 D MYTAG   : interceptor 2a
08-05 03:17:50.376 15957 16711 I NAPPA_EXPERIMENTATION: MetricNetworkRequestExecutionTime: REQUEST_DURATION_SYSTEM='333',REQUEST_DURATION_OKHTTP='172',REQUEST_SYNCHRONOUS='TRUE',RESPONSE_CODE='200',RESPONSE_METHOD='GET',RESPONSE_LENGTH_OKHTTP='26177',RESPONSE_LENGTH_HEADER='26177',REQUEST_PROTOCOL='h2',REQUEST_URL='https://is4-ssl.mzstatic.com/image/thumb/Podcasts114/v4/3f/16/74/3f167426-bf50-ce3a-d709-e4301620fc5b/mza_5832671293059882550.jpeg/170x170bb.png',
08-05 03:17:50.390 15957 16294 I art     : Explicit concurrent mark sweep GC freed 28795(1437KB) AllocSpace objects, 1(20KB) LOS objects, 37% free, 26MB/42MB, paused 1.288ms total 32.875ms
08-05 03:17:50.400 15957 16294 I art     : Starting a blocking GC Explicit
08-05 03:17:50.429 15957 16294 I art     : Explicit concurrent mark sweep GC freed 1199(43KB) AllocSpace objects, 0(0B) LOS objects, 37% free, 27MB/43MB, paused 1.365ms total 28.549ms
08-05 03:17:50.438 15957 16294 I art     : Starting a blocking GC Explicit
08-05 03:17:50.466 15957 16294 I art     : Explicit concurrent mark sweep GC freed 15(768B) AllocSpace objects, 0(0B) LOS objects, 37% free, 27MB/43MB, paused 1.054ms total 27.104ms
08-05 03:17:50.475 15957 16294 I art     : Starting a blocking GC Explicit
08-05 03:17:50.499 15957 16704 D MYTAG   : interceptor 2a
08-05 03:17:50.499 15957 16704 I NAPPA_EXPERIMENTATION: MetricNetworkRequestExecutionTime: REQUEST_DURATION_SYSTEM='422',REQUEST_DURATION_OKHTTP='227',REQUEST_SYNCHRONOUS='TRUE',RESPONSE_CODE='200',RESPONSE_METHOD='GET',RESPONSE_LENGTH_OKHTTP='42299',RESPONSE_LENGTH_HEADER='42299',REQUEST_PROTOCOL='h2',REQUEST_URL='https://is2-ssl.mzstatic.com/image/thumb/Podcasts114/v4/b3/4c/cf/b34ccfc2-cea4-1ca1-0fad-7793af301cc5/mza_2466085192629456364.jpg/170x170bb.png',
08-05 03:17:50.504 15957 16294 I art     : Explicit concurrent mark sweep GC freed 290(22KB) AllocSpace objects, 0(0B) LOS objects, 37% free, 27MB/43MB, paused 1.230ms total 28.907ms
08-05 03:17:50.513 15957 16294 I art     : Starting a blocking GC Explicit
08-05 03:17:50.528 15957 16715 D MYTAG   : interceptor 2a
08-05 03:17:50.528 15957 16715 I NAPPA_EXPERIMENTATION: MetricNetworkRequestExecutionTime: REQUEST_DURATION_SYSTEM='469',REQUEST_DURATION_OKHTTP='246',REQUEST_SYNCHRONOUS='TRUE',RESPONSE_CODE='200',RESPONSE_METHOD='GET',RESPONSE_LENGTH_OKHTTP='22351',RESPONSE_LENGTH_HEADER='22351',REQUEST_PROTOCOL='h2',REQUEST_URL='https://is5-ssl.mzstatic.com/image/thumb/Podcasts114/v4/93/cf/99/93cf9960-fff3-205e-6655-72c03ddeccb2/mza_10545582232493904175.jpeg/170x170bb.png',
08-05 03:17:50.538 15957 16713 D MYTAG   : interceptor 2a
08-05 03:17:50.540 15957 16713 I NAPPA_EXPERIMENTATION: MetricNetworkRequestExecutionTime: REQUEST_DURATION_SYSTEM='471',REQUEST_DURATION_OKHTTP='274',REQUEST_SYNCHRONOUS='TRUE',RESPONSE_CODE='200',RESPONSE_METHOD='GET',RESPONSE_LENGTH_OKHTTP='12000',RESPONSE_LENGTH_HEADER='12000',REQUEST_PROTOCOL='h2',REQUEST_URL='https://is4-ssl.mzstatic.com/image/thumb/Podcasts124/v4/49/a4/91/49a491b7-3daf-c5dc-d7c6-6c4f1486955c/mza_5930014091766152297.png/170x170bb.png',
08-05 03:17:50.542 15957 16294 I art     : Explicit concurrent mark sweep GC freed 492(40KB) AllocSpace objects, 0(0B) LOS objects, 36% free, 27MB/43MB, paused 1.338ms total 29.286ms
08-05 03:17:50.554 15957 16710 D MYTAG   : interceptor 2a
08-05 03:17:50.555 15957 16710 I NAPPA_EXPERIMENTATION: MetricNetworkRequestExecutionTime: REQUEST_DURATION_SYSTEM='497',REQUEST_DURATION_OKHTTP='263',REQUEST_SYNCHRONOUS='TRUE',RESPONSE_CODE='200',RESPONSE_METHOD='GET',RESPONSE_LENGTH_OKHTTP='48239',RESPONSE_LENGTH_HEADER='48239',REQUEST_PROTOCOL='h2',REQUEST_URL='https://is2-ssl.mzstatic.com/image/thumb/Podcasts113/v4/a9/39/cc/a939ccc5-6d60-0c11-0a4c-16d71cdef89b/mza_8787577209688278658.jpg/170x170bb.png',
08-05 03:17:50.562 15957 16702 D MYTAG   : interceptor 2a
08-05 03:17:50.562 15957 16702 I NAPPA_EXPERIMENTATION: MetricNetworkRequestExecutionTime: REQUEST_DURATION_SYSTEM='489',REQUEST_DURATION_OKHTTP='270',REQUEST_SYNCHRONOUS='TRUE',RESPONSE_CODE='200',RESPONSE_METHOD='GET',RESPONSE_LENGTH_OKHTTP='54835',RESPONSE_LENGTH_HEADER='54835',REQUEST_PROTOCOL='h2',REQUEST_URL='https://is5-ssl.mzstatic.com/image/thumb/Podcasts113/v4/fd/54/6e/fd546ea0-7ab2-e3f0-6049-884d82917af9/mza_4855349695799758348.jpeg/170x170bb.png',
08-05 03:17:50.581 15957 16708 D MYTAG   : interceptor 2a
08-05 03:17:50.581 15957 16708 I NAPPA_EXPERIMENTATION: MetricNetworkRequestExecutionTime: REQUEST_DURATION_SYSTEM='528',REQUEST_DURATION_OKHTTP='293',REQUEST_SYNCHRONOUS='TRUE',RESPONSE_CODE='200',RESPONSE_METHOD='GET',RESPONSE_LENGTH_OKHTTP='45995',RESPONSE_LENGTH_HEADER='45995',REQUEST_PROTOCOL='h2',REQUEST_URL='https://is4-ssl.mzstatic.com/image/thumb/Podcasts113/v4/e5/8a/10/e58a108f-f5d0-f622-c94a-13f66edd570c/mza_3025981348644196724.jpg/170x170bb.png',
08-05 03:17:50.832 15957 15969 I art     : Starting a blocking GC Explicit
08-05 03:17:50.875 15957 15969 I art     : Explicit concurrent mark sweep GC freed 3387(190KB) AllocSpace objects, 1(20KB) LOS objects, 36% free, 28MB/44MB, paused 1.525ms total 42.808ms
08-05 03:17:50.888 15957 15969 I art     : Starting a blocking GC Explicit
08-05 03:17:50.920 15957 15969 I art     : Explicit concurrent mark sweep GC freed 63(3KB) AllocSpace objects, 0(0B) LOS objects, 36% free, 28MB/44MB, paused 971us total 31.040ms
08-05 03:17:50.929 15957 15969 I art     : Starting a blocking GC Explicit
08-05 03:17:50.958 15957 15969 I art     : Explicit concurrent mark sweep GC freed 3(96B) AllocSpace objects, 0(0B) LOS objects, 36% free, 28MB/44MB, paused 1.037ms total 28.687ms
08-05 03:17:50.968 15957 15969 I art     : Starting a blocking GC Explicit
08-05 03:17:50.997 15957 15969 I art     : Explicit concurrent mark sweep GC freed 3(96B) AllocSpace objects, 0(0B) LOS objects, 36% free, 28MB/44MB, paused 974us total 29.002ms
08-05 03:17:51.006 15957 15969 I art     : Starting a blocking GC Explicit
08-05 03:17:51.035 15957 15969 I art     : Explicit concurrent mark sweep GC freed 3(96B) AllocSpace objects, 0(0B) LOS objects, 36% free, 28MB/44MB, paused 967us total 28.502ms
08-05 03:17:51.361 15957 15970 I art     : Starting a blocking GC Explicit
08-05 03:17:51.404 15957 15970 I art     : Explicit concurrent mark sweep GC freed 1401(81KB) AllocSpace objects, 1(20KB) LOS objects, 36% free, 28MB/44MB, paused 1.052ms total 42.434ms
08-05 03:17:51.417 15957 15970 I art     : Starting a blocking GC Explicit
08-05 03:17:51.449 15957 15970 I art     : Explicit concurrent mark sweep GC freed 23(752B) AllocSpace objects, 0(0B) LOS objects, 36% free, 28MB/44MB, paused 1.034ms total 31.819ms
08-05 03:17:51.459 15957 15970 I art     : Starting a blocking GC Explicit
08-05 03:17:51.488 15957 15970 I art     : Explicit concurrent mark sweep GC freed 3(96B) AllocSpace objects, 0(0B) LOS objects, 36% free, 28MB/44MB, paused 1.052ms total 28.754ms
08-05 03:17:51.497 15957 15970 I art     : Starting a blocking GC Explicit
08-05 03:17:51.526 15957 15970 I art     : Explicit concurrent mark sweep GC freed 3(96B) AllocSpace objects, 0(0B) LOS objects, 36% free, 28MB/44MB, paused 968us total 28.452ms
08-05 03:17:51.535 15957 15970 I art     : Starting a blocking GC Explicit
08-05 03:17:51.565 15957 15970 I art     : Explicit concurrent mark sweep GC freed 3(96B) AllocSpace objects, 0(0B) LOS objects, 36% free, 28MB/44MB, paused 978us total 29.429ms
08-05 03:17:51.882 15957 17659 I art     : Starting a blocking GC Explicit
08-05 03:17:51.912 15957 17659 I art     : Explicit concurrent mark sweep GC freed 1403(82KB) AllocSpace objects, 1(20KB) LOS objects, 36% free, 28MB/44MB, paused 1.049ms total 29.747ms
08-05 03:17:51.922 15957 17659 I art     : Starting a blocking GC Explicit
08-05 03:17:51.949 15957 17659 I art     : Explicit concurrent mark sweep GC freed 23(752B) AllocSpace objects, 0(0B) LOS objects, 36% free, 28MB/44MB, paused 976us total 26.930ms
08-05 03:17:51.958 15957 17659 I art     : Starting a blocking GC Explicit
08-05 03:17:51.986 15957 17659 I art     : Explicit concurrent mark sweep GC freed 3(96B) AllocSpace objects, 0(0B) LOS objects, 36% free, 28MB/44MB, paused 960us total 27.663ms
08-05 03:17:51.995 15957 17659 I art     : Starting a blocking GC Explicit
08-05 03:17:52.023 15957 17659 I art     : Explicit concurrent mark sweep GC freed 3(96B) AllocSpace objects, 0(0B) LOS objects, 36% free, 28MB/44MB, paused 968us total 27.605ms
08-05 03:17:52.033 15957 17659 I art     : Starting a blocking GC Explicit
08-05 03:17:52.061 15957 17659 I art     : Explicit concurrent mark sweep GC freed 3(96B) AllocSpace objects, 0(0B) LOS objects, 36% free, 28MB/44MB, paused 976us total 27.855ms
08-05 03:17:52.381 15957 16294 I art     : Starting a blocking GC Explicit
08-05 03:17:52.418 15957 16294 I art     : Explicit concurrent mark sweep GC freed 1403(83KB) AllocSpace objects, 1(20KB) LOS objects, 36% free, 28MB/44MB, paused 1.066ms total 35.991ms
08-05 03:17:52.429 15957 16294 I art     : Starting a blocking GC Explicit
08-05 03:17:52.459 15957 16294 I art     : Explicit concurrent mark sweep GC freed 23(752B) AllocSpace objects, 0(0B) LOS objects, 36% free, 28MB/44MB, paused 1.013ms total 29.069ms
08-05 03:17:52.468 15957 16294 I art     : Starting a blocking GC Explicit
08-05 03:17:52.497 15957 16294 I art     : Explicit concurrent mark sweep GC freed 3(96B) AllocSpace objects, 0(0B) LOS objects, 36% free, 28MB/44MB, paused 948us total 28.182ms
08-05 03:17:52.506 15957 16294 I art     : Starting a blocking GC Explicit
08-05 03:17:52.534 15957 16294 I art     : Explicit concurrent mark sweep GC freed 3(96B) AllocSpace objects, 0(0B) LOS objects, 36% free, 28MB/44MB, paused 961us total 28.430ms
08-05 03:17:52.544 15957 16294 I art     : Starting a blocking GC Explicit
08-05 03:17:52.573 15957 16294 I art     : Explicit concurrent mark sweep GC freed 3(96B) AllocSpace objects, 0(0B) LOS objects, 36% free, 28MB/44MB, paused 977us total 28.582ms
08-05 03:17:52.904 15957 15969 I art     : Starting a blocking GC Explicit
08-05 03:17:52.942 15957 15969 I art     : Explicit concurrent mark sweep GC freed 1373(81KB) AllocSpace objects, 1(20KB) LOS objects, 36% free, 28MB/44MB, paused 1.042ms total 37.173ms
08-05 03:17:52.954 15957 15969 I art     : Starting a blocking GC Explicit
08-05 03:17:52.983 15957 15969 I art     : Explicit concurrent mark sweep GC freed 23(752B) AllocSpace objects, 0(0B) LOS objects, 36% free, 28MB/44MB, paused 989us total 29.107ms
08-05 03:17:52.993 15957 15969 I art     : Starting a blocking GC Explicit
08-05 03:17:53.022 15957 15969 I art     : Explicit concurrent mark sweep GC freed 3(96B) AllocSpace objects, 0(0B) LOS objects, 36% free, 28MB/44MB, paused 967us total 28.325ms
08-05 03:17:53.031 15957 15969 I art     : Starting a blocking GC Explicit
08-05 03:17:53.060 15957 15969 I art     : Explicit concurrent mark sweep GC freed 3(96B) AllocSpace objects, 0(0B) LOS objects, 36% free, 28MB/44MB, paused 945us total 28.237ms
08-05 03:17:53.069 15957 15969 I art     : Starting a blocking GC Explicit
08-05 03:17:53.098 15957 15969 I art     : Explicit concurrent mark sweep GC freed 3(96B) AllocSpace objects, 0(0B) LOS objects, 36% free, 28MB/44MB, paused 1.051ms total 28.573ms
08-05 03:17:53.440 15957 15980 I art     : Starting a blocking GC Explicit
08-05 03:17:53.482 15957 15980 I art     : Explicit concurrent mark sweep GC freed 1403(83KB) AllocSpace objects, 1(20KB) LOS objects, 36% free, 28MB/44MB, paused 1.075ms total 41.508ms
08-05 03:17:53.496 15957 15980 I art     : Starting a blocking GC Explicit
08-05 03:17:53.526 15957 15980 I art     : Explicit concurrent mark sweep GC freed 23(752B) AllocSpace objects, 0(0B) LOS objects, 36% free, 28MB/44MB, paused 978us total 29.386ms
08-05 03:17:53.535 15957 15980 I art     : Starting a blocking GC Explicit
08-05 03:17:53.564 15957 15980 I art     : Explicit concurrent mark sweep GC freed 3(96B) AllocSpace objects, 0(0B) LOS objects, 36% free, 28MB/44MB, paused 963us total 28.491ms
08-05 03:17:53.574 15957 15980 I art     : Starting a blocking GC Explicit
08-05 03:17:53.602 15957 15980 I art     : Explicit concurrent mark sweep GC freed 3(96B) AllocSpace objects, 0(0B) LOS objects, 36% free, 28MB/44MB, paused 942us total 28.301ms
08-05 03:17:53.612 15957 15980 I art     : Starting a blocking GC Explicit
08-05 03:17:53.640 15957 15980 I art     : Explicit concurrent mark sweep GC freed 3(96B) AllocSpace objects, 0(0B) LOS objects, 36% free, 28MB/44MB, paused 965us total 28.372ms
08-05 03:17:53.969 15957 15970 I art     : Starting a blocking GC Explicit
08-05 03:17:54.008 15957 15970 I art     : Explicit concurrent mark sweep GC freed 1373(81KB) AllocSpace objects, 1(20KB) LOS objects, 36% free, 28MB/44MB, paused 1.156ms total 39.392ms
08-05 03:17:54.021 15957 15970 I art     : Starting a blocking GC Explicit
08-05 03:17:54.050 15957 15970 I art     : Explicit concurrent mark sweep GC freed 23(752B) AllocSpace objects, 0(0B) LOS objects, 36% free, 28MB/44MB, paused 1.045ms total 29.154ms
08-05 03:17:54.060 15957 15970 I art     : Starting a blocking GC Explicit
08-05 03:17:54.088 15957 15970 I art     : Explicit concurrent mark sweep GC freed 3(96B) AllocSpace objects, 0(0B) LOS objects, 36% free, 28MB/44MB, paused 1.041ms total 28.348ms
08-05 03:17:54.098 15957 15970 I art     : Starting a blocking GC Explicit
08-05 03:17:54.127 15957 15970 I art     : Explicit concurrent mark sweep GC freed 3(96B) AllocSpace objects, 0(0B) LOS objects, 36% free, 28MB/44MB, paused 923us total 28.609ms
08-05 03:17:54.136 15957 15970 I art     : Starting a blocking GC Explicit
08-05 03:17:54.166 15957 15970 I art     : Explicit concurrent mark sweep GC freed 3(96B) AllocSpace objects, 0(0B) LOS objects, 36% free, 28MB/44MB, paused 973us total 28.875ms
08-05 03:17:54.494 15957 17659 I art     : Starting a blocking GC Explicit
08-05 03:17:54.534 15957 17659 I art     : Explicit concurrent mark sweep GC freed 1401(81KB) AllocSpace objects, 1(20KB) LOS objects, 36% free, 28MB/44MB, paused 1.140ms total 39.672ms
08-05 03:17:54.547 15957 17659 I art     : Starting a blocking GC Explicit
08-05 03:17:54.576 15957 17659 I art     : Explicit concurrent mark sweep GC freed 23(752B) AllocSpace objects, 0(0B) LOS objects, 36% free, 28MB/44MB, paused 962us total 29.164ms
08-05 03:17:54.586 15957 17659 I art     : Starting a blocking GC Explicit
08-05 03:17:54.614 15957 17659 I art     : Explicit concurrent mark sweep GC freed 3(96B) AllocSpace objects, 0(0B) LOS objects, 36% free, 28MB/44MB, paused 956us total 28.321ms
08-05 03:17:54.624 15957 17659 I art     : Starting a blocking GC Explicit
08-05 03:17:54.652 15957 17659 I art     : Explicit concurrent mark sweep GC freed 3(96B) AllocSpace objects, 0(0B) LOS objects, 36% free, 28MB/44MB, paused 1.016ms total 28.567ms
08-05 03:17:54.662 15957 17659 I art     : Starting a blocking GC Explicit
08-05 03:17:54.691 15957 17659 I art     : Explicit concurrent mark sweep GC freed 3(96B) AllocSpace objects, 0(0B) LOS objects, 36% free, 28MB/44MB, paused 1.079ms total 29.098ms
08-05 03:17:55.009 15957 16294 I art     : Starting a blocking GC Explicit
08-05 03:17:55.047 15957 16294 I art     : Explicit concurrent mark sweep GC freed 1372(80KB) AllocSpace objects, 1(20KB) LOS objects, 36% free, 28MB/44MB, paused 1.060ms total 37.603ms
08-05 03:17:55.059 15957 16294 I art     : Starting a blocking GC Explicit
08-05 03:17:55.089 15957 16294 I art     : Explicit concurrent mark sweep GC freed 23(752B) AllocSpace objects, 0(0B) LOS objects, 36% free, 28MB/44MB, paused 1.001ms total 29.332ms
08-05 03:17:55.098 15957 16294 I art     : Starting a blocking GC Explicit
08-05 03:17:55.127 15957 16294 I art     : Explicit concurrent mark sweep GC freed 3(96B) AllocSpace objects, 0(0B) LOS objects, 36% free, 28MB/44MB, paused 1.042ms total 28.614ms
08-05 03:17:55.137 15957 16294 I art     : Starting a blocking GC Explicit
08-05 03:17:55.165 15957 16294 I art     : Explicit concurrent mark sweep GC freed 3(96B) AllocSpace objects, 0(0B) LOS objects, 36% free, 28MB/44MB, paused 975us total 28.411ms
08-05 03:17:55.175 15957 16294 I art     : Starting a blocking GC Explicit
08-05 03:17:55.204 15957 16294 I art     : Explicit concurrent mark sweep GC freed 3(96B) AllocSpace objects, 0(0B) LOS objects, 36% free, 28MB/44MB, paused 982us total 28.922ms
08-05 03:17:55.541 15957 15969 I art     : Starting a blocking GC Explicit
08-05 03:17:55.579 15957 15969 I art     : Explicit concurrent mark sweep GC freed 1401(81KB) AllocSpace objects, 1(20KB) LOS objects, 36% free, 28MB/44MB, paused 1.099ms total 37.869ms
08-05 03:17:55.593 15957 15969 I art     : Starting a blocking GC Explicit
08-05 03:17:55.622 15957 15969 I art     : Explicit concurrent mark sweep GC freed 23(752B) AllocSpace objects, 0(0B) LOS objects, 36% free, 28MB/44MB, paused 926us total 28.321ms
08-05 03:17:55.632 15957 15969 I art     : Starting a blocking GC Explicit
08-05 03:17:55.659 15957 15969 I art     : Explicit concurrent mark sweep GC freed 3(96B) AllocSpace objects, 0(0B) LOS objects, 36% free, 28MB/44MB, paused 921us total 26.497ms
08-05 03:17:55.668 15957 15969 I art     : Starting a blocking GC Explicit
08-05 03:17:55.695 15957 15969 I art     : Explicit concurrent mark sweep GC freed 3(96B) AllocSpace objects, 0(0B) LOS objects, 36% free, 28MB/44MB, paused 1.064ms total 26.584ms
08-05 03:17:55.704 15957 15969 I art     : Starting a blocking GC Explicit
08-05 03:17:55.731 15957 15969 I art     : Explicit concurrent mark sweep GC freed 3(96B) AllocSpace objects, 0(0B) LOS objects, 36% free, 28MB/44MB, paused 951us total 26.632ms
08-05 03:17:56.036 15957 15980 I art     : Starting a blocking GC Explicit
08-05 03:17:56.068 18169 18169 D AndroidRuntime: >>>>>> START com.android.internal.os.RuntimeInit uid 2000 <<<<<<
08-05 03:17:56.071 15957 15980 I art     : Explicit concurrent mark sweep GC freed 1372(80KB) AllocSpace objects, 1(20KB) LOS objects, 36% free, 28MB/44MB, paused 1.088ms total 34.292ms
08-05 03:17:56.073 18169 18169 D AndroidRuntime: CheckJNI is OFF
08-05 03:17:56.080 15957 15980 I art     : Starting a blocking GC Explicit
08-05 03:17:56.108 15957 15980 I art     : Explicit concurrent mark sweep GC freed 23(752B) AllocSpace objects, 0(0B) LOS objects, 36% free, 28MB/44MB, paused 1.067ms total 27.284ms
08-05 03:17:56.109 18169 18169 D ICU     : No timezone override file found: /data/misc/zoneinfo/current/icu/icu_tzdata.dat
08-05 03:17:56.117 15957 15980 I art     : Starting a blocking GC Explicit
08-05 03:17:56.142 18169 18169 I Radio-JNI: register_android_hardware_Radio DONE
08-05 03:17:56.143 15957 15980 I art     : Explicit concurrent mark sweep GC freed 3(96B) AllocSpace objects, 0(0B) LOS objects, 36% free, 28MB/44MB, paused 996us total 26.103ms
08-05 03:17:56.152 15957 15980 I art     : Starting a blocking GC Explicit
08-05 03:17:56.164 18169 18169 D AndroidRuntime: Calling main entry com.android.commands.input.Input
08-05 03:17:56.166 18169 18169 I Input   : injectMotionEvent: MotionEvent { action=ACTION_DOWN, actionButton=0, id[0]=0, x[0]=616.0, y[0]=469.0, toolType[0]=TOOL_TYPE_UNKNOWN, buttonState=0, metaState=0, flags=0x0, edgeFlags=0x0, pointerCount=1, historySize=0, eventTime=760692578, downTime=760692578, deviceId=0, source=0x1002 }
08-05 03:17:56.169 18169 18169 I Input   : injectMotionEvent: MotionEvent { action=ACTION_UP, actionButton=0, id[0]=0, x[0]=616.0, y[0]=469.0, toolType[0]=TOOL_TYPE_UNKNOWN, buttonState=0, metaState=0, flags=0x0, edgeFlags=0x0, pointerCount=1, historySize=0, eventTime=760692578, downTime=760692578, deviceId=0, source=0x1002 }
08-05 03:17:56.171 18169 18169 D AndroidRuntime: Shutting down VM
08-05 03:17:56.177 15957 15980 I art     : Explicit concurrent mark sweep GC freed 21(672B) AllocSpace objects, 0(0B) LOS objects, 36% free, 28MB/44MB, paused 1.093ms total 24.965ms
08-05 03:17:56.186 15957 15980 I art     : Starting a blocking GC Explicit
08-05 03:17:56.212 15957 15980 I art     : Explicit concurrent mark sweep GC freed 34(944B) AllocSpace objects, 0(0B) LOS objects, 36% free, 28MB/44MB, paused 873us total 25.629ms
08-05 03:17:56.236   512  2967 D audio_hw_primary: out_set_parameters: enter: usecase(1: low-latency-playback) kvpairs: routing=2
08-05 03:17:56.249   512  2967 D audio_hw_primary: select_devices: out_snd_device(2: speaker) in_snd_device(0: none)
08-05 03:17:56.249   512  2967 D msm8974_platform: platform_send_audio_calibration: sending audio calibration for snd_device(2) acdb_id(15)
08-05 03:17:56.249   512  2967 I soundtrigger: audio_extn_sound_trigger_update_device_status: device 0x2 of type 0 for Event 1
08-05 03:17:56.259   512  2967 D audio_hw_primary: enable_snd_device: snd_device(2: speaker)
08-05 03:17:56.261   512  2967 D audio_hw_primary: enable_audio_route: apply and update mixer path: low-latency-playback speaker
08-05 03:17:56.420 15957 16500 I NAPPA_EXPERIMENTATION: MetricNetworkRequestExecutionTime: REQUEST_DURATION_SYSTEM='185',REQUEST_DURATION_OKHTTP='183',REQUEST_SYNCHRONOUS='TRUE',RESPONSE_CODE='200',RESPONSE_METHOD='GET',RESPONSE_LENGTH_OKHTTP='-1',RESPONSE_LENGTH_HEADER='628',REQUEST_PROTOCOL='h2',REQUEST_URL='https://itunes.apple.com/lookup?id=1524080195',
08-05 03:17:56.439   918   928 I ActivityManager: START u0 {cmp=baseline.de.danoeh.antennapod.debug/baseline.de.danoeh.antennapod.activity.OnlineFeedViewActivity (has extras)} from uid 10691 on display 0
08-05 03:17:56.462 13866 13866 I GoogleInputMethodServic: GoogleInputMethodService.onFinishInput():3138 
08-05 03:17:56.463 13866 13866 I GoogleInputMethodServic: GoogleInputMethodService.onStartInput():1808 
08-05 03:17:56.476 15957 15970 I art     : Starting a blocking GC Explicit
08-05 03:17:56.487 15957 15957 D UserPreferences: Using default data folder
08-05 03:17:56.489 15957 15957 D OnlineFeedViewActivity: Activity was started with url https://rss.art19.com/nice-white-parents
08-05 03:17:56.491 15957 15957 D OnlineFeedViewActivity: Starting feed download
08-05 03:17:56.493 15957 15986 D DBReader: Extracting Feedlist
08-05 03:17:56.495   918  3961 D WifiService: acquireWifiLockLocked: WifiLock{Downloader type=1 binder=android.os.BinderProxy@da12fcc}
08-05 03:17:56.495 15957 15986 D AntennapodHttpClient: Creating new instance of HTTP client
08-05 03:17:56.508 15957 15970 I art     : Explicit concurrent mark sweep GC freed 3254(216KB) AllocSpace objects, 1(20KB) LOS objects, 35% free, 28MB/44MB, paused 1.264ms total 31.511ms
08-05 03:17:56.516 15957 15970 I art     : Starting a blocking GC Explicit
08-05 03:17:56.541 15957 15970 I art     : Explicit concurrent mark sweep GC freed 451(21KB) AllocSpace objects, 0(0B) LOS objects, 36% free, 28MB/44MB, paused 906us total 25.117ms
08-05 03:17:56.544 13866 13866 I GoogleInputMethodServic: GoogleInputMethodService.onFinishInput():3138 
08-05 03:17:56.545 13866 13866 I GoogleInputMethodServic: GoogleInputMethodService.onStartInput():1808 
08-05 03:17:56.550 15957 15970 I art     : Starting a blocking GC Explicit
08-05 03:17:56.575 15957 15970 I art     : Explicit concurrent mark sweep GC freed 156(6KB) AllocSpace objects, 0(0B) LOS objects, 35% free, 28MB/44MB, paused 935us total 24.843ms
08-05 03:17:56.576   918   936 I ActivityManager: Displayed baseline.de.danoeh.antennapod.debug/baseline.de.danoeh.antennapod.activity.OnlineFeedViewActivity: +114ms
08-05 03:17:56.584 15957 15970 I art     : Starting a blocking GC Explicit
08-05 03:17:56.612 15957 15970 I art     : Explicit concurrent mark sweep GC freed 35(1392B) AllocSpace objects, 0(0B) LOS objects, 35% free, 28MB/44MB, paused 954us total 27.647ms
08-05 03:17:56.621 15957 15970 I art     : Starting a blocking GC Explicit
08-05 03:17:56.646 15957 15970 I art     : Explicit concurrent mark sweep GC freed 8(624B) AllocSpace objects, 0(0B) LOS objects, 35% free, 28MB/44MB, paused 897us total 24.470ms
08-05 03:17:56.800   512  2967 D audio_hw_primary: disable_audio_route: reset and update mixer path: low-latency-playback speaker
08-05 03:17:56.801   512  2967 D audio_hw_primary: disable_snd_device: snd_device(2: speaker)
08-05 03:17:56.812   512  2967 I soundtrigger: audio_extn_sound_trigger_update_device_status: device 0x2 of type 0 for Event 0
08-05 03:17:56.823   380   380 W SurfaceFlinger: couldn't log to binary event log: overflow.
08-05 03:17:56.942 15957 15957 D PlaybackController: Releasing PlaybackController
08-05 03:17:56.953 15957 16294 I art     : Starting a blocking GC Explicit
08-05 03:17:56.982 15957 16294 I art     : Explicit concurrent mark sweep GC freed 1619(93KB) AllocSpace objects, 1(20KB) LOS objects, 35% free, 28MB/44MB, paused 921us total 28.433ms
08-05 03:17:56.992 15957 16294 I art     : Starting a blocking GC Explicit
08-05 03:17:57.022 15957 16294 I art     : Explicit concurrent mark sweep GC freed 3709(185KB) AllocSpace objects, 3(200KB) LOS objects, 35% free, 28MB/44MB, paused 1.852ms total 29.561ms
08-05 03:17:57.033 15957 16294 I art     : Starting a blocking GC Explicit
08-05 03:17:57.060 15957 16294 I art     : Explicit concurrent mark sweep GC freed 1741(144KB) AllocSpace objects, 0(0B) LOS objects, 35% free, 28MB/44MB, paused 982us total 27.163ms
08-05 03:17:57.069 15957 16294 I art     : Starting a blocking GC Explicit
08-05 03:17:57.095 15957 16294 I art     : Explicit concurrent mark sweep GC freed 57(2480B) AllocSpace objects, 0(0B) LOS objects, 35% free, 28MB/44MB, paused 1.016ms total 26.106ms
08-05 03:17:57.104 15957 16294 I art     : Starting a blocking GC Explicit
08-05 03:17:57.131 15957 16294 I art     : Explicit concurrent mark sweep GC freed 19(704B) AllocSpace objects, 0(0B) LOS objects, 35% free, 28MB/44MB, paused 1.044ms total 26.906ms
08-05 03:17:57.180 15957 15986 D MYTAG   : interceptor 3a https://rss.art19.com/nice-white-parents
08-05 03:17:57.181 15957 15986 I NAPPA_EXPERIMENTATION: MetricNetworkRequestExecutionTime: REQUEST_DURATION_SYSTEM='684',REQUEST_DURATION_OKHTTP='148',REQUEST_SYNCHRONOUS='TRUE',RESPONSE_CODE='200',RESPONSE_METHOD='GET',RESPONSE_LENGTH_OKHTTP='-1',RESPONSE_LENGTH_HEADER='1803',REQUEST_PROTOCOL='h2',REQUEST_URL='https://rss.art19.com/nice-white-parents',
08-05 03:17:57.181 15957 15986 D HttpDownloader: Response code is 200
08-05 03:17:57.181 15957 15986 D UserPreferences: Using default data folder
08-05 03:17:57.182 15957 15986 D HttpDownloader: Getting size of download
08-05 03:17:57.182 15957 15986 D HttpDownloader: Size is -1
08-05 03:17:57.182 15957 15986 D UserPreferences: Using default data folder
08-05 03:17:57.183 15957 15986 D HttpDownloader: Free space is 20232540160
08-05 03:17:57.183 15957 15986 D HttpDownloader: Starting download
08-05 03:17:57.194 15957 15986 D HttpDownloader: Download was successful
08-05 03:17:57.195   918  4400 D WifiService: releaseWifiLockLocked: WifiLock{Downloader type=1 binder=android.os.BinderProxy@da12fcc}
08-05 03:17:57.208 15957 15957 D OnlineFeedViewActivity: Parsing feed
08-05 03:17:57.212 15957 18236 D TypeGetter: Recognized type RSS 2.0
08-05 03:17:57.213 15957 18236 D SyndHandler: Recognized ITunes namespace
08-05 03:17:57.214 15957 18236 D SyndHandler: Recognized Atom namespace
08-05 03:17:57.214 15957 18236 D SyndHandler: Recognized Content namespace
08-05 03:17:57.220 15957 18236 D OnlineFeedViewActivity: Deleted feed source file. Result: true
08-05 03:17:57.224 15957 15957 D OnlineFeedViewActivity: Removing HTML from shownotes
08-05 03:17:57.409 15957 15969 I art     : Starting a blocking GC Explicit
08-05 03:17:57.443 15957 15969 I art     : Explicit concurrent mark sweep GC freed 3527(366KB) AllocSpace objects, 5(148KB) LOS objects, 35% free, 28MB/44MB, paused 1.050ms total 33.612ms
08-05 03:17:57.455 15957 15969 I art     : Starting a blocking GC Explicit
08-05 03:17:57.483 15957 15969 I art     : Explicit concurrent mark sweep GC freed 653(31KB) AllocSpace objects, 1(112KB) LOS objects, 35% free, 28MB/44MB, paused 991us total 28.226ms
08-05 03:17:57.492 15957 15969 I art     : Starting a blocking GC Explicit
08-05 03:17:57.521 15957 15969 I art     : Explicit concurrent mark sweep GC freed 3(96B) AllocSpace objects, 0(0B) LOS objects, 35% free, 28MB/44MB, paused 1.004ms total 28.624ms
08-05 03:17:57.531 15957 15969 I art     : Starting a blocking GC Explicit
08-05 03:17:57.560 15957 15969 I art     : Explicit concurrent mark sweep GC freed 3(96B) AllocSpace objects, 0(0B) LOS objects, 35% free, 28MB/44MB, paused 1.003ms total 29.137ms
08-05 03:17:57.570 15957 15969 I art     : Starting a blocking GC Explicit
08-05 03:17:57.600 15957 15969 I art     : Explicit concurrent mark sweep GC freed 3(96B) AllocSpace objects, 0(0B) LOS objects, 35% free, 28MB/44MB, paused 996us total 30.138ms
08-05 03:17:57.904 15957 15970 I art     : Starting a blocking GC Explicit
08-05 03:17:57.943 15957 15970 I art     : Explicit concurrent mark sweep GC freed 1372(80KB) AllocSpace objects, 1(20KB) LOS objects, 35% free, 28MB/44MB, paused 1.096ms total 39.178ms
08-05 03:17:57.955 15957 15970 I art     : Starting a blocking GC Explicit
08-05 03:17:57.986 15957 15970 I art     : Explicit concurrent mark sweep GC freed 23(752B) AllocSpace objects, 0(0B) LOS objects, 35% free, 28MB/44MB, paused 1.022ms total 30.380ms
08-05 03:17:57.996 15957 15970 I art     : Starting a blocking GC Explicit
08-05 03:17:58.026 15957 15970 I art     : Explicit concurrent mark sweep GC freed 3(96B) AllocSpace objects, 0(0B) LOS objects, 35% free, 28MB/44MB, paused 1.114ms total 30.722ms
08-05 03:17:58.036 15957 15970 I art     : Starting a blocking GC Explicit
08-05 03:17:58.066 15957 15970 I art     : Explicit concurrent mark sweep GC freed 3(96B) AllocSpace objects, 0(0B) LOS objects, 35% free, 28MB/44MB, paused 1.005ms total 29.799ms
08-05 03:17:58.076 15957 15970 I art     : Starting a blocking GC Explicit
08-05 03:17:58.106 15957 15970 I art     : Explicit concurrent mark sweep GC freed 3(96B) AllocSpace objects, 0(0B) LOS objects, 35% free, 28MB/44MB, paused 1.139ms total 30.031ms
08-05 03:17:58.434 15957 15980 I art     : Starting a blocking GC Explicit
08-05 03:17:58.465 15957 15980 I art     : Explicit concurrent mark sweep GC freed 1401(81KB) AllocSpace objects, 1(20KB) LOS objects, 35% free, 28MB/44MB, paused 1.022ms total 31.080ms
08-05 03:17:58.475 15957 15980 I art     : Starting a blocking GC Explicit
08-05 03:17:58.504 15957 15980 I art     : Explicit concurrent mark sweep GC freed 23(752B) AllocSpace objects, 0(0B) LOS objects, 35% free, 28MB/44MB, paused 1.038ms total 29.361ms
08-05 03:17:58.515 15957 15980 I art     : Starting a blocking GC Explicit
08-05 03:17:58.544 15957 15980 I art     : Explicit concurrent mark sweep GC freed 3(96B) AllocSpace objects, 0(0B) LOS objects, 35% free, 28MB/44MB, paused 1.019ms total 29.359ms
08-05 03:17:58.554 15957 15980 I art     : Starting a blocking GC Explicit
08-05 03:17:58.584 15957 15980 I art     : Explicit concurrent mark sweep GC freed 3(96B) AllocSpace objects, 0(0B) LOS objects, 35% free, 28MB/44MB, paused 1.024ms total 29.887ms
08-05 03:17:58.593 15957 15980 I art     : Starting a blocking GC Explicit
08-05 03:17:58.624 15957 15980 I art     : Explicit concurrent mark sweep GC freed 3(96B) AllocSpace objects, 0(0B) LOS objects, 35% free, 28MB/44MB, paused 1.026ms total 30.343ms
08-05 03:17:58.806   918  3261 D WifiStateMachine: starting scan for "H369AA63323"WPA_PSK with 2412,5180
08-05 03:17:58.959 15957 16294 I art     : Starting a blocking GC Explicit
08-05 03:17:58.993 15957 16294 I art     : Explicit concurrent mark sweep GC freed 1389(81KB) AllocSpace objects, 1(20KB) LOS objects, 35% free, 28MB/44MB, paused 1.045ms total 33.413ms
08-05 03:17:59.004 15957 16294 I art     : Starting a blocking GC Explicit
08-05 03:17:59.034 15957 16294 I art     : Explicit concurrent mark sweep GC freed 29(944B) AllocSpace objects, 0(0B) LOS objects, 35% free, 28MB/44MB, paused 912us total 29.460ms
08-05 03:17:59.043 15957 16294 I art     : Starting a blocking GC Explicit
08-05 03:17:59.072 15957 16294 I art     : Explicit concurrent mark sweep GC freed 7(224B) AllocSpace objects, 0(0B) LOS objects, 35% free, 28MB/44MB, paused 1.007ms total 29.319ms
08-05 03:17:59.082 15957 16294 I art     : Starting a blocking GC Explicit
08-05 03:17:59.111 15957 16294 I art     : Explicit concurrent mark sweep GC freed 6(192B) AllocSpace objects, 0(0B) LOS objects, 35% free, 28MB/44MB, paused 1.062ms total 28.775ms
08-05 03:17:59.121 15957 16294 I art     : Starting a blocking GC Explicit
08-05 03:17:59.149 15957 16294 I art     : Explicit concurrent mark sweep GC freed 3(96B) AllocSpace objects, 0(0B) LOS objects, 35% free, 28MB/44MB, paused 935us total 27.696ms
08-05 03:17:59.479 15957 15970 I art     : Starting a blocking GC Explicit
08-05 03:17:59.517 15957 15970 I art     : Explicit concurrent mark sweep GC freed 1401(81KB) AllocSpace objects, 1(20KB) LOS objects, 35% free, 28MB/44MB, paused 1.112ms total 38.024ms
08-05 03:17:59.530 15957 15970 I art     : Starting a blocking GC Explicit
08-05 03:17:59.561 15957 15970 I art     : Explicit concurrent mark sweep GC freed 23(752B) AllocSpace objects, 0(0B) LOS objects, 35% free, 28MB/44MB, paused 1.026ms total 30.607ms
08-05 03:17:59.571 15957 15970 I art     : Starting a blocking GC Explicit
08-05 03:17:59.601 15957 15970 I art     : Explicit concurrent mark sweep GC freed 3(96B) AllocSpace objects, 0(0B) LOS objects, 35% free, 28MB/44MB, paused 1.026ms total 29.696ms
08-05 03:17:59.611 15957 15970 I art     : Starting a blocking GC Explicit
08-05 03:17:59.641 15957 15970 I art     : Explicit concurrent mark sweep GC freed 3(96B) AllocSpace objects, 0(0B) LOS objects, 35% free, 28MB/44MB, paused 1.035ms total 30.226ms
08-05 03:17:59.651 15957 15970 I art     : Starting a blocking GC Explicit
08-05 03:17:59.681 15957 15970 I art     : Explicit concurrent mark sweep GC freed 3(96B) AllocSpace objects, 0(0B) LOS objects, 35% free, 28MB/44MB, paused 1.003ms total 29.939ms
08-05 03:18:00.027 15957 17659 I art     : Starting a blocking GC Explicit
08-05 03:18:00.056 15957 17659 I art     : Explicit concurrent mark sweep GC freed 1373(82KB) AllocSpace objects, 1(20KB) LOS objects, 35% free, 28MB/44MB, paused 991us total 29.377ms
08-05 03:18:00.066 15957 17659 I art     : Starting a blocking GC Explicit
08-05 03:18:00.095 15957 17659 I art     : Explicit concurrent mark sweep GC freed 23(752B) AllocSpace objects, 0(0B) LOS objects, 35% free, 28MB/44MB, paused 1.006ms total 28.993ms
08-05 03:18:00.104 15957 17659 I art     : Starting a blocking GC Explicit
08-05 03:18:00.134 15957 17659 I art     : Explicit concurrent mark sweep GC freed 3(96B) AllocSpace objects, 0(0B) LOS objects, 35% free, 28MB/44MB, paused 1.049ms total 29.006ms
08-05 03:18:00.143 15957 17659 I art     : Starting a blocking GC Explicit
08-05 03:18:00.173 15957 17659 I art     : Explicit concurrent mark sweep GC freed 3(96B) AllocSpace objects, 0(0B) LOS objects, 35% free, 28MB/44MB, paused 1.010ms total 29.681ms
08-05 03:18:00.183 15957 17659 I art     : Starting a blocking GC Explicit
08-05 03:18:00.212 15957 17659 I art     : Explicit concurrent mark sweep GC freed 31(848B) AllocSpace objects, 0(0B) LOS objects, 35% free, 28MB/44MB, paused 1.013ms total 29.600ms
08-05 03:18:00.510 15957 15980 I art     : Starting a blocking GC Explicit
08-05 03:18:00.540 15957 15980 I art     : Explicit concurrent mark sweep GC freed 1373(80KB) AllocSpace objects, 1(20KB) LOS objects, 35% free, 28MB/44MB, paused 1.071ms total 30.118ms
08-05 03:18:00.550 15957 15980 I art     : Starting a blocking GC Explicit
08-05 03:18:00.580 15957 15980 I art     : Explicit concurrent mark sweep GC freed 23(752B) AllocSpace objects, 0(0B) LOS objects, 35% free, 28MB/44MB, paused 1.035ms total 29.771ms
08-05 03:18:00.589 15957 15980 I art     : Starting a blocking GC Explicit
08-05 03:18:00.618 15957 15980 I art     : Explicit concurrent mark sweep GC freed 3(96B) AllocSpace objects, 0(0B) LOS objects, 35% free, 28MB/44MB, paused 1.050ms total 28.268ms
08-05 03:18:00.627 15957 15980 I art     : Starting a blocking GC Explicit
08-05 03:18:00.656 15957 15980 I art     : Explicit concurrent mark sweep GC freed 3(96B) AllocSpace objects, 0(0B) LOS objects, 35% free, 28MB/44MB, paused 1.042ms total 28.456ms
08-05 03:18:00.665 15957 15980 I art     : Starting a blocking GC Explicit
08-05 03:18:00.694 15957 15980 I art     : Explicit concurrent mark sweep GC freed 3(96B) AllocSpace objects, 0(0B) LOS objects, 35% free, 28MB/44MB, paused 1.026ms total 28.553ms
08-05 03:18:00.848 18302 18302 D AndroidRuntime: >>>>>> START com.android.internal.os.RuntimeInit uid 2000 <<<<<<
08-05 03:18:00.853 18302 18302 D AndroidRuntime: CheckJNI is OFF
08-05 03:18:00.886 18302 18302 D ICU     : No timezone override file found: /data/misc/zoneinfo/current/icu/icu_tzdata.dat
08-05 03:18:00.919 18302 18302 I Radio-JNI: register_android_hardware_Radio DONE
08-05 03:18:00.941 18302 18302 D AndroidRuntime: Calling main entry com.android.commands.input.Input
08-05 03:18:00.942 18302 18302 I Input   : injectKeyEvent: KeyEvent { action=ACTION_DOWN, keyCode=KEYCODE_BACK, scanCode=0, metaState=0, flags=0x0, repeatCount=0, eventTime=760697355, downTime=760697355, deviceId=-1, source=0x101 }
08-05 03:18:00.948 18302 18302 I Input   : injectKeyEvent: KeyEvent { action=ACTION_UP, keyCode=KEYCODE_BACK, scanCode=0, metaState=0, flags=0x0, repeatCount=0, eventTime=760697355, downTime=760697355, deviceId=-1, source=0x101 }
08-05 03:18:00.956 18302 18302 D AndroidRuntime: Shutting down VM
08-05 03:18:00.962 15957 15957 V PlaybackController: initServiceNotRunning()
08-05 03:18:00.962 15957 15957 D ExternalPlayerFragment: Loading media info
08-05 03:18:00.966 15957 15957 D UserPreferences: Using default data folder
08-05 03:18:00.966 15957 15986 D DBReader: getNavDrawerData() called with: 
08-05 03:18:00.976 15957 15986 D DBReader: getDownloadedItems() called
08-05 03:18:00.978 15957 15986 D DBReader: getFavoriteIDList() called
08-05 03:18:00.978 15957 15986 D DBReader: getQueueIDList() called
08-05 03:18:00.979 15957 15986 D DBReader: Extracting Feedlist
08-05 03:18:00.981  9999  9999 I ServiceManager: Waiting for service AtCmdFwd...
08-05 03:18:00.998 15957 15969 I art     : Starting a blocking GC Explicit
08-05 03:18:01.001 15957 15957 D MainActivity: getLastNavFragment() -> AddFeedFragment
08-05 03:18:01.003 13866 13866 I GoogleInputMethodServic: GoogleInputMethodService.onFinishInput():3138 
08-05 03:18:01.003 13866 13866 I GoogleInputMethodServic: GoogleInputMethodService.onStartInput():1808 
08-05 03:18:01.028 15957 15969 I art     : Explicit concurrent mark sweep GC freed 2448(151KB) AllocSpace objects, 1(20KB) LOS objects, 35% free, 28MB/44MB, paused 1.535ms total 30.029ms
08-05 03:18:01.038 15957 15969 I art     : Starting a blocking GC Explicit
08-05 03:18:01.066 15957 15969 I art     : Explicit concurrent mark sweep GC freed 376(17KB) AllocSpace objects, 0(0B) LOS objects, 35% free, 28MB/44MB, paused 1.005ms total 28.057ms
08-05 03:18:01.075 15957 15969 I art     : Starting a blocking GC Explicit
08-05 03:18:01.101 15957 15969 I art     : Explicit concurrent mark sweep GC freed 115(7KB) AllocSpace objects, 0(0B) LOS objects, 35% free, 28MB/44MB, paused 926us total 26.430ms
08-05 03:18:01.110 15957 15969 I art     : Starting a blocking GC Explicit
08-05 03:18:01.137 15957 15969 I art     : Explicit concurrent mark sweep GC freed 3(96B) AllocSpace objects, 0(0B) LOS objects, 35% free, 28MB/44MB, paused 975us total 26.830ms
08-05 03:18:01.146 15957 15969 I art     : Starting a blocking GC Explicit
08-05 03:18:01.178 15957 15969 I art     : Explicit concurrent mark sweep GC freed 3(96B) AllocSpace objects, 0(0B) LOS objects, 35% free, 28MB/44MB, paused 1.003ms total 31.183ms
08-05 03:18:01.294   380   380 W SurfaceFlinger: couldn't log to binary event log: overflow.
08-05 03:18:01.457 15957 15969 I art     : Starting a blocking GC Explicit
08-05 03:18:01.485 15957 15969 I art     : Explicit concurrent mark sweep GC freed 1998(106KB) AllocSpace objects, 1(20KB) LOS objects, 35% free, 28MB/44MB, paused 977us total 27.265ms
08-05 03:18:01.494 15957 15969 I art     : Starting a blocking GC Explicit
08-05 03:18:01.520 15957 15969 I art     : Explicit concurrent mark sweep GC freed 2457(152KB) AllocSpace objects, 1(28KB) LOS objects, 35% free, 28MB/44MB, paused 968us total 25.845ms
08-05 03:18:01.528 15957 15969 I art     : Starting a blocking GC Explicit
08-05 03:18:01.554 15957 15969 I art     : Explicit concurrent mark sweep GC freed 3(96B) AllocSpace objects, 0(0B) LOS objects, 35% free, 28MB/44MB, paused 943us total 25.586ms
08-05 03:18:01.562 15957 15969 I art     : Starting a blocking GC Explicit
08-05 03:18:01.588 15957 15969 I art     : Explicit concurrent mark sweep GC freed 3(96B) AllocSpace objects, 0(0B) LOS objects, 35% free, 28MB/44MB, paused 984us total 25.459ms
08-05 03:18:01.597 15957 15969 I art     : Starting a blocking GC Explicit
08-05 03:18:01.623 15957 15969 I art     : Explicit concurrent mark sweep GC freed 3(96B) AllocSpace objects, 0(0B) LOS objects, 35% free, 28MB/44MB, paused 972us total 25.987ms
08-05 03:18:01.918 15957 15980 I art     : Starting a blocking GC Explicit
08-05 03:18:01.955 15957 15980 I art     : Explicit concurrent mark sweep GC freed 1374(82KB) AllocSpace objects, 1(20KB) LOS objects, 35% free, 28MB/44MB, paused 1.086ms total 36.628ms
08-05 03:18:01.966 15957 15980 I art     : Starting a blocking GC Explicit
08-05 03:18:01.982  9999  9999 I ServiceManager: Waiting for service AtCmdFwd...
08-05 03:18:01.995 15957 15980 I art     : Explicit concurrent mark sweep GC freed 23(752B) AllocSpace objects, 0(0B) LOS objects, 35% free, 28MB/44MB, paused 1.014ms total 28.565ms
08-05 03:18:02.004 15957 15980 I art     : Starting a blocking GC Explicit
08-05 03:18:02.033 15957 15980 I art     : Explicit concurrent mark sweep GC freed 3(96B) AllocSpace objects, 0(0B) LOS objects, 35% free, 28MB/44MB, paused 970us total 28.903ms
08-05 03:18:02.043 15957 15980 I art     : Starting a blocking GC Explicit
08-05 03:18:02.073 15957 15980 I art     : Explicit concurrent mark sweep GC freed 3(96B) AllocSpace objects, 0(0B) LOS objects, 35% free, 28MB/44MB, paused 1.182ms total 29.855ms
08-05 03:18:02.083 15957 15980 I art     : Starting a blocking GC Explicit
08-05 03:18:02.112 15957 15980 I art     : Explicit concurrent mark sweep GC freed 3(96B) AllocSpace objects, 0(0B) LOS objects, 35% free, 28MB/44MB, paused 999us total 28.781ms
08-05 03:18:02.378 15957 15970 I art     : Starting a blocking GC Explicit
08-05 03:18:02.408 15957 15970 I art     : Explicit concurrent mark sweep GC freed 1402(81KB) AllocSpace objects, 1(20KB) LOS objects, 35% free, 28MB/44MB, paused 1.135ms total 29.150ms
08-05 03:18:02.418 15957 15970 I art     : Starting a blocking GC Explicit
08-05 03:18:02.445 15957 15970 I art     : Explicit concurrent mark sweep GC freed 23(752B) AllocSpace objects, 0(0B) LOS objects, 35% free, 28MB/44MB, paused 1.008ms total 26.634ms
08-05 03:18:02.454 15957 15970 I art     : Starting a blocking GC Explicit
08-05 03:18:02.481 15957 15970 I art     : Explicit concurrent mark sweep GC freed 3(96B) AllocSpace objects, 0(0B) LOS objects, 35% free, 28MB/44MB, paused 1.037ms total 27.672ms
08-05 03:18:02.490 15957 15970 I art     : Starting a blocking GC Explicit
08-05 03:18:02.519 15957 15970 I art     : Explicit concurrent mark sweep GC freed 3(96B) AllocSpace objects, 0(0B) LOS objects, 35% free, 28MB/44MB, paused 1.004ms total 28.147ms
08-05 03:18:02.528 15957 15970 I art     : Starting a blocking GC Explicit
08-05 03:18:02.556 15957 15970 I art     : Explicit concurrent mark sweep GC freed 3(96B) AllocSpace objects, 0(0B) LOS objects, 35% free, 28MB/44MB, paused 997us total 27.461ms
08-05 03:18:02.635 18354 18354 D AndroidRuntime: >>>>>> START com.android.internal.os.RuntimeInit uid 2000 <<<<<<
08-05 03:18:02.643 18354 18354 D AndroidRuntime: CheckJNI is OFF
08-05 03:18:02.676 18354 18354 D ICU     : No timezone override file found: /data/misc/zoneinfo/current/icu/icu_tzdata.dat
08-05 03:18:02.709 18354 18354 I Radio-JNI: register_android_hardware_Radio DONE
08-05 03:18:02.730 18354 18354 D AndroidRuntime: Calling main entry com.android.commands.input.Input
08-05 03:18:02.731 18354 18354 I Input   : injectKeyEvent: KeyEvent { action=ACTION_DOWN, keyCode=KEYCODE_BACK, scanCode=0, metaState=0, flags=0x0, repeatCount=0, eventTime=760699144, downTime=760699144, deviceId=-1, source=0x101 }
08-05 03:18:02.739 18354 18354 I Input   : injectKeyEvent: KeyEvent { action=ACTION_UP, keyCode=KEYCODE_BACK, scanCode=0, metaState=0, flags=0x0, repeatCount=0, eventTime=760699144, downTime=760699144, deviceId=-1, source=0x101 }
08-05 03:18:02.751 13866 13866 I GoogleInputMethodServic: GoogleInputMethodService.onFinishInput():3138 
08-05 03:18:02.751 13866 13866 I GoogleInputMethodServic: GoogleInputMethodService.onStartInput():1808 
08-05 03:18:02.756 18354 18354 D AndroidRuntime: Shutting down VM
08-05 03:18:02.839 15957 16294 I art     : Starting a blocking GC Explicit
08-05 03:18:02.870 15957 16294 I art     : Explicit concurrent mark sweep GC freed 2586(130KB) AllocSpace objects, 1(20KB) LOS objects, 35% free, 28MB/44MB, paused 1.001ms total 30.379ms
08-05 03:18:02.879 15957 16294 I art     : Starting a blocking GC Explicit
08-05 03:18:02.908 15957 16294 I art     : Explicit concurrent mark sweep GC freed 2649(177KB) AllocSpace objects, 9(1540KB) LOS objects, 37% free, 26MB/42MB, paused 1.075ms total 28.847ms
08-05 03:18:02.917 15957 16294 I art     : Starting a blocking GC Explicit
08-05 03:18:02.945 15957 16294 I art     : Explicit concurrent mark sweep GC freed 3(96B) AllocSpace objects, 0(0B) LOS objects, 37% free, 26MB/42MB, paused 1.002ms total 27.568ms
08-05 03:18:02.954 15957 16294 I art     : Starting a blocking GC Explicit
08-05 03:18:02.982  9999  9999 I ServiceManager: Waiting for service AtCmdFwd...
08-05 03:18:02.983 15957 16294 I art     : Explicit concurrent mark sweep GC freed 3(96B) AllocSpace objects, 0(0B) LOS objects, 37% free, 26MB/42MB, paused 969us total 28.673ms
08-05 03:18:02.993 15957 16294 I art     : Starting a blocking GC Explicit
08-05 03:18:03.020 15957 16294 I art     : Explicit concurrent mark sweep GC freed 3(96B) AllocSpace objects, 0(0B) LOS objects, 37% free, 26MB/42MB, paused 1ms total 27.451ms
08-05 03:18:03.020 15957 15968 I art     : WaitForGcToComplete blocked for 27.667ms for cause HeapTrim
08-05 03:18:03.294 15957 15969 I art     : Starting a blocking GC Explicit
08-05 03:18:03.329 15957 15969 I art     : Explicit concurrent mark sweep GC freed 1402(82KB) AllocSpace objects, 1(20KB) LOS objects, 37% free, 26MB/42MB, paused 1.056ms total 34.273ms
08-05 03:18:03.338 15957 15969 I art     : Starting a blocking GC Explicit
08-05 03:18:03.367 15957 15969 I art     : Explicit concurrent mark sweep GC freed 23(752B) AllocSpace objects, 0(0B) LOS objects, 37% free, 26MB/42MB, paused 1.059ms total 28.506ms
08-05 03:18:03.376 15957 15969 I art     : Starting a blocking GC Explicit
08-05 03:18:03.405 15957 15969 I art     : Explicit concurrent mark sweep GC freed 3(96B) AllocSpace objects, 0(0B) LOS objects, 37% free, 26MB/42MB, paused 1.006ms total 28.663ms
08-05 03:18:03.415 15957 15969 I art     : Starting a blocking GC Explicit
08-05 03:18:03.444 15957 15969 I art     : Explicit concurrent mark sweep GC freed 3(96B) AllocSpace objects, 0(0B) LOS objects, 37% free, 26MB/42MB, paused 991us total 28.615ms
08-05 03:18:03.453 15957 15969 I art     : Starting a blocking GC Explicit
08-05 03:18:03.482 15957 15969 I art     : Explicit concurrent mark sweep GC freed 3(96B) AllocSpace objects, 0(0B) LOS objects, 37% free, 26MB/42MB, paused 1.021ms total 28.249ms
08-05 03:18:03.783 15957 15980 I art     : Starting a blocking GC Explicit
08-05 03:18:03.823 15957 15980 I art     : Explicit concurrent mark sweep GC freed 1373(81KB) AllocSpace objects, 1(20KB) LOS objects, 37% free, 26MB/42MB, paused 1.091ms total 39.266ms
08-05 03:18:03.835 15957 15980 I art     : Starting a blocking GC Explicit
08-05 03:18:03.865 15957 15980 I art     : Explicit concurrent mark sweep GC freed 23(752B) AllocSpace objects, 0(0B) LOS objects, 37% free, 26MB/42MB, paused 1.034ms total 29.455ms
08-05 03:18:03.875 15957 15980 I art     : Starting a blocking GC Explicit
08-05 03:18:03.903 15957 15980 I art     : Explicit concurrent mark sweep GC freed 3(96B) AllocSpace objects, 0(0B) LOS objects, 37% free, 26MB/42MB, paused 985us total 28.435ms
08-05 03:18:03.913 15957 15980 I art     : Starting a blocking GC Explicit
08-05 03:18:03.941 15957 15980 I art     : Explicit concurrent mark sweep GC freed 3(96B) AllocSpace objects, 0(0B) LOS objects, 37% free, 26MB/42MB, paused 1.013ms total 28.571ms
08-05 03:18:03.951 15957 15980 I art     : Starting a blocking GC Explicit
08-05 03:18:03.980 15957 15980 I art     : Explicit concurrent mark sweep GC freed 3(96B) AllocSpace objects, 0(0B) LOS objects, 37% free, 26MB/42MB, paused 1.137ms total 29.136ms
08-05 03:18:03.982  9999  9999 I ServiceManager: Waiting for service AtCmdFwd...
08-05 03:18:04.265 15957 15970 I art     : Starting a blocking GC Explicit
08-05 03:18:04.295 15957 15970 I art     : Explicit concurrent mark sweep GC freed 1401(83KB) AllocSpace objects, 1(20KB) LOS objects, 37% free, 26MB/42MB, paused 1.117ms total 29.174ms
08-05 03:18:04.305 15957 15970 I art     : Starting a blocking GC Explicit
08-05 03:18:04.331 15957 15970 I art     : Explicit concurrent mark sweep GC freed 23(752B) AllocSpace objects, 0(0B) LOS objects, 37% free, 26MB/42MB, paused 1.021ms total 26.683ms
08-05 03:18:04.340 15957 15970 I art     : Starting a blocking GC Explicit
08-05 03:18:04.368 15957 15970 I art     : Explicit concurrent mark sweep GC freed 4(128B) AllocSpace objects, 0(0B) LOS objects, 37% free, 26MB/42MB, paused 1.163ms total 26.880ms
08-05 03:18:04.377 15957 15970 I art     : Starting a blocking GC Explicit
08-05 03:18:04.405 15957 15970 I art     : Explicit concurrent mark sweep GC freed 7(224B) AllocSpace objects, 0(0B) LOS objects, 37% free, 26MB/42MB, paused 1.030ms total 28.140ms
08-05 03:18:04.411 18409 18409 D AndroidRuntime: >>>>>> START com.android.internal.os.RuntimeInit uid 2000 <<<<<<
08-05 03:18:04.415 15957 15970 I art     : Starting a blocking GC Explicit
08-05 03:18:04.416 18409 18409 D AndroidRuntime: CheckJNI is OFF
08-05 03:18:04.442 15957 15970 I art     : Explicit concurrent mark sweep GC freed 8(256B) AllocSpace objects, 0(0B) LOS objects, 37% free, 26MB/42MB, paused 976us total 27.128ms
08-05 03:18:04.451 18409 18409 D ICU     : No timezone override file found: /data/misc/zoneinfo/current/icu/icu_tzdata.dat
08-05 03:18:04.481 18409 18409 I Radio-JNI: register_android_hardware_Radio DONE
08-05 03:18:04.502 18409 18409 D AndroidRuntime: Calling main entry com.android.commands.input.Input
08-05 03:18:04.504 18409 18409 I Input   : injectMotionEvent: MotionEvent { action=ACTION_DOWN, actionButton=0, id[0]=0, x[0]=103.0, y[0]=192.0, toolType[0]=TOOL_TYPE_UNKNOWN, buttonState=0, metaState=0, flags=0x0, edgeFlags=0x0, pointerCount=1, historySize=0, eventTime=760700916, downTime=760700916, deviceId=0, source=0x1002 }
08-05 03:18:04.508 18409 18409 I Input   : injectMotionEvent: MotionEvent { action=ACTION_UP, actionButton=0, id[0]=0, x[0]=103.0, y[0]=192.0, toolType[0]=TOOL_TYPE_UNKNOWN, buttonState=0, metaState=0, flags=0x0, edgeFlags=0x0, pointerCount=1, historySize=0, eventTime=760700916, downTime=760700916, deviceId=0, source=0x1002 }
08-05 03:18:04.510 18409 18409 D AndroidRuntime: Shutting down VM
08-05 03:18:04.521   512  2967 D audio_hw_primary: out_set_parameters: enter: usecase(1: low-latency-playback) kvpairs: routing=2
08-05 03:18:04.533   512  2967 D audio_hw_primary: select_devices: out_snd_device(2: speaker) in_snd_device(0: none)
08-05 03:18:04.534   512  2967 D msm8974_platform: platform_send_audio_calibration: sending audio calibration for snd_device(2) acdb_id(15)
08-05 03:18:04.534   512  2967 I soundtrigger: audio_extn_sound_trigger_update_device_status: device 0x2 of type 0 for Event 1
08-05 03:18:04.543   512  2967 D audio_hw_primary: enable_snd_device: snd_device(2: speaker)
08-05 03:18:04.545   512  2967 D audio_hw_primary: enable_audio_route: apply and update mixer path: low-latency-playback speaker
08-05 03:18:04.554 13866 13866 I GoogleInputMethodServic: GoogleInputMethodService.onFinishInput():3138 
08-05 03:18:04.555 13866 13866 I GoogleInputMethodServic: GoogleInputMethodService.onStartInput():1808 
08-05 03:18:04.704 15957 15970 I art     : Starting a blocking GC Explicit
08-05 03:18:04.733 15957 15970 I art     : Explicit concurrent mark sweep GC freed 1992(109KB) AllocSpace objects, 1(20KB) LOS objects, 37% free, 26MB/42MB, paused 1.181ms total 29.275ms
08-05 03:18:04.743 15957 15970 I art     : Starting a blocking GC Explicit
08-05 03:18:04.772 15957 15970 I art     : Explicit concurrent mark sweep GC freed 102(5KB) AllocSpace objects, 0(0B) LOS objects, 37% free, 26MB/42MB, paused 934us total 28.252ms
08-05 03:18:04.780 15957 15970 I art     : Starting a blocking GC Explicit
08-05 03:18:04.805 15957 15970 I art     : Explicit concurrent mark sweep GC freed 3(96B) AllocSpace objects, 0(0B) LOS objects, 37% free, 26MB/42MB, paused 880us total 24.730ms
08-05 03:18:04.814 15957 15970 I art     : Starting a blocking GC Explicit
08-05 03:18:04.839 15957 15970 I art     : Explicit concurrent mark sweep GC freed 3(96B) AllocSpace objects, 0(0B) LOS objects, 37% free, 26MB/42MB, paused 928us total 24.456ms
08-05 03:18:04.848 15957 15970 I art     : Starting a blocking GC Explicit
08-05 03:18:04.873 15957 15970 I art     : Explicit concurrent mark sweep GC freed 3(96B) AllocSpace objects, 0(0B) LOS objects, 37% free, 26MB/42MB, paused 895us total 24.925ms
08-05 03:18:04.983  9999  9999 I ServiceManager: Waiting for service AtCmdFwd...
08-05 03:18:05.088   512  2967 D audio_hw_primary: disable_audio_route: reset and update mixer path: low-latency-playback speaker
08-05 03:18:05.090   512  2967 D audio_hw_primary: disable_snd_device: snd_device(2: speaker)
08-05 03:18:05.100   512  2967 I soundtrigger: audio_extn_sound_trigger_update_device_status: device 0x2 of type 0 for Event 0
08-05 03:18:05.169 15957 17659 I art     : Starting a blocking GC Explicit
08-05 03:18:05.199 15957 17659 I art     : Explicit concurrent mark sweep GC freed 1380(80KB) AllocSpace objects, 1(20KB) LOS objects, 37% free, 26MB/42MB, paused 1.027ms total 29.100ms
08-05 03:18:05.209 15957 17659 I art     : Starting a blocking GC Explicit
08-05 03:18:05.237 15957 17659 I art     : Explicit concurrent mark sweep GC freed 54(1600B) AllocSpace objects, 0(0B) LOS objects, 37% free, 26MB/42MB, paused 1.109ms total 27.846ms
08-05 03:18:05.246 15957 17659 I art     : Starting a blocking GC Explicit
08-05 03:18:05.274 15957 17659 I art     : Explicit concurrent mark sweep GC freed 5(160B) AllocSpace objects, 0(0B) LOS objects, 37% free, 26MB/42MB, paused 1.017ms total 27.875ms
08-05 03:18:05.283 15957 17659 I art     : Starting a blocking GC Explicit
08-05 03:18:05.312 15957 17659 I art     : Explicit concurrent mark sweep GC freed 3(96B) AllocSpace objects, 0(0B) LOS objects, 37% free, 26MB/42MB, paused 1.034ms total 28.147ms
08-05 03:18:05.322 15957 17659 I art     : Starting a blocking GC Explicit
08-05 03:18:05.351 15957 17659 I art     : Explicit concurrent mark sweep GC freed 3(96B) AllocSpace objects, 0(0B) LOS objects, 37% free, 26MB/42MB, paused 984us total 29.004ms
08-05 03:18:05.657 15957 15970 I art     : Starting a blocking GC Explicit
08-05 03:18:05.694 15957 15970 I art     : Explicit concurrent mark sweep GC freed 1371(80KB) AllocSpace objects, 1(20KB) LOS objects, 37% free, 26MB/42MB, paused 1.124ms total 36.721ms
08-05 03:18:05.705 15957 15970 I art     : Starting a blocking GC Explicit
08-05 03:18:05.735 15957 15970 I art     : Explicit concurrent mark sweep GC freed 23(752B) AllocSpace objects, 0(0B) LOS objects, 37% free, 26MB/42MB, paused 933us total 28.867ms
08-05 03:18:05.744 15957 15970 I art     : Starting a blocking GC Explicit
08-05 03:18:05.772 15957 15970 I art     : Explicit concurrent mark sweep GC freed 3(96B) AllocSpace objects, 0(0B) LOS objects, 37% free, 26MB/42MB, paused 1.064ms total 27.264ms
08-05 03:18:05.781 15957 15970 I art     : Starting a blocking GC Explicit
08-05 03:18:05.808 15957 15970 I art     : Explicit concurrent mark sweep GC freed 3(96B) AllocSpace objects, 0(0B) LOS objects, 37% free, 26MB/42MB, paused 1.078ms total 26.300ms
08-05 03:18:05.816 15957 15970 I art     : Starting a blocking GC Explicit
08-05 03:18:05.842 15957 15970 I art     : Explicit concurrent mark sweep GC freed 3(96B) AllocSpace objects, 0(0B) LOS objects, 37% free, 26MB/42MB, paused 987us total 25.757ms
08-05 03:18:05.983  9999  9999 W Atfwd_Sendcmd: AtCmdFwd service not published, waiting... retryCnt : 4
08-05 03:18:06.119 15957 15969 I art     : Starting a blocking GC Explicit
08-05 03:18:06.148 15957 15969 I art     : Explicit concurrent mark sweep GC freed 1371(80KB) AllocSpace objects, 1(20KB) LOS objects, 37% free, 26MB/42MB, paused 1.114ms total 28.232ms
08-05 03:18:06.157 15957 15969 I art     : Starting a blocking GC Explicit
08-05 03:18:06.165 18462 18462 D AndroidRuntime: >>>>>> START com.android.internal.os.RuntimeInit uid 2000 <<<<<<
08-05 03:18:06.170 18462 18462 D AndroidRuntime: CheckJNI is OFF
08-05 03:18:06.185 15957 15969 I art     : Explicit concurrent mark sweep GC freed 27(880B) AllocSpace objects, 0(0B) LOS objects, 37% free, 26MB/42MB, paused 1.166ms total 27.391ms
08-05 03:18:06.196 15957 15969 I art     : Starting a blocking GC Explicit
08-05 03:18:06.207 18462 18462 D ICU     : No timezone override file found: /data/misc/zoneinfo/current/icu/icu_tzdata.dat
08-05 03:18:06.221 15957 15969 I art     : Explicit concurrent mark sweep GC freed 37(1040B) AllocSpace objects, 0(0B) LOS objects, 37% free, 26MB/42MB, paused 1.016ms total 25.345ms
08-05 03:18:06.230 15957 15969 I art     : Starting a blocking GC Explicit
08-05 03:18:06.240 18462 18462 I Radio-JNI: register_android_hardware_Radio DONE
08-05 03:18:06.256 15957 15969 I art     : Explicit concurrent mark sweep GC freed 7(224B) AllocSpace objects, 0(0B) LOS objects, 37% free, 26MB/42MB, paused 910us total 24.984ms
08-05 03:18:06.262 18462 18462 D AndroidRuntime: Calling main entry com.android.commands.input.Input
08-05 03:18:06.264 18462 18462 I Input   : injectMotionEvent: MotionEvent { action=ACTION_DOWN, actionButton=0, id[0]=0, x[0]=625.0, y[0]=1248.0, toolType[0]=TOOL_TYPE_UNKNOWN, buttonState=0, metaState=0, flags=0x0, edgeFlags=0x0, pointerCount=1, historySize=0, eventTime=760702677, downTime=760702677, deviceId=0, source=0x1002 }
08-05 03:18:06.264 15957 15969 I art     : Starting a blocking GC Explicit
08-05 03:18:06.272 18462 18462 I Input   : injectMotionEvent: MotionEvent { action=ACTION_UP, actionButton=0, id[0]=0, x[0]=625.0, y[0]=1248.0, toolType[0]=TOOL_TYPE_UNKNOWN, buttonState=0, metaState=0, flags=0x0, edgeFlags=0x0, pointerCount=1, historySize=0, eventTime=760702677, downTime=760702677, deviceId=0, source=0x1002 }
08-05 03:18:06.274 18462 18462 D AndroidRuntime: Shutting down VM
08-05 03:18:06.291 15957 15969 I art     : Explicit concurrent mark sweep GC freed 41(1392B) AllocSpace objects, 0(0B) LOS objects, 37% free, 26MB/42MB, paused 1.163ms total 26.686ms
08-05 03:18:06.350 15957 15957 D MainActivity: loadFragment(index: 7, args: null)
08-05 03:18:06.351 15957 15957 D MainActivity: saveLastNavFragment(tag: 2)
08-05 03:18:06.352 15957 15957 D MainActivity: getLastNavFragment() -> 2
08-05 03:18:06.352   512  2967 D audio_hw_primary: out_set_parameters: enter: usecase(1: low-latency-playback) kvpairs: routing=2
08-05 03:18:06.365   512  2967 D audio_hw_primary: select_devices: out_snd_device(2: speaker) in_snd_device(0: none)
08-05 03:18:06.365   512  2967 D msm8974_platform: platform_send_audio_calibration: sending audio calibration for snd_device(2) acdb_id(15)
08-05 03:18:06.365   512  2967 I soundtrigger: audio_extn_sound_trigger_update_device_status: device 0x2 of type 0 for Event 1
08-05 03:18:06.375   512  2967 D audio_hw_primary: enable_snd_device: snd_device(2: speaker)
08-05 03:18:06.377   512  2967 D audio_hw_primary: enable_audio_route: apply and update mixer path: low-latency-playback speaker
08-05 03:18:06.386 15957 15957 D ItemlistFragment: onEventMainThread() called with: event = [DownloadEvent{update=DownloaderUpdate{downloaders=[], feedIds=[], mediaIds=[]}}]
08-05 03:18:06.388 15957 15978 D DBReader: getFeed() called with: feedId = [2]
08-05 03:18:06.390 15957 15978 D DBReader: getFeedItemList() called with: feed = [baseline.de.danoeh.antennapod.core.feed.Feed@2]
08-05 03:18:06.464 15957 15978 W PodDBAdapter: Length of id array is larger than 800. Creating multiple cursors
08-05 03:18:06.532 15957 15978 D DBReader: getFavoriteIDList() called
08-05 03:18:06.533 15957 15978 D DBReader: getQueueIDList() called
08-05 03:18:06.534 15957 15978 D DBReader: Extracting Feedlist
08-05 03:18:06.542 15957 15969 I art     : Starting a blocking GC Explicit
08-05 03:18:06.579 15957 15969 I art     : Explicit concurrent mark sweep GC freed 14294(608KB) AllocSpace objects, 4(72KB) LOS objects, 35% free, 29MB/45MB, paused 1.302ms total 35.988ms
08-05 03:18:06.583 15957 15957 D FeedMenuHandler: Preparing options menu
08-05 03:18:06.590 15957 15969 I art     : Starting a blocking GC Explicit
08-05 03:18:06.625 15957 15969 I art     : Explicit concurrent mark sweep GC freed 5146(281KB) AllocSpace objects, 0(0B) LOS objects, 35% free, 29MB/45MB, paused 1.485ms total 34.700ms
08-05 03:18:06.635 15957 15969 I art     : Starting a blocking GC Explicit
08-05 03:18:06.643 15957 16902 D ApOkHttpUrlLoader: buildLoadData() called with: model = [http://static.libsyn.com/p/assets/7/1/f/3/71f3014e14ef2722/JREiTunesImage2.jpg], width = [1440], height = [462]
08-05 03:18:06.668 15957 15969 I art     : Explicit concurrent mark sweep GC freed 1238(88KB) AllocSpace objects, 0(0B) LOS objects, 29% free, 37MB/53MB, paused 1.138ms total 33.467ms
08-05 03:18:06.679 15957 15969 I art     : Starting a blocking GC Explicit
08-05 03:18:06.714 15957 15969 I art     : Explicit concurrent mark sweep GC freed 139(11KB) AllocSpace objects, 0(0B) LOS objects, 29% free, 37MB/53MB, paused 1.066ms total 34.523ms
08-05 03:18:06.721 15957 15979 V RenderScript: 0x7f79917000 Launching thread(s), CPUs 8
08-05 03:18:06.725 15957 15969 I art     : Starting a blocking GC Explicit
08-05 03:18:06.759 15957 15969 I art     : Explicit concurrent mark sweep GC freed 14(480B) AllocSpace objects, 0(0B) LOS objects, 29% free, 37MB/53MB, paused 1.382ms total 33.494ms
08-05 03:18:06.774 13866 13866 I GoogleInputMethodServic: GoogleInputMethodService.onFinishInput():3138 
08-05 03:18:06.775 13866 13866 I GoogleInputMethodServic: GoogleInputMethodService.onStartInput():1808 
08-05 03:18:06.908   512  2967 D audio_hw_primary: disable_audio_route: reset and update mixer path: low-latency-playback speaker
08-05 03:18:06.910   512  2967 D audio_hw_primary: disable_snd_device: snd_device(2: speaker)
08-05 03:18:06.918   512  2967 I soundtrigger: audio_extn_sound_trigger_update_device_status: device 0x2 of type 0 for Event 0
08-05 03:18:07.071 15957 17659 I art     : Starting a blocking GC Explicit
08-05 03:18:07.112 15957 17659 I art     : Explicit concurrent mark sweep GC freed 1751(115KB) AllocSpace objects, 6(236KB) LOS objects, 29% free, 37MB/53MB, paused 1.043ms total 40.600ms
08-05 03:18:07.124 15957 17659 I art     : Starting a blocking GC Explicit
08-05 03:18:07.157 15957 17659 I art     : Explicit concurrent mark sweep GC freed 155(7KB) AllocSpace objects, 0(0B) LOS objects, 29% free, 37MB/53MB, paused 891us total 32.287ms
08-05 03:18:07.167 15957 17659 I art     : Starting a blocking GC Explicit
08-05 03:18:07.203 15957 17659 I art     : Explicit concurrent mark sweep GC freed 20(672B) AllocSpace objects, 0(0B) LOS objects, 29% free, 37MB/53MB, paused 911us total 34.924ms
08-05 03:18:07.213 15957 17659 I art     : Starting a blocking GC Explicit
08-05 03:18:07.250 15957 17659 I art     : Explicit concurrent mark sweep GC freed 34(944B) AllocSpace objects, 0(0B) LOS objects, 29% free, 37MB/53MB, paused 1.021ms total 36.596ms
08-05 03:18:07.261 15957 17659 I art     : Starting a blocking GC Explicit
08-05 03:18:07.298 15957 17659 I art     : Explicit concurrent mark sweep GC freed 3(96B) AllocSpace objects, 0(0B) LOS objects, 29% free, 37MB/53MB, paused 1.062ms total 37.152ms
08-05 03:18:07.606 15957 15969 I art     : Starting a blocking GC Explicit
08-05 03:18:07.661 15957 15969 I art     : Explicit concurrent mark sweep GC freed 1375(80KB) AllocSpace objects, 1(20KB) LOS objects, 29% free, 37MB/53MB, paused 1.164ms total 54.462ms
08-05 03:18:07.675 15957 15969 I art     : Starting a blocking GC Explicit
08-05 03:18:07.713 15957 15969 I art     : Explicit concurrent mark sweep GC freed 23(752B) AllocSpace objects, 0(0B) LOS objects, 29% free, 37MB/53MB, paused 1.021ms total 37.590ms
08-05 03:18:07.724 15957 15969 I art     : Starting a blocking GC Explicit
08-05 03:18:07.763 15957 15969 I art     : Explicit concurrent mark sweep GC freed 3(96B) AllocSpace objects, 0(0B) LOS objects, 29% free, 37MB/53MB, paused 1.124ms total 38.649ms
08-05 03:18:07.775 15957 15969 I art     : Starting a blocking GC Explicit
08-05 03:18:07.813 15957 15969 I art     : Explicit concurrent mark sweep GC freed 3(96B) AllocSpace objects, 0(0B) LOS objects, 29% free, 37MB/53MB, paused 1.012ms total 38.498ms
08-05 03:18:07.825 15957 15969 I art     : Starting a blocking GC Explicit
08-05 03:18:07.862 15957 15969 I art     : Explicit concurrent mark sweep GC freed 3(96B) AllocSpace objects, 0(0B) LOS objects, 29% free, 37MB/53MB, paused 975us total 37.056ms
08-05 03:18:08.185 15957 15970 I art     : Starting a blocking GC Explicit
08-05 03:18:08.232 15957 15970 I art     : Explicit concurrent mark sweep GC freed 1409(81KB) AllocSpace objects, 1(20KB) LOS objects, 29% free, 37MB/53MB, paused 1.041ms total 46.532ms
08-05 03:18:08.242 15957 15970 I art     : Starting a blocking GC Explicit
08-05 03:18:08.274 15957 15970 I art     : Explicit concurrent mark sweep GC freed 28(912B) AllocSpace objects, 0(0B) LOS objects, 29% free, 37MB/53MB, paused 889us total 32.088ms
08-05 03:18:08.285 15957 15970 I art     : Starting a blocking GC Explicit
08-05 03:18:08.318 15957 15970 I art     : Explicit concurrent mark sweep GC freed 7(224B) AllocSpace objects, 0(0B) LOS objects, 29% free, 37MB/53MB, paused 1.025ms total 33.266ms
08-05 03:18:08.329 15957 15970 I art     : Starting a blocking GC Explicit
08-05 03:18:08.364 15957 15970 I art     : Explicit concurrent mark sweep GC freed 9(288B) AllocSpace objects, 0(0B) LOS objects, 29% free, 37MB/53MB, paused 1.023ms total 34.794ms
08-05 03:18:08.364 15957 15968 I art     : WaitForGcToComplete blocked for 32.960ms for cause HeapTrim
08-05 03:18:08.375 15957 15970 I art     : Starting a blocking GC Explicit
08-05 03:18:08.410 15957 15970 I art     : Explicit concurrent mark sweep GC freed 9(288B) AllocSpace objects, 0(0B) LOS objects, 29% free, 37MB/53MB, paused 920us total 34.516ms
08-05 03:18:08.727 15957 15970 I art     : Starting a blocking GC Explicit
08-05 03:18:08.764 15957 15970 I art     : Explicit concurrent mark sweep GC freed 2075(102KB) AllocSpace objects, 1(20KB) LOS objects, 29% free, 37MB/53MB, paused 1.039ms total 37.565ms
08-05 03:18:08.776 15957 15970 I art     : Starting a blocking GC Explicit
08-05 03:18:08.813 15957 15970 I art     : Explicit concurrent mark sweep GC freed 89(3KB) AllocSpace objects, 0(0B) LOS objects, 29% free, 37MB/53MB, paused 1.029ms total 36.195ms
08-05 03:18:08.824 15957 15970 I art     : Starting a blocking GC Explicit
08-05 03:18:08.860 15957 15970 I art     : Explicit concurrent mark sweep GC freed 3(96B) AllocSpace objects, 0(0B) LOS objects, 29% free, 37MB/53MB, paused 1.005ms total 36.667ms
08-05 03:18:08.871 15957 15970 I art     : Starting a blocking GC Explicit
08-05 03:18:08.910 15957 15970 I art     : Explicit concurrent mark sweep GC freed 3(96B) AllocSpace objects, 0(0B) LOS objects, 29% free, 37MB/53MB, paused 1.037ms total 38.144ms
08-05 03:18:08.921 15957 15970 I art     : Starting a blocking GC Explicit
08-05 03:18:08.960 15957 15970 I art     : Explicit concurrent mark sweep GC freed 3(96B) AllocSpace objects, 0(0B) LOS objects, 29% free, 37MB/53MB, paused 1.038ms total 38.275ms
08-05 03:18:09.286 15957 15980 I art     : Starting a blocking GC Explicit
08-05 03:18:09.334 15957 15980 I art     : Explicit concurrent mark sweep GC freed 2289(113KB) AllocSpace objects, 1(20KB) LOS objects, 29% free, 37MB/53MB, paused 1.091ms total 48.153ms
08-05 03:18:09.350 15957 15980 I art     : Starting a blocking GC Explicit
08-05 03:18:09.391 15957 15980 I art     : Explicit concurrent mark sweep GC freed 23(752B) AllocSpace objects, 0(0B) LOS objects, 29% free, 37MB/53MB, paused 1.074ms total 41.100ms
08-05 03:18:09.403 15957 15980 I art     : Starting a blocking GC Explicit
08-05 03:18:09.440 15957 15980 I art     : Explicit concurrent mark sweep GC freed 3(96B) AllocSpace objects, 0(0B) LOS objects, 29% free, 37MB/53MB, paused 1.016ms total 37.377ms
08-05 03:18:09.451 15957 15980 I art     : Starting a blocking GC Explicit
08-05 03:18:09.489 15957 15980 I art     : Explicit concurrent mark sweep GC freed 3(96B) AllocSpace objects, 0(0B) LOS objects, 29% free, 37MB/53MB, paused 1.038ms total 38.173ms
08-05 03:18:09.501 15957 15980 I art     : Starting a blocking GC Explicit
08-05 03:18:09.539 15957 15980 I art     : Explicit concurrent mark sweep GC freed 3(96B) AllocSpace objects, 0(0B) LOS objects, 29% free, 37MB/53MB, paused 1.056ms total 37.992ms
08-05 03:18:09.886 15957 16294 I art     : Starting a blocking GC Explicit
08-05 03:18:09.932 15957 16294 I art     : Explicit concurrent mark sweep GC freed 1374(81KB) AllocSpace objects, 1(20KB) LOS objects, 29% free, 37MB/53MB, paused 1.024ms total 45.849ms
08-05 03:18:09.943 15957 16294 I art     : Starting a blocking GC Explicit
08-05 03:18:09.982 15957 16294 I art     : Explicit concurrent mark sweep GC freed 23(752B) AllocSpace objects, 0(0B) LOS objects, 29% free, 37MB/53MB, paused 1.054ms total 38.480ms
08-05 03:18:09.993 15957 16294 I art     : Starting a blocking GC Explicit
08-05 03:18:10.031 15957 16294 I art     : Explicit concurrent mark sweep GC freed 3(96B) AllocSpace objects, 0(0B) LOS objects, 29% free, 37MB/53MB, paused 1.061ms total 37.640ms
08-05 03:18:10.043 15957 16294 I art     : Starting a blocking GC Explicit
08-05 03:18:10.081 15957 16294 I art     : Explicit concurrent mark sweep GC freed 3(96B) AllocSpace objects, 0(0B) LOS objects, 29% free, 37MB/53MB, paused 1.017ms total 37.732ms
08-05 03:18:10.092 15957 16294 I art     : Starting a blocking GC Explicit
08-05 03:18:10.130 15957 16294 I art     : Explicit concurrent mark sweep GC freed 3(96B) AllocSpace objects, 0(0B) LOS objects, 29% free, 37MB/53MB, paused 1.133ms total 38.075ms
08-05 03:18:10.471 15957 17659 I art     : Starting a blocking GC Explicit
08-05 03:18:10.519 15957 17659 I art     : Explicit concurrent mark sweep GC freed 1402(83KB) AllocSpace objects, 1(20KB) LOS objects, 29% free, 37MB/53MB, paused 1.093ms total 47.451ms
08-05 03:18:10.531 15957 17659 I art     : Starting a blocking GC Explicit
08-05 03:18:10.564 15957 17659 I art     : Explicit concurrent mark sweep GC freed 23(752B) AllocSpace objects, 0(0B) LOS objects, 29% free, 37MB/53MB, paused 960us total 33.443ms
08-05 03:18:10.574 15957 17659 I art     : Starting a blocking GC Explicit
08-05 03:18:10.609 15957 17659 I art     : Explicit concurrent mark sweep GC freed 3(96B) AllocSpace objects, 0(0B) LOS objects, 29% free, 37MB/53MB, paused 1.071ms total 35.023ms
08-05 03:18:10.620 15957 17659 I art     : Starting a blocking GC Explicit
08-05 03:18:10.656 15957 17659 I art     : Explicit concurrent mark sweep GC freed 3(96B) AllocSpace objects, 0(0B) LOS objects, 29% free, 37MB/53MB, paused 1.011ms total 35.610ms
08-05 03:18:10.667 15957 17659 I art     : Starting a blocking GC Explicit
08-05 03:18:10.703 15957 17659 I art     : Explicit concurrent mark sweep GC freed 3(96B) AllocSpace objects, 0(0B) LOS objects, 29% free, 37MB/53MB, paused 1.039ms total 35.493ms
08-05 03:18:10.928 18575 18575 D AndroidRuntime: >>>>>> START com.android.internal.os.RuntimeInit uid 2000 <<<<<<
08-05 03:18:10.934 18575 18575 D AndroidRuntime: CheckJNI is OFF
08-05 03:18:10.966 18575 18575 D ICU     : No timezone override file found: /data/misc/zoneinfo/current/icu/icu_tzdata.dat
08-05 03:18:11.000 18575 18575 I Radio-JNI: register_android_hardware_Radio DONE
08-05 03:18:11.022 18575 18575 D AndroidRuntime: Calling main entry com.android.commands.input.Input
08-05 03:18:11.024 18575 18575 I Input   : injectMotionEvent: MotionEvent { action=ACTION_DOWN, actionButton=0, id[0]=0, x[0]=1363.0, y[0]=517.0, toolType[0]=TOOL_TYPE_UNKNOWN, buttonState=0, metaState=0, flags=0x0, edgeFlags=0x0, pointerCount=1, historySize=0, eventTime=760707436, downTime=760707436, deviceId=0, source=0x1002 }
08-05 03:18:11.028 18575 18575 I Input   : injectMotionEvent: MotionEvent { action=ACTION_UP, actionButton=0, id[0]=0, x[0]=1363.0, y[0]=517.0, toolType[0]=TOOL_TYPE_UNKNOWN, buttonState=0, metaState=0, flags=0x0, edgeFlags=0x0, pointerCount=1, historySize=0, eventTime=760707436, downTime=760707436, deviceId=0, source=0x1002 }
08-05 03:18:11.029 18575 18575 D AndroidRuntime: Shutting down VM
08-05 03:18:11.033 15957 15969 I art     : Starting a blocking GC Explicit
08-05 03:18:11.041   918  5481 I ActivityManager: START u0 {cmp=baseline.de.danoeh.antennapod.debug/baseline.de.danoeh.antennapod.activity.FeedSettingsActivity (has extras)} from uid 10691 on display 0
08-05 03:18:11.043   512  2967 D audio_hw_primary: out_set_parameters: enter: usecase(1: low-latency-playback) kvpairs: routing=2
08-05 03:18:11.056   512  2967 D audio_hw_primary: select_devices: out_snd_device(2: speaker) in_snd_device(0: none)
08-05 03:18:11.056   512  2967 D msm8974_platform: platform_send_audio_calibration: sending audio calibration for snd_device(2) acdb_id(15)
08-05 03:18:11.056   512  2967 I soundtrigger: audio_extn_sound_trigger_update_device_status: device 0x2 of type 0 for Event 1
08-05 03:18:11.057   918   931 I ProcessStatsService: Prepared write state in 2ms
08-05 03:18:11.060   918   931 I ProcessStatsService: Prepared write state in 3ms
08-05 03:18:11.069   512  2967 D audio_hw_primary: enable_snd_device: snd_device(2: speaker)
08-05 03:18:11.071   512  2967 D audio_hw_primary: enable_audio_route: apply and update mixer path: low-latency-playback speaker
08-05 03:18:11.073 15957 15969 I art     : Explicit concurrent mark sweep GC freed 1561(104KB) AllocSpace objects, 1(20KB) LOS objects, 29% free, 37MB/53MB, paused 1.496ms total 39.346ms
08-05 03:18:11.084 15957 15969 I art     : Starting a blocking GC Explicit
08-05 03:18:11.122 15957 15969 I art     : Explicit concurrent mark sweep GC freed 14730(634KB) AllocSpace objects, 0(0B) LOS objects, 29% free, 37MB/53MB, paused 1.891ms total 38.123ms
08-05 03:18:11.133 15957 15969 I art     : Starting a blocking GC Explicit
08-05 03:18:11.172 15957 15969 I art     : Explicit concurrent mark sweep GC freed 18799(783KB) AllocSpace objects, 0(0B) LOS objects, 29% free, 37MB/53MB, paused 1.471ms total 38.297ms
08-05 03:18:11.183 15957 15969 I art     : Starting a blocking GC Explicit
08-05 03:18:11.220 15957 15969 I art     : Explicit concurrent mark sweep GC freed 14667(633KB) AllocSpace objects, 0(0B) LOS objects, 29% free, 38MB/54MB, paused 1.453ms total 37.727ms
08-05 03:18:11.231 15957 15969 I art     : Starting a blocking GC Explicit
08-05 03:18:11.246 15957 16500 D DBReader: getFeed() called with: feedId = [2]
08-05 03:18:11.247 15957 16500 D DBReader: getFeedItemList() called with: feed = [baseline.de.danoeh.antennapod.core.feed.Feed@2]
08-05 03:18:11.271 15957 15969 I art     : Explicit concurrent mark sweep GC freed 1903(140KB) AllocSpace objects, 0(0B) LOS objects, 28% free, 39MB/55MB, paused 2.153ms total 39.628ms
08-05 03:18:11.327 15957 16500 W PodDBAdapter: Length of id array is larger than 800. Creating multiple cursors
08-05 03:18:11.360 13866 13866 I GoogleInputMethodServic: GoogleInputMethodService.onFinishInput():3138 
08-05 03:18:11.361   918   936 I ActivityManager: Displayed baseline.de.danoeh.antennapod.debug/baseline.de.danoeh.antennapod.activity.FeedSettingsActivity: +309ms
08-05 03:18:11.362 13866 13866 I GoogleInputMethodServic: GoogleInputMethodService.onStartInput():1808 
08-05 03:18:11.397 15957 15979 D OpenGLRenderer: endAllStagingAnimators on 0x7f7cdff400 (RippleDrawable) with handle 0x7f7a4d2b40
08-05 03:18:11.408 15957 16902 D ApOkHttpUrlLoader: buildLoadData() called with: model = [http://static.libsyn.com/p/assets/7/1/f/3/71f3014e14ef2722/JREiTunesImage2.jpg], width = [1440], height = [462]
08-05 03:18:11.412 13866 13866 I GoogleInputMethodServic: GoogleInputMethodService.onStartInput():1808 
08-05 03:18:11.412 13866 13866 W SessionManager: SessionManager.beginSession():53 Try to begin an already begun session [INPUT_SESSION], end it first
08-05 03:18:11.422 13866 13866 I ShortcutsDataManager: ShortcutsDataManager.onContentChanged():89 onContentChanged()
08-05 03:18:11.422 15957 15957 D FeedSettingsActivity: No filter set
08-05 03:18:11.429   918  5952 W IntentResolver: resolveIntent: multiple matches, only some with CATEGORY_DEFAULT
08-05 03:18:11.537 15957 16294 I art     : Starting a blocking GC Explicit
08-05 03:18:11.593 15957 16294 I art     : Explicit concurrent mark sweep GC freed 14629(610KB) AllocSpace objects, 3(52KB) LOS objects, 27% free, 41MB/57MB, paused 1.146ms total 55.359ms
08-05 03:18:11.607   380   380 W SurfaceFlinger: couldn't log to binary event log: overflow.
08-05 03:18:11.608 15957 16294 I art     : Starting a blocking GC Explicit
08-05 03:18:11.609   512  2967 D audio_hw_primary: disable_audio_route: reset and update mixer path: low-latency-playback speaker
08-05 03:18:11.611   512  2967 D audio_hw_primary: disable_snd_device: snd_device(2: speaker)
08-05 03:18:11.620   512  2967 I soundtrigger: audio_extn_sound_trigger_update_device_status: device 0x2 of type 0 for Event 0
08-05 03:18:11.650 15957 16294 I art     : Explicit concurrent mark sweep GC freed 715(51KB) AllocSpace objects, 0(0B) LOS objects, 27% free, 41MB/57MB, paused 997us total 42.369ms
08-05 03:18:11.662 15957 16294 I art     : Starting a blocking GC Explicit
08-05 03:18:11.705 15957 16294 I art     : Explicit concurrent mark sweep GC freed 13(576B) AllocSpace objects, 0(0B) LOS objects, 27% free, 41MB/57MB, paused 1.067ms total 42.976ms
08-05 03:18:11.719 15957 16294 I art     : Starting a blocking GC Explicit
08-05 03:18:11.759 15957 15957 D PlaybackController: Releasing PlaybackController
08-05 03:18:11.766 15957 16294 I art     : Explicit concurrent mark sweep GC freed 187(11KB) AllocSpace objects, 0(0B) LOS objects, 27% free, 41MB/57MB, paused 1.251ms total 47.055ms
08-05 03:18:11.779 15957 16294 I art     : Starting a blocking GC Explicit
08-05 03:18:11.822 15957 16294 I art     : Explicit concurrent mark sweep GC freed 149(6KB) AllocSpace objects, 0(0B) LOS objects, 27% free, 41MB/57MB, paused 1.082ms total 42.697ms
08-05 03:18:12.130 15957 15969 I art     : Starting a blocking GC Explicit
08-05 03:18:12.195 15957 15969 I art     : Explicit concurrent mark sweep GC freed 1482(84KB) AllocSpace objects, 1(20KB) LOS objects, 27% free, 41MB/57MB, paused 1.259ms total 64.713ms
08-05 03:18:12.213 15957 15969 I art     : Starting a blocking GC Explicit
08-05 03:18:12.261 15957 15969 I art     : Explicit concurrent mark sweep GC freed 68(2048B) AllocSpace objects, 0(0B) LOS objects, 27% free, 41MB/57MB, paused 1.087ms total 47.870ms
08-05 03:18:12.275 15957 15969 I art     : Starting a blocking GC Explicit
08-05 03:18:12.322 15957 15969 I art     : Explicit concurrent mark sweep GC freed 3(96B) AllocSpace objects, 0(0B) LOS objects, 27% free, 41MB/57MB, paused 987us total 46.818ms
08-05 03:18:12.335 15957 15969 I art     : Starting a blocking GC Explicit
08-05 03:18:12.384 15957 15969 I art     : Explicit concurrent mark sweep GC freed 3(96B) AllocSpace objects, 0(0B) LOS objects, 27% free, 41MB/57MB, paused 1.099ms total 49.073ms
08-05 03:18:12.398 15957 15969 I art     : Starting a blocking GC Explicit
08-05 03:18:12.445 15957 15969 I art     : Explicit concurrent mark sweep GC freed 3(96B) AllocSpace objects, 0(0B) LOS objects, 27% free, 41MB/57MB, paused 1.040ms total 47.236ms
08-05 03:18:12.758 15957 15980 I art     : Starting a blocking GC Explicit
08-05 03:18:12.823 15957 15980 I art     : Explicit concurrent mark sweep GC freed 1372(80KB) AllocSpace objects, 1(20KB) LOS objects, 27% free, 41MB/57MB, paused 1.099ms total 64.023ms
08-05 03:18:12.841 15957 15980 I art     : Starting a blocking GC Explicit
08-05 03:18:12.888 15957 15980 I art     : Explicit concurrent mark sweep GC freed 27(880B) AllocSpace objects, 0(0B) LOS objects, 27% free, 41MB/57MB, paused 1.154ms total 47.257ms
08-05 03:18:12.902 15957 15980 I art     : Starting a blocking GC Explicit
08-05 03:18:12.946 15957 15980 I art     : Explicit concurrent mark sweep GC freed 18(576B) AllocSpace objects, 0(0B) LOS objects, 27% free, 41MB/57MB, paused 1.126ms total 43.789ms
08-05 03:18:12.959 15957 15980 I art     : Starting a blocking GC Explicit
08-05 03:18:13.006 15957 15980 I art     : Explicit concurrent mark sweep GC freed 17(544B) AllocSpace objects, 0(0B) LOS objects, 27% free, 41MB/57MB, paused 1.107ms total 46.572ms
08-05 03:18:13.020 15957 15980 I art     : Starting a blocking GC Explicit
08-05 03:18:13.067 15957 15980 I art     : Explicit concurrent mark sweep GC freed 18(576B) AllocSpace objects, 0(0B) LOS objects, 27% free, 41MB/57MB, paused 1.129ms total 46.676ms
08-05 03:18:13.395 15957 17659 I art     : Starting a blocking GC Explicit
08-05 03:18:13.438 15957 17659 I art     : Explicit concurrent mark sweep GC freed 1413(83KB) AllocSpace objects, 1(20KB) LOS objects, 27% free, 41MB/57MB, paused 1.111ms total 41.852ms
08-05 03:18:13.439 15957 15968 I art     : WaitForGcToComplete blocked for 29.100ms for cause HeapTrim
08-05 03:18:13.450 15957 17659 I art     : Starting a blocking GC Explicit
08-05 03:18:13.493 15957 17659 I art     : Explicit concurrent mark sweep GC freed 23(752B) AllocSpace objects, 0(0B) LOS objects, 27% free, 41MB/57MB, paused 1.038ms total 42.117ms
08-05 03:18:13.505 15957 17659 I art     : Starting a blocking GC Explicit
08-05 03:18:13.548 15957 17659 I art     : Explicit concurrent mark sweep GC freed 3(96B) AllocSpace objects, 0(0B) LOS objects, 27% free, 41MB/57MB, paused 1.107ms total 43.035ms
08-05 03:18:13.560 15957 17659 I art     : Starting a blocking GC Explicit
08-05 03:18:13.604 15957 17659 I art     : Explicit concurrent mark sweep GC freed 3(96B) AllocSpace objects, 0(0B) LOS objects, 27% free, 41MB/57MB, paused 1.055ms total 44.003ms
08-05 03:18:13.616 15957 17659 I art     : Starting a blocking GC Explicit
08-05 03:18:13.661 15957 17659 I art     : Explicit concurrent mark sweep GC freed 3(96B) AllocSpace objects, 0(0B) LOS objects, 27% free, 41MB/57MB, paused 1.086ms total 44.479ms
08-05 03:18:14.016 15957 16294 I art     : Starting a blocking GC Explicit
08-05 03:18:14.072 15957 16294 I art     : Explicit concurrent mark sweep GC freed 1373(81KB) AllocSpace objects, 1(20KB) LOS objects, 27% free, 41MB/57MB, paused 1.143ms total 56.053ms
08-05 03:18:14.086 15957 16294 I art     : Starting a blocking GC Explicit
08-05 03:18:14.134 15957 16294 I art     : Explicit concurrent mark sweep GC freed 23(752B) AllocSpace objects, 0(0B) LOS objects, 27% free, 41MB/57MB, paused 1.048ms total 47.848ms
08-05 03:18:14.147 15957 16294 I art     : Starting a blocking GC Explicit
08-05 03:18:14.196 15957 16294 I art     : Explicit concurrent mark sweep GC freed 3(96B) AllocSpace objects, 0(0B) LOS objects, 27% free, 41MB/57MB, paused 1.102ms total 48.959ms
08-05 03:18:14.210 15957 16294 I art     : Starting a blocking GC Explicit
08-05 03:18:14.258 15957 16294 I art     : Explicit concurrent mark sweep GC freed 32(880B) AllocSpace objects, 0(0B) LOS objects, 27% free, 41MB/57MB, paused 1.184ms total 48.187ms
08-05 03:18:14.271 15957 16294 I art     : Starting a blocking GC Explicit
08-05 03:18:14.321 15957 16294 I art     : Explicit concurrent mark sweep GC freed 3(96B) AllocSpace objects, 0(0B) LOS objects, 27% free, 41MB/57MB, paused 1.127ms total 49.432ms
08-05 03:18:14.669 15957 15970 I art     : Starting a blocking GC Explicit
08-05 03:18:14.739 15957 15970 I art     : Explicit concurrent mark sweep GC freed 1372(80KB) AllocSpace objects, 1(20KB) LOS objects, 27% free, 41MB/57MB, paused 1.416ms total 69.277ms
08-05 03:18:14.756 15957 15970 I art     : Starting a blocking GC Explicit
08-05 03:18:14.807 15957 15970 I art     : Explicit concurrent mark sweep GC freed 23(752B) AllocSpace objects, 0(0B) LOS objects, 27% free, 41MB/57MB, paused 1.191ms total 50.854ms
08-05 03:18:14.820 15957 15970 I art     : Starting a blocking GC Explicit
08-05 03:18:14.868 15957 15970 I art     : Explicit concurrent mark sweep GC freed 3(96B) AllocSpace objects, 0(0B) LOS objects, 27% free, 41MB/57MB, paused 1.140ms total 46.876ms
08-05 03:18:14.881 15957 15970 I art     : Starting a blocking GC Explicit
08-05 03:18:14.930 15957 15970 I art     : Explicit concurrent mark sweep GC freed 3(96B) AllocSpace objects, 0(0B) LOS objects, 27% free, 41MB/57MB, paused 1.166ms total 48.203ms
08-05 03:18:14.943 15957 15970 I art     : Starting a blocking GC Explicit
08-05 03:18:14.991 15957 15970 I art     : Explicit concurrent mark sweep GC freed 3(96B) AllocSpace objects, 0(0B) LOS objects, 27% free, 41MB/57MB, paused 1.126ms total 48.134ms
08-05 03:18:15.324 15957 15969 I art     : Starting a blocking GC Explicit
08-05 03:18:15.373 15957 15969 I art     : Explicit concurrent mark sweep GC freed 2104(107KB) AllocSpace objects, 1(20KB) LOS objects, 27% free, 41MB/57MB, paused 1.197ms total 48.595ms
08-05 03:18:15.386 15957 15969 I art     : Starting a blocking GC Explicit
08-05 03:18:15.434 15957 15969 I art     : Explicit concurrent mark sweep GC freed 23(752B) AllocSpace objects, 0(0B) LOS objects, 27% free, 41MB/57MB, paused 1.090ms total 47.625ms
08-05 03:18:15.447 15957 15969 I art     : Starting a blocking GC Explicit
08-05 03:18:15.493 15957 15969 I art     : Explicit concurrent mark sweep GC freed 3(96B) AllocSpace objects, 0(0B) LOS objects, 27% free, 41MB/57MB, paused 1.132ms total 45.492ms
08-05 03:18:15.506 15957 15969 I art     : Starting a blocking GC Explicit
08-05 03:18:15.551 15957 15969 I art     : Explicit concurrent mark sweep GC freed 3(96B) AllocSpace objects, 0(0B) LOS objects, 27% free, 41MB/57MB, paused 1.105ms total 44.844ms
08-05 03:18:15.564 15957 15969 I art     : Starting a blocking GC Explicit
08-05 03:18:15.612 15957 15969 I art     : Explicit concurrent mark sweep GC freed 3(96B) AllocSpace objects, 0(0B) LOS objects, 27% free, 41MB/57MB, paused 1.082ms total 47.789ms
08-05 03:18:15.689 18679 18679 D AndroidRuntime: >>>>>> START com.android.internal.os.RuntimeInit uid 2000 <<<<<<
08-05 03:18:15.695 18679 18679 D AndroidRuntime: CheckJNI is OFF
08-05 03:18:15.735 18679 18679 D ICU     : No timezone override file found: /data/misc/zoneinfo/current/icu/icu_tzdata.dat
08-05 03:18:15.769 18679 18679 I Radio-JNI: register_android_hardware_Radio DONE
08-05 03:18:15.791 18679 18679 D AndroidRuntime: Calling main entry com.android.commands.input.Input
08-05 03:18:15.793 18679 18679 I Input   : injectKeyEvent: KeyEvent { action=ACTION_DOWN, keyCode=KEYCODE_BACK, scanCode=0, metaState=0, flags=0x0, repeatCount=0, eventTime=760712206, downTime=760712206, deviceId=-1, source=0x101 }
08-05 03:18:15.805 18679 18679 I Input   : injectKeyEvent: KeyEvent { action=ACTION_UP, keyCode=KEYCODE_BACK, scanCode=0, metaState=0, flags=0x0, repeatCount=0, eventTime=760712206, downTime=760712206, deviceId=-1, source=0x101 }
08-05 03:18:15.811 18679 18679 D AndroidRuntime: Shutting down VM
08-05 03:18:15.816 15957 15957 V PlaybackController: initServiceNotRunning()
08-05 03:18:15.816 15957 15957 D ExternalPlayerFragment: Loading media info
08-05 03:18:15.818 15957 15957 D ItemlistFragment: onEventMainThread() called with: event = [DownloadEvent{update=DownloaderUpdate{downloaders=[], feedIds=[], mediaIds=[]}}]
08-05 03:18:15.819 15957 16902 D ApOkHttpUrlLoader: buildLoadData() called with: model = [http://static.libsyn.com/p/assets/7/1/f/3/71f3014e14ef2722/JREiTunesImage2.jpg], width = [1440], height = [462]
08-05 03:18:15.821 15957 15957 D UserPreferences: Using default data folder
08-05 03:18:15.822 15957 16500 D DBReader: getNavDrawerData() called with: 
08-05 03:18:15.823 15957 15986 D DBReader: getFeed() called with: feedId = [2]
08-05 03:18:15.830 15957 15986 D DBReader: getFeedItemList() called with: feed = [baseline.de.danoeh.antennapod.core.feed.Feed@2]
08-05 03:18:15.837 15957 15957 D FeedMenuHandler: Preparing options menu
08-05 03:18:15.845 15957 16500 D DBReader: getDownloadedItems() called
08-05 03:18:15.846 15957 16500 D DBReader: getFavoriteIDList() called
08-05 03:18:15.847 15957 16500 D DBReader: getQueueIDList() called
08-05 03:18:15.847 15957 16500 D DBReader: Extracting Feedlist
08-05 03:18:15.878 15957 15957 D MainActivity: getLastNavFragment() -> 2
08-05 03:18:15.880 13866 13866 I GoogleInputMethodServic: GoogleInputMethodService.onFinishInput():3138 
08-05 03:18:15.880 13866 13866 I GoogleInputMethodServic: GoogleInputMethodService.onStartInput():1808 
08-05 03:18:15.881 13866 13866 I ShortcutsDataManager: AbstractContentDataManager.startImportContentTask():208 startImportContentTask()
08-05 03:18:15.882 13866 13938 I ShortcutsDataManager: AbstractContentDataManager$ImportContentTask.doInBackground():222 doInBackground()
08-05 03:18:15.882 13866 13938 I PersonalDictionaryDataH: PersonalDictionaryDataHandler.beginProcess():111 LanguageTags = [en-US]
08-05 03:18:15.892 13866 13938 I ShortcutsDataManager: AbstractContentDataManager.importRecords():312 importRecords() : Success : Count = 0
08-05 03:18:15.898 13866 13938 I ShortcutsDataManager: AbstractContentDataManager.importContentData():262 importContentData() : Ending import process
08-05 03:18:15.904 15957 15986 W PodDBAdapter: Length of id array is larger than 800. Creating multiple cursors
08-05 03:18:15.916 15957 15969 I art     : Starting a blocking GC Explicit
08-05 03:18:15.927 13866 13938 I PersonalLanguageModelUp: PersonalLanguageModelUpdater$UpdateOperation.performInternal():160 run() : Added 0 words and 0 shortcuts
08-05 03:18:15.928 13866 13938 I DynamicLanguageModelOpe: DynamicLanguageModelOperation.perform():37 perform() : 4 : coc : Completed
08-05 03:18:15.928 13866 13950 I Delight5Decoder: Delight5DecoderWrapper.loadLanguageModel():578 loadLanguageModel() : 4, version [n/a]
08-05 03:18:15.928 13866 13866 I ShortcutsDataManager: AbstractContentDataManager$ImportContentTask.onPostExecute():233 onPostExecute() : Result = [2,0]
08-05 03:18:15.928 13866 13866 I ShortcutsDataManager: ShortcutsDataManager.onImportFinished():99 onImportFinished() : Result = 2 : Count = 0
08-05 03:18:15.931 13866 13950 I Delight5Decoder: Delight5DecoderWrapper.loadLanguageModel():616 Loaded dynamic LM 4.en
08-05 03:18:15.967 15957 15969 I art     : Explicit concurrent mark sweep GC freed 8031(466KB) AllocSpace objects, 2(36KB) LOS objects, 25% free, 46MB/62MB, paused 1.336ms total 50.638ms
08-05 03:18:15.976 15957 15986 D DBReader: getFavoriteIDList() called
08-05 03:18:15.977 15957 15986 D DBReader: getQueueIDList() called
08-05 03:18:15.978 15957 15986 D DBReader: Extracting Feedlist
08-05 03:18:15.981 15957 16902 D ApOkHttpUrlLoader: buildLoadData() called with: model = [http://static.libsyn.com/p/assets/7/1/f/3/71f3014e14ef2722/JREiTunesImage2.jpg], width = [1440], height = [462]
08-05 03:18:15.982 15957 15969 I art     : Starting a blocking GC Explicit
08-05 03:18:16.001 15957 15957 D FeedMenuHandler: Preparing options menu
08-05 03:18:16.029 15957 15969 I art     : Explicit concurrent mark sweep GC freed 35764(2MB) AllocSpace objects, 1(16KB) LOS objects, 25% free, 47MB/63MB, paused 1.226ms total 47.691ms
08-05 03:18:16.043 15957 15969 I art     : Starting a blocking GC Explicit
08-05 03:18:16.089 15957 15969 I art     : Explicit concurrent mark sweep GC freed 826(54KB) AllocSpace objects, 0(0B) LOS objects, 25% free, 47MB/63MB, paused 997us total 45.468ms
08-05 03:18:16.102 15957 15969 I art     : Starting a blocking GC Explicit
08-05 03:18:16.147 15957 15969 I art     : Explicit concurrent mark sweep GC freed 664(43KB) AllocSpace objects, 0(0B) LOS objects, 25% free, 47MB/63MB, paused 996us total 44.889ms
08-05 03:18:16.161 15957 15969 I art     : Starting a blocking GC Explicit
08-05 03:18:16.179   380   380 W SurfaceFlinger: couldn't log to binary event log: overflow.
08-05 03:18:16.207 15957 15969 I art     : Explicit concurrent mark sweep GC freed 493(20KB) AllocSpace objects, 0(0B) LOS objects, 25% free, 47MB/63MB, paused 1.264ms total 45.955ms
08-05 03:18:16.497 15957 17659 I art     : Starting a blocking GC Explicit
08-05 03:18:16.548 15957 17659 I art     : Explicit concurrent mark sweep GC freed 1581(89KB) AllocSpace objects, 1(20KB) LOS objects, 25% free, 47MB/63MB, paused 1.221ms total 51.361ms
08-05 03:18:16.562 15957 17659 I art     : Starting a blocking GC Explicit
08-05 03:18:16.604 15957 17659 I art     : Explicit concurrent mark sweep GC freed 34761(2MB) AllocSpace objects, 44(2MB) LOS objects, 27% free, 42MB/58MB, paused 1.115ms total 41.644ms
08-05 03:18:16.615 15957 17659 I art     : Starting a blocking GC Explicit
08-05 03:18:16.653 15957 17659 I art     : Explicit concurrent mark sweep GC freed 3(96B) AllocSpace objects, 0(0B) LOS objects, 27% free, 42MB/58MB, paused 1.105ms total 37.413ms
08-05 03:18:16.664 15957 17659 I art     : Starting a blocking GC Explicit
08-05 03:18:16.703 15957 17659 I art     : Explicit concurrent mark sweep GC freed 3(96B) AllocSpace objects, 0(0B) LOS objects, 27% free, 42MB/58MB, paused 1.098ms total 38.683ms
08-05 03:18:16.714 15957 17659 I art     : Starting a blocking GC Explicit
08-05 03:18:16.753 15957 17659 I art     : Explicit concurrent mark sweep GC freed 3(96B) AllocSpace objects, 0(0B) LOS objects, 27% free, 42MB/58MB, paused 1.115ms total 38.826ms
08-05 03:18:17.067 15957 15980 I art     : Starting a blocking GC Explicit
08-05 03:18:17.111 15957 15980 I art     : Explicit concurrent mark sweep GC freed 1374(81KB) AllocSpace objects, 1(20KB) LOS objects, 27% free, 42MB/58MB, paused 1.193ms total 43.155ms
08-05 03:18:17.122 15957 15980 I art     : Starting a blocking GC Explicit
08-05 03:18:17.160 15957 15980 I art     : Explicit concurrent mark sweep GC freed 23(752B) AllocSpace objects, 0(0B) LOS objects, 27% free, 42MB/58MB, paused 1.152ms total 36.944ms
08-05 03:18:17.171 15957 15980 I art     : Starting a blocking GC Explicit
08-05 03:18:17.207 15957 15980 I art     : Explicit concurrent mark sweep GC freed 3(96B) AllocSpace objects, 0(0B) LOS objects, 27% free, 42MB/58MB, paused 1.183ms total 36.434ms
08-05 03:18:17.218 15957 15980 I art     : Starting a blocking GC Explicit
08-05 03:18:17.255 15957 15980 I art     : Explicit concurrent mark sweep GC freed 32(880B) AllocSpace objects, 0(0B) LOS objects, 27% free, 42MB/58MB, paused 1.120ms total 36.325ms
08-05 03:18:17.266 15957 15980 I art     : Starting a blocking GC Explicit
08-05 03:18:17.302 15957 15980 I art     : Explicit concurrent mark sweep GC freed 3(96B) AllocSpace objects, 0(0B) LOS objects, 27% free, 42MB/58MB, paused 1.163ms total 36.161ms
08-05 03:18:17.475 18722 18722 D AndroidRuntime: >>>>>> START com.android.internal.os.RuntimeInit uid 2000 <<<<<<
08-05 03:18:17.484 18722 18722 D AndroidRuntime: CheckJNI is OFF
08-05 03:18:17.518 18722 18722 D ICU     : No timezone override file found: /data/misc/zoneinfo/current/icu/icu_tzdata.dat
08-05 03:18:17.549 18722 18722 I Radio-JNI: register_android_hardware_Radio DONE
08-05 03:18:17.569 18722 18722 D AndroidRuntime: Calling main entry com.android.commands.input.Input
08-05 03:18:17.571 18722 18722 I Input   : injectMotionEvent: MotionEvent { action=ACTION_DOWN, actionButton=0, id[0]=0, x[0]=1372.0, y[0]=384.0, toolType[0]=TOOL_TYPE_UNKNOWN, buttonState=0, metaState=0, flags=0x0, edgeFlags=0x0, pointerCount=1, historySize=0, eventTime=760713984, downTime=760713984, deviceId=0, source=0x1002 }
08-05 03:18:17.575 18722 18722 I Input   : injectMotionEvent: MotionEvent { action=ACTION_UP, actionButton=0, id[0]=0, x[0]=1372.0, y[0]=384.0, toolType[0]=TOOL_TYPE_UNKNOWN, buttonState=0, metaState=0, flags=0x0, edgeFlags=0x0, pointerCount=1, historySize=0, eventTime=760713984, downTime=760713984, deviceId=0, source=0x1002 }
08-05 03:18:17.576 18722 18722 D AndroidRuntime: Shutting down VM
08-05 03:18:17.581   918  6112 I ActivityManager: START u0 {cmp=baseline.de.danoeh.antennapod.debug/baseline.de.danoeh.antennapod.activity.FeedInfoActivity (has extras)} from uid 10691 on display 0
08-05 03:18:17.581   512  2967 D audio_hw_primary: out_set_parameters: enter: usecase(1: low-latency-playback) kvpairs: routing=2
08-05 03:18:17.594   512  2967 D audio_hw_primary: select_devices: out_snd_device(2: speaker) in_snd_device(0: none)
08-05 03:18:17.594   512  2967 D msm8974_platform: platform_send_audio_calibration: sending audio calibration for snd_device(2) acdb_id(15)
08-05 03:18:17.594   512  2967 I soundtrigger: audio_extn_sound_trigger_update_device_status: device 0x2 of type 0 for Event 1
08-05 03:18:17.606   512  2967 D audio_hw_primary: enable_snd_device: snd_device(2: speaker)
08-05 03:18:17.608   512  2967 D audio_hw_primary: enable_audio_route: apply and update mixer path: low-latency-playback speaker
08-05 03:18:17.624 15957 15970 I art     : Starting a blocking GC Explicit
08-05 03:18:17.637 15957 15978 D DBReader: getFeed() called with: feedId = [2]
08-05 03:18:17.638 15957 15978 D DBReader: getFeedItemList() called with: feed = [baseline.de.danoeh.antennapod.core.feed.Feed@2]
08-05 03:18:17.647 15957 15957 D androidx.gridlayout.widget.GridLayout: horizontal constraints: x2-x0>=1328, x2-x1<=0, x1-x0<=242 are inconsistent; permanently removing: x2-x1<=0. 
08-05 03:18:17.647 15957 15957 D androidx.gridlayout.widget.GridLayout: vertical constraints: y3-y2>=80, y3-y2<=66, y2-y1<=94, y1-y0<=94 are inconsistent; permanently removing: y3-y2<=66. 
08-05 03:18:17.666 15957 15970 I art     : Explicit concurrent mark sweep GC freed 4636(248KB) AllocSpace objects, 1(20KB) LOS objects, 27% free, 43MB/59MB, paused 1.512ms total 40.973ms
08-05 03:18:17.677 15957 15970 I art     : Starting a blocking GC Explicit
08-05 03:18:17.714 15957 15978 W PodDBAdapter: Length of id array is larger than 800. Creating multiple cursors
08-05 03:18:17.718   918   936 I ActivityManager: Displayed baseline.de.danoeh.antennapod.debug/baseline.de.danoeh.antennapod.activity.FeedInfoActivity: +120ms
08-05 03:18:17.719 13866 13866 I GoogleInputMethodServic: GoogleInputMethodService.onFinishInput():3138 
08-05 03:18:17.720 13866 13866 I GoogleInputMethodServic: GoogleInputMethodService.onStartInput():1808 
08-05 03:18:17.721 15957 15970 I art     : Explicit concurrent mark sweep GC freed 3408(218KB) AllocSpace objects, 0(0B) LOS objects, 26% free, 44MB/60MB, paused 2.082ms total 44.214ms
08-05 03:18:17.734 15957 15970 I art     : Starting a blocking GC Explicit
08-05 03:18:17.736 15957 15979 D OpenGLRenderer: endAllStagingAnimators on 0x7f7cdff000 (RippleDrawable) with handle 0x7f79ff0880
08-05 03:18:17.777 15957 15970 I art     : Explicit concurrent mark sweep GC freed 177(19KB) AllocSpace objects, 1(16KB) LOS objects, 26% free, 44MB/60MB, paused 1.295ms total 43.258ms
08-05 03:18:17.785 15957 15957 D FeedInfoActivity: Language is en
08-05 03:18:17.785 15957 15957 D FeedInfoActivity: Author is Joe Rogan
08-05 03:18:17.785 15957 15957 D FeedInfoActivity: URL is http://joeroganexp.joerogan.libsynpro.com/rss
08-05 03:18:17.790 15957 15970 I art     : Starting a blocking GC Explicit
08-05 03:18:17.792 15957 16902 D ApOkHttpUrlLoader: buildLoadData() called with: model = [http://static.libsyn.com/p/assets/7/1/f/3/71f3014e14ef2722/JREiTunesImage2.jpg], width = [1440], height = [462]
08-05 03:18:17.812   918  4400 W IntentResolver: resolveIntent: multiple matches, only some with CATEGORY_DEFAULT
08-05 03:18:17.818 15957 15957 D androidx.gridlayout.widget.GridLayout: horizontal constraints: x2-x0>=1328, x2-x1<=232, x1-x0<=242 are inconsistent; permanently removing: x2-x1<=232. 
08-05 03:18:17.818 15957 15957 D androidx.gridlayout.widget.GridLayout: vertical constraints: y3-y2>=80, y3-y2<=66, y2-y1<=94, y1-y0<=94 are inconsistent; permanently removing: y3-y2<=66. 
08-05 03:18:17.833 15957 15970 I art     : Explicit concurrent mark sweep GC freed 7505(196KB) AllocSpace objects, 1(16KB) LOS objects, 25% free, 47MB/63MB, paused 1.156ms total 42.717ms
08-05 03:18:17.846 15957 15970 I art     : Starting a blocking GC Explicit
08-05 03:18:17.890 15957 15970 I art     : Explicit concurrent mark sweep GC freed 342(24KB) AllocSpace objects, 0(0B) LOS objects, 25% free, 47MB/63MB, paused 1.233ms total 43.653ms
08-05 03:18:17.964   380   380 W SurfaceFlinger: couldn't log to binary event log: overflow.
08-05 03:18:18.092 15957 15957 D PlaybackController: Releasing PlaybackController
08-05 03:18:18.149   512  2967 D audio_hw_primary: disable_audio_route: reset and update mixer path: low-latency-playback speaker
08-05 03:18:18.150   512  2967 D audio_hw_primary: disable_snd_device: snd_device(2: speaker)
08-05 03:18:18.156   512  2967 I soundtrigger: audio_extn_sound_trigger_update_device_status: device 0x2 of type 0 for Event 0
08-05 03:18:18.181 15957 15980 I art     : Starting a blocking GC Explicit
08-05 03:18:18.230 15957 15980 I art     : Explicit concurrent mark sweep GC freed 1725(99KB) AllocSpace objects, 1(20KB) LOS objects, 25% free, 47MB/63MB, paused 1.211ms total 48.533ms
08-05 03:18:18.246 15957 15980 I art     : Starting a blocking GC Explicit
08-05 03:18:18.296 15957 15980 I art     : Explicit concurrent mark sweep GC freed 55(1808B) AllocSpace objects, 0(0B) LOS objects, 25% free, 47MB/63MB, paused 1.272ms total 49.295ms
08-05 03:18:18.310 15957 15980 I art     : Starting a blocking GC Explicit
08-05 03:18:18.357 15957 15980 I art     : Explicit concurrent mark sweep GC freed 3(96B) AllocSpace objects, 0(0B) LOS objects, 25% free, 47MB/63MB, paused 1.111ms total 46.938ms
08-05 03:18:18.370 15957 15980 I art     : Starting a blocking GC Explicit
08-05 03:18:18.417 15957 15980 I art     : Explicit concurrent mark sweep GC freed 3(96B) AllocSpace objects, 0(0B) LOS objects, 25% free, 47MB/63MB, paused 1.202ms total 47.244ms
08-05 03:18:18.431 15957 15980 I art     : Starting a blocking GC Explicit
08-05 03:18:18.478 15957 15980 I art     : Explicit concurrent mark sweep GC freed 3(96B) AllocSpace objects, 0(0B) LOS objects, 25% free, 47MB/63MB, paused 1.173ms total 47.668ms
08-05 03:18:18.789 15957 17659 I art     : Starting a blocking GC Explicit
08-05 03:18:18.854 15957 17659 I art     : Explicit concurrent mark sweep GC freed 1372(80KB) AllocSpace objects, 1(20KB) LOS objects, 25% free, 47MB/63MB, paused 1.301ms total 64.417ms
08-05 03:18:18.867 15957 17659 I art     : Starting a blocking GC Explicit
08-05 03:18:18.915 15957 17659 I art     : Explicit concurrent mark sweep GC freed 23(752B) AllocSpace objects, 0(0B) LOS objects, 25% free, 47MB/63MB, paused 1.096ms total 47.224ms
08-05 03:18:18.928 15957 17659 I art     : Starting a blocking GC Explicit
08-05 03:18:18.975 15957 17659 I art     : Explicit concurrent mark sweep GC freed 3(96B) AllocSpace objects, 0(0B) LOS objects, 25% free, 47MB/63MB, paused 1.117ms total 47.285ms
08-05 03:18:18.989 15957 17659 I art     : Starting a blocking GC Explicit
08-05 03:18:19.038 15957 17659 I art     : Explicit concurrent mark sweep GC freed 3(96B) AllocSpace objects, 0(0B) LOS objects, 25% free, 47MB/63MB, paused 1.226ms total 48.875ms
08-05 03:18:19.051 15957 17659 I art     : Starting a blocking GC Explicit
08-05 03:18:19.099 15957 17659 I art     : Explicit concurrent mark sweep GC freed 3(96B) AllocSpace objects, 0(0B) LOS objects, 25% free, 47MB/63MB, paused 1.118ms total 47.803ms
08-05 03:18:19.418 15957 16294 I art     : Starting a blocking GC Explicit
08-05 03:18:19.450   518   646 I ThermalEngine: ACTION: GPU - Setting GPU[0] to 450000000
08-05 03:18:19.480 15957 16294 I art     : Explicit concurrent mark sweep GC freed 1427(82KB) AllocSpace objects, 1(20KB) LOS objects, 25% free, 47MB/63MB, paused 1.495ms total 61.748ms
08-05 03:18:19.497 15957 16294 I art     : Starting a blocking GC Explicit
08-05 03:18:19.558 15957 16294 I art     : Explicit concurrent mark sweep GC freed 26(848B) AllocSpace objects, 0(0B) LOS objects, 25% free, 47MB/63MB, paused 1.605ms total 60.043ms
08-05 03:18:19.575 15957 16294 I art     : Starting a blocking GC Explicit
08-05 03:18:19.639 15957 16294 I art     : Explicit concurrent mark sweep GC freed 3(96B) AllocSpace objects, 0(0B) LOS objects, 25% free, 47MB/63MB, paused 1.639ms total 64.255ms
08-05 03:18:19.658 15957 16294 I art     : Starting a blocking GC Explicit
08-05 03:18:19.722 15957 16294 I art     : Explicit concurrent mark sweep GC freed 3(96B) AllocSpace objects, 0(0B) LOS objects, 25% free, 47MB/63MB, paused 1.524ms total 63.843ms
08-05 03:18:19.739 15957 16294 I art     : Starting a blocking GC Explicit
08-05 03:18:19.801 15957 16294 I art     : Explicit concurrent mark sweep GC freed 3(96B) AllocSpace objects, 0(0B) LOS objects, 25% free, 47MB/63MB, paused 1.567ms total 61.900ms
08-05 03:18:20.169 15957 15980 I art     : Starting a blocking GC Explicit
08-05 03:18:20.249 15957 15980 I art     : Explicit concurrent mark sweep GC freed 1402(83KB) AllocSpace objects, 1(20KB) LOS objects, 25% free, 47MB/63MB, paused 1.797ms total 79.282ms
08-05 03:18:20.270 15957 15980 I art     : Starting a blocking GC Explicit
08-05 03:18:20.333 15957 15980 I art     : Explicit concurrent mark sweep GC freed 23(752B) AllocSpace objects, 0(0B) LOS objects, 25% free, 47MB/63MB, paused 1.524ms total 62.438ms
08-05 03:18:20.350 15957 15980 I art     : Starting a blocking GC Explicit
08-05 03:18:20.417 15957 15980 I art     : Explicit concurrent mark sweep GC freed 3(96B) AllocSpace objects, 0(0B) LOS objects, 25% free, 47MB/63MB, paused 1.602ms total 66.993ms
08-05 03:18:20.437 15957 15980 I art     : Starting a blocking GC Explicit
08-05 03:18:20.503 15957 15980 I art     : Explicit concurrent mark sweep GC freed 3(96B) AllocSpace objects, 0(0B) LOS objects, 25% free, 47MB/63MB, paused 1.539ms total 65.387ms
08-05 03:18:20.520 15957 15980 I art     : Starting a blocking GC Explicit
08-05 03:18:20.585 15957 15980 I art     : Explicit concurrent mark sweep GC freed 3(96B) AllocSpace objects, 0(0B) LOS objects, 25% free, 47MB/63MB, paused 1.547ms total 64.764ms
08-05 03:18:20.948 15957 15969 I art     : Starting a blocking GC Explicit
08-05 03:18:21.017 15957 15969 I art     : Explicit concurrent mark sweep GC freed 1373(81KB) AllocSpace objects, 1(20KB) LOS objects, 25% free, 47MB/63MB, paused 1.517ms total 68.848ms
08-05 03:18:21.038 15957 15969 I art     : Starting a blocking GC Explicit
08-05 03:18:21.102 15957 15969 I art     : Explicit concurrent mark sweep GC freed 23(752B) AllocSpace objects, 0(0B) LOS objects, 25% free, 47MB/63MB, paused 1.532ms total 64.127ms
08-05 03:18:21.119 15957 15969 I art     : Starting a blocking GC Explicit
08-05 03:18:21.183 15957 15969 I art     : Explicit concurrent mark sweep GC freed 3(96B) AllocSpace objects, 0(0B) LOS objects, 25% free, 47MB/63MB, paused 1.508ms total 62.866ms
08-05 03:18:21.200 15957 15969 I art     : Starting a blocking GC Explicit
08-05 03:18:21.257 15957 15969 I art     : Explicit concurrent mark sweep GC freed 32(880B) AllocSpace objects, 0(0B) LOS objects, 25% free, 47MB/63MB, paused 1.440ms total 56.954ms
08-05 03:18:21.273 15957 15969 I art     : Starting a blocking GC Explicit
08-05 03:18:21.320 15957 15969 I art     : Explicit concurrent mark sweep GC freed 3(96B) AllocSpace objects, 0(0B) LOS objects, 25% free, 47MB/63MB, paused 1.299ms total 47.480ms
08-05 03:18:21.451   518   646 I ThermalEngine: ACTION: GPU - Setting GPU[0] to 510000000
08-05 03:18:21.619 15957 15970 I art     : Starting a blocking GC Explicit
08-05 03:18:21.680 15957 15970 I art     : Explicit concurrent mark sweep GC freed 2075(106KB) AllocSpace objects, 1(20KB) LOS objects, 25% free, 47MB/63MB, paused 1.296ms total 60.622ms
08-05 03:18:21.695 15957 15970 I art     : Starting a blocking GC Explicit
08-05 03:18:21.744 15957 15970 I art     : Explicit concurrent mark sweep GC freed 27(912B) AllocSpace objects, 0(0B) LOS objects, 25% free, 47MB/63MB, paused 1.129ms total 48.486ms
08-05 03:18:21.757 15957 15970 I art     : Starting a blocking GC Explicit
08-05 03:18:21.805 15957 15970 I art     : Explicit concurrent mark sweep GC freed 3(96B) AllocSpace objects, 0(0B) LOS objects, 25% free, 47MB/63MB, paused 1.045ms total 47.959ms
08-05 03:18:21.819 15957 15970 I art     : Starting a blocking GC Explicit
08-05 03:18:21.864 15957 15970 I art     : Explicit concurrent mark sweep GC freed 3(96B) AllocSpace objects, 0(0B) LOS objects, 25% free, 47MB/63MB, paused 1.197ms total 44.618ms
08-05 03:18:21.876 15957 15970 I art     : Starting a blocking GC Explicit
08-05 03:18:21.922 15957 15970 I art     : Explicit concurrent mark sweep GC freed 3(96B) AllocSpace objects, 0(0B) LOS objects, 25% free, 47MB/63MB, paused 1.133ms total 45.062ms
08-05 03:18:22.236 18805 18805 D AndroidRuntime: >>>>>> START com.android.internal.os.RuntimeInit uid 2000 <<<<<<
08-05 03:18:22.241 18805 18805 D AndroidRuntime: CheckJNI is OFF
08-05 03:18:22.249 15957 16294 I art     : Starting a blocking GC Explicit
08-05 03:18:22.277 18805 18805 D ICU     : No timezone override file found: /data/misc/zoneinfo/current/icu/icu_tzdata.dat
08-05 03:18:22.297 15957 16294 I art     : Explicit concurrent mark sweep GC freed 2290(113KB) AllocSpace objects, 1(20KB) LOS objects, 25% free, 47MB/63MB, paused 1.598ms total 47.346ms
08-05 03:18:22.309 15957 16294 I art     : Starting a blocking GC Explicit
08-05 03:18:22.314 18805 18805 I Radio-JNI: register_android_hardware_Radio DONE
08-05 03:18:22.336 18805 18805 D AndroidRuntime: Calling main entry com.android.commands.input.Input
08-05 03:18:22.338 18805 18805 I Input   : injectKeyEvent: KeyEvent { action=ACTION_DOWN, keyCode=KEYCODE_BACK, scanCode=0, metaState=0, flags=0x0, repeatCount=0, eventTime=760718751, downTime=760718751, deviceId=-1, source=0x101 }
08-05 03:18:22.344 18805 18805 I Input   : injectKeyEvent: KeyEvent { action=ACTION_UP, keyCode=KEYCODE_BACK, scanCode=0, metaState=0, flags=0x0, repeatCount=0, eventTime=760718751, downTime=760718751, deviceId=-1, source=0x101 }
08-05 03:18:22.350 18805 18805 D AndroidRuntime: Shutting down VM
08-05 03:18:22.354 15957 16294 I art     : Explicit concurrent mark sweep GC freed 44(1728B) AllocSpace objects, 0(0B) LOS objects, 25% free, 47MB/63MB, paused 1.174ms total 44.687ms
08-05 03:18:22.357 15957 15957 V PlaybackController: initServiceNotRunning()
08-05 03:18:22.357 15957 15957 D ExternalPlayerFragment: Loading media info
08-05 03:18:22.359 15957 15957 D ItemlistFragment: onEventMainThread() called with: event = [DownloadEvent{update=DownloaderUpdate{downloaders=[], feedIds=[], mediaIds=[]}}]
08-05 03:18:22.360 15957 16902 D ApOkHttpUrlLoader: buildLoadData() called with: model = [http://static.libsyn.com/p/assets/7/1/f/3/71f3014e14ef2722/JREiTunesImage2.jpg], width = [1440], height = [462]
08-05 03:18:22.363 15957 15957 D UserPreferences: Using default data folder
08-05 03:18:22.363 15957 15978 D DBReader: getNavDrawerData() called with: 
08-05 03:18:22.364 15957 16500 D DBReader: getFeed() called with: feedId = [2]
08-05 03:18:22.366 15957 16500 D DBReader: getFeedItemList() called with: feed = [baseline.de.danoeh.antennapod.core.feed.Feed@2]
08-05 03:18:22.368 15957 16294 I art     : Starting a blocking GC Explicit
08-05 03:18:22.378 15957 15957 D FeedMenuHandler: Preparing options menu
08-05 03:18:22.389 15957 15978 D DBReader: getDownloadedItems() called
08-05 03:18:22.390 15957 15978 D DBReader: getFavoriteIDList() called
08-05 03:18:22.390 15957 15978 D DBReader: getQueueIDList() called
08-05 03:18:22.391 15957 15978 D DBReader: Extracting Feedlist
08-05 03:18:22.412 15957 16294 I art     : Explicit concurrent mark sweep GC freed 2015(104KB) AllocSpace objects, 0(0B) LOS objects, 24% free, 50MB/66MB, paused 1.856ms total 43.423ms
08-05 03:18:22.419 15957 15957 D MainActivity: getLastNavFragment() -> 2
08-05 03:18:22.423 13866 13866 I GoogleInputMethodServic: GoogleInputMethodService.onFinishInput():3138 
08-05 03:18:22.423 13866 13866 I GoogleInputMethodServic: GoogleInputMethodService.onStartInput():1808 
08-05 03:18:22.424 15957 16294 I art     : Starting a blocking GC Explicit
08-05 03:18:22.451 15957 16500 W PodDBAdapter: Length of id array is larger than 800. Creating multiple cursors
08-05 03:18:22.471 15957 16294 I art     : Explicit concurrent mark sweep GC freed 4285(278KB) AllocSpace objects, 1(16KB) LOS objects, 23% free, 51MB/67MB, paused 1.248ms total 46.354ms
08-05 03:18:22.484 15957 16294 I art     : Starting a blocking GC Explicit
08-05 03:18:22.518 15957 16500 D DBReader: getFavoriteIDList() called
08-05 03:18:22.519 15957 16500 D DBReader: getQueueIDList() called
08-05 03:18:22.520 15957 16500 D DBReader: Extracting Feedlist
08-05 03:18:22.522 15957 16902 D ApOkHttpUrlLoader: buildLoadData() called with: model = [http://static.libsyn.com/p/assets/7/1/f/3/71f3014e14ef2722/JREiTunesImage2.jpg], width = [1440], height = [462]
08-05 03:18:22.532 15957 16294 I art     : Explicit concurrent mark sweep GC freed 5991(165KB) AllocSpace objects, 0(0B) LOS objects, 22% free, 54MB/70MB, paused 1.241ms total 47.716ms
08-05 03:18:22.543 15957 15957 D FeedMenuHandler: Preparing options menu
08-05 03:18:22.752   380   380 W SurfaceFlinger: couldn't log to binary event log: overflow.
08-05 03:18:22.825 15957 15970 I art     : Starting a blocking GC Explicit
08-05 03:18:22.872 15957 15970 I art     : Explicit concurrent mark sweep GC freed 31710(2MB) AllocSpace objects, 2(36KB) LOS objects, 23% free, 52MB/68MB, paused 1.088ms total 46.459ms
08-05 03:18:22.885 15957 15970 I art     : Starting a blocking GC Explicit
08-05 03:18:22.922 15957 15970 I art     : Explicit concurrent mark sweep GC freed 30303(2MB) AllocSpace objects, 3(84KB) LOS objects, 24% free, 50MB/66MB, paused 1.070ms total 37.376ms
08-05 03:18:22.934 15957 15970 I art     : Starting a blocking GC Explicit
08-05 03:18:22.972 15957 15970 I art     : Explicit concurrent mark sweep GC freed 3(96B) AllocSpace objects, 0(0B) LOS objects, 24% free, 50MB/66MB, paused 1.100ms total 37.677ms
08-05 03:18:22.983 15957 15970 I art     : Starting a blocking GC Explicit
08-05 03:18:23.022 15957 15970 I art     : Explicit concurrent mark sweep GC freed 3(96B) AllocSpace objects, 0(0B) LOS objects, 24% free, 50MB/66MB, paused 1.113ms total 39.041ms
08-05 03:18:23.034 15957 15970 I art     : Starting a blocking GC Explicit
08-05 03:18:23.073 15957 15970 I art     : Explicit concurrent mark sweep GC freed 3(96B) AllocSpace objects, 0(0B) LOS objects, 24% free, 50MB/66MB, paused 1.111ms total 38.827ms
08-05 03:18:23.378 15957 15969 I art     : Starting a blocking GC Explicit
08-05 03:18:23.427 15957 15969 I art     : Explicit concurrent mark sweep GC freed 1403(82KB) AllocSpace objects, 1(20KB) LOS objects, 24% free, 50MB/66MB, paused 1.374ms total 49.581ms
08-05 03:18:23.439 15957 15969 I art     : Starting a blocking GC Explicit
08-05 03:18:23.478 15957 15969 I art     : Explicit concurrent mark sweep GC freed 23(752B) AllocSpace objects, 0(0B) LOS objects, 24% free, 50MB/66MB, paused 1.152ms total 38.930ms
08-05 03:18:23.490 15957 15969 I art     : Starting a blocking GC Explicit
08-05 03:18:23.529 15957 15969 I art     : Explicit concurrent mark sweep GC freed 3(96B) AllocSpace objects, 0(0B) LOS objects, 24% free, 50MB/66MB, paused 1.169ms total 39.356ms
08-05 03:18:23.541 15957 15969 I art     : Starting a blocking GC Explicit
08-05 03:18:23.580 15957 15969 I art     : Explicit concurrent mark sweep GC freed 3(96B) AllocSpace objects, 0(0B) LOS objects, 24% free, 50MB/66MB, paused 1.045ms total 38.535ms
08-05 03:18:23.591 15957 15969 I art     : Starting a blocking GC Explicit
08-05 03:18:23.628 15957 15969 I art     : Explicit concurrent mark sweep GC freed 3(96B) AllocSpace objects, 0(0B) LOS objects, 24% free, 50MB/66MB, paused 1.203ms total 36.864ms
08-05 03:18:23.917 15957 16294 I art     : Starting a blocking GC Explicit
08-05 03:18:23.961 15957 16294 I art     : Explicit concurrent mark sweep GC freed 1373(82KB) AllocSpace objects, 1(20KB) LOS objects, 24% free, 50MB/66MB, paused 1.144ms total 43.911ms
08-05 03:18:23.973 15957 16294 I art     : Starting a blocking GC Explicit
08-05 03:18:24.009 18848 18848 D AndroidRuntime: >>>>>> START com.android.internal.os.RuntimeInit uid 2000 <<<<<<
08-05 03:18:24.010 15957 16294 I art     : Explicit concurrent mark sweep GC freed 24(784B) AllocSpace objects, 0(0B) LOS objects, 24% free, 50MB/66MB, paused 1.209ms total 36.903ms
08-05 03:18:24.014 18848 18848 D AndroidRuntime: CheckJNI is OFF
08-05 03:18:24.022 15957 16294 I art     : Starting a blocking GC Explicit
08-05 03:18:24.050 18848 18848 D ICU     : No timezone override file found: /data/misc/zoneinfo/current/icu/icu_tzdata.dat
08-05 03:18:24.060 15957 16294 I art     : Explicit concurrent mark sweep GC freed 9(288B) AllocSpace objects, 0(0B) LOS objects, 24% free, 50MB/66MB, paused 1.195ms total 37.288ms
08-05 03:18:24.071 15957 16294 I art     : Starting a blocking GC Explicit
08-05 03:18:24.085 18848 18848 I Radio-JNI: register_android_hardware_Radio DONE
08-05 03:18:24.105 15957 16294 I art     : Explicit concurrent mark sweep GC freed 8(256B) AllocSpace objects, 0(0B) LOS objects, 24% free, 50MB/66MB, paused 1.207ms total 33.813ms
08-05 03:18:24.107 18848 18848 D AndroidRuntime: Calling main entry com.android.commands.input.Input
08-05 03:18:24.109 18848 18848 I Input   : injectMotionEvent: MotionEvent { action=ACTION_DOWN, actionButton=0, id[0]=0, x[0]=733.0, y[0]=896.0, toolType[0]=TOOL_TYPE_UNKNOWN, buttonState=0, metaState=0, flags=0x0, edgeFlags=0x0, pointerCount=1, historySize=0, eventTime=760720522, downTime=760720522, deviceId=0, source=0x1002 }
08-05 03:18:24.115 18848 18848 I Input   : injectMotionEvent: MotionEvent { action=ACTION_UP, actionButton=0, id[0]=0, x[0]=733.0, y[0]=896.0, toolType[0]=TOOL_TYPE_UNKNOWN, buttonState=0, metaState=0, flags=0x0, edgeFlags=0x0, pointerCount=1, historySize=0, eventTime=760720522, downTime=760720522, deviceId=0, source=0x1002 }
08-05 03:18:24.116 15957 16294 I art     : Starting a blocking GC Explicit
08-05 03:18:24.118 18848 18848 D AndroidRuntime: Shutting down VM
08-05 03:18:24.153 15957 16294 I art     : Explicit concurrent mark sweep GC freed 29(960B) AllocSpace objects, 0(0B) LOS objects, 24% free, 50MB/66MB, paused 1.107ms total 36.449ms
08-05 03:18:24.189   512  2967 D audio_hw_primary: out_set_parameters: enter: usecase(1: low-latency-playback) kvpairs: routing=2
08-05 03:18:24.201   512  2967 D audio_hw_primary: select_devices: out_snd_device(2: speaker) in_snd_device(0: none)
08-05 03:18:24.202   512  2967 D msm8974_platform: platform_send_audio_calibration: sending audio calibration for snd_device(2) acdb_id(15)
08-05 03:18:24.202   512  2967 I soundtrigger: audio_extn_sound_trigger_update_device_status: device 0x2 of type 0 for Event 1
08-05 03:18:24.213   512  2967 D audio_hw_primary: enable_snd_device: snd_device(2: speaker)
08-05 03:18:24.215   512  2967 D audio_hw_primary: enable_audio_route: apply and update mixer path: low-latency-playback speaker
08-05 03:18:24.221 15957 15957 I WebViewFactory: Loading com.google.android.webview version 84.0.4147.89 (code 414708953)
08-05 03:18:24.291 15957 15957 I cr_LibraryLoader: Loaded native library version number "84.0.4147.89"
08-05 03:18:24.292 15957 15957 I cr_CachingUmaRecorder: Flushed 5 samples from 5 histograms.
08-05 03:18:24.302   918  6029 I ActivityManager: Start proc 18877:com.google.android.webview:webview_service/u0a74 for service com.google.android.webview/org.chromium.android_webview.services.VariationsSeedServer
08-05 03:18:24.324 15957 15957 E chromium: [ERROR:filesystem_posix.cc(62)] mkdir /data/user/0/baseline.de.danoeh.antennapod.debug/cache/WebView/Crashpad: No such file or directory (2)
08-05 03:18:24.353 18877 18877 I LoadedApk: No resource references to update in package com.google.android.webview_translations
08-05 03:18:24.419   918  3670 D ConnectivityService: listenForNetwork for Listen from uid/pid:10691/15957 for NetworkRequest [ id=3134, legacyType=-1, [ Capabilities: INTERNET&NOT_RESTRICTED&TRUSTED] ]
08-05 03:18:24.455 15957 15986 D DBReader: getFeedItem() called with: itemId = [2]
08-05 03:18:24.455 15957 15986 D DBReader: Loading feeditem with id 2
08-05 03:18:24.456 15957 15957 D ItemFragment: onEventMainThread() called with: event = [DownloadEvent{update=DownloaderUpdate{downloaders=[], feedIds=[], mediaIds=[]}}]
08-05 03:18:24.456 15957 15980 I art     : Starting a blocking GC Explicit
08-05 03:18:24.458 15957 15986 D DBReader: getFavoriteIDList() called
08-05 03:18:24.458 15957 15986 D DBReader: getQueueIDList() called
08-05 03:18:24.459 15957 15986 D DBReader: Extracting Feedlist
08-05 03:18:24.461 13866 13866 I GoogleInputMethodServic: GoogleInputMethodService.onFinishInput():3138 
08-05 03:18:24.462 13866 13866 I GoogleInputMethodServic: GoogleInputMethodService.onStartInput():1808 
08-05 03:18:24.471 15957 15986 D DBReader: loadExtraInformationOfFeedItem() called with: item = [FeedItem[autoDownload=1,chapters=<null>,contentEncoded=<null>,description=<null>,feed=baseline.de.danoeh.antennapod.core.feed.Feed@685fe4f,feedId=2,flattrStatus=baseline.de.danoeh.antennapod.core.util.flattr.FlattrStatus@aa389dc,hasChapters=false,imageUrl=http://static.libsyn.com/p/assets/2/7/8/6/278615fe73b1f0ca/JRE1514.jpg,itemIdentifier=a0870b6b-c887-4883-930c-a06d5e1a8f7e,link=http://traffic.libsyn.com/joeroganexp/p1514.mp3,media=baseline.de.danoeh.antennapod.core.feed.FeedMedia@7caeae5,paymentLink=<null>,pubDate=Fri Jul 24 21:00:00 GMT+02:00 2020,state=-1,tags=[],title=#1514 - Joe De Sena,id=2]]
08-05 03:18:24.471 15957 15957 E libEGL  : validate_display:255 error 3008 (EGL_BAD_DISPLAY)
08-05 03:18:24.506 15957 15980 I art     : Explicit concurrent mark sweep GC freed 12300(1003KB) AllocSpace objects, 4(128KB) LOS objects, 23% free, 51MB/67MB, paused 3.707ms total 49.646ms
08-05 03:18:24.528   918   935 D BluetoothManagerService: Added callback: android.bluetooth.IBluetoothManagerCallback$Stub$Proxy@f470b4a:true
08-05 03:18:24.533 15957 16902 D ApOkHttpUrlLoader: buildLoadData() called with: model = [http://static.libsyn.com/p/assets/2/7/8/6/278615fe73b1f0ca/JRE1514.jpg], width = [175], height = [175]
08-05 03:18:24.535 15957 16708 D DBReader: getImageAuthentication() called with: imageUrl = [http://static.libsyn.com/p/assets/2/7/8/6/278615fe73b1f0ca/JRE1514.jpg]
08-05 03:18:24.538 15957 16708 D ApOkHttpUrlLoader: no credentials for 'http://static.libsyn.com/p/assets/2/7/8/6/278615fe73b1f0ca/JRE1514.jpg'
08-05 03:18:24.541 15957 15980 I art     : Starting a blocking GC Explicit
08-05 03:18:24.586 15957 15980 I art     : Explicit concurrent mark sweep GC freed 1835(133KB) AllocSpace objects, 3(84KB) LOS objects, 23% free, 51MB/67MB, paused 1.413ms total 45.280ms
08-05 03:18:24.600 15957 15980 I art     : Starting a blocking GC Explicit
08-05 03:18:24.638 15957 15980 I art     : Explicit concurrent mark sweep GC freed 1020(74KB) AllocSpace objects, 1(28KB) LOS objects, 23% free, 51MB/67MB, paused 1.486ms total 37.772ms
08-05 03:18:24.650 15957 15980 I art     : Starting a blocking GC Explicit
08-05 03:18:24.679 15957 16708 D MYTAG   : interceptor 2a
08-05 03:18:24.679 15957 16708 I NAPPA_EXPERIMENTATION: MetricNetworkRequestExecutionTime: REQUEST_DURATION_SYSTEM='141',REQUEST_DURATION_OKHTTP='140',REQUEST_SYNCHRONOUS='TRUE',RESPONSE_CODE='200',RESPONSE_METHOD='GET',RESPONSE_LENGTH_OKHTTP='364960',RESPONSE_LENGTH_HEADER='364960',REQUEST_PROTOCOL='http/1.1',REQUEST_URL='http://static.libsyn.com/p/assets/2/7/8/6/278615fe73b1f0ca/JRE1514.jpg',
08-05 03:18:24.686 15957 15980 I art     : Explicit concurrent mark sweep GC freed 231(19KB) AllocSpace objects, 0(0B) LOS objects, 23% free, 51MB/67MB, paused 1.341ms total 36.599ms
08-05 03:18:24.697 15957 15980 I art     : Starting a blocking GC Explicit
08-05 03:18:24.732 15957 15980 I art     : Explicit concurrent mark sweep GC freed 38(1808B) AllocSpace objects, 0(0B) LOS objects, 23% free, 51MB/67MB, paused 1.312ms total 34.999ms
08-05 03:18:24.748   512  2967 D audio_hw_primary: disable_audio_route: reset and update mixer path: low-latency-playback speaker
08-05 03:18:24.750   512  2967 D audio_hw_primary: disable_snd_device: snd_device(2: speaker)
08-05 03:18:24.758   512  2967 I soundtrigger: audio_extn_sound_trigger_update_device_status: device 0x2 of type 0 for Event 0
08-05 03:18:25.078 15957 17659 I art     : Starting a blocking GC Explicit
08-05 03:18:25.126 15957 17659 I art     : Explicit concurrent mark sweep GC freed 1633(103KB) AllocSpace objects, 1(20KB) LOS objects, 23% free, 51MB/67MB, paused 1.330ms total 47.509ms
08-05 03:18:25.140 15957 17659 I art     : Starting a blocking GC Explicit
08-05 03:18:25.182 15957 17659 I art     : Explicit concurrent mark sweep GC freed 50(1568B) AllocSpace objects, 0(0B) LOS objects, 23% free, 51MB/67MB, paused 1.276ms total 41.889ms
08-05 03:18:25.194 15957 17659 I art     : Starting a blocking GC Explicit
08-05 03:18:25.240 15957 17659 I art     : Explicit concurrent mark sweep GC freed 38(1072B) AllocSpace objects, 0(0B) LOS objects, 23% free, 51MB/67MB, paused 1.214ms total 44.995ms
08-05 03:18:25.252 15957 17659 I art     : Starting a blocking GC Explicit
08-05 03:18:25.294 15957 17659 I art     : Explicit concurrent mark sweep GC freed 11(352B) AllocSpace objects, 0(0B) LOS objects, 23% free, 51MB/67MB, paused 1.180ms total 41.682ms
08-05 03:18:25.307 15957 17659 I art     : Starting a blocking GC Explicit
08-05 03:18:25.349 15957 17659 I art     : Explicit concurrent mark sweep GC freed 9(288B) AllocSpace objects, 0(0B) LOS objects, 23% free, 51MB/67MB, paused 1.253ms total 42.200ms
08-05 03:18:25.459   518   646 I ThermalEngine: ACTION: GPU - Setting GPU[0] to 450000000
08-05 03:18:25.723 15957 17659 I art     : Starting a blocking GC Explicit
08-05 03:18:25.785 15957 17659 I art     : Explicit concurrent mark sweep GC freed 1437(82KB) AllocSpace objects, 1(20KB) LOS objects, 23% free, 51MB/67MB, paused 1.608ms total 61.823ms
08-05 03:18:25.801 15957 17659 I art     : Starting a blocking GC Explicit
08-05 03:18:25.855 15957 17659 I art     : Explicit concurrent mark sweep GC freed 30(976B) AllocSpace objects, 0(0B) LOS objects, 23% free, 51MB/67MB, paused 1.641ms total 53.697ms
08-05 03:18:25.871 15957 17659 I art     : Starting a blocking GC Explicit
08-05 03:18:25.925 15957 17659 I art     : Explicit concurrent mark sweep GC freed 11(352B) AllocSpace objects, 0(0B) LOS objects, 23% free, 51MB/67MB, paused 1.785ms total 53.829ms
08-05 03:18:25.941 15957 17659 I art     : Starting a blocking GC Explicit
08-05 03:18:25.984  9999  9999 I ServiceManager: Waiting for service AtCmdFwd...
08-05 03:18:25.998 15957 17659 I art     : Explicit concurrent mark sweep GC freed 13(416B) AllocSpace objects, 0(0B) LOS objects, 23% free, 51MB/67MB, paused 1.607ms total 56.366ms
08-05 03:18:26.015 15957 17659 I art     : Starting a blocking GC Explicit
08-05 03:18:26.069 15957 17659 I art     : Explicit concurrent mark sweep GC freed 11(352B) AllocSpace objects, 0(0B) LOS objects, 23% free, 51MB/67MB, paused 1.852ms total 53.905ms
08-05 03:18:26.455 15957 17659 I art     : Starting a blocking GC Explicit
08-05 03:18:26.520 15957 17659 I art     : Explicit concurrent mark sweep GC freed 1473(83KB) AllocSpace objects, 1(20KB) LOS objects, 23% free, 51MB/67MB, paused 1.968ms total 64.209ms
08-05 03:18:26.539 15957 17659 I art     : Starting a blocking GC Explicit
08-05 03:18:26.596 15957 17659 I art     : Explicit concurrent mark sweep GC freed 23(752B) AllocSpace objects, 0(0B) LOS objects, 23% free, 51MB/67MB, paused 1.671ms total 57.564ms
08-05 03:18:26.612 15957 17659 I art     : Starting a blocking GC Explicit
08-05 03:18:26.672 15957 17659 I art     : Explicit concurrent mark sweep GC freed 3(96B) AllocSpace objects, 0(0B) LOS objects, 23% free, 51MB/67MB, paused 1.828ms total 59.035ms
08-05 03:18:26.691 15957 17659 I art     : Starting a blocking GC Explicit
08-05 03:18:26.748 15957 17659 I art     : Explicit concurrent mark sweep GC freed 3(96B) AllocSpace objects, 0(0B) LOS objects, 23% free, 51MB/67MB, paused 1.789ms total 56.603ms
08-05 03:18:26.764 15957 17659 I art     : Starting a blocking GC Explicit
08-05 03:18:26.822 15957 17659 I art     : Explicit concurrent mark sweep GC freed 3(96B) AllocSpace objects, 0(0B) LOS objects, 23% free, 51MB/67MB, paused 1.662ms total 58.006ms
08-05 03:18:26.985  9999  9999 I ServiceManager: Waiting for service AtCmdFwd...
08-05 03:18:27.208 15957 16294 I art     : Starting a blocking GC Explicit
08-05 03:18:27.301 15957 16294 I art     : Explicit concurrent mark sweep GC freed 1411(82KB) AllocSpace objects, 1(20KB) LOS objects, 23% free, 51MB/67MB, paused 1.909ms total 92.403ms
08-05 03:18:27.322 15957 16294 I art     : Starting a blocking GC Explicit
08-05 03:18:27.374 15957 16294 I art     : Explicit concurrent mark sweep GC freed 23(752B) AllocSpace objects, 0(0B) LOS objects, 23% free, 51MB/67MB, paused 1.603ms total 51.861ms
08-05 03:18:27.389 15957 16294 I art     : Starting a blocking GC Explicit
08-05 03:18:27.443 15957 16294 I art     : Explicit concurrent mark sweep GC freed 3(96B) AllocSpace objects, 0(0B) LOS objects, 23% free, 51MB/67MB, paused 1.604ms total 54.192ms
08-05 03:18:27.459 15957 16294 I art     : Starting a blocking GC Explicit
08-05 03:18:27.518 15957 16294 I art     : Explicit concurrent mark sweep GC freed 3(96B) AllocSpace objects, 0(0B) LOS objects, 23% free, 51MB/67MB, paused 1.814ms total 58.759ms
08-05 03:18:27.533 15957 16294 I art     : Starting a blocking GC Explicit
08-05 03:18:27.592 15957 16294 I art     : Explicit concurrent mark sweep GC freed 3(96B) AllocSpace objects, 0(0B) LOS objects, 23% free, 51MB/67MB, paused 1.682ms total 58.166ms
08-05 03:18:27.985  9999  9999 I ServiceManager: Waiting for service AtCmdFwd...
08-05 03:18:27.987 15957 15970 I art     : Starting a blocking GC Explicit
08-05 03:18:28.044 15957 15970 I art     : Explicit concurrent mark sweep GC freed 1382(81KB) AllocSpace objects, 1(20KB) LOS objects, 23% free, 51MB/67MB, paused 1.699ms total 56.413ms
08-05 03:18:28.059 15957 15970 I art     : Starting a blocking GC Explicit
08-05 03:18:28.115 15957 15970 I art     : Explicit concurrent mark sweep GC freed 23(752B) AllocSpace objects, 0(0B) LOS objects, 23% free, 51MB/67MB, paused 1.659ms total 55.721ms
08-05 03:18:28.130 15957 15970 I art     : Starting a blocking GC Explicit
08-05 03:18:28.188 15957 15970 I art     : Explicit concurrent mark sweep GC freed 3(96B) AllocSpace objects, 0(0B) LOS objects, 23% free, 51MB/67MB, paused 1.726ms total 57.171ms
08-05 03:18:28.203 15957 15970 I art     : Starting a blocking GC Explicit
08-05 03:18:28.262 15957 15970 I art     : Explicit concurrent mark sweep GC freed 32(880B) AllocSpace objects, 0(0B) LOS objects, 23% free, 51MB/67MB, paused 1.674ms total 58.244ms
08-05 03:18:28.278 15957 15970 I art     : Starting a blocking GC Explicit
08-05 03:18:28.329 15957 15970 I art     : Explicit concurrent mark sweep GC freed 3(96B) AllocSpace objects, 0(0B) LOS objects, 23% free, 51MB/67MB, paused 1.717ms total 51.462ms
08-05 03:18:28.697 15957 15980 I art     : Starting a blocking GC Explicit
08-05 03:18:28.761 15957 15980 I art     : Explicit concurrent mark sweep GC freed 1382(83KB) AllocSpace objects, 1(20KB) LOS objects, 23% free, 51MB/67MB, paused 1.611ms total 64.247ms
08-05 03:18:28.776 15957 15980 I art     : Starting a blocking GC Explicit
08-05 03:18:28.832 15957 15980 I art     : Explicit concurrent mark sweep GC freed 23(752B) AllocSpace objects, 0(0B) LOS objects, 23% free, 51MB/67MB, paused 1.686ms total 55.754ms
08-05 03:18:28.847 15957 15980 I art     : Starting a blocking GC Explicit
08-05 03:18:28.901 15957 15980 I art     : Explicit concurrent mark sweep GC freed 3(96B) AllocSpace objects, 0(0B) LOS objects, 23% free, 51MB/67MB, paused 1.659ms total 53.703ms
08-05 03:18:28.917 15957 15980 I art     : Starting a blocking GC Explicit
08-05 03:18:28.937 18984 18984 D AndroidRuntime: >>>>>> START com.android.internal.os.RuntimeInit uid 2000 <<<<<<
08-05 03:18:28.943 18984 18984 D AndroidRuntime: CheckJNI is OFF
08-05 03:18:28.971 15957 15980 I art     : Explicit concurrent mark sweep GC freed 3(96B) AllocSpace objects, 0(0B) LOS objects, 23% free, 51MB/67MB, paused 1.674ms total 54.245ms
08-05 03:18:28.972 15957 15968 I art     : WaitForGcToComplete blocked for 9.222ms for cause HeapTrim
08-05 03:18:28.986 15957 15980 I art     : Starting a blocking GC Explicit
08-05 03:18:28.987  9999  9999 I ServiceManager: Waiting for service AtCmdFwd...
08-05 03:18:28.991 18984 18984 D ICU     : No timezone override file found: /data/misc/zoneinfo/current/icu/icu_tzdata.dat
08-05 03:18:29.038 18984 18984 I Radio-JNI: register_android_hardware_Radio DONE
08-05 03:18:29.038 15957 15980 I art     : Explicit concurrent mark sweep GC freed 3(96B) AllocSpace objects, 0(0B) LOS objects, 23% free, 51MB/67MB, paused 1.811ms total 52.283ms
08-05 03:18:29.068 18984 18984 D AndroidRuntime: Calling main entry com.android.commands.input.Input
08-05 03:18:29.070 18984 18984 I Input   : injectKeyEvent: KeyEvent { action=ACTION_DOWN, keyCode=KEYCODE_BACK, scanCode=0, metaState=0, flags=0x0, repeatCount=0, eventTime=760725483, downTime=760725483, deviceId=-1, source=0x101 }
08-05 03:18:29.076 18984 18984 I Input   : injectKeyEvent: KeyEvent { action=ACTION_UP, keyCode=KEYCODE_BACK, scanCode=0, metaState=0, flags=0x0, repeatCount=0, eventTime=760725483, downTime=760725483, deviceId=-1, source=0x101 }
08-05 03:18:29.096 15957 15957 D ItemlistFragment: onEventMainThread() called with: event = [DownloadEvent{update=DownloaderUpdate{downloaders=[], feedIds=[], mediaIds=[]}}]
08-05 03:18:29.098 15957 15978 D DBReader: getFeed() called with: feedId = [2]
08-05 03:18:29.098 18984 18984 D AndroidRuntime: Shutting down VM
08-05 03:18:29.099 15957 15978 D DBReader: getFeedItemList() called with: feed = [baseline.de.danoeh.antennapod.core.feed.Feed@2]
08-05 03:18:29.100   918  3263 D ConnectivityService: releasing NetworkRequest NetworkRequest [ id=3134, legacyType=-1, [ Capabilities: INTERNET&NOT_RESTRICTED&TRUSTED] ]
08-05 03:18:29.121 15957 15957 D FeedMenuHandler: Preparing options menu
08-05 03:18:29.174 15957 16902 D ApOkHttpUrlLoader: buildLoadData() called with: model = [http://static.libsyn.com/p/assets/7/1/f/3/71f3014e14ef2722/JREiTunesImage2.jpg], width = [1440], height = [462]
08-05 03:18:29.195 13866 13866 I GoogleInputMethodServic: GoogleInputMethodService.onFinishInput():3138 
08-05 03:18:29.196 13866 13866 I GoogleInputMethodServic: GoogleInputMethodService.onStartInput():1808 
08-05 03:18:29.200 15957 15978 W PodDBAdapter: Length of id array is larger than 800. Creating multiple cursors
08-05 03:18:29.288 15957 15978 D DBReader: getFavoriteIDList() called
08-05 03:18:29.289 15957 15978 D DBReader: getQueueIDList() called
08-05 03:18:29.290 15957 15978 D DBReader: Extracting Feedlist
08-05 03:18:29.294 15957 16902 D ApOkHttpUrlLoader: buildLoadData() called with: model = [http://static.libsyn.com/p/assets/7/1/f/3/71f3014e14ef2722/JREiTunesImage2.jpg], width = [1440], height = [462]
08-05 03:18:29.321 15957 15957 D FeedMenuHandler: Preparing options menu
08-05 03:18:29.377 15957 17659 I art     : Starting a blocking GC Explicit
08-05 03:18:29.436 15957 17659 I art     : Explicit concurrent mark sweep GC freed 43054(2MB) AllocSpace objects, 4(80KB) LOS objects, 21% free, 57MB/73MB, paused 1.686ms total 58.574ms
08-05 03:18:29.451 15957 17659 I art     : Starting a blocking GC Explicit
08-05 03:18:29.465   518   646 I ThermalEngine: ACTION: GPU - Setting GPU[0] to 510000000
08-05 03:18:29.505 15957 17659 I art     : Explicit concurrent mark sweep GC freed 6221(373KB) AllocSpace objects, 5(3MB) LOS objects, 22% free, 54MB/70MB, paused 1.501ms total 53.435ms
08-05 03:18:29.518 15957 17659 I art     : Starting a blocking GC Explicit
08-05 03:18:29.559 15957 17659 I art     : Explicit concurrent mark sweep GC freed 3(96B) AllocSpace objects, 0(0B) LOS objects, 22% free, 54MB/70MB, paused 1.184ms total 40.859ms
08-05 03:18:29.571 15957 17659 I art     : Starting a blocking GC Explicit
08-05 03:18:29.613 15957 17659 I art     : Explicit concurrent mark sweep GC freed 3(96B) AllocSpace objects, 0(0B) LOS objects, 22% free, 54MB/70MB, paused 1.208ms total 41.085ms
08-05 03:18:29.625 15957 17659 I art     : Starting a blocking GC Explicit
08-05 03:18:29.668 15957 17659 I art     : Explicit concurrent mark sweep GC freed 5(176B) AllocSpace objects, 0(0B) LOS objects, 22% free, 54MB/70MB, paused 1.314ms total 42.864ms
08-05 03:18:29.988  9999  9999 I ServiceManager: Waiting for service AtCmdFwd...
08-05 03:18:30.022 15957 15970 I art     : Starting a blocking GC Explicit
08-05 03:18:30.084 15957 15970 I art     : Explicit concurrent mark sweep GC freed 1464(86KB) AllocSpace objects, 1(20KB) LOS objects, 22% free, 54MB/70MB, paused 1.285ms total 61.550ms
08-05 03:18:30.100 15957 15970 I art     : Starting a blocking GC Explicit
08-05 03:18:30.143 15957 15970 I art     : Explicit concurrent mark sweep GC freed 23(768B) AllocSpace objects, 0(0B) LOS objects, 22% free, 54MB/70MB, paused 1.229ms total 43.272ms
08-05 03:18:30.156 15957 15970 I art     : Starting a blocking GC Explicit
08-05 03:18:30.199 15957 15970 I art     : Explicit concurrent mark sweep GC freed 3(96B) AllocSpace objects, 0(0B) LOS objects, 22% free, 54MB/70MB, paused 1.202ms total 43.495ms
08-05 03:18:30.211 15957 15970 I art     : Starting a blocking GC Explicit
08-05 03:18:30.254 15957 15970 I art     : Explicit concurrent mark sweep GC freed 32(880B) AllocSpace objects, 0(0B) LOS objects, 22% free, 54MB/70MB, paused 1.211ms total 42.746ms
08-05 03:18:30.267 15957 15970 I art     : Starting a blocking GC Explicit
08-05 03:18:30.309 15957 15970 I art     : Explicit concurrent mark sweep GC freed 3(96B) AllocSpace objects, 0(0B) LOS objects, 22% free, 54MB/70MB, paused 1.180ms total 41.760ms
08-05 03:18:30.613 15957 15980 I art     : Starting a blocking GC Explicit
08-05 03:18:30.656 15957 15980 I art     : Explicit concurrent mark sweep GC freed 1499(91KB) AllocSpace objects, 1(20KB) LOS objects, 22% free, 54MB/70MB, paused 1.102ms total 42.627ms
08-05 03:18:30.668 15957 15980 I art     : Starting a blocking GC Explicit
08-05 03:18:30.709 15957 15980 I art     : Explicit concurrent mark sweep GC freed 24(784B) AllocSpace objects, 0(0B) LOS objects, 22% free, 54MB/70MB, paused 1.102ms total 40.796ms
08-05 03:18:30.722 15957 15980 I art     : Starting a blocking GC Explicit
08-05 03:18:30.761 19027 19027 D AndroidRuntime: >>>>>> START com.android.internal.os.RuntimeInit uid 2000 <<<<<<
08-05 03:18:30.764 15957 15980 I art     : Explicit concurrent mark sweep GC freed 11(352B) AllocSpace objects, 0(0B) LOS objects, 22% free, 54MB/70MB, paused 1.322ms total 41.374ms
08-05 03:18:30.766 19027 19027 D AndroidRuntime: CheckJNI is OFF
08-05 03:18:30.775 15957 15980 I art     : Starting a blocking GC Explicit
08-05 03:18:30.798 19027 19027 D ICU     : No timezone override file found: /data/misc/zoneinfo/current/icu/icu_tzdata.dat
08-05 03:18:30.812 15957 15980 I art     : Explicit concurrent mark sweep GC freed 8(256B) AllocSpace objects, 0(0B) LOS objects, 22% free, 54MB/70MB, paused 1.276ms total 37.016ms
08-05 03:18:30.823 15957 15980 I art     : Starting a blocking GC Explicit
08-05 03:18:30.832 19027 19027 I Radio-JNI: register_android_hardware_Radio DONE
08-05 03:18:30.853 19027 19027 D AndroidRuntime: Calling main entry com.android.commands.input.Input
08-05 03:18:30.855 19027 19027 I Input   : injectMotionEvent: MotionEvent { action=ACTION_DOWN, actionButton=0, id[0]=0, x[0]=103.0, y[0]=192.0, toolType[0]=TOOL_TYPE_UNKNOWN, buttonState=0, metaState=0, flags=0x0, edgeFlags=0x0, pointerCount=1, historySize=0, eventTime=760727268, downTime=760727268, deviceId=0, source=0x1002 }
08-05 03:18:30.860 19027 19027 I Input   : injectMotionEvent: MotionEvent { action=ACTION_UP, actionButton=0, id[0]=0, x[0]=103.0, y[0]=192.0, toolType[0]=TOOL_TYPE_UNKNOWN, buttonState=0, metaState=0, flags=0x0, edgeFlags=0x0, pointerCount=1, historySize=0, eventTime=760727268, downTime=760727268, deviceId=0, source=0x1002 }
08-05 03:18:30.860 15957 15980 I art     : Explicit concurrent mark sweep GC freed 8(256B) AllocSpace objects, 0(0B) LOS objects, 22% free, 54MB/70MB, paused 1.039ms total 36.230ms
08-05 03:18:30.864 19027 19027 D AndroidRuntime: Shutting down VM
08-05 03:18:30.880   512  2967 D audio_hw_primary: out_set_parameters: enter: usecase(1: low-latency-playback) kvpairs: routing=2
08-05 03:18:30.893   512  2967 D audio_hw_primary: select_devices: out_snd_device(2: speaker) in_snd_device(0: none)
08-05 03:18:30.893   512  2967 D msm8974_platform: platform_send_audio_calibration: sending audio calibration for snd_device(2) acdb_id(15)
08-05 03:18:30.893   512  2967 I soundtrigger: audio_extn_sound_trigger_update_device_status: device 0x2 of type 0 for Event 1
08-05 03:18:30.904   512  2967 D audio_hw_primary: enable_snd_device: snd_device(2: speaker)
08-05 03:18:30.906   512  2967 D audio_hw_primary: enable_audio_route: apply and update mixer path: low-latency-playback speaker
08-05 03:18:30.989  9999  9999 W Atfwd_Sendcmd: AtCmdFwd service not published, waiting... retryCnt : 5
08-05 03:18:31.155 15957 15980 I art     : Starting a blocking GC Explicit
08-05 03:18:31.202 15957 15980 I art     : Explicit concurrent mark sweep GC freed 1815(103KB) AllocSpace objects, 1(20KB) LOS objects, 22% free, 54MB/70MB, paused 975us total 46.443ms
08-05 03:18:31.215 15957 15980 I art     : Starting a blocking GC Explicit
08-05 03:18:31.257 15957 15980 I art     : Explicit concurrent mark sweep GC freed 66(2144B) AllocSpace objects, 0(0B) LOS objects, 22% free, 54MB/70MB, paused 1.278ms total 41.605ms
08-05 03:18:31.269 15957 15980 I art     : Starting a blocking GC Explicit
08-05 03:18:31.308 15957 15980 I art     : Explicit concurrent mark sweep GC freed 11(384B) AllocSpace objects, 0(0B) LOS objects, 22% free, 54MB/70MB, paused 1.062ms total 39.349ms
08-05 03:18:31.319 15957 15980 I art     : Starting a blocking GC Explicit
08-05 03:18:31.357 15957 15980 I art     : Explicit concurrent mark sweep GC freed 6(192B) AllocSpace objects, 0(0B) LOS objects, 22% free, 54MB/70MB, paused 1.433ms total 37.539ms
08-05 03:18:31.369 15957 15980 I art     : Starting a blocking GC Explicit
08-05 03:18:31.408 15957 15980 I art     : Explicit concurrent mark sweep GC freed 3(96B) AllocSpace objects, 0(0B) LOS objects, 22% free, 54MB/70MB, paused 1.088ms total 39.009ms
08-05 03:18:31.449   512  2967 D audio_hw_primary: disable_audio_route: reset and update mixer path: low-latency-playback speaker
08-05 03:18:31.450   512  2967 D audio_hw_primary: disable_snd_device: snd_device(2: speaker)
08-05 03:18:31.458   512  2967 I soundtrigger: audio_extn_sound_trigger_update_device_status: device 0x2 of type 0 for Event 0
08-05 03:18:31.747 15957 15969 I art     : Starting a blocking GC Explicit
08-05 03:18:31.802 15957 15969 I art     : Explicit concurrent mark sweep GC freed 2084(107KB) AllocSpace objects, 1(20KB) LOS objects, 22% free, 54MB/70MB, paused 1.195ms total 54.445ms
08-05 03:18:31.816 15957 15969 I art     : Starting a blocking GC Explicit
08-05 03:18:31.860 15957 15969 I art     : Explicit concurrent mark sweep GC freed 25(816B) AllocSpace objects, 0(0B) LOS objects, 22% free, 54MB/70MB, paused 1.205ms total 42.970ms
08-05 03:18:31.872 15957 15969 I art     : Starting a blocking GC Explicit
08-05 03:18:31.915 15957 15969 I art     : Explicit concurrent mark sweep GC freed 3(96B) AllocSpace objects, 0(0B) LOS objects, 22% free, 54MB/70MB, paused 1.080ms total 43.038ms
08-05 03:18:31.927 15957 15969 I art     : Starting a blocking GC Explicit
08-05 03:18:31.969 15957 15969 I art     : Explicit concurrent mark sweep GC freed 3(96B) AllocSpace objects, 0(0B) LOS objects, 22% free, 54MB/70MB, paused 1.127ms total 41.796ms
08-05 03:18:31.981 15957 15969 I art     : Starting a blocking GC Explicit
08-05 03:18:32.024 15957 15969 I art     : Explicit concurrent mark sweep GC freed 3(96B) AllocSpace objects, 0(0B) LOS objects, 22% free, 54MB/70MB, paused 1.069ms total 42.571ms
08-05 03:18:32.323 15957 16294 I art     : Starting a blocking GC Explicit
08-05 03:18:32.366 15957 16294 I art     : Explicit concurrent mark sweep GC freed 2299(114KB) AllocSpace objects, 1(20KB) LOS objects, 22% free, 53MB/69MB, paused 1.102ms total 42.310ms
08-05 03:18:32.378 15957 16294 I art     : Starting a blocking GC Explicit
08-05 03:18:32.414 15957 16294 I art     : Explicit concurrent mark sweep GC freed 23(752B) AllocSpace objects, 0(0B) LOS objects, 22% free, 53MB/69MB, paused 1.037ms total 36.108ms
08-05 03:18:32.424 15957 16294 I art     : Starting a blocking GC Explicit
08-05 03:18:32.463 15957 16294 I art     : Explicit concurrent mark sweep GC freed 3(96B) AllocSpace objects, 0(0B) LOS objects, 22% free, 53MB/69MB, paused 1.080ms total 38.339ms
08-05 03:18:32.472   518   646 I ThermalEngine: ACTION: GPU - Setting GPU[0] to 450000000
08-05 03:18:32.476 15957 16294 I art     : Starting a blocking GC Explicit
08-05 03:18:32.525 15957 16294 I art     : Explicit concurrent mark sweep GC freed 5(160B) AllocSpace objects, 0(0B) LOS objects, 22% free, 53MB/69MB, paused 1.473ms total 48.946ms
08-05 03:18:32.526 19071 19071 D AndroidRuntime: >>>>>> START com.android.internal.os.RuntimeInit uid 2000 <<<<<<
08-05 03:18:32.531 19071 19071 D AndroidRuntime: CheckJNI is OFF
08-05 03:18:32.540 15957 16294 I art     : Starting a blocking GC Explicit
08-05 03:18:32.576 19071 19071 D ICU     : No timezone override file found: /data/misc/zoneinfo/current/icu/icu_tzdata.dat
08-05 03:18:32.589 15957 16294 I art     : Explicit concurrent mark sweep GC freed 11(352B) AllocSpace objects, 0(0B) LOS objects, 22% free, 53MB/69MB, paused 1.472ms total 47.931ms
08-05 03:18:32.617 19071 19071 I Radio-JNI: register_android_hardware_Radio DONE
08-05 03:18:32.645 19071 19071 D AndroidRuntime: Calling main entry com.android.commands.input.Input
08-05 03:18:32.647 19071 19071 I Input   : injectMotionEvent: MotionEvent { action=ACTION_DOWN, actionButton=0, id[0]=0, x[0]=409.0, y[0]=1034.0, toolType[0]=TOOL_TYPE_UNKNOWN, buttonState=0, metaState=0, flags=0x0, edgeFlags=0x0, pointerCount=1, historySize=0, eventTime=760729060, downTime=760729060, deviceId=0, source=0x1002 }
08-05 03:18:32.652 19071 19071 I Input   : injectMotionEvent: MotionEvent { action=ACTION_UP, actionButton=0, id[0]=0, x[0]=409.0, y[0]=1034.0, toolType[0]=TOOL_TYPE_UNKNOWN, buttonState=0, metaState=0, flags=0x0, edgeFlags=0x0, pointerCount=1, historySize=0, eventTime=760729060, downTime=760729060, deviceId=0, source=0x1002 }
08-05 03:18:32.654 19071 19071 D AndroidRuntime: Shutting down VM
08-05 03:18:32.732 15957 15957 D MainActivity: loadFragment(index: 5, args: null)
08-05 03:18:32.732 15957 15957 D MainActivity: loadFragment(tag: AddFeedFragment, args: null)
08-05 03:18:32.733 15957 15957 D MainActivity: saveLastNavFragment(tag: AddFeedFragment)
08-05 03:18:32.733 15957 15957 D MainActivity: getLastNavFragment() -> AddFeedFragment
08-05 03:18:32.735   512  2967 D audio_hw_primary: out_set_parameters: enter: usecase(1: low-latency-playback) kvpairs: routing=2
08-05 03:18:32.748   512  2967 D audio_hw_primary: select_devices: out_snd_device(2: speaker) in_snd_device(0: none)
08-05 03:18:32.748   512  2967 D msm8974_platform: platform_send_audio_calibration: sending audio calibration for snd_device(2) acdb_id(15)
08-05 03:18:32.749   512  2967 I soundtrigger: audio_extn_sound_trigger_update_device_status: device 0x2 of type 0 for Event 1
08-05 03:18:32.758   512  2967 D audio_hw_primary: enable_snd_device: snd_device(2: speaker)
08-05 03:18:32.761   512  2967 D audio_hw_primary: enable_audio_route: apply and update mixer path: low-latency-playback speaker
08-05 03:18:32.779 13866 13866 I GoogleInputMethodServic: GoogleInputMethodService.onFinishInput():3138 
08-05 03:18:32.780 13866 13866 I GoogleInputMethodServic: GoogleInputMethodService.onStartInput():1808 
08-05 03:18:32.921 15957 15980 I art     : Starting a blocking GC Explicit
08-05 03:18:32.977 15957 15980 I art     : Explicit concurrent mark sweep GC freed 3827(201KB) AllocSpace objects, 2(40KB) LOS objects, 22% free, 54MB/70MB, paused 1.780ms total 56.016ms
08-05 03:18:32.993 15957 15980 I art     : Starting a blocking GC Explicit
08-05 03:18:33.035 15957 15980 I art     : Explicit concurrent mark sweep GC freed 31434(2MB) AllocSpace objects, 9(3MB) LOS objects, 24% free, 48MB/64MB, paused 1.322ms total 41.633ms
08-05 03:18:33.048 15957 15980 I art     : Starting a blocking GC Explicit
08-05 03:18:33.083 15957 15980 I art     : Explicit concurrent mark sweep GC freed 3(96B) AllocSpace objects, 0(0B) LOS objects, 24% free, 48MB/64MB, paused 1.433ms total 35.541ms
08-05 03:18:33.095 15957 15980 I art     : Starting a blocking GC Explicit
08-05 03:18:33.131 15957 15980 I art     : Explicit concurrent mark sweep GC freed 11(352B) AllocSpace objects, 0(0B) LOS objects, 24% free, 48MB/64MB, paused 1.319ms total 36.018ms
08-05 03:18:33.143 15957 15980 I art     : Starting a blocking GC Explicit
08-05 03:18:33.178 13866 13866 I GoogleInputMethodServic: GoogleInputMethodService.onFinishInput():3138 
08-05 03:18:33.179 13866 13866 I GoogleInputMethodServic: GoogleInputMethodService.onStartInput():1808 
08-05 03:18:33.182 15957 15980 I art     : Explicit concurrent mark sweep GC freed 199(7KB) AllocSpace objects, 0(0B) LOS objects, 24% free, 48MB/64MB, paused 1.373ms total 38.502ms
08-05 03:18:33.309   512  2967 D audio_hw_primary: disable_audio_route: reset and update mixer path: low-latency-playback speaker
08-05 03:18:33.311   512  2967 D audio_hw_primary: disable_snd_device: snd_device(2: speaker)
08-05 03:18:33.321   512  2967 I soundtrigger: audio_extn_sound_trigger_update_device_status: device 0x2 of type 0 for Event 0
08-05 03:18:33.547 15957 16294 I art     : Starting a blocking GC Explicit
08-05 03:18:33.590 15957 16294 I art     : Explicit concurrent mark sweep GC freed 1535(90KB) AllocSpace objects, 1(20KB) LOS objects, 24% free, 48MB/64MB, paused 1.355ms total 42.276ms
08-05 03:18:33.603 15957 16294 I art     : Starting a blocking GC Explicit
08-05 03:18:33.641 15957 16294 I art     : Explicit concurrent mark sweep GC freed 43(1568B) AllocSpace objects, 0(0B) LOS objects, 24% free, 48MB/64MB, paused 1.403ms total 38.588ms
08-05 03:18:33.654 15957 16294 I art     : Starting a blocking GC Explicit
08-05 03:18:33.695 15957 16294 I art     : Explicit concurrent mark sweep GC freed 3(96B) AllocSpace objects, 0(0B) LOS objects, 24% free, 48MB/64MB, paused 1.412ms total 41.006ms
08-05 03:18:33.708 15957 16294 I art     : Starting a blocking GC Explicit
08-05 03:18:33.748 15957 16294 I art     : Explicit concurrent mark sweep GC freed 3(96B) AllocSpace objects, 0(0B) LOS objects, 24% free, 48MB/64MB, paused 1.524ms total 39.856ms
08-05 03:18:33.761 15957 16294 I art     : Starting a blocking GC Explicit
08-05 03:18:33.801 15957 16294 I art     : Explicit concurrent mark sweep GC freed 3(96B) AllocSpace objects, 0(0B) LOS objects, 24% free, 48MB/64MB, paused 1.423ms total 40.448ms
08-05 03:18:34.138 15957 15970 I art     : Starting a blocking GC Explicit
08-05 03:18:34.182 15957 15970 I art     : Explicit concurrent mark sweep GC freed 1380(81KB) AllocSpace objects, 1(20KB) LOS objects, 24% free, 48MB/64MB, paused 1.888ms total 43.793ms
08-05 03:18:34.195 15957 15970 I art     : Starting a blocking GC Explicit
08-05 03:18:34.237 15957 15970 I art     : Explicit concurrent mark sweep GC freed 52(1536B) AllocSpace objects, 0(0B) LOS objects, 24% free, 48MB/64MB, paused 1.456ms total 41.251ms
08-05 03:18:34.249 15957 15970 I art     : Starting a blocking GC Explicit
08-05 03:18:34.292 15957 15970 I art     : Explicit concurrent mark sweep GC freed 3(96B) AllocSpace objects, 0(0B) LOS objects, 24% free, 48MB/64MB, paused 1.455ms total 41.932ms
08-05 03:18:34.304 15957 15970 I art     : Starting a blocking GC Explicit
08-05 03:18:34.345 15957 15970 I art     : Explicit concurrent mark sweep GC freed 3(96B) AllocSpace objects, 0(0B) LOS objects, 24% free, 48MB/64MB, paused 1.447ms total 40.485ms
08-05 03:18:34.358 15957 15970 I art     : Starting a blocking GC Explicit
08-05 03:18:34.399 15957 15970 I art     : Explicit concurrent mark sweep GC freed 3(96B) AllocSpace objects, 0(0B) LOS objects, 24% free, 48MB/64MB, paused 1.488ms total 40.683ms
08-05 03:18:34.454 19137 19137 D AndroidRuntime: >>>>>> START com.android.internal.os.RuntimeInit uid 2000 <<<<<<
08-05 03:18:34.460 19137 19137 D AndroidRuntime: CheckJNI is OFF
08-05 03:18:34.503 19137 19137 D ICU     : No timezone override file found: /data/misc/zoneinfo/current/icu/icu_tzdata.dat
08-05 03:18:34.548 19137 19137 I Radio-JNI: register_android_hardware_Radio DONE
08-05 03:18:34.576 19137 19137 D AndroidRuntime: Calling main entry com.android.commands.input.Input
08-05 03:18:34.578 19137 19137 I Input   : injectMotionEvent: MotionEvent { action=ACTION_DOWN, actionButton=0, id[0]=0, x[0]=603.0, y[0]=1061.0, toolType[0]=TOOL_TYPE_UNKNOWN, buttonState=0, metaState=0, flags=0x0, edgeFlags=0x0, pointerCount=1, historySize=0, eventTime=760730991, downTime=760730991, deviceId=0, source=0x1002 }
08-05 03:18:34.584 19137 19137 I Input   : injectMotionEvent: MotionEvent { action=ACTION_UP, actionButton=0, id[0]=0, x[0]=603.0, y[0]=1061.0, toolType[0]=TOOL_TYPE_UNKNOWN, buttonState=0, metaState=0, flags=0x0, edgeFlags=0x0, pointerCount=1, historySize=0, eventTime=760730991, downTime=760730991, deviceId=0, source=0x1002 }
08-05 03:18:34.588 19137 19137 D AndroidRuntime: Shutting down VM
08-05 03:18:34.605   512  2967 D audio_hw_primary: out_set_parameters: enter: usecase(1: low-latency-playback) kvpairs: routing=2
08-05 03:18:34.618   512  2967 D audio_hw_primary: select_devices: out_snd_device(2: speaker) in_snd_device(0: none)
08-05 03:18:34.619   512  2967 D msm8974_platform: platform_send_audio_calibration: sending audio calibration for snd_device(2) acdb_id(15)
08-05 03:18:34.619   512  2967 I soundtrigger: audio_extn_sound_trigger_update_device_status: device 0x2 of type 0 for Event 1
08-05 03:18:34.628   512  2967 D audio_hw_primary: enable_snd_device: snd_device(2: speaker)
08-05 03:18:34.631   512  2967 D audio_hw_primary: enable_audio_route: apply and update mixer path: low-latency-playback speaker
08-05 03:18:34.676 13866 13866 I GoogleInputMethodServic: GoogleInputMethodService.onFinishInput():3138 
08-05 03:18:34.676 13866 13866 I GoogleInputMethodServic: GoogleInputMethodService.onStartInput():1808 
08-05 03:18:34.762 15957 16294 I art     : Starting a blocking GC Explicit
08-05 03:18:34.806 15957 16294 I art     : Explicit concurrent mark sweep GC freed 4868(343KB) AllocSpace objects, 1(20KB) LOS objects, 24% free, 49MB/65MB, paused 1.858ms total 42.999ms
08-05 03:18:34.819 15957 16294 I art     : Starting a blocking GC Explicit
08-05 03:18:34.858 15957 16294 I art     : Explicit concurrent mark sweep GC freed 1787(89KB) AllocSpace objects, 1(220KB) LOS objects, 24% free, 49MB/65MB, paused 1.590ms total 38.710ms
08-05 03:18:34.870 15957 16294 I art     : Starting a blocking GC Explicit
08-05 03:18:34.908 15957 16294 I art     : Explicit concurrent mark sweep GC freed 37(1376B) AllocSpace objects, 0(0B) LOS objects, 24% free, 49MB/65MB, paused 1.597ms total 37.575ms
08-05 03:18:34.920 15957 16294 I art     : Starting a blocking GC Explicit
08-05 03:18:34.959 15957 16294 I art     : Explicit concurrent mark sweep GC freed 33(1248B) AllocSpace objects, 0(0B) LOS objects, 24% free, 49MB/65MB, paused 1.577ms total 39.288ms
08-05 03:18:34.972 15957 16294 I art     : Starting a blocking GC Explicit
08-05 03:18:35.011 15957 16294 I art     : Explicit concurrent mark sweep GC freed 33(1248B) AllocSpace objects, 0(0B) LOS objects, 24% free, 49MB/65MB, paused 1.552ms total 39.254ms
08-05 03:18:35.169   512  2967 D audio_hw_primary: disable_audio_route: reset and update mixer path: low-latency-playback speaker
08-05 03:18:35.170   512  2967 D audio_hw_primary: disable_snd_device: snd_device(2: speaker)
08-05 03:18:35.178   512  2967 I soundtrigger: audio_extn_sound_trigger_update_device_status: device 0x2 of type 0 for Event 0
08-05 03:18:35.370 15957 15970 I art     : Starting a blocking GC Explicit
08-05 03:18:35.412 15957 15970 I art     : Explicit concurrent mark sweep GC freed 1566(88KB) AllocSpace objects, 1(20KB) LOS objects, 24% free, 49MB/65MB, paused 1.581ms total 42.141ms
08-05 03:18:35.425 15957 15970 I art     : Starting a blocking GC Explicit
08-05 03:18:35.465 15957 15970 I art     : Explicit concurrent mark sweep GC freed 137(4KB) AllocSpace objects, 0(0B) LOS objects, 24% free, 49MB/65MB, paused 1.558ms total 40.183ms
08-05 03:18:35.478 15957 15970 I art     : Starting a blocking GC Explicit
08-05 03:18:35.523 15957 15970 I art     : Explicit concurrent mark sweep GC freed 3202(125KB) AllocSpace objects, 0(0B) LOS objects, 24% free, 49MB/65MB, paused 4.961ms total 44.733ms
08-05 03:18:35.535 15957 15970 I art     : Starting a blocking GC Explicit
08-05 03:18:35.575 15957 15970 I art     : Explicit concurrent mark sweep GC freed 254(8KB) AllocSpace objects, 0(0B) LOS objects, 24% free, 49MB/65MB, paused 1.700ms total 39.679ms
08-05 03:18:35.584 15957 19173 I NAPPA_EXPERIMENTATION: MetricNetworkRequestExecutionTime: REQUEST_DURATION_SYSTEM='922',REQUEST_DURATION_OKHTTP='60',REQUEST_SYNCHRONOUS='TRUE',RESPONSE_CODE='200',RESPONSE_METHOD='GET',RESPONSE_LENGTH_OKHTTP='37507',RESPONSE_LENGTH_HEADER='37507',REQUEST_PROTOCOL='http/1.1',REQUEST_URL='https://gpodder.net/toplist/50.json',
08-05 03:18:35.588 15957 15970 I art     : Starting a blocking GC Explicit
08-05 03:18:35.606 15957 19174 I NAPPA_EXPERIMENTATION: MetricNetworkRequestExecutionTime: REQUEST_DURATION_SYSTEM='941',REQUEST_DURATION_OKHTTP='83',REQUEST_SYNCHRONOUS='TRUE',RESPONSE_CODE='200',RESPONSE_METHOD='GET',RESPONSE_LENGTH_OKHTTP='2923',RESPONSE_LENGTH_HEADER='2923',REQUEST_PROTOCOL='http/1.1',REQUEST_URL='https://gpodder.net/api/2/tags/50.json',
08-05 03:18:35.621 15957 16902 D ApOkHttpUrlLoader: buildLoadData() called with: model = [http://sixgun.org/files/linuxoutlaws.jpg], width = [224], height = [224]
08-05 03:18:35.624 15957 16708 D DBReader: getImageAuthentication() called with: imageUrl = [http://sixgun.org/files/linuxoutlaws.jpg]
08-05 03:18:35.629 15957 16708 D ApOkHttpUrlLoader: no credentials for 'http://sixgun.org/files/linuxoutlaws.jpg'
08-05 03:18:35.629 15957 15970 I art     : Explicit concurrent mark sweep GC freed 4324(329KB) AllocSpace objects, 2(152KB) LOS objects, 24% free, 49MB/65MB, paused 1.955ms total 41.542ms
08-05 03:18:35.637 15957 16902 D ApOkHttpUrlLoader: buildLoadData() called with: model = [https://files.thisamericanlife.org/sites/all/themes/thislife/img/tal-name-1400x1400.png], width = [224], height = [224]
08-05 03:18:35.639 15957 16702 D DBReader: getImageAuthentication() called with: imageUrl = [https://files.thisamericanlife.org/sites/all/themes/thislife/img/tal-name-1400x1400.png]
08-05 03:18:35.643 15957 16702 D ApOkHttpUrlLoader: no credentials for 'https://files.thisamericanlife.org/sites/all/themes/thislife/img/tal-name-1400x1400.png'
08-05 03:18:35.644 15957 16902 D ApOkHttpUrlLoader: buildLoadData() called with: model = [https://elroy.twit.tv/sites/default/files/styles/twit_album_art_2048x2048/public/images/shows/floss_weekly/album_art/audio/floss_albumart_mask.jpg?itok=IUjxKpwt], width = [224], height = [224]
08-05 03:18:35.647 15957 16710 D DBReader: getImageAuthentication() called with: imageUrl = [https://elroy.twit.tv/sites/default/files/styles/twit_album_art_2048x2048/public/images/shows/floss_weekly/album_art/audio/floss_albumart_mask.jpg?itok=IUjxKpwt]
08-05 03:18:35.651 15957 16902 D ApOkHttpUrlLoader: buildLoadData() called with: model = [http://ichef.bbci.co.uk/images/ic/3000x3000/p07kfvzb.jpg], width = [224], height = [224]
08-05 03:18:35.651 15957 16710 D ApOkHttpUrlLoader: no credentials for 'https://elroy.twit.tv/sites/default/files/styles/twit_album_art_2048x2048/public/images/shows/floss_weekly/album_art/audio/floss_albumart_mask.jpg?itok=IUjxKpwt'
08-05 03:18:35.652 15957 16713 D DBReader: getImageAuthentication() called with: imageUrl = [http://ichef.bbci.co.uk/images/ic/3000x3000/p07kfvzb.jpg]
08-05 03:18:35.656 15957 16713 D ApOkHttpUrlLoader: no credentials for 'http://ichef.bbci.co.uk/images/ic/3000x3000/p07kfvzb.jpg'
08-05 03:18:35.656 15957 16902 D ApOkHttpUrlLoader: buildLoadData() called with: model = [https://pl.tedcdn.com/rss_feed_images/ted_talks_main_podcast/video.png], width = [224], height = [224]
08-05 03:18:35.658 15957 16715 D DBReader: getImageAuthentication() called with: imageUrl = [https://pl.tedcdn.com/rss_feed_images/ted_talks_main_podcast/video.png]
08-05 03:18:35.661 15957 16715 D ApOkHttpUrlLoader: no credentials for 'https://pl.tedcdn.com/rss_feed_images/ted_talks_main_podcast/video.png'
08-05 03:18:35.661 15957 16902 D ApOkHttpUrlLoader: buildLoadData() called with: model = [https://elroy.twit.tv/sites/default/files/styles/twit_album_art_2048x2048/public/images/shows/this_week_in_tech/album_art/audio/twit1400audio.jpg?itok=J0vhatZb], width = [224], height = [224]
08-05 03:18:35.663 15957 16704 D DBReader: getImageAuthentication() called with: imageUrl = [https://elroy.twit.tv/sites/default/files/styles/twit_album_art_2048x2048/public/images/shows/this_week_in_tech/album_art/audio/twit1400audio.jpg?itok=J0vhatZb]
08-05 03:18:35.666 15957 16902 D ApOkHttpUrlLoader: buildLoadData() called with: model = [http://ichef.bbci.co.uk/images/ic/3000x3000/p03gtk3j.jpg], width = [224], height = [224]
08-05 03:18:35.666 15957 16704 D ApOkHttpUrlLoader: no credentials for 'https://elroy.twit.tv/sites/default/files/styles/twit_album_art_2048x2048/public/images/shows/this_week_in_tech/album_art/audio/twit1400audio.jpg?itok=J0vhatZb'
08-05 03:18:35.668 15957 16711 D DBReader: getImageAuthentication() called with: imageUrl = [http://ichef.bbci.co.uk/images/ic/3000x3000/p03gtk3j.jpg]
08-05 03:18:35.671 15957 16711 D ApOkHttpUrlLoader: no credentials for 'http://ichef.bbci.co.uk/images/ic/3000x3000/p03gtk3j.jpg'
08-05 03:18:35.687 15957 16708 D DBWriter: updateFeedDownloadURL(original: http://sixgun.org/files/linuxoutlaws.jpg, updated: https://fab.industries/sixgun/files/linuxoutlaws.jpg)
08-05 03:18:35.783 15957 16711 D MYTAG   : interceptor 2a
08-05 03:18:35.783 15957 16711 I NAPPA_EXPERIMENTATION: MetricNetworkRequestExecutionTime: REQUEST_DURATION_SYSTEM='112',REQUEST_DURATION_OKHTTP='108',REQUEST_SYNCHRONOUS='TRUE',RESPONSE_CODE='200',RESPONSE_METHOD='GET',RESPONSE_LENGTH_OKHTTP='814284',RESPONSE_LENGTH_HEADER='814284',REQUEST_PROTOCOL='http/1.1',REQUEST_URL='http://ichef.bbci.co.uk/images/ic/3000x3000/p03gtk3j.jpg',
08-05 03:18:35.826 15957 16713 D MYTAG   : interceptor 2a
08-05 03:18:35.826 15957 16713 I NAPPA_EXPERIMENTATION: MetricNetworkRequestExecutionTime: REQUEST_DURATION_SYSTEM='170',REQUEST_DURATION_OKHTTP='165',REQUEST_SYNCHRONOUS='TRUE',RESPONSE_CODE='200',RESPONSE_METHOD='GET',RESPONSE_LENGTH_OKHTTP='589826',RESPONSE_LENGTH_HEADER='589826',REQUEST_PROTOCOL='http/1.1',REQUEST_URL='http://ichef.bbci.co.uk/images/ic/3000x3000/p07kfvzb.jpg',
08-05 03:18:35.974 15957 17659 I art     : Starting a blocking GC Explicit
08-05 03:18:36.002 15957 16702 D MYTAG   : interceptor 2a
08-05 03:18:36.002 15957 16702 I NAPPA_EXPERIMENTATION: MetricNetworkRequestExecutionTime: REQUEST_DURATION_SYSTEM='359',REQUEST_DURATION_OKHTTP='96',REQUEST_SYNCHRONOUS='TRUE',RESPONSE_CODE='200',RESPONSE_METHOD='GET',RESPONSE_LENGTH_OKHTTP='52553',RESPONSE_LENGTH_HEADER='52553',REQUEST_PROTOCOL='http/1.1',REQUEST_URL='https://files.thisamericanlife.org/sites/all/themes/thislife/img/tal-name-1400x1400.png',
08-05 03:18:36.022 15957 17659 I art     : Explicit concurrent mark sweep GC freed 14828(836KB) AllocSpace objects, 2(60KB) LOS objects, 24% free, 50MB/66MB, paused 1.956ms total 46.336ms
08-05 03:18:36.035 15957 17659 I art     : Starting a blocking GC Explicit
08-05 03:18:36.076 15957 16710 D MYTAG   : interceptor 2a
08-05 03:18:36.076 15957 16710 I NAPPA_EXPERIMENTATION: MetricNetworkRequestExecutionTime: REQUEST_DURATION_SYSTEM='425',REQUEST_DURATION_OKHTTP='186',REQUEST_SYNCHRONOUS='TRUE',RESPONSE_CODE='200',RESPONSE_METHOD='GET',RESPONSE_LENGTH_OKHTTP='297964',RESPONSE_LENGTH_HEADER='297964',REQUEST_PROTOCOL='h2',REQUEST_URL='https://elroy.twit.tv/sites/default/files/styles/twit_album_art_2048x2048/public/images/shows/floss_weekly/album_art/audio/floss_albumart_mask.jpg?itok=IUjxKpwt',
08-05 03:18:36.076 15957 17659 I art     : Explicit concurrent mark sweep GC freed 1548(76KB) AllocSpace objects, 0(0B) LOS objects, 24% free, 50MB/66MB, paused 2.084ms total 40.920ms
08-05 03:18:36.089 15957 17659 I art     : Starting a blocking GC Explicit
08-05 03:18:36.128 15957 17659 I art     : Explicit concurrent mark sweep GC freed 806(63KB) AllocSpace objects, 0(0B) LOS objects, 24% free, 50MB/66MB, paused 1.661ms total 39.282ms
08-05 03:18:36.132 15957 16715 D MYTAG   : interceptor 2a
08-05 03:18:36.132 15957 16715 I NAPPA_EXPERIMENTATION: MetricNetworkRequestExecutionTime: REQUEST_DURATION_SYSTEM='471',REQUEST_DURATION_OKHTTP='220',REQUEST_SYNCHRONOUS='TRUE',RESPONSE_CODE='200',RESPONSE_METHOD='GET',RESPONSE_LENGTH_OKHTTP='89986',RESPONSE_LENGTH_HEADER='89986',REQUEST_PROTOCOL='h2',REQUEST_URL='https://pl.tedcdn.com/rss_feed_images/ted_talks_main_podcast/video.png',
08-05 03:18:36.140 15957 17659 I art     : Starting a blocking GC Explicit
08-05 03:18:36.181 15957 17659 I art     : Explicit concurrent mark sweep GC freed 441(27KB) AllocSpace objects, 0(0B) LOS objects, 24% free, 50MB/66MB, paused 1.720ms total 40.782ms
08-05 03:18:36.194 15957 17659 I art     : Starting a blocking GC Explicit
08-05 03:18:36.201 15957 16704 D MYTAG   : interceptor 2a
08-05 03:18:36.201 15957 16704 I NAPPA_EXPERIMENTATION: MetricNetworkRequestExecutionTime: REQUEST_DURATION_SYSTEM='535',REQUEST_DURATION_OKHTTP='292',REQUEST_SYNCHRONOUS='TRUE',RESPONSE_CODE='200',RESPONSE_METHOD='GET',RESPONSE_LENGTH_OKHTTP='465707',RESPONSE_LENGTH_HEADER='465707',REQUEST_PROTOCOL='h2',REQUEST_URL='https://elroy.twit.tv/sites/default/files/styles/twit_album_art_2048x2048/public/images/shows/this_week_in_tech/album_art/audio/twit1400audio.jpg?itok=J0vhatZb',
08-05 03:18:36.234 15957 17659 I art     : Explicit concurrent mark sweep GC freed 334(26KB) AllocSpace objects, 0(0B) LOS objects, 24% free, 50MB/66MB, paused 1.786ms total 40.497ms
08-05 03:18:36.264 15957 16708 D MYTAG   : interceptor 2a
08-05 03:18:36.264 15957 16708 I NAPPA_EXPERIMENTATION: MetricNetworkRequestExecutionTime: REQUEST_DURATION_SYSTEM='635',REQUEST_DURATION_OKHTTP='244',REQUEST_SYNCHRONOUS='TRUE',RESPONSE_CODE='404',RESPONSE_METHOD='GET',RESPONSE_LENGTH_OKHTTP='-1',RESPONSE_LENGTH_HEADER='1503',REQUEST_PROTOCOL='h2',REQUEST_URL='https://fab.industries/sixgun/files/linuxoutlaws.jpg',
08-05 03:18:36.275 15957 15957 W Glide   : Load failed for http://sixgun.org/files/linuxoutlaws.jpg with size [224x224]
08-05 03:18:36.275 15957 15957 W Glide   : class com.bumptech.glide.load.engine.GlideException: Failed to load resource
08-05 03:18:36.275 15957 15957 W Glide   : There was 1 cause:
08-05 03:18:36.275 15957 15957 W Glide   : com.bumptech.glide.load.HttpException()
08-05 03:18:36.275 15957 15957 W Glide   :  call GlideException#logRootCauses(String) for more detail
08-05 03:18:36.275 15957 15957 W Glide   :   Cause (1 of 1): class com.bumptech.glide.load.engine.GlideException: Fetching data failed, class java.io.InputStream, REMOTE
08-05 03:18:36.275 15957 15957 W Glide   : There was 1 cause:
08-05 03:18:36.275 15957 15957 W Glide   : com.bumptech.glide.load.HttpException()
08-05 03:18:36.275 15957 15957 W Glide   :  call GlideException#logRootCauses(String) for more detail
08-05 03:18:36.275 15957 15957 W Glide   :     Cause (1 of 1): class com.bumptech.glide.load.HttpException: 
08-05 03:18:36.275 15957 15957 I Glide   : Root cause (1 of 1)
08-05 03:18:36.275 15957 15957 I Glide   : com.bumptech.glide.load.HttpException: 
08-05 03:18:36.275 15957 15957 I Glide   : 	at com.bumptech.glide.integration.okhttp3.OkHttpStreamFetcher.onResponse(OkHttpStreamFetcher.java:73)
08-05 03:18:36.275 15957 15957 I Glide   : 	at okhttp3.RealCall$AsyncCall.execute(RealCall.java:174)
08-05 03:18:36.275 15957 15957 I Glide   : 	at okhttp3.internal.NamedRunnable.run(NamedRunnable.java:32)
08-05 03:18:36.275 15957 15957 I Glide   : 	at java.util.concurrent.ThreadPoolExecutor.runWorker(ThreadPoolExecutor.java:1113)
08-05 03:18:36.275 15957 15957 I Glide   : 	at java.util.concurrent.ThreadPoolExecutor$Worker.run(ThreadPoolExecutor.java:588)
08-05 03:18:36.275 15957 15957 I Glide   : 	at java.lang.Thread.run(Thread.java:818)
08-05 03:18:36.276 15957 15957 W Glide   : Load failed for http://sixgun.org/files/linuxoutlaws.jpg with size [224x224]
08-05 03:18:36.276 15957 15957 W Glide   : class com.bumptech.glide.load.engine.GlideException: Failed to load resource
08-05 03:18:36.276 15957 15957 W Glide   : There was 1 cause:
08-05 03:18:36.276 15957 15957 W Glide   : com.bumptech.glide.load.HttpException()
08-05 03:18:36.276 15957 15957 W Glide   :  call GlideException#logRootCauses(String) for more detail
08-05 03:18:36.276 15957 15957 W Glide   :   Cause (1 of 1): class com.bumptech.glide.load.engine.GlideException: Fetching data failed, class java.io.InputStream, REMOTE
08-05 03:18:36.276 15957 15957 W Glide   : There was 1 cause:
08-05 03:18:36.276 15957 15957 W Glide   : com.bumptech.glide.load.HttpException()
08-05 03:18:36.276 15957 15957 W Glide   :  call GlideException#logRootCauses(String) for more detail
08-05 03:18:36.276 15957 15957 W Glide   :     Cause (1 of 1): class com.bumptech.glide.load.HttpException: 
08-05 03:18:36.277 15957 15957 I Glide   : Root cause (1 of 1)
08-05 03:18:36.277 15957 15957 I Glide   : com.bumptech.glide.load.HttpException: 
08-05 03:18:36.277 15957 15957 I Glide   : 	at com.bumptech.glide.integration.okhttp3.OkHttpStreamFetcher.onResponse(OkHttpStreamFetcher.java:73)
08-05 03:18:36.277 15957 15957 I Glide   : 	at okhttp3.RealCall$AsyncCall.execute(RealCall.java:174)
08-05 03:18:36.277 15957 15957 I Glide   : 	at okhttp3.internal.NamedRunnable.run(NamedRunnable.java:32)
08-05 03:18:36.277 15957 15957 I Glide   : 	at java.util.concurrent.ThreadPoolExecutor.runWorker(ThreadPoolExecutor.java:1113)
08-05 03:18:36.277 15957 15957 I Glide   : 	at java.util.concurrent.ThreadPoolExecutor$Worker.run(ThreadPoolExecutor.java:588)
08-05 03:18:36.277 15957 15957 I Glide   : 	at java.lang.Thread.run(Thread.java:818)
08-05 03:18:36.351 15957 16902 D ApOkHttpUrlLoader: buildLoadData() called with: model = [http://sixgun.org/files/linuxoutlaws.jpg], width = [224], height = [224]
08-05 03:18:36.352 15957 16708 D DBReader: getImageAuthentication() called with: imageUrl = [http://sixgun.org/files/linuxoutlaws.jpg]
08-05 03:18:36.355 15957 16708 D ApOkHttpUrlLoader: no credentials for 'http://sixgun.org/files/linuxoutlaws.jpg'
08-05 03:18:36.403 15957 16708 D DBWriter: updateFeedDownloadURL(original: http://sixgun.org/files/linuxoutlaws.jpg, updated: https://fab.industries/sixgun/files/linuxoutlaws.jpg)
08-05 03:18:36.556 15957 17659 I art     : Starting a blocking GC Explicit
08-05 03:18:36.557 15957 16708 D MYTAG   : interceptor 2a
08-05 03:18:36.557 15957 16708 I NAPPA_EXPERIMENTATION: MetricNetworkRequestExecutionTime: REQUEST_DURATION_SYSTEM='201',REQUEST_DURATION_OKHTTP='150',REQUEST_SYNCHRONOUS='TRUE',RESPONSE_CODE='404',RESPONSE_METHOD='GET',RESPONSE_LENGTH_OKHTTP='-1',RESPONSE_LENGTH_HEADER='1503',REQUEST_PROTOCOL='h2',REQUEST_URL='https://fab.industries/sixgun/files/linuxoutlaws.jpg',
08-05 03:18:36.569 15957 15957 W Glide   : Load failed for http://sixgun.org/files/linuxoutlaws.jpg with size [224x224]
08-05 03:18:36.569 15957 15957 W Glide   : class com.bumptech.glide.load.engine.GlideException: Failed to load resource
08-05 03:18:36.569 15957 15957 W Glide   : There was 1 cause:
08-05 03:18:36.569 15957 15957 W Glide   : com.bumptech.glide.load.HttpException()
08-05 03:18:36.569 15957 15957 W Glide   :  call GlideException#logRootCauses(String) for more detail
08-05 03:18:36.569 15957 15957 W Glide   :   Cause (1 of 1): class com.bumptech.glide.load.engine.GlideException: Fetching data failed, class java.io.InputStream, REMOTE
08-05 03:18:36.569 15957 15957 W Glide   : There was 1 cause:
08-05 03:18:36.569 15957 15957 W Glide   : com.bumptech.glide.load.HttpException()
08-05 03:18:36.569 15957 15957 W Glide   :  call GlideException#logRootCauses(String) for more detail
08-05 03:18:36.569 15957 15957 W Glide   :     Cause (1 of 1): class com.bumptech.glide.load.HttpException: 
08-05 03:18:36.569 15957 15957 I Glide   : Root cause (1 of 1)
08-05 03:18:36.569 15957 15957 I Glide   : com.bumptech.glide.load.HttpException: 
08-05 03:18:36.569 15957 15957 I Glide   : 	at com.bumptech.glide.integration.okhttp3.OkHttpStreamFetcher.onResponse(OkHttpStreamFetcher.java:73)
08-05 03:18:36.569 15957 15957 I Glide   : 	at okhttp3.RealCall$AsyncCall.execute(RealCall.java:174)
08-05 03:18:36.569 15957 15957 I Glide   : 	at okhttp3.internal.NamedRunnable.run(NamedRunnable.java:32)
08-05 03:18:36.569 15957 15957 I Glide   : 	at java.util.concurrent.ThreadPoolExecutor.runWorker(ThreadPoolExecutor.java:1113)
08-05 03:18:36.569 15957 15957 I Glide   : 	at java.util.concurrent.ThreadPoolExecutor$Worker.run(ThreadPoolExecutor.java:588)
08-05 03:18:36.569 15957 15957 I Glide   : 	at java.lang.Thread.run(Thread.java:818)
08-05 03:18:36.600 15957 17659 I art     : Explicit concurrent mark sweep GC freed 3913(304KB) AllocSpace objects, 1(20KB) LOS objects, 23% free, 50MB/66MB, paused 1.709ms total 44.603ms
08-05 03:18:36.614 15957 17659 I art     : Starting a blocking GC Explicit
08-05 03:18:36.658 15957 17659 I art     : Explicit concurrent mark sweep GC freed 283(11KB) AllocSpace objects, 0(0B) LOS objects, 23% free, 50MB/66MB, paused 1.531ms total 43.967ms
08-05 03:18:36.672 15957 17659 I art     : Starting a blocking GC Explicit
08-05 03:18:36.715 15957 17659 I art     : Explicit concurrent mark sweep GC freed 6(192B) AllocSpace objects, 0(0B) LOS objects, 23% free, 50MB/66MB, paused 1.607ms total 42.321ms
08-05 03:18:36.728 15957 17659 I art     : Starting a blocking GC Explicit
08-05 03:18:36.772 15957 17659 I art     : Explicit concurrent mark sweep GC freed 3(96B) AllocSpace objects, 0(0B) LOS objects, 23% free, 50MB/66MB, paused 1.520ms total 43.988ms
08-05 03:18:36.785 15957 17659 I art     : Starting a blocking GC Explicit
08-05 03:18:36.831 15957 17659 I art     : Explicit concurrent mark sweep GC freed 20(688B) AllocSpace objects, 0(0B) LOS objects, 23% free, 50MB/66MB, paused 1.620ms total 46.477ms
08-05 03:18:37.225 15957 15969 I art     : Starting a blocking GC Explicit
08-05 03:18:37.276 15957 15969 I art     : Explicit concurrent mark sweep GC freed 1420(82KB) AllocSpace objects, 1(20KB) LOS objects, 23% free, 50MB/66MB, paused 1.425ms total 50.982ms
08-05 03:18:37.289 15957 15969 I art     : Starting a blocking GC Explicit
08-05 03:18:37.331 15957 15969 I art     : Explicit concurrent mark sweep GC freed 50(1648B) AllocSpace objects, 0(0B) LOS objects, 23% free, 50MB/66MB, paused 1.503ms total 40.964ms
08-05 03:18:37.343 15957 15969 I art     : Starting a blocking GC Explicit
08-05 03:18:37.386 15957 15969 I art     : Explicit concurrent mark sweep GC freed 15(480B) AllocSpace objects, 0(0B) LOS objects, 23% free, 50MB/66MB, paused 1.396ms total 42.779ms
08-05 03:18:37.399 15957 15969 I art     : Starting a blocking GC Explicit
08-05 03:18:37.441 15957 15969 I art     : Explicit concurrent mark sweep GC freed 19(608B) AllocSpace objects, 0(0B) LOS objects, 23% free, 50MB/66MB, paused 1.419ms total 41.526ms
08-05 03:18:37.455 15957 15969 I art     : Starting a blocking GC Explicit
08-05 03:18:37.498 15957 15969 I art     : Explicit concurrent mark sweep GC freed 11(352B) AllocSpace objects, 0(0B) LOS objects, 23% free, 50MB/66MB, paused 1.688ms total 42.566ms
08-05 03:18:37.908 15957 15970 I art     : Starting a blocking GC Explicit
08-05 03:18:37.960 15957 15970 I art     : Explicit concurrent mark sweep GC freed 1382(81KB) AllocSpace objects, 1(20KB) LOS objects, 23% free, 50MB/66MB, paused 1.681ms total 51.740ms
08-05 03:18:37.974 15957 15970 I art     : Starting a blocking GC Explicit
08-05 03:18:38.022 15957 15970 I art     : Explicit concurrent mark sweep GC freed 23(752B) AllocSpace objects, 0(0B) LOS objects, 23% free, 50MB/66MB, paused 1.730ms total 48.336ms
08-05 03:18:38.040 15957 15970 I art     : Starting a blocking GC Explicit
08-05 03:18:38.085 15957 15970 I art     : Explicit concurrent mark sweep GC freed 3(96B) AllocSpace objects, 0(0B) LOS objects, 23% free, 50MB/66MB, paused 1.502ms total 43.805ms
08-05 03:18:38.098 15957 15970 I art     : Starting a blocking GC Explicit
08-05 03:18:38.146 15957 15970 I art     : Explicit concurrent mark sweep GC freed 3(96B) AllocSpace objects, 0(0B) LOS objects, 23% free, 50MB/66MB, paused 1.615ms total 48.006ms
08-05 03:18:38.159 15957 15970 I art     : Starting a blocking GC Explicit
08-05 03:18:38.207 15957 15970 I art     : Explicit concurrent mark sweep GC freed 3(96B) AllocSpace objects, 0(0B) LOS objects, 23% free, 50MB/66MB, paused 1.580ms total 47.306ms
08-05 03:18:38.582 15957 17659 I art     : Starting a blocking GC Explicit
08-05 03:18:38.646 15957 17659 I art     : Explicit concurrent mark sweep GC freed 1410(81KB) AllocSpace objects, 1(20KB) LOS objects, 23% free, 50MB/66MB, paused 1.717ms total 63.293ms
08-05 03:18:38.663 15957 17659 I art     : Starting a blocking GC Explicit
08-05 03:18:38.709 15957 17659 I art     : Explicit concurrent mark sweep GC freed 23(752B) AllocSpace objects, 0(0B) LOS objects, 23% free, 50MB/66MB, paused 1.631ms total 45.607ms
08-05 03:18:38.723 15957 17659 I art     : Starting a blocking GC Explicit
08-05 03:18:38.771 15957 17659 I art     : Explicit concurrent mark sweep GC freed 3(96B) AllocSpace objects, 0(0B) LOS objects, 23% free, 50MB/66MB, paused 1.522ms total 47.850ms
08-05 03:18:38.784 15957 17659 I art     : Starting a blocking GC Explicit
08-05 03:18:38.832 15957 17659 I art     : Explicit concurrent mark sweep GC freed 3(96B) AllocSpace objects, 0(0B) LOS objects, 23% free, 50MB/66MB, paused 1.630ms total 47.734ms
08-05 03:18:38.846 15957 17659 I art     : Starting a blocking GC Explicit
08-05 03:18:38.895 15957 17659 I art     : Explicit concurrent mark sweep GC freed 3(96B) AllocSpace objects, 0(0B) LOS objects, 23% free, 50MB/66MB, paused 1.596ms total 49.052ms
08-05 03:18:39.293 15957 16294 I art     : Starting a blocking GC Explicit
08-05 03:18:39.351 15957 16294 I art     : Explicit concurrent mark sweep GC freed 1410(81KB) AllocSpace objects, 1(20KB) LOS objects, 23% free, 50MB/66MB, paused 1.798ms total 56.594ms
08-05 03:18:39.367 15957 16294 I art     : Starting a blocking GC Explicit
08-05 03:18:39.413 15957 16294 I art     : Explicit concurrent mark sweep GC freed 23(752B) AllocSpace objects, 0(0B) LOS objects, 23% free, 50MB/66MB, paused 1.533ms total 45.614ms
08-05 03:18:39.426 15957 16294 I art     : Starting a blocking GC Explicit
08-05 03:18:39.474 15957 16294 I art     : Explicit concurrent mark sweep GC freed 3(96B) AllocSpace objects, 0(0B) LOS objects, 23% free, 50MB/66MB, paused 1.609ms total 47.306ms
08-05 03:18:39.484   518   646 I ThermalEngine: ACTION: GPU - Setting GPU[0] to 510000000
08-05 03:18:39.488 15957 16294 I art     : Starting a blocking GC Explicit
08-05 03:18:39.534 15957 16294 I art     : Explicit concurrent mark sweep GC freed 3(96B) AllocSpace objects, 0(0B) LOS objects, 23% free, 50MB/66MB, paused 1.267ms total 45.920ms
08-05 03:18:39.545 15957 16294 I art     : Starting a blocking GC Explicit
08-05 03:18:39.571   918  5132 I ActivityManager: Killing 19881:com.google.process.gapps/u0a12 (adj 15): empty #17
08-05 03:18:39.579 15957 16294 I art     : Explicit concurrent mark sweep GC freed 14(368B) AllocSpace objects, 0(0B) LOS objects, 23% free, 50MB/66MB, paused 1.107ms total 34.116ms
08-05 03:18:39.950 15957 15970 I art     : Starting a blocking GC Explicit
08-05 03:18:39.995 15957 15970 I art     : Explicit concurrent mark sweep GC freed 1413(83KB) AllocSpace objects, 1(20KB) LOS objects, 23% free, 50MB/66MB, paused 1.277ms total 44.822ms
08-05 03:18:40.008 15957 15970 I art     : Starting a blocking GC Explicit
08-05 03:18:40.044 15957 15970 I art     : Explicit concurrent mark sweep GC freed 29(976B) AllocSpace objects, 0(0B) LOS objects, 23% free, 50MB/66MB, paused 1.136ms total 35.257ms
08-05 03:18:40.054 15957 15970 I art     : Starting a blocking GC Explicit
08-05 03:18:40.091 15957 15970 I art     : Explicit concurrent mark sweep GC freed 3(96B) AllocSpace objects, 0(0B) LOS objects, 23% free, 50MB/66MB, paused 1.192ms total 36.224ms
08-05 03:18:40.101 15957 15970 I art     : Starting a blocking GC Explicit
08-05 03:18:40.138 15957 15970 I art     : Explicit concurrent mark sweep GC freed 3(96B) AllocSpace objects, 0(0B) LOS objects, 23% free, 50MB/66MB, paused 1.373ms total 36.364ms
08-05 03:18:40.148 15957 15970 I art     : Starting a blocking GC Explicit
08-05 03:18:40.184 15957 15970 I art     : Explicit concurrent mark sweep GC freed 3(96B) AllocSpace objects, 0(0B) LOS objects, 23% free, 50MB/66MB, paused 1.207ms total 35.480ms
08-05 03:18:40.546 15957 17659 I art     : Starting a blocking GC Explicit
08-05 03:18:40.590 15957 17659 I art     : Explicit concurrent mark sweep GC freed 1411(82KB) AllocSpace objects, 1(20KB) LOS objects, 23% free, 50MB/66MB, paused 1.322ms total 44.555ms
08-05 03:18:40.604 15957 17659 I art     : Starting a blocking GC Explicit
08-05 03:18:40.641 15957 17659 I art     : Explicit concurrent mark sweep GC freed 23(752B) AllocSpace objects, 0(0B) LOS objects, 23% free, 50MB/66MB, paused 1.140ms total 36.017ms
08-05 03:18:40.651 15957 17659 I art     : Starting a blocking GC Explicit
08-05 03:18:40.687 15957 17659 I art     : Explicit concurrent mark sweep GC freed 3(96B) AllocSpace objects, 0(0B) LOS objects, 23% free, 50MB/66MB, paused 1.266ms total 36.066ms
08-05 03:18:40.698 15957 17659 I art     : Starting a blocking GC Explicit
08-05 03:18:40.734 15957 17659 I art     : Explicit concurrent mark sweep GC freed 3(96B) AllocSpace objects, 0(0B) LOS objects, 23% free, 50MB/66MB, paused 1.190ms total 35.998ms
08-05 03:18:40.745 15957 17659 I art     : Starting a blocking GC Explicit
08-05 03:18:40.780 15957 17659 I art     : Explicit concurrent mark sweep GC freed 3(96B) AllocSpace objects, 0(0B) LOS objects, 23% free, 50MB/66MB, paused 1.199ms total 35.059ms
08-05 03:18:41.087 15957 15969 I art     : Starting a blocking GC Explicit
08-05 03:18:41.122 15957 15969 I art     : Explicit concurrent mark sweep GC freed 1384(81KB) AllocSpace objects, 1(20KB) LOS objects, 23% free, 50MB/66MB, paused 1.188ms total 35.191ms
08-05 03:18:41.133 15957 15969 I art     : Starting a blocking GC Explicit
08-05 03:18:41.166 15957 15969 I art     : Explicit concurrent mark sweep GC freed 23(752B) AllocSpace objects, 0(0B) LOS objects, 23% free, 50MB/66MB, paused 1.136ms total 33.001ms
08-05 03:18:41.176 15957 15969 I art     : Starting a blocking GC Explicit
08-05 03:18:41.210 15957 15969 I art     : Explicit concurrent mark sweep GC freed 3(96B) AllocSpace objects, 0(0B) LOS objects, 23% free, 50MB/66MB, paused 1.181ms total 33.620ms
08-05 03:18:41.220 15957 15969 I art     : Starting a blocking GC Explicit
08-05 03:18:41.253 15957 15969 I art     : Explicit concurrent mark sweep GC freed 35(960B) AllocSpace objects, 0(0B) LOS objects, 23% free, 50MB/66MB, paused 1.158ms total 32.962ms
08-05 03:18:41.263 15957 15969 I art     : Starting a blocking GC Explicit
08-05 03:18:41.274 19275 19275 D AndroidRuntime: >>>>>> START com.android.internal.os.RuntimeInit uid 2000 <<<<<<
08-05 03:18:41.279 19275 19275 D AndroidRuntime: CheckJNI is OFF
08-05 03:18:41.297 15957 15969 I art     : Explicit concurrent mark sweep GC freed 3(96B) AllocSpace objects, 0(0B) LOS objects, 23% free, 50MB/66MB, paused 1.237ms total 33.715ms
08-05 03:18:41.316 19275 19275 D ICU     : No timezone override file found: /data/misc/zoneinfo/current/icu/icu_tzdata.dat
08-05 03:18:41.349 19275 19275 I Radio-JNI: register_android_hardware_Radio DONE
08-05 03:18:41.370 19275 19275 D AndroidRuntime: Calling main entry com.android.commands.input.Input
08-05 03:18:41.372 19275 19275 I Input   : injectMotionEvent: MotionEvent { action=ACTION_DOWN, actionButton=0, id[0]=0, x[0]=526.0, y[0]=597.0, toolType[0]=TOOL_TYPE_UNKNOWN, buttonState=0, metaState=0, flags=0x0, edgeFlags=0x0, pointerCount=1, historySize=0, eventTime=760737785, downTime=760737785, deviceId=0, source=0x1002 }
08-05 03:18:41.378 19275 19275 I Input   : injectMotionEvent: MotionEvent { action=ACTION_UP, actionButton=0, id[0]=0, x[0]=526.0, y[0]=597.0, toolType[0]=TOOL_TYPE_UNKNOWN, buttonState=0, metaState=0, flags=0x0, edgeFlags=0x0, pointerCount=1, historySize=0, eventTime=760737785, downTime=760737785, deviceId=0, source=0x1002 }
08-05 03:18:41.381 19275 19275 D AndroidRuntime: Shutting down VM
08-05 03:18:41.448 15957 15957 D PodcastListFragment: Selected podcast: GpodnetPodcast [url=http://feeds.feedburner.com/linuxoutlaws, title=Linux Outlaws, description=Two pragmatic geeks talk about the latest news concerning Linux, free and open
08-05 03:18:41.448 15957 15957 D PodcastListFragment: technology or anything else they deem noteworthy which may include such absurd
08-05 03:18:41.448 15957 15957 D PodcastListFragment: things as hockey or bands you never heard of. This means there's many a joke
08-05 03:18:41.448 15957 15957 D PodcastListFragment: and derailed conversation along the way, so don't come here expecting only
08-05 03:18:41.448 15957 15957 D PodcastListFragment: Linux or software freedom talk  just sit back and relax, partner., subscribers=3321, logoUrl=http://sixgun.org/files/linuxoutlaws.jpg, website=http://sixgun.org, mygpoLink=http://gpodder.net/podcast/linux-outlaws-mp3]
08-05 03:18:41.449   512  2967 D audio_hw_primary: out_set_parameters: enter: usecase(1: low-latency-playback) kvpairs: routing=2
08-05 03:18:41.449   918  3696 I ActivityManager: START u0 {cmp=baseline.de.danoeh.antennapod.debug/baseline.de.danoeh.antennapod.activity.OnlineFeedViewActivity (has extras)} from uid 10691 on display 0
08-05 03:18:41.462   512  2967 D audio_hw_primary: select_devices: out_snd_device(2: speaker) in_snd_device(0: none)
08-05 03:18:41.462   512  2967 D msm8974_platform: platform_send_audio_calibration: sending audio calibration for snd_device(2) acdb_id(15)
08-05 03:18:41.463   512  2967 I soundtrigger: audio_extn_sound_trigger_update_device_status: device 0x2 of type 0 for Event 1
08-05 03:18:41.474   512  2967 D audio_hw_primary: enable_snd_device: snd_device(2: speaker)
08-05 03:18:41.476   512  2967 D audio_hw_primary: enable_audio_route: apply and update mixer path: low-latency-playback speaker
08-05 03:18:41.479 15957 15957 D UserPreferences: Using default data folder
08-05 03:18:41.480 15957 15957 D OnlineFeedViewActivity: Activity was started with url http://feeds.feedburner.com/linuxoutlaws
08-05 03:18:41.482 15957 15957 D OnlineFeedViewActivity: Starting feed download
08-05 03:18:41.485 15957 16500 D DBReader: Extracting Feedlist
08-05 03:18:41.487   918  6112 D WifiService: acquireWifiLockLocked: WifiLock{Downloader type=1 binder=android.os.BinderProxy@8f1487}
08-05 03:18:41.487 15957 16500 D AntennapodHttpClient: Creating new instance of HTTP client
08-05 03:18:41.529 13866 13866 I GoogleInputMethodServic: GoogleInputMethodService.onFinishInput():3138 
08-05 03:18:41.530 13866 13866 I GoogleInputMethodServic: GoogleInputMethodService.onStartInput():1808 
08-05 03:18:41.556   918   936 I ActivityManager: Displayed baseline.de.danoeh.antennapod.debug/baseline.de.danoeh.antennapod.activity.OnlineFeedViewActivity: +97ms
08-05 03:18:41.581 15957 16500 D MYTAG   : interceptor 3a http://feeds.feedburner.com/linuxoutlaws
08-05 03:18:41.582 15957 16500 I NAPPA_EXPERIMENTATION: MetricNetworkRequestExecutionTime: REQUEST_DURATION_SYSTEM='94',REQUEST_DURATION_OKHTTP='40',REQUEST_SYNCHRONOUS='TRUE',RESPONSE_CODE='200',RESPONSE_METHOD='GET',RESPONSE_LENGTH_OKHTTP='-1',RESPONSE_LENGTH_HEADER='-2',REQUEST_PROTOCOL='http/1.1',REQUEST_URL='http://feeds.feedburner.com/linuxoutlaws',
08-05 03:18:41.582 15957 16500 D HttpDownloader: Response code is 200
08-05 03:18:41.582 15957 16500 D UserPreferences: Using default data folder
08-05 03:18:41.585 15957 16500 D HttpDownloader: Getting size of download
08-05 03:18:41.585 15957 16500 D HttpDownloader: Size is -1
08-05 03:18:41.585 15957 16500 D UserPreferences: Using default data folder
08-05 03:18:41.585 15957 16500 D HttpDownloader: Free space is 20229357568
08-05 03:18:41.585 15957 16500 D HttpDownloader: Starting download
08-05 03:18:41.587 15957 15979 D OpenGLRenderer: endAllStagingAnimators on 0x7f7b4b5000 (GridView) with handle 0x7f769fe3a0
08-05 03:18:41.594 15957 16500 D HttpDownloader: Download was successful
08-05 03:18:41.594 15957 15980 I art     : Starting a blocking GC Explicit
08-05 03:18:41.600   918  6111 D WifiService: releaseWifiLockLocked: WifiLock{Downloader type=1 binder=android.os.BinderProxy@8f1487}
08-05 03:18:41.601 15957 15957 D OnlineFeedViewActivity: Parsing feed
08-05 03:18:41.607 15957 19309 D TypeGetter: Recognized type RSS 2.0
08-05 03:18:41.611 15957 19309 D SyndHandler: Recognized Content namespace
08-05 03:18:41.611 15957 19309 D SyndHandler: Recognized DublinCore namespace
08-05 03:18:41.611 15957 19309 D SyndHandler: Recognized Atom namespace
08-05 03:18:41.612 15957 19309 D SyndHandler: Recognized ITunes namespace
08-05 03:18:41.612 15957 19309 D SyndHandler: Recognized media namespace
08-05 03:18:41.629 15957 15980 I art     : Explicit concurrent mark sweep GC freed 4026(471KB) AllocSpace objects, 5(100KB) LOS objects, 23% free, 51MB/67MB, paused 1.416ms total 35.063ms
08-05 03:18:41.639 15957 15980 I art     : Starting a blocking GC Explicit
08-05 03:18:41.645 15957 19309 D OnlineFeedViewActivity: Deleted feed source file. Result: true
08-05 03:18:41.645 15957 15957 D OnlineFeedViewActivity: Removing HTML from shownotes
08-05 03:18:41.663 15957 16902 D ApOkHttpUrlLoader: buildLoadData() called with: model = [http://sixgun.org/files/linuxoutlaws.jpg], width = [350], height = [350]
08-05 03:18:41.664 15957 16708 D DBReader: getImageAuthentication() called with: imageUrl = [http://sixgun.org/files/linuxoutlaws.jpg]
08-05 03:18:41.666 15957 16708 D ApOkHttpUrlLoader: no credentials for 'http://sixgun.org/files/linuxoutlaws.jpg'
08-05 03:18:41.673 15957 15980 I art     : Explicit concurrent mark sweep GC freed 4255(453KB) AllocSpace objects, 11(748KB) LOS objects, 23% free, 51MB/67MB, paused 1.763ms total 33.975ms
08-05 03:18:41.683 15957 15980 I art     : Starting a blocking GC Explicit
08-05 03:18:41.703 15957 16708 D DBWriter: updateFeedDownloadURL(original: http://sixgun.org/files/linuxoutlaws.jpg, updated: https://fab.industries/sixgun/files/linuxoutlaws.jpg)
08-05 03:18:41.717 15957 15980 I art     : Explicit concurrent mark sweep GC freed 6758(355KB) AllocSpace objects, 0(0B) LOS objects, 23% free, 51MB/67MB, paused 1.185ms total 34.356ms
08-05 03:18:41.728 15957 15980 I art     : Starting a blocking GC Explicit
08-05 03:18:41.762 15957 15980 I art     : Explicit concurrent mark sweep GC freed 1731(92KB) AllocSpace objects, 0(0B) LOS objects, 23% free, 51MB/67MB, paused 1.132ms total 33.967ms
08-05 03:18:41.772 15957 15980 I art     : Starting a blocking GC Explicit
08-05 03:18:41.790   380   380 W SurfaceFlinger: couldn't log to binary event log: overflow.
08-05 03:18:41.806 15957 15980 I art     : Explicit concurrent mark sweep GC freed 8(320B) AllocSpace objects, 0(0B) LOS objects, 23% free, 51MB/67MB, paused 1.192ms total 33.608ms
08-05 03:18:41.853 15957 16708 D MYTAG   : interceptor 2a
08-05 03:18:41.853 15957 16708 I NAPPA_EXPERIMENTATION: MetricNetworkRequestExecutionTime: REQUEST_DURATION_SYSTEM='187',REQUEST_DURATION_OKHTTP='148',REQUEST_SYNCHRONOUS='TRUE',RESPONSE_CODE='404',RESPONSE_METHOD='GET',RESPONSE_LENGTH_OKHTTP='-1',RESPONSE_LENGTH_HEADER='1503',REQUEST_PROTOCOL='h2',REQUEST_URL='https://fab.industries/sixgun/files/linuxoutlaws.jpg',
08-05 03:18:41.854 15957 15957 W Glide   : Load failed for http://sixgun.org/files/linuxoutlaws.jpg with size [350x350]
08-05 03:18:41.854 15957 15957 W Glide   : class com.bumptech.glide.load.engine.GlideException: Failed to load resource
08-05 03:18:41.854 15957 15957 W Glide   : There was 1 cause:
08-05 03:18:41.854 15957 15957 W Glide   : com.bumptech.glide.load.HttpException()
08-05 03:18:41.854 15957 15957 W Glide   :  call GlideException#logRootCauses(String) for more detail
08-05 03:18:41.854 15957 15957 W Glide   :   Cause (1 of 1): class com.bumptech.glide.load.engine.GlideException: Fetching data failed, class java.io.InputStream, REMOTE
08-05 03:18:41.854 15957 15957 W Glide   : There was 1 cause:
08-05 03:18:41.854 15957 15957 W Glide   : com.bumptech.glide.load.HttpException()
08-05 03:18:41.854 15957 15957 W Glide   :  call GlideException#logRootCauses(String) for more detail
08-05 03:18:41.854 15957 15957 W Glide   :     Cause (1 of 1): class com.bumptech.glide.load.HttpException: 
08-05 03:18:41.855 15957 15957 I Glide   : Root cause (1 of 1)
08-05 03:18:41.855 15957 15957 I Glide   : com.bumptech.glide.load.HttpException: 
08-05 03:18:41.855 15957 15957 I Glide   : 	at com.bumptech.glide.integration.okhttp3.OkHttpStreamFetcher.onResponse(OkHttpStreamFetcher.java:73)
08-05 03:18:41.855 15957 15957 I Glide   : 	at okhttp3.RealCall$AsyncCall.execute(RealCall.java:174)
08-05 03:18:41.855 15957 15957 I Glide   : 	at okhttp3.internal.NamedRunnable.run(NamedRunnable.java:32)
08-05 03:18:41.855 15957 15957 I Glide   : 	at java.util.concurrent.ThreadPoolExecutor.runWorker(ThreadPoolExecutor.java:1113)
08-05 03:18:41.855 15957 15957 I Glide   : 	at java.util.concurrent.ThreadPoolExecutor$Worker.run(ThreadPoolExecutor.java:588)
08-05 03:18:41.855 15957 15957 I Glide   : 	at java.lang.Thread.run(Thread.java:818)
08-05 03:18:41.932 15957 15957 D PlaybackController: Releasing PlaybackController
08-05 03:18:42.018   512  2967 D audio_hw_primary: disable_audio_route: reset and update mixer path: low-latency-playback speaker
08-05 03:18:42.020   512  2967 D audio_hw_primary: disable_snd_device: snd_device(2: speaker)
08-05 03:18:42.028   512  2967 I soundtrigger: audio_extn_sound_trigger_update_device_status: device 0x2 of type 0 for Event 0
08-05 03:18:42.132 15957 15970 I art     : Starting a blocking GC Explicit
08-05 03:18:42.180 15957 15970 I art     : Explicit concurrent mark sweep GC freed 2098(143KB) AllocSpace objects, 2(132KB) LOS objects, 23% free, 51MB/67MB, paused 1.404ms total 47.950ms
08-05 03:18:42.193 15957 15970 I art     : Starting a blocking GC Explicit
08-05 03:18:42.230 15957 15970 I art     : Explicit concurrent mark sweep GC freed 87(2816B) AllocSpace objects, 0(0B) LOS objects, 23% free, 51MB/67MB, paused 1.213ms total 37.666ms
08-05 03:18:42.241 15957 15970 I art     : Starting a blocking GC Explicit
08-05 03:18:42.279 15957 15970 I art     : Explicit concurrent mark sweep GC freed 3(96B) AllocSpace objects, 0(0B) LOS objects, 23% free, 51MB/67MB, paused 1.354ms total 37.724ms
08-05 03:18:42.290 15957 15970 I art     : Starting a blocking GC Explicit
08-05 03:18:42.328 15957 15970 I art     : Explicit concurrent mark sweep GC freed 3(96B) AllocSpace objects, 0(0B) LOS objects, 23% free, 51MB/67MB, paused 1.340ms total 37.356ms
08-05 03:18:42.338 15957 15970 I art     : Starting a blocking GC Explicit
08-05 03:18:42.375 15957 15970 I art     : Explicit concurrent mark sweep GC freed 3(96B) AllocSpace objects, 0(0B) LOS objects, 23% free, 51MB/67MB, paused 1.206ms total 37.021ms
08-05 03:18:42.702 15957 15969 I art     : Starting a blocking GC Explicit
08-05 03:18:42.750 15957 15969 I art     : Explicit concurrent mark sweep GC freed 1381(81KB) AllocSpace objects, 1(20KB) LOS objects, 23% free, 51MB/67MB, paused 1.336ms total 47.564ms
08-05 03:18:42.762 15957 15969 I art     : Starting a blocking GC Explicit
08-05 03:18:42.800 15957 15969 I art     : Explicit concurrent mark sweep GC freed 23(752B) AllocSpace objects, 0(0B) LOS objects, 23% free, 51MB/67MB, paused 1.197ms total 37.580ms
08-05 03:18:42.811 15957 15969 I art     : Starting a blocking GC Explicit
08-05 03:18:42.849 15957 15969 I art     : Explicit concurrent mark sweep GC freed 3(96B) AllocSpace objects, 0(0B) LOS objects, 23% free, 51MB/67MB, paused 1.222ms total 38.086ms
08-05 03:18:42.860 15957 15969 I art     : Starting a blocking GC Explicit
08-05 03:18:42.898 15957 15969 I art     : Explicit concurrent mark sweep GC freed 3(96B) AllocSpace objects, 0(0B) LOS objects, 23% free, 51MB/67MB, paused 1.295ms total 37.649ms
08-05 03:18:42.909 15957 15969 I art     : Starting a blocking GC Explicit
08-05 03:18:42.947 15957 15969 I art     : Explicit concurrent mark sweep GC freed 3(96B) AllocSpace objects, 0(0B) LOS objects, 23% free, 51MB/67MB, paused 1.311ms total 37.961ms
08-05 03:18:43.319 15957 15969 I art     : Starting a blocking GC Explicit
08-05 03:18:43.360 15957 15969 I art     : Explicit concurrent mark sweep GC freed 1421(82KB) AllocSpace objects, 1(20KB) LOS objects, 23% free, 51MB/67MB, paused 1.329ms total 41.328ms
08-05 03:18:43.373 15957 15969 I art     : Starting a blocking GC Explicit
08-05 03:18:43.409 15957 15969 I art     : Explicit concurrent mark sweep GC freed 29(944B) AllocSpace objects, 0(0B) LOS objects, 23% free, 51MB/67MB, paused 1.084ms total 35.595ms
08-05 03:18:43.420 15957 15969 I art     : Starting a blocking GC Explicit
08-05 03:18:43.454 15957 15969 I art     : Explicit concurrent mark sweep GC freed 9(288B) AllocSpace objects, 0(0B) LOS objects, 23% free, 51MB/67MB, paused 1.185ms total 33.723ms
08-05 03:18:43.464 15957 15969 I art     : Starting a blocking GC Explicit
08-05 03:18:43.499 15957 15969 I art     : Explicit concurrent mark sweep GC freed 9(288B) AllocSpace objects, 0(0B) LOS objects, 23% free, 51MB/67MB, paused 1.070ms total 34.313ms
08-05 03:18:43.510 15957 15969 I art     : Starting a blocking GC Explicit
08-05 03:18:43.546 15957 15969 I art     : Explicit concurrent mark sweep GC freed 4(128B) AllocSpace objects, 0(0B) LOS objects, 23% free, 51MB/67MB, paused 1.082ms total 35.541ms
08-05 03:18:43.907 15957 17659 I art     : Starting a blocking GC Explicit
08-05 03:18:43.955 15957 17659 I art     : Explicit concurrent mark sweep GC freed 1425(83KB) AllocSpace objects, 1(20KB) LOS objects, 23% free, 51MB/67MB, paused 1.221ms total 48.094ms
08-05 03:18:43.966 15957 17659 I art     : Starting a blocking GC Explicit
08-05 03:18:44.004 15957 17659 I art     : Explicit concurrent mark sweep GC freed 23(752B) AllocSpace objects, 0(0B) LOS objects, 23% free, 51MB/67MB, paused 1.210ms total 37.508ms
08-05 03:18:44.015 15957 17659 I art     : Starting a blocking GC Explicit
08-05 03:18:44.052 15957 17659 I art     : Explicit concurrent mark sweep GC freed 3(96B) AllocSpace objects, 0(0B) LOS objects, 23% free, 51MB/67MB, paused 1.204ms total 36.969ms
08-05 03:18:44.063 15957 17659 I art     : Starting a blocking GC Explicit
08-05 03:18:44.100 15957 17659 I art     : Explicit concurrent mark sweep GC freed 3(96B) AllocSpace objects, 0(0B) LOS objects, 23% free, 51MB/67MB, paused 1.204ms total 37.187ms
08-05 03:18:44.111 15957 17659 I art     : Starting a blocking GC Explicit
08-05 03:18:44.149 15957 17659 I art     : Explicit concurrent mark sweep GC freed 3(96B) AllocSpace objects, 0(0B) LOS objects, 23% free, 51MB/67MB, paused 1.227ms total 37.862ms
08-05 03:18:44.509 15957 16294 I art     : Starting a blocking GC Explicit
08-05 03:18:44.556 15957 16294 I art     : Explicit concurrent mark sweep GC freed 1410(81KB) AllocSpace objects, 1(20KB) LOS objects, 23% free, 51MB/67MB, paused 1.315ms total 46.740ms
08-05 03:18:44.570 15957 16294 I art     : Starting a blocking GC Explicit
08-05 03:18:44.605 15957 16294 I art     : Explicit concurrent mark sweep GC freed 23(752B) AllocSpace objects, 0(0B) LOS objects, 23% free, 51MB/67MB, paused 1.067ms total 34.589ms
08-05 03:18:44.615 15957 16294 I art     : Starting a blocking GC Explicit
08-05 03:18:44.646 15957 16294 I art     : Explicit concurrent mark sweep GC freed 3(96B) AllocSpace objects, 0(0B) LOS objects, 23% free, 51MB/67MB, paused 1.034ms total 30.604ms
08-05 03:18:44.655 15957 16294 I art     : Starting a blocking GC Explicit
08-05 03:18:44.686 15957 16294 I art     : Explicit concurrent mark sweep GC freed 3(96B) AllocSpace objects, 0(0B) LOS objects, 23% free, 51MB/67MB, paused 1.018ms total 30.658ms
08-05 03:18:44.695 15957 16294 I art     : Starting a blocking GC Explicit
08-05 03:18:44.726 15957 16294 I art     : Explicit concurrent mark sweep GC freed 3(96B) AllocSpace objects, 0(0B) LOS objects, 23% free, 51MB/67MB, paused 1.032ms total 30.128ms
08-05 03:18:45.080 15957 15969 I art     : Starting a blocking GC Explicit
08-05 03:18:45.127 15957 15969 I art     : Explicit concurrent mark sweep GC freed 1383(84KB) AllocSpace objects, 1(20KB) LOS objects, 23% free, 51MB/67MB, paused 1.330ms total 46.481ms
08-05 03:18:45.140 15957 15969 I art     : Starting a blocking GC Explicit
08-05 03:18:45.178 15957 15969 I art     : Explicit concurrent mark sweep GC freed 37(1200B) AllocSpace objects, 0(0B) LOS objects, 23% free, 51MB/67MB, paused 1.251ms total 37.775ms
08-05 03:18:45.189 15957 15969 I art     : Starting a blocking GC Explicit
08-05 03:18:45.227 15957 15969 I art     : Explicit concurrent mark sweep GC freed 32(880B) AllocSpace objects, 0(0B) LOS objects, 23% free, 51MB/67MB, paused 1.200ms total 37.193ms
08-05 03:18:45.237 15957 15969 I art     : Starting a blocking GC Explicit
08-05 03:18:45.275 15957 15969 I art     : Explicit concurrent mark sweep GC freed 3(96B) AllocSpace objects, 0(0B) LOS objects, 23% free, 51MB/67MB, paused 1.406ms total 37.084ms
08-05 03:18:45.285 15957 15969 I art     : Starting a blocking GC Explicit
08-05 03:18:45.323 15957 15969 I art     : Explicit concurrent mark sweep GC freed 3(96B) AllocSpace objects, 0(0B) LOS objects, 23% free, 51MB/67MB, paused 1.259ms total 37.422ms
08-05 03:18:45.668 15957 17659 I art     : Starting a blocking GC Explicit
08-05 03:18:45.705 15957 17659 I art     : Explicit concurrent mark sweep GC freed 1384(81KB) AllocSpace objects, 1(20KB) LOS objects, 23% free, 51MB/67MB, paused 1.236ms total 37.276ms
08-05 03:18:45.716 15957 17659 I art     : Starting a blocking GC Explicit
08-05 03:18:45.751 15957 17659 I art     : Explicit concurrent mark sweep GC freed 23(752B) AllocSpace objects, 0(0B) LOS objects, 23% free, 51MB/67MB, paused 1.206ms total 35.699ms
08-05 03:18:45.762 15957 17659 I art     : Starting a blocking GC Explicit
08-05 03:18:45.797 15957 17659 I art     : Explicit concurrent mark sweep GC freed 3(96B) AllocSpace objects, 0(0B) LOS objects, 23% free, 51MB/67MB, paused 1.221ms total 34.441ms
08-05 03:18:45.807 15957 17659 I art     : Starting a blocking GC Explicit
08-05 03:18:45.842 15957 17659 I art     : Explicit concurrent mark sweep GC freed 3(96B) AllocSpace objects, 0(0B) LOS objects, 23% free, 51MB/67MB, paused 1.205ms total 34.827ms
08-05 03:18:45.852 15957 17659 I art     : Starting a blocking GC Explicit
08-05 03:18:45.887 15957 17659 I art     : Explicit concurrent mark sweep GC freed 3(96B) AllocSpace objects, 0(0B) LOS objects, 23% free, 51MB/67MB, paused 1.269ms total 34.959ms
08-05 03:18:46.035 19380 19380 D AndroidRuntime: >>>>>> START com.android.internal.os.RuntimeInit uid 2000 <<<<<<
08-05 03:18:46.041 19380 19380 D AndroidRuntime: CheckJNI is OFF
08-05 03:18:46.077 19380 19380 D ICU     : No timezone override file found: /data/misc/zoneinfo/current/icu/icu_tzdata.dat
08-05 03:18:46.110 19380 19380 I Radio-JNI: register_android_hardware_Radio DONE
08-05 03:18:46.131 19380 19380 D AndroidRuntime: Calling main entry com.android.commands.input.Input
08-05 03:18:46.133 19380 19380 I Input   : injectKeyEvent: KeyEvent { action=ACTION_DOWN, keyCode=KEYCODE_BACK, scanCode=0, metaState=0, flags=0x0, repeatCount=0, eventTime=760742546, downTime=760742546, deviceId=-1, source=0x101 }
08-05 03:18:46.137 19380 19380 I Input   : injectKeyEvent: KeyEvent { action=ACTION_UP, keyCode=KEYCODE_BACK, scanCode=0, metaState=0, flags=0x0, repeatCount=0, eventTime=760742546, downTime=760742546, deviceId=-1, source=0x101 }
08-05 03:18:46.144 19380 19380 D AndroidRuntime: Shutting down VM
08-05 03:18:46.150 15957 15957 V PlaybackController: initServiceNotRunning()
08-05 03:18:46.151 15957 15957 D ExternalPlayerFragment: Loading media info
08-05 03:18:46.151 15957 16902 D ApOkHttpUrlLoader: buildLoadData() called with: model = [http://sixgun.org/files/linuxoutlaws.jpg], width = [224], height = [224]
08-05 03:18:46.153 15957 16708 D DBReader: getImageAuthentication() called with: imageUrl = [http://sixgun.org/files/linuxoutlaws.jpg]
08-05 03:18:46.155 15957 15957 D UserPreferences: Using default data folder
08-05 03:18:46.155 15957 16500 D DBReader: getNavDrawerData() called with: 
08-05 03:18:46.156 15957 16708 D ApOkHttpUrlLoader: no credentials for 'http://sixgun.org/files/linuxoutlaws.jpg'
08-05 03:18:46.166 15957 16500 D DBReader: getDownloadedItems() called
08-05 03:18:46.167 15957 16500 D DBReader: getFavoriteIDList() called
08-05 03:18:46.168 15957 16500 D DBReader: getQueueIDList() called
08-05 03:18:46.169 15957 16500 D DBReader: Extracting Feedlist
08-05 03:18:46.188 15957 15957 D MainActivity: getLastNavFragment() -> AddFeedFragment
08-05 03:18:46.188 13866 13866 I GoogleInputMethodServic: GoogleInputMethodService.onFinishInput():3138 
08-05 03:18:46.188 13866 13866 I GoogleInputMethodServic: GoogleInputMethodService.onStartInput():1808 
08-05 03:18:46.225 15957 17659 I art     : Starting a blocking GC Explicit
08-05 03:18:46.259 15957 17659 I art     : Explicit concurrent mark sweep GC freed 2914(174KB) AllocSpace objects, 1(20KB) LOS objects, 23% free, 51MB/67MB, paused 1.299ms total 33.397ms
08-05 03:18:46.269 15957 17659 I art     : Starting a blocking GC Explicit
08-05 03:18:46.286 15957 16708 D DBWriter: updateFeedDownloadURL(original: http://sixgun.org/files/linuxoutlaws.jpg, updated: https://fab.industries/sixgun/files/linuxoutlaws.jpg)
08-05 03:18:46.305 15957 17659 I art     : Explicit concurrent mark sweep GC freed 695(37KB) AllocSpace objects, 0(0B) LOS objects, 23% free, 51MB/67MB, paused 1.164ms total 35.976ms
08-05 03:18:46.315 15957 17659 I art     : Starting a blocking GC Explicit
08-05 03:18:46.356 15957 17659 I art     : Explicit concurrent mark sweep GC freed 19(784B) AllocSpace objects, 0(0B) LOS objects, 23% free, 51MB/67MB, paused 1.249ms total 40.205ms
08-05 03:18:46.368 15957 17659 I art     : Starting a blocking GC Explicit
08-05 03:18:46.411 15957 17659 I art     : Explicit concurrent mark sweep GC freed 3(96B) AllocSpace objects, 0(0B) LOS objects, 23% free, 51MB/67MB, paused 1.135ms total 43.148ms
08-05 03:18:46.425 15957 17659 I art     : Starting a blocking GC Explicit
08-05 03:18:46.436 15957 16708 D MYTAG   : interceptor 2a
08-05 03:18:46.436 15957 16708 I NAPPA_EXPERIMENTATION: MetricNetworkRequestExecutionTime: REQUEST_DURATION_SYSTEM='280',REQUEST_DURATION_OKHTTP='146',REQUEST_SYNCHRONOUS='TRUE',RESPONSE_CODE='404',RESPONSE_METHOD='GET',RESPONSE_LENGTH_OKHTTP='-1',RESPONSE_LENGTH_HEADER='1503',REQUEST_PROTOCOL='h2',REQUEST_URL='https://fab.industries/sixgun/files/linuxoutlaws.jpg',
08-05 03:18:46.438 15957 15957 W Glide   : Load failed for http://sixgun.org/files/linuxoutlaws.jpg with size [224x224]
08-05 03:18:46.438 15957 15957 W Glide   : class com.bumptech.glide.load.engine.GlideException: Failed to load resource
08-05 03:18:46.438 15957 15957 W Glide   : There was 1 cause:
08-05 03:18:46.438 15957 15957 W Glide   : com.bumptech.glide.load.HttpException()
08-05 03:18:46.438 15957 15957 W Glide   :  call GlideException#logRootCauses(String) for more detail
08-05 03:18:46.438 15957 15957 W Glide   :   Cause (1 of 1): class com.bumptech.glide.load.engine.GlideException: Fetching data failed, class java.io.InputStream, REMOTE
08-05 03:18:46.438 15957 15957 W Glide   : There was 1 cause:
08-05 03:18:46.438 15957 15957 W Glide   : com.bumptech.glide.load.HttpException()
08-05 03:18:46.438 15957 15957 W Glide   :  call GlideException#logRootCauses(String) for more detail
08-05 03:18:46.438 15957 15957 W Glide   :     Cause (1 of 1): class com.bumptech.glide.load.HttpException: 
08-05 03:18:46.438 15957 15957 I Glide   : Root cause (1 of 1)
08-05 03:18:46.438 15957 15957 I Glide   : com.bumptech.glide.load.HttpException: 
08-05 03:18:46.438 15957 15957 I Glide   : 	at com.bumptech.glide.integration.okhttp3.OkHttpStreamFetcher.onResponse(OkHttpStreamFetcher.java:73)
08-05 03:18:46.438 15957 15957 I Glide   : 	at okhttp3.RealCall$AsyncCall.execute(RealCall.java:174)
08-05 03:18:46.438 15957 15957 I Glide   : 	at okhttp3.internal.NamedRunnable.run(NamedRunnable.java:32)
08-05 03:18:46.438 15957 15957 I Glide   : 	at java.util.concurrent.ThreadPoolExecutor.runWorker(ThreadPoolExecutor.java:1113)
08-05 03:18:46.438 15957 15957 I Glide   : 	at java.util.concurrent.ThreadPoolExecutor$Worker.run(ThreadPoolExecutor.java:588)
08-05 03:18:46.438 15957 15957 I Glide   : 	at java.lang.Thread.run(Thread.java:818)
08-05 03:18:46.438 15957 15957 W Glide   : Load failed for http://sixgun.org/files/linuxoutlaws.jpg with size [224x224]
08-05 03:18:46.438 15957 15957 W Glide   : class com.bumptech.glide.load.engine.GlideException: Failed to load resource
08-05 03:18:46.438 15957 15957 W Glide   : There was 1 cause:
08-05 03:18:46.438 15957 15957 W Glide   : com.bumptech.glide.load.HttpException()
08-05 03:18:46.438 15957 15957 W Glide   :  call GlideException#logRootCauses(String) for more detail
08-05 03:18:46.438 15957 15957 W Glide   :   Cause (1 of 1): class com.bumptech.glide.load.engine.GlideException: Fetching data failed, class java.io.InputStream, REMOTE
08-05 03:18:46.438 15957 15957 W Glide   : There was 1 cause:
08-05 03:18:46.438 15957 15957 W Glide   : com.bumptech.glide.load.HttpException()
08-05 03:18:46.438 15957 15957 W Glide   :  call GlideException#logRootCauses(String) for more detail
08-05 03:18:46.438 15957 15957 W Glide   :     Cause (1 of 1): class com.bumptech.glide.load.HttpException: 
08-05 03:18:46.439 15957 15957 I Glide   : Root cause (1 of 1)
08-05 03:18:46.439 15957 15957 I Glide   : com.bumptech.glide.load.HttpException: 
08-05 03:18:46.439 15957 15957 I Glide   : 	at com.bumptech.glide.integration.okhttp3.OkHttpStreamFetcher.onResponse(OkHttpStreamFetcher.java:73)
08-05 03:18:46.439 15957 15957 I Glide   : 	at okhttp3.RealCall$AsyncCall.execute(RealCall.java:174)
08-05 03:18:46.439 15957 15957 I Glide   : 	at okhttp3.internal.NamedRunnable.run(NamedRunnable.java:32)
08-05 03:18:46.439 15957 15957 I Glide   : 	at java.util.concurrent.ThreadPoolExecutor.runWorker(ThreadPoolExecutor.java:1113)
08-05 03:18:46.439 15957 15957 I Glide   : 	at java.util.concurrent.ThreadPoolExecutor$Worker.run(ThreadPoolExecutor.java:588)
08-05 03:18:46.439 15957 15957 I Glide   : 	at java.lang.Thread.run(Thread.java:818)
08-05 03:18:46.469 15957 17659 I art     : Explicit concurrent mark sweep GC freed 390(67KB) AllocSpace objects, 0(0B) LOS objects, 23% free, 51MB/67MB, paused 1.743ms total 44.527ms
08-05 03:18:46.494   380   380 W SurfaceFlinger: couldn't log to binary event log: overflow.
08-05 03:18:46.775 15957 15969 I art     : Starting a blocking GC Explicit
08-05 03:18:46.824 15957 15969 I art     : Explicit concurrent mark sweep GC freed 2207(117KB) AllocSpace objects, 1(20KB) LOS objects, 23% free, 51MB/67MB, paused 1.551ms total 48.002ms
08-05 03:18:46.839 15957 15969 I art     : Starting a blocking GC Explicit
08-05 03:18:46.877 15957 15969 I art     : Explicit concurrent mark sweep GC freed 2879(236KB) AllocSpace objects, 1(28KB) LOS objects, 23% free, 50MB/66MB, paused 1.207ms total 37.185ms
08-05 03:18:46.887 15957 15969 I art     : Starting a blocking GC Explicit
08-05 03:18:46.924 15957 15969 I art     : Explicit concurrent mark sweep GC freed 3(96B) AllocSpace objects, 0(0B) LOS objects, 23% free, 50MB/66MB, paused 1.221ms total 36.044ms
08-05 03:18:46.934 15957 15969 I art     : Starting a blocking GC Explicit
08-05 03:18:46.971 15957 15969 I art     : Explicit concurrent mark sweep GC freed 3(96B) AllocSpace objects, 0(0B) LOS objects, 23% free, 50MB/66MB, paused 1.200ms total 36.384ms
08-05 03:18:46.981 15957 15969 I art     : Starting a blocking GC Explicit
08-05 03:18:47.018 15957 15969 I art     : Explicit concurrent mark sweep GC freed 3(96B) AllocSpace objects, 0(0B) LOS objects, 23% free, 50MB/66MB, paused 1.268ms total 35.920ms
08-05 03:18:47.340 15957 15980 I art     : Starting a blocking GC Explicit
08-05 03:18:47.393 15957 15980 I art     : Explicit concurrent mark sweep GC freed 1412(82KB) AllocSpace objects, 1(20KB) LOS objects, 23% free, 50MB/66MB, paused 1.241ms total 52.338ms
08-05 03:18:47.403 15957 15980 I art     : Starting a blocking GC Explicit
08-05 03:18:47.437 15957 15980 I art     : Explicit concurrent mark sweep GC freed 23(752B) AllocSpace objects, 0(0B) LOS objects, 23% free, 50MB/66MB, paused 1.235ms total 33.499ms
08-05 03:18:47.447 15957 15980 I art     : Starting a blocking GC Explicit
08-05 03:18:47.480 15957 15980 I art     : Explicit concurrent mark sweep GC freed 3(96B) AllocSpace objects, 0(0B) LOS objects, 23% free, 50MB/66MB, paused 1.217ms total 32.649ms
08-05 03:18:47.490 15957 15980 I art     : Starting a blocking GC Explicit
08-05 03:18:47.523 15957 15980 I art     : Explicit concurrent mark sweep GC freed 3(96B) AllocSpace objects, 0(0B) LOS objects, 23% free, 50MB/66MB, paused 1.208ms total 32.912ms
08-05 03:18:47.532 15957 15980 I art     : Starting a blocking GC Explicit
08-05 03:18:47.566 15957 15980 I art     : Explicit concurrent mark sweep GC freed 3(96B) AllocSpace objects, 0(0B) LOS objects, 23% free, 50MB/66MB, paused 1.215ms total 33.817ms
08-05 03:18:47.798 19425 19425 D AndroidRuntime: >>>>>> START com.android.internal.os.RuntimeInit uid 2000 <<<<<<
08-05 03:18:47.803 19425 19425 D AndroidRuntime: CheckJNI is OFF
08-05 03:18:47.840 19425 19425 D ICU     : No timezone override file found: /data/misc/zoneinfo/current/icu/icu_tzdata.dat
08-05 03:18:47.873 19425 19425 I Radio-JNI: register_android_hardware_Radio DONE
08-05 03:18:47.890 15957 17659 I art     : Starting a blocking GC Explicit
08-05 03:18:47.895 19425 19425 D AndroidRuntime: Calling main entry com.android.commands.input.Input
08-05 03:18:47.897 19425 19425 I Input   : injectMotionEvent: MotionEvent { action=ACTION_DOWN, actionButton=0, id[0]=0, x[0]=526.0, y[0]=597.0, toolType[0]=TOOL_TYPE_UNKNOWN, buttonState=0, metaState=0, flags=0x0, edgeFlags=0x0, pointerCount=1, historySize=0, eventTime=760744310, downTime=760744310, deviceId=0, source=0x1002 }
08-05 03:18:47.903 19425 19425 I Input   : injectMotionEvent: MotionEvent { action=ACTION_UP, actionButton=0, id[0]=0, x[0]=526.0, y[0]=597.0, toolType[0]=TOOL_TYPE_UNKNOWN, buttonState=0, metaState=0, flags=0x0, edgeFlags=0x0, pointerCount=1, historySize=0, eventTime=760744310, downTime=760744310, deviceId=0, source=0x1002 }
08-05 03:18:47.905 19425 19425 D AndroidRuntime: Shutting down VM
08-05 03:18:47.927 15957 17659 I art     : Explicit concurrent mark sweep GC freed 1428(82KB) AllocSpace objects, 1(20KB) LOS objects, 23% free, 50MB/66MB, paused 1.218ms total 36.763ms
08-05 03:18:47.938 15957 17659 I art     : Starting a blocking GC Explicit
08-05 03:18:47.970 15957 17659 I art     : Explicit concurrent mark sweep GC freed 43(1536B) AllocSpace objects, 0(0B) LOS objects, 23% free, 50MB/66MB, paused 1.233ms total 31.714ms
08-05 03:18:47.979 15957 17659 I art     : Starting a blocking GC Explicit
08-05 03:18:47.982 15957 15957 D PodcastListFragment: Selected podcast: GpodnetPodcast [url=http://feeds.feedburner.com/linuxoutlaws, title=Linux Outlaws, description=Two pragmatic geeks talk about the latest news concerning Linux, free and open
08-05 03:18:47.982 15957 15957 D PodcastListFragment: technology or anything else they deem noteworthy which may include such absurd
08-05 03:18:47.982 15957 15957 D PodcastListFragment: things as hockey or bands you never heard of. This means there's many a joke
08-05 03:18:47.982 15957 15957 D PodcastListFragment: and derailed conversation along the way, so don't come here expecting only
08-05 03:18:47.982 15957 15957 D PodcastListFragment: Linux or software freedom talk  just sit back and relax, partner., subscribers=3321, logoUrl=http://sixgun.org/files/linuxoutlaws.jpg, website=http://sixgun.org, mygpoLink=http://gpodder.net/podcast/linux-outlaws-mp3]
08-05 03:18:47.983   918  6029 I ActivityManager: START u0 {cmp=baseline.de.danoeh.antennapod.debug/baseline.de.danoeh.antennapod.activity.OnlineFeedViewActivity (has extras)} from uid 10691 on display 0
08-05 03:18:47.984   512  2967 D audio_hw_primary: out_set_parameters: enter: usecase(1: low-latency-playback) kvpairs: routing=2
08-05 03:18:47.997   512  2967 D audio_hw_primary: select_devices: out_snd_device(2: speaker) in_snd_device(0: none)
08-05 03:18:47.997   512  2967 D msm8974_platform: platform_send_audio_calibration: sending audio calibration for snd_device(2) acdb_id(15)
08-05 03:18:47.997   512  2967 I soundtrigger: audio_extn_sound_trigger_update_device_status: device 0x2 of type 0 for Event 1
08-05 03:18:48.006   512  2967 D audio_hw_primary: enable_snd_device: snd_device(2: speaker)
08-05 03:18:48.008   512  2967 D audio_hw_primary: enable_audio_route: apply and update mixer path: low-latency-playback speaker
08-05 03:18:48.014 15957 17659 I art     : Explicit concurrent mark sweep GC freed 401(28KB) AllocSpace objects, 0(0B) LOS objects, 23% free, 50MB/66MB, paused 1.221ms total 34.040ms
08-05 03:18:48.024 15957 17659 I art     : Starting a blocking GC Explicit
08-05 03:18:48.028 15957 15957 D UserPreferences: Using default data folder
08-05 03:18:48.028 15957 15957 D OnlineFeedViewActivity: Activity was started with url http://feeds.feedburner.com/linuxoutlaws
08-05 03:18:48.030 15957 15957 D OnlineFeedViewActivity: Starting feed download
08-05 03:18:48.032 15957 15986 D DBReader: Extracting Feedlist
08-05 03:18:48.033   918  3696 D WifiService: acquireWifiLockLocked: WifiLock{Downloader type=1 binder=android.os.BinderProxy@93cf57c}
08-05 03:18:48.034 15957 15986 D AntennapodHttpClient: Creating new instance of HTTP client
08-05 03:18:48.058 15957 17659 I art     : Explicit concurrent mark sweep GC freed 882(68KB) AllocSpace objects, 0(0B) LOS objects, 23% free, 50MB/66MB, paused 1.356ms total 32.925ms
08-05 03:18:48.067 15957 17659 I art     : Starting a blocking GC Explicit
08-05 03:18:48.089 13866 13866 I GoogleInputMethodServic: GoogleInputMethodService.onFinishInput():3138 
08-05 03:18:48.089 13866 13866 I GoogleInputMethodServic: GoogleInputMethodService.onStartInput():1808 
08-05 03:18:48.099 15957 17659 I art     : Explicit concurrent mark sweep GC freed 406(17KB) AllocSpace objects, 0(0B) LOS objects, 23% free, 51MB/67MB, paused 1.665ms total 32.255ms
08-05 03:18:48.116   918   936 I ActivityManager: Displayed baseline.de.danoeh.antennapod.debug/baseline.de.danoeh.antennapod.activity.OnlineFeedViewActivity: +117ms
08-05 03:18:48.141 15957 15986 D MYTAG   : interceptor 3a http://feeds.feedburner.com/linuxoutlaws
08-05 03:18:48.142 15957 15986 I NAPPA_EXPERIMENTATION: MetricNetworkRequestExecutionTime: REQUEST_DURATION_SYSTEM='106',REQUEST_DURATION_OKHTTP='46',REQUEST_SYNCHRONOUS='TRUE',RESPONSE_CODE='200',RESPONSE_METHOD='GET',RESPONSE_LENGTH_OKHTTP='-1',RESPONSE_LENGTH_HEADER='-2',REQUEST_PROTOCOL='http/1.1',REQUEST_URL='http://feeds.feedburner.com/linuxoutlaws',
08-05 03:18:48.142 15957 15986 D HttpDownloader: Response code is 200
08-05 03:18:48.142 15957 15986 D UserPreferences: Using default data folder
08-05 03:18:48.143 15957 15986 D HttpDownloader: Getting size of download
08-05 03:18:48.143 15957 15986 D HttpDownloader: Size is -1
08-05 03:18:48.144 15957 15986 D UserPreferences: Using default data folder
08-05 03:18:48.144 15957 15986 D HttpDownloader: Free space is 20229357568
08-05 03:18:48.144 15957 15986 D HttpDownloader: Starting download
08-05 03:18:48.147 15957 15986 D HttpDownloader: Download was successful
08-05 03:18:48.147   918   929 D WifiService: releaseWifiLockLocked: WifiLock{Downloader type=1 binder=android.os.BinderProxy@93cf57c}
08-05 03:18:48.150 15957 15979 D OpenGLRenderer: endAllStagingAnimators on 0x7f7b4b5000 (GridView) with handle 0x7f70d9b600
08-05 03:18:48.154 15957 15957 D OnlineFeedViewActivity: Parsing feed
08-05 03:18:48.159 15957 19449 D TypeGetter: Recognized type RSS 2.0
08-05 03:18:48.163 15957 19449 D SyndHandler: Recognized Content namespace
08-05 03:18:48.163 15957 19449 D SyndHandler: Recognized DublinCore namespace
08-05 03:18:48.164 15957 19449 D SyndHandler: Recognized Atom namespace
08-05 03:18:48.164 15957 19449 D SyndHandler: Recognized ITunes namespace
08-05 03:18:48.164 15957 19449 D SyndHandler: Recognized media namespace
08-05 03:18:48.192 15957 19449 D OnlineFeedViewActivity: Deleted feed source file. Result: true
08-05 03:18:48.192 15957 15957 D OnlineFeedViewActivity: Removing HTML from shownotes
08-05 03:18:48.205 15957 16902 D ApOkHttpUrlLoader: buildLoadData() called with: model = [http://sixgun.org/files/linuxoutlaws.jpg], width = [350], height = [350]
08-05 03:18:48.205 15957 16708 D DBReader: getImageAuthentication() called with: imageUrl = [http://sixgun.org/files/linuxoutlaws.jpg]
08-05 03:18:48.208 15957 16708 D ApOkHttpUrlLoader: no credentials for 'http://sixgun.org/files/linuxoutlaws.jpg'
08-05 03:18:48.247 15957 16708 D DBWriter: updateFeedDownloadURL(original: http://sixgun.org/files/linuxoutlaws.jpg, updated: https://fab.industries/sixgun/files/linuxoutlaws.jpg)
08-05 03:18:48.364   380   380 W SurfaceFlinger: couldn't log to binary event log: overflow.
08-05 03:18:48.388 15957 17659 I art     : Starting a blocking GC Explicit
08-05 03:18:48.401 15957 16708 D MYTAG   : interceptor 2a
08-05 03:18:48.401 15957 16708 I NAPPA_EXPERIMENTATION: MetricNetworkRequestExecutionTime: REQUEST_DURATION_SYSTEM='192',REQUEST_DURATION_OKHTTP='151',REQUEST_SYNCHRONOUS='TRUE',RESPONSE_CODE='404',RESPONSE_METHOD='GET',RESPONSE_LENGTH_OKHTTP='-1',RESPONSE_LENGTH_HEADER='1503',REQUEST_PROTOCOL='h2',REQUEST_URL='https://fab.industries/sixgun/files/linuxoutlaws.jpg',
08-05 03:18:48.402 15957 15957 W Glide   : Load failed for http://sixgun.org/files/linuxoutlaws.jpg with size [350x350]
08-05 03:18:48.402 15957 15957 W Glide   : class com.bumptech.glide.load.engine.GlideException: Failed to load resource
08-05 03:18:48.402 15957 15957 W Glide   : There was 1 cause:
08-05 03:18:48.402 15957 15957 W Glide   : com.bumptech.glide.load.HttpException()
08-05 03:18:48.402 15957 15957 W Glide   :  call GlideException#logRootCauses(String) for more detail
08-05 03:18:48.402 15957 15957 W Glide   :   Cause (1 of 1): class com.bumptech.glide.load.engine.GlideException: Fetching data failed, class java.io.InputStream, REMOTE
08-05 03:18:48.402 15957 15957 W Glide   : There was 1 cause:
08-05 03:18:48.402 15957 15957 W Glide   : com.bumptech.glide.load.HttpException()
08-05 03:18:48.402 15957 15957 W Glide   :  call GlideException#logRootCauses(String) for more detail
08-05 03:18:48.402 15957 15957 W Glide   :     Cause (1 of 1): class com.bumptech.glide.load.HttpException: 
08-05 03:18:48.403 15957 15957 I Glide   : Root cause (1 of 1)
08-05 03:18:48.403 15957 15957 I Glide   : com.bumptech.glide.load.HttpException: 
08-05 03:18:48.403 15957 15957 I Glide   : 	at com.bumptech.glide.integration.okhttp3.OkHttpStreamFetcher.onResponse(OkHttpStreamFetcher.java:73)
08-05 03:18:48.403 15957 15957 I Glide   : 	at okhttp3.RealCall$AsyncCall.execute(RealCall.java:174)
08-05 03:18:48.403 15957 15957 I Glide   : 	at okhttp3.internal.NamedRunnable.run(NamedRunnable.java:32)
08-05 03:18:48.403 15957 15957 I Glide   : 	at java.util.concurrent.ThreadPoolExecutor.runWorker(ThreadPoolExecutor.java:1113)
08-05 03:18:48.403 15957 15957 I Glide   : 	at java.util.concurrent.ThreadPoolExecutor$Worker.run(ThreadPoolExecutor.java:588)
08-05 03:18:48.403 15957 15957 I Glide   : 	at java.lang.Thread.run(Thread.java:818)
08-05 03:18:48.422 15957 17659 I art     : Explicit concurrent mark sweep GC freed 7521(894KB) AllocSpace objects, 15(828KB) LOS objects, 23% free, 51MB/67MB, paused 1.079ms total 33.283ms
08-05 03:18:48.431 15957 17659 I art     : Starting a blocking GC Explicit
08-05 03:18:48.463 15957 17659 I art     : Explicit concurrent mark sweep GC freed 1322(59KB) AllocSpace objects, 0(0B) LOS objects, 23% free, 51MB/67MB, paused 1.175ms total 31.614ms
08-05 03:18:48.472 15957 17659 I art     : Starting a blocking GC Explicit
08-05 03:18:48.487 15957 15957 D PlaybackController: Releasing PlaybackController
08-05 03:18:48.510 15957 17659 I art     : Explicit concurrent mark sweep GC freed 285(14KB) AllocSpace objects, 0(0B) LOS objects, 23% free, 51MB/67MB, paused 1.313ms total 37.502ms
08-05 03:18:48.520 15957 17659 I art     : Starting a blocking GC Explicit
08-05 03:18:48.551 15957 17659 I art     : Explicit concurrent mark sweep GC freed 24(944B) AllocSpace objects, 1(112KB) LOS objects, 23% free, 51MB/67MB, paused 1.127ms total 31.203ms
08-05 03:18:48.561 15957 17659 I art     : Starting a blocking GC Explicit
08-05 03:18:48.568   512  2967 D audio_hw_primary: disable_audio_route: reset and update mixer path: low-latency-playback speaker
08-05 03:18:48.570   512  2967 D audio_hw_primary: disable_snd_device: snd_device(2: speaker)
08-05 03:18:48.578   512  2967 I soundtrigger: audio_extn_sound_trigger_update_device_status: device 0x2 of type 0 for Event 0
08-05 03:18:48.595 15957 17659 I art     : Explicit concurrent mark sweep GC freed 19(640B) AllocSpace objects, 0(0B) LOS objects, 23% free, 51MB/67MB, paused 1.226ms total 34.240ms
08-05 03:18:48.936 15957 16294 I art     : Starting a blocking GC Explicit
08-05 03:18:48.987 15957 16294 I art     : Explicit concurrent mark sweep GC freed 1384(81KB) AllocSpace objects, 1(20KB) LOS objects, 23% free, 51MB/67MB, paused 1.337ms total 50.804ms
08-05 03:18:49.001 15957 16294 I art     : Starting a blocking GC Explicit
08-05 03:18:49.039 15957 16294 I art     : Explicit concurrent mark sweep GC freed 23(752B) AllocSpace objects, 0(0B) LOS objects, 23% free, 51MB/67MB, paused 1.294ms total 37.626ms
08-05 03:18:49.049 15957 16294 I art     : Starting a blocking GC Explicit
08-05 03:18:49.087 15957 16294 I art     : Explicit concurrent mark sweep GC freed 3(96B) AllocSpace objects, 0(0B) LOS objects, 23% free, 51MB/67MB, paused 1.399ms total 37.634ms
08-05 03:18:49.098 15957 16294 I art     : Starting a blocking GC Explicit
08-05 03:18:49.135 15957 16294 I art     : Explicit concurrent mark sweep GC freed 3(96B) AllocSpace objects, 0(0B) LOS objects, 23% free, 51MB/67MB, paused 1.225ms total 37.109ms
08-05 03:18:49.146 15957 16294 I art     : Starting a blocking GC Explicit
08-05 03:18:49.184 15957 16294 I art     : Explicit concurrent mark sweep GC freed 3(96B) AllocSpace objects, 0(0B) LOS objects, 23% free, 51MB/67MB, paused 1.224ms total 37.619ms
08-05 03:18:49.502   518   646 I ThermalEngine: ACTION: GPU - Setting GPU[0] to 450000000
08-05 03:18:49.539 15957 15970 I art     : Starting a blocking GC Explicit
08-05 03:18:49.595 15957 15970 I art     : Explicit concurrent mark sweep GC freed 1410(81KB) AllocSpace objects, 1(20KB) LOS objects, 23% free, 51MB/67MB, paused 2.021ms total 55.215ms
08-05 03:18:49.595 15957 15968 I art     : WaitForGcToComplete blocked for 38.081ms for cause HeapTrim
08-05 03:18:49.611 15957 15970 I art     : Starting a blocking GC Explicit
08-05 03:18:49.658 15957 15970 I art     : Explicit concurrent mark sweep GC freed 23(752B) AllocSpace objects, 0(0B) LOS objects, 23% free, 51MB/67MB, paused 1.832ms total 46.443ms
08-05 03:18:49.672 15957 15970 I art     : Starting a blocking GC Explicit
08-05 03:18:49.722 15957 15970 I art     : Explicit concurrent mark sweep GC freed 3(96B) AllocSpace objects, 0(0B) LOS objects, 23% free, 51MB/67MB, paused 1.690ms total 50.195ms
08-05 03:18:49.736 15957 15970 I art     : Starting a blocking GC Explicit
08-05 03:18:49.787 15957 15970 I art     : Explicit concurrent mark sweep GC freed 3(96B) AllocSpace objects, 0(0B) LOS objects, 23% free, 51MB/67MB, paused 1.670ms total 50.009ms
08-05 03:18:49.805 15957 15970 I art     : Starting a blocking GC Explicit
08-05 03:18:49.854 15957 15970 I art     : Explicit concurrent mark sweep GC freed 8(256B) AllocSpace objects, 0(0B) LOS objects, 23% free, 51MB/67MB, paused 1.519ms total 49.460ms
08-05 03:18:50.250 15957 17659 I art     : Starting a blocking GC Explicit
08-05 03:18:50.309 15957 17659 I art     : Explicit concurrent mark sweep GC freed 1435(82KB) AllocSpace objects, 1(20KB) LOS objects, 23% free, 51MB/67MB, paused 1.976ms total 58.973ms
08-05 03:18:50.326 15957 17659 I art     : Starting a blocking GC Explicit
08-05 03:18:50.375 15957 17659 I art     : Explicit concurrent mark sweep GC freed 23(752B) AllocSpace objects, 0(0B) LOS objects, 23% free, 51MB/67MB, paused 1.666ms total 48.962ms
08-05 03:18:50.389 15957 17659 I art     : Starting a blocking GC Explicit
08-05 03:18:50.440 15957 17659 I art     : Explicit concurrent mark sweep GC freed 3(96B) AllocSpace objects, 0(0B) LOS objects, 23% free, 51MB/67MB, paused 1.709ms total 50.757ms
08-05 03:18:50.454 15957 17659 I art     : Starting a blocking GC Explicit
08-05 03:18:50.503 15957 17659 I art     : Explicit concurrent mark sweep GC freed 3(96B) AllocSpace objects, 0(0B) LOS objects, 23% free, 51MB/67MB, paused 1.646ms total 48.292ms
08-05 03:18:50.517 15957 17659 I art     : Starting a blocking GC Explicit
08-05 03:18:50.568 15957 17659 I art     : Explicit concurrent mark sweep GC freed 3(96B) AllocSpace objects, 0(0B) LOS objects, 23% free, 51MB/67MB, paused 1.758ms total 50.911ms
08-05 03:18:50.955 15957 16294 I art     : Starting a blocking GC Explicit
08-05 03:18:51.015 15957 16294 I art     : Explicit concurrent mark sweep GC freed 1381(81KB) AllocSpace objects, 1(20KB) LOS objects, 23% free, 51MB/67MB, paused 1.770ms total 59.774ms
08-05 03:18:51.031 15957 16294 I art     : Starting a blocking GC Explicit
08-05 03:18:51.084 15957 16294 I art     : Explicit concurrent mark sweep GC freed 23(752B) AllocSpace objects, 0(0B) LOS objects, 23% free, 51MB/67MB, paused 1.664ms total 53.010ms
08-05 03:18:51.102 15957 16294 I art     : Starting a blocking GC Explicit
08-05 03:18:51.151 15957 16294 I art     : Explicit concurrent mark sweep GC freed 3(96B) AllocSpace objects, 0(0B) LOS objects, 23% free, 51MB/67MB, paused 1.697ms total 48.874ms
08-05 03:18:51.165 15957 16294 I art     : Starting a blocking GC Explicit
08-05 03:18:51.215 15957 16294 I art     : Explicit concurrent mark sweep GC freed 32(880B) AllocSpace objects, 0(0B) LOS objects, 23% free, 51MB/67MB, paused 1.735ms total 49.653ms
08-05 03:18:51.229 15957 16294 I art     : Starting a blocking GC Explicit
08-05 03:18:51.279 15957 16294 I art     : Explicit concurrent mark sweep GC freed 3(96B) AllocSpace objects, 0(0B) LOS objects, 23% free, 51MB/67MB, paused 1.742ms total 49.543ms
08-05 03:18:51.507   518   646 I ThermalEngine: ACTION: GPU - Setting GPU[0] to 510000000
08-05 03:18:51.635 15957 15980 I art     : Starting a blocking GC Explicit
08-05 03:18:51.682 15957 15980 I art     : Explicit concurrent mark sweep GC freed 1382(83KB) AllocSpace objects, 1(20KB) LOS objects, 23% free, 51MB/67MB, paused 1.346ms total 46.974ms
08-05 03:18:51.695 15957 15980 I art     : Starting a blocking GC Explicit
08-05 03:18:51.731 15957 15980 I art     : Explicit concurrent mark sweep GC freed 23(752B) AllocSpace objects, 0(0B) LOS objects, 23% free, 51MB/67MB, paused 1.178ms total 36.394ms
08-05 03:18:51.742 15957 15980 I art     : Starting a blocking GC Explicit
08-05 03:18:51.780 15957 15980 I art     : Explicit concurrent mark sweep GC freed 3(96B) AllocSpace objects, 0(0B) LOS objects, 23% free, 51MB/67MB, paused 1.242ms total 37.458ms
08-05 03:18:51.790 15957 15980 I art     : Starting a blocking GC Explicit
08-05 03:18:51.829 15957 15980 I art     : Explicit concurrent mark sweep GC freed 3(96B) AllocSpace objects, 0(0B) LOS objects, 23% free, 51MB/67MB, paused 1.294ms total 38.120ms
08-05 03:18:51.840 15957 15980 I art     : Starting a blocking GC Explicit
08-05 03:18:51.877 15957 15980 I art     : Explicit concurrent mark sweep GC freed 3(96B) AllocSpace objects, 0(0B) LOS objects, 23% free, 51MB/67MB, paused 1.303ms total 37.264ms
08-05 03:18:52.241 15957 15969 I art     : Starting a blocking GC Explicit
08-05 03:18:52.279 15957 15969 I art     : Explicit concurrent mark sweep GC freed 1411(82KB) AllocSpace objects, 1(20KB) LOS objects, 23% free, 51MB/67MB, paused 1.308ms total 37.350ms
08-05 03:18:52.289 15957 15969 I art     : Starting a blocking GC Explicit
08-05 03:18:52.326 15957 15969 I art     : Explicit concurrent mark sweep GC freed 23(752B) AllocSpace objects, 0(0B) LOS objects, 23% free, 51MB/67MB, paused 1.195ms total 36.381ms
08-05 03:18:52.336 15957 15969 I art     : Starting a blocking GC Explicit
08-05 03:18:52.372 15957 15969 I art     : Explicit concurrent mark sweep GC freed 3(96B) AllocSpace objects, 0(0B) LOS objects, 23% free, 51MB/67MB, paused 1.207ms total 35.142ms
08-05 03:18:52.382 15957 15969 I art     : Starting a blocking GC Explicit
08-05 03:18:52.417 15957 15969 I art     : Explicit concurrent mark sweep GC freed 3(96B) AllocSpace objects, 0(0B) LOS objects, 23% free, 51MB/67MB, paused 1.286ms total 35.048ms
08-05 03:18:52.427 15957 15969 I art     : Starting a blocking GC Explicit
08-05 03:18:52.463 15957 15969 I art     : Explicit concurrent mark sweep GC freed 3(96B) AllocSpace objects, 0(0B) LOS objects, 23% free, 51MB/67MB, paused 1.207ms total 35.256ms
08-05 03:18:52.565 19520 19520 D AndroidRuntime: >>>>>> START com.android.internal.os.RuntimeInit uid 2000 <<<<<<
08-05 03:18:52.572 19520 19520 D AndroidRuntime: CheckJNI is OFF
08-05 03:18:52.611 19520 19520 D ICU     : No timezone override file found: /data/misc/zoneinfo/current/icu/icu_tzdata.dat
08-05 03:18:52.644 19520 19520 I Radio-JNI: register_android_hardware_Radio DONE
08-05 03:18:52.666 19520 19520 D AndroidRuntime: Calling main entry com.android.commands.input.Input
08-05 03:18:52.668 19520 19520 I Input   : injectKeyEvent: KeyEvent { action=ACTION_DOWN, keyCode=KEYCODE_BACK, scanCode=0, metaState=0, flags=0x0, repeatCount=0, eventTime=760749081, downTime=760749081, deviceId=-1, source=0x101 }
08-05 03:18:52.674 19520 19520 I Input   : injectKeyEvent: KeyEvent { action=ACTION_UP, keyCode=KEYCODE_BACK, scanCode=0, metaState=0, flags=0x0, repeatCount=0, eventTime=760749081, downTime=760749081, deviceId=-1, source=0x101 }
08-05 03:18:52.682 19520 19520 D AndroidRuntime: Shutting down VM
08-05 03:18:52.688 15957 15957 V PlaybackController: initServiceNotRunning()
08-05 03:18:52.688 15957 15957 D ExternalPlayerFragment: Loading media info
08-05 03:18:52.689 15957 16902 D ApOkHttpUrlLoader: buildLoadData() called with: model = [http://sixgun.org/files/linuxoutlaws.jpg], width = [224], height = [224]
08-05 03:18:52.690 15957 16708 D DBReader: getImageAuthentication() called with: imageUrl = [http://sixgun.org/files/linuxoutlaws.jpg]
08-05 03:18:52.693 15957 16708 D ApOkHttpUrlLoader: no credentials for 'http://sixgun.org/files/linuxoutlaws.jpg'
08-05 03:18:52.695 15957 15957 D UserPreferences: Using default data folder
08-05 03:18:52.697 15957 15986 D DBReader: getNavDrawerData() called with: 
08-05 03:18:52.710 15957 15986 D DBReader: getDownloadedItems() called
08-05 03:18:52.712 15957 15986 D DBReader: getFavoriteIDList() called
08-05 03:18:52.712 15957 15986 D DBReader: getQueueIDList() called
08-05 03:18:52.713 15957 15986 D DBReader: Extracting Feedlist
08-05 03:18:52.726 13866 13866 I GoogleInputMethodServic: GoogleInputMethodService.onFinishInput():3138 
08-05 03:18:52.726 15957 15957 D MainActivity: getLastNavFragment() -> AddFeedFragment
08-05 03:18:52.726 13866 13866 I GoogleInputMethodServic: GoogleInputMethodService.onStartInput():1808 
08-05 03:18:52.793 15957 17659 I art     : Starting a blocking GC Explicit
08-05 03:18:52.826 15957 17659 I art     : Explicit concurrent mark sweep GC freed 2884(174KB) AllocSpace objects, 1(20KB) LOS objects, 23% free, 51MB/67MB, paused 1.140ms total 32.179ms
08-05 03:18:52.836 15957 17659 I art     : Starting a blocking GC Explicit
08-05 03:18:52.840 15957 16708 D DBWriter: updateFeedDownloadURL(original: http://sixgun.org/files/linuxoutlaws.jpg, updated: https://fab.industries/sixgun/files/linuxoutlaws.jpg)
08-05 03:18:52.875 15957 17659 I art     : Explicit concurrent mark sweep GC freed 694(37KB) AllocSpace objects, 0(0B) LOS objects, 23% free, 51MB/67MB, paused 1.298ms total 38.045ms
08-05 03:18:52.886 15957 17659 I art     : Starting a blocking GC Explicit
08-05 03:18:52.932 15957 17659 I art     : Explicit concurrent mark sweep GC freed 19(784B) AllocSpace objects, 0(0B) LOS objects, 23% free, 51MB/67MB, paused 1.236ms total 46.179ms
08-05 03:18:52.946 15957 17659 I art     : Starting a blocking GC Explicit
08-05 03:18:52.984 15957 16708 D MYTAG   : interceptor 2a
08-05 03:18:52.985 15957 16708 I NAPPA_EXPERIMENTATION: MetricNetworkRequestExecutionTime: REQUEST_DURATION_SYSTEM='291',REQUEST_DURATION_OKHTTP='141',REQUEST_SYNCHRONOUS='TRUE',RESPONSE_CODE='404',RESPONSE_METHOD='GET',RESPONSE_LENGTH_OKHTTP='-1',RESPONSE_LENGTH_HEADER='1503',REQUEST_PROTOCOL='h2',REQUEST_URL='https://fab.industries/sixgun/files/linuxoutlaws.jpg',
08-05 03:18:52.986 15957 15957 W Glide   : Load failed for http://sixgun.org/files/linuxoutlaws.jpg with size [224x224]
08-05 03:18:52.986 15957 15957 W Glide   : class com.bumptech.glide.load.engine.GlideException: Failed to load resource
08-05 03:18:52.986 15957 15957 W Glide   : There was 1 cause:
08-05 03:18:52.986 15957 15957 W Glide   : com.bumptech.glide.load.HttpException()
08-05 03:18:52.986 15957 15957 W Glide   :  call GlideException#logRootCauses(String) for more detail
08-05 03:18:52.986 15957 15957 W Glide   :   Cause (1 of 1): class com.bumptech.glide.load.engine.GlideException: Fetching data failed, class java.io.InputStream, REMOTE
08-05 03:18:52.986 15957 15957 W Glide   : There was 1 cause:
08-05 03:18:52.986 15957 15957 W Glide   : com.bumptech.glide.load.HttpException()
08-05 03:18:52.986 15957 15957 W Glide   :  call GlideException#logRootCauses(String) for more detail
08-05 03:18:52.986 15957 15957 W Glide   :     Cause (1 of 1): class com.bumptech.glide.load.HttpException: 
08-05 03:18:52.986 15957 15957 I Glide   : Root cause (1 of 1)
08-05 03:18:52.986 15957 15957 I Glide   : com.bumptech.glide.load.HttpException: 
08-05 03:18:52.986 15957 15957 I Glide   : 	at com.bumptech.glide.integration.okhttp3.OkHttpStreamFetcher.onResponse(OkHttpStreamFetcher.java:73)
08-05 03:18:52.986 15957 15957 I Glide   : 	at okhttp3.RealCall$AsyncCall.execute(RealCall.java:174)
08-05 03:18:52.986 15957 15957 I Glide   : 	at okhttp3.internal.NamedRunnable.run(NamedRunnable.java:32)
08-05 03:18:52.986 15957 15957 I Glide   : 	at java.util.concurrent.ThreadPoolExecutor.runWorker(ThreadPoolExecutor.java:1113)
08-05 03:18:52.986 15957 15957 I Glide   : 	at java.util.concurrent.ThreadPoolExecutor$Worker.run(ThreadPoolExecutor.java:588)
08-05 03:18:52.986 15957 15957 I Glide   : 	at java.lang.Thread.run(Thread.java:818)
08-05 03:18:52.987 15957 15957 W Glide   : Load failed for http://sixgun.org/files/linuxoutlaws.jpg with size [224x224]
08-05 03:18:52.987 15957 15957 W Glide   : class com.bumptech.glide.load.engine.GlideException: Failed to load resource
08-05 03:18:52.987 15957 15957 W Glide   : There was 1 cause:
08-05 03:18:52.987 15957 15957 W Glide   : com.bumptech.glide.load.HttpException()
08-05 03:18:52.987 15957 15957 W Glide   :  call GlideException#logRootCauses(String) for more detail
08-05 03:18:52.987 15957 15957 W Glide   :   Cause (1 of 1): class com.bumptech.glide.load.engine.GlideException: Fetching data failed, class java.io.InputStream, REMOTE
08-05 03:18:52.987 15957 15957 W Glide   : There was 1 cause:
08-05 03:18:52.987 15957 15957 W Glide   : com.bumptech.glide.load.HttpException()
08-05 03:18:52.987 15957 15957 W Glide   :  call GlideException#logRootCauses(String) for more detail
08-05 03:18:52.987 15957 15957 W Glide   :     Cause (1 of 1): class com.bumptech.glide.load.HttpException: 
08-05 03:18:52.987 15957 15957 I Glide   : Root cause (1 of 1)
08-05 03:18:52.987 15957 15957 I Glide   : com.bumptech.glide.load.HttpException: 
08-05 03:18:52.987 15957 15957 I Glide   : 	at com.bumptech.glide.integration.okhttp3.OkHttpStreamFetcher.onResponse(OkHttpStreamFetcher.java:73)
08-05 03:18:52.987 15957 15957 I Glide   : 	at okhttp3.RealCall$AsyncCall.execute(RealCall.java:174)
08-05 03:18:52.987 15957 15957 I Glide   : 	at okhttp3.internal.NamedRunnable.run(NamedRunnable.java:32)
08-05 03:18:52.987 15957 15957 I Glide   : 	at java.util.concurrent.ThreadPoolExecutor.runWorker(ThreadPoolExecutor.java:1113)
08-05 03:18:52.987 15957 15957 I Glide   : 	at java.util.concurrent.ThreadPoolExecutor$Worker.run(ThreadPoolExecutor.java:588)
08-05 03:18:52.987 15957 15957 I Glide   : 	at java.lang.Thread.run(Thread.java:818)
08-05 03:18:52.992 15957 17659 I art     : Explicit concurrent mark sweep GC freed 346(65KB) AllocSpace objects, 0(0B) LOS objects, 23% free, 51MB/67MB, paused 2.337ms total 45.579ms
08-05 03:18:53.004 15957 17659 I art     : Starting a blocking GC Explicit
08-05 03:18:53.018   380   380 W SurfaceFlinger: couldn't log to binary event log: overflow.
08-05 03:18:53.042 15957 17659 I art     : Explicit concurrent mark sweep GC freed 740(31KB) AllocSpace objects, 0(0B) LOS objects, 23% free, 51MB/67MB, paused 1.090ms total 37.720ms
08-05 03:18:53.371 15957 15969 I art     : Starting a blocking GC Explicit
08-05 03:18:53.419 15957 15969 I art     : Explicit concurrent mark sweep GC freed 1514(87KB) AllocSpace objects, 1(20KB) LOS objects, 23% free, 51MB/67MB, paused 1.408ms total 47.361ms
08-05 03:18:53.432 15957 15969 I art     : Starting a blocking GC Explicit
08-05 03:18:53.470 15957 15969 I art     : Explicit concurrent mark sweep GC freed 2877(236KB) AllocSpace objects, 1(28KB) LOS objects, 23% free, 50MB/66MB, paused 1.489ms total 37.455ms
08-05 03:18:53.481 15957 15969 I art     : Starting a blocking GC Explicit
08-05 03:18:53.517 15957 15969 I art     : Explicit concurrent mark sweep GC freed 3(96B) AllocSpace objects, 0(0B) LOS objects, 23% free, 50MB/66MB, paused 1.371ms total 36.435ms
08-05 03:18:53.528 15957 15969 I art     : Starting a blocking GC Explicit
08-05 03:18:53.564 15957 15969 I art     : Explicit concurrent mark sweep GC freed 3(96B) AllocSpace objects, 0(0B) LOS objects, 23% free, 50MB/66MB, paused 1.247ms total 35.870ms
08-05 03:18:53.575 15957 15969 I art     : Starting a blocking GC Explicit
08-05 03:18:53.612 15957 15969 I art     : Explicit concurrent mark sweep GC freed 3(96B) AllocSpace objects, 0(0B) LOS objects, 23% free, 50MB/66MB, paused 1.409ms total 37.606ms
08-05 03:18:53.959 15957 15980 I art     : Starting a blocking GC Explicit
08-05 03:18:53.995 15957 15980 I art     : Explicit concurrent mark sweep GC freed 1383(81KB) AllocSpace objects, 1(20KB) LOS objects, 23% free, 50MB/66MB, paused 1.292ms total 36.166ms
08-05 03:18:54.006 15957 15980 I art     : Starting a blocking GC Explicit
08-05 03:18:54.040 15957 15980 I art     : Explicit concurrent mark sweep GC freed 23(752B) AllocSpace objects, 0(0B) LOS objects, 23% free, 50MB/66MB, paused 1.278ms total 34.075ms
08-05 03:18:54.050 15957 15980 I art     : Starting a blocking GC Explicit
08-05 03:18:54.084 15957 15980 I art     : Explicit concurrent mark sweep GC freed 3(96B) AllocSpace objects, 0(0B) LOS objects, 23% free, 50MB/66MB, paused 1.209ms total 34.088ms
08-05 03:18:54.094 15957 15980 I art     : Starting a blocking GC Explicit
08-05 03:18:54.128 15957 15980 I art     : Explicit concurrent mark sweep GC freed 3(96B) AllocSpace objects, 0(0B) LOS objects, 23% free, 50MB/66MB, paused 1.255ms total 33.740ms
08-05 03:18:54.139 15957 15980 I art     : Starting a blocking GC Explicit
08-05 03:18:54.173 15957 15980 I art     : Explicit concurrent mark sweep GC freed 3(96B) AllocSpace objects, 0(0B) LOS objects, 23% free, 50MB/66MB, paused 1.230ms total 33.916ms
08-05 03:18:54.347 19564 19564 D AndroidRuntime: >>>>>> START com.android.internal.os.RuntimeInit uid 2000 <<<<<<
08-05 03:18:54.352 19564 19564 D AndroidRuntime: CheckJNI is OFF
08-05 03:18:54.384 19564 19564 D ICU     : No timezone override file found: /data/misc/zoneinfo/current/icu/icu_tzdata.dat
08-05 03:18:54.414 19564 19564 I Radio-JNI: register_android_hardware_Radio DONE
08-05 03:18:54.435 19564 19564 D AndroidRuntime: Calling main entry com.android.commands.input.Input
08-05 03:18:54.436 19564 19564 I Input   : injectKeyEvent: KeyEvent { action=ACTION_DOWN, keyCode=KEYCODE_BACK, scanCode=0, metaState=0, flags=0x0, repeatCount=0, eventTime=760750849, downTime=760750849, deviceId=-1, source=0x101 }
08-05 03:18:54.445 19564 19564 I Input   : injectKeyEvent: KeyEvent { action=ACTION_UP, keyCode=KEYCODE_BACK, scanCode=0, metaState=0, flags=0x0, repeatCount=0, eventTime=760750849, downTime=760750849, deviceId=-1, source=0x101 }
08-05 03:18:54.461 19564 19564 D AndroidRuntime: Shutting down VM
08-05 03:18:54.521 15957 15970 I art     : Starting a blocking GC Explicit
08-05 03:18:54.559 15957 15970 I art     : Explicit concurrent mark sweep GC freed 3628(173KB) AllocSpace objects, 1(20KB) LOS objects, 23% free, 50MB/66MB, paused 1.330ms total 37.710ms
08-05 03:18:54.569 15957 15970 I art     : Starting a blocking GC Explicit
08-05 03:18:54.604 15957 15970 I art     : Explicit concurrent mark sweep GC freed 5361(395KB) AllocSpace objects, 9(1620KB) LOS objects, 24% free, 48MB/64MB, paused 1.166ms total 34.396ms
08-05 03:18:54.614 15957 15970 I art     : Starting a blocking GC Explicit
08-05 03:18:54.648 15957 15970 I art     : Explicit concurrent mark sweep GC freed 3(96B) AllocSpace objects, 0(0B) LOS objects, 24% free, 48MB/64MB, paused 1.256ms total 33.727ms
08-05 03:18:54.658 15957 15970 I art     : Starting a blocking GC Explicit
08-05 03:18:54.693 15957 15970 I art     : Explicit concurrent mark sweep GC freed 3(96B) AllocSpace objects, 0(0B) LOS objects, 24% free, 48MB/64MB, paused 1.252ms total 34.128ms
08-05 03:18:54.693 15957 15968 I art     : WaitForGcToComplete blocked for 31.973ms for cause HeapTrim
08-05 03:18:54.704 15957 15970 I art     : Starting a blocking GC Explicit
08-05 03:18:54.737 15957 15970 I art     : Explicit concurrent mark sweep GC freed 3(96B) AllocSpace objects, 0(0B) LOS objects, 24% free, 48MB/64MB, paused 1.215ms total 32.963ms
08-05 03:18:55.045 15957 16294 I art     : Starting a blocking GC Explicit
08-05 03:18:55.088 15957 16294 I art     : Explicit concurrent mark sweep GC freed 1382(82KB) AllocSpace objects, 1(20KB) LOS objects, 24% free, 48MB/64MB, paused 1.371ms total 43.047ms
08-05 03:18:55.103 15957 16294 I art     : Starting a blocking GC Explicit
08-05 03:18:55.138 15957 16294 I art     : Explicit concurrent mark sweep GC freed 23(752B) AllocSpace objects, 0(0B) LOS objects, 24% free, 48MB/64MB, paused 1.353ms total 34.723ms
08-05 03:18:55.148 15957 16294 I art     : Starting a blocking GC Explicit
08-05 03:18:55.182 15957 16294 I art     : Explicit concurrent mark sweep GC freed 3(96B) AllocSpace objects, 0(0B) LOS objects, 24% free, 48MB/64MB, paused 1.184ms total 33.953ms
08-05 03:18:55.192 15957 16294 I art     : Starting a blocking GC Explicit
08-05 03:18:55.227 15957 16294 I art     : Explicit concurrent mark sweep GC freed 32(880B) AllocSpace objects, 0(0B) LOS objects, 24% free, 48MB/64MB, paused 1.235ms total 34.374ms
08-05 03:18:55.237 15957 16294 I art     : Starting a blocking GC Explicit
08-05 03:18:55.271 15957 16294 I art     : Explicit concurrent mark sweep GC freed 3(96B) AllocSpace objects, 0(0B) LOS objects, 24% free, 48MB/64MB, paused 1.199ms total 33.865ms
08-05 03:18:55.621 15957 17659 I art     : Starting a blocking GC Explicit
08-05 03:18:55.664 15957 17659 I art     : Explicit concurrent mark sweep GC freed 1381(82KB) AllocSpace objects, 1(20KB) LOS objects, 24% free, 48MB/64MB, paused 1.296ms total 42.611ms
08-05 03:18:55.678 15957 17659 I art     : Starting a blocking GC Explicit
08-05 03:18:55.711 15957 17659 I art     : Explicit concurrent mark sweep GC freed 23(752B) AllocSpace objects, 0(0B) LOS objects, 24% free, 48MB/64MB, paused 1.123ms total 33.468ms
08-05 03:18:55.721 15957 17659 I art     : Starting a blocking GC Explicit
08-05 03:18:55.753 15957 17659 I art     : Explicit concurrent mark sweep GC freed 3(96B) AllocSpace objects, 0(0B) LOS objects, 24% free, 48MB/64MB, paused 1.176ms total 31.855ms
08-05 03:18:55.763 15957 17659 I art     : Starting a blocking GC Explicit
08-05 03:18:55.795 15957 17659 I art     : Explicit concurrent mark sweep GC freed 3(96B) AllocSpace objects, 0(0B) LOS objects, 24% free, 48MB/64MB, paused 1.276ms total 31.643ms
08-05 03:18:55.805 15957 17659 I art     : Starting a blocking GC Explicit
08-05 03:18:55.837 15957 17659 I art     : Explicit concurrent mark sweep GC freed 3(96B) AllocSpace objects, 0(0B) LOS objects, 24% free, 48MB/64MB, paused 1.165ms total 31.981ms
08-05 03:18:55.989  9999  9999 I Atfwd_Sendcmd: AtCmdFwd service not ready - Exhausted retry attempts - :6
08-05 03:18:55.989  9999  9999 I Atfwd_Daemon: result : -1 	 ,Init step :2 	 ,qmiErrorCode: 0
08-05 03:18:56.103 19608 19608 D AndroidRuntime: >>>>>> START com.android.internal.os.RuntimeInit uid 2000 <<<<<<
08-05 03:18:56.107 19608 19608 D AndroidRuntime: CheckJNI is OFF
08-05 03:18:56.141 19608 19608 D ICU     : No timezone override file found: /data/misc/zoneinfo/current/icu/icu_tzdata.dat
08-05 03:18:56.161 15957 15969 I art     : Starting a blocking GC Explicit
08-05 03:18:56.175 19608 19608 I Radio-JNI: register_android_hardware_Radio DONE
08-05 03:18:56.194 15957 15969 I art     : Explicit concurrent mark sweep GC freed 1397(83KB) AllocSpace objects, 1(20KB) LOS objects, 24% free, 48MB/64MB, paused 1.090ms total 33.073ms
08-05 03:18:56.199 19608 19608 D AndroidRuntime: Calling main entry com.android.commands.input.Input
08-05 03:18:56.201 19608 19608 I Input   : injectMotionEvent: MotionEvent { action=ACTION_DOWN, actionButton=0, id[0]=0, x[0]=603.0, y[0]=1061.0, toolType[0]=TOOL_TYPE_UNKNOWN, buttonState=0, metaState=0, flags=0x0, edgeFlags=0x0, pointerCount=1, historySize=0, eventTime=760752613, downTime=760752613, deviceId=0, source=0x1002 }
08-05 03:18:56.205 15957 15969 I art     : Starting a blocking GC Explicit
08-05 03:18:56.208 19608 19608 I Input   : injectMotionEvent: MotionEvent { action=ACTION_UP, actionButton=0, id[0]=0, x[0]=603.0, y[0]=1061.0, toolType[0]=TOOL_TYPE_UNKNOWN, buttonState=0, metaState=0, flags=0x0, edgeFlags=0x0, pointerCount=1, historySize=0, eventTime=760752613, downTime=760752613, deviceId=0, source=0x1002 }
08-05 03:18:56.211 19608 19608 D AndroidRuntime: Shutting down VM
08-05 03:18:56.227   512  2967 D audio_hw_primary: out_set_parameters: enter: usecase(1: low-latency-playback) kvpairs: routing=2
08-05 03:18:56.238 15957 15969 I art     : Explicit concurrent mark sweep GC freed 164(6KB) AllocSpace objects, 0(0B) LOS objects, 24% free, 49MB/65MB, paused 1.233ms total 32.295ms
08-05 03:18:56.240   512  2967 D audio_hw_primary: select_devices: out_snd_device(2: speaker) in_snd_device(0: none)
08-05 03:18:56.240   512  2967 D msm8974_platform: platform_send_audio_calibration: sending audio calibration for snd_device(2) acdb_id(15)
08-05 03:18:56.241   512  2967 I soundtrigger: audio_extn_sound_trigger_update_device_status: device 0x2 of type 0 for Event 1
08-05 03:18:56.248 15957 15969 I art     : Starting a blocking GC Explicit
08-05 03:18:56.251   512  2967 D audio_hw_primary: enable_snd_device: snd_device(2: speaker)
08-05 03:18:56.253   512  2967 D audio_hw_primary: enable_audio_route: apply and update mixer path: low-latency-playback speaker
08-05 03:18:56.280 15957 15969 I art     : Explicit concurrent mark sweep GC freed 1623(69KB) AllocSpace objects, 0(0B) LOS objects, 24% free, 49MB/65MB, paused 1.599ms total 31.514ms
08-05 03:18:56.289 15957 15969 I art     : Starting a blocking GC Explicit
08-05 03:18:56.324 15957 18598 I NAPPA_EXPERIMENTATION: MetricNetworkRequestExecutionTime: REQUEST_DURATION_SYSTEM='59',REQUEST_DURATION_OKHTTP='59',REQUEST_SYNCHRONOUS='TRUE',RESPONSE_CODE='200',RESPONSE_METHOD='GET',RESPONSE_LENGTH_OKHTTP='2923',RESPONSE_LENGTH_HEADER='2923',REQUEST_PROTOCOL='http/1.1',REQUEST_URL='https://gpodder.net/api/2/tags/50.json',
08-05 03:18:56.324 15957 15969 I art     : Explicit concurrent mark sweep GC freed 2737(123KB) AllocSpace objects, 1(220KB) LOS objects, 24% free, 49MB/65MB, paused 1.359ms total 34.494ms
08-05 03:18:56.333 15957 15969 I art     : Starting a blocking GC Explicit
08-05 03:18:56.359 15957 19631 I NAPPA_EXPERIMENTATION: MetricNetworkRequestExecutionTime: REQUEST_DURATION_SYSTEM='99',REQUEST_DURATION_OKHTTP='98',REQUEST_SYNCHRONOUS='TRUE',RESPONSE_CODE='200',RESPONSE_METHOD='GET',RESPONSE_LENGTH_OKHTTP='37507',RESPONSE_LENGTH_HEADER='37507',REQUEST_PROTOCOL='http/1.1',REQUEST_URL='https://gpodder.net/toplist/50.json',
08-05 03:18:56.365 15957 15969 I art     : Explicit concurrent mark sweep GC freed 1493(103KB) AllocSpace objects, 0(0B) LOS objects, 24% free, 49MB/65MB, paused 1.605ms total 31.792ms
08-05 03:18:56.392 15957 16902 D ApOkHttpUrlLoader: buildLoadData() called with: model = [http://sixgun.org/files/linuxoutlaws.jpg], width = [224], height = [224]
08-05 03:18:56.393 15957 16708 D DBReader: getImageAuthentication() called with: imageUrl = [http://sixgun.org/files/linuxoutlaws.jpg]
08-05 03:18:56.395 15957 16708 D ApOkHttpUrlLoader: no credentials for 'http://sixgun.org/files/linuxoutlaws.jpg'
08-05 03:18:56.398 15957 16902 D ApOkHttpUrlLoader: buildLoadData() called with: model = [https://files.thisamericanlife.org/sites/all/themes/thislife/img/tal-name-1400x1400.png], width = [224], height = [224]
08-05 03:18:56.401 15957 16902 D ApOkHttpUrlLoader: buildLoadData() called with: model = [https://elroy.twit.tv/sites/default/files/styles/twit_album_art_2048x2048/public/images/shows/floss_weekly/album_art/audio/floss_albumart_mask.jpg?itok=IUjxKpwt], width = [224], height = [224]
08-05 03:18:56.405 15957 16902 D ApOkHttpUrlLoader: buildLoadData() called with: model = [http://ichef.bbci.co.uk/images/ic/3000x3000/p07kfvzb.jpg], width = [224], height = [224]
08-05 03:18:56.408 15957 16902 D ApOkHttpUrlLoader: buildLoadData() called with: model = [https://pl.tedcdn.com/rss_feed_images/ted_talks_main_podcast/video.png], width = [224], height = [224]
08-05 03:18:56.411 15957 16902 D ApOkHttpUrlLoader: buildLoadData() called with: model = [https://elroy.twit.tv/sites/default/files/styles/twit_album_art_2048x2048/public/images/shows/this_week_in_tech/album_art/audio/twit1400audio.jpg?itok=J0vhatZb], width = [224], height = [224]
08-05 03:18:56.415 15957 16902 D ApOkHttpUrlLoader: buildLoadData() called with: model = [http://ichef.bbci.co.uk/images/ic/3000x3000/p03gtk3j.jpg], width = [224], height = [224]
08-05 03:18:56.429 15957 16708 D DBWriter: updateFeedDownloadURL(original: http://sixgun.org/files/linuxoutlaws.jpg, updated: https://fab.industries/sixgun/files/linuxoutlaws.jpg)
08-05 03:18:56.578 15957 16708 D MYTAG   : interceptor 2a
08-05 03:18:56.578 15957 16708 I NAPPA_EXPERIMENTATION: MetricNetworkRequestExecutionTime: REQUEST_DURATION_SYSTEM='183',REQUEST_DURATION_OKHTTP='146',REQUEST_SYNCHRONOUS='TRUE',RESPONSE_CODE='404',RESPONSE_METHOD='GET',RESPONSE_LENGTH_OKHTTP='-1',RESPONSE_LENGTH_HEADER='1503',REQUEST_PROTOCOL='h2',REQUEST_URL='https://fab.industries/sixgun/files/linuxoutlaws.jpg',
08-05 03:18:56.592 15957 15957 W Glide   : Load failed for http://sixgun.org/files/linuxoutlaws.jpg with size [224x224]
08-05 03:18:56.592 15957 15957 W Glide   : class com.bumptech.glide.load.engine.GlideException: Failed to load resource
08-05 03:18:56.592 15957 15957 W Glide   : There was 1 cause:
08-05 03:18:56.592 15957 15957 W Glide   : com.bumptech.glide.load.HttpException()
08-05 03:18:56.592 15957 15957 W Glide   :  call GlideException#logRootCauses(String) for more detail
08-05 03:18:56.592 15957 15957 W Glide   :   Cause (1 of 1): class com.bumptech.glide.load.engine.GlideException: Fetching data failed, class java.io.InputStream, REMOTE
08-05 03:18:56.592 15957 15957 W Glide   : There was 1 cause:
08-05 03:18:56.592 15957 15957 W Glide   : com.bumptech.glide.load.HttpException()
08-05 03:18:56.592 15957 15957 W Glide   :  call GlideException#logRootCauses(String) for more detail
08-05 03:18:56.592 15957 15957 W Glide   :     Cause (1 of 1): class com.bumptech.glide.load.HttpException: 
08-05 03:18:56.592 15957 15957 I Glide   : Root cause (1 of 1)
08-05 03:18:56.592 15957 15957 I Glide   : com.bumptech.glide.load.HttpException: 
08-05 03:18:56.592 15957 15957 I Glide   : 	at com.bumptech.glide.integration.okhttp3.OkHttpStreamFetcher.onResponse(OkHttpStreamFetcher.java:73)
08-05 03:18:56.592 15957 15957 I Glide   : 	at okhttp3.RealCall$AsyncCall.execute(RealCall.java:174)
08-05 03:18:56.592 15957 15957 I Glide   : 	at okhttp3.internal.NamedRunnable.run(NamedRunnable.java:32)
08-05 03:18:56.592 15957 15957 I Glide   : 	at java.util.concurrent.ThreadPoolExecutor.runWorker(ThreadPoolExecutor.java:1113)
08-05 03:18:56.592 15957 15957 I Glide   : 	at java.util.concurrent.ThreadPoolExecutor$Worker.run(ThreadPoolExecutor.java:588)
08-05 03:18:56.592 15957 15957 I Glide   : 	at java.lang.Thread.run(Thread.java:818)
08-05 03:18:56.593 15957 15957 W Glide   : Load failed for http://sixgun.org/files/linuxoutlaws.jpg with size [224x224]
08-05 03:18:56.593 15957 15957 W Glide   : class com.bumptech.glide.load.engine.GlideException: Failed to load resource
08-05 03:18:56.593 15957 15957 W Glide   : There was 1 cause:
08-05 03:18:56.593 15957 15957 W Glide   : com.bumptech.glide.load.HttpException()
08-05 03:18:56.593 15957 15957 W Glide   :  call GlideException#logRootCauses(String) for more detail
08-05 03:18:56.593 15957 15957 W Glide   :   Cause (1 of 1): class com.bumptech.glide.load.engine.GlideException: Fetching data failed, class java.io.InputStream, REMOTE
08-05 03:18:56.593 15957 15957 W Glide   : There was 1 cause:
08-05 03:18:56.593 15957 15957 W Glide   : com.bumptech.glide.load.HttpException()
08-05 03:18:56.593 15957 15957 W Glide   :  call GlideException#logRootCauses(String) for more detail
08-05 03:18:56.593 15957 15957 W Glide   :     Cause (1 of 1): class com.bumptech.glide.load.HttpException: 
08-05 03:18:56.593 15957 15957 I Glide   : Root cause (1 of 1)
08-05 03:18:56.593 15957 15957 I Glide   : com.bumptech.glide.load.HttpException: 
08-05 03:18:56.593 15957 15957 I Glide   : 	at com.bumptech.glide.integration.okhttp3.OkHttpStreamFetcher.onResponse(OkHttpStreamFetcher.java:73)
08-05 03:18:56.593 15957 15957 I Glide   : 	at okhttp3.RealCall$AsyncCall.execute(RealCall.java:174)
08-05 03:18:56.593 15957 15957 I Glide   : 	at okhttp3.internal.NamedRunnable.run(NamedRunnable.java:32)
08-05 03:18:56.593 15957 15957 I Glide   : 	at java.util.concurrent.ThreadPoolExecutor.runWorker(ThreadPoolExecutor.java:1113)
08-05 03:18:56.593 15957 15957 I Glide   : 	at java.util.concurrent.ThreadPoolExecutor$Worker.run(ThreadPoolExecutor.java:588)
08-05 03:18:56.593 15957 15957 I Glide   : 	at java.lang.Thread.run(Thread.java:818)
08-05 03:18:56.646 15957 17659 I art     : Starting a blocking GC Explicit
08-05 03:18:56.683 15957 17659 I art     : Explicit concurrent mark sweep GC freed 7080(494KB) AllocSpace objects, 4(212KB) LOS objects, 23% free, 50MB/66MB, paused 1.069ms total 36.675ms
08-05 03:18:56.694 15957 17659 I art     : Starting a blocking GC Explicit
08-05 03:18:56.728 15957 17659 I art     : Explicit concurrent mark sweep GC freed 201(7KB) AllocSpace objects, 0(0B) LOS objects, 23% free, 50MB/66MB, paused 1.129ms total 33.099ms
08-05 03:18:56.737 15957 17659 I art     : Starting a blocking GC Explicit
08-05 03:18:56.769 15957 17659 I art     : Explicit concurrent mark sweep GC freed 3(96B) AllocSpace objects, 0(0B) LOS objects, 23% free, 50MB/66MB, paused 1.243ms total 31.745ms
08-05 03:18:56.779 15957 17659 I art     : Starting a blocking GC Explicit
08-05 03:18:56.798   512  2967 D audio_hw_primary: disable_audio_route: reset and update mixer path: low-latency-playback speaker
08-05 03:18:56.800   512  2967 D audio_hw_primary: disable_snd_device: snd_device(2: speaker)
08-05 03:18:56.810   512  2967 I soundtrigger: audio_extn_sound_trigger_update_device_status: device 0x2 of type 0 for Event 0
08-05 03:18:56.813 15957 17659 I art     : Explicit concurrent mark sweep GC freed 3(96B) AllocSpace objects, 0(0B) LOS objects, 23% free, 50MB/66MB, paused 1.082ms total 33.366ms
08-05 03:18:56.823 15957 17659 I art     : Starting a blocking GC Explicit
08-05 03:18:56.856 15957 17659 I art     : Explicit concurrent mark sweep GC freed 20(688B) AllocSpace objects, 0(0B) LOS objects, 23% free, 50MB/66MB, paused 1.150ms total 32.422ms
08-05 03:18:57.199 15957 15969 I art     : Starting a blocking GC Explicit
08-05 03:18:57.245 15957 15969 I art     : Explicit concurrent mark sweep GC freed 1410(81KB) AllocSpace objects, 1(20KB) LOS objects, 23% free, 50MB/66MB, paused 1.321ms total 45.557ms
08-05 03:18:57.256 15957 15969 I art     : Starting a blocking GC Explicit
08-05 03:18:57.293 15957 15969 I art     : Explicit concurrent mark sweep GC freed 23(752B) AllocSpace objects, 0(0B) LOS objects, 23% free, 50MB/66MB, paused 1.196ms total 36.135ms
08-05 03:18:57.303 15957 15969 I art     : Starting a blocking GC Explicit
08-05 03:18:57.339 15957 15969 I art     : Explicit concurrent mark sweep GC freed 3(96B) AllocSpace objects, 0(0B) LOS objects, 23% free, 50MB/66MB, paused 1.219ms total 35.856ms
08-05 03:18:57.350 15957 15969 I art     : Starting a blocking GC Explicit
08-05 03:18:57.387 15957 15969 I art     : Explicit concurrent mark sweep GC freed 3(96B) AllocSpace objects, 0(0B) LOS objects, 23% free, 50MB/66MB, paused 1.224ms total 36.532ms
08-05 03:18:57.397 15957 15969 I art     : Starting a blocking GC Explicit
08-05 03:18:57.434 15957 15969 I art     : Explicit concurrent mark sweep GC freed 3(96B) AllocSpace objects, 0(0B) LOS objects, 23% free, 50MB/66MB, paused 1.218ms total 36.369ms
08-05 03:18:57.519   518   646 I ThermalEngine: ACTION: GPU - Setting GPU[0] to 450000000
08-05 03:18:57.783 15957 15970 I art     : Starting a blocking GC Explicit
08-05 03:18:57.843 15957 15970 I art     : Explicit concurrent mark sweep GC freed 1381(81KB) AllocSpace objects, 1(20KB) LOS objects, 23% free, 50MB/66MB, paused 1.757ms total 58.890ms
08-05 03:18:57.858 15957 15970 I art     : Starting a blocking GC Explicit
08-05 03:18:57.907 15957 15970 I art     : Explicit concurrent mark sweep GC freed 23(752B) AllocSpace objects, 0(0B) LOS objects, 23% free, 50MB/66MB, paused 1.630ms total 48.720ms
08-05 03:18:57.921 15957 15970 I art     : Starting a blocking GC Explicit
08-05 03:18:57.967 15957 15970 I art     : Explicit concurrent mark sweep GC freed 3(96B) AllocSpace objects, 0(0B) LOS objects, 23% free, 50MB/66MB, paused 1.642ms total 46.061ms
08-05 03:18:57.981 15957 15970 I art     : Starting a blocking GC Explicit
08-05 03:18:58.030 15957 15970 I art     : Explicit concurrent mark sweep GC freed 11(352B) AllocSpace objects, 0(0B) LOS objects, 23% free, 50MB/66MB, paused 2.028ms total 49.457ms
08-05 03:18:58.043 15957 15970 I art     : Starting a blocking GC Explicit
08-05 03:18:58.085 15957 15970 I art     : Explicit concurrent mark sweep GC freed 19(608B) AllocSpace objects, 0(0B) LOS objects, 23% free, 50MB/66MB, paused 1.560ms total 41.285ms
08-05 03:18:58.456 15957 16294 I art     : Starting a blocking GC Explicit
08-05 03:18:58.512 15957 16294 I art     : Explicit concurrent mark sweep GC freed 1457(83KB) AllocSpace objects, 1(20KB) LOS objects, 23% free, 50MB/66MB, paused 1.801ms total 55.710ms
08-05 03:18:58.529 15957 16294 I art     : Starting a blocking GC Explicit
08-05 03:18:58.575 15957 16294 I art     : Explicit concurrent mark sweep GC freed 23(752B) AllocSpace objects, 0(0B) LOS objects, 23% free, 50MB/66MB, paused 1.616ms total 45.658ms
08-05 03:18:58.588 15957 16294 I art     : Starting a blocking GC Explicit
08-05 03:18:58.637 15957 16294 I art     : Explicit concurrent mark sweep GC freed 3(96B) AllocSpace objects, 0(0B) LOS objects, 23% free, 50MB/66MB, paused 1.934ms total 48.735ms
08-05 03:18:58.651 15957 16294 I art     : Starting a blocking GC Explicit
08-05 03:18:58.698 15957 16294 I art     : Explicit concurrent mark sweep GC freed 3(96B) AllocSpace objects, 0(0B) LOS objects, 23% free, 50MB/66MB, paused 1.718ms total 46.782ms
08-05 03:18:58.712 15957 16294 I art     : Starting a blocking GC Explicit
08-05 03:18:58.761 15957 16294 I art     : Explicit concurrent mark sweep GC freed 3(96B) AllocSpace objects, 0(0B) LOS objects, 23% free, 50MB/66MB, paused 1.644ms total 48.704ms
08-05 03:18:58.813   918  3261 D WifiStateMachine: starting scan for "H369AA63323"WPA_PSK with 2412,5180
08-05 03:18:59.148 15957 17659 I art     : Starting a blocking GC Explicit
08-05 03:18:59.201 15957 17659 I art     : Explicit concurrent mark sweep GC freed 1381(81KB) AllocSpace objects, 1(20KB) LOS objects, 23% free, 50MB/66MB, paused 1.651ms total 52.623ms
08-05 03:18:59.215 15957 17659 I art     : Starting a blocking GC Explicit
08-05 03:18:59.264 15957 17659 I art     : Explicit concurrent mark sweep GC freed 52(1536B) AllocSpace objects, 0(0B) LOS objects, 23% free, 50MB/66MB, paused 1.671ms total 48.671ms
08-05 03:18:59.278 15957 17659 I art     : Starting a blocking GC Explicit
08-05 03:18:59.326 15957 17659 I art     : Explicit concurrent mark sweep GC freed 3(96B) AllocSpace objects, 0(0B) LOS objects, 23% free, 50MB/66MB, paused 1.624ms total 47.677ms
08-05 03:18:59.339 15957 17659 I art     : Starting a blocking GC Explicit
08-05 03:18:59.388 15957 17659 I art     : Explicit concurrent mark sweep GC freed 3(96B) AllocSpace objects, 0(0B) LOS objects, 23% free, 50MB/66MB, paused 1.769ms total 48.875ms
08-05 03:18:59.402 15957 17659 I art     : Starting a blocking GC Explicit
08-05 03:18:59.450 15957 17659 I art     : Explicit concurrent mark sweep GC freed 3(96B) AllocSpace objects, 0(0B) LOS objects, 23% free, 50MB/66MB, paused 1.686ms total 48.112ms
08-05 03:18:59.832 15957 15980 I art     : Starting a blocking GC Explicit
08-05 03:18:59.897 15957 15980 I art     : Explicit concurrent mark sweep GC freed 1381(81KB) AllocSpace objects, 1(20KB) LOS objects, 23% free, 50MB/66MB, paused 1.850ms total 64.294ms
08-05 03:18:59.915 15957 15980 I art     : Starting a blocking GC Explicit
08-05 03:18:59.961 15957 15980 I art     : Explicit concurrent mark sweep GC freed 23(752B) AllocSpace objects, 0(0B) LOS objects, 23% free, 50MB/66MB, paused 1.659ms total 46.554ms
08-05 03:18:59.975 15957 15980 I art     : Starting a blocking GC Explicit
08-05 03:19:00.021 15957 15980 I art     : Explicit concurrent mark sweep GC freed 3(96B) AllocSpace objects, 0(0B) LOS objects, 23% free, 50MB/66MB, paused 1.574ms total 45.263ms
08-05 03:19:00.034 15957 15980 I art     : Starting a blocking GC Explicit
08-05 03:19:00.073 15957 15980 I art     : Explicit concurrent mark sweep GC freed 3(96B) AllocSpace objects, 0(0B) LOS objects, 23% free, 50MB/66MB, paused 1.531ms total 39.113ms
08-05 03:19:00.085 15957 15980 I art     : Starting a blocking GC Explicit
08-05 03:19:00.125 15957 15980 I art     : Explicit concurrent mark sweep GC freed 3(96B) AllocSpace objects, 0(0B) LOS objects, 23% free, 50MB/66MB, paused 1.504ms total 39.607ms
08-05 03:19:00.514 15957 15969 I art     : Starting a blocking GC Explicit
08-05 03:19:00.523   518   646 I ThermalEngine: ACTION: GPU - Setting GPU[0] to 510000000
08-05 03:19:00.567 15957 15969 I art     : Explicit concurrent mark sweep GC freed 1411(82KB) AllocSpace objects, 1(20KB) LOS objects, 23% free, 50MB/66MB, paused 1.371ms total 53.247ms
08-05 03:19:00.579 15957 15969 I art     : Starting a blocking GC Explicit
08-05 03:19:00.615 15957 15969 I art     : Explicit concurrent mark sweep GC freed 23(752B) AllocSpace objects, 0(0B) LOS objects, 23% free, 50MB/66MB, paused 1.223ms total 36.310ms
08-05 03:19:00.626 15957 15969 I art     : Starting a blocking GC Explicit
08-05 03:19:00.661 15957 15969 I art     : Explicit concurrent mark sweep GC freed 3(96B) AllocSpace objects, 0(0B) LOS objects, 23% free, 50MB/66MB, paused 1.150ms total 34.872ms
08-05 03:19:00.671 15957 15969 I art     : Starting a blocking GC Explicit
08-05 03:19:00.707 15957 15969 I art     : Explicit concurrent mark sweep GC freed 3(96B) AllocSpace objects, 0(0B) LOS objects, 23% free, 50MB/66MB, paused 1.213ms total 35.513ms
08-05 03:19:00.717 15957 15969 I art     : Starting a blocking GC Explicit
08-05 03:19:00.753 15957 15969 I art     : Explicit concurrent mark sweep GC freed 3(96B) AllocSpace objects, 0(0B) LOS objects, 23% free, 50MB/66MB, paused 1.222ms total 35.757ms
08-05 03:19:01.115 15957 15970 I art     : Starting a blocking GC Explicit
08-05 03:19:01.164 15957 15970 I art     : Explicit concurrent mark sweep GC freed 1384(81KB) AllocSpace objects, 1(20KB) LOS objects, 23% free, 50MB/66MB, paused 1.271ms total 48.051ms
08-05 03:19:01.178 15957 15970 I art     : Starting a blocking GC Explicit
08-05 03:19:01.214 15957 15970 I art     : Explicit concurrent mark sweep GC freed 52(1536B) AllocSpace objects, 0(0B) LOS objects, 23% free, 50MB/66MB, paused 1.207ms total 36.457ms
08-05 03:19:01.225 15957 15970 I art     : Starting a blocking GC Explicit
08-05 03:19:01.261 15957 15970 I art     : Explicit concurrent mark sweep GC freed 3(96B) AllocSpace objects, 0(0B) LOS objects, 23% free, 50MB/66MB, paused 1.189ms total 35.731ms
08-05 03:19:01.271 15957 15970 I art     : Starting a blocking GC Explicit
08-05 03:19:01.306 15957 15970 I art     : Explicit concurrent mark sweep GC freed 3(96B) AllocSpace objects, 0(0B) LOS objects, 23% free, 50MB/66MB, paused 1.158ms total 34.398ms
08-05 03:19:01.316 15957 15970 I art     : Starting a blocking GC Explicit
08-05 03:19:01.352 15957 15970 I art     : Explicit concurrent mark sweep GC freed 3(96B) AllocSpace objects, 0(0B) LOS objects, 23% free, 50MB/66MB, paused 1.197ms total 35.367ms
08-05 03:19:01.726 15957 16294 I art     : Starting a blocking GC Explicit
08-05 03:19:01.776 15957 16294 I art     : Explicit concurrent mark sweep GC freed 1381(81KB) AllocSpace objects, 1(20KB) LOS objects, 23% free, 50MB/66MB, paused 1.246ms total 49.711ms
08-05 03:19:01.791 15957 16294 I art     : Starting a blocking GC Explicit
08-05 03:19:01.827 15957 16294 I art     : Explicit concurrent mark sweep GC freed 23(752B) AllocSpace objects, 0(0B) LOS objects, 23% free, 50MB/66MB, paused 1.212ms total 35.837ms
08-05 03:19:01.837 15957 16294 I art     : Starting a blocking GC Explicit
08-05 03:19:01.874 15957 16294 I art     : Explicit concurrent mark sweep GC freed 3(96B) AllocSpace objects, 0(0B) LOS objects, 23% free, 50MB/66MB, paused 1.224ms total 36.637ms
08-05 03:19:01.885 15957 16294 I art     : Starting a blocking GC Explicit
08-05 03:19:01.921 15957 16294 I art     : Explicit concurrent mark sweep GC freed 3(96B) AllocSpace objects, 0(0B) LOS objects, 23% free, 50MB/66MB, paused 1.220ms total 35.640ms
08-05 03:19:01.931 15957 16294 I art     : Starting a blocking GC Explicit
08-05 03:19:01.968 15957 16294 I art     : Explicit concurrent mark sweep GC freed 3(96B) AllocSpace objects, 0(0B) LOS objects, 23% free, 50MB/66MB, paused 1.352ms total 36.562ms
08-05 03:19:02.339 15957 17659 I art     : Starting a blocking GC Explicit
08-05 03:19:02.385 15957 17659 I art     : Explicit concurrent mark sweep GC freed 1410(81KB) AllocSpace objects, 1(20KB) LOS objects, 23% free, 50MB/66MB, paused 1.258ms total 44.838ms
08-05 03:19:02.398 15957 17659 I art     : Starting a blocking GC Explicit
08-05 03:19:02.434 15957 17659 I art     : Explicit concurrent mark sweep GC freed 23(752B) AllocSpace objects, 0(0B) LOS objects, 23% free, 50MB/66MB, paused 1.216ms total 36.067ms
08-05 03:19:02.444 15957 17659 I art     : Starting a blocking GC Explicit
08-05 03:19:02.479 15957 17659 I art     : Explicit concurrent mark sweep GC freed 3(96B) AllocSpace objects, 0(0B) LOS objects, 23% free, 50MB/66MB, paused 1.193ms total 34.337ms
08-05 03:19:02.489 15957 17659 I art     : Starting a blocking GC Explicit
08-05 03:19:02.522 15957 17659 I art     : Explicit concurrent mark sweep GC freed 3(96B) AllocSpace objects, 0(0B) LOS objects, 23% free, 50MB/66MB, paused 1.209ms total 32.905ms
08-05 03:19:02.532 15957 17659 I art     : Starting a blocking GC Explicit
08-05 03:19:02.566 15957 17659 I art     : Explicit concurrent mark sweep GC freed 3(96B) AllocSpace objects, 0(0B) LOS objects, 23% free, 50MB/66MB, paused 1.194ms total 33.462ms
08-05 03:19:02.893 19734 19734 D AndroidRuntime: >>>>>> START com.android.internal.os.RuntimeInit uid 2000 <<<<<<
08-05 03:19:02.899 19734 19734 D AndroidRuntime: CheckJNI is OFF
08-05 03:19:02.903 15957 15980 I art     : Starting a blocking GC Explicit
08-05 03:19:02.938 19734 19734 D ICU     : No timezone override file found: /data/misc/zoneinfo/current/icu/icu_tzdata.dat
08-05 03:19:02.941 15957 15980 I art     : Explicit concurrent mark sweep GC freed 1381(81KB) AllocSpace objects, 1(20KB) LOS objects, 23% free, 50MB/66MB, paused 1.391ms total 37.169ms
08-05 03:19:02.952 15957 15980 I art     : Starting a blocking GC Explicit
08-05 03:19:02.973 19734 19734 I Radio-JNI: register_android_hardware_Radio DONE
08-05 03:19:02.986 15957 15980 I art     : Explicit concurrent mark sweep GC freed 23(752B) AllocSpace objects, 0(0B) LOS objects, 23% free, 50MB/66MB, paused 1.559ms total 34.383ms
08-05 03:19:02.996 15957 15980 I art     : Starting a blocking GC Explicit
08-05 03:19:02.997 19734 19734 D AndroidRuntime: Calling main entry com.android.commands.input.Input
08-05 03:19:02.999 19734 19734 I Input   : injectMotionEvent: MotionEvent { action=ACTION_DOWN, actionButton=0, id[0]=0, x[0]=526.0, y[0]=597.0, toolType[0]=TOOL_TYPE_UNKNOWN, buttonState=0, metaState=0, flags=0x0, edgeFlags=0x0, pointerCount=1, historySize=0, eventTime=760759411, downTime=760759411, deviceId=0, source=0x1002 }
08-05 03:19:03.004 19734 19734 I Input   : injectMotionEvent: MotionEvent { action=ACTION_UP, actionButton=0, id[0]=0, x[0]=526.0, y[0]=597.0, toolType[0]=TOOL_TYPE_UNKNOWN, buttonState=0, metaState=0, flags=0x0, edgeFlags=0x0, pointerCount=1, historySize=0, eventTime=760759411, downTime=760759411, deviceId=0, source=0x1002 }
08-05 03:19:03.007 19734 19734 D AndroidRuntime: Shutting down VM
08-05 03:19:03.031 15957 15980 I art     : Explicit concurrent mark sweep GC freed 21(704B) AllocSpace objects, 0(0B) LOS objects, 23% free, 50MB/66MB, paused 1.120ms total 34.576ms
08-05 03:19:03.041 15957 15980 I art     : Starting a blocking GC Explicit
08-05 03:19:03.070 15957 15957 D PodcastListFragment: Selected podcast: GpodnetPodcast [url=http://feeds.feedburner.com/linuxoutlaws, title=Linux Outlaws, description=Two pragmatic geeks talk about the latest news concerning Linux, free and open
08-05 03:19:03.070 15957 15957 D PodcastListFragment: technology or anything else they deem noteworthy which may include such absurd
08-05 03:19:03.070 15957 15957 D PodcastListFragment: things as hockey or bands you never heard of. This means there's many a joke
08-05 03:19:03.070 15957 15957 D PodcastListFragment: and derailed conversation along the way, so don't come here expecting only
08-05 03:19:03.070 15957 15957 D PodcastListFragment: Linux or software freedom talk  just sit back and relax, partner., subscribers=3321, logoUrl=http://sixgun.org/files/linuxoutlaws.jpg, website=http://sixgun.org, mygpoLink=http://gpodder.net/podcast/linux-outlaws-mp3]
08-05 03:19:03.071   918  5952 I ActivityManager: START u0 {cmp=baseline.de.danoeh.antennapod.debug/baseline.de.danoeh.antennapod.activity.OnlineFeedViewActivity (has extras)} from uid 10691 on display 0
08-05 03:19:03.072   512  2967 D audio_hw_primary: out_set_parameters: enter: usecase(1: low-latency-playback) kvpairs: routing=2
08-05 03:19:03.073 15957 15980 I art     : Explicit concurrent mark sweep GC freed 27(10KB) AllocSpace objects, 0(0B) LOS objects, 23% free, 50MB/66MB, paused 1.364ms total 31.920ms
08-05 03:19:03.082 15957 15980 I art     : Starting a blocking GC Explicit
08-05 03:19:03.085   512  2967 D audio_hw_primary: select_devices: out_snd_device(2: speaker) in_snd_device(0: none)
08-05 03:19:03.085   512  2967 D msm8974_platform: platform_send_audio_calibration: sending audio calibration for snd_device(2) acdb_id(15)
08-05 03:19:03.085   512  2967 I soundtrigger: audio_extn_sound_trigger_update_device_status: device 0x2 of type 0 for Event 1
08-05 03:19:03.095   512  2967 D audio_hw_primary: enable_snd_device: snd_device(2: speaker)
08-05 03:19:03.097   512  2967 D audio_hw_primary: enable_audio_route: apply and update mixer path: low-latency-playback speaker
08-05 03:19:03.098 15957 15957 D UserPreferences: Using default data folder
08-05 03:19:03.098 15957 15957 D OnlineFeedViewActivity: Activity was started with url http://feeds.feedburner.com/linuxoutlaws
08-05 03:19:03.101 15957 15957 D OnlineFeedViewActivity: Starting feed download
08-05 03:19:03.103 15957 15978 D DBReader: Extracting Feedlist
08-05 03:19:03.107   918  3714 D WifiService: acquireWifiLockLocked: WifiLock{Downloader type=1 binder=android.os.BinderProxy@12efb2d}
08-05 03:19:03.109 15957 15978 D AntennapodHttpClient: Creating new instance of HTTP client
08-05 03:19:03.120 15957 15980 I art     : Explicit concurrent mark sweep GC freed 1201(88KB) AllocSpace objects, 0(0B) LOS objects, 23% free, 50MB/66MB, paused 1.583ms total 37.551ms
08-05 03:19:03.155 13866 13866 I GoogleInputMethodServic: GoogleInputMethodService.onFinishInput():3138 
08-05 03:19:03.156 13866 13866 I GoogleInputMethodServic: GoogleInputMethodService.onStartInput():1808 
08-05 03:19:03.178   918   936 I ActivityManager: Displayed baseline.de.danoeh.antennapod.debug/baseline.de.danoeh.antennapod.activity.OnlineFeedViewActivity: +96ms
08-05 03:19:03.188 15957 15978 D MYTAG   : interceptor 3a http://feeds.feedburner.com/linuxoutlaws
08-05 03:19:03.188 15957 15978 I NAPPA_EXPERIMENTATION: MetricNetworkRequestExecutionTime: REQUEST_DURATION_SYSTEM='79',REQUEST_DURATION_OKHTTP='40',REQUEST_SYNCHRONOUS='TRUE',RESPONSE_CODE='200',RESPONSE_METHOD='GET',RESPONSE_LENGTH_OKHTTP='-1',RESPONSE_LENGTH_HEADER='-2',REQUEST_PROTOCOL='http/1.1',REQUEST_URL='http://feeds.feedburner.com/linuxoutlaws',
08-05 03:19:03.188 15957 15978 D HttpDownloader: Response code is 200
08-05 03:19:03.188 15957 15978 D UserPreferences: Using default data folder
08-05 03:19:03.190 15957 15978 D HttpDownloader: Getting size of download
08-05 03:19:03.190 15957 15978 D HttpDownloader: Size is -1
08-05 03:19:03.190 15957 15978 D UserPreferences: Using default data folder
08-05 03:19:03.190 15957 15978 D HttpDownloader: Free space is 20229349376
08-05 03:19:03.190 15957 15978 D HttpDownloader: Starting download
08-05 03:19:03.192 15957 15978 D HttpDownloader: Download was successful
08-05 03:19:03.193   918  3696 D WifiService: releaseWifiLockLocked: WifiLock{Downloader type=1 binder=android.os.BinderProxy@12efb2d}
08-05 03:19:03.203 15957 15979 D OpenGLRenderer: endAllStagingAnimators on 0x7f79fee000 (GridView) with handle 0x7f70d9b5e0
08-05 03:19:03.206 15957 15957 D OnlineFeedViewActivity: Parsing feed
08-05 03:19:03.210 15957 19758 D TypeGetter: Recognized type RSS 2.0
08-05 03:19:03.211 15957 19758 D SyndHandler: Recognized Content namespace
08-05 03:19:03.211 15957 19758 D SyndHandler: Recognized DublinCore namespace
08-05 03:19:03.211 15957 19758 D SyndHandler: Recognized Atom namespace
08-05 03:19:03.211 15957 19758 D SyndHandler: Recognized ITunes namespace
08-05 03:19:03.211 15957 19758 D SyndHandler: Recognized media namespace
08-05 03:19:03.242 15957 19758 D OnlineFeedViewActivity: Deleted feed source file. Result: true
08-05 03:19:03.243 15957 15957 D OnlineFeedViewActivity: Removing HTML from shownotes
08-05 03:19:03.258 15957 16902 D ApOkHttpUrlLoader: buildLoadData() called with: model = [http://sixgun.org/files/linuxoutlaws.jpg], width = [350], height = [350]
08-05 03:19:03.259 15957 16708 D DBReader: getImageAuthentication() called with: imageUrl = [http://sixgun.org/files/linuxoutlaws.jpg]
08-05 03:19:03.261 15957 16708 D ApOkHttpUrlLoader: no credentials for 'http://sixgun.org/files/linuxoutlaws.jpg'
08-05 03:19:03.300 15957 16708 D DBWriter: updateFeedDownloadURL(original: http://sixgun.org/files/linuxoutlaws.jpg, updated: https://fab.industries/sixgun/files/linuxoutlaws.jpg)
08-05 03:19:03.398 15957 17659 I art     : Starting a blocking GC Explicit
08-05 03:19:03.430   380   380 W SurfaceFlinger: couldn't log to binary event log: overflow.
08-05 03:19:03.435 15957 17659 I art     : Explicit concurrent mark sweep GC freed 7602(866KB) AllocSpace objects, 15(828KB) LOS objects, 23% free, 51MB/67MB, paused 1.333ms total 36.824ms
08-05 03:19:03.445 15957 16708 D MYTAG   : interceptor 2a
08-05 03:19:03.445 15957 16708 I NAPPA_EXPERIMENTATION: MetricNetworkRequestExecutionTime: REQUEST_DURATION_SYSTEM='184',REQUEST_DURATION_OKHTTP='141',REQUEST_SYNCHRONOUS='TRUE',RESPONSE_CODE='404',RESPONSE_METHOD='GET',RESPONSE_LENGTH_OKHTTP='-1',RESPONSE_LENGTH_HEADER='1503',REQUEST_PROTOCOL='h2',REQUEST_URL='https://fab.industries/sixgun/files/linuxoutlaws.jpg',
08-05 03:19:03.446 15957 15957 W Glide   : Load failed for http://sixgun.org/files/linuxoutlaws.jpg with size [350x350]
08-05 03:19:03.446 15957 15957 W Glide   : class com.bumptech.glide.load.engine.GlideException: Failed to load resource
08-05 03:19:03.446 15957 15957 W Glide   : There was 1 cause:
08-05 03:19:03.446 15957 15957 W Glide   : com.bumptech.glide.load.HttpException()
08-05 03:19:03.446 15957 15957 W Glide   :  call GlideException#logRootCauses(String) for more detail
08-05 03:19:03.446 15957 15957 W Glide   :   Cause (1 of 1): class com.bumptech.glide.load.engine.GlideException: Fetching data failed, class java.io.InputStream, REMOTE
08-05 03:19:03.446 15957 15957 W Glide   : There was 1 cause:
08-05 03:19:03.446 15957 15957 W Glide   : com.bumptech.glide.load.HttpException()
08-05 03:19:03.446 15957 15957 W Glide   :  call GlideException#logRootCauses(String) for more detail
08-05 03:19:03.446 15957 15957 W Glide   :     Cause (1 of 1): class com.bumptech.glide.load.HttpException: 
08-05 03:19:03.446 15957 17659 I art     : Starting a blocking GC Explicit
08-05 03:19:03.447 15957 15957 I Glide   : Root cause (1 of 1)
08-05 03:19:03.447 15957 15957 I Glide   : com.bumptech.glide.load.HttpException: 
08-05 03:19:03.447 15957 15957 I Glide   : 	at com.bumptech.glide.integration.okhttp3.OkHttpStreamFetcher.onResponse(OkHttpStreamFetcher.java:73)
08-05 03:19:03.447 15957 15957 I Glide   : 	at okhttp3.RealCall$AsyncCall.execute(RealCall.java:174)
08-05 03:19:03.447 15957 15957 I Glide   : 	at okhttp3.internal.NamedRunnable.run(NamedRunnable.java:32)
08-05 03:19:03.447 15957 15957 I Glide   : 	at java.util.concurrent.ThreadPoolExecutor.runWorker(ThreadPoolExecutor.java:1113)
08-05 03:19:03.447 15957 15957 I Glide   : 	at java.util.concurrent.ThreadPoolExecutor$Worker.run(ThreadPoolExecutor.java:588)
08-05 03:19:03.447 15957 15957 I Glide   : 	at java.lang.Thread.run(Thread.java:818)
08-05 03:19:03.477 15957 17659 I art     : Explicit concurrent mark sweep GC freed 1631(101KB) AllocSpace objects, 0(0B) LOS objects, 23% free, 51MB/67MB, paused 1.098ms total 30.013ms
08-05 03:19:03.486 15957 17659 I art     : Starting a blocking GC Explicit
08-05 03:19:03.518 15957 17659 I art     : Explicit concurrent mark sweep GC freed 49(2240B) AllocSpace objects, 0(0B) LOS objects, 23% free, 51MB/67MB, paused 1.105ms total 31.021ms
08-05 03:19:03.528 15957 17659 I art     : Starting a blocking GC Explicit
08-05 03:19:03.557 15957 15957 D PlaybackController: Releasing PlaybackController
08-05 03:19:03.562 15957 17659 I art     : Explicit concurrent mark sweep GC freed 239(12KB) AllocSpace objects, 0(0B) LOS objects, 23% free, 51MB/67MB, paused 1.448ms total 33.923ms
08-05 03:19:03.574 15957 17659 I art     : Starting a blocking GC Explicit
08-05 03:19:03.605 15957 17659 I art     : Explicit concurrent mark sweep GC freed 64(2368B) AllocSpace objects, 1(112KB) LOS objects, 23% free, 51MB/67MB, paused 1.067ms total 31.552ms
08-05 03:19:03.629   512  2967 D audio_hw_primary: disable_audio_route: reset and update mixer path: low-latency-playback speaker
08-05 03:19:03.630   512  2967 D audio_hw_primary: disable_snd_device: snd_device(2: speaker)
08-05 03:19:03.638   512  2967 I soundtrigger: audio_extn_sound_trigger_update_device_status: device 0x2 of type 0 for Event 0
08-05 03:19:03.928 15957 15969 I art     : Starting a blocking GC Explicit
08-05 03:19:03.975 15957 15969 I art     : Explicit concurrent mark sweep GC freed 1397(81KB) AllocSpace objects, 1(20KB) LOS objects, 23% free, 51MB/67MB, paused 1.355ms total 46.751ms
08-05 03:19:03.989 15957 15969 I art     : Starting a blocking GC Explicit
08-05 03:19:04.029 15957 15969 I art     : Explicit concurrent mark sweep GC freed 23(752B) AllocSpace objects, 0(0B) LOS objects, 23% free, 51MB/67MB, paused 1.249ms total 39.749ms
08-05 03:19:04.040 15957 15969 I art     : Starting a blocking GC Explicit
08-05 03:19:04.077 15957 15969 I art     : Explicit concurrent mark sweep GC freed 3(96B) AllocSpace objects, 0(0B) LOS objects, 23% free, 51MB/67MB, paused 1.281ms total 37.019ms
08-05 03:19:04.088 15957 15969 I art     : Starting a blocking GC Explicit
08-05 03:19:04.126 15957 15969 I art     : Explicit concurrent mark sweep GC freed 3(96B) AllocSpace objects, 0(0B) LOS objects, 23% free, 51MB/67MB, paused 1.228ms total 38.066ms
08-05 03:19:04.137 15957 15969 I art     : Starting a blocking GC Explicit
08-05 03:19:04.174 15957 15969 I art     : Explicit concurrent mark sweep GC freed 3(96B) AllocSpace objects, 0(0B) LOS objects, 23% free, 51MB/67MB, paused 1.204ms total 36.241ms
08-05 03:19:04.506 15957 16294 I art     : Starting a blocking GC Explicit
08-05 03:19:04.553 15957 16294 I art     : Explicit concurrent mark sweep GC freed 1410(81KB) AllocSpace objects, 1(20KB) LOS objects, 23% free, 51MB/67MB, paused 1.339ms total 46.816ms
08-05 03:19:04.565 15957 16294 I art     : Starting a blocking GC Explicit
08-05 03:19:04.602 15957 16294 I art     : Explicit concurrent mark sweep GC freed 23(752B) AllocSpace objects, 0(0B) LOS objects, 23% free, 51MB/67MB, paused 1.214ms total 36.995ms
08-05 03:19:04.612 15957 16294 I art     : Starting a blocking GC Explicit
08-05 03:19:04.649 15957 16294 I art     : Explicit concurrent mark sweep GC freed 3(96B) AllocSpace objects, 0(0B) LOS objects, 23% free, 51MB/67MB, paused 1.270ms total 36.621ms
08-05 03:19:04.660 15957 16294 I art     : Starting a blocking GC Explicit
08-05 03:19:04.697 15957 16294 I art     : Explicit concurrent mark sweep GC freed 3(96B) AllocSpace objects, 0(0B) LOS objects, 23% free, 51MB/67MB, paused 1.346ms total 37.206ms
08-05 03:19:04.708 15957 16294 I art     : Starting a blocking GC Explicit
08-05 03:19:04.746 15957 16294 I art     : Explicit concurrent mark sweep GC freed 3(96B) AllocSpace objects, 0(0B) LOS objects, 23% free, 51MB/67MB, paused 1.234ms total 37.628ms
08-05 03:19:05.119 15957 17659 I art     : Starting a blocking GC Explicit
08-05 03:19:05.158 15957 17659 I art     : Explicit concurrent mark sweep GC freed 1411(82KB) AllocSpace objects, 1(20KB) LOS objects, 23% free, 51MB/67MB, paused 1.282ms total 38.777ms
08-05 03:19:05.168 15957 17659 I art     : Starting a blocking GC Explicit
08-05 03:19:05.204 15957 17659 I art     : Explicit concurrent mark sweep GC freed 23(752B) AllocSpace objects, 0(0B) LOS objects, 23% free, 51MB/67MB, paused 1.213ms total 35.269ms
08-05 03:19:05.214 15957 17659 I art     : Starting a blocking GC Explicit
08-05 03:19:05.251 15957 17659 I art     : Explicit concurrent mark sweep GC freed 32(880B) AllocSpace objects, 0(0B) LOS objects, 23% free, 51MB/67MB, paused 1.217ms total 36.990ms
08-05 03:19:05.262 15957 17659 I art     : Starting a blocking GC Explicit
08-05 03:19:05.300 15957 17659 I art     : Explicit concurrent mark sweep GC freed 3(96B) AllocSpace objects, 0(0B) LOS objects, 23% free, 51MB/67MB, paused 1.165ms total 37.943ms
08-05 03:19:05.311 15957 17659 I art     : Starting a blocking GC Explicit
08-05 03:19:05.349 15957 17659 I art     : Explicit concurrent mark sweep GC freed 3(96B) AllocSpace objects, 0(0B) LOS objects, 23% free, 51MB/67MB, paused 1.160ms total 37.927ms
08-05 03:19:05.716 15957 15980 I art     : Starting a blocking GC Explicit
08-05 03:19:05.765 15957 15980 I art     : Explicit concurrent mark sweep GC freed 1381(81KB) AllocSpace objects, 1(20KB) LOS objects, 23% free, 51MB/67MB, paused 1.336ms total 47.587ms
08-05 03:19:05.777 15957 15980 I art     : Starting a blocking GC Explicit
08-05 03:19:05.815 15957 15980 I art     : Explicit concurrent mark sweep GC freed 23(752B) AllocSpace objects, 0(0B) LOS objects, 23% free, 51MB/67MB, paused 1.246ms total 37.909ms
08-05 03:19:05.826 15957 15980 I art     : Starting a blocking GC Explicit
08-05 03:19:05.864 15957 15980 I art     : Explicit concurrent mark sweep GC freed 3(96B) AllocSpace objects, 0(0B) LOS objects, 23% free, 51MB/67MB, paused 1.229ms total 37.433ms
08-05 03:19:05.874 15957 15980 I art     : Starting a blocking GC Explicit
08-05 03:19:05.911 15957 15980 I art     : Explicit concurrent mark sweep GC freed 3(96B) AllocSpace objects, 0(0B) LOS objects, 23% free, 51MB/67MB, paused 1.235ms total 37.182ms
08-05 03:19:05.922 15957 15980 I art     : Starting a blocking GC Explicit
08-05 03:19:05.960 15957 15980 I art     : Explicit concurrent mark sweep GC freed 3(96B) AllocSpace objects, 0(0B) LOS objects, 23% free, 51MB/67MB, paused 1.202ms total 37.876ms
08-05 03:19:06.351 15957 15970 I art     : Starting a blocking GC Explicit
08-05 03:19:06.398 15957 15970 I art     : Explicit concurrent mark sweep GC freed 1411(83KB) AllocSpace objects, 1(20KB) LOS objects, 23% free, 51MB/67MB, paused 1.435ms total 46.686ms
08-05 03:19:06.411 15957 15970 I art     : Starting a blocking GC Explicit
08-05 03:19:06.448 15957 15970 I art     : Explicit concurrent mark sweep GC freed 23(752B) AllocSpace objects, 0(0B) LOS objects, 23% free, 51MB/67MB, paused 1.305ms total 36.773ms
08-05 03:19:06.458 15957 15970 I art     : Starting a blocking GC Explicit
08-05 03:19:06.495 15957 15970 I art     : Explicit concurrent mark sweep GC freed 3(96B) AllocSpace objects, 0(0B) LOS objects, 23% free, 51MB/67MB, paused 1.222ms total 36.413ms
08-05 03:19:06.505 15957 15970 I art     : Starting a blocking GC Explicit
08-05 03:19:06.543 15957 15970 I art     : Explicit concurrent mark sweep GC freed 3(96B) AllocSpace objects, 0(0B) LOS objects, 23% free, 51MB/67MB, paused 1.235ms total 37.210ms
08-05 03:19:06.553 15957 15970 I art     : Starting a blocking GC Explicit
08-05 03:19:06.591 15957 15970 I art     : Explicit concurrent mark sweep GC freed 3(96B) AllocSpace objects, 0(0B) LOS objects, 23% free, 51MB/67MB, paused 1.225ms total 37.800ms
08-05 03:19:06.971 15957 15969 I art     : Starting a blocking GC Explicit
08-05 03:19:07.024 15957 15969 I art     : Explicit concurrent mark sweep GC freed 1382(82KB) AllocSpace objects, 1(20KB) LOS objects, 23% free, 51MB/67MB, paused 1.581ms total 51.736ms
08-05 03:19:07.034 15957 15969 I art     : Starting a blocking GC Explicit
08-05 03:19:07.073 15957 15969 I art     : Explicit concurrent mark sweep GC freed 23(752B) AllocSpace objects, 0(0B) LOS objects, 23% free, 51MB/67MB, paused 1.157ms total 37.963ms
08-05 03:19:07.083 15957 15969 I art     : Starting a blocking GC Explicit
08-05 03:19:07.121 15957 15969 I art     : Explicit concurrent mark sweep GC freed 3(96B) AllocSpace objects, 0(0B) LOS objects, 23% free, 51MB/67MB, paused 1.212ms total 37.711ms
08-05 03:19:07.132 15957 15969 I art     : Starting a blocking GC Explicit
08-05 03:19:07.170 15957 15969 I art     : Explicit concurrent mark sweep GC freed 3(96B) AllocSpace objects, 0(0B) LOS objects, 23% free, 51MB/67MB, paused 1.213ms total 37.395ms
08-05 03:19:07.180 15957 15969 I art     : Starting a blocking GC Explicit
08-05 03:19:07.217 15957 15969 I art     : Explicit concurrent mark sweep GC freed 32(880B) AllocSpace objects, 0(0B) LOS objects, 23% free, 51MB/67MB, paused 1.288ms total 36.733ms
08-05 03:19:07.536 15957 16294 I art     : Starting a blocking GC Explicit
08-05 03:19:07.574 15957 16294 I art     : Explicit concurrent mark sweep GC freed 1384(81KB) AllocSpace objects, 1(20KB) LOS objects, 23% free, 51MB/67MB, paused 1.210ms total 38.152ms
08-05 03:19:07.585 15957 16294 I art     : Starting a blocking GC Explicit
08-05 03:19:07.621 15957 16294 I art     : Explicit concurrent mark sweep GC freed 23(752B) AllocSpace objects, 0(0B) LOS objects, 23% free, 51MB/67MB, paused 1.200ms total 36.318ms
08-05 03:19:07.631 15957 16294 I art     : Starting a blocking GC Explicit
08-05 03:19:07.666 15957 16294 I art     : Explicit concurrent mark sweep GC freed 3(96B) AllocSpace objects, 0(0B) LOS objects, 23% free, 51MB/67MB, paused 1.215ms total 34.831ms
08-05 03:19:07.677 15957 16294 I art     : Starting a blocking GC Explicit
08-05 03:19:07.705 19829 19829 D AndroidRuntime: >>>>>> START com.android.internal.os.RuntimeInit uid 2000 <<<<<<
08-05 03:19:07.710 19829 19829 D AndroidRuntime: CheckJNI is OFF
08-05 03:19:07.712 15957 16294 I art     : Explicit concurrent mark sweep GC freed 3(96B) AllocSpace objects, 0(0B) LOS objects, 23% free, 51MB/67MB, paused 1.295ms total 35.034ms
08-05 03:19:07.722 15957 16294 I art     : Starting a blocking GC Explicit
08-05 03:19:07.745 19829 19829 D ICU     : No timezone override file found: /data/misc/zoneinfo/current/icu/icu_tzdata.dat
08-05 03:19:07.757 15957 16294 I art     : Explicit concurrent mark sweep GC freed 3(96B) AllocSpace objects, 0(0B) LOS objects, 23% free, 51MB/67MB, paused 1.381ms total 35.276ms
08-05 03:19:07.780 19829 19829 I Radio-JNI: register_android_hardware_Radio DONE
08-05 03:19:07.802 19829 19829 D AndroidRuntime: Calling main entry com.android.commands.input.Input
08-05 03:19:07.804 19829 19829 I Input   : injectKeyEvent: KeyEvent { action=ACTION_DOWN, keyCode=KEYCODE_BACK, scanCode=0, metaState=0, flags=0x0, repeatCount=0, eventTime=760764217, downTime=760764217, deviceId=-1, source=0x101 }
08-05 03:19:07.810 19829 19829 I Input   : injectKeyEvent: KeyEvent { action=ACTION_UP, keyCode=KEYCODE_BACK, scanCode=0, metaState=0, flags=0x0, repeatCount=0, eventTime=760764217, downTime=760764217, deviceId=-1, source=0x101 }
08-05 03:19:07.817 19829 19829 D AndroidRuntime: Shutting down VM
08-05 03:19:07.822 15957 15957 V PlaybackController: initServiceNotRunning()
08-05 03:19:07.822 15957 15957 D ExternalPlayerFragment: Loading media info
08-05 03:19:07.823 15957 16902 D ApOkHttpUrlLoader: buildLoadData() called with: model = [http://sixgun.org/files/linuxoutlaws.jpg], width = [224], height = [224]
08-05 03:19:07.824 15957 16708 D DBReader: getImageAuthentication() called with: imageUrl = [http://sixgun.org/files/linuxoutlaws.jpg]
08-05 03:19:07.827 15957 16708 D ApOkHttpUrlLoader: no credentials for 'http://sixgun.org/files/linuxoutlaws.jpg'
08-05 03:19:07.828 15957 15957 D UserPreferences: Using default data folder
08-05 03:19:07.829 15957 15978 D DBReader: getNavDrawerData() called with: 
08-05 03:19:07.839 15957 15978 D DBReader: getDownloadedItems() called
08-05 03:19:07.840 15957 15978 D DBReader: getFavoriteIDList() called
08-05 03:19:07.840 15957 15978 D DBReader: getQueueIDList() called
08-05 03:19:07.841 15957 15978 D DBReader: Extracting Feedlist
08-05 03:19:07.861 13866 13866 I GoogleInputMethodServic: GoogleInputMethodService.onFinishInput():3138 
08-05 03:19:07.861 13866 13866 I GoogleInputMethodServic: GoogleInputMethodService.onStartInput():1808 
08-05 03:19:07.862 15957 15957 D MainActivity: getLastNavFragment() -> AddFeedFragment
08-05 03:19:07.894 15957 16708 D DBWriter: updateFeedDownloadURL(original: http://sixgun.org/files/linuxoutlaws.jpg, updated: https://fab.industries/sixgun/files/linuxoutlaws.jpg)
08-05 03:19:08.032 15957 15980 I art     : Starting a blocking GC Explicit
08-05 03:19:08.041 15957 16708 D MYTAG   : interceptor 2a
08-05 03:19:08.042 15957 16708 I NAPPA_EXPERIMENTATION: MetricNetworkRequestExecutionTime: REQUEST_DURATION_SYSTEM='214',REQUEST_DURATION_OKHTTP='143',REQUEST_SYNCHRONOUS='TRUE',RESPONSE_CODE='404',RESPONSE_METHOD='GET',RESPONSE_LENGTH_OKHTTP='-1',RESPONSE_LENGTH_HEADER='1503',REQUEST_PROTOCOL='h2',REQUEST_URL='https://fab.industries/sixgun/files/linuxoutlaws.jpg',
08-05 03:19:08.042 15957 15957 W Glide   : Load failed for http://sixgun.org/files/linuxoutlaws.jpg with size [224x224]
08-05 03:19:08.042 15957 15957 W Glide   : class com.bumptech.glide.load.engine.GlideException: Failed to load resource
08-05 03:19:08.042 15957 15957 W Glide   : There was 1 cause:
08-05 03:19:08.042 15957 15957 W Glide   : com.bumptech.glide.load.HttpException()
08-05 03:19:08.042 15957 15957 W Glide   :  call GlideException#logRootCauses(String) for more detail
08-05 03:19:08.042 15957 15957 W Glide   :   Cause (1 of 1): class com.bumptech.glide.load.engine.GlideException: Fetching data failed, class java.io.InputStream, REMOTE
08-05 03:19:08.042 15957 15957 W Glide   : There was 1 cause:
08-05 03:19:08.042 15957 15957 W Glide   : com.bumptech.glide.load.HttpException()
08-05 03:19:08.042 15957 15957 W Glide   :  call GlideException#logRootCauses(String) for more detail
08-05 03:19:08.042 15957 15957 W Glide   :     Cause (1 of 1): class com.bumptech.glide.load.HttpException: 
08-05 03:19:08.043 15957 15957 I Glide   : Root cause (1 of 1)
08-05 03:19:08.043 15957 15957 I Glide   : com.bumptech.glide.load.HttpException: 
08-05 03:19:08.043 15957 15957 I Glide   : 	at com.bumptech.glide.integration.okhttp3.OkHttpStreamFetcher.onResponse(OkHttpStreamFetcher.java:73)
08-05 03:19:08.043 15957 15957 I Glide   : 	at okhttp3.RealCall$AsyncCall.execute(RealCall.java:174)
08-05 03:19:08.043 15957 15957 I Glide   : 	at okhttp3.internal.NamedRunnable.run(NamedRunnable.java:32)
08-05 03:19:08.043 15957 15957 I Glide   : 	at java.util.concurrent.ThreadPoolExecutor.runWorker(ThreadPoolExecutor.java:1113)
08-05 03:19:08.043 15957 15957 I Glide   : 	at java.util.concurrent.ThreadPoolExecutor$Worker.run(ThreadPoolExecutor.java:588)
08-05 03:19:08.043 15957 15957 I Glide   : 	at java.lang.Thread.run(Thread.java:818)
08-05 03:19:08.043 15957 15957 W Glide   : Load failed for http://sixgun.org/files/linuxoutlaws.jpg with size [224x224]
08-05 03:19:08.043 15957 15957 W Glide   : class com.bumptech.glide.load.engine.GlideException: Failed to load resource
08-05 03:19:08.043 15957 15957 W Glide   : There was 1 cause:
08-05 03:19:08.043 15957 15957 W Glide   : com.bumptech.glide.load.HttpException()
08-05 03:19:08.043 15957 15957 W Glide   :  call GlideException#logRootCauses(String) for more detail
08-05 03:19:08.043 15957 15957 W Glide   :   Cause (1 of 1): class com.bumptech.glide.load.engine.GlideException: Fetching data failed, class java.io.InputStream, REMOTE
08-05 03:19:08.043 15957 15957 W Glide   : There was 1 cause:
08-05 03:19:08.043 15957 15957 W Glide   : com.bumptech.glide.load.HttpException()
08-05 03:19:08.043 15957 15957 W Glide   :  call GlideException#logRootCauses(String) for more detail
08-05 03:19:08.043 15957 15957 W Glide   :     Cause (1 of 1): class com.bumptech.glide.load.HttpException: 
08-05 03:19:08.043 15957 15957 I Glide   : Root cause (1 of 1)
08-05 03:19:08.043 15957 15957 I Glide   : com.bumptech.glide.load.HttpException: 
08-05 03:19:08.043 15957 15957 I Glide   : 	at com.bumptech.glide.integration.okhttp3.OkHttpStreamFetcher.onResponse(OkHttpStreamFetcher.java:73)
08-05 03:19:08.043 15957 15957 I Glide   : 	at okhttp3.RealCall$AsyncCall.execute(RealCall.java:174)
08-05 03:19:08.043 15957 15957 I Glide   : 	at okhttp3.internal.NamedRunnable.run(NamedRunnable.java:32)
08-05 03:19:08.043 15957 15957 I Glide   : 	at java.util.concurrent.ThreadPoolExecutor.runWorker(ThreadPoolExecutor.java:1113)
08-05 03:19:08.043 15957 15957 I Glide   : 	at java.util.concurrent.ThreadPoolExecutor$Worker.run(ThreadPoolExecutor.java:588)
08-05 03:19:08.043 15957 15957 I Glide   : 	at java.lang.Thread.run(Thread.java:818)
08-05 03:19:08.065 15957 15980 I art     : Explicit concurrent mark sweep GC freed 3472(252KB) AllocSpace objects, 1(20KB) LOS objects, 23% free, 51MB/67MB, paused 1.129ms total 32.560ms
08-05 03:19:08.074 15957 15980 I art     : Starting a blocking GC Explicit
08-05 03:19:08.105 15957 15980 I art     : Explicit concurrent mark sweep GC freed 696(35KB) AllocSpace objects, 0(0B) LOS objects, 23% free, 51MB/67MB, paused 1.050ms total 30.307ms
08-05 03:19:08.114 15957 15980 I art     : Starting a blocking GC Explicit
08-05 03:19:08.145 15957 15980 I art     : Explicit concurrent mark sweep GC freed 6(192B) AllocSpace objects, 0(0B) LOS objects, 23% free, 51MB/67MB, paused 1.046ms total 30.770ms
08-05 03:19:08.155 15957 15980 I art     : Starting a blocking GC Explicit
08-05 03:19:08.184 15957 15980 I art     : Explicit concurrent mark sweep GC freed 3(96B) AllocSpace objects, 0(0B) LOS objects, 23% free, 51MB/67MB, paused 1.087ms total 29.696ms
08-05 03:19:08.185   380   380 W SurfaceFlinger: couldn't log to binary event log: overflow.
08-05 03:19:08.195 15957 15980 I art     : Starting a blocking GC Explicit
08-05 03:19:08.227 15957 15980 I art     : Explicit concurrent mark sweep GC freed 621(25KB) AllocSpace objects, 0(0B) LOS objects, 23% free, 51MB/67MB, paused 1.107ms total 31.269ms
08-05 03:19:08.528 15957 16294 I art     : Starting a blocking GC Explicit
08-05 03:19:08.565 15957 16294 I art     : Explicit concurrent mark sweep GC freed 1523(90KB) AllocSpace objects, 1(20KB) LOS objects, 23% free, 51MB/67MB, paused 1.241ms total 37.082ms
08-05 03:19:08.576 15957 16294 I art     : Starting a blocking GC Explicit
08-05 03:19:08.611 15957 16294 I art     : Explicit concurrent mark sweep GC freed 2739(229KB) AllocSpace objects, 1(28KB) LOS objects, 23% free, 50MB/66MB, paused 1.236ms total 35.118ms
08-05 03:19:08.621 15957 16294 I art     : Starting a blocking GC Explicit
08-05 03:19:08.657 15957 16294 I art     : Explicit concurrent mark sweep GC freed 3(96B) AllocSpace objects, 0(0B) LOS objects, 23% free, 50MB/66MB, paused 1.318ms total 35.714ms
08-05 03:19:08.668 15957 16294 I art     : Starting a blocking GC Explicit
08-05 03:19:08.703 15957 16294 I art     : Explicit concurrent mark sweep GC freed 3(96B) AllocSpace objects, 0(0B) LOS objects, 23% free, 50MB/66MB, paused 1.210ms total 35.425ms
08-05 03:19:08.714 15957 16294 I art     : Starting a blocking GC Explicit
08-05 03:19:08.750 15957 16294 I art     : Explicit concurrent mark sweep GC freed 3(96B) AllocSpace objects, 0(0B) LOS objects, 23% free, 50MB/66MB, paused 1.249ms total 35.736ms
08-05 03:19:09.078 15957 15970 I art     : Starting a blocking GC Explicit
08-05 03:19:09.113 15957 15970 I art     : Explicit concurrent mark sweep GC freed 1383(81KB) AllocSpace objects, 1(20KB) LOS objects, 23% free, 50MB/66MB, paused 1.293ms total 35.583ms
08-05 03:19:09.124 15957 15970 I art     : Starting a blocking GC Explicit
08-05 03:19:09.158 15957 15970 I art     : Explicit concurrent mark sweep GC freed 23(752B) AllocSpace objects, 0(0B) LOS objects, 23% free, 50MB/66MB, paused 1.263ms total 34.460ms
08-05 03:19:09.168 15957 15970 I art     : Starting a blocking GC Explicit
08-05 03:19:09.202 15957 15970 I art     : Explicit concurrent mark sweep GC freed 3(96B) AllocSpace objects, 0(0B) LOS objects, 23% free, 50MB/66MB, paused 1.207ms total 33.759ms
08-05 03:19:09.212 15957 15970 I art     : Starting a blocking GC Explicit
08-05 03:19:09.246 15957 15970 I art     : Explicit concurrent mark sweep GC freed 32(880B) AllocSpace objects, 0(0B) LOS objects, 23% free, 50MB/66MB, paused 1.230ms total 33.725ms
08-05 03:19:09.256 15957 15970 I art     : Starting a blocking GC Explicit
08-05 03:19:09.290 15957 15970 I art     : Explicit concurrent mark sweep GC freed 3(96B) AllocSpace objects, 0(0B) LOS objects, 23% free, 50MB/66MB, paused 1.230ms total 33.468ms
08-05 03:19:09.473 19882 19882 D AndroidRuntime: >>>>>> START com.android.internal.os.RuntimeInit uid 2000 <<<<<<
08-05 03:19:09.479 19882 19882 D AndroidRuntime: CheckJNI is OFF
08-05 03:19:09.513 19882 19882 D ICU     : No timezone override file found: /data/misc/zoneinfo/current/icu/icu_tzdata.dat
08-05 03:19:09.548 19882 19882 I Radio-JNI: register_android_hardware_Radio DONE
08-05 03:19:09.570 19882 19882 D AndroidRuntime: Calling main entry com.android.commands.input.Input
08-05 03:19:09.571 19882 19882 I Input   : injectKeyEvent: KeyEvent { action=ACTION_DOWN, keyCode=KEYCODE_BACK, scanCode=0, metaState=0, flags=0x0, repeatCount=0, eventTime=760765984, downTime=760765984, deviceId=-1, source=0x101 }
08-05 03:19:09.576 19882 19882 I Input   : injectKeyEvent: KeyEvent { action=ACTION_UP, keyCode=KEYCODE_BACK, scanCode=0, metaState=0, flags=0x0, repeatCount=0, eventTime=760765984, downTime=760765984, deviceId=-1, source=0x101 }
08-05 03:19:09.592 19882 19882 D AndroidRuntime: Shutting down VM
08-05 03:19:09.661 15957 15969 I art     : Starting a blocking GC Explicit
08-05 03:19:09.699 15957 15969 I art     : Explicit concurrent mark sweep GC freed 3575(171KB) AllocSpace objects, 1(20KB) LOS objects, 23% free, 50MB/66MB, paused 1.291ms total 37.499ms
08-05 03:19:09.709 15957 15969 I art     : Starting a blocking GC Explicit
08-05 03:19:09.744 15957 15969 I art     : Explicit concurrent mark sweep GC freed 5445(398KB) AllocSpace objects, 9(1620KB) LOS objects, 24% free, 48MB/64MB, paused 1.217ms total 34.171ms
08-05 03:19:09.754 15957 15969 I art     : Starting a blocking GC Explicit
08-05 03:19:09.788 15957 15969 I art     : Explicit concurrent mark sweep GC freed 3(96B) AllocSpace objects, 0(0B) LOS objects, 24% free, 48MB/64MB, paused 1.302ms total 33.304ms
08-05 03:19:09.798 15957 15969 I art     : Starting a blocking GC Explicit
08-05 03:19:09.831 15957 15969 I art     : Explicit concurrent mark sweep GC freed 3(96B) AllocSpace objects, 0(0B) LOS objects, 24% free, 48MB/64MB, paused 1.240ms total 33.550ms
08-05 03:19:09.842 15957 15969 I art     : Starting a blocking GC Explicit
08-05 03:19:09.876 15957 15969 I art     : Explicit concurrent mark sweep GC freed 3(96B) AllocSpace objects, 0(0B) LOS objects, 24% free, 48MB/64MB, paused 1.233ms total 33.861ms
08-05 03:19:10.194 15957 17659 I art     : Starting a blocking GC Explicit
08-05 03:19:10.238 15957 17659 I art     : Explicit concurrent mark sweep GC freed 1411(82KB) AllocSpace objects, 1(20KB) LOS objects, 24% free, 48MB/64MB, paused 1.569ms total 43.678ms
08-05 03:19:10.253 15957 17659 I art     : Starting a blocking GC Explicit
08-05 03:19:10.288 15957 17659 I art     : Explicit concurrent mark sweep GC freed 23(752B) AllocSpace objects, 0(0B) LOS objects, 24% free, 48MB/64MB, paused 1.325ms total 35.038ms
08-05 03:19:10.298 15957 17659 I art     : Starting a blocking GC Explicit
08-05 03:19:10.333 15957 17659 I art     : Explicit concurrent mark sweep GC freed 3(96B) AllocSpace objects, 0(0B) LOS objects, 24% free, 48MB/64MB, paused 1.248ms total 34.834ms
08-05 03:19:10.344 15957 17659 I art     : Starting a blocking GC Explicit
08-05 03:19:10.378 15957 17659 I art     : Explicit concurrent mark sweep GC freed 3(96B) AllocSpace objects, 0(0B) LOS objects, 24% free, 48MB/64MB, paused 1.325ms total 34.169ms
08-05 03:19:10.388 15957 17659 I art     : Starting a blocking GC Explicit
08-05 03:19:10.423 15957 17659 I art     : Explicit concurrent mark sweep GC freed 3(96B) AllocSpace objects, 0(0B) LOS objects, 24% free, 48MB/64MB, paused 1.243ms total 34.313ms
08-05 03:19:10.743 15957 15980 I art     : Starting a blocking GC Explicit
08-05 03:19:10.787 15957 15980 I art     : Explicit concurrent mark sweep GC freed 1381(82KB) AllocSpace objects, 1(20KB) LOS objects, 24% free, 48MB/64MB, paused 1.351ms total 43.214ms
08-05 03:19:10.800 15957 15980 I art     : Starting a blocking GC Explicit
08-05 03:19:10.833 15957 15980 I art     : Explicit concurrent mark sweep GC freed 23(752B) AllocSpace objects, 0(0B) LOS objects, 24% free, 48MB/64MB, paused 1.118ms total 33.224ms
08-05 03:19:10.844 15957 15980 I art     : Starting a blocking GC Explicit
08-05 03:19:10.874 15957 15980 I art     : Explicit concurrent mark sweep GC freed 3(96B) AllocSpace objects, 0(0B) LOS objects, 24% free, 48MB/64MB, paused 1.069ms total 30.088ms
08-05 03:19:10.883 15957 15980 I art     : Starting a blocking GC Explicit
08-05 03:19:10.913 15957 15980 I art     : Explicit concurrent mark sweep GC freed 3(96B) AllocSpace objects, 0(0B) LOS objects, 24% free, 48MB/64MB, paused 1.199ms total 29.490ms
08-05 03:19:10.922 15957 15980 I art     : Starting a blocking GC Explicit
08-05 03:19:10.953 15957 15980 I art     : Explicit concurrent mark sweep GC freed 3(96B) AllocSpace objects, 0(0B) LOS objects, 24% free, 48MB/64MB, paused 1.218ms total 30.452ms
08-05 03:19:11.273 15957 15980 I art     : Starting a blocking GC Explicit
08-05 03:19:11.278 19930 19930 D AndroidRuntime: >>>>>> START com.android.internal.os.RuntimeInit uid 2000 <<<<<<
08-05 03:19:11.284 19930 19930 D AndroidRuntime: CheckJNI is OFF
08-05 03:19:11.308 15957 15980 I art     : Explicit concurrent mark sweep GC freed 1422(84KB) AllocSpace objects, 1(20KB) LOS objects, 24% free, 48MB/64MB, paused 1.430ms total 34.690ms
08-05 03:19:11.318 15957 15980 I art     : Starting a blocking GC Explicit
08-05 03:19:11.322 19930 19930 D ICU     : No timezone override file found: /data/misc/zoneinfo/current/icu/icu_tzdata.dat
08-05 03:19:11.347 15957 15980 I art     : Explicit concurrent mark sweep GC freed 29(944B) AllocSpace objects, 0(0B) LOS objects, 24% free, 48MB/64MB, paused 1.231ms total 28.853ms
08-05 03:19:11.356 15957 15980 I art     : Starting a blocking GC Explicit
08-05 03:19:11.356 19930 19930 I Radio-JNI: register_android_hardware_Radio DONE
08-05 03:19:11.377 19930 19930 D AndroidRuntime: Calling main entry com.android.commands.am.Am
08-05 03:19:11.384 24044 24044 I Trepn   : Trepn 6.2s: Received intent: com.quicinc.trepn.stop_profiling
08-05 03:19:11.387 15957 15980 I art     : Explicit concurrent mark sweep GC freed 7(224B) AllocSpace objects, 0(0B) LOS objects, 24% free, 48MB/64MB, paused 1.097ms total 30.404ms
08-05 03:19:11.396 15957 15980 I art     : Starting a blocking GC Explicit
08-05 03:19:11.425 15957 15980 I art     : Explicit concurrent mark sweep GC freed 9(288B) AllocSpace objects, 0(0B) LOS objects, 24% free, 48MB/64MB, paused 1.146ms total 29.137ms
08-05 03:19:11.430 24044 24044 I Trepn   : Trepn 6.2s: Trepn has Stopped Profiling.
08-05 03:19:11.435 15957 15980 I art     : Starting a blocking GC Explicit
08-05 03:19:11.465 15957 15980 I art     : Explicit concurrent mark sweep GC freed 6(192B) AllocSpace objects, 0(0B) LOS objects, 24% free, 48MB/64MB, paused 1.073ms total 30.070ms
08-05 03:19:11.613 19930 19930 D AndroidRuntime: Shutting down VM
08-05 03:19:11.619   918  3670 W AppOps  : Finishing op nesting under-run: uid 10078 pkg com.quicinc.trepn code 24 time=0 duration=0 nesting=0
08-05 03:19:11.763 15957 15970 I art     : Starting a blocking GC Explicit
08-05 03:19:11.799 15957 15970 I art     : Explicit concurrent mark sweep GC freed 1383(81KB) AllocSpace objects, 1(20KB) LOS objects, 24% free, 48MB/64MB, paused 1.306ms total 35.504ms
08-05 03:19:11.809 15957 15970 I art     : Starting a blocking GC Explicit
08-05 03:19:11.843 15957 15970 I art     : Explicit concurrent mark sweep GC freed 23(752B) AllocSpace objects, 0(0B) LOS objects, 24% free, 48MB/64MB, paused 1.145ms total 33.875ms
08-05 03:19:11.854 15957 15970 I art     : Starting a blocking GC Explicit
08-05 03:19:11.886 15957 15970 I art     : Explicit concurrent mark sweep GC freed 3(96B) AllocSpace objects, 0(0B) LOS objects, 24% free, 48MB/64MB, paused 1.207ms total 31.709ms
08-05 03:19:11.896 15957 15970 I art     : Starting a blocking GC Explicit
08-05 03:19:11.927 15957 15970 I art     : Explicit concurrent mark sweep GC freed 3(96B) AllocSpace objects, 0(0B) LOS objects, 24% free, 48MB/64MB, paused 1.158ms total 31.420ms
08-05 03:19:11.937 15957 15970 I art     : Starting a blocking GC Explicit
08-05 03:19:11.968 15957 15970 I art     : Explicit concurrent mark sweep GC freed 3(96B) AllocSpace objects, 0(0B) LOS objects, 24% free, 48MB/64MB, paused 1.242ms total 30.942ms
