--------- beginning of main
08-05 19:27:54.184  3784  3784 D CarrierServiceBindHelper: Receive action: android.intent.action.PACKAGE_REMOVED
08-05 19:27:54.200   918  6112 I AccountManagerService: getTypesVisibleToCaller: isPermitted? true
08-05 19:27:54.218   918  4400 I AccountManagerService: getTypesVisibleToCaller: isPermitted? true
08-05 19:27:54.222 15866 15866 I Finsky  : [1] uah.a(18): PackageMonitorReceiverImpl - Received: android.intent.action.PACKAGE_REMOVED, [CFjXe5fo2ooiLur0Ju3smv2h5qnGgIsGl5_C_SkJu8g]
08-05 19:27:54.223 15866 15866 I Finsky  : [1] ubi.d(9): Invalidating cached PackageState for baseline.de.danoeh.antennapod.debug
08-05 19:27:54.223 24365  7279 I Fitness : FitCleanupIntentOperation received Intent android.intent.action.PACKAGE_REMOVED [CONTEXT service_id=17 ]
08-05 19:27:54.228 15866 15866 I Finsky  : [1] lzi.c(2): Frosting ID looked up on UI thread. Caller should move to a background thread.
08-05 19:27:54.231 15866 15866 I Finsky  : [1] nqb.c(3): Installer: package baseline.de.danoeh.antennapod.debug was removed. replacing: true
08-05 19:27:54.232  3784  3784 D CarrierServiceBindHelper: Receive action: android.intent.action.PACKAGE_ADDED
08-05 19:27:54.232 15866 15866 I Finsky  : [1] nra.a(188): Installer: Notifying status update. package=baseline.de.danoeh.antennapod.debug, status=UNINSTALLED
08-05 19:27:54.232  3784  3784 D CarrierServiceBindHelper: Receive action: android.intent.action.PACKAGE_REPLACED
08-05 19:27:54.233  3784  3784 D CarrierServiceBindHelper: mHandler: 3
08-05 19:27:54.233  3784  3784 D CarrierServiceBindHelper: mHandler: 3
08-05 19:27:54.233  3784  3784 D CarrierServiceBindHelper: mHandler: 3
08-05 19:27:54.233  3784  3784 D CarrierConfigLoader: mHandler: 9 phoneId: 0
08-05 19:27:54.282 15866 15866 I Finsky  : [1] lzi.c(2): Frosting ID looked up on UI thread. Caller should move to a background thread.
08-05 19:27:54.289 15866  7292 I Finsky  : [6178] ejf.a(-1): Cancelled 0 ongoing asset module downloads for package baseline.de.danoeh.antennapod.debug due to a concurrent app update.
08-05 19:27:54.302 15866 15866 I Finsky  : [1] nra.a(220): Installer: found apps to install. isMultiUserMode=false, apps=[]
08-05 19:27:54.366 15866 15881 W art     : Suspending all threads took: 50.363ms
08-05 19:27:54.378 15866 16054 I Finsky  : [6134] odj.b(52): IQ: Notifying installation update. package=baseline.de.danoeh.antennapod.debug, status=UNINSTALLED
08-05 19:27:54.387 15866  7284 I Finsky  : [6176] lyv.run(-1): Wrote row to frosting DB: 2932
08-05 19:27:54.413 24577  7277 I Auth    : [SupervisedAccountIntentOperation] onHandleIntent(): android.intent.action.PACKAGE_ADDED
08-05 19:27:54.415 24577  7289 I ChromeSync: [Sync,SyncIntentOperation] Handling the intent: Intent { act=android.intent.action.PACKAGE_ADDED dat=package:baseline.de.danoeh.antennapod.debug flg=0x4000010 cmp=com.google.android.gms/.chimera.GmsIntentOperationService (has extras) }.
--------- beginning of system
08-05 19:27:54.425   918  4400 W ActivityManager: Unable to start service Intent { act=com.google.android.gms.auth.key.retrieval.service.START pkg=com.google.android.gms } U=0: not found
08-05 19:27:54.431 15866 15866 I Finsky  : [1] uah.a(18): PackageMonitorReceiverImpl - Received: android.intent.action.PACKAGE_ADDED, [CFjXe5fo2ooiLur0Ju3smv2h5qnGgIsGl5_C_SkJu8g]
08-05 19:27:54.431 15866 15866 I Finsky  : [1] ubi.d(9): Invalidating cached PackageState for baseline.de.danoeh.antennapod.debug
08-05 19:27:54.467 15866 15866 I Finsky  : [1] lzi.c(2): Frosting ID looked up on UI thread. Caller should move to a background thread.
08-05 19:27:54.495   918  3670 W ActivityManager: Unbind failed: could not find connection for android.os.BinderProxy@7c1123e
08-05 19:27:54.498 15866 15866 I Finsky  : [1] agsx.a(4): Do not start WearSupportService due to Wear service optimization
08-05 19:27:54.520 24577 24621 E GmsClient: unable to connect to service: com.google.android.gms.auth.key.retrieval.service.START on com.google.android.gms
08-05 19:27:54.558 15866  7292 I Finsky  : [6178] ejc.a(-1): Asset module broadcast after update successful for package baseline.de.danoeh.antennapod.debug. 0 sessions broadcast.
08-05 19:27:54.562 15866  7285 I Finsky  : [6177] gzn.a(-1): [ContentSync] finished, scheduled=false
08-05 19:27:54.567   918  3359 I AccountManagerService: getTypesVisibleToCaller: isPermitted? true
08-05 19:27:54.570 15866 15866 I Finsky  : [1] lzi.c(2): Frosting ID looked up on UI thread. Caller should move to a background thread.
08-05 19:27:54.590 24577  7289 I ChromeSync: [Persistence,AffiliationManager] One of affiliation or grouping data for android://bz0hZa4nAJEtd0n5sRlXG7KAqctUMWVefv7Ki4mh1p6slZ9YO-n9gS9j8m9YCrsIyI2wIxrDHraumF9Y6pBLTA==@baseline.de.danoeh.antennapod.debug/ was not found. Marking affiliation data as stale...
08-05 19:27:54.627 15866  7284 I Finsky  : [6176] lyv.run(-1): Wrote row to frosting DB: 2933
08-05 19:27:54.632 15866 16054 I Finsky  : [6134] odj.b(40): IQ: No matching installs to run for jobs: []
08-05 19:27:54.682   918   928 I AccountManagerService: getTypesVisibleToCaller: isPermitted? true
08-05 19:27:54.744 15866 15866 I Finsky  : [1] xmu.a(8): SCH: Jobs in database: 1-1337 3-219 3-220 12-1 24-77777777 26-1414141414 
08-05 19:27:54.747 15866  7285 I Finsky  : [6177] gzn.a(-1): [ContentSync] finished, scheduled=true
08-05 19:27:54.747 15866 15866 I Finsky  : [1] xio.a(57): SCH: ConstraintMapping: 24-77777777,  -> L: 0ms, D: 6125774ms, C: false, I: true, N: 0
08-05 19:27:54.748 15866 15866 I Finsky  : [1] xio.a(57): SCH: ConstraintMapping: 1-1337, 12-1,  -> L: 14498ms, D: 9478167ms, C: false, I: false, N: 1
08-05 19:27:54.748 15866 15866 I Finsky  : [1] xio.a(57): SCH: ConstraintMapping: 3-219,  -> L: 0ms, D: 84688777ms, C: false, I: true, N: 2
08-05 19:27:54.749 15866 15866 I Finsky  : [1] xio.a(57): SCH: ConstraintMapping: 3-220,  -> L: 0ms, D: 84688819ms, C: true, I: true, N: 2
08-05 19:27:54.749 15866 15866 I Finsky  : [1] xio.a(57): SCH: ConstraintMapping: 26-1414141414,  -> L: 14125632ms, D: 15025632ms, C: false, I: false, N: 0
08-05 19:27:54.762 15866 15866 I Finsky  : [1] xle.a(34): Cancelling existing jobscheduler jobs: 9008 9013 9010 9009 9004 9001 9007 9005 9002 9015 
08-05 19:27:54.763 15866 15866 I Finsky  : [1] xle.a(27): Scheduling job Id: 9000, L: 0, D: 6125774, C: false, I: true, N: 0
08-05 19:27:54.766 15866 15866 I Finsky  : [1] xle.a(27): Scheduling job Id: 9003, L: 14498, D: 9478167, C: false, I: false, N: 1
08-05 19:27:54.768 15866 15866 I Finsky  : [1] xle.a(27): Scheduling job Id: 9006, L: 0, D: 84688777, C: false, I: true, N: 2
08-05 19:27:54.770 15866 15866 I Finsky  : [1] xle.a(27): Scheduling job Id: 9011, L: 0, D: 84688819, C: true, I: true, N: 2
08-05 19:27:54.774 15866 15866 I Finsky  : [1] xle.a(27): Scheduling job Id: 9012, L: 14125632, D: 15025632, C: false, I: false, N: 0
08-05 19:27:54.778  7309  7309 D AndroidRuntime: >>>>>> START com.android.internal.os.RuntimeInit uid 2000 <<<<<<
08-05 19:27:54.782  7309  7309 D AndroidRuntime: CheckJNI is OFF
08-05 19:27:54.785  7260  7260 I ServiceManager: Waiting for service AtCmdFwd...
08-05 19:27:54.787 15866 15866 I Finsky  : [1] xle.a(27): Scheduling job Id: 9014, L: 0, D: 6125774, C: false, I: true, N: 0
08-05 19:27:54.791 15866 15866 I Finsky  : [1] xle.a(27): Scheduling job Id: 9016, L: 14498, D: 9478167, C: false, I: false, N: 1
08-05 19:27:54.793 15866 15866 I Finsky  : [1] xle.a(27): Scheduling job Id: 9017, L: 0, D: 84688777, C: false, I: true, N: 2
08-05 19:27:54.794 15866 15866 I Finsky  : [1] xle.a(27): Scheduling job Id: 9018, L: 0, D: 84688819, C: true, I: true, N: 2
08-05 19:27:54.796 15866 15866 I Finsky  : [1] xle.a(27): Scheduling job Id: 9019, L: 14125632, D: 15025632, C: false, I: false, N: 0
08-05 19:27:54.805  7309  7309 D ICU     : No timezone override file found: /data/misc/zoneinfo/current/icu/icu_tzdata.dat
08-05 19:27:54.808 15866  7284 I Finsky  : [6176] lyv.run(-1): Wrote row to frosting DB: 2934
08-05 19:27:54.831  7309  7309 I Radio-JNI: register_android_hardware_Radio DONE
08-05 19:27:54.846  7309  7309 D AndroidRuntime: Calling main entry com.android.commands.monkey.Monkey
08-05 19:27:54.862   918   931 W BroadcastQueue: Skipping deliver [background] BroadcastRecord{b0fadab u-1 android.net.conn.CONNECTIVITY_CHANGE} to ReceiverList{7f92fa1 7309 (unknown name)/2000/u-1 remote:96e9a1c}: process crashing
08-05 19:27:54.872   918  6110 I ActivityManager: START u0 {act=android.intent.action.MAIN cat=[android.intent.category.LAUNCHER] flg=0x10200000 cmp=baseline.de.danoeh.antennapod.debug/baseline.de.danoeh.antennapod.activity.SplashActivity} from uid 2000 on display 0
08-05 19:27:54.883 15866  7284 I Finsky  : [6176] lyv.run(-1): Wrote row to frosting DB: 2935
08-05 19:27:54.892  7325  7325 I art     : Late-enabling -Xcheck:jni
08-05 19:27:54.894   918  4413 I ActivityManager: Start proc 7325:baseline.de.danoeh.antennapod.debug/u0a695 for activity baseline.de.danoeh.antennapod.debug/baseline.de.danoeh.antennapod.activity.SplashActivity
08-05 19:27:54.926  7309  7309 I art     : System.exit called, status: 0
08-05 19:27:54.926  7309  7309 I AndroidRuntime: VM exiting with result code 0.
08-05 19:27:54.929   918  3696 I AccountManagerService: getTypesVisibleToCaller: isPermitted? true
08-05 19:27:54.937  7325  7325 W System  : ClassLoader referenced unknown path: /data/app/baseline.de.danoeh.antennapod.debug-2/lib/arm64
08-05 19:27:54.937 24577 13294 I Icing   : IndexChimeraService.getServiceInterface callingPackage=com.google.android.gms componentName=AppsCorpus serviceId=36
08-05 19:27:54.952  7325  7325 D UserPreferences: Creating new instance of UserPreferences
08-05 19:27:54.954  7325  7325 D UserPreferences: Using default data folder
08-05 19:27:54.961  7325  7325 D UserPreferences: Import directory already exists
08-05 19:27:54.964  7325  7325 D UpdateManager: old: -1, current: 1070296
08-05 19:27:54.968  7325  7325 D SleepTimerPreferences: Creating new instance of SleepTimerPreferences
08-05 19:27:54.977 24577 31546 W Icing   : No valid account for uploading user actions
08-05 19:27:54.981 16458  5471 I PBSessionCacheImpl: Deleted sessionId[72384646105454640] from persistence.
08-05 19:27:54.981  7325  7325 D SPAUtil : Sending SP_APPS_QUERY_FEEDS intent
08-05 19:27:54.988 16458 16488 W SearchServiceCore: Abort, client detached.
08-05 19:27:54.989 16458 16488 I MicroDetectionState: Should stop hotword detection immediately - true
08-05 19:27:55.002 24577 13316 I Icing   : IndexChimeraService.getServiceInterface callingPackage=com.google.android.gms componentName=null serviceId=30
08-05 19:27:55.007  7325  7325 W art     : Before Android 4.1, method android.graphics.PorterDuffColorFilter androidx.vectordrawable.graphics.drawable.VectorDrawableCompat.updateTintFilter(android.graphics.PorterDuffColorFilter, android.content.res.ColorStateList, android.graphics.PorterDuff$Mode) would have incorrectly overridden the package-private method in android.graphics.drawable.Drawable
08-05 19:27:55.038  7325  7325 I art     : Rejecting re-init on previously-failed class java.lang.Class<androidx.core.view.ViewCompat$2>
08-05 19:27:55.039  7325  7325 I art     : Rejecting re-init on previously-failed class java.lang.Class<androidx.core.view.ViewCompat$2>
08-05 19:27:55.061  7325  7346 D OpenGLRenderer: Use EGL_SWAP_BEHAVIOR_PRESERVED: true
08-05 19:27:55.070 24577 31546 I Icing   : Usage reports ok 2, Failed Usage reports 0, indexed 0, rejected 0
08-05 19:27:55.074 24577 31546 W Icing   : No valid account for uploading user actions
08-05 19:27:55.091 24577 31546 I Icing   : Usage reports ok 0, Failed Usage reports 0, indexed 0, rejected 0
08-05 19:27:55.092 24577 31546 I Icing   : Indexing com.google.android.gms-internal.3p:MobileApplication from com.google.android.gms using seqno 763
08-05 19:27:55.095 24577 31546 I Icing   : Indexing com.google.android.gms-internal.3p:MobileApplication from com.google.android.gms using seqno 763
08-05 19:27:55.106  7325  7346 I Adreno  : QUALCOMM build                   : fcf4852, I1af360237c
08-05 19:27:55.106  7325  7346 I Adreno  : Build Date                       : 09/23/15
08-05 19:27:55.106  7325  7346 I Adreno  : OpenGL ES Shader Compiler Version: XE031.05.13.02
08-05 19:27:55.106  7325  7346 I Adreno  : Local Branch                     : mybranch14465806
08-05 19:27:55.106  7325  7346 I Adreno  : Remote Branch                    : quic/LA.BF64.1.2.9_v2
08-05 19:27:55.106  7325  7346 I Adreno  : Remote Branch                    : NONE
08-05 19:27:55.106  7325  7346 I Adreno  : Reconstruct Branch               : NOTHING
08-05 19:27:55.112  7325  7346 I OpenGLRenderer: Initialized EGL, version 1.4
08-05 19:27:55.139   918  3961 I ActivityManager: START u0 {cmp=baseline.de.danoeh.antennapod.debug/baseline.de.danoeh.antennapod.activity.MainActivity} from uid 10695 on display 0
08-05 19:27:55.145 24577 13316 I Icing   : IndexChimeraService.getServiceInterface callingPackage=com.google.android.gms componentName=null serviceId=36
08-05 19:27:55.147 13866 13866 I GoogleInputMethodServic: GoogleInputMethodService.onFinishInput():3138 
08-05 19:27:55.148 13866 13866 I GoogleInputMethodServic: GoogleInputMethodService.onStartInput():1808 
08-05 19:27:55.154 24577 31546 W Icing   : No valid account for uploading user actions
08-05 19:27:55.169 24577 31546 I Icing   : Usage reports ok 0, Failed Usage reports 0, indexed 0, rejected 0
08-05 19:27:55.265  7325  7325 D UserPreferences: Using default data folder
08-05 19:27:55.306  7325  7325 D MainActivity: getLastNavFragment() -> QueueFragment
08-05 19:27:55.307  7325  7325 D MainActivity: loadFragment(tag: QueueFragment, args: null)
08-05 19:27:55.309  7325  7325 D MainActivity: saveLastNavFragment(tag: QueueFragment)
08-05 19:27:55.310  7325  7325 D MainActivity: getLastNavFragment() -> QueueFragment
08-05 19:27:55.310  7325  7325 D UserPreferences: timeOfDay: []
08-05 19:27:55.312  7325  7325 D AutoUpdateManager: Restarting update alarm.
08-05 19:27:55.314  7325  7325 D AutoUpdateManager: Changed alarm to new interval 12 h
08-05 19:27:55.343  7325  7325 D UserPreferences: timeOfDay: []
08-05 19:27:55.343  7325  7325 D AutoUpdateManager: Restarting update alarm.
08-05 19:27:55.344  7325  7325 D AutoUpdateManager: Changed alarm to new interval 12 h
08-05 19:27:55.396  7325  7325 D ExternalPlayerFragment: Loading media info
08-05 19:27:55.398  7325  7325 D QueueFragment: loadItems()
08-05 19:27:55.402  7325  7345 D DBReader: getQueue() called
08-05 19:27:55.402  7325  7345 D DBReader: getQueue()
08-05 19:27:55.405  7325  7345 D DBReader: getFavoriteIDList() called
08-05 19:27:55.407  7325  7345 D DBReader: getQueueIDList() called
08-05 19:27:55.408  7325  7345 D DBReader: Extracting Feedlist
08-05 19:27:55.412  7325  7325 V PlaybackController: initServiceNotRunning()
08-05 19:27:55.414  7325  7325 D ExternalPlayerFragment: Loading media info
08-05 19:27:55.418  7325  7325 D UserPreferences: Using default data folder
08-05 19:27:55.429  7325  7325 D AutoUpdateManager: last refresh: 443513 hours 27 minutes ago
08-05 19:27:55.431  7325  7345 D DBReader: getNavDrawerData() called with: 
08-05 19:27:55.438  7325  7345 D DBReader: getDownloadedItems() called
08-05 19:27:55.441  7325  7345 D DBReader: getFavoriteIDList() called
08-05 19:27:55.442  7325  7345 D DBReader: getQueueIDList() called
08-05 19:27:55.443  7325  7345 D DBReader: Extracting Feedlist
08-05 19:27:55.447   380   380 W SurfaceFlinger: couldn't log to binary event log: overflow.
08-05 19:27:55.560  7325  7325 D MainActivity: getLastNavFragment() -> QueueFragment
08-05 19:27:55.560  7325  7325 D MainActivity: handleNavIntent()
08-05 19:27:55.662   918   936 I ActivityManager: Displayed baseline.de.danoeh.antennapod.debug/baseline.de.danoeh.antennapod.activity.MainActivity: +427ms (total +783ms)
08-05 19:27:55.662 13866 13866 I GoogleInputMethodServic: GoogleInputMethodService.onFinishInput():3138 
08-05 19:27:55.663 13866 13866 I GoogleInputMethodServic: GoogleInputMethodService.onStartInput():1808 
08-05 19:27:55.698 29532 29532 W PathParser: Points are too far apart 4.030360828967057
08-05 19:27:55.698 29532 29532 W PathParser: Points are too far apart 4.030360538880159
08-05 19:27:55.716 29532 29532 W PathParser: Points are too far apart 4.030360828967057
08-05 19:27:55.716 29532 29532 W PathParser: Points are too far apart 4.030360538880159
08-05 19:27:55.733 29532 29532 W PathParser: Points are too far apart 4.030360828967057
08-05 19:27:55.733 29532 29532 W PathParser: Points are too far apart 4.030360538880159
08-05 19:27:55.748 29532 29532 W PathParser: Points are too far apart 4.030360828967057
08-05 19:27:55.749 29532 29532 W PathParser: Points are too far apart 4.030360538880159
08-05 19:27:55.764 29532 29532 W PathParser: Points are too far apart 4.030360828967057
08-05 19:27:55.765 29532 29532 W PathParser: Points are too far apart 4.030360538880159
08-05 19:27:55.781 29532 29532 W PathParser: Points are too far apart 4.030360828967057
08-05 19:27:55.781 29532 29532 W PathParser: Points are too far apart 4.030360538880159
08-05 19:27:55.786   518   646 I ThermalEngine: ACTION: GPU - Setting GPU[0] to 510000000
08-05 19:27:55.790  7260  7260 I ServiceManager: Waiting for service AtCmdFwd...
08-05 19:27:55.798 29532 29532 W PathParser: Points are too far apart 4.030360828967057
08-05 19:27:55.798 29532 29532 W PathParser: Points are too far apart 4.030360538880159
08-05 19:27:55.815 29532 29532 W PathParser: Points are too far apart 4.030360828967057
08-05 19:27:55.815 29532 29532 W PathParser: Points are too far apart 4.030360538880159
08-05 19:27:56.077 24577 31546 I Icing   : Indexing com.google.android.gms-apps from com.google.android.gms
08-05 19:27:56.168 24577 31546 I Icing   : Indexing done com.google.android.gms-apps
08-05 19:27:56.452  7325  7371 D DBReader: Extracting Feedlist
08-05 19:27:56.455  7325  7371 D FlattrUtils: Retrieving access token
08-05 19:27:56.456  7325  7371 D FlattrUtils: No access token found
08-05 19:27:56.459  7325  7371 I art     : Rejecting re-init on previously-failed class java.lang.Class<androidx.core.app.JobIntentService$JobServiceEngineImpl>
08-05 19:27:56.459  7325  7371 I art     : Rejecting re-init on previously-failed class java.lang.Class<androidx.core.app.JobIntentService$JobServiceEngineImpl>
08-05 19:27:56.460  7325  7371 I art     : Rejecting re-init on previously-failed class java.lang.Class<androidx.core.app.SafeJobIntentService$SafeJobServiceEngineImpl>
08-05 19:27:56.460  7325  7371 I art     : Rejecting re-init on previously-failed class java.lang.Class<androidx.core.app.SafeJobIntentService$SafeJobServiceEngineImpl>
08-05 19:27:56.597  7368  7368 D AndroidRuntime: >>>>>> START com.android.internal.os.RuntimeInit uid 2000 <<<<<<
08-05 19:27:56.604  7368  7368 D AndroidRuntime: CheckJNI is OFF
08-05 19:27:56.647  7368  7368 D ICU     : No timezone override file found: /data/misc/zoneinfo/current/icu/icu_tzdata.dat
08-05 19:27:56.690  7368  7368 I Radio-JNI: register_android_hardware_Radio DONE
08-05 19:27:56.714  7368  7368 D AndroidRuntime: Calling main entry com.android.commands.am.Am
08-05 19:27:56.724  5615  5615 I Trepn   : Trepn 6.2s: Received intent: com.quicinc.trepn.start_profiling
08-05 19:27:56.790  7260  7260 I ServiceManager: Waiting for service AtCmdFwd...
08-05 19:27:56.863  5615  5615 W FileUtils: Failed to chmod(/storage/emulated/0/trepn/Trepn_2020.08.05_192756.db): android.system.ErrnoException: chmod failed: EPERM (Operation not permitted)
08-05 19:27:56.864 13866 13866 I GoogleInputMethodServic: GoogleInputMethodService.onFinishInput():3138 
08-05 19:27:56.866 13866 13866 I GoogleInputMethodServic: GoogleInputMethodService.onStartInput():1808 
08-05 19:27:57.005  5615  5615 I Trepn   : Trepn 6.2s: Trepn has Started Profiling.
08-05 19:27:57.008  7368  7368 D AndroidRuntime: Shutting down VM
08-05 19:27:57.476  7325  7337 I art     : Starting a blocking GC Explicit
08-05 19:27:57.504  7325  7337 I art     : Explicit concurrent mark sweep GC freed 4740(497KB) AllocSpace objects, 1(20KB) LOS objects, 40% free, 23MB/38MB, paused 220us total 28.263ms
08-05 19:27:57.517  7325  7337 I art     : Starting a blocking GC Explicit
08-05 19:27:57.533  7325  7337 I art     : Explicit concurrent mark sweep GC freed 2666(162KB) AllocSpace objects, 2(588KB) LOS objects, 40% free, 22MB/37MB, paused 190us total 16.124ms
08-05 19:27:57.541  7325  7337 I art     : Starting a blocking GC Explicit
08-05 19:27:57.558  7325  7337 I art     : Explicit concurrent mark sweep GC freed 3(96B) AllocSpace objects, 0(0B) LOS objects, 40% free, 22MB/37MB, paused 190us total 15.967ms
08-05 19:27:57.565  7325  7337 I art     : Starting a blocking GC Explicit
08-05 19:27:57.582  7325  7337 I art     : Explicit concurrent mark sweep GC freed 3(96B) AllocSpace objects, 0(0B) LOS objects, 40% free, 22MB/37MB, paused 199us total 15.961ms
08-05 19:27:57.590  7325  7337 I art     : Starting a blocking GC Explicit
08-05 19:27:57.606  7325  7337 I art     : Explicit concurrent mark sweep GC freed 3(96B) AllocSpace objects, 0(0B) LOS objects, 40% free, 22MB/37MB, paused 183us total 15.955ms
08-05 19:27:57.792  7260  7260 I ServiceManager: Waiting for service AtCmdFwd...
08-05 19:27:57.891  7325  7336 I art     : Starting a blocking GC Explicit
08-05 19:27:57.910  7325  7336 I art     : Explicit concurrent mark sweep GC freed 1371(82KB) AllocSpace objects, 1(20KB) LOS objects, 40% free, 22MB/37MB, paused 210us total 19.418ms
08-05 19:27:57.922  7325  7336 I art     : Starting a blocking GC Explicit
08-05 19:27:57.938  7325  7336 I art     : Explicit concurrent mark sweep GC freed 23(768B) AllocSpace objects, 0(0B) LOS objects, 40% free, 22MB/37MB, paused 181us total 16.096ms
08-05 19:27:57.947  7325  7336 I art     : Starting a blocking GC Explicit
08-05 19:27:57.963  7325  7336 I art     : Explicit concurrent mark sweep GC freed 3(96B) AllocSpace objects, 0(0B) LOS objects, 40% free, 22MB/37MB, paused 182us total 16.100ms
08-05 19:27:57.971  7325  7336 I art     : Starting a blocking GC Explicit
08-05 19:27:57.986  7325  7336 I art     : Explicit concurrent mark sweep GC freed 3(96B) AllocSpace objects, 0(0B) LOS objects, 40% free, 22MB/37MB, paused 179us total 15.249ms
08-05 19:27:57.994  7325  7336 I art     : Starting a blocking GC Explicit
08-05 19:27:58.009  7325  7336 I art     : Explicit concurrent mark sweep GC freed 3(96B) AllocSpace objects, 0(0B) LOS objects, 40% free, 22MB/37MB, paused 191us total 14.975ms
08-05 19:27:58.290  7325  7337 I art     : Starting a blocking GC Explicit
08-05 19:27:58.307  7325  7337 I art     : Explicit concurrent mark sweep GC freed 1385(80KB) AllocSpace objects, 1(20KB) LOS objects, 40% free, 22MB/37MB, paused 189us total 16.491ms
08-05 19:27:58.314  7325  7337 I art     : Starting a blocking GC Explicit
08-05 19:27:58.331  7325  7337 I art     : Explicit concurrent mark sweep GC freed 23(752B) AllocSpace objects, 0(0B) LOS objects, 40% free, 22MB/37MB, paused 198us total 16.041ms
08-05 19:27:58.339  7325  7337 I art     : Starting a blocking GC Explicit
08-05 19:27:58.355  7325  7337 I art     : Explicit concurrent mark sweep GC freed 3(96B) AllocSpace objects, 0(0B) LOS objects, 40% free, 22MB/37MB, paused 181us total 15.781ms
08-05 19:27:58.363  7325  7337 I art     : Starting a blocking GC Explicit
08-05 19:27:58.378  7325  7337 I art     : Explicit concurrent mark sweep GC freed 3(96B) AllocSpace objects, 0(0B) LOS objects, 40% free, 22MB/37MB, paused 184us total 15.507ms
08-05 19:27:58.386  7325  7337 I art     : Starting a blocking GC Explicit
08-05 19:27:58.401  7325  7337 I art     : Explicit concurrent mark sweep GC freed 3(96B) AllocSpace objects, 0(0B) LOS objects, 40% free, 22MB/37MB, paused 188us total 15.052ms
08-05 19:27:58.699  7325  7336 I art     : Starting a blocking GC Explicit
08-05 19:27:58.715  7325  7336 I art     : Explicit concurrent mark sweep GC freed 1388(80KB) AllocSpace objects, 1(20KB) LOS objects, 40% free, 22MB/37MB, paused 188us total 15.963ms
08-05 19:27:58.723  7325  7336 I art     : Starting a blocking GC Explicit
08-05 19:27:58.738  7325  7336 I art     : Explicit concurrent mark sweep GC freed 23(752B) AllocSpace objects, 0(0B) LOS objects, 40% free, 22MB/37MB, paused 172us total 14.878ms
08-05 19:27:58.746  7325  7336 I art     : Starting a blocking GC Explicit
08-05 19:27:58.761  7325  7336 I art     : Explicit concurrent mark sweep GC freed 3(96B) AllocSpace objects, 0(0B) LOS objects, 40% free, 22MB/37MB, paused 190us total 14.463ms
08-05 19:27:58.769  7325  7336 I art     : Starting a blocking GC Explicit
08-05 19:27:58.784  7325  7336 I art     : Explicit concurrent mark sweep GC freed 3(96B) AllocSpace objects, 0(0B) LOS objects, 40% free, 22MB/37MB, paused 192us total 15.199ms
08-05 19:27:58.792  7325  7336 I art     : Starting a blocking GC Explicit
08-05 19:27:58.792  7260  7260 I ServiceManager: Waiting for service AtCmdFwd...
08-05 19:27:58.808  7325  7336 I art     : Explicit concurrent mark sweep GC freed 3(96B) AllocSpace objects, 0(0B) LOS objects, 40% free, 22MB/37MB, paused 177us total 15.600ms
08-05 19:27:59.131  7325  7434 I art     : Starting a blocking GC Explicit
08-05 19:27:59.151  7325  7434 I art     : Explicit concurrent mark sweep GC freed 1384(80KB) AllocSpace objects, 1(20KB) LOS objects, 40% free, 22MB/37MB, paused 226us total 19.725ms
08-05 19:27:59.161  7325  7434 I art     : Starting a blocking GC Explicit
08-05 19:27:59.178  7325  7434 I art     : Explicit concurrent mark sweep GC freed 23(752B) AllocSpace objects, 0(0B) LOS objects, 40% free, 22MB/37MB, paused 198us total 16.014ms
08-05 19:27:59.186  7325  7434 I art     : Starting a blocking GC Explicit
08-05 19:27:59.201  7325  7434 I art     : Explicit concurrent mark sweep GC freed 3(96B) AllocSpace objects, 0(0B) LOS objects, 40% free, 22MB/37MB, paused 193us total 15.687ms
08-05 19:27:59.209  7325  7434 I art     : Starting a blocking GC Explicit
08-05 19:27:59.226  7325  7434 I art     : Explicit concurrent mark sweep GC freed 3(96B) AllocSpace objects, 0(0B) LOS objects, 40% free, 22MB/37MB, paused 205us total 15.981ms
08-05 19:27:59.234  7325  7434 I art     : Starting a blocking GC Explicit
08-05 19:27:59.250  7325  7434 I art     : Explicit concurrent mark sweep GC freed 3(96B) AllocSpace objects, 0(0B) LOS objects, 40% free, 22MB/37MB, paused 190us total 15.885ms
08-05 19:27:59.580  7325  7337 I art     : Starting a blocking GC Explicit
08-05 19:27:59.601  7325  7337 I art     : Explicit concurrent mark sweep GC freed 1358(80KB) AllocSpace objects, 1(20KB) LOS objects, 40% free, 22MB/37MB, paused 216us total 20.136ms
08-05 19:27:59.612  7325  7337 I art     : Starting a blocking GC Explicit
08-05 19:27:59.630  7325  7337 I art     : Explicit concurrent mark sweep GC freed 23(752B) AllocSpace objects, 0(0B) LOS objects, 40% free, 22MB/37MB, paused 194us total 18.398ms
08-05 19:27:59.639  7325  7337 I art     : Starting a blocking GC Explicit
08-05 19:27:59.655  7325  7337 I art     : Explicit concurrent mark sweep GC freed 3(96B) AllocSpace objects, 0(0B) LOS objects, 40% free, 22MB/37MB, paused 195us total 16.118ms
08-05 19:27:59.663  7325  7337 I art     : Starting a blocking GC Explicit
08-05 19:27:59.680  7325  7337 I art     : Explicit concurrent mark sweep GC freed 3(96B) AllocSpace objects, 0(0B) LOS objects, 40% free, 22MB/37MB, paused 182us total 16.342ms
08-05 19:27:59.688  7325  7337 I art     : Starting a blocking GC Explicit
08-05 19:27:59.704  7325  7337 I art     : Explicit concurrent mark sweep GC freed 3(96B) AllocSpace objects, 0(0B) LOS objects, 40% free, 22MB/37MB, paused 185us total 15.313ms
08-05 19:27:59.793  7260  7260 W Atfwd_Sendcmd: AtCmdFwd service not published, waiting... retryCnt : 2
08-05 19:28:00.023  7325  7336 I art     : Starting a blocking GC Explicit
08-05 19:28:00.040  7325  7336 I art     : Explicit concurrent mark sweep GC freed 1360(81KB) AllocSpace objects, 1(20KB) LOS objects, 40% free, 22MB/37MB, paused 219us total 16.905ms
08-05 19:28:00.048  7325  7336 I art     : Starting a blocking GC Explicit
08-05 19:28:00.064  7325  7336 I art     : Explicit concurrent mark sweep GC freed 48(1440B) AllocSpace objects, 0(0B) LOS objects, 40% free, 22MB/37MB, paused 182us total 15.701ms
08-05 19:28:00.071  7325  7336 I art     : Starting a blocking GC Explicit
08-05 19:28:00.085  7325  7336 I art     : Explicit concurrent mark sweep GC freed 3(96B) AllocSpace objects, 0(0B) LOS objects, 40% free, 22MB/37MB, paused 166us total 14.350ms
08-05 19:28:00.093  7325  7336 I art     : Starting a blocking GC Explicit
08-05 19:28:00.108  7325  7336 I art     : Explicit concurrent mark sweep GC freed 3(96B) AllocSpace objects, 0(0B) LOS objects, 40% free, 22MB/37MB, paused 244us total 14.759ms
08-05 19:28:00.115  7325  7336 I art     : Starting a blocking GC Explicit
08-05 19:28:00.131  7325  7336 I art     : Explicit concurrent mark sweep GC freed 3(96B) AllocSpace objects, 0(0B) LOS objects, 40% free, 22MB/37MB, paused 183us total 15.314ms
08-05 19:28:00.148 13866 13882 I PeriodicStatsRunner: PeriodicStatsRunner.call():175 call()
08-05 19:28:00.148 13866 13882 I PeriodicStatsRunner: PeriodicStatsRunner.call():179 No submit PeriodicStats since input started.
08-05 19:28:00.435  7325  7434 I art     : Starting a blocking GC Explicit
08-05 19:28:00.452  7325  7434 I art     : Explicit concurrent mark sweep GC freed 1359(81KB) AllocSpace objects, 1(20KB) LOS objects, 40% free, 22MB/37MB, paused 203us total 16.581ms
08-05 19:28:00.460  7325  7434 I art     : Starting a blocking GC Explicit
08-05 19:28:00.476  7325  7434 I art     : Explicit concurrent mark sweep GC freed 23(752B) AllocSpace objects, 0(0B) LOS objects, 40% free, 22MB/37MB, paused 190us total 15.675ms
08-05 19:28:00.476  7325  7335 I art     : WaitForGcToComplete blocked for 15.897ms for cause HeapTrim
08-05 19:28:00.484  7325  7434 I art     : Starting a blocking GC Explicit
08-05 19:28:00.499  7325  7434 I art     : Explicit concurrent mark sweep GC freed 3(96B) AllocSpace objects, 0(0B) LOS objects, 40% free, 22MB/37MB, paused 174us total 15.520ms
08-05 19:28:00.507  7325  7434 I art     : Starting a blocking GC Explicit
08-05 19:28:00.523  7325  7434 I art     : Explicit concurrent mark sweep GC freed 3(96B) AllocSpace objects, 0(0B) LOS objects, 40% free, 22MB/37MB, paused 190us total 16.025ms
08-05 19:28:00.531  7325  7434 I art     : Starting a blocking GC Explicit
08-05 19:28:00.548  7325  7434 I art     : Explicit concurrent mark sweep GC freed 3(96B) AllocSpace objects, 0(0B) LOS objects, 40% free, 22MB/37MB, paused 189us total 16.158ms
08-05 19:28:00.664 13866 13882 I PeriodicStatsRunner: PeriodicStatsRunner.call():175 call()
08-05 19:28:00.665 13866 13882 I PeriodicStatsRunner: PeriodicStatsRunner.call():179 No submit PeriodicStats since input started.
08-05 19:28:00.836  7325  7337 I art     : Starting a blocking GC Explicit
08-05 19:28:00.851  7325  7337 I art     : Explicit concurrent mark sweep GC freed 1358(79KB) AllocSpace objects, 1(20KB) LOS objects, 40% free, 22MB/37MB, paused 174us total 14.533ms
08-05 19:28:00.858  7325  7337 I art     : Starting a blocking GC Explicit
08-05 19:28:00.872  7325  7337 I art     : Explicit concurrent mark sweep GC freed 23(752B) AllocSpace objects, 0(0B) LOS objects, 40% free, 22MB/37MB, paused 177us total 13.829ms
08-05 19:28:00.879  7325  7337 I art     : Starting a blocking GC Explicit
08-05 19:28:00.893  7325  7337 I art     : Explicit concurrent mark sweep GC freed 3(96B) AllocSpace objects, 0(0B) LOS objects, 40% free, 22MB/37MB, paused 172us total 13.889ms
08-05 19:28:00.900  7325  7337 I art     : Starting a blocking GC Explicit
08-05 19:28:00.914  7325  7337 I art     : Explicit concurrent mark sweep GC freed 3(96B) AllocSpace objects, 0(0B) LOS objects, 40% free, 22MB/37MB, paused 175us total 13.901ms
08-05 19:28:00.921  7325  7337 I art     : Starting a blocking GC Explicit
08-05 19:28:00.935  7325  7337 I art     : Explicit concurrent mark sweep GC freed 3(96B) AllocSpace objects, 0(0B) LOS objects, 40% free, 22MB/37MB, paused 166us total 13.788ms
08-05 19:28:01.247  7325  7336 I art     : Starting a blocking GC Explicit
08-05 19:28:01.271  7325  7336 I art     : Explicit concurrent mark sweep GC freed 1383(80KB) AllocSpace objects, 1(20KB) LOS objects, 40% free, 22MB/37MB, paused 212us total 23.395ms
08-05 19:28:01.282  7325  7336 I art     : Starting a blocking GC Explicit
08-05 19:28:01.300  7325  7336 I art     : Explicit concurrent mark sweep GC freed 23(752B) AllocSpace objects, 0(0B) LOS objects, 40% free, 22MB/37MB, paused 172us total 16.933ms
08-05 19:28:01.308  7325  7336 I art     : Starting a blocking GC Explicit
08-05 19:28:01.324  7325  7336 I art     : Explicit concurrent mark sweep GC freed 3(96B) AllocSpace objects, 0(0B) LOS objects, 40% free, 22MB/37MB, paused 188us total 15.857ms
08-05 19:28:01.332  7325  7336 I art     : Starting a blocking GC Explicit
08-05 19:28:01.348  7325  7336 I art     : Explicit concurrent mark sweep GC freed 3(96B) AllocSpace objects, 0(0B) LOS objects, 40% free, 22MB/37MB, paused 182us total 15.881ms
08-05 19:28:01.356  7325  7336 I art     : Starting a blocking GC Explicit
08-05 19:28:01.372  7325  7336 I art     : Explicit concurrent mark sweep GC freed 3(96B) AllocSpace objects, 0(0B) LOS objects, 40% free, 22MB/37MB, paused 180us total 15.905ms
08-05 19:28:01.674  7325  7434 I art     : Starting a blocking GC Explicit
08-05 19:28:01.695  7325  7434 I art     : Explicit concurrent mark sweep GC freed 1357(79KB) AllocSpace objects, 1(20KB) LOS objects, 40% free, 22MB/37MB, paused 234us total 20.608ms
08-05 19:28:01.709  7325  7434 I art     : Starting a blocking GC Explicit
08-05 19:28:01.725  7325  7434 I art     : Explicit concurrent mark sweep GC freed 23(752B) AllocSpace objects, 0(0B) LOS objects, 40% free, 22MB/37MB, paused 185us total 16.342ms
08-05 19:28:01.733  7325  7434 I art     : Starting a blocking GC Explicit
08-05 19:28:01.749  7325  7434 I art     : Explicit concurrent mark sweep GC freed 3(96B) AllocSpace objects, 0(0B) LOS objects, 40% free, 22MB/37MB, paused 181us total 15.312ms
08-05 19:28:01.757  7325  7434 I art     : Starting a blocking GC Explicit
08-05 19:28:01.772  7325  7434 I art     : Explicit concurrent mark sweep GC freed 3(96B) AllocSpace objects, 0(0B) LOS objects, 40% free, 22MB/37MB, paused 182us total 15.252ms
08-05 19:28:01.780  7325  7434 I art     : Starting a blocking GC Explicit
08-05 19:28:01.795  7325  7434 I art     : Explicit concurrent mark sweep GC freed 3(96B) AllocSpace objects, 0(0B) LOS objects, 40% free, 22MB/37MB, paused 171us total 15.198ms
08-05 19:28:01.865 13866 13882 I PeriodicStatsRunner: PeriodicStatsRunner.call():175 call()
08-05 19:28:01.865 13866 13882 I PeriodicStatsRunner: PeriodicStatsRunner.call():179 No submit PeriodicStats since input started.
08-05 19:28:02.045  7325  7337 I art     : Starting a blocking GC Explicit
08-05 19:28:02.061  7325  7337 I art     : Explicit concurrent mark sweep GC freed 1383(80KB) AllocSpace objects, 1(20KB) LOS objects, 40% free, 22MB/37MB, paused 194us total 15.999ms
08-05 19:28:02.069  7325  7337 I art     : Starting a blocking GC Explicit
08-05 19:28:02.084  7325  7337 I art     : Explicit concurrent mark sweep GC freed 23(752B) AllocSpace objects, 0(0B) LOS objects, 40% free, 22MB/37MB, paused 198us total 15.537ms
08-05 19:28:02.092  7325  7337 I art     : Starting a blocking GC Explicit
08-05 19:28:02.108  7325  7337 I art     : Explicit concurrent mark sweep GC freed 3(96B) AllocSpace objects, 0(0B) LOS objects, 40% free, 22MB/37MB, paused 186us total 15.597ms
08-05 19:28:02.116  7325  7337 I art     : Starting a blocking GC Explicit
08-05 19:28:02.132  7325  7337 I art     : Explicit concurrent mark sweep GC freed 3(96B) AllocSpace objects, 0(0B) LOS objects, 40% free, 22MB/37MB, paused 187us total 15.282ms
08-05 19:28:02.139  7325  7337 I art     : Starting a blocking GC Explicit
08-05 19:28:02.155  7325  7337 I art     : Explicit concurrent mark sweep GC freed 3(96B) AllocSpace objects, 0(0B) LOS objects, 40% free, 22MB/37MB, paused 190us total 15.240ms
08-05 19:28:02.353  7517  7517 D AndroidRuntime: >>>>>> START com.android.internal.os.RuntimeInit uid 2000 <<<<<<
08-05 19:28:02.358  7517  7517 D AndroidRuntime: CheckJNI is OFF
08-05 19:28:02.389  7517  7517 D ICU     : No timezone override file found: /data/misc/zoneinfo/current/icu/icu_tzdata.dat
08-05 19:28:02.422  7517  7517 I Radio-JNI: register_android_hardware_Radio DONE
08-05 19:28:02.436  7325  7336 I art     : Starting a blocking GC Explicit
08-05 19:28:02.445  7517  7517 D AndroidRuntime: Calling main entry com.android.commands.input.Input
08-05 19:28:02.446  7517  7517 I Input   : injectMotionEvent: MotionEvent { action=ACTION_DOWN, actionButton=0, id[0]=0, x[0]=1233.0, y[0]=1274.0, toolType[0]=TOOL_TYPE_UNKNOWN, buttonState=0, metaState=0, flags=0x0, edgeFlags=0x0, pointerCount=1, historySize=0, eventTime=818898859, downTime=818898859, deviceId=0, source=0x1002 }
08-05 19:28:02.451  7517  7517 I Input   : injectMotionEvent: MotionEvent { action=ACTION_UP, actionButton=0, id[0]=0, x[0]=1233.0, y[0]=1274.0, toolType[0]=TOOL_TYPE_UNKNOWN, buttonState=0, metaState=0, flags=0x0, edgeFlags=0x0, pointerCount=1, historySize=0, eventTime=818898859, downTime=818898859, deviceId=0, source=0x1002 }
08-05 19:28:02.452  7325  7336 I art     : Explicit concurrent mark sweep GC freed 1357(79KB) AllocSpace objects, 1(20KB) LOS objects, 40% free, 22MB/37MB, paused 222us total 15.585ms
08-05 19:28:02.452  7517  7517 D AndroidRuntime: Shutting down VM
08-05 19:28:02.460  7325  7336 I art     : Starting a blocking GC Explicit
08-05 19:28:02.477  7325  7336 I art     : Explicit concurrent mark sweep GC freed 26(848B) AllocSpace objects, 0(0B) LOS objects, 40% free, 22MB/37MB, paused 187us total 16.413ms
08-05 19:28:02.485  7325  7336 I art     : Starting a blocking GC Explicit
08-05 19:28:02.501  7325  7336 I art     : Explicit concurrent mark sweep GC freed 3(96B) AllocSpace objects, 0(0B) LOS objects, 40% free, 22MB/37MB, paused 179us total 16.051ms
08-05 19:28:02.508  7325  7336 I art     : Starting a blocking GC Explicit
08-05 19:28:02.523  7325  7336 I art     : Explicit concurrent mark sweep GC freed 3(96B) AllocSpace objects, 0(0B) LOS objects, 40% free, 22MB/37MB, paused 201us total 14.683ms
08-05 19:28:02.531  7325  7336 I art     : Starting a blocking GC Explicit
08-05 19:28:02.545  7325  7336 I art     : Explicit concurrent mark sweep GC freed 3(96B) AllocSpace objects, 0(0B) LOS objects, 40% free, 22MB/37MB, paused 180us total 14.465ms
08-05 19:28:02.797  7325  7336 I art     : Starting a blocking GC Explicit
08-05 19:28:02.814  7325  7336 I art     : Explicit concurrent mark sweep GC freed 1358(79KB) AllocSpace objects, 1(20KB) LOS objects, 40% free, 22MB/37MB, paused 174us total 17.497ms
08-05 19:28:02.822  7325  7336 I art     : Starting a blocking GC Explicit
08-05 19:28:02.839  7325  7336 I art     : Explicit concurrent mark sweep GC freed 23(752B) AllocSpace objects, 0(0B) LOS objects, 40% free, 22MB/37MB, paused 228us total 16.900ms
08-05 19:28:02.848  7325  7336 I art     : Starting a blocking GC Explicit
08-05 19:28:02.865  7325  7336 I art     : Explicit concurrent mark sweep GC freed 33(1056B) AllocSpace objects, 0(0B) LOS objects, 40% free, 22MB/37MB, paused 186us total 16.772ms
08-05 19:28:02.873  7325  7336 I art     : Starting a blocking GC Explicit
08-05 19:28:02.878 13866 13866 I GoogleInputMethodServic: GoogleInputMethodService.onFinishInput():3138 
08-05 19:28:02.878 13866 13866 I GoogleInputMethodServic: GoogleInputMethodService.onStartInput():1808 
08-05 19:28:02.890  7325  7336 I art     : Explicit concurrent mark sweep GC freed 69(2864B) AllocSpace objects, 0(0B) LOS objects, 40% free, 22MB/37MB, paused 181us total 16.411ms
08-05 19:28:02.900  7325  7336 I art     : Starting a blocking GC Explicit
08-05 19:28:02.915  7325  7336 I art     : Explicit concurrent mark sweep GC freed 11(544B) AllocSpace objects, 0(0B) LOS objects, 40% free, 22MB/37MB, paused 170us total 15.115ms
08-05 19:28:03.194  7325  7337 I art     : Starting a blocking GC Explicit
08-05 19:28:03.215  7325  7337 I art     : Explicit concurrent mark sweep GC freed 1383(80KB) AllocSpace objects, 1(20KB) LOS objects, 40% free, 22MB/37MB, paused 212us total 20.556ms
08-05 19:28:03.225  7325  7337 I art     : Starting a blocking GC Explicit
08-05 19:28:03.245  7325  7337 I art     : Explicit concurrent mark sweep GC freed 23(752B) AllocSpace objects, 0(0B) LOS objects, 40% free, 22MB/37MB, paused 257us total 19.676ms
08-05 19:28:03.256  7325  7337 I art     : Starting a blocking GC Explicit
08-05 19:28:03.272  7325  7337 I art     : Explicit concurrent mark sweep GC freed 3(96B) AllocSpace objects, 0(0B) LOS objects, 40% free, 22MB/37MB, paused 193us total 16.251ms
08-05 19:28:03.280  7325  7337 I art     : Starting a blocking GC Explicit
08-05 19:28:03.297  7325  7337 I art     : Explicit concurrent mark sweep GC freed 3(96B) AllocSpace objects, 0(0B) LOS objects, 40% free, 22MB/37MB, paused 210us total 16.220ms
08-05 19:28:03.305  7325  7337 I art     : Starting a blocking GC Explicit
08-05 19:28:03.322  7325  7337 I art     : Explicit concurrent mark sweep GC freed 3(96B) AllocSpace objects, 0(0B) LOS objects, 40% free, 22MB/37MB, paused 187us total 16.473ms
08-05 19:28:03.611  7325  7434 I art     : Starting a blocking GC Explicit
08-05 19:28:03.635  7325  7434 I art     : Explicit concurrent mark sweep GC freed 1358(79KB) AllocSpace objects, 1(20KB) LOS objects, 40% free, 22MB/37MB, paused 220us total 23.064ms
08-05 19:28:03.646  7325  7434 I art     : Starting a blocking GC Explicit
08-05 19:28:03.665  7325  7434 I art     : Explicit concurrent mark sweep GC freed 23(752B) AllocSpace objects, 0(0B) LOS objects, 40% free, 22MB/37MB, paused 204us total 18.494ms
08-05 19:28:03.674  7325  7434 I art     : Starting a blocking GC Explicit
08-05 19:28:03.690  7325  7434 I art     : Explicit concurrent mark sweep GC freed 3(96B) AllocSpace objects, 0(0B) LOS objects, 40% free, 22MB/37MB, paused 198us total 15.618ms
08-05 19:28:03.698  7325  7434 I art     : Starting a blocking GC Explicit
08-05 19:28:03.713  7325  7434 I art     : Explicit concurrent mark sweep GC freed 3(96B) AllocSpace objects, 0(0B) LOS objects, 40% free, 22MB/37MB, paused 194us total 14.985ms
08-05 19:28:03.721  7325  7434 I art     : Starting a blocking GC Explicit
08-05 19:28:03.736  7325  7434 I art     : Explicit concurrent mark sweep GC freed 3(96B) AllocSpace objects, 0(0B) LOS objects, 40% free, 22MB/37MB, paused 187us total 14.799ms
08-05 19:28:03.997  7325  7336 I art     : Starting a blocking GC Explicit
08-05 19:28:04.014  7325  7336 I art     : Explicit concurrent mark sweep GC freed 1357(79KB) AllocSpace objects, 1(20KB) LOS objects, 40% free, 22MB/37MB, paused 222us total 16.452ms
08-05 19:28:04.022  7325  7336 I art     : Starting a blocking GC Explicit
08-05 19:28:04.036  7325  7336 I art     : Explicit concurrent mark sweep GC freed 23(752B) AllocSpace objects, 0(0B) LOS objects, 40% free, 22MB/37MB, paused 184us total 14.152ms
08-05 19:28:04.043  7325  7336 I art     : Starting a blocking GC Explicit
08-05 19:28:04.058  7325  7336 I art     : Explicit concurrent mark sweep GC freed 28(784B) AllocSpace objects, 0(0B) LOS objects, 40% free, 22MB/37MB, paused 173us total 14.137ms
08-05 19:28:04.065  7325  7336 I art     : Starting a blocking GC Explicit
08-05 19:28:04.080  7325  7336 I art     : Explicit concurrent mark sweep GC freed 3(96B) AllocSpace objects, 0(0B) LOS objects, 40% free, 22MB/37MB, paused 186us total 15.080ms
08-05 19:28:04.088  7325  7336 I art     : Starting a blocking GC Explicit
08-05 19:28:04.103  7325  7336 I art     : Explicit concurrent mark sweep GC freed 3(96B) AllocSpace objects, 0(0B) LOS objects, 40% free, 22MB/37MB, paused 184us total 14.886ms
08-05 19:28:04.116  7578  7578 D AndroidRuntime: >>>>>> START com.android.internal.os.RuntimeInit uid 2000 <<<<<<
08-05 19:28:04.121  7578  7578 D AndroidRuntime: CheckJNI is OFF
08-05 19:28:04.153  7578  7578 D ICU     : No timezone override file found: /data/misc/zoneinfo/current/icu/icu_tzdata.dat
08-05 19:28:04.186  7578  7578 I Radio-JNI: register_android_hardware_Radio DONE
08-05 19:28:04.208  7578  7578 D AndroidRuntime: Calling main entry com.android.commands.input.Input
08-05 19:28:04.210  7578  7578 I Input   : injectMotionEvent: MotionEvent { action=ACTION_DOWN, actionButton=0, id[0]=0, x[0]=103.0, y[0]=192.0, toolType[0]=TOOL_TYPE_UNKNOWN, buttonState=0, metaState=0, flags=0x0, edgeFlags=0x0, pointerCount=1, historySize=0, eventTime=818900623, downTime=818900623, deviceId=0, source=0x1002 }
08-05 19:28:04.216  7578  7578 I Input   : injectMotionEvent: MotionEvent { action=ACTION_UP, actionButton=0, id[0]=0, x[0]=103.0, y[0]=192.0, toolType[0]=TOOL_TYPE_UNKNOWN, buttonState=0, metaState=0, flags=0x0, edgeFlags=0x0, pointerCount=1, historySize=0, eventTime=818900623, downTime=818900623, deviceId=0, source=0x1002 }
08-05 19:28:04.218  7578  7578 D AndroidRuntime: Shutting down VM
08-05 19:28:04.228   512  2967 D audio_hw_primary: out_set_parameters: enter: usecase(1: low-latency-playback) kvpairs: routing=2
08-05 19:28:04.242   512  2967 D audio_hw_primary: select_devices: out_snd_device(2: speaker) in_snd_device(0: none)
08-05 19:28:04.242   512  2967 D msm8974_platform: platform_send_audio_calibration: sending audio calibration for snd_device(2) acdb_id(15)
08-05 19:28:04.242   512  2967 I soundtrigger: audio_extn_sound_trigger_update_device_status: device 0x2 of type 0 for Event 1
08-05 19:28:04.252   512  2967 D audio_hw_primary: enable_snd_device: snd_device(2: speaker)
08-05 19:28:04.254   512  2967 D audio_hw_primary: enable_audio_route: apply and update mixer path: low-latency-playback speaker
08-05 19:28:04.265 13866 13866 I GoogleInputMethodServic: GoogleInputMethodService.onFinishInput():3138 
08-05 19:28:04.266 13866 13866 I GoogleInputMethodServic: GoogleInputMethodService.onStartInput():1808 
08-05 19:28:04.348  7325  7434 I art     : Starting a blocking GC Explicit
08-05 19:28:04.365  7325  7434 I art     : Explicit concurrent mark sweep GC freed 1866(104KB) AllocSpace objects, 1(20KB) LOS objects, 40% free, 22MB/37MB, paused 189us total 16.497ms
08-05 19:28:04.374  7325  7434 I art     : Starting a blocking GC Explicit
08-05 19:28:04.393  7325  7434 I art     : Explicit concurrent mark sweep GC freed 35(1488B) AllocSpace objects, 0(0B) LOS objects, 40% free, 22MB/37MB, paused 177us total 18.583ms
08-05 19:28:04.403  7325  7434 I art     : Starting a blocking GC Explicit
08-05 19:28:04.417  7325  7434 I art     : Explicit concurrent mark sweep GC freed 3(96B) AllocSpace objects, 0(0B) LOS objects, 40% free, 22MB/37MB, paused 197us total 14.712ms
08-05 19:28:04.425  7325  7434 I art     : Starting a blocking GC Explicit
08-05 19:28:04.440  7325  7434 I art     : Explicit concurrent mark sweep GC freed 3(96B) AllocSpace objects, 0(0B) LOS objects, 40% free, 22MB/37MB, paused 352us total 15.299ms
08-05 19:28:04.448  7325  7434 I art     : Starting a blocking GC Explicit
08-05 19:28:04.463  7325  7434 I art     : Explicit concurrent mark sweep GC freed 5(160B) AllocSpace objects, 0(0B) LOS objects, 40% free, 22MB/37MB, paused 193us total 14.866ms
08-05 19:28:04.701  7325  7434 I art     : Starting a blocking GC Explicit
08-05 19:28:04.719  7325  7434 I art     : Explicit concurrent mark sweep GC freed 1361(80KB) AllocSpace objects, 1(20KB) LOS objects, 40% free, 22MB/37MB, paused 226us total 17.045ms
08-05 19:28:04.726  7325  7434 I art     : Starting a blocking GC Explicit
08-05 19:28:04.742  7325  7434 I art     : Explicit concurrent mark sweep GC freed 31(1008B) AllocSpace objects, 0(0B) LOS objects, 40% free, 22MB/37MB, paused 183us total 15.434ms
08-05 19:28:04.750  7325  7434 I art     : Starting a blocking GC Explicit
08-05 19:28:04.766  7325  7434 I art     : Explicit concurrent mark sweep GC freed 3(96B) AllocSpace objects, 0(0B) LOS objects, 40% free, 22MB/37MB, paused 183us total 15.630ms
08-05 19:28:04.773  7325  7434 I art     : Starting a blocking GC Explicit
08-05 19:28:04.788  7325  7434 I art     : Explicit concurrent mark sweep GC freed 3(96B) AllocSpace objects, 0(0B) LOS objects, 40% free, 22MB/37MB, paused 189us total 14.949ms
08-05 19:28:04.796  7325  7434 I art     : Starting a blocking GC Explicit
08-05 19:28:04.798   512  2967 D audio_hw_primary: disable_audio_route: reset and update mixer path: low-latency-playback speaker
08-05 19:28:04.799   512  2967 D audio_hw_primary: disable_snd_device: snd_device(2: speaker)
08-05 19:28:04.806   512  2967 I soundtrigger: audio_extn_sound_trigger_update_device_status: device 0x2 of type 0 for Event 0
08-05 19:28:04.811  7325  7434 I art     : Explicit concurrent mark sweep GC freed 3(96B) AllocSpace objects, 0(0B) LOS objects, 40% free, 22MB/37MB, paused 176us total 14.819ms
08-05 19:28:04.861  7612  7612 D AndroidRuntime: >>>>>> START com.android.internal.os.RuntimeInit uid 2000 <<<<<<
08-05 19:28:04.866  7612  7612 D AndroidRuntime: CheckJNI is OFF
08-05 19:28:04.897  7612  7612 D ICU     : No timezone override file found: /data/misc/zoneinfo/current/icu/icu_tzdata.dat
08-05 19:28:04.930  7612  7612 I Radio-JNI: register_android_hardware_Radio DONE
08-05 19:28:04.951  7612  7612 D AndroidRuntime: Calling main entry com.android.commands.input.Input
08-05 19:28:04.954  7612  7612 I Input   : injectMotionEvent: MotionEvent { action=ACTION_DOWN, actionButton=0, id[0]=0, x[0]=324.0, y[0]=2298.0, toolType[0]=TOOL_TYPE_UNKNOWN, buttonState=0, metaState=0, flags=0x0, edgeFlags=0x0, pointerCount=1, historySize=0, eventTime=818901367, downTime=818901367, deviceId=0, source=0x1002 }
08-05 19:28:04.959  7612  7612 I Input   : injectMotionEvent: MotionEvent { action=ACTION_UP, actionButton=0, id[0]=0, x[0]=324.0, y[0]=2298.0, toolType[0]=TOOL_TYPE_UNKNOWN, buttonState=0, metaState=0, flags=0x0, edgeFlags=0x0, pointerCount=1, historySize=0, eventTime=818901367, downTime=818901367, deviceId=0, source=0x1002 }
08-05 19:28:04.960  7612  7612 D AndroidRuntime: Shutting down VM
08-05 19:28:04.976   512  2967 D audio_hw_primary: out_set_parameters: enter: usecase(1: low-latency-playback) kvpairs: routing=2
08-05 19:28:04.977   918  4400 I ActivityManager: START u0 {cmp=baseline.de.danoeh.antennapod.debug/baseline.de.danoeh.antennapod.activity.PreferenceActivity} from uid 10695 on display 0
08-05 19:28:04.989   512  2967 D audio_hw_primary: select_devices: out_snd_device(2: speaker) in_snd_device(0: none)
08-05 19:28:04.990   512  2967 D msm8974_platform: platform_send_audio_calibration: sending audio calibration for snd_device(2) acdb_id(15)
08-05 19:28:04.990   512  2967 I soundtrigger: audio_extn_sound_trigger_update_device_status: device 0x2 of type 0 for Event 1
08-05 19:28:05.002   512  2967 D audio_hw_primary: enable_snd_device: snd_device(2: speaker)
08-05 19:28:05.004   512  2967 D audio_hw_primary: enable_audio_route: apply and update mixer path: low-latency-playback speaker
08-05 19:28:05.049   512  2967 D AudioFlinger: mixer(0xf4740000) throttle end: throttle time(12)
08-05 19:28:05.057  7325  7337 I art     : Starting a blocking GC Explicit
08-05 19:28:05.073  7325  7337 I art     : Explicit concurrent mark sweep GC freed 2656(288KB) AllocSpace objects, 2(40KB) LOS objects, 40% free, 22MB/37MB, paused 246us total 15.624ms
08-05 19:28:05.081  7325  7337 I art     : Starting a blocking GC Explicit
08-05 19:28:05.098  7325  7337 I art     : Explicit concurrent mark sweep GC freed 258(11KB) AllocSpace objects, 0(0B) LOS objects, 40% free, 22MB/37MB, paused 228us total 16.755ms
08-05 19:28:05.105  7325  7337 I art     : Starting a blocking GC Explicit
08-05 19:28:05.121  7325  7337 I art     : Explicit concurrent mark sweep GC freed 10(608B) AllocSpace objects, 0(0B) LOS objects, 40% free, 22MB/37MB, paused 222us total 16.055ms
08-05 19:28:05.129  7325  7337 I art     : Starting a blocking GC Explicit
08-05 19:28:05.147  7325  7337 I art     : Explicit concurrent mark sweep GC freed 1180(106KB) AllocSpace objects, 0(0B) LOS objects, 40% free, 22MB/38MB, paused 530us total 17.183ms
08-05 19:28:05.154  7325  7337 I art     : Starting a blocking GC Explicit
08-05 19:28:05.172  7325  7337 I art     : Explicit concurrent mark sweep GC freed 334(38KB) AllocSpace objects, 0(0B) LOS objects, 40% free, 23MB/38MB, paused 434us total 17.422ms
08-05 19:28:05.306   918   936 I ActivityManager: Displayed baseline.de.danoeh.antennapod.debug/baseline.de.danoeh.antennapod.activity.PreferenceActivity: +288ms
08-05 19:28:05.308 13866 13866 I GoogleInputMethodServic: GoogleInputMethodService.onFinishInput():3138 
08-05 19:28:05.312 13866 13866 I GoogleInputMethodServic: GoogleInputMethodService.onStartInput():1808 
08-05 19:28:05.356  7325  7346 D OpenGLRenderer: endAllStagingAnimators on 0x7f7f4aec00 (RippleDrawable) with handle 0x7f9941b1e0
08-05 19:28:05.414  7325  7434 I art     : Starting a blocking GC Explicit
08-05 19:28:05.431  7325  7434 I art     : Explicit concurrent mark sweep GC freed 1990(106KB) AllocSpace objects, 1(20KB) LOS objects, 40% free, 23MB/38MB, paused 174us total 17.111ms
08-05 19:28:05.439  7325  7434 I art     : Starting a blocking GC Explicit
08-05 19:28:05.455  7325  7434 I art     : Explicit concurrent mark sweep GC freed 94(4KB) AllocSpace objects, 0(0B) LOS objects, 40% free, 23MB/38MB, paused 176us total 15.946ms
08-05 19:28:05.462  7325  7434 I art     : Starting a blocking GC Explicit
08-05 19:28:05.479  7325  7434 I art     : Explicit concurrent mark sweep GC freed 3(96B) AllocSpace objects, 0(0B) LOS objects, 40% free, 23MB/38MB, paused 168us total 16.204ms
08-05 19:28:05.486  7325  7434 I art     : Starting a blocking GC Explicit
08-05 19:28:05.502  7325  7434 I art     : Explicit concurrent mark sweep GC freed 3(96B) AllocSpace objects, 0(0B) LOS objects, 40% free, 23MB/38MB, paused 175us total 16.097ms
08-05 19:28:05.510  7325  7434 I art     : Starting a blocking GC Explicit
08-05 19:28:05.527  7325  7434 I art     : Explicit concurrent mark sweep GC freed 3(96B) AllocSpace objects, 0(0B) LOS objects, 40% free, 23MB/38MB, paused 235us total 16.280ms
08-05 19:28:05.538   512  2967 D audio_hw_primary: disable_audio_route: reset and update mixer path: low-latency-playback speaker
08-05 19:28:05.539   512  2967 D audio_hw_primary: disable_snd_device: snd_device(2: speaker)
08-05 19:28:05.548   512  2967 I soundtrigger: audio_extn_sound_trigger_update_device_status: device 0x2 of type 0 for Event 0
08-05 19:28:05.559   380   380 W SurfaceFlinger: couldn't log to binary event log: overflow.
08-05 19:28:05.664  7325  7325 D PlaybackController: Releasing PlaybackController
08-05 19:28:05.796  7325  7336 I art     : Starting a blocking GC Explicit
08-05 19:28:05.801   518   646 I ThermalEngine: ACTION: GPU - Setting GPU[0] to 450000000
08-05 19:28:05.820  7325  7336 I art     : Explicit concurrent mark sweep GC freed 1620(97KB) AllocSpace objects, 1(20KB) LOS objects, 40% free, 23MB/39MB, paused 264us total 23.571ms
08-05 19:28:05.831  7325  7336 I art     : Starting a blocking GC Explicit
08-05 19:28:05.853  7325  7336 I art     : Explicit concurrent mark sweep GC freed 63(2064B) AllocSpace objects, 0(0B) LOS objects, 40% free, 23MB/39MB, paused 236us total 21.511ms
08-05 19:28:05.862  7325  7336 I art     : Starting a blocking GC Explicit
08-05 19:28:05.885  7325  7336 I art     : Explicit concurrent mark sweep GC freed 3(96B) AllocSpace objects, 0(0B) LOS objects, 40% free, 23MB/39MB, paused 244us total 22.212ms
08-05 19:28:05.895  7325  7336 I art     : Starting a blocking GC Explicit
08-05 19:28:05.919  7325  7336 I art     : Explicit concurrent mark sweep GC freed 3(96B) AllocSpace objects, 0(0B) LOS objects, 40% free, 23MB/39MB, paused 245us total 23.321ms
08-05 19:28:05.929  7325  7336 I art     : Starting a blocking GC Explicit
08-05 19:28:05.953  7325  7336 I art     : Explicit concurrent mark sweep GC freed 3(96B) AllocSpace objects, 0(0B) LOS objects, 40% free, 23MB/39MB, paused 244us total 22.955ms
08-05 19:28:06.248  7325  7434 I art     : Starting a blocking GC Explicit
08-05 19:28:06.272  7325  7434 I art     : Explicit concurrent mark sweep GC freed 1385(80KB) AllocSpace objects, 1(20KB) LOS objects, 40% free, 23MB/39MB, paused 246us total 23.607ms
08-05 19:28:06.282  7325  7434 I art     : Starting a blocking GC Explicit
08-05 19:28:06.306  7325  7434 I art     : Explicit concurrent mark sweep GC freed 23(752B) AllocSpace objects, 0(0B) LOS objects, 40% free, 23MB/39MB, paused 262us total 23.649ms
08-05 19:28:06.317  7325  7434 I art     : Starting a blocking GC Explicit
08-05 19:28:06.340  7325  7434 I art     : Explicit concurrent mark sweep GC freed 3(96B) AllocSpace objects, 0(0B) LOS objects, 40% free, 23MB/39MB, paused 252us total 22.688ms
08-05 19:28:06.350  7325  7434 I art     : Starting a blocking GC Explicit
08-05 19:28:06.373  7325  7434 I art     : Explicit concurrent mark sweep GC freed 3(96B) AllocSpace objects, 0(0B) LOS objects, 40% free, 23MB/39MB, paused 253us total 22.746ms
08-05 19:28:06.383  7325  7434 I art     : Starting a blocking GC Explicit
08-05 19:28:06.407  7325  7434 I art     : Explicit concurrent mark sweep GC freed 3(96B) AllocSpace objects, 0(0B) LOS objects, 40% free, 23MB/39MB, paused 315us total 23.372ms
08-05 19:28:06.703  7325  7337 I art     : Starting a blocking GC Explicit
08-05 19:28:06.729  7325  7337 I art     : Explicit concurrent mark sweep GC freed 1366(80KB) AllocSpace objects, 1(20KB) LOS objects, 40% free, 23MB/39MB, paused 280us total 25.935ms
08-05 19:28:06.742  7325  7337 I art     : Starting a blocking GC Explicit
08-05 19:28:06.746  7677  7677 D AndroidRuntime: >>>>>> START com.android.internal.os.RuntimeInit uid 2000 <<<<<<
08-05 19:28:06.751  7677  7677 D AndroidRuntime: CheckJNI is OFF
08-05 19:28:06.765  7325  7337 I art     : Explicit concurrent mark sweep GC freed 34(1104B) AllocSpace objects, 0(0B) LOS objects, 40% free, 23MB/39MB, paused 249us total 22.986ms
08-05 19:28:06.775  7325  7337 I art     : Starting a blocking GC Explicit
08-05 19:28:06.793  7677  7677 D ICU     : No timezone override file found: /data/misc/zoneinfo/current/icu/icu_tzdata.dat
08-05 19:28:06.798  7325  7337 I art     : Explicit concurrent mark sweep GC freed 76(3KB) AllocSpace objects, 0(0B) LOS objects, 40% free, 23MB/39MB, paused 316us total 22.983ms
08-05 19:28:06.809  7325  7337 I art     : Starting a blocking GC Explicit
08-05 19:28:06.832  7325  7337 I art     : Explicit concurrent mark sweep GC freed 112(4KB) AllocSpace objects, 0(0B) LOS objects, 40% free, 23MB/39MB, paused 507us total 23.210ms
08-05 19:28:06.834  7677  7677 I Radio-JNI: register_android_hardware_Radio DONE
08-05 19:28:06.842  7325  7337 I art     : Starting a blocking GC Explicit
08-05 19:28:06.863  7677  7677 D AndroidRuntime: Calling main entry com.android.commands.input.Input
08-05 19:28:06.865  7677  7677 I Input   : injectMotionEvent: MotionEvent { action=ACTION_DOWN, actionButton=0, id[0]=0, x[0]=400.0, y[0]=997.0, toolType[0]=TOOL_TYPE_UNKNOWN, buttonState=0, metaState=0, flags=0x0, edgeFlags=0x0, pointerCount=1, historySize=0, eventTime=818903277, downTime=818903277, deviceId=0, source=0x1002 }
08-05 19:28:06.865  7325  7337 I art     : Explicit concurrent mark sweep GC freed 95(3040B) AllocSpace objects, 0(0B) LOS objects, 40% free, 23MB/39MB, paused 452us total 22.751ms
08-05 19:28:06.872  7677  7677 I Input   : injectMotionEvent: MotionEvent { action=ACTION_UP, actionButton=0, id[0]=0, x[0]=400.0, y[0]=997.0, toolType[0]=TOOL_TYPE_UNKNOWN, buttonState=0, metaState=0, flags=0x0, edgeFlags=0x0, pointerCount=1, historySize=0, eventTime=818903277, downTime=818903277, deviceId=0, source=0x1002 }
08-05 19:28:06.874  7677  7677 D AndroidRuntime: Shutting down VM
08-05 19:28:06.885   512  2967 D audio_hw_primary: out_set_parameters: enter: usecase(1: low-latency-playback) kvpairs: routing=2
08-05 19:28:06.898   512  2967 D audio_hw_primary: select_devices: out_snd_device(2: speaker) in_snd_device(0: none)
08-05 19:28:06.898   512  2967 D msm8974_platform: platform_send_audio_calibration: sending audio calibration for snd_device(2) acdb_id(15)
08-05 19:28:06.898   512  2967 I soundtrigger: audio_extn_sound_trigger_update_device_status: device 0x2 of type 0 for Event 1
08-05 19:28:06.909   512  2967 D audio_hw_primary: enable_snd_device: snd_device(2: speaker)
08-05 19:28:06.912   512  2967 D audio_hw_primary: enable_audio_route: apply and update mixer path: low-latency-playback speaker
08-05 19:28:07.030 13866 13866 I GoogleInputMethodServic: GoogleInputMethodService.onFinishInput():3138 
08-05 19:28:07.036 13866 13866 I GoogleInputMethodServic: GoogleInputMethodService.onStartInput():1808 
08-05 19:28:07.134  7325  7337 I art     : Starting a blocking GC Explicit
08-05 19:28:07.161  7325  7337 I art     : Explicit concurrent mark sweep GC freed 2970(186KB) AllocSpace objects, 2(40KB) LOS objects, 40% free, 23MB/39MB, paused 254us total 26.563ms
08-05 19:28:07.171  7325  7337 I art     : Starting a blocking GC Explicit
08-05 19:28:07.197  7325  7337 I art     : Explicit concurrent mark sweep GC freed 178(8KB) AllocSpace objects, 0(0B) LOS objects, 40% free, 23MB/39MB, paused 250us total 24.840ms
08-05 19:28:07.208  7325  7337 I art     : Starting a blocking GC Explicit
08-05 19:28:07.232  7325  7337 I art     : Explicit concurrent mark sweep GC freed 3(96B) AllocSpace objects, 0(0B) LOS objects, 40% free, 23MB/39MB, paused 239us total 23.721ms
08-05 19:28:07.242  7325  7337 I art     : Starting a blocking GC Explicit
08-05 19:28:07.267  7325  7337 I art     : Explicit concurrent mark sweep GC freed 3(96B) AllocSpace objects, 0(0B) LOS objects, 40% free, 23MB/39MB, paused 310us total 24.343ms
08-05 19:28:07.277  7325  7337 I art     : Starting a blocking GC Explicit
08-05 19:28:07.302  7325  7337 I art     : Explicit concurrent mark sweep GC freed 3(96B) AllocSpace objects, 0(0B) LOS objects, 40% free, 23MB/39MB, paused 251us total 23.987ms
08-05 19:28:07.449   512  2967 D audio_hw_primary: disable_audio_route: reset and update mixer path: low-latency-playback speaker
08-05 19:28:07.452   512  2967 D audio_hw_primary: disable_snd_device: snd_device(2: speaker)
08-05 19:28:07.460   512  2967 I soundtrigger: audio_extn_sound_trigger_update_device_status: device 0x2 of type 0 for Event 0
08-05 19:28:07.577  7325  7336 I art     : Starting a blocking GC Explicit
08-05 19:28:07.603  7325  7336 I art     : Explicit concurrent mark sweep GC freed 1362(80KB) AllocSpace objects, 1(20KB) LOS objects, 40% free, 23MB/39MB, paused 260us total 26.556ms
08-05 19:28:07.617  7325  7336 I art     : Starting a blocking GC Explicit
08-05 19:28:07.642  7325  7336 I art     : Explicit concurrent mark sweep GC freed 23(752B) AllocSpace objects, 0(0B) LOS objects, 40% free, 23MB/39MB, paused 239us total 24.495ms
08-05 19:28:07.653  7325  7336 I art     : Starting a blocking GC Explicit
08-05 19:28:07.675  7714  7714 D AndroidRuntime: >>>>>> START com.android.internal.os.RuntimeInit uid 2000 <<<<<<
08-05 19:28:07.678  7325  7336 I art     : Explicit concurrent mark sweep GC freed 3(96B) AllocSpace objects, 0(0B) LOS objects, 40% free, 23MB/39MB, paused 244us total 24.680ms
08-05 19:28:07.681  7714  7714 D AndroidRuntime: CheckJNI is OFF
08-05 19:28:07.689  7325  7336 I art     : Starting a blocking GC Explicit
08-05 19:28:07.713  7325  7336 I art     : Explicit concurrent mark sweep GC freed 3(96B) AllocSpace objects, 0(0B) LOS objects, 40% free, 23MB/39MB, paused 233us total 24.281ms
08-05 19:28:07.724  7325  7336 I art     : Starting a blocking GC Explicit
08-05 19:28:07.727  7714  7714 D ICU     : No timezone override file found: /data/misc/zoneinfo/current/icu/icu_tzdata.dat
08-05 19:28:07.749  7325  7336 I art     : Explicit concurrent mark sweep GC freed 3(96B) AllocSpace objects, 0(0B) LOS objects, 40% free, 23MB/39MB, paused 254us total 24.126ms
08-05 19:28:07.771  7714  7714 I Radio-JNI: register_android_hardware_Radio DONE
08-05 19:28:07.799  7714  7714 D AndroidRuntime: Calling main entry com.android.commands.input.Input
08-05 19:28:07.802  7714  7714 I Input   : injectMotionEvent: MotionEvent { action=ACTION_DOWN, actionButton=0, id[0]=0, x[0]=697.0, y[0]=656.0, toolType[0]=TOOL_TYPE_UNKNOWN, buttonState=0, metaState=0, flags=0x0, edgeFlags=0x0, pointerCount=1, historySize=0, eventTime=818904214, downTime=818904214, deviceId=0, source=0x1002 }
08-05 19:28:07.805  7714  7714 I Input   : injectMotionEvent: MotionEvent { action=ACTION_UP, actionButton=0, id[0]=0, x[0]=697.0, y[0]=656.0, toolType[0]=TOOL_TYPE_UNKNOWN, buttonState=0, metaState=0, flags=0x0, edgeFlags=0x0, pointerCount=1, historySize=0, eventTime=818904214, downTime=818904214, deviceId=0, source=0x1002 }
08-05 19:28:07.807  7714  7714 D AndroidRuntime: Shutting down VM
08-05 19:28:07.813   512  2967 D audio_hw_primary: out_set_parameters: enter: usecase(1: low-latency-playback) kvpairs: routing=2
08-05 19:28:07.827   512  2967 D audio_hw_primary: select_devices: out_snd_device(2: speaker) in_snd_device(0: none)
08-05 19:28:07.827   512  2967 D msm8974_platform: platform_send_audio_calibration: sending audio calibration for snd_device(2) acdb_id(15)
08-05 19:28:07.828   512  2967 I soundtrigger: audio_extn_sound_trigger_update_device_status: device 0x2 of type 0 for Event 1
08-05 19:28:07.838   512  2967 D audio_hw_primary: enable_snd_device: snd_device(2: speaker)
08-05 19:28:07.840   512  2967 D audio_hw_primary: enable_audio_route: apply and update mixer path: low-latency-playback speaker
08-05 19:28:07.880 13866 13866 I GoogleInputMethodServic: GoogleInputMethodService.onFinishInput():3138 
08-05 19:28:07.881 13866 13866 I GoogleInputMethodServic: GoogleInputMethodService.onStartInput():1808 
08-05 19:28:07.882   512  2967 D AudioFlinger: mixer(0xf4740000) throttle end: throttle time(12)
08-05 19:28:07.882 13866 13882 I PeriodicStatsRunner: PeriodicStatsRunner.call():175 call()
08-05 19:28:07.883 13866 13882 I PeriodicStatsRunner: PeriodicStatsRunner.call():179 No submit PeriodicStats since input started.
08-05 19:28:08.020  7325  7337 I art     : Starting a blocking GC Explicit
08-05 19:28:08.054  7325  7337 I art     : Explicit concurrent mark sweep GC freed 2432(194KB) AllocSpace objects, 1(20KB) LOS objects, 40% free, 23MB/39MB, paused 276us total 33.639ms
08-05 19:28:08.065  7325  7337 I art     : Starting a blocking GC Explicit
08-05 19:28:08.093  7325  7337 I art     : Explicit concurrent mark sweep GC freed 166(7KB) AllocSpace objects, 0(0B) LOS objects, 40% free, 23MB/39MB, paused 279us total 27.183ms
08-05 19:28:08.105  7325  7337 I art     : Starting a blocking GC Explicit
08-05 19:28:08.111 29532 29532 W PathParser: Points are too far apart 4.030360828967057
08-05 19:28:08.111 29532 29532 W PathParser: Points are too far apart 4.030360538880159
08-05 19:28:08.128 29532 29532 W PathParser: Points are too far apart 4.030360828967057
08-05 19:28:08.128 29532 29532 W PathParser: Points are too far apart 4.030360538880159
08-05 19:28:08.130  7325  7337 I art     : Explicit concurrent mark sweep GC freed 3(96B) AllocSpace objects, 0(0B) LOS objects, 40% free, 23MB/39MB, paused 239us total 24.391ms
08-05 19:28:08.140  7325  7337 I art     : Starting a blocking GC Explicit
08-05 19:28:08.144 29532 29532 W PathParser: Points are too far apart 4.030360828967057
08-05 19:28:08.145 29532 29532 W PathParser: Points are too far apart 4.030360538880159
08-05 19:28:08.161 29532 29532 W PathParser: Points are too far apart 4.030360828967057
08-05 19:28:08.161 29532 29532 W PathParser: Points are too far apart 4.030360538880159
08-05 19:28:08.165  7325  7337 I art     : Explicit concurrent mark sweep GC freed 3(96B) AllocSpace objects, 0(0B) LOS objects, 40% free, 23MB/39MB, paused 241us total 24.273ms
08-05 19:28:08.175  7325  7337 I art     : Starting a blocking GC Explicit
08-05 19:28:08.178 29532 29532 W PathParser: Points are too far apart 4.030360828967057
08-05 19:28:08.178 29532 29532 W PathParser: Points are too far apart 4.030360538880159
08-05 19:28:08.194 29532 29532 W PathParser: Points are too far apart 4.030360828967057
08-05 19:28:08.195 29532 29532 W PathParser: Points are too far apart 4.030360538880159
08-05 19:28:08.199  7325  7337 I art     : Explicit concurrent mark sweep GC freed 3(96B) AllocSpace objects, 0(0B) LOS objects, 40% free, 23MB/39MB, paused 233us total 23.902ms
08-05 19:28:08.211 29532 29532 W PathParser: Points are too far apart 4.030360828967057
08-05 19:28:08.211 29532 29532 W PathParser: Points are too far apart 4.030360538880159
08-05 19:28:08.369   512  2967 D audio_hw_primary: disable_audio_route: reset and update mixer path: low-latency-playback speaker
08-05 19:28:08.370   512  2967 D audio_hw_primary: disable_snd_device: snd_device(2: speaker)
08-05 19:28:08.379   512  2967 I soundtrigger: audio_extn_sound_trigger_update_device_status: device 0x2 of type 0 for Event 0
08-05 19:28:08.497  7325  7434 I art     : Starting a blocking GC Explicit
08-05 19:28:08.530  7325  7434 I art     : Explicit concurrent mark sweep GC freed 1370(80KB) AllocSpace objects, 1(20KB) LOS objects, 40% free, 23MB/39MB, paused 381us total 32.592ms
08-05 19:28:08.545  7325  7434 I art     : Starting a blocking GC Explicit
08-05 19:28:08.576  7325  7434 I art     : Explicit concurrent mark sweep GC freed 107(4KB) AllocSpace objects, 0(0B) LOS objects, 40% free, 23MB/39MB, paused 274us total 30.612ms
08-05 19:28:08.589  7325  7434 I art     : Starting a blocking GC Explicit
08-05 19:28:08.601  7746  7746 D AndroidRuntime: >>>>>> START com.android.internal.os.RuntimeInit uid 2000 <<<<<<
08-05 19:28:08.607  7746  7746 D AndroidRuntime: CheckJNI is OFF
08-05 19:28:08.619  7325  7434 I art     : Explicit concurrent mark sweep GC freed 100(3KB) AllocSpace objects, 0(0B) LOS objects, 40% free, 23MB/39MB, paused 379us total 29.499ms
08-05 19:28:08.631  7325  7434 I art     : Starting a blocking GC Explicit
08-05 19:28:08.655  7746  7746 D ICU     : No timezone override file found: /data/misc/zoneinfo/current/icu/icu_tzdata.dat
08-05 19:28:08.657  7325  7434 I art     : Explicit concurrent mark sweep GC freed 74(2368B) AllocSpace objects, 0(0B) LOS objects, 40% free, 23MB/39MB, paused 268us total 26.668ms
08-05 19:28:08.668  7325  7434 I art     : Starting a blocking GC Explicit
08-05 19:28:08.691  7325  7434 I art     : Explicit concurrent mark sweep GC freed 67(2144B) AllocSpace objects, 0(0B) LOS objects, 40% free, 23MB/39MB, paused 274us total 22.976ms
08-05 19:28:08.697  7746  7746 I Radio-JNI: register_android_hardware_Radio DONE
08-05 19:28:08.725  7746  7746 D AndroidRuntime: Calling main entry com.android.commands.input.Input
08-05 19:28:08.728  7746  7746 I Input   : injectMotionEvent: MotionEvent { action=ACTION_DOWN, actionButton=0, id[0]=0, x[0]=256.0, y[0]=1589.0, toolType[0]=TOOL_TYPE_UNKNOWN, buttonState=0, metaState=0, flags=0x0, edgeFlags=0x0, pointerCount=1, historySize=0, eventTime=818905140, downTime=818905140, deviceId=0, source=0x1002 }
08-05 19:28:08.735  7746  7746 I Input   : injectMotionEvent: MotionEvent { action=ACTION_UP, actionButton=0, id[0]=0, x[0]=256.0, y[0]=1589.0, toolType[0]=TOOL_TYPE_UNKNOWN, buttonState=0, metaState=0, flags=0x0, edgeFlags=0x0, pointerCount=1, historySize=0, eventTime=818905140, downTime=818905140, deviceId=0, source=0x1002 }
08-05 19:28:08.736  7746  7746 D AndroidRuntime: Shutting down VM
08-05 19:28:08.753  7325  7325 D UserPreferences: timeOfDay: []
08-05 19:28:08.753  7325  7325 D AutoUpdateManager: Restarting update alarm.
08-05 19:28:08.755  7325  7325 D AutoUpdateManager: Automatic update was deactivated
08-05 19:28:08.755   512  2967 D audio_hw_primary: out_set_parameters: enter: usecase(1: low-latency-playback) kvpairs: routing=2
08-05 19:28:08.767   512  2967 D audio_hw_primary: select_devices: out_snd_device(2: speaker) in_snd_device(0: none)
08-05 19:28:08.768   512  2967 D msm8974_platform: platform_send_audio_calibration: sending audio calibration for snd_device(2) acdb_id(15)
08-05 19:28:08.768   512  2967 I soundtrigger: audio_extn_sound_trigger_update_device_status: device 0x2 of type 0 for Event 1
08-05 19:28:08.779   512  2967 D audio_hw_primary: enable_snd_device: snd_device(2: speaker)
08-05 19:28:08.781 13866 13866 I GoogleInputMethodServic: GoogleInputMethodService.onFinishInput():3138 
08-05 19:28:08.782   512  2967 D audio_hw_primary: enable_audio_route: apply and update mixer path: low-latency-playback speaker
08-05 19:28:08.782 13866 13866 I GoogleInputMethodServic: GoogleInputMethodService.onStartInput():1808 
08-05 19:28:08.795 29532 29532 W PathParser: Points are too far apart 4.030360828967057
08-05 19:28:08.795 29532 29532 W PathParser: Points are too far apart 4.030360538880159
08-05 19:28:08.812 29532 29532 W PathParser: Points are too far apart 4.030360828967057
08-05 19:28:08.812 29532 29532 W PathParser: Points are too far apart 4.030360538880159
08-05 19:28:08.823   512  2967 D AudioFlinger: mixer(0xf4740000) throttle end: throttle time(12)
08-05 19:28:08.828 29532 29532 W PathParser: Points are too far apart 4.030360828967057
08-05 19:28:08.828 29532 29532 W PathParser: Points are too far apart 4.030360538880159
08-05 19:28:08.844 29532 29532 W PathParser: Points are too far apart 4.030360828967057
08-05 19:28:08.844 29532 29532 W PathParser: Points are too far apart 4.030360538880159
08-05 19:28:08.861 29532 29532 W PathParser: Points are too far apart 4.030360828967057
08-05 19:28:08.862 29532 29532 W PathParser: Points are too far apart 4.030360538880159
08-05 19:28:08.878 29532 29532 W PathParser: Points are too far apart 4.030360828967057
08-05 19:28:08.878 29532 29532 W PathParser: Points are too far apart 4.030360538880159
08-05 19:28:08.895 29532 29532 W PathParser: Points are too far apart 4.030360828967057
08-05 19:28:08.895 29532 29532 W PathParser: Points are too far apart 4.030360538880159
08-05 19:28:08.911 29532 29532 W PathParser: Points are too far apart 4.030360828967057
08-05 19:28:08.912 29532 29532 W PathParser: Points are too far apart 4.030360538880159
08-05 19:28:08.960  7325  7336 I art     : Starting a blocking GC Explicit
08-05 19:28:08.960   380   380 W SurfaceFlinger: couldn't log to binary event log: overflow.
08-05 19:28:08.985  7325  7336 I art     : Explicit concurrent mark sweep GC freed 1888(113KB) AllocSpace objects, 2(40KB) LOS objects, 40% free, 23MB/39MB, paused 232us total 24.738ms
08-05 19:28:08.996  7325  7336 I art     : Starting a blocking GC Explicit
08-05 19:28:09.019  7325  7336 I art     : Explicit concurrent mark sweep GC freed 52(1920B) AllocSpace objects, 0(0B) LOS objects, 40% free, 23MB/39MB, paused 229us total 22.852ms
08-05 19:28:09.029  7325  7336 I art     : Starting a blocking GC Explicit
08-05 19:28:09.052  7325  7336 I art     : Explicit concurrent mark sweep GC freed 27(752B) AllocSpace objects, 0(0B) LOS objects, 40% free, 23MB/39MB, paused 234us total 22.842ms
08-05 19:28:09.062  7325  7336 I art     : Starting a blocking GC Explicit
08-05 19:28:09.087  7325  7336 I art     : Explicit concurrent mark sweep GC freed 4(128B) AllocSpace objects, 0(0B) LOS objects, 40% free, 23MB/39MB, paused 269us total 24.579ms
08-05 19:28:09.097  7325  7336 I art     : Starting a blocking GC Explicit
08-05 19:28:09.122  7325  7336 I art     : Explicit concurrent mark sweep GC freed 3(96B) AllocSpace objects, 0(0B) LOS objects, 40% free, 23MB/39MB, paused 236us total 24.475ms
08-05 19:28:09.266 13866 13882 I PeriodicStatsRunner: PeriodicStatsRunner.call():175 call()
08-05 19:28:09.267 13866 13882 I PeriodicStatsRunner: PeriodicStatsRunner.call():179 No submit PeriodicStats since input started.
08-05 19:28:09.328   512  2967 D audio_hw_primary: disable_audio_route: reset and update mixer path: low-latency-playback speaker
08-05 19:28:09.330   512  2967 D audio_hw_primary: disable_snd_device: snd_device(2: speaker)
08-05 19:28:09.338   512  2967 I soundtrigger: audio_extn_sound_trigger_update_device_status: device 0x2 of type 0 for Event 0
08-05 19:28:09.401  7325  7337 I art     : Starting a blocking GC Explicit
08-05 19:28:09.433  7325  7337 I art     : Explicit concurrent mark sweep GC freed 1365(80KB) AllocSpace objects, 1(20KB) LOS objects, 40% free, 23MB/39MB, paused 285us total 30.508ms
08-05 19:28:09.436  5179  5194 D QcrilMsgTunnelSocket: readRilMessage: Buffer = [B@671e81d HexData = [010000000404000011000000514f454d484f4f4bef0308000100000003]
08-05 19:28:09.436  5179  5194 D QcrilMsgTunnelSocket: Rcvd UNSOL response with 28 bytes data for SUB0
08-05 19:28:09.437  5179  5194 D QcrilMsgTunnelSocket: Response ID 525295 is not served in this process.
08-05 19:28:09.437  5179  5194 D QcrilMsgTunnelSocket: To broadcast an Intent via the notifier to external apps
08-05 19:28:09.437  5179  5179 D QcrilMsgTunnelIfaceManager: handleMessage what = 0
08-05 19:28:09.437  5179  5179 D QcrilMsgTunnelIfaceManager: Broadcasting intent ACTION_UNSOL_RESPONSE_OEM_HOOK_RAW
08-05 19:28:09.439  5164  5164 D QC_RIL_OEM_HOOK: Received Broadcast Intent ACTION_UNSOL_RESPONSE_OEM_HOOK_RAW
08-05 19:28:09.439  5164  5164 D QC_RIL_OEM_HOOK: Oem ID in QCRILHOOK UNSOL RESP is QOEMHOOK
08-05 19:28:09.445  7325  7337 I art     : Starting a blocking GC Explicit
08-05 19:28:09.471  7325  7337 I art     : Explicit concurrent mark sweep GC freed 125(6KB) AllocSpace objects, 0(0B) LOS objects, 40% free, 23MB/39MB, paused 254us total 25.689ms
08-05 19:28:09.482  7325  7337 I art     : Starting a blocking GC Explicit
08-05 19:28:09.498  7778  7778 D AndroidRuntime: >>>>>> START com.android.internal.os.RuntimeInit uid 2000 <<<<<<
08-05 19:28:09.503  7778  7778 D AndroidRuntime: CheckJNI is OFF
08-05 19:28:09.506  7325  7337 I art     : Explicit concurrent mark sweep GC freed 869(55KB) AllocSpace objects, 1(48KB) LOS objects, 40% free, 23MB/39MB, paused 261us total 24.148ms
08-05 19:28:09.517  7325  7337 I art     : Starting a blocking GC Explicit
08-05 19:28:09.541  7325  7337 I art     : Explicit concurrent mark sweep GC freed 3(96B) AllocSpace objects, 0(0B) LOS objects, 40% free, 23MB/39MB, paused 251us total 23.794ms
08-05 19:28:09.548  7778  7778 D ICU     : No timezone override file found: /data/misc/zoneinfo/current/icu/icu_tzdata.dat
08-05 19:28:09.552  7325  7337 I art     : Starting a blocking GC Explicit
08-05 19:28:09.577  7325  7337 I art     : Explicit concurrent mark sweep GC freed 3(96B) AllocSpace objects, 0(0B) LOS objects, 40% free, 23MB/39MB, paused 318us total 24.307ms
08-05 19:28:09.590  7778  7778 I Radio-JNI: register_android_hardware_Radio DONE
08-05 19:28:09.617  7778  7778 D AndroidRuntime: Calling main entry com.android.commands.input.Input
08-05 19:28:09.619  7778  7778 I Input   : injectKeyEvent: KeyEvent { action=ACTION_DOWN, keyCode=KEYCODE_BACK, scanCode=0, metaState=0, flags=0x0, repeatCount=0, eventTime=818906032, downTime=818906032, deviceId=-1, source=0x101 }
08-05 19:28:09.624  7778  7778 I Input   : injectKeyEvent: KeyEvent { action=ACTION_UP, keyCode=KEYCODE_BACK, scanCode=0, metaState=0, flags=0x0, repeatCount=0, eventTime=818906032, downTime=818906032, deviceId=-1, source=0x101 }
08-05 19:28:09.636  7778  7778 D AndroidRuntime: Shutting down VM
08-05 19:28:09.715 13866 13866 I GoogleInputMethodServic: GoogleInputMethodService.onFinishInput():3138 
08-05 19:28:09.717 13866 13866 I GoogleInputMethodServic: GoogleInputMethodService.onStartInput():1808 
08-05 19:28:09.793  7260  7260 I ServiceManager: Waiting for service AtCmdFwd...
08-05 19:28:09.847  7325  7337 I art     : Starting a blocking GC Explicit
08-05 19:28:09.879  7325  7337 I art     : Explicit concurrent mark sweep GC freed 2641(138KB) AllocSpace objects, 1(20KB) LOS objects, 39% free, 24MB/40MB, paused 282us total 31.675ms
08-05 19:28:09.891  7325  7337 I art     : Starting a blocking GC Explicit
08-05 19:28:09.917  7325  7337 I art     : Explicit concurrent mark sweep GC freed 5604(340KB) AllocSpace objects, 0(0B) LOS objects, 40% free, 23MB/39MB, paused 260us total 26.045ms
08-05 19:28:09.928  7325  7337 I art     : Starting a blocking GC Explicit
08-05 19:28:09.952  7325  7337 I art     : Explicit concurrent mark sweep GC freed 2854(192KB) AllocSpace objects, 0(0B) LOS objects, 40% free, 23MB/39MB, paused 257us total 24.261ms
08-05 19:28:09.963  7325  7337 I art     : Starting a blocking GC Explicit
08-05 19:28:09.987  7325  7337 I art     : Explicit concurrent mark sweep GC freed 3(96B) AllocSpace objects, 0(0B) LOS objects, 40% free, 23MB/39MB, paused 381us total 23.767ms
08-05 19:28:09.998  7325  7337 I art     : Starting a blocking GC Explicit
08-05 19:28:10.022  7325  7337 I art     : Explicit concurrent mark sweep GC freed 3(96B) AllocSpace objects, 0(0B) LOS objects, 40% free, 23MB/39MB, paused 246us total 23.967ms
08-05 19:28:10.309 13866 13882 I PeriodicStatsRunner: PeriodicStatsRunner.call():175 call()
08-05 19:28:10.309 13866 13882 I PeriodicStatsRunner: PeriodicStatsRunner.call():179 No submit PeriodicStats since input started.
08-05 19:28:10.310  7325  7434 I art     : Starting a blocking GC Explicit
08-05 19:28:10.340  7325  7434 I art     : Explicit concurrent mark sweep GC freed 1390(80KB) AllocSpace objects, 1(20KB) LOS objects, 40% free, 23MB/39MB, paused 273us total 28.789ms
08-05 19:28:10.355  7325  7434 I art     : Starting a blocking GC Explicit
08-05 19:28:10.383  7325  7434 I art     : Explicit concurrent mark sweep GC freed 23(752B) AllocSpace objects, 0(0B) LOS objects, 40% free, 23MB/39MB, paused 262us total 27.479ms
08-05 19:28:10.394  7325  7434 I art     : Starting a blocking GC Explicit
08-05 19:28:10.418  7325  7434 I art     : Explicit concurrent mark sweep GC freed 3(96B) AllocSpace objects, 0(0B) LOS objects, 40% free, 23MB/39MB, paused 245us total 24.195ms
08-05 19:28:10.429  7325  7434 I art     : Starting a blocking GC Explicit
08-05 19:28:10.453  7325  7434 I art     : Explicit concurrent mark sweep GC freed 3(96B) AllocSpace objects, 0(0B) LOS objects, 40% free, 23MB/39MB, paused 252us total 23.848ms
08-05 19:28:10.464  7325  7434 I art     : Starting a blocking GC Explicit
08-05 19:28:10.488  7325  7434 I art     : Explicit concurrent mark sweep GC freed 3(96B) AllocSpace objects, 0(0B) LOS objects, 40% free, 23MB/39MB, paused 250us total 24.195ms
08-05 19:28:10.777  7325  7336 I art     : Starting a blocking GC Explicit
08-05 19:28:10.794  7260  7260 I ServiceManager: Waiting for service AtCmdFwd...
08-05 19:28:10.811  7325  7336 I art     : Explicit concurrent mark sweep GC freed 1365(80KB) AllocSpace objects, 1(20KB) LOS objects, 40% free, 23MB/39MB, paused 283us total 33.309ms
08-05 19:28:10.825  7325  7336 I art     : Starting a blocking GC Explicit
08-05 19:28:10.851  7325  7336 I art     : Explicit concurrent mark sweep GC freed 23(752B) AllocSpace objects, 0(0B) LOS objects, 40% free, 23MB/39MB, paused 237us total 25.868ms
08-05 19:28:10.862  7325  7336 I art     : Starting a blocking GC Explicit
08-05 19:28:10.885  7325  7336 I art     : Explicit concurrent mark sweep GC freed 3(96B) AllocSpace objects, 0(0B) LOS objects, 40% free, 23MB/39MB, paused 228us total 22.634ms
08-05 19:28:10.895  7325  7336 I art     : Starting a blocking GC Explicit
08-05 19:28:10.918  7325  7336 I art     : Explicit concurrent mark sweep GC freed 3(96B) AllocSpace objects, 0(0B) LOS objects, 40% free, 23MB/39MB, paused 245us total 22.528ms
08-05 19:28:10.928  7325  7336 I art     : Starting a blocking GC Explicit
08-05 19:28:10.951  7325  7336 I art     : Explicit concurrent mark sweep GC freed 3(96B) AllocSpace objects, 0(0B) LOS objects, 40% free, 23MB/39MB, paused 240us total 22.564ms
08-05 19:28:11.236  7325  7337 I art     : Starting a blocking GC Explicit
08-05 19:28:11.265  7325  7337 I art     : Explicit concurrent mark sweep GC freed 1392(80KB) AllocSpace objects, 1(20KB) LOS objects, 40% free, 23MB/39MB, paused 819us total 28.515ms
08-05 19:28:11.278  7325  7337 I art     : Starting a blocking GC Explicit
08-05 19:28:11.303  7325  7337 I art     : Explicit concurrent mark sweep GC freed 73(3KB) AllocSpace objects, 0(0B) LOS objects, 40% free, 23MB/39MB, paused 452us total 24.798ms
08-05 19:28:11.313  7325  7337 I art     : Starting a blocking GC Explicit
08-05 19:28:11.337  7325  7337 I art     : Explicit concurrent mark sweep GC freed 120(4KB) AllocSpace objects, 0(0B) LOS objects, 40% free, 23MB/39MB, paused 452us total 23.854ms
08-05 19:28:11.348  7325  7337 I art     : Starting a blocking GC Explicit
08-05 19:28:11.372  7325  7337 I art     : Explicit concurrent mark sweep GC freed 136(4KB) AllocSpace objects, 0(0B) LOS objects, 40% free, 23MB/39MB, paused 410us total 23.787ms
08-05 19:28:11.382  7325  7337 I art     : Starting a blocking GC Explicit
08-05 19:28:11.404  7844  7844 D AndroidRuntime: >>>>>> START com.android.internal.os.RuntimeInit uid 2000 <<<<<<
08-05 19:28:11.405  7325  7337 I art     : Explicit concurrent mark sweep GC freed 100(3KB) AllocSpace objects, 0(0B) LOS objects, 40% free, 23MB/39MB, paused 304us total 22.909ms
08-05 19:28:11.410  7844  7844 D AndroidRuntime: CheckJNI is OFF
08-05 19:28:11.449  7844  7844 D ICU     : No timezone override file found: /data/misc/zoneinfo/current/icu/icu_tzdata.dat
08-05 19:28:11.491  7844  7844 I Radio-JNI: register_android_hardware_Radio DONE
08-05 19:28:11.520  7844  7844 D AndroidRuntime: Calling main entry com.android.commands.input.Input
08-05 19:28:11.523  7844  7844 I Input   : injectKeyEvent: KeyEvent { action=ACTION_DOWN, keyCode=KEYCODE_BACK, scanCode=0, metaState=0, flags=0x0, repeatCount=0, eventTime=818907935, downTime=818907935, deviceId=-1, source=0x101 }
08-05 19:28:11.530  7844  7844 I Input   : injectKeyEvent: KeyEvent { action=ACTION_UP, keyCode=KEYCODE_BACK, scanCode=0, metaState=0, flags=0x0, repeatCount=0, eventTime=818907935, downTime=818907935, deviceId=-1, source=0x101 }
08-05 19:28:11.542  7844  7844 D AndroidRuntime: Shutting down VM
08-05 19:28:11.566  7325  7325 D QueueFragment: loadItems()
08-05 19:28:11.566  7325  7345 D DBReader: getQueue() called
08-05 19:28:11.566  7325  7325 V PlaybackController: initServiceNotRunning()
08-05 19:28:11.566  7325  7345 D DBReader: getQueue()
08-05 19:28:11.567  7325  7325 D ExternalPlayerFragment: Loading media info
08-05 19:28:11.568  7325  7345 D DBReader: getFavoriteIDList() called
08-05 19:28:11.568  7325  7325 D UserPreferences: Using default data folder
08-05 19:28:11.569  7325  7345 D DBReader: getQueueIDList() called
08-05 19:28:11.569  7325  7871 D DBReader: getNavDrawerData() called with: 
08-05 19:28:11.570  7325  7345 D DBReader: Extracting Feedlist
08-05 19:28:11.572  7325  7871 D DBReader: getDownloadedItems() called
08-05 19:28:11.573  7325  7871 D DBReader: getFavoriteIDList() called
08-05 19:28:11.573  7325  7871 D DBReader: getQueueIDList() called
08-05 19:28:11.574  7325  7871 D DBReader: Extracting Feedlist
08-05 19:28:11.624  7325  7325 D MainActivity: getLastNavFragment() -> QueueFragment
08-05 19:28:11.667 13866 13866 I GoogleInputMethodServic: GoogleInputMethodService.onFinishInput():3138 
08-05 19:28:11.667 13866 13866 I GoogleInputMethodServic: GoogleInputMethodService.onStartInput():1808 
08-05 19:28:11.674  7325  7434 I art     : Starting a blocking GC Explicit
08-05 19:28:11.699  7325  7434 I art     : Explicit concurrent mark sweep GC freed 3449(197KB) AllocSpace objects, 1(20KB) LOS objects, 40% free, 23MB/39MB, paused 334us total 24.399ms
08-05 19:28:11.709  7325  7434 I art     : Starting a blocking GC Explicit
08-05 19:28:11.730  7325  7434 I art     : Explicit concurrent mark sweep GC freed 1480(93KB) AllocSpace objects, 0(0B) LOS objects, 40% free, 23MB/39MB, paused 255us total 21.367ms
08-05 19:28:11.741  7325  7434 I art     : Starting a blocking GC Explicit
08-05 19:28:11.764  7325  7434 I art     : Explicit concurrent mark sweep GC freed 3(96B) AllocSpace objects, 0(0B) LOS objects, 40% free, 23MB/39MB, paused 281us total 22.150ms
08-05 19:28:11.774  7325  7434 I art     : Starting a blocking GC Explicit
08-05 19:28:11.794  7260  7260 I ServiceManager: Waiting for service AtCmdFwd...
08-05 19:28:11.797  7325  7434 I art     : Explicit concurrent mark sweep GC freed 3(96B) AllocSpace objects, 0(0B) LOS objects, 40% free, 23MB/39MB, paused 265us total 22.690ms
08-05 19:28:11.808  7325  7434 I art     : Starting a blocking GC Explicit
08-05 19:28:11.830  7325  7434 I art     : Explicit concurrent mark sweep GC freed 3(96B) AllocSpace objects, 0(0B) LOS objects, 40% free, 23MB/39MB, paused 250us total 22.005ms
08-05 19:28:11.948   380   380 W SurfaceFlinger: couldn't log to binary event log: overflow.
08-05 19:28:12.031 13866 13882 I PeriodicStatsRunner: PeriodicStatsRunner.call():175 call()
08-05 19:28:12.031 13866 13882 I PeriodicStatsRunner: PeriodicStatsRunner.call():179 No submit PeriodicStats since input started.
08-05 19:28:12.104  7325  7434 I art     : Starting a blocking GC Explicit
08-05 19:28:12.128  7325  7434 I art     : Explicit concurrent mark sweep GC freed 1937(106KB) AllocSpace objects, 1(20KB) LOS objects, 40% free, 23MB/39MB, paused 288us total 23.596ms
08-05 19:28:12.138  7325  7434 I art     : Starting a blocking GC Explicit
08-05 19:28:12.159  7325  7434 I art     : Explicit concurrent mark sweep GC freed 6244(390KB) AllocSpace objects, 11(308KB) LOS objects, 40% free, 22MB/38MB, paused 278us total 20.430ms
08-05 19:28:12.168  7325  7434 I art     : Starting a blocking GC Explicit
08-05 19:28:12.188  7325  7434 I art     : Explicit concurrent mark sweep GC freed 6(208B) AllocSpace objects, 0(0B) LOS objects, 40% free, 22MB/38MB, paused 274us total 19.416ms
08-05 19:28:12.197  7325  7434 I art     : Starting a blocking GC Explicit
08-05 19:28:12.217  7325  7434 I art     : Explicit concurrent mark sweep GC freed 3(96B) AllocSpace objects, 0(0B) LOS objects, 40% free, 22MB/38MB, paused 262us total 19.210ms
08-05 19:28:12.226  7325  7434 I art     : Starting a blocking GC Explicit
08-05 19:28:12.246  7325  7434 I art     : Explicit concurrent mark sweep GC freed 3(96B) AllocSpace objects, 0(0B) LOS objects, 40% free, 22MB/38MB, paused 268us total 19.396ms
08-05 19:28:12.525  7325  7336 I art     : Starting a blocking GC Explicit
08-05 19:28:12.547  7325  7336 I art     : Explicit concurrent mark sweep GC freed 1367(82KB) AllocSpace objects, 1(20KB) LOS objects, 40% free, 22MB/38MB, paused 318us total 21.830ms
08-05 19:28:12.558  7325  7336 I art     : Starting a blocking GC Explicit
08-05 19:28:12.579  7325  7336 I art     : Explicit concurrent mark sweep GC freed 23(752B) AllocSpace objects, 0(0B) LOS objects, 40% free, 22MB/38MB, paused 284us total 20.964ms
08-05 19:28:12.589  7325  7336 I art     : Starting a blocking GC Explicit
08-05 19:28:12.610  7325  7336 I art     : Explicit concurrent mark sweep GC freed 3(96B) AllocSpace objects, 0(0B) LOS objects, 40% free, 22MB/38MB, paused 279us total 20.930ms
08-05 19:28:12.620  7325  7336 I art     : Starting a blocking GC Explicit
08-05 19:28:12.642  7325  7336 I art     : Explicit concurrent mark sweep GC freed 3(96B) AllocSpace objects, 0(0B) LOS objects, 40% free, 22MB/38MB, paused 277us total 21.614ms
08-05 19:28:12.653  7325  7336 I art     : Starting a blocking GC Explicit
08-05 19:28:12.674  7325  7336 I art     : Explicit concurrent mark sweep GC freed 3(96B) AllocSpace objects, 0(0B) LOS objects, 40% free, 22MB/38MB, paused 277us total 20.845ms
08-05 19:28:12.795  7260  7260 I ServiceManager: Waiting for service AtCmdFwd...
08-05 19:28:12.881 13866 13882 I PeriodicStatsRunner: PeriodicStatsRunner.call():175 call()
08-05 19:28:12.881 13866 13882 I PeriodicStatsRunner: PeriodicStatsRunner.call():179 No submit PeriodicStats since input started.
08-05 19:28:12.941  7325  7337 I art     : Starting a blocking GC Explicit
08-05 19:28:12.965  7325  7337 I art     : Explicit concurrent mark sweep GC freed 1364(80KB) AllocSpace objects, 1(20KB) LOS objects, 40% free, 22MB/38MB, paused 312us total 23.986ms
08-05 19:28:12.978  7325  7337 I art     : Starting a blocking GC Explicit
08-05 19:28:12.999  7325  7337 I art     : Explicit concurrent mark sweep GC freed 23(752B) AllocSpace objects, 0(0B) LOS objects, 40% free, 22MB/38MB, paused 269us total 20.734ms
08-05 19:28:13.009  7325  7337 I art     : Starting a blocking GC Explicit
08-05 19:28:13.030  7325  7337 I art     : Explicit concurrent mark sweep GC freed 3(96B) AllocSpace objects, 0(0B) LOS objects, 40% free, 22MB/38MB, paused 284us total 20.497ms
08-05 19:28:13.040  7325  7337 I art     : Starting a blocking GC Explicit
08-05 19:28:13.061  7325  7337 I art     : Explicit concurrent mark sweep GC freed 32(880B) AllocSpace objects, 0(0B) LOS objects, 40% free, 22MB/38MB, paused 286us total 20.862ms
08-05 19:28:13.071  7325  7337 I art     : Starting a blocking GC Explicit
08-05 19:28:13.092  7325  7337 I art     : Explicit concurrent mark sweep GC freed 3(96B) AllocSpace objects, 0(0B) LOS objects, 40% free, 22MB/38MB, paused 291us total 20.564ms
08-05 19:28:13.324  7900  7900 D AndroidRuntime: >>>>>> START com.android.internal.os.RuntimeInit uid 2000 <<<<<<
08-05 19:28:13.331  7900  7900 D AndroidRuntime: CheckJNI is OFF
08-05 19:28:13.374  7900  7900 D ICU     : No timezone override file found: /data/misc/zoneinfo/current/icu/icu_tzdata.dat
08-05 19:28:13.394  7325  7434 I art     : Starting a blocking GC Explicit
08-05 19:28:13.417  7325  7434 I art     : Explicit concurrent mark sweep GC freed 1364(80KB) AllocSpace objects, 1(20KB) LOS objects, 40% free, 22MB/38MB, paused 312us total 22.136ms
08-05 19:28:13.417  7900  7900 I Radio-JNI: register_android_hardware_Radio DONE
08-05 19:28:13.427  7325  7434 I art     : Starting a blocking GC Explicit
08-05 19:28:13.449  7900  7900 D AndroidRuntime: Calling main entry com.android.commands.input.Input
08-05 19:28:13.450  7325  7434 I art     : Explicit concurrent mark sweep GC freed 23(752B) AllocSpace objects, 0(0B) LOS objects, 40% free, 22MB/38MB, paused 313us total 22.172ms
08-05 19:28:13.452  7900  7900 I Input   : injectMotionEvent: MotionEvent { action=ACTION_DOWN, actionButton=0, id[0]=0, x[0]=103.0, y[0]=192.0, toolType[0]=TOOL_TYPE_UNKNOWN, buttonState=0, metaState=0, flags=0x0, edgeFlags=0x0, pointerCount=1, historySize=0, eventTime=818909863, downTime=818909863, deviceId=0, source=0x1002 }
08-05 19:28:13.458  7900  7900 I Input   : injectMotionEvent: MotionEvent { action=ACTION_UP, actionButton=0, id[0]=0, x[0]=103.0, y[0]=192.0, toolType[0]=TOOL_TYPE_UNKNOWN, buttonState=0, metaState=0, flags=0x0, edgeFlags=0x0, pointerCount=1, historySize=0, eventTime=818909863, downTime=818909863, deviceId=0, source=0x1002 }
08-05 19:28:13.459  7325  7434 I art     : Starting a blocking GC Explicit
08-05 19:28:13.461  7900  7900 D AndroidRuntime: Shutting down VM
08-05 19:28:13.467   512  2967 D audio_hw_primary: out_set_parameters: enter: usecase(1: low-latency-playback) kvpairs: routing=2
08-05 19:28:13.480   512  2967 D audio_hw_primary: select_devices: out_snd_device(2: speaker) in_snd_device(0: none)
08-05 19:28:13.480   512  2967 D msm8974_platform: platform_send_audio_calibration: sending audio calibration for snd_device(2) acdb_id(15)
08-05 19:28:13.480   512  2967 I soundtrigger: audio_extn_sound_trigger_update_device_status: device 0x2 of type 0 for Event 1
08-05 19:28:13.482  7325  7434 I art     : Explicit concurrent mark sweep GC freed 27(864B) AllocSpace objects, 0(0B) LOS objects, 40% free, 22MB/38MB, paused 500us total 21.906ms
08-05 19:28:13.492   512  2967 D audio_hw_primary: enable_snd_device: snd_device(2: speaker)
08-05 19:28:13.492  7325  7434 I art     : Starting a blocking GC Explicit
08-05 19:28:13.494   512  2967 D audio_hw_primary: enable_audio_route: apply and update mixer path: low-latency-playback speaker
08-05 19:28:13.505 13866 13866 I GoogleInputMethodServic: GoogleInputMethodService.onFinishInput():3138 
08-05 19:28:13.506 13866 13866 I GoogleInputMethodServic: GoogleInputMethodService.onStartInput():1808 
08-05 19:28:13.511  7325  7434 I art     : Explicit concurrent mark sweep GC freed 97(3KB) AllocSpace objects, 0(0B) LOS objects, 40% free, 22MB/38MB, paused 277us total 19.617ms
08-05 19:28:13.521  7325  7434 I art     : Starting a blocking GC Explicit
08-05 19:28:13.541  7325  7434 I art     : Explicit concurrent mark sweep GC freed 19(1024B) AllocSpace objects, 0(0B) LOS objects, 40% free, 22MB/38MB, paused 260us total 19.473ms
08-05 19:28:13.568   918  1209 D NetworkMonitor/NetworkAgentInfo [WIFI () - 159]: Checking http://connectivitycheck.gstatic.com/generate_204 on "H369AA63323", 192.168.2.12=192.168.2.12
08-05 19:28:13.782 13866 13882 I PeriodicStatsRunner: PeriodicStatsRunner.call():175 call()
08-05 19:28:13.783 13866 13882 I PeriodicStatsRunner: PeriodicStatsRunner.call():179 No submit PeriodicStats since input started.
08-05 19:28:13.795  7260  7260 I ServiceManager: Waiting for service AtCmdFwd...
08-05 19:28:13.810  7325  7434 I art     : Starting a blocking GC Explicit
08-05 19:28:13.831  7325  7434 I art     : Explicit concurrent mark sweep GC freed 1779(103KB) AllocSpace objects, 1(20KB) LOS objects, 40% free, 22MB/38MB, paused 294us total 21.400ms
08-05 19:28:13.842  7325  7434 I art     : Starting a blocking GC Explicit
08-05 19:28:13.864  7325  7434 I art     : Explicit concurrent mark sweep GC freed 35(1296B) AllocSpace objects, 0(0B) LOS objects, 40% free, 22MB/38MB, paused 280us total 21.575ms
08-05 19:28:13.875  7325  7434 I art     : Starting a blocking GC Explicit
08-05 19:28:13.879   918  1209 D NetworkMonitor/NetworkAgentInfo [WIFI () - 159]: Probably not a portal: exception java.io.IOException: unexpected end of stream on Connection{connectivitycheck.gstatic.com:80, proxy=HTTP@/192.168.2.12:8080 hostAddress=192.168.2.12 cipherSuite=none protocol=http/1.1} (recycle count=0)
08-05 19:28:13.879   918  3263 D ConnectivityService: NetworkAgentInfo [WIFI () - 159] validation failed
08-05 19:28:13.880   918  3261 E WifiConfigStore:  rewrite network history for "H369AA63323"WPA_PSK
08-05 19:28:13.896  7325  7434 I art     : Explicit concurrent mark sweep GC freed 6(224B) AllocSpace objects, 0(0B) LOS objects, 40% free, 22MB/38MB, paused 264us total 20.667ms
08-05 19:28:13.906  7325  7434 I art     : Starting a blocking GC Explicit
08-05 19:28:13.928  7325  7434 I art     : Explicit concurrent mark sweep GC freed 5(160B) AllocSpace objects, 0(0B) LOS objects, 40% free, 22MB/38MB, paused 278us total 21.572ms
08-05 19:28:13.938  7325  7434 I art     : Starting a blocking GC Explicit
08-05 19:28:13.959  7325  7434 I art     : Explicit concurrent mark sweep GC freed 3(96B) AllocSpace objects, 0(0B) LOS objects, 40% free, 22MB/38MB, paused 264us total 20.470ms
08-05 19:28:14.038   512  2967 D audio_hw_primary: disable_audio_route: reset and update mixer path: low-latency-playback speaker
08-05 19:28:14.040   512  2967 D audio_hw_primary: disable_snd_device: snd_device(2: speaker)
08-05 19:28:14.048   512  2967 I soundtrigger: audio_extn_sound_trigger_update_device_status: device 0x2 of type 0 for Event 0
08-05 19:28:14.246  7325  7336 I art     : Starting a blocking GC Explicit
08-05 19:28:14.275  7325  7336 I art     : Explicit concurrent mark sweep GC freed 1393(81KB) AllocSpace objects, 1(20KB) LOS objects, 40% free, 22MB/38MB, paused 287us total 28.110ms
08-05 19:28:14.286 15866 15866 I Finsky  : [1] xow.onStartJob(3): SCH: onJobSchedulerWakeup with jobId 9016
08-05 19:28:14.290  7325  7336 I art     : Starting a blocking GC Explicit
08-05 19:28:14.297 15866 15866 I Finsky  : [1] xjw.a(9): Scheduling fallback in 43199997 (absolute: 1845498168)
08-05 19:28:14.299 15866 15866 I Finsky  : [1] xjw.a(9): Scheduling fallback in 64799998 (absolute: 1867098172)
08-05 19:28:14.304 15866 15866 I Finsky  : [1] xow.onStartJob(3): SCH: onJobSchedulerWakeup with jobId 9003
08-05 19:28:14.310 15866 15866 I Finsky  : [1] xjw.a(9): Scheduling fallback in 43199998 (absolute: 1845498182)
08-05 19:28:14.310  7325  7336 I art     : Explicit concurrent mark sweep GC freed 25(816B) AllocSpace objects, 0(0B) LOS objects, 40% free, 22MB/38MB, paused 266us total 19.596ms
08-05 19:28:14.312 15866 15866 I Finsky  : [1] xjw.a(9): Scheduling fallback in 64799998 (absolute: 1867098185)
08-05 19:28:14.315 15866 15866 W Finsky  : [1] xow.onStartJob(9): SCH: onJobSchedulerWakeup while already running
08-05 19:28:14.320  7325  7336 I art     : Starting a blocking GC Explicit
08-05 19:28:14.341  7325  7336 I art     : Explicit concurrent mark sweep GC freed 3(96B) AllocSpace objects, 0(0B) LOS objects, 40% free, 22MB/38MB, paused 275us total 20.863ms
08-05 19:28:14.351  7325  7336 I art     : Starting a blocking GC Explicit
08-05 19:28:14.372  7325  7336 I art     : Explicit concurrent mark sweep GC freed 3(96B) AllocSpace objects, 0(0B) LOS objects, 40% free, 22MB/38MB, paused 277us total 20.770ms
08-05 19:28:14.382  7325  7336 I art     : Starting a blocking GC Explicit
08-05 19:28:14.392 15866 15866 I Finsky  : [1] xkf.handleMessage(8): SCH: DeviceState: DeviceState{currentTime=1596648494388, isCharging=false, isIdle=false, netAny=true, netNotRoaming=true, netUnmetered=true, batteryPercent=100.0}
08-05 19:28:14.398 15866  7285 I Finsky  : [6177] xmu.a(8): SCH: Jobs in database: 1-1337 3-219 3-220 12-1 24-77777777 26-1414141414 
08-05 19:28:14.401 15866 15866 I Finsky  : [1] xkg.a(16): SCH: Running job: 12-1
08-05 19:28:14.402 15866 15866 I Finsky  : [1] ContentSyncJob.a(16): [ContentSync] job started
08-05 19:28:14.402  7325  7336 I art     : Explicit concurrent mark sweep GC freed 3(96B) AllocSpace objects, 0(0B) LOS objects, 40% free, 22MB/38MB, paused 267us total 19.800ms
08-05 19:28:14.402 15866 15866 I Finsky  : [1] xkf.handleMessage(61): SCH: RunningQueue size: 1, PendingQueue size: 0
08-05 19:28:14.403 15866 15866 I Finsky  : [1] xkf.handleMessage(64): SCH: Running queue: 12-1 
08-05 19:28:14.466 15866  7314 I Finsky  : [6182] dzn.a(22): Completed 0 account content syncs with 0 successful.
08-05 19:28:14.467 15866 15866 I Finsky  : [1] ContentSyncJob.a(1): [ContentSync] Installation state replication succeeded.
08-05 19:28:14.467 15866 15866 I Finsky  : [1] xlr.a(13): SCH: jobFinished: 12-1. TimeElapsed: 65ms.
08-05 19:28:14.468 15866 15866 I Finsky  : [1] xkg.a(36): SCH: Job 12-1 finished. Not rescheduling.
08-05 19:28:14.468 15866 15866 I Finsky  : [1] xkf.handleMessage(61): SCH: RunningQueue size: 0, PendingQueue size: 0
08-05 19:28:14.469 15866 15866 I Finsky  : [1] xkf.handleMessage(25): Executor finished
08-05 19:28:14.484 15866 15866 I Finsky  : [1] xmu.a(8): SCH: Jobs in database: 1-1337 3-219 3-220 24-77777777 26-1414141414 
08-05 19:28:14.486 15866 15866 I Finsky  : [1] xio.a(57): SCH: ConstraintMapping: 24-77777777,  -> L: 0ms, D: 6106034ms, C: false, I: true, N: 0
08-05 19:28:14.487 15866 15866 I Finsky  : [1] xio.a(57): SCH: ConstraintMapping: 1-1337,  -> L: 3910139ms, D: 9458428ms, C: false, I: false, N: 1
08-05 19:28:14.487 15866 15866 I Finsky  : [1] xio.a(57): SCH: ConstraintMapping: 3-219,  -> L: 0ms, D: 84669037ms, C: false, I: true, N: 2
08-05 19:28:14.488 15866 15866 I Finsky  : [1] xio.a(57): SCH: ConstraintMapping: 3-220,  -> L: 0ms, D: 84669079ms, C: true, I: true, N: 2
08-05 19:28:14.488 15866 15866 I Finsky  : [1] xio.a(57): SCH: ConstraintMapping: 26-1414141414,  -> L: 14105893ms, D: 15005893ms, C: false, I: false, N: 0
08-05 19:28:14.498 15866 15866 I Finsky  : [1] xle.a(34): Cancelling existing jobscheduler jobs: 9017 9006 9000 9014 9018 9012 9019 9011 
08-05 19:28:14.499 15866 15866 I Finsky  : [1] xle.a(10): Throttling wakeup for job 9001 (expected to run in 0 ms) due to recent wakeup
08-05 19:28:14.499 15866 15866 I Finsky  : [1] xle.a(27): Scheduling job Id: 9001, L: 30000, D: 6106034, C: false, I: true, N: 0
08-05 19:28:14.501 15866 15866 I Finsky  : [1] xle.a(27): Scheduling job Id: 9002, L: 3910139, D: 9458428, C: false, I: false, N: 1
08-05 19:28:14.502 15866 15866 I Finsky  : [1] xle.a(10): Throttling wakeup for job 9003 (expected to run in 0 ms) due to recent wakeup
08-05 19:28:14.503 15866 15866 I Finsky  : [1] xle.a(27): Scheduling job Id: 9003, L: 30000, D: 84669037, C: false, I: true, N: 2
08-05 19:28:14.504 15866 15866 I Finsky  : [1] xle.a(10): Throttling wakeup for job 9004 (expected to run in 0 ms) due to recent wakeup
08-05 19:28:14.505 15866 15866 I Finsky  : [1] xle.a(27): Scheduling job Id: 9004, L: 30000, D: 84669079, C: true, I: true, N: 2
08-05 19:28:14.507 15866 15866 I Finsky  : [1] xle.a(27): Scheduling job Id: 9005, L: 14105893, D: 15005893, C: false, I: false, N: 0
08-05 19:28:14.508 15866 15866 I Finsky  : [1] xle.a(10): Throttling wakeup for job 9007 (expected to run in 0 ms) due to recent wakeup
08-05 19:28:14.509 15866 15866 I Finsky  : [1] xle.a(27): Scheduling job Id: 9007, L: 30000, D: 6106034, C: false, I: true, N: 0
08-05 19:28:14.510 15866 15866 I Finsky  : [1] xle.a(27): Scheduling job Id: 9008, L: 3910139, D: 9458428, C: false, I: false, N: 1
08-05 19:28:14.511 15866 15866 I Finsky  : [1] xle.a(10): Throttling wakeup for job 9009 (expected to run in 0 ms) due to recent wakeup
08-05 19:28:14.512 15866 15866 I Finsky  : [1] xle.a(27): Scheduling job Id: 9009, L: 30000, D: 84669037, C: false, I: true, N: 2
08-05 19:28:14.513 15866 15866 I Finsky  : [1] xle.a(10): Throttling wakeup for job 9010 (expected to run in 0 ms) due to recent wakeup
08-05 19:28:14.514 15866 15866 I Finsky  : [1] xle.a(27): Scheduling job Id: 9010, L: 30000, D: 84669079, C: true, I: true, N: 2
08-05 19:28:14.515 15866 15866 I Finsky  : [1] xle.a(27): Scheduling job Id: 9013, L: 14105893, D: 15005893, C: false, I: false, N: 0
08-05 19:28:14.671  7325  7337 I art     : Starting a blocking GC Explicit
08-05 19:28:14.696  7325  7337 I art     : Explicit concurrent mark sweep GC freed 1363(82KB) AllocSpace objects, 1(20KB) LOS objects, 40% free, 22MB/38MB, paused 272us total 24.818ms
08-05 19:28:14.707  7325  7337 I art     : Starting a blocking GC Explicit
08-05 19:28:14.716 13866 13882 I PeriodicStatsRunner: PeriodicStatsRunner.call():175 call()
08-05 19:28:14.717 13866 13882 I PeriodicStatsRunner: PeriodicStatsRunner.call():179 No submit PeriodicStats since input started.
08-05 19:28:14.727  7325  7337 I art     : Explicit concurrent mark sweep GC freed 23(752B) AllocSpace objects, 0(0B) LOS objects, 40% free, 22MB/38MB, paused 294us total 20.373ms
08-05 19:28:14.737  7325  7337 I art     : Starting a blocking GC Explicit
08-05 19:28:14.758  7325  7337 I art     : Explicit concurrent mark sweep GC freed 3(96B) AllocSpace objects, 0(0B) LOS objects, 40% free, 22MB/38MB, paused 302us total 20.183ms
08-05 19:28:14.768  7325  7337 I art     : Starting a blocking GC Explicit
08-05 19:28:14.788  7325  7337 I art     : Explicit concurrent mark sweep GC freed 3(96B) AllocSpace objects, 0(0B) LOS objects, 40% free, 22MB/38MB, paused 274us total 20.307ms
08-05 19:28:14.795  7260  7260 W Atfwd_Sendcmd: AtCmdFwd service not published, waiting... retryCnt : 3
08-05 19:28:14.798  7325  7337 I art     : Starting a blocking GC Explicit
08-05 19:28:14.818  7325  7337 I art     : Explicit concurrent mark sweep GC freed 3(96B) AllocSpace objects, 0(0B) LOS objects, 40% free, 22MB/38MB, paused 284us total 20.101ms
08-05 19:28:15.093  7325  7434 I art     : Starting a blocking GC Explicit
08-05 19:28:15.112  7325  7434 I art     : Explicit concurrent mark sweep GC freed 1392(80KB) AllocSpace objects, 1(20KB) LOS objects, 40% free, 22MB/38MB, paused 265us total 18.445ms
08-05 19:28:15.121  7325  7434 I art     : Starting a blocking GC Explicit
08-05 19:28:15.140  7325  7434 I art     : Explicit concurrent mark sweep GC freed 26(848B) AllocSpace objects, 0(0B) LOS objects, 40% free, 22MB/38MB, paused 265us total 18.972ms
08-05 19:28:15.149  7325  7434 I art     : Starting a blocking GC Explicit
08-05 19:28:15.169  7325  7434 I art     : Explicit concurrent mark sweep GC freed 7(224B) AllocSpace objects, 0(0B) LOS objects, 40% free, 22MB/38MB, paused 274us total 19.062ms
08-05 19:28:15.178  7325  7434 I art     : Starting a blocking GC Explicit
08-05 19:28:15.197  7325  7434 I art     : Explicit concurrent mark sweep GC freed 6(192B) AllocSpace objects, 0(0B) LOS objects, 40% free, 22MB/38MB, paused 276us total 18.384ms
08-05 19:28:15.207  7325  7434 I art     : Starting a blocking GC Explicit
08-05 19:28:15.210  7965  7965 D AndroidRuntime: >>>>>> START com.android.internal.os.RuntimeInit uid 2000 <<<<<<
08-05 19:28:15.216  7965  7965 D AndroidRuntime: CheckJNI is OFF
08-05 19:28:15.225  7325  7434 I art     : Explicit concurrent mark sweep GC freed 6(192B) AllocSpace objects, 0(0B) LOS objects, 40% free, 22MB/38MB, paused 255us total 18.665ms
08-05 19:28:15.255  7965  7965 D ICU     : No timezone override file found: /data/misc/zoneinfo/current/icu/icu_tzdata.dat
08-05 19:28:15.296  7965  7965 I Radio-JNI: register_android_hardware_Radio DONE
08-05 19:28:15.324  7965  7965 D AndroidRuntime: Calling main entry com.android.commands.input.Input
08-05 19:28:15.326  7965  7965 I Input   : injectMotionEvent: MotionEvent { action=ACTION_DOWN, actionButton=0, id[0]=0, x[0]=409.0, y[0]=1034.0, toolType[0]=TOOL_TYPE_UNKNOWN, buttonState=0, metaState=0, flags=0x0, edgeFlags=0x0, pointerCount=1, historySize=0, eventTime=818911739, downTime=818911739, deviceId=0, source=0x1002 }
08-05 19:28:15.331  7965  7965 I Input   : injectMotionEvent: MotionEvent { action=ACTION_UP, actionButton=0, id[0]=0, x[0]=409.0, y[0]=1034.0, toolType[0]=TOOL_TYPE_UNKNOWN, buttonState=0, metaState=0, flags=0x0, edgeFlags=0x0, pointerCount=1, historySize=0, eventTime=818911739, downTime=818911739, deviceId=0, source=0x1002 }
08-05 19:28:15.333  7965  7965 D AndroidRuntime: Shutting down VM
08-05 19:28:15.398  7325  7325 D MainActivity: loadFragment(index: 5, args: null)
08-05 19:28:15.399  7325  7325 D MainActivity: loadFragment(tag: AddFeedFragment, args: null)
08-05 19:28:15.399   512  2967 D audio_hw_primary: out_set_parameters: enter: usecase(1: low-latency-playback) kvpairs: routing=2
08-05 19:28:15.400  7325  7325 D MainActivity: saveLastNavFragment(tag: AddFeedFragment)
08-05 19:28:15.400  7325  7325 D MainActivity: getLastNavFragment() -> AddFeedFragment
08-05 19:28:15.412   512  2967 D audio_hw_primary: select_devices: out_snd_device(2: speaker) in_snd_device(0: none)
08-05 19:28:15.412   512  2967 D msm8974_platform: platform_send_audio_calibration: sending audio calibration for snd_device(2) acdb_id(15)
08-05 19:28:15.413   512  2967 I soundtrigger: audio_extn_sound_trigger_update_device_status: device 0x2 of type 0 for Event 1
08-05 19:28:15.426   512  2967 D audio_hw_primary: enable_snd_device: snd_device(2: speaker)
08-05 19:28:15.428   512  2967 D audio_hw_primary: enable_audio_route: apply and update mixer path: low-latency-playback speaker
08-05 19:28:15.482  7325  7336 I art     : Starting a blocking GC Explicit
08-05 19:28:15.508  7325  7336 I art     : Explicit concurrent mark sweep GC freed 3444(206KB) AllocSpace objects, 2(40KB) LOS objects, 40% free, 23MB/38MB, paused 265us total 24.866ms
08-05 19:28:15.518  7325  7336 I art     : Starting a blocking GC Explicit
08-05 19:28:15.540  7325  7336 I art     : Explicit concurrent mark sweep GC freed 1393(84KB) AllocSpace objects, 2(56KB) LOS objects, 40% free, 22MB/38MB, paused 359us total 21.703ms
08-05 19:28:15.550  7325  7336 I art     : Starting a blocking GC Explicit
08-05 19:28:15.571  7325  7336 I art     : Explicit concurrent mark sweep GC freed 25(960B) AllocSpace objects, 0(0B) LOS objects, 40% free, 22MB/38MB, paused 265us total 20.814ms
08-05 19:28:15.581  7325  7336 I art     : Starting a blocking GC Explicit
08-05 19:28:15.601  7325  7336 I art     : Explicit concurrent mark sweep GC freed 3(96B) AllocSpace objects, 0(0B) LOS objects, 40% free, 22MB/38MB, paused 262us total 19.515ms
08-05 19:28:15.611  7325  7336 I art     : Starting a blocking GC Explicit
08-05 19:28:15.630  7325  7336 I art     : Explicit concurrent mark sweep GC freed 3(96B) AllocSpace objects, 0(0B) LOS objects, 40% free, 22MB/38MB, paused 273us total 19.217ms
08-05 19:28:15.830 13866 13866 I GoogleInputMethodServic: GoogleInputMethodService.onFinishInput():3138 
08-05 19:28:15.831 13866 13866 I GoogleInputMethodServic: GoogleInputMethodService.onStartInput():1808 
08-05 19:28:15.894  7325  7337 I art     : Starting a blocking GC Explicit
08-05 19:28:15.916  7325  7337 I art     : Explicit concurrent mark sweep GC freed 1492(85KB) AllocSpace objects, 1(20KB) LOS objects, 40% free, 22MB/38MB, paused 297us total 21.575ms
08-05 19:28:15.926  7325  7337 I art     : Starting a blocking GC Explicit
08-05 19:28:15.947  7325  7337 I art     : Explicit concurrent mark sweep GC freed 123(6KB) AllocSpace objects, 0(0B) LOS objects, 40% free, 22MB/38MB, paused 316us total 20.779ms
08-05 19:28:15.958  7325  7337 I art     : Starting a blocking GC Explicit
08-05 19:28:15.959   512  2967 D audio_hw_primary: disable_audio_route: reset and update mixer path: low-latency-playback speaker
08-05 19:28:15.960   512  2967 D audio_hw_primary: disable_snd_device: snd_device(2: speaker)
08-05 19:28:15.968   512  2967 I soundtrigger: audio_extn_sound_trigger_update_device_status: device 0x2 of type 0 for Event 0
08-05 19:28:15.979  7325  7337 I art     : Explicit concurrent mark sweep GC freed 3(96B) AllocSpace objects, 0(0B) LOS objects, 40% free, 22MB/38MB, paused 257us total 20.768ms
08-05 19:28:15.990  7325  7337 I art     : Starting a blocking GC Explicit
08-05 19:28:16.011  7325  7337 I art     : Explicit concurrent mark sweep GC freed 5(160B) AllocSpace objects, 0(0B) LOS objects, 40% free, 22MB/38MB, paused 262us total 20.620ms
08-05 19:28:16.022  7325  7337 I art     : Starting a blocking GC Explicit
08-05 19:28:16.043  7325  7337 I art     : Explicit concurrent mark sweep GC freed 3(96B) AllocSpace objects, 0(0B) LOS objects, 40% free, 22MB/38MB, paused 252us total 20.872ms
08-05 19:28:16.334  7325  7337 I art     : Starting a blocking GC Explicit
08-05 19:28:16.356  7325  7337 I art     : Explicit concurrent mark sweep GC freed 1392(80KB) AllocSpace objects, 1(20KB) LOS objects, 40% free, 22MB/38MB, paused 277us total 21.638ms
08-05 19:28:16.366  7325  7337 I art     : Starting a blocking GC Explicit
08-05 19:28:16.388  7325  7337 I art     : Explicit concurrent mark sweep GC freed 25(816B) AllocSpace objects, 0(0B) LOS objects, 40% free, 22MB/38MB, paused 285us total 21.642ms
08-05 19:28:16.399  7325  7337 I art     : Starting a blocking GC Explicit
08-05 19:28:16.420  7325  7337 I art     : Explicit concurrent mark sweep GC freed 3(96B) AllocSpace objects, 0(0B) LOS objects, 40% free, 22MB/38MB, paused 278us total 21.638ms
08-05 19:28:16.431  7325  7337 I art     : Starting a blocking GC Explicit
08-05 19:28:16.453  7325  7337 I art     : Explicit concurrent mark sweep GC freed 3(96B) AllocSpace objects, 0(0B) LOS objects, 40% free, 22MB/38MB, paused 270us total 21.669ms
08-05 19:28:16.463  7325  7337 I art     : Starting a blocking GC Explicit
08-05 19:28:16.485  7325  7337 I art     : Explicit concurrent mark sweep GC freed 3(96B) AllocSpace objects, 0(0B) LOS objects, 40% free, 22MB/38MB, paused 278us total 21.910ms
08-05 19:28:16.674 13866 13882 I PeriodicStatsRunner: PeriodicStatsRunner.call():175 call()
08-05 19:28:16.675 13866 13882 I PeriodicStatsRunner: PeriodicStatsRunner.call():179 No submit PeriodicStats since input started.
08-05 19:28:16.745  7325  7434 I art     : Starting a blocking GC Explicit
08-05 19:28:16.769  7325  7434 I art     : Explicit concurrent mark sweep GC freed 1362(80KB) AllocSpace objects, 1(20KB) LOS objects, 40% free, 22MB/38MB, paused 294us total 23.730ms
08-05 19:28:16.782  7325  7434 I art     : Starting a blocking GC Explicit
08-05 19:28:16.803  7325  7434 I art     : Explicit concurrent mark sweep GC freed 23(752B) AllocSpace objects, 0(0B) LOS objects, 40% free, 22MB/38MB, paused 283us total 20.720ms
08-05 19:28:16.813  7325  7434 I art     : Starting a blocking GC Explicit
08-05 19:28:16.835  7325  7434 I art     : Explicit concurrent mark sweep GC freed 3(96B) AllocSpace objects, 0(0B) LOS objects, 40% free, 22MB/38MB, paused 265us total 22.386ms
08-05 19:28:16.845  7325  7434 I art     : Starting a blocking GC Explicit
08-05 19:28:16.867  7325  7434 I art     : Explicit concurrent mark sweep GC freed 3(96B) AllocSpace objects, 0(0B) LOS objects, 40% free, 22MB/38MB, paused 273us total 20.850ms
08-05 19:28:16.877  7325  7434 I art     : Starting a blocking GC Explicit
08-05 19:28:16.898  7325  7434 I art     : Explicit concurrent mark sweep GC freed 3(96B) AllocSpace objects, 0(0B) LOS objects, 40% free, 22MB/38MB, paused 283us total 20.686ms
08-05 19:28:17.109  8019  8019 D AndroidRuntime: >>>>>> START com.android.internal.os.RuntimeInit uid 2000 <<<<<<
08-05 19:28:17.116  8019  8019 D AndroidRuntime: CheckJNI is OFF
08-05 19:28:17.156  8019  8019 D ICU     : No timezone override file found: /data/misc/zoneinfo/current/icu/icu_tzdata.dat
08-05 19:28:17.195  7325  7434 I art     : Starting a blocking GC Explicit
08-05 19:28:17.198  8019  8019 I Radio-JNI: register_android_hardware_Radio DONE
08-05 19:28:17.218  7325  7434 I art     : Explicit concurrent mark sweep GC freed 1411(81KB) AllocSpace objects, 1(20KB) LOS objects, 40% free, 22MB/38MB, paused 339us total 21.975ms
08-05 19:28:17.228  7325  7434 I art     : Starting a blocking GC Explicit
08-05 19:28:17.229  8019  8019 D AndroidRuntime: Calling main entry com.android.commands.input.Input
08-05 19:28:17.231  8019  8019 I Input   : injectMotionEvent: MotionEvent { action=ACTION_DOWN, actionButton=0, id[0]=0, x[0]=567.0, y[0]=714.0, toolType[0]=TOOL_TYPE_UNKNOWN, buttonState=0, metaState=0, flags=0x0, edgeFlags=0x0, pointerCount=1, historySize=0, eventTime=818913644, downTime=818913644, deviceId=0, source=0x1002 }
08-05 19:28:17.235  8019  8019 I Input   : injectMotionEvent: MotionEvent { action=ACTION_UP, actionButton=0, id[0]=0, x[0]=567.0, y[0]=714.0, toolType[0]=TOOL_TYPE_UNKNOWN, buttonState=0, metaState=0, flags=0x0, edgeFlags=0x0, pointerCount=1, historySize=0, eventTime=818913644, downTime=818913644, deviceId=0, source=0x1002 }
08-05 19:28:17.239  8019  8019 D AndroidRuntime: Shutting down VM
08-05 19:28:17.251  7325  7434 I art     : Explicit concurrent mark sweep GC freed 54(1808B) AllocSpace objects, 0(0B) LOS objects, 40% free, 22MB/38MB, paused 277us total 22.595ms
08-05 19:28:17.260   512  2967 D audio_hw_primary: out_set_parameters: enter: usecase(1: low-latency-playback) kvpairs: routing=2
08-05 19:28:17.262  7325  7434 I art     : Starting a blocking GC Explicit
08-05 19:28:17.273   512  2967 D audio_hw_primary: select_devices: out_snd_device(2: speaker) in_snd_device(0: none)
08-05 19:28:17.273   512  2967 D msm8974_platform: platform_send_audio_calibration: sending audio calibration for snd_device(2) acdb_id(15)
08-05 19:28:17.274   512  2967 I soundtrigger: audio_extn_sound_trigger_update_device_status: device 0x2 of type 0 for Event 1
08-05 19:28:17.281  7325  7872 D AntennapodHttpClient: Creating new instance of HTTP client
08-05 19:28:17.283   512  2967 D audio_hw_primary: enable_snd_device: snd_device(2: speaker)
08-05 19:28:17.285  7325  7434 I art     : Explicit concurrent mark sweep GC freed 665(43KB) AllocSpace objects, 0(0B) LOS objects, 40% free, 23MB/38MB, paused 1.020ms total 22.447ms
08-05 19:28:17.285   512  2967 D audio_hw_primary: enable_audio_route: apply and update mixer path: low-latency-playback speaker
08-05 19:28:17.297  7325  7434 I art     : Starting a blocking GC Explicit
08-05 19:28:17.301 13866 13866 I GoogleInputMethodServic: GoogleInputMethodService.onFinishInput():3138 
08-05 19:28:17.302 13866 13866 I GoogleInputMethodServic: GoogleInputMethodService.onStartInput():1808 
08-05 19:28:17.322  7325  7434 I art     : Explicit concurrent mark sweep GC freed 2328(149KB) AllocSpace objects, 0(0B) LOS objects, 40% free, 23MB/39MB, paused 713us total 25.110ms
08-05 19:28:17.332  7325  7434 I art     : Starting a blocking GC Explicit
08-05 19:28:17.357  7325  7434 I art     : Explicit concurrent mark sweep GC freed 484(35KB) AllocSpace objects, 0(0B) LOS objects, 40% free, 23MB/39MB, paused 375us total 24.818ms
08-05 19:28:17.615  7325  7434 I art     : Starting a blocking GC Explicit
08-05 19:28:17.640  7325  7434 I art     : Explicit concurrent mark sweep GC freed 10213(539KB) AllocSpace objects, 5(440KB) LOS objects, 40% free, 23MB/39MB, paused 700us total 24.806ms
08-05 19:28:17.650  7325  7434 I art     : Starting a blocking GC Explicit
08-05 19:28:17.663  7325  7872 I NAPPA_EXPERIMENTATION: MetricNetworkRequestExecutionTime: REQUEST_DURATION_SYSTEM='356',REQUEST_DURATION_OKHTTP='153',REQUEST_SYNCHRONOUS='TRUE',RESPONSE_CODE='400',RESPONSE_METHOD='GET',RESPONSE_LENGTH_OKHTTP='0',RESPONSE_LENGTH_HEADER='0',REQUEST_PROTOCOL='h2',REQUEST_URL='https://itunes.apple.com/en/rss/toppodcasts/limit=25/explicit=true/json',
08-05 19:28:17.673  7325  7434 I art     : Explicit concurrent mark sweep GC freed 1408(145KB) AllocSpace objects, 0(0B) LOS objects, 40% free, 23MB/39MB, paused 510us total 23.052ms
08-05 19:28:17.683  7325  7434 I art     : Starting a blocking GC Explicit
08-05 19:28:17.705  7325  7434 I art     : Explicit concurrent mark sweep GC freed 101(5KB) AllocSpace objects, 0(0B) LOS objects, 40% free, 23MB/39MB, paused 428us total 22.267ms
08-05 19:28:17.715  7325  7434 I art     : Starting a blocking GC Explicit
08-05 19:28:17.738  7325  7434 I art     : Explicit concurrent mark sweep GC freed 14(496B) AllocSpace objects, 0(0B) LOS objects, 40% free, 23MB/39MB, paused 599us total 22.590ms
08-05 19:28:17.748  7325  7434 I art     : Starting a blocking GC Explicit
08-05 19:28:17.773  7325  7434 I art     : Explicit concurrent mark sweep GC freed 11(416B) AllocSpace objects, 0(0B) LOS objects, 40% free, 23MB/39MB, paused 589us total 24.191ms
08-05 19:28:17.808  7325  7872 I NAPPA_EXPERIMENTATION: MetricNetworkRequestExecutionTime: REQUEST_DURATION_SYSTEM='143',REQUEST_DURATION_OKHTTP='143',REQUEST_SYNCHRONOUS='TRUE',RESPONSE_CODE='200',RESPONSE_METHOD='GET',RESPONSE_LENGTH_OKHTTP='-1',RESPONSE_LENGTH_HEADER='10075',REQUEST_PROTOCOL='h2',REQUEST_URL='https://itunes.apple.com/us/rss/toppodcasts/limit=25/explicit=true/json',
08-05 19:28:17.818   512  2967 D audio_hw_primary: disable_audio_route: reset and update mixer path: low-latency-playback speaker
08-05 19:28:17.821   512  2967 D audio_hw_primary: disable_snd_device: snd_device(2: speaker)
08-05 19:28:17.829   512  2967 I soundtrigger: audio_extn_sound_trigger_update_device_status: device 0x2 of type 0 for Event 0
08-05 19:28:17.887  7325  7325 D AntennapodHttpClient: Creating new instance of HTTP client
08-05 19:28:17.903  7325  8070 D ApOkHttpUrlLoader: buildLoadData() called with: model = [https://is4-ssl.mzstatic.com/image/thumb/Podcasts114/v4/3f/16/74/3f167426-bf50-ce3a-d709-e4301620fc5b/mza_5832671293059882550.jpeg/170x170bb.png], width = [224], height = [224]
08-05 19:28:17.915  7325  8071 D DBReader: getImageAuthentication() called with: imageUrl = [https://is4-ssl.mzstatic.com/image/thumb/Podcasts114/v4/3f/16/74/3f167426-bf50-ce3a-d709-e4301620fc5b/mza_5832671293059882550.jpeg/170x170bb.png]
08-05 19:28:17.916  7325  8072 D ApOkHttpUrlLoader: buildLoadData() called with: model = [https://is4-ssl.mzstatic.com/image/thumb/Podcasts113/v4/e5/8a/10/e58a108f-f5d0-f622-c94a-13f66edd570c/mza_3025981348644196724.jpg/170x170bb.png], width = [224], height = [224]
08-05 19:28:17.918  7325  8071 D ApOkHttpUrlLoader: no credentials for 'https://is4-ssl.mzstatic.com/image/thumb/Podcasts114/v4/3f/16/74/3f167426-bf50-ce3a-d709-e4301620fc5b/mza_5832671293059882550.jpeg/170x170bb.png'
08-05 19:28:17.918  7325  8073 D DBReader: getImageAuthentication() called with: imageUrl = [https://is4-ssl.mzstatic.com/image/thumb/Podcasts113/v4/e5/8a/10/e58a108f-f5d0-f622-c94a-13f66edd570c/mza_3025981348644196724.jpg/170x170bb.png]
08-05 19:28:17.920  7325  8073 D ApOkHttpUrlLoader: no credentials for 'https://is4-ssl.mzstatic.com/image/thumb/Podcasts113/v4/e5/8a/10/e58a108f-f5d0-f622-c94a-13f66edd570c/mza_3025981348644196724.jpg/170x170bb.png'
08-05 19:28:17.920  7325  8074 D ApOkHttpUrlLoader: buildLoadData() called with: model = [https://is2-ssl.mzstatic.com/image/thumb/Podcasts113/v4/a9/39/cc/a939ccc5-6d60-0c11-0a4c-16d71cdef89b/mza_8787577209688278658.jpg/170x170bb.png], width = [224], height = [224]
08-05 19:28:17.923  7325  8075 D DBReader: getImageAuthentication() called with: imageUrl = [https://is2-ssl.mzstatic.com/image/thumb/Podcasts113/v4/a9/39/cc/a939ccc5-6d60-0c11-0a4c-16d71cdef89b/mza_8787577209688278658.jpg/170x170bb.png]
08-05 19:28:17.924  7325  8075 D ApOkHttpUrlLoader: no credentials for 'https://is2-ssl.mzstatic.com/image/thumb/Podcasts113/v4/a9/39/cc/a939ccc5-6d60-0c11-0a4c-16d71cdef89b/mza_8787577209688278658.jpg/170x170bb.png'
08-05 19:28:17.925  7325  8078 D ApOkHttpUrlLoader: buildLoadData() called with: model = [https://is5-ssl.mzstatic.com/image/thumb/Podcasts114/v4/93/cf/99/93cf9960-fff3-205e-6655-72c03ddeccb2/mza_10545582232493904175.jpeg/170x170bb.png], width = [224], height = [224]
08-05 19:28:17.927  7325  8079 D DBReader: getImageAuthentication() called with: imageUrl = [https://is5-ssl.mzstatic.com/image/thumb/Podcasts114/v4/93/cf/99/93cf9960-fff3-205e-6655-72c03ddeccb2/mza_10545582232493904175.jpeg/170x170bb.png]
08-05 19:28:17.928  7325  8070 D ApOkHttpUrlLoader: buildLoadData() called with: model = [https://is4-ssl.mzstatic.com/image/thumb/Podcasts124/v4/49/a4/91/49a491b7-3daf-c5dc-d7c6-6c4f1486955c/mza_5930014091766152297.png/170x170bb.png], width = [224], height = [224]
08-05 19:28:17.929  7325  8079 D ApOkHttpUrlLoader: no credentials for 'https://is5-ssl.mzstatic.com/image/thumb/Podcasts114/v4/93/cf/99/93cf9960-fff3-205e-6655-72c03ddeccb2/mza_10545582232493904175.jpeg/170x170bb.png'
08-05 19:28:17.929  7325  8080 D DBReader: getImageAuthentication() called with: imageUrl = [https://is4-ssl.mzstatic.com/image/thumb/Podcasts124/v4/49/a4/91/49a491b7-3daf-c5dc-d7c6-6c4f1486955c/mza_5930014091766152297.png/170x170bb.png]
08-05 19:28:17.931  7325  8072 D ApOkHttpUrlLoader: buildLoadData() called with: model = [https://is5-ssl.mzstatic.com/image/thumb/Podcasts113/v4/fd/54/6e/fd546ea0-7ab2-e3f0-6049-884d82917af9/mza_4855349695799758348.jpeg/170x170bb.png], width = [224], height = [224]
08-05 19:28:17.932  7325  8080 D ApOkHttpUrlLoader: no credentials for 'https://is4-ssl.mzstatic.com/image/thumb/Podcasts124/v4/49/a4/91/49a491b7-3daf-c5dc-d7c6-6c4f1486955c/mza_5930014091766152297.png/170x170bb.png'
08-05 19:28:17.933  7325  8083 D DBReader: getImageAuthentication() called with: imageUrl = [https://is5-ssl.mzstatic.com/image/thumb/Podcasts113/v4/fd/54/6e/fd546ea0-7ab2-e3f0-6049-884d82917af9/mza_4855349695799758348.jpeg/170x170bb.png]
08-05 19:28:17.935  7325  8083 D ApOkHttpUrlLoader: no credentials for 'https://is5-ssl.mzstatic.com/image/thumb/Podcasts113/v4/fd/54/6e/fd546ea0-7ab2-e3f0-6049-884d82917af9/mza_4855349695799758348.jpeg/170x170bb.png'
08-05 19:28:17.936  7325  8074 D ApOkHttpUrlLoader: buildLoadData() called with: model = [https://is2-ssl.mzstatic.com/image/thumb/Podcasts114/v4/b3/4c/cf/b34ccfc2-cea4-1ca1-0fad-7793af301cc5/mza_2466085192629456364.jpg/170x170bb.png], width = [224], height = [224]
08-05 19:28:17.939  7325  8084 D DBReader: getImageAuthentication() called with: imageUrl = [https://is2-ssl.mzstatic.com/image/thumb/Podcasts114/v4/b3/4c/cf/b34ccfc2-cea4-1ca1-0fad-7793af301cc5/mza_2466085192629456364.jpg/170x170bb.png]
08-05 19:28:17.945  7325  8084 D ApOkHttpUrlLoader: no credentials for 'https://is2-ssl.mzstatic.com/image/thumb/Podcasts114/v4/b3/4c/cf/b34ccfc2-cea4-1ca1-0fad-7793af301cc5/mza_2466085192629456364.jpg/170x170bb.png'
08-05 19:28:18.039  7325  7336 I art     : Starting a blocking GC Explicit
08-05 19:28:18.071  7325  7336 I art     : Explicit concurrent mark sweep GC freed 14126(885KB) AllocSpace objects, 5(372KB) LOS objects, 39% free, 24MB/40MB, paused 903us total 31.277ms
08-05 19:28:18.082  7325  7336 I art     : Starting a blocking GC Explicit
08-05 19:28:18.111  7325  7336 I art     : Explicit concurrent mark sweep GC freed 4103(237KB) AllocSpace objects, 2(120KB) LOS objects, 39% free, 24MB/40MB, paused 1.577ms total 29.264ms
08-05 19:28:18.123  7325  7336 I art     : Starting a blocking GC Explicit
08-05 19:28:18.151  7325  7336 I art     : Explicit concurrent mark sweep GC freed 20050(919KB) AllocSpace objects, 1(80KB) LOS objects, 39% free, 24MB/40MB, paused 1.339ms total 28.336ms
08-05 19:28:18.164  7325  7336 I art     : Starting a blocking GC Explicit
08-05 19:28:18.190  7325  7336 I art     : Explicit concurrent mark sweep GC freed 3200(240KB) AllocSpace objects, 0(0B) LOS objects, 39% free, 24MB/40MB, paused 976us total 26.612ms
08-05 19:28:18.201  7325  7336 I art     : Starting a blocking GC Explicit
08-05 19:28:18.228  7325  7336 I art     : Explicit concurrent mark sweep GC freed 320(11KB) AllocSpace objects, 0(0B) LOS objects, 39% free, 24MB/40MB, paused 1.050ms total 27.436ms
08-05 19:28:18.361  7325  8075 D MYTAG   : interceptor 2a
08-05 19:28:18.361  7325  8075 I NAPPA_EXPERIMENTATION: MetricNetworkRequestExecutionTime: REQUEST_DURATION_SYSTEM='436',REQUEST_DURATION_OKHTTP='219',REQUEST_SYNCHRONOUS='TRUE',RESPONSE_CODE='200',RESPONSE_METHOD='GET',RESPONSE_LENGTH_OKHTTP='48239',RESPONSE_LENGTH_HEADER='48239',REQUEST_PROTOCOL='h2',REQUEST_URL='https://is2-ssl.mzstatic.com/image/thumb/Podcasts113/v4/a9/39/cc/a939ccc5-6d60-0c11-0a4c-16d71cdef89b/mza_8787577209688278658.jpg/170x170bb.png',
08-05 19:28:18.419  7325  8071 D MYTAG   : interceptor 2a
08-05 19:28:18.419  7325  8071 I NAPPA_EXPERIMENTATION: MetricNetworkRequestExecutionTime: REQUEST_DURATION_SYSTEM='501',REQUEST_DURATION_OKHTTP='285',REQUEST_SYNCHRONOUS='TRUE',RESPONSE_CODE='200',RESPONSE_METHOD='GET',RESPONSE_LENGTH_OKHTTP='26177',RESPONSE_LENGTH_HEADER='26177',REQUEST_PROTOCOL='h2',REQUEST_URL='https://is4-ssl.mzstatic.com/image/thumb/Podcasts114/v4/3f/16/74/3f167426-bf50-ce3a-d709-e4301620fc5b/mza_5832671293059882550.jpeg/170x170bb.png',
08-05 19:28:18.429  7325  8080 D MYTAG   : interceptor 2a
08-05 19:28:18.429  7325  8080 I NAPPA_EXPERIMENTATION: MetricNetworkRequestExecutionTime: REQUEST_DURATION_SYSTEM='497',REQUEST_DURATION_OKHTTP='269',REQUEST_SYNCHRONOUS='TRUE',RESPONSE_CODE='200',RESPONSE_METHOD='GET',RESPONSE_LENGTH_OKHTTP='12000',RESPONSE_LENGTH_HEADER='12000',REQUEST_PROTOCOL='h2',REQUEST_URL='https://is4-ssl.mzstatic.com/image/thumb/Podcasts124/v4/49/a4/91/49a491b7-3daf-c5dc-d7c6-6c4f1486955c/mza_5930014091766152297.png/170x170bb.png',
08-05 19:28:18.438  7325  8084 D MYTAG   : interceptor 2a
08-05 19:28:18.438  7325  8084 I NAPPA_EXPERIMENTATION: MetricNetworkRequestExecutionTime: REQUEST_DURATION_SYSTEM='491',REQUEST_DURATION_OKHTTP='295',REQUEST_SYNCHRONOUS='TRUE',RESPONSE_CODE='200',RESPONSE_METHOD='GET',RESPONSE_LENGTH_OKHTTP='42299',RESPONSE_LENGTH_HEADER='42299',REQUEST_PROTOCOL='h2',REQUEST_URL='https://is2-ssl.mzstatic.com/image/thumb/Podcasts114/v4/b3/4c/cf/b34ccfc2-cea4-1ca1-0fad-7793af301cc5/mza_2466085192629456364.jpg/170x170bb.png',
08-05 19:28:18.439  7325  8073 D MYTAG   : interceptor 2a
08-05 19:28:18.439  7325  8073 I NAPPA_EXPERIMENTATION: MetricNetworkRequestExecutionTime: REQUEST_DURATION_SYSTEM='519',REQUEST_DURATION_OKHTTP='290',REQUEST_SYNCHRONOUS='TRUE',RESPONSE_CODE='200',RESPONSE_METHOD='GET',RESPONSE_LENGTH_OKHTTP='45995',RESPONSE_LENGTH_HEADER='45995',REQUEST_PROTOCOL='h2',REQUEST_URL='https://is4-ssl.mzstatic.com/image/thumb/Podcasts113/v4/e5/8a/10/e58a108f-f5d0-f622-c94a-13f66edd570c/mza_3025981348644196724.jpg/170x170bb.png',
08-05 19:28:18.448  7325  8079 D MYTAG   : interceptor 2a
08-05 19:28:18.448  7325  8079 I NAPPA_EXPERIMENTATION: MetricNetworkRequestExecutionTime: REQUEST_DURATION_SYSTEM='519',REQUEST_DURATION_OKHTTP='289',REQUEST_SYNCHRONOUS='TRUE',RESPONSE_CODE='200',RESPONSE_METHOD='GET',RESPONSE_LENGTH_OKHTTP='22351',RESPONSE_LENGTH_HEADER='22351',REQUEST_PROTOCOL='h2',REQUEST_URL='https://is5-ssl.mzstatic.com/image/thumb/Podcasts114/v4/93/cf/99/93cf9960-fff3-205e-6655-72c03ddeccb2/mza_10545582232493904175.jpeg/170x170bb.png',
08-05 19:28:18.470  7325  8083 D MYTAG   : interceptor 2a
08-05 19:28:18.470  7325  8083 I NAPPA_EXPERIMENTATION: MetricNetworkRequestExecutionTime: REQUEST_DURATION_SYSTEM='535',REQUEST_DURATION_OKHTTP='319',REQUEST_SYNCHRONOUS='TRUE',RESPONSE_CODE='200',RESPONSE_METHOD='GET',RESPONSE_LENGTH_OKHTTP='54835',RESPONSE_LENGTH_HEADER='54835',REQUEST_PROTOCOL='h2',REQUEST_URL='https://is5-ssl.mzstatic.com/image/thumb/Podcasts113/v4/fd/54/6e/fd546ea0-7ab2-e3f0-6049-884d82917af9/mza_4855349695799758348.jpeg/170x170bb.png',
08-05 19:28:18.505 13866 13882 I PeriodicStatsRunner: PeriodicStatsRunner.call():175 call()
08-05 19:28:18.506 13866 13882 I PeriodicStatsRunner: PeriodicStatsRunner.call():179 No submit PeriodicStats since input started.
08-05 19:28:18.522  7325  7434 I art     : Starting a blocking GC Explicit
08-05 19:28:18.549  7325  7434 I art     : Explicit concurrent mark sweep GC freed 4911(303KB) AllocSpace objects, 1(20KB) LOS objects, 38% free, 26MB/42MB, paused 665us total 27.389ms
08-05 19:28:18.560  7325  7434 I art     : Starting a blocking GC Explicit
08-05 19:28:18.587  7325  7434 I art     : Explicit concurrent mark sweep GC freed 57(3KB) AllocSpace objects, 0(0B) LOS objects, 38% free, 26MB/42MB, paused 786us total 26.786ms
08-05 19:28:18.598  7325  7434 I art     : Starting a blocking GC Explicit
08-05 19:28:18.626  7325  7434 I art     : Explicit concurrent mark sweep GC freed 3(96B) AllocSpace objects, 0(0B) LOS objects, 38% free, 26MB/42MB, paused 714us total 27.312ms
08-05 19:28:18.637  7325  7434 I art     : Starting a blocking GC Explicit
08-05 19:28:18.665  7325  7434 I art     : Explicit concurrent mark sweep GC freed 3(96B) AllocSpace objects, 0(0B) LOS objects, 38% free, 26MB/42MB, paused 716us total 27.868ms
08-05 19:28:18.676  7325  7434 I art     : Starting a blocking GC Explicit
08-05 19:28:18.705  7325  7434 I art     : Explicit concurrent mark sweep GC freed 3(96B) AllocSpace objects, 0(0B) LOS objects, 38% free, 26MB/42MB, paused 697us total 27.917ms
08-05 19:28:19.021  7325  7336 I art     : Starting a blocking GC Explicit
08-05 19:28:19.055  7325  7336 I art     : Explicit concurrent mark sweep GC freed 1388(80KB) AllocSpace objects, 1(20KB) LOS objects, 38% free, 26MB/42MB, paused 820us total 34.200ms
08-05 19:28:19.073  7325  7336 I art     : Starting a blocking GC Explicit
08-05 19:28:19.101  7325  7336 I art     : Explicit concurrent mark sweep GC freed 27(912B) AllocSpace objects, 0(0B) LOS objects, 38% free, 26MB/42MB, paused 689us total 28.062ms
08-05 19:28:19.113  7325  7336 I art     : Starting a blocking GC Explicit
08-05 19:28:19.143  7325  7336 I art     : Explicit concurrent mark sweep GC freed 3(96B) AllocSpace objects, 0(0B) LOS objects, 38% free, 26MB/42MB, paused 696us total 30.276ms
08-05 19:28:19.155  7325  7336 I art     : Starting a blocking GC Explicit
08-05 19:28:19.185  7325  7336 I art     : Explicit concurrent mark sweep GC freed 3(96B) AllocSpace objects, 0(0B) LOS objects, 38% free, 26MB/42MB, paused 697us total 29.663ms
08-05 19:28:19.196  7325  7336 I art     : Starting a blocking GC Explicit
08-05 19:28:19.226  7325  7336 I art     : Explicit concurrent mark sweep GC freed 3(96B) AllocSpace objects, 0(0B) LOS objects, 38% free, 26MB/42MB, paused 701us total 29.105ms
08-05 19:28:19.558  7325  7337 I art     : Starting a blocking GC Explicit
08-05 19:28:19.589  7325  7337 I art     : Explicit concurrent mark sweep GC freed 1379(80KB) AllocSpace objects, 1(20KB) LOS objects, 38% free, 26MB/42MB, paused 1.175ms total 30.476ms
08-05 19:28:19.600  7325  7337 I art     : Starting a blocking GC Explicit
08-05 19:28:19.628  7325  7337 I art     : Explicit concurrent mark sweep GC freed 28(912B) AllocSpace objects, 0(0B) LOS objects, 38% free, 26MB/42MB, paused 814us total 27.317ms
08-05 19:28:19.640  7325  7337 I art     : Starting a blocking GC Explicit
08-05 19:28:19.667  7325  7337 I art     : Explicit concurrent mark sweep GC freed 8(256B) AllocSpace objects, 0(0B) LOS objects, 38% free, 26MB/42MB, paused 790us total 27.496ms
08-05 19:28:19.679  7325  7337 I art     : Starting a blocking GC Explicit
08-05 19:28:19.707  7325  7337 I art     : Explicit concurrent mark sweep GC freed 7(224B) AllocSpace objects, 0(0B) LOS objects, 38% free, 26MB/42MB, paused 947us total 28.001ms
08-05 19:28:19.719  7325  7337 I art     : Starting a blocking GC Explicit
08-05 19:28:19.748  7325  7337 I art     : Explicit concurrent mark sweep GC freed 3(96B) AllocSpace objects, 0(0B) LOS objects, 38% free, 26MB/42MB, paused 743us total 28.481ms
08-05 19:28:20.083  7325  7434 I art     : Starting a blocking GC Explicit
08-05 19:28:20.116  7325  7434 I art     : Explicit concurrent mark sweep GC freed 1392(80KB) AllocSpace objects, 1(20KB) LOS objects, 38% free, 26MB/42MB, paused 766us total 33.353ms
08-05 19:28:20.129  7325  7434 I art     : Starting a blocking GC Explicit
08-05 19:28:20.160  7325  7434 I art     : Explicit concurrent mark sweep GC freed 23(752B) AllocSpace objects, 0(0B) LOS objects, 38% free, 26MB/42MB, paused 722us total 30.147ms
08-05 19:28:20.171  7325  7434 I art     : Starting a blocking GC Explicit
08-05 19:28:20.199  7325  7434 I art     : Explicit concurrent mark sweep GC freed 3(96B) AllocSpace objects, 0(0B) LOS objects, 38% free, 26MB/42MB, paused 712us total 27.739ms
08-05 19:28:20.211  7325  7434 I art     : Starting a blocking GC Explicit
08-05 19:28:20.241  7325  7434 I art     : Explicit concurrent mark sweep GC freed 3(96B) AllocSpace objects, 0(0B) LOS objects, 38% free, 26MB/42MB, paused 716us total 29.868ms
08-05 19:28:20.252  7325  7434 I art     : Starting a blocking GC Explicit
08-05 19:28:20.283  7325  7434 I art     : Explicit concurrent mark sweep GC freed 3(96B) AllocSpace objects, 0(0B) LOS objects, 38% free, 26MB/42MB, paused 782us total 30.189ms
08-05 19:28:20.614  7325  7336 I art     : Starting a blocking GC Explicit
08-05 19:28:20.653  7325  7336 I art     : Explicit concurrent mark sweep GC freed 1363(80KB) AllocSpace objects, 1(20KB) LOS objects, 38% free, 26MB/42MB, paused 814us total 38.161ms
08-05 19:28:20.668  7325  7336 I art     : Starting a blocking GC Explicit
08-05 19:28:20.699  7325  7336 I art     : Explicit concurrent mark sweep GC freed 23(752B) AllocSpace objects, 0(0B) LOS objects, 38% free, 26MB/42MB, paused 721us total 30.931ms
08-05 19:28:20.710  7325  7336 I art     : Starting a blocking GC Explicit
08-05 19:28:20.740  7325  7336 I art     : Explicit concurrent mark sweep GC freed 3(96B) AllocSpace objects, 0(0B) LOS objects, 38% free, 26MB/42MB, paused 689us total 29.554ms
08-05 19:28:20.752  7325  7336 I art     : Starting a blocking GC Explicit
08-05 19:28:20.782  7325  7336 I art     : Explicit concurrent mark sweep GC freed 3(96B) AllocSpace objects, 0(0B) LOS objects, 38% free, 26MB/42MB, paused 732us total 30.034ms
08-05 19:28:20.794  7325  7336 I art     : Starting a blocking GC Explicit
08-05 19:28:20.822  7325  7336 I art     : Explicit concurrent mark sweep GC freed 3(96B) AllocSpace objects, 0(0B) LOS objects, 38% free, 26MB/42MB, paused 709us total 28.319ms
08-05 19:28:20.831 13866 13882 I PeriodicStatsRunner: PeriodicStatsRunner.call():175 call()
08-05 19:28:20.831 13866 13882 I PeriodicStatsRunner: PeriodicStatsRunner.call():179 No submit PeriodicStats since input started.
08-05 19:28:21.136  7325  7337 I art     : Starting a blocking GC Explicit
08-05 19:28:21.173  7325  7337 I art     : Explicit concurrent mark sweep GC freed 1392(80KB) AllocSpace objects, 1(20KB) LOS objects, 38% free, 26MB/42MB, paused 783us total 36.465ms
08-05 19:28:21.187  7325  7337 I art     : Starting a blocking GC Explicit
08-05 19:28:21.217  7325  7337 I art     : Explicit concurrent mark sweep GC freed 23(752B) AllocSpace objects, 0(0B) LOS objects, 38% free, 26MB/42MB, paused 832us total 30.097ms
08-05 19:28:21.229  7325  7337 I art     : Starting a blocking GC Explicit
08-05 19:28:21.259  7325  7337 I art     : Explicit concurrent mark sweep GC freed 3(96B) AllocSpace objects, 0(0B) LOS objects, 38% free, 26MB/42MB, paused 777us total 29.494ms
08-05 19:28:21.270  7325  7337 I art     : Starting a blocking GC Explicit
08-05 19:28:21.300  7325  7337 I art     : Explicit concurrent mark sweep GC freed 3(96B) AllocSpace objects, 0(0B) LOS objects, 38% free, 26MB/42MB, paused 705us total 29.775ms
08-05 19:28:21.312  7325  7337 I art     : Starting a blocking GC Explicit
08-05 19:28:21.342  7325  7337 I art     : Explicit concurrent mark sweep GC freed 3(96B) AllocSpace objects, 0(0B) LOS objects, 38% free, 26MB/42MB, paused 697us total 29.770ms
08-05 19:28:21.671  7325  7434 I art     : Starting a blocking GC Explicit
08-05 19:28:21.707  7325  7434 I art     : Explicit concurrent mark sweep GC freed 1363(80KB) AllocSpace objects, 1(20KB) LOS objects, 38% free, 26MB/42MB, paused 730us total 35.580ms
08-05 19:28:21.721  7325  7434 I art     : Starting a blocking GC Explicit
08-05 19:28:21.750  7325  7434 I art     : Explicit concurrent mark sweep GC freed 23(752B) AllocSpace objects, 0(0B) LOS objects, 38% free, 26MB/42MB, paused 735us total 29.435ms
08-05 19:28:21.762  7325  7434 I art     : Starting a blocking GC Explicit
08-05 19:28:21.792  7325  7434 I art     : Explicit concurrent mark sweep GC freed 3(96B) AllocSpace objects, 0(0B) LOS objects, 38% free, 26MB/42MB, paused 725us total 30.197ms
08-05 19:28:21.804  7325  7434 I art     : Starting a blocking GC Explicit
08-05 19:28:21.833  7325  7434 I art     : Explicit concurrent mark sweep GC freed 3(96B) AllocSpace objects, 0(0B) LOS objects, 38% free, 26MB/42MB, paused 714us total 29.189ms
08-05 19:28:21.845  7325  7434 I art     : Starting a blocking GC Explicit
08-05 19:28:21.875  7325  7434 I art     : Explicit concurrent mark sweep GC freed 3(96B) AllocSpace objects, 0(0B) LOS objects, 38% free, 26MB/42MB, paused 738us total 30.153ms
08-05 19:28:22.184  7325  7336 I art     : Starting a blocking GC Explicit
08-05 19:28:22.218  7325  7336 I art     : Explicit concurrent mark sweep GC freed 1392(80KB) AllocSpace objects, 1(20KB) LOS objects, 38% free, 26MB/42MB, paused 806us total 34.169ms
08-05 19:28:22.232  7325  7336 I art     : Starting a blocking GC Explicit
08-05 19:28:22.261  7325  7336 I art     : Explicit concurrent mark sweep GC freed 23(752B) AllocSpace objects, 0(0B) LOS objects, 38% free, 26MB/42MB, paused 707us total 28.347ms
08-05 19:28:22.272  7325  7336 I art     : Starting a blocking GC Explicit
08-05 19:28:22.300  7325  7336 I art     : Explicit concurrent mark sweep GC freed 3(96B) AllocSpace objects, 0(0B) LOS objects, 38% free, 26MB/42MB, paused 735us total 28.033ms
08-05 19:28:22.303 13866 13882 I PeriodicStatsRunner: PeriodicStatsRunner.call():175 call()
08-05 19:28:22.303 13866 13882 I PeriodicStatsRunner: PeriodicStatsRunner.call():179 No submit PeriodicStats since input started.
08-05 19:28:22.312  7325  7336 I art     : Starting a blocking GC Explicit
08-05 19:28:22.342  7325  7336 I art     : Explicit concurrent mark sweep GC freed 3(96B) AllocSpace objects, 0(0B) LOS objects, 38% free, 26MB/42MB, paused 723us total 29.668ms
08-05 19:28:22.353  7325  7336 I art     : Starting a blocking GC Explicit
08-05 19:28:22.384  7325  7336 I art     : Explicit concurrent mark sweep GC freed 3(96B) AllocSpace objects, 0(0B) LOS objects, 38% free, 26MB/42MB, paused 734us total 30.928ms
08-05 19:28:22.713  7325  7337 I art     : Starting a blocking GC Explicit
08-05 19:28:22.751  7325  7337 I art     : Explicit concurrent mark sweep GC freed 1363(80KB) AllocSpace objects, 1(20KB) LOS objects, 38% free, 26MB/42MB, paused 721us total 37.293ms
08-05 19:28:22.765  7325  7337 I art     : Starting a blocking GC Explicit
08-05 19:28:22.795  7325  7337 I art     : Explicit concurrent mark sweep GC freed 23(752B) AllocSpace objects, 0(0B) LOS objects, 38% free, 26MB/42MB, paused 722us total 29.245ms
08-05 19:28:22.806  7325  7337 I art     : Starting a blocking GC Explicit
08-05 19:28:22.836  7325  7337 I art     : Explicit concurrent mark sweep GC freed 3(96B) AllocSpace objects, 0(0B) LOS objects, 38% free, 26MB/42MB, paused 715us total 29.360ms
08-05 19:28:22.847  7325  7337 I art     : Starting a blocking GC Explicit
08-05 19:28:22.878  7325  7337 I art     : Explicit concurrent mark sweep GC freed 3(96B) AllocSpace objects, 0(0B) LOS objects, 38% free, 26MB/42MB, paused 783us total 30.419ms
08-05 19:28:22.889  7325  7337 I art     : Starting a blocking GC Explicit
08-05 19:28:22.920  7325  7337 I art     : Explicit concurrent mark sweep GC freed 3(96B) AllocSpace objects, 0(0B) LOS objects, 38% free, 26MB/42MB, paused 692us total 30.306ms
08-05 19:28:23.233  7325  7434 I art     : Starting a blocking GC Explicit
08-05 19:28:23.273  7325  7434 I art     : Explicit concurrent mark sweep GC freed 1392(80KB) AllocSpace objects, 1(20KB) LOS objects, 38% free, 26MB/42MB, paused 801us total 39.249ms
08-05 19:28:23.290  7325  7434 I art     : Starting a blocking GC Explicit
08-05 19:28:23.319  7325  7434 I art     : Explicit concurrent mark sweep GC freed 23(752B) AllocSpace objects, 0(0B) LOS objects, 38% free, 26MB/42MB, paused 730us total 29.064ms
08-05 19:28:23.331  7325  7434 I art     : Starting a blocking GC Explicit
08-05 19:28:23.360  7325  7434 I art     : Explicit concurrent mark sweep GC freed 3(96B) AllocSpace objects, 0(0B) LOS objects, 38% free, 26MB/42MB, paused 725us total 29.449ms
08-05 19:28:23.372  7325  7434 I art     : Starting a blocking GC Explicit
08-05 19:28:23.402  7325  7434 I art     : Explicit concurrent mark sweep GC freed 3(96B) AllocSpace objects, 0(0B) LOS objects, 38% free, 26MB/42MB, paused 705us total 30.199ms
08-05 19:28:23.414  7325  7434 I art     : Starting a blocking GC Explicit
08-05 19:28:23.443  7325  7434 I art     : Explicit concurrent mark sweep GC freed 3(96B) AllocSpace objects, 0(0B) LOS objects, 38% free, 26MB/42MB, paused 722us total 29.212ms
08-05 19:28:23.731  7325  7336 I art     : Starting a blocking GC Explicit
08-05 19:28:23.761  7325  7336 I art     : Explicit concurrent mark sweep GC freed 1363(80KB) AllocSpace objects, 1(20KB) LOS objects, 38% free, 26MB/42MB, paused 758us total 29.548ms
08-05 19:28:23.775  7325  7336 I art     : Starting a blocking GC Explicit
08-05 19:28:23.804  7325  7336 I art     : Explicit concurrent mark sweep GC freed 23(752B) AllocSpace objects, 0(0B) LOS objects, 38% free, 26MB/42MB, paused 742us total 28.593ms
08-05 19:28:23.815  7325  7336 I art     : Starting a blocking GC Explicit
08-05 19:28:23.844  7325  7336 I art     : Explicit concurrent mark sweep GC freed 3(96B) AllocSpace objects, 0(0B) LOS objects, 38% free, 26MB/42MB, paused 730us total 28.808ms
08-05 19:28:23.855  7325  7336 I art     : Starting a blocking GC Explicit
08-05 19:28:23.884  7325  7336 I art     : Explicit concurrent mark sweep GC freed 3(96B) AllocSpace objects, 0(0B) LOS objects, 38% free, 26MB/42MB, paused 736us total 28.403ms
08-05 19:28:23.896  7325  7336 I art     : Starting a blocking GC Explicit
08-05 19:28:23.925  7325  7336 I art     : Explicit concurrent mark sweep GC freed 3(96B) AllocSpace objects, 0(0B) LOS objects, 38% free, 26MB/42MB, paused 723us total 29.031ms
08-05 19:28:24.071  8203  8203 D AndroidRuntime: >>>>>> START com.android.internal.os.RuntimeInit uid 2000 <<<<<<
08-05 19:28:24.079  8203  8203 D AndroidRuntime: CheckJNI is OFF
08-05 19:28:24.122  8203  8203 D ICU     : No timezone override file found: /data/misc/zoneinfo/current/icu/icu_tzdata.dat
08-05 19:28:24.164  8203  8203 I Radio-JNI: register_android_hardware_Radio DONE
08-05 19:28:24.193  8203  8203 D AndroidRuntime: Calling main entry com.android.commands.input.Input
08-05 19:28:24.195  8203  8203 I Input   : injectMotionEvent: MotionEvent { action=ACTION_DOWN, actionButton=0, id[0]=0, x[0]=616.0, y[0]=469.0, toolType[0]=TOOL_TYPE_UNKNOWN, buttonState=0, metaState=0, flags=0x0, edgeFlags=0x0, pointerCount=1, historySize=0, eventTime=818920608, downTime=818920608, deviceId=0, source=0x1002 }
08-05 19:28:24.199  8203  8203 I Input   : injectMotionEvent: MotionEvent { action=ACTION_UP, actionButton=0, id[0]=0, x[0]=616.0, y[0]=469.0, toolType[0]=TOOL_TYPE_UNKNOWN, buttonState=0, metaState=0, flags=0x0, edgeFlags=0x0, pointerCount=1, historySize=0, eventTime=818920608, downTime=818920608, deviceId=0, source=0x1002 }
08-05 19:28:24.201  8203  8203 D AndroidRuntime: Shutting down VM
08-05 19:28:24.241  7325  7434 I art     : Starting a blocking GC Explicit
08-05 19:28:24.271   512  2967 D audio_hw_primary: out_set_parameters: enter: usecase(1: low-latency-playback) kvpairs: routing=2
08-05 19:28:24.274  7325  7434 I art     : Explicit concurrent mark sweep GC freed 1530(86KB) AllocSpace objects, 1(20KB) LOS objects, 37% free, 26MB/42MB, paused 927us total 32.696ms
08-05 19:28:24.284   512  2967 D audio_hw_primary: select_devices: out_snd_device(2: speaker) in_snd_device(0: none)
08-05 19:28:24.284   512  2967 D msm8974_platform: platform_send_audio_calibration: sending audio calibration for snd_device(2) acdb_id(15)
08-05 19:28:24.284   512  2967 I soundtrigger: audio_extn_sound_trigger_update_device_status: device 0x2 of type 0 for Event 1
08-05 19:28:24.286  7325  7434 I art     : Starting a blocking GC Explicit
08-05 19:28:24.294   512  2967 D audio_hw_primary: enable_snd_device: snd_device(2: speaker)
08-05 19:28:24.297   512  2967 D audio_hw_primary: enable_audio_route: apply and update mixer path: low-latency-playback speaker
08-05 19:28:24.313  7325  7434 I art     : Explicit concurrent mark sweep GC freed 120(4KB) AllocSpace objects, 0(0B) LOS objects, 38% free, 26MB/42MB, paused 962us total 26.893ms
08-05 19:28:24.324  7325  7434 I art     : Starting a blocking GC Explicit
08-05 19:28:24.351  7325  7434 I art     : Explicit concurrent mark sweep GC freed 14(528B) AllocSpace objects, 0(0B) LOS objects, 38% free, 26MB/42MB, paused 758us total 26.459ms
08-05 19:28:24.361  7325  7434 I art     : Starting a blocking GC Explicit
08-05 19:28:24.388  7325  7434 I art     : Explicit concurrent mark sweep GC freed 15(544B) AllocSpace objects, 0(0B) LOS objects, 38% free, 26MB/42MB, paused 783us total 26.573ms
08-05 19:28:24.398  7325  7434 I art     : Starting a blocking GC Explicit
08-05 19:28:24.423  7325  7434 I art     : Explicit concurrent mark sweep GC freed 13(480B) AllocSpace objects, 0(0B) LOS objects, 38% free, 26MB/42MB, paused 757us total 24.626ms
08-05 19:28:24.442  7325  7345 I NAPPA_EXPERIMENTATION: MetricNetworkRequestExecutionTime: REQUEST_DURATION_SYSTEM='174',REQUEST_DURATION_OKHTTP='172',REQUEST_SYNCHRONOUS='TRUE',RESPONSE_CODE='200',RESPONSE_METHOD='GET',RESPONSE_LENGTH_OKHTTP='-1',RESPONSE_LENGTH_HEADER='628',REQUEST_PROTOCOL='h2',REQUEST_URL='https://itunes.apple.com/lookup?id=1524080195',
08-05 19:28:24.464   918   928 I ActivityManager: START u0 {cmp=baseline.de.danoeh.antennapod.debug/baseline.de.danoeh.antennapod.activity.OnlineFeedViewActivity (has extras)} from uid 10695 on display 0
08-05 19:28:24.484 13866 13866 I GoogleInputMethodServic: GoogleInputMethodService.onFinishInput():3138 
08-05 19:28:24.484 13866 13866 I GoogleInputMethodServic: GoogleInputMethodService.onStartInput():1808 
08-05 19:28:24.507  7325  7325 D UserPreferences: Using default data folder
08-05 19:28:24.508  7325  7325 D OnlineFeedViewActivity: Activity was started with url https://rss.art19.com/nice-white-parents
08-05 19:28:24.510  7325  7325 D OnlineFeedViewActivity: Starting feed download
08-05 19:28:24.515  7325  7871 D DBReader: Extracting Feedlist
08-05 19:28:24.519   918  4413 D WifiService: acquireWifiLockLocked: WifiLock{Downloader type=1 binder=android.os.BinderProxy@d3f8f6c}
08-05 19:28:24.520  7325  7871 D AntennapodHttpClient: Creating new instance of HTTP client
08-05 19:28:24.567 13866 13866 I GoogleInputMethodServic: GoogleInputMethodService.onFinishInput():3138 
08-05 19:28:24.567 13866 13866 I GoogleInputMethodServic: GoogleInputMethodService.onStartInput():1808 
08-05 19:28:24.597   918   936 I ActivityManager: Displayed baseline.de.danoeh.antennapod.debug/baseline.de.danoeh.antennapod.activity.OnlineFeedViewActivity: +112ms
08-05 19:28:24.693  7325  7336 I art     : Starting a blocking GC Explicit
08-05 19:28:24.723  7325  7336 I art     : Explicit concurrent mark sweep GC freed 8402(460KB) AllocSpace objects, 4(220KB) LOS objects, 37% free, 26MB/42MB, paused 895us total 30.166ms
08-05 19:28:24.735  7325  7336 I art     : Starting a blocking GC Explicit
08-05 19:28:24.763  7325  7336 I art     : Explicit concurrent mark sweep GC freed 1285(132KB) AllocSpace objects, 0(0B) LOS objects, 37% free, 26MB/42MB, paused 774us total 27.333ms
08-05 19:28:24.774  7325  7336 I art     : Starting a blocking GC Explicit
08-05 19:28:24.804  7325  7336 I art     : Explicit concurrent mark sweep GC freed 3(96B) AllocSpace objects, 0(0B) LOS objects, 37% free, 26MB/42MB, paused 771us total 29.775ms
08-05 19:28:24.816  7325  7336 I art     : Starting a blocking GC Explicit
08-05 19:28:24.825  7325  7871 D MYTAG   : interceptor 3a https://rss.art19.com/nice-white-parents
08-05 19:28:24.825  7325  7871 I NAPPA_EXPERIMENTATION: MetricNetworkRequestExecutionTime: REQUEST_DURATION_SYSTEM='303',REQUEST_DURATION_OKHTTP='148',REQUEST_SYNCHRONOUS='TRUE',RESPONSE_CODE='200',RESPONSE_METHOD='GET',RESPONSE_LENGTH_OKHTTP='-1',RESPONSE_LENGTH_HEADER='1803',REQUEST_PROTOCOL='h2',REQUEST_URL='https://rss.art19.com/nice-white-parents',
08-05 19:28:24.825  7325  7871 D HttpDownloader: Response code is 200
08-05 19:28:24.825  7325  7871 D UserPreferences: Using default data folder
08-05 19:28:24.829  7325  7871 D HttpDownloader: Getting size of download
08-05 19:28:24.829  7325  7871 D HttpDownloader: Size is -1
08-05 19:28:24.829  7325  7871 D UserPreferences: Using default data folder
08-05 19:28:24.829   380   380 W SurfaceFlinger: couldn't log to binary event log: overflow.
08-05 19:28:24.831  7325  7871 D HttpDownloader: Free space is 20168826880
08-05 19:28:24.831  7325  7871 D HttpDownloader: Starting download
08-05 19:28:24.833  7325  7871 D HttpDownloader: Download was successful
08-05 19:28:24.836   918  4413 D WifiService: releaseWifiLockLocked: WifiLock{Downloader type=1 binder=android.os.BinderProxy@d3f8f6c}
08-05 19:28:24.838  7325  7325 D OnlineFeedViewActivity: Parsing feed
08-05 19:28:24.842   512  2967 D audio_hw_primary: disable_audio_route: reset and update mixer path: low-latency-playback speaker
08-05 19:28:24.844   512  2967 D audio_hw_primary: disable_snd_device: snd_device(2: speaker)
08-05 19:28:24.851  7325  7336 I art     : Explicit concurrent mark sweep GC freed 349(48KB) AllocSpace objects, 0(0B) LOS objects, 37% free, 26MB/42MB, paused 2.181ms total 34.093ms
08-05 19:28:24.852  7325  8250 D TypeGetter: Recognized type RSS 2.0
08-05 19:28:24.854   512  2967 I soundtrigger: audio_extn_sound_trigger_update_device_status: device 0x2 of type 0 for Event 0
08-05 19:28:24.856  7325  8250 D SyndHandler: Recognized ITunes namespace
08-05 19:28:24.857  7325  8250 D SyndHandler: Recognized Atom namespace
08-05 19:28:24.857  7325  8250 D SyndHandler: Recognized Content namespace
08-05 19:28:24.862  7325  7336 I art     : Starting a blocking GC Explicit
08-05 19:28:24.868  7325  8250 D OnlineFeedViewActivity: Deleted feed source file. Result: true
08-05 19:28:24.869  7325  7325 D OnlineFeedViewActivity: Removing HTML from shownotes
08-05 19:28:24.890  7325  7336 I art     : Explicit concurrent mark sweep GC freed 2235(230KB) AllocSpace objects, 3(60KB) LOS objects, 37% free, 26MB/42MB, paused 1.028ms total 27.587ms
08-05 19:28:24.930  7325  7325 W art     : Before Android 4.1, method int androidx.appcompat.widget.DropDownListView.lookForSelectablePosition(int, boolean) would have incorrectly overridden the package-private method in android.widget.ListView
08-05 19:28:24.937  7325  7325 I ListPopupWindow: Could not find method setEpicenterBounds(Rect) on PopupWindow. Oh well.
08-05 19:28:24.945  7325  8251 D ApOkHttpUrlLoader: buildLoadData() called with: model = [https://content.production.cdn.art19.com/images/89/e0/88/44/89e08844-ac28-4fc0-96fa-15a41fec2014/262c12ed699a8d9720dea0bd66449d998e4a08cf18095bed170ccaa76722045fa5dbf7a366918b2db7e3acf29ad22f6b99fd659a9409cb807bf2781d968932f8.jpeg], width = [350], height = [350]
08-05 19:28:24.952  7325  8083 D DBReader: getImageAuthentication() called with: imageUrl = [https://content.production.cdn.art19.com/images/89/e0/88/44/89e08844-ac28-4fc0-96fa-15a41fec2014/262c12ed699a8d9720dea0bd66449d998e4a08cf18095bed170ccaa76722045fa5dbf7a366918b2db7e3acf29ad22f6b99fd659a9409cb807bf2781d968932f8.jpeg]
08-05 19:28:24.954  7325  8083 D ApOkHttpUrlLoader: no credentials for 'https://content.production.cdn.art19.com/images/89/e0/88/44/89e08844-ac28-4fc0-96fa-15a41fec2014/262c12ed699a8d9720dea0bd66449d998e4a08cf18095bed170ccaa76722045fa5dbf7a366918b2db7e3acf29ad22f6b99fd659a9409cb807bf2781d968932f8.jpeg'
08-05 19:28:24.977  7325  7325 D PlaybackController: Releasing PlaybackController
08-05 19:28:25.175  7325  7434 I art     : Starting a blocking GC Explicit
08-05 19:28:25.212  7325  7434 I art     : Explicit concurrent mark sweep GC freed 17510(976KB) AllocSpace objects, 4(172KB) LOS objects, 37% free, 27MB/43MB, paused 930us total 36.153ms
08-05 19:28:25.223  7325  7434 I art     : Starting a blocking GC Explicit
08-05 19:28:25.242  7325  8083 D MYTAG   : interceptor 2a
08-05 19:28:25.242  7325  8083 I NAPPA_EXPERIMENTATION: MetricNetworkRequestExecutionTime: REQUEST_DURATION_SYSTEM='288',REQUEST_DURATION_OKHTTP='152',REQUEST_SYNCHRONOUS='TRUE',RESPONSE_CODE='200',RESPONSE_METHOD='GET',RESPONSE_LENGTH_OKHTTP='2466122',RESPONSE_LENGTH_HEADER='2466122',REQUEST_PROTOCOL='h2',REQUEST_URL='https://content.production.cdn.art19.com/images/89/e0/88/44/89e08844-ac28-4fc0-96fa-15a41fec2014/262c12ed699a8d9720dea0bd66449d998e4a08cf18095bed170ccaa76722045fa5dbf7a366918b2db7e3acf29ad22f6b99fd659a9409cb807bf2781d968932f8.jpeg',
08-05 19:28:25.257  7325  7434 I art     : Explicit concurrent mark sweep GC freed 911(52KB) AllocSpace objects, 1(112KB) LOS objects, 37% free, 27MB/43MB, paused 929us total 33.370ms
08-05 19:28:25.269  7325  7434 I art     : Starting a blocking GC Explicit
08-05 19:28:25.299  7325  7434 I art     : Explicit concurrent mark sweep GC freed 60(3KB) AllocSpace objects, 0(0B) LOS objects, 37% free, 27MB/43MB, paused 935us total 30.540ms
08-05 19:28:25.311  7325  7434 I art     : Starting a blocking GC Explicit
08-05 19:28:25.341  7325  7434 I art     : Explicit concurrent mark sweep GC freed 47(1504B) AllocSpace objects, 0(0B) LOS objects, 37% free, 27MB/43MB, paused 961us total 30.136ms
08-05 19:28:25.352  7325  7434 I art     : Starting a blocking GC Explicit
08-05 19:28:25.383  7325  7434 I art     : Explicit concurrent mark sweep GC freed 50(1600B) AllocSpace objects, 0(0B) LOS objects, 37% free, 27MB/43MB, paused 1.037ms total 30.390ms
08-05 19:28:25.667  7325  7337 I art     : Starting a blocking GC Explicit
08-05 19:28:25.707  7325  7337 I art     : Explicit concurrent mark sweep GC freed 2762(140KB) AllocSpace objects, 1(20KB) LOS objects, 36% free, 27MB/43MB, paused 1.013ms total 39.789ms
08-05 19:28:25.721  7325  7337 I art     : Starting a blocking GC Explicit
08-05 19:28:25.754  7325  7337 I art     : Explicit concurrent mark sweep GC freed 38(1152B) AllocSpace objects, 0(0B) LOS objects, 36% free, 27MB/43MB, paused 1.213ms total 31.844ms
08-05 19:28:25.765  7325  7337 I art     : Starting a blocking GC Explicit
08-05 19:28:25.796  7325  7337 I art     : Explicit concurrent mark sweep GC freed 67(14KB) AllocSpace objects, 0(0B) LOS objects, 36% free, 27MB/43MB, paused 764us total 31.075ms
08-05 19:28:25.808  7325  7337 I art     : Starting a blocking GC Explicit
08-05 19:28:25.840  7325  7337 I art     : Explicit concurrent mark sweep GC freed 87(3KB) AllocSpace objects, 0(0B) LOS objects, 36% free, 27MB/43MB, paused 843us total 31.893ms
08-05 19:28:25.852  7325  7337 I art     : Starting a blocking GC Explicit
08-05 19:28:25.884  7325  7337 I art     : Explicit concurrent mark sweep GC freed 5(176B) AllocSpace objects, 0(0B) LOS objects, 36% free, 27MB/43MB, paused 836us total 30.986ms
08-05 19:28:26.217  7325  7434 I art     : Starting a blocking GC Explicit
08-05 19:28:26.258  7325  7434 I art     : Explicit concurrent mark sweep GC freed 1398(80KB) AllocSpace objects, 1(20KB) LOS objects, 36% free, 27MB/43MB, paused 1.018ms total 40.055ms
08-05 19:28:26.272  7325  7434 I art     : Starting a blocking GC Explicit
08-05 19:28:26.308  7325  7434 I art     : Explicit concurrent mark sweep GC freed 23(752B) AllocSpace objects, 0(0B) LOS objects, 36% free, 27MB/43MB, paused 882us total 35.438ms
08-05 19:28:26.320  7325  7434 I art     : Starting a blocking GC Explicit
08-05 19:28:26.354  7325  7434 I art     : Explicit concurrent mark sweep GC freed 3(96B) AllocSpace objects, 0(0B) LOS objects, 36% free, 27MB/43MB, paused 874us total 32.948ms
08-05 19:28:26.366  7325  7434 I art     : Starting a blocking GC Explicit
08-05 19:28:26.401  7325  7434 I art     : Explicit concurrent mark sweep GC freed 3(96B) AllocSpace objects, 0(0B) LOS objects, 36% free, 27MB/43MB, paused 848us total 34.904ms
08-05 19:28:26.413  7325  7434 I art     : Starting a blocking GC Explicit
08-05 19:28:26.448  7325  7434 I art     : Explicit concurrent mark sweep GC freed 3(96B) AllocSpace objects, 0(0B) LOS objects, 36% free, 27MB/43MB, paused 911us total 35.048ms
08-05 19:28:26.778  7325  7337 I art     : Starting a blocking GC Explicit
08-05 19:28:26.813  7325  7337 I art     : Explicit concurrent mark sweep GC freed 1396(81KB) AllocSpace objects, 1(20KB) LOS objects, 36% free, 27MB/43MB, paused 849us total 34.870ms
08-05 19:28:26.825  7325  7337 I art     : Starting a blocking GC Explicit
08-05 19:28:26.857  7325  7337 I art     : Explicit concurrent mark sweep GC freed 23(752B) AllocSpace objects, 0(0B) LOS objects, 36% free, 27MB/43MB, paused 948us total 32.002ms
08-05 19:28:26.869  7325  7337 I art     : Starting a blocking GC Explicit
08-05 19:28:26.904  7325  7337 I art     : Explicit concurrent mark sweep GC freed 3(96B) AllocSpace objects, 0(0B) LOS objects, 36% free, 27MB/43MB, paused 854us total 34.462ms
08-05 19:28:26.916  7325  7337 I art     : Starting a blocking GC Explicit
08-05 19:28:26.951  7325  7337 I art     : Explicit concurrent mark sweep GC freed 3(96B) AllocSpace objects, 0(0B) LOS objects, 36% free, 27MB/43MB, paused 885us total 34.621ms
08-05 19:28:26.963  7325  7337 I art     : Starting a blocking GC Explicit
08-05 19:28:26.996  7325  7337 I art     : Explicit concurrent mark sweep GC freed 3(96B) AllocSpace objects, 0(0B) LOS objects, 36% free, 27MB/43MB, paused 873us total 32.680ms
08-05 19:28:27.318  7325  7434 I art     : Starting a blocking GC Explicit
08-05 19:28:27.404  7325  7434 I art     : Explicit concurrent mark sweep GC freed 1395(80KB) AllocSpace objects, 1(20KB) LOS objects, 36% free, 27MB/43MB, paused 1.478ms total 85.125ms
08-05 19:28:27.428  7325  7434 I art     : Starting a blocking GC Explicit
08-05 19:28:27.464  7325  7434 I art     : Explicit concurrent mark sweep GC freed 23(752B) AllocSpace objects, 0(0B) LOS objects, 36% free, 27MB/43MB, paused 824us total 36.382ms
08-05 19:28:27.476  7325  7434 I art     : Starting a blocking GC Explicit
08-05 19:28:27.508  7325  7434 I art     : Explicit concurrent mark sweep GC freed 3(96B) AllocSpace objects, 0(0B) LOS objects, 36% free, 27MB/43MB, paused 899us total 31.523ms
08-05 19:28:27.520  7325  7434 I art     : Starting a blocking GC Explicit
08-05 19:28:27.555  7325  7434 I art     : Explicit concurrent mark sweep GC freed 3(96B) AllocSpace objects, 0(0B) LOS objects, 36% free, 27MB/43MB, paused 834us total 34.271ms
08-05 19:28:27.567  7325  7434 I art     : Starting a blocking GC Explicit
08-05 19:28:27.600  7325  7434 I art     : Explicit concurrent mark sweep GC freed 3(96B) AllocSpace objects, 0(0B) LOS objects, 36% free, 27MB/43MB, paused 874us total 32.664ms
08-05 19:28:27.930  7325  7336 I art     : Starting a blocking GC Explicit
08-05 19:28:27.975  7325  7336 I art     : Explicit concurrent mark sweep GC freed 1367(82KB) AllocSpace objects, 1(20KB) LOS objects, 36% free, 27MB/43MB, paused 829us total 44.475ms
08-05 19:28:27.990  7325  7336 I art     : Starting a blocking GC Explicit
08-05 19:28:28.028  7325  7336 I art     : Explicit concurrent mark sweep GC freed 23(752B) AllocSpace objects, 0(0B) LOS objects, 36% free, 27MB/43MB, paused 958us total 37.774ms
08-05 19:28:28.040  7325  7336 I art     : Starting a blocking GC Explicit
08-05 19:28:28.074  7325  7336 I art     : Explicit concurrent mark sweep GC freed 32(880B) AllocSpace objects, 0(0B) LOS objects, 36% free, 27MB/43MB, paused 784us total 33.847ms
08-05 19:28:28.087  7325  7336 I art     : Starting a blocking GC Explicit
08-05 19:28:28.120  7325  7336 I art     : Explicit concurrent mark sweep GC freed 3(96B) AllocSpace objects, 0(0B) LOS objects, 36% free, 27MB/43MB, paused 848us total 33.112ms
08-05 19:28:28.132  7325  7336 I art     : Starting a blocking GC Explicit
08-05 19:28:28.167  7325  7336 I art     : Explicit concurrent mark sweep GC freed 3(96B) AllocSpace objects, 0(0B) LOS objects, 36% free, 27MB/43MB, paused 877us total 34.356ms
08-05 19:28:28.493  7325  7337 I art     : Starting a blocking GC Explicit
08-05 19:28:28.526  7325  7337 I art     : Explicit concurrent mark sweep GC freed 1366(80KB) AllocSpace objects, 1(20KB) LOS objects, 36% free, 27MB/43MB, paused 848us total 32.237ms
08-05 19:28:28.538  7325  7337 I art     : Starting a blocking GC Explicit
08-05 19:28:28.570  7325  7337 I art     : Explicit concurrent mark sweep GC freed 23(752B) AllocSpace objects, 0(0B) LOS objects, 36% free, 27MB/43MB, paused 887us total 32.214ms
08-05 19:28:28.582  7325  7337 I art     : Starting a blocking GC Explicit
08-05 19:28:28.615  7325  7337 I art     : Explicit concurrent mark sweep GC freed 3(96B) AllocSpace objects, 0(0B) LOS objects, 36% free, 27MB/43MB, paused 847us total 32.715ms
08-05 19:28:28.627  7325  7337 I art     : Starting a blocking GC Explicit
08-05 19:28:28.660  7325  7337 I art     : Explicit concurrent mark sweep GC freed 3(96B) AllocSpace objects, 0(0B) LOS objects, 36% free, 27MB/43MB, paused 890us total 33.052ms
08-05 19:28:28.672  7325  7337 I art     : Starting a blocking GC Explicit
08-05 19:28:28.703  7325  7337 I art     : Explicit concurrent mark sweep GC freed 3(96B) AllocSpace objects, 0(0B) LOS objects, 36% free, 27MB/43MB, paused 867us total 31.625ms
08-05 19:28:28.966  8326  8326 D AndroidRuntime: >>>>>> START com.android.internal.os.RuntimeInit uid 2000 <<<<<<
08-05 19:28:28.972  8326  8326 D AndroidRuntime: CheckJNI is OFF
08-05 19:28:29.016  8326  8326 D ICU     : No timezone override file found: /data/misc/zoneinfo/current/icu/icu_tzdata.dat
08-05 19:28:29.025  7325  7434 I art     : Starting a blocking GC Explicit
08-05 19:28:29.057  7325  7434 I art     : Explicit concurrent mark sweep GC freed 1395(80KB) AllocSpace objects, 1(20KB) LOS objects, 36% free, 27MB/43MB, paused 920us total 32.175ms
08-05 19:28:29.058  8326  8326 I Radio-JNI: register_android_hardware_Radio DONE
08-05 19:28:29.069  7325  7434 I art     : Starting a blocking GC Explicit
08-05 19:28:29.089  8326  8326 D AndroidRuntime: Calling main entry com.android.commands.input.Input
08-05 19:28:29.091  8326  8326 I Input   : injectMotionEvent: MotionEvent { action=ACTION_DOWN, actionButton=0, id[0]=0, x[0]=625.0, y[0]=832.0, toolType[0]=TOOL_TYPE_UNKNOWN, buttonState=0, metaState=0, flags=0x0, edgeFlags=0x0, pointerCount=1, historySize=0, eventTime=818925503, downTime=818925503, deviceId=0, source=0x1002 }
08-05 19:28:29.095  8326  8326 I Input   : injectMotionEvent: MotionEvent { action=ACTION_UP, actionButton=0, id[0]=0, x[0]=625.0, y[0]=832.0, toolType[0]=TOOL_TYPE_UNKNOWN, buttonState=0, metaState=0, flags=0x0, edgeFlags=0x0, pointerCount=1, historySize=0, eventTime=818925503, downTime=818925503, deviceId=0, source=0x1002 }
08-05 19:28:29.099  8326  8326 D AndroidRuntime: Shutting down VM
08-05 19:28:29.100  7325  7434 I art     : Explicit concurrent mark sweep GC freed 50(1712B) AllocSpace objects, 0(0B) LOS objects, 36% free, 27MB/43MB, paused 1.009ms total 31.242ms
08-05 19:28:29.103  7325  7325 D UserPreferences: Using default data folder
08-05 19:28:29.104  7325  7325 D DownloadRequester: partiallyDownloadedFileExists: false
08-05 19:28:29.104   512  2967 D audio_hw_primary: out_set_parameters: enter: usecase(1: low-latency-playback) kvpairs: routing=2
08-05 19:28:29.106  7325  7325 D DownloadRequester: /storage/emulated/0/Android/data/baseline.de.danoeh.antennapod.debug/files/cache/feed-Nice White Parents is available as a download destination
08-05 19:28:29.108  7325  7325 D DownloadRequester: Requesting download of url https://rss.art19.com/nice-white-parents
08-05 19:28:29.112  7325  7434 I art     : Starting a blocking GC Explicit
08-05 19:28:29.118   512  2967 D audio_hw_primary: select_devices: out_snd_device(2: speaker) in_snd_device(0: none)
08-05 19:28:29.118  7325  7325 D DownloadService: Service started
08-05 19:28:29.119   512  2967 D msm8974_platform: platform_send_audio_calibration: sending audio calibration for snd_device(2) acdb_id(15)
08-05 19:28:29.119   512  2967 I soundtrigger: audio_extn_sound_trigger_update_device_status: device 0x2 of type 0 for Event 1
08-05 19:28:29.120  7325  7325 D DownloadService: parallel downloads: 4
08-05 19:28:29.121  7325  8349 D downloadCompletionThd: downloadCompletionThread was started
08-05 19:28:29.123  7325  7325 D DownloadService: Notification set up
08-05 19:28:29.128   512  2967 D audio_hw_primary: enable_snd_device: snd_device(2: speaker)
08-05 19:28:29.130   512  2967 D audio_hw_primary: enable_audio_route: apply and update mixer path: low-latency-playback speaker
08-05 19:28:29.135  7325  7325 D DownloadService: Received enqueue request
08-05 19:28:29.137  7325  7325 D OnlineFeedViewActivity: onEventMainThread() called with: event = [DownloadEvent{update=DownloaderUpdate{downloaders=[baseline.de.danoeh.antennapod.core.service.download.HttpDownloader@7b0b3ff], feedIds=[0], mediaIds=[]}}]
08-05 19:28:29.137  7325  7325 D DownloadService: 1 downloads left
08-05 19:28:29.137  7325  7325 D DownloadService: Setting up notification updater
08-05 19:28:29.138   918  3670 D WifiService: acquireWifiLockLocked: WifiLock{Downloader type=1 binder=android.os.BinderProxy@f068f0f}
08-05 19:28:29.140  7325  8351 D AntennapodHttpClient: Creating new instance of HTTP client
08-05 19:28:29.144  7325  7434 I art     : Explicit concurrent mark sweep GC freed 685(40KB) AllocSpace objects, 0(0B) LOS objects, 36% free, 27MB/43MB, paused 1.350ms total 31.985ms
08-05 19:28:29.157  7325  7434 I art     : Starting a blocking GC Explicit
08-05 19:28:29.189  7325  7434 I art     : Explicit concurrent mark sweep GC freed 491(30KB) AllocSpace objects, 0(0B) LOS objects, 36% free, 27MB/43MB, paused 1.043ms total 31.598ms
08-05 19:28:29.200  7325  7434 I art     : Starting a blocking GC Explicit
08-05 19:28:29.229  7325  7434 I art     : Explicit concurrent mark sweep GC freed 19(832B) AllocSpace objects, 0(0B) LOS objects, 36% free, 27MB/43MB, paused 963us total 29.482ms
08-05 19:28:29.484 13866 13882 I PeriodicStatsRunner: PeriodicStatsRunner.call():175 call()
08-05 19:28:29.485 13866 13882 I PeriodicStatsRunner: PeriodicStatsRunner.call():179 No submit PeriodicStats since input started.
08-05 19:28:29.487  7325  8351 D MYTAG   : interceptor 3a https://rss.art19.com/nice-white-parents
08-05 19:28:29.488  7325  8351 I NAPPA_EXPERIMENTATION: MetricNetworkRequestExecutionTime: REQUEST_DURATION_SYSTEM='346',REQUEST_DURATION_OKHTTP='148',REQUEST_SYNCHRONOUS='TRUE',RESPONSE_CODE='200',RESPONSE_METHOD='GET',RESPONSE_LENGTH_OKHTTP='-1',RESPONSE_LENGTH_HEADER='1803',REQUEST_PROTOCOL='h2',REQUEST_URL='https://rss.art19.com/nice-white-parents',
08-05 19:28:29.488  7325  8351 D HttpDownloader: Response code is 200
08-05 19:28:29.488  7325  8351 D UserPreferences: Using default data folder
08-05 19:28:29.490  7325  8351 D HttpDownloader: Getting size of download
08-05 19:28:29.490  7325  8351 D HttpDownloader: Size is -1
08-05 19:28:29.490  7325  8351 D UserPreferences: Using default data folder
08-05 19:28:29.490  7325  8351 D HttpDownloader: Free space is 20166287360
08-05 19:28:29.490  7325  8351 D HttpDownloader: Starting download
08-05 19:28:29.503  7325  7337 I art     : Starting a blocking GC Explicit
08-05 19:28:29.539  7325  7337 I art     : Explicit concurrent mark sweep GC freed 6290(321KB) AllocSpace objects, 4(220KB) LOS objects, 36% free, 28MB/44MB, paused 1.206ms total 35.853ms
08-05 19:28:29.540  7325  8351 D HttpDownloader: Download was successful
08-05 19:28:29.542   918  6111 D WifiService: releaseWifiLockLocked: WifiLock{Downloader type=1 binder=android.os.BinderProxy@f068f0f}
08-05 19:28:29.543  7325  8349 D downloadCompletionThd: Received 'Download Complete' - message.
08-05 19:28:29.543  7325  8349 D DownloadService: Handling completed Feed Download
08-05 19:28:29.544  7325  7325 D DownloadService: Removing downloader: https://rss.art19.com/nice-white-parents
08-05 19:28:29.544  7325  7325 D DownloadService: Result of downloads.remove: true
08-05 19:28:29.544  7325  7325 D OnlineFeedViewActivity: onEventMainThread() called with: event = [DownloadEvent{update=DownloaderUpdate{downloaders=[], feedIds=[], mediaIds=[]}}]
08-05 19:28:29.548  7325  8367 D TypeGetter: Recognized type RSS 2.0
08-05 19:28:29.550  7325  8367 D SyndHandler: Recognized ITunes namespace
08-05 19:28:29.550  7325  8367 D SyndHandler: Recognized Atom namespace
08-05 19:28:29.550  7325  8367 D SyndHandler: Recognized Content namespace
08-05 19:28:29.552  7325  7337 I art     : Starting a blocking GC Explicit
08-05 19:28:29.560  7325  8367 D FeedSyncThread: Nice White Parents parsed
08-05 19:28:29.560  7325  8367 D FeedSyncThread: Deletion of file '/storage/emulated/0/Android/data/baseline.de.danoeh.antennapod.debug/files/cache/feed-Nice White Parents' successful
08-05 19:28:29.560  7325  8367 D DBReader: getFeedDownloadLog() called with: feed = [baseline.de.danoeh.antennapod.core.feed.Feed@0]
08-05 19:28:29.562  7325  8350 D FeedSyncThread: Bundling 1 feeds
08-05 19:28:29.563  7325  8368 D DBReader: Extracting Feedlist
08-05 19:28:29.564  7325  8368 D DBTasks : Found no existing Feed with title Nice White Parents. Adding as new one.
08-05 19:28:29.566  7325  8369 D PodDBAdapter: Setting feed with flattr status Nice White Parents: 0
08-05 19:28:29.566  7325  8369 D baseline.de.danoeh.antennapod.core.storage.PodDBAdapter@5e5c264: Inserting new Feed into db
08-05 19:28:29.568 13866 13882 I PeriodicStatsRunner: PeriodicStatsRunner.call():175 call()
08-05 19:28:29.568 13866 13882 I PeriodicStatsRunner: PeriodicStatsRunner.call():179 No submit PeriodicStats since input started.
08-05 19:28:29.582  7325  7337 I art     : Explicit concurrent mark sweep GC freed 1802(314KB) AllocSpace objects, 3(60KB) LOS objects, 36% free, 28MB/44MB, paused 1.204ms total 30.264ms
08-05 19:28:29.584  7325  7325 D EventDistributor: Processing event queue. Number of events: 1
08-05 19:28:29.584  7325  7325 D EventDistributor: Notifying observers. Data: 1
08-05 19:28:29.585  7325  7325 D DownloadService: 0 downloads left
08-05 19:28:29.585  7325  7872 D DBReader: Extracting Feedlist
08-05 19:28:29.585  7325  7325 D DownloadService: Number of downloads is 0, attempting shutdown
08-05 19:28:29.586  7325  7325 D DownloadService: Service shutting down
08-05 19:28:29.587  7325  7325 D DownloadService: No report is created
08-05 19:28:29.587  7325  7325 D OnlineFeedViewActivity: onEventMainThread() called with: event = [DownloadEvent{update=DownloaderUpdate{downloaders=[], feedIds=[], mediaIds=[]}}]
08-05 19:28:29.589  7325  8349 E downloadCompletionThd: DownloadCompletionThread was interrupted
08-05 19:28:29.589  7325  7325 D DownloadService: NotificationUpdater cancelled. Result: false
08-05 19:28:29.590  7325  7325 D DBTasks : autodownloadUndownloadedItems
08-05 19:28:29.593  7325  8370 D NetworkUtils: Device is connected to Wi-Fi
08-05 19:28:29.593  7325  8370 D NetworkUtils: Auto-dl filter is disabled
08-05 19:28:29.595  7325  7337 I art     : Starting a blocking GC Explicit
08-05 19:28:29.625  7325  7337 I art     : Explicit concurrent mark sweep GC freed 493(63KB) AllocSpace objects, 1(20KB) LOS objects, 36% free, 27MB/43MB, paused 987us total 30.374ms
08-05 19:28:29.636  7325  7337 I art     : Starting a blocking GC Explicit
08-05 19:28:29.668  7325  7337 I art     : Explicit concurrent mark sweep GC freed 168(9KB) AllocSpace objects, 0(0B) LOS objects, 36% free, 27MB/43MB, paused 1.137ms total 31.576ms
08-05 19:28:29.669   512  2967 D audio_hw_primary: disable_audio_route: reset and update mixer path: low-latency-playback speaker
08-05 19:28:29.670   512  2967 D audio_hw_primary: disable_snd_device: snd_device(2: speaker)
08-05 19:28:29.678   512  2967 I soundtrigger: audio_extn_sound_trigger_update_device_status: device 0x2 of type 0 for Event 0
08-05 19:28:29.680  7325  7337 I art     : Starting a blocking GC Explicit
08-05 19:28:29.712  7325  7337 I art     : Explicit concurrent mark sweep GC freed 9(320B) AllocSpace objects, 0(0B) LOS objects, 36% free, 27MB/43MB, paused 987us total 31.612ms
08-05 19:28:29.796  7260  7260 I ServiceManager: Waiting for service AtCmdFwd...
08-05 19:28:30.018  7325  7337 I art     : Starting a blocking GC Explicit
08-05 19:28:30.053  7325  7337 I art     : Explicit concurrent mark sweep GC freed 1378(80KB) AllocSpace objects, 1(20KB) LOS objects, 36% free, 27MB/43MB, paused 1.006ms total 34.515ms
08-05 19:28:30.065  7325  7337 I art     : Starting a blocking GC Explicit
08-05 19:28:30.098  7325  7337 I art     : Explicit concurrent mark sweep GC freed 54(1616B) AllocSpace objects, 0(0B) LOS objects, 36% free, 27MB/43MB, paused 1.059ms total 32.927ms
08-05 19:28:30.110  7325  7337 I art     : Starting a blocking GC Explicit
08-05 19:28:30.142  7325  7337 I art     : Explicit concurrent mark sweep GC freed 3(96B) AllocSpace objects, 0(0B) LOS objects, 36% free, 27MB/43MB, paused 973us total 32.204ms
08-05 19:28:30.154  7325  7337 I art     : Starting a blocking GC Explicit
08-05 19:28:30.187  7325  7337 I art     : Explicit concurrent mark sweep GC freed 3(96B) AllocSpace objects, 0(0B) LOS objects, 36% free, 27MB/43MB, paused 1.128ms total 32.374ms
08-05 19:28:30.198  7325  7337 I art     : Starting a blocking GC Explicit
08-05 19:28:30.232  7325  7337 I art     : Explicit concurrent mark sweep GC freed 3(96B) AllocSpace objects, 0(0B) LOS objects, 36% free, 27MB/43MB, paused 978us total 33.339ms
08-05 19:28:30.547  7325  7434 I art     : Starting a blocking GC Explicit
08-05 19:28:30.593  7325  7434 I art     : Explicit concurrent mark sweep GC freed 1367(82KB) AllocSpace objects, 1(20KB) LOS objects, 36% free, 27MB/43MB, paused 1.092ms total 46.192ms
08-05 19:28:30.609  7325  7434 I art     : Starting a blocking GC Explicit
08-05 19:28:30.642  7325  7434 I art     : Explicit concurrent mark sweep GC freed 23(752B) AllocSpace objects, 0(0B) LOS objects, 36% free, 27MB/43MB, paused 1.002ms total 33.392ms
08-05 19:28:30.654  7325  7434 I art     : Starting a blocking GC Explicit
08-05 19:28:30.688  7325  7434 I art     : Explicit concurrent mark sweep GC freed 3(96B) AllocSpace objects, 0(0B) LOS objects, 36% free, 27MB/43MB, paused 1.188ms total 33.399ms
08-05 19:28:30.700  7325  7434 I art     : Starting a blocking GC Explicit
08-05 19:28:30.734  7325  7434 I art     : Explicit concurrent mark sweep GC freed 3(96B) AllocSpace objects, 0(0B) LOS objects, 36% free, 27MB/43MB, paused 1ms total 33.909ms
08-05 19:28:30.746  7325  7434 I art     : Starting a blocking GC Explicit
08-05 19:28:30.780  7325  7434 I art     : Explicit concurrent mark sweep GC freed 3(96B) AllocSpace objects, 0(0B) LOS objects, 36% free, 27MB/43MB, paused 966us total 33.368ms
08-05 19:28:30.796  7260  7260 I ServiceManager: Waiting for service AtCmdFwd...
08-05 19:28:31.129  7325  7336 I art     : Starting a blocking GC Explicit
08-05 19:28:31.177  7325  7336 I art     : Explicit concurrent mark sweep GC freed 1402(82KB) AllocSpace objects, 1(20KB) LOS objects, 36% free, 27MB/43MB, paused 1.115ms total 47.336ms
08-05 19:28:31.192  7325  7336 I art     : Starting a blocking GC Explicit
08-05 19:28:31.230  7325  7336 I art     : Explicit concurrent mark sweep GC freed 23(752B) AllocSpace objects, 0(0B) LOS objects, 36% free, 27MB/43MB, paused 1.082ms total 36.878ms
08-05 19:28:31.242  7325  7336 I art     : Starting a blocking GC Explicit
08-05 19:28:31.278  7325  7336 I art     : Explicit concurrent mark sweep GC freed 3(96B) AllocSpace objects, 0(0B) LOS objects, 36% free, 27MB/43MB, paused 1.003ms total 35.968ms
08-05 19:28:31.278  7325  7335 I art     : WaitForGcToComplete blocked for 20.075ms for cause HeapTrim
08-05 19:28:31.290  7325  7336 I art     : Starting a blocking GC Explicit
08-05 19:28:31.328  7325  7336 I art     : Explicit concurrent mark sweep GC freed 3(96B) AllocSpace objects, 0(0B) LOS objects, 36% free, 27MB/43MB, paused 1.165ms total 37.091ms
08-05 19:28:31.340  7325  7336 I art     : Starting a blocking GC Explicit
08-05 19:28:31.377  7325  7336 I art     : Explicit concurrent mark sweep GC freed 3(96B) AllocSpace objects, 0(0B) LOS objects, 36% free, 27MB/43MB, paused 1.081ms total 36.955ms
08-05 19:28:31.718  7325  7337 I art     : Starting a blocking GC Explicit
08-05 19:28:31.757  7325  7337 I art     : Explicit concurrent mark sweep GC freed 1372(82KB) AllocSpace objects, 1(20KB) LOS objects, 36% free, 27MB/43MB, paused 1.053ms total 39.472ms
08-05 19:28:31.771  7325  7337 I art     : Starting a blocking GC Explicit
08-05 19:28:31.797  7260  7260 I ServiceManager: Waiting for service AtCmdFwd...
08-05 19:28:31.803  7325  7337 I art     : Explicit concurrent mark sweep GC freed 23(752B) AllocSpace objects, 0(0B) LOS objects, 36% free, 27MB/43MB, paused 939us total 32.408ms
08-05 19:28:31.815  7325  7337 I art     : Starting a blocking GC Explicit
08-05 19:28:31.849  7325  7337 I art     : Explicit concurrent mark sweep GC freed 3(96B) AllocSpace objects, 0(0B) LOS objects, 36% free, 27MB/43MB, paused 1.025ms total 33.808ms
08-05 19:28:31.861  7325  7337 I art     : Starting a blocking GC Explicit
08-05 19:28:31.897  7325  7337 I art     : Explicit concurrent mark sweep GC freed 3(96B) AllocSpace objects, 0(0B) LOS objects, 36% free, 27MB/43MB, paused 1.164ms total 35.125ms
08-05 19:28:31.909  7325  7337 I art     : Starting a blocking GC Explicit
08-05 19:28:31.944  7325  7337 I art     : Explicit concurrent mark sweep GC freed 3(96B) AllocSpace objects, 0(0B) LOS objects, 36% free, 27MB/43MB, paused 1.020ms total 35.143ms
08-05 19:28:32.283  7325  7434 I art     : Starting a blocking GC Explicit
08-05 19:28:32.324  7325  7434 I art     : Explicit concurrent mark sweep GC freed 1399(81KB) AllocSpace objects, 1(20KB) LOS objects, 36% free, 27MB/43MB, paused 1.012ms total 40.797ms
08-05 19:28:32.337  7325  7434 I art     : Starting a blocking GC Explicit
08-05 19:28:32.373  7325  7434 I art     : Explicit concurrent mark sweep GC freed 23(752B) AllocSpace objects, 0(0B) LOS objects, 36% free, 27MB/43MB, paused 959us total 35.708ms
08-05 19:28:32.384  7325  7434 I art     : Starting a blocking GC Explicit
08-05 19:28:32.421  7325  7434 I art     : Explicit concurrent mark sweep GC freed 3(96B) AllocSpace objects, 0(0B) LOS objects, 36% free, 27MB/43MB, paused 1.015ms total 36.015ms
08-05 19:28:32.433  7325  7434 I art     : Starting a blocking GC Explicit
08-05 19:28:32.469  7325  7434 I art     : Explicit concurrent mark sweep GC freed 3(96B) AllocSpace objects, 0(0B) LOS objects, 36% free, 27MB/43MB, paused 1.074ms total 36.325ms
08-05 19:28:32.482  7325  7434 I art     : Starting a blocking GC Explicit
08-05 19:28:32.519  7325  7434 I art     : Explicit concurrent mark sweep GC freed 3(96B) AllocSpace objects, 0(0B) LOS objects, 36% free, 27MB/43MB, paused 1.033ms total 36.573ms
08-05 19:28:32.797  7260  7260 I ServiceManager: Waiting for service AtCmdFwd...
08-05 19:28:32.859  7325  7336 I art     : Starting a blocking GC Explicit
08-05 19:28:32.903  7325  7336 I art     : Explicit concurrent mark sweep GC freed 1366(80KB) AllocSpace objects, 1(20KB) LOS objects, 36% free, 27MB/43MB, paused 1.273ms total 44.228ms
08-05 19:28:32.917  7325  7336 I art     : Starting a blocking GC Explicit
08-05 19:28:32.954  7325  7336 I art     : Explicit concurrent mark sweep GC freed 23(752B) AllocSpace objects, 0(0B) LOS objects, 36% free, 27MB/43MB, paused 1.037ms total 36.359ms
08-05 19:28:32.966  7325  7336 I art     : Starting a blocking GC Explicit
08-05 19:28:33.003  7325  7336 I art     : Explicit concurrent mark sweep GC freed 3(96B) AllocSpace objects, 0(0B) LOS objects, 36% free, 27MB/43MB, paused 1.084ms total 36.306ms
08-05 19:28:33.015  7325  7336 I art     : Starting a blocking GC Explicit
08-05 19:28:33.051  7325  7336 I art     : Explicit concurrent mark sweep GC freed 3(96B) AllocSpace objects, 0(0B) LOS objects, 36% free, 27MB/43MB, paused 993us total 35.043ms
08-05 19:28:33.063  7325  7336 I art     : Starting a blocking GC Explicit
08-05 19:28:33.100  7325  7336 I art     : Explicit concurrent mark sweep GC freed 32(880B) AllocSpace objects, 0(0B) LOS objects, 36% free, 27MB/43MB, paused 1.156ms total 36.509ms
08-05 19:28:33.432  7325  7337 I art     : Starting a blocking GC Explicit
08-05 19:28:33.465  7325  7337 I art     : Explicit concurrent mark sweep GC freed 1367(82KB) AllocSpace objects, 1(20KB) LOS objects, 36% free, 27MB/43MB, paused 1.019ms total 33.553ms
08-05 19:28:33.478  7325  7337 I art     : Starting a blocking GC Explicit
08-05 19:28:33.512  7325  7337 I art     : Explicit concurrent mark sweep GC freed 23(752B) AllocSpace objects, 0(0B) LOS objects, 36% free, 27MB/43MB, paused 1.038ms total 34.391ms
08-05 19:28:33.524  7325  7337 I art     : Starting a blocking GC Explicit
08-05 19:28:33.560  7325  7337 I art     : Explicit concurrent mark sweep GC freed 3(96B) AllocSpace objects, 0(0B) LOS objects, 36% free, 27MB/43MB, paused 1.030ms total 35.195ms
08-05 19:28:33.572  7325  7337 I art     : Starting a blocking GC Explicit
08-05 19:28:33.607  7325  7337 I art     : Explicit concurrent mark sweep GC freed 3(96B) AllocSpace objects, 0(0B) LOS objects, 36% free, 27MB/43MB, paused 1.042ms total 34.604ms
08-05 19:28:33.619  7325  7337 I art     : Starting a blocking GC Explicit
08-05 19:28:33.653  7325  7337 I art     : Explicit concurrent mark sweep GC freed 3(96B) AllocSpace objects, 0(0B) LOS objects, 36% free, 27MB/43MB, paused 1.017ms total 33.830ms
08-05 19:28:33.798  7260  7260 I ServiceManager: Waiting for service AtCmdFwd...
08-05 19:28:33.882  8439  8439 D AndroidRuntime: >>>>>> START com.android.internal.os.RuntimeInit uid 2000 <<<<<<
08-05 19:28:33.889  8439  8439 D AndroidRuntime: CheckJNI is OFF
08-05 19:28:33.932  8439  8439 D ICU     : No timezone override file found: /data/misc/zoneinfo/current/icu/icu_tzdata.dat
08-05 19:28:33.975  8439  8439 I Radio-JNI: register_android_hardware_Radio DONE
08-05 19:28:33.980  7325  7434 I art     : Starting a blocking GC Explicit
08-05 19:28:34.004  8439  8439 D AndroidRuntime: Calling main entry com.android.commands.input.Input
08-05 19:28:34.006  8439  8439 I Input   : injectKeyEvent: KeyEvent { action=ACTION_DOWN, keyCode=KEYCODE_BACK, scanCode=0, metaState=0, flags=0x0, repeatCount=0, eventTime=818930419, downTime=818930419, deviceId=-1, source=0x101 }
08-05 19:28:34.014  7325  7434 I art     : Explicit concurrent mark sweep GC freed 1371(80KB) AllocSpace objects, 1(20KB) LOS objects, 36% free, 27MB/43MB, paused 966us total 33.865ms
08-05 19:28:34.015  8439  8439 I Input   : injectKeyEvent: KeyEvent { action=ACTION_UP, keyCode=KEYCODE_BACK, scanCode=0, metaState=0, flags=0x0, repeatCount=0, eventTime=818930419, downTime=818930419, deviceId=-1, source=0x101 }
08-05 19:28:34.021  8439  8439 D AndroidRuntime: Shutting down VM
08-05 19:28:34.026  7325  7434 I art     : Starting a blocking GC Explicit
08-05 19:28:34.027  7325  7325 V PlaybackController: initServiceNotRunning()
08-05 19:28:34.027  7325  7325 D ExternalPlayerFragment: Loading media info
08-05 19:28:34.033  7325  7325 D UserPreferences: Using default data folder
08-05 19:28:34.034  7325  7872 D DBReader: getNavDrawerData() called with: 
08-05 19:28:34.038  7325  7872 D DBReader: getDownloadedItems() called
08-05 19:28:34.038  7325  7872 D DBReader: getFavoriteIDList() called
08-05 19:28:34.039  7325  7872 D DBReader: getQueueIDList() called
08-05 19:28:34.040  7325  7872 D DBReader: Extracting Feedlist
08-05 19:28:34.056  7325  7434 I art     : Explicit concurrent mark sweep GC freed 603(46KB) AllocSpace objects, 0(0B) LOS objects, 36% free, 27MB/43MB, paused 932us total 29.744ms
08-05 19:28:34.065  7325  7325 D MainActivity: getLastNavFragment() -> AddFeedFragment
08-05 19:28:34.067  7325  7434 I art     : Starting a blocking GC Explicit
08-05 19:28:34.067 13866 13866 I GoogleInputMethodServic: GoogleInputMethodService.onFinishInput():3138 
08-05 19:28:34.068 13866 13866 I GoogleInputMethodServic: GoogleInputMethodService.onStartInput():1808 
08-05 19:28:34.085  7325  8251 D ApOkHttpUrlLoader: buildLoadData() called with: model = [https://content.production.cdn.art19.com/images/89/e0/88/44/89e08844-ac28-4fc0-96fa-15a41fec2014/262c12ed699a8d9720dea0bd66449d998e4a08cf18095bed170ccaa76722045fa5dbf7a366918b2db7e3acf29ad22f6b99fd659a9409cb807bf2781d968932f8.jpeg], width = [140], height = [140]
08-05 19:28:34.099  7325  7434 I art     : Explicit concurrent mark sweep GC freed 692(47KB) AllocSpace objects, 0(0B) LOS objects, 36% free, 28MB/44MB, paused 1.172ms total 31.862ms
08-05 19:28:34.110  7325  7434 I art     : Starting a blocking GC Explicit
08-05 19:28:34.141  7325  7434 I art     : Explicit concurrent mark sweep GC freed 168(15KB) AllocSpace objects, 0(0B) LOS objects, 36% free, 28MB/44MB, paused 1.033ms total 30.274ms
08-05 19:28:34.152  7325  7434 I art     : Starting a blocking GC Explicit
08-05 19:28:34.182  7325  7434 I art     : Explicit concurrent mark sweep GC freed 141(9KB) AllocSpace objects, 0(0B) LOS objects, 36% free, 28MB/44MB, paused 1.028ms total 29.688ms
08-05 19:28:34.388   380   380 W SurfaceFlinger: couldn't log to binary event log: overflow.
08-05 19:28:34.482  7325  7434 I art     : Starting a blocking GC Explicit
08-05 19:28:34.516  7325  7434 I art     : Explicit concurrent mark sweep GC freed 2219(126KB) AllocSpace objects, 1(20KB) LOS objects, 36% free, 28MB/44MB, paused 978us total 33.901ms
08-05 19:28:34.528  7325  7434 I art     : Starting a blocking GC Explicit
08-05 19:28:34.561  7325  7434 I art     : Explicit concurrent mark sweep GC freed 2499(153KB) AllocSpace objects, 2(248KB) LOS objects, 36% free, 27MB/43MB, paused 1.018ms total 32.462ms
08-05 19:28:34.572  7325  7434 I art     : Starting a blocking GC Explicit
08-05 19:28:34.605  7325  7434 I art     : Explicit concurrent mark sweep GC freed 3(96B) AllocSpace objects, 0(0B) LOS objects, 36% free, 27MB/43MB, paused 996us total 32.042ms
08-05 19:28:34.616  7325  7434 I art     : Starting a blocking GC Explicit
08-05 19:28:34.649  7325  7434 I art     : Explicit concurrent mark sweep GC freed 3(96B) AllocSpace objects, 0(0B) LOS objects, 36% free, 27MB/43MB, paused 1.070ms total 32.526ms
08-05 19:28:34.661  7325  7434 I art     : Starting a blocking GC Explicit
08-05 19:28:34.694  7325  7434 I art     : Explicit concurrent mark sweep GC freed 3(96B) AllocSpace objects, 0(0B) LOS objects, 36% free, 27MB/43MB, paused 1.004ms total 32.838ms
08-05 19:28:34.799  7260  7260 W Atfwd_Sendcmd: AtCmdFwd service not published, waiting... retryCnt : 4
08-05 19:28:34.993  7325  8464 I art     : Starting a blocking GC Explicit
08-05 19:28:35.034  7325  8464 I art     : Explicit concurrent mark sweep GC freed 1372(82KB) AllocSpace objects, 1(20KB) LOS objects, 36% free, 27MB/43MB, paused 1.055ms total 41.263ms
08-05 19:28:35.048  7325  8464 I art     : Starting a blocking GC Explicit
08-05 19:28:35.081  7325  8464 I art     : Explicit concurrent mark sweep GC freed 52(1536B) AllocSpace objects, 0(0B) LOS objects, 36% free, 27MB/43MB, paused 983us total 32.604ms
08-05 19:28:35.093  7325  8464 I art     : Starting a blocking GC Explicit
08-05 19:28:35.126  7325  8464 I art     : Explicit concurrent mark sweep GC freed 3(96B) AllocSpace objects, 0(0B) LOS objects, 36% free, 27MB/43MB, paused 1.014ms total 32.732ms
08-05 19:28:35.138  7325  8464 I art     : Starting a blocking GC Explicit
08-05 19:28:35.171  7325  8464 I art     : Explicit concurrent mark sweep GC freed 3(96B) AllocSpace objects, 0(0B) LOS objects, 36% free, 27MB/43MB, paused 991us total 32.828ms
08-05 19:28:35.183  7325  8464 I art     : Starting a blocking GC Explicit
08-05 19:28:35.216  7325  8464 I art     : Explicit concurrent mark sweep GC freed 3(96B) AllocSpace objects, 0(0B) LOS objects, 36% free, 27MB/43MB, paused 1.011ms total 32.870ms
08-05 19:28:35.515  7325  7337 I art     : Starting a blocking GC Explicit
08-05 19:28:35.548  7325  7337 I art     : Explicit concurrent mark sweep GC freed 1368(80KB) AllocSpace objects, 1(20KB) LOS objects, 36% free, 27MB/43MB, paused 1.099ms total 32.730ms
08-05 19:28:35.560  7325  7337 I art     : Starting a blocking GC Explicit
08-05 19:28:35.592  7325  7337 I art     : Explicit concurrent mark sweep GC freed 23(752B) AllocSpace objects, 0(0B) LOS objects, 36% free, 27MB/43MB, paused 1.030ms total 31.627ms
08-05 19:28:35.603  7325  7337 I art     : Starting a blocking GC Explicit
08-05 19:28:35.637  7325  7337 I art     : Explicit concurrent mark sweep GC freed 3(96B) AllocSpace objects, 0(0B) LOS objects, 36% free, 27MB/43MB, paused 1.005ms total 32.856ms
08-05 19:28:35.649  7325  7337 I art     : Starting a blocking GC Explicit
08-05 19:28:35.685  7325  7337 I art     : Explicit concurrent mark sweep GC freed 5(160B) AllocSpace objects, 0(0B) LOS objects, 36% free, 27MB/43MB, paused 1.002ms total 35.460ms
08-05 19:28:35.697  7325  7337 I art     : Starting a blocking GC Explicit
08-05 19:28:35.731  7325  7337 I art     : Explicit concurrent mark sweep GC freed 9(288B) AllocSpace objects, 0(0B) LOS objects, 36% free, 27MB/43MB, paused 958us total 32.811ms
08-05 19:28:35.804  8486  8486 D AndroidRuntime: >>>>>> START com.android.internal.os.RuntimeInit uid 2000 <<<<<<
08-05 19:28:35.810  8486  8486 D AndroidRuntime: CheckJNI is OFF
08-05 19:28:35.853  8486  8486 D ICU     : No timezone override file found: /data/misc/zoneinfo/current/icu/icu_tzdata.dat
08-05 19:28:35.897  8486  8486 I Radio-JNI: register_android_hardware_Radio DONE
08-05 19:28:35.925  8486  8486 D AndroidRuntime: Calling main entry com.android.commands.input.Input
08-05 19:28:35.928  8486  8486 I Input   : injectMotionEvent: MotionEvent { action=ACTION_DOWN, actionButton=0, id[0]=0, x[0]=639.0, y[0]=762.0, toolType[0]=TOOL_TYPE_UNKNOWN, buttonState=0, metaState=0, flags=0x0, edgeFlags=0x0, pointerCount=1, historySize=0, eventTime=818932340, downTime=818932340, deviceId=0, source=0x1002 }
08-05 19:28:35.934  8486  8486 I Input   : injectMotionEvent: MotionEvent { action=ACTION_UP, actionButton=0, id[0]=0, x[0]=639.0, y[0]=762.0, toolType[0]=TOOL_TYPE_UNKNOWN, buttonState=0, metaState=0, flags=0x0, edgeFlags=0x0, pointerCount=1, historySize=0, eventTime=818932340, downTime=818932340, deviceId=0, source=0x1002 }
08-05 19:28:35.936  8486  8486 D AndroidRuntime: Shutting down VM
08-05 19:28:35.997   918  1210 D NetlinkSocketObserver: NeighborEvent{elapsedMs=1802319871, 192.168.2.254, [7C3953A63323], RTM_NEWNEIGH, NUD_PROBE}
08-05 19:28:36.003   512  2967 D audio_hw_primary: out_set_parameters: enter: usecase(1: low-latency-playback) kvpairs: routing=2
08-05 19:28:36.015 13866 13866 I GoogleInputMethodServic: GoogleInputMethodService.onFinishInput():3138 
08-05 19:28:36.016   512  2967 D audio_hw_primary: select_devices: out_snd_device(2: speaker) in_snd_device(0: none)
08-05 19:28:36.016   512  2967 D msm8974_platform: platform_send_audio_calibration: sending audio calibration for snd_device(2) acdb_id(15)
08-05 19:28:36.016   512  2967 I soundtrigger: audio_extn_sound_trigger_update_device_status: device 0x2 of type 0 for Event 1
08-05 19:28:36.018 13866 13866 I GoogleInputMethodServic: GoogleInputMethodService.onStartInput():1808 
08-05 19:28:36.028   512  2967 D audio_hw_primary: enable_snd_device: snd_device(2: speaker)
08-05 19:28:36.030   512  2967 D audio_hw_primary: enable_audio_route: apply and update mixer path: low-latency-playback speaker
08-05 19:28:36.050  7325  8464 I art     : Starting a blocking GC Explicit
08-05 19:28:36.083  7325  8464 I art     : Explicit concurrent mark sweep GC freed 1659(92KB) AllocSpace objects, 1(20KB) LOS objects, 36% free, 27MB/43MB, paused 1.089ms total 33.308ms
08-05 19:28:36.095  7325  8464 I art     : Starting a blocking GC Explicit
08-05 19:28:36.127  7325  8464 I art     : Explicit concurrent mark sweep GC freed 50(1776B) AllocSpace objects, 0(0B) LOS objects, 36% free, 27MB/43MB, paused 1.230ms total 31.914ms
08-05 19:28:36.138  7325  8464 I art     : Starting a blocking GC Explicit
08-05 19:28:36.169  7325  8464 I art     : Explicit concurrent mark sweep GC freed 15(544B) AllocSpace objects, 0(0B) LOS objects, 36% free, 27MB/43MB, paused 1.039ms total 30.642ms
08-05 19:28:36.180  7325  8464 I art     : Starting a blocking GC Explicit
08-05 19:28:36.212  7325  8464 I art     : Explicit concurrent mark sweep GC freed 16(608B) AllocSpace objects, 0(0B) LOS objects, 36% free, 27MB/43MB, paused 1.029ms total 31.605ms
08-05 19:28:36.218  7325  7345 I NAPPA_EXPERIMENTATION: MetricNetworkRequestExecutionTime: REQUEST_DURATION_SYSTEM='217',REQUEST_DURATION_OKHTTP='215',REQUEST_SYNCHRONOUS='TRUE',RESPONSE_CODE='200',RESPONSE_METHOD='GET',RESPONSE_LENGTH_OKHTTP='-1',RESPONSE_LENGTH_HEADER='622',REQUEST_PROTOCOL='h2',REQUEST_URL='https://itunes.apple.com/lookup?id=360084272',
08-05 19:28:36.224  7325  8464 I art     : Starting a blocking GC Explicit
08-05 19:28:36.242   918  6112 I ActivityManager: START u0 {cmp=baseline.de.danoeh.antennapod.debug/baseline.de.danoeh.antennapod.activity.OnlineFeedViewActivity (has extras)} from uid 10695 on display 0
08-05 19:28:36.256  7325  8464 I art     : Explicit concurrent mark sweep GC freed 553(46KB) AllocSpace objects, 0(0B) LOS objects, 36% free, 27MB/43MB, paused 982us total 31.831ms
08-05 19:28:36.268 13866 13866 I GoogleInputMethodServic: GoogleInputMethodService.onFinishInput():3138 
08-05 19:28:36.269 13866 13866 I GoogleInputMethodServic: GoogleInputMethodService.onStartInput():1808 
08-05 19:28:36.286  7325  7325 D UserPreferences: Using default data folder
08-05 19:28:36.287  7325  7325 D OnlineFeedViewActivity: Activity was started with url http://joeroganexp.joerogan.libsynpro.com/rss
08-05 19:28:36.290  7325  7325 D OnlineFeedViewActivity: Starting feed download
08-05 19:28:36.292  7325  7871 D DBReader: Extracting Feedlist
08-05 19:28:36.294   918  6110 D WifiService: acquireWifiLockLocked: WifiLock{Downloader type=1 binder=android.os.BinderProxy@1cf33cc}
08-05 19:28:36.295  7325  7871 D AntennapodHttpClient: Creating new instance of HTTP client
08-05 19:28:36.346  7325  7871 D MYTAG   : interceptor 3a http://joeroganexp.joerogan.libsynpro.com/rss
08-05 19:28:36.347 13866 13866 I GoogleInputMethodServic: GoogleInputMethodService.onFinishInput():3138 
08-05 19:28:36.347 13866 13866 I GoogleInputMethodServic: GoogleInputMethodService.onStartInput():1808 
08-05 19:28:36.348  7325  7871 I NAPPA_EXPERIMENTATION: MetricNetworkRequestExecutionTime: REQUEST_DURATION_SYSTEM='50',REQUEST_DURATION_OKHTTP='45',REQUEST_SYNCHRONOUS='TRUE',RESPONSE_CODE='200',RESPONSE_METHOD='GET',RESPONSE_LENGTH_OKHTTP='-1',RESPONSE_LENGTH_HEADER='307892',REQUEST_PROTOCOL='http/1.1',REQUEST_URL='http://joeroganexp.joerogan.libsynpro.com/rss',
08-05 19:28:36.348  7325  7871 D HttpDownloader: Response code is 200
08-05 19:28:36.348  7325  7871 D UserPreferences: Using default data folder
08-05 19:28:36.350  7325  7871 D HttpDownloader: Getting size of download
08-05 19:28:36.350  7325  7871 D HttpDownloader: Size is -1
08-05 19:28:36.350  7325  7871 D UserPreferences: Using default data folder
08-05 19:28:36.350  7325  7871 D HttpDownloader: Free space is 20166238208
08-05 19:28:36.350  7325  7871 D HttpDownloader: Starting download
08-05 19:28:36.374   918   936 I ActivityManager: Displayed baseline.de.danoeh.antennapod.debug/baseline.de.danoeh.antennapod.activity.OnlineFeedViewActivity: +108ms
08-05 19:28:36.523  7325  7871 D HttpDownloader: Download was successful
08-05 19:28:36.524   918  6112 D WifiService: releaseWifiLockLocked: WifiLock{Downloader type=1 binder=android.os.BinderProxy@1cf33cc}
08-05 19:28:36.525  7325  7325 D OnlineFeedViewActivity: Parsing feed
08-05 19:28:36.531  7325  8530 D TypeGetter: Recognized type RSS 2.0
08-05 19:28:36.533  7325  8530 D SyndHandler: Recognized Atom namespace
08-05 19:28:36.533  7325  8530 D SyndHandler: Recognized ITunes namespace
08-05 19:28:36.534  7325  8530 D SyndHandler: Recognized media namespace
08-05 19:28:36.534  7325  8530 D SyndHandler: Recognized Content namespace
08-05 19:28:36.542  7325  7337 I art     : Starting a blocking GC Explicit
08-05 19:28:36.571   512  2967 D audio_hw_primary: disable_audio_route: reset and update mixer path: low-latency-playback speaker
08-05 19:28:36.572   512  2967 D audio_hw_primary: disable_snd_device: snd_device(2: speaker)
08-05 19:28:36.580   512  2967 I soundtrigger: audio_extn_sound_trigger_update_device_status: device 0x2 of type 0 for Event 0
08-05 19:28:36.584  7325  7337 I art     : Explicit concurrent mark sweep GC freed 4939(440KB) AllocSpace objects, 4(80KB) LOS objects, 36% free, 28MB/44MB, paused 1.319ms total 41.286ms
08-05 19:28:36.598  7325  7337 I art     : Starting a blocking GC Explicit
08-05 19:28:36.607   380   380 W SurfaceFlinger: couldn't log to binary event log: overflow.
08-05 19:28:36.635  7325  7337 I art     : Explicit concurrent mark sweep GC freed 2977(150KB) AllocSpace objects, 0(0B) LOS objects, 36% free, 28MB/44MB, paused 1.254ms total 36.209ms
08-05 19:28:36.647  7325  7337 I art     : Starting a blocking GC Explicit
08-05 19:28:36.677  7325  7337 I art     : Explicit concurrent mark sweep GC freed 2538(125KB) AllocSpace objects, 0(0B) LOS objects, 36% free, 28MB/44MB, paused 1.220ms total 29.848ms
08-05 19:28:36.688  7325  7337 I art     : Starting a blocking GC Explicit
08-05 19:28:36.719  7325  7337 I art     : Explicit concurrent mark sweep GC freed 2470(131KB) AllocSpace objects, 0(0B) LOS objects, 36% free, 28MB/44MB, paused 1.235ms total 31.522ms
08-05 19:28:36.730  7325  7337 I art     : Starting a blocking GC Explicit
08-05 19:28:36.744  7325  7325 D PlaybackController: Releasing PlaybackController
08-05 19:28:36.766  7325  7337 I art     : Explicit concurrent mark sweep GC freed 2780(148KB) AllocSpace objects, 0(0B) LOS objects, 36% free, 28MB/44MB, paused 1.368ms total 35.018ms
08-05 19:28:37.060  7325  7337 I art     : Starting a blocking GC Explicit
08-05 19:28:37.102  7325  7337 I art     : Explicit concurrent mark sweep GC freed 18838(1007KB) AllocSpace objects, 1(20KB) LOS objects, 35% free, 28MB/44MB, paused 1.457ms total 41.400ms
08-05 19:28:37.114  7325  7337 I art     : Starting a blocking GC Explicit
08-05 19:28:37.149  7325  7337 I art     : Explicit concurrent mark sweep GC freed 4961(241KB) AllocSpace objects, 0(0B) LOS objects, 35% free, 28MB/44MB, paused 1.390ms total 34.758ms
08-05 19:28:37.161  7325  7337 I art     : Starting a blocking GC Explicit
08-05 19:28:37.195  7325  7337 I art     : Explicit concurrent mark sweep GC freed 5509(266KB) AllocSpace objects, 0(0B) LOS objects, 35% free, 28MB/44MB, paused 1.571ms total 34.156ms
08-05 19:28:37.207  7325  7337 I art     : Starting a blocking GC Explicit
08-05 19:28:37.241  7325  7337 I art     : Explicit concurrent mark sweep GC freed 2552(136KB) AllocSpace objects, 0(0B) LOS objects, 35% free, 28MB/44MB, paused 1.244ms total 33.311ms
08-05 19:28:37.253  7325  7337 I art     : Starting a blocking GC Explicit
08-05 19:28:37.287  7325  7337 I art     : Explicit concurrent mark sweep GC freed 2650(132KB) AllocSpace objects, 0(0B) LOS objects, 35% free, 28MB/44MB, paused 1.373ms total 33.815ms
08-05 19:28:37.589  7325  7337 I art     : Starting a blocking GC Explicit
08-05 19:28:37.633  7325  7337 I art     : Explicit concurrent mark sweep GC freed 19606(1036KB) AllocSpace objects, 1(20KB) LOS objects, 35% free, 29MB/45MB, paused 1.347ms total 43.200ms
08-05 19:28:37.646  7325  7337 I art     : Starting a blocking GC Explicit
08-05 19:28:37.683  7325  7337 I art     : Explicit concurrent mark sweep GC freed 4761(236KB) AllocSpace objects, 0(0B) LOS objects, 35% free, 29MB/45MB, paused 1.496ms total 36.753ms
08-05 19:28:37.696  7325  7337 I art     : Starting a blocking GC Explicit
08-05 19:28:37.731  7325  7337 I art     : Explicit concurrent mark sweep GC freed 6069(287KB) AllocSpace objects, 0(0B) LOS objects, 35% free, 29MB/45MB, paused 1.324ms total 35.005ms
08-05 19:28:37.743  7325  7337 I art     : Starting a blocking GC Explicit
08-05 19:28:37.780  7325  7337 I art     : Explicit concurrent mark sweep GC freed 2857(143KB) AllocSpace objects, 0(0B) LOS objects, 35% free, 29MB/45MB, paused 1.358ms total 36.932ms
08-05 19:28:37.792  7325  7337 I art     : Starting a blocking GC Explicit
08-05 19:28:37.829  7325  7337 I art     : Explicit concurrent mark sweep GC freed 2925(159KB) AllocSpace objects, 0(0B) LOS objects, 35% free, 29MB/45MB, paused 1.321ms total 36.421ms
08-05 19:28:38.144  7325  7434 I art     : Starting a blocking GC Explicit
08-05 19:28:38.187  7325  7434 I art     : Explicit concurrent mark sweep GC freed 19616(1064KB) AllocSpace objects, 1(20KB) LOS objects, 34% free, 29MB/45MB, paused 1.489ms total 42.478ms
08-05 19:28:38.201  7325  7434 I art     : Starting a blocking GC Explicit
08-05 19:28:38.239  7325  7434 I art     : Explicit concurrent mark sweep GC freed 6621(316KB) AllocSpace objects, 0(0B) LOS objects, 35% free, 29MB/45MB, paused 1.625ms total 38.257ms
08-05 19:28:38.252  7325  7434 I art     : Starting a blocking GC Explicit
08-05 19:28:38.289  7325  7434 I art     : Explicit concurrent mark sweep GC freed 4718(233KB) AllocSpace objects, 0(0B) LOS objects, 35% free, 29MB/45MB, paused 1.508ms total 36.719ms
08-05 19:28:38.301  7325  7434 I art     : Starting a blocking GC Explicit
08-05 19:28:38.340  7325  7434 I art     : Explicit concurrent mark sweep GC freed 2882(152KB) AllocSpace objects, 0(0B) LOS objects, 35% free, 29MB/45MB, paused 1.409ms total 38.785ms
08-05 19:28:38.353  7325  7434 I art     : Starting a blocking GC Explicit
08-05 19:28:38.391  7325  7434 I art     : Explicit concurrent mark sweep GC freed 3002(163KB) AllocSpace objects, 0(0B) LOS objects, 34% free, 29MB/45MB, paused 1.382ms total 37.822ms
08-05 19:28:38.728  7325  8464 I art     : Starting a blocking GC Explicit
08-05 19:28:38.777  7325  8464 I art     : Explicit concurrent mark sweep GC freed 21364(1198KB) AllocSpace objects, 1(20KB) LOS objects, 34% free, 30MB/46MB, paused 1.506ms total 48.397ms
08-05 19:28:38.791  7325  8464 I art     : Starting a blocking GC Explicit
08-05 19:28:38.830  7325  8464 I art     : Explicit concurrent mark sweep GC freed 8591(398KB) AllocSpace objects, 0(0B) LOS objects, 34% free, 30MB/46MB, paused 1.670ms total 39.001ms
08-05 19:28:38.843  7325  8464 I art     : Starting a blocking GC Explicit
08-05 19:28:38.882  7325  8464 I art     : Explicit concurrent mark sweep GC freed 3450(176KB) AllocSpace objects, 0(0B) LOS objects, 34% free, 30MB/46MB, paused 1.289ms total 38.804ms
08-05 19:28:38.895  7325  8464 I art     : Starting a blocking GC Explicit
08-05 19:28:38.934  7325  8464 I art     : Explicit concurrent mark sweep GC freed 3074(159KB) AllocSpace objects, 0(0B) LOS objects, 34% free, 30MB/46MB, paused 1.434ms total 38.413ms
08-05 19:28:38.947  7325  8464 I art     : Starting a blocking GC Explicit
08-05 19:28:38.988  7325  8464 I art     : Explicit concurrent mark sweep GC freed 3140(161KB) AllocSpace objects, 0(0B) LOS objects, 34% free, 30MB/46MB, paused 1.645ms total 40.460ms
08-05 19:28:39.068 13866 13882 I PeriodicStatsRunner: PeriodicStatsRunner.call():175 call()
08-05 19:28:39.068 13866 13882 I PeriodicStatsRunner: PeriodicStatsRunner.call():179 No submit PeriodicStats since input started.
08-05 19:28:39.334  7325  7336 I art     : Starting a blocking GC Explicit
08-05 19:28:39.387  7325  7336 I art     : Explicit concurrent mark sweep GC freed 22502(1186KB) AllocSpace objects, 1(20KB) LOS objects, 34% free, 31MB/47MB, paused 1.803ms total 51.484ms
08-05 19:28:39.402  7325  7336 I art     : Starting a blocking GC Explicit
08-05 19:28:39.448  7325  7336 I art     : Explicit concurrent mark sweep GC freed 5339(230KB) AllocSpace objects, 0(0B) LOS objects, 34% free, 30MB/46MB, paused 1.536ms total 45.627ms
08-05 19:28:39.462  7325  7336 I art     : Starting a blocking GC Explicit
08-05 19:28:39.503  7325  7336 I art     : Explicit concurrent mark sweep GC freed 7692(338KB) AllocSpace objects, 0(0B) LOS objects, 34% free, 30MB/46MB, paused 1.470ms total 40.918ms
08-05 19:28:39.516  7325  7336 I art     : Starting a blocking GC Explicit
08-05 19:28:39.558  7325  7336 I art     : Explicit concurrent mark sweep GC freed 3288(148KB) AllocSpace objects, 0(0B) LOS objects, 34% free, 30MB/46MB, paused 1.542ms total 41.613ms
08-05 19:28:39.572  7325  7336 I art     : Starting a blocking GC Explicit
08-05 19:28:39.616  7325  7336 I art     : Explicit concurrent mark sweep GC freed 3384(145KB) AllocSpace objects, 0(0B) LOS objects, 34% free, 30MB/46MB, paused 3.062ms total 44.203ms
08-05 19:28:39.822  7325  8530 D OnlineFeedViewActivity: Deleted feed source file. Result: true
08-05 19:28:39.829  7325  7325 D OnlineFeedViewActivity: Removing HTML from shownotes
08-05 19:28:39.954  7325  8464 I art     : Starting a blocking GC Explicit
08-05 19:28:40.007  7325  8464 I art     : Explicit concurrent mark sweep GC freed 56708(4MB) AllocSpace objects, 233(15MB) LOS objects, 32% free, 33MB/49MB, paused 1.286ms total 52.726ms
08-05 19:28:40.023  7325  8464 I art     : Starting a blocking GC Explicit
08-05 19:28:40.072  7325  8464 I art     : Explicit concurrent mark sweep GC freed 43194(3MB) AllocSpace objects, 193(12MB) LOS objects, 32% free, 32MB/48MB, paused 1.353ms total 49.693ms
08-05 19:28:40.088  7325  8464 I art     : Starting a blocking GC Explicit
08-05 19:28:40.141  7325  8464 I art     : Explicit concurrent mark sweep GC freed 43328(3MB) AllocSpace objects, 193(12MB) LOS objects, 32% free, 32MB/48MB, paused 1.334ms total 52.622ms
08-05 19:28:40.156  7325  8464 I art     : Starting a blocking GC Explicit
08-05 19:28:40.209  7325  8464 I art     : Explicit concurrent mark sweep GC freed 43447(3MB) AllocSpace objects, 190(12MB) LOS objects, 32% free, 32MB/48MB, paused 1.323ms total 52.661ms
08-05 19:28:40.224  7325  8464 I art     : Starting a blocking GC Explicit
08-05 19:28:40.270  7325  8464 I art     : Explicit concurrent mark sweep GC freed 40299(3MB) AllocSpace objects, 184(12MB) LOS objects, 32% free, 32MB/48MB, paused 1.244ms total 46.093ms
08-05 19:28:40.413  7325  8251 D ApOkHttpUrlLoader: buildLoadData() called with: model = [http://static.libsyn.com/p/assets/7/1/f/3/71f3014e14ef2722/JREiTunesImage2.jpg], width = [350], height = [350]
08-05 19:28:40.413  7325  7325 I Choreographer: Skipped 34 frames!  The application may be doing too much work on its main thread.
08-05 19:28:40.415  7325  8083 D DBReader: getImageAuthentication() called with: imageUrl = [http://static.libsyn.com/p/assets/7/1/f/3/71f3014e14ef2722/JREiTunesImage2.jpg]
08-05 19:28:40.418  7325  8083 D ApOkHttpUrlLoader: no credentials for 'http://static.libsyn.com/p/assets/7/1/f/3/71f3014e14ef2722/JREiTunesImage2.jpg'
08-05 19:28:40.517  7325  8083 D MYTAG   : interceptor 2a
08-05 19:28:40.518  7325  8083 I NAPPA_EXPERIMENTATION: MetricNetworkRequestExecutionTime: REQUEST_DURATION_SYSTEM='99',REQUEST_DURATION_OKHTTP='39',REQUEST_SYNCHRONOUS='TRUE',RESPONSE_CODE='200',RESPONSE_METHOD='GET',RESPONSE_LENGTH_OKHTTP='402832',RESPONSE_LENGTH_HEADER='402832',REQUEST_PROTOCOL='http/1.1',REQUEST_URL='http://static.libsyn.com/p/assets/7/1/f/3/71f3014e14ef2722/JREiTunesImage2.jpg',
08-05 19:28:40.592  7325  8464 I art     : Starting a blocking GC Explicit
08-05 19:28:40.641  7325  8464 I art     : Explicit concurrent mark sweep GC freed 3670(417KB) AllocSpace objects, 11(700KB) LOS objects, 33% free, 31MB/47MB, paused 1.120ms total 47.879ms
08-05 19:28:40.656  7325  8464 I art     : Starting a blocking GC Explicit
08-05 19:28:40.699  7325  8464 I art     : Explicit concurrent mark sweep GC freed 666(33KB) AllocSpace objects, 1(112KB) LOS objects, 33% free, 31MB/47MB, paused 1.003ms total 43.493ms
08-05 19:28:40.714  7325  8464 I art     : Starting a blocking GC Explicit
08-05 19:28:40.747  8595  8595 D AndroidRuntime: >>>>>> START com.android.internal.os.RuntimeInit uid 2000 <<<<<<
08-05 19:28:40.753  8595  8595 D AndroidRuntime: CheckJNI is OFF
08-05 19:28:40.757  7325  8464 I art     : Explicit concurrent mark sweep GC freed 68(10KB) AllocSpace objects, 0(0B) LOS objects, 33% free, 31MB/47MB, paused 1.136ms total 43.144ms
08-05 19:28:40.771  7325  8464 I art     : Starting a blocking GC Explicit
08-05 19:28:40.797  8595  8595 D ICU     : No timezone override file found: /data/misc/zoneinfo/current/icu/icu_tzdata.dat
08-05 19:28:40.815  7325  8464 I art     : Explicit concurrent mark sweep GC freed 9(288B) AllocSpace objects, 0(0B) LOS objects, 33% free, 31MB/47MB, paused 953us total 43.134ms
08-05 19:28:40.829  7325  8464 I art     : Starting a blocking GC Explicit
08-05 19:28:40.844  8595  8595 I Radio-JNI: register_android_hardware_Radio DONE
08-05 19:28:40.862   518   646 I ThermalEngine: ACTION: GPU - Setting GPU[0] to 390000000
08-05 19:28:40.900  8595  8595 D AndroidRuntime: Calling main entry com.android.commands.input.Input
08-05 19:28:40.902  7325  8464 I art     : Explicit concurrent mark sweep GC freed 3(96B) AllocSpace objects, 0(0B) LOS objects, 33% free, 31MB/47MB, paused 1.794ms total 72.575ms
08-05 19:28:40.903  8595  8595 I Input   : injectMotionEvent: MotionEvent { action=ACTION_DOWN, actionButton=0, id[0]=0, x[0]=693.0, y[0]=821.0, toolType[0]=TOOL_TYPE_UNKNOWN, buttonState=0, metaState=0, flags=0x0, edgeFlags=0x0, pointerCount=1, historySize=0, eventTime=818937315, downTime=818937315, deviceId=0, source=0x1002 }
08-05 19:28:40.909  8595  8595 I Input   : injectMotionEvent: MotionEvent { action=ACTION_UP, actionButton=0, id[0]=0, x[0]=693.0, y[0]=821.0, toolType[0]=TOOL_TYPE_UNKNOWN, buttonState=0, metaState=0, flags=0x0, edgeFlags=0x0, pointerCount=1, historySize=0, eventTime=818937315, downTime=818937315, deviceId=0, source=0x1002 }
08-05 19:28:40.912  8595  8595 D AndroidRuntime: Shutting down VM
08-05 19:28:40.918  7325  7325 D UserPreferences: Using default data folder
08-05 19:28:40.919  7325  7325 D DownloadRequester: partiallyDownloadedFileExists: false
08-05 19:28:40.919  7325  7325 D DownloadRequester: /storage/emulated/0/Android/data/baseline.de.danoeh.antennapod.debug/files/cache/feed-The Joe Rogan Experience is available as a download destination
08-05 19:28:40.920   512  2967 D audio_hw_primary: out_set_parameters: enter: usecase(1: low-latency-playback) kvpairs: routing=2
08-05 19:28:40.921  7325  7325 D DownloadRequester: Requesting download of url http://joeroganexp.joerogan.libsynpro.com/rss
08-05 19:28:40.934   512  2967 D audio_hw_primary: select_devices: out_snd_device(2: speaker) in_snd_device(0: none)
08-05 19:28:40.934   512  2967 D msm8974_platform: platform_send_audio_calibration: sending audio calibration for snd_device(2) acdb_id(15)
08-05 19:28:40.935   512  2967 I soundtrigger: audio_extn_sound_trigger_update_device_status: device 0x2 of type 0 for Event 1
08-05 19:28:40.946  7325  7325 D DownloadService: Service started
08-05 19:28:40.950  7325  7325 D DownloadService: parallel downloads: 4
08-05 19:28:40.950   512  2967 D audio_hw_primary: enable_snd_device: snd_device(2: speaker)
08-05 19:28:40.951  7325  8618 D downloadCompletionThd: downloadCompletionThread was started
08-05 19:28:40.952  7325  7325 D DownloadService: Notification set up
08-05 19:28:40.955   512  2967 D audio_hw_primary: enable_audio_route: apply and update mixer path: low-latency-playback speaker
08-05 19:28:40.959  7325  7325 D DownloadService: Received enqueue request
08-05 19:28:40.959  7325  7325 D OnlineFeedViewActivity: onEventMainThread() called with: event = [DownloadEvent{update=DownloaderUpdate{downloaders=[baseline.de.danoeh.antennapod.core.service.download.HttpDownloader@33fe79d], feedIds=[0], mediaIds=[]}}]
08-05 19:28:40.960  7325  7325 D DownloadService: 1 downloads left
08-05 19:28:40.960  7325  7325 D DownloadService: Setting up notification updater
08-05 19:28:40.968   918  3961 D WifiService: acquireWifiLockLocked: WifiLock{Downloader type=1 binder=android.os.BinderProxy@358c0ef}
08-05 19:28:40.974  7325  8620 D AntennapodHttpClient: Creating new instance of HTTP client
08-05 19:28:41.017 13866 13882 I PeriodicStatsRunner: PeriodicStatsRunner.call():175 call()
08-05 19:28:41.017 13866 13882 I PeriodicStatsRunner: PeriodicStatsRunner.call():179 No submit PeriodicStats since input started.
08-05 19:28:41.132  7325  8620 D MYTAG   : interceptor 3a http://joeroganexp.joerogan.libsynpro.com/rss
08-05 19:28:41.134  7325  8620 I NAPPA_EXPERIMENTATION: MetricNetworkRequestExecutionTime: REQUEST_DURATION_SYSTEM='154',REQUEST_DURATION_OKHTTP='41',REQUEST_SYNCHRONOUS='TRUE',RESPONSE_CODE='200',RESPONSE_METHOD='GET',RESPONSE_LENGTH_OKHTTP='-1',RESPONSE_LENGTH_HEADER='307892',REQUEST_PROTOCOL='http/1.1',REQUEST_URL='http://joeroganexp.joerogan.libsynpro.com/rss',
08-05 19:28:41.134  7325  8620 D HttpDownloader: Response code is 200
08-05 19:28:41.134  7325  8620 D UserPreferences: Using default data folder
08-05 19:28:41.136  7325  8620 D HttpDownloader: Getting size of download
08-05 19:28:41.136  7325  8620 D HttpDownloader: Size is -1
08-05 19:28:41.136  7325  8620 D UserPreferences: Using default data folder
08-05 19:28:41.137  7325  8620 D HttpDownloader: Free space is 20165779456
08-05 19:28:41.137  7325  8620 D HttpDownloader: Starting download
08-05 19:28:41.232  7325  7336 I art     : Starting a blocking GC Explicit
08-05 19:28:41.269 13866 13882 I PeriodicStatsRunner: PeriodicStatsRunner.call():175 call()
08-05 19:28:41.269 13866 13882 I PeriodicStatsRunner: PeriodicStatsRunner.call():179 No submit PeriodicStats since input started.
08-05 19:28:41.287  7325  7336 I art     : Explicit concurrent mark sweep GC freed 2721(158KB) AllocSpace objects, 1(20KB) LOS objects, 33% free, 31MB/47MB, paused 1.830ms total 54.912ms
08-05 19:28:41.305  7325  8620 D HttpDownloader: Download was successful
08-05 19:28:41.306   918  5132 D WifiService: releaseWifiLockLocked: WifiLock{Downloader type=1 binder=android.os.BinderProxy@358c0ef}
08-05 19:28:41.307  7325  8618 D downloadCompletionThd: Received 'Download Complete' - message.
08-05 19:28:41.307  7325  8618 D DownloadService: Handling completed Feed Download
08-05 19:28:41.307  7325  7325 D DownloadService: Removing downloader: http://joeroganexp.joerogan.libsynpro.com/rss
08-05 19:28:41.307  7325  7325 D DownloadService: Result of downloads.remove: true
08-05 19:28:41.307  7325  7325 D OnlineFeedViewActivity: onEventMainThread() called with: event = [DownloadEvent{update=DownloaderUpdate{downloaders=[], feedIds=[], mediaIds=[]}}]
08-05 19:28:41.309  7325  7336 I art     : Starting a blocking GC Explicit
08-05 19:28:41.315  7325  8633 D TypeGetter: Recognized type RSS 2.0
08-05 19:28:41.319  7325  8633 D SyndHandler: Recognized Atom namespace
08-05 19:28:41.319  7325  8633 D SyndHandler: Recognized ITunes namespace
08-05 19:28:41.319  7325  8633 D SyndHandler: Recognized media namespace
08-05 19:28:41.319  7325  8633 D SyndHandler: Recognized Content namespace
08-05 19:28:41.349 13866 13882 I PeriodicStatsRunner: PeriodicStatsRunner.call():175 call()
08-05 19:28:41.351 13866 13882 I PeriodicStatsRunner: PeriodicStatsRunner.call():179 No submit PeriodicStats since input started.
08-05 19:28:41.369  7325  7336 I art     : Explicit concurrent mark sweep GC freed 1934(228KB) AllocSpace objects, 2(40KB) LOS objects, 33% free, 31MB/47MB, paused 2.123ms total 60.007ms
08-05 19:28:41.389  7325  7336 I art     : Starting a blocking GC Explicit
08-05 19:28:41.445  7325  7336 I art     : Explicit concurrent mark sweep GC freed 3180(182KB) AllocSpace objects, 1(20KB) LOS objects, 33% free, 31MB/47MB, paused 1.932ms total 55.071ms
08-05 19:28:41.465  7325  7336 I art     : Starting a blocking GC Explicit
08-05 19:28:41.508   512  2967 D audio_hw_primary: disable_audio_route: reset and update mixer path: low-latency-playback speaker
08-05 19:28:41.510   512  2967 D audio_hw_primary: disable_snd_device: snd_device(2: speaker)
08-05 19:28:41.519   512  2967 I soundtrigger: audio_extn_sound_trigger_update_device_status: device 0x2 of type 0 for Event 0
08-05 19:28:41.521  7325  7336 I art     : Explicit concurrent mark sweep GC freed 3465(176KB) AllocSpace objects, 0(0B) LOS objects, 33% free, 31MB/47MB, paused 2.283ms total 55.543ms
08-05 19:28:41.541  7325  7336 I art     : Starting a blocking GC Explicit
08-05 19:28:41.597  7325  7336 I art     : Explicit concurrent mark sweep GC freed 3459(182KB) AllocSpace objects, 0(0B) LOS objects, 33% free, 31MB/47MB, paused 2.073ms total 56.344ms
08-05 19:28:41.597  7325  7335 I art     : WaitForGcToComplete blocked for 13.235ms for cause HeapTrim
08-05 19:28:41.921  7325  8464 I art     : Starting a blocking GC Explicit
08-05 19:28:41.989  7325  8464 I art     : Explicit concurrent mark sweep GC freed 16126(861KB) AllocSpace objects, 1(20KB) LOS objects, 33% free, 32MB/48MB, paused 2.141ms total 68.033ms
08-05 19:28:42.012  7325  8464 I art     : Starting a blocking GC Explicit
08-05 19:28:42.086  7325  8464 I art     : Explicit concurrent mark sweep GC freed 7711(372KB) AllocSpace objects, 0(0B) LOS objects, 33% free, 32MB/48MB, paused 1.908ms total 70.185ms
08-05 19:28:42.110  7325  8464 I art     : Starting a blocking GC Explicit
08-05 19:28:42.175  7325  8464 I art     : Explicit concurrent mark sweep GC freed 4106(214KB) AllocSpace objects, 0(0B) LOS objects, 33% free, 32MB/48MB, paused 2.355ms total 64.739ms
08-05 19:28:42.198  7325  8464 I art     : Starting a blocking GC Explicit
08-05 19:28:42.260  7325  8464 I art     : Explicit concurrent mark sweep GC freed 3812(197KB) AllocSpace objects, 0(0B) LOS objects, 33% free, 32MB/48MB, paused 2.328ms total 61.236ms
08-05 19:28:42.282  7325  8464 I art     : Starting a blocking GC Explicit
08-05 19:28:42.340  7325  8464 I art     : Explicit concurrent mark sweep GC freed 3687(184KB) AllocSpace objects, 0(0B) LOS objects, 33% free, 32MB/48MB, paused 2.509ms total 57.614ms
08-05 19:28:42.666  7325  7336 I art     : Starting a blocking GC Explicit
08-05 19:28:42.737  7325  7336 I art     : Explicit concurrent mark sweep GC freed 16815(886KB) AllocSpace objects, 1(20KB) LOS objects, 32% free, 32MB/48MB, paused 2.213ms total 70.536ms
08-05 19:28:42.761  7325  7336 I art     : Starting a blocking GC Explicit
08-05 19:28:42.809  7325  7325 D OnlineFeedViewActivity: onEventMainThread() called with: event = [DownloadEvent{update=DownloaderUpdate{downloaders=[], feedIds=[], mediaIds=[]}}]
08-05 19:28:42.828  7325  7336 I art     : Explicit concurrent mark sweep GC freed 7957(391KB) AllocSpace objects, 0(0B) LOS objects, 32% free, 32MB/48MB, paused 2.881ms total 65.714ms
08-05 19:28:42.850  7325  7336 I art     : Starting a blocking GC Explicit
08-05 19:28:42.915  7325  7336 I art     : Explicit concurrent mark sweep GC freed 4152(208KB) AllocSpace objects, 0(0B) LOS objects, 32% free, 32MB/48MB, paused 2.127ms total 64.101ms
08-05 19:28:42.938  7325  7336 I art     : Starting a blocking GC Explicit
08-05 19:28:43.003  7325  7336 I art     : Explicit concurrent mark sweep GC freed 4063(212KB) AllocSpace objects, 0(0B) LOS objects, 32% free, 32MB/48MB, paused 2.165ms total 64.461ms
08-05 19:28:43.026  7325  7336 I art     : Starting a blocking GC Explicit
08-05 19:28:43.091  7325  7336 I art     : Explicit concurrent mark sweep GC freed 4184(219KB) AllocSpace objects, 0(0B) LOS objects, 32% free, 33MB/49MB, paused 2.111ms total 64.554ms
08-05 19:28:43.418  7325  7434 I art     : Starting a blocking GC Explicit
08-05 19:28:43.495  7325  7434 I art     : Explicit concurrent mark sweep GC freed 16775(914KB) AllocSpace objects, 1(20KB) LOS objects, 32% free, 33MB/49MB, paused 2.169ms total 76.537ms
08-05 19:28:43.519  7325  7434 I art     : Starting a blocking GC Explicit
08-05 19:28:43.585  7325  7434 I art     : Explicit concurrent mark sweep GC freed 8161(388KB) AllocSpace objects, 0(0B) LOS objects, 32% free, 33MB/49MB, paused 2.162ms total 65.962ms
08-05 19:28:43.608  7325  7434 I art     : Starting a blocking GC Explicit
08-05 19:28:43.676  7325  7434 I art     : Explicit concurrent mark sweep GC freed 4367(229KB) AllocSpace objects, 0(0B) LOS objects, 32% free, 33MB/49MB, paused 2.222ms total 67.151ms
08-05 19:28:43.700  7325  7434 I art     : Starting a blocking GC Explicit
08-05 19:28:43.768  7325  7434 I art     : Explicit concurrent mark sweep GC freed 4324(231KB) AllocSpace objects, 0(0B) LOS objects, 32% free, 33MB/49MB, paused 2.304ms total 68.563ms
08-05 19:28:43.793  7325  7434 I art     : Starting a blocking GC Explicit
08-05 19:28:43.860  7325  7434 I art     : Explicit concurrent mark sweep GC freed 4166(220KB) AllocSpace objects, 0(0B) LOS objects, 32% free, 33MB/49MB, paused 2.424ms total 67.082ms
08-05 19:28:44.201  7325  8464 I art     : Starting a blocking GC Explicit
08-05 19:28:44.279  7325  8464 I art     : Explicit concurrent mark sweep GC freed 16735(946KB) AllocSpace objects, 1(20KB) LOS objects, 31% free, 34MB/50MB, paused 2.271ms total 77.832ms
08-05 19:28:44.305  7325  8464 I art     : Starting a blocking GC Explicit
08-05 19:28:44.312  7325  7325 D OnlineFeedViewActivity: onEventMainThread() called with: event = [DownloadEvent{update=DownloaderUpdate{downloaders=[], feedIds=[], mediaIds=[]}}]
08-05 19:28:44.370  7325  8464 I art     : Explicit concurrent mark sweep GC freed 8296(399KB) AllocSpace objects, 0(0B) LOS objects, 32% free, 33MB/49MB, paused 2.185ms total 64.314ms
08-05 19:28:44.392  7325  8464 I art     : Starting a blocking GC Explicit
08-05 19:28:44.461  7325  8464 I art     : Explicit concurrent mark sweep GC freed 4402(221KB) AllocSpace objects, 0(0B) LOS objects, 31% free, 34MB/50MB, paused 2.296ms total 68.729ms
08-05 19:28:44.487  7325  8464 I art     : Starting a blocking GC Explicit
08-05 19:28:44.553  7325  8464 I art     : Explicit concurrent mark sweep GC freed 4333(225KB) AllocSpace objects, 0(0B) LOS objects, 31% free, 34MB/50MB, paused 2.086ms total 65.351ms
08-05 19:28:44.575  7325  8464 I art     : Starting a blocking GC Explicit
08-05 19:28:44.580 24365 17236 I NetworkScheduler.Stats: Task com.google.android.gms/com.google.android.gms.icing.service.IcingGcmTaskService started execution. cause:4 exec_start_elapsed_seconds: 1802328 [CONTEXT service_id=218 ]
08-05 19:28:44.598 24365 12324 I NetworkScheduler.Stats: Task com.google.android.gms/com.google.android.gms.icing.service.IcingGcmTaskService finished executing. cause:4 result: 1 elapsed_millis: 52 uptime_millis: 52 exec_start_elapsed_seconds: 1802328 [CONTEXT service_id=218 ]
08-05 19:28:44.637  7325  8464 I art     : Explicit concurrent mark sweep GC freed 4006(205KB) AllocSpace objects, 0(0B) LOS objects, 31% free, 34MB/50MB, paused 2.081ms total 61.746ms
08-05 19:28:44.971  7325  7336 I art     : Starting a blocking GC Explicit
08-05 19:28:45.051  7325  7336 I art     : Explicit concurrent mark sweep GC freed 16904(942KB) AllocSpace objects, 1(20KB) LOS objects, 31% free, 34MB/50MB, paused 2.240ms total 79.036ms
08-05 19:28:45.077  7325  7336 I art     : Starting a blocking GC Explicit
08-05 19:28:45.150  7325  7336 I art     : Explicit concurrent mark sweep GC freed 8553(373KB) AllocSpace objects, 0(0B) LOS objects, 31% free, 34MB/50MB, paused 2.651ms total 73.147ms
08-05 19:28:45.176  7325  7336 I art     : Starting a blocking GC Explicit
08-05 19:28:45.246  7325  7336 I art     : Explicit concurrent mark sweep GC freed 4424(187KB) AllocSpace objects, 0(0B) LOS objects, 31% free, 34MB/50MB, paused 2.094ms total 64.711ms
08-05 19:28:45.270  7325  7336 I art     : Starting a blocking GC Explicit
08-05 19:28:45.337  7325  7336 I art     : Explicit concurrent mark sweep GC freed 4580(194KB) AllocSpace objects, 0(0B) LOS objects, 31% free, 34MB/50MB, paused 2.016ms total 66.951ms
08-05 19:28:45.361  7325  7336 I art     : Starting a blocking GC Explicit
08-05 19:28:45.433  7325  7336 I art     : Explicit concurrent mark sweep GC freed 4543(201KB) AllocSpace objects, 0(0B) LOS objects, 31% free, 34MB/50MB, paused 2.256ms total 71.515ms
08-05 19:28:45.755  7325  8633 D FeedSyncThread: The Joe Rogan Experience parsed
08-05 19:28:45.762  7325  8633 D FeedSyncThread: Deletion of file '/storage/emulated/0/Android/data/baseline.de.danoeh.antennapod.debug/files/cache/feed-The Joe Rogan Experience' successful
08-05 19:28:45.762  7325  8633 D DBReader: getFeedDownloadLog() called with: feed = [baseline.de.danoeh.antennapod.core.feed.Feed@0]
08-05 19:28:45.763  7325  8619 D FeedSyncThread: Bundling 1 feeds
08-05 19:28:45.765  7325  8696 D DBReader: Extracting Feedlist
08-05 19:28:45.767  7325  8696 D DBTasks : Found no existing Feed with title The Joe Rogan Experience. Adding as new one.
08-05 19:28:45.771  7325  8369 D PodDBAdapter: Setting feed with flattr status The Joe Rogan Experience: 0
08-05 19:28:45.771  7325  8369 D baseline.de.danoeh.antennapod.core.storage.PodDBAdapter@5e5c264: Inserting new Feed into db
08-05 19:28:45.777  7325  7434 I art     : Starting a blocking GC Explicit
08-05 19:28:45.814  7325  7325 D OnlineFeedViewActivity: onEventMainThread() called with: event = [DownloadEvent{update=DownloaderUpdate{downloaders=[], feedIds=[], mediaIds=[]}}]
08-05 19:28:45.827  8684  8684 D AndroidRuntime: >>>>>> START com.android.internal.os.RuntimeInit uid 2000 <<<<<<
08-05 19:28:45.833  8684  8684 D AndroidRuntime: CheckJNI is OFF
08-05 19:28:45.861  7325  7434 I art     : Explicit concurrent mark sweep GC freed 33733(1977KB) AllocSpace objects, 1(20KB) LOS objects, 31% free, 35MB/51MB, paused 2.280ms total 82.566ms
08-05 19:28:45.871   518   646 I ThermalEngine: ACTION: GPU - Setting GPU[0] to 450000000
08-05 19:28:45.884  8684  8684 D ICU     : No timezone override file found: /data/misc/zoneinfo/current/icu/icu_tzdata.dat
08-05 19:28:45.884  7325  7434 I art     : Starting a blocking GC Explicit
08-05 19:28:45.924  8684  8684 I Radio-JNI: register_android_hardware_Radio DONE
08-05 19:28:45.938  7325  7434 I art     : Explicit concurrent mark sweep GC freed 23703(1651KB) AllocSpace objects, 0(0B) LOS objects, 31% free, 34MB/50MB, paused 1.461ms total 53.938ms
08-05 19:28:45.952  8684  8684 D AndroidRuntime: Calling main entry com.android.commands.input.Input
08-05 19:28:45.953  8684  8684 I Input   : injectKeyEvent: KeyEvent { action=ACTION_DOWN, keyCode=KEYCODE_BACK, scanCode=0, metaState=0, flags=0x0, repeatCount=0, eventTime=818942366, downTime=818942366, deviceId=-1, source=0x101 }
08-05 19:28:45.954  7325  7434 I art     : Starting a blocking GC Explicit
08-05 19:28:45.959  8684  8684 I Input   : injectKeyEvent: KeyEvent { action=ACTION_UP, keyCode=KEYCODE_BACK, scanCode=0, metaState=0, flags=0x0, repeatCount=0, eventTime=818942366, downTime=818942366, deviceId=-1, source=0x101 }
08-05 19:28:45.965  8684  8684 D AndroidRuntime: Shutting down VM
08-05 19:28:45.975  7325  7325 V PlaybackController: initServiceNotRunning()
08-05 19:28:45.976  7325  7325 D ExternalPlayerFragment: Loading media info
08-05 19:28:45.980  7325  7325 D UserPreferences: Using default data folder
08-05 19:28:45.980  7325  7871 D DBReader: getNavDrawerData() called with: 
08-05 19:28:46.007  7325  7434 I art     : Explicit concurrent mark sweep GC freed 15326(1130KB) AllocSpace objects, 0(0B) LOS objects, 31% free, 34MB/50MB, paused 1.383ms total 52.834ms
08-05 19:28:46.010 13866 13866 I GoogleInputMethodServic: GoogleInputMethodService.onFinishInput():3138 
08-05 19:28:46.011 13866 13866 I GoogleInputMethodServic: GoogleInputMethodService.onStartInput():1808 
08-05 19:28:46.023  7325  7434 I art     : Starting a blocking GC Explicit
08-05 19:28:46.075  7325  7434 I art     : Explicit concurrent mark sweep GC freed 15405(1148KB) AllocSpace objects, 0(0B) LOS objects, 31% free, 34MB/50MB, paused 1.414ms total 52.050ms
08-05 19:28:46.091  7325  7434 I art     : Starting a blocking GC Explicit
08-05 19:28:46.147  7325  7434 I art     : Explicit concurrent mark sweep GC freed 16279(1216KB) AllocSpace objects, 0(0B) LOS objects, 31% free, 34MB/50MB, paused 1.281ms total 56.040ms
08-05 19:28:46.317   380   380 W SurfaceFlinger: couldn't log to binary event log: overflow.
08-05 19:28:46.380  7325  7325 D EventDistributor: Processing event queue. Number of events: 1
08-05 19:28:46.380  7325  7325 D EventDistributor: Notifying observers. Data: 1
08-05 19:28:46.380  7325  7325 D MainActivity: Received contentUpdate Intent.
08-05 19:28:46.381  7325  7325 D DownloadService: 0 downloads left
08-05 19:28:46.381  7325  7345 D DBReader: getNavDrawerData() called with: 
08-05 19:28:46.381  7325  7325 D DownloadService: Number of downloads is 0, attempting shutdown
08-05 19:28:46.382  7325  7325 D DownloadService: Service shutting down
08-05 19:28:46.382  7325  7325 D DownloadService: No report is created
08-05 19:28:46.383  7325  7325 D EventBus: No subscribers registered for event class baseline.de.danoeh.antennapod.core.event.DownloadEvent
08-05 19:28:46.383  7325  7325 D EventBus: No subscribers registered for event class org.greenrobot.eventbus.NoSubscriberEvent
08-05 19:28:46.384  7325  7325 D DownloadService: NotificationUpdater cancelled. Result: false
08-05 19:28:46.384  7325  8618 E downloadCompletionThd: DownloadCompletionThread was interrupted
08-05 19:28:46.385  7325  7325 D DBTasks : autodownloadUndownloadedItems
08-05 19:28:46.386  7325  8370 D NetworkUtils: Device is connected to Wi-Fi
08-05 19:28:46.386  7325  8370 D NetworkUtils: Auto-dl filter is disabled
08-05 19:28:46.401  7325  7871 D DBReader: getDownloadedItems() called
08-05 19:28:46.403  7325  7871 D DBReader: getFavoriteIDList() called
08-05 19:28:46.404  7325  7871 D DBReader: getQueueIDList() called
08-05 19:28:46.406  7325  7345 D DBReader: getDownloadedItems() called
08-05 19:28:46.407  7325  7871 D DBReader: Extracting Feedlist
08-05 19:28:46.408  7325  7345 D DBReader: getFavoriteIDList() called
08-05 19:28:46.410  7325  7325 D MainActivity: getLastNavFragment() -> AddFeedFragment
08-05 19:28:46.410  7325  7345 D DBReader: getQueueIDList() called
08-05 19:28:46.411  7325  7345 D DBReader: Extracting Feedlist
08-05 19:28:46.421  7325  8251 D ApOkHttpUrlLoader: buildLoadData() called with: model = [http://static.libsyn.com/p/assets/7/1/f/3/71f3014e14ef2722/JREiTunesImage2.jpg], width = [140], height = [140]
08-05 19:28:46.427  7325  7325 D MainActivity: getLastNavFragment() -> AddFeedFragment
08-05 19:28:46.454  7325  8464 I art     : Starting a blocking GC Explicit
08-05 19:28:46.463  7325  8251 D ApOkHttpUrlLoader: buildLoadData() called with: model = [http://static.libsyn.com/p/assets/7/1/f/3/71f3014e14ef2722/JREiTunesImage2.jpg], width = [140], height = [140]
08-05 19:28:46.511  7325  8464 I art     : Explicit concurrent mark sweep GC freed 72050(6MB) AllocSpace objects, 2(40KB) LOS objects, 33% free, 31MB/47MB, paused 1.485ms total 56.302ms
08-05 19:28:46.526  7325  8464 I art     : Starting a blocking GC Explicit
08-05 19:28:46.565  7325  8464 I art     : Explicit concurrent mark sweep GC freed 34326(3MB) AllocSpace objects, 2(248KB) LOS objects, 36% free, 28MB/44MB, paused 1.091ms total 38.880ms
08-05 19:28:46.577  7325  8464 I art     : Starting a blocking GC Explicit
08-05 19:28:46.611  7325  8464 I art     : Explicit concurrent mark sweep GC freed 21(1216B) AllocSpace objects, 0(0B) LOS objects, 36% free, 28MB/44MB, paused 1.241ms total 33.848ms
08-05 19:28:46.623  7325  8464 I art     : Starting a blocking GC Explicit
08-05 19:28:46.657  7325  8464 I art     : Explicit concurrent mark sweep GC freed 3(96B) AllocSpace objects, 0(0B) LOS objects, 36% free, 28MB/44MB, paused 1.110ms total 33.626ms
08-05 19:28:46.669  7325  8464 I art     : Starting a blocking GC Explicit
08-05 19:28:46.703  7325  8464 I art     : Explicit concurrent mark sweep GC freed 3(96B) AllocSpace objects, 0(0B) LOS objects, 36% free, 28MB/44MB, paused 1.124ms total 34.340ms
08-05 19:28:47.016  7325  7337 I art     : Starting a blocking GC Explicit
08-05 19:28:47.057  7325  7337 I art     : Explicit concurrent mark sweep GC freed 1440(83KB) AllocSpace objects, 1(20KB) LOS objects, 36% free, 28MB/44MB, paused 1.171ms total 40.741ms
08-05 19:28:47.071  7325  7337 I art     : Starting a blocking GC Explicit
08-05 19:28:47.107  7325  7337 I art     : Explicit concurrent mark sweep GC freed 23(752B) AllocSpace objects, 0(0B) LOS objects, 36% free, 28MB/44MB, paused 1.187ms total 35.656ms
08-05 19:28:47.119  7325  7337 I art     : Starting a blocking GC Explicit
08-05 19:28:47.154  7325  7337 I art     : Explicit concurrent mark sweep GC freed 3(96B) AllocSpace objects, 0(0B) LOS objects, 36% free, 28MB/44MB, paused 1.088ms total 34.256ms
08-05 19:28:47.166  7325  7337 I art     : Starting a blocking GC Explicit
08-05 19:28:47.201  7325  7337 I art     : Explicit concurrent mark sweep GC freed 3(96B) AllocSpace objects, 0(0B) LOS objects, 36% free, 28MB/44MB, paused 1.141ms total 34.602ms
08-05 19:28:47.213  7325  7337 I art     : Starting a blocking GC Explicit
08-05 19:28:47.246  7325  7337 I art     : Explicit concurrent mark sweep GC freed 3(96B) AllocSpace objects, 0(0B) LOS objects, 36% free, 28MB/44MB, paused 1.113ms total 32.591ms
08-05 19:28:47.545  7325  7434 I art     : Starting a blocking GC Explicit
08-05 19:28:47.583  7325  7434 I art     : Explicit concurrent mark sweep GC freed 1373(81KB) AllocSpace objects, 1(20KB) LOS objects, 36% free, 28MB/44MB, paused 1.170ms total 37.452ms
08-05 19:28:47.595  7325  7434 I art     : Starting a blocking GC Explicit
08-05 19:28:47.637  7325  7434 I art     : Explicit concurrent mark sweep GC freed 25(816B) AllocSpace objects, 0(0B) LOS objects, 36% free, 28MB/44MB, paused 1.064ms total 41.688ms
08-05 19:28:47.651  7325  7434 I art     : Starting a blocking GC Explicit
08-05 19:28:47.685  7325  7434 I art     : Explicit concurrent mark sweep GC freed 9(288B) AllocSpace objects, 0(0B) LOS objects, 36% free, 28MB/44MB, paused 1.140ms total 33.571ms
08-05 19:28:47.696  7325  7434 I art     : Starting a blocking GC Explicit
08-05 19:28:47.727  7325  7434 I art     : Explicit concurrent mark sweep GC freed 9(288B) AllocSpace objects, 0(0B) LOS objects, 36% free, 28MB/44MB, paused 1.083ms total 30.367ms
08-05 19:28:47.738  7325  7434 I art     : Starting a blocking GC Explicit
08-05 19:28:47.755  8728  8728 D AndroidRuntime: >>>>>> START com.android.internal.os.RuntimeInit uid 2000 <<<<<<
08-05 19:28:47.761  8728  8728 D AndroidRuntime: CheckJNI is OFF
08-05 19:28:47.770  7325  7434 I art     : Explicit concurrent mark sweep GC freed 7(224B) AllocSpace objects, 0(0B) LOS objects, 36% free, 28MB/44MB, paused 1.122ms total 31.983ms
08-05 19:28:47.804  8728  8728 D ICU     : No timezone override file found: /data/misc/zoneinfo/current/icu/icu_tzdata.dat
08-05 19:28:47.847  8728  8728 I Radio-JNI: register_android_hardware_Radio DONE
08-05 19:28:47.876  8728  8728 D AndroidRuntime: Calling main entry com.android.commands.input.Input
08-05 19:28:47.879  8728  8728 I Input   : injectMotionEvent: MotionEvent { action=ACTION_DOWN, actionButton=0, id[0]=0, x[0]=639.0, y[0]=762.0, toolType[0]=TOOL_TYPE_UNKNOWN, buttonState=0, metaState=0, flags=0x0, edgeFlags=0x0, pointerCount=1, historySize=0, eventTime=818944292, downTime=818944292, deviceId=0, source=0x1002 }
08-05 19:28:47.887  8728  8728 I Input   : injectMotionEvent: MotionEvent { action=ACTION_UP, actionButton=0, id[0]=0, x[0]=639.0, y[0]=762.0, toolType[0]=TOOL_TYPE_UNKNOWN, buttonState=0, metaState=0, flags=0x0, edgeFlags=0x0, pointerCount=1, historySize=0, eventTime=818944292, downTime=818944292, deviceId=0, source=0x1002 }
08-05 19:28:47.890  8728  8728 D AndroidRuntime: Shutting down VM
08-05 19:28:47.957   512  2967 D audio_hw_primary: out_set_parameters: enter: usecase(1: low-latency-playback) kvpairs: routing=2
08-05 19:28:47.971   512  2967 D audio_hw_primary: select_devices: out_snd_device(2: speaker) in_snd_device(0: none)
08-05 19:28:47.971   512  2967 D msm8974_platform: platform_send_audio_calibration: sending audio calibration for snd_device(2) acdb_id(15)
08-05 19:28:47.971   512  2967 I soundtrigger: audio_extn_sound_trigger_update_device_status: device 0x2 of type 0 for Event 1
08-05 19:28:47.975 13866 13866 I GoogleInputMethodServic: GoogleInputMethodService.onFinishInput():3138 
08-05 19:28:47.976 13866 13866 I GoogleInputMethodServic: GoogleInputMethodService.onStartInput():1808 
08-05 19:28:47.983   512  2967 D audio_hw_primary: enable_snd_device: snd_device(2: speaker)
08-05 19:28:47.986   512  2967 D audio_hw_primary: enable_audio_route: apply and update mixer path: low-latency-playback speaker
08-05 19:28:48.064  7325  8464 I art     : Starting a blocking GC Explicit
08-05 19:28:48.099  7325  8464 I art     : Explicit concurrent mark sweep GC freed 1952(110KB) AllocSpace objects, 1(20KB) LOS objects, 36% free, 28MB/44MB, paused 1.206ms total 34.638ms
08-05 19:28:48.111  7325  8464 I art     : Starting a blocking GC Explicit
08-05 19:28:48.144  7325  8464 I art     : Explicit concurrent mark sweep GC freed 64(2416B) AllocSpace objects, 0(0B) LOS objects, 36% free, 28MB/44MB, paused 1.160ms total 33.155ms
08-05 19:28:48.156  7325  8464 I art     : Starting a blocking GC Explicit
08-05 19:28:48.189  7325  8464 I art     : Explicit concurrent mark sweep GC freed 2784(118KB) AllocSpace objects, 0(0B) LOS objects, 36% free, 28MB/44MB, paused 1.346ms total 33.279ms
08-05 19:28:48.200  7325  8464 I art     : Starting a blocking GC Explicit
08-05 19:28:48.232  7325  8464 I art     : Explicit concurrent mark sweep GC freed 1382(72KB) AllocSpace objects, 0(0B) LOS objects, 36% free, 28MB/44MB, paused 1.202ms total 31.781ms
08-05 19:28:48.243  7325  8464 I art     : Starting a blocking GC Explicit
08-05 19:28:48.274  7325  8464 I art     : Explicit concurrent mark sweep GC freed 121(4KB) AllocSpace objects, 0(0B) LOS objects, 36% free, 28MB/44MB, paused 1.192ms total 30.792ms
08-05 19:28:48.362  7325  7872 I NAPPA_EXPERIMENTATION: MetricNetworkRequestExecutionTime: REQUEST_DURATION_SYSTEM='406',REQUEST_DURATION_OKHTTP='162',REQUEST_SYNCHRONOUS='TRUE',RESPONSE_CODE='200',RESPONSE_METHOD='GET',RESPONSE_LENGTH_OKHTTP='-1',RESPONSE_LENGTH_HEADER='622',REQUEST_PROTOCOL='h2',REQUEST_URL='https://itunes.apple.com/lookup?id=360084272',
08-05 19:28:48.405   918  3670 I ActivityManager: START u0 {cmp=baseline.de.danoeh.antennapod.debug/baseline.de.danoeh.antennapod.activity.OnlineFeedViewActivity (has extras)} from uid 10695 on display 0
08-05 19:28:48.434 13866 13866 I GoogleInputMethodServic: GoogleInputMethodService.onFinishInput():3138 
08-05 19:28:48.435 13866 13866 I GoogleInputMethodServic: GoogleInputMethodService.onStartInput():1808 
08-05 19:28:48.463  7325  7325 D UserPreferences: Using default data folder
08-05 19:28:48.465  7325  7325 D OnlineFeedViewActivity: Activity was started with url http://joeroganexp.joerogan.libsynpro.com/rss
08-05 19:28:48.468  7325  7325 D OnlineFeedViewActivity: Starting feed download
08-05 19:28:48.472  7325  7871 D DBReader: Extracting Feedlist
08-05 19:28:48.475   918  6112 D WifiService: acquireWifiLockLocked: WifiLock{Downloader type=1 binder=android.os.BinderProxy@75e688a}
08-05 19:28:48.475  7325  7871 D AntennapodHttpClient: Creating new instance of HTTP client
08-05 19:28:48.524  7325  7871 D MYTAG   : interceptor 3a http://joeroganexp.joerogan.libsynpro.com/rss
08-05 19:28:48.525  7325  7871 I NAPPA_EXPERIMENTATION: MetricNetworkRequestExecutionTime: REQUEST_DURATION_SYSTEM='47',REQUEST_DURATION_OKHTTP='43',REQUEST_SYNCHRONOUS='TRUE',RESPONSE_CODE='200',RESPONSE_METHOD='GET',RESPONSE_LENGTH_OKHTTP='-1',RESPONSE_LENGTH_HEADER='307892',REQUEST_PROTOCOL='http/1.1',REQUEST_URL='http://joeroganexp.joerogan.libsynpro.com/rss',
08-05 19:28:48.525  7325  7871 D HttpDownloader: Response code is 200
08-05 19:28:48.525  7325  7871 D UserPreferences: Using default data folder
08-05 19:28:48.528  7325  7871 D HttpDownloader: Getting size of download
08-05 19:28:48.528  7325  7871 D HttpDownloader: Size is -1
08-05 19:28:48.528  7325  7871 D UserPreferences: Using default data folder
08-05 19:28:48.529   512  2967 D audio_hw_primary: disable_audio_route: reset and update mixer path: low-latency-playback speaker
08-05 19:28:48.530   512  2967 D audio_hw_primary: disable_snd_device: snd_device(2: speaker)
08-05 19:28:48.530  7325  7871 D HttpDownloader: Free space is 20164550656
08-05 19:28:48.530  7325  7871 D HttpDownloader: Starting download
08-05 19:28:48.538   512  2967 I soundtrigger: audio_extn_sound_trigger_update_device_status: device 0x2 of type 0 for Event 0
08-05 19:28:48.552 13866 13866 I GoogleInputMethodServic: GoogleInputMethodService.onFinishInput():3138 
08-05 19:28:48.552 13866 13866 I GoogleInputMethodServic: GoogleInputMethodService.onStartInput():1808 
08-05 19:28:48.582   918   936 I ActivityManager: Displayed baseline.de.danoeh.antennapod.debug/baseline.de.danoeh.antennapod.activity.OnlineFeedViewActivity: +143ms
08-05 19:28:48.586  7325  7337 I art     : Starting a blocking GC Explicit
08-05 19:28:48.629  7325  7337 I art     : Explicit concurrent mark sweep GC freed 3561(234KB) AllocSpace objects, 1(20KB) LOS objects, 35% free, 28MB/44MB, paused 1.405ms total 42.610ms
08-05 19:28:48.634  7325  7346 D OpenGLRenderer: endAllStagingAnimators on 0x7f9107b400 (GridView) with handle 0x7f796a0400
08-05 19:28:48.643  7325  7337 I art     : Starting a blocking GC Explicit
08-05 19:28:48.675  7325  7337 I art     : Explicit concurrent mark sweep GC freed 390(17KB) AllocSpace objects, 0(0B) LOS objects, 35% free, 28MB/44MB, paused 1.118ms total 32.074ms
08-05 19:28:48.686  7325  7337 I art     : Starting a blocking GC Explicit
08-05 19:28:48.706  7325  7871 D HttpDownloader: Download was successful
08-05 19:28:48.707   918   928 D WifiService: releaseWifiLockLocked: WifiLock{Downloader type=1 binder=android.os.BinderProxy@75e688a}
08-05 19:28:48.707  7325  7325 D OnlineFeedViewActivity: Parsing feed
08-05 19:28:48.711  7325  8775 D TypeGetter: Recognized type RSS 2.0
08-05 19:28:48.713  7325  8775 D SyndHandler: Recognized Atom namespace
08-05 19:28:48.714  7325  8775 D SyndHandler: Recognized ITunes namespace
08-05 19:28:48.714  7325  8775 D SyndHandler: Recognized media namespace
08-05 19:28:48.714  7325  8775 D SyndHandler: Recognized Content namespace
08-05 19:28:48.717  7325  7337 I art     : Explicit concurrent mark sweep GC freed 169(121KB) AllocSpace objects, 3(60KB) LOS objects, 35% free, 28MB/44MB, paused 1.333ms total 31.085ms
08-05 19:28:48.729  7325  7337 I art     : Starting a blocking GC Explicit
08-05 19:28:48.764  7325  7337 I art     : Explicit concurrent mark sweep GC freed 1991(136KB) AllocSpace objects, 0(0B) LOS objects, 35% free, 28MB/44MB, paused 1.380ms total 35.204ms
08-05 19:28:48.776  7325  7337 I art     : Starting a blocking GC Explicit
08-05 19:28:48.816  7325  7337 I art     : Explicit concurrent mark sweep GC freed 2801(145KB) AllocSpace objects, 0(0B) LOS objects, 35% free, 28MB/44MB, paused 1.474ms total 38.906ms
08-05 19:28:48.838   380   380 W SurfaceFlinger: couldn't log to binary event log: overflow.
08-05 19:28:48.878   518   646 I ThermalEngine: ACTION: GPU - Setting GPU[0] to 390000000
08-05 19:28:48.978  7325  7325 D PlaybackController: Releasing PlaybackController
08-05 19:28:49.148  7325  7434 I art     : Starting a blocking GC Explicit
08-05 19:28:49.200  7325  7434 I art     : Explicit concurrent mark sweep GC freed 15571(839KB) AllocSpace objects, 1(20KB) LOS objects, 35% free, 29MB/45MB, paused 2.746ms total 52.225ms
08-05 19:28:49.218  7325  7434 I art     : Starting a blocking GC Explicit
08-05 19:28:49.262  7325  7434 I art     : Explicit concurrent mark sweep GC freed 5987(287KB) AllocSpace objects, 0(0B) LOS objects, 35% free, 28MB/44MB, paused 2.132ms total 43.196ms
08-05 19:28:49.278  7325  7434 I art     : Starting a blocking GC Explicit
08-05 19:28:49.322  7325  7434 I art     : Explicit concurrent mark sweep GC freed 2945(145KB) AllocSpace objects, 0(0B) LOS objects, 35% free, 29MB/45MB, paused 2.255ms total 43.484ms
08-05 19:28:49.338  7325  7434 I art     : Starting a blocking GC Explicit
08-05 19:28:49.382  7325  7434 I art     : Explicit concurrent mark sweep GC freed 2581(135KB) AllocSpace objects, 0(0B) LOS objects, 35% free, 29MB/45MB, paused 2.143ms total 43.265ms
08-05 19:28:49.398  7325  7434 I art     : Starting a blocking GC Explicit
08-05 19:28:49.443  7325  7434 I art     : Explicit concurrent mark sweep GC freed 2856(145KB) AllocSpace objects, 0(0B) LOS objects, 35% free, 29MB/45MB, paused 2.837ms total 44.239ms
08-05 19:28:49.771  7325  8464 I art     : Starting a blocking GC Explicit
08-05 19:28:49.821  7325  8464 I art     : Explicit concurrent mark sweep GC freed 15859(847KB) AllocSpace objects, 1(20KB) LOS objects, 35% free, 29MB/45MB, paused 2.271ms total 50.439ms
08-05 19:28:49.841  7325  8464 I art     : Starting a blocking GC Explicit
08-05 19:28:49.885  7325  8464 I art     : Explicit concurrent mark sweep GC freed 6648(312KB) AllocSpace objects, 0(0B) LOS objects, 35% free, 29MB/45MB, paused 2.130ms total 44.264ms
08-05 19:28:49.902  7325  8464 I art     : Starting a blocking GC Explicit
08-05 19:28:49.947  7325  8464 I art     : Explicit concurrent mark sweep GC freed 2740(139KB) AllocSpace objects, 0(0B) LOS objects, 35% free, 29MB/45MB, paused 2.066ms total 44.117ms
08-05 19:28:49.964  7325  8464 I art     : Starting a blocking GC Explicit
08-05 19:28:50.008  7325  8464 I art     : Explicit concurrent mark sweep GC freed 2870(148KB) AllocSpace objects, 0(0B) LOS objects, 35% free, 29MB/45MB, paused 2.121ms total 44.354ms
08-05 19:28:50.025  7325  8464 I art     : Starting a blocking GC Explicit
08-05 19:28:50.074  7325  8464 I art     : Explicit concurrent mark sweep GC freed 2895(143KB) AllocSpace objects, 0(0B) LOS objects, 35% free, 29MB/45MB, paused 2.114ms total 48.174ms
08-05 19:28:50.399  7325  8464 I art     : Starting a blocking GC Explicit
08-05 19:28:50.453  7325  8464 I art     : Explicit concurrent mark sweep GC freed 15775(850KB) AllocSpace objects, 1(20KB) LOS objects, 34% free, 30MB/46MB, paused 2.376ms total 53.654ms
08-05 19:28:50.472  7325  8464 I art     : Starting a blocking GC Explicit
08-05 19:28:50.518  7325  8464 I art     : Explicit concurrent mark sweep GC freed 6794(325KB) AllocSpace objects, 0(0B) LOS objects, 34% free, 29MB/45MB, paused 2.048ms total 45.522ms
08-05 19:28:50.535  7325  8464 I art     : Starting a blocking GC Explicit
08-05 19:28:50.582  7325  8464 I art     : Explicit concurrent mark sweep GC freed 2926(156KB) AllocSpace objects, 0(0B) LOS objects, 34% free, 29MB/45MB, paused 2.108ms total 46.477ms
08-05 19:28:50.599  7325  8464 I art     : Starting a blocking GC Explicit
08-05 19:28:50.646  7325  8464 I art     : Explicit concurrent mark sweep GC freed 2840(158KB) AllocSpace objects, 0(0B) LOS objects, 34% free, 29MB/45MB, paused 2.206ms total 46.315ms
08-05 19:28:50.663  7325  8464 I art     : Starting a blocking GC Explicit
08-05 19:28:50.710  7325  8464 I art     : Explicit concurrent mark sweep GC freed 3023(152KB) AllocSpace objects, 0(0B) LOS objects, 34% free, 30MB/46MB, paused 2.515ms total 46.433ms
08-05 19:28:51.011 13866 13882 I PeriodicStatsRunner: PeriodicStatsRunner.call():175 call()
08-05 19:28:51.011 13866 13882 I PeriodicStatsRunner: PeriodicStatsRunner.call():179 No submit PeriodicStats since input started.
08-05 19:28:51.039  7325  8464 I art     : Starting a blocking GC Explicit
08-05 19:28:51.096  7325  8464 I art     : Explicit concurrent mark sweep GC freed 15687(840KB) AllocSpace objects, 1(20KB) LOS objects, 34% free, 30MB/46MB, paused 2.304ms total 56.377ms
08-05 19:28:51.114  7325  8464 I art     : Starting a blocking GC Explicit
08-05 19:28:51.163  7325  8464 I art     : Explicit concurrent mark sweep GC freed 6957(336KB) AllocSpace objects, 0(0B) LOS objects, 34% free, 30MB/46MB, paused 2.192ms total 48.640ms
08-05 19:28:51.181  7325  8464 I art     : Starting a blocking GC Explicit
08-05 19:28:51.230  7325  8464 I art     : Explicit concurrent mark sweep GC freed 2994(164KB) AllocSpace objects, 0(0B) LOS objects, 34% free, 30MB/46MB, paused 2.145ms total 48.658ms
08-05 19:28:51.248  7325  8464 I art     : Starting a blocking GC Explicit
08-05 19:28:51.296  7325  8464 I art     : Explicit concurrent mark sweep GC freed 3255(173KB) AllocSpace objects, 0(0B) LOS objects, 34% free, 30MB/46MB, paused 2.130ms total 47.961ms
08-05 19:28:51.314  7325  8464 I art     : Starting a blocking GC Explicit
08-05 19:28:51.363  7325  8464 I art     : Explicit concurrent mark sweep GC freed 3181(169KB) AllocSpace objects, 0(0B) LOS objects, 34% free, 30MB/46MB, paused 2.053ms total 48.561ms
08-05 19:28:51.696  7325  7337 I art     : Starting a blocking GC Explicit
08-05 19:28:51.754  7325  7337 I art     : Explicit concurrent mark sweep GC freed 16125(900KB) AllocSpace objects, 1(20KB) LOS objects, 34% free, 30MB/46MB, paused 2.280ms total 58.262ms
08-05 19:28:51.775  7325  7337 I art     : Starting a blocking GC Explicit
08-05 19:28:51.839  7325  7337 I art     : Explicit concurrent mark sweep GC freed 7417(346KB) AllocSpace objects, 0(0B) LOS objects, 34% free, 30MB/46MB, paused 2.204ms total 64.393ms
08-05 19:28:51.859  7325  7337 I art     : Starting a blocking GC Explicit
08-05 19:28:51.910  7325  7337 I art     : Explicit concurrent mark sweep GC freed 3164(164KB) AllocSpace objects, 0(0B) LOS objects, 34% free, 30MB/46MB, paused 2.061ms total 50.760ms
08-05 19:28:51.928  7325  7337 I art     : Starting a blocking GC Explicit
08-05 19:28:51.979  7325  7337 I art     : Explicit concurrent mark sweep GC freed 3113(162KB) AllocSpace objects, 0(0B) LOS objects, 34% free, 30MB/46MB, paused 2.516ms total 50.320ms
08-05 19:28:51.997  7325  7337 I art     : Starting a blocking GC Explicit
08-05 19:28:52.050  7325  7337 I art     : Explicit concurrent mark sweep GC freed 3063(156KB) AllocSpace objects, 0(0B) LOS objects, 34% free, 30MB/46MB, paused 2.272ms total 52.262ms
08-05 19:28:52.382  7325  7337 I art     : Starting a blocking GC Explicit
08-05 19:28:52.445  7325  7337 I art     : Explicit concurrent mark sweep GC freed 16375(925KB) AllocSpace objects, 1(20KB) LOS objects, 33% free, 31MB/47MB, paused 2.134ms total 62.854ms
08-05 19:28:52.465  7325  7337 I art     : Starting a blocking GC Explicit
08-05 19:28:52.515  7325  7337 I art     : Explicit concurrent mark sweep GC freed 7041(310KB) AllocSpace objects, 0(0B) LOS objects, 33% free, 31MB/47MB, paused 2.091ms total 50.279ms
08-05 19:28:52.534  7325  7337 I art     : Starting a blocking GC Explicit
08-05 19:28:52.589  7325  7337 I art     : Explicit concurrent mark sweep GC freed 3203(135KB) AllocSpace objects, 0(0B) LOS objects, 33% free, 31MB/47MB, paused 2.095ms total 55.013ms
08-05 19:28:52.608  7325  7337 I art     : Starting a blocking GC Explicit
08-05 19:28:52.663  7325  7337 I art     : Explicit concurrent mark sweep GC freed 3347(141KB) AllocSpace objects, 0(0B) LOS objects, 33% free, 31MB/47MB, paused 2.092ms total 54.345ms
08-05 19:28:52.682  7325  7337 I art     : Starting a blocking GC Explicit
08-05 19:28:52.734  7325  7337 I art     : Explicit concurrent mark sweep GC freed 3375(142KB) AllocSpace objects, 0(0B) LOS objects, 33% free, 31MB/47MB, paused 2.084ms total 51.844ms
08-05 19:28:52.819  8827  8827 D AndroidRuntime: >>>>>> START com.android.internal.os.RuntimeInit uid 2000 <<<<<<
08-05 19:28:52.826  8827  8827 D AndroidRuntime: CheckJNI is OFF
08-05 19:28:52.885  8827  8827 D ICU     : No timezone override file found: /data/misc/zoneinfo/current/icu/icu_tzdata.dat
08-05 19:28:52.933  8827  8827 I Radio-JNI: register_android_hardware_Radio DONE
08-05 19:28:52.966  8827  8827 D AndroidRuntime: Calling main entry com.android.commands.input.Input
08-05 19:28:52.968  8827  8827 I Input   : injectKeyEvent: KeyEvent { action=ACTION_DOWN, keyCode=KEYCODE_BACK, scanCode=0, metaState=0, flags=0x0, repeatCount=0, eventTime=818949380, downTime=818949380, deviceId=-1, source=0x101 }
08-05 19:28:52.973  8827  8827 I Input   : injectKeyEvent: KeyEvent { action=ACTION_UP, keyCode=KEYCODE_BACK, scanCode=0, metaState=0, flags=0x0, repeatCount=0, eventTime=818949380, downTime=818949380, deviceId=-1, source=0x101 }
08-05 19:28:52.977 13866 13882 I PeriodicStatsRunner: PeriodicStatsRunner.call():175 call()
08-05 19:28:52.977 13866 13882 I PeriodicStatsRunner: PeriodicStatsRunner.call():179 No submit PeriodicStats since input started.
08-05 19:28:52.981  8827  8827 D AndroidRuntime: Shutting down VM
08-05 19:28:53.011  7325  7325 V PlaybackController: initServiceNotRunning()
08-05 19:28:53.011  7325  7325 D ExternalPlayerFragment: Loading media info
08-05 19:28:53.016  7325  7325 D UserPreferences: Using default data folder
08-05 19:28:53.017  7325  7871 D DBReader: getNavDrawerData() called with: 
08-05 19:28:53.038  7325  7871 D DBReader: getDownloadedItems() called
08-05 19:28:53.040  7325  7871 D DBReader: getFavoriteIDList() called
08-05 19:28:53.049  7325  7871 D DBReader: getQueueIDList() called
08-05 19:28:53.050  7325  7871 D DBReader: Extracting Feedlist
08-05 19:28:53.085 13866 13866 I GoogleInputMethodServic: GoogleInputMethodService.onFinishInput():3138 
08-05 19:28:53.086  7325  7325 D MainActivity: getLastNavFragment() -> AddFeedFragment
08-05 19:28:53.093 13866 13866 I GoogleInputMethodServic: GoogleInputMethodService.onStartInput():1808 
08-05 19:28:53.095  7325  7336 I art     : Starting a blocking GC Explicit
08-05 19:28:53.156  7325  7336 I art     : Explicit concurrent mark sweep GC freed 17676(839KB) AllocSpace objects, 1(20KB) LOS objects, 33% free, 31MB/47MB, paused 1.984ms total 60.843ms
08-05 19:28:53.176  7325  7336 I art     : Starting a blocking GC Explicit
08-05 19:28:53.214  7325  8775 D OnlineFeedViewActivity: Deleted feed source file. Result: true
08-05 19:28:53.215  7325  7325 D OnlineFeedViewActivity: Removing HTML from shownotes
08-05 19:28:53.236  7325  7336 I art     : Explicit concurrent mark sweep GC freed 12276(702KB) AllocSpace objects, 18(1224KB) LOS objects, 33% free, 32MB/48MB, paused 2.200ms total 55.872ms
08-05 19:28:53.260  7325  7336 I art     : Starting a blocking GC Explicit
08-05 19:28:53.344  7325  7336 I art     : Explicit concurrent mark sweep GC freed 52073(4MB) AllocSpace objects, 228(15MB) LOS objects, 32% free, 32MB/48MB, paused 3.992ms total 83.526ms
08-05 19:28:53.369  7325  7336 I art     : Starting a blocking GC Explicit
08-05 19:28:53.375   380   380 W SurfaceFlinger: couldn't log to binary event log: overflow.
08-05 19:28:53.429  7325  7336 I art     : Explicit concurrent mark sweep GC freed 43625(3MB) AllocSpace objects, 193(12MB) LOS objects, 32% free, 33MB/49MB, paused 2.062ms total 59.094ms
08-05 19:28:53.435 13866 13882 I PeriodicStatsRunner: PeriodicStatsRunner.call():175 call()
08-05 19:28:53.435 13866 13882 I PeriodicStatsRunner: PeriodicStatsRunner.call():179 No submit PeriodicStats since input started.
08-05 19:28:53.449  7325  7336 I art     : Starting a blocking GC Explicit
08-05 19:28:53.517  7325  7336 I art     : Explicit concurrent mark sweep GC freed 52269(4MB) AllocSpace objects, 233(15MB) LOS objects, 32% free, 33MB/49MB, paused 2.223ms total 67.155ms
08-05 19:28:53.556 13866 13882 I PeriodicStatsRunner: PeriodicStatsRunner.call():175 call()
08-05 19:28:53.557 13866 13882 I PeriodicStatsRunner: PeriodicStatsRunner.call():179 No submit PeriodicStats since input started.
08-05 19:28:53.871  7325  7434 I art     : Starting a blocking GC Explicit
08-05 19:28:53.880  7325  7325 I Choreographer: Skipped 39 frames!  The application may be doing too much work on its main thread.
08-05 19:28:53.934  7325  7434 I art     : Explicit concurrent mark sweep GC freed 12783(1493KB) AllocSpace objects, 63(4MB) LOS objects, 33% free, 31MB/47MB, paused 2.158ms total 62.133ms
08-05 19:28:53.957  7325  7434 I art     : Starting a blocking GC Explicit
08-05 19:28:54.017  7325  7434 I art     : Explicit concurrent mark sweep GC freed 701(33KB) AllocSpace objects, 1(112KB) LOS objects, 33% free, 31MB/47MB, paused 1.692ms total 60.254ms
08-05 19:28:54.040  7325  7434 I art     : Starting a blocking GC Explicit
08-05 19:28:54.102  7325  7434 I art     : Explicit concurrent mark sweep GC freed 57(2080B) AllocSpace objects, 0(0B) LOS objects, 33% free, 31MB/47MB, paused 1.803ms total 61.274ms
08-05 19:28:54.125  7325  7434 I art     : Starting a blocking GC Explicit
08-05 19:28:54.187  7325  7434 I art     : Explicit concurrent mark sweep GC freed 3(96B) AllocSpace objects, 0(0B) LOS objects, 33% free, 31MB/47MB, paused 1.723ms total 62.012ms
08-05 19:28:54.211  7325  7434 I art     : Starting a blocking GC Explicit
08-05 19:28:54.270  7325  7434 I art     : Explicit concurrent mark sweep GC freed 3(96B) AllocSpace objects, 0(0B) LOS objects, 33% free, 31MB/47MB, paused 1.924ms total 59.468ms
08-05 19:28:54.607  7325  7337 I art     : Starting a blocking GC Explicit
08-05 19:28:54.673  7325  7337 I art     : Explicit concurrent mark sweep GC freed 1376(82KB) AllocSpace objects, 1(20KB) LOS objects, 33% free, 31MB/47MB, paused 2.387ms total 65.001ms
08-05 19:28:54.699  7325  7337 I art     : Starting a blocking GC Explicit
08-05 19:28:54.762  7325  7337 I art     : Explicit concurrent mark sweep GC freed 33(1072B) AllocSpace objects, 0(0B) LOS objects, 33% free, 31MB/47MB, paused 2.062ms total 61.823ms
08-05 19:28:54.786  7325  7337 I art     : Starting a blocking GC Explicit
08-05 19:28:54.799  7260  7260 I ServiceManager: Waiting for service AtCmdFwd...
08-05 19:28:54.847  7325  7337 I art     : Explicit concurrent mark sweep GC freed 13(416B) AllocSpace objects, 0(0B) LOS objects, 33% free, 31MB/47MB, paused 2.204ms total 61.090ms
08-05 19:28:54.872  7325  7337 I art     : Starting a blocking GC Explicit
08-05 19:28:54.896  8871  8871 D AndroidRuntime: >>>>>> START com.android.internal.os.RuntimeInit uid 2000 <<<<<<
08-05 19:28:54.903  8871  8871 D AndroidRuntime: CheckJNI is OFF
08-05 19:28:54.933  7325  7337 I art     : Explicit concurrent mark sweep GC freed 10(320B) AllocSpace objects, 0(0B) LOS objects, 33% free, 31MB/47MB, paused 1.911ms total 60.988ms
08-05 19:28:54.955  7325  7337 I art     : Starting a blocking GC Explicit
08-05 19:28:54.958  8871  8871 D ICU     : No timezone override file found: /data/misc/zoneinfo/current/icu/icu_tzdata.dat
08-05 19:28:55.005  8871  8871 I Radio-JNI: register_android_hardware_Radio DONE
08-05 19:28:55.012  7325  7337 I art     : Explicit concurrent mark sweep GC freed 3(96B) AllocSpace objects, 0(0B) LOS objects, 33% free, 31MB/47MB, paused 1.906ms total 56.563ms
08-05 19:28:55.037  8871  8871 D AndroidRuntime: Calling main entry com.android.commands.input.Input
08-05 19:28:55.039  8871  8871 I Input   : injectMotionEvent: MotionEvent { action=ACTION_DOWN, actionButton=0, id[0]=0, x[0]=616.0, y[0]=469.0, toolType[0]=TOOL_TYPE_UNKNOWN, buttonState=0, metaState=0, flags=0x0, edgeFlags=0x0, pointerCount=1, historySize=0, eventTime=818951452, downTime=818951452, deviceId=0, source=0x1002 }
08-05 19:28:55.046  8871  8871 I Input   : injectMotionEvent: MotionEvent { action=ACTION_UP, actionButton=0, id[0]=0, x[0]=616.0, y[0]=469.0, toolType[0]=TOOL_TYPE_UNKNOWN, buttonState=0, metaState=0, flags=0x0, edgeFlags=0x0, pointerCount=1, historySize=0, eventTime=818951452, downTime=818951452, deviceId=0, source=0x1002 }
08-05 19:28:55.049  8871  8871 D AndroidRuntime: Shutting down VM
08-05 19:28:55.116   512  2967 D audio_hw_primary: out_set_parameters: enter: usecase(1: low-latency-playback) kvpairs: routing=2
08-05 19:28:55.130   512  2967 D audio_hw_primary: select_devices: out_snd_device(2: speaker) in_snd_device(0: none)
08-05 19:28:55.130   512  2967 D msm8974_platform: platform_send_audio_calibration: sending audio calibration for snd_device(2) acdb_id(15)
08-05 19:28:55.130   512  2967 I soundtrigger: audio_extn_sound_trigger_update_device_status: device 0x2 of type 0 for Event 1
08-05 19:28:55.136 13866 13866 I GoogleInputMethodServic: GoogleInputMethodService.onFinishInput():3138 
08-05 19:28:55.137 13866 13866 I GoogleInputMethodServic: GoogleInputMethodService.onStartInput():1808 
08-05 19:28:55.141   512  2967 D audio_hw_primary: enable_snd_device: snd_device(2: speaker)
08-05 19:28:55.144   512  2967 D audio_hw_primary: enable_audio_route: apply and update mixer path: low-latency-playback speaker
08-05 19:28:55.357  7325  8464 I art     : Starting a blocking GC Explicit
08-05 19:28:55.374  7325  7345 I NAPPA_EXPERIMENTATION: MetricNetworkRequestExecutionTime: REQUEST_DURATION_SYSTEM='258',REQUEST_DURATION_OKHTTP='255',REQUEST_SYNCHRONOUS='TRUE',RESPONSE_CODE='200',RESPONSE_METHOD='GET',RESPONSE_LENGTH_OKHTTP='-1',RESPONSE_LENGTH_HEADER='628',REQUEST_PROTOCOL='h2',REQUEST_URL='https://itunes.apple.com/lookup?id=1524080195',
08-05 19:28:55.399   918  3696 I ActivityManager: START u0 {cmp=baseline.de.danoeh.antennapod.debug/baseline.de.danoeh.antennapod.activity.OnlineFeedViewActivity (has extras)} from uid 10695 on display 0
08-05 19:28:55.423  7325  8464 I art     : Explicit concurrent mark sweep GC freed 2318(141KB) AllocSpace objects, 1(20KB) LOS objects, 33% free, 31MB/47MB, paused 2.537ms total 65.384ms
08-05 19:28:55.430 13866 13866 I GoogleInputMethodServic: GoogleInputMethodService.onFinishInput():3138 
08-05 19:28:55.431 13866 13866 I GoogleInputMethodServic: GoogleInputMethodService.onStartInput():1808 
08-05 19:28:55.449  7325  8464 I art     : Starting a blocking GC Explicit
08-05 19:28:55.465  7325  7325 D UserPreferences: Using default data folder
08-05 19:28:55.466  7325  7325 D OnlineFeedViewActivity: Activity was started with url https://rss.art19.com/nice-white-parents
08-05 19:28:55.469  7325  7325 D OnlineFeedViewActivity: Starting feed download
08-05 19:28:55.472  7325  7872 D DBReader: Extracting Feedlist
08-05 19:28:55.475   918  6110 D WifiService: acquireWifiLockLocked: WifiLock{Downloader type=1 binder=android.os.BinderProxy@124d2f4}
08-05 19:28:55.475  7325  7872 D AntennapodHttpClient: Creating new instance of HTTP client
08-05 19:28:55.504  7325  8464 I art     : Explicit concurrent mark sweep GC freed 1173(80KB) AllocSpace objects, 0(0B) LOS objects, 33% free, 31MB/47MB, paused 2.081ms total 54.748ms
08-05 19:28:55.522 13866 13866 I GoogleInputMethodServic: GoogleInputMethodService.onFinishInput():3138 
08-05 19:28:55.523 13866 13866 I GoogleInputMethodServic: GoogleInputMethodService.onStartInput():1808 
08-05 19:28:55.524  7325  8464 I art     : Starting a blocking GC Explicit
08-05 19:28:55.556   918   936 I ActivityManager: Displayed baseline.de.danoeh.antennapod.debug/baseline.de.danoeh.antennapod.activity.OnlineFeedViewActivity: +121ms
08-05 19:28:55.574  7325  8464 I art     : Explicit concurrent mark sweep GC freed 33597(3MB) AllocSpace objects, 1(28KB) LOS objects, 35% free, 28MB/44MB, paused 2.075ms total 50.322ms
08-05 19:28:55.592  7325  8464 I art     : Starting a blocking GC Explicit
08-05 19:28:55.636  7325  8464 I art     : Explicit concurrent mark sweep GC freed 3844(190KB) AllocSpace objects, 3(200KB) LOS objects, 35% free, 28MB/44MB, paused 2.717ms total 43.686ms
08-05 19:28:55.652  7325  8464 I art     : Starting a blocking GC Explicit
08-05 19:28:55.679   512  2967 D audio_hw_primary: disable_audio_route: reset and update mixer path: low-latency-playback speaker
08-05 19:28:55.680   512  2967 D audio_hw_primary: disable_snd_device: snd_device(2: speaker)
08-05 19:28:55.688   512  2967 I soundtrigger: audio_extn_sound_trigger_update_device_status: device 0x2 of type 0 for Event 0
08-05 19:28:55.696  7325  8464 I art     : Explicit concurrent mark sweep GC freed 1671(142KB) AllocSpace objects, 0(0B) LOS objects, 35% free, 28MB/44MB, paused 2.240ms total 43.321ms
08-05 19:28:55.792  7325  7872 D MYTAG   : interceptor 3a https://rss.art19.com/nice-white-parents
08-05 19:28:55.793  7325  7872 I NAPPA_EXPERIMENTATION: MetricNetworkRequestExecutionTime: REQUEST_DURATION_SYSTEM='316',REQUEST_DURATION_OKHTTP='147',REQUEST_SYNCHRONOUS='TRUE',RESPONSE_CODE='200',RESPONSE_METHOD='GET',RESPONSE_LENGTH_OKHTTP='-1',RESPONSE_LENGTH_HEADER='1803',REQUEST_PROTOCOL='h2',REQUEST_URL='https://rss.art19.com/nice-white-parents',
08-05 19:28:55.793  7325  7872 D HttpDownloader: Response code is 200
08-05 19:28:55.793  7325  7872 D UserPreferences: Using default data folder
08-05 19:28:55.796  7325  7872 D HttpDownloader: Getting size of download
08-05 19:28:55.797  7325  7872 D HttpDownloader: Size is -1
08-05 19:28:55.797  7325  7872 D UserPreferences: Using default data folder
08-05 19:28:55.798  7325  7872 D HttpDownloader: Free space is 20164550656
08-05 19:28:55.798  7325  7872 D HttpDownloader: Starting download
08-05 19:28:55.800  7260  7260 I ServiceManager: Waiting for service AtCmdFwd...
08-05 19:28:55.804  7325  7872 D HttpDownloader: Download was successful
08-05 19:28:55.806   918  6110 D WifiService: releaseWifiLockLocked: WifiLock{Downloader type=1 binder=android.os.BinderProxy@124d2f4}
08-05 19:28:55.807  7325  7325 D OnlineFeedViewActivity: Parsing feed
08-05 19:28:55.812   380   380 W SurfaceFlinger: couldn't log to binary event log: overflow.
08-05 19:28:55.813  7325  8908 D TypeGetter: Recognized type RSS 2.0
08-05 19:28:55.817  7325  8908 D SyndHandler: Recognized ITunes namespace
08-05 19:28:55.818  7325  8908 D SyndHandler: Recognized Atom namespace
08-05 19:28:55.818  7325  8908 D SyndHandler: Recognized Content namespace
08-05 19:28:55.830  7325  8908 D OnlineFeedViewActivity: Deleted feed source file. Result: true
08-05 19:28:55.831  7325  7325 D OnlineFeedViewActivity: Removing HTML from shownotes
08-05 19:28:55.934  7325  7325 D PlaybackController: Releasing PlaybackController
08-05 19:28:56.019  7325  8464 I art     : Starting a blocking GC Explicit
08-05 19:28:56.068  7325  8464 I art     : Explicit concurrent mark sweep GC freed 3775(381KB) AllocSpace objects, 5(148KB) LOS objects, 35% free, 28MB/44MB, paused 2.160ms total 48.973ms
08-05 19:28:56.087  7325  8464 I art     : Starting a blocking GC Explicit
08-05 19:28:56.133  7325  8464 I art     : Explicit concurrent mark sweep GC freed 657(31KB) AllocSpace objects, 1(112KB) LOS objects, 35% free, 28MB/44MB, paused 1.779ms total 45.499ms
08-05 19:28:56.151  7325  8464 I art     : Starting a blocking GC Explicit
08-05 19:28:56.198  7325  8464 I art     : Explicit concurrent mark sweep GC freed 3(96B) AllocSpace objects, 0(0B) LOS objects, 35% free, 28MB/44MB, paused 1.976ms total 46.537ms
08-05 19:28:56.216  7325  8464 I art     : Starting a blocking GC Explicit
08-05 19:28:56.263  7325  8464 I art     : Explicit concurrent mark sweep GC freed 3(96B) AllocSpace objects, 0(0B) LOS objects, 35% free, 28MB/44MB, paused 1.843ms total 46.366ms
08-05 19:28:56.281  7325  8464 I art     : Starting a blocking GC Explicit
08-05 19:28:56.329  7325  8464 I art     : Explicit concurrent mark sweep GC freed 3(96B) AllocSpace objects, 0(0B) LOS objects, 35% free, 28MB/44MB, paused 2.132ms total 47.013ms
08-05 19:28:56.677  7325  7434 I art     : Starting a blocking GC Explicit
08-05 19:28:56.707   918  1210 D NetlinkSocketObserver: NeighborEvent{elapsedMs=1802340582, 192.168.2.254, [7C3953A63323], RTM_NEWNEIGH, NUD_STALE}
08-05 19:28:56.732  7325  7434 I art     : Explicit concurrent mark sweep GC freed 1374(81KB) AllocSpace objects, 1(20KB) LOS objects, 35% free, 28MB/44MB, paused 2.209ms total 55.244ms
08-05 19:28:56.753  7325  7434 I art     : Starting a blocking GC Explicit
08-05 19:28:56.800  7325  7434 I art     : Explicit concurrent mark sweep GC freed 23(752B) AllocSpace objects, 0(0B) LOS objects, 35% free, 28MB/44MB, paused 1.899ms total 46.223ms
08-05 19:28:56.801  7260  7260 I ServiceManager: Waiting for service AtCmdFwd...
08-05 19:28:56.818  7325  7434 I art     : Starting a blocking GC Explicit
08-05 19:28:56.864  7325  7434 I art     : Explicit concurrent mark sweep GC freed 3(96B) AllocSpace objects, 0(0B) LOS objects, 35% free, 28MB/44MB, paused 1.972ms total 45.716ms
08-05 19:28:56.882  7325  7434 I art     : Starting a blocking GC Explicit
08-05 19:28:56.930  7325  7434 I art     : Explicit concurrent mark sweep GC freed 3(96B) AllocSpace objects, 0(0B) LOS objects, 35% free, 28MB/44MB, paused 2.422ms total 47.178ms
08-05 19:28:56.952  7325  7434 I art     : Starting a blocking GC Explicit
08-05 19:28:57.000  7325  7434 I art     : Explicit concurrent mark sweep GC freed 3(96B) AllocSpace objects, 0(0B) LOS objects, 35% free, 28MB/44MB, paused 1.906ms total 47.630ms
08-05 19:28:57.377  7325  7336 I art     : Starting a blocking GC Explicit
08-05 19:28:57.434  7325  7336 I art     : Explicit concurrent mark sweep GC freed 1403(83KB) AllocSpace objects, 1(20KB) LOS objects, 35% free, 28MB/44MB, paused 2.633ms total 56.035ms
08-05 19:28:57.457  7325  7336 I art     : Starting a blocking GC Explicit
08-05 19:28:57.505  7325  7336 I art     : Explicit concurrent mark sweep GC freed 30(976B) AllocSpace objects, 0(0B) LOS objects, 35% free, 28MB/44MB, paused 2.370ms total 47.810ms
08-05 19:28:57.506  7325  7335 I art     : WaitForGcToComplete blocked for 48.166ms for cause HeapTrim
08-05 19:28:57.523  7325  7336 I art     : Starting a blocking GC Explicit
08-05 19:28:57.569  7325  7336 I art     : Explicit concurrent mark sweep GC freed 11(352B) AllocSpace objects, 0(0B) LOS objects, 35% free, 28MB/44MB, paused 2.115ms total 45.184ms
08-05 19:28:57.587  7325  7336 I art     : Starting a blocking GC Explicit
08-05 19:28:57.636  7325  7336 I art     : Explicit concurrent mark sweep GC freed 11(352B) AllocSpace objects, 0(0B) LOS objects, 35% free, 28MB/44MB, paused 2.150ms total 47.992ms
08-05 19:28:57.655  7325  7336 I art     : Starting a blocking GC Explicit
08-05 19:28:57.705  7325  7336 I art     : Explicit concurrent mark sweep GC freed 9(288B) AllocSpace objects, 0(0B) LOS objects, 35% free, 28MB/44MB, paused 2.495ms total 48.651ms
08-05 19:28:57.801  7260  7260 I ServiceManager: Waiting for service AtCmdFwd...
08-05 19:28:58.045  7325  7434 I art     : Starting a blocking GC Explicit
08-05 19:28:58.093 13866 13882 I PeriodicStatsRunner: PeriodicStatsRunner.call():175 call()
08-05 19:28:58.093 13866 13882 I PeriodicStatsRunner: PeriodicStatsRunner.call():179 No submit PeriodicStats since input started.
08-05 19:28:58.110  7325  7434 I art     : Explicit concurrent mark sweep GC freed 1402(81KB) AllocSpace objects, 1(20KB) LOS objects, 35% free, 28MB/44MB, paused 2.277ms total 63.947ms
08-05 19:28:58.131  7325  7434 I art     : Starting a blocking GC Explicit
08-05 19:28:58.180  7325  7434 I art     : Explicit concurrent mark sweep GC freed 23(752B) AllocSpace objects, 0(0B) LOS objects, 35% free, 28MB/44MB, paused 2.599ms total 48.942ms
08-05 19:28:58.203  7325  7434 I art     : Starting a blocking GC Explicit
08-05 19:28:58.251  7325  7434 I art     : Explicit concurrent mark sweep GC freed 3(96B) AllocSpace objects, 0(0B) LOS objects, 35% free, 28MB/44MB, paused 1.928ms total 47.577ms
08-05 19:28:58.269  7325  7434 I art     : Starting a blocking GC Explicit
08-05 19:28:58.316  7325  7434 I art     : Explicit concurrent mark sweep GC freed 75(6KB) AllocSpace objects, 0(0B) LOS objects, 35% free, 28MB/44MB, paused 1.613ms total 45.841ms
08-05 19:28:58.334  7325  7434 I art     : Starting a blocking GC Explicit
08-05 19:28:58.380  7325  7434 I art     : Explicit concurrent mark sweep GC freed 48(2544B) AllocSpace objects, 0(0B) LOS objects, 35% free, 28MB/44MB, paused 1.800ms total 45.527ms
08-05 19:28:58.747  7325  7337 I art     : Starting a blocking GC Explicit
08-05 19:28:58.802  7260  7260 I ServiceManager: Waiting for service AtCmdFwd...
08-05 19:28:58.810  7325  7337 I art     : Explicit concurrent mark sweep GC freed 1372(80KB) AllocSpace objects, 1(20KB) LOS objects, 35% free, 28MB/44MB, paused 2.418ms total 61.656ms
08-05 19:28:58.829  7325  7337 I art     : Starting a blocking GC Explicit
08-05 19:28:58.874  7325  7337 I art     : Explicit concurrent mark sweep GC freed 23(752B) AllocSpace objects, 0(0B) LOS objects, 35% free, 28MB/44MB, paused 1.688ms total 44.823ms
08-05 19:28:58.894   518   646 I ThermalEngine: ACTION: GPU - Setting GPU[0] to 450000000
08-05 19:28:58.900  7325  7337 I art     : Starting a blocking GC Explicit
08-05 19:28:58.936  7325  7337 I art     : Explicit concurrent mark sweep GC freed 3(96B) AllocSpace objects, 0(0B) LOS objects, 35% free, 28MB/44MB, paused 1.168ms total 36.017ms
08-05 19:28:58.949  7325  7337 I art     : Starting a blocking GC Explicit
08-05 19:28:58.985  7325  7337 I art     : Explicit concurrent mark sweep GC freed 3(96B) AllocSpace objects, 0(0B) LOS objects, 35% free, 28MB/44MB, paused 1.166ms total 35.931ms
08-05 19:28:58.998  7325  7337 I art     : Starting a blocking GC Explicit
08-05 19:28:59.037  7325  7337 I art     : Explicit concurrent mark sweep GC freed 3(96B) AllocSpace objects, 0(0B) LOS objects, 35% free, 28MB/44MB, paused 1.184ms total 38.499ms
08-05 19:28:59.399  7325  7336 I art     : Starting a blocking GC Explicit
08-05 19:28:59.448  7325  7336 I art     : Explicit concurrent mark sweep GC freed 1401(81KB) AllocSpace objects, 1(20KB) LOS objects, 35% free, 28MB/44MB, paused 1.269ms total 48.439ms
08-05 19:28:59.463  7325  7336 I art     : Starting a blocking GC Explicit
08-05 19:28:59.502  7325  7336 I art     : Explicit concurrent mark sweep GC freed 23(752B) AllocSpace objects, 0(0B) LOS objects, 35% free, 28MB/44MB, paused 1.155ms total 39.283ms
08-05 19:28:59.515  7325  7336 I art     : Starting a blocking GC Explicit
08-05 19:28:59.554  7325  7336 I art     : Explicit concurrent mark sweep GC freed 3(96B) AllocSpace objects, 0(0B) LOS objects, 35% free, 28MB/44MB, paused 1.202ms total 38.273ms
08-05 19:28:59.566  7325  7336 I art     : Starting a blocking GC Explicit
08-05 19:28:59.605  7325  7336 I art     : Explicit concurrent mark sweep GC freed 3(96B) AllocSpace objects, 0(0B) LOS objects, 35% free, 28MB/44MB, paused 1.155ms total 38.290ms
08-05 19:28:59.618  7325  7336 I art     : Starting a blocking GC Explicit
08-05 19:28:59.656  7325  7336 I art     : Explicit concurrent mark sweep GC freed 3(96B) AllocSpace objects, 0(0B) LOS objects, 35% free, 28MB/44MB, paused 1.132ms total 37.916ms
08-05 19:28:59.802  7260  7260 W Atfwd_Sendcmd: AtCmdFwd service not published, waiting... retryCnt : 5
08-05 19:29:00.009  7325  8464 I art     : Starting a blocking GC Explicit
08-05 19:29:00.045  7325  8464 I art     : Explicit concurrent mark sweep GC freed 1373(82KB) AllocSpace objects, 1(20KB) LOS objects, 35% free, 28MB/44MB, paused 1.125ms total 35.264ms
08-05 19:29:00.057  7325  8464 I art     : Starting a blocking GC Explicit
08-05 19:29:00.088  7325  8464 I art     : Explicit concurrent mark sweep GC freed 52(1536B) AllocSpace objects, 0(0B) LOS objects, 35% free, 28MB/44MB, paused 1.080ms total 30.977ms
08-05 19:29:00.100  7325  8464 I art     : Starting a blocking GC Explicit
08-05 19:29:00.134  7325  8464 I art     : Explicit concurrent mark sweep GC freed 3(96B) AllocSpace objects, 0(0B) LOS objects, 35% free, 28MB/44MB, paused 1.075ms total 33.760ms
08-05 19:29:00.137 13866 13882 I PeriodicStatsRunner: PeriodicStatsRunner.call():175 call()
08-05 19:29:00.138 13866 13882 I PeriodicStatsRunner: PeriodicStatsRunner.call():179 No submit PeriodicStats since input started.
08-05 19:29:00.146  7325  8464 I art     : Starting a blocking GC Explicit
08-05 19:29:00.184  7325  8464 I art     : Explicit concurrent mark sweep GC freed 3(96B) AllocSpace objects, 0(0B) LOS objects, 35% free, 28MB/44MB, paused 1.134ms total 38.390ms
08-05 19:29:00.197  7325  8464 I art     : Starting a blocking GC Explicit
08-05 19:29:00.236  7325  8464 I art     : Explicit concurrent mark sweep GC freed 3(96B) AllocSpace objects, 0(0B) LOS objects, 35% free, 28MB/44MB, paused 1.179ms total 38.989ms
08-05 19:29:00.433 13866 13882 I PeriodicStatsRunner: PeriodicStatsRunner.call():175 call()
08-05 19:29:00.435 13866 13882 I PeriodicStatsRunner: PeriodicStatsRunner.call():179 No submit PeriodicStats since input started.
08-05 19:29:00.523 13866 13882 I PeriodicStatsRunner: PeriodicStatsRunner.call():175 call()
08-05 19:29:00.523 13866 13882 I PeriodicStatsRunner: PeriodicStatsRunner.call():179 No submit PeriodicStats since input started.
08-05 19:29:00.593  7325  7434 I art     : Starting a blocking GC Explicit
08-05 19:29:00.640  7325  7434 I art     : Explicit concurrent mark sweep GC freed 1372(80KB) AllocSpace objects, 1(20KB) LOS objects, 35% free, 28MB/44MB, paused 1.334ms total 46.503ms
08-05 19:29:00.655  7325  7434 I art     : Starting a blocking GC Explicit
08-05 19:29:00.694  7325  7434 I art     : Explicit concurrent mark sweep GC freed 23(752B) AllocSpace objects, 0(0B) LOS objects, 35% free, 28MB/44MB, paused 1.171ms total 38.387ms
08-05 19:29:00.706  7325  7434 I art     : Starting a blocking GC Explicit
08-05 19:29:00.744  7325  7434 I art     : Explicit concurrent mark sweep GC freed 3(96B) AllocSpace objects, 0(0B) LOS objects, 35% free, 28MB/44MB, paused 1.228ms total 37.526ms
08-05 19:29:00.757  7325  7434 I art     : Starting a blocking GC Explicit
08-05 19:29:00.796  7325  7434 I art     : Explicit concurrent mark sweep GC freed 3(96B) AllocSpace objects, 0(0B) LOS objects, 35% free, 28MB/44MB, paused 1.182ms total 38.471ms
08-05 19:29:00.808  7325  7434 I art     : Starting a blocking GC Explicit
08-05 19:29:00.848  7325  7434 I art     : Explicit concurrent mark sweep GC freed 3(96B) AllocSpace objects, 0(0B) LOS objects, 35% free, 28MB/44MB, paused 1.223ms total 38.801ms
08-05 19:29:01.203  7325  7337 I art     : Starting a blocking GC Explicit
08-05 19:29:01.250  7325  7337 I art     : Explicit concurrent mark sweep GC freed 1401(81KB) AllocSpace objects, 1(20KB) LOS objects, 35% free, 28MB/44MB, paused 1.286ms total 46.344ms
08-05 19:29:01.265  7325  7337 I art     : Starting a blocking GC Explicit
08-05 19:29:01.302  7325  7337 I art     : Explicit concurrent mark sweep GC freed 23(752B) AllocSpace objects, 0(0B) LOS objects, 35% free, 28MB/44MB, paused 1.207ms total 37.219ms
08-05 19:29:01.315  7325  7337 I art     : Starting a blocking GC Explicit
08-05 19:29:01.353  7325  7337 I art     : Explicit concurrent mark sweep GC freed 3(96B) AllocSpace objects, 0(0B) LOS objects, 35% free, 28MB/44MB, paused 1.117ms total 38.077ms
08-05 19:29:01.366  7325  7337 I art     : Starting a blocking GC Explicit
08-05 19:29:01.405  7325  7337 I art     : Explicit concurrent mark sweep GC freed 3(96B) AllocSpace objects, 0(0B) LOS objects, 35% free, 28MB/44MB, paused 1.201ms total 39.152ms
08-05 19:29:01.418  7325  7337 I art     : Starting a blocking GC Explicit
08-05 19:29:01.458  7325  7337 I art     : Explicit concurrent mark sweep GC freed 3(96B) AllocSpace objects, 0(0B) LOS objects, 35% free, 28MB/44MB, paused 1.282ms total 39.316ms
08-05 19:29:01.805  7325  7336 I art     : Starting a blocking GC Explicit
08-05 19:29:01.852  7325  7336 I art     : Explicit concurrent mark sweep GC freed 1372(80KB) AllocSpace objects, 1(20KB) LOS objects, 35% free, 28MB/44MB, paused 1.267ms total 46.122ms
08-05 19:29:01.866  7325  7336 I art     : Starting a blocking GC Explicit
08-05 19:29:01.905  7325  7336 I art     : Explicit concurrent mark sweep GC freed 23(752B) AllocSpace objects, 0(0B) LOS objects, 35% free, 28MB/44MB, paused 1.157ms total 39.129ms
08-05 19:29:01.918  7325  7336 I art     : Starting a blocking GC Explicit
08-05 19:29:01.957  7325  7336 I art     : Explicit concurrent mark sweep GC freed 3(96B) AllocSpace objects, 0(0B) LOS objects, 35% free, 28MB/44MB, paused 1.272ms total 38.795ms
08-05 19:29:01.970  7325  7336 I art     : Starting a blocking GC Explicit
08-05 19:29:02.008  7325  7336 I art     : Explicit concurrent mark sweep GC freed 3(96B) AllocSpace objects, 0(0B) LOS objects, 35% free, 28MB/44MB, paused 1.263ms total 38.097ms
08-05 19:29:02.021  7325  7336 I art     : Starting a blocking GC Explicit
08-05 19:29:02.060  7325  7336 I art     : Explicit concurrent mark sweep GC freed 32(880B) AllocSpace objects, 0(0B) LOS objects, 35% free, 28MB/44MB, paused 1.211ms total 38.364ms
08-05 19:29:02.407  7325  8464 I art     : Starting a blocking GC Explicit
08-05 19:29:02.456  7325  8464 I art     : Explicit concurrent mark sweep GC freed 1372(80KB) AllocSpace objects, 1(20KB) LOS objects, 35% free, 28MB/44MB, paused 1.245ms total 48.573ms
08-05 19:29:02.473  7325  8464 I art     : Starting a blocking GC Explicit
08-05 19:29:02.513  7325  8464 I art     : Explicit concurrent mark sweep GC freed 23(752B) AllocSpace objects, 0(0B) LOS objects, 35% free, 28MB/44MB, paused 1.215ms total 39.435ms
08-05 19:29:02.526  7325  8464 I art     : Starting a blocking GC Explicit
08-05 19:29:02.564  7325  8464 I art     : Explicit concurrent mark sweep GC freed 3(96B) AllocSpace objects, 0(0B) LOS objects, 35% free, 28MB/44MB, paused 1.174ms total 38.418ms
08-05 19:29:02.577  7325  8464 I art     : Starting a blocking GC Explicit
08-05 19:29:02.615  7325  8464 I art     : Explicit concurrent mark sweep GC freed 3(96B) AllocSpace objects, 0(0B) LOS objects, 35% free, 28MB/44MB, paused 1.216ms total 37.799ms
08-05 19:29:02.616  7325  7335 I art     : WaitForGcToComplete blocked for 38.313ms for cause HeapTrim
08-05 19:29:02.628  7325  8464 I art     : Starting a blocking GC Explicit
08-05 19:29:02.666  7325  8464 I art     : Explicit concurrent mark sweep GC freed 3(96B) AllocSpace objects, 0(0B) LOS objects, 35% free, 28MB/44MB, paused 1.193ms total 38.362ms
08-05 19:29:02.860   918   931 W ProcessCpuTracker: Skipping unknown process pid 9021
08-05 19:29:03.004  7325  7434 I art     : Starting a blocking GC Explicit
08-05 19:29:03.051  7325  7434 I art     : Explicit concurrent mark sweep GC freed 1372(80KB) AllocSpace objects, 1(20KB) LOS objects, 35% free, 28MB/44MB, paused 1.182ms total 46.560ms
08-05 19:29:03.066  7325  7434 I art     : Starting a blocking GC Explicit
08-05 19:29:03.104  7325  7434 I art     : Explicit concurrent mark sweep GC freed 52(1536B) AllocSpace objects, 0(0B) LOS objects, 35% free, 28MB/44MB, paused 1.185ms total 38.340ms
08-05 19:29:03.117  7325  7434 I art     : Starting a blocking GC Explicit
08-05 19:29:03.156  7325  7434 I art     : Explicit concurrent mark sweep GC freed 3(96B) AllocSpace objects, 0(0B) LOS objects, 35% free, 28MB/44MB, paused 1.208ms total 38.719ms
08-05 19:29:03.169  7325  7434 I art     : Starting a blocking GC Explicit
08-05 19:29:03.207  7325  7434 I art     : Explicit concurrent mark sweep GC freed 3(96B) AllocSpace objects, 0(0B) LOS objects, 35% free, 28MB/44MB, paused 1.175ms total 37.750ms
08-05 19:29:03.219  7325  7434 I art     : Starting a blocking GC Explicit
08-05 19:29:03.258  7325  7434 I art     : Explicit concurrent mark sweep GC freed 3(96B) AllocSpace objects, 0(0B) LOS objects, 35% free, 28MB/44MB, paused 1.383ms total 38.690ms
08-05 19:29:03.567  7325  7337 I art     : Starting a blocking GC Explicit
08-05 19:29:03.609  7325  7337 I art     : Explicit concurrent mark sweep GC freed 1372(80KB) AllocSpace objects, 1(20KB) LOS objects, 35% free, 28MB/44MB, paused 1.327ms total 41.779ms
08-05 19:29:03.621  7325  7337 I art     : Starting a blocking GC Explicit
08-05 19:29:03.657  7325  7337 I art     : Explicit concurrent mark sweep GC freed 23(752B) AllocSpace objects, 0(0B) LOS objects, 35% free, 28MB/44MB, paused 1.259ms total 35.943ms
08-05 19:29:03.670  7325  7337 I art     : Starting a blocking GC Explicit
08-05 19:29:03.707  7325  7337 I art     : Explicit concurrent mark sweep GC freed 3(96B) AllocSpace objects, 0(0B) LOS objects, 35% free, 28MB/44MB, paused 1.222ms total 37.114ms
08-05 19:29:03.719  7325  7337 I art     : Starting a blocking GC Explicit
08-05 19:29:03.757  7325  7337 I art     : Explicit concurrent mark sweep GC freed 3(96B) AllocSpace objects, 0(0B) LOS objects, 35% free, 28MB/44MB, paused 1.249ms total 37.305ms
08-05 19:29:03.769  7325  7337 I art     : Starting a blocking GC Explicit
08-05 19:29:03.806  7325  7337 I art     : Explicit concurrent mark sweep GC freed 3(96B) AllocSpace objects, 0(0B) LOS objects, 35% free, 28MB/44MB, paused 1.201ms total 36.214ms
08-05 19:29:03.873  9031  9031 D AndroidRuntime: >>>>>> START com.android.internal.os.RuntimeInit uid 2000 <<<<<<
08-05 19:29:03.880  9031  9031 D AndroidRuntime: CheckJNI is OFF
08-05 19:29:03.927  9031  9031 D ICU     : No timezone override file found: /data/misc/zoneinfo/current/icu/icu_tzdata.dat
08-05 19:29:03.973  9031  9031 I Radio-JNI: register_android_hardware_Radio DONE
08-05 19:29:04.002  9031  9031 D AndroidRuntime: Calling main entry com.android.commands.input.Input
08-05 19:29:04.004  9031  9031 I Input   : injectKeyEvent: KeyEvent { action=ACTION_DOWN, keyCode=KEYCODE_BACK, scanCode=0, metaState=0, flags=0x0, repeatCount=0, eventTime=818960417, downTime=818960417, deviceId=-1, source=0x101 }
08-05 19:29:04.011  9031  9031 I Input   : injectKeyEvent: KeyEvent { action=ACTION_UP, keyCode=KEYCODE_BACK, scanCode=0, metaState=0, flags=0x0, repeatCount=0, eventTime=818960417, downTime=818960417, deviceId=-1, source=0x101 }
08-05 19:29:04.017  9031  9031 D AndroidRuntime: Shutting down VM
08-05 19:29:04.022  7325  7325 V PlaybackController: initServiceNotRunning()
08-05 19:29:04.022  7325  7325 D ExternalPlayerFragment: Loading media info
08-05 19:29:04.026  7325  7325 D UserPreferences: Using default data folder
08-05 19:29:04.029  7325  7872 D DBReader: getNavDrawerData() called with: 
08-05 19:29:04.042  7325  7872 D DBReader: getDownloadedItems() called
08-05 19:29:04.043  7325  7872 D DBReader: getFavoriteIDList() called
08-05 19:29:04.044  7325  7872 D DBReader: getQueueIDList() called
08-05 19:29:04.045  7325  7872 D DBReader: Extracting Feedlist
08-05 19:29:04.063 13866 13866 I GoogleInputMethodServic: GoogleInputMethodService.onFinishInput():3138 
08-05 19:29:04.063  7325  7325 D MainActivity: getLastNavFragment() -> AddFeedFragment
08-05 19:29:04.064 13866 13866 I GoogleInputMethodServic: GoogleInputMethodService.onStartInput():1808 
08-05 19:29:04.125  7325  7337 I art     : Starting a blocking GC Explicit
08-05 19:29:04.160  7325  7337 I art     : Explicit concurrent mark sweep GC freed 2512(154KB) AllocSpace objects, 1(20KB) LOS objects, 35% free, 28MB/44MB, paused 1.192ms total 34.596ms
08-05 19:29:04.171  7325  7337 I art     : Starting a blocking GC Explicit
08-05 19:29:04.209  7325  7337 I art     : Explicit concurrent mark sweep GC freed 452(24KB) AllocSpace objects, 0(0B) LOS objects, 35% free, 28MB/44MB, paused 1.490ms total 37.161ms
08-05 19:29:04.222  7325  7337 I art     : Starting a blocking GC Explicit
08-05 19:29:04.263  7325  7337 I art     : Explicit concurrent mark sweep GC freed 3(96B) AllocSpace objects, 0(0B) LOS objects, 35% free, 28MB/44MB, paused 1.218ms total 39.905ms
08-05 19:29:04.277  7325  7337 I art     : Starting a blocking GC Explicit
08-05 19:29:04.319  7325  7337 I art     : Explicit concurrent mark sweep GC freed 3(96B) AllocSpace objects, 0(0B) LOS objects, 35% free, 28MB/44MB, paused 1.145ms total 42.113ms
08-05 19:29:04.334  7325  7337 I art     : Starting a blocking GC Explicit
08-05 19:29:04.371   380   380 W SurfaceFlinger: couldn't log to binary event log: overflow.
08-05 19:29:04.372  7325  7337 I art     : Explicit concurrent mark sweep GC freed 3(96B) AllocSpace objects, 0(0B) LOS objects, 35% free, 28MB/44MB, paused 1.156ms total 37.021ms
08-05 19:29:04.693  7325  8464 I art     : Starting a blocking GC Explicit
08-05 19:29:04.738  7325  8464 I art     : Explicit concurrent mark sweep GC freed 1969(105KB) AllocSpace objects, 1(20KB) LOS objects, 35% free, 28MB/44MB, paused 1.254ms total 45.064ms
08-05 19:29:04.752  7325  8464 I art     : Starting a blocking GC Explicit
08-05 19:29:04.788  7325  8464 I art     : Explicit concurrent mark sweep GC freed 2453(152KB) AllocSpace objects, 1(28KB) LOS objects, 36% free, 28MB/44MB, paused 1.225ms total 35.611ms
08-05 19:29:04.800  7325  8464 I art     : Starting a blocking GC Explicit
08-05 19:29:04.835  7325  8464 I art     : Explicit concurrent mark sweep GC freed 3(96B) AllocSpace objects, 0(0B) LOS objects, 36% free, 28MB/44MB, paused 1.121ms total 34.422ms
08-05 19:29:04.847  7325  8464 I art     : Starting a blocking GC Explicit
08-05 19:29:04.883  7325  8464 I art     : Explicit concurrent mark sweep GC freed 3(96B) AllocSpace objects, 0(0B) LOS objects, 36% free, 28MB/44MB, paused 1.173ms total 35.349ms
08-05 19:29:04.895  7325  8464 I art     : Starting a blocking GC Explicit
08-05 19:29:04.930  7325  8464 I art     : Explicit concurrent mark sweep GC freed 3(96B) AllocSpace objects, 0(0B) LOS objects, 36% free, 28MB/44MB, paused 1.139ms total 35.002ms
08-05 19:29:05.247  7325  7434 I art     : Starting a blocking GC Explicit
08-05 19:29:05.290  7325  7434 I art     : Explicit concurrent mark sweep GC freed 1403(83KB) AllocSpace objects, 1(20KB) LOS objects, 36% free, 28MB/44MB, paused 1.250ms total 42.525ms
08-05 19:29:05.302  7325  7434 I art     : Starting a blocking GC Explicit
08-05 19:29:05.336  7325  7434 I art     : Explicit concurrent mark sweep GC freed 23(752B) AllocSpace objects, 0(0B) LOS objects, 36% free, 28MB/44MB, paused 1.143ms total 33.997ms
08-05 19:29:05.348  7325  7434 I art     : Starting a blocking GC Explicit
08-05 19:29:05.381  7325  7434 I art     : Explicit concurrent mark sweep GC freed 3(96B) AllocSpace objects, 0(0B) LOS objects, 36% free, 28MB/44MB, paused 1.185ms total 33.255ms
08-05 19:29:05.393  7325  7434 I art     : Starting a blocking GC Explicit
08-05 19:29:05.426  7325  7434 I art     : Explicit concurrent mark sweep GC freed 3(96B) AllocSpace objects, 0(0B) LOS objects, 36% free, 28MB/44MB, paused 1.163ms total 33.327ms
08-05 19:29:05.438  7325  7434 I art     : Starting a blocking GC Explicit
08-05 19:29:05.472  7325  7434 I art     : Explicit concurrent mark sweep GC freed 3(96B) AllocSpace objects, 0(0B) LOS objects, 36% free, 28MB/44MB, paused 1.155ms total 33.445ms
08-05 19:29:05.786  7325  7337 I art     : Starting a blocking GC Explicit
08-05 19:29:05.807  9088  9088 D AndroidRuntime: >>>>>> START com.android.internal.os.RuntimeInit uid 2000 <<<<<<
08-05 19:29:05.813  9088  9088 D AndroidRuntime: CheckJNI is OFF
08-05 19:29:05.823  7325  7337 I art     : Explicit concurrent mark sweep GC freed 1391(81KB) AllocSpace objects, 1(20KB) LOS objects, 36% free, 28MB/44MB, paused 1.185ms total 36.278ms
08-05 19:29:05.835  7325  7337 I art     : Starting a blocking GC Explicit
08-05 19:29:05.858  9088  9088 D ICU     : No timezone override file found: /data/misc/zoneinfo/current/icu/icu_tzdata.dat
08-05 19:29:05.869  7325  7337 I art     : Explicit concurrent mark sweep GC freed 29(944B) AllocSpace objects, 0(0B) LOS objects, 36% free, 28MB/44MB, paused 1.193ms total 33.421ms
08-05 19:29:05.880  7325  7337 I art     : Starting a blocking GC Explicit
08-05 19:29:05.902  9088  9088 I Radio-JNI: register_android_hardware_Radio DONE
08-05 19:29:05.912  7325  7337 I art     : Explicit concurrent mark sweep GC freed 6(192B) AllocSpace objects, 0(0B) LOS objects, 36% free, 28MB/44MB, paused 1.159ms total 31.257ms
08-05 19:29:05.923  7325  7337 I art     : Starting a blocking GC Explicit
08-05 19:29:05.931  9088  9088 D AndroidRuntime: Calling main entry com.android.commands.input.Input
08-05 19:29:05.933  9088  9088 I Input   : injectKeyEvent: KeyEvent { action=ACTION_DOWN, keyCode=KEYCODE_BACK, scanCode=0, metaState=0, flags=0x0, repeatCount=0, eventTime=818962346, downTime=818962346, deviceId=-1, source=0x101 }
08-05 19:29:05.939  9088  9088 I Input   : injectKeyEvent: KeyEvent { action=ACTION_UP, keyCode=KEYCODE_BACK, scanCode=0, metaState=0, flags=0x0, repeatCount=0, eventTime=818962346, downTime=818962346, deviceId=-1, source=0x101 }
08-05 19:29:05.953 13866 13866 I GoogleInputMethodServic: GoogleInputMethodService.onFinishInput():3138 
08-05 19:29:05.954 13866 13866 I GoogleInputMethodServic: GoogleInputMethodService.onStartInput():1808 
08-05 19:29:05.955  7325  7337 I art     : Explicit concurrent mark sweep GC freed 564(23KB) AllocSpace objects, 0(0B) LOS objects, 36% free, 28MB/44MB, paused 1.674ms total 32.048ms
08-05 19:29:05.962  9088  9088 D AndroidRuntime: Shutting down VM
08-05 19:29:05.967  7325  7337 I art     : Starting a blocking GC Explicit
08-05 19:29:06.000  7325  7337 I art     : Explicit concurrent mark sweep GC freed 613(24KB) AllocSpace objects, 0(0B) LOS objects, 35% free, 28MB/44MB, paused 1.194ms total 33.116ms
08-05 19:29:06.297  7325  7336 I art     : Starting a blocking GC Explicit
08-05 19:29:06.345  7325  7336 I art     : Explicit concurrent mark sweep GC freed 4068(259KB) AllocSpace objects, 10(1560KB) LOS objects, 37% free, 26MB/42MB, paused 1.232ms total 46.874ms
08-05 19:29:06.360  7325  7336 I art     : Starting a blocking GC Explicit
08-05 19:29:06.395  7325  7336 I art     : Explicit concurrent mark sweep GC freed 23(752B) AllocSpace objects, 0(0B) LOS objects, 37% free, 26MB/42MB, paused 1.136ms total 34.932ms
08-05 19:29:06.407  7325  7336 I art     : Starting a blocking GC Explicit
08-05 19:29:06.441  7325  7336 I art     : Explicit concurrent mark sweep GC freed 3(96B) AllocSpace objects, 0(0B) LOS objects, 37% free, 26MB/42MB, paused 1.194ms total 34.021ms
08-05 19:29:06.454  7325  7336 I art     : Starting a blocking GC Explicit
08-05 19:29:06.488  7325  7336 I art     : Explicit concurrent mark sweep GC freed 3(96B) AllocSpace objects, 0(0B) LOS objects, 37% free, 26MB/42MB, paused 1.308ms total 34.048ms
08-05 19:29:06.500  7325  7336 I art     : Starting a blocking GC Explicit
08-05 19:29:06.535  7325  7336 I art     : Explicit concurrent mark sweep GC freed 3(96B) AllocSpace objects, 0(0B) LOS objects, 37% free, 26MB/42MB, paused 1.162ms total 34.303ms
08-05 19:29:06.855  7325  8464 I art     : Starting a blocking GC Explicit
08-05 19:29:06.897  7325  8464 I art     : Explicit concurrent mark sweep GC freed 1372(81KB) AllocSpace objects, 1(20KB) LOS objects, 37% free, 26MB/42MB, paused 1.259ms total 41.977ms
08-05 19:29:06.910  7325  8464 I art     : Starting a blocking GC Explicit
08-05 19:29:06.944  7325  8464 I art     : Explicit concurrent mark sweep GC freed 23(752B) AllocSpace objects, 0(0B) LOS objects, 37% free, 26MB/42MB, paused 1.133ms total 34.185ms
08-05 19:29:06.956  7325  8464 I art     : Starting a blocking GC Explicit
08-05 19:29:06.991  7325  8464 I art     : Explicit concurrent mark sweep GC freed 3(96B) AllocSpace objects, 0(0B) LOS objects, 37% free, 26MB/42MB, paused 1.137ms total 34.423ms
08-05 19:29:07.003  7325  8464 I art     : Starting a blocking GC Explicit
08-05 19:29:07.038  7325  8464 I art     : Explicit concurrent mark sweep GC freed 3(96B) AllocSpace objects, 0(0B) LOS objects, 37% free, 26MB/42MB, paused 1.272ms total 34.464ms
08-05 19:29:07.050  7325  8464 I art     : Starting a blocking GC Explicit
08-05 19:29:07.085  7325  8464 I art     : Explicit concurrent mark sweep GC freed 32(880B) AllocSpace objects, 0(0B) LOS objects, 37% free, 26MB/42MB, paused 1.141ms total 34.302ms
08-05 19:29:07.386  7325  7434 I art     : Starting a blocking GC Explicit
08-05 19:29:07.425  7325  7434 I art     : Explicit concurrent mark sweep GC freed 1373(81KB) AllocSpace objects, 1(20KB) LOS objects, 37% free, 26MB/42MB, paused 1.168ms total 38.744ms
08-05 19:29:07.437  7325  7434 I art     : Starting a blocking GC Explicit
08-05 19:29:07.469  7325  7434 I art     : Explicit concurrent mark sweep GC freed 23(752B) AllocSpace objects, 0(0B) LOS objects, 37% free, 26MB/42MB, paused 1.181ms total 32.465ms
08-05 19:29:07.481  7325  7434 I art     : Starting a blocking GC Explicit
08-05 19:29:07.514  7325  7434 I art     : Explicit concurrent mark sweep GC freed 3(96B) AllocSpace objects, 0(0B) LOS objects, 37% free, 26MB/42MB, paused 1.138ms total 32.483ms
08-05 19:29:07.525  7325  7434 I art     : Starting a blocking GC Explicit
08-05 19:29:07.558  7325  7434 I art     : Explicit concurrent mark sweep GC freed 3(96B) AllocSpace objects, 0(0B) LOS objects, 37% free, 26MB/42MB, paused 1.208ms total 32.641ms
08-05 19:29:07.570  7325  7434 I art     : Starting a blocking GC Explicit
08-05 19:29:07.603  7325  7434 I art     : Explicit concurrent mark sweep GC freed 6(192B) AllocSpace objects, 0(0B) LOS objects, 37% free, 26MB/42MB, paused 1.154ms total 33.168ms
08-05 19:29:07.752  9131  9131 D AndroidRuntime: >>>>>> START com.android.internal.os.RuntimeInit uid 2000 <<<<<<
08-05 19:29:07.758  9131  9131 D AndroidRuntime: CheckJNI is OFF
08-05 19:29:07.800  9131  9131 D ICU     : No timezone override file found: /data/misc/zoneinfo/current/icu/icu_tzdata.dat
08-05 19:29:07.842  9131  9131 I Radio-JNI: register_android_hardware_Radio DONE
08-05 19:29:07.872  9131  9131 D AndroidRuntime: Calling main entry com.android.commands.input.Input
08-05 19:29:07.874  9131  9131 I Input   : injectMotionEvent: MotionEvent { action=ACTION_DOWN, actionButton=0, id[0]=0, x[0]=567.0, y[0]=714.0, toolType[0]=TOOL_TYPE_UNKNOWN, buttonState=0, metaState=0, flags=0x0, edgeFlags=0x0, pointerCount=1, historySize=0, eventTime=818964286, downTime=818964286, deviceId=0, source=0x1002 }
08-05 19:29:07.878  9131  9131 I Input   : injectMotionEvent: MotionEvent { action=ACTION_UP, actionButton=0, id[0]=0, x[0]=567.0, y[0]=714.0, toolType[0]=TOOL_TYPE_UNKNOWN, buttonState=0, metaState=0, flags=0x0, edgeFlags=0x0, pointerCount=1, historySize=0, eventTime=818964286, downTime=818964286, deviceId=0, source=0x1002 }
08-05 19:29:07.880  9131  9131 D AndroidRuntime: Shutting down VM
08-05 19:29:07.896   512  2967 D audio_hw_primary: out_set_parameters: enter: usecase(1: low-latency-playback) kvpairs: routing=2
08-05 19:29:07.909   512  2967 D audio_hw_primary: select_devices: out_snd_device(2: speaker) in_snd_device(0: none)
08-05 19:29:07.909   512  2967 D msm8974_platform: platform_send_audio_calibration: sending audio calibration for snd_device(2) acdb_id(15)
08-05 19:29:07.909   512  2967 I soundtrigger: audio_extn_sound_trigger_update_device_status: device 0x2 of type 0 for Event 1
08-05 19:29:07.915  7325  7337 I art     : Starting a blocking GC Explicit
08-05 19:29:07.920   512  2967 D audio_hw_primary: enable_snd_device: snd_device(2: speaker)
08-05 19:29:07.922   512  2967 D audio_hw_primary: enable_audio_route: apply and update mixer path: low-latency-playback speaker
08-05 19:29:07.952  7325  7337 I art     : Explicit concurrent mark sweep GC freed 3628(172KB) AllocSpace objects, 1(20KB) LOS objects, 37% free, 27MB/43MB, paused 1.264ms total 36.138ms
08-05 19:29:07.963  7325  7337 I art     : Starting a blocking GC Explicit
08-05 19:29:07.995  7325  7337 I art     : Explicit concurrent mark sweep GC freed 1626(82KB) AllocSpace objects, 1(220KB) LOS objects, 37% free, 26MB/42MB, paused 1.505ms total 31.832ms
08-05 19:29:08.006  7325  7337 I art     : Starting a blocking GC Explicit
08-05 19:29:08.038  7325  7337 I art     : Explicit concurrent mark sweep GC freed 33(1392B) AllocSpace objects, 0(0B) LOS objects, 37% free, 26MB/42MB, paused 1.369ms total 31.853ms
08-05 19:29:08.049  7325  7337 I art     : Starting a blocking GC Explicit
08-05 19:29:08.067  7325  7871 I NAPPA_EXPERIMENTATION: MetricNetworkRequestExecutionTime: REQUEST_DURATION_SYSTEM='162',REQUEST_DURATION_OKHTTP='162',REQUEST_SYNCHRONOUS='TRUE',RESPONSE_CODE='400',RESPONSE_METHOD='GET',RESPONSE_LENGTH_OKHTTP='0',RESPONSE_LENGTH_HEADER='0',REQUEST_PROTOCOL='h2',REQUEST_URL='https://itunes.apple.com/en/rss/toppodcasts/limit=25/explicit=true/json',
08-05 19:29:08.082  7325  7337 I art     : Explicit concurrent mark sweep GC freed 362(24KB) AllocSpace objects, 0(0B) LOS objects, 37% free, 26MB/42MB, paused 1.277ms total 32.183ms
08-05 19:29:08.094  7325  7337 I art     : Starting a blocking GC Explicit
08-05 19:29:08.127  7325  7337 I art     : Explicit concurrent mark sweep GC freed 103(4KB) AllocSpace objects, 0(0B) LOS objects, 37% free, 26MB/42MB, paused 1.437ms total 32.628ms
08-05 19:29:08.225  7325  7871 I NAPPA_EXPERIMENTATION: MetricNetworkRequestExecutionTime: REQUEST_DURATION_SYSTEM='157',REQUEST_DURATION_OKHTTP='155',REQUEST_SYNCHRONOUS='TRUE',RESPONSE_CODE='200',RESPONSE_METHOD='GET',RESPONSE_LENGTH_OKHTTP='-1',RESPONSE_LENGTH_HEADER='10075',REQUEST_PROTOCOL='h2',REQUEST_URL='https://itunes.apple.com/us/rss/toppodcasts/limit=25/explicit=true/json',
08-05 19:29:08.278  7325  8074 D ApOkHttpUrlLoader: buildLoadData() called with: model = [https://is4-ssl.mzstatic.com/image/thumb/Podcasts114/v4/3f/16/74/3f167426-bf50-ce3a-d709-e4301620fc5b/mza_5832671293059882550.jpeg/170x170bb.png], width = [224], height = [224]
08-05 19:29:08.279  7325  8083 D DBReader: getImageAuthentication() called with: imageUrl = [https://is4-ssl.mzstatic.com/image/thumb/Podcasts114/v4/3f/16/74/3f167426-bf50-ce3a-d709-e4301620fc5b/mza_5832671293059882550.jpeg/170x170bb.png]
08-05 19:29:08.284  7325  8072 D ApOkHttpUrlLoader: buildLoadData() called with: model = [https://is4-ssl.mzstatic.com/image/thumb/Podcasts113/v4/e5/8a/10/e58a108f-f5d0-f622-c94a-13f66edd570c/mza_3025981348644196724.jpg/170x170bb.png], width = [224], height = [224]
08-05 19:29:08.284  7325  8083 D ApOkHttpUrlLoader: no credentials for 'https://is4-ssl.mzstatic.com/image/thumb/Podcasts114/v4/3f/16/74/3f167426-bf50-ce3a-d709-e4301620fc5b/mza_5832671293059882550.jpeg/170x170bb.png'
08-05 19:29:08.285  7325  8079 D DBReader: getImageAuthentication() called with: imageUrl = [https://is4-ssl.mzstatic.com/image/thumb/Podcasts113/v4/e5/8a/10/e58a108f-f5d0-f622-c94a-13f66edd570c/mza_3025981348644196724.jpg/170x170bb.png]
08-05 19:29:08.287  7325  8078 D ApOkHttpUrlLoader: buildLoadData() called with: model = [https://is2-ssl.mzstatic.com/image/thumb/Podcasts113/v4/a9/39/cc/a939ccc5-6d60-0c11-0a4c-16d71cdef89b/mza_8787577209688278658.jpg/170x170bb.png], width = [224], height = [224]
08-05 19:29:08.288  7325  8073 D DBReader: getImageAuthentication() called with: imageUrl = [https://is2-ssl.mzstatic.com/image/thumb/Podcasts113/v4/a9/39/cc/a939ccc5-6d60-0c11-0a4c-16d71cdef89b/mza_8787577209688278658.jpg/170x170bb.png]
08-05 19:29:08.289  7325  8079 D ApOkHttpUrlLoader: no credentials for 'https://is4-ssl.mzstatic.com/image/thumb/Podcasts113/v4/e5/8a/10/e58a108f-f5d0-f622-c94a-13f66edd570c/mza_3025981348644196724.jpg/170x170bb.png'
08-05 19:29:08.290  7325  8070 D ApOkHttpUrlLoader: buildLoadData() called with: model = [https://is5-ssl.mzstatic.com/image/thumb/Podcasts114/v4/93/cf/99/93cf9960-fff3-205e-6655-72c03ddeccb2/mza_10545582232493904175.jpeg/170x170bb.png], width = [224], height = [224]
08-05 19:29:08.292  7325  8084 D DBReader: getImageAuthentication() called with: imageUrl = [https://is5-ssl.mzstatic.com/image/thumb/Podcasts114/v4/93/cf/99/93cf9960-fff3-205e-6655-72c03ddeccb2/mza_10545582232493904175.jpeg/170x170bb.png]
08-05 19:29:08.293  7325  8073 D ApOkHttpUrlLoader: no credentials for 'https://is2-ssl.mzstatic.com/image/thumb/Podcasts113/v4/a9/39/cc/a939ccc5-6d60-0c11-0a4c-16d71cdef89b/mza_8787577209688278658.jpg/170x170bb.png'
08-05 19:29:08.294  7325  8074 D ApOkHttpUrlLoader: buildLoadData() called with: model = [https://is4-ssl.mzstatic.com/image/thumb/Podcasts124/v4/49/a4/91/49a491b7-3daf-c5dc-d7c6-6c4f1486955c/mza_5930014091766152297.png/170x170bb.png], width = [224], height = [224]
08-05 19:29:08.295  7325  8080 D DBReader: getImageAuthentication() called with: imageUrl = [https://is4-ssl.mzstatic.com/image/thumb/Podcasts124/v4/49/a4/91/49a491b7-3daf-c5dc-d7c6-6c4f1486955c/mza_5930014091766152297.png/170x170bb.png]
08-05 19:29:08.297  7325  8072 D ApOkHttpUrlLoader: buildLoadData() called with: model = [https://is5-ssl.mzstatic.com/image/thumb/Podcasts113/v4/fd/54/6e/fd546ea0-7ab2-e3f0-6049-884d82917af9/mza_4855349695799758348.jpeg/170x170bb.png], width = [224], height = [224]
08-05 19:29:08.298  7325  8071 D DBReader: getImageAuthentication() called with: imageUrl = [https://is5-ssl.mzstatic.com/image/thumb/Podcasts113/v4/fd/54/6e/fd546ea0-7ab2-e3f0-6049-884d82917af9/mza_4855349695799758348.jpeg/170x170bb.png]
08-05 19:29:08.298  7325  8084 D ApOkHttpUrlLoader: no credentials for 'https://is5-ssl.mzstatic.com/image/thumb/Podcasts114/v4/93/cf/99/93cf9960-fff3-205e-6655-72c03ddeccb2/mza_10545582232493904175.jpeg/170x170bb.png'
08-05 19:29:08.300  7325  8078 D ApOkHttpUrlLoader: buildLoadData() called with: model = [https://is2-ssl.mzstatic.com/image/thumb/Podcasts114/v4/b3/4c/cf/b34ccfc2-cea4-1ca1-0fad-7793af301cc5/mza_2466085192629456364.jpg/170x170bb.png], width = [224], height = [224]
08-05 19:29:08.301  7325  8075 D DBReader: getImageAuthentication() called with: imageUrl = [https://is2-ssl.mzstatic.com/image/thumb/Podcasts114/v4/b3/4c/cf/b34ccfc2-cea4-1ca1-0fad-7793af301cc5/mza_2466085192629456364.jpg/170x170bb.png]
08-05 19:29:08.302  7325  8071 D ApOkHttpUrlLoader: no credentials for 'https://is5-ssl.mzstatic.com/image/thumb/Podcasts113/v4/fd/54/6e/fd546ea0-7ab2-e3f0-6049-884d82917af9/mza_4855349695799758348.jpeg/170x170bb.png'
08-05 19:29:08.305  7325  8080 D ApOkHttpUrlLoader: no credentials for 'https://is4-ssl.mzstatic.com/image/thumb/Podcasts124/v4/49/a4/91/49a491b7-3daf-c5dc-d7c6-6c4f1486955c/mza_5930014091766152297.png/170x170bb.png'
08-05 19:29:08.310  7325  8075 D ApOkHttpUrlLoader: no credentials for 'https://is2-ssl.mzstatic.com/image/thumb/Podcasts114/v4/b3/4c/cf/b34ccfc2-cea4-1ca1-0fad-7793af301cc5/mza_2466085192629456364.jpg/170x170bb.png'
08-05 19:29:08.411  7325  7434 I art     : Starting a blocking GC Explicit
08-05 19:29:08.451  7325  7434 I art     : Explicit concurrent mark sweep GC freed 12556(738KB) AllocSpace objects, 5(372KB) LOS objects, 37% free, 27MB/43MB, paused 1.528ms total 39.330ms
08-05 19:29:08.460   512  2967 D audio_hw_primary: disable_audio_route: reset and update mixer path: low-latency-playback speaker
08-05 19:29:08.461   512  2967 D audio_hw_primary: disable_snd_device: snd_device(2: speaker)
08-05 19:29:08.463  7325  7434 I art     : Starting a blocking GC Explicit
08-05 19:29:08.471   512  2967 I soundtrigger: audio_extn_sound_trigger_update_device_status: device 0x2 of type 0 for Event 0
08-05 19:29:08.499  7325  7434 I art     : Explicit concurrent mark sweep GC freed 19605(834KB) AllocSpace objects, 0(0B) LOS objects, 37% free, 27MB/43MB, paused 1.717ms total 35.804ms
08-05 19:29:08.510  7325  7434 I art     : Starting a blocking GC Explicit
08-05 19:29:08.545  7325  7434 I art     : Explicit concurrent mark sweep GC freed 5602(240KB) AllocSpace objects, 0(0B) LOS objects, 36% free, 27MB/43MB, paused 1.633ms total 34.515ms
08-05 19:29:08.556  7325  7434 I art     : Starting a blocking GC Explicit
08-05 19:29:08.591  7325  7434 I art     : Explicit concurrent mark sweep GC freed 1064(177KB) AllocSpace objects, 0(0B) LOS objects, 37% free, 27MB/43MB, paused 1.545ms total 34.972ms
08-05 19:29:08.603  7325  7434 I art     : Starting a blocking GC Explicit
08-05 19:29:08.638  7325  7434 I art     : Explicit concurrent mark sweep GC freed 510(17KB) AllocSpace objects, 0(0B) LOS objects, 37% free, 27MB/43MB, paused 1.754ms total 35.400ms
08-05 19:29:08.755  7325  8083 D MYTAG   : interceptor 2a
08-05 19:29:08.755  7325  8083 I NAPPA_EXPERIMENTATION: MetricNetworkRequestExecutionTime: REQUEST_DURATION_SYSTEM='471',REQUEST_DURATION_OKHTTP='237',REQUEST_SYNCHRONOUS='TRUE',RESPONSE_CODE='200',RESPONSE_METHOD='GET',RESPONSE_LENGTH_OKHTTP='26177',RESPONSE_LENGTH_HEADER='26177',REQUEST_PROTOCOL='h2',REQUEST_URL='https://is4-ssl.mzstatic.com/image/thumb/Podcasts114/v4/3f/16/74/3f167426-bf50-ce3a-d709-e4301620fc5b/mza_5832671293059882550.jpeg/170x170bb.png',
08-05 19:29:08.785  7325  8073 D MYTAG   : interceptor 2a
08-05 19:29:08.786  7325  8073 I NAPPA_EXPERIMENTATION: MetricNetworkRequestExecutionTime: REQUEST_DURATION_SYSTEM='491',REQUEST_DURATION_OKHTTP='271',REQUEST_SYNCHRONOUS='TRUE',RESPONSE_CODE='200',RESPONSE_METHOD='GET',RESPONSE_LENGTH_OKHTTP='48239',RESPONSE_LENGTH_HEADER='48239',REQUEST_PROTOCOL='h2',REQUEST_URL='https://is2-ssl.mzstatic.com/image/thumb/Podcasts113/v4/a9/39/cc/a939ccc5-6d60-0c11-0a4c-16d71cdef89b/mza_8787577209688278658.jpg/170x170bb.png',
08-05 19:29:08.806  7325  8079 D MYTAG   : interceptor 2a
08-05 19:29:08.806  7325  8079 I NAPPA_EXPERIMENTATION: MetricNetworkRequestExecutionTime: REQUEST_DURATION_SYSTEM='516',REQUEST_DURATION_OKHTTP='278',REQUEST_SYNCHRONOUS='TRUE',RESPONSE_CODE='200',RESPONSE_METHOD='GET',RESPONSE_LENGTH_OKHTTP='45995',RESPONSE_LENGTH_HEADER='45995',REQUEST_PROTOCOL='h2',REQUEST_URL='https://is4-ssl.mzstatic.com/image/thumb/Podcasts113/v4/e5/8a/10/e58a108f-f5d0-f622-c94a-13f66edd570c/mza_3025981348644196724.jpg/170x170bb.png',
08-05 19:29:08.809  7325  8075 D MYTAG   : interceptor 2a
08-05 19:29:08.809  7325  8075 I NAPPA_EXPERIMENTATION: MetricNetworkRequestExecutionTime: REQUEST_DURATION_SYSTEM='499',REQUEST_DURATION_OKHTTP='281',REQUEST_SYNCHRONOUS='TRUE',RESPONSE_CODE='200',RESPONSE_METHOD='GET',RESPONSE_LENGTH_OKHTTP='42299',RESPONSE_LENGTH_HEADER='42299',REQUEST_PROTOCOL='h2',REQUEST_URL='https://is2-ssl.mzstatic.com/image/thumb/Podcasts114/v4/b3/4c/cf/b34ccfc2-cea4-1ca1-0fad-7793af301cc5/mza_2466085192629456364.jpg/170x170bb.png',
08-05 19:29:08.814  7325  8084 D MYTAG   : interceptor 2a
08-05 19:29:08.815  7325  8084 I NAPPA_EXPERIMENTATION: MetricNetworkRequestExecutionTime: REQUEST_DURATION_SYSTEM='515',REQUEST_DURATION_OKHTTP='282',REQUEST_SYNCHRONOUS='TRUE',RESPONSE_CODE='200',RESPONSE_METHOD='GET',RESPONSE_LENGTH_OKHTTP='22351',RESPONSE_LENGTH_HEADER='22351',REQUEST_PROTOCOL='h2',REQUEST_URL='https://is5-ssl.mzstatic.com/image/thumb/Podcasts114/v4/93/cf/99/93cf9960-fff3-205e-6655-72c03ddeccb2/mza_10545582232493904175.jpeg/170x170bb.png',
08-05 19:29:08.831  7325  8071 D MYTAG   : interceptor 2a
08-05 19:29:08.831  7325  8071 I NAPPA_EXPERIMENTATION: MetricNetworkRequestExecutionTime: REQUEST_DURATION_SYSTEM='529',REQUEST_DURATION_OKHTTP='296',REQUEST_SYNCHRONOUS='TRUE',RESPONSE_CODE='200',RESPONSE_METHOD='GET',RESPONSE_LENGTH_OKHTTP='54835',RESPONSE_LENGTH_HEADER='54835',REQUEST_PROTOCOL='h2',REQUEST_URL='https://is5-ssl.mzstatic.com/image/thumb/Podcasts113/v4/fd/54/6e/fd546ea0-7ab2-e3f0-6049-884d82917af9/mza_4855349695799758348.jpeg/170x170bb.png',
08-05 19:29:08.842  7325  8080 D MYTAG   : interceptor 2a
08-05 19:29:08.842  7325  8080 I NAPPA_EXPERIMENTATION: MetricNetworkRequestExecutionTime: REQUEST_DURATION_SYSTEM='537',REQUEST_DURATION_OKHTTP='305',REQUEST_SYNCHRONOUS='TRUE',RESPONSE_CODE='200',RESPONSE_METHOD='GET',RESPONSE_LENGTH_OKHTTP='12000',RESPONSE_LENGTH_HEADER='12000',REQUEST_PROTOCOL='h2',REQUEST_URL='https://is4-ssl.mzstatic.com/image/thumb/Podcasts124/v4/49/a4/91/49a491b7-3daf-c5dc-d7c6-6c4f1486955c/mza_5930014091766152297.png/170x170bb.png',
08-05 19:29:08.950  7325  7434 I art     : Starting a blocking GC Explicit
08-05 19:29:08.988  7325  7434 I art     : Explicit concurrent mark sweep GC freed 4425(274KB) AllocSpace objects, 1(20KB) LOS objects, 36% free, 28MB/44MB, paused 1.279ms total 36.878ms
08-05 19:29:09.000  7325  7434 I art     : Starting a blocking GC Explicit
08-05 19:29:09.036  7325  7434 I art     : Explicit concurrent mark sweep GC freed 57(3KB) AllocSpace objects, 0(0B) LOS objects, 36% free, 28MB/44MB, paused 1.307ms total 35.350ms
08-05 19:29:09.048  7325  7434 I art     : Starting a blocking GC Explicit
08-05 19:29:09.064 13866 13882 I PeriodicStatsRunner: PeriodicStatsRunner.call():175 call()
08-05 19:29:09.064 13866 13882 I PeriodicStatsRunner: PeriodicStatsRunner.call():179 No submit PeriodicStats since input started.
08-05 19:29:09.083  7325  7434 I art     : Explicit concurrent mark sweep GC freed 32(880B) AllocSpace objects, 0(0B) LOS objects, 36% free, 28MB/44MB, paused 1.253ms total 34.758ms
08-05 19:29:09.095  7325  7434 I art     : Starting a blocking GC Explicit
08-05 19:29:09.131  7325  7434 I art     : Explicit concurrent mark sweep GC freed 3(96B) AllocSpace objects, 0(0B) LOS objects, 36% free, 28MB/44MB, paused 1.278ms total 35.560ms
08-05 19:29:09.143  7325  7434 I art     : Starting a blocking GC Explicit
08-05 19:29:09.178  7325  7434 I art     : Explicit concurrent mark sweep GC freed 3(96B) AllocSpace objects, 0(0B) LOS objects, 36% free, 28MB/44MB, paused 1.330ms total 34.825ms
08-05 19:29:09.495  7325  8464 I art     : Starting a blocking GC Explicit
08-05 19:29:09.541  7325  8464 I art     : Explicit concurrent mark sweep GC freed 1372(80KB) AllocSpace objects, 1(20KB) LOS objects, 36% free, 28MB/44MB, paused 1.413ms total 45.298ms
08-05 19:29:09.554  7325  8464 I art     : Starting a blocking GC Explicit
08-05 19:29:09.593  7325  8464 I art     : Explicit concurrent mark sweep GC freed 23(752B) AllocSpace objects, 0(0B) LOS objects, 36% free, 28MB/44MB, paused 1.301ms total 38.125ms
08-05 19:29:09.605  7325  8464 I art     : Starting a blocking GC Explicit
08-05 19:29:09.642  7325  8464 I art     : Explicit concurrent mark sweep GC freed 3(96B) AllocSpace objects, 0(0B) LOS objects, 36% free, 28MB/44MB, paused 1.312ms total 36.743ms
08-05 19:29:09.655  7325  8464 I art     : Starting a blocking GC Explicit
08-05 19:29:09.693  7325  8464 I art     : Explicit concurrent mark sweep GC freed 3(96B) AllocSpace objects, 0(0B) LOS objects, 36% free, 28MB/44MB, paused 1.280ms total 37.876ms
08-05 19:29:09.705  7325  8464 I art     : Starting a blocking GC Explicit
08-05 19:29:09.743  7325  8464 I art     : Explicit concurrent mark sweep GC freed 3(96B) AllocSpace objects, 0(0B) LOS objects, 36% free, 28MB/44MB, paused 1.304ms total 37.725ms
08-05 19:29:10.092  7325  7337 I art     : Starting a blocking GC Explicit
08-05 19:29:10.174  7325  7337 I art     : Explicit concurrent mark sweep GC freed 1432(83KB) AllocSpace objects, 1(20KB) LOS objects, 36% free, 28MB/44MB, paused 2.146ms total 82.059ms
08-05 19:29:10.193  7325  7337 I art     : Starting a blocking GC Explicit
08-05 19:29:10.230  7325  7337 I art     : Explicit concurrent mark sweep GC freed 23(752B) AllocSpace objects, 0(0B) LOS objects, 36% free, 28MB/44MB, paused 1.305ms total 36.651ms
08-05 19:29:10.242  7325  7337 I art     : Starting a blocking GC Explicit
08-05 19:29:10.248   918  3261 D WifiStateMachine: starting scan for "H369AA63323"WPA_PSK with 2412,5180
08-05 19:29:10.277  7325  7337 I art     : Explicit concurrent mark sweep GC freed 3(96B) AllocSpace objects, 0(0B) LOS objects, 36% free, 28MB/44MB, paused 1.437ms total 34.474ms
08-05 19:29:10.289  7325  7337 I art     : Starting a blocking GC Explicit
08-05 19:29:10.327  7325  7337 I art     : Explicit concurrent mark sweep GC freed 3(96B) AllocSpace objects, 0(0B) LOS objects, 36% free, 28MB/44MB, paused 1.452ms total 37.981ms
08-05 19:29:10.339  7325  7337 I art     : Starting a blocking GC Explicit
08-05 19:29:10.377  7325  7337 I art     : Explicit concurrent mark sweep GC freed 3(96B) AllocSpace objects, 0(0B) LOS objects, 36% free, 28MB/44MB, paused 1.559ms total 37.502ms
08-05 19:29:10.725  7325  9065 I art     : Starting a blocking GC Explicit
08-05 19:29:10.774  7325  9065 I art     : Explicit concurrent mark sweep GC freed 1374(82KB) AllocSpace objects, 1(20KB) LOS objects, 36% free, 28MB/44MB, paused 1.455ms total 48.323ms
08-05 19:29:10.791  7325  9065 I art     : Starting a blocking GC Explicit
08-05 19:29:10.830  7325  9065 I art     : Explicit concurrent mark sweep GC freed 23(752B) AllocSpace objects, 0(0B) LOS objects, 36% free, 28MB/44MB, paused 1.316ms total 39.381ms
08-05 19:29:10.843  7325  9065 I art     : Starting a blocking GC Explicit
08-05 19:29:10.880  7325  9065 I art     : Explicit concurrent mark sweep GC freed 3(96B) AllocSpace objects, 0(0B) LOS objects, 36% free, 28MB/44MB, paused 1.525ms total 36.834ms
08-05 19:29:10.892  7325  9065 I art     : Starting a blocking GC Explicit
08-05 19:29:10.931  7325  9065 I art     : Explicit concurrent mark sweep GC freed 3(96B) AllocSpace objects, 0(0B) LOS objects, 36% free, 28MB/44MB, paused 1.281ms total 38.388ms
08-05 19:29:10.943  7325  9065 I art     : Starting a blocking GC Explicit
08-05 19:29:10.954 13866 13882 I PeriodicStatsRunner: PeriodicStatsRunner.call():175 call()
08-05 19:29:10.955 13866 13882 I PeriodicStatsRunner: PeriodicStatsRunner.call():179 No submit PeriodicStats since input started.
08-05 19:29:10.981  7325  9065 I art     : Explicit concurrent mark sweep GC freed 3(96B) AllocSpace objects, 0(0B) LOS objects, 36% free, 28MB/44MB, paused 1.363ms total 37.599ms
08-05 19:29:11.336  7325  7336 I art     : Starting a blocking GC Explicit
08-05 19:29:11.381  7325  7336 I art     : Explicit concurrent mark sweep GC freed 1402(82KB) AllocSpace objects, 1(20KB) LOS objects, 36% free, 28MB/44MB, paused 1.491ms total 43.858ms
08-05 19:29:11.395  7325  7336 I art     : Starting a blocking GC Explicit
08-05 19:29:11.434  7325  7336 I art     : Explicit concurrent mark sweep GC freed 23(752B) AllocSpace objects, 0(0B) LOS objects, 36% free, 28MB/44MB, paused 1.333ms total 38.504ms
08-05 19:29:11.447  7325  7336 I art     : Starting a blocking GC Explicit
08-05 19:29:11.484  7325  7336 I art     : Explicit concurrent mark sweep GC freed 3(96B) AllocSpace objects, 0(0B) LOS objects, 36% free, 28MB/44MB, paused 1.412ms total 37.419ms
08-05 19:29:11.497  7325  7336 I art     : Starting a blocking GC Explicit
08-05 19:29:11.534  7325  7336 I art     : Explicit concurrent mark sweep GC freed 3(96B) AllocSpace objects, 0(0B) LOS objects, 36% free, 28MB/44MB, paused 1.319ms total 36.702ms
08-05 19:29:11.546  7325  7336 I art     : Starting a blocking GC Explicit
08-05 19:29:11.584  7325  7336 I art     : Explicit concurrent mark sweep GC freed 3(96B) AllocSpace objects, 0(0B) LOS objects, 36% free, 28MB/44MB, paused 1.406ms total 37.986ms
08-05 19:29:11.935  7325  7434 I art     : Starting a blocking GC Explicit
08-05 19:29:11.988  7325  7434 I art     : Explicit concurrent mark sweep GC freed 1374(82KB) AllocSpace objects, 1(20KB) LOS objects, 36% free, 28MB/44MB, paused 1.991ms total 52.179ms
08-05 19:29:12.004  7325  7434 I art     : Starting a blocking GC Explicit
08-05 19:29:12.043  7325  7434 I art     : Explicit concurrent mark sweep GC freed 23(752B) AllocSpace objects, 0(0B) LOS objects, 36% free, 28MB/44MB, paused 1.304ms total 38.853ms
08-05 19:29:12.055  7325  7434 I art     : Starting a blocking GC Explicit
08-05 19:29:12.094  7325  7434 I art     : Explicit concurrent mark sweep GC freed 32(880B) AllocSpace objects, 0(0B) LOS objects, 36% free, 28MB/44MB, paused 1.321ms total 38.282ms
08-05 19:29:12.106  7325  7434 I art     : Starting a blocking GC Explicit
08-05 19:29:12.145  7325  7434 I art     : Explicit concurrent mark sweep GC freed 3(96B) AllocSpace objects, 0(0B) LOS objects, 36% free, 28MB/44MB, paused 1.311ms total 38.058ms
08-05 19:29:12.157  7325  7434 I art     : Starting a blocking GC Explicit
08-05 19:29:12.196  7325  7434 I art     : Explicit concurrent mark sweep GC freed 3(96B) AllocSpace objects, 0(0B) LOS objects, 36% free, 28MB/44MB, paused 1.341ms total 38.212ms
08-05 19:29:12.536  7325  8464 I art     : Starting a blocking GC Explicit
08-05 19:29:12.588  7325  8464 I art     : Explicit concurrent mark sweep GC freed 1373(81KB) AllocSpace objects, 1(20KB) LOS objects, 36% free, 28MB/44MB, paused 1.362ms total 51.990ms
08-05 19:29:12.604  7325  8464 I art     : Starting a blocking GC Explicit
08-05 19:29:12.642  7325  8464 I art     : Explicit concurrent mark sweep GC freed 23(752B) AllocSpace objects, 0(0B) LOS objects, 36% free, 28MB/44MB, paused 1.315ms total 38.006ms
08-05 19:29:12.655  7325  8464 I art     : Starting a blocking GC Explicit
08-05 19:29:12.693  7325  8464 I art     : Explicit concurrent mark sweep GC freed 3(96B) AllocSpace objects, 0(0B) LOS objects, 36% free, 28MB/44MB, paused 1.433ms total 37.932ms
08-05 19:29:12.705  7325  8464 I art     : Starting a blocking GC Explicit
08-05 19:29:12.742  7325  8464 I art     : Explicit concurrent mark sweep GC freed 3(96B) AllocSpace objects, 0(0B) LOS objects, 36% free, 28MB/44MB, paused 1.289ms total 36.800ms
08-05 19:29:12.754  7325  8464 I art     : Starting a blocking GC Explicit
08-05 19:29:12.793  7325  8464 I art     : Explicit concurrent mark sweep GC freed 3(96B) AllocSpace objects, 0(0B) LOS objects, 36% free, 28MB/44MB, paused 1.502ms total 38.071ms
08-05 19:29:13.138  7325  7337 I art     : Starting a blocking GC Explicit
08-05 19:29:13.187  7325  7337 I art     : Explicit concurrent mark sweep GC freed 1401(81KB) AllocSpace objects, 1(20KB) LOS objects, 36% free, 28MB/44MB, paused 1.486ms total 47.874ms
08-05 19:29:13.205  7325  7337 I art     : Starting a blocking GC Explicit
08-05 19:29:13.243  7325  7337 I art     : Explicit concurrent mark sweep GC freed 23(752B) AllocSpace objects, 0(0B) LOS objects, 36% free, 28MB/44MB, paused 1.271ms total 37.613ms
08-05 19:29:13.255  7325  7337 I art     : Starting a blocking GC Explicit
08-05 19:29:13.293  7325  7337 I art     : Explicit concurrent mark sweep GC freed 3(96B) AllocSpace objects, 0(0B) LOS objects, 36% free, 28MB/44MB, paused 1.426ms total 37.970ms
08-05 19:29:13.306  7325  7337 I art     : Starting a blocking GC Explicit
08-05 19:29:13.343  7325  7337 I art     : Explicit concurrent mark sweep GC freed 3(96B) AllocSpace objects, 0(0B) LOS objects, 36% free, 28MB/44MB, paused 1.279ms total 36.876ms
08-05 19:29:13.355  7325  7337 I art     : Starting a blocking GC Explicit
08-05 19:29:13.394  7325  7337 I art     : Explicit concurrent mark sweep GC freed 3(96B) AllocSpace objects, 0(0B) LOS objects, 36% free, 28MB/44MB, paused 1.437ms total 38.198ms
08-05 19:29:13.737  7325  9065 I art     : Starting a blocking GC Explicit
08-05 19:29:13.779  7325  9065 I art     : Explicit concurrent mark sweep GC freed 1372(80KB) AllocSpace objects, 1(20KB) LOS objects, 36% free, 28MB/44MB, paused 1.437ms total 42.047ms
08-05 19:29:13.794  7325  9065 I art     : Starting a blocking GC Explicit
08-05 19:29:13.835  7325  9065 I art     : Explicit concurrent mark sweep GC freed 23(752B) AllocSpace objects, 0(0B) LOS objects, 36% free, 28MB/44MB, paused 1.292ms total 40.018ms
08-05 19:29:13.847  7325  9065 I art     : Starting a blocking GC Explicit
08-05 19:29:13.886  7325  9065 I art     : Explicit concurrent mark sweep GC freed 3(96B) AllocSpace objects, 0(0B) LOS objects, 36% free, 28MB/44MB, paused 1.301ms total 38.523ms
08-05 19:29:13.898  7325  9065 I art     : Starting a blocking GC Explicit
08-05 19:29:13.937  7325  9065 I art     : Explicit concurrent mark sweep GC freed 3(96B) AllocSpace objects, 0(0B) LOS objects, 36% free, 28MB/44MB, paused 1.366ms total 38.657ms
08-05 19:29:13.949  7325  9065 I art     : Starting a blocking GC Explicit
08-05 19:29:13.988  7325  9065 I art     : Explicit concurrent mark sweep GC freed 3(96B) AllocSpace objects, 0(0B) LOS objects, 36% free, 28MB/44MB, paused 1.379ms total 37.915ms
08-05 19:29:14.309  7325  7336 I art     : Starting a blocking GC Explicit
08-05 19:29:14.346  7325  7336 I art     : Explicit concurrent mark sweep GC freed 1401(81KB) AllocSpace objects, 1(20KB) LOS objects, 36% free, 28MB/44MB, paused 1.365ms total 37.161ms
08-05 19:29:14.358  7325  7336 I art     : Starting a blocking GC Explicit
08-05 19:29:14.394  7325  7336 I art     : Explicit concurrent mark sweep GC freed 23(752B) AllocSpace objects, 0(0B) LOS objects, 36% free, 28MB/44MB, paused 1.302ms total 35.627ms
08-05 19:29:14.406  7325  7336 I art     : Starting a blocking GC Explicit
08-05 19:29:14.443  7325  7336 I art     : Explicit concurrent mark sweep GC freed 3(96B) AllocSpace objects, 0(0B) LOS objects, 36% free, 28MB/44MB, paused 1.270ms total 36.344ms
08-05 19:29:14.454  7325  7336 I art     : Starting a blocking GC Explicit
08-05 19:29:14.491  7325  7336 I art     : Explicit concurrent mark sweep GC freed 3(96B) AllocSpace objects, 0(0B) LOS objects, 36% free, 28MB/44MB, paused 1.356ms total 36.207ms
08-05 19:29:14.503  7325  7336 I art     : Starting a blocking GC Explicit
08-05 19:29:14.540  7325  7336 I art     : Explicit concurrent mark sweep GC freed 3(96B) AllocSpace objects, 0(0B) LOS objects, 36% free, 28MB/44MB, paused 1.338ms total 36.831ms
08-05 19:29:14.707  9276  9276 D AndroidRuntime: >>>>>> START com.android.internal.os.RuntimeInit uid 2000 <<<<<<
08-05 19:29:14.714  9276  9276 D AndroidRuntime: CheckJNI is OFF
08-05 19:29:14.756  9276  9276 D ICU     : No timezone override file found: /data/misc/zoneinfo/current/icu/icu_tzdata.dat
08-05 19:29:14.798  9276  9276 I Radio-JNI: register_android_hardware_Radio DONE
08-05 19:29:14.828  9276  9276 D AndroidRuntime: Calling main entry com.android.commands.input.Input
08-05 19:29:14.830  9276  9276 I Input   : injectMotionEvent: MotionEvent { action=ACTION_DOWN, actionButton=0, id[0]=0, x[0]=616.0, y[0]=469.0, toolType[0]=TOOL_TYPE_UNKNOWN, buttonState=0, metaState=0, flags=0x0, edgeFlags=0x0, pointerCount=1, historySize=0, eventTime=818971243, downTime=818971243, deviceId=0, source=0x1002 }
08-05 19:29:14.834  9276  9276 I Input   : injectMotionEvent: MotionEvent { action=ACTION_UP, actionButton=0, id[0]=0, x[0]=616.0, y[0]=469.0, toolType[0]=TOOL_TYPE_UNKNOWN, buttonState=0, metaState=0, flags=0x0, edgeFlags=0x0, pointerCount=1, historySize=0, eventTime=818971243, downTime=818971243, deviceId=0, source=0x1002 }
08-05 19:29:14.836  9276  9276 D AndroidRuntime: Shutting down VM
08-05 19:29:14.891  7325  9065 I art     : Starting a blocking GC Explicit
08-05 19:29:14.905   512  2967 D audio_hw_primary: out_set_parameters: enter: usecase(1: low-latency-playback) kvpairs: routing=2
08-05 19:29:14.918   512  2967 D audio_hw_primary: select_devices: out_snd_device(2: speaker) in_snd_device(0: none)
08-05 19:29:14.918   512  2967 D msm8974_platform: platform_send_audio_calibration: sending audio calibration for snd_device(2) acdb_id(15)
08-05 19:29:14.918   512  2967 I soundtrigger: audio_extn_sound_trigger_update_device_status: device 0x2 of type 0 for Event 1
08-05 19:29:14.928  7325  9065 I art     : Explicit concurrent mark sweep GC freed 1582(89KB) AllocSpace objects, 1(20KB) LOS objects, 36% free, 28MB/44MB, paused 1.717ms total 36.487ms
08-05 19:29:14.929   512  2967 D audio_hw_primary: enable_snd_device: snd_device(2: speaker)
08-05 19:29:14.931   512  2967 D audio_hw_primary: enable_audio_route: apply and update mixer path: low-latency-playback speaker
08-05 19:29:14.941  7325  9065 I art     : Starting a blocking GC Explicit
08-05 19:29:14.978  7325  9065 I art     : Explicit concurrent mark sweep GC freed 48(1744B) AllocSpace objects, 0(0B) LOS objects, 36% free, 28MB/44MB, paused 1.384ms total 36.990ms
08-05 19:29:14.989  7325  9065 I art     : Starting a blocking GC Explicit
08-05 19:29:15.022  7325  9065 I art     : Explicit concurrent mark sweep GC freed 18(672B) AllocSpace objects, 0(0B) LOS objects, 36% free, 28MB/44MB, paused 1.302ms total 32.494ms
08-05 19:29:15.033  7325  9065 I art     : Starting a blocking GC Explicit
08-05 19:29:15.067  7325  9065 I art     : Explicit concurrent mark sweep GC freed 44(1328B) AllocSpace objects, 0(0B) LOS objects, 36% free, 28MB/44MB, paused 1.290ms total 33.046ms
08-05 19:29:15.078  7325  9065 I art     : Starting a blocking GC Explicit
08-05 19:29:15.112  7325  9065 I art     : Explicit concurrent mark sweep GC freed 16(608B) AllocSpace objects, 0(0B) LOS objects, 36% free, 28MB/44MB, paused 1.304ms total 33.927ms
08-05 19:29:15.237  7325  7345 I NAPPA_EXPERIMENTATION: MetricNetworkRequestExecutionTime: REQUEST_DURATION_SYSTEM='333',REQUEST_DURATION_OKHTTP='331',REQUEST_SYNCHRONOUS='TRUE',RESPONSE_CODE='200',RESPONSE_METHOD='GET',RESPONSE_LENGTH_OKHTTP='-1',RESPONSE_LENGTH_HEADER='628',REQUEST_PROTOCOL='h2',REQUEST_URL='https://itunes.apple.com/lookup?id=1524080195',
08-05 19:29:15.251   918  6111 I ActivityManager: START u0 {cmp=baseline.de.danoeh.antennapod.debug/baseline.de.danoeh.antennapod.activity.OnlineFeedViewActivity (has extras)} from uid 10695 on display 0
08-05 19:29:15.277 13866 13866 I GoogleInputMethodServic: GoogleInputMethodService.onFinishInput():3138 
08-05 19:29:15.277 13866 13866 I GoogleInputMethodServic: GoogleInputMethodService.onStartInput():1808 
08-05 19:29:15.300  7325  7325 D UserPreferences: Using default data folder
08-05 19:29:15.301  7325  7325 D OnlineFeedViewActivity: Activity was started with url https://rss.art19.com/nice-white-parents
08-05 19:29:15.304  7325  7325 D OnlineFeedViewActivity: Starting feed download
08-05 19:29:15.308  7325  7872 D DBReader: Extracting Feedlist
08-05 19:29:15.310   918  6110 D WifiService: acquireWifiLockLocked: WifiLock{Downloader type=1 binder=android.os.BinderProxy@719accb}
08-05 19:29:15.313  7325  7872 D AntennapodHttpClient: Creating new instance of HTTP client
08-05 19:29:15.356 13866 13866 I GoogleInputMethodServic: GoogleInputMethodService.onFinishInput():3138 
08-05 19:29:15.358 13866 13866 I GoogleInputMethodServic: GoogleInputMethodService.onStartInput():1808 
08-05 19:29:15.389   918   936 I ActivityManager: Displayed baseline.de.danoeh.antennapod.debug/baseline.de.danoeh.antennapod.activity.OnlineFeedViewActivity: +111ms
08-05 19:29:15.402  7325  7336 I art     : Starting a blocking GC Explicit
08-05 19:29:15.447  7325  7336 I art     : Explicit concurrent mark sweep GC freed 7124(394KB) AllocSpace objects, 4(220KB) LOS objects, 35% free, 28MB/44MB, paused 1.542ms total 43.580ms
08-05 19:29:15.459  7325  7336 I art     : Starting a blocking GC Explicit
08-05 19:29:15.478   512  2967 D audio_hw_primary: disable_audio_route: reset and update mixer path: low-latency-playback speaker
08-05 19:29:15.479   512  2967 D audio_hw_primary: disable_snd_device: snd_device(2: speaker)
08-05 19:29:15.488   512  2967 I soundtrigger: audio_extn_sound_trigger_update_device_status: device 0x2 of type 0 for Event 0
08-05 19:29:15.492  7325  7336 I art     : Explicit concurrent mark sweep GC freed 2019(171KB) AllocSpace objects, 0(0B) LOS objects, 35% free, 28MB/44MB, paused 1.353ms total 32.473ms
08-05 19:29:15.504  7325  7336 I art     : Starting a blocking GC Explicit
08-05 19:29:15.539  7325  7336 I art     : Explicit concurrent mark sweep GC freed 36(1600B) AllocSpace objects, 0(0B) LOS objects, 35% free, 28MB/44MB, paused 1.544ms total 35.079ms
08-05 19:29:15.552  7325  7336 I art     : Starting a blocking GC Explicit
08-05 19:29:15.594  7325  7336 I art     : Explicit concurrent mark sweep GC freed 7(256B) AllocSpace objects, 0(0B) LOS objects, 35% free, 28MB/44MB, paused 1.566ms total 41.566ms
08-05 19:29:15.595  7325  7872 D MYTAG   : interceptor 3a https://rss.art19.com/nice-white-parents
08-05 19:29:15.595  7325  7872 I NAPPA_EXPERIMENTATION: MetricNetworkRequestExecutionTime: REQUEST_DURATION_SYSTEM='281',REQUEST_DURATION_OKHTTP='145',REQUEST_SYNCHRONOUS='TRUE',RESPONSE_CODE='200',RESPONSE_METHOD='GET',RESPONSE_LENGTH_OKHTTP='-1',RESPONSE_LENGTH_HEADER='1803',REQUEST_PROTOCOL='h2',REQUEST_URL='https://rss.art19.com/nice-white-parents',
08-05 19:29:15.595  7325  7872 D HttpDownloader: Response code is 200
08-05 19:29:15.595  7325  7872 D UserPreferences: Using default data folder
08-05 19:29:15.602  7325  7872 D HttpDownloader: Getting size of download
08-05 19:29:15.602  7325  7872 D HttpDownloader: Size is -1
08-05 19:29:15.603  7325  7872 D UserPreferences: Using default data folder
08-05 19:29:15.603  7325  7872 D HttpDownloader: Free space is 20164530176
08-05 19:29:15.603  7325  7872 D HttpDownloader: Starting download
08-05 19:29:15.608  7325  7336 I art     : Starting a blocking GC Explicit
08-05 19:29:15.617   380   380 W SurfaceFlinger: couldn't log to binary event log: overflow.
08-05 19:29:15.630  7325  7872 D HttpDownloader: Download was successful
08-05 19:29:15.631   918  5132 D WifiService: releaseWifiLockLocked: WifiLock{Downloader type=1 binder=android.os.BinderProxy@719accb}
08-05 19:29:15.632  7325  7325 D OnlineFeedViewActivity: Parsing feed
08-05 19:29:15.635  7325  9323 D TypeGetter: Recognized type RSS 2.0
08-05 19:29:15.636  7325  9323 D SyndHandler: Recognized ITunes namespace
08-05 19:29:15.637  7325  9323 D SyndHandler: Recognized Atom namespace
08-05 19:29:15.637  7325  9323 D SyndHandler: Recognized Content namespace
08-05 19:29:15.642  7325  7336 I art     : Explicit concurrent mark sweep GC freed 552(139KB) AllocSpace objects, 3(60KB) LOS objects, 35% free, 28MB/44MB, paused 1.398ms total 34.008ms
08-05 19:29:15.645  7325  9323 D OnlineFeedViewActivity: Deleted feed source file. Result: true
08-05 19:29:15.645  7325  7325 D OnlineFeedViewActivity: Removing HTML from shownotes
08-05 19:29:15.754  7325  7325 D PlaybackController: Releasing PlaybackController
08-05 19:29:15.959  7325  7434 I art     : Starting a blocking GC Explicit
08-05 19:29:16.007  7325  7434 I art     : Explicit concurrent mark sweep GC freed 3198(239KB) AllocSpace objects, 2(88KB) LOS objects, 35% free, 28MB/44MB, paused 1.420ms total 47.787ms
08-05 19:29:16.022  7325  7434 I art     : Starting a blocking GC Explicit
08-05 19:29:16.060  7325  7434 I art     : Explicit concurrent mark sweep GC freed 651(31KB) AllocSpace objects, 1(112KB) LOS objects, 35% free, 28MB/44MB, paused 1.297ms total 37.534ms
08-05 19:29:16.072  7325  7434 I art     : Starting a blocking GC Explicit
08-05 19:29:16.110  7325  7434 I art     : Explicit concurrent mark sweep GC freed 3(96B) AllocSpace objects, 0(0B) LOS objects, 35% free, 28MB/44MB, paused 1.454ms total 37.407ms
08-05 19:29:16.122  7325  7434 I art     : Starting a blocking GC Explicit
08-05 19:29:16.160  7325  7434 I art     : Explicit concurrent mark sweep GC freed 3(96B) AllocSpace objects, 0(0B) LOS objects, 35% free, 28MB/44MB, paused 1.364ms total 37.713ms
08-05 19:29:16.172  7325  7434 I art     : Starting a blocking GC Explicit
08-05 19:29:16.210  7325  7434 I art     : Explicit concurrent mark sweep GC freed 3(96B) AllocSpace objects, 0(0B) LOS objects, 35% free, 28MB/44MB, paused 1.468ms total 37.658ms
08-05 19:29:16.537  7325  7337 I art     : Starting a blocking GC Explicit
08-05 19:29:16.584  7325  7337 I art     : Explicit concurrent mark sweep GC freed 1372(80KB) AllocSpace objects, 1(20KB) LOS objects, 35% free, 28MB/44MB, paused 1.484ms total 46.491ms
08-05 19:29:16.600  7325  7337 I art     : Starting a blocking GC Explicit
08-05 19:29:16.640  7325  7337 I art     : Explicit concurrent mark sweep GC freed 23(768B) AllocSpace objects, 0(0B) LOS objects, 35% free, 28MB/44MB, paused 1.351ms total 40.503ms
08-05 19:29:16.653  7325  7337 I art     : Starting a blocking GC Explicit
08-05 19:29:16.694  7325  7337 I art     : Explicit concurrent mark sweep GC freed 3(96B) AllocSpace objects, 0(0B) LOS objects, 35% free, 28MB/44MB, paused 1.413ms total 40.903ms
08-05 19:29:16.707  7325  7337 I art     : Starting a blocking GC Explicit
08-05 19:29:16.747  7325  7337 I art     : Explicit concurrent mark sweep GC freed 3(96B) AllocSpace objects, 0(0B) LOS objects, 35% free, 28MB/44MB, paused 1.519ms total 40.609ms
08-05 19:29:16.760  7325  7337 I art     : Starting a blocking GC Explicit
08-05 19:29:16.800  7325  7337 I art     : Explicit concurrent mark sweep GC freed 3(96B) AllocSpace objects, 0(0B) LOS objects, 35% free, 28MB/44MB, paused 1.397ms total 40.155ms
08-05 19:29:17.154  7325  7336 I art     : Starting a blocking GC Explicit
08-05 19:29:17.203  7325  7336 I art     : Explicit concurrent mark sweep GC freed 1401(81KB) AllocSpace objects, 1(20KB) LOS objects, 35% free, 28MB/44MB, paused 1.514ms total 48.599ms
08-05 19:29:17.221  7325  7336 I art     : Starting a blocking GC Explicit
08-05 19:29:17.263  7325  7336 I art     : Explicit concurrent mark sweep GC freed 23(752B) AllocSpace objects, 0(0B) LOS objects, 35% free, 28MB/44MB, paused 1.384ms total 42.194ms
08-05 19:29:17.276  7325  7336 I art     : Starting a blocking GC Explicit
08-05 19:29:17.315  7325  7336 I art     : Explicit concurrent mark sweep GC freed 8(256B) AllocSpace objects, 0(0B) LOS objects, 35% free, 28MB/44MB, paused 1.417ms total 38.979ms
08-05 19:29:17.327  7325  7336 I art     : Starting a blocking GC Explicit
08-05 19:29:17.363  7325  7336 I art     : Explicit concurrent mark sweep GC freed 9(288B) AllocSpace objects, 0(0B) LOS objects, 35% free, 28MB/44MB, paused 1.318ms total 35.252ms
08-05 19:29:17.374  7325  7336 I art     : Starting a blocking GC Explicit
08-05 19:29:17.411  7325  7336 I art     : Explicit concurrent mark sweep GC freed 9(288B) AllocSpace objects, 0(0B) LOS objects, 35% free, 28MB/44MB, paused 1.221ms total 36.019ms
08-05 19:29:17.758  7325  7336 I art     : Starting a blocking GC Explicit
08-05 19:29:17.811  7325  7336 I art     : Explicit concurrent mark sweep GC freed 1383(80KB) AllocSpace objects, 1(20KB) LOS objects, 35% free, 28MB/44MB, paused 1.514ms total 52.784ms
08-05 19:29:17.827  7325  7336 I art     : Starting a blocking GC Explicit
08-05 19:29:17.864  7325  7336 I art     : Explicit concurrent mark sweep GC freed 23(752B) AllocSpace objects, 0(0B) LOS objects, 35% free, 28MB/44MB, paused 1.288ms total 37.435ms
08-05 19:29:17.877  7325  7336 I art     : Starting a blocking GC Explicit
08-05 19:29:17.918  7325  7336 I art     : Explicit concurrent mark sweep GC freed 3(96B) AllocSpace objects, 0(0B) LOS objects, 35% free, 28MB/44MB, paused 1.562ms total 41.003ms
08-05 19:29:17.931  7325  7336 I art     : Starting a blocking GC Explicit
08-05 19:29:17.971  7325  7336 I art     : Explicit concurrent mark sweep GC freed 3(96B) AllocSpace objects, 0(0B) LOS objects, 35% free, 28MB/44MB, paused 1.333ms total 39.860ms
08-05 19:29:17.984  7325  7336 I art     : Starting a blocking GC Explicit
08-05 19:29:18.024  7325  7336 I art     : Explicit concurrent mark sweep GC freed 3(96B) AllocSpace objects, 0(0B) LOS objects, 35% free, 28MB/44MB, paused 1.394ms total 40.422ms
08-05 19:29:18.375  7325  8464 I art     : Starting a blocking GC Explicit
08-05 19:29:18.426  7325  8464 I art     : Explicit concurrent mark sweep GC freed 1401(81KB) AllocSpace objects, 1(20KB) LOS objects, 35% free, 28MB/44MB, paused 1.646ms total 49.999ms
08-05 19:29:18.440  7325  8464 I art     : Starting a blocking GC Explicit
08-05 19:29:18.479  7325  8464 I art     : Explicit concurrent mark sweep GC freed 23(752B) AllocSpace objects, 0(0B) LOS objects, 35% free, 28MB/44MB, paused 1.467ms total 38.978ms
08-05 19:29:18.492  7325  8464 I art     : Starting a blocking GC Explicit
08-05 19:29:18.533  7325  8464 I art     : Explicit concurrent mark sweep GC freed 3(96B) AllocSpace objects, 0(0B) LOS objects, 35% free, 28MB/44MB, paused 1.395ms total 40.243ms
08-05 19:29:18.545  7325  8464 I art     : Starting a blocking GC Explicit
08-05 19:29:18.585  7325  8464 I art     : Explicit concurrent mark sweep GC freed 3(96B) AllocSpace objects, 0(0B) LOS objects, 35% free, 28MB/44MB, paused 1.375ms total 39.709ms
08-05 19:29:18.598  7325  8464 I art     : Starting a blocking GC Explicit
08-05 19:29:18.639  7325  8464 I art     : Explicit concurrent mark sweep GC freed 3(96B) AllocSpace objects, 0(0B) LOS objects, 35% free, 28MB/44MB, paused 1.432ms total 40.716ms
08-05 19:29:18.980  7325  9065 I art     : Starting a blocking GC Explicit
08-05 19:29:19.029  7325  9065 I art     : Explicit concurrent mark sweep GC freed 1372(80KB) AllocSpace objects, 1(20KB) LOS objects, 35% free, 28MB/44MB, paused 1.691ms total 48.439ms
08-05 19:29:19.045  7325  9065 I art     : Starting a blocking GC Explicit
08-05 19:29:19.086  7325  9065 I art     : Explicit concurrent mark sweep GC freed 52(1536B) AllocSpace objects, 0(0B) LOS objects, 35% free, 28MB/44MB, paused 1.278ms total 41.115ms
08-05 19:29:19.098  7325  9065 I art     : Starting a blocking GC Explicit
08-05 19:29:19.133  7325  9065 I art     : Explicit concurrent mark sweep GC freed 3(96B) AllocSpace objects, 0(0B) LOS objects, 35% free, 28MB/44MB, paused 1.263ms total 34.457ms
08-05 19:29:19.145  7325  9065 I art     : Starting a blocking GC Explicit
08-05 19:29:19.180  7325  9065 I art     : Explicit concurrent mark sweep GC freed 3(96B) AllocSpace objects, 0(0B) LOS objects, 35% free, 28MB/44MB, paused 1.321ms total 35.710ms
08-05 19:29:19.192  7325  9065 I art     : Starting a blocking GC Explicit
08-05 19:29:19.228  7325  9065 I art     : Explicit concurrent mark sweep GC freed 3(96B) AllocSpace objects, 0(0B) LOS objects, 35% free, 28MB/44MB, paused 1.504ms total 35.320ms
08-05 19:29:19.568  7325  7337 I art     : Starting a blocking GC Explicit
08-05 19:29:19.611  7325  7337 I art     : Explicit concurrent mark sweep GC freed 1373(82KB) AllocSpace objects, 1(20KB) LOS objects, 35% free, 28MB/44MB, paused 1.489ms total 43.199ms
08-05 19:29:19.624  7325  7337 I art     : Starting a blocking GC Explicit
08-05 19:29:19.650  9387  9387 D AndroidRuntime: >>>>>> START com.android.internal.os.RuntimeInit uid 2000 <<<<<<
08-05 19:29:19.655  9387  9387 D AndroidRuntime: CheckJNI is OFF
08-05 19:29:19.661  7325  7337 I art     : Explicit concurrent mark sweep GC freed 23(752B) AllocSpace objects, 0(0B) LOS objects, 35% free, 28MB/44MB, paused 1.390ms total 36.394ms
08-05 19:29:19.673  7325  7337 I art     : Starting a blocking GC Explicit
08-05 19:29:19.700  9387  9387 D ICU     : No timezone override file found: /data/misc/zoneinfo/current/icu/icu_tzdata.dat
08-05 19:29:19.710  7325  7337 I art     : Explicit concurrent mark sweep GC freed 3(96B) AllocSpace objects, 0(0B) LOS objects, 35% free, 28MB/44MB, paused 1.379ms total 36.796ms
08-05 19:29:19.722  7325  7337 I art     : Starting a blocking GC Explicit
08-05 19:29:19.751  9387  9387 I Radio-JNI: register_android_hardware_Radio DONE
08-05 19:29:19.764  7325  7337 I art     : Explicit concurrent mark sweep GC freed 3(96B) AllocSpace objects, 0(0B) LOS objects, 35% free, 28MB/44MB, paused 1.515ms total 41.731ms
08-05 19:29:19.776  7325  7337 I art     : Starting a blocking GC Explicit
08-05 19:29:19.781  9387  9387 D AndroidRuntime: Calling main entry com.android.commands.input.Input
08-05 19:29:19.783  9387  9387 I Input   : injectKeyEvent: KeyEvent { action=ACTION_DOWN, keyCode=KEYCODE_BACK, scanCode=0, metaState=0, flags=0x0, repeatCount=0, eventTime=818976196, downTime=818976196, deviceId=-1, source=0x101 }
08-05 19:29:19.790  9387  9387 I Input   : injectKeyEvent: KeyEvent { action=ACTION_UP, keyCode=KEYCODE_BACK, scanCode=0, metaState=0, flags=0x0, repeatCount=0, eventTime=818976196, downTime=818976196, deviceId=-1, source=0x101 }
08-05 19:29:19.796  9387  9387 D AndroidRuntime: Shutting down VM
08-05 19:29:19.801  7325  7325 V PlaybackController: initServiceNotRunning()
08-05 19:29:19.801  7325  7325 D ExternalPlayerFragment: Loading media info
08-05 19:29:19.807  7325  7325 D UserPreferences: Using default data folder
08-05 19:29:19.807  7325  7872 D DBReader: getNavDrawerData() called with: 
08-05 19:29:19.811  7325  7337 I art     : Explicit concurrent mark sweep GC freed 232(13KB) AllocSpace objects, 0(0B) LOS objects, 35% free, 28MB/44MB, paused 1.799ms total 35.141ms
08-05 19:29:19.823  7325  7872 D DBReader: getDownloadedItems() called
08-05 19:29:19.824  7325  7872 D DBReader: getFavoriteIDList() called
08-05 19:29:19.825  7325  7872 D DBReader: getQueueIDList() called
08-05 19:29:19.826  7325  7872 D DBReader: Extracting Feedlist
08-05 19:29:19.839 13866 13866 I GoogleInputMethodServic: GoogleInputMethodService.onFinishInput():3138 
08-05 19:29:19.840 13866 13866 I GoogleInputMethodServic: GoogleInputMethodService.onStartInput():1808 
08-05 19:29:19.854  7325  7325 D MainActivity: getLastNavFragment() -> AddFeedFragment
08-05 19:29:20.124  7325  7336 I art     : Starting a blocking GC Explicit
08-05 19:29:20.137   380   380 W SurfaceFlinger: couldn't log to binary event log: overflow.
08-05 19:29:20.162  7325  7336 I art     : Explicit concurrent mark sweep GC freed 2786(161KB) AllocSpace objects, 1(20KB) LOS objects, 35% free, 28MB/44MB, paused 1.340ms total 37.890ms
08-05 19:29:20.174  7325  7336 I art     : Starting a blocking GC Explicit
08-05 19:29:20.210  7325  7336 I art     : Explicit concurrent mark sweep GC freed 551(27KB) AllocSpace objects, 0(0B) LOS objects, 35% free, 28MB/44MB, paused 1.381ms total 36.398ms
08-05 19:29:20.222  7325  7336 I art     : Starting a blocking GC Explicit
08-05 19:29:20.258  7325  7336 I art     : Explicit concurrent mark sweep GC freed 2433(151KB) AllocSpace objects, 1(28KB) LOS objects, 35% free, 28MB/44MB, paused 1.461ms total 34.857ms
08-05 19:29:20.270  7325  7336 I art     : Starting a blocking GC Explicit
08-05 19:29:20.277 13866 13882 I PeriodicStatsRunner: PeriodicStatsRunner.call():175 call()
08-05 19:29:20.277 13866 13882 I PeriodicStatsRunner: PeriodicStatsRunner.call():179 No submit PeriodicStats since input started.
08-05 19:29:20.305  7325  7336 I art     : Explicit concurrent mark sweep GC freed 3(96B) AllocSpace objects, 0(0B) LOS objects, 35% free, 28MB/44MB, paused 1.309ms total 35.310ms
08-05 19:29:20.317  7325  7336 I art     : Starting a blocking GC Explicit
08-05 19:29:20.354  7325  7336 I art     : Explicit concurrent mark sweep GC freed 3(96B) AllocSpace objects, 0(0B) LOS objects, 35% free, 28MB/44MB, paused 1.403ms total 36.047ms
08-05 19:29:20.358 13866 13882 I PeriodicStatsRunner: PeriodicStatsRunner.call():175 call()
08-05 19:29:20.358 13866 13882 I PeriodicStatsRunner: PeriodicStatsRunner.call():179 No submit PeriodicStats since input started.
08-05 19:29:20.678  7325  7337 I art     : Starting a blocking GC Explicit
08-05 19:29:20.726  7325  7337 I art     : Explicit concurrent mark sweep GC freed 1374(82KB) AllocSpace objects, 1(20KB) LOS objects, 35% free, 28MB/44MB, paused 1.450ms total 47.986ms
08-05 19:29:20.742  7325  7337 I art     : Starting a blocking GC Explicit
08-05 19:29:20.777  7325  7337 I art     : Explicit concurrent mark sweep GC freed 23(752B) AllocSpace objects, 0(0B) LOS objects, 35% free, 28MB/44MB, paused 1.387ms total 35.005ms
08-05 19:29:20.789  7325  7337 I art     : Starting a blocking GC Explicit
08-05 19:29:20.826  7325  7337 I art     : Explicit concurrent mark sweep GC freed 3(96B) AllocSpace objects, 0(0B) LOS objects, 35% free, 28MB/44MB, paused 1.327ms total 36.204ms
08-05 19:29:20.838  7325  7337 I art     : Starting a blocking GC Explicit
08-05 19:29:20.874  7325  7337 I art     : Explicit concurrent mark sweep GC freed 3(96B) AllocSpace objects, 0(0B) LOS objects, 35% free, 28MB/44MB, paused 1.368ms total 36.381ms
08-05 19:29:20.887  7325  7337 I art     : Starting a blocking GC Explicit
08-05 19:29:20.923  7325  7337 I art     : Explicit concurrent mark sweep GC freed 3(96B) AllocSpace objects, 0(0B) LOS objects, 35% free, 28MB/44MB, paused 1.349ms total 36.488ms
08-05 19:29:21.225  7325  7434 I art     : Starting a blocking GC Explicit
08-05 19:29:21.270  7325  7434 I art     : Explicit concurrent mark sweep GC freed 1402(81KB) AllocSpace objects, 1(20KB) LOS objects, 35% free, 28MB/44MB, paused 1.543ms total 44.176ms
08-05 19:29:21.283  7325  7434 I art     : Starting a blocking GC Explicit
08-05 19:29:21.318  7325  7434 I art     : Explicit concurrent mark sweep GC freed 23(752B) AllocSpace objects, 0(0B) LOS objects, 35% free, 28MB/44MB, paused 1.530ms total 34.908ms
08-05 19:29:21.330  7325  7434 I art     : Starting a blocking GC Explicit
08-05 19:29:21.365  7325  7434 I art     : Explicit concurrent mark sweep GC freed 3(96B) AllocSpace objects, 0(0B) LOS objects, 35% free, 28MB/44MB, paused 1.348ms total 34.246ms
08-05 19:29:21.376  7325  7434 I art     : Starting a blocking GC Explicit
08-05 19:29:21.412  7325  7434 I art     : Explicit concurrent mark sweep GC freed 3(96B) AllocSpace objects, 0(0B) LOS objects, 35% free, 28MB/44MB, paused 1.354ms total 34.974ms
08-05 19:29:21.423  7325  7434 I art     : Starting a blocking GC Explicit
08-05 19:29:21.462  7325  7434 I art     : Explicit concurrent mark sweep GC freed 7(224B) AllocSpace objects, 0(0B) LOS objects, 35% free, 28MB/44MB, paused 1.318ms total 38.755ms
08-05 19:29:21.602  9430  9430 D AndroidRuntime: >>>>>> START com.android.internal.os.RuntimeInit uid 2000 <<<<<<
08-05 19:29:21.608  9430  9430 D AndroidRuntime: CheckJNI is OFF
08-05 19:29:21.649  9430  9430 D ICU     : No timezone override file found: /data/misc/zoneinfo/current/icu/icu_tzdata.dat
08-05 19:29:21.691  9430  9430 I Radio-JNI: register_android_hardware_Radio DONE
08-05 19:29:21.719  9430  9430 D AndroidRuntime: Calling main entry com.android.commands.input.Input
08-05 19:29:21.721  9430  9430 I Input   : injectKeyEvent: KeyEvent { action=ACTION_DOWN, keyCode=KEYCODE_BACK, scanCode=0, metaState=0, flags=0x0, repeatCount=0, eventTime=818978134, downTime=818978134, deviceId=-1, source=0x101 }
08-05 19:29:21.728  9430  9430 I Input   : injectKeyEvent: KeyEvent { action=ACTION_UP, keyCode=KEYCODE_BACK, scanCode=0, metaState=0, flags=0x0, repeatCount=0, eventTime=818978134, downTime=818978134, deviceId=-1, source=0x101 }
08-05 19:29:21.743 13866 13866 I GoogleInputMethodServic: GoogleInputMethodService.onFinishInput():3138 
08-05 19:29:21.744 13866 13866 I GoogleInputMethodServic: GoogleInputMethodService.onStartInput():1808 
08-05 19:29:21.749  9430  9430 D AndroidRuntime: Shutting down VM
08-05 19:29:21.803  7325  8464 I art     : Starting a blocking GC Explicit
08-05 19:29:21.841  7325  8464 I art     : Explicit concurrent mark sweep GC freed 2548(128KB) AllocSpace objects, 1(20KB) LOS objects, 35% free, 28MB/44MB, paused 1.506ms total 37.542ms
08-05 19:29:21.853  7325  8464 I art     : Starting a blocking GC Explicit
08-05 19:29:21.890  7325  8464 I art     : Explicit concurrent mark sweep GC freed 2694(179KB) AllocSpace objects, 9(1540KB) LOS objects, 37% free, 26MB/42MB, paused 1.433ms total 36.680ms
08-05 19:29:21.902  7325  8464 I art     : Starting a blocking GC Explicit
08-05 19:29:21.938  7325  8464 I art     : Explicit concurrent mark sweep GC freed 3(96B) AllocSpace objects, 0(0B) LOS objects, 37% free, 26MB/42MB, paused 1.570ms total 35.648ms
08-05 19:29:21.950  7325  8464 I art     : Starting a blocking GC Explicit
08-05 19:29:21.985  7325  8464 I art     : Explicit concurrent mark sweep GC freed 3(96B) AllocSpace objects, 0(0B) LOS objects, 37% free, 26MB/42MB, paused 1.350ms total 34.649ms
08-05 19:29:21.996  7325  8464 I art     : Starting a blocking GC Explicit
08-05 19:29:22.031  7325  8464 I art     : Explicit concurrent mark sweep GC freed 3(96B) AllocSpace objects, 0(0B) LOS objects, 37% free, 26MB/42MB, paused 1.344ms total 34.684ms
08-05 19:29:22.351  7325  7434 I art     : Starting a blocking GC Explicit
08-05 19:29:22.396  7325  7434 I art     : Explicit concurrent mark sweep GC freed 1402(82KB) AllocSpace objects, 1(20KB) LOS objects, 37% free, 26MB/42MB, paused 1.427ms total 45.067ms
08-05 19:29:22.410  7325  7434 I art     : Starting a blocking GC Explicit
08-05 19:29:22.446  7325  7434 I art     : Explicit concurrent mark sweep GC freed 23(752B) AllocSpace objects, 0(0B) LOS objects, 37% free, 26MB/42MB, paused 1.332ms total 35.193ms
08-05 19:29:22.458  7325  7434 I art     : Starting a blocking GC Explicit
08-05 19:29:22.494  7325  7434 I art     : Explicit concurrent mark sweep GC freed 3(96B) AllocSpace objects, 0(0B) LOS objects, 37% free, 26MB/42MB, paused 1.332ms total 35.492ms
08-05 19:29:22.506  7325  7434 I art     : Starting a blocking GC Explicit
08-05 19:29:22.541  7325  7434 I art     : Explicit concurrent mark sweep GC freed 3(96B) AllocSpace objects, 0(0B) LOS objects, 37% free, 26MB/42MB, paused 1.456ms total 35.105ms
08-05 19:29:22.553  7325  7434 I art     : Starting a blocking GC Explicit
08-05 19:29:22.589  7325  7434 I art     : Explicit concurrent mark sweep GC freed 3(96B) AllocSpace objects, 0(0B) LOS objects, 37% free, 26MB/42MB, paused 1.425ms total 35.622ms
08-05 19:29:22.920  7325  7336 I art     : Starting a blocking GC Explicit
08-05 19:29:22.967  7325  7336 I art     : Explicit concurrent mark sweep GC freed 1371(80KB) AllocSpace objects, 1(20KB) LOS objects, 37% free, 26MB/42MB, paused 1.396ms total 46.777ms
08-05 19:29:22.984  7325  7336 I art     : Starting a blocking GC Explicit
08-05 19:29:23.018  7325  7336 I art     : Explicit concurrent mark sweep GC freed 23(752B) AllocSpace objects, 0(0B) LOS objects, 37% free, 26MB/42MB, paused 1.487ms total 33.611ms
08-05 19:29:23.030  7325  7336 I art     : Starting a blocking GC Explicit
08-05 19:29:23.063  7325  7336 I art     : Explicit concurrent mark sweep GC freed 32(880B) AllocSpace objects, 0(0B) LOS objects, 37% free, 26MB/42MB, paused 1.328ms total 32.897ms
08-05 19:29:23.075  7325  7336 I art     : Starting a blocking GC Explicit
08-05 19:29:23.109  7325  7336 I art     : Explicit concurrent mark sweep GC freed 3(96B) AllocSpace objects, 0(0B) LOS objects, 37% free, 26MB/42MB, paused 1.387ms total 33.587ms
08-05 19:29:23.121  7325  7336 I art     : Starting a blocking GC Explicit
08-05 19:29:23.154  7325  7336 I art     : Explicit concurrent mark sweep GC freed 3(96B) AllocSpace objects, 0(0B) LOS objects, 37% free, 26MB/42MB, paused 1.332ms total 33.019ms
08-05 19:29:23.467  7325  9065 I art     : Starting a blocking GC Explicit
08-05 19:29:23.506  7325  9065 I art     : Explicit concurrent mark sweep GC freed 1390(82KB) AllocSpace objects, 1(20KB) LOS objects, 37% free, 26MB/42MB, paused 1.423ms total 38.295ms
08-05 19:29:23.519  7325  9065 I art     : Starting a blocking GC Explicit
08-05 19:29:23.524  9483  9483 D AndroidRuntime: >>>>>> START com.android.internal.os.RuntimeInit uid 2000 <<<<<<
08-05 19:29:23.530  9483  9483 D AndroidRuntime: CheckJNI is OFF
08-05 19:29:23.554  7325  9065 I art     : Explicit concurrent mark sweep GC freed 29(944B) AllocSpace objects, 0(0B) LOS objects, 37% free, 26MB/42MB, paused 1.345ms total 34.729ms
08-05 19:29:23.565  7325  9065 I art     : Starting a blocking GC Explicit
08-05 19:29:23.574  9483  9483 D ICU     : No timezone override file found: /data/misc/zoneinfo/current/icu/icu_tzdata.dat
08-05 19:29:23.598  7325  9065 I art     : Explicit concurrent mark sweep GC freed 9(288B) AllocSpace objects, 0(0B) LOS objects, 37% free, 26MB/42MB, paused 1.414ms total 32.302ms
08-05 19:29:23.609  7325  9065 I art     : Starting a blocking GC Explicit
08-05 19:29:23.618  9483  9483 I Radio-JNI: register_android_hardware_Radio DONE
08-05 19:29:23.643  7325  9065 I art     : Explicit concurrent mark sweep GC freed 4(128B) AllocSpace objects, 0(0B) LOS objects, 37% free, 26MB/42MB, paused 1.209ms total 33.048ms
08-05 19:29:23.646  9483  9483 D AndroidRuntime: Calling main entry com.android.commands.input.Input
08-05 19:29:23.648  9483  9483 I Input   : injectMotionEvent: MotionEvent { action=ACTION_DOWN, actionButton=0, id[0]=0, x[0]=103.0, y[0]=192.0, toolType[0]=TOOL_TYPE_UNKNOWN, buttonState=0, metaState=0, flags=0x0, edgeFlags=0x0, pointerCount=1, historySize=0, eventTime=818980060, downTime=818980060, deviceId=0, source=0x1002 }
08-05 19:29:23.654  7325  9065 I art     : Starting a blocking GC Explicit
08-05 19:29:23.655  9483  9483 I Input   : injectMotionEvent: MotionEvent { action=ACTION_UP, actionButton=0, id[0]=0, x[0]=103.0, y[0]=192.0, toolType[0]=TOOL_TYPE_UNKNOWN, buttonState=0, metaState=0, flags=0x0, edgeFlags=0x0, pointerCount=1, historySize=0, eventTime=818980060, downTime=818980060, deviceId=0, source=0x1002 }
08-05 19:29:23.657  9483  9483 D AndroidRuntime: Shutting down VM
08-05 19:29:23.661   512  2967 D audio_hw_primary: out_set_parameters: enter: usecase(1: low-latency-playback) kvpairs: routing=2
08-05 19:29:23.674   512  2967 D audio_hw_primary: select_devices: out_snd_device(2: speaker) in_snd_device(0: none)
08-05 19:29:23.674   512  2967 D msm8974_platform: platform_send_audio_calibration: sending audio calibration for snd_device(2) acdb_id(15)
08-05 19:29:23.675   512  2967 I soundtrigger: audio_extn_sound_trigger_update_device_status: device 0x2 of type 0 for Event 1
08-05 19:29:23.687   512  2967 D audio_hw_primary: enable_snd_device: snd_device(2: speaker)
08-05 19:29:23.689  7325  9065 I art     : Explicit concurrent mark sweep GC freed 37(1184B) AllocSpace objects, 0(0B) LOS objects, 37% free, 26MB/42MB, paused 1.456ms total 35.113ms
08-05 19:29:23.689   512  2967 D audio_hw_primary: enable_audio_route: apply and update mixer path: low-latency-playback speaker
08-05 19:29:23.701 13866 13866 I GoogleInputMethodServic: GoogleInputMethodService.onFinishInput():3138 
08-05 19:29:23.702 13866 13866 I GoogleInputMethodServic: GoogleInputMethodService.onStartInput():1808 
08-05 19:29:23.988  7325  7337 I art     : Starting a blocking GC Explicit
08-05 19:29:24.028  7325  7337 I art     : Explicit concurrent mark sweep GC freed 1940(109KB) AllocSpace objects, 1(20KB) LOS objects, 37% free, 26MB/42MB, paused 1.679ms total 38.901ms
08-05 19:29:24.041  7325  7337 I art     : Starting a blocking GC Explicit
08-05 19:29:24.075  7325  7337 I art     : Explicit concurrent mark sweep GC freed 137(6KB) AllocSpace objects, 0(0B) LOS objects, 37% free, 26MB/42MB, paused 1.247ms total 34.391ms
08-05 19:29:24.087  7325  7337 I art     : Starting a blocking GC Explicit
08-05 19:29:24.121  7325  7337 I art     : Explicit concurrent mark sweep GC freed 6(224B) AllocSpace objects, 0(0B) LOS objects, 37% free, 26MB/42MB, paused 1.324ms total 33.713ms
08-05 19:29:24.134  7325  7337 I art     : Starting a blocking GC Explicit
08-05 19:29:24.169  7325  7337 I art     : Explicit concurrent mark sweep GC freed 5(160B) AllocSpace objects, 0(0B) LOS objects, 37% free, 26MB/42MB, paused 1.347ms total 35.376ms
08-05 19:29:24.181  7325  7337 I art     : Starting a blocking GC Explicit
08-05 19:29:24.214  7325  7337 I art     : Explicit concurrent mark sweep GC freed 3(96B) AllocSpace objects, 0(0B) LOS objects, 37% free, 26MB/42MB, paused 1.224ms total 32.984ms
08-05 19:29:24.228   512  2967 D audio_hw_primary: disable_audio_route: reset and update mixer path: low-latency-playback speaker
08-05 19:29:24.230   512  2967 D audio_hw_primary: disable_snd_device: snd_device(2: speaker)
08-05 19:29:24.238   512  2967 I soundtrigger: audio_extn_sound_trigger_update_device_status: device 0x2 of type 0 for Event 0
08-05 19:29:24.539  7325  7336 I art     : Starting a blocking GC Explicit
08-05 19:29:24.586  7325  7336 I art     : Explicit concurrent mark sweep GC freed 1371(80KB) AllocSpace objects, 1(20KB) LOS objects, 37% free, 26MB/42MB, paused 1.645ms total 46.636ms
08-05 19:29:24.600  7325  7336 I art     : Starting a blocking GC Explicit
08-05 19:29:24.636  7325  7336 I art     : Explicit concurrent mark sweep GC freed 25(816B) AllocSpace objects, 0(0B) LOS objects, 37% free, 26MB/42MB, paused 1.300ms total 35.429ms
08-05 19:29:24.649  7325  7336 I art     : Starting a blocking GC Explicit
08-05 19:29:24.684  7325  7336 I art     : Explicit concurrent mark sweep GC freed 3(96B) AllocSpace objects, 0(0B) LOS objects, 37% free, 26MB/42MB, paused 1.349ms total 35.375ms
08-05 19:29:24.697  7325  7336 I art     : Starting a blocking GC Explicit
08-05 19:29:24.732  7325  7336 I art     : Explicit concurrent mark sweep GC freed 3(96B) AllocSpace objects, 0(0B) LOS objects, 37% free, 26MB/42MB, paused 1.306ms total 35.256ms
08-05 19:29:24.744  7325  7336 I art     : Starting a blocking GC Explicit
08-05 19:29:24.780  7325  7336 I art     : Explicit concurrent mark sweep GC freed 3(96B) AllocSpace objects, 0(0B) LOS objects, 37% free, 26MB/42MB, paused 1.336ms total 35.484ms
08-05 19:29:24.803  7260  7260 I Atfwd_Sendcmd: AtCmdFwd service not ready - Exhausted retry attempts - :6
08-05 19:29:24.803  7260  7260 I Atfwd_Daemon: result : -1 	 ,Init step :2 	 ,qmiErrorCode: 0
08-05 19:29:24.840 13866 13882 I PeriodicStatsRunner: PeriodicStatsRunner.call():175 call()
08-05 19:29:24.840 13866 13882 I PeriodicStatsRunner: PeriodicStatsRunner.call():179 No submit PeriodicStats since input started.
08-05 19:29:25.077  7325  7337 I art     : Starting a blocking GC Explicit
08-05 19:29:25.117  7325  7337 I art     : Explicit concurrent mark sweep GC freed 1400(81KB) AllocSpace objects, 1(20KB) LOS objects, 37% free, 26MB/42MB, paused 1.410ms total 39.828ms
08-05 19:29:25.129  7325  7337 I art     : Starting a blocking GC Explicit
08-05 19:29:25.163  7325  7337 I art     : Explicit concurrent mark sweep GC freed 23(752B) AllocSpace objects, 0(0B) LOS objects, 37% free, 26MB/42MB, paused 1.393ms total 33.481ms
08-05 19:29:25.175  7325  7337 I art     : Starting a blocking GC Explicit
08-05 19:29:25.209  7325  7337 I art     : Explicit concurrent mark sweep GC freed 3(96B) AllocSpace objects, 0(0B) LOS objects, 37% free, 26MB/42MB, paused 1.391ms total 33.606ms
08-05 19:29:25.220  7325  7337 I art     : Starting a blocking GC Explicit
08-05 19:29:25.255  7325  7337 I art     : Explicit concurrent mark sweep GC freed 3(96B) AllocSpace objects, 0(0B) LOS objects, 37% free, 26MB/42MB, paused 1.365ms total 34.146ms
08-05 19:29:25.266  7325  7337 I art     : Starting a blocking GC Explicit
08-05 19:29:25.301  7325  7337 I art     : Explicit concurrent mark sweep GC freed 4(128B) AllocSpace objects, 0(0B) LOS objects, 37% free, 26MB/42MB, paused 1.264ms total 34.244ms
08-05 19:29:25.452  9526  9526 D AndroidRuntime: >>>>>> START com.android.internal.os.RuntimeInit uid 2000 <<<<<<
08-05 19:29:25.459  9526  9526 D AndroidRuntime: CheckJNI is OFF
08-05 19:29:25.500  9526  9526 D ICU     : No timezone override file found: /data/misc/zoneinfo/current/icu/icu_tzdata.dat
08-05 19:29:25.541  9526  9526 I Radio-JNI: register_android_hardware_Radio DONE
08-05 19:29:25.569  9526  9526 D AndroidRuntime: Calling main entry com.android.commands.input.Input
08-05 19:29:25.571  9526  9526 I Input   : injectMotionEvent: MotionEvent { action=ACTION_DOWN, actionButton=0, id[0]=0, x[0]=625.0, y[0]=1248.0, toolType[0]=TOOL_TYPE_UNKNOWN, buttonState=0, metaState=0, flags=0x0, edgeFlags=0x0, pointerCount=1, historySize=0, eventTime=818981984, downTime=818981984, deviceId=0, source=0x1002 }
08-05 19:29:25.575  9526  9526 I Input   : injectMotionEvent: MotionEvent { action=ACTION_UP, actionButton=0, id[0]=0, x[0]=625.0, y[0]=1248.0, toolType[0]=TOOL_TYPE_UNKNOWN, buttonState=0, metaState=0, flags=0x0, edgeFlags=0x0, pointerCount=1, historySize=0, eventTime=818981984, downTime=818981984, deviceId=0, source=0x1002 }
08-05 19:29:25.577  9526  9526 D AndroidRuntime: Shutting down VM
08-05 19:29:25.633  7325  8464 I art     : Starting a blocking GC Explicit
08-05 19:29:25.642  7325  7325 D MainActivity: loadFragment(index: 7, args: null)
08-05 19:29:25.643  7325  7325 D MainActivity: saveLastNavFragment(tag: 2)
08-05 19:29:25.644   512  2967 D audio_hw_primary: out_set_parameters: enter: usecase(1: low-latency-playback) kvpairs: routing=2
08-05 19:29:25.645  7325  7325 D MainActivity: getLastNavFragment() -> 2
08-05 19:29:25.657   512  2967 D audio_hw_primary: select_devices: out_snd_device(2: speaker) in_snd_device(0: none)
08-05 19:29:25.657   512  2967 D msm8974_platform: platform_send_audio_calibration: sending audio calibration for snd_device(2) acdb_id(15)
08-05 19:29:25.658   512  2967 I soundtrigger: audio_extn_sound_trigger_update_device_status: device 0x2 of type 0 for Event 1
08-05 19:29:25.668   512  2967 D audio_hw_primary: enable_snd_device: snd_device(2: speaker)
08-05 19:29:25.670  7325  8464 I art     : Explicit concurrent mark sweep GC freed 2344(140KB) AllocSpace objects, 2(40KB) LOS objects, 37% free, 26MB/42MB, paused 1.838ms total 36.663ms
08-05 19:29:25.670   512  2967 D audio_hw_primary: enable_audio_route: apply and update mixer path: low-latency-playback speaker
08-05 19:29:25.676  7325  7325 D ItemlistFragment: onEventMainThread() called with: event = [DownloadEvent{update=DownloaderUpdate{downloaders=[], feedIds=[], mediaIds=[]}}]
08-05 19:29:25.679  7325  7871 D DBReader: getFeed() called with: feedId = [2]
08-05 19:29:25.681  7325  7871 D DBReader: getFeedItemList() called with: feed = [baseline.de.danoeh.antennapod.core.feed.Feed@2]
08-05 19:29:25.684  7325  8464 I art     : Starting a blocking GC Explicit
08-05 19:29:25.720  7325  8464 I art     : Explicit concurrent mark sweep GC freed 1959(81KB) AllocSpace objects, 0(0B) LOS objects, 36% free, 27MB/43MB, paused 1.568ms total 36.077ms
08-05 19:29:25.732  7325  8464 I art     : Starting a blocking GC Explicit
08-05 19:29:25.772  7325  8464 I art     : Explicit concurrent mark sweep GC freed 2659(102KB) AllocSpace objects, 0(0B) LOS objects, 36% free, 28MB/44MB, paused 1.770ms total 39.402ms
08-05 19:29:25.785  7325  8464 I art     : Starting a blocking GC Explicit
08-05 19:29:25.796  7325  7871 W PodDBAdapter: Length of id array is larger than 800. Creating multiple cursors
08-05 19:29:25.823  7325  8464 I art     : Explicit concurrent mark sweep GC freed 2135(197KB) AllocSpace objects, 1(16KB) LOS objects, 35% free, 28MB/44MB, paused 1.447ms total 37ms
08-05 19:29:25.834  7325  8464 I art     : Starting a blocking GC Explicit
08-05 19:29:25.871  7325  8464 I art     : Explicit concurrent mark sweep GC freed 41(10KB) AllocSpace objects, 0(0B) LOS objects, 35% free, 29MB/45MB, paused 1.566ms total 36.360ms
08-05 19:29:25.890  7325  7871 D DBReader: getFavoriteIDList() called
08-05 19:29:25.890  7325  7871 D DBReader: getQueueIDList() called
08-05 19:29:25.891  7325  7871 D DBReader: Extracting Feedlist
08-05 19:29:25.939  7325  7325 D FeedMenuHandler: Preparing options menu
08-05 19:29:25.999  7325  8251 D ApOkHttpUrlLoader: buildLoadData() called with: model = [http://static.libsyn.com/p/assets/7/1/f/3/71f3014e14ef2722/JREiTunesImage2.jpg], width = [1440], height = [462]
08-05 19:29:26.098  7325  7346 V RenderScript: 0x7f758cc000 Launching thread(s), CPUs 8
08-05 19:29:26.175 13866 13866 I GoogleInputMethodServic: GoogleInputMethodService.onFinishInput():3138 
08-05 19:29:26.175 13866 13866 I GoogleInputMethodServic: GoogleInputMethodService.onStartInput():1808 
08-05 19:29:26.181  7325  8464 I art     : Starting a blocking GC Explicit
08-05 19:29:26.209   512  2967 D audio_hw_primary: disable_audio_route: reset and update mixer path: low-latency-playback speaker
08-05 19:29:26.210   512  2967 D audio_hw_primary: disable_snd_device: snd_device(2: speaker)
08-05 19:29:26.218   512  2967 I soundtrigger: audio_extn_sound_trigger_update_device_status: device 0x2 of type 0 for Event 0
08-05 19:29:26.225  7325  8464 I art     : Explicit concurrent mark sweep GC freed 12373(507KB) AllocSpace objects, 7(252KB) LOS objects, 29% free, 37MB/53MB, paused 1.343ms total 43.184ms
08-05 19:29:26.238  7325  8464 I art     : Starting a blocking GC Explicit
08-05 19:29:26.280  7325  8464 I art     : Explicit concurrent mark sweep GC freed 1081(64KB) AllocSpace objects, 0(0B) LOS objects, 29% free, 37MB/53MB, paused 1.420ms total 41.880ms
08-05 19:29:26.294  7325  8464 I art     : Starting a blocking GC Explicit
08-05 19:29:26.334  7325  8464 I art     : Explicit concurrent mark sweep GC freed 7(240B) AllocSpace objects, 0(0B) LOS objects, 29% free, 37MB/53MB, paused 1.215ms total 40.026ms
08-05 19:29:26.348  7325  8464 I art     : Starting a blocking GC Explicit
08-05 19:29:26.393  7325  8464 I art     : Explicit concurrent mark sweep GC freed 3(96B) AllocSpace objects, 0(0B) LOS objects, 29% free, 37MB/53MB, paused 1.274ms total 44.066ms
08-05 19:29:26.407  7325  8464 I art     : Starting a blocking GC Explicit
08-05 19:29:26.451  7325  8464 I art     : Explicit concurrent mark sweep GC freed 20(688B) AllocSpace objects, 0(0B) LOS objects, 29% free, 37MB/53MB, paused 1.216ms total 43.448ms
08-05 19:29:26.744 13866 13882 I PeriodicStatsRunner: PeriodicStatsRunner.call():175 call()
08-05 19:29:26.745 13866 13882 I PeriodicStatsRunner: PeriodicStatsRunner.call():179 No submit PeriodicStats since input started.
08-05 19:29:26.780  7325  7337 I art     : Starting a blocking GC Explicit
08-05 19:29:26.828  7325  7337 I art     : Explicit concurrent mark sweep GC freed 1375(80KB) AllocSpace objects, 1(20KB) LOS objects, 29% free, 37MB/53MB, paused 1.458ms total 48.069ms
08-05 19:29:26.846  7325  7337 I art     : Starting a blocking GC Explicit
08-05 19:29:26.893  7325  7337 I art     : Explicit concurrent mark sweep GC freed 42(1392B) AllocSpace objects, 0(0B) LOS objects, 29% free, 37MB/53MB, paused 1.356ms total 46.655ms
08-05 19:29:26.907  7325  7337 I art     : Starting a blocking GC Explicit
08-05 19:29:26.940   518   646 I ThermalEngine: ACTION: GPU - Setting GPU[0] to 390000000
08-05 19:29:26.970  7325  7337 I art     : Explicit concurrent mark sweep GC freed 3(96B) AllocSpace objects, 0(0B) LOS objects, 29% free, 37MB/53MB, paused 3.040ms total 62.372ms
08-05 19:29:26.992  7325  7337 I art     : Starting a blocking GC Explicit
08-05 19:29:27.052  7325  7337 I art     : Explicit concurrent mark sweep GC freed 3(96B) AllocSpace objects, 0(0B) LOS objects, 29% free, 37MB/53MB, paused 1.951ms total 59.476ms
08-05 19:29:27.074  7325  7337 I art     : Starting a blocking GC Explicit
08-05 19:29:27.134  7325  7337 I art     : Explicit concurrent mark sweep GC freed 32(880B) AllocSpace objects, 0(0B) LOS objects, 29% free, 37MB/53MB, paused 2.027ms total 60.290ms
08-05 19:29:27.515  7325  7434 I art     : Starting a blocking GC Explicit
08-05 19:29:27.587  7325  7434 I art     : Explicit concurrent mark sweep GC freed 1379(80KB) AllocSpace objects, 1(20KB) LOS objects, 29% free, 37MB/53MB, paused 2.174ms total 71.863ms
08-05 19:29:27.611  7325  7434 I art     : Starting a blocking GC Explicit
08-05 19:29:27.669  7325  7434 I art     : Explicit concurrent mark sweep GC freed 33(1072B) AllocSpace objects, 0(0B) LOS objects, 29% free, 37MB/53MB, paused 2.780ms total 58.269ms
08-05 19:29:27.692  7325  7434 I art     : Starting a blocking GC Explicit
08-05 19:29:27.751  7325  7434 I art     : Explicit concurrent mark sweep GC freed 11(352B) AllocSpace objects, 0(0B) LOS objects, 29% free, 37MB/53MB, paused 2.248ms total 58.609ms
08-05 19:29:27.773  7325  7434 I art     : Starting a blocking GC Explicit
08-05 19:29:27.831  7325  7434 I art     : Explicit concurrent mark sweep GC freed 8(256B) AllocSpace objects, 0(0B) LOS objects, 29% free, 37MB/53MB, paused 2.104ms total 57.775ms
08-05 19:29:27.852  7325  7434 I art     : Starting a blocking GC Explicit
08-05 19:29:27.911  7325  7434 I art     : Explicit concurrent mark sweep GC freed 3(96B) AllocSpace objects, 0(0B) LOS objects, 29% free, 37MB/53MB, paused 2.121ms total 58.725ms
08-05 19:29:28.300  7325  7337 I art     : Starting a blocking GC Explicit
08-05 19:29:28.380  7325  7337 I art     : Explicit concurrent mark sweep GC freed 2103(103KB) AllocSpace objects, 1(20KB) LOS objects, 29% free, 37MB/53MB, paused 2.434ms total 80.018ms
08-05 19:29:28.402  7325  7337 I art     : Starting a blocking GC Explicit
08-05 19:29:28.462  7325  7337 I art     : Explicit concurrent mark sweep GC freed 62(3KB) AllocSpace objects, 0(0B) LOS objects, 29% free, 37MB/53MB, paused 2.136ms total 59.429ms
08-05 19:29:28.483  7325  7337 I art     : Starting a blocking GC Explicit
08-05 19:29:28.543  7325  7337 I art     : Explicit concurrent mark sweep GC freed 3(96B) AllocSpace objects, 0(0B) LOS objects, 29% free, 37MB/53MB, paused 1.877ms total 59.202ms
08-05 19:29:28.543  7325  7335 I art     : WaitForGcToComplete blocked for 36.924ms for cause HeapTrim
08-05 19:29:28.565  7325  7337 I art     : Starting a blocking GC Explicit
08-05 19:29:28.626  7325  7337 I art     : Explicit concurrent mark sweep GC freed 3(96B) AllocSpace objects, 0(0B) LOS objects, 29% free, 37MB/53MB, paused 2.324ms total 60.371ms
08-05 19:29:28.652  7325  7337 I art     : Starting a blocking GC Explicit
08-05 19:29:28.702 13866 13882 I PeriodicStatsRunner: PeriodicStatsRunner.call():175 call()
08-05 19:29:28.702 13866 13882 I PeriodicStatsRunner: PeriodicStatsRunner.call():179 No submit PeriodicStats since input started.
08-05 19:29:28.722  7325  7337 I art     : Explicit concurrent mark sweep GC freed 44(2256B) AllocSpace objects, 0(0B) LOS objects, 29% free, 37MB/53MB, paused 3.439ms total 69.729ms
08-05 19:29:29.109  7325  8464 I art     : Starting a blocking GC Explicit
08-05 19:29:29.180  7325  8464 I art     : Explicit concurrent mark sweep GC freed 2368(119KB) AllocSpace objects, 1(20KB) LOS objects, 29% free, 37MB/53MB, paused 2.260ms total 70.838ms
08-05 19:29:29.202  7325  8464 I art     : Starting a blocking GC Explicit
08-05 19:29:29.261  7325  8464 I art     : Explicit concurrent mark sweep GC freed 23(752B) AllocSpace objects, 0(0B) LOS objects, 29% free, 37MB/53MB, paused 1.775ms total 58.432ms
08-05 19:29:29.282  7325  8464 I art     : Starting a blocking GC Explicit
08-05 19:29:29.344  7325  8464 I art     : Explicit concurrent mark sweep GC freed 3(96B) AllocSpace objects, 0(0B) LOS objects, 29% free, 37MB/53MB, paused 1.916ms total 61.816ms
08-05 19:29:29.370  7325  8464 I art     : Starting a blocking GC Explicit
08-05 19:29:29.430  7325  8464 I art     : Explicit concurrent mark sweep GC freed 3(96B) AllocSpace objects, 0(0B) LOS objects, 29% free, 37MB/53MB, paused 1.879ms total 58.908ms
08-05 19:29:29.452  7325  8464 I art     : Starting a blocking GC Explicit
08-05 19:29:29.510  7325  8464 I art     : Explicit concurrent mark sweep GC freed 3(96B) AllocSpace objects, 0(0B) LOS objects, 29% free, 37MB/53MB, paused 1.748ms total 58.189ms
08-05 19:29:29.803  7260  7260 I ServiceManager: Waiting for service AtCmdFwd...
08-05 19:29:29.878  7325  7336 I art     : Starting a blocking GC Explicit
08-05 19:29:29.931  7325  7336 I art     : Explicit concurrent mark sweep GC freed 1372(80KB) AllocSpace objects, 1(20KB) LOS objects, 29% free, 37MB/53MB, paused 1.898ms total 53.215ms
08-05 19:29:29.945   518   646 I ThermalEngine: ACTION: GPU - Setting GPU[0] to 450000000
08-05 19:29:29.952  7325  7336 I art     : Starting a blocking GC Explicit
08-05 19:29:29.996  7325  7336 I art     : Explicit concurrent mark sweep GC freed 23(752B) AllocSpace objects, 0(0B) LOS objects, 29% free, 37MB/53MB, paused 1.189ms total 43.517ms
08-05 19:29:30.010  7325  7336 I art     : Starting a blocking GC Explicit
08-05 19:29:30.054  7325  7336 I art     : Explicit concurrent mark sweep GC freed 31(848B) AllocSpace objects, 0(0B) LOS objects, 29% free, 37MB/53MB, paused 1.252ms total 44ms
08-05 19:29:30.068  7325  7336 I art     : Starting a blocking GC Explicit
08-05 19:29:30.112  7325  7336 I art     : Explicit concurrent mark sweep GC freed 4(128B) AllocSpace objects, 0(0B) LOS objects, 29% free, 37MB/53MB, paused 1.200ms total 43.913ms
08-05 19:29:30.126  7325  7336 I art     : Starting a blocking GC Explicit
08-05 19:29:30.174  7325  7336 I art     : Explicit concurrent mark sweep GC freed 3(96B) AllocSpace objects, 0(0B) LOS objects, 29% free, 37MB/53MB, paused 1.324ms total 47.645ms
08-05 19:29:30.252   918  3261 D WifiStateMachine: starting scan for "H369AA63323"WPA_PSK with 2412,5180
08-05 19:29:30.369  9628  9628 D AndroidRuntime: >>>>>> START com.android.internal.os.RuntimeInit uid 2000 <<<<<<
08-05 19:29:30.374  9628  9628 D AndroidRuntime: CheckJNI is OFF
08-05 19:29:30.415  9628  9628 D ICU     : No timezone override file found: /data/misc/zoneinfo/current/icu/icu_tzdata.dat
08-05 19:29:30.457  9628  9628 I Radio-JNI: register_android_hardware_Radio DONE
08-05 19:29:30.487  9628  9628 D AndroidRuntime: Calling main entry com.android.commands.input.Input
08-05 19:29:30.489  9628  9628 I Input   : injectMotionEvent: MotionEvent { action=ACTION_DOWN, actionButton=0, id[0]=0, x[0]=1363.0, y[0]=517.0, toolType[0]=TOOL_TYPE_UNKNOWN, buttonState=0, metaState=0, flags=0x0, edgeFlags=0x0, pointerCount=1, historySize=0, eventTime=818986902, downTime=818986902, deviceId=0, source=0x1002 }
08-05 19:29:30.494  9628  9628 I Input   : injectMotionEvent: MotionEvent { action=ACTION_UP, actionButton=0, id[0]=0, x[0]=1363.0, y[0]=517.0, toolType[0]=TOOL_TYPE_UNKNOWN, buttonState=0, metaState=0, flags=0x0, edgeFlags=0x0, pointerCount=1, historySize=0, eventTime=818986902, downTime=818986902, deviceId=0, source=0x1002 }
08-05 19:29:30.496  9628  9628 D AndroidRuntime: Shutting down VM
08-05 19:29:30.500   918  3714 I ActivityManager: START u0 {cmp=baseline.de.danoeh.antennapod.debug/baseline.de.danoeh.antennapod.activity.FeedSettingsActivity (has extras)} from uid 10695 on display 0
08-05 19:29:30.502   512  2967 D audio_hw_primary: out_set_parameters: enter: usecase(1: low-latency-playback) kvpairs: routing=2
08-05 19:29:30.515   512  2967 D audio_hw_primary: select_devices: out_snd_device(2: speaker) in_snd_device(0: none)
08-05 19:29:30.515   512  2967 D msm8974_platform: platform_send_audio_calibration: sending audio calibration for snd_device(2) acdb_id(15)
08-05 19:29:30.516   512  2967 I soundtrigger: audio_extn_sound_trigger_update_device_status: device 0x2 of type 0 for Event 1
08-05 19:29:30.516  7325  7336 I art     : Starting a blocking GC Explicit
08-05 19:29:30.528   512  2967 D audio_hw_primary: enable_snd_device: snd_device(2: speaker)
08-05 19:29:30.530   512  2967 D audio_hw_primary: enable_audio_route: apply and update mixer path: low-latency-playback speaker
08-05 19:29:30.566  7325  7336 I art     : Explicit concurrent mark sweep GC freed 5762(311KB) AllocSpace objects, 1(20KB) LOS objects, 29% free, 37MB/53MB, paused 2.089ms total 49.550ms
08-05 19:29:30.579  7325  7336 I art     : Starting a blocking GC Explicit
08-05 19:29:30.631  7325  7336 I art     : Explicit concurrent mark sweep GC freed 21148(865KB) AllocSpace objects, 0(0B) LOS objects, 29% free, 37MB/53MB, paused 1.861ms total 51.283ms
08-05 19:29:30.645  7325  7336 I art     : Starting a blocking GC Explicit
08-05 19:29:30.695  7325  7336 I art     : Explicit concurrent mark sweep GC freed 19880(833KB) AllocSpace objects, 0(0B) LOS objects, 29% free, 37MB/53MB, paused 1.747ms total 50.255ms
08-05 19:29:30.710  7325  7336 I art     : Starting a blocking GC Explicit
08-05 19:29:30.757  7325  7336 I art     : Explicit concurrent mark sweep GC freed 6863(350KB) AllocSpace objects, 0(0B) LOS objects, 28% free, 39MB/55MB, paused 1.556ms total 46.685ms
08-05 19:29:30.768  7325  7345 D DBReader: getFeed() called with: feedId = [2]
08-05 19:29:30.770  7325  7345 D DBReader: getFeedItemList() called with: feed = [baseline.de.danoeh.antennapod.core.feed.Feed@2]
08-05 19:29:30.771  7325  7336 I art     : Starting a blocking GC Explicit
08-05 19:29:30.804  7260  7260 I ServiceManager: Waiting for service AtCmdFwd...
08-05 19:29:30.823  7325  7336 I art     : Explicit concurrent mark sweep GC freed 3276(141KB) AllocSpace objects, 0(0B) LOS objects, 28% free, 40MB/56MB, paused 1.930ms total 52.250ms
08-05 19:29:30.882  7325  7345 W PodDBAdapter: Length of id array is larger than 800. Creating multiple cursors
08-05 19:29:30.890   918   936 I ActivityManager: Displayed baseline.de.danoeh.antennapod.debug/baseline.de.danoeh.antennapod.activity.FeedSettingsActivity: +377ms
08-05 19:29:30.893 13866 13866 I GoogleInputMethodServic: GoogleInputMethodService.onFinishInput():3138 
08-05 19:29:30.894 13866 13866 I GoogleInputMethodServic: GoogleInputMethodService.onStartInput():1808 
08-05 19:29:30.923  7325  7346 D OpenGLRenderer: endAllStagingAnimators on 0x7f7d1e3000 (RippleDrawable) with handle 0x7f7a595660
08-05 19:29:30.976  7325  8251 D ApOkHttpUrlLoader: buildLoadData() called with: model = [http://static.libsyn.com/p/assets/7/1/f/3/71f3014e14ef2722/JREiTunesImage2.jpg], width = [1440], height = [462]
08-05 19:29:30.981 13866 13866 I GoogleInputMethodServic: GoogleInputMethodService.onStartInput():1808 
08-05 19:29:30.982 13866 13866 W SessionManager: SessionManager.beginSession():53 Try to begin an already begun session [INPUT_SESSION], end it first
08-05 19:29:30.991 13866 13866 I ShortcutsDataManager: ShortcutsDataManager.onContentChanged():89 onContentChanged()
08-05 19:29:30.993  7325  7325 D FeedSettingsActivity: No filter set
08-05 19:29:31.005   918  6110 W IntentResolver: resolveIntent: multiple matches, only some with CATEGORY_DEFAULT
08-05 19:29:31.069   512  2967 D audio_hw_primary: disable_audio_route: reset and update mixer path: low-latency-playback speaker
08-05 19:29:31.071   512  2967 D audio_hw_primary: disable_snd_device: snd_device(2: speaker)
08-05 19:29:31.080   512  2967 I soundtrigger: audio_extn_sound_trigger_update_device_status: device 0x2 of type 0 for Event 0
08-05 19:29:31.129  7325  9065 I art     : Starting a blocking GC Explicit
08-05 19:29:31.149   380   380 W SurfaceFlinger: couldn't log to binary event log: overflow.
08-05 19:29:31.175 13866 13882 I PeriodicStatsRunner: PeriodicStatsRunner.call():175 call()
08-05 19:29:31.177 13866 13882 I PeriodicStatsRunner: PeriodicStatsRunner.call():179 No submit PeriodicStats since input started.
08-05 19:29:31.197  7325  9065 I art     : Explicit concurrent mark sweep GC freed 12966(533KB) AllocSpace objects, 3(52KB) LOS objects, 27% free, 42MB/58MB, paused 1.236ms total 67.660ms
08-05 19:29:31.213  7325  9065 I art     : Starting a blocking GC Explicit
08-05 19:29:31.266  7325  9065 I art     : Explicit concurrent mark sweep GC freed 695(50KB) AllocSpace objects, 0(0B) LOS objects, 27% free, 41MB/57MB, paused 1.257ms total 53.140ms
08-05 19:29:31.283  7325  9065 I art     : Starting a blocking GC Explicit
08-05 19:29:31.298  7325  7325 D PlaybackController: Releasing PlaybackController
08-05 19:29:31.336  7325  9065 I art     : Explicit concurrent mark sweep GC freed 313(16KB) AllocSpace objects, 0(0B) LOS objects, 27% free, 42MB/58MB, paused 1.505ms total 52.617ms
08-05 19:29:31.353  7325  9065 I art     : Starting a blocking GC Explicit
08-05 19:29:31.406  7325  9065 I art     : Explicit concurrent mark sweep GC freed 67(2592B) AllocSpace objects, 0(0B) LOS objects, 27% free, 42MB/58MB, paused 1.265ms total 52.825ms
08-05 19:29:31.422  7325  9065 I art     : Starting a blocking GC Explicit
08-05 19:29:31.476  7325  9065 I art     : Explicit concurrent mark sweep GC freed 31(1184B) AllocSpace objects, 0(0B) LOS objects, 27% free, 42MB/58MB, paused 1.308ms total 54.290ms
08-05 19:29:31.805  7260  7260 I ServiceManager: Waiting for service AtCmdFwd...
08-05 19:29:31.815  7325  9065 I art     : Starting a blocking GC Explicit
08-05 19:29:31.890  7325  9065 I art     : Explicit concurrent mark sweep GC freed 1427(82KB) AllocSpace objects, 1(20KB) LOS objects, 27% free, 42MB/58MB, paused 1.409ms total 75.190ms
08-05 19:29:31.911  7325  9065 I art     : Starting a blocking GC Explicit
08-05 19:29:31.954   518   646 I ThermalEngine: ACTION: GPU - Setting GPU[0] to 390000000
08-05 19:29:31.985  7325  9065 I art     : Explicit concurrent mark sweep GC freed 29(944B) AllocSpace objects, 0(0B) LOS objects, 27% free, 42MB/58MB, paused 1.926ms total 73.052ms
08-05 19:29:32.011  7325  9065 I art     : Starting a blocking GC Explicit
08-05 19:29:32.093  7325  9065 I art     : Explicit concurrent mark sweep GC freed 32(880B) AllocSpace objects, 0(0B) LOS objects, 27% free, 42MB/58MB, paused 2.457ms total 81.197ms
08-05 19:29:32.123  7325  9065 I art     : Starting a blocking GC Explicit
08-05 19:29:32.200  7325  9065 I art     : Explicit concurrent mark sweep GC freed 3(96B) AllocSpace objects, 0(0B) LOS objects, 27% free, 42MB/58MB, paused 1.998ms total 76.905ms
08-05 19:29:32.231  7325  9065 I art     : Starting a blocking GC Explicit
08-05 19:29:32.312  7325  9065 I art     : Explicit concurrent mark sweep GC freed 3(96B) AllocSpace objects, 0(0B) LOS objects, 27% free, 42MB/58MB, paused 2.390ms total 81.032ms
08-05 19:29:32.696  7325  7434 I art     : Starting a blocking GC Explicit
08-05 19:29:32.770  7325  7434 I art     : Explicit concurrent mark sweep GC freed 1431(82KB) AllocSpace objects, 1(20KB) LOS objects, 27% free, 42MB/58MB, paused 2.072ms total 74.542ms
08-05 19:29:32.797  7325  7434 I art     : Starting a blocking GC Explicit
08-05 19:29:32.805  7260  7260 I ServiceManager: Waiting for service AtCmdFwd...
08-05 19:29:32.874  7325  7434 I art     : Explicit concurrent mark sweep GC freed 23(752B) AllocSpace objects, 0(0B) LOS objects, 27% free, 42MB/58MB, paused 1.858ms total 76.191ms
08-05 19:29:32.901  7325  7434 I art     : Starting a blocking GC Explicit
08-05 19:29:32.981  7325  7434 I art     : Explicit concurrent mark sweep GC freed 3(96B) AllocSpace objects, 0(0B) LOS objects, 27% free, 42MB/58MB, paused 2.257ms total 79.871ms
08-05 19:29:33.012  7325  7434 I art     : Starting a blocking GC Explicit
08-05 19:29:33.088  7325  7434 I art     : Explicit concurrent mark sweep GC freed 32(880B) AllocSpace objects, 0(0B) LOS objects, 27% free, 42MB/58MB, paused 2.037ms total 75.376ms
08-05 19:29:33.115  7325  7434 I art     : Starting a blocking GC Explicit
08-05 19:29:33.197  7325  7434 I art     : Explicit concurrent mark sweep GC freed 3(96B) AllocSpace objects, 0(0B) LOS objects, 27% free, 42MB/58MB, paused 2.050ms total 81.814ms
08-05 19:29:33.577  7325  7336 I art     : Starting a blocking GC Explicit
08-05 19:29:33.663  7325  7336 I art     : Explicit concurrent mark sweep GC freed 1373(82KB) AllocSpace objects, 1(20KB) LOS objects, 27% free, 42MB/58MB, paused 2.278ms total 85.871ms
08-05 19:29:33.663  7325  7335 I art     : WaitForGcToComplete blocked for 37.405ms for cause HeapTrim
08-05 19:29:33.694  7325  7336 I art     : Starting a blocking GC Explicit
08-05 19:29:33.776  7325  7336 I art     : Explicit concurrent mark sweep GC freed 23(752B) AllocSpace objects, 0(0B) LOS objects, 27% free, 42MB/58MB, paused 2.152ms total 81.692ms
08-05 19:29:33.803  7325  7336 I art     : Starting a blocking GC Explicit
08-05 19:29:33.806  7260  7260 I ServiceManager: Waiting for service AtCmdFwd...
08-05 19:29:33.882  7325  7336 I art     : Explicit concurrent mark sweep GC freed 3(96B) AllocSpace objects, 0(0B) LOS objects, 27% free, 42MB/58MB, paused 2.606ms total 79.030ms
08-05 19:29:33.911  7325  7336 I art     : Starting a blocking GC Explicit
08-05 19:29:33.955   518   646 I ThermalEngine: ACTION: GPU - Setting GPU[0] to 450000000
08-05 19:29:33.979  7325  7336 I art     : Explicit concurrent mark sweep GC freed 3(96B) AllocSpace objects, 0(0B) LOS objects, 27% free, 42MB/58MB, paused 1.327ms total 67.689ms
08-05 19:29:33.996  7325  7336 I art     : Starting a blocking GC Explicit
08-05 19:29:34.055  7325  7336 I art     : Explicit concurrent mark sweep GC freed 31(848B) AllocSpace objects, 0(0B) LOS objects, 27% free, 42MB/58MB, paused 1.331ms total 58.789ms
08-05 19:29:34.417  7325  8464 I art     : Starting a blocking GC Explicit
08-05 19:29:34.497  7325  8464 I art     : Explicit concurrent mark sweep GC freed 1374(81KB) AllocSpace objects, 1(20KB) LOS objects, 27% free, 42MB/58MB, paused 1.417ms total 79.908ms
08-05 19:29:34.517  7325  8464 I art     : Starting a blocking GC Explicit
08-05 19:29:34.580  7325  8464 I art     : Explicit concurrent mark sweep GC freed 23(752B) AllocSpace objects, 0(0B) LOS objects, 27% free, 42MB/58MB, paused 1.288ms total 63.230ms
08-05 19:29:34.598  7325  8464 I art     : Starting a blocking GC Explicit
08-05 19:29:34.665  7325  8464 I art     : Explicit concurrent mark sweep GC freed 3(96B) AllocSpace objects, 0(0B) LOS objects, 27% free, 42MB/58MB, paused 1.468ms total 67.231ms
08-05 19:29:34.685  7325  8464 I art     : Starting a blocking GC Explicit
08-05 19:29:34.749  7325  8464 I art     : Explicit concurrent mark sweep GC freed 3(96B) AllocSpace objects, 0(0B) LOS objects, 27% free, 42MB/58MB, paused 1.252ms total 63.742ms
08-05 19:29:34.766  7325  8464 I art     : Starting a blocking GC Explicit
08-05 19:29:34.806  7260  7260 W Atfwd_Sendcmd: AtCmdFwd service not published, waiting... retryCnt : 1
08-05 19:29:34.823  7325  8464 I art     : Explicit concurrent mark sweep GC freed 3(96B) AllocSpace objects, 0(0B) LOS objects, 27% free, 42MB/58MB, paused 1.356ms total 56.404ms
08-05 19:29:35.167  7325  9065 I art     : Starting a blocking GC Explicit
08-05 19:29:35.240  7325  9065 I art     : Explicit concurrent mark sweep GC freed 1401(81KB) AllocSpace objects, 1(20KB) LOS objects, 27% free, 42MB/58MB, paused 1.645ms total 72.344ms
08-05 19:29:35.260  7325  9065 I art     : Starting a blocking GC Explicit
08-05 19:29:35.294  9711  9711 D AndroidRuntime: >>>>>> START com.android.internal.os.RuntimeInit uid 2000 <<<<<<
08-05 19:29:35.299  9711  9711 D AndroidRuntime: CheckJNI is OFF
08-05 19:29:35.320  7325  9065 I art     : Explicit concurrent mark sweep GC freed 23(752B) AllocSpace objects, 0(0B) LOS objects, 27% free, 42MB/58MB, paused 1.339ms total 60.306ms
08-05 19:29:35.337  7325  9065 I art     : Starting a blocking GC Explicit
08-05 19:29:35.350  9711  9711 D ICU     : No timezone override file found: /data/misc/zoneinfo/current/icu/icu_tzdata.dat
08-05 19:29:35.396  9711  9711 I Radio-JNI: register_android_hardware_Radio DONE
08-05 19:29:35.398  7325  9065 I art     : Explicit concurrent mark sweep GC freed 3(96B) AllocSpace objects, 0(0B) LOS objects, 27% free, 42MB/58MB, paused 1.570ms total 60.848ms
08-05 19:29:35.415  7325  9065 I art     : Starting a blocking GC Explicit
08-05 19:29:35.427  9711  9711 D AndroidRuntime: Calling main entry com.android.commands.input.Input
08-05 19:29:35.428  9711  9711 I Input   : injectKeyEvent: KeyEvent { action=ACTION_DOWN, keyCode=KEYCODE_BACK, scanCode=0, metaState=0, flags=0x0, repeatCount=0, eventTime=818991841, downTime=818991841, deviceId=-1, source=0x101 }
08-05 19:29:35.438  9711  9711 I Input   : injectKeyEvent: KeyEvent { action=ACTION_UP, keyCode=KEYCODE_BACK, scanCode=0, metaState=0, flags=0x0, repeatCount=0, eventTime=818991841, downTime=818991841, deviceId=-1, source=0x101 }
08-05 19:29:35.443  9711  9711 D AndroidRuntime: Shutting down VM
08-05 19:29:35.447  7325  7325 V PlaybackController: initServiceNotRunning()
08-05 19:29:35.447  7325  7325 D ExternalPlayerFragment: Loading media info
08-05 19:29:35.450  7325  7325 D ItemlistFragment: onEventMainThread() called with: event = [DownloadEvent{update=DownloaderUpdate{downloaders=[], feedIds=[], mediaIds=[]}}]
08-05 19:29:35.451  7325  8251 D ApOkHttpUrlLoader: buildLoadData() called with: model = [http://static.libsyn.com/p/assets/7/1/f/3/71f3014e14ef2722/JREiTunesImage2.jpg], width = [1440], height = [462]
08-05 19:29:35.453  7325  7325 D UserPreferences: Using default data folder
08-05 19:29:35.455  7325  7345 D DBReader: getNavDrawerData() called with: 
08-05 19:29:35.457  7325  7872 D DBReader: getFeed() called with: feedId = [2]
08-05 19:29:35.458  7325  7872 D DBReader: getFeedItemList() called with: feed = [baseline.de.danoeh.antennapod.core.feed.Feed@2]
08-05 19:29:35.471  7325  9065 I art     : Explicit concurrent mark sweep GC freed 633(43KB) AllocSpace objects, 0(0B) LOS objects, 26% free, 44MB/60MB, paused 2ms total 55.836ms
08-05 19:29:35.477  7325  7325 D FeedMenuHandler: Preparing options menu
08-05 19:29:35.487  7325  9065 I art     : Starting a blocking GC Explicit
08-05 19:29:35.489  7325  7345 D DBReader: getDownloadedItems() called
08-05 19:29:35.490  7325  7345 D DBReader: getFavoriteIDList() called
08-05 19:29:35.491  7325  7345 D DBReader: getQueueIDList() called
08-05 19:29:35.491  7325  7345 D DBReader: Extracting Feedlist
08-05 19:29:35.525  7325  7325 D MainActivity: getLastNavFragment() -> 2
08-05 19:29:35.525 13866 13866 I GoogleInputMethodServic: GoogleInputMethodService.onFinishInput():3138 
08-05 19:29:35.526 13866 13866 I GoogleInputMethodServic: GoogleInputMethodService.onStartInput():1808 
08-05 19:29:35.527 13866 13866 I ShortcutsDataManager: AbstractContentDataManager.startImportContentTask():208 startImportContentTask()
08-05 19:29:35.528 13866 13938 I ShortcutsDataManager: AbstractContentDataManager$ImportContentTask.doInBackground():222 doInBackground()
08-05 19:29:35.528 13866 13938 I PersonalDictionaryDataH: PersonalDictionaryDataHandler.beginProcess():111 LanguageTags = [en-US]
08-05 19:29:35.541 13866 13938 I ShortcutsDataManager: AbstractContentDataManager.importRecords():312 importRecords() : Success : Count = 0
08-05 19:29:35.545 13866 13938 I ShortcutsDataManager: AbstractContentDataManager.importContentData():262 importContentData() : Ending import process
08-05 19:29:35.546  7325  9065 I art     : Explicit concurrent mark sweep GC freed 4146(157KB) AllocSpace objects, 0(0B) LOS objects, 25% free, 45MB/61MB, paused 2.393ms total 59.243ms
08-05 19:29:35.573 13866 13938 I PersonalLanguageModelUp: PersonalLanguageModelUpdater$UpdateOperation.performInternal():160 run() : Added 0 words and 0 shortcuts
08-05 19:29:35.573 13866 13938 I DynamicLanguageModelOpe: DynamicLanguageModelOperation.perform():37 perform() : 4 : coc : Completed
08-05 19:29:35.573 13866 13950 I Delight5Decoder: Delight5DecoderWrapper.loadLanguageModel():578 loadLanguageModel() : 4, version [n/a]
08-05 19:29:35.573 13866 13866 I ShortcutsDataManager: AbstractContentDataManager$ImportContentTask.onPostExecute():233 onPostExecute() : Result = [2,0]
08-05 19:29:35.574 13866 13866 I ShortcutsDataManager: ShortcutsDataManager.onImportFinished():99 onImportFinished() : Result = 2 : Count = 0
08-05 19:29:35.575 13866 13950 I Delight5Decoder: Delight5DecoderWrapper.loadLanguageModel():616 Loaded dynamic LM 4.en
08-05 19:29:35.578  7325  7872 W PodDBAdapter: Length of id array is larger than 800. Creating multiple cursors
08-05 19:29:35.669  7325  7872 D DBReader: getFavoriteIDList() called
08-05 19:29:35.670  7325  7872 D DBReader: getQueueIDList() called
08-05 19:29:35.671  7325  7872 D DBReader: Extracting Feedlist
08-05 19:29:35.675  7325  8251 D ApOkHttpUrlLoader: buildLoadData() called with: model = [http://static.libsyn.com/p/assets/7/1/f/3/71f3014e14ef2722/JREiTunesImage2.jpg], width = [1440], height = [462]
08-05 19:29:35.702  7325  7325 D FeedMenuHandler: Preparing options menu
08-05 19:29:35.858   918  1210 D NetlinkSocketObserver: NeighborEvent{elapsedMs=1802379732, 192.168.2.254, [7C3953A63323], RTM_NEWNEIGH, NUD_PROBE}
08-05 19:29:35.866  7325  7336 I art     : Starting a blocking GC Explicit
08-05 19:29:35.870   380   380 W SurfaceFlinger: couldn't log to binary event log: overflow.
08-05 19:29:35.894 13866 13882 I PeriodicStatsRunner: PeriodicStatsRunner.call():175 call()
08-05 19:29:35.894 13866 13882 I PeriodicStatsRunner: PeriodicStatsRunner.call():179 No submit PeriodicStats since input started.
08-05 19:29:35.932  7325  7336 I art     : Explicit concurrent mark sweep GC freed 40483(2MB) AllocSpace objects, 3(52KB) LOS objects, 25% free, 47MB/63MB, paused 1.228ms total 65.172ms
08-05 19:29:35.947  7325  7336 I art     : Starting a blocking GC Explicit
08-05 19:29:36.001  7325  7336 I art     : Explicit concurrent mark sweep GC freed 1789(131KB) AllocSpace objects, 1(24KB) LOS objects, 25% free, 47MB/63MB, paused 1.259ms total 53.390ms
08-05 19:29:36.016  7325  7336 I art     : Starting a blocking GC Explicit
08-05 19:29:36.062  7325  7336 I art     : Explicit concurrent mark sweep GC freed 34374(2MB) AllocSpace objects, 43(2MB) LOS objects, 27% free, 42MB/58MB, paused 1.338ms total 45.763ms
08-05 19:29:36.075  7325  7336 I art     : Starting a blocking GC Explicit
08-05 19:29:36.119  7325  7336 I art     : Explicit concurrent mark sweep GC freed 3(96B) AllocSpace objects, 0(0B) LOS objects, 27% free, 42MB/58MB, paused 1.278ms total 43.187ms
08-05 19:29:36.132  7325  7336 I art     : Starting a blocking GC Explicit
08-05 19:29:36.174  7325  7336 I art     : Explicit concurrent mark sweep GC freed 3(96B) AllocSpace objects, 0(0B) LOS objects, 27% free, 42MB/58MB, paused 1.292ms total 41.726ms
08-05 19:29:36.491  7325  7434 I art     : Starting a blocking GC Explicit
08-05 19:29:36.548  7325  7434 I art     : Explicit concurrent mark sweep GC freed 1374(81KB) AllocSpace objects, 1(20KB) LOS objects, 27% free, 42MB/58MB, paused 1.414ms total 56.165ms
08-05 19:29:36.567  7325  7434 I art     : Starting a blocking GC Explicit
08-05 19:29:36.615  7325  7434 I art     : Explicit concurrent mark sweep GC freed 23(752B) AllocSpace objects, 0(0B) LOS objects, 27% free, 42MB/58MB, paused 1.405ms total 47.223ms
08-05 19:29:36.633  7325  7434 I art     : Starting a blocking GC Explicit
08-05 19:29:36.680  7325  7434 I art     : Explicit concurrent mark sweep GC freed 3(96B) AllocSpace objects, 0(0B) LOS objects, 27% free, 42MB/58MB, paused 1.250ms total 47.287ms
08-05 19:29:36.695  7325  7434 I art     : Starting a blocking GC Explicit
08-05 19:29:36.740  7325  7434 I art     : Explicit concurrent mark sweep GC freed 3(96B) AllocSpace objects, 0(0B) LOS objects, 27% free, 42MB/58MB, paused 1.353ms total 45.236ms
08-05 19:29:36.754  7325  7434 I art     : Starting a blocking GC Explicit
08-05 19:29:36.799  7325  7434 I art     : Explicit concurrent mark sweep GC freed 3(96B) AllocSpace objects, 0(0B) LOS objects, 27% free, 42MB/58MB, paused 1.335ms total 44.646ms
08-05 19:29:37.108  7325  9065 I art     : Starting a blocking GC Explicit
08-05 19:29:37.156  7325  9065 I art     : Explicit concurrent mark sweep GC freed 1409(83KB) AllocSpace objects, 1(20KB) LOS objects, 27% free, 42MB/58MB, paused 1.290ms total 47.314ms
08-05 19:29:37.171  7325  9065 I art     : Starting a blocking GC Explicit
08-05 19:29:37.207  9755  9755 D AndroidRuntime: >>>>>> START com.android.internal.os.RuntimeInit uid 2000 <<<<<<
08-05 19:29:37.212  9755  9755 D AndroidRuntime: CheckJNI is OFF
08-05 19:29:37.217  7325  9065 I art     : Explicit concurrent mark sweep GC freed 95(3KB) AllocSpace objects, 0(0B) LOS objects, 27% free, 42MB/58MB, paused 1.365ms total 45.664ms
08-05 19:29:37.231  7325  9065 I art     : Starting a blocking GC Explicit
08-05 19:29:37.257  9755  9755 D ICU     : No timezone override file found: /data/misc/zoneinfo/current/icu/icu_tzdata.dat
08-05 19:29:37.275  7325  9065 I art     : Explicit concurrent mark sweep GC freed 10(320B) AllocSpace objects, 0(0B) LOS objects, 27% free, 42MB/58MB, paused 1.330ms total 43.560ms
08-05 19:29:37.289  7325  9065 I art     : Starting a blocking GC Explicit
08-05 19:29:37.299  9755  9755 I Radio-JNI: register_android_hardware_Radio DONE
08-05 19:29:37.327  9755  9755 D AndroidRuntime: Calling main entry com.android.commands.input.Input
08-05 19:29:37.329  9755  9755 I Input   : injectMotionEvent: MotionEvent { action=ACTION_DOWN, actionButton=0, id[0]=0, x[0]=1372.0, y[0]=384.0, toolType[0]=TOOL_TYPE_UNKNOWN, buttonState=0, metaState=0, flags=0x0, edgeFlags=0x0, pointerCount=1, historySize=0, eventTime=818993742, downTime=818993742, deviceId=0, source=0x1002 }
08-05 19:29:37.331  7325  9065 I art     : Explicit concurrent mark sweep GC freed 10(320B) AllocSpace objects, 0(0B) LOS objects, 27% free, 42MB/58MB, paused 1.365ms total 41.884ms
08-05 19:29:37.335  9755  9755 I Input   : injectMotionEvent: MotionEvent { action=ACTION_UP, actionButton=0, id[0]=0, x[0]=1372.0, y[0]=384.0, toolType[0]=TOOL_TYPE_UNKNOWN, buttonState=0, metaState=0, flags=0x0, edgeFlags=0x0, pointerCount=1, historySize=0, eventTime=818993742, downTime=818993742, deviceId=0, source=0x1002 }
08-05 19:29:37.337  9755  9755 D AndroidRuntime: Shutting down VM
08-05 19:29:37.344   512  2967 D audio_hw_primary: out_set_parameters: enter: usecase(1: low-latency-playback) kvpairs: routing=2
08-05 19:29:37.345  7325  9065 I art     : Starting a blocking GC Explicit
08-05 19:29:37.348   918  4413 I ActivityManager: START u0 {cmp=baseline.de.danoeh.antennapod.debug/baseline.de.danoeh.antennapod.activity.FeedInfoActivity (has extras)} from uid 10695 on display 0
08-05 19:29:37.357   512  2967 D audio_hw_primary: select_devices: out_snd_device(2: speaker) in_snd_device(0: none)
08-05 19:29:37.357   512  2967 D msm8974_platform: platform_send_audio_calibration: sending audio calibration for snd_device(2) acdb_id(15)
08-05 19:29:37.357   512  2967 I soundtrigger: audio_extn_sound_trigger_update_device_status: device 0x2 of type 0 for Event 1
08-05 19:29:37.368   512  2967 D audio_hw_primary: enable_snd_device: snd_device(2: speaker)
08-05 19:29:37.369   512  2967 D audio_hw_primary: enable_audio_route: apply and update mixer path: low-latency-playback speaker
08-05 19:29:37.389  7325  9065 I art     : Explicit concurrent mark sweep GC freed 438(34KB) AllocSpace objects, 0(0B) LOS objects, 27% free, 42MB/58MB, paused 1.790ms total 44.243ms
08-05 19:29:37.396  7325  7871 D DBReader: getFeed() called with: feedId = [2]
08-05 19:29:37.397  7325  7871 D DBReader: getFeedItemList() called with: feed = [baseline.de.danoeh.antennapod.core.feed.Feed@2]
08-05 19:29:37.408  7325  7325 D androidx.gridlayout.widget.GridLayout: horizontal constraints: x2-x0>=1328, x2-x1<=0, x1-x0<=242 are inconsistent; permanently removing: x2-x1<=0. 
08-05 19:29:37.409  7325  7325 D androidx.gridlayout.widget.GridLayout: vertical constraints: y3-y2>=80, y3-y2<=66, y2-y1<=94, y1-y0<=94 are inconsistent; permanently removing: y3-y2<=66. 
08-05 19:29:37.485 13866 13866 I GoogleInputMethodServic: GoogleInputMethodService.onFinishInput():3138 
08-05 19:29:37.486 13866 13866 I GoogleInputMethodServic: GoogleInputMethodService.onStartInput():1808 
08-05 19:29:37.486   918   936 I ActivityManager: Displayed baseline.de.danoeh.antennapod.debug/baseline.de.danoeh.antennapod.activity.FeedInfoActivity: +126ms
08-05 19:29:37.493  7325  7871 W PodDBAdapter: Length of id array is larger than 800. Creating multiple cursors
08-05 19:29:37.528  7325  7346 D OpenGLRenderer: endAllStagingAnimators on 0x7f7d12ac00 (RippleDrawable) with handle 0x7f79c682a0
08-05 19:29:37.583  7325  7325 D FeedInfoActivity: Language is en
08-05 19:29:37.583  7325  7325 D FeedInfoActivity: Author is Joe Rogan
08-05 19:29:37.583  7325  7325 D FeedInfoActivity: URL is http://joeroganexp.joerogan.libsynpro.com/rss
08-05 19:29:37.588  7325  8251 D ApOkHttpUrlLoader: buildLoadData() called with: model = [http://static.libsyn.com/p/assets/7/1/f/3/71f3014e14ef2722/JREiTunesImage2.jpg], width = [1440], height = [462]
08-05 19:29:37.598   918  6110 W IntentResolver: resolveIntent: multiple matches, only some with CATEGORY_DEFAULT
08-05 19:29:37.605  7325  7325 D androidx.gridlayout.widget.GridLayout: horizontal constraints: x2-x0>=1328, x2-x1<=232, x1-x0<=242 are inconsistent; permanently removing: x2-x1<=232. 
08-05 19:29:37.605  7325  7325 D androidx.gridlayout.widget.GridLayout: vertical constraints: y3-y2>=80, y3-y2<=66, y2-y1<=94, y1-y0<=94 are inconsistent; permanently removing: y3-y2<=66. 
08-05 19:29:37.690  7325  9065 I art     : Starting a blocking GC Explicit
08-05 19:29:37.739   380   380 W SurfaceFlinger: couldn't log to binary event log: overflow.
08-05 19:29:37.743  7325  9065 I art     : Explicit concurrent mark sweep GC freed 15193(641KB) AllocSpace objects, 3(52KB) LOS objects, 25% free, 47MB/63MB, paused 1.180ms total 52.788ms
08-05 19:29:37.758  7325  9065 I art     : Starting a blocking GC Explicit
08-05 19:29:37.806  7325  9065 I art     : Explicit concurrent mark sweep GC freed 424(28KB) AllocSpace objects, 0(0B) LOS objects, 25% free, 47MB/63MB, paused 1.274ms total 47.727ms
08-05 19:29:37.820  7325  9065 I art     : Starting a blocking GC Explicit
08-05 19:29:37.869  7325  7325 D PlaybackController: Releasing PlaybackController
08-05 19:29:37.870  7325  9065 I art     : Explicit concurrent mark sweep GC freed 82(2672B) AllocSpace objects, 0(0B) LOS objects, 25% free, 47MB/63MB, paused 1.610ms total 49.276ms
08-05 19:29:37.886  7325  9065 I art     : Starting a blocking GC Explicit
08-05 19:29:37.899   512  2967 D audio_hw_primary: disable_audio_route: reset and update mixer path: low-latency-playback speaker
08-05 19:29:37.900   512  2967 D audio_hw_primary: disable_snd_device: snd_device(2: speaker)
08-05 19:29:37.909   512  2967 I soundtrigger: audio_extn_sound_trigger_update_device_status: device 0x2 of type 0 for Event 0
08-05 19:29:37.935  7325  9065 I art     : Explicit concurrent mark sweep GC freed 230(12KB) AllocSpace objects, 0(0B) LOS objects, 25% free, 47MB/63MB, paused 1.287ms total 49.387ms
08-05 19:29:37.951  7325  9065 I art     : Starting a blocking GC Explicit
08-05 19:29:37.964   518   646 I ThermalEngine: ACTION: GPU - Setting GPU[0] to 390000000
08-05 19:29:38.022  7325  9065 I art     : Explicit concurrent mark sweep GC freed 35(1152B) AllocSpace objects, 0(0B) LOS objects, 25% free, 47MB/63MB, paused 2.088ms total 71.080ms
08-05 19:29:38.388  7325  7337 I art     : Starting a blocking GC Explicit
08-05 19:29:38.482  7325  7337 I art     : Explicit concurrent mark sweep GC freed 1402(81KB) AllocSpace objects, 1(20KB) LOS objects, 25% free, 47MB/63MB, paused 2.357ms total 94.218ms
08-05 19:29:38.508  7325  7337 I art     : Starting a blocking GC Explicit
08-05 19:29:38.584  7325  7337 I art     : Explicit concurrent mark sweep GC freed 23(752B) AllocSpace objects, 0(0B) LOS objects, 25% free, 47MB/63MB, paused 2.298ms total 75.401ms
08-05 19:29:38.613  7325  7337 I art     : Starting a blocking GC Explicit
08-05 19:29:38.696  7325  7337 I art     : Explicit concurrent mark sweep GC freed 3(96B) AllocSpace objects, 0(0B) LOS objects, 25% free, 47MB/63MB, paused 2.108ms total 82.231ms
08-05 19:29:38.727  7325  7337 I art     : Starting a blocking GC Explicit
08-05 19:29:38.807  7325  7337 I art     : Explicit concurrent mark sweep GC freed 3(96B) AllocSpace objects, 0(0B) LOS objects, 25% free, 47MB/63MB, paused 2.081ms total 79.804ms
08-05 19:29:38.808  7325  7335 I art     : WaitForGcToComplete blocked for 30.881ms for cause HeapTrim
08-05 19:29:38.839  7325  7337 I art     : Starting a blocking GC Explicit
08-05 19:29:38.918  7325  7337 I art     : Explicit concurrent mark sweep GC freed 3(96B) AllocSpace objects, 0(0B) LOS objects, 25% free, 47MB/63MB, paused 2.197ms total 78.924ms
08-05 19:29:39.285  7325  8464 I art     : Starting a blocking GC Explicit
08-05 19:29:39.359  7325  8464 I art     : Explicit concurrent mark sweep GC freed 1431(84KB) AllocSpace objects, 1(20KB) LOS objects, 25% free, 47MB/63MB, paused 2.043ms total 73.603ms
08-05 19:29:39.385  7325  8464 I art     : Starting a blocking GC Explicit
08-05 19:29:39.459  7325  8464 I art     : Explicit concurrent mark sweep GC freed 23(752B) AllocSpace objects, 0(0B) LOS objects, 25% free, 47MB/63MB, paused 2.052ms total 73.363ms
08-05 19:29:39.485  7325  8464 I art     : Starting a blocking GC Explicit
08-05 19:29:39.558  7325  8464 I art     : Explicit concurrent mark sweep GC freed 3(96B) AllocSpace objects, 0(0B) LOS objects, 25% free, 47MB/63MB, paused 2.009ms total 72.790ms
08-05 19:29:39.584  7325  8464 I art     : Starting a blocking GC Explicit
08-05 19:29:39.658  7325  8464 I art     : Explicit concurrent mark sweep GC freed 3(96B) AllocSpace objects, 0(0B) LOS objects, 25% free, 47MB/63MB, paused 2.021ms total 73.722ms
08-05 19:29:39.684  7325  8464 I art     : Starting a blocking GC Explicit
08-05 19:29:39.759  7325  8464 I art     : Explicit concurrent mark sweep GC freed 3(96B) AllocSpace objects, 0(0B) LOS objects, 25% free, 47MB/63MB, paused 2.197ms total 75.136ms
08-05 19:29:39.807  7260  7260 I ServiceManager: Waiting for service AtCmdFwd...
08-05 19:29:40.148  7325  9065 I art     : Starting a blocking GC Explicit
08-05 19:29:40.244  7325  9065 I art     : Explicit concurrent mark sweep GC freed 1401(81KB) AllocSpace objects, 1(20KB) LOS objects, 25% free, 47MB/63MB, paused 2.180ms total 95.066ms
08-05 19:29:40.270  7325  9065 I art     : Starting a blocking GC Explicit
08-05 19:29:40.345  7325  9065 I art     : Explicit concurrent mark sweep GC freed 23(752B) AllocSpace objects, 0(0B) LOS objects, 25% free, 47MB/63MB, paused 2.109ms total 75.044ms
08-05 19:29:40.377  7325  9065 I art     : Starting a blocking GC Explicit
08-05 19:29:40.459  7325  9065 I art     : Explicit concurrent mark sweep GC freed 3(96B) AllocSpace objects, 0(0B) LOS objects, 25% free, 47MB/63MB, paused 2.300ms total 81.575ms
08-05 19:29:40.491  7325  9065 I art     : Starting a blocking GC Explicit
08-05 19:29:40.526 13866 13882 I PeriodicStatsRunner: PeriodicStatsRunner.call():175 call()
08-05 19:29:40.526 13866 13882 I PeriodicStatsRunner: PeriodicStatsRunner.call():179 No submit PeriodicStats since input started.
08-05 19:29:40.571  7325  9065 I art     : Explicit concurrent mark sweep GC freed 3(96B) AllocSpace objects, 0(0B) LOS objects, 25% free, 47MB/63MB, paused 2.542ms total 80.200ms
08-05 19:29:40.597  7325  9065 I art     : Starting a blocking GC Explicit
08-05 19:29:40.672  7325  9065 I art     : Explicit concurrent mark sweep GC freed 3(96B) AllocSpace objects, 0(0B) LOS objects, 25% free, 47MB/63MB, paused 2.619ms total 74.642ms
08-05 19:29:40.807  7260  7260 I ServiceManager: Waiting for service AtCmdFwd...
08-05 19:29:41.054  7325  7336 I art     : Starting a blocking GC Explicit
08-05 19:29:41.119  7325  7336 I art     : Explicit concurrent mark sweep GC freed 1402(83KB) AllocSpace objects, 1(20KB) LOS objects, 25% free, 47MB/63MB, paused 1.993ms total 64.866ms
08-05 19:29:41.143  7325  7336 I art     : Starting a blocking GC Explicit
08-05 19:29:41.206  7325  7336 I art     : Explicit concurrent mark sweep GC freed 23(752B) AllocSpace objects, 0(0B) LOS objects, 25% free, 47MB/63MB, paused 1.797ms total 63.140ms
08-05 19:29:41.231  7325  7336 I art     : Starting a blocking GC Explicit
08-05 19:29:41.307  7325  7336 I art     : Explicit concurrent mark sweep GC freed 3(96B) AllocSpace objects, 0(0B) LOS objects, 25% free, 47MB/63MB, paused 2.123ms total 75.454ms
08-05 19:29:41.338  7325  7336 I art     : Starting a blocking GC Explicit
08-05 19:29:41.412  7325  7336 I art     : Explicit concurrent mark sweep GC freed 23(896B) AllocSpace objects, 0(0B) LOS objects, 25% free, 47MB/63MB, paused 1.916ms total 73.476ms
08-05 19:29:41.439  7325  7336 I art     : Starting a blocking GC Explicit
08-05 19:29:41.512  7325  7336 I art     : Explicit concurrent mark sweep GC freed 3(96B) AllocSpace objects, 0(0B) LOS objects, 25% free, 47MB/63MB, paused 1.894ms total 72.547ms
08-05 19:29:41.808  7260  7260 I ServiceManager: Waiting for service AtCmdFwd...
08-05 19:29:41.867  7325  8464 I art     : Starting a blocking GC Explicit
08-05 19:29:41.952  7325  8464 I art     : Explicit concurrent mark sweep GC freed 1373(81KB) AllocSpace objects, 1(20KB) LOS objects, 25% free, 47MB/63MB, paused 2.023ms total 84.076ms
08-05 19:29:41.970   518   646 I ThermalEngine: ACTION: GPU - Setting GPU[0] to 450000000
08-05 19:29:41.977  7325  8464 I art     : Starting a blocking GC Explicit
08-05 19:29:42.032  7325  8464 I art     : Explicit concurrent mark sweep GC freed 23(752B) AllocSpace objects, 0(0B) LOS objects, 25% free, 47MB/63MB, paused 1.230ms total 54.633ms
08-05 19:29:42.049  7325  8464 I art     : Starting a blocking GC Explicit
08-05 19:29:42.104  7325  8464 I art     : Explicit concurrent mark sweep GC freed 32(880B) AllocSpace objects, 0(0B) LOS objects, 25% free, 47MB/63MB, paused 1.393ms total 54.947ms
08-05 19:29:42.121  7325  8464 I art     : Starting a blocking GC Explicit
08-05 19:29:42.180  7325  8464 I art     : Explicit concurrent mark sweep GC freed 3(96B) AllocSpace objects, 0(0B) LOS objects, 25% free, 47MB/63MB, paused 1.305ms total 58.950ms
08-05 19:29:42.195  9829  9829 D AndroidRuntime: >>>>>> START com.android.internal.os.RuntimeInit uid 2000 <<<<<<
08-05 19:29:42.197  7325  8464 I art     : Starting a blocking GC Explicit
08-05 19:29:42.201  9829  9829 D AndroidRuntime: CheckJNI is OFF
08-05 19:29:42.246  9829  9829 D ICU     : No timezone override file found: /data/misc/zoneinfo/current/icu/icu_tzdata.dat
08-05 19:29:42.256  7325  8464 I art     : Explicit concurrent mark sweep GC freed 3(96B) AllocSpace objects, 0(0B) LOS objects, 25% free, 47MB/63MB, paused 1.392ms total 58.211ms
08-05 19:29:42.293  9829  9829 I Radio-JNI: register_android_hardware_Radio DONE
08-05 19:29:42.322  9829  9829 D AndroidRuntime: Calling main entry com.android.commands.input.Input
08-05 19:29:42.324  9829  9829 I Input   : injectKeyEvent: KeyEvent { action=ACTION_DOWN, keyCode=KEYCODE_BACK, scanCode=0, metaState=0, flags=0x0, repeatCount=0, eventTime=818998736, downTime=818998736, deviceId=-1, source=0x101 }
08-05 19:29:42.330  9829  9829 I Input   : injectKeyEvent: KeyEvent { action=ACTION_UP, keyCode=KEYCODE_BACK, scanCode=0, metaState=0, flags=0x0, repeatCount=0, eventTime=818998736, downTime=818998736, deviceId=-1, source=0x101 }
08-05 19:29:42.336  9829  9829 D AndroidRuntime: Shutting down VM
08-05 19:29:42.341  7325  7325 V PlaybackController: initServiceNotRunning()
08-05 19:29:42.341  7325  7325 D ExternalPlayerFragment: Loading media info
08-05 19:29:42.344  7325  7325 D ItemlistFragment: onEventMainThread() called with: event = [DownloadEvent{update=DownloaderUpdate{downloaders=[], feedIds=[], mediaIds=[]}}]
08-05 19:29:42.345  7325  8251 D ApOkHttpUrlLoader: buildLoadData() called with: model = [http://static.libsyn.com/p/assets/7/1/f/3/71f3014e14ef2722/JREiTunesImage2.jpg], width = [1440], height = [462]
08-05 19:29:42.349  7325  7325 D UserPreferences: Using default data folder
08-05 19:29:42.349  7325  7871 D DBReader: getNavDrawerData() called with: 
08-05 19:29:42.350  7325  7345 D DBReader: getFeed() called with: feedId = [2]
08-05 19:29:42.352  7325  7345 D DBReader: getFeedItemList() called with: feed = [baseline.de.danoeh.antennapod.core.feed.Feed@2]
08-05 19:29:42.361  7325  7325 D FeedMenuHandler: Preparing options menu
08-05 19:29:42.380  7325  7871 D DBReader: getDownloadedItems() called
08-05 19:29:42.381  7325  7871 D DBReader: getFavoriteIDList() called
08-05 19:29:42.383  7325  7871 D DBReader: getQueueIDList() called
08-05 19:29:42.383  7325  7871 D DBReader: Extracting Feedlist
08-05 19:29:42.446 13866 13866 I GoogleInputMethodServic: GoogleInputMethodService.onFinishInput():3138 
08-05 19:29:42.446  7325  7325 D MainActivity: getLastNavFragment() -> 2
08-05 19:29:42.447 13866 13866 I GoogleInputMethodServic: GoogleInputMethodService.onStartInput():1808 
08-05 19:29:42.463  7325  7345 W PodDBAdapter: Length of id array is larger than 800. Creating multiple cursors
08-05 19:29:42.486 13866 13882 I PeriodicStatsRunner: PeriodicStatsRunner.call():175 call()
08-05 19:29:42.486 13866 13882 I PeriodicStatsRunner: PeriodicStatsRunner.call():179 No submit PeriodicStats since input started.
08-05 19:29:42.554  7325  7345 D DBReader: getFavoriteIDList() called
08-05 19:29:42.555  7325  7345 D DBReader: getQueueIDList() called
08-05 19:29:42.556  7325  7345 D DBReader: Extracting Feedlist
08-05 19:29:42.560  7325  8251 D ApOkHttpUrlLoader: buildLoadData() called with: model = [http://static.libsyn.com/p/assets/7/1/f/3/71f3014e14ef2722/JREiTunesImage2.jpg], width = [1440], height = [462]
08-05 19:29:42.563  7325  7434 I art     : Starting a blocking GC Explicit
08-05 19:29:42.578  7325  7325 D FeedMenuHandler: Preparing options menu
08-05 19:29:42.632  7325  7434 I art     : Explicit concurrent mark sweep GC freed 43012(2MB) AllocSpace objects, 3(52KB) LOS objects, 23% free, 52MB/68MB, paused 1.338ms total 68.563ms
08-05 19:29:42.650  7325  7434 I art     : Starting a blocking GC Explicit
08-05 19:29:42.711   380   380 W SurfaceFlinger: couldn't log to binary event log: overflow.
08-05 19:29:42.711  7325  7434 I art     : Explicit concurrent mark sweep GC freed 2085(132KB) AllocSpace objects, 0(0B) LOS objects, 23% free, 52MB/68MB, paused 1.299ms total 60.285ms
08-05 19:29:42.733  7325  7434 I art     : Starting a blocking GC Explicit
08-05 19:29:42.782  7325  7434 I art     : Explicit concurrent mark sweep GC freed 1227(64KB) AllocSpace objects, 0(0B) LOS objects, 23% free, 52MB/68MB, paused 1.224ms total 49.194ms
08-05 19:29:42.797  7325  7434 I art     : Starting a blocking GC Explicit
08-05 19:29:42.808  7260  7260 I ServiceManager: Waiting for service AtCmdFwd...
08-05 19:29:42.854  7325  7434 I art     : Explicit concurrent mark sweep GC freed 120(6KB) AllocSpace objects, 0(0B) LOS objects, 23% free, 52MB/68MB, paused 1.311ms total 56.530ms
08-05 19:29:42.870  7325  7434 I art     : Starting a blocking GC Explicit
08-05 19:29:42.920  7325  7434 I art     : Explicit concurrent mark sweep GC freed 29132(2MB) AllocSpace objects, 3(84KB) LOS objects, 24% free, 50MB/66MB, paused 1.295ms total 49.641ms
08-05 19:29:43.260  7325  7336 I art     : Starting a blocking GC Explicit
08-05 19:29:43.319  7325  7336 I art     : Explicit concurrent mark sweep GC freed 1446(84KB) AllocSpace objects, 1(20KB) LOS objects, 24% free, 50MB/66MB, paused 1.393ms total 58.979ms
08-05 19:29:43.334  7325  7336 I art     : Starting a blocking GC Explicit
08-05 19:29:43.380  7325  7336 I art     : Explicit concurrent mark sweep GC freed 27(912B) AllocSpace objects, 0(0B) LOS objects, 24% free, 50MB/66MB, paused 1.310ms total 46.457ms
08-05 19:29:43.395  7325  7336 I art     : Starting a blocking GC Explicit
08-05 19:29:43.443  7325  7336 I art     : Explicit concurrent mark sweep GC freed 3(96B) AllocSpace objects, 0(0B) LOS objects, 24% free, 50MB/66MB, paused 1.331ms total 47.446ms
08-05 19:29:43.457  7325  7336 I art     : Starting a blocking GC Explicit
08-05 19:29:43.505  7325  7336 I art     : Explicit concurrent mark sweep GC freed 3(96B) AllocSpace objects, 0(0B) LOS objects, 24% free, 50MB/66MB, paused 1.302ms total 47.433ms
08-05 19:29:43.520  7325  7336 I art     : Starting a blocking GC Explicit
08-05 19:29:43.567  7325  7336 I art     : Explicit concurrent mark sweep GC freed 3(96B) AllocSpace objects, 0(0B) LOS objects, 24% free, 50MB/66MB, paused 1.272ms total 46.850ms
08-05 19:29:43.809  7260  7260 I ServiceManager: Waiting for service AtCmdFwd...
08-05 19:29:43.886  7325  9065 I art     : Starting a blocking GC Explicit
08-05 19:29:43.939  7325  9065 I art     : Explicit concurrent mark sweep GC freed 1374(81KB) AllocSpace objects, 1(20KB) LOS objects, 24% free, 50MB/66MB, paused 1.422ms total 53.424ms
08-05 19:29:43.939  7325  7335 I art     : WaitForGcToComplete blocked for 20.899ms for cause HeapTrim
08-05 19:29:43.954  7325  9065 I art     : Starting a blocking GC Explicit
08-05 19:29:44.000  7325  9065 I art     : Explicit concurrent mark sweep GC freed 26(848B) AllocSpace objects, 0(0B) LOS objects, 24% free, 50MB/66MB, paused 1.589ms total 44.981ms
08-05 19:29:44.017  7325  9065 I art     : Starting a blocking GC Explicit
08-05 19:29:44.064  7325  9065 I art     : Explicit concurrent mark sweep GC freed 38(1072B) AllocSpace objects, 0(0B) LOS objects, 24% free, 50MB/66MB, paused 1.364ms total 47.298ms
08-05 19:29:44.079  7325  9065 I art     : Starting a blocking GC Explicit
08-05 19:29:44.123  7325  9065 I art     : Explicit concurrent mark sweep GC freed 11(352B) AllocSpace objects, 0(0B) LOS objects, 24% free, 50MB/66MB, paused 1.314ms total 44.070ms
08-05 19:29:44.138  7325  9065 I art     : Starting a blocking GC Explicit
08-05 19:29:44.138  9872  9872 D AndroidRuntime: >>>>>> START com.android.internal.os.RuntimeInit uid 2000 <<<<<<
08-05 19:29:44.144  9872  9872 D AndroidRuntime: CheckJNI is OFF
08-05 19:29:44.181  7325  9065 I art     : Explicit concurrent mark sweep GC freed 9(288B) AllocSpace objects, 0(0B) LOS objects, 24% free, 50MB/66MB, paused 1.255ms total 42.866ms
08-05 19:29:44.186  9872  9872 D ICU     : No timezone override file found: /data/misc/zoneinfo/current/icu/icu_tzdata.dat
08-05 19:29:44.228  9872  9872 I Radio-JNI: register_android_hardware_Radio DONE
08-05 19:29:44.256  9872  9872 D AndroidRuntime: Calling main entry com.android.commands.input.Input
08-05 19:29:44.258  9872  9872 I Input   : injectMotionEvent: MotionEvent { action=ACTION_DOWN, actionButton=0, id[0]=0, x[0]=733.0, y[0]=896.0, toolType[0]=TOOL_TYPE_UNKNOWN, buttonState=0, metaState=0, flags=0x0, edgeFlags=0x0, pointerCount=1, historySize=0, eventTime=819000671, downTime=819000671, deviceId=0, source=0x1002 }
08-05 19:29:44.265  9872  9872 I Input   : injectMotionEvent: MotionEvent { action=ACTION_UP, actionButton=0, id[0]=0, x[0]=733.0, y[0]=896.0, toolType[0]=TOOL_TYPE_UNKNOWN, buttonState=0, metaState=0, flags=0x0, edgeFlags=0x0, pointerCount=1, historySize=0, eventTime=819000671, downTime=819000671, deviceId=0, source=0x1002 }
08-05 19:29:44.268  9872  9872 D AndroidRuntime: Shutting down VM
08-05 19:29:44.335   512  2967 D audio_hw_primary: out_set_parameters: enter: usecase(1: low-latency-playback) kvpairs: routing=2
08-05 19:29:44.349   512  2967 D audio_hw_primary: select_devices: out_snd_device(2: speaker) in_snd_device(0: none)
08-05 19:29:44.349   512  2967 D msm8974_platform: platform_send_audio_calibration: sending audio calibration for snd_device(2) acdb_id(15)
08-05 19:29:44.349   512  2967 I soundtrigger: audio_extn_sound_trigger_update_device_status: device 0x2 of type 0 for Event 1
08-05 19:29:44.362   512  2967 D audio_hw_primary: enable_snd_device: snd_device(2: speaker)
08-05 19:29:44.364   512  2967 D audio_hw_primary: enable_audio_route: apply and update mixer path: low-latency-playback speaker
08-05 19:29:44.367  7325  7325 I WebViewFactory: Loading com.google.android.webview version 84.0.4147.89 (code 414708953)
08-05 19:29:44.466  7325  7325 I cr_LibraryLoader: Loaded native library version number "84.0.4147.89"
08-05 19:29:44.467  7325  7325 I cr_CachingUmaRecorder: Flushed 5 samples from 5 histograms.
08-05 19:29:44.503  7325  9065 I art     : Starting a blocking GC Explicit
08-05 19:29:44.511  7325  7325 E chromium: [ERROR:filesystem_posix.cc(62)] mkdir /data/user/0/baseline.de.danoeh.antennapod.debug/cache/WebView/Crashpad: No such file or directory (2)
08-05 19:29:44.554  7325  9065 I art     : Explicit concurrent mark sweep GC freed 7824(676KB) AllocSpace objects, 3(60KB) LOS objects, 23% free, 51MB/67MB, paused 1.655ms total 50.034ms
08-05 19:29:44.589  7325  9065 I art     : Starting a blocking GC Explicit
08-05 19:29:44.633   918  6112 D ConnectivityService: listenForNetwork for Listen from uid/pid:10695/7325 for NetworkRequest [ id=3524, legacyType=-1, [ Capabilities: INTERNET&NOT_RESTRICTED&TRUSTED] ]
08-05 19:29:44.640  7325  9065 I art     : Explicit concurrent mark sweep GC freed 839(66KB) AllocSpace objects, 0(0B) LOS objects, 23% free, 51MB/67MB, paused 2.477ms total 51.238ms
08-05 19:29:44.654  7325  9065 I art     : Starting a blocking GC Explicit
08-05 19:29:44.683  7325  7872 D DBReader: getFeedItem() called with: itemId = [2]
08-05 19:29:44.683  7325  7872 D DBReader: Loading feeditem with id 2
08-05 19:29:44.684  7325  7325 D ItemFragment: onEventMainThread() called with: event = [DownloadEvent{update=DownloaderUpdate{downloaders=[], feedIds=[], mediaIds=[]}}]
08-05 19:29:44.687  7325  7872 D DBReader: getFavoriteIDList() called
08-05 19:29:44.687  7325  7872 D DBReader: getQueueIDList() called
08-05 19:29:44.688  7325  7872 D DBReader: Extracting Feedlist
08-05 19:29:44.697  7325  7872 D DBReader: loadExtraInformationOfFeedItem() called with: item = [FeedItem[autoDownload=1,chapters=<null>,contentEncoded=<null>,description=<null>,feed=baseline.de.danoeh.antennapod.core.feed.Feed@1abdbb9,feedId=2,flattrStatus=baseline.de.danoeh.antennapod.core.util.flattr.FlattrStatus@d351bfe,hasChapters=false,imageUrl=http://static.libsyn.com/p/assets/2/7/8/6/278615fe73b1f0ca/JRE1514.jpg,itemIdentifier=a0870b6b-c887-4883-930c-a06d5e1a8f7e,link=http://traffic.libsyn.com/joeroganexp/p1514.mp3,media=baseline.de.danoeh.antennapod.core.feed.FeedMedia@2987f5f,paymentLink=<null>,pubDate=Fri Jul 24 21:00:00 GMT+02:00 2020,state=-1,tags=[],title=#1514 - Joe De Sena,id=2]]
08-05 19:29:44.698 13866 13866 I GoogleInputMethodServic: GoogleInputMethodService.onFinishInput():3138 
08-05 19:29:44.699 13866 13866 I GoogleInputMethodServic: GoogleInputMethodService.onStartInput():1808 
08-05 19:29:44.706  7325  9065 I art     : Explicit concurrent mark sweep GC freed 3492(230KB) AllocSpace objects, 0(0B) LOS objects, 23% free, 51MB/67MB, paused 3.713ms total 51.914ms
08-05 19:29:44.712  7325  7325 E libEGL  : validate_display:255 error 3008 (EGL_BAD_DISPLAY)
08-05 19:29:44.722  7325  9065 I art     : Starting a blocking GC Explicit
08-05 19:29:44.761   918   935 D BluetoothManagerService: Added callback: android.bluetooth.IBluetoothManagerCallback$Stub$Proxy@35d83c8:true
08-05 19:29:44.784  7325  9065 I art     : Explicit concurrent mark sweep GC freed 773(84KB) AllocSpace objects, 1(68KB) LOS objects, 23% free, 51MB/67MB, paused 3.310ms total 61.259ms
08-05 19:29:44.789  7325  8251 D ApOkHttpUrlLoader: buildLoadData() called with: model = [http://static.libsyn.com/p/assets/2/7/8/6/278615fe73b1f0ca/JRE1514.jpg], width = [175], height = [175]
08-05 19:29:44.799  7325  8080 D DBReader: getImageAuthentication() called with: imageUrl = [http://static.libsyn.com/p/assets/2/7/8/6/278615fe73b1f0ca/JRE1514.jpg]
08-05 19:29:44.804  7325  8080 D ApOkHttpUrlLoader: no credentials for 'http://static.libsyn.com/p/assets/2/7/8/6/278615fe73b1f0ca/JRE1514.jpg'
08-05 19:29:44.809  7260  7260 W Atfwd_Sendcmd: AtCmdFwd service not published, waiting... retryCnt : 2
08-05 19:29:44.812  7325  9065 I art     : Starting a blocking GC Explicit
08-05 19:29:44.862  7325  9065 I art     : Explicit concurrent mark sweep GC freed 1977(128KB) AllocSpace objects, 4(112KB) LOS objects, 23% free, 51MB/67MB, paused 1.662ms total 49.707ms
08-05 19:29:44.898   512  2967 D audio_hw_primary: disable_audio_route: reset and update mixer path: low-latency-playback speaker
08-05 19:29:44.899   512  2967 D audio_hw_primary: disable_snd_device: snd_device(2: speaker)
08-05 19:29:44.907   512  2967 I soundtrigger: audio_extn_sound_trigger_update_device_status: device 0x2 of type 0 for Event 0
08-05 19:29:44.933  7325  8080 D MYTAG   : interceptor 2a
08-05 19:29:44.933  7325  8080 I NAPPA_EXPERIMENTATION: MetricNetworkRequestExecutionTime: REQUEST_DURATION_SYSTEM='128',REQUEST_DURATION_OKHTTP='127',REQUEST_SYNCHRONOUS='TRUE',RESPONSE_CODE='200',RESPONSE_METHOD='GET',RESPONSE_LENGTH_OKHTTP='364960',RESPONSE_LENGTH_HEADER='364960',REQUEST_PROTOCOL='http/1.1',REQUEST_URL='http://static.libsyn.com/p/assets/2/7/8/6/278615fe73b1f0ca/JRE1514.jpg',
08-05 19:29:45.199  7325  7434 I art     : Starting a blocking GC Explicit
08-05 19:29:45.258  7325  7434 I art     : Explicit concurrent mark sweep GC freed 2121(151KB) AllocSpace objects, 1(20KB) LOS objects, 23% free, 51MB/67MB, paused 1.513ms total 58.498ms
08-05 19:29:45.275  7325  7434 I art     : Starting a blocking GC Explicit
08-05 19:29:45.322  7325  7434 I art     : Explicit concurrent mark sweep GC freed 72(2512B) AllocSpace objects, 0(0B) LOS objects, 23% free, 51MB/67MB, paused 1.396ms total 46.897ms
08-05 19:29:45.338  7325  7434 I art     : Starting a blocking GC Explicit
08-05 19:29:45.390  7325  7434 I art     : Explicit concurrent mark sweep GC freed 11(352B) AllocSpace objects, 0(0B) LOS objects, 23% free, 51MB/67MB, paused 1.465ms total 51.675ms
08-05 19:29:45.405  7325  7434 I art     : Starting a blocking GC Explicit
08-05 19:29:45.453  7325  7434 I art     : Explicit concurrent mark sweep GC freed 11(352B) AllocSpace objects, 0(0B) LOS objects, 23% free, 51MB/67MB, paused 1.289ms total 47.843ms
08-05 19:29:45.469  7325  7434 I art     : Starting a blocking GC Explicit
08-05 19:29:45.520  7325  7434 I art     : Explicit concurrent mark sweep GC freed 11(352B) AllocSpace objects, 0(0B) LOS objects, 23% free, 51MB/67MB, paused 1.291ms total 51.025ms
08-05 19:29:45.890  7325  7336 I art     : Starting a blocking GC Explicit
08-05 19:29:45.948  7325  7336 I art     : Explicit concurrent mark sweep GC freed 1431(82KB) AllocSpace objects, 1(20KB) LOS objects, 23% free, 51MB/67MB, paused 1.555ms total 58.351ms
08-05 19:29:45.964  7325  7336 I art     : Starting a blocking GC Explicit
08-05 19:29:45.985   518   646 I ThermalEngine: ACTION: GPU - Setting GPU[0] to 390000000
08-05 19:29:46.042  7325  7336 I art     : Explicit concurrent mark sweep GC freed 36(1184B) AllocSpace objects, 0(0B) LOS objects, 23% free, 51MB/67MB, paused 3.071ms total 76.848ms
08-05 19:29:46.067  7325  7336 I art     : Starting a blocking GC Explicit
08-05 19:29:46.134  7325  7336 I art     : Explicit concurrent mark sweep GC freed 41(1168B) AllocSpace objects, 0(0B) LOS objects, 23% free, 51MB/67MB, paused 2.364ms total 66.866ms
08-05 19:29:46.159  7325  7336 I art     : Starting a blocking GC Explicit
08-05 19:29:46.226  7325  7336 I art     : Explicit concurrent mark sweep GC freed 15(480B) AllocSpace objects, 0(0B) LOS objects, 23% free, 51MB/67MB, paused 2.609ms total 67.044ms
08-05 19:29:46.251  7325  7336 I art     : Starting a blocking GC Explicit
08-05 19:29:46.318  7325  7336 I art     : Explicit concurrent mark sweep GC freed 15(480B) AllocSpace objects, 0(0B) LOS objects, 23% free, 51MB/67MB, paused 2.570ms total 67.023ms
08-05 19:29:46.722  7325  7336 I art     : Starting a blocking GC Explicit
08-05 19:29:46.801  7325  7336 I art     : Explicit concurrent mark sweep GC freed 1440(82KB) AllocSpace objects, 1(20KB) LOS objects, 23% free, 51MB/67MB, paused 3.062ms total 78.978ms
08-05 19:29:46.828  7325  7336 I art     : Starting a blocking GC Explicit
08-05 19:29:46.900  7325  7336 I art     : Explicit concurrent mark sweep GC freed 23(752B) AllocSpace objects, 0(0B) LOS objects, 23% free, 51MB/67MB, paused 2.626ms total 71.992ms
08-05 19:29:46.926  7325  7336 I art     : Starting a blocking GC Explicit
08-05 19:29:46.992  7325  7336 I art     : Explicit concurrent mark sweep GC freed 3(96B) AllocSpace objects, 0(0B) LOS objects, 23% free, 51MB/67MB, paused 2.134ms total 65.749ms
08-05 19:29:47.016  7325  7336 I art     : Starting a blocking GC Explicit
08-05 19:29:47.082  7325  7336 I art     : Explicit concurrent mark sweep GC freed 32(880B) AllocSpace objects, 0(0B) LOS objects, 23% free, 51MB/67MB, paused 2.208ms total 66.345ms
08-05 19:29:47.106  7325  7336 I art     : Starting a blocking GC Explicit
08-05 19:29:47.179  7325  7336 I art     : Explicit concurrent mark sweep GC freed 3(96B) AllocSpace objects, 0(0B) LOS objects, 23% free, 51MB/67MB, paused 2.523ms total 72.263ms
08-05 19:29:47.456 13866 13882 I PeriodicStatsRunner: PeriodicStatsRunner.call():175 call()
08-05 19:29:47.457 13866 13882 I PeriodicStatsRunner: PeriodicStatsRunner.call():179 No submit PeriodicStats since input started.
08-05 19:29:47.618  7325  7434 I art     : Starting a blocking GC Explicit
08-05 19:29:47.699  7325  7434 I art     : Explicit concurrent mark sweep GC freed 1382(82KB) AllocSpace objects, 1(20KB) LOS objects, 23% free, 51MB/67MB, paused 2.315ms total 80.605ms
08-05 19:29:47.725  7325  7434 I art     : Starting a blocking GC Explicit
08-05 19:29:47.792  7325  7434 I art     : Explicit concurrent mark sweep GC freed 23(768B) AllocSpace objects, 0(0B) LOS objects, 23% free, 51MB/67MB, paused 2.076ms total 66.262ms
08-05 19:29:47.816  7325  7434 I art     : Starting a blocking GC Explicit
08-05 19:29:47.883  7325  7434 I art     : Explicit concurrent mark sweep GC freed 3(96B) AllocSpace objects, 0(0B) LOS objects, 23% free, 51MB/67MB, paused 2.307ms total 66.836ms
08-05 19:29:47.907  7325  7434 I art     : Starting a blocking GC Explicit
08-05 19:29:47.973  7325  7434 I art     : Explicit concurrent mark sweep GC freed 3(96B) AllocSpace objects, 0(0B) LOS objects, 23% free, 51MB/67MB, paused 2.052ms total 66ms
08-05 19:29:47.997  7325  7434 I art     : Starting a blocking GC Explicit
08-05 19:29:48.071  7325  7434 I art     : Explicit concurrent mark sweep GC freed 32(880B) AllocSpace objects, 0(0B) LOS objects, 23% free, 51MB/67MB, paused 2.416ms total 73.736ms
08-05 19:29:48.493  7325  7337 I art     : Starting a blocking GC Explicit
08-05 19:29:48.565  7325  7337 I art     : Explicit concurrent mark sweep GC freed 1382(81KB) AllocSpace objects, 1(20KB) LOS objects, 23% free, 51MB/67MB, paused 2.285ms total 71.709ms
08-05 19:29:48.588  7325  7337 I art     : Starting a blocking GC Explicit
08-05 19:29:48.651  7325  7337 I art     : Explicit concurrent mark sweep GC freed 23(752B) AllocSpace objects, 0(0B) LOS objects, 23% free, 51MB/67MB, paused 2.206ms total 62.794ms
08-05 19:29:48.674  7325  7337 I art     : Starting a blocking GC Explicit
08-05 19:29:48.738  7325  7337 I art     : Explicit concurrent mark sweep GC freed 3(96B) AllocSpace objects, 0(0B) LOS objects, 23% free, 51MB/67MB, paused 2.459ms total 63.655ms
08-05 19:29:48.761  7325  7337 I art     : Starting a blocking GC Explicit
08-05 19:29:48.824  7325  7337 I art     : Explicit concurrent mark sweep GC freed 3(96B) AllocSpace objects, 0(0B) LOS objects, 23% free, 51MB/67MB, paused 2.165ms total 62.891ms
08-05 19:29:48.846  7325  7337 I art     : Starting a blocking GC Explicit
08-05 19:29:48.870   918   933 E KernelCpuSpeedReader: Failed to read cpu-freq: /sys/devices/system/cpu/cpu4/cpufreq/stats/time_in_state: open failed: ENOENT (No such file or directory)
08-05 19:29:48.907  7325  7337 I art     : Explicit concurrent mark sweep GC freed 3(96B) AllocSpace objects, 0(0B) LOS objects, 23% free, 51MB/67MB, paused 2.134ms total 59.860ms
08-05 19:29:49.172  9994  9994 D AndroidRuntime: >>>>>> START com.android.internal.os.RuntimeInit uid 2000 <<<<<<
08-05 19:29:49.179  9994  9994 D AndroidRuntime: CheckJNI is OFF
08-05 19:29:49.232  9994  9994 D ICU     : No timezone override file found: /data/misc/zoneinfo/current/icu/icu_tzdata.dat
08-05 19:29:49.278  9994  9994 I Radio-JNI: register_android_hardware_Radio DONE
08-05 19:29:49.309  7325  8464 I art     : Starting a blocking GC Explicit
08-05 19:29:49.311  9994  9994 D AndroidRuntime: Calling main entry com.android.commands.input.Input
08-05 19:29:49.313  9994  9994 I Input   : injectKeyEvent: KeyEvent { action=ACTION_DOWN, keyCode=KEYCODE_BACK, scanCode=0, metaState=0, flags=0x0, repeatCount=0, eventTime=819005726, downTime=819005726, deviceId=-1, source=0x101 }
08-05 19:29:49.319  9994  9994 I Input   : injectKeyEvent: KeyEvent { action=ACTION_UP, keyCode=KEYCODE_BACK, scanCode=0, metaState=0, flags=0x0, repeatCount=0, eventTime=819005726, downTime=819005726, deviceId=-1, source=0x101 }
08-05 19:29:49.347  7325  7325 D ItemlistFragment: onEventMainThread() called with: event = [DownloadEvent{update=DownloaderUpdate{downloaders=[], feedIds=[], mediaIds=[]}}]
08-05 19:29:49.349  7325  7871 D DBReader: getFeed() called with: feedId = [2]
08-05 19:29:49.350  9994  9994 D AndroidRuntime: Shutting down VM
08-05 19:29:49.351  7325  7871 D DBReader: getFeedItemList() called with: feed = [baseline.de.danoeh.antennapod.core.feed.Feed@2]
08-05 19:29:49.358   918  3263 D ConnectivityService: releasing NetworkRequest NetworkRequest [ id=3524, legacyType=-1, [ Capabilities: INTERNET&NOT_RESTRICTED&TRUSTED] ]
08-05 19:29:49.376  7325  8464 I art     : Explicit concurrent mark sweep GC freed 2359(135KB) AllocSpace objects, 1(20KB) LOS objects, 23% free, 51MB/67MB, paused 2.359ms total 66.384ms
08-05 19:29:49.397  7325  8464 I art     : Starting a blocking GC Explicit
08-05 19:29:49.405  7325  7325 D FeedMenuHandler: Preparing options menu
08-05 19:29:49.458  7325  7871 W PodDBAdapter: Length of id array is larger than 800. Creating multiple cursors
08-05 19:29:49.471  7325  8464 I art     : Explicit concurrent mark sweep GC freed 5553(314KB) AllocSpace objects, 1(16KB) LOS objects, 22% free, 53MB/69MB, paused 4.324ms total 73.310ms
08-05 19:29:49.495  7325  8464 I art     : Starting a blocking GC Explicit
08-05 19:29:49.498  7325  8251 D ApOkHttpUrlLoader: buildLoadData() called with: model = [http://static.libsyn.com/p/assets/7/1/f/3/71f3014e14ef2722/JREiTunesImage2.jpg], width = [1440], height = [462]
08-05 19:29:49.529 13866 13866 I GoogleInputMethodServic: GoogleInputMethodService.onFinishInput():3138 
08-05 19:29:49.530 13866 13866 I GoogleInputMethodServic: GoogleInputMethodService.onStartInput():1808 
08-05 19:29:49.568  7325  8464 I art     : Explicit concurrent mark sweep GC freed 5773(381KB) AllocSpace objects, 4(2MB) LOS objects, 22% free, 53MB/69MB, paused 2.412ms total 72.886ms
08-05 19:29:49.577  7325  7871 D DBReader: getFavoriteIDList() called
08-05 19:29:49.578  7325  7871 D DBReader: getQueueIDList() called
08-05 19:29:49.580  7325  7871 D DBReader: Extracting Feedlist
08-05 19:29:49.584  7325  8251 D ApOkHttpUrlLoader: buildLoadData() called with: model = [http://static.libsyn.com/p/assets/7/1/f/3/71f3014e14ef2722/JREiTunesImage2.jpg], width = [1440], height = [462]
08-05 19:29:49.591  7325  8464 I art     : Starting a blocking GC Explicit
08-05 19:29:49.612  7325  7325 D FeedMenuHandler: Preparing options menu
08-05 19:29:49.654  7325  8464 I art     : Explicit concurrent mark sweep GC freed 34662(2MB) AllocSpace objects, 3(124KB) LOS objects, 22% free, 54MB/70MB, paused 2.436ms total 63.095ms
08-05 19:29:49.678  7325  8464 I art     : Starting a blocking GC Explicit
08-05 19:29:49.699 13866 13882 I PeriodicStatsRunner: PeriodicStatsRunner.call():175 call()
08-05 19:29:49.699 13866 13882 I PeriodicStatsRunner: PeriodicStatsRunner.call():179 No submit PeriodicStats since input started.
08-05 19:29:49.736  7325  8464 I art     : Explicit concurrent mark sweep GC freed 847(51KB) AllocSpace objects, 0(0B) LOS objects, 22% free, 54MB/70MB, paused 2.044ms total 57.645ms
08-05 19:29:50.151  7325  7434 I art     : Starting a blocking GC Explicit
08-05 19:29:50.233  7325  7434 I art     : Explicit concurrent mark sweep GC freed 2033(123KB) AllocSpace objects, 1(20KB) LOS objects, 22% free, 54MB/70MB, paused 2.525ms total 80.635ms
08-05 19:29:50.253   918  3261 D WifiStateMachine: starting scan for "H369AA63323"WPA_PSK with 2412,5180
08-05 19:29:50.261  7325  7434 I art     : Starting a blocking GC Explicit
08-05 19:29:50.327  7325  7434 I art     : Explicit concurrent mark sweep GC freed 25(832B) AllocSpace objects, 0(0B) LOS objects, 22% free, 54MB/70MB, paused 2.332ms total 65.705ms
08-05 19:29:50.350  7325  7434 I art     : Starting a blocking GC Explicit
08-05 19:29:50.415  7325  7434 I art     : Explicit concurrent mark sweep GC freed 3(96B) AllocSpace objects, 0(0B) LOS objects, 22% free, 54MB/70MB, paused 2.165ms total 64.545ms
08-05 19:29:50.438  7325  7434 I art     : Starting a blocking GC Explicit
08-05 19:29:50.504  7325  7434 I art     : Explicit concurrent mark sweep GC freed 3(96B) AllocSpace objects, 0(0B) LOS objects, 22% free, 54MB/70MB, paused 2.052ms total 65.505ms
08-05 19:29:50.528  7325  7434 I art     : Starting a blocking GC Explicit
08-05 19:29:50.595  7325  7434 I art     : Explicit concurrent mark sweep GC freed 3(96B) AllocSpace objects, 0(0B) LOS objects, 22% free, 54MB/70MB, paused 2.371ms total 66.802ms
08-05 19:29:50.988   518   646 I ThermalEngine: ACTION: GPU - Setting GPU[0] to 450000000
08-05 19:29:50.998  7325  9065 I art     : Starting a blocking GC Explicit
08-05 19:29:51.049  7325  9065 I art     : Explicit concurrent mark sweep GC freed 1393(83KB) AllocSpace objects, 1(20KB) LOS objects, 22% free, 54MB/70MB, paused 1.603ms total 50.698ms
08-05 19:29:51.064  7325  9065 I art     : Starting a blocking GC Explicit
08-05 19:29:51.111  7325  9065 I art     : Explicit concurrent mark sweep GC freed 60(1792B) AllocSpace objects, 0(0B) LOS objects, 22% free, 54MB/70MB, paused 1.439ms total 46.649ms
08-05 19:29:51.125  7325  9065 I art     : Starting a blocking GC Explicit
08-05 19:29:51.175  7325  9065 I art     : Explicit concurrent mark sweep GC freed 11(352B) AllocSpace objects, 0(0B) LOS objects, 22% free, 54MB/70MB, paused 1.456ms total 50.132ms
08-05 19:29:51.191  7325  9065 I art     : Starting a blocking GC Explicit
08-05 19:29:51.199 10028 10028 D AndroidRuntime: >>>>>> START com.android.internal.os.RuntimeInit uid 2000 <<<<<<
08-05 19:29:51.204 10028 10028 D AndroidRuntime: CheckJNI is OFF
08-05 19:29:51.243  7325  9065 I art     : Explicit concurrent mark sweep GC freed 6(192B) AllocSpace objects, 0(0B) LOS objects, 22% free, 54MB/70MB, paused 1.453ms total 51.806ms
08-05 19:29:51.250 10028 10028 D ICU     : No timezone override file found: /data/misc/zoneinfo/current/icu/icu_tzdata.dat
08-05 19:29:51.258  7325  9065 I art     : Starting a blocking GC Explicit
08-05 19:29:51.293 10028 10028 I Radio-JNI: register_android_hardware_Radio DONE
08-05 19:29:51.307  7325  9065 I art     : Explicit concurrent mark sweep GC freed 3(96B) AllocSpace objects, 0(0B) LOS objects, 22% free, 54MB/70MB, paused 1.720ms total 48.871ms
08-05 19:29:51.323 10028 10028 D AndroidRuntime: Calling main entry com.android.commands.input.Input
08-05 19:29:51.325 10028 10028 I Input   : injectMotionEvent: MotionEvent { action=ACTION_DOWN, actionButton=0, id[0]=0, x[0]=103.0, y[0]=192.0, toolType[0]=TOOL_TYPE_UNKNOWN, buttonState=0, metaState=0, flags=0x0, edgeFlags=0x0, pointerCount=1, historySize=0, eventTime=819007738, downTime=819007738, deviceId=0, source=0x1002 }
08-05 19:29:51.332 10028 10028 I Input   : injectMotionEvent: MotionEvent { action=ACTION_UP, actionButton=0, id[0]=0, x[0]=103.0, y[0]=192.0, toolType[0]=TOOL_TYPE_UNKNOWN, buttonState=0, metaState=0, flags=0x0, edgeFlags=0x0, pointerCount=1, historySize=0, eventTime=819007738, downTime=819007738, deviceId=0, source=0x1002 }
08-05 19:29:51.334 10028 10028 D AndroidRuntime: Shutting down VM
08-05 19:29:51.340   512  2967 D audio_hw_primary: out_set_parameters: enter: usecase(1: low-latency-playback) kvpairs: routing=2
08-05 19:29:51.352   512  2967 D audio_hw_primary: select_devices: out_snd_device(2: speaker) in_snd_device(0: none)
08-05 19:29:51.353   512  2967 D msm8974_platform: platform_send_audio_calibration: sending audio calibration for snd_device(2) acdb_id(15)
08-05 19:29:51.353   512  2967 I soundtrigger: audio_extn_sound_trigger_update_device_status: device 0x2 of type 0 for Event 1
08-05 19:29:51.368   512  2967 D audio_hw_primary: enable_snd_device: snd_device(2: speaker)
08-05 19:29:51.371   512  2967 D audio_hw_primary: enable_audio_route: apply and update mixer path: low-latency-playback speaker
08-05 19:29:51.649  7325  8464 I art     : Starting a blocking GC Explicit
08-05 19:29:51.698  7325  8464 I art     : Explicit concurrent mark sweep GC freed 1804(103KB) AllocSpace objects, 1(20KB) LOS objects, 22% free, 54MB/70MB, paused 1.490ms total 48.739ms
08-05 19:29:51.713  7325  8464 I art     : Starting a blocking GC Explicit
08-05 19:29:51.763  7325  8464 I art     : Explicit concurrent mark sweep GC freed 45(1648B) AllocSpace objects, 0(0B) LOS objects, 22% free, 54MB/70MB, paused 1.360ms total 49.728ms
08-05 19:29:51.778  7325  8464 I art     : Starting a blocking GC Explicit
08-05 19:29:51.829  7325  8464 I art     : Explicit concurrent mark sweep GC freed 4(128B) AllocSpace objects, 0(0B) LOS objects, 22% free, 54MB/70MB, paused 1.718ms total 51.063ms
08-05 19:29:51.844  7325  8464 I art     : Starting a blocking GC Explicit
08-05 19:29:51.894  7325  8464 I art     : Explicit concurrent mark sweep GC freed 5(160B) AllocSpace objects, 0(0B) LOS objects, 22% free, 54MB/70MB, paused 1.322ms total 49.590ms
08-05 19:29:51.909   512  2967 D audio_hw_primary: disable_audio_route: reset and update mixer path: low-latency-playback speaker
08-05 19:29:51.909  7325  8464 I art     : Starting a blocking GC Explicit
08-05 19:29:51.910   512  2967 D audio_hw_primary: disable_snd_device: snd_device(2: speaker)
08-05 19:29:51.918   512  2967 I soundtrigger: audio_extn_sound_trigger_update_device_status: device 0x2 of type 0 for Event 0
08-05 19:29:51.960  7325  8464 I art     : Explicit concurrent mark sweep GC freed 3(96B) AllocSpace objects, 0(0B) LOS objects, 22% free, 54MB/70MB, paused 1.349ms total 50.344ms
08-05 19:29:52.323  7325  8464 I art     : Starting a blocking GC Explicit
08-05 19:29:52.389  7325  8464 I art     : Explicit concurrent mark sweep GC freed 2113(107KB) AllocSpace objects, 1(20KB) LOS objects, 22% free, 54MB/70MB, paused 1.674ms total 64.995ms
08-05 19:29:52.407  7325  8464 I art     : Starting a blocking GC Explicit
08-05 19:29:52.459  7325  8464 I art     : Explicit concurrent mark sweep GC freed 25(816B) AllocSpace objects, 0(0B) LOS objects, 22% free, 54MB/70MB, paused 1.468ms total 50.934ms
08-05 19:29:52.474  7325  8464 I art     : Starting a blocking GC Explicit
08-05 19:29:52.526  7325  8464 I art     : Explicit concurrent mark sweep GC freed 3(96B) AllocSpace objects, 0(0B) LOS objects, 22% free, 54MB/70MB, paused 1.579ms total 52.018ms
08-05 19:29:52.541  7325  8464 I art     : Starting a blocking GC Explicit
08-05 19:29:52.592  7325  8464 I art     : Explicit concurrent mark sweep GC freed 3(96B) AllocSpace objects, 0(0B) LOS objects, 22% free, 54MB/70MB, paused 1.474ms total 50.560ms
08-05 19:29:52.607  7325  8464 I art     : Starting a blocking GC Explicit
08-05 19:29:52.657  7325  8464 I art     : Explicit concurrent mark sweep GC freed 3(96B) AllocSpace objects, 0(0B) LOS objects, 22% free, 54MB/70MB, paused 1.613ms total 50.191ms
08-05 19:29:53.000   518   646 I ThermalEngine: ACTION: GPU - Setting GPU[0] to 390000000
08-05 19:29:53.022  7325  7337 I art     : Starting a blocking GC Explicit
08-05 19:29:53.095  7325  7337 I art     : Explicit concurrent mark sweep GC freed 2313(114KB) AllocSpace objects, 1(20KB) LOS objects, 22% free, 54MB/70MB, paused 2.371ms total 72.570ms
08-05 19:29:53.118  7325  7337 I art     : Starting a blocking GC Explicit
08-05 19:29:53.181  7325  7337 I art     : Explicit concurrent mark sweep GC freed 33(1072B) AllocSpace objects, 0(0B) LOS objects, 22% free, 54MB/70MB, paused 2.437ms total 62.130ms
08-05 19:29:53.204  7325  7337 I art     : Starting a blocking GC Explicit
08-05 19:29:53.205 10074 10074 D AndroidRuntime: >>>>>> START com.android.internal.os.RuntimeInit uid 2000 <<<<<<
08-05 19:29:53.211 10074 10074 D AndroidRuntime: CheckJNI is OFF
08-05 19:29:53.261 10074 10074 D ICU     : No timezone override file found: /data/misc/zoneinfo/current/icu/icu_tzdata.dat
08-05 19:29:53.262  7325  7337 I art     : Explicit concurrent mark sweep GC freed 6(192B) AllocSpace objects, 0(0B) LOS objects, 22% free, 54MB/70MB, paused 1.998ms total 57.785ms
08-05 19:29:53.284  7325  7337 I art     : Starting a blocking GC Explicit
08-05 19:29:53.306 10074 10074 I Radio-JNI: register_android_hardware_Radio DONE
08-05 19:29:53.338 10074 10074 D AndroidRuntime: Calling main entry com.android.commands.input.Input
08-05 19:29:53.341 10074 10074 I Input   : injectMotionEvent: MotionEvent { action=ACTION_DOWN, actionButton=0, id[0]=0, x[0]=409.0, y[0]=1034.0, toolType[0]=TOOL_TYPE_UNKNOWN, buttonState=0, metaState=0, flags=0x0, edgeFlags=0x0, pointerCount=1, historySize=0, eventTime=819009753, downTime=819009753, deviceId=0, source=0x1002 }
08-05 19:29:53.346  7325  7337 I art     : Explicit concurrent mark sweep GC freed 3(96B) AllocSpace objects, 0(0B) LOS objects, 22% free, 54MB/70MB, paused 2.227ms total 61.155ms
08-05 19:29:53.346 10074 10074 I Input   : injectMotionEvent: MotionEvent { action=ACTION_UP, actionButton=0, id[0]=0, x[0]=409.0, y[0]=1034.0, toolType[0]=TOOL_TYPE_UNKNOWN, buttonState=0, metaState=0, flags=0x0, edgeFlags=0x0, pointerCount=1, historySize=0, eventTime=819009753, downTime=819009753, deviceId=0, source=0x1002 }
08-05 19:29:53.349 10074 10074 D AndroidRuntime: Shutting down VM
08-05 19:29:53.368  7325  7337 I art     : Starting a blocking GC Explicit
08-05 19:29:53.418  7325  7325 D MainActivity: loadFragment(index: 5, args: null)
08-05 19:29:53.418  7325  7325 D MainActivity: loadFragment(tag: AddFeedFragment, args: null)
08-05 19:29:53.419   512  2967 D audio_hw_primary: out_set_parameters: enter: usecase(1: low-latency-playback) kvpairs: routing=2
08-05 19:29:53.419  7325  7325 D MainActivity: saveLastNavFragment(tag: AddFeedFragment)
08-05 19:29:53.419  7325  7325 D MainActivity: getLastNavFragment() -> AddFeedFragment
08-05 19:29:53.432   512  2967 D audio_hw_primary: select_devices: out_snd_device(2: speaker) in_snd_device(0: none)
08-05 19:29:53.432   512  2967 D msm8974_platform: platform_send_audio_calibration: sending audio calibration for snd_device(2) acdb_id(15)
08-05 19:29:53.432   512  2967 I soundtrigger: audio_extn_sound_trigger_update_device_status: device 0x2 of type 0 for Event 1
08-05 19:29:53.435  7325  7337 I art     : Explicit concurrent mark sweep GC freed 152(19KB) AllocSpace objects, 1(20KB) LOS objects, 22% free, 54MB/70MB, paused 2.614ms total 67.210ms
08-05 19:29:53.453   512  2967 D audio_hw_primary: enable_snd_device: snd_device(2: speaker)
08-05 19:29:53.455   512  2967 D audio_hw_primary: enable_audio_route: apply and update mixer path: low-latency-playback speaker
08-05 19:29:53.479 13866 13866 I GoogleInputMethodServic: GoogleInputMethodService.onFinishInput():3138 
08-05 19:29:53.480 13866 13866 I GoogleInputMethodServic: GoogleInputMethodService.onStartInput():1808 
08-05 19:29:53.845  7325  7336 I art     : Starting a blocking GC Explicit
08-05 19:29:53.867 13866 13866 I GoogleInputMethodServic: GoogleInputMethodService.onFinishInput():3138 
08-05 19:29:53.868 13866 13866 I GoogleInputMethodServic: GoogleInputMethodService.onStartInput():1808 
08-05 19:29:53.917  7325  7336 I art     : Explicit concurrent mark sweep GC freed 3912(191KB) AllocSpace objects, 1(20KB) LOS objects, 22% free, 54MB/70MB, paused 2.508ms total 71.699ms
08-05 19:29:53.941  7325  7336 I art     : Starting a blocking GC Explicit
08-05 19:29:53.997  7325  7336 I art     : Explicit concurrent mark sweep GC freed 31590(2MB) AllocSpace objects, 9(3MB) LOS objects, 24% free, 48MB/64MB, paused 2.486ms total 55.712ms
08-05 19:29:53.999   512  2967 D audio_hw_primary: disable_audio_route: reset and update mixer path: low-latency-playback speaker
08-05 19:29:54.000   512  2967 D audio_hw_primary: disable_snd_device: snd_device(2: speaker)
08-05 19:29:54.011   512  2967 I soundtrigger: audio_extn_sound_trigger_update_device_status: device 0x2 of type 0 for Event 0
08-05 19:29:54.017  7325  7336 I art     : Starting a blocking GC Explicit
08-05 19:29:54.062  7325  7336 I art     : Explicit concurrent mark sweep GC freed 32(880B) AllocSpace objects, 0(0B) LOS objects, 24% free, 48MB/64MB, paused 2.238ms total 44.724ms
08-05 19:29:54.081  7325  7336 I art     : Starting a blocking GC Explicit
08-05 19:29:54.132  7325  7336 I art     : Explicit concurrent mark sweep GC freed 3(96B) AllocSpace objects, 0(0B) LOS objects, 24% free, 48MB/64MB, paused 2.200ms total 49.924ms
08-05 19:29:54.151  7325  7336 I art     : Starting a blocking GC Explicit
08-05 19:29:54.201  7325  7336 I art     : Explicit concurrent mark sweep GC freed 5(160B) AllocSpace objects, 0(0B) LOS objects, 24% free, 48MB/64MB, paused 2.205ms total 49.619ms
08-05 19:29:54.530 13866 13882 I PeriodicStatsRunner: PeriodicStatsRunner.call():175 call()
08-05 19:29:54.531 13866 13882 I PeriodicStatsRunner: PeriodicStatsRunner.call():179 No submit PeriodicStats since input started.
08-05 19:29:54.611  7325  7434 I art     : Starting a blocking GC Explicit
08-05 19:29:54.662  7325  7434 I art     : Explicit concurrent mark sweep GC freed 1382(83KB) AllocSpace objects, 1(20KB) LOS objects, 24% free, 48MB/64MB, paused 2.144ms total 50.685ms
08-05 19:29:54.680  7325  7434 I art     : Starting a blocking GC Explicit
08-05 19:29:54.731  7325  7434 I art     : Explicit concurrent mark sweep GC freed 25(816B) AllocSpace objects, 0(0B) LOS objects, 24% free, 48MB/64MB, paused 2.193ms total 50.039ms
08-05 19:29:54.750  7325  7434 I art     : Starting a blocking GC Explicit
08-05 19:29:54.801  7325  7434 I art     : Explicit concurrent mark sweep GC freed 3(96B) AllocSpace objects, 0(0B) LOS objects, 24% free, 48MB/64MB, paused 2.245ms total 50.491ms
08-05 19:29:54.810  7260  7260 I ServiceManager: Waiting for service AtCmdFwd...
08-05 19:29:54.819  7325  7434 I art     : Starting a blocking GC Explicit
08-05 19:29:54.872  7325  7434 I art     : Explicit concurrent mark sweep GC freed 22(1104B) AllocSpace objects, 0(0B) LOS objects, 24% free, 48MB/64MB, paused 2.258ms total 52.070ms
08-05 19:29:54.890  7325  7434 I art     : Starting a blocking GC Explicit
08-05 19:29:54.939  7325  7434 I art     : Explicit concurrent mark sweep GC freed 9(320B) AllocSpace objects, 0(0B) LOS objects, 24% free, 48MB/64MB, paused 2.204ms total 48.059ms
08-05 19:29:55.251 10118 10118 D AndroidRuntime: >>>>>> START com.android.internal.os.RuntimeInit uid 2000 <<<<<<
08-05 19:29:55.257 10118 10118 D AndroidRuntime: CheckJNI is OFF
08-05 19:29:55.319 10118 10118 D ICU     : No timezone override file found: /data/misc/zoneinfo/current/icu/icu_tzdata.dat
08-05 19:29:55.368 10118 10118 I Radio-JNI: register_android_hardware_Radio DONE
08-05 19:29:55.370  7325  7337 I art     : Starting a blocking GC Explicit
08-05 19:29:55.402 10118 10118 D AndroidRuntime: Calling main entry com.android.commands.input.Input
08-05 19:29:55.404 10118 10118 I Input   : injectMotionEvent: MotionEvent { action=ACTION_DOWN, actionButton=0, id[0]=0, x[0]=603.0, y[0]=1061.0, toolType[0]=TOOL_TYPE_UNKNOWN, buttonState=0, metaState=0, flags=0x0, edgeFlags=0x0, pointerCount=1, historySize=0, eventTime=819011817, downTime=819011817, deviceId=0, source=0x1002 }
08-05 19:29:55.409 10118 10118 I Input   : injectMotionEvent: MotionEvent { action=ACTION_UP, actionButton=0, id[0]=0, x[0]=603.0, y[0]=1061.0, toolType[0]=TOOL_TYPE_UNKNOWN, buttonState=0, metaState=0, flags=0x0, edgeFlags=0x0, pointerCount=1, historySize=0, eventTime=819011817, downTime=819011817, deviceId=0, source=0x1002 }
08-05 19:29:55.412 10118 10118 D AndroidRuntime: Shutting down VM
08-05 19:29:55.421  7325  7337 I art     : Explicit concurrent mark sweep GC freed 1467(83KB) AllocSpace objects, 1(20KB) LOS objects, 24% free, 48MB/64MB, paused 2.117ms total 50.477ms
08-05 19:29:55.432   512  2967 D audio_hw_primary: out_set_parameters: enter: usecase(1: low-latency-playback) kvpairs: routing=2
08-05 19:29:55.440  7325  7337 I art     : Starting a blocking GC Explicit
08-05 19:29:55.445   512  2967 D audio_hw_primary: select_devices: out_snd_device(2: speaker) in_snd_device(0: none)
08-05 19:29:55.445   512  2967 D msm8974_platform: platform_send_audio_calibration: sending audio calibration for snd_device(2) acdb_id(15)
08-05 19:29:55.445   512  2967 I soundtrigger: audio_extn_sound_trigger_update_device_status: device 0x2 of type 0 for Event 1
08-05 19:29:55.459   512  2967 D audio_hw_primary: enable_snd_device: snd_device(2: speaker)
08-05 19:29:55.461   512  2967 D audio_hw_primary: enable_audio_route: apply and update mixer path: low-latency-playback speaker
08-05 19:29:55.493  7325  7337 I art     : Explicit concurrent mark sweep GC freed 886(117KB) AllocSpace objects, 0(0B) LOS objects, 24% free, 49MB/65MB, paused 3.100ms total 52.820ms
08-05 19:29:55.510  7325  7337 I art     : Starting a blocking GC Explicit
08-05 19:29:55.525 13866 13866 I GoogleInputMethodServic: GoogleInputMethodService.onFinishInput():3138 
08-05 19:29:55.527 13866 13866 I GoogleInputMethodServic: GoogleInputMethodService.onStartInput():1808 
08-05 19:29:55.562  7325  7337 I art     : Explicit concurrent mark sweep GC freed 2499(136KB) AllocSpace objects, 0(0B) LOS objects, 24% free, 49MB/65MB, paused 3.496ms total 51.700ms
08-05 19:29:55.582  7325  7337 I art     : Starting a blocking GC Explicit
08-05 19:29:55.632  7325  7337 I art     : Explicit concurrent mark sweep GC freed 504(26KB) AllocSpace objects, 0(0B) LOS objects, 24% free, 49MB/65MB, paused 2.335ms total 49.785ms
08-05 19:29:55.652  7325  7337 I art     : Starting a blocking GC Explicit
08-05 19:29:55.706  7325  7337 I art     : Explicit concurrent mark sweep GC freed 1404(71KB) AllocSpace objects, 1(220KB) LOS objects, 24% free, 49MB/65MB, paused 2.415ms total 53.469ms
08-05 19:29:55.810  7260  7260 I ServiceManager: Waiting for service AtCmdFwd...
08-05 19:29:55.999   512  2967 D audio_hw_primary: disable_audio_route: reset and update mixer path: low-latency-playback speaker
08-05 19:29:56.001   512  2967 D audio_hw_primary: disable_snd_device: snd_device(2: speaker)
08-05 19:29:56.009   512  2967 I soundtrigger: audio_extn_sound_trigger_update_device_status: device 0x2 of type 0 for Event 0
08-05 19:29:56.090  7325  9065 I art     : Starting a blocking GC Explicit
08-05 19:29:56.144  7325  9065 I art     : Explicit concurrent mark sweep GC freed 1581(88KB) AllocSpace objects, 1(20KB) LOS objects, 24% free, 49MB/65MB, paused 2.655ms total 54.159ms
08-05 19:29:56.163  7325  9065 I art     : Starting a blocking GC Explicit
08-05 19:29:56.216  7325  9065 I art     : Explicit concurrent mark sweep GC freed 153(5KB) AllocSpace objects, 0(0B) LOS objects, 24% free, 49MB/65MB, paused 2.809ms total 52.239ms
08-05 19:29:56.235  7325  9065 I art     : Starting a blocking GC Explicit
08-05 19:29:56.288  7325  9065 I art     : Explicit concurrent mark sweep GC freed 3344(130KB) AllocSpace objects, 0(0B) LOS objects, 24% free, 49MB/65MB, paused 3.153ms total 53.599ms
08-05 19:29:56.307  7325  9065 I art     : Starting a blocking GC Explicit
08-05 19:29:56.315  7325 10144 I NAPPA_EXPERIMENTATION: MetricNetworkRequestExecutionTime: REQUEST_DURATION_SYSTEM='804',REQUEST_DURATION_OKHTTP='45',REQUEST_SYNCHRONOUS='TRUE',RESPONSE_CODE='200',RESPONSE_METHOD='GET',RESPONSE_LENGTH_OKHTTP='2923',RESPONSE_LENGTH_HEADER='2923',REQUEST_PROTOCOL='http/1.1',REQUEST_URL='https://gpodder.net/api/2/tags/50.json',
08-05 19:29:56.347  7325 10143 I NAPPA_EXPERIMENTATION: MetricNetworkRequestExecutionTime: REQUEST_DURATION_SYSTEM='841',REQUEST_DURATION_OKHTTP='73',REQUEST_SYNCHRONOUS='TRUE',RESPONSE_CODE='200',RESPONSE_METHOD='GET',RESPONSE_LENGTH_OKHTTP='37507',RESPONSE_LENGTH_HEADER='37507',REQUEST_PROTOCOL='http/1.1',REQUEST_URL='https://gpodder.net/toplist/50.json',
08-05 19:29:56.360  7325  9065 I art     : Explicit concurrent mark sweep GC freed 1299(93KB) AllocSpace objects, 0(0B) LOS objects, 24% free, 49MB/65MB, paused 3.043ms total 52.775ms
08-05 19:29:56.378  7325  9065 I art     : Starting a blocking GC Explicit
08-05 19:29:56.424  7325  8251 D ApOkHttpUrlLoader: buildLoadData() called with: model = [http://sixgun.org/files/linuxoutlaws.jpg], width = [224], height = [224]
08-05 19:29:56.426  7325  8080 D DBReader: getImageAuthentication() called with: imageUrl = [http://sixgun.org/files/linuxoutlaws.jpg]
08-05 19:29:56.434  7325  8080 D ApOkHttpUrlLoader: no credentials for 'http://sixgun.org/files/linuxoutlaws.jpg'
08-05 19:29:56.436  7325  9065 I art     : Explicit concurrent mark sweep GC freed 3513(267KB) AllocSpace objects, 3(192KB) LOS objects, 24% free, 49MB/65MB, paused 5.118ms total 57.593ms
08-05 19:29:56.446  7325  8251 D ApOkHttpUrlLoader: buildLoadData() called with: model = [https://files.thisamericanlife.org/sites/all/themes/thislife/img/tal-name-1400x1400.png], width = [224], height = [224]
08-05 19:29:56.448  7325  8071 D DBReader: getImageAuthentication() called with: imageUrl = [https://files.thisamericanlife.org/sites/all/themes/thislife/img/tal-name-1400x1400.png]
08-05 19:29:56.452  7325  8071 D ApOkHttpUrlLoader: no credentials for 'https://files.thisamericanlife.org/sites/all/themes/thislife/img/tal-name-1400x1400.png'
08-05 19:29:56.456  7325  8251 D ApOkHttpUrlLoader: buildLoadData() called with: model = [https://elroy.twit.tv/sites/default/files/styles/twit_album_art_2048x2048/public/images/shows/floss_weekly/album_art/audio/floss_albumart_mask.jpg?itok=IUjxKpwt], width = [224], height = [224]
08-05 19:29:56.459  7325  8084 D DBReader: getImageAuthentication() called with: imageUrl = [https://elroy.twit.tv/sites/default/files/styles/twit_album_art_2048x2048/public/images/shows/floss_weekly/album_art/audio/floss_albumart_mask.jpg?itok=IUjxKpwt]
08-05 19:29:56.462  7325  8251 D ApOkHttpUrlLoader: buildLoadData() called with: model = [http://ichef.bbci.co.uk/images/ic/3000x3000/p07kfvzb.jpg], width = [224], height = [224]
08-05 19:29:56.463  7325  8084 D ApOkHttpUrlLoader: no credentials for 'https://elroy.twit.tv/sites/default/files/styles/twit_album_art_2048x2048/public/images/shows/floss_weekly/album_art/audio/floss_albumart_mask.jpg?itok=IUjxKpwt'
08-05 19:29:56.464  7325  8075 D DBReader: getImageAuthentication() called with: imageUrl = [http://ichef.bbci.co.uk/images/ic/3000x3000/p07kfvzb.jpg]
08-05 19:29:56.468  7325  8075 D ApOkHttpUrlLoader: no credentials for 'http://ichef.bbci.co.uk/images/ic/3000x3000/p07kfvzb.jpg'
08-05 19:29:56.471  7325  8251 D ApOkHttpUrlLoader: buildLoadData() called with: model = [https://pl.tedcdn.com/rss_feed_images/ted_talks_main_podcast/video.png], width = [224], height = [224]
08-05 19:29:56.473  7325  8079 D DBReader: getImageAuthentication() called with: imageUrl = [https://pl.tedcdn.com/rss_feed_images/ted_talks_main_podcast/video.png]
08-05 19:29:56.477  7325  8079 D ApOkHttpUrlLoader: no credentials for 'https://pl.tedcdn.com/rss_feed_images/ted_talks_main_podcast/video.png'
08-05 19:29:56.479  7325  8251 D ApOkHttpUrlLoader: buildLoadData() called with: model = [https://elroy.twit.tv/sites/default/files/styles/twit_album_art_2048x2048/public/images/shows/this_week_in_tech/album_art/audio/twit1400audio.jpg?itok=J0vhatZb], width = [224], height = [224]
08-05 19:29:56.481  7325  8073 D DBReader: getImageAuthentication() called with: imageUrl = [https://elroy.twit.tv/sites/default/files/styles/twit_album_art_2048x2048/public/images/shows/this_week_in_tech/album_art/audio/twit1400audio.jpg?itok=J0vhatZb]
08-05 19:29:56.486  7325  8251 D ApOkHttpUrlLoader: buildLoadData() called with: model = [http://ichef.bbci.co.uk/images/ic/3000x3000/p03gtk3j.jpg], width = [224], height = [224]
08-05 19:29:56.486  7325  8080 D DBWriter: updateFeedDownloadURL(original: http://sixgun.org/files/linuxoutlaws.jpg, updated: https://fab.industries/sixgun/files/linuxoutlaws.jpg)
08-05 19:29:56.487  7325  8073 D ApOkHttpUrlLoader: no credentials for 'https://elroy.twit.tv/sites/default/files/styles/twit_album_art_2048x2048/public/images/shows/this_week_in_tech/album_art/audio/twit1400audio.jpg?itok=J0vhatZb'
08-05 19:29:56.488  7325  8083 D DBReader: getImageAuthentication() called with: imageUrl = [http://ichef.bbci.co.uk/images/ic/3000x3000/p03gtk3j.jpg]
08-05 19:29:56.492  7325  8083 D ApOkHttpUrlLoader: no credentials for 'http://ichef.bbci.co.uk/images/ic/3000x3000/p03gtk3j.jpg'
08-05 19:29:56.570  7325  8075 D MYTAG   : interceptor 2a
08-05 19:29:56.570  7325  8075 I NAPPA_EXPERIMENTATION: MetricNetworkRequestExecutionTime: REQUEST_DURATION_SYSTEM='102',REQUEST_DURATION_OKHTTP='98',REQUEST_SYNCHRONOUS='TRUE',RESPONSE_CODE='200',RESPONSE_METHOD='GET',RESPONSE_LENGTH_OKHTTP='589826',RESPONSE_LENGTH_HEADER='589826',REQUEST_PROTOCOL='http/1.1',REQUEST_URL='http://ichef.bbci.co.uk/images/ic/3000x3000/p07kfvzb.jpg',
08-05 19:29:56.607  7325  8083 D MYTAG   : interceptor 2a
08-05 19:29:56.607  7325  8083 I NAPPA_EXPERIMENTATION: MetricNetworkRequestExecutionTime: REQUEST_DURATION_SYSTEM='115',REQUEST_DURATION_OKHTTP='107',REQUEST_SYNCHRONOUS='TRUE',RESPONSE_CODE='200',RESPONSE_METHOD='GET',RESPONSE_LENGTH_OKHTTP='814284',RESPONSE_LENGTH_HEADER='814284',REQUEST_PROTOCOL='http/1.1',REQUEST_URL='http://ichef.bbci.co.uk/images/ic/3000x3000/p03gtk3j.jpg',
08-05 19:29:56.627   918  1210 D NetlinkSocketObserver: NeighborEvent{elapsedMs=1802400501, 192.168.2.254, [7C3953A63323], RTM_NEWNEIGH, NUD_STALE}
08-05 19:29:56.801  7325  8071 D MYTAG   : interceptor 2a
08-05 19:29:56.804  7325  8071 I NAPPA_EXPERIMENTATION: MetricNetworkRequestExecutionTime: REQUEST_DURATION_SYSTEM='349',REQUEST_DURATION_OKHTTP='93',REQUEST_SYNCHRONOUS='TRUE',RESPONSE_CODE='200',RESPONSE_METHOD='GET',RESPONSE_LENGTH_OKHTTP='52553',RESPONSE_LENGTH_HEADER='52553',REQUEST_PROTOCOL='http/1.1',REQUEST_URL='https://files.thisamericanlife.org/sites/all/themes/thislife/img/tal-name-1400x1400.png',
08-05 19:29:56.811  7260  7260 I ServiceManager: Waiting for service AtCmdFwd...
08-05 19:29:56.870  7325  7434 I art     : Starting a blocking GC Explicit
08-05 19:29:56.875  7325  8084 D MYTAG   : interceptor 2a
08-05 19:29:56.876  7325  8084 I NAPPA_EXPERIMENTATION: MetricNetworkRequestExecutionTime: REQUEST_DURATION_SYSTEM='412',REQUEST_DURATION_OKHTTP='185',REQUEST_SYNCHRONOUS='TRUE',RESPONSE_CODE='200',RESPONSE_METHOD='GET',RESPONSE_LENGTH_OKHTTP='297964',RESPONSE_LENGTH_HEADER='297964',REQUEST_PROTOCOL='h2',REQUEST_URL='https://elroy.twit.tv/sites/default/files/styles/twit_album_art_2048x2048/public/images/shows/floss_weekly/album_art/audio/floss_albumart_mask.jpg?itok=IUjxKpwt',
08-05 19:29:56.895  7325  8079 D MYTAG   : interceptor 2a
08-05 19:29:56.896  7325  8079 I NAPPA_EXPERIMENTATION: MetricNetworkRequestExecutionTime: REQUEST_DURATION_SYSTEM='418',REQUEST_DURATION_OKHTTP='207',REQUEST_SYNCHRONOUS='TRUE',RESPONSE_CODE='200',RESPONSE_METHOD='GET',RESPONSE_LENGTH_OKHTTP='89986',RESPONSE_LENGTH_HEADER='89986',REQUEST_PROTOCOL='h2',REQUEST_URL='https://pl.tedcdn.com/rss_feed_images/ted_talks_main_podcast/video.png',
08-05 19:29:56.935  7325  7434 I art     : Explicit concurrent mark sweep GC freed 15710(910KB) AllocSpace objects, 1(20KB) LOS objects, 24% free, 50MB/66MB, paused 3.117ms total 64.762ms
08-05 19:29:56.954  7325  7434 I art     : Starting a blocking GC Explicit
08-05 19:29:56.986  7325  8080 D MYTAG   : interceptor 2a
08-05 19:29:56.986  7325  8080 I NAPPA_EXPERIMENTATION: MetricNetworkRequestExecutionTime: REQUEST_DURATION_SYSTEM='552',REQUEST_DURATION_OKHTTP='233',REQUEST_SYNCHRONOUS='TRUE',RESPONSE_CODE='404',RESPONSE_METHOD='GET',RESPONSE_LENGTH_OKHTTP='-1',RESPONSE_LENGTH_HEADER='1503',REQUEST_PROTOCOL='h2',REQUEST_URL='https://fab.industries/sixgun/files/linuxoutlaws.jpg',
08-05 19:29:56.991  7325  7325 W Glide   : Load failed for http://sixgun.org/files/linuxoutlaws.jpg with size [224x224]
08-05 19:29:56.991  7325  7325 W Glide   : class com.bumptech.glide.load.engine.GlideException: Failed to load resource
08-05 19:29:56.991  7325  7325 W Glide   : There was 1 cause:
08-05 19:29:56.991  7325  7325 W Glide   : com.bumptech.glide.load.HttpException()
08-05 19:29:56.991  7325  7325 W Glide   :  call GlideException#logRootCauses(String) for more detail
08-05 19:29:56.991  7325  7325 W Glide   :   Cause (1 of 1): class com.bumptech.glide.load.engine.GlideException: Fetching data failed, class java.io.InputStream, REMOTE
08-05 19:29:56.991  7325  7325 W Glide   : There was 1 cause:
08-05 19:29:56.991  7325  7325 W Glide   : com.bumptech.glide.load.HttpException()
08-05 19:29:56.991  7325  7325 W Glide   :  call GlideException#logRootCauses(String) for more detail
08-05 19:29:56.991  7325  7325 W Glide   :     Cause (1 of 1): class com.bumptech.glide.load.HttpException: 
08-05 19:29:56.992  7325  7325 I Glide   : Root cause (1 of 1)
08-05 19:29:56.992  7325  7325 I Glide   : com.bumptech.glide.load.HttpException: 
08-05 19:29:56.992  7325  7325 I Glide   : 	at com.bumptech.glide.integration.okhttp3.OkHttpStreamFetcher.onResponse(OkHttpStreamFetcher.java:73)
08-05 19:29:56.992  7325  7325 I Glide   : 	at okhttp3.RealCall$AsyncCall.execute(RealCall.java:174)
08-05 19:29:56.992  7325  7325 I Glide   : 	at okhttp3.internal.NamedRunnable.run(NamedRunnable.java:32)
08-05 19:29:56.992  7325  7325 I Glide   : 	at java.util.concurrent.ThreadPoolExecutor.runWorker(ThreadPoolExecutor.java:1113)
08-05 19:29:56.992  7325  7325 I Glide   : 	at java.util.concurrent.ThreadPoolExecutor$Worker.run(ThreadPoolExecutor.java:588)
08-05 19:29:56.992  7325  7325 I Glide   : 	at java.lang.Thread.run(Thread.java:818)
08-05 19:29:56.993  7325  7325 W Glide   : Load failed for http://sixgun.org/files/linuxoutlaws.jpg with size [224x224]
08-05 19:29:56.993  7325  7325 W Glide   : class com.bumptech.glide.load.engine.GlideException: Failed to load resource
08-05 19:29:56.993  7325  7325 W Glide   : There was 1 cause:
08-05 19:29:56.993  7325  7325 W Glide   : com.bumptech.glide.load.HttpException()
08-05 19:29:56.993  7325  7325 W Glide   :  call GlideException#logRootCauses(String) for more detail
08-05 19:29:56.993  7325  7325 W Glide   :   Cause (1 of 1): class com.bumptech.glide.load.engine.GlideException: Fetching data failed, class java.io.InputStream, REMOTE
08-05 19:29:56.993  7325  7325 W Glide   : There was 1 cause:
08-05 19:29:56.993  7325  7325 W Glide   : com.bumptech.glide.load.HttpException()
08-05 19:29:56.993  7325  7325 W Glide   :  call GlideException#logRootCauses(String) for more detail
08-05 19:29:56.993  7325  7325 W Glide   :     Cause (1 of 1): class com.bumptech.glide.load.HttpException: 
08-05 19:29:56.994  7325  7325 I Glide   : Root cause (1 of 1)
08-05 19:29:56.994  7325  7325 I Glide   : com.bumptech.glide.load.HttpException: 
08-05 19:29:56.994  7325  7325 I Glide   : 	at com.bumptech.glide.integration.okhttp3.OkHttpStreamFetcher.onResponse(OkHttpStreamFetcher.java:73)
08-05 19:29:56.994  7325  7325 I Glide   : 	at okhttp3.RealCall$AsyncCall.execute(RealCall.java:174)
08-05 19:29:56.994  7325  7325 I Glide   : 	at okhttp3.internal.NamedRunnable.run(NamedRunnable.java:32)
08-05 19:29:56.994  7325  7325 I Glide   : 	at java.util.concurrent.ThreadPoolExecutor.runWorker(ThreadPoolExecutor.java:1113)
08-05 19:29:56.994  7325  7325 I Glide   : 	at java.util.concurrent.ThreadPoolExecutor$Worker.run(ThreadPoolExecutor.java:588)
08-05 19:29:56.994  7325  7325 I Glide   : 	at java.lang.Thread.run(Thread.java:818)
08-05 19:29:57.000  7325  8073 D MYTAG   : interceptor 2a
08-05 19:29:57.000  7325  8073 I NAPPA_EXPERIMENTATION: MetricNetworkRequestExecutionTime: REQUEST_DURATION_SYSTEM='513',REQUEST_DURATION_OKHTTP='259',REQUEST_SYNCHRONOUS='TRUE',RESPONSE_CODE='200',RESPONSE_METHOD='GET',RESPONSE_LENGTH_OKHTTP='465707',RESPONSE_LENGTH_HEADER='465707',REQUEST_PROTOCOL='h2',REQUEST_URL='https://elroy.twit.tv/sites/default/files/styles/twit_album_art_2048x2048/public/images/shows/this_week_in_tech/album_art/audio/twit1400audio.jpg?itok=J0vhatZb',
08-05 19:29:57.005  7325  7434 I art     : Explicit concurrent mark sweep GC freed 1969(149KB) AllocSpace objects, 0(0B) LOS objects, 24% free, 50MB/66MB, paused 2.656ms total 51.473ms
08-05 19:29:57.024  7325  7434 I art     : Starting a blocking GC Explicit
08-05 19:29:57.028  7325  8251 D ApOkHttpUrlLoader: buildLoadData() called with: model = [http://sixgun.org/files/linuxoutlaws.jpg], width = [224], height = [224]
08-05 19:29:57.037  7325  8073 D DBReader: getImageAuthentication() called with: imageUrl = [http://sixgun.org/files/linuxoutlaws.jpg]
08-05 19:29:57.047  7325  8073 D ApOkHttpUrlLoader: no credentials for 'http://sixgun.org/files/linuxoutlaws.jpg'
08-05 19:29:57.077  7325  7434 I art     : Explicit concurrent mark sweep GC freed 829(62KB) AllocSpace objects, 0(0B) LOS objects, 23% free, 50MB/66MB, paused 2.897ms total 52.871ms
08-05 19:29:57.095  7325  7434 I art     : Starting a blocking GC Explicit
08-05 19:29:57.130  7325  8073 D DBWriter: updateFeedDownloadURL(original: http://sixgun.org/files/linuxoutlaws.jpg, updated: https://fab.industries/sixgun/files/linuxoutlaws.jpg)
08-05 19:29:57.150  7325  7434 I art     : Explicit concurrent mark sweep GC freed 575(35KB) AllocSpace objects, 0(0B) LOS objects, 23% free, 50MB/66MB, paused 2.738ms total 54.129ms
08-05 19:29:57.169  7325  7434 I art     : Starting a blocking GC Explicit
08-05 19:29:57.219  7325  7434 I art     : Explicit concurrent mark sweep GC freed 490(30KB) AllocSpace objects, 0(0B) LOS objects, 23% free, 50MB/66MB, paused 2.710ms total 49.763ms
08-05 19:29:57.275  7325  8073 D MYTAG   : interceptor 2a
08-05 19:29:57.275  7325  8073 I NAPPA_EXPERIMENTATION: MetricNetworkRequestExecutionTime: REQUEST_DURATION_SYSTEM='228',REQUEST_DURATION_OKHTTP='142',REQUEST_SYNCHRONOUS='TRUE',RESPONSE_CODE='404',RESPONSE_METHOD='GET',RESPONSE_LENGTH_OKHTTP='-1',RESPONSE_LENGTH_HEADER='1503',REQUEST_PROTOCOL='h2',REQUEST_URL='https://fab.industries/sixgun/files/linuxoutlaws.jpg',
08-05 19:29:57.277  7325  7325 W Glide   : Load failed for http://sixgun.org/files/linuxoutlaws.jpg with size [224x224]
08-05 19:29:57.277  7325  7325 W Glide   : class com.bumptech.glide.load.engine.GlideException: Failed to load resource
08-05 19:29:57.277  7325  7325 W Glide   : There was 1 cause:
08-05 19:29:57.277  7325  7325 W Glide   : com.bumptech.glide.load.HttpException()
08-05 19:29:57.277  7325  7325 W Glide   :  call GlideException#logRootCauses(String) for more detail
08-05 19:29:57.277  7325  7325 W Glide   :   Cause (1 of 1): class com.bumptech.glide.load.engine.GlideException: Fetching data failed, class java.io.InputStream, REMOTE
08-05 19:29:57.277  7325  7325 W Glide   : There was 1 cause:
08-05 19:29:57.277  7325  7325 W Glide   : com.bumptech.glide.load.HttpException()
08-05 19:29:57.277  7325  7325 W Glide   :  call GlideException#logRootCauses(String) for more detail
08-05 19:29:57.277  7325  7325 W Glide   :     Cause (1 of 1): class com.bumptech.glide.load.HttpException: 
08-05 19:29:57.277  7325  7325 I Glide   : Root cause (1 of 1)
08-05 19:29:57.277  7325  7325 I Glide   : com.bumptech.glide.load.HttpException: 
08-05 19:29:57.277  7325  7325 I Glide   : 	at com.bumptech.glide.integration.okhttp3.OkHttpStreamFetcher.onResponse(OkHttpStreamFetcher.java:73)
08-05 19:29:57.277  7325  7325 I Glide   : 	at okhttp3.RealCall$AsyncCall.execute(RealCall.java:174)
08-05 19:29:57.277  7325  7325 I Glide   : 	at okhttp3.internal.NamedRunnable.run(NamedRunnable.java:32)
08-05 19:29:57.277  7325  7325 I Glide   : 	at java.util.concurrent.ThreadPoolExecutor.runWorker(ThreadPoolExecutor.java:1113)
08-05 19:29:57.277  7325  7325 I Glide   : 	at java.util.concurrent.ThreadPoolExecutor$Worker.run(ThreadPoolExecutor.java:588)
08-05 19:29:57.277  7325  7325 I Glide   : 	at java.lang.Thread.run(Thread.java:818)
08-05 19:29:57.638  7325  7337 I art     : Starting a blocking GC Explicit
08-05 19:29:57.707  7325  7337 I art     : Explicit concurrent mark sweep GC freed 2207(154KB) AllocSpace objects, 1(20KB) LOS objects, 23% free, 50MB/66MB, paused 2.808ms total 68.444ms
08-05 19:29:57.728  7325  7337 I art     : Starting a blocking GC Explicit
08-05 19:29:57.785  7325  7337 I art     : Explicit concurrent mark sweep GC freed 67(2256B) AllocSpace objects, 0(0B) LOS objects, 23% free, 50MB/66MB, paused 2.335ms total 56.135ms
08-05 19:29:57.804  7325  7337 I art     : Starting a blocking GC Explicit
08-05 19:29:57.811  7260  7260 I ServiceManager: Waiting for service AtCmdFwd...
08-05 19:29:57.861  7325  7337 I art     : Explicit concurrent mark sweep GC freed 3(96B) AllocSpace objects, 0(0B) LOS objects, 23% free, 50MB/66MB, paused 2.571ms total 56.220ms
08-05 19:29:57.881  7325  7337 I art     : Starting a blocking GC Explicit
08-05 19:29:57.937  7325  7337 I art     : Explicit concurrent mark sweep GC freed 3(96B) AllocSpace objects, 0(0B) LOS objects, 23% free, 50MB/66MB, paused 2.406ms total 55.643ms
08-05 19:29:57.957  7325  7337 I art     : Starting a blocking GC Explicit
08-05 19:29:58.014  7325  7337 I art     : Explicit concurrent mark sweep GC freed 3(96B) AllocSpace objects, 0(0B) LOS objects, 23% free, 50MB/66MB, paused 2.589ms total 56.255ms
08-05 19:29:58.439  7325  7337 I art     : Starting a blocking GC Explicit
08-05 19:29:58.480 13866 13882 I PeriodicStatsRunner: PeriodicStatsRunner.call():175 call()
08-05 19:29:58.480 13866 13882 I PeriodicStatsRunner: PeriodicStatsRunner.call():179 No submit PeriodicStats since input started.
08-05 19:29:58.500  7325  7337 I art     : Explicit concurrent mark sweep GC freed 1463(83KB) AllocSpace objects, 1(20KB) LOS objects, 23% free, 50MB/66MB, paused 2.855ms total 60.775ms
08-05 19:29:58.522  7325  7337 I art     : Starting a blocking GC Explicit
08-05 19:29:58.577  7325  7337 I art     : Explicit concurrent mark sweep GC freed 23(752B) AllocSpace objects, 0(0B) LOS objects, 23% free, 50MB/66MB, paused 2.216ms total 55.408ms
08-05 19:29:58.597  7325  7337 I art     : Starting a blocking GC Explicit
08-05 19:29:58.653  7325  7337 I art     : Explicit concurrent mark sweep GC freed 3(96B) AllocSpace objects, 0(0B) LOS objects, 23% free, 50MB/66MB, paused 2.601ms total 55.310ms
08-05 19:29:58.673  7325  7337 I art     : Starting a blocking GC Explicit
08-05 19:29:58.733  7325  7337 I art     : Explicit concurrent mark sweep GC freed 3(96B) AllocSpace objects, 0(0B) LOS objects, 23% free, 50MB/66MB, paused 2.627ms total 60.139ms
08-05 19:29:58.757  7325  7337 I art     : Starting a blocking GC Explicit
08-05 19:29:58.812  7260  7260 I ServiceManager: Waiting for service AtCmdFwd...
08-05 19:29:58.813  7325  7337 I art     : Explicit concurrent mark sweep GC freed 3(96B) AllocSpace objects, 0(0B) LOS objects, 23% free, 50MB/66MB, paused 2.364ms total 55.562ms
08-05 19:29:58.868 13866 13882 I PeriodicStatsRunner: PeriodicStatsRunner.call():175 call()
08-05 19:29:58.868 13866 13882 I PeriodicStatsRunner: PeriodicStatsRunner.call():179 No submit PeriodicStats since input started.
08-05 19:29:59.257  7325  8464 I art     : Starting a blocking GC Explicit
08-05 19:29:59.325  7325  8464 I art     : Explicit concurrent mark sweep GC freed 1410(81KB) AllocSpace objects, 1(20KB) LOS objects, 23% free, 50MB/66MB, paused 3.120ms total 67.592ms
08-05 19:29:59.347  7325  8464 I art     : Starting a blocking GC Explicit
08-05 19:29:59.402  7325  8464 I art     : Explicit concurrent mark sweep GC freed 23(752B) AllocSpace objects, 0(0B) LOS objects, 23% free, 50MB/66MB, paused 2.362ms total 54.288ms
08-05 19:29:59.421  7325  8464 I art     : Starting a blocking GC Explicit
08-05 19:29:59.480  7325  8464 I art     : Explicit concurrent mark sweep GC freed 3(96B) AllocSpace objects, 0(0B) LOS objects, 23% free, 50MB/66MB, paused 2.920ms total 57.919ms
08-05 19:29:59.503  7325  8464 I art     : Starting a blocking GC Explicit
08-05 19:29:59.561  7325  8464 I art     : Explicit concurrent mark sweep GC freed 3(96B) AllocSpace objects, 0(0B) LOS objects, 23% free, 50MB/66MB, paused 2.582ms total 57.396ms
08-05 19:29:59.581  7325  8464 I art     : Starting a blocking GC Explicit
08-05 19:29:59.644  7325  8464 I art     : Explicit concurrent mark sweep GC freed 3(96B) AllocSpace objects, 0(0B) LOS objects, 23% free, 50MB/66MB, paused 2.660ms total 62.387ms
08-05 19:29:59.812  7260  7260 W Atfwd_Sendcmd: AtCmdFwd service not published, waiting... retryCnt : 3
08-05 19:30:00.008   518   646 I ThermalEngine: ACTION: GPU - Setting GPU[0] to 450000000
08-05 19:30:00.046  7325  7434 I art     : Starting a blocking GC Explicit
08-05 19:30:00.088  7325  7434 I art     : Explicit concurrent mark sweep GC freed 1451(83KB) AllocSpace objects, 1(20KB) LOS objects, 23% free, 50MB/66MB, paused 1.553ms total 41.672ms
08-05 19:30:00.100  7325  7434 I art     : Starting a blocking GC Explicit
08-05 19:30:00.142  7325  7434 I art     : Explicit concurrent mark sweep GC freed 29(976B) AllocSpace objects, 0(0B) LOS objects, 23% free, 50MB/66MB, paused 1.542ms total 41.571ms
08-05 19:30:00.155  7325  7434 I art     : Starting a blocking GC Explicit
08-05 19:30:00.203  7325  7434 I art     : Explicit concurrent mark sweep GC freed 3(96B) AllocSpace objects, 0(0B) LOS objects, 23% free, 50MB/66MB, paused 1.661ms total 47.502ms
08-05 19:30:00.217  7325  7434 I art     : Starting a blocking GC Explicit
08-05 19:30:00.264  7325  7434 I art     : Explicit concurrent mark sweep GC freed 3(96B) AllocSpace objects, 0(0B) LOS objects, 23% free, 50MB/66MB, paused 1.646ms total 47.110ms
08-05 19:30:00.277  7325  7434 I art     : Starting a blocking GC Explicit
08-05 19:30:00.325  7325  7434 I art     : Explicit concurrent mark sweep GC freed 3(96B) AllocSpace objects, 0(0B) LOS objects, 23% free, 50MB/66MB, paused 1.523ms total 47.304ms
08-05 19:30:00.528 13866 13882 I PeriodicStatsRunner: PeriodicStatsRunner.call():175 call()
08-05 19:30:00.528 13866 13882 I PeriodicStatsRunner: PeriodicStatsRunner.call():179 No submit PeriodicStats since input started.
08-05 19:30:00.728  7325  7337 I art     : Starting a blocking GC Explicit
08-05 19:30:00.785  7325  7337 I art     : Explicit concurrent mark sweep GC freed 1383(81KB) AllocSpace objects, 1(20KB) LOS objects, 23% free, 50MB/66MB, paused 1.735ms total 55.788ms
08-05 19:30:00.803  7325  7337 I art     : Starting a blocking GC Explicit
08-05 19:30:00.852  7325  7337 I art     : Explicit concurrent mark sweep GC freed 23(752B) AllocSpace objects, 0(0B) LOS objects, 23% free, 50MB/66MB, paused 1.652ms total 49.258ms
08-05 19:30:00.866  7325  7337 I art     : Starting a blocking GC Explicit
08-05 19:30:00.913  7325  7337 I art     : Explicit concurrent mark sweep GC freed 3(96B) AllocSpace objects, 0(0B) LOS objects, 23% free, 50MB/66MB, paused 1.653ms total 46.617ms
08-05 19:30:00.927  7325  7337 I art     : Starting a blocking GC Explicit
08-05 19:30:00.975  7325  7337 I art     : Explicit concurrent mark sweep GC freed 3(96B) AllocSpace objects, 0(0B) LOS objects, 23% free, 50MB/66MB, paused 1.675ms total 47.905ms
08-05 19:30:00.988  7325  7337 I art     : Starting a blocking GC Explicit
08-05 19:30:01.034  7325  7337 I art     : Explicit concurrent mark sweep GC freed 3(96B) AllocSpace objects, 0(0B) LOS objects, 23% free, 50MB/66MB, paused 1.620ms total 45.104ms
08-05 19:30:01.416  7325  8464 I art     : Starting a blocking GC Explicit
08-05 19:30:01.480  7325  8464 I art     : Explicit concurrent mark sweep GC freed 1411(82KB) AllocSpace objects, 1(20KB) LOS objects, 23% free, 50MB/66MB, paused 1.885ms total 62.186ms
08-05 19:30:01.496  7325  8464 I art     : Starting a blocking GC Explicit
08-05 19:30:01.543  7325  8464 I art     : Explicit concurrent mark sweep GC freed 23(752B) AllocSpace objects, 0(0B) LOS objects, 23% free, 50MB/66MB, paused 1.618ms total 46.882ms
08-05 19:30:01.557  7325  8464 I art     : Starting a blocking GC Explicit
08-05 19:30:01.605  7325  8464 I art     : Explicit concurrent mark sweep GC freed 3(96B) AllocSpace objects, 0(0B) LOS objects, 23% free, 50MB/66MB, paused 1.618ms total 48.132ms
08-05 19:30:01.619  7325  8464 I art     : Starting a blocking GC Explicit
08-05 19:30:01.664  7325  8464 I art     : Explicit concurrent mark sweep GC freed 3(96B) AllocSpace objects, 0(0B) LOS objects, 23% free, 50MB/66MB, paused 1.554ms total 44.461ms
08-05 19:30:01.677  7325  8464 I art     : Starting a blocking GC Explicit
08-05 19:30:01.719  7325  8464 I art     : Explicit concurrent mark sweep GC freed 3(96B) AllocSpace objects, 0(0B) LOS objects, 23% free, 50MB/66MB, paused 1.609ms total 41.480ms
08-05 19:30:02.122  7325  7336 I art     : Starting a blocking GC Explicit
08-05 19:30:02.172  7325  7336 I art     : Explicit concurrent mark sweep GC freed 1413(82KB) AllocSpace objects, 1(20KB) LOS objects, 23% free, 50MB/66MB, paused 1.609ms total 49.240ms
08-05 19:30:02.185  7325  7336 I art     : Starting a blocking GC Explicit
08-05 19:30:02.202 10236 10236 D AndroidRuntime: >>>>>> START com.android.internal.os.RuntimeInit uid 2000 <<<<<<
08-05 19:30:02.208 10236 10236 D AndroidRuntime: CheckJNI is OFF
08-05 19:30:02.228  7325  7336 I art     : Explicit concurrent mark sweep GC freed 23(752B) AllocSpace objects, 0(0B) LOS objects, 23% free, 50MB/66MB, paused 1.618ms total 42.933ms
08-05 19:30:02.241  7325  7336 I art     : Starting a blocking GC Explicit
08-05 19:30:02.254 10236 10236 D ICU     : No timezone override file found: /data/misc/zoneinfo/current/icu/icu_tzdata.dat
08-05 19:30:02.282  7325  7336 I art     : Explicit concurrent mark sweep GC freed 3(96B) AllocSpace objects, 0(0B) LOS objects, 23% free, 50MB/66MB, paused 1.614ms total 40.725ms
08-05 19:30:02.295  7325  7336 I art     : Starting a blocking GC Explicit
08-05 19:30:02.298 10236 10236 I Radio-JNI: register_android_hardware_Radio DONE
08-05 19:30:02.328 10236 10236 D AndroidRuntime: Calling main entry com.android.commands.input.Input
08-05 19:30:02.331 10236 10236 I Input   : injectMotionEvent: MotionEvent { action=ACTION_DOWN, actionButton=0, id[0]=0, x[0]=526.0, y[0]=597.0, toolType[0]=TOOL_TYPE_UNKNOWN, buttonState=0, metaState=0, flags=0x0, edgeFlags=0x0, pointerCount=1, historySize=0, eventTime=819018744, downTime=819018744, deviceId=0, source=0x1002 }
08-05 19:30:02.336 10236 10236 I Input   : injectMotionEvent: MotionEvent { action=ACTION_UP, actionButton=0, id[0]=0, x[0]=526.0, y[0]=597.0, toolType[0]=TOOL_TYPE_UNKNOWN, buttonState=0, metaState=0, flags=0x0, edgeFlags=0x0, pointerCount=1, historySize=0, eventTime=819018744, downTime=819018744, deviceId=0, source=0x1002 }
08-05 19:30:02.339  7325  7336 I art     : Explicit concurrent mark sweep GC freed 3(96B) AllocSpace objects, 0(0B) LOS objects, 23% free, 50MB/66MB, paused 1.676ms total 43.789ms
08-05 19:30:02.340 10236 10236 D AndroidRuntime: Shutting down VM
08-05 19:30:02.352  7325  7336 I art     : Starting a blocking GC Explicit
08-05 19:30:02.395  7325  7336 I art     : Explicit concurrent mark sweep GC freed 23(768B) AllocSpace objects, 0(0B) LOS objects, 23% free, 50MB/66MB, paused 1.555ms total 43.134ms
08-05 19:30:02.405  7325  7325 D PodcastListFragment: Selected podcast: GpodnetPodcast [url=http://feeds.feedburner.com/linuxoutlaws, title=Linux Outlaws, description=Two pragmatic geeks talk about the latest news concerning Linux, free and open
08-05 19:30:02.405  7325  7325 D PodcastListFragment: technology or anything else they deem noteworthy which may include such absurd
08-05 19:30:02.405  7325  7325 D PodcastListFragment: things as hockey or bands you never heard of. This means there's many a joke
08-05 19:30:02.405  7325  7325 D PodcastListFragment: and derailed conversation along the way, so don't come here expecting only
08-05 19:30:02.405  7325  7325 D PodcastListFragment: Linux or software freedom talk  just sit back and relax, partner., subscribers=3321, logoUrl=http://sixgun.org/files/linuxoutlaws.jpg, website=http://sixgun.org, mygpoLink=http://gpodder.net/podcast/linux-outlaws-mp3]
08-05 19:30:02.406   918  6029 I ActivityManager: START u0 {cmp=baseline.de.danoeh.antennapod.debug/baseline.de.danoeh.antennapod.activity.OnlineFeedViewActivity (has extras)} from uid 10695 on display 0
08-05 19:30:02.407   512  2967 D audio_hw_primary: out_set_parameters: enter: usecase(1: low-latency-playback) kvpairs: routing=2
08-05 19:30:02.421   512  2967 D audio_hw_primary: select_devices: out_snd_device(2: speaker) in_snd_device(0: none)
08-05 19:30:02.421   512  2967 D msm8974_platform: platform_send_audio_calibration: sending audio calibration for snd_device(2) acdb_id(15)
08-05 19:30:02.421   512  2967 I soundtrigger: audio_extn_sound_trigger_update_device_status: device 0x2 of type 0 for Event 1
08-05 19:30:02.431   918   937 W ProcessCpuTracker: Skipping unknown process pid 10244
08-05 19:30:02.432   918   937 W ProcessCpuTracker: Skipping unknown process pid 10246
08-05 19:30:02.432   918   937 W ProcessCpuTracker: Skipping unknown process pid 10247
08-05 19:30:02.433   512  2967 D audio_hw_primary: enable_snd_device: snd_device(2: speaker)
08-05 19:30:02.435   512  2967 D audio_hw_primary: enable_audio_route: apply and update mixer path: low-latency-playback speaker
08-05 19:30:02.441  7325  7325 D UserPreferences: Using default data folder
08-05 19:30:02.442  7325  7325 D OnlineFeedViewActivity: Activity was started with url http://feeds.feedburner.com/linuxoutlaws
08-05 19:30:02.445  7325  7325 D OnlineFeedViewActivity: Starting feed download
08-05 19:30:02.448  7325  7345 D DBReader: Extracting Feedlist
08-05 19:30:02.450   918  4413 D WifiService: acquireWifiLockLocked: WifiLock{Downloader type=1 binder=android.os.BinderProxy@ca9bd37}
08-05 19:30:02.451  7325  7345 D AntennapodHttpClient: Creating new instance of HTTP client
08-05 19:30:02.493 13866 13866 I GoogleInputMethodServic: GoogleInputMethodService.onFinishInput():3138 
08-05 19:30:02.494 13866 13866 I GoogleInputMethodServic: GoogleInputMethodService.onStartInput():1808 
08-05 19:30:02.515   918   936 I ActivityManager: Displayed baseline.de.danoeh.antennapod.debug/baseline.de.danoeh.antennapod.activity.OnlineFeedViewActivity: +93ms
08-05 19:30:02.552  7325  7345 D MYTAG   : interceptor 3a http://feeds.feedburner.com/linuxoutlaws
08-05 19:30:02.552  7325  7345 I NAPPA_EXPERIMENTATION: MetricNetworkRequestExecutionTime: REQUEST_DURATION_SYSTEM='100',REQUEST_DURATION_OKHTTP='46',REQUEST_SYNCHRONOUS='TRUE',RESPONSE_CODE='200',RESPONSE_METHOD='GET',RESPONSE_LENGTH_OKHTTP='-1',RESPONSE_LENGTH_HEADER='-2',REQUEST_PROTOCOL='http/1.1',REQUEST_URL='http://feeds.feedburner.com/linuxoutlaws',
08-05 19:30:02.552  7325  7345 D HttpDownloader: Response code is 200
08-05 19:30:02.552  7325  7345 D UserPreferences: Using default data folder
08-05 19:30:02.555  7325  7345 D HttpDownloader: Getting size of download
08-05 19:30:02.555  7325  7346 D OpenGLRenderer: endAllStagingAnimators on 0x7f72d26400 (GridView) with handle 0x7f796ed460
08-05 19:30:02.556  7325  7345 D HttpDownloader: Size is -1
08-05 19:30:02.556  7325  7345 D UserPreferences: Using default data folder
08-05 19:30:02.557  7325  7345 D HttpDownloader: Free space is 20161347584
08-05 19:30:02.557  7325  7345 D HttpDownloader: Starting download
08-05 19:30:02.564  7325  7345 D HttpDownloader: Download was successful
08-05 19:30:02.564   918  4400 D WifiService: releaseWifiLockLocked: WifiLock{Downloader type=1 binder=android.os.BinderProxy@ca9bd37}
08-05 19:30:02.565  7325  7325 D OnlineFeedViewActivity: Parsing feed
08-05 19:30:02.569  7325 10266 D TypeGetter: Recognized type RSS 2.0
08-05 19:30:02.572  7325 10266 D SyndHandler: Recognized Content namespace
08-05 19:30:02.572  7325 10266 D SyndHandler: Recognized DublinCore namespace
08-05 19:30:02.572  7325 10266 D SyndHandler: Recognized Atom namespace
08-05 19:30:02.572  7325 10266 D SyndHandler: Recognized ITunes namespace
08-05 19:30:02.572  7325 10266 D SyndHandler: Recognized media namespace
08-05 19:30:02.613  7325 10266 D OnlineFeedViewActivity: Deleted feed source file. Result: true
08-05 19:30:02.614  7325  7325 D OnlineFeedViewActivity: Removing HTML from shownotes
08-05 19:30:02.638  7325  8251 D ApOkHttpUrlLoader: buildLoadData() called with: model = [http://sixgun.org/files/linuxoutlaws.jpg], width = [350], height = [350]
08-05 19:30:02.639  7325  8073 D DBReader: getImageAuthentication() called with: imageUrl = [http://sixgun.org/files/linuxoutlaws.jpg]
08-05 19:30:02.642  7325  8073 D ApOkHttpUrlLoader: no credentials for 'http://sixgun.org/files/linuxoutlaws.jpg'
08-05 19:30:02.682  7325  8073 D DBWriter: updateFeedDownloadURL(original: http://sixgun.org/files/linuxoutlaws.jpg, updated: https://fab.industries/sixgun/files/linuxoutlaws.jpg)
08-05 19:30:02.732  7325  9065 I art     : Starting a blocking GC Explicit
08-05 19:30:02.766   380   380 W SurfaceFlinger: couldn't log to binary event log: overflow.
08-05 19:30:02.789  7325  9065 I art     : Explicit concurrent mark sweep GC freed 15249(1303KB) AllocSpace objects, 16(848KB) LOS objects, 23% free, 51MB/67MB, paused 1.657ms total 57.080ms
08-05 19:30:02.801  7325  9065 I art     : Starting a blocking GC Explicit
08-05 19:30:02.825  7325  8073 D MYTAG   : interceptor 2a
08-05 19:30:02.825  7325  8073 I NAPPA_EXPERIMENTATION: MetricNetworkRequestExecutionTime: REQUEST_DURATION_SYSTEM='183',REQUEST_DURATION_OKHTTP='140',REQUEST_SYNCHRONOUS='TRUE',RESPONSE_CODE='404',RESPONSE_METHOD='GET',RESPONSE_LENGTH_OKHTTP='-1',RESPONSE_LENGTH_HEADER='1503',REQUEST_PROTOCOL='h2',REQUEST_URL='https://fab.industries/sixgun/files/linuxoutlaws.jpg',
08-05 19:30:02.827  7325  7325 W Glide   : Load failed for http://sixgun.org/files/linuxoutlaws.jpg with size [350x350]
08-05 19:30:02.827  7325  7325 W Glide   : class com.bumptech.glide.load.engine.GlideException: Failed to load resource
08-05 19:30:02.827  7325  7325 W Glide   : There was 1 cause:
08-05 19:30:02.827  7325  7325 W Glide   : com.bumptech.glide.load.HttpException()
08-05 19:30:02.827  7325  7325 W Glide   :  call GlideException#logRootCauses(String) for more detail
08-05 19:30:02.827  7325  7325 W Glide   :   Cause (1 of 1): class com.bumptech.glide.load.engine.GlideException: Fetching data failed, class java.io.InputStream, REMOTE
08-05 19:30:02.827  7325  7325 W Glide   : There was 1 cause:
08-05 19:30:02.827  7325  7325 W Glide   : com.bumptech.glide.load.HttpException()
08-05 19:30:02.827  7325  7325 W Glide   :  call GlideException#logRootCauses(String) for more detail
08-05 19:30:02.827  7325  7325 W Glide   :     Cause (1 of 1): class com.bumptech.glide.load.HttpException: 
08-05 19:30:02.827  7325  7325 I Glide   : Root cause (1 of 1)
08-05 19:30:02.827  7325  7325 I Glide   : com.bumptech.glide.load.HttpException: 
08-05 19:30:02.827  7325  7325 I Glide   : 	at com.bumptech.glide.integration.okhttp3.OkHttpStreamFetcher.onResponse(OkHttpStreamFetcher.java:73)
08-05 19:30:02.827  7325  7325 I Glide   : 	at okhttp3.RealCall$AsyncCall.execute(RealCall.java:174)
08-05 19:30:02.827  7325  7325 I Glide   : 	at okhttp3.internal.NamedRunnable.run(NamedRunnable.java:32)
08-05 19:30:02.827  7325  7325 I Glide   : 	at java.util.concurrent.ThreadPoolExecutor.runWorker(ThreadPoolExecutor.java:1113)
08-05 19:30:02.827  7325  7325 I Glide   : 	at java.util.concurrent.ThreadPoolExecutor$Worker.run(ThreadPoolExecutor.java:588)
08-05 19:30:02.827  7325  7325 I Glide   : 	at java.lang.Thread.run(Thread.java:818)
08-05 19:30:02.840  7325  9065 I art     : Explicit concurrent mark sweep GC freed 1786(109KB) AllocSpace objects, 0(0B) LOS objects, 23% free, 51MB/67MB, paused 1.452ms total 38.851ms
08-05 19:30:02.854  7325  9065 I art     : Starting a blocking GC Explicit
08-05 19:30:02.896  7325  9065 I art     : Explicit concurrent mark sweep GC freed 165(6KB) AllocSpace objects, 0(0B) LOS objects, 23% free, 51MB/67MB, paused 1.607ms total 41.588ms
08-05 19:30:02.908  7325  7325 D PlaybackController: Releasing PlaybackController
08-05 19:30:02.909  7325  9065 I art     : Starting a blocking GC Explicit
08-05 19:30:02.953  7325  9065 I art     : Explicit concurrent mark sweep GC freed 292(15KB) AllocSpace objects, 1(112KB) LOS objects, 23% free, 51MB/67MB, paused 1.421ms total 43.452ms
08-05 19:30:02.966  7325  9065 I art     : Starting a blocking GC Explicit
08-05 19:30:02.979   512  2967 D audio_hw_primary: disable_audio_route: reset and update mixer path: low-latency-playback speaker
08-05 19:30:02.979   512  2967 D audio_hw_primary: disable_snd_device: snd_device(2: speaker)
08-05 19:30:02.987   512  2967 I soundtrigger: audio_extn_sound_trigger_update_device_status: device 0x2 of type 0 for Event 0
08-05 19:30:03.006  7325  9065 I art     : Explicit concurrent mark sweep GC freed 28(928B) AllocSpace objects, 0(0B) LOS objects, 23% free, 51MB/67MB, paused 1.564ms total 40.559ms
08-05 19:30:03.375  7325  7337 I art     : Starting a blocking GC Explicit
08-05 19:30:03.437  7325  7337 I art     : Explicit concurrent mark sweep GC freed 1410(81KB) AllocSpace objects, 1(20KB) LOS objects, 23% free, 51MB/67MB, paused 1.921ms total 61.458ms
08-05 19:30:03.452  7325  7337 I art     : Starting a blocking GC Explicit
08-05 19:30:03.499  7325  7337 I art     : Explicit concurrent mark sweep GC freed 23(752B) AllocSpace objects, 0(0B) LOS objects, 23% free, 51MB/67MB, paused 1.606ms total 46.128ms
08-05 19:30:03.513  7325  7337 I art     : Starting a blocking GC Explicit
08-05 19:30:03.558  7325  7337 I art     : Explicit concurrent mark sweep GC freed 3(96B) AllocSpace objects, 0(0B) LOS objects, 23% free, 51MB/67MB, paused 1.656ms total 44.687ms
08-05 19:30:03.571  7325  7337 I art     : Starting a blocking GC Explicit
08-05 19:30:03.618  7325  7337 I art     : Explicit concurrent mark sweep GC freed 3(96B) AllocSpace objects, 0(0B) LOS objects, 23% free, 51MB/67MB, paused 1.901ms total 46.398ms
08-05 19:30:03.632  7325  7337 I art     : Starting a blocking GC Explicit
08-05 19:30:03.678  7325  7337 I art     : Explicit concurrent mark sweep GC freed 3(96B) AllocSpace objects, 0(0B) LOS objects, 23% free, 51MB/67MB, paused 1.679ms total 46.019ms
08-05 19:30:04.051  7325  7336 I art     : Starting a blocking GC Explicit
08-05 19:30:04.112  7325  7336 I art     : Explicit concurrent mark sweep GC freed 1410(81KB) AllocSpace objects, 1(20KB) LOS objects, 23% free, 51MB/67MB, paused 1.806ms total 60.569ms
08-05 19:30:04.129  7325  7336 I art     : Starting a blocking GC Explicit
08-05 19:30:04.180  7325  7336 I art     : Explicit concurrent mark sweep GC freed 23(752B) AllocSpace objects, 0(0B) LOS objects, 23% free, 51MB/67MB, paused 1.657ms total 50.820ms
08-05 19:30:04.194  7325  7336 I art     : Starting a blocking GC Explicit
08-05 19:30:04.243  7325  7336 I art     : Explicit concurrent mark sweep GC freed 4(128B) AllocSpace objects, 0(0B) LOS objects, 23% free, 51MB/67MB, paused 1.518ms total 48.651ms
08-05 19:30:04.259  7325  7336 I art     : Starting a blocking GC Explicit
08-05 19:30:04.302  7325  7336 I art     : Explicit concurrent mark sweep GC freed 9(288B) AllocSpace objects, 0(0B) LOS objects, 23% free, 51MB/67MB, paused 1.471ms total 42.428ms
08-05 19:30:04.315  7325  7336 I art     : Starting a blocking GC Explicit
08-05 19:30:04.361  7325  7336 I art     : Explicit concurrent mark sweep GC freed 11(352B) AllocSpace objects, 0(0B) LOS objects, 23% free, 51MB/67MB, paused 1.530ms total 45.403ms
08-05 19:30:04.743  7325  7337 I art     : Starting a blocking GC Explicit
08-05 19:30:04.807  7325  7337 I art     : Explicit concurrent mark sweep GC freed 1396(81KB) AllocSpace objects, 1(20KB) LOS objects, 23% free, 51MB/67MB, paused 1.763ms total 63.929ms
08-05 19:30:04.824  7325  7337 I art     : Starting a blocking GC Explicit
08-05 19:30:04.870  7325  7337 I art     : Explicit concurrent mark sweep GC freed 23(752B) AllocSpace objects, 0(0B) LOS objects, 23% free, 51MB/67MB, paused 1.576ms total 45.544ms
08-05 19:30:04.883  7325  7337 I art     : Starting a blocking GC Explicit
08-05 19:30:04.922  7325  7337 I art     : Explicit concurrent mark sweep GC freed 3(96B) AllocSpace objects, 0(0B) LOS objects, 23% free, 51MB/67MB, paused 1.404ms total 37.693ms
08-05 19:30:04.934  7325  7337 I art     : Starting a blocking GC Explicit
08-05 19:30:04.971  7325  7337 I art     : Explicit concurrent mark sweep GC freed 3(96B) AllocSpace objects, 0(0B) LOS objects, 23% free, 51MB/67MB, paused 1.411ms total 37.207ms
08-05 19:30:04.983  7325  7337 I art     : Starting a blocking GC Explicit
08-05 19:30:05.018   518   646 I ThermalEngine: ACTION: GPU - Setting GPU[0] to 390000000
08-05 19:30:05.040  7325  7337 I art     : Explicit concurrent mark sweep GC freed 3(96B) AllocSpace objects, 0(0B) LOS objects, 23% free, 51MB/67MB, paused 2.466ms total 55.744ms
08-05 19:30:05.472  7325  9065 I art     : Starting a blocking GC Explicit
08-05 19:30:05.533  7325  9065 I art     : Explicit concurrent mark sweep GC freed 1410(81KB) AllocSpace objects, 1(20KB) LOS objects, 23% free, 51MB/67MB, paused 2.783ms total 61.247ms
08-05 19:30:05.557  7325  9065 I art     : Starting a blocking GC Explicit
08-05 19:30:05.616  7325  9065 I art     : Explicit concurrent mark sweep GC freed 37(1200B) AllocSpace objects, 0(0B) LOS objects, 23% free, 51MB/67MB, paused 2.333ms total 58.153ms
08-05 19:30:05.636  7325  9065 I art     : Starting a blocking GC Explicit
08-05 19:30:05.695  7325  9065 I art     : Explicit concurrent mark sweep GC freed 3(96B) AllocSpace objects, 0(0B) LOS objects, 23% free, 51MB/67MB, paused 2.387ms total 57.860ms
08-05 19:30:05.715  7325  9065 I art     : Starting a blocking GC Explicit
08-05 19:30:05.773  7325  9065 I art     : Explicit concurrent mark sweep GC freed 3(96B) AllocSpace objects, 0(0B) LOS objects, 23% free, 51MB/67MB, paused 2.358ms total 57.277ms
08-05 19:30:05.793  7325  9065 I art     : Starting a blocking GC Explicit
08-05 19:30:05.852  7325  9065 I art     : Explicit concurrent mark sweep GC freed 3(96B) AllocSpace objects, 0(0B) LOS objects, 23% free, 51MB/67MB, paused 2.657ms total 58.677ms
08-05 19:30:06.299  7325  7336 I art     : Starting a blocking GC Explicit
08-05 19:30:06.366  7325  7336 I art     : Explicit concurrent mark sweep GC freed 1410(81KB) AllocSpace objects, 1(20KB) LOS objects, 23% free, 51MB/67MB, paused 2.615ms total 66.522ms
08-05 19:30:06.391  7325  7336 I art     : Starting a blocking GC Explicit
08-05 19:30:06.454  7325  7336 I art     : Explicit concurrent mark sweep GC freed 23(752B) AllocSpace objects, 0(0B) LOS objects, 23% free, 51MB/67MB, paused 2.998ms total 62.375ms
08-05 19:30:06.478  7325  7336 I art     : Starting a blocking GC Explicit
08-05 19:30:06.535  7325  7336 I art     : Explicit concurrent mark sweep GC freed 3(96B) AllocSpace objects, 0(0B) LOS objects, 23% free, 51MB/67MB, paused 2.354ms total 57.168ms
08-05 19:30:06.556  7325  7336 I art     : Starting a blocking GC Explicit
08-05 19:30:06.613  7325  7336 I art     : Explicit concurrent mark sweep GC freed 3(96B) AllocSpace objects, 0(0B) LOS objects, 23% free, 51MB/67MB, paused 2.375ms total 57.184ms
08-05 19:30:06.632  7325  7336 I art     : Starting a blocking GC Explicit
08-05 19:30:06.688  7325  7336 I art     : Explicit concurrent mark sweep GC freed 3(96B) AllocSpace objects, 0(0B) LOS objects, 23% free, 51MB/67MB, paused 2.377ms total 55.001ms
08-05 19:30:07.019   518   646 I ThermalEngine: ACTION: GPU - Setting GPU[0] to 450000000
08-05 19:30:07.076  7325  7337 I art     : Starting a blocking GC Explicit
08-05 19:30:07.124  7325  7337 I art     : Explicit concurrent mark sweep GC freed 1412(84KB) AllocSpace objects, 1(20KB) LOS objects, 23% free, 51MB/67MB, paused 1.668ms total 47.841ms
08-05 19:30:07.138  7325  7337 I art     : Starting a blocking GC Explicit
08-05 19:30:07.181  7325  7337 I art     : Explicit concurrent mark sweep GC freed 23(752B) AllocSpace objects, 0(0B) LOS objects, 23% free, 51MB/67MB, paused 1.623ms total 43.584ms
08-05 19:30:07.192 10322 10322 D AndroidRuntime: >>>>>> START com.android.internal.os.RuntimeInit uid 2000 <<<<<<
08-05 19:30:07.195  7325  7337 I art     : Starting a blocking GC Explicit
08-05 19:30:07.198 10322 10322 D AndroidRuntime: CheckJNI is OFF
08-05 19:30:07.241  7325  7337 I art     : Explicit concurrent mark sweep GC freed 3(96B) AllocSpace objects, 0(0B) LOS objects, 23% free, 51MB/67MB, paused 1.730ms total 44.906ms
08-05 19:30:07.242 10322 10322 D ICU     : No timezone override file found: /data/misc/zoneinfo/current/icu/icu_tzdata.dat
08-05 19:30:07.254  7325  7337 I art     : Starting a blocking GC Explicit
08-05 19:30:07.290 10322 10322 I Radio-JNI: register_android_hardware_Radio DONE
08-05 19:30:07.299  7325  7337 I art     : Explicit concurrent mark sweep GC freed 3(96B) AllocSpace objects, 0(0B) LOS objects, 23% free, 51MB/67MB, paused 1.735ms total 45.265ms
08-05 19:30:07.313  7325  7337 I art     : Starting a blocking GC Explicit
08-05 19:30:07.320 10322 10322 D AndroidRuntime: Calling main entry com.android.commands.input.Input
08-05 19:30:07.321 10322 10322 I Input   : injectKeyEvent: KeyEvent { action=ACTION_DOWN, keyCode=KEYCODE_BACK, scanCode=0, metaState=0, flags=0x0, repeatCount=0, eventTime=819023735, downTime=819023735, deviceId=-1, source=0x101 }
08-05 19:30:07.328 10322 10322 I Input   : injectKeyEvent: KeyEvent { action=ACTION_UP, keyCode=KEYCODE_BACK, scanCode=0, metaState=0, flags=0x0, repeatCount=0, eventTime=819023735, downTime=819023735, deviceId=-1, source=0x101 }
08-05 19:30:07.333 10322 10322 D AndroidRuntime: Shutting down VM
08-05 19:30:07.338  7325  7325 V PlaybackController: initServiceNotRunning()
08-05 19:30:07.338  7325  7325 D ExternalPlayerFragment: Loading media info
08-05 19:30:07.341  7325  8251 D ApOkHttpUrlLoader: buildLoadData() called with: model = [http://sixgun.org/files/linuxoutlaws.jpg], width = [224], height = [224]
08-05 19:30:07.343  7325  7325 D UserPreferences: Using default data folder
08-05 19:30:07.344  7325  8073 D DBReader: getImageAuthentication() called with: imageUrl = [http://sixgun.org/files/linuxoutlaws.jpg]
08-05 19:30:07.345  7325  7345 D DBReader: getNavDrawerData() called with: 
08-05 19:30:07.349  7325  8073 D ApOkHttpUrlLoader: no credentials for 'http://sixgun.org/files/linuxoutlaws.jpg'
08-05 19:30:07.357  7325  7337 I art     : Explicit concurrent mark sweep GC freed 613(35KB) AllocSpace objects, 0(0B) LOS objects, 23% free, 51MB/67MB, paused 1.777ms total 43.719ms
08-05 19:30:07.363  7325  7345 D DBReader: getDownloadedItems() called
08-05 19:30:07.365  7325  7345 D DBReader: getFavoriteIDList() called
08-05 19:30:07.366  7325  7345 D DBReader: getQueueIDList() called
08-05 19:30:07.367  7325  7345 D DBReader: Extracting Feedlist
08-05 19:30:07.384 13866 13866 I GoogleInputMethodServic: GoogleInputMethodService.onFinishInput():3138 
08-05 19:30:07.384  7325  7325 D MainActivity: getLastNavFragment() -> AddFeedFragment
08-05 19:30:07.385 13866 13866 I GoogleInputMethodServic: GoogleInputMethodService.onStartInput():1808 
08-05 19:30:07.450  7325  8073 D DBWriter: updateFeedDownloadURL(original: http://sixgun.org/files/linuxoutlaws.jpg, updated: https://fab.industries/sixgun/files/linuxoutlaws.jpg)
08-05 19:30:07.494 13866 13882 I PeriodicStatsRunner: PeriodicStatsRunner.call():175 call()
08-05 19:30:07.494 13866 13882 I PeriodicStatsRunner: PeriodicStatsRunner.call():179 No submit PeriodicStats since input started.
08-05 19:30:07.604  7325  8073 D MYTAG   : interceptor 2a
08-05 19:30:07.605  7325  8073 I NAPPA_EXPERIMENTATION: MetricNetworkRequestExecutionTime: REQUEST_DURATION_SYSTEM='255',REQUEST_DURATION_OKHTTP='151',REQUEST_SYNCHRONOUS='TRUE',RESPONSE_CODE='404',RESPONSE_METHOD='GET',RESPONSE_LENGTH_OKHTTP='-1',RESPONSE_LENGTH_HEADER='1503',REQUEST_PROTOCOL='h2',REQUEST_URL='https://fab.industries/sixgun/files/linuxoutlaws.jpg',
08-05 19:30:07.607  7325  7325 W Glide   : Load failed for http://sixgun.org/files/linuxoutlaws.jpg with size [224x224]
08-05 19:30:07.607  7325  7325 W Glide   : class com.bumptech.glide.load.engine.GlideException: Failed to load resource
08-05 19:30:07.607  7325  7325 W Glide   : There was 1 cause:
08-05 19:30:07.607  7325  7325 W Glide   : com.bumptech.glide.load.HttpException()
08-05 19:30:07.607  7325  7325 W Glide   :  call GlideException#logRootCauses(String) for more detail
08-05 19:30:07.607  7325  7325 W Glide   :   Cause (1 of 1): class com.bumptech.glide.load.engine.GlideException: Fetching data failed, class java.io.InputStream, REMOTE
08-05 19:30:07.607  7325  7325 W Glide   : There was 1 cause:
08-05 19:30:07.607  7325  7325 W Glide   : com.bumptech.glide.load.HttpException()
08-05 19:30:07.607  7325  7325 W Glide   :  call GlideException#logRootCauses(String) for more detail
08-05 19:30:07.607  7325  7325 W Glide   :     Cause (1 of 1): class com.bumptech.glide.load.HttpException: 
08-05 19:30:07.608  7325  7325 I Glide   : Root cause (1 of 1)
08-05 19:30:07.608  7325  7325 I Glide   : com.bumptech.glide.load.HttpException: 
08-05 19:30:07.608  7325  7325 I Glide   : 	at com.bumptech.glide.integration.okhttp3.OkHttpStreamFetcher.onResponse(OkHttpStreamFetcher.java:73)
08-05 19:30:07.608  7325  7325 I Glide   : 	at okhttp3.RealCall$AsyncCall.execute(RealCall.java:174)
08-05 19:30:07.608  7325  7325 I Glide   : 	at okhttp3.internal.NamedRunnable.run(NamedRunnable.java:32)
08-05 19:30:07.608  7325  7325 I Glide   : 	at java.util.concurrent.ThreadPoolExecutor.runWorker(ThreadPoolExecutor.java:1113)
08-05 19:30:07.608  7325  7325 I Glide   : 	at java.util.concurrent.ThreadPoolExecutor$Worker.run(ThreadPoolExecutor.java:588)
08-05 19:30:07.608  7325  7325 I Glide   : 	at java.lang.Thread.run(Thread.java:818)
08-05 19:30:07.608  7325  7325 W Glide   : Load failed for http://sixgun.org/files/linuxoutlaws.jpg with size [224x224]
08-05 19:30:07.608  7325  7325 W Glide   : class com.bumptech.glide.load.engine.GlideException: Failed to load resource
08-05 19:30:07.608  7325  7325 W Glide   : There was 1 cause:
08-05 19:30:07.608  7325  7325 W Glide   : com.bumptech.glide.load.HttpException()
08-05 19:30:07.608  7325  7325 W Glide   :  call GlideException#logRootCauses(String) for more detail
08-05 19:30:07.608  7325  7325 W Glide   :   Cause (1 of 1): class com.bumptech.glide.load.engine.GlideException: Fetching data failed, class java.io.InputStream, REMOTE
08-05 19:30:07.608  7325  7325 W Glide   : There was 1 cause:
08-05 19:30:07.608  7325  7325 W Glide   : com.bumptech.glide.load.HttpException()
08-05 19:30:07.608  7325  7325 W Glide   :  call GlideException#logRootCauses(String) for more detail
08-05 19:30:07.608  7325  7325 W Glide   :     Cause (1 of 1): class com.bumptech.glide.load.HttpException: 
08-05 19:30:07.609  7325  7325 I Glide   : Root cause (1 of 1)
08-05 19:30:07.609  7325  7325 I Glide   : com.bumptech.glide.load.HttpException: 
08-05 19:30:07.609  7325  7325 I Glide   : 	at com.bumptech.glide.integration.okhttp3.OkHttpStreamFetcher.onResponse(OkHttpStreamFetcher.java:73)
08-05 19:30:07.609  7325  7325 I Glide   : 	at okhttp3.RealCall$AsyncCall.execute(RealCall.java:174)
08-05 19:30:07.609  7325  7325 I Glide   : 	at okhttp3.internal.NamedRunnable.run(NamedRunnable.java:32)
08-05 19:30:07.609  7325  7325 I Glide   : 	at java.util.concurrent.ThreadPoolExecutor.runWorker(ThreadPoolExecutor.java:1113)
08-05 19:30:07.609  7325  7325 I Glide   : 	at java.util.concurrent.ThreadPoolExecutor$Worker.run(ThreadPoolExecutor.java:588)
08-05 19:30:07.609  7325  7325 I Glide   : 	at java.lang.Thread.run(Thread.java:818)
08-05 19:30:07.688   380   380 W SurfaceFlinger: couldn't log to binary event log: overflow.
08-05 19:30:07.710  7325  8464 I art     : Starting a blocking GC Explicit
08-05 19:30:07.754  7325  8464 I art     : Explicit concurrent mark sweep GC freed 3757(257KB) AllocSpace objects, 1(20KB) LOS objects, 23% free, 51MB/67MB, paused 1.568ms total 44.375ms
08-05 19:30:07.768  7325  8464 I art     : Starting a blocking GC Explicit
08-05 19:30:07.811  7325  8464 I art     : Explicit concurrent mark sweep GC freed 3267(257KB) AllocSpace objects, 1(28KB) LOS objects, 23% free, 50MB/66MB, paused 1.580ms total 43.265ms
08-05 19:30:07.824  7325  8464 I art     : Starting a blocking GC Explicit
08-05 19:30:07.868  7325  8464 I art     : Explicit concurrent mark sweep GC freed 3(96B) AllocSpace objects, 0(0B) LOS objects, 23% free, 50MB/66MB, paused 1.697ms total 44.018ms
08-05 19:30:07.882  7325  8464 I art     : Starting a blocking GC Explicit
08-05 19:30:07.927  7325  8464 I art     : Explicit concurrent mark sweep GC freed 3(96B) AllocSpace objects, 0(0B) LOS objects, 23% free, 50MB/66MB, paused 1.665ms total 44.946ms
08-05 19:30:07.941  7325  8464 I art     : Starting a blocking GC Explicit
08-05 19:30:07.985  7325  8464 I art     : Explicit concurrent mark sweep GC freed 3(96B) AllocSpace objects, 0(0B) LOS objects, 23% free, 50MB/66MB, paused 1.584ms total 44.356ms
08-05 19:30:08.358  7325  7337 I art     : Starting a blocking GC Explicit
08-05 19:30:08.418  7325  7337 I art     : Explicit concurrent mark sweep GC freed 1412(82KB) AllocSpace objects, 1(20KB) LOS objects, 23% free, 50MB/66MB, paused 1.801ms total 59.312ms
08-05 19:30:08.434  7325  7337 I art     : Starting a blocking GC Explicit
08-05 19:30:08.480  7325  7337 I art     : Explicit concurrent mark sweep GC freed 23(752B) AllocSpace objects, 0(0B) LOS objects, 23% free, 50MB/66MB, paused 1.645ms total 45.018ms
08-05 19:30:08.493  7325  7337 I art     : Starting a blocking GC Explicit
08-05 19:30:08.538  7325  7337 I art     : Explicit concurrent mark sweep GC freed 3(96B) AllocSpace objects, 0(0B) LOS objects, 23% free, 50MB/66MB, paused 1.651ms total 44.470ms
08-05 19:30:08.551  7325  7337 I art     : Starting a blocking GC Explicit
08-05 19:30:08.594  7325  7337 I art     : Explicit concurrent mark sweep GC freed 3(96B) AllocSpace objects, 0(0B) LOS objects, 23% free, 50MB/66MB, paused 1.520ms total 42.300ms
08-05 19:30:08.607  7325  7337 I art     : Starting a blocking GC Explicit
08-05 19:30:08.649  7325  7337 I art     : Explicit concurrent mark sweep GC freed 3(96B) AllocSpace objects, 0(0B) LOS objects, 23% free, 50MB/66MB, paused 1.652ms total 42.030ms
08-05 19:30:09.002  7325  7434 I art     : Starting a blocking GC Explicit
08-05 19:30:09.045  7325  7434 I art     : Explicit concurrent mark sweep GC freed 1401(81KB) AllocSpace objects, 1(20KB) LOS objects, 23% free, 50MB/66MB, paused 1.504ms total 42.538ms
08-05 19:30:09.058  7325  7434 I art     : Starting a blocking GC Explicit
08-05 19:30:09.100  7325  7434 I art     : Explicit concurrent mark sweep GC freed 64(1920B) AllocSpace objects, 0(0B) LOS objects, 23% free, 50MB/66MB, paused 1.593ms total 41.754ms
08-05 19:30:09.113  7325  7434 I art     : Starting a blocking GC Explicit
08-05 19:30:09.115 10367 10367 D AndroidRuntime: >>>>>> START com.android.internal.os.RuntimeInit uid 2000 <<<<<<
08-05 19:30:09.121 10367 10367 D AndroidRuntime: CheckJNI is OFF
08-05 19:30:09.155  7325  7434 I art     : Explicit concurrent mark sweep GC freed 15(480B) AllocSpace objects, 0(0B) LOS objects, 23% free, 50MB/66MB, paused 1.609ms total 41.309ms
08-05 19:30:09.167 10367 10367 D ICU     : No timezone override file found: /data/misc/zoneinfo/current/icu/icu_tzdata.dat
08-05 19:30:09.168  7325  7434 I art     : Starting a blocking GC Explicit
08-05 19:30:09.209  7325  7434 I art     : Explicit concurrent mark sweep GC freed 15(480B) AllocSpace objects, 0(0B) LOS objects, 23% free, 50MB/66MB, paused 1.787ms total 40.202ms
08-05 19:30:09.210 10367 10367 I Radio-JNI: register_android_hardware_Radio DONE
08-05 19:30:09.221  7325  7434 I art     : Starting a blocking GC Explicit
08-05 19:30:09.240 10367 10367 D AndroidRuntime: Calling main entry com.android.commands.input.Input
08-05 19:30:09.242 10367 10367 I Input   : injectMotionEvent: MotionEvent { action=ACTION_DOWN, actionButton=0, id[0]=0, x[0]=526.0, y[0]=597.0, toolType[0]=TOOL_TYPE_UNKNOWN, buttonState=0, metaState=0, flags=0x0, edgeFlags=0x0, pointerCount=1, historySize=0, eventTime=819025655, downTime=819025655, deviceId=0, source=0x1002 }
08-05 19:30:09.250 10367 10367 I Input   : injectMotionEvent: MotionEvent { action=ACTION_UP, actionButton=0, id[0]=0, x[0]=526.0, y[0]=597.0, toolType[0]=TOOL_TYPE_UNKNOWN, buttonState=0, metaState=0, flags=0x0, edgeFlags=0x0, pointerCount=1, historySize=0, eventTime=819025655, downTime=819025655, deviceId=0, source=0x1002 }
08-05 19:30:09.252 10367 10367 D AndroidRuntime: Shutting down VM
08-05 19:30:09.261  7325  7434 I art     : Explicit concurrent mark sweep GC freed 14(480B) AllocSpace objects, 0(0B) LOS objects, 23% free, 50MB/66MB, paused 1.727ms total 39.430ms
08-05 19:30:09.316  7325  7325 D PodcastListFragment: Selected podcast: GpodnetPodcast [url=http://feeds.feedburner.com/linuxoutlaws, title=Linux Outlaws, description=Two pragmatic geeks talk about the latest news concerning Linux, free and open
08-05 19:30:09.316  7325  7325 D PodcastListFragment: technology or anything else they deem noteworthy which may include such absurd
08-05 19:30:09.316  7325  7325 D PodcastListFragment: things as hockey or bands you never heard of. This means there's many a joke
08-05 19:30:09.316  7325  7325 D PodcastListFragment: and derailed conversation along the way, so don't come here expecting only
08-05 19:30:09.316  7325  7325 D PodcastListFragment: Linux or software freedom talk  just sit back and relax, partner., subscribers=3321, logoUrl=http://sixgun.org/files/linuxoutlaws.jpg, website=http://sixgun.org, mygpoLink=http://gpodder.net/podcast/linux-outlaws-mp3]
08-05 19:30:09.317   918   928 I ActivityManager: START u0 {cmp=baseline.de.danoeh.antennapod.debug/baseline.de.danoeh.antennapod.activity.OnlineFeedViewActivity (has extras)} from uid 10695 on display 0
08-05 19:30:09.318   512  2967 D audio_hw_primary: out_set_parameters: enter: usecase(1: low-latency-playback) kvpairs: routing=2
08-05 19:30:09.332   512  2967 D audio_hw_primary: select_devices: out_snd_device(2: speaker) in_snd_device(0: none)
08-05 19:30:09.332   512  2967 D msm8974_platform: platform_send_audio_calibration: sending audio calibration for snd_device(2) acdb_id(15)
08-05 19:30:09.332   512  2967 I soundtrigger: audio_extn_sound_trigger_update_device_status: device 0x2 of type 0 for Event 1
08-05 19:30:09.345   512  2967 D audio_hw_primary: enable_snd_device: snd_device(2: speaker)
08-05 19:30:09.348   512  2967 D audio_hw_primary: enable_audio_route: apply and update mixer path: low-latency-playback speaker
08-05 19:30:09.353  7325  7325 D UserPreferences: Using default data folder
08-05 19:30:09.353  7325  7325 D OnlineFeedViewActivity: Activity was started with url http://feeds.feedburner.com/linuxoutlaws
08-05 19:30:09.355  7325  7325 D OnlineFeedViewActivity: Starting feed download
08-05 19:30:09.358  7325  7872 D DBReader: Extracting Feedlist
08-05 19:30:09.361   918  5132 D WifiService: acquireWifiLockLocked: WifiLock{Downloader type=1 binder=android.os.BinderProxy@afb5035}
08-05 19:30:09.362  7325  7872 D AntennapodHttpClient: Creating new instance of HTTP client
08-05 19:30:09.419 13866 13866 I GoogleInputMethodServic: GoogleInputMethodService.onFinishInput():3138 
08-05 19:30:09.420 13866 13866 I GoogleInputMethodServic: GoogleInputMethodService.onStartInput():1808 
08-05 19:30:09.443   918   936 I ActivityManager: Displayed baseline.de.danoeh.antennapod.debug/baseline.de.danoeh.antennapod.activity.OnlineFeedViewActivity: +112ms
08-05 19:30:09.482  7325  7346 D OpenGLRenderer: endAllStagingAnimators on 0x7f72d26400 (GridView) with handle 0x7f7590f1c0
08-05 19:30:09.505  7325  7872 D MYTAG   : interceptor 3a http://feeds.feedburner.com/linuxoutlaws
08-05 19:30:09.506  7325  7872 I NAPPA_EXPERIMENTATION: MetricNetworkRequestExecutionTime: REQUEST_DURATION_SYSTEM='142',REQUEST_DURATION_OKHTTP='43',REQUEST_SYNCHRONOUS='TRUE',RESPONSE_CODE='200',RESPONSE_METHOD='GET',RESPONSE_LENGTH_OKHTTP='-1',RESPONSE_LENGTH_HEADER='-2',REQUEST_PROTOCOL='http/1.1',REQUEST_URL='http://feeds.feedburner.com/linuxoutlaws',
08-05 19:30:09.506  7325  7872 D HttpDownloader: Response code is 200
08-05 19:30:09.506  7325  7872 D UserPreferences: Using default data folder
08-05 19:30:09.509  7325  7872 D HttpDownloader: Getting size of download
08-05 19:30:09.509  7325  7872 D HttpDownloader: Size is -1
08-05 19:30:09.509  7325  7872 D UserPreferences: Using default data folder
08-05 19:30:09.509  7325  7872 D HttpDownloader: Free space is 20161347584
08-05 19:30:09.510  7325  7872 D HttpDownloader: Starting download
08-05 19:30:09.513  7325  7872 D HttpDownloader: Download was successful
08-05 19:30:09.514   918  3714 D WifiService: releaseWifiLockLocked: WifiLock{Downloader type=1 binder=android.os.BinderProxy@afb5035}
08-05 19:30:09.514  7325  7325 D OnlineFeedViewActivity: Parsing feed
08-05 19:30:09.518  7325 10401 D TypeGetter: Recognized type RSS 2.0
08-05 19:30:09.520  7325 10401 D SyndHandler: Recognized Content namespace
08-05 19:30:09.520  7325 10401 D SyndHandler: Recognized DublinCore namespace
08-05 19:30:09.520  7325 10401 D SyndHandler: Recognized Atom namespace
08-05 19:30:09.520  7325 10401 D SyndHandler: Recognized ITunes namespace
08-05 19:30:09.520  7325 10401 D SyndHandler: Recognized media namespace
08-05 19:30:09.557  7325 10401 D OnlineFeedViewActivity: Deleted feed source file. Result: true
08-05 19:30:09.558  7325  7325 D OnlineFeedViewActivity: Removing HTML from shownotes
08-05 19:30:09.576  7325  8251 D ApOkHttpUrlLoader: buildLoadData() called with: model = [http://sixgun.org/files/linuxoutlaws.jpg], width = [350], height = [350]
08-05 19:30:09.579  7325  8073 D DBReader: getImageAuthentication() called with: imageUrl = [http://sixgun.org/files/linuxoutlaws.jpg]
08-05 19:30:09.585  7325  8073 D ApOkHttpUrlLoader: no credentials for 'http://sixgun.org/files/linuxoutlaws.jpg'
08-05 19:30:09.606  7325  8464 I art     : Starting a blocking GC Explicit
08-05 19:30:09.621  7325  8073 D DBWriter: updateFeedDownloadURL(original: http://sixgun.org/files/linuxoutlaws.jpg, updated: https://fab.industries/sixgun/files/linuxoutlaws.jpg)
08-05 19:30:09.657  7325  8464 I art     : Explicit concurrent mark sweep GC freed 8532(951KB) AllocSpace objects, 15(828KB) LOS objects, 23% free, 51MB/67MB, paused 1.771ms total 50.946ms
08-05 19:30:09.672  7325  8464 I art     : Starting a blocking GC Explicit
08-05 19:30:09.691   380   380 W SurfaceFlinger: couldn't log to binary event log: overflow.
08-05 19:30:09.718  7325  8464 I art     : Explicit concurrent mark sweep GC freed 1491(67KB) AllocSpace objects, 0(0B) LOS objects, 23% free, 51MB/67MB, paused 1.637ms total 45.469ms
08-05 19:30:09.730  7325  8464 I art     : Starting a blocking GC Explicit
08-05 19:30:09.769  7325  8464 I art     : Explicit concurrent mark sweep GC freed 7(256B) AllocSpace objects, 0(0B) LOS objects, 23% free, 51MB/67MB, paused 1.573ms total 38.746ms
08-05 19:30:09.781  7325  8464 I art     : Starting a blocking GC Explicit
08-05 19:30:09.787  7325  8073 D MYTAG   : interceptor 2a
08-05 19:30:09.788  7325  8073 I NAPPA_EXPERIMENTATION: MetricNetworkRequestExecutionTime: REQUEST_DURATION_SYSTEM='202',REQUEST_DURATION_OKHTTP='162',REQUEST_SYNCHRONOUS='TRUE',RESPONSE_CODE='404',RESPONSE_METHOD='GET',RESPONSE_LENGTH_OKHTTP='-1',RESPONSE_LENGTH_HEADER='1503',REQUEST_PROTOCOL='h2',REQUEST_URL='https://fab.industries/sixgun/files/linuxoutlaws.jpg',
08-05 19:30:09.789  7325  7325 W Glide   : Load failed for http://sixgun.org/files/linuxoutlaws.jpg with size [350x350]
08-05 19:30:09.789  7325  7325 W Glide   : class com.bumptech.glide.load.engine.GlideException: Failed to load resource
08-05 19:30:09.789  7325  7325 W Glide   : There was 1 cause:
08-05 19:30:09.789  7325  7325 W Glide   : com.bumptech.glide.load.HttpException()
08-05 19:30:09.789  7325  7325 W Glide   :  call GlideException#logRootCauses(String) for more detail
08-05 19:30:09.789  7325  7325 W Glide   :   Cause (1 of 1): class com.bumptech.glide.load.engine.GlideException: Fetching data failed, class java.io.InputStream, REMOTE
08-05 19:30:09.789  7325  7325 W Glide   : There was 1 cause:
08-05 19:30:09.789  7325  7325 W Glide   : com.bumptech.glide.load.HttpException()
08-05 19:30:09.789  7325  7325 W Glide   :  call GlideException#logRootCauses(String) for more detail
08-05 19:30:09.789  7325  7325 W Glide   :     Cause (1 of 1): class com.bumptech.glide.load.HttpException: 
08-05 19:30:09.789  7325  7325 I Glide   : Root cause (1 of 1)
08-05 19:30:09.789  7325  7325 I Glide   : com.bumptech.glide.load.HttpException: 
08-05 19:30:09.789  7325  7325 I Glide   : 	at com.bumptech.glide.integration.okhttp3.OkHttpStreamFetcher.onResponse(OkHttpStreamFetcher.java:73)
08-05 19:30:09.789  7325  7325 I Glide   : 	at okhttp3.RealCall$AsyncCall.execute(RealCall.java:174)
08-05 19:30:09.789  7325  7325 I Glide   : 	at okhttp3.internal.NamedRunnable.run(NamedRunnable.java:32)
08-05 19:30:09.789  7325  7325 I Glide   : 	at java.util.concurrent.ThreadPoolExecutor.runWorker(ThreadPoolExecutor.java:1113)
08-05 19:30:09.789  7325  7325 I Glide   : 	at java.util.concurrent.ThreadPoolExecutor$Worker.run(ThreadPoolExecutor.java:588)
08-05 19:30:09.789  7325  7325 I Glide   : 	at java.lang.Thread.run(Thread.java:818)
08-05 19:30:09.812  7325  7325 D PlaybackController: Releasing PlaybackController
08-05 19:30:09.825  7325  8464 I art     : Explicit concurrent mark sweep GC freed 561(55KB) AllocSpace objects, 0(0B) LOS objects, 23% free, 51MB/67MB, paused 1.533ms total 43.066ms
08-05 19:30:09.839  7325  8464 I art     : Starting a blocking GC Explicit
08-05 19:30:09.879  7325  8464 I art     : Explicit concurrent mark sweep GC freed 209(8KB) AllocSpace objects, 1(112KB) LOS objects, 23% free, 51MB/67MB, paused 1.609ms total 39.632ms
08-05 19:30:09.889   512  2967 D audio_hw_primary: disable_audio_route: reset and update mixer path: low-latency-playback speaker
08-05 19:30:09.890   512  2967 D audio_hw_primary: disable_snd_device: snd_device(2: speaker)
08-05 19:30:09.897   512  2967 I soundtrigger: audio_extn_sound_trigger_update_device_status: device 0x2 of type 0 for Event 0
08-05 19:30:10.033   518   646 I ThermalEngine: ACTION: GPU - Setting GPU[0] to 390000000
08-05 19:30:10.287  7325  7336 I art     : Starting a blocking GC Explicit
08-05 19:30:10.358  7325  7336 I art     : Explicit concurrent mark sweep GC freed 1429(82KB) AllocSpace objects, 1(20KB) LOS objects, 23% free, 51MB/67MB, paused 2.912ms total 70.279ms
08-05 19:30:10.380  7325  7336 I art     : Starting a blocking GC Explicit
08-05 19:30:10.438  7325  7336 I art     : Explicit concurrent mark sweep GC freed 23(752B) AllocSpace objects, 0(0B) LOS objects, 23% free, 51MB/67MB, paused 2.497ms total 57.365ms
08-05 19:30:10.458  7325  7336 I art     : Starting a blocking GC Explicit
08-05 19:30:10.519  7325  7336 I art     : Explicit concurrent mark sweep GC freed 3(96B) AllocSpace objects, 0(0B) LOS objects, 23% free, 51MB/67MB, paused 3.437ms total 60.663ms
08-05 19:30:10.541  7325  7336 I art     : Starting a blocking GC Explicit
08-05 19:30:10.598  7325  7336 I art     : Explicit concurrent mark sweep GC freed 3(96B) AllocSpace objects, 0(0B) LOS objects, 23% free, 51MB/67MB, paused 2.311ms total 56.052ms
08-05 19:30:10.598  7325  7335 I art     : WaitForGcToComplete blocked for 56.500ms for cause HeapTrim
08-05 19:30:10.618  7325  7336 I art     : Starting a blocking GC Explicit
08-05 19:30:10.676  7325  7336 I art     : Explicit concurrent mark sweep GC freed 3(96B) AllocSpace objects, 0(0B) LOS objects, 23% free, 51MB/67MB, paused 2.305ms total 57.132ms
08-05 19:30:11.130  7325  7434 I art     : Starting a blocking GC Explicit
08-05 19:30:11.203  7325  7434 I art     : Explicit concurrent mark sweep GC freed 1416(82KB) AllocSpace objects, 1(20KB) LOS objects, 23% free, 51MB/67MB, paused 4.067ms total 72.339ms
08-05 19:30:11.224  7325  7434 I art     : Starting a blocking GC Explicit
08-05 19:30:11.276  7325  7434 I art     : Explicit concurrent mark sweep GC freed 31(1008B) AllocSpace objects, 0(0B) LOS objects, 23% free, 51MB/67MB, paused 2.075ms total 51.942ms
08-05 19:30:11.296  7325  7434 I art     : Starting a blocking GC Explicit
08-05 19:30:11.355  7325  7434 I art     : Explicit concurrent mark sweep GC freed 13(416B) AllocSpace objects, 0(0B) LOS objects, 23% free, 51MB/67MB, paused 2.622ms total 58ms
08-05 19:30:11.375  7325  7434 I art     : Starting a blocking GC Explicit
08-05 19:30:11.435  7325  7434 I art     : Explicit concurrent mark sweep GC freed 12(384B) AllocSpace objects, 0(0B) LOS objects, 23% free, 51MB/67MB, paused 3.591ms total 59.982ms
08-05 19:30:11.458  7325  7434 I art     : Starting a blocking GC Explicit
08-05 19:30:11.513  7325  7434 I art     : Explicit concurrent mark sweep GC freed 3(96B) AllocSpace objects, 0(0B) LOS objects, 23% free, 51MB/67MB, paused 2.274ms total 54.773ms
08-05 19:30:11.934  7325  9065 I art     : Starting a blocking GC Explicit
08-05 19:30:12.004  7325  9065 I art     : Explicit concurrent mark sweep GC freed 1381(81KB) AllocSpace objects, 1(20KB) LOS objects, 23% free, 51MB/67MB, paused 2.702ms total 69.486ms
08-05 19:30:12.029  7325  9065 I art     : Starting a blocking GC Explicit
08-05 19:30:12.085  7325  9065 I art     : Explicit concurrent mark sweep GC freed 52(1536B) AllocSpace objects, 0(0B) LOS objects, 23% free, 51MB/67MB, paused 2.386ms total 54.999ms
08-05 19:30:12.105  7325  9065 I art     : Starting a blocking GC Explicit
08-05 19:30:12.163  7325  9065 I art     : Explicit concurrent mark sweep GC freed 3(96B) AllocSpace objects, 0(0B) LOS objects, 23% free, 51MB/67MB, paused 2.384ms total 57.396ms
08-05 19:30:12.182  7325  9065 I art     : Starting a blocking GC Explicit
08-05 19:30:12.246  7325  9065 I art     : Explicit concurrent mark sweep GC freed 3(96B) AllocSpace objects, 0(0B) LOS objects, 23% free, 51MB/67MB, paused 2.636ms total 62.881ms
08-05 19:30:12.269  7325  9065 I art     : Starting a blocking GC Explicit
08-05 19:30:12.332  7325  9065 I art     : Explicit concurrent mark sweep GC freed 3(96B) AllocSpace objects, 0(0B) LOS objects, 23% free, 51MB/67MB, paused 3.262ms total 62.943ms
08-05 19:30:12.385 13866 13882 I PeriodicStatsRunner: PeriodicStatsRunner.call():175 call()
08-05 19:30:12.385 13866 13882 I PeriodicStatsRunner: PeriodicStatsRunner.call():179 No submit PeriodicStats since input started.
08-05 19:30:12.768  7325  8464 I art     : Starting a blocking GC Explicit
08-05 19:30:12.838  7325  8464 I art     : Explicit concurrent mark sweep GC freed 1381(81KB) AllocSpace objects, 1(20KB) LOS objects, 23% free, 51MB/67MB, paused 2.803ms total 69.444ms
08-05 19:30:12.861  7325  8464 I art     : Starting a blocking GC Explicit
08-05 19:30:12.918  7325  8464 I art     : Explicit concurrent mark sweep GC freed 23(752B) AllocSpace objects, 0(0B) LOS objects, 23% free, 51MB/67MB, paused 2.434ms total 56.673ms
08-05 19:30:12.938  7325  8464 I art     : Starting a blocking GC Explicit
08-05 19:30:12.996  7325  8464 I art     : Explicit concurrent mark sweep GC freed 3(96B) AllocSpace objects, 0(0B) LOS objects, 23% free, 51MB/67MB, paused 2.283ms total 57.060ms
08-05 19:30:13.016  7325  8464 I art     : Starting a blocking GC Explicit
08-05 19:30:13.035   518   646 I ThermalEngine: ACTION: GPU - Setting GPU[0] to 450000000
08-05 19:30:13.064  7325  8464 I art     : Explicit concurrent mark sweep GC freed 32(880B) AllocSpace objects, 0(0B) LOS objects, 23% free, 51MB/67MB, paused 1.583ms total 48.158ms
08-05 19:30:13.077  7325  8464 I art     : Starting a blocking GC Explicit
08-05 19:30:13.123  7325  8464 I art     : Explicit concurrent mark sweep GC freed 3(96B) AllocSpace objects, 0(0B) LOS objects, 23% free, 51MB/67MB, paused 1.618ms total 44.829ms
08-05 19:30:13.503  7325  7336 I art     : Starting a blocking GC Explicit
08-05 19:30:13.548  7325  7336 I art     : Explicit concurrent mark sweep GC freed 1381(81KB) AllocSpace objects, 1(20KB) LOS objects, 23% free, 51MB/67MB, paused 1.740ms total 45.146ms
08-05 19:30:13.562  7325  7336 I art     : Starting a blocking GC Explicit
08-05 19:30:13.609  7325  7336 I art     : Explicit concurrent mark sweep GC freed 23(752B) AllocSpace objects, 0(0B) LOS objects, 23% free, 51MB/67MB, paused 1.754ms total 47.265ms
08-05 19:30:13.622  7325  7336 I art     : Starting a blocking GC Explicit
08-05 19:30:13.669  7325  7336 I art     : Explicit concurrent mark sweep GC freed 3(96B) AllocSpace objects, 0(0B) LOS objects, 23% free, 51MB/67MB, paused 1.677ms total 46.310ms
08-05 19:30:13.682  7325  7336 I art     : Starting a blocking GC Explicit
08-05 19:30:13.730  7325  7336 I art     : Explicit concurrent mark sweep GC freed 3(96B) AllocSpace objects, 0(0B) LOS objects, 23% free, 51MB/67MB, paused 1.676ms total 47.716ms
08-05 19:30:13.744  7325  7336 I art     : Starting a blocking GC Explicit
08-05 19:30:13.790  7325  7336 I art     : Explicit concurrent mark sweep GC freed 3(96B) AllocSpace objects, 0(0B) LOS objects, 23% free, 51MB/67MB, paused 1.605ms total 46.411ms
08-05 19:30:14.057 10454 10454 D AndroidRuntime: >>>>>> START com.android.internal.os.RuntimeInit uid 2000 <<<<<<
08-05 19:30:14.063 10454 10454 D AndroidRuntime: CheckJNI is OFF
08-05 19:30:14.108 10454 10454 D ICU     : No timezone override file found: /data/misc/zoneinfo/current/icu/icu_tzdata.dat
08-05 19:30:14.147  7325  7337 I art     : Starting a blocking GC Explicit
08-05 19:30:14.150 10454 10454 I Radio-JNI: register_android_hardware_Radio DONE
08-05 19:30:14.181 10454 10454 D AndroidRuntime: Calling main entry com.android.commands.input.Input
08-05 19:30:14.182 10454 10454 I Input   : injectKeyEvent: KeyEvent { action=ACTION_DOWN, keyCode=KEYCODE_BACK, scanCode=0, metaState=0, flags=0x0, repeatCount=0, eventTime=819030595, downTime=819030595, deviceId=-1, source=0x101 }
08-05 19:30:14.189 10454 10454 I Input   : injectKeyEvent: KeyEvent { action=ACTION_UP, keyCode=KEYCODE_BACK, scanCode=0, metaState=0, flags=0x0, repeatCount=0, eventTime=819030595, downTime=819030595, deviceId=-1, source=0x101 }
08-05 19:30:14.194  7325  7337 I art     : Explicit concurrent mark sweep GC freed 1419(85KB) AllocSpace objects, 1(20KB) LOS objects, 23% free, 51MB/67MB, paused 1.749ms total 46.903ms
08-05 19:30:14.198 10454 10454 D AndroidRuntime: Shutting down VM
08-05 19:30:14.203  7325  7325 V PlaybackController: initServiceNotRunning()
08-05 19:30:14.203  7325  7325 D ExternalPlayerFragment: Loading media info
08-05 19:30:14.207  7325  8251 D ApOkHttpUrlLoader: buildLoadData() called with: model = [http://sixgun.org/files/linuxoutlaws.jpg], width = [224], height = [224]
08-05 19:30:14.208  7325  8073 D DBReader: getImageAuthentication() called with: imageUrl = [http://sixgun.org/files/linuxoutlaws.jpg]
08-05 19:30:14.208  7325  7337 I art     : Starting a blocking GC Explicit
08-05 19:30:14.209  7325  7325 D UserPreferences: Using default data folder
08-05 19:30:14.211  7325  7872 D DBReader: getNavDrawerData() called with: 
08-05 19:30:14.217  7325  8073 D ApOkHttpUrlLoader: no credentials for 'http://sixgun.org/files/linuxoutlaws.jpg'
08-05 19:30:14.229  7325  7872 D DBReader: getDownloadedItems() called
08-05 19:30:14.230  7325  7872 D DBReader: getFavoriteIDList() called
08-05 19:30:14.231  7325  7872 D DBReader: getQueueIDList() called
08-05 19:30:14.231  7325  7872 D DBReader: Extracting Feedlist
08-05 19:30:14.239 13866 13866 I GoogleInputMethodServic: GoogleInputMethodService.onFinishInput():3138 
08-05 19:30:14.240 13866 13866 I GoogleInputMethodServic: GoogleInputMethodService.onStartInput():1808 
08-05 19:30:14.251  7325  7337 I art     : Explicit concurrent mark sweep GC freed 950(66KB) AllocSpace objects, 0(0B) LOS objects, 23% free, 51MB/67MB, paused 1.812ms total 42.425ms
08-05 19:30:14.255  7325  7325 D MainActivity: getLastNavFragment() -> AddFeedFragment
08-05 19:30:14.263  7325  7337 I art     : Starting a blocking GC Explicit
08-05 19:30:14.304  7325  8073 D DBWriter: updateFeedDownloadURL(original: http://sixgun.org/files/linuxoutlaws.jpg, updated: https://fab.industries/sixgun/files/linuxoutlaws.jpg)
08-05 19:30:14.304  7325  7337 I art     : Explicit concurrent mark sweep GC freed 883(41KB) AllocSpace objects, 0(0B) LOS objects, 23% free, 51MB/67MB, paused 1.592ms total 41.096ms
08-05 19:30:14.317  7325  7337 I art     : Starting a blocking GC Explicit
08-05 19:30:14.357  7325  7337 I art     : Explicit concurrent mark sweep GC freed 378(22KB) AllocSpace objects, 0(0B) LOS objects, 23% free, 51MB/67MB, paused 1.482ms total 39.614ms
08-05 19:30:14.370  7325  7337 I art     : Starting a blocking GC Explicit
08-05 19:30:14.420 13866 13882 I PeriodicStatsRunner: PeriodicStatsRunner.call():175 call()
08-05 19:30:14.420 13866 13882 I PeriodicStatsRunner: PeriodicStatsRunner.call():179 No submit PeriodicStats since input started.
08-05 19:30:14.423  7325  7337 I art     : Explicit concurrent mark sweep GC freed 9(352B) AllocSpace objects, 0(0B) LOS objects, 23% free, 51MB/67MB, paused 2.345ms total 52.537ms
08-05 19:30:14.451  7325  8073 D MYTAG   : interceptor 2a
08-05 19:30:14.451  7325  8073 I NAPPA_EXPERIMENTATION: MetricNetworkRequestExecutionTime: REQUEST_DURATION_SYSTEM='234',REQUEST_DURATION_OKHTTP='145',REQUEST_SYNCHRONOUS='TRUE',RESPONSE_CODE='404',RESPONSE_METHOD='GET',RESPONSE_LENGTH_OKHTTP='-1',RESPONSE_LENGTH_HEADER='1503',REQUEST_PROTOCOL='h2',REQUEST_URL='https://fab.industries/sixgun/files/linuxoutlaws.jpg',
08-05 19:30:14.453  7325  7325 W Glide   : Load failed for http://sixgun.org/files/linuxoutlaws.jpg with size [224x224]
08-05 19:30:14.453  7325  7325 W Glide   : class com.bumptech.glide.load.engine.GlideException: Failed to load resource
08-05 19:30:14.453  7325  7325 W Glide   : There was 1 cause:
08-05 19:30:14.453  7325  7325 W Glide   : com.bumptech.glide.load.HttpException()
08-05 19:30:14.453  7325  7325 W Glide   :  call GlideException#logRootCauses(String) for more detail
08-05 19:30:14.453  7325  7325 W Glide   :   Cause (1 of 1): class com.bumptech.glide.load.engine.GlideException: Fetching data failed, class java.io.InputStream, REMOTE
08-05 19:30:14.453  7325  7325 W Glide   : There was 1 cause:
08-05 19:30:14.453  7325  7325 W Glide   : com.bumptech.glide.load.HttpException()
08-05 19:30:14.453  7325  7325 W Glide   :  call GlideException#logRootCauses(String) for more detail
08-05 19:30:14.453  7325  7325 W Glide   :     Cause (1 of 1): class com.bumptech.glide.load.HttpException: 
08-05 19:30:14.454  7325  7325 I Glide   : Root cause (1 of 1)
08-05 19:30:14.454  7325  7325 I Glide   : com.bumptech.glide.load.HttpException: 
08-05 19:30:14.454  7325  7325 I Glide   : 	at com.bumptech.glide.integration.okhttp3.OkHttpStreamFetcher.onResponse(OkHttpStreamFetcher.java:73)
08-05 19:30:14.454  7325  7325 I Glide   : 	at okhttp3.RealCall$AsyncCall.execute(RealCall.java:174)
08-05 19:30:14.454  7325  7325 I Glide   : 	at okhttp3.internal.NamedRunnable.run(NamedRunnable.java:32)
08-05 19:30:14.454  7325  7325 I Glide   : 	at java.util.concurrent.ThreadPoolExecutor.runWorker(ThreadPoolExecutor.java:1113)
08-05 19:30:14.454  7325  7325 I Glide   : 	at java.util.concurrent.ThreadPoolExecutor$Worker.run(ThreadPoolExecutor.java:588)
08-05 19:30:14.454  7325  7325 I Glide   : 	at java.lang.Thread.run(Thread.java:818)
08-05 19:30:14.454  7325  7325 W Glide   : Load failed for http://sixgun.org/files/linuxoutlaws.jpg with size [224x224]
08-05 19:30:14.454  7325  7325 W Glide   : class com.bumptech.glide.load.engine.GlideException: Failed to load resource
08-05 19:30:14.454  7325  7325 W Glide   : There was 1 cause:
08-05 19:30:14.454  7325  7325 W Glide   : com.bumptech.glide.load.HttpException()
08-05 19:30:14.454  7325  7325 W Glide   :  call GlideException#logRootCauses(String) for more detail
08-05 19:30:14.454  7325  7325 W Glide   :   Cause (1 of 1): class com.bumptech.glide.load.engine.GlideException: Fetching data failed, class java.io.InputStream, REMOTE
08-05 19:30:14.454  7325  7325 W Glide   : There was 1 cause:
08-05 19:30:14.454  7325  7325 W Glide   : com.bumptech.glide.load.HttpException()
08-05 19:30:14.454  7325  7325 W Glide   :  call GlideException#logRootCauses(String) for more detail
08-05 19:30:14.454  7325  7325 W Glide   :     Cause (1 of 1): class com.bumptech.glide.load.HttpException: 
08-05 19:30:14.454  7325  7325 I Glide   : Root cause (1 of 1)
08-05 19:30:14.454  7325  7325 I Glide   : com.bumptech.glide.load.HttpException: 
08-05 19:30:14.454  7325  7325 I Glide   : 	at com.bumptech.glide.integration.okhttp3.OkHttpStreamFetcher.onResponse(OkHttpStreamFetcher.java:73)
08-05 19:30:14.454  7325  7325 I Glide   : 	at okhttp3.RealCall$AsyncCall.execute(RealCall.java:174)
08-05 19:30:14.454  7325  7325 I Glide   : 	at okhttp3.internal.NamedRunnable.run(NamedRunnable.java:32)
08-05 19:30:14.454  7325  7325 I Glide   : 	at java.util.concurrent.ThreadPoolExecutor.runWorker(ThreadPoolExecutor.java:1113)
08-05 19:30:14.454  7325  7325 I Glide   : 	at java.util.concurrent.ThreadPoolExecutor$Worker.run(ThreadPoolExecutor.java:588)
08-05 19:30:14.454  7325  7325 I Glide   : 	at java.lang.Thread.run(Thread.java:818)
08-05 19:30:14.545   380   380 W SurfaceFlinger: couldn't log to binary event log: overflow.
08-05 19:30:14.758  7325  8464 I art     : Starting a blocking GC Explicit
08-05 19:30:14.813  7260  7260 I ServiceManager: Waiting for service AtCmdFwd...
08-05 19:30:14.814  7325  8464 I art     : Explicit concurrent mark sweep GC freed 2572(184KB) AllocSpace objects, 1(20KB) LOS objects, 23% free, 51MB/67MB, paused 1.614ms total 55.457ms
08-05 19:30:14.830  7325  8464 I art     : Starting a blocking GC Explicit
08-05 19:30:14.874  7325  8464 I art     : Explicit concurrent mark sweep GC freed 2896(237KB) AllocSpace objects, 1(28KB) LOS objects, 23% free, 50MB/66MB, paused 1.572ms total 43.955ms
08-05 19:30:14.887  7325  8464 I art     : Starting a blocking GC Explicit
08-05 19:30:14.931  7325  8464 I art     : Explicit concurrent mark sweep GC freed 3(96B) AllocSpace objects, 0(0B) LOS objects, 23% free, 50MB/66MB, paused 1.591ms total 43.547ms
08-05 19:30:14.944  7325  8464 I art     : Starting a blocking GC Explicit
08-05 19:30:14.988  7325  8464 I art     : Explicit concurrent mark sweep GC freed 3(96B) AllocSpace objects, 0(0B) LOS objects, 23% free, 50MB/66MB, paused 1.732ms total 43.407ms
08-05 19:30:15.001  7325  8464 I art     : Starting a blocking GC Explicit
08-05 19:30:15.045  7325  8464 I art     : Explicit concurrent mark sweep GC freed 3(96B) AllocSpace objects, 0(0B) LOS objects, 23% free, 50MB/66MB, paused 1.535ms total 43.628ms
08-05 19:30:15.415  7325  7336 I art     : Starting a blocking GC Explicit
08-05 19:30:15.465  7325  7336 I art     : Explicit concurrent mark sweep GC freed 1412(82KB) AllocSpace objects, 1(20KB) LOS objects, 23% free, 50MB/66MB, paused 1.677ms total 49.683ms
08-05 19:30:15.478  7325  7336 I art     : Starting a blocking GC Explicit
08-05 19:30:15.520  7325  7336 I art     : Explicit concurrent mark sweep GC freed 23(752B) AllocSpace objects, 0(0B) LOS objects, 23% free, 50MB/66MB, paused 1.606ms total 41.700ms
08-05 19:30:15.533  7325  7336 I art     : Starting a blocking GC Explicit
08-05 19:30:15.574  7325  7336 I art     : Explicit concurrent mark sweep GC freed 3(96B) AllocSpace objects, 0(0B) LOS objects, 23% free, 50MB/66MB, paused 1.601ms total 41.121ms
08-05 19:30:15.587  7325  7336 I art     : Starting a blocking GC Explicit
08-05 19:30:15.629  7325  7336 I art     : Explicit concurrent mark sweep GC freed 3(96B) AllocSpace objects, 0(0B) LOS objects, 23% free, 50MB/66MB, paused 1.631ms total 41.779ms
08-05 19:30:15.642  7325  7336 I art     : Starting a blocking GC Explicit
08-05 19:30:15.685  7325  7336 I art     : Explicit concurrent mark sweep GC freed 3(96B) AllocSpace objects, 0(0B) LOS objects, 23% free, 50MB/66MB, paused 1.560ms total 42.109ms
08-05 19:30:15.685  7325  7335 I art     : WaitForGcToComplete blocked for 8.718ms for cause HeapTrim
08-05 19:30:15.814  7260  7260 I ServiceManager: Waiting for service AtCmdFwd...
08-05 19:30:15.978 10497 10497 D AndroidRuntime: >>>>>> START com.android.internal.os.RuntimeInit uid 2000 <<<<<<
08-05 19:30:15.983 10497 10497 D AndroidRuntime: CheckJNI is OFF
08-05 19:30:16.027 10497 10497 D ICU     : No timezone override file found: /data/misc/zoneinfo/current/icu/icu_tzdata.dat
08-05 19:30:16.041  7325  9065 I art     : Starting a blocking GC Explicit
08-05 19:30:16.071 10497 10497 I Radio-JNI: register_android_hardware_Radio DONE
08-05 19:30:16.085  7325  9065 I art     : Explicit concurrent mark sweep GC freed 1468(83KB) AllocSpace objects, 1(20KB) LOS objects, 23% free, 50MB/66MB, paused 1.604ms total 44.282ms
08-05 19:30:16.098  7325  9065 I art     : Starting a blocking GC Explicit
08-05 19:30:16.101 10497 10497 D AndroidRuntime: Calling main entry com.android.commands.input.Input
08-05 19:30:16.104 10497 10497 I Input   : injectKeyEvent: KeyEvent { action=ACTION_DOWN, keyCode=KEYCODE_BACK, scanCode=0, metaState=0, flags=0x0, repeatCount=0, eventTime=819032517, downTime=819032517, deviceId=-1, source=0x101 }
08-05 19:30:16.110 10497 10497 I Input   : injectKeyEvent: KeyEvent { action=ACTION_UP, keyCode=KEYCODE_BACK, scanCode=0, metaState=0, flags=0x0, repeatCount=0, eventTime=819032517, downTime=819032517, deviceId=-1, source=0x101 }
08-05 19:30:16.132 10497 10497 D AndroidRuntime: Shutting down VM
08-05 19:30:16.141  7325  9065 I art     : Explicit concurrent mark sweep GC freed 1805(75KB) AllocSpace objects, 0(0B) LOS objects, 23% free, 50MB/66MB, paused 2.024ms total 42.115ms
08-05 19:30:16.153  7325  9065 I art     : Starting a blocking GC Explicit
08-05 19:30:16.194  7325  9065 I art     : Explicit concurrent mark sweep GC freed 370(14KB) AllocSpace objects, 0(0B) LOS objects, 23% free, 50MB/66MB, paused 1.403ms total 40.110ms
08-05 19:30:16.207  7325  9065 I art     : Starting a blocking GC Explicit
08-05 19:30:16.249  7325  9065 I art     : Explicit concurrent mark sweep GC freed 5333(393KB) AllocSpace objects, 9(1620KB) LOS objects, 24% free, 48MB/64MB, paused 1.639ms total 41.975ms
08-05 19:30:16.262  7325  9065 I art     : Starting a blocking GC Explicit
08-05 19:30:16.304  7325  9065 I art     : Explicit concurrent mark sweep GC freed 23(896B) AllocSpace objects, 0(0B) LOS objects, 24% free, 48MB/64MB, paused 1.579ms total 41.645ms
08-05 19:30:16.649  7325  7337 I art     : Starting a blocking GC Explicit
08-05 19:30:16.701  7325  7337 I art     : Explicit concurrent mark sweep GC freed 1382(82KB) AllocSpace objects, 1(20KB) LOS objects, 24% free, 48MB/64MB, paused 1.746ms total 51.151ms
08-05 19:30:16.717  7325  7337 I art     : Starting a blocking GC Explicit
08-05 19:30:16.763  7325  7337 I art     : Explicit concurrent mark sweep GC freed 23(752B) AllocSpace objects, 0(0B) LOS objects, 24% free, 48MB/64MB, paused 1.548ms total 45.713ms
08-05 19:30:16.776  7325  7337 I art     : Starting a blocking GC Explicit
08-05 19:30:16.815  7260  7260 I ServiceManager: Waiting for service AtCmdFwd...
08-05 19:30:16.818  7325  7337 I art     : Explicit concurrent mark sweep GC freed 3(96B) AllocSpace objects, 0(0B) LOS objects, 24% free, 48MB/64MB, paused 1.682ms total 42.249ms
08-05 19:30:16.831  7325  7337 I art     : Starting a blocking GC Explicit
08-05 19:30:16.874  7325  7337 I art     : Explicit concurrent mark sweep GC freed 3(96B) AllocSpace objects, 0(0B) LOS objects, 24% free, 48MB/64MB, paused 1.559ms total 42.185ms
08-05 19:30:16.887  7325  7337 I art     : Starting a blocking GC Explicit
08-05 19:30:16.930  7325  7337 I art     : Explicit concurrent mark sweep GC freed 3(96B) AllocSpace objects, 0(0B) LOS objects, 24% free, 48MB/64MB, paused 1.638ms total 42.562ms
08-05 19:30:17.301  7325  8464 I art     : Starting a blocking GC Explicit
08-05 19:30:17.352  7325  8464 I art     : Explicit concurrent mark sweep GC freed 1410(82KB) AllocSpace objects, 1(20KB) LOS objects, 24% free, 48MB/64MB, paused 1.841ms total 50.836ms
08-05 19:30:17.365  7325  8464 I art     : Starting a blocking GC Explicit
08-05 19:30:17.405  7325  8464 I art     : Explicit concurrent mark sweep GC freed 23(752B) AllocSpace objects, 0(0B) LOS objects, 24% free, 48MB/64MB, paused 1.600ms total 39.949ms
08-05 19:30:17.417  7325  8464 I art     : Starting a blocking GC Explicit
08-05 19:30:17.456  7325  8464 I art     : Explicit concurrent mark sweep GC freed 3(96B) AllocSpace objects, 0(0B) LOS objects, 24% free, 48MB/64MB, paused 1.562ms total 38.824ms
08-05 19:30:17.469  7325  8464 I art     : Starting a blocking GC Explicit
08-05 19:30:17.509  7325  8464 I art     : Explicit concurrent mark sweep GC freed 3(96B) AllocSpace objects, 0(0B) LOS objects, 24% free, 48MB/64MB, paused 1.765ms total 39.469ms
08-05 19:30:17.521  7325  8464 I art     : Starting a blocking GC Explicit
08-05 19:30:17.561  7325  8464 I art     : Explicit concurrent mark sweep GC freed 3(96B) AllocSpace objects, 0(0B) LOS objects, 24% free, 48MB/64MB, paused 1.535ms total 40.296ms
08-05 19:30:17.815  7260  7260 I ServiceManager: Waiting for service AtCmdFwd...
08-05 19:30:17.898 10541 10541 D AndroidRuntime: >>>>>> START com.android.internal.os.RuntimeInit uid 2000 <<<<<<
08-05 19:30:17.903 10541 10541 D AndroidRuntime: CheckJNI is OFF
08-05 19:30:17.912  7325  7336 I art     : Starting a blocking GC Explicit
08-05 19:30:17.949 10541 10541 D ICU     : No timezone override file found: /data/misc/zoneinfo/current/icu/icu_tzdata.dat
08-05 19:30:17.954  7325  7336 I art     : Explicit concurrent mark sweep GC freed 1407(83KB) AllocSpace objects, 1(20KB) LOS objects, 24% free, 48MB/64MB, paused 1.648ms total 41.503ms
08-05 19:30:17.967  7325  7336 I art     : Starting a blocking GC Explicit
08-05 19:30:17.993 10541 10541 I Radio-JNI: register_android_hardware_Radio DONE
08-05 19:30:18.006  7325  7336 I art     : Explicit concurrent mark sweep GC freed 26(848B) AllocSpace objects, 0(0B) LOS objects, 24% free, 48MB/64MB, paused 1.502ms total 38.281ms
08-05 19:30:18.018  7325  7336 I art     : Starting a blocking GC Explicit
08-05 19:30:18.022 10541 10541 D AndroidRuntime: Calling main entry com.android.commands.input.Input
08-05 19:30:18.024 10541 10541 I Input   : injectMotionEvent: MotionEvent { action=ACTION_DOWN, actionButton=0, id[0]=0, x[0]=603.0, y[0]=1061.0, toolType[0]=TOOL_TYPE_UNKNOWN, buttonState=0, metaState=0, flags=0x0, edgeFlags=0x0, pointerCount=1, historySize=0, eventTime=819034436, downTime=819034436, deviceId=0, source=0x1002 }
08-05 19:30:18.029 10541 10541 I Input   : injectMotionEvent: MotionEvent { action=ACTION_UP, actionButton=0, id[0]=0, x[0]=603.0, y[0]=1061.0, toolType[0]=TOOL_TYPE_UNKNOWN, buttonState=0, metaState=0, flags=0x0, edgeFlags=0x0, pointerCount=1, historySize=0, eventTime=819034436, downTime=819034436, deviceId=0, source=0x1002 }
08-05 19:30:18.031 10541 10541 D AndroidRuntime: Shutting down VM
08-05 19:30:18.038   512  2967 D audio_hw_primary: out_set_parameters: enter: usecase(1: low-latency-playback) kvpairs: routing=2
08-05 19:30:18.051   512  2967 D audio_hw_primary: select_devices: out_snd_device(2: speaker) in_snd_device(0: none)
08-05 19:30:18.051   512  2967 D msm8974_platform: platform_send_audio_calibration: sending audio calibration for snd_device(2) acdb_id(15)
08-05 19:30:18.051   512  2967 I soundtrigger: audio_extn_sound_trigger_update_device_status: device 0x2 of type 0 for Event 1
08-05 19:30:18.059  7325  7336 I art     : Explicit concurrent mark sweep GC freed 876(35KB) AllocSpace objects, 0(0B) LOS objects, 24% free, 49MB/65MB, paused 2.430ms total 40.185ms
08-05 19:30:18.061   512  2967 D audio_hw_primary: enable_snd_device: snd_device(2: speaker)
08-05 19:30:18.063   512  2967 D audio_hw_primary: enable_audio_route: apply and update mixer path: low-latency-playback speaker
08-05 19:30:18.070  7325  7336 I art     : Starting a blocking GC Explicit
08-05 19:30:18.112  7325  7336 I art     : Explicit concurrent mark sweep GC freed 2274(93KB) AllocSpace objects, 0(0B) LOS objects, 24% free, 49MB/65MB, paused 1.686ms total 41.624ms
08-05 19:30:18.124  7325  7336 I art     : Starting a blocking GC Explicit
08-05 19:30:18.164  7325  7336 I art     : Explicit concurrent mark sweep GC freed 1622(81KB) AllocSpace objects, 1(220KB) LOS objects, 24% free, 49MB/65MB, paused 1.729ms total 39.252ms
08-05 19:30:18.229  7325  9652 I NAPPA_EXPERIMENTATION: MetricNetworkRequestExecutionTime: REQUEST_DURATION_SYSTEM='166',REQUEST_DURATION_OKHTTP='165',REQUEST_SYNCHRONOUS='TRUE',RESPONSE_CODE='200',RESPONSE_METHOD='GET',RESPONSE_LENGTH_OKHTTP='2923',RESPONSE_LENGTH_HEADER='2923',REQUEST_PROTOCOL='http/1.1',REQUEST_URL='https://gpodder.net/api/2/tags/50.json',
08-05 19:30:18.240  7325 10564 I NAPPA_EXPERIMENTATION: MetricNetworkRequestExecutionTime: REQUEST_DURATION_SYSTEM='180',REQUEST_DURATION_OKHTTP='178',REQUEST_SYNCHRONOUS='TRUE',RESPONSE_CODE='200',RESPONSE_METHOD='GET',RESPONSE_LENGTH_OKHTTP='37507',RESPONSE_LENGTH_HEADER='37507',REQUEST_PROTOCOL='http/1.1',REQUEST_URL='https://gpodder.net/toplist/50.json',
08-05 19:30:18.303  7325  8251 D ApOkHttpUrlLoader: buildLoadData() called with: model = [http://sixgun.org/files/linuxoutlaws.jpg], width = [224], height = [224]
08-05 19:30:18.305  7325  8073 D DBReader: getImageAuthentication() called with: imageUrl = [http://sixgun.org/files/linuxoutlaws.jpg]
08-05 19:30:18.309  7325  8073 D ApOkHttpUrlLoader: no credentials for 'http://sixgun.org/files/linuxoutlaws.jpg'
08-05 19:30:18.311  7325  8251 D ApOkHttpUrlLoader: buildLoadData() called with: model = [https://files.thisamericanlife.org/sites/all/themes/thislife/img/tal-name-1400x1400.png], width = [224], height = [224]
08-05 19:30:18.316  7325  8251 D ApOkHttpUrlLoader: buildLoadData() called with: model = [https://elroy.twit.tv/sites/default/files/styles/twit_album_art_2048x2048/public/images/shows/floss_weekly/album_art/audio/floss_albumart_mask.jpg?itok=IUjxKpwt], width = [224], height = [224]
08-05 19:30:18.324  7325  8251 D ApOkHttpUrlLoader: buildLoadData() called with: model = [http://ichef.bbci.co.uk/images/ic/3000x3000/p07kfvzb.jpg], width = [224], height = [224]
08-05 19:30:18.329  7325  8251 D ApOkHttpUrlLoader: buildLoadData() called with: model = [https://pl.tedcdn.com/rss_feed_images/ted_talks_main_podcast/video.png], width = [224], height = [224]
08-05 19:30:18.333  7325  8251 D ApOkHttpUrlLoader: buildLoadData() called with: model = [https://elroy.twit.tv/sites/default/files/styles/twit_album_art_2048x2048/public/images/shows/this_week_in_tech/album_art/audio/twit1400audio.jpg?itok=J0vhatZb], width = [224], height = [224]
08-05 19:30:18.338  7325  8251 D ApOkHttpUrlLoader: buildLoadData() called with: model = [http://ichef.bbci.co.uk/images/ic/3000x3000/p03gtk3j.jpg], width = [224], height = [224]
08-05 19:30:18.347  7325  8073 D DBWriter: updateFeedDownloadURL(original: http://sixgun.org/files/linuxoutlaws.jpg, updated: https://fab.industries/sixgun/files/linuxoutlaws.jpg)
08-05 19:30:18.493  7325  8464 I art     : Starting a blocking GC Explicit
08-05 19:30:18.498  7325  8073 D MYTAG   : interceptor 2a
08-05 19:30:18.501  7325  8073 I NAPPA_EXPERIMENTATION: MetricNetworkRequestExecutionTime: REQUEST_DURATION_SYSTEM='189',REQUEST_DURATION_OKHTTP='149',REQUEST_SYNCHRONOUS='TRUE',RESPONSE_CODE='404',RESPONSE_METHOD='GET',RESPONSE_LENGTH_OKHTTP='-1',RESPONSE_LENGTH_HEADER='1503',REQUEST_PROTOCOL='h2',REQUEST_URL='https://fab.industries/sixgun/files/linuxoutlaws.jpg',
08-05 19:30:18.504  7325  7325 W Glide   : Load failed for http://sixgun.org/files/linuxoutlaws.jpg with size [224x224]
08-05 19:30:18.504  7325  7325 W Glide   : class com.bumptech.glide.load.engine.GlideException: Failed to load resource
08-05 19:30:18.504  7325  7325 W Glide   : There was 1 cause:
08-05 19:30:18.504  7325  7325 W Glide   : com.bumptech.glide.load.HttpException()
08-05 19:30:18.504  7325  7325 W Glide   :  call GlideException#logRootCauses(String) for more detail
08-05 19:30:18.504  7325  7325 W Glide   :   Cause (1 of 1): class com.bumptech.glide.load.engine.GlideException: Fetching data failed, class java.io.InputStream, REMOTE
08-05 19:30:18.504  7325  7325 W Glide   : There was 1 cause:
08-05 19:30:18.504  7325  7325 W Glide   : com.bumptech.glide.load.HttpException()
08-05 19:30:18.504  7325  7325 W Glide   :  call GlideException#logRootCauses(String) for more detail
08-05 19:30:18.504  7325  7325 W Glide   :     Cause (1 of 1): class com.bumptech.glide.load.HttpException: 
08-05 19:30:18.504  7325  7325 I Glide   : Root cause (1 of 1)
08-05 19:30:18.504  7325  7325 I Glide   : com.bumptech.glide.load.HttpException: 
08-05 19:30:18.504  7325  7325 I Glide   : 	at com.bumptech.glide.integration.okhttp3.OkHttpStreamFetcher.onResponse(OkHttpStreamFetcher.java:73)
08-05 19:30:18.504  7325  7325 I Glide   : 	at okhttp3.RealCall$AsyncCall.execute(RealCall.java:174)
08-05 19:30:18.504  7325  7325 I Glide   : 	at okhttp3.internal.NamedRunnable.run(NamedRunnable.java:32)
08-05 19:30:18.504  7325  7325 I Glide   : 	at java.util.concurrent.ThreadPoolExecutor.runWorker(ThreadPoolExecutor.java:1113)
08-05 19:30:18.504  7325  7325 I Glide   : 	at java.util.concurrent.ThreadPoolExecutor$Worker.run(ThreadPoolExecutor.java:588)
08-05 19:30:18.504  7325  7325 I Glide   : 	at java.lang.Thread.run(Thread.java:818)
08-05 19:30:18.507  7325  7325 W Glide   : Load failed for http://sixgun.org/files/linuxoutlaws.jpg with size [224x224]
08-05 19:30:18.507  7325  7325 W Glide   : class com.bumptech.glide.load.engine.GlideException: Failed to load resource
08-05 19:30:18.507  7325  7325 W Glide   : There was 1 cause:
08-05 19:30:18.507  7325  7325 W Glide   : com.bumptech.glide.load.HttpException()
08-05 19:30:18.507  7325  7325 W Glide   :  call GlideException#logRootCauses(String) for more detail
08-05 19:30:18.507  7325  7325 W Glide   :   Cause (1 of 1): class com.bumptech.glide.load.engine.GlideException: Fetching data failed, class java.io.InputStream, REMOTE
08-05 19:30:18.507  7325  7325 W Glide   : There was 1 cause:
08-05 19:30:18.507  7325  7325 W Glide   : com.bumptech.glide.load.HttpException()
08-05 19:30:18.507  7325  7325 W Glide   :  call GlideException#logRootCauses(String) for more detail
08-05 19:30:18.507  7325  7325 W Glide   :     Cause (1 of 1): class com.bumptech.glide.load.HttpException: 
08-05 19:30:18.507  7325  7325 I Glide   : Root cause (1 of 1)
08-05 19:30:18.507  7325  7325 I Glide   : com.bumptech.glide.load.HttpException: 
08-05 19:30:18.507  7325  7325 I Glide   : 	at com.bumptech.glide.integration.okhttp3.OkHttpStreamFetcher.onResponse(OkHttpStreamFetcher.java:73)
08-05 19:30:18.507  7325  7325 I Glide   : 	at okhttp3.RealCall$AsyncCall.execute(RealCall.java:174)
08-05 19:30:18.507  7325  7325 I Glide   : 	at okhttp3.internal.NamedRunnable.run(NamedRunnable.java:32)
08-05 19:30:18.507  7325  7325 I Glide   : 	at java.util.concurrent.ThreadPoolExecutor.runWorker(ThreadPoolExecutor.java:1113)
08-05 19:30:18.507  7325  7325 I Glide   : 	at java.util.concurrent.ThreadPoolExecutor$Worker.run(ThreadPoolExecutor.java:588)
08-05 19:30:18.507  7325  7325 I Glide   : 	at java.lang.Thread.run(Thread.java:818)
08-05 19:30:18.543  7325  8464 I art     : Explicit concurrent mark sweep GC freed 8204(580KB) AllocSpace objects, 4(212KB) LOS objects, 23% free, 50MB/66MB, paused 1.484ms total 48.930ms
08-05 19:30:18.554  7325  8464 I art     : Starting a blocking GC Explicit
08-05 19:30:18.591  7325  8464 I art     : Explicit concurrent mark sweep GC freed 403(16KB) AllocSpace objects, 0(0B) LOS objects, 23% free, 50MB/66MB, paused 1.423ms total 36.538ms
08-05 19:30:18.599   512  2967 D audio_hw_primary: disable_audio_route: reset and update mixer path: low-latency-playback speaker
08-05 19:30:18.600   512  2967 D audio_hw_primary: disable_snd_device: snd_device(2: speaker)
08-05 19:30:18.603  7325  8464 I art     : Starting a blocking GC Explicit
08-05 19:30:18.608   512  2967 I soundtrigger: audio_extn_sound_trigger_update_device_status: device 0x2 of type 0 for Event 0
08-05 19:30:18.639  7325  8464 I art     : Explicit concurrent mark sweep GC freed 6(192B) AllocSpace objects, 0(0B) LOS objects, 23% free, 50MB/66MB, paused 1.411ms total 36.187ms
08-05 19:30:18.651  7325  8464 I art     : Starting a blocking GC Explicit
08-05 19:30:18.688  7325  8464 I art     : Explicit concurrent mark sweep GC freed 3(96B) AllocSpace objects, 0(0B) LOS objects, 23% free, 50MB/66MB, paused 1.501ms total 36.630ms
08-05 19:30:18.700  7325  8464 I art     : Starting a blocking GC Explicit
08-05 19:30:18.738  7325  8464 I art     : Explicit concurrent mark sweep GC freed 3(96B) AllocSpace objects, 0(0B) LOS objects, 23% free, 50MB/66MB, paused 1.520ms total 37.637ms
08-05 19:30:18.816  7260  7260 I ServiceManager: Waiting for service AtCmdFwd...
08-05 19:30:19.049   518   646 I ThermalEngine: ACTION: GPU - Setting GPU[0] to 390000000
08-05 19:30:19.102  7325  9065 I art     : Starting a blocking GC Explicit
08-05 19:30:19.165  7325  9065 I art     : Explicit concurrent mark sweep GC freed 1410(81KB) AllocSpace objects, 1(20KB) LOS objects, 23% free, 50MB/66MB, paused 2.794ms total 61.441ms
08-05 19:30:19.188  7325  9065 I art     : Starting a blocking GC Explicit
08-05 19:30:19.240 13866 13882 I PeriodicStatsRunner: PeriodicStatsRunner.call():175 call()
08-05 19:30:19.240 13866 13882 I PeriodicStatsRunner: PeriodicStatsRunner.call():179 No submit PeriodicStats since input started.
08-05 19:30:19.244  7325  9065 I art     : Explicit concurrent mark sweep GC freed 40(1344B) AllocSpace objects, 0(0B) LOS objects, 23% free, 50MB/66MB, paused 2.616ms total 55.644ms
08-05 19:30:19.264  7325  9065 I art     : Starting a blocking GC Explicit
08-05 19:30:19.320  7325  9065 I art     : Explicit concurrent mark sweep GC freed 3(96B) AllocSpace objects, 0(0B) LOS objects, 23% free, 50MB/66MB, paused 2.337ms total 55.659ms
08-05 19:30:19.340  7325  9065 I art     : Starting a blocking GC Explicit
08-05 19:30:19.397  7325  9065 I art     : Explicit concurrent mark sweep GC freed 3(96B) AllocSpace objects, 0(0B) LOS objects, 23% free, 50MB/66MB, paused 2.252ms total 56.368ms
08-05 19:30:19.421  7325  9065 I art     : Starting a blocking GC Explicit
08-05 19:30:19.480  7325  9065 I art     : Explicit concurrent mark sweep GC freed 3(96B) AllocSpace objects, 0(0B) LOS objects, 23% free, 50MB/66MB, paused 2.837ms total 58.986ms
08-05 19:30:19.540 15866 15897 I Finsky  : [6071] ktr.run(-1): Stats for Executor: BlockingExecutor kvs@43d8fc2[Running, pool size = 0, active threads = 0, queued tasks = 0, completed tasks = 32]
08-05 19:30:19.541 15866 15897 I Finsky  : [6071] ktr.run(-1): Stats for Executor: LightweightExecutor kvs@20f81d3[Running, pool size = 4, active threads = 0, queued tasks = 0, completed tasks = 76]
08-05 19:30:19.816  7260  7260 W Atfwd_Sendcmd: AtCmdFwd service not published, waiting... retryCnt : 4
08-05 19:30:19.913  7325  7434 I art     : Starting a blocking GC Explicit
08-05 19:30:19.980  7325  7434 I art     : Explicit concurrent mark sweep GC freed 1400(81KB) AllocSpace objects, 1(20KB) LOS objects, 23% free, 50MB/66MB, paused 3.155ms total 66.492ms
08-05 19:30:20.000  7325  7434 I art     : Starting a blocking GC Explicit
08-05 19:30:20.056  7325  7434 I art     : Explicit concurrent mark sweep GC freed 86(2656B) AllocSpace objects, 0(0B) LOS objects, 23% free, 50MB/66MB, paused 2.800ms total 56.032ms
08-05 19:30:20.076  7325  7434 I art     : Starting a blocking GC Explicit
08-05 19:30:20.133  7325  7434 I art     : Explicit concurrent mark sweep GC freed 20(640B) AllocSpace objects, 0(0B) LOS objects, 23% free, 50MB/66MB, paused 2.437ms total 55.955ms
08-05 19:30:20.153  7325  7434 I art     : Starting a blocking GC Explicit
08-05 19:30:20.207  7325  7434 I art     : Explicit concurrent mark sweep GC freed 6(192B) AllocSpace objects, 0(0B) LOS objects, 23% free, 50MB/66MB, paused 2.126ms total 53.915ms
08-05 19:30:20.226  7325  7434 I art     : Starting a blocking GC Explicit
08-05 19:30:20.281  7325  7434 I art     : Explicit concurrent mark sweep GC freed 3(96B) AllocSpace objects, 0(0B) LOS objects, 23% free, 50MB/66MB, paused 2.487ms total 55.262ms
08-05 19:30:20.598 15866 15897 I Finsky  : [6071] ktr.run(-1): Stats for Executor: bgExecutor kvs@65ac110[Running, pool size = 4, active threads = 0, queued tasks = 0, completed tasks = 122]
08-05 19:30:20.731  7325  7337 I art     : Starting a blocking GC Explicit
08-05 19:30:20.800  7325  7337 I art     : Explicit concurrent mark sweep GC freed 1381(81KB) AllocSpace objects, 1(20KB) LOS objects, 23% free, 50MB/66MB, paused 2.981ms total 67.928ms
08-05 19:30:20.821  7325  7337 I art     : Starting a blocking GC Explicit
08-05 19:30:20.877  7325  7337 I art     : Explicit concurrent mark sweep GC freed 23(752B) AllocSpace objects, 0(0B) LOS objects, 23% free, 50MB/66MB, paused 2.548ms total 56.054ms
08-05 19:30:20.897  7325  7337 I art     : Starting a blocking GC Explicit
08-05 19:30:20.955  7325  7337 I art     : Explicit concurrent mark sweep GC freed 3(96B) AllocSpace objects, 0(0B) LOS objects, 23% free, 50MB/66MB, paused 2.736ms total 57.482ms
08-05 19:30:20.979  7325  7337 I art     : Starting a blocking GC Explicit
08-05 19:30:21.036  7325  7337 I art     : Explicit concurrent mark sweep GC freed 3(96B) AllocSpace objects, 0(0B) LOS objects, 23% free, 50MB/66MB, paused 2.346ms total 56.491ms
08-05 19:30:21.056  7325  7337 I art     : Starting a blocking GC Explicit
08-05 19:30:21.113  7325  7337 I art     : Explicit concurrent mark sweep GC freed 32(880B) AllocSpace objects, 0(0B) LOS objects, 23% free, 50MB/66MB, paused 2.318ms total 55.883ms
08-05 19:30:21.113  7325  7335 I art     : WaitForGcToComplete blocked for 27.074ms for cause HeapTrim
08-05 19:30:21.538  7325  7336 I art     : Starting a blocking GC Explicit
08-05 19:30:21.607  7325  7336 I art     : Explicit concurrent mark sweep GC freed 1381(81KB) AllocSpace objects, 1(20KB) LOS objects, 23% free, 50MB/66MB, paused 2.636ms total 67.559ms
08-05 19:30:21.630  7325  7336 I art     : Starting a blocking GC Explicit
08-05 19:30:21.691  7325  7336 I art     : Explicit concurrent mark sweep GC freed 23(752B) AllocSpace objects, 0(0B) LOS objects, 23% free, 50MB/66MB, paused 2.857ms total 60.440ms
08-05 19:30:21.715  7325  7336 I art     : Starting a blocking GC Explicit
08-05 19:30:21.772  7325  7336 I art     : Explicit concurrent mark sweep GC freed 3(96B) AllocSpace objects, 0(0B) LOS objects, 23% free, 50MB/66MB, paused 2.580ms total 55.946ms
08-05 19:30:21.792  7325  7336 I art     : Starting a blocking GC Explicit
08-05 19:30:21.849  7325  7336 I art     : Explicit concurrent mark sweep GC freed 3(96B) AllocSpace objects, 0(0B) LOS objects, 23% free, 50MB/66MB, paused 2.773ms total 56.586ms
08-05 19:30:21.870  7325  7336 I art     : Starting a blocking GC Explicit
08-05 19:30:21.926  7325  7336 I art     : Explicit concurrent mark sweep GC freed 3(96B) AllocSpace objects, 0(0B) LOS objects, 23% free, 50MB/66MB, paused 2.283ms total 55.632ms
08-05 19:30:22.364  7325  8464 I art     : Starting a blocking GC Explicit
08-05 19:30:22.433  7325  8464 I art     : Explicit concurrent mark sweep GC freed 1410(81KB) AllocSpace objects, 1(20KB) LOS objects, 23% free, 50MB/66MB, paused 3.382ms total 68.912ms
08-05 19:30:22.457  7325  8464 I art     : Starting a blocking GC Explicit
08-05 19:30:22.516  7325  8464 I art     : Explicit concurrent mark sweep GC freed 23(752B) AllocSpace objects, 0(0B) LOS objects, 23% free, 50MB/66MB, paused 2.655ms total 57.866ms
08-05 19:30:22.540  7325  8464 I art     : Starting a blocking GC Explicit
08-05 19:30:22.598  7325  8464 I art     : Explicit concurrent mark sweep GC freed 3(96B) AllocSpace objects, 0(0B) LOS objects, 23% free, 50MB/66MB, paused 2.647ms total 57.200ms
08-05 19:30:22.618  7325  8464 I art     : Starting a blocking GC Explicit
08-05 19:30:22.675  7325  8464 I art     : Explicit concurrent mark sweep GC freed 3(96B) AllocSpace objects, 0(0B) LOS objects, 23% free, 50MB/66MB, paused 2.628ms total 56.513ms
08-05 19:30:22.695  7325  8464 I art     : Starting a blocking GC Explicit
08-05 19:30:22.752  7325  8464 I art     : Explicit concurrent mark sweep GC freed 3(96B) AllocSpace objects, 0(0B) LOS objects, 23% free, 50MB/66MB, paused 2.378ms total 56.091ms
08-05 19:30:23.054   518   646 I ThermalEngine: ACTION: GPU - Setting GPU[0] to 450000000
08-05 19:30:23.152  7325  9065 I art     : Starting a blocking GC Explicit
08-05 19:30:23.205  7325  9065 I art     : Explicit concurrent mark sweep GC freed 1411(82KB) AllocSpace objects, 1(20KB) LOS objects, 23% free, 50MB/66MB, paused 1.608ms total 52.736ms
08-05 19:30:23.221  7325  9065 I art     : Starting a blocking GC Explicit
08-05 19:30:23.270  7325  9065 I art     : Explicit concurrent mark sweep GC freed 23(752B) AllocSpace objects, 0(0B) LOS objects, 23% free, 50MB/66MB, paused 1.690ms total 48.453ms
08-05 19:30:23.284  7325  9065 I art     : Starting a blocking GC Explicit
08-05 19:30:23.333  7325  9065 I art     : Explicit concurrent mark sweep GC freed 3(96B) AllocSpace objects, 0(0B) LOS objects, 23% free, 50MB/66MB, paused 1.749ms total 49.155ms
08-05 19:30:23.350  7325  9065 I art     : Starting a blocking GC Explicit
08-05 19:30:23.397  7325  9065 I art     : Explicit concurrent mark sweep GC freed 3(96B) AllocSpace objects, 0(0B) LOS objects, 23% free, 50MB/66MB, paused 1.756ms total 47.449ms
08-05 19:30:23.411  7325  9065 I art     : Starting a blocking GC Explicit
08-05 19:30:23.460  7325  9065 I art     : Explicit concurrent mark sweep GC freed 3(96B) AllocSpace objects, 0(0B) LOS objects, 23% free, 50MB/66MB, paused 1.793ms total 48.981ms
08-05 19:30:23.879  7325  7434 I art     : Starting a blocking GC Explicit
08-05 19:30:23.937  7325  7434 I art     : Explicit concurrent mark sweep GC freed 1384(81KB) AllocSpace objects, 1(20KB) LOS objects, 23% free, 50MB/66MB, paused 1.775ms total 58.194ms
08-05 19:30:23.954  7325  7434 I art     : Starting a blocking GC Explicit
08-05 19:30:24.000  7325  7434 I art     : Explicit concurrent mark sweep GC freed 23(752B) AllocSpace objects, 0(0B) LOS objects, 23% free, 50MB/66MB, paused 1.568ms total 45.987ms
08-05 19:30:24.014  7325  7434 I art     : Starting a blocking GC Explicit
08-05 19:30:24.063  7325  7434 I art     : Explicit concurrent mark sweep GC freed 32(880B) AllocSpace objects, 0(0B) LOS objects, 23% free, 50MB/66MB, paused 1.670ms total 48.641ms
08-05 19:30:24.076  7325  7434 I art     : Starting a blocking GC Explicit
08-05 19:30:24.123  7325  7434 I art     : Explicit concurrent mark sweep GC freed 3(96B) AllocSpace objects, 0(0B) LOS objects, 23% free, 50MB/66MB, paused 1.532ms total 46.219ms
08-05 19:30:24.136  7325  7434 I art     : Starting a blocking GC Explicit
08-05 19:30:24.184  7325  7434 I art     : Explicit concurrent mark sweep GC freed 3(96B) AllocSpace objects, 0(0B) LOS objects, 23% free, 50MB/66MB, paused 1.581ms total 47.574ms
08-05 19:30:24.542  7325  7337 I art     : Starting a blocking GC Explicit
08-05 19:30:24.595  7325  7337 I art     : Explicit concurrent mark sweep GC freed 1381(81KB) AllocSpace objects, 1(20KB) LOS objects, 23% free, 50MB/66MB, paused 1.710ms total 52.694ms
08-05 19:30:24.612  7325  7337 I art     : Starting a blocking GC Explicit
08-05 19:30:24.658  7325  7337 I art     : Explicit concurrent mark sweep GC freed 23(752B) AllocSpace objects, 0(0B) LOS objects, 23% free, 50MB/66MB, paused 1.756ms total 45.505ms
08-05 19:30:24.672  7325  7337 I art     : Starting a blocking GC Explicit
08-05 19:30:24.718  7325  7337 I art     : Explicit concurrent mark sweep GC freed 3(96B) AllocSpace objects, 0(0B) LOS objects, 23% free, 50MB/66MB, paused 1.602ms total 45.686ms
08-05 19:30:24.731  7325  7337 I art     : Starting a blocking GC Explicit
08-05 19:30:24.777  7325  7337 I art     : Explicit concurrent mark sweep GC freed 3(96B) AllocSpace objects, 0(0B) LOS objects, 23% free, 50MB/66MB, paused 1.698ms total 45.744ms
08-05 19:30:24.790  7325  7337 I art     : Starting a blocking GC Explicit
08-05 19:30:24.836  7325  7337 I art     : Explicit concurrent mark sweep GC freed 3(96B) AllocSpace objects, 0(0B) LOS objects, 23% free, 50MB/66MB, paused 1.696ms total 45.691ms
08-05 19:30:24.895 10650 10650 D AndroidRuntime: >>>>>> START com.android.internal.os.RuntimeInit uid 2000 <<<<<<
08-05 19:30:24.902 10650 10650 D AndroidRuntime: CheckJNI is OFF
08-05 19:30:24.947 10650 10650 D ICU     : No timezone override file found: /data/misc/zoneinfo/current/icu/icu_tzdata.dat
08-05 19:30:24.995 10650 10650 I Radio-JNI: register_android_hardware_Radio DONE
08-05 19:30:25.024 10650 10650 D AndroidRuntime: Calling main entry com.android.commands.input.Input
08-05 19:30:25.026 10650 10650 I Input   : injectMotionEvent: MotionEvent { action=ACTION_DOWN, actionButton=0, id[0]=0, x[0]=526.0, y[0]=597.0, toolType[0]=TOOL_TYPE_UNKNOWN, buttonState=0, metaState=0, flags=0x0, edgeFlags=0x0, pointerCount=1, historySize=0, eventTime=819041439, downTime=819041439, deviceId=0, source=0x1002 }
08-05 19:30:25.032 10650 10650 I Input   : injectMotionEvent: MotionEvent { action=ACTION_UP, actionButton=0, id[0]=0, x[0]=526.0, y[0]=597.0, toolType[0]=TOOL_TYPE_UNKNOWN, buttonState=0, metaState=0, flags=0x0, edgeFlags=0x0, pointerCount=1, historySize=0, eventTime=819041439, downTime=819041439, deviceId=0, source=0x1002 }
08-05 19:30:25.035 10650 10650 D AndroidRuntime: Shutting down VM
08-05 19:30:25.100  7325  7325 D PodcastListFragment: Selected podcast: GpodnetPodcast [url=http://feeds.feedburner.com/linuxoutlaws, title=Linux Outlaws, description=Two pragmatic geeks talk about the latest news concerning Linux, free and open
08-05 19:30:25.100  7325  7325 D PodcastListFragment: technology or anything else they deem noteworthy which may include such absurd
08-05 19:30:25.100  7325  7325 D PodcastListFragment: things as hockey or bands you never heard of. This means there's many a joke
08-05 19:30:25.100  7325  7325 D PodcastListFragment: and derailed conversation along the way, so don't come here expecting only
08-05 19:30:25.100  7325  7325 D PodcastListFragment: Linux or software freedom talk  just sit back and relax, partner., subscribers=3321, logoUrl=http://sixgun.org/files/linuxoutlaws.jpg, website=http://sixgun.org, mygpoLink=http://gpodder.net/podcast/linux-outlaws-mp3]
08-05 19:30:25.101   918  3714 I ActivityManager: START u0 {cmp=baseline.de.danoeh.antennapod.debug/baseline.de.danoeh.antennapod.activity.OnlineFeedViewActivity (has extras)} from uid 10695 on display 0
08-05 19:30:25.102   512  2967 D audio_hw_primary: out_set_parameters: enter: usecase(1: low-latency-playback) kvpairs: routing=2
08-05 19:30:25.116   512  2967 D audio_hw_primary: select_devices: out_snd_device(2: speaker) in_snd_device(0: none)
08-05 19:30:25.116   512  2967 D msm8974_platform: platform_send_audio_calibration: sending audio calibration for snd_device(2) acdb_id(15)
08-05 19:30:25.116   512  2967 I soundtrigger: audio_extn_sound_trigger_update_device_status: device 0x2 of type 0 for Event 1
08-05 19:30:25.132   512  2967 D audio_hw_primary: enable_snd_device: snd_device(2: speaker)
08-05 19:30:25.136   512  2967 D audio_hw_primary: enable_audio_route: apply and update mixer path: low-latency-playback speaker
08-05 19:30:25.145  7325  7325 D UserPreferences: Using default data folder
08-05 19:30:25.147  7325  7325 D OnlineFeedViewActivity: Activity was started with url http://feeds.feedburner.com/linuxoutlaws
08-05 19:30:25.152  7325  7325 D OnlineFeedViewActivity: Starting feed download
08-05 19:30:25.154  7325  7871 D DBReader: Extracting Feedlist
08-05 19:30:25.157   918  3670 D WifiService: acquireWifiLockLocked: WifiLock{Downloader type=1 binder=android.os.BinderProxy@d0c50d2}
08-05 19:30:25.157  7325  7871 D AntennapodHttpClient: Creating new instance of HTTP client
08-05 19:30:25.202 13866 13866 I GoogleInputMethodServic: GoogleInputMethodService.onFinishInput():3138 
08-05 19:30:25.202 13866 13866 I GoogleInputMethodServic: GoogleInputMethodService.onStartInput():1808 
08-05 19:30:25.204  7325  7336 I art     : Starting a blocking GC Explicit
08-05 19:30:25.228   918   936 I ActivityManager: Displayed baseline.de.danoeh.antennapod.debug/baseline.de.danoeh.antennapod.activity.OnlineFeedViewActivity: +114ms
08-05 19:30:25.251  7325  7336 I art     : Explicit concurrent mark sweep GC freed 2841(189KB) AllocSpace objects, 1(20KB) LOS objects, 23% free, 51MB/67MB, paused 2.028ms total 45.884ms
08-05 19:30:25.264  7325  7346 D OpenGLRenderer: endAllStagingAnimators on 0x7f72d72c00 (GridView) with handle 0x7f7c29ac40
08-05 19:30:25.265  7325  7336 I art     : Starting a blocking GC Explicit
08-05 19:30:25.273  7325  7871 D MYTAG   : interceptor 3a http://feeds.feedburner.com/linuxoutlaws
08-05 19:30:25.273  7325  7871 I NAPPA_EXPERIMENTATION: MetricNetworkRequestExecutionTime: REQUEST_DURATION_SYSTEM='114',REQUEST_DURATION_OKHTTP='39',REQUEST_SYNCHRONOUS='TRUE',RESPONSE_CODE='200',RESPONSE_METHOD='GET',RESPONSE_LENGTH_OKHTTP='-1',RESPONSE_LENGTH_HEADER='-2',REQUEST_PROTOCOL='http/1.1',REQUEST_URL='http://feeds.feedburner.com/linuxoutlaws',
08-05 19:30:25.273  7325  7871 D HttpDownloader: Response code is 200
08-05 19:30:25.273  7325  7871 D UserPreferences: Using default data folder
08-05 19:30:25.275  7325  7871 D HttpDownloader: Getting size of download
08-05 19:30:25.275  7325  7871 D HttpDownloader: Size is -1
08-05 19:30:25.275  7325  7871 D UserPreferences: Using default data folder
08-05 19:30:25.276  7325  7871 D HttpDownloader: Free space is 20161331200
08-05 19:30:25.276  7325  7871 D HttpDownloader: Starting download
08-05 19:30:25.290  7325  7871 D HttpDownloader: Download was successful
08-05 19:30:25.291   918   928 D WifiService: releaseWifiLockLocked: WifiLock{Downloader type=1 binder=android.os.BinderProxy@d0c50d2}
08-05 19:30:25.292  7325  7325 D OnlineFeedViewActivity: Parsing feed
08-05 19:30:25.295  7325 10685 D TypeGetter: Recognized type RSS 2.0
08-05 19:30:25.298  7325 10685 D SyndHandler: Recognized Content namespace
08-05 19:30:25.298  7325 10685 D SyndHandler: Recognized DublinCore namespace
08-05 19:30:25.298  7325 10685 D SyndHandler: Recognized Atom namespace
08-05 19:30:25.298  7325 10685 D SyndHandler: Recognized ITunes namespace
08-05 19:30:25.298  7325 10685 D SyndHandler: Recognized media namespace
08-05 19:30:25.308  7325  7336 I art     : Explicit concurrent mark sweep GC freed 1026(194KB) AllocSpace objects, 3(60KB) LOS objects, 23% free, 51MB/67MB, paused 1.903ms total 42.585ms
08-05 19:30:25.320  7325  7336 I art     : Starting a blocking GC Explicit
08-05 19:30:25.346  7325 10685 D OnlineFeedViewActivity: Deleted feed source file. Result: true
08-05 19:30:25.346  7325  7325 D OnlineFeedViewActivity: Removing HTML from shownotes
08-05 19:30:25.364  7325  7336 I art     : Explicit concurrent mark sweep GC freed 3790(495KB) AllocSpace objects, 11(748KB) LOS objects, 23% free, 51MB/67MB, paused 2.148ms total 43.488ms
08-05 19:30:25.371  7325  8251 D ApOkHttpUrlLoader: buildLoadData() called with: model = [http://sixgun.org/files/linuxoutlaws.jpg], width = [350], height = [350]
08-05 19:30:25.373  7325  8073 D DBReader: getImageAuthentication() called with: imageUrl = [http://sixgun.org/files/linuxoutlaws.jpg]
08-05 19:30:25.378  7325  8073 D ApOkHttpUrlLoader: no credentials for 'http://sixgun.org/files/linuxoutlaws.jpg'
08-05 19:30:25.378  7325  7336 I art     : Starting a blocking GC Explicit
08-05 19:30:25.418  7325  8073 D DBWriter: updateFeedDownloadURL(original: http://sixgun.org/files/linuxoutlaws.jpg, updated: https://fab.industries/sixgun/files/linuxoutlaws.jpg)
08-05 19:30:25.424  7325  7336 I art     : Explicit concurrent mark sweep GC freed 1627(104KB) AllocSpace objects, 0(0B) LOS objects, 23% free, 51MB/67MB, paused 1.936ms total 45.691ms
08-05 19:30:25.439  7325  7336 I art     : Starting a blocking GC Explicit
08-05 19:30:25.474   380   380 W SurfaceFlinger: couldn't log to binary event log: overflow.
08-05 19:30:25.490  7325  7336 I art     : Explicit concurrent mark sweep GC freed 785(37KB) AllocSpace objects, 0(0B) LOS objects, 23% free, 51MB/67MB, paused 1.707ms total 50.391ms
08-05 19:30:25.565  7325  8073 D MYTAG   : interceptor 2a
08-05 19:30:25.566  7325  8073 I NAPPA_EXPERIMENTATION: MetricNetworkRequestExecutionTime: REQUEST_DURATION_SYSTEM='187',REQUEST_DURATION_OKHTTP='141',REQUEST_SYNCHRONOUS='TRUE',RESPONSE_CODE='404',RESPONSE_METHOD='GET',RESPONSE_LENGTH_OKHTTP='-1',RESPONSE_LENGTH_HEADER='1503',REQUEST_PROTOCOL='h2',REQUEST_URL='https://fab.industries/sixgun/files/linuxoutlaws.jpg',
08-05 19:30:25.568  7325  7325 W Glide   : Load failed for http://sixgun.org/files/linuxoutlaws.jpg with size [350x350]
08-05 19:30:25.568  7325  7325 W Glide   : class com.bumptech.glide.load.engine.GlideException: Failed to load resource
08-05 19:30:25.568  7325  7325 W Glide   : There was 1 cause:
08-05 19:30:25.568  7325  7325 W Glide   : com.bumptech.glide.load.HttpException()
08-05 19:30:25.568  7325  7325 W Glide   :  call GlideException#logRootCauses(String) for more detail
08-05 19:30:25.568  7325  7325 W Glide   :   Cause (1 of 1): class com.bumptech.glide.load.engine.GlideException: Fetching data failed, class java.io.InputStream, REMOTE
08-05 19:30:25.568  7325  7325 W Glide   : There was 1 cause:
08-05 19:30:25.568  7325  7325 W Glide   : com.bumptech.glide.load.HttpException()
08-05 19:30:25.568  7325  7325 W Glide   :  call GlideException#logRootCauses(String) for more detail
08-05 19:30:25.568  7325  7325 W Glide   :     Cause (1 of 1): class com.bumptech.glide.load.HttpException: 
08-05 19:30:25.568  7325  7325 I Glide   : Root cause (1 of 1)
08-05 19:30:25.568  7325  7325 I Glide   : com.bumptech.glide.load.HttpException: 
08-05 19:30:25.568  7325  7325 I Glide   : 	at com.bumptech.glide.integration.okhttp3.OkHttpStreamFetcher.onResponse(OkHttpStreamFetcher.java:73)
08-05 19:30:25.568  7325  7325 I Glide   : 	at okhttp3.RealCall$AsyncCall.execute(RealCall.java:174)
08-05 19:30:25.568  7325  7325 I Glide   : 	at okhttp3.internal.NamedRunnable.run(NamedRunnable.java:32)
08-05 19:30:25.568  7325  7325 I Glide   : 	at java.util.concurrent.ThreadPoolExecutor.runWorker(ThreadPoolExecutor.java:1113)
08-05 19:30:25.568  7325  7325 I Glide   : 	at java.util.concurrent.ThreadPoolExecutor$Worker.run(ThreadPoolExecutor.java:588)
08-05 19:30:25.568  7325  7325 I Glide   : 	at java.lang.Thread.run(Thread.java:818)
08-05 19:30:25.617  7325  7325 D PlaybackController: Releasing PlaybackController
08-05 19:30:25.678   512  2967 D audio_hw_primary: disable_audio_route: reset and update mixer path: low-latency-playback speaker
08-05 19:30:25.680   512  2967 D audio_hw_primary: disable_snd_device: snd_device(2: speaker)
08-05 19:30:25.689   512  2967 I soundtrigger: audio_extn_sound_trigger_update_device_status: device 0x2 of type 0 for Event 0
08-05 19:30:25.848  7325  9065 I art     : Starting a blocking GC Explicit
08-05 19:30:25.905  7325  9065 I art     : Explicit concurrent mark sweep GC freed 2150(144KB) AllocSpace objects, 2(132KB) LOS objects, 23% free, 51MB/67MB, paused 1.729ms total 56.064ms
08-05 19:30:25.922  7325  9065 I art     : Starting a blocking GC Explicit
08-05 19:30:25.970  7325  9065 I art     : Explicit concurrent mark sweep GC freed 50(1776B) AllocSpace objects, 0(0B) LOS objects, 23% free, 51MB/67MB, paused 1.698ms total 47.597ms
08-05 19:30:25.983  7325  9065 I art     : Starting a blocking GC Explicit
08-05 19:30:26.029  7325  9065 I art     : Explicit concurrent mark sweep GC freed 3(96B) AllocSpace objects, 0(0B) LOS objects, 23% free, 51MB/67MB, paused 1.609ms total 45.749ms
08-05 19:30:26.043  7325  9065 I art     : Starting a blocking GC Explicit
08-05 19:30:26.089  7325  9065 I art     : Explicit concurrent mark sweep GC freed 32(880B) AllocSpace objects, 0(0B) LOS objects, 23% free, 51MB/67MB, paused 1.926ms total 46.142ms
08-05 19:30:26.103  7325  9065 I art     : Starting a blocking GC Explicit
08-05 19:30:26.148  7325  9065 I art     : Explicit concurrent mark sweep GC freed 3(96B) AllocSpace objects, 0(0B) LOS objects, 23% free, 51MB/67MB, paused 1.696ms total 44.707ms
08-05 19:30:26.526  7325  7434 I art     : Starting a blocking GC Explicit
08-05 19:30:26.581  7325  7434 I art     : Explicit concurrent mark sweep GC freed 1381(81KB) AllocSpace objects, 1(20KB) LOS objects, 23% free, 51MB/67MB, paused 1.749ms total 54.919ms
08-05 19:30:26.598  7325  7434 I art     : Starting a blocking GC Explicit
08-05 19:30:26.644  7325  7434 I art     : Explicit concurrent mark sweep GC freed 23(768B) AllocSpace objects, 0(0B) LOS objects, 23% free, 51MB/67MB, paused 1.624ms total 45.813ms
08-05 19:30:26.644  7325  7335 I art     : WaitForGcToComplete blocked for 37.314ms for cause HeapTrim
08-05 19:30:26.657  7325  7434 I art     : Starting a blocking GC Explicit
08-05 19:30:26.704  7325  7434 I art     : Explicit concurrent mark sweep GC freed 3(96B) AllocSpace objects, 0(0B) LOS objects, 23% free, 51MB/67MB, paused 1.659ms total 46.761ms
08-05 19:30:26.718  7325  7434 I art     : Starting a blocking GC Explicit
08-05 19:30:26.767  7325  7434 I art     : Explicit concurrent mark sweep GC freed 3(96B) AllocSpace objects, 0(0B) LOS objects, 23% free, 51MB/67MB, paused 1.741ms total 48.965ms
08-05 19:30:26.781  7325  7434 I art     : Starting a blocking GC Explicit
08-05 19:30:26.832  7325  7434 I art     : Explicit concurrent mark sweep GC freed 3(96B) AllocSpace objects, 0(0B) LOS objects, 23% free, 51MB/67MB, paused 1.714ms total 51.030ms
08-05 19:30:27.234  7325  8464 I art     : Starting a blocking GC Explicit
08-05 19:30:27.283  7325  8464 I art     : Explicit concurrent mark sweep GC freed 1440(82KB) AllocSpace objects, 1(20KB) LOS objects, 23% free, 51MB/67MB, paused 1.541ms total 48.296ms
08-05 19:30:27.296  7325  8464 I art     : Starting a blocking GC Explicit
08-05 19:30:27.345  7325  8464 I art     : Explicit concurrent mark sweep GC freed 23(752B) AllocSpace objects, 0(0B) LOS objects, 23% free, 51MB/67MB, paused 1.669ms total 48.359ms
08-05 19:30:27.359  7325  8464 I art     : Starting a blocking GC Explicit
08-05 19:30:27.410  7325  8464 I art     : Explicit concurrent mark sweep GC freed 3(96B) AllocSpace objects, 0(0B) LOS objects, 23% free, 51MB/67MB, paused 1.720ms total 50.122ms
08-05 19:30:27.423  7325  8464 I art     : Starting a blocking GC Explicit
08-05 19:30:27.471  7325  8464 I art     : Explicit concurrent mark sweep GC freed 3(96B) AllocSpace objects, 0(0B) LOS objects, 23% free, 51MB/67MB, paused 1.713ms total 47.478ms
08-05 19:30:27.485  7325  8464 I art     : Starting a blocking GC Explicit
08-05 19:30:27.535  7325  8464 I art     : Explicit concurrent mark sweep GC freed 3(96B) AllocSpace objects, 0(0B) LOS objects, 23% free, 51MB/67MB, paused 1.675ms total 49.910ms
08-05 19:30:27.936  7325  7336 I art     : Starting a blocking GC Explicit
08-05 19:30:27.997  7325  7336 I art     : Explicit concurrent mark sweep GC freed 1381(81KB) AllocSpace objects, 1(20KB) LOS objects, 23% free, 51MB/67MB, paused 1.881ms total 60.585ms
08-05 19:30:28.014  7325  7336 I art     : Starting a blocking GC Explicit
08-05 19:30:28.066  7325  7336 I art     : Explicit concurrent mark sweep GC freed 52(1552B) AllocSpace objects, 0(0B) LOS objects, 23% free, 51MB/67MB, paused 1.578ms total 51.425ms
08-05 19:30:28.079  7325  7336 I art     : Starting a blocking GC Explicit
08-05 19:30:28.129  7325  7336 I art     : Explicit concurrent mark sweep GC freed 3(96B) AllocSpace objects, 0(0B) LOS objects, 23% free, 51MB/67MB, paused 1.750ms total 49.474ms
08-05 19:30:28.143  7325  7336 I art     : Starting a blocking GC Explicit
08-05 19:30:28.192  7325  7336 I art     : Explicit concurrent mark sweep GC freed 3(96B) AllocSpace objects, 0(0B) LOS objects, 23% free, 51MB/67MB, paused 1.621ms total 49.084ms
08-05 19:30:28.206  7325  7336 I art     : Starting a blocking GC Explicit
08-05 19:30:28.255  7325  7336 I art     : Explicit concurrent mark sweep GC freed 3(96B) AllocSpace objects, 0(0B) LOS objects, 23% free, 51MB/67MB, paused 1.679ms total 48.633ms
08-05 19:30:28.656  7325  7337 I art     : Starting a blocking GC Explicit
08-05 19:30:28.714  7325  7337 I art     : Explicit concurrent mark sweep GC freed 1381(81KB) AllocSpace objects, 1(20KB) LOS objects, 23% free, 51MB/67MB, paused 1.673ms total 57.761ms
08-05 19:30:28.728  7325  7337 I art     : Starting a blocking GC Explicit
08-05 19:30:28.779  7325  7337 I art     : Explicit concurrent mark sweep GC freed 23(752B) AllocSpace objects, 0(0B) LOS objects, 23% free, 51MB/67MB, paused 1.732ms total 50.575ms
08-05 19:30:28.793  7325  7337 I art     : Starting a blocking GC Explicit
08-05 19:30:28.841  7325  7337 I art     : Explicit concurrent mark sweep GC freed 3(96B) AllocSpace objects, 0(0B) LOS objects, 23% free, 51MB/67MB, paused 1.715ms total 47.442ms
08-05 19:30:28.855  7325  7337 I art     : Starting a blocking GC Explicit
08-05 19:30:28.905  7325  7337 I art     : Explicit concurrent mark sweep GC freed 3(96B) AllocSpace objects, 0(0B) LOS objects, 23% free, 51MB/67MB, paused 1.808ms total 50.045ms
08-05 19:30:28.919  7325  7337 I art     : Starting a blocking GC Explicit
08-05 19:30:28.967  7325  7337 I art     : Explicit concurrent mark sweep GC freed 3(96B) AllocSpace objects, 0(0B) LOS objects, 23% free, 51MB/67MB, paused 1.632ms total 47.651ms
08-05 19:30:29.363  7325  9065 I art     : Starting a blocking GC Explicit
08-05 19:30:29.417  7325  9065 I art     : Explicit concurrent mark sweep GC freed 1412(84KB) AllocSpace objects, 1(20KB) LOS objects, 23% free, 51MB/67MB, paused 1.731ms total 53.706ms
08-05 19:30:29.430  7325  9065 I art     : Starting a blocking GC Explicit
08-05 19:30:29.477  7325  9065 I art     : Explicit concurrent mark sweep GC freed 23(768B) AllocSpace objects, 0(0B) LOS objects, 23% free, 51MB/67MB, paused 1.720ms total 47.004ms
08-05 19:30:29.491  7325  9065 I art     : Starting a blocking GC Explicit
08-05 19:30:29.538  7325  9065 I art     : Explicit concurrent mark sweep GC freed 3(96B) AllocSpace objects, 0(0B) LOS objects, 23% free, 51MB/67MB, paused 1.868ms total 47.435ms
08-05 19:30:29.552  7325  9065 I art     : Starting a blocking GC Explicit
08-05 19:30:29.599  7325  9065 I art     : Explicit concurrent mark sweep GC freed 3(96B) AllocSpace objects, 0(0B) LOS objects, 23% free, 51MB/67MB, paused 1.759ms total 46.800ms
08-05 19:30:29.612  7325  9065 I art     : Starting a blocking GC Explicit
08-05 19:30:29.661  7325  9065 I art     : Explicit concurrent mark sweep GC freed 4(240B) AllocSpace objects, 0(0B) LOS objects, 23% free, 51MB/67MB, paused 1.779ms total 47.979ms
08-05 19:30:29.831 10747 10747 D AndroidRuntime: >>>>>> START com.android.internal.os.RuntimeInit uid 2000 <<<<<<
08-05 19:30:29.838 10747 10747 D AndroidRuntime: CheckJNI is OFF
08-05 19:30:29.880 10747 10747 D ICU     : No timezone override file found: /data/misc/zoneinfo/current/icu/icu_tzdata.dat
08-05 19:30:29.923 10747 10747 I Radio-JNI: register_android_hardware_Radio DONE
08-05 19:30:29.951 10747 10747 D AndroidRuntime: Calling main entry com.android.commands.input.Input
08-05 19:30:29.953 10747 10747 I Input   : injectKeyEvent: KeyEvent { action=ACTION_DOWN, keyCode=KEYCODE_BACK, scanCode=0, metaState=0, flags=0x0, repeatCount=0, eventTime=819046366, downTime=819046366, deviceId=-1, source=0x101 }
08-05 19:30:29.958 10747 10747 I Input   : injectKeyEvent: KeyEvent { action=ACTION_UP, keyCode=KEYCODE_BACK, scanCode=0, metaState=0, flags=0x0, repeatCount=0, eventTime=819046366, downTime=819046366, deviceId=-1, source=0x101 }
08-05 19:30:29.963 10747 10747 D AndroidRuntime: Shutting down VM
08-05 19:30:29.969  7325  7325 V PlaybackController: initServiceNotRunning()
08-05 19:30:29.969  7325  7325 D ExternalPlayerFragment: Loading media info
08-05 19:30:29.973  7325  8251 D ApOkHttpUrlLoader: buildLoadData() called with: model = [http://sixgun.org/files/linuxoutlaws.jpg], width = [224], height = [224]
08-05 19:30:29.974  7325  8073 D DBReader: getImageAuthentication() called with: imageUrl = [http://sixgun.org/files/linuxoutlaws.jpg]
08-05 19:30:29.975  7325  7325 D UserPreferences: Using default data folder
08-05 19:30:29.976  7325  7871 D DBReader: getNavDrawerData() called with: 
08-05 19:30:29.978  7325  8073 D ApOkHttpUrlLoader: no credentials for 'http://sixgun.org/files/linuxoutlaws.jpg'
08-05 19:30:29.993  7325  7871 D DBReader: getDownloadedItems() called
08-05 19:30:29.996  7325  7871 D DBReader: getFavoriteIDList() called
08-05 19:30:29.997  7325  7871 D DBReader: getQueueIDList() called
08-05 19:30:29.997  7325  7871 D DBReader: Extracting Feedlist
08-05 19:30:30.010 13866 13866 I GoogleInputMethodServic: GoogleInputMethodService.onFinishInput():3138 
08-05 19:30:30.011 13866 13866 I GoogleInputMethodServic: GoogleInputMethodService.onStartInput():1808 
08-05 19:30:30.028  7325  7325 D MainActivity: getLastNavFragment() -> AddFeedFragment
08-05 19:30:30.050  7325  7434 I art     : Starting a blocking GC Explicit
08-05 19:30:30.078  7325  8073 D DBWriter: updateFeedDownloadURL(original: http://sixgun.org/files/linuxoutlaws.jpg, updated: https://fab.industries/sixgun/files/linuxoutlaws.jpg)
08-05 19:30:30.092  7325  7434 I art     : Explicit concurrent mark sweep GC freed 3125(186KB) AllocSpace objects, 1(20KB) LOS objects, 23% free, 51MB/67MB, paused 1.541ms total 41.478ms
08-05 19:30:30.104  7325  7434 I art     : Starting a blocking GC Explicit
08-05 19:30:30.144  7325  7434 I art     : Explicit concurrent mark sweep GC freed 497(26KB) AllocSpace objects, 0(0B) LOS objects, 23% free, 51MB/67MB, paused 1.682ms total 40.301ms
08-05 19:30:30.159  7325  7434 I art     : Starting a blocking GC Explicit
08-05 19:30:30.203 13866 13882 I PeriodicStatsRunner: PeriodicStatsRunner.call():175 call()
08-05 19:30:30.203 13866 13882 I PeriodicStatsRunner: PeriodicStatsRunner.call():179 No submit PeriodicStats since input started.
08-05 19:30:30.210  7325  7434 I art     : Explicit concurrent mark sweep GC freed 3(96B) AllocSpace objects, 0(0B) LOS objects, 23% free, 51MB/67MB, paused 1.842ms total 50.668ms
08-05 19:30:30.224  7325  8073 D MYTAG   : interceptor 2a
08-05 19:30:30.224  7325  8073 I NAPPA_EXPERIMENTATION: MetricNetworkRequestExecutionTime: REQUEST_DURATION_SYSTEM='246',REQUEST_DURATION_OKHTTP='144',REQUEST_SYNCHRONOUS='TRUE',RESPONSE_CODE='404',RESPONSE_METHOD='GET',RESPONSE_LENGTH_OKHTTP='-1',RESPONSE_LENGTH_HEADER='1503',REQUEST_PROTOCOL='h2',REQUEST_URL='https://fab.industries/sixgun/files/linuxoutlaws.jpg',
08-05 19:30:30.225  7325  7325 W Glide   : Load failed for http://sixgun.org/files/linuxoutlaws.jpg with size [224x224]
08-05 19:30:30.225  7325  7325 W Glide   : class com.bumptech.glide.load.engine.GlideException: Failed to load resource
08-05 19:30:30.225  7325  7325 W Glide   : There was 1 cause:
08-05 19:30:30.225  7325  7325 W Glide   : com.bumptech.glide.load.HttpException()
08-05 19:30:30.225  7325  7325 W Glide   :  call GlideException#logRootCauses(String) for more detail
08-05 19:30:30.225  7325  7325 W Glide   :   Cause (1 of 1): class com.bumptech.glide.load.engine.GlideException: Fetching data failed, class java.io.InputStream, REMOTE
08-05 19:30:30.225  7325  7325 W Glide   : There was 1 cause:
08-05 19:30:30.225  7325  7325 W Glide   : com.bumptech.glide.load.HttpException()
08-05 19:30:30.225  7325  7325 W Glide   :  call GlideException#logRootCauses(String) for more detail
08-05 19:30:30.225  7325  7325 W Glide   :     Cause (1 of 1): class com.bumptech.glide.load.HttpException: 
08-05 19:30:30.226  7325  7325 I Glide   : Root cause (1 of 1)
08-05 19:30:30.226  7325  7325 I Glide   : com.bumptech.glide.load.HttpException: 
08-05 19:30:30.226  7325  7325 I Glide   : 	at com.bumptech.glide.integration.okhttp3.OkHttpStreamFetcher.onResponse(OkHttpStreamFetcher.java:73)
08-05 19:30:30.226  7325  7325 I Glide   : 	at okhttp3.RealCall$AsyncCall.execute(RealCall.java:174)
08-05 19:30:30.226  7325  7325 I Glide   : 	at okhttp3.internal.NamedRunnable.run(NamedRunnable.java:32)
08-05 19:30:30.226  7325  7325 I Glide   : 	at java.util.concurrent.ThreadPoolExecutor.runWorker(ThreadPoolExecutor.java:1113)
08-05 19:30:30.226  7325  7325 I Glide   : 	at java.util.concurrent.ThreadPoolExecutor$Worker.run(ThreadPoolExecutor.java:588)
08-05 19:30:30.226  7325  7325 I Glide   : 	at java.lang.Thread.run(Thread.java:818)
08-05 19:30:30.226  7325  7434 I art     : Starting a blocking GC Explicit
08-05 19:30:30.227  7325  7325 W Glide   : Load failed for http://sixgun.org/files/linuxoutlaws.jpg with size [224x224]
08-05 19:30:30.227  7325  7325 W Glide   : class com.bumptech.glide.load.engine.GlideException: Failed to load resource
08-05 19:30:30.227  7325  7325 W Glide   : There was 1 cause:
08-05 19:30:30.227  7325  7325 W Glide   : com.bumptech.glide.load.HttpException()
08-05 19:30:30.227  7325  7325 W Glide   :  call GlideException#logRootCauses(String) for more detail
08-05 19:30:30.227  7325  7325 W Glide   :   Cause (1 of 1): class com.bumptech.glide.load.engine.GlideException: Fetching data failed, class java.io.InputStream, REMOTE
08-05 19:30:30.227  7325  7325 W Glide   : There was 1 cause:
08-05 19:30:30.227  7325  7325 W Glide   : com.bumptech.glide.load.HttpException()
08-05 19:30:30.227  7325  7325 W Glide   :  call GlideException#logRootCauses(String) for more detail
08-05 19:30:30.227  7325  7325 W Glide   :     Cause (1 of 1): class com.bumptech.glide.load.HttpException: 
08-05 19:30:30.227  7325  7325 I Glide   : Root cause (1 of 1)
08-05 19:30:30.227  7325  7325 I Glide   : com.bumptech.glide.load.HttpException: 
08-05 19:30:30.227  7325  7325 I Glide   : 	at com.bumptech.glide.integration.okhttp3.OkHttpStreamFetcher.onResponse(OkHttpStreamFetcher.java:73)
08-05 19:30:30.227  7325  7325 I Glide   : 	at okhttp3.RealCall$AsyncCall.execute(RealCall.java:174)
08-05 19:30:30.227  7325  7325 I Glide   : 	at okhttp3.internal.NamedRunnable.run(NamedRunnable.java:32)
08-05 19:30:30.227  7325  7325 I Glide   : 	at java.util.concurrent.ThreadPoolExecutor.runWorker(ThreadPoolExecutor.java:1113)
08-05 19:30:30.227  7325  7325 I Glide   : 	at java.util.concurrent.ThreadPoolExecutor$Worker.run(ThreadPoolExecutor.java:588)
08-05 19:30:30.227  7325  7325 I Glide   : 	at java.lang.Thread.run(Thread.java:818)
08-05 19:30:30.257   918  3261 D WifiStateMachine: starting scan for "H369AA63323"WPA_PSK with 2412,5180
08-05 19:30:30.279  7325  7434 I art     : Explicit concurrent mark sweep GC freed 532(68KB) AllocSpace objects, 0(0B) LOS objects, 23% free, 51MB/67MB, paused 1.761ms total 52.441ms
08-05 19:30:30.293  7325  7434 I art     : Starting a blocking GC Explicit
08-05 19:30:30.296   380   380 W SurfaceFlinger: couldn't log to binary event log: overflow.
08-05 19:30:30.340  7325  7434 I art     : Explicit concurrent mark sweep GC freed 654(32KB) AllocSpace objects, 0(0B) LOS objects, 23% free, 51MB/67MB, paused 1.647ms total 46.833ms
08-05 19:30:30.715  7325  7337 I art     : Starting a blocking GC Explicit
08-05 19:30:30.770  7325  7337 I art     : Explicit concurrent mark sweep GC freed 4241(319KB) AllocSpace objects, 2(48KB) LOS objects, 23% free, 50MB/66MB, paused 1.846ms total 54.524ms
08-05 19:30:30.787  7325  7337 I art     : Starting a blocking GC Explicit
08-05 19:30:30.832  7325  7337 I art     : Explicit concurrent mark sweep GC freed 25(848B) AllocSpace objects, 0(0B) LOS objects, 23% free, 50MB/66MB, paused 1.620ms total 45.223ms
08-05 19:30:30.846  7325  7337 I art     : Starting a blocking GC Explicit
08-05 19:30:30.891  7325  7337 I art     : Explicit concurrent mark sweep GC freed 3(96B) AllocSpace objects, 0(0B) LOS objects, 23% free, 50MB/66MB, paused 1.655ms total 44.585ms
08-05 19:30:30.905  7325  7337 I art     : Starting a blocking GC Explicit
08-05 19:30:30.950  7325  7337 I art     : Explicit concurrent mark sweep GC freed 3(96B) AllocSpace objects, 0(0B) LOS objects, 23% free, 50MB/66MB, paused 1.685ms total 45.266ms
08-05 19:30:30.963  7325  7337 I art     : Starting a blocking GC Explicit
08-05 19:30:31.007  7325  7337 I art     : Explicit concurrent mark sweep GC freed 3(96B) AllocSpace objects, 0(0B) LOS objects, 23% free, 50MB/66MB, paused 1.650ms total 43.339ms
08-05 19:30:31.369  7325  9065 I art     : Starting a blocking GC Explicit
08-05 19:30:31.420  7325  9065 I art     : Explicit concurrent mark sweep GC freed 1412(82KB) AllocSpace objects, 1(20KB) LOS objects, 23% free, 50MB/66MB, paused 1.836ms total 49.862ms
08-05 19:30:31.434  7325  9065 I art     : Starting a blocking GC Explicit
08-05 19:30:31.477  7325  9065 I art     : Explicit concurrent mark sweep GC freed 23(752B) AllocSpace objects, 0(0B) LOS objects, 23% free, 50MB/66MB, paused 1.684ms total 42.957ms
08-05 19:30:31.490  7325  9065 I art     : Starting a blocking GC Explicit
08-05 19:30:31.532  7325  9065 I art     : Explicit concurrent mark sweep GC freed 3(96B) AllocSpace objects, 0(0B) LOS objects, 23% free, 50MB/66MB, paused 1.654ms total 41.757ms
08-05 19:30:31.545  7325  9065 I art     : Starting a blocking GC Explicit
08-05 19:30:31.588  7325  9065 I art     : Explicit concurrent mark sweep GC freed 3(96B) AllocSpace objects, 0(0B) LOS objects, 23% free, 50MB/66MB, paused 1.715ms total 43.164ms
08-05 19:30:31.601  7325  9065 I art     : Starting a blocking GC Explicit
08-05 19:30:31.648  7325  9065 I art     : Explicit concurrent mark sweep GC freed 14(448B) AllocSpace objects, 0(0B) LOS objects, 23% free, 50MB/66MB, paused 1.705ms total 46.229ms
08-05 19:30:31.751 10784 10784 D AndroidRuntime: >>>>>> START com.android.internal.os.RuntimeInit uid 2000 <<<<<<
08-05 19:30:31.758 10784 10784 D AndroidRuntime: CheckJNI is OFF
08-05 19:30:31.800 10784 10784 D ICU     : No timezone override file found: /data/misc/zoneinfo/current/icu/icu_tzdata.dat
08-05 19:30:31.843 10784 10784 I Radio-JNI: register_android_hardware_Radio DONE
08-05 19:30:31.871 10784 10784 D AndroidRuntime: Calling main entry com.android.commands.input.Input
08-05 19:30:31.873 10784 10784 I Input   : injectKeyEvent: KeyEvent { action=ACTION_DOWN, keyCode=KEYCODE_BACK, scanCode=0, metaState=0, flags=0x0, repeatCount=0, eventTime=819048286, downTime=819048286, deviceId=-1, source=0x101 }
08-05 19:30:31.881 10784 10784 I Input   : injectKeyEvent: KeyEvent { action=ACTION_UP, keyCode=KEYCODE_BACK, scanCode=0, metaState=0, flags=0x0, repeatCount=0, eventTime=819048286, downTime=819048286, deviceId=-1, source=0x101 }
08-05 19:30:31.902 10784 10784 D AndroidRuntime: Shutting down VM
08-05 19:30:32.011  7325  8464 I art     : Starting a blocking GC Explicit
08-05 19:30:32.060  7325  8464 I art     : Explicit concurrent mark sweep GC freed 3634(173KB) AllocSpace objects, 1(20KB) LOS objects, 23% free, 50MB/66MB, paused 1.688ms total 48.098ms
08-05 19:30:32.076  7325  8464 I art     : Starting a blocking GC Explicit
08-05 19:30:32.117  7325  8464 I art     : Explicit concurrent mark sweep GC freed 5330(393KB) AllocSpace objects, 9(1620KB) LOS objects, 24% free, 48MB/64MB, paused 1.584ms total 40.756ms
08-05 19:30:32.130  7325  8464 I art     : Starting a blocking GC Explicit
08-05 19:30:32.171  7325  8464 I art     : Explicit concurrent mark sweep GC freed 3(96B) AllocSpace objects, 0(0B) LOS objects, 24% free, 48MB/64MB, paused 1.631ms total 40.464ms
08-05 19:30:32.183  7325  8464 I art     : Starting a blocking GC Explicit
08-05 19:30:32.225  7325  8464 I art     : Explicit concurrent mark sweep GC freed 3(96B) AllocSpace objects, 0(0B) LOS objects, 24% free, 48MB/64MB, paused 1.540ms total 41.085ms
08-05 19:30:32.237  7325  8464 I art     : Starting a blocking GC Explicit
08-05 19:30:32.278  7325  8464 I art     : Explicit concurrent mark sweep GC freed 3(96B) AllocSpace objects, 0(0B) LOS objects, 24% free, 48MB/64MB, paused 1.711ms total 40.224ms
08-05 19:30:32.650  7325  7337 I art     : Starting a blocking GC Explicit
08-05 19:30:32.706  7325  7337 I art     : Explicit concurrent mark sweep GC freed 1382(82KB) AllocSpace objects, 1(20KB) LOS objects, 24% free, 48MB/64MB, paused 1.725ms total 56.251ms
08-05 19:30:32.723  7325  7337 I art     : Starting a blocking GC Explicit
08-05 19:30:32.766  7325  7337 I art     : Explicit concurrent mark sweep GC freed 23(752B) AllocSpace objects, 0(0B) LOS objects, 24% free, 48MB/64MB, paused 1.629ms total 42.584ms
08-05 19:30:32.779  7325  7337 I art     : Starting a blocking GC Explicit
08-05 19:30:32.822  7325  7337 I art     : Explicit concurrent mark sweep GC freed 3(96B) AllocSpace objects, 0(0B) LOS objects, 24% free, 48MB/64MB, paused 1.753ms total 42.407ms
08-05 19:30:32.835  7325  7337 I art     : Starting a blocking GC Explicit
08-05 19:30:32.877  7325  7337 I art     : Explicit concurrent mark sweep GC freed 3(96B) AllocSpace objects, 0(0B) LOS objects, 24% free, 48MB/64MB, paused 1.735ms total 42.475ms
08-05 19:30:32.891  7325  7337 I art     : Starting a blocking GC Explicit
08-05 19:30:32.933  7325  7337 I art     : Explicit concurrent mark sweep GC freed 3(96B) AllocSpace objects, 0(0B) LOS objects, 24% free, 48MB/64MB, paused 1.625ms total 42.162ms
08-05 19:30:33.307  7325  7434 I art     : Starting a blocking GC Explicit
08-05 19:30:33.352  7325  7434 I art     : Explicit concurrent mark sweep GC freed 1410(82KB) AllocSpace objects, 1(20KB) LOS objects, 24% free, 48MB/64MB, paused 1.689ms total 44.778ms
08-05 19:30:33.364  7325  7434 I art     : Starting a blocking GC Explicit
08-05 19:30:33.405  7325  7434 I art     : Explicit concurrent mark sweep GC freed 23(752B) AllocSpace objects, 0(0B) LOS objects, 24% free, 48MB/64MB, paused 1.608ms total 40.295ms
08-05 19:30:33.418  7325  7434 I art     : Starting a blocking GC Explicit
08-05 19:30:33.459  7325  7434 I art     : Explicit concurrent mark sweep GC freed 3(96B) AllocSpace objects, 0(0B) LOS objects, 24% free, 48MB/64MB, paused 1.707ms total 41.244ms
08-05 19:30:33.472  7325  7434 I art     : Starting a blocking GC Explicit
08-05 19:30:33.512  7325  7434 I art     : Explicit concurrent mark sweep GC freed 3(96B) AllocSpace objects, 0(0B) LOS objects, 24% free, 48MB/64MB, paused 1.614ms total 40.260ms
08-05 19:30:33.525  7325  7434 I art     : Starting a blocking GC Explicit
08-05 19:30:33.569  7325  7434 I art     : Explicit concurrent mark sweep GC freed 8(256B) AllocSpace objects, 0(0B) LOS objects, 24% free, 48MB/64MB, paused 1.836ms total 44.008ms
08-05 19:30:33.737 10837 10837 D AndroidRuntime: >>>>>> START com.android.internal.os.RuntimeInit uid 2000 <<<<<<
08-05 19:30:33.742 10837 10837 D AndroidRuntime: CheckJNI is OFF
08-05 19:30:33.783 10837 10837 D ICU     : No timezone override file found: /data/misc/zoneinfo/current/icu/icu_tzdata.dat
08-05 19:30:33.825 10837 10837 I Radio-JNI: register_android_hardware_Radio DONE
08-05 19:30:33.853 10837 10837 D AndroidRuntime: Calling main entry com.android.commands.am.Am
08-05 19:30:33.859  5615  5615 I Trepn   : Trepn 6.2s: Received intent: com.quicinc.trepn.stop_profiling
08-05 19:30:33.880  5615  5615 I Trepn   : Trepn 6.2s: Trepn has Stopped Profiling.
08-05 19:30:33.956  7325  7434 I art     : Starting a blocking GC Explicit
08-05 19:30:33.998  7325  7434 I art     : Explicit concurrent mark sweep GC freed 1407(83KB) AllocSpace objects, 1(20KB) LOS objects, 24% free, 48MB/64MB, paused 1.621ms total 40.942ms
08-05 19:30:34.010  7325  7434 I art     : Starting a blocking GC Explicit
08-05 19:30:34.025 10837 10837 D AndroidRuntime: Shutting down VM
08-05 19:30:34.030   918  5481 W AppOps  : Finishing op nesting under-run: uid 10078 pkg com.quicinc.trepn code 24 time=0 duration=0 nesting=0
08-05 19:30:34.051  7325  7434 I art     : Explicit concurrent mark sweep GC freed 23(752B) AllocSpace objects, 0(0B) LOS objects, 24% free, 48MB/64MB, paused 1.452ms total 40.593ms
08-05 19:30:34.063  7325  7434 I art     : Starting a blocking GC Explicit
08-05 19:30:34.100  7325  7434 I art     : Explicit concurrent mark sweep GC freed 32(880B) AllocSpace objects, 0(0B) LOS objects, 24% free, 48MB/64MB, paused 1.679ms total 37.309ms
08-05 19:30:34.113  7325  7434 I art     : Starting a blocking GC Explicit
08-05 19:30:34.153  7325  7434 I art     : Explicit concurrent mark sweep GC freed 3(96B) AllocSpace objects, 0(0B) LOS objects, 24% free, 48MB/64MB, paused 1.600ms total 40.234ms
08-05 19:30:34.166  7325  7434 I art     : Starting a blocking GC Explicit
08-05 19:30:34.207  7325  7434 I art     : Explicit concurrent mark sweep GC freed 3(96B) AllocSpace objects, 0(0B) LOS objects, 24% free, 48MB/64MB, paused 1.654ms total 41.517ms
08-05 19:30:34.551  7325  7337 I art     : Starting a blocking GC Explicit
08-05 19:30:34.592  7325  7337 I art     : Explicit concurrent mark sweep GC freed 1383(81KB) AllocSpace objects, 1(20KB) LOS objects, 24% free, 48MB/64MB, paused 1.706ms total 41.645ms
08-05 19:30:34.606  7325  7337 I art     : Starting a blocking GC Explicit
08-05 19:30:34.648  7325  7337 I art     : Explicit concurrent mark sweep GC freed 23(752B) AllocSpace objects, 0(0B) LOS objects, 24% free, 48MB/64MB, paused 1.630ms total 42.145ms
08-05 19:30:34.661  7325  7337 I art     : Starting a blocking GC Explicit
08-05 19:30:34.701  7325  7337 I art     : Explicit concurrent mark sweep GC freed 3(96B) AllocSpace objects, 0(0B) LOS objects, 24% free, 48MB/64MB, paused 1.555ms total 39.742ms
08-05 19:30:34.714  7325  7337 I art     : Starting a blocking GC Explicit
08-05 19:30:34.754  7325  7337 I art     : Explicit concurrent mark sweep GC freed 3(96B) AllocSpace objects, 0(0B) LOS objects, 24% free, 48MB/64MB, paused 1.467ms total 39.829ms
08-05 19:30:34.766  7325  7337 I art     : Starting a blocking GC Explicit
08-05 19:30:34.809  7325  7337 I art     : Explicit concurrent mark sweep GC freed 3(96B) AllocSpace objects, 0(0B) LOS objects, 24% free, 48MB/64MB, paused 1.570ms total 41.876ms
08-05 19:30:35.017 13866 13882 I PeriodicStatsRunner: PeriodicStatsRunner.call():175 call()
08-05 19:30:35.018 13866 13882 I PeriodicStatsRunner: PeriodicStatsRunner.call():179 No submit PeriodicStats since input started.
08-05 19:30:35.078   518   646 I ThermalEngine: ACTION: GPU - Setting GPU[0] to 390000000
08-05 19:30:37.082   518   646 I ThermalEngine: ACTION: GPU - Setting GPU[0] to 450000000
