--------- beginning of main
08-05 13:36:53.264  2259  2259 W System  : ClassLoader referenced unknown path: /system/app/KeyChain/lib/arm64
08-05 13:36:53.334 24365  2286 I Fitness : FitCleanupIntentOperation received Intent android.intent.action.PACKAGE_REMOVED [CONTEXT service_id=17 ]
08-05 13:36:53.335 21092 21092 I Finsky  : [1] uah.a(18): PackageMonitorReceiverImpl - Received: android.intent.action.PACKAGE_REMOVED, [CFjXe5fo2ooiLur0Ju3smv2h5qnGgIsGl5_C_SkJu8g]
08-05 13:36:53.336 21092 21092 I Finsky  : [1] ubi.d(9): Invalidating cached PackageState for baseline.de.danoeh.antennapod.debug
08-05 13:36:53.338  3784  3784 D CarrierServiceBindHelper: Receive action: android.intent.action.PACKAGE_ADDED
08-05 13:36:53.338  3784  3784 D CarrierServiceBindHelper: Receive action: android.intent.action.PACKAGE_REPLACED
08-05 13:36:53.340  3784  3784 D CarrierServiceBindHelper: mHandler: 3
08-05 13:36:53.340  3784  3784 D CarrierServiceBindHelper: mHandler: 3
08-05 13:36:53.340  3784  3784 D CarrierServiceBindHelper: mHandler: 3
08-05 13:36:53.340  3784  3784 D CarrierConfigLoader: mHandler: 9 phoneId: 0
08-05 13:36:53.348 21092 21092 I Finsky  : [1] lzi.c(2): Frosting ID looked up on UI thread. Caller should move to a background thread.
08-05 13:36:53.353 21092 21092 I Finsky  : [1] nqb.c(3): Installer: package baseline.de.danoeh.antennapod.debug was removed. replacing: true
08-05 13:36:53.354 21092 21092 I Finsky  : [1] nra.a(188): Installer: Notifying status update. package=baseline.de.danoeh.antennapod.debug, status=UNINSTALLED
08-05 13:36:53.380   918   929 I AccountManagerService: getTypesVisibleToCaller: isPermitted? true
08-05 13:36:53.403 21092  2289 I Finsky  : [6117] ejf.a(-1): Cancelled 0 ongoing asset module downloads for package baseline.de.danoeh.antennapod.debug due to a concurrent app update.
08-05 13:36:53.406 21092 21092 I Finsky  : [1] lzi.c(2): Frosting ID looked up on UI thread. Caller should move to a background thread.
08-05 13:36:53.424 21092 21092 I Finsky  : [1] nra.a(220): Installer: found apps to install. isMultiUserMode=false, apps=[]
08-05 13:36:53.482 21092 21092 I Finsky  : [1] uah.a(18): PackageMonitorReceiverImpl - Received: android.intent.action.PACKAGE_ADDED, [CFjXe5fo2ooiLur0Ju3smv2h5qnGgIsGl5_C_SkJu8g]
08-05 13:36:53.482 21092 21092 I Finsky  : [1] ubi.d(9): Invalidating cached PackageState for baseline.de.danoeh.antennapod.debug
08-05 13:36:53.485 21092 21092 I Finsky  : [1] lzi.c(2): Frosting ID looked up on UI thread. Caller should move to a background thread.
08-05 13:36:53.492 24577  2295 I Auth    : [SupervisedAccountIntentOperation] onHandleIntent(): android.intent.action.PACKAGE_ADDED
08-05 13:36:53.500 24577  2280 I ChromeSync: [Sync,SyncIntentOperation] Handling the intent: Intent { act=android.intent.action.PACKAGE_ADDED dat=package:baseline.de.danoeh.antennapod.debug flg=0x4000010 cmp=com.google.android.gms/.chimera.GmsIntentOperationService (has extras) }.
08-05 13:36:53.509 21092 21092 I Finsky  : [1] agsx.a(4): Do not start WearSupportService due to Wear service optimization
08-05 13:36:53.523 21092  2289 I Finsky  : [6117] ejc.a(-1): Asset module broadcast after update successful for package baseline.de.danoeh.antennapod.debug. 0 sessions broadcast.
08-05 13:36:53.556 21092 21092 I Finsky  : [1] lzi.c(2): Frosting ID looked up on UI thread. Caller should move to a background thread.
08-05 13:36:53.569 21092  2287 I Finsky  : [6115] lyv.run(-1): Wrote row to frosting DB: 2754
08-05 13:36:53.575 24577 24621 E GmsClient: unable to connect to service: com.google.android.gms.auth.key.retrieval.service.START on com.google.android.gms
08-05 13:36:53.589 21092 21254 I Finsky  : [6084] odj.b(52): IQ: Notifying installation update. package=baseline.de.danoeh.antennapod.debug, status=UNINSTALLED
08-05 13:36:53.633   918  6110 I AccountManagerService: getTypesVisibleToCaller: isPermitted? true
08-05 13:36:53.645 24577  2280 I ChromeSync: [Persistence,AffiliationManager] One of affiliation or grouping data for android://bz0hZa4nAJEtd0n5sRlXG7KAqctUMWVefv7Ki4mh1p6slZ9YO-n9gS9j8m9YCrsIyI2wIxrDHraumF9Y6pBLTA==@baseline.de.danoeh.antennapod.debug/ was not found. Marking affiliation data as stale...
08-05 13:36:53.680 21092  2288 I Finsky  : [6116] gzn.a(-1): [ContentSync] finished, scheduled=false
08-05 13:36:53.707 16955 16955 D AlarmUpdateReceiver: Received intent
08-05 13:36:53.707 16955 16955 D AlarmUpdateReceiver: Resetting update alarm after app upgrade
08-05 13:36:53.707 16955 16955 D UserPreferences: timeOfDay: []
08-05 13:36:53.707 16955 16955 D AutoUpdateManager: Restarting update alarm.
08-05 13:36:53.714 21092  2287 I Finsky  : [6115] lyv.run(-1): Wrote row to frosting DB: 2755
08-05 13:36:53.720 21092 21254 I Finsky  : [6084] odj.b(40): IQ: No matching installs to run for jobs: []
08-05 13:36:53.735 21092  2287 I Finsky  : [6115] lyv.run(-1): Wrote row to frosting DB: 2756
08-05 13:36:53.739   918   928 I AccountManagerService: getTypesVisibleToCaller: isPermitted? true
08-05 13:36:53.741 16955 16955 D AutoUpdateManager: Automatic update was deactivated
08-05 13:36:53.752   918  6111 I AccountManagerService: getTypesVisibleToCaller: isPermitted? true
08-05 13:36:53.768 21092  2287 I Finsky  : [6115] lyv.run(-1): Wrote row to frosting DB: 2757
08-05 13:36:53.795 24577 13294 I Icing   : IndexChimeraService.getServiceInterface callingPackage=com.google.android.gms componentName=AppsCorpus serviceId=36
08-05 13:36:53.816 21092 21092 I Finsky  : [1] xmu.a(8): SCH: Jobs in database: 1-1337 3-215 3-216 12-1 24-77777777 26-1414141414 
08-05 13:36:53.818 21092 21092 I Finsky  : [1] xio.a(57): SCH: ConstraintMapping: 24-77777777,  -> L: 0ms, D: 27186702ms, C: false, I: true, N: 0
08-05 13:36:53.818 21092 21092 I Finsky  : [1] xio.a(57): SCH: ConstraintMapping: 1-1337, 12-1,  -> L: 14562ms, D: 73739094ms, C: false, I: false, N: 1
08-05 13:36:53.819 21092 21092 I Finsky  : [1] xio.a(57): SCH: ConstraintMapping: 3-215,  -> L: 0ms, D: 85613634ms, C: false, I: true, N: 2
08-05 13:36:53.819 21092 21092 I Finsky  : [1] xio.a(57): SCH: ConstraintMapping: 3-216,  -> L: 0ms, D: 85613665ms, C: true, I: true, N: 2
08-05 13:36:53.820 21092 21092 I Finsky  : [1] xio.a(57): SCH: ConstraintMapping: 26-1414141414,  -> L: 35186561ms, D: 36086561ms, C: false, I: false, N: 0
08-05 13:36:53.821 21092  2288 I Finsky  : [6116] gzn.a(-1): [ContentSync] finished, scheduled=true
08-05 13:36:53.844 21092 21092 I Finsky  : [1] xle.a(34): Cancelling existing jobscheduler jobs: 9002 9010 9004 9001 9013 9009 9005 9015 9011 9007 
08-05 13:36:53.844 21092 21092 I Finsky  : [1] xle.a(27): Scheduling job Id: 9000, L: 0, D: 27186702, C: false, I: true, N: 0
08-05 13:36:53.846 21092 21092 I Finsky  : [1] xle.a(27): Scheduling job Id: 9003, L: 14562, D: 73739094, C: false, I: false, N: 1
08-05 13:36:53.848 21092 21092 I Finsky  : [1] xle.a(27): Scheduling job Id: 9006, L: 0, D: 85613634, C: false, I: true, N: 2
08-05 13:36:53.849 21092 21092 I Finsky  : [1] xle.a(27): Scheduling job Id: 9008, L: 0, D: 85613665, C: true, I: true, N: 2
08-05 13:36:53.851 21092 21092 I Finsky  : [1] xle.a(27): Scheduling job Id: 9012, L: 35186561, D: 36086561, C: false, I: false, N: 0
08-05 13:36:53.852 21092 21092 I Finsky  : [1] xle.a(27): Scheduling job Id: 9014, L: 0, D: 27186702, C: false, I: true, N: 0
08-05 13:36:53.854 21092 21092 I Finsky  : [1] xle.a(27): Scheduling job Id: 9016, L: 14562, D: 73739094, C: false, I: false, N: 1
08-05 13:36:53.855 21092 21092 I Finsky  : [1] xle.a(27): Scheduling job Id: 9017, L: 0, D: 85613634, C: false, I: true, N: 2
08-05 13:36:53.856 21092 21092 I Finsky  : [1] xle.a(27): Scheduling job Id: 9018, L: 0, D: 85613665, C: true, I: true, N: 2
08-05 13:36:53.860 21092 21092 I Finsky  : [1] xle.a(27): Scheduling job Id: 9019, L: 35186561, D: 36086561, C: false, I: false, N: 0
08-05 13:36:53.894 24577 19249 W Icing   : No valid account for uploading user actions
08-05 13:36:53.925 24577 13336 I Icing   : IndexChimeraService.getServiceInterface callingPackage=com.google.android.gms componentName=null serviceId=30
08-05 13:36:53.951 24577 19249 I Icing   : Usage reports ok 1, Failed Usage reports 0, indexed 0, rejected 0
08-05 13:36:53.955 24577 19249 W Icing   : No valid account for uploading user actions
08-05 13:36:53.971 24577 19249 I Icing   : Usage reports ok 0, Failed Usage reports 0, indexed 0, rejected 0
08-05 13:36:53.972 24577 19249 I Icing   : Indexing com.google.android.gms-internal.3p:MobileApplication from com.google.android.gms using seqno 763
08-05 13:36:53.975 24577 19249 I Icing   : Indexing com.google.android.gms-internal.3p:MobileApplication from com.google.android.gms using seqno 763
08-05 13:36:54.010 24577 13336 I Icing   : IndexChimeraService.getServiceInterface callingPackage=com.google.android.gms componentName=null serviceId=36
08-05 13:36:54.016 24577 19249 W Icing   : No valid account for uploading user actions
08-05 13:36:54.030 24577 19249 I Icing   : Usage reports ok 0, Failed Usage reports 0, indexed 0, rejected 0
08-05 13:36:54.042  2315  2315 D AndroidRuntime: >>>>>> START com.android.internal.os.RuntimeInit uid 2000 <<<<<<
08-05 13:36:54.045  2315  2315 D AndroidRuntime: CheckJNI is OFF
08-05 13:36:54.070  2315  2315 D ICU     : No timezone override file found: /data/misc/zoneinfo/current/icu/icu_tzdata.dat
08-05 13:36:54.100  2315  2315 I Radio-JNI: register_android_hardware_Radio DONE
08-05 13:36:54.117  2315  2315 D AndroidRuntime: Calling main entry com.android.commands.monkey.Monkey
--------- beginning of system
08-05 13:36:54.133   918   931 W BroadcastQueue: Skipping deliver [background] BroadcastRecord{e4cd915 u-1 android.net.conn.CONNECTIVITY_CHANGE} to ReceiverList{c1b042a 2315 (unknown name)/2000/u-1 remote:68ad4ff}: process crashing
08-05 13:36:54.143   918  4400 I ActivityManager: START u0 {act=android.intent.action.MAIN cat=[android.intent.category.LAUNCHER] flg=0x10200000 cmp=baseline.de.danoeh.antennapod.debug/baseline.de.danoeh.antennapod.activity.SplashActivity} from uid 2000 on display 0
08-05 13:36:54.179  2324  2324 I art     : Late-enabling -Xcheck:jni
08-05 13:36:54.181   918  6110 I ActivityManager: Start proc 2324:baseline.de.danoeh.antennapod.debug/u0a695 for activity baseline.de.danoeh.antennapod.debug/baseline.de.danoeh.antennapod.activity.SplashActivity
08-05 13:36:54.185  2315  2315 I art     : System.exit called, status: 0
08-05 13:36:54.186  2315  2315 I AndroidRuntime: VM exiting with result code 0.
08-05 13:36:54.243  2324  2324 W System  : ClassLoader referenced unknown path: /data/app/baseline.de.danoeh.antennapod.debug-2/lib/arm64
08-05 13:36:54.255 16458 16830 I PBSessionCacheImpl: Deleted sessionId[72384646105454640] from persistence.
08-05 13:36:54.266 16458 16488 W SearchServiceCore: Abort, client detached.
08-05 13:36:54.267 16458 16488 I MicroDetectionState: Should stop hotword detection immediately - true
08-05 13:36:54.268  2324  2324 D UserPreferences: Creating new instance of UserPreferences
08-05 13:36:54.269  2324  2324 D UserPreferences: Using default data folder
08-05 13:36:54.276  2324  2324 D UserPreferences: Import directory already exists
08-05 13:36:54.279  2324  2324 D UserPreferences: .nomedia file created
08-05 13:36:54.281  2324  2324 D UpdateManager: old: -1, current: 1070296
08-05 13:36:54.284  2324  2324 D SleepTimerPreferences: Creating new instance of SleepTimerPreferences
08-05 13:36:54.304  2324  2324 D SPAUtil : Sending SP_APPS_QUERY_FEEDS intent
08-05 13:36:54.353  2324  2324 W art     : Before Android 4.1, method android.graphics.PorterDuffColorFilter androidx.vectordrawable.graphics.drawable.VectorDrawableCompat.updateTintFilter(android.graphics.PorterDuffColorFilter, android.content.res.ColorStateList, android.graphics.PorterDuff$Mode) would have incorrectly overridden the package-private method in android.graphics.drawable.Drawable
08-05 13:36:54.389  2324  2324 I art     : Rejecting re-init on previously-failed class java.lang.Class<androidx.core.view.ViewCompat$2>
08-05 13:36:54.389  2324  2324 I art     : Rejecting re-init on previously-failed class java.lang.Class<androidx.core.view.ViewCompat$2>
08-05 13:36:54.420  2324  2345 D OpenGLRenderer: Use EGL_SWAP_BEHAVIOR_PRESERVED: true
08-05 13:36:54.486  2324  2345 I Adreno  : QUALCOMM build                   : fcf4852, I1af360237c
08-05 13:36:54.486  2324  2345 I Adreno  : Build Date                       : 09/23/15
08-05 13:36:54.486  2324  2345 I Adreno  : OpenGL ES Shader Compiler Version: XE031.05.13.02
08-05 13:36:54.486  2324  2345 I Adreno  : Local Branch                     : mybranch14465806
08-05 13:36:54.486  2324  2345 I Adreno  : Remote Branch                    : quic/LA.BF64.1.2.9_v2
08-05 13:36:54.486  2324  2345 I Adreno  : Remote Branch                    : NONE
08-05 13:36:54.486  2324  2345 I Adreno  : Reconstruct Branch               : NOTHING
08-05 13:36:54.494  2324  2345 I OpenGLRenderer: Initialized EGL, version 1.4
08-05 13:36:54.532   918  3359 I ActivityManager: START u0 {cmp=baseline.de.danoeh.antennapod.debug/baseline.de.danoeh.antennapod.activity.MainActivity} from uid 10695 on display 0
08-05 13:36:54.533 13866 13866 I GoogleInputMethodServic: GoogleInputMethodService.onFinishInput():3138 
08-05 13:36:54.534 13866 13866 I GoogleInputMethodServic: GoogleInputMethodService.onStartInput():1808 
08-05 13:36:54.695  2324  2324 D UserPreferences: Using default data folder
08-05 13:36:54.765  2324  2324 D MainActivity: getLastNavFragment() -> QueueFragment
08-05 13:36:54.766  2324  2324 D MainActivity: loadFragment(tag: QueueFragment, args: null)
08-05 13:36:54.769  2324  2324 D MainActivity: saveLastNavFragment(tag: QueueFragment)
08-05 13:36:54.769  2324  2324 D MainActivity: getLastNavFragment() -> QueueFragment
08-05 13:36:54.770  2324  2324 D UserPreferences: timeOfDay: []
08-05 13:36:54.772  2324  2324 D AutoUpdateManager: Restarting update alarm.
08-05 13:36:54.773  2324  2324 D AutoUpdateManager: Changed alarm to new interval 12 h
08-05 13:36:54.804  2324  2324 D UserPreferences: timeOfDay: []
08-05 13:36:54.804  2324  2324 D AutoUpdateManager: Restarting update alarm.
08-05 13:36:54.805  2324  2324 D AutoUpdateManager: Changed alarm to new interval 12 h
08-05 13:36:54.843  2324  2324 D ExternalPlayerFragment: Loading media info
08-05 13:36:54.844  2324  2324 D QueueFragment: loadItems()
08-05 13:36:54.848  2324  2344 D DBReader: getQueue() called
08-05 13:36:54.849  2324  2344 D DBReader: getQueue()
08-05 13:36:54.850  2324  2344 D DBReader: getFavoriteIDList() called
08-05 13:36:54.851  2324  2344 D DBReader: getQueueIDList() called
08-05 13:36:54.851  2324  2344 D DBReader: Extracting Feedlist
08-05 13:36:54.854  2324  2324 V PlaybackController: initServiceNotRunning()
08-05 13:36:54.854  2324  2324 D ExternalPlayerFragment: Loading media info
08-05 13:36:54.857  2324  2324 D UserPreferences: Using default data folder
08-05 13:36:54.861  2324  2324 D AutoUpdateManager: last refresh: 443507 hours 36 minutes ago
08-05 13:36:54.862  2324  2344 D DBReader: getNavDrawerData() called with: 
08-05 13:36:54.867  2324  2344 D DBReader: getDownloadedItems() called
08-05 13:36:54.867  2324  2344 D DBReader: getFavoriteIDList() called
08-05 13:36:54.868  2324  2344 D DBReader: getQueueIDList() called
08-05 13:36:54.870  2324  2344 D DBReader: Extracting Feedlist
08-05 13:36:54.877   380   380 W SurfaceFlinger: couldn't log to binary event log: overflow.
08-05 13:36:54.953 24577 19249 I Icing   : Indexing com.google.android.gms-apps from com.google.android.gms
08-05 13:36:54.973  2324  2324 D MainActivity: getLastNavFragment() -> QueueFragment
08-05 13:36:54.973  2324  2324 D MainActivity: handleNavIntent()
08-05 13:36:55.025 24577 19249 I Icing   : Indexing done com.google.android.gms-apps
08-05 13:36:55.110   918   936 I ActivityManager: Displayed baseline.de.danoeh.antennapod.debug/baseline.de.danoeh.antennapod.activity.MainActivity: +465ms (total +956ms)
08-05 13:36:55.114 13866 13866 I GoogleInputMethodServic: GoogleInputMethodService.onFinishInput():3138 
08-05 13:36:55.115 13866 13866 I GoogleInputMethodServic: GoogleInputMethodService.onStartInput():1808 
08-05 13:36:55.145 29532 29532 W PathParser: Points are too far apart 4.030360828967057
08-05 13:36:55.145 29532 29532 W PathParser: Points are too far apart 4.030360538880159
08-05 13:36:55.163 29532 29532 W PathParser: Points are too far apart 4.030360828967057
08-05 13:36:55.163 29532 29532 W PathParser: Points are too far apart 4.030360538880159
08-05 13:36:55.178 29532 29532 W PathParser: Points are too far apart 4.030360828967057
08-05 13:36:55.178 29532 29532 W PathParser: Points are too far apart 4.030360538880159
08-05 13:36:55.195 29532 29532 W PathParser: Points are too far apart 4.030360828967057
08-05 13:36:55.195 29532 29532 W PathParser: Points are too far apart 4.030360538880159
08-05 13:36:55.212 29532 29532 W PathParser: Points are too far apart 4.030360828967057
08-05 13:36:55.212 29532 29532 W PathParser: Points are too far apart 4.030360538880159
08-05 13:36:55.230 29532 29532 W PathParser: Points are too far apart 4.030360828967057
08-05 13:36:55.230 29532 29532 W PathParser: Points are too far apart 4.030360538880159
08-05 13:36:55.246 29532 29532 W PathParser: Points are too far apart 4.030360828967057
08-05 13:36:55.246 29532 29532 W PathParser: Points are too far apart 4.030360538880159
08-05 13:36:55.262 29532 29532 W PathParser: Points are too far apart 4.030360828967057
08-05 13:36:55.263 29532 29532 W PathParser: Points are too far apart 4.030360538880159
08-05 13:36:55.764  2372  2372 D AndroidRuntime: >>>>>> START com.android.internal.os.RuntimeInit uid 2000 <<<<<<
08-05 13:36:55.771  2372  2372 D AndroidRuntime: CheckJNI is OFF
08-05 13:36:55.806  2372  2372 D ICU     : No timezone override file found: /data/misc/zoneinfo/current/icu/icu_tzdata.dat
08-05 13:36:55.845  2372  2372 I Radio-JNI: register_android_hardware_Radio DONE
08-05 13:36:55.862  2372  2372 D AndroidRuntime: Calling main entry com.android.commands.am.Am
08-05 13:36:55.870 16924 16924 I Trepn   : Trepn 6.2s: Received intent: com.quicinc.trepn.start_profiling
08-05 13:36:55.870  2324  2383 D DBReader: Extracting Feedlist
08-05 13:36:55.872  2324  2383 D FlattrUtils: Retrieving access token
08-05 13:36:55.872  2324  2383 D FlattrUtils: No access token found
08-05 13:36:55.874  2324  2383 I art     : Rejecting re-init on previously-failed class java.lang.Class<androidx.core.app.JobIntentService$JobServiceEngineImpl>
08-05 13:36:55.874  2324  2383 I art     : Rejecting re-init on previously-failed class java.lang.Class<androidx.core.app.JobIntentService$JobServiceEngineImpl>
08-05 13:36:55.874  2324  2383 I art     : Rejecting re-init on previously-failed class java.lang.Class<androidx.core.app.SafeJobIntentService$SafeJobServiceEngineImpl>
08-05 13:36:55.875  2324  2383 I art     : Rejecting re-init on previously-failed class java.lang.Class<androidx.core.app.SafeJobIntentService$SafeJobServiceEngineImpl>
08-05 13:36:56.056 16924 16924 W FileUtils: Failed to chmod(/storage/emulated/0/trepn/Trepn_2020.08.05_133655.db): android.system.ErrnoException: chmod failed: EPERM (Operation not permitted)
08-05 13:36:56.245 16924 16924 I Trepn   : Trepn 6.2s: Trepn has Started Profiling.
08-05 13:36:56.247  2372  2372 D AndroidRuntime: Shutting down VM
08-05 13:36:56.314 13866 13866 I GoogleInputMethodServic: GoogleInputMethodService.onFinishInput():3138 
08-05 13:36:56.317 13866 13866 I GoogleInputMethodServic: GoogleInputMethodService.onStartInput():1808 
08-05 13:36:56.726  2324  2336 I art     : Starting a blocking GC Explicit
08-05 13:36:56.757  2324  2336 I art     : Explicit concurrent mark sweep GC freed 19928(2019KB) AllocSpace objects, 7(140KB) LOS objects, 40% free, 23MB/38MB, paused 247us total 30.768ms
08-05 13:36:56.766  2324  2336 I art     : Starting a blocking GC Explicit
08-05 13:36:56.780  2324  2336 I art     : Explicit concurrent mark sweep GC freed 3356(193KB) AllocSpace objects, 2(588KB) LOS objects, 40% free, 22MB/37MB, paused 157us total 13.827ms
08-05 13:36:56.786  2324  2336 I art     : Starting a blocking GC Explicit
08-05 13:36:56.798  2324  2336 I art     : Explicit concurrent mark sweep GC freed 3(96B) AllocSpace objects, 0(0B) LOS objects, 40% free, 22MB/37MB, paused 140us total 12.532ms
08-05 13:36:56.804  2324  2336 I art     : Starting a blocking GC Explicit
08-05 13:36:56.817  2324  2336 I art     : Explicit concurrent mark sweep GC freed 3(96B) AllocSpace objects, 0(0B) LOS objects, 40% free, 22MB/37MB, paused 145us total 12.662ms
08-05 13:36:56.823  2324  2336 I art     : Starting a blocking GC Explicit
08-05 13:36:56.836  2324  2336 I art     : Explicit concurrent mark sweep GC freed 3(96B) AllocSpace objects, 0(0B) LOS objects, 40% free, 22MB/37MB, paused 147us total 12.318ms
08-05 13:36:57.128  2324  2404 I art     : Starting a blocking GC Explicit
08-05 13:36:57.149  2324  2404 I art     : Explicit concurrent mark sweep GC freed 1371(82KB) AllocSpace objects, 1(20KB) LOS objects, 40% free, 22MB/37MB, paused 289us total 20.467ms
08-05 13:36:57.161  2324  2404 I art     : Starting a blocking GC Explicit
08-05 13:36:57.175  2324  2404 I art     : Explicit concurrent mark sweep GC freed 23(752B) AllocSpace objects, 0(0B) LOS objects, 40% free, 22MB/37MB, paused 156us total 13.799ms
08-05 13:36:57.181  2324  2404 I art     : Starting a blocking GC Explicit
08-05 13:36:57.194  2324  2404 I art     : Explicit concurrent mark sweep GC freed 3(96B) AllocSpace objects, 0(0B) LOS objects, 40% free, 22MB/37MB, paused 135us total 12.043ms
08-05 13:36:57.200  2324  2404 I art     : Starting a blocking GC Explicit
08-05 13:36:57.212  2324  2404 I art     : Explicit concurrent mark sweep GC freed 3(96B) AllocSpace objects, 0(0B) LOS objects, 40% free, 22MB/37MB, paused 167us total 11.954ms
08-05 13:36:57.218  2324  2404 I art     : Starting a blocking GC Explicit
08-05 13:36:57.229  2324  2404 I art     : Explicit concurrent mark sweep GC freed 3(96B) AllocSpace objects, 0(0B) LOS objects, 40% free, 22MB/37MB, paused 137us total 11.132ms
08-05 13:36:57.507  2324  2337 I art     : Starting a blocking GC Explicit
08-05 13:36:57.522  2324  2337 I art     : Explicit concurrent mark sweep GC freed 1385(80KB) AllocSpace objects, 1(20KB) LOS objects, 40% free, 22MB/37MB, paused 167us total 14.900ms
08-05 13:36:57.529  2324  2337 I art     : Starting a blocking GC Explicit
08-05 13:36:57.542  2324  2337 I art     : Explicit concurrent mark sweep GC freed 23(752B) AllocSpace objects, 0(0B) LOS objects, 40% free, 22MB/37MB, paused 152us total 13.222ms
08-05 13:36:57.548  2324  2337 I art     : Starting a blocking GC Explicit
08-05 13:36:57.561  2324  2337 I art     : Explicit concurrent mark sweep GC freed 3(96B) AllocSpace objects, 0(0B) LOS objects, 40% free, 22MB/37MB, paused 153us total 12.598ms
08-05 13:36:57.567  2324  2337 I art     : Starting a blocking GC Explicit
08-05 13:36:57.580  2324  2337 I art     : Explicit concurrent mark sweep GC freed 3(96B) AllocSpace objects, 0(0B) LOS objects, 40% free, 22MB/37MB, paused 174us total 12.659ms
08-05 13:36:57.587  2324  2337 I art     : Starting a blocking GC Explicit
08-05 13:36:57.600  2324  2337 I art     : Explicit concurrent mark sweep GC freed 3(96B) AllocSpace objects, 0(0B) LOS objects, 40% free, 22MB/37MB, paused 147us total 12.708ms
08-05 13:36:57.908  2324  2336 I art     : Starting a blocking GC Explicit
08-05 13:36:57.925  2324  2336 I art     : Explicit concurrent mark sweep GC freed 1360(79KB) AllocSpace objects, 1(20KB) LOS objects, 40% free, 22MB/37MB, paused 177us total 16.841ms
08-05 13:36:57.932  2324  2336 I art     : Starting a blocking GC Explicit
08-05 13:36:57.945  2324  2336 I art     : Explicit concurrent mark sweep GC freed 25(816B) AllocSpace objects, 0(0B) LOS objects, 40% free, 22MB/37MB, paused 142us total 12.560ms
08-05 13:36:57.951  2324  2336 I art     : Starting a blocking GC Explicit
08-05 13:36:57.962  2324  2336 I art     : Explicit concurrent mark sweep GC freed 5(160B) AllocSpace objects, 0(0B) LOS objects, 40% free, 22MB/37MB, paused 258us total 11.361ms
08-05 13:36:57.968  2324  2336 I art     : Starting a blocking GC Explicit
08-05 13:36:57.980  2324  2336 I art     : Explicit concurrent mark sweep GC freed 5(160B) AllocSpace objects, 0(0B) LOS objects, 40% free, 22MB/37MB, paused 131us total 11.413ms
08-05 13:36:57.986  2324  2336 I art     : Starting a blocking GC Explicit
08-05 13:36:57.998  2324  2336 I art     : Explicit concurrent mark sweep GC freed 5(160B) AllocSpace objects, 0(0B) LOS objects, 40% free, 22MB/37MB, paused 232us total 11.773ms
08-05 13:36:58.308  2324  2404 I art     : Starting a blocking GC Explicit
08-05 13:36:58.329  2324  2404 I art     : Explicit concurrent mark sweep GC freed 1374(80KB) AllocSpace objects, 1(20KB) LOS objects, 40% free, 22MB/37MB, paused 304us total 20.460ms
08-05 13:36:58.339  2324  2404 I art     : Starting a blocking GC Explicit
08-05 13:36:58.353  2324  2404 I art     : Explicit concurrent mark sweep GC freed 23(752B) AllocSpace objects, 0(0B) LOS objects, 40% free, 22MB/37MB, paused 163us total 13.641ms
08-05 13:36:58.359  2324  2404 I art     : Starting a blocking GC Explicit
08-05 13:36:58.373  2324  2404 I art     : Explicit concurrent mark sweep GC freed 3(96B) AllocSpace objects, 0(0B) LOS objects, 40% free, 22MB/37MB, paused 148us total 12.910ms
08-05 13:36:58.379  2324  2404 I art     : Starting a blocking GC Explicit
08-05 13:36:58.392  2324  2404 I art     : Explicit concurrent mark sweep GC freed 3(96B) AllocSpace objects, 0(0B) LOS objects, 40% free, 22MB/37MB, paused 153us total 12.844ms
08-05 13:36:58.398  2324  2404 I art     : Starting a blocking GC Explicit
08-05 13:36:58.411  2324  2404 I art     : Explicit concurrent mark sweep GC freed 30(832B) AllocSpace objects, 0(0B) LOS objects, 40% free, 22MB/37MB, paused 152us total 12.678ms
08-05 13:36:58.725  2324  2336 I art     : Starting a blocking GC Explicit
08-05 13:36:58.748  2324  2336 I art     : Explicit concurrent mark sweep GC freed 1356(80KB) AllocSpace objects, 1(20KB) LOS objects, 40% free, 22MB/37MB, paused 394us total 23.042ms
08-05 13:36:58.758  2324  2336 I art     : Starting a blocking GC Explicit
08-05 13:36:58.772  2324  2336 I art     : Explicit concurrent mark sweep GC freed 23(752B) AllocSpace objects, 0(0B) LOS objects, 40% free, 22MB/37MB, paused 151us total 13.489ms
08-05 13:36:58.779  2324  2336 I art     : Starting a blocking GC Explicit
08-05 13:36:58.791  2324  2336 I art     : Explicit concurrent mark sweep GC freed 3(96B) AllocSpace objects, 0(0B) LOS objects, 40% free, 22MB/37MB, paused 139us total 12.340ms
08-05 13:36:58.798  2324  2336 I art     : Starting a blocking GC Explicit
08-05 13:36:58.810  2324  2336 I art     : Explicit concurrent mark sweep GC freed 3(96B) AllocSpace objects, 0(0B) LOS objects, 40% free, 22MB/37MB, paused 149us total 12.419ms
08-05 13:36:58.817  2324  2336 I art     : Starting a blocking GC Explicit
08-05 13:36:58.830  2324  2336 I art     : Explicit concurrent mark sweep GC freed 3(96B) AllocSpace objects, 0(0B) LOS objects, 40% free, 22MB/37MB, paused 147us total 12.922ms
08-05 13:36:59.136  2324  2337 I art     : Starting a blocking GC Explicit
08-05 13:36:59.156  2324  2337 I art     : Explicit concurrent mark sweep GC freed 1358(81KB) AllocSpace objects, 1(20KB) LOS objects, 40% free, 22MB/37MB, paused 238us total 18.923ms
08-05 13:36:59.168  2324  2337 I art     : Starting a blocking GC Explicit
08-05 13:36:59.181  2324  2337 I art     : Explicit concurrent mark sweep GC freed 23(752B) AllocSpace objects, 0(0B) LOS objects, 40% free, 22MB/37MB, paused 157us total 13.472ms
08-05 13:36:59.188  2324  2337 I art     : Starting a blocking GC Explicit
08-05 13:36:59.201  2324  2337 I art     : Explicit concurrent mark sweep GC freed 3(96B) AllocSpace objects, 0(0B) LOS objects, 40% free, 22MB/37MB, paused 160us total 13.226ms
08-05 13:36:59.208  2324  2337 I art     : Starting a blocking GC Explicit
08-05 13:36:59.221  2324  2337 I art     : Explicit concurrent mark sweep GC freed 3(96B) AllocSpace objects, 0(0B) LOS objects, 40% free, 22MB/37MB, paused 147us total 12.384ms
08-05 13:36:59.227  2324  2337 I art     : Starting a blocking GC Explicit
08-05 13:36:59.239  2324  2337 I art     : Explicit concurrent mark sweep GC freed 3(96B) AllocSpace objects, 0(0B) LOS objects, 40% free, 22MB/37MB, paused 138us total 12.314ms
08-05 13:36:59.538  2324  2404 I art     : Starting a blocking GC Explicit
08-05 13:36:59.557  2324  2404 I art     : Explicit concurrent mark sweep GC freed 1384(82KB) AllocSpace objects, 1(20KB) LOS objects, 40% free, 22MB/37MB, paused 194us total 18.567ms
08-05 13:36:59.565  2324  2404 I art     : Starting a blocking GC Explicit
08-05 13:36:59.579  2324  2404 I art     : Explicit concurrent mark sweep GC freed 23(752B) AllocSpace objects, 0(0B) LOS objects, 40% free, 22MB/37MB, paused 158us total 13.320ms
08-05 13:36:59.585  2324  2404 I art     : Starting a blocking GC Explicit
08-05 13:36:59.599  2324  2404 I art     : Explicit concurrent mark sweep GC freed 3(96B) AllocSpace objects, 0(0B) LOS objects, 40% free, 22MB/37MB, paused 160us total 13.215ms
08-05 13:36:59.605  2324  2404 I art     : Starting a blocking GC Explicit
08-05 13:36:59.618  2324  2404 I art     : Explicit concurrent mark sweep GC freed 3(96B) AllocSpace objects, 0(0B) LOS objects, 40% free, 22MB/37MB, paused 153us total 12.599ms
08-05 13:36:59.624  2324  2404 I art     : Starting a blocking GC Explicit
08-05 13:36:59.637  2324  2404 I art     : Explicit concurrent mark sweep GC freed 3(96B) AllocSpace objects, 0(0B) LOS objects, 40% free, 22MB/37MB, paused 159us total 12.564ms
08-05 13:36:59.934  2324  2336 I art     : Starting a blocking GC Explicit
08-05 13:36:59.954  2324  2336 I art     : Explicit concurrent mark sweep GC freed 1356(79KB) AllocSpace objects, 1(20KB) LOS objects, 40% free, 22MB/37MB, paused 211us total 19.289ms
08-05 13:36:59.964  2324  2336 I art     : Starting a blocking GC Explicit
08-05 13:36:59.981  2324  2336 I art     : Explicit concurrent mark sweep GC freed 23(752B) AllocSpace objects, 0(0B) LOS objects, 40% free, 22MB/37MB, paused 167us total 16.519ms
08-05 13:36:59.991  2324  2336 I art     : Starting a blocking GC Explicit
08-05 13:37:00.004  2324  2336 I art     : Explicit concurrent mark sweep GC freed 3(96B) AllocSpace objects, 0(0B) LOS objects, 40% free, 22MB/37MB, paused 160us total 12.963ms
08-05 13:37:00.011  2324  2336 I art     : Starting a blocking GC Explicit
08-05 13:37:00.023  2324  2336 I art     : Explicit concurrent mark sweep GC freed 3(96B) AllocSpace objects, 0(0B) LOS objects, 40% free, 22MB/37MB, paused 131us total 12.199ms
08-05 13:37:00.028  2324  2336 I art     : Starting a blocking GC Explicit
08-05 13:37:00.040  2324  2336 I art     : Explicit concurrent mark sweep GC freed 3(96B) AllocSpace objects, 0(0B) LOS objects, 40% free, 22MB/37MB, paused 137us total 11.042ms
08-05 13:37:00.319  2324  2337 I art     : Starting a blocking GC Explicit
08-05 13:37:00.334  2324  2337 I art     : Explicit concurrent mark sweep GC freed 1356(79KB) AllocSpace objects, 1(20KB) LOS objects, 40% free, 22MB/37MB, paused 166us total 14.242ms
08-05 13:37:00.340  2324  2337 I art     : Starting a blocking GC Explicit
08-05 13:37:00.354  2324  2337 I art     : Explicit concurrent mark sweep GC freed 23(752B) AllocSpace objects, 0(0B) LOS objects, 40% free, 22MB/37MB, paused 151us total 13.113ms
08-05 13:37:00.360  2324  2337 I art     : Starting a blocking GC Explicit
08-05 13:37:00.372  2324  2337 I art     : Explicit concurrent mark sweep GC freed 3(96B) AllocSpace objects, 0(0B) LOS objects, 40% free, 22MB/37MB, paused 145us total 11.979ms
08-05 13:37:00.378  2324  2337 I art     : Starting a blocking GC Explicit
08-05 13:37:00.390  2324  2337 I art     : Explicit concurrent mark sweep GC freed 3(96B) AllocSpace objects, 0(0B) LOS objects, 40% free, 22MB/37MB, paused 137us total 11.610ms
08-05 13:37:00.396  2324  2337 I art     : Starting a blocking GC Explicit
08-05 13:37:00.407  2324  2337 I art     : Explicit concurrent mark sweep GC freed 30(832B) AllocSpace objects, 0(0B) LOS objects, 40% free, 22MB/37MB, paused 142us total 11.286ms
08-05 13:37:00.707  2324  2404 I art     : Starting a blocking GC Explicit
08-05 13:37:00.726  2324  2404 I art     : Explicit concurrent mark sweep GC freed 1355(79KB) AllocSpace objects, 1(20KB) LOS objects, 40% free, 22MB/37MB, paused 185us total 18.528ms
08-05 13:37:00.736  2324  2404 I art     : Starting a blocking GC Explicit
08-05 13:37:00.755  2324  2404 I art     : Explicit concurrent mark sweep GC freed 23(752B) AllocSpace objects, 0(0B) LOS objects, 40% free, 22MB/37MB, paused 135us total 18.576ms
08-05 13:37:00.761  2324  2404 I art     : Starting a blocking GC Explicit
08-05 13:37:00.773  2324  2404 I art     : Explicit concurrent mark sweep GC freed 3(96B) AllocSpace objects, 0(0B) LOS objects, 40% free, 22MB/37MB, paused 153us total 11.965ms
08-05 13:37:00.779  2324  2404 I art     : Starting a blocking GC Explicit
08-05 13:37:00.791  2324  2404 I art     : Explicit concurrent mark sweep GC freed 3(96B) AllocSpace objects, 0(0B) LOS objects, 40% free, 22MB/37MB, paused 150us total 12.032ms
08-05 13:37:00.797  2324  2404 I art     : Starting a blocking GC Explicit
08-05 13:37:00.809  2324  2404 I art     : Explicit concurrent mark sweep GC freed 3(96B) AllocSpace objects, 0(0B) LOS objects, 40% free, 22MB/37MB, paused 148us total 11.887ms
08-05 13:37:01.079  2324  2336 I art     : Starting a blocking GC Explicit
08-05 13:37:01.093  2324  2336 I art     : Explicit concurrent mark sweep GC freed 1356(79KB) AllocSpace objects, 1(20KB) LOS objects, 40% free, 22MB/37MB, paused 168us total 14.520ms
08-05 13:37:01.101  2324  2336 I art     : Starting a blocking GC Explicit
08-05 13:37:01.113  2324  2336 I art     : Explicit concurrent mark sweep GC freed 23(752B) AllocSpace objects, 0(0B) LOS objects, 40% free, 22MB/37MB, paused 153us total 12.239ms
08-05 13:37:01.120  2324  2336 I art     : Starting a blocking GC Explicit
08-05 13:37:01.132  2324  2336 I art     : Explicit concurrent mark sweep GC freed 3(96B) AllocSpace objects, 0(0B) LOS objects, 40% free, 22MB/37MB, paused 145us total 12.382ms
08-05 13:37:01.139  2324  2336 I art     : Starting a blocking GC Explicit
08-05 13:37:01.150  2324  2336 I art     : Explicit concurrent mark sweep GC freed 3(96B) AllocSpace objects, 0(0B) LOS objects, 40% free, 22MB/37MB, paused 143us total 10.872ms
08-05 13:37:01.155  2324  2336 I art     : Starting a blocking GC Explicit
08-05 13:37:01.167  2324  2336 I art     : Explicit concurrent mark sweep GC freed 3(96B) AllocSpace objects, 0(0B) LOS objects, 40% free, 22MB/37MB, paused 233us total 11.071ms
08-05 13:37:01.444  2324  2337 I art     : Starting a blocking GC Explicit
08-05 13:37:01.452  2544  2544 D AndroidRuntime: >>>>>> START com.android.internal.os.RuntimeInit uid 2000 <<<<<<
08-05 13:37:01.457  2544  2544 D AndroidRuntime: CheckJNI is OFF
08-05 13:37:01.458  2324  2337 I art     : Explicit concurrent mark sweep GC freed 1382(80KB) AllocSpace objects, 1(20KB) LOS objects, 40% free, 22MB/37MB, paused 187us total 13.481ms
08-05 13:37:01.465  2324  2337 I art     : Starting a blocking GC Explicit
08-05 13:37:01.475  2324  2337 I art     : Explicit concurrent mark sweep GC freed 23(752B) AllocSpace objects, 0(0B) LOS objects, 40% free, 22MB/37MB, paused 144us total 10.807ms
08-05 13:37:01.481  2324  2337 I art     : Starting a blocking GC Explicit
08-05 13:37:01.483  2544  2544 D ICU     : No timezone override file found: /data/misc/zoneinfo/current/icu/icu_tzdata.dat
08-05 13:37:01.492  2324  2337 I art     : Explicit concurrent mark sweep GC freed 3(96B) AllocSpace objects, 0(0B) LOS objects, 40% free, 22MB/37MB, paused 159us total 11.233ms
08-05 13:37:01.498  2324  2337 I art     : Starting a blocking GC Explicit
08-05 13:37:01.508  2544  2544 I Radio-JNI: register_android_hardware_Radio DONE
08-05 13:37:01.509  2324  2337 I art     : Explicit concurrent mark sweep GC freed 3(96B) AllocSpace objects, 0(0B) LOS objects, 40% free, 22MB/37MB, paused 148us total 11.619ms
08-05 13:37:01.515  2324  2337 I art     : Starting a blocking GC Explicit
08-05 13:37:01.524  2544  2544 D AndroidRuntime: Calling main entry com.android.commands.input.Input
08-05 13:37:01.525  2544  2544 I Input   : injectMotionEvent: MotionEvent { action=ACTION_DOWN, actionButton=0, id[0]=0, x[0]=1233.0, y[0]=1274.0, toolType[0]=TOOL_TYPE_UNKNOWN, buttonState=0, metaState=0, flags=0x0, edgeFlags=0x0, pointerCount=1, historySize=0, eventTime=797837938, downTime=797837938, deviceId=0, source=0x1002 }
08-05 13:37:01.526  2324  2337 I art     : Explicit concurrent mark sweep GC freed 3(96B) AllocSpace objects, 0(0B) LOS objects, 40% free, 22MB/37MB, paused 165us total 11.390ms
08-05 13:37:01.531  2544  2544 I Input   : injectMotionEvent: MotionEvent { action=ACTION_UP, actionButton=0, id[0]=0, x[0]=1233.0, y[0]=1274.0, toolType[0]=TOOL_TYPE_UNKNOWN, buttonState=0, metaState=0, flags=0x0, edgeFlags=0x0, pointerCount=1, historySize=0, eventTime=797837938, downTime=797837938, deviceId=0, source=0x1002 }
08-05 13:37:01.532  2544  2544 D AndroidRuntime: Shutting down VM
08-05 13:37:01.754  2324  2404 I art     : Starting a blocking GC Explicit
08-05 13:37:01.768  2324  2404 I art     : Explicit concurrent mark sweep GC freed 1358(79KB) AllocSpace objects, 1(20KB) LOS objects, 40% free, 22MB/37MB, paused 157us total 13.802ms
08-05 13:37:01.768  2324  2335 I art     : WaitForGcToComplete blocked for 10.613ms for cause HeapTrim
08-05 13:37:01.775  2324  2404 I art     : Starting a blocking GC Explicit
08-05 13:37:01.788  2324  2404 I art     : Explicit concurrent mark sweep GC freed 23(752B) AllocSpace objects, 0(0B) LOS objects, 40% free, 22MB/37MB, paused 166us total 12.591ms
08-05 13:37:01.795  2324  2404 I art     : Starting a blocking GC Explicit
08-05 13:37:01.807  2324  2404 I art     : Explicit concurrent mark sweep GC freed 3(96B) AllocSpace objects, 0(0B) LOS objects, 40% free, 22MB/37MB, paused 200us total 12.041ms
08-05 13:37:01.813  2324  2404 I art     : Starting a blocking GC Explicit
08-05 13:37:01.826  2324  2404 I art     : Explicit concurrent mark sweep GC freed 3(96B) AllocSpace objects, 0(0B) LOS objects, 40% free, 22MB/37MB, paused 160us total 12.155ms
08-05 13:37:01.832  2324  2404 I art     : Starting a blocking GC Explicit
08-05 13:37:01.844  2324  2404 I art     : Explicit concurrent mark sweep GC freed 3(96B) AllocSpace objects, 0(0B) LOS objects, 40% free, 22MB/37MB, paused 146us total 12.397ms
08-05 13:37:01.962 13866 13866 I GoogleInputMethodServic: GoogleInputMethodService.onFinishInput():3138 
08-05 13:37:01.963 13866 13866 I GoogleInputMethodServic: GoogleInputMethodService.onStartInput():1808 
08-05 13:37:02.098 32409 32409 I ServiceManager: Waiting for service AtCmdFwd...
08-05 13:37:02.101  2324  2404 I art     : Starting a blocking GC Explicit
08-05 13:37:02.116  2324  2404 I art     : Explicit concurrent mark sweep GC freed 1453(83KB) AllocSpace objects, 1(20KB) LOS objects, 40% free, 22MB/37MB, paused 156us total 14.992ms
08-05 13:37:02.126  2324  2404 I art     : Starting a blocking GC Explicit
08-05 13:37:02.143  2324  2404 I art     : Explicit concurrent mark sweep GC freed 31(1200B) AllocSpace objects, 0(0B) LOS objects, 40% free, 22MB/37MB, paused 182us total 16.041ms
08-05 13:37:02.151  2324  2404 I art     : Starting a blocking GC Explicit
08-05 13:37:02.164  2324  2404 I art     : Explicit concurrent mark sweep GC freed 3(96B) AllocSpace objects, 0(0B) LOS objects, 40% free, 22MB/37MB, paused 148us total 12.884ms
08-05 13:37:02.171  2324  2404 I art     : Starting a blocking GC Explicit
08-05 13:37:02.183  2324  2404 I art     : Explicit concurrent mark sweep GC freed 3(96B) AllocSpace objects, 0(0B) LOS objects, 40% free, 22MB/37MB, paused 152us total 12.592ms
08-05 13:37:02.190  2324  2404 I art     : Starting a blocking GC Explicit
08-05 13:37:02.203  2324  2404 I art     : Explicit concurrent mark sweep GC freed 3(96B) AllocSpace objects, 0(0B) LOS objects, 40% free, 22MB/37MB, paused 137us total 12.304ms
08-05 13:37:02.477  2324  2337 I art     : Starting a blocking GC Explicit
08-05 13:37:02.494  2324  2337 I art     : Explicit concurrent mark sweep GC freed 1383(80KB) AllocSpace objects, 1(20KB) LOS objects, 40% free, 22MB/37MB, paused 179us total 16.460ms
08-05 13:37:02.504  2324  2337 I art     : Starting a blocking GC Explicit
08-05 13:37:02.518  2324  2337 I art     : Explicit concurrent mark sweep GC freed 23(752B) AllocSpace objects, 0(0B) LOS objects, 40% free, 22MB/37MB, paused 151us total 13.681ms
08-05 13:37:02.524  2324  2337 I art     : Starting a blocking GC Explicit
08-05 13:37:02.537  2324  2337 I art     : Explicit concurrent mark sweep GC freed 3(96B) AllocSpace objects, 0(0B) LOS objects, 40% free, 22MB/37MB, paused 205us total 12.631ms
08-05 13:37:02.543  2324  2337 I art     : Starting a blocking GC Explicit
08-05 13:37:02.556  2324  2337 I art     : Explicit concurrent mark sweep GC freed 3(96B) AllocSpace objects, 0(0B) LOS objects, 40% free, 22MB/37MB, paused 152us total 13.290ms
08-05 13:37:02.563  2324  2337 I art     : Starting a blocking GC Explicit
08-05 13:37:02.575  2324  2337 I art     : Explicit concurrent mark sweep GC freed 3(96B) AllocSpace objects, 0(0B) LOS objects, 40% free, 22MB/37MB, paused 155us total 12.349ms
08-05 13:37:02.835  2324  2336 I art     : Starting a blocking GC Explicit
08-05 13:37:02.848  2324  2336 I art     : Explicit concurrent mark sweep GC freed 1355(79KB) AllocSpace objects, 1(20KB) LOS objects, 40% free, 22MB/37MB, paused 148us total 13.654ms
08-05 13:37:02.855  2324  2336 I art     : Starting a blocking GC Explicit
08-05 13:37:02.868  2324  2336 I art     : Explicit concurrent mark sweep GC freed 23(752B) AllocSpace objects, 0(0B) LOS objects, 40% free, 22MB/37MB, paused 146us total 13.050ms
08-05 13:37:02.874  2324  2336 I art     : Starting a blocking GC Explicit
08-05 13:37:02.886  2324  2336 I art     : Explicit concurrent mark sweep GC freed 3(96B) AllocSpace objects, 0(0B) LOS objects, 40% free, 22MB/37MB, paused 143us total 12.271ms
08-05 13:37:02.892  2324  2336 I art     : Starting a blocking GC Explicit
08-05 13:37:02.905  2324  2336 I art     : Explicit concurrent mark sweep GC freed 3(96B) AllocSpace objects, 0(0B) LOS objects, 40% free, 22MB/37MB, paused 150us total 12.287ms
08-05 13:37:02.911  2324  2336 I art     : Starting a blocking GC Explicit
08-05 13:37:02.923  2324  2336 I art     : Explicit concurrent mark sweep GC freed 3(96B) AllocSpace objects, 0(0B) LOS objects, 40% free, 22MB/37MB, paused 137us total 11.199ms
08-05 13:37:03.098 32409 32409 I ServiceManager: Waiting for service AtCmdFwd...
08-05 13:37:03.100  2610  2610 D AndroidRuntime: >>>>>> START com.android.internal.os.RuntimeInit uid 2000 <<<<<<
08-05 13:37:03.105  2610  2610 D AndroidRuntime: CheckJNI is OFF
08-05 13:37:03.128  2610  2610 D ICU     : No timezone override file found: /data/misc/zoneinfo/current/icu/icu_tzdata.dat
08-05 13:37:03.162  2610  2610 I Radio-JNI: register_android_hardware_Radio DONE
08-05 13:37:03.164  2324  2404 I art     : Starting a blocking GC Explicit
08-05 13:37:03.177  2324  2404 I art     : Explicit concurrent mark sweep GC freed 1355(79KB) AllocSpace objects, 1(20KB) LOS objects, 40% free, 22MB/37MB, paused 175us total 12.826ms
08-05 13:37:03.179  2610  2610 D AndroidRuntime: Calling main entry com.android.commands.input.Input
08-05 13:37:03.181  2610  2610 I Input   : injectMotionEvent: MotionEvent { action=ACTION_DOWN, actionButton=0, id[0]=0, x[0]=103.0, y[0]=192.0, toolType[0]=TOOL_TYPE_UNKNOWN, buttonState=0, metaState=0, flags=0x0, edgeFlags=0x0, pointerCount=1, historySize=0, eventTime=797839594, downTime=797839594, deviceId=0, source=0x1002 }
08-05 13:37:03.183  2324  2404 I art     : Starting a blocking GC Explicit
08-05 13:37:03.185  2610  2610 I Input   : injectMotionEvent: MotionEvent { action=ACTION_UP, actionButton=0, id[0]=0, x[0]=103.0, y[0]=192.0, toolType[0]=TOOL_TYPE_UNKNOWN, buttonState=0, metaState=0, flags=0x0, edgeFlags=0x0, pointerCount=1, historySize=0, eventTime=797839594, downTime=797839594, deviceId=0, source=0x1002 }
08-05 13:37:03.187  2610  2610 D AndroidRuntime: Shutting down VM
08-05 13:37:03.196  2324  2404 I art     : Explicit concurrent mark sweep GC freed 43(1376B) AllocSpace objects, 0(0B) LOS objects, 40% free, 22MB/37MB, paused 165us total 13.077ms
08-05 13:37:03.202  2324  2404 I art     : Starting a blocking GC Explicit
08-05 13:37:03.208   512  2967 D audio_hw_primary: out_set_parameters: enter: usecase(1: low-latency-playback) kvpairs: routing=2
08-05 13:37:03.216  2324  2404 I art     : Explicit concurrent mark sweep GC freed 13(400B) AllocSpace objects, 0(0B) LOS objects, 40% free, 22MB/37MB, paused 144us total 13.360ms
08-05 13:37:03.222   512  2967 D audio_hw_primary: select_devices: out_snd_device(2: speaker) in_snd_device(0: none)
08-05 13:37:03.222  2324  2404 I art     : Starting a blocking GC Explicit
08-05 13:37:03.222   512  2967 D msm8974_platform: platform_send_audio_calibration: sending audio calibration for snd_device(2) acdb_id(15)
08-05 13:37:03.222   512  2967 I soundtrigger: audio_extn_sound_trigger_update_device_status: device 0x2 of type 0 for Event 1
08-05 13:37:03.232   512  2967 D audio_hw_primary: enable_snd_device: snd_device(2: speaker)
08-05 13:37:03.234   512  2967 D audio_hw_primary: enable_audio_route: apply and update mixer path: low-latency-playback speaker
08-05 13:37:03.235  2324  2404 I art     : Explicit concurrent mark sweep GC freed 34(1088B) AllocSpace objects, 0(0B) LOS objects, 40% free, 22MB/37MB, paused 164us total 13.096ms
08-05 13:37:03.241  2324  2404 I art     : Starting a blocking GC Explicit
08-05 13:37:03.244 13866 13866 I GoogleInputMethodServic: GoogleInputMethodService.onFinishInput():3138 
08-05 13:37:03.245 13866 13866 I GoogleInputMethodServic: GoogleInputMethodService.onStartInput():1808 
08-05 13:37:03.254  2324  2404 I art     : Explicit concurrent mark sweep GC freed 69(2864B) AllocSpace objects, 0(0B) LOS objects, 40% free, 22MB/37MB, paused 307us total 12.444ms
08-05 13:37:03.493  2324  2337 I art     : Starting a blocking GC Explicit
08-05 13:37:03.506  2324  2337 I art     : Explicit concurrent mark sweep GC freed 1772(100KB) AllocSpace objects, 1(20KB) LOS objects, 40% free, 22MB/37MB, paused 156us total 12.250ms
08-05 13:37:03.513  2324  2337 I art     : Starting a blocking GC Explicit
08-05 13:37:03.525  2324  2337 I art     : Explicit concurrent mark sweep GC freed 29(1104B) AllocSpace objects, 0(0B) LOS objects, 40% free, 22MB/37MB, paused 151us total 11.993ms
08-05 13:37:03.532  2324  2337 I art     : Starting a blocking GC Explicit
08-05 13:37:03.544  2324  2337 I art     : Explicit concurrent mark sweep GC freed 9(288B) AllocSpace objects, 0(0B) LOS objects, 40% free, 22MB/37MB, paused 163us total 12.611ms
08-05 13:37:03.551  2324  2337 I art     : Starting a blocking GC Explicit
08-05 13:37:03.563  2324  2337 I art     : Explicit concurrent mark sweep GC freed 3(96B) AllocSpace objects, 0(0B) LOS objects, 40% free, 22MB/37MB, paused 150us total 12.565ms
08-05 13:37:03.569  2324  2337 I art     : Starting a blocking GC Explicit
08-05 13:37:03.582  2324  2337 I art     : Explicit concurrent mark sweep GC freed 3(96B) AllocSpace objects, 0(0B) LOS objects, 40% free, 22MB/37MB, paused 151us total 12.344ms
08-05 13:37:03.749  2642  2642 D AndroidRuntime: >>>>>> START com.android.internal.os.RuntimeInit uid 2000 <<<<<<
08-05 13:37:03.753  2642  2642 D AndroidRuntime: CheckJNI is OFF
08-05 13:37:03.768   512  2967 D audio_hw_primary: disable_audio_route: reset and update mixer path: low-latency-playback speaker
08-05 13:37:03.770   512  2967 D audio_hw_primary: disable_snd_device: snd_device(2: speaker)
08-05 13:37:03.778  2642  2642 D ICU     : No timezone override file found: /data/misc/zoneinfo/current/icu/icu_tzdata.dat
08-05 13:37:03.778   512  2967 I soundtrigger: audio_extn_sound_trigger_update_device_status: device 0x2 of type 0 for Event 0
08-05 13:37:03.800  2642  2642 I Radio-JNI: register_android_hardware_Radio DONE
08-05 13:37:03.815  2642  2642 D AndroidRuntime: Calling main entry com.android.commands.input.Input
08-05 13:37:03.817  2642  2642 I Input   : injectMotionEvent: MotionEvent { action=ACTION_DOWN, actionButton=0, id[0]=0, x[0]=324.0, y[0]=2298.0, toolType[0]=TOOL_TYPE_UNKNOWN, buttonState=0, metaState=0, flags=0x0, edgeFlags=0x0, pointerCount=1, historySize=0, eventTime=797840230, downTime=797840230, deviceId=0, source=0x1002 }
08-05 13:37:03.823  2642  2642 I Input   : injectMotionEvent: MotionEvent { action=ACTION_UP, actionButton=0, id[0]=0, x[0]=324.0, y[0]=2298.0, toolType[0]=TOOL_TYPE_UNKNOWN, buttonState=0, metaState=0, flags=0x0, edgeFlags=0x0, pointerCount=1, historySize=0, eventTime=797840230, downTime=797840230, deviceId=0, source=0x1002 }
08-05 13:37:03.825  2642  2642 D AndroidRuntime: Shutting down VM
08-05 13:37:03.828  2324  2336 I art     : Starting a blocking GC Explicit
08-05 13:37:03.840  2324  2336 I art     : Explicit concurrent mark sweep GC freed 1384(84KB) AllocSpace objects, 1(20KB) LOS objects, 40% free, 22MB/37MB, paused 238us total 11.884ms
08-05 13:37:03.841   512  2967 D audio_hw_primary: out_set_parameters: enter: usecase(1: low-latency-playback) kvpairs: routing=2
08-05 13:37:03.841   918  3359 I ActivityManager: START u0 {cmp=baseline.de.danoeh.antennapod.debug/baseline.de.danoeh.antennapod.activity.PreferenceActivity} from uid 10695 on display 0
08-05 13:37:03.846  2324  2336 I art     : Starting a blocking GC Explicit
08-05 13:37:03.854   512  2967 D audio_hw_primary: select_devices: out_snd_device(2: speaker) in_snd_device(0: none)
08-05 13:37:03.854   512  2967 D msm8974_platform: platform_send_audio_calibration: sending audio calibration for snd_device(2) acdb_id(15)
08-05 13:37:03.854   512  2967 I soundtrigger: audio_extn_sound_trigger_update_device_status: device 0x2 of type 0 for Event 1
08-05 13:37:03.859  2324  2336 I art     : Explicit concurrent mark sweep GC freed 64(7KB) AllocSpace objects, 0(0B) LOS objects, 40% free, 22MB/37MB, paused 302us total 12.275ms
08-05 13:37:03.866  2324  2336 I art     : Starting a blocking GC Explicit
08-05 13:37:03.867   512  2967 D audio_hw_primary: enable_snd_device: snd_device(2: speaker)
08-05 13:37:03.869   512  2967 D audio_hw_primary: enable_audio_route: apply and update mixer path: low-latency-playback speaker
08-05 13:37:03.879  2324  2336 I art     : Explicit concurrent mark sweep GC freed 463(43KB) AllocSpace objects, 1(20KB) LOS objects, 40% free, 22MB/37MB, paused 680us total 13.233ms
08-05 13:37:03.885  2324  2336 I art     : Starting a blocking GC Explicit
08-05 13:37:03.900  2324  2336 I art     : Explicit concurrent mark sweep GC freed 549(118KB) AllocSpace objects, 0(0B) LOS objects, 40% free, 22MB/37MB, paused 676us total 14.030ms
08-05 13:37:03.906  2324  2336 I art     : Starting a blocking GC Explicit
08-05 13:37:03.911   512  2967 D AudioFlinger: mixer(0xf4740000) throttle end: throttle time(12)
08-05 13:37:03.920  2324  2336 I art     : Explicit concurrent mark sweep GC freed 393(44KB) AllocSpace objects, 0(0B) LOS objects, 40% free, 22MB/37MB, paused 354us total 13.786ms
08-05 13:37:04.091 13866 13866 I GoogleInputMethodServic: GoogleInputMethodService.onFinishInput():3138 
08-05 13:37:04.092 13866 13866 I GoogleInputMethodServic: GoogleInputMethodService.onStartInput():1808 
08-05 13:37:04.093   918   936 I ActivityManager: Displayed baseline.de.danoeh.antennapod.debug/baseline.de.danoeh.antennapod.activity.PreferenceActivity: +226ms
08-05 13:37:04.099 32409 32409 I ServiceManager: Waiting for service AtCmdFwd...
08-05 13:37:04.130  2324  2345 D OpenGLRenderer: endAllStagingAnimators on 0x7f7f461000 (RippleDrawable) with handle 0x7f7e45a2c0
08-05 13:37:04.156  2324  2404 I art     : Starting a blocking GC Explicit
08-05 13:37:04.171  2324  2404 I art     : Explicit concurrent mark sweep GC freed 3399(244KB) AllocSpace objects, 1(20KB) LOS objects, 40% free, 23MB/39MB, paused 153us total 14.674ms
08-05 13:37:04.177  2324  2404 I art     : Starting a blocking GC Explicit
08-05 13:37:04.191  2324  2404 I art     : Explicit concurrent mark sweep GC freed 225(10KB) AllocSpace objects, 0(0B) LOS objects, 40% free, 23MB/38MB, paused 145us total 13.699ms
08-05 13:37:04.197  2324  2404 I art     : Starting a blocking GC Explicit
08-05 13:37:04.212  2324  2404 I art     : Explicit concurrent mark sweep GC freed 3(96B) AllocSpace objects, 0(0B) LOS objects, 40% free, 23MB/38MB, paused 141us total 13.883ms
08-05 13:37:04.218  2324  2404 I art     : Starting a blocking GC Explicit
08-05 13:37:04.232  2324  2404 I art     : Explicit concurrent mark sweep GC freed 3(96B) AllocSpace objects, 0(0B) LOS objects, 40% free, 23MB/38MB, paused 141us total 13.983ms
08-05 13:37:04.239  2324  2404 I art     : Starting a blocking GC Explicit
08-05 13:37:04.253  2324  2404 I art     : Explicit concurrent mark sweep GC freed 3(96B) AllocSpace objects, 0(0B) LOS objects, 40% free, 23MB/38MB, paused 144us total 14.191ms
08-05 13:37:04.262 16458 16488 I WorkerManager: dispose()
08-05 13:37:04.262 16458 16488 W ThreadPoolDumper: Queue length for executor EventBus is now 11. Perhaps some tasks are too long, or the pool is too small.
08-05 13:37:04.339   380   380 W SurfaceFlinger: couldn't log to binary event log: overflow.
08-05 13:37:04.400   512  2967 D audio_hw_primary: disable_audio_route: reset and update mixer path: low-latency-playback speaker
08-05 13:37:04.401   512  2967 D audio_hw_primary: disable_snd_device: snd_device(2: speaker)
08-05 13:37:04.408   512  2967 I soundtrigger: audio_extn_sound_trigger_update_device_status: device 0x2 of type 0 for Event 0
08-05 13:37:04.448  2324  2324 D PlaybackController: Releasing PlaybackController
08-05 13:37:04.520  2324  2337 I art     : Starting a blocking GC Explicit
08-05 13:37:04.538  2324  2337 I art     : Explicit concurrent mark sweep GC freed 1645(98KB) AllocSpace objects, 1(20KB) LOS objects, 40% free, 23MB/39MB, paused 153us total 17.729ms
08-05 13:37:04.544  2324  2337 I art     : Starting a blocking GC Explicit
08-05 13:37:04.559  2324  2337 I art     : Explicit concurrent mark sweep GC freed 63(2064B) AllocSpace objects, 0(0B) LOS objects, 40% free, 23MB/39MB, paused 152us total 14.132ms
08-05 13:37:04.564  2324  2337 I art     : Starting a blocking GC Explicit
08-05 13:37:04.578  2324  2337 I art     : Explicit concurrent mark sweep GC freed 3(96B) AllocSpace objects, 0(0B) LOS objects, 40% free, 23MB/39MB, paused 146us total 13.336ms
08-05 13:37:04.584  2324  2337 I art     : Starting a blocking GC Explicit
08-05 13:37:04.598  2324  2337 I art     : Explicit concurrent mark sweep GC freed 3(96B) AllocSpace objects, 0(0B) LOS objects, 40% free, 23MB/39MB, paused 361us total 13.515ms
08-05 13:37:04.605  2324  2337 I art     : Starting a blocking GC Explicit
08-05 13:37:04.619  2324  2337 I art     : Explicit concurrent mark sweep GC freed 3(96B) AllocSpace objects, 0(0B) LOS objects, 40% free, 23MB/39MB, paused 148us total 14.170ms
08-05 13:37:04.878  2324  2404 I art     : Starting a blocking GC Explicit
08-05 13:37:04.898  2324  2404 I art     : Explicit concurrent mark sweep GC freed 1358(79KB) AllocSpace objects, 1(20KB) LOS objects, 40% free, 23MB/39MB, paused 149us total 20.596ms
08-05 13:37:04.906  2324  2404 I art     : Starting a blocking GC Explicit
08-05 13:37:04.921  2324  2404 I art     : Explicit concurrent mark sweep GC freed 23(752B) AllocSpace objects, 0(0B) LOS objects, 40% free, 23MB/39MB, paused 152us total 15.622ms
08-05 13:37:04.929  2324  2404 I art     : Starting a blocking GC Explicit
08-05 13:37:04.943  2324  2404 I art     : Explicit concurrent mark sweep GC freed 3(96B) AllocSpace objects, 0(0B) LOS objects, 40% free, 23MB/39MB, paused 144us total 14.441ms
08-05 13:37:04.950  2324  2404 I art     : Starting a blocking GC Explicit
08-05 13:37:04.964  2324  2404 I art     : Explicit concurrent mark sweep GC freed 3(96B) AllocSpace objects, 0(0B) LOS objects, 40% free, 23MB/39MB, paused 150us total 14.473ms
08-05 13:37:04.971  2324  2404 I art     : Starting a blocking GC Explicit
08-05 13:37:04.985  2324  2404 I art     : Explicit concurrent mark sweep GC freed 3(96B) AllocSpace objects, 0(0B) LOS objects, 40% free, 23MB/39MB, paused 147us total 14.515ms
08-05 13:37:05.100 32409 32409 I ServiceManager: Waiting for service AtCmdFwd...
08-05 13:37:05.227  2324  2336 I art     : Starting a blocking GC Explicit
08-05 13:37:05.243  2324  2336 I art     : Explicit concurrent mark sweep GC freed 1358(79KB) AllocSpace objects, 1(20KB) LOS objects, 40% free, 23MB/39MB, paused 155us total 14.917ms
08-05 13:37:05.249  2324  2336 I art     : Starting a blocking GC Explicit
08-05 13:37:05.264  2324  2336 I art     : Explicit concurrent mark sweep GC freed 23(752B) AllocSpace objects, 0(0B) LOS objects, 40% free, 23MB/39MB, paused 174us total 14.625ms
08-05 13:37:05.271  2324  2336 I art     : Starting a blocking GC Explicit
08-05 13:37:05.286  2324  2336 I art     : Explicit concurrent mark sweep GC freed 3(96B) AllocSpace objects, 0(0B) LOS objects, 40% free, 23MB/39MB, paused 147us total 14.985ms
08-05 13:37:05.292  2324  2336 I art     : Starting a blocking GC Explicit
08-05 13:37:05.306  2324  2336 I art     : Explicit concurrent mark sweep GC freed 3(96B) AllocSpace objects, 0(0B) LOS objects, 40% free, 23MB/39MB, paused 140us total 13.945ms
08-05 13:37:05.312  2324  2336 I art     : Starting a blocking GC Explicit
08-05 13:37:05.326  2324  2336 I art     : Explicit concurrent mark sweep GC freed 3(96B) AllocSpace objects, 0(0B) LOS objects, 40% free, 23MB/39MB, paused 144us total 13.869ms
08-05 13:37:05.385  2703  2703 D AndroidRuntime: >>>>>> START com.android.internal.os.RuntimeInit uid 2000 <<<<<<
08-05 13:37:05.389  2703  2703 D AndroidRuntime: CheckJNI is OFF
08-05 13:37:05.416  2703  2703 D ICU     : No timezone override file found: /data/misc/zoneinfo/current/icu/icu_tzdata.dat
08-05 13:37:05.442  2703  2703 I Radio-JNI: register_android_hardware_Radio DONE
08-05 13:37:05.458  2703  2703 D AndroidRuntime: Calling main entry com.android.commands.input.Input
08-05 13:37:05.460  2703  2703 I Input   : injectMotionEvent: MotionEvent { action=ACTION_DOWN, actionButton=0, id[0]=0, x[0]=400.0, y[0]=997.0, toolType[0]=TOOL_TYPE_UNKNOWN, buttonState=0, metaState=0, flags=0x0, edgeFlags=0x0, pointerCount=1, historySize=0, eventTime=797841872, downTime=797841872, deviceId=0, source=0x1002 }
08-05 13:37:05.465  2703  2703 I Input   : injectMotionEvent: MotionEvent { action=ACTION_UP, actionButton=0, id[0]=0, x[0]=400.0, y[0]=997.0, toolType[0]=TOOL_TYPE_UNKNOWN, buttonState=0, metaState=0, flags=0x0, edgeFlags=0x0, pointerCount=1, historySize=0, eventTime=797841872, downTime=797841872, deviceId=0, source=0x1002 }
08-05 13:37:05.467  2703  2703 D AndroidRuntime: Shutting down VM
08-05 13:37:05.476   512  2967 D audio_hw_primary: out_set_parameters: enter: usecase(1: low-latency-playback) kvpairs: routing=2
08-05 13:37:05.488   512  2967 D audio_hw_primary: select_devices: out_snd_device(2: speaker) in_snd_device(0: none)
08-05 13:37:05.488   512  2967 D msm8974_platform: platform_send_audio_calibration: sending audio calibration for snd_device(2) acdb_id(15)
08-05 13:37:05.489   512  2967 I soundtrigger: audio_extn_sound_trigger_update_device_status: device 0x2 of type 0 for Event 1
08-05 13:37:05.499   512  2967 D audio_hw_primary: enable_snd_device: snd_device(2: speaker)
08-05 13:37:05.501   512  2967 D audio_hw_primary: enable_audio_route: apply and update mixer path: low-latency-playback speaker
08-05 13:37:05.552  2324  2404 I art     : Starting a blocking GC Explicit
08-05 13:37:05.564 13866 13866 I GoogleInputMethodServic: GoogleInputMethodService.onFinishInput():3138 
08-05 13:37:05.565 13866 13866 I GoogleInputMethodServic: GoogleInputMethodService.onStartInput():1808 
08-05 13:37:05.568  2324  2404 I art     : Explicit concurrent mark sweep GC freed 2930(185KB) AllocSpace objects, 2(40KB) LOS objects, 40% free, 23MB/39MB, paused 163us total 16.175ms
08-05 13:37:05.575  2324  2404 I art     : Starting a blocking GC Explicit
08-05 13:37:05.590  2324  2404 I art     : Explicit concurrent mark sweep GC freed 202(10KB) AllocSpace objects, 0(0B) LOS objects, 40% free, 23MB/39MB, paused 133us total 14.915ms
08-05 13:37:05.596  2324  2404 I art     : Starting a blocking GC Explicit
08-05 13:37:05.610  2324  2404 I art     : Explicit concurrent mark sweep GC freed 32(1888B) AllocSpace objects, 0(0B) LOS objects, 40% free, 23MB/39MB, paused 139us total 14.182ms
08-05 13:37:05.617  2324  2404 I art     : Starting a blocking GC Explicit
08-05 13:37:05.632  2324  2404 I art     : Explicit concurrent mark sweep GC freed 3(96B) AllocSpace objects, 0(0B) LOS objects, 40% free, 23MB/39MB, paused 151us total 15.343ms
08-05 13:37:05.639  2324  2404 I art     : Starting a blocking GC Explicit
08-05 13:37:05.655  2324  2404 I art     : Explicit concurrent mark sweep GC freed 3(96B) AllocSpace objects, 0(0B) LOS objects, 40% free, 23MB/39MB, paused 151us total 15.999ms
08-05 13:37:05.876  2324  2336 I art     : Starting a blocking GC Explicit
08-05 13:37:05.892  2324  2336 I art     : Explicit concurrent mark sweep GC freed 1360(79KB) AllocSpace objects, 1(20KB) LOS objects, 40% free, 23MB/39MB, paused 156us total 16.557ms
08-05 13:37:05.899  2324  2336 I art     : Starting a blocking GC Explicit
08-05 13:37:05.916  2324  2336 I art     : Explicit concurrent mark sweep GC freed 23(752B) AllocSpace objects, 0(0B) LOS objects, 40% free, 23MB/39MB, paused 156us total 16.736ms
08-05 13:37:05.923  2324  2336 I art     : Starting a blocking GC Explicit
08-05 13:37:05.940  2324  2336 I art     : Explicit concurrent mark sweep GC freed 3(96B) AllocSpace objects, 0(0B) LOS objects, 40% free, 23MB/39MB, paused 155us total 16.718ms
08-05 13:37:05.947  2324  2336 I art     : Starting a blocking GC Explicit
08-05 13:37:05.963  2324  2336 I art     : Explicit concurrent mark sweep GC freed 3(96B) AllocSpace objects, 0(0B) LOS objects, 40% free, 23MB/39MB, paused 154us total 15.886ms
08-05 13:37:05.970  2324  2336 I art     : Starting a blocking GC Explicit
08-05 13:37:05.986  2324  2336 I art     : Explicit concurrent mark sweep GC freed 3(96B) AllocSpace objects, 0(0B) LOS objects, 40% free, 23MB/39MB, paused 156us total 15.957ms
08-05 13:37:06.027  2736  2736 D AndroidRuntime: >>>>>> START com.android.internal.os.RuntimeInit uid 2000 <<<<<<
08-05 13:37:06.029   512  2967 D audio_hw_primary: disable_audio_route: reset and update mixer path: low-latency-playback speaker
08-05 13:37:06.030   512  2967 D audio_hw_primary: disable_snd_device: snd_device(2: speaker)
08-05 13:37:06.031  2736  2736 D AndroidRuntime: CheckJNI is OFF
08-05 13:37:06.037   512  2967 I soundtrigger: audio_extn_sound_trigger_update_device_status: device 0x2 of type 0 for Event 0
08-05 13:37:06.056  2736  2736 D ICU     : No timezone override file found: /data/misc/zoneinfo/current/icu/icu_tzdata.dat
08-05 13:37:06.082  2736  2736 I Radio-JNI: register_android_hardware_Radio DONE
08-05 13:37:06.098  2736  2736 D AndroidRuntime: Calling main entry com.android.commands.input.Input
08-05 13:37:06.099  2736  2736 I Input   : injectMotionEvent: MotionEvent { action=ACTION_DOWN, actionButton=0, id[0]=0, x[0]=697.0, y[0]=656.0, toolType[0]=TOOL_TYPE_UNKNOWN, buttonState=0, metaState=0, flags=0x0, edgeFlags=0x0, pointerCount=1, historySize=0, eventTime=797842512, downTime=797842512, deviceId=0, source=0x1002 }
08-05 13:37:06.100 32409 32409 I ServiceManager: Waiting for service AtCmdFwd...
08-05 13:37:06.103  2736  2736 I Input   : injectMotionEvent: MotionEvent { action=ACTION_UP, actionButton=0, id[0]=0, x[0]=697.0, y[0]=656.0, toolType[0]=TOOL_TYPE_UNKNOWN, buttonState=0, metaState=0, flags=0x0, edgeFlags=0x0, pointerCount=1, historySize=0, eventTime=797842512, downTime=797842512, deviceId=0, source=0x1002 }
08-05 13:37:06.106  2736  2736 D AndroidRuntime: Shutting down VM
08-05 13:37:06.111   512  2967 D audio_hw_primary: out_set_parameters: enter: usecase(1: low-latency-playback) kvpairs: routing=2
08-05 13:37:06.124   512  2967 D audio_hw_primary: select_devices: out_snd_device(2: speaker) in_snd_device(0: none)
08-05 13:37:06.124   512  2967 D msm8974_platform: platform_send_audio_calibration: sending audio calibration for snd_device(2) acdb_id(15)
08-05 13:37:06.125   512  2967 I soundtrigger: audio_extn_sound_trigger_update_device_status: device 0x2 of type 0 for Event 1
08-05 13:37:06.138   512  2967 D audio_hw_primary: enable_snd_device: snd_device(2: speaker)
08-05 13:37:06.140   512  2967 D audio_hw_primary: enable_audio_route: apply and update mixer path: low-latency-playback speaker
08-05 13:37:06.175 13866 13866 I GoogleInputMethodServic: GoogleInputMethodService.onFinishInput():3138 
08-05 13:37:06.183   512  2967 D AudioFlinger: mixer(0xf4740000) throttle end: throttle time(12)
08-05 13:37:06.186 13866 13866 I GoogleInputMethodServic: GoogleInputMethodService.onStartInput():1808 
08-05 13:37:06.233  2324  2337 I art     : Starting a blocking GC Explicit
08-05 13:37:06.252  2324  2337 I art     : Explicit concurrent mark sweep GC freed 2430(194KB) AllocSpace objects, 1(20KB) LOS objects, 40% free, 23MB/39MB, paused 176us total 18.511ms
08-05 13:37:06.260  2324  2337 I art     : Starting a blocking GC Explicit
08-05 13:37:06.281  2324  2337 I art     : Explicit concurrent mark sweep GC freed 163(7KB) AllocSpace objects, 0(0B) LOS objects, 40% free, 23MB/39MB, paused 184us total 20.293ms
08-05 13:37:06.289  2324  2337 I art     : Starting a blocking GC Explicit
08-05 13:37:06.305  2324  2337 I art     : Explicit concurrent mark sweep GC freed 3(96B) AllocSpace objects, 0(0B) LOS objects, 40% free, 23MB/39MB, paused 167us total 15.745ms
08-05 13:37:06.312  2324  2337 I art     : Starting a blocking GC Explicit
08-05 13:37:06.329  2324  2337 I art     : Explicit concurrent mark sweep GC freed 3(96B) AllocSpace objects, 0(0B) LOS objects, 40% free, 23MB/39MB, paused 147us total 16.599ms
08-05 13:37:06.336  2324  2337 I art     : Starting a blocking GC Explicit
08-05 13:37:06.353  2324  2337 I art     : Explicit concurrent mark sweep GC freed 5(160B) AllocSpace objects, 0(0B) LOS objects, 40% free, 23MB/39MB, paused 171us total 16.651ms
08-05 13:37:06.408 29532 29532 W PathParser: Points are too far apart 4.030360828967057
08-05 13:37:06.409 29532 29532 W PathParser: Points are too far apart 4.030360538880159
08-05 13:37:06.425 29532 29532 W PathParser: Points are too far apart 4.030360828967057
08-05 13:37:06.426 29532 29532 W PathParser: Points are too far apart 4.030360538880159
08-05 13:37:06.448 29532 29532 W PathParser: Points are too far apart 4.030360828967057
08-05 13:37:06.448 29532 29532 W PathParser: Points are too far apart 4.030360538880159
08-05 13:37:06.458 29532 29532 W PathParser: Points are too far apart 4.030360828967057
08-05 13:37:06.458 29532 29532 W PathParser: Points are too far apart 4.030360538880159
08-05 13:37:06.475 29532 29532 W PathParser: Points are too far apart 4.030360828967057
08-05 13:37:06.475 29532 29532 W PathParser: Points are too far apart 4.030360538880159
08-05 13:37:06.491 29532 29532 W PathParser: Points are too far apart 4.030360828967057
08-05 13:37:06.492 29532 29532 W PathParser: Points are too far apart 4.030360538880159
08-05 13:37:06.508 29532 29532 W PathParser: Points are too far apart 4.030360828967057
08-05 13:37:06.508 29532 29532 W PathParser: Points are too far apart 4.030360538880159
08-05 13:37:06.600  2324  2404 I art     : Starting a blocking GC Explicit
08-05 13:37:06.617  2324  2404 I art     : Explicit concurrent mark sweep GC freed 1394(80KB) AllocSpace objects, 1(20KB) LOS objects, 40% free, 23MB/39MB, paused 182us total 16.495ms
08-05 13:37:06.623  2324  2404 I art     : Starting a blocking GC Explicit
08-05 13:37:06.642  2324  2404 I art     : Explicit concurrent mark sweep GC freed 29(944B) AllocSpace objects, 0(0B) LOS objects, 40% free, 23MB/39MB, paused 181us total 18.426ms
08-05 13:37:06.650  2324  2404 I art     : Starting a blocking GC Explicit
08-05 13:37:06.668  2324  2404 I art     : Explicit concurrent mark sweep GC freed 3(96B) AllocSpace objects, 0(0B) LOS objects, 40% free, 23MB/39MB, paused 157us total 17.987ms
08-05 13:37:06.669   512  2967 D audio_hw_primary: disable_audio_route: reset and update mixer path: low-latency-playback speaker
08-05 13:37:06.672   512  2967 D audio_hw_primary: disable_snd_device: snd_device(2: speaker)
08-05 13:37:06.677  2324  2404 I art     : Starting a blocking GC Explicit
08-05 13:37:06.679  2768  2768 D AndroidRuntime: >>>>>> START com.android.internal.os.RuntimeInit uid 2000 <<<<<<
08-05 13:37:06.682   512  2967 I soundtrigger: audio_extn_sound_trigger_update_device_status: device 0x2 of type 0 for Event 0
08-05 13:37:06.683  2768  2768 D AndroidRuntime: CheckJNI is OFF
08-05 13:37:06.694  2324  2404 I art     : Explicit concurrent mark sweep GC freed 3(96B) AllocSpace objects, 0(0B) LOS objects, 40% free, 23MB/39MB, paused 145us total 16.374ms
08-05 13:37:06.700  2324  2404 I art     : Starting a blocking GC Explicit
08-05 13:37:06.712  2768  2768 D ICU     : No timezone override file found: /data/misc/zoneinfo/current/icu/icu_tzdata.dat
08-05 13:37:06.716  2324  2404 I art     : Explicit concurrent mark sweep GC freed 3(96B) AllocSpace objects, 0(0B) LOS objects, 40% free, 23MB/39MB, paused 130us total 16.151ms
08-05 13:37:06.737  2768  2768 I Radio-JNI: register_android_hardware_Radio DONE
08-05 13:37:06.753  2768  2768 D AndroidRuntime: Calling main entry com.android.commands.input.Input
08-05 13:37:06.754  2768  2768 I Input   : injectMotionEvent: MotionEvent { action=ACTION_DOWN, actionButton=0, id[0]=0, x[0]=256.0, y[0]=1589.0, toolType[0]=TOOL_TYPE_UNKNOWN, buttonState=0, metaState=0, flags=0x0, edgeFlags=0x0, pointerCount=1, historySize=0, eventTime=797843167, downTime=797843167, deviceId=0, source=0x1002 }
08-05 13:37:06.762  2768  2768 I Input   : injectMotionEvent: MotionEvent { action=ACTION_UP, actionButton=0, id[0]=0, x[0]=256.0, y[0]=1589.0, toolType[0]=TOOL_TYPE_UNKNOWN, buttonState=0, metaState=0, flags=0x0, edgeFlags=0x0, pointerCount=1, historySize=0, eventTime=797843167, downTime=797843167, deviceId=0, source=0x1002 }
08-05 13:37:06.764  2768  2768 D AndroidRuntime: Shutting down VM
08-05 13:37:06.781   512  2967 D audio_hw_primary: out_set_parameters: enter: usecase(1: low-latency-playback) kvpairs: routing=2
08-05 13:37:06.782  2324  2324 D UserPreferences: timeOfDay: []
08-05 13:37:06.782  2324  2324 D AutoUpdateManager: Restarting update alarm.
08-05 13:37:06.785  2324  2324 D AutoUpdateManager: Automatic update was deactivated
08-05 13:37:06.793   512  2967 D audio_hw_primary: select_devices: out_snd_device(2: speaker) in_snd_device(0: none)
08-05 13:37:06.794   512  2967 D msm8974_platform: platform_send_audio_calibration: sending audio calibration for snd_device(2) acdb_id(15)
08-05 13:37:06.794   512  2967 I soundtrigger: audio_extn_sound_trigger_update_device_status: device 0x2 of type 0 for Event 1
08-05 13:37:06.809   512  2967 D audio_hw_primary: enable_snd_device: snd_device(2: speaker)
08-05 13:37:06.811   512  2967 D audio_hw_primary: enable_audio_route: apply and update mixer path: low-latency-playback speaker
08-05 13:37:06.816 13866 13866 I GoogleInputMethodServic: GoogleInputMethodService.onFinishInput():3138 
08-05 13:37:06.817 13866 13866 I GoogleInputMethodServic: GoogleInputMethodService.onStartInput():1808 
08-05 13:37:06.825 29532 29532 W PathParser: Points are too far apart 4.030360828967057
08-05 13:37:06.825 29532 29532 W PathParser: Points are too far apart 4.030360538880159
08-05 13:37:06.843 29532 29532 W PathParser: Points are too far apart 4.030360828967057
08-05 13:37:06.843 29532 29532 W PathParser: Points are too far apart 4.030360538880159
08-05 13:37:06.855   512  2967 D AudioFlinger: mixer(0xf4740000) throttle end: throttle time(12)
08-05 13:37:06.858 29532 29532 W PathParser: Points are too far apart 4.030360828967057
08-05 13:37:06.858 29532 29532 W PathParser: Points are too far apart 4.030360538880159
08-05 13:37:06.874   918  3261 D WifiStateMachine: starting scan for "H369AA63323"WPA_PSK with 2412,5180
08-05 13:37:06.875 29532 29532 W PathParser: Points are too far apart 4.030360828967057
08-05 13:37:06.875 29532 29532 W PathParser: Points are too far apart 4.030360538880159
08-05 13:37:06.892 29532 29532 W PathParser: Points are too far apart 4.030360828967057
08-05 13:37:06.892 29532 29532 W PathParser: Points are too far apart 4.030360538880159
08-05 13:37:06.908 29532 29532 W PathParser: Points are too far apart 4.030360828967057
08-05 13:37:06.908 29532 29532 W PathParser: Points are too far apart 4.030360538880159
08-05 13:37:06.925 29532 29532 W PathParser: Points are too far apart 4.030360828967057
08-05 13:37:06.926 29532 29532 W PathParser: Points are too far apart 4.030360538880159
08-05 13:37:06.942 29532 29532 W PathParser: Points are too far apart 4.030360828967057
08-05 13:37:06.942 29532 29532 W PathParser: Points are too far apart 4.030360538880159
08-05 13:37:06.962  2324  2336 I art     : Starting a blocking GC Explicit
08-05 13:37:06.981  2324  2336 I art     : Explicit concurrent mark sweep GC freed 1690(107KB) AllocSpace objects, 2(40KB) LOS objects, 40% free, 23MB/39MB, paused 151us total 18.385ms
08-05 13:37:06.988  2324  2336 I art     : Starting a blocking GC Explicit
08-05 13:37:06.991   380   380 W SurfaceFlinger: couldn't log to binary event log: overflow.
08-05 13:37:07.005  2324  2336 I art     : Explicit concurrent mark sweep GC freed 60(2176B) AllocSpace objects, 0(0B) LOS objects, 40% free, 23MB/39MB, paused 161us total 16.950ms
08-05 13:37:07.013  2324  2336 I art     : Starting a blocking GC Explicit
08-05 13:37:07.029  2324  2336 I art     : Explicit concurrent mark sweep GC freed 6(256B) AllocSpace objects, 0(0B) LOS objects, 40% free, 23MB/39MB, paused 152us total 15.841ms
08-05 13:37:07.035  2324  2336 I art     : Starting a blocking GC Explicit
08-05 13:37:07.050  2324  2336 I art     : Explicit concurrent mark sweep GC freed 3(96B) AllocSpace objects, 0(0B) LOS objects, 40% free, 23MB/39MB, paused 148us total 14.948ms
08-05 13:37:07.056  2324  2336 I art     : Starting a blocking GC Explicit
08-05 13:37:07.071  2324  2336 I art     : Explicit concurrent mark sweep GC freed 3(96B) AllocSpace objects, 0(0B) LOS objects, 40% free, 23MB/39MB, paused 169us total 14.873ms
08-05 13:37:07.100 32409 32409 W Atfwd_Sendcmd: AtCmdFwd service not published, waiting... retryCnt : 3
08-05 13:37:07.309  2800  2800 D AndroidRuntime: >>>>>> START com.android.internal.os.RuntimeInit uid 2000 <<<<<<
08-05 13:37:07.313  2800  2800 D AndroidRuntime: CheckJNI is OFF
08-05 13:37:07.325  2324  2404 I art     : Starting a blocking GC Explicit
08-05 13:37:07.341  2800  2800 D ICU     : No timezone override file found: /data/misc/zoneinfo/current/icu/icu_tzdata.dat
08-05 13:37:07.343  2324  2404 I art     : Explicit concurrent mark sweep GC freed 1833(96KB) AllocSpace objects, 1(20KB) LOS objects, 40% free, 23MB/39MB, paused 316us total 18.206ms
08-05 13:37:07.349   512  2967 D audio_hw_primary: disable_audio_route: reset and update mixer path: low-latency-playback speaker
08-05 13:37:07.350   512  2967 D audio_hw_primary: disable_snd_device: snd_device(2: speaker)
08-05 13:37:07.351  2324  2404 I art     : Starting a blocking GC Explicit
08-05 13:37:07.359   512  2967 I soundtrigger: audio_extn_sound_trigger_update_device_status: device 0x2 of type 0 for Event 0
08-05 13:37:07.367  2324  2404 I art     : Explicit concurrent mark sweep GC freed 75(2416B) AllocSpace objects, 0(0B) LOS objects, 40% free, 23MB/39MB, paused 180us total 15.659ms
08-05 13:37:07.368  2800  2800 I Radio-JNI: register_android_hardware_Radio DONE
08-05 13:37:07.373  2324  2404 I art     : Starting a blocking GC Explicit
08-05 13:37:07.384  2800  2800 D AndroidRuntime: Calling main entry com.android.commands.input.Input
08-05 13:37:07.385  2800  2800 I Input   : injectKeyEvent: KeyEvent { action=ACTION_DOWN, keyCode=KEYCODE_BACK, scanCode=0, metaState=0, flags=0x0, repeatCount=0, eventTime=797843799, downTime=797843799, deviceId=-1, source=0x101 }
08-05 13:37:07.388  2324  2404 I art     : Explicit concurrent mark sweep GC freed 18(576B) AllocSpace objects, 0(0B) LOS objects, 40% free, 23MB/39MB, paused 142us total 15.156ms
08-05 13:37:07.390  2800  2800 I Input   : injectKeyEvent: KeyEvent { action=ACTION_UP, keyCode=KEYCODE_BACK, scanCode=0, metaState=0, flags=0x0, repeatCount=0, eventTime=797843799, downTime=797843799, deviceId=-1, source=0x101 }
08-05 13:37:07.395  2324  2404 I art     : Starting a blocking GC Explicit
08-05 13:37:07.395  2800  2800 D AndroidRuntime: Shutting down VM
08-05 13:37:07.412  2324  2404 I art     : Explicit concurrent mark sweep GC freed 885(43KB) AllocSpace objects, 0(0B) LOS objects, 39% free, 24MB/40MB, paused 491us total 17.525ms
08-05 13:37:07.419  2324  2404 I art     : Starting a blocking GC Explicit
08-05 13:37:07.435  2324  2404 I art     : Explicit concurrent mark sweep GC freed 2314(105KB) AllocSpace objects, 0(0B) LOS objects, 39% free, 24MB/40MB, paused 452us total 16.262ms
08-05 13:37:07.446 13866 13866 I GoogleInputMethodServic: GoogleInputMethodService.onFinishInput():3138 
08-05 13:37:07.447 13866 13866 I GoogleInputMethodServic: GoogleInputMethodService.onStartInput():1808 
08-05 13:37:07.699  2324  2404 I art     : Starting a blocking GC Explicit
08-05 13:37:07.722  2324  2404 I art     : Explicit concurrent mark sweep GC freed 7898(523KB) AllocSpace objects, 1(20KB) LOS objects, 40% free, 23MB/39MB, paused 192us total 22.222ms
08-05 13:37:07.732  2324  2404 I art     : Starting a blocking GC Explicit
08-05 13:37:07.749  2324  2404 I art     : Explicit concurrent mark sweep GC freed 133(6KB) AllocSpace objects, 0(0B) LOS objects, 40% free, 23MB/39MB, paused 158us total 16.374ms
08-05 13:37:07.756  2324  2404 I art     : Starting a blocking GC Explicit
08-05 13:37:07.772  2324  2404 I art     : Explicit concurrent mark sweep GC freed 869(55KB) AllocSpace objects, 1(48KB) LOS objects, 40% free, 23MB/39MB, paused 166us total 15.882ms
08-05 13:37:07.779  2324  2404 I art     : Starting a blocking GC Explicit
08-05 13:37:07.795  2324  2404 I art     : Explicit concurrent mark sweep GC freed 3(96B) AllocSpace objects, 0(0B) LOS objects, 40% free, 23MB/39MB, paused 155us total 15.456ms
08-05 13:37:07.801  2324  2404 I art     : Starting a blocking GC Explicit
08-05 13:37:07.817  2324  2404 I art     : Explicit concurrent mark sweep GC freed 3(96B) AllocSpace objects, 0(0B) LOS objects, 40% free, 23MB/39MB, paused 155us total 15.682ms
08-05 13:37:08.103  2324  2337 I art     : Starting a blocking GC Explicit
08-05 13:37:08.129  2324  2337 I art     : Explicit concurrent mark sweep GC freed 1364(80KB) AllocSpace objects, 1(20KB) LOS objects, 40% free, 23MB/39MB, paused 214us total 25.613ms
08-05 13:37:08.141  2324  2337 I art     : Starting a blocking GC Explicit
08-05 13:37:08.156  2324  2337 I art     : Explicit concurrent mark sweep GC freed 23(752B) AllocSpace objects, 0(0B) LOS objects, 40% free, 23MB/39MB, paused 159us total 14.890ms
08-05 13:37:08.162  2324  2337 I art     : Starting a blocking GC Explicit
08-05 13:37:08.177  2324  2337 I art     : Explicit concurrent mark sweep GC freed 3(96B) AllocSpace objects, 0(0B) LOS objects, 40% free, 23MB/39MB, paused 162us total 14.742ms
08-05 13:37:08.184  2324  2337 I art     : Starting a blocking GC Explicit
08-05 13:37:08.199  2324  2337 I art     : Explicit concurrent mark sweep GC freed 3(96B) AllocSpace objects, 0(0B) LOS objects, 40% free, 23MB/39MB, paused 157us total 14.820ms
08-05 13:37:08.205  2324  2337 I art     : Starting a blocking GC Explicit
08-05 13:37:08.220  2324  2337 I art     : Explicit concurrent mark sweep GC freed 3(96B) AllocSpace objects, 0(0B) LOS objects, 40% free, 23MB/39MB, paused 161us total 14.729ms
08-05 13:37:08.427  2852  2852 I art     : Late-enabling -Xcheck:jni
08-05 13:37:08.428   918   918 I ActivityManager: Start proc 2852:nappagreedy.com.newsblur/u0a679 for service nappagreedy.com.newsblur/.service.NBSyncService
08-05 13:37:08.440 21092 21092 I Finsky  : [1] xow.onStartJob(3): SCH: onJobSchedulerWakeup with jobId 9003
08-05 13:37:08.445 21092 21092 I Finsky  : [1] xjw.a(9): Scheduling fallback in 43199995 (absolute: 1824432315)
08-05 13:37:08.448 21092 21092 I Finsky  : [1] xjw.a(9): Scheduling fallback in 64799998 (absolute: 1846032321)
08-05 13:37:08.480  2324  2336 I art     : Starting a blocking GC Explicit
08-05 13:37:08.480  2852  2852 W System  : ClassLoader referenced unknown path: /data/app/nappagreedy.com.newsblur-1/lib/arm64
08-05 13:37:08.494  2324  2336 I art     : Explicit concurrent mark sweep GC freed 1391(80KB) AllocSpace objects, 1(20KB) LOS objects, 40% free, 23MB/39MB, paused 148us total 14.315ms
08-05 13:37:08.500  2324  2336 I art     : Starting a blocking GC Explicit
08-05 13:37:08.513  2324  2336 I art     : Explicit concurrent mark sweep GC freed 23(752B) AllocSpace objects, 0(0B) LOS objects, 40% free, 23MB/39MB, paused 137us total 12.853ms
08-05 13:37:08.519  2324  2336 I art     : Starting a blocking GC Explicit
08-05 13:37:08.532  2324  2336 I art     : Explicit concurrent mark sweep GC freed 3(96B) AllocSpace objects, 0(0B) LOS objects, 40% free, 23MB/39MB, paused 129us total 13.202ms
08-05 13:37:08.538  2324  2336 I art     : Starting a blocking GC Explicit
08-05 13:37:08.552  2324  2336 I art     : Explicit concurrent mark sweep GC freed 3(96B) AllocSpace objects, 0(0B) LOS objects, 40% free, 23MB/39MB, paused 137us total 13.166ms
08-05 13:37:08.557  2324  2336 I art     : Starting a blocking GC Explicit
08-05 13:37:08.557 21092 21092 I Finsky  : [1] xkf.handleMessage(8): SCH: DeviceState: DeviceState{currentTime=1596627428554, isCharging=false, isIdle=false, netAny=true, netNotRoaming=true, netUnmetered=true, batteryPercent=100.0}
08-05 13:37:08.561 21092  2288 I Finsky  : [6116] xmu.a(8): SCH: Jobs in database: 1-1337 3-215 3-216 12-1 24-77777777 26-1414141414 
08-05 13:37:08.564 21092 21092 I Finsky  : [1] xkg.a(16): SCH: Running job: 12-1
08-05 13:37:08.564 21092 21092 I Finsky  : [1] ContentSyncJob.a(16): [ContentSync] job started
08-05 13:37:08.565 21092 21092 I Finsky  : [1] xkf.handleMessage(61): SCH: RunningQueue size: 1, PendingQueue size: 0
08-05 13:37:08.565 21092 21092 I Finsky  : [1] xkf.handleMessage(64): SCH: Running queue: 12-1 
08-05 13:37:08.570  2324  2336 I art     : Explicit concurrent mark sweep GC freed 3(96B) AllocSpace objects, 0(0B) LOS objects, 40% free, 23MB/39MB, paused 145us total 12.954ms
08-05 13:37:08.633 21092  2313 I Finsky  : [6122] dzn.a(22): Completed 0 account content syncs with 0 successful.
08-05 13:37:08.634 21092 21092 I Finsky  : [1] ContentSyncJob.a(1): [ContentSync] Installation state replication succeeded.
08-05 13:37:08.634 21092 21092 I Finsky  : [1] xlr.a(13): SCH: jobFinished: 12-1. TimeElapsed: 70ms.
08-05 13:37:08.635 21092 21092 I Finsky  : [1] xkg.a(36): SCH: Job 12-1 finished. Not rescheduling.
08-05 13:37:08.635 21092 21092 I Finsky  : [1] xkf.handleMessage(61): SCH: RunningQueue size: 0, PendingQueue size: 0
08-05 13:37:08.635 21092 21092 I Finsky  : [1] xkf.handleMessage(25): Executor finished
08-05 13:37:08.643   918  6029 I ActivityManager: Killing 23342:com.google.android.webview:webview_service/u0a74 (adj 15): empty #17
08-05 13:37:08.659 21092 21092 I Finsky  : [1] xmu.a(8): SCH: Jobs in database: 1-1337 3-215 3-216 24-77777777 26-1414141414 
08-05 13:37:08.661 21092 21092 I Finsky  : [1] xio.a(57): SCH: ConstraintMapping: 24-77777777,  -> L: 0ms, D: 27171859ms, C: false, I: true, N: 0
08-05 13:37:08.662 21092 21092 I Finsky  : [1] xio.a(57): SCH: ConstraintMapping: 1-1337,  -> L: 30524250ms, D: 73724250ms, C: false, I: false, N: 1
08-05 13:37:08.662 21092 21092 I Finsky  : [1] xio.a(57): SCH: ConstraintMapping: 3-215,  -> L: 0ms, D: 85598790ms, C: false, I: true, N: 2
08-05 13:37:08.663 21092 21092 I Finsky  : [1] xio.a(57): SCH: ConstraintMapping: 3-216,  -> L: 0ms, D: 85598821ms, C: true, I: true, N: 2
08-05 13:37:08.663 21092 21092 I Finsky  : [1] xio.a(57): SCH: ConstraintMapping: 26-1414141414,  -> L: 35171717ms, D: 36071717ms, C: false, I: false, N: 0
08-05 13:37:08.726 21092 21092 I Finsky  : [1] xle.a(34): Cancelling existing jobscheduler jobs: 9006 9012 9000 9019 9014 9016 9008 9018 9017 
08-05 13:37:08.726 21092 21092 I Finsky  : [1] xle.a(10): Throttling wakeup for job 9001 (expected to run in 0 ms) due to recent wakeup
08-05 13:37:08.727 21092 21092 I Finsky  : [1] xle.a(27): Scheduling job Id: 9001, L: 30000, D: 27171859, C: false, I: true, N: 0
08-05 13:37:08.729 21092 21092 I Finsky  : [1] xle.a(27): Scheduling job Id: 9002, L: 30524250, D: 73724250, C: false, I: false, N: 1
08-05 13:37:08.731 21092 21092 I Finsky  : [1] xle.a(10): Throttling wakeup for job 9004 (expected to run in 0 ms) due to recent wakeup
08-05 13:37:08.731 21092 21092 I Finsky  : [1] xle.a(27): Scheduling job Id: 9004, L: 30000, D: 85598790, C: false, I: true, N: 2
08-05 13:37:08.733 21092 21092 I Finsky  : [1] xle.a(10): Throttling wakeup for job 9005 (expected to run in 0 ms) due to recent wakeup
08-05 13:37:08.733 21092 21092 I Finsky  : [1] xle.a(27): Scheduling job Id: 9005, L: 30000, D: 85598821, C: true, I: true, N: 2
08-05 13:37:08.735 21092 21092 I Finsky  : [1] xle.a(27): Scheduling job Id: 9007, L: 35171717, D: 36071717, C: false, I: false, N: 0
08-05 13:37:08.737 21092 21092 I Finsky  : [1] xle.a(10): Throttling wakeup for job 9009 (expected to run in 0 ms) due to recent wakeup
08-05 13:37:08.738 21092 21092 I Finsky  : [1] xle.a(27): Scheduling job Id: 9009, L: 30000, D: 27171859, C: false, I: true, N: 0
08-05 13:37:08.739 21092 21092 I Finsky  : [1] xle.a(27): Scheduling job Id: 9010, L: 30524250, D: 73724250, C: false, I: false, N: 1
08-05 13:37:08.741 21092 21092 I Finsky  : [1] xle.a(10): Throttling wakeup for job 9011 (expected to run in 0 ms) due to recent wakeup
08-05 13:37:08.742 21092 21092 I Finsky  : [1] xle.a(27): Scheduling job Id: 9011, L: 30000, D: 85598790, C: false, I: true, N: 2
08-05 13:37:08.744 21092 21092 I Finsky  : [1] xle.a(10): Throttling wakeup for job 9013 (expected to run in 0 ms) due to recent wakeup
08-05 13:37:08.744 21092 21092 I Finsky  : [1] xle.a(27): Scheduling job Id: 9013, L: 30000, D: 85598821, C: true, I: true, N: 2
08-05 13:37:08.746 21092 21092 I Finsky  : [1] xle.a(27): Scheduling job Id: 9015, L: 35171717, D: 36071717, C: false, I: false, N: 0
08-05 13:37:08.801  2324  2404 I art     : Starting a blocking GC Explicit
08-05 13:37:08.816  2324  2404 I art     : Explicit concurrent mark sweep GC freed 1364(80KB) AllocSpace objects, 1(20KB) LOS objects, 40% free, 23MB/39MB, paused 160us total 15.235ms
08-05 13:37:08.823  2324  2404 I art     : Starting a blocking GC Explicit
08-05 13:37:08.837  2324  2404 I art     : Explicit concurrent mark sweep GC freed 23(752B) AllocSpace objects, 0(0B) LOS objects, 40% free, 23MB/39MB, paused 151us total 14.445ms
08-05 13:37:08.844  2324  2404 I art     : Starting a blocking GC Explicit
08-05 13:37:08.858  2324  2404 I art     : Explicit concurrent mark sweep GC freed 3(96B) AllocSpace objects, 0(0B) LOS objects, 40% free, 23MB/39MB, paused 149us total 14.356ms
08-05 13:37:08.864  2324  2404 I art     : Starting a blocking GC Explicit
08-05 13:37:08.879  2324  2404 I art     : Explicit concurrent mark sweep GC freed 3(96B) AllocSpace objects, 0(0B) LOS objects, 40% free, 23MB/39MB, paused 146us total 14.264ms
08-05 13:37:08.885  2324  2404 I art     : Starting a blocking GC Explicit
08-05 13:37:08.900  2324  2404 I art     : Explicit concurrent mark sweep GC freed 3(96B) AllocSpace objects, 0(0B) LOS objects, 40% free, 23MB/39MB, paused 155us total 14.327ms
08-05 13:37:08.919  2870  2870 D AndroidRuntime: >>>>>> START com.android.internal.os.RuntimeInit uid 2000 <<<<<<
08-05 13:37:08.923  2870  2870 D AndroidRuntime: CheckJNI is OFF
08-05 13:37:08.946  2870  2870 D ICU     : No timezone override file found: /data/misc/zoneinfo/current/icu/icu_tzdata.dat
08-05 13:37:08.947   918  3696 I ActivityManager: Killing 17550:com.google.android.apps.gcs/u0a11 (adj 15): empty #17
08-05 13:37:08.969  2870  2870 I Radio-JNI: register_android_hardware_Radio DONE
08-05 13:37:08.985  2870  2870 D AndroidRuntime: Calling main entry com.android.commands.input.Input
08-05 13:37:08.987  2870  2870 I Input   : injectKeyEvent: KeyEvent { action=ACTION_DOWN, keyCode=KEYCODE_BACK, scanCode=0, metaState=0, flags=0x0, repeatCount=0, eventTime=797845400, downTime=797845400, deviceId=-1, source=0x101 }
08-05 13:37:08.991  2870  2870 I Input   : injectKeyEvent: KeyEvent { action=ACTION_UP, keyCode=KEYCODE_BACK, scanCode=0, metaState=0, flags=0x0, repeatCount=0, eventTime=797845400, downTime=797845400, deviceId=-1, source=0x101 }
08-05 13:37:09.003  2870  2870 D AndroidRuntime: Shutting down VM
08-05 13:37:09.012  2324  2324 D QueueFragment: loadItems()
08-05 13:37:09.013  2324  2350 D DBReader: getQueue() called
08-05 13:37:09.013  2324  2350 D DBReader: getQueue()
08-05 13:37:09.013  2324  2324 V PlaybackController: initServiceNotRunning()
08-05 13:37:09.013  2324  2324 D ExternalPlayerFragment: Loading media info
08-05 13:37:09.014  2324  2324 D UserPreferences: Using default data folder
08-05 13:37:09.014  2324  2350 D DBReader: getFavoriteIDList() called
08-05 13:37:09.014  2324  2350 D DBReader: getQueueIDList() called
08-05 13:37:09.015  2324  2350 D DBReader: Extracting Feedlist
08-05 13:37:09.015  2324  2344 D DBReader: getNavDrawerData() called with: 
08-05 13:37:09.017  2324  2344 D DBReader: getDownloadedItems() called
08-05 13:37:09.017  2324  2344 D DBReader: getFavoriteIDList() called
08-05 13:37:09.017  2324  2344 D DBReader: getQueueIDList() called
08-05 13:37:09.018  2324  2344 D DBReader: Extracting Feedlist
08-05 13:37:09.069  2324  2324 D MainActivity: getLastNavFragment() -> QueueFragment
08-05 13:37:09.102 13866 13866 I GoogleInputMethodServic: GoogleInputMethodService.onFinishInput():3138 
08-05 13:37:09.103 13866 13866 I GoogleInputMethodServic: GoogleInputMethodService.onStartInput():1808 
08-05 13:37:09.130  2324  2337 I art     : Starting a blocking GC Explicit
08-05 13:37:09.147  2324  2337 I art     : Explicit concurrent mark sweep GC freed 3254(193KB) AllocSpace objects, 1(20KB) LOS objects, 40% free, 23MB/39MB, paused 187us total 16.629ms
08-05 13:37:09.153  2324  2337 I art     : Starting a blocking GC Explicit
08-05 13:37:09.166  2324  2337 I art     : Explicit concurrent mark sweep GC freed 1469(92KB) AllocSpace objects, 0(0B) LOS objects, 40% free, 23MB/39MB, paused 157us total 13.551ms
08-05 13:37:09.172  2324  2337 I art     : Starting a blocking GC Explicit
08-05 13:37:09.187  2324  2337 I art     : Explicit concurrent mark sweep GC freed 3(96B) AllocSpace objects, 0(0B) LOS objects, 40% free, 23MB/39MB, paused 230us total 13.993ms
08-05 13:37:09.193  2324  2337 I art     : Starting a blocking GC Explicit
08-05 13:37:09.208  2324  2337 I art     : Explicit concurrent mark sweep GC freed 3(96B) AllocSpace objects, 0(0B) LOS objects, 40% free, 23MB/39MB, paused 173us total 14.590ms
08-05 13:37:09.214  2324  2337 I art     : Starting a blocking GC Explicit
08-05 13:37:09.229  2324  2337 I art     : Explicit concurrent mark sweep GC freed 3(96B) AllocSpace objects, 0(0B) LOS objects, 40% free, 23MB/39MB, paused 161us total 14.599ms
08-05 13:37:09.377   380   380 W SurfaceFlinger: couldn't log to binary event log: overflow.
08-05 13:37:09.467  2324  2904 I art     : Starting a blocking GC Explicit
08-05 13:37:09.482  2324  2904 I art     : Explicit concurrent mark sweep GC freed 1935(106KB) AllocSpace objects, 1(20KB) LOS objects, 40% free, 23MB/39MB, paused 198us total 15.570ms
08-05 13:37:09.489  2324  2904 I art     : Starting a blocking GC Explicit
08-05 13:37:09.503  2324  2904 I art     : Explicit concurrent mark sweep GC freed 6242(390KB) AllocSpace objects, 11(308KB) LOS objects, 40% free, 22MB/38MB, paused 171us total 13.667ms
08-05 13:37:09.509  2324  2904 I art     : Starting a blocking GC Explicit
08-05 13:37:09.522  2324  2904 I art     : Explicit concurrent mark sweep GC freed 9(368B) AllocSpace objects, 0(0B) LOS objects, 40% free, 22MB/38MB, paused 165us total 12.545ms
08-05 13:37:09.528  2324  2904 I art     : Starting a blocking GC Explicit
08-05 13:37:09.541  2324  2904 I art     : Explicit concurrent mark sweep GC freed 3(96B) AllocSpace objects, 0(0B) LOS objects, 40% free, 22MB/38MB, paused 167us total 12.553ms
08-05 13:37:09.547  2324  2904 I art     : Starting a blocking GC Explicit
08-05 13:37:09.560  2324  2904 I art     : Explicit concurrent mark sweep GC freed 3(96B) AllocSpace objects, 0(0B) LOS objects, 40% free, 22MB/38MB, paused 165us total 12.861ms
08-05 13:37:09.834  2324  2336 I art     : Starting a blocking GC Explicit
08-05 13:37:09.859  2324  2336 I art     : Explicit concurrent mark sweep GC freed 1366(82KB) AllocSpace objects, 1(20KB) LOS objects, 40% free, 22MB/38MB, paused 236us total 24.082ms
08-05 13:37:09.870  2324  2336 I art     : Starting a blocking GC Explicit
08-05 13:37:09.888  2324  2336 I art     : Explicit concurrent mark sweep GC freed 23(752B) AllocSpace objects, 0(0B) LOS objects, 40% free, 22MB/38MB, paused 195us total 17.846ms
08-05 13:37:09.897  2324  2336 I art     : Starting a blocking GC Explicit
08-05 13:37:09.910  2324  2336 I art     : Explicit concurrent mark sweep GC freed 3(96B) AllocSpace objects, 0(0B) LOS objects, 40% free, 22MB/38MB, paused 179us total 13.590ms
08-05 13:37:09.917  2324  2336 I art     : Starting a blocking GC Explicit
08-05 13:37:09.930  2324  2336 I art     : Explicit concurrent mark sweep GC freed 3(96B) AllocSpace objects, 0(0B) LOS objects, 40% free, 22MB/38MB, paused 201us total 13.219ms
08-05 13:37:09.937  2324  2336 I art     : Starting a blocking GC Explicit
08-05 13:37:09.950  2324  2336 I art     : Explicit concurrent mark sweep GC freed 3(96B) AllocSpace objects, 0(0B) LOS objects, 40% free, 22MB/38MB, paused 163us total 12.950ms
08-05 13:37:10.229  2324  2404 I art     : Starting a blocking GC Explicit
08-05 13:37:10.247  2324  2404 I art     : Explicit concurrent mark sweep GC freed 1363(80KB) AllocSpace objects, 1(20KB) LOS objects, 40% free, 22MB/38MB, paused 188us total 18.345ms
08-05 13:37:10.261  2324  2404 I art     : Starting a blocking GC Explicit
08-05 13:37:10.274  2324  2404 I art     : Explicit concurrent mark sweep GC freed 23(752B) AllocSpace objects, 0(0B) LOS objects, 40% free, 22MB/38MB, paused 163us total 12.487ms
08-05 13:37:10.280  2324  2404 I art     : Starting a blocking GC Explicit
08-05 13:37:10.292  2324  2404 I art     : Explicit concurrent mark sweep GC freed 3(96B) AllocSpace objects, 0(0B) LOS objects, 40% free, 22MB/38MB, paused 159us total 12.416ms
08-05 13:37:10.298  2324  2404 I art     : Starting a blocking GC Explicit
08-05 13:37:10.311  2324  2404 I art     : Explicit concurrent mark sweep GC freed 3(96B) AllocSpace objects, 0(0B) LOS objects, 40% free, 22MB/38MB, paused 150us total 12.384ms
08-05 13:37:10.316  2324  2404 I art     : Starting a blocking GC Explicit
08-05 13:37:10.328  2324  2404 I art     : Explicit concurrent mark sweep GC freed 3(96B) AllocSpace objects, 0(0B) LOS objects, 40% free, 22MB/38MB, paused 153us total 11.677ms
08-05 13:37:10.548  2935  2935 D AndroidRuntime: >>>>>> START com.android.internal.os.RuntimeInit uid 2000 <<<<<<
08-05 13:37:10.552  2935  2935 D AndroidRuntime: CheckJNI is OFF
08-05 13:37:10.579  2935  2935 D ICU     : No timezone override file found: /data/misc/zoneinfo/current/icu/icu_tzdata.dat
08-05 13:37:10.580  2324  2337 I art     : Starting a blocking GC Explicit
08-05 13:37:10.594  2324  2337 I art     : Explicit concurrent mark sweep GC freed 1391(81KB) AllocSpace objects, 1(20KB) LOS objects, 40% free, 22MB/38MB, paused 185us total 13.678ms
08-05 13:37:10.601  2324  2337 I art     : Starting a blocking GC Explicit
08-05 13:37:10.606  2935  2935 I Radio-JNI: register_android_hardware_Radio DONE
08-05 13:37:10.614  2324  2337 I art     : Explicit concurrent mark sweep GC freed 23(752B) AllocSpace objects, 0(0B) LOS objects, 40% free, 22MB/38MB, paused 182us total 12.952ms
08-05 13:37:10.621  2324  2337 I art     : Starting a blocking GC Explicit
08-05 13:37:10.622  2935  2935 D AndroidRuntime: Calling main entry com.android.commands.input.Input
08-05 13:37:10.624  2935  2935 I Input   : injectMotionEvent: MotionEvent { action=ACTION_DOWN, actionButton=0, id[0]=0, x[0]=103.0, y[0]=192.0, toolType[0]=TOOL_TYPE_UNKNOWN, buttonState=0, metaState=0, flags=0x0, edgeFlags=0x0, pointerCount=1, historySize=0, eventTime=797847037, downTime=797847037, deviceId=0, source=0x1002 }
08-05 13:37:10.630  2935  2935 I Input   : injectMotionEvent: MotionEvent { action=ACTION_UP, actionButton=0, id[0]=0, x[0]=103.0, y[0]=192.0, toolType[0]=TOOL_TYPE_UNKNOWN, buttonState=0, metaState=0, flags=0x0, edgeFlags=0x0, pointerCount=1, historySize=0, eventTime=797847037, downTime=797847037, deviceId=0, source=0x1002 }
08-05 13:37:10.632  2935  2935 D AndroidRuntime: Shutting down VM
08-05 13:37:10.634  2324  2337 I art     : Explicit concurrent mark sweep GC freed 22(688B) AllocSpace objects, 0(0B) LOS objects, 40% free, 22MB/38MB, paused 192us total 13.133ms
08-05 13:37:10.641  2324  2337 I art     : Starting a blocking GC Explicit
08-05 13:37:10.648   512  2967 D audio_hw_primary: out_set_parameters: enter: usecase(1: low-latency-playback) kvpairs: routing=2
08-05 13:37:10.655  2324  2337 I art     : Explicit concurrent mark sweep GC freed 8(272B) AllocSpace objects, 0(0B) LOS objects, 40% free, 22MB/38MB, paused 173us total 13.735ms
08-05 13:37:10.661   512  2967 D audio_hw_primary: select_devices: out_snd_device(2: speaker) in_snd_device(0: none)
08-05 13:37:10.661   512  2967 D msm8974_platform: platform_send_audio_calibration: sending audio calibration for snd_device(2) acdb_id(15)
08-05 13:37:10.661   512  2967 I soundtrigger: audio_extn_sound_trigger_update_device_status: device 0x2 of type 0 for Event 1
08-05 13:37:10.661  2324  2337 I art     : Starting a blocking GC Explicit
08-05 13:37:10.670   512  2967 D audio_hw_primary: enable_snd_device: snd_device(2: speaker)
08-05 13:37:10.672   512  2967 D audio_hw_primary: enable_audio_route: apply and update mixer path: low-latency-playback speaker
08-05 13:37:10.675  2324  2337 I art     : Explicit concurrent mark sweep GC freed 33(1056B) AllocSpace objects, 0(0B) LOS objects, 40% free, 22MB/38MB, paused 175us total 14.191ms
08-05 13:37:10.684 13866 13866 I GoogleInputMethodServic: GoogleInputMethodService.onFinishInput():3138 
08-05 13:37:10.685 13866 13866 I GoogleInputMethodServic: GoogleInputMethodService.onStartInput():1808 
08-05 13:37:10.909  2324  2904 I art     : Starting a blocking GC Explicit
08-05 13:37:10.924  2324  2904 I art     : Explicit concurrent mark sweep GC freed 1801(103KB) AllocSpace objects, 1(20KB) LOS objects, 40% free, 22MB/38MB, paused 166us total 14.872ms
08-05 13:37:10.930  2324  2904 I art     : Starting a blocking GC Explicit
08-05 13:37:10.944  2324  2904 I art     : Explicit concurrent mark sweep GC freed 86(5KB) AllocSpace objects, 0(0B) LOS objects, 40% free, 22MB/38MB, paused 163us total 13.951ms
08-05 13:37:10.951  2324  2904 I art     : Starting a blocking GC Explicit
08-05 13:37:10.965  2324  2904 I art     : Explicit concurrent mark sweep GC freed 3(96B) AllocSpace objects, 0(0B) LOS objects, 40% free, 22MB/38MB, paused 155us total 13.627ms
08-05 13:37:10.972  2324  2904 I art     : Starting a blocking GC Explicit
08-05 13:37:10.986  2324  2904 I art     : Explicit concurrent mark sweep GC freed 9(288B) AllocSpace objects, 0(0B) LOS objects, 40% free, 22MB/38MB, paused 245us total 13.858ms
08-05 13:37:10.994  2324  2904 I art     : Starting a blocking GC Explicit
08-05 13:37:11.006  2324  2904 I art     : Explicit concurrent mark sweep GC freed 3(96B) AllocSpace objects, 0(0B) LOS objects, 40% free, 22MB/38MB, paused 230us total 12.817ms
08-05 13:37:11.208   512  2967 D audio_hw_primary: disable_audio_route: reset and update mixer path: low-latency-playback speaker
08-05 13:37:11.210   512  2967 D audio_hw_primary: disable_snd_device: snd_device(2: speaker)
08-05 13:37:11.218   512  2967 I soundtrigger: audio_extn_sound_trigger_update_device_status: device 0x2 of type 0 for Event 0
08-05 13:37:11.267  2324  2904 I art     : Starting a blocking GC Explicit
08-05 13:37:11.283  2324  2904 I art     : Explicit concurrent mark sweep GC freed 1367(81KB) AllocSpace objects, 1(20KB) LOS objects, 40% free, 22MB/38MB, paused 163us total 15.755ms
08-05 13:37:11.290  2324  2904 I art     : Starting a blocking GC Explicit
08-05 13:37:11.302  2324  2904 I art     : Explicit concurrent mark sweep GC freed 25(816B) AllocSpace objects, 0(0B) LOS objects, 40% free, 22MB/38MB, paused 138us total 12.206ms
08-05 13:37:11.308  2324  2904 I art     : Starting a blocking GC Explicit
08-05 13:37:11.320  2324  2904 I art     : Explicit concurrent mark sweep GC freed 3(96B) AllocSpace objects, 0(0B) LOS objects, 40% free, 22MB/38MB, paused 142us total 11.231ms
08-05 13:37:11.325  2324  2904 I art     : Starting a blocking GC Explicit
08-05 13:37:11.337  2324  2904 I art     : Explicit concurrent mark sweep GC freed 3(96B) AllocSpace objects, 0(0B) LOS objects, 40% free, 22MB/38MB, paused 169us total 11.756ms
08-05 13:37:11.343  2324  2904 I art     : Starting a blocking GC Explicit
08-05 13:37:11.355  2324  2904 I art     : Explicit concurrent mark sweep GC freed 5(160B) AllocSpace objects, 0(0B) LOS objects, 40% free, 22MB/38MB, paused 150us total 11.628ms
08-05 13:37:11.641  2324  2337 I art     : Starting a blocking GC Explicit
08-05 13:37:11.662  2324  2337 I art     : Explicit concurrent mark sweep GC freed 1391(82KB) AllocSpace objects, 1(20KB) LOS objects, 40% free, 22MB/38MB, paused 204us total 21.203ms
08-05 13:37:11.676  2324  2337 I art     : Starting a blocking GC Explicit
08-05 13:37:11.690  2324  2337 I art     : Explicit concurrent mark sweep GC freed 23(752B) AllocSpace objects, 0(0B) LOS objects, 40% free, 22MB/38MB, paused 197us total 13.548ms
08-05 13:37:11.696  2324  2337 I art     : Starting a blocking GC Explicit
08-05 13:37:11.710  2324  2337 I art     : Explicit concurrent mark sweep GC freed 3(96B) AllocSpace objects, 0(0B) LOS objects, 40% free, 22MB/38MB, paused 169us total 13.215ms
08-05 13:37:11.716  2324  2337 I art     : Starting a blocking GC Explicit
08-05 13:37:11.730  2324  2337 I art     : Explicit concurrent mark sweep GC freed 3(96B) AllocSpace objects, 0(0B) LOS objects, 40% free, 22MB/38MB, paused 165us total 13.380ms
08-05 13:37:11.736  2324  2337 I art     : Starting a blocking GC Explicit
08-05 13:37:11.749  2324  2337 I art     : Explicit concurrent mark sweep GC freed 3(96B) AllocSpace objects, 0(0B) LOS objects, 40% free, 22MB/38MB, paused 159us total 12.929ms
08-05 13:37:11.990  2324  2336 I art     : Starting a blocking GC Explicit
08-05 13:37:12.004  2324  2336 I art     : Explicit concurrent mark sweep GC freed 1361(80KB) AllocSpace objects, 1(20KB) LOS objects, 40% free, 22MB/38MB, paused 164us total 13.250ms
08-05 13:37:12.010  2324  2336 I art     : Starting a blocking GC Explicit
08-05 13:37:12.024  2324  2336 I art     : Explicit concurrent mark sweep GC freed 23(752B) AllocSpace objects, 0(0B) LOS objects, 40% free, 22MB/38MB, paused 158us total 14.019ms
08-05 13:37:12.031  2324  2336 I art     : Starting a blocking GC Explicit
08-05 13:37:12.044  2324  2336 I art     : Explicit concurrent mark sweep GC freed 3(96B) AllocSpace objects, 0(0B) LOS objects, 40% free, 22MB/38MB, paused 163us total 13.052ms
08-05 13:37:12.050  2324  2336 I art     : Starting a blocking GC Explicit
08-05 13:37:12.063  2324  2336 I art     : Explicit concurrent mark sweep GC freed 3(96B) AllocSpace objects, 0(0B) LOS objects, 40% free, 22MB/38MB, paused 155us total 12.479ms
08-05 13:37:12.069  2324  2336 I art     : Starting a blocking GC Explicit
08-05 13:37:12.081  2324  2336 I art     : Explicit concurrent mark sweep GC freed 3(96B) AllocSpace objects, 0(0B) LOS objects, 40% free, 22MB/38MB, paused 155us total 12.366ms
08-05 13:37:12.219  3001  3001 D AndroidRuntime: >>>>>> START com.android.internal.os.RuntimeInit uid 2000 <<<<<<
08-05 13:37:12.225  3001  3001 D AndroidRuntime: CheckJNI is OFF
08-05 13:37:12.251  3001  3001 D ICU     : No timezone override file found: /data/misc/zoneinfo/current/icu/icu_tzdata.dat
08-05 13:37:12.275  3001  3001 I Radio-JNI: register_android_hardware_Radio DONE
08-05 13:37:12.292  3001  3001 D AndroidRuntime: Calling main entry com.android.commands.input.Input
08-05 13:37:12.293  3001  3001 I Input   : injectMotionEvent: MotionEvent { action=ACTION_DOWN, actionButton=0, id[0]=0, x[0]=409.0, y[0]=1034.0, toolType[0]=TOOL_TYPE_UNKNOWN, buttonState=0, metaState=0, flags=0x0, edgeFlags=0x0, pointerCount=1, historySize=0, eventTime=797848706, downTime=797848706, deviceId=0, source=0x1002 }
08-05 13:37:12.297  3001  3001 I Input   : injectMotionEvent: MotionEvent { action=ACTION_UP, actionButton=0, id[0]=0, x[0]=409.0, y[0]=1034.0, toolType[0]=TOOL_TYPE_UNKNOWN, buttonState=0, metaState=0, flags=0x0, edgeFlags=0x0, pointerCount=1, historySize=0, eventTime=797848706, downTime=797848706, deviceId=0, source=0x1002 }
08-05 13:37:12.300  3001  3001 D AndroidRuntime: Shutting down VM
08-05 13:37:12.321  2324  2904 I art     : Starting a blocking GC Explicit
08-05 13:37:12.334  2324  2904 I art     : Explicit concurrent mark sweep GC freed 1391(80KB) AllocSpace objects, 1(20KB) LOS objects, 40% free, 22MB/38MB, paused 147us total 12.914ms
08-05 13:37:12.340  2324  2904 I art     : Starting a blocking GC Explicit
08-05 13:37:12.353  2324  2904 I art     : Explicit concurrent mark sweep GC freed 27(880B) AllocSpace objects, 0(0B) LOS objects, 40% free, 22MB/38MB, paused 145us total 12.593ms
08-05 13:37:12.359  2324  2904 I art     : Starting a blocking GC Explicit
08-05 13:37:12.365  2324  2324 D MainActivity: loadFragment(index: 5, args: null)
08-05 13:37:12.365  2324  2324 D MainActivity: loadFragment(tag: AddFeedFragment, args: null)
08-05 13:37:12.365  2324  2324 D MainActivity: saveLastNavFragment(tag: AddFeedFragment)
08-05 13:37:12.366  2324  2324 D MainActivity: getLastNavFragment() -> AddFeedFragment
08-05 13:37:12.367   512  2967 D audio_hw_primary: out_set_parameters: enter: usecase(1: low-latency-playback) kvpairs: routing=2
08-05 13:37:12.372  2324  2904 I art     : Explicit concurrent mark sweep GC freed 76(18KB) AllocSpace objects, 1(20KB) LOS objects, 40% free, 22MB/38MB, paused 160us total 13.032ms
08-05 13:37:12.379  2324  2904 I art     : Starting a blocking GC Explicit
08-05 13:37:12.379   512  2967 D audio_hw_primary: select_devices: out_snd_device(2: speaker) in_snd_device(0: none)
08-05 13:37:12.379   512  2967 D msm8974_platform: platform_send_audio_calibration: sending audio calibration for snd_device(2) acdb_id(15)
08-05 13:37:12.380   512  2967 I soundtrigger: audio_extn_sound_trigger_update_device_status: device 0x2 of type 0 for Event 1
08-05 13:37:12.389   512  2967 D audio_hw_primary: enable_snd_device: snd_device(2: speaker)
08-05 13:37:12.391   512  2967 D audio_hw_primary: enable_audio_route: apply and update mixer path: low-latency-playback speaker
08-05 13:37:12.395  2324  2904 I art     : Explicit concurrent mark sweep GC freed 1158(58KB) AllocSpace objects, 0(0B) LOS objects, 40% free, 22MB/38MB, paused 434us total 16.355ms
08-05 13:37:12.404  2324  2904 I art     : Starting a blocking GC Explicit
08-05 13:37:12.418  2324  2904 I art     : Explicit concurrent mark sweep GC freed 692(41KB) AllocSpace objects, 0(0B) LOS objects, 40% free, 23MB/38MB, paused 336us total 13.862ms
08-05 13:37:12.678  2324  2404 I art     : Starting a blocking GC Explicit
08-05 13:37:12.693  2324  2404 I art     : Explicit concurrent mark sweep GC freed 1774(102KB) AllocSpace objects, 1(20KB) LOS objects, 40% free, 23MB/38MB, paused 188us total 15.221ms
08-05 13:37:12.700  2324  2404 I art     : Starting a blocking GC Explicit
08-05 13:37:12.715  2324  2404 I art     : Explicit concurrent mark sweep GC freed 1189(71KB) AllocSpace objects, 2(56KB) LOS objects, 40% free, 22MB/38MB, paused 154us total 14.019ms
08-05 13:37:12.721  2324  2404 I art     : Starting a blocking GC Explicit
08-05 13:37:12.734  2324  2404 I art     : Explicit concurrent mark sweep GC freed 3(96B) AllocSpace objects, 0(0B) LOS objects, 40% free, 22MB/38MB, paused 148us total 12.783ms
08-05 13:37:12.740  2324  2404 I art     : Starting a blocking GC Explicit
08-05 13:37:12.753  2324  2404 I art     : Explicit concurrent mark sweep GC freed 3(96B) AllocSpace objects, 0(0B) LOS objects, 40% free, 22MB/38MB, paused 145us total 12.410ms
08-05 13:37:12.759  2324  2404 I art     : Starting a blocking GC Explicit
08-05 13:37:12.771  2324  2404 I art     : Explicit concurrent mark sweep GC freed 3(96B) AllocSpace objects, 0(0B) LOS objects, 40% free, 22MB/38MB, paused 165us total 12.663ms
08-05 13:37:12.802 13866 13866 I GoogleInputMethodServic: GoogleInputMethodService.onFinishInput():3138 
08-05 13:37:12.802 13866 13866 I GoogleInputMethodServic: GoogleInputMethodService.onStartInput():1808 
08-05 13:37:12.939   512  2967 D audio_hw_primary: disable_audio_route: reset and update mixer path: low-latency-playback speaker
08-05 13:37:12.940   512  2967 D audio_hw_primary: disable_snd_device: snd_device(2: speaker)
08-05 13:37:12.952   512  2967 I soundtrigger: audio_extn_sound_trigger_update_device_status: device 0x2 of type 0 for Event 0
08-05 13:37:13.061  2324  2404 I art     : Starting a blocking GC Explicit
08-05 13:37:13.079  2324  2404 I art     : Explicit concurrent mark sweep GC freed 1492(85KB) AllocSpace objects, 1(20KB) LOS objects, 40% free, 22MB/38MB, paused 218us total 16.879ms
08-05 13:37:13.087  2324  2404 I art     : Starting a blocking GC Explicit
08-05 13:37:13.102  2324  2404 I art     : Explicit concurrent mark sweep GC freed 117(6KB) AllocSpace objects, 0(0B) LOS objects, 40% free, 22MB/38MB, paused 152us total 15.385ms
08-05 13:37:13.110  2324  2404 I art     : Starting a blocking GC Explicit
08-05 13:37:13.126  2324  2404 I art     : Explicit concurrent mark sweep GC freed 3(96B) AllocSpace objects, 0(0B) LOS objects, 40% free, 22MB/38MB, paused 327us total 15.815ms
08-05 13:37:13.132  2324  2404 I art     : Starting a blocking GC Explicit
08-05 13:37:13.145  2324  2404 I art     : Explicit concurrent mark sweep GC freed 3(96B) AllocSpace objects, 0(0B) LOS objects, 40% free, 22MB/38MB, paused 152us total 12.649ms
08-05 13:37:13.152  2324  2404 I art     : Starting a blocking GC Explicit
08-05 13:37:13.165  2324  2404 I art     : Explicit concurrent mark sweep GC freed 3(96B) AllocSpace objects, 0(0B) LOS objects, 40% free, 22MB/38MB, paused 142us total 13.058ms
08-05 13:37:13.431  2324  2904 I art     : Starting a blocking GC Explicit
08-05 13:37:13.447  2324  2904 I art     : Explicit concurrent mark sweep GC freed 1390(80KB) AllocSpace objects, 1(20KB) LOS objects, 40% free, 22MB/38MB, paused 173us total 15.647ms
08-05 13:37:13.454  2324  2904 I art     : Starting a blocking GC Explicit
08-05 13:37:13.467  2324  2904 I art     : Explicit concurrent mark sweep GC freed 25(816B) AllocSpace objects, 0(0B) LOS objects, 40% free, 22MB/38MB, paused 162us total 13.176ms
08-05 13:37:13.473  2324  2904 I art     : Starting a blocking GC Explicit
08-05 13:37:13.485  2324  2904 I art     : Explicit concurrent mark sweep GC freed 3(96B) AllocSpace objects, 0(0B) LOS objects, 40% free, 22MB/38MB, paused 141us total 11.544ms
08-05 13:37:13.491  2324  2904 I art     : Starting a blocking GC Explicit
08-05 13:37:13.503  2324  2904 I art     : Explicit concurrent mark sweep GC freed 3(96B) AllocSpace objects, 0(0B) LOS objects, 40% free, 22MB/38MB, paused 149us total 12.188ms
08-05 13:37:13.509  2324  2904 I art     : Starting a blocking GC Explicit
08-05 13:37:13.522  2324  2904 I art     : Explicit concurrent mark sweep GC freed 3(96B) AllocSpace objects, 0(0B) LOS objects, 40% free, 22MB/38MB, paused 154us total 12.856ms
08-05 13:37:13.782  2324  2337 I art     : Starting a blocking GC Explicit
08-05 13:37:13.796  2324  2337 I art     : Explicit concurrent mark sweep GC freed 1361(80KB) AllocSpace objects, 1(20KB) LOS objects, 40% free, 22MB/38MB, paused 172us total 13.892ms
08-05 13:37:13.803  2324  2337 I art     : Starting a blocking GC Explicit
08-05 13:37:13.816  2324  2337 I art     : Explicit concurrent mark sweep GC freed 23(752B) AllocSpace objects, 0(0B) LOS objects, 40% free, 22MB/38MB, paused 155us total 13.102ms
08-05 13:37:13.822  2324  2337 I art     : Starting a blocking GC Explicit
08-05 13:37:13.834  2324  2337 I art     : Explicit concurrent mark sweep GC freed 3(96B) AllocSpace objects, 0(0B) LOS objects, 40% free, 22MB/38MB, paused 163us total 12.008ms
08-05 13:37:13.840  2324  2337 I art     : Starting a blocking GC Explicit
08-05 13:37:13.852  2324  2337 I art     : Explicit concurrent mark sweep GC freed 3(96B) AllocSpace objects, 0(0B) LOS objects, 40% free, 22MB/38MB, paused 159us total 11.982ms
08-05 13:37:13.853  3066  3066 D AndroidRuntime: >>>>>> START com.android.internal.os.RuntimeInit uid 2000 <<<<<<
08-05 13:37:13.857  3066  3066 D AndroidRuntime: CheckJNI is OFF
08-05 13:37:13.858  2324  2337 I art     : Starting a blocking GC Explicit
08-05 13:37:13.870  2324  2337 I art     : Explicit concurrent mark sweep GC freed 3(96B) AllocSpace objects, 0(0B) LOS objects, 40% free, 22MB/38MB, paused 165us total 12.128ms
08-05 13:37:13.885  3066  3066 D ICU     : No timezone override file found: /data/misc/zoneinfo/current/icu/icu_tzdata.dat
08-05 13:37:13.908  3066  3066 I Radio-JNI: register_android_hardware_Radio DONE
08-05 13:37:13.923  3066  3066 D AndroidRuntime: Calling main entry com.android.commands.input.Input
08-05 13:37:13.925  3066  3066 I Input   : injectMotionEvent: MotionEvent { action=ACTION_DOWN, actionButton=0, id[0]=0, x[0]=567.0, y[0]=714.0, toolType[0]=TOOL_TYPE_UNKNOWN, buttonState=0, metaState=0, flags=0x0, edgeFlags=0x0, pointerCount=1, historySize=0, eventTime=797850338, downTime=797850338, deviceId=0, source=0x1002 }
08-05 13:37:13.930  3066  3066 I Input   : injectMotionEvent: MotionEvent { action=ACTION_UP, actionButton=0, id[0]=0, x[0]=567.0, y[0]=714.0, toolType[0]=TOOL_TYPE_UNKNOWN, buttonState=0, metaState=0, flags=0x0, edgeFlags=0x0, pointerCount=1, historySize=0, eventTime=797850338, downTime=797850338, deviceId=0, source=0x1002 }
08-05 13:37:13.932  3066  3066 D AndroidRuntime: Shutting down VM
08-05 13:37:13.936   512  2967 D audio_hw_primary: out_set_parameters: enter: usecase(1: low-latency-playback) kvpairs: routing=2
08-05 13:37:13.944  2324  2893 D AntennapodHttpClient: Creating new instance of HTTP client
08-05 13:37:13.949   512  2967 D audio_hw_primary: select_devices: out_snd_device(2: speaker) in_snd_device(0: none)
08-05 13:37:13.949   512  2967 D msm8974_platform: platform_send_audio_calibration: sending audio calibration for snd_device(2) acdb_id(15)
08-05 13:37:13.949   512  2967 I soundtrigger: audio_extn_sound_trigger_update_device_status: device 0x2 of type 0 for Event 1
08-05 13:37:13.956 13866 13866 I GoogleInputMethodServic: GoogleInputMethodService.onFinishInput():3138 
08-05 13:37:13.956 13866 13866 I GoogleInputMethodServic: GoogleInputMethodService.onStartInput():1808 
08-05 13:37:13.958   512  2967 D audio_hw_primary: enable_snd_device: snd_device(2: speaker)
08-05 13:37:13.960   512  2967 D audio_hw_primary: enable_audio_route: apply and update mixer path: low-latency-playback speaker
08-05 13:37:14.081  2324  2337 I art     : Starting a blocking GC Explicit
08-05 13:37:14.097  2324  2337 I art     : Explicit concurrent mark sweep GC freed 4728(304KB) AllocSpace objects, 1(20KB) LOS objects, 40% free, 23MB/39MB, paused 218us total 15.099ms
08-05 13:37:14.103  2324  2337 I art     : Starting a blocking GC Explicit
08-05 13:37:14.116  2324  2337 I art     : Explicit concurrent mark sweep GC freed 1660(84KB) AllocSpace objects, 1(220KB) LOS objects, 40% free, 23MB/38MB, paused 188us total 12.586ms
08-05 13:37:14.122  2324  2337 I art     : Starting a blocking GC Explicit
08-05 13:37:14.134  2324  2337 I art     : Explicit concurrent mark sweep GC freed 11(416B) AllocSpace objects, 0(0B) LOS objects, 40% free, 23MB/38MB, paused 237us total 12.684ms
08-05 13:37:14.140  2324  2337 I art     : Starting a blocking GC Explicit
08-05 13:37:14.153  2324  2337 I art     : Explicit concurrent mark sweep GC freed 10(352B) AllocSpace objects, 0(0B) LOS objects, 40% free, 23MB/38MB, paused 202us total 12.733ms
08-05 13:37:14.159  2324  2337 I art     : Starting a blocking GC Explicit
08-05 13:37:14.174  2324  2337 I art     : Explicit concurrent mark sweep GC freed 3517(214KB) AllocSpace objects, 2(120KB) LOS objects, 40% free, 23MB/39MB, paused 351us total 14.640ms
08-05 13:37:14.365  2324  2893 I NAPPA_EXPERIMENTATION: MetricNetworkRequestExecutionTime: REQUEST_DURATION_SYSTEM='405',REQUEST_DURATION_OKHTTP='159',REQUEST_SYNCHRONOUS='TRUE',RESPONSE_CODE='400',RESPONSE_METHOD='GET',RESPONSE_LENGTH_OKHTTP='0',RESPONSE_LENGTH_HEADER='0',REQUEST_PROTOCOL='h2',REQUEST_URL='https://itunes.apple.com/en/rss/toppodcasts/limit=25/explicit=true/json',
08-05 13:37:14.410  2324  2904 I art     : Starting a blocking GC Explicit
08-05 13:37:14.426  2324  2904 I art     : Explicit concurrent mark sweep GC freed 6863(405KB) AllocSpace objects, 2(100KB) LOS objects, 40% free, 23MB/39MB, paused 273us total 15.876ms
08-05 13:37:14.432  2324  2904 I art     : Starting a blocking GC Explicit
08-05 13:37:14.448  2324  2904 I art     : Explicit concurrent mark sweep GC freed 77(2736B) AllocSpace objects, 0(0B) LOS objects, 40% free, 23MB/39MB, paused 251us total 15.111ms
08-05 13:37:14.454  2324  2904 I art     : Starting a blocking GC Explicit
08-05 13:37:14.469  2324  2904 I art     : Explicit concurrent mark sweep GC freed 11(416B) AllocSpace objects, 0(0B) LOS objects, 40% free, 23MB/39MB, paused 285us total 14.983ms
08-05 13:37:14.475  2324  2904 I art     : Starting a blocking GC Explicit
08-05 13:37:14.490  2324  2904 I art     : Explicit concurrent mark sweep GC freed 10(352B) AllocSpace objects, 0(0B) LOS objects, 40% free, 23MB/39MB, paused 229us total 14.489ms
08-05 13:37:14.496  2324  2904 I art     : Starting a blocking GC Explicit
08-05 13:37:14.509  2324  2904 I art     : Explicit concurrent mark sweep GC freed 8(288B) AllocSpace objects, 0(0B) LOS objects, 40% free, 23MB/39MB, paused 212us total 13.373ms
08-05 13:37:14.510   512  2967 D audio_hw_primary: disable_audio_route: reset and update mixer path: low-latency-playback speaker
08-05 13:37:14.511   512  2967 D audio_hw_primary: disable_snd_device: snd_device(2: speaker)
08-05 13:37:14.515  2324  2893 I NAPPA_EXPERIMENTATION: MetricNetworkRequestExecutionTime: REQUEST_DURATION_SYSTEM='149',REQUEST_DURATION_OKHTTP='148',REQUEST_SYNCHRONOUS='TRUE',RESPONSE_CODE='200',RESPONSE_METHOD='GET',RESPONSE_LENGTH_OKHTTP='-1',RESPONSE_LENGTH_HEADER='10075',REQUEST_PROTOCOL='h2',REQUEST_URL='https://itunes.apple.com/us/rss/toppodcasts/limit=25/explicit=true/json',
08-05 13:37:14.521   512  2967 I soundtrigger: audio_extn_sound_trigger_update_device_status: device 0x2 of type 0 for Event 0
08-05 13:37:14.567  2324  2324 D AntennapodHttpClient: Creating new instance of HTTP client
08-05 13:37:14.577  2324  3114 D ApOkHttpUrlLoader: buildLoadData() called with: model = [https://is4-ssl.mzstatic.com/image/thumb/Podcasts114/v4/3f/16/74/3f167426-bf50-ce3a-d709-e4301620fc5b/mza_5832671293059882550.jpeg/170x170bb.png], width = [224], height = [224]
08-05 13:37:14.580  2324  3115 D DBReader: getImageAuthentication() called with: imageUrl = [https://is4-ssl.mzstatic.com/image/thumb/Podcasts114/v4/3f/16/74/3f167426-bf50-ce3a-d709-e4301620fc5b/mza_5832671293059882550.jpeg/170x170bb.png]
08-05 13:37:14.582  2324  3115 D ApOkHttpUrlLoader: no credentials for 'https://is4-ssl.mzstatic.com/image/thumb/Podcasts114/v4/3f/16/74/3f167426-bf50-ce3a-d709-e4301620fc5b/mza_5832671293059882550.jpeg/170x170bb.png'
08-05 13:37:14.582  2324  3116 D ApOkHttpUrlLoader: buildLoadData() called with: model = [https://is4-ssl.mzstatic.com/image/thumb/Podcasts113/v4/e5/8a/10/e58a108f-f5d0-f622-c94a-13f66edd570c/mza_3025981348644196724.jpg/170x170bb.png], width = [224], height = [224]
08-05 13:37:14.583  2324  3117 D DBReader: getImageAuthentication() called with: imageUrl = [https://is4-ssl.mzstatic.com/image/thumb/Podcasts113/v4/e5/8a/10/e58a108f-f5d0-f622-c94a-13f66edd570c/mza_3025981348644196724.jpg/170x170bb.png]
08-05 13:37:14.584  2324  3117 D ApOkHttpUrlLoader: no credentials for 'https://is4-ssl.mzstatic.com/image/thumb/Podcasts113/v4/e5/8a/10/e58a108f-f5d0-f622-c94a-13f66edd570c/mza_3025981348644196724.jpg/170x170bb.png'
08-05 13:37:14.585  2324  3118 D ApOkHttpUrlLoader: buildLoadData() called with: model = [https://is2-ssl.mzstatic.com/image/thumb/Podcasts113/v4/a9/39/cc/a939ccc5-6d60-0c11-0a4c-16d71cdef89b/mza_8787577209688278658.jpg/170x170bb.png], width = [224], height = [224]
08-05 13:37:14.586  2324  3119 D DBReader: getImageAuthentication() called with: imageUrl = [https://is2-ssl.mzstatic.com/image/thumb/Podcasts113/v4/a9/39/cc/a939ccc5-6d60-0c11-0a4c-16d71cdef89b/mza_8787577209688278658.jpg/170x170bb.png]
08-05 13:37:14.587  2324  3119 D ApOkHttpUrlLoader: no credentials for 'https://is2-ssl.mzstatic.com/image/thumb/Podcasts113/v4/a9/39/cc/a939ccc5-6d60-0c11-0a4c-16d71cdef89b/mza_8787577209688278658.jpg/170x170bb.png'
08-05 13:37:14.588  2324  3120 D ApOkHttpUrlLoader: buildLoadData() called with: model = [https://is5-ssl.mzstatic.com/image/thumb/Podcasts114/v4/93/cf/99/93cf9960-fff3-205e-6655-72c03ddeccb2/mza_10545582232493904175.jpeg/170x170bb.png], width = [224], height = [224]
08-05 13:37:14.589  2324  3121 D DBReader: getImageAuthentication() called with: imageUrl = [https://is5-ssl.mzstatic.com/image/thumb/Podcasts114/v4/93/cf/99/93cf9960-fff3-205e-6655-72c03ddeccb2/mza_10545582232493904175.jpeg/170x170bb.png]
08-05 13:37:14.590  2324  3121 D ApOkHttpUrlLoader: no credentials for 'https://is5-ssl.mzstatic.com/image/thumb/Podcasts114/v4/93/cf/99/93cf9960-fff3-205e-6655-72c03ddeccb2/mza_10545582232493904175.jpeg/170x170bb.png'
08-05 13:37:14.590  2324  3114 D ApOkHttpUrlLoader: buildLoadData() called with: model = [https://is4-ssl.mzstatic.com/image/thumb/Podcasts124/v4/49/a4/91/49a491b7-3daf-c5dc-d7c6-6c4f1486955c/mza_5930014091766152297.png/170x170bb.png], width = [224], height = [224]
08-05 13:37:14.591  2324  3122 D DBReader: getImageAuthentication() called with: imageUrl = [https://is4-ssl.mzstatic.com/image/thumb/Podcasts124/v4/49/a4/91/49a491b7-3daf-c5dc-d7c6-6c4f1486955c/mza_5930014091766152297.png/170x170bb.png]
08-05 13:37:14.592  2324  3122 D ApOkHttpUrlLoader: no credentials for 'https://is4-ssl.mzstatic.com/image/thumb/Podcasts124/v4/49/a4/91/49a491b7-3daf-c5dc-d7c6-6c4f1486955c/mza_5930014091766152297.png/170x170bb.png'
08-05 13:37:14.593  2324  3116 D ApOkHttpUrlLoader: buildLoadData() called with: model = [https://is5-ssl.mzstatic.com/image/thumb/Podcasts113/v4/fd/54/6e/fd546ea0-7ab2-e3f0-6049-884d82917af9/mza_4855349695799758348.jpeg/170x170bb.png], width = [224], height = [224]
08-05 13:37:14.594  2324  3123 D DBReader: getImageAuthentication() called with: imageUrl = [https://is5-ssl.mzstatic.com/image/thumb/Podcasts113/v4/fd/54/6e/fd546ea0-7ab2-e3f0-6049-884d82917af9/mza_4855349695799758348.jpeg/170x170bb.png]
08-05 13:37:14.595  2324  3123 D ApOkHttpUrlLoader: no credentials for 'https://is5-ssl.mzstatic.com/image/thumb/Podcasts113/v4/fd/54/6e/fd546ea0-7ab2-e3f0-6049-884d82917af9/mza_4855349695799758348.jpeg/170x170bb.png'
08-05 13:37:14.597  2324  3118 D ApOkHttpUrlLoader: buildLoadData() called with: model = [https://is2-ssl.mzstatic.com/image/thumb/Podcasts114/v4/b3/4c/cf/b34ccfc2-cea4-1ca1-0fad-7793af301cc5/mza_2466085192629456364.jpg/170x170bb.png], width = [224], height = [224]
08-05 13:37:14.598  2324  3124 D DBReader: getImageAuthentication() called with: imageUrl = [https://is2-ssl.mzstatic.com/image/thumb/Podcasts114/v4/b3/4c/cf/b34ccfc2-cea4-1ca1-0fad-7793af301cc5/mza_2466085192629456364.jpg/170x170bb.png]
08-05 13:37:14.599  2324  3124 D ApOkHttpUrlLoader: no credentials for 'https://is2-ssl.mzstatic.com/image/thumb/Podcasts114/v4/b3/4c/cf/b34ccfc2-cea4-1ca1-0fad-7793af301cc5/mza_2466085192629456364.jpg/170x170bb.png'
08-05 13:37:14.735  2324  2337 I art     : Starting a blocking GC Explicit
08-05 13:37:14.760  2324  2337 I art     : Explicit concurrent mark sweep GC freed 22952(1295KB) AllocSpace objects, 8(572KB) LOS objects, 39% free, 24MB/40MB, paused 790us total 24.790ms
08-05 13:37:14.768  2324  2337 I art     : Starting a blocking GC Explicit
08-05 13:37:14.785  2324  2337 I art     : Explicit concurrent mark sweep GC freed 14633(725KB) AllocSpace objects, 0(0B) LOS objects, 39% free, 24MB/40MB, paused 549us total 16.817ms
08-05 13:37:14.791  2324  2337 I art     : Starting a blocking GC Explicit
08-05 13:37:14.807  2324  2337 I art     : Explicit concurrent mark sweep GC freed 886(34KB) AllocSpace objects, 0(0B) LOS objects, 39% free, 24MB/40MB, paused 516us total 15.371ms
08-05 13:37:14.813  2324  2337 I art     : Starting a blocking GC Explicit
08-05 13:37:14.829  2324  2337 I art     : Explicit concurrent mark sweep GC freed 2223(97KB) AllocSpace objects, 0(0B) LOS objects, 39% free, 24MB/40MB, paused 591us total 15.787ms
08-05 13:37:14.835  2324  2337 I art     : Starting a blocking GC Explicit
08-05 13:37:14.852  2324  2337 I art     : Explicit concurrent mark sweep GC freed 755(103KB) AllocSpace objects, 0(0B) LOS objects, 39% free, 24MB/40MB, paused 520us total 16.186ms
08-05 13:37:14.951  2324  3122 D MYTAG   : interceptor 2a
08-05 13:37:14.951  2324  3122 I NAPPA_EXPERIMENTATION: MetricNetworkRequestExecutionTime: REQUEST_DURATION_SYSTEM='358',REQUEST_DURATION_OKHTTP='191',REQUEST_SYNCHRONOUS='TRUE',RESPONSE_CODE='200',RESPONSE_METHOD='GET',RESPONSE_LENGTH_OKHTTP='12000',RESPONSE_LENGTH_HEADER='12000',REQUEST_PROTOCOL='h2',REQUEST_URL='https://is4-ssl.mzstatic.com/image/thumb/Podcasts124/v4/49/a4/91/49a491b7-3daf-c5dc-d7c6-6c4f1486955c/mza_5930014091766152297.png/170x170bb.png',
08-05 13:37:14.995  2324  3115 D MYTAG   : interceptor 2a
08-05 13:37:14.996  2324  3115 I NAPPA_EXPERIMENTATION: MetricNetworkRequestExecutionTime: REQUEST_DURATION_SYSTEM='413',REQUEST_DURATION_OKHTTP='246',REQUEST_SYNCHRONOUS='TRUE',RESPONSE_CODE='200',RESPONSE_METHOD='GET',RESPONSE_LENGTH_OKHTTP='26177',RESPONSE_LENGTH_HEADER='26177',REQUEST_PROTOCOL='h2',REQUEST_URL='https://is4-ssl.mzstatic.com/image/thumb/Podcasts114/v4/3f/16/74/3f167426-bf50-ce3a-d709-e4301620fc5b/mza_5832671293059882550.jpeg/170x170bb.png',
08-05 13:37:15.011  2324  3119 D MYTAG   : interceptor 2a
08-05 13:37:15.011  2324  3119 I NAPPA_EXPERIMENTATION: MetricNetworkRequestExecutionTime: REQUEST_DURATION_SYSTEM='424',REQUEST_DURATION_OKHTTP='212',REQUEST_SYNCHRONOUS='TRUE',RESPONSE_CODE='200',RESPONSE_METHOD='GET',RESPONSE_LENGTH_OKHTTP='48239',RESPONSE_LENGTH_HEADER='48239',REQUEST_PROTOCOL='h2',REQUEST_URL='https://is2-ssl.mzstatic.com/image/thumb/Podcasts113/v4/a9/39/cc/a939ccc5-6d60-0c11-0a4c-16d71cdef89b/mza_8787577209688278658.jpg/170x170bb.png',
08-05 13:37:15.054  2324  3123 D MYTAG   : interceptor 2a
08-05 13:37:15.055  2324  3123 I NAPPA_EXPERIMENTATION: MetricNetworkRequestExecutionTime: REQUEST_DURATION_SYSTEM='458',REQUEST_DURATION_OKHTTP='230',REQUEST_SYNCHRONOUS='TRUE',RESPONSE_CODE='200',RESPONSE_METHOD='GET',RESPONSE_LENGTH_OKHTTP='54835',RESPONSE_LENGTH_HEADER='54835',REQUEST_PROTOCOL='h2',REQUEST_URL='https://is5-ssl.mzstatic.com/image/thumb/Podcasts113/v4/fd/54/6e/fd546ea0-7ab2-e3f0-6049-884d82917af9/mza_4855349695799758348.jpeg/170x170bb.png',
08-05 13:37:15.072  2324  3124 D MYTAG   : interceptor 2a
08-05 13:37:15.073  2324  3124 I NAPPA_EXPERIMENTATION: MetricNetworkRequestExecutionTime: REQUEST_DURATION_SYSTEM='473',REQUEST_DURATION_OKHTTP='250',REQUEST_SYNCHRONOUS='TRUE',RESPONSE_CODE='200',RESPONSE_METHOD='GET',RESPONSE_LENGTH_OKHTTP='42299',RESPONSE_LENGTH_HEADER='42299',REQUEST_PROTOCOL='h2',REQUEST_URL='https://is2-ssl.mzstatic.com/image/thumb/Podcasts114/v4/b3/4c/cf/b34ccfc2-cea4-1ca1-0fad-7793af301cc5/mza_2466085192629456364.jpg/170x170bb.png',
08-05 13:37:15.085  2324  3117 D MYTAG   : interceptor 2a
08-05 13:37:15.086  2324  3117 I NAPPA_EXPERIMENTATION: MetricNetworkRequestExecutionTime: REQUEST_DURATION_SYSTEM='501',REQUEST_DURATION_OKHTTP='265',REQUEST_SYNCHRONOUS='TRUE',RESPONSE_CODE='200',RESPONSE_METHOD='GET',RESPONSE_LENGTH_OKHTTP='45995',RESPONSE_LENGTH_HEADER='45995',REQUEST_PROTOCOL='h2',REQUEST_URL='https://is4-ssl.mzstatic.com/image/thumb/Podcasts113/v4/e5/8a/10/e58a108f-f5d0-f622-c94a-13f66edd570c/mza_3025981348644196724.jpg/170x170bb.png',
08-05 13:37:15.101  2324  3121 D MYTAG   : interceptor 2a
08-05 13:37:15.101  2324  3121 I NAPPA_EXPERIMENTATION: MetricNetworkRequestExecutionTime: REQUEST_DURATION_SYSTEM='511',REQUEST_DURATION_OKHTTP='268',REQUEST_SYNCHRONOUS='TRUE',RESPONSE_CODE='200',RESPONSE_METHOD='GET',RESPONSE_LENGTH_OKHTTP='22351',RESPONSE_LENGTH_HEADER='22351',REQUEST_PROTOCOL='h2',REQUEST_URL='https://is5-ssl.mzstatic.com/image/thumb/Podcasts114/v4/93/cf/99/93cf9960-fff3-205e-6655-72c03ddeccb2/mza_10545582232493904175.jpeg/170x170bb.png',
08-05 13:37:15.131  2324  2404 I art     : Starting a blocking GC Explicit
08-05 13:37:15.151  2324  2404 I art     : Explicit concurrent mark sweep GC freed 5422(321KB) AllocSpace objects, 1(20KB) LOS objects, 38% free, 25MB/41MB, paused 438us total 20.095ms
08-05 13:37:15.158  2324  2404 I art     : Starting a blocking GC Explicit
08-05 13:37:15.175  2324  2404 I art     : Explicit concurrent mark sweep GC freed 67(3KB) AllocSpace objects, 0(0B) LOS objects, 38% free, 25MB/41MB, paused 385us total 16.678ms
08-05 13:37:15.182  2324  2404 I art     : Starting a blocking GC Explicit
08-05 13:37:15.199  2324  2404 I art     : Explicit concurrent mark sweep GC freed 3(96B) AllocSpace objects, 0(0B) LOS objects, 38% free, 25MB/41MB, paused 441us total 17.394ms
08-05 13:37:15.206  2324  2404 I art     : Starting a blocking GC Explicit
08-05 13:37:15.224  2324  2404 I art     : Explicit concurrent mark sweep GC freed 3(96B) AllocSpace objects, 0(0B) LOS objects, 38% free, 25MB/41MB, paused 387us total 17.690ms
08-05 13:37:15.231  2324  2404 I art     : Starting a blocking GC Explicit
08-05 13:37:15.248  2324  2404 I art     : Explicit concurrent mark sweep GC freed 3(96B) AllocSpace objects, 0(0B) LOS objects, 38% free, 25MB/41MB, paused 383us total 17.109ms
08-05 13:37:15.536  2324  2337 I art     : Starting a blocking GC Explicit
08-05 13:37:15.562  2324  2337 I art     : Explicit concurrent mark sweep GC freed 1392(80KB) AllocSpace objects, 1(20KB) LOS objects, 38% free, 25MB/41MB, paused 472us total 25.488ms
08-05 13:37:15.570  2324  2337 I art     : Starting a blocking GC Explicit
08-05 13:37:15.589  2324  2337 I art     : Explicit concurrent mark sweep GC freed 23(752B) AllocSpace objects, 0(0B) LOS objects, 38% free, 25MB/41MB, paused 401us total 18.038ms
08-05 13:37:15.596  2324  2337 I art     : Starting a blocking GC Explicit
08-05 13:37:15.614  2324  2337 I art     : Explicit concurrent mark sweep GC freed 3(96B) AllocSpace objects, 0(0B) LOS objects, 38% free, 25MB/41MB, paused 399us total 17.242ms
08-05 13:37:15.620  2324  2337 I art     : Starting a blocking GC Explicit
08-05 13:37:15.638  2324  2337 I art     : Explicit concurrent mark sweep GC freed 3(96B) AllocSpace objects, 0(0B) LOS objects, 38% free, 25MB/41MB, paused 376us total 17.278ms
08-05 13:37:15.645  2324  2337 I art     : Starting a blocking GC Explicit
08-05 13:37:15.663  2324  2337 I art     : Explicit concurrent mark sweep GC freed 3(96B) AllocSpace objects, 0(0B) LOS objects, 38% free, 25MB/41MB, paused 399us total 18.105ms
08-05 13:37:15.708   518   646 I ThermalEngine: ACTION: GPU - Setting GPU[0] to 510000000
08-05 13:37:15.982  2324  2904 I art     : Starting a blocking GC Explicit
08-05 13:37:16.011  2324  2904 I art     : Explicit concurrent mark sweep GC freed 1363(80KB) AllocSpace objects, 1(20KB) LOS objects, 38% free, 25MB/41MB, paused 701us total 28.598ms
08-05 13:37:16.022  2324  2904 I art     : Starting a blocking GC Explicit
08-05 13:37:16.044  2324  2904 I art     : Explicit concurrent mark sweep GC freed 23(752B) AllocSpace objects, 0(0B) LOS objects, 38% free, 25MB/41MB, paused 516us total 22.206ms
08-05 13:37:16.053  2324  2904 I art     : Starting a blocking GC Explicit
08-05 13:37:16.076  2324  2904 I art     : Explicit concurrent mark sweep GC freed 3(96B) AllocSpace objects, 0(0B) LOS objects, 38% free, 25MB/41MB, paused 530us total 22.335ms
08-05 13:37:16.085  2324  2904 I art     : Starting a blocking GC Explicit
08-05 13:37:16.108  2324  2904 I art     : Explicit concurrent mark sweep GC freed 3(96B) AllocSpace objects, 0(0B) LOS objects, 38% free, 25MB/41MB, paused 528us total 22.985ms
08-05 13:37:16.117  2324  2904 I art     : Starting a blocking GC Explicit
08-05 13:37:16.140  2324  2904 I art     : Explicit concurrent mark sweep GC freed 3(96B) AllocSpace objects, 0(0B) LOS objects, 38% free, 25MB/41MB, paused 543us total 22.413ms
08-05 13:37:16.484  2324  2404 I art     : Starting a blocking GC Explicit
08-05 13:37:16.508  2324  2404 I art     : Explicit concurrent mark sweep GC freed 1423(81KB) AllocSpace objects, 1(20KB) LOS objects, 38% free, 25MB/41MB, paused 571us total 23.735ms
08-05 13:37:16.519  2324  2404 I art     : Starting a blocking GC Explicit
08-05 13:37:16.542  2324  2404 I art     : Explicit concurrent mark sweep GC freed 23(752B) AllocSpace objects, 0(0B) LOS objects, 38% free, 25MB/41MB, paused 586us total 22.609ms
08-05 13:37:16.550  2324  2404 I art     : Starting a blocking GC Explicit
08-05 13:37:16.572  2324  2404 I art     : Explicit concurrent mark sweep GC freed 3(96B) AllocSpace objects, 0(0B) LOS objects, 38% free, 25MB/41MB, paused 517us total 21.272ms
08-05 13:37:16.580  2324  2404 I art     : Starting a blocking GC Explicit
08-05 13:37:16.602  2324  2404 I art     : Explicit concurrent mark sweep GC freed 3(96B) AllocSpace objects, 0(0B) LOS objects, 38% free, 25MB/41MB, paused 570us total 21.467ms
08-05 13:37:16.611  2324  2404 I art     : Starting a blocking GC Explicit
08-05 13:37:16.633  2324  2404 I art     : Explicit concurrent mark sweep GC freed 3(96B) AllocSpace objects, 0(0B) LOS objects, 38% free, 25MB/41MB, paused 520us total 21.748ms
08-05 13:37:16.958  2324  2337 I art     : Starting a blocking GC Explicit
08-05 13:37:16.989  2324  2337 I art     : Explicit concurrent mark sweep GC freed 1363(80KB) AllocSpace objects, 1(20KB) LOS objects, 38% free, 25MB/41MB, paused 739us total 31.309ms
08-05 13:37:17.004  2324  2337 I art     : Starting a blocking GC Explicit
08-05 13:37:17.027  2324  2337 I art     : Explicit concurrent mark sweep GC freed 23(752B) AllocSpace objects, 0(0B) LOS objects, 38% free, 25MB/41MB, paused 543us total 22.931ms
08-05 13:37:17.027  2324  2335 I art     : WaitForGcToComplete blocked for 21.335ms for cause HeapTrim
08-05 13:37:17.036  2324  2337 I art     : Starting a blocking GC Explicit
08-05 13:37:17.058  2324  2337 I art     : Explicit concurrent mark sweep GC freed 3(96B) AllocSpace objects, 0(0B) LOS objects, 38% free, 25MB/41MB, paused 546us total 22.130ms
08-05 13:37:17.067  2324  2337 I art     : Starting a blocking GC Explicit
08-05 13:37:17.089  2324  2337 I art     : Explicit concurrent mark sweep GC freed 3(96B) AllocSpace objects, 0(0B) LOS objects, 38% free, 25MB/41MB, paused 531us total 21.955ms
08-05 13:37:17.098  2324  2337 I art     : Starting a blocking GC Explicit
08-05 13:37:17.120  2324  2337 I art     : Explicit concurrent mark sweep GC freed 3(96B) AllocSpace objects, 0(0B) LOS objects, 38% free, 25MB/41MB, paused 549us total 22.196ms
08-05 13:37:17.464  2324  2904 I art     : Starting a blocking GC Explicit
08-05 13:37:17.490  2324  2904 I art     : Explicit concurrent mark sweep GC freed 1392(80KB) AllocSpace objects, 1(20KB) LOS objects, 38% free, 25MB/41MB, paused 542us total 25.479ms
08-05 13:37:17.499  2324  2904 I art     : Starting a blocking GC Explicit
08-05 13:37:17.522  2324  2904 I art     : Explicit concurrent mark sweep GC freed 23(752B) AllocSpace objects, 0(0B) LOS objects, 38% free, 25MB/41MB, paused 545us total 22.448ms
08-05 13:37:17.531  2324  2904 I art     : Starting a blocking GC Explicit
08-05 13:37:17.553  2324  2904 I art     : Explicit concurrent mark sweep GC freed 3(96B) AllocSpace objects, 0(0B) LOS objects, 38% free, 25MB/41MB, paused 528us total 22.526ms
08-05 13:37:17.562  2324  2904 I art     : Starting a blocking GC Explicit
08-05 13:37:17.584  2324  2904 I art     : Explicit concurrent mark sweep GC freed 3(96B) AllocSpace objects, 0(0B) LOS objects, 38% free, 25MB/41MB, paused 525us total 21.661ms
08-05 13:37:17.593  2324  2904 I art     : Starting a blocking GC Explicit
08-05 13:37:17.615  2324  2904 I art     : Explicit concurrent mark sweep GC freed 3(96B) AllocSpace objects, 0(0B) LOS objects, 38% free, 25MB/41MB, paused 529us total 22.020ms
08-05 13:37:17.713   518   646 I ThermalEngine: ACTION: GPU - Setting GPU[0] to 600000000
08-05 13:37:17.939  2324  2336 I art     : Starting a blocking GC Explicit
08-05 13:37:17.968  2324  2336 I art     : Explicit concurrent mark sweep GC freed 1363(80KB) AllocSpace objects, 1(20KB) LOS objects, 38% free, 25MB/41MB, paused 573us total 28.064ms
08-05 13:37:17.980  2324  2336 I art     : Starting a blocking GC Explicit
08-05 13:37:17.997  2324  2336 I art     : Explicit concurrent mark sweep GC freed 23(752B) AllocSpace objects, 0(0B) LOS objects, 38% free, 25MB/41MB, paused 444us total 17.111ms
08-05 13:37:18.004  2324  2336 I art     : Starting a blocking GC Explicit
08-05 13:37:18.021  2324  2336 I art     : Explicit concurrent mark sweep GC freed 3(96B) AllocSpace objects, 0(0B) LOS objects, 38% free, 25MB/41MB, paused 436us total 17.074ms
08-05 13:37:18.028  2324  2336 I art     : Starting a blocking GC Explicit
08-05 13:37:18.045  2324  2336 I art     : Explicit concurrent mark sweep GC freed 3(96B) AllocSpace objects, 0(0B) LOS objects, 38% free, 25MB/41MB, paused 389us total 17.153ms
08-05 13:37:18.052  2324  2336 I art     : Starting a blocking GC Explicit
08-05 13:37:18.069  2324  2336 I art     : Explicit concurrent mark sweep GC freed 3(96B) AllocSpace objects, 0(0B) LOS objects, 38% free, 25MB/41MB, paused 371us total 17.101ms
08-05 13:37:18.380  2324  2404 I art     : Starting a blocking GC Explicit
08-05 13:37:18.405  2324  2404 I art     : Explicit concurrent mark sweep GC freed 1363(80KB) AllocSpace objects, 1(20KB) LOS objects, 38% free, 25MB/41MB, paused 456us total 24.751ms
08-05 13:37:18.417  2324  2404 I art     : Starting a blocking GC Explicit
08-05 13:37:18.435  2324  2404 I art     : Explicit concurrent mark sweep GC freed 52(1536B) AllocSpace objects, 0(0B) LOS objects, 38% free, 25MB/41MB, paused 379us total 17.977ms
08-05 13:37:18.442  2324  2404 I art     : Starting a blocking GC Explicit
08-05 13:37:18.459  2324  2404 I art     : Explicit concurrent mark sweep GC freed 3(96B) AllocSpace objects, 0(0B) LOS objects, 38% free, 25MB/41MB, paused 384us total 17.263ms
08-05 13:37:18.466  2324  2404 I art     : Starting a blocking GC Explicit
08-05 13:37:18.483  2324  2404 I art     : Explicit concurrent mark sweep GC freed 3(96B) AllocSpace objects, 0(0B) LOS objects, 38% free, 25MB/41MB, paused 399us total 16.970ms
08-05 13:37:18.490  2324  2404 I art     : Starting a blocking GC Explicit
08-05 13:37:18.507  2324  2404 I art     : Explicit concurrent mark sweep GC freed 3(96B) AllocSpace objects, 0(0B) LOS objects, 38% free, 25MB/41MB, paused 516us total 16.940ms
08-05 13:37:18.831  2324  2337 I art     : Starting a blocking GC Explicit
08-05 13:37:18.851  2324  2337 I art     : Explicit concurrent mark sweep GC freed 1363(80KB) AllocSpace objects, 1(20KB) LOS objects, 38% free, 25MB/41MB, paused 431us total 20.239ms
08-05 13:37:18.859  2324  2337 I art     : Starting a blocking GC Explicit
08-05 13:37:18.877  2324  2337 I art     : Explicit concurrent mark sweep GC freed 23(752B) AllocSpace objects, 0(0B) LOS objects, 38% free, 25MB/41MB, paused 428us total 18.067ms
08-05 13:37:18.884  2324  2337 I art     : Starting a blocking GC Explicit
08-05 13:37:18.902  2324  2337 I art     : Explicit concurrent mark sweep GC freed 3(96B) AllocSpace objects, 0(0B) LOS objects, 38% free, 25MB/41MB, paused 394us total 17.634ms
08-05 13:37:18.909  2324  2337 I art     : Starting a blocking GC Explicit
08-05 13:37:18.927  2324  2337 I art     : Explicit concurrent mark sweep GC freed 3(96B) AllocSpace objects, 0(0B) LOS objects, 38% free, 25MB/41MB, paused 475us total 17.639ms
08-05 13:37:18.933  2324  2337 I art     : Starting a blocking GC Explicit
08-05 13:37:18.951  2324  2337 I art     : Explicit concurrent mark sweep GC freed 3(96B) AllocSpace objects, 0(0B) LOS objects, 38% free, 25MB/41MB, paused 381us total 16.963ms
08-05 13:37:19.271  2324  2904 I art     : Starting a blocking GC Explicit
08-05 13:37:19.294  2324  2904 I art     : Explicit concurrent mark sweep GC freed 1363(80KB) AllocSpace objects, 1(20KB) LOS objects, 38% free, 25MB/41MB, paused 468us total 22.370ms
08-05 13:37:19.306  2324  2904 I art     : Starting a blocking GC Explicit
08-05 13:37:19.323  2324  2904 I art     : Explicit concurrent mark sweep GC freed 23(752B) AllocSpace objects, 0(0B) LOS objects, 38% free, 25MB/41MB, paused 391us total 16.873ms
08-05 13:37:19.329  2324  2904 I art     : Starting a blocking GC Explicit
08-05 13:37:19.347  2324  2904 I art     : Explicit concurrent mark sweep GC freed 3(96B) AllocSpace objects, 0(0B) LOS objects, 38% free, 25MB/41MB, paused 450us total 17.309ms
08-05 13:37:19.354  2324  2904 I art     : Starting a blocking GC Explicit
08-05 13:37:19.371  2324  2904 I art     : Explicit concurrent mark sweep GC freed 3(96B) AllocSpace objects, 0(0B) LOS objects, 38% free, 25MB/41MB, paused 380us total 17.302ms
08-05 13:37:19.378  2324  2904 I art     : Starting a blocking GC Explicit
08-05 13:37:19.395  2324  2904 I art     : Explicit concurrent mark sweep GC freed 3(96B) AllocSpace objects, 0(0B) LOS objects, 38% free, 25MB/41MB, paused 371us total 17.211ms
08-05 13:37:19.708  2324  2336 I art     : Starting a blocking GC Explicit
08-05 13:37:19.738  2324  2336 I art     : Explicit concurrent mark sweep GC freed 1392(80KB) AllocSpace objects, 1(20KB) LOS objects, 38% free, 25MB/41MB, paused 590us total 29.519ms
08-05 13:37:19.749  2324  2336 I art     : Starting a blocking GC Explicit
08-05 13:37:19.767  2324  2336 I art     : Explicit concurrent mark sweep GC freed 23(752B) AllocSpace objects, 0(0B) LOS objects, 38% free, 25MB/41MB, paused 411us total 17.331ms
08-05 13:37:19.774  2324  2336 I art     : Starting a blocking GC Explicit
08-05 13:37:19.791  2324  2336 I art     : Explicit concurrent mark sweep GC freed 3(96B) AllocSpace objects, 0(0B) LOS objects, 38% free, 25MB/41MB, paused 382us total 17.017ms
08-05 13:37:19.798  2324  2336 I art     : Starting a blocking GC Explicit
08-05 13:37:19.815  2324  2336 I art     : Explicit concurrent mark sweep GC freed 3(96B) AllocSpace objects, 0(0B) LOS objects, 38% free, 25MB/41MB, paused 401us total 17.229ms
08-05 13:37:19.822  2324  2336 I art     : Starting a blocking GC Explicit
08-05 13:37:19.840  2324  2336 I art     : Explicit concurrent mark sweep GC freed 3(96B) AllocSpace objects, 0(0B) LOS objects, 38% free, 25MB/41MB, paused 392us total 17.774ms
08-05 13:37:20.148  2324  2404 I art     : Starting a blocking GC Explicit
08-05 13:37:20.171  2324  2404 I art     : Explicit concurrent mark sweep GC freed 1363(80KB) AllocSpace objects, 1(20KB) LOS objects, 38% free, 25MB/41MB, paused 465us total 22.538ms
08-05 13:37:20.182  2324  2404 I art     : Starting a blocking GC Explicit
08-05 13:37:20.199  2324  2404 I art     : Explicit concurrent mark sweep GC freed 23(752B) AllocSpace objects, 0(0B) LOS objects, 38% free, 25MB/41MB, paused 376us total 16.924ms
08-05 13:37:20.206  2324  2404 I art     : Starting a blocking GC Explicit
08-05 13:37:20.222  2324  2404 I art     : Explicit concurrent mark sweep GC freed 3(96B) AllocSpace objects, 0(0B) LOS objects, 38% free, 25MB/41MB, paused 371us total 15.080ms
08-05 13:37:20.228  2324  2404 I art     : Starting a blocking GC Explicit
08-05 13:37:20.243  2324  2404 I art     : Explicit concurrent mark sweep GC freed 3(96B) AllocSpace objects, 0(0B) LOS objects, 38% free, 25MB/41MB, paused 373us total 15.297ms
08-05 13:37:20.250  2324  2404 I art     : Starting a blocking GC Explicit
08-05 13:37:20.265  2324  2404 I art     : Explicit concurrent mark sweep GC freed 3(96B) AllocSpace objects, 0(0B) LOS objects, 38% free, 25MB/41MB, paused 396us total 15.047ms
08-05 13:37:20.490  3298  3298 D AndroidRuntime: >>>>>> START com.android.internal.os.RuntimeInit uid 2000 <<<<<<
08-05 13:37:20.495  3298  3298 D AndroidRuntime: CheckJNI is OFF
08-05 13:37:20.520  3298  3298 D ICU     : No timezone override file found: /data/misc/zoneinfo/current/icu/icu_tzdata.dat
08-05 13:37:20.546  3298  3298 I Radio-JNI: register_android_hardware_Radio DONE
08-05 13:37:20.555  2324  2337 I art     : Starting a blocking GC Explicit
08-05 13:37:20.562  3298  3298 D AndroidRuntime: Calling main entry com.android.commands.input.Input
08-05 13:37:20.564  3298  3298 I Input   : injectMotionEvent: MotionEvent { action=ACTION_DOWN, actionButton=0, id[0]=0, x[0]=616.0, y[0]=469.0, toolType[0]=TOOL_TYPE_UNKNOWN, buttonState=0, metaState=0, flags=0x0, edgeFlags=0x0, pointerCount=1, historySize=0, eventTime=797856977, downTime=797856977, deviceId=0, source=0x1002 }
08-05 13:37:20.569  3298  3298 I Input   : injectMotionEvent: MotionEvent { action=ACTION_UP, actionButton=0, id[0]=0, x[0]=616.0, y[0]=469.0, toolType[0]=TOOL_TYPE_UNKNOWN, buttonState=0, metaState=0, flags=0x0, edgeFlags=0x0, pointerCount=1, historySize=0, eventTime=797856977, downTime=797856977, deviceId=0, source=0x1002 }
08-05 13:37:20.571  3298  3298 D AndroidRuntime: Shutting down VM
08-05 13:37:20.573  2324  2337 I art     : Explicit concurrent mark sweep GC freed 1406(81KB) AllocSpace objects, 1(20KB) LOS objects, 38% free, 25MB/41MB, paused 511us total 17.711ms
08-05 13:37:20.580  2324  2337 I art     : Starting a blocking GC Explicit
08-05 13:37:20.600  2324  2337 I art     : Explicit concurrent mark sweep GC freed 29(960B) AllocSpace objects, 0(0B) LOS objects, 38% free, 25MB/41MB, paused 394us total 19.489ms
08-05 13:37:20.607  2324  2337 I art     : Starting a blocking GC Explicit
08-05 13:37:20.624  2324  2337 I art     : Explicit concurrent mark sweep GC freed 5(160B) AllocSpace objects, 0(0B) LOS objects, 38% free, 25MB/41MB, paused 393us total 16.640ms
08-05 13:37:20.631  2324  2337 I art     : Starting a blocking GC Explicit
08-05 13:37:20.637   512  2967 D audio_hw_primary: out_set_parameters: enter: usecase(1: low-latency-playback) kvpairs: routing=2
08-05 13:37:20.649  2324  2337 I art     : Explicit concurrent mark sweep GC freed 191(8KB) AllocSpace objects, 0(0B) LOS objects, 38% free, 25MB/41MB, paused 537us total 17.312ms
08-05 13:37:20.650   512  2967 D audio_hw_primary: select_devices: out_snd_device(2: speaker) in_snd_device(0: none)
08-05 13:37:20.650   512  2967 D msm8974_platform: platform_send_audio_calibration: sending audio calibration for snd_device(2) acdb_id(15)
08-05 13:37:20.650   512  2967 I soundtrigger: audio_extn_sound_trigger_update_device_status: device 0x2 of type 0 for Event 1
08-05 13:37:20.656  2324  2337 I art     : Starting a blocking GC Explicit
08-05 13:37:20.661   512  2967 D audio_hw_primary: enable_snd_device: snd_device(2: speaker)
08-05 13:37:20.663   512  2967 D audio_hw_primary: enable_audio_route: apply and update mixer path: low-latency-playback speaker
08-05 13:37:20.673  2324  2337 I art     : Explicit concurrent mark sweep GC freed 28(1600B) AllocSpace objects, 0(0B) LOS objects, 38% free, 25MB/41MB, paused 444us total 17.164ms
08-05 13:37:20.850  2324  2350 I NAPPA_EXPERIMENTATION: MetricNetworkRequestExecutionTime: REQUEST_DURATION_SYSTEM='214',REQUEST_DURATION_OKHTTP='214',REQUEST_SYNCHRONOUS='TRUE',RESPONSE_CODE='200',RESPONSE_METHOD='GET',RESPONSE_LENGTH_OKHTTP='-1',RESPONSE_LENGTH_HEADER='628',REQUEST_PROTOCOL='h2',REQUEST_URL='https://itunes.apple.com/lookup?id=1524080195',
08-05 13:37:20.879   918  3961 I ActivityManager: START u0 {cmp=baseline.de.danoeh.antennapod.debug/baseline.de.danoeh.antennapod.activity.OnlineFeedViewActivity (has extras)} from uid 10695 on display 0
08-05 13:37:20.898 13866 13866 I GoogleInputMethodServic: GoogleInputMethodService.onFinishInput():3138 
08-05 13:37:20.899 13866 13866 I GoogleInputMethodServic: GoogleInputMethodService.onStartInput():1808 
08-05 13:37:20.918  2324  2337 I art     : Starting a blocking GC Explicit
08-05 13:37:20.921  2324  2324 D UserPreferences: Using default data folder
08-05 13:37:20.922  2324  2324 D OnlineFeedViewActivity: Activity was started with url https://rss.art19.com/nice-white-parents
08-05 13:37:20.923  2324  2324 D OnlineFeedViewActivity: Starting feed download
08-05 13:37:20.928  2324  2344 D DBReader: Extracting Feedlist
08-05 13:37:20.931   918  6110 D WifiService: acquireWifiLockLocked: WifiLock{Downloader type=1 binder=android.os.BinderProxy@10bda54}
08-05 13:37:20.932  2324  2344 D AntennapodHttpClient: Creating new instance of HTTP client
08-05 13:37:20.937  2324  2337 I art     : Explicit concurrent mark sweep GC freed 3634(231KB) AllocSpace objects, 1(20KB) LOS objects, 38% free, 26MB/42MB, paused 900us total 18.418ms
08-05 13:37:20.944  2324  2337 I art     : Starting a blocking GC Explicit
08-05 13:37:20.961  2324  2337 I art     : Explicit concurrent mark sweep GC freed 453(24KB) AllocSpace objects, 0(0B) LOS objects, 38% free, 26MB/42MB, paused 424us total 16.938ms
08-05 13:37:20.968  2324  2337 I art     : Starting a blocking GC Explicit
08-05 13:37:20.982 13866 13866 I GoogleInputMethodServic: GoogleInputMethodService.onFinishInput():3138 
08-05 13:37:20.982 13866 13866 I GoogleInputMethodServic: GoogleInputMethodService.onStartInput():1808 
08-05 13:37:20.984  2324  2337 I art     : Explicit concurrent mark sweep GC freed 72(3KB) AllocSpace objects, 0(0B) LOS objects, 38% free, 26MB/42MB, paused 413us total 15.845ms
08-05 13:37:20.990  2324  2337 I art     : Starting a blocking GC Explicit
08-05 13:37:21.007   918   936 I ActivityManager: Displayed baseline.de.danoeh.antennapod.debug/baseline.de.danoeh.antennapod.activity.OnlineFeedViewActivity: +108ms
08-05 13:37:21.008  2324  2337 I art     : Explicit concurrent mark sweep GC freed 86(3KB) AllocSpace objects, 0(0B) LOS objects, 37% free, 26MB/42MB, paused 481us total 17.453ms
08-05 13:37:21.015  2324  2337 I art     : Starting a blocking GC Explicit
08-05 13:37:21.033  2324  2337 I art     : Explicit concurrent mark sweep GC freed 26(1088B) AllocSpace objects, 0(0B) LOS objects, 37% free, 26MB/42MB, paused 426us total 18.312ms
08-05 13:37:21.198   512  2967 D audio_hw_primary: disable_audio_route: reset and update mixer path: low-latency-playback speaker
08-05 13:37:21.200   512  2967 D audio_hw_primary: disable_snd_device: snd_device(2: speaker)
08-05 13:37:21.212   512  2967 I soundtrigger: audio_extn_sound_trigger_update_device_status: device 0x2 of type 0 for Event 0
08-05 13:37:21.227  2324  2344 D MYTAG   : interceptor 3a https://rss.art19.com/nice-white-parents
08-05 13:37:21.228  2324  2344 I NAPPA_EXPERIMENTATION: MetricNetworkRequestExecutionTime: REQUEST_DURATION_SYSTEM='295',REQUEST_DURATION_OKHTTP='152',REQUEST_SYNCHRONOUS='TRUE',RESPONSE_CODE='200',RESPONSE_METHOD='GET',RESPONSE_LENGTH_OKHTTP='-1',RESPONSE_LENGTH_HEADER='1803',REQUEST_PROTOCOL='h2',REQUEST_URL='https://rss.art19.com/nice-white-parents',
08-05 13:37:21.228  2324  2344 D HttpDownloader: Response code is 200
08-05 13:37:21.228  2324  2344 D UserPreferences: Using default data folder
08-05 13:37:21.230  2324  2344 D HttpDownloader: Getting size of download
08-05 13:37:21.230  2324  2344 D HttpDownloader: Size is -1
08-05 13:37:21.230  2324  2344 D UserPreferences: Using default data folder
08-05 13:37:21.230  2324  2344 D HttpDownloader: Free space is 20223270912
08-05 13:37:21.230  2324  2344 D HttpDownloader: Starting download
08-05 13:37:21.241  2324  2344 D HttpDownloader: Download was successful
08-05 13:37:21.244   918  6110 D WifiService: releaseWifiLockLocked: WifiLock{Downloader type=1 binder=android.os.BinderProxy@10bda54}
08-05 13:37:21.245  2324  2324 D OnlineFeedViewActivity: Parsing feed
08-05 13:37:21.259   380   380 W SurfaceFlinger: couldn't log to binary event log: overflow.
08-05 13:37:21.260  2324  3356 D TypeGetter: Recognized type RSS 2.0
08-05 13:37:21.274  2324  3356 D SyndHandler: Recognized ITunes namespace
08-05 13:37:21.275  2324  3356 D SyndHandler: Recognized Atom namespace
08-05 13:37:21.275  2324  3356 D SyndHandler: Recognized Content namespace
08-05 13:37:21.281  2324  3356 D OnlineFeedViewActivity: Deleted feed source file. Result: true
08-05 13:37:21.281  2324  2324 D OnlineFeedViewActivity: Removing HTML from shownotes
08-05 13:37:21.309  2324  2336 I art     : Starting a blocking GC Explicit
08-05 13:37:21.327  2324  2324 W art     : Before Android 4.1, method int androidx.appcompat.widget.DropDownListView.lookForSelectablePosition(int, boolean) would have incorrectly overridden the package-private method in android.widget.ListView
08-05 13:37:21.331  2324  2336 I art     : Explicit concurrent mark sweep GC freed 12001(762KB) AllocSpace objects, 7(280KB) LOS objects, 37% free, 27MB/43MB, paused 810us total 21.609ms
08-05 13:37:21.333  2324  2324 I ListPopupWindow: Could not find method setEpicenterBounds(Rect) on PopupWindow. Oh well.
08-05 13:37:21.338  2324  2336 I art     : Starting a blocking GC Explicit
08-05 13:37:21.340  2324  3357 D ApOkHttpUrlLoader: buildLoadData() called with: model = [https://content.production.cdn.art19.com/images/89/e0/88/44/89e08844-ac28-4fc0-96fa-15a41fec2014/262c12ed699a8d9720dea0bd66449d998e4a08cf18095bed170ccaa76722045fa5dbf7a366918b2db7e3acf29ad22f6b99fd659a9409cb807bf2781d968932f8.jpeg], width = [350], height = [350]
08-05 13:37:21.345  2324  3121 D DBReader: getImageAuthentication() called with: imageUrl = [https://content.production.cdn.art19.com/images/89/e0/88/44/89e08844-ac28-4fc0-96fa-15a41fec2014/262c12ed699a8d9720dea0bd66449d998e4a08cf18095bed170ccaa76722045fa5dbf7a366918b2db7e3acf29ad22f6b99fd659a9409cb807bf2781d968932f8.jpeg]
08-05 13:37:21.346  2324  3121 D ApOkHttpUrlLoader: no credentials for 'https://content.production.cdn.art19.com/images/89/e0/88/44/89e08844-ac28-4fc0-96fa-15a41fec2014/262c12ed699a8d9720dea0bd66449d998e4a08cf18095bed170ccaa76722045fa5dbf7a366918b2db7e3acf29ad22f6b99fd659a9409cb807bf2781d968932f8.jpeg'
08-05 13:37:21.377  2324  2336 I art     : Explicit concurrent mark sweep GC freed 7551(546KB) AllocSpace objects, 3(152KB) LOS objects, 37% free, 27MB/43MB, paused 5.645ms total 38.767ms
08-05 13:37:21.383  2324  2336 I art     : Starting a blocking GC Explicit
08-05 13:37:21.385  2324  2324 D PlaybackController: Releasing PlaybackController
08-05 13:37:21.406  2324  2336 I art     : Explicit concurrent mark sweep GC freed 7027(350KB) AllocSpace objects, 0(0B) LOS objects, 37% free, 26MB/42MB, paused 540us total 23.067ms
08-05 13:37:21.413  2324  2336 I art     : Starting a blocking GC Explicit
08-05 13:37:21.433  2324  2336 I art     : Explicit concurrent mark sweep GC freed 87(3KB) AllocSpace objects, 1(112KB) LOS objects, 37% free, 26MB/42MB, paused 463us total 19.212ms
08-05 13:37:21.439  2324  2336 I art     : Starting a blocking GC Explicit
08-05 13:37:21.457  2324  2336 I art     : Explicit concurrent mark sweep GC freed 683(29KB) AllocSpace objects, 0(0B) LOS objects, 37% free, 26MB/42MB, paused 570us total 17.770ms
08-05 13:37:21.633  2324  3121 D MYTAG   : interceptor 2a
08-05 13:37:21.633  2324  3121 I NAPPA_EXPERIMENTATION: MetricNetworkRequestExecutionTime: REQUEST_DURATION_SYSTEM='287',REQUEST_DURATION_OKHTTP='162',REQUEST_SYNCHRONOUS='TRUE',RESPONSE_CODE='200',RESPONSE_METHOD='GET',RESPONSE_LENGTH_OKHTTP='2466122',RESPONSE_LENGTH_HEADER='2466122',REQUEST_PROTOCOL='h2',REQUEST_URL='https://content.production.cdn.art19.com/images/89/e0/88/44/89e08844-ac28-4fc0-96fa-15a41fec2014/262c12ed699a8d9720dea0bd66449d998e4a08cf18095bed170ccaa76722045fa5dbf7a366918b2db7e3acf29ad22f6b99fd659a9409cb807bf2781d968932f8.jpeg',
08-05 13:37:21.728  2324  2404 I art     : Starting a blocking GC Explicit
08-05 13:37:21.752  2324  2404 I art     : Explicit concurrent mark sweep GC freed 4896(235KB) AllocSpace objects, 1(20KB) LOS objects, 37% free, 26MB/42MB, paused 465us total 23.266ms
08-05 13:37:21.759  2324  2404 I art     : Starting a blocking GC Explicit
08-05 13:37:21.778  2324  2404 I art     : Explicit concurrent mark sweep GC freed 101(3KB) AllocSpace objects, 0(0B) LOS objects, 37% free, 26MB/42MB, paused 437us total 19.200ms
08-05 13:37:21.786  2324  2404 I art     : Starting a blocking GC Explicit
08-05 13:37:21.804  2324  2404 I art     : Explicit concurrent mark sweep GC freed 60(1920B) AllocSpace objects, 0(0B) LOS objects, 37% free, 26MB/42MB, paused 456us total 17.882ms
08-05 13:37:21.810  2324  2404 I art     : Starting a blocking GC Explicit
08-05 13:37:21.828  2324  2404 I art     : Explicit concurrent mark sweep GC freed 63(2016B) AllocSpace objects, 0(0B) LOS objects, 37% free, 26MB/42MB, paused 585us total 17.701ms
08-05 13:37:21.835  2324  2404 I art     : Starting a blocking GC Explicit
08-05 13:37:21.853  2324  2404 I art     : Explicit concurrent mark sweep GC freed 45(1440B) AllocSpace objects, 0(0B) LOS objects, 37% free, 26MB/42MB, paused 555us total 18.064ms
08-05 13:37:22.101 32409 32409 I ServiceManager: Waiting for service AtCmdFwd...
08-05 13:37:22.130  2324  2337 I art     : Starting a blocking GC Explicit
08-05 13:37:22.158  2324  2337 I art     : Explicit concurrent mark sweep GC freed 2690(174KB) AllocSpace objects, 1(20KB) LOS objects, 36% free, 27MB/43MB, paused 658us total 27.577ms
08-05 13:37:22.170  2324  2337 I art     : Starting a blocking GC Explicit
08-05 13:37:22.195  2324  2337 I art     : Explicit concurrent mark sweep GC freed 42(1312B) AllocSpace objects, 0(0B) LOS objects, 36% free, 27MB/43MB, paused 485us total 24.098ms
08-05 13:37:22.203  2324  2337 I art     : Starting a blocking GC Explicit
08-05 13:37:22.224  2324  2337 I art     : Explicit concurrent mark sweep GC freed 3(96B) AllocSpace objects, 0(0B) LOS objects, 36% free, 27MB/43MB, paused 464us total 21.467ms
08-05 13:37:22.232  2324  2337 I art     : Starting a blocking GC Explicit
08-05 13:37:22.252  2324  2337 I art     : Explicit concurrent mark sweep GC freed 3(96B) AllocSpace objects, 0(0B) LOS objects, 36% free, 27MB/43MB, paused 458us total 20.172ms
08-05 13:37:22.260  2324  2337 I art     : Starting a blocking GC Explicit
08-05 13:37:22.280  2324  2337 I art     : Explicit concurrent mark sweep GC freed 3(96B) AllocSpace objects, 0(0B) LOS objects, 36% free, 27MB/43MB, paused 456us total 20.080ms
08-05 13:37:22.582  2324  2336 I art     : Starting a blocking GC Explicit
08-05 13:37:22.602  2324  2336 I art     : Explicit concurrent mark sweep GC freed 1398(80KB) AllocSpace objects, 1(20KB) LOS objects, 36% free, 27MB/43MB, paused 439us total 19.816ms
08-05 13:37:22.608  2324  2336 I art     : Starting a blocking GC Explicit
08-05 13:37:22.627  2324  2336 I art     : Explicit concurrent mark sweep GC freed 23(752B) AllocSpace objects, 0(0B) LOS objects, 36% free, 27MB/43MB, paused 481us total 18.357ms
08-05 13:37:22.634  2324  2336 I art     : Starting a blocking GC Explicit
08-05 13:37:22.654  2324  2336 I art     : Explicit concurrent mark sweep GC freed 8(288B) AllocSpace objects, 0(0B) LOS objects, 36% free, 27MB/43MB, paused 450us total 19.582ms
08-05 13:37:22.661  2324  2336 I art     : Starting a blocking GC Explicit
08-05 13:37:22.682  2324  2336 I art     : Explicit concurrent mark sweep GC freed 3(96B) AllocSpace objects, 0(0B) LOS objects, 36% free, 27MB/43MB, paused 460us total 20.312ms
08-05 13:37:22.689  2324  2336 I art     : Starting a blocking GC Explicit
08-05 13:37:22.709  2324  2336 I art     : Explicit concurrent mark sweep GC freed 3(96B) AllocSpace objects, 0(0B) LOS objects, 36% free, 27MB/43MB, paused 448us total 20.087ms
08-05 13:37:23.031  2324  2404 I art     : Starting a blocking GC Explicit
08-05 13:37:23.054  2324  2404 I art     : Explicit concurrent mark sweep GC freed 1381(80KB) AllocSpace objects, 1(20KB) LOS objects, 36% free, 27MB/43MB, paused 448us total 22.399ms
08-05 13:37:23.061  2324  2404 I art     : Starting a blocking GC Explicit
08-05 13:37:23.082  2324  2404 I art     : Explicit concurrent mark sweep GC freed 27(880B) AllocSpace objects, 0(0B) LOS objects, 36% free, 27MB/43MB, paused 435us total 21.111ms
08-05 13:37:23.090  2324  2404 I art     : Starting a blocking GC Explicit
08-05 13:37:23.101 32409 32409 I ServiceManager: Waiting for service AtCmdFwd...
08-05 13:37:23.110  2324  2404 I art     : Explicit concurrent mark sweep GC freed 6(192B) AllocSpace objects, 0(0B) LOS objects, 36% free, 27MB/43MB, paused 452us total 19.845ms
08-05 13:37:23.118  2324  2404 I art     : Starting a blocking GC Explicit
08-05 13:37:23.138  2324  2404 I art     : Explicit concurrent mark sweep GC freed 6(192B) AllocSpace objects, 0(0B) LOS objects, 36% free, 27MB/43MB, paused 430us total 19.994ms
08-05 13:37:23.145  2324  2404 I art     : Starting a blocking GC Explicit
08-05 13:37:23.165  2324  2404 I art     : Explicit concurrent mark sweep GC freed 8(256B) AllocSpace objects, 0(0B) LOS objects, 36% free, 27MB/43MB, paused 394us total 20.676ms
08-05 13:37:23.471  2324  2904 I art     : Starting a blocking GC Explicit
08-05 13:37:23.499  2324  2904 I art     : Explicit concurrent mark sweep GC freed 1396(82KB) AllocSpace objects, 1(20KB) LOS objects, 36% free, 27MB/43MB, paused 635us total 27.737ms
08-05 13:37:23.510  2324  2904 I art     : Starting a blocking GC Explicit
08-05 13:37:23.532  2324  2904 I art     : Explicit concurrent mark sweep GC freed 23(752B) AllocSpace objects, 0(0B) LOS objects, 36% free, 27MB/43MB, paused 469us total 21.145ms
08-05 13:37:23.539  2324  2904 I art     : Starting a blocking GC Explicit
08-05 13:37:23.560  2324  2904 I art     : Explicit concurrent mark sweep GC freed 3(96B) AllocSpace objects, 0(0B) LOS objects, 36% free, 27MB/43MB, paused 450us total 20.426ms
08-05 13:37:23.567  2324  2904 I art     : Starting a blocking GC Explicit
08-05 13:37:23.587  2324  2904 I art     : Explicit concurrent mark sweep GC freed 3(96B) AllocSpace objects, 0(0B) LOS objects, 36% free, 27MB/43MB, paused 588us total 19.751ms
08-05 13:37:23.594  2324  2904 I art     : Starting a blocking GC Explicit
08-05 13:37:23.615  2324  2904 I art     : Explicit concurrent mark sweep GC freed 3(96B) AllocSpace objects, 0(0B) LOS objects, 36% free, 27MB/43MB, paused 455us total 20.553ms
08-05 13:37:23.929  2324  2337 I art     : Starting a blocking GC Explicit
08-05 13:37:23.956  2324  2337 I art     : Explicit concurrent mark sweep GC freed 1366(80KB) AllocSpace objects, 1(20KB) LOS objects, 36% free, 27MB/43MB, paused 514us total 26.308ms
08-05 13:37:23.967  2324  2337 I art     : Starting a blocking GC Explicit
08-05 13:37:23.988  2324  2337 I art     : Explicit concurrent mark sweep GC freed 23(752B) AllocSpace objects, 0(0B) LOS objects, 36% free, 27MB/43MB, paused 483us total 21.242ms
08-05 13:37:23.996  2324  2337 I art     : Starting a blocking GC Explicit
08-05 13:37:24.017  2324  2337 I art     : Explicit concurrent mark sweep GC freed 3(96B) AllocSpace objects, 0(0B) LOS objects, 36% free, 27MB/43MB, paused 491us total 21.194ms
08-05 13:37:24.025  2324  2337 I art     : Starting a blocking GC Explicit
08-05 13:37:24.046  2324  2337 I art     : Explicit concurrent mark sweep GC freed 3(96B) AllocSpace objects, 0(0B) LOS objects, 36% free, 27MB/43MB, paused 473us total 20.740ms
08-05 13:37:24.053  2324  2337 I art     : Starting a blocking GC Explicit
08-05 13:37:24.074  2324  2337 I art     : Explicit concurrent mark sweep GC freed 3(96B) AllocSpace objects, 0(0B) LOS objects, 36% free, 27MB/43MB, paused 447us total 20.536ms
08-05 13:37:24.102 32409 32409 I ServiceManager: Waiting for service AtCmdFwd...
08-05 13:37:24.400  2324  2336 I art     : Starting a blocking GC Explicit
08-05 13:37:24.429  2324  2336 I art     : Explicit concurrent mark sweep GC freed 1395(80KB) AllocSpace objects, 1(20KB) LOS objects, 36% free, 27MB/43MB, paused 502us total 29.110ms
08-05 13:37:24.440  2324  2336 I art     : Starting a blocking GC Explicit
08-05 13:37:24.462  2324  2336 I art     : Explicit concurrent mark sweep GC freed 23(752B) AllocSpace objects, 0(0B) LOS objects, 36% free, 27MB/43MB, paused 451us total 20.933ms
08-05 13:37:24.469  2324  2336 I art     : Starting a blocking GC Explicit
08-05 13:37:24.490  2324  2336 I art     : Explicit concurrent mark sweep GC freed 3(96B) AllocSpace objects, 0(0B) LOS objects, 36% free, 27MB/43MB, paused 457us total 20.899ms
08-05 13:37:24.498  2324  2336 I art     : Starting a blocking GC Explicit
08-05 13:37:24.519  2324  2336 I art     : Explicit concurrent mark sweep GC freed 3(96B) AllocSpace objects, 0(0B) LOS objects, 36% free, 27MB/43MB, paused 500us total 20.970ms
08-05 13:37:24.527  2324  2336 I art     : Starting a blocking GC Explicit
08-05 13:37:24.547  2324  2336 I art     : Explicit concurrent mark sweep GC freed 3(96B) AllocSpace objects, 0(0B) LOS objects, 36% free, 27MB/43MB, paused 512us total 19.928ms
08-05 13:37:24.866  2324  2404 I art     : Starting a blocking GC Explicit
08-05 13:37:24.888  2324  2404 I art     : Explicit concurrent mark sweep GC freed 1366(80KB) AllocSpace objects, 1(20KB) LOS objects, 36% free, 27MB/43MB, paused 495us total 21.950ms
08-05 13:37:24.895  2324  2404 I art     : Starting a blocking GC Explicit
08-05 13:37:24.916  2324  2404 I art     : Explicit concurrent mark sweep GC freed 23(752B) AllocSpace objects, 0(0B) LOS objects, 36% free, 27MB/43MB, paused 450us total 20.345ms
08-05 13:37:24.923  2324  2404 I art     : Starting a blocking GC Explicit
08-05 13:37:24.942  2324  2404 I art     : Explicit concurrent mark sweep GC freed 3(96B) AllocSpace objects, 0(0B) LOS objects, 36% free, 27MB/43MB, paused 454us total 18.987ms
08-05 13:37:24.949  2324  2404 I art     : Starting a blocking GC Explicit
08-05 13:37:24.968  2324  2404 I art     : Explicit concurrent mark sweep GC freed 3(96B) AllocSpace objects, 0(0B) LOS objects, 36% free, 27MB/43MB, paused 453us total 18.947ms
08-05 13:37:24.975  2324  2404 I art     : Starting a blocking GC Explicit
08-05 13:37:24.994  2324  2404 I art     : Explicit concurrent mark sweep GC freed 3(96B) AllocSpace objects, 0(0B) LOS objects, 36% free, 27MB/43MB, paused 440us total 19.012ms
08-05 13:37:25.103 32409 32409 I ServiceManager: Waiting for service AtCmdFwd...
08-05 13:37:25.149  3445  3445 D AndroidRuntime: >>>>>> START com.android.internal.os.RuntimeInit uid 2000 <<<<<<
08-05 13:37:25.154  3445  3445 D AndroidRuntime: CheckJNI is OFF
08-05 13:37:25.182  3445  3445 D ICU     : No timezone override file found: /data/misc/zoneinfo/current/icu/icu_tzdata.dat
08-05 13:37:25.209  3445  3445 I Radio-JNI: register_android_hardware_Radio DONE
08-05 13:37:25.224  3445  3445 D AndroidRuntime: Calling main entry com.android.commands.input.Input
08-05 13:37:25.226  3445  3445 I Input   : injectMotionEvent: MotionEvent { action=ACTION_DOWN, actionButton=0, id[0]=0, x[0]=625.0, y[0]=832.0, toolType[0]=TOOL_TYPE_UNKNOWN, buttonState=0, metaState=0, flags=0x0, edgeFlags=0x0, pointerCount=1, historySize=0, eventTime=797861638, downTime=797861638, deviceId=0, source=0x1002 }
08-05 13:37:25.230  3445  3445 I Input   : injectMotionEvent: MotionEvent { action=ACTION_UP, actionButton=0, id[0]=0, x[0]=625.0, y[0]=832.0, toolType[0]=TOOL_TYPE_UNKNOWN, buttonState=0, metaState=0, flags=0x0, edgeFlags=0x0, pointerCount=1, historySize=0, eventTime=797861638, downTime=797861638, deviceId=0, source=0x1002 }
08-05 13:37:25.233  3445  3445 D AndroidRuntime: Shutting down VM
08-05 13:37:25.250   512  2967 D audio_hw_primary: out_set_parameters: enter: usecase(1: low-latency-playback) kvpairs: routing=2
08-05 13:37:25.250  2324  2324 D UserPreferences: Using default data folder
08-05 13:37:25.254  2324  2324 D DownloadRequester: partiallyDownloadedFileExists: false
08-05 13:37:25.255  2324  2324 D DownloadRequester: /storage/emulated/0/Android/data/baseline.de.danoeh.antennapod.debug/files/cache/feed-Nice White Parents is available as a download destination
08-05 13:37:25.255  2324  2324 D DownloadRequester: Requesting download of url https://rss.art19.com/nice-white-parents
08-05 13:37:25.258  2324  2324 D DownloadService: Service started
08-05 13:37:25.259  2324  2324 D DownloadService: parallel downloads: 4
08-05 13:37:25.260  2324  3468 D downloadCompletionThd: downloadCompletionThread was started
08-05 13:37:25.262  2324  2324 D DownloadService: Notification set up
08-05 13:37:25.263   512  2967 D audio_hw_primary: select_devices: out_snd_device(2: speaker) in_snd_device(0: none)
08-05 13:37:25.263   512  2967 D msm8974_platform: platform_send_audio_calibration: sending audio calibration for snd_device(2) acdb_id(15)
08-05 13:37:25.263   512  2967 I soundtrigger: audio_extn_sound_trigger_update_device_status: device 0x2 of type 0 for Event 1
08-05 13:37:25.272  2324  2324 D DownloadService: Received enqueue request
08-05 13:37:25.272   512  2967 D audio_hw_primary: enable_snd_device: snd_device(2: speaker)
08-05 13:37:25.273  2324  2324 D OnlineFeedViewActivity: onEventMainThread() called with: event = [DownloadEvent{update=DownloaderUpdate{downloaders=[baseline.de.danoeh.antennapod.core.service.download.HttpDownloader@ea5af2a], feedIds=[0], mediaIds=[]}}]
08-05 13:37:25.274  2324  2324 D DownloadService: 1 downloads left
08-05 13:37:25.274   918  3359 D WifiService: acquireWifiLockLocked: WifiLock{Downloader type=1 binder=android.os.BinderProxy@f9b8697}
08-05 13:37:25.274  2324  2324 D DownloadService: Setting up notification updater
08-05 13:37:25.274   512  2967 D audio_hw_primary: enable_audio_route: apply and update mixer path: low-latency-playback speaker
08-05 13:37:25.275  2324  3470 D AntennapodHttpClient: Creating new instance of HTTP client
08-05 13:37:25.276  2324  2336 I art     : Starting a blocking GC Explicit
08-05 13:37:25.297  2324  2336 I art     : Explicit concurrent mark sweep GC freed 2418(146KB) AllocSpace objects, 1(20KB) LOS objects, 36% free, 27MB/43MB, paused 735us total 21.456ms
08-05 13:37:25.305  2324  2336 I art     : Starting a blocking GC Explicit
08-05 13:37:25.324  2324  2336 I art     : Explicit concurrent mark sweep GC freed 186(7KB) AllocSpace objects, 0(0B) LOS objects, 36% free, 27MB/43MB, paused 664us total 18.940ms
08-05 13:37:25.331  2324  2336 I art     : Starting a blocking GC Explicit
08-05 13:37:25.350  2324  2336 I art     : Explicit concurrent mark sweep GC freed 71(5KB) AllocSpace objects, 0(0B) LOS objects, 36% free, 27MB/43MB, paused 563us total 18.989ms
08-05 13:37:25.357  2324  2336 I art     : Starting a blocking GC Explicit
08-05 13:37:25.375  2324  2336 I art     : Explicit concurrent mark sweep GC freed 5(160B) AllocSpace objects, 0(0B) LOS objects, 36% free, 27MB/43MB, paused 517us total 18.278ms
08-05 13:37:25.382  2324  2336 I art     : Starting a blocking GC Explicit
08-05 13:37:25.400  2324  2336 I art     : Explicit concurrent mark sweep GC freed 452(36KB) AllocSpace objects, 0(0B) LOS objects, 36% free, 27MB/43MB, paused 613us total 18.171ms
08-05 13:37:25.596  2324  3470 D MYTAG   : interceptor 3a https://rss.art19.com/nice-white-parents
08-05 13:37:25.596  2324  3470 I NAPPA_EXPERIMENTATION: MetricNetworkRequestExecutionTime: REQUEST_DURATION_SYSTEM='319',REQUEST_DURATION_OKHTTP='159',REQUEST_SYNCHRONOUS='TRUE',RESPONSE_CODE='200',RESPONSE_METHOD='GET',RESPONSE_LENGTH_OKHTTP='-1',RESPONSE_LENGTH_HEADER='1803',REQUEST_PROTOCOL='h2',REQUEST_URL='https://rss.art19.com/nice-white-parents',
08-05 13:37:25.596  2324  3470 D HttpDownloader: Response code is 200
08-05 13:37:25.596  2324  3470 D UserPreferences: Using default data folder
08-05 13:37:25.599  2324  3470 D HttpDownloader: Getting size of download
08-05 13:37:25.599  2324  3470 D HttpDownloader: Size is -1
08-05 13:37:25.599  2324  3470 D UserPreferences: Using default data folder
08-05 13:37:25.600  2324  3470 D HttpDownloader: Free space is 20220764160
08-05 13:37:25.600  2324  3470 D HttpDownloader: Starting download
08-05 13:37:25.639  2324  3470 D HttpDownloader: Download was successful
08-05 13:37:25.640   918  3359 D WifiService: releaseWifiLockLocked: WifiLock{Downloader type=1 binder=android.os.BinderProxy@f9b8697}
08-05 13:37:25.640  2324  3468 D downloadCompletionThd: Received 'Download Complete' - message.
08-05 13:37:25.641  2324  3468 D DownloadService: Handling completed Feed Download
08-05 13:37:25.641  2324  2324 D DownloadService: Removing downloader: https://rss.art19.com/nice-white-parents
08-05 13:37:25.641  2324  2324 D DownloadService: Result of downloads.remove: true
08-05 13:37:25.641  2324  2324 D OnlineFeedViewActivity: onEventMainThread() called with: event = [DownloadEvent{update=DownloaderUpdate{downloaders=[], feedIds=[], mediaIds=[]}}]
08-05 13:37:25.642  2324  2336 I art     : Starting a blocking GC Explicit
08-05 13:37:25.643  2324  3486 D TypeGetter: Recognized type RSS 2.0
08-05 13:37:25.645  2324  3486 D SyndHandler: Recognized ITunes namespace
08-05 13:37:25.645  2324  3486 D SyndHandler: Recognized Atom namespace
08-05 13:37:25.645  2324  3486 D SyndHandler: Recognized Content namespace
08-05 13:37:25.648  2324  3486 D FeedSyncThread: Nice White Parents parsed
08-05 13:37:25.649  2324  3486 D FeedSyncThread: Deletion of file '/storage/emulated/0/Android/data/baseline.de.danoeh.antennapod.debug/files/cache/feed-Nice White Parents' successful
08-05 13:37:25.649  2324  3486 D DBReader: getFeedDownloadLog() called with: feed = [baseline.de.danoeh.antennapod.core.feed.Feed@0]
08-05 13:37:25.650  2324  3469 D FeedSyncThread: Bundling 1 feeds
08-05 13:37:25.651  2324  3487 D DBReader: Extracting Feedlist
08-05 13:37:25.652  2324  3487 D DBTasks : Found no existing Feed with title Nice White Parents. Adding as new one.
08-05 13:37:25.654  2324  3488 D PodDBAdapter: Setting feed with flattr status Nice White Parents: 0
08-05 13:37:25.654  2324  3488 D baseline.de.danoeh.antennapod.core.storage.PodDBAdapter@80c0893: Inserting new Feed into db
08-05 13:37:25.665  2324  2336 I art     : Explicit concurrent mark sweep GC freed 7008(515KB) AllocSpace objects, 7(280KB) LOS objects, 36% free, 27MB/43MB, paused 691us total 23.193ms
08-05 13:37:25.673  2324  2336 I art     : Starting a blocking GC Explicit
08-05 13:37:25.677  2324  2324 D EventDistributor: Processing event queue. Number of events: 1
08-05 13:37:25.677  2324  2324 D EventDistributor: Notifying observers. Data: 1
08-05 13:37:25.678  2324  2324 D DownloadService: 0 downloads left
08-05 13:37:25.678  2324  2893 D DBReader: Extracting Feedlist
08-05 13:37:25.678  2324  2324 D DownloadService: Number of downloads is 0, attempting shutdown
08-05 13:37:25.679  2324  2324 D DownloadService: Service shutting down
08-05 13:37:25.679  2324  2324 D DownloadService: No report is created
08-05 13:37:25.679  2324  2324 D OnlineFeedViewActivity: onEventMainThread() called with: event = [DownloadEvent{update=DownloaderUpdate{downloaders=[], feedIds=[], mediaIds=[]}}]
08-05 13:37:25.681  2324  3468 E downloadCompletionThd: DownloadCompletionThread was interrupted
08-05 13:37:25.681  2324  2324 D DownloadService: NotificationUpdater cancelled. Result: false
08-05 13:37:25.681  2324  2324 D DBTasks : autodownloadUndownloadedItems
08-05 13:37:25.683  2324  3489 D NetworkUtils: Device is connected to Wi-Fi
08-05 13:37:25.684  2324  3489 D NetworkUtils: Auto-dl filter is disabled
08-05 13:37:25.695  2324  2336 I art     : Explicit concurrent mark sweep GC freed 1395(159KB) AllocSpace objects, 1(20KB) LOS objects, 36% free, 27MB/43MB, paused 617us total 22.052ms
08-05 13:37:25.702  2324  2336 I art     : Starting a blocking GC Explicit
08-05 13:37:25.721  2324  2336 I art     : Explicit concurrent mark sweep GC freed 175(9KB) AllocSpace objects, 0(0B) LOS objects, 36% free, 27MB/43MB, paused 551us total 18.913ms
08-05 13:37:25.727  2324  2336 I art     : Starting a blocking GC Explicit
08-05 13:37:25.747  2324  2336 I art     : Explicit concurrent mark sweep GC freed 13(416B) AllocSpace objects, 0(0B) LOS objects, 36% free, 27MB/43MB, paused 618us total 19.131ms
08-05 13:37:25.754  2324  2336 I art     : Starting a blocking GC Explicit
08-05 13:37:25.773  2324  2336 I art     : Explicit concurrent mark sweep GC freed 13(512B) AllocSpace objects, 0(0B) LOS objects, 36% free, 27MB/43MB, paused 531us total 19.139ms
08-05 13:37:25.818   512  2967 D audio_hw_primary: disable_audio_route: reset and update mixer path: low-latency-playback speaker
08-05 13:37:25.819   512  2967 D audio_hw_primary: disable_snd_device: snd_device(2: speaker)
08-05 13:37:25.826   512  2967 I soundtrigger: audio_extn_sound_trigger_update_device_status: device 0x2 of type 0 for Event 0
08-05 13:37:26.030  2324  2904 I art     : Starting a blocking GC Explicit
08-05 13:37:26.051  2324  2904 I art     : Explicit concurrent mark sweep GC freed 1381(80KB) AllocSpace objects, 1(20KB) LOS objects, 36% free, 27MB/43MB, paused 554us total 21.274ms
08-05 13:37:26.059  2324  2904 I art     : Starting a blocking GC Explicit
08-05 13:37:26.080  2324  2904 I art     : Explicit concurrent mark sweep GC freed 23(752B) AllocSpace objects, 0(0B) LOS objects, 36% free, 27MB/43MB, paused 554us total 20.906ms
08-05 13:37:26.087  2324  2904 I art     : Starting a blocking GC Explicit
08-05 13:37:26.104 32409 32409 I ServiceManager: Waiting for service AtCmdFwd...
08-05 13:37:26.108  2324  2904 I art     : Explicit concurrent mark sweep GC freed 6(256B) AllocSpace objects, 0(0B) LOS objects, 36% free, 27MB/43MB, paused 653us total 20.822ms
08-05 13:37:26.117  2324  2904 I art     : Starting a blocking GC Explicit
08-05 13:37:26.138  2324  2904 I art     : Explicit concurrent mark sweep GC freed 3(96B) AllocSpace objects, 0(0B) LOS objects, 36% free, 27MB/43MB, paused 573us total 20.853ms
08-05 13:37:26.145  2324  2904 I art     : Starting a blocking GC Explicit
08-05 13:37:26.166  2324  2904 I art     : Explicit concurrent mark sweep GC freed 3(96B) AllocSpace objects, 0(0B) LOS objects, 36% free, 27MB/43MB, paused 556us total 20.884ms
08-05 13:37:26.461  2324  2337 I art     : Starting a blocking GC Explicit
08-05 13:37:26.492  2324  2337 I art     : Explicit concurrent mark sweep GC freed 1396(82KB) AllocSpace objects, 1(20KB) LOS objects, 36% free, 27MB/43MB, paused 826us total 30.457ms
08-05 13:37:26.501  2324  2337 I art     : Starting a blocking GC Explicit
08-05 13:37:26.524  2324  2337 I art     : Explicit concurrent mark sweep GC freed 23(752B) AllocSpace objects, 0(0B) LOS objects, 36% free, 27MB/43MB, paused 561us total 22.089ms
08-05 13:37:26.532  2324  2337 I art     : Starting a blocking GC Explicit
08-05 13:37:26.553  2324  2337 I art     : Explicit concurrent mark sweep GC freed 3(96B) AllocSpace objects, 0(0B) LOS objects, 36% free, 27MB/43MB, paused 631us total 21.233ms
08-05 13:37:26.560  2324  2337 I art     : Starting a blocking GC Explicit
08-05 13:37:26.582  2324  2337 I art     : Explicit concurrent mark sweep GC freed 3(96B) AllocSpace objects, 0(0B) LOS objects, 36% free, 27MB/43MB, paused 552us total 21.046ms
08-05 13:37:26.589  2324  2337 I art     : Starting a blocking GC Explicit
08-05 13:37:26.610  2324  2337 I art     : Explicit concurrent mark sweep GC freed 3(96B) AllocSpace objects, 0(0B) LOS objects, 36% free, 27MB/43MB, paused 555us total 20.991ms
08-05 13:37:26.902  2324  2336 I art     : Starting a blocking GC Explicit
08-05 13:37:26.932  2324  2336 I art     : Explicit concurrent mark sweep GC freed 1373(82KB) AllocSpace objects, 1(20KB) LOS objects, 36% free, 27MB/43MB, paused 612us total 29.588ms
08-05 13:37:26.943  2324  2336 I art     : Starting a blocking GC Explicit
08-05 13:37:26.966  2324  2336 I art     : Explicit concurrent mark sweep GC freed 23(752B) AllocSpace objects, 0(0B) LOS objects, 36% free, 27MB/43MB, paused 560us total 22.163ms
08-05 13:37:26.973  2324  2336 I art     : Starting a blocking GC Explicit
08-05 13:37:26.996  2324  2336 I art     : Explicit concurrent mark sweep GC freed 3(96B) AllocSpace objects, 0(0B) LOS objects, 36% free, 27MB/43MB, paused 704us total 22.376ms
08-05 13:37:27.004  2324  2336 I art     : Starting a blocking GC Explicit
08-05 13:37:27.027  2324  2336 I art     : Explicit concurrent mark sweep GC freed 3(96B) AllocSpace objects, 0(0B) LOS objects, 36% free, 27MB/43MB, paused 576us total 22.239ms
08-05 13:37:27.035  2324  2336 I art     : Starting a blocking GC Explicit
08-05 13:37:27.056  2324  2336 I art     : Explicit concurrent mark sweep GC freed 3(96B) AllocSpace objects, 0(0B) LOS objects, 36% free, 27MB/43MB, paused 543us total 21.015ms
08-05 13:37:27.104 32409 32409 W Atfwd_Sendcmd: AtCmdFwd service not published, waiting... retryCnt : 4
08-05 13:37:27.409  2324  2404 I art     : Starting a blocking GC Explicit
08-05 13:37:27.443  2324  2404 I art     : Explicit concurrent mark sweep GC freed 1401(83KB) AllocSpace objects, 1(20KB) LOS objects, 36% free, 27MB/43MB, paused 662us total 33.631ms
08-05 13:37:27.455  2324  2404 I art     : Starting a blocking GC Explicit
08-05 13:37:27.478  2324  2404 I art     : Explicit concurrent mark sweep GC freed 23(752B) AllocSpace objects, 0(0B) LOS objects, 36% free, 27MB/43MB, paused 581us total 22.762ms
08-05 13:37:27.486  2324  2404 I art     : Starting a blocking GC Explicit
08-05 13:37:27.508  2324  2404 I art     : Explicit concurrent mark sweep GC freed 3(96B) AllocSpace objects, 0(0B) LOS objects, 36% free, 27MB/43MB, paused 566us total 21.266ms
08-05 13:37:27.515  2324  2404 I art     : Starting a blocking GC Explicit
08-05 13:37:27.536  2324  2404 I art     : Explicit concurrent mark sweep GC freed 3(96B) AllocSpace objects, 0(0B) LOS objects, 36% free, 27MB/43MB, paused 552us total 21.225ms
08-05 13:37:27.543  2324  2404 I art     : Starting a blocking GC Explicit
08-05 13:37:27.565  2324  2404 I art     : Explicit concurrent mark sweep GC freed 3(96B) AllocSpace objects, 0(0B) LOS objects, 36% free, 27MB/43MB, paused 620us total 21.277ms
08-05 13:37:27.875  2324  2904 I art     : Starting a blocking GC Explicit
08-05 13:37:27.909  2324  2904 I art     : Explicit concurrent mark sweep GC freed 1370(80KB) AllocSpace objects, 1(20KB) LOS objects, 36% free, 27MB/43MB, paused 658us total 33.718ms
08-05 13:37:27.921  2324  2904 I art     : Starting a blocking GC Explicit
08-05 13:37:27.943  2324  2904 I art     : Explicit concurrent mark sweep GC freed 23(752B) AllocSpace objects, 0(0B) LOS objects, 36% free, 27MB/43MB, paused 571us total 21.544ms
08-05 13:37:27.951  2324  2904 I art     : Starting a blocking GC Explicit
08-05 13:37:27.972  2324  2904 I art     : Explicit concurrent mark sweep GC freed 3(96B) AllocSpace objects, 0(0B) LOS objects, 36% free, 27MB/43MB, paused 553us total 21.637ms
08-05 13:37:27.980  2324  2904 I art     : Starting a blocking GC Explicit
08-05 13:37:28.002  2324  2904 I art     : Explicit concurrent mark sweep GC freed 3(96B) AllocSpace objects, 0(0B) LOS objects, 36% free, 27MB/43MB, paused 747us total 21.794ms
08-05 13:37:28.010  2324  2904 I art     : Starting a blocking GC Explicit
08-05 13:37:28.032  2324  2904 I art     : Explicit concurrent mark sweep GC freed 3(96B) AllocSpace objects, 0(0B) LOS objects, 36% free, 27MB/43MB, paused 556us total 21.150ms
08-05 13:37:28.356  2324  2337 I art     : Starting a blocking GC Explicit
08-05 13:37:28.386  2324  2337 I art     : Explicit concurrent mark sweep GC freed 1366(80KB) AllocSpace objects, 1(20KB) LOS objects, 36% free, 27MB/43MB, paused 610us total 29.328ms
08-05 13:37:28.396  2324  2337 I art     : Starting a blocking GC Explicit
08-05 13:37:28.418  2324  2337 I art     : Explicit concurrent mark sweep GC freed 52(1536B) AllocSpace objects, 0(0B) LOS objects, 36% free, 27MB/43MB, paused 566us total 22.239ms
08-05 13:37:28.426  2324  2337 I art     : Starting a blocking GC Explicit
08-05 13:37:28.447  2324  2337 I art     : Explicit concurrent mark sweep GC freed 3(96B) AllocSpace objects, 0(0B) LOS objects, 36% free, 27MB/43MB, paused 581us total 21.639ms
08-05 13:37:28.455  2324  2337 I art     : Starting a blocking GC Explicit
08-05 13:37:28.477  2324  2337 I art     : Explicit concurrent mark sweep GC freed 3(96B) AllocSpace objects, 0(0B) LOS objects, 36% free, 27MB/43MB, paused 600us total 22.221ms
08-05 13:37:28.485  2324  2337 I art     : Starting a blocking GC Explicit
08-05 13:37:28.506  2324  2337 I art     : Explicit concurrent mark sweep GC freed 3(96B) AllocSpace objects, 0(0B) LOS objects, 36% free, 27MB/43MB, paused 549us total 21.171ms
08-05 13:37:28.812  2324  2336 I art     : Starting a blocking GC Explicit
08-05 13:37:28.843  2324  2336 I art     : Explicit concurrent mark sweep GC freed 1367(82KB) AllocSpace objects, 1(20KB) LOS objects, 36% free, 27MB/43MB, paused 623us total 30.139ms
08-05 13:37:28.854  2324  2336 I art     : Starting a blocking GC Explicit
08-05 13:37:28.876  2324  2336 I art     : Explicit concurrent mark sweep GC freed 23(752B) AllocSpace objects, 0(0B) LOS objects, 36% free, 27MB/43MB, paused 568us total 21.701ms
08-05 13:37:28.883  2324  2336 I art     : Starting a blocking GC Explicit
08-05 13:37:28.906  2324  2336 I art     : Explicit concurrent mark sweep GC freed 3(96B) AllocSpace objects, 0(0B) LOS objects, 36% free, 27MB/43MB, paused 558us total 22.142ms
08-05 13:37:28.913  2324  2336 I art     : Starting a blocking GC Explicit
08-05 13:37:28.935  2324  2336 I art     : Explicit concurrent mark sweep GC freed 3(96B) AllocSpace objects, 0(0B) LOS objects, 36% free, 27MB/43MB, paused 571us total 21.779ms
08-05 13:37:28.943  2324  2336 I art     : Starting a blocking GC Explicit
08-05 13:37:28.964  2324  2336 I art     : Explicit concurrent mark sweep GC freed 3(96B) AllocSpace objects, 0(0B) LOS objects, 36% free, 27MB/43MB, paused 565us total 21.084ms
08-05 13:37:29.294  2324  2404 I art     : Starting a blocking GC Explicit
08-05 13:37:29.325  2324  2404 I art     : Explicit concurrent mark sweep GC freed 1366(80KB) AllocSpace objects, 1(20KB) LOS objects, 36% free, 27MB/43MB, paused 637us total 30.374ms
08-05 13:37:29.338  2324  2404 I art     : Starting a blocking GC Explicit
08-05 13:37:29.360  2324  2404 I art     : Explicit concurrent mark sweep GC freed 23(752B) AllocSpace objects, 0(0B) LOS objects, 36% free, 27MB/43MB, paused 608us total 21.614ms
08-05 13:37:29.367  2324  2404 I art     : Starting a blocking GC Explicit
08-05 13:37:29.388  2324  2404 I art     : Explicit concurrent mark sweep GC freed 3(96B) AllocSpace objects, 0(0B) LOS objects, 36% free, 27MB/43MB, paused 548us total 20.756ms
08-05 13:37:29.396  2324  2404 I art     : Starting a blocking GC Explicit
08-05 13:37:29.418  2324  2404 I art     : Explicit concurrent mark sweep GC freed 32(880B) AllocSpace objects, 0(0B) LOS objects, 36% free, 27MB/43MB, paused 578us total 21.730ms
08-05 13:37:29.425  2324  2404 I art     : Starting a blocking GC Explicit
08-05 13:37:29.447  2324  2404 I art     : Explicit concurrent mark sweep GC freed 3(96B) AllocSpace objects, 0(0B) LOS objects, 36% free, 27MB/43MB, paused 685us total 21.787ms
08-05 13:37:29.759  2324  2904 I art     : Starting a blocking GC Explicit
08-05 13:37:29.781  2324  2904 I art     : Explicit concurrent mark sweep GC freed 1366(80KB) AllocSpace objects, 1(20KB) LOS objects, 36% free, 27MB/43MB, paused 589us total 22.028ms
08-05 13:37:29.789  2324  2904 I art     : Starting a blocking GC Explicit
08-05 13:37:29.810  2324  2904 I art     : Explicit concurrent mark sweep GC freed 23(752B) AllocSpace objects, 0(0B) LOS objects, 36% free, 27MB/43MB, paused 551us total 20.820ms
08-05 13:37:29.817  2324  2904 I art     : Starting a blocking GC Explicit
08-05 13:37:29.837  2324  2904 I art     : Explicit concurrent mark sweep GC freed 3(96B) AllocSpace objects, 0(0B) LOS objects, 36% free, 27MB/43MB, paused 612us total 19.850ms
08-05 13:37:29.844  2324  2904 I art     : Starting a blocking GC Explicit
08-05 13:37:29.845  3572  3572 D AndroidRuntime: >>>>>> START com.android.internal.os.RuntimeInit uid 2000 <<<<<<
08-05 13:37:29.849  3572  3572 D AndroidRuntime: CheckJNI is OFF
08-05 13:37:29.864  2324  2904 I art     : Explicit concurrent mark sweep GC freed 3(96B) AllocSpace objects, 0(0B) LOS objects, 36% free, 27MB/43MB, paused 566us total 19.858ms
08-05 13:37:29.871  2324  2904 I art     : Starting a blocking GC Explicit
08-05 13:37:29.878  3572  3572 D ICU     : No timezone override file found: /data/misc/zoneinfo/current/icu/icu_tzdata.dat
08-05 13:37:29.891  2324  2904 I art     : Explicit concurrent mark sweep GC freed 3(96B) AllocSpace objects, 0(0B) LOS objects, 36% free, 27MB/43MB, paused 590us total 20.211ms
08-05 13:37:29.905  3572  3572 I Radio-JNI: register_android_hardware_Radio DONE
08-05 13:37:29.920  3572  3572 D AndroidRuntime: Calling main entry com.android.commands.input.Input
08-05 13:37:29.921  3572  3572 I Input   : injectKeyEvent: KeyEvent { action=ACTION_DOWN, keyCode=KEYCODE_BACK, scanCode=0, metaState=0, flags=0x0, repeatCount=0, eventTime=797866334, downTime=797866334, deviceId=-1, source=0x101 }
08-05 13:37:29.928  3572  3572 I Input   : injectKeyEvent: KeyEvent { action=ACTION_UP, keyCode=KEYCODE_BACK, scanCode=0, metaState=0, flags=0x0, repeatCount=0, eventTime=797866334, downTime=797866334, deviceId=-1, source=0x101 }
08-05 13:37:29.936  3572  3572 D AndroidRuntime: Shutting down VM
08-05 13:37:29.941  2324  2324 V PlaybackController: initServiceNotRunning()
08-05 13:37:29.941  2324  2324 D ExternalPlayerFragment: Loading media info
08-05 13:37:29.943  2324  2324 D UserPreferences: Using default data folder
08-05 13:37:29.943  2324  2893 D DBReader: getNavDrawerData() called with: 
08-05 13:37:29.945  2324  2893 D DBReader: getDownloadedItems() called
08-05 13:37:29.946  2324  2893 D DBReader: getFavoriteIDList() called
08-05 13:37:29.946  2324  2893 D DBReader: getQueueIDList() called
08-05 13:37:29.947  2324  2893 D DBReader: Extracting Feedlist
08-05 13:37:29.975  2324  2324 D MainActivity: getLastNavFragment() -> AddFeedFragment
08-05 13:37:29.977 13866 13866 I GoogleInputMethodServic: GoogleInputMethodService.onFinishInput():3138 
08-05 13:37:29.977 13866 13866 I GoogleInputMethodServic: GoogleInputMethodService.onStartInput():1808 
08-05 13:37:29.987  2324  3357 D ApOkHttpUrlLoader: buildLoadData() called with: model = [https://content.production.cdn.art19.com/images/89/e0/88/44/89e08844-ac28-4fc0-96fa-15a41fec2014/262c12ed699a8d9720dea0bd66449d998e4a08cf18095bed170ccaa76722045fa5dbf7a366918b2db7e3acf29ad22f6b99fd659a9409cb807bf2781d968932f8.jpeg], width = [140], height = [140]
08-05 13:37:30.112  2324  2404 I art     : Starting a blocking GC Explicit
08-05 13:37:30.134  2324  2404 I art     : Explicit concurrent mark sweep GC freed 2646(190KB) AllocSpace objects, 1(20KB) LOS objects, 36% free, 27MB/43MB, paused 700us total 22.225ms
08-05 13:37:30.144  2324  2404 I art     : Starting a blocking GC Explicit
08-05 13:37:30.171  2324  2404 I art     : Explicit concurrent mark sweep GC freed 503(25KB) AllocSpace objects, 0(0B) LOS objects, 36% free, 27MB/43MB, paused 512us total 26.902ms
08-05 13:37:30.182  2324  2404 I art     : Starting a blocking GC Explicit
08-05 13:37:30.207  2324  2404 I art     : Explicit concurrent mark sweep GC freed 3(96B) AllocSpace objects, 0(0B) LOS objects, 36% free, 27MB/43MB, paused 651us total 24.304ms
08-05 13:37:30.217  2324  2404 I art     : Starting a blocking GC Explicit
08-05 13:37:30.248  2324  2404 I art     : Explicit concurrent mark sweep GC freed 3(96B) AllocSpace objects, 0(0B) LOS objects, 36% free, 27MB/43MB, paused 699us total 30.215ms
08-05 13:37:30.255  2324  2404 I art     : Starting a blocking GC Explicit
08-05 13:37:30.280  2324  2404 I art     : Explicit concurrent mark sweep GC freed 3(96B) AllocSpace objects, 0(0B) LOS objects, 36% free, 27MB/43MB, paused 533us total 24.647ms
08-05 13:37:30.287   380   380 W SurfaceFlinger: couldn't log to binary event log: overflow.
08-05 13:37:30.555  2324  2904 I art     : Starting a blocking GC Explicit
08-05 13:37:30.584  2324  2904 I art     : Explicit concurrent mark sweep GC freed 2036(108KB) AllocSpace objects, 1(20KB) LOS objects, 36% free, 27MB/43MB, paused 585us total 29.310ms
08-05 13:37:30.592  2324  2904 I art     : Starting a blocking GC Explicit
08-05 13:37:30.615  2324  2904 I art     : Explicit concurrent mark sweep GC freed 2483(152KB) AllocSpace objects, 2(248KB) LOS objects, 36% free, 27MB/43MB, paused 559us total 22.704ms
08-05 13:37:30.623  2324  2904 I art     : Starting a blocking GC Explicit
08-05 13:37:30.643  2324  2904 I art     : Explicit concurrent mark sweep GC freed 3(96B) AllocSpace objects, 0(0B) LOS objects, 36% free, 27MB/43MB, paused 560us total 20.321ms
08-05 13:37:30.651  2324  2904 I art     : Starting a blocking GC Explicit
08-05 13:37:30.671  2324  2904 I art     : Explicit concurrent mark sweep GC freed 3(96B) AllocSpace objects, 0(0B) LOS objects, 36% free, 27MB/43MB, paused 624us total 20.685ms
08-05 13:37:30.679  2324  2904 I art     : Starting a blocking GC Explicit
08-05 13:37:30.699  2324  2904 I art     : Explicit concurrent mark sweep GC freed 3(96B) AllocSpace objects, 0(0B) LOS objects, 36% free, 27MB/43MB, paused 547us total 20.264ms
08-05 13:37:31.001  2324  2336 I art     : Starting a blocking GC Explicit
08-05 13:37:31.033  2324  2336 I art     : Explicit concurrent mark sweep GC freed 1369(82KB) AllocSpace objects, 1(20KB) LOS objects, 36% free, 27MB/43MB, paused 618us total 31.075ms
08-05 13:37:31.046  2324  2336 I art     : Starting a blocking GC Explicit
08-05 13:37:31.067  2324  2336 I art     : Explicit concurrent mark sweep GC freed 23(752B) AllocSpace objects, 0(0B) LOS objects, 36% free, 27MB/43MB, paused 670us total 21.452ms
08-05 13:37:31.075  2324  2336 I art     : Starting a blocking GC Explicit
08-05 13:37:31.096  2324  2336 I art     : Explicit concurrent mark sweep GC freed 3(96B) AllocSpace objects, 0(0B) LOS objects, 36% free, 27MB/43MB, paused 554us total 21.413ms
08-05 13:37:31.104  2324  2336 I art     : Starting a blocking GC Explicit
08-05 13:37:31.126  2324  2336 I art     : Explicit concurrent mark sweep GC freed 3(96B) AllocSpace objects, 0(0B) LOS objects, 36% free, 27MB/43MB, paused 584us total 21.681ms
08-05 13:37:31.134  2324  2336 I art     : Starting a blocking GC Explicit
08-05 13:37:31.155  2324  2336 I art     : Explicit concurrent mark sweep GC freed 3(96B) AllocSpace objects, 0(0B) LOS objects, 36% free, 27MB/43MB, paused 555us total 20.409ms
08-05 13:37:31.415  2324  2337 I art     : Starting a blocking GC Explicit
08-05 13:37:31.437  2324  2337 I art     : Explicit concurrent mark sweep GC freed 1397(81KB) AllocSpace objects, 1(20KB) LOS objects, 36% free, 27MB/43MB, paused 707us total 21.686ms
08-05 13:37:31.444  2324  2337 I art     : Starting a blocking GC Explicit
08-05 13:37:31.465  2324  2337 I art     : Explicit concurrent mark sweep GC freed 23(752B) AllocSpace objects, 0(0B) LOS objects, 36% free, 27MB/43MB, paused 573us total 20.703ms
08-05 13:37:31.473  2324  2337 I art     : Starting a blocking GC Explicit
08-05 13:37:31.493  2324  2337 I art     : Explicit concurrent mark sweep GC freed 3(96B) AllocSpace objects, 0(0B) LOS objects, 36% free, 27MB/43MB, paused 573us total 19.608ms
08-05 13:37:31.493  3628  3628 D AndroidRuntime: >>>>>> START com.android.internal.os.RuntimeInit uid 2000 <<<<<<
08-05 13:37:31.497  3628  3628 D AndroidRuntime: CheckJNI is OFF
08-05 13:37:31.499  2324  2337 I art     : Starting a blocking GC Explicit
08-05 13:37:31.519  2324  2337 I art     : Explicit concurrent mark sweep GC freed 3(96B) AllocSpace objects, 0(0B) LOS objects, 36% free, 27MB/43MB, paused 558us total 19.302ms
08-05 13:37:31.524  3628  3628 D ICU     : No timezone override file found: /data/misc/zoneinfo/current/icu/icu_tzdata.dat
08-05 13:37:31.526  2324  2337 I art     : Starting a blocking GC Explicit
08-05 13:37:31.546  2324  2337 I art     : Explicit concurrent mark sweep GC freed 3(96B) AllocSpace objects, 0(0B) LOS objects, 36% free, 27MB/43MB, paused 603us total 20.035ms
08-05 13:37:31.552  3628  3628 I Radio-JNI: register_android_hardware_Radio DONE
08-05 13:37:31.568  3628  3628 D AndroidRuntime: Calling main entry com.android.commands.input.Input
08-05 13:37:31.570  3628  3628 I Input   : injectMotionEvent: MotionEvent { action=ACTION_DOWN, actionButton=0, id[0]=0, x[0]=639.0, y[0]=762.0, toolType[0]=TOOL_TYPE_UNKNOWN, buttonState=0, metaState=0, flags=0x0, edgeFlags=0x0, pointerCount=1, historySize=0, eventTime=797867983, downTime=797867983, deviceId=0, source=0x1002 }
08-05 13:37:31.578  3628  3628 I Input   : injectMotionEvent: MotionEvent { action=ACTION_UP, actionButton=0, id[0]=0, x[0]=639.0, y[0]=762.0, toolType[0]=TOOL_TYPE_UNKNOWN, buttonState=0, metaState=0, flags=0x0, edgeFlags=0x0, pointerCount=1, historySize=0, eventTime=797867983, downTime=797867983, deviceId=0, source=0x1002 }
08-05 13:37:31.579  3628  3628 D AndroidRuntime: Shutting down VM
08-05 13:37:31.659   512  2967 D audio_hw_primary: out_set_parameters: enter: usecase(1: low-latency-playback) kvpairs: routing=2
08-05 13:37:31.673   512  2967 D audio_hw_primary: select_devices: out_snd_device(2: speaker) in_snd_device(0: none)
08-05 13:37:31.673   512  2967 D msm8974_platform: platform_send_audio_calibration: sending audio calibration for snd_device(2) acdb_id(15)
08-05 13:37:31.673   512  2967 I soundtrigger: audio_extn_sound_trigger_update_device_status: device 0x2 of type 0 for Event 1
08-05 13:37:31.680 13866 13866 I GoogleInputMethodServic: GoogleInputMethodService.onFinishInput():3138 
08-05 13:37:31.681 13866 13866 I GoogleInputMethodServic: GoogleInputMethodService.onStartInput():1808 
08-05 13:37:31.685   512  2967 D audio_hw_primary: enable_snd_device: snd_device(2: speaker)
08-05 13:37:31.687   512  2967 D audio_hw_primary: enable_audio_route: apply and update mixer path: low-latency-playback speaker
08-05 13:37:31.787  2324  2904 I art     : Starting a blocking GC Explicit
08-05 13:37:31.808  2324  2904 I art     : Explicit concurrent mark sweep GC freed 1632(91KB) AllocSpace objects, 1(20KB) LOS objects, 36% free, 27MB/43MB, paused 750us total 21.488ms
08-05 13:37:31.816  2324  2904 I art     : Starting a blocking GC Explicit
08-05 13:37:31.836  2324  2904 I art     : Explicit concurrent mark sweep GC freed 52(1776B) AllocSpace objects, 0(0B) LOS objects, 36% free, 27MB/43MB, paused 626us total 20.475ms
08-05 13:37:31.843  2324  2904 I art     : Starting a blocking GC Explicit
08-05 13:37:31.864  2324  2904 I art     : Explicit concurrent mark sweep GC freed 11(416B) AllocSpace objects, 0(0B) LOS objects, 36% free, 27MB/43MB, paused 605us total 20.700ms
08-05 13:37:31.872  2324  2904 I art     : Starting a blocking GC Explicit
08-05 13:37:31.891  2324  2904 I art     : Explicit concurrent mark sweep GC freed 12(432B) AllocSpace objects, 0(0B) LOS objects, 36% free, 27MB/43MB, paused 593us total 19.305ms
08-05 13:37:31.898  2324  2904 I art     : Starting a blocking GC Explicit
08-05 13:37:31.909  2324  2350 I NAPPA_EXPERIMENTATION: MetricNetworkRequestExecutionTime: REQUEST_DURATION_SYSTEM='252',REQUEST_DURATION_OKHTTP='250',REQUEST_SYNCHRONOUS='TRUE',RESPONSE_CODE='200',RESPONSE_METHOD='GET',RESPONSE_LENGTH_OKHTTP='-1',RESPONSE_LENGTH_HEADER='622',REQUEST_PROTOCOL='h2',REQUEST_URL='https://itunes.apple.com/lookup?id=360084272',
08-05 13:37:31.918  2324  2904 I art     : Explicit concurrent mark sweep GC freed 270(23KB) AllocSpace objects, 0(0B) LOS objects, 36% free, 27MB/43MB, paused 594us total 19.266ms
08-05 13:37:31.923   918  3961 I ActivityManager: START u0 {cmp=baseline.de.danoeh.antennapod.debug/baseline.de.danoeh.antennapod.activity.OnlineFeedViewActivity (has extras)} from uid 10695 on display 0
08-05 13:37:31.948 13866 13866 I GoogleInputMethodServic: GoogleInputMethodService.onFinishInput():3138 
08-05 13:37:31.949 13866 13866 I GoogleInputMethodServic: GoogleInputMethodService.onStartInput():1808 
08-05 13:37:31.965  2324  2324 D UserPreferences: Using default data folder
08-05 13:37:31.965  2324  2324 D OnlineFeedViewActivity: Activity was started with url http://joeroganexp.joerogan.libsynpro.com/rss
08-05 13:37:31.967  2324  2324 D OnlineFeedViewActivity: Starting feed download
08-05 13:37:31.969  2324  2344 D DBReader: Extracting Feedlist
08-05 13:37:31.970   918  3359 D WifiService: acquireWifiLockLocked: WifiLock{Downloader type=1 binder=android.os.BinderProxy@8a737c6}
08-05 13:37:31.971  2324  2344 D AntennapodHttpClient: Creating new instance of HTTP client
08-05 13:37:32.015 13866 13866 I GoogleInputMethodServic: GoogleInputMethodService.onFinishInput():3138 
08-05 13:37:32.015 13866 13866 I GoogleInputMethodServic: GoogleInputMethodService.onStartInput():1808 
08-05 13:37:32.019  2324  2344 D MYTAG   : interceptor 3a http://joeroganexp.joerogan.libsynpro.com/rss
08-05 13:37:32.019  2324  2344 I NAPPA_EXPERIMENTATION: MetricNetworkRequestExecutionTime: REQUEST_DURATION_SYSTEM='48',REQUEST_DURATION_OKHTTP='42',REQUEST_SYNCHRONOUS='TRUE',RESPONSE_CODE='200',RESPONSE_METHOD='GET',RESPONSE_LENGTH_OKHTTP='-1',RESPONSE_LENGTH_HEADER='307892',REQUEST_PROTOCOL='http/1.1',REQUEST_URL='http://joeroganexp.joerogan.libsynpro.com/rss',
08-05 13:37:32.019  2324  2344 D HttpDownloader: Response code is 200
08-05 13:37:32.019  2324  2344 D UserPreferences: Using default data folder
08-05 13:37:32.021  2324  2344 D HttpDownloader: Getting size of download
08-05 13:37:32.021  2324  2344 D HttpDownloader: Size is -1
08-05 13:37:32.021  2324  2344 D UserPreferences: Using default data folder
08-05 13:37:32.021  2324  2344 D HttpDownloader: Free space is 20220690432
08-05 13:37:32.021  2324  2344 D HttpDownloader: Starting download
08-05 13:37:32.039   918   936 I ActivityManager: Displayed baseline.de.danoeh.antennapod.debug/baseline.de.danoeh.antennapod.activity.OnlineFeedViewActivity: +90ms
08-05 13:37:32.098  2324  2344 D HttpDownloader: Download was successful
08-05 13:37:32.099   918  4413 D WifiService: releaseWifiLockLocked: WifiLock{Downloader type=1 binder=android.os.BinderProxy@8a737c6}
08-05 13:37:32.099  2324  2324 D OnlineFeedViewActivity: Parsing feed
08-05 13:37:32.104  2324  3677 D TypeGetter: Recognized type RSS 2.0
08-05 13:37:32.106  2324  3677 D SyndHandler: Recognized Atom namespace
08-05 13:37:32.106  2324  3677 D SyndHandler: Recognized ITunes namespace
08-05 13:37:32.107  2324  3677 D SyndHandler: Recognized media namespace
08-05 13:37:32.107  2324  3677 D SyndHandler: Recognized Content namespace
08-05 13:37:32.163  2324  2336 I art     : Starting a blocking GC Explicit
08-05 13:37:32.190  2324  2336 I art     : Explicit concurrent mark sweep GC freed 8939(656KB) AllocSpace objects, 4(80KB) LOS objects, 36% free, 28MB/44MB, paused 994us total 26.660ms
08-05 13:37:32.201  2324  2336 I art     : Starting a blocking GC Explicit
08-05 13:37:32.224  2324  2336 I art     : Explicit concurrent mark sweep GC freed 4510(225KB) AllocSpace objects, 0(0B) LOS objects, 36% free, 28MB/44MB, paused 830us total 22.920ms
08-05 13:37:32.229   512  2967 D audio_hw_primary: disable_audio_route: reset and update mixer path: low-latency-playback speaker
08-05 13:37:32.230   512  2967 D audio_hw_primary: disable_snd_device: snd_device(2: speaker)
08-05 13:37:32.231  2324  2336 I art     : Starting a blocking GC Explicit
08-05 13:37:32.238   512  2967 I soundtrigger: audio_extn_sound_trigger_update_device_status: device 0x2 of type 0 for Event 0
08-05 13:37:32.253  2324  2336 I art     : Explicit concurrent mark sweep GC freed 3026(156KB) AllocSpace objects, 0(0B) LOS objects, 36% free, 28MB/44MB, paused 783us total 21.030ms
08-05 13:37:32.261  2324  2336 I art     : Starting a blocking GC Explicit
08-05 13:37:32.273   380   380 W SurfaceFlinger: couldn't log to binary event log: overflow.
08-05 13:37:32.282  2324  2336 I art     : Explicit concurrent mark sweep GC freed 2959(147KB) AllocSpace objects, 0(0B) LOS objects, 36% free, 28MB/44MB, paused 739us total 21.324ms
08-05 13:37:32.289  2324  2336 I art     : Starting a blocking GC Explicit
08-05 13:37:32.309  2324  2336 I art     : Explicit concurrent mark sweep GC freed 2638(139KB) AllocSpace objects, 0(0B) LOS objects, 36% free, 28MB/44MB, paused 735us total 20.397ms
08-05 13:37:32.413  2324  2324 D PlaybackController: Releasing PlaybackController
08-05 13:37:32.559  2324  2904 I art     : Starting a blocking GC Explicit
08-05 13:37:32.586  2324  2904 I art     : Explicit concurrent mark sweep GC freed 28825(1541KB) AllocSpace objects, 1(20KB) LOS objects, 35% free, 29MB/45MB, paused 948us total 26.786ms
08-05 13:37:32.594  2324  2904 I art     : Starting a blocking GC Explicit
08-05 13:37:32.618  2324  2904 I art     : Explicit concurrent mark sweep GC freed 3929(197KB) AllocSpace objects, 0(0B) LOS objects, 35% free, 29MB/45MB, paused 997us total 24.286ms
08-05 13:37:32.625  2324  2904 I art     : Starting a blocking GC Explicit
08-05 13:37:32.647  2324  2904 I art     : Explicit concurrent mark sweep GC freed 9146(429KB) AllocSpace objects, 0(0B) LOS objects, 35% free, 28MB/44MB, paused 903us total 22.042ms
08-05 13:37:32.654  2324  2904 I art     : Starting a blocking GC Explicit
08-05 13:37:32.676  2324  2904 I art     : Explicit concurrent mark sweep GC freed 4296(209KB) AllocSpace objects, 0(0B) LOS objects, 35% free, 28MB/44MB, paused 879us total 21.236ms
08-05 13:37:32.683  2324  2904 I art     : Starting a blocking GC Explicit
08-05 13:37:32.705  2324  2904 I art     : Explicit concurrent mark sweep GC freed 3138(160KB) AllocSpace objects, 0(0B) LOS objects, 35% free, 28MB/44MB, paused 879us total 22.305ms
08-05 13:37:32.735   518   646 I ThermalEngine: ACTION: GPU - Setting GPU[0] to 510000000
08-05 13:37:32.972  2324  2336 I art     : Starting a blocking GC Explicit
08-05 13:37:33.021  2324  2336 I art     : Explicit concurrent mark sweep GC freed 24467(1327KB) AllocSpace objects, 1(20KB) LOS objects, 35% free, 29MB/45MB, paused 1.194ms total 48.426ms
08-05 13:37:33.032  2324  2336 I art     : Starting a blocking GC Explicit
08-05 13:37:33.064  2324  2336 I art     : Explicit concurrent mark sweep GC freed 6168(303KB) AllocSpace objects, 0(0B) LOS objects, 35% free, 29MB/45MB, paused 1.156ms total 31.226ms
08-05 13:37:33.074  2324  2336 I art     : Starting a blocking GC Explicit
08-05 13:37:33.103  2324  2336 I art     : Explicit concurrent mark sweep GC freed 6944(336KB) AllocSpace objects, 0(0B) LOS objects, 35% free, 29MB/45MB, paused 1.080ms total 29.471ms
08-05 13:37:33.113  2324  2336 I art     : Starting a blocking GC Explicit
08-05 13:37:33.143  2324  2336 I art     : Explicit concurrent mark sweep GC freed 3203(157KB) AllocSpace objects, 0(0B) LOS objects, 35% free, 29MB/45MB, paused 1.213ms total 29.438ms
08-05 13:37:33.153  2324  2336 I art     : Starting a blocking GC Explicit
08-05 13:37:33.183  2324  2336 I art     : Explicit concurrent mark sweep GC freed 3085(163KB) AllocSpace objects, 0(0B) LOS objects, 35% free, 29MB/45MB, paused 1.090ms total 29.697ms
08-05 13:37:33.487  2324  2336 I art     : Starting a blocking GC Explicit
08-05 13:37:33.528  2324  2336 I art     : Explicit concurrent mark sweep GC freed 26054(1462KB) AllocSpace objects, 1(20KB) LOS objects, 34% free, 30MB/46MB, paused 1.213ms total 40.405ms
08-05 13:37:33.539  2324  2336 I art     : Starting a blocking GC Explicit
08-05 13:37:33.577  2324  2336 I art     : Explicit concurrent mark sweep GC freed 3577(174KB) AllocSpace objects, 0(0B) LOS objects, 34% free, 30MB/46MB, paused 5.266ms total 37.495ms
08-05 13:37:33.587  2324  2336 I art     : Starting a blocking GC Explicit
08-05 13:37:33.617  2324  2336 I art     : Explicit concurrent mark sweep GC freed 10540(496KB) AllocSpace objects, 0(0B) LOS objects, 34% free, 30MB/46MB, paused 1.154ms total 29.772ms
08-05 13:37:33.627  2324  2336 I art     : Starting a blocking GC Explicit
08-05 13:37:33.659  2324  2336 I art     : Explicit concurrent mark sweep GC freed 3434(179KB) AllocSpace objects, 0(0B) LOS objects, 34% free, 30MB/46MB, paused 1.080ms total 31.272ms
08-05 13:37:33.669  2324  2336 I art     : Starting a blocking GC Explicit
08-05 13:37:33.699  2324  2336 I art     : Explicit concurrent mark sweep GC freed 3343(171KB) AllocSpace objects, 0(0B) LOS objects, 34% free, 30MB/46MB, paused 1.063ms total 30.028ms
08-05 13:37:33.993  2324  2404 I art     : Starting a blocking GC Explicit
08-05 13:37:34.036  2324  2404 I art     : Explicit concurrent mark sweep GC freed 25820(1317KB) AllocSpace objects, 1(20KB) LOS objects, 34% free, 31MB/47MB, paused 1.245ms total 42.442ms
08-05 13:37:34.048  2324  2404 I art     : Starting a blocking GC Explicit
08-05 13:37:34.084  2324  2404 I art     : Explicit concurrent mark sweep GC freed 4065(174KB) AllocSpace objects, 0(0B) LOS objects, 33% free, 31MB/47MB, paused 1.404ms total 35.752ms
08-05 13:37:34.095  2324  2404 I art     : Starting a blocking GC Explicit
08-05 13:37:34.128  2324  2404 I art     : Explicit concurrent mark sweep GC freed 10660(481KB) AllocSpace objects, 0(0B) LOS objects, 34% free, 30MB/46MB, paused 1.094ms total 33.027ms
08-05 13:37:34.139  2324  2404 I art     : Starting a blocking GC Explicit
08-05 13:37:34.171  2324  2404 I art     : Explicit concurrent mark sweep GC freed 3491(152KB) AllocSpace objects, 0(0B) LOS objects, 34% free, 30MB/46MB, paused 1.121ms total 32.363ms
08-05 13:37:34.182  2324  2404 I art     : Starting a blocking GC Explicit
08-05 13:37:34.215  2324  2404 I art     : Explicit concurrent mark sweep GC freed 3431(156KB) AllocSpace objects, 0(0B) LOS objects, 34% free, 30MB/46MB, paused 1.022ms total 32.911ms
08-05 13:37:34.302  2324  3677 D OnlineFeedViewActivity: Deleted feed source file. Result: true
08-05 13:37:34.318  2324  2324 D OnlineFeedViewActivity: Removing HTML from shownotes
08-05 13:37:34.493  2324  2336 I art     : Waiting for a blocking GC Explicit
08-05 13:37:34.500  2324  2336 I art     : WaitForGcToComplete blocked for 7.714ms for cause Explicit
08-05 13:37:34.500  2324  2336 I art     : Starting a blocking GC Explicit
08-05 13:37:34.541  2324  2336 I art     : Explicit concurrent mark sweep GC freed 39192(3MB) AllocSpace objects, 168(11MB) LOS objects, 32% free, 32MB/48MB, paused 1.092ms total 40.771ms
08-05 13:37:34.553  2324  2336 I art     : Starting a blocking GC Explicit
08-05 13:37:34.594  2324  2336 I art     : Explicit concurrent mark sweep GC freed 46622(3MB) AllocSpace objects, 212(14MB) LOS objects, 32% free, 32MB/48MB, paused 1.118ms total 40.964ms
08-05 13:37:34.606  2324  2336 I art     : Starting a blocking GC Explicit
08-05 13:37:34.647  2324  2336 I art     : Explicit concurrent mark sweep GC freed 47193(3MB) AllocSpace objects, 204(13MB) LOS objects, 32% free, 32MB/48MB, paused 1.069ms total 40.799ms
08-05 13:37:34.659  2324  2336 I art     : Starting a blocking GC Explicit
08-05 13:37:34.700  2324  2336 I art     : Explicit concurrent mark sweep GC freed 47747(4MB) AllocSpace objects, 225(14MB) LOS objects, 32% free, 32MB/48MB, paused 1.049ms total 40.900ms
08-05 13:37:34.711  2324  2336 I art     : Starting a blocking GC Explicit
08-05 13:37:34.754  2324  2336 I art     : Explicit concurrent mark sweep GC freed 46708(5MB) AllocSpace objects, 314(20MB) LOS objects, 32% free, 33MB/49MB, paused 1.156ms total 42.805ms
08-05 13:37:34.767  2324  3357 D ApOkHttpUrlLoader: buildLoadData() called with: model = [http://static.libsyn.com/p/assets/7/1/f/3/71f3014e14ef2722/JREiTunesImage2.jpg], width = [350], height = [350]
08-05 13:37:34.770  2324  3121 D DBReader: getImageAuthentication() called with: imageUrl = [http://static.libsyn.com/p/assets/7/1/f/3/71f3014e14ef2722/JREiTunesImage2.jpg]
08-05 13:37:34.773  2324  3121 D ApOkHttpUrlLoader: no credentials for 'http://static.libsyn.com/p/assets/7/1/f/3/71f3014e14ef2722/JREiTunesImage2.jpg'
08-05 13:37:34.892  2324  3121 D MYTAG   : interceptor 2a
08-05 13:37:34.893  2324  3121 I NAPPA_EXPERIMENTATION: MetricNetworkRequestExecutionTime: REQUEST_DURATION_SYSTEM='119',REQUEST_DURATION_OKHTTP='56',REQUEST_SYNCHRONOUS='TRUE',RESPONSE_CODE='200',RESPONSE_METHOD='GET',RESPONSE_LENGTH_OKHTTP='402832',RESPONSE_LENGTH_HEADER='402832',REQUEST_PROTOCOL='http/1.1',REQUEST_URL='http://static.libsyn.com/p/assets/7/1/f/3/71f3014e14ef2722/JREiTunesImage2.jpg',
08-05 13:37:35.060  2324  2336 I art     : Starting a blocking GC Explicit
08-05 13:37:35.100  2324  2336 I art     : Explicit concurrent mark sweep GC freed 9614(869KB) AllocSpace objects, 39(2MB) LOS objects, 33% free, 31MB/47MB, paused 785us total 39.317ms
08-05 13:37:35.112  2324  2336 I art     : Starting a blocking GC Explicit
08-05 13:37:35.147  2324  2336 I art     : Explicit concurrent mark sweep GC freed 615(29KB) AllocSpace objects, 1(112KB) LOS objects, 33% free, 31MB/47MB, paused 729us total 34.569ms
08-05 13:37:35.158  2324  2336 I art     : Starting a blocking GC Explicit
08-05 13:37:35.196  2324  2336 I art     : Explicit concurrent mark sweep GC freed 3(96B) AllocSpace objects, 0(0B) LOS objects, 33% free, 31MB/47MB, paused 750us total 37.268ms
08-05 13:37:35.208  2324  2336 I art     : Starting a blocking GC Explicit
08-05 13:37:35.246  2324  2336 I art     : Explicit concurrent mark sweep GC freed 3(96B) AllocSpace objects, 0(0B) LOS objects, 33% free, 31MB/47MB, paused 706us total 37.791ms
08-05 13:37:35.258  2324  2336 I art     : Starting a blocking GC Explicit
08-05 13:37:35.297  2324  2336 I art     : Explicit concurrent mark sweep GC freed 3(96B) AllocSpace objects, 0(0B) LOS objects, 33% free, 31MB/47MB, paused 747us total 38.251ms
08-05 13:37:35.626  2324  2337 I art     : Starting a blocking GC Explicit
08-05 13:37:35.674  2324  2337 I art     : Explicit concurrent mark sweep GC freed 1399(81KB) AllocSpace objects, 1(20KB) LOS objects, 33% free, 31MB/47MB, paused 815us total 46.969ms
08-05 13:37:35.690  2324  2337 I art     : Starting a blocking GC Explicit
08-05 13:37:35.732  2324  2337 I art     : Explicit concurrent mark sweep GC freed 23(752B) AllocSpace objects, 0(0B) LOS objects, 33% free, 31MB/47MB, paused 706us total 41.858ms
08-05 13:37:35.745  2324  2337 I art     : Starting a blocking GC Explicit
08-05 13:37:35.782  2324  2337 I art     : Explicit concurrent mark sweep GC freed 3(96B) AllocSpace objects, 0(0B) LOS objects, 33% free, 31MB/47MB, paused 746us total 36.624ms
08-05 13:37:35.794  2324  2337 I art     : Starting a blocking GC Explicit
08-05 13:37:35.830  2324  2337 I art     : Explicit concurrent mark sweep GC freed 3(96B) AllocSpace objects, 0(0B) LOS objects, 33% free, 31MB/47MB, paused 690us total 35.878ms
08-05 13:37:35.842  2324  2337 I art     : Starting a blocking GC Explicit
08-05 13:37:35.876  2324  2337 I art     : Explicit concurrent mark sweep GC freed 3(96B) AllocSpace objects, 0(0B) LOS objects, 33% free, 31MB/47MB, paused 772us total 33.685ms
08-05 13:37:36.192  2324  2404 I art     : Starting a blocking GC Explicit
08-05 13:37:36.236  2324  2404 I art     : Explicit concurrent mark sweep GC freed 1367(80KB) AllocSpace objects, 1(20KB) LOS objects, 33% free, 31MB/47MB, paused 958us total 42.929ms
08-05 13:37:36.246  3756  3756 D AndroidRuntime: >>>>>> START com.android.internal.os.RuntimeInit uid 2000 <<<<<<
08-05 13:37:36.249  2324  2404 I art     : Starting a blocking GC Explicit
08-05 13:37:36.251  3756  3756 D AndroidRuntime: CheckJNI is OFF
08-05 13:37:36.285  2324  2404 I art     : Explicit concurrent mark sweep GC freed 23(752B) AllocSpace objects, 0(0B) LOS objects, 33% free, 31MB/47MB, paused 785us total 35.626ms
08-05 13:37:36.287  3756  3756 D ICU     : No timezone override file found: /data/misc/zoneinfo/current/icu/icu_tzdata.dat
08-05 13:37:36.297  2324  2404 I art     : Starting a blocking GC Explicit
08-05 13:37:36.320  3756  3756 I Radio-JNI: register_android_hardware_Radio DONE
08-05 13:37:36.332  2324  2404 I art     : Explicit concurrent mark sweep GC freed 3(96B) AllocSpace objects, 0(0B) LOS objects, 33% free, 31MB/47MB, paused 749us total 34.663ms
08-05 13:37:36.343  3756  3756 D AndroidRuntime: Calling main entry com.android.commands.input.Input
08-05 13:37:36.343  2324  2404 I art     : Starting a blocking GC Explicit
08-05 13:37:36.345  3756  3756 I Input   : injectMotionEvent: MotionEvent { action=ACTION_DOWN, actionButton=0, id[0]=0, x[0]=693.0, y[0]=821.0, toolType[0]=TOOL_TYPE_UNKNOWN, buttonState=0, metaState=0, flags=0x0, edgeFlags=0x0, pointerCount=1, historySize=0, eventTime=797872758, downTime=797872758, deviceId=0, source=0x1002 }
08-05 13:37:36.351  3756  3756 I Input   : injectMotionEvent: MotionEvent { action=ACTION_UP, actionButton=0, id[0]=0, x[0]=693.0, y[0]=821.0, toolType[0]=TOOL_TYPE_UNKNOWN, buttonState=0, metaState=0, flags=0x0, edgeFlags=0x0, pointerCount=1, historySize=0, eventTime=797872758, downTime=797872758, deviceId=0, source=0x1002 }
08-05 13:37:36.353  3756  3756 D AndroidRuntime: Shutting down VM
08-05 13:37:36.364  2324  2324 D UserPreferences: Using default data folder
08-05 13:37:36.365  2324  2324 D DownloadRequester: partiallyDownloadedFileExists: false
08-05 13:37:36.365  2324  2324 D DownloadRequester: /storage/emulated/0/Android/data/baseline.de.danoeh.antennapod.debug/files/cache/feed-The Joe Rogan Experience is available as a download destination
08-05 13:37:36.365   512  2967 D audio_hw_primary: out_set_parameters: enter: usecase(1: low-latency-playback) kvpairs: routing=2
08-05 13:37:36.365  2324  2324 D DownloadRequester: Requesting download of url http://joeroganexp.joerogan.libsynpro.com/rss
08-05 13:37:36.378   512  2967 D audio_hw_primary: select_devices: out_snd_device(2: speaker) in_snd_device(0: none)
08-05 13:37:36.379   512  2967 D msm8974_platform: platform_send_audio_calibration: sending audio calibration for snd_device(2) acdb_id(15)
08-05 13:37:36.379  2324  2404 I art     : Explicit concurrent mark sweep GC freed 165(9KB) AllocSpace objects, 0(0B) LOS objects, 33% free, 31MB/47MB, paused 876us total 35.364ms
08-05 13:37:36.379   512  2967 I soundtrigger: audio_extn_sound_trigger_update_device_status: device 0x2 of type 0 for Event 1
08-05 13:37:36.381  2324  2324 D DownloadService: Service started
08-05 13:37:36.382  2324  2324 D DownloadService: parallel downloads: 4
08-05 13:37:36.383  2324  3799 D downloadCompletionThd: downloadCompletionThread was started
08-05 13:37:36.384  2324  2324 D DownloadService: Notification set up
08-05 13:37:36.389  2324  2324 D DownloadService: Received enqueue request
08-05 13:37:36.389  2324  2324 D OnlineFeedViewActivity: onEventMainThread() called with: event = [DownloadEvent{update=DownloaderUpdate{downloaders=[baseline.de.danoeh.antennapod.core.service.download.HttpDownloader@5c087e3], feedIds=[0], mediaIds=[]}}]
08-05 13:37:36.389  2324  2324 D DownloadService: 1 downloads left
08-05 13:37:36.390  2324  2324 D DownloadService: Setting up notification updater
08-05 13:37:36.390   918  3670 D WifiService: acquireWifiLockLocked: WifiLock{Downloader type=1 binder=android.os.BinderProxy@fbefd11}
08-05 13:37:36.391  2324  3801 D AntennapodHttpClient: Creating new instance of HTTP client
08-05 13:37:36.392  2324  2404 I art     : Starting a blocking GC Explicit
08-05 13:37:36.393   512  2967 D audio_hw_primary: enable_snd_device: snd_device(2: speaker)
08-05 13:37:36.396   512  2967 D audio_hw_primary: enable_audio_route: apply and update mixer path: low-latency-playback speaker
08-05 13:37:36.426  2324  2404 I art     : Explicit concurrent mark sweep GC freed 837(44KB) AllocSpace objects, 0(0B) LOS objects, 33% free, 31MB/47MB, paused 919us total 33.273ms
08-05 13:37:36.514  2324  3801 D MYTAG   : interceptor 3a http://joeroganexp.joerogan.libsynpro.com/rss
08-05 13:37:36.515  2324  3801 I NAPPA_EXPERIMENTATION: MetricNetworkRequestExecutionTime: REQUEST_DURATION_SYSTEM='122',REQUEST_DURATION_OKHTTP='40',REQUEST_SYNCHRONOUS='TRUE',RESPONSE_CODE='200',RESPONSE_METHOD='GET',RESPONSE_LENGTH_OKHTTP='-1',RESPONSE_LENGTH_HEADER='307892',REQUEST_PROTOCOL='http/1.1',REQUEST_URL='http://joeroganexp.joerogan.libsynpro.com/rss',
08-05 13:37:36.515  2324  3801 D HttpDownloader: Response code is 200
08-05 13:37:36.515  2324  3801 D UserPreferences: Using default data folder
08-05 13:37:36.521  2324  3801 D HttpDownloader: Getting size of download
08-05 13:37:36.521  2324  3801 D HttpDownloader: Size is -1
08-05 13:37:36.521  2324  3801 D UserPreferences: Using default data folder
08-05 13:37:36.521  2324  3801 D HttpDownloader: Free space is 20220227584
08-05 13:37:36.521  2324  3801 D HttpDownloader: Starting download
08-05 13:37:36.652  2324  3801 D HttpDownloader: Download was successful
08-05 13:37:36.653   918  4400 D WifiService: releaseWifiLockLocked: WifiLock{Downloader type=1 binder=android.os.BinderProxy@fbefd11}
08-05 13:37:36.654  2324  3799 D downloadCompletionThd: Received 'Download Complete' - message.
08-05 13:37:36.654  2324  3799 D DownloadService: Handling completed Feed Download
08-05 13:37:36.654  2324  2324 D DownloadService: Removing downloader: http://joeroganexp.joerogan.libsynpro.com/rss
08-05 13:37:36.654  2324  2324 D DownloadService: Result of downloads.remove: true
08-05 13:37:36.654  2324  2324 D OnlineFeedViewActivity: onEventMainThread() called with: event = [DownloadEvent{update=DownloaderUpdate{downloaders=[], feedIds=[], mediaIds=[]}}]
08-05 13:37:36.659  2324  3818 D TypeGetter: Recognized type RSS 2.0
08-05 13:37:36.660  2324  3818 D SyndHandler: Recognized Atom namespace
08-05 13:37:36.660  2324  3818 D SyndHandler: Recognized ITunes namespace
08-05 13:37:36.660  2324  3818 D SyndHandler: Recognized media namespace
08-05 13:37:36.660  2324  3818 D SyndHandler: Recognized Content namespace
08-05 13:37:36.682  2324  2404 I art     : Starting a blocking GC Explicit
08-05 13:37:36.719  2324  2404 I art     : Explicit concurrent mark sweep GC freed 5530(450KB) AllocSpace objects, 4(80KB) LOS objects, 33% free, 31MB/47MB, paused 1.148ms total 36.237ms
08-05 13:37:36.730  2324  2404 I art     : Starting a blocking GC Explicit
08-05 13:37:36.766  2324  2404 I art     : Explicit concurrent mark sweep GC freed 3722(183KB) AllocSpace objects, 0(0B) LOS objects, 33% free, 31MB/47MB, paused 1.252ms total 35.927ms
08-05 13:37:36.777  2324  2404 I art     : Starting a blocking GC Explicit
08-05 13:37:36.811  2324  2404 I art     : Explicit concurrent mark sweep GC freed 3463(186KB) AllocSpace objects, 0(0B) LOS objects, 33% free, 31MB/47MB, paused 1.092ms total 34.416ms
08-05 13:37:36.822  2324  2404 I art     : Starting a blocking GC Explicit
08-05 13:37:36.857  2324  2404 I art     : Explicit concurrent mark sweep GC freed 3587(177KB) AllocSpace objects, 0(0B) LOS objects, 33% free, 31MB/47MB, paused 1.051ms total 34.419ms
08-05 13:37:36.868  2324  2404 I art     : Starting a blocking GC Explicit
08-05 13:37:36.903  2324  2404 I art     : Explicit concurrent mark sweep GC freed 3567(184KB) AllocSpace objects, 0(0B) LOS objects, 33% free, 31MB/47MB, paused 1.097ms total 34.841ms
08-05 13:37:36.929   512  2967 D audio_hw_primary: disable_audio_route: reset and update mixer path: low-latency-playback speaker
08-05 13:37:36.931   512  2967 D audio_hw_primary: disable_snd_device: snd_device(2: speaker)
08-05 13:37:36.939   512  2967 I soundtrigger: audio_extn_sound_trigger_update_device_status: device 0x2 of type 0 for Event 0
08-05 13:37:37.185  2324  2904 I art     : Starting a blocking GC Explicit
08-05 13:37:37.232  2324  2904 I art     : Explicit concurrent mark sweep GC freed 24613(1322KB) AllocSpace objects, 1(20KB) LOS objects, 32% free, 32MB/48MB, paused 1.317ms total 46.488ms
08-05 13:37:37.245  2324  2904 I art     : Starting a blocking GC Explicit
08-05 13:37:37.282  2324  2904 I art     : Explicit concurrent mark sweep GC freed 9831(467KB) AllocSpace objects, 0(0B) LOS objects, 33% free, 32MB/48MB, paused 1.158ms total 37.283ms
08-05 13:37:37.293  2324  2904 I art     : Starting a blocking GC Explicit
08-05 13:37:37.330  2324  2904 I art     : Explicit concurrent mark sweep GC freed 4133(204KB) AllocSpace objects, 0(0B) LOS objects, 33% free, 32MB/48MB, paused 1.115ms total 37.007ms
08-05 13:37:37.342  2324  2904 I art     : Starting a blocking GC Explicit
08-05 13:37:37.379  2324  2904 I art     : Explicit concurrent mark sweep GC freed 3812(193KB) AllocSpace objects, 0(0B) LOS objects, 32% free, 32MB/48MB, paused 1.127ms total 37.434ms
08-05 13:37:37.391  2324  2904 I art     : Starting a blocking GC Explicit
08-05 13:37:37.429  2324  2904 I art     : Explicit concurrent mark sweep GC freed 3902(194KB) AllocSpace objects, 0(0B) LOS objects, 32% free, 32MB/48MB, paused 1.163ms total 37.688ms
08-05 13:37:37.703  2324  2336 I art     : Starting a blocking GC Explicit
08-05 13:37:37.754  2324  2336 I art     : Explicit concurrent mark sweep GC freed 24227(1318KB) AllocSpace objects, 1(20KB) LOS objects, 32% free, 33MB/49MB, paused 1.293ms total 50.232ms
08-05 13:37:37.769  2324  2336 I art     : Starting a blocking GC Explicit
08-05 13:37:37.806  2324  2336 I art     : Explicit concurrent mark sweep GC freed 9275(441KB) AllocSpace objects, 0(0B) LOS objects, 32% free, 33MB/49MB, paused 1.128ms total 37.547ms
08-05 13:37:37.818  2324  2336 I art     : Starting a blocking GC Explicit
08-05 13:37:37.857  2324  2336 I art     : Explicit concurrent mark sweep GC freed 4999(252KB) AllocSpace objects, 0(0B) LOS objects, 32% free, 33MB/49MB, paused 1.118ms total 38.313ms
08-05 13:37:37.869  2324  2336 I art     : Starting a blocking GC Explicit
08-05 13:37:37.909  2324  2336 I art     : Explicit concurrent mark sweep GC freed 3994(202KB) AllocSpace objects, 0(0B) LOS objects, 32% free, 33MB/49MB, paused 1.174ms total 39.710ms
08-05 13:37:37.921  2324  2336 I art     : Starting a blocking GC Explicit
08-05 13:37:37.961  2324  2336 I art     : Explicit concurrent mark sweep GC freed 4152(217KB) AllocSpace objects, 0(0B) LOS objects, 32% free, 33MB/49MB, paused 1.140ms total 39.505ms
08-05 13:37:38.156  2324  2324 D OnlineFeedViewActivity: onEventMainThread() called with: event = [DownloadEvent{update=DownloaderUpdate{downloaders=[], feedIds=[], mediaIds=[]}}]
08-05 13:37:38.266  2324  2404 I art     : Starting a blocking GC Explicit
08-05 13:37:38.318  2324  2404 I art     : Explicit concurrent mark sweep GC freed 26332(1478KB) AllocSpace objects, 1(20KB) LOS objects, 31% free, 34MB/50MB, paused 1.293ms total 51.939ms
08-05 13:37:38.332  2324  2404 I art     : Starting a blocking GC Explicit
08-05 13:37:38.373  2324  2404 I art     : Explicit concurrent mark sweep GC freed 11149(520KB) AllocSpace objects, 0(0B) LOS objects, 32% free, 33MB/49MB, paused 1.218ms total 41.389ms
08-05 13:37:38.386  2324  2404 I art     : Starting a blocking GC Explicit
08-05 13:37:38.428  2324  2404 I art     : Explicit concurrent mark sweep GC freed 4883(252KB) AllocSpace objects, 0(0B) LOS objects, 32% free, 33MB/49MB, paused 1.159ms total 42.046ms
08-05 13:37:38.441  2324  2404 I art     : Starting a blocking GC Explicit
08-05 13:37:38.485  2324  2404 I art     : Explicit concurrent mark sweep GC freed 4304(221KB) AllocSpace objects, 0(0B) LOS objects, 31% free, 34MB/50MB, paused 1.172ms total 43.676ms
08-05 13:37:38.497  2324  2404 I art     : Starting a blocking GC Explicit
08-05 13:37:38.539  2324  2404 I art     : Explicit concurrent mark sweep GC freed 4253(217KB) AllocSpace objects, 0(0B) LOS objects, 31% free, 34MB/50MB, paused 1.268ms total 41.480ms
08-05 13:37:38.781 24365 17236 I NetworkScheduler.Stats: Task com.google.android.gms/com.google.android.gms.icing.service.IcingGcmTaskService started execution. cause:4 exec_start_elapsed_seconds: 1781262 [CONTEXT service_id=218 ]
08-05 13:37:38.798 24365 23174 I NetworkScheduler.Stats: Task com.google.android.gms/com.google.android.gms.icing.service.IcingGcmTaskService finished executing. cause:4 result: 1 elapsed_millis: 32 uptime_millis: 33 exec_start_elapsed_seconds: 1781262 [CONTEXT service_id=218 ]
08-05 13:37:38.842  2324  2904 I art     : Starting a blocking GC Explicit
08-05 13:37:38.897  2324  2904 I art     : Explicit concurrent mark sweep GC freed 26688(1328KB) AllocSpace objects, 1(20KB) LOS objects, 31% free, 34MB/50MB, paused 1.331ms total 54.761ms
08-05 13:37:38.912  2324  2904 I art     : Starting a blocking GC Explicit
08-05 13:37:38.955  2324  2904 I art     : Explicit concurrent mark sweep GC freed 11293(500KB) AllocSpace objects, 0(0B) LOS objects, 31% free, 34MB/50MB, paused 1.313ms total 43.001ms
08-05 13:37:38.969  2324  2904 I art     : Starting a blocking GC Explicit
08-05 13:37:39.012  2324  2904 I art     : Explicit concurrent mark sweep GC freed 5091(231KB) AllocSpace objects, 0(0B) LOS objects, 31% free, 34MB/50MB, paused 1.227ms total 42.948ms
08-05 13:37:39.024  2324  2904 I art     : Starting a blocking GC Explicit
08-05 13:37:39.068  2324  2904 I art     : Explicit concurrent mark sweep GC freed 4543(217KB) AllocSpace objects, 0(0B) LOS objects, 31% free, 34MB/50MB, paused 1.352ms total 43.393ms
08-05 13:37:39.081  2324  2904 I art     : Starting a blocking GC Explicit
08-05 13:37:39.110  2324  3818 D FeedSyncThread: The Joe Rogan Experience parsed
08-05 13:37:39.120  2324  3818 D FeedSyncThread: Deletion of file '/storage/emulated/0/Android/data/baseline.de.danoeh.antennapod.debug/files/cache/feed-The Joe Rogan Experience' successful
08-05 13:37:39.120  2324  3818 D DBReader: getFeedDownloadLog() called with: feed = [baseline.de.danoeh.antennapod.core.feed.Feed@0]
08-05 13:37:39.121  2324  3800 D FeedSyncThread: Bundling 1 feeds
08-05 13:37:39.122  2324  3860 D DBReader: Extracting Feedlist
08-05 13:37:39.123  2324  3860 D DBTasks : Found no existing Feed with title The Joe Rogan Experience. Adding as new one.
08-05 13:37:39.124  2324  2904 I art     : Explicit concurrent mark sweep GC freed 5518(212KB) AllocSpace objects, 0(0B) LOS objects, 31% free, 34MB/50MB, paused 1.183ms total 42.970ms
08-05 13:37:39.127  2324  3488 D PodDBAdapter: Setting feed with flattr status The Joe Rogan Experience: 0
08-05 13:37:39.127  2324  3488 D baseline.de.danoeh.antennapod.core.storage.PodDBAdapter@80c0893: Inserting new Feed into db
08-05 13:37:39.424  2324  2336 I art     : Starting a blocking GC Explicit
08-05 13:37:39.481  2324  2336 I art     : Explicit concurrent mark sweep GC freed 84973(6MB) AllocSpace objects, 1(20KB) LOS objects, 31% free, 34MB/50MB, paused 1.024ms total 56.773ms
08-05 13:37:39.495  2324  2336 I art     : Starting a blocking GC Explicit
08-05 13:37:39.542  2324  2336 I art     : Explicit concurrent mark sweep GC freed 17894(1337KB) AllocSpace objects, 0(0B) LOS objects, 31% free, 34MB/50MB, paused 1.045ms total 47.260ms
08-05 13:37:39.556  2324  2336 I art     : Starting a blocking GC Explicit
08-05 13:37:39.603  2324  2336 I art     : Explicit concurrent mark sweep GC freed 16050(1203KB) AllocSpace objects, 0(0B) LOS objects, 31% free, 34MB/50MB, paused 1.053ms total 46.710ms
08-05 13:37:39.616  2324  2336 I art     : Starting a blocking GC Explicit
08-05 13:37:39.659  2324  2324 D OnlineFeedViewActivity: onEventMainThread() called with: event = [DownloadEvent{update=DownloaderUpdate{downloaders=[], feedIds=[], mediaIds=[]}}]
08-05 13:37:39.662  2324  2336 I art     : Explicit concurrent mark sweep GC freed 4998(374KB) AllocSpace objects, 0(0B) LOS objects, 31% free, 34MB/50MB, paused 996us total 46.086ms
08-05 13:37:39.670  2324  2324 D EventDistributor: Processing event queue. Number of events: 1
08-05 13:37:39.670  2324  2324 D EventDistributor: Notifying observers. Data: 1
08-05 13:37:39.670  2324  2893 D DBReader: Extracting Feedlist
08-05 13:37:39.670  2324  2324 D DownloadService: 0 downloads left
08-05 13:37:39.670  2324  2324 D DownloadService: Number of downloads is 0, attempting shutdown
08-05 13:37:39.673  2324  2324 D DownloadService: Service shutting down
08-05 13:37:39.673  2324  2324 D DownloadService: No report is created
08-05 13:37:39.673  2324  2324 D OnlineFeedViewActivity: onEventMainThread() called with: event = [DownloadEvent{update=DownloaderUpdate{downloaders=[], feedIds=[], mediaIds=[]}}]
08-05 13:37:39.675  2324  3799 E downloadCompletionThd: DownloadCompletionThread was interrupted
08-05 13:37:39.675  2324  2324 D DownloadService: NotificationUpdater cancelled. Result: false
08-05 13:37:39.676  2324  2324 D DBTasks : autodownloadUndownloadedItems
08-05 13:37:39.676  2324  3489 D NetworkUtils: Device is connected to Wi-Fi
08-05 13:37:39.677  2324  2336 I art     : Starting a blocking GC Explicit
08-05 13:37:39.677  2324  3489 D NetworkUtils: Auto-dl filter is disabled
08-05 13:37:39.714  2324  2336 I art     : Explicit concurrent mark sweep GC freed 30680(3MB) AllocSpace objects, 1(20KB) LOS objects, 33% free, 31MB/47MB, paused 809us total 37.156ms
08-05 13:37:40.044  2324  2337 I art     : Starting a blocking GC Explicit
08-05 13:37:40.097  2324  2337 I art     : Explicit concurrent mark sweep GC freed 1480(86KB) AllocSpace objects, 1(20KB) LOS objects, 33% free, 31MB/47MB, paused 903us total 52.771ms
08-05 13:37:40.111  2324  2337 I art     : Starting a blocking GC Explicit
08-05 13:37:40.149  2324  2337 I art     : Explicit concurrent mark sweep GC freed 27(864B) AllocSpace objects, 0(0B) LOS objects, 33% free, 31MB/47MB, paused 843us total 37.575ms
08-05 13:37:40.161  2324  2337 I art     : Starting a blocking GC Explicit
08-05 13:37:40.199  2324  2337 I art     : Explicit concurrent mark sweep GC freed 3(96B) AllocSpace objects, 0(0B) LOS objects, 33% free, 31MB/47MB, paused 844us total 37.663ms
08-05 13:37:40.211  2324  2337 I art     : Starting a blocking GC Explicit
08-05 13:37:40.250  2324  2337 I art     : Explicit concurrent mark sweep GC freed 3(96B) AllocSpace objects, 0(0B) LOS objects, 33% free, 31MB/47MB, paused 776us total 38.325ms
08-05 13:37:40.262  2324  2337 I art     : Starting a blocking GC Explicit
08-05 13:37:40.300  2324  2337 I art     : Explicit concurrent mark sweep GC freed 3(96B) AllocSpace objects, 0(0B) LOS objects, 33% free, 31MB/47MB, paused 829us total 37.994ms
08-05 13:37:40.638  2324  2404 I art     : Starting a blocking GC Explicit
08-05 13:37:40.677  2324  2404 I art     : Explicit concurrent mark sweep GC freed 1407(81KB) AllocSpace objects, 1(20KB) LOS objects, 33% free, 31MB/47MB, paused 852us total 38.050ms
08-05 13:37:40.689  2324  2404 I art     : Starting a blocking GC Explicit
08-05 13:37:40.725  2324  2404 I art     : Explicit concurrent mark sweep GC freed 23(752B) AllocSpace objects, 0(0B) LOS objects, 33% free, 31MB/47MB, paused 827us total 35.939ms
08-05 13:37:40.736  2324  2404 I art     : Starting a blocking GC Explicit
08-05 13:37:40.772  2324  2404 I art     : Explicit concurrent mark sweep GC freed 3(96B) AllocSpace objects, 0(0B) LOS objects, 33% free, 31MB/47MB, paused 825us total 35.808ms
08-05 13:37:40.784  2324  2404 I art     : Starting a blocking GC Explicit
08-05 13:37:40.820  2324  2404 I art     : Explicit concurrent mark sweep GC freed 3(96B) AllocSpace objects, 0(0B) LOS objects, 33% free, 31MB/47MB, paused 819us total 35.762ms
08-05 13:37:40.831  2324  2404 I art     : Starting a blocking GC Explicit
08-05 13:37:40.867  2324  2404 I art     : Explicit concurrent mark sweep GC freed 3(96B) AllocSpace objects, 0(0B) LOS objects, 33% free, 31MB/47MB, paused 816us total 35.470ms
08-05 13:37:41.012  3899  3899 D AndroidRuntime: >>>>>> START com.android.internal.os.RuntimeInit uid 2000 <<<<<<
08-05 13:37:41.017  3899  3899 D AndroidRuntime: CheckJNI is OFF
08-05 13:37:41.050  3899  3899 D ICU     : No timezone override file found: /data/misc/zoneinfo/current/icu/icu_tzdata.dat
08-05 13:37:41.082  3899  3899 I Radio-JNI: register_android_hardware_Radio DONE
08-05 13:37:41.104  3899  3899 D AndroidRuntime: Calling main entry com.android.commands.input.Input
08-05 13:37:41.105  3899  3899 I Input   : injectKeyEvent: KeyEvent { action=ACTION_DOWN, keyCode=KEYCODE_BACK, scanCode=0, metaState=0, flags=0x0, repeatCount=0, eventTime=797877518, downTime=797877518, deviceId=-1, source=0x101 }
08-05 13:37:41.110  3899  3899 I Input   : injectKeyEvent: KeyEvent { action=ACTION_UP, keyCode=KEYCODE_BACK, scanCode=0, metaState=0, flags=0x0, repeatCount=0, eventTime=797877518, downTime=797877518, deviceId=-1, source=0x101 }
08-05 13:37:41.115  3899  3899 D AndroidRuntime: Shutting down VM
08-05 13:37:41.120  2324  2324 V PlaybackController: initServiceNotRunning()
08-05 13:37:41.120  2324  2324 D ExternalPlayerFragment: Loading media info
08-05 13:37:41.130  2324  2324 D UserPreferences: Using default data folder
08-05 13:37:41.130  2324  2893 D DBReader: getNavDrawerData() called with: 
08-05 13:37:41.141  2324  2893 D DBReader: getDownloadedItems() called
08-05 13:37:41.142  2324  2893 D DBReader: getFavoriteIDList() called
08-05 13:37:41.143  2324  2893 D DBReader: getQueueIDList() called
08-05 13:37:41.143  2324  2893 D DBReader: Extracting Feedlist
08-05 13:37:41.153  2324  2337 I art     : Starting a blocking GC Explicit
08-05 13:37:41.162 13866 13866 I GoogleInputMethodServic: GoogleInputMethodService.onFinishInput():3138 
08-05 13:37:41.163 13866 13866 I GoogleInputMethodServic: GoogleInputMethodService.onStartInput():1808 
08-05 13:37:41.164  2324  2324 D MainActivity: getLastNavFragment() -> AddFeedFragment
08-05 13:37:41.169  2324  3357 D ApOkHttpUrlLoader: buildLoadData() called with: model = [http://static.libsyn.com/p/assets/7/1/f/3/71f3014e14ef2722/JREiTunesImage2.jpg], width = [140], height = [140]
08-05 13:37:41.190  2324  2337 I art     : Explicit concurrent mark sweep GC freed 2475(158KB) AllocSpace objects, 1(20KB) LOS objects, 33% free, 31MB/47MB, paused 959us total 36.108ms
08-05 13:37:41.201  2324  3357 D ApOkHttpUrlLoader: buildLoadData() called with: model = [http://static.libsyn.com/p/assets/7/1/f/3/71f3014e14ef2722/JREiTunesImage2.jpg], width = [140], height = [140]
08-05 13:37:41.202  2324  2337 I art     : Starting a blocking GC Explicit
08-05 13:37:41.236  2324  2337 I art     : Explicit concurrent mark sweep GC freed 708(42KB) AllocSpace objects, 0(0B) LOS objects, 33% free, 31MB/47MB, paused 845us total 34.032ms
08-05 13:37:41.247  2324  2337 I art     : Starting a blocking GC Explicit
08-05 13:37:41.280  2324  2337 I art     : Explicit concurrent mark sweep GC freed 179(10KB) AllocSpace objects, 0(0B) LOS objects, 33% free, 31MB/47MB, paused 809us total 33.405ms
08-05 13:37:41.292  2324  2337 I art     : Starting a blocking GC Explicit
08-05 13:37:41.329  2324  2337 I art     : Explicit concurrent mark sweep GC freed 31(1184B) AllocSpace objects, 0(0B) LOS objects, 33% free, 31MB/47MB, paused 868us total 36.778ms
08-05 13:37:41.341  2324  2337 I art     : Starting a blocking GC Explicit
08-05 13:37:41.377  2324  2337 I art     : Explicit concurrent mark sweep GC freed 3(96B) AllocSpace objects, 0(0B) LOS objects, 33% free, 31MB/47MB, paused 805us total 35.631ms
08-05 13:37:41.484   380   380 W SurfaceFlinger: couldn't log to binary event log: overflow.
08-05 13:37:41.627  2324  2904 I art     : Starting a blocking GC Explicit
08-05 13:37:41.667  2324  2904 I art     : Explicit concurrent mark sweep GC freed 2039(108KB) AllocSpace objects, 1(20KB) LOS objects, 33% free, 31MB/47MB, paused 834us total 39.740ms
08-05 13:37:41.679  2324  2904 I art     : Starting a blocking GC Explicit
08-05 13:37:41.711  2324  2904 I art     : Explicit concurrent mark sweep GC freed 33335(3MB) AllocSpace objects, 2(248KB) LOS objects, 36% free, 28MB/44MB, paused 829us total 31.964ms
08-05 13:37:41.721  2324  2904 I art     : Starting a blocking GC Explicit
08-05 13:37:41.747  2324  2904 I art     : Explicit concurrent mark sweep GC freed 3(96B) AllocSpace objects, 0(0B) LOS objects, 36% free, 28MB/44MB, paused 862us total 26.312ms
08-05 13:37:41.756  2324  2904 I art     : Starting a blocking GC Explicit
08-05 13:37:41.783  2324  2904 I art     : Explicit concurrent mark sweep GC freed 3(96B) AllocSpace objects, 0(0B) LOS objects, 36% free, 28MB/44MB, paused 792us total 26.369ms
08-05 13:37:41.792  2324  2904 I art     : Starting a blocking GC Explicit
08-05 13:37:41.819  2324  2904 I art     : Explicit concurrent mark sweep GC freed 3(96B) AllocSpace objects, 0(0B) LOS objects, 36% free, 28MB/44MB, paused 825us total 26.868ms
08-05 13:37:42.111  2324  2336 I art     : Starting a blocking GC Explicit
08-05 13:37:42.144  2324  2336 I art     : Explicit concurrent mark sweep GC freed 1373(82KB) AllocSpace objects, 1(20KB) LOS objects, 36% free, 28MB/44MB, paused 816us total 32.456ms
08-05 13:37:42.153  2324  2336 I art     : Starting a blocking GC Explicit
08-05 13:37:42.181  2324  2336 I art     : Explicit concurrent mark sweep GC freed 23(752B) AllocSpace objects, 0(0B) LOS objects, 36% free, 28MB/44MB, paused 791us total 27.268ms
08-05 13:37:42.190  2324  2336 I art     : Starting a blocking GC Explicit
08-05 13:37:42.218  2324  2336 I art     : Explicit concurrent mark sweep GC freed 3(96B) AllocSpace objects, 0(0B) LOS objects, 36% free, 28MB/44MB, paused 850us total 27.271ms
08-05 13:37:42.227  2324  2336 I art     : Starting a blocking GC Explicit
08-05 13:37:42.255  2324  2336 I art     : Explicit concurrent mark sweep GC freed 3(96B) AllocSpace objects, 0(0B) LOS objects, 36% free, 28MB/44MB, paused 829us total 27.382ms
08-05 13:37:42.264  2324  2336 I art     : Starting a blocking GC Explicit
08-05 13:37:42.291  2324  2336 I art     : Explicit concurrent mark sweep GC freed 3(96B) AllocSpace objects, 0(0B) LOS objects, 36% free, 28MB/44MB, paused 821us total 27.019ms
08-05 13:37:42.567  2324  2337 I art     : Starting a blocking GC Explicit
08-05 13:37:42.594  2324  2337 I art     : Explicit concurrent mark sweep GC freed 1402(81KB) AllocSpace objects, 1(20KB) LOS objects, 36% free, 28MB/44MB, paused 828us total 27.067ms
08-05 13:37:42.604  2324  2337 I art     : Starting a blocking GC Explicit
08-05 13:37:42.630  2324  2337 I art     : Explicit concurrent mark sweep GC freed 23(752B) AllocSpace objects, 0(0B) LOS objects, 36% free, 28MB/44MB, paused 832us total 26.214ms
08-05 13:37:42.639  2324  2337 I art     : Starting a blocking GC Explicit
08-05 13:37:42.666  2324  2337 I art     : Explicit concurrent mark sweep GC freed 3(96B) AllocSpace objects, 0(0B) LOS objects, 36% free, 28MB/44MB, paused 826us total 26.135ms
08-05 13:37:42.675  2324  2337 I art     : Starting a blocking GC Explicit
08-05 13:37:42.701  2324  2337 I art     : Explicit concurrent mark sweep GC freed 3(96B) AllocSpace objects, 0(0B) LOS objects, 36% free, 28MB/44MB, paused 827us total 25.616ms
08-05 13:37:42.710  2324  2337 I art     : Starting a blocking GC Explicit
08-05 13:37:42.736  2324  2337 I art     : Explicit concurrent mark sweep GC freed 3(96B) AllocSpace objects, 0(0B) LOS objects, 36% free, 28MB/44MB, paused 842us total 25.686ms
08-05 13:37:42.776  3963  3963 D AndroidRuntime: >>>>>> START com.android.internal.os.RuntimeInit uid 2000 <<<<<<
08-05 13:37:42.781  3963  3963 D AndroidRuntime: CheckJNI is OFF
08-05 13:37:42.815  3963  3963 D ICU     : No timezone override file found: /data/misc/zoneinfo/current/icu/icu_tzdata.dat
08-05 13:37:42.849  3963  3963 I Radio-JNI: register_android_hardware_Radio DONE
08-05 13:37:42.872  3963  3963 D AndroidRuntime: Calling main entry com.android.commands.input.Input
08-05 13:37:42.874  3963  3963 I Input   : injectMotionEvent: MotionEvent { action=ACTION_DOWN, actionButton=0, id[0]=0, x[0]=639.0, y[0]=762.0, toolType[0]=TOOL_TYPE_UNKNOWN, buttonState=0, metaState=0, flags=0x0, edgeFlags=0x0, pointerCount=1, historySize=0, eventTime=797879286, downTime=797879286, deviceId=0, source=0x1002 }
08-05 13:37:42.881  3963  3963 I Input   : injectMotionEvent: MotionEvent { action=ACTION_UP, actionButton=0, id[0]=0, x[0]=639.0, y[0]=762.0, toolType[0]=TOOL_TYPE_UNKNOWN, buttonState=0, metaState=0, flags=0x0, edgeFlags=0x0, pointerCount=1, historySize=0, eventTime=797879286, downTime=797879286, deviceId=0, source=0x1002 }
08-05 13:37:42.882  3963  3963 D AndroidRuntime: Shutting down VM
08-05 13:37:42.955   512  2967 D audio_hw_primary: out_set_parameters: enter: usecase(1: low-latency-playback) kvpairs: routing=2
08-05 13:37:42.968   512  2967 D audio_hw_primary: select_devices: out_snd_device(2: speaker) in_snd_device(0: none)
08-05 13:37:42.968   512  2967 D msm8974_platform: platform_send_audio_calibration: sending audio calibration for snd_device(2) acdb_id(15)
08-05 13:37:42.968   512  2967 I soundtrigger: audio_extn_sound_trigger_update_device_status: device 0x2 of type 0 for Event 1
08-05 13:37:42.974 13866 13866 I GoogleInputMethodServic: GoogleInputMethodService.onFinishInput():3138 
08-05 13:37:42.975 13866 13866 I GoogleInputMethodServic: GoogleInputMethodService.onStartInput():1808 
08-05 13:37:42.978   512  2967 D audio_hw_primary: enable_snd_device: snd_device(2: speaker)
08-05 13:37:42.980   512  2967 D audio_hw_primary: enable_audio_route: apply and update mixer path: low-latency-playback speaker
08-05 13:37:43.004  2324  2337 I art     : Starting a blocking GC Explicit
08-05 13:37:43.029  2324  2337 I art     : Explicit concurrent mark sweep GC freed 1867(104KB) AllocSpace objects, 1(20KB) LOS objects, 36% free, 28MB/44MB, paused 950us total 25.333ms
08-05 13:37:43.039  2324  2337 I art     : Starting a blocking GC Explicit
08-05 13:37:43.063  2324  2337 I art     : Explicit concurrent mark sweep GC freed 108(6KB) AllocSpace objects, 0(0B) LOS objects, 36% free, 28MB/44MB, paused 843us total 24.279ms
08-05 13:37:43.072  2324  2337 I art     : Starting a blocking GC Explicit
08-05 13:37:43.098  2324  2337 I art     : Explicit concurrent mark sweep GC freed 19(784B) AllocSpace objects, 0(0B) LOS objects, 36% free, 28MB/44MB, paused 933us total 25.566ms
08-05 13:37:43.107  2324  2337 I art     : Starting a blocking GC Explicit
08-05 13:37:43.133  2324  2337 I art     : Explicit concurrent mark sweep GC freed 2792(118KB) AllocSpace objects, 0(0B) LOS objects, 36% free, 28MB/44MB, paused 947us total 26.470ms
08-05 13:37:43.143  2324  2337 I art     : Starting a blocking GC Explicit
08-05 13:37:43.167  2324  2337 I art     : Explicit concurrent mark sweep GC freed 53(1872B) AllocSpace objects, 0(0B) LOS objects, 36% free, 28MB/44MB, paused 891us total 24.397ms
08-05 13:37:43.328  2324  2350 I NAPPA_EXPERIMENTATION: MetricNetworkRequestExecutionTime: REQUEST_DURATION_SYSTEM='374',REQUEST_DURATION_OKHTTP='157',REQUEST_SYNCHRONOUS='TRUE',RESPONSE_CODE='200',RESPONSE_METHOD='GET',RESPONSE_LENGTH_OKHTTP='-1',RESPONSE_LENGTH_HEADER='622',REQUEST_PROTOCOL='h2',REQUEST_URL='https://itunes.apple.com/lookup?id=360084272',
08-05 13:37:43.371   918  6111 I ActivityManager: START u0 {cmp=baseline.de.danoeh.antennapod.debug/baseline.de.danoeh.antennapod.activity.OnlineFeedViewActivity (has extras)} from uid 10695 on display 0
08-05 13:37:43.399 13866 13866 I GoogleInputMethodServic: GoogleInputMethodService.onFinishInput():3138 
08-05 13:37:43.400 13866 13866 I GoogleInputMethodServic: GoogleInputMethodService.onStartInput():1808 
08-05 13:37:43.420  2324  2336 I art     : Starting a blocking GC Explicit
08-05 13:37:43.429  2324  2324 D UserPreferences: Using default data folder
08-05 13:37:43.430  2324  2324 D OnlineFeedViewActivity: Activity was started with url http://joeroganexp.joerogan.libsynpro.com/rss
08-05 13:37:43.433  2324  2324 D OnlineFeedViewActivity: Starting feed download
08-05 13:37:43.435  2324  2344 D DBReader: Extracting Feedlist
08-05 13:37:43.437   918  6111 D WifiService: acquireWifiLockLocked: WifiLock{Downloader type=1 binder=android.os.BinderProxy@ecdfb14}
08-05 13:37:43.438  2324  2344 D AntennapodHttpClient: Creating new instance of HTTP client
08-05 13:37:43.447  2324  2336 I art     : Explicit concurrent mark sweep GC freed 4707(291KB) AllocSpace objects, 1(20KB) LOS objects, 36% free, 28MB/44MB, paused 1.080ms total 26.986ms
08-05 13:37:43.456  2324  2336 I art     : Starting a blocking GC Explicit
08-05 13:37:43.482  2324  2344 D MYTAG   : interceptor 3a http://joeroganexp.joerogan.libsynpro.com/rss
08-05 13:37:43.482  2324  2344 I NAPPA_EXPERIMENTATION: MetricNetworkRequestExecutionTime: REQUEST_DURATION_SYSTEM='44',REQUEST_DURATION_OKHTTP='37',REQUEST_SYNCHRONOUS='TRUE',RESPONSE_CODE='200',RESPONSE_METHOD='GET',RESPONSE_LENGTH_OKHTTP='-1',RESPONSE_LENGTH_HEADER='307892',REQUEST_PROTOCOL='http/1.1',REQUEST_URL='http://joeroganexp.joerogan.libsynpro.com/rss',
08-05 13:37:43.482  2324  2344 D HttpDownloader: Response code is 200
08-05 13:37:43.482  2324  2344 D UserPreferences: Using default data folder
08-05 13:37:43.482  2324  2336 I art     : Explicit concurrent mark sweep GC freed 503(22KB) AllocSpace objects, 0(0B) LOS objects, 36% free, 28MB/44MB, paused 909us total 25.271ms
08-05 13:37:43.483  2324  2344 D HttpDownloader: Getting size of download
08-05 13:37:43.483  2324  2344 D HttpDownloader: Size is -1
08-05 13:37:43.483  2324  2344 D UserPreferences: Using default data folder
08-05 13:37:43.484  2324  2344 D HttpDownloader: Free space is 20218998784
08-05 13:37:43.484  2324  2344 D HttpDownloader: Starting download
08-05 13:37:43.491  2324  2336 I art     : Starting a blocking GC Explicit
08-05 13:37:43.502 13866 13866 I GoogleInputMethodServic: GoogleInputMethodService.onFinishInput():3138 
08-05 13:37:43.503 13866 13866 I GoogleInputMethodServic: GoogleInputMethodService.onStartInput():1808 
08-05 13:37:43.517  2324  2336 I art     : Explicit concurrent mark sweep GC freed 302(20KB) AllocSpace objects, 0(0B) LOS objects, 35% free, 28MB/44MB, paused 884us total 25.175ms
08-05 13:37:43.519   512  2967 D audio_hw_primary: disable_audio_route: reset and update mixer path: low-latency-playback speaker
08-05 13:37:43.520   512  2967 D audio_hw_primary: disable_snd_device: snd_device(2: speaker)
08-05 13:37:43.526  2324  2336 I art     : Starting a blocking GC Explicit
08-05 13:37:43.528   918   936 I ActivityManager: Displayed baseline.de.danoeh.antennapod.debug/baseline.de.danoeh.antennapod.activity.OnlineFeedViewActivity: +127ms
08-05 13:37:43.529   512  2967 I soundtrigger: audio_extn_sound_trigger_update_device_status: device 0x2 of type 0 for Event 0
08-05 13:37:43.552  2324  2336 I art     : Explicit concurrent mark sweep GC freed 32(1408B) AllocSpace objects, 0(0B) LOS objects, 35% free, 28MB/44MB, paused 896us total 26.007ms
08-05 13:37:43.556  2324  2345 D OpenGLRenderer: endAllStagingAnimators on 0x7f7ed24000 (GridView) with handle 0x7f7948b8e0
08-05 13:37:43.561  2324  2336 I art     : Starting a blocking GC Explicit
08-05 13:37:43.571  2324  2344 D HttpDownloader: Download was successful
08-05 13:37:43.571   918  3670 D WifiService: releaseWifiLockLocked: WifiLock{Downloader type=1 binder=android.os.BinderProxy@ecdfb14}
08-05 13:37:43.572  2324  2324 D OnlineFeedViewActivity: Parsing feed
08-05 13:37:43.575  2324  4011 D TypeGetter: Recognized type RSS 2.0
08-05 13:37:43.577  2324  4011 D SyndHandler: Recognized Atom namespace
08-05 13:37:43.577  2324  4011 D SyndHandler: Recognized ITunes namespace
08-05 13:37:43.577  2324  4011 D SyndHandler: Recognized media namespace
08-05 13:37:43.577  2324  4011 D SyndHandler: Recognized Content namespace
08-05 13:37:43.587  2324  2336 I art     : Explicit concurrent mark sweep GC freed 459(134KB) AllocSpace objects, 3(60KB) LOS objects, 35% free, 28MB/44MB, paused 954us total 24.821ms
08-05 13:37:43.771   380   380 W SurfaceFlinger: couldn't log to binary event log: overflow.
08-05 13:37:43.863  2324  2404 I art     : Starting a blocking GC Explicit
08-05 13:37:43.874  2324  2324 D PlaybackController: Releasing PlaybackController
08-05 13:37:43.898  2324  2404 I art     : Explicit concurrent mark sweep GC freed 21254(1185KB) AllocSpace objects, 1(20KB) LOS objects, 35% free, 29MB/45MB, paused 1.164ms total 34.212ms
08-05 13:37:43.910  2324  2404 I art     : Starting a blocking GC Explicit
08-05 13:37:43.937  2324  2404 I art     : Explicit concurrent mark sweep GC freed 5350(255KB) AllocSpace objects, 0(0B) LOS objects, 35% free, 29MB/45MB, paused 1.290ms total 27.494ms
08-05 13:37:43.946  2324  2404 I art     : Starting a blocking GC Explicit
08-05 13:37:43.973  2324  2404 I art     : Explicit concurrent mark sweep GC freed 5937(286KB) AllocSpace objects, 0(0B) LOS objects, 35% free, 29MB/45MB, paused 1.080ms total 26.231ms
08-05 13:37:43.981  2324  2404 I art     : Starting a blocking GC Explicit
08-05 13:37:44.008  2324  2404 I art     : Explicit concurrent mark sweep GC freed 2888(145KB) AllocSpace objects, 0(0B) LOS objects, 35% free, 29MB/45MB, paused 1.131ms total 26.290ms
08-05 13:37:44.017  2324  2404 I art     : Starting a blocking GC Explicit
08-05 13:37:44.043  2324  2404 I art     : Explicit concurrent mark sweep GC freed 2771(142KB) AllocSpace objects, 0(0B) LOS objects, 35% free, 29MB/45MB, paused 1.106ms total 26.167ms
08-05 13:37:44.320  2324  2336 I art     : Starting a blocking GC Explicit
08-05 13:37:44.357  2324  2336 I art     : Explicit concurrent mark sweep GC freed 23873(1263KB) AllocSpace objects, 1(20KB) LOS objects, 34% free, 29MB/45MB, paused 1.271ms total 36.226ms
08-05 13:37:44.368  2324  2336 I art     : Starting a blocking GC Explicit
08-05 13:37:44.398  2324  2336 I art     : Explicit concurrent mark sweep GC freed 4712(239KB) AllocSpace objects, 0(0B) LOS objects, 34% free, 29MB/45MB, paused 1.395ms total 29.546ms
08-05 13:37:44.407  2324  2336 I art     : Starting a blocking GC Explicit
08-05 13:37:44.435  2324  2336 I art     : Explicit concurrent mark sweep GC freed 7804(367KB) AllocSpace objects, 0(0B) LOS objects, 35% free, 29MB/45MB, paused 1.159ms total 28.061ms
08-05 13:37:44.445  2324  2336 I art     : Starting a blocking GC Explicit
08-05 13:37:44.474  2324  2336 I art     : Explicit concurrent mark sweep GC freed 2994(150KB) AllocSpace objects, 0(0B) LOS objects, 35% free, 29MB/45MB, paused 1.050ms total 28.645ms
08-05 13:37:44.483  2324  2336 I art     : Starting a blocking GC Explicit
08-05 13:37:44.512  2324  2336 I art     : Explicit concurrent mark sweep GC freed 3027(157KB) AllocSpace objects, 0(0B) LOS objects, 35% free, 29MB/45MB, paused 1.058ms total 28.430ms
08-05 13:37:44.815  2324  2336 I art     : Starting a blocking GC Explicit
08-05 13:37:44.897  2324  2336 I art     : Explicit concurrent mark sweep GC freed 28398(1544KB) AllocSpace objects, 1(20KB) LOS objects, 34% free, 30MB/46MB, paused 2.013ms total 81.897ms
08-05 13:37:44.909  2324  2336 I art     : Starting a blocking GC Explicit
08-05 13:37:44.941  2324  2336 I art     : Explicit concurrent mark sweep GC freed 9363(460KB) AllocSpace objects, 0(0B) LOS objects, 34% free, 30MB/46MB, paused 1.827ms total 32.458ms
08-05 13:37:44.951  2324  2336 I art     : Starting a blocking GC Explicit
08-05 13:37:44.982  2324  2336 I art     : Explicit concurrent mark sweep GC freed 5750(287KB) AllocSpace objects, 0(0B) LOS objects, 34% free, 30MB/46MB, paused 1.187ms total 30.099ms
08-05 13:37:44.992  2324  2336 I art     : Starting a blocking GC Explicit
08-05 13:37:45.023  2324  2336 I art     : Explicit concurrent mark sweep GC freed 3242(171KB) AllocSpace objects, 0(0B) LOS objects, 34% free, 30MB/46MB, paused 1.161ms total 30.879ms
08-05 13:37:45.033  2324  2336 I art     : Starting a blocking GC Explicit
08-05 13:37:45.064  2324  2336 I art     : Explicit concurrent mark sweep GC freed 3174(168KB) AllocSpace objects, 0(0B) LOS objects, 34% free, 30MB/46MB, paused 1.105ms total 30.805ms
08-05 13:37:45.381  2324  2336 I art     : Starting a blocking GC Explicit
08-05 13:37:45.423  2324  2336 I art     : Explicit concurrent mark sweep GC freed 26782(1458KB) AllocSpace objects, 1(20KB) LOS objects, 33% free, 31MB/47MB, paused 1.415ms total 41.355ms
08-05 13:37:45.435  2324  2336 I art     : Starting a blocking GC Explicit
08-05 13:37:45.468  2324  2336 I art     : Explicit concurrent mark sweep GC freed 9585(457KB) AllocSpace objects, 0(0B) LOS objects, 33% free, 31MB/47MB, paused 1.426ms total 33.407ms
08-05 13:37:45.479  2324  2336 I art     : Starting a blocking GC Explicit
08-05 13:37:45.511  2324  2336 I art     : Explicit concurrent mark sweep GC freed 4906(244KB) AllocSpace objects, 0(0B) LOS objects, 33% free, 31MB/47MB, paused 1.115ms total 31.699ms
08-05 13:37:45.522  2324  2336 I art     : Starting a blocking GC Explicit
08-05 13:37:45.554  2324  2336 I art     : Explicit concurrent mark sweep GC freed 3397(220KB) AllocSpace objects, 0(0B) LOS objects, 33% free, 31MB/47MB, paused 1.215ms total 32.311ms
08-05 13:37:45.565  2324  2336 I art     : Starting a blocking GC Explicit
08-05 13:37:45.597  2324  2336 I art     : Explicit concurrent mark sweep GC freed 3437(177KB) AllocSpace objects, 0(0B) LOS objects, 33% free, 31MB/47MB, paused 1.288ms total 31.943ms
08-05 13:37:45.901  2324  2904 I art     : Starting a blocking GC Explicit
08-05 13:37:45.945  2324  2904 I art     : Explicit concurrent mark sweep GC freed 26723(1188KB) AllocSpace objects, 1(20KB) LOS objects, 33% free, 31MB/47MB, paused 1.725ms total 43.447ms
08-05 13:37:45.957  2324  2904 I art     : Starting a blocking GC Explicit
08-05 13:37:45.971  2324  4011 D OnlineFeedViewActivity: Deleted feed source file. Result: true
08-05 13:37:45.974  2324  2324 D OnlineFeedViewActivity: Removing HTML from shownotes
08-05 13:37:45.996  2324  2904 I art     : Explicit concurrent mark sweep GC freed 19352(1382KB) AllocSpace objects, 58(3MB) LOS objects, 32% free, 32MB/48MB, paused 1.354ms total 38.391ms
08-05 13:37:46.007  2324  2904 I art     : Starting a blocking GC Explicit
08-05 13:37:46.045  2324  2904 I art     : Explicit concurrent mark sweep GC freed 45634(3MB) AllocSpace objects, 177(11MB) LOS objects, 32% free, 33MB/49MB, paused 1.162ms total 38.383ms
08-05 13:37:46.057  2324  2904 I art     : Starting a blocking GC Explicit
08-05 13:37:46.096  2324  2904 I art     : Explicit concurrent mark sweep GC freed 45873(3MB) AllocSpace objects, 207(13MB) LOS objects, 32% free, 33MB/49MB, paused 1.153ms total 39.739ms
08-05 13:37:46.108  2324  2904 I art     : Starting a blocking GC Explicit
08-05 13:37:46.149  2324  2904 I art     : Explicit concurrent mark sweep GC freed 47719(3MB) AllocSpace objects, 213(14MB) LOS objects, 32% free, 33MB/49MB, paused 1.133ms total 41.400ms
08-05 13:37:46.457  2324  2904 I art     : Starting a blocking GC Explicit
08-05 13:37:46.500  2324  2904 I art     : Explicit concurrent mark sweep GC freed 28718(3MB) AllocSpace objects, 187(12MB) LOS objects, 33% free, 31MB/47MB, paused 897us total 42.820ms
08-05 13:37:46.512  2324  2904 I art     : Starting a blocking GC Explicit
08-05 13:37:46.549  2324  2904 I art     : Explicit concurrent mark sweep GC freed 549(26KB) AllocSpace objects, 1(112KB) LOS objects, 33% free, 31MB/47MB, paused 859us total 36.172ms
08-05 13:37:46.561  2324  2904 I art     : Starting a blocking GC Explicit
08-05 13:37:46.600  2324  2904 I art     : Explicit concurrent mark sweep GC freed 3(96B) AllocSpace objects, 0(0B) LOS objects, 33% free, 31MB/47MB, paused 873us total 38.303ms
08-05 13:37:46.612  2324  2904 I art     : Starting a blocking GC Explicit
08-05 13:37:46.651  2324  2904 I art     : Explicit concurrent mark sweep GC freed 3(96B) AllocSpace objects, 0(0B) LOS objects, 33% free, 31MB/47MB, paused 841us total 38.356ms
08-05 13:37:46.663  2324  2904 I art     : Starting a blocking GC Explicit
08-05 13:37:46.702  2324  2904 I art     : Explicit concurrent mark sweep GC freed 3(96B) AllocSpace objects, 0(0B) LOS objects, 33% free, 31MB/47MB, paused 874us total 39.115ms
08-05 13:37:47.024  2324  2404 I art     : Starting a blocking GC Explicit
08-05 13:37:47.080  2324  2404 I art     : Explicit concurrent mark sweep GC freed 1374(82KB) AllocSpace objects, 1(20KB) LOS objects, 33% free, 31MB/47MB, paused 974us total 55.622ms
08-05 13:37:47.096  2324  2404 I art     : Starting a blocking GC Explicit
08-05 13:37:47.105 32409 32409 I ServiceManager: Waiting for service AtCmdFwd...
08-05 13:37:47.133  2324  2404 I art     : Explicit concurrent mark sweep GC freed 23(752B) AllocSpace objects, 0(0B) LOS objects, 33% free, 31MB/47MB, paused 800us total 36.770ms
08-05 13:37:47.145  2324  2404 I art     : Starting a blocking GC Explicit
08-05 13:37:47.181  2324  2404 I art     : Explicit concurrent mark sweep GC freed 3(96B) AllocSpace objects, 0(0B) LOS objects, 33% free, 31MB/47MB, paused 883us total 35.596ms
08-05 13:37:47.193  2324  2404 I art     : Starting a blocking GC Explicit
08-05 13:37:47.229  2324  2404 I art     : Explicit concurrent mark sweep GC freed 3(96B) AllocSpace objects, 0(0B) LOS objects, 33% free, 31MB/47MB, paused 887us total 36.095ms
08-05 13:37:47.241  2324  2404 I art     : Starting a blocking GC Explicit
08-05 13:37:47.278  2324  2404 I art     : Explicit concurrent mark sweep GC freed 3(96B) AllocSpace objects, 0(0B) LOS objects, 33% free, 31MB/47MB, paused 885us total 37.007ms
08-05 13:37:47.548  4083  4083 D AndroidRuntime: >>>>>> START com.android.internal.os.RuntimeInit uid 2000 <<<<<<
08-05 13:37:47.553  4083  4083 D AndroidRuntime: CheckJNI is OFF
08-05 13:37:47.585  2324  2336 I art     : Starting a blocking GC Explicit
08-05 13:37:47.587  4083  4083 D ICU     : No timezone override file found: /data/misc/zoneinfo/current/icu/icu_tzdata.dat
08-05 13:37:47.623  4083  4083 I Radio-JNI: register_android_hardware_Radio DONE
08-05 13:37:47.623  2324  2336 I art     : Explicit concurrent mark sweep GC freed 1401(81KB) AllocSpace objects, 1(20KB) LOS objects, 33% free, 31MB/47MB, paused 935us total 38.587ms
08-05 13:37:47.635  2324  2336 I art     : Starting a blocking GC Explicit
08-05 13:37:47.646  4083  4083 D AndroidRuntime: Calling main entry com.android.commands.input.Input
08-05 13:37:47.648  4083  4083 I Input   : injectKeyEvent: KeyEvent { action=ACTION_DOWN, keyCode=KEYCODE_BACK, scanCode=0, metaState=0, flags=0x0, repeatCount=0, eventTime=797884061, downTime=797884061, deviceId=-1, source=0x101 }
08-05 13:37:47.654  4083  4083 I Input   : injectKeyEvent: KeyEvent { action=ACTION_UP, keyCode=KEYCODE_BACK, scanCode=0, metaState=0, flags=0x0, repeatCount=0, eventTime=797884061, downTime=797884061, deviceId=-1, source=0x101 }
08-05 13:37:47.660  4083  4083 D AndroidRuntime: Shutting down VM
08-05 13:37:47.665  2324  2324 V PlaybackController: initServiceNotRunning()
08-05 13:37:47.665  2324  2324 D ExternalPlayerFragment: Loading media info
08-05 13:37:47.669  2324  2324 D UserPreferences: Using default data folder
08-05 13:37:47.669  2324  2344 D DBReader: getNavDrawerData() called with: 
08-05 13:37:47.672  2324  2336 I art     : Explicit concurrent mark sweep GC freed 220(13KB) AllocSpace objects, 0(0B) LOS objects, 33% free, 31MB/47MB, paused 1.313ms total 36.050ms
08-05 13:37:47.680  2324  2344 D DBReader: getDownloadedItems() called
08-05 13:37:47.681  2324  2344 D DBReader: getFavoriteIDList() called
08-05 13:37:47.682  2324  2344 D DBReader: getQueueIDList() called
08-05 13:37:47.683  2324  2344 D DBReader: Extracting Feedlist
08-05 13:37:47.683  2324  2336 I art     : Starting a blocking GC Explicit
08-05 13:37:47.705  2324  2324 D MainActivity: getLastNavFragment() -> AddFeedFragment
08-05 13:37:47.705 13866 13866 I GoogleInputMethodServic: GoogleInputMethodService.onFinishInput():3138 
08-05 13:37:47.706 13866 13866 I GoogleInputMethodServic: GoogleInputMethodService.onStartInput():1808 
08-05 13:37:47.717  2324  2336 I art     : Explicit concurrent mark sweep GC freed 618(41KB) AllocSpace objects, 0(0B) LOS objects, 33% free, 31MB/47MB, paused 1.196ms total 33.855ms
08-05 13:37:47.728  2324  2336 I art     : Starting a blocking GC Explicit
08-05 13:37:47.761  2324  2336 I art     : Explicit concurrent mark sweep GC freed 503(27KB) AllocSpace objects, 0(0B) LOS objects, 33% free, 31MB/47MB, paused 774us total 33.268ms
08-05 13:37:47.772  2324  2336 I art     : Starting a blocking GC Explicit
08-05 13:37:47.804  2324  2336 I art     : Explicit concurrent mark sweep GC freed 229(13KB) AllocSpace objects, 0(0B) LOS objects, 33% free, 31MB/47MB, paused 844us total 31.688ms
08-05 13:37:48.009   380   380 W SurfaceFlinger: couldn't log to binary event log: overflow.
08-05 13:37:48.071  2324  2337 I art     : Starting a blocking GC Explicit
08-05 13:37:48.105 32409 32409 I ServiceManager: Waiting for service AtCmdFwd...
08-05 13:37:48.108  2324  2337 I art     : Explicit concurrent mark sweep GC freed 1970(105KB) AllocSpace objects, 1(20KB) LOS objects, 33% free, 31MB/47MB, paused 952us total 37.461ms
08-05 13:37:48.120  2324  2337 I art     : Starting a blocking GC Explicit
08-05 13:37:48.153  2324  2337 I art     : Explicit concurrent mark sweep GC freed 33285(3MB) AllocSpace objects, 1(28KB) LOS objects, 36% free, 28MB/44MB, paused 966us total 32.109ms
08-05 13:37:48.162  2324  2337 I art     : Starting a blocking GC Explicit
08-05 13:37:48.190  2324  2337 I art     : Explicit concurrent mark sweep GC freed 3(96B) AllocSpace objects, 0(0B) LOS objects, 36% free, 28MB/44MB, paused 865us total 27.524ms
08-05 13:37:48.200  2324  2337 I art     : Starting a blocking GC Explicit
08-05 13:37:48.226  2324  2337 I art     : Explicit concurrent mark sweep GC freed 3(96B) AllocSpace objects, 0(0B) LOS objects, 36% free, 28MB/44MB, paused 849us total 26.631ms
08-05 13:37:48.236  2324  2337 I art     : Starting a blocking GC Explicit
08-05 13:37:48.262  2324  2337 I art     : Explicit concurrent mark sweep GC freed 3(96B) AllocSpace objects, 0(0B) LOS objects, 36% free, 28MB/44MB, paused 859us total 26.436ms
08-05 13:37:48.565  2324  2904 I art     : Starting a blocking GC Explicit
08-05 13:37:48.600  2324  2904 I art     : Explicit concurrent mark sweep GC freed 1403(83KB) AllocSpace objects, 1(20KB) LOS objects, 36% free, 28MB/44MB, paused 939us total 34.817ms
08-05 13:37:48.613  2324  2904 I art     : Starting a blocking GC Explicit
08-05 13:37:48.642  2324  2904 I art     : Explicit concurrent mark sweep GC freed 23(752B) AllocSpace objects, 0(0B) LOS objects, 36% free, 28MB/44MB, paused 869us total 28.581ms
08-05 13:37:48.652  2324  2904 I art     : Starting a blocking GC Explicit
08-05 13:37:48.679  2324  2904 I art     : Explicit concurrent mark sweep GC freed 3(96B) AllocSpace objects, 0(0B) LOS objects, 36% free, 28MB/44MB, paused 902us total 26.973ms
08-05 13:37:48.688  2324  2904 I art     : Starting a blocking GC Explicit
08-05 13:37:48.716  2324  2904 I art     : Explicit concurrent mark sweep GC freed 3(96B) AllocSpace objects, 0(0B) LOS objects, 36% free, 28MB/44MB, paused 864us total 27.229ms
08-05 13:37:48.725  2324  2904 I art     : Starting a blocking GC Explicit
08-05 13:37:48.752  2324  2904 I art     : Explicit concurrent mark sweep GC freed 3(96B) AllocSpace objects, 0(0B) LOS objects, 36% free, 28MB/44MB, paused 858us total 27.010ms
08-05 13:37:49.023  2324  2404 I art     : Starting a blocking GC Explicit
08-05 13:37:49.050  2324  2404 I art     : Explicit concurrent mark sweep GC freed 1373(80KB) AllocSpace objects, 1(20KB) LOS objects, 36% free, 28MB/44MB, paused 837us total 27.511ms
08-05 13:37:49.060  2324  2404 I art     : Starting a blocking GC Explicit
08-05 13:37:49.087  2324  2404 I art     : Explicit concurrent mark sweep GC freed 23(752B) AllocSpace objects, 0(0B) LOS objects, 36% free, 28MB/44MB, paused 959us total 27.061ms
08-05 13:37:49.097  2324  2404 I art     : Starting a blocking GC Explicit
08-05 13:37:49.106 32409 32409 I ServiceManager: Waiting for service AtCmdFwd...
08-05 13:37:49.123  2324  2404 I art     : Explicit concurrent mark sweep GC freed 3(96B) AllocSpace objects, 0(0B) LOS objects, 36% free, 28MB/44MB, paused 859us total 25.802ms
08-05 13:37:49.132  2324  2404 I art     : Starting a blocking GC Explicit
08-05 13:37:49.158  2324  2404 I art     : Explicit concurrent mark sweep GC freed 3(96B) AllocSpace objects, 0(0B) LOS objects, 36% free, 28MB/44MB, paused 891us total 26.012ms
08-05 13:37:49.167  2324  2404 I art     : Starting a blocking GC Explicit
08-05 13:37:49.193  2324  2404 I art     : Explicit concurrent mark sweep GC freed 3(96B) AllocSpace objects, 0(0B) LOS objects, 36% free, 28MB/44MB, paused 855us total 25.477ms
08-05 13:37:49.326  4129  4129 D AndroidRuntime: >>>>>> START com.android.internal.os.RuntimeInit uid 2000 <<<<<<
08-05 13:37:49.331  4129  4129 D AndroidRuntime: CheckJNI is OFF
08-05 13:37:49.365  4129  4129 D ICU     : No timezone override file found: /data/misc/zoneinfo/current/icu/icu_tzdata.dat
08-05 13:37:49.398  4129  4129 I Radio-JNI: register_android_hardware_Radio DONE
08-05 13:37:49.419  4129  4129 D AndroidRuntime: Calling main entry com.android.commands.input.Input
08-05 13:37:49.421  4129  4129 I Input   : injectMotionEvent: MotionEvent { action=ACTION_DOWN, actionButton=0, id[0]=0, x[0]=616.0, y[0]=469.0, toolType[0]=TOOL_TYPE_UNKNOWN, buttonState=0, metaState=0, flags=0x0, edgeFlags=0x0, pointerCount=1, historySize=0, eventTime=797885833, downTime=797885833, deviceId=0, source=0x1002 }
08-05 13:37:49.425  4129  4129 I Input   : injectMotionEvent: MotionEvent { action=ACTION_UP, actionButton=0, id[0]=0, x[0]=616.0, y[0]=469.0, toolType[0]=TOOL_TYPE_UNKNOWN, buttonState=0, metaState=0, flags=0x0, edgeFlags=0x0, pointerCount=1, historySize=0, eventTime=797885833, downTime=797885833, deviceId=0, source=0x1002 }
08-05 13:37:49.426  4129  4129 D AndroidRuntime: Shutting down VM
08-05 13:37:49.494  2324  2336 I art     : Starting a blocking GC Explicit
08-05 13:37:49.496   512  2967 D audio_hw_primary: out_set_parameters: enter: usecase(1: low-latency-playback) kvpairs: routing=2
08-05 13:37:49.509   512  2967 D audio_hw_primary: select_devices: out_snd_device(2: speaker) in_snd_device(0: none)
08-05 13:37:49.509   512  2967 D msm8974_platform: platform_send_audio_calibration: sending audio calibration for snd_device(2) acdb_id(15)
08-05 13:37:49.509   512  2967 I soundtrigger: audio_extn_sound_trigger_update_device_status: device 0x2 of type 0 for Event 1
08-05 13:37:49.515 13866 13866 I GoogleInputMethodServic: GoogleInputMethodService.onFinishInput():3138 
08-05 13:37:49.516 13866 13866 I GoogleInputMethodServic: GoogleInputMethodService.onStartInput():1808 
08-05 13:37:49.518   512  2967 D audio_hw_primary: enable_snd_device: snd_device(2: speaker)
08-05 13:37:49.519  2324  2336 I art     : Explicit concurrent mark sweep GC freed 1659(92KB) AllocSpace objects, 1(20KB) LOS objects, 36% free, 28MB/44MB, paused 1.013ms total 25.037ms
08-05 13:37:49.521   512  2967 D audio_hw_primary: enable_audio_route: apply and update mixer path: low-latency-playback speaker
08-05 13:37:49.528  2324  2336 I art     : Starting a blocking GC Explicit
08-05 13:37:49.552  2324  2336 I art     : Explicit concurrent mark sweep GC freed 57(2160B) AllocSpace objects, 0(0B) LOS objects, 36% free, 28MB/44MB, paused 819us total 24.138ms
08-05 13:37:49.562  2324  2336 I art     : Starting a blocking GC Explicit
08-05 13:37:49.587  2324  2336 I art     : Explicit concurrent mark sweep GC freed 15(544B) AllocSpace objects, 0(0B) LOS objects, 36% free, 28MB/44MB, paused 869us total 24.622ms
08-05 13:37:49.596  2324  2336 I art     : Starting a blocking GC Explicit
08-05 13:37:49.621  2324  2336 I art     : Explicit concurrent mark sweep GC freed 13(480B) AllocSpace objects, 0(0B) LOS objects, 36% free, 28MB/44MB, paused 883us total 24.961ms
08-05 13:37:49.631  2324  2336 I art     : Starting a blocking GC Explicit
08-05 13:37:49.656  2324  2336 I art     : Explicit concurrent mark sweep GC freed 13(480B) AllocSpace objects, 0(0B) LOS objects, 36% free, 28MB/44MB, paused 911us total 25.535ms
08-05 13:37:49.724  2324  2893 I NAPPA_EXPERIMENTATION: MetricNetworkRequestExecutionTime: REQUEST_DURATION_SYSTEM='229',REQUEST_DURATION_OKHTTP='227',REQUEST_SYNCHRONOUS='TRUE',RESPONSE_CODE='200',RESPONSE_METHOD='GET',RESPONSE_LENGTH_OKHTTP='-1',RESPONSE_LENGTH_HEADER='628',REQUEST_PROTOCOL='h2',REQUEST_URL='https://itunes.apple.com/lookup?id=1524080195',
08-05 13:37:49.745   918  3359 I ActivityManager: START u0 {cmp=baseline.de.danoeh.antennapod.debug/baseline.de.danoeh.antennapod.activity.OnlineFeedViewActivity (has extras)} from uid 10695 on display 0
08-05 13:37:49.770 13866 13866 I GoogleInputMethodServic: GoogleInputMethodService.onFinishInput():3138 
08-05 13:37:49.770 13866 13866 I GoogleInputMethodServic: GoogleInputMethodService.onStartInput():1808 
08-05 13:37:49.790  2324  2324 D UserPreferences: Using default data folder
08-05 13:37:49.790  2324  2324 D OnlineFeedViewActivity: Activity was started with url https://rss.art19.com/nice-white-parents
08-05 13:37:49.792  2324  2324 D OnlineFeedViewActivity: Starting feed download
08-05 13:37:49.794  2324  2350 D DBReader: Extracting Feedlist
08-05 13:37:49.796   918  5481 D WifiService: acquireWifiLockLocked: WifiLock{Downloader type=1 binder=android.os.BinderProxy@5b9c9e5}
08-05 13:37:49.796  2324  2350 D AntennapodHttpClient: Creating new instance of HTTP client
08-05 13:37:49.856 13866 13866 I GoogleInputMethodServic: GoogleInputMethodService.onFinishInput():3138 
08-05 13:37:49.857 13866 13866 I GoogleInputMethodServic: GoogleInputMethodService.onStartInput():1808 
08-05 13:37:49.874   918   936 I ActivityManager: Displayed baseline.de.danoeh.antennapod.debug/baseline.de.danoeh.antennapod.activity.OnlineFeedViewActivity: +104ms
08-05 13:37:49.904  2324  2404 I art     : Starting a blocking GC Explicit
08-05 13:37:49.937  2324  2404 I art     : Explicit concurrent mark sweep GC freed 7066(403KB) AllocSpace objects, 4(220KB) LOS objects, 35% free, 28MB/44MB, paused 977us total 32.564ms
08-05 13:37:49.946  2324  2404 I art     : Starting a blocking GC Explicit
08-05 13:37:49.972  2324  2404 I art     : Explicit concurrent mark sweep GC freed 2341(173KB) AllocSpace objects, 0(0B) LOS objects, 35% free, 28MB/44MB, paused 877us total 25.858ms
08-05 13:37:49.982  2324  2404 I art     : Starting a blocking GC Explicit
08-05 13:37:50.010  2324  2404 I art     : Explicit concurrent mark sweep GC freed 29(1344B) AllocSpace objects, 0(0B) LOS objects, 35% free, 28MB/44MB, paused 920us total 26.995ms
08-05 13:37:50.020  2324  2404 I art     : Starting a blocking GC Explicit
08-05 13:37:50.050  2324  2404 I art     : Explicit concurrent mark sweep GC freed 7(256B) AllocSpace objects, 0(0B) LOS objects, 35% free, 28MB/44MB, paused 950us total 30.190ms
08-05 13:37:50.059   512  2967 D audio_hw_primary: disable_audio_route: reset and update mixer path: low-latency-playback speaker
08-05 13:37:50.060   512  2967 D audio_hw_primary: disable_snd_device: snd_device(2: speaker)
08-05 13:37:50.060  2324  2404 I art     : Starting a blocking GC Explicit
08-05 13:37:50.070   512  2967 I soundtrigger: audio_extn_sound_trigger_update_device_status: device 0x2 of type 0 for Event 0
08-05 13:37:50.086  2324  2350 D MYTAG   : interceptor 3a https://rss.art19.com/nice-white-parents
08-05 13:37:50.086  2324  2350 I NAPPA_EXPERIMENTATION: MetricNetworkRequestExecutionTime: REQUEST_DURATION_SYSTEM='289',REQUEST_DURATION_OKHTTP='147',REQUEST_SYNCHRONOUS='TRUE',RESPONSE_CODE='200',RESPONSE_METHOD='GET',RESPONSE_LENGTH_OKHTTP='-1',RESPONSE_LENGTH_HEADER='1803',REQUEST_PROTOCOL='h2',REQUEST_URL='https://rss.art19.com/nice-white-parents',
08-05 13:37:50.086  2324  2350 D HttpDownloader: Response code is 200
08-05 13:37:50.086  2324  2350 D UserPreferences: Using default data folder
08-05 13:37:50.087  2324  2350 D HttpDownloader: Getting size of download
08-05 13:37:50.087  2324  2350 D HttpDownloader: Size is -1
08-05 13:37:50.087  2324  2350 D UserPreferences: Using default data folder
08-05 13:37:50.088  2324  2350 D HttpDownloader: Free space is 20218994688
08-05 13:37:50.088  2324  2350 D HttpDownloader: Starting download
08-05 13:37:50.093  2324  2404 I art     : Explicit concurrent mark sweep GC freed 277(20KB) AllocSpace objects, 0(0B) LOS objects, 35% free, 28MB/44MB, paused 1.003ms total 32.475ms
08-05 13:37:50.106 32409 32409 I ServiceManager: Waiting for service AtCmdFwd...
08-05 13:37:50.128   380   380 W SurfaceFlinger: couldn't log to binary event log: overflow.
08-05 13:37:50.130  2324  2350 D HttpDownloader: Download was successful
08-05 13:37:50.131   918  5481 D WifiService: releaseWifiLockLocked: WifiLock{Downloader type=1 binder=android.os.BinderProxy@5b9c9e5}
08-05 13:37:50.131  2324  2324 D OnlineFeedViewActivity: Parsing feed
08-05 13:37:50.135  2324  4179 D TypeGetter: Recognized type RSS 2.0
08-05 13:37:50.138  2324  4179 D SyndHandler: Recognized ITunes namespace
08-05 13:37:50.138  2324  4179 D SyndHandler: Recognized Atom namespace
08-05 13:37:50.138  2324  4179 D SyndHandler: Recognized Content namespace
08-05 13:37:50.145  2324  4179 D OnlineFeedViewActivity: Deleted feed source file. Result: true
08-05 13:37:50.145  2324  2324 D OnlineFeedViewActivity: Removing HTML from shownotes
08-05 13:37:50.253  2324  2324 D PlaybackController: Releasing PlaybackController
08-05 13:37:50.398  2324  2904 I art     : Starting a blocking GC Explicit
08-05 13:37:50.431  2324  2904 I art     : Explicit concurrent mark sweep GC freed 3469(360KB) AllocSpace objects, 5(148KB) LOS objects, 35% free, 28MB/44MB, paused 911us total 32.691ms
08-05 13:37:50.445  2324  2904 I art     : Starting a blocking GC Explicit
08-05 13:37:50.474  2324  2904 I art     : Explicit concurrent mark sweep GC freed 657(31KB) AllocSpace objects, 1(112KB) LOS objects, 35% free, 28MB/44MB, paused 894us total 28.249ms
08-05 13:37:50.483  2324  2904 I art     : Starting a blocking GC Explicit
08-05 13:37:50.512  2324  2904 I art     : Explicit concurrent mark sweep GC freed 3(96B) AllocSpace objects, 0(0B) LOS objects, 35% free, 28MB/44MB, paused 915us total 28.410ms
08-05 13:37:50.521  2324  2904 I art     : Starting a blocking GC Explicit
08-05 13:37:50.551  2324  2904 I art     : Explicit concurrent mark sweep GC freed 3(96B) AllocSpace objects, 0(0B) LOS objects, 35% free, 28MB/44MB, paused 958us total 29.125ms
08-05 13:37:50.560  2324  2904 I art     : Starting a blocking GC Explicit
08-05 13:37:50.590  2324  2904 I art     : Explicit concurrent mark sweep GC freed 3(96B) AllocSpace objects, 0(0B) LOS objects, 35% free, 28MB/44MB, paused 932us total 29.136ms
08-05 13:37:50.876  2324  2336 I art     : Starting a blocking GC Explicit
08-05 13:37:50.911  2324  2336 I art     : Explicit concurrent mark sweep GC freed 1372(80KB) AllocSpace objects, 1(20KB) LOS objects, 35% free, 28MB/44MB, paused 937us total 34.340ms
08-05 13:37:50.920  2324  2336 I art     : Starting a blocking GC Explicit
08-05 13:37:50.950  2324  2336 I art     : Explicit concurrent mark sweep GC freed 23(752B) AllocSpace objects, 0(0B) LOS objects, 35% free, 28MB/44MB, paused 921us total 29.343ms
08-05 13:37:50.960  2324  2336 I art     : Starting a blocking GC Explicit
08-05 13:37:50.989  2324  2336 I art     : Explicit concurrent mark sweep GC freed 3(96B) AllocSpace objects, 0(0B) LOS objects, 35% free, 28MB/44MB, paused 974us total 28.831ms
08-05 13:37:50.999  2324  2336 I art     : Starting a blocking GC Explicit
08-05 13:37:51.027  2324  2336 I art     : Explicit concurrent mark sweep GC freed 3(96B) AllocSpace objects, 0(0B) LOS objects, 35% free, 28MB/44MB, paused 972us total 28.170ms
08-05 13:37:51.036  2324  2336 I art     : Starting a blocking GC Explicit
08-05 13:37:51.065  2324  2336 I art     : Explicit concurrent mark sweep GC freed 3(96B) AllocSpace objects, 0(0B) LOS objects, 35% free, 28MB/44MB, paused 913us total 28.393ms
08-05 13:37:51.107 32409 32409 I ServiceManager: Waiting for service AtCmdFwd...
08-05 13:37:51.400  2324  2337 I art     : Starting a blocking GC Explicit
08-05 13:37:51.437  2324  2337 I art     : Explicit concurrent mark sweep GC freed 1401(81KB) AllocSpace objects, 1(20KB) LOS objects, 35% free, 28MB/44MB, paused 1.051ms total 36.610ms
08-05 13:37:51.449  2324  2337 I art     : Starting a blocking GC Explicit
08-05 13:37:51.478  2324  2337 I art     : Explicit concurrent mark sweep GC freed 23(752B) AllocSpace objects, 0(0B) LOS objects, 35% free, 28MB/44MB, paused 899us total 29.544ms
08-05 13:37:51.488  2324  2337 I art     : Starting a blocking GC Explicit
08-05 13:37:51.518  2324  2337 I art     : Explicit concurrent mark sweep GC freed 3(96B) AllocSpace objects, 0(0B) LOS objects, 35% free, 28MB/44MB, paused 978us total 29.640ms
08-05 13:37:51.528  2324  2337 I art     : Starting a blocking GC Explicit
08-05 13:37:51.557  2324  2337 I art     : Explicit concurrent mark sweep GC freed 3(96B) AllocSpace objects, 0(0B) LOS objects, 35% free, 28MB/44MB, paused 935us total 28.846ms
08-05 13:37:51.567  2324  2337 I art     : Starting a blocking GC Explicit
08-05 13:37:51.595  2324  2337 I art     : Explicit concurrent mark sweep GC freed 3(96B) AllocSpace objects, 0(0B) LOS objects, 35% free, 28MB/44MB, paused 917us total 28.023ms
08-05 13:37:51.916  2324  2904 I art     : Starting a blocking GC Explicit
08-05 13:37:51.948  2324  2904 I art     : Explicit concurrent mark sweep GC freed 1393(81KB) AllocSpace objects, 1(20KB) LOS objects, 35% free, 28MB/44MB, paused 961us total 31.123ms
08-05 13:37:51.958  2324  2904 I art     : Starting a blocking GC Explicit
08-05 13:37:51.988  2324  2904 I art     : Explicit concurrent mark sweep GC freed 28(912B) AllocSpace objects, 0(0B) LOS objects, 35% free, 28MB/44MB, paused 1.183ms total 30.038ms
08-05 13:37:51.998  2324  2904 I art     : Starting a blocking GC Explicit
08-05 13:37:52.026  2324  2904 I art     : Explicit concurrent mark sweep GC freed 7(224B) AllocSpace objects, 0(0B) LOS objects, 35% free, 28MB/44MB, paused 935us total 28.266ms
08-05 13:37:52.036  2324  2904 I art     : Starting a blocking GC Explicit
08-05 13:37:52.063  2324  2904 I art     : Explicit concurrent mark sweep GC freed 3(96B) AllocSpace objects, 0(0B) LOS objects, 35% free, 28MB/44MB, paused 893us total 26.824ms
08-05 13:37:52.072  2324  2904 I art     : Starting a blocking GC Explicit
08-05 13:37:52.101  2324  2904 I art     : Explicit concurrent mark sweep GC freed 3(96B) AllocSpace objects, 0(0B) LOS objects, 35% free, 28MB/44MB, paused 908us total 28.117ms
08-05 13:37:52.107 32409 32409 W Atfwd_Sendcmd: AtCmdFwd service not published, waiting... retryCnt : 5
08-05 13:37:52.462  2324  2404 I art     : Starting a blocking GC Explicit
08-05 13:37:52.501  2324  2404 I art     : Explicit concurrent mark sweep GC freed 1401(81KB) AllocSpace objects, 1(20KB) LOS objects, 35% free, 28MB/44MB, paused 972us total 38.764ms
08-05 13:37:52.511  2324  2404 I art     : Starting a blocking GC Explicit
08-05 13:37:52.540  2324  2404 I art     : Explicit concurrent mark sweep GC freed 23(752B) AllocSpace objects, 0(0B) LOS objects, 35% free, 28MB/44MB, paused 907us total 28.823ms
08-05 13:37:52.549  2324  2404 I art     : Starting a blocking GC Explicit
08-05 13:37:52.578  2324  2404 I art     : Explicit concurrent mark sweep GC freed 3(96B) AllocSpace objects, 0(0B) LOS objects, 35% free, 28MB/44MB, paused 936us total 28.246ms
08-05 13:37:52.587  2324  2404 I art     : Starting a blocking GC Explicit
08-05 13:37:52.617  2324  2404 I art     : Explicit concurrent mark sweep GC freed 3(96B) AllocSpace objects, 0(0B) LOS objects, 35% free, 28MB/44MB, paused 926us total 29.032ms
08-05 13:37:52.626  2324  2404 I art     : Starting a blocking GC Explicit
08-05 13:37:52.656  2324  2404 I art     : Explicit concurrent mark sweep GC freed 3(96B) AllocSpace objects, 0(0B) LOS objects, 35% free, 28MB/44MB, paused 916us total 29.546ms
08-05 13:37:52.985  2324  2336 I art     : Starting a blocking GC Explicit
08-05 13:37:53.023  2324  2336 I art     : Explicit concurrent mark sweep GC freed 1372(80KB) AllocSpace objects, 1(20KB) LOS objects, 35% free, 28MB/44MB, paused 1.001ms total 37.590ms
08-05 13:37:53.035  2324  2336 I art     : Starting a blocking GC Explicit
08-05 13:37:53.064  2324  2336 I art     : Explicit concurrent mark sweep GC freed 23(752B) AllocSpace objects, 0(0B) LOS objects, 35% free, 28MB/44MB, paused 895us total 29.324ms
08-05 13:37:53.074  2324  2336 I art     : Starting a blocking GC Explicit
08-05 13:37:53.103  2324  2336 I art     : Explicit concurrent mark sweep GC freed 3(96B) AllocSpace objects, 0(0B) LOS objects, 35% free, 28MB/44MB, paused 925us total 29.326ms
08-05 13:37:53.113  2324  2336 I art     : Starting a blocking GC Explicit
08-05 13:37:53.142  2324  2336 I art     : Explicit concurrent mark sweep GC freed 3(96B) AllocSpace objects, 0(0B) LOS objects, 35% free, 28MB/44MB, paused 904us total 28.086ms
08-05 13:37:53.142  2324  2335 I art     : WaitForGcToComplete blocked for 28.345ms for cause HeapTrim
08-05 13:37:53.151  2324  2336 I art     : Starting a blocking GC Explicit
08-05 13:37:53.180  2324  2336 I art     : Explicit concurrent mark sweep GC freed 3(96B) AllocSpace objects, 0(0B) LOS objects, 35% free, 28MB/44MB, paused 917us total 28.606ms
08-05 13:37:53.508  2324  2337 I art     : Starting a blocking GC Explicit
08-05 13:37:53.545  2324  2337 I art     : Explicit concurrent mark sweep GC freed 1402(83KB) AllocSpace objects, 1(20KB) LOS objects, 35% free, 28MB/44MB, paused 1.143ms total 36.553ms
08-05 13:37:53.556  2324  2337 I art     : Starting a blocking GC Explicit
08-05 13:37:53.586  2324  2337 I art     : Explicit concurrent mark sweep GC freed 23(752B) AllocSpace objects, 0(0B) LOS objects, 35% free, 28MB/44MB, paused 924us total 29.324ms
08-05 13:37:53.595  2324  2337 I art     : Starting a blocking GC Explicit
08-05 13:37:53.625  2324  2337 I art     : Explicit concurrent mark sweep GC freed 3(96B) AllocSpace objects, 0(0B) LOS objects, 35% free, 28MB/44MB, paused 930us total 28.907ms
08-05 13:37:53.634  2324  2337 I art     : Starting a blocking GC Explicit
08-05 13:37:53.663  2324  2337 I art     : Explicit concurrent mark sweep GC freed 3(96B) AllocSpace objects, 0(0B) LOS objects, 35% free, 28MB/44MB, paused 925us total 28.658ms
08-05 13:37:53.672  2324  2337 I art     : Starting a blocking GC Explicit
08-05 13:37:53.701  2324  2337 I art     : Explicit concurrent mark sweep GC freed 3(96B) AllocSpace objects, 0(0B) LOS objects, 35% free, 28MB/44MB, paused 939us total 28.666ms
08-05 13:37:54.042  2324  2904 I art     : Starting a blocking GC Explicit
08-05 13:37:54.078  2324  2904 I art     : Explicit concurrent mark sweep GC freed 1372(80KB) AllocSpace objects, 1(20KB) LOS objects, 35% free, 28MB/44MB, paused 1.132ms total 36.032ms
08-05 13:37:54.092  2324  2904 I art     : Starting a blocking GC Explicit
08-05 13:37:54.125  2324  2904 I art     : Explicit concurrent mark sweep GC freed 23(752B) AllocSpace objects, 0(0B) LOS objects, 35% free, 28MB/44MB, paused 920us total 32.986ms
08-05 13:37:54.135  2324  2904 I art     : Starting a blocking GC Explicit
08-05 13:37:54.164  2324  2904 I art     : Explicit concurrent mark sweep GC freed 3(96B) AllocSpace objects, 0(0B) LOS objects, 35% free, 28MB/44MB, paused 912us total 29.535ms
08-05 13:37:54.174  2324  2904 I art     : Starting a blocking GC Explicit
08-05 13:37:54.203  2324  2904 I art     : Explicit concurrent mark sweep GC freed 3(96B) AllocSpace objects, 0(0B) LOS objects, 35% free, 28MB/44MB, paused 928us total 29.011ms
08-05 13:37:54.213  2324  2904 I art     : Starting a blocking GC Explicit
08-05 13:37:54.242  2324  2904 I art     : Explicit concurrent mark sweep GC freed 3(96B) AllocSpace objects, 0(0B) LOS objects, 35% free, 28MB/44MB, paused 908us total 28.757ms
08-05 13:37:54.596  2324  2404 I art     : Starting a blocking GC Explicit
08-05 13:37:54.633  2324  2404 I art     : Explicit concurrent mark sweep GC freed 1406(81KB) AllocSpace objects, 1(20KB) LOS objects, 35% free, 28MB/44MB, paused 903us total 37.124ms
08-05 13:37:54.643  2324  2404 I art     : Starting a blocking GC Explicit
08-05 13:37:54.673  2324  2404 I art     : Explicit concurrent mark sweep GC freed 23(752B) AllocSpace objects, 0(0B) LOS objects, 35% free, 28MB/44MB, paused 923us total 29.412ms
08-05 13:37:54.682  2324  2404 I art     : Starting a blocking GC Explicit
08-05 13:37:54.712  2324  2404 I art     : Explicit concurrent mark sweep GC freed 3(96B) AllocSpace objects, 0(0B) LOS objects, 35% free, 28MB/44MB, paused 930us total 29.391ms
08-05 13:37:54.722  2324  2404 I art     : Starting a blocking GC Explicit
08-05 13:37:54.751  2324  2404 I art     : Explicit concurrent mark sweep GC freed 3(96B) AllocSpace objects, 0(0B) LOS objects, 35% free, 28MB/44MB, paused 902us total 28.953ms
08-05 13:37:54.760  2324  2404 I art     : Starting a blocking GC Explicit
08-05 13:37:54.789  2324  2404 I art     : Explicit concurrent mark sweep GC freed 3(96B) AllocSpace objects, 0(0B) LOS objects, 35% free, 28MB/44MB, paused 901us total 28.880ms
08-05 13:37:55.123  2324  2336 I art     : Starting a blocking GC Explicit
08-05 13:37:55.166  2324  2336 I art     : Explicit concurrent mark sweep GC freed 1450(86KB) AllocSpace objects, 1(20KB) LOS objects, 35% free, 28MB/44MB, paused 914us total 42.271ms
08-05 13:37:55.180  2324  2336 I art     : Starting a blocking GC Explicit
08-05 13:37:55.208  2324  2336 I art     : Explicit concurrent mark sweep GC freed 23(752B) AllocSpace objects, 0(0B) LOS objects, 35% free, 28MB/44MB, paused 902us total 28.495ms
08-05 13:37:55.218  2324  2336 I art     : Starting a blocking GC Explicit
08-05 13:37:55.246  2324  2336 I art     : Explicit concurrent mark sweep GC freed 3(96B) AllocSpace objects, 0(0B) LOS objects, 35% free, 28MB/44MB, paused 851us total 28.096ms
08-05 13:37:55.256  2324  2336 I art     : Starting a blocking GC Explicit
08-05 13:37:55.285  2324  2336 I art     : Explicit concurrent mark sweep GC freed 3(96B) AllocSpace objects, 0(0B) LOS objects, 35% free, 28MB/44MB, paused 885us total 28.878ms
08-05 13:37:55.294  2324  2336 I art     : Starting a blocking GC Explicit
08-05 13:37:55.323  2324  2336 I art     : Explicit concurrent mark sweep GC freed 3(96B) AllocSpace objects, 0(0B) LOS objects, 35% free, 28MB/44MB, paused 906us total 28.662ms
08-05 13:37:55.638  2324  2337 I art     : Starting a blocking GC Explicit
08-05 13:37:55.675  2324  2337 I art     : Explicit concurrent mark sweep GC freed 1401(81KB) AllocSpace objects, 1(20KB) LOS objects, 35% free, 28MB/44MB, paused 1.015ms total 36.480ms
08-05 13:37:55.690  2324  2337 I art     : Starting a blocking GC Explicit
08-05 13:37:55.718  2324  2337 I art     : Explicit concurrent mark sweep GC freed 23(752B) AllocSpace objects, 0(0B) LOS objects, 35% free, 28MB/44MB, paused 899us total 28.291ms
08-05 13:37:55.728  2324  2337 I art     : Starting a blocking GC Explicit
08-05 13:37:55.756  2324  2337 I art     : Explicit concurrent mark sweep GC freed 3(96B) AllocSpace objects, 0(0B) LOS objects, 35% free, 28MB/44MB, paused 862us total 28.595ms
08-05 13:37:55.766  2324  2337 I art     : Starting a blocking GC Explicit
08-05 13:37:55.795  2324  2337 I art     : Explicit concurrent mark sweep GC freed 3(96B) AllocSpace objects, 0(0B) LOS objects, 35% free, 28MB/44MB, paused 871us total 28.589ms
08-05 13:37:55.805  2324  2337 I art     : Starting a blocking GC Explicit
08-05 13:37:55.834  2324  2337 I art     : Explicit concurrent mark sweep GC freed 3(96B) AllocSpace objects, 0(0B) LOS objects, 35% free, 28MB/44MB, paused 859us total 28.787ms
08-05 13:37:56.163  2324  2904 I art     : Starting a blocking GC Explicit
08-05 13:37:56.206  2324  2904 I art     : Explicit concurrent mark sweep GC freed 1372(80KB) AllocSpace objects, 1(20KB) LOS objects, 35% free, 28MB/44MB, paused 1.014ms total 42.685ms
08-05 13:37:56.222  2324  2904 I art     : Starting a blocking GC Explicit
08-05 13:37:56.252  2324  2904 I art     : Explicit concurrent mark sweep GC freed 23(752B) AllocSpace objects, 0(0B) LOS objects, 35% free, 28MB/44MB, paused 873us total 29.751ms
08-05 13:37:56.261  2324  2904 I art     : Starting a blocking GC Explicit
08-05 13:37:56.290  2324  2904 I art     : Explicit concurrent mark sweep GC freed 3(96B) AllocSpace objects, 0(0B) LOS objects, 35% free, 28MB/44MB, paused 877us total 28.850ms
08-05 13:37:56.300  2324  2904 I art     : Starting a blocking GC Explicit
08-05 13:37:56.330  2324  2904 I art     : Explicit concurrent mark sweep GC freed 3(96B) AllocSpace objects, 0(0B) LOS objects, 35% free, 28MB/44MB, paused 886us total 29.175ms
08-05 13:37:56.339  2324  2904 I art     : Starting a blocking GC Explicit
08-05 13:37:56.369  2324  2904 I art     : Explicit concurrent mark sweep GC freed 3(96B) AllocSpace objects, 0(0B) LOS objects, 35% free, 28MB/44MB, paused 902us total 29.155ms
08-05 13:37:56.717  2324  2404 I art     : Starting a blocking GC Explicit
08-05 13:37:56.759  2324  2404 I art     : Explicit concurrent mark sweep GC freed 1401(81KB) AllocSpace objects, 1(20KB) LOS objects, 35% free, 28MB/44MB, paused 895us total 41.135ms
08-05 13:37:56.768  2324  2404 I art     : Starting a blocking GC Explicit
08-05 13:37:56.771   518   646 I ThermalEngine: ACTION: GPU - Setting GPU[0] to 600000000
08-05 13:37:56.797  2324  2404 I art     : Explicit concurrent mark sweep GC freed 23(752B) AllocSpace objects, 0(0B) LOS objects, 35% free, 28MB/44MB, paused 979us total 28.329ms
08-05 13:37:56.806  2324  2404 I art     : Starting a blocking GC Explicit
08-05 13:37:56.832  2324  2404 I art     : Explicit concurrent mark sweep GC freed 3(96B) AllocSpace objects, 0(0B) LOS objects, 35% free, 28MB/44MB, paused 654us total 25.089ms
08-05 13:37:56.839  2324  2404 I art     : Starting a blocking GC Explicit
08-05 13:37:56.863  2324  2404 I art     : Explicit concurrent mark sweep GC freed 3(96B) AllocSpace objects, 0(0B) LOS objects, 35% free, 28MB/44MB, paused 733us total 23.582ms
08-05 13:37:56.872  2324  2404 I art     : Starting a blocking GC Explicit
08-05 13:37:56.894  2324  2404 I art     : Explicit concurrent mark sweep GC freed 3(96B) AllocSpace objects, 0(0B) LOS objects, 35% free, 28MB/44MB, paused 641us total 22.123ms
08-05 13:37:56.990 24365  1228 E WakeLock: GCM_HB_ALARM release without a matched acquire!
08-05 13:37:57.017   918  6112 D ConnectivityService: reportNetworkConnectivity(159, true) by 10012
08-05 13:37:57.017   918  1209 D NetworkMonitor/NetworkAgentInfo [WIFI () - 159]: Forcing reevaluation for UID 10012
08-05 13:37:57.017   918  1209 D NetworkMonitor/NetworkAgentInfo [WIFI () - 159]: Checking http://connectivitycheck.gstatic.com/generate_204 on "H369AA63323", 192.168.2.12=192.168.2.12
08-05 13:37:57.018   918  3961 D ConnectivityService: reportNetworkConnectivity(159, true) by 10012
08-05 13:37:57.102   918  1209 D NetworkMonitor/NetworkAgentInfo [WIFI () - 159]: Probably not a portal: exception java.io.IOException: unexpected end of stream on Connection{connectivitycheck.gstatic.com:80, proxy=HTTP@/192.168.2.12:8080 hostAddress=192.168.2.12 cipherSuite=none protocol=http/1.1} (recycle count=0)
08-05 13:37:57.103   918  3263 D ConnectivityService: NetworkAgentInfo [WIFI () - 159] validation failed
08-05 13:37:57.104   918  3261 E WifiConfigStore:  rewrite network history for "H369AA63323"WPA_PSK
08-05 13:37:57.208  2324  2336 I art     : Starting a blocking GC Explicit
08-05 13:37:57.240  2324  2336 I art     : Explicit concurrent mark sweep GC freed 1372(80KB) AllocSpace objects, 1(20KB) LOS objects, 35% free, 28MB/44MB, paused 712us total 32.220ms
08-05 13:37:57.250  2324  2336 I art     : Starting a blocking GC Explicit
08-05 13:37:57.274  2324  2336 I art     : Explicit concurrent mark sweep GC freed 23(752B) AllocSpace objects, 0(0B) LOS objects, 35% free, 28MB/44MB, paused 656us total 23.576ms
08-05 13:37:57.282  2324  2336 I art     : Starting a blocking GC Explicit
08-05 13:37:57.305  2324  2336 I art     : Explicit concurrent mark sweep GC freed 3(96B) AllocSpace objects, 0(0B) LOS objects, 35% free, 28MB/44MB, paused 625us total 22.527ms
08-05 13:37:57.312  2324  2336 I art     : Starting a blocking GC Explicit
08-05 13:37:57.335  2324  2336 I art     : Explicit concurrent mark sweep GC freed 3(96B) AllocSpace objects, 0(0B) LOS objects, 35% free, 28MB/44MB, paused 635us total 22.626ms
08-05 13:37:57.343  2324  2336 I art     : Starting a blocking GC Explicit
08-05 13:37:57.366  2324  2336 I art     : Explicit concurrent mark sweep GC freed 3(96B) AllocSpace objects, 0(0B) LOS objects, 35% free, 28MB/44MB, paused 630us total 23.338ms
08-05 13:37:57.685  2324  2337 I art     : Starting a blocking GC Explicit
08-05 13:37:57.710  2324  2337 I art     : Explicit concurrent mark sweep GC freed 1401(81KB) AllocSpace objects, 1(20KB) LOS objects, 35% free, 28MB/44MB, paused 696us total 24.389ms
08-05 13:37:57.718  2324  2337 I art     : Starting a blocking GC Explicit
08-05 13:37:57.740  2324  2337 I art     : Explicit concurrent mark sweep GC freed 23(752B) AllocSpace objects, 0(0B) LOS objects, 35% free, 28MB/44MB, paused 629us total 21.932ms
08-05 13:37:57.747  2324  2337 I art     : Starting a blocking GC Explicit
08-05 13:37:57.769  2324  2337 I art     : Explicit concurrent mark sweep GC freed 3(96B) AllocSpace objects, 0(0B) LOS objects, 35% free, 28MB/44MB, paused 631us total 21.795ms
08-05 13:37:57.776  2324  2337 I art     : Starting a blocking GC Explicit
08-05 13:37:57.798  2324  2337 I art     : Explicit concurrent mark sweep GC freed 3(96B) AllocSpace objects, 0(0B) LOS objects, 35% free, 28MB/44MB, paused 640us total 21.896ms
08-05 13:37:57.805  2324  2337 I art     : Starting a blocking GC Explicit
08-05 13:37:57.828  2324  2337 I art     : Explicit concurrent mark sweep GC freed 3(96B) AllocSpace objects, 0(0B) LOS objects, 35% free, 28MB/44MB, paused 671us total 22.166ms
08-05 13:37:57.988  4335  4335 D AndroidRuntime: >>>>>> START com.android.internal.os.RuntimeInit uid 2000 <<<<<<
08-05 13:37:57.994  4335  4335 D AndroidRuntime: CheckJNI is OFF
08-05 13:37:58.027  4335  4335 D ICU     : No timezone override file found: /data/misc/zoneinfo/current/icu/icu_tzdata.dat
08-05 13:37:58.053  4335  4335 I Radio-JNI: register_android_hardware_Radio DONE
08-05 13:37:58.068  4335  4335 D AndroidRuntime: Calling main entry com.android.commands.input.Input
08-05 13:37:58.070  4335  4335 I Input   : injectKeyEvent: KeyEvent { action=ACTION_DOWN, keyCode=KEYCODE_BACK, scanCode=0, metaState=0, flags=0x0, repeatCount=0, eventTime=797894483, downTime=797894483, deviceId=-1, source=0x101 }
08-05 13:37:58.074  4335  4335 I Input   : injectKeyEvent: KeyEvent { action=ACTION_UP, keyCode=KEYCODE_BACK, scanCode=0, metaState=0, flags=0x0, repeatCount=0, eventTime=797894483, downTime=797894483, deviceId=-1, source=0x101 }
08-05 13:37:58.079  4335  4335 D AndroidRuntime: Shutting down VM
08-05 13:37:58.083  2324  2324 V PlaybackController: initServiceNotRunning()
08-05 13:37:58.084  2324  2324 D ExternalPlayerFragment: Loading media info
08-05 13:37:58.087  2324  2324 D UserPreferences: Using default data folder
08-05 13:37:58.089  2324  2350 D DBReader: getNavDrawerData() called with: 
08-05 13:37:58.097  2324  2350 D DBReader: getDownloadedItems() called
08-05 13:37:58.097  2324  2350 D DBReader: getFavoriteIDList() called
08-05 13:37:58.098  2324  2350 D DBReader: getQueueIDList() called
08-05 13:37:58.098  2324  2350 D DBReader: Extracting Feedlist
08-05 13:37:58.104   918  1209 D NetworkMonitor/NetworkAgentInfo [WIFI () - 159]: Checking http://connectivitycheck.gstatic.com/generate_204 on "H369AA63323", 192.168.2.12=192.168.2.12
08-05 13:37:58.116  2324  2336 I art     : Starting a blocking GC Explicit
08-05 13:37:58.118  2324  2324 D MainActivity: getLastNavFragment() -> AddFeedFragment
08-05 13:37:58.118 13866 13866 I GoogleInputMethodServic: GoogleInputMethodService.onFinishInput():3138 
08-05 13:37:58.118 13866 13866 I GoogleInputMethodServic: GoogleInputMethodService.onStartInput():1808 
08-05 13:37:58.138  2324  2336 I art     : Explicit concurrent mark sweep GC freed 2444(151KB) AllocSpace objects, 1(20KB) LOS objects, 35% free, 28MB/44MB, paused 864us total 22.109ms
08-05 13:37:58.146  2324  2336 I art     : Starting a blocking GC Explicit
08-05 13:37:58.168  2324  2336 I art     : Explicit concurrent mark sweep GC freed 372(17KB) AllocSpace objects, 0(0B) LOS objects, 35% free, 28MB/44MB, paused 711us total 21.820ms
08-05 13:37:58.175  2324  2336 I art     : Starting a blocking GC Explicit
08-05 13:37:58.196  2324  2336 I art     : Explicit concurrent mark sweep GC freed 121(8KB) AllocSpace objects, 0(0B) LOS objects, 35% free, 28MB/44MB, paused 573us total 20.396ms
08-05 13:37:58.196  2324  2335 I art     : WaitForGcToComplete blocked for 15.573ms for cause HeapTrim
08-05 13:37:58.203  2324  2336 I art     : Starting a blocking GC Explicit
08-05 13:37:58.222   918  1209 D NetworkMonitor/NetworkAgentInfo [WIFI () - 159]: Probably not a portal: exception java.io.IOException: unexpected end of stream on Connection{connectivitycheck.gstatic.com:80, proxy=HTTP@/192.168.2.12:8080 hostAddress=192.168.2.12 cipherSuite=none protocol=http/1.1} (recycle count=0)
08-05 13:37:58.223  2324  2336 I art     : Explicit concurrent mark sweep GC freed 3(96B) AllocSpace objects, 0(0B) LOS objects, 35% free, 28MB/44MB, paused 657us total 19.709ms
08-05 13:37:58.223   918  3263 D ConnectivityService: NetworkAgentInfo [WIFI () - 159] validation failed
08-05 13:37:58.224   918  3261 E WifiConfigStore:  rewrite network history for "H369AA63323"WPA_PSK
08-05 13:37:58.231  2324  2336 I art     : Starting a blocking GC Explicit
08-05 13:37:58.252  2324  2336 I art     : Explicit concurrent mark sweep GC freed 3(96B) AllocSpace objects, 0(0B) LOS objects, 35% free, 28MB/44MB, paused 660us total 21.320ms
08-05 13:37:58.422   380   380 W SurfaceFlinger: couldn't log to binary event log: overflow.
08-05 13:37:58.513  2324  2904 I art     : Starting a blocking GC Explicit
08-05 13:37:58.537  2324  2904 I art     : Explicit concurrent mark sweep GC freed 1998(106KB) AllocSpace objects, 1(20KB) LOS objects, 35% free, 28MB/44MB, paused 869us total 24.144ms
08-05 13:37:58.545  2324  2904 I art     : Starting a blocking GC Explicit
08-05 13:37:58.564  2324  2904 I art     : Explicit concurrent mark sweep GC freed 2457(152KB) AllocSpace objects, 1(28KB) LOS objects, 36% free, 28MB/44MB, paused 628us total 19.627ms
08-05 13:37:58.571  2324  2904 I art     : Starting a blocking GC Explicit
08-05 13:37:58.591  2324  2904 I art     : Explicit concurrent mark sweep GC freed 3(96B) AllocSpace objects, 0(0B) LOS objects, 36% free, 28MB/44MB, paused 658us total 20.055ms
08-05 13:37:58.598  2324  2904 I art     : Starting a blocking GC Explicit
08-05 13:37:58.619  2324  2904 I art     : Explicit concurrent mark sweep GC freed 3(96B) AllocSpace objects, 0(0B) LOS objects, 36% free, 28MB/44MB, paused 610us total 20.250ms
08-05 13:37:58.625  2324  2904 I art     : Starting a blocking GC Explicit
08-05 13:37:58.647  2324  2904 I art     : Explicit concurrent mark sweep GC freed 3(96B) AllocSpace objects, 0(0B) LOS objects, 36% free, 28MB/44MB, paused 626us total 21.164ms
08-05 13:37:58.945  2324  2404 I art     : Starting a blocking GC Explicit
08-05 13:37:58.980  2324  2404 I art     : Explicit concurrent mark sweep GC freed 1374(82KB) AllocSpace objects, 1(20KB) LOS objects, 36% free, 28MB/44MB, paused 718us total 34.679ms
08-05 13:37:58.992  2324  2404 I art     : Starting a blocking GC Explicit
08-05 13:37:58.995 31645 31759 W FirebaseInstanceId: Token retrieval failed: SERVICE_NOT_AVAILABLE. Will retry token retrieval
08-05 13:37:59.014  2324  2404 I art     : Explicit concurrent mark sweep GC freed 23(752B) AllocSpace objects, 0(0B) LOS objects, 36% free, 28MB/44MB, paused 655us total 22.105ms
08-05 13:37:59.022  2324  2404 I art     : Starting a blocking GC Explicit
08-05 13:37:59.044  2324  2404 I art     : Explicit concurrent mark sweep GC freed 3(96B) AllocSpace objects, 0(0B) LOS objects, 36% free, 28MB/44MB, paused 620us total 22.486ms
08-05 13:37:59.052  2324  2404 I art     : Starting a blocking GC Explicit
08-05 13:37:59.073  2324  2404 I art     : Explicit concurrent mark sweep GC freed 3(96B) AllocSpace objects, 0(0B) LOS objects, 36% free, 28MB/44MB, paused 604us total 21.524ms
08-05 13:37:59.081  2324  2404 I art     : Starting a blocking GC Explicit
08-05 13:37:59.102  2324  2404 I art     : Explicit concurrent mark sweep GC freed 3(96B) AllocSpace objects, 0(0B) LOS objects, 36% free, 28MB/44MB, paused 616us total 21.272ms
08-05 13:37:59.383  2324  2337 I art     : Starting a blocking GC Explicit
08-05 13:37:59.407  2324  2337 I art     : Explicit concurrent mark sweep GC freed 1392(81KB) AllocSpace objects, 1(20KB) LOS objects, 36% free, 28MB/44MB, paused 764us total 23.563ms
08-05 13:37:59.414  2324  2337 I art     : Starting a blocking GC Explicit
08-05 13:37:59.436  2324  2337 I art     : Explicit concurrent mark sweep GC freed 33(1056B) AllocSpace objects, 0(0B) LOS objects, 36% free, 28MB/44MB, paused 644us total 21.935ms
08-05 13:37:59.443  2324  2337 I art     : Starting a blocking GC Explicit
08-05 13:37:59.464  2324  2337 I art     : Explicit concurrent mark sweep GC freed 3(96B) AllocSpace objects, 0(0B) LOS objects, 36% free, 28MB/44MB, paused 749us total 20.710ms
08-05 13:37:59.472  2324  2337 I art     : Starting a blocking GC Explicit
08-05 13:37:59.491  2324  2337 I art     : Explicit concurrent mark sweep GC freed 3(96B) AllocSpace objects, 0(0B) LOS objects, 36% free, 28MB/44MB, paused 611us total 19.080ms
08-05 13:37:59.498  2324  2337 I art     : Starting a blocking GC Explicit
08-05 13:37:59.517  2324  2337 I art     : Explicit concurrent mark sweep GC freed 3(96B) AllocSpace objects, 0(0B) LOS objects, 36% free, 28MB/44MB, paused 670us total 19.682ms
08-05 13:37:59.654  4389  4389 D AndroidRuntime: >>>>>> START com.android.internal.os.RuntimeInit uid 2000 <<<<<<
08-05 13:37:59.659  4389  4389 D AndroidRuntime: CheckJNI is OFF
08-05 13:37:59.691  4389  4389 D ICU     : No timezone override file found: /data/misc/zoneinfo/current/icu/icu_tzdata.dat
08-05 13:37:59.716  4389  4389 I Radio-JNI: register_android_hardware_Radio DONE
08-05 13:37:59.733  4389  4389 D AndroidRuntime: Calling main entry com.android.commands.input.Input
08-05 13:37:59.734  4389  4389 I Input   : injectKeyEvent: KeyEvent { action=ACTION_DOWN, keyCode=KEYCODE_BACK, scanCode=0, metaState=0, flags=0x0, repeatCount=0, eventTime=797896147, downTime=797896147, deviceId=-1, source=0x101 }
08-05 13:37:59.738  4389  4389 I Input   : injectKeyEvent: KeyEvent { action=ACTION_UP, keyCode=KEYCODE_BACK, scanCode=0, metaState=0, flags=0x0, repeatCount=0, eventTime=797896147, downTime=797896147, deviceId=-1, source=0x101 }
08-05 13:37:59.749 13866 13866 I GoogleInputMethodServic: GoogleInputMethodService.onFinishInput():3138 
08-05 13:37:59.749 13866 13866 I GoogleInputMethodServic: GoogleInputMethodService.onStartInput():1808 
08-05 13:37:59.752  4389  4389 D AndroidRuntime: Shutting down VM
08-05 13:37:59.782  2324  2336 I art     : Starting a blocking GC Explicit
08-05 13:37:59.803  2324  2336 I art     : Explicit concurrent mark sweep GC freed 2531(127KB) AllocSpace objects, 1(20KB) LOS objects, 36% free, 28MB/44MB, paused 660us total 20.955ms
08-05 13:37:59.811  2324  2336 I art     : Starting a blocking GC Explicit
08-05 13:37:59.833  2324  2336 I art     : Explicit concurrent mark sweep GC freed 2658(177KB) AllocSpace objects, 9(1540KB) LOS objects, 37% free, 26MB/42MB, paused 666us total 22.033ms
08-05 13:37:59.841  2324  2336 I art     : Starting a blocking GC Explicit
08-05 13:37:59.863  2324  2336 I art     : Explicit concurrent mark sweep GC freed 28(1216B) AllocSpace objects, 0(0B) LOS objects, 37% free, 26MB/42MB, paused 677us total 21.959ms
08-05 13:37:59.870  2324  2336 I art     : Starting a blocking GC Explicit
08-05 13:37:59.893  2324  2336 I art     : Explicit concurrent mark sweep GC freed 23(896B) AllocSpace objects, 0(0B) LOS objects, 37% free, 26MB/42MB, paused 667us total 22.019ms
08-05 13:37:59.900  2324  2336 I art     : Starting a blocking GC Explicit
08-05 13:37:59.922  2324  2336 I art     : Explicit concurrent mark sweep GC freed 3(96B) AllocSpace objects, 0(0B) LOS objects, 37% free, 26MB/42MB, paused 669us total 22.104ms
08-05 13:38:00.168  2324  2404 I art     : Starting a blocking GC Explicit
08-05 13:38:00.192  2324  2404 I art     : Explicit concurrent mark sweep GC freed 1373(81KB) AllocSpace objects, 1(20KB) LOS objects, 37% free, 26MB/42MB, paused 696us total 23.883ms
08-05 13:38:00.200  2324  2404 I art     : Starting a blocking GC Explicit
08-05 13:38:00.224  2324  2404 I art     : Explicit concurrent mark sweep GC freed 23(752B) AllocSpace objects, 0(0B) LOS objects, 37% free, 26MB/42MB, paused 674us total 23.204ms
08-05 13:38:00.225   918  1209 D NetworkMonitor/NetworkAgentInfo [WIFI () - 159]: Checking http://connectivitycheck.gstatic.com/generate_204 on "H369AA63323", 192.168.2.12=192.168.2.12
08-05 13:38:00.232  2324  2404 I art     : Starting a blocking GC Explicit
08-05 13:38:00.254  2324  2404 I art     : Explicit concurrent mark sweep GC freed 3(96B) AllocSpace objects, 0(0B) LOS objects, 37% free, 26MB/42MB, paused 662us total 22.012ms
08-05 13:38:00.262  2324  2404 I art     : Starting a blocking GC Explicit
08-05 13:38:00.284  2324  2404 I art     : Explicit concurrent mark sweep GC freed 3(96B) AllocSpace objects, 0(0B) LOS objects, 37% free, 26MB/42MB, paused 614us total 21.882ms
08-05 13:38:00.291  2324  2404 I art     : Starting a blocking GC Explicit
08-05 13:38:00.313  2324  2404 I art     : Explicit concurrent mark sweep GC freed 3(96B) AllocSpace objects, 0(0B) LOS objects, 37% free, 26MB/42MB, paused 631us total 21.153ms
08-05 13:38:00.364   918  1209 D NetworkMonitor/NetworkAgentInfo [WIFI () - 159]: Probably not a portal: exception java.io.IOException: unexpected end of stream on Connection{connectivitycheck.gstatic.com:80, proxy=HTTP@/192.168.2.12:8080 hostAddress=192.168.2.12 cipherSuite=none protocol=http/1.1} (recycle count=0)
08-05 13:38:00.365   918  3263 D ConnectivityService: NetworkAgentInfo [WIFI () - 159] validation failed
08-05 13:38:00.366   918  3261 E WifiConfigStore:  rewrite network history for "H369AA63323"WPA_PSK
08-05 13:38:00.603  2324  2337 I art     : Starting a blocking GC Explicit
08-05 13:38:00.633  2324  2337 I art     : Explicit concurrent mark sweep GC freed 1402(82KB) AllocSpace objects, 1(20KB) LOS objects, 37% free, 26MB/42MB, paused 778us total 29.653ms
08-05 13:38:00.642  2324  2337 I art     : Starting a blocking GC Explicit
08-05 13:38:00.665  2324  2337 I art     : Explicit concurrent mark sweep GC freed 23(752B) AllocSpace objects, 0(0B) LOS objects, 37% free, 26MB/42MB, paused 647us total 22.397ms
08-05 13:38:00.673  2324  2337 I art     : Starting a blocking GC Explicit
08-05 13:38:00.695  2324  2337 I art     : Explicit concurrent mark sweep GC freed 3(96B) AllocSpace objects, 0(0B) LOS objects, 37% free, 26MB/42MB, paused 632us total 21.706ms
08-05 13:38:00.702  2324  2337 I art     : Starting a blocking GC Explicit
08-05 13:38:00.723  2324  2337 I art     : Explicit concurrent mark sweep GC freed 3(96B) AllocSpace objects, 0(0B) LOS objects, 37% free, 26MB/42MB, paused 628us total 21.285ms
08-05 13:38:00.731  2324  2337 I art     : Starting a blocking GC Explicit
08-05 13:38:00.752  2324  2337 I art     : Explicit concurrent mark sweep GC freed 3(96B) AllocSpace objects, 0(0B) LOS objects, 37% free, 26MB/42MB, paused 628us total 20.880ms
08-05 13:38:00.780   518   646 I ThermalEngine: ACTION: GPU - Setting GPU[0] to 510000000
08-05 13:38:01.037  2324  2904 I art     : Starting a blocking GC Explicit
08-05 13:38:01.064  2324  2904 I art     : Explicit concurrent mark sweep GC freed 1372(82KB) AllocSpace objects, 1(20KB) LOS objects, 37% free, 26MB/42MB, paused 866us total 27.472ms
08-05 13:38:01.074  2324  2904 I art     : Starting a blocking GC Explicit
08-05 13:38:01.100  2324  2904 I art     : Explicit concurrent mark sweep GC freed 23(752B) AllocSpace objects, 0(0B) LOS objects, 37% free, 26MB/42MB, paused 864us total 26.147ms
08-05 13:38:01.110  2324  2904 I art     : Starting a blocking GC Explicit
08-05 13:38:01.136  2324  2904 I art     : Explicit concurrent mark sweep GC freed 3(96B) AllocSpace objects, 0(0B) LOS objects, 37% free, 26MB/42MB, paused 976us total 26.079ms
08-05 13:38:01.145  2324  2904 I art     : Starting a blocking GC Explicit
08-05 13:38:01.171  2324  2904 I art     : Explicit concurrent mark sweep GC freed 3(96B) AllocSpace objects, 0(0B) LOS objects, 37% free, 26MB/42MB, paused 868us total 25.543ms
08-05 13:38:01.180  2324  2904 I art     : Starting a blocking GC Explicit
08-05 13:38:01.206  2324  2904 I art     : Explicit concurrent mark sweep GC freed 3(96B) AllocSpace objects, 0(0B) LOS objects, 37% free, 26MB/42MB, paused 866us total 25.465ms
08-05 13:38:01.400  4447  4447 D AndroidRuntime: >>>>>> START com.android.internal.os.RuntimeInit uid 2000 <<<<<<
08-05 13:38:01.405  4447  4447 D AndroidRuntime: CheckJNI is OFF
08-05 13:38:01.437  4447  4447 D ICU     : No timezone override file found: /data/misc/zoneinfo/current/icu/icu_tzdata.dat
08-05 13:38:01.468  4447  4447 I Radio-JNI: register_android_hardware_Radio DONE
08-05 13:38:01.489  4447  4447 D AndroidRuntime: Calling main entry com.android.commands.input.Input
08-05 13:38:01.491  4447  4447 I Input   : injectMotionEvent: MotionEvent { action=ACTION_DOWN, actionButton=0, id[0]=0, x[0]=567.0, y[0]=714.0, toolType[0]=TOOL_TYPE_UNKNOWN, buttonState=0, metaState=0, flags=0x0, edgeFlags=0x0, pointerCount=1, historySize=0, eventTime=797897904, downTime=797897904, deviceId=0, source=0x1002 }
08-05 13:38:01.495  4447  4447 I Input   : injectMotionEvent: MotionEvent { action=ACTION_UP, actionButton=0, id[0]=0, x[0]=567.0, y[0]=714.0, toolType[0]=TOOL_TYPE_UNKNOWN, buttonState=0, metaState=0, flags=0x0, edgeFlags=0x0, pointerCount=1, historySize=0, eventTime=797897904, downTime=797897904, deviceId=0, source=0x1002 }
08-05 13:38:01.497  4447  4447 D AndroidRuntime: Shutting down VM
08-05 13:38:01.500  2324  2336 I art     : Starting a blocking GC Explicit
08-05 13:38:01.513   512  2967 D audio_hw_primary: out_set_parameters: enter: usecase(1: low-latency-playback) kvpairs: routing=2
08-05 13:38:01.526  2324  2336 I art     : Explicit concurrent mark sweep GC freed 1474(84KB) AllocSpace objects, 1(20KB) LOS objects, 37% free, 26MB/42MB, paused 801us total 25.659ms
08-05 13:38:01.526   512  2967 D audio_hw_primary: select_devices: out_snd_device(2: speaker) in_snd_device(0: none)
08-05 13:38:01.526   512  2967 D msm8974_platform: platform_send_audio_calibration: sending audio calibration for snd_device(2) acdb_id(15)
08-05 13:38:01.526   512  2967 I soundtrigger: audio_extn_sound_trigger_update_device_status: device 0x2 of type 0 for Event 1
08-05 13:38:01.535  2324  2336 I art     : Starting a blocking GC Explicit
08-05 13:38:01.537   512  2967 D audio_hw_primary: enable_snd_device: snd_device(2: speaker)
08-05 13:38:01.539   512  2967 D audio_hw_primary: enable_audio_route: apply and update mixer path: low-latency-playback speaker
08-05 13:38:01.563  2324  2336 I art     : Explicit concurrent mark sweep GC freed 2047(81KB) AllocSpace objects, 0(0B) LOS objects, 37% free, 27MB/43MB, paused 1.224ms total 27.543ms
08-05 13:38:01.573  2324  2336 I art     : Starting a blocking GC Explicit
08-05 13:38:01.596  2324  2336 I art     : Explicit concurrent mark sweep GC freed 1646(82KB) AllocSpace objects, 1(220KB) LOS objects, 37% free, 26MB/42MB, paused 791us total 23.680ms
08-05 13:38:01.605  2324  2336 I art     : Starting a blocking GC Explicit
08-05 13:38:01.629  2324  2336 I art     : Explicit concurrent mark sweep GC freed 51(2368B) AllocSpace objects, 0(0B) LOS objects, 37% free, 26MB/42MB, paused 1.025ms total 24.518ms
08-05 13:38:01.638  2324  2336 I art     : Starting a blocking GC Explicit
08-05 13:38:01.663  2324  2336 I art     : Explicit concurrent mark sweep GC freed 22(864B) AllocSpace objects, 0(0B) LOS objects, 37% free, 26MB/42MB, paused 973us total 25.019ms
08-05 13:38:01.709  2324  2344 I NAPPA_EXPERIMENTATION: MetricNetworkRequestExecutionTime: REQUEST_DURATION_SYSTEM='174',REQUEST_DURATION_OKHTTP='174',REQUEST_SYNCHRONOUS='TRUE',RESPONSE_CODE='400',RESPONSE_METHOD='GET',RESPONSE_LENGTH_OKHTTP='0',RESPONSE_LENGTH_HEADER='0',REQUEST_PROTOCOL='h2',REQUEST_URL='https://itunes.apple.com/en/rss/toppodcasts/limit=25/explicit=true/json',
08-05 13:38:01.859  2324  2344 I NAPPA_EXPERIMENTATION: MetricNetworkRequestExecutionTime: REQUEST_DURATION_SYSTEM='149',REQUEST_DURATION_OKHTTP='147',REQUEST_SYNCHRONOUS='TRUE',RESPONSE_CODE='200',RESPONSE_METHOD='GET',RESPONSE_LENGTH_OKHTTP='-1',RESPONSE_LENGTH_HEADER='10075',REQUEST_PROTOCOL='h2',REQUEST_URL='https://itunes.apple.com/us/rss/toppodcasts/limit=25/explicit=true/json',
08-05 13:38:01.912  2324  3118 D ApOkHttpUrlLoader: buildLoadData() called with: model = [https://is4-ssl.mzstatic.com/image/thumb/Podcasts114/v4/3f/16/74/3f167426-bf50-ce3a-d709-e4301620fc5b/mza_5832671293059882550.jpeg/170x170bb.png], width = [224], height = [224]
08-05 13:38:01.913  2324  3121 D DBReader: getImageAuthentication() called with: imageUrl = [https://is4-ssl.mzstatic.com/image/thumb/Podcasts114/v4/3f/16/74/3f167426-bf50-ce3a-d709-e4301620fc5b/mza_5832671293059882550.jpeg/170x170bb.png]
08-05 13:38:01.916  2324  3116 D ApOkHttpUrlLoader: buildLoadData() called with: model = [https://is4-ssl.mzstatic.com/image/thumb/Podcasts113/v4/e5/8a/10/e58a108f-f5d0-f622-c94a-13f66edd570c/mza_3025981348644196724.jpg/170x170bb.png], width = [224], height = [224]
08-05 13:38:01.917  2324  3121 D ApOkHttpUrlLoader: no credentials for 'https://is4-ssl.mzstatic.com/image/thumb/Podcasts114/v4/3f/16/74/3f167426-bf50-ce3a-d709-e4301620fc5b/mza_5832671293059882550.jpeg/170x170bb.png'
08-05 13:38:01.917  2324  3117 D DBReader: getImageAuthentication() called with: imageUrl = [https://is4-ssl.mzstatic.com/image/thumb/Podcasts113/v4/e5/8a/10/e58a108f-f5d0-f622-c94a-13f66edd570c/mza_3025981348644196724.jpg/170x170bb.png]
08-05 13:38:01.920  2324  3117 D ApOkHttpUrlLoader: no credentials for 'https://is4-ssl.mzstatic.com/image/thumb/Podcasts113/v4/e5/8a/10/e58a108f-f5d0-f622-c94a-13f66edd570c/mza_3025981348644196724.jpg/170x170bb.png'
08-05 13:38:01.921  2324  3120 D ApOkHttpUrlLoader: buildLoadData() called with: model = [https://is2-ssl.mzstatic.com/image/thumb/Podcasts113/v4/a9/39/cc/a939ccc5-6d60-0c11-0a4c-16d71cdef89b/mza_8787577209688278658.jpg/170x170bb.png], width = [224], height = [224]
08-05 13:38:01.921  2324  3114 D ApOkHttpUrlLoader: buildLoadData() called with: model = [https://is5-ssl.mzstatic.com/image/thumb/Podcasts114/v4/93/cf/99/93cf9960-fff3-205e-6655-72c03ddeccb2/mza_10545582232493904175.jpeg/170x170bb.png], width = [224], height = [224]
08-05 13:38:01.922  2324  3124 D DBReader: getImageAuthentication() called with: imageUrl = [https://is2-ssl.mzstatic.com/image/thumb/Podcasts113/v4/a9/39/cc/a939ccc5-6d60-0c11-0a4c-16d71cdef89b/mza_8787577209688278658.jpg/170x170bb.png]
08-05 13:38:01.922  2324  3123 D DBReader: getImageAuthentication() called with: imageUrl = [https://is5-ssl.mzstatic.com/image/thumb/Podcasts114/v4/93/cf/99/93cf9960-fff3-205e-6655-72c03ddeccb2/mza_10545582232493904175.jpeg/170x170bb.png]
08-05 13:38:01.924  2324  3118 D ApOkHttpUrlLoader: buildLoadData() called with: model = [https://is4-ssl.mzstatic.com/image/thumb/Podcasts124/v4/49/a4/91/49a491b7-3daf-c5dc-d7c6-6c4f1486955c/mza_5930014091766152297.png/170x170bb.png], width = [224], height = [224]
08-05 13:38:01.926  2324  3119 D DBReader: getImageAuthentication() called with: imageUrl = [https://is4-ssl.mzstatic.com/image/thumb/Podcasts124/v4/49/a4/91/49a491b7-3daf-c5dc-d7c6-6c4f1486955c/mza_5930014091766152297.png/170x170bb.png]
08-05 13:38:01.926  2324  3124 D ApOkHttpUrlLoader: no credentials for 'https://is2-ssl.mzstatic.com/image/thumb/Podcasts113/v4/a9/39/cc/a939ccc5-6d60-0c11-0a4c-16d71cdef89b/mza_8787577209688278658.jpg/170x170bb.png'
08-05 13:38:01.927  2324  3123 D ApOkHttpUrlLoader: no credentials for 'https://is5-ssl.mzstatic.com/image/thumb/Podcasts114/v4/93/cf/99/93cf9960-fff3-205e-6655-72c03ddeccb2/mza_10545582232493904175.jpeg/170x170bb.png'
08-05 13:38:01.927  2324  3116 D ApOkHttpUrlLoader: buildLoadData() called with: model = [https://is5-ssl.mzstatic.com/image/thumb/Podcasts113/v4/fd/54/6e/fd546ea0-7ab2-e3f0-6049-884d82917af9/mza_4855349695799758348.jpeg/170x170bb.png], width = [224], height = [224]
08-05 13:38:01.929  2324  3115 D DBReader: getImageAuthentication() called with: imageUrl = [https://is5-ssl.mzstatic.com/image/thumb/Podcasts113/v4/fd/54/6e/fd546ea0-7ab2-e3f0-6049-884d82917af9/mza_4855349695799758348.jpeg/170x170bb.png]
08-05 13:38:01.930  2324  3120 D ApOkHttpUrlLoader: buildLoadData() called with: model = [https://is2-ssl.mzstatic.com/image/thumb/Podcasts114/v4/b3/4c/cf/b34ccfc2-cea4-1ca1-0fad-7793af301cc5/mza_2466085192629456364.jpg/170x170bb.png], width = [224], height = [224]
08-05 13:38:01.931  2324  3119 D ApOkHttpUrlLoader: no credentials for 'https://is4-ssl.mzstatic.com/image/thumb/Podcasts124/v4/49/a4/91/49a491b7-3daf-c5dc-d7c6-6c4f1486955c/mza_5930014091766152297.png/170x170bb.png'
08-05 13:38:01.932  2324  3122 D DBReader: getImageAuthentication() called with: imageUrl = [https://is2-ssl.mzstatic.com/image/thumb/Podcasts114/v4/b3/4c/cf/b34ccfc2-cea4-1ca1-0fad-7793af301cc5/mza_2466085192629456364.jpg/170x170bb.png]
08-05 13:38:01.934  2324  3115 D ApOkHttpUrlLoader: no credentials for 'https://is5-ssl.mzstatic.com/image/thumb/Podcasts113/v4/fd/54/6e/fd546ea0-7ab2-e3f0-6049-884d82917af9/mza_4855349695799758348.jpeg/170x170bb.png'
08-05 13:38:01.935  2324  2404 I art     : Starting a blocking GC Explicit
08-05 13:38:01.937  2324  3122 D ApOkHttpUrlLoader: no credentials for 'https://is2-ssl.mzstatic.com/image/thumb/Podcasts114/v4/b3/4c/cf/b34ccfc2-cea4-1ca1-0fad-7793af301cc5/mza_2466085192629456364.jpg/170x170bb.png'
08-05 13:38:01.965  2324  2404 I art     : Explicit concurrent mark sweep GC freed 12594(741KB) AllocSpace objects, 5(372KB) LOS objects, 37% free, 27MB/43MB, paused 1.115ms total 29.603ms
08-05 13:38:01.973  2324  2404 I art     : Starting a blocking GC Explicit
08-05 13:38:01.996   918  1210 D NetlinkSocketObserver: NeighborEvent{elapsedMs=1781285871, 192.168.2.254, [7C3953A63323], RTM_NEWNEIGH, NUD_REACHABLE}
08-05 13:38:01.999  2324  2404 I art     : Explicit concurrent mark sweep GC freed 584(34KB) AllocSpace objects, 0(0B) LOS objects, 37% free, 27MB/43MB, paused 1.126ms total 25.631ms
08-05 13:38:02.008  2324  2404 I art     : Starting a blocking GC Explicit
08-05 13:38:02.035  2324  2404 I art     : Explicit concurrent mark sweep GC freed 41(2128B) AllocSpace objects, 0(0B) LOS objects, 37% free, 27MB/43MB, paused 1.085ms total 26.554ms
08-05 13:38:02.044  2324  2404 I art     : Starting a blocking GC Explicit
08-05 13:38:02.073  2324  2404 I art     : Explicit concurrent mark sweep GC freed 2693(115KB) AllocSpace objects, 0(0B) LOS objects, 37% free, 27MB/43MB, paused 1.104ms total 28.644ms
08-05 13:38:02.080   512  2967 D audio_hw_primary: disable_audio_route: reset and update mixer path: low-latency-playback speaker
08-05 13:38:02.081   512  2967 D audio_hw_primary: disable_snd_device: snd_device(2: speaker)
08-05 13:38:02.082  2324  2404 I art     : Starting a blocking GC Explicit
08-05 13:38:02.089   512  2967 I soundtrigger: audio_extn_sound_trigger_update_device_status: device 0x2 of type 0 for Event 0
08-05 13:38:02.110  2324  2404 I art     : Explicit concurrent mark sweep GC freed 1162(51KB) AllocSpace objects, 0(0B) LOS objects, 37% free, 27MB/43MB, paused 1.170ms total 27.710ms
08-05 13:38:02.294  2324  3121 D MYTAG   : interceptor 2a
08-05 13:38:02.294  2324  3121 I NAPPA_EXPERIMENTATION: MetricNetworkRequestExecutionTime: REQUEST_DURATION_SYSTEM='376',REQUEST_DURATION_OKHTTP='202',REQUEST_SYNCHRONOUS='TRUE',RESPONSE_CODE='200',RESPONSE_METHOD='GET',RESPONSE_LENGTH_OKHTTP='26177',RESPONSE_LENGTH_HEADER='26177',REQUEST_PROTOCOL='h2',REQUEST_URL='https://is4-ssl.mzstatic.com/image/thumb/Podcasts114/v4/3f/16/74/3f167426-bf50-ce3a-d709-e4301620fc5b/mza_5832671293059882550.jpeg/170x170bb.png',
08-05 13:38:02.368  2324  3122 D MYTAG   : interceptor 2a
08-05 13:38:02.368  2324  3122 I NAPPA_EXPERIMENTATION: MetricNetworkRequestExecutionTime: REQUEST_DURATION_SYSTEM='431',REQUEST_DURATION_OKHTTP='206',REQUEST_SYNCHRONOUS='TRUE',RESPONSE_CODE='200',RESPONSE_METHOD='GET',RESPONSE_LENGTH_OKHTTP='42299',RESPONSE_LENGTH_HEADER='42299',REQUEST_PROTOCOL='h2',REQUEST_URL='https://is2-ssl.mzstatic.com/image/thumb/Podcasts114/v4/b3/4c/cf/b34ccfc2-cea4-1ca1-0fad-7793af301cc5/mza_2466085192629456364.jpg/170x170bb.png',
08-05 13:38:02.373  2324  2336 I art     : Starting a blocking GC Explicit
08-05 13:38:02.403  2324  2336 I art     : Explicit concurrent mark sweep GC freed 24339(1212KB) AllocSpace objects, 1(20KB) LOS objects, 36% free, 27MB/43MB, paused 1.135ms total 29.904ms
08-05 13:38:02.407  2324  3117 D MYTAG   : interceptor 2a
08-05 13:38:02.408  2324  3117 I NAPPA_EXPERIMENTATION: MetricNetworkRequestExecutionTime: REQUEST_DURATION_SYSTEM='487',REQUEST_DURATION_OKHTTP='241',REQUEST_SYNCHRONOUS='TRUE',RESPONSE_CODE='200',RESPONSE_METHOD='GET',RESPONSE_LENGTH_OKHTTP='45995',RESPONSE_LENGTH_HEADER='45995',REQUEST_PROTOCOL='h2',REQUEST_URL='https://is4-ssl.mzstatic.com/image/thumb/Podcasts113/v4/e5/8a/10/e58a108f-f5d0-f622-c94a-13f66edd570c/mza_3025981348644196724.jpg/170x170bb.png',
08-05 13:38:02.412  2324  3124 D MYTAG   : interceptor 2a
08-05 13:38:02.412  2324  3124 I NAPPA_EXPERIMENTATION: MetricNetworkRequestExecutionTime: REQUEST_DURATION_SYSTEM='486',REQUEST_DURATION_OKHTTP='227',REQUEST_SYNCHRONOUS='TRUE',RESPONSE_CODE='200',RESPONSE_METHOD='GET',RESPONSE_LENGTH_OKHTTP='48239',RESPONSE_LENGTH_HEADER='48239',REQUEST_PROTOCOL='h2',REQUEST_URL='https://is2-ssl.mzstatic.com/image/thumb/Podcasts113/v4/a9/39/cc/a939ccc5-6d60-0c11-0a4c-16d71cdef89b/mza_8787577209688278658.jpg/170x170bb.png',
08-05 13:38:02.413  2324  2336 I art     : Starting a blocking GC Explicit
08-05 13:38:02.439  2324  2336 I art     : Explicit concurrent mark sweep GC freed 1370(69KB) AllocSpace objects, 0(0B) LOS objects, 36% free, 27MB/43MB, paused 1.123ms total 25.681ms
08-05 13:38:02.448  2324  2336 I art     : Starting a blocking GC Explicit
08-05 13:38:02.451  2324  3119 D MYTAG   : interceptor 2a
08-05 13:38:02.452  2324  3119 I NAPPA_EXPERIMENTATION: MetricNetworkRequestExecutionTime: REQUEST_DURATION_SYSTEM='520',REQUEST_DURATION_OKHTTP='267',REQUEST_SYNCHRONOUS='TRUE',RESPONSE_CODE='200',RESPONSE_METHOD='GET',RESPONSE_LENGTH_OKHTTP='12000',RESPONSE_LENGTH_HEADER='12000',REQUEST_PROTOCOL='h2',REQUEST_URL='https://is4-ssl.mzstatic.com/image/thumb/Podcasts124/v4/49/a4/91/49a491b7-3daf-c5dc-d7c6-6c4f1486955c/mza_5930014091766152297.png/170x170bb.png',
08-05 13:38:02.455  2324  3123 D MYTAG   : interceptor 2a
08-05 13:38:02.456  2324  3123 I NAPPA_EXPERIMENTATION: MetricNetworkRequestExecutionTime: REQUEST_DURATION_SYSTEM='528',REQUEST_DURATION_OKHTTP='281',REQUEST_SYNCHRONOUS='TRUE',RESPONSE_CODE='200',RESPONSE_METHOD='GET',RESPONSE_LENGTH_OKHTTP='22351',RESPONSE_LENGTH_HEADER='22351',REQUEST_PROTOCOL='h2',REQUEST_URL='https://is5-ssl.mzstatic.com/image/thumb/Podcasts114/v4/93/cf/99/93cf9960-fff3-205e-6655-72c03ddeccb2/mza_10545582232493904175.jpeg/170x170bb.png',
08-05 13:38:02.473  2324  2336 I art     : Explicit concurrent mark sweep GC freed 763(51KB) AllocSpace objects, 0(0B) LOS objects, 36% free, 28MB/44MB, paused 1.022ms total 24.776ms
08-05 13:38:02.479  2324  3115 D MYTAG   : interceptor 2a
08-05 13:38:02.480  2324  3115 I NAPPA_EXPERIMENTATION: MetricNetworkRequestExecutionTime: REQUEST_DURATION_SYSTEM='545',REQUEST_DURATION_OKHTTP='299',REQUEST_SYNCHRONOUS='TRUE',RESPONSE_CODE='200',RESPONSE_METHOD='GET',RESPONSE_LENGTH_OKHTTP='54835',RESPONSE_LENGTH_HEADER='54835',REQUEST_PROTOCOL='h2',REQUEST_URL='https://is5-ssl.mzstatic.com/image/thumb/Podcasts113/v4/fd/54/6e/fd546ea0-7ab2-e3f0-6049-884d82917af9/mza_4855349695799758348.jpeg/170x170bb.png',
08-05 13:38:02.481  2324  2336 I art     : Starting a blocking GC Explicit
08-05 13:38:02.506  2324  2336 I art     : Explicit concurrent mark sweep GC freed 950(48KB) AllocSpace objects, 0(0B) LOS objects, 36% free, 28MB/44MB, paused 950us total 24.384ms
08-05 13:38:02.515  2324  2336 I art     : Starting a blocking GC Explicit
08-05 13:38:02.538  2324  2336 I art     : Explicit concurrent mark sweep GC freed 273(11KB) AllocSpace objects, 0(0B) LOS objects, 36% free, 28MB/44MB, paused 872us total 23.369ms
08-05 13:38:02.828  2324  2904 I art     : Starting a blocking GC Explicit
08-05 13:38:02.856  2324  2904 I art     : Explicit concurrent mark sweep GC freed 1382(81KB) AllocSpace objects, 1(20KB) LOS objects, 36% free, 28MB/44MB, paused 926us total 27.820ms
08-05 13:38:02.865  2324  2904 I art     : Starting a blocking GC Explicit
08-05 13:38:02.893  2324  2904 I art     : Explicit concurrent mark sweep GC freed 23(752B) AllocSpace objects, 0(0B) LOS objects, 36% free, 28MB/44MB, paused 1.062ms total 27.001ms
08-05 13:38:02.902  2324  2904 I art     : Starting a blocking GC Explicit
08-05 13:38:02.929  2324  2904 I art     : Explicit concurrent mark sweep GC freed 3(96B) AllocSpace objects, 0(0B) LOS objects, 36% free, 28MB/44MB, paused 933us total 27.357ms
08-05 13:38:02.939  2324  2904 I art     : Starting a blocking GC Explicit
08-05 13:38:02.967  2324  2904 I art     : Explicit concurrent mark sweep GC freed 3(96B) AllocSpace objects, 0(0B) LOS objects, 36% free, 28MB/44MB, paused 1.034ms total 27.982ms
08-05 13:38:02.976  2324  2904 I art     : Starting a blocking GC Explicit
08-05 13:38:03.005  2324  2904 I art     : Explicit concurrent mark sweep GC freed 3(96B) AllocSpace objects, 0(0B) LOS objects, 36% free, 28MB/44MB, paused 1.012ms total 28.151ms
08-05 13:38:03.328  2324  2337 I art     : Starting a blocking GC Explicit
08-05 13:38:03.365  2324  2337 I art     : Explicit concurrent mark sweep GC freed 1373(81KB) AllocSpace objects, 1(20KB) LOS objects, 36% free, 28MB/44MB, paused 1.034ms total 35.897ms
08-05 13:38:03.376  2324  2337 I art     : Starting a blocking GC Explicit
08-05 13:38:03.405  2324  2337 I art     : Explicit concurrent mark sweep GC freed 23(752B) AllocSpace objects, 0(0B) LOS objects, 36% free, 28MB/44MB, paused 960us total 28.866ms
08-05 13:38:03.415  2324  2337 I art     : Starting a blocking GC Explicit
08-05 13:38:03.444  2324  2337 I art     : Explicit concurrent mark sweep GC freed 32(880B) AllocSpace objects, 0(0B) LOS objects, 36% free, 28MB/44MB, paused 953us total 28.887ms
08-05 13:38:03.454  2324  2337 I art     : Starting a blocking GC Explicit
08-05 13:38:03.482  2324  2337 I art     : Explicit concurrent mark sweep GC freed 3(96B) AllocSpace objects, 0(0B) LOS objects, 36% free, 28MB/44MB, paused 959us total 28.385ms
08-05 13:38:03.492  2324  2337 I art     : Starting a blocking GC Explicit
08-05 13:38:03.520  2324  2337 I art     : Explicit concurrent mark sweep GC freed 4(128B) AllocSpace objects, 0(0B) LOS objects, 36% free, 28MB/44MB, paused 936us total 27.869ms
08-05 13:38:03.877  2324  2337 I art     : Starting a blocking GC Explicit
08-05 13:38:03.910  2324  2337 I art     : Explicit concurrent mark sweep GC freed 1402(82KB) AllocSpace objects, 1(20KB) LOS objects, 36% free, 28MB/44MB, paused 1.017ms total 32.889ms
08-05 13:38:03.920  2324  2337 I art     : Starting a blocking GC Explicit
08-05 13:38:03.946  2324  2337 I art     : Explicit concurrent mark sweep GC freed 23(752B) AllocSpace objects, 0(0B) LOS objects, 36% free, 28MB/44MB, paused 926us total 26.422ms
08-05 13:38:03.955  2324  2337 I art     : Starting a blocking GC Explicit
08-05 13:38:03.983  2324  2337 I art     : Explicit concurrent mark sweep GC freed 3(96B) AllocSpace objects, 0(0B) LOS objects, 36% free, 28MB/44MB, paused 917us total 26.976ms
08-05 13:38:03.992  2324  2337 I art     : Starting a blocking GC Explicit
08-05 13:38:04.020  2324  2337 I art     : Explicit concurrent mark sweep GC freed 3(96B) AllocSpace objects, 0(0B) LOS objects, 36% free, 28MB/44MB, paused 1.147ms total 28.643ms
08-05 13:38:04.030  2324  2337 I art     : Starting a blocking GC Explicit
08-05 13:38:04.058  2324  2337 I art     : Explicit concurrent mark sweep GC freed 3(96B) AllocSpace objects, 0(0B) LOS objects, 36% free, 28MB/44MB, paused 987us total 28.139ms
08-05 13:38:04.366   918  1209 D NetworkMonitor/NetworkAgentInfo [WIFI () - 159]: Checking http://connectivitycheck.gstatic.com/generate_204 on "H369AA63323", 192.168.2.12=192.168.2.12
08-05 13:38:04.382  2324  2404 I art     : Starting a blocking GC Explicit
08-05 13:38:04.417  2324  2404 I art     : Explicit concurrent mark sweep GC freed 1403(83KB) AllocSpace objects, 1(20KB) LOS objects, 36% free, 28MB/44MB, paused 985us total 35.443ms
08-05 13:38:04.428  2324  2404 I art     : Starting a blocking GC Explicit
08-05 13:38:04.457  2324  2404 I art     : Explicit concurrent mark sweep GC freed 23(752B) AllocSpace objects, 0(0B) LOS objects, 36% free, 28MB/44MB, paused 1.037ms total 29.037ms
08-05 13:38:04.467  2324  2404 I art     : Starting a blocking GC Explicit
08-05 13:38:04.468   918  1209 D NetworkMonitor/NetworkAgentInfo [WIFI () - 159]: Probably not a portal: exception java.io.IOException: unexpected end of stream on Connection{connectivitycheck.gstatic.com:80, proxy=HTTP@/192.168.2.12:8080 hostAddress=192.168.2.12 cipherSuite=none protocol=http/1.1} (recycle count=0)
08-05 13:38:04.469   918  3263 D ConnectivityService: NetworkAgentInfo [WIFI () - 159] validation failed
08-05 13:38:04.471   918  3261 E WifiConfigStore:  rewrite network history for "H369AA63323"WPA_PSK
08-05 13:38:04.496  2324  2404 I art     : Explicit concurrent mark sweep GC freed 3(96B) AllocSpace objects, 0(0B) LOS objects, 36% free, 28MB/44MB, paused 945us total 28.225ms
08-05 13:38:04.506  2324  2404 I art     : Starting a blocking GC Explicit
08-05 13:38:04.534  2324  2404 I art     : Explicit concurrent mark sweep GC freed 3(96B) AllocSpace objects, 0(0B) LOS objects, 36% free, 28MB/44MB, paused 925us total 27.568ms
08-05 13:38:04.543  2324  2404 I art     : Starting a blocking GC Explicit
08-05 13:38:04.571  2324  2404 I art     : Explicit concurrent mark sweep GC freed 3(96B) AllocSpace objects, 0(0B) LOS objects, 36% free, 28MB/44MB, paused 1.069ms total 27.885ms
08-05 13:38:04.909  2324  2904 I art     : Starting a blocking GC Explicit
08-05 13:38:04.952  2324  2904 I art     : Explicit concurrent mark sweep GC freed 1374(82KB) AllocSpace objects, 1(20KB) LOS objects, 36% free, 28MB/44MB, paused 998us total 42.136ms
08-05 13:38:04.965  2324  2904 I art     : Starting a blocking GC Explicit
08-05 13:38:04.997  2324  2904 I art     : Explicit concurrent mark sweep GC freed 23(752B) AllocSpace objects, 0(0B) LOS objects, 36% free, 28MB/44MB, paused 1.028ms total 32.573ms
08-05 13:38:05.007  2324  2904 I art     : Starting a blocking GC Explicit
08-05 13:38:05.036  2324  2904 I art     : Explicit concurrent mark sweep GC freed 3(96B) AllocSpace objects, 0(0B) LOS objects, 36% free, 28MB/44MB, paused 968us total 28.473ms
08-05 13:38:05.045  2324  2904 I art     : Starting a blocking GC Explicit
08-05 13:38:05.074  2324  2904 I art     : Explicit concurrent mark sweep GC freed 3(96B) AllocSpace objects, 0(0B) LOS objects, 36% free, 28MB/44MB, paused 942us total 28.046ms
08-05 13:38:05.083  2324  2904 I art     : Starting a blocking GC Explicit
08-05 13:38:05.111  2324  2904 I art     : Explicit concurrent mark sweep GC freed 3(96B) AllocSpace objects, 0(0B) LOS objects, 36% free, 28MB/44MB, paused 942us total 27.963ms
08-05 13:38:05.454  2324  2336 I art     : Starting a blocking GC Explicit
08-05 13:38:05.493  2324  2336 I art     : Explicit concurrent mark sweep GC freed 1402(82KB) AllocSpace objects, 1(20KB) LOS objects, 36% free, 28MB/44MB, paused 990us total 38.584ms
08-05 13:38:05.506  2324  2336 I art     : Starting a blocking GC Explicit
08-05 13:38:05.535  2324  2336 I art     : Explicit concurrent mark sweep GC freed 23(752B) AllocSpace objects, 0(0B) LOS objects, 36% free, 28MB/44MB, paused 942us total 28.468ms
08-05 13:38:05.544  2324  2336 I art     : Starting a blocking GC Explicit
08-05 13:38:05.572  2324  2336 I art     : Explicit concurrent mark sweep GC freed 3(96B) AllocSpace objects, 0(0B) LOS objects, 36% free, 28MB/44MB, paused 934us total 27.047ms
08-05 13:38:05.581  2324  2336 I art     : Starting a blocking GC Explicit
08-05 13:38:05.609  2324  2336 I art     : Explicit concurrent mark sweep GC freed 3(96B) AllocSpace objects, 0(0B) LOS objects, 36% free, 28MB/44MB, paused 946us total 27.814ms
08-05 13:38:05.619  2324  2336 I art     : Starting a blocking GC Explicit
08-05 13:38:05.646  2324  2336 I art     : Explicit concurrent mark sweep GC freed 3(96B) AllocSpace objects, 0(0B) LOS objects, 36% free, 28MB/44MB, paused 865us total 27.638ms
08-05 13:38:05.969  2324  2337 I art     : Starting a blocking GC Explicit
08-05 13:38:06.008  2324  2337 I art     : Explicit concurrent mark sweep GC freed 1372(80KB) AllocSpace objects, 1(20KB) LOS objects, 36% free, 28MB/44MB, paused 1.242ms total 37.577ms
08-05 13:38:06.019  2324  2337 I art     : Starting a blocking GC Explicit
08-05 13:38:06.049  2324  2337 I art     : Explicit concurrent mark sweep GC freed 23(752B) AllocSpace objects, 0(0B) LOS objects, 36% free, 28MB/44MB, paused 1.001ms total 28.818ms
08-05 13:38:06.058  2324  2337 I art     : Starting a blocking GC Explicit
08-05 13:38:06.087  2324  2337 I art     : Explicit concurrent mark sweep GC freed 3(96B) AllocSpace objects, 0(0B) LOS objects, 36% free, 28MB/44MB, paused 1.067ms total 28.362ms
08-05 13:38:06.096  2324  2337 I art     : Starting a blocking GC Explicit
08-05 13:38:06.124  2324  2337 I art     : Explicit concurrent mark sweep GC freed 3(96B) AllocSpace objects, 0(0B) LOS objects, 36% free, 28MB/44MB, paused 955us total 27.947ms
08-05 13:38:06.134  2324  2337 I art     : Starting a blocking GC Explicit
08-05 13:38:06.162  2324  2337 I art     : Explicit concurrent mark sweep GC freed 3(96B) AllocSpace objects, 0(0B) LOS objects, 36% free, 28MB/44MB, paused 950us total 28.239ms
08-05 13:38:06.479  2324  2404 I art     : Starting a blocking GC Explicit
08-05 13:38:06.517  2324  2404 I art     : Explicit concurrent mark sweep GC freed 1401(81KB) AllocSpace objects, 1(20KB) LOS objects, 36% free, 28MB/44MB, paused 997us total 37.797ms
08-05 13:38:06.529  2324  2404 I art     : Starting a blocking GC Explicit
08-05 13:38:06.557  2324  2404 I art     : Explicit concurrent mark sweep GC freed 23(752B) AllocSpace objects, 0(0B) LOS objects, 36% free, 28MB/44MB, paused 1.073ms total 27.815ms
08-05 13:38:06.567  2324  2404 I art     : Starting a blocking GC Explicit
08-05 13:38:06.595  2324  2404 I art     : Explicit concurrent mark sweep GC freed 3(96B) AllocSpace objects, 0(0B) LOS objects, 36% free, 28MB/44MB, paused 946us total 28.071ms
08-05 13:38:06.604  2324  2404 I art     : Starting a blocking GC Explicit
08-05 13:38:06.633  2324  2404 I art     : Explicit concurrent mark sweep GC freed 3(96B) AllocSpace objects, 0(0B) LOS objects, 36% free, 28MB/44MB, paused 950us total 28.779ms
08-05 13:38:06.643  2324  2404 I art     : Starting a blocking GC Explicit
08-05 13:38:06.672  2324  2404 I art     : Explicit concurrent mark sweep GC freed 3(96B) AllocSpace objects, 0(0B) LOS objects, 36% free, 28MB/44MB, paused 958us total 28.638ms
08-05 13:38:07.020  2324  2904 I art     : Starting a blocking GC Explicit
08-05 13:38:07.059  2324  2904 I art     : Explicit concurrent mark sweep GC freed 1372(80KB) AllocSpace objects, 1(20KB) LOS objects, 36% free, 28MB/44MB, paused 1.253ms total 38.093ms
08-05 13:38:07.072  2324  2904 I art     : Starting a blocking GC Explicit
08-05 13:38:07.100  2324  2904 I art     : Explicit concurrent mark sweep GC freed 23(752B) AllocSpace objects, 0(0B) LOS objects, 36% free, 28MB/44MB, paused 947us total 27.957ms
08-05 13:38:07.109  2324  2904 I art     : Starting a blocking GC Explicit
08-05 13:38:07.138  2324  2904 I art     : Explicit concurrent mark sweep GC freed 3(96B) AllocSpace objects, 0(0B) LOS objects, 36% free, 28MB/44MB, paused 989us total 28.306ms
08-05 13:38:07.148  2324  2904 I art     : Starting a blocking GC Explicit
08-05 13:38:07.176  2324  2904 I art     : Explicit concurrent mark sweep GC freed 3(96B) AllocSpace objects, 0(0B) LOS objects, 36% free, 28MB/44MB, paused 963us total 28.431ms
08-05 13:38:07.186  2324  2904 I art     : Starting a blocking GC Explicit
08-05 13:38:07.215  2324  2904 I art     : Explicit concurrent mark sweep GC freed 3(96B) AllocSpace objects, 0(0B) LOS objects, 36% free, 28MB/44MB, paused 1.076ms total 28.609ms
08-05 13:38:07.307   918  1210 D NetlinkSocketObserver: NeighborEvent{elapsedMs=1781291182, 192.168.2.254, [7C3953A63323], RTM_NEWNEIGH, NUD_STALE}
08-05 13:38:07.548  2324  2336 I art     : Starting a blocking GC Explicit
08-05 13:38:07.586  2324  2336 I art     : Explicit concurrent mark sweep GC freed 1401(81KB) AllocSpace objects, 1(20KB) LOS objects, 36% free, 28MB/44MB, paused 1.023ms total 37.380ms
08-05 13:38:07.597  2324  2336 I art     : Starting a blocking GC Explicit
08-05 13:38:07.626  2324  2336 I art     : Explicit concurrent mark sweep GC freed 23(752B) AllocSpace objects, 0(0B) LOS objects, 36% free, 28MB/44MB, paused 958us total 28.342ms
08-05 13:38:07.635  2324  2336 I art     : Starting a blocking GC Explicit
08-05 13:38:07.664  2324  2336 I art     : Explicit concurrent mark sweep GC freed 3(96B) AllocSpace objects, 0(0B) LOS objects, 36% free, 28MB/44MB, paused 916us total 28.176ms
08-05 13:38:07.673  2324  2336 I art     : Starting a blocking GC Explicit
08-05 13:38:07.701  2324  2336 I art     : Explicit concurrent mark sweep GC freed 3(96B) AllocSpace objects, 0(0B) LOS objects, 36% free, 28MB/44MB, paused 936us total 27.865ms
08-05 13:38:07.711  2324  2336 I art     : Starting a blocking GC Explicit
08-05 13:38:07.739  2324  2336 I art     : Explicit concurrent mark sweep GC freed 3(96B) AllocSpace objects, 0(0B) LOS objects, 36% free, 28MB/44MB, paused 912us total 27.786ms
08-05 13:38:07.791   518   646 I ThermalEngine: ACTION: GPU - Setting GPU[0] to 600000000
08-05 13:38:08.042  2324  2337 I art     : Starting a blocking GC Explicit
08-05 13:38:08.065  2324  2337 I art     : Explicit concurrent mark sweep GC freed 1372(80KB) AllocSpace objects, 1(20KB) LOS objects, 36% free, 28MB/44MB, paused 741us total 22.846ms
08-05 13:38:08.072  2324  2337 I art     : Starting a blocking GC Explicit
08-05 13:38:08.085  4610  4610 D AndroidRuntime: >>>>>> START com.android.internal.os.RuntimeInit uid 2000 <<<<<<
08-05 13:38:08.089  4610  4610 D AndroidRuntime: CheckJNI is OFF
08-05 13:38:08.095  2324  2337 I art     : Explicit concurrent mark sweep GC freed 23(752B) AllocSpace objects, 0(0B) LOS objects, 36% free, 28MB/44MB, paused 693us total 22.128ms
08-05 13:38:08.101  2324  2337 I art     : Starting a blocking GC Explicit
08-05 13:38:08.114  4610  4610 D ICU     : No timezone override file found: /data/misc/zoneinfo/current/icu/icu_tzdata.dat
08-05 13:38:08.121  2324  2337 I art     : Explicit concurrent mark sweep GC freed 3(96B) AllocSpace objects, 0(0B) LOS objects, 36% free, 28MB/44MB, paused 720us total 19.451ms
08-05 13:38:08.128  2324  2337 I art     : Starting a blocking GC Explicit
08-05 13:38:08.139  4610  4610 I Radio-JNI: register_android_hardware_Radio DONE
08-05 13:38:08.148  2324  2337 I art     : Explicit concurrent mark sweep GC freed 3(96B) AllocSpace objects, 0(0B) LOS objects, 36% free, 28MB/44MB, paused 723us total 19.739ms
08-05 13:38:08.154  2324  2337 I art     : Starting a blocking GC Explicit
08-05 13:38:08.155  4610  4610 D AndroidRuntime: Calling main entry com.android.commands.input.Input
08-05 13:38:08.157  4610  4610 I Input   : injectMotionEvent: MotionEvent { action=ACTION_DOWN, actionButton=0, id[0]=0, x[0]=616.0, y[0]=469.0, toolType[0]=TOOL_TYPE_UNKNOWN, buttonState=0, metaState=0, flags=0x0, edgeFlags=0x0, pointerCount=1, historySize=0, eventTime=797904570, downTime=797904570, deviceId=0, source=0x1002 }
08-05 13:38:08.164  4610  4610 I Input   : injectMotionEvent: MotionEvent { action=ACTION_UP, actionButton=0, id[0]=0, x[0]=616.0, y[0]=469.0, toolType[0]=TOOL_TYPE_UNKNOWN, buttonState=0, metaState=0, flags=0x0, edgeFlags=0x0, pointerCount=1, historySize=0, eventTime=797904570, downTime=797904570, deviceId=0, source=0x1002 }
08-05 13:38:08.166  4610  4610 D AndroidRuntime: Shutting down VM
08-05 13:38:08.175  2324  2337 I art     : Explicit concurrent mark sweep GC freed 21(672B) AllocSpace objects, 0(0B) LOS objects, 36% free, 28MB/44MB, paused 779us total 20.211ms
08-05 13:38:08.231   512  2967 D audio_hw_primary: out_set_parameters: enter: usecase(1: low-latency-playback) kvpairs: routing=2
08-05 13:38:08.244   512  2967 D audio_hw_primary: select_devices: out_snd_device(2: speaker) in_snd_device(0: none)
08-05 13:38:08.244   512  2967 D msm8974_platform: platform_send_audio_calibration: sending audio calibration for snd_device(2) acdb_id(15)
08-05 13:38:08.245   512  2967 I soundtrigger: audio_extn_sound_trigger_update_device_status: device 0x2 of type 0 for Event 1
08-05 13:38:08.256   512  2967 D audio_hw_primary: enable_snd_device: snd_device(2: speaker)
08-05 13:38:08.258   512  2967 D audio_hw_primary: enable_audio_route: apply and update mixer path: low-latency-playback speaker
08-05 13:38:08.445  2324  2337 I art     : Starting a blocking GC Explicit
08-05 13:38:08.470  2324  2337 I art     : Explicit concurrent mark sweep GC freed 1699(93KB) AllocSpace objects, 1(20KB) LOS objects, 36% free, 28MB/44MB, paused 1.130ms total 24.435ms
08-05 13:38:08.470  2324  2893 I NAPPA_EXPERIMENTATION: MetricNetworkRequestExecutionTime: REQUEST_DURATION_SYSTEM='240',REQUEST_DURATION_OKHTTP='238',REQUEST_SYNCHRONOUS='TRUE',RESPONSE_CODE='200',RESPONSE_METHOD='GET',RESPONSE_LENGTH_OKHTTP='-1',RESPONSE_LENGTH_HEADER='628',REQUEST_PROTOCOL='h2',REQUEST_URL='https://itunes.apple.com/lookup?id=1524080195',
08-05 13:38:08.478  2324  2337 I art     : Starting a blocking GC Explicit
08-05 13:38:08.485   918  4400 I ActivityManager: START u0 {cmp=baseline.de.danoeh.antennapod.debug/baseline.de.danoeh.antennapod.activity.OnlineFeedViewActivity (has extras)} from uid 10695 on display 0
08-05 13:38:08.499  2324  2337 I art     : Explicit concurrent mark sweep GC freed 558(45KB) AllocSpace objects, 0(0B) LOS objects, 36% free, 28MB/44MB, paused 776us total 20.856ms
08-05 13:38:08.506  2324  2337 I art     : Starting a blocking GC Explicit
08-05 13:38:08.508 13866 13866 I GoogleInputMethodServic: GoogleInputMethodService.onFinishInput():3138 
08-05 13:38:08.509 13866 13866 I GoogleInputMethodServic: GoogleInputMethodService.onStartInput():1808 
08-05 13:38:08.526  2324  2324 D UserPreferences: Using default data folder
08-05 13:38:08.527  2324  2324 D OnlineFeedViewActivity: Activity was started with url https://rss.art19.com/nice-white-parents
08-05 13:38:08.529  2324  2337 I art     : Explicit concurrent mark sweep GC freed 644(33KB) AllocSpace objects, 0(0B) LOS objects, 36% free, 28MB/44MB, paused 981us total 23.009ms
08-05 13:38:08.530  2324  2324 D OnlineFeedViewActivity: Starting feed download
08-05 13:38:08.532  2324  2350 D DBReader: Extracting Feedlist
08-05 13:38:08.533   918  6110 D WifiService: acquireWifiLockLocked: WifiLock{Downloader type=1 binder=android.os.BinderProxy@76e80d3}
08-05 13:38:08.534  2324  2350 D AntennapodHttpClient: Creating new instance of HTTP client
08-05 13:38:08.535  2324  2337 I art     : Starting a blocking GC Explicit
08-05 13:38:08.556  2324  2337 I art     : Explicit concurrent mark sweep GC freed 669(55KB) AllocSpace objects, 0(0B) LOS objects, 35% free, 28MB/44MB, paused 739us total 20.090ms
08-05 13:38:08.563  2324  2337 I art     : Starting a blocking GC Explicit
08-05 13:38:08.583  2324  2337 I art     : Explicit concurrent mark sweep GC freed 257(13KB) AllocSpace objects, 0(0B) LOS objects, 36% free, 28MB/44MB, paused 693us total 19.890ms
08-05 13:38:08.592 13866 13866 I GoogleInputMethodServic: GoogleInputMethodService.onFinishInput():3138 
08-05 13:38:08.592 13866 13866 I GoogleInputMethodServic: GoogleInputMethodService.onStartInput():1808 
08-05 13:38:08.618   918   936 I ActivityManager: Displayed baseline.de.danoeh.antennapod.debug/baseline.de.danoeh.antennapod.activity.OnlineFeedViewActivity: +109ms
08-05 13:38:08.809   512  2967 D audio_hw_primary: disable_audio_route: reset and update mixer path: low-latency-playback speaker
08-05 13:38:08.810  2324  2350 D MYTAG   : interceptor 3a https://rss.art19.com/nice-white-parents
08-05 13:38:08.810  2324  2350 I NAPPA_EXPERIMENTATION: MetricNetworkRequestExecutionTime: REQUEST_DURATION_SYSTEM='276',REQUEST_DURATION_OKHTTP='148',REQUEST_SYNCHRONOUS='TRUE',RESPONSE_CODE='200',RESPONSE_METHOD='GET',RESPONSE_LENGTH_OKHTTP='-1',RESPONSE_LENGTH_HEADER='1803',REQUEST_PROTOCOL='h2',REQUEST_URL='https://rss.art19.com/nice-white-parents',
08-05 13:38:08.810   512  2967 D audio_hw_primary: disable_snd_device: snd_device(2: speaker)
08-05 13:38:08.810  2324  2350 D HttpDownloader: Response code is 200
08-05 13:38:08.810  2324  2350 D UserPreferences: Using default data folder
08-05 13:38:08.813  2324  2350 D HttpDownloader: Getting size of download
08-05 13:38:08.813  2324  2350 D HttpDownloader: Size is -1
08-05 13:38:08.813  2324  2350 D UserPreferences: Using default data folder
08-05 13:38:08.813  2324  2350 D HttpDownloader: Free space is 20218982400
08-05 13:38:08.814  2324  2350 D HttpDownloader: Starting download
08-05 13:38:08.820   512  2967 I soundtrigger: audio_extn_sound_trigger_update_device_status: device 0x2 of type 0 for Event 0
08-05 13:38:08.851   380   380 W SurfaceFlinger: couldn't log to binary event log: overflow.
08-05 13:38:08.859  2324  2350 D HttpDownloader: Download was successful
08-05 13:38:08.861   918  4413 D WifiService: releaseWifiLockLocked: WifiLock{Downloader type=1 binder=android.os.BinderProxy@76e80d3}
08-05 13:38:08.862  2324  2324 D OnlineFeedViewActivity: Parsing feed
08-05 13:38:08.866  2324  4657 D TypeGetter: Recognized type RSS 2.0
08-05 13:38:08.868  2324  4657 D SyndHandler: Recognized ITunes namespace
08-05 13:38:08.868  2324  4657 D SyndHandler: Recognized Atom namespace
08-05 13:38:08.869  2324  4657 D SyndHandler: Recognized Content namespace
08-05 13:38:08.874  2324  4657 D OnlineFeedViewActivity: Deleted feed source file. Result: true
08-05 13:38:08.874  2324  2324 D OnlineFeedViewActivity: Removing HTML from shownotes
08-05 13:38:08.875  2324  2336 I art     : Starting a blocking GC Explicit
08-05 13:38:08.900  2324  2336 I art     : Explicit concurrent mark sweep GC freed 8392(591KB) AllocSpace objects, 8(348KB) LOS objects, 35% free, 28MB/44MB, paused 942us total 24.517ms
08-05 13:38:08.907  2324  2336 I art     : Starting a blocking GC Explicit
08-05 13:38:08.928  2324  2336 I art     : Explicit concurrent mark sweep GC freed 1267(138KB) AllocSpace objects, 0(0B) LOS objects, 35% free, 28MB/44MB, paused 658us total 20.865ms
08-05 13:38:08.935  2324  2336 I art     : Starting a blocking GC Explicit
08-05 13:38:08.955  2324  2336 I art     : Explicit concurrent mark sweep GC freed 406(18KB) AllocSpace objects, 0(0B) LOS objects, 35% free, 28MB/44MB, paused 763us total 20.094ms
08-05 13:38:08.962  2324  2336 I art     : Starting a blocking GC Explicit
08-05 13:38:08.982  2324  2336 I art     : Explicit concurrent mark sweep GC freed 3(96B) AllocSpace objects, 0(0B) LOS objects, 35% free, 28MB/44MB, paused 647us total 19.890ms
08-05 13:38:08.989  2324  2336 I art     : Starting a blocking GC Explicit
08-05 13:38:08.991  2324  2324 D PlaybackController: Releasing PlaybackController
08-05 13:38:09.012  2324  2336 I art     : Explicit concurrent mark sweep GC freed 243(13KB) AllocSpace objects, 1(112KB) LOS objects, 35% free, 28MB/44MB, paused 649us total 23.105ms
08-05 13:38:09.297  2324  2404 I art     : Starting a blocking GC Explicit
08-05 13:38:09.331  2324  2404 I art     : Explicit concurrent mark sweep GC freed 1396(81KB) AllocSpace objects, 1(20KB) LOS objects, 35% free, 28MB/44MB, paused 832us total 33.638ms
08-05 13:38:09.341  2324  2404 I art     : Starting a blocking GC Explicit
08-05 13:38:09.366  2324  2404 I art     : Explicit concurrent mark sweep GC freed 23(752B) AllocSpace objects, 0(0B) LOS objects, 35% free, 28MB/44MB, paused 752us total 24.670ms
08-05 13:38:09.374  2324  2404 I art     : Starting a blocking GC Explicit
08-05 13:38:09.398  2324  2404 I art     : Explicit concurrent mark sweep GC freed 3(96B) AllocSpace objects, 0(0B) LOS objects, 35% free, 28MB/44MB, paused 787us total 23.922ms
08-05 13:38:09.406  2324  2404 I art     : Starting a blocking GC Explicit
08-05 13:38:09.430  2324  2404 I art     : Explicit concurrent mark sweep GC freed 32(880B) AllocSpace objects, 0(0B) LOS objects, 35% free, 28MB/44MB, paused 740us total 24.172ms
08-05 13:38:09.438  2324  2404 I art     : Starting a blocking GC Explicit
08-05 13:38:09.462  2324  2404 I art     : Explicit concurrent mark sweep GC freed 3(96B) AllocSpace objects, 0(0B) LOS objects, 35% free, 28MB/44MB, paused 744us total 23.893ms
08-05 13:38:09.769  2324  2337 I art     : Starting a blocking GC Explicit
08-05 13:38:09.800   518   646 I ThermalEngine: ACTION: GPU - Setting GPU[0] to 510000000
08-05 13:38:09.805  2324  2337 I art     : Explicit concurrent mark sweep GC freed 1372(80KB) AllocSpace objects, 1(20KB) LOS objects, 35% free, 28MB/44MB, paused 1.003ms total 35.623ms
08-05 13:38:09.817  2324  2337 I art     : Starting a blocking GC Explicit
08-05 13:38:09.847  2324  2337 I art     : Explicit concurrent mark sweep GC freed 23(752B) AllocSpace objects, 0(0B) LOS objects, 35% free, 28MB/44MB, paused 1.021ms total 29.627ms
08-05 13:38:09.856  2324  2337 I art     : Starting a blocking GC Explicit
08-05 13:38:09.886  2324  2337 I art     : Explicit concurrent mark sweep GC freed 3(96B) AllocSpace objects, 0(0B) LOS objects, 35% free, 28MB/44MB, paused 1.013ms total 29.909ms
08-05 13:38:09.896  2324  2337 I art     : Starting a blocking GC Explicit
08-05 13:38:09.927  2324  2337 I art     : Explicit concurrent mark sweep GC freed 3(96B) AllocSpace objects, 0(0B) LOS objects, 35% free, 28MB/44MB, paused 1.119ms total 30.128ms
08-05 13:38:09.936  2324  2337 I art     : Starting a blocking GC Explicit
08-05 13:38:09.967  2324  2337 I art     : Explicit concurrent mark sweep GC freed 3(96B) AllocSpace objects, 0(0B) LOS objects, 35% free, 28MB/44MB, paused 1.163ms total 30.344ms
08-05 13:38:10.300  2324  2904 I art     : Starting a blocking GC Explicit
08-05 13:38:10.337  2324  2904 I art     : Explicit concurrent mark sweep GC freed 1372(80KB) AllocSpace objects, 1(20KB) LOS objects, 35% free, 28MB/44MB, paused 1.049ms total 37.137ms
08-05 13:38:10.347  2324  2904 I art     : Starting a blocking GC Explicit
08-05 13:38:10.378  2324  2904 I art     : Explicit concurrent mark sweep GC freed 23(752B) AllocSpace objects, 0(0B) LOS objects, 35% free, 28MB/44MB, paused 1.088ms total 30.383ms
08-05 13:38:10.388  2324  2904 I art     : Starting a blocking GC Explicit
08-05 13:38:10.418  2324  2904 I art     : Explicit concurrent mark sweep GC freed 32(880B) AllocSpace objects, 0(0B) LOS objects, 35% free, 28MB/44MB, paused 1.047ms total 30.150ms
08-05 13:38:10.428  2324  2904 I art     : Starting a blocking GC Explicit
08-05 13:38:10.458  2324  2904 I art     : Explicit concurrent mark sweep GC freed 3(96B) AllocSpace objects, 0(0B) LOS objects, 35% free, 28MB/44MB, paused 1.079ms total 29.714ms
08-05 13:38:10.468  2324  2904 I art     : Starting a blocking GC Explicit
08-05 13:38:10.497  2324  2904 I art     : Explicit concurrent mark sweep GC freed 4(128B) AllocSpace objects, 0(0B) LOS objects, 35% free, 28MB/44MB, paused 1.038ms total 29.146ms
08-05 13:38:10.818  2324  2404 I art     : Starting a blocking GC Explicit
08-05 13:38:10.850  2324  2404 I art     : Explicit concurrent mark sweep GC freed 1401(81KB) AllocSpace objects, 1(20KB) LOS objects, 35% free, 28MB/44MB, paused 1.025ms total 31.300ms
08-05 13:38:10.860  2324  2404 I art     : Starting a blocking GC Explicit
08-05 13:38:10.890  2324  2404 I art     : Explicit concurrent mark sweep GC freed 23(752B) AllocSpace objects, 0(0B) LOS objects, 35% free, 28MB/44MB, paused 1.036ms total 29.782ms
08-05 13:38:10.899  2324  2404 I art     : Starting a blocking GC Explicit
08-05 13:38:10.929  2324  2404 I art     : Explicit concurrent mark sweep GC freed 3(96B) AllocSpace objects, 0(0B) LOS objects, 35% free, 28MB/44MB, paused 1.012ms total 29.503ms
08-05 13:38:10.939  2324  2404 I art     : Starting a blocking GC Explicit
08-05 13:38:10.968  2324  2404 I art     : Explicit concurrent mark sweep GC freed 3(96B) AllocSpace objects, 0(0B) LOS objects, 35% free, 28MB/44MB, paused 1.028ms total 29.467ms
08-05 13:38:10.978  2324  2404 I art     : Starting a blocking GC Explicit
08-05 13:38:11.008  2324  2404 I art     : Explicit concurrent mark sweep GC freed 3(96B) AllocSpace objects, 0(0B) LOS objects, 35% free, 28MB/44MB, paused 1.126ms total 29.434ms
08-05 13:38:11.349  2324  2337 I art     : Starting a blocking GC Explicit
08-05 13:38:11.387  2324  2337 I art     : Explicit concurrent mark sweep GC freed 1372(80KB) AllocSpace objects, 1(20KB) LOS objects, 35% free, 28MB/44MB, paused 1.092ms total 37.543ms
08-05 13:38:11.400  2324  2337 I art     : Starting a blocking GC Explicit
08-05 13:38:11.434  2324  2337 I art     : Explicit concurrent mark sweep GC freed 52(1536B) AllocSpace objects, 0(0B) LOS objects, 35% free, 28MB/44MB, paused 1.034ms total 33.321ms
08-05 13:38:11.444  2324  2337 I art     : Starting a blocking GC Explicit
08-05 13:38:11.474  2324  2337 I art     : Explicit concurrent mark sweep GC freed 3(96B) AllocSpace objects, 0(0B) LOS objects, 35% free, 28MB/44MB, paused 1.017ms total 29.988ms
08-05 13:38:11.484  2324  2337 I art     : Starting a blocking GC Explicit
08-05 13:38:11.513  2324  2337 I art     : Explicit concurrent mark sweep GC freed 3(96B) AllocSpace objects, 0(0B) LOS objects, 35% free, 28MB/44MB, paused 1.016ms total 29.428ms
08-05 13:38:11.523  2324  2337 I art     : Starting a blocking GC Explicit
08-05 13:38:11.554  2324  2337 I art     : Explicit concurrent mark sweep GC freed 3(96B) AllocSpace objects, 0(0B) LOS objects, 35% free, 28MB/44MB, paused 1.001ms total 30.314ms
08-05 13:38:11.886  2324  2336 I art     : Starting a blocking GC Explicit
08-05 13:38:11.926  2324  2336 I art     : Explicit concurrent mark sweep GC freed 1373(82KB) AllocSpace objects, 1(20KB) LOS objects, 35% free, 28MB/44MB, paused 1.104ms total 39.854ms
08-05 13:38:11.939  2324  2336 I art     : Starting a blocking GC Explicit
08-05 13:38:11.970  2324  2336 I art     : Explicit concurrent mark sweep GC freed 23(752B) AllocSpace objects, 0(0B) LOS objects, 35% free, 28MB/44MB, paused 1.010ms total 30.449ms
08-05 13:38:11.980  2324  2336 I art     : Starting a blocking GC Explicit
08-05 13:38:12.010  2324  2336 I art     : Explicit concurrent mark sweep GC freed 3(96B) AllocSpace objects, 0(0B) LOS objects, 35% free, 28MB/44MB, paused 1.005ms total 29.834ms
08-05 13:38:12.020  2324  2336 I art     : Starting a blocking GC Explicit
08-05 13:38:12.050  2324  2336 I art     : Explicit concurrent mark sweep GC freed 3(96B) AllocSpace objects, 0(0B) LOS objects, 35% free, 28MB/44MB, paused 999us total 30.088ms
08-05 13:38:12.060  2324  2336 I art     : Starting a blocking GC Explicit
08-05 13:38:12.091  2324  2336 I art     : Explicit concurrent mark sweep GC freed 3(96B) AllocSpace objects, 0(0B) LOS objects, 35% free, 28MB/44MB, paused 976us total 30.387ms
08-05 13:38:12.445  2324  2904 I art     : Starting a blocking GC Explicit
08-05 13:38:12.472   918  1209 D NetworkMonitor/NetworkAgentInfo [WIFI () - 159]: Checking http://connectivitycheck.gstatic.com/generate_204 on "H369AA63323", 192.168.2.12=192.168.2.12
08-05 13:38:12.476  2324  2904 I art     : Explicit concurrent mark sweep GC freed 1401(81KB) AllocSpace objects, 1(20KB) LOS objects, 35% free, 28MB/44MB, paused 1.189ms total 30.343ms
08-05 13:38:12.486  2324  2904 I art     : Starting a blocking GC Explicit
08-05 13:38:12.514  2324  2904 I art     : Explicit concurrent mark sweep GC freed 23(752B) AllocSpace objects, 0(0B) LOS objects, 35% free, 28MB/44MB, paused 1.011ms total 27.793ms
08-05 13:38:12.522  2324  2904 I art     : Starting a blocking GC Explicit
08-05 13:38:12.543   918  1209 D NetworkMonitor/NetworkAgentInfo [WIFI () - 159]: Probably not a portal: exception java.io.IOException: unexpected end of stream on Connection{connectivitycheck.gstatic.com:80, proxy=HTTP@/192.168.2.12:8080 hostAddress=192.168.2.12 cipherSuite=none protocol=http/1.1} (recycle count=0)
08-05 13:38:12.544   918  3263 D ConnectivityService: NetworkAgentInfo [WIFI () - 159] validation failed
08-05 13:38:12.546   918  3261 E WifiConfigStore:  rewrite network history for "H369AA63323"WPA_PSK
08-05 13:38:12.549  2324  2904 I art     : Explicit concurrent mark sweep GC freed 3(96B) AllocSpace objects, 0(0B) LOS objects, 35% free, 28MB/44MB, paused 1.504ms total 26.517ms
08-05 13:38:12.558  2324  2904 I art     : Starting a blocking GC Explicit
08-05 13:38:12.587  2324  2904 I art     : Explicit concurrent mark sweep GC freed 3(96B) AllocSpace objects, 0(0B) LOS objects, 35% free, 28MB/44MB, paused 992us total 28.090ms
08-05 13:38:12.596  2324  2904 I art     : Starting a blocking GC Explicit
08-05 13:38:12.624  2324  2904 I art     : Explicit concurrent mark sweep GC freed 3(96B) AllocSpace objects, 0(0B) LOS objects, 35% free, 28MB/44MB, paused 963us total 27.996ms
08-05 13:38:12.828  4731  4731 D AndroidRuntime: >>>>>> START com.android.internal.os.RuntimeInit uid 2000 <<<<<<
08-05 13:38:12.833  4731  4731 D AndroidRuntime: CheckJNI is OFF
08-05 13:38:12.864  4731  4731 D ICU     : No timezone override file found: /data/misc/zoneinfo/current/icu/icu_tzdata.dat
08-05 13:38:12.896  4731  4731 I Radio-JNI: register_android_hardware_Radio DONE
08-05 13:38:12.918  4731  4731 D AndroidRuntime: Calling main entry com.android.commands.input.Input
08-05 13:38:12.920  4731  4731 I Input   : injectKeyEvent: KeyEvent { action=ACTION_DOWN, keyCode=KEYCODE_BACK, scanCode=0, metaState=0, flags=0x0, repeatCount=0, eventTime=797909333, downTime=797909333, deviceId=-1, source=0x101 }
08-05 13:38:12.925  4731  4731 I Input   : injectKeyEvent: KeyEvent { action=ACTION_UP, keyCode=KEYCODE_BACK, scanCode=0, metaState=0, flags=0x0, repeatCount=0, eventTime=797909333, downTime=797909333, deviceId=-1, source=0x101 }
08-05 13:38:12.931  4731  4731 D AndroidRuntime: Shutting down VM
08-05 13:38:12.936  2324  2324 V PlaybackController: initServiceNotRunning()
08-05 13:38:12.936  2324  2324 D ExternalPlayerFragment: Loading media info
08-05 13:38:12.936  2324  2904 I art     : Starting a blocking GC Explicit
08-05 13:38:12.945  2324  2324 D UserPreferences: Using default data folder
08-05 13:38:12.945  2324  2350 D DBReader: getNavDrawerData() called with: 
08-05 13:38:12.956  2324  2350 D DBReader: getDownloadedItems() called
08-05 13:38:12.958  2324  2350 D DBReader: getFavoriteIDList() called
08-05 13:38:12.959  2324  2350 D DBReader: getQueueIDList() called
08-05 13:38:12.960  2324  2350 D DBReader: Extracting Feedlist
08-05 13:38:12.966  2324  2904 I art     : Explicit concurrent mark sweep GC freed 1982(128KB) AllocSpace objects, 1(20KB) LOS objects, 35% free, 28MB/44MB, paused 968us total 29.476ms
08-05 13:38:12.974 13866 13866 I GoogleInputMethodServic: GoogleInputMethodService.onFinishInput():3138 
08-05 13:38:12.974 13866 13866 I GoogleInputMethodServic: GoogleInputMethodService.onStartInput():1808 
08-05 13:38:12.975  2324  2904 I art     : Starting a blocking GC Explicit
08-05 13:38:12.988  2324  2324 D MainActivity: getLastNavFragment() -> AddFeedFragment
08-05 13:38:13.003  2324  2904 I art     : Explicit concurrent mark sweep GC freed 649(29KB) AllocSpace objects, 0(0B) LOS objects, 35% free, 28MB/44MB, paused 1.015ms total 27.782ms
08-05 13:38:13.012  2324  2904 I art     : Starting a blocking GC Explicit
08-05 13:38:13.037  2324  2904 I art     : Explicit concurrent mark sweep GC freed 184(10KB) AllocSpace objects, 0(0B) LOS objects, 35% free, 28MB/44MB, paused 1.012ms total 25.208ms
08-05 13:38:13.046  2324  2904 I art     : Starting a blocking GC Explicit
08-05 13:38:13.073  2324  2904 I art     : Explicit concurrent mark sweep GC freed 126(8KB) AllocSpace objects, 0(0B) LOS objects, 35% free, 28MB/44MB, paused 970us total 26.831ms
08-05 13:38:13.082  2324  2904 I art     : Starting a blocking GC Explicit
08-05 13:38:13.110  2324  2904 I art     : Explicit concurrent mark sweep GC freed 3(96B) AllocSpace objects, 0(0B) LOS objects, 35% free, 28MB/44MB, paused 1.028ms total 27.429ms
08-05 13:38:13.256   380   380 W SurfaceFlinger: couldn't log to binary event log: overflow.
08-05 13:38:13.378  2324  2337 I art     : Starting a blocking GC Explicit
08-05 13:38:13.408  2324  2337 I art     : Explicit concurrent mark sweep GC freed 1997(106KB) AllocSpace objects, 1(20KB) LOS objects, 35% free, 28MB/44MB, paused 1.097ms total 30.126ms
08-05 13:38:13.418  2324  2337 I art     : Starting a blocking GC Explicit
08-05 13:38:13.448  2324  2337 I art     : Explicit concurrent mark sweep GC freed 2458(152KB) AllocSpace objects, 1(28KB) LOS objects, 35% free, 28MB/44MB, paused 1.196ms total 29.179ms
08-05 13:38:13.457  2324  2337 I art     : Starting a blocking GC Explicit
08-05 13:38:13.485  2324  2337 I art     : Explicit concurrent mark sweep GC freed 3(96B) AllocSpace objects, 0(0B) LOS objects, 35% free, 28MB/44MB, paused 991us total 28.109ms
08-05 13:38:13.486  2324  2335 I art     : WaitForGcToComplete blocked for 15.466ms for cause HeapTrim
08-05 13:38:13.495  2324  2337 I art     : Starting a blocking GC Explicit
08-05 13:38:13.524  2324  2337 I art     : Explicit concurrent mark sweep GC freed 3(96B) AllocSpace objects, 0(0B) LOS objects, 35% free, 28MB/44MB, paused 1.008ms total 28.619ms
08-05 13:38:13.533  2324  2337 I art     : Starting a blocking GC Explicit
08-05 13:38:13.562  2324  2337 I art     : Explicit concurrent mark sweep GC freed 3(96B) AllocSpace objects, 0(0B) LOS objects, 35% free, 28MB/44MB, paused 1.358ms total 28.645ms
08-05 13:38:13.866  2324  2336 I art     : Starting a blocking GC Explicit
08-05 13:38:13.902  2324  2336 I art     : Explicit concurrent mark sweep GC freed 1374(82KB) AllocSpace objects, 1(20KB) LOS objects, 35% free, 28MB/44MB, paused 1.081ms total 35.578ms
08-05 13:38:13.915  2324  2336 I art     : Starting a blocking GC Explicit
08-05 13:38:13.949  2324  2336 I art     : Explicit concurrent mark sweep GC freed 23(752B) AllocSpace objects, 0(0B) LOS objects, 35% free, 28MB/44MB, paused 1.171ms total 33.374ms
08-05 13:38:13.959  2324  2336 I art     : Starting a blocking GC Explicit
08-05 13:38:13.988  2324  2336 I art     : Explicit concurrent mark sweep GC freed 3(96B) AllocSpace objects, 0(0B) LOS objects, 35% free, 28MB/44MB, paused 1.076ms total 29.408ms
08-05 13:38:13.998  2324  2336 I art     : Starting a blocking GC Explicit
08-05 13:38:14.026  2324  2336 I art     : Explicit concurrent mark sweep GC freed 3(96B) AllocSpace objects, 0(0B) LOS objects, 35% free, 28MB/44MB, paused 991us total 28.560ms
08-05 13:38:14.036  2324  2336 I art     : Starting a blocking GC Explicit
08-05 13:38:14.066  2324  2336 I art     : Explicit concurrent mark sweep GC freed 3(96B) AllocSpace objects, 0(0B) LOS objects, 35% free, 28MB/44MB, paused 997us total 29.944ms
08-05 13:38:14.342  2324  2904 I art     : Starting a blocking GC Explicit
08-05 13:38:14.371  2324  2904 I art     : Explicit concurrent mark sweep GC freed 1373(80KB) AllocSpace objects, 1(20KB) LOS objects, 35% free, 28MB/44MB, paused 1.022ms total 28.897ms
08-05 13:38:14.381  2324  2904 I art     : Starting a blocking GC Explicit
08-05 13:38:14.408  2324  2904 I art     : Explicit concurrent mark sweep GC freed 51(1504B) AllocSpace objects, 0(0B) LOS objects, 35% free, 28MB/44MB, paused 1.074ms total 26.868ms
08-05 13:38:14.417  2324  2904 I art     : Starting a blocking GC Explicit
08-05 13:38:14.444  2324  2904 I art     : Explicit concurrent mark sweep GC freed 4(128B) AllocSpace objects, 0(0B) LOS objects, 35% free, 28MB/44MB, paused 998us total 27.176ms
08-05 13:38:14.453  2324  2904 I art     : Starting a blocking GC Explicit
08-05 13:38:14.481  2324  2904 I art     : Explicit concurrent mark sweep GC freed 3(96B) AllocSpace objects, 0(0B) LOS objects, 35% free, 28MB/44MB, paused 993us total 27.649ms
08-05 13:38:14.491  2324  2904 I art     : Starting a blocking GC Explicit
08-05 13:38:14.518  2324  2904 I art     : Explicit concurrent mark sweep GC freed 3(96B) AllocSpace objects, 0(0B) LOS objects, 35% free, 28MB/44MB, paused 1.073ms total 27.090ms
08-05 13:38:14.594  4778  4778 D AndroidRuntime: >>>>>> START com.android.internal.os.RuntimeInit uid 2000 <<<<<<
08-05 13:38:14.601  4778  4778 D AndroidRuntime: CheckJNI is OFF
08-05 13:38:14.641  4778  4778 D ICU     : No timezone override file found: /data/misc/zoneinfo/current/icu/icu_tzdata.dat
08-05 13:38:14.675  4778  4778 I Radio-JNI: register_android_hardware_Radio DONE
08-05 13:38:14.698  4778  4778 D AndroidRuntime: Calling main entry com.android.commands.input.Input
08-05 13:38:14.700  4778  4778 I Input   : injectKeyEvent: KeyEvent { action=ACTION_DOWN, keyCode=KEYCODE_BACK, scanCode=0, metaState=0, flags=0x0, repeatCount=0, eventTime=797911113, downTime=797911113, deviceId=-1, source=0x101 }
08-05 13:38:14.704  4778  4778 I Input   : injectKeyEvent: KeyEvent { action=ACTION_UP, keyCode=KEYCODE_BACK, scanCode=0, metaState=0, flags=0x0, repeatCount=0, eventTime=797911113, downTime=797911113, deviceId=-1, source=0x101 }
08-05 13:38:14.715 13866 13866 I GoogleInputMethodServic: GoogleInputMethodService.onFinishInput():3138 
08-05 13:38:14.715 13866 13866 I GoogleInputMethodServic: GoogleInputMethodService.onStartInput():1808 
08-05 13:38:14.720  4778  4778 D AndroidRuntime: Shutting down VM
08-05 13:38:14.795  2324  2337 I art     : Starting a blocking GC Explicit
08-05 13:38:14.825  2324  2337 I art     : Explicit concurrent mark sweep GC freed 2569(129KB) AllocSpace objects, 1(20KB) LOS objects, 35% free, 28MB/44MB, paused 973us total 29.358ms
08-05 13:38:14.835  2324  2337 I art     : Starting a blocking GC Explicit
08-05 13:38:14.864  2324  2337 I art     : Explicit concurrent mark sweep GC freed 2669(178KB) AllocSpace objects, 9(1540KB) LOS objects, 37% free, 26MB/42MB, paused 999us total 29.666ms
08-05 13:38:14.874  2324  2337 I art     : Starting a blocking GC Explicit
08-05 13:38:14.903  2324  2337 I art     : Explicit concurrent mark sweep GC freed 3(96B) AllocSpace objects, 0(0B) LOS objects, 37% free, 26MB/42MB, paused 1.026ms total 28.406ms
08-05 13:38:14.912  2324  2337 I art     : Starting a blocking GC Explicit
08-05 13:38:14.940  2324  2337 I art     : Explicit concurrent mark sweep GC freed 3(96B) AllocSpace objects, 0(0B) LOS objects, 37% free, 26MB/42MB, paused 1.186ms total 28.124ms
08-05 13:38:14.950  2324  2337 I art     : Starting a blocking GC Explicit
08-05 13:38:14.978  2324  2337 I art     : Explicit concurrent mark sweep GC freed 3(96B) AllocSpace objects, 0(0B) LOS objects, 37% free, 26MB/42MB, paused 1.064ms total 27.900ms
08-05 13:38:15.253  2324  2404 I art     : Starting a blocking GC Explicit
08-05 13:38:15.290  2324  2404 I art     : Explicit concurrent mark sweep GC freed 1373(81KB) AllocSpace objects, 1(20KB) LOS objects, 37% free, 26MB/42MB, paused 1.013ms total 37.225ms
08-05 13:38:15.300  2324  2404 I art     : Starting a blocking GC Explicit
08-05 13:38:15.329  2324  2404 I art     : Explicit concurrent mark sweep GC freed 23(752B) AllocSpace objects, 0(0B) LOS objects, 37% free, 26MB/42MB, paused 1.024ms total 28.593ms
08-05 13:38:15.339  2324  2404 I art     : Starting a blocking GC Explicit
08-05 13:38:15.368  2324  2404 I art     : Explicit concurrent mark sweep GC freed 3(96B) AllocSpace objects, 0(0B) LOS objects, 37% free, 26MB/42MB, paused 1.026ms total 28.781ms
08-05 13:38:15.377  2324  2404 I art     : Starting a blocking GC Explicit
08-05 13:38:15.406  2324  2404 I art     : Explicit concurrent mark sweep GC freed 3(96B) AllocSpace objects, 0(0B) LOS objects, 37% free, 26MB/42MB, paused 989us total 28.600ms
08-05 13:38:15.416  2324  2404 I art     : Starting a blocking GC Explicit
08-05 13:38:15.444  2324  2404 I art     : Explicit concurrent mark sweep GC freed 32(880B) AllocSpace objects, 0(0B) LOS objects, 37% free, 26MB/42MB, paused 979us total 27.253ms
08-05 13:38:15.742  2324  2337 I art     : Starting a blocking GC Explicit
08-05 13:38:15.768  2324  2337 I art     : Explicit concurrent mark sweep GC freed 1373(81KB) AllocSpace objects, 1(20KB) LOS objects, 37% free, 26MB/42MB, paused 1.040ms total 25.970ms
08-05 13:38:15.777  2324  2337 I art     : Starting a blocking GC Explicit
08-05 13:38:15.805  2324  2337 I art     : Explicit concurrent mark sweep GC freed 89(3KB) AllocSpace objects, 0(0B) LOS objects, 37% free, 26MB/42MB, paused 999us total 28.060ms
08-05 13:38:15.815  2324  2337 I art     : Starting a blocking GC Explicit
08-05 13:38:15.844  2324  2337 I art     : Explicit concurrent mark sweep GC freed 3(96B) AllocSpace objects, 0(0B) LOS objects, 37% free, 26MB/42MB, paused 1.012ms total 28.591ms
08-05 13:38:15.853  2324  2337 I art     : Starting a blocking GC Explicit
08-05 13:38:15.881  2324  2337 I art     : Explicit concurrent mark sweep GC freed 3(96B) AllocSpace objects, 0(0B) LOS objects, 37% free, 26MB/42MB, paused 996us total 27.941ms
08-05 13:38:15.891  2324  2337 I art     : Starting a blocking GC Explicit
08-05 13:38:15.919  2324  2337 I art     : Explicit concurrent mark sweep GC freed 3(96B) AllocSpace objects, 0(0B) LOS objects, 37% free, 26MB/42MB, paused 997us total 28.080ms
08-05 13:38:16.197  2324  2904 I art     : Starting a blocking GC Explicit
08-05 13:38:16.225  2324  2904 I art     : Explicit concurrent mark sweep GC freed 1372(82KB) AllocSpace objects, 1(20KB) LOS objects, 37% free, 26MB/42MB, paused 1.054ms total 28.340ms
08-05 13:38:16.235  2324  2904 I art     : Starting a blocking GC Explicit
08-05 13:38:16.263  2324  2904 I art     : Explicit concurrent mark sweep GC freed 23(752B) AllocSpace objects, 0(0B) LOS objects, 37% free, 26MB/42MB, paused 1.068ms total 28.144ms
08-05 13:38:16.273  2324  2904 I art     : Starting a blocking GC Explicit
08-05 13:38:16.299  2324  2904 I art     : Explicit concurrent mark sweep GC freed 3(96B) AllocSpace objects, 0(0B) LOS objects, 37% free, 26MB/42MB, paused 1.003ms total 26.561ms
08-05 13:38:16.309  2324  2904 I art     : Starting a blocking GC Explicit
08-05 13:38:16.335  2324  2904 I art     : Explicit concurrent mark sweep GC freed 4(128B) AllocSpace objects, 0(0B) LOS objects, 37% free, 26MB/42MB, paused 968us total 25.656ms
08-05 13:38:16.345  2324  2904 I art     : Starting a blocking GC Explicit
08-05 13:38:16.371  2324  2904 I art     : Explicit concurrent mark sweep GC freed 7(224B) AllocSpace objects, 0(0B) LOS objects, 37% free, 26MB/42MB, paused 1.001ms total 26.383ms
08-05 13:38:16.389  4833  4833 D AndroidRuntime: >>>>>> START com.android.internal.os.RuntimeInit uid 2000 <<<<<<
08-05 13:38:16.393  4833  4833 D AndroidRuntime: CheckJNI is OFF
08-05 13:38:16.424  4833  4833 D ICU     : No timezone override file found: /data/misc/zoneinfo/current/icu/icu_tzdata.dat
08-05 13:38:16.456  4833  4833 I Radio-JNI: register_android_hardware_Radio DONE
08-05 13:38:16.477  4833  4833 D AndroidRuntime: Calling main entry com.android.commands.input.Input
08-05 13:38:16.479  4833  4833 I Input   : injectMotionEvent: MotionEvent { action=ACTION_DOWN, actionButton=0, id[0]=0, x[0]=103.0, y[0]=192.0, toolType[0]=TOOL_TYPE_UNKNOWN, buttonState=0, metaState=0, flags=0x0, edgeFlags=0x0, pointerCount=1, historySize=0, eventTime=797912892, downTime=797912892, deviceId=0, source=0x1002 }
08-05 13:38:16.484  4833  4833 I Input   : injectMotionEvent: MotionEvent { action=ACTION_UP, actionButton=0, id[0]=0, x[0]=103.0, y[0]=192.0, toolType[0]=TOOL_TYPE_UNKNOWN, buttonState=0, metaState=0, flags=0x0, edgeFlags=0x0, pointerCount=1, historySize=0, eventTime=797912892, downTime=797912892, deviceId=0, source=0x1002 }
08-05 13:38:16.486  4833  4833 D AndroidRuntime: Shutting down VM
08-05 13:38:16.497   512  2967 D audio_hw_primary: out_set_parameters: enter: usecase(1: low-latency-playback) kvpairs: routing=2
08-05 13:38:16.510   512  2967 D audio_hw_primary: select_devices: out_snd_device(2: speaker) in_snd_device(0: none)
08-05 13:38:16.510   512  2967 D msm8974_platform: platform_send_audio_calibration: sending audio calibration for snd_device(2) acdb_id(15)
08-05 13:38:16.511   512  2967 I soundtrigger: audio_extn_sound_trigger_update_device_status: device 0x2 of type 0 for Event 1
08-05 13:38:16.521   512  2967 D audio_hw_primary: enable_snd_device: snd_device(2: speaker)
08-05 13:38:16.523   512  2967 D audio_hw_primary: enable_audio_route: apply and update mixer path: low-latency-playback speaker
08-05 13:38:16.534 13866 13866 I GoogleInputMethodServic: GoogleInputMethodService.onFinishInput():3138 
08-05 13:38:16.535 13866 13866 I GoogleInputMethodServic: GoogleInputMethodService.onStartInput():1808 
08-05 13:38:16.626  2324  2904 I art     : Starting a blocking GC Explicit
08-05 13:38:16.656  2324  2904 I art     : Explicit concurrent mark sweep GC freed 2027(110KB) AllocSpace objects, 1(20KB) LOS objects, 37% free, 26MB/42MB, paused 982us total 29.820ms
08-05 13:38:16.666  2324  2904 I art     : Starting a blocking GC Explicit
08-05 13:38:16.695  2324  2904 I art     : Explicit concurrent mark sweep GC freed 100(5KB) AllocSpace objects, 0(0B) LOS objects, 37% free, 26MB/42MB, paused 1.171ms total 29.005ms
08-05 13:38:16.706  2324  2904 I art     : Starting a blocking GC Explicit
08-05 13:38:16.731  2324  2904 I art     : Explicit concurrent mark sweep GC freed 3(96B) AllocSpace objects, 0(0B) LOS objects, 37% free, 26MB/42MB, paused 1.071ms total 25.080ms
08-05 13:38:16.740  2324  2904 I art     : Starting a blocking GC Explicit
08-05 13:38:16.766  2324  2904 I art     : Explicit concurrent mark sweep GC freed 5(160B) AllocSpace objects, 0(0B) LOS objects, 37% free, 26MB/42MB, paused 879us total 25.132ms
08-05 13:38:16.775  2324  2904 I art     : Starting a blocking GC Explicit
08-05 13:38:16.801  2324  2904 I art     : Explicit concurrent mark sweep GC freed 3(96B) AllocSpace objects, 0(0B) LOS objects, 37% free, 26MB/42MB, paused 1.006ms total 25.968ms
08-05 13:38:17.058   512  2967 D audio_hw_primary: disable_audio_route: reset and update mixer path: low-latency-playback speaker
08-05 13:38:17.059   512  2967 D audio_hw_primary: disable_snd_device: snd_device(2: speaker)
08-05 13:38:17.068   512  2967 I soundtrigger: audio_extn_sound_trigger_update_device_status: device 0x2 of type 0 for Event 0
08-05 13:38:17.095  2324  2404 I art     : Starting a blocking GC Explicit
08-05 13:38:17.108 32409 32409 I Atfwd_Sendcmd: AtCmdFwd service not ready - Exhausted retry attempts - :6
08-05 13:38:17.108 32409 32409 I Atfwd_Daemon: result : -1 	 ,Init step :2 	 ,qmiErrorCode: 0
08-05 13:38:17.124  2324  2404 I art     : Explicit concurrent mark sweep GC freed 1374(80KB) AllocSpace objects, 1(20KB) LOS objects, 37% free, 26MB/42MB, paused 1.002ms total 28.636ms
08-05 13:38:17.133  2324  2404 I art     : Starting a blocking GC Explicit
08-05 13:38:17.161  2324  2404 I art     : Explicit concurrent mark sweep GC freed 31(1008B) AllocSpace objects, 0(0B) LOS objects, 37% free, 26MB/42MB, paused 1.268ms total 27.708ms
08-05 13:38:17.171  2324  2404 I art     : Starting a blocking GC Explicit
08-05 13:38:17.198  2324  2404 I art     : Explicit concurrent mark sweep GC freed 3(96B) AllocSpace objects, 0(0B) LOS objects, 37% free, 26MB/42MB, paused 993us total 26.870ms
08-05 13:38:17.208  2324  2404 I art     : Starting a blocking GC Explicit
08-05 13:38:17.235  2324  2404 I art     : Explicit concurrent mark sweep GC freed 5(160B) AllocSpace objects, 0(0B) LOS objects, 37% free, 26MB/42MB, paused 977us total 26.684ms
08-05 13:38:17.244  2324  2404 I art     : Starting a blocking GC Explicit
08-05 13:38:17.272  2324  2404 I art     : Explicit concurrent mark sweep GC freed 3(96B) AllocSpace objects, 0(0B) LOS objects, 37% free, 26MB/42MB, paused 1.012ms total 27.718ms
08-05 13:38:17.581  2324  2336 I art     : Starting a blocking GC Explicit
08-05 13:38:17.619  2324  2336 I art     : Explicit concurrent mark sweep GC freed 1400(81KB) AllocSpace objects, 1(20KB) LOS objects, 37% free, 26MB/42MB, paused 1.092ms total 37.984ms
08-05 13:38:17.631  2324  2336 I art     : Starting a blocking GC Explicit
08-05 13:38:17.659  2324  2336 I art     : Explicit concurrent mark sweep GC freed 23(752B) AllocSpace objects, 0(0B) LOS objects, 37% free, 26MB/42MB, paused 1.008ms total 28.494ms
08-05 13:38:17.669  2324  2336 I art     : Starting a blocking GC Explicit
08-05 13:38:17.697  2324  2336 I art     : Explicit concurrent mark sweep GC freed 3(96B) AllocSpace objects, 0(0B) LOS objects, 37% free, 26MB/42MB, paused 1.067ms total 27.801ms
08-05 13:38:17.707  2324  2336 I art     : Starting a blocking GC Explicit
08-05 13:38:17.735  2324  2336 I art     : Explicit concurrent mark sweep GC freed 3(96B) AllocSpace objects, 0(0B) LOS objects, 37% free, 26MB/42MB, paused 969us total 27.755ms
08-05 13:38:17.745  2324  2336 I art     : Starting a blocking GC Explicit
08-05 13:38:17.771  2324  2336 I art     : Explicit concurrent mark sweep GC freed 3(96B) AllocSpace objects, 0(0B) LOS objects, 37% free, 26MB/42MB, paused 1.022ms total 25.919ms
08-05 13:38:18.057  2324  2904 I art     : Starting a blocking GC Explicit
08-05 13:38:18.088  2324  2904 I art     : Explicit concurrent mark sweep GC freed 1371(80KB) AllocSpace objects, 1(20KB) LOS objects, 37% free, 26MB/42MB, paused 1.129ms total 30.910ms
08-05 13:38:18.098  2324  2904 I art     : Starting a blocking GC Explicit
08-05 13:38:18.125  2324  2904 I art     : Explicit concurrent mark sweep GC freed 23(752B) AllocSpace objects, 0(0B) LOS objects, 37% free, 26MB/42MB, paused 1.012ms total 27.155ms
08-05 13:38:18.134  2324  2904 I art     : Starting a blocking GC Explicit
08-05 13:38:18.149  4889  4889 D AndroidRuntime: >>>>>> START com.android.internal.os.RuntimeInit uid 2000 <<<<<<
08-05 13:38:18.155  4889  4889 D AndroidRuntime: CheckJNI is OFF
08-05 13:38:18.162  2324  2904 I art     : Explicit concurrent mark sweep GC freed 5(160B) AllocSpace objects, 0(0B) LOS objects, 37% free, 26MB/42MB, paused 1.167ms total 27.877ms
08-05 13:38:18.171  2324  2904 I art     : Starting a blocking GC Explicit
08-05 13:38:18.190  4889  4889 D ICU     : No timezone override file found: /data/misc/zoneinfo/current/icu/icu_tzdata.dat
08-05 13:38:18.198  2324  2904 I art     : Explicit concurrent mark sweep GC freed 8(256B) AllocSpace objects, 0(0B) LOS objects, 37% free, 26MB/42MB, paused 1.137ms total 26.463ms
08-05 13:38:18.206  2324  2904 I art     : Starting a blocking GC Explicit
08-05 13:38:18.222  4889  4889 I Radio-JNI: register_android_hardware_Radio DONE
08-05 13:38:18.231  2324  2904 I art     : Explicit concurrent mark sweep GC freed 7(224B) AllocSpace objects, 0(0B) LOS objects, 37% free, 26MB/42MB, paused 988us total 23.974ms
08-05 13:38:18.243  4889  4889 D AndroidRuntime: Calling main entry com.android.commands.input.Input
08-05 13:38:18.244  4889  4889 I Input   : injectMotionEvent: MotionEvent { action=ACTION_DOWN, actionButton=0, id[0]=0, x[0]=625.0, y[0]=1248.0, toolType[0]=TOOL_TYPE_UNKNOWN, buttonState=0, metaState=0, flags=0x0, edgeFlags=0x0, pointerCount=1, historySize=0, eventTime=797914657, downTime=797914657, deviceId=0, source=0x1002 }
08-05 13:38:18.249  4889  4889 I Input   : injectMotionEvent: MotionEvent { action=ACTION_UP, actionButton=0, id[0]=0, x[0]=625.0, y[0]=1248.0, toolType[0]=TOOL_TYPE_UNKNOWN, buttonState=0, metaState=0, flags=0x0, edgeFlags=0x0, pointerCount=1, historySize=0, eventTime=797914657, downTime=797914657, deviceId=0, source=0x1002 }
08-05 13:38:18.250  4889  4889 D AndroidRuntime: Shutting down VM
08-05 13:38:18.330  2324  2324 D MainActivity: loadFragment(index: 7, args: null)
08-05 13:38:18.331  2324  2324 D MainActivity: saveLastNavFragment(tag: 2)
08-05 13:38:18.331   512  2967 D audio_hw_primary: out_set_parameters: enter: usecase(1: low-latency-playback) kvpairs: routing=2
08-05 13:38:18.332  2324  2324 D MainActivity: getLastNavFragment() -> 2
08-05 13:38:18.344   512  2967 D audio_hw_primary: select_devices: out_snd_device(2: speaker) in_snd_device(0: none)
08-05 13:38:18.344   512  2967 D msm8974_platform: platform_send_audio_calibration: sending audio calibration for snd_device(2) acdb_id(15)
08-05 13:38:18.344   512  2967 I soundtrigger: audio_extn_sound_trigger_update_device_status: device 0x2 of type 0 for Event 1
08-05 13:38:18.356   512  2967 D audio_hw_primary: enable_snd_device: snd_device(2: speaker)
08-05 13:38:18.358   512  2967 D audio_hw_primary: enable_audio_route: apply and update mixer path: low-latency-playback speaker
08-05 13:38:18.370  2324  2324 D ItemlistFragment: onEventMainThread() called with: event = [DownloadEvent{update=DownloaderUpdate{downloaders=[], feedIds=[], mediaIds=[]}}]
08-05 13:38:18.371  2324  2893 D DBReader: getFeed() called with: feedId = [2]
08-05 13:38:18.373  2324  2893 D DBReader: getFeedItemList() called with: feed = [baseline.de.danoeh.antennapod.core.feed.Feed@2]
08-05 13:38:18.449  2324  2893 W PodDBAdapter: Length of id array is larger than 800. Creating multiple cursors
08-05 13:38:18.492  2324  2336 I art     : Starting a blocking GC Explicit
08-05 13:38:18.521  2324  2893 D DBReader: getFavoriteIDList() called
08-05 13:38:18.522  2324  2893 D DBReader: getQueueIDList() called
08-05 13:38:18.523  2324  2893 D DBReader: Extracting Feedlist
08-05 13:38:18.528  2324  2336 I art     : Explicit concurrent mark sweep GC freed 12407(533KB) AllocSpace objects, 3(56KB) LOS objects, 35% free, 29MB/45MB, paused 2.229ms total 36.454ms
08-05 13:38:18.540  2324  2336 I art     : Starting a blocking GC Explicit
08-05 13:38:18.557  2324  2324 D FeedMenuHandler: Preparing options menu
08-05 13:38:18.573  2324  2336 I art     : Explicit concurrent mark sweep GC freed 5013(218KB) AllocSpace objects, 1(16KB) LOS objects, 35% free, 29MB/45MB, paused 1.508ms total 32.430ms
08-05 13:38:18.584  2324  2336 I art     : Starting a blocking GC Explicit
08-05 13:38:18.613  2324  3357 D ApOkHttpUrlLoader: buildLoadData() called with: model = [http://static.libsyn.com/p/assets/7/1/f/3/71f3014e14ef2722/JREiTunesImage2.jpg], width = [1440], height = [462]
08-05 13:38:18.617  2324  2336 I art     : Explicit concurrent mark sweep GC freed 2883(206KB) AllocSpace objects, 0(0B) LOS objects, 35% free, 29MB/45MB, paused 1.485ms total 32.988ms
08-05 13:38:18.627  2324  2336 I art     : Starting a blocking GC Explicit
08-05 13:38:18.659  2324  2336 I art     : Explicit concurrent mark sweep GC freed 409(23KB) AllocSpace objects, 0(0B) LOS objects, 29% free, 37MB/53MB, paused 1.025ms total 31.695ms
08-05 13:38:18.669  2324  2336 I art     : Starting a blocking GC Explicit
08-05 13:38:18.701  2324  2336 I art     : Explicit concurrent mark sweep GC freed 22(704B) AllocSpace objects, 0(0B) LOS objects, 29% free, 37MB/53MB, paused 1.191ms total 32.311ms
08-05 13:38:18.746  2324  2345 V RenderScript: 0x7f799ad000 Launching thread(s), CPUs 8
08-05 13:38:18.793 13866 13866 I GoogleInputMethodServic: GoogleInputMethodService.onFinishInput():3138 
08-05 13:38:18.793 13866 13866 I GoogleInputMethodServic: GoogleInputMethodService.onStartInput():1808 
08-05 13:38:18.898   512  2967 D audio_hw_primary: disable_audio_route: reset and update mixer path: low-latency-playback speaker
08-05 13:38:18.899   512  2967 D audio_hw_primary: disable_snd_device: snd_device(2: speaker)
08-05 13:38:18.907   512  2967 I soundtrigger: audio_extn_sound_trigger_update_device_status: device 0x2 of type 0 for Event 0
08-05 13:38:18.982  2324  2904 I art     : Starting a blocking GC Explicit
08-05 13:38:19.018  2324  2904 I art     : Explicit concurrent mark sweep GC freed 1751(115KB) AllocSpace objects, 6(236KB) LOS objects, 29% free, 37MB/53MB, paused 952us total 36.010ms
08-05 13:38:19.030  2324  2904 I art     : Starting a blocking GC Explicit
08-05 13:38:19.067  2324  2904 I art     : Explicit concurrent mark sweep GC freed 163(7KB) AllocSpace objects, 0(0B) LOS objects, 29% free, 37MB/53MB, paused 1.115ms total 36.252ms
08-05 13:38:19.078  2324  2904 I art     : Starting a blocking GC Explicit
08-05 13:38:19.113  2324  2904 I art     : Explicit concurrent mark sweep GC freed 3(96B) AllocSpace objects, 0(0B) LOS objects, 29% free, 37MB/53MB, paused 926us total 35.438ms
08-05 13:38:19.125  2324  2904 I art     : Starting a blocking GC Explicit
08-05 13:38:19.160  2324  2904 I art     : Explicit concurrent mark sweep GC freed 20(672B) AllocSpace objects, 0(0B) LOS objects, 29% free, 37MB/53MB, paused 985us total 34.986ms
08-05 13:38:19.171  2324  2904 I art     : Starting a blocking GC Explicit
08-05 13:38:19.206  2324  2904 I art     : Explicit concurrent mark sweep GC freed 5(160B) AllocSpace objects, 0(0B) LOS objects, 29% free, 37MB/53MB, paused 910us total 34.723ms
08-05 13:38:19.515  2324  2404 I art     : Starting a blocking GC Explicit
08-05 13:38:19.563  2324  2404 I art     : Explicit concurrent mark sweep GC freed 1404(81KB) AllocSpace objects, 1(20KB) LOS objects, 29% free, 37MB/53MB, paused 1.088ms total 47.671ms
08-05 13:38:19.578  2324  2404 I art     : Starting a blocking GC Explicit
08-05 13:38:19.616  2324  2404 I art     : Explicit concurrent mark sweep GC freed 23(752B) AllocSpace objects, 0(0B) LOS objects, 29% free, 37MB/53MB, paused 960us total 38.178ms
08-05 13:38:19.628  2324  2404 I art     : Starting a blocking GC Explicit
08-05 13:38:19.666  2324  2404 I art     : Explicit concurrent mark sweep GC freed 3(96B) AllocSpace objects, 0(0B) LOS objects, 29% free, 37MB/53MB, paused 1.027ms total 38.257ms
08-05 13:38:19.678  2324  2404 I art     : Starting a blocking GC Explicit
08-05 13:38:19.716  2324  2404 I art     : Explicit concurrent mark sweep GC freed 3(96B) AllocSpace objects, 0(0B) LOS objects, 29% free, 37MB/53MB, paused 1.010ms total 38.389ms
08-05 13:38:19.728  2324  2404 I art     : Starting a blocking GC Explicit
08-05 13:38:19.766  2324  2404 I art     : Explicit concurrent mark sweep GC freed 3(96B) AllocSpace objects, 0(0B) LOS objects, 29% free, 37MB/53MB, paused 1.013ms total 37.996ms
08-05 13:38:20.098  2324  2336 I art     : Starting a blocking GC Explicit
08-05 13:38:20.146  2324  2336 I art     : Explicit concurrent mark sweep GC freed 1372(80KB) AllocSpace objects, 1(20KB) LOS objects, 29% free, 37MB/53MB, paused 1.078ms total 47.575ms
08-05 13:38:20.163  2324  2336 I art     : Starting a blocking GC Explicit
08-05 13:38:20.203  2324  2336 I art     : Explicit concurrent mark sweep GC freed 30(976B) AllocSpace objects, 0(0B) LOS objects, 29% free, 37MB/53MB, paused 937us total 39.160ms
08-05 13:38:20.214  2324  2336 I art     : Starting a blocking GC Explicit
08-05 13:38:20.251  2324  2336 I art     : Explicit concurrent mark sweep GC freed 9(288B) AllocSpace objects, 0(0B) LOS objects, 29% free, 37MB/53MB, paused 1.079ms total 36.310ms
08-05 13:38:20.262  2324  2336 I art     : Starting a blocking GC Explicit
08-05 13:38:20.300  2324  2336 I art     : Explicit concurrent mark sweep GC freed 8(256B) AllocSpace objects, 0(0B) LOS objects, 29% free, 37MB/53MB, paused 1.228ms total 37.496ms
08-05 13:38:20.311  2324  2336 I art     : Starting a blocking GC Explicit
08-05 13:38:20.347  2324  2336 I art     : Explicit concurrent mark sweep GC freed 8(256B) AllocSpace objects, 0(0B) LOS objects, 29% free, 37MB/53MB, paused 957us total 35.388ms
08-05 13:38:20.666  2324  2404 I art     : Starting a blocking GC Explicit
08-05 13:38:20.716  2324  2404 I art     : Explicit concurrent mark sweep GC freed 2110(103KB) AllocSpace objects, 1(20KB) LOS objects, 29% free, 37MB/53MB, paused 1.080ms total 49.570ms
08-05 13:38:20.732  2324  2404 I art     : Starting a blocking GC Explicit
08-05 13:38:20.775  2324  2404 I art     : Explicit concurrent mark sweep GC freed 23(752B) AllocSpace objects, 0(0B) LOS objects, 29% free, 37MB/53MB, paused 1.126ms total 42.387ms
08-05 13:38:20.786  2324  2404 I art     : Starting a blocking GC Explicit
08-05 13:38:20.824  2324  2404 I art     : Explicit concurrent mark sweep GC freed 3(96B) AllocSpace objects, 0(0B) LOS objects, 29% free, 37MB/53MB, paused 943us total 37.475ms
08-05 13:38:20.835  2324  2404 I art     : Starting a blocking GC Explicit
08-05 13:38:20.873  2324  2404 I art     : Explicit concurrent mark sweep GC freed 3(96B) AllocSpace objects, 0(0B) LOS objects, 29% free, 37MB/53MB, paused 1.078ms total 38.051ms
08-05 13:38:20.885  2324  2404 I art     : Starting a blocking GC Explicit
08-05 13:38:20.923  2324  2404 I art     : Explicit concurrent mark sweep GC freed 3(96B) AllocSpace objects, 0(0B) LOS objects, 29% free, 37MB/53MB, paused 1.013ms total 37.687ms
08-05 13:38:21.278  2324  2337 I art     : Starting a blocking GC Explicit
08-05 13:38:21.331  2324  2337 I art     : Explicit concurrent mark sweep GC freed 2260(112KB) AllocSpace objects, 1(20KB) LOS objects, 29% free, 37MB/53MB, paused 1.120ms total 51.865ms
08-05 13:38:21.346  2324  2337 I art     : Starting a blocking GC Explicit
08-05 13:38:21.385  2324  2337 I art     : Explicit concurrent mark sweep GC freed 23(752B) AllocSpace objects, 0(0B) LOS objects, 29% free, 37MB/53MB, paused 1.027ms total 38.312ms
08-05 13:38:21.396  2324  2337 I art     : Starting a blocking GC Explicit
08-05 13:38:21.434  2324  2337 I art     : Explicit concurrent mark sweep GC freed 32(880B) AllocSpace objects, 0(0B) LOS objects, 29% free, 37MB/53MB, paused 963us total 38.031ms
08-05 13:38:21.446  2324  2337 I art     : Starting a blocking GC Explicit
08-05 13:38:21.484  2324  2337 I art     : Explicit concurrent mark sweep GC freed 3(96B) AllocSpace objects, 0(0B) LOS objects, 29% free, 37MB/53MB, paused 1.017ms total 37.944ms
08-05 13:38:21.495  2324  2337 I art     : Starting a blocking GC Explicit
08-05 13:38:21.533  2324  2337 I art     : Explicit concurrent mark sweep GC freed 3(96B) AllocSpace objects, 0(0B) LOS objects, 29% free, 37MB/53MB, paused 986us total 37.460ms
08-05 13:38:21.877  2324  2336 I art     : Starting a blocking GC Explicit
08-05 13:38:21.927  2324  2336 I art     : Explicit concurrent mark sweep GC freed 1374(81KB) AllocSpace objects, 1(20KB) LOS objects, 29% free, 37MB/53MB, paused 1.077ms total 49.840ms
08-05 13:38:21.945  2324  2336 I art     : Starting a blocking GC Explicit
08-05 13:38:21.982  2324  2336 I art     : Explicit concurrent mark sweep GC freed 23(752B) AllocSpace objects, 0(0B) LOS objects, 29% free, 37MB/53MB, paused 1.045ms total 36.515ms
08-05 13:38:21.992  2324  2336 I art     : Starting a blocking GC Explicit
08-05 13:38:22.030  2324  2336 I art     : Explicit concurrent mark sweep GC freed 3(96B) AllocSpace objects, 0(0B) LOS objects, 29% free, 37MB/53MB, paused 1.002ms total 37.202ms
08-05 13:38:22.041  2324  2336 I art     : Starting a blocking GC Explicit
08-05 13:38:22.079  2324  2336 I art     : Explicit concurrent mark sweep GC freed 3(96B) AllocSpace objects, 0(0B) LOS objects, 29% free, 37MB/53MB, paused 1.036ms total 37.668ms
08-05 13:38:22.090  2324  2336 I art     : Starting a blocking GC Explicit
08-05 13:38:22.128  2324  2336 I art     : Explicit concurrent mark sweep GC freed 3(96B) AllocSpace objects, 0(0B) LOS objects, 29% free, 37MB/53MB, paused 1.080ms total 37.431ms
08-05 13:38:22.410  2324  2904 I art     : Starting a blocking GC Explicit
08-05 13:38:22.457  2324  2904 I art     : Explicit concurrent mark sweep GC freed 1523(92KB) AllocSpace objects, 1(20KB) LOS objects, 30% free, 37MB/53MB, paused 1.004ms total 46.735ms
08-05 13:38:22.471  2324  2904 I art     : Starting a blocking GC Explicit
08-05 13:38:22.508  2324  2904 I art     : Explicit concurrent mark sweep GC freed 23(752B) AllocSpace objects, 0(0B) LOS objects, 30% free, 37MB/53MB, paused 911us total 36.304ms
08-05 13:38:22.519  2324  2904 I art     : Starting a blocking GC Explicit
08-05 13:38:22.553  2324  2904 I art     : Explicit concurrent mark sweep GC freed 3(96B) AllocSpace objects, 0(0B) LOS objects, 30% free, 37MB/53MB, paused 854us total 34.283ms
08-05 13:38:22.564  2324  2904 I art     : Starting a blocking GC Explicit
08-05 13:38:22.599  2324  2904 I art     : Explicit concurrent mark sweep GC freed 3(96B) AllocSpace objects, 0(0B) LOS objects, 30% free, 37MB/53MB, paused 913us total 34.813ms
08-05 13:38:22.610  2324  2904 I art     : Starting a blocking GC Explicit
08-05 13:38:22.644  2324  2904 I art     : Explicit concurrent mark sweep GC freed 3(96B) AllocSpace objects, 0(0B) LOS objects, 30% free, 37MB/53MB, paused 917us total 34.691ms
08-05 13:38:22.928  5005  5005 D AndroidRuntime: >>>>>> START com.android.internal.os.RuntimeInit uid 2000 <<<<<<
08-05 13:38:22.933  5005  5005 D AndroidRuntime: CheckJNI is OFF
08-05 13:38:22.961  2324  2404 I art     : Starting a blocking GC Explicit
08-05 13:38:22.967  5005  5005 D ICU     : No timezone override file found: /data/misc/zoneinfo/current/icu/icu_tzdata.dat
08-05 13:38:22.999  2324  2404 I art     : Explicit concurrent mark sweep GC freed 1372(80KB) AllocSpace objects, 1(20KB) LOS objects, 30% free, 37MB/53MB, paused 1.013ms total 37.117ms
08-05 13:38:23.002  5005  5005 I Radio-JNI: register_android_hardware_Radio DONE
08-05 13:38:23.009  2324  2404 I art     : Starting a blocking GC Explicit
08-05 13:38:23.025  5005  5005 D AndroidRuntime: Calling main entry com.android.commands.input.Input
08-05 13:38:23.027  5005  5005 I Input   : injectMotionEvent: MotionEvent { action=ACTION_DOWN, actionButton=0, id[0]=0, x[0]=1363.0, y[0]=517.0, toolType[0]=TOOL_TYPE_UNKNOWN, buttonState=0, metaState=0, flags=0x0, edgeFlags=0x0, pointerCount=1, historySize=0, eventTime=797919439, downTime=797919439, deviceId=0, source=0x1002 }
08-05 13:38:23.032  5005  5005 I Input   : injectMotionEvent: MotionEvent { action=ACTION_UP, actionButton=0, id[0]=0, x[0]=1363.0, y[0]=517.0, toolType[0]=TOOL_TYPE_UNKNOWN, buttonState=0, metaState=0, flags=0x0, edgeFlags=0x0, pointerCount=1, historySize=0, eventTime=797919439, downTime=797919439, deviceId=0, source=0x1002 }
08-05 13:38:23.035  5005  5005 D AndroidRuntime: Shutting down VM
08-05 13:38:23.045  2324  2404 I art     : Explicit concurrent mark sweep GC freed 28(880B) AllocSpace objects, 0(0B) LOS objects, 29% free, 37MB/53MB, paused 949us total 35.641ms
08-05 13:38:23.055   918  6111 I ActivityManager: START u0 {cmp=baseline.de.danoeh.antennapod.debug/baseline.de.danoeh.antennapod.activity.FeedSettingsActivity (has extras)} from uid 10695 on display 0
08-05 13:38:23.055   512  2967 D audio_hw_primary: out_set_parameters: enter: usecase(1: low-latency-playback) kvpairs: routing=2
08-05 13:38:23.056  2324  2404 I art     : Starting a blocking GC Explicit
08-05 13:38:23.068   512  2967 D audio_hw_primary: select_devices: out_snd_device(2: speaker) in_snd_device(0: none)
08-05 13:38:23.068   512  2967 D msm8974_platform: platform_send_audio_calibration: sending audio calibration for snd_device(2) acdb_id(15)
08-05 13:38:23.068   512  2967 I soundtrigger: audio_extn_sound_trigger_update_device_status: device 0x2 of type 0 for Event 1
08-05 13:38:23.080   512  2967 D audio_hw_primary: enable_snd_device: snd_device(2: speaker)
08-05 13:38:23.082   512  2967 D audio_hw_primary: enable_audio_route: apply and update mixer path: low-latency-playback speaker
08-05 13:38:23.093  2324  2404 I art     : Explicit concurrent mark sweep GC freed 608(52KB) AllocSpace objects, 0(0B) LOS objects, 29% free, 37MB/53MB, paused 1.782ms total 37.062ms
08-05 13:38:23.104  2324  2404 I art     : Starting a blocking GC Explicit
08-05 13:38:23.142  2324  2404 I art     : Explicit concurrent mark sweep GC freed 15519(659KB) AllocSpace objects, 0(0B) LOS objects, 29% free, 37MB/53MB, paused 1.369ms total 38.058ms
08-05 13:38:23.153  2324  2404 I art     : Starting a blocking GC Explicit
08-05 13:38:23.191  2324  2404 I art     : Explicit concurrent mark sweep GC freed 19231(802KB) AllocSpace objects, 0(0B) LOS objects, 29% free, 37MB/53MB, paused 1.365ms total 37.747ms
08-05 13:38:23.276  2324  2344 D DBReader: getFeed() called with: feedId = [2]
08-05 13:38:23.277  2324  2344 D DBReader: getFeedItemList() called with: feed = [baseline.de.danoeh.antennapod.core.feed.Feed@2]
08-05 13:38:23.350  2324  2344 W PodDBAdapter: Length of id array is larger than 800. Creating multiple cursors
08-05 13:38:23.370   918   936 I ActivityManager: Displayed baseline.de.danoeh.antennapod.debug/baseline.de.danoeh.antennapod.activity.FeedSettingsActivity: +302ms
08-05 13:38:23.372 13866 13866 I GoogleInputMethodServic: GoogleInputMethodService.onFinishInput():3138 
08-05 13:38:23.373 13866 13866 I GoogleInputMethodServic: GoogleInputMethodService.onStartInput():1808 
08-05 13:38:23.409  2324  2345 D OpenGLRenderer: endAllStagingAnimators on 0x7f7ecb5000 (RippleDrawable) with handle 0x7f7a22a940
08-05 13:38:23.425  2324  3357 D ApOkHttpUrlLoader: buildLoadData() called with: model = [http://static.libsyn.com/p/assets/7/1/f/3/71f3014e14ef2722/JREiTunesImage2.jpg], width = [1440], height = [462]
08-05 13:38:23.428 13866 13866 I GoogleInputMethodServic: GoogleInputMethodService.onStartInput():1808 
08-05 13:38:23.428 13866 13866 W SessionManager: SessionManager.beginSession():53 Try to begin an already begun session [INPUT_SESSION], end it first
08-05 13:38:23.436 13866 13866 I ShortcutsDataManager: ShortcutsDataManager.onContentChanged():89 onContentChanged()
08-05 13:38:23.438  2324  2324 D FeedSettingsActivity: No filter set
08-05 13:38:23.445   918  3696 W IntentResolver: resolveIntent: multiple matches, only some with CATEGORY_DEFAULT
08-05 13:38:23.454  2324  2336 I art     : Starting a blocking GC Explicit
08-05 13:38:23.499  2324  2336 I art     : Explicit concurrent mark sweep GC freed 29515(1286KB) AllocSpace objects, 3(52KB) LOS objects, 27% free, 42MB/58MB, paused 890us total 44.553ms
08-05 13:38:23.512  2324  2336 I art     : Starting a blocking GC Explicit
08-05 13:38:23.559  2324  2336 I art     : Explicit concurrent mark sweep GC freed 2487(146KB) AllocSpace objects, 0(0B) LOS objects, 27% free, 41MB/57MB, paused 1.086ms total 46.409ms
08-05 13:38:23.574  2324  2336 I art     : Starting a blocking GC Explicit
08-05 13:38:23.619   380   380 W SurfaceFlinger: couldn't log to binary event log: overflow.
08-05 13:38:23.628  2324  2336 I art     : Explicit concurrent mark sweep GC freed 15(672B) AllocSpace objects, 0(0B) LOS objects, 27% free, 41MB/57MB, paused 1.316ms total 53.324ms
08-05 13:38:23.629   512  2967 D audio_hw_primary: disable_audio_route: reset and update mixer path: low-latency-playback speaker
08-05 13:38:23.629  2324  2335 I art     : WaitForGcToComplete blocked for 54.259ms for cause HeapTrim
08-05 13:38:23.632   512  2967 D audio_hw_primary: disable_snd_device: snd_device(2: speaker)
08-05 13:38:23.641   512  2967 I soundtrigger: audio_extn_sound_trigger_update_device_status: device 0x2 of type 0 for Event 0
08-05 13:38:23.642  2324  2336 I art     : Starting a blocking GC Explicit
08-05 13:38:23.682  2324  2336 I art     : Explicit concurrent mark sweep GC freed 44(1984B) AllocSpace objects, 0(0B) LOS objects, 27% free, 41MB/57MB, paused 932us total 40.340ms
08-05 13:38:23.695  2324  2336 I art     : Starting a blocking GC Explicit
08-05 13:38:23.737  2324  2336 I art     : Explicit concurrent mark sweep GC freed 13(576B) AllocSpace objects, 0(0B) LOS objects, 27% free, 41MB/57MB, paused 893us total 41.740ms
08-05 13:38:23.758  2324  2324 D PlaybackController: Releasing PlaybackController
08-05 13:38:24.045  2324  2337 I art     : Starting a blocking GC Explicit
08-05 13:38:24.096  2324  2337 I art     : Explicit concurrent mark sweep GC freed 1817(102KB) AllocSpace objects, 1(20KB) LOS objects, 27% free, 41MB/57MB, paused 1.017ms total 51.205ms
08-05 13:38:24.110  2324  2337 I art     : Starting a blocking GC Explicit
08-05 13:38:24.157  2324  2337 I art     : Explicit concurrent mark sweep GC freed 79(2576B) AllocSpace objects, 0(0B) LOS objects, 27% free, 41MB/57MB, paused 1.082ms total 47.372ms
08-05 13:38:24.171  2324  2337 I art     : Starting a blocking GC Explicit
08-05 13:38:24.221  2324  2337 I art     : Explicit concurrent mark sweep GC freed 3(96B) AllocSpace objects, 0(0B) LOS objects, 27% free, 41MB/57MB, paused 976us total 49.927ms
08-05 13:38:24.235  2324  2337 I art     : Starting a blocking GC Explicit
08-05 13:38:24.284  2324  2337 I art     : Explicit concurrent mark sweep GC freed 3(96B) AllocSpace objects, 0(0B) LOS objects, 27% free, 41MB/57MB, paused 985us total 48.467ms
08-05 13:38:24.298  2324  2337 I art     : Starting a blocking GC Explicit
08-05 13:38:24.348  2324  2337 I art     : Explicit concurrent mark sweep GC freed 3(96B) AllocSpace objects, 0(0B) LOS objects, 27% free, 41MB/57MB, paused 1.051ms total 50.179ms
08-05 13:38:24.655  2324  2336 I art     : Starting a blocking GC Explicit
08-05 13:38:24.705  2324  2336 I art     : Explicit concurrent mark sweep GC freed 1401(81KB) AllocSpace objects, 1(20KB) LOS objects, 27% free, 41MB/57MB, paused 992us total 49.557ms
08-05 13:38:24.719  2324  2336 I art     : Starting a blocking GC Explicit
08-05 13:38:24.767  2324  2336 I art     : Explicit concurrent mark sweep GC freed 23(752B) AllocSpace objects, 0(0B) LOS objects, 27% free, 41MB/57MB, paused 1.083ms total 47.404ms
08-05 13:38:24.781  2324  2336 I art     : Starting a blocking GC Explicit
08-05 13:38:24.831  2324  2336 I art     : Explicit concurrent mark sweep GC freed 3(96B) AllocSpace objects, 0(0B) LOS objects, 27% free, 41MB/57MB, paused 992us total 49.552ms
08-05 13:38:24.844  2324  2336 I art     : Starting a blocking GC Explicit
08-05 13:38:24.893  2324  2336 I art     : Explicit concurrent mark sweep GC freed 4(128B) AllocSpace objects, 0(0B) LOS objects, 27% free, 41MB/57MB, paused 914us total 47.875ms
08-05 13:38:24.907  2324  2336 I art     : Starting a blocking GC Explicit
08-05 13:38:24.953  2324  2336 I art     : Explicit concurrent mark sweep GC freed 15(480B) AllocSpace objects, 0(0B) LOS objects, 27% free, 41MB/57MB, paused 975us total 46.412ms
08-05 13:38:25.295  2324  2336 I art     : Starting a blocking GC Explicit
08-05 13:38:25.348  2324  2336 I art     : Explicit concurrent mark sweep GC freed 1418(81KB) AllocSpace objects, 1(20KB) LOS objects, 27% free, 41MB/57MB, paused 1.281ms total 53.408ms
08-05 13:38:25.363  2324  2336 I art     : Starting a blocking GC Explicit
08-05 13:38:25.413  2324  2336 I art     : Explicit concurrent mark sweep GC freed 52(1536B) AllocSpace objects, 0(0B) LOS objects, 27% free, 41MB/57MB, paused 998us total 49.610ms
08-05 13:38:25.427  2324  2336 I art     : Starting a blocking GC Explicit
08-05 13:38:25.474  2324  2336 I art     : Explicit concurrent mark sweep GC freed 3(96B) AllocSpace objects, 0(0B) LOS objects, 27% free, 41MB/57MB, paused 1ms total 46.902ms
08-05 13:38:25.489  2324  2336 I art     : Starting a blocking GC Explicit
08-05 13:38:25.537  2324  2336 I art     : Explicit concurrent mark sweep GC freed 3(96B) AllocSpace objects, 0(0B) LOS objects, 27% free, 41MB/57MB, paused 1.046ms total 47.195ms
08-05 13:38:25.551  2324  2336 I art     : Starting a blocking GC Explicit
08-05 13:38:25.600  2324  2336 I art     : Explicit concurrent mark sweep GC freed 3(96B) AllocSpace objects, 0(0B) LOS objects, 27% free, 41MB/57MB, paused 975us total 48.763ms
08-05 13:38:25.934  2324  2337 I art     : Starting a blocking GC Explicit
08-05 13:38:25.991  2324  2337 I art     : Explicit concurrent mark sweep GC freed 1373(82KB) AllocSpace objects, 1(20KB) LOS objects, 27% free, 41MB/57MB, paused 945us total 57.256ms
08-05 13:38:26.005  2324  2337 I art     : Starting a blocking GC Explicit
08-05 13:38:26.051  2324  2337 I art     : Explicit concurrent mark sweep GC freed 23(752B) AllocSpace objects, 0(0B) LOS objects, 27% free, 41MB/57MB, paused 987us total 46.022ms
08-05 13:38:26.065  2324  2337 I art     : Starting a blocking GC Explicit
08-05 13:38:26.114  2324  2337 I art     : Explicit concurrent mark sweep GC freed 3(96B) AllocSpace objects, 0(0B) LOS objects, 27% free, 41MB/57MB, paused 962us total 48.360ms
08-05 13:38:26.128  2324  2337 I art     : Starting a blocking GC Explicit
08-05 13:38:26.176  2324  2337 I art     : Explicit concurrent mark sweep GC freed 3(96B) AllocSpace objects, 0(0B) LOS objects, 27% free, 41MB/57MB, paused 1.027ms total 47.689ms
08-05 13:38:26.190  2324  2337 I art     : Starting a blocking GC Explicit
08-05 13:38:26.240  2324  2337 I art     : Explicit concurrent mark sweep GC freed 3(96B) AllocSpace objects, 0(0B) LOS objects, 27% free, 41MB/57MB, paused 1.016ms total 49.445ms
08-05 13:38:26.397   918  3188 I hubconnection: sensorhub said: 'set_bias 3: -5.5968, 0.0000, 0.0000'
08-05 13:38:26.601  2324  2336 I art     : Starting a blocking GC Explicit
08-05 13:38:26.669  2324  2336 I art     : Explicit concurrent mark sweep GC freed 1402(82KB) AllocSpace objects, 1(20KB) LOS objects, 27% free, 41MB/57MB, paused 1.279ms total 67.206ms
08-05 13:38:26.686  2324  2336 I art     : Starting a blocking GC Explicit
08-05 13:38:26.735  2324  2336 I art     : Explicit concurrent mark sweep GC freed 23(752B) AllocSpace objects, 0(0B) LOS objects, 27% free, 41MB/57MB, paused 971us total 48.819ms
08-05 13:38:26.749  2324  2336 I art     : Starting a blocking GC Explicit
08-05 13:38:26.796  2324  2336 I art     : Explicit concurrent mark sweep GC freed 3(96B) AllocSpace objects, 0(0B) LOS objects, 27% free, 41MB/57MB, paused 973us total 47.307ms
08-05 13:38:26.810  2324  2336 I art     : Starting a blocking GC Explicit
08-05 13:38:26.858  2324  2336 I art     : Explicit concurrent mark sweep GC freed 3(96B) AllocSpace objects, 0(0B) LOS objects, 27% free, 41MB/57MB, paused 1.114ms total 48.538ms
08-05 13:38:26.872  2324  2336 I art     : Starting a blocking GC Explicit
08-05 13:38:26.883   918  3261 D WifiStateMachine: starting scan for "H369AA63323"WPA_PSK with 2412,5180
08-05 13:38:26.919  2324  2336 I art     : Explicit concurrent mark sweep GC freed 3(96B) AllocSpace objects, 0(0B) LOS objects, 27% free, 41MB/57MB, paused 978us total 46.819ms
08-05 13:38:27.255  2324  2337 I art     : Starting a blocking GC Explicit
08-05 13:38:27.314  2324  2337 I art     : Explicit concurrent mark sweep GC freed 2075(106KB) AllocSpace objects, 1(20KB) LOS objects, 27% free, 41MB/57MB, paused 974us total 58.640ms
08-05 13:38:27.327  2324  2337 I art     : Starting a blocking GC Explicit
08-05 13:38:27.370  2324  2337 I art     : Explicit concurrent mark sweep GC freed 23(752B) AllocSpace objects, 0(0B) LOS objects, 27% free, 41MB/57MB, paused 984us total 42.183ms
08-05 13:38:27.383  2324  2337 I art     : Starting a blocking GC Explicit
08-05 13:38:27.428  2324  2337 I art     : Explicit concurrent mark sweep GC freed 32(880B) AllocSpace objects, 0(0B) LOS objects, 27% free, 41MB/57MB, paused 1.037ms total 45.351ms
08-05 13:38:27.441  2324  2337 I art     : Starting a blocking GC Explicit
08-05 13:38:27.486  2324  2337 I art     : Explicit concurrent mark sweep GC freed 3(96B) AllocSpace objects, 0(0B) LOS objects, 27% free, 41MB/57MB, paused 1.032ms total 44.825ms
08-05 13:38:27.500  2324  2337 I art     : Starting a blocking GC Explicit
08-05 13:38:27.546  2324  2337 I art     : Explicit concurrent mark sweep GC freed 3(96B) AllocSpace objects, 0(0B) LOS objects, 27% free, 41MB/57MB, paused 1.015ms total 45.655ms
08-05 13:38:27.708  5108  5108 D AndroidRuntime: >>>>>> START com.android.internal.os.RuntimeInit uid 2000 <<<<<<
08-05 13:38:27.714  5108  5108 D AndroidRuntime: CheckJNI is OFF
08-05 13:38:27.746  5108  5108 D ICU     : No timezone override file found: /data/misc/zoneinfo/current/icu/icu_tzdata.dat
08-05 13:38:27.779  5108  5108 I Radio-JNI: register_android_hardware_Radio DONE
08-05 13:38:27.800  5108  5108 D AndroidRuntime: Calling main entry com.android.commands.input.Input
08-05 13:38:27.801  5108  5108 I Input   : injectKeyEvent: KeyEvent { action=ACTION_DOWN, keyCode=KEYCODE_BACK, scanCode=0, metaState=0, flags=0x0, repeatCount=0, eventTime=797924214, downTime=797924214, deviceId=-1, source=0x101 }
08-05 13:38:27.812  5108  5108 I Input   : injectKeyEvent: KeyEvent { action=ACTION_UP, keyCode=KEYCODE_BACK, scanCode=0, metaState=0, flags=0x0, repeatCount=0, eventTime=797924214, downTime=797924214, deviceId=-1, source=0x101 }
08-05 13:38:27.819  5108  5108 D AndroidRuntime: Shutting down VM
08-05 13:38:27.823  2324  2324 V PlaybackController: initServiceNotRunning()
08-05 13:38:27.823  2324  2324 D ExternalPlayerFragment: Loading media info
08-05 13:38:27.825  2324  2324 D ItemlistFragment: onEventMainThread() called with: event = [DownloadEvent{update=DownloaderUpdate{downloaders=[], feedIds=[], mediaIds=[]}}]
08-05 13:38:27.825  2324  3357 D ApOkHttpUrlLoader: buildLoadData() called with: model = [http://static.libsyn.com/p/assets/7/1/f/3/71f3014e14ef2722/JREiTunesImage2.jpg], width = [1440], height = [462]
08-05 13:38:27.828  2324  2324 D UserPreferences: Using default data folder
08-05 13:38:27.829  2324  2344 D DBReader: getNavDrawerData() called with: 
08-05 13:38:27.830  2324  2350 D DBReader: getFeed() called with: feedId = [2]
08-05 13:38:27.837  2324  2350 D DBReader: getFeedItemList() called with: feed = [baseline.de.danoeh.antennapod.core.feed.Feed@2]
08-05 13:38:27.842  2324  2324 D FeedMenuHandler: Preparing options menu
08-05 13:38:27.854  2324  2344 D DBReader: getDownloadedItems() called
08-05 13:38:27.855  2324  2344 D DBReader: getFavoriteIDList() called
08-05 13:38:27.856  2324  2344 D DBReader: getQueueIDList() called
08-05 13:38:27.856  2324  2344 D DBReader: Extracting Feedlist
08-05 13:38:27.869  2324  2904 I art     : Starting a blocking GC Explicit
08-05 13:38:27.879 13866 13866 I GoogleInputMethodServic: GoogleInputMethodService.onFinishInput():3138 
08-05 13:38:27.880 13866 13866 I GoogleInputMethodServic: GoogleInputMethodService.onStartInput():1808 
08-05 13:38:27.880 13866 13866 I ShortcutsDataManager: AbstractContentDataManager.startImportContentTask():208 startImportContentTask()
08-05 13:38:27.881 13866 13938 I ShortcutsDataManager: AbstractContentDataManager$ImportContentTask.doInBackground():222 doInBackground()
08-05 13:38:27.881 13866 13938 I PersonalDictionaryDataH: PersonalDictionaryDataHandler.beginProcess():111 LanguageTags = [en-US]
08-05 13:38:27.893 13866 13938 I ShortcutsDataManager: AbstractContentDataManager.importRecords():312 importRecords() : Success : Count = 0
08-05 13:38:27.897 13866 13938 I ShortcutsDataManager: AbstractContentDataManager.importContentData():262 importContentData() : Ending import process
08-05 13:38:27.903  2324  2324 D MainActivity: getLastNavFragment() -> 2
08-05 13:38:27.916  2324  2350 W PodDBAdapter: Length of id array is larger than 800. Creating multiple cursors
08-05 13:38:27.920 13866 13938 I PersonalLanguageModelUp: PersonalLanguageModelUpdater$UpdateOperation.performInternal():160 run() : Added 0 words and 0 shortcuts
08-05 13:38:27.921 13866 13938 I DynamicLanguageModelOpe: DynamicLanguageModelOperation.perform():37 perform() : 4 : coc : Completed
08-05 13:38:27.921 13866 13950 I Delight5Decoder: Delight5DecoderWrapper.loadLanguageModel():578 loadLanguageModel() : 4, version [n/a]
08-05 13:38:27.921 13866 13866 I ShortcutsDataManager: AbstractContentDataManager$ImportContentTask.onPostExecute():233 onPostExecute() : Result = [2,0]
08-05 13:38:27.921 13866 13866 I ShortcutsDataManager: ShortcutsDataManager.onImportFinished():99 onImportFinished() : Result = 2 : Count = 0
08-05 13:38:27.922 13866 13950 I Delight5Decoder: Delight5DecoderWrapper.loadLanguageModel():616 Loaded dynamic LM 4.en
08-05 13:38:27.923  2324  2904 I art     : Explicit concurrent mark sweep GC freed 7831(443KB) AllocSpace objects, 1(20KB) LOS objects, 25% free, 46MB/62MB, paused 1.764ms total 53.755ms
08-05 13:38:27.937  2324  2904 I art     : Starting a blocking GC Explicit
08-05 13:38:27.985  2324  2904 I art     : Explicit concurrent mark sweep GC freed 4568(146KB) AllocSpace objects, 1(16KB) LOS objects, 25% free, 46MB/62MB, paused 1.805ms total 47.701ms
08-05 13:38:27.986  2324  2350 D DBReader: getFavoriteIDList() called
08-05 13:38:27.987  2324  2350 D DBReader: getQueueIDList() called
08-05 13:38:27.988  2324  2350 D DBReader: Extracting Feedlist
08-05 13:38:27.991  2324  3357 D ApOkHttpUrlLoader: buildLoadData() called with: model = [http://static.libsyn.com/p/assets/7/1/f/3/71f3014e14ef2722/JREiTunesImage2.jpg], width = [1440], height = [462]
08-05 13:38:27.999  2324  2904 I art     : Starting a blocking GC Explicit
08-05 13:38:28.014  2324  2324 D FeedMenuHandler: Preparing options menu
08-05 13:38:28.047  2324  2904 I art     : Explicit concurrent mark sweep GC freed 31467(2MB) AllocSpace objects, 1(16KB) LOS objects, 25% free, 47MB/63MB, paused 1.225ms total 47.068ms
08-05 13:38:28.059  2324  2904 I art     : Starting a blocking GC Explicit
08-05 13:38:28.105  2324  2904 I art     : Explicit concurrent mark sweep GC freed 779(51KB) AllocSpace objects, 0(0B) LOS objects, 25% free, 47MB/63MB, paused 933us total 45.361ms
08-05 13:38:28.119  2324  2904 I art     : Starting a blocking GC Explicit
08-05 13:38:28.177  2324  2904 I art     : Explicit concurrent mark sweep GC freed 646(42KB) AllocSpace objects, 0(0B) LOS objects, 25% free, 47MB/63MB, paused 1.072ms total 58.293ms
08-05 13:38:28.191   380   380 W SurfaceFlinger: couldn't log to binary event log: overflow.
08-05 13:38:28.474  2324  2336 I art     : Starting a blocking GC Explicit
08-05 13:38:28.534  2324  2336 I art     : Explicit concurrent mark sweep GC freed 2019(108KB) AllocSpace objects, 1(20KB) LOS objects, 25% free, 47MB/63MB, paused 1.155ms total 60.009ms
08-05 13:38:28.554  2324  2336 I art     : Starting a blocking GC Explicit
08-05 13:38:28.560   918  1209 D NetworkMonitor/NetworkAgentInfo [WIFI () - 159]: Checking http://connectivitycheck.gstatic.com/generate_204 on "H369AA63323", 192.168.2.12=192.168.2.12
08-05 13:38:28.596  2324  2336 I art     : Explicit concurrent mark sweep GC freed 34779(2MB) AllocSpace objects, 44(2MB) LOS objects, 27% free, 42MB/58MB, paused 972us total 41.166ms
08-05 13:38:28.608  2324  2336 I art     : Starting a blocking GC Explicit
08-05 13:38:28.631   918  1209 D NetworkMonitor/NetworkAgentInfo [WIFI () - 159]: Probably not a portal: exception java.io.IOException: unexpected end of stream on Connection{connectivitycheck.gstatic.com:80, proxy=HTTP@/192.168.2.12:8080 hostAddress=192.168.2.12 cipherSuite=none protocol=http/1.1} (recycle count=0)
08-05 13:38:28.631   918  3263 D ConnectivityService: NetworkAgentInfo [WIFI () - 159] validation failed
08-05 13:38:28.632   918  3261 E WifiConfigStore:  rewrite network history for "H369AA63323"WPA_PSK
08-05 13:38:28.646  2324  2336 I art     : Explicit concurrent mark sweep GC freed 3(96B) AllocSpace objects, 0(0B) LOS objects, 27% free, 42MB/58MB, paused 969us total 37.804ms
08-05 13:38:28.657  2324  2336 I art     : Starting a blocking GC Explicit
08-05 13:38:28.694  2324  2336 I art     : Explicit concurrent mark sweep GC freed 3(96B) AllocSpace objects, 0(0B) LOS objects, 27% free, 42MB/58MB, paused 959us total 37.053ms
08-05 13:38:28.695  2324  2335 I art     : WaitForGcToComplete blocked for 11.706ms for cause HeapTrim
08-05 13:38:28.706  2324  2336 I art     : Starting a blocking GC Explicit
08-05 13:38:28.744  2324  2336 I art     : Explicit concurrent mark sweep GC freed 3(96B) AllocSpace objects, 0(0B) LOS objects, 27% free, 42MB/58MB, paused 969us total 38.130ms
08-05 13:38:29.055  2324  2904 I art     : Starting a blocking GC Explicit
08-05 13:38:29.100  2324  2904 I art     : Explicit concurrent mark sweep GC freed 1374(81KB) AllocSpace objects, 1(20KB) LOS objects, 27% free, 42MB/58MB, paused 1.002ms total 45.090ms
08-05 13:38:29.112  2324  2904 I art     : Starting a blocking GC Explicit
08-05 13:38:29.149  2324  2904 I art     : Explicit concurrent mark sweep GC freed 23(752B) AllocSpace objects, 0(0B) LOS objects, 27% free, 42MB/58MB, paused 1.001ms total 36.851ms
08-05 13:38:29.160  2324  2904 I art     : Starting a blocking GC Explicit
08-05 13:38:29.197  2324  2904 I art     : Explicit concurrent mark sweep GC freed 3(96B) AllocSpace objects, 0(0B) LOS objects, 27% free, 42MB/58MB, paused 975us total 36.282ms
08-05 13:38:29.208  2324  2904 I art     : Starting a blocking GC Explicit
08-05 13:38:29.244  2324  2904 I art     : Explicit concurrent mark sweep GC freed 3(96B) AllocSpace objects, 0(0B) LOS objects, 27% free, 42MB/58MB, paused 966us total 36ms
08-05 13:38:29.255  2324  2904 I art     : Starting a blocking GC Explicit
08-05 13:38:29.290  2324  2904 I art     : Explicit concurrent mark sweep GC freed 3(96B) AllocSpace objects, 0(0B) LOS objects, 27% free, 42MB/58MB, paused 981us total 35.458ms
08-05 13:38:29.481  5161  5161 D AndroidRuntime: >>>>>> START com.android.internal.os.RuntimeInit uid 2000 <<<<<<
08-05 13:38:29.487  5161  5161 D AndroidRuntime: CheckJNI is OFF
08-05 13:38:29.520  5161  5161 D ICU     : No timezone override file found: /data/misc/zoneinfo/current/icu/icu_tzdata.dat
08-05 13:38:29.551  5161  5161 I Radio-JNI: register_android_hardware_Radio DONE
08-05 13:38:29.573  5161  5161 D AndroidRuntime: Calling main entry com.android.commands.input.Input
08-05 13:38:29.574  5161  5161 I Input   : injectMotionEvent: MotionEvent { action=ACTION_DOWN, actionButton=0, id[0]=0, x[0]=1372.0, y[0]=384.0, toolType[0]=TOOL_TYPE_UNKNOWN, buttonState=0, metaState=0, flags=0x0, edgeFlags=0x0, pointerCount=1, historySize=0, eventTime=797925987, downTime=797925987, deviceId=0, source=0x1002 }
08-05 13:38:29.579  5161  5161 I Input   : injectMotionEvent: MotionEvent { action=ACTION_UP, actionButton=0, id[0]=0, x[0]=1372.0, y[0]=384.0, toolType[0]=TOOL_TYPE_UNKNOWN, buttonState=0, metaState=0, flags=0x0, edgeFlags=0x0, pointerCount=1, historySize=0, eventTime=797925987, downTime=797925987, deviceId=0, source=0x1002 }
08-05 13:38:29.580  5161  5161 D AndroidRuntime: Shutting down VM
08-05 13:38:29.594   918  3696 I ActivityManager: START u0 {cmp=baseline.de.danoeh.antennapod.debug/baseline.de.danoeh.antennapod.activity.FeedInfoActivity (has extras)} from uid 10695 on display 0
08-05 13:38:29.596  2324  2904 I art     : Starting a blocking GC Explicit
08-05 13:38:29.597   512  2967 D audio_hw_primary: out_set_parameters: enter: usecase(1: low-latency-playback) kvpairs: routing=2
08-05 13:38:29.610   512  2967 D audio_hw_primary: select_devices: out_snd_device(2: speaker) in_snd_device(0: none)
08-05 13:38:29.610   512  2967 D msm8974_platform: platform_send_audio_calibration: sending audio calibration for snd_device(2) acdb_id(15)
08-05 13:38:29.610   512  2967 I soundtrigger: audio_extn_sound_trigger_update_device_status: device 0x2 of type 0 for Event 1
08-05 13:38:29.620   512  2967 D audio_hw_primary: enable_snd_device: snd_device(2: speaker)
08-05 13:38:29.622   512  2967 D audio_hw_primary: enable_audio_route: apply and update mixer path: low-latency-playback speaker
08-05 13:38:29.633  2324  2904 I art     : Explicit concurrent mark sweep GC freed 1795(112KB) AllocSpace objects, 1(20KB) LOS objects, 27% free, 42MB/58MB, paused 1.440ms total 37.380ms
08-05 13:38:29.645  2324  2904 I art     : Starting a blocking GC Explicit
08-05 13:38:29.655  2324  2893 D DBReader: getFeed() called with: feedId = [2]
08-05 13:38:29.656  2324  2893 D DBReader: getFeedItemList() called with: feed = [baseline.de.danoeh.antennapod.core.feed.Feed@2]
08-05 13:38:29.662  2324  2324 D androidx.gridlayout.widget.GridLayout: horizontal constraints: x2-x0>=1328, x2-x1<=0, x1-x0<=242 are inconsistent; permanently removing: x2-x1<=0. 
08-05 13:38:29.662  2324  2324 D androidx.gridlayout.widget.GridLayout: vertical constraints: y3-y2>=80, y3-y2<=66, y2-y1<=94, y1-y0<=94 are inconsistent; permanently removing: y3-y2<=66. 
08-05 13:38:29.680  2324  2904 I art     : Explicit concurrent mark sweep GC freed 2875(137KB) AllocSpace objects, 0(0B) LOS objects, 27% free, 43MB/59MB, paused 1.268ms total 34.567ms
08-05 13:38:29.692  2324  2904 I art     : Starting a blocking GC Explicit
08-05 13:38:29.727   918   936 I ActivityManager: Displayed baseline.de.danoeh.antennapod.debug/baseline.de.danoeh.antennapod.activity.FeedInfoActivity: +115ms
08-05 13:38:29.727 13866 13866 I GoogleInputMethodServic: GoogleInputMethodService.onFinishInput():3138 
08-05 13:38:29.730 13866 13866 I GoogleInputMethodServic: GoogleInputMethodService.onStartInput():1808 
08-05 13:38:29.732  2324  2904 I art     : Explicit concurrent mark sweep GC freed 1667(41KB) AllocSpace objects, 0(0B) LOS objects, 26% free, 44MB/60MB, paused 1.565ms total 39.752ms
08-05 13:38:29.738  2324  2893 W PodDBAdapter: Length of id array is larger than 800. Creating multiple cursors
08-05 13:38:29.744  2324  2904 I art     : Starting a blocking GC Explicit
08-05 13:38:29.746  2324  2345 D OpenGLRenderer: endAllStagingAnimators on 0x7f7ec9ac00 (RippleDrawable) with handle 0x7f7cb44200
08-05 13:38:29.784  2324  2904 I art     : Explicit concurrent mark sweep GC freed 1925(195KB) AllocSpace objects, 1(16KB) LOS objects, 26% free, 44MB/60MB, paused 1.112ms total 40.424ms
08-05 13:38:29.797  2324  2904 I art     : Starting a blocking GC Explicit
08-05 13:38:29.805  2324  2324 D FeedInfoActivity: Language is en
08-05 13:38:29.805  2324  2324 D FeedInfoActivity: Author is Joe Rogan
08-05 13:38:29.805  2324  2324 D FeedInfoActivity: URL is http://joeroganexp.joerogan.libsynpro.com/rss
08-05 13:38:29.808  2324  3357 D ApOkHttpUrlLoader: buildLoadData() called with: model = [http://static.libsyn.com/p/assets/7/1/f/3/71f3014e14ef2722/JREiTunesImage2.jpg], width = [1440], height = [462]
08-05 13:38:29.816   918  3696 W IntentResolver: resolveIntent: multiple matches, only some with CATEGORY_DEFAULT
08-05 13:38:29.829  2324  2324 D androidx.gridlayout.widget.GridLayout: horizontal constraints: x2-x0>=1328, x2-x1<=232, x1-x0<=242 are inconsistent; permanently removing: x2-x1<=232. 
08-05 13:38:29.829  2324  2324 D androidx.gridlayout.widget.GridLayout: vertical constraints: y3-y2>=80, y3-y2<=66, y2-y1<=94, y1-y0<=94 are inconsistent; permanently removing: y3-y2<=66. 
08-05 13:38:29.841  2324  2904 I art     : Explicit concurrent mark sweep GC freed 5937(140KB) AllocSpace objects, 0(0B) LOS objects, 25% free, 47MB/63MB, paused 1.196ms total 44.011ms
08-05 13:38:29.977   380   380 W SurfaceFlinger: couldn't log to binary event log: overflow.
08-05 13:38:30.101  2324  2404 I art     : Starting a blocking GC Explicit
08-05 13:38:30.106  2324  2324 D PlaybackController: Releasing PlaybackController
08-05 13:38:30.162   512  2967 D audio_hw_primary: disable_audio_route: reset and update mixer path: low-latency-playback speaker
08-05 13:38:30.163  2324  2404 I art     : Explicit concurrent mark sweep GC freed 3386(160KB) AllocSpace objects, 2(36KB) LOS objects, 25% free, 47MB/63MB, paused 1.951ms total 60.989ms
08-05 13:38:30.163   512  2967 D audio_hw_primary: disable_snd_device: snd_device(2: speaker)
08-05 13:38:30.170   512  2967 I soundtrigger: audio_extn_sound_trigger_update_device_status: device 0x2 of type 0 for Event 0
08-05 13:38:30.174  2324  2404 I art     : Starting a blocking GC Explicit
08-05 13:38:30.216  2324  2404 I art     : Explicit concurrent mark sweep GC freed 282(21KB) AllocSpace objects, 0(0B) LOS objects, 25% free, 47MB/63MB, paused 921us total 41.360ms
08-05 13:38:30.228  2324  2404 I art     : Starting a blocking GC Explicit
08-05 13:38:30.271  2324  2404 I art     : Explicit concurrent mark sweep GC freed 3(96B) AllocSpace objects, 0(0B) LOS objects, 25% free, 47MB/63MB, paused 973us total 42.377ms
08-05 13:38:30.283  2324  2404 I art     : Starting a blocking GC Explicit
08-05 13:38:30.329  2324  2404 I art     : Explicit concurrent mark sweep GC freed 3(96B) AllocSpace objects, 0(0B) LOS objects, 25% free, 47MB/63MB, paused 991us total 45.351ms
08-05 13:38:30.342  2324  2404 I art     : Starting a blocking GC Explicit
08-05 13:38:30.389  2324  2404 I art     : Explicit concurrent mark sweep GC freed 3(96B) AllocSpace objects, 0(0B) LOS objects, 25% free, 47MB/63MB, paused 1.003ms total 46.993ms
08-05 13:38:30.706  2324  2336 I art     : Starting a blocking GC Explicit
08-05 13:38:30.773  2324  2336 I art     : Explicit concurrent mark sweep GC freed 1401(81KB) AllocSpace objects, 1(20KB) LOS objects, 25% free, 47MB/63MB, paused 1.058ms total 66.783ms
08-05 13:38:30.791  2324  2336 I art     : Starting a blocking GC Explicit
08-05 13:38:30.839  2324  2336 I art     : Explicit concurrent mark sweep GC freed 23(752B) AllocSpace objects, 0(0B) LOS objects, 25% free, 47MB/63MB, paused 1.056ms total 48.009ms
08-05 13:38:30.852  2324  2336 I art     : Starting a blocking GC Explicit
08-05 13:38:30.899  2324  2336 I art     : Explicit concurrent mark sweep GC freed 3(96B) AllocSpace objects, 0(0B) LOS objects, 25% free, 47MB/63MB, paused 971us total 46.639ms
08-05 13:38:30.912  2324  2336 I art     : Starting a blocking GC Explicit
08-05 13:38:30.961  2324  2336 I art     : Explicit concurrent mark sweep GC freed 3(96B) AllocSpace objects, 0(0B) LOS objects, 25% free, 47MB/63MB, paused 999us total 48.215ms
08-05 13:38:30.974  2324  2336 I art     : Starting a blocking GC Explicit
08-05 13:38:31.022  2324  2336 I art     : Explicit concurrent mark sweep GC freed 3(96B) AllocSpace objects, 0(0B) LOS objects, 25% free, 47MB/63MB, paused 972us total 47.919ms
08-05 13:38:31.323  2324  2404 I art     : Starting a blocking GC Explicit
08-05 13:38:31.375  2324  2404 I art     : Explicit concurrent mark sweep GC freed 1382(80KB) AllocSpace objects, 1(20KB) LOS objects, 25% free, 47MB/63MB, paused 983us total 51.649ms
08-05 13:38:31.389  2324  2404 I art     : Starting a blocking GC Explicit
08-05 13:38:31.437  2324  2404 I art     : Explicit concurrent mark sweep GC freed 60(1792B) AllocSpace objects, 0(0B) LOS objects, 25% free, 47MB/63MB, paused 928us total 46.910ms
08-05 13:38:31.450  2324  2404 I art     : Starting a blocking GC Explicit
08-05 13:38:31.497  2324  2404 I art     : Explicit concurrent mark sweep GC freed 10(320B) AllocSpace objects, 0(0B) LOS objects, 25% free, 47MB/63MB, paused 1.011ms total 46.911ms
08-05 13:38:31.511  2324  2404 I art     : Starting a blocking GC Explicit
08-05 13:38:31.556  2324  2404 I art     : Explicit concurrent mark sweep GC freed 5(160B) AllocSpace objects, 0(0B) LOS objects, 25% free, 47MB/63MB, paused 944us total 45.341ms
08-05 13:38:31.569  2324  2404 I art     : Starting a blocking GC Explicit
08-05 13:38:31.615  2324  2404 I art     : Explicit concurrent mark sweep GC freed 3(96B) AllocSpace objects, 0(0B) LOS objects, 25% free, 47MB/63MB, paused 1.017ms total 46.013ms
08-05 13:38:31.953  2324  2336 I art     : Starting a blocking GC Explicit
08-05 13:38:32.010  2324  2336 I art     : Explicit concurrent mark sweep GC freed 1373(82KB) AllocSpace objects, 1(20KB) LOS objects, 25% free, 47MB/63MB, paused 914us total 56.959ms
08-05 13:38:32.024  2324  2336 I art     : Starting a blocking GC Explicit
08-05 13:38:32.072  2324  2336 I art     : Explicit concurrent mark sweep GC freed 23(752B) AllocSpace objects, 0(0B) LOS objects, 25% free, 47MB/63MB, paused 969us total 48.383ms
08-05 13:38:32.086  2324  2336 I art     : Starting a blocking GC Explicit
08-05 13:38:32.108 32409 32409 I ServiceManager: Waiting for service AtCmdFwd...
08-05 13:38:32.132  2324  2336 I art     : Explicit concurrent mark sweep GC freed 3(96B) AllocSpace objects, 0(0B) LOS objects, 25% free, 47MB/63MB, paused 967us total 45.635ms
08-05 13:38:32.145  2324  2336 I art     : Starting a blocking GC Explicit
08-05 13:38:32.193  2324  2336 I art     : Explicit concurrent mark sweep GC freed 3(96B) AllocSpace objects, 0(0B) LOS objects, 25% free, 47MB/63MB, paused 969us total 48.194ms
08-05 13:38:32.207  2324  2336 I art     : Starting a blocking GC Explicit
08-05 13:38:32.254  2324  2336 I art     : Explicit concurrent mark sweep GC freed 3(96B) AllocSpace objects, 0(0B) LOS objects, 25% free, 47MB/63MB, paused 971us total 47.589ms
08-05 13:38:32.563  2324  2337 I art     : Starting a blocking GC Explicit
08-05 13:38:32.612  2324  2337 I art     : Explicit concurrent mark sweep GC freed 1402(82KB) AllocSpace objects, 1(20KB) LOS objects, 25% free, 47MB/63MB, paused 979us total 49.120ms
08-05 13:38:32.626  2324  2337 I art     : Starting a blocking GC Explicit
08-05 13:38:32.672  2324  2337 I art     : Explicit concurrent mark sweep GC freed 23(752B) AllocSpace objects, 0(0B) LOS objects, 25% free, 47MB/63MB, paused 994us total 46.430ms
08-05 13:38:32.686  2324  2337 I art     : Starting a blocking GC Explicit
08-05 13:38:32.734  2324  2337 I art     : Explicit concurrent mark sweep GC freed 3(96B) AllocSpace objects, 0(0B) LOS objects, 25% free, 47MB/63MB, paused 959us total 48.374ms
08-05 13:38:32.748  2324  2337 I art     : Starting a blocking GC Explicit
08-05 13:38:32.795  2324  2337 I art     : Explicit concurrent mark sweep GC freed 3(96B) AllocSpace objects, 0(0B) LOS objects, 25% free, 47MB/63MB, paused 997us total 47.431ms
08-05 13:38:32.809  2324  2337 I art     : Starting a blocking GC Explicit
08-05 13:38:32.856  2324  2337 I art     : Explicit concurrent mark sweep GC freed 3(96B) AllocSpace objects, 0(0B) LOS objects, 25% free, 47MB/63MB, paused 990us total 47.488ms
08-05 13:38:33.109 32409 32409 I ServiceManager: Waiting for service AtCmdFwd...
08-05 13:38:33.185  2324  2904 I art     : Starting a blocking GC Explicit
08-05 13:38:33.239  2324  2904 I art     : Explicit concurrent mark sweep GC freed 2075(106KB) AllocSpace objects, 1(20KB) LOS objects, 25% free, 47MB/63MB, paused 909us total 53.013ms
08-05 13:38:33.251  2324  2904 I art     : Starting a blocking GC Explicit
08-05 13:38:33.290  2324  2904 I art     : Explicit concurrent mark sweep GC freed 23(752B) AllocSpace objects, 0(0B) LOS objects, 25% free, 47MB/63MB, paused 858us total 38.119ms
08-05 13:38:33.301  2324  2904 I art     : Starting a blocking GC Explicit
08-05 13:38:33.340  2324  2904 I art     : Explicit concurrent mark sweep GC freed 3(96B) AllocSpace objects, 0(0B) LOS objects, 25% free, 47MB/63MB, paused 856us total 38.428ms
08-05 13:38:33.351  2324  2904 I art     : Starting a blocking GC Explicit
08-05 13:38:33.390  2324  2904 I art     : Explicit concurrent mark sweep GC freed 3(96B) AllocSpace objects, 0(0B) LOS objects, 25% free, 47MB/63MB, paused 908us total 38.460ms
08-05 13:38:33.402  2324  2904 I art     : Starting a blocking GC Explicit
08-05 13:38:33.440  2324  2904 I art     : Explicit concurrent mark sweep GC freed 32(880B) AllocSpace objects, 0(0B) LOS objects, 25% free, 47MB/63MB, paused 857us total 38.353ms
08-05 13:38:33.772  2324  2336 I art     : Starting a blocking GC Explicit
08-05 13:38:33.832  2324  2336 I art     : Explicit concurrent mark sweep GC freed 2261(112KB) AllocSpace objects, 1(20KB) LOS objects, 25% free, 47MB/63MB, paused 926us total 60.016ms
08-05 13:38:33.845  2324  2336 I art     : Starting a blocking GC Explicit
08-05 13:38:33.886  2324  2336 I art     : Explicit concurrent mark sweep GC freed 27(912B) AllocSpace objects, 0(0B) LOS objects, 25% free, 47MB/63MB, paused 894us total 40.606ms
08-05 13:38:33.899  2324  2336 I art     : Starting a blocking GC Explicit
08-05 13:38:33.944  2324  2336 I art     : Explicit concurrent mark sweep GC freed 3(96B) AllocSpace objects, 0(0B) LOS objects, 25% free, 47MB/63MB, paused 977us total 44.345ms
08-05 13:38:33.956  2324  2336 I art     : Starting a blocking GC Explicit
08-05 13:38:34.000  2324  2336 I art     : Explicit concurrent mark sweep GC freed 3(96B) AllocSpace objects, 0(0B) LOS objects, 25% free, 47MB/63MB, paused 978us total 43.904ms
08-05 13:38:34.013  2324  2336 I art     : Starting a blocking GC Explicit
08-05 13:38:34.058  2324  2336 I art     : Explicit concurrent mark sweep GC freed 3(96B) AllocSpace objects, 0(0B) LOS objects, 25% free, 47MB/63MB, paused 1.107ms total 44.670ms
08-05 13:38:34.109 32409 32409 I ServiceManager: Waiting for service AtCmdFwd...
08-05 13:38:34.252  5276  5276 D AndroidRuntime: >>>>>> START com.android.internal.os.RuntimeInit uid 2000 <<<<<<
08-05 13:38:34.257  5276  5276 D AndroidRuntime: CheckJNI is OFF
08-05 13:38:34.289  5276  5276 D ICU     : No timezone override file found: /data/misc/zoneinfo/current/icu/icu_tzdata.dat
08-05 13:38:34.321  5276  5276 I Radio-JNI: register_android_hardware_Radio DONE
08-05 13:38:34.344  5276  5276 D AndroidRuntime: Calling main entry com.android.commands.input.Input
08-05 13:38:34.345  5276  5276 I Input   : injectKeyEvent: KeyEvent { action=ACTION_DOWN, keyCode=KEYCODE_BACK, scanCode=0, metaState=0, flags=0x0, repeatCount=0, eventTime=797930758, downTime=797930758, deviceId=-1, source=0x101 }
08-05 13:38:34.350  5276  5276 I Input   : injectKeyEvent: KeyEvent { action=ACTION_UP, keyCode=KEYCODE_BACK, scanCode=0, metaState=0, flags=0x0, repeatCount=0, eventTime=797930758, downTime=797930758, deviceId=-1, source=0x101 }
08-05 13:38:34.356  5276  5276 D AndroidRuntime: Shutting down VM
08-05 13:38:34.359  2324  2324 V PlaybackController: initServiceNotRunning()
08-05 13:38:34.360  2324  2324 D ExternalPlayerFragment: Loading media info
08-05 13:38:34.361  2324  2324 D ItemlistFragment: onEventMainThread() called with: event = [DownloadEvent{update=DownloaderUpdate{downloaders=[], feedIds=[], mediaIds=[]}}]
08-05 13:38:34.362  2324  3357 D ApOkHttpUrlLoader: buildLoadData() called with: model = [http://static.libsyn.com/p/assets/7/1/f/3/71f3014e14ef2722/JREiTunesImage2.jpg], width = [1440], height = [462]
08-05 13:38:34.365  2324  2324 D UserPreferences: Using default data folder
08-05 13:38:34.365  2324  2893 D DBReader: getNavDrawerData() called with: 
08-05 13:38:34.365  2324  2344 D DBReader: getFeed() called with: feedId = [2]
08-05 13:38:34.367  2324  2344 D DBReader: getFeedItemList() called with: feed = [baseline.de.danoeh.antennapod.core.feed.Feed@2]
08-05 13:38:34.376  2324  2324 D FeedMenuHandler: Preparing options menu
08-05 13:38:34.389  2324  2404 I art     : Starting a blocking GC Explicit
08-05 13:38:34.392  2324  2893 D DBReader: getDownloadedItems() called
08-05 13:38:34.393  2324  2893 D DBReader: getFavoriteIDList() called
08-05 13:38:34.393  2324  2893 D DBReader: getQueueIDList() called
08-05 13:38:34.394  2324  2893 D DBReader: Extracting Feedlist
08-05 13:38:34.417  2324  2324 D MainActivity: getLastNavFragment() -> 2
08-05 13:38:34.417 13866 13866 I GoogleInputMethodServic: GoogleInputMethodService.onFinishInput():3138 
08-05 13:38:34.418 13866 13866 I GoogleInputMethodServic: GoogleInputMethodService.onStartInput():1808 
08-05 13:38:34.439  2324  2404 I art     : Explicit concurrent mark sweep GC freed 4823(221KB) AllocSpace objects, 1(20KB) LOS objects, 23% free, 51MB/67MB, paused 1.934ms total 49.389ms
08-05 13:38:34.446  2324  2344 W PodDBAdapter: Length of id array is larger than 800. Creating multiple cursors
08-05 13:38:34.452  2324  2404 I art     : Starting a blocking GC Explicit
08-05 13:38:34.500  2324  2404 I art     : Explicit concurrent mark sweep GC freed 3439(280KB) AllocSpace objects, 1(16KB) LOS objects, 23% free, 51MB/67MB, paused 1.141ms total 47.368ms
08-05 13:38:34.513  2324  2404 I art     : Starting a blocking GC Explicit
08-05 13:38:34.516  2324  2344 D DBReader: getFavoriteIDList() called
08-05 13:38:34.516  2324  2344 D DBReader: getQueueIDList() called
08-05 13:38:34.517  2324  2344 D DBReader: Extracting Feedlist
08-05 13:38:34.520  2324  3357 D ApOkHttpUrlLoader: buildLoadData() called with: model = [http://static.libsyn.com/p/assets/7/1/f/3/71f3014e14ef2722/JREiTunesImage2.jpg], width = [1440], height = [462]
08-05 13:38:34.539  2324  2324 D FeedMenuHandler: Preparing options menu
08-05 13:38:34.557  2324  2404 I art     : Explicit concurrent mark sweep GC freed 34620(2MB) AllocSpace objects, 1(16KB) LOS objects, 23% free, 52MB/68MB, paused 1.505ms total 43.874ms
08-05 13:38:34.569  2324  2404 I art     : Starting a blocking GC Explicit
08-05 13:38:34.608  2324  2404 I art     : Explicit concurrent mark sweep GC freed 746(49KB) AllocSpace objects, 0(0B) LOS objects, 23% free, 52MB/68MB, paused 863us total 39.537ms
08-05 13:38:34.620  2324  2404 I art     : Starting a blocking GC Explicit
08-05 13:38:34.660  2324  2404 I art     : Explicit concurrent mark sweep GC freed 756(50KB) AllocSpace objects, 0(0B) LOS objects, 23% free, 52MB/68MB, paused 834us total 39.440ms
08-05 13:38:34.732   380   380 W SurfaceFlinger: couldn't log to binary event log: overflow.
08-05 13:38:34.928  2324  2904 I art     : Starting a blocking GC Explicit
08-05 13:38:34.977  2324  2904 I art     : Explicit concurrent mark sweep GC freed 1980(107KB) AllocSpace objects, 1(20KB) LOS objects, 23% free, 52MB/68MB, paused 1.002ms total 48.686ms
08-05 13:38:34.990  2324  2904 I art     : Starting a blocking GC Explicit
08-05 13:38:35.028  2324  2904 I art     : Explicit concurrent mark sweep GC freed 29265(2MB) AllocSpace objects, 3(84KB) LOS objects, 24% free, 50MB/66MB, paused 931us total 37.764ms
08-05 13:38:35.039  2324  2904 I art     : Starting a blocking GC Explicit
08-05 13:38:35.077  2324  2904 I art     : Explicit concurrent mark sweep GC freed 3(96B) AllocSpace objects, 0(0B) LOS objects, 24% free, 50MB/66MB, paused 1.034ms total 37.630ms
08-05 13:38:35.088  2324  2904 I art     : Starting a blocking GC Explicit
08-05 13:38:35.110 32409 32409 I ServiceManager: Waiting for service AtCmdFwd...
08-05 13:38:35.127  2324  2904 I art     : Explicit concurrent mark sweep GC freed 3(96B) AllocSpace objects, 0(0B) LOS objects, 24% free, 50MB/66MB, paused 1.074ms total 38.889ms
08-05 13:38:35.139  2324  2904 I art     : Starting a blocking GC Explicit
08-05 13:38:35.178  2324  2904 I art     : Explicit concurrent mark sweep GC freed 3(96B) AllocSpace objects, 0(0B) LOS objects, 24% free, 50MB/66MB, paused 1.063ms total 38.178ms
08-05 13:38:35.485  2324  2404 I art     : Starting a blocking GC Explicit
08-05 13:38:35.534  2324  2404 I art     : Explicit concurrent mark sweep GC freed 1403(82KB) AllocSpace objects, 1(20KB) LOS objects, 24% free, 50MB/66MB, paused 1.066ms total 49.310ms
08-05 13:38:35.551  2324  2404 I art     : Starting a blocking GC Explicit
08-05 13:38:35.590  2324  2404 I art     : Explicit concurrent mark sweep GC freed 23(752B) AllocSpace objects, 0(0B) LOS objects, 24% free, 50MB/66MB, paused 924us total 38.202ms
08-05 13:38:35.601  2324  2404 I art     : Starting a blocking GC Explicit
08-05 13:38:35.638  2324  2404 I art     : Explicit concurrent mark sweep GC freed 3(96B) AllocSpace objects, 0(0B) LOS objects, 24% free, 50MB/66MB, paused 1.046ms total 36.797ms
08-05 13:38:35.650  2324  2404 I art     : Starting a blocking GC Explicit
08-05 13:38:35.686  2324  2404 I art     : Explicit concurrent mark sweep GC freed 3(96B) AllocSpace objects, 0(0B) LOS objects, 24% free, 50MB/66MB, paused 991us total 36.278ms
08-05 13:38:35.697  2324  2404 I art     : Starting a blocking GC Explicit
08-05 13:38:35.734  2324  2404 I art     : Explicit concurrent mark sweep GC freed 3(96B) AllocSpace objects, 0(0B) LOS objects, 24% free, 50MB/66MB, paused 989us total 36.120ms
08-05 13:38:36.004  5319  5319 D AndroidRuntime: >>>>>> START com.android.internal.os.RuntimeInit uid 2000 <<<<<<
08-05 13:38:36.009  5319  5319 D AndroidRuntime: CheckJNI is OFF
08-05 13:38:36.022  2324  2904 I art     : Starting a blocking GC Explicit
08-05 13:38:36.048  5319  5319 D ICU     : No timezone override file found: /data/misc/zoneinfo/current/icu/icu_tzdata.dat
08-05 13:38:36.063  2324  2904 I art     : Explicit concurrent mark sweep GC freed 1380(82KB) AllocSpace objects, 1(20KB) LOS objects, 24% free, 50MB/66MB, paused 1.024ms total 40.776ms
08-05 13:38:36.075  2324  2904 I art     : Starting a blocking GC Explicit
08-05 13:38:36.085  5319  5319 I Radio-JNI: register_android_hardware_Radio DONE
08-05 13:38:36.107  5319  5319 D AndroidRuntime: Calling main entry com.android.commands.input.Input
08-05 13:38:36.109  5319  5319 I Input   : injectMotionEvent: MotionEvent { action=ACTION_DOWN, actionButton=0, id[0]=0, x[0]=733.0, y[0]=896.0, toolType[0]=TOOL_TYPE_UNKNOWN, buttonState=0, metaState=0, flags=0x0, edgeFlags=0x0, pointerCount=1, historySize=0, eventTime=797932522, downTime=797932522, deviceId=0, source=0x1002 }
08-05 13:38:36.112  2324  2904 I art     : Explicit concurrent mark sweep GC freed 29(944B) AllocSpace objects, 0(0B) LOS objects, 24% free, 50MB/66MB, paused 1.016ms total 36.405ms
08-05 13:38:36.113 32409 32409 I ServiceManager: Waiting for service AtCmdFwd...
08-05 13:38:36.115  5319  5319 I Input   : injectMotionEvent: MotionEvent { action=ACTION_UP, actionButton=0, id[0]=0, x[0]=733.0, y[0]=896.0, toolType[0]=TOOL_TYPE_UNKNOWN, buttonState=0, metaState=0, flags=0x0, edgeFlags=0x0, pointerCount=1, historySize=0, eventTime=797932522, downTime=797932522, deviceId=0, source=0x1002 }
08-05 13:38:36.117  5319  5319 D AndroidRuntime: Shutting down VM
08-05 13:38:36.122  2324  2904 I art     : Starting a blocking GC Explicit
08-05 13:38:36.155  2324  2904 I art     : Explicit concurrent mark sweep GC freed 30(960B) AllocSpace objects, 0(0B) LOS objects, 24% free, 50MB/66MB, paused 864us total 32.678ms
08-05 13:38:36.166  2324  2904 I art     : Starting a blocking GC Explicit
08-05 13:38:36.186   512  2967 D audio_hw_primary: out_set_parameters: enter: usecase(1: low-latency-playback) kvpairs: routing=2
08-05 13:38:36.199   512  2967 D audio_hw_primary: select_devices: out_snd_device(2: speaker) in_snd_device(0: none)
08-05 13:38:36.199   512  2967 D msm8974_platform: platform_send_audio_calibration: sending audio calibration for snd_device(2) acdb_id(15)
08-05 13:38:36.199   512  2967 I soundtrigger: audio_extn_sound_trigger_update_device_status: device 0x2 of type 0 for Event 1
08-05 13:38:36.200  2324  2904 I art     : Explicit concurrent mark sweep GC freed 33(1408B) AllocSpace objects, 0(0B) LOS objects, 24% free, 50MB/66MB, paused 1.053ms total 34.095ms
08-05 13:38:36.208   512  2967 D audio_hw_primary: enable_snd_device: snd_device(2: speaker)
08-05 13:38:36.211   512  2967 D audio_hw_primary: enable_audio_route: apply and update mixer path: low-latency-playback speaker
08-05 13:38:36.212  2324  2904 I art     : Starting a blocking GC Explicit
08-05 13:38:36.217  2324  2324 I WebViewFactory: Loading com.google.android.webview version 84.0.4147.89 (code 414708953)
08-05 13:38:36.249  2324  2904 I art     : Explicit concurrent mark sweep GC freed 970(68KB) AllocSpace objects, 0(0B) LOS objects, 24% free, 50MB/66MB, paused 1.272ms total 36.745ms
08-05 13:38:36.286  2324  2324 I cr_LibraryLoader: Loaded native library version number "84.0.4147.89"
08-05 13:38:36.287  2324  2324 I cr_CachingUmaRecorder: Flushed 5 samples from 5 histograms.
08-05 13:38:36.295   918  6029 I ActivityManager: Start proc 5347:com.google.android.webview:webview_service/u0a74 for service com.google.android.webview/org.chromium.android_webview.services.VariationsSeedServer
08-05 13:38:36.317  2324  2324 E chromium: [ERROR:filesystem_posix.cc(62)] mkdir /data/user/0/baseline.de.danoeh.antennapod.debug/cache/WebView/Crashpad: No such file or directory (2)
08-05 13:38:36.341  5347  5347 I LoadedApk: No resource references to update in package com.google.android.webview_translations
08-05 13:38:36.391   918  5952 D ConnectivityService: listenForNetwork for Listen from uid/pid:10695/2324 for NetworkRequest [ id=3294, legacyType=-1, [ Capabilities: INTERNET&NOT_RESTRICTED&TRUSTED] ]
08-05 13:38:36.430  2324  2350 D DBReader: getFeedItem() called with: itemId = [2]
08-05 13:38:36.431  2324  2350 D DBReader: Loading feeditem with id 2
08-05 13:38:36.431  2324  2324 D ItemFragment: onEventMainThread() called with: event = [DownloadEvent{update=DownloaderUpdate{downloaders=[], feedIds=[], mediaIds=[]}}]
08-05 13:38:36.433  2324  2350 D DBReader: getFavoriteIDList() called
08-05 13:38:36.433  2324  2350 D DBReader: getQueueIDList() called
08-05 13:38:36.434  2324  2350 D DBReader: Extracting Feedlist
08-05 13:38:36.436 13866 13866 I GoogleInputMethodServic: GoogleInputMethodService.onFinishInput():3138 
08-05 13:38:36.436 13866 13866 I GoogleInputMethodServic: GoogleInputMethodService.onStartInput():1808 
08-05 13:38:36.440  2324  2350 D DBReader: loadExtraInformationOfFeedItem() called with: item = [FeedItem[autoDownload=1,chapters=<null>,contentEncoded=<null>,description=<null>,feed=baseline.de.danoeh.antennapod.core.feed.Feed@e6048f1,feedId=2,flattrStatus=baseline.de.danoeh.antennapod.core.util.flattr.FlattrStatus@9eacd6,hasChapters=false,imageUrl=http://static.libsyn.com/p/assets/2/7/8/6/278615fe73b1f0ca/JRE1514.jpg,itemIdentifier=a0870b6b-c887-4883-930c-a06d5e1a8f7e,link=http://traffic.libsyn.com/joeroganexp/p1514.mp3,media=baseline.de.danoeh.antennapod.core.feed.FeedMedia@fbcfb57,paymentLink=<null>,pubDate=Fri Jul 24 21:00:00 GMT+02:00 2020,state=-1,tags=[],title=#1514 - Joe De Sena,id=2]]
08-05 13:38:36.445  2324  2324 E libEGL  : validate_display:255 error 3008 (EGL_BAD_DISPLAY)
08-05 13:38:36.497   918   935 D BluetoothManagerService: Added callback: android.bluetooth.IBluetoothManagerCallback$Stub$Proxy@d75165c:true
08-05 13:38:36.507  2324  3357 D ApOkHttpUrlLoader: buildLoadData() called with: model = [http://static.libsyn.com/p/assets/2/7/8/6/278615fe73b1f0ca/JRE1514.jpg], width = [175], height = [175]
08-05 13:38:36.509  2324  3115 D DBReader: getImageAuthentication() called with: imageUrl = [http://static.libsyn.com/p/assets/2/7/8/6/278615fe73b1f0ca/JRE1514.jpg]
08-05 13:38:36.513  2324  3115 D ApOkHttpUrlLoader: no credentials for 'http://static.libsyn.com/p/assets/2/7/8/6/278615fe73b1f0ca/JRE1514.jpg'
08-05 13:38:36.550  2324  2337 I art     : Starting a blocking GC Explicit
08-05 13:38:36.597  2324  2337 I art     : Explicit concurrent mark sweep GC freed 12701(1040KB) AllocSpace objects, 4(128KB) LOS objects, 23% free, 51MB/67MB, paused 1.571ms total 46.431ms
08-05 13:38:36.610  2324  2337 I art     : Starting a blocking GC Explicit
08-05 13:38:36.629  2324  3115 D MYTAG   : interceptor 2a
08-05 13:38:36.630  2324  3115 I NAPPA_EXPERIMENTATION: MetricNetworkRequestExecutionTime: REQUEST_DURATION_SYSTEM='116',REQUEST_DURATION_OKHTTP='116',REQUEST_SYNCHRONOUS='TRUE',RESPONSE_CODE='200',RESPONSE_METHOD='GET',RESPONSE_LENGTH_OKHTTP='364960',RESPONSE_LENGTH_HEADER='364960',REQUEST_PROTOCOL='http/1.1',REQUEST_URL='http://static.libsyn.com/p/assets/2/7/8/6/278615fe73b1f0ca/JRE1514.jpg',
08-05 13:38:36.648  2324  2337 I art     : Explicit concurrent mark sweep GC freed 1652(111KB) AllocSpace objects, 4(112KB) LOS objects, 23% free, 51MB/67MB, paused 1.071ms total 37.167ms
08-05 13:38:36.659  2324  2337 I art     : Starting a blocking GC Explicit
08-05 13:38:36.697  2324  2337 I art     : Explicit concurrent mark sweep GC freed 67(11KB) AllocSpace objects, 0(0B) LOS objects, 23% free, 51MB/67MB, paused 1.153ms total 37.924ms
08-05 13:38:36.707  2324  2337 I art     : Starting a blocking GC Explicit
08-05 13:38:36.742  2324  2337 I art     : Explicit concurrent mark sweep GC freed 8(320B) AllocSpace objects, 0(0B) LOS objects, 23% free, 51MB/67MB, paused 1.101ms total 34.378ms
08-05 13:38:36.748   512  2967 D audio_hw_primary: disable_audio_route: reset and update mixer path: low-latency-playback speaker
08-05 13:38:36.749   512  2967 D audio_hw_primary: disable_snd_device: snd_device(2: speaker)
08-05 13:38:36.752  2324  2337 I art     : Starting a blocking GC Explicit
08-05 13:38:36.756   512  2967 I soundtrigger: audio_extn_sound_trigger_update_device_status: device 0x2 of type 0 for Event 0
08-05 13:38:36.788  2324  2337 I art     : Explicit concurrent mark sweep GC freed 32(1616B) AllocSpace objects, 0(0B) LOS objects, 23% free, 51MB/67MB, paused 1.047ms total 35.900ms
08-05 13:38:37.113 32409 32409 W Atfwd_Sendcmd: AtCmdFwd service not published, waiting... retryCnt : 1
08-05 13:38:37.133  2324  2904 I art     : Starting a blocking GC Explicit
08-05 13:38:37.179  2324  2904 I art     : Explicit concurrent mark sweep GC freed 1612(101KB) AllocSpace objects, 1(20KB) LOS objects, 23% free, 51MB/67MB, paused 1.203ms total 46.003ms
08-05 13:38:37.192  2324  2904 I art     : Starting a blocking GC Explicit
08-05 13:38:37.235  2324  2904 I art     : Explicit concurrent mark sweep GC freed 48(1504B) AllocSpace objects, 0(0B) LOS objects, 23% free, 51MB/67MB, paused 1.031ms total 42.958ms
08-05 13:38:37.247  2324  2904 I art     : Starting a blocking GC Explicit
08-05 13:38:37.289  2324  2904 I art     : Explicit concurrent mark sweep GC freed 11(352B) AllocSpace objects, 0(0B) LOS objects, 23% free, 51MB/67MB, paused 1.002ms total 41.434ms
08-05 13:38:37.302  2324  2904 I art     : Starting a blocking GC Explicit
08-05 13:38:37.343  2324  2904 I art     : Explicit concurrent mark sweep GC freed 10(320B) AllocSpace objects, 0(0B) LOS objects, 23% free, 51MB/67MB, paused 980us total 40.807ms
08-05 13:38:37.356  2324  2904 I art     : Starting a blocking GC Explicit
08-05 13:38:37.396  2324  2904 I art     : Explicit concurrent mark sweep GC freed 8(256B) AllocSpace objects, 0(0B) LOS objects, 23% free, 51MB/67MB, paused 1.076ms total 40.419ms
08-05 13:38:37.742  2324  2336 I art     : Starting a blocking GC Explicit
08-05 13:38:37.787  2324  2336 I art     : Explicit concurrent mark sweep GC freed 1459(83KB) AllocSpace objects, 1(20KB) LOS objects, 23% free, 51MB/67MB, paused 998us total 44.587ms
08-05 13:38:37.799  2324  2336 I art     : Starting a blocking GC Explicit
08-05 13:38:37.842  2324  2336 I art     : Explicit concurrent mark sweep GC freed 31(1008B) AllocSpace objects, 0(0B) LOS objects, 23% free, 51MB/67MB, paused 952us total 42.345ms
08-05 13:38:37.855  2324  2336 I art     : Starting a blocking GC Explicit
08-05 13:38:37.896  2324  2336 I art     : Explicit concurrent mark sweep GC freed 9(288B) AllocSpace objects, 0(0B) LOS objects, 23% free, 51MB/67MB, paused 1.020ms total 40.142ms
08-05 13:38:37.908  2324  2336 I art     : Starting a blocking GC Explicit
08-05 13:38:37.949  2324  2336 I art     : Explicit concurrent mark sweep GC freed 9(288B) AllocSpace objects, 0(0B) LOS objects, 23% free, 51MB/67MB, paused 1.149ms total 40.204ms
08-05 13:38:37.961  2324  2336 I art     : Starting a blocking GC Explicit
08-05 13:38:38.003  2324  2336 I art     : Explicit concurrent mark sweep GC freed 9(288B) AllocSpace objects, 0(0B) LOS objects, 23% free, 51MB/67MB, paused 975us total 41.613ms
08-05 13:38:38.378  2324  2904 I art     : Starting a blocking GC Explicit
08-05 13:38:38.423  2324  2904 I art     : Explicit concurrent mark sweep GC freed 1479(84KB) AllocSpace objects, 1(20KB) LOS objects, 23% free, 51MB/67MB, paused 1.102ms total 44.337ms
08-05 13:38:38.438  2324  2904 I art     : Starting a blocking GC Explicit
08-05 13:38:38.479  2324  2904 I art     : Explicit concurrent mark sweep GC freed 23(752B) AllocSpace objects, 0(0B) LOS objects, 23% free, 51MB/67MB, paused 1.017ms total 40.674ms
08-05 13:38:38.490  2324  2904 I art     : Starting a blocking GC Explicit
08-05 13:38:38.531  2324  2904 I art     : Explicit concurrent mark sweep GC freed 3(96B) AllocSpace objects, 0(0B) LOS objects, 23% free, 51MB/67MB, paused 1.078ms total 41.308ms
08-05 13:38:38.543  2324  2904 I art     : Starting a blocking GC Explicit
08-05 13:38:38.585  2324  2904 I art     : Explicit concurrent mark sweep GC freed 3(96B) AllocSpace objects, 0(0B) LOS objects, 23% free, 51MB/67MB, paused 1.075ms total 41.771ms
08-05 13:38:38.598  2324  2904 I art     : Starting a blocking GC Explicit
08-05 13:38:38.640  2324  2904 I art     : Explicit concurrent mark sweep GC freed 3(96B) AllocSpace objects, 0(0B) LOS objects, 23% free, 51MB/67MB, paused 1.016ms total 42.227ms
08-05 13:38:38.993  2324  2336 I art     : Starting a blocking GC Explicit
08-05 13:38:39.051  2324  2336 I art     : Explicit concurrent mark sweep GC freed 1382(82KB) AllocSpace objects, 1(20KB) LOS objects, 23% free, 51MB/67MB, paused 1.135ms total 57.374ms
08-05 13:38:39.065  2324  2336 I art     : Starting a blocking GC Explicit
08-05 13:38:39.110  2324  2336 I art     : Explicit concurrent mark sweep GC freed 23(752B) AllocSpace objects, 0(0B) LOS objects, 23% free, 51MB/67MB, paused 1.101ms total 44.365ms
08-05 13:38:39.122  2324  2336 I art     : Starting a blocking GC Explicit
08-05 13:38:39.166  2324  2336 I art     : Explicit concurrent mark sweep GC freed 3(96B) AllocSpace objects, 0(0B) LOS objects, 23% free, 51MB/67MB, paused 1.050ms total 43.075ms
08-05 13:38:39.178  2324  2336 I art     : Starting a blocking GC Explicit
08-05 13:38:39.221  2324  2336 I art     : Explicit concurrent mark sweep GC freed 3(96B) AllocSpace objects, 0(0B) LOS objects, 23% free, 51MB/67MB, paused 1.091ms total 43.275ms
08-05 13:38:39.234  2324  2336 I art     : Starting a blocking GC Explicit
08-05 13:38:39.277  2324  2336 I art     : Explicit concurrent mark sweep GC freed 3(96B) AllocSpace objects, 0(0B) LOS objects, 23% free, 51MB/67MB, paused 1.226ms total 43.382ms
08-05 13:38:39.614   918   930 I UsageStatsService: User[0] Flushing usage stats to disk
08-05 13:38:39.635  2324  2337 I art     : Starting a blocking GC Explicit
08-05 13:38:39.679  2324  2337 I art     : Explicit concurrent mark sweep GC freed 1411(81KB) AllocSpace objects, 1(20KB) LOS objects, 23% free, 51MB/67MB, paused 1.121ms total 44.434ms
08-05 13:38:39.692  2324  2337 I art     : Starting a blocking GC Explicit
08-05 13:38:39.732  2324  2337 I art     : Explicit concurrent mark sweep GC freed 23(752B) AllocSpace objects, 0(0B) LOS objects, 23% free, 51MB/67MB, paused 1.084ms total 40.421ms
08-05 13:38:39.744  2324  2337 I art     : Starting a blocking GC Explicit
08-05 13:38:39.785  2324  2337 I art     : Explicit concurrent mark sweep GC freed 3(96B) AllocSpace objects, 0(0B) LOS objects, 23% free, 51MB/67MB, paused 1.099ms total 40.471ms
08-05 13:38:39.797  2324  2337 I art     : Starting a blocking GC Explicit
08-05 13:38:39.840  2324  2337 I art     : Explicit concurrent mark sweep GC freed 3(96B) AllocSpace objects, 0(0B) LOS objects, 23% free, 51MB/67MB, paused 1.102ms total 42.731ms
08-05 13:38:39.852  2324  2337 I art     : Starting a blocking GC Explicit
08-05 13:38:39.896  2324  2337 I art     : Explicit concurrent mark sweep GC freed 3(96B) AllocSpace objects, 0(0B) LOS objects, 23% free, 51MB/67MB, paused 1.134ms total 43.011ms
08-05 13:38:40.252  2324  2404 I art     : Starting a blocking GC Explicit
08-05 13:38:40.307  2324  2404 I art     : Explicit concurrent mark sweep GC freed 1382(83KB) AllocSpace objects, 1(20KB) LOS objects, 23% free, 51MB/67MB, paused 1.190ms total 54.283ms
08-05 13:38:40.323  2324  2404 I art     : Starting a blocking GC Explicit
08-05 13:38:40.365  2324  2404 I art     : Explicit concurrent mark sweep GC freed 23(752B) AllocSpace objects, 0(0B) LOS objects, 23% free, 51MB/67MB, paused 1.015ms total 41.963ms
08-05 13:38:40.377  2324  2404 I art     : Starting a blocking GC Explicit
08-05 13:38:40.418  2324  2404 I art     : Explicit concurrent mark sweep GC freed 32(880B) AllocSpace objects, 0(0B) LOS objects, 23% free, 51MB/67MB, paused 1.071ms total 40.430ms
08-05 13:38:40.429  2324  2404 I art     : Starting a blocking GC Explicit
08-05 13:38:40.469  2324  2404 I art     : Explicit concurrent mark sweep GC freed 3(96B) AllocSpace objects, 0(0B) LOS objects, 23% free, 51MB/67MB, paused 1.090ms total 39.912ms
08-05 13:38:40.481  2324  2404 I art     : Starting a blocking GC Explicit
08-05 13:38:40.522  2324  2404 I art     : Explicit concurrent mark sweep GC freed 3(96B) AllocSpace objects, 0(0B) LOS objects, 23% free, 51MB/67MB, paused 1.104ms total 40.548ms
08-05 13:38:40.789  5465  5465 D AndroidRuntime: >>>>>> START com.android.internal.os.RuntimeInit uid 2000 <<<<<<
08-05 13:38:40.795  5465  5465 D AndroidRuntime: CheckJNI is OFF
08-05 13:38:40.829  5465  5465 D ICU     : No timezone override file found: /data/misc/zoneinfo/current/icu/icu_tzdata.dat
08-05 13:38:40.862  5465  5465 I Radio-JNI: register_android_hardware_Radio DONE
08-05 13:38:40.865  2324  2904 I art     : Starting a blocking GC Explicit
08-05 13:38:40.885  5465  5465 D AndroidRuntime: Calling main entry com.android.commands.input.Input
08-05 13:38:40.887  5465  5465 I Input   : injectKeyEvent: KeyEvent { action=ACTION_DOWN, keyCode=KEYCODE_BACK, scanCode=0, metaState=0, flags=0x0, repeatCount=0, eventTime=797937300, downTime=797937300, deviceId=-1, source=0x101 }
08-05 13:38:40.893  5465  5465 I Input   : injectKeyEvent: KeyEvent { action=ACTION_UP, keyCode=KEYCODE_BACK, scanCode=0, metaState=0, flags=0x0, repeatCount=0, eventTime=797937300, downTime=797937300, deviceId=-1, source=0x101 }
08-05 13:38:40.910  2324  2904 I art     : Explicit concurrent mark sweep GC freed 1835(103KB) AllocSpace objects, 1(20KB) LOS objects, 23% free, 51MB/67MB, paused 1.603ms total 44.021ms
08-05 13:38:40.914  2324  2324 D ItemlistFragment: onEventMainThread() called with: event = [DownloadEvent{update=DownloaderUpdate{downloaders=[], feedIds=[], mediaIds=[]}}]
08-05 13:38:40.916  2324  2893 D DBReader: getFeed() called with: feedId = [2]
08-05 13:38:40.916  5465  5465 D AndroidRuntime: Shutting down VM
08-05 13:38:40.917  2324  2893 D DBReader: getFeedItemList() called with: feed = [baseline.de.danoeh.antennapod.core.feed.Feed@2]
08-05 13:38:40.917   918  3263 D ConnectivityService: releasing NetworkRequest NetworkRequest [ id=3294, legacyType=-1, [ Capabilities: INTERNET&NOT_RESTRICTED&TRUSTED] ]
08-05 13:38:40.922  2324  2904 I art     : Starting a blocking GC Explicit
08-05 13:38:40.940  2324  2324 D FeedMenuHandler: Preparing options menu
08-05 13:38:40.966  2324  2904 I art     : Explicit concurrent mark sweep GC freed 3206(126KB) AllocSpace objects, 0(0B) LOS objects, 23% free, 52MB/68MB, paused 2.160ms total 43.447ms
08-05 13:38:40.978  2324  2904 I art     : Starting a blocking GC Explicit
08-05 13:38:40.993  2324  3357 D ApOkHttpUrlLoader: buildLoadData() called with: model = [http://static.libsyn.com/p/assets/7/1/f/3/71f3014e14ef2722/JREiTunesImage2.jpg], width = [1440], height = [462]
08-05 13:38:40.997  2324  2893 W PodDBAdapter: Length of id array is larger than 800. Creating multiple cursors
08-05 13:38:41.012 13866 13866 I GoogleInputMethodServic: GoogleInputMethodService.onFinishInput():3138 
08-05 13:38:41.013 13866 13866 I GoogleInputMethodServic: GoogleInputMethodService.onStartInput():1808 
08-05 13:38:41.023  2324  2904 I art     : Explicit concurrent mark sweep GC freed 7066(490KB) AllocSpace objects, 3(2MB) LOS objects, 23% free, 53MB/69MB, paused 1.386ms total 44.564ms
08-05 13:38:41.035  2324  2904 I art     : Starting a blocking GC Explicit
08-05 13:38:41.066  2324  2893 D DBReader: getFavoriteIDList() called
08-05 13:38:41.066  2324  2893 D DBReader: getQueueIDList() called
08-05 13:38:41.067  2324  2893 D DBReader: Extracting Feedlist
08-05 13:38:41.070  2324  3357 D ApOkHttpUrlLoader: buildLoadData() called with: model = [http://static.libsyn.com/p/assets/7/1/f/3/71f3014e14ef2722/JREiTunesImage2.jpg], width = [1440], height = [462]
08-05 13:38:41.078  2324  2904 I art     : Explicit concurrent mark sweep GC freed 6870(205KB) AllocSpace objects, 4(236KB) LOS objects, 22% free, 56MB/72MB, paused 1.563ms total 43.142ms
08-05 13:38:41.083  2324  2324 D FeedMenuHandler: Preparing options menu
08-05 13:38:41.090  2324  2904 I art     : Starting a blocking GC Explicit
08-05 13:38:41.129  2324  2904 I art     : Explicit concurrent mark sweep GC freed 29737(2035KB) AllocSpace objects, 1(16KB) LOS objects, 22% free, 54MB/70MB, paused 1.117ms total 38.483ms
08-05 13:38:41.431  2324  2336 I art     : Starting a blocking GC Explicit
08-05 13:38:41.493  2324  2336 I art     : Explicit concurrent mark sweep GC freed 2469(155KB) AllocSpace objects, 1(20KB) LOS objects, 22% free, 54MB/70MB, paused 1.330ms total 61.421ms
08-05 13:38:41.505  2324  2336 I art     : Starting a blocking GC Explicit
08-05 13:38:41.546  2324  2336 I art     : Explicit concurrent mark sweep GC freed 25(832B) AllocSpace objects, 0(0B) LOS objects, 22% free, 54MB/70MB, paused 1.057ms total 41.181ms
08-05 13:38:41.558  2324  2336 I art     : Starting a blocking GC Explicit
08-05 13:38:41.599  2324  2336 I art     : Explicit concurrent mark sweep GC freed 3(96B) AllocSpace objects, 0(0B) LOS objects, 22% free, 54MB/70MB, paused 1.128ms total 41.398ms
08-05 13:38:41.611  2324  2336 I art     : Starting a blocking GC Explicit
08-05 13:38:41.654  2324  2336 I art     : Explicit concurrent mark sweep GC freed 5(176B) AllocSpace objects, 0(0B) LOS objects, 22% free, 54MB/70MB, paused 1.071ms total 42.265ms
08-05 13:38:41.666  2324  2336 I art     : Starting a blocking GC Explicit
08-05 13:38:41.709  2324  2336 I art     : Explicit concurrent mark sweep GC freed 3(96B) AllocSpace objects, 0(0B) LOS objects, 22% free, 54MB/70MB, paused 1.158ms total 42.894ms
08-05 13:38:42.051  2324  2404 I art     : Starting a blocking GC Explicit
08-05 13:38:42.105  2324  2404 I art     : Explicit concurrent mark sweep GC freed 1382(83KB) AllocSpace objects, 1(20KB) LOS objects, 22% free, 54MB/70MB, paused 1.191ms total 53.176ms
08-05 13:38:42.113 32409 32409 I ServiceManager: Waiting for service AtCmdFwd...
08-05 13:38:42.122  2324  2404 I art     : Starting a blocking GC Explicit
08-05 13:38:42.165  2324  2404 I art     : Explicit concurrent mark sweep GC freed 23(752B) AllocSpace objects, 0(0B) LOS objects, 22% free, 54MB/70MB, paused 1.070ms total 42.916ms
08-05 13:38:42.177  2324  2404 I art     : Starting a blocking GC Explicit
08-05 13:38:42.216  2324  2404 I art     : Explicit concurrent mark sweep GC freed 3(96B) AllocSpace objects, 0(0B) LOS objects, 22% free, 54MB/70MB, paused 1.085ms total 38.540ms
08-05 13:38:42.228  2324  2404 I art     : Starting a blocking GC Explicit
08-05 13:38:42.268  2324  2404 I art     : Explicit concurrent mark sweep GC freed 3(96B) AllocSpace objects, 0(0B) LOS objects, 22% free, 54MB/70MB, paused 1.166ms total 39.546ms
08-05 13:38:42.279  2324  2404 I art     : Starting a blocking GC Explicit
08-05 13:38:42.319  2324  2404 I art     : Explicit concurrent mark sweep GC freed 3(96B) AllocSpace objects, 0(0B) LOS objects, 22% free, 54MB/70MB, paused 1.087ms total 40.052ms
08-05 13:38:42.561  5510  5510 D AndroidRuntime: >>>>>> START com.android.internal.os.RuntimeInit uid 2000 <<<<<<
08-05 13:38:42.566  5510  5510 D AndroidRuntime: CheckJNI is OFF
08-05 13:38:42.601  5510  5510 D ICU     : No timezone override file found: /data/misc/zoneinfo/current/icu/icu_tzdata.dat
08-05 13:38:42.636  5510  5510 I Radio-JNI: register_android_hardware_Radio DONE
08-05 13:38:42.640  2324  2404 I art     : Starting a blocking GC Explicit
08-05 13:38:42.658  5510  5510 D AndroidRuntime: Calling main entry com.android.commands.input.Input
08-05 13:38:42.660  5510  5510 I Input   : injectMotionEvent: MotionEvent { action=ACTION_DOWN, actionButton=0, id[0]=0, x[0]=103.0, y[0]=192.0, toolType[0]=TOOL_TYPE_UNKNOWN, buttonState=0, metaState=0, flags=0x0, edgeFlags=0x0, pointerCount=1, historySize=0, eventTime=797939073, downTime=797939073, deviceId=0, source=0x1002 }
08-05 13:38:42.666  5510  5510 I Input   : injectMotionEvent: MotionEvent { action=ACTION_UP, actionButton=0, id[0]=0, x[0]=103.0, y[0]=192.0, toolType[0]=TOOL_TYPE_UNKNOWN, buttonState=0, metaState=0, flags=0x0, edgeFlags=0x0, pointerCount=1, historySize=0, eventTime=797939073, downTime=797939073, deviceId=0, source=0x1002 }
08-05 13:38:42.668  5510  5510 D AndroidRuntime: Shutting down VM
08-05 13:38:42.678   512  2967 D audio_hw_primary: out_set_parameters: enter: usecase(1: low-latency-playback) kvpairs: routing=2
08-05 13:38:42.682  2324  2404 I art     : Explicit concurrent mark sweep GC freed 1453(84KB) AllocSpace objects, 1(20KB) LOS objects, 22% free, 54MB/70MB, paused 1.086ms total 42.016ms
08-05 13:38:42.692   512  2967 D audio_hw_primary: select_devices: out_snd_device(2: speaker) in_snd_device(0: none)
08-05 13:38:42.693   512  2967 D msm8974_platform: platform_send_audio_calibration: sending audio calibration for snd_device(2) acdb_id(15)
08-05 13:38:42.693   512  2967 I soundtrigger: audio_extn_sound_trigger_update_device_status: device 0x2 of type 0 for Event 1
08-05 13:38:42.695  2324  2404 I art     : Starting a blocking GC Explicit
08-05 13:38:42.703   512  2967 D audio_hw_primary: enable_snd_device: snd_device(2: speaker)
08-05 13:38:42.705   512  2967 D audio_hw_primary: enable_audio_route: apply and update mixer path: low-latency-playback speaker
08-05 13:38:42.731  2324  2404 I art     : Explicit concurrent mark sweep GC freed 55(2080B) AllocSpace objects, 0(0B) LOS objects, 22% free, 54MB/70MB, paused 930us total 35.874ms
08-05 13:38:42.743  2324  2404 I art     : Starting a blocking GC Explicit
08-05 13:38:42.780  2324  2404 I art     : Explicit concurrent mark sweep GC freed 387(19KB) AllocSpace objects, 0(0B) LOS objects, 22% free, 54MB/70MB, paused 948us total 37.003ms
08-05 13:38:42.791  2324  2404 I art     : Starting a blocking GC Explicit
08-05 13:38:42.829  2324  2404 I art     : Explicit concurrent mark sweep GC freed 7(384B) AllocSpace objects, 0(0B) LOS objects, 22% free, 54MB/70MB, paused 987us total 37.555ms
08-05 13:38:42.841  2324  2404 I art     : Starting a blocking GC Explicit
08-05 13:38:42.878  2324  2404 I art     : Explicit concurrent mark sweep GC freed 3(96B) AllocSpace objects, 0(0B) LOS objects, 22% free, 54MB/70MB, paused 1.218ms total 37.338ms
08-05 13:38:43.114 32409 32409 I ServiceManager: Waiting for service AtCmdFwd...
08-05 13:38:43.184  2324  2404 I art     : Starting a blocking GC Explicit
08-05 13:38:43.226  2324  2404 I art     : Explicit concurrent mark sweep GC freed 2087(107KB) AllocSpace objects, 1(20KB) LOS objects, 22% free, 54MB/70MB, paused 1.045ms total 41.892ms
08-05 13:38:43.238  2324  2404 I art     : Starting a blocking GC Explicit
08-05 13:38:43.248   512  2967 D audio_hw_primary: disable_audio_route: reset and update mixer path: low-latency-playback speaker
08-05 13:38:43.249   512  2967 D audio_hw_primary: disable_snd_device: snd_device(2: speaker)
08-05 13:38:43.258   512  2967 I soundtrigger: audio_extn_sound_trigger_update_device_status: device 0x2 of type 0 for Event 0
08-05 13:38:43.278  2324  2404 I art     : Explicit concurrent mark sweep GC freed 33(1072B) AllocSpace objects, 0(0B) LOS objects, 22% free, 54MB/70MB, paused 1.090ms total 39.707ms
08-05 13:38:43.290  2324  2404 I art     : Starting a blocking GC Explicit
08-05 13:38:43.329  2324  2404 I art     : Explicit concurrent mark sweep GC freed 3(96B) AllocSpace objects, 0(0B) LOS objects, 22% free, 54MB/70MB, paused 1.072ms total 38.979ms
08-05 13:38:43.341  2324  2404 I art     : Starting a blocking GC Explicit
08-05 13:38:43.381  2324  2404 I art     : Explicit concurrent mark sweep GC freed 3(96B) AllocSpace objects, 0(0B) LOS objects, 22% free, 54MB/70MB, paused 1.144ms total 39.791ms
08-05 13:38:43.393  2324  2404 I art     : Starting a blocking GC Explicit
08-05 13:38:43.434  2324  2404 I art     : Explicit concurrent mark sweep GC freed 34(944B) AllocSpace objects, 0(0B) LOS objects, 22% free, 54MB/70MB, paused 1.062ms total 41.106ms
08-05 13:38:43.759  2324  2904 I art     : Starting a blocking GC Explicit
08-05 13:38:43.819  2324  2904 I art     : Explicit concurrent mark sweep GC freed 2270(113KB) AllocSpace objects, 1(20KB) LOS objects, 22% free, 53MB/69MB, paused 1.308ms total 59.800ms
08-05 13:38:43.835  2324  2904 I art     : Starting a blocking GC Explicit
08-05 13:38:43.878  2324  2904 I art     : Explicit concurrent mark sweep GC freed 23(752B) AllocSpace objects, 0(0B) LOS objects, 22% free, 53MB/69MB, paused 1.147ms total 43.376ms
08-05 13:38:43.890  2324  2904 I art     : Starting a blocking GC Explicit
08-05 13:38:43.931  2324  2904 I art     : Explicit concurrent mark sweep GC freed 3(96B) AllocSpace objects, 0(0B) LOS objects, 22% free, 53MB/69MB, paused 1.098ms total 40.052ms
08-05 13:38:43.943  2324  2904 I art     : Starting a blocking GC Explicit
08-05 13:38:43.982  2324  2904 I art     : Explicit concurrent mark sweep GC freed 3(96B) AllocSpace objects, 0(0B) LOS objects, 22% free, 53MB/69MB, paused 1.068ms total 39.330ms
08-05 13:38:43.993  2324  2904 I art     : Starting a blocking GC Explicit
08-05 13:38:44.034  2324  2904 I art     : Explicit concurrent mark sweep GC freed 3(96B) AllocSpace objects, 0(0B) LOS objects, 22% free, 53MB/69MB, paused 1.085ms total 40.086ms
08-05 13:38:44.115 32409 32409 I ServiceManager: Waiting for service AtCmdFwd...
08-05 13:38:44.320  5554  5554 D AndroidRuntime: >>>>>> START com.android.internal.os.RuntimeInit uid 2000 <<<<<<
08-05 13:38:44.326  5554  5554 D AndroidRuntime: CheckJNI is OFF
08-05 13:38:44.348  2324  2904 I art     : Starting a blocking GC Explicit
08-05 13:38:44.362  5554  5554 D ICU     : No timezone override file found: /data/misc/zoneinfo/current/icu/icu_tzdata.dat
08-05 13:38:44.393  2324  2904 I art     : Explicit concurrent mark sweep GC freed 1391(82KB) AllocSpace objects, 1(20KB) LOS objects, 22% free, 53MB/69MB, paused 1.206ms total 44.042ms
08-05 13:38:44.397  5554  5554 I Radio-JNI: register_android_hardware_Radio DONE
08-05 13:38:44.405  2324  2904 I art     : Starting a blocking GC Explicit
08-05 13:38:44.420  5554  5554 D AndroidRuntime: Calling main entry com.android.commands.input.Input
08-05 13:38:44.422  5554  5554 I Input   : injectMotionEvent: MotionEvent { action=ACTION_DOWN, actionButton=0, id[0]=0, x[0]=409.0, y[0]=1034.0, toolType[0]=TOOL_TYPE_UNKNOWN, buttonState=0, metaState=0, flags=0x0, edgeFlags=0x0, pointerCount=1, historySize=0, eventTime=797940835, downTime=797940835, deviceId=0, source=0x1002 }
08-05 13:38:44.427  5554  5554 I Input   : injectMotionEvent: MotionEvent { action=ACTION_UP, actionButton=0, id[0]=0, x[0]=409.0, y[0]=1034.0, toolType[0]=TOOL_TYPE_UNKNOWN, buttonState=0, metaState=0, flags=0x0, edgeFlags=0x0, pointerCount=1, historySize=0, eventTime=797940835, downTime=797940835, deviceId=0, source=0x1002 }
08-05 13:38:44.430  5554  5554 D AndroidRuntime: Shutting down VM
08-05 13:38:44.441  2324  2904 I art     : Explicit concurrent mark sweep GC freed 78(2304B) AllocSpace objects, 0(0B) LOS objects, 22% free, 53MB/69MB, paused 1.051ms total 36.006ms
08-05 13:38:44.453  2324  2904 I art     : Starting a blocking GC Explicit
08-05 13:38:44.490  2324  2904 I art     : Explicit concurrent mark sweep GC freed 27(1008B) AllocSpace objects, 0(0B) LOS objects, 22% free, 53MB/69MB, paused 1.123ms total 36.640ms
08-05 13:38:44.497  2324  2324 D MainActivity: loadFragment(index: 5, args: null)
08-05 13:38:44.497  2324  2324 D MainActivity: loadFragment(tag: AddFeedFragment, args: null)
08-05 13:38:44.498  2324  2324 D MainActivity: saveLastNavFragment(tag: AddFeedFragment)
08-05 13:38:44.499   512  2967 D audio_hw_primary: out_set_parameters: enter: usecase(1: low-latency-playback) kvpairs: routing=2
08-05 13:38:44.501  2324  2324 D MainActivity: getLastNavFragment() -> AddFeedFragment
08-05 13:38:44.502  2324  2904 I art     : Starting a blocking GC Explicit
08-05 13:38:44.513   512  2967 D audio_hw_primary: select_devices: out_snd_device(2: speaker) in_snd_device(0: none)
08-05 13:38:44.513   512  2967 D msm8974_platform: platform_send_audio_calibration: sending audio calibration for snd_device(2) acdb_id(15)
08-05 13:38:44.513   512  2967 I soundtrigger: audio_extn_sound_trigger_update_device_status: device 0x2 of type 0 for Event 1
08-05 13:38:44.522   512  2967 D audio_hw_primary: enable_snd_device: snd_device(2: speaker)
08-05 13:38:44.524   512  2967 D audio_hw_primary: enable_audio_route: apply and update mixer path: low-latency-playback speaker
08-05 13:38:44.535 13866 13866 I GoogleInputMethodServic: GoogleInputMethodService.onFinishInput():3138 
08-05 13:38:44.535 13866 13866 I GoogleInputMethodServic: GoogleInputMethodService.onStartInput():1808 
08-05 13:38:44.542  2324  2904 I art     : Explicit concurrent mark sweep GC freed 1698(89KB) AllocSpace objects, 1(20KB) LOS objects, 22% free, 54MB/70MB, paused 1.665ms total 40.582ms
08-05 13:38:44.553  2324  2904 I art     : Starting a blocking GC Explicit
08-05 13:38:44.591  2324  2904 I art     : Explicit concurrent mark sweep GC freed 833(37KB) AllocSpace objects, 0(0B) LOS objects, 22% free, 54MB/70MB, paused 959us total 38.206ms
08-05 13:38:44.894  2324  2337 I art     : Starting a blocking GC Explicit
08-05 13:38:44.932  2324  2337 I art     : Explicit concurrent mark sweep GC freed 32775(2MB) AllocSpace objects, 10(3MB) LOS objects, 24% free, 48MB/64MB, paused 1.099ms total 37.572ms
08-05 13:38:44.943  2324  2337 I art     : Starting a blocking GC Explicit
08-05 13:38:44.951 13866 13866 I GoogleInputMethodServic: GoogleInputMethodService.onFinishInput():3138 
08-05 13:38:44.951 13866 13866 I GoogleInputMethodServic: GoogleInputMethodService.onStartInput():1808 
08-05 13:38:44.971  2324  2337 I art     : Explicit concurrent mark sweep GC freed 246(9KB) AllocSpace objects, 0(0B) LOS objects, 24% free, 48MB/64MB, paused 950us total 27.218ms
08-05 13:38:44.980  2324  2337 I art     : Starting a blocking GC Explicit
08-05 13:38:45.008  2324  2337 I art     : Explicit concurrent mark sweep GC freed 84(5KB) AllocSpace objects, 0(0B) LOS objects, 24% free, 48MB/64MB, paused 1.010ms total 28.095ms
08-05 13:38:45.018  2324  2337 I art     : Starting a blocking GC Explicit
08-05 13:38:45.048  2324  2337 I art     : Explicit concurrent mark sweep GC freed 3(96B) AllocSpace objects, 0(0B) LOS objects, 24% free, 48MB/64MB, paused 1.308ms total 29.872ms
08-05 13:38:45.058  2324  2337 I art     : Starting a blocking GC Explicit
08-05 13:38:45.060   512  2967 D audio_hw_primary: disable_audio_route: reset and update mixer path: low-latency-playback speaker
08-05 13:38:45.061   512  2967 D audio_hw_primary: disable_snd_device: snd_device(2: speaker)
08-05 13:38:45.070   512  2967 I soundtrigger: audio_extn_sound_trigger_update_device_status: device 0x2 of type 0 for Event 0
08-05 13:38:45.088  2324  2337 I art     : Explicit concurrent mark sweep GC freed 3(96B) AllocSpace objects, 0(0B) LOS objects, 24% free, 48MB/64MB, paused 987us total 29.848ms
08-05 13:38:45.115 32409 32409 I ServiceManager: Waiting for service AtCmdFwd...
08-05 13:38:45.414  2324  2337 I art     : Starting a blocking GC Explicit
08-05 13:38:45.452  2324  2337 I art     : Explicit concurrent mark sweep GC freed 1409(81KB) AllocSpace objects, 1(20KB) LOS objects, 24% free, 48MB/64MB, paused 1.076ms total 37.140ms
08-05 13:38:45.462  2324  2337 I art     : Starting a blocking GC Explicit
08-05 13:38:45.494  2324  2337 I art     : Explicit concurrent mark sweep GC freed 27(880B) AllocSpace objects, 0(0B) LOS objects, 24% free, 48MB/64MB, paused 1.147ms total 32.268ms
08-05 13:38:45.504  2324  2337 I art     : Starting a blocking GC Explicit
08-05 13:38:45.536  2324  2337 I art     : Explicit concurrent mark sweep GC freed 3(96B) AllocSpace objects, 0(0B) LOS objects, 24% free, 48MB/64MB, paused 1.030ms total 31.769ms
08-05 13:38:45.546  2324  2337 I art     : Starting a blocking GC Explicit
08-05 13:38:45.579  2324  2337 I art     : Explicit concurrent mark sweep GC freed 3(96B) AllocSpace objects, 0(0B) LOS objects, 24% free, 48MB/64MB, paused 1.065ms total 32.456ms
08-05 13:38:45.589  2324  2337 I art     : Starting a blocking GC Explicit
08-05 13:38:45.623  2324  2337 I art     : Explicit concurrent mark sweep GC freed 3(96B) AllocSpace objects, 0(0B) LOS objects, 24% free, 48MB/64MB, paused 1.094ms total 33.572ms
08-05 13:38:45.660   918  3188 I hubconnection: sensorhub said: 'set_bias 3: -5.9520, 0.0000, 0.0000'
08-05 13:38:45.929  2324  2404 I art     : Starting a blocking GC Explicit
08-05 13:38:45.967  2324  2404 I art     : Explicit concurrent mark sweep GC freed 1380(81KB) AllocSpace objects, 1(20KB) LOS objects, 24% free, 48MB/64MB, paused 1.055ms total 38.289ms
08-05 13:38:45.977  2324  2404 I art     : Starting a blocking GC Explicit
08-05 13:38:46.008  2324  2404 I art     : Explicit concurrent mark sweep GC freed 23(752B) AllocSpace objects, 0(0B) LOS objects, 24% free, 48MB/64MB, paused 1.126ms total 31.188ms
08-05 13:38:46.018  2324  2404 I art     : Starting a blocking GC Explicit
08-05 13:38:46.049  2324  2404 I art     : Explicit concurrent mark sweep GC freed 3(96B) AllocSpace objects, 0(0B) LOS objects, 24% free, 48MB/64MB, paused 1.094ms total 30.976ms
08-05 13:38:46.059  2324  2404 I art     : Starting a blocking GC Explicit
08-05 13:38:46.090  2324  2404 I art     : Explicit concurrent mark sweep GC freed 3(96B) AllocSpace objects, 0(0B) LOS objects, 24% free, 48MB/64MB, paused 1.113ms total 31.062ms
08-05 13:38:46.095  5597  5597 D AndroidRuntime: >>>>>> START com.android.internal.os.RuntimeInit uid 2000 <<<<<<
08-05 13:38:46.100  5597  5597 D AndroidRuntime: CheckJNI is OFF
08-05 13:38:46.100  2324  2404 I art     : Starting a blocking GC Explicit
08-05 13:38:46.116 32409 32409 I ServiceManager: Waiting for service AtCmdFwd...
08-05 13:38:46.131  2324  2404 I art     : Explicit concurrent mark sweep GC freed 3(96B) AllocSpace objects, 0(0B) LOS objects, 24% free, 48MB/64MB, paused 1.113ms total 30.819ms
08-05 13:38:46.135  5597  5597 D ICU     : No timezone override file found: /data/misc/zoneinfo/current/icu/icu_tzdata.dat
08-05 13:38:46.169  5597  5597 I Radio-JNI: register_android_hardware_Radio DONE
08-05 13:38:46.190  5597  5597 D AndroidRuntime: Calling main entry com.android.commands.input.Input
08-05 13:38:46.192  5597  5597 I Input   : injectMotionEvent: MotionEvent { action=ACTION_DOWN, actionButton=0, id[0]=0, x[0]=603.0, y[0]=1061.0, toolType[0]=TOOL_TYPE_UNKNOWN, buttonState=0, metaState=0, flags=0x0, edgeFlags=0x0, pointerCount=1, historySize=0, eventTime=797942605, downTime=797942605, deviceId=0, source=0x1002 }
08-05 13:38:46.204  5597  5597 I Input   : injectMotionEvent: MotionEvent { action=ACTION_UP, actionButton=0, id[0]=0, x[0]=603.0, y[0]=1061.0, toolType[0]=TOOL_TYPE_UNKNOWN, buttonState=0, metaState=0, flags=0x0, edgeFlags=0x0, pointerCount=1, historySize=0, eventTime=797942605, downTime=797942605, deviceId=0, source=0x1002 }
08-05 13:38:46.207  5597  5597 D AndroidRuntime: Shutting down VM
08-05 13:38:46.221   512  2967 D audio_hw_primary: out_set_parameters: enter: usecase(1: low-latency-playback) kvpairs: routing=2
08-05 13:38:46.234   512  2967 D audio_hw_primary: select_devices: out_snd_device(2: speaker) in_snd_device(0: none)
08-05 13:38:46.234   512  2967 D msm8974_platform: platform_send_audio_calibration: sending audio calibration for snd_device(2) acdb_id(15)
08-05 13:38:46.234   512  2967 I soundtrigger: audio_extn_sound_trigger_update_device_status: device 0x2 of type 0 for Event 1
08-05 13:38:46.243   512  2967 D audio_hw_primary: enable_snd_device: snd_device(2: speaker)
08-05 13:38:46.245   512  2967 D audio_hw_primary: enable_audio_route: apply and update mixer path: low-latency-playback speaker
08-05 13:38:46.278 13866 13866 I GoogleInputMethodServic: GoogleInputMethodService.onFinishInput():3138 
08-05 13:38:46.279 13866 13866 I GoogleInputMethodServic: GoogleInputMethodService.onStartInput():1808 
08-05 13:38:46.408  2324  2904 I art     : Starting a blocking GC Explicit
08-05 13:38:46.439  2324  2904 I art     : Explicit concurrent mark sweep GC freed 4880(343KB) AllocSpace objects, 1(20KB) LOS objects, 24% free, 49MB/65MB, paused 1.257ms total 30.391ms
08-05 13:38:46.448  2324  2904 I art     : Starting a blocking GC Explicit
08-05 13:38:46.477  2324  2904 I art     : Explicit concurrent mark sweep GC freed 1781(89KB) AllocSpace objects, 1(220KB) LOS objects, 24% free, 49MB/65MB, paused 1.171ms total 29.069ms
08-05 13:38:46.486  2324  2904 I art     : Starting a blocking GC Explicit
08-05 13:38:46.516  2324  2904 I art     : Explicit concurrent mark sweep GC freed 28(1072B) AllocSpace objects, 0(0B) LOS objects, 24% free, 49MB/65MB, paused 1.455ms total 29.115ms
08-05 13:38:46.525  2324  2904 I art     : Starting a blocking GC Explicit
08-05 13:38:46.554  2324  2904 I art     : Explicit concurrent mark sweep GC freed 45(1984B) AllocSpace objects, 0(0B) LOS objects, 24% free, 49MB/65MB, paused 1.127ms total 29.467ms
08-05 13:38:46.563  2324  2904 I art     : Starting a blocking GC Explicit
08-05 13:38:46.594  2324  2904 I art     : Explicit concurrent mark sweep GC freed 31(1152B) AllocSpace objects, 0(0B) LOS objects, 24% free, 49MB/65MB, paused 1.114ms total 29.921ms
08-05 13:38:46.788   512  2967 D audio_hw_primary: disable_audio_route: reset and update mixer path: low-latency-playback speaker
08-05 13:38:46.790   512  2967 D audio_hw_primary: disable_snd_device: snd_device(2: speaker)
08-05 13:38:46.800   512  2967 I soundtrigger: audio_extn_sound_trigger_update_device_status: device 0x2 of type 0 for Event 0
08-05 13:38:46.887   918  3261 D WifiStateMachine: starting scan for "H369AA63323"WPA_PSK with 2412,5180
08-05 13:38:46.919  2324  2904 I art     : Starting a blocking GC Explicit
08-05 13:38:46.954  2324  2904 I art     : Explicit concurrent mark sweep GC freed 2128(114KB) AllocSpace objects, 1(20KB) LOS objects, 24% free, 49MB/65MB, paused 1.268ms total 33.678ms
08-05 13:38:46.963  2324  2904 I art     : Starting a blocking GC Explicit
08-05 13:38:46.995  2324  2904 I art     : Explicit concurrent mark sweep GC freed 2831(105KB) AllocSpace objects, 0(0B) LOS objects, 24% free, 49MB/65MB, paused 1.159ms total 31.436ms
08-05 13:38:47.004  2324  2904 I art     : Starting a blocking GC Explicit
08-05 13:38:47.035  2324  5624 I NAPPA_EXPERIMENTATION: MetricNetworkRequestExecutionTime: REQUEST_DURATION_SYSTEM='769',REQUEST_DURATION_OKHTTP='65',REQUEST_SYNCHRONOUS='TRUE',RESPONSE_CODE='200',RESPONSE_METHOD='GET',RESPONSE_LENGTH_OKHTTP='37507',RESPONSE_LENGTH_HEADER='37507',REQUEST_PROTOCOL='http/1.1',REQUEST_URL='https://gpodder.net/toplist/50.json',
08-05 13:38:47.035  2324  2904 I art     : Explicit concurrent mark sweep GC freed 153(7KB) AllocSpace objects, 0(0B) LOS objects, 24% free, 49MB/65MB, paused 1.379ms total 30.535ms
08-05 13:38:47.044  2324  2904 I art     : Starting a blocking GC Explicit
08-05 13:38:47.053  2324  5625 I NAPPA_EXPERIMENTATION: MetricNetworkRequestExecutionTime: REQUEST_DURATION_SYSTEM='785',REQUEST_DURATION_OKHTTP='85',REQUEST_SYNCHRONOUS='TRUE',RESPONSE_CODE='200',RESPONSE_METHOD='GET',RESPONSE_LENGTH_OKHTTP='2923',RESPONSE_LENGTH_HEADER='2923',REQUEST_PROTOCOL='http/1.1',REQUEST_URL='https://gpodder.net/api/2/tags/50.json',
08-05 13:38:47.076  2324  2904 I art     : Explicit concurrent mark sweep GC freed 3974(309KB) AllocSpace objects, 2(152KB) LOS objects, 24% free, 49MB/65MB, paused 1.130ms total 31.022ms
08-05 13:38:47.085  2324  2904 I art     : Starting a blocking GC Explicit
08-05 13:38:47.101  2324  3357 D ApOkHttpUrlLoader: buildLoadData() called with: model = [http://sixgun.org/files/linuxoutlaws.jpg], width = [224], height = [224]
08-05 13:38:47.102  2324  3115 D DBReader: getImageAuthentication() called with: imageUrl = [http://sixgun.org/files/linuxoutlaws.jpg]
08-05 13:38:47.106  2324  3115 D ApOkHttpUrlLoader: no credentials for 'http://sixgun.org/files/linuxoutlaws.jpg'
08-05 13:38:47.110  2324  3357 D ApOkHttpUrlLoader: buildLoadData() called with: model = [https://files.thisamericanlife.org/sites/all/themes/thislife/img/tal-name-1400x1400.png], width = [224], height = [224]
08-05 13:38:47.113  2324  3123 D DBReader: getImageAuthentication() called with: imageUrl = [https://files.thisamericanlife.org/sites/all/themes/thislife/img/tal-name-1400x1400.png]
08-05 13:38:47.116 32409 32409 W Atfwd_Sendcmd: AtCmdFwd service not published, waiting... retryCnt : 2
08-05 13:38:47.117  2324  2904 I art     : Explicit concurrent mark sweep GC freed 908(64KB) AllocSpace objects, 1(40KB) LOS objects, 24% free, 49MB/65MB, paused 1.737ms total 31.780ms
08-05 13:38:47.117  2324  3357 D ApOkHttpUrlLoader: buildLoadData() called with: model = [https://elroy.twit.tv/sites/default/files/styles/twit_album_art_2048x2048/public/images/shows/floss_weekly/album_art/audio/floss_albumart_mask.jpg?itok=IUjxKpwt], width = [224], height = [224]
08-05 13:38:47.117  2324  3123 D ApOkHttpUrlLoader: no credentials for 'https://files.thisamericanlife.org/sites/all/themes/thislife/img/tal-name-1400x1400.png'
08-05 13:38:47.119  2324  3119 D DBReader: getImageAuthentication() called with: imageUrl = [https://elroy.twit.tv/sites/default/files/styles/twit_album_art_2048x2048/public/images/shows/floss_weekly/album_art/audio/floss_albumart_mask.jpg?itok=IUjxKpwt]
08-05 13:38:47.122  2324  3357 D ApOkHttpUrlLoader: buildLoadData() called with: model = [http://ichef.bbci.co.uk/images/ic/3000x3000/p07kfvzb.jpg], width = [224], height = [224]
08-05 13:38:47.123  2324  3119 D ApOkHttpUrlLoader: no credentials for 'https://elroy.twit.tv/sites/default/files/styles/twit_album_art_2048x2048/public/images/shows/floss_weekly/album_art/audio/floss_albumart_mask.jpg?itok=IUjxKpwt'
08-05 13:38:47.123  2324  3124 D DBReader: getImageAuthentication() called with: imageUrl = [http://ichef.bbci.co.uk/images/ic/3000x3000/p07kfvzb.jpg]
08-05 13:38:47.127  2324  3357 D ApOkHttpUrlLoader: buildLoadData() called with: model = [https://pl.tedcdn.com/rss_feed_images/ted_talks_main_podcast/video.png], width = [224], height = [224]
08-05 13:38:47.127  2324  3124 D ApOkHttpUrlLoader: no credentials for 'http://ichef.bbci.co.uk/images/ic/3000x3000/p07kfvzb.jpg'
08-05 13:38:47.129  2324  3117 D DBReader: getImageAuthentication() called with: imageUrl = [https://pl.tedcdn.com/rss_feed_images/ted_talks_main_podcast/video.png]
08-05 13:38:47.131  2324  3357 D ApOkHttpUrlLoader: buildLoadData() called with: model = [https://elroy.twit.tv/sites/default/files/styles/twit_album_art_2048x2048/public/images/shows/this_week_in_tech/album_art/audio/twit1400audio.jpg?itok=J0vhatZb], width = [224], height = [224]
08-05 13:38:47.132  2324  3122 D DBReader: getImageAuthentication() called with: imageUrl = [https://elroy.twit.tv/sites/default/files/styles/twit_album_art_2048x2048/public/images/shows/this_week_in_tech/album_art/audio/twit1400audio.jpg?itok=J0vhatZb]
08-05 13:38:47.133  2324  3117 D ApOkHttpUrlLoader: no credentials for 'https://pl.tedcdn.com/rss_feed_images/ted_talks_main_podcast/video.png'
08-05 13:38:47.135  2324  3357 D ApOkHttpUrlLoader: buildLoadData() called with: model = [http://ichef.bbci.co.uk/images/ic/3000x3000/p03gtk3j.jpg], width = [224], height = [224]
08-05 13:38:47.136  2324  3121 D DBReader: getImageAuthentication() called with: imageUrl = [http://ichef.bbci.co.uk/images/ic/3000x3000/p03gtk3j.jpg]
08-05 13:38:47.137  2324  3122 D ApOkHttpUrlLoader: no credentials for 'https://elroy.twit.tv/sites/default/files/styles/twit_album_art_2048x2048/public/images/shows/this_week_in_tech/album_art/audio/twit1400audio.jpg?itok=J0vhatZb'
08-05 13:38:47.140  2324  3121 D ApOkHttpUrlLoader: no credentials for 'http://ichef.bbci.co.uk/images/ic/3000x3000/p03gtk3j.jpg'
08-05 13:38:47.163  2324  3115 D DBWriter: updateFeedDownloadURL(original: http://sixgun.org/files/linuxoutlaws.jpg, updated: https://fab.industries/sixgun/files/linuxoutlaws.jpg)
08-05 13:38:47.238  2324  3121 D MYTAG   : interceptor 2a
08-05 13:38:47.238  2324  3121 I NAPPA_EXPERIMENTATION: MetricNetworkRequestExecutionTime: REQUEST_DURATION_SYSTEM='98',REQUEST_DURATION_OKHTTP='94',REQUEST_SYNCHRONOUS='TRUE',RESPONSE_CODE='200',RESPONSE_METHOD='GET',RESPONSE_LENGTH_OKHTTP='814284',RESPONSE_LENGTH_HEADER='814284',REQUEST_PROTOCOL='http/1.1',REQUEST_URL='http://ichef.bbci.co.uk/images/ic/3000x3000/p03gtk3j.jpg',
08-05 13:38:47.277  2324  3124 D MYTAG   : interceptor 2a
08-05 13:38:47.277  2324  3124 I NAPPA_EXPERIMENTATION: MetricNetworkRequestExecutionTime: REQUEST_DURATION_SYSTEM='150',REQUEST_DURATION_OKHTTP='146',REQUEST_SYNCHRONOUS='TRUE',RESPONSE_CODE='200',RESPONSE_METHOD='GET',RESPONSE_LENGTH_OKHTTP='589826',RESPONSE_LENGTH_HEADER='589826',REQUEST_PROTOCOL='http/1.1',REQUEST_URL='http://ichef.bbci.co.uk/images/ic/3000x3000/p07kfvzb.jpg',
08-05 13:38:47.420  2324  2404 I art     : Starting a blocking GC Explicit
08-05 13:38:47.454  2324  3123 D MYTAG   : interceptor 2a
08-05 13:38:47.455  2324  3123 I NAPPA_EXPERIMENTATION: MetricNetworkRequestExecutionTime: REQUEST_DURATION_SYSTEM='336',REQUEST_DURATION_OKHTTP='82',REQUEST_SYNCHRONOUS='TRUE',RESPONSE_CODE='200',RESPONSE_METHOD='GET',RESPONSE_LENGTH_OKHTTP='52553',RESPONSE_LENGTH_HEADER='52553',REQUEST_PROTOCOL='http/1.1',REQUEST_URL='https://files.thisamericanlife.org/sites/all/themes/thislife/img/tal-name-1400x1400.png',
08-05 13:38:47.463  2324  2404 I art     : Explicit concurrent mark sweep GC freed 12830(745KB) AllocSpace objects, 1(20KB) LOS objects, 24% free, 50MB/66MB, paused 1.395ms total 43.230ms
08-05 13:38:47.473  2324  2404 I art     : Starting a blocking GC Explicit
08-05 13:38:47.505  2324  2404 I art     : Explicit concurrent mark sweep GC freed 3031(131KB) AllocSpace objects, 0(0B) LOS objects, 24% free, 50MB/66MB, paused 1.424ms total 31.603ms
08-05 13:38:47.514  2324  2404 I art     : Starting a blocking GC Explicit
08-05 13:38:47.538  2324  3119 D MYTAG   : interceptor 2a
08-05 13:38:47.539  2324  3119 I NAPPA_EXPERIMENTATION: MetricNetworkRequestExecutionTime: REQUEST_DURATION_SYSTEM='415',REQUEST_DURATION_OKHTTP='171',REQUEST_SYNCHRONOUS='TRUE',RESPONSE_CODE='200',RESPONSE_METHOD='GET',RESPONSE_LENGTH_OKHTTP='297964',RESPONSE_LENGTH_HEADER='297964',REQUEST_PROTOCOL='h2',REQUEST_URL='https://elroy.twit.tv/sites/default/files/styles/twit_album_art_2048x2048/public/images/shows/floss_weekly/album_art/audio/floss_albumart_mask.jpg?itok=IUjxKpwt',
08-05 13:38:47.545  2324  2404 I art     : Explicit concurrent mark sweep GC freed 571(44KB) AllocSpace objects, 0(0B) LOS objects, 24% free, 50MB/66MB, paused 1.300ms total 30.947ms
08-05 13:38:47.555  2324  2404 I art     : Starting a blocking GC Explicit
08-05 13:38:47.586  2324  2404 I art     : Explicit concurrent mark sweep GC freed 266(10KB) AllocSpace objects, 0(0B) LOS objects, 24% free, 50MB/66MB, paused 1.137ms total 30.751ms
08-05 13:38:47.595  2324  2404 I art     : Starting a blocking GC Explicit
08-05 13:38:47.614  2324  3117 D MYTAG   : interceptor 2a
08-05 13:38:47.615  2324  3117 I NAPPA_EXPERIMENTATION: MetricNetworkRequestExecutionTime: REQUEST_DURATION_SYSTEM='481',REQUEST_DURATION_OKHTTP='189',REQUEST_SYNCHRONOUS='TRUE',RESPONSE_CODE='200',RESPONSE_METHOD='GET',RESPONSE_LENGTH_OKHTTP='89986',RESPONSE_LENGTH_HEADER='89986',REQUEST_PROTOCOL='h2',REQUEST_URL='https://pl.tedcdn.com/rss_feed_images/ted_talks_main_podcast/video.png',
08-05 13:38:47.626  2324  2404 I art     : Explicit concurrent mark sweep GC freed 240(19KB) AllocSpace objects, 0(0B) LOS objects, 24% free, 50MB/66MB, paused 1.173ms total 30.861ms
08-05 13:38:47.671  2324  3115 D MYTAG   : interceptor 2a
08-05 13:38:47.671  2324  3115 I NAPPA_EXPERIMENTATION: MetricNetworkRequestExecutionTime: REQUEST_DURATION_SYSTEM='565',REQUEST_DURATION_OKHTTP='185',REQUEST_SYNCHRONOUS='TRUE',RESPONSE_CODE='404',RESPONSE_METHOD='GET',RESPONSE_LENGTH_OKHTTP='-1',RESPONSE_LENGTH_HEADER='1503',REQUEST_PROTOCOL='h2',REQUEST_URL='https://fab.industries/sixgun/files/linuxoutlaws.jpg',
08-05 13:38:47.673  2324  2324 W Glide   : Load failed for http://sixgun.org/files/linuxoutlaws.jpg with size [224x224]
08-05 13:38:47.673  2324  2324 W Glide   : class com.bumptech.glide.load.engine.GlideException: Failed to load resource
08-05 13:38:47.673  2324  2324 W Glide   : There was 1 cause:
08-05 13:38:47.673  2324  2324 W Glide   : com.bumptech.glide.load.HttpException()
08-05 13:38:47.673  2324  2324 W Glide   :  call GlideException#logRootCauses(String) for more detail
08-05 13:38:47.673  2324  2324 W Glide   :   Cause (1 of 1): class com.bumptech.glide.load.engine.GlideException: Fetching data failed, class java.io.InputStream, REMOTE
08-05 13:38:47.673  2324  2324 W Glide   : There was 1 cause:
08-05 13:38:47.673  2324  2324 W Glide   : com.bumptech.glide.load.HttpException()
08-05 13:38:47.673  2324  2324 W Glide   :  call GlideException#logRootCauses(String) for more detail
08-05 13:38:47.673  2324  2324 W Glide   :     Cause (1 of 1): class com.bumptech.glide.load.HttpException: 
08-05 13:38:47.673  2324  2324 I Glide   : Root cause (1 of 1)
08-05 13:38:47.673  2324  2324 I Glide   : com.bumptech.glide.load.HttpException: 
08-05 13:38:47.673  2324  2324 I Glide   : 	at com.bumptech.glide.integration.okhttp3.OkHttpStreamFetcher.onResponse(OkHttpStreamFetcher.java:73)
08-05 13:38:47.673  2324  2324 I Glide   : 	at okhttp3.RealCall$AsyncCall.execute(RealCall.java:174)
08-05 13:38:47.673  2324  2324 I Glide   : 	at okhttp3.internal.NamedRunnable.run(NamedRunnable.java:32)
08-05 13:38:47.673  2324  2324 I Glide   : 	at java.util.concurrent.ThreadPoolExecutor.runWorker(ThreadPoolExecutor.java:1113)
08-05 13:38:47.673  2324  2324 I Glide   : 	at java.util.concurrent.ThreadPoolExecutor$Worker.run(ThreadPoolExecutor.java:588)
08-05 13:38:47.673  2324  2324 I Glide   : 	at java.lang.Thread.run(Thread.java:818)
08-05 13:38:47.674  2324  2324 W Glide   : Load failed for http://sixgun.org/files/linuxoutlaws.jpg with size [224x224]
08-05 13:38:47.674  2324  2324 W Glide   : class com.bumptech.glide.load.engine.GlideException: Failed to load resource
08-05 13:38:47.674  2324  2324 W Glide   : There was 1 cause:
08-05 13:38:47.674  2324  2324 W Glide   : com.bumptech.glide.load.HttpException()
08-05 13:38:47.674  2324  2324 W Glide   :  call GlideException#logRootCauses(String) for more detail
08-05 13:38:47.674  2324  2324 W Glide   :   Cause (1 of 1): class com.bumptech.glide.load.engine.GlideException: Fetching data failed, class java.io.InputStream, REMOTE
08-05 13:38:47.674  2324  2324 W Glide   : There was 1 cause:
08-05 13:38:47.674  2324  2324 W Glide   : com.bumptech.glide.load.HttpException()
08-05 13:38:47.674  2324  2324 W Glide   :  call GlideException#logRootCauses(String) for more detail
08-05 13:38:47.674  2324  2324 W Glide   :     Cause (1 of 1): class com.bumptech.glide.load.HttpException: 
08-05 13:38:47.674  2324  2324 I Glide   : Root cause (1 of 1)
08-05 13:38:47.674  2324  2324 I Glide   : com.bumptech.glide.load.HttpException: 
08-05 13:38:47.674  2324  2324 I Glide   : 	at com.bumptech.glide.integration.okhttp3.OkHttpStreamFetcher.onResponse(OkHttpStreamFetcher.java:73)
08-05 13:38:47.674  2324  2324 I Glide   : 	at okhttp3.RealCall$AsyncCall.execute(RealCall.java:174)
08-05 13:38:47.674  2324  2324 I Glide   : 	at okhttp3.internal.NamedRunnable.run(NamedRunnable.java:32)
08-05 13:38:47.674  2324  2324 I Glide   : 	at java.util.concurrent.ThreadPoolExecutor.runWorker(ThreadPoolExecutor.java:1113)
08-05 13:38:47.674  2324  2324 I Glide   : 	at java.util.concurrent.ThreadPoolExecutor$Worker.run(ThreadPoolExecutor.java:588)
08-05 13:38:47.674  2324  2324 I Glide   : 	at java.lang.Thread.run(Thread.java:818)
08-05 13:38:47.681  2324  3122 D MYTAG   : interceptor 2a
08-05 13:38:47.681  2324  3122 I NAPPA_EXPERIMENTATION: MetricNetworkRequestExecutionTime: REQUEST_DURATION_SYSTEM='544',REQUEST_DURATION_OKHTTP='312',REQUEST_SYNCHRONOUS='TRUE',RESPONSE_CODE='200',RESPONSE_METHOD='GET',RESPONSE_LENGTH_OKHTTP='465707',RESPONSE_LENGTH_HEADER='465707',REQUEST_PROTOCOL='h2',REQUEST_URL='https://elroy.twit.tv/sites/default/files/styles/twit_album_art_2048x2048/public/images/shows/this_week_in_tech/album_art/audio/twit1400audio.jpg?itok=J0vhatZb',
08-05 13:38:47.748  2324  3357 D ApOkHttpUrlLoader: buildLoadData() called with: model = [http://sixgun.org/files/linuxoutlaws.jpg], width = [224], height = [224]
08-05 13:38:47.750  2324  3122 D DBReader: getImageAuthentication() called with: imageUrl = [http://sixgun.org/files/linuxoutlaws.jpg]
08-05 13:38:47.753  2324  3122 D ApOkHttpUrlLoader: no credentials for 'http://sixgun.org/files/linuxoutlaws.jpg'
08-05 13:38:47.803  2324  3122 D DBWriter: updateFeedDownloadURL(original: http://sixgun.org/files/linuxoutlaws.jpg, updated: https://fab.industries/sixgun/files/linuxoutlaws.jpg)
08-05 13:38:47.914  2324  2337 I art     : Starting a blocking GC Explicit
08-05 13:38:47.944  2324  2337 I art     : Explicit concurrent mark sweep GC freed 4023(293KB) AllocSpace objects, 1(20KB) LOS objects, 23% free, 50MB/66MB, paused 1.044ms total 29.348ms
08-05 13:38:47.953  2324  2337 I art     : Starting a blocking GC Explicit
08-05 13:38:47.955  2324  3122 D MYTAG   : interceptor 2a
08-05 13:38:47.955  2324  3122 I NAPPA_EXPERIMENTATION: MetricNetworkRequestExecutionTime: REQUEST_DURATION_SYSTEM='202',REQUEST_DURATION_OKHTTP='150',REQUEST_SYNCHRONOUS='TRUE',RESPONSE_CODE='404',RESPONSE_METHOD='GET',RESPONSE_LENGTH_OKHTTP='-1',RESPONSE_LENGTH_HEADER='1503',REQUEST_PROTOCOL='h2',REQUEST_URL='https://fab.industries/sixgun/files/linuxoutlaws.jpg',
08-05 13:38:47.966  2324  2324 W Glide   : Load failed for http://sixgun.org/files/linuxoutlaws.jpg with size [224x224]
08-05 13:38:47.966  2324  2324 W Glide   : class com.bumptech.glide.load.engine.GlideException: Failed to load resource
08-05 13:38:47.966  2324  2324 W Glide   : There was 1 cause:
08-05 13:38:47.966  2324  2324 W Glide   : com.bumptech.glide.load.HttpException()
08-05 13:38:47.966  2324  2324 W Glide   :  call GlideException#logRootCauses(String) for more detail
08-05 13:38:47.966  2324  2324 W Glide   :   Cause (1 of 1): class com.bumptech.glide.load.engine.GlideException: Fetching data failed, class java.io.InputStream, REMOTE
08-05 13:38:47.966  2324  2324 W Glide   : There was 1 cause:
08-05 13:38:47.966  2324  2324 W Glide   : com.bumptech.glide.load.HttpException()
08-05 13:38:47.966  2324  2324 W Glide   :  call GlideException#logRootCauses(String) for more detail
08-05 13:38:47.966  2324  2324 W Glide   :     Cause (1 of 1): class com.bumptech.glide.load.HttpException: 
08-05 13:38:47.967  2324  2324 I Glide   : Root cause (1 of 1)
08-05 13:38:47.967  2324  2324 I Glide   : com.bumptech.glide.load.HttpException: 
08-05 13:38:47.967  2324  2324 I Glide   : 	at com.bumptech.glide.integration.okhttp3.OkHttpStreamFetcher.onResponse(OkHttpStreamFetcher.java:73)
08-05 13:38:47.967  2324  2324 I Glide   : 	at okhttp3.RealCall$AsyncCall.execute(RealCall.java:174)
08-05 13:38:47.967  2324  2324 I Glide   : 	at okhttp3.internal.NamedRunnable.run(NamedRunnable.java:32)
08-05 13:38:47.967  2324  2324 I Glide   : 	at java.util.concurrent.ThreadPoolExecutor.runWorker(ThreadPoolExecutor.java:1113)
08-05 13:38:47.967  2324  2324 I Glide   : 	at java.util.concurrent.ThreadPoolExecutor$Worker.run(ThreadPoolExecutor.java:588)
08-05 13:38:47.967  2324  2324 I Glide   : 	at java.lang.Thread.run(Thread.java:818)
08-05 13:38:47.983  2324  2337 I art     : Explicit concurrent mark sweep GC freed 417(45KB) AllocSpace objects, 0(0B) LOS objects, 23% free, 50MB/66MB, paused 1.022ms total 29.720ms
08-05 13:38:47.992  2324  2337 I art     : Starting a blocking GC Explicit
08-05 13:38:48.021  2324  2337 I art     : Explicit concurrent mark sweep GC freed 190(7KB) AllocSpace objects, 0(0B) LOS objects, 23% free, 50MB/66MB, paused 997us total 29.021ms
08-05 13:38:48.030  2324  2337 I art     : Starting a blocking GC Explicit
08-05 13:38:48.059  2324  2337 I art     : Explicit concurrent mark sweep GC freed 6(192B) AllocSpace objects, 0(0B) LOS objects, 23% free, 50MB/66MB, paused 1.003ms total 28.681ms
08-05 13:38:48.069  2324  2337 I art     : Starting a blocking GC Explicit
08-05 13:38:48.099  2324  2337 I art     : Explicit concurrent mark sweep GC freed 3(96B) AllocSpace objects, 0(0B) LOS objects, 23% free, 50MB/66MB, paused 1.031ms total 29.840ms
08-05 13:38:48.458  2324  2336 I art     : Starting a blocking GC Explicit
08-05 13:38:48.502  2324  2336 I art     : Explicit concurrent mark sweep GC freed 1413(81KB) AllocSpace objects, 1(20KB) LOS objects, 23% free, 50MB/66MB, paused 1.250ms total 43.585ms
08-05 13:38:48.514  2324  2336 I art     : Starting a blocking GC Explicit
08-05 13:38:48.550  2324  2336 I art     : Explicit concurrent mark sweep GC freed 40(1344B) AllocSpace objects, 0(0B) LOS objects, 23% free, 50MB/66MB, paused 1.185ms total 35.654ms
08-05 13:38:48.560  2324  2336 I art     : Starting a blocking GC Explicit
08-05 13:38:48.595  2324  2336 I art     : Explicit concurrent mark sweep GC freed 3(96B) AllocSpace objects, 0(0B) LOS objects, 23% free, 50MB/66MB, paused 1.110ms total 34.962ms
08-05 13:38:48.606  2324  2336 I art     : Starting a blocking GC Explicit
08-05 13:38:48.641  2324  2336 I art     : Explicit concurrent mark sweep GC freed 3(96B) AllocSpace objects, 0(0B) LOS objects, 23% free, 50MB/66MB, paused 1.168ms total 35.623ms
08-05 13:38:48.652  2324  2336 I art     : Starting a blocking GC Explicit
08-05 13:38:48.688  2324  2336 I art     : Explicit concurrent mark sweep GC freed 3(96B) AllocSpace objects, 0(0B) LOS objects, 23% free, 50MB/66MB, paused 1.386ms total 35.415ms
08-05 13:38:48.858   518   646 I ThermalEngine: ACTION: GPU - Setting GPU[0] to 450000000
08-05 13:38:49.063  2324  2336 I art     : Starting a blocking GC Explicit
08-05 13:38:49.112  2324  2336 I art     : Explicit concurrent mark sweep GC freed 1441(82KB) AllocSpace objects, 1(20KB) LOS objects, 23% free, 50MB/66MB, paused 1.597ms total 48.063ms
08-05 13:38:49.128  2324  2336 I art     : Starting a blocking GC Explicit
08-05 13:38:49.174  2324  2336 I art     : Explicit concurrent mark sweep GC freed 40(1328B) AllocSpace objects, 0(0B) LOS objects, 23% free, 50MB/66MB, paused 1.583ms total 45.835ms
08-05 13:38:49.188  2324  2336 I art     : Starting a blocking GC Explicit
08-05 13:38:49.233  2324  2336 I art     : Explicit concurrent mark sweep GC freed 3(96B) AllocSpace objects, 0(0B) LOS objects, 23% free, 50MB/66MB, paused 1.506ms total 44.468ms
08-05 13:38:49.246  2324  2336 I art     : Starting a blocking GC Explicit
08-05 13:38:49.292  2324  2336 I art     : Explicit concurrent mark sweep GC freed 3(96B) AllocSpace objects, 0(0B) LOS objects, 23% free, 50MB/66MB, paused 1.571ms total 46.495ms
08-05 13:38:49.306  2324  2336 I art     : Starting a blocking GC Explicit
08-05 13:38:49.353  2324  2336 I art     : Explicit concurrent mark sweep GC freed 3(96B) AllocSpace objects, 0(0B) LOS objects, 23% free, 50MB/66MB, paused 1.580ms total 46.916ms
08-05 13:38:49.761  2324  2337 I art     : Starting a blocking GC Explicit
08-05 13:38:49.823  2324  2337 I art     : Explicit concurrent mark sweep GC freed 1410(81KB) AllocSpace objects, 1(20KB) LOS objects, 23% free, 50MB/66MB, paused 1.933ms total 62.155ms
08-05 13:38:49.838  2324  2337 I art     : Starting a blocking GC Explicit
08-05 13:38:49.859   518   646 I ThermalEngine: ACTION: GPU - Setting GPU[0] to 510000000
08-05 13:38:49.883  2324  2337 I art     : Explicit concurrent mark sweep GC freed 23(752B) AllocSpace objects, 0(0B) LOS objects, 23% free, 50MB/66MB, paused 1.627ms total 44.423ms
08-05 13:38:49.897  2324  2337 I art     : Starting a blocking GC Explicit
08-05 13:38:49.934  2324  2337 I art     : Explicit concurrent mark sweep GC freed 3(96B) AllocSpace objects, 0(0B) LOS objects, 23% free, 50MB/66MB, paused 1.172ms total 36.765ms
08-05 13:38:49.945  2324  2337 I art     : Starting a blocking GC Explicit
08-05 13:38:49.981  2324  2337 I art     : Explicit concurrent mark sweep GC freed 3(96B) AllocSpace objects, 0(0B) LOS objects, 23% free, 50MB/66MB, paused 1.148ms total 36.064ms
08-05 13:38:49.991  2324  2337 I art     : Starting a blocking GC Explicit
08-05 13:38:50.027  2324  2337 I art     : Explicit concurrent mark sweep GC freed 3(96B) AllocSpace objects, 0(0B) LOS objects, 23% free, 50MB/66MB, paused 1.178ms total 35.190ms
08-05 13:38:50.405  2324  2904 I art     : Starting a blocking GC Explicit
08-05 13:38:50.451  2324  2904 I art     : Explicit concurrent mark sweep GC freed 1410(81KB) AllocSpace objects, 1(20KB) LOS objects, 23% free, 50MB/66MB, paused 1.180ms total 45.105ms
08-05 13:38:50.461  2324  2904 I art     : Starting a blocking GC Explicit
08-05 13:38:50.496  2324  2904 I art     : Explicit concurrent mark sweep GC freed 23(752B) AllocSpace objects, 0(0B) LOS objects, 23% free, 50MB/66MB, paused 1.151ms total 34.870ms
08-05 13:38:50.507  2324  2904 I art     : Starting a blocking GC Explicit
08-05 13:38:50.542  2324  2904 I art     : Explicit concurrent mark sweep GC freed 3(96B) AllocSpace objects, 0(0B) LOS objects, 23% free, 50MB/66MB, paused 1.175ms total 35.093ms
08-05 13:38:50.552  2324  2904 I art     : Starting a blocking GC Explicit
08-05 13:38:50.588  2324  2904 I art     : Explicit concurrent mark sweep GC freed 3(96B) AllocSpace objects, 0(0B) LOS objects, 23% free, 50MB/66MB, paused 1.304ms total 35.472ms
08-05 13:38:50.599  2324  2904 I art     : Starting a blocking GC Explicit
08-05 13:38:50.633  2324  2904 I art     : Explicit concurrent mark sweep GC freed 3(96B) AllocSpace objects, 0(0B) LOS objects, 23% free, 50MB/66MB, paused 1.131ms total 34.302ms
08-05 13:38:51.015  2324  2404 I art     : Starting a blocking GC Explicit
08-05 13:38:51.062  2324  2404 I art     : Explicit concurrent mark sweep GC freed 1383(81KB) AllocSpace objects, 1(20KB) LOS objects, 23% free, 50MB/66MB, paused 1.282ms total 45.725ms
08-05 13:38:51.075  2324  2404 I art     : Starting a blocking GC Explicit
08-05 13:38:51.111  2324  2404 I art     : Explicit concurrent mark sweep GC freed 23(752B) AllocSpace objects, 0(0B) LOS objects, 23% free, 50MB/66MB, paused 1.161ms total 35.894ms
08-05 13:38:51.122  2324  2404 I art     : Starting a blocking GC Explicit
08-05 13:38:51.156  2324  2404 I art     : Explicit concurrent mark sweep GC freed 3(96B) AllocSpace objects, 0(0B) LOS objects, 23% free, 50MB/66MB, paused 1.155ms total 34.501ms
08-05 13:38:51.166  2324  2404 I art     : Starting a blocking GC Explicit
08-05 13:38:51.201  2324  2404 I art     : Explicit concurrent mark sweep GC freed 3(96B) AllocSpace objects, 0(0B) LOS objects, 23% free, 50MB/66MB, paused 1.179ms total 34.532ms
08-05 13:38:51.212  2324  2404 I art     : Starting a blocking GC Explicit
08-05 13:38:51.247  2324  2404 I art     : Explicit concurrent mark sweep GC freed 3(96B) AllocSpace objects, 0(0B) LOS objects, 23% free, 50MB/66MB, paused 1.243ms total 35.187ms
08-05 13:38:51.543   918  5481 I ActivityManager: Killing 31023:baseline.com.newsblur/u0a676 (adj 15): empty #17
08-05 13:38:51.583  2324  2904 I art     : Starting a blocking GC Explicit
08-05 13:38:51.619  2324  2904 I art     : Explicit concurrent mark sweep GC freed 1453(84KB) AllocSpace objects, 1(20KB) LOS objects, 23% free, 50MB/66MB, paused 1.204ms total 36.089ms
08-05 13:38:51.630  2324  2904 I art     : Starting a blocking GC Explicit
08-05 13:38:51.665  2324  2904 I art     : Explicit concurrent mark sweep GC freed 29(976B) AllocSpace objects, 0(0B) LOS objects, 23% free, 50MB/66MB, paused 1.123ms total 34.731ms
08-05 13:38:51.675  2324  2904 I art     : Starting a blocking GC Explicit
08-05 13:38:51.710  2324  2904 I art     : Explicit concurrent mark sweep GC freed 3(96B) AllocSpace objects, 0(0B) LOS objects, 23% free, 50MB/66MB, paused 1.153ms total 34.619ms
08-05 13:38:51.720  2324  2904 I art     : Starting a blocking GC Explicit
08-05 13:38:51.757  2324  2904 I art     : Explicit concurrent mark sweep GC freed 3(96B) AllocSpace objects, 0(0B) LOS objects, 23% free, 50MB/66MB, paused 1.182ms total 35.928ms
08-05 13:38:51.767  2324  2904 I art     : Starting a blocking GC Explicit
08-05 13:38:51.802  2324  2904 I art     : Explicit concurrent mark sweep GC freed 3(96B) AllocSpace objects, 0(0B) LOS objects, 23% free, 50MB/66MB, paused 1.101ms total 34.879ms
08-05 13:38:52.149  2324  2404 I art     : Starting a blocking GC Explicit
08-05 13:38:52.193  2324  2404 I art     : Explicit concurrent mark sweep GC freed 1384(81KB) AllocSpace objects, 1(20KB) LOS objects, 23% free, 50MB/66MB, paused 1.263ms total 43.416ms
08-05 13:38:52.205  2324  2404 I art     : Starting a blocking GC Explicit
08-05 13:38:52.241  2324  2404 I art     : Explicit concurrent mark sweep GC freed 23(752B) AllocSpace objects, 0(0B) LOS objects, 23% free, 50MB/66MB, paused 1.167ms total 35.532ms
08-05 13:38:52.251  2324  2404 I art     : Starting a blocking GC Explicit
08-05 13:38:52.286  2324  2404 I art     : Explicit concurrent mark sweep GC freed 3(96B) AllocSpace objects, 0(0B) LOS objects, 23% free, 50MB/66MB, paused 1.107ms total 35.163ms
08-05 13:38:52.297  2324  2404 I art     : Starting a blocking GC Explicit
08-05 13:38:52.333  2324  2404 I art     : Explicit concurrent mark sweep GC freed 3(96B) AllocSpace objects, 0(0B) LOS objects, 23% free, 50MB/66MB, paused 1.238ms total 35.586ms
08-05 13:38:52.343  2324  2404 I art     : Starting a blocking GC Explicit
08-05 13:38:52.379  2324  2404 I art     : Explicit concurrent mark sweep GC freed 3(96B) AllocSpace objects, 0(0B) LOS objects, 23% free, 50MB/66MB, paused 1.182ms total 35.900ms
08-05 13:38:52.688  2324  2336 I art     : Starting a blocking GC Explicit
08-05 13:38:52.731  2324  2336 I art     : Explicit concurrent mark sweep GC freed 1410(81KB) AllocSpace objects, 1(20KB) LOS objects, 23% free, 50MB/66MB, paused 1.335ms total 42.352ms
08-05 13:38:52.742  2324  2336 I art     : Starting a blocking GC Explicit
08-05 13:38:52.775  2324  2336 I art     : Explicit concurrent mark sweep GC freed 23(752B) AllocSpace objects, 0(0B) LOS objects, 23% free, 50MB/66MB, paused 1.108ms total 33.408ms
08-05 13:38:52.785  2324  2336 I art     : Starting a blocking GC Explicit
08-05 13:38:52.819  2324  2336 I art     : Explicit concurrent mark sweep GC freed 3(96B) AllocSpace objects, 0(0B) LOS objects, 23% free, 50MB/66MB, paused 1.191ms total 33.722ms
08-05 13:38:52.829  2324  2336 I art     : Starting a blocking GC Explicit
08-05 13:38:52.862  2324  2336 I art     : Explicit concurrent mark sweep GC freed 3(96B) AllocSpace objects, 0(0B) LOS objects, 23% free, 50MB/66MB, paused 1.131ms total 33.092ms
08-05 13:38:52.872  2324  2336 I art     : Starting a blocking GC Explicit
08-05 13:38:52.905  5749  5749 D AndroidRuntime: >>>>>> START com.android.internal.os.RuntimeInit uid 2000 <<<<<<
08-05 13:38:52.905  2324  2336 I art     : Explicit concurrent mark sweep GC freed 3(96B) AllocSpace objects, 0(0B) LOS objects, 23% free, 50MB/66MB, paused 1.246ms total 32.965ms
08-05 13:38:52.910  5749  5749 D AndroidRuntime: CheckJNI is OFF
08-05 13:38:52.945  5749  5749 D ICU     : No timezone override file found: /data/misc/zoneinfo/current/icu/icu_tzdata.dat
08-05 13:38:52.977  5749  5749 I Radio-JNI: register_android_hardware_Radio DONE
08-05 13:38:52.999  5749  5749 D AndroidRuntime: Calling main entry com.android.commands.input.Input
08-05 13:38:53.002  5749  5749 I Input   : injectMotionEvent: MotionEvent { action=ACTION_DOWN, actionButton=0, id[0]=0, x[0]=526.0, y[0]=597.0, toolType[0]=TOOL_TYPE_UNKNOWN, buttonState=0, metaState=0, flags=0x0, edgeFlags=0x0, pointerCount=1, historySize=0, eventTime=797949415, downTime=797949415, deviceId=0, source=0x1002 }
08-05 13:38:53.010  5749  5749 I Input   : injectMotionEvent: MotionEvent { action=ACTION_UP, actionButton=0, id[0]=0, x[0]=526.0, y[0]=597.0, toolType[0]=TOOL_TYPE_UNKNOWN, buttonState=0, metaState=0, flags=0x0, edgeFlags=0x0, pointerCount=1, historySize=0, eventTime=797949415, downTime=797949415, deviceId=0, source=0x1002 }
08-05 13:38:53.014  5749  5749 D AndroidRuntime: Shutting down VM
08-05 13:38:53.079  2324  2324 D PodcastListFragment: Selected podcast: GpodnetPodcast [url=http://feeds.feedburner.com/linuxoutlaws, title=Linux Outlaws, description=Two pragmatic geeks talk about the latest news concerning Linux, free and open
08-05 13:38:53.079  2324  2324 D PodcastListFragment: technology or anything else they deem noteworthy which may include such absurd
08-05 13:38:53.079  2324  2324 D PodcastListFragment: things as hockey or bands you never heard of. This means there's many a joke
08-05 13:38:53.079  2324  2324 D PodcastListFragment: and derailed conversation along the way, so don't come here expecting only
08-05 13:38:53.079  2324  2324 D PodcastListFragment: Linux or software freedom talk  just sit back and relax, partner., subscribers=3321, logoUrl=http://sixgun.org/files/linuxoutlaws.jpg, website=http://sixgun.org, mygpoLink=http://gpodder.net/podcast/linux-outlaws-mp3]
08-05 13:38:53.080   512  2967 D audio_hw_primary: out_set_parameters: enter: usecase(1: low-latency-playback) kvpairs: routing=2
08-05 13:38:53.080   918   928 I ActivityManager: START u0 {cmp=baseline.de.danoeh.antennapod.debug/baseline.de.danoeh.antennapod.activity.OnlineFeedViewActivity (has extras)} from uid 10695 on display 0
08-05 13:38:53.094   512  2967 D audio_hw_primary: select_devices: out_snd_device(2: speaker) in_snd_device(0: none)
08-05 13:38:53.094   512  2967 D msm8974_platform: platform_send_audio_calibration: sending audio calibration for snd_device(2) acdb_id(15)
08-05 13:38:53.095   512  2967 I soundtrigger: audio_extn_sound_trigger_update_device_status: device 0x2 of type 0 for Event 1
08-05 13:38:53.106   512  2967 D audio_hw_primary: enable_snd_device: snd_device(2: speaker)
08-05 13:38:53.108   512  2967 D audio_hw_primary: enable_audio_route: apply and update mixer path: low-latency-playback speaker
08-05 13:38:53.109  2324  2324 D UserPreferences: Using default data folder
08-05 13:38:53.111  2324  2324 D OnlineFeedViewActivity: Activity was started with url http://feeds.feedburner.com/linuxoutlaws
08-05 13:38:53.113  2324  2324 D OnlineFeedViewActivity: Starting feed download
08-05 13:38:53.116  2324  2344 D DBReader: Extracting Feedlist
08-05 13:38:53.120   918  4400 D WifiService: acquireWifiLockLocked: WifiLock{Downloader type=1 binder=android.os.BinderProxy@c8a4778}
08-05 13:38:53.122  2324  2344 D AntennapodHttpClient: Creating new instance of HTTP client
08-05 13:38:53.165 13866 13866 I GoogleInputMethodServic: GoogleInputMethodService.onFinishInput():3138 
08-05 13:38:53.165 13866 13866 I GoogleInputMethodServic: GoogleInputMethodService.onStartInput():1808 
08-05 13:38:53.186   918   936 I ActivityManager: Displayed baseline.de.danoeh.antennapod.debug/baseline.de.danoeh.antennapod.activity.OnlineFeedViewActivity: +95ms
08-05 13:38:53.205  2324  2404 I art     : Starting a blocking GC Explicit
08-05 13:38:53.214  2324  2344 D MYTAG   : interceptor 3a http://feeds.feedburner.com/linuxoutlaws
08-05 13:38:53.214  2324  2344 I NAPPA_EXPERIMENTATION: MetricNetworkRequestExecutionTime: REQUEST_DURATION_SYSTEM='92',REQUEST_DURATION_OKHTTP='43',REQUEST_SYNCHRONOUS='TRUE',RESPONSE_CODE='200',RESPONSE_METHOD='GET',RESPONSE_LENGTH_OKHTTP='-1',RESPONSE_LENGTH_HEADER='-2',REQUEST_PROTOCOL='http/1.1',REQUEST_URL='http://feeds.feedburner.com/linuxoutlaws',
08-05 13:38:53.214  2324  2344 D HttpDownloader: Response code is 200
08-05 13:38:53.214  2324  2344 D UserPreferences: Using default data folder
08-05 13:38:53.216  2324  2344 D HttpDownloader: Getting size of download
08-05 13:38:53.216  2324  2344 D HttpDownloader: Size is -1
08-05 13:38:53.216  2324  2344 D UserPreferences: Using default data folder
08-05 13:38:53.217  2324  2344 D HttpDownloader: Free space is 20215742464
08-05 13:38:53.217  2324  2344 D HttpDownloader: Starting download
08-05 13:38:53.219  2324  2344 D HttpDownloader: Download was successful
08-05 13:38:53.220   918  3714 D WifiService: releaseWifiLockLocked: WifiLock{Downloader type=1 binder=android.os.BinderProxy@c8a4778}
08-05 13:38:53.240  2324  2345 D OpenGLRenderer: endAllStagingAnimators on 0x7f7d2f9000 (GridView) with handle 0x7f7e30f140
08-05 13:38:53.247  2324  2324 D OnlineFeedViewActivity: Parsing feed
08-05 13:38:53.251  2324  2404 I art     : Explicit concurrent mark sweep GC freed 3072(245KB) AllocSpace objects, 2(40KB) LOS objects, 23% free, 51MB/67MB, paused 1.609ms total 45.973ms
08-05 13:38:53.256  2324  5783 D TypeGetter: Recognized type RSS 2.0
08-05 13:38:53.258  2324  5783 D SyndHandler: Recognized Content namespace
08-05 13:38:53.258  2324  5783 D SyndHandler: Recognized DublinCore namespace
08-05 13:38:53.258  2324  5783 D SyndHandler: Recognized Atom namespace
08-05 13:38:53.259  2324  5783 D SyndHandler: Recognized ITunes namespace
08-05 13:38:53.259  2324  5783 D SyndHandler: Recognized media namespace
08-05 13:38:53.264  2324  2404 I art     : Starting a blocking GC Explicit
08-05 13:38:53.294  2324  5783 D OnlineFeedViewActivity: Deleted feed source file. Result: true
08-05 13:38:53.295  2324  2324 D OnlineFeedViewActivity: Removing HTML from shownotes
08-05 13:38:53.297  2324  2404 I art     : Explicit concurrent mark sweep GC freed 2331(435KB) AllocSpace objects, 3(60KB) LOS objects, 23% free, 51MB/67MB, paused 1.505ms total 32.847ms
08-05 13:38:53.307  2324  2404 I art     : Starting a blocking GC Explicit
08-05 13:38:53.315  2324  3357 D ApOkHttpUrlLoader: buildLoadData() called with: model = [http://sixgun.org/files/linuxoutlaws.jpg], width = [350], height = [350]
08-05 13:38:53.317  2324  3122 D DBReader: getImageAuthentication() called with: imageUrl = [http://sixgun.org/files/linuxoutlaws.jpg]
08-05 13:38:53.321  2324  3122 D ApOkHttpUrlLoader: no credentials for 'http://sixgun.org/files/linuxoutlaws.jpg'
08-05 13:38:53.344  2324  2404 I art     : Explicit concurrent mark sweep GC freed 10158(634KB) AllocSpace objects, 11(748KB) LOS objects, 23% free, 51MB/67MB, paused 1.655ms total 36.086ms
08-05 13:38:53.353  2324  2404 I art     : Starting a blocking GC Explicit
08-05 13:38:53.386  2324  2404 I art     : Explicit concurrent mark sweep GC freed 1061(49KB) AllocSpace objects, 0(0B) LOS objects, 23% free, 51MB/67MB, paused 1.128ms total 32.438ms
08-05 13:38:53.396  2324  2404 I art     : Starting a blocking GC Explicit
08-05 13:38:53.413  2324  3122 D DBWriter: updateFeedDownloadURL(original: http://sixgun.org/files/linuxoutlaws.jpg, updated: https://fab.industries/sixgun/files/linuxoutlaws.jpg)
08-05 13:38:53.436  2324  2404 I art     : Explicit concurrent mark sweep GC freed 290(14KB) AllocSpace objects, 0(0B) LOS objects, 23% free, 51MB/67MB, paused 1.403ms total 39.829ms
08-05 13:38:53.439   380   380 W SurfaceFlinger: couldn't log to binary event log: overflow.
08-05 13:38:53.568  2324  3122 D MYTAG   : interceptor 2a
08-05 13:38:53.570  2324  3122 I NAPPA_EXPERIMENTATION: MetricNetworkRequestExecutionTime: REQUEST_DURATION_SYSTEM='247',REQUEST_DURATION_OKHTTP='152',REQUEST_SYNCHRONOUS='TRUE',RESPONSE_CODE='404',RESPONSE_METHOD='GET',RESPONSE_LENGTH_OKHTTP='-1',RESPONSE_LENGTH_HEADER='1503',REQUEST_PROTOCOL='h2',REQUEST_URL='https://fab.industries/sixgun/files/linuxoutlaws.jpg',
08-05 13:38:53.574  2324  2324 D PlaybackController: Releasing PlaybackController
08-05 13:38:53.599  2324  2324 W Glide   : Load failed for http://sixgun.org/files/linuxoutlaws.jpg with size [350x350]
08-05 13:38:53.599  2324  2324 W Glide   : class com.bumptech.glide.load.engine.GlideException: Failed to load resource
08-05 13:38:53.599  2324  2324 W Glide   : There was 1 cause:
08-05 13:38:53.599  2324  2324 W Glide   : com.bumptech.glide.load.HttpException()
08-05 13:38:53.599  2324  2324 W Glide   :  call GlideException#logRootCauses(String) for more detail
08-05 13:38:53.599  2324  2324 W Glide   :   Cause (1 of 1): class com.bumptech.glide.load.engine.GlideException: Fetching data failed, class java.io.InputStream, REMOTE
08-05 13:38:53.599  2324  2324 W Glide   : There was 1 cause:
08-05 13:38:53.599  2324  2324 W Glide   : com.bumptech.glide.load.HttpException()
08-05 13:38:53.599  2324  2324 W Glide   :  call GlideException#logRootCauses(String) for more detail
08-05 13:38:53.599  2324  2324 W Glide   :     Cause (1 of 1): class com.bumptech.glide.load.HttpException: 
08-05 13:38:53.599  2324  2324 I Glide   : Root cause (1 of 1)
08-05 13:38:53.599  2324  2324 I Glide   : com.bumptech.glide.load.HttpException: 
08-05 13:38:53.599  2324  2324 I Glide   : 	at com.bumptech.glide.integration.okhttp3.OkHttpStreamFetcher.onResponse(OkHttpStreamFetcher.java:73)
08-05 13:38:53.599  2324  2324 I Glide   : 	at okhttp3.RealCall$AsyncCall.execute(RealCall.java:174)
08-05 13:38:53.599  2324  2324 I Glide   : 	at okhttp3.internal.NamedRunnable.run(NamedRunnable.java:32)
08-05 13:38:53.599  2324  2324 I Glide   : 	at java.util.concurrent.ThreadPoolExecutor.runWorker(ThreadPoolExecutor.java:1113)
08-05 13:38:53.599  2324  2324 I Glide   : 	at java.util.concurrent.ThreadPoolExecutor$Worker.run(ThreadPoolExecutor.java:588)
08-05 13:38:53.599  2324  2324 I Glide   : 	at java.lang.Thread.run(Thread.java:818)
08-05 13:38:53.649   512  2967 D audio_hw_primary: disable_audio_route: reset and update mixer path: low-latency-playback speaker
08-05 13:38:53.650   512  2967 D audio_hw_primary: disable_snd_device: snd_device(2: speaker)
08-05 13:38:53.657   512  2967 I soundtrigger: audio_extn_sound_trigger_update_device_status: device 0x2 of type 0 for Event 0
08-05 13:38:53.753  2324  2336 I art     : Starting a blocking GC Explicit
08-05 13:38:53.799  2324  2336 I art     : Explicit concurrent mark sweep GC freed 2145(145KB) AllocSpace objects, 2(132KB) LOS objects, 23% free, 51MB/67MB, paused 1.598ms total 45.274ms
08-05 13:38:53.814  2324  2336 I art     : Starting a blocking GC Explicit
08-05 13:38:53.851  2324  2336 I art     : Explicit concurrent mark sweep GC freed 58(2032B) AllocSpace objects, 0(0B) LOS objects, 23% free, 51MB/67MB, paused 1.162ms total 36.457ms
08-05 13:38:53.861  2324  2336 I art     : Starting a blocking GC Explicit
08-05 13:38:53.899  2324  2336 I art     : Explicit concurrent mark sweep GC freed 3(96B) AllocSpace objects, 0(0B) LOS objects, 23% free, 51MB/67MB, paused 1.228ms total 37.572ms
08-05 13:38:53.910  2324  2336 I art     : Starting a blocking GC Explicit
08-05 13:38:53.947  2324  2336 I art     : Explicit concurrent mark sweep GC freed 3(96B) AllocSpace objects, 0(0B) LOS objects, 23% free, 51MB/67MB, paused 1.297ms total 37.384ms
08-05 13:38:53.958  2324  2336 I art     : Starting a blocking GC Explicit
08-05 13:38:53.996  2324  2336 I art     : Explicit concurrent mark sweep GC freed 3(96B) AllocSpace objects, 0(0B) LOS objects, 23% free, 51MB/67MB, paused 1.189ms total 37.327ms
08-05 13:38:54.324  2324  2404 I art     : Starting a blocking GC Explicit
08-05 13:38:54.371  2324  2404 I art     : Explicit concurrent mark sweep GC freed 1381(81KB) AllocSpace objects, 1(20KB) LOS objects, 23% free, 51MB/67MB, paused 1.338ms total 46.523ms
08-05 13:38:54.382  2324  2404 I art     : Starting a blocking GC Explicit
08-05 13:38:54.420  2324  2404 I art     : Explicit concurrent mark sweep GC freed 55(1616B) AllocSpace objects, 0(0B) LOS objects, 23% free, 51MB/67MB, paused 1.210ms total 37.523ms
08-05 13:38:54.431  2324  2404 I art     : Starting a blocking GC Explicit
08-05 13:38:54.469  2324  2404 I art     : Explicit concurrent mark sweep GC freed 3(96B) AllocSpace objects, 0(0B) LOS objects, 23% free, 51MB/67MB, paused 1.394ms total 37.578ms
08-05 13:38:54.479  2324  2404 I art     : Starting a blocking GC Explicit
08-05 13:38:54.517  2324  2404 I art     : Explicit concurrent mark sweep GC freed 3(96B) AllocSpace objects, 0(0B) LOS objects, 23% free, 51MB/67MB, paused 1.196ms total 37.124ms
08-05 13:38:54.528  2324  2404 I art     : Starting a blocking GC Explicit
08-05 13:38:54.565  2324  2404 I art     : Explicit concurrent mark sweep GC freed 3(96B) AllocSpace objects, 0(0B) LOS objects, 23% free, 51MB/67MB, paused 1.207ms total 37.403ms
08-05 13:38:54.926  2324  2337 I art     : Starting a blocking GC Explicit
08-05 13:38:54.966  2324  2337 I art     : Explicit concurrent mark sweep GC freed 1389(81KB) AllocSpace objects, 1(20KB) LOS objects, 23% free, 51MB/67MB, paused 1.096ms total 39.610ms
08-05 13:38:54.977  2324  2337 I art     : Starting a blocking GC Explicit
08-05 13:38:55.013  2324  2337 I art     : Explicit concurrent mark sweep GC freed 28(912B) AllocSpace objects, 0(0B) LOS objects, 23% free, 51MB/67MB, paused 1.070ms total 35.366ms
08-05 13:38:55.024  2324  2337 I art     : Starting a blocking GC Explicit
08-05 13:38:55.059  2324  2337 I art     : Explicit concurrent mark sweep GC freed 8(256B) AllocSpace objects, 0(0B) LOS objects, 23% free, 51MB/67MB, paused 1.227ms total 34.858ms
08-05 13:38:55.069  2324  2337 I art     : Starting a blocking GC Explicit
08-05 13:38:55.100  2324  2337 I art     : Explicit concurrent mark sweep GC freed 8(256B) AllocSpace objects, 0(0B) LOS objects, 23% free, 51MB/67MB, paused 1.113ms total 31.448ms
08-05 13:38:55.110  2324  2337 I art     : Starting a blocking GC Explicit
08-05 13:38:55.145  2324  2337 I art     : Explicit concurrent mark sweep GC freed 9(288B) AllocSpace objects, 0(0B) LOS objects, 23% free, 51MB/67MB, paused 1.069ms total 34.461ms
08-05 13:38:55.521  2324  2336 I art     : Starting a blocking GC Explicit
08-05 13:38:55.570  2324  2336 I art     : Explicit concurrent mark sweep GC freed 1411(81KB) AllocSpace objects, 1(20KB) LOS objects, 23% free, 51MB/67MB, paused 1.361ms total 48.406ms
08-05 13:38:55.581  2324  2336 I art     : Starting a blocking GC Explicit
08-05 13:38:55.618  2324  2336 I art     : Explicit concurrent mark sweep GC freed 23(752B) AllocSpace objects, 0(0B) LOS objects, 23% free, 51MB/67MB, paused 1.234ms total 37.190ms
08-05 13:38:55.629  2324  2336 I art     : Starting a blocking GC Explicit
08-05 13:38:55.666  2324  2336 I art     : Explicit concurrent mark sweep GC freed 3(96B) AllocSpace objects, 0(0B) LOS objects, 23% free, 51MB/67MB, paused 1.166ms total 36.045ms
08-05 13:38:55.676  2324  2336 I art     : Starting a blocking GC Explicit
08-05 13:38:55.713  2324  2336 I art     : Explicit concurrent mark sweep GC freed 3(96B) AllocSpace objects, 0(0B) LOS objects, 23% free, 51MB/67MB, paused 1.186ms total 36.706ms
08-05 13:38:55.723  2324  2336 I art     : Starting a blocking GC Explicit
08-05 13:38:55.760  2324  2336 I art     : Explicit concurrent mark sweep GC freed 3(96B) AllocSpace objects, 0(0B) LOS objects, 23% free, 51MB/67MB, paused 1.201ms total 36.511ms
08-05 13:38:56.113  2324  2337 I art     : Starting a blocking GC Explicit
08-05 13:38:56.166  2324  2337 I art     : Explicit concurrent mark sweep GC freed 1381(81KB) AllocSpace objects, 1(20KB) LOS objects, 23% free, 51MB/67MB, paused 1.357ms total 51.630ms
08-05 13:38:56.177  2324  2337 I art     : Starting a blocking GC Explicit
08-05 13:38:56.214  2324  2337 I art     : Explicit concurrent mark sweep GC freed 23(752B) AllocSpace objects, 0(0B) LOS objects, 23% free, 51MB/67MB, paused 1.195ms total 36.590ms
08-05 13:38:56.224  2324  2337 I art     : Starting a blocking GC Explicit
08-05 13:38:56.262  2324  2337 I art     : Explicit concurrent mark sweep GC freed 3(96B) AllocSpace objects, 0(0B) LOS objects, 23% free, 51MB/67MB, paused 1.192ms total 37.169ms
08-05 13:38:56.272  2324  2337 I art     : Starting a blocking GC Explicit
08-05 13:38:56.309  2324  2337 I art     : Explicit concurrent mark sweep GC freed 3(96B) AllocSpace objects, 0(0B) LOS objects, 23% free, 51MB/67MB, paused 1.235ms total 36.118ms
08-05 13:38:56.319  2324  2337 I art     : Starting a blocking GC Explicit
08-05 13:38:56.356  2324  2337 I art     : Explicit concurrent mark sweep GC freed 3(96B) AllocSpace objects, 0(0B) LOS objects, 23% free, 51MB/67MB, paused 1.190ms total 36.460ms
08-05 13:38:56.703  2324  2904 I art     : Starting a blocking GC Explicit
08-05 13:38:56.737  2324  2904 I art     : Explicit concurrent mark sweep GC freed 1412(84KB) AllocSpace objects, 1(20KB) LOS objects, 23% free, 51MB/67MB, paused 1.075ms total 34.188ms
08-05 13:38:56.747  2324  2904 I art     : Starting a blocking GC Explicit
08-05 13:38:56.783  2324  2904 I art     : Explicit concurrent mark sweep GC freed 23(752B) AllocSpace objects, 0(0B) LOS objects, 23% free, 51MB/67MB, paused 1.155ms total 35.540ms
08-05 13:38:56.793  2324  2904 I art     : Starting a blocking GC Explicit
08-05 13:38:56.829  2324  2904 I art     : Explicit concurrent mark sweep GC freed 17(544B) AllocSpace objects, 0(0B) LOS objects, 23% free, 51MB/67MB, paused 1.217ms total 35.315ms
08-05 13:38:56.839  2324  2904 I art     : Starting a blocking GC Explicit
08-05 13:38:56.875  2324  2904 I art     : Explicit concurrent mark sweep GC freed 3(96B) AllocSpace objects, 0(0B) LOS objects, 23% free, 51MB/67MB, paused 1.165ms total 36.019ms
08-05 13:38:56.887  2324  2904 I art     : Starting a blocking GC Explicit
08-05 13:38:56.922  2324  2904 I art     : Explicit concurrent mark sweep GC freed 3(96B) AllocSpace objects, 0(0B) LOS objects, 23% free, 51MB/67MB, paused 1.173ms total 35.652ms
08-05 13:38:57.117 32409 32409 I ServiceManager: Waiting for service AtCmdFwd...
08-05 13:38:57.297  2324  2337 I art     : Starting a blocking GC Explicit
08-05 13:38:57.336  2324  2337 I art     : Explicit concurrent mark sweep GC freed 1384(81KB) AllocSpace objects, 1(20KB) LOS objects, 23% free, 51MB/67MB, paused 1.290ms total 37.864ms
08-05 13:38:57.346  2324  2337 I art     : Starting a blocking GC Explicit
08-05 13:38:57.382  2324  2337 I art     : Explicit concurrent mark sweep GC freed 23(752B) AllocSpace objects, 0(0B) LOS objects, 23% free, 51MB/67MB, paused 1.220ms total 35.493ms
08-05 13:38:57.393  2324  2337 I art     : Starting a blocking GC Explicit
08-05 13:38:57.428  2324  2337 I art     : Explicit concurrent mark sweep GC freed 32(880B) AllocSpace objects, 0(0B) LOS objects, 23% free, 51MB/67MB, paused 1.332ms total 35.061ms
08-05 13:38:57.438  2324  2337 I art     : Starting a blocking GC Explicit
08-05 13:38:57.474  2324  2337 I art     : Explicit concurrent mark sweep GC freed 3(96B) AllocSpace objects, 0(0B) LOS objects, 23% free, 51MB/67MB, paused 1.193ms total 35.475ms
08-05 13:38:57.484  2324  2337 I art     : Starting a blocking GC Explicit
08-05 13:38:57.518   918  3188 I hubconnection: sensorhub said: 'set_bias 3: -6.2400, 0.0000, 0.0000'
08-05 13:38:57.519  2324  2337 I art     : Explicit concurrent mark sweep GC freed 3(96B) AllocSpace objects, 0(0B) LOS objects, 23% free, 51MB/67MB, paused 1.265ms total 34.646ms
08-05 13:38:57.698  5854  5854 D AndroidRuntime: >>>>>> START com.android.internal.os.RuntimeInit uid 2000 <<<<<<
08-05 13:38:57.704  5854  5854 D AndroidRuntime: CheckJNI is OFF
08-05 13:38:57.737  5854  5854 D ICU     : No timezone override file found: /data/misc/zoneinfo/current/icu/icu_tzdata.dat
08-05 13:38:57.770  5854  5854 I Radio-JNI: register_android_hardware_Radio DONE
08-05 13:38:57.792  5854  5854 D AndroidRuntime: Calling main entry com.android.commands.input.Input
08-05 13:38:57.794  5854  5854 I Input   : injectKeyEvent: KeyEvent { action=ACTION_DOWN, keyCode=KEYCODE_BACK, scanCode=0, metaState=0, flags=0x0, repeatCount=0, eventTime=797954207, downTime=797954207, deviceId=-1, source=0x101 }
08-05 13:38:57.799  5854  5854 I Input   : injectKeyEvent: KeyEvent { action=ACTION_UP, keyCode=KEYCODE_BACK, scanCode=0, metaState=0, flags=0x0, repeatCount=0, eventTime=797954207, downTime=797954207, deviceId=-1, source=0x101 }
08-05 13:38:57.804  5854  5854 D AndroidRuntime: Shutting down VM
08-05 13:38:57.809  2324  2324 V PlaybackController: initServiceNotRunning()
08-05 13:38:57.809  2324  2324 D ExternalPlayerFragment: Loading media info
08-05 13:38:57.811  2324  3357 D ApOkHttpUrlLoader: buildLoadData() called with: model = [http://sixgun.org/files/linuxoutlaws.jpg], width = [224], height = [224]
08-05 13:38:57.812  2324  3122 D DBReader: getImageAuthentication() called with: imageUrl = [http://sixgun.org/files/linuxoutlaws.jpg]
08-05 13:38:57.813  2324  2324 D UserPreferences: Using default data folder
08-05 13:38:57.813  2324  2344 D DBReader: getNavDrawerData() called with: 
08-05 13:38:57.815  2324  3122 D ApOkHttpUrlLoader: no credentials for 'http://sixgun.org/files/linuxoutlaws.jpg'
08-05 13:38:57.825  2324  2344 D DBReader: getDownloadedItems() called
08-05 13:38:57.828  2324  2344 D DBReader: getFavoriteIDList() called
08-05 13:38:57.829  2324  2344 D DBReader: getQueueIDList() called
08-05 13:38:57.830  2324  2344 D DBReader: Extracting Feedlist
08-05 13:38:57.850 13866 13866 I GoogleInputMethodServic: GoogleInputMethodService.onFinishInput():3138 
08-05 13:38:57.851 13866 13866 I GoogleInputMethodServic: GoogleInputMethodService.onStartInput():1808 
08-05 13:38:57.867  2324  2337 I art     : Starting a blocking GC Explicit
08-05 13:38:57.867  2324  2324 D MainActivity: getLastNavFragment() -> AddFeedFragment
08-05 13:38:57.903  2324  2337 I art     : Explicit concurrent mark sweep GC freed 2870(173KB) AllocSpace objects, 1(20KB) LOS objects, 23% free, 51MB/67MB, paused 1.227ms total 35.836ms
08-05 13:38:57.913  2324  2337 I art     : Starting a blocking GC Explicit
08-05 13:38:57.917  2324  3122 D DBWriter: updateFeedDownloadURL(original: http://sixgun.org/files/linuxoutlaws.jpg, updated: https://fab.industries/sixgun/files/linuxoutlaws.jpg)
08-05 13:38:57.945  2324  2337 I art     : Explicit concurrent mark sweep GC freed 709(38KB) AllocSpace objects, 0(0B) LOS objects, 23% free, 51MB/67MB, paused 1.070ms total 31.740ms
08-05 13:38:57.955  2324  2337 I art     : Starting a blocking GC Explicit
08-05 13:38:57.990  2324  2337 I art     : Explicit concurrent mark sweep GC freed 19(784B) AllocSpace objects, 0(0B) LOS objects, 23% free, 51MB/67MB, paused 1.220ms total 34.900ms
08-05 13:38:58.002  2324  2337 I art     : Starting a blocking GC Explicit
08-05 13:38:58.044  2324  2337 I art     : Explicit concurrent mark sweep GC freed 3(96B) AllocSpace objects, 0(0B) LOS objects, 23% free, 51MB/67MB, paused 1.215ms total 41.786ms
08-05 13:38:58.058  2324  2337 I art     : Starting a blocking GC Explicit
08-05 13:38:58.067  2324  3122 D MYTAG   : interceptor 2a
08-05 13:38:58.068  2324  3122 I NAPPA_EXPERIMENTATION: MetricNetworkRequestExecutionTime: REQUEST_DURATION_SYSTEM='252',REQUEST_DURATION_OKHTTP='147',REQUEST_SYNCHRONOUS='TRUE',RESPONSE_CODE='404',RESPONSE_METHOD='GET',RESPONSE_LENGTH_OKHTTP='-1',RESPONSE_LENGTH_HEADER='1503',REQUEST_PROTOCOL='h2',REQUEST_URL='https://fab.industries/sixgun/files/linuxoutlaws.jpg',
08-05 13:38:58.070  2324  2324 W Glide   : Load failed for http://sixgun.org/files/linuxoutlaws.jpg with size [224x224]
08-05 13:38:58.070  2324  2324 W Glide   : class com.bumptech.glide.load.engine.GlideException: Failed to load resource
08-05 13:38:58.070  2324  2324 W Glide   : There was 1 cause:
08-05 13:38:58.070  2324  2324 W Glide   : com.bumptech.glide.load.HttpException()
08-05 13:38:58.070  2324  2324 W Glide   :  call GlideException#logRootCauses(String) for more detail
08-05 13:38:58.070  2324  2324 W Glide   :   Cause (1 of 1): class com.bumptech.glide.load.engine.GlideException: Fetching data failed, class java.io.InputStream, REMOTE
08-05 13:38:58.070  2324  2324 W Glide   : There was 1 cause:
08-05 13:38:58.070  2324  2324 W Glide   : com.bumptech.glide.load.HttpException()
08-05 13:38:58.070  2324  2324 W Glide   :  call GlideException#logRootCauses(String) for more detail
08-05 13:38:58.070  2324  2324 W Glide   :     Cause (1 of 1): class com.bumptech.glide.load.HttpException: 
08-05 13:38:58.070  2324  2324 I Glide   : Root cause (1 of 1)
08-05 13:38:58.070  2324  2324 I Glide   : com.bumptech.glide.load.HttpException: 
08-05 13:38:58.070  2324  2324 I Glide   : 	at com.bumptech.glide.integration.okhttp3.OkHttpStreamFetcher.onResponse(OkHttpStreamFetcher.java:73)
08-05 13:38:58.070  2324  2324 I Glide   : 	at okhttp3.RealCall$AsyncCall.execute(RealCall.java:174)
08-05 13:38:58.070  2324  2324 I Glide   : 	at okhttp3.internal.NamedRunnable.run(NamedRunnable.java:32)
08-05 13:38:58.070  2324  2324 I Glide   : 	at java.util.concurrent.ThreadPoolExecutor.runWorker(ThreadPoolExecutor.java:1113)
08-05 13:38:58.070  2324  2324 I Glide   : 	at java.util.concurrent.ThreadPoolExecutor$Worker.run(ThreadPoolExecutor.java:588)
08-05 13:38:58.070  2324  2324 I Glide   : 	at java.lang.Thread.run(Thread.java:818)
08-05 13:38:58.071  2324  2324 W Glide   : Load failed for http://sixgun.org/files/linuxoutlaws.jpg with size [224x224]
08-05 13:38:58.071  2324  2324 W Glide   : class com.bumptech.glide.load.engine.GlideException: Failed to load resource
08-05 13:38:58.071  2324  2324 W Glide   : There was 1 cause:
08-05 13:38:58.071  2324  2324 W Glide   : com.bumptech.glide.load.HttpException()
08-05 13:38:58.071  2324  2324 W Glide   :  call GlideException#logRootCauses(String) for more detail
08-05 13:38:58.071  2324  2324 W Glide   :   Cause (1 of 1): class com.bumptech.glide.load.engine.GlideException: Fetching data failed, class java.io.InputStream, REMOTE
08-05 13:38:58.071  2324  2324 W Glide   : There was 1 cause:
08-05 13:38:58.071  2324  2324 W Glide   : com.bumptech.glide.load.HttpException()
08-05 13:38:58.071  2324  2324 W Glide   :  call GlideException#logRootCauses(String) for more detail
08-05 13:38:58.071  2324  2324 W Glide   :     Cause (1 of 1): class com.bumptech.glide.load.HttpException: 
08-05 13:38:58.071  2324  2324 I Glide   : Root cause (1 of 1)
08-05 13:38:58.071  2324  2324 I Glide   : com.bumptech.glide.load.HttpException: 
08-05 13:38:58.071  2324  2324 I Glide   : 	at com.bumptech.glide.integration.okhttp3.OkHttpStreamFetcher.onResponse(OkHttpStreamFetcher.java:73)
08-05 13:38:58.071  2324  2324 I Glide   : 	at okhttp3.RealCall$AsyncCall.execute(RealCall.java:174)
08-05 13:38:58.071  2324  2324 I Glide   : 	at okhttp3.internal.NamedRunnable.run(NamedRunnable.java:32)
08-05 13:38:58.071  2324  2324 I Glide   : 	at java.util.concurrent.ThreadPoolExecutor.runWorker(ThreadPoolExecutor.java:1113)
08-05 13:38:58.071  2324  2324 I Glide   : 	at java.util.concurrent.ThreadPoolExecutor$Worker.run(ThreadPoolExecutor.java:588)
08-05 13:38:58.071  2324  2324 I Glide   : 	at java.lang.Thread.run(Thread.java:818)
08-05 13:38:58.105  2324  2337 I art     : Explicit concurrent mark sweep GC freed 404(68KB) AllocSpace objects, 0(0B) LOS objects, 23% free, 51MB/67MB, paused 1.426ms total 46.094ms
08-05 13:38:58.118 32409 32409 I ServiceManager: Waiting for service AtCmdFwd...
08-05 13:38:58.144   380   380 W SurfaceFlinger: couldn't log to binary event log: overflow.
08-05 13:38:58.383  2324  2336 I art     : Starting a blocking GC Explicit
08-05 13:38:58.421  2324  2336 I art     : Explicit concurrent mark sweep GC freed 2172(115KB) AllocSpace objects, 1(20KB) LOS objects, 23% free, 51MB/67MB, paused 1.260ms total 37.752ms
08-05 13:38:58.432  2324  2336 I art     : Starting a blocking GC Explicit
08-05 13:38:58.468  2324  2336 I art     : Explicit concurrent mark sweep GC freed 2879(236KB) AllocSpace objects, 1(28KB) LOS objects, 23% free, 50MB/66MB, paused 1.273ms total 36.037ms
08-05 13:38:58.478  2324  2336 I art     : Starting a blocking GC Explicit
08-05 13:38:58.514  2324  2336 I art     : Explicit concurrent mark sweep GC freed 3(96B) AllocSpace objects, 0(0B) LOS objects, 23% free, 50MB/66MB, paused 1.207ms total 35.037ms
08-05 13:38:58.524  2324  2336 I art     : Starting a blocking GC Explicit
08-05 13:38:58.560  2324  2336 I art     : Explicit concurrent mark sweep GC freed 3(96B) AllocSpace objects, 0(0B) LOS objects, 23% free, 50MB/66MB, paused 1.380ms total 35.418ms
08-05 13:38:58.570  2324  2336 I art     : Starting a blocking GC Explicit
08-05 13:38:58.607  2324  2336 I art     : Explicit concurrent mark sweep GC freed 3(96B) AllocSpace objects, 0(0B) LOS objects, 23% free, 50MB/66MB, paused 1.181ms total 36.095ms
08-05 13:38:58.962  2324  2404 I art     : Starting a blocking GC Explicit
08-05 13:38:59.007  2324  2404 I art     : Explicit concurrent mark sweep GC freed 1383(81KB) AllocSpace objects, 1(20KB) LOS objects, 23% free, 50MB/66MB, paused 1.314ms total 44.998ms
08-05 13:38:59.020  2324  2404 I art     : Starting a blocking GC Explicit
08-05 13:38:59.054  2324  2404 I art     : Explicit concurrent mark sweep GC freed 23(752B) AllocSpace objects, 0(0B) LOS objects, 23% free, 50MB/66MB, paused 1.305ms total 34.526ms
08-05 13:38:59.065  2324  2404 I art     : Starting a blocking GC Explicit
08-05 13:38:59.097  2324  2404 I art     : Explicit concurrent mark sweep GC freed 3(96B) AllocSpace objects, 0(0B) LOS objects, 23% free, 50MB/66MB, paused 1.163ms total 31.835ms
08-05 13:38:59.106  2324  2404 I art     : Starting a blocking GC Explicit
08-05 13:38:59.118 32409 32409 I ServiceManager: Waiting for service AtCmdFwd...
08-05 13:38:59.139  2324  2404 I art     : Explicit concurrent mark sweep GC freed 3(96B) AllocSpace objects, 0(0B) LOS objects, 23% free, 50MB/66MB, paused 1.266ms total 32.852ms
08-05 13:38:59.149  2324  2404 I art     : Starting a blocking GC Explicit
08-05 13:38:59.184  2324  2404 I art     : Explicit concurrent mark sweep GC freed 3(96B) AllocSpace objects, 0(0B) LOS objects, 23% free, 50MB/66MB, paused 1.118ms total 34.370ms
08-05 13:38:59.453  5898  5898 D AndroidRuntime: >>>>>> START com.android.internal.os.RuntimeInit uid 2000 <<<<<<
08-05 13:38:59.460  5898  5898 D AndroidRuntime: CheckJNI is OFF
08-05 13:38:59.494  5898  5898 D ICU     : No timezone override file found: /data/misc/zoneinfo/current/icu/icu_tzdata.dat
08-05 13:38:59.503  2324  2336 I art     : Starting a blocking GC Explicit
08-05 13:38:59.529  5898  5898 I Radio-JNI: register_android_hardware_Radio DONE
08-05 13:38:59.540  2324  2336 I art     : Explicit concurrent mark sweep GC freed 1438(82KB) AllocSpace objects, 1(20KB) LOS objects, 23% free, 50MB/66MB, paused 1.295ms total 36.713ms
08-05 13:38:59.550  2324  2336 I art     : Starting a blocking GC Explicit
08-05 13:38:59.554  5898  5898 D AndroidRuntime: Calling main entry com.android.commands.input.Input
08-05 13:38:59.555  5898  5898 I Input   : injectMotionEvent: MotionEvent { action=ACTION_DOWN, actionButton=0, id[0]=0, x[0]=526.0, y[0]=597.0, toolType[0]=TOOL_TYPE_UNKNOWN, buttonState=0, metaState=0, flags=0x0, edgeFlags=0x0, pointerCount=1, historySize=0, eventTime=797955968, downTime=797955968, deviceId=0, source=0x1002 }
08-05 13:38:59.559  5898  5898 I Input   : injectMotionEvent: MotionEvent { action=ACTION_UP, actionButton=0, id[0]=0, x[0]=526.0, y[0]=597.0, toolType[0]=TOOL_TYPE_UNKNOWN, buttonState=0, metaState=0, flags=0x0, edgeFlags=0x0, pointerCount=1, historySize=0, eventTime=797955968, downTime=797955968, deviceId=0, source=0x1002 }
08-05 13:38:59.561  5898  5898 D AndroidRuntime: Shutting down VM
08-05 13:38:59.583  2324  2336 I art     : Explicit concurrent mark sweep GC freed 52(1824B) AllocSpace objects, 0(0B) LOS objects, 23% free, 50MB/66MB, paused 1.233ms total 32.841ms
08-05 13:38:59.593  2324  2336 I art     : Starting a blocking GC Explicit
08-05 13:38:59.626  2324  2336 I art     : Explicit concurrent mark sweep GC freed 15(496B) AllocSpace objects, 0(0B) LOS objects, 23% free, 50MB/66MB, paused 1.118ms total 31.921ms
08-05 13:38:59.630  2324  2324 D PodcastListFragment: Selected podcast: GpodnetPodcast [url=http://feeds.feedburner.com/linuxoutlaws, title=Linux Outlaws, description=Two pragmatic geeks talk about the latest news concerning Linux, free and open
08-05 13:38:59.630  2324  2324 D PodcastListFragment: technology or anything else they deem noteworthy which may include such absurd
08-05 13:38:59.630  2324  2324 D PodcastListFragment: things as hockey or bands you never heard of. This means there's many a joke
08-05 13:38:59.630  2324  2324 D PodcastListFragment: and derailed conversation along the way, so don't come here expecting only
08-05 13:38:59.630  2324  2324 D PodcastListFragment: Linux or software freedom talk  just sit back and relax, partner., subscribers=3321, logoUrl=http://sixgun.org/files/linuxoutlaws.jpg, website=http://sixgun.org, mygpoLink=http://gpodder.net/podcast/linux-outlaws-mp3]
08-05 13:38:59.630   918  3696 I ActivityManager: START u0 {cmp=baseline.de.danoeh.antennapod.debug/baseline.de.danoeh.antennapod.activity.OnlineFeedViewActivity (has extras)} from uid 10695 on display 0
08-05 13:38:59.632   512  2967 D audio_hw_primary: out_set_parameters: enter: usecase(1: low-latency-playback) kvpairs: routing=2
08-05 13:38:59.636  2324  2336 I art     : Starting a blocking GC Explicit
08-05 13:38:59.645   512  2967 D audio_hw_primary: select_devices: out_snd_device(2: speaker) in_snd_device(0: none)
08-05 13:38:59.645   512  2967 D msm8974_platform: platform_send_audio_calibration: sending audio calibration for snd_device(2) acdb_id(15)
08-05 13:38:59.645   512  2967 I soundtrigger: audio_extn_sound_trigger_update_device_status: device 0x2 of type 0 for Event 1
08-05 13:38:59.657   512  2967 D audio_hw_primary: enable_snd_device: snd_device(2: speaker)
08-05 13:38:59.659   512  2967 D audio_hw_primary: enable_audio_route: apply and update mixer path: low-latency-playback speaker
08-05 13:38:59.670  2324  2336 I art     : Explicit concurrent mark sweep GC freed 446(32KB) AllocSpace objects, 0(0B) LOS objects, 23% free, 50MB/66MB, paused 1.696ms total 33.980ms
08-05 13:38:59.680  2324  2336 I art     : Starting a blocking GC Explicit
08-05 13:38:59.681  2324  2324 D UserPreferences: Using default data folder
08-05 13:38:59.681  2324  2324 D OnlineFeedViewActivity: Activity was started with url http://feeds.feedburner.com/linuxoutlaws
08-05 13:38:59.683  2324  2324 D OnlineFeedViewActivity: Starting feed download
08-05 13:38:59.685  2324  2893 D DBReader: Extracting Feedlist
08-05 13:38:59.688   918  6029 D WifiService: acquireWifiLockLocked: WifiLock{Downloader type=1 binder=android.os.BinderProxy@deef3f9}
08-05 13:38:59.688  2324  2893 D AntennapodHttpClient: Creating new instance of HTTP client
08-05 13:38:59.713  2324  2336 I art     : Explicit concurrent mark sweep GC freed 849(65KB) AllocSpace objects, 0(0B) LOS objects, 23% free, 50MB/66MB, paused 1.266ms total 32.522ms
08-05 13:38:59.759   918   936 I ActivityManager: Displayed baseline.de.danoeh.antennapod.debug/baseline.de.danoeh.antennapod.activity.OnlineFeedViewActivity: +110ms
08-05 13:38:59.760 13866 13866 I GoogleInputMethodServic: GoogleInputMethodService.onFinishInput():3138 
08-05 13:38:59.760 13866 13866 I GoogleInputMethodServic: GoogleInputMethodService.onStartInput():1808 
08-05 13:38:59.763  2324  2893 D MYTAG   : interceptor 3a http://feeds.feedburner.com/linuxoutlaws
08-05 13:38:59.763  2324  2893 I NAPPA_EXPERIMENTATION: MetricNetworkRequestExecutionTime: REQUEST_DURATION_SYSTEM='74',REQUEST_DURATION_OKHTTP='39',REQUEST_SYNCHRONOUS='TRUE',RESPONSE_CODE='200',RESPONSE_METHOD='GET',RESPONSE_LENGTH_OKHTTP='-1',RESPONSE_LENGTH_HEADER='-2',REQUEST_PROTOCOL='http/1.1',REQUEST_URL='http://feeds.feedburner.com/linuxoutlaws',
08-05 13:38:59.764  2324  2893 D HttpDownloader: Response code is 200
08-05 13:38:59.764  2324  2893 D UserPreferences: Using default data folder
08-05 13:38:59.766  2324  2893 D HttpDownloader: Getting size of download
08-05 13:38:59.766  2324  2893 D HttpDownloader: Size is -1
08-05 13:38:59.766  2324  2893 D UserPreferences: Using default data folder
08-05 13:38:59.766  2324  2893 D HttpDownloader: Free space is 20215742464
08-05 13:38:59.766  2324  2893 D HttpDownloader: Starting download
08-05 13:38:59.776  2324  2893 D HttpDownloader: Download was successful
08-05 13:38:59.777   918  3714 D WifiService: releaseWifiLockLocked: WifiLock{Downloader type=1 binder=android.os.BinderProxy@deef3f9}
08-05 13:38:59.788  2324  2345 D OpenGLRenderer: endAllStagingAnimators on 0x7f7d2f9000 (GridView) with handle 0x7f7b6ea8e0
08-05 13:38:59.791  2324  2324 D OnlineFeedViewActivity: Parsing feed
08-05 13:38:59.794  2324  5922 D TypeGetter: Recognized type RSS 2.0
08-05 13:38:59.796  2324  5922 D SyndHandler: Recognized Content namespace
08-05 13:38:59.796  2324  5922 D SyndHandler: Recognized DublinCore namespace
08-05 13:38:59.796  2324  5922 D SyndHandler: Recognized Atom namespace
08-05 13:38:59.797  2324  5922 D SyndHandler: Recognized ITunes namespace
08-05 13:38:59.797  2324  5922 D SyndHandler: Recognized media namespace
08-05 13:38:59.828  2324  5922 D OnlineFeedViewActivity: Deleted feed source file. Result: true
08-05 13:38:59.829  2324  2324 D OnlineFeedViewActivity: Removing HTML from shownotes
08-05 13:38:59.843  2324  3357 D ApOkHttpUrlLoader: buildLoadData() called with: model = [http://sixgun.org/files/linuxoutlaws.jpg], width = [350], height = [350]
08-05 13:38:59.844  2324  3122 D DBReader: getImageAuthentication() called with: imageUrl = [http://sixgun.org/files/linuxoutlaws.jpg]
08-05 13:38:59.847  2324  3122 D ApOkHttpUrlLoader: no credentials for 'http://sixgun.org/files/linuxoutlaws.jpg'
08-05 13:38:59.889  2324  3122 D DBWriter: updateFeedDownloadURL(original: http://sixgun.org/files/linuxoutlaws.jpg, updated: https://fab.industries/sixgun/files/linuxoutlaws.jpg)
08-05 13:39:00.002  2324  2336 I art     : Starting a blocking GC Explicit
08-05 13:39:00.014   380   380 W SurfaceFlinger: couldn't log to binary event log: overflow.
08-05 13:39:00.038  2324  3122 D MYTAG   : interceptor 2a
08-05 13:39:00.038  2324  3122 I NAPPA_EXPERIMENTATION: MetricNetworkRequestExecutionTime: REQUEST_DURATION_SYSTEM='190',REQUEST_DURATION_OKHTTP='146',REQUEST_SYNCHRONOUS='TRUE',RESPONSE_CODE='404',RESPONSE_METHOD='GET',RESPONSE_LENGTH_OKHTTP='-1',RESPONSE_LENGTH_HEADER='1503',REQUEST_PROTOCOL='h2',REQUEST_URL='https://fab.industries/sixgun/files/linuxoutlaws.jpg',
08-05 13:39:00.040  2324  2324 W Glide   : Load failed for http://sixgun.org/files/linuxoutlaws.jpg with size [350x350]
08-05 13:39:00.040  2324  2324 W Glide   : class com.bumptech.glide.load.engine.GlideException: Failed to load resource
08-05 13:39:00.040  2324  2324 W Glide   : There was 1 cause:
08-05 13:39:00.040  2324  2324 W Glide   : com.bumptech.glide.load.HttpException()
08-05 13:39:00.040  2324  2324 W Glide   :  call GlideException#logRootCauses(String) for more detail
08-05 13:39:00.040  2324  2324 W Glide   :   Cause (1 of 1): class com.bumptech.glide.load.engine.GlideException: Fetching data failed, class java.io.InputStream, REMOTE
08-05 13:39:00.040  2324  2324 W Glide   : There was 1 cause:
08-05 13:39:00.040  2324  2324 W Glide   : com.bumptech.glide.load.HttpException()
08-05 13:39:00.040  2324  2324 W Glide   :  call GlideException#logRootCauses(String) for more detail
08-05 13:39:00.040  2324  2324 W Glide   :     Cause (1 of 1): class com.bumptech.glide.load.HttpException: 
08-05 13:39:00.040  2324  2324 I Glide   : Root cause (1 of 1)
08-05 13:39:00.040  2324  2324 I Glide   : com.bumptech.glide.load.HttpException: 
08-05 13:39:00.040  2324  2324 I Glide   : 	at com.bumptech.glide.integration.okhttp3.OkHttpStreamFetcher.onResponse(OkHttpStreamFetcher.java:73)
08-05 13:39:00.040  2324  2324 I Glide   : 	at okhttp3.RealCall$AsyncCall.execute(RealCall.java:174)
08-05 13:39:00.040  2324  2324 I Glide   : 	at okhttp3.internal.NamedRunnable.run(NamedRunnable.java:32)
08-05 13:39:00.040  2324  2324 I Glide   : 	at java.util.concurrent.ThreadPoolExecutor.runWorker(ThreadPoolExecutor.java:1113)
08-05 13:39:00.040  2324  2324 I Glide   : 	at java.util.concurrent.ThreadPoolExecutor$Worker.run(ThreadPoolExecutor.java:588)
08-05 13:39:00.040  2324  2324 I Glide   : 	at java.lang.Thread.run(Thread.java:818)
08-05 13:39:00.050  2324  2336 I art     : Explicit concurrent mark sweep GC freed 7860(909KB) AllocSpace objects, 15(828KB) LOS objects, 23% free, 51MB/67MB, paused 1.341ms total 48.132ms
08-05 13:39:00.060  2324  2336 I art     : Starting a blocking GC Explicit
08-05 13:39:00.090  2324  2336 I art     : Explicit concurrent mark sweep GC freed 1330(59KB) AllocSpace objects, 0(0B) LOS objects, 23% free, 51MB/67MB, paused 1.057ms total 30.241ms
08-05 13:39:00.100  2324  2336 I art     : Starting a blocking GC Explicit
08-05 13:39:00.119 32409 32409 I ServiceManager: Waiting for service AtCmdFwd...
08-05 13:39:00.130  2324  2336 I art     : Explicit concurrent mark sweep GC freed 6(192B) AllocSpace objects, 0(0B) LOS objects, 23% free, 51MB/67MB, paused 1.053ms total 30.281ms
08-05 13:39:00.137  2324  2324 D PlaybackController: Releasing PlaybackController
08-05 13:39:00.140  2324  2336 I art     : Starting a blocking GC Explicit
08-05 13:39:00.173  2324  2336 I art     : Explicit concurrent mark sweep GC freed 302(15KB) AllocSpace objects, 1(112KB) LOS objects, 23% free, 51MB/67MB, paused 1.132ms total 33.053ms
08-05 13:39:00.183  2324  2336 I art     : Starting a blocking GC Explicit
08-05 13:39:00.188   512  2967 D audio_hw_primary: disable_audio_route: reset and update mixer path: low-latency-playback speaker
08-05 13:39:00.189   512  2967 D audio_hw_primary: disable_snd_device: snd_device(2: speaker)
08-05 13:39:00.197   512  2967 I soundtrigger: audio_extn_sound_trigger_update_device_status: device 0x2 of type 0 for Event 0
08-05 13:39:00.215  2324  2336 I art     : Explicit concurrent mark sweep GC freed 20(672B) AllocSpace objects, 0(0B) LOS objects, 23% free, 51MB/67MB, paused 1.156ms total 32.109ms
08-05 13:39:00.541  2324  2337 I art     : Starting a blocking GC Explicit
08-05 13:39:00.587  2324  2337 I art     : Explicit concurrent mark sweep GC freed 1413(82KB) AllocSpace objects, 1(20KB) LOS objects, 23% free, 51MB/67MB, paused 1.270ms total 45.266ms
08-05 13:39:00.597  2324  2337 I art     : Starting a blocking GC Explicit
08-05 13:39:00.635  2324  2337 I art     : Explicit concurrent mark sweep GC freed 23(752B) AllocSpace objects, 0(0B) LOS objects, 23% free, 51MB/67MB, paused 1.239ms total 36.857ms
08-05 13:39:00.645  2324  2337 I art     : Starting a blocking GC Explicit
08-05 13:39:00.663   918  1209 D NetworkMonitor/NetworkAgentInfo [WIFI () - 159]: Checking http://connectivitycheck.gstatic.com/generate_204 on "H369AA63323", 192.168.2.12=192.168.2.12
08-05 13:39:00.682  2324  2337 I art     : Explicit concurrent mark sweep GC freed 3(96B) AllocSpace objects, 0(0B) LOS objects, 23% free, 51MB/67MB, paused 1.216ms total 36.623ms
08-05 13:39:00.693  2324  2337 I art     : Starting a blocking GC Explicit
08-05 13:39:00.711   918  1209 D NetworkMonitor/NetworkAgentInfo [WIFI () - 159]: Probably not a portal: exception java.io.IOException: unexpected end of stream on Connection{connectivitycheck.gstatic.com:80, proxy=HTTP@/192.168.2.12:8080 hostAddress=192.168.2.12 cipherSuite=none protocol=http/1.1} (recycle count=0)
08-05 13:39:00.711   918  3263 D ConnectivityService: NetworkAgentInfo [WIFI () - 159] validation failed
08-05 13:39:00.712   918  3261 E WifiConfigStore:  rewrite network history for "H369AA63323"WPA_PSK
08-05 13:39:00.729  2324  2337 I art     : Explicit concurrent mark sweep GC freed 3(96B) AllocSpace objects, 0(0B) LOS objects, 23% free, 51MB/67MB, paused 1.279ms total 36.315ms
08-05 13:39:00.740  2324  2337 I art     : Starting a blocking GC Explicit
08-05 13:39:00.777  2324  2337 I art     : Explicit concurrent mark sweep GC freed 3(96B) AllocSpace objects, 0(0B) LOS objects, 23% free, 51MB/67MB, paused 1.224ms total 36.740ms
08-05 13:39:01.119 32409 32409 I ServiceManager: Waiting for service AtCmdFwd...
08-05 13:39:01.125  2324  2904 I art     : Starting a blocking GC Explicit
08-05 13:39:01.177  2324  2904 I art     : Explicit concurrent mark sweep GC freed 1381(81KB) AllocSpace objects, 1(20KB) LOS objects, 23% free, 51MB/67MB, paused 1.359ms total 52.388ms
08-05 13:39:01.188  2324  2904 I art     : Starting a blocking GC Explicit
08-05 13:39:01.225  2324  2904 I art     : Explicit concurrent mark sweep GC freed 23(752B) AllocSpace objects, 0(0B) LOS objects, 23% free, 51MB/67MB, paused 1.225ms total 36.579ms
08-05 13:39:01.235  2324  2904 I art     : Starting a blocking GC Explicit
08-05 13:39:01.272  2324  2904 I art     : Explicit concurrent mark sweep GC freed 3(96B) AllocSpace objects, 0(0B) LOS objects, 23% free, 51MB/67MB, paused 1.296ms total 36.527ms
08-05 13:39:01.283  2324  2904 I art     : Starting a blocking GC Explicit
08-05 13:39:01.319  2324  2904 I art     : Explicit concurrent mark sweep GC freed 3(96B) AllocSpace objects, 0(0B) LOS objects, 23% free, 51MB/67MB, paused 1.262ms total 36.247ms
08-05 13:39:01.330  2324  2904 I art     : Starting a blocking GC Explicit
08-05 13:39:01.367  2324  2904 I art     : Explicit concurrent mark sweep GC freed 3(96B) AllocSpace objects, 0(0B) LOS objects, 23% free, 51MB/67MB, paused 1.219ms total 36.658ms
08-05 13:39:01.716  2324  2336 I art     : Starting a blocking GC Explicit
08-05 13:39:01.754  2324  2336 I art     : Explicit concurrent mark sweep GC freed 1440(82KB) AllocSpace objects, 1(20KB) LOS objects, 23% free, 51MB/67MB, paused 1.111ms total 37.363ms
08-05 13:39:01.765  2324  2336 I art     : Starting a blocking GC Explicit
08-05 13:39:01.801  2324  2336 I art     : Explicit concurrent mark sweep GC freed 23(752B) AllocSpace objects, 0(0B) LOS objects, 23% free, 51MB/67MB, paused 1.201ms total 35.601ms
08-05 13:39:01.812  2324  2336 I art     : Starting a blocking GC Explicit
08-05 13:39:01.848  2324  2336 I art     : Explicit concurrent mark sweep GC freed 3(96B) AllocSpace objects, 0(0B) LOS objects, 23% free, 51MB/67MB, paused 1.276ms total 36.628ms
08-05 13:39:01.859  2324  2336 I art     : Starting a blocking GC Explicit
08-05 13:39:01.897  2324  2336 I art     : Explicit concurrent mark sweep GC freed 3(96B) AllocSpace objects, 0(0B) LOS objects, 23% free, 51MB/67MB, paused 1.224ms total 37.488ms
08-05 13:39:01.908  2324  2336 I art     : Starting a blocking GC Explicit
08-05 13:39:01.945  2324  2336 I art     : Explicit concurrent mark sweep GC freed 3(96B) AllocSpace objects, 0(0B) LOS objects, 23% free, 51MB/67MB, paused 1.217ms total 36.633ms
08-05 13:39:02.120 32409 32409 W Atfwd_Sendcmd: AtCmdFwd service not published, waiting... retryCnt : 3
08-05 13:39:02.302  2324  2904 I art     : Starting a blocking GC Explicit
08-05 13:39:02.349  2324  2904 I art     : Explicit concurrent mark sweep GC freed 1381(81KB) AllocSpace objects, 1(20KB) LOS objects, 23% free, 51MB/67MB, paused 1.433ms total 46.231ms
08-05 13:39:02.361  2324  2904 I art     : Starting a blocking GC Explicit
08-05 13:39:02.399  2324  2904 I art     : Explicit concurrent mark sweep GC freed 23(752B) AllocSpace objects, 0(0B) LOS objects, 23% free, 51MB/67MB, paused 1.258ms total 37.677ms
08-05 13:39:02.410  2324  2904 I art     : Starting a blocking GC Explicit
08-05 13:39:02.448  2324  2904 I art     : Explicit concurrent mark sweep GC freed 32(880B) AllocSpace objects, 0(0B) LOS objects, 23% free, 51MB/67MB, paused 1.373ms total 37.332ms
08-05 13:39:02.458  2324  2904 I art     : Starting a blocking GC Explicit
08-05 13:39:02.496  2324  2904 I art     : Explicit concurrent mark sweep GC freed 3(96B) AllocSpace objects, 0(0B) LOS objects, 23% free, 51MB/67MB, paused 1.222ms total 37.484ms
08-05 13:39:02.507  2324  2904 I art     : Starting a blocking GC Explicit
08-05 13:39:02.545  2324  2904 I art     : Explicit concurrent mark sweep GC freed 3(96B) AllocSpace objects, 0(0B) LOS objects, 23% free, 51MB/67MB, paused 1.231ms total 37.460ms
08-05 13:39:02.911  2324  2404 I art     : Starting a blocking GC Explicit
08-05 13:39:02.960  2324  2404 I art     : Explicit concurrent mark sweep GC freed 1382(83KB) AllocSpace objects, 1(20KB) LOS objects, 23% free, 51MB/67MB, paused 1.254ms total 49.129ms
08-05 13:39:02.971  2324  2404 I art     : Starting a blocking GC Explicit
08-05 13:39:03.008  2324  2404 I art     : Explicit concurrent mark sweep GC freed 23(752B) AllocSpace objects, 0(0B) LOS objects, 23% free, 51MB/67MB, paused 1.237ms total 37.010ms
08-05 13:39:03.019  2324  2404 I art     : Starting a blocking GC Explicit
08-05 13:39:03.056  2324  2404 I art     : Explicit concurrent mark sweep GC freed 3(96B) AllocSpace objects, 0(0B) LOS objects, 23% free, 51MB/67MB, paused 1.266ms total 36.949ms
08-05 13:39:03.067  2324  2404 I art     : Starting a blocking GC Explicit
08-05 13:39:03.105  2324  2404 I art     : Explicit concurrent mark sweep GC freed 3(96B) AllocSpace objects, 0(0B) LOS objects, 23% free, 51MB/67MB, paused 1.224ms total 37.623ms
08-05 13:39:03.116  2324  2404 I art     : Starting a blocking GC Explicit
08-05 13:39:03.153  2324  2404 I art     : Explicit concurrent mark sweep GC freed 3(96B) AllocSpace objects, 0(0B) LOS objects, 23% free, 51MB/67MB, paused 1.210ms total 37.452ms
08-05 13:39:03.546  2324  2337 I art     : Starting a blocking GC Explicit
08-05 13:39:03.595  2324  2337 I art     : Explicit concurrent mark sweep GC freed 1411(82KB) AllocSpace objects, 1(20KB) LOS objects, 23% free, 51MB/67MB, paused 1.357ms total 48.490ms
08-05 13:39:03.609  2324  2337 I art     : Starting a blocking GC Explicit
08-05 13:39:03.650  2324  2337 I art     : Explicit concurrent mark sweep GC freed 23(752B) AllocSpace objects, 0(0B) LOS objects, 23% free, 51MB/67MB, paused 1.269ms total 40.166ms
08-05 13:39:03.661  2324  2337 I art     : Starting a blocking GC Explicit
08-05 13:39:03.698  2324  2337 I art     : Explicit concurrent mark sweep GC freed 3(96B) AllocSpace objects, 0(0B) LOS objects, 23% free, 51MB/67MB, paused 1.265ms total 37.555ms
08-05 13:39:03.709  2324  2337 I art     : Starting a blocking GC Explicit
08-05 13:39:03.747  2324  2337 I art     : Explicit concurrent mark sweep GC freed 3(96B) AllocSpace objects, 0(0B) LOS objects, 23% free, 51MB/67MB, paused 1.415ms total 37.571ms
08-05 13:39:03.758  2324  2337 I art     : Starting a blocking GC Explicit
08-05 13:39:03.795  2324  2337 I art     : Explicit concurrent mark sweep GC freed 3(96B) AllocSpace objects, 0(0B) LOS objects, 23% free, 51MB/67MB, paused 1.189ms total 37.071ms
08-05 13:39:04.106  2324  2336 I art     : Starting a blocking GC Explicit
08-05 13:39:04.143  2324  2336 I art     : Explicit concurrent mark sweep GC freed 1384(81KB) AllocSpace objects, 1(20KB) LOS objects, 23% free, 51MB/67MB, paused 1.254ms total 37.279ms
08-05 13:39:04.154  2324  2336 I art     : Starting a blocking GC Explicit
08-05 13:39:04.190  2324  2336 I art     : Explicit concurrent mark sweep GC freed 23(752B) AllocSpace objects, 0(0B) LOS objects, 23% free, 51MB/67MB, paused 1.240ms total 35.839ms
08-05 13:39:04.200  2324  2336 I art     : Starting a blocking GC Explicit
08-05 13:39:04.231  5995  5995 D AndroidRuntime: >>>>>> START com.android.internal.os.RuntimeInit uid 2000 <<<<<<
08-05 13:39:04.235  2324  2336 I art     : Explicit concurrent mark sweep GC freed 3(96B) AllocSpace objects, 0(0B) LOS objects, 23% free, 51MB/67MB, paused 1.282ms total 34.723ms
08-05 13:39:04.236  5995  5995 D AndroidRuntime: CheckJNI is OFF
08-05 13:39:04.245  2324  2336 I art     : Starting a blocking GC Explicit
08-05 13:39:04.271  5995  5995 D ICU     : No timezone override file found: /data/misc/zoneinfo/current/icu/icu_tzdata.dat
08-05 13:39:04.280  2324  2336 I art     : Explicit concurrent mark sweep GC freed 3(96B) AllocSpace objects, 0(0B) LOS objects, 23% free, 51MB/67MB, paused 1.278ms total 34.590ms
08-05 13:39:04.290  2324  2336 I art     : Starting a blocking GC Explicit
08-05 13:39:04.305  5995  5995 I Radio-JNI: register_android_hardware_Radio DONE
08-05 13:39:04.325  2324  2336 I art     : Explicit concurrent mark sweep GC freed 3(96B) AllocSpace objects, 0(0B) LOS objects, 23% free, 51MB/67MB, paused 1.188ms total 34.341ms
08-05 13:39:04.327  5995  5995 D AndroidRuntime: Calling main entry com.android.commands.input.Input
08-05 13:39:04.329  5995  5995 I Input   : injectKeyEvent: KeyEvent { action=ACTION_DOWN, keyCode=KEYCODE_BACK, scanCode=0, metaState=0, flags=0x0, repeatCount=0, eventTime=797960742, downTime=797960742, deviceId=-1, source=0x101 }
08-05 13:39:04.337  5995  5995 I Input   : injectKeyEvent: KeyEvent { action=ACTION_UP, keyCode=KEYCODE_BACK, scanCode=0, metaState=0, flags=0x0, repeatCount=0, eventTime=797960742, downTime=797960742, deviceId=-1, source=0x101 }
08-05 13:39:04.345  5995  5995 D AndroidRuntime: Shutting down VM
08-05 13:39:04.349  2324  2324 V PlaybackController: initServiceNotRunning()
08-05 13:39:04.350  2324  2324 D ExternalPlayerFragment: Loading media info
08-05 13:39:04.352  2324  3357 D ApOkHttpUrlLoader: buildLoadData() called with: model = [http://sixgun.org/files/linuxoutlaws.jpg], width = [224], height = [224]
08-05 13:39:04.353  2324  3122 D DBReader: getImageAuthentication() called with: imageUrl = [http://sixgun.org/files/linuxoutlaws.jpg]
08-05 13:39:04.355  2324  2324 D UserPreferences: Using default data folder
08-05 13:39:04.356  2324  2893 D DBReader: getNavDrawerData() called with: 
08-05 13:39:04.356  2324  3122 D ApOkHttpUrlLoader: no credentials for 'http://sixgun.org/files/linuxoutlaws.jpg'
08-05 13:39:04.365  2324  2893 D DBReader: getDownloadedItems() called
08-05 13:39:04.366  2324  2893 D DBReader: getFavoriteIDList() called
08-05 13:39:04.366  2324  2893 D DBReader: getQueueIDList() called
08-05 13:39:04.367  2324  2893 D DBReader: Extracting Feedlist
08-05 13:39:04.383 13866 13866 I GoogleInputMethodServic: GoogleInputMethodService.onFinishInput():3138 
08-05 13:39:04.383 13866 13866 I GoogleInputMethodServic: GoogleInputMethodService.onStartInput():1808 
08-05 13:39:04.406  2324  2324 D MainActivity: getLastNavFragment() -> AddFeedFragment
08-05 13:39:04.466  2324  3122 D DBWriter: updateFeedDownloadURL(original: http://sixgun.org/files/linuxoutlaws.jpg, updated: https://fab.industries/sixgun/files/linuxoutlaws.jpg)
08-05 13:39:04.614  2324  3122 D MYTAG   : interceptor 2a
08-05 13:39:04.614  2324  3122 I NAPPA_EXPERIMENTATION: MetricNetworkRequestExecutionTime: REQUEST_DURATION_SYSTEM='258',REQUEST_DURATION_OKHTTP='145',REQUEST_SYNCHRONOUS='TRUE',RESPONSE_CODE='404',RESPONSE_METHOD='GET',RESPONSE_LENGTH_OKHTTP='-1',RESPONSE_LENGTH_HEADER='1503',REQUEST_PROTOCOL='h2',REQUEST_URL='https://fab.industries/sixgun/files/linuxoutlaws.jpg',
08-05 13:39:04.615  2324  2324 W Glide   : Load failed for http://sixgun.org/files/linuxoutlaws.jpg with size [224x224]
08-05 13:39:04.615  2324  2324 W Glide   : class com.bumptech.glide.load.engine.GlideException: Failed to load resource
08-05 13:39:04.615  2324  2324 W Glide   : There was 1 cause:
08-05 13:39:04.615  2324  2324 W Glide   : com.bumptech.glide.load.HttpException()
08-05 13:39:04.615  2324  2324 W Glide   :  call GlideException#logRootCauses(String) for more detail
08-05 13:39:04.615  2324  2324 W Glide   :   Cause (1 of 1): class com.bumptech.glide.load.engine.GlideException: Fetching data failed, class java.io.InputStream, REMOTE
08-05 13:39:04.615  2324  2324 W Glide   : There was 1 cause:
08-05 13:39:04.615  2324  2324 W Glide   : com.bumptech.glide.load.HttpException()
08-05 13:39:04.615  2324  2324 W Glide   :  call GlideException#logRootCauses(String) for more detail
08-05 13:39:04.615  2324  2324 W Glide   :     Cause (1 of 1): class com.bumptech.glide.load.HttpException: 
08-05 13:39:04.616  2324  2324 I Glide   : Root cause (1 of 1)
08-05 13:39:04.616  2324  2324 I Glide   : com.bumptech.glide.load.HttpException: 
08-05 13:39:04.616  2324  2324 I Glide   : 	at com.bumptech.glide.integration.okhttp3.OkHttpStreamFetcher.onResponse(OkHttpStreamFetcher.java:73)
08-05 13:39:04.616  2324  2324 I Glide   : 	at okhttp3.RealCall$AsyncCall.execute(RealCall.java:174)
08-05 13:39:04.616  2324  2324 I Glide   : 	at okhttp3.internal.NamedRunnable.run(NamedRunnable.java:32)
08-05 13:39:04.616  2324  2324 I Glide   : 	at java.util.concurrent.ThreadPoolExecutor.runWorker(ThreadPoolExecutor.java:1113)
08-05 13:39:04.616  2324  2324 I Glide   : 	at java.util.concurrent.ThreadPoolExecutor$Worker.run(ThreadPoolExecutor.java:588)
08-05 13:39:04.616  2324  2324 I Glide   : 	at java.lang.Thread.run(Thread.java:818)
08-05 13:39:04.616  2324  2324 W Glide   : Load failed for http://sixgun.org/files/linuxoutlaws.jpg with size [224x224]
08-05 13:39:04.616  2324  2324 W Glide   : class com.bumptech.glide.load.engine.GlideException: Failed to load resource
08-05 13:39:04.616  2324  2324 W Glide   : There was 1 cause:
08-05 13:39:04.616  2324  2324 W Glide   : com.bumptech.glide.load.HttpException()
08-05 13:39:04.616  2324  2324 W Glide   :  call GlideException#logRootCauses(String) for more detail
08-05 13:39:04.616  2324  2324 W Glide   :   Cause (1 of 1): class com.bumptech.glide.load.engine.GlideException: Fetching data failed, class java.io.InputStream, REMOTE
08-05 13:39:04.616  2324  2324 W Glide   : There was 1 cause:
08-05 13:39:04.616  2324  2324 W Glide   : com.bumptech.glide.load.HttpException()
08-05 13:39:04.616  2324  2324 W Glide   :  call GlideException#logRootCauses(String) for more detail
08-05 13:39:04.616  2324  2324 W Glide   :     Cause (1 of 1): class com.bumptech.glide.load.HttpException: 
08-05 13:39:04.616  2324  2324 I Glide   : Root cause (1 of 1)
08-05 13:39:04.616  2324  2324 I Glide   : com.bumptech.glide.load.HttpException: 
08-05 13:39:04.616  2324  2324 I Glide   : 	at com.bumptech.glide.integration.okhttp3.OkHttpStreamFetcher.onResponse(OkHttpStreamFetcher.java:73)
08-05 13:39:04.616  2324  2324 I Glide   : 	at okhttp3.RealCall$AsyncCall.execute(RealCall.java:174)
08-05 13:39:04.616  2324  2324 I Glide   : 	at okhttp3.internal.NamedRunnable.run(NamedRunnable.java:32)
08-05 13:39:04.616  2324  2324 I Glide   : 	at java.util.concurrent.ThreadPoolExecutor.runWorker(ThreadPoolExecutor.java:1113)
08-05 13:39:04.616  2324  2324 I Glide   : 	at java.util.concurrent.ThreadPoolExecutor$Worker.run(ThreadPoolExecutor.java:588)
08-05 13:39:04.616  2324  2324 I Glide   : 	at java.lang.Thread.run(Thread.java:818)
08-05 13:39:04.637  2324  2336 I art     : Starting a blocking GC Explicit
08-05 13:39:04.680  2324  2336 I art     : Explicit concurrent mark sweep GC freed 3679(260KB) AllocSpace objects, 1(20KB) LOS objects, 23% free, 51MB/67MB, paused 1.267ms total 42.965ms
08-05 13:39:04.685   380   380 W SurfaceFlinger: couldn't log to binary event log: overflow.
08-05 13:39:04.693  2324  2336 I art     : Starting a blocking GC Explicit
08-05 13:39:04.723  2324  2336 I art     : Explicit concurrent mark sweep GC freed 1098(52KB) AllocSpace objects, 0(0B) LOS objects, 23% free, 51MB/67MB, paused 1.061ms total 30.173ms
08-05 13:39:04.733  2324  2336 I art     : Starting a blocking GC Explicit
08-05 13:39:04.763  2324  2336 I art     : Explicit concurrent mark sweep GC freed 123(6KB) AllocSpace objects, 0(0B) LOS objects, 23% free, 51MB/67MB, paused 1.083ms total 29.914ms
08-05 13:39:04.772  2324  2336 I art     : Starting a blocking GC Explicit
08-05 13:39:04.805  2324  2336 I art     : Explicit concurrent mark sweep GC freed 2740(229KB) AllocSpace objects, 1(28KB) LOS objects, 23% free, 50MB/66MB, paused 1.184ms total 32.687ms
08-05 13:39:04.815  2324  2336 I art     : Starting a blocking GC Explicit
08-05 13:39:04.849  2324  2336 I art     : Explicit concurrent mark sweep GC freed 3(96B) AllocSpace objects, 0(0B) LOS objects, 23% free, 50MB/66MB, paused 1.121ms total 34.339ms
08-05 13:39:05.186  2324  2337 I art     : Starting a blocking GC Explicit
08-05 13:39:05.232  2324  2337 I art     : Explicit concurrent mark sweep GC freed 1382(83KB) AllocSpace objects, 1(20KB) LOS objects, 23% free, 50MB/66MB, paused 1.669ms total 45.748ms
08-05 13:39:05.244  2324  2337 I art     : Starting a blocking GC Explicit
08-05 13:39:05.281  2324  2337 I art     : Explicit concurrent mark sweep GC freed 23(752B) AllocSpace objects, 0(0B) LOS objects, 23% free, 50MB/66MB, paused 1.240ms total 36.384ms
08-05 13:39:05.292  2324  2337 I art     : Starting a blocking GC Explicit
08-05 13:39:05.328  2324  2337 I art     : Explicit concurrent mark sweep GC freed 3(96B) AllocSpace objects, 0(0B) LOS objects, 23% free, 50MB/66MB, paused 1.287ms total 36.404ms
08-05 13:39:05.339  2324  2337 I art     : Starting a blocking GC Explicit
08-05 13:39:05.375  2324  2337 I art     : Explicit concurrent mark sweep GC freed 3(96B) AllocSpace objects, 0(0B) LOS objects, 23% free, 50MB/66MB, paused 1.178ms total 35.306ms
08-05 13:39:05.385  2324  2337 I art     : Starting a blocking GC Explicit
08-05 13:39:05.420  2324  2337 I art     : Explicit concurrent mark sweep GC freed 32(880B) AllocSpace objects, 0(0B) LOS objects, 23% free, 50MB/66MB, paused 1.207ms total 34.896ms
08-05 13:39:05.735  2324  6028 I art     : Starting a blocking GC Explicit
08-05 13:39:05.778  2324  6028 I art     : Explicit concurrent mark sweep GC freed 1383(81KB) AllocSpace objects, 1(20KB) LOS objects, 23% free, 50MB/66MB, paused 1.392ms total 43.384ms
08-05 13:39:05.789  2324  6028 I art     : Starting a blocking GC Explicit
08-05 13:39:05.823  2324  6028 I art     : Explicit concurrent mark sweep GC freed 23(752B) AllocSpace objects, 0(0B) LOS objects, 23% free, 50MB/66MB, paused 1.218ms total 34.341ms
08-05 13:39:05.833  2324  6028 I art     : Starting a blocking GC Explicit
08-05 13:39:05.867  2324  6028 I art     : Explicit concurrent mark sweep GC freed 3(96B) AllocSpace objects, 0(0B) LOS objects, 23% free, 50MB/66MB, paused 1.267ms total 33.759ms
08-05 13:39:05.877  2324  6028 I art     : Starting a blocking GC Explicit
08-05 13:39:05.911  2324  6028 I art     : Explicit concurrent mark sweep GC freed 3(96B) AllocSpace objects, 0(0B) LOS objects, 23% free, 50MB/66MB, paused 1.193ms total 33.816ms
08-05 13:39:05.921  2324  6028 I art     : Starting a blocking GC Explicit
08-05 13:39:05.955  2324  6028 I art     : Explicit concurrent mark sweep GC freed 3(96B) AllocSpace objects, 0(0B) LOS objects, 23% free, 50MB/66MB, paused 1.196ms total 33.775ms
08-05 13:39:06.026  6042  6042 D AndroidRuntime: >>>>>> START com.android.internal.os.RuntimeInit uid 2000 <<<<<<
08-05 13:39:06.031  6042  6042 D AndroidRuntime: CheckJNI is OFF
08-05 13:39:06.064  6042  6042 D ICU     : No timezone override file found: /data/misc/zoneinfo/current/icu/icu_tzdata.dat
08-05 13:39:06.097  6042  6042 I Radio-JNI: register_android_hardware_Radio DONE
08-05 13:39:06.118  6042  6042 D AndroidRuntime: Calling main entry com.android.commands.input.Input
08-05 13:39:06.120  6042  6042 I Input   : injectKeyEvent: KeyEvent { action=ACTION_DOWN, keyCode=KEYCODE_BACK, scanCode=0, metaState=0, flags=0x0, repeatCount=0, eventTime=797962533, downTime=797962533, deviceId=-1, source=0x101 }
08-05 13:39:06.126  6042  6042 I Input   : injectKeyEvent: KeyEvent { action=ACTION_UP, keyCode=KEYCODE_BACK, scanCode=0, metaState=0, flags=0x0, repeatCount=0, eventTime=797962533, downTime=797962533, deviceId=-1, source=0x101 }
08-05 13:39:06.145  6042  6042 D AndroidRuntime: Shutting down VM
08-05 13:39:06.160  5179  5194 D QcrilMsgTunnelSocket: readRilMessage: Buffer = [B@671e81d HexData = [010000000404000011000000514f454d484f4f4bef0308000100000003]
08-05 13:39:06.160  5179  5194 D QcrilMsgTunnelSocket: Rcvd UNSOL response with 28 bytes data for SUB0
08-05 13:39:06.160  5179  5194 D QcrilMsgTunnelSocket: Response ID 525295 is not served in this process.
08-05 13:39:06.160  5179  5194 D QcrilMsgTunnelSocket: To broadcast an Intent via the notifier to external apps
08-05 13:39:06.160  5179  5179 D QcrilMsgTunnelIfaceManager: handleMessage what = 0
08-05 13:39:06.161  5179  5179 D QcrilMsgTunnelIfaceManager: Broadcasting intent ACTION_UNSOL_RESPONSE_OEM_HOOK_RAW
08-05 13:39:06.162  5164  5164 D QC_RIL_OEM_HOOK: Received Broadcast Intent ACTION_UNSOL_RESPONSE_OEM_HOOK_RAW
08-05 13:39:06.163  5164  5164 D QC_RIL_OEM_HOOK: Oem ID in QCRILHOOK UNSOL RESP is QOEMHOOK
08-05 13:39:06.270  2324  6028 I art     : Starting a blocking GC Explicit
08-05 13:39:06.310  2324  6028 I art     : Explicit concurrent mark sweep GC freed 3617(173KB) AllocSpace objects, 1(20KB) LOS objects, 23% free, 50MB/66MB, paused 1.252ms total 39.418ms
08-05 13:39:06.321  2324  6028 I art     : Starting a blocking GC Explicit
08-05 13:39:06.356  2324  6028 I art     : Explicit concurrent mark sweep GC freed 5352(394KB) AllocSpace objects, 9(1620KB) LOS objects, 24% free, 48MB/64MB, paused 1.227ms total 34.604ms
08-05 13:39:06.366  2324  6028 I art     : Starting a blocking GC Explicit
08-05 13:39:06.399  2324  6028 I art     : Explicit concurrent mark sweep GC freed 3(96B) AllocSpace objects, 0(0B) LOS objects, 24% free, 48MB/64MB, paused 1.185ms total 32.804ms
08-05 13:39:06.409  2324  6028 I art     : Starting a blocking GC Explicit
08-05 13:39:06.442  2324  6028 I art     : Explicit concurrent mark sweep GC freed 32(880B) AllocSpace objects, 0(0B) LOS objects, 24% free, 48MB/64MB, paused 1.183ms total 32.816ms
08-05 13:39:06.452  2324  6028 I art     : Starting a blocking GC Explicit
08-05 13:39:06.487  2324  6028 I art     : Explicit concurrent mark sweep GC freed 3(96B) AllocSpace objects, 0(0B) LOS objects, 24% free, 48MB/64MB, paused 1.203ms total 34.241ms
08-05 13:39:06.834  2324  2404 I art     : Starting a blocking GC Explicit
08-05 13:39:06.877  2324  2404 I art     : Explicit concurrent mark sweep GC freed 1382(82KB) AllocSpace objects, 1(20KB) LOS objects, 24% free, 48MB/64MB, paused 1.283ms total 42.482ms
08-05 13:39:06.889  2324  2404 I art     : Starting a blocking GC Explicit
08-05 13:39:06.890   918  3261 D WifiStateMachine: starting scan for "H369AA63323"WPA_PSK with 2412,5180
08-05 13:39:06.923  2324  2404 I art     : Explicit concurrent mark sweep GC freed 23(752B) AllocSpace objects, 0(0B) LOS objects, 24% free, 48MB/64MB, paused 1.148ms total 33.803ms
08-05 13:39:06.933  2324  2404 I art     : Starting a blocking GC Explicit
08-05 13:39:06.965  2324  2404 I art     : Explicit concurrent mark sweep GC freed 3(96B) AllocSpace objects, 0(0B) LOS objects, 24% free, 48MB/64MB, paused 1.173ms total 32.272ms
08-05 13:39:06.975  2324  2404 I art     : Starting a blocking GC Explicit
08-05 13:39:07.010  2324  2404 I art     : Explicit concurrent mark sweep GC freed 3(96B) AllocSpace objects, 0(0B) LOS objects, 24% free, 48MB/64MB, paused 1.436ms total 34.057ms
08-05 13:39:07.020  2324  2404 I art     : Starting a blocking GC Explicit
08-05 13:39:07.055  2324  2404 I art     : Explicit concurrent mark sweep GC freed 3(96B) AllocSpace objects, 0(0B) LOS objects, 24% free, 48MB/64MB, paused 1.197ms total 34.298ms
08-05 13:39:07.403  2324  2904 I art     : Starting a blocking GC Explicit
08-05 13:39:07.440  2324  2904 I art     : Explicit concurrent mark sweep GC freed 1410(82KB) AllocSpace objects, 1(20KB) LOS objects, 24% free, 48MB/64MB, paused 1.204ms total 36.422ms
08-05 13:39:07.450  2324  2904 I art     : Starting a blocking GC Explicit
08-05 13:39:07.482  2324  2904 I art     : Explicit concurrent mark sweep GC freed 23(752B) AllocSpace objects, 0(0B) LOS objects, 24% free, 48MB/64MB, paused 1.120ms total 30.981ms
08-05 13:39:07.491  2324  2904 I art     : Starting a blocking GC Explicit
08-05 13:39:07.521  2324  2904 I art     : Explicit concurrent mark sweep GC freed 3(96B) AllocSpace objects, 0(0B) LOS objects, 24% free, 48MB/64MB, paused 1.177ms total 30.001ms
08-05 13:39:07.531  2324  2904 I art     : Starting a blocking GC Explicit
08-05 13:39:07.563  2324  2904 I art     : Explicit concurrent mark sweep GC freed 3(96B) AllocSpace objects, 0(0B) LOS objects, 24% free, 48MB/64MB, paused 1.121ms total 31.644ms
08-05 13:39:07.572  2324  2904 I art     : Starting a blocking GC Explicit
08-05 13:39:07.604  2324  2904 I art     : Explicit concurrent mark sweep GC freed 3(96B) AllocSpace objects, 0(0B) LOS objects, 24% free, 48MB/64MB, paused 1.173ms total 31.837ms
08-05 13:39:07.794  6101  6101 D AndroidRuntime: >>>>>> START com.android.internal.os.RuntimeInit uid 2000 <<<<<<
08-05 13:39:07.800  6101  6101 D AndroidRuntime: CheckJNI is OFF
08-05 13:39:07.831  6101  6101 D ICU     : No timezone override file found: /data/misc/zoneinfo/current/icu/icu_tzdata.dat
08-05 13:39:07.862  6101  6101 I Radio-JNI: register_android_hardware_Radio DONE
08-05 13:39:07.883  6101  6101 D AndroidRuntime: Calling main entry com.android.commands.input.Input
08-05 13:39:07.884  6101  6101 I Input   : injectMotionEvent: MotionEvent { action=ACTION_DOWN, actionButton=0, id[0]=0, x[0]=603.0, y[0]=1061.0, toolType[0]=TOOL_TYPE_UNKNOWN, buttonState=0, metaState=0, flags=0x0, edgeFlags=0x0, pointerCount=1, historySize=0, eventTime=797964297, downTime=797964297, deviceId=0, source=0x1002 }
08-05 13:39:07.888  6101  6101 I Input   : injectMotionEvent: MotionEvent { action=ACTION_UP, actionButton=0, id[0]=0, x[0]=603.0, y[0]=1061.0, toolType[0]=TOOL_TYPE_UNKNOWN, buttonState=0, metaState=0, flags=0x0, edgeFlags=0x0, pointerCount=1, historySize=0, eventTime=797964297, downTime=797964297, deviceId=0, source=0x1002 }
08-05 13:39:07.891  6101  6101 D AndroidRuntime: Shutting down VM
08-05 13:39:07.910   512  2967 D audio_hw_primary: out_set_parameters: enter: usecase(1: low-latency-playback) kvpairs: routing=2
08-05 13:39:07.923   512  2967 D audio_hw_primary: select_devices: out_snd_device(2: speaker) in_snd_device(0: none)
08-05 13:39:07.924   512  2967 D msm8974_platform: platform_send_audio_calibration: sending audio calibration for snd_device(2) acdb_id(15)
08-05 13:39:07.924   512  2967 I soundtrigger: audio_extn_sound_trigger_update_device_status: device 0x2 of type 0 for Event 1
08-05 13:39:07.926  2324  2337 I art     : Starting a blocking GC Explicit
08-05 13:39:07.935   512  2967 D audio_hw_primary: enable_snd_device: snd_device(2: speaker)
08-05 13:39:07.937   512  2967 D audio_hw_primary: enable_audio_route: apply and update mixer path: low-latency-playback speaker
08-05 13:39:07.962  2324  2337 I art     : Explicit concurrent mark sweep GC freed 3003(153KB) AllocSpace objects, 1(20KB) LOS objects, 24% free, 49MB/65MB, paused 1.638ms total 35.681ms
08-05 13:39:07.972  2324  2337 I art     : Starting a blocking GC Explicit
08-05 13:39:08.004  2324  2337 I art     : Explicit concurrent mark sweep GC freed 2848(126KB) AllocSpace objects, 1(220KB) LOS objects, 24% free, 49MB/65MB, paused 1.285ms total 32.169ms
08-05 13:39:08.013  2324  2337 I art     : Starting a blocking GC Explicit
08-05 13:39:08.043  2324  2337 I art     : Explicit concurrent mark sweep GC freed 270(13KB) AllocSpace objects, 0(0B) LOS objects, 24% free, 49MB/65MB, paused 1.258ms total 29.647ms
08-05 13:39:08.053  2324  2337 I art     : Starting a blocking GC Explicit
08-05 13:39:08.059  2324  6127 I NAPPA_EXPERIMENTATION: MetricNetworkRequestExecutionTime: REQUEST_DURATION_SYSTEM='114',REQUEST_DURATION_OKHTTP='113',REQUEST_SYNCHRONOUS='TRUE',RESPONSE_CODE='200',RESPONSE_METHOD='GET',RESPONSE_LENGTH_OKHTTP='37507',RESPONSE_LENGTH_HEADER='37507',REQUEST_PROTOCOL='http/1.1',REQUEST_URL='https://gpodder.net/toplist/50.json',
08-05 13:39:08.084  2324  2337 I art     : Explicit concurrent mark sweep GC freed 3069(252KB) AllocSpace objects, 3(192KB) LOS objects, 24% free, 49MB/65MB, paused 1.264ms total 31.385ms
08-05 13:39:08.092  2324  5029 I NAPPA_EXPERIMENTATION: MetricNetworkRequestExecutionTime: REQUEST_DURATION_SYSTEM='145',REQUEST_DURATION_OKHTTP='144',REQUEST_SYNCHRONOUS='TRUE',RESPONSE_CODE='200',RESPONSE_METHOD='GET',RESPONSE_LENGTH_OKHTTP='2923',RESPONSE_LENGTH_HEADER='2923',REQUEST_PROTOCOL='http/1.1',REQUEST_URL='https://gpodder.net/api/2/tags/50.json',
08-05 13:39:08.093  2324  3357 D ApOkHttpUrlLoader: buildLoadData() called with: model = [http://sixgun.org/files/linuxoutlaws.jpg], width = [224], height = [224]
08-05 13:39:08.094  2324  3122 D DBReader: getImageAuthentication() called with: imageUrl = [http://sixgun.org/files/linuxoutlaws.jpg]
08-05 13:39:08.094  2324  2337 I art     : Starting a blocking GC Explicit
08-05 13:39:08.099  2324  3122 D ApOkHttpUrlLoader: no credentials for 'http://sixgun.org/files/linuxoutlaws.jpg'
08-05 13:39:08.104  2324  3357 D ApOkHttpUrlLoader: buildLoadData() called with: model = [https://files.thisamericanlife.org/sites/all/themes/thislife/img/tal-name-1400x1400.png], width = [224], height = [224]
08-05 13:39:08.111  2324  3357 D ApOkHttpUrlLoader: buildLoadData() called with: model = [https://elroy.twit.tv/sites/default/files/styles/twit_album_art_2048x2048/public/images/shows/floss_weekly/album_art/audio/floss_albumart_mask.jpg?itok=IUjxKpwt], width = [224], height = [224]
08-05 13:39:08.117  2324  3357 D ApOkHttpUrlLoader: buildLoadData() called with: model = [http://ichef.bbci.co.uk/images/ic/3000x3000/p07kfvzb.jpg], width = [224], height = [224]
08-05 13:39:08.120  2324  3357 D ApOkHttpUrlLoader: buildLoadData() called with: model = [https://pl.tedcdn.com/rss_feed_images/ted_talks_main_podcast/video.png], width = [224], height = [224]
08-05 13:39:08.127  2324  3357 D ApOkHttpUrlLoader: buildLoadData() called with: model = [https://elroy.twit.tv/sites/default/files/styles/twit_album_art_2048x2048/public/images/shows/this_week_in_tech/album_art/audio/twit1400audio.jpg?itok=J0vhatZb], width = [224], height = [224]
08-05 13:39:08.128  2324  2337 I art     : Explicit concurrent mark sweep GC freed 2027(108KB) AllocSpace objects, 0(0B) LOS objects, 24% free, 50MB/66MB, paused 1.931ms total 33.467ms
08-05 13:39:08.128  2324  3122 D DBWriter: updateFeedDownloadURL(original: http://sixgun.org/files/linuxoutlaws.jpg, updated: https://fab.industries/sixgun/files/linuxoutlaws.jpg)
08-05 13:39:08.131  2324  3357 D ApOkHttpUrlLoader: buildLoadData() called with: model = [http://ichef.bbci.co.uk/images/ic/3000x3000/p03gtk3j.jpg], width = [224], height = [224]
08-05 13:39:08.277  2324  3122 D MYTAG   : interceptor 2a
08-05 13:39:08.277  2324  3122 I NAPPA_EXPERIMENTATION: MetricNetworkRequestExecutionTime: REQUEST_DURATION_SYSTEM='178',REQUEST_DURATION_OKHTTP='142',REQUEST_SYNCHRONOUS='TRUE',RESPONSE_CODE='404',RESPONSE_METHOD='GET',RESPONSE_LENGTH_OKHTTP='-1',RESPONSE_LENGTH_HEADER='1503',REQUEST_PROTOCOL='h2',REQUEST_URL='https://fab.industries/sixgun/files/linuxoutlaws.jpg',
08-05 13:39:08.281  2324  2324 W Glide   : Load failed for http://sixgun.org/files/linuxoutlaws.jpg with size [224x224]
08-05 13:39:08.281  2324  2324 W Glide   : class com.bumptech.glide.load.engine.GlideException: Failed to load resource
08-05 13:39:08.281  2324  2324 W Glide   : There was 1 cause:
08-05 13:39:08.281  2324  2324 W Glide   : com.bumptech.glide.load.HttpException()
08-05 13:39:08.281  2324  2324 W Glide   :  call GlideException#logRootCauses(String) for more detail
08-05 13:39:08.281  2324  2324 W Glide   :   Cause (1 of 1): class com.bumptech.glide.load.engine.GlideException: Fetching data failed, class java.io.InputStream, REMOTE
08-05 13:39:08.281  2324  2324 W Glide   : There was 1 cause:
08-05 13:39:08.281  2324  2324 W Glide   : com.bumptech.glide.load.HttpException()
08-05 13:39:08.281  2324  2324 W Glide   :  call GlideException#logRootCauses(String) for more detail
08-05 13:39:08.281  2324  2324 W Glide   :     Cause (1 of 1): class com.bumptech.glide.load.HttpException: 
08-05 13:39:08.281  2324  2324 I Glide   : Root cause (1 of 1)
08-05 13:39:08.281  2324  2324 I Glide   : com.bumptech.glide.load.HttpException: 
08-05 13:39:08.281  2324  2324 I Glide   : 	at com.bumptech.glide.integration.okhttp3.OkHttpStreamFetcher.onResponse(OkHttpStreamFetcher.java:73)
08-05 13:39:08.281  2324  2324 I Glide   : 	at okhttp3.RealCall$AsyncCall.execute(RealCall.java:174)
08-05 13:39:08.281  2324  2324 I Glide   : 	at okhttp3.internal.NamedRunnable.run(NamedRunnable.java:32)
08-05 13:39:08.281  2324  2324 I Glide   : 	at java.util.concurrent.ThreadPoolExecutor.runWorker(ThreadPoolExecutor.java:1113)
08-05 13:39:08.281  2324  2324 I Glide   : 	at java.util.concurrent.ThreadPoolExecutor$Worker.run(ThreadPoolExecutor.java:588)
08-05 13:39:08.281  2324  2324 I Glide   : 	at java.lang.Thread.run(Thread.java:818)
08-05 13:39:08.281  2324  2324 W Glide   : Load failed for http://sixgun.org/files/linuxoutlaws.jpg with size [224x224]
08-05 13:39:08.281  2324  2324 W Glide   : class com.bumptech.glide.load.engine.GlideException: Failed to load resource
08-05 13:39:08.281  2324  2324 W Glide   : There was 1 cause:
08-05 13:39:08.281  2324  2324 W Glide   : com.bumptech.glide.load.HttpException()
08-05 13:39:08.281  2324  2324 W Glide   :  call GlideException#logRootCauses(String) for more detail
08-05 13:39:08.281  2324  2324 W Glide   :   Cause (1 of 1): class com.bumptech.glide.load.engine.GlideException: Fetching data failed, class java.io.InputStream, REMOTE
08-05 13:39:08.281  2324  2324 W Glide   : There was 1 cause:
08-05 13:39:08.281  2324  2324 W Glide   : com.bumptech.glide.load.HttpException()
08-05 13:39:08.281  2324  2324 W Glide   :  call GlideException#logRootCauses(String) for more detail
08-05 13:39:08.281  2324  2324 W Glide   :     Cause (1 of 1): class com.bumptech.glide.load.HttpException: 
08-05 13:39:08.282  2324  2324 I Glide   : Root cause (1 of 1)
08-05 13:39:08.282  2324  2324 I Glide   : com.bumptech.glide.load.HttpException: 
08-05 13:39:08.282  2324  2324 I Glide   : 	at com.bumptech.glide.integration.okhttp3.OkHttpStreamFetcher.onResponse(OkHttpStreamFetcher.java:73)
08-05 13:39:08.282  2324  2324 I Glide   : 	at okhttp3.RealCall$AsyncCall.execute(RealCall.java:174)
08-05 13:39:08.282  2324  2324 I Glide   : 	at okhttp3.internal.NamedRunnable.run(NamedRunnable.java:32)
08-05 13:39:08.282  2324  2324 I Glide   : 	at java.util.concurrent.ThreadPoolExecutor.runWorker(ThreadPoolExecutor.java:1113)
08-05 13:39:08.282  2324  2324 I Glide   : 	at java.util.concurrent.ThreadPoolExecutor$Worker.run(ThreadPoolExecutor.java:588)
08-05 13:39:08.282  2324  2324 I Glide   : 	at java.lang.Thread.run(Thread.java:818)
08-05 13:39:08.409  2324  6028 I art     : Starting a blocking GC Explicit
08-05 13:39:08.447  2324  6028 I art     : Explicit concurrent mark sweep GC freed 3176(222KB) AllocSpace objects, 1(20KB) LOS objects, 23% free, 50MB/66MB, paused 1.133ms total 37.860ms
08-05 13:39:08.458  2324  6028 I art     : Starting a blocking GC Explicit
08-05 13:39:08.480   512  2967 D audio_hw_primary: disable_audio_route: reset and update mixer path: low-latency-playback speaker
08-05 13:39:08.482   512  2967 D audio_hw_primary: disable_snd_device: snd_device(2: speaker)
08-05 13:39:08.491   512  2967 I soundtrigger: audio_extn_sound_trigger_update_device_status: device 0x2 of type 0 for Event 0
08-05 13:39:08.494  2324  6028 I art     : Explicit concurrent mark sweep GC freed 182(8KB) AllocSpace objects, 0(0B) LOS objects, 23% free, 50MB/66MB, paused 1.050ms total 34.946ms
08-05 13:39:08.504  2324  6028 I art     : Starting a blocking GC Explicit
08-05 13:39:08.538  2324  6028 I art     : Explicit concurrent mark sweep GC freed 3(96B) AllocSpace objects, 0(0B) LOS objects, 23% free, 50MB/66MB, paused 1.229ms total 33.517ms
08-05 13:39:08.548  2324  6028 I art     : Starting a blocking GC Explicit
08-05 13:39:08.580  2324  6028 I art     : Explicit concurrent mark sweep GC freed 3(96B) AllocSpace objects, 0(0B) LOS objects, 23% free, 50MB/66MB, paused 1.183ms total 32.044ms
08-05 13:39:08.590  2324  6028 I art     : Starting a blocking GC Explicit
08-05 13:39:08.622  2324  6028 I art     : Explicit concurrent mark sweep GC freed 3(96B) AllocSpace objects, 0(0B) LOS objects, 23% free, 50MB/66MB, paused 1.155ms total 31.819ms
08-05 13:39:08.959  2324  2336 I art     : Starting a blocking GC Explicit
08-05 13:39:09.004  2324  2336 I art     : Explicit concurrent mark sweep GC freed 1381(81KB) AllocSpace objects, 1(20KB) LOS objects, 23% free, 50MB/66MB, paused 1.282ms total 44.600ms
08-05 13:39:09.019  2324  2336 I art     : Starting a blocking GC Explicit
08-05 13:39:09.055  2324  2336 I art     : Explicit concurrent mark sweep GC freed 40(1360B) AllocSpace objects, 0(0B) LOS objects, 23% free, 50MB/66MB, paused 1.360ms total 36.231ms
08-05 13:39:09.066  2324  2336 I art     : Starting a blocking GC Explicit
08-05 13:39:09.102  2324  2336 I art     : Explicit concurrent mark sweep GC freed 3(96B) AllocSpace objects, 0(0B) LOS objects, 23% free, 50MB/66MB, paused 1.208ms total 36.043ms
08-05 13:39:09.113  2324  2336 I art     : Starting a blocking GC Explicit
08-05 13:39:09.149  2324  2336 I art     : Explicit concurrent mark sweep GC freed 3(96B) AllocSpace objects, 0(0B) LOS objects, 23% free, 50MB/66MB, paused 1.254ms total 36.055ms
08-05 13:39:09.160  2324  2336 I art     : Starting a blocking GC Explicit
08-05 13:39:09.195  2324  2336 I art     : Explicit concurrent mark sweep GC freed 3(96B) AllocSpace objects, 0(0B) LOS objects, 23% free, 50MB/66MB, paused 1.192ms total 34.909ms
08-05 13:39:09.545  2324  2904 I art     : Starting a blocking GC Explicit
08-05 13:39:09.591  2324  2904 I art     : Explicit concurrent mark sweep GC freed 1410(81KB) AllocSpace objects, 1(20KB) LOS objects, 23% free, 50MB/66MB, paused 1.395ms total 45.343ms
08-05 13:39:09.605  2324  2904 I art     : Starting a blocking GC Explicit
08-05 13:39:09.641  2324  2904 I art     : Explicit concurrent mark sweep GC freed 23(752B) AllocSpace objects, 0(0B) LOS objects, 23% free, 50MB/66MB, paused 1.210ms total 36.440ms
08-05 13:39:09.652  2324  2904 I art     : Starting a blocking GC Explicit
08-05 13:39:09.689  2324  2904 I art     : Explicit concurrent mark sweep GC freed 3(96B) AllocSpace objects, 0(0B) LOS objects, 23% free, 50MB/66MB, paused 1.270ms total 36.312ms
08-05 13:39:09.699  2324  2904 I art     : Starting a blocking GC Explicit
08-05 13:39:09.737  2324  2904 I art     : Explicit concurrent mark sweep GC freed 8(256B) AllocSpace objects, 0(0B) LOS objects, 23% free, 50MB/66MB, paused 1.164ms total 37.828ms
08-05 13:39:09.749  2324  2904 I art     : Starting a blocking GC Explicit
08-05 13:39:09.782  2324  2904 I art     : Explicit concurrent mark sweep GC freed 30(992B) AllocSpace objects, 0(0B) LOS objects, 23% free, 50MB/66MB, paused 1.051ms total 32.620ms
08-05 13:39:10.145  2324  2404 I art     : Starting a blocking GC Explicit
08-05 13:39:10.189  2324  2404 I art     : Explicit concurrent mark sweep GC freed 1418(82KB) AllocSpace objects, 1(20KB) LOS objects, 23% free, 50MB/66MB, paused 1.253ms total 43.826ms
08-05 13:39:10.199  2324  2404 I art     : Starting a blocking GC Explicit
08-05 13:39:10.235  2324  2404 I art     : Explicit concurrent mark sweep GC freed 23(768B) AllocSpace objects, 0(0B) LOS objects, 23% free, 50MB/66MB, paused 1.246ms total 35.634ms
08-05 13:39:10.246  2324  2404 I art     : Starting a blocking GC Explicit
08-05 13:39:10.282  2324  2404 I art     : Explicit concurrent mark sweep GC freed 3(96B) AllocSpace objects, 0(0B) LOS objects, 23% free, 50MB/66MB, paused 1.210ms total 35.930ms
08-05 13:39:10.293  2324  2404 I art     : Starting a blocking GC Explicit
08-05 13:39:10.328  2324  2404 I art     : Explicit concurrent mark sweep GC freed 3(96B) AllocSpace objects, 0(0B) LOS objects, 23% free, 50MB/66MB, paused 1.257ms total 35.146ms
08-05 13:39:10.338  2324  2404 I art     : Starting a blocking GC Explicit
08-05 13:39:10.375  2324  2404 I art     : Explicit concurrent mark sweep GC freed 3(96B) AllocSpace objects, 0(0B) LOS objects, 23% free, 50MB/66MB, paused 1.215ms total 36.156ms
08-05 13:39:10.753  2324  2336 I art     : Starting a blocking GC Explicit
08-05 13:39:10.798  2324  2336 I art     : Explicit concurrent mark sweep GC freed 1410(81KB) AllocSpace objects, 1(20KB) LOS objects, 23% free, 50MB/66MB, paused 1.303ms total 45.003ms
08-05 13:39:10.811  2324  2336 I art     : Starting a blocking GC Explicit
08-05 13:39:10.847  2324  2336 I art     : Explicit concurrent mark sweep GC freed 23(752B) AllocSpace objects, 0(0B) LOS objects, 23% free, 50MB/66MB, paused 1.229ms total 36.161ms
08-05 13:39:10.858  2324  2336 I art     : Starting a blocking GC Explicit
08-05 13:39:10.893  2324  2336 I art     : Explicit concurrent mark sweep GC freed 3(96B) AllocSpace objects, 0(0B) LOS objects, 23% free, 50MB/66MB, paused 1.193ms total 35.493ms
08-05 13:39:10.903  2324  2336 I art     : Starting a blocking GC Explicit
08-05 13:39:10.939  2324  2336 I art     : Explicit concurrent mark sweep GC freed 3(96B) AllocSpace objects, 0(0B) LOS objects, 23% free, 50MB/66MB, paused 1.245ms total 35.055ms
08-05 13:39:10.949  2324  2336 I art     : Starting a blocking GC Explicit
08-05 13:39:10.986  2324  2336 I art     : Explicit concurrent mark sweep GC freed 3(96B) AllocSpace objects, 0(0B) LOS objects, 23% free, 50MB/66MB, paused 1.190ms total 36.186ms
08-05 13:39:11.361  2324  2337 I art     : Starting a blocking GC Explicit
08-05 13:39:11.407  2324  2337 I art     : Explicit concurrent mark sweep GC freed 1382(82KB) AllocSpace objects, 1(20KB) LOS objects, 23% free, 50MB/66MB, paused 1.304ms total 45.824ms
08-05 13:39:11.421  2324  2337 I art     : Starting a blocking GC Explicit
08-05 13:39:11.461  2324  2337 I art     : Explicit concurrent mark sweep GC freed 52(1552B) AllocSpace objects, 0(0B) LOS objects, 23% free, 50MB/66MB, paused 1.230ms total 39.553ms
08-05 13:39:11.472  2324  2337 I art     : Starting a blocking GC Explicit
08-05 13:39:11.507  2324  2337 I art     : Explicit concurrent mark sweep GC freed 3(96B) AllocSpace objects, 0(0B) LOS objects, 23% free, 50MB/66MB, paused 1.209ms total 34.861ms
08-05 13:39:11.517  2324  2337 I art     : Starting a blocking GC Explicit
08-05 13:39:11.553  2324  2337 I art     : Explicit concurrent mark sweep GC freed 3(96B) AllocSpace objects, 0(0B) LOS objects, 23% free, 50MB/66MB, paused 1.190ms total 35.521ms
08-05 13:39:11.563  2324  2337 I art     : Starting a blocking GC Explicit
08-05 13:39:11.600  2324  2337 I art     : Explicit concurrent mark sweep GC freed 3(96B) AllocSpace objects, 0(0B) LOS objects, 23% free, 50MB/66MB, paused 1.244ms total 36.246ms
08-05 13:39:11.991  2324  2904 I art     : Starting a blocking GC Explicit
08-05 13:39:12.037  2324  2904 I art     : Explicit concurrent mark sweep GC freed 1384(81KB) AllocSpace objects, 1(20KB) LOS objects, 23% free, 50MB/66MB, paused 1.286ms total 44.799ms
08-05 13:39:12.051  2324  2904 I art     : Starting a blocking GC Explicit
08-05 13:39:12.087  2324  2904 I art     : Explicit concurrent mark sweep GC freed 23(752B) AllocSpace objects, 0(0B) LOS objects, 23% free, 50MB/66MB, paused 1.269ms total 35.692ms
08-05 13:39:12.098  2324  2904 I art     : Starting a blocking GC Explicit
08-05 13:39:12.134  2324  2904 I art     : Explicit concurrent mark sweep GC freed 3(96B) AllocSpace objects, 0(0B) LOS objects, 23% free, 50MB/66MB, paused 1.118ms total 35.561ms
08-05 13:39:12.144  2324  2904 I art     : Starting a blocking GC Explicit
08-05 13:39:12.180  2324  2904 I art     : Explicit concurrent mark sweep GC freed 3(96B) AllocSpace objects, 0(0B) LOS objects, 23% free, 50MB/66MB, paused 1.238ms total 35.727ms
08-05 13:39:12.191  2324  2904 I art     : Starting a blocking GC Explicit
08-05 13:39:12.226  2324  2904 I art     : Explicit concurrent mark sweep GC freed 3(96B) AllocSpace objects, 0(0B) LOS objects, 23% free, 50MB/66MB, paused 1.182ms total 34.498ms
08-05 13:39:12.601  2324  6028 I art     : Starting a blocking GC Explicit
08-05 13:39:12.653  2324  6028 I art     : Explicit concurrent mark sweep GC freed 1410(81KB) AllocSpace objects, 1(20KB) LOS objects, 23% free, 50MB/66MB, paused 1.354ms total 52.022ms
08-05 13:39:12.666  2324  6028 I art     : Starting a blocking GC Explicit
08-05 13:39:12.701  2324  6028 I art     : Explicit concurrent mark sweep GC freed 23(768B) AllocSpace objects, 0(0B) LOS objects, 23% free, 50MB/66MB, paused 1.215ms total 35.178ms
08-05 13:39:12.711  2324  6028 I art     : Starting a blocking GC Explicit
08-05 13:39:12.747  2324  6028 I art     : Explicit concurrent mark sweep GC freed 3(96B) AllocSpace objects, 0(0B) LOS objects, 23% free, 50MB/66MB, paused 1.198ms total 35.181ms
08-05 13:39:12.757  2324  6028 I art     : Starting a blocking GC Explicit
08-05 13:39:12.793  2324  6028 I art     : Explicit concurrent mark sweep GC freed 3(96B) AllocSpace objects, 0(0B) LOS objects, 23% free, 50MB/66MB, paused 1.194ms total 35.149ms
08-05 13:39:12.803  2324  6028 I art     : Starting a blocking GC Explicit
08-05 13:39:12.839  2324  6028 I art     : Explicit concurrent mark sweep GC freed 3(96B) AllocSpace objects, 0(0B) LOS objects, 23% free, 50MB/66MB, paused 1.241ms total 36.180ms
08-05 13:39:13.187  2324  2336 I art     : Starting a blocking GC Explicit
08-05 13:39:13.223  2324  2336 I art     : Explicit concurrent mark sweep GC freed 1381(81KB) AllocSpace objects, 1(20KB) LOS objects, 23% free, 50MB/66MB, paused 1.211ms total 36.196ms
08-05 13:39:13.233  2324  2336 I art     : Starting a blocking GC Explicit
08-05 13:39:13.270  2324  2336 I art     : Explicit concurrent mark sweep GC freed 99(3KB) AllocSpace objects, 0(0B) LOS objects, 23% free, 50MB/66MB, paused 1.218ms total 36.198ms
08-05 13:39:13.281  2324  2336 I art     : Starting a blocking GC Explicit
08-05 13:39:13.317  2324  2336 I art     : Explicit concurrent mark sweep GC freed 3(96B) AllocSpace objects, 0(0B) LOS objects, 23% free, 50MB/66MB, paused 1.197ms total 36.162ms
08-05 13:39:13.328  2324  2336 I art     : Starting a blocking GC Explicit
08-05 13:39:13.363  2324  2336 I art     : Explicit concurrent mark sweep GC freed 3(96B) AllocSpace objects, 0(0B) LOS objects, 23% free, 50MB/66MB, paused 1.212ms total 35.532ms
08-05 13:39:13.374  2324  2336 I art     : Starting a blocking GC Explicit
08-05 13:39:13.407  2324  2336 I art     : Explicit concurrent mark sweep GC freed 31(848B) AllocSpace objects, 0(0B) LOS objects, 23% free, 50MB/66MB, paused 1.218ms total 33.199ms
08-05 13:39:13.756  2324  2337 I art     : Starting a blocking GC Explicit
08-05 13:39:13.802  2324  2337 I art     : Explicit concurrent mark sweep GC freed 1382(81KB) AllocSpace objects, 1(20KB) LOS objects, 23% free, 50MB/66MB, paused 1.353ms total 45.401ms
08-05 13:39:13.815  2324  2337 I art     : Starting a blocking GC Explicit
08-05 13:39:13.852  2324  2337 I art     : Explicit concurrent mark sweep GC freed 23(768B) AllocSpace objects, 0(0B) LOS objects, 23% free, 50MB/66MB, paused 1.228ms total 36.435ms
08-05 13:39:13.862  2324  2337 I art     : Starting a blocking GC Explicit
08-05 13:39:13.899  2324  2337 I art     : Explicit concurrent mark sweep GC freed 3(96B) AllocSpace objects, 0(0B) LOS objects, 23% free, 50MB/66MB, paused 1.263ms total 36.528ms
08-05 13:39:13.910  2324  2337 I art     : Starting a blocking GC Explicit
08-05 13:39:13.946  2324  2337 I art     : Explicit concurrent mark sweep GC freed 3(96B) AllocSpace objects, 0(0B) LOS objects, 23% free, 50MB/66MB, paused 1.229ms total 35.896ms
08-05 13:39:13.957  2324  2337 I art     : Starting a blocking GC Explicit
08-05 13:39:13.993  2324  2337 I art     : Explicit concurrent mark sweep GC freed 3(96B) AllocSpace objects, 0(0B) LOS objects, 23% free, 50MB/66MB, paused 1.219ms total 36.082ms
08-05 13:39:14.342  2324  6028 I art     : Starting a blocking GC Explicit
08-05 13:39:14.378  2324  6028 I art     : Explicit concurrent mark sweep GC freed 1381(81KB) AllocSpace objects, 1(20KB) LOS objects, 23% free, 50MB/66MB, paused 1.287ms total 35.468ms
08-05 13:39:14.388  2324  6028 I art     : Starting a blocking GC Explicit
08-05 13:39:14.423  2324  6028 I art     : Explicit concurrent mark sweep GC freed 52(1536B) AllocSpace objects, 0(0B) LOS objects, 23% free, 50MB/66MB, paused 1.207ms total 34.643ms
08-05 13:39:14.433  2324  6028 I art     : Starting a blocking GC Explicit
08-05 13:39:14.467  2324  6028 I art     : Explicit concurrent mark sweep GC freed 3(96B) AllocSpace objects, 0(0B) LOS objects, 23% free, 50MB/66MB, paused 1.157ms total 33.355ms
08-05 13:39:14.477  2324  6028 I art     : Starting a blocking GC Explicit
08-05 13:39:14.511  2324  6028 I art     : Explicit concurrent mark sweep GC freed 3(96B) AllocSpace objects, 0(0B) LOS objects, 23% free, 50MB/66MB, paused 1.197ms total 33.960ms
08-05 13:39:14.521  2324  6028 I art     : Starting a blocking GC Explicit
08-05 13:39:14.554  2324  6028 I art     : Explicit concurrent mark sweep GC freed 3(96B) AllocSpace objects, 0(0B) LOS objects, 23% free, 50MB/66MB, paused 1.223ms total 33.155ms
08-05 13:39:14.612  6232  6232 D AndroidRuntime: >>>>>> START com.android.internal.os.RuntimeInit uid 2000 <<<<<<
08-05 13:39:14.617  6232  6232 D AndroidRuntime: CheckJNI is OFF
08-05 13:39:14.651  6232  6232 D ICU     : No timezone override file found: /data/misc/zoneinfo/current/icu/icu_tzdata.dat
08-05 13:39:14.691  6232  6232 I Radio-JNI: register_android_hardware_Radio DONE
08-05 13:39:14.712  6232  6232 D AndroidRuntime: Calling main entry com.android.commands.input.Input
08-05 13:39:14.714  6232  6232 I Input   : injectMotionEvent: MotionEvent { action=ACTION_DOWN, actionButton=0, id[0]=0, x[0]=526.0, y[0]=597.0, toolType[0]=TOOL_TYPE_UNKNOWN, buttonState=0, metaState=0, flags=0x0, edgeFlags=0x0, pointerCount=1, historySize=0, eventTime=797971127, downTime=797971127, deviceId=0, source=0x1002 }
08-05 13:39:14.719  6232  6232 I Input   : injectMotionEvent: MotionEvent { action=ACTION_UP, actionButton=0, id[0]=0, x[0]=526.0, y[0]=597.0, toolType[0]=TOOL_TYPE_UNKNOWN, buttonState=0, metaState=0, flags=0x0, edgeFlags=0x0, pointerCount=1, historySize=0, eventTime=797971127, downTime=797971127, deviceId=0, source=0x1002 }
08-05 13:39:14.721  6232  6232 D AndroidRuntime: Shutting down VM
08-05 13:39:14.785  2324  2324 D PodcastListFragment: Selected podcast: GpodnetPodcast [url=http://feeds.feedburner.com/linuxoutlaws, title=Linux Outlaws, description=Two pragmatic geeks talk about the latest news concerning Linux, free and open
08-05 13:39:14.785  2324  2324 D PodcastListFragment: technology or anything else they deem noteworthy which may include such absurd
08-05 13:39:14.785  2324  2324 D PodcastListFragment: things as hockey or bands you never heard of. This means there's many a joke
08-05 13:39:14.785  2324  2324 D PodcastListFragment: and derailed conversation along the way, so don't come here expecting only
08-05 13:39:14.785  2324  2324 D PodcastListFragment: Linux or software freedom talk  just sit back and relax, partner., subscribers=3321, logoUrl=http://sixgun.org/files/linuxoutlaws.jpg, website=http://sixgun.org, mygpoLink=http://gpodder.net/podcast/linux-outlaws-mp3]
08-05 13:39:14.786   918  6110 I ActivityManager: START u0 {cmp=baseline.de.danoeh.antennapod.debug/baseline.de.danoeh.antennapod.activity.OnlineFeedViewActivity (has extras)} from uid 10695 on display 0
08-05 13:39:14.787   512  2967 D audio_hw_primary: out_set_parameters: enter: usecase(1: low-latency-playback) kvpairs: routing=2
08-05 13:39:14.800   512  2967 D audio_hw_primary: select_devices: out_snd_device(2: speaker) in_snd_device(0: none)
08-05 13:39:14.800   512  2967 D msm8974_platform: platform_send_audio_calibration: sending audio calibration for snd_device(2) acdb_id(15)
08-05 13:39:14.800   512  2967 I soundtrigger: audio_extn_sound_trigger_update_device_status: device 0x2 of type 0 for Event 1
08-05 13:39:14.811   512  2967 D audio_hw_primary: enable_snd_device: snd_device(2: speaker)
08-05 13:39:14.813   512  2967 D audio_hw_primary: enable_audio_route: apply and update mixer path: low-latency-playback speaker
08-05 13:39:14.818  2324  2324 D UserPreferences: Using default data folder
08-05 13:39:14.818  2324  2324 D OnlineFeedViewActivity: Activity was started with url http://feeds.feedburner.com/linuxoutlaws
08-05 13:39:14.823  2324  2324 D OnlineFeedViewActivity: Starting feed download
08-05 13:39:14.826  2324  2350 D DBReader: Extracting Feedlist
08-05 13:39:14.828   918  5481 D WifiService: acquireWifiLockLocked: WifiLock{Downloader type=1 binder=android.os.BinderProxy@c0342c6}
08-05 13:39:14.828  2324  2350 D AntennapodHttpClient: Creating new instance of HTTP client
08-05 13:39:14.861  2324  2337 I art     : Starting a blocking GC Explicit
08-05 13:39:14.877 13866 13866 I GoogleInputMethodServic: GoogleInputMethodService.onFinishInput():3138 
08-05 13:39:14.878 13866 13866 I GoogleInputMethodServic: GoogleInputMethodService.onStartInput():1808 
08-05 13:39:14.897  2324  2337 I art     : Explicit concurrent mark sweep GC freed 2801(188KB) AllocSpace objects, 1(20KB) LOS objects, 23% free, 51MB/67MB, paused 1.553ms total 35.864ms
08-05 13:39:14.898   918   936 I ActivityManager: Displayed baseline.de.danoeh.antennapod.debug/baseline.de.danoeh.antennapod.activity.OnlineFeedViewActivity: +97ms
08-05 13:39:14.908  2324  2337 I art     : Starting a blocking GC Explicit
08-05 13:39:14.917  2324  2345 D OpenGLRenderer: endAllStagingAnimators on 0x7f7b63f000 (GridView) with handle 0x7f7160e000
08-05 13:39:14.929  2324  2350 D MYTAG   : interceptor 3a http://feeds.feedburner.com/linuxoutlaws
08-05 13:39:14.929  2324  2350 I NAPPA_EXPERIMENTATION: MetricNetworkRequestExecutionTime: REQUEST_DURATION_SYSTEM='100',REQUEST_DURATION_OKHTTP='48',REQUEST_SYNCHRONOUS='TRUE',RESPONSE_CODE='200',RESPONSE_METHOD='GET',RESPONSE_LENGTH_OKHTTP='-1',RESPONSE_LENGTH_HEADER='-2',REQUEST_PROTOCOL='http/1.1',REQUEST_URL='http://feeds.feedburner.com/linuxoutlaws',
08-05 13:39:14.929  2324  2350 D HttpDownloader: Response code is 200
08-05 13:39:14.929  2324  2350 D UserPreferences: Using default data folder
08-05 13:39:14.931  2324  2350 D HttpDownloader: Getting size of download
08-05 13:39:14.932  2324  2350 D HttpDownloader: Size is -1
08-05 13:39:14.932  2324  2350 D UserPreferences: Using default data folder
08-05 13:39:14.936  2324  2350 D HttpDownloader: Free space is 20215734272
08-05 13:39:14.936  2324  2350 D HttpDownloader: Starting download
08-05 13:39:14.940  2324  2337 I art     : Explicit concurrent mark sweep GC freed 527(32KB) AllocSpace objects, 0(0B) LOS objects, 23% free, 51MB/67MB, paused 1.327ms total 31.849ms
08-05 13:39:14.950  2324  2337 I art     : Starting a blocking GC Explicit
08-05 13:39:14.958  2324  2350 D HttpDownloader: Download was successful
08-05 13:39:14.959   918  4400 D WifiService: releaseWifiLockLocked: WifiLock{Downloader type=1 binder=android.os.BinderProxy@c0342c6}
08-05 13:39:14.959  2324  2324 D OnlineFeedViewActivity: Parsing feed
08-05 13:39:14.962  2324  6268 D TypeGetter: Recognized type RSS 2.0
08-05 13:39:14.963  2324  6268 D SyndHandler: Recognized Content namespace
08-05 13:39:14.963  2324  6268 D SyndHandler: Recognized DublinCore namespace
08-05 13:39:14.963  2324  6268 D SyndHandler: Recognized Atom namespace
08-05 13:39:14.963  2324  6268 D SyndHandler: Recognized ITunes namespace
08-05 13:39:14.963  2324  6268 D SyndHandler: Recognized media namespace
08-05 13:39:14.982  2324  2337 I art     : Explicit concurrent mark sweep GC freed 1062(255KB) AllocSpace objects, 3(60KB) LOS objects, 23% free, 51MB/67MB, paused 1.270ms total 32.288ms
08-05 13:39:14.993  2324  2337 I art     : Starting a blocking GC Explicit
08-05 13:39:15.002  2324  6268 D OnlineFeedViewActivity: Deleted feed source file. Result: true
08-05 13:39:15.002  2324  2324 D OnlineFeedViewActivity: Removing HTML from shownotes
08-05 13:39:15.017  2324  3357 D ApOkHttpUrlLoader: buildLoadData() called with: model = [http://sixgun.org/files/linuxoutlaws.jpg], width = [350], height = [350]
08-05 13:39:15.018  2324  3122 D DBReader: getImageAuthentication() called with: imageUrl = [http://sixgun.org/files/linuxoutlaws.jpg]
08-05 13:39:15.021  2324  3122 D ApOkHttpUrlLoader: no credentials for 'http://sixgun.org/files/linuxoutlaws.jpg'
08-05 13:39:15.030  2324  2337 I art     : Explicit concurrent mark sweep GC freed 4128(449KB) AllocSpace objects, 11(748KB) LOS objects, 23% free, 51MB/67MB, paused 1.721ms total 36.397ms
08-05 13:39:15.040  2324  2337 I art     : Starting a blocking GC Explicit
08-05 13:39:15.060  2324  3122 D DBWriter: updateFeedDownloadURL(original: http://sixgun.org/files/linuxoutlaws.jpg, updated: https://fab.industries/sixgun/files/linuxoutlaws.jpg)
08-05 13:39:15.072  2324  2337 I art     : Explicit concurrent mark sweep GC freed 1491(93KB) AllocSpace objects, 0(0B) LOS objects, 23% free, 51MB/67MB, paused 1.168ms total 32.541ms
08-05 13:39:15.149   380   380 W SurfaceFlinger: couldn't log to binary event log: overflow.
08-05 13:39:15.213  2324  3122 D MYTAG   : interceptor 2a
08-05 13:39:15.214  2324  3122 I NAPPA_EXPERIMENTATION: MetricNetworkRequestExecutionTime: REQUEST_DURATION_SYSTEM='192',REQUEST_DURATION_OKHTTP='150',REQUEST_SYNCHRONOUS='TRUE',RESPONSE_CODE='404',RESPONSE_METHOD='GET',RESPONSE_LENGTH_OKHTTP='-1',RESPONSE_LENGTH_HEADER='1503',REQUEST_PROTOCOL='h2',REQUEST_URL='https://fab.industries/sixgun/files/linuxoutlaws.jpg',
08-05 13:39:15.215  2324  2324 W Glide   : Load failed for http://sixgun.org/files/linuxoutlaws.jpg with size [350x350]
08-05 13:39:15.215  2324  2324 W Glide   : class com.bumptech.glide.load.engine.GlideException: Failed to load resource
08-05 13:39:15.215  2324  2324 W Glide   : There was 1 cause:
08-05 13:39:15.215  2324  2324 W Glide   : com.bumptech.glide.load.HttpException()
08-05 13:39:15.215  2324  2324 W Glide   :  call GlideException#logRootCauses(String) for more detail
08-05 13:39:15.215  2324  2324 W Glide   :   Cause (1 of 1): class com.bumptech.glide.load.engine.GlideException: Fetching data failed, class java.io.InputStream, REMOTE
08-05 13:39:15.215  2324  2324 W Glide   : There was 1 cause:
08-05 13:39:15.215  2324  2324 W Glide   : com.bumptech.glide.load.HttpException()
08-05 13:39:15.215  2324  2324 W Glide   :  call GlideException#logRootCauses(String) for more detail
08-05 13:39:15.215  2324  2324 W Glide   :     Cause (1 of 1): class com.bumptech.glide.load.HttpException: 
08-05 13:39:15.216  2324  2324 I Glide   : Root cause (1 of 1)
08-05 13:39:15.216  2324  2324 I Glide   : com.bumptech.glide.load.HttpException: 
08-05 13:39:15.216  2324  2324 I Glide   : 	at com.bumptech.glide.integration.okhttp3.OkHttpStreamFetcher.onResponse(OkHttpStreamFetcher.java:73)
08-05 13:39:15.216  2324  2324 I Glide   : 	at okhttp3.RealCall$AsyncCall.execute(RealCall.java:174)
08-05 13:39:15.216  2324  2324 I Glide   : 	at okhttp3.internal.NamedRunnable.run(NamedRunnable.java:32)
08-05 13:39:15.216  2324  2324 I Glide   : 	at java.util.concurrent.ThreadPoolExecutor.runWorker(ThreadPoolExecutor.java:1113)
08-05 13:39:15.216  2324  2324 I Glide   : 	at java.util.concurrent.ThreadPoolExecutor$Worker.run(ThreadPoolExecutor.java:588)
08-05 13:39:15.216  2324  2324 I Glide   : 	at java.lang.Thread.run(Thread.java:818)
08-05 13:39:15.273  2324  2324 D PlaybackController: Releasing PlaybackController
08-05 13:39:15.358   512  2967 D audio_hw_primary: disable_audio_route: reset and update mixer path: low-latency-playback speaker
08-05 13:39:15.360   512  2967 D audio_hw_primary: disable_snd_device: snd_device(2: speaker)
08-05 13:39:15.367   512  2967 I soundtrigger: audio_extn_sound_trigger_update_device_status: device 0x2 of type 0 for Event 0
08-05 13:39:15.378  2324  2336 I art     : Starting a blocking GC Explicit
08-05 13:39:15.417  2324  2336 I art     : Explicit concurrent mark sweep GC freed 2375(155KB) AllocSpace objects, 2(132KB) LOS objects, 23% free, 51MB/67MB, paused 1.244ms total 38.685ms
08-05 13:39:15.427  2324  2336 I art     : Starting a blocking GC Explicit
08-05 13:39:15.464  2324  2336 I art     : Explicit concurrent mark sweep GC freed 50(1776B) AllocSpace objects, 0(0B) LOS objects, 23% free, 51MB/67MB, paused 1.236ms total 36.427ms
08-05 13:39:15.475  2324  2336 I art     : Starting a blocking GC Explicit
08-05 13:39:15.513  2324  2336 I art     : Explicit concurrent mark sweep GC freed 3(96B) AllocSpace objects, 0(0B) LOS objects, 23% free, 51MB/67MB, paused 1.236ms total 37.684ms
08-05 13:39:15.524  2324  2336 I art     : Starting a blocking GC Explicit
08-05 13:39:15.561  2324  2336 I art     : Explicit concurrent mark sweep GC freed 3(96B) AllocSpace objects, 0(0B) LOS objects, 23% free, 51MB/67MB, paused 1.148ms total 36.765ms
08-05 13:39:15.572  2324  2336 I art     : Starting a blocking GC Explicit
08-05 13:39:15.609  2324  2336 I art     : Explicit concurrent mark sweep GC freed 3(96B) AllocSpace objects, 0(0B) LOS objects, 23% free, 51MB/67MB, paused 1.190ms total 37.503ms
08-05 13:39:15.943  2324  6028 I art     : Starting a blocking GC Explicit
08-05 13:39:15.991  2324  6028 I art     : Explicit concurrent mark sweep GC freed 1381(81KB) AllocSpace objects, 1(20KB) LOS objects, 23% free, 51MB/67MB, paused 1.539ms total 46.839ms
08-05 13:39:16.006  2324  6028 I art     : Starting a blocking GC Explicit
08-05 13:39:16.044  2324  6028 I art     : Explicit concurrent mark sweep GC freed 23(768B) AllocSpace objects, 0(0B) LOS objects, 23% free, 51MB/67MB, paused 1.237ms total 37.362ms
08-05 13:39:16.054  2324  6028 I art     : Starting a blocking GC Explicit
08-05 13:39:16.092  2324  6028 I art     : Explicit concurrent mark sweep GC freed 3(96B) AllocSpace objects, 0(0B) LOS objects, 23% free, 51MB/67MB, paused 1.390ms total 37.117ms
08-05 13:39:16.102  2324  6028 I art     : Starting a blocking GC Explicit
08-05 13:39:16.139  2324  6028 I art     : Explicit concurrent mark sweep GC freed 3(96B) AllocSpace objects, 0(0B) LOS objects, 23% free, 51MB/67MB, paused 1.253ms total 36.896ms
08-05 13:39:16.150  2324  6028 I art     : Starting a blocking GC Explicit
08-05 13:39:16.188  2324  6028 I art     : Explicit concurrent mark sweep GC freed 3(96B) AllocSpace objects, 0(0B) LOS objects, 23% free, 51MB/67MB, paused 1.340ms total 37.359ms
08-05 13:39:16.542  2324  2337 I art     : Starting a blocking GC Explicit
08-05 13:39:16.588  2324  2337 I art     : Explicit concurrent mark sweep GC freed 1410(81KB) AllocSpace objects, 1(20KB) LOS objects, 23% free, 51MB/67MB, paused 1.485ms total 45.805ms
08-05 13:39:16.603  2324  2337 I art     : Starting a blocking GC Explicit
08-05 13:39:16.641  2324  2337 I art     : Explicit concurrent mark sweep GC freed 26(848B) AllocSpace objects, 0(0B) LOS objects, 23% free, 51MB/67MB, paused 1.173ms total 37.674ms
08-05 13:39:16.653  2324  2337 I art     : Starting a blocking GC Explicit
08-05 13:39:16.688  2324  2337 I art     : Explicit concurrent mark sweep GC freed 9(288B) AllocSpace objects, 0(0B) LOS objects, 23% free, 51MB/67MB, paused 1.204ms total 35.443ms
08-05 13:39:16.699  2324  2337 I art     : Starting a blocking GC Explicit
08-05 13:39:16.735  2324  2337 I art     : Explicit concurrent mark sweep GC freed 7(224B) AllocSpace objects, 0(0B) LOS objects, 23% free, 51MB/67MB, paused 1.231ms total 35.640ms
08-05 13:39:16.746  2324  2337 I art     : Starting a blocking GC Explicit
08-05 13:39:16.780  2324  2337 I art     : Explicit concurrent mark sweep GC freed 9(288B) AllocSpace objects, 0(0B) LOS objects, 23% free, 51MB/67MB, paused 1.237ms total 34.233ms
08-05 13:39:17.120 32409 32409 I ServiceManager: Waiting for service AtCmdFwd...
08-05 13:39:17.126  2324  2337 I art     : Starting a blocking GC Explicit
08-05 13:39:17.173  2324  2337 I art     : Explicit concurrent mark sweep GC freed 1392(81KB) AllocSpace objects, 1(20KB) LOS objects, 23% free, 51MB/67MB, paused 1.344ms total 46.277ms
08-05 13:39:17.186  2324  2337 I art     : Starting a blocking GC Explicit
08-05 13:39:17.222  2324  2337 I art     : Explicit concurrent mark sweep GC freed 23(752B) AllocSpace objects, 0(0B) LOS objects, 23% free, 51MB/67MB, paused 1.218ms total 35.908ms
08-05 13:39:17.233  2324  2337 I art     : Starting a blocking GC Explicit
08-05 13:39:17.269  2324  2337 I art     : Explicit concurrent mark sweep GC freed 3(96B) AllocSpace objects, 0(0B) LOS objects, 23% free, 51MB/67MB, paused 1.233ms total 36.166ms
08-05 13:39:17.280  2324  2337 I art     : Starting a blocking GC Explicit
08-05 13:39:17.317  2324  2337 I art     : Explicit concurrent mark sweep GC freed 3(96B) AllocSpace objects, 0(0B) LOS objects, 23% free, 51MB/67MB, paused 1.339ms total 37.577ms
08-05 13:39:17.328  2324  2337 I art     : Starting a blocking GC Explicit
08-05 13:39:17.366  2324  2337 I art     : Explicit concurrent mark sweep GC freed 3(96B) AllocSpace objects, 0(0B) LOS objects, 23% free, 51MB/67MB, paused 1.222ms total 37.248ms
08-05 13:39:17.736  2324  6028 I art     : Starting a blocking GC Explicit
08-05 13:39:17.783  2324  6028 I art     : Explicit concurrent mark sweep GC freed 1410(81KB) AllocSpace objects, 1(20KB) LOS objects, 23% free, 51MB/67MB, paused 1.374ms total 46.359ms
08-05 13:39:17.800  2324  6028 I art     : Starting a blocking GC Explicit
08-05 13:39:17.835  2324  6028 I art     : Explicit concurrent mark sweep GC freed 23(752B) AllocSpace objects, 0(0B) LOS objects, 23% free, 51MB/67MB, paused 1.158ms total 34.839ms
08-05 13:39:17.845  2324  6028 I art     : Starting a blocking GC Explicit
08-05 13:39:17.881  2324  6028 I art     : Explicit concurrent mark sweep GC freed 3(96B) AllocSpace objects, 0(0B) LOS objects, 23% free, 51MB/67MB, paused 1.225ms total 35.812ms
08-05 13:39:17.892  2324  6028 I art     : Starting a blocking GC Explicit
08-05 13:39:17.929  2324  6028 I art     : Explicit concurrent mark sweep GC freed 3(96B) AllocSpace objects, 0(0B) LOS objects, 23% free, 51MB/67MB, paused 1.272ms total 37.452ms
08-05 13:39:17.940  2324  6028 I art     : Starting a blocking GC Explicit
08-05 13:39:17.977  2324  6028 I art     : Explicit concurrent mark sweep GC freed 3(96B) AllocSpace objects, 0(0B) LOS objects, 23% free, 51MB/67MB, paused 1.338ms total 36.647ms
08-05 13:39:18.121 32409 32409 I ServiceManager: Waiting for service AtCmdFwd...
08-05 13:39:18.351  2324  2404 I art     : Starting a blocking GC Explicit
08-05 13:39:18.399  2324  2404 I art     : Explicit concurrent mark sweep GC freed 1383(84KB) AllocSpace objects, 1(20KB) LOS objects, 23% free, 51MB/67MB, paused 1.485ms total 46.711ms
08-05 13:39:18.415  2324  2404 I art     : Starting a blocking GC Explicit
08-05 13:39:18.452  2324  2404 I art     : Explicit concurrent mark sweep GC freed 52(1536B) AllocSpace objects, 0(0B) LOS objects, 23% free, 51MB/67MB, paused 1.206ms total 35.787ms
08-05 13:39:18.462  2324  2404 I art     : Starting a blocking GC Explicit
08-05 13:39:18.499  2324  2404 I art     : Explicit concurrent mark sweep GC freed 3(96B) AllocSpace objects, 0(0B) LOS objects, 23% free, 51MB/67MB, paused 1.259ms total 36.672ms
08-05 13:39:18.509  2324  2404 I art     : Starting a blocking GC Explicit
08-05 13:39:18.547  2324  2404 I art     : Explicit concurrent mark sweep GC freed 3(96B) AllocSpace objects, 0(0B) LOS objects, 23% free, 51MB/67MB, paused 1.189ms total 37.076ms
08-05 13:39:18.557  2324  2404 I art     : Starting a blocking GC Explicit
08-05 13:39:18.595  2324  2404 I art     : Explicit concurrent mark sweep GC freed 3(96B) AllocSpace objects, 0(0B) LOS objects, 23% free, 51MB/67MB, paused 1.234ms total 37.510ms
08-05 13:39:18.953  2324  2904 I art     : Starting a blocking GC Explicit
08-05 13:39:18.990  2324  2904 I art     : Explicit concurrent mark sweep GC freed 1384(81KB) AllocSpace objects, 1(20KB) LOS objects, 23% free, 51MB/67MB, paused 1.210ms total 36.789ms
08-05 13:39:19.001  2324  2904 I art     : Starting a blocking GC Explicit
08-05 13:39:19.035  2324  2904 I art     : Explicit concurrent mark sweep GC freed 23(752B) AllocSpace objects, 0(0B) LOS objects, 23% free, 51MB/67MB, paused 1.203ms total 33.894ms
08-05 13:39:19.045  2324  2904 I art     : Starting a blocking GC Explicit
08-05 13:39:19.078  2324  2904 I art     : Explicit concurrent mark sweep GC freed 3(96B) AllocSpace objects, 0(0B) LOS objects, 23% free, 51MB/67MB, paused 1.218ms total 33.554ms
08-05 13:39:19.088  2324  2904 I art     : Starting a blocking GC Explicit
08-05 13:39:19.123 32409 32409 I ServiceManager: Waiting for service AtCmdFwd...
08-05 13:39:19.124  2324  2904 I art     : Explicit concurrent mark sweep GC freed 3(96B) AllocSpace objects, 0(0B) LOS objects, 23% free, 51MB/67MB, paused 1.165ms total 35.038ms
08-05 13:39:19.134  2324  2904 I art     : Starting a blocking GC Explicit
08-05 13:39:19.168  2324  2904 I art     : Explicit concurrent mark sweep GC freed 3(96B) AllocSpace objects, 0(0B) LOS objects, 23% free, 51MB/67MB, paused 1.271ms total 34.460ms
08-05 13:39:19.378  6340  6340 D AndroidRuntime: >>>>>> START com.android.internal.os.RuntimeInit uid 2000 <<<<<<
08-05 13:39:19.383  6340  6340 D AndroidRuntime: CheckJNI is OFF
08-05 13:39:19.416  6340  6340 D ICU     : No timezone override file found: /data/misc/zoneinfo/current/icu/icu_tzdata.dat
08-05 13:39:19.448  6340  6340 I Radio-JNI: register_android_hardware_Radio DONE
08-05 13:39:19.470  6340  6340 D AndroidRuntime: Calling main entry com.android.commands.input.Input
08-05 13:39:19.472  6340  6340 I Input   : injectKeyEvent: KeyEvent { action=ACTION_DOWN, keyCode=KEYCODE_BACK, scanCode=0, metaState=0, flags=0x0, repeatCount=0, eventTime=797975885, downTime=797975885, deviceId=-1, source=0x101 }
08-05 13:39:19.477  6340  6340 I Input   : injectKeyEvent: KeyEvent { action=ACTION_UP, keyCode=KEYCODE_BACK, scanCode=0, metaState=0, flags=0x0, repeatCount=0, eventTime=797975885, downTime=797975885, deviceId=-1, source=0x101 }
08-05 13:39:19.482  6340  6340 D AndroidRuntime: Shutting down VM
08-05 13:39:19.485  2324  2324 V PlaybackController: initServiceNotRunning()
08-05 13:39:19.486  2324  2324 D ExternalPlayerFragment: Loading media info
08-05 13:39:19.488  2324  3357 D ApOkHttpUrlLoader: buildLoadData() called with: model = [http://sixgun.org/files/linuxoutlaws.jpg], width = [224], height = [224]
08-05 13:39:19.489  2324  3122 D DBReader: getImageAuthentication() called with: imageUrl = [http://sixgun.org/files/linuxoutlaws.jpg]
08-05 13:39:19.489  2324  2324 D UserPreferences: Using default data folder
08-05 13:39:19.490  2324  2350 D DBReader: getNavDrawerData() called with: 
08-05 13:39:19.492  2324  3122 D ApOkHttpUrlLoader: no credentials for 'http://sixgun.org/files/linuxoutlaws.jpg'
08-05 13:39:19.503  2324  2350 D DBReader: getDownloadedItems() called
08-05 13:39:19.504  2324  2350 D DBReader: getFavoriteIDList() called
08-05 13:39:19.504  2324  2350 D DBReader: getQueueIDList() called
08-05 13:39:19.505  2324  2350 D DBReader: Extracting Feedlist
08-05 13:39:19.519 13866 13866 I GoogleInputMethodServic: GoogleInputMethodService.onFinishInput():3138 
08-05 13:39:19.519 13866 13866 I GoogleInputMethodServic: GoogleInputMethodService.onStartInput():1808 
08-05 13:39:19.520  2324  2337 I art     : Starting a blocking GC Explicit
08-05 13:39:19.538  2324  2324 D MainActivity: getLastNavFragment() -> AddFeedFragment
08-05 13:39:19.556  2324  2337 I art     : Explicit concurrent mark sweep GC freed 2884(173KB) AllocSpace objects, 1(20KB) LOS objects, 23% free, 51MB/67MB, paused 1.620ms total 35.795ms
08-05 13:39:19.568  2324  2337 I art     : Starting a blocking GC Explicit
08-05 13:39:19.599  2324  2337 I art     : Explicit concurrent mark sweep GC freed 502(26KB) AllocSpace objects, 0(0B) LOS objects, 23% free, 51MB/67MB, paused 1.256ms total 30.147ms
08-05 13:39:19.608  2324  2337 I art     : Starting a blocking GC Explicit
08-05 13:39:19.623  2324  3122 D DBWriter: updateFeedDownloadURL(original: http://sixgun.org/files/linuxoutlaws.jpg, updated: https://fab.industries/sixgun/files/linuxoutlaws.jpg)
08-05 13:39:19.639  2324  2337 I art     : Explicit concurrent mark sweep GC freed 220(12KB) AllocSpace objects, 0(0B) LOS objects, 23% free, 51MB/67MB, paused 1.110ms total 30.844ms
08-05 13:39:19.648  2324  2337 I art     : Starting a blocking GC Explicit
08-05 13:39:19.679  2324  2337 I art     : Explicit concurrent mark sweep GC freed 19(784B) AllocSpace objects, 0(0B) LOS objects, 23% free, 51MB/67MB, paused 1.084ms total 30.342ms
08-05 13:39:19.688  2324  2337 I art     : Starting a blocking GC Explicit
08-05 13:39:19.719  2324  2337 I art     : Explicit concurrent mark sweep GC freed 3(96B) AllocSpace objects, 0(0B) LOS objects, 23% free, 51MB/67MB, paused 1.269ms total 30.821ms
08-05 13:39:19.776  2324  3122 D MYTAG   : interceptor 2a
08-05 13:39:19.776  2324  3122 I NAPPA_EXPERIMENTATION: MetricNetworkRequestExecutionTime: REQUEST_DURATION_SYSTEM='284',REQUEST_DURATION_OKHTTP='150',REQUEST_SYNCHRONOUS='TRUE',RESPONSE_CODE='404',RESPONSE_METHOD='GET',RESPONSE_LENGTH_OKHTTP='-1',RESPONSE_LENGTH_HEADER='1503',REQUEST_PROTOCOL='h2',REQUEST_URL='https://fab.industries/sixgun/files/linuxoutlaws.jpg',
08-05 13:39:19.777  2324  2324 W Glide   : Load failed for http://sixgun.org/files/linuxoutlaws.jpg with size [224x224]
08-05 13:39:19.777  2324  2324 W Glide   : class com.bumptech.glide.load.engine.GlideException: Failed to load resource
08-05 13:39:19.777  2324  2324 W Glide   : There was 1 cause:
08-05 13:39:19.777  2324  2324 W Glide   : com.bumptech.glide.load.HttpException()
08-05 13:39:19.777  2324  2324 W Glide   :  call GlideException#logRootCauses(String) for more detail
08-05 13:39:19.777  2324  2324 W Glide   :   Cause (1 of 1): class com.bumptech.glide.load.engine.GlideException: Fetching data failed, class java.io.InputStream, REMOTE
08-05 13:39:19.777  2324  2324 W Glide   : There was 1 cause:
08-05 13:39:19.777  2324  2324 W Glide   : com.bumptech.glide.load.HttpException()
08-05 13:39:19.777  2324  2324 W Glide   :  call GlideException#logRootCauses(String) for more detail
08-05 13:39:19.777  2324  2324 W Glide   :     Cause (1 of 1): class com.bumptech.glide.load.HttpException: 
08-05 13:39:19.778  2324  2324 I Glide   : Root cause (1 of 1)
08-05 13:39:19.778  2324  2324 I Glide   : com.bumptech.glide.load.HttpException: 
08-05 13:39:19.778  2324  2324 I Glide   : 	at com.bumptech.glide.integration.okhttp3.OkHttpStreamFetcher.onResponse(OkHttpStreamFetcher.java:73)
08-05 13:39:19.778  2324  2324 I Glide   : 	at okhttp3.RealCall$AsyncCall.execute(RealCall.java:174)
08-05 13:39:19.778  2324  2324 I Glide   : 	at okhttp3.internal.NamedRunnable.run(NamedRunnable.java:32)
08-05 13:39:19.778  2324  2324 I Glide   : 	at java.util.concurrent.ThreadPoolExecutor.runWorker(ThreadPoolExecutor.java:1113)
08-05 13:39:19.778  2324  2324 I Glide   : 	at java.util.concurrent.ThreadPoolExecutor$Worker.run(ThreadPoolExecutor.java:588)
08-05 13:39:19.778  2324  2324 I Glide   : 	at java.lang.Thread.run(Thread.java:818)
08-05 13:39:19.778  2324  2324 W Glide   : Load failed for http://sixgun.org/files/linuxoutlaws.jpg with size [224x224]
08-05 13:39:19.778  2324  2324 W Glide   : class com.bumptech.glide.load.engine.GlideException: Failed to load resource
08-05 13:39:19.778  2324  2324 W Glide   : There was 1 cause:
08-05 13:39:19.778  2324  2324 W Glide   : com.bumptech.glide.load.HttpException()
08-05 13:39:19.778  2324  2324 W Glide   :  call GlideException#logRootCauses(String) for more detail
08-05 13:39:19.778  2324  2324 W Glide   :   Cause (1 of 1): class com.bumptech.glide.load.engine.GlideException: Fetching data failed, class java.io.InputStream, REMOTE
08-05 13:39:19.778  2324  2324 W Glide   : There was 1 cause:
08-05 13:39:19.778  2324  2324 W Glide   : com.bumptech.glide.load.HttpException()
08-05 13:39:19.778  2324  2324 W Glide   :  call GlideException#logRootCauses(String) for more detail
08-05 13:39:19.778  2324  2324 W Glide   :     Cause (1 of 1): class com.bumptech.glide.load.HttpException: 
08-05 13:39:19.778  2324  2324 I Glide   : Root cause (1 of 1)
08-05 13:39:19.778  2324  2324 I Glide   : com.bumptech.glide.load.HttpException: 
08-05 13:39:19.778  2324  2324 I Glide   : 	at com.bumptech.glide.integration.okhttp3.OkHttpStreamFetcher.onResponse(OkHttpStreamFetcher.java:73)
08-05 13:39:19.778  2324  2324 I Glide   : 	at okhttp3.RealCall$AsyncCall.execute(RealCall.java:174)
08-05 13:39:19.778  2324  2324 I Glide   : 	at okhttp3.internal.NamedRunnable.run(NamedRunnable.java:32)
08-05 13:39:19.778  2324  2324 I Glide   : 	at java.util.concurrent.ThreadPoolExecutor.runWorker(ThreadPoolExecutor.java:1113)
08-05 13:39:19.778  2324  2324 I Glide   : 	at java.util.concurrent.ThreadPoolExecutor$Worker.run(ThreadPoolExecutor.java:588)
08-05 13:39:19.778  2324  2324 I Glide   : 	at java.lang.Thread.run(Thread.java:818)
08-05 13:39:19.837   380   380 W SurfaceFlinger: couldn't log to binary event log: overflow.
08-05 13:39:20.014  2324  2904 I art     : Starting a blocking GC Explicit
08-05 13:39:20.051  2324  2904 I art     : Explicit concurrent mark sweep GC freed 2548(183KB) AllocSpace objects, 1(20KB) LOS objects, 23% free, 51MB/67MB, paused 1.285ms total 36.901ms
08-05 13:39:20.062  2324  2904 I art     : Starting a blocking GC Explicit
08-05 13:39:20.097  2324  2904 I art     : Explicit concurrent mark sweep GC freed 2896(237KB) AllocSpace objects, 1(28KB) LOS objects, 23% free, 50MB/66MB, paused 1.162ms total 35.092ms
08-05 13:39:20.107  2324  2904 I art     : Starting a blocking GC Explicit
08-05 13:39:20.123 32409 32409 I ServiceManager: Waiting for service AtCmdFwd...
08-05 13:39:20.142  2324  2904 I art     : Explicit concurrent mark sweep GC freed 3(96B) AllocSpace objects, 0(0B) LOS objects, 23% free, 50MB/66MB, paused 1.231ms total 35.146ms
08-05 13:39:20.153  2324  2904 I art     : Starting a blocking GC Explicit
08-05 13:39:20.188  2324  2904 I art     : Explicit concurrent mark sweep GC freed 3(96B) AllocSpace objects, 0(0B) LOS objects, 23% free, 50MB/66MB, paused 1.237ms total 35.297ms
08-05 13:39:20.199  2324  2904 I art     : Starting a blocking GC Explicit
08-05 13:39:20.235  2324  2904 I art     : Explicit concurrent mark sweep GC freed 3(96B) AllocSpace objects, 0(0B) LOS objects, 23% free, 50MB/66MB, paused 1.226ms total 36.022ms
08-05 13:39:20.562  2324  2404 I art     : Starting a blocking GC Explicit
08-05 13:39:20.607  2324  2404 I art     : Explicit concurrent mark sweep GC freed 1412(82KB) AllocSpace objects, 1(20KB) LOS objects, 23% free, 50MB/66MB, paused 1.236ms total 44.607ms
08-05 13:39:20.618  2324  2404 I art     : Starting a blocking GC Explicit
08-05 13:39:20.653  2324  2404 I art     : Explicit concurrent mark sweep GC freed 23(752B) AllocSpace objects, 0(0B) LOS objects, 23% free, 50MB/66MB, paused 1.212ms total 35.277ms
08-05 13:39:20.663  2324  2404 I art     : Starting a blocking GC Explicit
08-05 13:39:20.699  2324  2404 I art     : Explicit concurrent mark sweep GC freed 3(96B) AllocSpace objects, 0(0B) LOS objects, 23% free, 50MB/66MB, paused 1.239ms total 35.718ms
08-05 13:39:20.710  2324  2404 I art     : Starting a blocking GC Explicit
08-05 13:39:20.744  2324  2404 I art     : Explicit concurrent mark sweep GC freed 3(96B) AllocSpace objects, 0(0B) LOS objects, 23% free, 50MB/66MB, paused 1.130ms total 33.436ms
08-05 13:39:20.754  2324  2404 I art     : Starting a blocking GC Explicit
08-05 13:39:20.787  2324  2404 I art     : Explicit concurrent mark sweep GC freed 3(96B) AllocSpace objects, 0(0B) LOS objects, 23% free, 50MB/66MB, paused 1.264ms total 33.519ms
08-05 13:39:21.114  2324  2336 I art     : Starting a blocking GC Explicit
08-05 13:39:21.124 32409 32409 I ServiceManager: Waiting for service AtCmdFwd...
08-05 13:39:21.140  6383  6383 D AndroidRuntime: >>>>>> START com.android.internal.os.RuntimeInit uid 2000 <<<<<<
08-05 13:39:21.145  6383  6383 D AndroidRuntime: CheckJNI is OFF
08-05 13:39:21.159  2324  2336 I art     : Explicit concurrent mark sweep GC freed 1397(81KB) AllocSpace objects, 1(20KB) LOS objects, 23% free, 50MB/66MB, paused 1.396ms total 45.020ms
08-05 13:39:21.170  2324  2336 I art     : Starting a blocking GC Explicit
08-05 13:39:21.181  6383  6383 D ICU     : No timezone override file found: /data/misc/zoneinfo/current/icu/icu_tzdata.dat
08-05 13:39:21.201  2324  2336 I art     : Explicit concurrent mark sweep GC freed 31(1008B) AllocSpace objects, 0(0B) LOS objects, 23% free, 50MB/66MB, paused 1.222ms total 31.383ms
08-05 13:39:21.211  2324  2336 I art     : Starting a blocking GC Explicit
08-05 13:39:21.213  6383  6383 I Radio-JNI: register_android_hardware_Radio DONE
08-05 13:39:21.235  6383  6383 D AndroidRuntime: Calling main entry com.android.commands.input.Input
08-05 13:39:21.237  6383  6383 I Input   : injectKeyEvent: KeyEvent { action=ACTION_DOWN, keyCode=KEYCODE_BACK, scanCode=0, metaState=0, flags=0x0, repeatCount=0, eventTime=797977650, downTime=797977650, deviceId=-1, source=0x101 }
08-05 13:39:21.242  2324  2336 I art     : Explicit concurrent mark sweep GC freed 13(416B) AllocSpace objects, 0(0B) LOS objects, 23% free, 50MB/66MB, paused 1.295ms total 31.136ms
08-05 13:39:21.243  6383  6383 I Input   : injectKeyEvent: KeyEvent { action=ACTION_UP, keyCode=KEYCODE_BACK, scanCode=0, metaState=0, flags=0x0, repeatCount=0, eventTime=797977650, downTime=797977650, deviceId=-1, source=0x101 }
08-05 13:39:21.252  2324  2336 I art     : Starting a blocking GC Explicit
08-05 13:39:21.262  6383  6383 D AndroidRuntime: Shutting down VM
08-05 13:39:21.285  2324  2336 I art     : Explicit concurrent mark sweep GC freed 2113(87KB) AllocSpace objects, 0(0B) LOS objects, 23% free, 50MB/66MB, paused 1.185ms total 32.584ms
08-05 13:39:21.294  2324  2336 I art     : Starting a blocking GC Explicit
08-05 13:39:21.326  2324  2336 I art     : Explicit concurrent mark sweep GC freed 255(17KB) AllocSpace objects, 0(0B) LOS objects, 23% free, 50MB/66MB, paused 1.157ms total 31.749ms
08-05 13:39:21.612  2324  2404 I art     : Starting a blocking GC Explicit
08-05 13:39:21.648  2324  2404 I art     : Explicit concurrent mark sweep GC freed 6542(461KB) AllocSpace objects, 10(1640KB) LOS objects, 24% free, 48MB/64MB, paused 1.225ms total 36.236ms
08-05 13:39:21.658  2324  2404 I art     : Starting a blocking GC Explicit
08-05 13:39:21.692  2324  2404 I art     : Explicit concurrent mark sweep GC freed 23(752B) AllocSpace objects, 0(0B) LOS objects, 24% free, 48MB/64MB, paused 1.216ms total 33.736ms
08-05 13:39:21.702  2324  2404 I art     : Starting a blocking GC Explicit
08-05 13:39:21.736  2324  2404 I art     : Explicit concurrent mark sweep GC freed 3(96B) AllocSpace objects, 0(0B) LOS objects, 24% free, 48MB/64MB, paused 1.228ms total 33.466ms
08-05 13:39:21.746  2324  2404 I art     : Starting a blocking GC Explicit
08-05 13:39:21.780  2324  2404 I art     : Explicit concurrent mark sweep GC freed 3(96B) AllocSpace objects, 0(0B) LOS objects, 24% free, 48MB/64MB, paused 1.223ms total 33.500ms
08-05 13:39:21.790  2324  2404 I art     : Starting a blocking GC Explicit
08-05 13:39:21.824  2324  2404 I art     : Explicit concurrent mark sweep GC freed 3(96B) AllocSpace objects, 0(0B) LOS objects, 24% free, 48MB/64MB, paused 1.252ms total 33.607ms
08-05 13:39:22.124 32409 32409 W Atfwd_Sendcmd: AtCmdFwd service not published, waiting... retryCnt : 4
08-05 13:39:22.166  2324  2904 I art     : Starting a blocking GC Explicit
08-05 13:39:22.208  2324  2904 I art     : Explicit concurrent mark sweep GC freed 1381(82KB) AllocSpace objects, 1(20KB) LOS objects, 24% free, 48MB/64MB, paused 1.222ms total 41.710ms
08-05 13:39:22.221  2324  2904 I art     : Starting a blocking GC Explicit
08-05 13:39:22.255  2324  2904 I art     : Explicit concurrent mark sweep GC freed 23(752B) AllocSpace objects, 0(0B) LOS objects, 24% free, 48MB/64MB, paused 1.306ms total 34.380ms
08-05 13:39:22.265  2324  2904 I art     : Starting a blocking GC Explicit
08-05 13:39:22.299  2324  2904 I art     : Explicit concurrent mark sweep GC freed 3(96B) AllocSpace objects, 0(0B) LOS objects, 24% free, 48MB/64MB, paused 1.219ms total 33.608ms
08-05 13:39:22.310  2324  2904 I art     : Starting a blocking GC Explicit
08-05 13:39:22.343  2324  2904 I art     : Explicit concurrent mark sweep GC freed 3(96B) AllocSpace objects, 0(0B) LOS objects, 24% free, 48MB/64MB, paused 1.199ms total 33.630ms
08-05 13:39:22.354  2324  2904 I art     : Starting a blocking GC Explicit
08-05 13:39:22.388  2324  2904 I art     : Explicit concurrent mark sweep GC freed 3(96B) AllocSpace objects, 0(0B) LOS objects, 24% free, 48MB/64MB, paused 1.353ms total 34.349ms
08-05 13:39:22.691  2324  2337 I art     : Starting a blocking GC Explicit
08-05 13:39:22.725  2324  2337 I art     : Explicit concurrent mark sweep GC freed 1411(83KB) AllocSpace objects, 1(20KB) LOS objects, 24% free, 48MB/64MB, paused 1.377ms total 33.893ms
08-05 13:39:22.736  2324  2337 I art     : Starting a blocking GC Explicit
08-05 13:39:22.769  2324  2337 I art     : Explicit concurrent mark sweep GC freed 23(752B) AllocSpace objects, 0(0B) LOS objects, 24% free, 48MB/64MB, paused 1.271ms total 32.957ms
08-05 13:39:22.779  2324  2337 I art     : Starting a blocking GC Explicit
08-05 13:39:22.811  2324  2337 I art     : Explicit concurrent mark sweep GC freed 3(96B) AllocSpace objects, 0(0B) LOS objects, 24% free, 48MB/64MB, paused 1.258ms total 31.939ms
08-05 13:39:22.821  2324  2337 I art     : Starting a blocking GC Explicit
08-05 13:39:22.853  2324  2337 I art     : Explicit concurrent mark sweep GC freed 3(96B) AllocSpace objects, 0(0B) LOS objects, 24% free, 48MB/64MB, paused 1.195ms total 31.973ms
08-05 13:39:22.863  2324  2337 I art     : Starting a blocking GC Explicit
08-05 13:39:22.897  2324  2337 I art     : Explicit concurrent mark sweep GC freed 6(192B) AllocSpace objects, 0(0B) LOS objects, 24% free, 48MB/64MB, paused 1.306ms total 33.320ms
08-05 13:39:22.984  6436  6436 D AndroidRuntime: >>>>>> START com.android.internal.os.RuntimeInit uid 2000 <<<<<<
08-05 13:39:22.989  6436  6436 D AndroidRuntime: CheckJNI is OFF
08-05 13:39:23.022  6436  6436 D ICU     : No timezone override file found: /data/misc/zoneinfo/current/icu/icu_tzdata.dat
08-05 13:39:23.059  6436  6436 I Radio-JNI: register_android_hardware_Radio DONE
08-05 13:39:23.080  6436  6436 D AndroidRuntime: Calling main entry com.android.commands.am.Am
08-05 13:39:23.085 16924 16924 I Trepn   : Trepn 6.2s: Received intent: com.quicinc.trepn.stop_profiling
08-05 13:39:23.131 16924 16924 I Trepn   : Trepn 6.2s: Trepn has Stopped Profiling.
08-05 13:39:23.195  2324  2404 I art     : Starting a blocking GC Explicit
08-05 13:39:23.229  2324  2404 I art     : Explicit concurrent mark sweep GC freed 1410(82KB) AllocSpace objects, 1(20KB) LOS objects, 24% free, 48MB/64MB, paused 1.232ms total 34.156ms
08-05 13:39:23.239  2324  2404 I art     : Starting a blocking GC Explicit
08-05 13:39:23.272  2324  2404 I art     : Explicit concurrent mark sweep GC freed 23(752B) AllocSpace objects, 0(0B) LOS objects, 24% free, 48MB/64MB, paused 1.120ms total 32.245ms
08-05 13:39:23.282  2324  2404 I art     : Starting a blocking GC Explicit
08-05 13:39:23.305  6436  6436 D AndroidRuntime: Shutting down VM
08-05 13:39:23.309   918   929 W AppOps  : Finishing op nesting under-run: uid 10078 pkg com.quicinc.trepn code 24 time=0 duration=0 nesting=0
08-05 13:39:23.314  2324  2404 I art     : Explicit concurrent mark sweep GC freed 3(96B) AllocSpace objects, 0(0B) LOS objects, 24% free, 48MB/64MB, paused 1.169ms total 31.716ms
08-05 13:39:23.325  2324  2404 I art     : Starting a blocking GC Explicit
08-05 13:39:23.352  2324  2404 I art     : Explicit concurrent mark sweep GC freed 3(96B) AllocSpace objects, 0(0B) LOS objects, 24% free, 48MB/64MB, paused 1.020ms total 26.539ms
08-05 13:39:23.360  2324  2404 I art     : Starting a blocking GC Explicit
08-05 13:39:23.388  2324  2404 I art     : Explicit concurrent mark sweep GC freed 3(96B) AllocSpace objects, 0(0B) LOS objects, 24% free, 48MB/64MB, paused 1.116ms total 27.776ms
08-05 13:39:23.738  2324  2337 I art     : Starting a blocking GC Explicit
08-05 13:39:23.773  2324  2337 I art     : Explicit concurrent mark sweep GC freed 1409(81KB) AllocSpace objects, 1(20KB) LOS objects, 24% free, 48MB/64MB, paused 1.341ms total 33.983ms
08-05 13:39:23.784  2324  2337 I art     : Starting a blocking GC Explicit
08-05 13:39:23.816  2324  2337 I art     : Explicit concurrent mark sweep GC freed 23(752B) AllocSpace objects, 0(0B) LOS objects, 24% free, 48MB/64MB, paused 1.206ms total 31.776ms
08-05 13:39:23.825  2324  2337 I art     : Starting a blocking GC Explicit
08-05 13:39:23.858  2324  2337 I art     : Explicit concurrent mark sweep GC freed 3(96B) AllocSpace objects, 0(0B) LOS objects, 24% free, 48MB/64MB, paused 1.284ms total 32.095ms
08-05 13:39:23.868  2324  2337 I art     : Starting a blocking GC Explicit
08-05 13:39:23.900  2324  2337 I art     : Explicit concurrent mark sweep GC freed 3(96B) AllocSpace objects, 0(0B) LOS objects, 24% free, 48MB/64MB, paused 1.209ms total 32.193ms
08-05 13:39:23.910  2324  2337 I art     : Starting a blocking GC Explicit
08-05 13:39:23.942  2324  2337 I art     : Explicit concurrent mark sweep GC freed 3(96B) AllocSpace objects, 0(0B) LOS objects, 24% free, 48MB/64MB, paused 1.126ms total 31.405ms
