--------- beginning of main
08-05 19:27:54.184  3784  3784 D CarrierServiceBindHelper: Receive action: android.intent.action.PACKAGE_REMOVED
08-05 19:27:54.200   918  6112 I AccountManagerService: getTypesVisibleToCaller: isPermitted? true
08-05 19:27:54.218   918  4400 I AccountManagerService: getTypesVisibleToCaller: isPermitted? true
08-05 19:27:54.222 15866 15866 I Finsky  : [1] uah.a(18): PackageMonitorReceiverImpl - Received: android.intent.action.PACKAGE_REMOVED, [CFjXe5fo2ooiLur0Ju3smv2h5qnGgIsGl5_C_SkJu8g]
08-05 19:27:54.223 15866 15866 I Finsky  : [1] ubi.d(9): Invalidating cached PackageState for baseline.de.danoeh.antennapod.debug
08-05 19:27:54.223 24365  7279 I Fitness : FitCleanupIntentOperation received Intent android.intent.action.PACKAGE_REMOVED [CONTEXT service_id=17 ]
08-05 19:27:54.228 15866 15866 I Finsky  : [1] lzi.c(2): Frosting ID looked up on UI thread. Caller should move to a background thread.
08-05 19:27:54.231 15866 15866 I Finsky  : [1] nqb.c(3): Installer: package baseline.de.danoeh.antennapod.debug was removed. replacing: true
08-05 19:27:54.232  3784  3784 D CarrierServiceBindHelper: Receive action: android.intent.action.PACKAGE_ADDED
08-05 19:27:54.232 15866 15866 I Finsky  : [1] nra.a(188): Installer: Notifying status update. package=baseline.de.danoeh.antennapod.debug, status=UNINSTALLED
08-05 19:27:54.232  3784  3784 D CarrierServiceBindHelper: Receive action: android.intent.action.PACKAGE_REPLACED
08-05 19:27:54.233  3784  3784 D CarrierServiceBindHelper: mHandler: 3
08-05 19:27:54.233  3784  3784 D CarrierServiceBindHelper: mHandler: 3
08-05 19:27:54.233  3784  3784 D CarrierServiceBindHelper: mHandler: 3
08-05 19:27:54.233  3784  3784 D CarrierConfigLoader: mHandler: 9 phoneId: 0
08-05 19:27:54.282 15866 15866 I Finsky  : [1] lzi.c(2): Frosting ID looked up on UI thread. Caller should move to a background thread.
08-05 19:27:54.289 15866  7292 I Finsky  : [6178] ejf.a(-1): Cancelled 0 ongoing asset module downloads for package baseline.de.danoeh.antennapod.debug due to a concurrent app update.
08-05 19:27:54.302 15866 15866 I Finsky  : [1] nra.a(220): Installer: found apps to install. isMultiUserMode=false, apps=[]
08-05 19:27:54.366 15866 15881 W art     : Suspending all threads took: 50.363ms
08-05 19:27:54.378 15866 16054 I Finsky  : [6134] odj.b(52): IQ: Notifying installation update. package=baseline.de.danoeh.antennapod.debug, status=UNINSTALLED
08-05 19:27:54.387 15866  7284 I Finsky  : [6176] lyv.run(-1): Wrote row to frosting DB: 2932
08-05 19:27:54.413 24577  7277 I Auth    : [SupervisedAccountIntentOperation] onHandleIntent(): android.intent.action.PACKAGE_ADDED
08-05 19:27:54.415 24577  7289 I ChromeSync: [Sync,SyncIntentOperation] Handling the intent: Intent { act=android.intent.action.PACKAGE_ADDED dat=package:baseline.de.danoeh.antennapod.debug flg=0x4000010 cmp=com.google.android.gms/.chimera.GmsIntentOperationService (has extras) }.
--------- beginning of system
08-05 19:27:54.425   918  4400 W ActivityManager: Unable to start service Intent { act=com.google.android.gms.auth.key.retrieval.service.START pkg=com.google.android.gms } U=0: not found
08-05 19:27:54.431 15866 15866 I Finsky  : [1] uah.a(18): PackageMonitorReceiverImpl - Received: android.intent.action.PACKAGE_ADDED, [CFjXe5fo2ooiLur0Ju3smv2h5qnGgIsGl5_C_SkJu8g]
08-05 19:27:54.431 15866 15866 I Finsky  : [1] ubi.d(9): Invalidating cached PackageState for baseline.de.danoeh.antennapod.debug
08-05 19:27:54.467 15866 15866 I Finsky  : [1] lzi.c(2): Frosting ID looked up on UI thread. Caller should move to a background thread.
08-05 19:27:54.495   918  3670 W ActivityManager: Unbind failed: could not find connection for android.os.BinderProxy@7c1123e
08-05 19:27:54.498 15866 15866 I Finsky  : [1] agsx.a(4): Do not start WearSupportService due to Wear service optimization
08-05 19:27:54.520 24577 24621 E GmsClient: unable to connect to service: com.google.android.gms.auth.key.retrieval.service.START on com.google.android.gms
08-05 19:27:54.558 15866  7292 I Finsky  : [6178] ejc.a(-1): Asset module broadcast after update successful for package baseline.de.danoeh.antennapod.debug. 0 sessions broadcast.
08-05 19:27:54.562 15866  7285 I Finsky  : [6177] gzn.a(-1): [ContentSync] finished, scheduled=false
08-05 19:27:54.567   918  3359 I AccountManagerService: getTypesVisibleToCaller: isPermitted? true
08-05 19:27:54.570 15866 15866 I Finsky  : [1] lzi.c(2): Frosting ID looked up on UI thread. Caller should move to a background thread.
08-05 19:27:54.590 24577  7289 I ChromeSync: [Persistence,AffiliationManager] One of affiliation or grouping data for android://bz0hZa4nAJEtd0n5sRlXG7KAqctUMWVefv7Ki4mh1p6slZ9YO-n9gS9j8m9YCrsIyI2wIxrDHraumF9Y6pBLTA==@baseline.de.danoeh.antennapod.debug/ was not found. Marking affiliation data as stale...
08-05 19:27:54.627 15866  7284 I Finsky  : [6176] lyv.run(-1): Wrote row to frosting DB: 2933
08-05 19:27:54.632 15866 16054 I Finsky  : [6134] odj.b(40): IQ: No matching installs to run for jobs: []
08-05 19:27:54.682   918   928 I AccountManagerService: getTypesVisibleToCaller: isPermitted? true
08-05 19:27:54.744 15866 15866 I Finsky  : [1] xmu.a(8): SCH: Jobs in database: 1-1337 3-219 3-220 12-1 24-77777777 26-1414141414 
08-05 19:27:54.747 15866  7285 I Finsky  : [6177] gzn.a(-1): [ContentSync] finished, scheduled=true
08-05 19:27:54.747 15866 15866 I Finsky  : [1] xio.a(57): SCH: ConstraintMapping: 24-77777777,  -> L: 0ms, D: 6125774ms, C: false, I: true, N: 0
08-05 19:27:54.748 15866 15866 I Finsky  : [1] xio.a(57): SCH: ConstraintMapping: 1-1337, 12-1,  -> L: 14498ms, D: 9478167ms, C: false, I: false, N: 1
08-05 19:27:54.748 15866 15866 I Finsky  : [1] xio.a(57): SCH: ConstraintMapping: 3-219,  -> L: 0ms, D: 84688777ms, C: false, I: true, N: 2
08-05 19:27:54.749 15866 15866 I Finsky  : [1] xio.a(57): SCH: ConstraintMapping: 3-220,  -> L: 0ms, D: 84688819ms, C: true, I: true, N: 2
08-05 19:27:54.749 15866 15866 I Finsky  : [1] xio.a(57): SCH: ConstraintMapping: 26-1414141414,  -> L: 14125632ms, D: 15025632ms, C: false, I: false, N: 0
08-05 19:27:54.762 15866 15866 I Finsky  : [1] xle.a(34): Cancelling existing jobscheduler jobs: 9008 9013 9010 9009 9004 9001 9007 9005 9002 9015 
08-05 19:27:54.763 15866 15866 I Finsky  : [1] xle.a(27): Scheduling job Id: 9000, L: 0, D: 6125774, C: false, I: true, N: 0
08-05 19:27:54.766 15866 15866 I Finsky  : [1] xle.a(27): Scheduling job Id: 9003, L: 14498, D: 9478167, C: false, I: false, N: 1
08-05 19:27:54.768 15866 15866 I Finsky  : [1] xle.a(27): Scheduling job Id: 9006, L: 0, D: 84688777, C: false, I: true, N: 2
08-05 19:27:54.770 15866 15866 I Finsky  : [1] xle.a(27): Scheduling job Id: 9011, L: 0, D: 84688819, C: true, I: true, N: 2
08-05 19:27:54.774 15866 15866 I Finsky  : [1] xle.a(27): Scheduling job Id: 9012, L: 14125632, D: 15025632, C: false, I: false, N: 0
08-05 19:27:54.778  7309  7309 D AndroidRuntime: >>>>>> START com.android.internal.os.RuntimeInit uid 2000 <<<<<<
08-05 19:27:54.782  7309  7309 D AndroidRuntime: CheckJNI is OFF
08-05 19:27:54.785  7260  7260 I ServiceManager: Waiting for service AtCmdFwd...
08-05 19:27:54.787 15866 15866 I Finsky  : [1] xle.a(27): Scheduling job Id: 9014, L: 0, D: 6125774, C: false, I: true, N: 0
08-05 19:27:54.791 15866 15866 I Finsky  : [1] xle.a(27): Scheduling job Id: 9016, L: 14498, D: 9478167, C: false, I: false, N: 1
08-05 19:27:54.793 15866 15866 I Finsky  : [1] xle.a(27): Scheduling job Id: 9017, L: 0, D: 84688777, C: false, I: true, N: 2
08-05 19:27:54.794 15866 15866 I Finsky  : [1] xle.a(27): Scheduling job Id: 9018, L: 0, D: 84688819, C: true, I: true, N: 2
08-05 19:27:54.796 15866 15866 I Finsky  : [1] xle.a(27): Scheduling job Id: 9019, L: 14125632, D: 15025632, C: false, I: false, N: 0
08-05 19:27:54.805  7309  7309 D ICU     : No timezone override file found: /data/misc/zoneinfo/current/icu/icu_tzdata.dat
08-05 19:27:54.808 15866  7284 I Finsky  : [6176] lyv.run(-1): Wrote row to frosting DB: 2934
08-05 19:27:54.831  7309  7309 I Radio-JNI: register_android_hardware_Radio DONE
08-05 19:27:54.846  7309  7309 D AndroidRuntime: Calling main entry com.android.commands.monkey.Monkey
08-05 19:27:54.862   918   931 W BroadcastQueue: Skipping deliver [background] BroadcastRecord{b0fadab u-1 android.net.conn.CONNECTIVITY_CHANGE} to ReceiverList{7f92fa1 7309 (unknown name)/2000/u-1 remote:96e9a1c}: process crashing
08-05 19:27:54.872   918  6110 I ActivityManager: START u0 {act=android.intent.action.MAIN cat=[android.intent.category.LAUNCHER] flg=0x10200000 cmp=baseline.de.danoeh.antennapod.debug/baseline.de.danoeh.antennapod.activity.SplashActivity} from uid 2000 on display 0
08-05 19:27:54.883 15866  7284 I Finsky  : [6176] lyv.run(-1): Wrote row to frosting DB: 2935
08-05 19:27:54.892  7325  7325 I art     : Late-enabling -Xcheck:jni
08-05 19:27:54.894   918  4413 I ActivityManager: Start proc 7325:baseline.de.danoeh.antennapod.debug/u0a695 for activity baseline.de.danoeh.antennapod.debug/baseline.de.danoeh.antennapod.activity.SplashActivity
08-05 19:27:54.926  7309  7309 I art     : System.exit called, status: 0
08-05 19:27:54.926  7309  7309 I AndroidRuntime: VM exiting with result code 0.
08-05 19:27:54.929   918  3696 I AccountManagerService: getTypesVisibleToCaller: isPermitted? true
08-05 19:27:54.937  7325  7325 W System  : ClassLoader referenced unknown path: /data/app/baseline.de.danoeh.antennapod.debug-2/lib/arm64
08-05 19:27:54.937 24577 13294 I Icing   : IndexChimeraService.getServiceInterface callingPackage=com.google.android.gms componentName=AppsCorpus serviceId=36
08-05 19:27:54.952  7325  7325 D UserPreferences: Creating new instance of UserPreferences
08-05 19:27:54.954  7325  7325 D UserPreferences: Using default data folder
08-05 19:27:54.961  7325  7325 D UserPreferences: Import directory already exists
08-05 19:27:54.964  7325  7325 D UpdateManager: old: -1, current: 1070296
08-05 19:27:54.968  7325  7325 D SleepTimerPreferences: Creating new instance of SleepTimerPreferences
08-05 19:27:54.977 24577 31546 W Icing   : No valid account for uploading user actions
08-05 19:27:54.981 16458  5471 I PBSessionCacheImpl: Deleted sessionId[72384646105454640] from persistence.
08-05 19:27:54.981  7325  7325 D SPAUtil : Sending SP_APPS_QUERY_FEEDS intent
08-05 19:27:54.988 16458 16488 W SearchServiceCore: Abort, client detached.
08-05 19:27:54.989 16458 16488 I MicroDetectionState: Should stop hotword detection immediately - true
08-05 19:27:55.002 24577 13316 I Icing   : IndexChimeraService.getServiceInterface callingPackage=com.google.android.gms componentName=null serviceId=30
08-05 19:27:55.007  7325  7325 W art     : Before Android 4.1, method android.graphics.PorterDuffColorFilter androidx.vectordrawable.graphics.drawable.VectorDrawableCompat.updateTintFilter(android.graphics.PorterDuffColorFilter, android.content.res.ColorStateList, android.graphics.PorterDuff$Mode) would have incorrectly overridden the package-private method in android.graphics.drawable.Drawable
08-05 19:27:55.038  7325  7325 I art     : Rejecting re-init on previously-failed class java.lang.Class<androidx.core.view.ViewCompat$2>
08-05 19:27:55.039  7325  7325 I art     : Rejecting re-init on previously-failed class java.lang.Class<androidx.core.view.ViewCompat$2>
08-05 19:27:55.061  7325  7346 D OpenGLRenderer: Use EGL_SWAP_BEHAVIOR_PRESERVED: true
08-05 19:27:55.070 24577 31546 I Icing   : Usage reports ok 2, Failed Usage reports 0, indexed 0, rejected 0
08-05 19:27:55.074 24577 31546 W Icing   : No valid account for uploading user actions
08-05 19:27:55.091 24577 31546 I Icing   : Usage reports ok 0, Failed Usage reports 0, indexed 0, rejected 0
08-05 19:27:55.092 24577 31546 I Icing   : Indexing com.google.android.gms-internal.3p:MobileApplication from com.google.android.gms using seqno 763
08-05 19:27:55.095 24577 31546 I Icing   : Indexing com.google.android.gms-internal.3p:MobileApplication from com.google.android.gms using seqno 763
08-05 19:27:55.106  7325  7346 I Adreno  : QUALCOMM build                   : fcf4852, I1af360237c
08-05 19:27:55.106  7325  7346 I Adreno  : Build Date                       : 09/23/15
08-05 19:27:55.106  7325  7346 I Adreno  : OpenGL ES Shader Compiler Version: XE031.05.13.02
08-05 19:27:55.106  7325  7346 I Adreno  : Local Branch                     : mybranch14465806
08-05 19:27:55.106  7325  7346 I Adreno  : Remote Branch                    : quic/LA.BF64.1.2.9_v2
08-05 19:27:55.106  7325  7346 I Adreno  : Remote Branch                    : NONE
08-05 19:27:55.106  7325  7346 I Adreno  : Reconstruct Branch               : NOTHING
08-05 19:27:55.112  7325  7346 I OpenGLRenderer: Initialized EGL, version 1.4
08-05 19:27:55.139   918  3961 I ActivityManager: START u0 {cmp=baseline.de.danoeh.antennapod.debug/baseline.de.danoeh.antennapod.activity.MainActivity} from uid 10695 on display 0
08-05 19:27:55.145 24577 13316 I Icing   : IndexChimeraService.getServiceInterface callingPackage=com.google.android.gms componentName=null serviceId=36
08-05 19:27:55.147 13866 13866 I GoogleInputMethodServic: GoogleInputMethodService.onFinishInput():3138 
08-05 19:27:55.148 13866 13866 I GoogleInputMethodServic: GoogleInputMethodService.onStartInput():1808 
08-05 19:27:55.154 24577 31546 W Icing   : No valid account for uploading user actions
08-05 19:27:55.169 24577 31546 I Icing   : Usage reports ok 0, Failed Usage reports 0, indexed 0, rejected 0
08-05 19:27:55.265  7325  7325 D UserPreferences: Using default data folder
08-05 19:27:55.306  7325  7325 D MainActivity: getLastNavFragment() -> QueueFragment
08-05 19:27:55.307  7325  7325 D MainActivity: loadFragment(tag: QueueFragment, args: null)
08-05 19:27:55.309  7325  7325 D MainActivity: saveLastNavFragment(tag: QueueFragment)
08-05 19:27:55.310  7325  7325 D MainActivity: getLastNavFragment() -> QueueFragment
08-05 19:27:55.310  7325  7325 D UserPreferences: timeOfDay: []
08-05 19:27:55.312  7325  7325 D AutoUpdateManager: Restarting update alarm.
08-05 19:27:55.314  7325  7325 D AutoUpdateManager: Changed alarm to new interval 12 h
08-05 19:27:55.343  7325  7325 D UserPreferences: timeOfDay: []
08-05 19:27:55.343  7325  7325 D AutoUpdateManager: Restarting update alarm.
08-05 19:27:55.344  7325  7325 D AutoUpdateManager: Changed alarm to new interval 12 h
08-05 19:27:55.396  7325  7325 D ExternalPlayerFragment: Loading media info
08-05 19:27:55.398  7325  7325 D QueueFragment: loadItems()
08-05 19:27:55.402  7325  7345 D DBReader: getQueue() called
08-05 19:27:55.402  7325  7345 D DBReader: getQueue()
08-05 19:27:55.405  7325  7345 D DBReader: getFavoriteIDList() called
08-05 19:27:55.407  7325  7345 D DBReader: getQueueIDList() called
08-05 19:27:55.408  7325  7345 D DBReader: Extracting Feedlist
08-05 19:27:55.412  7325  7325 V PlaybackController: initServiceNotRunning()
08-05 19:27:55.414  7325  7325 D ExternalPlayerFragment: Loading media info
08-05 19:27:55.418  7325  7325 D UserPreferences: Using default data folder
08-05 19:27:55.429  7325  7325 D AutoUpdateManager: last refresh: 443513 hours 27 minutes ago
08-05 19:27:55.431  7325  7345 D DBReader: getNavDrawerData() called with: 
08-05 19:27:55.438  7325  7345 D DBReader: getDownloadedItems() called
08-05 19:27:55.441  7325  7345 D DBReader: getFavoriteIDList() called
08-05 19:27:55.442  7325  7345 D DBReader: getQueueIDList() called
08-05 19:27:55.443  7325  7345 D DBReader: Extracting Feedlist
08-05 19:27:55.447   380   380 W SurfaceFlinger: couldn't log to binary event log: overflow.
08-05 19:27:55.560  7325  7325 D MainActivity: getLastNavFragment() -> QueueFragment
08-05 19:27:55.560  7325  7325 D MainActivity: handleNavIntent()
08-05 19:27:55.662   918   936 I ActivityManager: Displayed baseline.de.danoeh.antennapod.debug/baseline.de.danoeh.antennapod.activity.MainActivity: +427ms (total +783ms)
08-05 19:27:55.662 13866 13866 I GoogleInputMethodServic: GoogleInputMethodService.onFinishInput():3138 
08-05 19:27:55.663 13866 13866 I GoogleInputMethodServic: GoogleInputMethodService.onStartInput():1808 
08-05 19:27:55.698 29532 29532 W PathParser: Points are too far apart 4.030360828967057
08-05 19:27:55.698 29532 29532 W PathParser: Points are too far apart 4.030360538880159
08-05 19:27:55.716 29532 29532 W PathParser: Points are too far apart 4.030360828967057
08-05 19:27:55.716 29532 29532 W PathParser: Points are too far apart 4.030360538880159
08-05 19:27:55.733 29532 29532 W PathParser: Points are too far apart 4.030360828967057
08-05 19:27:55.733 29532 29532 W PathParser: Points are too far apart 4.030360538880159
08-05 19:27:55.748 29532 29532 W PathParser: Points are too far apart 4.030360828967057
08-05 19:27:55.749 29532 29532 W PathParser: Points are too far apart 4.030360538880159
08-05 19:27:55.764 29532 29532 W PathParser: Points are too far apart 4.030360828967057
08-05 19:27:55.765 29532 29532 W PathParser: Points are too far apart 4.030360538880159
08-05 19:27:55.781 29532 29532 W PathParser: Points are too far apart 4.030360828967057
08-05 19:27:55.781 29532 29532 W PathParser: Points are too far apart 4.030360538880159
08-05 19:27:55.786   518   646 I ThermalEngine: ACTION: GPU - Setting GPU[0] to 510000000
08-05 19:27:55.790  7260  7260 I ServiceManager: Waiting for service AtCmdFwd...
08-05 19:27:55.798 29532 29532 W PathParser: Points are too far apart 4.030360828967057
08-05 19:27:55.798 29532 29532 W PathParser: Points are too far apart 4.030360538880159
08-05 19:27:55.815 29532 29532 W PathParser: Points are too far apart 4.030360828967057
08-05 19:27:55.815 29532 29532 W PathParser: Points are too far apart 4.030360538880159
08-05 19:27:56.077 24577 31546 I Icing   : Indexing com.google.android.gms-apps from com.google.android.gms
08-05 19:27:56.168 24577 31546 I Icing   : Indexing done com.google.android.gms-apps
08-05 19:27:56.452  7325  7371 D DBReader: Extracting Feedlist
08-05 19:27:56.455  7325  7371 D FlattrUtils: Retrieving access token
08-05 19:27:56.456  7325  7371 D FlattrUtils: No access token found
08-05 19:27:56.459  7325  7371 I art     : Rejecting re-init on previously-failed class java.lang.Class<androidx.core.app.JobIntentService$JobServiceEngineImpl>
08-05 19:27:56.459  7325  7371 I art     : Rejecting re-init on previously-failed class java.lang.Class<androidx.core.app.JobIntentService$JobServiceEngineImpl>
08-05 19:27:56.460  7325  7371 I art     : Rejecting re-init on previously-failed class java.lang.Class<androidx.core.app.SafeJobIntentService$SafeJobServiceEngineImpl>
08-05 19:27:56.460  7325  7371 I art     : Rejecting re-init on previously-failed class java.lang.Class<androidx.core.app.SafeJobIntentService$SafeJobServiceEngineImpl>
08-05 19:27:56.597  7368  7368 D AndroidRuntime: >>>>>> START com.android.internal.os.RuntimeInit uid 2000 <<<<<<
08-05 19:27:56.604  7368  7368 D AndroidRuntime: CheckJNI is OFF
08-05 19:27:56.647  7368  7368 D ICU     : No timezone override file found: /data/misc/zoneinfo/current/icu/icu_tzdata.dat
08-05 19:27:56.690  7368  7368 I Radio-JNI: register_android_hardware_Radio DONE
08-05 19:27:56.714  7368  7368 D AndroidRuntime: Calling main entry com.android.commands.am.Am
08-05 19:27:56.724  5615  5615 I Trepn   : Trepn 6.2s: Received intent: com.quicinc.trepn.start_profiling
08-05 19:27:56.790  7260  7260 I ServiceManager: Waiting for service AtCmdFwd...
08-05 19:27:56.863  5615  5615 W FileUtils: Failed to chmod(/storage/emulated/0/trepn/Trepn_2020.08.05_192756.db): android.system.ErrnoException: chmod failed: EPERM (Operation not permitted)
08-05 19:27:56.864 13866 13866 I GoogleInputMethodServic: GoogleInputMethodService.onFinishInput():3138 
08-05 19:27:56.866 13866 13866 I GoogleInputMethodServic: GoogleInputMethodService.onStartInput():1808 
08-05 19:27:57.005  5615  5615 I Trepn   : Trepn 6.2s: Trepn has Started Profiling.
08-05 19:27:57.008  7368  7368 D AndroidRuntime: Shutting down VM
08-05 19:27:57.476  7325  7337 I art     : Starting a blocking GC Explicit
08-05 19:27:57.504  7325  7337 I art     : Explicit concurrent mark sweep GC freed 4740(497KB) AllocSpace objects, 1(20KB) LOS objects, 40% free, 23MB/38MB, paused 220us total 28.263ms
08-05 19:27:57.517  7325  7337 I art     : Starting a blocking GC Explicit
08-05 19:27:57.533  7325  7337 I art     : Explicit concurrent mark sweep GC freed 2666(162KB) AllocSpace objects, 2(588KB) LOS objects, 40% free, 22MB/37MB, paused 190us total 16.124ms
08-05 19:27:57.541  7325  7337 I art     : Starting a blocking GC Explicit
08-05 19:27:57.558  7325  7337 I art     : Explicit concurrent mark sweep GC freed 3(96B) AllocSpace objects, 0(0B) LOS objects, 40% free, 22MB/37MB, paused 190us total 15.967ms
08-05 19:27:57.565  7325  7337 I art     : Starting a blocking GC Explicit
08-05 19:27:57.582  7325  7337 I art     : Explicit concurrent mark sweep GC freed 3(96B) AllocSpace objects, 0(0B) LOS objects, 40% free, 22MB/37MB, paused 199us total 15.961ms
08-05 19:27:57.590  7325  7337 I art     : Starting a blocking GC Explicit
08-05 19:27:57.606  7325  7337 I art     : Explicit concurrent mark sweep GC freed 3(96B) AllocSpace objects, 0(0B) LOS objects, 40% free, 22MB/37MB, paused 183us total 15.955ms
08-05 19:27:57.792  7260  7260 I ServiceManager: Waiting for service AtCmdFwd...
08-05 19:27:57.891  7325  7336 I art     : Starting a blocking GC Explicit
08-05 19:27:57.910  7325  7336 I art     : Explicit concurrent mark sweep GC freed 1371(82KB) AllocSpace objects, 1(20KB) LOS objects, 40% free, 22MB/37MB, paused 210us total 19.418ms
08-05 19:27:57.922  7325  7336 I art     : Starting a blocking GC Explicit
08-05 19:27:57.938  7325  7336 I art     : Explicit concurrent mark sweep GC freed 23(768B) AllocSpace objects, 0(0B) LOS objects, 40% free, 22MB/37MB, paused 181us total 16.096ms
08-05 19:27:57.947  7325  7336 I art     : Starting a blocking GC Explicit
08-05 19:27:57.963  7325  7336 I art     : Explicit concurrent mark sweep GC freed 3(96B) AllocSpace objects, 0(0B) LOS objects, 40% free, 22MB/37MB, paused 182us total 16.100ms
08-05 19:27:57.971  7325  7336 I art     : Starting a blocking GC Explicit
08-05 19:27:57.986  7325  7336 I art     : Explicit concurrent mark sweep GC freed 3(96B) AllocSpace objects, 0(0B) LOS objects, 40% free, 22MB/37MB, paused 179us total 15.249ms
08-05 19:27:57.994  7325  7336 I art     : Starting a blocking GC Explicit
08-05 19:27:58.009  7325  7336 I art     : Explicit concurrent mark sweep GC freed 3(96B) AllocSpace objects, 0(0B) LOS objects, 40% free, 22MB/37MB, paused 191us total 14.975ms
08-05 19:27:58.290  7325  7337 I art     : Starting a blocking GC Explicit
08-05 19:27:58.307  7325  7337 I art     : Explicit concurrent mark sweep GC freed 1385(80KB) AllocSpace objects, 1(20KB) LOS objects, 40% free, 22MB/37MB, paused 189us total 16.491ms
08-05 19:27:58.314  7325  7337 I art     : Starting a blocking GC Explicit
08-05 19:27:58.331  7325  7337 I art     : Explicit concurrent mark sweep GC freed 23(752B) AllocSpace objects, 0(0B) LOS objects, 40% free, 22MB/37MB, paused 198us total 16.041ms
08-05 19:27:58.339  7325  7337 I art     : Starting a blocking GC Explicit
08-05 19:27:58.355  7325  7337 I art     : Explicit concurrent mark sweep GC freed 3(96B) AllocSpace objects, 0(0B) LOS objects, 40% free, 22MB/37MB, paused 181us total 15.781ms
08-05 19:27:58.363  7325  7337 I art     : Starting a blocking GC Explicit
08-05 19:27:58.378  7325  7337 I art     : Explicit concurrent mark sweep GC freed 3(96B) AllocSpace objects, 0(0B) LOS objects, 40% free, 22MB/37MB, paused 184us total 15.507ms
08-05 19:27:58.386  7325  7337 I art     : Starting a blocking GC Explicit
08-05 19:27:58.401  7325  7337 I art     : Explicit concurrent mark sweep GC freed 3(96B) AllocSpace objects, 0(0B) LOS objects, 40% free, 22MB/37MB, paused 188us total 15.052ms
08-05 19:27:58.699  7325  7336 I art     : Starting a blocking GC Explicit
08-05 19:27:58.715  7325  7336 I art     : Explicit concurrent mark sweep GC freed 1388(80KB) AllocSpace objects, 1(20KB) LOS objects, 40% free, 22MB/37MB, paused 188us total 15.963ms
08-05 19:27:58.723  7325  7336 I art     : Starting a blocking GC Explicit
08-05 19:27:58.738  7325  7336 I art     : Explicit concurrent mark sweep GC freed 23(752B) AllocSpace objects, 0(0B) LOS objects, 40% free, 22MB/37MB, paused 172us total 14.878ms
08-05 19:27:58.746  7325  7336 I art     : Starting a blocking GC Explicit
08-05 19:27:58.761  7325  7336 I art     : Explicit concurrent mark sweep GC freed 3(96B) AllocSpace objects, 0(0B) LOS objects, 40% free, 22MB/37MB, paused 190us total 14.463ms
08-05 19:27:58.769  7325  7336 I art     : Starting a blocking GC Explicit
08-05 19:27:58.784  7325  7336 I art     : Explicit concurrent mark sweep GC freed 3(96B) AllocSpace objects, 0(0B) LOS objects, 40% free, 22MB/37MB, paused 192us total 15.199ms
08-05 19:27:58.792  7325  7336 I art     : Starting a blocking GC Explicit
08-05 19:27:58.792  7260  7260 I ServiceManager: Waiting for service AtCmdFwd...
08-05 19:27:58.808  7325  7336 I art     : Explicit concurrent mark sweep GC freed 3(96B) AllocSpace objects, 0(0B) LOS objects, 40% free, 22MB/37MB, paused 177us total 15.600ms
08-05 19:27:59.131  7325  7434 I art     : Starting a blocking GC Explicit
08-05 19:27:59.151  7325  7434 I art     : Explicit concurrent mark sweep GC freed 1384(80KB) AllocSpace objects, 1(20KB) LOS objects, 40% free, 22MB/37MB, paused 226us total 19.725ms
08-05 19:27:59.161  7325  7434 I art     : Starting a blocking GC Explicit
08-05 19:27:59.178  7325  7434 I art     : Explicit concurrent mark sweep GC freed 23(752B) AllocSpace objects, 0(0B) LOS objects, 40% free, 22MB/37MB, paused 198us total 16.014ms
08-05 19:27:59.186  7325  7434 I art     : Starting a blocking GC Explicit
08-05 19:27:59.201  7325  7434 I art     : Explicit concurrent mark sweep GC freed 3(96B) AllocSpace objects, 0(0B) LOS objects, 40% free, 22MB/37MB, paused 193us total 15.687ms
08-05 19:27:59.209  7325  7434 I art     : Starting a blocking GC Explicit
08-05 19:27:59.226  7325  7434 I art     : Explicit concurrent mark sweep GC freed 3(96B) AllocSpace objects, 0(0B) LOS objects, 40% free, 22MB/37MB, paused 205us total 15.981ms
08-05 19:27:59.234  7325  7434 I art     : Starting a blocking GC Explicit
08-05 19:27:59.250  7325  7434 I art     : Explicit concurrent mark sweep GC freed 3(96B) AllocSpace objects, 0(0B) LOS objects, 40% free, 22MB/37MB, paused 190us total 15.885ms
08-05 19:27:59.580  7325  7337 I art     : Starting a blocking GC Explicit
08-05 19:27:59.601  7325  7337 I art     : Explicit concurrent mark sweep GC freed 1358(80KB) AllocSpace objects, 1(20KB) LOS objects, 40% free, 22MB/37MB, paused 216us total 20.136ms
08-05 19:27:59.612  7325  7337 I art     : Starting a blocking GC Explicit
08-05 19:27:59.630  7325  7337 I art     : Explicit concurrent mark sweep GC freed 23(752B) AllocSpace objects, 0(0B) LOS objects, 40% free, 22MB/37MB, paused 194us total 18.398ms
08-05 19:27:59.639  7325  7337 I art     : Starting a blocking GC Explicit
08-05 19:27:59.655  7325  7337 I art     : Explicit concurrent mark sweep GC freed 3(96B) AllocSpace objects, 0(0B) LOS objects, 40% free, 22MB/37MB, paused 195us total 16.118ms
08-05 19:27:59.663  7325  7337 I art     : Starting a blocking GC Explicit
08-05 19:27:59.680  7325  7337 I art     : Explicit concurrent mark sweep GC freed 3(96B) AllocSpace objects, 0(0B) LOS objects, 40% free, 22MB/37MB, paused 182us total 16.342ms
08-05 19:27:59.688  7325  7337 I art     : Starting a blocking GC Explicit
08-05 19:27:59.704  7325  7337 I art     : Explicit concurrent mark sweep GC freed 3(96B) AllocSpace objects, 0(0B) LOS objects, 40% free, 22MB/37MB, paused 185us total 15.313ms
08-05 19:27:59.793  7260  7260 W Atfwd_Sendcmd: AtCmdFwd service not published, waiting... retryCnt : 2
08-05 19:28:00.023  7325  7336 I art     : Starting a blocking GC Explicit
08-05 19:28:00.040  7325  7336 I art     : Explicit concurrent mark sweep GC freed 1360(81KB) AllocSpace objects, 1(20KB) LOS objects, 40% free, 22MB/37MB, paused 219us total 16.905ms
08-05 19:28:00.048  7325  7336 I art     : Starting a blocking GC Explicit
08-05 19:28:00.064  7325  7336 I art     : Explicit concurrent mark sweep GC freed 48(1440B) AllocSpace objects, 0(0B) LOS objects, 40% free, 22MB/37MB, paused 182us total 15.701ms
08-05 19:28:00.071  7325  7336 I art     : Starting a blocking GC Explicit
08-05 19:28:00.085  7325  7336 I art     : Explicit concurrent mark sweep GC freed 3(96B) AllocSpace objects, 0(0B) LOS objects, 40% free, 22MB/37MB, paused 166us total 14.350ms
08-05 19:28:00.093  7325  7336 I art     : Starting a blocking GC Explicit
08-05 19:28:00.108  7325  7336 I art     : Explicit concurrent mark sweep GC freed 3(96B) AllocSpace objects, 0(0B) LOS objects, 40% free, 22MB/37MB, paused 244us total 14.759ms
08-05 19:28:00.115  7325  7336 I art     : Starting a blocking GC Explicit
08-05 19:28:00.131  7325  7336 I art     : Explicit concurrent mark sweep GC freed 3(96B) AllocSpace objects, 0(0B) LOS objects, 40% free, 22MB/37MB, paused 183us total 15.314ms
08-05 19:28:00.148 13866 13882 I PeriodicStatsRunner: PeriodicStatsRunner.call():175 call()
08-05 19:28:00.148 13866 13882 I PeriodicStatsRunner: PeriodicStatsRunner.call():179 No submit PeriodicStats since input started.
08-05 19:28:00.435  7325  7434 I art     : Starting a blocking GC Explicit
08-05 19:28:00.452  7325  7434 I art     : Explicit concurrent mark sweep GC freed 1359(81KB) AllocSpace objects, 1(20KB) LOS objects, 40% free, 22MB/37MB, paused 203us total 16.581ms
08-05 19:28:00.460  7325  7434 I art     : Starting a blocking GC Explicit
08-05 19:28:00.476  7325  7434 I art     : Explicit concurrent mark sweep GC freed 23(752B) AllocSpace objects, 0(0B) LOS objects, 40% free, 22MB/37MB, paused 190us total 15.675ms
08-05 19:28:00.476  7325  7335 I art     : WaitForGcToComplete blocked for 15.897ms for cause HeapTrim
08-05 19:28:00.484  7325  7434 I art     : Starting a blocking GC Explicit
08-05 19:28:00.499  7325  7434 I art     : Explicit concurrent mark sweep GC freed 3(96B) AllocSpace objects, 0(0B) LOS objects, 40% free, 22MB/37MB, paused 174us total 15.520ms
08-05 19:28:00.507  7325  7434 I art     : Starting a blocking GC Explicit
08-05 19:28:00.523  7325  7434 I art     : Explicit concurrent mark sweep GC freed 3(96B) AllocSpace objects, 0(0B) LOS objects, 40% free, 22MB/37MB, paused 190us total 16.025ms
08-05 19:28:00.531  7325  7434 I art     : Starting a blocking GC Explicit
08-05 19:28:00.548  7325  7434 I art     : Explicit concurrent mark sweep GC freed 3(96B) AllocSpace objects, 0(0B) LOS objects, 40% free, 22MB/37MB, paused 189us total 16.158ms
08-05 19:28:00.664 13866 13882 I PeriodicStatsRunner: PeriodicStatsRunner.call():175 call()
08-05 19:28:00.665 13866 13882 I PeriodicStatsRunner: PeriodicStatsRunner.call():179 No submit PeriodicStats since input started.
08-05 19:28:00.836  7325  7337 I art     : Starting a blocking GC Explicit
08-05 19:28:00.851  7325  7337 I art     : Explicit concurrent mark sweep GC freed 1358(79KB) AllocSpace objects, 1(20KB) LOS objects, 40% free, 22MB/37MB, paused 174us total 14.533ms
08-05 19:28:00.858  7325  7337 I art     : Starting a blocking GC Explicit
08-05 19:28:00.872  7325  7337 I art     : Explicit concurrent mark sweep GC freed 23(752B) AllocSpace objects, 0(0B) LOS objects, 40% free, 22MB/37MB, paused 177us total 13.829ms
08-05 19:28:00.879  7325  7337 I art     : Starting a blocking GC Explicit
08-05 19:28:00.893  7325  7337 I art     : Explicit concurrent mark sweep GC freed 3(96B) AllocSpace objects, 0(0B) LOS objects, 40% free, 22MB/37MB, paused 172us total 13.889ms
08-05 19:28:00.900  7325  7337 I art     : Starting a blocking GC Explicit
08-05 19:28:00.914  7325  7337 I art     : Explicit concurrent mark sweep GC freed 3(96B) AllocSpace objects, 0(0B) LOS objects, 40% free, 22MB/37MB, paused 175us total 13.901ms
08-05 19:28:00.921  7325  7337 I art     : Starting a blocking GC Explicit
08-05 19:28:00.935  7325  7337 I art     : Explicit concurrent mark sweep GC freed 3(96B) AllocSpace objects, 0(0B) LOS objects, 40% free, 22MB/37MB, paused 166us total 13.788ms
08-05 19:28:01.247  7325  7336 I art     : Starting a blocking GC Explicit
08-05 19:28:01.271  7325  7336 I art     : Explicit concurrent mark sweep GC freed 1383(80KB) AllocSpace objects, 1(20KB) LOS objects, 40% free, 22MB/37MB, paused 212us total 23.395ms
08-05 19:28:01.282  7325  7336 I art     : Starting a blocking GC Explicit
08-05 19:28:01.300  7325  7336 I art     : Explicit concurrent mark sweep GC freed 23(752B) AllocSpace objects, 0(0B) LOS objects, 40% free, 22MB/37MB, paused 172us total 16.933ms
08-05 19:28:01.308  7325  7336 I art     : Starting a blocking GC Explicit
08-05 19:28:01.324  7325  7336 I art     : Explicit concurrent mark sweep GC freed 3(96B) AllocSpace objects, 0(0B) LOS objects, 40% free, 22MB/37MB, paused 188us total 15.857ms
08-05 19:28:01.332  7325  7336 I art     : Starting a blocking GC Explicit
08-05 19:28:01.348  7325  7336 I art     : Explicit concurrent mark sweep GC freed 3(96B) AllocSpace objects, 0(0B) LOS objects, 40% free, 22MB/37MB, paused 182us total 15.881ms
08-05 19:28:01.356  7325  7336 I art     : Starting a blocking GC Explicit
08-05 19:28:01.372  7325  7336 I art     : Explicit concurrent mark sweep GC freed 3(96B) AllocSpace objects, 0(0B) LOS objects, 40% free, 22MB/37MB, paused 180us total 15.905ms
08-05 19:28:01.674  7325  7434 I art     : Starting a blocking GC Explicit
08-05 19:28:01.695  7325  7434 I art     : Explicit concurrent mark sweep GC freed 1357(79KB) AllocSpace objects, 1(20KB) LOS objects, 40% free, 22MB/37MB, paused 234us total 20.608ms
08-05 19:28:01.709  7325  7434 I art     : Starting a blocking GC Explicit
08-05 19:28:01.725  7325  7434 I art     : Explicit concurrent mark sweep GC freed 23(752B) AllocSpace objects, 0(0B) LOS objects, 40% free, 22MB/37MB, paused 185us total 16.342ms
08-05 19:28:01.733  7325  7434 I art     : Starting a blocking GC Explicit
08-05 19:28:01.749  7325  7434 I art     : Explicit concurrent mark sweep GC freed 3(96B) AllocSpace objects, 0(0B) LOS objects, 40% free, 22MB/37MB, paused 181us total 15.312ms
08-05 19:28:01.757  7325  7434 I art     : Starting a blocking GC Explicit
08-05 19:28:01.772  7325  7434 I art     : Explicit concurrent mark sweep GC freed 3(96B) AllocSpace objects, 0(0B) LOS objects, 40% free, 22MB/37MB, paused 182us total 15.252ms
08-05 19:28:01.780  7325  7434 I art     : Starting a blocking GC Explicit
08-05 19:28:01.795  7325  7434 I art     : Explicit concurrent mark sweep GC freed 3(96B) AllocSpace objects, 0(0B) LOS objects, 40% free, 22MB/37MB, paused 171us total 15.198ms
08-05 19:28:01.865 13866 13882 I PeriodicStatsRunner: PeriodicStatsRunner.call():175 call()
08-05 19:28:01.865 13866 13882 I PeriodicStatsRunner: PeriodicStatsRunner.call():179 No submit PeriodicStats since input started.
08-05 19:28:02.045  7325  7337 I art     : Starting a blocking GC Explicit
08-05 19:28:02.061  7325  7337 I art     : Explicit concurrent mark sweep GC freed 1383(80KB) AllocSpace objects, 1(20KB) LOS objects, 40% free, 22MB/37MB, paused 194us total 15.999ms
08-05 19:28:02.069  7325  7337 I art     : Starting a blocking GC Explicit
08-05 19:28:02.084  7325  7337 I art     : Explicit concurrent mark sweep GC freed 23(752B) AllocSpace objects, 0(0B) LOS objects, 40% free, 22MB/37MB, paused 198us total 15.537ms
08-05 19:28:02.092  7325  7337 I art     : Starting a blocking GC Explicit
08-05 19:28:02.108  7325  7337 I art     : Explicit concurrent mark sweep GC freed 3(96B) AllocSpace objects, 0(0B) LOS objects, 40% free, 22MB/37MB, paused 186us total 15.597ms
08-05 19:28:02.116  7325  7337 I art     : Starting a blocking GC Explicit
08-05 19:28:02.132  7325  7337 I art     : Explicit concurrent mark sweep GC freed 3(96B) AllocSpace objects, 0(0B) LOS objects, 40% free, 22MB/37MB, paused 187us total 15.282ms
08-05 19:28:02.139  7325  7337 I art     : Starting a blocking GC Explicit
08-05 19:28:02.155  7325  7337 I art     : Explicit concurrent mark sweep GC freed 3(96B) AllocSpace objects, 0(0B) LOS objects, 40% free, 22MB/37MB, paused 190us total 15.240ms
08-05 19:28:02.353  7517  7517 D AndroidRuntime: >>>>>> START com.android.internal.os.RuntimeInit uid 2000 <<<<<<
08-05 19:28:02.358  7517  7517 D AndroidRuntime: CheckJNI is OFF
08-05 19:28:02.389  7517  7517 D ICU     : No timezone override file found: /data/misc/zoneinfo/current/icu/icu_tzdata.dat
08-05 19:28:02.422  7517  7517 I Radio-JNI: register_android_hardware_Radio DONE
08-05 19:28:02.436  7325  7336 I art     : Starting a blocking GC Explicit
08-05 19:28:02.445  7517  7517 D AndroidRuntime: Calling main entry com.android.commands.input.Input
08-05 19:28:02.446  7517  7517 I Input   : injectMotionEvent: MotionEvent { action=ACTION_DOWN, actionButton=0, id[0]=0, x[0]=1233.0, y[0]=1274.0, toolType[0]=TOOL_TYPE_UNKNOWN, buttonState=0, metaState=0, flags=0x0, edgeFlags=0x0, pointerCount=1, historySize=0, eventTime=818898859, downTime=818898859, deviceId=0, source=0x1002 }
08-05 19:28:02.451  7517  7517 I Input   : injectMotionEvent: MotionEvent { action=ACTION_UP, actionButton=0, id[0]=0, x[0]=1233.0, y[0]=1274.0, toolType[0]=TOOL_TYPE_UNKNOWN, buttonState=0, metaState=0, flags=0x0, edgeFlags=0x0, pointerCount=1, historySize=0, eventTime=818898859, downTime=818898859, deviceId=0, source=0x1002 }
08-05 19:28:02.452  7325  7336 I art     : Explicit concurrent mark sweep GC freed 1357(79KB) AllocSpace objects, 1(20KB) LOS objects, 40% free, 22MB/37MB, paused 222us total 15.585ms
08-05 19:28:02.452  7517  7517 D AndroidRuntime: Shutting down VM
08-05 19:28:02.460  7325  7336 I art     : Starting a blocking GC Explicit
08-05 19:28:02.477  7325  7336 I art     : Explicit concurrent mark sweep GC freed 26(848B) AllocSpace objects, 0(0B) LOS objects, 40% free, 22MB/37MB, paused 187us total 16.413ms
08-05 19:28:02.485  7325  7336 I art     : Starting a blocking GC Explicit
08-05 19:28:02.501  7325  7336 I art     : Explicit concurrent mark sweep GC freed 3(96B) AllocSpace objects, 0(0B) LOS objects, 40% free, 22MB/37MB, paused 179us total 16.051ms
08-05 19:28:02.508  7325  7336 I art     : Starting a blocking GC Explicit
08-05 19:28:02.523  7325  7336 I art     : Explicit concurrent mark sweep GC freed 3(96B) AllocSpace objects, 0(0B) LOS objects, 40% free, 22MB/37MB, paused 201us total 14.683ms
08-05 19:28:02.531  7325  7336 I art     : Starting a blocking GC Explicit
08-05 19:28:02.545  7325  7336 I art     : Explicit concurrent mark sweep GC freed 3(96B) AllocSpace objects, 0(0B) LOS objects, 40% free, 22MB/37MB, paused 180us total 14.465ms
08-05 19:28:02.797  7325  7336 I art     : Starting a blocking GC Explicit
08-05 19:28:02.814  7325  7336 I art     : Explicit concurrent mark sweep GC freed 1358(79KB) AllocSpace objects, 1(20KB) LOS objects, 40% free, 22MB/37MB, paused 174us total 17.497ms
08-05 19:28:02.822  7325  7336 I art     : Starting a blocking GC Explicit
08-05 19:28:02.839  7325  7336 I art     : Explicit concurrent mark sweep GC freed 23(752B) AllocSpace objects, 0(0B) LOS objects, 40% free, 22MB/37MB, paused 228us total 16.900ms
08-05 19:28:02.848  7325  7336 I art     : Starting a blocking GC Explicit
08-05 19:28:02.865  7325  7336 I art     : Explicit concurrent mark sweep GC freed 33(1056B) AllocSpace objects, 0(0B) LOS objects, 40% free, 22MB/37MB, paused 186us total 16.772ms
08-05 19:28:02.873  7325  7336 I art     : Starting a blocking GC Explicit
08-05 19:28:02.878 13866 13866 I GoogleInputMethodServic: GoogleInputMethodService.onFinishInput():3138 
08-05 19:28:02.878 13866 13866 I GoogleInputMethodServic: GoogleInputMethodService.onStartInput():1808 
08-05 19:28:02.890  7325  7336 I art     : Explicit concurrent mark sweep GC freed 69(2864B) AllocSpace objects, 0(0B) LOS objects, 40% free, 22MB/37MB, paused 181us total 16.411ms
08-05 19:28:02.900  7325  7336 I art     : Starting a blocking GC Explicit
08-05 19:28:02.915  7325  7336 I art     : Explicit concurrent mark sweep GC freed 11(544B) AllocSpace objects, 0(0B) LOS objects, 40% free, 22MB/37MB, paused 170us total 15.115ms
08-05 19:28:03.194  7325  7337 I art     : Starting a blocking GC Explicit
08-05 19:28:03.215  7325  7337 I art     : Explicit concurrent mark sweep GC freed 1383(80KB) AllocSpace objects, 1(20KB) LOS objects, 40% free, 22MB/37MB, paused 212us total 20.556ms
08-05 19:28:03.225  7325  7337 I art     : Starting a blocking GC Explicit
08-05 19:28:03.245  7325  7337 I art     : Explicit concurrent mark sweep GC freed 23(752B) AllocSpace objects, 0(0B) LOS objects, 40% free, 22MB/37MB, paused 257us total 19.676ms
08-05 19:28:03.256  7325  7337 I art     : Starting a blocking GC Explicit
08-05 19:28:03.272  7325  7337 I art     : Explicit concurrent mark sweep GC freed 3(96B) AllocSpace objects, 0(0B) LOS objects, 40% free, 22MB/37MB, paused 193us total 16.251ms
08-05 19:28:03.280  7325  7337 I art     : Starting a blocking GC Explicit
08-05 19:28:03.297  7325  7337 I art     : Explicit concurrent mark sweep GC freed 3(96B) AllocSpace objects, 0(0B) LOS objects, 40% free, 22MB/37MB, paused 210us total 16.220ms
08-05 19:28:03.305  7325  7337 I art     : Starting a blocking GC Explicit
08-05 19:28:03.322  7325  7337 I art     : Explicit concurrent mark sweep GC freed 3(96B) AllocSpace objects, 0(0B) LOS objects, 40% free, 22MB/37MB, paused 187us total 16.473ms
08-05 19:28:03.611  7325  7434 I art     : Starting a blocking GC Explicit
08-05 19:28:03.635  7325  7434 I art     : Explicit concurrent mark sweep GC freed 1358(79KB) AllocSpace objects, 1(20KB) LOS objects, 40% free, 22MB/37MB, paused 220us total 23.064ms
08-05 19:28:03.646  7325  7434 I art     : Starting a blocking GC Explicit
08-05 19:28:03.665  7325  7434 I art     : Explicit concurrent mark sweep GC freed 23(752B) AllocSpace objects, 0(0B) LOS objects, 40% free, 22MB/37MB, paused 204us total 18.494ms
08-05 19:28:03.674  7325  7434 I art     : Starting a blocking GC Explicit
08-05 19:28:03.690  7325  7434 I art     : Explicit concurrent mark sweep GC freed 3(96B) AllocSpace objects, 0(0B) LOS objects, 40% free, 22MB/37MB, paused 198us total 15.618ms
08-05 19:28:03.698  7325  7434 I art     : Starting a blocking GC Explicit
08-05 19:28:03.713  7325  7434 I art     : Explicit concurrent mark sweep GC freed 3(96B) AllocSpace objects, 0(0B) LOS objects, 40% free, 22MB/37MB, paused 194us total 14.985ms
08-05 19:28:03.721  7325  7434 I art     : Starting a blocking GC Explicit
08-05 19:28:03.736  7325  7434 I art     : Explicit concurrent mark sweep GC freed 3(96B) AllocSpace objects, 0(0B) LOS objects, 40% free, 22MB/37MB, paused 187us total 14.799ms
08-05 19:28:03.997  7325  7336 I art     : Starting a blocking GC Explicit
08-05 19:28:04.014  7325  7336 I art     : Explicit concurrent mark sweep GC freed 1357(79KB) AllocSpace objects, 1(20KB) LOS objects, 40% free, 22MB/37MB, paused 222us total 16.452ms
08-05 19:28:04.022  7325  7336 I art     : Starting a blocking GC Explicit
08-05 19:28:04.036  7325  7336 I art     : Explicit concurrent mark sweep GC freed 23(752B) AllocSpace objects, 0(0B) LOS objects, 40% free, 22MB/37MB, paused 184us total 14.152ms
08-05 19:28:04.043  7325  7336 I art     : Starting a blocking GC Explicit
08-05 19:28:04.058  7325  7336 I art     : Explicit concurrent mark sweep GC freed 28(784B) AllocSpace objects, 0(0B) LOS objects, 40% free, 22MB/37MB, paused 173us total 14.137ms
08-05 19:28:04.065  7325  7336 I art     : Starting a blocking GC Explicit
08-05 19:28:04.080  7325  7336 I art     : Explicit concurrent mark sweep GC freed 3(96B) AllocSpace objects, 0(0B) LOS objects, 40% free, 22MB/37MB, paused 186us total 15.080ms
08-05 19:28:04.088  7325  7336 I art     : Starting a blocking GC Explicit
08-05 19:28:04.103  7325  7336 I art     : Explicit concurrent mark sweep GC freed 3(96B) AllocSpace objects, 0(0B) LOS objects, 40% free, 22MB/37MB, paused 184us total 14.886ms
08-05 19:28:04.116  7578  7578 D AndroidRuntime: >>>>>> START com.android.internal.os.RuntimeInit uid 2000 <<<<<<
08-05 19:28:04.121  7578  7578 D AndroidRuntime: CheckJNI is OFF
08-05 19:28:04.153  7578  7578 D ICU     : No timezone override file found: /data/misc/zoneinfo/current/icu/icu_tzdata.dat
08-05 19:28:04.186  7578  7578 I Radio-JNI: register_android_hardware_Radio DONE
08-05 19:28:04.208  7578  7578 D AndroidRuntime: Calling main entry com.android.commands.input.Input
08-05 19:28:04.210  7578  7578 I Input   : injectMotionEvent: MotionEvent { action=ACTION_DOWN, actionButton=0, id[0]=0, x[0]=103.0, y[0]=192.0, toolType[0]=TOOL_TYPE_UNKNOWN, buttonState=0, metaState=0, flags=0x0, edgeFlags=0x0, pointerCount=1, historySize=0, eventTime=818900623, downTime=818900623, deviceId=0, source=0x1002 }
08-05 19:28:04.216  7578  7578 I Input   : injectMotionEvent: MotionEvent { action=ACTION_UP, actionButton=0, id[0]=0, x[0]=103.0, y[0]=192.0, toolType[0]=TOOL_TYPE_UNKNOWN, buttonState=0, metaState=0, flags=0x0, edgeFlags=0x0, pointerCount=1, historySize=0, eventTime=818900623, downTime=818900623, deviceId=0, source=0x1002 }
08-05 19:28:04.218  7578  7578 D AndroidRuntime: Shutting down VM
08-05 19:28:04.228   512  2967 D audio_hw_primary: out_set_parameters: enter: usecase(1: low-latency-playback) kvpairs: routing=2
08-05 19:28:04.242   512  2967 D audio_hw_primary: select_devices: out_snd_device(2: speaker) in_snd_device(0: none)
08-05 19:28:04.242   512  2967 D msm8974_platform: platform_send_audio_calibration: sending audio calibration for snd_device(2) acdb_id(15)
08-05 19:28:04.242   512  2967 I soundtrigger: audio_extn_sound_trigger_update_device_status: device 0x2 of type 0 for Event 1
08-05 19:28:04.252   512  2967 D audio_hw_primary: enable_snd_device: snd_device(2: speaker)
08-05 19:28:04.254   512  2967 D audio_hw_primary: enable_audio_route: apply and update mixer path: low-latency-playback speaker
08-05 19:28:04.265 13866 13866 I GoogleInputMethodServic: GoogleInputMethodService.onFinishInput():3138 
08-05 19:28:04.266 13866 13866 I GoogleInputMethodServic: GoogleInputMethodService.onStartInput():1808 
08-05 19:28:04.348  7325  7434 I art     : Starting a blocking GC Explicit
08-05 19:28:04.365  7325  7434 I art     : Explicit concurrent mark sweep GC freed 1866(104KB) AllocSpace objects, 1(20KB) LOS objects, 40% free, 22MB/37MB, paused 189us total 16.497ms
08-05 19:28:04.374  7325  7434 I art     : Starting a blocking GC Explicit
08-05 19:28:04.393  7325  7434 I art     : Explicit concurrent mark sweep GC freed 35(1488B) AllocSpace objects, 0(0B) LOS objects, 40% free, 22MB/37MB, paused 177us total 18.583ms
08-05 19:28:04.403  7325  7434 I art     : Starting a blocking GC Explicit
08-05 19:28:04.417  7325  7434 I art     : Explicit concurrent mark sweep GC freed 3(96B) AllocSpace objects, 0(0B) LOS objects, 40% free, 22MB/37MB, paused 197us total 14.712ms
08-05 19:28:04.425  7325  7434 I art     : Starting a blocking GC Explicit
08-05 19:28:04.440  7325  7434 I art     : Explicit concurrent mark sweep GC freed 3(96B) AllocSpace objects, 0(0B) LOS objects, 40% free, 22MB/37MB, paused 352us total 15.299ms
08-05 19:28:04.448  7325  7434 I art     : Starting a blocking GC Explicit
08-05 19:28:04.463  7325  7434 I art     : Explicit concurrent mark sweep GC freed 5(160B) AllocSpace objects, 0(0B) LOS objects, 40% free, 22MB/37MB, paused 193us total 14.866ms
08-05 19:28:04.701  7325  7434 I art     : Starting a blocking GC Explicit
08-05 19:28:04.719  7325  7434 I art     : Explicit concurrent mark sweep GC freed 1361(80KB) AllocSpace objects, 1(20KB) LOS objects, 40% free, 22MB/37MB, paused 226us total 17.045ms
08-05 19:28:04.726  7325  7434 I art     : Starting a blocking GC Explicit
08-05 19:28:04.742  7325  7434 I art     : Explicit concurrent mark sweep GC freed 31(1008B) AllocSpace objects, 0(0B) LOS objects, 40% free, 22MB/37MB, paused 183us total 15.434ms
08-05 19:28:04.750  7325  7434 I art     : Starting a blocking GC Explicit
08-05 19:28:04.766  7325  7434 I art     : Explicit concurrent mark sweep GC freed 3(96B) AllocSpace objects, 0(0B) LOS objects, 40% free, 22MB/37MB, paused 183us total 15.630ms
08-05 19:28:04.773  7325  7434 I art     : Starting a blocking GC Explicit
08-05 19:28:04.788  7325  7434 I art     : Explicit concurrent mark sweep GC freed 3(96B) AllocSpace objects, 0(0B) LOS objects, 40% free, 22MB/37MB, paused 189us total 14.949ms
08-05 19:28:04.796  7325  7434 I art     : Starting a blocking GC Explicit
08-05 19:28:04.798   512  2967 D audio_hw_primary: disable_audio_route: reset and update mixer path: low-latency-playback speaker
08-05 19:28:04.799   512  2967 D audio_hw_primary: disable_snd_device: snd_device(2: speaker)
08-05 19:28:04.806   512  2967 I soundtrigger: audio_extn_sound_trigger_update_device_status: device 0x2 of type 0 for Event 0
08-05 19:28:04.811  7325  7434 I art     : Explicit concurrent mark sweep GC freed 3(96B) AllocSpace objects, 0(0B) LOS objects, 40% free, 22MB/37MB, paused 176us total 14.819ms
08-05 19:28:04.861  7612  7612 D AndroidRuntime: >>>>>> START com.android.internal.os.RuntimeInit uid 2000 <<<<<<
08-05 19:28:04.866  7612  7612 D AndroidRuntime: CheckJNI is OFF
08-05 19:28:04.897  7612  7612 D ICU     : No timezone override file found: /data/misc/zoneinfo/current/icu/icu_tzdata.dat
08-05 19:28:04.930  7612  7612 I Radio-JNI: register_android_hardware_Radio DONE
08-05 19:28:04.951  7612  7612 D AndroidRuntime: Calling main entry com.android.commands.input.Input
08-05 19:28:04.954  7612  7612 I Input   : injectMotionEvent: MotionEvent { action=ACTION_DOWN, actionButton=0, id[0]=0, x[0]=324.0, y[0]=2298.0, toolType[0]=TOOL_TYPE_UNKNOWN, buttonState=0, metaState=0, flags=0x0, edgeFlags=0x0, pointerCount=1, historySize=0, eventTime=818901367, downTime=818901367, deviceId=0, source=0x1002 }
