--------- beginning of main
08-05 03:58:26.637   918  5952 I AccountManagerService: getTypesVisibleToCaller: isPermitted? true
08-05 03:58:26.649 24309 24309 W System  : ClassLoader referenced unknown path: /system/app/KeyChain/lib/arm64
08-05 03:58:26.666  3784  3784 D CarrierServiceBindHelper: Receive action: android.intent.action.PACKAGE_ADDED
08-05 03:58:26.667  3784  3784 D CarrierServiceBindHelper: Receive action: android.intent.action.PACKAGE_REPLACED
08-05 03:58:26.667  3784  3784 D CarrierServiceBindHelper: mHandler: 3
08-05 03:58:26.667  3784  3784 D CarrierServiceBindHelper: mHandler: 3
08-05 03:58:26.667  3784  3784 D CarrierServiceBindHelper: mHandler: 3
08-05 03:58:26.667  3784  3784 D CarrierConfigLoader: mHandler: 9 phoneId: 0
08-05 03:58:26.687 24365 24326 I Fitness : FitCleanupIntentOperation received Intent android.intent.action.PACKAGE_REMOVED [CONTEXT service_id=17 ]
08-05 03:58:26.688   918  3714 I AccountManagerService: getTypesVisibleToCaller: isPermitted? true
08-05 03:58:26.692 17099 17099 I Finsky  : [1] uah.a(18): PackageMonitorReceiverImpl - Received: android.intent.action.PACKAGE_REMOVED, [CFjXe5fo2ooiLur0Ju3smv2h5qnGgIsGl5_C_SkJu8g]
08-05 03:58:26.692 17099 17099 I Finsky  : [1] ubi.d(9): Invalidating cached PackageState for baseline.de.danoeh.antennapod.debug
08-05 03:58:26.713 17099 17099 I Finsky  : [1] lzi.c(2): Frosting ID looked up on UI thread. Caller should move to a background thread.
08-05 03:58:26.718 17099 17099 I Finsky  : [1] nqb.c(3): Installer: package baseline.de.danoeh.antennapod.debug was removed. replacing: true
08-05 03:58:26.719 17099 17099 I Finsky  : [1] nra.a(188): Installer: Notifying status update. package=baseline.de.danoeh.antennapod.debug, status=UNINSTALLED
08-05 03:58:26.798 17099 17099 I Finsky  : [1] lzi.c(2): Frosting ID looked up on UI thread. Caller should move to a background thread.
08-05 03:58:26.814 17099 17099 I Finsky  : [1] nra.a(220): Installer: found apps to install. isMultiUserMode=false, apps=[]
08-05 03:58:26.819 17099 24346 I Finsky  : [6069] ejf.a(-1): Cancelled 0 ongoing asset module downloads for package baseline.de.danoeh.antennapod.debug due to a concurrent app update.
08-05 03:58:26.837 17099 17273 I Finsky  : [5938] odj.b(52): IQ: Notifying installation update. package=baseline.de.danoeh.antennapod.debug, status=UNINSTALLED
08-05 03:58:26.870 17099 17099 I Finsky  : [1] uah.a(18): PackageMonitorReceiverImpl - Received: android.intent.action.PACKAGE_ADDED, [CFjXe5fo2ooiLur0Ju3smv2h5qnGgIsGl5_C_SkJu8g]
08-05 03:58:26.870 17099 17099 I Finsky  : [1] ubi.d(9): Invalidating cached PackageState for baseline.de.danoeh.antennapod.debug
08-05 03:58:26.873 17099 17099 I Finsky  : [1] lzi.c(2): Frosting ID looked up on UI thread. Caller should move to a background thread.
08-05 03:58:26.879 17099 17099 I Finsky  : [1] agsx.a(4): Do not start WearSupportService due to Wear service optimization
08-05 03:58:26.880 17099 24346 I Finsky  : [6069] ejc.a(-1): Asset module broadcast after update successful for package baseline.de.danoeh.antennapod.debug. 0 sessions broadcast.
08-05 03:58:26.884 17099 17099 I Finsky  : [1] lzi.c(2): Frosting ID looked up on UI thread. Caller should move to a background thread.
08-05 03:58:26.941 24577 24345 I Auth    : [SupervisedAccountIntentOperation] onHandleIntent(): android.intent.action.PACKAGE_ADDED
08-05 03:58:26.947 24577 24330 I ChromeSync: [Sync,SyncIntentOperation] Handling the intent: Intent { act=android.intent.action.PACKAGE_ADDED dat=package:baseline.de.danoeh.antennapod.debug flg=0x4000010 cmp=com.google.android.gms/.chimera.GmsIntentOperationService (has extras) }.
--------- beginning of system
08-05 03:58:26.954   918  6112 W ActivityManager: Unable to start service Intent { act=com.google.android.gms.auth.key.retrieval.service.START pkg=com.google.android.gms } U=0: not found
08-05 03:58:26.989   918  6111 W ActivityManager: Unbind failed: could not find connection for android.os.BinderProxy@31d5319
08-05 03:58:26.989 24577 24621 E GmsClient: unable to connect to service: com.google.android.gms.auth.key.retrieval.service.START on com.google.android.gms
08-05 03:58:27.010   918  3359 I AccountManagerService: getTypesVisibleToCaller: isPermitted? true
08-05 03:58:27.012 17099 24341 I Finsky  : [6067] lyv.run(-1): Wrote row to frosting DB: 2650
08-05 03:58:27.017 24254 24254 I ServiceManager: Waiting for service AtCmdFwd...
08-05 03:58:27.039 24577 24330 I ChromeSync: [Persistence,AffiliationManager] One of affiliation or grouping data for android://bz0hZa4nAJEtd0n5sRlXG7KAqctUMWVefv7Ki4mh1p6slZ9YO-n9gS9j8m9YCrsIyI2wIxrDHraumF9Y6pBLTA==@baseline.de.danoeh.antennapod.debug/ was not found. Marking affiliation data as stale...
08-05 03:58:27.100   918  5481 I AccountManagerService: getTypesVisibleToCaller: isPermitted? true
08-05 03:58:27.129 17099 17273 I Finsky  : [5938] odj.b(40): IQ: No matching installs to run for jobs: []
08-05 03:58:27.179 24358 24358 D AndroidRuntime: >>>>>> START com.android.internal.os.RuntimeInit uid 2000 <<<<<<
08-05 03:58:27.182 17099 24342 I Finsky  : [6068] gzn.a(-1): [ContentSync] finished, scheduled=false
08-05 03:58:27.182 24358 24358 D AndroidRuntime: CheckJNI is OFF
08-05 03:58:27.205 17099 24341 I Finsky  : [6067] lyv.run(-1): Wrote row to frosting DB: 2651
08-05 03:58:27.206 24358 24358 D ICU     : No timezone override file found: /data/misc/zoneinfo/current/icu/icu_tzdata.dat
08-05 03:58:27.239 24358 24358 I Radio-JNI: register_android_hardware_Radio DONE
08-05 03:58:27.254 24358 24358 D AndroidRuntime: Calling main entry com.android.commands.monkey.Monkey
08-05 03:58:27.260 17099 24341 I Finsky  : [6067] lyv.run(-1): Wrote row to frosting DB: 2652
08-05 03:58:27.270   918   931 W BroadcastQueue: Skipping deliver [background] BroadcastRecord{dcb1db7 u-1 android.net.conn.CONNECTIVITY_CHANGE} to ReceiverList{5139924 24358 (unknown name)/2000/u-1 remote:75e1d78}: process crashing
08-05 03:58:27.304   918  5132 I ActivityManager: START u0 {act=android.intent.action.MAIN cat=[android.intent.category.LAUNCHER] flg=0x10200000 cmp=baseline.de.danoeh.antennapod.debug/baseline.de.danoeh.antennapod.activity.SplashActivity} from uid 2000 on display 0
08-05 03:58:27.324 24383 24383 I art     : Late-enabling -Xcheck:jni
08-05 03:58:27.326   918  5952 I ActivityManager: Start proc 24383:baseline.de.danoeh.antennapod.debug/u0a691 for activity baseline.de.danoeh.antennapod.debug/baseline.de.danoeh.antennapod.activity.SplashActivity
08-05 03:58:27.335 17099 24341 I Finsky  : [6067] lyv.run(-1): Wrote row to frosting DB: 2653
08-05 03:58:27.335 24358 24358 I art     : System.exit called, status: 0
08-05 03:58:27.335 24358 24358 I AndroidRuntime: VM exiting with result code 0.
08-05 03:58:27.345   918  3714 I AccountManagerService: getTypesVisibleToCaller: isPermitted? true
08-05 03:58:27.375 24577 13336 I Icing   : IndexChimeraService.getServiceInterface callingPackage=com.google.android.gms componentName=AppsCorpus serviceId=36
08-05 03:58:27.386 24383 24383 W System  : ClassLoader referenced unknown path: /data/app/baseline.de.danoeh.antennapod.debug-1/lib/arm64
08-05 03:58:27.404 24383 24383 D UserPreferences: Creating new instance of UserPreferences
08-05 03:58:27.405 24577 24411 W Icing   : No valid account for uploading user actions
08-05 03:58:27.407 24383 24383 D UserPreferences: Using default data folder
08-05 03:58:27.414 24383 24383 D UserPreferences: Import directory already exists
08-05 03:58:27.416 24383 24383 D UpdateManager: old: -1, current: 1070296
08-05 03:58:27.417   719 23718 I PBSessionCacheImpl: Deleted sessionId[3163792008073881] from persistence.
08-05 03:58:27.419 24383 24383 D SleepTimerPreferences: Creating new instance of SleepTimerPreferences
08-05 03:58:27.423   719   760 W SearchServiceCore: Abort, client detached.
08-05 03:58:27.423   719   760 I MicroDetectionState: Should stop hotword detection immediately - true
08-05 03:58:27.431 24577 13294 I Icing   : IndexChimeraService.getServiceInterface callingPackage=com.google.android.gms componentName=null serviceId=30
08-05 03:58:27.436 24383 24383 D SPAUtil : Sending SP_APPS_QUERY_FEEDS intent
08-05 03:58:27.440 17099 17099 I Finsky  : [1] xmu.a(8): SCH: Jobs in database: 1-1337 3-201 3-202 12-1 24-77777777 26-1414141414 
08-05 03:58:27.443 17099 17099 I Finsky  : [1] xio.a(57): SCH: ConstraintMapping: 24-77777777,  -> L: 0ms, D: 61893077ms, C: false, I: true, N: 0
08-05 03:58:27.443 17099 17099 I Finsky  : [1] xio.a(57): SCH: ConstraintMapping: 1-1337, 12-1,  -> L: 14353ms, D: 65245466ms, C: false, I: false, N: 1
08-05 03:58:27.444 17099 17099 I Finsky  : [1] xio.a(57): SCH: ConstraintMapping: 3-201,  -> L: 0ms, D: 81986981ms, C: false, I: true, N: 2
08-05 03:58:27.444 17099 17099 I Finsky  : [1] xio.a(57): SCH: ConstraintMapping: 3-202,  -> L: 0ms, D: 81987046ms, C: true, I: true, N: 2
08-05 03:58:27.445 17099 17099 I Finsky  : [1] xio.a(57): SCH: ConstraintMapping: 26-1414141414,  -> L: 26682951ms, D: 27582951ms, C: false, I: false, N: 0
08-05 03:58:27.447 17099 24342 I Finsky  : [6068] gzn.a(-1): [ContentSync] finished, scheduled=true
08-05 03:58:27.461 17099 17099 I Finsky  : [1] xle.a(34): Cancelling existing jobscheduler jobs: 9009 9004 9000 9006 9010 9011 9003 9005 9002 9007 
08-05 03:58:27.461 17099 17099 I Finsky  : [1] xle.a(27): Scheduling job Id: 9001, L: 0, D: 61893077, C: false, I: true, N: 0
08-05 03:58:27.462 17099 17099 I Finsky  : [1] xle.a(27): Scheduling job Id: 9008, L: 14353, D: 65245466, C: false, I: false, N: 1
08-05 03:58:27.464 17099 17099 I Finsky  : [1] xle.a(27): Scheduling job Id: 9012, L: 0, D: 81986981, C: false, I: true, N: 2
08-05 03:58:27.465 17099 17099 I Finsky  : [1] xle.a(27): Scheduling job Id: 9013, L: 0, D: 81987046, C: true, I: true, N: 2
08-05 03:58:27.467 24383 24383 W art     : Before Android 4.1, method android.graphics.PorterDuffColorFilter androidx.vectordrawable.graphics.drawable.VectorDrawableCompat.updateTintFilter(android.graphics.PorterDuffColorFilter, android.content.res.ColorStateList, android.graphics.PorterDuff$Mode) would have incorrectly overridden the package-private method in android.graphics.drawable.Drawable
08-05 03:58:27.467 17099 17099 I Finsky  : [1] xle.a(27): Scheduling job Id: 9014, L: 26682951, D: 27582951, C: false, I: false, N: 0
08-05 03:58:27.468 17099 17099 I Finsky  : [1] xle.a(27): Scheduling job Id: 9015, L: 0, D: 61893077, C: false, I: true, N: 0
08-05 03:58:27.470 17099 17099 I Finsky  : [1] xle.a(27): Scheduling job Id: 9016, L: 14353, D: 65245466, C: false, I: false, N: 1
08-05 03:58:27.471 17099 17099 I Finsky  : [1] xle.a(27): Scheduling job Id: 9017, L: 0, D: 81986981, C: false, I: true, N: 2
08-05 03:58:27.472 17099 17099 I Finsky  : [1] xle.a(27): Scheduling job Id: 9018, L: 0, D: 81987046, C: true, I: true, N: 2
08-05 03:58:27.489 17099 17099 I Finsky  : [1] xle.a(27): Scheduling job Id: 9019, L: 26682951, D: 27582951, C: false, I: false, N: 0
08-05 03:58:27.502 24383 24383 I art     : Rejecting re-init on previously-failed class java.lang.Class<androidx.core.view.ViewCompat$2>
08-05 03:58:27.503 24383 24383 I art     : Rejecting re-init on previously-failed class java.lang.Class<androidx.core.view.ViewCompat$2>
08-05 03:58:27.529 24383 24414 D OpenGLRenderer: Use EGL_SWAP_BEHAVIOR_PRESERVED: true
08-05 03:58:27.551 24577 24411 I Icing   : Usage reports ok 4, Failed Usage reports 0, indexed 0, rejected 0
08-05 03:58:27.555 24577 24411 W Icing   : No valid account for uploading user actions
08-05 03:58:27.572 24577 24411 I Icing   : Usage reports ok 0, Failed Usage reports 0, indexed 0, rejected 0
08-05 03:58:27.572 24577 24411 I Icing   : Indexing com.google.android.gms-internal.3p:MobileApplication from com.google.android.gms using seqno 763
08-05 03:58:27.577 24577 24411 I Icing   : Indexing com.google.android.gms-internal.3p:MobileApplication from com.google.android.gms using seqno 763
08-05 03:58:27.584 24383 24414 I Adreno  : QUALCOMM build                   : fcf4852, I1af360237c
08-05 03:58:27.584 24383 24414 I Adreno  : Build Date                       : 09/23/15
08-05 03:58:27.584 24383 24414 I Adreno  : OpenGL ES Shader Compiler Version: XE031.05.13.02
08-05 03:58:27.584 24383 24414 I Adreno  : Local Branch                     : mybranch14465806
08-05 03:58:27.584 24383 24414 I Adreno  : Remote Branch                    : quic/LA.BF64.1.2.9_v2
08-05 03:58:27.584 24383 24414 I Adreno  : Remote Branch                    : NONE
08-05 03:58:27.584 24383 24414 I Adreno  : Reconstruct Branch               : NOTHING
08-05 03:58:27.589 24383 24414 I OpenGLRenderer: Initialized EGL, version 1.4
08-05 03:58:27.612 24577 13294 I Icing   : IndexChimeraService.getServiceInterface callingPackage=com.google.android.gms componentName=null serviceId=36
08-05 03:58:27.618   918  5481 I ActivityManager: START u0 {cmp=baseline.de.danoeh.antennapod.debug/baseline.de.danoeh.antennapod.activity.MainActivity} from uid 10691 on display 0
08-05 03:58:27.620 13866 13866 I GoogleInputMethodServic: GoogleInputMethodService.onFinishInput():3138 
08-05 03:58:27.620 13866 13866 I GoogleInputMethodServic: GoogleInputMethodService.onStartInput():1808 
08-05 03:58:27.630 24577 24411 W Icing   : No valid account for uploading user actions
08-05 03:58:27.646 24577 24411 I Icing   : Usage reports ok 0, Failed Usage reports 0, indexed 0, rejected 0
08-05 03:58:27.758 24383 24383 D UserPreferences: Using default data folder
08-05 03:58:27.806 24383 24383 D MainActivity: getLastNavFragment() -> QueueFragment
08-05 03:58:27.807 24383 24383 D MainActivity: loadFragment(tag: QueueFragment, args: null)
08-05 03:58:27.809 24383 24383 D MainActivity: saveLastNavFragment(tag: QueueFragment)
08-05 03:58:27.810 24383 24383 D MainActivity: getLastNavFragment() -> QueueFragment
08-05 03:58:27.811 24383 24383 D UserPreferences: timeOfDay: []
08-05 03:58:27.814 24383 24383 D AutoUpdateManager: Restarting update alarm.
08-05 03:58:27.815 24383 24383 D AutoUpdateManager: Changed alarm to new interval 12 h
08-05 03:58:27.840 24383 24383 D UserPreferences: timeOfDay: []
08-05 03:58:27.840 24383 24383 D AutoUpdateManager: Restarting update alarm.
08-05 03:58:27.841 24383 24383 D AutoUpdateManager: Changed alarm to new interval 12 h
08-05 03:58:27.877 24383 24383 D ExternalPlayerFragment: Loading media info
08-05 03:58:27.879 24383 24383 D QueueFragment: loadItems()
08-05 03:58:27.882 24383 24413 D DBReader: getQueue() called
08-05 03:58:27.882 24383 24413 D DBReader: getQueue()
08-05 03:58:27.883 24383 24413 D DBReader: getFavoriteIDList() called
08-05 03:58:27.884 24383 24413 D DBReader: getQueueIDList() called
08-05 03:58:27.885 24383 24413 D DBReader: Extracting Feedlist
08-05 03:58:27.887 24383 24383 V PlaybackController: initServiceNotRunning()
08-05 03:58:27.887 24383 24383 D ExternalPlayerFragment: Loading media info
08-05 03:58:27.891 24383 24383 D UserPreferences: Using default data folder
08-05 03:58:27.893 24383 24383 D AutoUpdateManager: last refresh: 443497 hours 58 minutes ago
08-05 03:58:27.894 24383 24413 D DBReader: getNavDrawerData() called with: 
08-05 03:58:27.899 24383 24413 D DBReader: getDownloadedItems() called
08-05 03:58:27.899 24383 24413 D DBReader: getFavoriteIDList() called
08-05 03:58:27.902 24383 24413 D DBReader: getQueueIDList() called
08-05 03:58:27.903 24383 24413 D DBReader: Extracting Feedlist
08-05 03:58:27.911   380   380 W SurfaceFlinger: couldn't log to binary event log: overflow.
08-05 03:58:28.013 24383 24383 D MainActivity: getLastNavFragment() -> QueueFragment
08-05 03:58:28.014 24383 24383 D MainActivity: handleNavIntent()
08-05 03:58:28.017 24254 24254 I ServiceManager: Waiting for service AtCmdFwd...
08-05 03:58:28.127   918   936 I ActivityManager: Displayed baseline.de.danoeh.antennapod.debug/baseline.de.danoeh.antennapod.activity.MainActivity: +409ms (total +816ms)
08-05 03:58:28.128 13866 13866 I GoogleInputMethodServic: GoogleInputMethodService.onFinishInput():3138 
08-05 03:58:28.130 13866 13866 I GoogleInputMethodServic: GoogleInputMethodService.onStartInput():1808 
08-05 03:58:28.160 29532 29532 W PathParser: Points are too far apart 4.030360828967057
08-05 03:58:28.161 29532 29532 W PathParser: Points are too far apart 4.030360538880159
08-05 03:58:28.179 29532 29532 W PathParser: Points are too far apart 4.030360828967057
08-05 03:58:28.179 29532 29532 W PathParser: Points are too far apart 4.030360538880159
08-05 03:58:28.193 29532 29532 W PathParser: Points are too far apart 4.030360828967057
08-05 03:58:28.194 29532 29532 W PathParser: Points are too far apart 4.030360538880159
08-05 03:58:28.211 29532 29532 W PathParser: Points are too far apart 4.030360828967057
08-05 03:58:28.213 29532 29532 W PathParser: Points are too far apart 4.030360538880159
08-05 03:58:28.233 29532 29532 W PathParser: Points are too far apart 4.030360828967057
08-05 03:58:28.233 29532 29532 W PathParser: Points are too far apart 4.030360538880159
08-05 03:58:28.245 29532 29532 W PathParser: Points are too far apart 4.030360828967057
08-05 03:58:28.245 29532 29532 W PathParser: Points are too far apart 4.030360538880159
08-05 03:58:28.261 29532 29532 W PathParser: Points are too far apart 4.030360828967057
08-05 03:58:28.261 29532 29532 W PathParser: Points are too far apart 4.030360538880159
08-05 03:58:28.278 29532 29532 W PathParser: Points are too far apart 4.030360828967057
08-05 03:58:28.278 29532 29532 W PathParser: Points are too far apart 4.030360538880159
08-05 03:58:28.556 24577 24411 I Icing   : Indexing com.google.android.gms-apps from com.google.android.gms
08-05 03:58:28.642 24577 24411 I Icing   : Indexing done com.google.android.gms-apps
08-05 03:58:28.909 24383 24445 D DBReader: Extracting Feedlist
08-05 03:58:28.911 24383 24445 D FlattrUtils: Retrieving access token
08-05 03:58:28.912 24383 24445 D FlattrUtils: No access token found
08-05 03:58:28.915 24383 24445 I art     : Rejecting re-init on previously-failed class java.lang.Class<androidx.core.app.JobIntentService$JobServiceEngineImpl>
08-05 03:58:28.915 24383 24445 I art     : Rejecting re-init on previously-failed class java.lang.Class<androidx.core.app.JobIntentService$JobServiceEngineImpl>
08-05 03:58:28.916 24383 24445 I art     : Rejecting re-init on previously-failed class java.lang.Class<androidx.core.app.SafeJobIntentService$SafeJobServiceEngineImpl>
08-05 03:58:28.916 24383 24445 I art     : Rejecting re-init on previously-failed class java.lang.Class<androidx.core.app.SafeJobIntentService$SafeJobServiceEngineImpl>
08-05 03:58:28.943 24440 24440 D AndroidRuntime: >>>>>> START com.android.internal.os.RuntimeInit uid 2000 <<<<<<
08-05 03:58:28.947 24440 24440 D AndroidRuntime: CheckJNI is OFF
08-05 03:58:28.972 24440 24440 D ICU     : No timezone override file found: /data/misc/zoneinfo/current/icu/icu_tzdata.dat
08-05 03:58:29.002 24440 24440 I Radio-JNI: register_android_hardware_Radio DONE
08-05 03:58:29.018 24440 24440 D AndroidRuntime: Calling main entry com.android.commands.am.Am
08-05 03:58:29.018 24254 24254 I ServiceManager: Waiting for service AtCmdFwd...
08-05 03:58:29.030 24044 24044 I Trepn   : Trepn 6.2s: Received intent: com.quicinc.trepn.start_profiling
08-05 03:58:29.204 24044 24044 W FileUtils: Failed to chmod(/storage/emulated/0/trepn/Trepn_2020.08.05_035829.db): android.system.ErrnoException: chmod failed: EPERM (Operation not permitted)
08-05 03:58:29.387 13866 13866 I GoogleInputMethodServic: GoogleInputMethodService.onFinishInput():3138 
08-05 03:58:29.387 13866 13866 I GoogleInputMethodServic: GoogleInputMethodService.onStartInput():1808 
08-05 03:58:29.421 24044 24044 I Trepn   : Trepn 6.2s: Trepn has Started Profiling.
08-05 03:58:29.423 24440 24440 D AndroidRuntime: Shutting down VM
08-05 03:58:29.891 24383 24403 I art     : Starting a blocking GC Explicit
08-05 03:58:29.913 24383 24403 I art     : Explicit concurrent mark sweep GC freed 11041(1563KB) AllocSpace objects, 7(140KB) LOS objects, 40% free, 23MB/38MB, paused 182us total 22.232ms
08-05 03:58:29.921 24383 24403 I art     : Starting a blocking GC Explicit
08-05 03:58:29.935 24383 24403 I art     : Explicit concurrent mark sweep GC freed 3355(193KB) AllocSpace objects, 2(588KB) LOS objects, 40% free, 22MB/37MB, paused 147us total 13.829ms
08-05 03:58:29.942 24383 24403 I art     : Starting a blocking GC Explicit
08-05 03:58:29.954 24383 24403 I art     : Explicit concurrent mark sweep GC freed 3(96B) AllocSpace objects, 0(0B) LOS objects, 40% free, 22MB/37MB, paused 147us total 12.020ms
08-05 03:58:29.960 24383 24403 I art     : Starting a blocking GC Explicit
08-05 03:58:29.973 24383 24403 I art     : Explicit concurrent mark sweep GC freed 3(96B) AllocSpace objects, 0(0B) LOS objects, 40% free, 22MB/37MB, paused 146us total 12.401ms
08-05 03:58:29.979 24383 24403 I art     : Starting a blocking GC Explicit
08-05 03:58:29.992 24383 24403 I art     : Explicit concurrent mark sweep GC freed 3(96B) AllocSpace objects, 0(0B) LOS objects, 40% free, 22MB/37MB, paused 145us total 12.439ms
08-05 03:58:30.019 24254 24254 I ServiceManager: Waiting for service AtCmdFwd...
08-05 03:58:30.270 24383 24404 I art     : Starting a blocking GC Explicit
08-05 03:58:30.294 24383 24404 I art     : Explicit concurrent mark sweep GC freed 1372(82KB) AllocSpace objects, 1(20KB) LOS objects, 40% free, 22MB/37MB, paused 222us total 23.855ms
08-05 03:58:30.305 24383 24404 I art     : Starting a blocking GC Explicit
08-05 03:58:30.322 24383 24404 I art     : Explicit concurrent mark sweep GC freed 23(752B) AllocSpace objects, 0(0B) LOS objects, 40% free, 22MB/37MB, paused 189us total 15.995ms
08-05 03:58:30.328 24383 24404 I art     : Starting a blocking GC Explicit
08-05 03:58:30.340 24383 24404 I art     : Explicit concurrent mark sweep GC freed 3(96B) AllocSpace objects, 0(0B) LOS objects, 40% free, 22MB/37MB, paused 157us total 12.160ms
08-05 03:58:30.347 24383 24404 I art     : Starting a blocking GC Explicit
08-05 03:58:30.358 24383 24404 I art     : Explicit concurrent mark sweep GC freed 3(96B) AllocSpace objects, 0(0B) LOS objects, 40% free, 22MB/37MB, paused 147us total 11.721ms
08-05 03:58:30.365 24383 24404 I art     : Starting a blocking GC Explicit
08-05 03:58:30.376 24383 24404 I art     : Explicit concurrent mark sweep GC freed 3(96B) AllocSpace objects, 0(0B) LOS objects, 40% free, 22MB/37MB, paused 135us total 11.209ms
08-05 03:58:30.637 24383 24416 I art     : Starting a blocking GC Explicit
08-05 03:58:30.652 24383 24416 I art     : Explicit concurrent mark sweep GC freed 1386(80KB) AllocSpace objects, 1(20KB) LOS objects, 40% free, 22MB/37MB, paused 170us total 15.060ms
08-05 03:58:30.659 24383 24416 I art     : Starting a blocking GC Explicit
08-05 03:58:30.672 24383 24416 I art     : Explicit concurrent mark sweep GC freed 23(752B) AllocSpace objects, 0(0B) LOS objects, 40% free, 22MB/37MB, paused 163us total 12.710ms
08-05 03:58:30.678 24383 24416 I art     : Starting a blocking GC Explicit
08-05 03:58:30.690 24383 24416 I art     : Explicit concurrent mark sweep GC freed 3(96B) AllocSpace objects, 0(0B) LOS objects, 40% free, 22MB/37MB, paused 158us total 11.722ms
08-05 03:58:30.696 24383 24416 I art     : Starting a blocking GC Explicit
08-05 03:58:30.708 24383 24416 I art     : Explicit concurrent mark sweep GC freed 3(96B) AllocSpace objects, 0(0B) LOS objects, 40% free, 22MB/37MB, paused 152us total 11.626ms
08-05 03:58:30.714 24383 24416 I art     : Starting a blocking GC Explicit
08-05 03:58:30.726 24383 24416 I art     : Explicit concurrent mark sweep GC freed 3(96B) AllocSpace objects, 0(0B) LOS objects, 40% free, 22MB/37MB, paused 159us total 11.847ms
08-05 03:58:31.020 24254 24254 I ServiceManager: Waiting for service AtCmdFwd...
08-05 03:58:31.029 24383 24403 I art     : Starting a blocking GC Explicit
08-05 03:58:31.047 24383 24403 I art     : Explicit concurrent mark sweep GC freed 1370(80KB) AllocSpace objects, 1(20KB) LOS objects, 40% free, 22MB/37MB, paused 366us total 17.953ms
08-05 03:58:31.055 24383 24403 I art     : Starting a blocking GC Explicit
08-05 03:58:31.068 24383 24403 I art     : Explicit concurrent mark sweep GC freed 26(848B) AllocSpace objects, 0(0B) LOS objects, 40% free, 22MB/37MB, paused 136us total 13.067ms
08-05 03:58:31.074 24383 24403 I art     : Starting a blocking GC Explicit
08-05 03:58:31.087 24383 24403 I art     : Explicit concurrent mark sweep GC freed 6(192B) AllocSpace objects, 0(0B) LOS objects, 40% free, 22MB/37MB, paused 132us total 12.792ms
08-05 03:58:31.094 24383 24403 I art     : Starting a blocking GC Explicit
08-05 03:58:31.106 24383 24403 I art     : Explicit concurrent mark sweep GC freed 5(160B) AllocSpace objects, 0(0B) LOS objects, 40% free, 22MB/37MB, paused 137us total 12.374ms
08-05 03:58:31.112 24383 24403 I art     : Starting a blocking GC Explicit
08-05 03:58:31.124 24383 24403 I art     : Explicit concurrent mark sweep GC freed 5(160B) AllocSpace objects, 0(0B) LOS objects, 40% free, 22MB/37MB, paused 141us total 11.961ms
08-05 03:58:31.392 24383 24404 I art     : Starting a blocking GC Explicit
08-05 03:58:31.408 24383 24404 I art     : Explicit concurrent mark sweep GC freed 1367(80KB) AllocSpace objects, 1(20KB) LOS objects, 40% free, 22MB/37MB, paused 159us total 15.781ms
08-05 03:58:31.415 24383 24404 I art     : Starting a blocking GC Explicit
08-05 03:58:31.428 24383 24404 I art     : Explicit concurrent mark sweep GC freed 23(752B) AllocSpace objects, 0(0B) LOS objects, 40% free, 22MB/37MB, paused 155us total 13.586ms
08-05 03:58:31.435 24383 24404 I art     : Starting a blocking GC Explicit
08-05 03:58:31.448 24383 24404 I art     : Explicit concurrent mark sweep GC freed 3(96B) AllocSpace objects, 0(0B) LOS objects, 40% free, 22MB/37MB, paused 151us total 12.965ms
08-05 03:58:31.455 24383 24404 I art     : Starting a blocking GC Explicit
08-05 03:58:31.468 24383 24404 I art     : Explicit concurrent mark sweep GC freed 3(96B) AllocSpace objects, 0(0B) LOS objects, 40% free, 22MB/37MB, paused 162us total 12.277ms
08-05 03:58:31.474 24383 24404 I art     : Starting a blocking GC Explicit
08-05 03:58:31.487 24383 24404 I art     : Explicit concurrent mark sweep GC freed 3(96B) AllocSpace objects, 0(0B) LOS objects, 40% free, 22MB/37MB, paused 171us total 12.805ms
08-05 03:58:31.768 24383 24416 I art     : Starting a blocking GC Explicit
08-05 03:58:31.784 24383 24416 I art     : Explicit concurrent mark sweep GC freed 1385(81KB) AllocSpace objects, 1(20KB) LOS objects, 40% free, 22MB/37MB, paused 175us total 15.199ms
08-05 03:58:31.791 24383 24416 I art     : Starting a blocking GC Explicit
08-05 03:58:31.804 24383 24416 I art     : Explicit concurrent mark sweep GC freed 23(752B) AllocSpace objects, 0(0B) LOS objects, 40% free, 22MB/37MB, paused 158us total 13.534ms
08-05 03:58:31.811 24383 24416 I art     : Starting a blocking GC Explicit
08-05 03:58:31.824 24383 24416 I art     : Explicit concurrent mark sweep GC freed 3(96B) AllocSpace objects, 0(0B) LOS objects, 40% free, 22MB/37MB, paused 155us total 12.595ms
08-05 03:58:31.830 24383 24416 I art     : Starting a blocking GC Explicit
08-05 03:58:31.843 24383 24416 I art     : Explicit concurrent mark sweep GC freed 3(96B) AllocSpace objects, 0(0B) LOS objects, 40% free, 22MB/37MB, paused 158us total 12.106ms
08-05 03:58:31.849 24383 24416 I art     : Starting a blocking GC Explicit
08-05 03:58:31.861 24383 24416 I art     : Explicit concurrent mark sweep GC freed 3(96B) AllocSpace objects, 0(0B) LOS objects, 40% free, 22MB/37MB, paused 161us total 12.345ms
08-05 03:58:32.020 24254 24254 W Atfwd_Sendcmd: AtCmdFwd service not published, waiting... retryCnt : 4
08-05 03:58:32.171 24383 24403 I art     : Starting a blocking GC Explicit
08-05 03:58:32.190 24383 24403 I art     : Explicit concurrent mark sweep GC freed 1360(81KB) AllocSpace objects, 1(20KB) LOS objects, 40% free, 22MB/37MB, paused 176us total 18.932ms
08-05 03:58:32.201 24383 24403 I art     : Starting a blocking GC Explicit
08-05 03:58:32.217 24383 24403 I art     : Explicit concurrent mark sweep GC freed 23(752B) AllocSpace objects, 0(0B) LOS objects, 40% free, 22MB/37MB, paused 185us total 16.005ms
08-05 03:58:32.225 24383 24403 I art     : Starting a blocking GC Explicit
08-05 03:58:32.238 24383 24403 I art     : Explicit concurrent mark sweep GC freed 3(96B) AllocSpace objects, 0(0B) LOS objects, 40% free, 22MB/37MB, paused 142us total 12.838ms
08-05 03:58:32.245 24383 24403 I art     : Starting a blocking GC Explicit
08-05 03:58:32.258 24383 24403 I art     : Explicit concurrent mark sweep GC freed 3(96B) AllocSpace objects, 0(0B) LOS objects, 40% free, 22MB/37MB, paused 151us total 12.808ms
08-05 03:58:32.264 24383 24403 I art     : Starting a blocking GC Explicit
08-05 03:58:32.277 24383 24403 I art     : Explicit concurrent mark sweep GC freed 3(96B) AllocSpace objects, 0(0B) LOS objects, 40% free, 22MB/37MB, paused 191us total 12.609ms
08-05 03:58:32.569 24383 24404 I art     : Starting a blocking GC Explicit
08-05 03:58:32.587 24383 24404 I art     : Explicit concurrent mark sweep GC freed 1386(82KB) AllocSpace objects, 1(20KB) LOS objects, 40% free, 22MB/37MB, paused 210us total 17.260ms
08-05 03:58:32.596 24383 24404 I art     : Starting a blocking GC Explicit
08-05 03:58:32.610 24383 24404 I art     : Explicit concurrent mark sweep GC freed 23(752B) AllocSpace objects, 0(0B) LOS objects, 40% free, 22MB/37MB, paused 155us total 13.009ms
08-05 03:58:32.616 24383 24404 I art     : Starting a blocking GC Explicit
08-05 03:58:32.629 24383 24404 I art     : Explicit concurrent mark sweep GC freed 3(96B) AllocSpace objects, 0(0B) LOS objects, 40% free, 22MB/37MB, paused 152us total 12.379ms
08-05 03:58:32.635 24383 24404 I art     : Starting a blocking GC Explicit
08-05 03:58:32.647 24383 24404 I art     : Explicit concurrent mark sweep GC freed 3(96B) AllocSpace objects, 0(0B) LOS objects, 40% free, 22MB/37MB, paused 152us total 12.511ms
08-05 03:58:32.653 24383 24404 I art     : Starting a blocking GC Explicit
08-05 03:58:32.666 24383 24404 I art     : Explicit concurrent mark sweep GC freed 3(96B) AllocSpace objects, 0(0B) LOS objects, 40% free, 22MB/37MB, paused 147us total 12.431ms
08-05 03:58:32.985 24383 24416 I art     : Starting a blocking GC Explicit
08-05 03:58:33.009 24383 24416 I art     : Explicit concurrent mark sweep GC freed 1358(79KB) AllocSpace objects, 1(20KB) LOS objects, 40% free, 22MB/37MB, paused 218us total 23.408ms
08-05 03:58:33.021 24383 24416 I art     : Starting a blocking GC Explicit
08-05 03:58:33.037 24383 24416 I art     : Explicit concurrent mark sweep GC freed 23(752B) AllocSpace objects, 0(0B) LOS objects, 40% free, 22MB/37MB, paused 190us total 16.406ms
08-05 03:58:33.045 24383 24416 I art     : Starting a blocking GC Explicit
08-05 03:58:33.058 24383 24416 I art     : Explicit concurrent mark sweep GC freed 3(96B) AllocSpace objects, 0(0B) LOS objects, 40% free, 22MB/37MB, paused 153us total 12.914ms
08-05 03:58:33.065 24383 24416 I art     : Starting a blocking GC Explicit
08-05 03:58:33.078 24383 24416 I art     : Explicit concurrent mark sweep GC freed 3(96B) AllocSpace objects, 0(0B) LOS objects, 40% free, 22MB/37MB, paused 160us total 12.984ms
08-05 03:58:33.084 24383 24416 I art     : Starting a blocking GC Explicit
08-05 03:58:33.097 24383 24416 I art     : Explicit concurrent mark sweep GC freed 3(96B) AllocSpace objects, 0(0B) LOS objects, 40% free, 22MB/37MB, paused 148us total 12.559ms
08-05 03:58:33.367 24383 24403 I art     : Starting a blocking GC Explicit
08-05 03:58:33.380 24383 24403 I art     : Explicit concurrent mark sweep GC freed 1358(79KB) AllocSpace objects, 1(20KB) LOS objects, 40% free, 22MB/37MB, paused 139us total 13.608ms
08-05 03:58:33.387 24383 24403 I art     : Starting a blocking GC Explicit
08-05 03:58:33.399 24383 24403 I art     : Explicit concurrent mark sweep GC freed 23(752B) AllocSpace objects, 0(0B) LOS objects, 40% free, 22MB/37MB, paused 132us total 11.918ms
08-05 03:58:33.404 24383 24403 I art     : Starting a blocking GC Explicit
08-05 03:58:33.416 24383 24403 I art     : Explicit concurrent mark sweep GC freed 3(96B) AllocSpace objects, 0(0B) LOS objects, 40% free, 22MB/37MB, paused 170us total 11.436ms
08-05 03:58:33.422 24383 24403 I art     : Starting a blocking GC Explicit
08-05 03:58:33.433 24383 24403 I art     : Explicit concurrent mark sweep GC freed 3(96B) AllocSpace objects, 0(0B) LOS objects, 40% free, 22MB/37MB, paused 132us total 11.402ms
08-05 03:58:33.439 24383 24403 I art     : Starting a blocking GC Explicit
08-05 03:58:33.451 24383 24403 I art     : Explicit concurrent mark sweep GC freed 3(96B) AllocSpace objects, 0(0B) LOS objects, 40% free, 22MB/37MB, paused 129us total 10.953ms
08-05 03:58:33.727 24383 24404 I art     : Starting a blocking GC Explicit
08-05 03:58:33.743 24383 24404 I art     : Explicit concurrent mark sweep GC freed 1384(80KB) AllocSpace objects, 1(20KB) LOS objects, 40% free, 22MB/37MB, paused 171us total 15.139ms
08-05 03:58:33.749 24383 24404 I art     : Starting a blocking GC Explicit
08-05 03:58:33.763 24383 24404 I art     : Explicit concurrent mark sweep GC freed 23(752B) AllocSpace objects, 0(0B) LOS objects, 40% free, 22MB/37MB, paused 164us total 13.348ms
08-05 03:58:33.769 24383 24404 I art     : Starting a blocking GC Explicit
08-05 03:58:33.782 24383 24404 I art     : Explicit concurrent mark sweep GC freed 3(96B) AllocSpace objects, 0(0B) LOS objects, 40% free, 22MB/37MB, paused 149us total 12.602ms
08-05 03:58:33.788 24383 24404 I art     : Starting a blocking GC Explicit
08-05 03:58:33.801 24383 24404 I art     : Explicit concurrent mark sweep GC freed 3(96B) AllocSpace objects, 0(0B) LOS objects, 40% free, 22MB/37MB, paused 160us total 12.427ms
08-05 03:58:33.807 24383 24404 I art     : Starting a blocking GC Explicit
08-05 03:58:33.820 24383 24404 I art     : Explicit concurrent mark sweep GC freed 3(96B) AllocSpace objects, 0(0B) LOS objects, 40% free, 22MB/37MB, paused 143us total 12.343ms
08-05 03:58:34.118 24383 24416 I art     : Starting a blocking GC Explicit
08-05 03:58:34.137 24383 24416 I art     : Explicit concurrent mark sweep GC freed 1358(79KB) AllocSpace objects, 1(20KB) LOS objects, 40% free, 22MB/37MB, paused 209us total 18.831ms
08-05 03:58:34.144 24383 24416 I art     : Starting a blocking GC Explicit
08-05 03:58:34.156 24383 24416 I art     : Explicit concurrent mark sweep GC freed 23(752B) AllocSpace objects, 0(0B) LOS objects, 40% free, 22MB/37MB, paused 158us total 12.438ms
08-05 03:58:34.162 24383 24416 I art     : Starting a blocking GC Explicit
08-05 03:58:34.174 24383 24416 I art     : Explicit concurrent mark sweep GC freed 3(96B) AllocSpace objects, 0(0B) LOS objects, 40% free, 22MB/37MB, paused 132us total 11.895ms
08-05 03:58:34.180 24383 24416 I art     : Starting a blocking GC Explicit
08-05 03:58:34.192 24383 24416 I art     : Explicit concurrent mark sweep GC freed 3(96B) AllocSpace objects, 0(0B) LOS objects, 40% free, 22MB/37MB, paused 142us total 11.208ms
08-05 03:58:34.197 24383 24416 I art     : Starting a blocking GC Explicit
08-05 03:58:34.208 24383 24416 I art     : Explicit concurrent mark sweep GC freed 3(96B) AllocSpace objects, 0(0B) LOS objects, 40% free, 22MB/37MB, paused 160us total 11.004ms
08-05 03:58:34.447 24383 24403 I art     : Starting a blocking GC Explicit
08-05 03:58:34.460 24383 24403 I art     : Explicit concurrent mark sweep GC freed 1357(79KB) AllocSpace objects, 1(20KB) LOS objects, 40% free, 22MB/37MB, paused 148us total 13.118ms
08-05 03:58:34.467 24383 24403 I art     : Starting a blocking GC Explicit
08-05 03:58:34.480 24383 24403 I art     : Explicit concurrent mark sweep GC freed 23(752B) AllocSpace objects, 0(0B) LOS objects, 40% free, 22MB/37MB, paused 148us total 12.666ms
08-05 03:58:34.486 24383 24403 I art     : Starting a blocking GC Explicit
08-05 03:58:34.498 24383 24403 I art     : Explicit concurrent mark sweep GC freed 3(96B) AllocSpace objects, 0(0B) LOS objects, 40% free, 22MB/37MB, paused 144us total 12.050ms
08-05 03:58:34.504 24383 24403 I art     : Starting a blocking GC Explicit
08-05 03:58:34.517 24383 24403 I art     : Explicit concurrent mark sweep GC freed 3(96B) AllocSpace objects, 0(0B) LOS objects, 40% free, 22MB/37MB, paused 139us total 12.910ms
08-05 03:58:34.523 24383 24403 I art     : Starting a blocking GC Explicit
08-05 03:58:34.535 24383 24403 I art     : Explicit concurrent mark sweep GC freed 30(832B) AllocSpace objects, 0(0B) LOS objects, 40% free, 22MB/37MB, paused 141us total 11.977ms
08-05 03:58:34.604 24611 24611 D AndroidRuntime: >>>>>> START com.android.internal.os.RuntimeInit uid 2000 <<<<<<
08-05 03:58:34.608 24611 24611 D AndroidRuntime: CheckJNI is OFF
08-05 03:58:34.634 24611 24611 D ICU     : No timezone override file found: /data/misc/zoneinfo/current/icu/icu_tzdata.dat
08-05 03:58:34.659 24611 24611 I Radio-JNI: register_android_hardware_Radio DONE
08-05 03:58:34.675 24611 24611 D AndroidRuntime: Calling main entry com.android.commands.input.Input
08-05 03:58:34.677 24611 24611 I Input   : injectMotionEvent: MotionEvent { action=ACTION_DOWN, actionButton=0, id[0]=0, x[0]=1233.0, y[0]=1274.0, toolType[0]=TOOL_TYPE_UNKNOWN, buttonState=0, metaState=0, flags=0x0, edgeFlags=0x0, pointerCount=1, historySize=0, eventTime=763131090, downTime=763131090, deviceId=0, source=0x1002 }
08-05 03:58:34.684 24611 24611 I Input   : injectMotionEvent: MotionEvent { action=ACTION_UP, actionButton=0, id[0]=0, x[0]=1233.0, y[0]=1274.0, toolType[0]=TOOL_TYPE_UNKNOWN, buttonState=0, metaState=0, flags=0x0, edgeFlags=0x0, pointerCount=1, historySize=0, eventTime=763131090, downTime=763131090, deviceId=0, source=0x1002 }
08-05 03:58:34.688 24611 24611 D AndroidRuntime: Shutting down VM
08-05 03:58:34.771 24383 24416 I art     : Starting a blocking GC Explicit
08-05 03:58:34.784 24383 24416 I art     : Explicit concurrent mark sweep GC freed 1361(79KB) AllocSpace objects, 1(20KB) LOS objects, 40% free, 22MB/37MB, paused 202us total 12.658ms
08-05 03:58:34.790 24383 24416 I art     : Starting a blocking GC Explicit
08-05 03:58:34.803 24383 24416 I art     : Explicit concurrent mark sweep GC freed 23(752B) AllocSpace objects, 0(0B) LOS objects, 40% free, 22MB/37MB, paused 146us total 11.931ms
08-05 03:58:34.809 24383 24416 I art     : Starting a blocking GC Explicit
08-05 03:58:34.821 24383 24416 I art     : Explicit concurrent mark sweep GC freed 3(96B) AllocSpace objects, 0(0B) LOS objects, 40% free, 22MB/37MB, paused 188us total 12.091ms
08-05 03:58:34.828 24383 24416 I art     : Starting a blocking GC Explicit
08-05 03:58:34.841 24383 24416 I art     : Explicit concurrent mark sweep GC freed 3(96B) AllocSpace objects, 0(0B) LOS objects, 40% free, 22MB/37MB, paused 147us total 12.309ms
08-05 03:58:34.847 24383 24416 I art     : Starting a blocking GC Explicit
08-05 03:58:34.859 24383 24416 I art     : Explicit concurrent mark sweep GC freed 3(96B) AllocSpace objects, 0(0B) LOS objects, 40% free, 22MB/37MB, paused 146us total 12.217ms
08-05 03:58:35.073 24383 24404 I art     : Starting a blocking GC Explicit
08-05 03:58:35.088 24383 24404 I art     : Explicit concurrent mark sweep GC freed 1358(79KB) AllocSpace objects, 1(20KB) LOS objects, 40% free, 22MB/37MB, paused 221us total 14.332ms
08-05 03:58:35.095 24383 24404 I art     : Starting a blocking GC Explicit
08-05 03:58:35.110 24383 24404 I art     : Explicit concurrent mark sweep GC freed 53(1712B) AllocSpace objects, 0(0B) LOS objects, 40% free, 22MB/37MB, paused 161us total 14.222ms
08-05 03:58:35.116 24383 24404 I art     : Starting a blocking GC Explicit
08-05 03:58:35.123 13866 13866 I GoogleInputMethodServic: GoogleInputMethodService.onFinishInput():3138 
08-05 03:58:35.124 13866 13866 I GoogleInputMethodServic: GoogleInputMethodService.onStartInput():1808 
08-05 03:58:35.130 24383 24404 I art     : Explicit concurrent mark sweep GC freed 69(2864B) AllocSpace objects, 0(0B) LOS objects, 40% free, 22MB/37MB, paused 172us total 13.424ms
08-05 03:58:35.136 24383 24404 I art     : Starting a blocking GC Explicit
08-05 03:58:35.149 24383 24404 I art     : Explicit concurrent mark sweep GC freed 11(544B) AllocSpace objects, 0(0B) LOS objects, 40% free, 22MB/37MB, paused 152us total 12.555ms
08-05 03:58:35.154 24383 24404 I art     : Starting a blocking GC Explicit
08-05 03:58:35.166 24383 24404 I art     : Explicit concurrent mark sweep GC freed 3(96B) AllocSpace objects, 0(0B) LOS objects, 40% free, 22MB/37MB, paused 147us total 11.780ms
08-05 03:58:35.444 24383 24403 I art     : Starting a blocking GC Explicit
08-05 03:58:35.466 24383 24403 I art     : Explicit concurrent mark sweep GC freed 1357(79KB) AllocSpace objects, 1(20KB) LOS objects, 40% free, 22MB/37MB, paused 199us total 21.945ms
08-05 03:58:35.477 24383 24403 I art     : Starting a blocking GC Explicit
08-05 03:58:35.492 24383 24403 I art     : Explicit concurrent mark sweep GC freed 23(752B) AllocSpace objects, 0(0B) LOS objects, 40% free, 22MB/37MB, paused 152us total 15.075ms
08-05 03:58:35.498 24383 24403 I art     : Starting a blocking GC Explicit
08-05 03:58:35.512 24383 24403 I art     : Explicit concurrent mark sweep GC freed 3(96B) AllocSpace objects, 0(0B) LOS objects, 40% free, 22MB/37MB, paused 151us total 13.050ms
08-05 03:58:35.518 24383 24403 I art     : Starting a blocking GC Explicit
08-05 03:58:35.531 24383 24403 I art     : Explicit concurrent mark sweep GC freed 30(832B) AllocSpace objects, 0(0B) LOS objects, 40% free, 22MB/37MB, paused 144us total 12.558ms
08-05 03:58:35.537 24383 24403 I art     : Starting a blocking GC Explicit
08-05 03:58:35.550 24383 24403 I art     : Explicit concurrent mark sweep GC freed 3(96B) AllocSpace objects, 0(0B) LOS objects, 40% free, 22MB/37MB, paused 137us total 12.298ms
08-05 03:58:35.828 24383 24416 I art     : Starting a blocking GC Explicit
08-05 03:58:35.847 24383 24416 I art     : Explicit concurrent mark sweep GC freed 1358(79KB) AllocSpace objects, 1(20KB) LOS objects, 40% free, 22MB/37MB, paused 203us total 18.697ms
08-05 03:58:35.856 24383 24416 I art     : Starting a blocking GC Explicit
08-05 03:58:35.869 24383 24416 I art     : Explicit concurrent mark sweep GC freed 23(752B) AllocSpace objects, 0(0B) LOS objects, 40% free, 22MB/37MB, paused 159us total 13.219ms
08-05 03:58:35.876 24383 24416 I art     : Starting a blocking GC Explicit
08-05 03:58:35.889 24383 24416 I art     : Explicit concurrent mark sweep GC freed 3(96B) AllocSpace objects, 0(0B) LOS objects, 40% free, 22MB/37MB, paused 158us total 12.872ms
08-05 03:58:35.895 24383 24416 I art     : Starting a blocking GC Explicit
08-05 03:58:35.908 24383 24416 I art     : Explicit concurrent mark sweep GC freed 3(96B) AllocSpace objects, 0(0B) LOS objects, 40% free, 22MB/37MB, paused 158us total 12.679ms
08-05 03:58:35.915 24383 24416 I art     : Starting a blocking GC Explicit
08-05 03:58:35.927 24383 24416 I art     : Explicit concurrent mark sweep GC freed 3(96B) AllocSpace objects, 0(0B) LOS objects, 40% free, 22MB/37MB, paused 162us total 12.682ms
08-05 03:58:36.169 24383 24404 I art     : Starting a blocking GC Explicit
08-05 03:58:36.183 24383 24404 I art     : Explicit concurrent mark sweep GC freed 1357(79KB) AllocSpace objects, 1(20KB) LOS objects, 40% free, 22MB/37MB, paused 157us total 13.179ms
08-05 03:58:36.189 24383 24404 I art     : Starting a blocking GC Explicit
08-05 03:58:36.202 24383 24404 I art     : Explicit concurrent mark sweep GC freed 23(752B) AllocSpace objects, 0(0B) LOS objects, 40% free, 22MB/37MB, paused 158us total 12.543ms
08-05 03:58:36.208 24383 24404 I art     : Starting a blocking GC Explicit
08-05 03:58:36.221 24383 24404 I art     : Explicit concurrent mark sweep GC freed 3(96B) AllocSpace objects, 0(0B) LOS objects, 40% free, 22MB/37MB, paused 153us total 12.455ms
08-05 03:58:36.227 24383 24404 I art     : Starting a blocking GC Explicit
08-05 03:58:36.240 24675 24675 D AndroidRuntime: >>>>>> START com.android.internal.os.RuntimeInit uid 2000 <<<<<<
08-05 03:58:36.240 24383 24404 I art     : Explicit concurrent mark sweep GC freed 3(96B) AllocSpace objects, 0(0B) LOS objects, 40% free, 22MB/37MB, paused 153us total 12.969ms
08-05 03:58:36.244 24675 24675 D AndroidRuntime: CheckJNI is OFF
08-05 03:58:36.246 24383 24404 I art     : Starting a blocking GC Explicit
08-05 03:58:36.258 24383 24404 I art     : Explicit concurrent mark sweep GC freed 3(96B) AllocSpace objects, 0(0B) LOS objects, 40% free, 22MB/37MB, paused 152us total 12.062ms
08-05 03:58:36.273 24675 24675 D ICU     : No timezone override file found: /data/misc/zoneinfo/current/icu/icu_tzdata.dat
08-05 03:58:36.297 24675 24675 I Radio-JNI: register_android_hardware_Radio DONE
08-05 03:58:36.312 24675 24675 D AndroidRuntime: Calling main entry com.android.commands.input.Input
08-05 03:58:36.314 24675 24675 I Input   : injectMotionEvent: MotionEvent { action=ACTION_DOWN, actionButton=0, id[0]=0, x[0]=103.0, y[0]=192.0, toolType[0]=TOOL_TYPE_UNKNOWN, buttonState=0, metaState=0, flags=0x0, edgeFlags=0x0, pointerCount=1, historySize=0, eventTime=763132727, downTime=763132727, deviceId=0, source=0x1002 }
08-05 03:58:36.320 24675 24675 I Input   : injectMotionEvent: MotionEvent { action=ACTION_UP, actionButton=0, id[0]=0, x[0]=103.0, y[0]=192.0, toolType[0]=TOOL_TYPE_UNKNOWN, buttonState=0, metaState=0, flags=0x0, edgeFlags=0x0, pointerCount=1, historySize=0, eventTime=763132727, downTime=763132727, deviceId=0, source=0x1002 }
08-05 03:58:36.321 24675 24675 D AndroidRuntime: Shutting down VM
08-05 03:58:36.340   512  2967 D audio_hw_primary: out_set_parameters: enter: usecase(1: low-latency-playback) kvpairs: routing=2
08-05 03:58:36.353   512  2967 D audio_hw_primary: select_devices: out_snd_device(2: speaker) in_snd_device(0: none)
08-05 03:58:36.353   512  2967 D msm8974_platform: platform_send_audio_calibration: sending audio calibration for snd_device(2) acdb_id(15)
08-05 03:58:36.353   512  2967 I soundtrigger: audio_extn_sound_trigger_update_device_status: device 0x2 of type 0 for Event 1
08-05 03:58:36.363   512  2967 D audio_hw_primary: enable_snd_device: snd_device(2: speaker)
08-05 03:58:36.365   512  2967 D audio_hw_primary: enable_audio_route: apply and update mixer path: low-latency-playback speaker
08-05 03:58:36.377 13866 13866 I GoogleInputMethodServic: GoogleInputMethodService.onFinishInput():3138 
08-05 03:58:36.378 13866 13866 I GoogleInputMethodServic: GoogleInputMethodService.onStartInput():1808 
08-05 03:58:36.479 24383 24403 I art     : Starting a blocking GC Explicit
08-05 03:58:36.494 24383 24403 I art     : Explicit concurrent mark sweep GC freed 1866(104KB) AllocSpace objects, 1(20KB) LOS objects, 40% free, 22MB/37MB, paused 155us total 14.553ms
08-05 03:58:36.500 24383 24403 I art     : Starting a blocking GC Explicit
08-05 03:58:36.515 24383 24403 I art     : Explicit concurrent mark sweep GC freed 35(1488B) AllocSpace objects, 0(0B) LOS objects, 40% free, 22MB/37MB, paused 157us total 14.368ms
08-05 03:58:36.521 24383 24403 I art     : Starting a blocking GC Explicit
08-05 03:58:36.536 24383 24403 I art     : Explicit concurrent mark sweep GC freed 30(832B) AllocSpace objects, 0(0B) LOS objects, 40% free, 22MB/37MB, paused 367us total 14.495ms
08-05 03:58:36.544 24383 24403 I art     : Starting a blocking GC Explicit
08-05 03:58:36.556 24383 24403 I art     : Explicit concurrent mark sweep GC freed 5(160B) AllocSpace objects, 0(0B) LOS objects, 40% free, 22MB/37MB, paused 141us total 11.576ms
08-05 03:58:36.562 24383 24403 I art     : Starting a blocking GC Explicit
08-05 03:58:36.574 24383 24403 I art     : Explicit concurrent mark sweep GC freed 3(96B) AllocSpace objects, 0(0B) LOS objects, 40% free, 22MB/37MB, paused 139us total 11.592ms
08-05 03:58:36.794 24383 24416 I art     : Starting a blocking GC Explicit
08-05 03:58:36.807 24383 24416 I art     : Explicit concurrent mark sweep GC freed 1376(80KB) AllocSpace objects, 1(20KB) LOS objects, 40% free, 22MB/37MB, paused 206us total 12.347ms
08-05 03:58:36.817 24383 24416 I art     : Starting a blocking GC Explicit
08-05 03:58:36.833 24383 24416 I art     : Explicit concurrent mark sweep GC freed 39(1264B) AllocSpace objects, 0(0B) LOS objects, 40% free, 22MB/37MB, paused 166us total 15.491ms
08-05 03:58:36.840 24383 24416 I art     : Starting a blocking GC Explicit
08-05 03:58:36.851 24383 24416 I art     : Explicit concurrent mark sweep GC freed 3(96B) AllocSpace objects, 0(0B) LOS objects, 40% free, 22MB/37MB, paused 147us total 11.268ms
08-05 03:58:36.857 24383 24416 I art     : Starting a blocking GC Explicit
08-05 03:58:36.868 24383 24416 I art     : Explicit concurrent mark sweep GC freed 3(96B) AllocSpace objects, 0(0B) LOS objects, 40% free, 22MB/37MB, paused 146us total 10.751ms
08-05 03:58:36.874 24383 24416 I art     : Starting a blocking GC Explicit
08-05 03:58:36.877 24711 24711 D AndroidRuntime: >>>>>> START com.android.internal.os.RuntimeInit uid 2000 <<<<<<
08-05 03:58:36.881 24711 24711 D AndroidRuntime: CheckJNI is OFF
08-05 03:58:36.885 24383 24416 I art     : Explicit concurrent mark sweep GC freed 3(96B) AllocSpace objects, 0(0B) LOS objects, 40% free, 22MB/37MB, paused 146us total 11.449ms
08-05 03:58:36.905 24711 24711 D ICU     : No timezone override file found: /data/misc/zoneinfo/current/icu/icu_tzdata.dat
08-05 03:58:36.908   512  2967 D audio_hw_primary: disable_audio_route: reset and update mixer path: low-latency-playback speaker
08-05 03:58:36.909   512  2967 D audio_hw_primary: disable_snd_device: snd_device(2: speaker)
08-05 03:58:36.916   512  2967 I soundtrigger: audio_extn_sound_trigger_update_device_status: device 0x2 of type 0 for Event 0
08-05 03:58:36.928 24711 24711 I Radio-JNI: register_android_hardware_Radio DONE
08-05 03:58:36.943 24711 24711 D AndroidRuntime: Calling main entry com.android.commands.input.Input
08-05 03:58:36.944 24711 24711 I Input   : injectMotionEvent: MotionEvent { action=ACTION_DOWN, actionButton=0, id[0]=0, x[0]=324.0, y[0]=2298.0, toolType[0]=TOOL_TYPE_UNKNOWN, buttonState=0, metaState=0, flags=0x0, edgeFlags=0x0, pointerCount=1, historySize=0, eventTime=763133357, downTime=763133357, deviceId=0, source=0x1002 }
08-05 03:58:36.948 24711 24711 I Input   : injectMotionEvent: MotionEvent { action=ACTION_UP, actionButton=0, id[0]=0, x[0]=324.0, y[0]=2298.0, toolType[0]=TOOL_TYPE_UNKNOWN, buttonState=0, metaState=0, flags=0x0, edgeFlags=0x0, pointerCount=1, historySize=0, eventTime=763133357, downTime=763133357, deviceId=0, source=0x1002 }
08-05 03:58:36.950 24711 24711 D AndroidRuntime: Shutting down VM
08-05 03:58:36.955   918  5952 I ActivityManager: START u0 {cmp=baseline.de.danoeh.antennapod.debug/baseline.de.danoeh.antennapod.activity.PreferenceActivity} from uid 10691 on display 0
08-05 03:58:36.958   512  2967 D audio_hw_primary: out_set_parameters: enter: usecase(1: low-latency-playback) kvpairs: routing=2
08-05 03:58:36.973   512  2967 D audio_hw_primary: select_devices: out_snd_device(2: speaker) in_snd_device(0: none)
08-05 03:58:36.973   512  2967 D msm8974_platform: platform_send_audio_calibration: sending audio calibration for snd_device(2) acdb_id(15)
08-05 03:58:36.973   512  2967 I soundtrigger: audio_extn_sound_trigger_update_device_status: device 0x2 of type 0 for Event 1
08-05 03:58:36.984   512  2967 D audio_hw_primary: enable_snd_device: snd_device(2: speaker)
08-05 03:58:36.986   512  2967 D audio_hw_primary: enable_audio_route: apply and update mixer path: low-latency-playback speaker
08-05 03:58:37.030   512  2967 D AudioFlinger: mixer(0xf4740000) throttle end: throttle time(12)
08-05 03:58:37.106 24383 24403 I art     : Starting a blocking GC Explicit
08-05 03:58:37.126 24383 24403 I art     : Explicit concurrent mark sweep GC freed 4250(436KB) AllocSpace objects, 2(40KB) LOS objects, 40% free, 23MB/38MB, paused 365us total 20.052ms
08-05 03:58:37.132 24383 24403 I art     : Starting a blocking GC Explicit
08-05 03:58:37.148 24383 24403 I art     : Explicit concurrent mark sweep GC freed 457(22KB) AllocSpace objects, 0(0B) LOS objects, 40% free, 23MB/39MB, paused 232us total 15.047ms
08-05 03:58:37.154 24383 24403 I art     : Starting a blocking GC Explicit
08-05 03:58:37.168 24383 24403 I art     : Explicit concurrent mark sweep GC freed 27(1392B) AllocSpace objects, 0(0B) LOS objects, 40% free, 23MB/38MB, paused 183us total 13.770ms
08-05 03:58:37.174 24383 24403 I art     : Starting a blocking GC Explicit
08-05 03:58:37.188 24383 24403 I art     : Explicit concurrent mark sweep GC freed 3(96B) AllocSpace objects, 0(0B) LOS objects, 40% free, 23MB/38MB, paused 181us total 13.669ms
08-05 03:58:37.194 24383 24403 I art     : Starting a blocking GC Explicit
08-05 03:58:37.208 24383 24403 I art     : Explicit concurrent mark sweep GC freed 3(96B) AllocSpace objects, 0(0B) LOS objects, 40% free, 23MB/38MB, paused 167us total 13.764ms
08-05 03:58:37.219   918   936 I ActivityManager: Displayed baseline.de.danoeh.antennapod.debug/baseline.de.danoeh.antennapod.activity.PreferenceActivity: +240ms
08-05 03:58:37.220 13866 13866 I GoogleInputMethodServic: GoogleInputMethodService.onFinishInput():3138 
08-05 03:58:37.221 13866 13866 I GoogleInputMethodServic: GoogleInputMethodService.onStartInput():1808 
08-05 03:58:37.239 24383 24414 D OpenGLRenderer: endAllStagingAnimators on 0x7f7f353000 (RippleDrawable) with handle 0x7f7e22ba60
08-05 03:58:37.453 24383 24416 I art     : Starting a blocking GC Explicit
08-05 03:58:37.470   380   380 W SurfaceFlinger: couldn't log to binary event log: overflow.
08-05 03:58:37.472 24383 24416 I art     : Explicit concurrent mark sweep GC freed 1650(90KB) AllocSpace objects, 1(20KB) LOS objects, 40% free, 23MB/38MB, paused 181us total 18.257ms
08-05 03:58:37.482 24383 24416 I art     : Starting a blocking GC Explicit
08-05 03:58:37.496 24383 24416 I art     : Explicit concurrent mark sweep GC freed 37(1216B) AllocSpace objects, 0(0B) LOS objects, 40% free, 23MB/38MB, paused 134us total 12.500ms
08-05 03:58:37.501 24383 24416 I art     : Starting a blocking GC Explicit
08-05 03:58:37.513 24383 24416 I art     : Explicit concurrent mark sweep GC freed 3(96B) AllocSpace objects, 0(0B) LOS objects, 40% free, 23MB/38MB, paused 127us total 11.721ms
08-05 03:58:37.519   512  2967 D audio_hw_primary: disable_audio_route: reset and update mixer path: low-latency-playback speaker
08-05 03:58:37.519 24383 24416 I art     : Starting a blocking GC Explicit
08-05 03:58:37.520   512  2967 D audio_hw_primary: disable_snd_device: snd_device(2: speaker)
08-05 03:58:37.527   512  2967 I soundtrigger: audio_extn_sound_trigger_update_device_status: device 0x2 of type 0 for Event 0
08-05 03:58:37.532 24383 24416 I art     : Explicit concurrent mark sweep GC freed 30(832B) AllocSpace objects, 0(0B) LOS objects, 40% free, 23MB/38MB, paused 146us total 12.756ms
08-05 03:58:37.538 24383 24416 I art     : Starting a blocking GC Explicit
08-05 03:58:37.551 24383 24416 I art     : Explicit concurrent mark sweep GC freed 3(96B) AllocSpace objects, 0(0B) LOS objects, 40% free, 23MB/38MB, paused 144us total 12.902ms
08-05 03:58:37.595 24383 24383 D PlaybackController: Releasing PlaybackController
08-05 03:58:37.820 24383 24404 I art     : Starting a blocking GC Explicit
08-05 03:58:37.842 24383 24404 I art     : Explicit concurrent mark sweep GC freed 1619(97KB) AllocSpace objects, 1(20KB) LOS objects, 40% free, 23MB/39MB, paused 172us total 21.794ms
08-05 03:58:37.849 24383 24404 I art     : Starting a blocking GC Explicit
08-05 03:58:37.865 24383 24404 I art     : Explicit concurrent mark sweep GC freed 63(2064B) AllocSpace objects, 0(0B) LOS objects, 40% free, 23MB/39MB, paused 162us total 15.396ms
08-05 03:58:37.872 24383 24404 I art     : Starting a blocking GC Explicit
08-05 03:58:37.887 24383 24404 I art     : Explicit concurrent mark sweep GC freed 3(96B) AllocSpace objects, 0(0B) LOS objects, 40% free, 23MB/39MB, paused 271us total 14.849ms
08-05 03:58:37.893 24383 24404 I art     : Starting a blocking GC Explicit
08-05 03:58:37.908 24383 24404 I art     : Explicit concurrent mark sweep GC freed 3(96B) AllocSpace objects, 0(0B) LOS objects, 40% free, 23MB/39MB, paused 159us total 14.570ms
08-05 03:58:37.914 24383 24404 I art     : Starting a blocking GC Explicit
08-05 03:58:37.929 24383 24404 I art     : Explicit concurrent mark sweep GC freed 3(96B) AllocSpace objects, 0(0B) LOS objects, 40% free, 23MB/39MB, paused 147us total 14.254ms
08-05 03:58:38.200 24383 24403 I art     : Starting a blocking GC Explicit
08-05 03:58:38.217 24383 24403 I art     : Explicit concurrent mark sweep GC freed 1360(80KB) AllocSpace objects, 1(20KB) LOS objects, 40% free, 23MB/39MB, paused 179us total 16.803ms
08-05 03:58:38.224 24383 24403 I art     : Starting a blocking GC Explicit
08-05 03:58:38.238 24383 24403 I art     : Explicit concurrent mark sweep GC freed 23(752B) AllocSpace objects, 0(0B) LOS objects, 40% free, 23MB/39MB, paused 145us total 14.477ms
08-05 03:58:38.245 24383 24403 I art     : Starting a blocking GC Explicit
08-05 03:58:38.259 24383 24403 I art     : Explicit concurrent mark sweep GC freed 3(96B) AllocSpace objects, 0(0B) LOS objects, 40% free, 23MB/39MB, paused 174us total 13.856ms
08-05 03:58:38.265 24383 24403 I art     : Starting a blocking GC Explicit
08-05 03:58:38.279 24383 24403 I art     : Explicit concurrent mark sweep GC freed 3(96B) AllocSpace objects, 0(0B) LOS objects, 40% free, 23MB/39MB, paused 149us total 13.695ms
08-05 03:58:38.284 24383 24403 I art     : Starting a blocking GC Explicit
08-05 03:58:38.298 24383 24403 I art     : Explicit concurrent mark sweep GC freed 3(96B) AllocSpace objects, 0(0B) LOS objects, 40% free, 23MB/39MB, paused 144us total 13.175ms
08-05 03:58:38.493 24782 24782 D AndroidRuntime: >>>>>> START com.android.internal.os.RuntimeInit uid 2000 <<<<<<
08-05 03:58:38.497 24782 24782 D AndroidRuntime: CheckJNI is OFF
08-05 03:58:38.524 24782 24782 D ICU     : No timezone override file found: /data/misc/zoneinfo/current/icu/icu_tzdata.dat
08-05 03:58:38.538 24383 24416 I art     : Starting a blocking GC Explicit
08-05 03:58:38.550 24782 24782 I Radio-JNI: register_android_hardware_Radio DONE
08-05 03:58:38.553 24383 24416 I art     : Explicit concurrent mark sweep GC freed 1387(80KB) AllocSpace objects, 1(20KB) LOS objects, 40% free, 23MB/39MB, paused 166us total 14.996ms
08-05 03:58:38.559 24383 24416 I art     : Starting a blocking GC Explicit
08-05 03:58:38.567 24782 24782 D AndroidRuntime: Calling main entry com.android.commands.input.Input
08-05 03:58:38.569 24782 24782 I Input   : injectMotionEvent: MotionEvent { action=ACTION_DOWN, actionButton=0, id[0]=0, x[0]=400.0, y[0]=997.0, toolType[0]=TOOL_TYPE_UNKNOWN, buttonState=0, metaState=0, flags=0x0, edgeFlags=0x0, pointerCount=1, historySize=0, eventTime=763134982, downTime=763134982, deviceId=0, source=0x1002 }
08-05 03:58:38.573 24782 24782 I Input   : injectMotionEvent: MotionEvent { action=ACTION_UP, actionButton=0, id[0]=0, x[0]=400.0, y[0]=997.0, toolType[0]=TOOL_TYPE_UNKNOWN, buttonState=0, metaState=0, flags=0x0, edgeFlags=0x0, pointerCount=1, historySize=0, eventTime=763134982, downTime=763134982, deviceId=0, source=0x1002 }
08-05 03:58:38.575 24383 24416 I art     : Explicit concurrent mark sweep GC freed 25(784B) AllocSpace objects, 0(0B) LOS objects, 40% free, 23MB/39MB, paused 348us total 15.499ms
08-05 03:58:38.576 24782 24782 D AndroidRuntime: Shutting down VM
08-05 03:58:38.582 24383 24416 I art     : Starting a blocking GC Explicit
08-05 03:58:38.591   512  2967 D audio_hw_primary: out_set_parameters: enter: usecase(1: low-latency-playback) kvpairs: routing=2
08-05 03:58:38.600 24383 24416 I art     : Explicit concurrent mark sweep GC freed 256(16KB) AllocSpace objects, 0(0B) LOS objects, 40% free, 23MB/39MB, paused 628us total 17.979ms
08-05 03:58:38.604   512  2967 D audio_hw_primary: select_devices: out_snd_device(2: speaker) in_snd_device(0: none)
08-05 03:58:38.604   512  2967 D msm8974_platform: platform_send_audio_calibration: sending audio calibration for snd_device(2) acdb_id(15)
08-05 03:58:38.604   512  2967 I soundtrigger: audio_extn_sound_trigger_update_device_status: device 0x2 of type 0 for Event 1
08-05 03:58:38.607 24383 24416 I art     : Starting a blocking GC Explicit
08-05 03:58:38.615   512  2967 D audio_hw_primary: enable_snd_device: snd_device(2: speaker)
08-05 03:58:38.617   512  2967 D audio_hw_primary: enable_audio_route: apply and update mixer path: low-latency-playback speaker
08-05 03:58:38.622 24383 24416 I art     : Explicit concurrent mark sweep GC freed 763(51KB) AllocSpace objects, 1(20KB) LOS objects, 40% free, 23MB/39MB, paused 357us total 15.328ms
08-05 03:58:38.629 24383 24416 I art     : Starting a blocking GC Explicit
08-05 03:58:38.645 24383 24416 I art     : Explicit concurrent mark sweep GC freed 516(30KB) AllocSpace objects, 0(0B) LOS objects, 40% free, 23MB/39MB, paused 494us total 16.501ms
08-05 03:58:38.689 13866 13866 I GoogleInputMethodServic: GoogleInputMethodService.onFinishInput():3138 
08-05 03:58:38.689 13866 13866 I GoogleInputMethodServic: GoogleInputMethodService.onStartInput():1808 
08-05 03:58:38.866 24383 24416 I art     : Starting a blocking GC Explicit
08-05 03:58:38.882 24383 24416 I art     : Explicit concurrent mark sweep GC freed 1593(98KB) AllocSpace objects, 1(20KB) LOS objects, 40% free, 23MB/39MB, paused 155us total 16.427ms
08-05 03:58:38.889 24383 24416 I art     : Starting a blocking GC Explicit
08-05 03:58:38.905 24383 24416 I art     : Explicit concurrent mark sweep GC freed 29(1056B) AllocSpace objects, 0(0B) LOS objects, 40% free, 23MB/39MB, paused 162us total 16.113ms
08-05 03:58:38.912 24383 24416 I art     : Starting a blocking GC Explicit
08-05 03:58:38.928 24383 24416 I art     : Explicit concurrent mark sweep GC freed 3(96B) AllocSpace objects, 0(0B) LOS objects, 40% free, 23MB/39MB, paused 154us total 16.372ms
08-05 03:58:38.935 24383 24416 I art     : Starting a blocking GC Explicit
08-05 03:58:38.951 24383 24416 I art     : Explicit concurrent mark sweep GC freed 3(96B) AllocSpace objects, 0(0B) LOS objects, 40% free, 23MB/39MB, paused 157us total 16.275ms
08-05 03:58:38.958 24383 24416 I art     : Starting a blocking GC Explicit
08-05 03:58:38.974 24383 24416 I art     : Explicit concurrent mark sweep GC freed 3(96B) AllocSpace objects, 0(0B) LOS objects, 40% free, 23MB/39MB, paused 152us total 16.151ms
08-05 03:58:39.133 24809 24809 D AndroidRuntime: >>>>>> START com.android.internal.os.RuntimeInit uid 2000 <<<<<<
08-05 03:58:39.141 24809 24809 D AndroidRuntime: CheckJNI is OFF
08-05 03:58:39.148   512  2967 D audio_hw_primary: disable_audio_route: reset and update mixer path: low-latency-playback speaker
08-05 03:58:39.149   512  2967 D audio_hw_primary: disable_snd_device: snd_device(2: speaker)
08-05 03:58:39.157   512  2967 I soundtrigger: audio_extn_sound_trigger_update_device_status: device 0x2 of type 0 for Event 0
08-05 03:58:39.168 24809 24809 D ICU     : No timezone override file found: /data/misc/zoneinfo/current/icu/icu_tzdata.dat
08-05 03:58:39.179   918  3261 D WifiStateMachine: starting scan for "H369AA63323"WPA_PSK with 2412,5180
08-05 03:58:39.193 24809 24809 I Radio-JNI: register_android_hardware_Radio DONE
08-05 03:58:39.209 24809 24809 D AndroidRuntime: Calling main entry com.android.commands.input.Input
08-05 03:58:39.211 24809 24809 I Input   : injectMotionEvent: MotionEvent { action=ACTION_DOWN, actionButton=0, id[0]=0, x[0]=697.0, y[0]=656.0, toolType[0]=TOOL_TYPE_UNKNOWN, buttonState=0, metaState=0, flags=0x0, edgeFlags=0x0, pointerCount=1, historySize=0, eventTime=763135624, downTime=763135624, deviceId=0, source=0x1002 }
08-05 03:58:39.215 24809 24809 I Input   : injectMotionEvent: MotionEvent { action=ACTION_UP, actionButton=0, id[0]=0, x[0]=697.0, y[0]=656.0, toolType[0]=TOOL_TYPE_UNKNOWN, buttonState=0, metaState=0, flags=0x0, edgeFlags=0x0, pointerCount=1, historySize=0, eventTime=763135624, downTime=763135624, deviceId=0, source=0x1002 }
08-05 03:58:39.217 24809 24809 D AndroidRuntime: Shutting down VM
08-05 03:58:39.225   512  2967 D audio_hw_primary: out_set_parameters: enter: usecase(1: low-latency-playback) kvpairs: routing=2
08-05 03:58:39.226 24383 24403 I art     : Starting a blocking GC Explicit
08-05 03:58:39.238   512  2967 D audio_hw_primary: select_devices: out_snd_device(2: speaker) in_snd_device(0: none)
08-05 03:58:39.238   512  2967 D msm8974_platform: platform_send_audio_calibration: sending audio calibration for snd_device(2) acdb_id(15)
08-05 03:58:39.238   512  2967 I soundtrigger: audio_extn_sound_trigger_update_device_status: device 0x2 of type 0 for Event 1
08-05 03:58:39.250   512  2967 D audio_hw_primary: enable_snd_device: snd_device(2: speaker)
08-05 03:58:39.252   512  2967 D audio_hw_primary: enable_audio_route: apply and update mixer path: low-latency-playback speaker
08-05 03:58:39.252 24383 24403 I art     : Explicit concurrent mark sweep GC freed 1565(111KB) AllocSpace objects, 1(20KB) LOS objects, 40% free, 23MB/39MB, paused 6.194ms total 25.996ms
08-05 03:58:39.259 24383 24403 I art     : Starting a blocking GC Explicit
08-05 03:58:39.274 24383 24403 I art     : Explicit concurrent mark sweep GC freed 359(59KB) AllocSpace objects, 0(0B) LOS objects, 40% free, 23MB/39MB, paused 160us total 14.396ms
08-05 03:58:39.280 24383 24403 I art     : Starting a blocking GC Explicit
08-05 03:58:39.287 13866 13866 I GoogleInputMethodServic: GoogleInputMethodService.onFinishInput():3138 
08-05 03:58:39.287 13866 13866 I GoogleInputMethodServic: GoogleInputMethodService.onStartInput():1808 
08-05 03:58:39.295   512  2967 D AudioFlinger: mixer(0xf4740000) throttle end: throttle time(12)
08-05 03:58:39.295 24383 24403 I art     : Explicit concurrent mark sweep GC freed 101(4KB) AllocSpace objects, 0(0B) LOS objects, 40% free, 23MB/39MB, paused 156us total 14.652ms
08-05 03:58:39.301 24383 24403 I art     : Starting a blocking GC Explicit
08-05 03:58:39.318 24383 24403 I art     : Explicit concurrent mark sweep GC freed 531(25KB) AllocSpace objects, 0(0B) LOS objects, 40% free, 23MB/39MB, paused 170us total 16.031ms
08-05 03:58:39.324 24383 24403 I art     : Starting a blocking GC Explicit
08-05 03:58:39.338 24383 24403 I art     : Explicit concurrent mark sweep GC freed 22(880B) AllocSpace objects, 0(0B) LOS objects, 40% free, 23MB/39MB, paused 149us total 14.393ms
08-05 03:58:39.507 29532 29532 W PathParser: Points are too far apart 4.030360828967057
08-05 03:58:39.507 29532 29532 W PathParser: Points are too far apart 4.030360538880159
08-05 03:58:39.522 29532 29532 W PathParser: Points are too far apart 4.030360828967057
08-05 03:58:39.523 29532 29532 W PathParser: Points are too far apart 4.030360538880159
08-05 03:58:39.539 29532 29532 W PathParser: Points are too far apart 4.030360828967057
08-05 03:58:39.539 29532 29532 W PathParser: Points are too far apart 4.030360538880159
08-05 03:58:39.556 29532 29532 W PathParser: Points are too far apart 4.030360828967057
08-05 03:58:39.556 29532 29532 W PathParser: Points are too far apart 4.030360538880159
08-05 03:58:39.572 29532 29532 W PathParser: Points are too far apart 4.030360828967057
08-05 03:58:39.572 29532 29532 W PathParser: Points are too far apart 4.030360538880159
08-05 03:58:39.579 24383 24404 I art     : Starting a blocking GC Explicit
08-05 03:58:39.590 29532 29532 W PathParser: Points are too far apart 4.030360828967057
08-05 03:58:39.590 29532 29532 W PathParser: Points are too far apart 4.030360538880159
08-05 03:58:39.596 24383 24404 I art     : Explicit concurrent mark sweep GC freed 1390(80KB) AllocSpace objects, 1(20KB) LOS objects, 40% free, 23MB/39MB, paused 150us total 17.383ms
08-05 03:58:39.603 24383 24404 I art     : Starting a blocking GC Explicit
08-05 03:58:39.606 29532 29532 W PathParser: Points are too far apart 4.030360828967057
08-05 03:58:39.606 29532 29532 W PathParser: Points are too far apart 4.030360538880159
08-05 03:58:39.620 24383 24404 I art     : Explicit concurrent mark sweep GC freed 25(816B) AllocSpace objects, 0(0B) LOS objects, 40% free, 23MB/39MB, paused 174us total 16.340ms
08-05 03:58:39.627 24383 24404 I art     : Starting a blocking GC Explicit
08-05 03:58:39.644 24383 24404 I art     : Explicit concurrent mark sweep GC freed 7(224B) AllocSpace objects, 0(0B) LOS objects, 40% free, 23MB/39MB, paused 149us total 16.351ms
08-05 03:58:39.650 24383 24404 I art     : Starting a blocking GC Explicit
08-05 03:58:39.666 24383 24404 I art     : Explicit concurrent mark sweep GC freed 3(96B) AllocSpace objects, 0(0B) LOS objects, 40% free, 23MB/39MB, paused 157us total 16.012ms
08-05 03:58:39.674 24383 24404 I art     : Starting a blocking GC Explicit
08-05 03:58:39.690 24383 24404 I art     : Explicit concurrent mark sweep GC freed 3(96B) AllocSpace objects, 0(0B) LOS objects, 40% free, 23MB/39MB, paused 151us total 16.172ms
08-05 03:58:39.779 24838 24838 D AndroidRuntime: >>>>>> START com.android.internal.os.RuntimeInit uid 2000 <<<<<<
08-05 03:58:39.781   512  2967 D audio_hw_primary: disable_audio_route: reset and update mixer path: low-latency-playback speaker
08-05 03:58:39.782   512  2967 D audio_hw_primary: disable_snd_device: snd_device(2: speaker)
08-05 03:58:39.783 24838 24838 D AndroidRuntime: CheckJNI is OFF
08-05 03:58:39.791   512  2967 I soundtrigger: audio_extn_sound_trigger_update_device_status: device 0x2 of type 0 for Event 0
08-05 03:58:39.812 24838 24838 D ICU     : No timezone override file found: /data/misc/zoneinfo/current/icu/icu_tzdata.dat
08-05 03:58:39.844 24838 24838 I Radio-JNI: register_android_hardware_Radio DONE
08-05 03:58:39.861 24838 24838 D AndroidRuntime: Calling main entry com.android.commands.input.Input
08-05 03:58:39.863 24838 24838 I Input   : injectMotionEvent: MotionEvent { action=ACTION_DOWN, actionButton=0, id[0]=0, x[0]=256.0, y[0]=1589.0, toolType[0]=TOOL_TYPE_UNKNOWN, buttonState=0, metaState=0, flags=0x0, edgeFlags=0x0, pointerCount=1, historySize=0, eventTime=763136276, downTime=763136276, deviceId=0, source=0x1002 }
08-05 03:58:39.868 24838 24838 I Input   : injectMotionEvent: MotionEvent { action=ACTION_UP, actionButton=0, id[0]=0, x[0]=256.0, y[0]=1589.0, toolType[0]=TOOL_TYPE_UNKNOWN, buttonState=0, metaState=0, flags=0x0, edgeFlags=0x0, pointerCount=1, historySize=0, eventTime=763136276, downTime=763136276, deviceId=0, source=0x1002 }
08-05 03:58:39.871 24838 24838 D AndroidRuntime: Shutting down VM
08-05 03:58:39.881 24383 24383 D UserPreferences: timeOfDay: []
08-05 03:58:39.881 24383 24383 D AutoUpdateManager: Restarting update alarm.
08-05 03:58:39.882 24383 24383 D AutoUpdateManager: Automatic update was deactivated
08-05 03:58:39.887   512  2967 D audio_hw_primary: out_set_parameters: enter: usecase(1: low-latency-playback) kvpairs: routing=2
08-05 03:58:39.900   512  2967 D audio_hw_primary: select_devices: out_snd_device(2: speaker) in_snd_device(0: none)
08-05 03:58:39.900   512  2967 D msm8974_platform: platform_send_audio_calibration: sending audio calibration for snd_device(2) acdb_id(15)
08-05 03:58:39.900   512  2967 I soundtrigger: audio_extn_sound_trigger_update_device_status: device 0x2 of type 0 for Event 1
08-05 03:58:39.912   512  2967 D audio_hw_primary: enable_snd_device: snd_device(2: speaker)
08-05 03:58:39.916 13866 13866 I GoogleInputMethodServic: GoogleInputMethodService.onFinishInput():3138 
08-05 03:58:39.916   512  2967 D audio_hw_primary: enable_audio_route: apply and update mixer path: low-latency-playback speaker
08-05 03:58:39.917 13866 13866 I GoogleInputMethodServic: GoogleInputMethodService.onStartInput():1808 
08-05 03:58:39.923 29532 29532 W PathParser: Points are too far apart 4.030360828967057
08-05 03:58:39.923 29532 29532 W PathParser: Points are too far apart 4.030360538880159
08-05 03:58:39.940 29532 29532 W PathParser: Points are too far apart 4.030360828967057
08-05 03:58:39.940 29532 29532 W PathParser: Points are too far apart 4.030360538880159
08-05 03:58:39.945 24383 24404 I art     : Starting a blocking GC Explicit
08-05 03:58:39.957 29532 29532 W PathParser: Points are too far apart 4.030360828967057
08-05 03:58:39.957 29532 29532 W PathParser: Points are too far apart 4.030360538880159
08-05 03:58:39.958   512  2967 D AudioFlinger: mixer(0xf4740000) throttle end: throttle time(12)
08-05 03:58:39.962 24383 24404 I art     : Explicit concurrent mark sweep GC freed 1694(107KB) AllocSpace objects, 2(40KB) LOS objects, 40% free, 23MB/39MB, paused 139us total 16.326ms
08-05 03:58:39.969 24383 24404 I art     : Starting a blocking GC Explicit
08-05 03:58:39.974 29532 29532 W PathParser: Points are too far apart 4.030360828967057
08-05 03:58:39.974 29532 29532 W PathParser: Points are too far apart 4.030360538880159
08-05 03:58:39.986 24383 24404 I art     : Explicit concurrent mark sweep GC freed 62(2240B) AllocSpace objects, 0(0B) LOS objects, 40% free, 23MB/39MB, paused 175us total 16.457ms
08-05 03:58:39.991 29532 29532 W PathParser: Points are too far apart 4.030360828967057
08-05 03:58:39.991 29532 29532 W PathParser: Points are too far apart 4.030360538880159
08-05 03:58:39.993 24383 24404 I art     : Starting a blocking GC Explicit
08-05 03:58:40.008 29532 29532 W PathParser: Points are too far apart 4.030360828967057
08-05 03:58:40.008 29532 29532 W PathParser: Points are too far apart 4.030360538880159
08-05 03:58:40.011 24383 24404 I art     : Explicit concurrent mark sweep GC freed 3(96B) AllocSpace objects, 0(0B) LOS objects, 40% free, 23MB/39MB, paused 140us total 16.870ms
08-05 03:58:40.017 24383 24404 I art     : Starting a blocking GC Explicit
08-05 03:58:40.024 29532 29532 W PathParser: Points are too far apart 4.030360828967057
08-05 03:58:40.024 29532 29532 W PathParser: Points are too far apart 4.030360538880159
08-05 03:58:40.034 24383 24404 I art     : Explicit concurrent mark sweep GC freed 3(96B) AllocSpace objects, 0(0B) LOS objects, 40% free, 23MB/39MB, paused 154us total 16.283ms
08-05 03:58:40.041 29532 29532 W PathParser: Points are too far apart 4.030360828967057
08-05 03:58:40.041 29532 29532 W PathParser: Points are too far apart 4.030360538880159
08-05 03:58:40.042 24383 24404 I art     : Starting a blocking GC Explicit
08-05 03:58:40.060 24383 24404 I art     : Explicit concurrent mark sweep GC freed 3(96B) AllocSpace objects, 0(0B) LOS objects, 40% free, 23MB/39MB, paused 142us total 17.368ms
08-05 03:58:40.089   380   380 W SurfaceFlinger: couldn't log to binary event log: overflow.
08-05 03:58:40.294 24383 24403 I art     : Starting a blocking GC Explicit
08-05 03:58:40.310 24383 24403 I art     : Explicit concurrent mark sweep GC freed 1562(88KB) AllocSpace objects, 1(20KB) LOS objects, 40% free, 23MB/39MB, paused 143us total 16.267ms
08-05 03:58:40.317 24383 24403 I art     : Starting a blocking GC Explicit
08-05 03:58:40.333 24383 24403 I art     : Explicit concurrent mark sweep GC freed 58(1872B) AllocSpace objects, 0(0B) LOS objects, 40% free, 23MB/39MB, paused 163us total 15.604ms
08-05 03:58:40.339 24383 24403 I art     : Starting a blocking GC Explicit
08-05 03:58:40.356 24383 24403 I art     : Explicit concurrent mark sweep GC freed 35(1120B) AllocSpace objects, 0(0B) LOS objects, 40% free, 23MB/39MB, paused 171us total 16.279ms
08-05 03:58:40.362 24383 24403 I art     : Starting a blocking GC Explicit
08-05 03:58:40.378 24383 24403 I art     : Explicit concurrent mark sweep GC freed 66(2112B) AllocSpace objects, 0(0B) LOS objects, 40% free, 23MB/39MB, paused 149us total 15.650ms
08-05 03:58:40.385 24383 24403 I art     : Starting a blocking GC Explicit
08-05 03:58:40.400 24383 24403 I art     : Explicit concurrent mark sweep GC freed 36(1152B) AllocSpace objects, 0(0B) LOS objects, 40% free, 23MB/39MB, paused 178us total 15.107ms
08-05 03:58:40.408 24870 24870 D AndroidRuntime: >>>>>> START com.android.internal.os.RuntimeInit uid 2000 <<<<<<
08-05 03:58:40.411 24870 24870 D AndroidRuntime: CheckJNI is OFF
08-05 03:58:40.434 24870 24870 D ICU     : No timezone override file found: /data/misc/zoneinfo/current/icu/icu_tzdata.dat
08-05 03:58:40.449   512  2967 D audio_hw_primary: disable_audio_route: reset and update mixer path: low-latency-playback speaker
08-05 03:58:40.451   512  2967 D audio_hw_primary: disable_snd_device: snd_device(2: speaker)
08-05 03:58:40.458 24870 24870 I Radio-JNI: register_android_hardware_Radio DONE
08-05 03:58:40.460   512  2967 I soundtrigger: audio_extn_sound_trigger_update_device_status: device 0x2 of type 0 for Event 0
08-05 03:58:40.473 24870 24870 D AndroidRuntime: Calling main entry com.android.commands.input.Input
08-05 03:58:40.475 24870 24870 I Input   : injectKeyEvent: KeyEvent { action=ACTION_DOWN, keyCode=KEYCODE_BACK, scanCode=0, metaState=0, flags=0x0, repeatCount=0, eventTime=763136888, downTime=763136888, deviceId=-1, source=0x101 }
08-05 03:58:40.481 24870 24870 I Input   : injectKeyEvent: KeyEvent { action=ACTION_UP, keyCode=KEYCODE_BACK, scanCode=0, metaState=0, flags=0x0, repeatCount=0, eventTime=763136888, downTime=763136888, deviceId=-1, source=0x101 }
08-05 03:58:40.488 24870 24870 D AndroidRuntime: Shutting down VM
08-05 03:58:40.530 13866 13866 I GoogleInputMethodServic: GoogleInputMethodService.onFinishInput():3138 
08-05 03:58:40.530 13866 13866 I GoogleInputMethodServic: GoogleInputMethodService.onStartInput():1808 
08-05 03:58:40.630 24383 24404 I art     : Starting a blocking GC Explicit
08-05 03:58:40.652 24383 24404 I art     : Explicit concurrent mark sweep GC freed 2824(144KB) AllocSpace objects, 1(20KB) LOS objects, 39% free, 24MB/40MB, paused 191us total 22.098ms
08-05 03:58:40.660 24383 24404 I art     : Starting a blocking GC Explicit
08-05 03:58:40.679 24383 24404 I art     : Explicit concurrent mark sweep GC freed 4932(290KB) AllocSpace objects, 0(0B) LOS objects, 40% free, 23MB/39MB, paused 206us total 17.975ms
08-05 03:58:40.686 24383 24404 I art     : Starting a blocking GC Explicit
08-05 03:58:40.703 24383 24404 I art     : Explicit concurrent mark sweep GC freed 3491(242KB) AllocSpace objects, 0(0B) LOS objects, 40% free, 23MB/39MB, paused 186us total 17.289ms
08-05 03:58:40.710 24383 24404 I art     : Starting a blocking GC Explicit
08-05 03:58:40.727 24383 24404 I art     : Explicit concurrent mark sweep GC freed 3(96B) AllocSpace objects, 0(0B) LOS objects, 40% free, 23MB/39MB, paused 176us total 16.109ms
08-05 03:58:40.733 24383 24404 I art     : Starting a blocking GC Explicit
08-05 03:58:40.749 24383 24404 I art     : Explicit concurrent mark sweep GC freed 3(96B) AllocSpace objects, 0(0B) LOS objects, 40% free, 23MB/39MB, paused 174us total 15.909ms
08-05 03:58:41.036 24383 24403 I art     : Starting a blocking GC Explicit
08-05 03:58:41.061 24383 24403 I art     : Explicit concurrent mark sweep GC freed 1466(85KB) AllocSpace objects, 1(20KB) LOS objects, 40% free, 23MB/39MB, paused 171us total 24.739ms
08-05 03:58:41.068 24383 24403 I art     : Starting a blocking GC Explicit
08-05 03:58:41.084 24383 24403 I art     : Explicit concurrent mark sweep GC freed 889(56KB) AllocSpace objects, 1(48KB) LOS objects, 40% free, 23MB/39MB, paused 159us total 16.270ms
08-05 03:58:41.091 24383 24403 I art     : Starting a blocking GC Explicit
08-05 03:58:41.106 24383 24403 I art     : Explicit concurrent mark sweep GC freed 3(96B) AllocSpace objects, 0(0B) LOS objects, 40% free, 23MB/39MB, paused 148us total 14.638ms
08-05 03:58:41.112 24383 24403 I art     : Starting a blocking GC Explicit
08-05 03:58:41.120   518   646 I ThermalEngine: ACTION: GPU - Setting GPU[0] to 510000000
08-05 03:58:41.130 24383 24403 I art     : Explicit concurrent mark sweep GC freed 3(96B) AllocSpace objects, 0(0B) LOS objects, 40% free, 23MB/39MB, paused 205us total 17.320ms
08-05 03:58:41.138 24383 24403 I art     : Starting a blocking GC Explicit
08-05 03:58:41.156 24383 24403 I art     : Explicit concurrent mark sweep GC freed 3(96B) AllocSpace objects, 0(0B) LOS objects, 40% free, 23MB/39MB, paused 194us total 17.886ms
08-05 03:58:41.442 24383 24416 I art     : Starting a blocking GC Explicit
08-05 03:58:41.468 24383 24416 I art     : Explicit concurrent mark sweep GC freed 1365(80KB) AllocSpace objects, 1(20KB) LOS objects, 40% free, 23MB/39MB, paused 220us total 26.217ms
08-05 03:58:41.477 24383 24416 I art     : Starting a blocking GC Explicit
08-05 03:58:41.496 24383 24416 I art     : Explicit concurrent mark sweep GC freed 23(752B) AllocSpace objects, 0(0B) LOS objects, 40% free, 23MB/39MB, paused 198us total 18.757ms
08-05 03:58:41.504 24383 24416 I art     : Starting a blocking GC Explicit
08-05 03:58:41.524 24383 24416 I art     : Explicit concurrent mark sweep GC freed 30(832B) AllocSpace objects, 0(0B) LOS objects, 40% free, 23MB/39MB, paused 205us total 19.220ms
08-05 03:58:41.532 24383 24416 I art     : Starting a blocking GC Explicit
08-05 03:58:41.552 24383 24416 I art     : Explicit concurrent mark sweep GC freed 3(96B) AllocSpace objects, 0(0B) LOS objects, 40% free, 23MB/39MB, paused 206us total 19.111ms
08-05 03:58:41.560 24383 24416 I art     : Starting a blocking GC Explicit
08-05 03:58:41.580 24383 24416 I art     : Explicit concurrent mark sweep GC freed 3(96B) AllocSpace objects, 0(0B) LOS objects, 40% free, 23MB/39MB, paused 210us total 19.633ms
08-05 03:58:41.715   918  3188 I hubconnection: sensorhub said: 'set_bias 3: -5.0304, 0.0000, 0.0000'
08-05 03:58:41.833 24934 24934 I art     : Late-enabling -Xcheck:jni
08-05 03:58:41.833   918   918 I ActivityManager: Start proc 24934:nappagreedy.com.newsblur/u0a679 for service nappagreedy.com.newsblur/.service.NBSyncService
08-05 03:58:41.842 17099 17099 I Finsky  : [1] xow.onStartJob(3): SCH: onJobSchedulerWakeup with jobId 9008
08-05 03:58:41.848 24383 24404 I art     : Starting a blocking GC Explicit
08-05 03:58:41.849 17099 17099 I Finsky  : [1] xjw.a(9): Scheduling fallback in 43199997 (absolute: 1789725721)
08-05 03:58:41.852 17099 17099 I Finsky  : [1] xjw.a(9): Scheduling fallback in 64799998 (absolute: 1811325725)
08-05 03:58:41.864 24383 24404 I art     : Explicit concurrent mark sweep GC freed 1365(80KB) AllocSpace objects, 1(20KB) LOS objects, 40% free, 23MB/39MB, paused 217us total 16.346ms
08-05 03:58:41.872 24383 24404 I art     : Starting a blocking GC Explicit
08-05 03:58:41.875 24934 24934 W System  : ClassLoader referenced unknown path: /data/app/nappagreedy.com.newsblur-1/lib/arm64
08-05 03:58:41.889 24383 24404 I art     : Explicit concurrent mark sweep GC freed 23(752B) AllocSpace objects, 0(0B) LOS objects, 40% free, 23MB/39MB, paused 191us total 16.406ms
08-05 03:58:41.896 24383 24404 I art     : Starting a blocking GC Explicit
08-05 03:58:41.912 24383 24404 I art     : Explicit concurrent mark sweep GC freed 3(96B) AllocSpace objects, 0(0B) LOS objects, 40% free, 23MB/39MB, paused 200us total 16.122ms
08-05 03:58:41.920 24383 24404 I art     : Starting a blocking GC Explicit
08-05 03:58:41.937 24383 24404 I art     : Explicit concurrent mark sweep GC freed 3(96B) AllocSpace objects, 0(0B) LOS objects, 40% free, 23MB/39MB, paused 210us total 16.856ms
08-05 03:58:41.943 17099 17099 I Finsky  : [1] xkf.handleMessage(8): SCH: DeviceState: DeviceState{currentTime=1596592721940, isCharging=false, isIdle=false, netAny=true, netNotRoaming=true, netUnmetered=true, batteryPercent=100.0}
08-05 03:58:41.944 24383 24404 I art     : Starting a blocking GC Explicit
08-05 03:58:41.948 17099 24342 I Finsky  : [6068] xmu.a(8): SCH: Jobs in database: 1-1337 3-201 3-202 12-1 24-77777777 26-1414141414 
08-05 03:58:41.951 17099 17099 I Finsky  : [1] xkg.a(16): SCH: Running job: 12-1
08-05 03:58:41.951 17099 17099 I Finsky  : [1] ContentSyncJob.a(16): [ContentSync] job started
08-05 03:58:41.952 17099 17099 I Finsky  : [1] xkf.handleMessage(61): SCH: RunningQueue size: 1, PendingQueue size: 0
08-05 03:58:41.952 17099 17099 I Finsky  : [1] xkf.handleMessage(64): SCH: Running queue: 12-1 
08-05 03:58:41.961 24383 24404 I art     : Explicit concurrent mark sweep GC freed 3(96B) AllocSpace objects, 0(0B) LOS objects, 40% free, 23MB/39MB, paused 196us total 16.597ms
08-05 03:58:42.013 17099 24362 I Finsky  : [6073] dzn.a(22): Completed 0 account content syncs with 0 successful.
08-05 03:58:42.014 17099 17099 I Finsky  : [1] ContentSyncJob.a(1): [ContentSync] Installation state replication succeeded.
08-05 03:58:42.014 17099 17099 I Finsky  : [1] xlr.a(13): SCH: jobFinished: 12-1. TimeElapsed: 63ms.
08-05 03:58:42.015 17099 17099 I Finsky  : [1] xkg.a(36): SCH: Job 12-1 finished. Not rescheduling.
08-05 03:58:42.015 17099 17099 I Finsky  : [1] xkf.handleMessage(61): SCH: RunningQueue size: 0, PendingQueue size: 0
08-05 03:58:42.015 17099 17099 I Finsky  : [1] xkf.handleMessage(25): Executor finished
08-05 03:58:42.022   918  5952 I ActivityManager: Killing 31817:baseline.com.newsblur/u0a676 (adj 15): empty #17
08-05 03:58:42.038 17099 17099 I Finsky  : [1] xmu.a(8): SCH: Jobs in database: 1-1337 3-201 3-202 24-77777777 26-1414141414 
08-05 03:58:42.040 17099 17099 I Finsky  : [1] xio.a(57): SCH: ConstraintMapping: 24-77777777,  -> L: 0ms, D: 61878480ms, C: false, I: true, N: 0
08-05 03:58:42.040 17099 17099 I Finsky  : [1] xio.a(57): SCH: ConstraintMapping: 1-1337,  -> L: 22030869ms, D: 65230869ms, C: false, I: false, N: 1
08-05 03:58:42.040 17099 17099 I Finsky  : [1] xio.a(57): SCH: ConstraintMapping: 3-201,  -> L: 0ms, D: 81972384ms, C: false, I: true, N: 2
08-05 03:58:42.041 17099 17099 I Finsky  : [1] xio.a(57): SCH: ConstraintMapping: 3-202,  -> L: 0ms, D: 81972449ms, C: true, I: true, N: 2
08-05 03:58:42.041 17099 17099 I Finsky  : [1] xio.a(57): SCH: ConstraintMapping: 26-1414141414,  -> L: 26668354ms, D: 27568354ms, C: false, I: false, N: 0
08-05 03:58:42.095 17099 17099 I Finsky  : [1] xle.a(34): Cancelling existing jobscheduler jobs: 9018 9001 9012 9019 9015 9016 9017 9013 9014 
08-05 03:58:42.096 17099 17099 I Finsky  : [1] xle.a(10): Throttling wakeup for job 9000 (expected to run in 0 ms) due to recent wakeup
08-05 03:58:42.097 17099 17099 I Finsky  : [1] xle.a(27): Scheduling job Id: 9000, L: 30000, D: 61878480, C: false, I: true, N: 0
08-05 03:58:42.099 17099 17099 I Finsky  : [1] xle.a(27): Scheduling job Id: 9002, L: 22030869, D: 65230869, C: false, I: false, N: 1
08-05 03:58:42.101 17099 17099 I Finsky  : [1] xle.a(10): Throttling wakeup for job 9003 (expected to run in 0 ms) due to recent wakeup
08-05 03:58:42.102 17099 17099 I Finsky  : [1] xle.a(27): Scheduling job Id: 9003, L: 30000, D: 81972384, C: false, I: true, N: 2
08-05 03:58:42.104 17099 17099 I Finsky  : [1] xle.a(10): Throttling wakeup for job 9004 (expected to run in 0 ms) due to recent wakeup
08-05 03:58:42.105 17099 17099 I Finsky  : [1] xle.a(27): Scheduling job Id: 9004, L: 30000, D: 81972449, C: true, I: true, N: 2
08-05 03:58:42.107 17099 17099 I Finsky  : [1] xle.a(27): Scheduling job Id: 9005, L: 26668354, D: 27568354, C: false, I: false, N: 0
08-05 03:58:42.110 17099 17099 I Finsky  : [1] xle.a(10): Throttling wakeup for job 9006 (expected to run in 0 ms) due to recent wakeup
08-05 03:58:42.111 17099 17099 I Finsky  : [1] xle.a(27): Scheduling job Id: 9006, L: 30000, D: 61878480, C: false, I: true, N: 0
08-05 03:58:42.114 17099 17099 I Finsky  : [1] xle.a(27): Scheduling job Id: 9007, L: 22030869, D: 65230869, C: false, I: false, N: 1
08-05 03:58:42.118 17099 17099 I Finsky  : [1] xle.a(10): Throttling wakeup for job 9009 (expected to run in 0 ms) due to recent wakeup
08-05 03:58:42.119 17099 17099 I Finsky  : [1] xle.a(27): Scheduling job Id: 9009, L: 30000, D: 81972384, C: false, I: true, N: 2
08-05 03:58:42.121 17099 17099 I Finsky  : [1] xle.a(10): Throttling wakeup for job 9010 (expected to run in 0 ms) due to recent wakeup
08-05 03:58:42.121 17099 17099 I Finsky  : [1] xle.a(27): Scheduling job Id: 9010, L: 30000, D: 81972449, C: true, I: true, N: 2
08-05 03:58:42.123 17099 17099 I Finsky  : [1] xle.a(27): Scheduling job Id: 9011, L: 26668354, D: 27568354, C: false, I: false, N: 0
08-05 03:58:42.130 24924 24924 D AndroidRuntime: >>>>>> START com.android.internal.os.RuntimeInit uid 2000 <<<<<<
08-05 03:58:42.135 24924 24924 D AndroidRuntime: CheckJNI is OFF
08-05 03:58:42.167 24924 24924 D ICU     : No timezone override file found: /data/misc/zoneinfo/current/icu/icu_tzdata.dat
08-05 03:58:42.198 24924 24924 I Radio-JNI: register_android_hardware_Radio DONE
08-05 03:58:42.211 24383 24416 I art     : Starting a blocking GC Explicit
08-05 03:58:42.220 24924 24924 D AndroidRuntime: Calling main entry com.android.commands.input.Input
08-05 03:58:42.222 24924 24924 I Input   : injectKeyEvent: KeyEvent { action=ACTION_DOWN, keyCode=KEYCODE_BACK, scanCode=0, metaState=0, flags=0x0, repeatCount=0, eventTime=763138635, downTime=763138635, deviceId=-1, source=0x101 }
08-05 03:58:42.231 24924 24924 I Input   : injectKeyEvent: KeyEvent { action=ACTION_UP, keyCode=KEYCODE_BACK, scanCode=0, metaState=0, flags=0x0, repeatCount=0, eventTime=763138635, downTime=763138635, deviceId=-1, source=0x101 }
08-05 03:58:42.231 24383 24416 I art     : Explicit concurrent mark sweep GC freed 1749(94KB) AllocSpace objects, 1(20KB) LOS objects, 40% free, 23MB/39MB, paused 289us total 19.833ms
08-05 03:58:42.237 24924 24924 D AndroidRuntime: Shutting down VM
08-05 03:58:42.240 24383 24416 I art     : Starting a blocking GC Explicit
08-05 03:58:42.260 24383 24416 I art     : Explicit concurrent mark sweep GC freed 99(3KB) AllocSpace objects, 0(0B) LOS objects, 40% free, 23MB/39MB, paused 337us total 19.446ms
08-05 03:58:42.265 24383 24383 D QueueFragment: loadItems()
08-05 03:58:42.265 24383 24419 D DBReader: getQueue() called
08-05 03:58:42.265 24383 24419 D DBReader: getQueue()
08-05 03:58:42.265 24383 24383 V PlaybackController: initServiceNotRunning()
08-05 03:58:42.265 24383 24383 D ExternalPlayerFragment: Loading media info
08-05 03:58:42.266 24383 24419 D DBReader: getFavoriteIDList() called
08-05 03:58:42.266 24383 24383 D UserPreferences: Using default data folder
08-05 03:58:42.267 24383 24419 D DBReader: getQueueIDList() called
08-05 03:58:42.268 24383 24419 D DBReader: Extracting Feedlist
08-05 03:58:42.269 24383 24416 I art     : Starting a blocking GC Explicit
08-05 03:58:42.269 24383 24413 D DBReader: getNavDrawerData() called with: 
08-05 03:58:42.272 24383 24413 D DBReader: getDownloadedItems() called
08-05 03:58:42.272 24383 24413 D DBReader: getFavoriteIDList() called
08-05 03:58:42.273 24383 24413 D DBReader: getQueueIDList() called
08-05 03:58:42.273 24383 24413 D DBReader: Extracting Feedlist
08-05 03:58:42.287 24383 24416 I art     : Explicit concurrent mark sweep GC freed 868(67KB) AllocSpace objects, 0(0B) LOS objects, 40% free, 23MB/39MB, paused 404us total 17.826ms
08-05 03:58:42.295 24383 24416 I art     : Starting a blocking GC Explicit
08-05 03:58:42.312 24383 24416 I art     : Explicit concurrent mark sweep GC freed 606(34KB) AllocSpace objects, 0(0B) LOS objects, 40% free, 23MB/39MB, paused 210us total 16.952ms
08-05 03:58:42.316 24383 24383 D MainActivity: getLastNavFragment() -> QueueFragment
08-05 03:58:42.320 24383 24416 I art     : Starting a blocking GC Explicit
08-05 03:58:42.338 24383 24416 I art     : Explicit concurrent mark sweep GC freed 986(55KB) AllocSpace objects, 0(0B) LOS objects, 40% free, 23MB/39MB, paused 439us total 18.177ms
08-05 03:58:42.357 13866 13866 I GoogleInputMethodServic: GoogleInputMethodService.onFinishInput():3138 
08-05 03:58:42.358 13866 13866 I GoogleInputMethodServic: GoogleInputMethodService.onStartInput():1808 
08-05 03:58:42.475   918  3961 I ActivityManager: Killing 11798:nappatfpr.com.newsblur/u0a682 (adj 15): empty #17
08-05 03:58:42.594 24383 24416 I art     : Starting a blocking GC Explicit
08-05 03:58:42.617 24383 24416 I art     : Explicit concurrent mark sweep GC freed 2307(133KB) AllocSpace objects, 1(20KB) LOS objects, 40% free, 23MB/39MB, paused 216us total 22.175ms
08-05 03:58:42.625 24383 24416 I art     : Starting a blocking GC Explicit
08-05 03:58:42.627   380   380 W SurfaceFlinger: couldn't log to binary event log: overflow.
08-05 03:58:42.646 24383 24416 I art     : Explicit concurrent mark sweep GC freed 602(26KB) AllocSpace objects, 0(0B) LOS objects, 40% free, 23MB/39MB, paused 219us total 20.770ms
08-05 03:58:42.653 24383 24416 I art     : Starting a blocking GC Explicit
08-05 03:58:42.671 24383 24416 I art     : Explicit concurrent mark sweep GC freed 10(400B) AllocSpace objects, 0(0B) LOS objects, 40% free, 23MB/39MB, paused 238us total 17.826ms
08-05 03:58:42.679 24383 24416 I art     : Starting a blocking GC Explicit
08-05 03:58:42.697 24383 24416 I art     : Explicit concurrent mark sweep GC freed 1349(65KB) AllocSpace objects, 0(0B) LOS objects, 40% free, 23MB/39MB, paused 230us total 17.428ms
08-05 03:58:42.704 24383 24416 I art     : Starting a blocking GC Explicit
08-05 03:58:42.720 24383 24416 I art     : Explicit concurrent mark sweep GC freed 4875(323KB) AllocSpace objects, 11(308KB) LOS objects, 40% free, 22MB/38MB, paused 211us total 16.073ms
08-05 03:58:42.993 24383 24404 I art     : Starting a blocking GC Explicit
08-05 03:58:43.014 24383 24404 I art     : Explicit concurrent mark sweep GC freed 1367(82KB) AllocSpace objects, 1(20KB) LOS objects, 40% free, 22MB/38MB, paused 253us total 20.970ms
08-05 03:58:43.025 24383 24404 I art     : Starting a blocking GC Explicit
08-05 03:58:43.043 24383 24404 I art     : Explicit concurrent mark sweep GC freed 23(752B) AllocSpace objects, 0(0B) LOS objects, 40% free, 22MB/38MB, paused 226us total 17.364ms
08-05 03:58:43.051 24383 24404 I art     : Starting a blocking GC Explicit
08-05 03:58:43.069 24383 24404 I art     : Explicit concurrent mark sweep GC freed 3(96B) AllocSpace objects, 0(0B) LOS objects, 40% free, 22MB/38MB, paused 229us total 17.395ms
08-05 03:58:43.077 24383 24404 I art     : Starting a blocking GC Explicit
08-05 03:58:43.094 24383 24404 I art     : Explicit concurrent mark sweep GC freed 3(96B) AllocSpace objects, 0(0B) LOS objects, 40% free, 22MB/38MB, paused 230us total 17.200ms
08-05 03:58:43.103 24383 24404 I art     : Starting a blocking GC Explicit
08-05 03:58:43.120 24383 24404 I art     : Explicit concurrent mark sweep GC freed 3(96B) AllocSpace objects, 0(0B) LOS objects, 40% free, 22MB/38MB, paused 225us total 17.244ms
08-05 03:58:43.402 24383 24403 I art     : Starting a blocking GC Explicit
08-05 03:58:43.421 24383 24403 I art     : Explicit concurrent mark sweep GC freed 1364(80KB) AllocSpace objects, 1(20KB) LOS objects, 40% free, 22MB/38MB, paused 242us total 18.250ms
08-05 03:58:43.432 24383 24403 I art     : Starting a blocking GC Explicit
08-05 03:58:43.450 24383 24403 I art     : Explicit concurrent mark sweep GC freed 23(752B) AllocSpace objects, 0(0B) LOS objects, 40% free, 22MB/38MB, paused 215us total 17.475ms
08-05 03:58:43.458 24383 24403 I art     : Starting a blocking GC Explicit
08-05 03:58:43.474 24383 24403 I art     : Explicit concurrent mark sweep GC freed 3(96B) AllocSpace objects, 0(0B) LOS objects, 40% free, 22MB/38MB, paused 207us total 16.281ms
08-05 03:58:43.482 24383 24403 I art     : Starting a blocking GC Explicit
08-05 03:58:43.499 24383 24403 I art     : Explicit concurrent mark sweep GC freed 3(96B) AllocSpace objects, 0(0B) LOS objects, 40% free, 22MB/38MB, paused 243us total 16.139ms
08-05 03:58:43.507 24383 24403 I art     : Starting a blocking GC Explicit
08-05 03:58:43.523 24383 24403 I art     : Explicit concurrent mark sweep GC freed 32(880B) AllocSpace objects, 0(0B) LOS objects, 40% free, 22MB/38MB, paused 214us total 15.830ms
08-05 03:58:43.796 24383 24416 I art     : Starting a blocking GC Explicit
08-05 03:58:43.814 24383 24416 I art     : Explicit concurrent mark sweep GC freed 1363(80KB) AllocSpace objects, 1(20KB) LOS objects, 40% free, 22MB/38MB, paused 230us total 17.288ms
08-05 03:58:43.822 24383 24416 I art     : Starting a blocking GC Explicit
08-05 03:58:43.839 24383 24416 I art     : Explicit concurrent mark sweep GC freed 23(752B) AllocSpace objects, 0(0B) LOS objects, 40% free, 22MB/38MB, paused 224us total 16.787ms
08-05 03:58:43.847 24383 24416 I art     : Starting a blocking GC Explicit
08-05 03:58:43.865 24383 24416 I art     : Explicit concurrent mark sweep GC freed 3(96B) AllocSpace objects, 0(0B) LOS objects, 40% free, 22MB/38MB, paused 738us total 17.145ms
08-05 03:58:43.872 24383 24416 I art     : Starting a blocking GC Explicit
08-05 03:58:43.889 24383 24416 I art     : Explicit concurrent mark sweep GC freed 3(96B) AllocSpace objects, 0(0B) LOS objects, 40% free, 22MB/38MB, paused 217us total 16.100ms
08-05 03:58:43.891 25003 25003 D AndroidRuntime: >>>>>> START com.android.internal.os.RuntimeInit uid 2000 <<<<<<
08-05 03:58:43.896 25003 25003 D AndroidRuntime: CheckJNI is OFF
08-05 03:58:43.897 24383 24416 I art     : Starting a blocking GC Explicit
08-05 03:58:43.912 24383 24416 I art     : Explicit concurrent mark sweep GC freed 4(160B) AllocSpace objects, 0(0B) LOS objects, 40% free, 22MB/38MB, paused 212us total 15.554ms
08-05 03:58:43.930 25003 25003 D ICU     : No timezone override file found: /data/misc/zoneinfo/current/icu/icu_tzdata.dat
08-05 03:58:43.962 25003 25003 I Radio-JNI: register_android_hardware_Radio DONE
08-05 03:58:43.984 25003 25003 D AndroidRuntime: Calling main entry com.android.commands.input.Input
08-05 03:58:43.985 25003 25003 I Input   : injectMotionEvent: MotionEvent { action=ACTION_DOWN, actionButton=0, id[0]=0, x[0]=103.0, y[0]=192.0, toolType[0]=TOOL_TYPE_UNKNOWN, buttonState=0, metaState=0, flags=0x0, edgeFlags=0x0, pointerCount=1, historySize=0, eventTime=763140398, downTime=763140398, deviceId=0, source=0x1002 }
08-05 03:58:43.991 25003 25003 I Input   : injectMotionEvent: MotionEvent { action=ACTION_UP, actionButton=0, id[0]=0, x[0]=103.0, y[0]=192.0, toolType[0]=TOOL_TYPE_UNKNOWN, buttonState=0, metaState=0, flags=0x0, edgeFlags=0x0, pointerCount=1, historySize=0, eventTime=763140398, downTime=763140398, deviceId=0, source=0x1002 }
08-05 03:58:43.992 25003 25003 D AndroidRuntime: Shutting down VM
08-05 03:58:43.995   512  2967 D audio_hw_primary: out_set_parameters: enter: usecase(1: low-latency-playback) kvpairs: routing=2
08-05 03:58:44.009   512  2967 D audio_hw_primary: select_devices: out_snd_device(2: speaker) in_snd_device(0: none)
08-05 03:58:44.009   512  2967 D msm8974_platform: platform_send_audio_calibration: sending audio calibration for snd_device(2) acdb_id(15)
08-05 03:58:44.009   512  2967 I soundtrigger: audio_extn_sound_trigger_update_device_status: device 0x2 of type 0 for Event 1
08-05 03:58:44.022   512  2967 D audio_hw_primary: enable_snd_device: snd_device(2: speaker)
08-05 03:58:44.024   512  2967 D audio_hw_primary: enable_audio_route: apply and update mixer path: low-latency-playback speaker
08-05 03:58:44.035 13866 13866 I GoogleInputMethodServic: GoogleInputMethodService.onFinishInput():3138 
08-05 03:58:44.036 13866 13866 I GoogleInputMethodServic: GoogleInputMethodService.onStartInput():1808 
08-05 03:58:44.150 24383 24416 I art     : Starting a blocking GC Explicit
08-05 03:58:44.168 24383 24416 I art     : Explicit concurrent mark sweep GC freed 1856(104KB) AllocSpace objects, 1(20KB) LOS objects, 40% free, 22MB/38MB, paused 230us total 18.149ms
08-05 03:58:44.177 24383 24416 I art     : Starting a blocking GC Explicit
08-05 03:58:44.195 24383 24416 I art     : Explicit concurrent mark sweep GC freed 84(5KB) AllocSpace objects, 0(0B) LOS objects, 40% free, 22MB/38MB, paused 323us total 18.139ms
08-05 03:58:44.204 24383 24416 I art     : Starting a blocking GC Explicit
08-05 03:58:44.222 24383 24416 I art     : Explicit concurrent mark sweep GC freed 3(96B) AllocSpace objects, 0(0B) LOS objects, 40% free, 22MB/38MB, paused 205us total 17.151ms
08-05 03:58:44.229 24383 24416 I art     : Starting a blocking GC Explicit
08-05 03:58:44.245 24383 24416 I art     : Explicit concurrent mark sweep GC freed 5(160B) AllocSpace objects, 0(0B) LOS objects, 40% free, 22MB/38MB, paused 232us total 15.595ms
08-05 03:58:44.253 24383 24416 I art     : Starting a blocking GC Explicit
08-05 03:58:44.269 24383 24416 I art     : Explicit concurrent mark sweep GC freed 3(96B) AllocSpace objects, 0(0B) LOS objects, 40% free, 22MB/38MB, paused 212us total 15.769ms
08-05 03:58:44.520 24383 24403 I art     : Starting a blocking GC Explicit
08-05 03:58:44.537 24383 24403 I art     : Explicit concurrent mark sweep GC freed 1396(82KB) AllocSpace objects, 1(20KB) LOS objects, 40% free, 22MB/38MB, paused 213us total 16.706ms
08-05 03:58:44.544 24383 24403 I art     : Starting a blocking GC Explicit
08-05 03:58:44.561 24383 24403 I art     : Explicit concurrent mark sweep GC freed 31(1008B) AllocSpace objects, 0(0B) LOS objects, 40% free, 22MB/38MB, paused 232us total 16.207ms
08-05 03:58:44.569 24383 24403 I art     : Starting a blocking GC Explicit
08-05 03:58:44.570   512  2967 D audio_hw_primary: disable_audio_route: reset and update mixer path: low-latency-playback speaker
08-05 03:58:44.570   512  2967 D audio_hw_primary: disable_snd_device: snd_device(2: speaker)
08-05 03:58:44.578   512  2967 I soundtrigger: audio_extn_sound_trigger_update_device_status: device 0x2 of type 0 for Event 0
08-05 03:58:44.585 24383 24403 I art     : Explicit concurrent mark sweep GC freed 3(96B) AllocSpace objects, 0(0B) LOS objects, 40% free, 22MB/38MB, paused 218us total 16.245ms
08-05 03:58:44.594 24383 24403 I art     : Starting a blocking GC Explicit
08-05 03:58:44.609 24383 24403 I art     : Explicit concurrent mark sweep GC freed 3(96B) AllocSpace objects, 0(0B) LOS objects, 40% free, 22MB/38MB, paused 203us total 15.258ms
08-05 03:58:44.617 24383 24403 I art     : Starting a blocking GC Explicit
08-05 03:58:44.632 24383 24403 I art     : Explicit concurrent mark sweep GC freed 3(96B) AllocSpace objects, 0(0B) LOS objects, 40% free, 22MB/38MB, paused 187us total 15.077ms
08-05 03:58:44.911 24383 24416 I art     : Starting a blocking GC Explicit
08-05 03:58:44.933 24383 24416 I art     : Explicit concurrent mark sweep GC freed 1363(82KB) AllocSpace objects, 1(20KB) LOS objects, 40% free, 22MB/38MB, paused 240us total 21.304ms
08-05 03:58:44.944 24383 24416 I art     : Starting a blocking GC Explicit
08-05 03:58:44.964 24383 24416 I art     : Explicit concurrent mark sweep GC freed 25(816B) AllocSpace objects, 0(0B) LOS objects, 40% free, 22MB/38MB, paused 224us total 19.673ms
08-05 03:58:44.972 24383 24416 I art     : Starting a blocking GC Explicit
08-05 03:58:44.989 24383 24416 I art     : Explicit concurrent mark sweep GC freed 3(96B) AllocSpace objects, 0(0B) LOS objects, 40% free, 22MB/38MB, paused 222us total 17.133ms
08-05 03:58:44.998 24383 24416 I art     : Starting a blocking GC Explicit
08-05 03:58:45.015 24383 24416 I art     : Explicit concurrent mark sweep GC freed 3(96B) AllocSpace objects, 0(0B) LOS objects, 40% free, 22MB/38MB, paused 202us total 16.795ms
08-05 03:58:45.023 24383 24416 I art     : Starting a blocking GC Explicit
08-05 03:58:45.039 24383 24416 I art     : Explicit concurrent mark sweep GC freed 3(96B) AllocSpace objects, 0(0B) LOS objects, 40% free, 22MB/38MB, paused 210us total 16.674ms
08-05 03:58:45.302 24383 24403 I art     : Starting a blocking GC Explicit
08-05 03:58:45.319 24383 24403 I art     : Explicit concurrent mark sweep GC freed 1362(80KB) AllocSpace objects, 1(20KB) LOS objects, 40% free, 22MB/38MB, paused 222us total 16.892ms
08-05 03:58:45.327 24383 24403 I art     : Starting a blocking GC Explicit
08-05 03:58:45.345 24383 24403 I art     : Explicit concurrent mark sweep GC freed 23(752B) AllocSpace objects, 0(0B) LOS objects, 40% free, 22MB/38MB, paused 297us total 17.489ms
08-05 03:58:45.353 24383 24403 I art     : Starting a blocking GC Explicit
08-05 03:58:45.370 24383 24403 I art     : Explicit concurrent mark sweep GC freed 3(96B) AllocSpace objects, 0(0B) LOS objects, 40% free, 22MB/38MB, paused 242us total 16.940ms
08-05 03:58:45.378 24383 24403 I art     : Starting a blocking GC Explicit
08-05 03:58:45.394 24383 24403 I art     : Explicit concurrent mark sweep GC freed 3(96B) AllocSpace objects, 0(0B) LOS objects, 40% free, 22MB/38MB, paused 213us total 16.388ms
08-05 03:58:45.402 24383 24403 I art     : Starting a blocking GC Explicit
08-05 03:58:45.418 24383 24403 I art     : Explicit concurrent mark sweep GC freed 3(96B) AllocSpace objects, 0(0B) LOS objects, 40% free, 22MB/38MB, paused 214us total 16.073ms
08-05 03:58:45.649 25064 25064 D AndroidRuntime: >>>>>> START com.android.internal.os.RuntimeInit uid 2000 <<<<<<
08-05 03:58:45.656 25064 25064 D AndroidRuntime: CheckJNI is OFF
08-05 03:58:45.671 24383 24416 I art     : Starting a blocking GC Explicit
08-05 03:58:45.689 24383 24416 I art     : Explicit concurrent mark sweep GC freed 1398(81KB) AllocSpace objects, 1(20KB) LOS objects, 40% free, 22MB/38MB, paused 235us total 17.410ms
08-05 03:58:45.692 25064 25064 D ICU     : No timezone override file found: /data/misc/zoneinfo/current/icu/icu_tzdata.dat
08-05 03:58:45.697 24383 24416 I art     : Starting a blocking GC Explicit
08-05 03:58:45.712 24383 24416 I art     : Explicit concurrent mark sweep GC freed 25(816B) AllocSpace objects, 0(0B) LOS objects, 40% free, 22MB/38MB, paused 309us total 15.532ms
08-05 03:58:45.720 24383 24416 I art     : Starting a blocking GC Explicit
08-05 03:58:45.725 25064 25064 I Radio-JNI: register_android_hardware_Radio DONE
08-05 03:58:45.735 24383 24416 I art     : Explicit concurrent mark sweep GC freed 6(192B) AllocSpace objects, 0(0B) LOS objects, 40% free, 22MB/38MB, paused 222us total 15.207ms
08-05 03:58:45.743 24383 24416 I art     : Starting a blocking GC Explicit
08-05 03:58:45.747 25064 25064 D AndroidRuntime: Calling main entry com.android.commands.input.Input
08-05 03:58:45.749 25064 25064 I Input   : injectMotionEvent: MotionEvent { action=ACTION_DOWN, actionButton=0, id[0]=0, x[0]=409.0, y[0]=1034.0, toolType[0]=TOOL_TYPE_UNKNOWN, buttonState=0, metaState=0, flags=0x0, edgeFlags=0x0, pointerCount=1, historySize=0, eventTime=763142161, downTime=763142161, deviceId=0, source=0x1002 }
08-05 03:58:45.754 25064 25064 I Input   : injectMotionEvent: MotionEvent { action=ACTION_UP, actionButton=0, id[0]=0, x[0]=409.0, y[0]=1034.0, toolType[0]=TOOL_TYPE_UNKNOWN, buttonState=0, metaState=0, flags=0x0, edgeFlags=0x0, pointerCount=1, historySize=0, eventTime=763142161, downTime=763142161, deviceId=0, source=0x1002 }
08-05 03:58:45.755 25064 25064 D AndroidRuntime: Shutting down VM
08-05 03:58:45.759 24383 24416 I art     : Explicit concurrent mark sweep GC freed 23(672B) AllocSpace objects, 0(0B) LOS objects, 40% free, 22MB/38MB, paused 230us total 15.757ms
08-05 03:58:45.767 24383 24416 I art     : Starting a blocking GC Explicit
08-05 03:58:45.783 24383 24416 I art     : Explicit concurrent mark sweep GC freed 13(448B) AllocSpace objects, 0(0B) LOS objects, 40% free, 22MB/38MB, paused 210us total 15.420ms
08-05 03:58:45.829 24383 24383 D MainActivity: loadFragment(index: 5, args: null)
08-05 03:58:45.829 24383 24383 D MainActivity: loadFragment(tag: AddFeedFragment, args: null)
08-05 03:58:45.830 24383 24383 D MainActivity: saveLastNavFragment(tag: AddFeedFragment)
08-05 03:58:45.830 24383 24383 D MainActivity: getLastNavFragment() -> AddFeedFragment
08-05 03:58:45.831   512  2967 D audio_hw_primary: out_set_parameters: enter: usecase(1: low-latency-playback) kvpairs: routing=2
08-05 03:58:45.843   512  2967 D audio_hw_primary: select_devices: out_snd_device(2: speaker) in_snd_device(0: none)
08-05 03:58:45.844   512  2967 D msm8974_platform: platform_send_audio_calibration: sending audio calibration for snd_device(2) acdb_id(15)
08-05 03:58:45.844   512  2967 I soundtrigger: audio_extn_sound_trigger_update_device_status: device 0x2 of type 0 for Event 1
08-05 03:58:45.854   512  2967 D audio_hw_primary: enable_snd_device: snd_device(2: speaker)
08-05 03:58:45.857   512  2967 D audio_hw_primary: enable_audio_route: apply and update mixer path: low-latency-playback speaker
08-05 03:58:46.024 24383 24416 I art     : Starting a blocking GC Explicit
08-05 03:58:46.042 24383 24416 I art     : Explicit concurrent mark sweep GC freed 3464(208KB) AllocSpace objects, 2(40KB) LOS objects, 40% free, 23MB/38MB, paused 218us total 17.909ms
08-05 03:58:46.051 24383 24416 I art     : Starting a blocking GC Explicit
08-05 03:58:46.068 24383 24416 I art     : Explicit concurrent mark sweep GC freed 1365(82KB) AllocSpace objects, 2(56KB) LOS objects, 40% free, 22MB/38MB, paused 247us total 16.763ms
08-05 03:58:46.075 24383 24416 I art     : Starting a blocking GC Explicit
08-05 03:58:46.092 24383 24416 I art     : Explicit concurrent mark sweep GC freed 3(96B) AllocSpace objects, 0(0B) LOS objects, 40% free, 22MB/38MB, paused 214us total 16.284ms
08-05 03:58:46.100 24383 24416 I art     : Starting a blocking GC Explicit
08-05 03:58:46.118 24383 24416 I art     : Explicit concurrent mark sweep GC freed 3(96B) AllocSpace objects, 0(0B) LOS objects, 40% free, 22MB/38MB, paused 245us total 17.054ms
08-05 03:58:46.125 24383 24416 I art     : Starting a blocking GC Explicit
08-05 03:58:46.140 24383 24416 I art     : Explicit concurrent mark sweep GC freed 3(96B) AllocSpace objects, 0(0B) LOS objects, 40% free, 22MB/38MB, paused 208us total 15.059ms
08-05 03:58:46.273 13866 13866 I GoogleInputMethodServic: GoogleInputMethodService.onFinishInput():3138 
08-05 03:58:46.275 13866 13866 I GoogleInputMethodServic: GoogleInputMethodService.onStartInput():1808 
08-05 03:58:46.399   512  2967 D audio_hw_primary: disable_audio_route: reset and update mixer path: low-latency-playback speaker
08-05 03:58:46.400   512  2967 D audio_hw_primary: disable_snd_device: snd_device(2: speaker)
08-05 03:58:46.409   512  2967 I soundtrigger: audio_extn_sound_trigger_update_device_status: device 0x2 of type 0 for Event 0
08-05 03:58:46.418 24383 24416 I art     : Starting a blocking GC Explicit
08-05 03:58:46.437 24383 24416 I art     : Explicit concurrent mark sweep GC freed 1492(85KB) AllocSpace objects, 1(20KB) LOS objects, 40% free, 22MB/38MB, paused 289us total 18.618ms
08-05 03:58:46.446 24383 24416 I art     : Starting a blocking GC Explicit
08-05 03:58:46.464 24383 24416 I art     : Explicit concurrent mark sweep GC freed 125(6KB) AllocSpace objects, 0(0B) LOS objects, 40% free, 22MB/38MB, paused 205us total 17.781ms
08-05 03:58:46.472 24383 24416 I art     : Starting a blocking GC Explicit
08-05 03:58:46.489 24383 24416 I art     : Explicit concurrent mark sweep GC freed 3(96B) AllocSpace objects, 0(0B) LOS objects, 40% free, 22MB/38MB, paused 199us total 17.029ms
08-05 03:58:46.498 24383 24416 I art     : Starting a blocking GC Explicit
08-05 03:58:46.514 24383 24416 I art     : Explicit concurrent mark sweep GC freed 3(96B) AllocSpace objects, 0(0B) LOS objects, 40% free, 22MB/38MB, paused 197us total 16.312ms
08-05 03:58:46.522 24383 24416 I art     : Starting a blocking GC Explicit
08-05 03:58:46.539 24383 24416 I art     : Explicit concurrent mark sweep GC freed 32(880B) AllocSpace objects, 0(0B) LOS objects, 40% free, 22MB/38MB, paused 201us total 16.497ms
08-05 03:58:46.810 24383 24403 I art     : Starting a blocking GC Explicit
08-05 03:58:46.829 24383 24403 I art     : Explicit concurrent mark sweep GC freed 1363(80KB) AllocSpace objects, 1(20KB) LOS objects, 40% free, 22MB/38MB, paused 219us total 18.479ms
08-05 03:58:46.840 24383 24403 I art     : Starting a blocking GC Explicit
08-05 03:58:46.857 24383 24403 I art     : Explicit concurrent mark sweep GC freed 25(816B) AllocSpace objects, 0(0B) LOS objects, 40% free, 22MB/38MB, paused 219us total 16.987ms
08-05 03:58:46.865 24383 24403 I art     : Starting a blocking GC Explicit
08-05 03:58:46.880 24383 24403 I art     : Explicit concurrent mark sweep GC freed 3(96B) AllocSpace objects, 0(0B) LOS objects, 40% free, 22MB/38MB, paused 198us total 15.643ms
08-05 03:58:46.888 24383 24403 I art     : Starting a blocking GC Explicit
08-05 03:58:46.903 24383 24403 I art     : Explicit concurrent mark sweep GC freed 3(96B) AllocSpace objects, 0(0B) LOS objects, 40% free, 22MB/38MB, paused 206us total 15.340ms
08-05 03:58:46.911 24383 24403 I art     : Starting a blocking GC Explicit
08-05 03:58:46.927 24383 24403 I art     : Explicit concurrent mark sweep GC freed 3(96B) AllocSpace objects, 0(0B) LOS objects, 40% free, 22MB/38MB, paused 263us total 15.671ms
08-05 03:58:47.188 24383 24404 I art     : Starting a blocking GC Explicit
08-05 03:58:47.208 24383 24404 I art     : Explicit concurrent mark sweep GC freed 1362(80KB) AllocSpace objects, 1(20KB) LOS objects, 40% free, 22MB/38MB, paused 263us total 19.855ms
08-05 03:58:47.220 24383 24404 I art     : Starting a blocking GC Explicit
08-05 03:58:47.237 24383 24404 I art     : Explicit concurrent mark sweep GC freed 23(752B) AllocSpace objects, 0(0B) LOS objects, 40% free, 22MB/38MB, paused 263us total 16.895ms
08-05 03:58:47.245 24383 24404 I art     : Starting a blocking GC Explicit
08-05 03:58:47.262 24383 24404 I art     : Explicit concurrent mark sweep GC freed 3(96B) AllocSpace objects, 0(0B) LOS objects, 40% free, 22MB/38MB, paused 226us total 16.816ms
08-05 03:58:47.270 24383 24404 I art     : Starting a blocking GC Explicit
08-05 03:58:47.288 24383 24404 I art     : Explicit concurrent mark sweep GC freed 3(96B) AllocSpace objects, 0(0B) LOS objects, 40% free, 22MB/38MB, paused 292us total 17.445ms
08-05 03:58:47.296 24383 24404 I art     : Starting a blocking GC Explicit
08-05 03:58:47.313 24383 24404 I art     : Explicit concurrent mark sweep GC freed 3(96B) AllocSpace objects, 0(0B) LOS objects, 40% free, 22MB/38MB, paused 229us total 16.882ms
08-05 03:58:47.434 25121 25121 D AndroidRuntime: >>>>>> START com.android.internal.os.RuntimeInit uid 2000 <<<<<<
08-05 03:58:47.442 25121 25121 D AndroidRuntime: CheckJNI is OFF
08-05 03:58:47.480 25121 25121 D ICU     : No timezone override file found: /data/misc/zoneinfo/current/icu/icu_tzdata.dat
08-05 03:58:47.514 25121 25121 I Radio-JNI: register_android_hardware_Radio DONE
08-05 03:58:47.536 25121 25121 D AndroidRuntime: Calling main entry com.android.commands.input.Input
08-05 03:58:47.537 25121 25121 I Input   : injectMotionEvent: MotionEvent { action=ACTION_DOWN, actionButton=0, id[0]=0, x[0]=567.0, y[0]=714.0, toolType[0]=TOOL_TYPE_UNKNOWN, buttonState=0, metaState=0, flags=0x0, edgeFlags=0x0, pointerCount=1, historySize=0, eventTime=763143950, downTime=763143950, deviceId=0, source=0x1002 }
08-05 03:58:47.542 25121 25121 I Input   : injectMotionEvent: MotionEvent { action=ACTION_UP, actionButton=0, id[0]=0, x[0]=567.0, y[0]=714.0, toolType[0]=TOOL_TYPE_UNKNOWN, buttonState=0, metaState=0, flags=0x0, edgeFlags=0x0, pointerCount=1, historySize=0, eventTime=763143950, downTime=763143950, deviceId=0, source=0x1002 }
08-05 03:58:47.543 25121 25121 D AndroidRuntime: Shutting down VM
08-05 03:58:47.552   512  2967 D audio_hw_primary: out_set_parameters: enter: usecase(1: low-latency-playback) kvpairs: routing=2
08-05 03:58:47.565   512  2967 D audio_hw_primary: select_devices: out_snd_device(2: speaker) in_snd_device(0: none)
08-05 03:58:47.565   512  2967 D msm8974_platform: platform_send_audio_calibration: sending audio calibration for snd_device(2) acdb_id(15)
08-05 03:58:47.565   512  2967 I soundtrigger: audio_extn_sound_trigger_update_device_status: device 0x2 of type 0 for Event 1
08-05 03:58:47.574 24383 24971 D AntennapodHttpClient: Creating new instance of HTTP client
08-05 03:58:47.577   512  2967 D audio_hw_primary: enable_snd_device: snd_device(2: speaker)
08-05 03:58:47.579   512  2967 D audio_hw_primary: enable_audio_route: apply and update mixer path: low-latency-playback speaker
08-05 03:58:47.584 13866 13866 I GoogleInputMethodServic: GoogleInputMethodService.onFinishInput():3138 
08-05 03:58:47.584 13866 13866 I GoogleInputMethodServic: GoogleInputMethodService.onStartInput():1808 
08-05 03:58:47.597 24383 24404 I art     : Starting a blocking GC Explicit
08-05 03:58:47.616 24383 24404 I art     : Explicit concurrent mark sweep GC freed 4517(287KB) AllocSpace objects, 1(20KB) LOS objects, 40% free, 23MB/39MB, paused 399us total 18.771ms
08-05 03:58:47.624 24383 24404 I art     : Starting a blocking GC Explicit
08-05 03:58:47.640 24383 24404 I art     : Explicit concurrent mark sweep GC freed 1698(87KB) AllocSpace objects, 1(220KB) LOS objects, 40% free, 23MB/38MB, paused 265us total 15.541ms
08-05 03:58:47.647 24383 24404 I art     : Starting a blocking GC Explicit
08-05 03:58:47.663 24383 24404 I art     : Explicit concurrent mark sweep GC freed 109(10KB) AllocSpace objects, 0(0B) LOS objects, 40% free, 23MB/38MB, paused 244us total 15.179ms
08-05 03:58:47.670 24383 24404 I art     : Starting a blocking GC Explicit
08-05 03:58:47.685 24383 24404 I art     : Explicit concurrent mark sweep GC freed 16(640B) AllocSpace objects, 0(0B) LOS objects, 40% free, 23MB/38MB, paused 266us total 15.256ms
08-05 03:58:47.693 24383 24404 I art     : Starting a blocking GC Explicit
08-05 03:58:47.708 24383 24404 I art     : Explicit concurrent mark sweep GC freed 14(512B) AllocSpace objects, 0(0B) LOS objects, 40% free, 23MB/38MB, paused 254us total 15.584ms
08-05 03:58:47.945 24383 24971 I NAPPA_EXPERIMENTATION: MetricNetworkRequestExecutionTime: REQUEST_DURATION_SYSTEM='357',REQUEST_DURATION_OKHTTP='157',REQUEST_SYNCHRONOUS='TRUE',RESPONSE_CODE='400',RESPONSE_METHOD='GET',RESPONSE_LENGTH_OKHTTP='0',RESPONSE_LENGTH_HEADER='0',REQUEST_PROTOCOL='h2',REQUEST_URL='https://itunes.apple.com/en/rss/toppodcasts/limit=25/explicit=true/json',
08-05 03:58:47.971 24383 24416 I art     : Starting a blocking GC Explicit
08-05 03:58:47.992 24383 24416 I art     : Explicit concurrent mark sweep GC freed 9120(487KB) AllocSpace objects, 4(220KB) LOS objects, 40% free, 23MB/39MB, paused 363us total 20.916ms
08-05 03:58:48.001 24383 24416 I art     : Starting a blocking GC Explicit
08-05 03:58:48.019 24383 24416 I art     : Explicit concurrent mark sweep GC freed 1048(119KB) AllocSpace objects, 0(0B) LOS objects, 40% free, 23MB/39MB, paused 338us total 18.344ms
08-05 03:58:48.019 24383 24401 I art     : WaitForGcToComplete blocked for 5.216ms for cause HeapTrim
08-05 03:58:48.027 24383 24416 I art     : Starting a blocking GC Explicit
08-05 03:58:48.045 24383 24416 I art     : Explicit concurrent mark sweep GC freed 10(352B) AllocSpace objects, 0(0B) LOS objects, 40% free, 23MB/39MB, paused 307us total 17.912ms
08-05 03:58:48.053 24383 24416 I art     : Starting a blocking GC Explicit
08-05 03:58:48.072 24383 24416 I art     : Explicit concurrent mark sweep GC freed 11(416B) AllocSpace objects, 0(0B) LOS objects, 40% free, 23MB/39MB, paused 314us total 18.237ms
08-05 03:58:48.080 24383 24416 I art     : Starting a blocking GC Explicit
08-05 03:58:48.087 24383 24971 I NAPPA_EXPERIMENTATION: MetricNetworkRequestExecutionTime: REQUEST_DURATION_SYSTEM='140',REQUEST_DURATION_OKHTTP='140',REQUEST_SYNCHRONOUS='TRUE',RESPONSE_CODE='200',RESPONSE_METHOD='GET',RESPONSE_LENGTH_OKHTTP='-1',RESPONSE_LENGTH_HEADER='10075',REQUEST_PROTOCOL='h2',REQUEST_URL='https://itunes.apple.com/us/rss/toppodcasts/limit=25/explicit=true/json',
08-05 03:58:48.099 24383 24416 I art     : Explicit concurrent mark sweep GC freed 341(26KB) AllocSpace objects, 0(0B) LOS objects, 40% free, 23MB/39MB, paused 437us total 18.819ms
08-05 03:58:48.109   512  2967 D audio_hw_primary: disable_audio_route: reset and update mixer path: low-latency-playback speaker
08-05 03:58:48.110   512  2967 D audio_hw_primary: disable_snd_device: snd_device(2: speaker)
08-05 03:58:48.120   512  2967 I soundtrigger: audio_extn_sound_trigger_update_device_status: device 0x2 of type 0 for Event 0
08-05 03:58:48.155 24383 24383 D AntennapodHttpClient: Creating new instance of HTTP client
08-05 03:58:48.167 24383 25169 D ApOkHttpUrlLoader: buildLoadData() called with: model = [https://is4-ssl.mzstatic.com/image/thumb/Podcasts114/v4/3f/16/74/3f167426-bf50-ce3a-d709-e4301620fc5b/mza_5832671293059882550.jpeg/170x170bb.png], width = [224], height = [224]
08-05 03:58:48.170 24383 25170 D DBReader: getImageAuthentication() called with: imageUrl = [https://is4-ssl.mzstatic.com/image/thumb/Podcasts114/v4/3f/16/74/3f167426-bf50-ce3a-d709-e4301620fc5b/mza_5832671293059882550.jpeg/170x170bb.png]
08-05 03:58:48.172 24383 25171 D ApOkHttpUrlLoader: buildLoadData() called with: model = [https://is4-ssl.mzstatic.com/image/thumb/Podcasts113/v4/e5/8a/10/e58a108f-f5d0-f622-c94a-13f66edd570c/mza_3025981348644196724.jpg/170x170bb.png], width = [224], height = [224]
08-05 03:58:48.172 24383 25170 D ApOkHttpUrlLoader: no credentials for 'https://is4-ssl.mzstatic.com/image/thumb/Podcasts114/v4/3f/16/74/3f167426-bf50-ce3a-d709-e4301620fc5b/mza_5832671293059882550.jpeg/170x170bb.png'
08-05 03:58:48.173 24383 25172 D DBReader: getImageAuthentication() called with: imageUrl = [https://is4-ssl.mzstatic.com/image/thumb/Podcasts113/v4/e5/8a/10/e58a108f-f5d0-f622-c94a-13f66edd570c/mza_3025981348644196724.jpg/170x170bb.png]
08-05 03:58:48.175 24383 25172 D ApOkHttpUrlLoader: no credentials for 'https://is4-ssl.mzstatic.com/image/thumb/Podcasts113/v4/e5/8a/10/e58a108f-f5d0-f622-c94a-13f66edd570c/mza_3025981348644196724.jpg/170x170bb.png'
08-05 03:58:48.175 24383 25173 D ApOkHttpUrlLoader: buildLoadData() called with: model = [https://is2-ssl.mzstatic.com/image/thumb/Podcasts113/v4/a9/39/cc/a939ccc5-6d60-0c11-0a4c-16d71cdef89b/mza_8787577209688278658.jpg/170x170bb.png], width = [224], height = [224]
08-05 03:58:48.176 24383 25174 D DBReader: getImageAuthentication() called with: imageUrl = [https://is2-ssl.mzstatic.com/image/thumb/Podcasts113/v4/a9/39/cc/a939ccc5-6d60-0c11-0a4c-16d71cdef89b/mza_8787577209688278658.jpg/170x170bb.png]
08-05 03:58:48.177 24383 25174 D ApOkHttpUrlLoader: no credentials for 'https://is2-ssl.mzstatic.com/image/thumb/Podcasts113/v4/a9/39/cc/a939ccc5-6d60-0c11-0a4c-16d71cdef89b/mza_8787577209688278658.jpg/170x170bb.png'
08-05 03:58:48.178 24383 25175 D ApOkHttpUrlLoader: buildLoadData() called with: model = [https://is5-ssl.mzstatic.com/image/thumb/Podcasts114/v4/93/cf/99/93cf9960-fff3-205e-6655-72c03ddeccb2/mza_10545582232493904175.jpeg/170x170bb.png], width = [224], height = [224]
08-05 03:58:48.180 24383 25176 D DBReader: getImageAuthentication() called with: imageUrl = [https://is5-ssl.mzstatic.com/image/thumb/Podcasts114/v4/93/cf/99/93cf9960-fff3-205e-6655-72c03ddeccb2/mza_10545582232493904175.jpeg/170x170bb.png]
08-05 03:58:48.181 24383 25176 D ApOkHttpUrlLoader: no credentials for 'https://is5-ssl.mzstatic.com/image/thumb/Podcasts114/v4/93/cf/99/93cf9960-fff3-205e-6655-72c03ddeccb2/mza_10545582232493904175.jpeg/170x170bb.png'
08-05 03:58:48.181 24383 25169 D ApOkHttpUrlLoader: buildLoadData() called with: model = [https://is4-ssl.mzstatic.com/image/thumb/Podcasts124/v4/49/a4/91/49a491b7-3daf-c5dc-d7c6-6c4f1486955c/mza_5930014091766152297.png/170x170bb.png], width = [224], height = [224]
08-05 03:58:48.183 24383 25177 D DBReader: getImageAuthentication() called with: imageUrl = [https://is4-ssl.mzstatic.com/image/thumb/Podcasts124/v4/49/a4/91/49a491b7-3daf-c5dc-d7c6-6c4f1486955c/mza_5930014091766152297.png/170x170bb.png]
08-05 03:58:48.185 24383 25171 D ApOkHttpUrlLoader: buildLoadData() called with: model = [https://is5-ssl.mzstatic.com/image/thumb/Podcasts113/v4/fd/54/6e/fd546ea0-7ab2-e3f0-6049-884d82917af9/mza_4855349695799758348.jpeg/170x170bb.png], width = [224], height = [224]
08-05 03:58:48.185 24383 25177 D ApOkHttpUrlLoader: no credentials for 'https://is4-ssl.mzstatic.com/image/thumb/Podcasts124/v4/49/a4/91/49a491b7-3daf-c5dc-d7c6-6c4f1486955c/mza_5930014091766152297.png/170x170bb.png'
08-05 03:58:48.186 24383 25178 D DBReader: getImageAuthentication() called with: imageUrl = [https://is5-ssl.mzstatic.com/image/thumb/Podcasts113/v4/fd/54/6e/fd546ea0-7ab2-e3f0-6049-884d82917af9/mza_4855349695799758348.jpeg/170x170bb.png]
08-05 03:58:48.187 24383 25178 D ApOkHttpUrlLoader: no credentials for 'https://is5-ssl.mzstatic.com/image/thumb/Podcasts113/v4/fd/54/6e/fd546ea0-7ab2-e3f0-6049-884d82917af9/mza_4855349695799758348.jpeg/170x170bb.png'
08-05 03:58:48.188 24383 25173 D ApOkHttpUrlLoader: buildLoadData() called with: model = [https://is2-ssl.mzstatic.com/image/thumb/Podcasts114/v4/b3/4c/cf/b34ccfc2-cea4-1ca1-0fad-7793af301cc5/mza_2466085192629456364.jpg/170x170bb.png], width = [224], height = [224]
08-05 03:58:48.190 24383 25179 D DBReader: getImageAuthentication() called with: imageUrl = [https://is2-ssl.mzstatic.com/image/thumb/Podcasts114/v4/b3/4c/cf/b34ccfc2-cea4-1ca1-0fad-7793af301cc5/mza_2466085192629456364.jpg/170x170bb.png]
08-05 03:58:48.191 24383 25179 D ApOkHttpUrlLoader: no credentials for 'https://is2-ssl.mzstatic.com/image/thumb/Podcasts114/v4/b3/4c/cf/b34ccfc2-cea4-1ca1-0fad-7793af301cc5/mza_2466085192629456364.jpg/170x170bb.png'
08-05 03:58:48.345 24383 24416 I art     : Starting a blocking GC Explicit
08-05 03:58:48.371 24383 24416 I art     : Explicit concurrent mark sweep GC freed 16227(993KB) AllocSpace objects, 7(492KB) LOS objects, 39% free, 24MB/40MB, paused 1.017ms total 26.473ms
08-05 03:58:48.381 24383 24416 I art     : Starting a blocking GC Explicit
08-05 03:58:48.406 24383 24416 W art     : Suspending all threads took: 6.343ms
08-05 03:58:48.413 24383 24416 I art     : Explicit concurrent mark sweep GC freed 19490(873KB) AllocSpace objects, 1(80KB) LOS objects, 39% free, 24MB/40MB, paused 7.290ms total 31.575ms
08-05 03:58:48.422 24383 24416 I art     : Starting a blocking GC Explicit
08-05 03:58:48.445 24383 24416 I art     : Explicit concurrent mark sweep GC freed 5049(301KB) AllocSpace objects, 0(0B) LOS objects, 39% free, 24MB/40MB, paused 789us total 22.964ms
08-05 03:58:48.453 24383 24416 I art     : Starting a blocking GC Explicit
08-05 03:58:48.474 24383 24416 I art     : Explicit concurrent mark sweep GC freed 283(58KB) AllocSpace objects, 0(0B) LOS objects, 39% free, 24MB/40MB, paused 712us total 21.089ms
08-05 03:58:48.483 24383 24416 I art     : Starting a blocking GC Explicit
08-05 03:58:48.505 24383 24416 I art     : Explicit concurrent mark sweep GC freed 157(5KB) AllocSpace objects, 0(0B) LOS objects, 39% free, 24MB/40MB, paused 702us total 21.889ms
08-05 03:58:48.661 24383 25177 D MYTAG   : interceptor 2a
08-05 03:58:48.662 24383 25177 I NAPPA_EXPERIMENTATION: MetricNetworkRequestExecutionTime: REQUEST_DURATION_SYSTEM='476',REQUEST_DURATION_OKHTTP='250',REQUEST_SYNCHRONOUS='TRUE',RESPONSE_CODE='200',RESPONSE_METHOD='GET',RESPONSE_LENGTH_OKHTTP='12000',RESPONSE_LENGTH_HEADER='12000',REQUEST_PROTOCOL='h2',REQUEST_URL='https://is4-ssl.mzstatic.com/image/thumb/Podcasts124/v4/49/a4/91/49a491b7-3daf-c5dc-d7c6-6c4f1486955c/mza_5930014091766152297.png/170x170bb.png',
08-05 03:58:48.684 24383 25170 D MYTAG   : interceptor 2a
08-05 03:58:48.684 24383 25170 I NAPPA_EXPERIMENTATION: MetricNetworkRequestExecutionTime: REQUEST_DURATION_SYSTEM='512',REQUEST_DURATION_OKHTTP='270',REQUEST_SYNCHRONOUS='TRUE',RESPONSE_CODE='200',RESPONSE_METHOD='GET',RESPONSE_LENGTH_OKHTTP='26177',RESPONSE_LENGTH_HEADER='26177',REQUEST_PROTOCOL='h2',REQUEST_URL='https://is4-ssl.mzstatic.com/image/thumb/Podcasts114/v4/3f/16/74/3f167426-bf50-ce3a-d709-e4301620fc5b/mza_5832671293059882550.jpeg/170x170bb.png',
08-05 03:58:48.687 24383 25174 D MYTAG   : interceptor 2a
08-05 03:58:48.687 24383 25174 I NAPPA_EXPERIMENTATION: MetricNetworkRequestExecutionTime: REQUEST_DURATION_SYSTEM='509',REQUEST_DURATION_OKHTTP='275',REQUEST_SYNCHRONOUS='TRUE',RESPONSE_CODE='200',RESPONSE_METHOD='GET',RESPONSE_LENGTH_OKHTTP='48239',RESPONSE_LENGTH_HEADER='48239',REQUEST_PROTOCOL='h2',REQUEST_URL='https://is2-ssl.mzstatic.com/image/thumb/Podcasts113/v4/a9/39/cc/a939ccc5-6d60-0c11-0a4c-16d71cdef89b/mza_8787577209688278658.jpg/170x170bb.png',
08-05 03:58:48.704 24383 25172 D MYTAG   : interceptor 2a
08-05 03:58:48.705 24383 25172 I NAPPA_EXPERIMENTATION: MetricNetworkRequestExecutionTime: REQUEST_DURATION_SYSTEM='529',REQUEST_DURATION_OKHTTP='285',REQUEST_SYNCHRONOUS='TRUE',RESPONSE_CODE='200',RESPONSE_METHOD='GET',RESPONSE_LENGTH_OKHTTP='45995',RESPONSE_LENGTH_HEADER='45995',REQUEST_PROTOCOL='h2',REQUEST_URL='https://is4-ssl.mzstatic.com/image/thumb/Podcasts113/v4/e5/8a/10/e58a108f-f5d0-f622-c94a-13f66edd570c/mza_3025981348644196724.jpg/170x170bb.png',
08-05 03:58:48.706 24383 25179 D MYTAG   : interceptor 2a
08-05 03:58:48.706 24383 25179 I NAPPA_EXPERIMENTATION: MetricNetworkRequestExecutionTime: REQUEST_DURATION_SYSTEM='515',REQUEST_DURATION_OKHTTP='278',REQUEST_SYNCHRONOUS='TRUE',RESPONSE_CODE='200',RESPONSE_METHOD='GET',RESPONSE_LENGTH_OKHTTP='42299',RESPONSE_LENGTH_HEADER='42299',REQUEST_PROTOCOL='h2',REQUEST_URL='https://is2-ssl.mzstatic.com/image/thumb/Podcasts114/v4/b3/4c/cf/b34ccfc2-cea4-1ca1-0fad-7793af301cc5/mza_2466085192629456364.jpg/170x170bb.png',
08-05 03:58:48.714 24383 25178 D MYTAG   : interceptor 2a
08-05 03:58:48.715 24383 25178 I NAPPA_EXPERIMENTATION: MetricNetworkRequestExecutionTime: REQUEST_DURATION_SYSTEM='527',REQUEST_DURATION_OKHTTP='290',REQUEST_SYNCHRONOUS='TRUE',RESPONSE_CODE='200',RESPONSE_METHOD='GET',RESPONSE_LENGTH_OKHTTP='54835',RESPONSE_LENGTH_HEADER='54835',REQUEST_PROTOCOL='h2',REQUEST_URL='https://is5-ssl.mzstatic.com/image/thumb/Podcasts113/v4/fd/54/6e/fd546ea0-7ab2-e3f0-6049-884d82917af9/mza_4855349695799758348.jpeg/170x170bb.png',
08-05 03:58:48.746 24383 25176 D MYTAG   : interceptor 2a
08-05 03:58:48.747 24383 25176 I NAPPA_EXPERIMENTATION: MetricNetworkRequestExecutionTime: REQUEST_DURATION_SYSTEM='565',REQUEST_DURATION_OKHTTP='317',REQUEST_SYNCHRONOUS='TRUE',RESPONSE_CODE='200',RESPONSE_METHOD='GET',RESPONSE_LENGTH_OKHTTP='22351',RESPONSE_LENGTH_HEADER='22351',REQUEST_PROTOCOL='h2',REQUEST_URL='https://is5-ssl.mzstatic.com/image/thumb/Podcasts114/v4/93/cf/99/93cf9960-fff3-205e-6655-72c03ddeccb2/mza_10545582232493904175.jpeg/170x170bb.png',
08-05 03:58:48.780 24383 24403 I art     : Starting a blocking GC Explicit
08-05 03:58:48.802 24383 24403 I art     : Explicit concurrent mark sweep GC freed 5210(313KB) AllocSpace objects, 1(20KB) LOS objects, 38% free, 25MB/41MB, paused 486us total 21.026ms
08-05 03:58:48.810 24383 24403 I art     : Starting a blocking GC Explicit
08-05 03:58:48.829 24383 24403 I art     : Explicit concurrent mark sweep GC freed 67(3KB) AllocSpace objects, 0(0B) LOS objects, 38% free, 25MB/41MB, paused 515us total 19.066ms
08-05 03:58:48.837 24383 24403 I art     : Starting a blocking GC Explicit
08-05 03:58:48.857 24383 24403 I art     : Explicit concurrent mark sweep GC freed 3(96B) AllocSpace objects, 0(0B) LOS objects, 38% free, 25MB/41MB, paused 568us total 19.816ms
08-05 03:58:48.865 24383 24403 I art     : Starting a blocking GC Explicit
08-05 03:58:48.885 24383 24403 I art     : Explicit concurrent mark sweep GC freed 3(96B) AllocSpace objects, 0(0B) LOS objects, 38% free, 25MB/41MB, paused 524us total 20.372ms
08-05 03:58:48.894 24383 24403 I art     : Starting a blocking GC Explicit
08-05 03:58:48.915 24383 24403 I art     : Explicit concurrent mark sweep GC freed 3(96B) AllocSpace objects, 0(0B) LOS objects, 38% free, 25MB/41MB, paused 517us total 21.326ms
08-05 03:58:49.199 24383 24416 I art     : Starting a blocking GC Explicit
08-05 03:58:49.231 24383 24416 I art     : Explicit concurrent mark sweep GC freed 1363(80KB) AllocSpace objects, 1(20KB) LOS objects, 38% free, 25MB/41MB, paused 582us total 31.702ms
08-05 03:58:49.243 24383 24416 I art     : Starting a blocking GC Explicit
08-05 03:58:49.265 24383 24416 I art     : Explicit concurrent mark sweep GC freed 23(752B) AllocSpace objects, 0(0B) LOS objects, 38% free, 25MB/41MB, paused 521us total 21.850ms
08-05 03:58:49.274 24383 24416 I art     : Starting a blocking GC Explicit
08-05 03:58:49.296 24383 24416 I art     : Explicit concurrent mark sweep GC freed 3(96B) AllocSpace objects, 0(0B) LOS objects, 38% free, 25MB/41MB, paused 527us total 21.739ms
08-05 03:58:49.305 24383 24416 I art     : Starting a blocking GC Explicit
08-05 03:58:49.328 24383 24416 I art     : Explicit concurrent mark sweep GC freed 3(96B) AllocSpace objects, 0(0B) LOS objects, 38% free, 25MB/41MB, paused 548us total 22.785ms
08-05 03:58:49.337 24383 24416 I art     : Starting a blocking GC Explicit
08-05 03:58:49.359 24383 24416 I art     : Explicit concurrent mark sweep GC freed 3(96B) AllocSpace objects, 0(0B) LOS objects, 38% free, 25MB/41MB, paused 529us total 22.416ms
08-05 03:58:49.673 24383 24404 I art     : Starting a blocking GC Explicit
08-05 03:58:49.703 24383 24404 I art     : Explicit concurrent mark sweep GC freed 1392(80KB) AllocSpace objects, 1(20KB) LOS objects, 38% free, 25MB/41MB, paused 570us total 29.393ms
08-05 03:58:49.714 24383 24404 I art     : Starting a blocking GC Explicit
08-05 03:58:49.737 24383 24404 I art     : Explicit concurrent mark sweep GC freed 24(784B) AllocSpace objects, 0(0B) LOS objects, 38% free, 25MB/41MB, paused 590us total 22.111ms
08-05 03:58:49.746 24383 24404 I art     : Starting a blocking GC Explicit
08-05 03:58:49.770 24383 24404 I art     : Explicit concurrent mark sweep GC freed 7(224B) AllocSpace objects, 0(0B) LOS objects, 38% free, 25MB/41MB, paused 488us total 23.462ms
08-05 03:58:49.781 24383 24404 I art     : Starting a blocking GC Explicit
08-05 03:58:49.804 24383 24404 I art     : Explicit concurrent mark sweep GC freed 7(224B) AllocSpace objects, 0(0B) LOS objects, 38% free, 25MB/41MB, paused 516us total 22.627ms
08-05 03:58:49.813 24383 24404 I art     : Starting a blocking GC Explicit
08-05 03:58:49.835 24383 24404 I art     : Explicit concurrent mark sweep GC freed 7(224B) AllocSpace objects, 0(0B) LOS objects, 38% free, 25MB/41MB, paused 644us total 21.661ms
08-05 03:58:50.158 24383 24404 I art     : Starting a blocking GC Explicit
08-05 03:58:50.186 24383 24404 I art     : Explicit concurrent mark sweep GC freed 1380(80KB) AllocSpace objects, 1(20KB) LOS objects, 38% free, 25MB/41MB, paused 573us total 27.821ms
08-05 03:58:50.199 24383 24404 I art     : Starting a blocking GC Explicit
08-05 03:58:50.224 24383 24404 I art     : Explicit concurrent mark sweep GC freed 23(752B) AllocSpace objects, 0(0B) LOS objects, 38% free, 25MB/41MB, paused 541us total 24.511ms
08-05 03:58:50.233 24383 24404 I art     : Starting a blocking GC Explicit
08-05 03:58:50.256 24383 24404 I art     : Explicit concurrent mark sweep GC freed 3(96B) AllocSpace objects, 0(0B) LOS objects, 38% free, 25MB/41MB, paused 535us total 22.721ms
08-05 03:58:50.264 24383 24404 I art     : Starting a blocking GC Explicit
08-05 03:58:50.287 24383 24404 I art     : Explicit concurrent mark sweep GC freed 3(96B) AllocSpace objects, 0(0B) LOS objects, 38% free, 25MB/41MB, paused 553us total 22.788ms
08-05 03:58:50.296 24383 24404 I art     : Starting a blocking GC Explicit
08-05 03:58:50.319 24383 24404 I art     : Explicit concurrent mark sweep GC freed 3(96B) AllocSpace objects, 0(0B) LOS objects, 38% free, 25MB/41MB, paused 541us total 22.411ms
08-05 03:58:50.658 24383 24416 I art     : Starting a blocking GC Explicit
08-05 03:58:50.690 24383 24416 I art     : Explicit concurrent mark sweep GC freed 1392(80KB) AllocSpace objects, 1(20KB) LOS objects, 38% free, 25MB/41MB, paused 612us total 31.396ms
08-05 03:58:50.705 24383 24416 I art     : Starting a blocking GC Explicit
08-05 03:58:50.727 24383 24416 I art     : Explicit concurrent mark sweep GC freed 23(752B) AllocSpace objects, 0(0B) LOS objects, 38% free, 25MB/41MB, paused 628us total 22.274ms
08-05 03:58:50.736 24383 24416 I art     : Starting a blocking GC Explicit
08-05 03:58:50.758 24383 24416 I art     : Explicit concurrent mark sweep GC freed 3(96B) AllocSpace objects, 0(0B) LOS objects, 38% free, 25MB/41MB, paused 543us total 22.414ms
08-05 03:58:50.767 24383 24416 I art     : Starting a blocking GC Explicit
08-05 03:58:50.790 24383 24416 I art     : Explicit concurrent mark sweep GC freed 3(96B) AllocSpace objects, 0(0B) LOS objects, 38% free, 25MB/41MB, paused 531us total 22.232ms
08-05 03:58:50.798 24383 24416 I art     : Starting a blocking GC Explicit
08-05 03:58:50.820 24383 24416 I art     : Explicit concurrent mark sweep GC freed 3(96B) AllocSpace objects, 0(0B) LOS objects, 38% free, 25MB/41MB, paused 532us total 21.881ms
08-05 03:58:51.130 24383 24403 I art     : Starting a blocking GC Explicit
08-05 03:58:51.158 24383 24403 I art     : Explicit concurrent mark sweep GC freed 1363(80KB) AllocSpace objects, 1(20KB) LOS objects, 38% free, 25MB/41MB, paused 767us total 27.721ms
08-05 03:58:51.169 24383 24403 I art     : Starting a blocking GC Explicit
08-05 03:58:51.193 24383 24403 I art     : Explicit concurrent mark sweep GC freed 23(752B) AllocSpace objects, 0(0B) LOS objects, 38% free, 25MB/41MB, paused 533us total 22.816ms
08-05 03:58:51.201 24383 24403 I art     : Starting a blocking GC Explicit
08-05 03:58:51.224 24383 24403 I art     : Explicit concurrent mark sweep GC freed 3(96B) AllocSpace objects, 0(0B) LOS objects, 38% free, 25MB/41MB, paused 527us total 22.085ms
08-05 03:58:51.232 24383 24403 I art     : Starting a blocking GC Explicit
08-05 03:58:51.255 24383 24403 I art     : Explicit concurrent mark sweep GC freed 3(96B) AllocSpace objects, 0(0B) LOS objects, 38% free, 25MB/41MB, paused 531us total 22.560ms
08-05 03:58:51.264 24383 24403 I art     : Starting a blocking GC Explicit
08-05 03:58:51.287 24383 24403 I art     : Explicit concurrent mark sweep GC freed 3(96B) AllocSpace objects, 0(0B) LOS objects, 38% free, 25MB/41MB, paused 641us total 22.880ms
08-05 03:58:51.608 24383 24404 I art     : Starting a blocking GC Explicit
08-05 03:58:51.635 24383 24404 I art     : Explicit concurrent mark sweep GC freed 1392(80KB) AllocSpace objects, 1(20KB) LOS objects, 38% free, 25MB/41MB, paused 586us total 26.611ms
08-05 03:58:51.645 24383 24404 I art     : Starting a blocking GC Explicit
08-05 03:58:51.668 24383 24404 I art     : Explicit concurrent mark sweep GC freed 23(752B) AllocSpace objects, 0(0B) LOS objects, 38% free, 25MB/41MB, paused 548us total 22.785ms
08-05 03:58:51.677 24383 24404 I art     : Starting a blocking GC Explicit
08-05 03:58:51.699 24383 24404 I art     : Explicit concurrent mark sweep GC freed 3(96B) AllocSpace objects, 0(0B) LOS objects, 38% free, 25MB/41MB, paused 505us total 22.303ms
08-05 03:58:51.708 24383 24404 I art     : Starting a blocking GC Explicit
08-05 03:58:51.731 24383 24404 I art     : Explicit concurrent mark sweep GC freed 3(96B) AllocSpace objects, 0(0B) LOS objects, 38% free, 25MB/41MB, paused 542us total 22.602ms
08-05 03:58:51.740 24383 24404 I art     : Starting a blocking GC Explicit
08-05 03:58:51.762 24383 24404 I art     : Explicit concurrent mark sweep GC freed 3(96B) AllocSpace objects, 0(0B) LOS objects, 38% free, 25MB/41MB, paused 535us total 22.268ms
08-05 03:58:52.020 24254 24254 I ServiceManager: Waiting for service AtCmdFwd...
08-05 03:58:52.089 24383 24416 I art     : Starting a blocking GC Explicit
08-05 03:58:52.117 24383 24416 I art     : Explicit concurrent mark sweep GC freed 1363(80KB) AllocSpace objects, 1(20KB) LOS objects, 38% free, 25MB/41MB, paused 577us total 27.779ms
08-05 03:58:52.129 24383 24416 I art     : Starting a blocking GC Explicit
08-05 03:58:52.152 24383 24416 I art     : Explicit concurrent mark sweep GC freed 23(752B) AllocSpace objects, 0(0B) LOS objects, 38% free, 25MB/41MB, paused 537us total 22.200ms
08-05 03:58:52.161 24383 24416 I art     : Starting a blocking GC Explicit
08-05 03:58:52.183 24383 24416 I art     : Explicit concurrent mark sweep GC freed 3(96B) AllocSpace objects, 0(0B) LOS objects, 38% free, 25MB/41MB, paused 570us total 22.356ms
08-05 03:58:52.192 24383 24416 I art     : Starting a blocking GC Explicit
08-05 03:58:52.214 24383 24416 I art     : Explicit concurrent mark sweep GC freed 3(96B) AllocSpace objects, 0(0B) LOS objects, 38% free, 25MB/41MB, paused 543us total 22.084ms
08-05 03:58:52.223 24383 24416 I art     : Starting a blocking GC Explicit
08-05 03:58:52.246 24383 24416 I art     : Explicit concurrent mark sweep GC freed 3(96B) AllocSpace objects, 0(0B) LOS objects, 38% free, 25MB/41MB, paused 539us total 22.327ms
08-05 03:58:52.563 24383 24403 I art     : Starting a blocking GC Explicit
08-05 03:58:52.597 24383 24403 I art     : Explicit concurrent mark sweep GC freed 1392(80KB) AllocSpace objects, 1(20KB) LOS objects, 38% free, 25MB/41MB, paused 685us total 33.394ms
08-05 03:58:52.611 24383 24403 I art     : Starting a blocking GC Explicit
08-05 03:58:52.639 24383 24403 I art     : Explicit concurrent mark sweep GC freed 23(752B) AllocSpace objects, 0(0B) LOS objects, 38% free, 25MB/41MB, paused 654us total 27.577ms
08-05 03:58:52.649 24383 24403 I art     : Starting a blocking GC Explicit
08-05 03:58:52.672 24383 24403 I art     : Explicit concurrent mark sweep GC freed 3(96B) AllocSpace objects, 0(0B) LOS objects, 38% free, 25MB/41MB, paused 531us total 22.619ms
08-05 03:58:52.681 24383 24403 I art     : Starting a blocking GC Explicit
08-05 03:58:52.703 24383 24403 I art     : Explicit concurrent mark sweep GC freed 3(96B) AllocSpace objects, 0(0B) LOS objects, 38% free, 25MB/41MB, paused 481us total 21.793ms
08-05 03:58:52.711 24383 24403 I art     : Starting a blocking GC Explicit
08-05 03:58:52.734 24383 24403 I art     : Explicit concurrent mark sweep GC freed 3(96B) AllocSpace objects, 0(0B) LOS objects, 38% free, 25MB/41MB, paused 522us total 22.200ms
08-05 03:58:53.021 24254 24254 I ServiceManager: Waiting for service AtCmdFwd...
08-05 03:58:53.057 24383 24404 I art     : Starting a blocking GC Explicit
08-05 03:58:53.086 24383 24404 I art     : Explicit concurrent mark sweep GC freed 1363(80KB) AllocSpace objects, 1(20KB) LOS objects, 38% free, 25MB/41MB, paused 584us total 27.981ms
08-05 03:58:53.099 24383 24404 I art     : Starting a blocking GC Explicit
08-05 03:58:53.121 24383 24404 I art     : Explicit concurrent mark sweep GC freed 23(752B) AllocSpace objects, 0(0B) LOS objects, 38% free, 25MB/41MB, paused 534us total 21.885ms
08-05 03:58:53.130 24383 24404 I art     : Starting a blocking GC Explicit
08-05 03:58:53.139   518   646 I ThermalEngine: ACTION: GPU - Setting GPU[0] to 600000000
08-05 03:58:53.152 24383 24404 I art     : Explicit concurrent mark sweep GC freed 3(96B) AllocSpace objects, 0(0B) LOS objects, 38% free, 25MB/41MB, paused 534us total 21.650ms
08-05 03:58:53.160 24383 24404 I art     : Starting a blocking GC Explicit
08-05 03:58:53.182 24383 24404 I art     : Explicit concurrent mark sweep GC freed 3(96B) AllocSpace objects, 0(0B) LOS objects, 38% free, 25MB/41MB, paused 455us total 21.774ms
08-05 03:58:53.190 24383 24404 I art     : Starting a blocking GC Explicit
08-05 03:58:53.209 24383 24404 I art     : Explicit concurrent mark sweep GC freed 3(96B) AllocSpace objects, 0(0B) LOS objects, 38% free, 25MB/41MB, paused 392us total 18.406ms
08-05 03:58:53.527 24383 24416 I art     : Starting a blocking GC Explicit
08-05 03:58:53.552 24383 24416 I art     : Explicit concurrent mark sweep GC freed 1392(80KB) AllocSpace objects, 1(20KB) LOS objects, 38% free, 25MB/41MB, paused 459us total 25.039ms
08-05 03:58:53.565 24383 24416 I art     : Starting a blocking GC Explicit
08-05 03:58:53.583 24383 24416 I art     : Explicit concurrent mark sweep GC freed 23(752B) AllocSpace objects, 0(0B) LOS objects, 38% free, 25MB/41MB, paused 394us total 17.829ms
08-05 03:58:53.590 24383 24416 I art     : Starting a blocking GC Explicit
08-05 03:58:53.607 24383 24416 I art     : Explicit concurrent mark sweep GC freed 3(96B) AllocSpace objects, 0(0B) LOS objects, 38% free, 25MB/41MB, paused 362us total 17.445ms
08-05 03:58:53.614 24383 24416 I art     : Starting a blocking GC Explicit
08-05 03:58:53.632 24383 24416 I art     : Explicit concurrent mark sweep GC freed 3(96B) AllocSpace objects, 0(0B) LOS objects, 38% free, 25MB/41MB, paused 387us total 17.550ms
08-05 03:58:53.638 24383 24416 I art     : Starting a blocking GC Explicit
08-05 03:58:53.656 24383 24416 I art     : Explicit concurrent mark sweep GC freed 3(96B) AllocSpace objects, 0(0B) LOS objects, 38% free, 25MB/41MB, paused 384us total 17.208ms
08-05 03:58:53.919 24383 24403 I art     : Starting a blocking GC Explicit
08-05 03:58:53.937 24383 24403 I art     : Explicit concurrent mark sweep GC freed 1363(80KB) AllocSpace objects, 1(20KB) LOS objects, 38% free, 25MB/41MB, paused 482us total 17.795ms
08-05 03:58:53.944 24383 24403 I art     : Starting a blocking GC Explicit
08-05 03:58:53.962 24383 24403 I art     : Explicit concurrent mark sweep GC freed 23(752B) AllocSpace objects, 0(0B) LOS objects, 38% free, 25MB/41MB, paused 433us total 17.603ms
08-05 03:58:53.968 24383 24403 I art     : Starting a blocking GC Explicit
08-05 03:58:53.985 24383 24403 I art     : Explicit concurrent mark sweep GC freed 3(96B) AllocSpace objects, 0(0B) LOS objects, 38% free, 25MB/41MB, paused 426us total 16.804ms
08-05 03:58:53.992 24383 24403 I art     : Starting a blocking GC Explicit
08-05 03:58:54.009 24383 24403 I art     : Explicit concurrent mark sweep GC freed 3(96B) AllocSpace objects, 0(0B) LOS objects, 38% free, 25MB/41MB, paused 379us total 17.081ms
08-05 03:58:54.016 24383 24403 I art     : Starting a blocking GC Explicit
08-05 03:58:54.023 24254 24254 I ServiceManager: Waiting for service AtCmdFwd...
08-05 03:58:54.033 24383 24403 I art     : Explicit concurrent mark sweep GC freed 3(96B) AllocSpace objects, 0(0B) LOS objects, 38% free, 25MB/41MB, paused 390us total 16.480ms
08-05 03:58:54.147 25314 25314 D AndroidRuntime: >>>>>> START com.android.internal.os.RuntimeInit uid 2000 <<<<<<
08-05 03:58:54.152 25314 25314 D AndroidRuntime: CheckJNI is OFF
08-05 03:58:54.178 25314 25314 D ICU     : No timezone override file found: /data/misc/zoneinfo/current/icu/icu_tzdata.dat
08-05 03:58:54.203 25314 25314 I Radio-JNI: register_android_hardware_Radio DONE
08-05 03:58:54.219 25314 25314 D AndroidRuntime: Calling main entry com.android.commands.input.Input
08-05 03:58:54.221 25314 25314 I Input   : injectMotionEvent: MotionEvent { action=ACTION_DOWN, actionButton=0, id[0]=0, x[0]=616.0, y[0]=469.0, toolType[0]=TOOL_TYPE_UNKNOWN, buttonState=0, metaState=0, flags=0x0, edgeFlags=0x0, pointerCount=1, historySize=0, eventTime=763150634, downTime=763150634, deviceId=0, source=0x1002 }
08-05 03:58:54.227 25314 25314 I Input   : injectMotionEvent: MotionEvent { action=ACTION_UP, actionButton=0, id[0]=0, x[0]=616.0, y[0]=469.0, toolType[0]=TOOL_TYPE_UNKNOWN, buttonState=0, metaState=0, flags=0x0, edgeFlags=0x0, pointerCount=1, historySize=0, eventTime=763150634, downTime=763150634, deviceId=0, source=0x1002 }
08-05 03:58:54.229 25314 25314 D AndroidRuntime: Shutting down VM
08-05 03:58:54.296   512  2967 D audio_hw_primary: out_set_parameters: enter: usecase(1: low-latency-playback) kvpairs: routing=2
08-05 03:58:54.304 24383 24404 I art     : Starting a blocking GC Explicit
08-05 03:58:54.309   512  2967 D audio_hw_primary: select_devices: out_snd_device(2: speaker) in_snd_device(0: none)
08-05 03:58:54.309   512  2967 D msm8974_platform: platform_send_audio_calibration: sending audio calibration for snd_device(2) acdb_id(15)
08-05 03:58:54.309   512  2967 I soundtrigger: audio_extn_sound_trigger_update_device_status: device 0x2 of type 0 for Event 1
08-05 03:58:54.319   512  2967 D audio_hw_primary: enable_snd_device: snd_device(2: speaker)
08-05 03:58:54.321   512  2967 D audio_hw_primary: enable_audio_route: apply and update mixer path: low-latency-playback speaker
08-05 03:58:54.325 24383 24404 I art     : Explicit concurrent mark sweep GC freed 1590(89KB) AllocSpace objects, 1(20KB) LOS objects, 38% free, 25MB/41MB, paused 577us total 19.672ms
08-05 03:58:54.335 24383 24404 I art     : Starting a blocking GC Explicit
08-05 03:58:54.355 24383 24404 I art     : Explicit concurrent mark sweep GC freed 36(1264B) AllocSpace objects, 0(0B) LOS objects, 38% free, 25MB/41MB, paused 439us total 20.146ms
08-05 03:58:54.363 24383 24404 I art     : Starting a blocking GC Explicit
08-05 03:58:54.381 24383 24404 I art     : Explicit concurrent mark sweep GC freed 11(416B) AllocSpace objects, 0(0B) LOS objects, 38% free, 25MB/41MB, paused 443us total 17.710ms
08-05 03:58:54.388 24383 24404 I art     : Starting a blocking GC Explicit
08-05 03:58:54.405 24383 24404 I art     : Explicit concurrent mark sweep GC freed 10(352B) AllocSpace objects, 0(0B) LOS objects, 38% free, 25MB/41MB, paused 432us total 16.767ms
08-05 03:58:54.411 24383 24404 I art     : Starting a blocking GC Explicit
08-05 03:58:54.428 24383 24404 I art     : Explicit concurrent mark sweep GC freed 11(416B) AllocSpace objects, 0(0B) LOS objects, 38% free, 25MB/41MB, paused 439us total 16.617ms
08-05 03:58:54.545 24383 24419 I NAPPA_EXPERIMENTATION: MetricNetworkRequestExecutionTime: REQUEST_DURATION_SYSTEM='249',REQUEST_DURATION_OKHTTP='248',REQUEST_SYNCHRONOUS='TRUE',RESPONSE_CODE='200',RESPONSE_METHOD='GET',RESPONSE_LENGTH_OKHTTP='-1',RESPONSE_LENGTH_HEADER='628',REQUEST_PROTOCOL='h2',REQUEST_URL='https://itunes.apple.com/lookup?id=1524080195',
08-05 03:58:54.576   918  3670 I ActivityManager: START u0 {cmp=baseline.de.danoeh.antennapod.debug/baseline.de.danoeh.antennapod.activity.OnlineFeedViewActivity (has extras)} from uid 10691 on display 0
08-05 03:58:54.596 13866 13866 I GoogleInputMethodServic: GoogleInputMethodService.onFinishInput():3138 
08-05 03:58:54.597 13866 13866 I GoogleInputMethodServic: GoogleInputMethodService.onStartInput():1808 
08-05 03:58:54.620 24383 24383 D UserPreferences: Using default data folder
08-05 03:58:54.621 24383 24383 D OnlineFeedViewActivity: Activity was started with url https://rss.art19.com/nice-white-parents
08-05 03:58:54.623 24383 24383 D OnlineFeedViewActivity: Starting feed download
08-05 03:58:54.627 24383 24413 D DBReader: Extracting Feedlist
08-05 03:58:54.630   918  6029 D WifiService: acquireWifiLockLocked: WifiLock{Downloader type=1 binder=android.os.BinderProxy@afedb55}
08-05 03:58:54.631 24383 24413 D AntennapodHttpClient: Creating new instance of HTTP client
08-05 03:58:54.661 24383 24404 I art     : Starting a blocking GC Explicit
08-05 03:58:54.683 24383 24404 I art     : Explicit concurrent mark sweep GC freed 3801(242KB) AllocSpace objects, 1(20KB) LOS objects, 38% free, 26MB/42MB, paused 443us total 21.395ms
08-05 03:58:54.688 13866 13866 I GoogleInputMethodServic: GoogleInputMethodService.onFinishInput():3138 
08-05 03:58:54.689 13866 13866 I GoogleInputMethodServic: GoogleInputMethodService.onStartInput():1808 
08-05 03:58:54.690 24383 24404 I art     : Starting a blocking GC Explicit
08-05 03:58:54.708   918   936 I ActivityManager: Displayed baseline.de.danoeh.antennapod.debug/baseline.de.danoeh.antennapod.activity.OnlineFeedViewActivity: +111ms
08-05 03:58:54.711 24383 24404 I art     : Explicit concurrent mark sweep GC freed 442(19KB) AllocSpace objects, 0(0B) LOS objects, 37% free, 26MB/42MB, paused 405us total 20.614ms
08-05 03:58:54.719 24383 24404 I art     : Starting a blocking GC Explicit
08-05 03:58:54.740 24383 24404 I art     : Explicit concurrent mark sweep GC freed 32(1216B) AllocSpace objects, 0(0B) LOS objects, 37% free, 26MB/42MB, paused 631us total 20.772ms
08-05 03:58:54.748 24383 24404 I art     : Starting a blocking GC Explicit
08-05 03:58:54.765 24383 24404 I art     : Explicit concurrent mark sweep GC freed 856(67KB) AllocSpace objects, 2(120KB) LOS objects, 37% free, 26MB/42MB, paused 660us total 16.192ms
08-05 03:58:54.771 24383 24404 I art     : Starting a blocking GC Explicit
08-05 03:58:54.789 24383 24404 I art     : Explicit concurrent mark sweep GC freed 3992(156KB) AllocSpace objects, 0(0B) LOS objects, 37% free, 26MB/42MB, paused 591us total 17.789ms
08-05 03:58:54.859   512  2967 D audio_hw_primary: disable_audio_route: reset and update mixer path: low-latency-playback speaker
08-05 03:58:54.860   512  2967 D audio_hw_primary: disable_snd_device: snd_device(2: speaker)
08-05 03:58:54.868   512  2967 I soundtrigger: audio_extn_sound_trigger_update_device_status: device 0x2 of type 0 for Event 0
08-05 03:58:54.940   380   380 W SurfaceFlinger: couldn't log to binary event log: overflow.
08-05 03:58:54.943 24383 24413 D MYTAG   : interceptor 3a https://rss.art19.com/nice-white-parents
08-05 03:58:54.943 24383 24413 I NAPPA_EXPERIMENTATION: MetricNetworkRequestExecutionTime: REQUEST_DURATION_SYSTEM='311',REQUEST_DURATION_OKHTTP='157',REQUEST_SYNCHRONOUS='TRUE',RESPONSE_CODE='200',RESPONSE_METHOD='GET',RESPONSE_LENGTH_OKHTTP='-1',RESPONSE_LENGTH_HEADER='1803',REQUEST_PROTOCOL='h2',REQUEST_URL='https://rss.art19.com/nice-white-parents',
08-05 03:58:54.943 24383 24413 D HttpDownloader: Response code is 200
08-05 03:58:54.943 24383 24413 D UserPreferences: Using default data folder
08-05 03:58:54.945 24383 24413 D HttpDownloader: Getting size of download
08-05 03:58:54.945 24383 24413 D HttpDownloader: Size is -1
08-05 03:58:54.945 24383 24413 D UserPreferences: Using default data folder
08-05 03:58:54.945 24383 24413 D HttpDownloader: Free space is 20232183808
08-05 03:58:54.945 24383 24413 D HttpDownloader: Starting download
08-05 03:58:54.957 24383 24413 D HttpDownloader: Download was successful
08-05 03:58:54.958   918  5481 D WifiService: releaseWifiLockLocked: WifiLock{Downloader type=1 binder=android.os.BinderProxy@afedb55}
08-05 03:58:54.959 24383 24383 D OnlineFeedViewActivity: Parsing feed
08-05 03:58:54.968 24383 25368 D TypeGetter: Recognized type RSS 2.0
08-05 03:58:54.972 24383 25368 D SyndHandler: Recognized ITunes namespace
08-05 03:58:54.972 24383 25368 D SyndHandler: Recognized Atom namespace
08-05 03:58:54.972 24383 25368 D SyndHandler: Recognized Content namespace
08-05 03:58:54.979 24383 25368 D OnlineFeedViewActivity: Deleted feed source file. Result: true
08-05 03:58:54.979 24383 24383 D OnlineFeedViewActivity: Removing HTML from shownotes
08-05 03:58:55.023 24254 24254 I ServiceManager: Waiting for service AtCmdFwd...
08-05 03:58:55.024 24383 24383 W art     : Before Android 4.1, method int androidx.appcompat.widget.DropDownListView.lookForSelectablePosition(int, boolean) would have incorrectly overridden the package-private method in android.widget.ListView
08-05 03:58:55.028 24383 24383 I ListPopupWindow: Could not find method setEpicenterBounds(Rect) on PopupWindow. Oh well.
08-05 03:58:55.033 24383 25373 D ApOkHttpUrlLoader: buildLoadData() called with: model = [https://content.production.cdn.art19.com/images/89/e0/88/44/89e08844-ac28-4fc0-96fa-15a41fec2014/262c12ed699a8d9720dea0bd66449d998e4a08cf18095bed170ccaa76722045fa5dbf7a366918b2db7e3acf29ad22f6b99fd659a9409cb807bf2781d968932f8.jpeg], width = [350], height = [350]
08-05 03:58:55.034 24383 24404 I art     : Starting a blocking GC Explicit
08-05 03:58:55.040 24383 25176 D DBReader: getImageAuthentication() called with: imageUrl = [https://content.production.cdn.art19.com/images/89/e0/88/44/89e08844-ac28-4fc0-96fa-15a41fec2014/262c12ed699a8d9720dea0bd66449d998e4a08cf18095bed170ccaa76722045fa5dbf7a366918b2db7e3acf29ad22f6b99fd659a9409cb807bf2781d968932f8.jpeg]
08-05 03:58:55.042 24383 25176 D ApOkHttpUrlLoader: no credentials for 'https://content.production.cdn.art19.com/images/89/e0/88/44/89e08844-ac28-4fc0-96fa-15a41fec2014/262c12ed699a8d9720dea0bd66449d998e4a08cf18095bed170ccaa76722045fa5dbf7a366918b2db7e3acf29ad22f6b99fd659a9409cb807bf2781d968932f8.jpeg'
08-05 03:58:55.056 24383 24404 I art     : Explicit concurrent mark sweep GC freed 16195(1164KB) AllocSpace objects, 8(312KB) LOS objects, 37% free, 27MB/43MB, paused 827us total 21.574ms
08-05 03:58:55.062 24383 24404 I art     : Starting a blocking GC Explicit
08-05 03:58:55.076 24383 24383 D PlaybackController: Releasing PlaybackController
08-05 03:58:55.081 24383 24404 I art     : Explicit concurrent mark sweep GC freed 1003(53KB) AllocSpace objects, 0(0B) LOS objects, 37% free, 26MB/42MB, paused 431us total 18.469ms
08-05 03:58:55.088 24383 24404 I art     : Starting a blocking GC Explicit
08-05 03:58:55.107 24383 24404 I art     : Explicit concurrent mark sweep GC freed 59(2672B) AllocSpace objects, 1(112KB) LOS objects, 37% free, 26MB/42MB, paused 420us total 18.908ms
08-05 03:58:55.114 24383 24404 I art     : Starting a blocking GC Explicit
08-05 03:58:55.131 24383 24404 I art     : Explicit concurrent mark sweep GC freed 27(896B) AllocSpace objects, 0(0B) LOS objects, 37% free, 26MB/42MB, paused 403us total 17.086ms
08-05 03:58:55.138 24383 24404 I art     : Starting a blocking GC Explicit
08-05 03:58:55.161 24383 24404 I art     : Explicit concurrent mark sweep GC freed 2646(116KB) AllocSpace objects, 0(0B) LOS objects, 37% free, 26MB/42MB, paused 540us total 23.180ms
08-05 03:58:55.338 24383 25176 D MYTAG   : interceptor 2a
08-05 03:58:55.338 24383 25176 I NAPPA_EXPERIMENTATION: MetricNetworkRequestExecutionTime: REQUEST_DURATION_SYSTEM='296',REQUEST_DURATION_OKHTTP='165',REQUEST_SYNCHRONOUS='TRUE',RESPONSE_CODE='200',RESPONSE_METHOD='GET',RESPONSE_LENGTH_OKHTTP='2466122',RESPONSE_LENGTH_HEADER='2466122',REQUEST_PROTOCOL='h2',REQUEST_URL='https://content.production.cdn.art19.com/images/89/e0/88/44/89e08844-ac28-4fc0-96fa-15a41fec2014/262c12ed699a8d9720dea0bd66449d998e4a08cf18095bed170ccaa76722045fa5dbf7a366918b2db7e3acf29ad22f6b99fd659a9409cb807bf2781d968932f8.jpeg',
08-05 03:58:55.446 24383 24403 I art     : Starting a blocking GC Explicit
08-05 03:58:55.469 24383 24403 I art     : Explicit concurrent mark sweep GC freed 3016(153KB) AllocSpace objects, 1(20KB) LOS objects, 37% free, 26MB/42MB, paused 581us total 23.634ms
08-05 03:58:55.478 24383 24403 I art     : Starting a blocking GC Explicit
08-05 03:58:55.496 24383 24403 I art     : Explicit concurrent mark sweep GC freed 86(2928B) AllocSpace objects, 0(0B) LOS objects, 37% free, 26MB/42MB, paused 459us total 18.244ms
08-05 03:58:55.503 24383 24403 I art     : Starting a blocking GC Explicit
08-05 03:58:55.521 24383 24403 I art     : Explicit concurrent mark sweep GC freed 86(2608B) AllocSpace objects, 0(0B) LOS objects, 37% free, 26MB/42MB, paused 436us total 17.915ms
08-05 03:58:55.527 24383 24403 I art     : Starting a blocking GC Explicit
08-05 03:58:55.545 24383 24403 I art     : Explicit concurrent mark sweep GC freed 47(1504B) AllocSpace objects, 0(0B) LOS objects, 37% free, 26MB/42MB, paused 553us total 18.012ms
08-05 03:58:55.552 24383 24403 I art     : Starting a blocking GC Explicit
08-05 03:58:55.570 24383 24403 I art     : Explicit concurrent mark sweep GC freed 68(2176B) AllocSpace objects, 0(0B) LOS objects, 37% free, 26MB/42MB, paused 549us total 17.772ms
08-05 03:58:55.821 24383 24404 I art     : Starting a blocking GC Explicit
08-05 03:58:55.844 24383 24404 I art     : Explicit concurrent mark sweep GC freed 2695(175KB) AllocSpace objects, 1(20KB) LOS objects, 36% free, 27MB/43MB, paused 462us total 22.643ms
08-05 03:58:55.851 24383 24404 I art     : Starting a blocking GC Explicit
08-05 03:58:55.873 24383 24404 I art     : Explicit concurrent mark sweep GC freed 42(1312B) AllocSpace objects, 0(0B) LOS objects, 36% free, 27MB/43MB, paused 478us total 21.340ms
08-05 03:58:55.880 24383 24404 I art     : Starting a blocking GC Explicit
08-05 03:58:55.902 24383 24404 I art     : Explicit concurrent mark sweep GC freed 3(96B) AllocSpace objects, 0(0B) LOS objects, 36% free, 27MB/43MB, paused 463us total 21.228ms
08-05 03:58:55.909 24383 24404 I art     : Starting a blocking GC Explicit
08-05 03:58:55.930 24383 24404 I art     : Explicit concurrent mark sweep GC freed 3(96B) AllocSpace objects, 0(0B) LOS objects, 36% free, 27MB/43MB, paused 455us total 20.749ms
08-05 03:58:55.938 24383 24404 I art     : Starting a blocking GC Explicit
08-05 03:58:55.958 24383 24404 I art     : Explicit concurrent mark sweep GC freed 3(96B) AllocSpace objects, 0(0B) LOS objects, 36% free, 27MB/43MB, paused 442us total 20.679ms
08-05 03:58:56.024 24254 24254 I ServiceManager: Waiting for service AtCmdFwd...
08-05 03:58:56.147   518   646 I ThermalEngine: ACTION: GPU - Setting GPU[0] to 510000000
08-05 03:58:56.283 24383 24403 I art     : Starting a blocking GC Explicit
08-05 03:58:56.318 24383 24403 I art     : Explicit concurrent mark sweep GC freed 1369(80KB) AllocSpace objects, 1(20KB) LOS objects, 36% free, 27MB/43MB, paused 732us total 35.139ms
08-05 03:58:56.330 24383 24403 I art     : Starting a blocking GC Explicit
08-05 03:58:56.357 24383 24403 I art     : Explicit concurrent mark sweep GC freed 23(752B) AllocSpace objects, 0(0B) LOS objects, 36% free, 27MB/43MB, paused 682us total 26.221ms
08-05 03:58:56.366 24383 24403 I art     : Starting a blocking GC Explicit
08-05 03:58:56.392 24383 24403 I art     : Explicit concurrent mark sweep GC freed 3(96B) AllocSpace objects, 0(0B) LOS objects, 36% free, 27MB/43MB, paused 670us total 25.443ms
08-05 03:58:56.401 24383 24403 I art     : Starting a blocking GC Explicit
08-05 03:58:56.428 24383 24403 I art     : Explicit concurrent mark sweep GC freed 3(96B) AllocSpace objects, 0(0B) LOS objects, 36% free, 27MB/43MB, paused 609us total 26.639ms
08-05 03:58:56.437 24383 24403 I art     : Starting a blocking GC Explicit
08-05 03:58:56.463 24383 24403 I art     : Explicit concurrent mark sweep GC freed 3(96B) AllocSpace objects, 0(0B) LOS objects, 36% free, 27MB/43MB, paused 614us total 25.838ms
08-05 03:58:56.784 24383 24416 I art     : Starting a blocking GC Explicit
08-05 03:58:56.812 24383 24416 I art     : Explicit concurrent mark sweep GC freed 1417(81KB) AllocSpace objects, 1(20KB) LOS objects, 36% free, 27MB/43MB, paused 730us total 27.630ms
08-05 03:58:56.822 24383 24416 I art     : Starting a blocking GC Explicit
08-05 03:58:56.849 24383 24416 I art     : Explicit concurrent mark sweep GC freed 28(912B) AllocSpace objects, 0(0B) LOS objects, 36% free, 27MB/43MB, paused 641us total 26.785ms
08-05 03:58:56.858 24383 24416 I art     : Starting a blocking GC Explicit
08-05 03:58:56.883 24383 24416 I art     : Explicit concurrent mark sweep GC freed 6(192B) AllocSpace objects, 0(0B) LOS objects, 36% free, 27MB/43MB, paused 561us total 24.426ms
08-05 03:58:56.893 24383 24416 I art     : Starting a blocking GC Explicit
08-05 03:58:56.916 24383 24416 I art     : Explicit concurrent mark sweep GC freed 3(96B) AllocSpace objects, 0(0B) LOS objects, 36% free, 27MB/43MB, paused 552us total 22.630ms
08-05 03:58:56.924 24383 24416 I art     : Starting a blocking GC Explicit
08-05 03:58:56.948 24383 24416 I art     : Explicit concurrent mark sweep GC freed 3(96B) AllocSpace objects, 0(0B) LOS objects, 36% free, 27MB/43MB, paused 615us total 23.794ms
08-05 03:58:57.024 24254 24254 W Atfwd_Sendcmd: AtCmdFwd service not published, waiting... retryCnt : 5
08-05 03:58:57.271 24383 24403 I art     : Starting a blocking GC Explicit
08-05 03:58:57.303 24383 24403 I art     : Explicit concurrent mark sweep GC freed 1367(82KB) AllocSpace objects, 1(20KB) LOS objects, 36% free, 27MB/43MB, paused 673us total 32.277ms
08-05 03:58:57.315 24383 24403 I art     : Starting a blocking GC Explicit
08-05 03:58:57.342 24383 24403 I art     : Explicit concurrent mark sweep GC freed 23(752B) AllocSpace objects, 0(0B) LOS objects, 36% free, 27MB/43MB, paused 636us total 26.167ms
08-05 03:58:57.351 24383 24403 I art     : Starting a blocking GC Explicit
08-05 03:58:57.378 24383 24403 I art     : Explicit concurrent mark sweep GC freed 3(96B) AllocSpace objects, 0(0B) LOS objects, 36% free, 27MB/43MB, paused 743us total 25.888ms
08-05 03:58:57.387 24383 24403 I art     : Starting a blocking GC Explicit
08-05 03:58:57.413 24383 24403 I art     : Explicit concurrent mark sweep GC freed 3(96B) AllocSpace objects, 0(0B) LOS objects, 36% free, 27MB/43MB, paused 644us total 25.929ms
08-05 03:58:57.423 24383 24403 I art     : Starting a blocking GC Explicit
08-05 03:58:57.449 24383 24403 I art     : Explicit concurrent mark sweep GC freed 3(96B) AllocSpace objects, 0(0B) LOS objects, 36% free, 27MB/43MB, paused 655us total 26.136ms
08-05 03:58:57.762 24383 24404 I art     : Starting a blocking GC Explicit
08-05 03:58:57.786 24383 24404 I art     : Explicit concurrent mark sweep GC freed 1395(80KB) AllocSpace objects, 1(20KB) LOS objects, 36% free, 27MB/43MB, paused 606us total 23.164ms
08-05 03:58:57.795 24383 24404 I art     : Starting a blocking GC Explicit
08-05 03:58:57.821 24383 24404 I art     : Explicit concurrent mark sweep GC freed 28(944B) AllocSpace objects, 0(0B) LOS objects, 36% free, 27MB/43MB, paused 628us total 26.210ms
08-05 03:58:57.831 24383 24404 I art     : Starting a blocking GC Explicit
08-05 03:58:57.857 24383 24404 I art     : Explicit concurrent mark sweep GC freed 3(96B) AllocSpace objects, 0(0B) LOS objects, 36% free, 27MB/43MB, paused 676us total 26.065ms
08-05 03:58:57.867 24383 24404 I art     : Starting a blocking GC Explicit
08-05 03:58:57.893 24383 24404 I art     : Explicit concurrent mark sweep GC freed 3(96B) AllocSpace objects, 0(0B) LOS objects, 36% free, 27MB/43MB, paused 630us total 26.119ms
08-05 03:58:57.902 24383 24404 I art     : Starting a blocking GC Explicit
08-05 03:58:57.929 24383 24404 I art     : Explicit concurrent mark sweep GC freed 3(96B) AllocSpace objects, 0(0B) LOS objects, 36% free, 27MB/43MB, paused 630us total 25.869ms
08-05 03:58:58.264 24383 24416 I art     : Starting a blocking GC Explicit
08-05 03:58:58.300 24383 24416 I art     : Explicit concurrent mark sweep GC freed 1366(80KB) AllocSpace objects, 1(20KB) LOS objects, 36% free, 27MB/43MB, paused 665us total 35.499ms
08-05 03:58:58.312 24383 24416 I art     : Starting a blocking GC Explicit
08-05 03:58:58.339 24383 24416 I art     : Explicit concurrent mark sweep GC freed 23(752B) AllocSpace objects, 0(0B) LOS objects, 36% free, 27MB/43MB, paused 624us total 26.573ms
08-05 03:58:58.349 24383 24416 I art     : Starting a blocking GC Explicit
08-05 03:58:58.375 24383 24416 I art     : Explicit concurrent mark sweep GC freed 3(96B) AllocSpace objects, 0(0B) LOS objects, 36% free, 27MB/43MB, paused 620us total 26.263ms
08-05 03:58:58.385 24383 24416 I art     : Starting a blocking GC Explicit
08-05 03:58:58.411 24383 24416 I art     : Explicit concurrent mark sweep GC freed 3(96B) AllocSpace objects, 0(0B) LOS objects, 36% free, 27MB/43MB, paused 623us total 26.431ms
08-05 03:58:58.421 24383 24416 I art     : Starting a blocking GC Explicit
08-05 03:58:58.448 24383 24416 I art     : Explicit concurrent mark sweep GC freed 3(96B) AllocSpace objects, 0(0B) LOS objects, 36% free, 27MB/43MB, paused 650us total 26.521ms
08-05 03:58:58.710 24383 24403 I art     : Starting a blocking GC Explicit
08-05 03:58:58.743 24383 24403 I art     : Explicit concurrent mark sweep GC freed 1395(80KB) AllocSpace objects, 1(20KB) LOS objects, 36% free, 27MB/43MB, paused 695us total 31.708ms
08-05 03:58:58.753 24383 24403 I art     : Starting a blocking GC Explicit
08-05 03:58:58.779 24383 24403 I art     : Explicit concurrent mark sweep GC freed 23(752B) AllocSpace objects, 0(0B) LOS objects, 36% free, 27MB/43MB, paused 636us total 25.595ms
08-05 03:58:58.789 24383 24403 I art     : Starting a blocking GC Explicit
08-05 03:58:58.813 24383 24403 I art     : Explicit concurrent mark sweep GC freed 3(96B) AllocSpace objects, 0(0B) LOS objects, 36% free, 27MB/43MB, paused 574us total 23.221ms
08-05 03:58:58.822 24383 24403 I art     : Starting a blocking GC Explicit
08-05 03:58:58.845 24383 24403 I art     : Explicit concurrent mark sweep GC freed 3(96B) AllocSpace objects, 0(0B) LOS objects, 36% free, 27MB/43MB, paused 595us total 22.373ms
08-05 03:58:58.853 24383 24403 I art     : Starting a blocking GC Explicit
08-05 03:58:58.877 24383 24403 I art     : Explicit concurrent mark sweep GC freed 3(96B) AllocSpace objects, 0(0B) LOS objects, 36% free, 27MB/43MB, paused 693us total 23.457ms
08-05 03:58:58.926 25446 25446 D AndroidRuntime: >>>>>> START com.android.internal.os.RuntimeInit uid 2000 <<<<<<
08-05 03:58:58.931 25446 25446 D AndroidRuntime: CheckJNI is OFF
08-05 03:58:58.965 25446 25446 D ICU     : No timezone override file found: /data/misc/zoneinfo/current/icu/icu_tzdata.dat
08-05 03:58:59.003 25446 25446 I Radio-JNI: register_android_hardware_Radio DONE
08-05 03:58:59.025 25446 25446 D AndroidRuntime: Calling main entry com.android.commands.input.Input
08-05 03:58:59.027 25446 25446 I Input   : injectMotionEvent: MotionEvent { action=ACTION_DOWN, actionButton=0, id[0]=0, x[0]=625.0, y[0]=832.0, toolType[0]=TOOL_TYPE_UNKNOWN, buttonState=0, metaState=0, flags=0x0, edgeFlags=0x0, pointerCount=1, historySize=0, eventTime=763155440, downTime=763155440, deviceId=0, source=0x1002 }
08-05 03:58:59.033 25446 25446 I Input   : injectMotionEvent: MotionEvent { action=ACTION_UP, actionButton=0, id[0]=0, x[0]=625.0, y[0]=832.0, toolType[0]=TOOL_TYPE_UNKNOWN, buttonState=0, metaState=0, flags=0x0, edgeFlags=0x0, pointerCount=1, historySize=0, eventTime=763155440, downTime=763155440, deviceId=0, source=0x1002 }
08-05 03:58:59.036 25446 25446 D AndroidRuntime: Shutting down VM
08-05 03:58:59.048 24383 24383 D UserPreferences: Using default data folder
08-05 03:58:59.049 24383 24383 D DownloadRequester: partiallyDownloadedFileExists: false
08-05 03:58:59.049   512  2967 D audio_hw_primary: out_set_parameters: enter: usecase(1: low-latency-playback) kvpairs: routing=2
08-05 03:58:59.049 24383 24383 D DownloadRequester: /storage/emulated/0/Android/data/baseline.de.danoeh.antennapod.debug/files/cache/feed-Nice White Parents is available as a download destination
08-05 03:58:59.050 24383 24383 D DownloadRequester: Requesting download of url https://rss.art19.com/nice-white-parents
08-05 03:58:59.058 24383 24383 D DownloadService: Service started
08-05 03:58:59.060 24383 24383 D DownloadService: parallel downloads: 4
08-05 03:58:59.062   512  2967 D audio_hw_primary: select_devices: out_snd_device(2: speaker) in_snd_device(0: none)
08-05 03:58:59.062   512  2967 D msm8974_platform: platform_send_audio_calibration: sending audio calibration for snd_device(2) acdb_id(15)
08-05 03:58:59.062   512  2967 I soundtrigger: audio_extn_sound_trigger_update_device_status: device 0x2 of type 0 for Event 1
08-05 03:58:59.063 24383 24383 D DownloadService: Notification set up
08-05 03:58:59.063 24383 25476 D downloadCompletionThd: downloadCompletionThread was started
08-05 03:58:59.073 24383 24383 D DownloadService: Received enqueue request
08-05 03:58:59.075 24383 24383 D OnlineFeedViewActivity: onEventMainThread() called with: event = [DownloadEvent{update=DownloaderUpdate{downloaders=[baseline.de.danoeh.antennapod.core.service.download.HttpDownloader@ea5af2a], feedIds=[0], mediaIds=[]}}]
08-05 03:58:59.075   918  3696 D WifiService: acquireWifiLockLocked: WifiLock{Downloader type=1 binder=android.os.BinderProxy@cb3a3c}
08-05 03:58:59.075 24383 24383 D DownloadService: 1 downloads left
08-05 03:58:59.075 24383 24383 D DownloadService: Setting up notification updater
08-05 03:58:59.077 24383 25478 D AntennapodHttpClient: Creating new instance of HTTP client
08-05 03:58:59.077   512  2967 D audio_hw_primary: enable_snd_device: snd_device(2: speaker)
08-05 03:58:59.080   512  2967 D audio_hw_primary: enable_audio_route: apply and update mixer path: low-latency-playback speaker
08-05 03:58:59.152 24383 24416 I art     : Starting a blocking GC Explicit
08-05 03:58:59.176 24383 24416 I art     : Explicit concurrent mark sweep GC freed 2639(156KB) AllocSpace objects, 1(20KB) LOS objects, 36% free, 27MB/43MB, paused 686us total 24.023ms
08-05 03:58:59.185 24383 24416 I art     : Starting a blocking GC Explicit
08-05 03:58:59.210 24383 24416 I art     : Explicit concurrent mark sweep GC freed 1587(97KB) AllocSpace objects, 3(200KB) LOS objects, 36% free, 27MB/43MB, paused 1.144ms total 25.367ms
08-05 03:58:59.219 24383 24416 I art     : Starting a blocking GC Explicit
08-05 03:58:59.243 24383 24416 I art     : Explicit concurrent mark sweep GC freed 3840(231KB) AllocSpace objects, 0(0B) LOS objects, 36% free, 27MB/43MB, paused 729us total 24.461ms
08-05 03:58:59.252 24383 24416 I art     : Starting a blocking GC Explicit
08-05 03:58:59.276 24383 24416 I art     : Explicit concurrent mark sweep GC freed 54(2320B) AllocSpace objects, 0(0B) LOS objects, 36% free, 27MB/43MB, paused 724us total 23.977ms
08-05 03:58:59.285 24383 24416 I art     : Starting a blocking GC Explicit
08-05 03:58:59.309 24383 24416 I art     : Explicit concurrent mark sweep GC freed 9(320B) AllocSpace objects, 0(0B) LOS objects, 36% free, 27MB/43MB, paused 727us total 24.202ms
08-05 03:58:59.380 24383 25478 D MYTAG   : interceptor 3a https://rss.art19.com/nice-white-parents
08-05 03:58:59.380 24383 25478 I NAPPA_EXPERIMENTATION: MetricNetworkRequestExecutionTime: REQUEST_DURATION_SYSTEM='302',REQUEST_DURATION_OKHTTP='155',REQUEST_SYNCHRONOUS='TRUE',RESPONSE_CODE='200',RESPONSE_METHOD='GET',RESPONSE_LENGTH_OKHTTP='-1',RESPONSE_LENGTH_HEADER='1803',REQUEST_PROTOCOL='h2',REQUEST_URL='https://rss.art19.com/nice-white-parents',
08-05 03:58:59.381 24383 25478 D HttpDownloader: Response code is 200
08-05 03:58:59.381 24383 25478 D UserPreferences: Using default data folder
08-05 03:58:59.383 24383 25478 D HttpDownloader: Getting size of download
08-05 03:58:59.383 24383 25478 D HttpDownloader: Size is -1
08-05 03:58:59.383 24383 25478 D UserPreferences: Using default data folder
08-05 03:58:59.383 24383 25478 D HttpDownloader: Free space is 20229681152
08-05 03:58:59.384 24383 25478 D HttpDownloader: Starting download
08-05 03:58:59.392 24383 25478 D HttpDownloader: Download was successful
08-05 03:58:59.393   918  5132 D WifiService: releaseWifiLockLocked: WifiLock{Downloader type=1 binder=android.os.BinderProxy@cb3a3c}
08-05 03:58:59.394 24383 25476 D downloadCompletionThd: Received 'Download Complete' - message.
08-05 03:58:59.394 24383 25476 D DownloadService: Handling completed Feed Download
08-05 03:58:59.395 24383 24383 D DownloadService: Removing downloader: https://rss.art19.com/nice-white-parents
08-05 03:58:59.395 24383 24383 D DownloadService: Result of downloads.remove: true
08-05 03:58:59.395 24383 24383 D OnlineFeedViewActivity: onEventMainThread() called with: event = [DownloadEvent{update=DownloaderUpdate{downloaders=[], feedIds=[], mediaIds=[]}}]
08-05 03:58:59.399 24383 25488 D TypeGetter: Recognized type RSS 2.0
08-05 03:58:59.401 24383 25488 D SyndHandler: Recognized ITunes namespace
08-05 03:58:59.401 24383 25488 D SyndHandler: Recognized Atom namespace
08-05 03:58:59.401 24383 25488 D SyndHandler: Recognized Content namespace
08-05 03:58:59.407 24383 25488 D FeedSyncThread: Nice White Parents parsed
08-05 03:58:59.408 24383 25488 D FeedSyncThread: Deletion of file '/storage/emulated/0/Android/data/baseline.de.danoeh.antennapod.debug/files/cache/feed-Nice White Parents' successful
08-05 03:58:59.408 24383 25488 D DBReader: getFeedDownloadLog() called with: feed = [baseline.de.danoeh.antennapod.core.feed.Feed@0]
08-05 03:58:59.409 24383 25477 D FeedSyncThread: Bundling 1 feeds
08-05 03:58:59.411 24383 25489 D DBReader: Extracting Feedlist
08-05 03:58:59.412 24383 25489 D DBTasks : Found no existing Feed with title Nice White Parents. Adding as new one.
08-05 03:58:59.417 24383 25490 D PodDBAdapter: Setting feed with flattr status Nice White Parents: 0
08-05 03:58:59.417 24383 25490 D baseline.de.danoeh.antennapod.core.storage.PodDBAdapter@80c0893: Inserting new Feed into db
08-05 03:58:59.433 24383 24383 D EventDistributor: Processing event queue. Number of events: 1
08-05 03:58:59.434 24383 24383 D EventDistributor: Notifying observers. Data: 1
08-05 03:58:59.434 24383 24383 D DownloadService: 0 downloads left
08-05 03:58:59.434 24383 24971 D DBReader: Extracting Feedlist
08-05 03:58:59.434 24383 24383 D DownloadService: Number of downloads is 0, attempting shutdown
08-05 03:58:59.436 24383 24383 D DownloadService: Service shutting down
08-05 03:58:59.436 24383 24383 D DownloadService: No report is created
08-05 03:58:59.436 24383 24383 D OnlineFeedViewActivity: onEventMainThread() called with: event = [DownloadEvent{update=DownloaderUpdate{downloaders=[], feedIds=[], mediaIds=[]}}]
08-05 03:58:59.439 24383 25476 E downloadCompletionThd: DownloadCompletionThread was interrupted
08-05 03:58:59.439 24383 24383 D DownloadService: NotificationUpdater cancelled. Result: false
08-05 03:58:59.440 24383 24383 D DBTasks : autodownloadUndownloadedItems
08-05 03:58:59.442 24383 25493 D NetworkUtils: Device is connected to Wi-Fi
08-05 03:58:59.442 24383 25493 D NetworkUtils: Auto-dl filter is disabled
08-05 03:58:59.564 24383 24404 I art     : Starting a blocking GC Explicit
08-05 03:58:59.589 24383 24404 I art     : Explicit concurrent mark sweep GC freed 2897(357KB) AllocSpace objects, 5(100KB) LOS objects, 36% free, 27MB/43MB, paused 770us total 25.306ms
08-05 03:58:59.598 24383 24404 I art     : Starting a blocking GC Explicit
08-05 03:58:59.620   512  2967 D audio_hw_primary: disable_audio_route: reset and update mixer path: low-latency-playback speaker
08-05 03:58:59.621   512  2967 D audio_hw_primary: disable_snd_device: snd_device(2: speaker)
08-05 03:58:59.624 24383 24404 I art     : Explicit concurrent mark sweep GC freed 331(16KB) AllocSpace objects, 0(0B) LOS objects, 36% free, 27MB/43MB, paused 739us total 25.295ms
08-05 03:58:59.628   512  2967 I soundtrigger: audio_extn_sound_trigger_update_device_status: device 0x2 of type 0 for Event 0
08-05 03:58:59.633 24383 24404 I art     : Starting a blocking GC Explicit
08-05 03:58:59.658 24383 24404 I art     : Explicit concurrent mark sweep GC freed 6(192B) AllocSpace objects, 0(0B) LOS objects, 36% free, 27MB/43MB, paused 756us total 24.246ms
08-05 03:58:59.667 24383 24404 I art     : Starting a blocking GC Explicit
08-05 03:58:59.691 24383 24404 I art     : Explicit concurrent mark sweep GC freed 5(160B) AllocSpace objects, 0(0B) LOS objects, 36% free, 27MB/43MB, paused 712us total 23.923ms
08-05 03:58:59.700 24383 24404 I art     : Starting a blocking GC Explicit
08-05 03:58:59.726 24383 24404 I art     : Explicit concurrent mark sweep GC freed 7(256B) AllocSpace objects, 0(0B) LOS objects, 36% free, 27MB/43MB, paused 735us total 25.880ms
08-05 03:59:00.014 24383 24416 I art     : Starting a blocking GC Explicit
08-05 03:59:00.039 24383 24416 I art     : Explicit concurrent mark sweep GC freed 1369(80KB) AllocSpace objects, 1(20KB) LOS objects, 36% free, 27MB/43MB, paused 728us total 24.642ms
08-05 03:59:00.047 24383 24416 I art     : Starting a blocking GC Explicit
08-05 03:59:00.071 24383 24416 I art     : Explicit concurrent mark sweep GC freed 25(816B) AllocSpace objects, 0(0B) LOS objects, 36% free, 27MB/43MB, paused 712us total 23.651ms
08-05 03:59:00.080 24383 24416 I art     : Starting a blocking GC Explicit
08-05 03:59:00.104 24383 24416 I art     : Explicit concurrent mark sweep GC freed 3(96B) AllocSpace objects, 0(0B) LOS objects, 36% free, 27MB/43MB, paused 708us total 24.235ms
08-05 03:59:00.114 24383 24416 I art     : Starting a blocking GC Explicit
08-05 03:59:00.140 24383 24416 I art     : Explicit concurrent mark sweep GC freed 3(96B) AllocSpace objects, 0(0B) LOS objects, 36% free, 27MB/43MB, paused 742us total 25.528ms
08-05 03:59:00.149 24383 24416 I art     : Starting a blocking GC Explicit
08-05 03:59:00.176 24383 24416 I art     : Explicit concurrent mark sweep GC freed 3(96B) AllocSpace objects, 0(0B) LOS objects, 36% free, 27MB/43MB, paused 726us total 26.490ms
08-05 03:59:00.475 24383 24403 I art     : Starting a blocking GC Explicit
08-05 03:59:00.512 24383 24403 I art     : Explicit concurrent mark sweep GC freed 1367(82KB) AllocSpace objects, 1(20KB) LOS objects, 36% free, 27MB/43MB, paused 825us total 36.856ms
08-05 03:59:00.525 24383 24403 I art     : Starting a blocking GC Explicit
08-05 03:59:00.553 24383 24403 I art     : Explicit concurrent mark sweep GC freed 52(1536B) AllocSpace objects, 0(0B) LOS objects, 36% free, 27MB/43MB, paused 746us total 27.612ms
08-05 03:59:00.563 24383 24403 I art     : Starting a blocking GC Explicit
08-05 03:59:00.591 24383 24403 I art     : Explicit concurrent mark sweep GC freed 3(96B) AllocSpace objects, 0(0B) LOS objects, 36% free, 27MB/43MB, paused 831us total 27.232ms
08-05 03:59:00.600 24383 24403 I art     : Starting a blocking GC Explicit
08-05 03:59:00.628 24383 24403 I art     : Explicit concurrent mark sweep GC freed 3(96B) AllocSpace objects, 0(0B) LOS objects, 36% free, 27MB/43MB, paused 860us total 27.361ms
08-05 03:59:00.637 24383 24403 I art     : Starting a blocking GC Explicit
08-05 03:59:00.665 24383 24403 I art     : Explicit concurrent mark sweep GC freed 3(96B) AllocSpace objects, 0(0B) LOS objects, 36% free, 27MB/43MB, paused 758us total 27.739ms
08-05 03:59:01.013 24383 24404 I art     : Starting a blocking GC Explicit
08-05 03:59:01.048 24383 24404 I art     : Explicit concurrent mark sweep GC freed 1373(82KB) AllocSpace objects, 1(20KB) LOS objects, 36% free, 27MB/43MB, paused 1.016ms total 34.928ms
08-05 03:59:01.059 24383 24404 I art     : Starting a blocking GC Explicit
08-05 03:59:01.086 24383 24404 I art     : Explicit concurrent mark sweep GC freed 23(752B) AllocSpace objects, 0(0B) LOS objects, 36% free, 27MB/43MB, paused 729us total 27.539ms
08-05 03:59:01.096 24383 24404 I art     : Starting a blocking GC Explicit
08-05 03:59:01.124 24383 24404 I art     : Explicit concurrent mark sweep GC freed 3(96B) AllocSpace objects, 0(0B) LOS objects, 36% free, 27MB/43MB, paused 748us total 27.627ms
08-05 03:59:01.134 24383 24404 I art     : Starting a blocking GC Explicit
08-05 03:59:01.160 24383 24404 I art     : Explicit concurrent mark sweep GC freed 3(96B) AllocSpace objects, 0(0B) LOS objects, 36% free, 27MB/43MB, paused 744us total 26.275ms
08-05 03:59:01.169 24383 24404 I art     : Starting a blocking GC Explicit
08-05 03:59:01.197 24383 24404 I art     : Explicit concurrent mark sweep GC freed 3(96B) AllocSpace objects, 0(0B) LOS objects, 36% free, 27MB/43MB, paused 755us total 26.872ms
08-05 03:59:01.524 24383 24416 I art     : Starting a blocking GC Explicit
08-05 03:59:01.559 24383 24416 I art     : Explicit concurrent mark sweep GC freed 1401(83KB) AllocSpace objects, 1(20KB) LOS objects, 36% free, 27MB/43MB, paused 869us total 33.979ms
08-05 03:59:01.571 24383 24416 I art     : Starting a blocking GC Explicit
08-05 03:59:01.599 24383 24416 I art     : Explicit concurrent mark sweep GC freed 23(752B) AllocSpace objects, 0(0B) LOS objects, 36% free, 27MB/43MB, paused 781us total 27.704ms
08-05 03:59:01.608 24383 24416 I art     : Starting a blocking GC Explicit
08-05 03:59:01.635 24383 24416 I art     : Explicit concurrent mark sweep GC freed 3(96B) AllocSpace objects, 0(0B) LOS objects, 36% free, 27MB/43MB, paused 765us total 26.241ms
08-05 03:59:01.644 24383 24416 I art     : Starting a blocking GC Explicit
08-05 03:59:01.672 24383 24416 I art     : Explicit concurrent mark sweep GC freed 3(96B) AllocSpace objects, 0(0B) LOS objects, 36% free, 27MB/43MB, paused 742us total 27.472ms
08-05 03:59:01.682 24383 24416 I art     : Starting a blocking GC Explicit
08-05 03:59:01.710 24383 24416 I art     : Explicit concurrent mark sweep GC freed 3(96B) AllocSpace objects, 0(0B) LOS objects, 36% free, 27MB/43MB, paused 751us total 27.772ms
08-05 03:59:02.039 24383 24403 I art     : Starting a blocking GC Explicit
08-05 03:59:02.079 24383 24403 I art     : Explicit concurrent mark sweep GC freed 1370(80KB) AllocSpace objects, 1(20KB) LOS objects, 36% free, 27MB/43MB, paused 882us total 39.285ms
08-05 03:59:02.093 24383 24403 I art     : Starting a blocking GC Explicit
08-05 03:59:02.121 24383 24403 I art     : Explicit concurrent mark sweep GC freed 23(752B) AllocSpace objects, 0(0B) LOS objects, 36% free, 27MB/43MB, paused 752us total 27.459ms
08-05 03:59:02.130 24383 24403 I art     : Starting a blocking GC Explicit
08-05 03:59:02.157 24383 24403 I art     : Explicit concurrent mark sweep GC freed 3(96B) AllocSpace objects, 0(0B) LOS objects, 36% free, 27MB/43MB, paused 766us total 26.774ms
08-05 03:59:02.166 24383 24403 I art     : Starting a blocking GC Explicit
08-05 03:59:02.194 24383 24403 I art     : Explicit concurrent mark sweep GC freed 3(96B) AllocSpace objects, 0(0B) LOS objects, 36% free, 27MB/43MB, paused 752us total 27.403ms
08-05 03:59:02.204 24383 24403 I art     : Starting a blocking GC Explicit
08-05 03:59:02.231 24383 24403 I art     : Explicit concurrent mark sweep GC freed 3(96B) AllocSpace objects, 0(0B) LOS objects, 36% free, 27MB/43MB, paused 747us total 26.966ms
08-05 03:59:02.460   918  3188 I hubconnection: sensorhub said: 'set_bias 3: -6.2400, 0.0000, 0.0000'
08-05 03:59:02.556 24383 24404 I art     : Starting a blocking GC Explicit
08-05 03:59:02.592 24383 24404 I art     : Explicit concurrent mark sweep GC freed 1395(80KB) AllocSpace objects, 1(20KB) LOS objects, 36% free, 27MB/43MB, paused 813us total 34.929ms
08-05 03:59:02.604 24383 24404 I art     : Starting a blocking GC Explicit
08-05 03:59:02.632 24383 24404 I art     : Explicit concurrent mark sweep GC freed 23(752B) AllocSpace objects, 0(0B) LOS objects, 36% free, 27MB/43MB, paused 763us total 27.818ms
08-05 03:59:02.642 24383 24404 I art     : Starting a blocking GC Explicit
08-05 03:59:02.669 24383 24404 I art     : Explicit concurrent mark sweep GC freed 3(96B) AllocSpace objects, 0(0B) LOS objects, 36% free, 27MB/43MB, paused 746us total 27.149ms
08-05 03:59:02.679 24383 24404 I art     : Starting a blocking GC Explicit
08-05 03:59:02.706 24383 24404 I art     : Explicit concurrent mark sweep GC freed 3(96B) AllocSpace objects, 0(0B) LOS objects, 36% free, 27MB/43MB, paused 753us total 27.021ms
08-05 03:59:02.715 24383 24404 I art     : Starting a blocking GC Explicit
08-05 03:59:02.742 24383 24404 I art     : Explicit concurrent mark sweep GC freed 3(96B) AllocSpace objects, 0(0B) LOS objects, 36% free, 27MB/43MB, paused 757us total 26.651ms
08-05 03:59:03.056 24383 24416 I art     : Starting a blocking GC Explicit
08-05 03:59:03.090 24383 24416 I art     : Explicit concurrent mark sweep GC freed 1367(82KB) AllocSpace objects, 1(20KB) LOS objects, 36% free, 27MB/43MB, paused 805us total 34.119ms
08-05 03:59:03.103 24383 24416 I art     : Starting a blocking GC Explicit
08-05 03:59:03.131 24383 24416 I art     : Explicit concurrent mark sweep GC freed 23(752B) AllocSpace objects, 0(0B) LOS objects, 36% free, 27MB/43MB, paused 756us total 27.658ms
08-05 03:59:03.140 24383 24416 I art     : Starting a blocking GC Explicit
08-05 03:59:03.158   518   646 I ThermalEngine: ACTION: GPU - Setting GPU[0] to 600000000
08-05 03:59:03.167 24383 24416 I art     : Explicit concurrent mark sweep GC freed 3(96B) AllocSpace objects, 0(0B) LOS objects, 36% free, 27MB/43MB, paused 825us total 26.718ms
08-05 03:59:03.177 24383 24416 I art     : Starting a blocking GC Explicit
08-05 03:59:03.204 24383 24416 I art     : Explicit concurrent mark sweep GC freed 3(96B) AllocSpace objects, 0(0B) LOS objects, 36% free, 27MB/43MB, paused 752us total 26.790ms
08-05 03:59:03.212 24383 24416 I art     : Starting a blocking GC Explicit
08-05 03:59:03.235 24383 24416 I art     : Explicit concurrent mark sweep GC freed 3(96B) AllocSpace objects, 0(0B) LOS objects, 36% free, 27MB/43MB, paused 561us total 23.153ms
08-05 03:59:03.486 24383 24403 I art     : Starting a blocking GC Explicit
08-05 03:59:03.508 24383 24403 I art     : Explicit concurrent mark sweep GC freed 1366(80KB) AllocSpace objects, 1(20KB) LOS objects, 36% free, 27MB/43MB, paused 606us total 22.040ms
08-05 03:59:03.516 24383 24403 I art     : Starting a blocking GC Explicit
08-05 03:59:03.538 24383 24403 I art     : Explicit concurrent mark sweep GC freed 52(1536B) AllocSpace objects, 0(0B) LOS objects, 36% free, 27MB/43MB, paused 662us total 21.672ms
08-05 03:59:03.545 24383 24403 I art     : Starting a blocking GC Explicit
08-05 03:59:03.566 24383 24403 I art     : Explicit concurrent mark sweep GC freed 3(96B) AllocSpace objects, 0(0B) LOS objects, 36% free, 27MB/43MB, paused 527us total 20.178ms
08-05 03:59:03.573 24383 24403 I art     : Starting a blocking GC Explicit
08-05 03:59:03.593 24383 24403 I art     : Explicit concurrent mark sweep GC freed 3(96B) AllocSpace objects, 0(0B) LOS objects, 36% free, 27MB/43MB, paused 556us total 20.452ms
08-05 03:59:03.600 24383 24403 I art     : Starting a blocking GC Explicit
08-05 03:59:03.621 24383 24403 I art     : Explicit concurrent mark sweep GC freed 3(96B) AllocSpace objects, 0(0B) LOS objects, 36% free, 27MB/43MB, paused 559us total 20.492ms
08-05 03:59:03.646 25573 25573 D AndroidRuntime: >>>>>> START com.android.internal.os.RuntimeInit uid 2000 <<<<<<
08-05 03:59:03.650 25573 25573 D AndroidRuntime: CheckJNI is OFF
08-05 03:59:03.675 25573 25573 D ICU     : No timezone override file found: /data/misc/zoneinfo/current/icu/icu_tzdata.dat
08-05 03:59:03.702 25573 25573 I Radio-JNI: register_android_hardware_Radio DONE
08-05 03:59:03.718 25573 25573 D AndroidRuntime: Calling main entry com.android.commands.input.Input
08-05 03:59:03.720 25573 25573 I Input   : injectKeyEvent: KeyEvent { action=ACTION_DOWN, keyCode=KEYCODE_BACK, scanCode=0, metaState=0, flags=0x0, repeatCount=0, eventTime=763160133, downTime=763160133, deviceId=-1, source=0x101 }
08-05 03:59:03.726 25573 25573 I Input   : injectKeyEvent: KeyEvent { action=ACTION_UP, keyCode=KEYCODE_BACK, scanCode=0, metaState=0, flags=0x0, repeatCount=0, eventTime=763160133, downTime=763160133, deviceId=-1, source=0x101 }
08-05 03:59:03.735 25573 25573 D AndroidRuntime: Shutting down VM
08-05 03:59:03.738 24383 24383 V PlaybackController: initServiceNotRunning()
08-05 03:59:03.739 24383 24383 D ExternalPlayerFragment: Loading media info
08-05 03:59:03.741 24383 24383 D UserPreferences: Using default data folder
08-05 03:59:03.741 24383 24971 D DBReader: getNavDrawerData() called with: 
08-05 03:59:03.744 24383 24971 D DBReader: getDownloadedItems() called
08-05 03:59:03.744 24383 24971 D DBReader: getFavoriteIDList() called
08-05 03:59:03.745 24383 24971 D DBReader: getQueueIDList() called
08-05 03:59:03.745 24383 24971 D DBReader: Extracting Feedlist
08-05 03:59:03.772 24383 24383 D MainActivity: getLastNavFragment() -> AddFeedFragment
08-05 03:59:03.774 13866 13866 I GoogleInputMethodServic: GoogleInputMethodService.onFinishInput():3138 
08-05 03:59:03.775 13866 13866 I GoogleInputMethodServic: GoogleInputMethodService.onStartInput():1808 
08-05 03:59:03.787 24383 25373 D ApOkHttpUrlLoader: buildLoadData() called with: model = [https://content.production.cdn.art19.com/images/89/e0/88/44/89e08844-ac28-4fc0-96fa-15a41fec2014/262c12ed699a8d9720dea0bd66449d998e4a08cf18095bed170ccaa76722045fa5dbf7a366918b2db7e3acf29ad22f6b99fd659a9409cb807bf2781d968932f8.jpeg], width = [140], height = [140]
08-05 03:59:03.844 24383 24403 I art     : Starting a blocking GC Explicit
08-05 03:59:03.864 24383 24403 I art     : Explicit concurrent mark sweep GC freed 2442(171KB) AllocSpace objects, 1(20KB) LOS objects, 36% free, 27MB/43MB, paused 614us total 19.430ms
08-05 03:59:03.872 24383 24403 I art     : Starting a blocking GC Explicit
08-05 03:59:03.895 24383 24403 I art     : Explicit concurrent mark sweep GC freed 543(30KB) AllocSpace objects, 0(0B) LOS objects, 36% free, 27MB/43MB, paused 677us total 22.630ms
08-05 03:59:03.903 24383 24403 I art     : Starting a blocking GC Explicit
08-05 03:59:03.924 24383 24403 I art     : Explicit concurrent mark sweep GC freed 171(14KB) AllocSpace objects, 0(0B) LOS objects, 36% free, 27MB/43MB, paused 511us total 21.663ms
08-05 03:59:03.932 24383 24403 I art     : Starting a blocking GC Explicit
08-05 03:59:03.953 24383 24403 I art     : Explicit concurrent mark sweep GC freed 17(768B) AllocSpace objects, 0(0B) LOS objects, 36% free, 27MB/43MB, paused 587us total 20.815ms
08-05 03:59:03.961 24383 24403 I art     : Starting a blocking GC Explicit
08-05 03:59:03.982 24383 24403 I art     : Explicit concurrent mark sweep GC freed 5(192B) AllocSpace objects, 0(0B) LOS objects, 36% free, 27MB/43MB, paused 566us total 20.748ms
08-05 03:59:04.083   380   380 W SurfaceFlinger: couldn't log to binary event log: overflow.
08-05 03:59:04.245 24383 24416 I art     : Starting a blocking GC Explicit
08-05 03:59:04.275 24383 24416 I art     : Explicit concurrent mark sweep GC freed 2007(107KB) AllocSpace objects, 1(20KB) LOS objects, 36% free, 27MB/43MB, paused 606us total 30.339ms
08-05 03:59:04.283 24383 24416 I art     : Starting a blocking GC Explicit
08-05 03:59:04.306 24383 24416 I art     : Explicit concurrent mark sweep GC freed 2483(152KB) AllocSpace objects, 2(248KB) LOS objects, 36% free, 27MB/43MB, paused 561us total 22.271ms
08-05 03:59:04.313 24383 24416 I art     : Starting a blocking GC Explicit
08-05 03:59:04.334 24383 24416 I art     : Explicit concurrent mark sweep GC freed 3(96B) AllocSpace objects, 0(0B) LOS objects, 36% free, 27MB/43MB, paused 562us total 21.150ms
08-05 03:59:04.342 24383 24416 I art     : Starting a blocking GC Explicit
08-05 03:59:04.363 24383 24416 I art     : Explicit concurrent mark sweep GC freed 3(96B) AllocSpace objects, 0(0B) LOS objects, 36% free, 27MB/43MB, paused 545us total 21.232ms
08-05 03:59:04.370 24383 24416 I art     : Starting a blocking GC Explicit
08-05 03:59:04.391 24383 24416 I art     : Explicit concurrent mark sweep GC freed 3(96B) AllocSpace objects, 0(0B) LOS objects, 36% free, 27MB/43MB, paused 556us total 20.406ms
08-05 03:59:04.685 24383 24404 I art     : Starting a blocking GC Explicit
08-05 03:59:04.714 24383 24404 I art     : Explicit concurrent mark sweep GC freed 1398(83KB) AllocSpace objects, 1(20KB) LOS objects, 36% free, 27MB/43MB, paused 574us total 28.791ms
08-05 03:59:04.722 24383 24404 I art     : Starting a blocking GC Explicit
08-05 03:59:04.743 24383 24404 I art     : Explicit concurrent mark sweep GC freed 23(752B) AllocSpace objects, 0(0B) LOS objects, 36% free, 27MB/43MB, paused 494us total 20.467ms
08-05 03:59:04.750 24383 24404 I art     : Starting a blocking GC Explicit
08-05 03:59:04.771 24383 24404 I art     : Explicit concurrent mark sweep GC freed 3(96B) AllocSpace objects, 0(0B) LOS objects, 36% free, 27MB/43MB, paused 536us total 20.523ms
08-05 03:59:04.778 24383 24404 I art     : Starting a blocking GC Explicit
08-05 03:59:04.799 24383 24404 I art     : Explicit concurrent mark sweep GC freed 3(96B) AllocSpace objects, 0(0B) LOS objects, 36% free, 27MB/43MB, paused 567us total 20.505ms
08-05 03:59:04.806 24383 24404 I art     : Starting a blocking GC Explicit
08-05 03:59:04.826 24383 24404 I art     : Explicit concurrent mark sweep GC freed 3(96B) AllocSpace objects, 0(0B) LOS objects, 36% free, 27MB/43MB, paused 566us total 20.211ms
08-05 03:59:05.084 24383 24403 I art     : Starting a blocking GC Explicit
08-05 03:59:05.105 24383 24403 I art     : Explicit concurrent mark sweep GC freed 1368(80KB) AllocSpace objects, 1(20KB) LOS objects, 36% free, 27MB/43MB, paused 565us total 20.847ms
08-05 03:59:05.112 24383 24403 I art     : Starting a blocking GC Explicit
08-05 03:59:05.132 24383 24403 I art     : Explicit concurrent mark sweep GC freed 23(752B) AllocSpace objects, 0(0B) LOS objects, 36% free, 27MB/43MB, paused 545us total 19.801ms
08-05 03:59:05.139 24383 24403 I art     : Starting a blocking GC Explicit
08-05 03:59:05.159 24383 24403 I art     : Explicit concurrent mark sweep GC freed 3(96B) AllocSpace objects, 0(0B) LOS objects, 36% free, 27MB/43MB, paused 545us total 19.884ms
08-05 03:59:05.166   518   646 I ThermalEngine: ACTION: GPU - Setting GPU[0] to 510000000
08-05 03:59:05.168 24383 24403 I art     : Starting a blocking GC Explicit
08-05 03:59:05.193 24383 24403 I art     : Explicit concurrent mark sweep GC freed 3(96B) AllocSpace objects, 0(0B) LOS objects, 36% free, 27MB/43MB, paused 733us total 24.808ms
08-05 03:59:05.202 24383 24403 I art     : Starting a blocking GC Explicit
08-05 03:59:05.227 24383 24403 I art     : Explicit concurrent mark sweep GC freed 3(96B) AllocSpace objects, 0(0B) LOS objects, 36% free, 27MB/43MB, paused 801us total 24.961ms
08-05 03:59:05.368 25630 25630 D AndroidRuntime: >>>>>> START com.android.internal.os.RuntimeInit uid 2000 <<<<<<
08-05 03:59:05.377 25630 25630 D AndroidRuntime: CheckJNI is OFF
08-05 03:59:05.414 25630 25630 D ICU     : No timezone override file found: /data/misc/zoneinfo/current/icu/icu_tzdata.dat
08-05 03:59:05.446 25630 25630 I Radio-JNI: register_android_hardware_Radio DONE
08-05 03:59:05.468 25630 25630 D AndroidRuntime: Calling main entry com.android.commands.input.Input
08-05 03:59:05.469 25630 25630 I Input   : injectMotionEvent: MotionEvent { action=ACTION_DOWN, actionButton=0, id[0]=0, x[0]=639.0, y[0]=762.0, toolType[0]=TOOL_TYPE_UNKNOWN, buttonState=0, metaState=0, flags=0x0, edgeFlags=0x0, pointerCount=1, historySize=0, eventTime=763161882, downTime=763161882, deviceId=0, source=0x1002 }
08-05 03:59:05.473 25630 25630 I Input   : injectMotionEvent: MotionEvent { action=ACTION_UP, actionButton=0, id[0]=0, x[0]=639.0, y[0]=762.0, toolType[0]=TOOL_TYPE_UNKNOWN, buttonState=0, metaState=0, flags=0x0, edgeFlags=0x0, pointerCount=1, historySize=0, eventTime=763161882, downTime=763161882, deviceId=0, source=0x1002 }
08-05 03:59:05.474 25630 25630 D AndroidRuntime: Shutting down VM
08-05 03:59:05.527 24383 24404 I art     : Starting a blocking GC Explicit
08-05 03:59:05.553 24383 24404 I art     : Explicit concurrent mark sweep GC freed 1445(83KB) AllocSpace objects, 1(20KB) LOS objects, 36% free, 27MB/43MB, paused 1.003ms total 26.068ms
08-05 03:59:05.555   512  2967 D audio_hw_primary: out_set_parameters: enter: usecase(1: low-latency-playback) kvpairs: routing=2
08-05 03:59:05.563 24383 24404 I art     : Starting a blocking GC Explicit
08-05 03:59:05.568   512  2967 D audio_hw_primary: select_devices: out_snd_device(2: speaker) in_snd_device(0: none)
08-05 03:59:05.568   512  2967 D msm8974_platform: platform_send_audio_calibration: sending audio calibration for snd_device(2) acdb_id(15)
08-05 03:59:05.568   512  2967 I soundtrigger: audio_extn_sound_trigger_update_device_status: device 0x2 of type 0 for Event 1
08-05 03:59:05.574 13866 13866 I GoogleInputMethodServic: GoogleInputMethodService.onFinishInput():3138 
08-05 03:59:05.574 13866 13866 I GoogleInputMethodServic: GoogleInputMethodService.onStartInput():1808 
08-05 03:59:05.580   512  2967 D audio_hw_primary: enable_snd_device: snd_device(2: speaker)
08-05 03:59:05.582   512  2967 D audio_hw_primary: enable_audio_route: apply and update mixer path: low-latency-playback speaker
08-05 03:59:05.588 24383 24404 I art     : Explicit concurrent mark sweep GC freed 230(9KB) AllocSpace objects, 0(0B) LOS objects, 36% free, 27MB/43MB, paused 889us total 25.139ms
08-05 03:59:05.597 24383 24404 I art     : Starting a blocking GC Explicit
08-05 03:59:05.621 24383 24404 I art     : Explicit concurrent mark sweep GC freed 21(800B) AllocSpace objects, 0(0B) LOS objects, 36% free, 27MB/43MB, paused 810us total 23.826ms
08-05 03:59:05.630 24383 24404 I art     : Starting a blocking GC Explicit
08-05 03:59:05.654 24383 24404 I art     : Explicit concurrent mark sweep GC freed 13(480B) AllocSpace objects, 0(0B) LOS objects, 36% free, 27MB/43MB, paused 749us total 23.861ms
08-05 03:59:05.663 24383 24404 I art     : Starting a blocking GC Explicit
08-05 03:59:05.687 24383 24404 I art     : Explicit concurrent mark sweep GC freed 13(480B) AllocSpace objects, 0(0B) LOS objects, 36% free, 27MB/43MB, paused 1.012ms total 23.791ms
08-05 03:59:05.801 24383 24419 I NAPPA_EXPERIMENTATION: MetricNetworkRequestExecutionTime: REQUEST_DURATION_SYSTEM='247',REQUEST_DURATION_OKHTTP='246',REQUEST_SYNCHRONOUS='TRUE',RESPONSE_CODE='200',RESPONSE_METHOD='GET',RESPONSE_LENGTH_OKHTTP='-1',RESPONSE_LENGTH_HEADER='622',REQUEST_PROTOCOL='h2',REQUEST_URL='https://itunes.apple.com/lookup?id=360084272',
08-05 03:59:05.821   918  4413 I ActivityManager: START u0 {cmp=baseline.de.danoeh.antennapod.debug/baseline.de.danoeh.antennapod.activity.OnlineFeedViewActivity (has extras)} from uid 10691 on display 0
08-05 03:59:05.842 13866 13866 I GoogleInputMethodServic: GoogleInputMethodService.onFinishInput():3138 
08-05 03:59:05.842 13866 13866 I GoogleInputMethodServic: GoogleInputMethodService.onStartInput():1808 
08-05 03:59:05.862 24383 24383 D UserPreferences: Using default data folder
08-05 03:59:05.863 24383 24383 D OnlineFeedViewActivity: Activity was started with url http://joeroganexp.joerogan.libsynpro.com/rss
08-05 03:59:05.865 24383 24383 D OnlineFeedViewActivity: Starting feed download
08-05 03:59:05.868 24383 24413 D DBReader: Extracting Feedlist
08-05 03:59:05.871   918  3359 D WifiService: acquireWifiLockLocked: WifiLock{Downloader type=1 binder=android.os.BinderProxy@36faa6c}
08-05 03:59:05.872 24383 24413 D AntennapodHttpClient: Creating new instance of HTTP client
08-05 03:59:05.922 24383 24413 D MYTAG   : interceptor 3a http://joeroganexp.joerogan.libsynpro.com/rss
08-05 03:59:05.922 24383 24413 I NAPPA_EXPERIMENTATION: MetricNetworkRequestExecutionTime: REQUEST_DURATION_SYSTEM='49',REQUEST_DURATION_OKHTTP='44',REQUEST_SYNCHRONOUS='TRUE',RESPONSE_CODE='200',RESPONSE_METHOD='GET',RESPONSE_LENGTH_OKHTTP='-1',RESPONSE_LENGTH_HEADER='307892',REQUEST_PROTOCOL='http/1.1',REQUEST_URL='http://joeroganexp.joerogan.libsynpro.com/rss',
08-05 03:59:05.922 24383 24413 D HttpDownloader: Response code is 200
08-05 03:59:05.922 24383 24413 D UserPreferences: Using default data folder
08-05 03:59:05.924 24383 24413 D HttpDownloader: Getting size of download
08-05 03:59:05.924 24383 24413 D HttpDownloader: Size is -1
08-05 03:59:05.924 24383 24413 D UserPreferences: Using default data folder
08-05 03:59:05.924 24383 24413 D HttpDownloader: Free space is 20229607424
08-05 03:59:05.924 24383 24413 D HttpDownloader: Starting download
08-05 03:59:05.929 13866 13866 I GoogleInputMethodServic: GoogleInputMethodService.onFinishInput():3138 
08-05 03:59:05.929 13866 13866 I GoogleInputMethodServic: GoogleInputMethodService.onStartInput():1808 
08-05 03:59:05.932 24383 24416 I art     : Starting a blocking GC Explicit
08-05 03:59:05.962 24383 24416 I art     : Explicit concurrent mark sweep GC freed 3459(234KB) AllocSpace objects, 1(20KB) LOS objects, 36% free, 27MB/43MB, paused 881us total 30.241ms
08-05 03:59:05.963   918   936 I ActivityManager: Displayed baseline.de.danoeh.antennapod.debug/baseline.de.danoeh.antennapod.activity.OnlineFeedViewActivity: +120ms
08-05 03:59:05.974 24383 24416 I art     : Starting a blocking GC Explicit
08-05 03:59:06.000 24383 24416 I art     : Explicit concurrent mark sweep GC freed 383(17KB) AllocSpace objects, 0(0B) LOS objects, 36% free, 27MB/43MB, paused 788us total 26.340ms
08-05 03:59:06.009 24383 24416 I art     : Starting a blocking GC Explicit
08-05 03:59:06.032 24383 24416 I art     : Explicit concurrent mark sweep GC freed 9(656B) AllocSpace objects, 0(0B) LOS objects, 36% free, 27MB/43MB, paused 830us total 22.562ms
08-05 03:59:06.033 24383 24413 D HttpDownloader: Download was successful
08-05 03:59:06.034   918  3714 D WifiService: releaseWifiLockLocked: WifiLock{Downloader type=1 binder=android.os.BinderProxy@36faa6c}
08-05 03:59:06.034 24383 24383 D OnlineFeedViewActivity: Parsing feed
08-05 03:59:06.039 24383 25672 D TypeGetter: Recognized type RSS 2.0
08-05 03:59:06.041 24383 24416 I art     : Starting a blocking GC Explicit
08-05 03:59:06.045 24383 25672 D SyndHandler: Recognized Atom namespace
08-05 03:59:06.045 24383 25672 D SyndHandler: Recognized ITunes namespace
08-05 03:59:06.045 24383 25672 D SyndHandler: Recognized media namespace
08-05 03:59:06.045 24383 25672 D SyndHandler: Recognized Content namespace
08-05 03:59:06.065 24383 24416 I art     : Explicit concurrent mark sweep GC freed 950(185KB) AllocSpace objects, 3(60KB) LOS objects, 36% free, 27MB/43MB, paused 807us total 23.666ms
08-05 03:59:06.073 24383 24416 I art     : Starting a blocking GC Explicit
08-05 03:59:06.097 24383 24416 I art     : Explicit concurrent mark sweep GC freed 1514(86KB) AllocSpace objects, 0(0B) LOS objects, 36% free, 27MB/43MB, paused 908us total 23.990ms
08-05 03:59:06.119   512  2967 D audio_hw_primary: disable_audio_route: reset and update mixer path: low-latency-playback speaker
08-05 03:59:06.120   512  2967 D audio_hw_primary: disable_snd_device: snd_device(2: speaker)
08-05 03:59:06.128   512  2967 I soundtrigger: audio_extn_sound_trigger_update_device_status: device 0x2 of type 0 for Event 0
08-05 03:59:06.220   380   380 W SurfaceFlinger: couldn't log to binary event log: overflow.
08-05 03:59:06.339 24383 24383 D PlaybackController: Releasing PlaybackController
08-05 03:59:06.374 24383 24404 I art     : Starting a blocking GC Explicit
08-05 03:59:06.407 24383 24404 I art     : Explicit concurrent mark sweep GC freed 21784(1174KB) AllocSpace objects, 1(20KB) LOS objects, 35% free, 28MB/44MB, paused 1.136ms total 32.472ms
08-05 03:59:06.417 24383 24404 I art     : Starting a blocking GC Explicit
08-05 03:59:06.444 24383 24404 I art     : Explicit concurrent mark sweep GC freed 5302(259KB) AllocSpace objects, 0(0B) LOS objects, 35% free, 28MB/44MB, paused 1.253ms total 27.561ms
08-05 03:59:06.453 24383 24404 I art     : Starting a blocking GC Explicit
08-05 03:59:06.480 24383 24404 I art     : Explicit concurrent mark sweep GC freed 6233(296KB) AllocSpace objects, 0(0B) LOS objects, 36% free, 28MB/44MB, paused 1.039ms total 26.780ms
08-05 03:59:06.489 24383 24404 I art     : Starting a blocking GC Explicit
08-05 03:59:06.516 24383 24404 I art     : Explicit concurrent mark sweep GC freed 2782(143KB) AllocSpace objects, 0(0B) LOS objects, 36% free, 28MB/44MB, paused 1.015ms total 26.192ms
08-05 03:59:06.525 24383 24404 I art     : Starting a blocking GC Explicit
08-05 03:59:06.551 24383 24404 I art     : Explicit concurrent mark sweep GC freed 2780(141KB) AllocSpace objects, 0(0B) LOS objects, 35% free, 28MB/44MB, paused 1.048ms total 25.913ms
08-05 03:59:06.820 24383 24404 I art     : Starting a blocking GC Explicit
08-05 03:59:06.856 24383 24404 I art     : Explicit concurrent mark sweep GC freed 22900(1213KB) AllocSpace objects, 1(20KB) LOS objects, 35% free, 29MB/45MB, paused 1.125ms total 35.674ms
08-05 03:59:06.867 24383 24404 I art     : Starting a blocking GC Explicit
08-05 03:59:06.895 24383 24404 I art     : Explicit concurrent mark sweep GC freed 8784(421KB) AllocSpace objects, 0(0B) LOS objects, 35% free, 28MB/44MB, paused 1.152ms total 27.373ms
08-05 03:59:06.904 24383 24404 I art     : Starting a blocking GC Explicit
08-05 03:59:06.931 24383 24404 I art     : Explicit concurrent mark sweep GC freed 3379(164KB) AllocSpace objects, 0(0B) LOS objects, 35% free, 28MB/44MB, paused 1.088ms total 26.892ms
08-05 03:59:06.940 24383 24404 I art     : Starting a blocking GC Explicit
08-05 03:59:06.968 24383 24404 I art     : Explicit concurrent mark sweep GC freed 2920(146KB) AllocSpace objects, 0(0B) LOS objects, 35% free, 29MB/45MB, paused 1.023ms total 27.227ms
08-05 03:59:06.977 24383 24404 I art     : Starting a blocking GC Explicit
08-05 03:59:07.004 24383 24404 I art     : Explicit concurrent mark sweep GC freed 2941(156KB) AllocSpace objects, 0(0B) LOS objects, 35% free, 29MB/45MB, paused 991us total 26.762ms
08-05 03:59:07.305 24383 24416 I art     : Starting a blocking GC Explicit
08-05 03:59:07.343 24383 24416 I art     : Explicit concurrent mark sweep GC freed 25666(1396KB) AllocSpace objects, 1(20KB) LOS objects, 34% free, 29MB/45MB, paused 1.253ms total 37.976ms
08-05 03:59:07.355 24383 24416 I art     : Starting a blocking GC Explicit
08-05 03:59:07.386 24383 24416 I art     : Explicit concurrent mark sweep GC freed 8172(398KB) AllocSpace objects, 0(0B) LOS objects, 34% free, 29MB/45MB, paused 1.221ms total 31.531ms
08-05 03:59:07.396 24383 24416 I art     : Starting a blocking GC Explicit
08-05 03:59:07.426 24383 24416 I art     : Explicit concurrent mark sweep GC freed 5423(269KB) AllocSpace objects, 0(0B) LOS objects, 35% free, 29MB/45MB, paused 922us total 29.699ms
08-05 03:59:07.436 24383 24416 I art     : Starting a blocking GC Explicit
08-05 03:59:07.466 24383 24416 I art     : Explicit concurrent mark sweep GC freed 3122(168KB) AllocSpace objects, 0(0B) LOS objects, 35% free, 29MB/45MB, paused 1.051ms total 30.251ms
08-05 03:59:07.476 24383 24416 I art     : Starting a blocking GC Explicit
08-05 03:59:07.507 24383 24416 I art     : Explicit concurrent mark sweep GC freed 3188(168KB) AllocSpace objects, 0(0B) LOS objects, 34% free, 29MB/45MB, paused 1.063ms total 30.155ms
08-05 03:59:07.715 23342 23460 W FirebaseInstanceId: Token retrieval failed: SERVICE_NOT_AVAILABLE. Will retry token retrieval
08-05 03:59:07.808 24383 24416 I art     : Starting a blocking GC Explicit
08-05 03:59:07.849 24383 24416 I art     : Explicit concurrent mark sweep GC freed 25775(1412KB) AllocSpace objects, 1(20KB) LOS objects, 34% free, 30MB/46MB, paused 1.202ms total 40.479ms
08-05 03:59:07.861 24383 24416 I art     : Starting a blocking GC Explicit
08-05 03:59:07.895 24383 24416 I art     : Explicit concurrent mark sweep GC freed 3660(184KB) AllocSpace objects, 0(0B) LOS objects, 34% free, 30MB/46MB, paused 1.323ms total 33.789ms
08-05 03:59:07.905 24383 24416 I art     : Starting a blocking GC Explicit
08-05 03:59:07.938 24383 24416 I art     : Explicit concurrent mark sweep GC freed 9767(465KB) AllocSpace objects, 0(0B) LOS objects, 34% free, 30MB/46MB, paused 1.161ms total 32.452ms
08-05 03:59:07.948 24383 24416 I art     : Starting a blocking GC Explicit
08-05 03:59:07.979 24383 24416 I art     : Explicit concurrent mark sweep GC freed 4122(206KB) AllocSpace objects, 0(0B) LOS objects, 34% free, 30MB/46MB, paused 1.041ms total 31.274ms
08-05 03:59:07.990 24383 24416 I art     : Starting a blocking GC Explicit
08-05 03:59:08.022 24383 24416 I art     : Explicit concurrent mark sweep GC freed 3271(206KB) AllocSpace objects, 0(0B) LOS objects, 34% free, 30MB/46MB, paused 1.089ms total 31.717ms
08-05 03:59:08.342 24383 24404 I art     : Starting a blocking GC Explicit
08-05 03:59:08.391 24383 24404 I art     : Explicit concurrent mark sweep GC freed 28360(1297KB) AllocSpace objects, 1(20KB) LOS objects, 33% free, 31MB/47MB, paused 1.251ms total 49.194ms
08-05 03:59:08.404 24383 24404 I art     : Starting a blocking GC Explicit
08-05 03:59:08.438 24383 24404 I art     : Explicit concurrent mark sweep GC freed 11381(519KB) AllocSpace objects, 0(0B) LOS objects, 34% free, 30MB/46MB, paused 1.406ms total 33.938ms
08-05 03:59:08.449 24383 24404 I art     : Starting a blocking GC Explicit
08-05 03:59:08.450 24383 25672 D OnlineFeedViewActivity: Deleted feed source file. Result: true
08-05 03:59:08.455 24383 24383 D OnlineFeedViewActivity: Removing HTML from shownotes
08-05 03:59:08.481 24383 24404 I art     : Explicit concurrent mark sweep GC freed 8196(606KB) AllocSpace objects, 25(1700KB) LOS objects, 33% free, 31MB/47MB, paused 976us total 32.521ms
08-05 03:59:08.492 24383 24404 I art     : Starting a blocking GC Explicit
08-05 03:59:08.528 24383 24404 I art     : Explicit concurrent mark sweep GC freed 19752(1672KB) AllocSpace objects, 88(5MB) LOS objects, 33% free, 31MB/47MB, paused 957us total 35.612ms
08-05 03:59:08.528 24383 24401 I art     : WaitForGcToComplete blocked for 19.252ms for cause HeapTrim
08-05 03:59:08.539 24383 24404 I art     : Starting a blocking GC Explicit
08-05 03:59:08.579 24383 24404 I art     : Explicit concurrent mark sweep GC freed 34702(2MB) AllocSpace objects, 151(10MB) LOS objects, 32% free, 32MB/48MB, paused 1.097ms total 39.856ms
08-05 03:59:08.896 24383 24416 I art     : Starting a blocking GC Explicit
08-05 03:59:08.920 24383 25373 D ApOkHttpUrlLoader: buildLoadData() called with: model = [http://static.libsyn.com/p/assets/7/1/f/3/71f3014e14ef2722/JREiTunesImage2.jpg], width = [350], height = [350]
08-05 03:59:08.922 24383 25176 D DBReader: getImageAuthentication() called with: imageUrl = [http://static.libsyn.com/p/assets/7/1/f/3/71f3014e14ef2722/JREiTunesImage2.jpg]
08-05 03:59:08.924 24383 25176 D ApOkHttpUrlLoader: no credentials for 'http://static.libsyn.com/p/assets/7/1/f/3/71f3014e14ef2722/JREiTunesImage2.jpg'
08-05 03:59:08.938 24383 24416 I art     : Explicit concurrent mark sweep GC freed 37363(4MB) AllocSpace objects, 264(17MB) LOS objects, 34% free, 31MB/47MB, paused 1.523ms total 41.414ms
08-05 03:59:08.948 24383 24416 I art     : Starting a blocking GC Explicit
08-05 03:59:08.981 24383 24416 I art     : Explicit concurrent mark sweep GC freed 949(52KB) AllocSpace objects, 0(0B) LOS objects, 34% free, 30MB/46MB, paused 874us total 32.761ms
08-05 03:59:08.994 24383 24416 I art     : Starting a blocking GC Explicit
08-05 03:59:09.028 24383 24416 I art     : Explicit concurrent mark sweep GC freed 506(24KB) AllocSpace objects, 1(112KB) LOS objects, 34% free, 30MB/46MB, paused 835us total 33.423ms
08-05 03:59:09.039 24383 24416 I art     : Starting a blocking GC Explicit
08-05 03:59:09.075 24383 24416 I art     : Explicit concurrent mark sweep GC freed 32(2608B) AllocSpace objects, 0(0B) LOS objects, 34% free, 30MB/46MB, paused 884us total 35.971ms
08-05 03:59:09.081 24383 25176 D MYTAG   : interceptor 2a
08-05 03:59:09.081 24383 25176 I NAPPA_EXPERIMENTATION: MetricNetworkRequestExecutionTime: REQUEST_DURATION_SYSTEM='157',REQUEST_DURATION_OKHTTP='44',REQUEST_SYNCHRONOUS='TRUE',RESPONSE_CODE='200',RESPONSE_METHOD='GET',RESPONSE_LENGTH_OKHTTP='402832',RESPONSE_LENGTH_HEADER='402832',REQUEST_PROTOCOL='http/1.1',REQUEST_URL='http://static.libsyn.com/p/assets/7/1/f/3/71f3014e14ef2722/JREiTunesImage2.jpg',
08-05 03:59:09.087 24383 24416 I art     : Starting a blocking GC Explicit
08-05 03:59:09.122 24383 24416 I art     : Explicit concurrent mark sweep GC freed 188(17KB) AllocSpace objects, 0(0B) LOS objects, 34% free, 30MB/46MB, paused 820us total 35.121ms
08-05 03:59:09.427 24383 24403 I art     : Starting a blocking GC Explicit
08-05 03:59:09.481 24383 24403 I art     : Explicit concurrent mark sweep GC freed 1533(98KB) AllocSpace objects, 1(20KB) LOS objects, 33% free, 31MB/47MB, paused 850us total 53.560ms
08-05 03:59:09.498 24383 24403 I art     : Starting a blocking GC Explicit
08-05 03:59:09.535 24383 24403 I art     : Explicit concurrent mark sweep GC freed 71(2096B) AllocSpace objects, 0(0B) LOS objects, 33% free, 31MB/47MB, paused 757us total 37.303ms
08-05 03:59:09.547 24383 24403 I art     : Starting a blocking GC Explicit
08-05 03:59:09.586 24383 24403 I art     : Explicit concurrent mark sweep GC freed 3(96B) AllocSpace objects, 0(0B) LOS objects, 33% free, 31MB/47MB, paused 828us total 37.880ms
08-05 03:59:09.598 24383 24403 I art     : Starting a blocking GC Explicit
08-05 03:59:09.637 24383 24403 I art     : Explicit concurrent mark sweep GC freed 3(96B) AllocSpace objects, 0(0B) LOS objects, 33% free, 31MB/47MB, paused 788us total 38.322ms
08-05 03:59:09.649 24383 24403 I art     : Starting a blocking GC Explicit
08-05 03:59:09.688 24383 24403 I art     : Explicit concurrent mark sweep GC freed 3(96B) AllocSpace objects, 0(0B) LOS objects, 33% free, 31MB/47MB, paused 812us total 38.627ms
08-05 03:59:09.961 24383 24416 I art     : Starting a blocking GC Explicit
08-05 03:59:10.000 24383 24416 I art     : Explicit concurrent mark sweep GC freed 1370(80KB) AllocSpace objects, 1(20KB) LOS objects, 33% free, 31MB/47MB, paused 823us total 38.635ms
08-05 03:59:10.012 24383 24416 I art     : Starting a blocking GC Explicit
08-05 03:59:10.049 24383 24416 I art     : Explicit concurrent mark sweep GC freed 23(752B) AllocSpace objects, 0(0B) LOS objects, 33% free, 31MB/47MB, paused 771us total 36.720ms
08-05 03:59:10.061 24383 24416 I art     : Starting a blocking GC Explicit
08-05 03:59:10.097 24383 24416 I art     : Explicit concurrent mark sweep GC freed 3(96B) AllocSpace objects, 0(0B) LOS objects, 33% free, 31MB/47MB, paused 793us total 35.478ms
08-05 03:59:10.108 24383 24416 I art     : Starting a blocking GC Explicit
08-05 03:59:10.134 25745 25745 D AndroidRuntime: >>>>>> START com.android.internal.os.RuntimeInit uid 2000 <<<<<<
08-05 03:59:10.139 25745 25745 D AndroidRuntime: CheckJNI is OFF
08-05 03:59:10.144 24383 24416 I art     : Explicit concurrent mark sweep GC freed 3(96B) AllocSpace objects, 0(0B) LOS objects, 33% free, 31MB/47MB, paused 862us total 35.785ms
08-05 03:59:10.156 24383 24416 I art     : Starting a blocking GC Explicit
08-05 03:59:10.175 25745 25745 D ICU     : No timezone override file found: /data/misc/zoneinfo/current/icu/icu_tzdata.dat
08-05 03:59:10.191 24383 24416 I art     : Explicit concurrent mark sweep GC freed 3(96B) AllocSpace objects, 0(0B) LOS objects, 33% free, 31MB/47MB, paused 862us total 35.348ms
08-05 03:59:10.211 25745 25745 I Radio-JNI: register_android_hardware_Radio DONE
08-05 03:59:10.233 25745 25745 D AndroidRuntime: Calling main entry com.android.commands.input.Input
08-05 03:59:10.235 25745 25745 I Input   : injectMotionEvent: MotionEvent { action=ACTION_DOWN, actionButton=0, id[0]=0, x[0]=693.0, y[0]=821.0, toolType[0]=TOOL_TYPE_UNKNOWN, buttonState=0, metaState=0, flags=0x0, edgeFlags=0x0, pointerCount=1, historySize=0, eventTime=763166647, downTime=763166647, deviceId=0, source=0x1002 }
08-05 03:59:10.242 25745 25745 I Input   : injectMotionEvent: MotionEvent { action=ACTION_UP, actionButton=0, id[0]=0, x[0]=693.0, y[0]=821.0, toolType[0]=TOOL_TYPE_UNKNOWN, buttonState=0, metaState=0, flags=0x0, edgeFlags=0x0, pointerCount=1, historySize=0, eventTime=763166647, downTime=763166647, deviceId=0, source=0x1002 }
08-05 03:59:10.244 25745 25745 D AndroidRuntime: Shutting down VM
08-05 03:59:10.257 24383 24383 D UserPreferences: Using default data folder
08-05 03:59:10.258 24383 24383 D DownloadRequester: partiallyDownloadedFileExists: false
08-05 03:59:10.258 24383 24383 D DownloadRequester: /storage/emulated/0/Android/data/baseline.de.danoeh.antennapod.debug/files/cache/feed-The Joe Rogan Experience is available as a download destination
08-05 03:59:10.259 24383 24383 D DownloadRequester: Requesting download of url http://joeroganexp.joerogan.libsynpro.com/rss
08-05 03:59:10.260   512  2967 D audio_hw_primary: out_set_parameters: enter: usecase(1: low-latency-playback) kvpairs: routing=2
08-05 03:59:10.262 24383 24383 D DownloadService: Service started
08-05 03:59:10.263 24383 24383 D DownloadService: parallel downloads: 4
08-05 03:59:10.264 24383 25768 D downloadCompletionThd: downloadCompletionThread was started
08-05 03:59:10.265 24383 24383 D DownloadService: Notification set up
08-05 03:59:10.273   512  2967 D audio_hw_primary: select_devices: out_snd_device(2: speaker) in_snd_device(0: none)
08-05 03:59:10.273   512  2967 D msm8974_platform: platform_send_audio_calibration: sending audio calibration for snd_device(2) acdb_id(15)
08-05 03:59:10.273   512  2967 I soundtrigger: audio_extn_sound_trigger_update_device_status: device 0x2 of type 0 for Event 1
08-05 03:59:10.275 24383 24383 D DownloadService: Received enqueue request
08-05 03:59:10.276 24383 24383 D OnlineFeedViewActivity: onEventMainThread() called with: event = [DownloadEvent{update=DownloaderUpdate{downloaders=[baseline.de.danoeh.antennapod.core.service.download.HttpDownloader@5386099], feedIds=[0], mediaIds=[]}}]
08-05 03:59:10.276 24383 24383 D DownloadService: 1 downloads left
08-05 03:59:10.276 24383 24383 D DownloadService: Setting up notification updater
08-05 03:59:10.278   918  3714 D WifiService: acquireWifiLockLocked: WifiLock{Downloader type=1 binder=android.os.BinderProxy@381f60f}
08-05 03:59:10.280 24383 25770 D AntennapodHttpClient: Creating new instance of HTTP client
08-05 03:59:10.295   512  2967 D audio_hw_primary: enable_snd_device: snd_device(2: speaker)
08-05 03:59:10.298   512  2967 D audio_hw_primary: enable_audio_route: apply and update mixer path: low-latency-playback speaker
08-05 03:59:10.406 24383 25770 D MYTAG   : interceptor 3a http://joeroganexp.joerogan.libsynpro.com/rss
08-05 03:59:10.407 24383 25770 I NAPPA_EXPERIMENTATION: MetricNetworkRequestExecutionTime: REQUEST_DURATION_SYSTEM='123',REQUEST_DURATION_OKHTTP='38',REQUEST_SYNCHRONOUS='TRUE',RESPONSE_CODE='200',RESPONSE_METHOD='GET',RESPONSE_LENGTH_OKHTTP='-1',RESPONSE_LENGTH_HEADER='307892',REQUEST_PROTOCOL='http/1.1',REQUEST_URL='http://joeroganexp.joerogan.libsynpro.com/rss',
08-05 03:59:10.407 24383 25770 D HttpDownloader: Response code is 200
08-05 03:59:10.407 24383 25770 D UserPreferences: Using default data folder
08-05 03:59:10.412 24383 25770 D HttpDownloader: Getting size of download
08-05 03:59:10.412 24383 25770 D HttpDownloader: Size is -1
08-05 03:59:10.412 24383 25770 D UserPreferences: Using default data folder
08-05 03:59:10.413 24383 25770 D HttpDownloader: Free space is 20229148672
08-05 03:59:10.413 24383 25770 D HttpDownloader: Starting download
08-05 03:59:10.437 24383 24416 I art     : Starting a blocking GC Explicit
08-05 03:59:10.473 24383 24416 I art     : Explicit concurrent mark sweep GC freed 2685(157KB) AllocSpace objects, 1(20KB) LOS objects, 33% free, 31MB/47MB, paused 880us total 35.633ms
08-05 03:59:10.484 24383 24416 I art     : Starting a blocking GC Explicit
08-05 03:59:10.517 24383 24416 I art     : Explicit concurrent mark sweep GC freed 33(1264B) AllocSpace objects, 0(0B) LOS objects, 33% free, 31MB/47MB, paused 992us total 32.541ms
08-05 03:59:10.523 24383 25770 D HttpDownloader: Download was successful
08-05 03:59:10.525   918  6029 D WifiService: releaseWifiLockLocked: WifiLock{Downloader type=1 binder=android.os.BinderProxy@381f60f}
08-05 03:59:10.526 24383 25768 D downloadCompletionThd: Received 'Download Complete' - message.
08-05 03:59:10.526 24383 25768 D DownloadService: Handling completed Feed Download
08-05 03:59:10.526 24383 25769 D FeedSyncThread: Waiting for 3000 ms
08-05 03:59:10.528 24383 24416 I art     : Starting a blocking GC Explicit
08-05 03:59:10.531 24383 25783 D TypeGetter: Recognized type RSS 2.0
08-05 03:59:10.532 24383 25783 D SyndHandler: Recognized Atom namespace
08-05 03:59:10.532 24383 25783 D SyndHandler: Recognized ITunes namespace
08-05 03:59:10.532 24383 25783 D SyndHandler: Recognized media namespace
08-05 03:59:10.532 24383 25783 D SyndHandler: Recognized Content namespace
08-05 03:59:10.541 24383 24383 D DownloadService: Removing downloader: http://joeroganexp.joerogan.libsynpro.com/rss
08-05 03:59:10.541 24383 24383 D DownloadService: Result of downloads.remove: true
08-05 03:59:10.541 24383 24383 D OnlineFeedViewActivity: onEventMainThread() called with: event = [DownloadEvent{update=DownloaderUpdate{downloaders=[], feedIds=[], mediaIds=[]}}]
08-05 03:59:10.562 24383 24416 I art     : Explicit concurrent mark sweep GC freed 1998(233KB) AllocSpace objects, 2(40KB) LOS objects, 33% free, 31MB/47MB, paused 1.096ms total 34.521ms
08-05 03:59:10.573 24383 24416 I art     : Starting a blocking GC Explicit
08-05 03:59:10.609 24383 24416 I art     : Explicit concurrent mark sweep GC freed 3342(188KB) AllocSpace objects, 1(20KB) LOS objects, 33% free, 31MB/47MB, paused 1.550ms total 35.907ms
08-05 03:59:10.621 24383 24416 I art     : Starting a blocking GC Explicit
08-05 03:59:10.659 24383 24416 I art     : Explicit concurrent mark sweep GC freed 3476(178KB) AllocSpace objects, 0(0B) LOS objects, 33% free, 31MB/47MB, paused 1.004ms total 37.244ms
08-05 03:59:10.830   512  2967 D audio_hw_primary: disable_audio_route: reset and update mixer path: low-latency-playback speaker
08-05 03:59:10.833   512  2967 D audio_hw_primary: disable_snd_device: snd_device(2: speaker)
08-05 03:59:10.842   512  2967 I soundtrigger: audio_extn_sound_trigger_update_device_status: device 0x2 of type 0 for Event 0
08-05 03:59:10.944 24383 24416 I art     : Starting a blocking GC Explicit
08-05 03:59:10.993 24383 24416 I art     : Explicit concurrent mark sweep GC freed 24485(1312KB) AllocSpace objects, 1(20KB) LOS objects, 32% free, 32MB/48MB, paused 1.282ms total 48.974ms
08-05 03:59:11.005 24383 24416 I art     : Starting a blocking GC Explicit
08-05 03:59:11.040 24383 24416 I art     : Explicit concurrent mark sweep GC freed 9636(461KB) AllocSpace objects, 0(0B) LOS objects, 33% free, 32MB/48MB, paused 1.270ms total 35.709ms
08-05 03:59:11.051 24383 24416 I art     : Starting a blocking GC Explicit
08-05 03:59:11.087 24383 24416 I art     : Explicit concurrent mark sweep GC freed 3977(196KB) AllocSpace objects, 0(0B) LOS objects, 33% free, 32MB/48MB, paused 1.123ms total 35.728ms
08-05 03:59:11.098 24383 24416 I art     : Starting a blocking GC Explicit
08-05 03:59:11.134 24383 24416 I art     : Explicit concurrent mark sweep GC freed 3628(190KB) AllocSpace objects, 0(0B) LOS objects, 33% free, 32MB/48MB, paused 1.137ms total 35.581ms
08-05 03:59:11.145 24383 24416 I art     : Starting a blocking GC Explicit
08-05 03:59:11.181 24383 24416 I art     : Explicit concurrent mark sweep GC freed 3782(187KB) AllocSpace objects, 0(0B) LOS objects, 33% free, 32MB/48MB, paused 1.140ms total 35.921ms
08-05 03:59:11.445 24383 24403 I art     : Starting a blocking GC Explicit
08-05 03:59:11.493 24383 24403 I art     : Explicit concurrent mark sweep GC freed 23710(1266KB) AllocSpace objects, 1(20KB) LOS objects, 32% free, 33MB/49MB, paused 1.307ms total 48.219ms
08-05 03:59:11.506 24383 24403 I art     : Starting a blocking GC Explicit
08-05 03:59:11.548 24383 24403 I art     : Explicit concurrent mark sweep GC freed 9716(468KB) AllocSpace objects, 0(0B) LOS objects, 32% free, 32MB/48MB, paused 1.382ms total 41.667ms
08-05 03:59:11.560 24383 24403 I art     : Starting a blocking GC Explicit
08-05 03:59:11.599 24383 24403 I art     : Explicit concurrent mark sweep GC freed 4311(232KB) AllocSpace objects, 0(0B) LOS objects, 32% free, 33MB/49MB, paused 1.236ms total 38.893ms
08-05 03:59:11.611 24383 24403 I art     : Starting a blocking GC Explicit
08-05 03:59:11.650 24383 24403 I art     : Explicit concurrent mark sweep GC freed 4021(201KB) AllocSpace objects, 0(0B) LOS objects, 32% free, 33MB/49MB, paused 1.246ms total 39.265ms
08-05 03:59:11.662 24383 24403 I art     : Starting a blocking GC Explicit
08-05 03:59:11.702 24383 24403 I art     : Explicit concurrent mark sweep GC freed 4175(219KB) AllocSpace objects, 0(0B) LOS objects, 32% free, 33MB/49MB, paused 1.192ms total 39.340ms
08-05 03:59:11.988 24383 24404 I art     : Starting a blocking GC Explicit
08-05 03:59:12.043 24383 24383 D OnlineFeedViewActivity: onEventMainThread() called with: event = [DownloadEvent{update=DownloaderUpdate{downloaders=[], feedIds=[], mediaIds=[]}}]
08-05 03:59:12.043 24383 24404 I art     : Explicit concurrent mark sweep GC freed 24556(1346KB) AllocSpace objects, 1(20KB) LOS objects, 32% free, 33MB/49MB, paused 1.595ms total 54.440ms
08-05 03:59:12.057 24383 24404 I art     : Starting a blocking GC Explicit
08-05 03:59:12.099 24383 24404 I art     : Explicit concurrent mark sweep GC freed 5011(275KB) AllocSpace objects, 0(0B) LOS objects, 32% free, 33MB/49MB, paused 1.263ms total 42.168ms
08-05 03:59:12.111 24383 24404 I art     : Starting a blocking GC Explicit
08-05 03:59:12.149 24365 21562 I NetworkScheduler.Stats: Task com.google.android.gms/com.google.android.gms.icing.service.IcingGcmTaskService started execution. cause:4 exec_start_elapsed_seconds: 1746556 [CONTEXT service_id=218 ]
08-05 03:59:12.149 24383 24404 I art     : Explicit concurrent mark sweep GC freed 10094(494KB) AllocSpace objects, 0(0B) LOS objects, 32% free, 33MB/49MB, paused 1.063ms total 38.005ms
08-05 03:59:12.160 24365 29098 I NetworkScheduler.Stats: Task com.google.android.gms/com.google.android.gms.icing.service.IcingGcmTaskService finished executing. cause:4 result: 1 elapsed_millis: 33 uptime_millis: 33 exec_start_elapsed_seconds: 1746556 [CONTEXT service_id=218 ]
08-05 03:59:12.161 24383 24404 I art     : Starting a blocking GC Explicit
08-05 03:59:12.175   518   646 I ThermalEngine: ACTION: GPU - Setting GPU[0] to 450000000
08-05 03:59:12.204 24365 21562 I NetworkScheduler.Stats: Task com.google.android.gms/com.google.android.gms.ipa.base.IpaGcmTaskService started execution. cause:5 exec_start_elapsed_seconds: 1746556 [CONTEXT service_id=218 ]
08-05 03:59:12.205 24383 24404 I art     : Explicit concurrent mark sweep GC freed 3822(197KB) AllocSpace objects, 0(0B) LOS objects, 32% free, 33MB/49MB, paused 1.431ms total 43.698ms
08-05 03:59:12.220 24383 24404 I art     : Starting a blocking GC Explicit
08-05 03:59:12.250 24365 24372 I art     : Background partial concurrent mark sweep GC freed 78877(4MB) AllocSpace objects, 3(52KB) LOS objects, 27% free, 41MB/57MB, paused 1.301ms total 102.203ms
08-05 03:59:12.258 24365 21562 I NetworkScheduler.Stats: Task com.google.android.gms/com.google.android.gms.common.stats.net.NetworkReportService started execution. cause:5 exec_start_elapsed_seconds: 1746556 [CONTEXT service_id=218 ]
08-05 03:59:12.263 24365 29098 I NetworkScheduler.Stats: Task com.google.android.gms/com.google.android.gms.ipa.base.IpaGcmTaskService finished executing. cause:5 result: 1 elapsed_millis: 76 uptime_millis: 76 exec_start_elapsed_seconds: 1746556 [CONTEXT service_id=218 ]
08-05 03:59:12.265 24383 24404 I art     : Explicit concurrent mark sweep GC freed 3751(183KB) AllocSpace objects, 0(0B) LOS objects, 32% free, 33MB/49MB, paused 1.357ms total 45.403ms
08-05 03:59:12.350 24365 21562 I NetworkScheduler.Stats: Task com.google.android.gms/com.google.android.gms.clearcut.uploader.QosUploaderService started execution. cause:5 exec_start_elapsed_seconds: 1746556 [CONTEXT service_id=218 ]
08-05 03:59:12.374 24577 31286 W GmscoreIpa: Processed 0 SMS and 0 MMS deletions
08-05 03:59:12.556 24383 24403 I art     : Starting a blocking GC Explicit
08-05 03:59:12.609 24383 24403 I art     : Explicit concurrent mark sweep GC freed 20138(1101KB) AllocSpace objects, 1(20KB) LOS objects, 31% free, 34MB/50MB, paused 1.443ms total 52.726ms
08-05 03:59:12.624 24383 24403 I art     : Starting a blocking GC Explicit
08-05 03:59:12.671 24383 24403 I art     : Explicit concurrent mark sweep GC freed 8716(459KB) AllocSpace objects, 0(0B) LOS objects, 31% free, 34MB/50MB, paused 1.363ms total 46.903ms
08-05 03:59:12.679   918  5132 I AccountManagerService: getTypesVisibleToCaller: isPermitted? true
08-05 03:59:12.685   918   928 I AccountManagerService: getTypesVisibleToCaller: isPermitted? true
08-05 03:59:12.687 24383 24403 I art     : Starting a blocking GC Explicit
08-05 03:59:12.691   918  4400 I AccountManagerService: getTypesVisibleToCaller: isPermitted? true
08-05 03:59:12.696   918  6111 I AccountManagerService: getTypesVisibleToCaller: isPermitted? true
08-05 03:59:12.702   918  3714 I AccountManagerService: getTypesVisibleToCaller: isPermitted? true
08-05 03:59:12.708   918  6110 I AccountManagerService: getTypesVisibleToCaller: isPermitted? true
08-05 03:59:12.720   918  3359 I AccountManagerService: getTypesVisibleToCaller: isPermitted? true
08-05 03:59:12.724   918  3670 I AccountManagerService: getTypesVisibleToCaller: isPermitted? true
08-05 03:59:12.729   918  4413 I AccountManagerService: getTypesVisibleToCaller: isPermitted? true
08-05 03:59:12.735   918  6111 I AccountManagerService: getTypesVisibleToCaller: isPermitted? true
08-05 03:59:12.737 24383 24403 I art     : Explicit concurrent mark sweep GC freed 3167(138KB) AllocSpace objects, 0(0B) LOS objects, 31% free, 34MB/50MB, paused 1.406ms total 50.008ms
08-05 03:59:12.744   918  3714 I AccountManagerService: getTypesVisibleToCaller: isPermitted? true
08-05 03:59:12.753   918   929 I AccountManagerService: getTypesVisibleToCaller: isPermitted? true
08-05 03:59:12.757 24383 24403 I art     : Starting a blocking GC Explicit
08-05 03:59:12.761   918  6110 I AccountManagerService: getTypesVisibleToCaller: isPermitted? true
08-05 03:59:12.765   918   927 I art     : Background partial concurrent mark sweep GC freed 43636(4MB) AllocSpace objects, 137(3MB) LOS objects, 18% free, 68MB/84MB, paused 1.842ms total 196.461ms
08-05 03:59:12.768   918  4400 I AccountManagerService: getTypesVisibleToCaller: isPermitted? true
08-05 03:59:12.776   918  3359 I AccountManagerService: getTypesVisibleToCaller: isPermitted? true
08-05 03:59:12.781   918  5952 I AccountManagerService: getTypesVisibleToCaller: isPermitted? true
08-05 03:59:12.786   918  6111 I AccountManagerService: getTypesVisibleToCaller: isPermitted? true
08-05 03:59:12.790   918  3714 I AccountManagerService: getTypesVisibleToCaller: isPermitted? true
08-05 03:59:12.794   918  4413 I AccountManagerService: getTypesVisibleToCaller: isPermitted? true
08-05 03:59:12.798   918  5952 I AccountManagerService: getTypesVisibleToCaller: isPermitted? true
08-05 03:59:12.805   918   928 I AccountManagerService: getTypesVisibleToCaller: isPermitted? true
08-05 03:59:12.807 24383 24403 I art     : Explicit concurrent mark sweep GC freed 4256(179KB) AllocSpace objects, 0(0B) LOS objects, 31% free, 34MB/50MB, paused 1.462ms total 50.001ms
08-05 03:59:12.811   918  6110 I AccountManagerService: getTypesVisibleToCaller: isPermitted? true
08-05 03:59:12.816   918  6029 I AccountManagerService: getTypesVisibleToCaller: isPermitted? true
08-05 03:59:12.821   918  3359 I AccountManagerService: getTypesVisibleToCaller: isPermitted? true
08-05 03:59:12.823 24383 24403 I art     : Starting a blocking GC Explicit
08-05 03:59:12.825   918   929 I AccountManagerService: getTypesVisibleToCaller: isPermitted? true
08-05 03:59:12.832   918  3670 I AccountManagerService: getTypesVisibleToCaller: isPermitted? true
08-05 03:59:12.839   918  4400 I AccountManagerService: getTypesVisibleToCaller: isPermitted? true
08-05 03:59:12.846   918   929 I AccountManagerService: getTypesVisibleToCaller: isPermitted? true
08-05 03:59:12.867   918  6110 I AccountManagerService: getTypesVisibleToCaller: isPermitted? true
08-05 03:59:12.870 24383 24403 I art     : Explicit concurrent mark sweep GC freed 4187(177KB) AllocSpace objects, 0(0B) LOS objects, 31% free, 34MB/50MB, paused 1.425ms total 47.612ms
08-05 03:59:12.947 24365 23289 W Conscrypt: Could not set socket write timeout: java.net.SocketException: Socket closed
08-05 03:59:12.947 24365 23289 E art     : invalid stream - problem with parameter iterator in /data/app/com.google.android.gms-2/base.apk:classes3.dex for method void com.google.android.gms.org.conscrypt.ConscryptFileDescriptorSocket.setSoWriteTimeout(int)
08-05 03:59:12.948 24365 23289 W Conscrypt: 	at com.google.android.gms.org.conscrypt.Platform.setSocketWriteTimeout(:com.google.android.gms@202614019@20.26.14 (040400-320008519):2)
08-05 03:59:12.948 24365 23289 W Conscrypt: 	at com.google.android.gms.org.conscrypt.ConscryptFileDescriptorSocket.setSoWriteTimeout(:com.google.android.gms@202614019@20.26.14 (040400-320008519))
08-05 03:59:12.985 24365 23289 W Conscrypt: Could not set socket write timeout: java.net.SocketException: Socket closed
08-05 03:59:12.985 24365 23289 E art     : invalid stream - problem with parameter iterator in /data/app/com.google.android.gms-2/base.apk:classes3.dex for method void com.google.android.gms.org.conscrypt.ConscryptFileDescriptorSocket.setSoWriteTimeout(int)
08-05 03:59:12.986 24365 23289 W Conscrypt: 	at com.google.android.gms.org.conscrypt.Platform.setSocketWriteTimeout(:com.google.android.gms@202614019@20.26.14 (040400-320008519):2)
08-05 03:59:12.986 24365 23289 W Conscrypt: 	at com.google.android.gms.org.conscrypt.ConscryptFileDescriptorSocket.setSoWriteTimeout(:com.google.android.gms@202614019@20.26.14 (040400-320008519))
08-05 03:59:13.010   918  3670 I AccountManagerService: getTypesVisibleToCaller: isPermitted? true
08-05 03:59:13.051 24365 23289 E CCTUploader: Clearcut transport failed to make network request. Use 183 milliseconds.
08-05 03:59:13.051 24365 23289 E CCTUploader: java.io.IOException: unexpected end of stream on Connection{play.googleapis.com:443, proxy=HTTP@192.168.2.12:8080 hostAddress=192.168.2.12 cipherSuite=TLS_AES_256_GCM_SHA384 protocol=http/1.1} (recycle count=0)
08-05 03:59:13.051 24365 23289 E CCTUploader: 	at com.android.okhttp.internal.http.HttpConnection.readResponse(HttpConnection.java:210)
08-05 03:59:13.051 24365 23289 E CCTUploader: 	at com.android.okhttp.internal.http.HttpTransport.readResponseHeaders(HttpTransport.java:80)
08-05 03:59:13.051 24365 23289 E CCTUploader: 	at com.android.okhttp.internal.http.HttpEngine.readNetworkResponse(HttpEngine.java:904)
08-05 03:59:13.051 24365 23289 E CCTUploader: 	at com.android.okhttp.internal.http.HttpEngine.readResponse(HttpEngine.java:788)
08-05 03:59:13.051 24365 23289 E CCTUploader: 	at com.android.okhttp.internal.huc.HttpURLConnectionImpl.execute(HttpURLConnectionImpl.java:439)
08-05 03:59:13.051 24365 23289 E CCTUploader: 	at com.android.okhttp.internal.huc.HttpURLConnectionImpl.getResponse(HttpURLConnectionImpl.java:384)
08-05 03:59:13.051 24365 23289 E CCTUploader: 	at com.android.okhttp.internal.huc.HttpURLConnectionImpl.getResponseCode(HttpURLConnectionImpl.java:497)
08-05 03:59:13.051 24365 23289 E CCTUploader: 	at com.android.okhttp.internal.huc.DelegatingHttpsURLConnection.getResponseCode(DelegatingHttpsURLConnection.java:105)
08-05 03:59:13.051 24365 23289 E CCTUploader: 	at com.android.okhttp.internal.huc.HttpsURLConnectionImpl.getResponseCode(HttpsURLConnectionImpl.java)
08-05 03:59:13.051 24365 23289 E CCTUploader: 	at aboy.a(:com.google.android.gms@202614019@20.26.14 (040400-320008519):29)
08-05 03:59:13.051 24365 23289 E CCTUploader: 	at aboy.execute(:com.google.android.gms@202614019@20.26.14 (040400-320008519):8)
08-05 03:59:13.051 24365 23289 E CCTUploader: 	at aboy.execute(:com.google.android.gms@202614019@20.26.14 (040400-320008519):7)
08-05 03:59:13.051 24365 23289 E CCTUploader: 	at rbc.a(:com.google.android.gms@202614019@20.26.14 (040400-320008519):7)
08-05 03:59:13.051 24365 23289 E CCTUploader: 	at rbc.a(:com.google.android.gms@202614019@20.26.14 (040400-320008519):30)
08-05 03:59:13.051 24365 23289 E CCTUploader: 	at com.google.android.gms.clearcut.uploader.QosUploaderChimeraService.a(:com.google.android.gms@202614019@20.26.14 (040400-320008519):110)
08-05 03:59:13.051 24365 23289 E CCTUploader: 	at com.google.android.gms.clearcut.uploader.QosUploaderChimeraService.a(:com.google.android.gms@202614019@20.26.14 (040400-320008519):2)
08-05 03:59:13.051 24365 23289 E CCTUploader: 	at aegr.call(Unknown Source)
08-05 03:59:13.051 24365 23289 E CCTUploader: 	at java.util.concurrent.FutureTask.run(FutureTask.java:237)
08-05 03:59:13.051 24365 23289 E CCTUploader: 	at skp.b(:com.google.android.gms@202614019@20.26.14 (040400-320008519):12)
08-05 03:59:13.051 24365 23289 E CCTUploader: 	at skp.run(:com.google.android.gms@202614019@20.26.14 (040400-320008519):7)
08-05 03:59:13.051 24365 23289 E CCTUploader: 	at java.util.concurrent.ThreadPoolExecutor.runWorker(ThreadPoolExecutor.java:1113)
08-05 03:59:13.051 24365 23289 E CCTUploader: 	at java.util.concurrent.ThreadPoolExecutor$Worker.run(ThreadPoolExecutor.java:588)
08-05 03:59:13.051 24365 23289 E CCTUploader: 	at sql.run(:com.google.android.gms@202614019@20.26.14 (040400-320008519):0)
08-05 03:59:13.051 24365 23289 E CCTUploader: 	at java.lang.Thread.run(Thread.java:818)
08-05 03:59:13.051 24365 23289 E CCTUploader: Caused by: java.io.EOFException: \n not found: size=0 content=...
08-05 03:59:13.051 24365 23289 E CCTUploader: 	at com.android.okhttp.okio.RealBufferedSource.readUtf8LineStrict(RealBufferedSource.java:200)
08-05 03:59:13.051 24365 23289 E CCTUploader: 	at com.android.okhttp.internal.http.HttpConnection.readResponse(HttpConnection.java:191)
08-05 03:59:13.051 24365 23289 E CCTUploader: 	... 23 more
08-05 03:59:13.159 24383 24416 I art     : Starting a blocking GC Explicit
08-05 03:59:13.213 24383 24416 I art     : Explicit concurrent mark sweep GC freed 20556(937KB) AllocSpace objects, 1(20KB) LOS objects, 31% free, 34MB/50MB, paused 1.463ms total 54.056ms
08-05 03:59:13.225 24383 25783 D FeedSyncThread: The Joe Rogan Experience parsed
08-05 03:59:13.230 24383 24416 I art     : Starting a blocking GC Explicit
08-05 03:59:13.234 24383 25783 D FeedSyncThread: Deletion of file '/storage/emulated/0/Android/data/baseline.de.danoeh.antennapod.debug/files/cache/feed-The Joe Rogan Experience' successful
08-05 03:59:13.234 24383 25783 D DBReader: getFeedDownloadLog() called with: feed = [baseline.de.danoeh.antennapod.core.feed.Feed@0]
08-05 03:59:13.279 24383 24416 I art     : Explicit concurrent mark sweep GC freed 8719(376KB) AllocSpace objects, 0(0B) LOS objects, 31% free, 34MB/50MB, paused 1.186ms total 48.734ms
08-05 03:59:13.295 24383 24416 I art     : Starting a blocking GC Explicit
08-05 03:59:13.334 24365 21562 I NetworkScheduler.Stats: Task com.google.android.gms/com.google.android.gms.common.stats.net.NetworkReportService finished executing. cause:5 result: 1 elapsed_millis: 1101 uptime_millis: 1101 exec_start_elapsed_seconds: 1746556 [CONTEXT service_id=218 ]
08-05 03:59:13.341 24383 24416 I art     : Explicit concurrent mark sweep GC freed 319(16KB) AllocSpace objects, 0(0B) LOS objects, 31% free, 34MB/50MB, paused 1.089ms total 46.168ms
08-05 03:59:13.356 24383 24416 I art     : Starting a blocking GC Explicit
08-05 03:59:13.361 24365 29098 I NetworkScheduler.Stats: Task com.google.android.gms/com.google.android.gms.clearcut.uploader.QosUploaderService finished executing. cause:5 result: 2 elapsed_millis: 1034 uptime_millis: 1034 exec_start_elapsed_seconds: 1746556 [CONTEXT service_id=218 ]
08-05 03:59:13.387   918   927 I art     : Background partial concurrent mark sweep GC freed 9578(502KB) AllocSpace objects, 5(96KB) LOS objects, 18% free, 68MB/84MB, paused 1.763ms total 180.786ms
08-05 03:59:13.403 24383 24416 I art     : Explicit concurrent mark sweep GC freed 3(96B) AllocSpace objects, 0(0B) LOS objects, 31% free, 34MB/50MB, paused 1.041ms total 46.519ms
08-05 03:59:13.418 24383 24416 I art     : Starting a blocking GC Explicit
08-05 03:59:13.466 24383 24416 I art     : Explicit concurrent mark sweep GC freed 3(96B) AllocSpace objects, 0(0B) LOS objects, 31% free, 34MB/50MB, paused 1.032ms total 47.662ms
08-05 03:59:13.527 24383 25769 D FeedSyncThread: Bundling 1 feeds
08-05 03:59:13.528 24383 25837 D DBReader: Extracting Feedlist
08-05 03:59:13.529 24383 25837 D DBTasks : Found no existing Feed with title The Joe Rogan Experience. Adding as new one.
08-05 03:59:13.532 24383 25490 D PodDBAdapter: Setting feed with flattr status The Joe Rogan Experience: 0
08-05 03:59:13.533 24383 25490 D baseline.de.danoeh.antennapod.core.storage.PodDBAdapter@80c0893: Inserting new Feed into db
08-05 03:59:13.545 24383 24383 D OnlineFeedViewActivity: onEventMainThread() called with: event = [DownloadEvent{update=DownloaderUpdate{downloaders=[], feedIds=[], mediaIds=[]}}]
08-05 03:59:13.777 24383 24403 I art     : Starting a blocking GC Explicit
08-05 03:59:13.846 24383 24403 I art     : Explicit concurrent mark sweep GC freed 82102(5MB) AllocSpace objects, 1(20KB) LOS objects, 31% free, 34MB/50MB, paused 1.389ms total 68.695ms
08-05 03:59:13.864 24383 24403 I art     : Starting a blocking GC Explicit
08-05 03:59:13.922 24383 24403 I art     : Explicit concurrent mark sweep GC freed 22227(1660KB) AllocSpace objects, 0(0B) LOS objects, 31% free, 34MB/50MB, paused 1.467ms total 57.610ms
08-05 03:59:13.939 24383 24403 I art     : Starting a blocking GC Explicit
08-05 03:59:13.997 24383 24403 I art     : Explicit concurrent mark sweep GC freed 18592(1395KB) AllocSpace objects, 0(0B) LOS objects, 31% free, 34MB/50MB, paused 1.268ms total 57.691ms
08-05 03:59:14.014 24383 24403 I art     : Starting a blocking GC Explicit
08-05 03:59:14.039 24383 24383 D EventDistributor: Processing event queue. Number of events: 1
08-05 03:59:14.039 24383 24383 D EventDistributor: Notifying observers. Data: 1
08-05 03:59:14.039 24383 24383 D DownloadService: 0 downloads left
08-05 03:59:14.039 24383 24971 D DBReader: Extracting Feedlist
08-05 03:59:14.039 24383 24383 D DownloadService: Number of downloads is 0, attempting shutdown
08-05 03:59:14.040 24383 24383 D DownloadService: Service shutting down
08-05 03:59:14.040 24383 24383 D DownloadService: No report is created
08-05 03:59:14.041 24383 24383 D OnlineFeedViewActivity: onEventMainThread() called with: event = [DownloadEvent{update=DownloaderUpdate{downloaders=[], feedIds=[], mediaIds=[]}}]
08-05 03:59:14.042 24383 24383 D DownloadService: NotificationUpdater cancelled. Result: false
08-05 03:59:14.042 24383 25768 E downloadCompletionThd: DownloadCompletionThread was interrupted
08-05 03:59:14.045 24383 24383 D DBTasks : autodownloadUndownloadedItems
08-05 03:59:14.046 24383 25493 D NetworkUtils: Device is connected to Wi-Fi
08-05 03:59:14.046 24383 25493 D NetworkUtils: Auto-dl filter is disabled
08-05 03:59:14.068 24383 24403 I art     : Explicit concurrent mark sweep GC freed 268(32KB) AllocSpace objects, 1(20KB) LOS objects, 31% free, 34MB/50MB, paused 1.236ms total 53.595ms
08-05 03:59:14.084 24383 24403 I art     : Starting a blocking GC Explicit
08-05 03:59:14.134 24383 24403 I art     : Explicit concurrent mark sweep GC freed 30521(3MB) AllocSpace objects, 0(0B) LOS objects, 33% free, 31MB/47MB, paused 1.275ms total 48.969ms
08-05 03:59:14.482 24383 24416 I art     : Starting a blocking GC Explicit
08-05 03:59:14.530 24383 24416 I art     : Explicit concurrent mark sweep GC freed 1416(83KB) AllocSpace objects, 1(20KB) LOS objects, 33% free, 31MB/47MB, paused 1.225ms total 47.837ms
08-05 03:59:14.545 24383 24416 I art     : Starting a blocking GC Explicit
08-05 03:59:14.595 24383 24416 I art     : Explicit concurrent mark sweep GC freed 23(752B) AllocSpace objects, 0(0B) LOS objects, 33% free, 31MB/47MB, paused 1.215ms total 49.756ms
08-05 03:59:14.610 24383 24416 I art     : Starting a blocking GC Explicit
08-05 03:59:14.658 24383 24416 I art     : Explicit concurrent mark sweep GC freed 3(96B) AllocSpace objects, 0(0B) LOS objects, 33% free, 31MB/47MB, paused 1.282ms total 48.003ms
08-05 03:59:14.674 24383 24416 I art     : Starting a blocking GC Explicit
08-05 03:59:14.723 24383 24416 I art     : Explicit concurrent mark sweep GC freed 3(96B) AllocSpace objects, 0(0B) LOS objects, 33% free, 31MB/47MB, paused 1.239ms total 48.945ms
08-05 03:59:14.738 24383 24416 I art     : Starting a blocking GC Explicit
08-05 03:59:14.786 24383 24416 I art     : Explicit concurrent mark sweep GC freed 3(96B) AllocSpace objects, 0(0B) LOS objects, 33% free, 31MB/47MB, paused 1.228ms total 46.889ms
08-05 03:59:15.025 25858 25858 D AndroidRuntime: >>>>>> START com.android.internal.os.RuntimeInit uid 2000 <<<<<<
08-05 03:59:15.031 25858 25858 D AndroidRuntime: CheckJNI is OFF
08-05 03:59:15.074 25858 25858 D ICU     : No timezone override file found: /data/misc/zoneinfo/current/icu/icu_tzdata.dat
08-05 03:59:15.116 25858 25858 I Radio-JNI: register_android_hardware_Radio DONE
08-05 03:59:15.120 24383 24404 I art     : Starting a blocking GC Explicit
08-05 03:59:15.146 25858 25858 D AndroidRuntime: Calling main entry com.android.commands.input.Input
08-05 03:59:15.148 25858 25858 I Input   : injectKeyEvent: KeyEvent { action=ACTION_DOWN, keyCode=KEYCODE_BACK, scanCode=0, metaState=0, flags=0x0, repeatCount=0, eventTime=763171560, downTime=763171560, deviceId=-1, source=0x101 }
08-05 03:59:15.154 25858 25858 I Input   : injectKeyEvent: KeyEvent { action=ACTION_UP, keyCode=KEYCODE_BACK, scanCode=0, metaState=0, flags=0x0, repeatCount=0, eventTime=763171560, downTime=763171560, deviceId=-1, source=0x101 }
08-05 03:59:15.163 25858 25858 D AndroidRuntime: Shutting down VM
08-05 03:59:15.170 24383 24404 I art     : Explicit concurrent mark sweep GC freed 1398(82KB) AllocSpace objects, 1(20KB) LOS objects, 33% free, 31MB/47MB, paused 3.566ms total 49.542ms
08-05 03:59:15.170 24383 24383 V PlaybackController: initServiceNotRunning()
08-05 03:59:15.171 24383 24383 D ExternalPlayerFragment: Loading media info
08-05 03:59:15.174 24383 24383 D UserPreferences: Using default data folder
08-05 03:59:15.175 24383 24971 D DBReader: getNavDrawerData() called with: 
08-05 03:59:15.185 24383 24404 I art     : Starting a blocking GC Explicit
08-05 03:59:15.188 24383 24971 D DBReader: getDownloadedItems() called
08-05 03:59:15.189 24383 24971 D DBReader: getFavoriteIDList() called
08-05 03:59:15.190 24383 24971 D DBReader: getQueueIDList() called
08-05 03:59:15.191 24383 24971 D DBReader: Extracting Feedlist
08-05 03:59:15.205 13866 13866 I GoogleInputMethodServic: GoogleInputMethodService.onFinishInput():3138 
08-05 03:59:15.205 24383 24383 D MainActivity: getLastNavFragment() -> AddFeedFragment
08-05 03:59:15.206 13866 13866 I GoogleInputMethodServic: GoogleInputMethodService.onStartInput():1808 
08-05 03:59:15.210 24383 25373 D ApOkHttpUrlLoader: buildLoadData() called with: model = [http://static.libsyn.com/p/assets/7/1/f/3/71f3014e14ef2722/JREiTunesImage2.jpg], width = [140], height = [140]
08-05 03:59:15.231 24383 24404 I art     : Explicit concurrent mark sweep GC freed 1040(74KB) AllocSpace objects, 0(0B) LOS objects, 33% free, 31MB/47MB, paused 1.325ms total 44.904ms
08-05 03:59:15.245 24383 24404 I art     : Starting a blocking GC Explicit
08-05 03:59:15.260 24383 25373 D ApOkHttpUrlLoader: buildLoadData() called with: model = [http://static.libsyn.com/p/assets/7/1/f/3/71f3014e14ef2722/JREiTunesImage2.jpg], width = [140], height = [140]
08-05 03:59:15.287 24383 24404 I art     : Explicit concurrent mark sweep GC freed 680(42KB) AllocSpace objects, 0(0B) LOS objects, 33% free, 31MB/47MB, paused 1.436ms total 41.925ms
08-05 03:59:15.302 24383 24404 I art     : Starting a blocking GC Explicit
08-05 03:59:15.344 24383 24404 I art     : Explicit concurrent mark sweep GC freed 260(13KB) AllocSpace objects, 0(0B) LOS objects, 33% free, 31MB/47MB, paused 1.086ms total 42.146ms
08-05 03:59:15.360 24383 24404 I art     : Starting a blocking GC Explicit
08-05 03:59:15.404 24383 24404 I art     : Explicit concurrent mark sweep GC freed 22(1088B) AllocSpace objects, 0(0B) LOS objects, 33% free, 31MB/47MB, paused 1.046ms total 43.687ms
08-05 03:59:15.529   380   380 W SurfaceFlinger: couldn't log to binary event log: overflow.
08-05 03:59:15.698 24383 24416 I art     : Starting a blocking GC Explicit
08-05 03:59:15.749 24383 24416 I art     : Explicit concurrent mark sweep GC freed 2039(108KB) AllocSpace objects, 1(20KB) LOS objects, 33% free, 31MB/47MB, paused 1.208ms total 51.548ms
08-05 03:59:15.768 24383 24416 I art     : Starting a blocking GC Explicit
08-05 03:59:15.810 24383 24416 I art     : Explicit concurrent mark sweep GC freed 33335(3MB) AllocSpace objects, 2(248KB) LOS objects, 36% free, 28MB/44MB, paused 1.168ms total 41.327ms
08-05 03:59:15.822 24383 24416 I art     : Starting a blocking GC Explicit
08-05 03:59:15.857 24383 24416 I art     : Explicit concurrent mark sweep GC freed 3(96B) AllocSpace objects, 0(0B) LOS objects, 36% free, 28MB/44MB, paused 1.193ms total 34.720ms
08-05 03:59:15.869 24383 24416 I art     : Starting a blocking GC Explicit
08-05 03:59:15.904 24383 24416 I art     : Explicit concurrent mark sweep GC freed 3(96B) AllocSpace objects, 0(0B) LOS objects, 36% free, 28MB/44MB, paused 1.120ms total 34.473ms
08-05 03:59:15.916 24383 24416 I art     : Starting a blocking GC Explicit
08-05 03:59:15.951 24383 24416 I art     : Explicit concurrent mark sweep GC freed 3(96B) AllocSpace objects, 0(0B) LOS objects, 36% free, 28MB/44MB, paused 1.151ms total 34.778ms
08-05 03:59:16.277 24383 25881 I art     : Starting a blocking GC Explicit
08-05 03:59:16.319 24383 25881 I art     : Explicit concurrent mark sweep GC freed 1373(82KB) AllocSpace objects, 1(20KB) LOS objects, 36% free, 28MB/44MB, paused 1.359ms total 40.971ms
08-05 03:59:16.333 24383 25881 I art     : Starting a blocking GC Explicit
08-05 03:59:16.367 24383 25881 I art     : Explicit concurrent mark sweep GC freed 23(752B) AllocSpace objects, 0(0B) LOS objects, 36% free, 28MB/44MB, paused 1.129ms total 33.624ms
08-05 03:59:16.378 24383 25881 I art     : Starting a blocking GC Explicit
08-05 03:59:16.411 24383 25881 I art     : Explicit concurrent mark sweep GC freed 3(96B) AllocSpace objects, 0(0B) LOS objects, 36% free, 28MB/44MB, paused 1.066ms total 32.510ms
08-05 03:59:16.423 24383 25881 I art     : Starting a blocking GC Explicit
08-05 03:59:16.456 24383 25881 I art     : Explicit concurrent mark sweep GC freed 3(96B) AllocSpace objects, 0(0B) LOS objects, 36% free, 28MB/44MB, paused 1.153ms total 32.146ms
08-05 03:59:16.467 24383 25881 I art     : Starting a blocking GC Explicit
08-05 03:59:16.499 24383 25881 I art     : Explicit concurrent mark sweep GC freed 3(96B) AllocSpace objects, 0(0B) LOS objects, 36% free, 28MB/44MB, paused 1.141ms total 31.934ms
08-05 03:59:16.804 24383 24404 I art     : Starting a blocking GC Explicit
08-05 03:59:16.845 24383 24404 I art     : Explicit concurrent mark sweep GC freed 1406(81KB) AllocSpace objects, 1(20KB) LOS objects, 36% free, 28MB/44MB, paused 1.358ms total 40.380ms
08-05 03:59:16.858 24383 24404 I art     : Starting a blocking GC Explicit
08-05 03:59:16.893 24383 24404 I art     : Explicit concurrent mark sweep GC freed 29(944B) AllocSpace objects, 0(0B) LOS objects, 36% free, 28MB/44MB, paused 1.193ms total 34.590ms
08-05 03:59:16.905 24383 24404 I art     : Starting a blocking GC Explicit
08-05 03:59:16.939 24383 24404 I art     : Explicit concurrent mark sweep GC freed 9(288B) AllocSpace objects, 0(0B) LOS objects, 36% free, 28MB/44MB, paused 1.301ms total 32.940ms
08-05 03:59:16.940 25902 25902 D AndroidRuntime: >>>>>> START com.android.internal.os.RuntimeInit uid 2000 <<<<<<
08-05 03:59:16.946 25902 25902 D AndroidRuntime: CheckJNI is OFF
08-05 03:59:16.951 24383 24404 I art     : Starting a blocking GC Explicit
08-05 03:59:16.984 24383 24404 I art     : Explicit concurrent mark sweep GC freed 8(256B) AllocSpace objects, 0(0B) LOS objects, 36% free, 28MB/44MB, paused 1.447ms total 33.468ms
08-05 03:59:16.990 25902 25902 D ICU     : No timezone override file found: /data/misc/zoneinfo/current/icu/icu_tzdata.dat
08-05 03:59:16.997 24383 24404 I art     : Starting a blocking GC Explicit
08-05 03:59:17.029 24383 24404 I art     : Explicit concurrent mark sweep GC freed 9(288B) AllocSpace objects, 0(0B) LOS objects, 36% free, 28MB/44MB, paused 1.233ms total 32.476ms
08-05 03:59:17.033 25902 25902 I Radio-JNI: register_android_hardware_Radio DONE
08-05 03:59:17.061 25902 25902 D AndroidRuntime: Calling main entry com.android.commands.input.Input
08-05 03:59:17.064 25902 25902 I Input   : injectMotionEvent: MotionEvent { action=ACTION_DOWN, actionButton=0, id[0]=0, x[0]=639.0, y[0]=762.0, toolType[0]=TOOL_TYPE_UNKNOWN, buttonState=0, metaState=0, flags=0x0, edgeFlags=0x0, pointerCount=1, historySize=0, eventTime=763173476, downTime=763173476, deviceId=0, source=0x1002 }
08-05 03:59:17.069 25902 25902 I Input   : injectMotionEvent: MotionEvent { action=ACTION_UP, actionButton=0, id[0]=0, x[0]=639.0, y[0]=762.0, toolType[0]=TOOL_TYPE_UNKNOWN, buttonState=0, metaState=0, flags=0x0, edgeFlags=0x0, pointerCount=1, historySize=0, eventTime=763173476, downTime=763173476, deviceId=0, source=0x1002 }
08-05 03:59:17.071 25902 25902 D AndroidRuntime: Shutting down VM
08-05 03:59:17.138   512  2967 D audio_hw_primary: out_set_parameters: enter: usecase(1: low-latency-playback) kvpairs: routing=2
08-05 03:59:17.152   512  2967 D audio_hw_primary: select_devices: out_snd_device(2: speaker) in_snd_device(0: none)
08-05 03:59:17.152   512  2967 D msm8974_platform: platform_send_audio_calibration: sending audio calibration for snd_device(2) acdb_id(15)
08-05 03:59:17.152   512  2967 I soundtrigger: audio_extn_sound_trigger_update_device_status: device 0x2 of type 0 for Event 1
08-05 03:59:17.158 13866 13866 I GoogleInputMethodServic: GoogleInputMethodService.onFinishInput():3138 
08-05 03:59:17.159 13866 13866 I GoogleInputMethodServic: GoogleInputMethodService.onStartInput():1808 
08-05 03:59:17.164   512  2967 D audio_hw_primary: enable_snd_device: snd_device(2: speaker)
08-05 03:59:17.167   512  2967 D audio_hw_primary: enable_audio_route: apply and update mixer path: low-latency-playback speaker
08-05 03:59:17.323 24383 24404 I art     : Starting a blocking GC Explicit
08-05 03:59:17.357 24383 24404 I art     : Explicit concurrent mark sweep GC freed 1856(103KB) AllocSpace objects, 1(20KB) LOS objects, 36% free, 28MB/44MB, paused 1.165ms total 34.024ms
08-05 03:59:17.369 24383 24419 I NAPPA_EXPERIMENTATION: MetricNetworkRequestExecutionTime: REQUEST_DURATION_SYSTEM='231',REQUEST_DURATION_OKHTTP='228',REQUEST_SYNCHRONOUS='TRUE',RESPONSE_CODE='200',RESPONSE_METHOD='GET',RESPONSE_LENGTH_OKHTTP='-1',RESPONSE_LENGTH_HEADER='622',REQUEST_PROTOCOL='h2',REQUEST_URL='https://itunes.apple.com/lookup?id=360084272',
08-05 03:59:17.369 24383 24404 I art     : Starting a blocking GC Explicit
08-05 03:59:17.383   918  6110 I ActivityManager: START u0 {cmp=baseline.de.danoeh.antennapod.debug/baseline.de.danoeh.antennapod.activity.OnlineFeedViewActivity (has extras)} from uid 10691 on display 0
08-05 03:59:17.399 24383 24404 I art     : Explicit concurrent mark sweep GC freed 475(41KB) AllocSpace objects, 0(0B) LOS objects, 36% free, 28MB/44MB, paused 1.184ms total 29.971ms
08-05 03:59:17.409 13866 13866 I GoogleInputMethodServic: GoogleInputMethodService.onFinishInput():3138 
08-05 03:59:17.409 13866 13866 I GoogleInputMethodServic: GoogleInputMethodService.onStartInput():1808 
08-05 03:59:17.410 24383 24404 I art     : Starting a blocking GC Explicit
08-05 03:59:17.431 24383 24383 D UserPreferences: Using default data folder
08-05 03:59:17.433 24383 24383 D OnlineFeedViewActivity: Activity was started with url http://joeroganexp.joerogan.libsynpro.com/rss
08-05 03:59:17.435 24383 24383 D OnlineFeedViewActivity: Starting feed download
08-05 03:59:17.438 24383 24413 D DBReader: Extracting Feedlist
08-05 03:59:17.439   918  3696 D WifiService: acquireWifiLockLocked: WifiLock{Downloader type=1 binder=android.os.BinderProxy@157fb39}
08-05 03:59:17.442 24383 24413 D AntennapodHttpClient: Creating new instance of HTTP client
08-05 03:59:17.442 24383 24404 I art     : Explicit concurrent mark sweep GC freed 918(56KB) AllocSpace objects, 0(0B) LOS objects, 36% free, 28MB/44MB, paused 1.621ms total 31.873ms
08-05 03:59:17.454 24383 24404 I art     : Starting a blocking GC Explicit
08-05 03:59:17.486 24383 24413 D MYTAG   : interceptor 3a http://joeroganexp.joerogan.libsynpro.com/rss
08-05 03:59:17.486 24383 24404 I art     : Explicit concurrent mark sweep GC freed 577(40KB) AllocSpace objects, 0(0B) LOS objects, 36% free, 28MB/44MB, paused 1.195ms total 31.546ms
08-05 03:59:17.486 24383 24413 I NAPPA_EXPERIMENTATION: MetricNetworkRequestExecutionTime: REQUEST_DURATION_SYSTEM='43',REQUEST_DURATION_OKHTTP='37',REQUEST_SYNCHRONOUS='TRUE',RESPONSE_CODE='200',RESPONSE_METHOD='GET',RESPONSE_LENGTH_OKHTTP='-1',RESPONSE_LENGTH_HEADER='307892',REQUEST_PROTOCOL='http/1.1',REQUEST_URL='http://joeroganexp.joerogan.libsynpro.com/rss',
08-05 03:59:17.486 24383 24413 D HttpDownloader: Response code is 200
08-05 03:59:17.486 24383 24413 D UserPreferences: Using default data folder
08-05 03:59:17.489 24383 24413 D HttpDownloader: Getting size of download
08-05 03:59:17.489 24383 24413 D HttpDownloader: Size is -1
08-05 03:59:17.489 24383 24413 D UserPreferences: Using default data folder
08-05 03:59:17.489 24383 24413 D HttpDownloader: Free space is 20240113664
08-05 03:59:17.489 24383 24413 D HttpDownloader: Starting download
08-05 03:59:17.497 13866 13866 I GoogleInputMethodServic: GoogleInputMethodService.onFinishInput():3138 
08-05 03:59:17.497 13866 13866 I GoogleInputMethodServic: GoogleInputMethodService.onStartInput():1808 
08-05 03:59:17.499 24383 24404 I art     : Starting a blocking GC Explicit
08-05 03:59:17.522   918   936 I ActivityManager: Displayed baseline.de.danoeh.antennapod.debug/baseline.de.danoeh.antennapod.activity.OnlineFeedViewActivity: +110ms
08-05 03:59:17.535 24383 24404 I art     : Explicit concurrent mark sweep GC freed 395(24KB) AllocSpace objects, 0(0B) LOS objects, 35% free, 28MB/44MB, paused 1.333ms total 36.475ms
08-05 03:59:17.557 24383 24414 D OpenGLRenderer: endAllStagingAnimators on 0x7f994b3000 (GridView) with handle 0x7f7d589020
08-05 03:59:17.628 24383 24413 D HttpDownloader: Download was successful
08-05 03:59:17.628   918  6111 D WifiService: releaseWifiLockLocked: WifiLock{Downloader type=1 binder=android.os.BinderProxy@157fb39}
08-05 03:59:17.629 24383 24383 D OnlineFeedViewActivity: Parsing feed
08-05 03:59:17.634 24383 25936 D TypeGetter: Recognized type RSS 2.0
08-05 03:59:17.636 24383 25936 D SyndHandler: Recognized Atom namespace
08-05 03:59:17.636 24383 25936 D SyndHandler: Recognized ITunes namespace
08-05 03:59:17.636 24383 25936 D SyndHandler: Recognized media namespace
08-05 03:59:17.636 24383 25936 D SyndHandler: Recognized Content namespace
08-05 03:59:17.710   512  2967 D audio_hw_primary: disable_audio_route: reset and update mixer path: low-latency-playback speaker
08-05 03:59:17.712   512  2967 D audio_hw_primary: disable_snd_device: snd_device(2: speaker)
08-05 03:59:17.721   512  2967 I soundtrigger: audio_extn_sound_trigger_update_device_status: device 0x2 of type 0 for Event 0
08-05 03:59:17.782   380   380 W SurfaceFlinger: couldn't log to binary event log: overflow.
08-05 03:59:17.839 24383 24404 I art     : Starting a blocking GC Explicit
08-05 03:59:17.879 24383 24404 I art     : Explicit concurrent mark sweep GC freed 12764(829KB) AllocSpace objects, 4(80KB) LOS objects, 35% free, 28MB/44MB, paused 1.412ms total 39.015ms
08-05 03:59:17.891 24383 24404 I art     : Starting a blocking GC Explicit
08-05 03:59:17.918 24383 24383 D PlaybackController: Releasing PlaybackController
08-05 03:59:17.927 24383 24404 I art     : Explicit concurrent mark sweep GC freed 5856(282KB) AllocSpace objects, 0(0B) LOS objects, 35% free, 28MB/44MB, paused 1.760ms total 35.903ms
08-05 03:59:17.939 24383 24404 I art     : Starting a blocking GC Explicit
08-05 03:59:17.973 24383 24404 I art     : Explicit concurrent mark sweep GC freed 2463(129KB) AllocSpace objects, 0(0B) LOS objects, 35% free, 28MB/44MB, paused 1.539ms total 33.623ms
08-05 03:59:17.984 24383 24404 I art     : Starting a blocking GC Explicit
08-05 03:59:18.019 24383 24404 I art     : Explicit concurrent mark sweep GC freed 2602(138KB) AllocSpace objects, 0(0B) LOS objects, 35% free, 28MB/44MB, paused 2.614ms total 35.176ms
08-05 03:59:18.031 24383 24404 I art     : Starting a blocking GC Explicit
08-05 03:59:18.066 24383 24404 I art     : Explicit concurrent mark sweep GC freed 2572(131KB) AllocSpace objects, 0(0B) LOS objects, 35% free, 28MB/44MB, paused 1.426ms total 34.303ms
08-05 03:59:18.354 24383 24416 I art     : Starting a blocking GC Explicit
08-05 03:59:18.398 24383 24416 I art     : Explicit concurrent mark sweep GC freed 18868(1013KB) AllocSpace objects, 1(20KB) LOS objects, 35% free, 29MB/45MB, paused 1.647ms total 44.132ms
08-05 03:59:18.411 24383 24416 I art     : Starting a blocking GC Explicit
08-05 03:59:18.446 24383 24416 I art     : Explicit concurrent mark sweep GC freed 7226(342KB) AllocSpace objects, 0(0B) LOS objects, 35% free, 29MB/45MB, paused 1.561ms total 34.673ms
08-05 03:59:18.458 24383 24416 I art     : Starting a blocking GC Explicit
08-05 03:59:18.493 24383 24416 I art     : Explicit concurrent mark sweep GC freed 3097(154KB) AllocSpace objects, 0(0B) LOS objects, 35% free, 29MB/45MB, paused 1.458ms total 34.864ms
08-05 03:59:18.504 24383 24416 I art     : Starting a blocking GC Explicit
08-05 03:59:18.540 24383 24416 I art     : Explicit concurrent mark sweep GC freed 2693(129KB) AllocSpace objects, 0(0B) LOS objects, 35% free, 29MB/45MB, paused 1.435ms total 35.707ms
08-05 03:59:18.552 24383 24416 I art     : Starting a blocking GC Explicit
08-05 03:59:18.589 24383 24416 I art     : Explicit concurrent mark sweep GC freed 2716(138KB) AllocSpace objects, 0(0B) LOS objects, 35% free, 29MB/45MB, paused 1.514ms total 36.246ms
08-05 03:59:18.907 24383 24403 I art     : Starting a blocking GC Explicit
08-05 03:59:18.954 24383 24403 I art     : Explicit concurrent mark sweep GC freed 20496(1100KB) AllocSpace objects, 1(20KB) LOS objects, 34% free, 30MB/46MB, paused 1.680ms total 46.750ms
08-05 03:59:18.968 24383 24403 I art     : Starting a blocking GC Explicit
08-05 03:59:19.008 24383 24403 I art     : Explicit concurrent mark sweep GC freed 2956(155KB) AllocSpace objects, 0(0B) LOS objects, 34% free, 30MB/46MB, paused 1.755ms total 40.337ms
08-05 03:59:19.021 24383 24403 I art     : Starting a blocking GC Explicit
08-05 03:59:19.059 24383 24403 I art     : Explicit concurrent mark sweep GC freed 8051(396KB) AllocSpace objects, 0(0B) LOS objects, 34% free, 29MB/45MB, paused 1.690ms total 37.807ms
08-05 03:59:19.072 24383 24403 I art     : Starting a blocking GC Explicit
08-05 03:59:19.111 24383 24403 I art     : Explicit concurrent mark sweep GC freed 3264(166KB) AllocSpace objects, 0(0B) LOS objects, 34% free, 29MB/45MB, paused 1.506ms total 37.835ms
08-05 03:59:19.123 24383 24403 I art     : Starting a blocking GC Explicit
08-05 03:59:19.161 24383 24403 I art     : Explicit concurrent mark sweep GC freed 2953(146KB) AllocSpace objects, 0(0B) LOS objects, 34% free, 29MB/45MB, paused 1.576ms total 37.945ms
08-05 03:59:19.496 24383 24403 I art     : Starting a blocking GC Explicit
08-05 03:59:19.548 24383 24403 I art     : Explicit concurrent mark sweep GC freed 21779(1191KB) AllocSpace objects, 1(20KB) LOS objects, 34% free, 30MB/46MB, paused 1.723ms total 52.531ms
08-05 03:59:19.563 24383 24403 I art     : Starting a blocking GC Explicit
08-05 03:59:19.603 24383 24403 I art     : Explicit concurrent mark sweep GC freed 8589(413KB) AllocSpace objects, 0(0B) LOS objects, 34% free, 30MB/46MB, paused 2.346ms total 39.326ms
08-05 03:59:19.615 24383 24403 I art     : Starting a blocking GC Explicit
08-05 03:59:19.654 24383 24403 I art     : Explicit concurrent mark sweep GC freed 3734(195KB) AllocSpace objects, 0(0B) LOS objects, 34% free, 30MB/46MB, paused 1.779ms total 38.627ms
08-05 03:59:19.667 24383 24403 I art     : Starting a blocking GC Explicit
08-05 03:59:19.709 24383 24403 I art     : Explicit concurrent mark sweep GC freed 3110(168KB) AllocSpace objects, 0(0B) LOS objects, 34% free, 30MB/46MB, paused 1.959ms total 41.815ms
08-05 03:59:19.723 24383 24403 I art     : Starting a blocking GC Explicit
08-05 03:59:19.764 24383 24403 I art     : Explicit concurrent mark sweep GC freed 3166(177KB) AllocSpace objects, 0(0B) LOS objects, 34% free, 30MB/46MB, paused 1.657ms total 40.604ms
08-05 03:59:20.090 24383 24404 I art     : Starting a blocking GC Explicit
08-05 03:59:20.142 24383 24404 I art     : Explicit concurrent mark sweep GC freed 21126(1131KB) AllocSpace objects, 1(20KB) LOS objects, 33% free, 31MB/47MB, paused 1.870ms total 51.458ms
08-05 03:59:20.157 24383 24404 I art     : Starting a blocking GC Explicit
08-05 03:59:20.198 24383 24404 I art     : Explicit concurrent mark sweep GC freed 8606(413KB) AllocSpace objects, 0(0B) LOS objects, 34% free, 31MB/47MB, paused 1.730ms total 41.034ms
08-05 03:59:20.211 24383 24404 I art     : Starting a blocking GC Explicit
08-05 03:59:20.252 24383 24404 I art     : Explicit concurrent mark sweep GC freed 3763(189KB) AllocSpace objects, 0(0B) LOS objects, 33% free, 31MB/47MB, paused 1.591ms total 40.590ms
08-05 03:59:20.266 24383 24404 I art     : Starting a blocking GC Explicit
08-05 03:59:20.309 24383 24404 I art     : Explicit concurrent mark sweep GC freed 3394(208KB) AllocSpace objects, 0(0B) LOS objects, 33% free, 31MB/47MB, paused 2.019ms total 43.098ms
08-05 03:59:20.322 24383 24404 I art     : Starting a blocking GC Explicit
08-05 03:59:20.365 24383 24404 I art     : Explicit concurrent mark sweep GC freed 3370(201KB) AllocSpace objects, 0(0B) LOS objects, 33% free, 31MB/47MB, paused 1.740ms total 41.906ms
08-05 03:59:20.685 24383 24403 I art     : Starting a blocking GC Explicit
08-05 03:59:20.771 24383 24403 I art     : Explicit concurrent mark sweep GC freed 23369(1019KB) AllocSpace objects, 1(20KB) LOS objects, 33% free, 31MB/47MB, paused 1.917ms total 85.583ms
08-05 03:59:20.786 24383 24403 I art     : Starting a blocking GC Explicit
08-05 03:59:20.829 24383 24403 I art     : Explicit concurrent mark sweep GC freed 7872(364KB) AllocSpace objects, 0(0B) LOS objects, 33% free, 31MB/47MB, paused 1.734ms total 42.578ms
08-05 03:59:20.843 24383 24403 I art     : Starting a blocking GC Explicit
08-05 03:59:20.885 24383 24403 I art     : Explicit concurrent mark sweep GC freed 5561(255KB) AllocSpace objects, 0(0B) LOS objects, 33% free, 31MB/47MB, paused 1.585ms total 42.618ms
08-05 03:59:20.900 24383 24403 I art     : Starting a blocking GC Explicit
08-05 03:59:20.909 24383 25936 D OnlineFeedViewActivity: Deleted feed source file. Result: true
08-05 03:59:20.920 24383 24383 D OnlineFeedViewActivity: Removing HTML from shownotes
08-05 03:59:20.944 24383 24403 I art     : Explicit concurrent mark sweep GC freed 8584(618KB) AllocSpace objects, 27(1836KB) LOS objects, 33% free, 32MB/48MB, paused 1.463ms total 44.224ms
08-05 03:59:20.959 24383 24403 I art     : Starting a blocking GC Explicit
08-05 03:59:21.009 24383 24403 I art     : Explicit concurrent mark sweep GC freed 31006(2MB) AllocSpace objects, 136(9MB) LOS objects, 32% free, 33MB/49MB, paused 1.440ms total 49.941ms
08-05 03:59:21.308 24383 24416 I art     : Starting a blocking GC Explicit
08-05 03:59:21.370 24383 24416 I art     : Explicit concurrent mark sweep GC freed 49102(4MB) AllocSpace objects, 213(14MB) LOS objects, 32% free, 33MB/49MB, paused 1.878ms total 61.922ms
08-05 03:59:21.389 24383 24416 I art     : Starting a blocking GC Explicit
08-05 03:59:21.440 24383 24416 I art     : Explicit concurrent mark sweep GC freed 50269(4MB) AllocSpace objects, 231(15MB) LOS objects, 32% free, 33MB/49MB, paused 1.450ms total 51.114ms
08-05 03:59:21.455 24383 24416 I art     : Starting a blocking GC Explicit
08-05 03:59:21.506 24383 24416 I art     : Explicit concurrent mark sweep GC freed 46868(5MB) AllocSpace objects, 328(21MB) LOS objects, 33% free, 31MB/47MB, paused 1.649ms total 51.163ms
08-05 03:59:21.510 24383 24383 I Choreographer: Skipped 34 frames!  The application may be doing too much work on its main thread.
08-05 03:59:21.526 24383 24416 I art     : Starting a blocking GC Explicit
08-05 03:59:21.572 24383 24416 I art     : Explicit concurrent mark sweep GC freed 1426(89KB) AllocSpace objects, 1(68KB) LOS objects, 33% free, 31MB/47MB, paused 1.158ms total 45.690ms
08-05 03:59:21.585 24383 24416 I art     : Starting a blocking GC Explicit
08-05 03:59:21.631 24383 24416 I art     : Explicit concurrent mark sweep GC freed 555(27KB) AllocSpace objects, 1(112KB) LOS objects, 33% free, 31MB/47MB, paused 1.291ms total 44.955ms
08-05 03:59:21.846 26010 26010 D AndroidRuntime: >>>>>> START com.android.internal.os.RuntimeInit uid 2000 <<<<<<
08-05 03:59:21.853 26010 26010 D AndroidRuntime: CheckJNI is OFF
08-05 03:59:21.896 26010 26010 D ICU     : No timezone override file found: /data/misc/zoneinfo/current/icu/icu_tzdata.dat
08-05 03:59:21.938 26010 26010 I Radio-JNI: register_android_hardware_Radio DONE
08-05 03:59:21.954 24383 25881 I art     : Starting a blocking GC Explicit
08-05 03:59:21.968 26010 26010 D AndroidRuntime: Calling main entry com.android.commands.input.Input
08-05 03:59:21.970 26010 26010 I Input   : injectKeyEvent: KeyEvent { action=ACTION_DOWN, keyCode=KEYCODE_BACK, scanCode=0, metaState=0, flags=0x0, repeatCount=0, eventTime=763178383, downTime=763178383, deviceId=-1, source=0x101 }
08-05 03:59:21.977 26010 26010 I Input   : injectKeyEvent: KeyEvent { action=ACTION_UP, keyCode=KEYCODE_BACK, scanCode=0, metaState=0, flags=0x0, repeatCount=0, eventTime=763178383, downTime=763178383, deviceId=-1, source=0x101 }
08-05 03:59:21.985 26010 26010 D AndroidRuntime: Shutting down VM
08-05 03:59:21.991 24383 24383 V PlaybackController: initServiceNotRunning()
08-05 03:59:21.991 24383 24383 D ExternalPlayerFragment: Loading media info
08-05 03:59:21.995 24383 24383 D UserPreferences: Using default data folder
08-05 03:59:21.997 24383 24413 D DBReader: getNavDrawerData() called with: 
08-05 03:59:22.001 24383 25881 I art     : Explicit concurrent mark sweep GC freed 1620(95KB) AllocSpace objects, 1(20KB) LOS objects, 33% free, 31MB/47MB, paused 1.798ms total 46.948ms
08-05 03:59:22.012 24383 24413 D DBReader: getDownloadedItems() called
08-05 03:59:22.013 24383 24413 D DBReader: getFavoriteIDList() called
08-05 03:59:22.014 24383 24413 D DBReader: getQueueIDList() called
08-05 03:59:22.015 24383 24413 D DBReader: Extracting Feedlist
08-05 03:59:22.016 24383 25881 I art     : Starting a blocking GC Explicit
08-05 03:59:22.025 24254 24254 I Atfwd_Sendcmd: AtCmdFwd service not ready - Exhausted retry attempts - :6
08-05 03:59:22.025 24254 24254 I Atfwd_Daemon: result : -1 	 ,Init step :2 	 ,qmiErrorCode: 0
08-05 03:59:22.026 13866 13866 I GoogleInputMethodServic: GoogleInputMethodService.onFinishInput():3138 
08-05 03:59:22.026 24383 24383 D MainActivity: getLastNavFragment() -> AddFeedFragment
08-05 03:59:22.027 13866 13866 I GoogleInputMethodServic: GoogleInputMethodService.onStartInput():1808 
08-05 03:59:22.059 24383 25881 I art     : Explicit concurrent mark sweep GC freed 799(54KB) AllocSpace objects, 0(0B) LOS objects, 33% free, 31MB/47MB, paused 1.359ms total 42.033ms
08-05 03:59:22.073 24383 25881 I art     : Starting a blocking GC Explicit
08-05 03:59:22.114 24383 25881 I art     : Explicit concurrent mark sweep GC freed 454(22KB) AllocSpace objects, 0(0B) LOS objects, 33% free, 31MB/47MB, paused 1.085ms total 40.501ms
08-05 03:59:22.128 24383 25881 I art     : Starting a blocking GC Explicit
08-05 03:59:22.175 24383 25881 I art     : Explicit concurrent mark sweep GC freed 77(4KB) AllocSpace objects, 0(0B) LOS objects, 33% free, 31MB/47MB, paused 1.172ms total 46.206ms
08-05 03:59:22.191 24383 25881 I art     : Starting a blocking GC Explicit
08-05 03:59:22.247 24383 25881 I art     : Explicit concurrent mark sweep GC freed 3(96B) AllocSpace objects, 0(0B) LOS objects, 33% free, 31MB/47MB, paused 1.260ms total 55.577ms
08-05 03:59:22.337   380   380 W SurfaceFlinger: couldn't log to binary event log: overflow.
08-05 03:59:22.550 24383 24404 I art     : Starting a blocking GC Explicit
08-05 03:59:22.609 24383 24404 I art     : Explicit concurrent mark sweep GC freed 1998(106KB) AllocSpace objects, 1(20KB) LOS objects, 33% free, 31MB/47MB, paused 1.547ms total 58.822ms
08-05 03:59:22.626 24383 24404 I art     : Starting a blocking GC Explicit
08-05 03:59:22.674 24383 24404 I art     : Explicit concurrent mark sweep GC freed 37(1440B) AllocSpace objects, 0(0B) LOS objects, 33% free, 31MB/47MB, paused 1.210ms total 47.113ms
08-05 03:59:22.689 24383 24404 I art     : Starting a blocking GC Explicit
08-05 03:59:22.738 24383 24404 I art     : Explicit concurrent mark sweep GC freed 3(96B) AllocSpace objects, 0(0B) LOS objects, 33% free, 31MB/47MB, paused 1.410ms total 48.626ms
08-05 03:59:22.753 24383 24404 I art     : Starting a blocking GC Explicit
08-05 03:59:22.802 24383 24404 I art     : Explicit concurrent mark sweep GC freed 3(96B) AllocSpace objects, 0(0B) LOS objects, 33% free, 31MB/47MB, paused 1.230ms total 48.353ms
08-05 03:59:22.817 24383 24404 I art     : Starting a blocking GC Explicit
08-05 03:59:22.866 24383 24404 I art     : Explicit concurrent mark sweep GC freed 3(96B) AllocSpace objects, 0(0B) LOS objects, 33% free, 31MB/47MB, paused 1.209ms total 48.711ms
08-05 03:59:23.186 24383 24416 I art     : Starting a blocking GC Explicit
08-05 03:59:23.247 24383 24416 I art     : Explicit concurrent mark sweep GC freed 1477(88KB) AllocSpace objects, 1(20KB) LOS objects, 33% free, 31MB/47MB, paused 1.213ms total 60.435ms
08-05 03:59:23.262 24383 24416 I art     : Starting a blocking GC Explicit
08-05 03:59:23.301 24383 24416 I art     : Explicit concurrent mark sweep GC freed 33168(3MB) AllocSpace objects, 1(28KB) LOS objects, 36% free, 28MB/44MB, paused 1.218ms total 38.760ms
08-05 03:59:23.312 24383 24416 I art     : Starting a blocking GC Explicit
08-05 03:59:23.345 24383 24416 I art     : Explicit concurrent mark sweep GC freed 3(96B) AllocSpace objects, 0(0B) LOS objects, 36% free, 28MB/44MB, paused 1.175ms total 31.989ms
08-05 03:59:23.356 24383 24416 I art     : Starting a blocking GC Explicit
08-05 03:59:23.389 24383 24416 I art     : Explicit concurrent mark sweep GC freed 3(96B) AllocSpace objects, 0(0B) LOS objects, 36% free, 28MB/44MB, paused 1.193ms total 32.800ms
08-05 03:59:23.401 24383 24416 I art     : Starting a blocking GC Explicit
08-05 03:59:23.434 24383 24416 I art     : Explicit concurrent mark sweep GC freed 3(96B) AllocSpace objects, 0(0B) LOS objects, 36% free, 28MB/44MB, paused 1.120ms total 33.302ms
08-05 03:59:23.745 24383 24403 I art     : Starting a blocking GC Explicit
08-05 03:59:23.778 26053 26053 D AndroidRuntime: >>>>>> START com.android.internal.os.RuntimeInit uid 2000 <<<<<<
08-05 03:59:23.782 24383 24403 I art     : Explicit concurrent mark sweep GC freed 1422(82KB) AllocSpace objects, 1(20KB) LOS objects, 36% free, 28MB/44MB, paused 1.524ms total 36.824ms
08-05 03:59:23.785 26053 26053 D AndroidRuntime: CheckJNI is OFF
08-05 03:59:23.795 24383 24403 I art     : Starting a blocking GC Explicit
08-05 03:59:23.829 24383 24403 I art     : Explicit concurrent mark sweep GC freed 29(944B) AllocSpace objects, 0(0B) LOS objects, 36% free, 28MB/44MB, paused 1.377ms total 34.026ms
08-05 03:59:23.830 26053 26053 D ICU     : No timezone override file found: /data/misc/zoneinfo/current/icu/icu_tzdata.dat
08-05 03:59:23.841 24383 24403 I art     : Starting a blocking GC Explicit
08-05 03:59:23.874 24383 24403 I art     : Explicit concurrent mark sweep GC freed 6(192B) AllocSpace objects, 0(0B) LOS objects, 36% free, 28MB/44MB, paused 1.277ms total 32.431ms
08-05 03:59:23.874 26053 26053 I Radio-JNI: register_android_hardware_Radio DONE
08-05 03:59:23.885 24383 24403 I art     : Starting a blocking GC Explicit
08-05 03:59:23.905 26053 26053 D AndroidRuntime: Calling main entry com.android.commands.input.Input
08-05 03:59:23.907 26053 26053 I Input   : injectMotionEvent: MotionEvent { action=ACTION_DOWN, actionButton=0, id[0]=0, x[0]=616.0, y[0]=469.0, toolType[0]=TOOL_TYPE_UNKNOWN, buttonState=0, metaState=0, flags=0x0, edgeFlags=0x0, pointerCount=1, historySize=0, eventTime=763180319, downTime=763180319, deviceId=0, source=0x1002 }
08-05 03:59:23.913 26053 26053 I Input   : injectMotionEvent: MotionEvent { action=ACTION_UP, actionButton=0, id[0]=0, x[0]=616.0, y[0]=469.0, toolType[0]=TOOL_TYPE_UNKNOWN, buttonState=0, metaState=0, flags=0x0, edgeFlags=0x0, pointerCount=1, historySize=0, eventTime=763180319, downTime=763180319, deviceId=0, source=0x1002 }
08-05 03:59:23.915 26053 26053 D AndroidRuntime: Shutting down VM
08-05 03:59:23.917 24383 24403 I art     : Explicit concurrent mark sweep GC freed 18(544B) AllocSpace objects, 0(0B) LOS objects, 36% free, 28MB/44MB, paused 1.304ms total 31.317ms
08-05 03:59:23.928 24383 24403 I art     : Starting a blocking GC Explicit
08-05 03:59:23.959 24383 24403 I art     : Explicit concurrent mark sweep GC freed 28(1328B) AllocSpace objects, 0(0B) LOS objects, 36% free, 28MB/44MB, paused 1.112ms total 30.839ms
08-05 03:59:23.959 24383 24401 I art     : WaitForGcToComplete blocked for 5.453ms for cause HeapTrim
08-05 03:59:23.981   512  2967 D audio_hw_primary: out_set_parameters: enter: usecase(1: low-latency-playback) kvpairs: routing=2
08-05 03:59:23.994   512  2967 D audio_hw_primary: select_devices: out_snd_device(2: speaker) in_snd_device(0: none)
08-05 03:59:23.995   512  2967 D msm8974_platform: platform_send_audio_calibration: sending audio calibration for snd_device(2) acdb_id(15)
08-05 03:59:23.995   512  2967 I soundtrigger: audio_extn_sound_trigger_update_device_status: device 0x2 of type 0 for Event 1
08-05 03:59:23.995 13866 13866 I GoogleInputMethodServic: GoogleInputMethodService.onFinishInput():3138 
08-05 03:59:23.996 13866 13866 I GoogleInputMethodServic: GoogleInputMethodService.onStartInput():1808 
08-05 03:59:24.007   512  2967 D audio_hw_primary: enable_snd_device: snd_device(2: speaker)
08-05 03:59:24.010   512  2967 D audio_hw_primary: enable_audio_route: apply and update mixer path: low-latency-playback speaker
08-05 03:59:24.195   518   646 I ThermalEngine: ACTION: GPU - Setting GPU[0] to 510000000
08-05 03:59:24.242 24383 24971 I NAPPA_EXPERIMENTATION: MetricNetworkRequestExecutionTime: REQUEST_DURATION_SYSTEM='262',REQUEST_DURATION_OKHTTP='261',REQUEST_SYNCHRONOUS='TRUE',RESPONSE_CODE='200',RESPONSE_METHOD='GET',RESPONSE_LENGTH_OKHTTP='-1',RESPONSE_LENGTH_HEADER='628',REQUEST_PROTOCOL='h2',REQUEST_URL='https://itunes.apple.com/lookup?id=1524080195',
08-05 03:59:24.245 24383 24404 I art     : Starting a blocking GC Explicit
08-05 03:59:24.261   918   929 I ActivityManager: START u0 {cmp=baseline.de.danoeh.antennapod.debug/baseline.de.danoeh.antennapod.activity.OnlineFeedViewActivity (has extras)} from uid 10691 on display 0
08-05 03:59:24.273 24383 24404 I art     : Explicit concurrent mark sweep GC freed 2054(131KB) AllocSpace objects, 1(20KB) LOS objects, 36% free, 28MB/44MB, paused 853us total 27.718ms
08-05 03:59:24.280 13866 13866 I GoogleInputMethodServic: GoogleInputMethodService.onFinishInput():3138 
08-05 03:59:24.281 24383 24404 I art     : Starting a blocking GC Explicit
08-05 03:59:24.281 13866 13866 I GoogleInputMethodServic: GoogleInputMethodService.onStartInput():1808 
08-05 03:59:24.301 24383 24383 D UserPreferences: Using default data folder
08-05 03:59:24.302 24383 24383 D OnlineFeedViewActivity: Activity was started with url https://rss.art19.com/nice-white-parents
08-05 03:59:24.304 24383 24383 D OnlineFeedViewActivity: Starting feed download
08-05 03:59:24.306 24383 24419 D DBReader: Extracting Feedlist
08-05 03:59:24.309 24383 24404 I art     : Explicit concurrent mark sweep GC freed 952(52KB) AllocSpace objects, 0(0B) LOS objects, 36% free, 28MB/44MB, paused 1.277ms total 27.623ms
08-05 03:59:24.310   918  6112 D WifiService: acquireWifiLockLocked: WifiLock{Downloader type=1 binder=android.os.BinderProxy@9a50df4}
08-05 03:59:24.310 24383 24419 D AntennapodHttpClient: Creating new instance of HTTP client
08-05 03:59:24.318 24383 24404 I art     : Starting a blocking GC Explicit
08-05 03:59:24.342 24383 24404 I art     : Explicit concurrent mark sweep GC freed 556(43KB) AllocSpace objects, 0(0B) LOS objects, 36% free, 28MB/44MB, paused 947us total 24.453ms
08-05 03:59:24.351 24383 24404 I art     : Starting a blocking GC Explicit
08-05 03:59:24.366 13866 13866 I GoogleInputMethodServic: GoogleInputMethodService.onFinishInput():3138 
08-05 03:59:24.367 13866 13866 I GoogleInputMethodServic: GoogleInputMethodService.onStartInput():1808 
08-05 03:59:24.377 24383 24404 I art     : Explicit concurrent mark sweep GC freed 231(9KB) AllocSpace objects, 0(0B) LOS objects, 35% free, 28MB/44MB, paused 1.270ms total 25.419ms
08-05 03:59:24.385 24383 24404 I art     : Starting a blocking GC Explicit
08-05 03:59:24.397   918   936 I ActivityManager: Displayed baseline.de.danoeh.antennapod.debug/baseline.de.danoeh.antennapod.activity.OnlineFeedViewActivity: +117ms
08-05 03:59:24.414 24383 24404 I art     : Explicit concurrent mark sweep GC freed 48(2096B) AllocSpace objects, 0(0B) LOS objects, 35% free, 28MB/44MB, paused 886us total 27.979ms
08-05 03:59:24.560   512  2967 D audio_hw_primary: disable_audio_route: reset and update mixer path: low-latency-playback speaker
08-05 03:59:24.563   512  2967 D audio_hw_primary: disable_snd_device: snd_device(2: speaker)
08-05 03:59:24.570   512  2967 I soundtrigger: audio_extn_sound_trigger_update_device_status: device 0x2 of type 0 for Event 0
08-05 03:59:24.645   380   380 W SurfaceFlinger: couldn't log to binary event log: overflow.
08-05 03:59:24.708 24383 25881 I art     : Starting a blocking GC Explicit
08-05 03:59:24.732 24383 25881 I art     : Explicit concurrent mark sweep GC freed 1421(83KB) AllocSpace objects, 1(20KB) LOS objects, 35% free, 28MB/44MB, paused 824us total 24.496ms
08-05 03:59:24.742 24383 25881 I art     : Starting a blocking GC Explicit
08-05 03:59:24.769 24383 25881 I art     : Explicit concurrent mark sweep GC freed 23(752B) AllocSpace objects, 0(0B) LOS objects, 35% free, 28MB/44MB, paused 913us total 26.809ms
08-05 03:59:24.778 24383 25881 I art     : Starting a blocking GC Explicit
08-05 03:59:24.778 24383 24383 D PlaybackController: Releasing PlaybackController
08-05 03:59:24.804 24383 25881 I art     : Explicit concurrent mark sweep GC freed 233(11KB) AllocSpace objects, 0(0B) LOS objects, 35% free, 28MB/44MB, paused 958us total 25.976ms
08-05 03:59:24.813 24383 25881 I art     : Starting a blocking GC Explicit
08-05 03:59:24.840 24383 25881 I art     : Explicit concurrent mark sweep GC freed 1785(107KB) AllocSpace objects, 2(120KB) LOS objects, 35% free, 28MB/44MB, paused 1.385ms total 26.757ms
08-05 03:59:24.848 24383 25881 I art     : Starting a blocking GC Explicit
08-05 03:59:24.874 24383 25881 I art     : Explicit concurrent mark sweep GC freed 3649(222KB) AllocSpace objects, 1(80KB) LOS objects, 35% free, 28MB/44MB, paused 901us total 25.791ms
08-05 03:59:25.009 24383 24419 D MYTAG   : interceptor 3a https://rss.art19.com/nice-white-parents
08-05 03:59:25.010 24383 24419 I NAPPA_EXPERIMENTATION: MetricNetworkRequestExecutionTime: REQUEST_DURATION_SYSTEM='697',REQUEST_DURATION_OKHTTP='154',REQUEST_SYNCHRONOUS='TRUE',RESPONSE_CODE='200',RESPONSE_METHOD='GET',RESPONSE_LENGTH_OKHTTP='-1',RESPONSE_LENGTH_HEADER='1803',REQUEST_PROTOCOL='h2',REQUEST_URL='https://rss.art19.com/nice-white-parents',
08-05 03:59:25.010 24383 24419 D HttpDownloader: Response code is 200
08-05 03:59:25.010 24383 24419 D UserPreferences: Using default data folder
08-05 03:59:25.012 24383 24419 D HttpDownloader: Getting size of download
08-05 03:59:25.012 24383 24419 D HttpDownloader: Size is -1
08-05 03:59:25.012 24383 24419 D UserPreferences: Using default data folder
08-05 03:59:25.013 24383 24419 D HttpDownloader: Free space is 20240113664
08-05 03:59:25.013 24383 24419 D HttpDownloader: Starting download
08-05 03:59:25.049 24383 24419 D HttpDownloader: Download was successful
08-05 03:59:25.050   918  5952 D WifiService: releaseWifiLockLocked: WifiLock{Downloader type=1 binder=android.os.BinderProxy@9a50df4}
08-05 03:59:25.059 24383 24383 D OnlineFeedViewActivity: Parsing feed
08-05 03:59:25.063 24383 26107 D TypeGetter: Recognized type RSS 2.0
08-05 03:59:25.065 24383 26107 D SyndHandler: Recognized ITunes namespace
08-05 03:59:25.065 24383 26107 D SyndHandler: Recognized Atom namespace
08-05 03:59:25.065 24383 26107 D SyndHandler: Recognized Content namespace
08-05 03:59:25.071 24383 26107 D OnlineFeedViewActivity: Deleted feed source file. Result: true
08-05 03:59:25.075 24383 24383 D OnlineFeedViewActivity: Removing HTML from shownotes
08-05 03:59:25.163 24383 24404 I art     : Starting a blocking GC Explicit
08-05 03:59:25.194 24383 24404 I art     : Explicit concurrent mark sweep GC freed 3565(370KB) AllocSpace objects, 5(148KB) LOS objects, 35% free, 28MB/44MB, paused 969us total 30.800ms
08-05 03:59:25.198   518   646 I ThermalEngine: ACTION: GPU - Setting GPU[0] to 450000000
08-05 03:59:25.206 24383 24404 I art     : Starting a blocking GC Explicit
08-05 03:59:25.243 24383 24404 I art     : Explicit concurrent mark sweep GC freed 676(32KB) AllocSpace objects, 1(112KB) LOS objects, 35% free, 28MB/44MB, paused 1.581ms total 36.579ms
08-05 03:59:25.256 24383 24404 I art     : Starting a blocking GC Explicit
08-05 03:59:25.292 24383 24404 I art     : Explicit concurrent mark sweep GC freed 3(96B) AllocSpace objects, 0(0B) LOS objects, 35% free, 28MB/44MB, paused 1.228ms total 36.104ms
08-05 03:59:25.304 24383 24404 I art     : Starting a blocking GC Explicit
08-05 03:59:25.342 24383 24404 I art     : Explicit concurrent mark sweep GC freed 3(96B) AllocSpace objects, 0(0B) LOS objects, 35% free, 28MB/44MB, paused 1.246ms total 37.039ms
08-05 03:59:25.354 24383 24404 I art     : Starting a blocking GC Explicit
08-05 03:59:25.391 24383 24404 I art     : Explicit concurrent mark sweep GC freed 3(96B) AllocSpace objects, 0(0B) LOS objects, 35% free, 28MB/44MB, paused 1.242ms total 36.085ms
08-05 03:59:25.719 24383 25881 I art     : Starting a blocking GC Explicit
08-05 03:59:25.768 24383 25881 I art     : Explicit concurrent mark sweep GC freed 1402(81KB) AllocSpace objects, 1(20KB) LOS objects, 35% free, 28MB/44MB, paused 1.301ms total 48.747ms
08-05 03:59:25.782 24383 25881 I art     : Starting a blocking GC Explicit
08-05 03:59:25.821 24383 25881 I art     : Explicit concurrent mark sweep GC freed 23(752B) AllocSpace objects, 0(0B) LOS objects, 35% free, 28MB/44MB, paused 1.238ms total 38.939ms
08-05 03:59:25.833 24383 25881 I art     : Starting a blocking GC Explicit
08-05 03:59:25.872 24383 25881 I art     : Explicit concurrent mark sweep GC freed 3(96B) AllocSpace objects, 0(0B) LOS objects, 35% free, 28MB/44MB, paused 1.282ms total 38.386ms
08-05 03:59:25.884 24383 25881 I art     : Starting a blocking GC Explicit
08-05 03:59:25.924 24383 25881 I art     : Explicit concurrent mark sweep GC freed 3(96B) AllocSpace objects, 0(0B) LOS objects, 35% free, 28MB/44MB, paused 1.305ms total 39.462ms
08-05 03:59:25.937 24383 25881 I art     : Starting a blocking GC Explicit
08-05 03:59:25.974 24383 25881 I art     : Explicit concurrent mark sweep GC freed 3(96B) AllocSpace objects, 0(0B) LOS objects, 35% free, 28MB/44MB, paused 1.238ms total 37.307ms
08-05 03:59:26.321 24383 24403 I art     : Starting a blocking GC Explicit
08-05 03:59:26.367 24383 24403 I art     : Explicit concurrent mark sweep GC freed 1372(80KB) AllocSpace objects, 1(20KB) LOS objects, 35% free, 28MB/44MB, paused 1.452ms total 44.773ms
08-05 03:59:26.380 24383 24403 I art     : Starting a blocking GC Explicit
08-05 03:59:26.420 24383 24403 I art     : Explicit concurrent mark sweep GC freed 23(752B) AllocSpace objects, 0(0B) LOS objects, 35% free, 28MB/44MB, paused 1.321ms total 39.828ms
08-05 03:59:26.433 24383 24403 I art     : Starting a blocking GC Explicit
08-05 03:59:26.471 24383 24403 I art     : Explicit concurrent mark sweep GC freed 3(96B) AllocSpace objects, 0(0B) LOS objects, 35% free, 28MB/44MB, paused 1.326ms total 38.431ms
08-05 03:59:26.484 24383 24403 I art     : Starting a blocking GC Explicit
08-05 03:59:26.524 24383 24403 I art     : Explicit concurrent mark sweep GC freed 32(880B) AllocSpace objects, 0(0B) LOS objects, 35% free, 28MB/44MB, paused 1.315ms total 39.625ms
08-05 03:59:26.537 24383 24403 I art     : Starting a blocking GC Explicit
08-05 03:59:26.575 24383 24403 I art     : Explicit concurrent mark sweep GC freed 3(96B) AllocSpace objects, 0(0B) LOS objects, 35% free, 28MB/44MB, paused 1.242ms total 38.003ms
08-05 03:59:26.909 24383 24403 I art     : Starting a blocking GC Explicit
08-05 03:59:26.948 24383 24403 I art     : Explicit concurrent mark sweep GC freed 1402(81KB) AllocSpace objects, 1(20KB) LOS objects, 35% free, 28MB/44MB, paused 1.323ms total 38.982ms
08-05 03:59:26.962 24383 24403 I art     : Starting a blocking GC Explicit
08-05 03:59:26.998 24383 24403 I art     : Explicit concurrent mark sweep GC freed 23(752B) AllocSpace objects, 0(0B) LOS objects, 35% free, 28MB/44MB, paused 1.274ms total 35.792ms
08-05 03:59:27.010 24383 24403 I art     : Starting a blocking GC Explicit
08-05 03:59:27.025 24254 24254 I ServiceManager: Waiting for service AtCmdFwd...
08-05 03:59:27.048 24383 24403 I art     : Explicit concurrent mark sweep GC freed 3(96B) AllocSpace objects, 0(0B) LOS objects, 35% free, 28MB/44MB, paused 1.381ms total 38.241ms
08-05 03:59:27.061 24383 24403 I art     : Starting a blocking GC Explicit
08-05 03:59:27.100 24383 24403 I art     : Explicit concurrent mark sweep GC freed 3(96B) AllocSpace objects, 0(0B) LOS objects, 35% free, 28MB/44MB, paused 1.213ms total 39.315ms
08-05 03:59:27.113 24383 24403 I art     : Starting a blocking GC Explicit
08-05 03:59:27.153 24383 24403 I art     : Explicit concurrent mark sweep GC freed 3(96B) AllocSpace objects, 0(0B) LOS objects, 35% free, 28MB/44MB, paused 1.293ms total 39.866ms
08-05 03:59:27.203   518   646 I ThermalEngine: ACTION: GPU - Setting GPU[0] to 510000000
08-05 03:59:27.467 24383 24416 I art     : Starting a blocking GC Explicit
08-05 03:59:27.505 24383 24416 I art     : Explicit concurrent mark sweep GC freed 1372(80KB) AllocSpace objects, 1(20KB) LOS objects, 35% free, 28MB/44MB, paused 1.028ms total 37.171ms
08-05 03:59:27.518 24383 24416 I art     : Starting a blocking GC Explicit
08-05 03:59:27.550 24383 24416 I art     : Explicit concurrent mark sweep GC freed 57(1888B) AllocSpace objects, 0(0B) LOS objects, 35% free, 28MB/44MB, paused 965us total 30.750ms
08-05 03:59:27.559 24383 24416 I art     : Starting a blocking GC Explicit
08-05 03:59:27.589 24383 24416 I art     : Explicit concurrent mark sweep GC freed 3(96B) AllocSpace objects, 0(0B) LOS objects, 35% free, 28MB/44MB, paused 942us total 29.092ms
08-05 03:59:27.598 24383 24416 I art     : Starting a blocking GC Explicit
08-05 03:59:27.628 24383 24416 I art     : Explicit concurrent mark sweep GC freed 3(96B) AllocSpace objects, 0(0B) LOS objects, 35% free, 28MB/44MB, paused 1.110ms total 29.261ms
08-05 03:59:27.637 24383 24416 I art     : Starting a blocking GC Explicit
08-05 03:59:27.667 24383 24416 I art     : Explicit concurrent mark sweep GC freed 3(96B) AllocSpace objects, 0(0B) LOS objects, 35% free, 28MB/44MB, paused 1.046ms total 29.279ms
08-05 03:59:27.996 24383 24404 I art     : Starting a blocking GC Explicit
08-05 03:59:28.026 24254 24254 I ServiceManager: Waiting for service AtCmdFwd...
08-05 03:59:28.033 24383 24404 I art     : Explicit concurrent mark sweep GC freed 1412(85KB) AllocSpace objects, 1(20KB) LOS objects, 35% free, 28MB/44MB, paused 1.004ms total 36.205ms
08-05 03:59:28.045 24383 24404 I art     : Starting a blocking GC Explicit
08-05 03:59:28.074 24383 24404 I art     : Explicit concurrent mark sweep GC freed 23(752B) AllocSpace objects, 0(0B) LOS objects, 35% free, 28MB/44MB, paused 879us total 28.186ms
08-05 03:59:28.083 24383 24404 I art     : Starting a blocking GC Explicit
08-05 03:59:28.113 24383 24404 I art     : Explicit concurrent mark sweep GC freed 3(96B) AllocSpace objects, 0(0B) LOS objects, 35% free, 28MB/44MB, paused 927us total 28.909ms
08-05 03:59:28.122 24383 24404 I art     : Starting a blocking GC Explicit
08-05 03:59:28.152 24383 24404 I art     : Explicit concurrent mark sweep GC freed 3(96B) AllocSpace objects, 0(0B) LOS objects, 35% free, 28MB/44MB, paused 931us total 29.498ms
08-05 03:59:28.162 24383 24404 I art     : Starting a blocking GC Explicit
08-05 03:59:28.192 24383 24404 I art     : Explicit concurrent mark sweep GC freed 3(96B) AllocSpace objects, 0(0B) LOS objects, 35% free, 28MB/44MB, paused 918us total 29.850ms
08-05 03:59:28.502 24383 25881 I art     : Starting a blocking GC Explicit
08-05 03:59:28.545 24383 25881 I art     : Explicit concurrent mark sweep GC freed 1401(81KB) AllocSpace objects, 1(20KB) LOS objects, 35% free, 28MB/44MB, paused 967us total 42.990ms
08-05 03:59:28.559 24383 25881 I art     : Starting a blocking GC Explicit
08-05 03:59:28.588 24383 25881 I art     : Explicit concurrent mark sweep GC freed 23(752B) AllocSpace objects, 0(0B) LOS objects, 35% free, 28MB/44MB, paused 941us total 28.186ms
08-05 03:59:28.597 24383 25881 I art     : Starting a blocking GC Explicit
08-05 03:59:28.626 24383 25881 I art     : Explicit concurrent mark sweep GC freed 80(6KB) AllocSpace objects, 0(0B) LOS objects, 35% free, 28MB/44MB, paused 822us total 28.655ms
08-05 03:59:28.635 24383 25881 I art     : Starting a blocking GC Explicit
08-05 03:59:28.664 24383 25881 I art     : Explicit concurrent mark sweep GC freed 43(2368B) AllocSpace objects, 0(0B) LOS objects, 35% free, 28MB/44MB, paused 851us total 28.563ms
08-05 03:59:28.674 24383 25881 I art     : Starting a blocking GC Explicit
08-05 03:59:28.703 24383 25881 I art     : Explicit concurrent mark sweep GC freed 3(96B) AllocSpace objects, 0(0B) LOS objects, 35% free, 28MB/44MB, paused 841us total 29.343ms
08-05 03:59:29.027 24254 24254 I ServiceManager: Waiting for service AtCmdFwd...
08-05 03:59:29.057 24383 24403 I art     : Starting a blocking GC Explicit
08-05 03:59:29.092 24383 24403 I art     : Explicit concurrent mark sweep GC freed 1372(80KB) AllocSpace objects, 1(20KB) LOS objects, 35% free, 28MB/44MB, paused 856us total 34.524ms
08-05 03:59:29.102 24383 24403 I art     : Starting a blocking GC Explicit
08-05 03:59:29.131 24383 24403 I art     : Explicit concurrent mark sweep GC freed 23(752B) AllocSpace objects, 0(0B) LOS objects, 35% free, 28MB/44MB, paused 803us total 28.366ms
08-05 03:59:29.140 24383 24403 I art     : Starting a blocking GC Explicit
08-05 03:59:29.169 24383 24403 I art     : Explicit concurrent mark sweep GC freed 3(96B) AllocSpace objects, 0(0B) LOS objects, 35% free, 28MB/44MB, paused 859us total 29.160ms
08-05 03:59:29.179 24383 24403 I art     : Starting a blocking GC Explicit
08-05 03:59:29.208 24383 24403 I art     : Explicit concurrent mark sweep GC freed 3(96B) AllocSpace objects, 0(0B) LOS objects, 35% free, 28MB/44MB, paused 871us total 28.738ms
08-05 03:59:29.218 24383 24403 I art     : Starting a blocking GC Explicit
08-05 03:59:29.248 24383 24403 I art     : Explicit concurrent mark sweep GC freed 3(96B) AllocSpace objects, 0(0B) LOS objects, 35% free, 28MB/44MB, paused 1.024ms total 29.661ms
08-05 03:59:29.570 24383 24416 I art     : Starting a blocking GC Explicit
08-05 03:59:29.610 24383 24416 I art     : Explicit concurrent mark sweep GC freed 1401(81KB) AllocSpace objects, 1(20KB) LOS objects, 35% free, 28MB/44MB, paused 929us total 39.729ms
08-05 03:59:29.623 24383 24416 I art     : Starting a blocking GC Explicit
08-05 03:59:29.653 24383 24416 I art     : Explicit concurrent mark sweep GC freed 23(752B) AllocSpace objects, 0(0B) LOS objects, 35% free, 28MB/44MB, paused 841us total 29.321ms
08-05 03:59:29.663 24383 24416 I art     : Starting a blocking GC Explicit
08-05 03:59:29.691 24383 24416 I art     : Explicit concurrent mark sweep GC freed 3(96B) AllocSpace objects, 0(0B) LOS objects, 35% free, 28MB/44MB, paused 806us total 28.480ms
08-05 03:59:29.701 24383 24416 I art     : Starting a blocking GC Explicit
08-05 03:59:29.730 24383 24416 I art     : Explicit concurrent mark sweep GC freed 3(96B) AllocSpace objects, 0(0B) LOS objects, 35% free, 28MB/44MB, paused 826us total 29.003ms
08-05 03:59:29.740 24383 24416 I art     : Starting a blocking GC Explicit
08-05 03:59:29.769 24383 24416 I art     : Explicit concurrent mark sweep GC freed 3(96B) AllocSpace objects, 0(0B) LOS objects, 35% free, 28MB/44MB, paused 850us total 28.878ms
08-05 03:59:30.028 24254 24254 I ServiceManager: Waiting for service AtCmdFwd...
08-05 03:59:30.095 24383 24404 I art     : Starting a blocking GC Explicit
08-05 03:59:30.131 24383 24404 I art     : Explicit concurrent mark sweep GC freed 1372(80KB) AllocSpace objects, 1(20KB) LOS objects, 35% free, 28MB/44MB, paused 902us total 36.393ms
08-05 03:59:30.143 24383 24404 I art     : Starting a blocking GC Explicit
08-05 03:59:30.172 24383 24404 I art     : Explicit concurrent mark sweep GC freed 23(752B) AllocSpace objects, 0(0B) LOS objects, 35% free, 28MB/44MB, paused 808us total 28.226ms
08-05 03:59:30.181 24383 24404 I art     : Starting a blocking GC Explicit
08-05 03:59:30.211 24383 24404 I art     : Explicit concurrent mark sweep GC freed 3(96B) AllocSpace objects, 0(0B) LOS objects, 35% free, 28MB/44MB, paused 843us total 29.281ms
08-05 03:59:30.220 24383 24404 I art     : Starting a blocking GC Explicit
08-05 03:59:30.249 24383 24404 I art     : Explicit concurrent mark sweep GC freed 3(96B) AllocSpace objects, 0(0B) LOS objects, 35% free, 28MB/44MB, paused 848us total 28.475ms
08-05 03:59:30.259 24383 24404 I art     : Starting a blocking GC Explicit
08-05 03:59:30.288 24383 24404 I art     : Explicit concurrent mark sweep GC freed 3(96B) AllocSpace objects, 0(0B) LOS objects, 35% free, 28MB/44MB, paused 816us total 28.736ms
08-05 03:59:30.587   918  1209 D NetworkMonitor/NetworkAgentInfo [WIFI () - 159]: Checking http://connectivitycheck.gstatic.com/generate_204 on "H369AA63323", 192.168.2.12=192.168.2.12
08-05 03:59:30.595 24383 25881 I art     : Starting a blocking GC Explicit
08-05 03:59:30.632 24383 25881 I art     : Explicit concurrent mark sweep GC freed 1401(81KB) AllocSpace objects, 1(20KB) LOS objects, 35% free, 28MB/44MB, paused 912us total 36.070ms
08-05 03:59:30.645 24383 25881 I art     : Starting a blocking GC Explicit
08-05 03:59:30.676 24383 25881 I art     : Explicit concurrent mark sweep GC freed 23(752B) AllocSpace objects, 0(0B) LOS objects, 35% free, 28MB/44MB, paused 834us total 30.829ms
08-05 03:59:30.684   918  1209 D NetworkMonitor/NetworkAgentInfo [WIFI () - 159]: Probably not a portal: exception java.io.IOException: unexpected end of stream on Connection{connectivitycheck.gstatic.com:80, proxy=HTTP@/192.168.2.12:8080 hostAddress=192.168.2.12 cipherSuite=none protocol=http/1.1} (recycle count=0)
08-05 03:59:30.685   918  3263 D ConnectivityService: NetworkAgentInfo [WIFI () - 159] validation failed
08-05 03:59:30.686 24383 25881 I art     : Starting a blocking GC Explicit
08-05 03:59:30.688   918  3261 E WifiConfigStore:  rewrite network history for "H369AA63323"WPA_PSK
08-05 03:59:30.714 24383 25881 I art     : Explicit concurrent mark sweep GC freed 3(96B) AllocSpace objects, 0(0B) LOS objects, 35% free, 28MB/44MB, paused 823us total 28.003ms
08-05 03:59:30.724 24383 25881 I art     : Starting a blocking GC Explicit
08-05 03:59:30.753 24383 25881 I art     : Explicit concurrent mark sweep GC freed 3(96B) AllocSpace objects, 0(0B) LOS objects, 35% free, 28MB/44MB, paused 792us total 28.798ms
08-05 03:59:30.762 24383 25881 I art     : Starting a blocking GC Explicit
08-05 03:59:30.790 24383 25881 I art     : Explicit concurrent mark sweep GC freed 3(96B) AllocSpace objects, 0(0B) LOS objects, 35% free, 28MB/44MB, paused 812us total 27.743ms
08-05 03:59:31.029 24254 24254 I ServiceManager: Waiting for service AtCmdFwd...
08-05 03:59:31.120 24383 24403 I art     : Starting a blocking GC Explicit
08-05 03:59:31.159 24383 24403 I art     : Explicit concurrent mark sweep GC freed 1372(80KB) AllocSpace objects, 1(20KB) LOS objects, 35% free, 28MB/44MB, paused 904us total 39.148ms
08-05 03:59:31.172 24383 24403 I art     : Starting a blocking GC Explicit
08-05 03:59:31.201 24383 24403 I art     : Explicit concurrent mark sweep GC freed 23(752B) AllocSpace objects, 0(0B) LOS objects, 35% free, 28MB/44MB, paused 844us total 28.792ms
08-05 03:59:31.211 24383 24403 I art     : Starting a blocking GC Explicit
08-05 03:59:31.240 24383 24403 I art     : Explicit concurrent mark sweep GC freed 3(96B) AllocSpace objects, 0(0B) LOS objects, 35% free, 28MB/44MB, paused 818us total 28.768ms
08-05 03:59:31.249 24383 24403 I art     : Starting a blocking GC Explicit
08-05 03:59:31.278 24383 24403 I art     : Explicit concurrent mark sweep GC freed 3(96B) AllocSpace objects, 0(0B) LOS objects, 35% free, 28MB/44MB, paused 902us total 28.836ms
08-05 03:59:31.288 24383 24403 I art     : Starting a blocking GC Explicit
08-05 03:59:31.316 24383 24403 I art     : Explicit concurrent mark sweep GC freed 3(96B) AllocSpace objects, 0(0B) LOS objects, 35% free, 28MB/44MB, paused 818us total 27.948ms
08-05 03:59:31.639 24383 24416 I art     : Starting a blocking GC Explicit
08-05 03:59:31.675 24383 24416 I art     : Explicit concurrent mark sweep GC freed 1401(81KB) AllocSpace objects, 1(20KB) LOS objects, 35% free, 28MB/44MB, paused 849us total 35.998ms
08-05 03:59:31.690 24383 24416 I art     : Starting a blocking GC Explicit
08-05 03:59:31.719 24383 24416 I art     : Explicit concurrent mark sweep GC freed 23(752B) AllocSpace objects, 0(0B) LOS objects, 35% free, 28MB/44MB, paused 838us total 28.302ms
08-05 03:59:31.728 24383 24416 I art     : Starting a blocking GC Explicit
08-05 03:59:31.757 24383 24416 I art     : Explicit concurrent mark sweep GC freed 3(96B) AllocSpace objects, 0(0B) LOS objects, 35% free, 28MB/44MB, paused 943us total 28.884ms
08-05 03:59:31.767 24383 24416 I art     : Starting a blocking GC Explicit
08-05 03:59:31.795 24383 24416 I art     : Explicit concurrent mark sweep GC freed 3(96B) AllocSpace objects, 0(0B) LOS objects, 35% free, 28MB/44MB, paused 815us total 28.190ms
08-05 03:59:31.805 24383 24416 I art     : Starting a blocking GC Explicit
08-05 03:59:31.833 24383 24416 I art     : Explicit concurrent mark sweep GC freed 3(96B) AllocSpace objects, 0(0B) LOS objects, 35% free, 28MB/44MB, paused 834us total 28.561ms
08-05 03:59:32.029 24254 24254 W Atfwd_Sendcmd: AtCmdFwd service not published, waiting... retryCnt : 1
08-05 03:59:32.163 24383 24404 I art     : Starting a blocking GC Explicit
08-05 03:59:32.192 24383 24404 I art     : Explicit concurrent mark sweep GC freed 1372(80KB) AllocSpace objects, 1(20KB) LOS objects, 35% free, 28MB/44MB, paused 848us total 28.745ms
08-05 03:59:32.201 24383 24404 I art     : Starting a blocking GC Explicit
08-05 03:59:32.228 24383 24404 I art     : Explicit concurrent mark sweep GC freed 23(752B) AllocSpace objects, 0(0B) LOS objects, 35% free, 28MB/44MB, paused 869us total 27.362ms
08-05 03:59:32.238 24383 24404 I art     : Starting a blocking GC Explicit
08-05 03:59:32.265 24383 24404 I art     : Explicit concurrent mark sweep GC freed 3(96B) AllocSpace objects, 0(0B) LOS objects, 35% free, 28MB/44MB, paused 856us total 26.721ms
08-05 03:59:32.274 24383 24404 I art     : Starting a blocking GC Explicit
08-05 03:59:32.301 24383 24404 I art     : Explicit concurrent mark sweep GC freed 3(96B) AllocSpace objects, 0(0B) LOS objects, 35% free, 28MB/44MB, paused 823us total 26.862ms
08-05 03:59:32.310 24383 24404 I art     : Starting a blocking GC Explicit
08-05 03:59:32.337 24383 24404 I art     : Explicit concurrent mark sweep GC freed 3(96B) AllocSpace objects, 0(0B) LOS objects, 35% free, 28MB/44MB, paused 937us total 27.062ms
08-05 03:59:32.565 26244 26244 D AndroidRuntime: >>>>>> START com.android.internal.os.RuntimeInit uid 2000 <<<<<<
08-05 03:59:32.570 26244 26244 D AndroidRuntime: CheckJNI is OFF
08-05 03:59:32.604 26244 26244 D ICU     : No timezone override file found: /data/misc/zoneinfo/current/icu/icu_tzdata.dat
08-05 03:59:32.639 26244 26244 I Radio-JNI: register_android_hardware_Radio DONE
08-05 03:59:32.647 24383 25881 I art     : Starting a blocking GC Explicit
08-05 03:59:32.661 26244 26244 D AndroidRuntime: Calling main entry com.android.commands.input.Input
08-05 03:59:32.663 26244 26244 I Input   : injectKeyEvent: KeyEvent { action=ACTION_DOWN, keyCode=KEYCODE_BACK, scanCode=0, metaState=0, flags=0x0, repeatCount=0, eventTime=763189076, downTime=763189076, deviceId=-1, source=0x101 }
08-05 03:59:32.668 26244 26244 I Input   : injectKeyEvent: KeyEvent { action=ACTION_UP, keyCode=KEYCODE_BACK, scanCode=0, metaState=0, flags=0x0, repeatCount=0, eventTime=763189076, downTime=763189076, deviceId=-1, source=0x101 }
08-05 03:59:32.674 26244 26244 D AndroidRuntime: Shutting down VM
08-05 03:59:32.677 24383 25881 I art     : Explicit concurrent mark sweep GC freed 1421(82KB) AllocSpace objects, 1(20KB) LOS objects, 35% free, 28MB/44MB, paused 1.023ms total 29.516ms
08-05 03:59:32.679 24383 24383 V PlaybackController: initServiceNotRunning()
08-05 03:59:32.680 24383 24383 D ExternalPlayerFragment: Loading media info
08-05 03:59:32.683 24383 24383 D UserPreferences: Using default data folder
08-05 03:59:32.684 24383 24419 D DBReader: getNavDrawerData() called with: 
08-05 03:59:32.686 24383 25881 I art     : Starting a blocking GC Explicit
08-05 03:59:32.694 24383 24419 D DBReader: getDownloadedItems() called
08-05 03:59:32.695 24383 24419 D DBReader: getFavoriteIDList() called
08-05 03:59:32.696 24383 24419 D DBReader: getQueueIDList() called
08-05 03:59:32.696 24383 24419 D DBReader: Extracting Feedlist
08-05 03:59:32.713 24383 25881 I art     : Explicit concurrent mark sweep GC freed 613(48KB) AllocSpace objects, 0(0B) LOS objects, 35% free, 28MB/44MB, paused 1.014ms total 26.530ms
08-05 03:59:32.714 13866 13866 I GoogleInputMethodServic: GoogleInputMethodService.onFinishInput():3138 
08-05 03:59:32.714 24383 24383 D MainActivity: getLastNavFragment() -> AddFeedFragment
08-05 03:59:32.715 13866 13866 I GoogleInputMethodServic: GoogleInputMethodService.onStartInput():1808 
08-05 03:59:32.721 24383 25881 I art     : Starting a blocking GC Explicit
08-05 03:59:32.748 24383 25881 I art     : Explicit concurrent mark sweep GC freed 743(35KB) AllocSpace objects, 0(0B) LOS objects, 35% free, 28MB/44MB, paused 852us total 26.148ms
08-05 03:59:32.757 24383 25881 I art     : Starting a blocking GC Explicit
08-05 03:59:32.782 24383 25881 I art     : Explicit concurrent mark sweep GC freed 190(11KB) AllocSpace objects, 0(0B) LOS objects, 35% free, 28MB/44MB, paused 756us total 24.777ms
08-05 03:59:32.791 24383 25881 I art     : Starting a blocking GC Explicit
08-05 03:59:32.816 24383 25881 I art     : Explicit concurrent mark sweep GC freed 5(240B) AllocSpace objects, 0(0B) LOS objects, 35% free, 28MB/44MB, paused 763us total 24.197ms
08-05 03:59:33.033   380   380 W SurfaceFlinger: couldn't log to binary event log: overflow.
08-05 03:59:33.074 24383 24404 I art     : Starting a blocking GC Explicit
08-05 03:59:33.102 24383 24404 I art     : Explicit concurrent mark sweep GC freed 1970(105KB) AllocSpace objects, 1(20KB) LOS objects, 35% free, 28MB/44MB, paused 833us total 27.421ms
08-05 03:59:33.111 24383 24404 I art     : Starting a blocking GC Explicit
08-05 03:59:33.139 24383 24404 I art     : Explicit concurrent mark sweep GC freed 2457(152KB) AllocSpace objects, 1(28KB) LOS objects, 36% free, 28MB/44MB, paused 829us total 27.336ms
08-05 03:59:33.148 24383 24404 I art     : Starting a blocking GC Explicit
08-05 03:59:33.175 24383 24404 I art     : Explicit concurrent mark sweep GC freed 3(96B) AllocSpace objects, 0(0B) LOS objects, 36% free, 28MB/44MB, paused 818us total 26.680ms
08-05 03:59:33.184 24383 24404 I art     : Starting a blocking GC Explicit
08-05 03:59:33.212 24383 24404 I art     : Explicit concurrent mark sweep GC freed 3(96B) AllocSpace objects, 0(0B) LOS objects, 36% free, 28MB/44MB, paused 826us total 27.679ms
08-05 03:59:33.221 24383 24404 I art     : Starting a blocking GC Explicit
08-05 03:59:33.249 24383 24404 I art     : Explicit concurrent mark sweep GC freed 3(96B) AllocSpace objects, 0(0B) LOS objects, 36% free, 28MB/44MB, paused 821us total 27.746ms
08-05 03:59:33.548 24383 24416 I art     : Starting a blocking GC Explicit
08-05 03:59:33.585 24383 24416 I art     : Explicit concurrent mark sweep GC freed 1403(83KB) AllocSpace objects, 1(20KB) LOS objects, 36% free, 28MB/44MB, paused 888us total 35.838ms
08-05 03:59:33.599 24383 24416 I art     : Starting a blocking GC Explicit
08-05 03:59:33.628 24383 24416 I art     : Explicit concurrent mark sweep GC freed 23(752B) AllocSpace objects, 0(0B) LOS objects, 36% free, 28MB/44MB, paused 952us total 28.164ms
08-05 03:59:33.637 24383 24416 I art     : Starting a blocking GC Explicit
08-05 03:59:33.666 24383 24416 I art     : Explicit concurrent mark sweep GC freed 3(96B) AllocSpace objects, 0(0B) LOS objects, 36% free, 28MB/44MB, paused 857us total 28.141ms
08-05 03:59:33.675 24383 24416 I art     : Starting a blocking GC Explicit
08-05 03:59:33.703 24383 24416 I art     : Explicit concurrent mark sweep GC freed 3(96B) AllocSpace objects, 0(0B) LOS objects, 36% free, 28MB/44MB, paused 838us total 27.664ms
08-05 03:59:33.713 24383 24416 I art     : Starting a blocking GC Explicit
08-05 03:59:33.740 24383 24416 I art     : Explicit concurrent mark sweep GC freed 3(96B) AllocSpace objects, 0(0B) LOS objects, 36% free, 28MB/44MB, paused 827us total 27.746ms
08-05 03:59:34.014 24383 24403 I art     : Starting a blocking GC Explicit
08-05 03:59:34.042 24383 24403 I art     : Explicit concurrent mark sweep GC freed 1373(80KB) AllocSpace objects, 1(20KB) LOS objects, 36% free, 28MB/44MB, paused 855us total 28.162ms
08-05 03:59:34.052 24383 24403 I art     : Starting a blocking GC Explicit
08-05 03:59:34.079 24383 24403 I art     : Explicit concurrent mark sweep GC freed 23(752B) AllocSpace objects, 0(0B) LOS objects, 36% free, 28MB/44MB, paused 857us total 27.287ms
08-05 03:59:34.089 24383 24403 I art     : Starting a blocking GC Explicit
08-05 03:59:34.115 24383 24403 I art     : Explicit concurrent mark sweep GC freed 3(96B) AllocSpace objects, 0(0B) LOS objects, 36% free, 28MB/44MB, paused 834us total 26.333ms
08-05 03:59:34.124 24383 24403 I art     : Starting a blocking GC Explicit
08-05 03:59:34.151 24383 24403 I art     : Explicit concurrent mark sweep GC freed 3(96B) AllocSpace objects, 0(0B) LOS objects, 36% free, 28MB/44MB, paused 840us total 26.323ms
08-05 03:59:34.160 24383 24403 I art     : Starting a blocking GC Explicit
08-05 03:59:34.187 24383 24403 I art     : Explicit concurrent mark sweep GC freed 3(96B) AllocSpace objects, 0(0B) LOS objects, 36% free, 28MB/44MB, paused 873us total 26.328ms
08-05 03:59:34.346 26289 26289 D AndroidRuntime: >>>>>> START com.android.internal.os.RuntimeInit uid 2000 <<<<<<
08-05 03:59:34.351 26289 26289 D AndroidRuntime: CheckJNI is OFF
08-05 03:59:34.384 26289 26289 D ICU     : No timezone override file found: /data/misc/zoneinfo/current/icu/icu_tzdata.dat
08-05 03:59:34.415 26289 26289 I Radio-JNI: register_android_hardware_Radio DONE
08-05 03:59:34.436 26289 26289 D AndroidRuntime: Calling main entry com.android.commands.input.Input
08-05 03:59:34.438 26289 26289 I Input   : injectKeyEvent: KeyEvent { action=ACTION_DOWN, keyCode=KEYCODE_BACK, scanCode=0, metaState=0, flags=0x0, repeatCount=0, eventTime=763190851, downTime=763190851, deviceId=-1, source=0x101 }
08-05 03:59:34.443 26289 26289 I Input   : injectKeyEvent: KeyEvent { action=ACTION_UP, keyCode=KEYCODE_BACK, scanCode=0, metaState=0, flags=0x0, repeatCount=0, eventTime=763190851, downTime=763190851, deviceId=-1, source=0x101 }
08-05 03:59:34.453 13866 13866 I GoogleInputMethodServic: GoogleInputMethodService.onFinishInput():3138 
08-05 03:59:34.453 13866 13866 I GoogleInputMethodServic: GoogleInputMethodService.onStartInput():1808 
08-05 03:59:34.457 26289 26289 D AndroidRuntime: Shutting down VM
08-05 03:59:34.462 24383 25881 I art     : Starting a blocking GC Explicit
08-05 03:59:34.489 24383 25881 I art     : Explicit concurrent mark sweep GC freed 2541(128KB) AllocSpace objects, 1(20KB) LOS objects, 36% free, 28MB/44MB, paused 796us total 27.311ms
08-05 03:59:34.498 24383 25881 I art     : Starting a blocking GC Explicit
08-05 03:59:34.523 24383 25881 I art     : Explicit concurrent mark sweep GC freed 2687(178KB) AllocSpace objects, 9(1540KB) LOS objects, 37% free, 26MB/42MB, paused 798us total 25.418ms
08-05 03:59:34.532 24383 25881 I art     : Starting a blocking GC Explicit
08-05 03:59:34.558 24383 25881 I art     : Explicit concurrent mark sweep GC freed 28(1216B) AllocSpace objects, 0(0B) LOS objects, 37% free, 26MB/42MB, paused 825us total 26.015ms
08-05 03:59:34.568 24383 25881 I art     : Starting a blocking GC Explicit
08-05 03:59:34.594 24383 25881 I art     : Explicit concurrent mark sweep GC freed 23(896B) AllocSpace objects, 0(0B) LOS objects, 37% free, 26MB/42MB, paused 838us total 26.432ms
08-05 03:59:34.603 24383 25881 I art     : Starting a blocking GC Explicit
08-05 03:59:34.631 24383 25881 I art     : Explicit concurrent mark sweep GC freed 3(96B) AllocSpace objects, 0(0B) LOS objects, 37% free, 26MB/42MB, paused 893us total 27.005ms
08-05 03:59:34.631 24383 24401 I art     : WaitForGcToComplete blocked for 20.621ms for cause HeapTrim
08-05 03:59:34.902 24383 24416 I art     : Starting a blocking GC Explicit
08-05 03:59:34.937 24383 24416 I art     : Explicit concurrent mark sweep GC freed 1373(81KB) AllocSpace objects, 1(20KB) LOS objects, 37% free, 26MB/42MB, paused 913us total 34.531ms
08-05 03:59:34.950 24383 24416 I art     : Starting a blocking GC Explicit
08-05 03:59:34.979 24383 24416 I art     : Explicit concurrent mark sweep GC freed 23(752B) AllocSpace objects, 0(0B) LOS objects, 37% free, 26MB/42MB, paused 839us total 28.775ms
08-05 03:59:34.989 24383 24416 I art     : Starting a blocking GC Explicit
08-05 03:59:35.016 24383 24416 I art     : Explicit concurrent mark sweep GC freed 3(96B) AllocSpace objects, 0(0B) LOS objects, 37% free, 26MB/42MB, paused 824us total 27.483ms
08-05 03:59:35.026 24383 24416 I art     : Starting a blocking GC Explicit
08-05 03:59:35.053 24383 24416 I art     : Explicit concurrent mark sweep GC freed 3(96B) AllocSpace objects, 0(0B) LOS objects, 37% free, 26MB/42MB, paused 828us total 27.169ms
08-05 03:59:35.063 24383 24416 I art     : Starting a blocking GC Explicit
08-05 03:59:35.091 24383 24416 I art     : Explicit concurrent mark sweep GC freed 3(96B) AllocSpace objects, 0(0B) LOS objects, 37% free, 26MB/42MB, paused 849us total 27.764ms
08-05 03:59:35.396 24383 24403 I art     : Starting a blocking GC Explicit
08-05 03:59:35.430 24383 24403 I art     : Explicit concurrent mark sweep GC freed 1373(81KB) AllocSpace objects, 1(20KB) LOS objects, 37% free, 26MB/42MB, paused 846us total 33.279ms
08-05 03:59:35.439 24383 24403 I art     : Starting a blocking GC Explicit
08-05 03:59:35.467 24383 24403 I art     : Explicit concurrent mark sweep GC freed 23(752B) AllocSpace objects, 0(0B) LOS objects, 37% free, 26MB/42MB, paused 843us total 27.275ms
08-05 03:59:35.476 24383 24403 I art     : Starting a blocking GC Explicit
08-05 03:59:35.503 24383 24403 I art     : Explicit concurrent mark sweep GC freed 3(96B) AllocSpace objects, 0(0B) LOS objects, 37% free, 26MB/42MB, paused 986us total 27.205ms
08-05 03:59:35.513 24383 24403 I art     : Starting a blocking GC Explicit
08-05 03:59:35.540 24383 24403 I art     : Explicit concurrent mark sweep GC freed 32(880B) AllocSpace objects, 0(0B) LOS objects, 37% free, 26MB/42MB, paused 859us total 27.381ms
08-05 03:59:35.550 24383 24403 I art     : Starting a blocking GC Explicit
08-05 03:59:35.578 24383 24403 I art     : Explicit concurrent mark sweep GC freed 3(96B) AllocSpace objects, 0(0B) LOS objects, 37% free, 26MB/42MB, paused 864us total 27.973ms
08-05 03:59:35.843 24383 24404 I art     : Starting a blocking GC Explicit
08-05 03:59:35.877 24383 24404 I art     : Explicit concurrent mark sweep GC freed 1372(82KB) AllocSpace objects, 1(20KB) LOS objects, 37% free, 26MB/42MB, paused 953us total 33.319ms
08-05 03:59:35.887 24383 24404 I art     : Starting a blocking GC Explicit
08-05 03:59:35.913 24383 24404 I art     : Explicit concurrent mark sweep GC freed 23(752B) AllocSpace objects, 0(0B) LOS objects, 37% free, 26MB/42MB, paused 839us total 25.927ms
08-05 03:59:35.922 24383 24404 I art     : Starting a blocking GC Explicit
08-05 03:59:35.947 24383 24404 I art     : Explicit concurrent mark sweep GC freed 3(96B) AllocSpace objects, 0(0B) LOS objects, 37% free, 26MB/42MB, paused 868us total 25.382ms
08-05 03:59:35.956 24383 24404 I art     : Starting a blocking GC Explicit
08-05 03:59:35.982 24383 24404 I art     : Explicit concurrent mark sweep GC freed 3(96B) AllocSpace objects, 0(0B) LOS objects, 37% free, 26MB/42MB, paused 840us total 25.690ms
08-05 03:59:35.992 24383 24404 I art     : Starting a blocking GC Explicit
08-05 03:59:36.018 24383 24404 I art     : Explicit concurrent mark sweep GC freed 3(96B) AllocSpace objects, 0(0B) LOS objects, 37% free, 26MB/42MB, paused 919us total 25.577ms
08-05 03:59:36.128 26340 26340 D AndroidRuntime: >>>>>> START com.android.internal.os.RuntimeInit uid 2000 <<<<<<
08-05 03:59:36.132 26340 26340 D AndroidRuntime: CheckJNI is OFF
08-05 03:59:36.163 26340 26340 D ICU     : No timezone override file found: /data/misc/zoneinfo/current/icu/icu_tzdata.dat
08-05 03:59:36.192 26340 26340 I Radio-JNI: register_android_hardware_Radio DONE
08-05 03:59:36.212 26340 26340 D AndroidRuntime: Calling main entry com.android.commands.input.Input
08-05 03:59:36.213 26340 26340 I Input   : injectMotionEvent: MotionEvent { action=ACTION_DOWN, actionButton=0, id[0]=0, x[0]=567.0, y[0]=714.0, toolType[0]=TOOL_TYPE_UNKNOWN, buttonState=0, metaState=0, flags=0x0, edgeFlags=0x0, pointerCount=1, historySize=0, eventTime=763192626, downTime=763192626, deviceId=0, source=0x1002 }
08-05 03:59:36.217 26340 26340 I Input   : injectMotionEvent: MotionEvent { action=ACTION_UP, actionButton=0, id[0]=0, x[0]=567.0, y[0]=714.0, toolType[0]=TOOL_TYPE_UNKNOWN, buttonState=0, metaState=0, flags=0x0, edgeFlags=0x0, pointerCount=1, historySize=0, eventTime=763192626, downTime=763192626, deviceId=0, source=0x1002 }
08-05 03:59:36.220 26340 26340 D AndroidRuntime: Shutting down VM
08-05 03:59:36.225   512  2967 D audio_hw_primary: out_set_parameters: enter: usecase(1: low-latency-playback) kvpairs: routing=2
08-05 03:59:36.237   512  2967 D audio_hw_primary: select_devices: out_snd_device(2: speaker) in_snd_device(0: none)
08-05 03:59:36.238   512  2967 D msm8974_platform: platform_send_audio_calibration: sending audio calibration for snd_device(2) acdb_id(15)
08-05 03:59:36.238   512  2967 I soundtrigger: audio_extn_sound_trigger_update_device_status: device 0x2 of type 0 for Event 1
08-05 03:59:36.246   512  2967 D audio_hw_primary: enable_snd_device: snd_device(2: speaker)
08-05 03:59:36.248   512  2967 D audio_hw_primary: enable_audio_route: apply and update mixer path: low-latency-playback speaker
08-05 03:59:36.284 24383 24404 I art     : Starting a blocking GC Explicit
08-05 03:59:36.309 24383 24404 I art     : Explicit concurrent mark sweep GC freed 3638(172KB) AllocSpace objects, 1(20KB) LOS objects, 37% free, 27MB/43MB, paused 824us total 24.845ms
08-05 03:59:36.317 24383 24404 I art     : Starting a blocking GC Explicit
08-05 03:59:36.341 24383 24404 I art     : Explicit concurrent mark sweep GC freed 1630(82KB) AllocSpace objects, 1(220KB) LOS objects, 37% free, 26MB/42MB, paused 822us total 23.259ms
08-05 03:59:36.349 24383 24404 I art     : Starting a blocking GC Explicit
08-05 03:59:36.373 24383 24404 I art     : Explicit concurrent mark sweep GC freed 22(864B) AllocSpace objects, 0(0B) LOS objects, 37% free, 26MB/42MB, paused 782us total 24.198ms
08-05 03:59:36.382 24383 24404 I art     : Starting a blocking GC Explicit
08-05 03:59:36.407 24383 24404 I art     : Explicit concurrent mark sweep GC freed 2689(115KB) AllocSpace objects, 0(0B) LOS objects, 37% free, 26MB/42MB, paused 1.120ms total 24.870ms
08-05 03:59:36.415 24383 24404 I art     : Starting a blocking GC Explicit
08-05 03:59:36.440 24383 24404 I art     : Explicit concurrent mark sweep GC freed 977(41KB) AllocSpace objects, 0(0B) LOS objects, 37% free, 26MB/42MB, paused 1.006ms total 24.626ms
08-05 03:59:36.579 24383 24413 I NAPPA_EXPERIMENTATION: MetricNetworkRequestExecutionTime: REQUEST_DURATION_SYSTEM='336',REQUEST_DURATION_OKHTTP='157',REQUEST_SYNCHRONOUS='TRUE',RESPONSE_CODE='400',RESPONSE_METHOD='GET',RESPONSE_LENGTH_OKHTTP='0',RESPONSE_LENGTH_HEADER='0',REQUEST_PROTOCOL='h2',REQUEST_URL='https://itunes.apple.com/en/rss/toppodcasts/limit=25/explicit=true/json',
08-05 03:59:36.680 24383 24403 I art     : Starting a blocking GC Explicit
08-05 03:59:36.708 24383 24403 I art     : Explicit concurrent mark sweep GC freed 2273(140KB) AllocSpace objects, 1(20KB) LOS objects, 37% free, 26MB/42MB, paused 1.312ms total 27.093ms
08-05 03:59:36.717 24383 24403 I art     : Starting a blocking GC Explicit
08-05 03:59:36.731 24383 24413 I NAPPA_EXPERIMENTATION: MetricNetworkRequestExecutionTime: REQUEST_DURATION_SYSTEM='151',REQUEST_DURATION_OKHTTP='149',REQUEST_SYNCHRONOUS='TRUE',RESPONSE_CODE='200',RESPONSE_METHOD='GET',RESPONSE_LENGTH_OKHTTP='-1',RESPONSE_LENGTH_HEADER='10075',REQUEST_PROTOCOL='h2',REQUEST_URL='https://itunes.apple.com/us/rss/toppodcasts/limit=25/explicit=true/json',
08-05 03:59:36.742 24383 24403 I art     : Explicit concurrent mark sweep GC freed 461(30KB) AllocSpace objects, 0(0B) LOS objects, 37% free, 26MB/42MB, paused 867us total 24.943ms
08-05 03:59:36.750 24383 24403 I art     : Starting a blocking GC Explicit
08-05 03:59:36.778   512  2967 D audio_hw_primary: disable_audio_route: reset and update mixer path: low-latency-playback speaker
08-05 03:59:36.779 24383 24403 I art     : Explicit concurrent mark sweep GC freed 2295(157KB) AllocSpace objects, 3(252KB) LOS objects, 36% free, 27MB/43MB, paused 1.012ms total 28.286ms
08-05 03:59:36.779   512  2967 D audio_hw_primary: disable_snd_device: snd_device(2: speaker)
08-05 03:59:36.788   512  2967 I soundtrigger: audio_extn_sound_trigger_update_device_status: device 0x2 of type 0 for Event 0
08-05 03:59:36.788 24383 24403 I art     : Starting a blocking GC Explicit
08-05 03:59:36.792 24383 25175 D ApOkHttpUrlLoader: buildLoadData() called with: model = [https://is4-ssl.mzstatic.com/image/thumb/Podcasts114/v4/3f/16/74/3f167426-bf50-ce3a-d709-e4301620fc5b/mza_5832671293059882550.jpeg/170x170bb.png], width = [224], height = [224]
08-05 03:59:36.793 24383 25176 D DBReader: getImageAuthentication() called with: imageUrl = [https://is4-ssl.mzstatic.com/image/thumb/Podcasts114/v4/3f/16/74/3f167426-bf50-ce3a-d709-e4301620fc5b/mza_5832671293059882550.jpeg/170x170bb.png]
08-05 03:59:36.797 24383 25173 D ApOkHttpUrlLoader: buildLoadData() called with: model = [https://is4-ssl.mzstatic.com/image/thumb/Podcasts113/v4/e5/8a/10/e58a108f-f5d0-f622-c94a-13f66edd570c/mza_3025981348644196724.jpg/170x170bb.png], width = [224], height = [224]
08-05 03:59:36.797 24383 25176 D ApOkHttpUrlLoader: no credentials for 'https://is4-ssl.mzstatic.com/image/thumb/Podcasts114/v4/3f/16/74/3f167426-bf50-ce3a-d709-e4301620fc5b/mza_5832671293059882550.jpeg/170x170bb.png'
08-05 03:59:36.798 24383 25178 D DBReader: getImageAuthentication() called with: imageUrl = [https://is4-ssl.mzstatic.com/image/thumb/Podcasts113/v4/e5/8a/10/e58a108f-f5d0-f622-c94a-13f66edd570c/mza_3025981348644196724.jpg/170x170bb.png]
08-05 03:59:36.800 24383 25171 D ApOkHttpUrlLoader: buildLoadData() called with: model = [https://is2-ssl.mzstatic.com/image/thumb/Podcasts113/v4/a9/39/cc/a939ccc5-6d60-0c11-0a4c-16d71cdef89b/mza_8787577209688278658.jpg/170x170bb.png], width = [224], height = [224]
08-05 03:59:36.801 24383 25179 D DBReader: getImageAuthentication() called with: imageUrl = [https://is2-ssl.mzstatic.com/image/thumb/Podcasts113/v4/a9/39/cc/a939ccc5-6d60-0c11-0a4c-16d71cdef89b/mza_8787577209688278658.jpg/170x170bb.png]
08-05 03:59:36.802 24383 25178 D ApOkHttpUrlLoader: no credentials for 'https://is4-ssl.mzstatic.com/image/thumb/Podcasts113/v4/e5/8a/10/e58a108f-f5d0-f622-c94a-13f66edd570c/mza_3025981348644196724.jpg/170x170bb.png'
08-05 03:59:36.802 24383 25169 D ApOkHttpUrlLoader: buildLoadData() called with: model = [https://is5-ssl.mzstatic.com/image/thumb/Podcasts114/v4/93/cf/99/93cf9960-fff3-205e-6655-72c03ddeccb2/mza_10545582232493904175.jpeg/170x170bb.png], width = [224], height = [224]
08-05 03:59:36.804 24383 25179 D ApOkHttpUrlLoader: no credentials for 'https://is2-ssl.mzstatic.com/image/thumb/Podcasts113/v4/a9/39/cc/a939ccc5-6d60-0c11-0a4c-16d71cdef89b/mza_8787577209688278658.jpg/170x170bb.png'
08-05 03:59:36.805 24383 25172 D DBReader: getImageAuthentication() called with: imageUrl = [https://is5-ssl.mzstatic.com/image/thumb/Podcasts114/v4/93/cf/99/93cf9960-fff3-205e-6655-72c03ddeccb2/mza_10545582232493904175.jpeg/170x170bb.png]
08-05 03:59:36.807 24383 25175 D ApOkHttpUrlLoader: buildLoadData() called with: model = [https://is4-ssl.mzstatic.com/image/thumb/Podcasts124/v4/49/a4/91/49a491b7-3daf-c5dc-d7c6-6c4f1486955c/mza_5930014091766152297.png/170x170bb.png], width = [224], height = [224]
08-05 03:59:36.808 24383 25173 D ApOkHttpUrlLoader: buildLoadData() called with: model = [https://is5-ssl.mzstatic.com/image/thumb/Podcasts113/v4/fd/54/6e/fd546ea0-7ab2-e3f0-6049-884d82917af9/mza_4855349695799758348.jpeg/170x170bb.png], width = [224], height = [224]
08-05 03:59:36.809 24383 25174 D DBReader: getImageAuthentication() called with: imageUrl = [https://is4-ssl.mzstatic.com/image/thumb/Podcasts124/v4/49/a4/91/49a491b7-3daf-c5dc-d7c6-6c4f1486955c/mza_5930014091766152297.png/170x170bb.png]
08-05 03:59:36.809 24383 25172 D ApOkHttpUrlLoader: no credentials for 'https://is5-ssl.mzstatic.com/image/thumb/Podcasts114/v4/93/cf/99/93cf9960-fff3-205e-6655-72c03ddeccb2/mza_10545582232493904175.jpeg/170x170bb.png'
08-05 03:59:36.809 24383 25170 D DBReader: getImageAuthentication() called with: imageUrl = [https://is5-ssl.mzstatic.com/image/thumb/Podcasts113/v4/fd/54/6e/fd546ea0-7ab2-e3f0-6049-884d82917af9/mza_4855349695799758348.jpeg/170x170bb.png]
08-05 03:59:36.812 24383 25171 D ApOkHttpUrlLoader: buildLoadData() called with: model = [https://is2-ssl.mzstatic.com/image/thumb/Podcasts114/v4/b3/4c/cf/b34ccfc2-cea4-1ca1-0fad-7793af301cc5/mza_2466085192629456364.jpg/170x170bb.png], width = [224], height = [224]
08-05 03:59:36.812 24383 25174 D ApOkHttpUrlLoader: no credentials for 'https://is4-ssl.mzstatic.com/image/thumb/Podcasts124/v4/49/a4/91/49a491b7-3daf-c5dc-d7c6-6c4f1486955c/mza_5930014091766152297.png/170x170bb.png'
08-05 03:59:36.813 24383 25177 D DBReader: getImageAuthentication() called with: imageUrl = [https://is2-ssl.mzstatic.com/image/thumb/Podcasts114/v4/b3/4c/cf/b34ccfc2-cea4-1ca1-0fad-7793af301cc5/mza_2466085192629456364.jpg/170x170bb.png]
08-05 03:59:36.816 24383 25170 D ApOkHttpUrlLoader: no credentials for 'https://is5-ssl.mzstatic.com/image/thumb/Podcasts113/v4/fd/54/6e/fd546ea0-7ab2-e3f0-6049-884d82917af9/mza_4855349695799758348.jpeg/170x170bb.png'
08-05 03:59:36.817 24383 24403 I art     : Explicit concurrent mark sweep GC freed 7690(418KB) AllocSpace objects, 1(100KB) LOS objects, 37% free, 27MB/43MB, paused 1.616ms total 28.592ms
08-05 03:59:36.820 24383 25177 D ApOkHttpUrlLoader: no credentials for 'https://is2-ssl.mzstatic.com/image/thumb/Podcasts114/v4/b3/4c/cf/b34ccfc2-cea4-1ca1-0fad-7793af301cc5/mza_2466085192629456364.jpg/170x170bb.png'
08-05 03:59:36.825 24383 24403 I art     : Starting a blocking GC Explicit
08-05 03:59:36.850 24383 24403 I art     : Explicit concurrent mark sweep GC freed 740(44KB) AllocSpace objects, 0(0B) LOS objects, 37% free, 27MB/43MB, paused 1.109ms total 24.979ms
08-05 03:59:37.030 24254 24254 I ServiceManager: Waiting for service AtCmdFwd...
08-05 03:59:37.133 24383 25176 D MYTAG   : interceptor 2a
08-05 03:59:37.134 24383 25176 I NAPPA_EXPERIMENTATION: MetricNetworkRequestExecutionTime: REQUEST_DURATION_SYSTEM='336',REQUEST_DURATION_OKHTTP='184',REQUEST_SYNCHRONOUS='TRUE',RESPONSE_CODE='200',RESPONSE_METHOD='GET',RESPONSE_LENGTH_OKHTTP='26177',RESPONSE_LENGTH_HEADER='26177',REQUEST_PROTOCOL='h2',REQUEST_URL='https://is4-ssl.mzstatic.com/image/thumb/Podcasts114/v4/3f/16/74/3f167426-bf50-ce3a-d709-e4301620fc5b/mza_5832671293059882550.jpeg/170x170bb.png',
08-05 03:59:37.135 24383 24404 I art     : Starting a blocking GC Explicit
08-05 03:59:37.174 24383 24404 I art     : Explicit concurrent mark sweep GC freed 27805(1362KB) AllocSpace objects, 1(20KB) LOS objects, 37% free, 27MB/43MB, paused 1.301ms total 39.589ms
08-05 03:59:37.184 24383 24404 I art     : Starting a blocking GC Explicit
08-05 03:59:37.211 24383 24404 I art     : Explicit concurrent mark sweep GC freed 1068(37KB) AllocSpace objects, 0(0B) LOS objects, 37% free, 27MB/43MB, paused 1.072ms total 25.872ms
08-05 03:59:37.219 24383 24404 I art     : Starting a blocking GC Explicit
08-05 03:59:37.227 24383 25177 D MYTAG   : interceptor 2a
08-05 03:59:37.227 24383 25177 I NAPPA_EXPERIMENTATION: MetricNetworkRequestExecutionTime: REQUEST_DURATION_SYSTEM='407',REQUEST_DURATION_OKHTTP='213',REQUEST_SYNCHRONOUS='TRUE',RESPONSE_CODE='200',RESPONSE_METHOD='GET',RESPONSE_LENGTH_OKHTTP='42299',RESPONSE_LENGTH_HEADER='42299',REQUEST_PROTOCOL='h2',REQUEST_URL='https://is2-ssl.mzstatic.com/image/thumb/Podcasts114/v4/b3/4c/cf/b34ccfc2-cea4-1ca1-0fad-7793af301cc5/mza_2466085192629456364.jpg/170x170bb.png',
08-05 03:59:37.245 24383 24404 I art     : Explicit concurrent mark sweep GC freed 308(22KB) AllocSpace objects, 0(0B) LOS objects, 36% free, 27MB/43MB, paused 1.157ms total 25.656ms
08-05 03:59:37.254 24383 24404 I art     : Starting a blocking GC Explicit
08-05 03:59:37.258 24383 25178 D MYTAG   : interceptor 2a
08-05 03:59:37.258 24383 25178 I NAPPA_EXPERIMENTATION: MetricNetworkRequestExecutionTime: REQUEST_DURATION_SYSTEM='456',REQUEST_DURATION_OKHTTP='226',REQUEST_SYNCHRONOUS='TRUE',RESPONSE_CODE='200',RESPONSE_METHOD='GET',RESPONSE_LENGTH_OKHTTP='45995',RESPONSE_LENGTH_HEADER='45995',REQUEST_PROTOCOL='h2',REQUEST_URL='https://is4-ssl.mzstatic.com/image/thumb/Podcasts113/v4/e5/8a/10/e58a108f-f5d0-f622-c94a-13f66edd570c/mza_3025981348644196724.jpg/170x170bb.png',
08-05 03:59:37.282 24383 24404 I art     : Explicit concurrent mark sweep GC freed 187(17KB) AllocSpace objects, 0(0B) LOS objects, 36% free, 27MB/43MB, paused 1.150ms total 27.918ms
08-05 03:59:37.292 24383 24404 I art     : Starting a blocking GC Explicit
08-05 03:59:37.294 24383 25174 D MYTAG   : interceptor 2a
08-05 03:59:37.295 24383 25174 I NAPPA_EXPERIMENTATION: MetricNetworkRequestExecutionTime: REQUEST_DURATION_SYSTEM='481',REQUEST_DURATION_OKHTTP='263',REQUEST_SYNCHRONOUS='TRUE',RESPONSE_CODE='200',RESPONSE_METHOD='GET',RESPONSE_LENGTH_OKHTTP='12000',RESPONSE_LENGTH_HEADER='12000',REQUEST_PROTOCOL='h2',REQUEST_URL='https://is4-ssl.mzstatic.com/image/thumb/Podcasts124/v4/49/a4/91/49a491b7-3daf-c5dc-d7c6-6c4f1486955c/mza_5930014091766152297.png/170x170bb.png',
08-05 03:59:37.297 24383 25170 D MYTAG   : interceptor 2a
08-05 03:59:37.298 24383 25170 I NAPPA_EXPERIMENTATION: MetricNetworkRequestExecutionTime: REQUEST_DURATION_SYSTEM='481',REQUEST_DURATION_OKHTTP='265',REQUEST_SYNCHRONOUS='TRUE',RESPONSE_CODE='200',RESPONSE_METHOD='GET',RESPONSE_LENGTH_OKHTTP='54835',RESPONSE_LENGTH_HEADER='54835',REQUEST_PROTOCOL='h2',REQUEST_URL='https://is5-ssl.mzstatic.com/image/thumb/Podcasts113/v4/fd/54/6e/fd546ea0-7ab2-e3f0-6049-884d82917af9/mza_4855349695799758348.jpeg/170x170bb.png',
08-05 03:59:37.320 24383 24404 I art     : Explicit concurrent mark sweep GC freed 787(52KB) AllocSpace objects, 0(0B) LOS objects, 36% free, 27MB/43MB, paused 1.242ms total 28.613ms
08-05 03:59:37.335 24383 25179 D MYTAG   : interceptor 2a
08-05 03:59:37.335 24383 25179 I NAPPA_EXPERIMENTATION: MetricNetworkRequestExecutionTime: REQUEST_DURATION_SYSTEM='531',REQUEST_DURATION_OKHTTP='319',REQUEST_SYNCHRONOUS='TRUE',RESPONSE_CODE='200',RESPONSE_METHOD='GET',RESPONSE_LENGTH_OKHTTP='48239',RESPONSE_LENGTH_HEADER='48239',REQUEST_PROTOCOL='h2',REQUEST_URL='https://is2-ssl.mzstatic.com/image/thumb/Podcasts113/v4/a9/39/cc/a939ccc5-6d60-0c11-0a4c-16d71cdef89b/mza_8787577209688278658.jpg/170x170bb.png',
08-05 03:59:37.344 24383 25172 D MYTAG   : interceptor 2a
08-05 03:59:37.345 24383 25172 I NAPPA_EXPERIMENTATION: MetricNetworkRequestExecutionTime: REQUEST_DURATION_SYSTEM='535',REQUEST_DURATION_OKHTTP='308',REQUEST_SYNCHRONOUS='TRUE',RESPONSE_CODE='200',RESPONSE_METHOD='GET',RESPONSE_LENGTH_OKHTTP='22351',RESPONSE_LENGTH_HEADER='22351',REQUEST_PROTOCOL='h2',REQUEST_URL='https://is5-ssl.mzstatic.com/image/thumb/Podcasts114/v4/93/cf/99/93cf9960-fff3-205e-6655-72c03ddeccb2/mza_10545582232493904175.jpeg/170x170bb.png',
08-05 03:59:37.612 24383 24404 I art     : Starting a blocking GC Explicit
08-05 03:59:37.651 24383 24404 I art     : Explicit concurrent mark sweep GC freed 2773(156KB) AllocSpace objects, 1(20KB) LOS objects, 36% free, 28MB/44MB, paused 1.033ms total 38.316ms
08-05 03:59:37.665 24383 24404 I art     : Starting a blocking GC Explicit
08-05 03:59:37.694 24383 24404 I art     : Explicit concurrent mark sweep GC freed 49(2624B) AllocSpace objects, 0(0B) LOS objects, 36% free, 28MB/44MB, paused 939us total 28.752ms
08-05 03:59:37.703 24383 24404 I art     : Starting a blocking GC Explicit
08-05 03:59:37.732 24383 24404 I art     : Explicit concurrent mark sweep GC freed 3(96B) AllocSpace objects, 0(0B) LOS objects, 36% free, 28MB/44MB, paused 952us total 28.267ms
08-05 03:59:37.741 24383 24404 I art     : Starting a blocking GC Explicit
08-05 03:59:37.771 24383 24404 I art     : Explicit concurrent mark sweep GC freed 3(96B) AllocSpace objects, 0(0B) LOS objects, 36% free, 28MB/44MB, paused 931us total 28.905ms
08-05 03:59:37.780 24383 24404 I art     : Starting a blocking GC Explicit
08-05 03:59:37.809 24383 24404 I art     : Explicit concurrent mark sweep GC freed 3(96B) AllocSpace objects, 0(0B) LOS objects, 36% free, 28MB/44MB, paused 951us total 28.782ms
08-05 03:59:38.030 24254 24254 I ServiceManager: Waiting for service AtCmdFwd...
08-05 03:59:38.159 24383 24403 I art     : Starting a blocking GC Explicit
08-05 03:59:38.194 24383 24403 I art     : Explicit concurrent mark sweep GC freed 1373(81KB) AllocSpace objects, 1(20KB) LOS objects, 36% free, 28MB/44MB, paused 1.031ms total 35.573ms
08-05 03:59:38.206 24383 24403 I art     : Starting a blocking GC Explicit
08-05 03:59:38.235 24383 24403 I art     : Explicit concurrent mark sweep GC freed 23(752B) AllocSpace objects, 0(0B) LOS objects, 36% free, 28MB/44MB, paused 908us total 28.393ms
08-05 03:59:38.244 24383 24403 I art     : Starting a blocking GC Explicit
08-05 03:59:38.273 24383 24403 I art     : Explicit concurrent mark sweep GC freed 3(96B) AllocSpace objects, 0(0B) LOS objects, 36% free, 28MB/44MB, paused 946us total 28.024ms
08-05 03:59:38.282 24383 24403 I art     : Starting a blocking GC Explicit
08-05 03:59:38.311 24383 24403 I art     : Explicit concurrent mark sweep GC freed 3(96B) AllocSpace objects, 0(0B) LOS objects, 36% free, 28MB/44MB, paused 916us total 28.315ms
08-05 03:59:38.320 24383 24403 I art     : Starting a blocking GC Explicit
08-05 03:59:38.349 24383 24403 I art     : Explicit concurrent mark sweep GC freed 3(96B) AllocSpace objects, 0(0B) LOS objects, 36% free, 28MB/44MB, paused 962us total 28.586ms
08-05 03:59:38.681 24383 25881 I art     : Starting a blocking GC Explicit
08-05 03:59:38.709 24383 25881 I art     : Explicit concurrent mark sweep GC freed 1433(84KB) AllocSpace objects, 1(20KB) LOS objects, 36% free, 28MB/44MB, paused 950us total 28.315ms
08-05 03:59:38.719 24383 25881 I art     : Starting a blocking GC Explicit
08-05 03:59:38.747 24383 25881 I art     : Explicit concurrent mark sweep GC freed 23(752B) AllocSpace objects, 0(0B) LOS objects, 36% free, 28MB/44MB, paused 957us total 27.557ms
08-05 03:59:38.756 24383 25881 I art     : Starting a blocking GC Explicit
08-05 03:59:38.784 24383 25881 I art     : Explicit concurrent mark sweep GC freed 3(96B) AllocSpace objects, 0(0B) LOS objects, 36% free, 28MB/44MB, paused 930us total 27.597ms
08-05 03:59:38.794 24383 25881 I art     : Starting a blocking GC Explicit
08-05 03:59:38.822 24383 25881 I art     : Explicit concurrent mark sweep GC freed 3(96B) AllocSpace objects, 0(0B) LOS objects, 36% free, 28MB/44MB, paused 944us total 28.348ms
08-05 03:59:38.832 24383 25881 I art     : Starting a blocking GC Explicit
08-05 03:59:38.860 24383 25881 I art     : Explicit concurrent mark sweep GC freed 3(96B) AllocSpace objects, 0(0B) LOS objects, 36% free, 28MB/44MB, paused 945us total 28.004ms
08-05 03:59:39.031 24254 24254 I ServiceManager: Waiting for service AtCmdFwd...
08-05 03:59:39.182 24383 24403 I art     : Starting a blocking GC Explicit
08-05 03:59:39.220 24383 24403 I art     : Explicit concurrent mark sweep GC freed 1373(81KB) AllocSpace objects, 1(20KB) LOS objects, 36% free, 28MB/44MB, paused 1.026ms total 38.045ms
08-05 03:59:39.233 24383 24403 I art     : Starting a blocking GC Explicit
08-05 03:59:39.262 24383 24403 I art     : Explicit concurrent mark sweep GC freed 23(752B) AllocSpace objects, 0(0B) LOS objects, 36% free, 28MB/44MB, paused 916us total 28.201ms
08-05 03:59:39.271 24383 24403 I art     : Starting a blocking GC Explicit
08-05 03:59:39.300 24383 24403 I art     : Explicit concurrent mark sweep GC freed 3(96B) AllocSpace objects, 0(0B) LOS objects, 36% free, 28MB/44MB, paused 946us total 28.300ms
08-05 03:59:39.309 24383 24403 I art     : Starting a blocking GC Explicit
08-05 03:59:39.338 24383 24403 I art     : Explicit concurrent mark sweep GC freed 3(96B) AllocSpace objects, 0(0B) LOS objects, 36% free, 28MB/44MB, paused 992us total 28.659ms
08-05 03:59:39.348 24383 24403 I art     : Starting a blocking GC Explicit
08-05 03:59:39.376 24383 24403 I art     : Explicit concurrent mark sweep GC freed 3(96B) AllocSpace objects, 0(0B) LOS objects, 36% free, 28MB/44MB, paused 881us total 27.801ms
08-05 03:59:39.726 24383 24404 I art     : Starting a blocking GC Explicit
08-05 03:59:39.765 24383 24404 I art     : Explicit concurrent mark sweep GC freed 1403(83KB) AllocSpace objects, 1(20KB) LOS objects, 36% free, 28MB/44MB, paused 961us total 38.368ms
08-05 03:59:39.778 24383 24404 I art     : Starting a blocking GC Explicit
08-05 03:59:39.806 24383 24404 I art     : Explicit concurrent mark sweep GC freed 23(752B) AllocSpace objects, 0(0B) LOS objects, 36% free, 28MB/44MB, paused 950us total 28.185ms
08-05 03:59:39.816 24383 24404 I art     : Starting a blocking GC Explicit
08-05 03:59:39.844 24383 24404 I art     : Explicit concurrent mark sweep GC freed 3(96B) AllocSpace objects, 0(0B) LOS objects, 36% free, 28MB/44MB, paused 937us total 28.170ms
08-05 03:59:39.853 24383 24404 I art     : Starting a blocking GC Explicit
08-05 03:59:39.881 24383 24404 I art     : Explicit concurrent mark sweep GC freed 3(96B) AllocSpace objects, 0(0B) LOS objects, 36% free, 28MB/44MB, paused 889us total 27.845ms
08-05 03:59:39.891 24383 24404 I art     : Starting a blocking GC Explicit
08-05 03:59:39.919 24383 24404 I art     : Explicit concurrent mark sweep GC freed 3(96B) AllocSpace objects, 0(0B) LOS objects, 36% free, 28MB/44MB, paused 953us total 27.693ms
08-05 03:59:40.032 24254 24254 I ServiceManager: Waiting for service AtCmdFwd...
08-05 03:59:40.251 24383 24416 I art     : Starting a blocking GC Explicit
08-05 03:59:40.287 24383 24416 I art     : Explicit concurrent mark sweep GC freed 1373(81KB) AllocSpace objects, 1(20KB) LOS objects, 36% free, 28MB/44MB, paused 962us total 35.449ms
08-05 03:59:40.296 24383 24416 I art     : Starting a blocking GC Explicit
08-05 03:59:40.325 24383 24416 I art     : Explicit concurrent mark sweep GC freed 23(752B) AllocSpace objects, 0(0B) LOS objects, 36% free, 28MB/44MB, paused 938us total 28.643ms
08-05 03:59:40.335 24383 24416 I art     : Starting a blocking GC Explicit
08-05 03:59:40.364 24383 24416 I art     : Explicit concurrent mark sweep GC freed 3(96B) AllocSpace objects, 0(0B) LOS objects, 36% free, 28MB/44MB, paused 866us total 28.979ms
08-05 03:59:40.374 24383 24416 I art     : Starting a blocking GC Explicit
08-05 03:59:40.402 24383 24416 I art     : Explicit concurrent mark sweep GC freed 3(96B) AllocSpace objects, 0(0B) LOS objects, 36% free, 28MB/44MB, paused 913us total 27.825ms
08-05 03:59:40.412 24383 24416 I art     : Starting a blocking GC Explicit
08-05 03:59:40.440 24383 24416 I art     : Explicit concurrent mark sweep GC freed 3(96B) AllocSpace objects, 0(0B) LOS objects, 36% free, 28MB/44MB, paused 945us total 27.846ms
08-05 03:59:40.762 24383 25881 I art     : Starting a blocking GC Explicit
08-05 03:59:40.797 24383 25881 I art     : Explicit concurrent mark sweep GC freed 1401(81KB) AllocSpace objects, 1(20KB) LOS objects, 36% free, 28MB/44MB, paused 982us total 35.059ms
08-05 03:59:40.808 24383 25881 I art     : Starting a blocking GC Explicit
08-05 03:59:40.837 24383 25881 I art     : Explicit concurrent mark sweep GC freed 23(752B) AllocSpace objects, 0(0B) LOS objects, 36% free, 28MB/44MB, paused 1.035ms total 28.833ms
08-05 03:59:40.847 24383 25881 I art     : Starting a blocking GC Explicit
08-05 03:59:40.875 24383 25881 I art     : Explicit concurrent mark sweep GC freed 3(96B) AllocSpace objects, 0(0B) LOS objects, 36% free, 28MB/44MB, paused 892us total 28.030ms
08-05 03:59:40.885 24383 25881 I art     : Starting a blocking GC Explicit
08-05 03:59:40.913 24383 25881 I art     : Explicit concurrent mark sweep GC freed 3(96B) AllocSpace objects, 0(0B) LOS objects, 36% free, 28MB/44MB, paused 943us total 27.274ms
08-05 03:59:40.922 24383 25881 I art     : Starting a blocking GC Explicit
08-05 03:59:40.950 24383 25881 I art     : Explicit concurrent mark sweep GC freed 3(96B) AllocSpace objects, 0(0B) LOS objects, 36% free, 28MB/44MB, paused 953us total 28.188ms
08-05 03:59:41.032 24254 24254 I ServiceManager: Waiting for service AtCmdFwd...
08-05 03:59:41.280 24383 24403 I art     : Starting a blocking GC Explicit
08-05 03:59:41.317 24383 24403 I art     : Explicit concurrent mark sweep GC freed 1372(80KB) AllocSpace objects, 1(20KB) LOS objects, 36% free, 28MB/44MB, paused 1.009ms total 36.251ms
08-05 03:59:41.328 24383 24403 I art     : Starting a blocking GC Explicit
08-05 03:59:41.358 24383 24403 I art     : Explicit concurrent mark sweep GC freed 23(752B) AllocSpace objects, 0(0B) LOS objects, 36% free, 28MB/44MB, paused 1.031ms total 29.043ms
08-05 03:59:41.367 24383 24403 I art     : Starting a blocking GC Explicit
08-05 03:59:41.395 24383 24403 I art     : Explicit concurrent mark sweep GC freed 3(96B) AllocSpace objects, 0(0B) LOS objects, 36% free, 28MB/44MB, paused 954us total 27.884ms
08-05 03:59:41.405 24383 24403 I art     : Starting a blocking GC Explicit
08-05 03:59:41.433 24383 24403 I art     : Explicit concurrent mark sweep GC freed 3(96B) AllocSpace objects, 0(0B) LOS objects, 36% free, 28MB/44MB, paused 924us total 28.255ms
08-05 03:59:41.443 24383 24403 I art     : Starting a blocking GC Explicit
08-05 03:59:41.472 24383 24403 I art     : Explicit concurrent mark sweep GC freed 3(96B) AllocSpace objects, 0(0B) LOS objects, 36% free, 28MB/44MB, paused 944us total 28.610ms
08-05 03:59:41.810 24383 24404 I art     : Starting a blocking GC Explicit
08-05 03:59:41.846 24383 24404 I art     : Explicit concurrent mark sweep GC freed 1401(81KB) AllocSpace objects, 1(20KB) LOS objects, 36% free, 28MB/44MB, paused 1.022ms total 35.769ms
08-05 03:59:41.858 24383 24404 I art     : Starting a blocking GC Explicit
08-05 03:59:41.886 24383 24404 I art     : Explicit concurrent mark sweep GC freed 23(752B) AllocSpace objects, 0(0B) LOS objects, 36% free, 28MB/44MB, paused 871us total 27.791ms
08-05 03:59:41.895 24383 24404 I art     : Starting a blocking GC Explicit
08-05 03:59:41.925 24383 24404 I art     : Explicit concurrent mark sweep GC freed 3(96B) AllocSpace objects, 0(0B) LOS objects, 36% free, 28MB/44MB, paused 949us total 29.021ms
08-05 03:59:41.934 24383 24404 I art     : Starting a blocking GC Explicit
08-05 03:59:41.963 24383 24404 I art     : Explicit concurrent mark sweep GC freed 3(96B) AllocSpace objects, 0(0B) LOS objects, 36% free, 28MB/44MB, paused 932us total 28.374ms
08-05 03:59:41.972 24383 24404 I art     : Starting a blocking GC Explicit
08-05 03:59:41.999 24383 24404 I art     : Explicit concurrent mark sweep GC freed 3(96B) AllocSpace objects, 0(0B) LOS objects, 36% free, 28MB/44MB, paused 903us total 26.680ms
08-05 03:59:42.033 24254 24254 W Atfwd_Sendcmd: AtCmdFwd service not published, waiting... retryCnt : 2
08-05 03:59:42.345 24383 24416 I art     : Starting a blocking GC Explicit
08-05 03:59:42.386 24383 24416 I art     : Explicit concurrent mark sweep GC freed 1372(80KB) AllocSpace objects, 1(20KB) LOS objects, 36% free, 28MB/44MB, paused 1.073ms total 40.471ms
08-05 03:59:42.398 24383 24416 I art     : Starting a blocking GC Explicit
08-05 03:59:42.427 24383 24416 I art     : Explicit concurrent mark sweep GC freed 23(752B) AllocSpace objects, 0(0B) LOS objects, 36% free, 28MB/44MB, paused 1.012ms total 28.753ms
08-05 03:59:42.437 24383 24416 I art     : Starting a blocking GC Explicit
08-05 03:59:42.465 24383 24416 I art     : Explicit concurrent mark sweep GC freed 3(96B) AllocSpace objects, 0(0B) LOS objects, 36% free, 28MB/44MB, paused 1.333ms total 28.182ms
08-05 03:59:42.474 24383 24416 I art     : Starting a blocking GC Explicit
08-05 03:59:42.501 24383 24416 I art     : Explicit concurrent mark sweep GC freed 3(96B) AllocSpace objects, 0(0B) LOS objects, 36% free, 28MB/44MB, paused 946us total 26.570ms
08-05 03:59:42.511 24383 24416 I art     : Starting a blocking GC Explicit
08-05 03:59:42.537 24383 24416 I art     : Explicit concurrent mark sweep GC freed 32(880B) AllocSpace objects, 0(0B) LOS objects, 36% free, 28MB/44MB, paused 966us total 26.285ms
08-05 03:59:42.836 24383 25881 I art     : Starting a blocking GC Explicit
08-05 03:59:42.852 26506 26506 D AndroidRuntime: >>>>>> START com.android.internal.os.RuntimeInit uid 2000 <<<<<<
08-05 03:59:42.857 26506 26506 D AndroidRuntime: CheckJNI is OFF
08-05 03:59:42.865 24383 25881 I art     : Explicit concurrent mark sweep GC freed 1372(80KB) AllocSpace objects, 1(20KB) LOS objects, 36% free, 28MB/44MB, paused 1.036ms total 28.863ms
08-05 03:59:42.875 24383 25881 I art     : Starting a blocking GC Explicit
08-05 03:59:42.894 26506 26506 D ICU     : No timezone override file found: /data/misc/zoneinfo/current/icu/icu_tzdata.dat
08-05 03:59:42.903 24383 25881 I art     : Explicit concurrent mark sweep GC freed 23(752B) AllocSpace objects, 0(0B) LOS objects, 36% free, 28MB/44MB, paused 977us total 27.602ms
08-05 03:59:42.912 24383 25881 I art     : Starting a blocking GC Explicit
08-05 03:59:42.930 26506 26506 I Radio-JNI: register_android_hardware_Radio DONE
08-05 03:59:42.940 24383 25881 I art     : Explicit concurrent mark sweep GC freed 3(96B) AllocSpace objects, 0(0B) LOS objects, 36% free, 28MB/44MB, paused 1.024ms total 27.412ms
08-05 03:59:42.949 24383 25881 I art     : Starting a blocking GC Explicit
08-05 03:59:42.952 26506 26506 D AndroidRuntime: Calling main entry com.android.commands.input.Input
08-05 03:59:42.954 26506 26506 I Input   : injectMotionEvent: MotionEvent { action=ACTION_DOWN, actionButton=0, id[0]=0, x[0]=616.0, y[0]=469.0, toolType[0]=TOOL_TYPE_UNKNOWN, buttonState=0, metaState=0, flags=0x0, edgeFlags=0x0, pointerCount=1, historySize=0, eventTime=763199367, downTime=763199367, deviceId=0, source=0x1002 }
08-05 03:59:42.961 26506 26506 I Input   : injectMotionEvent: MotionEvent { action=ACTION_UP, actionButton=0, id[0]=0, x[0]=616.0, y[0]=469.0, toolType[0]=TOOL_TYPE_UNKNOWN, buttonState=0, metaState=0, flags=0x0, edgeFlags=0x0, pointerCount=1, historySize=0, eventTime=763199367, downTime=763199367, deviceId=0, source=0x1002 }
08-05 03:59:42.962 26506 26506 D AndroidRuntime: Shutting down VM
08-05 03:59:42.976 24383 25881 I art     : Explicit concurrent mark sweep GC freed 18(544B) AllocSpace objects, 0(0B) LOS objects, 36% free, 28MB/44MB, paused 956us total 27.047ms
08-05 03:59:42.986 24383 25881 I art     : Starting a blocking GC Explicit
08-05 03:59:43.012 24383 25881 I art     : Explicit concurrent mark sweep GC freed 9(320B) AllocSpace objects, 0(0B) LOS objects, 36% free, 28MB/44MB, paused 1.017ms total 25.438ms
08-05 03:59:43.030   512  2967 D audio_hw_primary: out_set_parameters: enter: usecase(1: low-latency-playback) kvpairs: routing=2
08-05 03:59:43.043   512  2967 D audio_hw_primary: select_devices: out_snd_device(2: speaker) in_snd_device(0: none)
08-05 03:59:43.043   512  2967 D msm8974_platform: platform_send_audio_calibration: sending audio calibration for snd_device(2) acdb_id(15)
08-05 03:59:43.044   512  2967 I soundtrigger: audio_extn_sound_trigger_update_device_status: device 0x2 of type 0 for Event 1
08-05 03:59:43.054   512  2967 D audio_hw_primary: enable_snd_device: snd_device(2: speaker)
08-05 03:59:43.056   512  2967 D audio_hw_primary: enable_audio_route: apply and update mixer path: low-latency-playback speaker
08-05 03:59:43.273 24383 24416 I art     : Starting a blocking GC Explicit
08-05 03:59:43.281 24383 24971 I NAPPA_EXPERIMENTATION: MetricNetworkRequestExecutionTime: REQUEST_DURATION_SYSTEM='253',REQUEST_DURATION_OKHTTP='253',REQUEST_SYNCHRONOUS='TRUE',RESPONSE_CODE='200',RESPONSE_METHOD='GET',RESPONSE_LENGTH_OKHTTP='-1',RESPONSE_LENGTH_HEADER='628',REQUEST_PROTOCOL='h2',REQUEST_URL='https://itunes.apple.com/lookup?id=1524080195',
08-05 03:59:43.296   918  4413 I ActivityManager: START u0 {cmp=baseline.de.danoeh.antennapod.debug/baseline.de.danoeh.antennapod.activity.OnlineFeedViewActivity (has extras)} from uid 10691 on display 0
08-05 03:59:43.301 24383 24416 I art     : Explicit concurrent mark sweep GC freed 2127(135KB) AllocSpace objects, 1(20KB) LOS objects, 36% free, 28MB/44MB, paused 984us total 28.184ms
08-05 03:59:43.310 24383 24416 I art     : Starting a blocking GC Explicit
08-05 03:59:43.322 13866 13866 I GoogleInputMethodServic: GoogleInputMethodService.onFinishInput():3138 
08-05 03:59:43.323 13866 13866 I GoogleInputMethodServic: GoogleInputMethodService.onStartInput():1808 
08-05 03:59:43.340 24383 24416 I art     : Explicit concurrent mark sweep GC freed 650(46KB) AllocSpace objects, 0(0B) LOS objects, 36% free, 28MB/44MB, paused 1.390ms total 29.774ms
08-05 03:59:43.342 24383 24383 D UserPreferences: Using default data folder
08-05 03:59:43.343 24383 24383 D OnlineFeedViewActivity: Activity was started with url https://rss.art19.com/nice-white-parents
08-05 03:59:43.345 24383 24383 D OnlineFeedViewActivity: Starting feed download
08-05 03:59:43.347 24383 24419 D DBReader: Extracting Feedlist
08-05 03:59:43.349 24383 24416 I art     : Starting a blocking GC Explicit
08-05 03:59:43.352   918  5481 D WifiService: acquireWifiLockLocked: WifiLock{Downloader type=1 binder=android.os.BinderProxy@53e7e9a}
08-05 03:59:43.352 24383 24419 D AntennapodHttpClient: Creating new instance of HTTP client
08-05 03:59:43.375 24383 24416 I art     : Explicit concurrent mark sweep GC freed 768(47KB) AllocSpace objects, 0(0B) LOS objects, 36% free, 28MB/44MB, paused 1.008ms total 25.633ms
08-05 03:59:43.383 24383 24416 I art     : Starting a blocking GC Explicit
08-05 03:59:43.404 13866 13866 I GoogleInputMethodServic: GoogleInputMethodService.onFinishInput():3138 
08-05 03:59:43.405 13866 13866 I GoogleInputMethodServic: GoogleInputMethodService.onStartInput():1808 
08-05 03:59:43.408 24383 24416 I art     : Explicit concurrent mark sweep GC freed 194(8KB) AllocSpace objects, 0(0B) LOS objects, 36% free, 28MB/44MB, paused 964us total 25.039ms
08-05 03:59:43.418 24383 24416 I art     : Starting a blocking GC Explicit
08-05 03:59:43.430   918   936 I ActivityManager: Displayed baseline.de.danoeh.antennapod.debug/baseline.de.danoeh.antennapod.activity.OnlineFeedViewActivity: +107ms
08-05 03:59:43.446 24383 24416 I art     : Explicit concurrent mark sweep GC freed 164(7KB) AllocSpace objects, 0(0B) LOS objects, 35% free, 28MB/44MB, paused 1.155ms total 27.594ms
08-05 03:59:43.601   512  2967 D audio_hw_primary: disable_audio_route: reset and update mixer path: low-latency-playback speaker
08-05 03:59:43.604   512  2967 D audio_hw_primary: disable_snd_device: snd_device(2: speaker)
08-05 03:59:43.618   512  2967 I soundtrigger: audio_extn_sound_trigger_update_device_status: device 0x2 of type 0 for Event 0
08-05 03:59:43.631 24383 24419 D MYTAG   : interceptor 3a https://rss.art19.com/nice-white-parents
08-05 03:59:43.631 24383 24419 I NAPPA_EXPERIMENTATION: MetricNetworkRequestExecutionTime: REQUEST_DURATION_SYSTEM='278',REQUEST_DURATION_OKHTTP='153',REQUEST_SYNCHRONOUS='TRUE',RESPONSE_CODE='200',RESPONSE_METHOD='GET',RESPONSE_LENGTH_OKHTTP='-1',RESPONSE_LENGTH_HEADER='1803',REQUEST_PROTOCOL='h2',REQUEST_URL='https://rss.art19.com/nice-white-parents',
08-05 03:59:43.631 24383 24419 D HttpDownloader: Response code is 200
08-05 03:59:43.631 24383 24419 D UserPreferences: Using default data folder
08-05 03:59:43.634 24383 24419 D HttpDownloader: Getting size of download
08-05 03:59:43.634 24383 24419 D HttpDownloader: Size is -1
08-05 03:59:43.635 24383 24419 D UserPreferences: Using default data folder
08-05 03:59:43.636 24383 24419 D HttpDownloader: Free space is 20240097280
08-05 03:59:43.636 24383 24419 D HttpDownloader: Starting download
08-05 03:59:43.645 24383 24419 D HttpDownloader: Download was successful
08-05 03:59:43.646   918  6029 D WifiService: releaseWifiLockLocked: WifiLock{Downloader type=1 binder=android.os.BinderProxy@53e7e9a}
08-05 03:59:43.647 24383 24383 D OnlineFeedViewActivity: Parsing feed
08-05 03:59:43.651 24383 26548 D TypeGetter: Recognized type RSS 2.0
08-05 03:59:43.654 24383 26548 D SyndHandler: Recognized ITunes namespace
08-05 03:59:43.654 24383 26548 D SyndHandler: Recognized Atom namespace
08-05 03:59:43.655 24383 26548 D SyndHandler: Recognized Content namespace
08-05 03:59:43.665 24383 26548 D OnlineFeedViewActivity: Deleted feed source file. Result: true
08-05 03:59:43.666 24383 24383 D OnlineFeedViewActivity: Removing HTML from shownotes
08-05 03:59:43.685   380   380 W SurfaceFlinger: couldn't log to binary event log: overflow.
08-05 03:59:43.748 24383 24416 I art     : Starting a blocking GC Explicit
08-05 03:59:43.776 24383 24416 I art     : Explicit concurrent mark sweep GC freed 8020(579KB) AllocSpace objects, 8(348KB) LOS objects, 35% free, 28MB/44MB, paused 940us total 27.805ms
08-05 03:59:43.787 24383 24416 I art     : Starting a blocking GC Explicit
08-05 03:59:43.798 24383 24383 D PlaybackController: Releasing PlaybackController
08-05 03:59:43.815 24383 24416 I art     : Explicit concurrent mark sweep GC freed 1798(159KB) AllocSpace objects, 0(0B) LOS objects, 35% free, 28MB/44MB, paused 992us total 27.847ms
08-05 03:59:43.824 24383 24416 I art     : Starting a blocking GC Explicit
08-05 03:59:43.848 24383 24416 I art     : Explicit concurrent mark sweep GC freed 24(832B) AllocSpace objects, 1(112KB) LOS objects, 35% free, 28MB/44MB, paused 862us total 24.268ms
08-05 03:59:43.857 24383 24416 I art     : Starting a blocking GC Explicit
08-05 03:59:43.881 24383 24416 I art     : Explicit concurrent mark sweep GC freed 19(640B) AllocSpace objects, 0(0B) LOS objects, 35% free, 28MB/44MB, paused 874us total 24.438ms
08-05 03:59:43.890 24383 24416 I art     : Starting a blocking GC Explicit
08-05 03:59:43.916 24383 24416 I art     : Explicit concurrent mark sweep GC freed 3(96B) AllocSpace objects, 0(0B) LOS objects, 35% free, 28MB/44MB, paused 940us total 25.739ms
08-05 03:59:44.210 24383 24404 I art     : Starting a blocking GC Explicit
08-05 03:59:44.240 24383 24404 I art     : Explicit concurrent mark sweep GC freed 1372(80KB) AllocSpace objects, 1(20KB) LOS objects, 35% free, 28MB/44MB, paused 1.006ms total 29.073ms
08-05 03:59:44.249 24383 24404 I art     : Starting a blocking GC Explicit
08-05 03:59:44.279 24383 24404 I art     : Explicit concurrent mark sweep GC freed 23(752B) AllocSpace objects, 0(0B) LOS objects, 35% free, 28MB/44MB, paused 995us total 29.372ms
08-05 03:59:44.288 24383 24404 I art     : Starting a blocking GC Explicit
08-05 03:59:44.317 24383 24404 I art     : Explicit concurrent mark sweep GC freed 3(96B) AllocSpace objects, 0(0B) LOS objects, 35% free, 28MB/44MB, paused 1.061ms total 28.335ms
08-05 03:59:44.326 24383 24404 I art     : Starting a blocking GC Explicit
08-05 03:59:44.355 24383 24404 I art     : Explicit concurrent mark sweep GC freed 3(96B) AllocSpace objects, 0(0B) LOS objects, 35% free, 28MB/44MB, paused 984us total 28.993ms
08-05 03:59:44.365 24383 24404 I art     : Starting a blocking GC Explicit
08-05 03:59:44.395 24383 24404 I art     : Explicit concurrent mark sweep GC freed 3(96B) AllocSpace objects, 0(0B) LOS objects, 35% free, 28MB/44MB, paused 1.118ms total 29.665ms
08-05 03:59:44.700 24383 25881 I art     : Starting a blocking GC Explicit
08-05 03:59:44.741 24383 25881 I art     : Explicit concurrent mark sweep GC freed 1401(81KB) AllocSpace objects, 1(20KB) LOS objects, 35% free, 28MB/44MB, paused 1.103ms total 40.314ms
08-05 03:59:44.755 24383 25881 I art     : Starting a blocking GC Explicit
08-05 03:59:44.786 24383 25881 I art     : Explicit concurrent mark sweep GC freed 23(752B) AllocSpace objects, 0(0B) LOS objects, 35% free, 28MB/44MB, paused 1.002ms total 30.802ms
08-05 03:59:44.796 24383 25881 I art     : Starting a blocking GC Explicit
08-05 03:59:44.826 24383 25881 I art     : Explicit concurrent mark sweep GC freed 3(96B) AllocSpace objects, 0(0B) LOS objects, 35% free, 28MB/44MB, paused 1.006ms total 30.552ms
08-05 03:59:44.836 24383 25881 I art     : Starting a blocking GC Explicit
08-05 03:59:44.867 24383 25881 I art     : Explicit concurrent mark sweep GC freed 3(96B) AllocSpace objects, 0(0B) LOS objects, 35% free, 28MB/44MB, paused 1.124ms total 30.497ms
08-05 03:59:44.877 24383 25881 I art     : Starting a blocking GC Explicit
08-05 03:59:44.907 24383 25881 I art     : Explicit concurrent mark sweep GC freed 3(96B) AllocSpace objects, 0(0B) LOS objects, 35% free, 28MB/44MB, paused 1.060ms total 30.023ms
08-05 03:59:45.239 24383 24403 I art     : Starting a blocking GC Explicit
08-05 03:59:45.278 24383 24403 I art     : Explicit concurrent mark sweep GC freed 1372(80KB) AllocSpace objects, 1(20KB) LOS objects, 35% free, 28MB/44MB, paused 1.177ms total 38.090ms
08-05 03:59:45.290 24383 24403 I art     : Starting a blocking GC Explicit
08-05 03:59:45.321 24383 24403 I art     : Explicit concurrent mark sweep GC freed 28(912B) AllocSpace objects, 0(0B) LOS objects, 35% free, 28MB/44MB, paused 896us total 30.823ms
08-05 03:59:45.322 24383 24401 I art     : WaitForGcToComplete blocked for 31.319ms for cause HeapTrim
08-05 03:59:45.331 24383 24403 I art     : Starting a blocking GC Explicit
08-05 03:59:45.361 24383 24403 I art     : Explicit concurrent mark sweep GC freed 8(256B) AllocSpace objects, 0(0B) LOS objects, 35% free, 28MB/44MB, paused 987us total 29.328ms
08-05 03:59:45.370 24383 24403 I art     : Starting a blocking GC Explicit
08-05 03:59:45.399 24383 24403 I art     : Explicit concurrent mark sweep GC freed 7(224B) AllocSpace objects, 0(0B) LOS objects, 35% free, 28MB/44MB, paused 1.279ms total 28.853ms
08-05 03:59:45.409 24383 24403 I art     : Starting a blocking GC Explicit
08-05 03:59:45.439 24383 24403 I art     : Explicit concurrent mark sweep GC freed 8(256B) AllocSpace objects, 0(0B) LOS objects, 35% free, 28MB/44MB, paused 1.285ms total 29.588ms
08-05 03:59:45.751 24383 24403 I art     : Starting a blocking GC Explicit
08-05 03:59:45.790 24383 24403 I art     : Explicit concurrent mark sweep GC freed 1412(81KB) AllocSpace objects, 1(20KB) LOS objects, 35% free, 28MB/44MB, paused 1.100ms total 39.292ms
08-05 03:59:45.803 24383 24403 I art     : Starting a blocking GC Explicit
08-05 03:59:45.834 24383 24403 I art     : Explicit concurrent mark sweep GC freed 23(752B) AllocSpace objects, 0(0B) LOS objects, 35% free, 28MB/44MB, paused 1.002ms total 30.832ms
08-05 03:59:45.844 24383 24403 I art     : Starting a blocking GC Explicit
08-05 03:59:45.874 24383 24403 I art     : Explicit concurrent mark sweep GC freed 3(96B) AllocSpace objects, 0(0B) LOS objects, 35% free, 28MB/44MB, paused 982us total 29.971ms
08-05 03:59:45.884 24383 24403 I art     : Starting a blocking GC Explicit
08-05 03:59:45.914 24383 24403 I art     : Explicit concurrent mark sweep GC freed 3(96B) AllocSpace objects, 0(0B) LOS objects, 35% free, 28MB/44MB, paused 1.015ms total 30.425ms
08-05 03:59:45.924 24383 24403 I art     : Starting a blocking GC Explicit
08-05 03:59:45.954 24383 24403 I art     : Explicit concurrent mark sweep GC freed 3(96B) AllocSpace objects, 0(0B) LOS objects, 35% free, 28MB/44MB, paused 1.007ms total 30.176ms
08-05 03:59:46.292 24383 24404 I art     : Starting a blocking GC Explicit
08-05 03:59:46.332 24383 24404 I art     : Explicit concurrent mark sweep GC freed 1372(80KB) AllocSpace objects, 1(20KB) LOS objects, 35% free, 28MB/44MB, paused 1.089ms total 39.154ms
08-05 03:59:46.342 24383 24404 I art     : Starting a blocking GC Explicit
08-05 03:59:46.373 24383 24404 I art     : Explicit concurrent mark sweep GC freed 23(752B) AllocSpace objects, 0(0B) LOS objects, 35% free, 28MB/44MB, paused 1.033ms total 30.820ms
08-05 03:59:46.383 24383 24404 I art     : Starting a blocking GC Explicit
08-05 03:59:46.414 24383 24404 I art     : Explicit concurrent mark sweep GC freed 3(96B) AllocSpace objects, 0(0B) LOS objects, 35% free, 28MB/44MB, paused 976us total 30.498ms
08-05 03:59:46.424 24383 24404 I art     : Starting a blocking GC Explicit
08-05 03:59:46.454 24383 24404 I art     : Explicit concurrent mark sweep GC freed 3(96B) AllocSpace objects, 0(0B) LOS objects, 35% free, 28MB/44MB, paused 1.007ms total 29.883ms
08-05 03:59:46.463 24383 24404 I art     : Starting a blocking GC Explicit
08-05 03:59:46.494 24383 24404 I art     : Explicit concurrent mark sweep GC freed 3(96B) AllocSpace objects, 0(0B) LOS objects, 35% free, 28MB/44MB, paused 995us total 29.986ms
08-05 03:59:46.848 24383 25881 I art     : Starting a blocking GC Explicit
08-05 03:59:46.888 24383 25881 I art     : Explicit concurrent mark sweep GC freed 1402(83KB) AllocSpace objects, 1(20KB) LOS objects, 35% free, 28MB/44MB, paused 1.076ms total 39.404ms
08-05 03:59:46.899 24383 25881 I art     : Starting a blocking GC Explicit
08-05 03:59:46.930 24383 25881 I art     : Explicit concurrent mark sweep GC freed 23(752B) AllocSpace objects, 0(0B) LOS objects, 35% free, 28MB/44MB, paused 1.012ms total 30.769ms
08-05 03:59:46.940 24383 25881 I art     : Starting a blocking GC Explicit
08-05 03:59:46.971 24383 25881 I art     : Explicit concurrent mark sweep GC freed 3(96B) AllocSpace objects, 0(0B) LOS objects, 35% free, 28MB/44MB, paused 995us total 30.497ms
08-05 03:59:46.981 24383 25881 I art     : Starting a blocking GC Explicit
08-05 03:59:47.010 24383 25881 I art     : Explicit concurrent mark sweep GC freed 3(96B) AllocSpace objects, 0(0B) LOS objects, 35% free, 28MB/44MB, paused 1.150ms total 29.726ms
08-05 03:59:47.020 24383 25881 I art     : Starting a blocking GC Explicit
08-05 03:59:47.050 24383 25881 I art     : Explicit concurrent mark sweep GC freed 3(96B) AllocSpace objects, 0(0B) LOS objects, 35% free, 28MB/44MB, paused 956us total 29.711ms
08-05 03:59:47.359 24383 24416 I art     : Starting a blocking GC Explicit
08-05 03:59:47.390 24383 24416 I art     : Explicit concurrent mark sweep GC freed 1372(80KB) AllocSpace objects, 1(20KB) LOS objects, 35% free, 28MB/44MB, paused 1.021ms total 30.298ms
08-05 03:59:47.400 24383 24416 I art     : Starting a blocking GC Explicit
08-05 03:59:47.429 24383 24416 I art     : Explicit concurrent mark sweep GC freed 23(752B) AllocSpace objects, 0(0B) LOS objects, 35% free, 28MB/44MB, paused 1.077ms total 28.831ms
08-05 03:59:47.438 24383 24416 I art     : Starting a blocking GC Explicit
08-05 03:59:47.467 24383 24416 I art     : Explicit concurrent mark sweep GC freed 3(96B) AllocSpace objects, 0(0B) LOS objects, 35% free, 28MB/44MB, paused 1.050ms total 28.710ms
08-05 03:59:47.476 24383 24416 I art     : Starting a blocking GC Explicit
08-05 03:59:47.505 24383 24416 I art     : Explicit concurrent mark sweep GC freed 3(96B) AllocSpace objects, 0(0B) LOS objects, 35% free, 28MB/44MB, paused 1.007ms total 28.518ms
08-05 03:59:47.515 24383 24416 I art     : Starting a blocking GC Explicit
08-05 03:59:47.544 24383 24416 I art     : Explicit concurrent mark sweep GC freed 32(880B) AllocSpace objects, 0(0B) LOS objects, 35% free, 28MB/44MB, paused 1.013ms total 29.219ms
08-05 03:59:47.653 26615 26615 D AndroidRuntime: >>>>>> START com.android.internal.os.RuntimeInit uid 2000 <<<<<<
08-05 03:59:47.660 26615 26615 D AndroidRuntime: CheckJNI is OFF
08-05 03:59:47.702 26615 26615 D ICU     : No timezone override file found: /data/misc/zoneinfo/current/icu/icu_tzdata.dat
08-05 03:59:47.737 26615 26615 I Radio-JNI: register_android_hardware_Radio DONE
08-05 03:59:47.758 26615 26615 D AndroidRuntime: Calling main entry com.android.commands.input.Input
08-05 03:59:47.760 26615 26615 I Input   : injectKeyEvent: KeyEvent { action=ACTION_DOWN, keyCode=KEYCODE_BACK, scanCode=0, metaState=0, flags=0x0, repeatCount=0, eventTime=763204173, downTime=763204173, deviceId=-1, source=0x101 }
08-05 03:59:47.767 26615 26615 I Input   : injectKeyEvent: KeyEvent { action=ACTION_UP, keyCode=KEYCODE_BACK, scanCode=0, metaState=0, flags=0x0, repeatCount=0, eventTime=763204173, downTime=763204173, deviceId=-1, source=0x101 }
08-05 03:59:47.772 26615 26615 D AndroidRuntime: Shutting down VM
08-05 03:59:47.777 24383 24383 V PlaybackController: initServiceNotRunning()
08-05 03:59:47.778 24383 24383 D ExternalPlayerFragment: Loading media info
08-05 03:59:47.781 24383 24383 D UserPreferences: Using default data folder
08-05 03:59:47.781 24383 24419 D DBReader: getNavDrawerData() called with: 
08-05 03:59:47.791 24383 24419 D DBReader: getDownloadedItems() called
08-05 03:59:47.792 24383 24419 D DBReader: getFavoriteIDList() called
08-05 03:59:47.793 24383 24419 D DBReader: getQueueIDList() called
08-05 03:59:47.793 24383 24419 D DBReader: Extracting Feedlist
08-05 03:59:47.807 24383 24383 D MainActivity: getLastNavFragment() -> AddFeedFragment
08-05 03:59:47.807 13866 13866 I GoogleInputMethodServic: GoogleInputMethodService.onFinishInput():3138 
08-05 03:59:47.807 13866 13866 I GoogleInputMethodServic: GoogleInputMethodService.onStartInput():1808 
08-05 03:59:47.846 24383 24416 I art     : Starting a blocking GC Explicit
08-05 03:59:47.873 24383 24416 I art     : Explicit concurrent mark sweep GC freed 2483(153KB) AllocSpace objects, 1(20KB) LOS objects, 35% free, 28MB/44MB, paused 874us total 26.466ms
08-05 03:59:47.882 24383 24416 I art     : Starting a blocking GC Explicit
08-05 03:59:47.909 24383 24416 I art     : Explicit concurrent mark sweep GC freed 452(24KB) AllocSpace objects, 0(0B) LOS objects, 35% free, 28MB/44MB, paused 886us total 26.561ms
08-05 03:59:47.917 24383 24416 I art     : Starting a blocking GC Explicit
08-05 03:59:47.948 24383 24416 I art     : Explicit concurrent mark sweep GC freed 3(96B) AllocSpace objects, 0(0B) LOS objects, 35% free, 28MB/44MB, paused 1.061ms total 30.100ms
08-05 03:59:47.959 24383 24416 I art     : Starting a blocking GC Explicit
08-05 03:59:47.994 24383 24416 I art     : Explicit concurrent mark sweep GC freed 3(96B) AllocSpace objects, 0(0B) LOS objects, 35% free, 28MB/44MB, paused 1.621ms total 34.715ms
08-05 03:59:48.004 24383 24416 I art     : Starting a blocking GC Explicit
08-05 03:59:48.040 24383 24416 I art     : Explicit concurrent mark sweep GC freed 3(96B) AllocSpace objects, 0(0B) LOS objects, 35% free, 28MB/44MB, paused 1.557ms total 35.541ms
08-05 03:59:48.099   380   380 W SurfaceFlinger: couldn't log to binary event log: overflow.
08-05 03:59:48.313 24383 24403 I art     : Starting a blocking GC Explicit
08-05 03:59:48.352 24383 24403 I art     : Explicit concurrent mark sweep GC freed 1969(105KB) AllocSpace objects, 1(20KB) LOS objects, 35% free, 28MB/44MB, paused 1.136ms total 38.102ms
08-05 03:59:48.368 24383 24403 I art     : Starting a blocking GC Explicit
08-05 03:59:48.398 24383 24403 I art     : Explicit concurrent mark sweep GC freed 2457(152KB) AllocSpace objects, 1(28KB) LOS objects, 36% free, 28MB/44MB, paused 1.194ms total 30.321ms
08-05 03:59:48.408 24383 24403 I art     : Starting a blocking GC Explicit
08-05 03:59:48.437 24383 24403 I art     : Explicit concurrent mark sweep GC freed 3(96B) AllocSpace objects, 0(0B) LOS objects, 36% free, 28MB/44MB, paused 1.064ms total 29.110ms
08-05 03:59:48.447 24383 24403 I art     : Starting a blocking GC Explicit
08-05 03:59:48.477 24383 24403 I art     : Explicit concurrent mark sweep GC freed 3(96B) AllocSpace objects, 0(0B) LOS objects, 36% free, 28MB/44MB, paused 1.098ms total 29.352ms
08-05 03:59:48.486 24383 24403 I art     : Starting a blocking GC Explicit
08-05 03:59:48.516 24383 24403 I art     : Explicit concurrent mark sweep GC freed 3(96B) AllocSpace objects, 0(0B) LOS objects, 36% free, 28MB/44MB, paused 1.221ms total 29.466ms
08-05 03:59:48.812 24383 24404 I art     : Starting a blocking GC Explicit
08-05 03:59:48.849 24383 24404 I art     : Explicit concurrent mark sweep GC freed 1403(83KB) AllocSpace objects, 1(20KB) LOS objects, 36% free, 28MB/44MB, paused 1.189ms total 35.968ms
08-05 03:59:48.861 24383 24404 I art     : Starting a blocking GC Explicit
08-05 03:59:48.890 24383 24404 I art     : Explicit concurrent mark sweep GC freed 23(752B) AllocSpace objects, 0(0B) LOS objects, 36% free, 28MB/44MB, paused 1.006ms total 29.499ms
08-05 03:59:48.900 24383 24404 I art     : Starting a blocking GC Explicit
08-05 03:59:48.931 24383 24404 I art     : Explicit concurrent mark sweep GC freed 3(96B) AllocSpace objects, 0(0B) LOS objects, 36% free, 28MB/44MB, paused 1.243ms total 30.387ms
08-05 03:59:48.941 24383 24404 I art     : Starting a blocking GC Explicit
08-05 03:59:48.969 24383 24404 I art     : Explicit concurrent mark sweep GC freed 3(96B) AllocSpace objects, 0(0B) LOS objects, 36% free, 28MB/44MB, paused 986us total 28.237ms
08-05 03:59:48.978 24383 24404 I art     : Starting a blocking GC Explicit
08-05 03:59:49.007 24383 24404 I art     : Explicit concurrent mark sweep GC freed 3(96B) AllocSpace objects, 0(0B) LOS objects, 36% free, 28MB/44MB, paused 1.043ms total 28.510ms
08-05 03:59:49.287 24383 25881 I art     : Starting a blocking GC Explicit
08-05 03:59:49.317 24383 25881 I art     : Explicit concurrent mark sweep GC freed 1373(80KB) AllocSpace objects, 1(20KB) LOS objects, 36% free, 28MB/44MB, paused 1.051ms total 29.713ms
08-05 03:59:49.327 24383 25881 I art     : Starting a blocking GC Explicit
08-05 03:59:49.355 24383 25881 I art     : Explicit concurrent mark sweep GC freed 23(752B) AllocSpace objects, 0(0B) LOS objects, 36% free, 28MB/44MB, paused 1.019ms total 27.841ms
08-05 03:59:49.365 24383 25881 I art     : Starting a blocking GC Explicit
08-05 03:59:49.392 24383 25881 I art     : Explicit concurrent mark sweep GC freed 3(96B) AllocSpace objects, 0(0B) LOS objects, 36% free, 28MB/44MB, paused 1.001ms total 27.459ms
08-05 03:59:49.402 24383 25881 I art     : Starting a blocking GC Explicit
08-05 03:59:49.434 24383 25881 I art     : Explicit concurrent mark sweep GC freed 5(160B) AllocSpace objects, 0(0B) LOS objects, 36% free, 28MB/44MB, paused 1.064ms total 31.840ms
08-05 03:59:49.437 26666 26666 D AndroidRuntime: >>>>>> START com.android.internal.os.RuntimeInit uid 2000 <<<<<<
08-05 03:59:49.443 26666 26666 D AndroidRuntime: CheckJNI is OFF
08-05 03:59:49.445 24383 25881 I art     : Starting a blocking GC Explicit
08-05 03:59:49.472 24383 25881 I art     : Explicit concurrent mark sweep GC freed 8(256B) AllocSpace objects, 0(0B) LOS objects, 36% free, 28MB/44MB, paused 1.324ms total 26.392ms
08-05 03:59:49.477 26666 26666 D ICU     : No timezone override file found: /data/misc/zoneinfo/current/icu/icu_tzdata.dat
08-05 03:59:49.508 26666 26666 I Radio-JNI: register_android_hardware_Radio DONE
08-05 03:59:49.529 26666 26666 D AndroidRuntime: Calling main entry com.android.commands.input.Input
08-05 03:59:49.531 26666 26666 I Input   : injectKeyEvent: KeyEvent { action=ACTION_DOWN, keyCode=KEYCODE_BACK, scanCode=0, metaState=0, flags=0x0, repeatCount=0, eventTime=763205944, downTime=763205944, deviceId=-1, source=0x101 }
08-05 03:59:49.539 26666 26666 I Input   : injectKeyEvent: KeyEvent { action=ACTION_UP, keyCode=KEYCODE_BACK, scanCode=0, metaState=0, flags=0x0, repeatCount=0, eventTime=763205944, downTime=763205944, deviceId=-1, source=0x101 }
08-05 03:59:49.553 13866 13866 I GoogleInputMethodServic: GoogleInputMethodService.onFinishInput():3138 
08-05 03:59:49.554 13866 13866 I GoogleInputMethodServic: GoogleInputMethodService.onStartInput():1808 
08-05 03:59:49.558 26666 26666 D AndroidRuntime: Shutting down VM
08-05 03:59:49.731 24383 24403 I art     : Starting a blocking GC Explicit
08-05 03:59:49.763 24383 24403 I art     : Explicit concurrent mark sweep GC freed 2608(131KB) AllocSpace objects, 1(20KB) LOS objects, 35% free, 28MB/44MB, paused 1.028ms total 32.321ms
08-05 03:59:49.777 24383 24403 I art     : Starting a blocking GC Explicit
08-05 03:59:49.805 24383 24403 I art     : Explicit concurrent mark sweep GC freed 2649(177KB) AllocSpace objects, 9(1540KB) LOS objects, 37% free, 26MB/42MB, paused 1.250ms total 28.440ms
08-05 03:59:49.814 24383 24403 I art     : Starting a blocking GC Explicit
08-05 03:59:49.842 24383 24403 I art     : Explicit concurrent mark sweep GC freed 3(96B) AllocSpace objects, 0(0B) LOS objects, 37% free, 26MB/42MB, paused 984us total 27.047ms
08-05 03:59:49.851 24383 24403 I art     : Starting a blocking GC Explicit
08-05 03:59:49.879 24383 24403 I art     : Explicit concurrent mark sweep GC freed 3(96B) AllocSpace objects, 0(0B) LOS objects, 37% free, 26MB/42MB, paused 928us total 27.529ms
08-05 03:59:49.888 24383 24403 I art     : Starting a blocking GC Explicit
08-05 03:59:49.916 24383 24403 I art     : Explicit concurrent mark sweep GC freed 3(96B) AllocSpace objects, 0(0B) LOS objects, 37% free, 26MB/42MB, paused 1.073ms total 28.002ms
08-05 03:59:50.220 24383 25881 I art     : Starting a blocking GC Explicit
08-05 03:59:50.257 24383 25881 I art     : Explicit concurrent mark sweep GC freed 1373(81KB) AllocSpace objects, 1(20KB) LOS objects, 37% free, 26MB/42MB, paused 1.225ms total 36.723ms
08-05 03:59:50.267 24383 25881 I art     : Starting a blocking GC Explicit
08-05 03:59:50.295 24383 25881 I art     : Explicit concurrent mark sweep GC freed 23(752B) AllocSpace objects, 0(0B) LOS objects, 37% free, 26MB/42MB, paused 991us total 28.639ms
08-05 03:59:50.305 24383 25881 I art     : Starting a blocking GC Explicit
08-05 03:59:50.334 24383 25881 I art     : Explicit concurrent mark sweep GC freed 3(96B) AllocSpace objects, 0(0B) LOS objects, 37% free, 26MB/42MB, paused 1.014ms total 28.895ms
08-05 03:59:50.344 24383 25881 I art     : Starting a blocking GC Explicit
08-05 03:59:50.373 24383 25881 I art     : Explicit concurrent mark sweep GC freed 3(96B) AllocSpace objects, 0(0B) LOS objects, 37% free, 26MB/42MB, paused 988us total 28.530ms
08-05 03:59:50.373 24383 24401 I art     : WaitForGcToComplete blocked for 11.665ms for cause HeapTrim
08-05 03:59:50.382 24383 25881 I art     : Starting a blocking GC Explicit
08-05 03:59:50.410 24383 25881 I art     : Explicit concurrent mark sweep GC freed 3(96B) AllocSpace objects, 0(0B) LOS objects, 37% free, 26MB/42MB, paused 1.001ms total 28.141ms
08-05 03:59:50.711 24383 24404 I art     : Starting a blocking GC Explicit
08-05 03:59:50.753 24383 24404 I art     : Explicit concurrent mark sweep GC freed 1402(82KB) AllocSpace objects, 1(20KB) LOS objects, 37% free, 26MB/42MB, paused 987us total 42.303ms
08-05 03:59:50.765 24383 24404 I art     : Starting a blocking GC Explicit
08-05 03:59:50.794 24383 24404 I art     : Explicit concurrent mark sweep GC freed 23(752B) AllocSpace objects, 0(0B) LOS objects, 37% free, 26MB/42MB, paused 943us total 28.423ms
08-05 03:59:50.804 24383 24404 I art     : Starting a blocking GC Explicit
08-05 03:59:50.832 24383 24404 I art     : Explicit concurrent mark sweep GC freed 3(96B) AllocSpace objects, 0(0B) LOS objects, 37% free, 26MB/42MB, paused 1.012ms total 27.465ms
08-05 03:59:50.841 24383 24404 I art     : Starting a blocking GC Explicit
08-05 03:59:50.868 24383 24404 I art     : Explicit concurrent mark sweep GC freed 3(96B) AllocSpace objects, 0(0B) LOS objects, 37% free, 26MB/42MB, paused 1.239ms total 26.677ms
08-05 03:59:50.877 24383 24404 I art     : Starting a blocking GC Explicit
08-05 03:59:50.904 24383 24404 I art     : Explicit concurrent mark sweep GC freed 3(96B) AllocSpace objects, 0(0B) LOS objects, 37% free, 26MB/42MB, paused 979us total 26.299ms
08-05 03:59:51.187 24383 25881 I art     : Starting a blocking GC Explicit
08-05 03:59:51.217 26719 26719 D AndroidRuntime: >>>>>> START com.android.internal.os.RuntimeInit uid 2000 <<<<<<
08-05 03:59:51.218 24383 25881 I art     : Explicit concurrent mark sweep GC freed 1378(82KB) AllocSpace objects, 1(20KB) LOS objects, 37% free, 26MB/42MB, paused 1.189ms total 30.460ms
08-05 03:59:51.222 26719 26719 D AndroidRuntime: CheckJNI is OFF
08-05 03:59:51.229 24383 25881 I art     : Starting a blocking GC Explicit
08-05 03:59:51.257 24383 25881 I art     : Explicit concurrent mark sweep GC freed 28(912B) AllocSpace objects, 0(0B) LOS objects, 37% free, 26MB/42MB, paused 2.462ms total 27.834ms
08-05 03:59:51.258 26719 26719 D ICU     : No timezone override file found: /data/misc/zoneinfo/current/icu/icu_tzdata.dat
08-05 03:59:51.266 24383 25881 I art     : Starting a blocking GC Explicit
08-05 03:59:51.291 26719 26719 I Radio-JNI: register_android_hardware_Radio DONE
08-05 03:59:51.292 24383 25881 I art     : Explicit concurrent mark sweep GC freed 7(224B) AllocSpace objects, 0(0B) LOS objects, 37% free, 26MB/42MB, paused 1.012ms total 25.050ms
08-05 03:59:51.301 24383 25881 I art     : Starting a blocking GC Explicit
08-05 03:59:51.313 26719 26719 D AndroidRuntime: Calling main entry com.android.commands.input.Input
08-05 03:59:51.315 26719 26719 I Input   : injectMotionEvent: MotionEvent { action=ACTION_DOWN, actionButton=0, id[0]=0, x[0]=103.0, y[0]=192.0, toolType[0]=TOOL_TYPE_UNKNOWN, buttonState=0, metaState=0, flags=0x0, edgeFlags=0x0, pointerCount=1, historySize=0, eventTime=763207727, downTime=763207727, deviceId=0, source=0x1002 }
08-05 03:59:51.319 26719 26719 I Input   : injectMotionEvent: MotionEvent { action=ACTION_UP, actionButton=0, id[0]=0, x[0]=103.0, y[0]=192.0, toolType[0]=TOOL_TYPE_UNKNOWN, buttonState=0, metaState=0, flags=0x0, edgeFlags=0x0, pointerCount=1, historySize=0, eventTime=763207727, downTime=763207727, deviceId=0, source=0x1002 }
08-05 03:59:51.323 26719 26719 D AndroidRuntime: Shutting down VM
08-05 03:59:51.327 24383 25881 I art     : Explicit concurrent mark sweep GC freed 27(848B) AllocSpace objects, 0(0B) LOS objects, 37% free, 26MB/42MB, paused 1.357ms total 26.082ms
08-05 03:59:51.337 24383 25881 I art     : Starting a blocking GC Explicit
08-05 03:59:51.340   512  2967 D audio_hw_primary: out_set_parameters: enter: usecase(1: low-latency-playback) kvpairs: routing=2
08-05 03:59:51.353   512  2967 D audio_hw_primary: select_devices: out_snd_device(2: speaker) in_snd_device(0: none)
08-05 03:59:51.353   512  2967 D msm8974_platform: platform_send_audio_calibration: sending audio calibration for snd_device(2) acdb_id(15)
08-05 03:59:51.353   512  2967 I soundtrigger: audio_extn_sound_trigger_update_device_status: device 0x2 of type 0 for Event 1
08-05 03:59:51.363 24383 25881 I art     : Explicit concurrent mark sweep GC freed 38(1536B) AllocSpace objects, 0(0B) LOS objects, 37% free, 26MB/42MB, paused 1.101ms total 25.458ms
08-05 03:59:51.363   512  2967 D audio_hw_primary: enable_snd_device: snd_device(2: speaker)
08-05 03:59:51.366   512  2967 D audio_hw_primary: enable_audio_route: apply and update mixer path: low-latency-playback speaker
08-05 03:59:51.377 13866 13866 I GoogleInputMethodServic: GoogleInputMethodService.onFinishInput():3138 
08-05 03:59:51.378 13866 13866 I GoogleInputMethodServic: GoogleInputMethodService.onStartInput():1808 
08-05 03:59:51.622 24383 25881 I art     : Starting a blocking GC Explicit
08-05 03:59:51.652 24383 25881 I art     : Explicit concurrent mark sweep GC freed 1965(108KB) AllocSpace objects, 1(20KB) LOS objects, 37% free, 26MB/42MB, paused 1.009ms total 29.930ms
08-05 03:59:51.664 24383 25881 I art     : Starting a blocking GC Explicit
08-05 03:59:51.695 24383 25881 I art     : Explicit concurrent mark sweep GC freed 94(5KB) AllocSpace objects, 0(0B) LOS objects, 37% free, 26MB/42MB, paused 1.122ms total 30.838ms
08-05 03:59:51.705 24383 25881 I art     : Starting a blocking GC Explicit
08-05 03:59:51.733 24383 25881 I art     : Explicit concurrent mark sweep GC freed 9(288B) AllocSpace objects, 0(0B) LOS objects, 37% free, 26MB/42MB, paused 975us total 28.111ms
08-05 03:59:51.742 24383 25881 I art     : Starting a blocking GC Explicit
08-05 03:59:51.768 24383 25881 I art     : Explicit concurrent mark sweep GC freed 6(224B) AllocSpace objects, 0(0B) LOS objects, 37% free, 26MB/42MB, paused 1.006ms total 25.802ms
08-05 03:59:51.777 24383 25881 I art     : Starting a blocking GC Explicit
08-05 03:59:51.804 24383 25881 I art     : Explicit concurrent mark sweep GC freed 5(160B) AllocSpace objects, 0(0B) LOS objects, 37% free, 26MB/42MB, paused 997us total 26.196ms
08-05 03:59:51.900   512  2967 D audio_hw_primary: disable_audio_route: reset and update mixer path: low-latency-playback speaker
08-05 03:59:51.901   512  2967 D audio_hw_primary: disable_snd_device: snd_device(2: speaker)
08-05 03:59:51.911   512  2967 I soundtrigger: audio_extn_sound_trigger_update_device_status: device 0x2 of type 0 for Event 0
08-05 03:59:52.033 24254 24254 I ServiceManager: Waiting for service AtCmdFwd...
08-05 03:59:52.088 24383 24416 I art     : Starting a blocking GC Explicit
08-05 03:59:52.123 24383 24416 I art     : Explicit concurrent mark sweep GC freed 1371(80KB) AllocSpace objects, 1(20KB) LOS objects, 37% free, 26MB/42MB, paused 1.088ms total 34.634ms
08-05 03:59:52.134 24383 24416 I art     : Starting a blocking GC Explicit
08-05 03:59:52.164 24383 24416 I art     : Explicit concurrent mark sweep GC freed 25(816B) AllocSpace objects, 0(0B) LOS objects, 37% free, 26MB/42MB, paused 1.018ms total 29.433ms
08-05 03:59:52.173 24383 24416 I art     : Starting a blocking GC Explicit
08-05 03:59:52.201 24383 24416 I art     : Explicit concurrent mark sweep GC freed 3(96B) AllocSpace objects, 0(0B) LOS objects, 37% free, 26MB/42MB, paused 992us total 27.757ms
08-05 03:59:52.211 24383 24416 I art     : Starting a blocking GC Explicit
08-05 03:59:52.240 24383 24416 I art     : Explicit concurrent mark sweep GC freed 3(96B) AllocSpace objects, 0(0B) LOS objects, 37% free, 26MB/42MB, paused 1.002ms total 29.018ms
08-05 03:59:52.250 24383 24416 I art     : Starting a blocking GC Explicit
08-05 03:59:52.279 24383 24416 I art     : Explicit concurrent mark sweep GC freed 3(96B) AllocSpace objects, 0(0B) LOS objects, 37% free, 26MB/42MB, paused 1.018ms total 28.875ms
08-05 03:59:52.583 24383 24404 I art     : Starting a blocking GC Explicit
08-05 03:59:52.612 24383 24404 I art     : Explicit concurrent mark sweep GC freed 1400(81KB) AllocSpace objects, 1(20KB) LOS objects, 37% free, 26MB/42MB, paused 1.058ms total 28.884ms
08-05 03:59:52.622 24383 24404 I art     : Starting a blocking GC Explicit
08-05 03:59:52.649 24383 24404 I art     : Explicit concurrent mark sweep GC freed 23(752B) AllocSpace objects, 0(0B) LOS objects, 37% free, 26MB/42MB, paused 1.019ms total 26.867ms
08-05 03:59:52.658 24383 24404 I art     : Starting a blocking GC Explicit
08-05 03:59:52.685 24383 24404 I art     : Explicit concurrent mark sweep GC freed 3(96B) AllocSpace objects, 0(0B) LOS objects, 37% free, 26MB/42MB, paused 996us total 26.645ms
08-05 03:59:52.694 24383 24404 I art     : Starting a blocking GC Explicit
08-05 03:59:52.722 24383 24404 I art     : Explicit concurrent mark sweep GC freed 3(96B) AllocSpace objects, 0(0B) LOS objects, 37% free, 26MB/42MB, paused 1.009ms total 27.393ms
08-05 03:59:52.731 24383 24404 I art     : Starting a blocking GC Explicit
08-05 03:59:52.758 24383 24404 I art     : Explicit concurrent mark sweep GC freed 3(96B) AllocSpace objects, 0(0B) LOS objects, 37% free, 26MB/42MB, paused 1.042ms total 26.822ms
08-05 03:59:52.986 26772 26772 D AndroidRuntime: >>>>>> START com.android.internal.os.RuntimeInit uid 2000 <<<<<<
08-05 03:59:52.991 26772 26772 D AndroidRuntime: CheckJNI is OFF
08-05 03:59:53.028 26772 26772 D ICU     : No timezone override file found: /data/misc/zoneinfo/current/icu/icu_tzdata.dat
08-05 03:59:53.034 24254 24254 I ServiceManager: Waiting for service AtCmdFwd...
08-05 03:59:53.040 24383 24416 I art     : Starting a blocking GC Explicit
08-05 03:59:53.064 26772 26772 I Radio-JNI: register_android_hardware_Radio DONE
08-05 03:59:53.070 24383 24416 I art     : Explicit concurrent mark sweep GC freed 1382(80KB) AllocSpace objects, 1(20KB) LOS objects, 37% free, 26MB/42MB, paused 1.067ms total 29.643ms
08-05 03:59:53.079 24383 24416 I art     : Starting a blocking GC Explicit
08-05 03:59:53.088 26772 26772 D AndroidRuntime: Calling main entry com.android.commands.input.Input
08-05 03:59:53.090 26772 26772 I Input   : injectMotionEvent: MotionEvent { action=ACTION_DOWN, actionButton=0, id[0]=0, x[0]=625.0, y[0]=1248.0, toolType[0]=TOOL_TYPE_UNKNOWN, buttonState=0, metaState=0, flags=0x0, edgeFlags=0x0, pointerCount=1, historySize=0, eventTime=763209503, downTime=763209503, deviceId=0, source=0x1002 }
08-05 03:59:53.095 26772 26772 I Input   : injectMotionEvent: MotionEvent { action=ACTION_UP, actionButton=0, id[0]=0, x[0]=625.0, y[0]=1248.0, toolType[0]=TOOL_TYPE_UNKNOWN, buttonState=0, metaState=0, flags=0x0, edgeFlags=0x0, pointerCount=1, historySize=0, eventTime=763209503, downTime=763209503, deviceId=0, source=0x1002 }
08-05 03:59:53.096 26772 26772 D AndroidRuntime: Shutting down VM
08-05 03:59:53.107 24383 24416 I art     : Explicit concurrent mark sweep GC freed 51(1616B) AllocSpace objects, 0(0B) LOS objects, 37% free, 26MB/42MB, paused 1.336ms total 27.717ms
08-05 03:59:53.118 24383 24416 I art     : Starting a blocking GC Explicit
08-05 03:59:53.145 24383 24416 I art     : Explicit concurrent mark sweep GC freed 24(880B) AllocSpace objects, 0(0B) LOS objects, 37% free, 26MB/42MB, paused 1.202ms total 26.552ms
08-05 03:59:53.153 24383 24416 I art     : Starting a blocking GC Explicit
08-05 03:59:53.172 24383 24383 D MainActivity: loadFragment(index: 7, args: null)
08-05 03:59:53.173 24383 24383 D MainActivity: saveLastNavFragment(tag: 2)
08-05 03:59:53.174 24383 24383 D MainActivity: getLastNavFragment() -> 2
08-05 03:59:53.174   512  2967 D audio_hw_primary: out_set_parameters: enter: usecase(1: low-latency-playback) kvpairs: routing=2
08-05 03:59:53.180 24383 24416 I art     : Explicit concurrent mark sweep GC freed 84(16KB) AllocSpace objects, 1(20KB) LOS objects, 37% free, 26MB/42MB, paused 1.041ms total 26.404ms
08-05 03:59:53.187   512  2967 D audio_hw_primary: select_devices: out_snd_device(2: speaker) in_snd_device(0: none)
08-05 03:59:53.187   512  2967 D msm8974_platform: platform_send_audio_calibration: sending audio calibration for snd_device(2) acdb_id(15)
08-05 03:59:53.187   512  2967 I soundtrigger: audio_extn_sound_trigger_update_device_status: device 0x2 of type 0 for Event 1
08-05 03:59:53.189 24383 24416 I art     : Starting a blocking GC Explicit
08-05 03:59:53.196   512  2967 D audio_hw_primary: enable_snd_device: snd_device(2: speaker)
08-05 03:59:53.198   512  2967 D audio_hw_primary: enable_audio_route: apply and update mixer path: low-latency-playback speaker
08-05 03:59:53.209 24383 24383 D ItemlistFragment: onEventMainThread() called with: event = [DownloadEvent{update=DownloaderUpdate{downloaders=[], feedIds=[], mediaIds=[]}}]
08-05 03:59:53.209 24383 24413 D DBReader: getFeed() called with: feedId = [2]
08-05 03:59:53.211 24383 24413 D DBReader: getFeedItemList() called with: feed = [baseline.de.danoeh.antennapod.core.feed.Feed@2]
08-05 03:59:53.218 24383 24416 I art     : Explicit concurrent mark sweep GC freed 2278(109KB) AllocSpace objects, 0(0B) LOS objects, 37% free, 27MB/43MB, paused 1.303ms total 29.538ms
08-05 03:59:53.283 24383 24413 W PodDBAdapter: Length of id array is larger than 800. Creating multiple cursors
08-05 03:59:53.351 24383 24413 D DBReader: getFavoriteIDList() called
08-05 03:59:53.352 24383 24413 D DBReader: getQueueIDList() called
08-05 03:59:53.353 24383 24413 D DBReader: Extracting Feedlist
08-05 03:59:53.384 24383 24383 D FeedMenuHandler: Preparing options menu
08-05 03:59:53.439 24383 25373 D ApOkHttpUrlLoader: buildLoadData() called with: model = [http://static.libsyn.com/p/assets/7/1/f/3/71f3014e14ef2722/JREiTunesImage2.jpg], width = [1440], height = [462]
08-05 03:59:53.483 24383 24403 I art     : Starting a blocking GC Explicit
08-05 03:59:53.519 24383 24403 I art     : Explicit concurrent mark sweep GC freed 15807(721KB) AllocSpace objects, 3(52KB) LOS objects, 29% free, 37MB/53MB, paused 1.040ms total 36.335ms
08-05 03:59:53.530 24383 24403 I art     : Starting a blocking GC Explicit
08-05 03:59:53.551 24383 24414 V RenderScript: 0x7f7bfb0000 Launching thread(s), CPUs 8
08-05 03:59:53.563 24383 24403 I art     : Explicit concurrent mark sweep GC freed 2491(134KB) AllocSpace objects, 0(0B) LOS objects, 29% free, 37MB/53MB, paused 1.066ms total 32.830ms
08-05 03:59:53.573 24383 24403 I art     : Starting a blocking GC Explicit
08-05 03:59:53.597 13866 13866 I GoogleInputMethodServic: GoogleInputMethodService.onFinishInput():3138 
08-05 03:59:53.598 13866 13866 I GoogleInputMethodServic: GoogleInputMethodService.onStartInput():1808 
08-05 03:59:53.606 24383 24403 I art     : Explicit concurrent mark sweep GC freed 254(29KB) AllocSpace objects, 5(216KB) LOS objects, 29% free, 37MB/53MB, paused 974us total 32.738ms
08-05 03:59:53.616 24383 24403 I art     : Starting a blocking GC Explicit
08-05 03:59:53.648 24383 24403 I art     : Explicit concurrent mark sweep GC freed 179(9KB) AllocSpace objects, 0(0B) LOS objects, 29% free, 37MB/53MB, paused 960us total 31.661ms
08-05 03:59:53.658 24383 24403 I art     : Starting a blocking GC Explicit
08-05 03:59:53.690 24383 24403 I art     : Explicit concurrent mark sweep GC freed 33(1280B) AllocSpace objects, 0(0B) LOS objects, 29% free, 37MB/53MB, paused 963us total 31.584ms
08-05 03:59:53.728   512  2967 D audio_hw_primary: disable_audio_route: reset and update mixer path: low-latency-playback speaker
08-05 03:59:53.729   512  2967 D audio_hw_primary: disable_snd_device: snd_device(2: speaker)
08-05 03:59:53.737   512  2967 I soundtrigger: audio_extn_sound_trigger_update_device_status: device 0x2 of type 0 for Event 0
08-05 03:59:53.997 24383 24416 I art     : Starting a blocking GC Explicit
08-05 03:59:54.034 24254 24254 I ServiceManager: Waiting for service AtCmdFwd...
08-05 03:59:54.035 24383 24416 I art     : Explicit concurrent mark sweep GC freed 1372(80KB) AllocSpace objects, 1(20KB) LOS objects, 29% free, 37MB/53MB, paused 998us total 37.933ms
08-05 03:59:54.047 24383 24416 I art     : Starting a blocking GC Explicit
08-05 03:59:54.084 24383 24416 I art     : Explicit concurrent mark sweep GC freed 61(2048B) AllocSpace objects, 0(0B) LOS objects, 29% free, 37MB/53MB, paused 982us total 37.032ms
08-05 03:59:54.095 24383 24416 I art     : Starting a blocking GC Explicit
08-05 03:59:54.133 24383 24416 I art     : Explicit concurrent mark sweep GC freed 3(96B) AllocSpace objects, 0(0B) LOS objects, 29% free, 37MB/53MB, paused 1.017ms total 37.908ms
08-05 03:59:54.144 24383 24416 I art     : Starting a blocking GC Explicit
08-05 03:59:54.182 24383 24416 I art     : Explicit concurrent mark sweep GC freed 3(96B) AllocSpace objects, 0(0B) LOS objects, 29% free, 37MB/53MB, paused 1.015ms total 37.262ms
08-05 03:59:54.193 24383 24416 I art     : Starting a blocking GC Explicit
08-05 03:59:54.232 24383 24416 I art     : Explicit concurrent mark sweep GC freed 3(96B) AllocSpace objects, 0(0B) LOS objects, 29% free, 37MB/53MB, paused 1.008ms total 38.450ms
08-05 03:59:54.535 24383 24403 I art     : Starting a blocking GC Explicit
08-05 03:59:54.588 24383 24403 I art     : Explicit concurrent mark sweep GC freed 1401(81KB) AllocSpace objects, 1(20KB) LOS objects, 29% free, 37MB/53MB, paused 1.109ms total 52.601ms
08-05 03:59:54.602 24383 24403 I art     : Starting a blocking GC Explicit
08-05 03:59:54.640 24383 24403 I art     : Explicit concurrent mark sweep GC freed 23(752B) AllocSpace objects, 0(0B) LOS objects, 29% free, 37MB/53MB, paused 1.151ms total 38.026ms
08-05 03:59:54.652 24383 24403 I art     : Starting a blocking GC Explicit
08-05 03:59:54.690 24383 24403 I art     : Explicit concurrent mark sweep GC freed 3(96B) AllocSpace objects, 0(0B) LOS objects, 29% free, 37MB/53MB, paused 998us total 38.383ms
08-05 03:59:54.702 24383 24403 I art     : Starting a blocking GC Explicit
08-05 03:59:54.740 24383 24403 I art     : Explicit concurrent mark sweep GC freed 3(96B) AllocSpace objects, 0(0B) LOS objects, 29% free, 37MB/53MB, paused 1.142ms total 37.635ms
08-05 03:59:54.751 24383 24403 I art     : Starting a blocking GC Explicit
08-05 03:59:54.790 24383 24403 I art     : Explicit concurrent mark sweep GC freed 3(96B) AllocSpace objects, 0(0B) LOS objects, 29% free, 37MB/53MB, paused 1.008ms total 38.482ms
08-05 03:59:55.035 24254 24254 I ServiceManager: Waiting for service AtCmdFwd...
08-05 03:59:55.126 24383 25881 I art     : Starting a blocking GC Explicit
08-05 03:59:55.169 24383 25881 I art     : Explicit concurrent mark sweep GC freed 1395(81KB) AllocSpace objects, 1(20KB) LOS objects, 29% free, 37MB/53MB, paused 1.099ms total 42.408ms
08-05 03:59:55.181 24383 25881 I art     : Starting a blocking GC Explicit
08-05 03:59:55.215 24383 25881 I art     : Explicit concurrent mark sweep GC freed 29(944B) AllocSpace objects, 0(0B) LOS objects, 29% free, 37MB/53MB, paused 897us total 34.139ms
08-05 03:59:55.227 24383 25881 I art     : Starting a blocking GC Explicit
08-05 03:59:55.262 24383 25881 I art     : Explicit concurrent mark sweep GC freed 4(128B) AllocSpace objects, 0(0B) LOS objects, 29% free, 37MB/53MB, paused 913us total 35.324ms
08-05 03:59:55.273 24383 25881 I art     : Starting a blocking GC Explicit
08-05 03:59:55.309 24383 25881 I art     : Explicit concurrent mark sweep GC freed 3(96B) AllocSpace objects, 0(0B) LOS objects, 29% free, 37MB/53MB, paused 1.028ms total 35.667ms
08-05 03:59:55.320 24383 25881 I art     : Starting a blocking GC Explicit
08-05 03:59:55.357 24383 25881 I art     : Explicit concurrent mark sweep GC freed 3(96B) AllocSpace objects, 0(0B) LOS objects, 29% free, 37MB/53MB, paused 1.058ms total 37.070ms
08-05 03:59:55.695 24383 24403 I art     : Starting a blocking GC Explicit
08-05 03:59:55.746 24383 24403 I art     : Explicit concurrent mark sweep GC freed 2103(103KB) AllocSpace objects, 1(20KB) LOS objects, 29% free, 37MB/53MB, paused 1.330ms total 50.771ms
08-05 03:59:55.758 24383 24403 I art     : Starting a blocking GC Explicit
08-05 03:59:55.796 24383 24403 I art     : Explicit concurrent mark sweep GC freed 23(752B) AllocSpace objects, 0(0B) LOS objects, 29% free, 37MB/53MB, paused 1.008ms total 38.052ms
08-05 03:59:55.807 24383 24403 I art     : Starting a blocking GC Explicit
08-05 03:59:55.845 24383 24403 I art     : Explicit concurrent mark sweep GC freed 3(96B) AllocSpace objects, 0(0B) LOS objects, 29% free, 37MB/53MB, paused 1.112ms total 37.619ms
08-05 03:59:55.857 24383 24403 I art     : Starting a blocking GC Explicit
08-05 03:59:55.893 24383 24403 I art     : Explicit concurrent mark sweep GC freed 3(96B) AllocSpace objects, 0(0B) LOS objects, 29% free, 37MB/53MB, paused 1.009ms total 36.627ms
08-05 03:59:55.905 24383 24403 I art     : Starting a blocking GC Explicit
08-05 03:59:55.943 24383 24403 I art     : Explicit concurrent mark sweep GC freed 3(96B) AllocSpace objects, 0(0B) LOS objects, 29% free, 37MB/53MB, paused 1.022ms total 37.914ms
08-05 03:59:56.036 24254 24254 I ServiceManager: Waiting for service AtCmdFwd...
08-05 03:59:56.261 24383 24416 I art     : Starting a blocking GC Explicit
08-05 03:59:56.309 24383 24416 I art     : Explicit concurrent mark sweep GC freed 2260(112KB) AllocSpace objects, 1(20KB) LOS objects, 30% free, 37MB/53MB, paused 1.315ms total 47.962ms
08-05 03:59:56.322 24383 24416 I art     : Starting a blocking GC Explicit
08-05 03:59:56.360 24383 24416 I art     : Explicit concurrent mark sweep GC freed 23(752B) AllocSpace objects, 0(0B) LOS objects, 30% free, 37MB/53MB, paused 965us total 37.008ms
08-05 03:59:56.371 24383 24416 I art     : Starting a blocking GC Explicit
08-05 03:59:56.409 24383 24416 I art     : Explicit concurrent mark sweep GC freed 3(96B) AllocSpace objects, 0(0B) LOS objects, 30% free, 37MB/53MB, paused 1.029ms total 37.816ms
08-05 03:59:56.420 24383 24416 I art     : Starting a blocking GC Explicit
08-05 03:59:56.458 24383 24416 I art     : Explicit concurrent mark sweep GC freed 3(96B) AllocSpace objects, 0(0B) LOS objects, 30% free, 37MB/53MB, paused 1.079ms total 37.791ms
08-05 03:59:56.470 24383 24416 I art     : Starting a blocking GC Explicit
08-05 03:59:56.507 24383 24416 I art     : Explicit concurrent mark sweep GC freed 3(96B) AllocSpace objects, 0(0B) LOS objects, 30% free, 37MB/53MB, paused 1.084ms total 37.385ms
08-05 03:59:56.837 24383 24404 I art     : Starting a blocking GC Explicit
08-05 03:59:56.885 24383 24404 I art     : Explicit concurrent mark sweep GC freed 1403(82KB) AllocSpace objects, 1(20KB) LOS objects, 30% free, 37MB/53MB, paused 1.086ms total 47.734ms
08-05 03:59:56.897 24383 24404 I art     : Starting a blocking GC Explicit
08-05 03:59:56.936 24383 24404 I art     : Explicit concurrent mark sweep GC freed 23(752B) AllocSpace objects, 0(0B) LOS objects, 30% free, 37MB/53MB, paused 1.001ms total 38.030ms
08-05 03:59:56.947 24383 24404 I art     : Starting a blocking GC Explicit
08-05 03:59:56.984 24383 24404 I art     : Explicit concurrent mark sweep GC freed 3(96B) AllocSpace objects, 0(0B) LOS objects, 30% free, 37MB/53MB, paused 1.009ms total 36.415ms
08-05 03:59:56.995 24383 24404 I art     : Starting a blocking GC Explicit
08-05 03:59:57.033 24383 24404 I art     : Explicit concurrent mark sweep GC freed 3(96B) AllocSpace objects, 0(0B) LOS objects, 30% free, 37MB/53MB, paused 989us total 37.860ms
08-05 03:59:57.036 24254 24254 W Atfwd_Sendcmd: AtCmdFwd service not published, waiting... retryCnt : 3
08-05 03:59:57.045 24383 24404 I art     : Starting a blocking GC Explicit
08-05 03:59:57.083 24383 24404 I art     : Explicit concurrent mark sweep GC freed 3(96B) AllocSpace objects, 0(0B) LOS objects, 30% free, 37MB/53MB, paused 942us total 38.296ms
08-05 03:59:57.417 24383 25881 I art     : Starting a blocking GC Explicit
08-05 03:59:57.454 24383 25881 I art     : Explicit concurrent mark sweep GC freed 1373(82KB) AllocSpace objects, 1(20KB) LOS objects, 30% free, 37MB/53MB, paused 1.161ms total 36.923ms
08-05 03:59:57.465 24383 25881 I art     : Starting a blocking GC Explicit
08-05 03:59:57.502 24383 25881 I art     : Explicit concurrent mark sweep GC freed 23(752B) AllocSpace objects, 0(0B) LOS objects, 30% free, 37MB/53MB, paused 1.001ms total 36.676ms
08-05 03:59:57.513 24383 25881 I art     : Starting a blocking GC Explicit
08-05 03:59:57.548 24383 25881 I art     : Explicit concurrent mark sweep GC freed 32(880B) AllocSpace objects, 0(0B) LOS objects, 30% free, 37MB/53MB, paused 1.091ms total 35.423ms
08-05 03:59:57.559 24383 25881 I art     : Starting a blocking GC Explicit
08-05 03:59:57.595 24383 25881 I art     : Explicit concurrent mark sweep GC freed 3(96B) AllocSpace objects, 0(0B) LOS objects, 30% free, 37MB/53MB, paused 1.052ms total 35.112ms
08-05 03:59:57.605 24383 25881 I art     : Starting a blocking GC Explicit
08-05 03:59:57.641 24383 25881 I art     : Explicit concurrent mark sweep GC freed 3(96B) AllocSpace objects, 0(0B) LOS objects, 30% free, 37MB/53MB, paused 1.014ms total 35.649ms
08-05 03:59:57.758 26883 26883 D AndroidRuntime: >>>>>> START com.android.internal.os.RuntimeInit uid 2000 <<<<<<
08-05 03:59:57.766 26883 26883 D AndroidRuntime: CheckJNI is OFF
08-05 03:59:57.804 26883 26883 D ICU     : No timezone override file found: /data/misc/zoneinfo/current/icu/icu_tzdata.dat
08-05 03:59:57.837 26883 26883 I Radio-JNI: register_android_hardware_Radio DONE
08-05 03:59:57.859 26883 26883 D AndroidRuntime: Calling main entry com.android.commands.input.Input
08-05 03:59:57.861 26883 26883 I Input   : injectMotionEvent: MotionEvent { action=ACTION_DOWN, actionButton=0, id[0]=0, x[0]=1363.0, y[0]=517.0, toolType[0]=TOOL_TYPE_UNKNOWN, buttonState=0, metaState=0, flags=0x0, edgeFlags=0x0, pointerCount=1, historySize=0, eventTime=763214274, downTime=763214274, deviceId=0, source=0x1002 }
08-05 03:59:57.867 26883 26883 I Input   : injectMotionEvent: MotionEvent { action=ACTION_UP, actionButton=0, id[0]=0, x[0]=1363.0, y[0]=517.0, toolType[0]=TOOL_TYPE_UNKNOWN, buttonState=0, metaState=0, flags=0x0, edgeFlags=0x0, pointerCount=1, historySize=0, eventTime=763214274, downTime=763214274, deviceId=0, source=0x1002 }
08-05 03:59:57.871 26883 26883 D AndroidRuntime: Shutting down VM
08-05 03:59:57.879   918  6029 I ActivityManager: START u0 {cmp=baseline.de.danoeh.antennapod.debug/baseline.de.danoeh.antennapod.activity.FeedSettingsActivity (has extras)} from uid 10691 on display 0
08-05 03:59:57.880   512  2967 D audio_hw_primary: out_set_parameters: enter: usecase(1: low-latency-playback) kvpairs: routing=2
08-05 03:59:57.893   512  2967 D audio_hw_primary: select_devices: out_snd_device(2: speaker) in_snd_device(0: none)
08-05 03:59:57.893   512  2967 D msm8974_platform: platform_send_audio_calibration: sending audio calibration for snd_device(2) acdb_id(15)
08-05 03:59:57.893   512  2967 I soundtrigger: audio_extn_sound_trigger_update_device_status: device 0x2 of type 0 for Event 1
08-05 03:59:57.904   512  2967 D audio_hw_primary: enable_snd_device: snd_device(2: speaker)
08-05 03:59:57.907   512  2967 D audio_hw_primary: enable_audio_route: apply and update mixer path: low-latency-playback speaker
08-05 03:59:57.956 24383 24404 I art     : Starting a blocking GC Explicit
08-05 03:59:57.994 24383 24404 I art     : Explicit concurrent mark sweep GC freed 36017(1550KB) AllocSpace objects, 1(20KB) LOS objects, 29% free, 37MB/53MB, paused 1.332ms total 38.548ms
08-05 03:59:58.005 24383 24404 I art     : Starting a blocking GC Explicit
08-05 03:59:58.043 24383 24404 I art     : Explicit concurrent mark sweep GC freed 13735(606KB) AllocSpace objects, 0(0B) LOS objects, 29% free, 38MB/54MB, paused 1.390ms total 37.377ms
08-05 03:59:58.054 24383 24404 I art     : Starting a blocking GC Explicit
08-05 03:59:58.067 24383 24971 D DBReader: getFeed() called with: feedId = [2]
08-05 03:59:58.068 24383 24971 D DBReader: getFeedItemList() called with: feed = [baseline.de.danoeh.antennapod.core.feed.Feed@2]
08-05 03:59:58.093 24383 24404 I art     : Explicit concurrent mark sweep GC freed 2928(175KB) AllocSpace objects, 0(0B) LOS objects, 28% free, 39MB/55MB, paused 1.975ms total 39.413ms
08-05 03:59:58.105 24383 24404 I art     : Starting a blocking GC Explicit
08-05 03:59:58.147 24383 24404 I art     : Explicit concurrent mark sweep GC freed 1987(57KB) AllocSpace objects, 0(0B) LOS objects, 28% free, 41MB/57MB, paused 1.793ms total 42.132ms
08-05 03:59:58.155 24383 24971 W PodDBAdapter: Length of id array is larger than 800. Creating multiple cursors
08-05 03:59:58.159 24383 24404 I art     : Starting a blocking GC Explicit
08-05 03:59:58.180   918   936 I ActivityManager: Displayed baseline.de.danoeh.antennapod.debug/baseline.de.danoeh.antennapod.activity.FeedSettingsActivity: +294ms
08-05 03:59:58.183 13866 13866 I GoogleInputMethodServic: GoogleInputMethodService.onFinishInput():3138 
08-05 03:59:58.184 13866 13866 I GoogleInputMethodServic: GoogleInputMethodService.onStartInput():1808 
08-05 03:59:58.208 24383 24404 I art     : Explicit concurrent mark sweep GC freed 2244(181KB) AllocSpace objects, 1(16KB) LOS objects, 27% free, 41MB/57MB, paused 1.579ms total 48.769ms
08-05 03:59:58.218 24383 24414 D OpenGLRenderer: endAllStagingAnimators on 0x7f7ecd2000 (RippleDrawable) with handle 0x7f7a0e5960
08-05 03:59:58.232 24383 25373 D ApOkHttpUrlLoader: buildLoadData() called with: model = [http://static.libsyn.com/p/assets/7/1/f/3/71f3014e14ef2722/JREiTunesImage2.jpg], width = [1440], height = [462]
08-05 03:59:58.236 13866 13866 I GoogleInputMethodServic: GoogleInputMethodService.onStartInput():1808 
08-05 03:59:58.236 13866 13866 W SessionManager: SessionManager.beginSession():53 Try to begin an already begun session [INPUT_SESSION], end it first
08-05 03:59:58.243 13866 13866 I ShortcutsDataManager: ShortcutsDataManager.onContentChanged():89 onContentChanged()
08-05 03:59:58.247 24383 24383 D FeedSettingsActivity: No filter set
08-05 03:59:58.254   918   929 W IntentResolver: resolveIntent: multiple matches, only some with CATEGORY_DEFAULT
08-05 03:59:58.428   380   380 W SurfaceFlinger: couldn't log to binary event log: overflow.
08-05 03:59:58.448   512  2967 D audio_hw_primary: disable_audio_route: reset and update mixer path: low-latency-playback speaker
08-05 03:59:58.449   512  2967 D audio_hw_primary: disable_snd_device: snd_device(2: speaker)
08-05 03:59:58.456   512  2967 I soundtrigger: audio_extn_sound_trigger_update_device_status: device 0x2 of type 0 for Event 0
08-05 03:59:58.515 24383 24403 I art     : Starting a blocking GC Explicit
08-05 03:59:58.568 24383 24403 I art     : Explicit concurrent mark sweep GC freed 9626(329KB) AllocSpace objects, 2(36KB) LOS objects, 27% free, 42MB/58MB, paused 1.280ms total 52.998ms
08-05 03:59:58.583 24383 24383 D PlaybackController: Releasing PlaybackController
08-05 03:59:58.584 24383 24403 I art     : Starting a blocking GC Explicit
08-05 03:59:58.628 24383 24403 I art     : Explicit concurrent mark sweep GC freed 808(53KB) AllocSpace objects, 0(0B) LOS objects, 27% free, 41MB/57MB, paused 1.232ms total 43.377ms
08-05 03:59:58.641 24383 24403 I art     : Starting a blocking GC Explicit
08-05 03:59:58.684 24383 24403 I art     : Explicit concurrent mark sweep GC freed 63(2192B) AllocSpace objects, 0(0B) LOS objects, 27% free, 41MB/57MB, paused 1.021ms total 42.623ms
08-05 03:59:58.696 24383 24403 I art     : Starting a blocking GC Explicit
08-05 03:59:58.744 24383 24403 I art     : Explicit concurrent mark sweep GC freed 26(976B) AllocSpace objects, 0(0B) LOS objects, 27% free, 41MB/57MB, paused 1.066ms total 47.776ms
08-05 03:59:58.757 24383 24403 I art     : Starting a blocking GC Explicit
08-05 03:59:58.803 24383 24403 I art     : Explicit concurrent mark sweep GC freed 51(2240B) AllocSpace objects, 0(0B) LOS objects, 27% free, 41MB/57MB, paused 1.069ms total 45.677ms
08-05 03:59:59.116 24383 24404 I art     : Starting a blocking GC Explicit
08-05 03:59:59.181 24383 24404 I art     : Explicit concurrent mark sweep GC freed 1376(80KB) AllocSpace objects, 1(20KB) LOS objects, 27% free, 41MB/57MB, paused 1.100ms total 65.325ms
08-05 03:59:59.187   918  3261 D WifiStateMachine: starting scan for "H369AA63323"WPA_PSK with 2412,5180
08-05 03:59:59.195 24383 24404 I art     : Starting a blocking GC Explicit
08-05 03:59:59.243 24383 24404 I art     : Explicit concurrent mark sweep GC freed 23(752B) AllocSpace objects, 0(0B) LOS objects, 27% free, 41MB/57MB, paused 1.084ms total 48.229ms
08-05 03:59:59.257 24383 24404 I art     : Starting a blocking GC Explicit
08-05 03:59:59.301 24383 24404 I art     : Explicit concurrent mark sweep GC freed 3(96B) AllocSpace objects, 0(0B) LOS objects, 27% free, 41MB/57MB, paused 1.060ms total 44.520ms
08-05 03:59:59.314 24383 24404 I art     : Starting a blocking GC Explicit
08-05 03:59:59.362 24383 24404 I art     : Explicit concurrent mark sweep GC freed 3(96B) AllocSpace objects, 0(0B) LOS objects, 27% free, 41MB/57MB, paused 1.087ms total 48.230ms
08-05 03:59:59.375 24383 24404 I art     : Starting a blocking GC Explicit
08-05 03:59:59.426 24383 24404 I art     : Explicit concurrent mark sweep GC freed 3(96B) AllocSpace objects, 0(0B) LOS objects, 27% free, 41MB/57MB, paused 1.112ms total 50.296ms
08-05 03:59:59.780 24383 25881 I art     : Starting a blocking GC Explicit
08-05 03:59:59.832 24383 25881 I art     : Explicit concurrent mark sweep GC freed 1434(82KB) AllocSpace objects, 1(20KB) LOS objects, 27% free, 41MB/57MB, paused 1.307ms total 52.259ms
08-05 03:59:59.846 24383 25881 I art     : Starting a blocking GC Explicit
08-05 03:59:59.890 24383 25881 I art     : Explicit concurrent mark sweep GC freed 39(1264B) AllocSpace objects, 0(0B) LOS objects, 27% free, 41MB/57MB, paused 1.064ms total 43.852ms
08-05 03:59:59.903 24383 25881 I art     : Starting a blocking GC Explicit
08-05 03:59:59.950 24383 25881 I art     : Explicit concurrent mark sweep GC freed 13(416B) AllocSpace objects, 0(0B) LOS objects, 27% free, 41MB/57MB, paused 1.076ms total 46.529ms
08-05 03:59:59.963 24383 25881 I art     : Starting a blocking GC Explicit
08-05 04:00:00.009 24383 25881 I art     : Explicit concurrent mark sweep GC freed 3(96B) AllocSpace objects, 0(0B) LOS objects, 27% free, 41MB/57MB, paused 1.005ms total 45.488ms
08-05 04:00:00.021 24383 25881 I art     : Starting a blocking GC Explicit
08-05 04:00:00.066 24383 25881 I art     : Explicit concurrent mark sweep GC freed 3(96B) AllocSpace objects, 0(0B) LOS objects, 27% free, 41MB/57MB, paused 997us total 44.695ms
08-05 04:00:00.404 24383 24403 I art     : Starting a blocking GC Explicit
08-05 04:00:00.464 24383 24403 I art     : Explicit concurrent mark sweep GC freed 1373(82KB) AllocSpace objects, 1(20KB) LOS objects, 27% free, 41MB/57MB, paused 1.097ms total 59.983ms
08-05 04:00:00.477 24383 24403 I art     : Starting a blocking GC Explicit
08-05 04:00:00.526 24383 24403 I art     : Explicit concurrent mark sweep GC freed 52(1536B) AllocSpace objects, 0(0B) LOS objects, 27% free, 41MB/57MB, paused 1.085ms total 47.953ms
08-05 04:00:00.539 24383 24403 I art     : Starting a blocking GC Explicit
08-05 04:00:00.589 24383 24403 I art     : Explicit concurrent mark sweep GC freed 3(96B) AllocSpace objects, 0(0B) LOS objects, 27% free, 41MB/57MB, paused 1.115ms total 49.671ms
08-05 04:00:00.603 24383 24403 I art     : Starting a blocking GC Explicit
08-05 04:00:00.653 24383 24403 I art     : Explicit concurrent mark sweep GC freed 3(96B) AllocSpace objects, 0(0B) LOS objects, 27% free, 41MB/57MB, paused 1.082ms total 49.732ms
08-05 04:00:00.666 24383 24403 I art     : Starting a blocking GC Explicit
08-05 04:00:00.716 24383 24403 I art     : Explicit concurrent mark sweep GC freed 3(96B) AllocSpace objects, 0(0B) LOS objects, 27% free, 41MB/57MB, paused 1.096ms total 49.902ms
08-05 04:00:01.050 24383 25881 I art     : Starting a blocking GC Explicit
08-05 04:00:01.115 24383 25881 I art     : Explicit concurrent mark sweep GC freed 1373(81KB) AllocSpace objects, 1(20KB) LOS objects, 27% free, 41MB/57MB, paused 1.162ms total 65.008ms
08-05 04:00:01.131 24383 25881 I art     : Starting a blocking GC Explicit
08-05 04:00:01.180 24383 25881 I art     : Explicit concurrent mark sweep GC freed 23(752B) AllocSpace objects, 0(0B) LOS objects, 27% free, 41MB/57MB, paused 1.106ms total 48.758ms
08-05 04:00:01.193 24383 25881 I art     : Starting a blocking GC Explicit
08-05 04:00:01.243 24383 25881 I art     : Explicit concurrent mark sweep GC freed 3(96B) AllocSpace objects, 0(0B) LOS objects, 27% free, 41MB/57MB, paused 1.112ms total 49.819ms
08-05 04:00:01.257 24383 25881 I art     : Starting a blocking GC Explicit
08-05 04:00:01.306 24383 25881 I art     : Explicit concurrent mark sweep GC freed 3(96B) AllocSpace objects, 0(0B) LOS objects, 27% free, 41MB/57MB, paused 1.117ms total 49.303ms
08-05 04:00:01.320 24383 25881 I art     : Starting a blocking GC Explicit
08-05 04:00:01.368 24383 25881 I art     : Explicit concurrent mark sweep GC freed 3(96B) AllocSpace objects, 0(0B) LOS objects, 27% free, 41MB/57MB, paused 1.170ms total 47.332ms
08-05 04:00:01.716 24383 24403 I art     : Starting a blocking GC Explicit
08-05 04:00:01.785 24383 24403 I art     : Explicit concurrent mark sweep GC freed 2104(107KB) AllocSpace objects, 1(20KB) LOS objects, 27% free, 41MB/57MB, paused 1.298ms total 69.115ms
08-05 04:00:01.802 24383 24403 I art     : Starting a blocking GC Explicit
08-05 04:00:01.850 24383 24403 I art     : Explicit concurrent mark sweep GC freed 23(752B) AllocSpace objects, 0(0B) LOS objects, 27% free, 41MB/57MB, paused 1.047ms total 47.933ms
08-05 04:00:01.863 24383 24403 I art     : Starting a blocking GC Explicit
08-05 04:00:01.912 24383 24403 I art     : Explicit concurrent mark sweep GC freed 3(96B) AllocSpace objects, 0(0B) LOS objects, 27% free, 41MB/57MB, paused 1.102ms total 49.128ms
08-05 04:00:01.926 24383 24403 I art     : Starting a blocking GC Explicit
08-05 04:00:01.974 24383 24403 I art     : Explicit concurrent mark sweep GC freed 3(96B) AllocSpace objects, 0(0B) LOS objects, 27% free, 41MB/57MB, paused 1.100ms total 48.698ms
08-05 04:00:01.988 24383 24403 I art     : Starting a blocking GC Explicit
08-05 04:00:02.037 24383 24403 I art     : Explicit concurrent mark sweep GC freed 3(96B) AllocSpace objects, 0(0B) LOS objects, 27% free, 41MB/57MB, paused 1.161ms total 49.339ms
08-05 04:00:02.324 24383 25881 I art     : Starting a blocking GC Explicit
08-05 04:00:02.373 24383 25881 I art     : Explicit concurrent mark sweep GC freed 2261(112KB) AllocSpace objects, 1(20KB) LOS objects, 27% free, 41MB/57MB, paused 1.128ms total 48.545ms
08-05 04:00:02.386 24383 25881 I art     : Starting a blocking GC Explicit
08-05 04:00:02.434 24383 25881 I art     : Explicit concurrent mark sweep GC freed 23(752B) AllocSpace objects, 0(0B) LOS objects, 27% free, 41MB/57MB, paused 1.010ms total 47.294ms
08-05 04:00:02.447 24383 25881 I art     : Starting a blocking GC Explicit
08-05 04:00:02.493 24383 25881 I art     : Explicit concurrent mark sweep GC freed 3(96B) AllocSpace objects, 0(0B) LOS objects, 27% free, 41MB/57MB, paused 1.096ms total 46.270ms
08-05 04:00:02.506 24383 25881 I art     : Starting a blocking GC Explicit
08-05 04:00:02.553 24383 25881 I art     : Explicit concurrent mark sweep GC freed 32(880B) AllocSpace objects, 0(0B) LOS objects, 27% free, 41MB/57MB, paused 1.273ms total 46.146ms
08-05 04:00:02.560 26976 26976 D AndroidRuntime: >>>>>> START com.android.internal.os.RuntimeInit uid 2000 <<<<<<
08-05 04:00:02.565 26976 26976 D AndroidRuntime: CheckJNI is OFF
08-05 04:00:02.566 24383 25881 I art     : Starting a blocking GC Explicit
08-05 04:00:02.599 26976 26976 D ICU     : No timezone override file found: /data/misc/zoneinfo/current/icu/icu_tzdata.dat
08-05 04:00:02.611 24383 25881 I art     : Explicit concurrent mark sweep GC freed 3(96B) AllocSpace objects, 0(0B) LOS objects, 27% free, 41MB/57MB, paused 1.124ms total 45.226ms
08-05 04:00:02.633 26976 26976 I Radio-JNI: register_android_hardware_Radio DONE
08-05 04:00:02.655 26976 26976 D AndroidRuntime: Calling main entry com.android.commands.input.Input
08-05 04:00:02.656 26976 26976 I Input   : injectKeyEvent: KeyEvent { action=ACTION_DOWN, keyCode=KEYCODE_BACK, scanCode=0, metaState=0, flags=0x0, repeatCount=0, eventTime=763219069, downTime=763219069, deviceId=-1, source=0x101 }
08-05 04:00:02.665 26976 26976 I Input   : injectKeyEvent: KeyEvent { action=ACTION_UP, keyCode=KEYCODE_BACK, scanCode=0, metaState=0, flags=0x0, repeatCount=0, eventTime=763219069, downTime=763219069, deviceId=-1, source=0x101 }
08-05 04:00:02.671 26976 26976 D AndroidRuntime: Shutting down VM
08-05 04:00:02.676 24383 24383 V PlaybackController: initServiceNotRunning()
08-05 04:00:02.676 24383 24383 D ExternalPlayerFragment: Loading media info
08-05 04:00:02.678 24383 24383 D ItemlistFragment: onEventMainThread() called with: event = [DownloadEvent{update=DownloaderUpdate{downloaders=[], feedIds=[], mediaIds=[]}}]
08-05 04:00:02.679 24383 25373 D ApOkHttpUrlLoader: buildLoadData() called with: model = [http://static.libsyn.com/p/assets/7/1/f/3/71f3014e14ef2722/JREiTunesImage2.jpg], width = [1440], height = [462]
08-05 04:00:02.681 24383 24383 D UserPreferences: Using default data folder
08-05 04:00:02.686 24383 24971 D DBReader: getNavDrawerData() called with: 
08-05 04:00:02.686 24383 24419 D DBReader: getFeed() called with: feedId = [2]
08-05 04:00:02.687 24383 24419 D DBReader: getFeedItemList() called with: feed = [baseline.de.danoeh.antennapod.core.feed.Feed@2]
08-05 04:00:02.696 24383 24383 D FeedMenuHandler: Preparing options menu
08-05 04:00:02.707 24383 24971 D DBReader: getDownloadedItems() called
08-05 04:00:02.708 24383 24971 D DBReader: getFavoriteIDList() called
08-05 04:00:02.709 24383 24971 D DBReader: getQueueIDList() called
08-05 04:00:02.709 24383 24971 D DBReader: Extracting Feedlist
08-05 04:00:02.734 24383 24383 D MainActivity: getLastNavFragment() -> 2
08-05 04:00:02.734 13866 13866 I GoogleInputMethodServic: GoogleInputMethodService.onFinishInput():3138 
08-05 04:00:02.734 13866 13866 I GoogleInputMethodServic: GoogleInputMethodService.onStartInput():1808 
08-05 04:00:02.735 13866 13866 I ShortcutsDataManager: AbstractContentDataManager.startImportContentTask():208 startImportContentTask()
08-05 04:00:02.736 13866 13938 I ShortcutsDataManager: AbstractContentDataManager$ImportContentTask.doInBackground():222 doInBackground()
08-05 04:00:02.736 13866 13938 I PersonalDictionaryDataH: PersonalDictionaryDataHandler.beginProcess():111 LanguageTags = [en-US]
08-05 04:00:02.745 13866 13938 I ShortcutsDataManager: AbstractContentDataManager.importRecords():312 importRecords() : Success : Count = 0
08-05 04:00:02.750 13866 13938 I ShortcutsDataManager: AbstractContentDataManager.importContentData():262 importContentData() : Ending import process
08-05 04:00:02.766 24383 24419 W PodDBAdapter: Length of id array is larger than 800. Creating multiple cursors
08-05 04:00:02.776 13866 13938 I PersonalLanguageModelUp: PersonalLanguageModelUpdater$UpdateOperation.performInternal():160 run() : Added 0 words and 0 shortcuts
08-05 04:00:02.776 13866 13938 I DynamicLanguageModelOpe: DynamicLanguageModelOperation.perform():37 perform() : 4 : coc : Completed
08-05 04:00:02.776 13866 13950 I Delight5Decoder: Delight5DecoderWrapper.loadLanguageModel():578 loadLanguageModel() : 4, version [n/a]
08-05 04:00:02.777 13866 13866 I ShortcutsDataManager: AbstractContentDataManager$ImportContentTask.onPostExecute():233 onPostExecute() : Result = [2,0]
08-05 04:00:02.777 13866 13866 I ShortcutsDataManager: ShortcutsDataManager.onImportFinished():99 onImportFinished() : Result = 2 : Count = 0
08-05 04:00:02.777 13866 13950 I Delight5Decoder: Delight5DecoderWrapper.loadLanguageModel():616 Loaded dynamic LM 4.en
08-05 04:00:02.831 24383 24419 D DBReader: getFavoriteIDList() called
08-05 04:00:02.832 24383 24419 D DBReader: getQueueIDList() called
08-05 04:00:02.833 24383 24419 D DBReader: Extracting Feedlist
08-05 04:00:02.835 24383 25373 D ApOkHttpUrlLoader: buildLoadData() called with: model = [http://static.libsyn.com/p/assets/7/1/f/3/71f3014e14ef2722/JREiTunesImage2.jpg], width = [1440], height = [462]
08-05 04:00:02.855 24383 24383 D FeedMenuHandler: Preparing options menu
08-05 04:00:02.882 24383 25881 I art     : Starting a blocking GC Explicit
08-05 04:00:02.932 24383 25881 I art     : Explicit concurrent mark sweep GC freed 41742(2MB) AllocSpace objects, 3(52KB) LOS objects, 25% free, 47MB/63MB, paused 1.249ms total 50.156ms
08-05 04:00:02.947 24383 25881 I art     : Starting a blocking GC Explicit
08-05 04:00:02.993 24383 25881 I art     : Explicit concurrent mark sweep GC freed 2441(159KB) AllocSpace objects, 0(0B) LOS objects, 25% free, 47MB/63MB, paused 957us total 45.874ms
08-05 04:00:03.008 24383 25881 I art     : Starting a blocking GC Explicit
08-05 04:00:03.057 24383 25881 I art     : Explicit concurrent mark sweep GC freed 3(96B) AllocSpace objects, 0(0B) LOS objects, 25% free, 47MB/63MB, paused 977us total 48.514ms
08-05 04:00:03.066   380   380 W SurfaceFlinger: couldn't log to binary event log: overflow.
08-05 04:00:03.073 24383 25881 I art     : Starting a blocking GC Explicit
08-05 04:00:03.118 24383 25881 I art     : Explicit concurrent mark sweep GC freed 613(25KB) AllocSpace objects, 0(0B) LOS objects, 25% free, 47MB/63MB, paused 1.040ms total 45.332ms
08-05 04:00:03.130 24383 25881 I art     : Starting a blocking GC Explicit
08-05 04:00:03.175 24383 25881 I art     : Explicit concurrent mark sweep GC freed 440(39KB) AllocSpace objects, 1(24KB) LOS objects, 25% free, 47MB/63MB, paused 1.056ms total 44.324ms
08-05 04:00:03.492 24383 24416 I art     : Starting a blocking GC Explicit
08-05 04:00:03.545 24383 24416 I art     : Explicit concurrent mark sweep GC freed 35756(2MB) AllocSpace objects, 44(2MB) LOS objects, 27% free, 42MB/58MB, paused 1.137ms total 53.260ms
08-05 04:00:03.557 24383 24416 I art     : Starting a blocking GC Explicit
08-05 04:00:03.591 24383 24416 I art     : Explicit concurrent mark sweep GC freed 23(752B) AllocSpace objects, 0(0B) LOS objects, 27% free, 42MB/58MB, paused 1.078ms total 33.807ms
08-05 04:00:03.603 24383 24416 I art     : Starting a blocking GC Explicit
08-05 04:00:03.640 24383 24416 I art     : Explicit concurrent mark sweep GC freed 3(96B) AllocSpace objects, 0(0B) LOS objects, 27% free, 42MB/58MB, paused 1.098ms total 37.438ms
08-05 04:00:03.652 24383 24416 I art     : Starting a blocking GC Explicit
08-05 04:00:03.690 24383 24416 I art     : Explicit concurrent mark sweep GC freed 3(96B) AllocSpace objects, 0(0B) LOS objects, 27% free, 42MB/58MB, paused 1.126ms total 37.654ms
08-05 04:00:03.701 24383 24416 I art     : Starting a blocking GC Explicit
08-05 04:00:03.740 24383 24416 I art     : Explicit concurrent mark sweep GC freed 3(96B) AllocSpace objects, 0(0B) LOS objects, 27% free, 42MB/58MB, paused 1.039ms total 38.458ms
08-05 04:00:04.033 24383 24404 I art     : Starting a blocking GC Explicit
08-05 04:00:04.071 24383 24404 I art     : Explicit concurrent mark sweep GC freed 1374(81KB) AllocSpace objects, 1(20KB) LOS objects, 27% free, 42MB/58MB, paused 1.121ms total 38.598ms
08-05 04:00:04.083 24383 24404 I art     : Starting a blocking GC Explicit
08-05 04:00:04.120 24383 24404 I art     : Explicit concurrent mark sweep GC freed 23(752B) AllocSpace objects, 0(0B) LOS objects, 27% free, 42MB/58MB, paused 1.160ms total 36.773ms
08-05 04:00:04.131 24383 24404 I art     : Starting a blocking GC Explicit
08-05 04:00:04.167 24383 24404 I art     : Explicit concurrent mark sweep GC freed 3(96B) AllocSpace objects, 0(0B) LOS objects, 27% free, 42MB/58MB, paused 1.217ms total 36.163ms
08-05 04:00:04.179 24383 24404 I art     : Starting a blocking GC Explicit
08-05 04:00:04.215 24383 24404 I art     : Explicit concurrent mark sweep GC freed 3(96B) AllocSpace objects, 0(0B) LOS objects, 27% free, 42MB/58MB, paused 1.073ms total 36.640ms
08-05 04:00:04.227 24383 24404 I art     : Starting a blocking GC Explicit
08-05 04:00:04.263 24383 24404 I art     : Explicit concurrent mark sweep GC freed 3(96B) AllocSpace objects, 0(0B) LOS objects, 27% free, 42MB/58MB, paused 1.093ms total 35.817ms
08-05 04:00:04.339 27021 27021 D AndroidRuntime: >>>>>> START com.android.internal.os.RuntimeInit uid 2000 <<<<<<
08-05 04:00:04.343 27021 27021 D AndroidRuntime: CheckJNI is OFF
08-05 04:00:04.377 27021 27021 D ICU     : No timezone override file found: /data/misc/zoneinfo/current/icu/icu_tzdata.dat
08-05 04:00:04.409 27021 27021 I Radio-JNI: register_android_hardware_Radio DONE
08-05 04:00:04.431 27021 27021 D AndroidRuntime: Calling main entry com.android.commands.input.Input
08-05 04:00:04.433 27021 27021 I Input   : injectMotionEvent: MotionEvent { action=ACTION_DOWN, actionButton=0, id[0]=0, x[0]=1372.0, y[0]=384.0, toolType[0]=TOOL_TYPE_UNKNOWN, buttonState=0, metaState=0, flags=0x0, edgeFlags=0x0, pointerCount=1, historySize=0, eventTime=763220846, downTime=763220846, deviceId=0, source=0x1002 }
08-05 04:00:04.439 27021 27021 I Input   : injectMotionEvent: MotionEvent { action=ACTION_UP, actionButton=0, id[0]=0, x[0]=1372.0, y[0]=384.0, toolType[0]=TOOL_TYPE_UNKNOWN, buttonState=0, metaState=0, flags=0x0, edgeFlags=0x0, pointerCount=1, historySize=0, eventTime=763220846, downTime=763220846, deviceId=0, source=0x1002 }
08-05 04:00:04.440 27021 27021 D AndroidRuntime: Shutting down VM
08-05 04:00:04.453   918  3961 I ActivityManager: START u0 {cmp=baseline.de.danoeh.antennapod.debug/baseline.de.danoeh.antennapod.activity.FeedInfoActivity (has extras)} from uid 10691 on display 0
08-05 04:00:04.455   512  2967 D audio_hw_primary: out_set_parameters: enter: usecase(1: low-latency-playback) kvpairs: routing=2
08-05 04:00:04.468   512  2967 D audio_hw_primary: select_devices: out_snd_device(2: speaker) in_snd_device(0: none)
08-05 04:00:04.468   512  2967 D msm8974_platform: platform_send_audio_calibration: sending audio calibration for snd_device(2) acdb_id(15)
08-05 04:00:04.468   512  2967 I soundtrigger: audio_extn_sound_trigger_update_device_status: device 0x2 of type 0 for Event 1
08-05 04:00:04.479   512  2967 D audio_hw_primary: enable_snd_device: snd_device(2: speaker)
08-05 04:00:04.481   512  2967 D audio_hw_primary: enable_audio_route: apply and update mixer path: low-latency-playback speaker
08-05 04:00:04.508 24383 24413 D DBReader: getFeed() called with: feedId = [2]
08-05 04:00:04.510 24383 24413 D DBReader: getFeedItemList() called with: feed = [baseline.de.danoeh.antennapod.core.feed.Feed@2]
08-05 04:00:04.516 24383 24383 D androidx.gridlayout.widget.GridLayout: horizontal constraints: x2-x0>=1328, x2-x1<=0, x1-x0<=242 are inconsistent; permanently removing: x2-x1<=0. 
08-05 04:00:04.516 24383 24383 D androidx.gridlayout.widget.GridLayout: vertical constraints: y3-y2>=80, y3-y2<=66, y2-y1<=94, y1-y0<=94 are inconsistent; permanently removing: y3-y2<=66. 
08-05 04:00:04.578 24383 24416 I art     : Starting a blocking GC Explicit
08-05 04:00:04.580 24383 24413 W PodDBAdapter: Length of id array is larger than 800. Creating multiple cursors
08-05 04:00:04.590 13866 13866 I GoogleInputMethodServic: GoogleInputMethodService.onFinishInput():3138 
08-05 04:00:04.590   918   936 I ActivityManager: Displayed baseline.de.danoeh.antennapod.debug/baseline.de.danoeh.antennapod.activity.FeedInfoActivity: +121ms
08-05 04:00:04.591 13866 13866 I GoogleInputMethodServic: GoogleInputMethodService.onStartInput():1808 
08-05 04:00:04.627 24383 24416 I art     : Explicit concurrent mark sweep GC freed 8022(484KB) AllocSpace objects, 1(20KB) LOS objects, 26% free, 44MB/60MB, paused 1.401ms total 47.836ms
08-05 04:00:04.640 24383 24416 I art     : Starting a blocking GC Explicit
08-05 04:00:04.651 24383 24414 D OpenGLRenderer: endAllStagingAnimators on 0x7f7ecb7c00 (RippleDrawable) with handle 0x7f7a0e50e0
08-05 04:00:04.655 24383 24383 D FeedInfoActivity: Language is en
08-05 04:00:04.655 24383 24383 D FeedInfoActivity: Author is Joe Rogan
08-05 04:00:04.655 24383 24383 D FeedInfoActivity: URL is http://joeroganexp.joerogan.libsynpro.com/rss
08-05 04:00:04.664 24383 25373 D ApOkHttpUrlLoader: buildLoadData() called with: model = [http://static.libsyn.com/p/assets/7/1/f/3/71f3014e14ef2722/JREiTunesImage2.jpg], width = [1440], height = [462]
08-05 04:00:04.673   918   929 W IntentResolver: resolveIntent: multiple matches, only some with CATEGORY_DEFAULT
08-05 04:00:04.679 24383 24383 D androidx.gridlayout.widget.GridLayout: horizontal constraints: x2-x0>=1328, x2-x1<=232, x1-x0<=242 are inconsistent; permanently removing: x2-x1<=232. 
08-05 04:00:04.679 24383 24383 D androidx.gridlayout.widget.GridLayout: vertical constraints: y3-y2>=80, y3-y2<=66, y2-y1<=94, y1-y0<=94 are inconsistent; permanently removing: y3-y2<=66. 
08-05 04:00:04.688 24383 24416 I art     : Explicit concurrent mark sweep GC freed 6032(138KB) AllocSpace objects, 1(16KB) LOS objects, 25% free, 47MB/63MB, paused 1.373ms total 48.099ms
08-05 04:00:04.700 24383 24416 I art     : Starting a blocking GC Explicit
08-05 04:00:04.717   918  3188 I hubconnection: sensorhub said: 'set_bias 3: -9.6000, 0.0000, 0.0000'
08-05 04:00:04.741 24383 24416 I art     : Explicit concurrent mark sweep GC freed 1846(68KB) AllocSpace objects, 1(16KB) LOS objects, 25% free, 47MB/63MB, paused 974us total 41.569ms
08-05 04:00:04.754 24383 24416 I art     : Starting a blocking GC Explicit
08-05 04:00:04.800 24383 24416 I art     : Explicit concurrent mark sweep GC freed 230(19KB) AllocSpace objects, 0(0B) LOS objects, 25% free, 47MB/63MB, paused 1.060ms total 46.568ms
08-05 04:00:04.815 24383 24416 I art     : Starting a blocking GC Explicit
08-05 04:00:04.836   380   380 W SurfaceFlinger: couldn't log to binary event log: overflow.
08-05 04:00:04.866 24383 24416 I art     : Explicit concurrent mark sweep GC freed 3(96B) AllocSpace objects, 0(0B) LOS objects, 25% free, 47MB/63MB, paused 1.052ms total 50.511ms
08-05 04:00:04.964 24383 24383 D PlaybackController: Releasing PlaybackController
08-05 04:00:05.019   512  2967 D audio_hw_primary: disable_audio_route: reset and update mixer path: low-latency-playback speaker
08-05 04:00:05.020   512  2967 D audio_hw_primary: disable_snd_device: snd_device(2: speaker)
08-05 04:00:05.028   512  2967 I soundtrigger: audio_extn_sound_trigger_update_device_status: device 0x2 of type 0 for Event 0
08-05 04:00:05.158 24383 24403 I art     : Starting a blocking GC Explicit
08-05 04:00:05.220 24383 24403 I art     : Explicit concurrent mark sweep GC freed 1764(101KB) AllocSpace objects, 1(20KB) LOS objects, 25% free, 47MB/63MB, paused 1.246ms total 62.138ms
08-05 04:00:05.239 24383 24403 I art     : Starting a blocking GC Explicit
08-05 04:00:05.264   518   646 I ThermalEngine: ACTION: GPU - Setting GPU[0] to 450000000
08-05 04:00:05.291 24383 24403 I art     : Explicit concurrent mark sweep GC freed 55(1808B) AllocSpace objects, 0(0B) LOS objects, 25% free, 47MB/63MB, paused 1.454ms total 52.291ms
08-05 04:00:05.308 24383 24403 I art     : Starting a blocking GC Explicit
08-05 04:00:05.367 24383 24403 I art     : Explicit concurrent mark sweep GC freed 3(96B) AllocSpace objects, 0(0B) LOS objects, 25% free, 47MB/63MB, paused 1.458ms total 58.901ms
08-05 04:00:05.384 24383 24403 I art     : Starting a blocking GC Explicit
08-05 04:00:05.442 24383 24403 I art     : Explicit concurrent mark sweep GC freed 3(96B) AllocSpace objects, 0(0B) LOS objects, 25% free, 47MB/63MB, paused 1.476ms total 57.961ms
08-05 04:00:05.459 24383 24403 I art     : Starting a blocking GC Explicit
08-05 04:00:05.517 24383 24403 I art     : Explicit concurrent mark sweep GC freed 3(96B) AllocSpace objects, 0(0B) LOS objects, 25% free, 47MB/63MB, paused 1.511ms total 57.332ms
08-05 04:00:05.861 24383 24416 I art     : Starting a blocking GC Explicit
08-05 04:00:05.933 24383 24416 I art     : Explicit concurrent mark sweep GC freed 1401(81KB) AllocSpace objects, 1(20KB) LOS objects, 25% free, 47MB/63MB, paused 1.804ms total 71.811ms
08-05 04:00:05.952 24383 24416 I art     : Starting a blocking GC Explicit
08-05 04:00:06.011 24383 24416 I art     : Explicit concurrent mark sweep GC freed 23(752B) AllocSpace objects, 0(0B) LOS objects, 25% free, 47MB/63MB, paused 1.432ms total 59.126ms
08-05 04:00:06.028 24383 24416 I art     : Starting a blocking GC Explicit
08-05 04:00:06.087 24383 24416 I art     : Explicit concurrent mark sweep GC freed 3(96B) AllocSpace objects, 0(0B) LOS objects, 25% free, 47MB/63MB, paused 1.437ms total 58.641ms
08-05 04:00:06.103 24383 24416 I art     : Starting a blocking GC Explicit
08-05 04:00:06.164 24383 24416 I art     : Explicit concurrent mark sweep GC freed 7(224B) AllocSpace objects, 0(0B) LOS objects, 25% free, 47MB/63MB, paused 1.386ms total 60.781ms
08-05 04:00:06.165 24383 24401 I art     : WaitForGcToComplete blocked for 49.268ms for cause HeapTrim
08-05 04:00:06.182 24383 24416 I art     : Starting a blocking GC Explicit
08-05 04:00:06.243 24383 24416 I art     : Explicit concurrent mark sweep GC freed 13(416B) AllocSpace objects, 0(0B) LOS objects, 25% free, 47MB/63MB, paused 1.888ms total 60.962ms
08-05 04:00:06.596 24383 25881 I art     : Starting a blocking GC Explicit
08-05 04:00:06.666 24383 25881 I art     : Explicit concurrent mark sweep GC freed 1416(81KB) AllocSpace objects, 1(20KB) LOS objects, 25% free, 47MB/63MB, paused 1.455ms total 69.119ms
08-05 04:00:06.683 24383 25881 I art     : Starting a blocking GC Explicit
08-05 04:00:06.750 24383 25881 I art     : Explicit concurrent mark sweep GC freed 23(752B) AllocSpace objects, 0(0B) LOS objects, 25% free, 47MB/63MB, paused 1.679ms total 66.908ms
08-05 04:00:06.769 24383 25881 I art     : Starting a blocking GC Explicit
08-05 04:00:06.834 24383 25881 I art     : Explicit concurrent mark sweep GC freed 3(96B) AllocSpace objects, 0(0B) LOS objects, 25% free, 47MB/63MB, paused 1.515ms total 64.408ms
08-05 04:00:06.851 24383 25881 I art     : Starting a blocking GC Explicit
08-05 04:00:06.918 24383 25881 I art     : Explicit concurrent mark sweep GC freed 3(96B) AllocSpace objects, 0(0B) LOS objects, 25% free, 47MB/63MB, paused 1.745ms total 66.491ms
08-05 04:00:06.938 24383 25881 I art     : Starting a blocking GC Explicit
08-05 04:00:07.004 24383 25881 I art     : Explicit concurrent mark sweep GC freed 3(96B) AllocSpace objects, 0(0B) LOS objects, 25% free, 47MB/63MB, paused 1.493ms total 65.584ms
08-05 04:00:07.378 24383 24416 I art     : Starting a blocking GC Explicit
08-05 04:00:07.461 24383 24416 I art     : Explicit concurrent mark sweep GC freed 1373(82KB) AllocSpace objects, 1(20KB) LOS objects, 25% free, 47MB/63MB, paused 1.634ms total 82.843ms
08-05 04:00:07.480 24383 24416 I art     : Starting a blocking GC Explicit
08-05 04:00:07.544 24383 24416 I art     : Explicit concurrent mark sweep GC freed 52(1536B) AllocSpace objects, 0(0B) LOS objects, 25% free, 47MB/63MB, paused 1.425ms total 63.766ms
08-05 04:00:07.561 24383 24416 I art     : Starting a blocking GC Explicit
08-05 04:00:07.625 24383 24416 I art     : Explicit concurrent mark sweep GC freed 3(96B) AllocSpace objects, 0(0B) LOS objects, 25% free, 47MB/63MB, paused 1.497ms total 64.375ms
08-05 04:00:07.643 24383 24416 I art     : Starting a blocking GC Explicit
08-05 04:00:07.706 24383 24416 I art     : Explicit concurrent mark sweep GC freed 3(96B) AllocSpace objects, 0(0B) LOS objects, 25% free, 47MB/63MB, paused 1.495ms total 63.424ms
08-05 04:00:07.723 24383 24416 I art     : Starting a blocking GC Explicit
08-05 04:00:07.784 24383 24416 I art     : Explicit concurrent mark sweep GC freed 3(96B) AllocSpace objects, 0(0B) LOS objects, 25% free, 47MB/63MB, paused 1.417ms total 60.604ms
08-05 04:00:08.162 24383 24403 I art     : Starting a blocking GC Explicit
08-05 04:00:08.213 24383 24403 I art     : Explicit concurrent mark sweep GC freed 1373(81KB) AllocSpace objects, 1(20KB) LOS objects, 25% free, 47MB/63MB, paused 1.321ms total 50.812ms
08-05 04:00:08.229 24383 24403 I art     : Starting a blocking GC Explicit
08-05 04:00:08.269   518   646 I ThermalEngine: ACTION: GPU - Setting GPU[0] to 510000000
08-05 04:00:08.278 24383 24403 I art     : Explicit concurrent mark sweep GC freed 23(752B) AllocSpace objects, 0(0B) LOS objects, 25% free, 47MB/63MB, paused 1.327ms total 49.615ms
08-05 04:00:08.293 24383 24403 I art     : Starting a blocking GC Explicit
08-05 04:00:08.336 24383 24403 I art     : Explicit concurrent mark sweep GC freed 3(96B) AllocSpace objects, 0(0B) LOS objects, 25% free, 47MB/63MB, paused 1.027ms total 42.906ms
08-05 04:00:08.348 24383 24403 I art     : Starting a blocking GC Explicit
08-05 04:00:08.390 24383 24403 I art     : Explicit concurrent mark sweep GC freed 3(96B) AllocSpace objects, 0(0B) LOS objects, 25% free, 47MB/63MB, paused 1.041ms total 41.442ms
08-05 04:00:08.403 24383 24403 I art     : Starting a blocking GC Explicit
08-05 04:00:08.449 24383 24403 I art     : Explicit concurrent mark sweep GC freed 7(256B) AllocSpace objects, 0(0B) LOS objects, 25% free, 47MB/63MB, paused 1.119ms total 46.533ms
08-05 04:00:08.737 23342 23505 E GoogleConversionReporter: Error sending ping
08-05 04:00:08.737 23342 23505 E GoogleConversionReporter: bljc: Exception in CronetUrlRequest: net::ERR_CONNECTION_CLOSED, ErrorCode=5, InternalErrorCode=-100, Retryable=true
08-05 04:00:08.737 23342 23505 E GoogleConversionReporter: 	at org.chromium.net.impl.CronetUrlRequest.onError(PG:55)
08-05 04:00:08.782 24383 25881 I art     : Starting a blocking GC Explicit
08-05 04:00:08.829 24383 25881 I art     : Explicit concurrent mark sweep GC freed 2104(107KB) AllocSpace objects, 1(20KB) LOS objects, 25% free, 47MB/63MB, paused 1.159ms total 46.890ms
08-05 04:00:08.843 24383 25881 I art     : Starting a blocking GC Explicit
08-05 04:00:08.883 24383 25881 I art     : Explicit concurrent mark sweep GC freed 23(752B) AllocSpace objects, 0(0B) LOS objects, 25% free, 47MB/63MB, paused 1.051ms total 40.566ms
08-05 04:00:08.895 24383 25881 I art     : Starting a blocking GC Explicit
08-05 04:00:08.939 24383 25881 I art     : Explicit concurrent mark sweep GC freed 3(96B) AllocSpace objects, 0(0B) LOS objects, 25% free, 47MB/63MB, paused 1.136ms total 43.930ms
08-05 04:00:08.952 24383 25881 I art     : Starting a blocking GC Explicit
08-05 04:00:08.997 24383 25881 I art     : Explicit concurrent mark sweep GC freed 3(96B) AllocSpace objects, 0(0B) LOS objects, 25% free, 47MB/63MB, paused 1.110ms total 44.350ms
08-05 04:00:09.010 24383 25881 I art     : Starting a blocking GC Explicit
08-05 04:00:09.056 24383 25881 I art     : Explicit concurrent mark sweep GC freed 3(96B) AllocSpace objects, 0(0B) LOS objects, 25% free, 47MB/63MB, paused 1.229ms total 46.167ms
08-05 04:00:09.113 27108 27108 D AndroidRuntime: >>>>>> START com.android.internal.os.RuntimeInit uid 2000 <<<<<<
08-05 04:00:09.117 27108 27108 D AndroidRuntime: CheckJNI is OFF
08-05 04:00:09.151 27108 27108 D ICU     : No timezone override file found: /data/misc/zoneinfo/current/icu/icu_tzdata.dat
08-05 04:00:09.185 27108 27108 I Radio-JNI: register_android_hardware_Radio DONE
08-05 04:00:09.207 27108 27108 D AndroidRuntime: Calling main entry com.android.commands.input.Input
08-05 04:00:09.208 27108 27108 I Input   : injectKeyEvent: KeyEvent { action=ACTION_DOWN, keyCode=KEYCODE_BACK, scanCode=0, metaState=0, flags=0x0, repeatCount=0, eventTime=763225621, downTime=763225621, deviceId=-1, source=0x101 }
08-05 04:00:09.215 27108 27108 I Input   : injectKeyEvent: KeyEvent { action=ACTION_UP, keyCode=KEYCODE_BACK, scanCode=0, metaState=0, flags=0x0, repeatCount=0, eventTime=763225621, downTime=763225621, deviceId=-1, source=0x101 }
08-05 04:00:09.221 27108 27108 D AndroidRuntime: Shutting down VM
08-05 04:00:09.228 24383 24383 V PlaybackController: initServiceNotRunning()
08-05 04:00:09.228 24383 24383 D ExternalPlayerFragment: Loading media info
08-05 04:00:09.230 24383 24383 D ItemlistFragment: onEventMainThread() called with: event = [DownloadEvent{update=DownloaderUpdate{downloaders=[], feedIds=[], mediaIds=[]}}]
08-05 04:00:09.231 24383 25373 D ApOkHttpUrlLoader: buildLoadData() called with: model = [http://static.libsyn.com/p/assets/7/1/f/3/71f3014e14ef2722/JREiTunesImage2.jpg], width = [1440], height = [462]
08-05 04:00:09.236 24383 24383 D UserPreferences: Using default data folder
08-05 04:00:09.237 24383 24413 D DBReader: getNavDrawerData() called with: 
08-05 04:00:09.237 24383 24971 D DBReader: getFeed() called with: feedId = [2]
08-05 04:00:09.241 24383 24971 D DBReader: getFeedItemList() called with: feed = [baseline.de.danoeh.antennapod.core.feed.Feed@2]
08-05 04:00:09.249 24383 24383 D FeedMenuHandler: Preparing options menu
08-05 04:00:09.264 24383 24413 D DBReader: getDownloadedItems() called
08-05 04:00:09.265 24383 24413 D DBReader: getFavoriteIDList() called
08-05 04:00:09.266 24383 24413 D DBReader: getQueueIDList() called
08-05 04:00:09.266 24383 24413 D DBReader: Extracting Feedlist
08-05 04:00:09.312 13866 13866 I GoogleInputMethodServic: GoogleInputMethodService.onFinishInput():3138 
08-05 04:00:09.312 24383 24383 D MainActivity: getLastNavFragment() -> 2
08-05 04:00:09.313 13866 13866 I GoogleInputMethodServic: GoogleInputMethodService.onStartInput():1808 
08-05 04:00:09.326 24383 24971 W PodDBAdapter: Length of id array is larger than 800. Creating multiple cursors
08-05 04:00:09.346 24383 25881 I art     : Starting a blocking GC Explicit
08-05 04:00:09.392 24383 24971 D DBReader: getFavoriteIDList() called
08-05 04:00:09.396 24383 24971 D DBReader: getQueueIDList() called
08-05 04:00:09.397 24383 24971 D DBReader: Extracting Feedlist
08-05 04:00:09.398 24383 25881 I art     : Explicit concurrent mark sweep GC freed 12935(546KB) AllocSpace objects, 2(36KB) LOS objects, 23% free, 52MB/68MB, paused 2.381ms total 52.153ms
08-05 04:00:09.400 24383 25373 D ApOkHttpUrlLoader: buildLoadData() called with: model = [http://static.libsyn.com/p/assets/7/1/f/3/71f3014e14ef2722/JREiTunesImage2.jpg], width = [1440], height = [462]
08-05 04:00:09.413 24383 25881 I art     : Starting a blocking GC Explicit
08-05 04:00:09.416 24383 24383 D FeedMenuHandler: Preparing options menu
08-05 04:00:09.459 24383 25881 I art     : Explicit concurrent mark sweep GC freed 30848(2MB) AllocSpace objects, 1(16KB) LOS objects, 23% free, 52MB/68MB, paused 1.143ms total 45.225ms
08-05 04:00:09.471 24383 25881 I art     : Starting a blocking GC Explicit
08-05 04:00:09.516 24383 25881 I art     : Explicit concurrent mark sweep GC freed 1407(93KB) AllocSpace objects, 0(0B) LOS objects, 23% free, 52MB/68MB, paused 945us total 44.462ms
08-05 04:00:09.529 24383 25881 I art     : Starting a blocking GC Explicit
08-05 04:00:09.579 24383 25881 I art     : Explicit concurrent mark sweep GC freed 58(2368B) AllocSpace objects, 0(0B) LOS objects, 23% free, 52MB/68MB, paused 1.045ms total 49.664ms
08-05 04:00:09.590   380   380 W SurfaceFlinger: couldn't log to binary event log: overflow.
08-05 04:00:09.593 24383 25881 I art     : Starting a blocking GC Explicit
08-05 04:00:09.636 24383 25881 I art     : Explicit concurrent mark sweep GC freed 607(25KB) AllocSpace objects, 0(0B) LOS objects, 23% free, 52MB/68MB, paused 1.055ms total 41.666ms
08-05 04:00:09.923 24383 24403 I art     : Starting a blocking GC Explicit
08-05 04:00:09.985 24383 24403 I art     : Explicit concurrent mark sweep GC freed 1553(90KB) AllocSpace objects, 1(20KB) LOS objects, 23% free, 52MB/68MB, paused 1.206ms total 61.683ms
08-05 04:00:10.000 24383 24403 I art     : Starting a blocking GC Explicit
08-05 04:00:10.042 24383 24403 I art     : Explicit concurrent mark sweep GC freed 29148(2MB) AllocSpace objects, 3(84KB) LOS objects, 24% free, 50MB/66MB, paused 1.081ms total 41.901ms
08-05 04:00:10.054 24383 24403 I art     : Starting a blocking GC Explicit
08-05 04:00:10.092 24383 24403 I art     : Explicit concurrent mark sweep GC freed 3(96B) AllocSpace objects, 0(0B) LOS objects, 24% free, 50MB/66MB, paused 1.043ms total 38.131ms
08-05 04:00:10.103 24383 24403 I art     : Starting a blocking GC Explicit
08-05 04:00:10.143 24383 24403 I art     : Explicit concurrent mark sweep GC freed 3(96B) AllocSpace objects, 0(0B) LOS objects, 24% free, 50MB/66MB, paused 1.116ms total 39.168ms
08-05 04:00:10.154 24383 24403 I art     : Starting a blocking GC Explicit
08-05 04:00:10.194 24383 24403 I art     : Explicit concurrent mark sweep GC freed 3(96B) AllocSpace objects, 0(0B) LOS objects, 24% free, 50MB/66MB, paused 1.091ms total 39.209ms
08-05 04:00:10.515 24383 24404 I art     : Starting a blocking GC Explicit
08-05 04:00:10.555 24383 24404 I art     : Explicit concurrent mark sweep GC freed 1403(82KB) AllocSpace objects, 1(20KB) LOS objects, 24% free, 50MB/66MB, paused 1.112ms total 39.156ms
08-05 04:00:10.567 24383 24404 I art     : Starting a blocking GC Explicit
08-05 04:00:10.601 24383 24404 I art     : Explicit concurrent mark sweep GC freed 23(752B) AllocSpace objects, 0(0B) LOS objects, 24% free, 50MB/66MB, paused 1.117ms total 33.812ms
08-05 04:00:10.612 24383 24404 I art     : Starting a blocking GC Explicit
08-05 04:00:10.649 24383 24404 I art     : Explicit concurrent mark sweep GC freed 3(96B) AllocSpace objects, 0(0B) LOS objects, 24% free, 50MB/66MB, paused 1.115ms total 37.020ms
08-05 04:00:10.660 24383 24404 I art     : Starting a blocking GC Explicit
08-05 04:00:10.697 24383 24404 I art     : Explicit concurrent mark sweep GC freed 3(96B) AllocSpace objects, 0(0B) LOS objects, 24% free, 50MB/66MB, paused 1.145ms total 36.430ms
08-05 04:00:10.708 24383 24404 I art     : Starting a blocking GC Explicit
08-05 04:00:10.745 24383 24404 I art     : Explicit concurrent mark sweep GC freed 3(96B) AllocSpace objects, 0(0B) LOS objects, 24% free, 50MB/66MB, paused 1.100ms total 36.746ms
08-05 04:00:10.895 27155 27155 D AndroidRuntime: >>>>>> START com.android.internal.os.RuntimeInit uid 2000 <<<<<<
08-05 04:00:10.901 27155 27155 D AndroidRuntime: CheckJNI is OFF
08-05 04:00:10.933 27155 27155 D ICU     : No timezone override file found: /data/misc/zoneinfo/current/icu/icu_tzdata.dat
08-05 04:00:10.965 27155 27155 I Radio-JNI: register_android_hardware_Radio DONE
08-05 04:00:10.986 27155 27155 D AndroidRuntime: Calling main entry com.android.commands.input.Input
08-05 04:00:10.988 27155 27155 I Input   : injectMotionEvent: MotionEvent { action=ACTION_DOWN, actionButton=0, id[0]=0, x[0]=733.0, y[0]=896.0, toolType[0]=TOOL_TYPE_UNKNOWN, buttonState=0, metaState=0, flags=0x0, edgeFlags=0x0, pointerCount=1, historySize=0, eventTime=763227401, downTime=763227401, deviceId=0, source=0x1002 }
08-05 04:00:10.993 27155 27155 I Input   : injectMotionEvent: MotionEvent { action=ACTION_UP, actionButton=0, id[0]=0, x[0]=733.0, y[0]=896.0, toolType[0]=TOOL_TYPE_UNKNOWN, buttonState=0, metaState=0, flags=0x0, edgeFlags=0x0, pointerCount=1, historySize=0, eventTime=763227401, downTime=763227401, deviceId=0, source=0x1002 }
08-05 04:00:10.996 27155 27155 D AndroidRuntime: Shutting down VM
08-05 04:00:11.062 24383 24404 I art     : Starting a blocking GC Explicit
08-05 04:00:11.079   512  2967 D audio_hw_primary: out_set_parameters: enter: usecase(1: low-latency-playback) kvpairs: routing=2
08-05 04:00:11.092   512  2967 D audio_hw_primary: select_devices: out_snd_device(2: speaker) in_snd_device(0: none)
08-05 04:00:11.092   512  2967 D msm8974_platform: platform_send_audio_calibration: sending audio calibration for snd_device(2) acdb_id(15)
08-05 04:00:11.092   512  2967 I soundtrigger: audio_extn_sound_trigger_update_device_status: device 0x2 of type 0 for Event 1
08-05 04:00:11.103   512  2967 D audio_hw_primary: enable_snd_device: snd_device(2: speaker)
08-05 04:00:11.105   512  2967 D audio_hw_primary: enable_audio_route: apply and update mixer path: low-latency-playback speaker
08-05 04:00:11.107 24383 24404 I art     : Explicit concurrent mark sweep GC freed 2052(114KB) AllocSpace objects, 1(20KB) LOS objects, 24% free, 50MB/66MB, paused 1.749ms total 43.809ms
08-05 04:00:11.121 24383 24404 I art     : Starting a blocking GC Explicit
08-05 04:00:11.122 24383 24383 I WebViewFactory: Loading com.google.android.webview version 84.0.4147.89 (code 414708953)
08-05 04:00:11.155 24383 24404 I art     : Explicit concurrent mark sweep GC freed 389(39KB) AllocSpace objects, 0(0B) LOS objects, 24% free, 50MB/66MB, paused 1.119ms total 34.248ms
08-05 04:00:11.166 24383 24404 I art     : Starting a blocking GC Explicit
08-05 04:00:11.200 24383 24404 I art     : Explicit concurrent mark sweep GC freed 39(1664B) AllocSpace objects, 0(0B) LOS objects, 24% free, 50MB/66MB, paused 1.114ms total 33.990ms
08-05 04:00:11.211 24383 24404 I art     : Starting a blocking GC Explicit
08-05 04:00:11.247 24383 24404 I art     : Explicit concurrent mark sweep GC freed 210(16KB) AllocSpace objects, 0(0B) LOS objects, 23% free, 50MB/66MB, paused 1.596ms total 36.101ms
08-05 04:00:11.259 24383 24404 I art     : Starting a blocking GC Explicit
08-05 04:00:11.282 24383 24383 I cr_LibraryLoader: Loaded native library version number "84.0.4147.89"
08-05 04:00:11.283 24383 24383 I cr_CachingUmaRecorder: Flushed 5 samples from 5 histograms.
08-05 04:00:11.297 24383 24404 I art     : Explicit concurrent mark sweep GC freed 3809(313KB) AllocSpace objects, 2(40KB) LOS objects, 23% free, 51MB/67MB, paused 1.571ms total 38.346ms
08-05 04:00:11.318 24383 24383 E chromium: [ERROR:filesystem_posix.cc(62)] mkdir /data/user/0/baseline.de.danoeh.antennapod.debug/cache/WebView/Crashpad: No such file or directory (2)
08-05 04:00:11.384   918  6029 D ConnectivityService: listenForNetwork for Listen from uid/pid:10691/24383 for NetworkRequest [ id=3153, legacyType=-1, [ Capabilities: INTERNET&NOT_RESTRICTED&TRUSTED] ]
08-05 04:00:11.415 24383 24419 D DBReader: getFeedItem() called with: itemId = [2]
08-05 04:00:11.415 24383 24419 D DBReader: Loading feeditem with id 2
08-05 04:00:11.416 24383 24383 D ItemFragment: onEventMainThread() called with: event = [DownloadEvent{update=DownloaderUpdate{downloaders=[], feedIds=[], mediaIds=[]}}]
08-05 04:00:11.418 24383 24419 D DBReader: getFavoriteIDList() called
08-05 04:00:11.418 24383 24419 D DBReader: getQueueIDList() called
08-05 04:00:11.419 24383 24419 D DBReader: Extracting Feedlist
08-05 04:00:11.420 13866 13866 I GoogleInputMethodServic: GoogleInputMethodService.onFinishInput():3138 
08-05 04:00:11.422 13866 13866 I GoogleInputMethodServic: GoogleInputMethodService.onStartInput():1808 
08-05 04:00:11.425 24383 24419 D DBReader: loadExtraInformationOfFeedItem() called with: item = [FeedItem[autoDownload=1,chapters=<null>,contentEncoded=<null>,description=<null>,feed=baseline.de.danoeh.antennapod.core.feed.Feed@4375dac,feedId=2,flattrStatus=baseline.de.danoeh.antennapod.core.util.flattr.FlattrStatus@9257a75,hasChapters=false,imageUrl=http://static.libsyn.com/p/assets/2/7/8/6/278615fe73b1f0ca/JRE1514.jpg,itemIdentifier=a0870b6b-c887-4883-930c-a06d5e1a8f7e,link=http://traffic.libsyn.com/joeroganexp/p1514.mp3,media=baseline.de.danoeh.antennapod.core.feed.FeedMedia@bc2fa0a,paymentLink=<null>,pubDate=Fri Jul 24 21:00:00 GMT+02:00 2020,state=-1,tags=[],title=#1514 - Joe De Sena,id=2]]
08-05 04:00:11.428 24383 24383 E libEGL  : validate_display:255 error 3008 (EGL_BAD_DISPLAY)
08-05 04:00:11.480   918   935 D BluetoothManagerService: Added callback: android.bluetooth.IBluetoothManagerCallback$Stub$Proxy@856b61:true
08-05 04:00:11.485 24383 25373 D ApOkHttpUrlLoader: buildLoadData() called with: model = [http://static.libsyn.com/p/assets/2/7/8/6/278615fe73b1f0ca/JRE1514.jpg], width = [175], height = [175]
08-05 04:00:11.488 24383 25172 D DBReader: getImageAuthentication() called with: imageUrl = [http://static.libsyn.com/p/assets/2/7/8/6/278615fe73b1f0ca/JRE1514.jpg]
08-05 04:00:11.495 24383 25172 D ApOkHttpUrlLoader: no credentials for 'http://static.libsyn.com/p/assets/2/7/8/6/278615fe73b1f0ca/JRE1514.jpg'
08-05 04:00:11.596 24383 25881 I art     : Starting a blocking GC Explicit
08-05 04:00:11.635 24383 25172 D MYTAG   : interceptor 2a
08-05 04:00:11.635 24383 25172 I NAPPA_EXPERIMENTATION: MetricNetworkRequestExecutionTime: REQUEST_DURATION_SYSTEM='140',REQUEST_DURATION_OKHTTP='139',REQUEST_SYNCHRONOUS='TRUE',RESPONSE_CODE='200',RESPONSE_METHOD='GET',RESPONSE_LENGTH_OKHTTP='364960',RESPONSE_LENGTH_HEADER='364960',REQUEST_PROTOCOL='http/1.1',REQUEST_URL='http://static.libsyn.com/p/assets/2/7/8/6/278615fe73b1f0ca/JRE1514.jpg',
08-05 04:00:11.639   512  2967 D audio_hw_primary: disable_audio_route: reset and update mixer path: low-latency-playback speaker
08-05 04:00:11.640   512  2967 D audio_hw_primary: disable_snd_device: snd_device(2: speaker)
08-05 04:00:11.641 24383 25881 I art     : Explicit concurrent mark sweep GC freed 8938(738KB) AllocSpace objects, 2(88KB) LOS objects, 23% free, 52MB/68MB, paused 1.328ms total 44.879ms
08-05 04:00:11.649   512  2967 I soundtrigger: audio_extn_sound_trigger_update_device_status: device 0x2 of type 0 for Event 0
08-05 04:00:11.653 24383 25881 I art     : Starting a blocking GC Explicit
08-05 04:00:11.690 24383 25881 I art     : Explicit concurrent mark sweep GC freed 1422(93KB) AllocSpace objects, 4(112KB) LOS objects, 23% free, 51MB/67MB, paused 1.346ms total 36.849ms
08-05 04:00:11.700 24383 25881 I art     : Starting a blocking GC Explicit
08-05 04:00:11.737 24383 25881 I art     : Explicit concurrent mark sweep GC freed 33(1680B) AllocSpace objects, 0(0B) LOS objects, 23% free, 51MB/67MB, paused 1.190ms total 36.395ms
08-05 04:00:11.747 24383 25881 I art     : Starting a blocking GC Explicit
08-05 04:00:11.784 24383 25881 I art     : Explicit concurrent mark sweep GC freed 111(16KB) AllocSpace objects, 0(0B) LOS objects, 23% free, 51MB/67MB, paused 1.175ms total 36.724ms
08-05 04:00:11.795 24383 25881 I art     : Starting a blocking GC Explicit
08-05 04:00:11.833 24383 25881 I art     : Explicit concurrent mark sweep GC freed 104(4KB) AllocSpace objects, 0(0B) LOS objects, 23% free, 51MB/67MB, paused 1.055ms total 37.253ms
08-05 04:00:12.037 24254 24254 I ServiceManager: Waiting for service AtCmdFwd...
08-05 04:00:12.170 24383 25881 I art     : Starting a blocking GC Explicit
08-05 04:00:12.217 24383 25881 I art     : Explicit concurrent mark sweep GC freed 1433(82KB) AllocSpace objects, 1(20KB) LOS objects, 23% free, 51MB/67MB, paused 1.091ms total 47.355ms
08-05 04:00:12.232 24383 25881 I art     : Starting a blocking GC Explicit
08-05 04:00:12.278 24383 25881 I art     : Explicit concurrent mark sweep GC freed 29(944B) AllocSpace objects, 0(0B) LOS objects, 23% free, 51MB/67MB, paused 1.118ms total 45.615ms
08-05 04:00:12.281   518   646 I ThermalEngine: ACTION: GPU - Setting GPU[0] to 450000000
08-05 04:00:12.294 24383 25881 I art     : Starting a blocking GC Explicit
08-05 04:00:12.347 24383 25881 I art     : Explicit concurrent mark sweep GC freed 13(416B) AllocSpace objects, 0(0B) LOS objects, 23% free, 51MB/67MB, paused 1.482ms total 52.963ms
08-05 04:00:12.363 24383 25881 I art     : Starting a blocking GC Explicit
08-05 04:00:12.413 24383 25881 I art     : Explicit concurrent mark sweep GC freed 10(320B) AllocSpace objects, 0(0B) LOS objects, 23% free, 51MB/67MB, paused 1.471ms total 50.432ms
08-05 04:00:12.429 24383 25881 I art     : Starting a blocking GC Explicit
08-05 04:00:12.481 24383 25881 I art     : Explicit concurrent mark sweep GC freed 10(320B) AllocSpace objects, 0(0B) LOS objects, 23% free, 51MB/67MB, paused 1.692ms total 51.322ms
08-05 04:00:12.848 24383 25881 I art     : Starting a blocking GC Explicit
08-05 04:00:12.903 24383 25881 I art     : Explicit concurrent mark sweep GC freed 1462(83KB) AllocSpace objects, 1(20KB) LOS objects, 23% free, 51MB/67MB, paused 1.461ms total 54.642ms
08-05 04:00:12.919 24383 25881 I art     : Starting a blocking GC Explicit
08-05 04:00:12.973 24383 25881 I art     : Explicit concurrent mark sweep GC freed 31(1008B) AllocSpace objects, 0(0B) LOS objects, 23% free, 51MB/67MB, paused 1.591ms total 53.787ms
08-05 04:00:12.991 24383 25881 I art     : Starting a blocking GC Explicit
08-05 04:00:13.038 24254 24254 I ServiceManager: Waiting for service AtCmdFwd...
08-05 04:00:13.044 24383 25881 I art     : Explicit concurrent mark sweep GC freed 11(352B) AllocSpace objects, 0(0B) LOS objects, 23% free, 51MB/67MB, paused 1.663ms total 52.942ms
08-05 04:00:13.060 24383 25881 I art     : Starting a blocking GC Explicit
08-05 04:00:13.116 24383 25881 I art     : Explicit concurrent mark sweep GC freed 19(608B) AllocSpace objects, 0(0B) LOS objects, 23% free, 51MB/67MB, paused 1.672ms total 54.933ms
08-05 04:00:13.131 24383 25881 I art     : Starting a blocking GC Explicit
08-05 04:00:13.186 24383 25881 I art     : Explicit concurrent mark sweep GC freed 22(704B) AllocSpace objects, 0(0B) LOS objects, 23% free, 51MB/67MB, paused 1.509ms total 54.257ms
08-05 04:00:13.581 24383 24403 I art     : Starting a blocking GC Explicit
08-05 04:00:13.644 24383 24403 I art     : Explicit concurrent mark sweep GC freed 1438(82KB) AllocSpace objects, 1(20KB) LOS objects, 23% free, 51MB/67MB, paused 1.664ms total 62.015ms
08-05 04:00:13.659 24383 24403 I art     : Starting a blocking GC Explicit
08-05 04:00:13.718 24383 24403 I art     : Explicit concurrent mark sweep GC freed 23(752B) AllocSpace objects, 0(0B) LOS objects, 23% free, 51MB/67MB, paused 1.640ms total 57.982ms
08-05 04:00:13.733 24383 24403 I art     : Starting a blocking GC Explicit
08-05 04:00:13.795 24383 24403 I art     : Explicit concurrent mark sweep GC freed 3(96B) AllocSpace objects, 0(0B) LOS objects, 23% free, 51MB/67MB, paused 1.748ms total 60.862ms
08-05 04:00:13.814 24383 24403 I art     : Starting a blocking GC Explicit
08-05 04:00:13.871 24383 24403 I art     : Explicit concurrent mark sweep GC freed 3(96B) AllocSpace objects, 0(0B) LOS objects, 23% free, 51MB/67MB, paused 1.682ms total 57.184ms
08-05 04:00:13.887 24383 24403 I art     : Starting a blocking GC Explicit
08-05 04:00:13.948 24383 24403 I art     : Explicit concurrent mark sweep GC freed 3(96B) AllocSpace objects, 0(0B) LOS objects, 23% free, 51MB/67MB, paused 1.681ms total 59.861ms
08-05 04:00:14.039 24254 24254 I ServiceManager: Waiting for service AtCmdFwd...
08-05 04:00:14.333 24383 25881 I art     : Starting a blocking GC Explicit
08-05 04:00:14.404 24383 25881 I art     : Explicit concurrent mark sweep GC freed 1382(82KB) AllocSpace objects, 1(20KB) LOS objects, 23% free, 51MB/67MB, paused 1.768ms total 69.954ms
08-05 04:00:14.422 24383 25881 I art     : Starting a blocking GC Explicit
08-05 04:00:14.480 24383 25881 I art     : Explicit concurrent mark sweep GC freed 23(752B) AllocSpace objects, 0(0B) LOS objects, 23% free, 51MB/67MB, paused 1.674ms total 57.415ms
08-05 04:00:14.496 24383 25881 I art     : Starting a blocking GC Explicit
08-05 04:00:14.555 24383 25881 I art     : Explicit concurrent mark sweep GC freed 32(880B) AllocSpace objects, 0(0B) LOS objects, 23% free, 51MB/67MB, paused 1.739ms total 58.812ms
08-05 04:00:14.574 24383 25881 I art     : Starting a blocking GC Explicit
08-05 04:00:14.630 24383 25881 I art     : Explicit concurrent mark sweep GC freed 3(96B) AllocSpace objects, 0(0B) LOS objects, 23% free, 51MB/67MB, paused 1.738ms total 55.468ms
08-05 04:00:14.645 24383 25881 I art     : Starting a blocking GC Explicit
08-05 04:00:14.704 24383 25881 I art     : Explicit concurrent mark sweep GC freed 3(96B) AllocSpace objects, 0(0B) LOS objects, 23% free, 51MB/67MB, paused 1.634ms total 58.693ms
08-05 04:00:15.039 24254 24254 I ServiceManager: Waiting for service AtCmdFwd...
08-05 04:00:15.096   918  3188 I hubconnection: sensorhub said: 'set_bias 3: -6.2400, 0.0000, 0.0000'
08-05 04:00:15.113 24383 24404 I art     : Starting a blocking GC Explicit
08-05 04:00:15.183 24383 24404 I art     : Explicit concurrent mark sweep GC freed 1382(81KB) AllocSpace objects, 1(20KB) LOS objects, 23% free, 51MB/67MB, paused 1.734ms total 69.521ms
08-05 04:00:15.204 24383 24404 I art     : Starting a blocking GC Explicit
08-05 04:00:15.258 24383 24404 I art     : Explicit concurrent mark sweep GC freed 23(752B) AllocSpace objects, 0(0B) LOS objects, 23% free, 51MB/67MB, paused 1.649ms total 53.683ms
08-05 04:00:15.273 24383 24404 I art     : Starting a blocking GC Explicit
08-05 04:00:15.323 24383 24404 I art     : Explicit concurrent mark sweep GC freed 3(96B) AllocSpace objects, 0(0B) LOS objects, 23% free, 51MB/67MB, paused 1.574ms total 49.822ms
08-05 04:00:15.338 24383 24404 I art     : Starting a blocking GC Explicit
08-05 04:00:15.388 24383 24404 I art     : Explicit concurrent mark sweep GC freed 3(96B) AllocSpace objects, 0(0B) LOS objects, 23% free, 51MB/67MB, paused 1.723ms total 50.138ms
08-05 04:00:15.404 24383 24404 I art     : Starting a blocking GC Explicit
08-05 04:00:15.459 24383 24404 I art     : Explicit concurrent mark sweep GC freed 3(96B) AllocSpace objects, 0(0B) LOS objects, 23% free, 51MB/67MB, paused 1.608ms total 54.835ms
08-05 04:00:15.791 27273 27273 D AndroidRuntime: >>>>>> START com.android.internal.os.RuntimeInit uid 2000 <<<<<<
08-05 04:00:15.798 27273 27273 D AndroidRuntime: CheckJNI is OFF
08-05 04:00:15.842 27273 27273 D ICU     : No timezone override file found: /data/misc/zoneinfo/current/icu/icu_tzdata.dat
08-05 04:00:15.853 24383 24416 I art     : Starting a blocking GC Explicit
08-05 04:00:15.888 27273 27273 I Radio-JNI: register_android_hardware_Radio DONE
08-05 04:00:15.909 24383 24416 I art     : Explicit concurrent mark sweep GC freed 1411(83KB) AllocSpace objects, 1(20KB) LOS objects, 23% free, 51MB/67MB, paused 1.818ms total 55.801ms
08-05 04:00:15.919 27273 27273 D AndroidRuntime: Calling main entry com.android.commands.input.Input
08-05 04:00:15.922 27273 27273 I Input   : injectKeyEvent: KeyEvent { action=ACTION_DOWN, keyCode=KEYCODE_BACK, scanCode=0, metaState=0, flags=0x0, repeatCount=0, eventTime=763232334, downTime=763232334, deviceId=-1, source=0x101 }
08-05 04:00:15.925 24383 24416 I art     : Starting a blocking GC Explicit
08-05 04:00:15.929 27273 27273 I Input   : injectKeyEvent: KeyEvent { action=ACTION_UP, keyCode=KEYCODE_BACK, scanCode=0, metaState=0, flags=0x0, repeatCount=0, eventTime=763232334, downTime=763232334, deviceId=-1, source=0x101 }
08-05 04:00:15.951 24383 24383 D ItemlistFragment: onEventMainThread() called with: event = [DownloadEvent{update=DownloaderUpdate{downloaders=[], feedIds=[], mediaIds=[]}}]
08-05 04:00:15.953 24383 24413 D DBReader: getFeed() called with: feedId = [2]
08-05 04:00:15.953 27273 27273 D AndroidRuntime: Shutting down VM
08-05 04:00:15.954 24383 24413 D DBReader: getFeedItemList() called with: feed = [baseline.de.danoeh.antennapod.core.feed.Feed@2]
08-05 04:00:15.955   918  3263 D ConnectivityService: releasing NetworkRequest NetworkRequest [ id=3153, legacyType=-1, [ Capabilities: INTERNET&NOT_RESTRICTED&TRUSTED] ]
08-05 04:00:15.976 24383 24416 I art     : Explicit concurrent mark sweep GC freed 1079(56KB) AllocSpace objects, 0(0B) LOS objects, 23% free, 51MB/67MB, paused 2.136ms total 50.659ms
08-05 04:00:15.984 24383 24383 D FeedMenuHandler: Preparing options menu
08-05 04:00:15.991 24383 24416 I art     : Starting a blocking GC Explicit
08-05 04:00:16.040 24254 24254 I ServiceManager: Waiting for service AtCmdFwd...
08-05 04:00:16.048 24383 24416 I art     : Explicit concurrent mark sweep GC freed 3572(152KB) AllocSpace objects, 0(0B) LOS objects, 23% free, 53MB/69MB, paused 2.950ms total 57.190ms
08-05 04:00:16.058 24383 25373 D ApOkHttpUrlLoader: buildLoadData() called with: model = [http://static.libsyn.com/p/assets/7/1/f/3/71f3014e14ef2722/JREiTunesImage2.jpg], width = [1440], height = [462]
08-05 04:00:16.064 24383 24416 I art     : Starting a blocking GC Explicit
08-05 04:00:16.073 24383 24413 W PodDBAdapter: Length of id array is larger than 800. Creating multiple cursors
08-05 04:00:16.086 13866 13866 I GoogleInputMethodServic: GoogleInputMethodService.onFinishInput():3138 
08-05 04:00:16.087 13866 13866 I GoogleInputMethodServic: GoogleInputMethodService.onStartInput():1808 
08-05 04:00:16.121 24383 24416 I art     : Explicit concurrent mark sweep GC freed 7590(522KB) AllocSpace objects, 5(2MB) LOS objects, 23% free, 53MB/69MB, paused 1.772ms total 56.135ms
08-05 04:00:16.136 24383 24416 I art     : Starting a blocking GC Explicit
08-05 04:00:16.165 24383 24413 D DBReader: getFavoriteIDList() called
08-05 04:00:16.166 24383 24413 D DBReader: getQueueIDList() called
08-05 04:00:16.167 24383 24413 D DBReader: Extracting Feedlist
08-05 04:00:16.171 24383 25373 D ApOkHttpUrlLoader: buildLoadData() called with: model = [http://static.libsyn.com/p/assets/7/1/f/3/71f3014e14ef2722/JREiTunesImage2.jpg], width = [1440], height = [462]
08-05 04:00:16.190 24383 24416 I art     : Explicit concurrent mark sweep GC freed 5397(115KB) AllocSpace objects, 2(108KB) LOS objects, 22% free, 56MB/72MB, paused 2.074ms total 54.234ms
08-05 04:00:16.195 24383 24383 D FeedMenuHandler: Preparing options menu
08-05 04:00:16.519 24383 24416 I art     : Starting a blocking GC Explicit
08-05 04:00:16.575 24383 24416 I art     : Explicit concurrent mark sweep GC freed 31106(2MB) AllocSpace objects, 2(36KB) LOS objects, 22% free, 54MB/70MB, paused 1.587ms total 56.218ms
08-05 04:00:16.590 24383 24416 I art     : Starting a blocking GC Explicit
08-05 04:00:16.639 24383 24416 I art     : Explicit concurrent mark sweep GC freed 1083(75KB) AllocSpace objects, 0(0B) LOS objects, 22% free, 54MB/70MB, paused 1.743ms total 48.381ms
08-05 04:00:16.654 24383 24416 I art     : Starting a blocking GC Explicit
08-05 04:00:16.707 24383 24416 I art     : Explicit concurrent mark sweep GC freed 18(912B) AllocSpace objects, 0(0B) LOS objects, 22% free, 54MB/70MB, paused 1.614ms total 53.009ms
08-05 04:00:16.722 24383 24416 I art     : Starting a blocking GC Explicit
08-05 04:00:16.776 24383 24416 I art     : Explicit concurrent mark sweep GC freed 3(96B) AllocSpace objects, 0(0B) LOS objects, 22% free, 54MB/70MB, paused 1.572ms total 53.286ms
08-05 04:00:16.791 24383 24416 I art     : Starting a blocking GC Explicit
08-05 04:00:16.844 24383 24416 I art     : Explicit concurrent mark sweep GC freed 3(96B) AllocSpace objects, 0(0B) LOS objects, 22% free, 54MB/70MB, paused 1.542ms total 52.292ms
08-05 04:00:17.040 24254 24254 W Atfwd_Sendcmd: AtCmdFwd service not published, waiting... retryCnt : 4
08-05 04:00:17.207 24383 25881 I art     : Starting a blocking GC Explicit
08-05 04:00:17.260 24383 25881 I art     : Explicit concurrent mark sweep GC freed 1501(91KB) AllocSpace objects, 1(20KB) LOS objects, 22% free, 54MB/70MB, paused 1.592ms total 52.044ms
08-05 04:00:17.275 24383 25881 I art     : Starting a blocking GC Explicit
08-05 04:00:17.286   518   646 I ThermalEngine: ACTION: GPU - Setting GPU[0] to 510000000
08-05 04:00:17.324 24383 25881 I art     : Explicit concurrent mark sweep GC freed 23(752B) AllocSpace objects, 0(0B) LOS objects, 22% free, 54MB/70MB, paused 1.497ms total 48.935ms
08-05 04:00:17.337 24383 25881 I art     : Starting a blocking GC Explicit
08-05 04:00:17.377 24383 25881 I art     : Explicit concurrent mark sweep GC freed 3(96B) AllocSpace objects, 0(0B) LOS objects, 22% free, 54MB/70MB, paused 1.125ms total 40.388ms
08-05 04:00:17.389 24383 25881 I art     : Starting a blocking GC Explicit
08-05 04:00:17.429 24383 25881 I art     : Explicit concurrent mark sweep GC freed 3(96B) AllocSpace objects, 0(0B) LOS objects, 22% free, 54MB/70MB, paused 1.090ms total 40.066ms
08-05 04:00:17.441 24383 25881 I art     : Starting a blocking GC Explicit
08-05 04:00:17.482 24383 25881 I art     : Explicit concurrent mark sweep GC freed 3(96B) AllocSpace objects, 0(0B) LOS objects, 22% free, 54MB/70MB, paused 1.086ms total 40.144ms
08-05 04:00:17.638 27318 27318 D AndroidRuntime: >>>>>> START com.android.internal.os.RuntimeInit uid 2000 <<<<<<
08-05 04:00:17.645 27318 27318 D AndroidRuntime: CheckJNI is OFF
08-05 04:00:17.677 27318 27318 D ICU     : No timezone override file found: /data/misc/zoneinfo/current/icu/icu_tzdata.dat
08-05 04:00:17.710 27318 27318 I Radio-JNI: register_android_hardware_Radio DONE
08-05 04:00:17.731 27318 27318 D AndroidRuntime: Calling main entry com.android.commands.input.Input
08-05 04:00:17.733 27318 27318 I Input   : injectMotionEvent: MotionEvent { action=ACTION_DOWN, actionButton=0, id[0]=0, x[0]=103.0, y[0]=192.0, toolType[0]=TOOL_TYPE_UNKNOWN, buttonState=0, metaState=0, flags=0x0, edgeFlags=0x0, pointerCount=1, historySize=0, eventTime=763234146, downTime=763234146, deviceId=0, source=0x1002 }
08-05 04:00:17.738 27318 27318 I Input   : injectMotionEvent: MotionEvent { action=ACTION_UP, actionButton=0, id[0]=0, x[0]=103.0, y[0]=192.0, toolType[0]=TOOL_TYPE_UNKNOWN, buttonState=0, metaState=0, flags=0x0, edgeFlags=0x0, pointerCount=1, historySize=0, eventTime=763234146, downTime=763234146, deviceId=0, source=0x1002 }
08-05 04:00:17.740 27318 27318 D AndroidRuntime: Shutting down VM
08-05 04:00:17.752   512  2967 D audio_hw_primary: out_set_parameters: enter: usecase(1: low-latency-playback) kvpairs: routing=2
08-05 04:00:17.765   512  2967 D audio_hw_primary: select_devices: out_snd_device(2: speaker) in_snd_device(0: none)
08-05 04:00:17.765   512  2967 D msm8974_platform: platform_send_audio_calibration: sending audio calibration for snd_device(2) acdb_id(15)
08-05 04:00:17.765   512  2967 I soundtrigger: audio_extn_sound_trigger_update_device_status: device 0x2 of type 0 for Event 1
08-05 04:00:17.774   512  2967 D audio_hw_primary: enable_snd_device: snd_device(2: speaker)
08-05 04:00:17.776   512  2967 D audio_hw_primary: enable_audio_route: apply and update mixer path: low-latency-playback speaker
08-05 04:00:17.819 24383 24404 I art     : Starting a blocking GC Explicit
08-05 04:00:17.863 24383 24404 I art     : Explicit concurrent mark sweep GC freed 1863(105KB) AllocSpace objects, 1(20KB) LOS objects, 22% free, 54MB/70MB, paused 1.139ms total 43.789ms
08-05 04:00:17.876 24383 24404 I art     : Starting a blocking GC Explicit
08-05 04:00:17.918 24383 24404 I art     : Explicit concurrent mark sweep GC freed 35(1296B) AllocSpace objects, 0(0B) LOS objects, 22% free, 54MB/70MB, paused 1.190ms total 41.345ms
08-05 04:00:17.930 24383 24404 I art     : Starting a blocking GC Explicit
08-05 04:00:17.971 24383 24404 I art     : Explicit concurrent mark sweep GC freed 3(96B) AllocSpace objects, 0(0B) LOS objects, 22% free, 54MB/70MB, paused 1.107ms total 41.048ms
08-05 04:00:17.983 24383 24404 I art     : Starting a blocking GC Explicit
08-05 04:00:18.020 24383 24404 I art     : Explicit concurrent mark sweep GC freed 5(160B) AllocSpace objects, 0(0B) LOS objects, 22% free, 54MB/70MB, paused 974us total 37.361ms
08-05 04:00:18.032 24383 24404 I art     : Starting a blocking GC Explicit
08-05 04:00:18.071 24383 24404 I art     : Explicit concurrent mark sweep GC freed 3(96B) AllocSpace objects, 0(0B) LOS objects, 22% free, 54MB/70MB, paused 1.084ms total 39.025ms
08-05 04:00:18.319   512  2967 D audio_hw_primary: disable_audio_route: reset and update mixer path: low-latency-playback speaker
08-05 04:00:18.321   512  2967 D audio_hw_primary: disable_snd_device: snd_device(2: speaker)
08-05 04:00:18.329   512  2967 I soundtrigger: audio_extn_sound_trigger_update_device_status: device 0x2 of type 0 for Event 0
08-05 04:00:18.387 24383 24404 I art     : Starting a blocking GC Explicit
08-05 04:00:18.429 24383 24404 I art     : Explicit concurrent mark sweep GC freed 2087(107KB) AllocSpace objects, 1(20KB) LOS objects, 22% free, 53MB/69MB, paused 1.127ms total 42.097ms
08-05 04:00:18.441 24383 24404 I art     : Starting a blocking GC Explicit
08-05 04:00:18.482 24383 24404 I art     : Explicit concurrent mark sweep GC freed 31(1008B) AllocSpace objects, 0(0B) LOS objects, 22% free, 53MB/69MB, paused 1.100ms total 40.859ms
08-05 04:00:18.493 24383 24404 I art     : Starting a blocking GC Explicit
08-05 04:00:18.535 24383 24404 I art     : Explicit concurrent mark sweep GC freed 34(944B) AllocSpace objects, 0(0B) LOS objects, 22% free, 53MB/69MB, paused 1.178ms total 41.607ms
08-05 04:00:18.547 24383 24404 I art     : Starting a blocking GC Explicit
08-05 04:00:18.590 24383 24404 I art     : Explicit concurrent mark sweep GC freed 3(96B) AllocSpace objects, 0(0B) LOS objects, 22% free, 53MB/69MB, paused 1.093ms total 42.349ms
08-05 04:00:18.602 24383 24404 I art     : Starting a blocking GC Explicit
08-05 04:00:18.644 24383 24404 I art     : Explicit concurrent mark sweep GC freed 3(96B) AllocSpace objects, 0(0B) LOS objects, 22% free, 53MB/69MB, paused 1.162ms total 42.190ms
08-05 04:00:18.987 24383 25881 I art     : Starting a blocking GC Explicit
08-05 04:00:19.029 24383 25881 I art     : Explicit concurrent mark sweep GC freed 2270(113KB) AllocSpace objects, 1(20KB) LOS objects, 22% free, 53MB/69MB, paused 1.215ms total 41.578ms
08-05 04:00:19.041 24383 25881 I art     : Starting a blocking GC Explicit
08-05 04:00:19.081 24383 25881 I art     : Explicit concurrent mark sweep GC freed 23(752B) AllocSpace objects, 0(0B) LOS objects, 22% free, 53MB/69MB, paused 1.179ms total 39.627ms
08-05 04:00:19.092 24383 25881 I art     : Starting a blocking GC Explicit
08-05 04:00:19.134 24383 25881 I art     : Explicit concurrent mark sweep GC freed 3(96B) AllocSpace objects, 0(0B) LOS objects, 22% free, 53MB/69MB, paused 1.062ms total 41.122ms
08-05 04:00:19.145 24383 25881 I art     : Starting a blocking GC Explicit
08-05 04:00:19.185 24383 25881 I art     : Explicit concurrent mark sweep GC freed 3(96B) AllocSpace objects, 0(0B) LOS objects, 22% free, 53MB/69MB, paused 1.145ms total 39.652ms
08-05 04:00:19.189   918  3261 D WifiStateMachine: starting scan for "H369AA63323"WPA_PSK with 2412,5180
08-05 04:00:19.197 24383 25881 I art     : Starting a blocking GC Explicit
08-05 04:00:19.236 24383 25881 I art     : Explicit concurrent mark sweep GC freed 3(96B) AllocSpace objects, 0(0B) LOS objects, 22% free, 53MB/69MB, paused 1.084ms total 39.509ms
08-05 04:00:19.292   518   646 I ThermalEngine: ACTION: GPU - Setting GPU[0] to 450000000
08-05 04:00:19.430 27362 27362 D AndroidRuntime: >>>>>> START com.android.internal.os.RuntimeInit uid 2000 <<<<<<
08-05 04:00:19.436 27362 27362 D AndroidRuntime: CheckJNI is OFF
08-05 04:00:19.475 27362 27362 D ICU     : No timezone override file found: /data/misc/zoneinfo/current/icu/icu_tzdata.dat
08-05 04:00:19.515 27362 27362 I Radio-JNI: register_android_hardware_Radio DONE
08-05 04:00:19.543 27362 27362 D AndroidRuntime: Calling main entry com.android.commands.input.Input
08-05 04:00:19.545 27362 27362 I Input   : injectMotionEvent: MotionEvent { action=ACTION_DOWN, actionButton=0, id[0]=0, x[0]=409.0, y[0]=1034.0, toolType[0]=TOOL_TYPE_UNKNOWN, buttonState=0, metaState=0, flags=0x0, edgeFlags=0x0, pointerCount=1, historySize=0, eventTime=763235958, downTime=763235958, deviceId=0, source=0x1002 }
08-05 04:00:19.550 27362 27362 I Input   : injectMotionEvent: MotionEvent { action=ACTION_UP, actionButton=0, id[0]=0, x[0]=409.0, y[0]=1034.0, toolType[0]=TOOL_TYPE_UNKNOWN, buttonState=0, metaState=0, flags=0x0, edgeFlags=0x0, pointerCount=1, historySize=0, eventTime=763235958, downTime=763235958, deviceId=0, source=0x1002 }
08-05 04:00:19.553 27362 27362 D AndroidRuntime: Shutting down VM
08-05 04:00:19.575 24383 25881 I art     : Starting a blocking GC Explicit
08-05 04:00:19.620 24383 24383 D MainActivity: loadFragment(index: 5, args: null)
08-05 04:00:19.621 24383 24383 D MainActivity: loadFragment(tag: AddFeedFragment, args: null)
08-05 04:00:19.621 24383 24383 D MainActivity: saveLastNavFragment(tag: AddFeedFragment)
08-05 04:00:19.623   512  2967 D audio_hw_primary: out_set_parameters: enter: usecase(1: low-latency-playback) kvpairs: routing=2
08-05 04:00:19.623 24383 24383 D MainActivity: getLastNavFragment() -> AddFeedFragment
08-05 04:00:19.625 24383 25881 I art     : Explicit concurrent mark sweep GC freed 1519(87KB) AllocSpace objects, 1(20KB) LOS objects, 22% free, 54MB/70MB, paused 1.793ms total 49.113ms
08-05 04:00:19.636   512  2967 D audio_hw_primary: select_devices: out_snd_device(2: speaker) in_snd_device(0: none)
08-05 04:00:19.636   512  2967 D msm8974_platform: platform_send_audio_calibration: sending audio calibration for snd_device(2) acdb_id(15)
08-05 04:00:19.636   512  2967 I soundtrigger: audio_extn_sound_trigger_update_device_status: device 0x2 of type 0 for Event 1
08-05 04:00:19.639 24383 25881 I art     : Starting a blocking GC Explicit
08-05 04:00:19.646   512  2967 D audio_hw_primary: enable_snd_device: snd_device(2: speaker)
08-05 04:00:19.648   512  2967 D audio_hw_primary: enable_audio_route: apply and update mixer path: low-latency-playback speaker
08-05 04:00:19.672 13866 13866 I GoogleInputMethodServic: GoogleInputMethodService.onFinishInput():3138 
08-05 04:00:19.673 13866 13866 I GoogleInputMethodServic: GoogleInputMethodService.onStartInput():1808 
08-05 04:00:19.693 24383 25881 I art     : Explicit concurrent mark sweep GC freed 2097(104KB) AllocSpace objects, 1(20KB) LOS objects, 22% free, 54MB/70MB, paused 1.906ms total 53.334ms
08-05 04:00:19.708 24383 25881 I art     : Starting a blocking GC Explicit
08-05 04:00:19.756 24383 25881 I art     : Explicit concurrent mark sweep GC freed 441(22KB) AllocSpace objects, 0(0B) LOS objects, 22% free, 54MB/70MB, paused 1.291ms total 46.934ms
08-05 04:00:19.770 24383 25881 I art     : Starting a blocking GC Explicit
08-05 04:00:19.811 24383 25881 I art     : Explicit concurrent mark sweep GC freed 31297(2MB) AllocSpace objects, 9(3MB) LOS objects, 24% free, 48MB/64MB, paused 1.349ms total 41.256ms
08-05 04:00:19.823 24383 25881 I art     : Starting a blocking GC Explicit
08-05 04:00:19.859 24383 25881 I art     : Explicit concurrent mark sweep GC freed 7(224B) AllocSpace objects, 0(0B) LOS objects, 24% free, 48MB/64MB, paused 1.426ms total 34.929ms
08-05 04:00:20.071 13866 13866 I GoogleInputMethodServic: GoogleInputMethodService.onFinishInput():3138 
08-05 04:00:20.072 13866 13866 I GoogleInputMethodServic: GoogleInputMethodService.onStartInput():1808 
08-05 04:00:20.189   512  2967 D audio_hw_primary: disable_audio_route: reset and update mixer path: low-latency-playback speaker
08-05 04:00:20.190   512  2967 D audio_hw_primary: disable_snd_device: snd_device(2: speaker)
08-05 04:00:20.197 24383 25881 I art     : Starting a blocking GC Explicit
08-05 04:00:20.199   512  2967 I soundtrigger: audio_extn_sound_trigger_update_device_status: device 0x2 of type 0 for Event 0
08-05 04:00:20.240 24383 25881 I art     : Explicit concurrent mark sweep GC freed 1630(92KB) AllocSpace objects, 1(20KB) LOS objects, 24% free, 48MB/64MB, paused 1.340ms total 42.359ms
08-05 04:00:20.253 24383 25881 I art     : Starting a blocking GC Explicit
08-05 04:00:20.292 24383 25881 I art     : Explicit concurrent mark sweep GC freed 120(6KB) AllocSpace objects, 0(0B) LOS objects, 24% free, 48MB/64MB, paused 1.279ms total 38.765ms
08-05 04:00:20.306 24383 25881 I art     : Starting a blocking GC Explicit
08-05 04:00:20.344 24383 25881 I art     : Explicit concurrent mark sweep GC freed 5(160B) AllocSpace objects, 0(0B) LOS objects, 24% free, 48MB/64MB, paused 1.268ms total 38.223ms
08-05 04:00:20.357 24383 25881 I art     : Starting a blocking GC Explicit
08-05 04:00:20.396 24383 25881 I art     : Explicit concurrent mark sweep GC freed 3(96B) AllocSpace objects, 0(0B) LOS objects, 24% free, 48MB/64MB, paused 1.309ms total 38.213ms
08-05 04:00:20.409 24383 25881 I art     : Starting a blocking GC Explicit
08-05 04:00:20.448 24383 25881 I art     : Explicit concurrent mark sweep GC freed 3(96B) AllocSpace objects, 0(0B) LOS objects, 24% free, 48MB/64MB, paused 1.430ms total 38.426ms
08-05 04:00:20.795 24383 25881 I art     : Starting a blocking GC Explicit
08-05 04:00:20.837 24383 25881 I art     : Explicit concurrent mark sweep GC freed 1409(81KB) AllocSpace objects, 1(20KB) LOS objects, 24% free, 48MB/64MB, paused 1.511ms total 41.834ms
08-05 04:00:20.851 24383 25881 I art     : Starting a blocking GC Explicit
08-05 04:00:20.889 24383 25881 I art     : Explicit concurrent mark sweep GC freed 25(816B) AllocSpace objects, 0(0B) LOS objects, 24% free, 48MB/64MB, paused 1.480ms total 38.249ms
08-05 04:00:20.901 24383 25881 I art     : Starting a blocking GC Explicit
08-05 04:00:20.940 24383 25881 I art     : Explicit concurrent mark sweep GC freed 3(96B) AllocSpace objects, 0(0B) LOS objects, 24% free, 48MB/64MB, paused 1.425ms total 38.269ms
08-05 04:00:20.952 24383 25881 I art     : Starting a blocking GC Explicit
08-05 04:00:20.992 24383 25881 I art     : Explicit concurrent mark sweep GC freed 3(96B) AllocSpace objects, 0(0B) LOS objects, 24% free, 48MB/64MB, paused 1.437ms total 39.225ms
08-05 04:00:21.004 24383 25881 I art     : Starting a blocking GC Explicit
08-05 04:00:21.044 24383 25881 I art     : Explicit concurrent mark sweep GC freed 3(96B) AllocSpace objects, 0(0B) LOS objects, 24% free, 48MB/64MB, paused 1.435ms total 39.564ms
08-05 04:00:21.328 27414 27414 D AndroidRuntime: >>>>>> START com.android.internal.os.RuntimeInit uid 2000 <<<<<<
08-05 04:00:21.335 27414 27414 D AndroidRuntime: CheckJNI is OFF
08-05 04:00:21.378 27414 27414 D ICU     : No timezone override file found: /data/misc/zoneinfo/current/icu/icu_tzdata.dat
08-05 04:00:21.383 24383 24403 I art     : Starting a blocking GC Explicit
08-05 04:00:21.422 27414 27414 I Radio-JNI: register_android_hardware_Radio DONE
08-05 04:00:21.426 24383 24403 I art     : Explicit concurrent mark sweep GC freed 1396(81KB) AllocSpace objects, 1(20KB) LOS objects, 24% free, 48MB/64MB, paused 1.706ms total 42.182ms
08-05 04:00:21.439 24383 24403 I art     : Starting a blocking GC Explicit
08-05 04:00:21.452 27414 27414 D AndroidRuntime: Calling main entry com.android.commands.input.Input
08-05 04:00:21.455 27414 27414 I Input   : injectMotionEvent: MotionEvent { action=ACTION_DOWN, actionButton=0, id[0]=0, x[0]=603.0, y[0]=1061.0, toolType[0]=TOOL_TYPE_UNKNOWN, buttonState=0, metaState=0, flags=0x0, edgeFlags=0x0, pointerCount=1, historySize=0, eventTime=763237867, downTime=763237867, deviceId=0, source=0x1002 }
08-05 04:00:21.461 27414 27414 I Input   : injectMotionEvent: MotionEvent { action=ACTION_UP, actionButton=0, id[0]=0, x[0]=603.0, y[0]=1061.0, toolType[0]=TOOL_TYPE_UNKNOWN, buttonState=0, metaState=0, flags=0x0, edgeFlags=0x0, pointerCount=1, historySize=0, eventTime=763237867, downTime=763237867, deviceId=0, source=0x1002 }
08-05 04:00:21.463 27414 27414 D AndroidRuntime: Shutting down VM
08-05 04:00:21.477   512  2967 D audio_hw_primary: out_set_parameters: enter: usecase(1: low-latency-playback) kvpairs: routing=2
08-05 04:00:21.479 24383 24403 I art     : Explicit concurrent mark sweep GC freed 141(7KB) AllocSpace objects, 0(0B) LOS objects, 24% free, 48MB/64MB, paused 2.106ms total 40.075ms
08-05 04:00:21.490   512  2967 D audio_hw_primary: select_devices: out_snd_device(2: speaker) in_snd_device(0: none)
08-05 04:00:21.491   512  2967 D msm8974_platform: platform_send_audio_calibration: sending audio calibration for snd_device(2) acdb_id(15)
08-05 04:00:21.491   512  2967 I soundtrigger: audio_extn_sound_trigger_update_device_status: device 0x2 of type 0 for Event 1
08-05 04:00:21.493 24383 24403 I art     : Starting a blocking GC Explicit
08-05 04:00:21.501   512  2967 D audio_hw_primary: enable_snd_device: snd_device(2: speaker)
08-05 04:00:21.503   512  2967 D audio_hw_primary: enable_audio_route: apply and update mixer path: low-latency-playback speaker
08-05 04:00:21.531 24383 24403 I art     : Explicit concurrent mark sweep GC freed 812(112KB) AllocSpace objects, 0(0B) LOS objects, 24% free, 49MB/65MB, paused 2.319ms total 37.768ms
08-05 04:00:21.544 24383 24403 I art     : Starting a blocking GC Explicit
08-05 04:00:21.552 13866 13866 I GoogleInputMethodServic: GoogleInputMethodService.onFinishInput():3138 
08-05 04:00:21.553 13866 13866 I GoogleInputMethodServic: GoogleInputMethodService.onStartInput():1808 
08-05 04:00:21.586 24383 24403 I art     : Explicit concurrent mark sweep GC freed 2415(132KB) AllocSpace objects, 0(0B) LOS objects, 24% free, 49MB/65MB, paused 2.076ms total 41.264ms
08-05 04:00:21.586 24383 24401 I art     : WaitForGcToComplete blocked for 10.228ms for cause HeapTrim
08-05 04:00:21.598 24383 24403 I art     : Starting a blocking GC Explicit
08-05 04:00:21.637 24383 24403 I art     : Explicit concurrent mark sweep GC freed 335(15KB) AllocSpace objects, 0(0B) LOS objects, 24% free, 49MB/65MB, paused 1.573ms total 38.769ms
08-05 04:00:21.966 24383 25881 I art     : Starting a blocking GC Explicit
08-05 04:00:22.009 24383 25881 I art     : Explicit concurrent mark sweep GC freed 3081(170KB) AllocSpace objects, 2(240KB) LOS objects, 24% free, 49MB/65MB, paused 2.322ms total 42.872ms
08-05 04:00:22.022 24383 25881 I art     : Starting a blocking GC Explicit
08-05 04:00:22.038   512  2967 D audio_hw_primary: disable_audio_route: reset and update mixer path: low-latency-playback speaker
08-05 04:00:22.040   512  2967 D audio_hw_primary: disable_snd_device: snd_device(2: speaker)
08-05 04:00:22.048   512  2967 I soundtrigger: audio_extn_sound_trigger_update_device_status: device 0x2 of type 0 for Event 0
08-05 04:00:22.061 24383 25881 I art     : Explicit concurrent mark sweep GC freed 131(4KB) AllocSpace objects, 0(0B) LOS objects, 24% free, 49MB/65MB, paused 1.538ms total 38.882ms
08-05 04:00:22.073 24383 25881 I art     : Starting a blocking GC Explicit
08-05 04:00:22.112 24383 25881 I art     : Explicit concurrent mark sweep GC freed 34(1296B) AllocSpace objects, 0(0B) LOS objects, 24% free, 49MB/65MB, paused 1.535ms total 39.110ms
08-05 04:00:22.125 24383 25881 I art     : Starting a blocking GC Explicit
08-05 04:00:22.165 24383 25881 I art     : Explicit concurrent mark sweep GC freed 35(1312B) AllocSpace objects, 0(0B) LOS objects, 24% free, 49MB/65MB, paused 1.544ms total 40.045ms
08-05 04:00:22.178 24383 25881 I art     : Starting a blocking GC Explicit
08-05 04:00:22.216 24383 25881 I art     : Explicit concurrent mark sweep GC freed 33(1248B) AllocSpace objects, 0(0B) LOS objects, 24% free, 49MB/65MB, paused 1.488ms total 37.682ms
08-05 04:00:22.422 24383 27446 I NAPPA_EXPERIMENTATION: MetricNetworkRequestExecutionTime: REQUEST_DURATION_SYSTEM='884',REQUEST_DURATION_OKHTTP='48',REQUEST_SYNCHRONOUS='TRUE',RESPONSE_CODE='200',RESPONSE_METHOD='GET',RESPONSE_LENGTH_OKHTTP='37507',RESPONSE_LENGTH_HEADER='37507',REQUEST_PROTOCOL='http/1.1',REQUEST_URL='https://gpodder.net/toplist/50.json',
08-05 04:00:22.454 24383 27447 I NAPPA_EXPERIMENTATION: MetricNetworkRequestExecutionTime: REQUEST_DURATION_SYSTEM='912',REQUEST_DURATION_OKHTTP='79',REQUEST_SYNCHRONOUS='TRUE',RESPONSE_CODE='200',RESPONSE_METHOD='GET',RESPONSE_LENGTH_OKHTTP='2923',RESPONSE_LENGTH_HEADER='2923',REQUEST_PROTOCOL='http/1.1',REQUEST_URL='https://gpodder.net/api/2/tags/50.json',
08-05 04:00:22.466 24383 25373 D ApOkHttpUrlLoader: buildLoadData() called with: model = [http://sixgun.org/files/linuxoutlaws.jpg], width = [224], height = [224]
08-05 04:00:22.468 24383 25172 D DBReader: getImageAuthentication() called with: imageUrl = [http://sixgun.org/files/linuxoutlaws.jpg]
08-05 04:00:22.472 24383 25172 D ApOkHttpUrlLoader: no credentials for 'http://sixgun.org/files/linuxoutlaws.jpg'
08-05 04:00:22.476 24383 25373 D ApOkHttpUrlLoader: buildLoadData() called with: model = [https://files.thisamericanlife.org/sites/all/themes/thislife/img/tal-name-1400x1400.png], width = [224], height = [224]
08-05 04:00:22.477 24383 25179 D DBReader: getImageAuthentication() called with: imageUrl = [https://files.thisamericanlife.org/sites/all/themes/thislife/img/tal-name-1400x1400.png]
08-05 04:00:22.481 24383 25179 D ApOkHttpUrlLoader: no credentials for 'https://files.thisamericanlife.org/sites/all/themes/thislife/img/tal-name-1400x1400.png'
08-05 04:00:22.482 24383 25373 D ApOkHttpUrlLoader: buildLoadData() called with: model = [https://elroy.twit.tv/sites/default/files/styles/twit_album_art_2048x2048/public/images/shows/floss_weekly/album_art/audio/floss_albumart_mask.jpg?itok=IUjxKpwt], width = [224], height = [224]
08-05 04:00:22.484 24383 25170 D DBReader: getImageAuthentication() called with: imageUrl = [https://elroy.twit.tv/sites/default/files/styles/twit_album_art_2048x2048/public/images/shows/floss_weekly/album_art/audio/floss_albumart_mask.jpg?itok=IUjxKpwt]
08-05 04:00:22.487 24383 25170 D ApOkHttpUrlLoader: no credentials for 'https://elroy.twit.tv/sites/default/files/styles/twit_album_art_2048x2048/public/images/shows/floss_weekly/album_art/audio/floss_albumart_mask.jpg?itok=IUjxKpwt'
08-05 04:00:22.488 24383 25373 D ApOkHttpUrlLoader: buildLoadData() called with: model = [http://ichef.bbci.co.uk/images/ic/3000x3000/p07kfvzb.jpg], width = [224], height = [224]
08-05 04:00:22.490 24383 25174 D DBReader: getImageAuthentication() called with: imageUrl = [http://ichef.bbci.co.uk/images/ic/3000x3000/p07kfvzb.jpg]
08-05 04:00:22.494 24383 25174 D ApOkHttpUrlLoader: no credentials for 'http://ichef.bbci.co.uk/images/ic/3000x3000/p07kfvzb.jpg'
08-05 04:00:22.494 24383 25373 D ApOkHttpUrlLoader: buildLoadData() called with: model = [https://pl.tedcdn.com/rss_feed_images/ted_talks_main_podcast/video.png], width = [224], height = [224]
08-05 04:00:22.496 24383 25178 D DBReader: getImageAuthentication() called with: imageUrl = [https://pl.tedcdn.com/rss_feed_images/ted_talks_main_podcast/video.png]
08-05 04:00:22.500 24383 25373 D ApOkHttpUrlLoader: buildLoadData() called with: model = [https://elroy.twit.tv/sites/default/files/styles/twit_album_art_2048x2048/public/images/shows/this_week_in_tech/album_art/audio/twit1400audio.jpg?itok=J0vhatZb], width = [224], height = [224]
08-05 04:00:22.500 24383 25178 D ApOkHttpUrlLoader: no credentials for 'https://pl.tedcdn.com/rss_feed_images/ted_talks_main_podcast/video.png'
08-05 04:00:22.502 24383 25177 D DBReader: getImageAuthentication() called with: imageUrl = [https://elroy.twit.tv/sites/default/files/styles/twit_album_art_2048x2048/public/images/shows/this_week_in_tech/album_art/audio/twit1400audio.jpg?itok=J0vhatZb]
08-05 04:00:22.504 24383 25373 D ApOkHttpUrlLoader: buildLoadData() called with: model = [http://ichef.bbci.co.uk/images/ic/3000x3000/p03gtk3j.jpg], width = [224], height = [224]
08-05 04:00:22.506 24383 25176 D DBReader: getImageAuthentication() called with: imageUrl = [http://ichef.bbci.co.uk/images/ic/3000x3000/p03gtk3j.jpg]
08-05 04:00:22.507 24383 25177 D ApOkHttpUrlLoader: no credentials for 'https://elroy.twit.tv/sites/default/files/styles/twit_album_art_2048x2048/public/images/shows/this_week_in_tech/album_art/audio/twit1400audio.jpg?itok=J0vhatZb'
08-05 04:00:22.511 24383 25176 D ApOkHttpUrlLoader: no credentials for 'http://ichef.bbci.co.uk/images/ic/3000x3000/p03gtk3j.jpg'
08-05 04:00:22.530 24383 25172 D DBWriter: updateFeedDownloadURL(original: http://sixgun.org/files/linuxoutlaws.jpg, updated: https://fab.industries/sixgun/files/linuxoutlaws.jpg)
08-05 04:00:22.560 24383 24416 I art     : Starting a blocking GC Explicit
08-05 04:00:22.589 24383 25174 D MYTAG   : interceptor 2a
08-05 04:00:22.589 24383 25174 I NAPPA_EXPERIMENTATION: MetricNetworkRequestExecutionTime: REQUEST_DURATION_SYSTEM='95',REQUEST_DURATION_OKHTTP='91',REQUEST_SYNCHRONOUS='TRUE',RESPONSE_CODE='200',RESPONSE_METHOD='GET',RESPONSE_LENGTH_OKHTTP='589826',RESPONSE_LENGTH_HEADER='589826',REQUEST_PROTOCOL='http/1.1',REQUEST_URL='http://ichef.bbci.co.uk/images/ic/3000x3000/p07kfvzb.jpg',
08-05 04:00:22.605 24383 24416 I art     : Explicit concurrent mark sweep GC freed 12670(817KB) AllocSpace objects, 4(212KB) LOS objects, 24% free, 49MB/65MB, paused 1.833ms total 45.202ms
08-05 04:00:22.619 24383 24416 I art     : Starting a blocking GC Explicit
08-05 04:00:22.644 24383 25176 D MYTAG   : interceptor 2a
08-05 04:00:22.644 24383 25176 I NAPPA_EXPERIMENTATION: MetricNetworkRequestExecutionTime: REQUEST_DURATION_SYSTEM='132',REQUEST_DURATION_OKHTTP='128',REQUEST_SYNCHRONOUS='TRUE',RESPONSE_CODE='200',RESPONSE_METHOD='GET',RESPONSE_LENGTH_OKHTTP='814284',RESPONSE_LENGTH_HEADER='814284',REQUEST_PROTOCOL='http/1.1',REQUEST_URL='http://ichef.bbci.co.uk/images/ic/3000x3000/p03gtk3j.jpg',
08-05 04:00:22.661 24383 24416 I art     : Explicit concurrent mark sweep GC freed 967(56KB) AllocSpace objects, 0(0B) LOS objects, 24% free, 49MB/65MB, paused 1.720ms total 41.636ms
08-05 04:00:22.673 24383 24416 I art     : Starting a blocking GC Explicit
08-05 04:00:22.721 24383 24416 I art     : Explicit concurrent mark sweep GC freed 4304(173KB) AllocSpace objects, 0(0B) LOS objects, 24% free, 49MB/65MB, paused 2.828ms total 47.689ms
08-05 04:00:22.735 24383 24416 I art     : Starting a blocking GC Explicit
08-05 04:00:22.773 24383 25179 D MYTAG   : interceptor 2a
08-05 04:00:22.775 24383 25179 I NAPPA_EXPERIMENTATION: MetricNetworkRequestExecutionTime: REQUEST_DURATION_SYSTEM='292',REQUEST_DURATION_OKHTTP='59',REQUEST_SYNCHRONOUS='TRUE',RESPONSE_CODE='200',RESPONSE_METHOD='GET',RESPONSE_LENGTH_OKHTTP='52553',RESPONSE_LENGTH_HEADER='52553',REQUEST_PROTOCOL='http/1.1',REQUEST_URL='https://files.thisamericanlife.org/sites/all/themes/thislife/img/tal-name-1400x1400.png',
08-05 04:00:22.776 24383 24416 I art     : Explicit concurrent mark sweep GC freed 1381(93KB) AllocSpace objects, 0(0B) LOS objects, 24% free, 49MB/65MB, paused 1.840ms total 41.615ms
08-05 04:00:22.789 24383 24416 I art     : Starting a blocking GC Explicit
08-05 04:00:22.835 24383 24416 I art     : Explicit concurrent mark sweep GC freed 4517(222KB) AllocSpace objects, 0(0B) LOS objects, 24% free, 50MB/66MB, paused 1.920ms total 45.461ms
08-05 04:00:22.933 24383 25170 D MYTAG   : interceptor 2a
08-05 04:00:22.933 24383 25170 I NAPPA_EXPERIMENTATION: MetricNetworkRequestExecutionTime: REQUEST_DURATION_SYSTEM='445',REQUEST_DURATION_OKHTTP='214',REQUEST_SYNCHRONOUS='TRUE',RESPONSE_CODE='200',RESPONSE_METHOD='GET',RESPONSE_LENGTH_OKHTTP='297964',RESPONSE_LENGTH_HEADER='297964',REQUEST_PROTOCOL='h2',REQUEST_URL='https://elroy.twit.tv/sites/default/files/styles/twit_album_art_2048x2048/public/images/shows/floss_weekly/album_art/audio/floss_albumart_mask.jpg?itok=IUjxKpwt',
08-05 04:00:22.997 24383 25172 D MYTAG   : interceptor 2a
08-05 04:00:22.998 24383 25172 I NAPPA_EXPERIMENTATION: MetricNetworkRequestExecutionTime: REQUEST_DURATION_SYSTEM='525',REQUEST_DURATION_OKHTTP='177',REQUEST_SYNCHRONOUS='TRUE',RESPONSE_CODE='404',RESPONSE_METHOD='GET',RESPONSE_LENGTH_OKHTTP='-1',RESPONSE_LENGTH_HEADER='1503',REQUEST_PROTOCOL='h2',REQUEST_URL='https://fab.industries/sixgun/files/linuxoutlaws.jpg',
08-05 04:00:23.001 24383 24383 W Glide   : Load failed for http://sixgun.org/files/linuxoutlaws.jpg with size [224x224]
08-05 04:00:23.001 24383 24383 W Glide   : class com.bumptech.glide.load.engine.GlideException: Failed to load resource
08-05 04:00:23.001 24383 24383 W Glide   : There was 1 cause:
08-05 04:00:23.001 24383 24383 W Glide   : com.bumptech.glide.load.HttpException()
08-05 04:00:23.001 24383 24383 W Glide   :  call GlideException#logRootCauses(String) for more detail
08-05 04:00:23.001 24383 24383 W Glide   :   Cause (1 of 1): class com.bumptech.glide.load.engine.GlideException: Fetching data failed, class java.io.InputStream, REMOTE
08-05 04:00:23.001 24383 24383 W Glide   : There was 1 cause:
08-05 04:00:23.001 24383 24383 W Glide   : com.bumptech.glide.load.HttpException()
08-05 04:00:23.001 24383 24383 W Glide   :  call GlideException#logRootCauses(String) for more detail
08-05 04:00:23.001 24383 24383 W Glide   :     Cause (1 of 1): class com.bumptech.glide.load.HttpException: 
08-05 04:00:23.002 24383 24383 I Glide   : Root cause (1 of 1)
08-05 04:00:23.002 24383 24383 I Glide   : com.bumptech.glide.load.HttpException: 
08-05 04:00:23.002 24383 24383 I Glide   : 	at com.bumptech.glide.integration.okhttp3.OkHttpStreamFetcher.onResponse(OkHttpStreamFetcher.java:73)
08-05 04:00:23.002 24383 24383 I Glide   : 	at okhttp3.RealCall$AsyncCall.execute(RealCall.java:174)
08-05 04:00:23.002 24383 24383 I Glide   : 	at okhttp3.internal.NamedRunnable.run(NamedRunnable.java:32)
08-05 04:00:23.002 24383 24383 I Glide   : 	at java.util.concurrent.ThreadPoolExecutor.runWorker(ThreadPoolExecutor.java:1113)
08-05 04:00:23.002 24383 24383 I Glide   : 	at java.util.concurrent.ThreadPoolExecutor$Worker.run(ThreadPoolExecutor.java:588)
08-05 04:00:23.002 24383 24383 I Glide   : 	at java.lang.Thread.run(Thread.java:818)
08-05 04:00:23.003 24383 24383 W Glide   : Load failed for http://sixgun.org/files/linuxoutlaws.jpg with size [224x224]
08-05 04:00:23.003 24383 24383 W Glide   : class com.bumptech.glide.load.engine.GlideException: Failed to load resource
08-05 04:00:23.003 24383 24383 W Glide   : There was 1 cause:
08-05 04:00:23.003 24383 24383 W Glide   : com.bumptech.glide.load.HttpException()
08-05 04:00:23.003 24383 24383 W Glide   :  call GlideException#logRootCauses(String) for more detail
08-05 04:00:23.003 24383 24383 W Glide   :   Cause (1 of 1): class com.bumptech.glide.load.engine.GlideException: Fetching data failed, class java.io.InputStream, REMOTE
08-05 04:00:23.003 24383 24383 W Glide   : There was 1 cause:
08-05 04:00:23.003 24383 24383 W Glide   : com.bumptech.glide.load.HttpException()
08-05 04:00:23.003 24383 24383 W Glide   :  call GlideException#logRootCauses(String) for more detail
08-05 04:00:23.003 24383 24383 W Glide   :     Cause (1 of 1): class com.bumptech.glide.load.HttpException: 
08-05 04:00:23.003 24383 24383 I Glide   : Root cause (1 of 1)
08-05 04:00:23.003 24383 24383 I Glide   : com.bumptech.glide.load.HttpException: 
08-05 04:00:23.003 24383 24383 I Glide   : 	at com.bumptech.glide.integration.okhttp3.OkHttpStreamFetcher.onResponse(OkHttpStreamFetcher.java:73)
08-05 04:00:23.003 24383 24383 I Glide   : 	at okhttp3.RealCall$AsyncCall.execute(RealCall.java:174)
08-05 04:00:23.003 24383 24383 I Glide   : 	at okhttp3.internal.NamedRunnable.run(NamedRunnable.java:32)
08-05 04:00:23.003 24383 24383 I Glide   : 	at java.util.concurrent.ThreadPoolExecutor.runWorker(ThreadPoolExecutor.java:1113)
08-05 04:00:23.003 24383 24383 I Glide   : 	at java.util.concurrent.ThreadPoolExecutor$Worker.run(ThreadPoolExecutor.java:588)
08-05 04:00:23.003 24383 24383 I Glide   : 	at java.lang.Thread.run(Thread.java:818)
08-05 04:00:23.028 24383 25178 D MYTAG   : interceptor 2a
08-05 04:00:23.029 24383 25178 I NAPPA_EXPERIMENTATION: MetricNetworkRequestExecutionTime: REQUEST_DURATION_SYSTEM='528',REQUEST_DURATION_OKHTTP='202',REQUEST_SYNCHRONOUS='TRUE',RESPONSE_CODE='200',RESPONSE_METHOD='GET',RESPONSE_LENGTH_OKHTTP='89986',RESPONSE_LENGTH_HEADER='89986',REQUEST_PROTOCOL='h2',REQUEST_URL='https://pl.tedcdn.com/rss_feed_images/ted_talks_main_podcast/video.png',
08-05 04:00:23.078 24383 25177 D MYTAG   : interceptor 2a
08-05 04:00:23.079 24383 25177 I NAPPA_EXPERIMENTATION: MetricNetworkRequestExecutionTime: REQUEST_DURATION_SYSTEM='571',REQUEST_DURATION_OKHTTP='344',REQUEST_SYNCHRONOUS='TRUE',RESPONSE_CODE='200',RESPONSE_METHOD='GET',RESPONSE_LENGTH_OKHTTP='465707',RESPONSE_LENGTH_HEADER='465707',REQUEST_PROTOCOL='h2',REQUEST_URL='https://elroy.twit.tv/sites/default/files/styles/twit_album_art_2048x2048/public/images/shows/this_week_in_tech/album_art/audio/twit1400audio.jpg?itok=J0vhatZb',
08-05 04:00:23.139 24383 25373 D ApOkHttpUrlLoader: buildLoadData() called with: model = [http://sixgun.org/files/linuxoutlaws.jpg], width = [224], height = [224]
08-05 04:00:23.140 24383 25177 D DBReader: getImageAuthentication() called with: imageUrl = [http://sixgun.org/files/linuxoutlaws.jpg]
08-05 04:00:23.144 24383 25177 D ApOkHttpUrlLoader: no credentials for 'http://sixgun.org/files/linuxoutlaws.jpg'
08-05 04:00:23.190 24383 25177 D DBWriter: updateFeedDownloadURL(original: http://sixgun.org/files/linuxoutlaws.jpg, updated: https://fab.industries/sixgun/files/linuxoutlaws.jpg)
08-05 04:00:23.222 24383 24404 I art     : Starting a blocking GC Explicit
08-05 04:00:23.263 24383 24404 I art     : Explicit concurrent mark sweep GC freed 5268(374KB) AllocSpace objects, 1(20KB) LOS objects, 23% free, 50MB/66MB, paused 1.500ms total 40.759ms
08-05 04:00:23.275 24383 24404 I art     : Starting a blocking GC Explicit
08-05 04:00:23.314 24383 24404 I art     : Explicit concurrent mark sweep GC freed 182(6KB) AllocSpace objects, 0(0B) LOS objects, 23% free, 50MB/66MB, paused 1.514ms total 38.755ms
08-05 04:00:23.327 24383 24404 I art     : Starting a blocking GC Explicit
08-05 04:00:23.344 24383 25177 D MYTAG   : interceptor 2a
08-05 04:00:23.345 24383 25177 I NAPPA_EXPERIMENTATION: MetricNetworkRequestExecutionTime: REQUEST_DURATION_SYSTEM='200',REQUEST_DURATION_OKHTTP='152',REQUEST_SYNCHRONOUS='TRUE',RESPONSE_CODE='404',RESPONSE_METHOD='GET',RESPONSE_LENGTH_OKHTTP='-1',RESPONSE_LENGTH_HEADER='1503',REQUEST_PROTOCOL='h2',REQUEST_URL='https://fab.industries/sixgun/files/linuxoutlaws.jpg',
08-05 04:00:23.360 24383 24383 W Glide   : Load failed for http://sixgun.org/files/linuxoutlaws.jpg with size [224x224]
08-05 04:00:23.360 24383 24383 W Glide   : class com.bumptech.glide.load.engine.GlideException: Failed to load resource
08-05 04:00:23.360 24383 24383 W Glide   : There was 1 cause:
08-05 04:00:23.360 24383 24383 W Glide   : com.bumptech.glide.load.HttpException()
08-05 04:00:23.360 24383 24383 W Glide   :  call GlideException#logRootCauses(String) for more detail
08-05 04:00:23.360 24383 24383 W Glide   :   Cause (1 of 1): class com.bumptech.glide.load.engine.GlideException: Fetching data failed, class java.io.InputStream, REMOTE
08-05 04:00:23.360 24383 24383 W Glide   : There was 1 cause:
08-05 04:00:23.360 24383 24383 W Glide   : com.bumptech.glide.load.HttpException()
08-05 04:00:23.360 24383 24383 W Glide   :  call GlideException#logRootCauses(String) for more detail
08-05 04:00:23.360 24383 24383 W Glide   :     Cause (1 of 1): class com.bumptech.glide.load.HttpException: 
08-05 04:00:23.360 24383 24383 I Glide   : Root cause (1 of 1)
08-05 04:00:23.360 24383 24383 I Glide   : com.bumptech.glide.load.HttpException: 
08-05 04:00:23.360 24383 24383 I Glide   : 	at com.bumptech.glide.integration.okhttp3.OkHttpStreamFetcher.onResponse(OkHttpStreamFetcher.java:73)
08-05 04:00:23.360 24383 24383 I Glide   : 	at okhttp3.RealCall$AsyncCall.execute(RealCall.java:174)
08-05 04:00:23.360 24383 24383 I Glide   : 	at okhttp3.internal.NamedRunnable.run(NamedRunnable.java:32)
08-05 04:00:23.360 24383 24383 I Glide   : 	at java.util.concurrent.ThreadPoolExecutor.runWorker(ThreadPoolExecutor.java:1113)
08-05 04:00:23.360 24383 24383 I Glide   : 	at java.util.concurrent.ThreadPoolExecutor$Worker.run(ThreadPoolExecutor.java:588)
08-05 04:00:23.360 24383 24383 I Glide   : 	at java.lang.Thread.run(Thread.java:818)
08-05 04:00:23.366 24383 24404 I art     : Explicit concurrent mark sweep GC freed 293(41KB) AllocSpace objects, 0(0B) LOS objects, 23% free, 50MB/66MB, paused 1.490ms total 38.930ms
08-05 04:00:23.379 24383 24404 I art     : Starting a blocking GC Explicit
08-05 04:00:23.407 24383 25373 D ApOkHttpUrlLoader: buildLoadData() called with: model = [http://sixgun.org/files/linuxoutlaws.jpg], width = [224], height = [224]
08-05 04:00:23.410 24383 25177 D DBReader: getImageAuthentication() called with: imageUrl = [http://sixgun.org/files/linuxoutlaws.jpg]
08-05 04:00:23.418 24383 25177 D ApOkHttpUrlLoader: no credentials for 'http://sixgun.org/files/linuxoutlaws.jpg'
08-05 04:00:23.422 24383 24404 I art     : Explicit concurrent mark sweep GC freed 504(35KB) AllocSpace objects, 0(0B) LOS objects, 23% free, 50MB/66MB, paused 2.005ms total 42.641ms
08-05 04:00:23.434 24383 24404 I art     : Starting a blocking GC Explicit
08-05 04:00:23.461 24383 25177 D DBWriter: updateFeedDownloadURL(original: http://sixgun.org/files/linuxoutlaws.jpg, updated: https://fab.industries/sixgun/files/linuxoutlaws.jpg)
08-05 04:00:23.474 24383 24404 I art     : Explicit concurrent mark sweep GC freed 368(17KB) AllocSpace objects, 0(0B) LOS objects, 23% free, 50MB/66MB, paused 1.453ms total 39.694ms
08-05 04:00:23.611 24383 25177 D MYTAG   : interceptor 2a
08-05 04:00:23.612 24383 25177 I NAPPA_EXPERIMENTATION: MetricNetworkRequestExecutionTime: REQUEST_DURATION_SYSTEM='193',REQUEST_DURATION_OKHTTP='148',REQUEST_SYNCHRONOUS='TRUE',RESPONSE_CODE='404',RESPONSE_METHOD='GET',RESPONSE_LENGTH_OKHTTP='-1',RESPONSE_LENGTH_HEADER='1503',REQUEST_PROTOCOL='h2',REQUEST_URL='https://fab.industries/sixgun/files/linuxoutlaws.jpg',
08-05 04:00:23.615 24383 24383 W Glide   : Load failed for http://sixgun.org/files/linuxoutlaws.jpg with size [224x224]
08-05 04:00:23.615 24383 24383 W Glide   : class com.bumptech.glide.load.engine.GlideException: Failed to load resource
08-05 04:00:23.615 24383 24383 W Glide   : There was 1 cause:
08-05 04:00:23.615 24383 24383 W Glide   : com.bumptech.glide.load.HttpException()
08-05 04:00:23.615 24383 24383 W Glide   :  call GlideException#logRootCauses(String) for more detail
08-05 04:00:23.615 24383 24383 W Glide   :   Cause (1 of 1): class com.bumptech.glide.load.engine.GlideException: Fetching data failed, class java.io.InputStream, REMOTE
08-05 04:00:23.615 24383 24383 W Glide   : There was 1 cause:
08-05 04:00:23.615 24383 24383 W Glide   : com.bumptech.glide.load.HttpException()
08-05 04:00:23.615 24383 24383 W Glide   :  call GlideException#logRootCauses(String) for more detail
08-05 04:00:23.615 24383 24383 W Glide   :     Cause (1 of 1): class com.bumptech.glide.load.HttpException: 
08-05 04:00:23.616 24383 24383 I Glide   : Root cause (1 of 1)
08-05 04:00:23.616 24383 24383 I Glide   : com.bumptech.glide.load.HttpException: 
08-05 04:00:23.616 24383 24383 I Glide   : 	at com.bumptech.glide.integration.okhttp3.OkHttpStreamFetcher.onResponse(OkHttpStreamFetcher.java:73)
08-05 04:00:23.616 24383 24383 I Glide   : 	at okhttp3.RealCall$AsyncCall.execute(RealCall.java:174)
08-05 04:00:23.616 24383 24383 I Glide   : 	at okhttp3.internal.NamedRunnable.run(NamedRunnable.java:32)
08-05 04:00:23.616 24383 24383 I Glide   : 	at java.util.concurrent.ThreadPoolExecutor.runWorker(ThreadPoolExecutor.java:1113)
08-05 04:00:23.616 24383 24383 I Glide   : 	at java.util.concurrent.ThreadPoolExecutor$Worker.run(ThreadPoolExecutor.java:588)
08-05 04:00:23.616 24383 24383 I Glide   : 	at java.lang.Thread.run(Thread.java:818)
08-05 04:00:23.872 24383 24403 I art     : Starting a blocking GC Explicit
08-05 04:00:23.931 24383 24403 I art     : Explicit concurrent mark sweep GC freed 1905(131KB) AllocSpace objects, 1(20KB) LOS objects, 23% free, 50MB/66MB, paused 1.823ms total 58.940ms
08-05 04:00:23.948 24383 24403 I art     : Starting a blocking GC Explicit
08-05 04:00:23.995 24383 24403 I art     : Explicit concurrent mark sweep GC freed 34(1248B) AllocSpace objects, 0(0B) LOS objects, 23% free, 50MB/66MB, paused 1.530ms total 46.828ms
08-05 04:00:24.009 24383 24403 I art     : Starting a blocking GC Explicit
08-05 04:00:24.057 24383 24403 I art     : Explicit concurrent mark sweep GC freed 3(96B) AllocSpace objects, 0(0B) LOS objects, 23% free, 50MB/66MB, paused 1.590ms total 47.701ms
08-05 04:00:24.070 24383 24403 I art     : Starting a blocking GC Explicit
08-05 04:00:24.116 24383 24403 I art     : Explicit concurrent mark sweep GC freed 10(320B) AllocSpace objects, 0(0B) LOS objects, 23% free, 50MB/66MB, paused 1.427ms total 45.975ms
08-05 04:00:24.130 24383 24403 I art     : Starting a blocking GC Explicit
08-05 04:00:24.172 24383 24403 I art     : Explicit concurrent mark sweep GC freed 30(992B) AllocSpace objects, 0(0B) LOS objects, 23% free, 50MB/66MB, paused 1.555ms total 42.352ms
08-05 04:00:24.563 24383 24403 I art     : Starting a blocking GC Explicit
08-05 04:00:24.617 24383 24403 I art     : Explicit concurrent mark sweep GC freed 1447(83KB) AllocSpace objects, 1(20KB) LOS objects, 23% free, 50MB/66MB, paused 1.615ms total 53.754ms
08-05 04:00:24.631 24383 24403 I art     : Starting a blocking GC Explicit
08-05 04:00:24.679 24383 24403 I art     : Explicit concurrent mark sweep GC freed 23(752B) AllocSpace objects, 0(0B) LOS objects, 23% free, 50MB/66MB, paused 1.562ms total 47.832ms
08-05 04:00:24.693 24383 24403 I art     : Starting a blocking GC Explicit
08-05 04:00:24.740 24383 24403 I art     : Explicit concurrent mark sweep GC freed 3(96B) AllocSpace objects, 0(0B) LOS objects, 23% free, 50MB/66MB, paused 1.574ms total 46.478ms
08-05 04:00:24.753 24383 24403 I art     : Starting a blocking GC Explicit
08-05 04:00:24.801 24383 24403 I art     : Explicit concurrent mark sweep GC freed 3(96B) AllocSpace objects, 0(0B) LOS objects, 23% free, 50MB/66MB, paused 1.632ms total 46.977ms
08-05 04:00:24.814 24383 24403 I art     : Starting a blocking GC Explicit
08-05 04:00:24.861 24383 24403 I art     : Explicit concurrent mark sweep GC freed 3(96B) AllocSpace objects, 0(0B) LOS objects, 23% free, 50MB/66MB, paused 1.519ms total 46.336ms
08-05 04:00:25.236 24383 25881 I art     : Starting a blocking GC Explicit
08-05 04:00:25.295 24383 25881 I art     : Explicit concurrent mark sweep GC freed 1383(81KB) AllocSpace objects, 1(20KB) LOS objects, 23% free, 50MB/66MB, paused 1.706ms total 58.184ms
08-05 04:00:25.310 24383 25881 I art     : Starting a blocking GC Explicit
08-05 04:00:25.357 24383 25881 I art     : Explicit concurrent mark sweep GC freed 23(752B) AllocSpace objects, 0(0B) LOS objects, 23% free, 50MB/66MB, paused 1.695ms total 46.806ms
08-05 04:00:25.371 24383 25881 I art     : Starting a blocking GC Explicit
08-05 04:00:25.419 24383 25881 I art     : Explicit concurrent mark sweep GC freed 3(96B) AllocSpace objects, 0(0B) LOS objects, 23% free, 50MB/66MB, paused 1.742ms total 47.458ms
08-05 04:00:25.432 24383 25881 I art     : Starting a blocking GC Explicit
08-05 04:00:25.479 24383 25881 I art     : Explicit concurrent mark sweep GC freed 3(96B) AllocSpace objects, 0(0B) LOS objects, 23% free, 50MB/66MB, paused 1.551ms total 46.213ms
08-05 04:00:25.492 24383 25881 I art     : Starting a blocking GC Explicit
08-05 04:00:25.541 24383 25881 I art     : Explicit concurrent mark sweep GC freed 32(880B) AllocSpace objects, 0(0B) LOS objects, 23% free, 50MB/66MB, paused 1.762ms total 48.858ms
08-05 04:00:25.942 24383 24416 I art     : Starting a blocking GC Explicit
08-05 04:00:25.997 24383 24416 I art     : Explicit concurrent mark sweep GC freed 1381(81KB) AllocSpace objects, 1(20KB) LOS objects, 23% free, 50MB/66MB, paused 1.658ms total 54.899ms
08-05 04:00:26.011 24383 24416 I art     : Starting a blocking GC Explicit
08-05 04:00:26.060 24383 24416 I art     : Explicit concurrent mark sweep GC freed 23(752B) AllocSpace objects, 0(0B) LOS objects, 23% free, 50MB/66MB, paused 1.674ms total 48.360ms
08-05 04:00:26.074 24383 24416 I art     : Starting a blocking GC Explicit
08-05 04:00:26.118 24383 24416 I art     : Explicit concurrent mark sweep GC freed 3(96B) AllocSpace objects, 0(0B) LOS objects, 23% free, 50MB/66MB, paused 1.623ms total 44.401ms
08-05 04:00:26.132 24383 24416 I art     : Starting a blocking GC Explicit
08-05 04:00:26.181 24383 24416 I art     : Explicit concurrent mark sweep GC freed 3(96B) AllocSpace objects, 0(0B) LOS objects, 23% free, 50MB/66MB, paused 1.625ms total 48.522ms
08-05 04:00:26.194 24383 24416 I art     : Starting a blocking GC Explicit
08-05 04:00:26.241 24383 24416 I art     : Explicit concurrent mark sweep GC freed 3(96B) AllocSpace objects, 0(0B) LOS objects, 23% free, 50MB/66MB, paused 1.616ms total 46.850ms
08-05 04:00:26.630 24383 24416 I art     : Starting a blocking GC Explicit
08-05 04:00:26.687 24383 24416 I art     : Explicit concurrent mark sweep GC freed 1452(84KB) AllocSpace objects, 1(20KB) LOS objects, 23% free, 50MB/66MB, paused 1.678ms total 57.186ms
08-05 04:00:26.687 24383 24401 I art     : WaitForGcToComplete blocked for 49.234ms for cause HeapTrim
08-05 04:00:26.703 24383 24416 I art     : Starting a blocking GC Explicit
08-05 04:00:26.750 24383 24416 I art     : Explicit concurrent mark sweep GC freed 29(976B) AllocSpace objects, 0(0B) LOS objects, 23% free, 50MB/66MB, paused 1.666ms total 46.300ms
08-05 04:00:26.764 24383 24416 I art     : Starting a blocking GC Explicit
08-05 04:00:26.811 24383 24416 I art     : Explicit concurrent mark sweep GC freed 3(96B) AllocSpace objects, 0(0B) LOS objects, 23% free, 50MB/66MB, paused 1.621ms total 47.361ms
08-05 04:00:26.825 24383 24416 I art     : Starting a blocking GC Explicit
08-05 04:00:26.872 24383 24416 I art     : Explicit concurrent mark sweep GC freed 3(96B) AllocSpace objects, 0(0B) LOS objects, 23% free, 50MB/66MB, paused 1.684ms total 46.320ms
08-05 04:00:26.885 24383 24416 I art     : Starting a blocking GC Explicit
08-05 04:00:26.934 24383 24416 I art     : Explicit concurrent mark sweep GC freed 3(96B) AllocSpace objects, 0(0B) LOS objects, 23% free, 50MB/66MB, paused 1.607ms total 47.828ms
08-05 04:00:27.306   518   646 I ThermalEngine: ACTION: GPU - Setting GPU[0] to 510000000
08-05 04:00:27.316 24383 24403 I art     : Starting a blocking GC Explicit
08-05 04:00:27.364 24383 24403 I art     : Explicit concurrent mark sweep GC freed 1385(82KB) AllocSpace objects, 1(20KB) LOS objects, 23% free, 50MB/66MB, paused 1.254ms total 47.159ms
08-05 04:00:27.375 24383 24403 I art     : Starting a blocking GC Explicit
08-05 04:00:27.409 24383 24403 I art     : Explicit concurrent mark sweep GC freed 23(752B) AllocSpace objects, 0(0B) LOS objects, 23% free, 50MB/66MB, paused 1.159ms total 34.662ms
08-05 04:00:27.420 24383 24403 I art     : Starting a blocking GC Explicit
08-05 04:00:27.455 24383 24403 I art     : Explicit concurrent mark sweep GC freed 3(96B) AllocSpace objects, 0(0B) LOS objects, 23% free, 50MB/66MB, paused 1.182ms total 35.348ms
08-05 04:00:27.466 24383 24403 I art     : Starting a blocking GC Explicit
08-05 04:00:27.502 24383 24403 I art     : Explicit concurrent mark sweep GC freed 3(96B) AllocSpace objects, 0(0B) LOS objects, 23% free, 50MB/66MB, paused 1.142ms total 35.776ms
08-05 04:00:27.513 24383 24403 I art     : Starting a blocking GC Explicit
08-05 04:00:27.549 24383 24403 I art     : Explicit concurrent mark sweep GC freed 35(960B) AllocSpace objects, 0(0B) LOS objects, 23% free, 50MB/66MB, paused 1.223ms total 36.390ms
08-05 04:00:27.876 24383 25881 I art     : Starting a blocking GC Explicit
08-05 04:00:27.912 24383 25881 I art     : Explicit concurrent mark sweep GC freed 1384(81KB) AllocSpace objects, 1(20KB) LOS objects, 23% free, 50MB/66MB, paused 1.211ms total 35.582ms
08-05 04:00:27.922 24383 25881 I art     : Starting a blocking GC Explicit
08-05 04:00:27.955 24383 25881 I art     : Explicit concurrent mark sweep GC freed 23(752B) AllocSpace objects, 0(0B) LOS objects, 23% free, 50MB/66MB, paused 1.140ms total 32.288ms
08-05 04:00:27.965 24383 25881 I art     : Starting a blocking GC Explicit
08-05 04:00:27.999 24383 25881 I art     : Explicit concurrent mark sweep GC freed 3(96B) AllocSpace objects, 0(0B) LOS objects, 23% free, 50MB/66MB, paused 1.181ms total 34.008ms
08-05 04:00:28.009 24383 25881 I art     : Starting a blocking GC Explicit
08-05 04:00:28.043 24383 25881 I art     : Explicit concurrent mark sweep GC freed 3(96B) AllocSpace objects, 0(0B) LOS objects, 23% free, 50MB/66MB, paused 1.166ms total 33.812ms
08-05 04:00:28.053 24383 25881 I art     : Starting a blocking GC Explicit
08-05 04:00:28.087 24383 25881 I art     : Explicit concurrent mark sweep GC freed 3(96B) AllocSpace objects, 0(0B) LOS objects, 23% free, 50MB/66MB, paused 1.205ms total 33.630ms
08-05 04:00:28.148 27556 27556 D AndroidRuntime: >>>>>> START com.android.internal.os.RuntimeInit uid 2000 <<<<<<
08-05 04:00:28.153 27556 27556 D AndroidRuntime: CheckJNI is OFF
08-05 04:00:28.190 27556 27556 D ICU     : No timezone override file found: /data/misc/zoneinfo/current/icu/icu_tzdata.dat
08-05 04:00:28.224 27556 27556 I Radio-JNI: register_android_hardware_Radio DONE
08-05 04:00:28.246 27556 27556 D AndroidRuntime: Calling main entry com.android.commands.input.Input
08-05 04:00:28.248 27556 27556 I Input   : injectMotionEvent: MotionEvent { action=ACTION_DOWN, actionButton=0, id[0]=0, x[0]=526.0, y[0]=597.0, toolType[0]=TOOL_TYPE_UNKNOWN, buttonState=0, metaState=0, flags=0x0, edgeFlags=0x0, pointerCount=1, historySize=0, eventTime=763244660, downTime=763244660, deviceId=0, source=0x1002 }
08-05 04:00:28.252 27556 27556 I Input   : injectMotionEvent: MotionEvent { action=ACTION_UP, actionButton=0, id[0]=0, x[0]=526.0, y[0]=597.0, toolType[0]=TOOL_TYPE_UNKNOWN, buttonState=0, metaState=0, flags=0x0, edgeFlags=0x0, pointerCount=1, historySize=0, eventTime=763244660, downTime=763244660, deviceId=0, source=0x1002 }
08-05 04:00:28.254 27556 27556 D AndroidRuntime: Shutting down VM
08-05 04:00:28.319 24383 24383 D PodcastListFragment: Selected podcast: GpodnetPodcast [url=http://feeds.feedburner.com/linuxoutlaws, title=Linux Outlaws, description=Two pragmatic geeks talk about the latest news concerning Linux, free and open
08-05 04:00:28.319 24383 24383 D PodcastListFragment: technology or anything else they deem noteworthy which may include such absurd
08-05 04:00:28.319 24383 24383 D PodcastListFragment: things as hockey or bands you never heard of. This means there's many a joke
08-05 04:00:28.319 24383 24383 D PodcastListFragment: and derailed conversation along the way, so don't come here expecting only
08-05 04:00:28.319 24383 24383 D PodcastListFragment: Linux or software freedom talk  just sit back and relax, partner., subscribers=3321, logoUrl=http://sixgun.org/files/linuxoutlaws.jpg, website=http://sixgun.org, mygpoLink=http://gpodder.net/podcast/linux-outlaws-mp3]
08-05 04:00:28.321   918  3670 I ActivityManager: START u0 {cmp=baseline.de.danoeh.antennapod.debug/baseline.de.danoeh.antennapod.activity.OnlineFeedViewActivity (has extras)} from uid 10691 on display 0
08-05 04:00:28.322   512  2967 D audio_hw_primary: out_set_parameters: enter: usecase(1: low-latency-playback) kvpairs: routing=2
08-05 04:00:28.336   512  2967 D audio_hw_primary: select_devices: out_snd_device(2: speaker) in_snd_device(0: none)
08-05 04:00:28.336   512  2967 D msm8974_platform: platform_send_audio_calibration: sending audio calibration for snd_device(2) acdb_id(15)
08-05 04:00:28.336   512  2967 I soundtrigger: audio_extn_sound_trigger_update_device_status: device 0x2 of type 0 for Event 1
08-05 04:00:28.348   512  2967 D audio_hw_primary: enable_snd_device: snd_device(2: speaker)
08-05 04:00:28.350   512  2967 D audio_hw_primary: enable_audio_route: apply and update mixer path: low-latency-playback speaker
08-05 04:00:28.351 24383 24383 D UserPreferences: Using default data folder
08-05 04:00:28.352 24383 24383 D OnlineFeedViewActivity: Activity was started with url http://feeds.feedburner.com/linuxoutlaws
08-05 04:00:28.355 24383 24383 D OnlineFeedViewActivity: Starting feed download
08-05 04:00:28.357 24383 24971 D DBReader: Extracting Feedlist
08-05 04:00:28.359   918  4400 D WifiService: acquireWifiLockLocked: WifiLock{Downloader type=1 binder=android.os.BinderProxy@ee17da4}
08-05 04:00:28.359 24383 24971 D AntennapodHttpClient: Creating new instance of HTTP client
08-05 04:00:28.401 24383 25881 I art     : Starting a blocking GC Explicit
08-05 04:00:28.409 13866 13866 I GoogleInputMethodServic: GoogleInputMethodService.onFinishInput():3138 
08-05 04:00:28.410 13866 13866 I GoogleInputMethodServic: GoogleInputMethodService.onStartInput():1808 
08-05 04:00:28.429   918   936 I ActivityManager: Displayed baseline.de.danoeh.antennapod.debug/baseline.de.danoeh.antennapod.activity.OnlineFeedViewActivity: +98ms
08-05 04:00:28.439 24383 25881 I art     : Explicit concurrent mark sweep GC freed 2850(203KB) AllocSpace objects, 2(40KB) LOS objects, 23% free, 51MB/67MB, paused 1.572ms total 38.100ms
08-05 04:00:28.440 24383 24971 D MYTAG   : interceptor 3a http://feeds.feedburner.com/linuxoutlaws
08-05 04:00:28.440 24383 24971 I NAPPA_EXPERIMENTATION: MetricNetworkRequestExecutionTime: REQUEST_DURATION_SYSTEM='80',REQUEST_DURATION_OKHTTP='43',REQUEST_SYNCHRONOUS='TRUE',RESPONSE_CODE='200',RESPONSE_METHOD='GET',RESPONSE_LENGTH_OKHTTP='-1',RESPONSE_LENGTH_HEADER='-2',REQUEST_PROTOCOL='http/1.1',REQUEST_URL='http://feeds.feedburner.com/linuxoutlaws',
08-05 04:00:28.440 24383 24971 D HttpDownloader: Response code is 200
08-05 04:00:28.440 24383 24971 D UserPreferences: Using default data folder
08-05 04:00:28.442 24383 24971 D HttpDownloader: Getting size of download
08-05 04:00:28.442 24383 24971 D HttpDownloader: Size is -1
08-05 04:00:28.442 24383 24971 D UserPreferences: Using default data folder
08-05 04:00:28.442 24383 24971 D HttpDownloader: Free space is 20236914688
08-05 04:00:28.442 24383 24971 D HttpDownloader: Starting download
08-05 04:00:28.450 24383 24971 D HttpDownloader: Download was successful
08-05 04:00:28.451   918  3714 D WifiService: releaseWifiLockLocked: WifiLock{Downloader type=1 binder=android.os.BinderProxy@ee17da4}
08-05 04:00:28.452 24383 25881 I art     : Starting a blocking GC Explicit
08-05 04:00:28.467 24383 24414 D OpenGLRenderer: endAllStagingAnimators on 0x7f7b1e3c00 (GridView) with handle 0x7f75487160
08-05 04:00:28.471 24383 24383 D OnlineFeedViewActivity: Parsing feed
08-05 04:00:28.475 24383 27588 D TypeGetter: Recognized type RSS 2.0
08-05 04:00:28.477 24383 27588 D SyndHandler: Recognized Content namespace
08-05 04:00:28.478 24383 27588 D SyndHandler: Recognized DublinCore namespace
08-05 04:00:28.478 24383 27588 D SyndHandler: Recognized Atom namespace
08-05 04:00:28.478 24383 27588 D SyndHandler: Recognized ITunes namespace
08-05 04:00:28.478 24383 27588 D SyndHandler: Recognized media namespace
08-05 04:00:28.488 24383 25881 I art     : Explicit concurrent mark sweep GC freed 1274(242KB) AllocSpace objects, 3(60KB) LOS objects, 23% free, 51MB/67MB, paused 1.338ms total 35.607ms
08-05 04:00:28.498 24383 25881 I art     : Starting a blocking GC Explicit
08-05 04:00:28.511 24383 27588 D OnlineFeedViewActivity: Deleted feed source file. Result: true
08-05 04:00:28.512 24383 24383 D OnlineFeedViewActivity: Removing HTML from shownotes
08-05 04:00:28.530 24383 25373 D ApOkHttpUrlLoader: buildLoadData() called with: model = [http://sixgun.org/files/linuxoutlaws.jpg], width = [350], height = [350]
08-05 04:00:28.531 24383 25881 I art     : Explicit concurrent mark sweep GC freed 3817(458KB) AllocSpace objects, 11(748KB) LOS objects, 23% free, 51MB/67MB, paused 1.494ms total 33.486ms
08-05 04:00:28.532 24383 25177 D DBReader: getImageAuthentication() called with: imageUrl = [http://sixgun.org/files/linuxoutlaws.jpg]
08-05 04:00:28.536 24383 25177 D ApOkHttpUrlLoader: no credentials for 'http://sixgun.org/files/linuxoutlaws.jpg'
08-05 04:00:28.541 24383 25881 I art     : Starting a blocking GC Explicit
08-05 04:00:28.574 24383 25177 D DBWriter: updateFeedDownloadURL(original: http://sixgun.org/files/linuxoutlaws.jpg, updated: https://fab.industries/sixgun/files/linuxoutlaws.jpg)
08-05 04:00:28.586 24383 25881 I art     : Explicit concurrent mark sweep GC freed 6822(361KB) AllocSpace objects, 0(0B) LOS objects, 23% free, 51MB/67MB, paused 1.286ms total 44.417ms
08-05 04:00:28.595 24383 25881 I art     : Starting a blocking GC Explicit
08-05 04:00:28.629 24383 25881 I art     : Explicit concurrent mark sweep GC freed 2038(107KB) AllocSpace objects, 0(0B) LOS objects, 23% free, 51MB/67MB, paused 1.195ms total 33.412ms
08-05 04:00:28.680   380   380 W SurfaceFlinger: couldn't log to binary event log: overflow.
08-05 04:00:28.721 24383 25177 D MYTAG   : interceptor 2a
08-05 04:00:28.721 24383 25177 I NAPPA_EXPERIMENTATION: MetricNetworkRequestExecutionTime: REQUEST_DURATION_SYSTEM='185',REQUEST_DURATION_OKHTTP='145',REQUEST_SYNCHRONOUS='TRUE',RESPONSE_CODE='404',RESPONSE_METHOD='GET',RESPONSE_LENGTH_OKHTTP='-1',RESPONSE_LENGTH_HEADER='1503',REQUEST_PROTOCOL='h2',REQUEST_URL='https://fab.industries/sixgun/files/linuxoutlaws.jpg',
08-05 04:00:28.723 24383 24383 W Glide   : Load failed for http://sixgun.org/files/linuxoutlaws.jpg with size [350x350]
08-05 04:00:28.723 24383 24383 W Glide   : class com.bumptech.glide.load.engine.GlideException: Failed to load resource
08-05 04:00:28.723 24383 24383 W Glide   : There was 1 cause:
08-05 04:00:28.723 24383 24383 W Glide   : com.bumptech.glide.load.HttpException()
08-05 04:00:28.723 24383 24383 W Glide   :  call GlideException#logRootCauses(String) for more detail
08-05 04:00:28.723 24383 24383 W Glide   :   Cause (1 of 1): class com.bumptech.glide.load.engine.GlideException: Fetching data failed, class java.io.InputStream, REMOTE
08-05 04:00:28.723 24383 24383 W Glide   : There was 1 cause:
08-05 04:00:28.723 24383 24383 W Glide   : com.bumptech.glide.load.HttpException()
08-05 04:00:28.723 24383 24383 W Glide   :  call GlideException#logRootCauses(String) for more detail
08-05 04:00:28.723 24383 24383 W Glide   :     Cause (1 of 1): class com.bumptech.glide.load.HttpException: 
08-05 04:00:28.723 24383 24383 I Glide   : Root cause (1 of 1)
08-05 04:00:28.723 24383 24383 I Glide   : com.bumptech.glide.load.HttpException: 
08-05 04:00:28.723 24383 24383 I Glide   : 	at com.bumptech.glide.integration.okhttp3.OkHttpStreamFetcher.onResponse(OkHttpStreamFetcher.java:73)
08-05 04:00:28.723 24383 24383 I Glide   : 	at okhttp3.RealCall$AsyncCall.execute(RealCall.java:174)
08-05 04:00:28.723 24383 24383 I Glide   : 	at okhttp3.internal.NamedRunnable.run(NamedRunnable.java:32)
08-05 04:00:28.723 24383 24383 I Glide   : 	at java.util.concurrent.ThreadPoolExecutor.runWorker(ThreadPoolExecutor.java:1113)
08-05 04:00:28.723 24383 24383 I Glide   : 	at java.util.concurrent.ThreadPoolExecutor$Worker.run(ThreadPoolExecutor.java:588)
08-05 04:00:28.723 24383 24383 I Glide   : 	at java.lang.Thread.run(Thread.java:818)
08-05 04:00:28.808 24383 24383 D PlaybackController: Releasing PlaybackController
08-05 04:00:28.889   512  2967 D audio_hw_primary: disable_audio_route: reset and update mixer path: low-latency-playback speaker
08-05 04:00:28.890   512  2967 D audio_hw_primary: disable_snd_device: snd_device(2: speaker)
08-05 04:00:28.898   512  2967 I soundtrigger: audio_extn_sound_trigger_update_device_status: device 0x2 of type 0 for Event 0
08-05 04:00:28.951 24383 24416 I art     : Starting a blocking GC Explicit
08-05 04:00:28.993 24383 24416 I art     : Explicit concurrent mark sweep GC freed 2105(143KB) AllocSpace objects, 2(132KB) LOS objects, 23% free, 51MB/67MB, paused 1.236ms total 41.719ms
08-05 04:00:29.011 24383 24416 I art     : Starting a blocking GC Explicit
08-05 04:00:29.047 24383 24416 I art     : Explicit concurrent mark sweep GC freed 58(2032B) AllocSpace objects, 0(0B) LOS objects, 23% free, 51MB/67MB, paused 1.222ms total 35.393ms
08-05 04:00:29.057 24383 24416 I art     : Starting a blocking GC Explicit
08-05 04:00:29.092 24383 24416 I art     : Explicit concurrent mark sweep GC freed 3(96B) AllocSpace objects, 0(0B) LOS objects, 23% free, 51MB/67MB, paused 1.178ms total 34.822ms
08-05 04:00:29.102 24383 24416 I art     : Starting a blocking GC Explicit
08-05 04:00:29.139 24383 24416 I art     : Explicit concurrent mark sweep GC freed 3(96B) AllocSpace objects, 0(0B) LOS objects, 23% free, 51MB/67MB, paused 1.180ms total 36.412ms
08-05 04:00:29.150 24383 24416 I art     : Starting a blocking GC Explicit
08-05 04:00:29.187 24383 24416 I art     : Explicit concurrent mark sweep GC freed 3(96B) AllocSpace objects, 0(0B) LOS objects, 23% free, 51MB/67MB, paused 1.302ms total 37.156ms
08-05 04:00:29.530 24383 24404 I art     : Starting a blocking GC Explicit
08-05 04:00:29.577 24383 24404 I art     : Explicit concurrent mark sweep GC freed 1410(81KB) AllocSpace objects, 1(20KB) LOS objects, 23% free, 51MB/67MB, paused 1.315ms total 47.176ms
08-05 04:00:29.592 24383 24404 I art     : Starting a blocking GC Explicit
08-05 04:00:29.633 24383 24404 I art     : Explicit concurrent mark sweep GC freed 23(752B) AllocSpace objects, 0(0B) LOS objects, 23% free, 51MB/67MB, paused 1.207ms total 40.785ms
08-05 04:00:29.644 24383 24404 I art     : Starting a blocking GC Explicit
08-05 04:00:29.681 24383 24404 I art     : Explicit concurrent mark sweep GC freed 3(96B) AllocSpace objects, 0(0B) LOS objects, 23% free, 51MB/67MB, paused 1.198ms total 36.848ms
08-05 04:00:29.692 24383 24404 I art     : Starting a blocking GC Explicit
08-05 04:00:29.729 24383 24404 I art     : Explicit concurrent mark sweep GC freed 3(96B) AllocSpace objects, 0(0B) LOS objects, 23% free, 51MB/67MB, paused 1.353ms total 37.480ms
08-05 04:00:29.741 24383 24404 I art     : Starting a blocking GC Explicit
08-05 04:00:29.777 24383 24404 I art     : Explicit concurrent mark sweep GC freed 3(96B) AllocSpace objects, 0(0B) LOS objects, 23% free, 51MB/67MB, paused 1.233ms total 36.266ms
08-05 04:00:30.144 24383 24403 I art     : Starting a blocking GC Explicit
08-05 04:00:30.192 24383 24403 I art     : Explicit concurrent mark sweep GC freed 1388(81KB) AllocSpace objects, 1(20KB) LOS objects, 23% free, 51MB/67MB, paused 1.269ms total 47.838ms
08-05 04:00:30.203 24383 24403 I art     : Starting a blocking GC Explicit
08-05 04:00:30.235 24383 24403 I art     : Explicit concurrent mark sweep GC freed 29(944B) AllocSpace objects, 0(0B) LOS objects, 23% free, 51MB/67MB, paused 1.055ms total 31.604ms
08-05 04:00:30.245 24383 24403 I art     : Starting a blocking GC Explicit
08-05 04:00:30.278 24383 24403 I art     : Explicit concurrent mark sweep GC freed 7(224B) AllocSpace objects, 0(0B) LOS objects, 23% free, 51MB/67MB, paused 1.181ms total 32.792ms
08-05 04:00:30.288 24383 24403 I art     : Starting a blocking GC Explicit
08-05 04:00:30.320 24383 24403 I art     : Explicit concurrent mark sweep GC freed 9(288B) AllocSpace objects, 0(0B) LOS objects, 23% free, 51MB/67MB, paused 1.032ms total 31.784ms
08-05 04:00:30.330 24383 24403 I art     : Starting a blocking GC Explicit
08-05 04:00:30.364 24383 24403 I art     : Explicit concurrent mark sweep GC freed 7(224B) AllocSpace objects, 0(0B) LOS objects, 23% free, 51MB/67MB, paused 1.149ms total 33.677ms
08-05 04:00:30.736 24383 24416 I art     : Starting a blocking GC Explicit
08-05 04:00:30.782 24383 24416 I art     : Explicit concurrent mark sweep GC freed 1413(81KB) AllocSpace objects, 1(20KB) LOS objects, 23% free, 51MB/67MB, paused 1.206ms total 46.169ms
08-05 04:00:30.793 24383 24416 I art     : Starting a blocking GC Explicit
08-05 04:00:30.831 24383 24416 I art     : Explicit concurrent mark sweep GC freed 23(752B) AllocSpace objects, 0(0B) LOS objects, 23% free, 51MB/67MB, paused 1.204ms total 37.778ms
08-05 04:00:30.842 24383 24416 I art     : Starting a blocking GC Explicit
08-05 04:00:30.880 24383 24416 I art     : Explicit concurrent mark sweep GC freed 3(96B) AllocSpace objects, 0(0B) LOS objects, 23% free, 51MB/67MB, paused 1.166ms total 37.561ms
08-05 04:00:30.891 24383 24416 I art     : Starting a blocking GC Explicit
08-05 04:00:30.929 24383 24416 I art     : Explicit concurrent mark sweep GC freed 3(96B) AllocSpace objects, 0(0B) LOS objects, 23% free, 51MB/67MB, paused 1.257ms total 37.975ms
08-05 04:00:30.940 24383 24416 I art     : Starting a blocking GC Explicit
08-05 04:00:30.978 24383 24416 I art     : Explicit concurrent mark sweep GC freed 3(96B) AllocSpace objects, 0(0B) LOS objects, 23% free, 51MB/67MB, paused 1.419ms total 38.097ms
08-05 04:00:31.330 24383 24404 I art     : Starting a blocking GC Explicit
08-05 04:00:31.372 24383 24404 I art     : Explicit concurrent mark sweep GC freed 1381(81KB) AllocSpace objects, 1(20KB) LOS objects, 23% free, 51MB/67MB, paused 1.225ms total 41.497ms
08-05 04:00:31.383 24383 24404 I art     : Starting a blocking GC Explicit
08-05 04:00:31.421 24383 24404 I art     : Explicit concurrent mark sweep GC freed 23(752B) AllocSpace objects, 0(0B) LOS objects, 23% free, 51MB/67MB, paused 1.220ms total 37.590ms
08-05 04:00:31.431 24383 24404 I art     : Starting a blocking GC Explicit
08-05 04:00:31.470 24383 24404 I art     : Explicit concurrent mark sweep GC freed 3(96B) AllocSpace objects, 0(0B) LOS objects, 23% free, 51MB/67MB, paused 1.235ms total 37.804ms
08-05 04:00:31.480 24383 24404 I art     : Starting a blocking GC Explicit
08-05 04:00:31.518 24383 24404 I art     : Explicit concurrent mark sweep GC freed 3(96B) AllocSpace objects, 0(0B) LOS objects, 23% free, 51MB/67MB, paused 1.373ms total 37.044ms
08-05 04:00:31.528 24383 24404 I art     : Starting a blocking GC Explicit
08-05 04:00:31.564 24383 24404 I art     : Explicit concurrent mark sweep GC freed 32(880B) AllocSpace objects, 0(0B) LOS objects, 23% free, 51MB/67MB, paused 1.259ms total 35.659ms
08-05 04:00:31.888 24383 24416 I art     : Starting a blocking GC Explicit
08-05 04:00:31.937 24383 24416 I art     : Explicit concurrent mark sweep GC freed 1383(84KB) AllocSpace objects, 1(20KB) LOS objects, 23% free, 51MB/67MB, paused 1.277ms total 49.247ms
08-05 04:00:31.950 24383 24416 I art     : Starting a blocking GC Explicit
08-05 04:00:31.988 24383 24416 I art     : Explicit concurrent mark sweep GC freed 37(1200B) AllocSpace objects, 0(0B) LOS objects, 23% free, 51MB/67MB, paused 1.345ms total 37.772ms
08-05 04:00:31.999 24383 24416 I art     : Starting a blocking GC Explicit
08-05 04:00:32.036 24383 24416 I art     : Explicit concurrent mark sweep GC freed 3(96B) AllocSpace objects, 0(0B) LOS objects, 23% free, 51MB/67MB, paused 1.220ms total 36.630ms
08-05 04:00:32.047 24383 24416 I art     : Starting a blocking GC Explicit
08-05 04:00:32.083 24383 24416 I art     : Explicit concurrent mark sweep GC freed 3(96B) AllocSpace objects, 0(0B) LOS objects, 23% free, 51MB/67MB, paused 1.192ms total 36.703ms
08-05 04:00:32.094 24383 24416 I art     : Starting a blocking GC Explicit
08-05 04:00:32.132 24383 24416 I art     : Explicit concurrent mark sweep GC freed 3(96B) AllocSpace objects, 0(0B) LOS objects, 23% free, 51MB/67MB, paused 1.204ms total 37.315ms
08-05 04:00:32.506 24383 24404 I art     : Starting a blocking GC Explicit
08-05 04:00:32.544 24383 24404 I art     : Explicit concurrent mark sweep GC freed 1413(82KB) AllocSpace objects, 1(20KB) LOS objects, 23% free, 51MB/67MB, paused 1.149ms total 38.331ms
08-05 04:00:32.555 24383 24404 I art     : Starting a blocking GC Explicit
08-05 04:00:32.591 24383 24404 I art     : Explicit concurrent mark sweep GC freed 23(752B) AllocSpace objects, 0(0B) LOS objects, 23% free, 51MB/67MB, paused 1.191ms total 34.918ms
08-05 04:00:32.601 24383 24404 I art     : Starting a blocking GC Explicit
08-05 04:00:32.636 24383 24404 I art     : Explicit concurrent mark sweep GC freed 3(96B) AllocSpace objects, 0(0B) LOS objects, 23% free, 51MB/67MB, paused 1.188ms total 35.166ms
08-05 04:00:32.646 24383 24404 I art     : Starting a blocking GC Explicit
08-05 04:00:32.681 24383 24404 I art     : Explicit concurrent mark sweep GC freed 3(96B) AllocSpace objects, 0(0B) LOS objects, 23% free, 51MB/67MB, paused 1.190ms total 34.759ms
08-05 04:00:32.692 24383 24404 I art     : Starting a blocking GC Explicit
08-05 04:00:32.728 24383 24404 I art     : Explicit concurrent mark sweep GC freed 3(96B) AllocSpace objects, 0(0B) LOS objects, 23% free, 51MB/67MB, paused 1.468ms total 35.829ms
08-05 04:00:32.940 27660 27660 D AndroidRuntime: >>>>>> START com.android.internal.os.RuntimeInit uid 2000 <<<<<<
08-05 04:00:32.945 27660 27660 D AndroidRuntime: CheckJNI is OFF
08-05 04:00:32.977 27660 27660 D ICU     : No timezone override file found: /data/misc/zoneinfo/current/icu/icu_tzdata.dat
08-05 04:00:33.010 27660 27660 I Radio-JNI: register_android_hardware_Radio DONE
08-05 04:00:33.032 27660 27660 D AndroidRuntime: Calling main entry com.android.commands.input.Input
08-05 04:00:33.034 27660 27660 I Input   : injectKeyEvent: KeyEvent { action=ACTION_DOWN, keyCode=KEYCODE_BACK, scanCode=0, metaState=0, flags=0x0, repeatCount=0, eventTime=763249447, downTime=763249447, deviceId=-1, source=0x101 }
08-05 04:00:33.038 27660 27660 I Input   : injectKeyEvent: KeyEvent { action=ACTION_UP, keyCode=KEYCODE_BACK, scanCode=0, metaState=0, flags=0x0, repeatCount=0, eventTime=763249447, downTime=763249447, deviceId=-1, source=0x101 }
08-05 04:00:33.045 27660 27660 D AndroidRuntime: Shutting down VM
08-05 04:00:33.049 24383 24383 V PlaybackController: initServiceNotRunning()
08-05 04:00:33.049 24383 24383 D ExternalPlayerFragment: Loading media info
08-05 04:00:33.050 24383 25373 D ApOkHttpUrlLoader: buildLoadData() called with: model = [http://sixgun.org/files/linuxoutlaws.jpg], width = [224], height = [224]
08-05 04:00:33.051 24383 25177 D DBReader: getImageAuthentication() called with: imageUrl = [http://sixgun.org/files/linuxoutlaws.jpg]
08-05 04:00:33.054 24383 24383 D UserPreferences: Using default data folder
08-05 04:00:33.055 24383 25177 D ApOkHttpUrlLoader: no credentials for 'http://sixgun.org/files/linuxoutlaws.jpg'
08-05 04:00:33.055 24383 24971 D DBReader: getNavDrawerData() called with: 
08-05 04:00:33.066 24383 24971 D DBReader: getDownloadedItems() called
08-05 04:00:33.067 24383 24971 D DBReader: getFavoriteIDList() called
08-05 04:00:33.068 24383 24971 D DBReader: getQueueIDList() called
08-05 04:00:33.068 24383 24971 D DBReader: Extracting Feedlist
08-05 04:00:33.086 13866 13866 I GoogleInputMethodServic: GoogleInputMethodService.onFinishInput():3138 
08-05 04:00:33.087 13866 13866 I GoogleInputMethodServic: GoogleInputMethodService.onStartInput():1808 
08-05 04:00:33.089 24383 24404 I art     : Starting a blocking GC Explicit
08-05 04:00:33.104 24383 24383 D MainActivity: getLastNavFragment() -> AddFeedFragment
08-05 04:00:33.125 24383 24404 I art     : Explicit concurrent mark sweep GC freed 2759(168KB) AllocSpace objects, 1(20KB) LOS objects, 23% free, 51MB/67MB, paused 1.366ms total 35.640ms
08-05 04:00:33.134 24383 25177 D DBWriter: updateFeedDownloadURL(original: http://sixgun.org/files/linuxoutlaws.jpg, updated: https://fab.industries/sixgun/files/linuxoutlaws.jpg)
08-05 04:00:33.137 24383 24404 I art     : Starting a blocking GC Explicit
08-05 04:00:33.167 24383 24404 I art     : Explicit concurrent mark sweep GC freed 678(33KB) AllocSpace objects, 0(0B) LOS objects, 23% free, 51MB/67MB, paused 1.201ms total 30.409ms
08-05 04:00:33.177 24383 24404 I art     : Starting a blocking GC Explicit
08-05 04:00:33.213 24383 24404 I art     : Explicit concurrent mark sweep GC freed 160(9KB) AllocSpace objects, 0(0B) LOS objects, 23% free, 51MB/67MB, paused 1.242ms total 35.828ms
08-05 04:00:33.223 24383 24404 I art     : Starting a blocking GC Explicit
08-05 04:00:33.265 24383 24404 I art     : Explicit concurrent mark sweep GC freed 3(96B) AllocSpace objects, 0(0B) LOS objects, 23% free, 51MB/67MB, paused 1.275ms total 41.915ms
08-05 04:00:33.279 24383 24404 I art     : Starting a blocking GC Explicit
08-05 04:00:33.283 24383 25177 D MYTAG   : interceptor 2a
08-05 04:00:33.283 24383 25177 I NAPPA_EXPERIMENTATION: MetricNetworkRequestExecutionTime: REQUEST_DURATION_SYSTEM='228',REQUEST_DURATION_OKHTTP='146',REQUEST_SYNCHRONOUS='TRUE',RESPONSE_CODE='404',RESPONSE_METHOD='GET',RESPONSE_LENGTH_OKHTTP='-1',RESPONSE_LENGTH_HEADER='1503',REQUEST_PROTOCOL='h2',REQUEST_URL='https://fab.industries/sixgun/files/linuxoutlaws.jpg',
08-05 04:00:33.285 24383 24383 W Glide   : Load failed for http://sixgun.org/files/linuxoutlaws.jpg with size [224x224]
08-05 04:00:33.285 24383 24383 W Glide   : class com.bumptech.glide.load.engine.GlideException: Failed to load resource
08-05 04:00:33.285 24383 24383 W Glide   : There was 1 cause:
08-05 04:00:33.285 24383 24383 W Glide   : com.bumptech.glide.load.HttpException()
08-05 04:00:33.285 24383 24383 W Glide   :  call GlideException#logRootCauses(String) for more detail
08-05 04:00:33.285 24383 24383 W Glide   :   Cause (1 of 1): class com.bumptech.glide.load.engine.GlideException: Fetching data failed, class java.io.InputStream, REMOTE
08-05 04:00:33.285 24383 24383 W Glide   : There was 1 cause:
08-05 04:00:33.285 24383 24383 W Glide   : com.bumptech.glide.load.HttpException()
08-05 04:00:33.285 24383 24383 W Glide   :  call GlideException#logRootCauses(String) for more detail
08-05 04:00:33.285 24383 24383 W Glide   :     Cause (1 of 1): class com.bumptech.glide.load.HttpException: 
08-05 04:00:33.285 24383 24383 I Glide   : Root cause (1 of 1)
08-05 04:00:33.285 24383 24383 I Glide   : com.bumptech.glide.load.HttpException: 
08-05 04:00:33.285 24383 24383 I Glide   : 	at com.bumptech.glide.integration.okhttp3.OkHttpStreamFetcher.onResponse(OkHttpStreamFetcher.java:73)
08-05 04:00:33.285 24383 24383 I Glide   : 	at okhttp3.RealCall$AsyncCall.execute(RealCall.java:174)
08-05 04:00:33.285 24383 24383 I Glide   : 	at okhttp3.internal.NamedRunnable.run(NamedRunnable.java:32)
08-05 04:00:33.285 24383 24383 I Glide   : 	at java.util.concurrent.ThreadPoolExecutor.runWorker(ThreadPoolExecutor.java:1113)
08-05 04:00:33.285 24383 24383 I Glide   : 	at java.util.concurrent.ThreadPoolExecutor$Worker.run(ThreadPoolExecutor.java:588)
08-05 04:00:33.285 24383 24383 I Glide   : 	at java.lang.Thread.run(Thread.java:818)
08-05 04:00:33.285 24383 24383 W Glide   : Load failed for http://sixgun.org/files/linuxoutlaws.jpg with size [224x224]
08-05 04:00:33.285 24383 24383 W Glide   : class com.bumptech.glide.load.engine.GlideException: Failed to load resource
08-05 04:00:33.285 24383 24383 W Glide   : There was 1 cause:
08-05 04:00:33.285 24383 24383 W Glide   : com.bumptech.glide.load.HttpException()
08-05 04:00:33.285 24383 24383 W Glide   :  call GlideException#logRootCauses(String) for more detail
08-05 04:00:33.285 24383 24383 W Glide   :   Cause (1 of 1): class com.bumptech.glide.load.engine.GlideException: Fetching data failed, class java.io.InputStream, REMOTE
08-05 04:00:33.285 24383 24383 W Glide   : There was 1 cause:
08-05 04:00:33.285 24383 24383 W Glide   : com.bumptech.glide.load.HttpException()
08-05 04:00:33.285 24383 24383 W Glide   :  call GlideException#logRootCauses(String) for more detail
08-05 04:00:33.285 24383 24383 W Glide   :     Cause (1 of 1): class com.bumptech.glide.load.HttpException: 
08-05 04:00:33.286 24383 24383 I Glide   : Root cause (1 of 1)
08-05 04:00:33.286 24383 24383 I Glide   : com.bumptech.glide.load.HttpException: 
08-05 04:00:33.286 24383 24383 I Glide   : 	at com.bumptech.glide.integration.okhttp3.OkHttpStreamFetcher.onResponse(OkHttpStreamFetcher.java:73)
08-05 04:00:33.286 24383 24383 I Glide   : 	at okhttp3.RealCall$AsyncCall.execute(RealCall.java:174)
08-05 04:00:33.286 24383 24383 I Glide   : 	at okhttp3.internal.NamedRunnable.run(NamedRunnable.java:32)
08-05 04:00:33.286 24383 24383 I Glide   : 	at java.util.concurrent.ThreadPoolExecutor.runWorker(ThreadPoolExecutor.java:1113)
08-05 04:00:33.286 24383 24383 I Glide   : 	at java.util.concurrent.ThreadPoolExecutor$Worker.run(ThreadPoolExecutor.java:588)
08-05 04:00:33.286 24383 24383 I Glide   : 	at java.lang.Thread.run(Thread.java:818)
08-05 04:00:33.324 24383 24404 I art     : Explicit concurrent mark sweep GC freed 403(68KB) AllocSpace objects, 0(0B) LOS objects, 23% free, 51MB/67MB, paused 1.703ms total 44.665ms
08-05 04:00:33.401   380   380 W SurfaceFlinger: couldn't log to binary event log: overflow.
08-05 04:00:33.615 24383 25881 I art     : Starting a blocking GC Explicit
08-05 04:00:33.668 24383 25881 I art     : Explicit concurrent mark sweep GC freed 2159(115KB) AllocSpace objects, 1(20KB) LOS objects, 23% free, 51MB/67MB, paused 1.363ms total 52.118ms
08-05 04:00:33.682 24383 25881 I art     : Starting a blocking GC Explicit
08-05 04:00:33.719 24383 25881 I art     : Explicit concurrent mark sweep GC freed 2879(236KB) AllocSpace objects, 1(28KB) LOS objects, 23% free, 50MB/66MB, paused 1.261ms total 37.041ms
08-05 04:00:33.730 24383 25881 I art     : Starting a blocking GC Explicit
08-05 04:00:33.766 24383 25881 I art     : Explicit concurrent mark sweep GC freed 3(96B) AllocSpace objects, 0(0B) LOS objects, 23% free, 50MB/66MB, paused 1.318ms total 36.488ms
08-05 04:00:33.777 24383 25881 I art     : Starting a blocking GC Explicit
08-05 04:00:33.813 24383 25881 I art     : Explicit concurrent mark sweep GC freed 3(96B) AllocSpace objects, 0(0B) LOS objects, 23% free, 50MB/66MB, paused 1.207ms total 35.933ms
08-05 04:00:33.824 24383 25881 I art     : Starting a blocking GC Explicit
08-05 04:00:33.860 24383 25881 I art     : Explicit concurrent mark sweep GC freed 3(96B) AllocSpace objects, 0(0B) LOS objects, 23% free, 50MB/66MB, paused 1.226ms total 35.793ms
08-05 04:00:34.192 24383 24416 I art     : Starting a blocking GC Explicit
08-05 04:00:34.241 24383 24416 I art     : Explicit concurrent mark sweep GC freed 1383(81KB) AllocSpace objects, 1(20KB) LOS objects, 23% free, 50MB/66MB, paused 1.341ms total 48.597ms
08-05 04:00:34.253 24383 24416 I art     : Starting a blocking GC Explicit
08-05 04:00:34.289 24383 24416 I art     : Explicit concurrent mark sweep GC freed 23(752B) AllocSpace objects, 0(0B) LOS objects, 23% free, 50MB/66MB, paused 1.137ms total 35.673ms
08-05 04:00:34.300 24383 24416 I art     : Starting a blocking GC Explicit
08-05 04:00:34.333 24383 24416 I art     : Explicit concurrent mark sweep GC freed 3(96B) AllocSpace objects, 0(0B) LOS objects, 23% free, 50MB/66MB, paused 1.293ms total 33.180ms
08-05 04:00:34.343 24383 24416 I art     : Starting a blocking GC Explicit
08-05 04:00:34.375 24383 24416 I art     : Explicit concurrent mark sweep GC freed 3(96B) AllocSpace objects, 0(0B) LOS objects, 23% free, 50MB/66MB, paused 1.214ms total 32.149ms
08-05 04:00:34.385 24383 24416 I art     : Starting a blocking GC Explicit
08-05 04:00:34.419 24383 24416 I art     : Explicit concurrent mark sweep GC freed 3(96B) AllocSpace objects, 0(0B) LOS objects, 23% free, 50MB/66MB, paused 1.249ms total 33.345ms
08-05 04:00:34.704 27704 27704 D AndroidRuntime: >>>>>> START com.android.internal.os.RuntimeInit uid 2000 <<<<<<
08-05 04:00:34.710 27704 27704 D AndroidRuntime: CheckJNI is OFF
08-05 04:00:34.729 24383 24404 I art     : Starting a blocking GC Explicit
08-05 04:00:34.748 27704 27704 D ICU     : No timezone override file found: /data/misc/zoneinfo/current/icu/icu_tzdata.dat
08-05 04:00:34.767 24383 24404 I art     : Explicit concurrent mark sweep GC freed 1434(82KB) AllocSpace objects, 1(20KB) LOS objects, 23% free, 50MB/66MB, paused 1.209ms total 37.032ms
08-05 04:00:34.776 24383 24404 I art     : Starting a blocking GC Explicit
08-05 04:00:34.784 27704 27704 I Radio-JNI: register_android_hardware_Radio DONE
08-05 04:00:34.805 27704 27704 D AndroidRuntime: Calling main entry com.android.commands.input.Input
08-05 04:00:34.808 27704 27704 I Input   : injectMotionEvent: MotionEvent { action=ACTION_DOWN, actionButton=0, id[0]=0, x[0]=526.0, y[0]=597.0, toolType[0]=TOOL_TYPE_UNKNOWN, buttonState=0, metaState=0, flags=0x0, edgeFlags=0x0, pointerCount=1, historySize=0, eventTime=763251220, downTime=763251220, deviceId=0, source=0x1002 }
08-05 04:00:34.809 24383 24404 I art     : Explicit concurrent mark sweep GC freed 35(1136B) AllocSpace objects, 0(0B) LOS objects, 23% free, 50MB/66MB, paused 1.285ms total 32.086ms
08-05 04:00:34.813 27704 27704 I Input   : injectMotionEvent: MotionEvent { action=ACTION_UP, actionButton=0, id[0]=0, x[0]=526.0, y[0]=597.0, toolType[0]=TOOL_TYPE_UNKNOWN, buttonState=0, metaState=0, flags=0x0, edgeFlags=0x0, pointerCount=1, historySize=0, eventTime=763251220, downTime=763251220, deviceId=0, source=0x1002 }
08-05 04:00:34.815 27704 27704 D AndroidRuntime: Shutting down VM
08-05 04:00:34.818 24383 24404 I art     : Starting a blocking GC Explicit
08-05 04:00:34.849 24383 24404 I art     : Explicit concurrent mark sweep GC freed 28(1072B) AllocSpace objects, 0(0B) LOS objects, 23% free, 50MB/66MB, paused 1.140ms total 30.902ms
08-05 04:00:34.859 24383 24404 I art     : Starting a blocking GC Explicit
08-05 04:00:34.887 24383 24383 D PodcastListFragment: Selected podcast: GpodnetPodcast [url=http://feeds.feedburner.com/linuxoutlaws, title=Linux Outlaws, description=Two pragmatic geeks talk about the latest news concerning Linux, free and open
08-05 04:00:34.887 24383 24383 D PodcastListFragment: technology or anything else they deem noteworthy which may include such absurd
08-05 04:00:34.887 24383 24383 D PodcastListFragment: things as hockey or bands you never heard of. This means there's many a joke
08-05 04:00:34.887 24383 24383 D PodcastListFragment: and derailed conversation along the way, so don't come here expecting only
08-05 04:00:34.887 24383 24383 D PodcastListFragment: Linux or software freedom talk  just sit back and relax, partner., subscribers=3321, logoUrl=http://sixgun.org/files/linuxoutlaws.jpg, website=http://sixgun.org, mygpoLink=http://gpodder.net/podcast/linux-outlaws-mp3]
08-05 04:00:34.888   918  4400 I ActivityManager: START u0 {cmp=baseline.de.danoeh.antennapod.debug/baseline.de.danoeh.antennapod.activity.OnlineFeedViewActivity (has extras)} from uid 10691 on display 0
08-05 04:00:34.889   512  2967 D audio_hw_primary: out_set_parameters: enter: usecase(1: low-latency-playback) kvpairs: routing=2
08-05 04:00:34.890 24383 24404 I art     : Explicit concurrent mark sweep GC freed 39(10KB) AllocSpace objects, 0(0B) LOS objects, 23% free, 50MB/66MB, paused 1.413ms total 30.674ms
08-05 04:00:34.899 24383 24404 I art     : Starting a blocking GC Explicit
08-05 04:00:34.902   512  2967 D audio_hw_primary: select_devices: out_snd_device(2: speaker) in_snd_device(0: none)
08-05 04:00:34.902   512  2967 D msm8974_platform: platform_send_audio_calibration: sending audio calibration for snd_device(2) acdb_id(15)
08-05 04:00:34.902   512  2967 I soundtrigger: audio_extn_sound_trigger_update_device_status: device 0x2 of type 0 for Event 1
08-05 04:00:34.912   512  2967 D audio_hw_primary: enable_snd_device: snd_device(2: speaker)
08-05 04:00:34.914   512  2967 D audio_hw_primary: enable_audio_route: apply and update mixer path: low-latency-playback speaker
08-05 04:00:34.933 24383 24404 I art     : Explicit concurrent mark sweep GC freed 679(34KB) AllocSpace objects, 0(0B) LOS objects, 23% free, 50MB/66MB, paused 1.671ms total 33.334ms
08-05 04:00:34.934 24383 24383 D UserPreferences: Using default data folder
08-05 04:00:34.934 24383 24383 D OnlineFeedViewActivity: Activity was started with url http://feeds.feedburner.com/linuxoutlaws
08-05 04:00:34.936 24383 24383 D OnlineFeedViewActivity: Starting feed download
08-05 04:00:34.939 24383 24419 D DBReader: Extracting Feedlist
08-05 04:00:34.941   918  5132 D WifiService: acquireWifiLockLocked: WifiLock{Downloader type=1 binder=android.os.BinderProxy@d4cf53b}
08-05 04:00:34.941 24383 24419 D AntennapodHttpClient: Creating new instance of HTTP client
08-05 04:00:34.990 13866 13866 I GoogleInputMethodServic: GoogleInputMethodService.onFinishInput():3138 
08-05 04:00:34.990 13866 13866 I GoogleInputMethodServic: GoogleInputMethodService.onStartInput():1808 
08-05 04:00:35.017   918   936 I ActivityManager: Displayed baseline.de.danoeh.antennapod.debug/baseline.de.danoeh.antennapod.activity.OnlineFeedViewActivity: +112ms
08-05 04:00:35.039 24383 24414 D OpenGLRenderer: endAllStagingAnimators on 0x7f7b1e3c00 (GridView) with handle 0x7f7e35a820
08-05 04:00:35.094 24383 24419 D MYTAG   : interceptor 3a http://feeds.feedburner.com/linuxoutlaws
08-05 04:00:35.094 24383 24419 I NAPPA_EXPERIMENTATION: MetricNetworkRequestExecutionTime: REQUEST_DURATION_SYSTEM='152',REQUEST_DURATION_OKHTTP='41',REQUEST_SYNCHRONOUS='TRUE',RESPONSE_CODE='200',RESPONSE_METHOD='GET',RESPONSE_LENGTH_OKHTTP='-1',RESPONSE_LENGTH_HEADER='-2',REQUEST_PROTOCOL='http/1.1',REQUEST_URL='http://feeds.feedburner.com/linuxoutlaws',
08-05 04:00:35.094 24383 24419 D HttpDownloader: Response code is 200
08-05 04:00:35.094 24383 24419 D UserPreferences: Using default data folder
08-05 04:00:35.100 24383 24419 D HttpDownloader: Getting size of download
08-05 04:00:35.100 24383 24419 D HttpDownloader: Size is -1
08-05 04:00:35.100 24383 24419 D UserPreferences: Using default data folder
08-05 04:00:35.102 24383 24419 D HttpDownloader: Free space is 20236910592
08-05 04:00:35.102 24383 24419 D HttpDownloader: Starting download
08-05 04:00:35.107 24383 24419 D HttpDownloader: Download was successful
08-05 04:00:35.107   918  6110 D WifiService: releaseWifiLockLocked: WifiLock{Downloader type=1 binder=android.os.BinderProxy@d4cf53b}
08-05 04:00:35.108 24383 24383 D OnlineFeedViewActivity: Parsing feed
08-05 04:00:35.110 24383 27734 D TypeGetter: Recognized type RSS 2.0
08-05 04:00:35.112 24383 27734 D SyndHandler: Recognized Content namespace
08-05 04:00:35.112 24383 27734 D SyndHandler: Recognized DublinCore namespace
08-05 04:00:35.112 24383 27734 D SyndHandler: Recognized Atom namespace
08-05 04:00:35.112 24383 27734 D SyndHandler: Recognized ITunes namespace
08-05 04:00:35.112 24383 27734 D SyndHandler: Recognized media namespace
08-05 04:00:35.144 24383 27734 D OnlineFeedViewActivity: Deleted feed source file. Result: true
08-05 04:00:35.144 24383 24383 D OnlineFeedViewActivity: Removing HTML from shownotes
08-05 04:00:35.164 24383 25373 D ApOkHttpUrlLoader: buildLoadData() called with: model = [http://sixgun.org/files/linuxoutlaws.jpg], width = [350], height = [350]
08-05 04:00:35.165 24383 25177 D DBReader: getImageAuthentication() called with: imageUrl = [http://sixgun.org/files/linuxoutlaws.jpg]
08-05 04:00:35.168 24383 25177 D ApOkHttpUrlLoader: no credentials for 'http://sixgun.org/files/linuxoutlaws.jpg'
08-05 04:00:35.206 24383 25177 D DBWriter: updateFeedDownloadURL(original: http://sixgun.org/files/linuxoutlaws.jpg, updated: https://fab.industries/sixgun/files/linuxoutlaws.jpg)
08-05 04:00:35.226 24383 25881 I art     : Starting a blocking GC Explicit
08-05 04:00:35.271   380   380 W SurfaceFlinger: couldn't log to binary event log: overflow.
08-05 04:00:35.277 24383 25881 I art     : Explicit concurrent mark sweep GC freed 7927(911KB) AllocSpace objects, 15(828KB) LOS objects, 23% free, 51MB/67MB, paused 1.586ms total 51.464ms
08-05 04:00:35.291 24383 25881 I art     : Starting a blocking GC Explicit
08-05 04:00:35.324 24383 25881 I art     : Explicit concurrent mark sweep GC freed 1396(63KB) AllocSpace objects, 0(0B) LOS objects, 23% free, 51MB/67MB, paused 1.157ms total 32.779ms
08-05 04:00:35.333 24383 25881 I art     : Starting a blocking GC Explicit
08-05 04:00:35.357 24383 25177 D MYTAG   : interceptor 2a
08-05 04:00:35.358 24383 25177 I NAPPA_EXPERIMENTATION: MetricNetworkRequestExecutionTime: REQUEST_DURATION_SYSTEM='188',REQUEST_DURATION_OKHTTP='148',REQUEST_SYNCHRONOUS='TRUE',RESPONSE_CODE='404',RESPONSE_METHOD='GET',RESPONSE_LENGTH_OKHTTP='-1',RESPONSE_LENGTH_HEADER='1503',REQUEST_PROTOCOL='h2',REQUEST_URL='https://fab.industries/sixgun/files/linuxoutlaws.jpg',
08-05 04:00:35.359 24383 24383 W Glide   : Load failed for http://sixgun.org/files/linuxoutlaws.jpg with size [350x350]
08-05 04:00:35.359 24383 24383 W Glide   : class com.bumptech.glide.load.engine.GlideException: Failed to load resource
08-05 04:00:35.359 24383 24383 W Glide   : There was 1 cause:
08-05 04:00:35.359 24383 24383 W Glide   : com.bumptech.glide.load.HttpException()
08-05 04:00:35.359 24383 24383 W Glide   :  call GlideException#logRootCauses(String) for more detail
08-05 04:00:35.359 24383 24383 W Glide   :   Cause (1 of 1): class com.bumptech.glide.load.engine.GlideException: Fetching data failed, class java.io.InputStream, REMOTE
08-05 04:00:35.359 24383 24383 W Glide   : There was 1 cause:
08-05 04:00:35.359 24383 24383 W Glide   : com.bumptech.glide.load.HttpException()
08-05 04:00:35.359 24383 24383 W Glide   :  call GlideException#logRootCauses(String) for more detail
08-05 04:00:35.359 24383 24383 W Glide   :     Cause (1 of 1): class com.bumptech.glide.load.HttpException: 
08-05 04:00:35.359 24383 24383 I Glide   : Root cause (1 of 1)
08-05 04:00:35.359 24383 24383 I Glide   : com.bumptech.glide.load.HttpException: 
08-05 04:00:35.359 24383 24383 I Glide   : 	at com.bumptech.glide.integration.okhttp3.OkHttpStreamFetcher.onResponse(OkHttpStreamFetcher.java:73)
08-05 04:00:35.359 24383 24383 I Glide   : 	at okhttp3.RealCall$AsyncCall.execute(RealCall.java:174)
08-05 04:00:35.359 24383 24383 I Glide   : 	at okhttp3.internal.NamedRunnable.run(NamedRunnable.java:32)
08-05 04:00:35.359 24383 24383 I Glide   : 	at java.util.concurrent.ThreadPoolExecutor.runWorker(ThreadPoolExecutor.java:1113)
08-05 04:00:35.359 24383 24383 I Glide   : 	at java.util.concurrent.ThreadPoolExecutor$Worker.run(ThreadPoolExecutor.java:588)
08-05 04:00:35.359 24383 24383 I Glide   : 	at java.lang.Thread.run(Thread.java:818)
08-05 04:00:35.365 24383 25881 I art     : Explicit concurrent mark sweep GC freed 280(40KB) AllocSpace objects, 0(0B) LOS objects, 23% free, 51MB/67MB, paused 1.149ms total 31.935ms
08-05 04:00:35.375 24383 25881 I art     : Starting a blocking GC Explicit
08-05 04:00:35.390 24383 24383 D PlaybackController: Releasing PlaybackController
08-05 04:00:35.412 24383 25881 I art     : Explicit concurrent mark sweep GC freed 432(20KB) AllocSpace objects, 0(0B) LOS objects, 23% free, 51MB/67MB, paused 1.599ms total 36.490ms
08-05 04:00:35.422 24383 25881 I art     : Starting a blocking GC Explicit
08-05 04:00:35.454 24383 25881 I art     : Explicit concurrent mark sweep GC freed 39(1584B) AllocSpace objects, 1(112KB) LOS objects, 23% free, 51MB/67MB, paused 1.119ms total 32.145ms
08-05 04:00:35.459   512  2967 D audio_hw_primary: disable_audio_route: reset and update mixer path: low-latency-playback speaker
08-05 04:00:35.460   512  2967 D audio_hw_primary: disable_snd_device: snd_device(2: speaker)
08-05 04:00:35.467   512  2967 I soundtrigger: audio_extn_sound_trigger_update_device_status: device 0x2 of type 0 for Event 0
08-05 04:00:35.788 24383 24403 I art     : Starting a blocking GC Explicit
08-05 04:00:35.836 24383 24403 I art     : Explicit concurrent mark sweep GC freed 1429(82KB) AllocSpace objects, 1(20KB) LOS objects, 23% free, 51MB/67MB, paused 1.325ms total 46.835ms
08-05 04:00:35.849 24383 24403 I art     : Starting a blocking GC Explicit
08-05 04:00:35.850   918  3188 I hubconnection: sensorhub said: 'set_bias 3: -5.4432, 0.0000, 0.0000'
08-05 04:00:35.887 24383 24403 I art     : Explicit concurrent mark sweep GC freed 23(752B) AllocSpace objects, 0(0B) LOS objects, 23% free, 51MB/67MB, paused 1.380ms total 37.862ms
08-05 04:00:35.898 24383 24403 I art     : Starting a blocking GC Explicit
08-05 04:00:35.935 24383 24403 I art     : Explicit concurrent mark sweep GC freed 3(96B) AllocSpace objects, 0(0B) LOS objects, 23% free, 51MB/67MB, paused 1.216ms total 36.366ms
08-05 04:00:35.945 24383 24403 I art     : Starting a blocking GC Explicit
08-05 04:00:35.982 24383 24403 I art     : Explicit concurrent mark sweep GC freed 3(96B) AllocSpace objects, 0(0B) LOS objects, 23% free, 51MB/67MB, paused 1.259ms total 37.077ms
08-05 04:00:35.994 24383 24403 I art     : Starting a blocking GC Explicit
08-05 04:00:36.031 24383 24403 I art     : Explicit concurrent mark sweep GC freed 3(96B) AllocSpace objects, 0(0B) LOS objects, 23% free, 51MB/67MB, paused 1.215ms total 37.085ms
08-05 04:00:36.322   518   646 I ThermalEngine: ACTION: GPU - Setting GPU[0] to 450000000
08-05 04:00:36.357 24383 24404 I art     : Starting a blocking GC Explicit
08-05 04:00:36.411 24383 24404 I art     : Explicit concurrent mark sweep GC freed 1381(81KB) AllocSpace objects, 1(20KB) LOS objects, 23% free, 51MB/67MB, paused 1.824ms total 53.752ms
08-05 04:00:36.429 24383 24404 I art     : Starting a blocking GC Explicit
08-05 04:00:36.478 24383 24404 I art     : Explicit concurrent mark sweep GC freed 23(752B) AllocSpace objects, 0(0B) LOS objects, 23% free, 51MB/67MB, paused 1.870ms total 48.611ms
08-05 04:00:36.492 24383 24404 I art     : Starting a blocking GC Explicit
08-05 04:00:36.542 24383 24404 I art     : Explicit concurrent mark sweep GC freed 32(880B) AllocSpace objects, 0(0B) LOS objects, 23% free, 51MB/67MB, paused 1.825ms total 50.136ms
08-05 04:00:36.556 24383 24404 I art     : Starting a blocking GC Explicit
08-05 04:00:36.606 24383 24404 I art     : Explicit concurrent mark sweep GC freed 3(96B) AllocSpace objects, 0(0B) LOS objects, 23% free, 51MB/67MB, paused 1.685ms total 48.954ms
08-05 04:00:36.620 24383 24404 I art     : Starting a blocking GC Explicit
08-05 04:00:36.670 24383 24404 I art     : Explicit concurrent mark sweep GC freed 3(96B) AllocSpace objects, 0(0B) LOS objects, 23% free, 51MB/67MB, paused 1.693ms total 50.077ms
08-05 04:00:37.041 24254 24254 I ServiceManager: Waiting for service AtCmdFwd...
08-05 04:00:37.057 24383 24403 I art     : Starting a blocking GC Explicit
08-05 04:00:37.135 24383 24403 I art     : Explicit concurrent mark sweep GC freed 1409(81KB) AllocSpace objects, 1(20KB) LOS objects, 23% free, 51MB/67MB, paused 2.371ms total 77.938ms
08-05 04:00:37.158 24383 24403 I art     : Starting a blocking GC Explicit
08-05 04:00:37.201 24383 24403 I art     : Explicit concurrent mark sweep GC freed 23(752B) AllocSpace objects, 0(0B) LOS objects, 23% free, 51MB/67MB, paused 1.618ms total 42.907ms
08-05 04:00:37.214 24383 24403 I art     : Starting a blocking GC Explicit
08-05 04:00:37.259 24383 24403 I art     : Explicit concurrent mark sweep GC freed 3(96B) AllocSpace objects, 0(0B) LOS objects, 23% free, 51MB/67MB, paused 1.723ms total 44.339ms
08-05 04:00:37.272 24383 24403 I art     : Starting a blocking GC Explicit
08-05 04:00:37.318 24383 24403 I art     : Explicit concurrent mark sweep GC freed 3(96B) AllocSpace objects, 0(0B) LOS objects, 23% free, 51MB/67MB, paused 1.677ms total 46.200ms
08-05 04:00:37.332 24383 24403 I art     : Starting a blocking GC Explicit
08-05 04:00:37.382 24383 24403 I art     : Explicit concurrent mark sweep GC freed 3(96B) AllocSpace objects, 0(0B) LOS objects, 23% free, 51MB/67MB, paused 1.686ms total 49.985ms
08-05 04:00:37.775 24383 24404 I art     : Starting a blocking GC Explicit
08-05 04:00:37.835 24383 24404 I art     : Explicit concurrent mark sweep GC freed 1410(81KB) AllocSpace objects, 1(20KB) LOS objects, 23% free, 51MB/67MB, paused 1.791ms total 60.410ms
08-05 04:00:37.854 24383 24404 I art     : Starting a blocking GC Explicit
08-05 04:00:37.856  3784  3784 D CallStatisticsService: Post delayed to sync data packages to nv.
08-05 04:00:37.856  3784  3784 D CallStatisticsService: handleMessage PHONE_DATA.
08-05 04:00:37.857  3784  3784 D CallStatisticsService: txTotal(Kb) = 0
08-05 04:00:37.857  3784  3784 D CallStatisticsService: rxTotal(Kb) = 0
08-05 04:00:37.857  3784  3784 E CallStatisticsService: TX And RX Data packages are totally 0, no need to update.
08-05 04:00:37.903 24383 24404 I art     : Explicit concurrent mark sweep GC freed 23(752B) AllocSpace objects, 0(0B) LOS objects, 23% free, 51MB/67MB, paused 1.536ms total 49.074ms
08-05 04:00:37.917 24383 24404 I art     : Starting a blocking GC Explicit
08-05 04:00:37.967 24383 24404 I art     : Explicit concurrent mark sweep GC freed 3(96B) AllocSpace objects, 0(0B) LOS objects, 23% free, 51MB/67MB, paused 1.673ms total 49.809ms
08-05 04:00:37.981 24383 24404 I art     : Starting a blocking GC Explicit
08-05 04:00:38.031 24383 24404 I art     : Explicit concurrent mark sweep GC freed 3(96B) AllocSpace objects, 0(0B) LOS objects, 23% free, 51MB/67MB, paused 1.576ms total 49.860ms
08-05 04:00:38.042 24254 24254 I ServiceManager: Waiting for service AtCmdFwd...
08-05 04:00:38.045 24383 24404 I art     : Starting a blocking GC Explicit
08-05 04:00:38.095 24383 24404 I art     : Explicit concurrent mark sweep GC freed 3(96B) AllocSpace objects, 0(0B) LOS objects, 23% free, 51MB/67MB, paused 1.695ms total 50.225ms
08-05 04:00:38.482 24383 25881 I art     : Starting a blocking GC Explicit
08-05 04:00:38.544 24383 25881 I art     : Explicit concurrent mark sweep GC freed 1411(83KB) AllocSpace objects, 1(20KB) LOS objects, 23% free, 51MB/67MB, paused 1.755ms total 61.531ms
08-05 04:00:38.561 24383 25881 I art     : Starting a blocking GC Explicit
08-05 04:00:38.615 24383 25881 I art     : Explicit concurrent mark sweep GC freed 23(752B) AllocSpace objects, 0(0B) LOS objects, 23% free, 51MB/67MB, paused 1.675ms total 52.694ms
08-05 04:00:38.628 24383 25881 I art     : Starting a blocking GC Explicit
08-05 04:00:38.679 24383 25881 I art     : Explicit concurrent mark sweep GC freed 3(96B) AllocSpace objects, 0(0B) LOS objects, 23% free, 51MB/67MB, paused 1.694ms total 49.894ms
08-05 04:00:38.692 24383 25881 I art     : Starting a blocking GC Explicit
08-05 04:00:38.744 24383 25881 I art     : Explicit concurrent mark sweep GC freed 3(96B) AllocSpace objects, 0(0B) LOS objects, 23% free, 51MB/67MB, paused 1.738ms total 51.674ms
08-05 04:00:38.761 24383 25881 I art     : Starting a blocking GC Explicit
08-05 04:00:38.812 24383 25881 I art     : Explicit concurrent mark sweep GC freed 3(96B) AllocSpace objects, 0(0B) LOS objects, 23% free, 51MB/67MB, paused 1.582ms total 50.711ms
08-05 04:00:39.043 24254 24254 I ServiceManager: Waiting for service AtCmdFwd...
08-05 04:00:39.190   918  3261 D WifiStateMachine: starting scan for "H369AA63323"WPA_PSK with 2412,5180
08-05 04:00:39.201 24383 24416 I art     : Starting a blocking GC Explicit
08-05 04:00:39.254 24383 24416 I art     : Explicit concurrent mark sweep GC freed 1382(82KB) AllocSpace objects, 1(20KB) LOS objects, 23% free, 51MB/67MB, paused 1.590ms total 52.397ms
08-05 04:00:39.267 24383 24416 I art     : Starting a blocking GC Explicit
08-05 04:00:39.313 24383 24416 I art     : Explicit concurrent mark sweep GC freed 23(752B) AllocSpace objects, 0(0B) LOS objects, 23% free, 51MB/67MB, paused 1.715ms total 45.343ms
08-05 04:00:39.326 24383 24416 I art     : Starting a blocking GC Explicit
08-05 04:00:39.327   518   646 I ThermalEngine: ACTION: GPU - Setting GPU[0] to 510000000
08-05 04:00:39.372 24383 24416 I art     : Explicit concurrent mark sweep GC freed 3(96B) AllocSpace objects, 0(0B) LOS objects, 23% free, 51MB/67MB, paused 1.318ms total 45.639ms
08-05 04:00:39.383 24383 24416 I art     : Starting a blocking GC Explicit
08-05 04:00:39.420 24383 24416 I art     : Explicit concurrent mark sweep GC freed 3(96B) AllocSpace objects, 0(0B) LOS objects, 23% free, 51MB/67MB, paused 1.191ms total 36.190ms
08-05 04:00:39.430 24383 24416 I art     : Starting a blocking GC Explicit
08-05 04:00:39.466 24383 24416 I art     : Explicit concurrent mark sweep GC freed 3(96B) AllocSpace objects, 0(0B) LOS objects, 23% free, 51MB/67MB, paused 1.243ms total 35.383ms
08-05 04:00:39.551 27796 27796 D AndroidRuntime: >>>>>> START com.android.internal.os.RuntimeInit uid 2000 <<<<<<
08-05 04:00:39.556 27796 27796 D AndroidRuntime: CheckJNI is OFF
08-05 04:00:39.595 27796 27796 D ICU     : No timezone override file found: /data/misc/zoneinfo/current/icu/icu_tzdata.dat
08-05 04:00:39.633 27796 27796 I Radio-JNI: register_android_hardware_Radio DONE
08-05 04:00:39.655 27796 27796 D AndroidRuntime: Calling main entry com.android.commands.input.Input
08-05 04:00:39.657 27796 27796 I Input   : injectKeyEvent: KeyEvent { action=ACTION_DOWN, keyCode=KEYCODE_BACK, scanCode=0, metaState=0, flags=0x0, repeatCount=0, eventTime=763256070, downTime=763256070, deviceId=-1, source=0x101 }
08-05 04:00:39.668 27796 27796 I Input   : injectKeyEvent: KeyEvent { action=ACTION_UP, keyCode=KEYCODE_BACK, scanCode=0, metaState=0, flags=0x0, repeatCount=0, eventTime=763256070, downTime=763256070, deviceId=-1, source=0x101 }
08-05 04:00:39.681 27796 27796 D AndroidRuntime: Shutting down VM
08-05 04:00:39.685 24383 24383 V PlaybackController: initServiceNotRunning()
08-05 04:00:39.685 24383 24383 D ExternalPlayerFragment: Loading media info
08-05 04:00:39.687 24383 25373 D ApOkHttpUrlLoader: buildLoadData() called with: model = [http://sixgun.org/files/linuxoutlaws.jpg], width = [224], height = [224]
08-05 04:00:39.689 24383 25177 D DBReader: getImageAuthentication() called with: imageUrl = [http://sixgun.org/files/linuxoutlaws.jpg]
08-05 04:00:39.692 24383 25177 D ApOkHttpUrlLoader: no credentials for 'http://sixgun.org/files/linuxoutlaws.jpg'
08-05 04:00:39.692 24383 24383 D UserPreferences: Using default data folder
08-05 04:00:39.693 24383 24419 D DBReader: getNavDrawerData() called with: 
08-05 04:00:39.707 24383 24419 D DBReader: getDownloadedItems() called
08-05 04:00:39.711 24383 24419 D DBReader: getFavoriteIDList() called
08-05 04:00:39.711 24383 24419 D DBReader: getQueueIDList() called
08-05 04:00:39.712 24383 24419 D DBReader: Extracting Feedlist
08-05 04:00:39.726 13866 13866 I GoogleInputMethodServic: GoogleInputMethodService.onFinishInput():3138 
08-05 04:00:39.727 13866 13866 I GoogleInputMethodServic: GoogleInputMethodService.onStartInput():1808 
08-05 04:00:39.743 24383 24383 D MainActivity: getLastNavFragment() -> AddFeedFragment
08-05 04:00:39.798 24383 24416 I art     : Starting a blocking GC Explicit
08-05 04:00:39.800 24383 25177 D DBWriter: updateFeedDownloadURL(original: http://sixgun.org/files/linuxoutlaws.jpg, updated: https://fab.industries/sixgun/files/linuxoutlaws.jpg)
08-05 04:00:39.830 24383 24416 I art     : Explicit concurrent mark sweep GC freed 3122(186KB) AllocSpace objects, 1(20KB) LOS objects, 23% free, 51MB/67MB, paused 1.670ms total 32.097ms
08-05 04:00:39.842 24383 24416 I art     : Starting a blocking GC Explicit
08-05 04:00:39.879 24383 24416 I art     : Explicit concurrent mark sweep GC freed 500(27KB) AllocSpace objects, 0(0B) LOS objects, 23% free, 51MB/67MB, paused 1.256ms total 37.086ms
08-05 04:00:39.893 24383 24416 I art     : Starting a blocking GC Explicit
08-05 04:00:39.932 24383 24416 I art     : Explicit concurrent mark sweep GC freed 3(96B) AllocSpace objects, 0(0B) LOS objects, 23% free, 51MB/67MB, paused 1.227ms total 39.007ms
08-05 04:00:39.942 24383 24416 I art     : Starting a blocking GC Explicit
08-05 04:00:39.948 24383 25177 D MYTAG   : interceptor 2a
08-05 04:00:39.948 24383 25177 I NAPPA_EXPERIMENTATION: MetricNetworkRequestExecutionTime: REQUEST_DURATION_SYSTEM='256',REQUEST_DURATION_OKHTTP='146',REQUEST_SYNCHRONOUS='TRUE',RESPONSE_CODE='404',RESPONSE_METHOD='GET',RESPONSE_LENGTH_OKHTTP='-1',RESPONSE_LENGTH_HEADER='1503',REQUEST_PROTOCOL='h2',REQUEST_URL='https://fab.industries/sixgun/files/linuxoutlaws.jpg',
08-05 04:00:39.949 24383 24383 W Glide   : Load failed for http://sixgun.org/files/linuxoutlaws.jpg with size [224x224]
08-05 04:00:39.949 24383 24383 W Glide   : class com.bumptech.glide.load.engine.GlideException: Failed to load resource
08-05 04:00:39.949 24383 24383 W Glide   : There was 1 cause:
08-05 04:00:39.949 24383 24383 W Glide   : com.bumptech.glide.load.HttpException()
08-05 04:00:39.949 24383 24383 W Glide   :  call GlideException#logRootCauses(String) for more detail
08-05 04:00:39.949 24383 24383 W Glide   :   Cause (1 of 1): class com.bumptech.glide.load.engine.GlideException: Fetching data failed, class java.io.InputStream, REMOTE
08-05 04:00:39.949 24383 24383 W Glide   : There was 1 cause:
08-05 04:00:39.949 24383 24383 W Glide   : com.bumptech.glide.load.HttpException()
08-05 04:00:39.949 24383 24383 W Glide   :  call GlideException#logRootCauses(String) for more detail
08-05 04:00:39.949 24383 24383 W Glide   :     Cause (1 of 1): class com.bumptech.glide.load.HttpException: 
08-05 04:00:39.949 24383 24383 I Glide   : Root cause (1 of 1)
08-05 04:00:39.949 24383 24383 I Glide   : com.bumptech.glide.load.HttpException: 
08-05 04:00:39.949 24383 24383 I Glide   : 	at com.bumptech.glide.integration.okhttp3.OkHttpStreamFetcher.onResponse(OkHttpStreamFetcher.java:73)
08-05 04:00:39.949 24383 24383 I Glide   : 	at okhttp3.RealCall$AsyncCall.execute(RealCall.java:174)
08-05 04:00:39.949 24383 24383 I Glide   : 	at okhttp3.internal.NamedRunnable.run(NamedRunnable.java:32)
08-05 04:00:39.949 24383 24383 I Glide   : 	at java.util.concurrent.ThreadPoolExecutor.runWorker(ThreadPoolExecutor.java:1113)
08-05 04:00:39.949 24383 24383 I Glide   : 	at java.util.concurrent.ThreadPoolExecutor$Worker.run(ThreadPoolExecutor.java:588)
08-05 04:00:39.949 24383 24383 I Glide   : 	at java.lang.Thread.run(Thread.java:818)
08-05 04:00:39.950 24383 24383 W Glide   : Load failed for http://sixgun.org/files/linuxoutlaws.jpg with size [224x224]
08-05 04:00:39.950 24383 24383 W Glide   : class com.bumptech.glide.load.engine.GlideException: Failed to load resource
08-05 04:00:39.950 24383 24383 W Glide   : There was 1 cause:
08-05 04:00:39.950 24383 24383 W Glide   : com.bumptech.glide.load.HttpException()
08-05 04:00:39.950 24383 24383 W Glide   :  call GlideException#logRootCauses(String) for more detail
08-05 04:00:39.950 24383 24383 W Glide   :   Cause (1 of 1): class com.bumptech.glide.load.engine.GlideException: Fetching data failed, class java.io.InputStream, REMOTE
08-05 04:00:39.950 24383 24383 W Glide   : There was 1 cause:
08-05 04:00:39.950 24383 24383 W Glide   : com.bumptech.glide.load.HttpException()
08-05 04:00:39.950 24383 24383 W Glide   :  call GlideException#logRootCauses(String) for more detail
08-05 04:00:39.950 24383 24383 W Glide   :     Cause (1 of 1): class com.bumptech.glide.load.HttpException: 
08-05 04:00:39.950 24383 24383 I Glide   : Root cause (1 of 1)
08-05 04:00:39.950 24383 24383 I Glide   : com.bumptech.glide.load.HttpException: 
08-05 04:00:39.950 24383 24383 I Glide   : 	at com.bumptech.glide.integration.okhttp3.OkHttpStreamFetcher.onResponse(OkHttpStreamFetcher.java:73)
08-05 04:00:39.950 24383 24383 I Glide   : 	at okhttp3.RealCall$AsyncCall.execute(RealCall.java:174)
08-05 04:00:39.950 24383 24383 I Glide   : 	at okhttp3.internal.NamedRunnable.run(NamedRunnable.java:32)
08-05 04:00:39.950 24383 24383 I Glide   : 	at java.util.concurrent.ThreadPoolExecutor.runWorker(ThreadPoolExecutor.java:1113)
08-05 04:00:39.950 24383 24383 I Glide   : 	at java.util.concurrent.ThreadPoolExecutor$Worker.run(ThreadPoolExecutor.java:588)
08-05 04:00:39.950 24383 24383 I Glide   : 	at java.lang.Thread.run(Thread.java:818)
08-05 04:00:39.978 24383 24416 I art     : Explicit concurrent mark sweep GC freed 428(69KB) AllocSpace objects, 0(0B) LOS objects, 23% free, 51MB/67MB, paused 1.203ms total 35.539ms
08-05 04:00:39.991 24383 24416 I art     : Starting a blocking GC Explicit
08-05 04:00:40.031 24383 24416 I art     : Explicit concurrent mark sweep GC freed 167(6KB) AllocSpace objects, 0(0B) LOS objects, 23% free, 51MB/67MB, paused 1.166ms total 39.822ms
08-05 04:00:40.042   380   380 W SurfaceFlinger: couldn't log to binary event log: overflow.
08-05 04:00:40.044 24254 24254 I ServiceManager: Waiting for service AtCmdFwd...
08-05 04:00:40.354 24383 25881 I art     : Starting a blocking GC Explicit
08-05 04:00:40.402 24383 25881 I art     : Explicit concurrent mark sweep GC freed 1977(107KB) AllocSpace objects, 1(20KB) LOS objects, 23% free, 51MB/67MB, paused 1.421ms total 47.222ms
08-05 04:00:40.419 24383 25881 I art     : Starting a blocking GC Explicit
08-05 04:00:40.458 24383 25881 I art     : Explicit concurrent mark sweep GC freed 2877(236KB) AllocSpace objects, 1(28KB) LOS objects, 23% free, 50MB/66MB, paused 1.394ms total 38.203ms
08-05 04:00:40.468 24383 25881 I art     : Starting a blocking GC Explicit
08-05 04:00:40.504 24383 25881 I art     : Explicit concurrent mark sweep GC freed 3(96B) AllocSpace objects, 0(0B) LOS objects, 23% free, 50MB/66MB, paused 1.230ms total 35.332ms
08-05 04:00:40.514 24383 25881 I art     : Starting a blocking GC Explicit
08-05 04:00:40.551 24383 25881 I art     : Explicit concurrent mark sweep GC freed 32(880B) AllocSpace objects, 0(0B) LOS objects, 23% free, 50MB/66MB, paused 1.480ms total 36.680ms
08-05 04:00:40.562 24383 25881 I art     : Starting a blocking GC Explicit
08-05 04:00:40.598 24383 25881 I art     : Explicit concurrent mark sweep GC freed 3(96B) AllocSpace objects, 0(0B) LOS objects, 23% free, 50MB/66MB, paused 1.300ms total 36.307ms
08-05 04:00:40.930 24383 24403 I art     : Starting a blocking GC Explicit
08-05 04:00:40.966 24383 24403 I art     : Explicit concurrent mark sweep GC freed 1383(81KB) AllocSpace objects, 1(20KB) LOS objects, 23% free, 50MB/66MB, paused 1.293ms total 35.410ms
08-05 04:00:40.976 24383 24403 I art     : Starting a blocking GC Explicit
08-05 04:00:41.011 24383 24403 I art     : Explicit concurrent mark sweep GC freed 23(752B) AllocSpace objects, 0(0B) LOS objects, 23% free, 50MB/66MB, paused 1.361ms total 34.660ms
08-05 04:00:41.021 24383 24403 I art     : Starting a blocking GC Explicit
08-05 04:00:41.045 24254 24254 I ServiceManager: Waiting for service AtCmdFwd...
08-05 04:00:41.055 24383 24403 I art     : Explicit concurrent mark sweep GC freed 3(96B) AllocSpace objects, 0(0B) LOS objects, 23% free, 50MB/66MB, paused 1.254ms total 33.644ms
08-05 04:00:41.065 24383 24403 I art     : Starting a blocking GC Explicit
08-05 04:00:41.099 24383 24403 I art     : Explicit concurrent mark sweep GC freed 3(96B) AllocSpace objects, 0(0B) LOS objects, 23% free, 50MB/66MB, paused 1.277ms total 33.880ms
08-05 04:00:41.109 24383 24403 I art     : Starting a blocking GC Explicit
08-05 04:00:41.143 24383 24403 I art     : Explicit concurrent mark sweep GC freed 3(96B) AllocSpace objects, 0(0B) LOS objects, 23% free, 50MB/66MB, paused 1.222ms total 34.006ms
08-05 04:00:41.337 27843 27843 D AndroidRuntime: >>>>>> START com.android.internal.os.RuntimeInit uid 2000 <<<<<<
08-05 04:00:41.343 27843 27843 D AndroidRuntime: CheckJNI is OFF
08-05 04:00:41.375 27843 27843 D ICU     : No timezone override file found: /data/misc/zoneinfo/current/icu/icu_tzdata.dat
08-05 04:00:41.408 27843 27843 I Radio-JNI: register_android_hardware_Radio DONE
08-05 04:00:41.430 27843 27843 D AndroidRuntime: Calling main entry com.android.commands.input.Input
08-05 04:00:41.432 27843 27843 I Input   : injectKeyEvent: KeyEvent { action=ACTION_DOWN, keyCode=KEYCODE_BACK, scanCode=0, metaState=0, flags=0x0, repeatCount=0, eventTime=763257845, downTime=763257845, deviceId=-1, source=0x101 }
08-05 04:00:41.437 27843 27843 I Input   : injectKeyEvent: KeyEvent { action=ACTION_UP, keyCode=KEYCODE_BACK, scanCode=0, metaState=0, flags=0x0, repeatCount=0, eventTime=763257845, downTime=763257845, deviceId=-1, source=0x101 }
08-05 04:00:41.455 27843 27843 D AndroidRuntime: Shutting down VM
08-05 04:00:41.456 24383 24403 I art     : Starting a blocking GC Explicit
08-05 04:00:41.493 24383 24403 I art     : Explicit concurrent mark sweep GC freed 3573(171KB) AllocSpace objects, 1(20KB) LOS objects, 23% free, 50MB/66MB, paused 1.238ms total 37.183ms
08-05 04:00:41.503 24383 24403 I art     : Starting a blocking GC Explicit
08-05 04:00:41.536 24383 24403 I art     : Explicit concurrent mark sweep GC freed 5370(395KB) AllocSpace objects, 9(1620KB) LOS objects, 24% free, 48MB/64MB, paused 1.165ms total 32.727ms
08-05 04:00:41.546 24383 24403 I art     : Starting a blocking GC Explicit
08-05 04:00:41.579 24383 24403 I art     : Explicit concurrent mark sweep GC freed 48(2016B) AllocSpace objects, 0(0B) LOS objects, 24% free, 48MB/64MB, paused 1.182ms total 32.805ms
08-05 04:00:41.589 24383 24403 I art     : Starting a blocking GC Explicit
08-05 04:00:41.623 24383 24403 I art     : Explicit concurrent mark sweep GC freed 3(96B) AllocSpace objects, 0(0B) LOS objects, 24% free, 48MB/64MB, paused 1.229ms total 33.626ms
08-05 04:00:41.634 24383 24403 I art     : Starting a blocking GC Explicit
08-05 04:00:41.669 24383 24403 I art     : Explicit concurrent mark sweep GC freed 3(96B) AllocSpace objects, 0(0B) LOS objects, 24% free, 48MB/64MB, paused 1.415ms total 34.528ms
08-05 04:00:41.975 24383 25881 I art     : Starting a blocking GC Explicit
08-05 04:00:42.019 24383 25881 I art     : Explicit concurrent mark sweep GC freed 1382(82KB) AllocSpace objects, 1(20KB) LOS objects, 24% free, 48MB/64MB, paused 1.648ms total 43.351ms
08-05 04:00:42.032 24383 25881 I art     : Starting a blocking GC Explicit
08-05 04:00:42.045 24254 24254 W Atfwd_Sendcmd: AtCmdFwd service not published, waiting... retryCnt : 5
08-05 04:00:42.066 24383 25881 I art     : Explicit concurrent mark sweep GC freed 23(752B) AllocSpace objects, 0(0B) LOS objects, 24% free, 48MB/64MB, paused 1.248ms total 34.275ms
08-05 04:00:42.077 24383 25881 I art     : Starting a blocking GC Explicit
08-05 04:00:42.111 24383 25881 I art     : Explicit concurrent mark sweep GC freed 3(96B) AllocSpace objects, 0(0B) LOS objects, 24% free, 48MB/64MB, paused 1.180ms total 33.635ms
08-05 04:00:42.121 24383 25881 I art     : Starting a blocking GC Explicit
08-05 04:00:42.155 24383 25881 I art     : Explicit concurrent mark sweep GC freed 3(96B) AllocSpace objects, 0(0B) LOS objects, 24% free, 48MB/64MB, paused 1.171ms total 33.643ms
08-05 04:00:42.155 24383 24401 I art     : WaitForGcToComplete blocked for 18.922ms for cause HeapTrim
08-05 04:00:42.165 24383 25881 I art     : Starting a blocking GC Explicit
08-05 04:00:42.199 24383 25881 I art     : Explicit concurrent mark sweep GC freed 3(96B) AllocSpace objects, 0(0B) LOS objects, 24% free, 48MB/64MB, paused 1.203ms total 33.726ms
08-05 04:00:42.520 24383 24416 I art     : Starting a blocking GC Explicit
08-05 04:00:42.564 24383 24416 I art     : Explicit concurrent mark sweep GC freed 1410(82KB) AllocSpace objects, 1(20KB) LOS objects, 24% free, 48MB/64MB, paused 1.374ms total 43.109ms
08-05 04:00:42.579 24383 24416 I art     : Starting a blocking GC Explicit
08-05 04:00:42.617 24383 24416 I art     : Explicit concurrent mark sweep GC freed 23(752B) AllocSpace objects, 0(0B) LOS objects, 24% free, 48MB/64MB, paused 1.353ms total 37.774ms
08-05 04:00:42.627 24383 24416 I art     : Starting a blocking GC Explicit
08-05 04:00:42.662 24383 24416 I art     : Explicit concurrent mark sweep GC freed 3(96B) AllocSpace objects, 0(0B) LOS objects, 24% free, 48MB/64MB, paused 1.181ms total 34.406ms
08-05 04:00:42.672 24383 24416 I art     : Starting a blocking GC Explicit
08-05 04:00:42.705 24383 24416 I art     : Explicit concurrent mark sweep GC freed 3(96B) AllocSpace objects, 0(0B) LOS objects, 24% free, 48MB/64MB, paused 1.126ms total 32.362ms
08-05 04:00:42.715 24383 24416 I art     : Starting a blocking GC Explicit
08-05 04:00:42.747 24383 24416 I art     : Explicit concurrent mark sweep GC freed 3(96B) AllocSpace objects, 0(0B) LOS objects, 24% free, 48MB/64MB, paused 1.202ms total 31.973ms
08-05 04:00:43.070 24383 24404 I art     : Starting a blocking GC Explicit
08-05 04:00:43.092 27886 27886 D AndroidRuntime: >>>>>> START com.android.internal.os.RuntimeInit uid 2000 <<<<<<
08-05 04:00:43.097 27886 27886 D AndroidRuntime: CheckJNI is OFF
08-05 04:00:43.113 24383 24404 I art     : Explicit concurrent mark sweep GC freed 1387(83KB) AllocSpace objects, 1(20KB) LOS objects, 24% free, 48MB/64MB, paused 1.278ms total 43.070ms
08-05 04:00:43.124 24383 24404 I art     : Starting a blocking GC Explicit
08-05 04:00:43.137 27886 27886 D ICU     : No timezone override file found: /data/misc/zoneinfo/current/icu/icu_tzdata.dat
08-05 04:00:43.157 24383 24404 I art     : Explicit concurrent mark sweep GC freed 29(944B) AllocSpace objects, 0(0B) LOS objects, 24% free, 48MB/64MB, paused 1.248ms total 32.943ms
08-05 04:00:43.166 24383 24404 I art     : Starting a blocking GC Explicit
08-05 04:00:43.171 27886 27886 I Radio-JNI: register_android_hardware_Radio DONE
08-05 04:00:43.192 27886 27886 D AndroidRuntime: Calling main entry com.android.commands.input.Input
08-05 04:00:43.194 27886 27886 I Input   : injectMotionEvent: MotionEvent { action=ACTION_DOWN, actionButton=0, id[0]=0, x[0]=603.0, y[0]=1061.0, toolType[0]=TOOL_TYPE_UNKNOWN, buttonState=0, metaState=0, flags=0x0, edgeFlags=0x0, pointerCount=1, historySize=0, eventTime=763259607, downTime=763259607, deviceId=0, source=0x1002 }
08-05 04:00:43.197 24383 24404 I art     : Explicit concurrent mark sweep GC freed 7(224B) AllocSpace objects, 0(0B) LOS objects, 24% free, 48MB/64MB, paused 1.254ms total 30.371ms
08-05 04:00:43.200 27886 27886 I Input   : injectMotionEvent: MotionEvent { action=ACTION_UP, actionButton=0, id[0]=0, x[0]=603.0, y[0]=1061.0, toolType[0]=TOOL_TYPE_UNKNOWN, buttonState=0, metaState=0, flags=0x0, edgeFlags=0x0, pointerCount=1, historySize=0, eventTime=763259607, downTime=763259607, deviceId=0, source=0x1002 }
08-05 04:00:43.202 27886 27886 D AndroidRuntime: Shutting down VM
08-05 04:00:43.207 24383 24404 I art     : Starting a blocking GC Explicit
08-05 04:00:43.216   512  2967 D audio_hw_primary: out_set_parameters: enter: usecase(1: low-latency-playback) kvpairs: routing=2
08-05 04:00:43.229   512  2967 D audio_hw_primary: select_devices: out_snd_device(2: speaker) in_snd_device(0: none)
08-05 04:00:43.229   512  2967 D msm8974_platform: platform_send_audio_calibration: sending audio calibration for snd_device(2) acdb_id(15)
08-05 04:00:43.229   512  2967 I soundtrigger: audio_extn_sound_trigger_update_device_status: device 0x2 of type 0 for Event 1
08-05 04:00:43.239   512  2967 D audio_hw_primary: enable_snd_device: snd_device(2: speaker)
08-05 04:00:43.240 24383 24404 I art     : Explicit concurrent mark sweep GC freed 606(26KB) AllocSpace objects, 0(0B) LOS objects, 24% free, 49MB/65MB, paused 1.485ms total 33.123ms
08-05 04:00:43.241   512  2967 D audio_hw_primary: enable_audio_route: apply and update mixer path: low-latency-playback speaker
08-05 04:00:43.251 24383 24404 I art     : Starting a blocking GC Explicit
08-05 04:00:43.282 24383 24404 I art     : Explicit concurrent mark sweep GC freed 2367(96KB) AllocSpace objects, 0(0B) LOS objects, 24% free, 49MB/65MB, paused 1.670ms total 30.871ms
08-05 04:00:43.410 24383 27909 I NAPPA_EXPERIMENTATION: MetricNetworkRequestExecutionTime: REQUEST_DURATION_SYSTEM='158',REQUEST_DURATION_OKHTTP='157',REQUEST_SYNCHRONOUS='TRUE',RESPONSE_CODE='200',RESPONSE_METHOD='GET',RESPONSE_LENGTH_OKHTTP='37507',RESPONSE_LENGTH_HEADER='37507',REQUEST_PROTOCOL='http/1.1',REQUEST_URL='https://gpodder.net/toplist/50.json',
08-05 04:00:43.422 24383 26909 I NAPPA_EXPERIMENTATION: MetricNetworkRequestExecutionTime: REQUEST_DURATION_SYSTEM='168',REQUEST_DURATION_OKHTTP='168',REQUEST_SYNCHRONOUS='TRUE',RESPONSE_CODE='200',RESPONSE_METHOD='GET',RESPONSE_LENGTH_OKHTTP='2923',RESPONSE_LENGTH_HEADER='2923',REQUEST_PROTOCOL='http/1.1',REQUEST_URL='https://gpodder.net/api/2/tags/50.json',
08-05 04:00:43.483 24383 25373 D ApOkHttpUrlLoader: buildLoadData() called with: model = [http://sixgun.org/files/linuxoutlaws.jpg], width = [224], height = [224]
08-05 04:00:43.484 24383 25177 D DBReader: getImageAuthentication() called with: imageUrl = [http://sixgun.org/files/linuxoutlaws.jpg]
08-05 04:00:43.487 24383 25177 D ApOkHttpUrlLoader: no credentials for 'http://sixgun.org/files/linuxoutlaws.jpg'
08-05 04:00:43.489 24383 25373 D ApOkHttpUrlLoader: buildLoadData() called with: model = [https://files.thisamericanlife.org/sites/all/themes/thislife/img/tal-name-1400x1400.png], width = [224], height = [224]
08-05 04:00:43.494 24383 25373 D ApOkHttpUrlLoader: buildLoadData() called with: model = [https://elroy.twit.tv/sites/default/files/styles/twit_album_art_2048x2048/public/images/shows/floss_weekly/album_art/audio/floss_albumart_mask.jpg?itok=IUjxKpwt], width = [224], height = [224]
08-05 04:00:43.500 24383 25373 D ApOkHttpUrlLoader: buildLoadData() called with: model = [http://ichef.bbci.co.uk/images/ic/3000x3000/p07kfvzb.jpg], width = [224], height = [224]
08-05 04:00:43.503 24383 25373 D ApOkHttpUrlLoader: buildLoadData() called with: model = [https://pl.tedcdn.com/rss_feed_images/ted_talks_main_podcast/video.png], width = [224], height = [224]
08-05 04:00:43.506 24383 25373 D ApOkHttpUrlLoader: buildLoadData() called with: model = [https://elroy.twit.tv/sites/default/files/styles/twit_album_art_2048x2048/public/images/shows/this_week_in_tech/album_art/audio/twit1400audio.jpg?itok=J0vhatZb], width = [224], height = [224]
08-05 04:00:43.510 24383 25373 D ApOkHttpUrlLoader: buildLoadData() called with: model = [http://ichef.bbci.co.uk/images/ic/3000x3000/p03gtk3j.jpg], width = [224], height = [224]
08-05 04:00:43.527 24383 25177 D DBWriter: updateFeedDownloadURL(original: http://sixgun.org/files/linuxoutlaws.jpg, updated: https://fab.industries/sixgun/files/linuxoutlaws.jpg)
08-05 04:00:43.570 24383 24404 I art     : Starting a blocking GC Explicit
08-05 04:00:43.603 24383 24404 I art     : Explicit concurrent mark sweep GC freed 9529(598KB) AllocSpace objects, 5(432KB) LOS objects, 23% free, 50MB/66MB, paused 1.202ms total 32.488ms
08-05 04:00:43.613 24383 24404 I art     : Starting a blocking GC Explicit
08-05 04:00:43.646 24383 24404 I art     : Explicit concurrent mark sweep GC freed 253(10KB) AllocSpace objects, 0(0B) LOS objects, 23% free, 50MB/66MB, paused 1.218ms total 32.901ms
08-05 04:00:43.656 24383 24404 I art     : Starting a blocking GC Explicit
08-05 04:00:43.676 24383 25177 D MYTAG   : interceptor 2a
08-05 04:00:43.676 24383 25177 I NAPPA_EXPERIMENTATION: MetricNetworkRequestExecutionTime: REQUEST_DURATION_SYSTEM='189',REQUEST_DURATION_OKHTTP='146',REQUEST_SYNCHRONOUS='TRUE',RESPONSE_CODE='404',RESPONSE_METHOD='GET',RESPONSE_LENGTH_OKHTTP='-1',RESPONSE_LENGTH_HEADER='1503',REQUEST_PROTOCOL='h2',REQUEST_URL='https://fab.industries/sixgun/files/linuxoutlaws.jpg',
08-05 04:00:43.677 24383 24383 W Glide   : Load failed for http://sixgun.org/files/linuxoutlaws.jpg with size [224x224]
08-05 04:00:43.677 24383 24383 W Glide   : class com.bumptech.glide.load.engine.GlideException: Failed to load resource
08-05 04:00:43.677 24383 24383 W Glide   : There was 1 cause:
08-05 04:00:43.677 24383 24383 W Glide   : com.bumptech.glide.load.HttpException()
08-05 04:00:43.677 24383 24383 W Glide   :  call GlideException#logRootCauses(String) for more detail
08-05 04:00:43.677 24383 24383 W Glide   :   Cause (1 of 1): class com.bumptech.glide.load.engine.GlideException: Fetching data failed, class java.io.InputStream, REMOTE
08-05 04:00:43.677 24383 24383 W Glide   : There was 1 cause:
08-05 04:00:43.677 24383 24383 W Glide   : com.bumptech.glide.load.HttpException()
08-05 04:00:43.677 24383 24383 W Glide   :  call GlideException#logRootCauses(String) for more detail
08-05 04:00:43.677 24383 24383 W Glide   :     Cause (1 of 1): class com.bumptech.glide.load.HttpException: 
08-05 04:00:43.677 24383 24383 I Glide   : Root cause (1 of 1)
08-05 04:00:43.677 24383 24383 I Glide   : com.bumptech.glide.load.HttpException: 
08-05 04:00:43.677 24383 24383 I Glide   : 	at com.bumptech.glide.integration.okhttp3.OkHttpStreamFetcher.onResponse(OkHttpStreamFetcher.java:73)
08-05 04:00:43.677 24383 24383 I Glide   : 	at okhttp3.RealCall$AsyncCall.execute(RealCall.java:174)
08-05 04:00:43.677 24383 24383 I Glide   : 	at okhttp3.internal.NamedRunnable.run(NamedRunnable.java:32)
08-05 04:00:43.677 24383 24383 I Glide   : 	at java.util.concurrent.ThreadPoolExecutor.runWorker(ThreadPoolExecutor.java:1113)
08-05 04:00:43.677 24383 24383 I Glide   : 	at java.util.concurrent.ThreadPoolExecutor$Worker.run(ThreadPoolExecutor.java:588)
08-05 04:00:43.677 24383 24383 I Glide   : 	at java.lang.Thread.run(Thread.java:818)
08-05 04:00:43.678 24383 24383 W Glide   : Load failed for http://sixgun.org/files/linuxoutlaws.jpg with size [224x224]
08-05 04:00:43.678 24383 24383 W Glide   : class com.bumptech.glide.load.engine.GlideException: Failed to load resource
08-05 04:00:43.678 24383 24383 W Glide   : There was 1 cause:
08-05 04:00:43.678 24383 24383 W Glide   : com.bumptech.glide.load.HttpException()
08-05 04:00:43.678 24383 24383 W Glide   :  call GlideException#logRootCauses(String) for more detail
08-05 04:00:43.678 24383 24383 W Glide   :   Cause (1 of 1): class com.bumptech.glide.load.engine.GlideException: Fetching data failed, class java.io.InputStream, REMOTE
08-05 04:00:43.678 24383 24383 W Glide   : There was 1 cause:
08-05 04:00:43.678 24383 24383 W Glide   : com.bumptech.glide.load.HttpException()
08-05 04:00:43.678 24383 24383 W Glide   :  call GlideException#logRootCauses(String) for more detail
08-05 04:00:43.678 24383 24383 W Glide   :     Cause (1 of 1): class com.bumptech.glide.load.HttpException: 
08-05 04:00:43.678 24383 24383 I Glide   : Root cause (1 of 1)
08-05 04:00:43.678 24383 24383 I Glide   : com.bumptech.glide.load.HttpException: 
08-05 04:00:43.678 24383 24383 I Glide   : 	at com.bumptech.glide.integration.okhttp3.OkHttpStreamFetcher.onResponse(OkHttpStreamFetcher.java:73)
08-05 04:00:43.678 24383 24383 I Glide   : 	at okhttp3.RealCall$AsyncCall.execute(RealCall.java:174)
08-05 04:00:43.678 24383 24383 I Glide   : 	at okhttp3.internal.NamedRunnable.run(NamedRunnable.java:32)
08-05 04:00:43.678 24383 24383 I Glide   : 	at java.util.concurrent.ThreadPoolExecutor.runWorker(ThreadPoolExecutor.java:1113)
08-05 04:00:43.678 24383 24383 I Glide   : 	at java.util.concurrent.ThreadPoolExecutor$Worker.run(ThreadPoolExecutor.java:588)
08-05 04:00:43.678 24383 24383 I Glide   : 	at java.lang.Thread.run(Thread.java:818)
08-05 04:00:43.691 24383 24404 I art     : Explicit concurrent mark sweep GC freed 397(68KB) AllocSpace objects, 0(0B) LOS objects, 23% free, 50MB/66MB, paused 1.628ms total 34.607ms
08-05 04:00:43.700 24383 24404 I art     : Starting a blocking GC Explicit
08-05 04:00:43.732 24383 24404 I art     : Explicit concurrent mark sweep GC freed 178(7KB) AllocSpace objects, 0(0B) LOS objects, 23% free, 50MB/66MB, paused 1.099ms total 31.344ms
08-05 04:00:43.742 24383 24404 I art     : Starting a blocking GC Explicit
08-05 04:00:43.774 24383 24404 I art     : Explicit concurrent mark sweep GC freed 6(192B) AllocSpace objects, 0(0B) LOS objects, 23% free, 50MB/66MB, paused 1.047ms total 31.504ms
08-05 04:00:43.780   512  2967 D audio_hw_primary: disable_audio_route: reset and update mixer path: low-latency-playback speaker
08-05 04:00:43.781   512  2967 D audio_hw_primary: disable_snd_device: snd_device(2: speaker)
08-05 04:00:43.790   512  2967 I soundtrigger: audio_extn_sound_trigger_update_device_status: device 0x2 of type 0 for Event 0
08-05 04:00:44.114 24383 24403 I art     : Starting a blocking GC Explicit
08-05 04:00:44.150 24383 24403 I art     : Explicit concurrent mark sweep GC freed 1381(81KB) AllocSpace objects, 1(20KB) LOS objects, 23% free, 50MB/66MB, paused 1.219ms total 35.889ms
08-05 04:00:44.160 24383 24403 I art     : Starting a blocking GC Explicit
08-05 04:00:44.196 24383 24403 I art     : Explicit concurrent mark sweep GC freed 40(1344B) AllocSpace objects, 0(0B) LOS objects, 23% free, 50MB/66MB, paused 1.198ms total 35.569ms
08-05 04:00:44.207 24383 24403 I art     : Starting a blocking GC Explicit
08-05 04:00:44.243 24383 24403 I art     : Explicit concurrent mark sweep GC freed 3(96B) AllocSpace objects, 0(0B) LOS objects, 23% free, 50MB/66MB, paused 1.209ms total 36.176ms
08-05 04:00:44.254 24383 24403 I art     : Starting a blocking GC Explicit
08-05 04:00:44.290 24383 24403 I art     : Explicit concurrent mark sweep GC freed 3(96B) AllocSpace objects, 0(0B) LOS objects, 23% free, 50MB/66MB, paused 1.199ms total 35.856ms
08-05 04:00:44.300 24383 24403 I art     : Starting a blocking GC Explicit
08-05 04:00:44.336 24383 24403 I art     : Explicit concurrent mark sweep GC freed 3(96B) AllocSpace objects, 0(0B) LOS objects, 23% free, 50MB/66MB, paused 1.163ms total 35.191ms
08-05 04:00:44.340   518   646 I ThermalEngine: ACTION: GPU - Setting GPU[0] to 450000000
08-05 04:00:44.708 24383 24416 I art     : Starting a blocking GC Explicit
08-05 04:00:44.762 24383 24416 I art     : Explicit concurrent mark sweep GC freed 1410(81KB) AllocSpace objects, 1(20KB) LOS objects, 23% free, 50MB/66MB, paused 1.714ms total 53.990ms
08-05 04:00:44.778 24383 24416 I art     : Starting a blocking GC Explicit
08-05 04:00:44.824 24383 24416 I art     : Explicit concurrent mark sweep GC freed 23(752B) AllocSpace objects, 0(0B) LOS objects, 23% free, 50MB/66MB, paused 1.596ms total 45.533ms
08-05 04:00:44.837 24383 24416 I art     : Starting a blocking GC Explicit
08-05 04:00:44.883 24383 24416 I art     : Explicit concurrent mark sweep GC freed 3(96B) AllocSpace objects, 0(0B) LOS objects, 23% free, 50MB/66MB, paused 1.652ms total 45.187ms
08-05 04:00:44.897 24383 24416 I art     : Starting a blocking GC Explicit
08-05 04:00:44.943 24383 24416 I art     : Explicit concurrent mark sweep GC freed 3(96B) AllocSpace objects, 0(0B) LOS objects, 23% free, 50MB/66MB, paused 1.581ms total 45.651ms
08-05 04:00:44.956 24383 24416 I art     : Starting a blocking GC Explicit
08-05 04:00:45.005 24383 24416 I art     : Explicit concurrent mark sweep GC freed 3(96B) AllocSpace objects, 0(0B) LOS objects, 23% free, 50MB/66MB, paused 1.620ms total 48.854ms
08-05 04:00:45.372 24383 24403 I art     : Starting a blocking GC Explicit
08-05 04:00:45.419 24383 24403 I art     : Explicit concurrent mark sweep GC freed 1433(82KB) AllocSpace objects, 1(20KB) LOS objects, 23% free, 50MB/66MB, paused 1.647ms total 46.089ms
08-05 04:00:45.432 24383 24403 I art     : Starting a blocking GC Explicit
08-05 04:00:45.481 24383 24403 I art     : Explicit concurrent mark sweep GC freed 40(1328B) AllocSpace objects, 0(0B) LOS objects, 23% free, 50MB/66MB, paused 1.652ms total 48.154ms
08-05 04:00:45.495 24383 24403 I art     : Starting a blocking GC Explicit
08-05 04:00:45.541 24383 24403 I art     : Explicit concurrent mark sweep GC freed 32(880B) AllocSpace objects, 0(0B) LOS objects, 23% free, 50MB/66MB, paused 1.535ms total 45.900ms
08-05 04:00:45.555 24383 24403 I art     : Starting a blocking GC Explicit
08-05 04:00:45.603 24383 24403 I art     : Explicit concurrent mark sweep GC freed 3(96B) AllocSpace objects, 0(0B) LOS objects, 23% free, 50MB/66MB, paused 1.714ms total 48.135ms
08-05 04:00:45.620 24383 24403 I art     : Starting a blocking GC Explicit
08-05 04:00:45.668 24383 24403 I art     : Explicit concurrent mark sweep GC freed 3(96B) AllocSpace objects, 0(0B) LOS objects, 23% free, 50MB/66MB, paused 1.657ms total 47.856ms
08-05 04:00:46.051 24383 25881 I art     : Starting a blocking GC Explicit
08-05 04:00:46.108 24383 25881 I art     : Explicit concurrent mark sweep GC freed 1381(81KB) AllocSpace objects, 1(20KB) LOS objects, 23% free, 50MB/66MB, paused 1.752ms total 56.141ms
08-05 04:00:46.124 24383 25881 I art     : Starting a blocking GC Explicit
08-05 04:00:46.175 24383 25881 I art     : Explicit concurrent mark sweep GC freed 23(752B) AllocSpace objects, 0(0B) LOS objects, 23% free, 50MB/66MB, paused 1.639ms total 49.796ms
08-05 04:00:46.188 24383 25881 I art     : Starting a blocking GC Explicit
08-05 04:00:46.229   918  3188 I hubconnection: sensorhub said: 'set_bias 3: -5.9232, 0.0000, 0.0000'
08-05 04:00:46.236 24383 25881 I art     : Explicit concurrent mark sweep GC freed 3(96B) AllocSpace objects, 0(0B) LOS objects, 23% free, 50MB/66MB, paused 1.865ms total 47.663ms
08-05 04:00:46.250 24383 25881 I art     : Starting a blocking GC Explicit
08-05 04:00:46.299 24383 25881 I art     : Explicit concurrent mark sweep GC freed 3(96B) AllocSpace objects, 0(0B) LOS objects, 23% free, 50MB/66MB, paused 1.600ms total 48.982ms
08-05 04:00:46.312 24383 25881 I art     : Starting a blocking GC Explicit
08-05 04:00:46.361 24383 25881 I art     : Explicit concurrent mark sweep GC freed 3(96B) AllocSpace objects, 0(0B) LOS objects, 23% free, 50MB/66MB, paused 1.652ms total 48.081ms
08-05 04:00:46.753 24383 24404 I art     : Starting a blocking GC Explicit
08-05 04:00:46.814 24383 24404 I art     : Explicit concurrent mark sweep GC freed 1410(81KB) AllocSpace objects, 1(20KB) LOS objects, 23% free, 50MB/66MB, paused 1.709ms total 59.992ms
08-05 04:00:46.829 24383 24404 I art     : Starting a blocking GC Explicit
08-05 04:00:46.878 24383 24404 I art     : Explicit concurrent mark sweep GC freed 23(752B) AllocSpace objects, 0(0B) LOS objects, 23% free, 50MB/66MB, paused 1.775ms total 48.680ms
08-05 04:00:46.892 24383 24404 I art     : Starting a blocking GC Explicit
08-05 04:00:46.938 24383 24404 I art     : Explicit concurrent mark sweep GC freed 3(96B) AllocSpace objects, 0(0B) LOS objects, 23% free, 50MB/66MB, paused 1.835ms total 45.856ms
08-05 04:00:46.952 24383 24404 I art     : Starting a blocking GC Explicit
08-05 04:00:47.000 24383 24404 I art     : Explicit concurrent mark sweep GC freed 3(96B) AllocSpace objects, 0(0B) LOS objects, 23% free, 50MB/66MB, paused 1.740ms total 48.019ms
08-05 04:00:47.017 24383 24404 I art     : Starting a blocking GC Explicit
08-05 04:00:47.064 24383 24404 I art     : Explicit concurrent mark sweep GC freed 3(96B) AllocSpace objects, 0(0B) LOS objects, 23% free, 50MB/66MB, paused 1.589ms total 47.128ms
08-05 04:00:47.342   518   646 I ThermalEngine: ACTION: GPU - Setting GPU[0] to 510000000
08-05 04:00:47.444 24383 24416 I art     : Starting a blocking GC Explicit
08-05 04:00:47.482 24383 24416 I art     : Explicit concurrent mark sweep GC freed 1382(82KB) AllocSpace objects, 1(20KB) LOS objects, 23% free, 50MB/66MB, paused 1.241ms total 37.052ms
08-05 04:00:47.492 24383 24416 I art     : Starting a blocking GC Explicit
08-05 04:00:47.529 24383 24416 I art     : Explicit concurrent mark sweep GC freed 52(1536B) AllocSpace objects, 0(0B) LOS objects, 23% free, 50MB/66MB, paused 1.240ms total 36.529ms
08-05 04:00:47.540 24383 24416 I art     : Starting a blocking GC Explicit
08-05 04:00:47.575 24383 24416 I art     : Explicit concurrent mark sweep GC freed 3(96B) AllocSpace objects, 0(0B) LOS objects, 23% free, 50MB/66MB, paused 1.199ms total 34.693ms
08-05 04:00:47.585 24383 24416 I art     : Starting a blocking GC Explicit
08-05 04:00:47.622 24383 24416 I art     : Explicit concurrent mark sweep GC freed 3(96B) AllocSpace objects, 0(0B) LOS objects, 23% free, 50MB/66MB, paused 1.221ms total 36.360ms
08-05 04:00:47.632 24383 24416 I art     : Starting a blocking GC Explicit
08-05 04:00:47.669 24383 24416 I art     : Explicit concurrent mark sweep GC freed 3(96B) AllocSpace objects, 0(0B) LOS objects, 23% free, 50MB/66MB, paused 1.195ms total 36.143ms
08-05 04:00:48.031 24383 24403 I art     : Starting a blocking GC Explicit
08-05 04:00:48.074 24383 24403 I art     : Explicit concurrent mark sweep GC freed 1384(81KB) AllocSpace objects, 1(20KB) LOS objects, 23% free, 50MB/66MB, paused 1.227ms total 42.671ms
08-05 04:00:48.085 24383 24403 I art     : Starting a blocking GC Explicit
08-05 04:00:48.121 24383 24403 I art     : Explicit concurrent mark sweep GC freed 23(752B) AllocSpace objects, 0(0B) LOS objects, 23% free, 50MB/66MB, paused 1.192ms total 36.091ms
08-05 04:00:48.132 24383 24403 I art     : Starting a blocking GC Explicit
08-05 04:00:48.167 24383 24403 I art     : Explicit concurrent mark sweep GC freed 3(96B) AllocSpace objects, 0(0B) LOS objects, 23% free, 50MB/66MB, paused 1.320ms total 35.497ms
08-05 04:00:48.178 24383 24403 I art     : Starting a blocking GC Explicit
08-05 04:00:48.213 24383 24403 I art     : Explicit concurrent mark sweep GC freed 3(96B) AllocSpace objects, 0(0B) LOS objects, 23% free, 50MB/66MB, paused 1.189ms total 34.900ms
08-05 04:00:48.223 24383 24403 I art     : Starting a blocking GC Explicit
08-05 04:00:48.260 24383 24403 I art     : Explicit concurrent mark sweep GC freed 3(96B) AllocSpace objects, 0(0B) LOS objects, 23% free, 50MB/66MB, paused 1.202ms total 35.862ms
08-05 04:00:48.650 24383 25881 I art     : Starting a blocking GC Explicit
08-05 04:00:48.696 24383 25881 I art     : Explicit concurrent mark sweep GC freed 1410(81KB) AllocSpace objects, 1(20KB) LOS objects, 23% free, 50MB/66MB, paused 1.315ms total 45.317ms
08-05 04:00:48.708 24383 25881 I art     : Starting a blocking GC Explicit
08-05 04:00:48.745 24383 25881 I art     : Explicit concurrent mark sweep GC freed 23(752B) AllocSpace objects, 0(0B) LOS objects, 23% free, 50MB/66MB, paused 1.211ms total 36.494ms
08-05 04:00:48.756 24383 25881 I art     : Starting a blocking GC Explicit
08-05 04:00:48.792 24383 25881 I art     : Explicit concurrent mark sweep GC freed 3(96B) AllocSpace objects, 0(0B) LOS objects, 23% free, 50MB/66MB, paused 1.179ms total 35.955ms
08-05 04:00:48.802 24383 25881 I art     : Starting a blocking GC Explicit
08-05 04:00:48.838 24383 25881 I art     : Explicit concurrent mark sweep GC freed 3(96B) AllocSpace objects, 0(0B) LOS objects, 23% free, 50MB/66MB, paused 1.283ms total 35.880ms
08-05 04:00:48.849 24383 25881 I art     : Starting a blocking GC Explicit
08-05 04:00:48.885 24383 25881 I art     : Explicit concurrent mark sweep GC freed 3(96B) AllocSpace objects, 0(0B) LOS objects, 23% free, 50MB/66MB, paused 1.192ms total 35.833ms
08-05 04:00:49.236 24383 24404 I art     : Starting a blocking GC Explicit
08-05 04:00:49.283 24383 24404 I art     : Explicit concurrent mark sweep GC freed 1381(81KB) AllocSpace objects, 1(20KB) LOS objects, 23% free, 50MB/66MB, paused 1.172ms total 47.608ms
08-05 04:00:49.294 24383 24404 I art     : Starting a blocking GC Explicit
08-05 04:00:49.329 24383 24404 I art     : Explicit concurrent mark sweep GC freed 23(752B) AllocSpace objects, 0(0B) LOS objects, 23% free, 50MB/66MB, paused 1.226ms total 35.059ms
08-05 04:00:49.340 24383 24404 I art     : Starting a blocking GC Explicit
08-05 04:00:49.376 24383 24404 I art     : Explicit concurrent mark sweep GC freed 3(96B) AllocSpace objects, 0(0B) LOS objects, 23% free, 50MB/66MB, paused 1.208ms total 36.465ms
08-05 04:00:49.387 24383 24404 I art     : Starting a blocking GC Explicit
08-05 04:00:49.423 24383 24404 I art     : Explicit concurrent mark sweep GC freed 3(96B) AllocSpace objects, 0(0B) LOS objects, 23% free, 50MB/66MB, paused 1.188ms total 35.808ms
08-05 04:00:49.434 24383 24404 I art     : Starting a blocking GC Explicit
08-05 04:00:49.468 24383 24404 I art     : Explicit concurrent mark sweep GC freed 3(96B) AllocSpace objects, 0(0B) LOS objects, 23% free, 50MB/66MB, paused 1.218ms total 34.546ms
08-05 04:00:49.810 24383 24416 I art     : Starting a blocking GC Explicit
08-05 04:00:49.850 24383 24416 I art     : Explicit concurrent mark sweep GC freed 1410(81KB) AllocSpace objects, 1(20KB) LOS objects, 23% free, 50MB/66MB, paused 1.207ms total 39.537ms
08-05 04:00:49.861 24383 24416 I art     : Starting a blocking GC Explicit
08-05 04:00:49.885 28014 28014 D AndroidRuntime: >>>>>> START com.android.internal.os.RuntimeInit uid 2000 <<<<<<
08-05 04:00:49.890 28014 28014 D AndroidRuntime: CheckJNI is OFF
08-05 04:00:49.894 24383 24416 I art     : Explicit concurrent mark sweep GC freed 23(752B) AllocSpace objects, 0(0B) LOS objects, 23% free, 50MB/66MB, paused 1.252ms total 32.500ms
08-05 04:00:49.904 24383 24416 I art     : Starting a blocking GC Explicit
08-05 04:00:49.924 28014 28014 D ICU     : No timezone override file found: /data/misc/zoneinfo/current/icu/icu_tzdata.dat
08-05 04:00:49.937 24383 24416 I art     : Explicit concurrent mark sweep GC freed 3(96B) AllocSpace objects, 0(0B) LOS objects, 23% free, 50MB/66MB, paused 1.279ms total 32.732ms
08-05 04:00:49.946 24383 24416 I art     : Starting a blocking GC Explicit
08-05 04:00:49.958 28014 28014 I Radio-JNI: register_android_hardware_Radio DONE
08-05 04:00:49.980 28014 28014 D AndroidRuntime: Calling main entry com.android.commands.input.Input
08-05 04:00:49.980 24383 24416 I art     : Explicit concurrent mark sweep GC freed 3(96B) AllocSpace objects, 0(0B) LOS objects, 23% free, 50MB/66MB, paused 1.264ms total 33.609ms
08-05 04:00:49.982 28014 28014 I Input   : injectMotionEvent: MotionEvent { action=ACTION_DOWN, actionButton=0, id[0]=0, x[0]=526.0, y[0]=597.0, toolType[0]=TOOL_TYPE_UNKNOWN, buttonState=0, metaState=0, flags=0x0, edgeFlags=0x0, pointerCount=1, historySize=0, eventTime=763266395, downTime=763266395, deviceId=0, source=0x1002 }
08-05 04:00:49.989 28014 28014 I Input   : injectMotionEvent: MotionEvent { action=ACTION_UP, actionButton=0, id[0]=0, x[0]=526.0, y[0]=597.0, toolType[0]=TOOL_TYPE_UNKNOWN, buttonState=0, metaState=0, flags=0x0, edgeFlags=0x0, pointerCount=1, historySize=0, eventTime=763266395, downTime=763266395, deviceId=0, source=0x1002 }
08-05 04:00:49.990 24383 24416 I art     : Starting a blocking GC Explicit
08-05 04:00:49.992 28014 28014 D AndroidRuntime: Shutting down VM
08-05 04:00:50.023 24383 24416 I art     : Explicit concurrent mark sweep GC freed 22(736B) AllocSpace objects, 0(0B) LOS objects, 23% free, 50MB/66MB, paused 1.226ms total 32.927ms
08-05 04:00:50.057 24383 24383 D PodcastListFragment: Selected podcast: GpodnetPodcast [url=http://feeds.feedburner.com/linuxoutlaws, title=Linux Outlaws, description=Two pragmatic geeks talk about the latest news concerning Linux, free and open
08-05 04:00:50.057 24383 24383 D PodcastListFragment: technology or anything else they deem noteworthy which may include such absurd
08-05 04:00:50.057 24383 24383 D PodcastListFragment: things as hockey or bands you never heard of. This means there's many a joke
08-05 04:00:50.057 24383 24383 D PodcastListFragment: and derailed conversation along the way, so don't come here expecting only
08-05 04:00:50.057 24383 24383 D PodcastListFragment: Linux or software freedom talk  just sit back and relax, partner., subscribers=3321, logoUrl=http://sixgun.org/files/linuxoutlaws.jpg, website=http://sixgun.org, mygpoLink=http://gpodder.net/podcast/linux-outlaws-mp3]
08-05 04:00:50.058   918  5132 I ActivityManager: START u0 {cmp=baseline.de.danoeh.antennapod.debug/baseline.de.danoeh.antennapod.activity.OnlineFeedViewActivity (has extras)} from uid 10691 on display 0
08-05 04:00:50.060   512  2967 D audio_hw_primary: out_set_parameters: enter: usecase(1: low-latency-playback) kvpairs: routing=2
08-05 04:00:50.073   512  2967 D audio_hw_primary: select_devices: out_snd_device(2: speaker) in_snd_device(0: none)
08-05 04:00:50.073   512  2967 D msm8974_platform: platform_send_audio_calibration: sending audio calibration for snd_device(2) acdb_id(15)
08-05 04:00:50.073   512  2967 I soundtrigger: audio_extn_sound_trigger_update_device_status: device 0x2 of type 0 for Event 1
08-05 04:00:50.085   512  2967 D audio_hw_primary: enable_snd_device: snd_device(2: speaker)
08-05 04:00:50.087   512  2967 D audio_hw_primary: enable_audio_route: apply and update mixer path: low-latency-playback speaker
08-05 04:00:50.091 24383 24383 D UserPreferences: Using default data folder
08-05 04:00:50.091 24383 24383 D OnlineFeedViewActivity: Activity was started with url http://feeds.feedburner.com/linuxoutlaws
08-05 04:00:50.094 24383 24383 D OnlineFeedViewActivity: Starting feed download
08-05 04:00:50.097 24383 24413 D DBReader: Extracting Feedlist
08-05 04:00:50.099   918   929 D WifiService: acquireWifiLockLocked: WifiLock{Downloader type=1 binder=android.os.BinderProxy@6389359}
08-05 04:00:50.100 24383 24413 D AntennapodHttpClient: Creating new instance of HTTP client
08-05 04:00:50.150 13866 13866 I GoogleInputMethodServic: GoogleInputMethodService.onFinishInput():3138 
08-05 04:00:50.150 13866 13866 I GoogleInputMethodServic: GoogleInputMethodService.onStartInput():1808 
08-05 04:00:50.166   918   936 I ActivityManager: Displayed baseline.de.danoeh.antennapod.debug/baseline.de.danoeh.antennapod.activity.OnlineFeedViewActivity: +94ms
08-05 04:00:50.190 24383 24414 D OpenGLRenderer: endAllStagingAnimators on 0x7f7967b800 (GridView) with handle 0x7f75487d80
08-05 04:00:50.239 24383 24413 D MYTAG   : interceptor 3a http://feeds.feedburner.com/linuxoutlaws
08-05 04:00:50.239 24383 24413 I NAPPA_EXPERIMENTATION: MetricNetworkRequestExecutionTime: REQUEST_DURATION_SYSTEM='138',REQUEST_DURATION_OKHTTP='31',REQUEST_SYNCHRONOUS='TRUE',RESPONSE_CODE='200',RESPONSE_METHOD='GET',RESPONSE_LENGTH_OKHTTP='-1',RESPONSE_LENGTH_HEADER='-2',REQUEST_PROTOCOL='http/1.1',REQUEST_URL='http://feeds.feedburner.com/linuxoutlaws',
08-05 04:00:50.239 24383 24413 D HttpDownloader: Response code is 200
08-05 04:00:50.239 24383 24413 D UserPreferences: Using default data folder
08-05 04:00:50.241 24383 24413 D HttpDownloader: Getting size of download
08-05 04:00:50.241 24383 24413 D HttpDownloader: Size is -1
08-05 04:00:50.241 24383 24413 D UserPreferences: Using default data folder
08-05 04:00:50.241 24383 24413 D HttpDownloader: Free space is 20236902400
08-05 04:00:50.241 24383 24413 D HttpDownloader: Starting download
08-05 04:00:50.263 24383 24413 D HttpDownloader: Download was successful
08-05 04:00:50.264   918  6110 D WifiService: releaseWifiLockLocked: WifiLock{Downloader type=1 binder=android.os.BinderProxy@6389359}
08-05 04:00:50.264 24383 24383 D OnlineFeedViewActivity: Parsing feed
08-05 04:00:50.267 24383 28048 D TypeGetter: Recognized type RSS 2.0
08-05 04:00:50.268 24383 28048 D SyndHandler: Recognized Content namespace
08-05 04:00:50.269 24383 28048 D SyndHandler: Recognized DublinCore namespace
08-05 04:00:50.269 24383 28048 D SyndHandler: Recognized Atom namespace
08-05 04:00:50.269 24383 28048 D SyndHandler: Recognized ITunes namespace
08-05 04:00:50.269 24383 28048 D SyndHandler: Recognized media namespace
08-05 04:00:50.297 24383 28048 D OnlineFeedViewActivity: Deleted feed source file. Result: true
08-05 04:00:50.298 24383 24383 D OnlineFeedViewActivity: Removing HTML from shownotes
08-05 04:00:50.309 24383 24404 I art     : Starting a blocking GC Explicit
08-05 04:00:50.318 24383 25373 D ApOkHttpUrlLoader: buildLoadData() called with: model = [http://sixgun.org/files/linuxoutlaws.jpg], width = [350], height = [350]
08-05 04:00:50.319 24383 25177 D DBReader: getImageAuthentication() called with: imageUrl = [http://sixgun.org/files/linuxoutlaws.jpg]
08-05 04:00:50.322 24383 25177 D ApOkHttpUrlLoader: no credentials for 'http://sixgun.org/files/linuxoutlaws.jpg'
08-05 04:00:50.358 24383 24404 I art     : Explicit concurrent mark sweep GC freed 8243(937KB) AllocSpace objects, 15(828KB) LOS objects, 23% free, 51MB/67MB, paused 1.444ms total 49.439ms
08-05 04:00:50.361 24383 25177 D DBWriter: updateFeedDownloadURL(original: http://sixgun.org/files/linuxoutlaws.jpg, updated: https://fab.industries/sixgun/files/linuxoutlaws.jpg)
08-05 04:00:50.368 24383 24404 I art     : Starting a blocking GC Explicit
08-05 04:00:50.402 24383 24404 I art     : Explicit concurrent mark sweep GC freed 1729(80KB) AllocSpace objects, 0(0B) LOS objects, 23% free, 51MB/67MB, paused 1.127ms total 34.141ms
08-05 04:00:50.404   380   380 W SurfaceFlinger: couldn't log to binary event log: overflow.
08-05 04:00:50.415 24383 24404 I art     : Starting a blocking GC Explicit
08-05 04:00:50.449 24383 24404 I art     : Explicit concurrent mark sweep GC freed 29(1312B) AllocSpace objects, 0(0B) LOS objects, 23% free, 51MB/67MB, paused 1.200ms total 33.361ms
08-05 04:00:50.459 24383 24404 I art     : Starting a blocking GC Explicit
08-05 04:00:50.490 24383 24404 I art     : Explicit concurrent mark sweep GC freed 7(256B) AllocSpace objects, 0(0B) LOS objects, 23% free, 51MB/67MB, paused 1.091ms total 31.284ms
08-05 04:00:50.500 24383 24404 I art     : Starting a blocking GC Explicit
08-05 04:00:50.511 24383 25177 D MYTAG   : interceptor 2a
08-05 04:00:50.511 24383 25177 I NAPPA_EXPERIMENTATION: MetricNetworkRequestExecutionTime: REQUEST_DURATION_SYSTEM='189',REQUEST_DURATION_OKHTTP='146',REQUEST_SYNCHRONOUS='TRUE',RESPONSE_CODE='404',RESPONSE_METHOD='GET',RESPONSE_LENGTH_OKHTTP='-1',RESPONSE_LENGTH_HEADER='1503',REQUEST_PROTOCOL='h2',REQUEST_URL='https://fab.industries/sixgun/files/linuxoutlaws.jpg',
08-05 04:00:50.512 24383 24383 W Glide   : Load failed for http://sixgun.org/files/linuxoutlaws.jpg with size [350x350]
08-05 04:00:50.512 24383 24383 W Glide   : class com.bumptech.glide.load.engine.GlideException: Failed to load resource
08-05 04:00:50.512 24383 24383 W Glide   : There was 1 cause:
08-05 04:00:50.512 24383 24383 W Glide   : com.bumptech.glide.load.HttpException()
08-05 04:00:50.512 24383 24383 W Glide   :  call GlideException#logRootCauses(String) for more detail
08-05 04:00:50.512 24383 24383 W Glide   :   Cause (1 of 1): class com.bumptech.glide.load.engine.GlideException: Fetching data failed, class java.io.InputStream, REMOTE
08-05 04:00:50.512 24383 24383 W Glide   : There was 1 cause:
08-05 04:00:50.512 24383 24383 W Glide   : com.bumptech.glide.load.HttpException()
08-05 04:00:50.512 24383 24383 W Glide   :  call GlideException#logRootCauses(String) for more detail
08-05 04:00:50.512 24383 24383 W Glide   :     Cause (1 of 1): class com.bumptech.glide.load.HttpException: 
08-05 04:00:50.513 24383 24383 I Glide   : Root cause (1 of 1)
08-05 04:00:50.513 24383 24383 I Glide   : com.bumptech.glide.load.HttpException: 
08-05 04:00:50.513 24383 24383 I Glide   : 	at com.bumptech.glide.integration.okhttp3.OkHttpStreamFetcher.onResponse(OkHttpStreamFetcher.java:73)
08-05 04:00:50.513 24383 24383 I Glide   : 	at okhttp3.RealCall$AsyncCall.execute(RealCall.java:174)
08-05 04:00:50.513 24383 24383 I Glide   : 	at okhttp3.internal.NamedRunnable.run(NamedRunnable.java:32)
08-05 04:00:50.513 24383 24383 I Glide   : 	at java.util.concurrent.ThreadPoolExecutor.runWorker(ThreadPoolExecutor.java:1113)
08-05 04:00:50.513 24383 24383 I Glide   : 	at java.util.concurrent.ThreadPoolExecutor$Worker.run(ThreadPoolExecutor.java:588)
08-05 04:00:50.513 24383 24383 I Glide   : 	at java.lang.Thread.run(Thread.java:818)
08-05 04:00:50.533 24383 24404 I art     : Explicit concurrent mark sweep GC freed 303(41KB) AllocSpace objects, 0(0B) LOS objects, 23% free, 51MB/67MB, paused 1.129ms total 33.254ms
08-05 04:00:50.545 24383 24383 D PlaybackController: Releasing PlaybackController
08-05 04:00:50.629   512  2967 D audio_hw_primary: disable_audio_route: reset and update mixer path: low-latency-playback speaker
08-05 04:00:50.630   512  2967 D audio_hw_primary: disable_snd_device: snd_device(2: speaker)
08-05 04:00:50.638   512  2967 I soundtrigger: audio_extn_sound_trigger_update_device_status: device 0x2 of type 0 for Event 0
08-05 04:00:50.854 24383 24416 I art     : Starting a blocking GC Explicit
08-05 04:00:50.908 24383 24416 I art     : Explicit concurrent mark sweep GC freed 1873(103KB) AllocSpace objects, 2(132KB) LOS objects, 23% free, 51MB/67MB, paused 1.322ms total 53.698ms
08-05 04:00:50.923 24383 24416 I art     : Starting a blocking GC Explicit
08-05 04:00:50.960 24383 24416 I art     : Explicit concurrent mark sweep GC freed 42(1392B) AllocSpace objects, 0(0B) LOS objects, 23% free, 51MB/67MB, paused 1.382ms total 37.206ms
08-05 04:00:50.971 24383 24416 I art     : Starting a blocking GC Explicit
08-05 04:00:51.009 24383 24416 I art     : Explicit concurrent mark sweep GC freed 3(96B) AllocSpace objects, 0(0B) LOS objects, 23% free, 51MB/67MB, paused 1.305ms total 37.557ms
08-05 04:00:51.020 24383 24416 I art     : Starting a blocking GC Explicit
08-05 04:00:51.056 24383 24416 I art     : Explicit concurrent mark sweep GC freed 3(96B) AllocSpace objects, 0(0B) LOS objects, 23% free, 51MB/67MB, paused 1.136ms total 36.572ms
08-05 04:00:51.067 24383 24416 I art     : Starting a blocking GC Explicit
08-05 04:00:51.103 24383 24416 I art     : Explicit concurrent mark sweep GC freed 3(96B) AllocSpace objects, 0(0B) LOS objects, 23% free, 51MB/67MB, paused 1.167ms total 35.447ms
08-05 04:00:51.432 24383 24404 I art     : Starting a blocking GC Explicit
08-05 04:00:51.480 24383 24404 I art     : Explicit concurrent mark sweep GC freed 1381(81KB) AllocSpace objects, 1(20KB) LOS objects, 23% free, 51MB/67MB, paused 1.251ms total 48.449ms
08-05 04:00:51.491 24383 24404 I art     : Starting a blocking GC Explicit
08-05 04:00:51.528 24383 24404 I art     : Explicit concurrent mark sweep GC freed 52(1536B) AllocSpace objects, 0(0B) LOS objects, 23% free, 51MB/67MB, paused 1.224ms total 37.057ms
08-05 04:00:51.539 24383 24404 I art     : Starting a blocking GC Explicit
08-05 04:00:51.576 24383 24404 I art     : Explicit concurrent mark sweep GC freed 3(96B) AllocSpace objects, 0(0B) LOS objects, 23% free, 51MB/67MB, paused 1.220ms total 37.315ms
08-05 04:00:51.588 24383 24404 I art     : Starting a blocking GC Explicit
08-05 04:00:51.624 24383 24404 I art     : Explicit concurrent mark sweep GC freed 3(96B) AllocSpace objects, 0(0B) LOS objects, 23% free, 51MB/67MB, paused 1.205ms total 36.676ms
08-05 04:00:51.635 24383 24404 I art     : Starting a blocking GC Explicit
08-05 04:00:51.673 24383 24404 I art     : Explicit concurrent mark sweep GC freed 3(96B) AllocSpace objects, 0(0B) LOS objects, 23% free, 51MB/67MB, paused 1.256ms total 37.727ms
08-05 04:00:52.039 24383 24404 I art     : Starting a blocking GC Explicit
08-05 04:00:52.078 24383 24404 I art     : Explicit concurrent mark sweep GC freed 1401(81KB) AllocSpace objects, 1(20KB) LOS objects, 23% free, 51MB/67MB, paused 1.336ms total 39.200ms
08-05 04:00:52.090 24383 24404 I art     : Starting a blocking GC Explicit
08-05 04:00:52.129 24383 24404 I art     : Explicit concurrent mark sweep GC freed 27(880B) AllocSpace objects, 0(0B) LOS objects, 23% free, 51MB/67MB, paused 1.318ms total 38.898ms
08-05 04:00:52.140 24383 24404 I art     : Starting a blocking GC Explicit
08-05 04:00:52.175 24383 24404 I art     : Explicit concurrent mark sweep GC freed 9(288B) AllocSpace objects, 0(0B) LOS objects, 23% free, 51MB/67MB, paused 1.197ms total 35.417ms
08-05 04:00:52.186 24383 24404 I art     : Starting a blocking GC Explicit
08-05 04:00:52.220 24383 24404 I art     : Explicit concurrent mark sweep GC freed 3(96B) AllocSpace objects, 0(0B) LOS objects, 23% free, 51MB/67MB, paused 1.187ms total 34.494ms
08-05 04:00:52.231 24383 24404 I art     : Starting a blocking GC Explicit
08-05 04:00:52.267 24383 24404 I art     : Explicit concurrent mark sweep GC freed 3(96B) AllocSpace objects, 0(0B) LOS objects, 23% free, 51MB/67MB, paused 1.405ms total 35.797ms
08-05 04:00:52.604 24383 24403 I art     : Starting a blocking GC Explicit
08-05 04:00:52.652 24383 24403 I art     : Explicit concurrent mark sweep GC freed 1410(81KB) AllocSpace objects, 1(20KB) LOS objects, 23% free, 51MB/67MB, paused 1.352ms total 46.731ms
08-05 04:00:52.667 24383 24403 I art     : Starting a blocking GC Explicit
08-05 04:00:52.704 24383 24403 I art     : Explicit concurrent mark sweep GC freed 23(752B) AllocSpace objects, 0(0B) LOS objects, 23% free, 51MB/67MB, paused 1.227ms total 37.235ms
08-05 04:00:52.715 24383 24403 I art     : Starting a blocking GC Explicit
08-05 04:00:52.752 24383 24403 I art     : Explicit concurrent mark sweep GC freed 3(96B) AllocSpace objects, 0(0B) LOS objects, 23% free, 51MB/67MB, paused 1.214ms total 36.801ms
08-05 04:00:52.763 24383 24403 I art     : Starting a blocking GC Explicit
08-05 04:00:52.801 24383 24403 I art     : Explicit concurrent mark sweep GC freed 3(96B) AllocSpace objects, 0(0B) LOS objects, 23% free, 51MB/67MB, paused 1.255ms total 37.940ms
08-05 04:00:52.812 24383 24403 I art     : Starting a blocking GC Explicit
08-05 04:00:52.849 24383 24403 I art     : Explicit concurrent mark sweep GC freed 3(96B) AllocSpace objects, 0(0B) LOS objects, 23% free, 51MB/67MB, paused 1.245ms total 37.023ms
08-05 04:00:53.222 24383 24416 I art     : Starting a blocking GC Explicit
08-05 04:00:53.273 24383 24416 I art     : Explicit concurrent mark sweep GC freed 1381(81KB) AllocSpace objects, 1(20KB) LOS objects, 23% free, 51MB/67MB, paused 1.599ms total 51.243ms
08-05 04:00:53.286 24383 24416 I art     : Starting a blocking GC Explicit
08-05 04:00:53.324 24383 24416 I art     : Explicit concurrent mark sweep GC freed 23(752B) AllocSpace objects, 0(0B) LOS objects, 23% free, 51MB/67MB, paused 1.197ms total 38.055ms
08-05 04:00:53.335 24383 24416 I art     : Starting a blocking GC Explicit
08-05 04:00:53.373 24383 24416 I art     : Explicit concurrent mark sweep GC freed 3(96B) AllocSpace objects, 0(0B) LOS objects, 23% free, 51MB/67MB, paused 1.379ms total 37.727ms
08-05 04:00:53.383 24383 24416 I art     : Starting a blocking GC Explicit
08-05 04:00:53.422 24383 24416 I art     : Explicit concurrent mark sweep GC freed 3(96B) AllocSpace objects, 0(0B) LOS objects, 23% free, 51MB/67MB, paused 1.236ms total 37.937ms
08-05 04:00:53.432 24383 24416 I art     : Starting a blocking GC Explicit
08-05 04:00:53.471 24383 24416 I art     : Explicit concurrent mark sweep GC freed 3(96B) AllocSpace objects, 0(0B) LOS objects, 23% free, 51MB/67MB, paused 1.310ms total 37.822ms
08-05 04:00:53.857 24383 25881 I art     : Starting a blocking GC Explicit
08-05 04:00:53.907 24383 25881 I art     : Explicit concurrent mark sweep GC freed 1412(84KB) AllocSpace objects, 1(20KB) LOS objects, 23% free, 51MB/67MB, paused 1.360ms total 49.942ms
08-05 04:00:53.920 24383 25881 I art     : Starting a blocking GC Explicit
08-05 04:00:53.957 24383 25881 I art     : Explicit concurrent mark sweep GC freed 23(752B) AllocSpace objects, 0(0B) LOS objects, 23% free, 51MB/67MB, paused 1.302ms total 37.169ms
08-05 04:00:53.968 24383 25881 I art     : Starting a blocking GC Explicit
08-05 04:00:54.005 24383 25881 I art     : Explicit concurrent mark sweep GC freed 3(96B) AllocSpace objects, 0(0B) LOS objects, 23% free, 51MB/67MB, paused 1.197ms total 36.817ms
08-05 04:00:54.015 24383 25881 I art     : Starting a blocking GC Explicit
08-05 04:00:54.053 24383 25881 I art     : Explicit concurrent mark sweep GC freed 3(96B) AllocSpace objects, 0(0B) LOS objects, 23% free, 51MB/67MB, paused 1.247ms total 37.136ms
08-05 04:00:54.064 24383 25881 I art     : Starting a blocking GC Explicit
08-05 04:00:54.101 24383 25881 I art     : Explicit concurrent mark sweep GC freed 3(96B) AllocSpace objects, 0(0B) LOS objects, 23% free, 51MB/67MB, paused 1.207ms total 37.264ms
08-05 04:00:54.421 24383 24404 I art     : Starting a blocking GC Explicit
08-05 04:00:54.459 24383 24404 I art     : Explicit concurrent mark sweep GC freed 1384(81KB) AllocSpace objects, 1(20KB) LOS objects, 23% free, 51MB/67MB, paused 1.251ms total 36.997ms
08-05 04:00:54.470 24383 24404 I art     : Starting a blocking GC Explicit
08-05 04:00:54.507 24383 24404 I art     : Explicit concurrent mark sweep GC freed 23(752B) AllocSpace objects, 0(0B) LOS objects, 23% free, 51MB/67MB, paused 1.343ms total 36.520ms
08-05 04:00:54.517 24383 24404 I art     : Starting a blocking GC Explicit
08-05 04:00:54.552 24383 24404 I art     : Explicit concurrent mark sweep GC freed 32(880B) AllocSpace objects, 0(0B) LOS objects, 23% free, 51MB/67MB, paused 1.203ms total 35.028ms
08-05 04:00:54.563 24383 24404 I art     : Starting a blocking GC Explicit
08-05 04:00:54.598 24383 24404 I art     : Explicit concurrent mark sweep GC freed 3(96B) AllocSpace objects, 0(0B) LOS objects, 23% free, 51MB/67MB, paused 1.266ms total 35.424ms
08-05 04:00:54.608 24383 24404 I art     : Starting a blocking GC Explicit
08-05 04:00:54.643 24383 24404 I art     : Explicit concurrent mark sweep GC freed 3(96B) AllocSpace objects, 0(0B) LOS objects, 23% free, 51MB/67MB, paused 1.220ms total 34.682ms
08-05 04:00:54.686 28109 28109 D AndroidRuntime: >>>>>> START com.android.internal.os.RuntimeInit uid 2000 <<<<<<
08-05 04:00:54.691 28109 28109 D AndroidRuntime: CheckJNI is OFF
08-05 04:00:54.724 28109 28109 D ICU     : No timezone override file found: /data/misc/zoneinfo/current/icu/icu_tzdata.dat
08-05 04:00:54.758 28109 28109 I Radio-JNI: register_android_hardware_Radio DONE
08-05 04:00:54.780 28109 28109 D AndroidRuntime: Calling main entry com.android.commands.input.Input
08-05 04:00:54.781 28109 28109 I Input   : injectKeyEvent: KeyEvent { action=ACTION_DOWN, keyCode=KEYCODE_BACK, scanCode=0, metaState=0, flags=0x0, repeatCount=0, eventTime=763271194, downTime=763271194, deviceId=-1, source=0x101 }
08-05 04:00:54.787 28109 28109 I Input   : injectKeyEvent: KeyEvent { action=ACTION_UP, keyCode=KEYCODE_BACK, scanCode=0, metaState=0, flags=0x0, repeatCount=0, eventTime=763271194, downTime=763271194, deviceId=-1, source=0x101 }
08-05 04:00:54.794 28109 28109 D AndroidRuntime: Shutting down VM
08-05 04:00:54.800 24383 24383 V PlaybackController: initServiceNotRunning()
08-05 04:00:54.800 24383 24383 D ExternalPlayerFragment: Loading media info
08-05 04:00:54.800 24383 25373 D ApOkHttpUrlLoader: buildLoadData() called with: model = [http://sixgun.org/files/linuxoutlaws.jpg], width = [224], height = [224]
08-05 04:00:54.801 24383 25177 D DBReader: getImageAuthentication() called with: imageUrl = [http://sixgun.org/files/linuxoutlaws.jpg]
08-05 04:00:54.804 24383 25177 D ApOkHttpUrlLoader: no credentials for 'http://sixgun.org/files/linuxoutlaws.jpg'
08-05 04:00:54.805 24383 24383 D UserPreferences: Using default data folder
08-05 04:00:54.805 24383 24413 D DBReader: getNavDrawerData() called with: 
08-05 04:00:54.815 24383 24413 D DBReader: getDownloadedItems() called
08-05 04:00:54.816 24383 24413 D DBReader: getFavoriteIDList() called
08-05 04:00:54.816 24383 24413 D DBReader: getQueueIDList() called
08-05 04:00:54.817 24383 24413 D DBReader: Extracting Feedlist
08-05 04:00:54.840 24383 24383 D MainActivity: getLastNavFragment() -> AddFeedFragment
08-05 04:00:54.844 13866 13866 I GoogleInputMethodServic: GoogleInputMethodService.onFinishInput():3138 
08-05 04:00:54.845 13866 13866 I GoogleInputMethodServic: GoogleInputMethodService.onStartInput():1808 
08-05 04:00:54.936 24383 25881 I art     : Starting a blocking GC Explicit
08-05 04:00:54.953 24383 25177 D DBWriter: updateFeedDownloadURL(original: http://sixgun.org/files/linuxoutlaws.jpg, updated: https://fab.industries/sixgun/files/linuxoutlaws.jpg)
08-05 04:00:54.979 24383 25881 I art     : Explicit concurrent mark sweep GC freed 3091(184KB) AllocSpace objects, 1(20KB) LOS objects, 23% free, 51MB/67MB, paused 1.265ms total 42.811ms
08-05 04:00:54.993 24383 25881 I art     : Starting a blocking GC Explicit
08-05 04:00:55.037 24383 25881 I art     : Explicit concurrent mark sweep GC freed 500(27KB) AllocSpace objects, 0(0B) LOS objects, 23% free, 51MB/67MB, paused 1.437ms total 43.738ms
08-05 04:00:55.049 24383 25881 I art     : Starting a blocking GC Explicit
08-05 04:00:55.094 24383 25881 I art     : Explicit concurrent mark sweep GC freed 3(96B) AllocSpace objects, 0(0B) LOS objects, 23% free, 51MB/67MB, paused 1.120ms total 44.575ms
08-05 04:00:55.102 24383 25177 D MYTAG   : interceptor 2a
08-05 04:00:55.103 24383 25177 I NAPPA_EXPERIMENTATION: MetricNetworkRequestExecutionTime: REQUEST_DURATION_SYSTEM='298',REQUEST_DURATION_OKHTTP='147',REQUEST_SYNCHRONOUS='TRUE',RESPONSE_CODE='404',RESPONSE_METHOD='GET',RESPONSE_LENGTH_OKHTTP='-1',RESPONSE_LENGTH_HEADER='1503',REQUEST_PROTOCOL='h2',REQUEST_URL='https://fab.industries/sixgun/files/linuxoutlaws.jpg',
08-05 04:00:55.104 24383 24383 W Glide   : Load failed for http://sixgun.org/files/linuxoutlaws.jpg with size [224x224]
08-05 04:00:55.104 24383 24383 W Glide   : class com.bumptech.glide.load.engine.GlideException: Failed to load resource
08-05 04:00:55.104 24383 24383 W Glide   : There was 1 cause:
08-05 04:00:55.104 24383 24383 W Glide   : com.bumptech.glide.load.HttpException()
08-05 04:00:55.104 24383 24383 W Glide   :  call GlideException#logRootCauses(String) for more detail
08-05 04:00:55.104 24383 24383 W Glide   :   Cause (1 of 1): class com.bumptech.glide.load.engine.GlideException: Fetching data failed, class java.io.InputStream, REMOTE
08-05 04:00:55.104 24383 24383 W Glide   : There was 1 cause:
08-05 04:00:55.104 24383 24383 W Glide   : com.bumptech.glide.load.HttpException()
08-05 04:00:55.104 24383 24383 W Glide   :  call GlideException#logRootCauses(String) for more detail
08-05 04:00:55.104 24383 24383 W Glide   :     Cause (1 of 1): class com.bumptech.glide.load.HttpException: 
08-05 04:00:55.104 24383 24383 I Glide   : Root cause (1 of 1)
08-05 04:00:55.104 24383 24383 I Glide   : com.bumptech.glide.load.HttpException: 
08-05 04:00:55.104 24383 24383 I Glide   : 	at com.bumptech.glide.integration.okhttp3.OkHttpStreamFetcher.onResponse(OkHttpStreamFetcher.java:73)
08-05 04:00:55.104 24383 24383 I Glide   : 	at okhttp3.RealCall$AsyncCall.execute(RealCall.java:174)
08-05 04:00:55.104 24383 24383 I Glide   : 	at okhttp3.internal.NamedRunnable.run(NamedRunnable.java:32)
08-05 04:00:55.104 24383 24383 I Glide   : 	at java.util.concurrent.ThreadPoolExecutor.runWorker(ThreadPoolExecutor.java:1113)
08-05 04:00:55.104 24383 24383 I Glide   : 	at java.util.concurrent.ThreadPoolExecutor$Worker.run(ThreadPoolExecutor.java:588)
08-05 04:00:55.104 24383 24383 I Glide   : 	at java.lang.Thread.run(Thread.java:818)
08-05 04:00:55.105 24383 24383 W Glide   : Load failed for http://sixgun.org/files/linuxoutlaws.jpg with size [224x224]
08-05 04:00:55.105 24383 24383 W Glide   : class com.bumptech.glide.load.engine.GlideException: Failed to load resource
08-05 04:00:55.105 24383 24383 W Glide   : There was 1 cause:
08-05 04:00:55.105 24383 24383 W Glide   : com.bumptech.glide.load.HttpException()
08-05 04:00:55.105 24383 24383 W Glide   :  call GlideException#logRootCauses(String) for more detail
08-05 04:00:55.105 24383 24383 W Glide   :   Cause (1 of 1): class com.bumptech.glide.load.engine.GlideException: Fetching data failed, class java.io.InputStream, REMOTE
08-05 04:00:55.105 24383 24383 W Glide   : There was 1 cause:
08-05 04:00:55.105 24383 24383 W Glide   : com.bumptech.glide.load.HttpException()
08-05 04:00:55.105 24383 24383 W Glide   :  call GlideException#logRootCauses(String) for more detail
08-05 04:00:55.105 24383 24383 W Glide   :     Cause (1 of 1): class com.bumptech.glide.load.HttpException: 
08-05 04:00:55.105 24383 24383 I Glide   : Root cause (1 of 1)
08-05 04:00:55.105 24383 24383 I Glide   : com.bumptech.glide.load.HttpException: 
08-05 04:00:55.105 24383 24383 I Glide   : 	at com.bumptech.glide.integration.okhttp3.OkHttpStreamFetcher.onResponse(OkHttpStreamFetcher.java:73)
08-05 04:00:55.105 24383 24383 I Glide   : 	at okhttp3.RealCall$AsyncCall.execute(RealCall.java:174)
08-05 04:00:55.105 24383 24383 I Glide   : 	at okhttp3.internal.NamedRunnable.run(NamedRunnable.java:32)
08-05 04:00:55.105 24383 24383 I Glide   : 	at java.util.concurrent.ThreadPoolExecutor.runWorker(ThreadPoolExecutor.java:1113)
08-05 04:00:55.105 24383 24383 I Glide   : 	at java.util.concurrent.ThreadPoolExecutor$Worker.run(ThreadPoolExecutor.java:588)
08-05 04:00:55.105 24383 24383 I Glide   : 	at java.lang.Thread.run(Thread.java:818)
08-05 04:00:55.109 24383 25881 I art     : Starting a blocking GC Explicit
08-05 04:00:55.150 24383 25881 I art     : Explicit concurrent mark sweep GC freed 576(75KB) AllocSpace objects, 0(0B) LOS objects, 23% free, 51MB/67MB, paused 1.133ms total 41.053ms
08-05 04:00:55.159   380   380 W SurfaceFlinger: couldn't log to binary event log: overflow.
08-05 04:00:55.164 24383 25881 I art     : Starting a blocking GC Explicit
08-05 04:00:55.198 24383 25881 I art     : Explicit concurrent mark sweep GC freed 594(24KB) AllocSpace objects, 0(0B) LOS objects, 23% free, 51MB/67MB, paused 1.250ms total 33.941ms
08-05 04:00:55.510 24383 24403 I art     : Starting a blocking GC Explicit
08-05 04:00:55.557 24383 24403 I art     : Explicit concurrent mark sweep GC freed 1569(91KB) AllocSpace objects, 1(20KB) LOS objects, 23% free, 51MB/67MB, paused 1.352ms total 46.709ms
08-05 04:00:55.571 24383 24403 I art     : Starting a blocking GC Explicit
08-05 04:00:55.609 24383 24403 I art     : Explicit concurrent mark sweep GC freed 2739(229KB) AllocSpace objects, 1(28KB) LOS objects, 23% free, 50MB/66MB, paused 1.310ms total 37.311ms
08-05 04:00:55.619 24383 24403 I art     : Starting a blocking GC Explicit
08-05 04:00:55.656 24383 24403 I art     : Explicit concurrent mark sweep GC freed 3(96B) AllocSpace objects, 0(0B) LOS objects, 23% free, 50MB/66MB, paused 1.218ms total 36.338ms
08-05 04:00:55.666 24383 24403 I art     : Starting a blocking GC Explicit
08-05 04:00:55.702 24383 24403 I art     : Explicit concurrent mark sweep GC freed 3(96B) AllocSpace objects, 0(0B) LOS objects, 23% free, 50MB/66MB, paused 1.220ms total 35.678ms
08-05 04:00:55.713 24383 24403 I art     : Starting a blocking GC Explicit
08-05 04:00:55.750 24383 24403 I art     : Explicit concurrent mark sweep GC freed 3(96B) AllocSpace objects, 0(0B) LOS objects, 23% free, 50MB/66MB, paused 1.241ms total 36.426ms
08-05 04:00:56.093 24383 24404 I art     : Starting a blocking GC Explicit
08-05 04:00:56.129 24383 24404 I art     : Explicit concurrent mark sweep GC freed 1383(81KB) AllocSpace objects, 1(20KB) LOS objects, 23% free, 50MB/66MB, paused 1.363ms total 35.895ms
08-05 04:00:56.140 24383 24404 I art     : Starting a blocking GC Explicit
08-05 04:00:56.175 24383 24404 I art     : Explicit concurrent mark sweep GC freed 23(752B) AllocSpace objects, 0(0B) LOS objects, 23% free, 50MB/66MB, paused 1.221ms total 35.458ms
08-05 04:00:56.185 24383 24404 I art     : Starting a blocking GC Explicit
08-05 04:00:56.219 24383 24404 I art     : Explicit concurrent mark sweep GC freed 3(96B) AllocSpace objects, 0(0B) LOS objects, 23% free, 50MB/66MB, paused 1.232ms total 33.769ms
08-05 04:00:56.229 24383 24404 I art     : Starting a blocking GC Explicit
08-05 04:00:56.263 24383 24404 I art     : Explicit concurrent mark sweep GC freed 3(96B) AllocSpace objects, 0(0B) LOS objects, 23% free, 50MB/66MB, paused 1.203ms total 33.648ms
08-05 04:00:56.273 24383 24404 I art     : Starting a blocking GC Explicit
08-05 04:00:56.307 24383 24404 I art     : Explicit concurrent mark sweep GC freed 3(96B) AllocSpace objects, 0(0B) LOS objects, 23% free, 50MB/66MB, paused 1.246ms total 33.290ms
08-05 04:00:56.444 28164 28164 D AndroidRuntime: >>>>>> START com.android.internal.os.RuntimeInit uid 2000 <<<<<<
08-05 04:00:56.449 28164 28164 D AndroidRuntime: CheckJNI is OFF
08-05 04:00:56.481 28164 28164 D ICU     : No timezone override file found: /data/misc/zoneinfo/current/icu/icu_tzdata.dat
08-05 04:00:56.513 28164 28164 I Radio-JNI: register_android_hardware_Radio DONE
08-05 04:00:56.533 28164 28164 D AndroidRuntime: Calling main entry com.android.commands.input.Input
08-05 04:00:56.534 28164 28164 I Input   : injectKeyEvent: KeyEvent { action=ACTION_DOWN, keyCode=KEYCODE_BACK, scanCode=0, metaState=0, flags=0x0, repeatCount=0, eventTime=763272948, downTime=763272948, deviceId=-1, source=0x101 }
08-05 04:00:56.539 28164 28164 I Input   : injectKeyEvent: KeyEvent { action=ACTION_UP, keyCode=KEYCODE_BACK, scanCode=0, metaState=0, flags=0x0, repeatCount=0, eventTime=763272948, downTime=763272948, deviceId=-1, source=0x101 }
08-05 04:00:56.555 28164 28164 D AndroidRuntime: Shutting down VM
08-05 04:00:56.633 24383 24416 I art     : Starting a blocking GC Explicit
08-05 04:00:56.671 24383 24416 I art     : Explicit concurrent mark sweep GC freed 3611(172KB) AllocSpace objects, 1(20KB) LOS objects, 23% free, 50MB/66MB, paused 1.376ms total 38.136ms
08-05 04:00:56.681 24383 24416 I art     : Starting a blocking GC Explicit
08-05 04:00:56.718 24383 24416 I art     : Explicit concurrent mark sweep GC freed 5347(394KB) AllocSpace objects, 9(1620KB) LOS objects, 24% free, 48MB/64MB, paused 1.236ms total 36.202ms
08-05 04:00:56.728 24383 24416 I art     : Starting a blocking GC Explicit
08-05 04:00:56.763 24383 24416 I art     : Explicit concurrent mark sweep GC freed 3(96B) AllocSpace objects, 0(0B) LOS objects, 24% free, 48MB/64MB, paused 1.221ms total 34.545ms
08-05 04:00:56.773 24383 24416 I art     : Starting a blocking GC Explicit
08-05 04:00:56.807 24383 24416 I art     : Explicit concurrent mark sweep GC freed 3(96B) AllocSpace objects, 0(0B) LOS objects, 24% free, 48MB/64MB, paused 1.332ms total 33.967ms
08-05 04:00:56.818 24383 24416 I art     : Starting a blocking GC Explicit
08-05 04:00:56.851 24383 24416 I art     : Explicit concurrent mark sweep GC freed 3(96B) AllocSpace objects, 0(0B) LOS objects, 24% free, 48MB/64MB, paused 1.212ms total 32.758ms
08-05 04:00:57.177 24383 24403 I art     : Starting a blocking GC Explicit
08-05 04:00:57.221 24383 24403 I art     : Explicit concurrent mark sweep GC freed 1382(82KB) AllocSpace objects, 1(20KB) LOS objects, 24% free, 48MB/64MB, paused 1.378ms total 43.375ms
08-05 04:00:57.233 24383 24403 I art     : Starting a blocking GC Explicit
08-05 04:00:57.268 24383 24403 I art     : Explicit concurrent mark sweep GC freed 23(752B) AllocSpace objects, 0(0B) LOS objects, 24% free, 48MB/64MB, paused 1.367ms total 34.953ms
08-05 04:00:57.278 24383 24403 I art     : Starting a blocking GC Explicit
08-05 04:00:57.313 24383 24403 I art     : Explicit concurrent mark sweep GC freed 3(96B) AllocSpace objects, 0(0B) LOS objects, 24% free, 48MB/64MB, paused 1.214ms total 34.135ms
08-05 04:00:57.323 24383 24403 I art     : Starting a blocking GC Explicit
08-05 04:00:57.357 24383 24403 I art     : Explicit concurrent mark sweep GC freed 3(96B) AllocSpace objects, 0(0B) LOS objects, 24% free, 48MB/64MB, paused 1.209ms total 33.685ms
08-05 04:00:57.367 24383 24403 I art     : Starting a blocking GC Explicit
08-05 04:00:57.402 24383 24403 I art     : Explicit concurrent mark sweep GC freed 3(96B) AllocSpace objects, 0(0B) LOS objects, 24% free, 48MB/64MB, paused 1.224ms total 34.770ms
08-05 04:00:57.742 24383 25881 I art     : Starting a blocking GC Explicit
08-05 04:00:57.785 24383 25881 I art     : Explicit concurrent mark sweep GC freed 1410(82KB) AllocSpace objects, 1(20KB) LOS objects, 24% free, 48MB/64MB, paused 1.255ms total 43.146ms
08-05 04:00:57.800 24383 25881 I art     : Starting a blocking GC Explicit
08-05 04:00:57.834 24383 25881 I art     : Explicit concurrent mark sweep GC freed 23(752B) AllocSpace objects, 0(0B) LOS objects, 24% free, 48MB/64MB, paused 1.317ms total 33.477ms
08-05 04:00:57.844 24383 25881 I art     : Starting a blocking GC Explicit
08-05 04:00:57.876 24383 25881 I art     : Explicit concurrent mark sweep GC freed 3(96B) AllocSpace objects, 0(0B) LOS objects, 24% free, 48MB/64MB, paused 1.273ms total 32.037ms
08-05 04:00:57.886 24383 25881 I art     : Starting a blocking GC Explicit
08-05 04:00:57.918 24383 25881 I art     : Explicit concurrent mark sweep GC freed 3(96B) AllocSpace objects, 0(0B) LOS objects, 24% free, 48MB/64MB, paused 1.290ms total 31.845ms
08-05 04:00:57.927 24383 25881 I art     : Starting a blocking GC Explicit
08-05 04:00:57.959 24383 25881 I art     : Explicit concurrent mark sweep GC freed 3(96B) AllocSpace objects, 0(0B) LOS objects, 24% free, 48MB/64MB, paused 1.297ms total 31.836ms
08-05 04:00:58.258 28211 28211 D AndroidRuntime: >>>>>> START com.android.internal.os.RuntimeInit uid 2000 <<<<<<
08-05 04:00:58.263 28211 28211 D AndroidRuntime: CheckJNI is OFF
08-05 04:00:58.295 24383 24404 I art     : Starting a blocking GC Explicit
08-05 04:00:58.298 28211 28211 D ICU     : No timezone override file found: /data/misc/zoneinfo/current/icu/icu_tzdata.dat
08-05 04:00:58.331 28211 28211 I Radio-JNI: register_android_hardware_Radio DONE
08-05 04:00:58.351 28211 28211 D AndroidRuntime: Calling main entry com.android.commands.am.Am
08-05 04:00:58.358 24044 24044 I Trepn   : Trepn 6.2s: Received intent: com.quicinc.trepn.stop_profiling
08-05 04:00:58.361 24383 24404 I art     : Explicit concurrent mark sweep GC freed 1406(83KB) AllocSpace objects, 1(20KB) LOS objects, 24% free, 48MB/64MB, paused 2.073ms total 65.340ms
08-05 04:00:58.374 24383 24404 I art     : Starting a blocking GC Explicit
08-05 04:00:58.383 24044 24044 I Trepn   : Trepn 6.2s: Trepn has Stopped Profiling.
08-05 04:00:58.404 24383 24404 I art     : Explicit concurrent mark sweep GC freed 28(912B) AllocSpace objects, 0(0B) LOS objects, 24% free, 48MB/64MB, paused 1.114ms total 29.760ms
08-05 04:00:58.413 24383 24404 I art     : Starting a blocking GC Explicit
08-05 04:00:58.442 24383 24404 I art     : Explicit concurrent mark sweep GC freed 4(128B) AllocSpace objects, 0(0B) LOS objects, 24% free, 48MB/64MB, paused 1.049ms total 28.748ms
08-05 04:00:58.452 24383 24404 I art     : Starting a blocking GC Explicit
08-05 04:00:58.480 24383 24404 I art     : Explicit concurrent mark sweep GC freed 3(96B) AllocSpace objects, 0(0B) LOS objects, 24% free, 48MB/64MB, paused 1.110ms total 28.633ms
08-05 04:00:58.490 24383 24404 I art     : Starting a blocking GC Explicit
08-05 04:00:58.497 28211 28211 D AndroidRuntime: Shutting down VM
08-05 04:00:58.501   918  5481 W AppOps  : Finishing op nesting under-run: uid 10078 pkg com.quicinc.trepn code 24 time=0 duration=0 nesting=0
08-05 04:00:58.519 24383 24404 I art     : Explicit concurrent mark sweep GC freed 31(848B) AllocSpace objects, 0(0B) LOS objects, 24% free, 48MB/64MB, paused 1.095ms total 28.607ms
08-05 04:00:58.843 24383 24403 I art     : Starting a blocking GC Explicit
08-05 04:00:58.877 24383 24403 I art     : Explicit concurrent mark sweep GC freed 1384(81KB) AllocSpace objects, 1(20KB) LOS objects, 24% free, 48MB/64MB, paused 1.288ms total 34.247ms
08-05 04:00:58.888 24383 24403 I art     : Starting a blocking GC Explicit
08-05 04:00:58.920 24383 24403 I art     : Explicit concurrent mark sweep GC freed 23(752B) AllocSpace objects, 0(0B) LOS objects, 24% free, 48MB/64MB, paused 1.128ms total 31.930ms
08-05 04:00:58.930 24383 24403 I art     : Starting a blocking GC Explicit
08-05 04:00:58.962 24383 24403 I art     : Explicit concurrent mark sweep GC freed 3(96B) AllocSpace objects, 0(0B) LOS objects, 24% free, 48MB/64MB, paused 1.146ms total 31.566ms
08-05 04:00:58.972 24383 24403 I art     : Starting a blocking GC Explicit
08-05 04:00:59.004 24383 24403 I art     : Explicit concurrent mark sweep GC freed 3(96B) AllocSpace objects, 0(0B) LOS objects, 24% free, 48MB/64MB, paused 1.124ms total 31.653ms
08-05 04:00:59.013 24383 24403 I art     : Starting a blocking GC Explicit
08-05 04:00:59.045 24383 24403 I art     : Explicit concurrent mark sweep GC freed 3(96B) AllocSpace objects, 0(0B) LOS objects, 24% free, 48MB/64MB, paused 1.149ms total 31.671ms
