08-05 13:37:43.482  2324  2344 I NAPPA_EXPERIMENTATION: MetricNetworkRequestExecutionTime: REQUEST_DURATION_SYSTEM='44',REQUEST_DURATION_OKHTTP='37',REQUEST_SYNCHRONOUS='TRUE',RESPONSE_CODE='200',RESPONSE_METHOD='GET',RESPONSE_LENGTH_OKHTTP='-1',RESPONSE_LENGTH_HEADER='307892',REQUEST_PROTOCOL='http/1.1',REQUEST_URL='http://joeroganexp.joerogan.libsynpro.com/rss',
08-05 13:37:43.482  2324  2344 D HttpDownloader: Response code is 200
08-05 13:37:43.482  2324  2344 D UserPreferences: Using default data folder
08-05 13:37:43.482  2324  2336 I art     : Explicit concurrent mark sweep GC freed 503(22KB) AllocSpace objects, 0(0B) LOS objects, 36% free, 28MB/44MB, paused 909us total 25.271ms
08-05 13:37:43.483  2324  2344 D HttpDownloader: Getting size of download
08-05 13:37:43.483  2324  2344 D HttpDownloader: Size is -1
08-05 13:37:43.483  2324  2344 D UserPreferences: Using default data folder
08-05 13:37:43.484  2324  2344 D HttpDownloader: Free space is 20218998784
08-05 13:37:43.484  2324  2344 D HttpDownloader: Starting download
08-05 13:37:43.491  2324  2336 I art     : Starting a blocking GC Explicit
08-05 13:37:43.502 13866 13866 I GoogleInputMethodServic: GoogleInputMethodService.onFinishInput():3138 
08-05 13:37:43.503 13866 13866 I GoogleInputMethodServic: GoogleInputMethodService.onStartInput():1808 
08-05 13:37:43.517  2324  2336 I art     : Explicit concurrent mark sweep GC freed 302(20KB) AllocSpace objects, 0(0B) LOS objects, 35% free, 28MB/44MB, paused 884us total 25.175ms
08-05 13:37:43.519   512  2967 D audio_hw_primary: disable_audio_route: reset and update mixer path: low-latency-playback speaker
08-05 13:37:43.520   512  2967 D audio_hw_primary: disable_snd_device: snd_device(2: speaker)
08-05 13:37:43.526  2324  2336 I art     : Starting a blocking GC Explicit
08-05 13:37:43.528   918   936 I ActivityManager: Displayed baseline.de.danoeh.antennapod.debug/baseline.de.danoeh.antennapod.activity.OnlineFeedViewActivity: +127ms
08-05 13:37:43.529   512  2967 I soundtrigger: audio_extn_sound_trigger_update_device_status: device 0x2 of type 0 for Event 0
08-05 13:37:43.552  2324  2336 I art     : Explicit concurrent mark sweep GC freed 32(1408B) AllocSpace objects, 0(0B) LOS objects, 35% free, 28MB/44MB, paused 896us total 26.007ms
08-05 13:37:43.556  2324  2345 D OpenGLRenderer: endAllStagingAnimators on 0x7f7ed24000 (GridView) with handle 0x7f7948b8e0
08-05 13:37:43.561  2324  2336 I art     : Starting a blocking GC Explicit
08-05 13:37:43.571  2324  2344 D HttpDownloader: Download was successful
08-05 13:37:43.571   918  3670 D WifiService: releaseWifiLockLocked: WifiLock{Downloader type=1 binder=android.os.BinderProxy@ecdfb14}
08-05 13:37:43.572  2324  2324 D OnlineFeedViewActivity: Parsing feed
08-05 13:37:43.575  2324  4011 D TypeGetter: Recognized type RSS 2.0
08-05 13:37:43.577  2324  4011 D SyndHandler: Recognized Atom namespace
08-05 13:37:43.577  2324  4011 D SyndHandler: Recognized ITunes namespace
08-05 13:37:43.577  2324  4011 D SyndHandler: Recognized media namespace
08-05 13:37:43.577  2324  4011 D SyndHandler: Recognized Content namespace
08-05 13:37:43.587  2324  2336 I art     : Explicit concurrent mark sweep GC freed 459(134KB) AllocSpace objects, 3(60KB) LOS objects, 35% free, 28MB/44MB, paused 954us total 24.821ms
08-05 13:37:43.771   380   380 W SurfaceFlinger: couldn't log to binary event log: overflow.
08-05 13:37:43.863  2324  2404 I art     : Starting a blocking GC Explicit
08-05 13:37:43.874  2324  2324 D PlaybackController: Releasing PlaybackController
08-05 13:37:43.898  2324  2404 I art     : Explicit concurrent mark sweep GC freed 21254(1185KB) AllocSpace objects, 1(20KB) LOS objects, 35% free, 29MB/45MB, paused 1.164ms total 34.212ms
08-05 13:37:43.910  2324  2404 I art     : Starting a blocking GC Explicit
08-05 13:37:43.937  2324  2404 I art     : Explicit concurrent mark sweep GC freed 5350(255KB) AllocSpace objects, 0(0B) LOS objects, 35% free, 29MB/45MB, paused 1.290ms total 27.494ms
08-05 13:37:43.946  2324  2404 I art     : Starting a blocking GC Explicit
08-05 13:37:43.973  2324  2404 I art     : Explicit concurrent mark sweep GC freed 5937(286KB) AllocSpace objects, 0(0B) LOS objects, 35% free, 29MB/45MB, paused 1.080ms total 26.231ms
08-05 13:37:43.981  2324  2404 I art     : Starting a blocking GC Explicit
08-05 13:37:44.008  2324  2404 I art     : Explicit concurrent mark sweep GC freed 2888(145KB) AllocSpace objects, 0(0B) LOS objects, 35% free, 29MB/45MB, paused 1.131ms total 26.290ms
08-05 13:37:44.017  2324  2404 I art     : Starting a blocking GC Explicit
08-05 13:37:44.043  2324  2404 I art     : Explicit concurrent mark sweep GC freed 2771(142KB) AllocSpace objects, 0(0B) LOS objects, 35% free, 29MB/45MB, paused 1.106ms total 26.167ms
08-05 13:37:44.320  2324  2336 I art     : Starting a blocking GC Explicit
08-05 13:37:44.357  2324  2336 I art     : Explicit concurrent mark sweep GC freed 23873(1263KB) AllocSpace objects, 1(20KB) LOS objects, 34% free, 29MB/45MB, paused 1.271ms total 36.226ms
08-05 13:37:44.368  2324  2336 I art     : Starting a blocking GC Explicit
08-05 13:37:44.398  2324  2336 I art     : Explicit concurrent mark sweep GC freed 4712(239KB) AllocSpace objects, 0(0B) LOS objects, 34% free, 29MB/45MB, paused 1.395ms total 29.546ms
08-05 13:37:44.407  2324  2336 I art     : Starting a blocking GC Explicit
08-05 13:37:44.435  2324  2336 I art     : Explicit concurrent mark sweep GC freed 7804(367KB) AllocSpace objects, 0(0B) LOS objects, 35% free, 29MB/45MB, paused 1.159ms total 28.061ms
08-05 13:37:44.445  2324  2336 I art     : Starting a blocking GC Explicit
08-05 13:37:44.474  2324  2336 I art     : Explicit concurrent mark sweep GC freed 2994(150KB) AllocSpace objects, 0(0B) LOS objects, 35% free, 29MB/45MB, paused 1.050ms total 28.645ms
08-05 13:37:44.483  2324  2336 I art     : Starting a blocking GC Explicit
08-05 13:37:44.512  2324  2336 I art     : Explicit concurrent mark sweep GC freed 3027(157KB) AllocSpace objects, 0(0B) LOS objects, 35% free, 29MB/45MB, paused 1.058ms total 28.430ms
08-05 13:37:44.815  2324  2336 I art     : Starting a blocking GC Explicit
08-05 13:37:44.897  2324  2336 I art     : Explicit concurrent mark sweep GC freed 28398(1544KB) AllocSpace objects, 1(20KB) LOS objects, 34% free, 30MB/46MB, paused 2.013ms total 81.897ms
08-05 13:37:44.909  2324  2336 I art     : Starting a blocking GC Explicit
08-05 13:37:44.941  2324  2336 I art     : Explicit concurrent mark sweep GC freed 9363(460KB) AllocSpace objects, 0(0B) LOS objects, 34% free, 30MB/46MB, paused 1.827ms total 32.458ms
08-05 13:37:44.951  2324  2336 I art     : Starting a blocking GC Explicit
08-05 13:37:44.982  2324  2336 I art     : Explicit concurrent mark sweep GC freed 5750(287KB) AllocSpace objects, 0(0B) LOS objects, 34% free, 30MB/46MB, paused 1.187ms total 30.099ms
08-05 13:37:44.992  2324  2336 I art     : Starting a blocking GC Explicit
08-05 13:37:45.023  2324  2336 I art     : Explicit concurrent mark sweep GC freed 3242(171KB) AllocSpace objects, 0(0B) LOS objects, 34% free, 30MB/46MB, paused 1.161ms total 30.879ms
08-05 13:37:45.033  2324  2336 I art     : Starting a blocking GC Explicit
08-05 13:37:45.064  2324  2336 I art     : Explicit concurrent mark sweep GC freed 3174(168KB) AllocSpace objects, 0(0B) LOS objects, 34% free, 30MB/46MB, paused 1.105ms total 30.805ms
08-05 13:37:45.381  2324  2336 I art     : Starting a blocking GC Explicit
08-05 13:37:45.423  2324  2336 I art     : Explicit concurrent mark sweep GC freed 26782(1458KB) AllocSpace objects, 1(20KB) LOS objects, 33% free, 31MB/47MB, paused 1.415ms total 41.355ms
08-05 13:37:45.435  2324  2336 I art     : Starting a blocking GC Explicit
08-05 13:37:45.468  2324  2336 I art     : Explicit concurrent mark sweep GC freed 9585(457KB) AllocSpace objects, 0(0B) LOS objects, 33% free, 31MB/47MB, paused 1.426ms total 33.407ms
08-05 13:37:45.479  2324  2336 I art     : Starting a blocking GC Explicit
08-05 13:37:45.511  2324  2336 I art     : Explicit concurrent mark sweep GC freed 4906(244KB) AllocSpace objects, 0(0B) LOS objects, 33% free, 31MB/47MB, paused 1.115ms total 31.699ms
08-05 13:37:45.522  2324  2336 I art     : Starting a blocking GC Explicit
08-05 13:37:45.554  2324  2336 I art     : Explicit concurrent mark sweep GC freed 3397(220KB) AllocSpace objects, 0(0B) LOS objects, 33% free, 31MB/47MB, paused 1.215ms total 32.311ms
08-05 13:37:45.565  2324  2336 I art     : Starting a blocking GC Explicit
08-05 13:37:45.597  2324  2336 I art     : Explicit concurrent mark sweep GC freed 3437(177KB) AllocSpace objects, 0(0B) LOS objects, 33% free, 31MB/47MB, paused 1.288ms total 31.943ms
08-05 13:37:45.901  2324  2904 I art     : Starting a blocking GC Explicit
08-05 13:37:45.945  2324  2904 I art     : Explicit concurrent mark sweep GC freed 26723(1188KB) AllocSpace objects, 1(20KB) LOS objects, 33% free, 31MB/47MB, paused 1.725ms total 43.447ms
08-05 13:37:45.957  2324  2904 I art     : Starting a blocking GC Explicit
08-05 13:37:45.971  2324  4011 D OnlineFeedViewActivity: Deleted feed source file. Result: true
08-05 13:37:45.974  2324  2324 D OnlineFeedViewActivity: Removing HTML from shownotes
08-05 13:37:45.996  2324  2904 I art     : Explicit concurrent mark sweep GC freed 19352(1382KB) AllocSpace objects, 58(3MB) LOS objects, 32% free, 32MB/48MB, paused 1.354ms total 38.391ms
08-05 13:37:46.007  2324  2904 I art     : Starting a blocking GC Explicit
08-05 13:37:46.045  2324  2904 I art     : Explicit concurrent mark sweep GC freed 45634(3MB) AllocSpace objects, 177(11MB) LOS objects, 32% free, 33MB/49MB, paused 1.162ms total 38.383ms
08-05 13:37:46.057  2324  2904 I art     : Starting a blocking GC Explicit
08-05 13:37:46.096  2324  2904 I art     : Explicit concurrent mark sweep GC freed 45873(3MB) AllocSpace objects, 207(13MB) LOS objects, 32% free, 33MB/49MB, paused 1.153ms total 39.739ms
08-05 13:37:46.108  2324  2904 I art     : Starting a blocking GC Explicit
08-05 13:37:46.149  2324  2904 I art     : Explicit concurrent mark sweep GC freed 47719(3MB) AllocSpace objects, 213(14MB) LOS objects, 32% free, 33MB/49MB, paused 1.133ms total 41.400ms
08-05 13:37:46.457  2324  2904 I art     : Starting a blocking GC Explicit
08-05 13:37:46.500  2324  2904 I art     : Explicit concurrent mark sweep GC freed 28718(3MB) AllocSpace objects, 187(12MB) LOS objects, 33% free, 31MB/47MB, paused 897us total 42.820ms
08-05 13:37:46.512  2324  2904 I art     : Starting a blocking GC Explicit
08-05 13:37:46.549  2324  2904 I art     : Explicit concurrent mark sweep GC freed 549(26KB) AllocSpace objects, 1(112KB) LOS objects, 33% free, 31MB/47MB, paused 859us total 36.172ms
08-05 13:37:46.561  2324  2904 I art     : Starting a blocking GC Explicit
08-05 13:37:46.600  2324  2904 I art     : Explicit concurrent mark sweep GC freed 3(96B) AllocSpace objects, 0(0B) LOS objects, 33% free, 31MB/47MB, paused 873us total 38.303ms
08-05 13:37:46.612  2324  2904 I art     : Starting a blocking GC Explicit
08-05 13:37:46.651  2324  2904 I art     : Explicit concurrent mark sweep GC freed 3(96B) AllocSpace objects, 0(0B) LOS objects, 33% free, 31MB/47MB, paused 841us total 38.356ms
08-05 13:37:46.663  2324  2904 I art     : Starting a blocking GC Explicit
08-05 13:37:46.702  2324  2904 I art     : Explicit concurrent mark sweep GC freed 3(96B) AllocSpace objects, 0(0B) LOS objects, 33% free, 31MB/47MB, paused 874us total 39.115ms
08-05 13:37:47.024  2324  2404 I art     : Starting a blocking GC Explicit
08-05 13:37:47.080  2324  2404 I art     : Explicit concurrent mark sweep GC freed 1374(82KB) AllocSpace objects, 1(20KB) LOS objects, 33% free, 31MB/47MB, paused 974us total 55.622ms
08-05 13:37:47.096  2324  2404 I art     : Starting a blocking GC Explicit
08-05 13:37:47.105 32409 32409 I ServiceManager: Waiting for service AtCmdFwd...
08-05 13:37:47.133  2324  2404 I art     : Explicit concurrent mark sweep GC freed 23(752B) AllocSpace objects, 0(0B) LOS objects, 33% free, 31MB/47MB, paused 800us total 36.770ms
08-05 13:37:47.145  2324  2404 I art     : Starting a blocking GC Explicit
08-05 13:37:47.181  2324  2404 I art     : Explicit concurrent mark sweep GC freed 3(96B) AllocSpace objects, 0(0B) LOS objects, 33% free, 31MB/47MB, paused 883us total 35.596ms
08-05 13:37:47.193  2324  2404 I art     : Starting a blocking GC Explicit
08-05 13:37:47.229  2324  2404 I art     : Explicit concurrent mark sweep GC freed 3(96B) AllocSpace objects, 0(0B) LOS objects, 33% free, 31MB/47MB, paused 887us total 36.095ms
08-05 13:37:47.241  2324  2404 I art     : Starting a blocking GC Explicit
08-05 13:37:47.278  2324  2404 I art     : Explicit concurrent mark sweep GC freed 3(96B) AllocSpace objects, 0(0B) LOS objects, 33% free, 31MB/47MB, paused 885us total 37.007ms
08-05 13:37:47.548  4083  4083 D AndroidRuntime: >>>>>> START com.android.internal.os.RuntimeInit uid 2000 <<<<<<
08-05 13:37:47.553  4083  4083 D AndroidRuntime: CheckJNI is OFF
08-05 13:37:47.585  2324  2336 I art     : Starting a blocking GC Explicit
08-05 13:37:47.587  4083  4083 D ICU     : No timezone override file found: /data/misc/zoneinfo/current/icu/icu_tzdata.dat
08-05 13:37:47.623  4083  4083 I Radio-JNI: register_android_hardware_Radio DONE
08-05 13:37:47.623  2324  2336 I art     : Explicit concurrent mark sweep GC freed 1401(81KB) AllocSpace objects, 1(20KB) LOS objects, 33% free, 31MB/47MB, paused 935us total 38.587ms
08-05 13:37:47.635  2324  2336 I art     : Starting a blocking GC Explicit
08-05 13:37:47.646  4083  4083 D AndroidRuntime: Calling main entry com.android.commands.input.Input
08-05 13:37:47.648  4083  4083 I Input   : injectKeyEvent: KeyEvent { action=ACTION_DOWN, keyCode=KEYCODE_BACK, scanCode=0, metaState=0, flags=0x0, repeatCount=0, eventTime=797884061, downTime=797884061, deviceId=-1, source=0x101 }
08-05 13:37:47.654  4083  4083 I Input   : injectKeyEvent: KeyEvent { action=ACTION_UP, keyCode=KEYCODE_BACK, scanCode=0, metaState=0, flags=0x0, repeatCount=0, eventTime=797884061, downTime=797884061, deviceId=-1, source=0x101 }
08-05 13:37:47.660  4083  4083 D AndroidRuntime: Shutting down VM
08-05 13:37:47.665  2324  2324 V PlaybackController: initServiceNotRunning()
08-05 13:37:47.665  2324  2324 D ExternalPlayerFragment: Loading media info
08-05 13:37:47.669  2324  2324 D UserPreferences: Using default data folder
08-05 13:37:47.669  2324  2344 D DBReader: getNavDrawerData() called with: 
08-05 13:37:47.672  2324  2336 I art     : Explicit concurrent mark sweep GC freed 220(13KB) AllocSpace objects, 0(0B) LOS objects, 33% free, 31MB/47MB, paused 1.313ms total 36.050ms
08-05 13:37:47.680  2324  2344 D DBReader: getDownloadedItems() called
08-05 13:37:47.681  2324  2344 D DBReader: getFavoriteIDList() called
08-05 13:37:47.682  2324  2344 D DBReader: getQueueIDList() called
08-05 13:37:47.683  2324  2344 D DBReader: Extracting Feedlist
08-05 13:37:47.683  2324  2336 I art     : Starting a blocking GC Explicit
08-05 13:37:47.705  2324  2324 D MainActivity: getLastNavFragment() -> AddFeedFragment
08-05 13:37:47.705 13866 13866 I GoogleInputMethodServic: GoogleInputMethodService.onFinishInput():3138 
08-05 13:37:47.706 13866 13866 I GoogleInputMethodServic: GoogleInputMethodService.onStartInput():1808 
08-05 13:37:47.717  2324  2336 I art     : Explicit concurrent mark sweep GC freed 618(41KB) AllocSpace objects, 0(0B) LOS objects, 33% free, 31MB/47MB, paused 1.196ms total 33.855ms
08-05 13:37:47.728  2324  2336 I art     : Starting a blocking GC Explicit
08-05 13:37:47.761  2324  2336 I art     : Explicit concurrent mark sweep GC freed 503(27KB) AllocSpace objects, 0(0B) LOS objects, 33% free, 31MB/47MB, paused 774us total 33.268ms
08-05 13:37:47.772  2324  2336 I art     : Starting a blocking GC Explicit
08-05 13:37:47.804  2324  2336 I art     : Explicit concurrent mark sweep GC freed 229(13KB) AllocSpace objects, 0(0B) LOS objects, 33% free, 31MB/47MB, paused 844us total 31.688ms
08-05 13:37:48.009   380   380 W SurfaceFlinger: couldn't log to binary event log: overflow.
08-05 13:37:48.071  2324  2337 I art     : Starting a blocking GC Explicit
08-05 13:37:48.105 32409 32409 I ServiceManager: Waiting for service AtCmdFwd...
08-05 13:37:48.108  2324  2337 I art     : Explicit concurrent mark sweep GC freed 1970(105KB) AllocSpace objects, 1(20KB) LOS objects, 33% free, 31MB/47MB, paused 952us total 37.461ms
08-05 13:37:48.120  2324  2337 I art     : Starting a blocking GC Explicit
08-05 13:37:48.153  2324  2337 I art     : Explicit concurrent mark sweep GC freed 33285(3MB) AllocSpace objects, 1(28KB) LOS objects, 36% free, 28MB/44MB, paused 966us total 32.109ms
08-05 13:37:48.162  2324  2337 I art     : Starting a blocking GC Explicit
08-05 13:37:48.190  2324  2337 I art     : Explicit concurrent mark sweep GC freed 3(96B) AllocSpace objects, 0(0B) LOS objects, 36% free, 28MB/44MB, paused 865us total 27.524ms
08-05 13:37:48.200  2324  2337 I art     : Starting a blocking GC Explicit
08-05 13:37:48.226  2324  2337 I art     : Explicit concurrent mark sweep GC freed 3(96B) AllocSpace objects, 0(0B) LOS objects, 36% free, 28MB/44MB, paused 849us total 26.631ms
08-05 13:37:48.236  2324  2337 I art     : Starting a blocking GC Explicit
08-05 13:37:48.262  2324  2337 I art     : Explicit concurrent mark sweep GC freed 3(96B) AllocSpace objects, 0(0B) LOS objects, 36% free, 28MB/44MB, paused 859us total 26.436ms
08-05 13:37:48.565  2324  2904 I art     : Starting a blocking GC Explicit
08-05 13:37:48.600  2324  2904 I art     : Explicit concurrent mark sweep GC freed 1403(83KB) AllocSpace objects, 1(20KB) LOS objects, 36% free, 28MB/44MB, paused 939us total 34.817ms
08-05 13:37:48.613  2324  2904 I art     : Starting a blocking GC Explicit
08-05 13:37:48.642  2324  2904 I art     : Explicit concurrent mark sweep GC freed 23(752B) AllocSpace objects, 0(0B) LOS objects, 36% free, 28MB/44MB, paused 869us total 28.581ms
08-05 13:37:48.652  2324  2904 I art     : Starting a blocking GC Explicit
08-05 13:37:48.679  2324  2904 I art     : Explicit concurrent mark sweep GC freed 3(96B) AllocSpace objects, 0(0B) LOS objects, 36% free, 28MB/44MB, paused 902us total 26.973ms
08-05 13:37:48.688  2324  2904 I art     : Starting a blocking GC Explicit
08-05 13:37:48.716  2324  2904 I art     : Explicit concurrent mark sweep GC freed 3(96B) AllocSpace objects, 0(0B) LOS objects, 36% free, 28MB/44MB, paused 864us total 27.229ms
08-05 13:37:48.725  2324  2904 I art     : Starting a blocking GC Explicit
08-05 13:37:48.752  2324  2904 I art     : Explicit concurrent mark sweep GC freed 3(96B) AllocSpace objects, 0(0B) LOS objects, 36% free, 28MB/44MB, paused 858us total 27.010ms
08-05 13:37:49.023  2324  2404 I art     : Starting a blocking GC Explicit
08-05 13:37:49.050  2324  2404 I art     : Explicit concurrent mark sweep GC freed 1373(80KB) AllocSpace objects, 1(20KB) LOS objects, 36% free, 28MB/44MB, paused 837us total 27.511ms
08-05 13:37:49.060  2324  2404 I art     : Starting a blocking GC Explicit
08-05 13:37:49.087  2324  2404 I art     : Explicit concurrent mark sweep GC freed 23(752B) AllocSpace objects, 0(0B) LOS objects, 36% free, 28MB/44MB, paused 959us total 27.061ms
08-05 13:37:49.097  2324  2404 I art     : Starting a blocking GC Explicit
08-05 13:37:49.106 32409 32409 I ServiceManager: Waiting for service AtCmdFwd...
08-05 13:37:49.123  2324  2404 I art     : Explicit concurrent mark sweep GC freed 3(96B) AllocSpace objects, 0(0B) LOS objects, 36% free, 28MB/44MB, paused 859us total 25.802ms
08-05 13:37:49.132  2324  2404 I art     : Starting a blocking GC Explicit
08-05 13:37:49.158  2324  2404 I art     : Explicit concurrent mark sweep GC freed 3(96B) AllocSpace objects, 0(0B) LOS objects, 36% free, 28MB/44MB, paused 891us total 26.012ms
08-05 13:37:49.167  2324  2404 I art     : Starting a blocking GC Explicit
08-05 13:37:49.193  2324  2404 I art     : Explicit concurrent mark sweep GC freed 3(96B) AllocSpace objects, 0(0B) LOS objects, 36% free, 28MB/44MB, paused 855us total 25.477ms
08-05 13:37:49.326  4129  4129 D AndroidRuntime: >>>>>> START com.android.internal.os.RuntimeInit uid 2000 <<<<<<
08-05 13:37:49.331  4129  4129 D AndroidRuntime: CheckJNI is OFF
08-05 13:37:49.365  4129  4129 D ICU     : No timezone override file found: /data/misc/zoneinfo/current/icu/icu_tzdata.dat
08-05 13:37:49.398  4129  4129 I Radio-JNI: register_android_hardware_Radio DONE
08-05 13:37:49.419  4129  4129 D AndroidRuntime: Calling main entry com.android.commands.input.Input
08-05 13:37:49.421  4129  4129 I Input   : injectMotionEvent: MotionEvent { action=ACTION_DOWN, actionButton=0, id[0]=0, x[0]=616.0, y[0]=469.0, toolType[0]=TOOL_TYPE_UNKNOWN, buttonState=0, metaState=0, flags=0x0, edgeFlags=0x0, pointerCount=1, historySize=0, eventTime=797885833, downTime=797885833, deviceId=0, source=0x1002 }
08-05 13:37:49.425  4129  4129 I Input   : injectMotionEvent: MotionEvent { action=ACTION_UP, actionButton=0, id[0]=0, x[0]=616.0, y[0]=469.0, toolType[0]=TOOL_TYPE_UNKNOWN, buttonState=0, metaState=0, flags=0x0, edgeFlags=0x0, pointerCount=1, historySize=0, eventTime=797885833, downTime=797885833, deviceId=0, source=0x1002 }
08-05 13:37:49.426  4129  4129 D AndroidRuntime: Shutting down VM
08-05 13:37:49.494  2324  2336 I art     : Starting a blocking GC Explicit
08-05 13:37:49.496   512  2967 D audio_hw_primary: out_set_parameters: enter: usecase(1: low-latency-playback) kvpairs: routing=2
08-05 13:37:49.509   512  2967 D audio_hw_primary: select_devices: out_snd_device(2: speaker) in_snd_device(0: none)
08-05 13:37:49.509   512  2967 D msm8974_platform: platform_send_audio_calibration: sending audio calibration for snd_device(2) acdb_id(15)
08-05 13:37:49.509   512  2967 I soundtrigger: audio_extn_sound_trigger_update_device_status: device 0x2 of type 0 for Event 1
08-05 13:37:49.515 13866 13866 I GoogleInputMethodServic: GoogleInputMethodService.onFinishInput():3138 
08-05 13:37:49.516 13866 13866 I GoogleInputMethodServic: GoogleInputMethodService.onStartInput():1808 
08-05 13:37:49.518   512  2967 D audio_hw_primary: enable_snd_device: snd_device(2: speaker)
08-05 13:37:49.519  2324  2336 I art     : Explicit concurrent mark sweep GC freed 1659(92KB) AllocSpace objects, 1(20KB) LOS objects, 36% free, 28MB/44MB, paused 1.013ms total 25.037ms
08-05 13:37:49.521   512  2967 D audio_hw_primary: enable_audio_route: apply and update mixer path: low-latency-playback speaker
08-05 13:37:49.528  2324  2336 I art     : Starting a blocking GC Explicit
08-05 13:37:49.552  2324  2336 I art     : Explicit concurrent mark sweep GC freed 57(2160B) AllocSpace objects, 0(0B) LOS objects, 36% free, 28MB/44MB, paused 819us total 24.138ms
08-05 13:37:49.562  2324  2336 I art     : Starting a blocking GC Explicit
08-05 13:37:49.587  2324  2336 I art     : Explicit concurrent mark sweep GC freed 15(544B) AllocSpace objects, 0(0B) LOS objects, 36% free, 28MB/44MB, paused 869us total 24.622ms
08-05 13:37:49.596  2324  2336 I art     : Starting a blocking GC Explicit
08-05 13:37:49.621  2324  2336 I art     : Explicit concurrent mark sweep GC freed 13(480B) AllocSpace objects, 0(0B) LOS objects, 36% free, 28MB/44MB, paused 883us total 24.961ms
08-05 13:37:49.631  2324  2336 I art     : Starting a blocking GC Explicit
08-05 13:37:49.656  2324  2336 I art     : Explicit concurrent mark sweep GC freed 13(480B) AllocSpace objects, 0(0B) LOS objects, 36% free, 28MB/44MB, paused 911us total 25.535ms
08-05 13:37:49.724  2324  2893 I NAPPA_EXPERIMENTATION: MetricNetworkRequestExecutionTime: REQUEST_DURATION_SYSTEM='229',REQUEST_DURATION_OKHTTP='227',REQUEST_SYNCHRONOUS='TRUE',RESPONSE_CODE='200',RESPONSE_METHOD='GET',RESPONSE_LENGTH_OKHTTP='-1',RESPONSE_LENGTH_HEADER='628',REQUEST_PROTOCOL='h2',REQUEST_URL='https://itunes.apple.com/lookup?id=1524080195',
08-05 13:37:49.745   918  3359 I ActivityManager: START u0 {cmp=baseline.de.danoeh.antennapod.debug/baseline.de.danoeh.antennapod.activity.OnlineFeedViewActivity (has extras)} from uid 10695 on display 0
08-05 13:37:49.770 13866 13866 I GoogleInputMethodServic: GoogleInputMethodService.onFinishInput():3138 
08-05 13:37:49.770 13866 13866 I GoogleInputMethodServic: GoogleInputMethodService.onStartInput():1808 
08-05 13:37:49.790  2324  2324 D UserPreferences: Using default data folder
08-05 13:37:49.790  2324  2324 D OnlineFeedViewActivity: Activity was started with url https://rss.art19.com/nice-white-parents
08-05 13:37:49.792  2324  2324 D OnlineFeedViewActivity: Starting feed download
08-05 13:37:49.794  2324  2350 D DBReader: Extracting Feedlist
08-05 13:37:49.796   918  5481 D WifiService: acquireWifiLockLocked: WifiLock{Downloader type=1 binder=android.os.BinderProxy@5b9c9e5}
08-05 13:37:49.796  2324  2350 D AntennapodHttpClient: Creating new instance of HTTP client
08-05 13:37:49.856 13866 13866 I GoogleInputMethodServic: GoogleInputMethodService.onFinishInput():3138 
08-05 13:37:49.857 13866 13866 I GoogleInputMethodServic: GoogleInputMethodService.onStartInput():1808 
08-05 13:37:49.874   918   936 I ActivityManager: Displayed baseline.de.danoeh.antennapod.debug/baseline.de.danoeh.antennapod.activity.OnlineFeedViewActivity: +104ms
08-05 13:37:49.904  2324  2404 I art     : Starting a blocking GC Explicit
08-05 13:37:49.937  2324  2404 I art     : Explicit concurrent mark sweep GC freed 7066(403KB) AllocSpace objects, 4(220KB) LOS objects, 35% free, 28MB/44MB, paused 977us total 32.564ms
08-05 13:37:49.946  2324  2404 I art     : Starting a blocking GC Explicit
08-05 13:37:49.972  2324  2404 I art     : Explicit concurrent mark sweep GC freed 2341(173KB) AllocSpace objects, 0(0B) LOS objects, 35% free, 28MB/44MB, paused 877us total 25.858ms
08-05 13:37:49.982  2324  2404 I art     : Starting a blocking GC Explicit
08-05 13:37:50.010  2324  2404 I art     : Explicit concurrent mark sweep GC freed 29(1344B) AllocSpace objects, 0(0B) LOS objects, 35% free, 28MB/44MB, paused 920us total 26.995ms
08-05 13:37:50.020  2324  2404 I art     : Starting a blocking GC Explicit
08-05 13:37:50.050  2324  2404 I art     : Explicit concurrent mark sweep GC freed 7(256B) AllocSpace objects, 0(0B) LOS objects, 35% free, 28MB/44MB, paused 950us total 30.190ms
08-05 13:37:50.059   512  2967 D audio_hw_primary: disable_audio_route: reset and update mixer path: low-latency-playback speaker
08-05 13:37:50.060   512  2967 D audio_hw_primary: disable_snd_device: snd_device(2: speaker)
08-05 13:37:50.060  2324  2404 I art     : Starting a blocking GC Explicit
08-05 13:37:50.070   512  2967 I soundtrigger: audio_extn_sound_trigger_update_device_status: device 0x2 of type 0 for Event 0
08-05 13:37:50.086  2324  2350 D MYTAG   : interceptor 3a https://rss.art19.com/nice-white-parents
08-05 13:37:50.086  2324  2350 I NAPPA_EXPERIMENTATION: MetricNetworkRequestExecutionTime: REQUEST_DURATION_SYSTEM='289',REQUEST_DURATION_OKHTTP='147',REQUEST_SYNCHRONOUS='TRUE',RESPONSE_CODE='200',RESPONSE_METHOD='GET',RESPONSE_LENGTH_OKHTTP='-1',RESPONSE_LENGTH_HEADER='1803',REQUEST_PROTOCOL='h2',REQUEST_URL='https://rss.art19.com/nice-white-parents',
08-05 13:37:50.086  2324  2350 D HttpDownloader: Response code is 200
08-05 13:37:50.086  2324  2350 D UserPreferences: Using default data folder
08-05 13:37:50.087  2324  2350 D HttpDownloader: Getting size of download
08-05 13:37:50.087  2324  2350 D HttpDownloader: Size is -1
08-05 13:37:50.087  2324  2350 D UserPreferences: Using default data folder
08-05 13:37:50.088  2324  2350 D HttpDownloader: Free space is 20218994688
08-05 13:37:50.088  2324  2350 D HttpDownloader: Starting download
08-05 13:37:50.093  2324  2404 I art     : Explicit concurrent mark sweep GC freed 277(20KB) AllocSpace objects, 0(0B) LOS objects, 35% free, 28MB/44MB, paused 1.003ms total 32.475ms
08-05 13:37:50.106 32409 32409 I ServiceManager: Waiting for service AtCmdFwd...
08-05 13:37:50.128   380   380 W SurfaceFlinger: couldn't log to binary event log: overflow.
08-05 13:37:50.130  2324  2350 D HttpDownloader: Download was successful
08-05 13:37:50.131   918  5481 D WifiService: releaseWifiLockLocked: WifiLock{Downloader type=1 binder=android.os.BinderProxy@5b9c9e5}
08-05 13:37:50.131  2324  2324 D OnlineFeedViewActivity: Parsing feed
08-05 13:37:50.135  2324  4179 D TypeGetter: Recognized type RSS 2.0
08-05 13:37:50.138  2324  4179 D SyndHandler: Recognized ITunes namespace
08-05 13:37:50.138  2324  4179 D SyndHandler: Recognized Atom namespace
08-05 13:37:50.138  2324  4179 D SyndHandler: Recognized Content namespace
08-05 13:37:50.145  2324  4179 D OnlineFeedViewActivity: Deleted feed source file. Result: true
08-05 13:37:50.145  2324  2324 D OnlineFeedViewActivity: Removing HTML from shownotes
08-05 13:37:50.253  2324  2324 D PlaybackController: Releasing PlaybackController
08-05 13:37:50.398  2324  2904 I art     : Starting a blocking GC Explicit
08-05 13:37:50.431  2324  2904 I art     : Explicit concurrent mark sweep GC freed 3469(360KB) AllocSpace objects, 5(148KB) LOS objects, 35% free, 28MB/44MB, paused 911us total 32.691ms
08-05 13:37:50.445  2324  2904 I art     : Starting a blocking GC Explicit
08-05 13:37:50.474  2324  2904 I art     : Explicit concurrent mark sweep GC freed 657(31KB) AllocSpace objects, 1(112KB) LOS objects, 35% free, 28MB/44MB, paused 894us total 28.249ms
08-05 13:37:50.483  2324  2904 I art     : Starting a blocking GC Explicit
08-05 13:37:50.512  2324  2904 I art     : Explicit concurrent mark sweep GC freed 3(96B) AllocSpace objects, 0(0B) LOS objects, 35% free, 28MB/44MB, paused 915us total 28.410ms
08-05 13:37:50.521  2324  2904 I art     : Starting a blocking GC Explicit
08-05 13:37:50.551  2324  2904 I art     : Explicit concurrent mark sweep GC freed 3(96B) AllocSpace objects, 0(0B) LOS objects, 35% free, 28MB/44MB, paused 958us total 29.125ms
08-05 13:37:50.560  2324  2904 I art     : Starting a blocking GC Explicit
08-05 13:37:50.590  2324  2904 I art     : Explicit concurrent mark sweep GC freed 3(96B) AllocSpace objects, 0(0B) LOS objects, 35% free, 28MB/44MB, paused 932us total 29.136ms
08-05 13:37:50.876  2324  2336 I art     : Starting a blocking GC Explicit
08-05 13:37:50.911  2324  2336 I art     : Explicit concurrent mark sweep GC freed 1372(80KB) AllocSpace objects, 1(20KB) LOS objects, 35% free, 28MB/44MB, paused 937us total 34.340ms
08-05 13:37:50.920  2324  2336 I art     : Starting a blocking GC Explicit
08-05 13:37:50.950  2324  2336 I art     : Explicit concurrent mark sweep GC freed 23(752B) AllocSpace objects, 0(0B) LOS objects, 35% free, 28MB/44MB, paused 921us total 29.343ms
08-05 13:37:50.960  2324  2336 I art     : Starting a blocking GC Explicit
08-05 13:37:50.989  2324  2336 I art     : Explicit concurrent mark sweep GC freed 3(96B) AllocSpace objects, 0(0B) LOS objects, 35% free, 28MB/44MB, paused 974us total 28.831ms
08-05 13:37:50.999  2324  2336 I art     : Starting a blocking GC Explicit
08-05 13:37:51.027  2324  2336 I art     : Explicit concurrent mark sweep GC freed 3(96B) AllocSpace objects, 0(0B) LOS objects, 35% free, 28MB/44MB, paused 972us total 28.170ms
08-05 13:37:51.036  2324  2336 I art     : Starting a blocking GC Explicit
08-05 13:37:51.065  2324  2336 I art     : Explicit concurrent mark sweep GC freed 3(96B) AllocSpace objects, 0(0B) LOS objects, 35% free, 28MB/44MB, paused 913us total 28.393ms
08-05 13:37:51.107 32409 32409 I ServiceManager: Waiting for service AtCmdFwd...
08-05 13:37:51.400  2324  2337 I art     : Starting a blocking GC Explicit
08-05 13:37:51.437  2324  2337 I art     : Explicit concurrent mark sweep GC freed 1401(81KB) AllocSpace objects, 1(20KB) LOS objects, 35% free, 28MB/44MB, paused 1.051ms total 36.610ms
08-05 13:37:51.449  2324  2337 I art     : Starting a blocking GC Explicit
08-05 13:37:51.478  2324  2337 I art     : Explicit concurrent mark sweep GC freed 23(752B) AllocSpace objects, 0(0B) LOS objects, 35% free, 28MB/44MB, paused 899us total 29.544ms
08-05 13:37:51.488  2324  2337 I art     : Starting a blocking GC Explicit
08-05 13:37:51.518  2324  2337 I art     : Explicit concurrent mark sweep GC freed 3(96B) AllocSpace objects, 0(0B) LOS objects, 35% free, 28MB/44MB, paused 978us total 29.640ms
08-05 13:37:51.528  2324  2337 I art     : Starting a blocking GC Explicit
08-05 13:37:51.557  2324  2337 I art     : Explicit concurrent mark sweep GC freed 3(96B) AllocSpace objects, 0(0B) LOS objects, 35% free, 28MB/44MB, paused 935us total 28.846ms
08-05 13:37:51.567  2324  2337 I art     : Starting a blocking GC Explicit
08-05 13:37:51.595  2324  2337 I art     : Explicit concurrent mark sweep GC freed 3(96B) AllocSpace objects, 0(0B) LOS objects, 35% free, 28MB/44MB, paused 917us total 28.023ms
08-05 13:37:51.916  2324  2904 I art     : Starting a blocking GC Explicit
08-05 13:37:51.948  2324  2904 I art     : Explicit concurrent mark sweep GC freed 1393(81KB) AllocSpace objects, 1(20KB) LOS objects, 35% free, 28MB/44MB, paused 961us total 31.123ms
08-05 13:37:51.958  2324  2904 I art     : Starting a blocking GC Explicit
08-05 13:37:51.988  2324  2904 I art     : Explicit concurrent mark sweep GC freed 28(912B) AllocSpace objects, 0(0B) LOS objects, 35% free, 28MB/44MB, paused 1.183ms total 30.038ms
08-05 13:37:51.998  2324  2904 I art     : Starting a blocking GC Explicit
08-05 13:37:52.026  2324  2904 I art     : Explicit concurrent mark sweep GC freed 7(224B) AllocSpace objects, 0(0B) LOS objects, 35% free, 28MB/44MB, paused 935us total 28.266ms
08-05 13:37:52.036  2324  2904 I art     : Starting a blocking GC Explicit
08-05 13:37:52.063  2324  2904 I art     : Explicit concurrent mark sweep GC freed 3(96B) AllocSpace objects, 0(0B) LOS objects, 35% free, 28MB/44MB, paused 893us total 26.824ms
08-05 13:37:52.072  2324  2904 I art     : Starting a blocking GC Explicit
08-05 13:37:52.101  2324  2904 I art     : Explicit concurrent mark sweep GC freed 3(96B) AllocSpace objects, 0(0B) LOS objects, 35% free, 28MB/44MB, paused 908us total 28.117ms
08-05 13:37:52.107 32409 32409 W Atfwd_Sendcmd: AtCmdFwd service not published, waiting... retryCnt : 5
08-05 13:37:52.462  2324  2404 I art     : Starting a blocking GC Explicit
08-05 13:37:52.501  2324  2404 I art     : Explicit concurrent mark sweep GC freed 1401(81KB) AllocSpace objects, 1(20KB) LOS objects, 35% free, 28MB/44MB, paused 972us total 38.764ms
08-05 13:37:52.511  2324  2404 I art     : Starting a blocking GC Explicit
08-05 13:37:52.540  2324  2404 I art     : Explicit concurrent mark sweep GC freed 23(752B) AllocSpace objects, 0(0B) LOS objects, 35% free, 28MB/44MB, paused 907us total 28.823ms
08-05 13:37:52.549  2324  2404 I art     : Starting a blocking GC Explicit
08-05 13:37:52.578  2324  2404 I art     : Explicit concurrent mark sweep GC freed 3(96B) AllocSpace objects, 0(0B) LOS objects, 35% free, 28MB/44MB, paused 936us total 28.246ms
08-05 13:37:52.587  2324  2404 I art     : Starting a blocking GC Explicit
08-05 13:37:52.617  2324  2404 I art     : Explicit concurrent mark sweep GC freed 3(96B) AllocSpace objects, 0(0B) LOS objects, 35% free, 28MB/44MB, paused 926us total 29.032ms
08-05 13:37:52.626  2324  2404 I art     : Starting a blocking GC Explicit
08-05 13:37:52.656  2324  2404 I art     : Explicit concurrent mark sweep GC freed 3(96B) AllocSpace objects, 0(0B) LOS objects, 35% free, 28MB/44MB, paused 916us total 29.546ms
08-05 13:37:52.985  2324  2336 I art     : Starting a blocking GC Explicit
08-05 13:37:53.023  2324  2336 I art     : Explicit concurrent mark sweep GC freed 1372(80KB) AllocSpace objects, 1(20KB) LOS objects, 35% free, 28MB/44MB, paused 1.001ms total 37.590ms
08-05 13:37:53.035  2324  2336 I art     : Starting a blocking GC Explicit
08-05 13:37:53.064  2324  2336 I art     : Explicit concurrent mark sweep GC freed 23(752B) AllocSpace objects, 0(0B) LOS objects, 35% free, 28MB/44MB, paused 895us total 29.324ms
08-05 13:37:53.074  2324  2336 I art     : Starting a blocking GC Explicit
08-05 13:37:53.103  2324  2336 I art     : Explicit concurrent mark sweep GC freed 3(96B) AllocSpace objects, 0(0B) LOS objects, 35% free, 28MB/44MB, paused 925us total 29.326ms
08-05 13:37:53.113  2324  2336 I art     : Starting a blocking GC Explicit
08-05 13:37:53.142  2324  2336 I art     : Explicit concurrent mark sweep GC freed 3(96B) AllocSpace objects, 0(0B) LOS objects, 35% free, 28MB/44MB, paused 904us total 28.086ms
08-05 13:37:53.142  2324  2335 I art     : WaitForGcToComplete blocked for 28.345ms for cause HeapTrim
08-05 13:37:53.151  2324  2336 I art     : Starting a blocking GC Explicit
08-05 13:37:53.180  2324  2336 I art     : Explicit concurrent mark sweep GC freed 3(96B) AllocSpace objects, 0(0B) LOS objects, 35% free, 28MB/44MB, paused 917us total 28.606ms
08-05 13:37:53.508  2324  2337 I art     : Starting a blocking GC Explicit
08-05 13:37:53.545  2324  2337 I art     : Explicit concurrent mark sweep GC freed 1402(83KB) AllocSpace objects, 1(20KB) LOS objects, 35% free, 28MB/44MB, paused 1.143ms total 36.553ms
08-05 13:37:53.556  2324  2337 I art     : Starting a blocking GC Explicit
08-05 13:37:53.586  2324  2337 I art     : Explicit concurrent mark sweep GC freed 23(752B) AllocSpace objects, 0(0B) LOS objects, 35% free, 28MB/44MB, paused 924us total 29.324ms
08-05 13:37:53.595  2324  2337 I art     : Starting a blocking GC Explicit
08-05 13:37:53.625  2324  2337 I art     : Explicit concurrent mark sweep GC freed 3(96B) AllocSpace objects, 0(0B) LOS objects, 35% free, 28MB/44MB, paused 930us total 28.907ms
08-05 13:37:53.634  2324  2337 I art     : Starting a blocking GC Explicit
08-05 13:37:53.663  2324  2337 I art     : Explicit concurrent mark sweep GC freed 3(96B) AllocSpace objects, 0(0B) LOS objects, 35% free, 28MB/44MB, paused 925us total 28.658ms
08-05 13:37:53.672  2324  2337 I art     : Starting a blocking GC Explicit
08-05 13:37:53.701  2324  2337 I art     : Explicit concurrent mark sweep GC freed 3(96B) AllocSpace objects, 0(0B) LOS objects, 35% free, 28MB/44MB, paused 939us total 28.666ms
08-05 13:37:54.042  2324  2904 I art     : Starting a blocking GC Explicit
08-05 13:37:54.078  2324  2904 I art     : Explicit concurrent mark sweep GC freed 1372(80KB) AllocSpace objects, 1(20KB) LOS objects, 35% free, 28MB/44MB, paused 1.132ms total 36.032ms
08-05 13:37:54.092  2324  2904 I art     : Starting a blocking GC Explicit
08-05 13:37:54.125  2324  2904 I art     : Explicit concurrent mark sweep GC freed 23(752B) AllocSpace objects, 0(0B) LOS objects, 35% free, 28MB/44MB, paused 920us total 32.986ms
08-05 13:37:54.135  2324  2904 I art     : Starting a blocking GC Explicit
08-05 13:37:54.164  2324  2904 I art     : Explicit concurrent mark sweep GC freed 3(96B) AllocSpace objects, 0(0B) LOS objects, 35% free, 28MB/44MB, paused 912us total 29.535ms
08-05 13:37:54.174  2324  2904 I art     : Starting a blocking GC Explicit
08-05 13:37:54.203  2324  2904 I art     : Explicit concurrent mark sweep GC freed 3(96B) AllocSpace objects, 0(0B) LOS objects, 35% free, 28MB/44MB, paused 928us total 29.011ms
08-05 13:37:54.213  2324  2904 I art     : Starting a blocking GC Explicit
08-05 13:37:54.242  2324  2904 I art     : Explicit concurrent mark sweep GC freed 3(96B) AllocSpace objects, 0(0B) LOS objects, 35% free, 28MB/44MB, paused 908us total 28.757ms
08-05 13:37:54.596  2324  2404 I art     : Starting a blocking GC Explicit
08-05 13:37:54.633  2324  2404 I art     : Explicit concurrent mark sweep GC freed 1406(81KB) AllocSpace objects, 1(20KB) LOS objects, 35% free, 28MB/44MB, paused 903us total 37.124ms
08-05 13:37:54.643  2324  2404 I art     : Starting a blocking GC Explicit
08-05 13:37:54.673  2324  2404 I art     : Explicit concurrent mark sweep GC freed 23(752B) AllocSpace objects, 0(0B) LOS objects, 35% free, 28MB/44MB, paused 923us total 29.412ms
08-05 13:37:54.682  2324  2404 I art     : Starting a blocking GC Explicit
08-05 13:37:54.712  2324  2404 I art     : Explicit concurrent mark sweep GC freed 3(96B) AllocSpace objects, 0(0B) LOS objects, 35% free, 28MB/44MB, paused 930us total 29.391ms
08-05 13:37:54.722  2324  2404 I art     : Starting a blocking GC Explicit
08-05 13:37:54.751  2324  2404 I art     : Explicit concurrent mark sweep GC freed 3(96B) AllocSpace objects, 0(0B) LOS objects, 35% free, 28MB/44MB, paused 902us total 28.953ms
08-05 13:37:54.760  2324  2404 I art     : Starting a blocking GC Explicit
08-05 13:37:54.789  2324  2404 I art     : Explicit concurrent mark sweep GC freed 3(96B) AllocSpace objects, 0(0B) LOS objects, 35% free, 28MB/44MB, paused 901us total 28.880ms
08-05 13:37:55.123  2324  2336 I art     : Starting a blocking GC Explicit
08-05 13:37:55.166  2324  2336 I art     : Explicit concurrent mark sweep GC freed 1450(86KB) AllocSpace objects, 1(20KB) LOS objects, 35% free, 28MB/44MB, paused 914us total 42.271ms
08-05 13:37:55.180  2324  2336 I art     : Starting a blocking GC Explicit
08-05 13:37:55.208  2324  2336 I art     : Explicit concurrent mark sweep GC freed 23(752B) AllocSpace objects, 0(0B) LOS objects, 35% free, 28MB/44MB, paused 902us total 28.495ms
08-05 13:37:55.218  2324  2336 I art     : Starting a blocking GC Explicit
08-05 13:37:55.246  2324  2336 I art     : Explicit concurrent mark sweep GC freed 3(96B) AllocSpace objects, 0(0B) LOS objects, 35% free, 28MB/44MB, paused 851us total 28.096ms
08-05 13:37:55.256  2324  2336 I art     : Starting a blocking GC Explicit
08-05 13:37:55.285  2324  2336 I art     : Explicit concurrent mark sweep GC freed 3(96B) AllocSpace objects, 0(0B) LOS objects, 35% free, 28MB/44MB, paused 885us total 28.878ms
08-05 13:37:55.294  2324  2336 I art     : Starting a blocking GC Explicit
08-05 13:37:55.323  2324  2336 I art     : Explicit concurrent mark sweep GC freed 3(96B) AllocSpace objects, 0(0B) LOS objects, 35% free, 28MB/44MB, paused 906us total 28.662ms
08-05 13:37:55.638  2324  2337 I art     : Starting a blocking GC Explicit
08-05 13:37:55.675  2324  2337 I art     : Explicit concurrent mark sweep GC freed 1401(81KB) AllocSpace objects, 1(20KB) LOS objects, 35% free, 28MB/44MB, paused 1.015ms total 36.480ms
08-05 13:37:55.690  2324  2337 I art     : Starting a blocking GC Explicit
08-05 13:37:55.718  2324  2337 I art     : Explicit concurrent mark sweep GC freed 23(752B) AllocSpace objects, 0(0B) LOS objects, 35% free, 28MB/44MB, paused 899us total 28.291ms
08-05 13:37:55.728  2324  2337 I art     : Starting a blocking GC Explicit
08-05 13:37:55.756  2324  2337 I art     : Explicit concurrent mark sweep GC freed 3(96B) AllocSpace objects, 0(0B) LOS objects, 35% free, 28MB/44MB, paused 862us total 28.595ms
08-05 13:37:55.766  2324  2337 I art     : Starting a blocking GC Explicit
08-05 13:37:55.795  2324  2337 I art     : Explicit concurrent mark sweep GC freed 3(96B) AllocSpace objects, 0(0B) LOS objects, 35% free, 28MB/44MB, paused 871us total 28.589ms
08-05 13:37:55.805  2324  2337 I art     : Starting a blocking GC Explicit
08-05 13:37:55.834  2324  2337 I art     : Explicit concurrent mark sweep GC freed 3(96B) AllocSpace objects, 0(0B) LOS objects, 35% free, 28MB/44MB, paused 859us total 28.787ms
08-05 13:37:56.163  2324  2904 I art     : Starting a blocking GC Explicit
08-05 13:37:56.206  2324  2904 I art     : Explicit concurrent mark sweep GC freed 1372(80KB) AllocSpace objects, 1(20KB) LOS objects, 35% free, 28MB/44MB, paused 1.014ms total 42.685ms
08-05 13:37:56.222  2324  2904 I art     : Starting a blocking GC Explicit
08-05 13:37:56.252  2324  2904 I art     : Explicit concurrent mark sweep GC freed 23(752B) AllocSpace objects, 0(0B) LOS objects, 35% free, 28MB/44MB, paused 873us total 29.751ms
08-05 13:37:56.261  2324  2904 I art     : Starting a blocking GC Explicit
08-05 13:37:56.290  2324  2904 I art     : Explicit concurrent mark sweep GC freed 3(96B) AllocSpace objects, 0(0B) LOS objects, 35% free, 28MB/44MB, paused 877us total 28.850ms
08-05 13:37:56.300  2324  2904 I art     : Starting a blocking GC Explicit
08-05 13:37:56.330  2324  2904 I art     : Explicit concurrent mark sweep GC freed 3(96B) AllocSpace objects, 0(0B) LOS objects, 35% free, 28MB/44MB, paused 886us total 29.175ms
08-05 13:37:56.339  2324  2904 I art     : Starting a blocking GC Explicit
08-05 13:37:56.369  2324  2904 I art     : Explicit concurrent mark sweep GC freed 3(96B) AllocSpace objects, 0(0B) LOS objects, 35% free, 28MB/44MB, paused 902us total 29.155ms
08-05 13:37:56.717  2324  2404 I art     : Starting a blocking GC Explicit
08-05 13:37:56.759  2324  2404 I art     : Explicit concurrent mark sweep GC freed 1401(81KB) AllocSpace objects, 1(20KB) LOS objects, 35% free, 28MB/44MB, paused 895us total 41.135ms
08-05 13:37:56.768  2324  2404 I art     : Starting a blocking GC Explicit
08-05 13:37:56.771   518   646 I ThermalEngine: ACTION: GPU - Setting GPU[0] to 600000000
08-05 13:37:56.797  2324  2404 I art     : Explicit concurrent mark sweep GC freed 23(752B) AllocSpace objects, 0(0B) LOS objects, 35% free, 28MB/44MB, paused 979us total 28.329ms
08-05 13:37:56.806  2324  2404 I art     : Starting a blocking GC Explicit
08-05 13:37:56.832  2324  2404 I art     : Explicit concurrent mark sweep GC freed 3(96B) AllocSpace objects, 0(0B) LOS objects, 35% free, 28MB/44MB, paused 654us total 25.089ms
08-05 13:37:56.839  2324  2404 I art     : Starting a blocking GC Explicit
08-05 13:37:56.863  2324  2404 I art     : Explicit concurrent mark sweep GC freed 3(96B) AllocSpace objects, 0(0B) LOS objects, 35% free, 28MB/44MB, paused 733us total 23.582ms
08-05 13:37:56.872  2324  2404 I art     : Starting a blocking GC Explicit
08-05 13:37:56.894  2324  2404 I art     : Explicit concurrent mark sweep GC freed 3(96B) AllocSpace objects, 0(0B) LOS objects, 35% free, 28MB/44MB, paused 641us total 22.123ms
08-05 13:37:56.990 24365  1228 E WakeLock: GCM_HB_ALARM release without a matched acquire!
08-05 13:37:57.017   918  6112 D ConnectivityService: reportNetworkConnectivity(159, true) by 10012
08-05 13:37:57.017   918  1209 D NetworkMonitor/NetworkAgentInfo [WIFI () - 159]: Forcing reevaluation for UID 10012
08-05 13:37:57.017   918  1209 D NetworkMonitor/NetworkAgentInfo [WIFI () - 159]: Checking http://connectivitycheck.gstatic.com/generate_204 on "H369AA63323", 192.168.2.12=192.168.2.12
08-05 13:37:57.018   918  3961 D ConnectivityService: reportNetworkConnectivity(159, true) by 10012
08-05 13:37:57.102   918  1209 D NetworkMonitor/NetworkAgentInfo [WIFI () - 159]: Probably not a portal: exception java.io.IOException: unexpected end of stream on Connection{connectivitycheck.gstatic.com:80, proxy=HTTP@/192.168.2.12:8080 hostAddress=192.168.2.12 cipherSuite=none protocol=http/1.1} (recycle count=0)
08-05 13:37:57.103   918  3263 D ConnectivityService: NetworkAgentInfo [WIFI () - 159] validation failed
08-05 13:37:57.104   918  3261 E WifiConfigStore:  rewrite network history for "H369AA63323"WPA_PSK
08-05 13:37:57.208  2324  2336 I art     : Starting a blocking GC Explicit
08-05 13:37:57.240  2324  2336 I art     : Explicit concurrent mark sweep GC freed 1372(80KB) AllocSpace objects, 1(20KB) LOS objects, 35% free, 28MB/44MB, paused 712us total 32.220ms
08-05 13:37:57.250  2324  2336 I art     : Starting a blocking GC Explicit
08-05 13:37:57.274  2324  2336 I art     : Explicit concurrent mark sweep GC freed 23(752B) AllocSpace objects, 0(0B) LOS objects, 35% free, 28MB/44MB, paused 656us total 23.576ms
08-05 13:37:57.282  2324  2336 I art     : Starting a blocking GC Explicit
08-05 13:37:57.305  2324  2336 I art     : Explicit concurrent mark sweep GC freed 3(96B) AllocSpace objects, 0(0B) LOS objects, 35% free, 28MB/44MB, paused 625us total 22.527ms
08-05 13:37:57.312  2324  2336 I art     : Starting a blocking GC Explicit
08-05 13:37:57.335  2324  2336 I art     : Explicit concurrent mark sweep GC freed 3(96B) AllocSpace objects, 0(0B) LOS objects, 35% free, 28MB/44MB, paused 635us total 22.626ms
08-05 13:37:57.343  2324  2336 I art     : Starting a blocking GC Explicit
08-05 13:37:57.366  2324  2336 I art     : Explicit concurrent mark sweep GC freed 3(96B) AllocSpace objects, 0(0B) LOS objects, 35% free, 28MB/44MB, paused 630us total 23.338ms
08-05 13:37:57.685  2324  2337 I art     : Starting a blocking GC Explicit
08-05 13:37:57.710  2324  2337 I art     : Explicit concurrent mark sweep GC freed 1401(81KB) AllocSpace objects, 1(20KB) LOS objects, 35% free, 28MB/44MB, paused 696us total 24.389ms
08-05 13:37:57.718  2324  2337 I art     : Starting a blocking GC Explicit
08-05 13:37:57.740  2324  2337 I art     : Explicit concurrent mark sweep GC freed 23(752B) AllocSpace objects, 0(0B) LOS objects, 35% free, 28MB/44MB, paused 629us total 21.932ms
08-05 13:37:57.747  2324  2337 I art     : Starting a blocking GC Explicit
08-05 13:37:57.769  2324  2337 I art     : Explicit concurrent mark sweep GC freed 3(96B) AllocSpace objects, 0(0B) LOS objects, 35% free, 28MB/44MB, paused 631us total 21.795ms
08-05 13:37:57.776  2324  2337 I art     : Starting a blocking GC Explicit
08-05 13:37:57.798  2324  2337 I art     : Explicit concurrent mark sweep GC freed 3(96B) AllocSpace objects, 0(0B) LOS objects, 35% free, 28MB/44MB, paused 640us total 21.896ms
08-05 13:37:57.805  2324  2337 I art     : Starting a blocking GC Explicit
08-05 13:37:57.828  2324  2337 I art     : Explicit concurrent mark sweep GC freed 3(96B) AllocSpace objects, 0(0B) LOS objects, 35% free, 28MB/44MB, paused 671us total 22.166ms
08-05 13:37:57.988  4335  4335 D AndroidRuntime: >>>>>> START com.android.internal.os.RuntimeInit uid 2000 <<<<<<
08-05 13:37:57.994  4335  4335 D AndroidRuntime: CheckJNI is OFF
08-05 13:37:58.027  4335  4335 D ICU     : No timezone override file found: /data/misc/zoneinfo/current/icu/icu_tzdata.dat
08-05 13:37:58.053  4335  4335 I Radio-JNI: register_android_hardware_Radio DONE
08-05 13:37:58.068  4335  4335 D AndroidRuntime: Calling main entry com.android.commands.input.Input
