--------- beginning of main
08-05 14:08:34.755   918  5481 I AccountManagerService: getTypesVisibleToCaller: isPermitted? true
08-05 14:08:34.774  3784  3784 D CarrierServiceBindHelper: Receive action: android.intent.action.PACKAGE_ADDED
08-05 14:08:34.774  3784  3784 D CarrierServiceBindHelper: Receive action: android.intent.action.PACKAGE_REPLACED
08-05 14:08:34.774  3784  3784 D CarrierServiceBindHelper: mHandler: 3
08-05 14:08:34.774  3784  3784 D CarrierServiceBindHelper: mHandler: 3
08-05 14:08:34.774  3784  3784 D CarrierServiceBindHelper: mHandler: 3
08-05 14:08:34.774  3784  3784 D CarrierConfigLoader: mHandler: 9 phoneId: 0
08-05 14:08:34.780   918  4413 I AccountManagerService: getTypesVisibleToCaller: isPermitted? true
08-05 14:08:34.788 21092 21092 I Finsky  : [1] uah.a(18): PackageMonitorReceiverImpl - Received: android.intent.action.PACKAGE_REMOVED, [CFjXe5fo2ooiLur0Ju3smv2h5qnGgIsGl5_C_SkJu8g]
08-05 14:08:34.788 21092 21092 I Finsky  : [1] ubi.d(9): Invalidating cached PackageState for baseline.de.danoeh.antennapod.debug
08-05 14:08:34.797 24365  1499 I Fitness : FitCleanupIntentOperation received Intent android.intent.action.PACKAGE_REMOVED [CONTEXT service_id=17 ]
08-05 14:08:34.808 21092 21092 I Finsky  : [1] lzi.c(2): Frosting ID looked up on UI thread. Caller should move to a background thread.
08-05 14:08:34.818 21092 21092 I Finsky  : [1] nqb.c(3): Installer: package baseline.de.danoeh.antennapod.debug was removed. replacing: true
08-05 14:08:34.819 21092 21092 I Finsky  : [1] nra.a(188): Installer: Notifying status update. package=baseline.de.danoeh.antennapod.debug, status=UNINSTALLED
08-05 14:08:34.880 21092 21092 I Finsky  : [1] lzi.c(2): Frosting ID looked up on UI thread. Caller should move to a background thread.
08-05 14:08:34.900 21092 21092 I Finsky  : [1] nra.a(220): Installer: found apps to install. isMultiUserMode=false, apps=[]
08-05 14:08:34.901 21092  1518 I Finsky  : [6178] ejf.a(-1): Cancelled 0 ongoing asset module downloads for package baseline.de.danoeh.antennapod.debug due to a concurrent app update.
08-05 14:08:34.932 21092 21254 I Finsky  : [6084] odj.b(52): IQ: Notifying installation update. package=baseline.de.danoeh.antennapod.debug, status=UNINSTALLED
08-05 14:08:34.980 21092  1514 I Finsky  : [6176] lyv.run(-1): Wrote row to frosting DB: 2778
08-05 14:08:35.000 24577  1506 I Auth    : [SupervisedAccountIntentOperation] onHandleIntent(): android.intent.action.PACKAGE_ADDED
08-05 14:08:35.002 24577  1516 I ChromeSync: [Sync,SyncIntentOperation] Handling the intent: Intent { act=android.intent.action.PACKAGE_ADDED dat=package:baseline.de.danoeh.antennapod.debug flg=0x4000010 cmp=com.google.android.gms/.chimera.GmsIntentOperationService (has extras) }.
08-05 14:08:35.050 21092 21254 I Finsky  : [6084] odj.b(40): IQ: No matching installs to run for jobs: []
08-05 14:08:35.052 21092 21092 I Finsky  : [1] uah.a(18): PackageMonitorReceiverImpl - Received: android.intent.action.PACKAGE_ADDED, [CFjXe5fo2ooiLur0Ju3smv2h5qnGgIsGl5_C_SkJu8g]
08-05 14:08:35.052 21092 21092 I Finsky  : [1] ubi.d(9): Invalidating cached PackageState for baseline.de.danoeh.antennapod.debug
08-05 14:08:35.055 21092 21092 I Finsky  : [1] lzi.c(2): Frosting ID looked up on UI thread. Caller should move to a background thread.
08-05 14:08:35.089 21092  1515 I Finsky  : [6177] gzn.a(-1): [ContentSync] finished, scheduled=false
08-05 14:08:35.090 21092 21092 I Finsky  : [1] agsx.a(4): Do not start WearSupportService due to Wear service optimization
--------- beginning of system
08-05 14:08:35.092   918  6029 W ActivityManager: Unable to start service Intent { act=com.google.android.gms.auth.key.retrieval.service.START pkg=com.google.android.gms } U=0: not found
08-05 14:08:35.115 21092  1518 I Finsky  : [6178] ejc.a(-1): Asset module broadcast after update successful for package baseline.de.danoeh.antennapod.debug. 0 sessions broadcast.
08-05 14:08:35.150 21092 21092 I Finsky  : [1] lzi.c(2): Frosting ID looked up on UI thread. Caller should move to a background thread.
08-05 14:08:35.191   918   929 I AccountManagerService: getTypesVisibleToCaller: isPermitted? true
08-05 14:08:35.193   918  5132 W ActivityManager: Unbind failed: could not find connection for android.os.BinderProxy@43c3ae1
08-05 14:08:35.194 24577 24621 E GmsClient: unable to connect to service: com.google.android.gms.auth.key.retrieval.service.START on com.google.android.gms
08-05 14:08:35.207 21092  1514 I Finsky  : [6176] lyv.run(-1): Wrote row to frosting DB: 2779
08-05 14:08:35.209 24577  1516 I ChromeSync: [Persistence,AffiliationManager] One of affiliation or grouping data for android://bz0hZa4nAJEtd0n5sRlXG7KAqctUMWVefv7Ki4mh1p6slZ9YO-n9gS9j8m9YCrsIyI2wIxrDHraumF9Y6pBLTA==@baseline.de.danoeh.antennapod.debug/ was not found. Marking affiliation data as stale...
08-05 14:08:35.295  1530  1530 D AndroidRuntime: >>>>>> START com.android.internal.os.RuntimeInit uid 2000 <<<<<<
08-05 14:08:35.298  1530  1530 D AndroidRuntime: CheckJNI is OFF
08-05 14:08:35.305   918   929 I AccountManagerService: getTypesVisibleToCaller: isPermitted? true
08-05 14:08:35.307 21092  1514 I Finsky  : [6176] lyv.run(-1): Wrote row to frosting DB: 2780
08-05 14:08:35.320  1530  1530 D ICU     : No timezone override file found: /data/misc/zoneinfo/current/icu/icu_tzdata.dat
08-05 14:08:35.356  1530  1530 I Radio-JNI: register_android_hardware_Radio DONE
08-05 14:08:35.362 21092  1514 I Finsky  : [6176] lyv.run(-1): Wrote row to frosting DB: 2781
08-05 14:08:35.371  1530  1530 D AndroidRuntime: Calling main entry com.android.commands.monkey.Monkey
08-05 14:08:35.386   918   931 W BroadcastQueue: Skipping deliver [background] BroadcastRecord{25097bf u-1 android.net.conn.CONNECTIVITY_CHANGE} to ReceiverList{746fe8c 1530 (unknown name)/2000/u-1 remote:3686519}: process crashing
08-05 14:08:35.391 21092 21092 I Finsky  : [1] xmu.a(8): SCH: Jobs in database: 1-1337 3-215 3-216 12-1 24-77777777 26-1414141414 
08-05 14:08:35.393 21092 21092 I Finsky  : [1] xio.a(57): SCH: ConstraintMapping: 24-77777777,  -> L: 0ms, D: 25285126ms, C: false, I: true, N: 0
08-05 14:08:35.394 21092 21092 I Finsky  : [1] xio.a(57): SCH: ConstraintMapping: 1-1337, 12-1,  -> L: 14481ms, D: 71837518ms, C: false, I: false, N: 1
08-05 14:08:35.394 21092 21092 I Finsky  : [1] xio.a(57): SCH: ConstraintMapping: 3-215,  -> L: 0ms, D: 83712058ms, C: false, I: true, N: 2
08-05 14:08:35.395 21092 21092 I Finsky  : [1] xio.a(57): SCH: ConstraintMapping: 3-216,  -> L: 0ms, D: 83712089ms, C: true, I: true, N: 2
08-05 14:08:35.395 21092 21092 I Finsky  : [1] xio.a(57): SCH: ConstraintMapping: 26-1414141414,  -> L: 33284985ms, D: 34184985ms, C: false, I: false, N: 0
08-05 14:08:35.395   918  3696 I ActivityManager: START u0 {act=android.intent.action.MAIN cat=[android.intent.category.LAUNCHER] flg=0x10200000 cmp=baseline.de.danoeh.antennapod.debug/baseline.de.danoeh.antennapod.activity.SplashActivity} from uid 2000 on display 0
08-05 14:08:35.397 21092  1515 I Finsky  : [6177] gzn.a(-1): [ContentSync] finished, scheduled=true
08-05 14:08:35.418   918   928 I ActivityManager: Start proc 1548:baseline.de.danoeh.antennapod.debug/u0a695 for activity baseline.de.danoeh.antennapod.debug/baseline.de.danoeh.antennapod.activity.SplashActivity
08-05 14:08:35.419  1548  1548 I art     : Late-enabling -Xcheck:jni
08-05 14:08:35.426  1530  1530 I art     : System.exit called, status: 0
08-05 14:08:35.426  1530  1530 I AndroidRuntime: VM exiting with result code 0.
08-05 14:08:35.431   918   928 I AccountManagerService: getTypesVisibleToCaller: isPermitted? true
08-05 14:08:35.440 21092 21092 I Finsky  : [1] xle.a(34): Cancelling existing jobscheduler jobs: 9013 9007 9001 9011 9010 9005 9002 9009 9004 9003 
08-05 14:08:35.440 21092 21092 I Finsky  : [1] xle.a(27): Scheduling job Id: 9000, L: 0, D: 25285126, C: false, I: true, N: 0
08-05 14:08:35.442 24577 13294 I Icing   : IndexChimeraService.getServiceInterface callingPackage=com.google.android.gms componentName=AppsCorpus serviceId=36
08-05 14:08:35.445 21092 21092 I Finsky  : [1] xle.a(27): Scheduling job Id: 9006, L: 14481, D: 71837518, C: false, I: false, N: 1
08-05 14:08:35.447 21092 21092 I Finsky  : [1] xle.a(27): Scheduling job Id: 9008, L: 0, D: 83712058, C: false, I: true, N: 2
08-05 14:08:35.448 21092 21092 I Finsky  : [1] xle.a(27): Scheduling job Id: 9012, L: 0, D: 83712089, C: true, I: true, N: 2
08-05 14:08:35.452 21092 21092 I Finsky  : [1] xle.a(27): Scheduling job Id: 9014, L: 33284985, D: 34184985, C: false, I: false, N: 0
08-05 14:08:35.455 21092 21092 I Finsky  : [1] xle.a(27): Scheduling job Id: 9015, L: 0, D: 25285126, C: false, I: true, N: 0
08-05 14:08:35.457 21092 21092 I Finsky  : [1] xle.a(27): Scheduling job Id: 9016, L: 14481, D: 71837518, C: false, I: false, N: 1
08-05 14:08:35.459 21092 21092 I Finsky  : [1] xle.a(27): Scheduling job Id: 9017, L: 0, D: 83712058, C: false, I: true, N: 2
08-05 14:08:35.461 21092 21092 I Finsky  : [1] xle.a(27): Scheduling job Id: 9018, L: 0, D: 83712089, C: true, I: true, N: 2
08-05 14:08:35.469 21092 21092 I Finsky  : [1] xle.a(27): Scheduling job Id: 9019, L: 33284985, D: 34184985, C: false, I: false, N: 0
08-05 14:08:35.477  1548  1548 W System  : ClassLoader referenced unknown path: /data/app/baseline.de.danoeh.antennapod.debug-1/lib/arm64
08-05 14:08:35.492 24577 13715 W Icing   : No valid account for uploading user actions
08-05 14:08:35.492  1548  1548 D UserPreferences: Creating new instance of UserPreferences
08-05 14:08:35.494  1548  1548 D UserPreferences: Using default data folder
08-05 14:08:35.497  1548  1548 D UserPreferences: Import directory already exists
08-05 14:08:35.499  1548  1548 D UpdateManager: old: -1, current: 1070296
08-05 14:08:35.501 16458 15483 I PBSessionCacheImpl: Deleted sessionId[72384646105454640] from persistence.
08-05 14:08:35.503  1548  1548 D SleepTimerPreferences: Creating new instance of SleepTimerPreferences
08-05 14:08:35.506 16458 16488 W SearchServiceCore: Abort, client detached.
08-05 14:08:35.507 16458 16488 I MicroDetectionState: Should stop hotword detection immediately - true
08-05 14:08:35.516 24577 13336 I Icing   : IndexChimeraService.getServiceInterface callingPackage=com.google.android.gms componentName=null serviceId=30
08-05 14:08:35.531  1548  1548 D SPAUtil : Sending SP_APPS_QUERY_FEEDS intent
08-05 14:08:35.575  1548  1548 W art     : Before Android 4.1, method android.graphics.PorterDuffColorFilter androidx.vectordrawable.graphics.drawable.VectorDrawableCompat.updateTintFilter(android.graphics.PorterDuffColorFilter, android.content.res.ColorStateList, android.graphics.PorterDuff$Mode) would have incorrectly overridden the package-private method in android.graphics.drawable.Drawable
08-05 14:08:35.607 24577 13715 I Icing   : Usage reports ok 3, Failed Usage reports 0, indexed 0, rejected 0
08-05 14:08:35.610  1548  1548 I art     : Rejecting re-init on previously-failed class java.lang.Class<androidx.core.view.ViewCompat$2>
08-05 14:08:35.611  1548  1548 I art     : Rejecting re-init on previously-failed class java.lang.Class<androidx.core.view.ViewCompat$2>
08-05 14:08:35.611 24577 13715 W Icing   : No valid account for uploading user actions
08-05 14:08:35.628 24577 13715 I Icing   : Usage reports ok 0, Failed Usage reports 0, indexed 0, rejected 0
08-05 14:08:35.629 24577 13715 I Icing   : Indexing com.google.android.gms-internal.3p:MobileApplication from com.google.android.gms using seqno 763
08-05 14:08:35.632 24577 13715 I Icing   : Indexing com.google.android.gms-internal.3p:MobileApplication from com.google.android.gms using seqno 763
08-05 14:08:35.638  1548  1569 D OpenGLRenderer: Use EGL_SWAP_BEHAVIOR_PRESERVED: true
08-05 14:08:35.672  1548  1569 I Adreno  : QUALCOMM build                   : fcf4852, I1af360237c
08-05 14:08:35.672  1548  1569 I Adreno  : Build Date                       : 09/23/15
08-05 14:08:35.672  1548  1569 I Adreno  : OpenGL ES Shader Compiler Version: XE031.05.13.02
08-05 14:08:35.672  1548  1569 I Adreno  : Local Branch                     : mybranch14465806
08-05 14:08:35.672  1548  1569 I Adreno  : Remote Branch                    : quic/LA.BF64.1.2.9_v2
08-05 14:08:35.672  1548  1569 I Adreno  : Remote Branch                    : NONE
08-05 14:08:35.672  1548  1569 I Adreno  : Reconstruct Branch               : NOTHING
08-05 14:08:35.672 24577 13336 I Icing   : IndexChimeraService.getServiceInterface callingPackage=com.google.android.gms componentName=null serviceId=36
08-05 14:08:35.677 24577 11697 W Icing   : No valid account for uploading user actions
08-05 14:08:35.677  1548  1569 I OpenGLRenderer: Initialized EGL, version 1.4
08-05 14:08:35.695 24577 11697 I Icing   : Usage reports ok 0, Failed Usage reports 0, indexed 0, rejected 0
08-05 14:08:35.709 13866 13866 I GoogleInputMethodServic: GoogleInputMethodService.onFinishInput():3138 
08-05 14:08:35.710 13866 13866 I GoogleInputMethodServic: GoogleInputMethodService.onStartInput():1808 
08-05 14:08:35.785   918   928 I ActivityManager: START u0 {cmp=baseline.de.danoeh.antennapod.debug/baseline.de.danoeh.antennapod.activity.MainActivity} from uid 10695 on display 0
08-05 14:08:35.845  1548  1548 D UserPreferences: Using default data folder
08-05 14:08:35.895  1548  1548 D MainActivity: getLastNavFragment() -> QueueFragment
08-05 14:08:35.895  1548  1548 D MainActivity: loadFragment(tag: QueueFragment, args: null)
08-05 14:08:35.898  1548  1548 D MainActivity: saveLastNavFragment(tag: QueueFragment)
08-05 14:08:35.899  1548  1548 D MainActivity: getLastNavFragment() -> QueueFragment
08-05 14:08:35.901  1548  1548 D UserPreferences: timeOfDay: []
08-05 14:08:35.904  1548  1548 D AutoUpdateManager: Restarting update alarm.
08-05 14:08:35.906  1548  1548 D AutoUpdateManager: Changed alarm to new interval 12 h
08-05 14:08:35.915  1548  1548 D UserPreferences: timeOfDay: []
08-05 14:08:35.916  1548  1548 D AutoUpdateManager: Restarting update alarm.
08-05 14:08:35.917  1548  1548 D AutoUpdateManager: Changed alarm to new interval 12 h
08-05 14:08:35.952  1548  1548 D ExternalPlayerFragment: Loading media info
08-05 14:08:35.954  1548  1548 D QueueFragment: loadItems()
08-05 14:08:35.957  1548  1568 D DBReader: getQueue() called
08-05 14:08:35.958  1548  1568 D DBReader: getQueue()
08-05 14:08:35.959  1548  1568 D DBReader: getFavoriteIDList() called
08-05 14:08:35.960  1548  1568 D DBReader: getQueueIDList() called
08-05 14:08:35.961  1548  1568 D DBReader: Extracting Feedlist
08-05 14:08:35.962  1548  1548 V PlaybackController: initServiceNotRunning()
08-05 14:08:35.963  1548  1548 D ExternalPlayerFragment: Loading media info
08-05 14:08:35.965  1548  1548 D UserPreferences: Using default data folder
08-05 14:08:35.967  1548  1548 D AutoUpdateManager: last refresh: 443508 hours 8 minutes ago
08-05 14:08:35.968  1548  1568 D DBReader: getNavDrawerData() called with: 
08-05 14:08:35.971  1548  1568 D DBReader: getDownloadedItems() called
08-05 14:08:35.972  1548  1568 D DBReader: getFavoriteIDList() called
08-05 14:08:35.972  1548  1568 D DBReader: getQueueIDList() called
08-05 14:08:35.973  1548  1568 D DBReader: Extracting Feedlist
08-05 14:08:35.979   380   380 W SurfaceFlinger: couldn't log to binary event log: overflow.
08-05 14:08:36.064  1548  1548 D MainActivity: getLastNavFragment() -> QueueFragment
08-05 14:08:36.065  1548  1548 D MainActivity: handleNavIntent()
08-05 14:08:36.231 29532 29532 W PathParser: Points are too far apart 4.030360828967057
08-05 14:08:36.231 29532 29532 W PathParser: Points are too far apart 4.030360538880159
08-05 14:08:36.233 13866 13866 I GoogleInputMethodServic: GoogleInputMethodService.onFinishInput():3138 
08-05 14:08:36.234 13866 13866 I GoogleInputMethodServic: GoogleInputMethodService.onStartInput():1808 
08-05 14:08:36.234   918   936 I ActivityManager: Displayed baseline.de.danoeh.antennapod.debug/baseline.de.danoeh.antennapod.activity.MainActivity: +426ms (total +831ms)
08-05 14:08:36.247 29532 29532 W PathParser: Points are too far apart 4.030360828967057
08-05 14:08:36.248 29532 29532 W PathParser: Points are too far apart 4.030360538880159
08-05 14:08:36.264 29532 29532 W PathParser: Points are too far apart 4.030360828967057
08-05 14:08:36.264 29532 29532 W PathParser: Points are too far apart 4.030360538880159
08-05 14:08:36.281 29532 29532 W PathParser: Points are too far apart 4.030360828967057
08-05 14:08:36.281 29532 29532 W PathParser: Points are too far apart 4.030360538880159
08-05 14:08:36.298 29532 29532 W PathParser: Points are too far apart 4.030360828967057
08-05 14:08:36.298 29532 29532 W PathParser: Points are too far apart 4.030360538880159
08-05 14:08:36.314 29532 29532 W PathParser: Points are too far apart 4.030360828967057
08-05 14:08:36.314 29532 29532 W PathParser: Points are too far apart 4.030360538880159
08-05 14:08:36.331 29532 29532 W PathParser: Points are too far apart 4.030360828967057
08-05 14:08:36.331 29532 29532 W PathParser: Points are too far apart 4.030360538880159
08-05 14:08:36.348 29532 29532 W PathParser: Points are too far apart 4.030360828967057
08-05 14:08:36.348 29532 29532 W PathParser: Points are too far apart 4.030360538880159
08-05 14:08:36.611 24577 11697 I Icing   : Indexing com.google.android.gms-apps from com.google.android.gms
08-05 14:08:36.695 24577 11697 I Icing   : Indexing done com.google.android.gms-apps
08-05 14:08:36.981  1548  1597 D DBReader: Extracting Feedlist
08-05 14:08:36.984  1548  1597 D FlattrUtils: Retrieving access token
08-05 14:08:36.984  1548  1597 D FlattrUtils: No access token found
08-05 14:08:36.987  1548  1597 I art     : Rejecting re-init on previously-failed class java.lang.Class<androidx.core.app.JobIntentService$JobServiceEngineImpl>
08-05 14:08:36.987  1548  1597 I art     : Rejecting re-init on previously-failed class java.lang.Class<androidx.core.app.JobIntentService$JobServiceEngineImpl>
08-05 14:08:36.988  1548  1597 I art     : Rejecting re-init on previously-failed class java.lang.Class<androidx.core.app.SafeJobIntentService$SafeJobServiceEngineImpl>
08-05 14:08:36.988  1548  1597 I art     : Rejecting re-init on previously-failed class java.lang.Class<androidx.core.app.SafeJobIntentService$SafeJobServiceEngineImpl>
08-05 14:08:37.014  1594  1594 D AndroidRuntime: >>>>>> START com.android.internal.os.RuntimeInit uid 2000 <<<<<<
08-05 14:08:37.018  1594  1594 D AndroidRuntime: CheckJNI is OFF
08-05 14:08:37.043  1594  1594 D ICU     : No timezone override file found: /data/misc/zoneinfo/current/icu/icu_tzdata.dat
08-05 14:08:37.073  1594  1594 I Radio-JNI: register_android_hardware_Radio DONE
08-05 14:08:37.089  1594  1594 D AndroidRuntime: Calling main entry com.android.commands.am.Am
08-05 14:08:37.100 16924 16924 I Trepn   : Trepn 6.2s: Received intent: com.quicinc.trepn.start_profiling
08-05 14:08:37.293 16924 16924 W FileUtils: Failed to chmod(/storage/emulated/0/trepn/Trepn_2020.08.05_140837.db): android.system.ErrnoException: chmod failed: EPERM (Operation not permitted)
08-05 14:08:37.456 13866 13866 I GoogleInputMethodServic: GoogleInputMethodService.onFinishInput():3138 
08-05 14:08:37.457 13866 13866 I GoogleInputMethodServic: GoogleInputMethodService.onStartInput():1808 
08-05 14:08:37.489 16924 16924 I Trepn   : Trepn 6.2s: Trepn has Started Profiling.
08-05 14:08:37.493  1594  1594 D AndroidRuntime: Shutting down VM
08-05 14:08:37.968  1548  1561 I art     : Starting a blocking GC Explicit
08-05 14:08:37.997  1548  1561 I art     : Explicit concurrent mark sweep GC freed 21556(2MB) AllocSpace objects, 7(140KB) LOS objects, 40% free, 23MB/38MB, paused 251us total 28.842ms
08-05 14:08:38.005  1548  1561 I art     : Starting a blocking GC Explicit
08-05 14:08:38.018  1548  1561 I art     : Explicit concurrent mark sweep GC freed 3349(193KB) AllocSpace objects, 1(560KB) LOS objects, 40% free, 22MB/37MB, paused 159us total 13.228ms
08-05 14:08:38.025  1548  1561 I art     : Starting a blocking GC Explicit
08-05 14:08:38.036  1548  1561 I art     : Explicit concurrent mark sweep GC freed 12(480B) AllocSpace objects, 1(28KB) LOS objects, 40% free, 22MB/37MB, paused 146us total 11.449ms
08-05 14:08:38.042  1548  1561 I art     : Starting a blocking GC Explicit
08-05 14:08:38.054  1548  1561 I art     : Explicit concurrent mark sweep GC freed 3(96B) AllocSpace objects, 0(0B) LOS objects, 40% free, 22MB/37MB, paused 141us total 11.321ms
08-05 14:08:38.059  1548  1561 I art     : Starting a blocking GC Explicit
08-05 14:08:38.071  1548  1561 I art     : Explicit concurrent mark sweep GC freed 3(96B) AllocSpace objects, 0(0B) LOS objects, 40% free, 22MB/37MB, paused 156us total 11.894ms
08-05 14:08:38.362  1548  1573 I art     : Starting a blocking GC Explicit
08-05 14:08:38.382  1548  1573 I art     : Explicit concurrent mark sweep GC freed 1372(82KB) AllocSpace objects, 1(20KB) LOS objects, 40% free, 22MB/37MB, paused 219us total 20.038ms
08-05 14:08:38.393  1548  1573 I art     : Starting a blocking GC Explicit
08-05 14:08:38.411  1548  1573 I art     : Explicit concurrent mark sweep GC freed 23(752B) AllocSpace objects, 0(0B) LOS objects, 40% free, 22MB/37MB, paused 220us total 17.200ms
08-05 14:08:38.419  1548  1573 I art     : Starting a blocking GC Explicit
08-05 14:08:38.432  1548  1573 I art     : Explicit concurrent mark sweep GC freed 3(96B) AllocSpace objects, 0(0B) LOS objects, 40% free, 22MB/37MB, paused 161us total 12.200ms
08-05 14:08:38.438  1548  1573 I art     : Starting a blocking GC Explicit
08-05 14:08:38.450  1548  1573 I art     : Explicit concurrent mark sweep GC freed 3(96B) AllocSpace objects, 0(0B) LOS objects, 40% free, 22MB/37MB, paused 138us total 11.552ms
08-05 14:08:38.455  1548  1573 I art     : Starting a blocking GC Explicit
08-05 14:08:38.466  1548  1573 I art     : Explicit concurrent mark sweep GC freed 3(96B) AllocSpace objects, 0(0B) LOS objects, 40% free, 22MB/37MB, paused 135us total 10.744ms
08-05 14:08:38.751  1548  1560 I art     : Starting a blocking GC Explicit
08-05 14:08:38.768  1548  1560 I art     : Explicit concurrent mark sweep GC freed 1387(80KB) AllocSpace objects, 1(20KB) LOS objects, 40% free, 22MB/37MB, paused 203us total 16.552ms
08-05 14:08:38.776  1548  1560 I art     : Starting a blocking GC Explicit
08-05 14:08:38.789  1548  1560 I art     : Explicit concurrent mark sweep GC freed 23(752B) AllocSpace objects, 0(0B) LOS objects, 40% free, 22MB/37MB, paused 163us total 13.705ms
08-05 14:08:38.797  1548  1560 I art     : Starting a blocking GC Explicit
08-05 14:08:38.809  1548  1560 I art     : Explicit concurrent mark sweep GC freed 3(96B) AllocSpace objects, 0(0B) LOS objects, 40% free, 22MB/37MB, paused 144us total 11.891ms
08-05 14:08:38.815  1548  1560 I art     : Starting a blocking GC Explicit
08-05 14:08:38.827  1548  1560 I art     : Explicit concurrent mark sweep GC freed 3(96B) AllocSpace objects, 0(0B) LOS objects, 40% free, 22MB/37MB, paused 164us total 11.583ms
08-05 14:08:38.833  1548  1560 I art     : Starting a blocking GC Explicit
08-05 14:08:38.845  1548  1560 I art     : Explicit concurrent mark sweep GC freed 3(96B) AllocSpace objects, 0(0B) LOS objects, 40% free, 22MB/37MB, paused 147us total 11.972ms
08-05 14:08:39.138  1548  1561 I art     : Starting a blocking GC Explicit
08-05 14:08:39.155  1548  1561 I art     : Explicit concurrent mark sweep GC freed 1373(80KB) AllocSpace objects, 1(20KB) LOS objects, 40% free, 22MB/37MB, paused 231us total 15.977ms
08-05 14:08:39.163  1548  1561 I art     : Starting a blocking GC Explicit
08-05 14:08:39.176  1548  1561 I art     : Explicit concurrent mark sweep GC freed 26(848B) AllocSpace objects, 0(0B) LOS objects, 40% free, 22MB/37MB, paused 152us total 12.800ms
08-05 14:08:39.182  1548  1561 I art     : Starting a blocking GC Explicit
08-05 14:08:39.193  1548  1561 I art     : Explicit concurrent mark sweep GC freed 5(160B) AllocSpace objects, 0(0B) LOS objects, 40% free, 22MB/37MB, paused 155us total 11.258ms
08-05 14:08:39.199  1548  1561 I art     : Starting a blocking GC Explicit
08-05 14:08:39.210  1548  1561 I art     : Explicit concurrent mark sweep GC freed 5(160B) AllocSpace objects, 0(0B) LOS objects, 40% free, 22MB/37MB, paused 148us total 11.285ms
08-05 14:08:39.216  1548  1561 I art     : Starting a blocking GC Explicit
08-05 14:08:39.228  1548  1561 I art     : Explicit concurrent mark sweep GC freed 5(160B) AllocSpace objects, 0(0B) LOS objects, 40% free, 22MB/37MB, paused 156us total 11.534ms
08-05 14:08:39.530  1548  1561 I art     : Starting a blocking GC Explicit
08-05 14:08:39.551  1548  1561 I art     : Explicit concurrent mark sweep GC freed 1362(80KB) AllocSpace objects, 1(20KB) LOS objects, 40% free, 22MB/37MB, paused 193us total 20.818ms
08-05 14:08:39.559  1548  1561 I art     : Starting a blocking GC Explicit
08-05 14:08:39.572  1548  1561 I art     : Explicit concurrent mark sweep GC freed 23(752B) AllocSpace objects, 0(0B) LOS objects, 40% free, 22MB/37MB, paused 164us total 13.443ms
08-05 14:08:39.579  1548  1561 I art     : Starting a blocking GC Explicit
08-05 14:08:39.592  1548  1561 I art     : Explicit concurrent mark sweep GC freed 3(96B) AllocSpace objects, 0(0B) LOS objects, 40% free, 22MB/37MB, paused 155us total 12.437ms
08-05 14:08:39.598  1548  1561 I art     : Starting a blocking GC Explicit
08-05 14:08:39.611  1548  1561 I art     : Explicit concurrent mark sweep GC freed 3(96B) AllocSpace objects, 0(0B) LOS objects, 40% free, 22MB/37MB, paused 153us total 12.388ms
08-05 14:08:39.617  1548  1561 I art     : Starting a blocking GC Explicit
08-05 14:08:39.629  1548  1561 I art     : Explicit concurrent mark sweep GC freed 30(832B) AllocSpace objects, 0(0B) LOS objects, 40% free, 22MB/37MB, paused 152us total 12.312ms
08-05 14:08:39.938  1548  1573 I art     : Starting a blocking GC Explicit
08-05 14:08:39.955  1548  1573 I art     : Explicit concurrent mark sweep GC freed 1358(80KB) AllocSpace objects, 1(20KB) LOS objects, 40% free, 22MB/37MB, paused 199us total 16.809ms
08-05 14:08:39.965  1548  1573 I art     : Starting a blocking GC Explicit
08-05 14:08:39.982  1548  1573 I art     : Explicit concurrent mark sweep GC freed 23(752B) AllocSpace objects, 0(0B) LOS objects, 40% free, 22MB/37MB, paused 193us total 16.559ms
08-05 14:08:39.990  1548  1573 I art     : Starting a blocking GC Explicit
08-05 14:08:40.003  1548  1573 I art     : Explicit concurrent mark sweep GC freed 3(96B) AllocSpace objects, 0(0B) LOS objects, 40% free, 22MB/37MB, paused 182us total 12.851ms
08-05 14:08:40.010  1548  1573 I art     : Starting a blocking GC Explicit
08-05 14:08:40.023  1548  1573 I art     : Explicit concurrent mark sweep GC freed 3(96B) AllocSpace objects, 0(0B) LOS objects, 40% free, 22MB/37MB, paused 141us total 12.956ms
08-05 14:08:40.030  1548  1573 I art     : Starting a blocking GC Explicit
08-05 14:08:40.042  1548  1573 I art     : Explicit concurrent mark sweep GC freed 3(96B) AllocSpace objects, 0(0B) LOS objects, 40% free, 22MB/37MB, paused 150us total 12.438ms
08-05 14:08:40.348  1548  1560 I art     : Starting a blocking GC Explicit
08-05 14:08:40.363  1548  1560 I art     : Explicit concurrent mark sweep GC freed 1360(81KB) AllocSpace objects, 1(20KB) LOS objects, 40% free, 22MB/37MB, paused 182us total 15.163ms
08-05 14:08:40.370  1548  1560 I art     : Starting a blocking GC Explicit
08-05 14:08:40.384  1548  1560 I art     : Explicit concurrent mark sweep GC freed 23(752B) AllocSpace objects, 0(0B) LOS objects, 40% free, 22MB/37MB, paused 157us total 13.135ms
08-05 14:08:40.390  1548  1560 I art     : Starting a blocking GC Explicit
08-05 14:08:40.403  1548  1560 I art     : Explicit concurrent mark sweep GC freed 3(96B) AllocSpace objects, 0(0B) LOS objects, 40% free, 22MB/37MB, paused 143us total 12.907ms
08-05 14:08:40.410  1548  1560 I art     : Starting a blocking GC Explicit
08-05 14:08:40.422  1548  1560 I art     : Explicit concurrent mark sweep GC freed 3(96B) AllocSpace objects, 0(0B) LOS objects, 40% free, 22MB/37MB, paused 143us total 12.405ms
08-05 14:08:40.428  1548  1560 I art     : Starting a blocking GC Explicit
08-05 14:08:40.441  1548  1560 I art     : Explicit concurrent mark sweep GC freed 3(96B) AllocSpace objects, 0(0B) LOS objects, 40% free, 22MB/37MB, paused 147us total 12.401ms
08-05 14:08:40.749  1548  1561 I art     : Starting a blocking GC Explicit
08-05 14:08:40.769  1548  1561 I art     : Explicit concurrent mark sweep GC freed 1386(82KB) AllocSpace objects, 1(20KB) LOS objects, 40% free, 22MB/37MB, paused 197us total 18.837ms
08-05 14:08:40.779  1548  1561 I art     : Starting a blocking GC Explicit
08-05 14:08:40.795  1548  1561 I art     : Explicit concurrent mark sweep GC freed 23(752B) AllocSpace objects, 0(0B) LOS objects, 40% free, 22MB/37MB, paused 180us total 16.053ms
08-05 14:08:40.804  1548  1561 I art     : Starting a blocking GC Explicit
08-05 14:08:40.817  1548  1561 I art     : Explicit concurrent mark sweep GC freed 3(96B) AllocSpace objects, 0(0B) LOS objects, 40% free, 22MB/37MB, paused 161us total 12.731ms
08-05 14:08:40.823  1548  1561 I art     : Starting a blocking GC Explicit
08-05 14:08:40.836  1548  1561 I art     : Explicit concurrent mark sweep GC freed 3(96B) AllocSpace objects, 0(0B) LOS objects, 40% free, 22MB/37MB, paused 165us total 12.552ms
08-05 14:08:40.842  1548  1561 I art     : Starting a blocking GC Explicit
08-05 14:08:40.855  1548  1561 I art     : Explicit concurrent mark sweep GC freed 3(96B) AllocSpace objects, 0(0B) LOS objects, 40% free, 22MB/37MB, paused 150us total 12.649ms
08-05 14:08:41.171  1548  1573 I art     : Starting a blocking GC Explicit
08-05 14:08:41.191  1548  1573 I art     : Explicit concurrent mark sweep GC freed 1358(79KB) AllocSpace objects, 1(20KB) LOS objects, 40% free, 22MB/37MB, paused 214us total 19.293ms
08-05 14:08:41.201  1548  1573 I art     : Starting a blocking GC Explicit
08-05 14:08:41.218  1548  1573 I art     : Explicit concurrent mark sweep GC freed 23(752B) AllocSpace objects, 0(0B) LOS objects, 40% free, 22MB/37MB, paused 168us total 16.408ms
08-05 14:08:41.226  1548  1573 I art     : Starting a blocking GC Explicit
08-05 14:08:41.239  1548  1573 I art     : Explicit concurrent mark sweep GC freed 3(96B) AllocSpace objects, 0(0B) LOS objects, 40% free, 22MB/37MB, paused 162us total 12.509ms
08-05 14:08:41.245  1548  1573 I art     : Starting a blocking GC Explicit
08-05 14:08:41.258  1548  1573 I art     : Explicit concurrent mark sweep GC freed 3(96B) AllocSpace objects, 0(0B) LOS objects, 40% free, 22MB/37MB, paused 147us total 12.805ms
08-05 14:08:41.265  1548  1573 I art     : Starting a blocking GC Explicit
08-05 14:08:41.277  1548  1573 I art     : Explicit concurrent mark sweep GC freed 3(96B) AllocSpace objects, 0(0B) LOS objects, 40% free, 22MB/37MB, paused 164us total 12.038ms
08-05 14:08:41.538  1548  1560 I art     : Starting a blocking GC Explicit
08-05 14:08:41.554  1548  1560 I art     : Explicit concurrent mark sweep GC freed 1358(79KB) AllocSpace objects, 1(20KB) LOS objects, 40% free, 22MB/37MB, paused 182us total 15.625ms
08-05 14:08:41.561  1548  1560 I art     : Starting a blocking GC Explicit
08-05 14:08:41.574  1548  1560 I art     : Explicit concurrent mark sweep GC freed 23(752B) AllocSpace objects, 0(0B) LOS objects, 40% free, 22MB/37MB, paused 161us total 13.319ms
08-05 14:08:41.581  1548  1560 I art     : Starting a blocking GC Explicit
08-05 14:08:41.593  1548  1560 I art     : Explicit concurrent mark sweep GC freed 3(96B) AllocSpace objects, 0(0B) LOS objects, 40% free, 22MB/37MB, paused 150us total 12.494ms
08-05 14:08:41.600  1548  1560 I art     : Starting a blocking GC Explicit
08-05 14:08:41.613  1548  1560 I art     : Explicit concurrent mark sweep GC freed 3(96B) AllocSpace objects, 0(0B) LOS objects, 40% free, 22MB/37MB, paused 145us total 12.866ms
08-05 14:08:41.620  1548  1560 I art     : Starting a blocking GC Explicit
08-05 14:08:41.632  1548  1560 I art     : Explicit concurrent mark sweep GC freed 30(832B) AllocSpace objects, 0(0B) LOS objects, 40% free, 22MB/37MB, paused 142us total 12.123ms
08-05 14:08:41.938  1548  1561 I art     : Starting a blocking GC Explicit
08-05 14:08:41.957  1548  1561 I art     : Explicit concurrent mark sweep GC freed 1357(79KB) AllocSpace objects, 1(20KB) LOS objects, 40% free, 22MB/37MB, paused 215us total 18.856ms
08-05 14:08:41.967  1548  1561 I art     : Starting a blocking GC Explicit
08-05 14:08:41.984  1548  1561 I art     : Explicit concurrent mark sweep GC freed 23(752B) AllocSpace objects, 0(0B) LOS objects, 40% free, 22MB/37MB, paused 168us total 16.140ms
08-05 14:08:41.992  1548  1561 I art     : Starting a blocking GC Explicit
08-05 14:08:42.005  1548  1561 I art     : Explicit concurrent mark sweep GC freed 3(96B) AllocSpace objects, 0(0B) LOS objects, 40% free, 22MB/37MB, paused 154us total 12.974ms
08-05 14:08:42.011  1548  1561 I art     : Starting a blocking GC Explicit
08-05 14:08:42.024  1548  1561 I art     : Explicit concurrent mark sweep GC freed 3(96B) AllocSpace objects, 0(0B) LOS objects, 40% free, 22MB/37MB, paused 155us total 12.893ms
08-05 14:08:42.031  1548  1561 I art     : Starting a blocking GC Explicit
08-05 14:08:42.044  1548  1561 I art     : Explicit concurrent mark sweep GC freed 3(96B) AllocSpace objects, 0(0B) LOS objects, 40% free, 22MB/37MB, paused 147us total 12.134ms
08-05 14:08:42.345  1548  1573 I art     : Starting a blocking GC Explicit
08-05 14:08:42.360  1548  1573 I art     : Explicit concurrent mark sweep GC freed 1358(79KB) AllocSpace objects, 1(20KB) LOS objects, 40% free, 22MB/37MB, paused 174us total 14.574ms
08-05 14:08:42.367  1548  1573 I art     : Starting a blocking GC Explicit
08-05 14:08:42.380  1548  1573 I art     : Explicit concurrent mark sweep GC freed 23(752B) AllocSpace objects, 0(0B) LOS objects, 40% free, 22MB/37MB, paused 151us total 12.695ms
08-05 14:08:42.387  1548  1573 I art     : Starting a blocking GC Explicit
08-05 14:08:42.399  1548  1573 I art     : Explicit concurrent mark sweep GC freed 3(96B) AllocSpace objects, 0(0B) LOS objects, 40% free, 22MB/37MB, paused 146us total 11.768ms
08-05 14:08:42.405  1548  1573 I art     : Starting a blocking GC Explicit
08-05 14:08:42.416  1548  1573 I art     : Explicit concurrent mark sweep GC freed 3(96B) AllocSpace objects, 0(0B) LOS objects, 40% free, 22MB/37MB, paused 136us total 10.967ms
08-05 14:08:42.421  1548  1573 I art     : Starting a blocking GC Explicit
08-05 14:08:42.433  1548  1573 I art     : Explicit concurrent mark sweep GC freed 3(96B) AllocSpace objects, 0(0B) LOS objects, 40% free, 22MB/37MB, paused 141us total 11.080ms
08-05 14:08:42.720  1750  1750 D AndroidRuntime: >>>>>> START com.android.internal.os.RuntimeInit uid 2000 <<<<<<
08-05 14:08:42.722  1548  1560 I art     : Starting a blocking GC Explicit
08-05 14:08:42.725  1750  1750 D AndroidRuntime: CheckJNI is OFF
08-05 14:08:42.735  1548  1560 I art     : Explicit concurrent mark sweep GC freed 1384(80KB) AllocSpace objects, 1(20KB) LOS objects, 40% free, 22MB/37MB, paused 161us total 13.378ms
08-05 14:08:42.742  1548  1560 I art     : Starting a blocking GC Explicit
08-05 14:08:42.754  1548  1560 I art     : Explicit concurrent mark sweep GC freed 23(752B) AllocSpace objects, 0(0B) LOS objects, 40% free, 22MB/37MB, paused 151us total 11.942ms
08-05 14:08:42.754  1750  1750 D ICU     : No timezone override file found: /data/misc/zoneinfo/current/icu/icu_tzdata.dat
08-05 14:08:42.760  1548  1560 I art     : Starting a blocking GC Explicit
08-05 14:08:42.772  1548  1560 I art     : Explicit concurrent mark sweep GC freed 3(96B) AllocSpace objects, 0(0B) LOS objects, 40% free, 22MB/37MB, paused 149us total 12.161ms
08-05 14:08:42.778  1548  1560 I art     : Starting a blocking GC Explicit
08-05 14:08:42.780  1750  1750 I Radio-JNI: register_android_hardware_Radio DONE
08-05 14:08:42.789  1548  1560 I art     : Explicit concurrent mark sweep GC freed 3(96B) AllocSpace objects, 0(0B) LOS objects, 40% free, 22MB/37MB, paused 147us total 11.344ms
08-05 14:08:42.795  1548  1560 I art     : Starting a blocking GC Explicit
08-05 14:08:42.796  1750  1750 D AndroidRuntime: Calling main entry com.android.commands.input.Input
08-05 14:08:42.797  1750  1750 I Input   : injectMotionEvent: MotionEvent { action=ACTION_DOWN, actionButton=0, id[0]=0, x[0]=1233.0, y[0]=1274.0, toolType[0]=TOOL_TYPE_UNKNOWN, buttonState=0, metaState=0, flags=0x0, edgeFlags=0x0, pointerCount=1, historySize=0, eventTime=799739210, downTime=799739210, deviceId=0, source=0x1002 }
08-05 14:08:42.802  1750  1750 I Input   : injectMotionEvent: MotionEvent { action=ACTION_UP, actionButton=0, id[0]=0, x[0]=1233.0, y[0]=1274.0, toolType[0]=TOOL_TYPE_UNKNOWN, buttonState=0, metaState=0, flags=0x0, edgeFlags=0x0, pointerCount=1, historySize=0, eventTime=799739210, downTime=799739210, deviceId=0, source=0x1002 }
08-05 14:08:42.806  1750  1750 D AndroidRuntime: Shutting down VM
08-05 14:08:42.806  1548  1560 I art     : Explicit concurrent mark sweep GC freed 6(192B) AllocSpace objects, 0(0B) LOS objects, 40% free, 22MB/37MB, paused 139us total 11.463ms
08-05 14:08:43.033  1548  1560 I art     : Starting a blocking GC Explicit
08-05 14:08:43.048  1548  1560 I art     : Explicit concurrent mark sweep GC freed 1358(79KB) AllocSpace objects, 1(20KB) LOS objects, 40% free, 22MB/37MB, paused 155us total 14.711ms
08-05 14:08:43.054  1548  1560 I art     : Starting a blocking GC Explicit
08-05 14:08:43.069  1548  1560 I art     : Explicit concurrent mark sweep GC freed 23(752B) AllocSpace objects, 0(0B) LOS objects, 40% free, 22MB/37MB, paused 168us total 14.953ms
08-05 14:08:43.076  1548  1560 I art     : Starting a blocking GC Explicit
08-05 14:08:43.089  1548  1560 I art     : Explicit concurrent mark sweep GC freed 3(96B) AllocSpace objects, 0(0B) LOS objects, 40% free, 22MB/37MB, paused 208us total 12.471ms
08-05 14:08:43.096  1548  1560 I art     : Starting a blocking GC Explicit
08-05 14:08:43.108  1548  1560 I art     : Explicit concurrent mark sweep GC freed 3(96B) AllocSpace objects, 0(0B) LOS objects, 40% free, 22MB/37MB, paused 162us total 12.096ms
08-05 14:08:43.115  1548  1560 I art     : Starting a blocking GC Explicit
08-05 14:08:43.127  1548  1560 I art     : Explicit concurrent mark sweep GC freed 3(96B) AllocSpace objects, 0(0B) LOS objects, 40% free, 22MB/37MB, paused 150us total 11.809ms
08-05 14:08:43.228 13866 13866 I GoogleInputMethodServic: GoogleInputMethodService.onFinishInput():3138 
08-05 14:08:43.228 13866 13866 I GoogleInputMethodServic: GoogleInputMethodService.onStartInput():1808 
08-05 14:08:43.394  1548  1560 I art     : Starting a blocking GC Explicit
08-05 14:08:43.414  1548  1560 I art     : Explicit concurrent mark sweep GC freed 1454(83KB) AllocSpace objects, 1(20KB) LOS objects, 40% free, 22MB/37MB, paused 209us total 19.453ms
08-05 14:08:43.425  1548  1560 I art     : Starting a blocking GC Explicit
08-05 14:08:43.442  1548  1560 I art     : Explicit concurrent mark sweep GC freed 31(1200B) AllocSpace objects, 0(0B) LOS objects, 40% free, 22MB/37MB, paused 169us total 17.192ms
08-05 14:08:43.450  1548  1560 I art     : Starting a blocking GC Explicit
08-05 14:08:43.462  1548  1560 I art     : Explicit concurrent mark sweep GC freed 3(96B) AllocSpace objects, 0(0B) LOS objects, 40% free, 22MB/37MB, paused 139us total 12.581ms
08-05 14:08:43.469  1548  1560 I art     : Starting a blocking GC Explicit
08-05 14:08:43.482  1548  1560 I art     : Explicit concurrent mark sweep GC freed 3(96B) AllocSpace objects, 0(0B) LOS objects, 40% free, 22MB/37MB, paused 152us total 12.629ms
08-05 14:08:43.488  1548  1560 I art     : Starting a blocking GC Explicit
08-05 14:08:43.501  1548  1560 I art     : Explicit concurrent mark sweep GC freed 3(96B) AllocSpace objects, 0(0B) LOS objects, 40% free, 22MB/37MB, paused 141us total 12.435ms
08-05 14:08:43.789  1548  1573 I art     : Starting a blocking GC Explicit
08-05 14:08:43.809  1548  1573 I art     : Explicit concurrent mark sweep GC freed 1385(80KB) AllocSpace objects, 1(20KB) LOS objects, 40% free, 22MB/37MB, paused 187us total 19.310ms
08-05 14:08:43.818  1548  1573 I art     : Starting a blocking GC Explicit
08-05 14:08:43.832  1548  1573 I art     : Explicit concurrent mark sweep GC freed 23(752B) AllocSpace objects, 0(0B) LOS objects, 40% free, 22MB/37MB, paused 160us total 13.649ms
08-05 14:08:43.838  1548  1573 I art     : Starting a blocking GC Explicit
08-05 14:08:43.851  1548  1573 I art     : Explicit concurrent mark sweep GC freed 3(96B) AllocSpace objects, 0(0B) LOS objects, 40% free, 22MB/37MB, paused 149us total 12.860ms
08-05 14:08:43.858  1548  1573 I art     : Starting a blocking GC Explicit
08-05 14:08:43.871  1548  1573 I art     : Explicit concurrent mark sweep GC freed 3(96B) AllocSpace objects, 0(0B) LOS objects, 40% free, 22MB/37MB, paused 160us total 12.616ms
08-05 14:08:43.877  1548  1573 I art     : Starting a blocking GC Explicit
08-05 14:08:43.890  1548  1573 I art     : Explicit concurrent mark sweep GC freed 3(96B) AllocSpace objects, 0(0B) LOS objects, 40% free, 22MB/37MB, paused 158us total 12.668ms
08-05 14:08:44.138  1548  1561 I art     : Starting a blocking GC Explicit
08-05 14:08:44.150  1548  1561 I art     : Explicit concurrent mark sweep GC freed 1357(79KB) AllocSpace objects, 1(20KB) LOS objects, 40% free, 22MB/37MB, paused 158us total 12.603ms
08-05 14:08:44.156  1548  1561 I art     : Starting a blocking GC Explicit
08-05 14:08:44.169  1548  1561 I art     : Explicit concurrent mark sweep GC freed 23(752B) AllocSpace objects, 0(0B) LOS objects, 40% free, 22MB/37MB, paused 162us total 12.299ms
08-05 14:08:44.175  1548  1561 I art     : Starting a blocking GC Explicit
08-05 14:08:44.188  1548  1561 I art     : Explicit concurrent mark sweep GC freed 3(96B) AllocSpace objects, 0(0B) LOS objects, 40% free, 22MB/37MB, paused 194us total 12.485ms
08-05 14:08:44.195  1548  1561 I art     : Starting a blocking GC Explicit
08-05 14:08:44.207  1548  1561 I art     : Explicit concurrent mark sweep GC freed 3(96B) AllocSpace objects, 0(0B) LOS objects, 40% free, 22MB/37MB, paused 214us total 11.921ms
08-05 14:08:44.212  1548  1561 I art     : Starting a blocking GC Explicit
08-05 14:08:44.225  1548  1561 I art     : Explicit concurrent mark sweep GC freed 3(96B) AllocSpace objects, 0(0B) LOS objects, 40% free, 22MB/37MB, paused 150us total 11.975ms
08-05 14:08:44.376  1811  1811 D AndroidRuntime: >>>>>> START com.android.internal.os.RuntimeInit uid 2000 <<<<<<
08-05 14:08:44.381  1811  1811 D AndroidRuntime: CheckJNI is OFF
08-05 14:08:44.409  1811  1811 D ICU     : No timezone override file found: /data/misc/zoneinfo/current/icu/icu_tzdata.dat
08-05 14:08:44.435  1811  1811 I Radio-JNI: register_android_hardware_Radio DONE
08-05 14:08:44.451  1811  1811 D AndroidRuntime: Calling main entry com.android.commands.input.Input
08-05 14:08:44.453  1811  1811 I Input   : injectMotionEvent: MotionEvent { action=ACTION_DOWN, actionButton=0, id[0]=0, x[0]=103.0, y[0]=192.0, toolType[0]=TOOL_TYPE_UNKNOWN, buttonState=0, metaState=0, flags=0x0, edgeFlags=0x0, pointerCount=1, historySize=0, eventTime=799740866, downTime=799740866, deviceId=0, source=0x1002 }
08-05 14:08:44.457  1811  1811 I Input   : injectMotionEvent: MotionEvent { action=ACTION_UP, actionButton=0, id[0]=0, x[0]=103.0, y[0]=192.0, toolType[0]=TOOL_TYPE_UNKNOWN, buttonState=0, metaState=0, flags=0x0, edgeFlags=0x0, pointerCount=1, historySize=0, eventTime=799740866, downTime=799740866, deviceId=0, source=0x1002 }
08-05 14:08:44.458  1811  1811 D AndroidRuntime: Shutting down VM
08-05 14:08:44.467  1548  1560 I art     : Starting a blocking GC Explicit
08-05 14:08:44.482   512  2967 D audio_hw_primary: out_set_parameters: enter: usecase(1: low-latency-playback) kvpairs: routing=2
08-05 14:08:44.483  1548  1560 I art     : Explicit concurrent mark sweep GC freed 1387(80KB) AllocSpace objects, 1(20KB) LOS objects, 40% free, 22MB/37MB, paused 205us total 15.145ms
08-05 14:08:44.489  1548  1560 I art     : Starting a blocking GC Explicit
08-05 14:08:44.495   512  2967 D audio_hw_primary: select_devices: out_snd_device(2: speaker) in_snd_device(0: none)
08-05 14:08:44.495   512  2967 D msm8974_platform: platform_send_audio_calibration: sending audio calibration for snd_device(2) acdb_id(15)
08-05 14:08:44.495   512  2967 I soundtrigger: audio_extn_sound_trigger_update_device_status: device 0x2 of type 0 for Event 1
08-05 14:08:44.503  1548  1560 I art     : Explicit concurrent mark sweep GC freed 54(1744B) AllocSpace objects, 0(0B) LOS objects, 40% free, 22MB/37MB, paused 161us total 14.305ms
08-05 14:08:44.505   512  2967 D audio_hw_primary: enable_snd_device: snd_device(2: speaker)
08-05 14:08:44.507   512  2967 D audio_hw_primary: enable_audio_route: apply and update mixer path: low-latency-playback speaker
08-05 14:08:44.510  1548  1560 I art     : Starting a blocking GC Explicit
08-05 14:08:44.516 13866 13866 I GoogleInputMethodServic: GoogleInputMethodService.onFinishInput():3138 
08-05 14:08:44.517 13866 13866 I GoogleInputMethodServic: GoogleInputMethodService.onStartInput():1808 
08-05 14:08:44.523  1548  1560 I art     : Explicit concurrent mark sweep GC freed 69(2864B) AllocSpace objects, 0(0B) LOS objects, 40% free, 22MB/37MB, paused 154us total 12.432ms
08-05 14:08:44.529  1548  1560 I art     : Starting a blocking GC Explicit
08-05 14:08:44.541  1548  1560 I art     : Explicit concurrent mark sweep GC freed 392(20KB) AllocSpace objects, 0(0B) LOS objects, 40% free, 22MB/37MB, paused 212us total 12.087ms
08-05 14:08:44.548  1548  1560 I art     : Starting a blocking GC Explicit
08-05 14:08:44.560  1548  1560 I art     : Explicit concurrent mark sweep GC freed 8(448B) AllocSpace objects, 0(0B) LOS objects, 40% free, 22MB/37MB, paused 136us total 12.269ms
08-05 14:08:44.782  1548  1561 I art     : Starting a blocking GC Explicit
08-05 14:08:44.794  1548  1561 I art     : Explicit concurrent mark sweep GC freed 1384(80KB) AllocSpace objects, 1(20KB) LOS objects, 40% free, 22MB/37MB, paused 154us total 12.222ms
08-05 14:08:44.801  1548  1561 I art     : Starting a blocking GC Explicit
08-05 14:08:44.813  1548  1561 I art     : Explicit concurrent mark sweep GC freed 31(1008B) AllocSpace objects, 0(0B) LOS objects, 40% free, 22MB/37MB, paused 154us total 12.198ms
08-05 14:08:44.820  1548  1561 I art     : Starting a blocking GC Explicit
08-05 14:08:44.832  1548  1561 I art     : Explicit concurrent mark sweep GC freed 3(96B) AllocSpace objects, 0(0B) LOS objects, 40% free, 22MB/37MB, paused 157us total 12.342ms
08-05 14:08:44.838  1548  1561 I art     : Starting a blocking GC Explicit
08-05 14:08:44.851  1548  1561 I art     : Explicit concurrent mark sweep GC freed 3(96B) AllocSpace objects, 0(0B) LOS objects, 40% free, 22MB/37MB, paused 165us total 12.317ms
08-05 14:08:44.857  1548  1561 I art     : Starting a blocking GC Explicit
08-05 14:08:44.870  1548  1561 I art     : Explicit concurrent mark sweep GC freed 3(96B) AllocSpace objects, 0(0B) LOS objects, 40% free, 22MB/37MB, paused 170us total 12.722ms
08-05 14:08:45.019  1844  1844 D AndroidRuntime: >>>>>> START com.android.internal.os.RuntimeInit uid 2000 <<<<<<
08-05 14:08:45.023  1844  1844 D AndroidRuntime: CheckJNI is OFF
08-05 14:08:45.047  1844  1844 D ICU     : No timezone override file found: /data/misc/zoneinfo/current/icu/icu_tzdata.dat
08-05 14:08:45.049   512  2967 D audio_hw_primary: disable_audio_route: reset and update mixer path: low-latency-playback speaker
08-05 14:08:45.051   512  2967 D audio_hw_primary: disable_snd_device: snd_device(2: speaker)
08-05 14:08:45.060   512  2967 I soundtrigger: audio_extn_sound_trigger_update_device_status: device 0x2 of type 0 for Event 0
08-05 14:08:45.070  1844  1844 I Radio-JNI: register_android_hardware_Radio DONE
08-05 14:08:45.085  1844  1844 D AndroidRuntime: Calling main entry com.android.commands.input.Input
08-05 14:08:45.087  1844  1844 I Input   : injectMotionEvent: MotionEvent { action=ACTION_DOWN, actionButton=0, id[0]=0, x[0]=324.0, y[0]=2298.0, toolType[0]=TOOL_TYPE_UNKNOWN, buttonState=0, metaState=0, flags=0x0, edgeFlags=0x0, pointerCount=1, historySize=0, eventTime=799741500, downTime=799741500, deviceId=0, source=0x1002 }
08-05 14:08:45.090  1844  1844 I Input   : injectMotionEvent: MotionEvent { action=ACTION_UP, actionButton=0, id[0]=0, x[0]=324.0, y[0]=2298.0, toolType[0]=TOOL_TYPE_UNKNOWN, buttonState=0, metaState=0, flags=0x0, edgeFlags=0x0, pointerCount=1, historySize=0, eventTime=799741500, downTime=799741500, deviceId=0, source=0x1002 }
08-05 14:08:45.092  1844  1844 D AndroidRuntime: Shutting down VM
08-05 14:08:45.109   918  5132 I ActivityManager: START u0 {cmp=baseline.de.danoeh.antennapod.debug/baseline.de.danoeh.antennapod.activity.PreferenceActivity} from uid 10695 on display 0
08-05 14:08:45.111   512  2967 D audio_hw_primary: out_set_parameters: enter: usecase(1: low-latency-playback) kvpairs: routing=2
08-05 14:08:45.117  1548  1560 I art     : Starting a blocking GC Explicit
08-05 14:08:45.124   512  2967 D audio_hw_primary: select_devices: out_snd_device(2: speaker) in_snd_device(0: none)
08-05 14:08:45.124   512  2967 D msm8974_platform: platform_send_audio_calibration: sending audio calibration for snd_device(2) acdb_id(15)
08-05 14:08:45.124   512  2967 I soundtrigger: audio_extn_sound_trigger_update_device_status: device 0x2 of type 0 for Event 1
08-05 14:08:45.131  1548  1560 I art     : Explicit concurrent mark sweep GC freed 1423(103KB) AllocSpace objects, 2(40KB) LOS objects, 40% free, 22MB/37MB, paused 287us total 13.778ms
08-05 14:08:45.136   512  2967 D audio_hw_primary: enable_snd_device: snd_device(2: speaker)
08-05 14:08:45.138  1548  1560 I art     : Starting a blocking GC Explicit
08-05 14:08:45.139   512  2967 D audio_hw_primary: enable_audio_route: apply and update mixer path: low-latency-playback speaker
08-05 14:08:45.152  1548  1560 I art     : Explicit concurrent mark sweep GC freed 498(47KB) AllocSpace objects, 0(0B) LOS objects, 40% free, 22MB/37MB, paused 377us total 13.069ms
08-05 14:08:45.158  1548  1560 I art     : Starting a blocking GC Explicit
08-05 14:08:45.172  1548  1560 I art     : Explicit concurrent mark sweep GC freed 604(107KB) AllocSpace objects, 0(0B) LOS objects, 40% free, 22MB/37MB, paused 612us total 13.648ms
08-05 14:08:45.179  1548  1560 I art     : Starting a blocking GC Explicit
08-05 14:08:45.181   512  2967 D AudioFlinger: mixer(0xf4740000) throttle end: throttle time(12)
08-05 14:08:45.192  1548  1560 I art     : Explicit concurrent mark sweep GC freed 342(39KB) AllocSpace objects, 0(0B) LOS objects, 40% free, 22MB/37MB, paused 159us total 13.547ms
08-05 14:08:45.198  1548  1560 I art     : Starting a blocking GC Explicit
08-05 14:08:45.210  1548  1560 I art     : Explicit concurrent mark sweep GC freed 42(1744B) AllocSpace objects, 0(0B) LOS objects, 40% free, 22MB/37MB, paused 155us total 12.008ms
08-05 14:08:45.380   918   936 I ActivityManager: Displayed baseline.de.danoeh.antennapod.debug/baseline.de.danoeh.antennapod.activity.PreferenceActivity: +247ms
08-05 14:08:45.381 13866 13866 I GoogleInputMethodServic: GoogleInputMethodService.onFinishInput():3138 
08-05 14:08:45.383 13866 13866 I GoogleInputMethodServic: GoogleInputMethodService.onStartInput():1808 
08-05 14:08:45.422  1548  1569 D OpenGLRenderer: endAllStagingAnimators on 0x7f7f19a000 (RippleDrawable) with handle 0x7f7e470e80
08-05 14:08:45.451  1548  1561 I art     : Starting a blocking GC Explicit
08-05 14:08:45.466  1548  1561 I art     : Explicit concurrent mark sweep GC freed 3350(242KB) AllocSpace objects, 1(20KB) LOS objects, 40% free, 23MB/39MB, paused 144us total 14.146ms
08-05 14:08:45.472  1548  1561 I art     : Starting a blocking GC Explicit
08-05 14:08:45.485  1548  1561 I art     : Explicit concurrent mark sweep GC freed 223(10KB) AllocSpace objects, 0(0B) LOS objects, 40% free, 23MB/38MB, paused 140us total 12.877ms
08-05 14:08:45.491  1548  1561 I art     : Starting a blocking GC Explicit
08-05 14:08:45.505  1548  1561 I art     : Explicit concurrent mark sweep GC freed 3(96B) AllocSpace objects, 0(0B) LOS objects, 40% free, 23MB/38MB, paused 155us total 13.842ms
08-05 14:08:45.512  1548  1561 I art     : Starting a blocking GC Explicit
08-05 14:08:45.527  1548  1561 I art     : Explicit concurrent mark sweep GC freed 3(96B) AllocSpace objects, 0(0B) LOS objects, 40% free, 23MB/38MB, paused 177us total 14.572ms
08-05 14:08:45.534  1548  1561 I art     : Starting a blocking GC Explicit
08-05 14:08:45.549  1548  1561 I art     : Explicit concurrent mark sweep GC freed 3(96B) AllocSpace objects, 0(0B) LOS objects, 40% free, 23MB/38MB, paused 145us total 14.831ms
08-05 14:08:45.625   380   380 W SurfaceFlinger: couldn't log to binary event log: overflow.
08-05 14:08:45.669   512  2967 D audio_hw_primary: disable_audio_route: reset and update mixer path: low-latency-playback speaker
08-05 14:08:45.671   512  2967 D audio_hw_primary: disable_snd_device: snd_device(2: speaker)
08-05 14:08:45.679   512  2967 I soundtrigger: audio_extn_sound_trigger_update_device_status: device 0x2 of type 0 for Event 0
08-05 14:08:45.754  1548  1548 D PlaybackController: Releasing PlaybackController
08-05 14:08:45.827  1548  1560 I art     : Starting a blocking GC Explicit
08-05 14:08:45.846  1548  1560 I art     : Explicit concurrent mark sweep GC freed 1647(98KB) AllocSpace objects, 1(20KB) LOS objects, 40% free, 23MB/39MB, paused 175us total 18.555ms
08-05 14:08:45.856  1548  1560 I art     : Starting a blocking GC Explicit
08-05 14:08:45.871  1548  1560 I art     : Explicit concurrent mark sweep GC freed 63(2064B) AllocSpace objects, 0(0B) LOS objects, 40% free, 23MB/39MB, paused 142us total 14.166ms
08-05 14:08:45.877  1548  1560 I art     : Starting a blocking GC Explicit
08-05 14:08:45.891  1548  1560 I art     : Explicit concurrent mark sweep GC freed 3(96B) AllocSpace objects, 0(0B) LOS objects, 40% free, 23MB/39MB, paused 142us total 14.076ms
08-05 14:08:45.897  1548  1560 I art     : Starting a blocking GC Explicit
08-05 14:08:45.912  1548  1560 I art     : Explicit concurrent mark sweep GC freed 3(96B) AllocSpace objects, 0(0B) LOS objects, 40% free, 23MB/39MB, paused 143us total 14.073ms
08-05 14:08:45.918  1548  1560 I art     : Starting a blocking GC Explicit
08-05 14:08:45.932  1548  1560 I art     : Explicit concurrent mark sweep GC freed 3(96B) AllocSpace objects, 0(0B) LOS objects, 40% free, 23MB/39MB, paused 137us total 14.095ms
08-05 14:08:46.207  1548  1561 I art     : Starting a blocking GC Explicit
08-05 14:08:46.229  1548  1561 I art     : Explicit concurrent mark sweep GC freed 1360(80KB) AllocSpace objects, 1(20KB) LOS objects, 40% free, 23MB/39MB, paused 196us total 21.438ms
08-05 14:08:46.238  1548  1561 I art     : Starting a blocking GC Explicit
08-05 14:08:46.253  1548  1561 I art     : Explicit concurrent mark sweep GC freed 23(752B) AllocSpace objects, 0(0B) LOS objects, 40% free, 23MB/39MB, paused 158us total 15.268ms
08-05 14:08:46.260  1548  1561 I art     : Starting a blocking GC Explicit
08-05 14:08:46.276  1548  1561 I art     : Explicit concurrent mark sweep GC freed 3(96B) AllocSpace objects, 0(0B) LOS objects, 40% free, 23MB/39MB, paused 151us total 15.176ms
08-05 14:08:46.282  1548  1561 I art     : Starting a blocking GC Explicit
08-05 14:08:46.297  1548  1561 I art     : Explicit concurrent mark sweep GC freed 3(96B) AllocSpace objects, 0(0B) LOS objects, 40% free, 23MB/39MB, paused 158us total 14.802ms
08-05 14:08:46.304  1548  1561 I art     : Starting a blocking GC Explicit
08-05 14:08:46.319  1548  1561 I art     : Explicit concurrent mark sweep GC freed 3(96B) AllocSpace objects, 0(0B) LOS objects, 40% free, 23MB/39MB, paused 141us total 14.714ms
08-05 14:08:46.569  1548  1573 I art     : Starting a blocking GC Explicit
08-05 14:08:46.584  1548  1573 I art     : Explicit concurrent mark sweep GC freed 1360(80KB) AllocSpace objects, 1(20KB) LOS objects, 40% free, 23MB/39MB, paused 168us total 15.170ms
08-05 14:08:46.591  1548  1573 I art     : Starting a blocking GC Explicit
08-05 14:08:46.606  1548  1573 I art     : Explicit concurrent mark sweep GC freed 23(752B) AllocSpace objects, 0(0B) LOS objects, 40% free, 23MB/39MB, paused 177us total 14.673ms
08-05 14:08:46.612  1548  1573 I art     : Starting a blocking GC Explicit
08-05 14:08:46.626  1548  1573 I art     : Explicit concurrent mark sweep GC freed 3(96B) AllocSpace objects, 0(0B) LOS objects, 40% free, 23MB/39MB, paused 151us total 13.851ms
08-05 14:08:46.632  1548  1573 I art     : Starting a blocking GC Explicit
08-05 14:08:46.641  1907  1907 D AndroidRuntime: >>>>>> START com.android.internal.os.RuntimeInit uid 2000 <<<<<<
08-05 14:08:46.645  1907  1907 D AndroidRuntime: CheckJNI is OFF
08-05 14:08:46.647  1548  1573 I art     : Explicit concurrent mark sweep GC freed 30(832B) AllocSpace objects, 0(0B) LOS objects, 40% free, 23MB/39MB, paused 160us total 14.520ms
08-05 14:08:46.653  1548  1573 I art     : Starting a blocking GC Explicit
08-05 14:08:46.667  1548  1573 I art     : Explicit concurrent mark sweep GC freed 3(96B) AllocSpace objects, 0(0B) LOS objects, 40% free, 23MB/39MB, paused 185us total 13.748ms
08-05 14:08:46.673  1907  1907 D ICU     : No timezone override file found: /data/misc/zoneinfo/current/icu/icu_tzdata.dat
08-05 14:08:46.698  1907  1907 I Radio-JNI: register_android_hardware_Radio DONE
08-05 14:08:46.713  1907  1907 D AndroidRuntime: Calling main entry com.android.commands.input.Input
08-05 14:08:46.715  1907  1907 I Input   : injectMotionEvent: MotionEvent { action=ACTION_DOWN, actionButton=0, id[0]=0, x[0]=400.0, y[0]=997.0, toolType[0]=TOOL_TYPE_UNKNOWN, buttonState=0, metaState=0, flags=0x0, edgeFlags=0x0, pointerCount=1, historySize=0, eventTime=799743127, downTime=799743127, deviceId=0, source=0x1002 }
08-05 14:08:46.720  1907  1907 I Input   : injectMotionEvent: MotionEvent { action=ACTION_UP, actionButton=0, id[0]=0, x[0]=400.0, y[0]=997.0, toolType[0]=TOOL_TYPE_UNKNOWN, buttonState=0, metaState=0, flags=0x0, edgeFlags=0x0, pointerCount=1, historySize=0, eventTime=799743127, downTime=799743127, deviceId=0, source=0x1002 }
08-05 14:08:46.722  1907  1907 D AndroidRuntime: Shutting down VM
08-05 14:08:46.727   512  2967 D audio_hw_primary: out_set_parameters: enter: usecase(1: low-latency-playback) kvpairs: routing=2
08-05 14:08:46.740   512  2967 D audio_hw_primary: select_devices: out_snd_device(2: speaker) in_snd_device(0: none)
08-05 14:08:46.740   512  2967 D msm8974_platform: platform_send_audio_calibration: sending audio calibration for snd_device(2) acdb_id(15)
08-05 14:08:46.740   512  2967 I soundtrigger: audio_extn_sound_trigger_update_device_status: device 0x2 of type 0 for Event 1
08-05 14:08:46.753   512  2967 D audio_hw_primary: enable_snd_device: snd_device(2: speaker)
08-05 14:08:46.755   512  2967 D audio_hw_primary: enable_audio_route: apply and update mixer path: low-latency-playback speaker
08-05 14:08:46.825 13866 13866 I GoogleInputMethodServic: GoogleInputMethodService.onFinishInput():3138 
08-05 14:08:46.829 13866 13866 I GoogleInputMethodServic: GoogleInputMethodService.onStartInput():1808 
08-05 14:08:46.878  1548  1560 I art     : Starting a blocking GC Explicit
08-05 14:08:46.895  1548  1560 I art     : Explicit concurrent mark sweep GC freed 2958(188KB) AllocSpace objects, 2(40KB) LOS objects, 40% free, 23MB/39MB, paused 157us total 17.025ms
08-05 14:08:46.902  1548  1560 I art     : Starting a blocking GC Explicit
08-05 14:08:46.919  1548  1560 I art     : Explicit concurrent mark sweep GC freed 178(8KB) AllocSpace objects, 0(0B) LOS objects, 40% free, 23MB/39MB, paused 153us total 16.719ms
08-05 14:08:46.927  1548  1560 I art     : Starting a blocking GC Explicit
08-05 14:08:46.943  1548  1560 I art     : Explicit concurrent mark sweep GC freed 3(96B) AllocSpace objects, 0(0B) LOS objects, 40% free, 23MB/39MB, paused 174us total 16.214ms
08-05 14:08:46.950  1548  1560 I art     : Starting a blocking GC Explicit
08-05 14:08:46.967  1548  1560 I art     : Explicit concurrent mark sweep GC freed 3(96B) AllocSpace objects, 0(0B) LOS objects, 40% free, 23MB/39MB, paused 164us total 16.485ms
08-05 14:08:46.973  1548  1560 I art     : Starting a blocking GC Explicit
08-05 14:08:46.988  1548  1560 I art     : Explicit concurrent mark sweep GC freed 3(96B) AllocSpace objects, 0(0B) LOS objects, 40% free, 23MB/39MB, paused 141us total 14.672ms
08-05 14:08:47.178   918  3261 D WifiStateMachine: starting scan for "H369AA63323"WPA_PSK with 2412,5180
08-05 14:08:47.209  1548  1561 I art     : Starting a blocking GC Explicit
08-05 14:08:47.226  1548  1561 I art     : Explicit concurrent mark sweep GC freed 1362(80KB) AllocSpace objects, 1(20KB) LOS objects, 40% free, 23MB/39MB, paused 159us total 16.602ms
08-05 14:08:47.233  1548  1561 I art     : Starting a blocking GC Explicit
08-05 14:08:47.249  1548  1561 I art     : Explicit concurrent mark sweep GC freed 23(752B) AllocSpace objects, 0(0B) LOS objects, 40% free, 23MB/39MB, paused 151us total 16.279ms
08-05 14:08:47.256  1548  1561 I art     : Starting a blocking GC Explicit
08-05 14:08:47.271  1548  1561 I art     : Explicit concurrent mark sweep GC freed 3(96B) AllocSpace objects, 0(0B) LOS objects, 40% free, 23MB/39MB, paused 150us total 14.941ms
08-05 14:08:47.278  1548  1561 I art     : Starting a blocking GC Explicit
08-05 14:08:47.283  1941  1941 D AndroidRuntime: >>>>>> START com.android.internal.os.RuntimeInit uid 2000 <<<<<<
08-05 14:08:47.286  1941  1941 D AndroidRuntime: CheckJNI is OFF
08-05 14:08:47.288   512  2967 D audio_hw_primary: disable_audio_route: reset and update mixer path: low-latency-playback speaker
08-05 14:08:47.289   512  2967 D audio_hw_primary: disable_snd_device: snd_device(2: speaker)
08-05 14:08:47.293  1548  1561 I art     : Explicit concurrent mark sweep GC freed 3(96B) AllocSpace objects, 0(0B) LOS objects, 40% free, 23MB/39MB, paused 142us total 14.946ms
08-05 14:08:47.297   512  2967 I soundtrigger: audio_extn_sound_trigger_update_device_status: device 0x2 of type 0 for Event 0
08-05 14:08:47.300  1548  1561 I art     : Starting a blocking GC Explicit
08-05 14:08:47.313  1941  1941 D ICU     : No timezone override file found: /data/misc/zoneinfo/current/icu/icu_tzdata.dat
08-05 14:08:47.314  1548  1561 I art     : Explicit concurrent mark sweep GC freed 3(96B) AllocSpace objects, 0(0B) LOS objects, 40% free, 23MB/39MB, paused 144us total 13.976ms
08-05 14:08:47.337  1941  1941 I Radio-JNI: register_android_hardware_Radio DONE
08-05 14:08:47.353  1941  1941 D AndroidRuntime: Calling main entry com.android.commands.input.Input
08-05 14:08:47.354  1941  1941 I Input   : injectMotionEvent: MotionEvent { action=ACTION_DOWN, actionButton=0, id[0]=0, x[0]=697.0, y[0]=656.0, toolType[0]=TOOL_TYPE_UNKNOWN, buttonState=0, metaState=0, flags=0x0, edgeFlags=0x0, pointerCount=1, historySize=0, eventTime=799743767, downTime=799743767, deviceId=0, source=0x1002 }
08-05 14:08:47.358  1941  1941 I Input   : injectMotionEvent: MotionEvent { action=ACTION_UP, actionButton=0, id[0]=0, x[0]=697.0, y[0]=656.0, toolType[0]=TOOL_TYPE_UNKNOWN, buttonState=0, metaState=0, flags=0x0, edgeFlags=0x0, pointerCount=1, historySize=0, eventTime=799743767, downTime=799743767, deviceId=0, source=0x1002 }
08-05 14:08:47.360  1941  1941 D AndroidRuntime: Shutting down VM
08-05 14:08:47.388   512  2967 D audio_hw_primary: out_set_parameters: enter: usecase(1: low-latency-playback) kvpairs: routing=2
08-05 14:08:47.401   512  2967 D audio_hw_primary: select_devices: out_snd_device(2: speaker) in_snd_device(0: none)
08-05 14:08:47.401   512  2967 D msm8974_platform: platform_send_audio_calibration: sending audio calibration for snd_device(2) acdb_id(15)
08-05 14:08:47.401   512  2967 I soundtrigger: audio_extn_sound_trigger_update_device_status: device 0x2 of type 0 for Event 1
08-05 14:08:47.412   512  2967 D audio_hw_primary: enable_snd_device: snd_device(2: speaker)
08-05 14:08:47.414   512  2967 D audio_hw_primary: enable_audio_route: apply and update mixer path: low-latency-playback speaker
08-05 14:08:47.450 13866 13866 I GoogleInputMethodServic: GoogleInputMethodService.onFinishInput():3138 
08-05 14:08:47.451 13866 13866 I GoogleInputMethodServic: GoogleInputMethodService.onStartInput():1808 
08-05 14:08:47.455   512  2967 D AudioFlinger: mixer(0xf4740000) throttle end: throttle time(12)
08-05 14:08:47.557  1548  1573 I art     : Starting a blocking GC Explicit
08-05 14:08:47.575  1548  1573 I art     : Explicit concurrent mark sweep GC freed 2432(194KB) AllocSpace objects, 1(20KB) LOS objects, 40% free, 23MB/39MB, paused 156us total 17.637ms
08-05 14:08:47.582  1548  1573 I art     : Starting a blocking GC Explicit
08-05 14:08:47.605  1548  1573 I art     : Explicit concurrent mark sweep GC freed 163(7KB) AllocSpace objects, 0(0B) LOS objects, 40% free, 23MB/39MB, paused 187us total 22.728ms
08-05 14:08:47.614  1548  1573 I art     : Starting a blocking GC Explicit
08-05 14:08:47.629  1548  1573 I art     : Explicit concurrent mark sweep GC freed 32(896B) AllocSpace objects, 0(0B) LOS objects, 40% free, 23MB/39MB, paused 154us total 15.387ms
08-05 14:08:47.635  1548  1573 I art     : Starting a blocking GC Explicit
08-05 14:08:47.651  1548  1573 I art     : Explicit concurrent mark sweep GC freed 3(96B) AllocSpace objects, 0(0B) LOS objects, 40% free, 23MB/39MB, paused 149us total 15.476ms
08-05 14:08:47.657  1548  1573 I art     : Starting a blocking GC Explicit
08-05 14:08:47.673  1548  1573 I art     : Explicit concurrent mark sweep GC freed 3(96B) AllocSpace objects, 0(0B) LOS objects, 40% free, 23MB/39MB, paused 180us total 14.983ms
08-05 14:08:47.678 29532 29532 W PathParser: Points are too far apart 4.030360828967057
08-05 14:08:47.678 29532 29532 W PathParser: Points are too far apart 4.030360538880159
08-05 14:08:47.695 29532 29532 W PathParser: Points are too far apart 4.030360828967057
08-05 14:08:47.695 29532 29532 W PathParser: Points are too far apart 4.030360538880159
08-05 14:08:47.712 29532 29532 W PathParser: Points are too far apart 4.030360828967057
08-05 14:08:47.712 29532 29532 W PathParser: Points are too far apart 4.030360538880159
08-05 14:08:47.728 29532 29532 W PathParser: Points are too far apart 4.030360828967057
08-05 14:08:47.729 29532 29532 W PathParser: Points are too far apart 4.030360538880159
08-05 14:08:47.745 29532 29532 W PathParser: Points are too far apart 4.030360828967057
08-05 14:08:47.745 29532 29532 W PathParser: Points are too far apart 4.030360538880159
08-05 14:08:47.767 29532 29532 W PathParser: Points are too far apart 4.030360828967057
08-05 14:08:47.767 29532 29532 W PathParser: Points are too far apart 4.030360538880159
08-05 14:08:47.778 29532 29532 W PathParser: Points are too far apart 4.030360828967057
08-05 14:08:47.778 29532 29532 W PathParser: Points are too far apart 4.030360538880159
08-05 14:08:47.910  1976  1976 D AndroidRuntime: >>>>>> START com.android.internal.os.RuntimeInit uid 2000 <<<<<<
08-05 14:08:47.916  1976  1976 D AndroidRuntime: CheckJNI is OFF
08-05 14:08:47.938   512  2967 D audio_hw_primary: disable_audio_route: reset and update mixer path: low-latency-playback speaker
08-05 14:08:47.940   512  2967 D audio_hw_primary: disable_snd_device: snd_device(2: speaker)
08-05 14:08:47.943  1548  1560 I art     : Starting a blocking GC Explicit
08-05 14:08:47.944  1976  1976 D ICU     : No timezone override file found: /data/misc/zoneinfo/current/icu/icu_tzdata.dat
08-05 14:08:47.949   512  2967 I soundtrigger: audio_extn_sound_trigger_update_device_status: device 0x2 of type 0 for Event 0
08-05 14:08:47.965  1548  1560 I art     : Explicit concurrent mark sweep GC freed 1368(80KB) AllocSpace objects, 1(20KB) LOS objects, 40% free, 23MB/39MB, paused 175us total 22ms
08-05 14:08:47.973  1548  1560 I art     : Starting a blocking GC Explicit
08-05 14:08:47.980  1976  1976 I Radio-JNI: register_android_hardware_Radio DONE
08-05 14:08:47.993  1548  1560 I art     : Explicit concurrent mark sweep GC freed 29(944B) AllocSpace objects, 0(0B) LOS objects, 40% free, 23MB/39MB, paused 140us total 19.555ms
08-05 14:08:47.999  1976  1976 D AndroidRuntime: Calling main entry com.android.commands.input.Input
08-05 14:08:48.000  1976  1976 I Input   : injectMotionEvent: MotionEvent { action=ACTION_DOWN, actionButton=0, id[0]=0, x[0]=256.0, y[0]=1589.0, toolType[0]=TOOL_TYPE_UNKNOWN, buttonState=0, metaState=0, flags=0x0, edgeFlags=0x0, pointerCount=1, historySize=0, eventTime=799744413, downTime=799744413, deviceId=0, source=0x1002 }
08-05 14:08:48.001  1548  1560 I art     : Starting a blocking GC Explicit
08-05 14:08:48.004  1976  1976 I Input   : injectMotionEvent: MotionEvent { action=ACTION_UP, actionButton=0, id[0]=0, x[0]=256.0, y[0]=1589.0, toolType[0]=TOOL_TYPE_UNKNOWN, buttonState=0, metaState=0, flags=0x0, edgeFlags=0x0, pointerCount=1, historySize=0, eventTime=799744413, downTime=799744413, deviceId=0, source=0x1002 }
08-05 14:08:48.005  1976  1976 D AndroidRuntime: Shutting down VM
08-05 14:08:48.015  1548  1548 D UserPreferences: timeOfDay: []
08-05 14:08:48.015  1548  1548 D AutoUpdateManager: Restarting update alarm.
08-05 14:08:48.017   512  2967 D audio_hw_primary: out_set_parameters: enter: usecase(1: low-latency-playback) kvpairs: routing=2
08-05 14:08:48.017  1548  1548 D AutoUpdateManager: Automatic update was deactivated
08-05 14:08:48.019  1548  1560 I art     : Explicit concurrent mark sweep GC freed 56(15KB) AllocSpace objects, 1(20KB) LOS objects, 40% free, 23MB/39MB, paused 284us total 18.255ms
08-05 14:08:48.028  1548  1560 I art     : Starting a blocking GC Explicit
08-05 14:08:48.030   512  2967 D audio_hw_primary: select_devices: out_snd_device(2: speaker) in_snd_device(0: none)
08-05 14:08:48.030   512  2967 D msm8974_platform: platform_send_audio_calibration: sending audio calibration for snd_device(2) acdb_id(15)
08-05 14:08:48.030   512  2967 I soundtrigger: audio_extn_sound_trigger_update_device_status: device 0x2 of type 0 for Event 1
08-05 14:08:48.039 13866 13866 I GoogleInputMethodServic: GoogleInputMethodService.onFinishInput():3138 
08-05 14:08:48.040 13866 13866 I GoogleInputMethodServic: GoogleInputMethodService.onStartInput():1808 
08-05 14:08:48.042   512  2967 D audio_hw_primary: enable_snd_device: snd_device(2: speaker)
08-05 14:08:48.045   512  2967 D audio_hw_primary: enable_audio_route: apply and update mixer path: low-latency-playback speaker
08-05 14:08:48.046  1548  1560 I art     : Explicit concurrent mark sweep GC freed 269(12KB) AllocSpace objects, 0(0B) LOS objects, 40% free, 23MB/39MB, paused 317us total 17.852ms
08-05 14:08:48.053  1548  1560 I art     : Starting a blocking GC Explicit
08-05 14:08:48.061 29532 29532 W PathParser: Points are too far apart 4.030360828967057
08-05 14:08:48.061 29532 29532 W PathParser: Points are too far apart 4.030360538880159
08-05 14:08:48.069  1548  1560 I art     : Explicit concurrent mark sweep GC freed 43(1520B) AllocSpace objects, 0(0B) LOS objects, 40% free, 23MB/39MB, paused 133us total 15.607ms
08-05 14:08:48.069  1548  1559 I art     : WaitForGcToComplete blocked for 15.808ms for cause HeapTrim
08-05 14:08:48.077 29532 29532 W PathParser: Points are too far apart 4.030360828967057
08-05 14:08:48.077 29532 29532 W PathParser: Points are too far apart 4.030360538880159
08-05 14:08:48.087   512  2967 D AudioFlinger: mixer(0xf4740000) throttle end: throttle time(12)
08-05 14:08:48.094 29532 29532 W PathParser: Points are too far apart 4.030360828967057
08-05 14:08:48.094 29532 29532 W PathParser: Points are too far apart 4.030360538880159
08-05 14:08:48.111 29532 29532 W PathParser: Points are too far apart 4.030360828967057
08-05 14:08:48.111 29532 29532 W PathParser: Points are too far apart 4.030360538880159
08-05 14:08:48.127 29532 29532 W PathParser: Points are too far apart 4.030360828967057
08-05 14:08:48.127 29532 29532 W PathParser: Points are too far apart 4.030360538880159
08-05 14:08:48.144 29532 29532 W PathParser: Points are too far apart 4.030360828967057
08-05 14:08:48.144 29532 29532 W PathParser: Points are too far apart 4.030360538880159
08-05 14:08:48.161 29532 29532 W PathParser: Points are too far apart 4.030360828967057
08-05 14:08:48.161 29532 29532 W PathParser: Points are too far apart 4.030360538880159
08-05 14:08:48.177 29532 29532 W PathParser: Points are too far apart 4.030360828967057
08-05 14:08:48.177 29532 29532 W PathParser: Points are too far apart 4.030360538880159
08-05 14:08:48.228   380   380 W SurfaceFlinger: couldn't log to binary event log: overflow.
08-05 14:08:48.322  1548  1561 I art     : Starting a blocking GC Explicit
08-05 14:08:48.338  1548  1561 I art     : Explicit concurrent mark sweep GC freed 1369(80KB) AllocSpace objects, 1(20KB) LOS objects, 40% free, 23MB/39MB, paused 171us total 15.504ms
08-05 14:08:48.344  1548  1561 I art     : Starting a blocking GC Explicit
08-05 14:08:48.361  1548  1561 I art     : Explicit concurrent mark sweep GC freed 28(912B) AllocSpace objects, 0(0B) LOS objects, 40% free, 23MB/39MB, paused 248us total 16.729ms
08-05 14:08:48.368  1548  1561 I art     : Starting a blocking GC Explicit
08-05 14:08:48.383  1548  1561 I art     : Explicit concurrent mark sweep GC freed 77(4KB) AllocSpace objects, 0(0B) LOS objects, 40% free, 23MB/39MB, paused 151us total 14.829ms
08-05 14:08:48.390  1548  1561 I art     : Starting a blocking GC Explicit
08-05 14:08:48.406  1548  1561 I art     : Explicit concurrent mark sweep GC freed 35(1120B) AllocSpace objects, 0(0B) LOS objects, 40% free, 23MB/39MB, paused 147us total 15.187ms
08-05 14:08:48.412  1548  1561 I art     : Starting a blocking GC Explicit
08-05 14:08:48.429  1548  1561 I art     : Explicit concurrent mark sweep GC freed 36(1152B) AllocSpace objects, 0(0B) LOS objects, 40% free, 23MB/39MB, paused 311us total 16.339ms
08-05 14:08:48.564  2000  2000 D AndroidRuntime: >>>>>> START com.android.internal.os.RuntimeInit uid 2000 <<<<<<
08-05 14:08:48.569  2000  2000 D AndroidRuntime: CheckJNI is OFF
08-05 14:08:48.578   512  2967 D audio_hw_primary: disable_audio_route: reset and update mixer path: low-latency-playback speaker
08-05 14:08:48.580   512  2967 D audio_hw_primary: disable_snd_device: snd_device(2: speaker)
08-05 14:08:48.590   512  2967 I soundtrigger: audio_extn_sound_trigger_update_device_status: device 0x2 of type 0 for Event 0
08-05 14:08:48.595  2000  2000 D ICU     : No timezone override file found: /data/misc/zoneinfo/current/icu/icu_tzdata.dat
08-05 14:08:48.619  2000  2000 I Radio-JNI: register_android_hardware_Radio DONE
08-05 14:08:48.635  2000  2000 D AndroidRuntime: Calling main entry com.android.commands.input.Input
08-05 14:08:48.637  2000  2000 I Input   : injectKeyEvent: KeyEvent { action=ACTION_DOWN, keyCode=KEYCODE_BACK, scanCode=0, metaState=0, flags=0x0, repeatCount=0, eventTime=799745050, downTime=799745050, deviceId=-1, source=0x101 }
08-05 14:08:48.641  2000  2000 I Input   : injectKeyEvent: KeyEvent { action=ACTION_UP, keyCode=KEYCODE_BACK, scanCode=0, metaState=0, flags=0x0, repeatCount=0, eventTime=799745050, downTime=799745050, deviceId=-1, source=0x101 }
08-05 14:08:48.647  2000  2000 D AndroidRuntime: Shutting down VM
08-05 14:08:48.672  1548  1561 I art     : Starting a blocking GC Explicit
08-05 14:08:48.693 13866 13866 I GoogleInputMethodServic: GoogleInputMethodService.onFinishInput():3138 
08-05 14:08:48.693 13866 13866 I GoogleInputMethodServic: GoogleInputMethodService.onStartInput():1808 
08-05 14:08:48.695  1548  1561 I art     : Explicit concurrent mark sweep GC freed 3041(150KB) AllocSpace objects, 1(20KB) LOS objects, 39% free, 24MB/40MB, paused 193us total 22.485ms
08-05 14:08:48.702  1548  1561 I art     : Starting a blocking GC Explicit
08-05 14:08:48.718  1548  1561 I art     : Explicit concurrent mark sweep GC freed 8434(533KB) AllocSpace objects, 0(0B) LOS objects, 40% free, 23MB/39MB, paused 161us total 15.716ms
08-05 14:08:48.725  1548  1561 I art     : Starting a blocking GC Explicit
08-05 14:08:48.739  1548  1561 I art     : Explicit concurrent mark sweep GC freed 17(784B) AllocSpace objects, 0(0B) LOS objects, 40% free, 23MB/39MB, paused 161us total 14.003ms
08-05 14:08:48.746  1548  1561 I art     : Starting a blocking GC Explicit
08-05 14:08:48.760  1548  1561 I art     : Explicit concurrent mark sweep GC freed 3(96B) AllocSpace objects, 0(0B) LOS objects, 40% free, 23MB/39MB, paused 158us total 14.636ms
08-05 14:08:48.767  1548  1561 I art     : Starting a blocking GC Explicit
08-05 14:08:48.783  1548  1561 I art     : Explicit concurrent mark sweep GC freed 3(96B) AllocSpace objects, 0(0B) LOS objects, 40% free, 23MB/39MB, paused 167us total 15.695ms
08-05 14:08:49.042  1548  1560 I art     : Starting a blocking GC Explicit
08-05 14:08:49.064  1548  1560 I art     : Explicit concurrent mark sweep GC freed 1466(85KB) AllocSpace objects, 1(20KB) LOS objects, 40% free, 23MB/39MB, paused 182us total 21.306ms
08-05 14:08:49.075  1548  1560 I art     : Starting a blocking GC Explicit
08-05 14:08:49.092  1548  1560 I art     : Explicit concurrent mark sweep GC freed 889(56KB) AllocSpace objects, 1(48KB) LOS objects, 40% free, 23MB/39MB, paused 158us total 16.263ms
08-05 14:08:49.099  1548  1560 I art     : Starting a blocking GC Explicit
08-05 14:08:49.115  1548  1560 I art     : Explicit concurrent mark sweep GC freed 3(96B) AllocSpace objects, 0(0B) LOS objects, 40% free, 23MB/39MB, paused 222us total 16.159ms
08-05 14:08:49.122  1548  1560 I art     : Starting a blocking GC Explicit
08-05 14:08:49.138  1548  1560 I art     : Explicit concurrent mark sweep GC freed 3(96B) AllocSpace objects, 0(0B) LOS objects, 40% free, 23MB/39MB, paused 156us total 15.636ms
08-05 14:08:49.145  1548  1560 I art     : Starting a blocking GC Explicit
08-05 14:08:49.161  1548  1560 I art     : Explicit concurrent mark sweep GC freed 3(96B) AllocSpace objects, 0(0B) LOS objects, 40% free, 23MB/39MB, paused 158us total 15.665ms
08-05 14:08:49.450  1548  1573 I art     : Starting a blocking GC Explicit
08-05 14:08:49.475  1548  1573 I art     : Explicit concurrent mark sweep GC freed 1365(80KB) AllocSpace objects, 1(20KB) LOS objects, 40% free, 23MB/39MB, paused 183us total 24.961ms
08-05 14:08:49.487  1548  1573 I art     : Starting a blocking GC Explicit
08-05 14:08:49.502  1548  1573 I art     : Explicit concurrent mark sweep GC freed 23(752B) AllocSpace objects, 0(0B) LOS objects, 40% free, 23MB/39MB, paused 164us total 14.520ms
08-05 14:08:49.508  1548  1573 I art     : Starting a blocking GC Explicit
08-05 14:08:49.523  1548  1573 I art     : Explicit concurrent mark sweep GC freed 3(96B) AllocSpace objects, 0(0B) LOS objects, 40% free, 23MB/39MB, paused 158us total 14.343ms
08-05 14:08:49.529  1548  1573 I art     : Starting a blocking GC Explicit
08-05 14:08:49.544  1548  1573 I art     : Explicit concurrent mark sweep GC freed 3(96B) AllocSpace objects, 0(0B) LOS objects, 40% free, 23MB/39MB, paused 158us total 14.749ms
08-05 14:08:49.551  1548  1573 I art     : Starting a blocking GC Explicit
08-05 14:08:49.566  1548  1573 I art     : Explicit concurrent mark sweep GC freed 3(96B) AllocSpace objects, 0(0B) LOS objects, 40% free, 23MB/39MB, paused 153us total 14.630ms
08-05 14:08:49.841  1548  1561 I art     : Starting a blocking GC Explicit
08-05 14:08:49.863  1548  1561 I art     : Explicit concurrent mark sweep GC freed 1392(80KB) AllocSpace objects, 1(20KB) LOS objects, 40% free, 23MB/39MB, paused 195us total 21.662ms
08-05 14:08:49.876  1548  1561 I art     : Starting a blocking GC Explicit
08-05 14:08:49.892  1548  1561 I art     : Explicit concurrent mark sweep GC freed 23(752B) AllocSpace objects, 0(0B) LOS objects, 40% free, 23MB/39MB, paused 147us total 15.274ms
08-05 14:08:49.898  1548  1561 I art     : Starting a blocking GC Explicit
08-05 14:08:49.913  1548  1561 I art     : Explicit concurrent mark sweep GC freed 3(96B) AllocSpace objects, 0(0B) LOS objects, 40% free, 23MB/39MB, paused 161us total 14.285ms
08-05 14:08:49.919  1548  1561 I art     : Starting a blocking GC Explicit
08-05 14:08:49.932  1548  1561 I art     : Explicit concurrent mark sweep GC freed 3(96B) AllocSpace objects, 0(0B) LOS objects, 40% free, 23MB/39MB, paused 151us total 13.222ms
08-05 14:08:49.938  1548  1561 I art     : Starting a blocking GC Explicit
08-05 14:08:49.952  1548  1561 I art     : Explicit concurrent mark sweep GC freed 3(96B) AllocSpace objects, 0(0B) LOS objects, 40% free, 23MB/39MB, paused 150us total 13.010ms
08-05 14:08:50.189  2060  2060 D AndroidRuntime: >>>>>> START com.android.internal.os.RuntimeInit uid 2000 <<<<<<
08-05 14:08:50.194  2060  2060 D AndroidRuntime: CheckJNI is OFF
08-05 14:08:50.198  1548  1560 I art     : Starting a blocking GC Explicit
08-05 14:08:50.213  1548  1560 I art     : Explicit concurrent mark sweep GC freed 1365(80KB) AllocSpace objects, 1(20KB) LOS objects, 40% free, 23MB/39MB, paused 161us total 15.103ms
08-05 14:08:50.220  1548  1560 I art     : Starting a blocking GC Explicit
08-05 14:08:50.224  2060  2060 D ICU     : No timezone override file found: /data/misc/zoneinfo/current/icu/icu_tzdata.dat
08-05 14:08:50.235  1548  1560 I art     : Explicit concurrent mark sweep GC freed 23(752B) AllocSpace objects, 0(0B) LOS objects, 40% free, 23MB/39MB, paused 154us total 15.260ms
08-05 14:08:50.242  1548  1560 I art     : Starting a blocking GC Explicit
08-05 14:08:50.250  2060  2060 I Radio-JNI: register_android_hardware_Radio DONE
08-05 14:08:50.257  1548  1560 I art     : Explicit concurrent mark sweep GC freed 3(96B) AllocSpace objects, 0(0B) LOS objects, 40% free, 23MB/39MB, paused 229us total 14.770ms
08-05 14:08:50.263  1548  1560 I art     : Starting a blocking GC Explicit
08-05 14:08:50.267  2060  2060 D AndroidRuntime: Calling main entry com.android.commands.input.Input
08-05 14:08:50.269  2060  2060 I Input   : injectKeyEvent: KeyEvent { action=ACTION_DOWN, keyCode=KEYCODE_BACK, scanCode=0, metaState=0, flags=0x0, repeatCount=0, eventTime=799746682, downTime=799746682, deviceId=-1, source=0x101 }
08-05 14:08:50.275  2060  2060 I Input   : injectKeyEvent: KeyEvent { action=ACTION_UP, keyCode=KEYCODE_BACK, scanCode=0, metaState=0, flags=0x0, repeatCount=0, eventTime=799746682, downTime=799746682, deviceId=-1, source=0x101 }
08-05 14:08:50.278  1548  1560 I art     : Explicit concurrent mark sweep GC freed 33(2048B) AllocSpace objects, 0(0B) LOS objects, 40% free, 23MB/39MB, paused 382us total 14.317ms
08-05 14:08:50.285  1548  1560 I art     : Starting a blocking GC Explicit
08-05 14:08:50.286  2060  2060 D AndroidRuntime: Shutting down VM
08-05 14:08:50.300  1548  1560 I art     : Explicit concurrent mark sweep GC freed 90(3KB) AllocSpace objects, 0(0B) LOS objects, 40% free, 23MB/39MB, paused 212us total 15.506ms
08-05 14:08:50.304  1548  1548 D QueueFragment: loadItems()
08-05 14:08:50.304  1548  1575 D DBReader: getQueue() called
08-05 14:08:50.304  1548  1575 D DBReader: getQueue()
08-05 14:08:50.304  1548  1548 V PlaybackController: initServiceNotRunning()
08-05 14:08:50.304  1548  1548 D ExternalPlayerFragment: Loading media info
08-05 14:08:50.305  1548  1548 D UserPreferences: Using default data folder
08-05 14:08:50.305  1548  1575 D DBReader: getFavoriteIDList() called
08-05 14:08:50.306  1548  1575 D DBReader: getQueueIDList() called
08-05 14:08:50.306  1548  1575 D DBReader: Extracting Feedlist
08-05 14:08:50.307  1548  1568 D DBReader: getNavDrawerData() called with: 
08-05 14:08:50.309  1548  1568 D DBReader: getDownloadedItems() called
08-05 14:08:50.309  1548  1568 D DBReader: getFavoriteIDList() called
08-05 14:08:50.310  1548  1568 D DBReader: getQueueIDList() called
08-05 14:08:50.310  1548  1568 D DBReader: Extracting Feedlist
08-05 14:08:50.350  1548  1548 D MainActivity: getLastNavFragment() -> QueueFragment
08-05 14:08:50.376 13866 13866 I GoogleInputMethodServic: GoogleInputMethodService.onFinishInput():3138 
08-05 14:08:50.376 13866 13866 I GoogleInputMethodServic: GoogleInputMethodService.onStartInput():1808 
08-05 14:08:50.522  1548  1573 I art     : Starting a blocking GC Explicit
08-05 14:08:50.538  1548  1573 I art     : Explicit concurrent mark sweep GC freed 3231(190KB) AllocSpace objects, 1(20KB) LOS objects, 40% free, 23MB/39MB, paused 155us total 16.085ms
08-05 14:08:50.544  1548  1573 I art     : Starting a blocking GC Explicit
08-05 14:08:50.559  1548  1573 I art     : Explicit concurrent mark sweep GC freed 1479(95KB) AllocSpace objects, 0(0B) LOS objects, 40% free, 23MB/39MB, paused 163us total 14.463ms
08-05 14:08:50.565  1548  1573 I art     : Starting a blocking GC Explicit
08-05 14:08:50.579  1548  1573 I art     : Explicit concurrent mark sweep GC freed 3(96B) AllocSpace objects, 0(0B) LOS objects, 40% free, 23MB/39MB, paused 171us total 13.718ms
08-05 14:08:50.585  1548  1573 I art     : Starting a blocking GC Explicit
08-05 14:08:50.599  1548  1573 I art     : Explicit concurrent mark sweep GC freed 3(96B) AllocSpace objects, 0(0B) LOS objects, 40% free, 23MB/39MB, paused 162us total 13.752ms
08-05 14:08:50.606  1548  1573 I art     : Starting a blocking GC Explicit
08-05 14:08:50.621  1548  1573 I art     : Explicit concurrent mark sweep GC freed 3(96B) AllocSpace objects, 0(0B) LOS objects, 40% free, 23MB/39MB, paused 188us total 14.338ms
08-05 14:08:50.647   380   380 W SurfaceFlinger: couldn't log to binary event log: overflow.
08-05 14:08:50.891  1548  1561 I art     : Starting a blocking GC Explicit
08-05 14:08:50.915  1548  1561 I art     : Explicit concurrent mark sweep GC freed 1935(104KB) AllocSpace objects, 1(20KB) LOS objects, 40% free, 23MB/39MB, paused 241us total 23.820ms
08-05 14:08:50.928  1548  1561 I art     : Starting a blocking GC Explicit
08-05 14:08:50.943  1548  1561 I art     : Explicit concurrent mark sweep GC freed 6245(390KB) AllocSpace objects, 11(308KB) LOS objects, 40% free, 22MB/38MB, paused 171us total 14.562ms
08-05 14:08:50.949  1548  1561 I art     : Starting a blocking GC Explicit
08-05 14:08:50.962  1548  1561 I art     : Explicit concurrent mark sweep GC freed 5(176B) AllocSpace objects, 0(0B) LOS objects, 40% free, 22MB/38MB, paused 162us total 12.599ms
08-05 14:08:50.968  1548  1561 I art     : Starting a blocking GC Explicit
08-05 14:08:50.981  1548  1561 I art     : Explicit concurrent mark sweep GC freed 3(96B) AllocSpace objects, 0(0B) LOS objects, 40% free, 22MB/38MB, paused 166us total 13.115ms
08-05 14:08:50.988  1548  1561 I art     : Starting a blocking GC Explicit
08-05 14:08:51.001  1548  1561 I art     : Explicit concurrent mark sweep GC freed 3(96B) AllocSpace objects, 0(0B) LOS objects, 40% free, 22MB/38MB, paused 165us total 12.913ms
08-05 14:08:51.281  1548  1573 I art     : Starting a blocking GC Explicit
08-05 14:08:51.300  1548  1573 I art     : Explicit concurrent mark sweep GC freed 1367(82KB) AllocSpace objects, 1(20KB) LOS objects, 40% free, 22MB/38MB, paused 195us total 18.350ms
08-05 14:08:51.310  1548  1573 I art     : Starting a blocking GC Explicit
08-05 14:08:51.324  1548  1573 I art     : Explicit concurrent mark sweep GC freed 23(752B) AllocSpace objects, 0(0B) LOS objects, 40% free, 22MB/38MB, paused 189us total 13.321ms
08-05 14:08:51.330  1548  1573 I art     : Starting a blocking GC Explicit
08-05 14:08:51.343  1548  1573 I art     : Explicit concurrent mark sweep GC freed 3(96B) AllocSpace objects, 0(0B) LOS objects, 40% free, 22MB/38MB, paused 169us total 13.180ms
08-05 14:08:51.350  1548  1573 I art     : Starting a blocking GC Explicit
08-05 14:08:51.364  1548  1573 I art     : Explicit concurrent mark sweep GC freed 3(96B) AllocSpace objects, 0(0B) LOS objects, 40% free, 22MB/38MB, paused 168us total 12.959ms
08-05 14:08:51.370  1548  1573 I art     : Starting a blocking GC Explicit
08-05 14:08:51.383  1548  1573 I art     : Explicit concurrent mark sweep GC freed 3(96B) AllocSpace objects, 0(0B) LOS objects, 40% free, 22MB/38MB, paused 162us total 12.873ms
08-05 14:08:51.632  1548  1560 I art     : Starting a blocking GC Explicit
08-05 14:08:51.646  1548  1560 I art     : Explicit concurrent mark sweep GC freed 1393(80KB) AllocSpace objects, 1(20KB) LOS objects, 40% free, 22MB/38MB, paused 163us total 13.511ms
08-05 14:08:51.653  1548  1560 I art     : Starting a blocking GC Explicit
08-05 14:08:51.666  1548  1560 I art     : Explicit concurrent mark sweep GC freed 23(752B) AllocSpace objects, 0(0B) LOS objects, 40% free, 22MB/38MB, paused 160us total 13.111ms
08-05 14:08:51.673  1548  1560 I art     : Starting a blocking GC Explicit
08-05 14:08:51.685  1548  1560 I art     : Explicit concurrent mark sweep GC freed 3(96B) AllocSpace objects, 0(0B) LOS objects, 40% free, 22MB/38MB, paused 155us total 12.696ms
08-05 14:08:51.692  1548  1560 I art     : Starting a blocking GC Explicit
08-05 14:08:51.705  1548  1560 I art     : Explicit concurrent mark sweep GC freed 3(96B) AllocSpace objects, 0(0B) LOS objects, 40% free, 22MB/38MB, paused 175us total 12.808ms
08-05 14:08:51.711  1548  1560 I art     : Starting a blocking GC Explicit
08-05 14:08:51.723  1548  1560 I art     : Explicit concurrent mark sweep GC freed 3(96B) AllocSpace objects, 0(0B) LOS objects, 40% free, 22MB/38MB, paused 153us total 11.671ms
08-05 14:08:51.872  2119  2119 D AndroidRuntime: >>>>>> START com.android.internal.os.RuntimeInit uid 2000 <<<<<<
08-05 14:08:51.878  2119  2119 D AndroidRuntime: CheckJNI is OFF
08-05 14:08:51.904  2119  2119 D ICU     : No timezone override file found: /data/misc/zoneinfo/current/icu/icu_tzdata.dat
08-05 14:08:51.930  2119  2119 I Radio-JNI: register_android_hardware_Radio DONE
08-05 14:08:51.945  2119  2119 D AndroidRuntime: Calling main entry com.android.commands.input.Input
08-05 14:08:51.947  2119  2119 I Input   : injectMotionEvent: MotionEvent { action=ACTION_DOWN, actionButton=0, id[0]=0, x[0]=103.0, y[0]=192.0, toolType[0]=TOOL_TYPE_UNKNOWN, buttonState=0, metaState=0, flags=0x0, edgeFlags=0x0, pointerCount=1, historySize=0, eventTime=799748360, downTime=799748360, deviceId=0, source=0x1002 }
08-05 14:08:51.951  2119  2119 I Input   : injectMotionEvent: MotionEvent { action=ACTION_UP, actionButton=0, id[0]=0, x[0]=103.0, y[0]=192.0, toolType[0]=TOOL_TYPE_UNKNOWN, buttonState=0, metaState=0, flags=0x0, edgeFlags=0x0, pointerCount=1, historySize=0, eventTime=799748360, downTime=799748360, deviceId=0, source=0x1002 }
08-05 14:08:51.953  2119  2119 D AndroidRuntime: Shutting down VM
08-05 14:08:51.967   512  2967 D audio_hw_primary: out_set_parameters: enter: usecase(1: low-latency-playback) kvpairs: routing=2
08-05 14:08:51.976  1548  1561 I art     : Starting a blocking GC Explicit
08-05 14:08:51.980   512  2967 D audio_hw_primary: select_devices: out_snd_device(2: speaker) in_snd_device(0: none)
08-05 14:08:51.981   512  2967 D msm8974_platform: platform_send_audio_calibration: sending audio calibration for snd_device(2) acdb_id(15)
08-05 14:08:51.981   512  2967 I soundtrigger: audio_extn_sound_trigger_update_device_status: device 0x2 of type 0 for Event 1
08-05 14:08:51.989  1548  1561 I art     : Explicit concurrent mark sweep GC freed 1417(82KB) AllocSpace objects, 1(20KB) LOS objects, 40% free, 22MB/38MB, paused 162us total 12.763ms
08-05 14:08:51.992   512  2967 D audio_hw_primary: enable_snd_device: snd_device(2: speaker)
08-05 14:08:51.994   512  2967 D audio_hw_primary: enable_audio_route: apply and update mixer path: low-latency-playback speaker
08-05 14:08:51.996  1548  1561 I art     : Starting a blocking GC Explicit
08-05 14:08:52.005 13866 13866 I GoogleInputMethodServic: GoogleInputMethodService.onFinishInput():3138 
08-05 14:08:52.006 13866 13866 I GoogleInputMethodServic: GoogleInputMethodService.onStartInput():1808 
08-05 14:08:52.009  1548  1561 I art     : Explicit concurrent mark sweep GC freed 89(3KB) AllocSpace objects, 0(0B) LOS objects, 40% free, 22MB/38MB, paused 216us total 13.007ms
08-05 14:08:52.015  1548  1561 I art     : Starting a blocking GC Explicit
08-05 14:08:52.029  1548  1561 I art     : Explicit concurrent mark sweep GC freed 11(672B) AllocSpace objects, 0(0B) LOS objects, 40% free, 22MB/38MB, paused 191us total 13.683ms
08-05 14:08:52.036  1548  1561 I art     : Starting a blocking GC Explicit
08-05 14:08:52.049  1548  1561 I art     : Explicit concurrent mark sweep GC freed 152(7KB) AllocSpace objects, 0(0B) LOS objects, 40% free, 22MB/38MB, paused 160us total 12.842ms
08-05 14:08:52.055  1548  1561 I art     : Starting a blocking GC Explicit
08-05 14:08:52.067  1548  1561 I art     : Explicit concurrent mark sweep GC freed 278(15KB) AllocSpace objects, 0(0B) LOS objects, 40% free, 22MB/38MB, paused 156us total 12.285ms
08-05 14:08:52.295  1548  1573 I art     : Starting a blocking GC Explicit
08-05 14:08:52.311  1548  1573 I art     : Explicit concurrent mark sweep GC freed 1367(81KB) AllocSpace objects, 1(20KB) LOS objects, 40% free, 22MB/38MB, paused 183us total 15.365ms
08-05 14:08:52.317  1548  1573 I art     : Starting a blocking GC Explicit
08-05 14:08:52.333  1548  1573 I art     : Explicit concurrent mark sweep GC freed 31(1008B) AllocSpace objects, 0(0B) LOS objects, 40% free, 22MB/38MB, paused 188us total 14.977ms
08-05 14:08:52.340  1548  1573 I art     : Starting a blocking GC Explicit
08-05 14:08:52.353  1548  1573 I art     : Explicit concurrent mark sweep GC freed 3(96B) AllocSpace objects, 0(0B) LOS objects, 40% free, 22MB/38MB, paused 158us total 12.474ms
08-05 14:08:52.359  1548  1573 I art     : Starting a blocking GC Explicit
08-05 14:08:52.372  1548  1573 I art     : Explicit concurrent mark sweep GC freed 3(96B) AllocSpace objects, 0(0B) LOS objects, 40% free, 22MB/38MB, paused 171us total 12.628ms
08-05 14:08:52.379  1548  1573 I art     : Starting a blocking GC Explicit
08-05 14:08:52.392  1548  1573 I art     : Explicit concurrent mark sweep GC freed 6(224B) AllocSpace objects, 0(0B) LOS objects, 40% free, 22MB/38MB, paused 168us total 12.904ms
08-05 14:08:52.528   512  2967 D audio_hw_primary: disable_audio_route: reset and update mixer path: low-latency-playback speaker
08-05 14:08:52.530   512  2967 D audio_hw_primary: disable_snd_device: snd_device(2: speaker)
08-05 14:08:52.539   512  2967 I soundtrigger: audio_extn_sound_trigger_update_device_status: device 0x2 of type 0 for Event 0
08-05 14:08:52.658  1548  1573 I art     : Starting a blocking GC Explicit
08-05 14:08:52.674  1548  1573 I art     : Explicit concurrent mark sweep GC freed 1395(81KB) AllocSpace objects, 1(20KB) LOS objects, 40% free, 22MB/38MB, paused 177us total 15.895ms
08-05 14:08:52.681  1548  1573 I art     : Starting a blocking GC Explicit
08-05 14:08:52.695  1548  1573 I art     : Explicit concurrent mark sweep GC freed 25(816B) AllocSpace objects, 0(0B) LOS objects, 40% free, 22MB/38MB, paused 193us total 14.292ms
08-05 14:08:52.702  1548  1573 I art     : Starting a blocking GC Explicit
08-05 14:08:52.715  1548  1573 I art     : Explicit concurrent mark sweep GC freed 3(96B) AllocSpace objects, 0(0B) LOS objects, 40% free, 22MB/38MB, paused 168us total 13.374ms
08-05 14:08:52.722  1548  1573 I art     : Starting a blocking GC Explicit
08-05 14:08:52.735  1548  1573 I art     : Explicit concurrent mark sweep GC freed 3(96B) AllocSpace objects, 0(0B) LOS objects, 40% free, 22MB/38MB, paused 170us total 13.415ms
08-05 14:08:52.741  1548  1573 I art     : Starting a blocking GC Explicit
08-05 14:08:52.755  1548  1573 I art     : Explicit concurrent mark sweep GC freed 3(96B) AllocSpace objects, 0(0B) LOS objects, 40% free, 22MB/38MB, paused 169us total 13.116ms
08-05 14:08:53.034  1548  1560 I art     : Starting a blocking GC Explicit
08-05 14:08:53.053  1548  1560 I art     : Explicit concurrent mark sweep GC freed 1363(82KB) AllocSpace objects, 1(20KB) LOS objects, 40% free, 22MB/38MB, paused 214us total 19.059ms
08-05 14:08:53.062  1548  1560 I art     : Starting a blocking GC Explicit
08-05 14:08:53.076  1548  1560 I art     : Explicit concurrent mark sweep GC freed 23(752B) AllocSpace objects, 0(0B) LOS objects, 40% free, 22MB/38MB, paused 160us total 13.731ms
08-05 14:08:53.083  1548  1560 I art     : Starting a blocking GC Explicit
08-05 14:08:53.096  1548  1560 I art     : Explicit concurrent mark sweep GC freed 3(96B) AllocSpace objects, 0(0B) LOS objects, 40% free, 22MB/38MB, paused 148us total 13.436ms
08-05 14:08:53.103  1548  1560 I art     : Starting a blocking GC Explicit
08-05 14:08:53.116  1548  1560 I art     : Explicit concurrent mark sweep GC freed 3(96B) AllocSpace objects, 0(0B) LOS objects, 40% free, 22MB/38MB, paused 154us total 12.915ms
08-05 14:08:53.122  1548  1560 I art     : Starting a blocking GC Explicit
08-05 14:08:53.136  1548  1560 I art     : Explicit concurrent mark sweep GC freed 3(96B) AllocSpace objects, 0(0B) LOS objects, 40% free, 22MB/38MB, paused 166us total 13.558ms
08-05 14:08:53.396  1548  1561 I art     : Starting a blocking GC Explicit
08-05 14:08:53.410  1548  1561 I art     : Explicit concurrent mark sweep GC freed 1362(80KB) AllocSpace objects, 1(20KB) LOS objects, 40% free, 22MB/38MB, paused 181us total 13.790ms
08-05 14:08:53.416  1548  1561 I art     : Starting a blocking GC Explicit
08-05 14:08:53.430  1548  1561 I art     : Explicit concurrent mark sweep GC freed 23(752B) AllocSpace objects, 0(0B) LOS objects, 40% free, 22MB/38MB, paused 179us total 13.372ms
08-05 14:08:53.437  1548  1561 I art     : Starting a blocking GC Explicit
08-05 14:08:53.449  1548  1561 I art     : Explicit concurrent mark sweep GC freed 3(96B) AllocSpace objects, 0(0B) LOS objects, 40% free, 22MB/38MB, paused 165us total 12.373ms
08-05 14:08:53.455  1548  1561 I art     : Starting a blocking GC Explicit
08-05 14:08:53.468  1548  1561 I art     : Explicit concurrent mark sweep GC freed 3(96B) AllocSpace objects, 0(0B) LOS objects, 40% free, 22MB/38MB, paused 174us total 12.607ms
08-05 14:08:53.475  1548  1561 I art     : Starting a blocking GC Explicit
08-05 14:08:53.486  1548  1561 I art     : Explicit concurrent mark sweep GC freed 3(96B) AllocSpace objects, 0(0B) LOS objects, 40% free, 22MB/38MB, paused 169us total 11.770ms
08-05 14:08:53.493  2180  2180 D AndroidRuntime: >>>>>> START com.android.internal.os.RuntimeInit uid 2000 <<<<<<
08-05 14:08:53.497  2180  2180 D AndroidRuntime: CheckJNI is OFF
08-05 14:08:53.522  2180  2180 D ICU     : No timezone override file found: /data/misc/zoneinfo/current/icu/icu_tzdata.dat
08-05 14:08:53.548  2180  2180 I Radio-JNI: register_android_hardware_Radio DONE
08-05 14:08:53.565  2180  2180 D AndroidRuntime: Calling main entry com.android.commands.input.Input
08-05 14:08:53.566  2180  2180 I Input   : injectMotionEvent: MotionEvent { action=ACTION_DOWN, actionButton=0, id[0]=0, x[0]=409.0, y[0]=1034.0, toolType[0]=TOOL_TYPE_UNKNOWN, buttonState=0, metaState=0, flags=0x0, edgeFlags=0x0, pointerCount=1, historySize=0, eventTime=799749979, downTime=799749979, deviceId=0, source=0x1002 }
08-05 14:08:53.571  2180  2180 I Input   : injectMotionEvent: MotionEvent { action=ACTION_UP, actionButton=0, id[0]=0, x[0]=409.0, y[0]=1034.0, toolType[0]=TOOL_TYPE_UNKNOWN, buttonState=0, metaState=0, flags=0x0, edgeFlags=0x0, pointerCount=1, historySize=0, eventTime=799749979, downTime=799749979, deviceId=0, source=0x1002 }
08-05 14:08:53.573  2180  2180 D AndroidRuntime: Shutting down VM
08-05 14:08:53.652  1548  1548 D MainActivity: loadFragment(index: 5, args: null)
08-05 14:08:53.652  1548  1548 D MainActivity: loadFragment(tag: AddFeedFragment, args: null)
08-05 14:08:53.653  1548  1548 D MainActivity: saveLastNavFragment(tag: AddFeedFragment)
08-05 14:08:53.653  1548  1548 D MainActivity: getLastNavFragment() -> AddFeedFragment
08-05 14:08:53.654   512  2967 D audio_hw_primary: out_set_parameters: enter: usecase(1: low-latency-playback) kvpairs: routing=2
08-05 14:08:53.667   512  2967 D audio_hw_primary: select_devices: out_snd_device(2: speaker) in_snd_device(0: none)
08-05 14:08:53.667   512  2967 D msm8974_platform: platform_send_audio_calibration: sending audio calibration for snd_device(2) acdb_id(15)
08-05 14:08:53.667   512  2967 I soundtrigger: audio_extn_sound_trigger_update_device_status: device 0x2 of type 0 for Event 1
08-05 14:08:53.678   512  2967 D audio_hw_primary: enable_snd_device: snd_device(2: speaker)
08-05 14:08:53.680   512  2967 D audio_hw_primary: enable_audio_route: apply and update mixer path: low-latency-playback speaker
08-05 14:08:53.715  1548  1573 I art     : Starting a blocking GC Explicit
08-05 14:08:53.730  1548  1573 I art     : Explicit concurrent mark sweep GC freed 3479(207KB) AllocSpace objects, 2(40KB) LOS objects, 40% free, 23MB/38MB, paused 173us total 15.061ms
08-05 14:08:53.737  1548  1573 I art     : Starting a blocking GC Explicit
08-05 14:08:53.751  1548  1573 I art     : Explicit concurrent mark sweep GC freed 1368(83KB) AllocSpace objects, 2(56KB) LOS objects, 40% free, 22MB/38MB, paused 253us total 13.661ms
08-05 14:08:53.757  1548  1573 I art     : Starting a blocking GC Explicit
08-05 14:08:53.771  1548  1573 I art     : Explicit concurrent mark sweep GC freed 8(256B) AllocSpace objects, 0(0B) LOS objects, 40% free, 22MB/38MB, paused 155us total 13.274ms
08-05 14:08:53.777  1548  1573 I art     : Starting a blocking GC Explicit
08-05 14:08:53.790  1548  1573 I art     : Explicit concurrent mark sweep GC freed 5(160B) AllocSpace objects, 0(0B) LOS objects, 40% free, 22MB/38MB, paused 159us total 12.399ms
08-05 14:08:53.796  1548  1573 I art     : Starting a blocking GC Explicit
08-05 14:08:53.808  1548  1573 I art     : Explicit concurrent mark sweep GC freed 53(2176B) AllocSpace objects, 0(0B) LOS objects, 40% free, 22MB/38MB, paused 158us total 12.053ms
08-05 14:08:54.047  1548  1573 I art     : Starting a blocking GC Explicit
08-05 14:08:54.062  1548  1573 I art     : Explicit concurrent mark sweep GC freed 1368(80KB) AllocSpace objects, 1(20KB) LOS objects, 40% free, 22MB/38MB, paused 163us total 14.216ms
08-05 14:08:54.069  1548  1573 I art     : Starting a blocking GC Explicit
08-05 14:08:54.084  1548  1573 I art     : Explicit concurrent mark sweep GC freed 85(3KB) AllocSpace objects, 0(0B) LOS objects, 40% free, 22MB/38MB, paused 172us total 14.733ms
08-05 14:08:54.091  1548  1573 I art     : Starting a blocking GC Explicit
08-05 14:08:54.095 13866 13866 I GoogleInputMethodServic: GoogleInputMethodService.onFinishInput():3138 
08-05 14:08:54.095 13866 13866 I GoogleInputMethodServic: GoogleInputMethodService.onStartInput():1808 
08-05 14:08:54.105  1548  1573 I art     : Explicit concurrent mark sweep GC freed 94(3KB) AllocSpace objects, 0(0B) LOS objects, 40% free, 22MB/38MB, paused 159us total 13.475ms
08-05 14:08:54.111  1548  1573 I art     : Starting a blocking GC Explicit
08-05 14:08:54.123  1548  1573 I art     : Explicit concurrent mark sweep GC freed 79(4KB) AllocSpace objects, 0(0B) LOS objects, 40% free, 22MB/38MB, paused 155us total 11.931ms
08-05 14:08:54.129  1548  1573 I art     : Starting a blocking GC Explicit
08-05 14:08:54.141  1548  1573 I art     : Explicit concurrent mark sweep GC freed 3(96B) AllocSpace objects, 0(0B) LOS objects, 40% free, 22MB/38MB, paused 145us total 11.779ms
08-05 14:08:54.221   512  2967 D audio_hw_primary: disable_audio_route: reset and update mixer path: low-latency-playback speaker
08-05 14:08:54.223   512  2967 D audio_hw_primary: disable_snd_device: snd_device(2: speaker)
08-05 14:08:54.230   512  2967 I soundtrigger: audio_extn_sound_trigger_update_device_status: device 0x2 of type 0 for Event 0
08-05 14:08:54.423  1548  1573 I art     : Starting a blocking GC Explicit
08-05 14:08:54.441  1548  1573 I art     : Explicit concurrent mark sweep GC freed 1362(80KB) AllocSpace objects, 1(20KB) LOS objects, 40% free, 22MB/38MB, paused 168us total 17.299ms
08-05 14:08:54.448  1548  1573 I art     : Starting a blocking GC Explicit
08-05 14:08:54.462  1548  1573 I art     : Explicit concurrent mark sweep GC freed 25(816B) AllocSpace objects, 0(0B) LOS objects, 40% free, 22MB/38MB, paused 190us total 13.823ms
08-05 14:08:54.470  1548  1573 I art     : Starting a blocking GC Explicit
08-05 14:08:54.482  1548  1573 I art     : Explicit concurrent mark sweep GC freed 3(96B) AllocSpace objects, 0(0B) LOS objects, 40% free, 22MB/38MB, paused 165us total 12.685ms
08-05 14:08:54.489  1548  1573 I art     : Starting a blocking GC Explicit
08-05 14:08:54.501  1548  1573 I art     : Explicit concurrent mark sweep GC freed 5(160B) AllocSpace objects, 0(0B) LOS objects, 40% free, 22MB/38MB, paused 145us total 12.415ms
08-05 14:08:54.507  1548  1573 I art     : Starting a blocking GC Explicit
08-05 14:08:54.519  1548  1573 I art     : Explicit concurrent mark sweep GC freed 3(96B) AllocSpace objects, 0(0B) LOS objects, 40% free, 22MB/38MB, paused 145us total 11.807ms
08-05 14:08:54.798  1548  1561 I art     : Starting a blocking GC Explicit
08-05 14:08:54.814  1548  1561 I art     : Explicit concurrent mark sweep GC freed 1391(80KB) AllocSpace objects, 1(20KB) LOS objects, 40% free, 22MB/38MB, paused 224us total 15.818ms
08-05 14:08:54.821  1548  1561 I art     : Starting a blocking GC Explicit
08-05 14:08:54.834  1548  1561 I art     : Explicit concurrent mark sweep GC freed 23(752B) AllocSpace objects, 0(0B) LOS objects, 40% free, 22MB/38MB, paused 166us total 12.401ms
08-05 14:08:54.840  1548  1561 I art     : Starting a blocking GC Explicit
08-05 14:08:54.852  1548  1561 I art     : Explicit concurrent mark sweep GC freed 3(96B) AllocSpace objects, 0(0B) LOS objects, 40% free, 22MB/38MB, paused 161us total 12.076ms
08-05 14:08:54.857  1548  1561 I art     : Starting a blocking GC Explicit
08-05 14:08:54.869  1548  1561 I art     : Explicit concurrent mark sweep GC freed 3(96B) AllocSpace objects, 0(0B) LOS objects, 40% free, 22MB/38MB, paused 162us total 11.801ms
08-05 14:08:54.875  1548  1561 I art     : Starting a blocking GC Explicit
08-05 14:08:54.887  1548  1561 I art     : Explicit concurrent mark sweep GC freed 3(96B) AllocSpace objects, 0(0B) LOS objects, 40% free, 22MB/38MB, paused 157us total 12ms
08-05 14:08:54.938 21092 21092 I Finsky  : [1] xow.onStartJob(3): SCH: onJobSchedulerWakeup with jobId 9016
08-05 14:08:54.944 21092 21092 I Finsky  : [1] xjw.a(9): Scheduling fallback in 43199996 (absolute: 1826338814)
08-05 14:08:54.946 21092 21092 I Finsky  : [1] xjw.a(9): Scheduling fallback in 64799998 (absolute: 1847938819)
08-05 14:08:54.950 21092 21092 I Finsky  : [1] xow.onStartJob(3): SCH: onJobSchedulerWakeup with jobId 9006
08-05 14:08:54.955 21092 21092 I Finsky  : [1] xjw.a(9): Scheduling fallback in 43199995 (absolute: 1826338825)
08-05 14:08:54.958 21092 21092 I Finsky  : [1] xjw.a(9): Scheduling fallback in 64799998 (absolute: 1847938831)
08-05 14:08:54.961 21092 21092 W Finsky  : [1] xow.onStartJob(9): SCH: onJobSchedulerWakeup while already running
08-05 14:08:55.008   918  1209 D NetworkMonitor/NetworkAgentInfo [WIFI () - 159]: Checking http://connectivitycheck.gstatic.com/generate_204 on "H369AA63323", 192.168.2.12=192.168.2.12
08-05 14:08:55.054 21092 21092 I Finsky  : [1] xkf.handleMessage(8): SCH: DeviceState: DeviceState{currentTime=1596629335049, isCharging=false, isIdle=false, netAny=true, netNotRoaming=true, netUnmetered=true, batteryPercent=100.0}
08-05 14:08:55.060 21092  1515 I Finsky  : [6177] xmu.a(8): SCH: Jobs in database: 1-1337 3-215 3-216 12-1 24-77777777 26-1414141414 
08-05 14:08:55.063 21092 21092 I Finsky  : [1] xkg.a(16): SCH: Running job: 12-1
08-05 14:08:55.064 21092 21092 I Finsky  : [1] ContentSyncJob.a(16): [ContentSync] job started
08-05 14:08:55.065 21092 21092 I Finsky  : [1] xkf.handleMessage(61): SCH: RunningQueue size: 1, PendingQueue size: 0
08-05 14:08:55.065 21092 21092 I Finsky  : [1] xkf.handleMessage(64): SCH: Running queue: 12-1 
08-05 14:08:55.071   918  1209 D NetworkMonitor/NetworkAgentInfo [WIFI () - 159]: Probably not a portal: exception java.io.IOException: unexpected end of stream on Connection{connectivitycheck.gstatic.com:80, proxy=HTTP@/192.168.2.12:8080 hostAddress=192.168.2.12 cipherSuite=none protocol=http/1.1} (recycle count=0)
08-05 14:08:55.072   918  3263 D ConnectivityService: NetworkAgentInfo [WIFI () - 159] validation failed
08-05 14:08:55.073   918  3261 E WifiConfigStore:  rewrite network history for "H369AA63323"WPA_PSK
08-05 14:08:55.090  2243  2243 D AndroidRuntime: >>>>>> START com.android.internal.os.RuntimeInit uid 2000 <<<<<<
08-05 14:08:55.094  2243  2243 D AndroidRuntime: CheckJNI is OFF
08-05 14:08:55.118  2243  2243 D ICU     : No timezone override file found: /data/misc/zoneinfo/current/icu/icu_tzdata.dat
08-05 14:08:55.118  1548  1560 I art     : Starting a blocking GC Explicit
08-05 14:08:55.130  1548  1560 I art     : Explicit concurrent mark sweep GC freed 1362(80KB) AllocSpace objects, 1(20KB) LOS objects, 40% free, 22MB/38MB, paused 160us total 12.258ms
08-05 14:08:55.136  1548  1560 I art     : Starting a blocking GC Explicit
08-05 14:08:55.138 21092  1538 I Finsky  : [6183] dzn.a(22): Completed 0 account content syncs with 0 successful.
08-05 14:08:55.138 21092 21092 I Finsky  : [1] ContentSyncJob.a(1): [ContentSync] Installation state replication succeeded.
08-05 14:08:55.139 21092 21092 I Finsky  : [1] xlr.a(13): SCH: jobFinished: 12-1. TimeElapsed: 76ms.
08-05 14:08:55.139 21092 21092 I Finsky  : [1] xkg.a(36): SCH: Job 12-1 finished. Not rescheduling.
08-05 14:08:55.140 21092 21092 I Finsky  : [1] xkf.handleMessage(61): SCH: RunningQueue size: 0, PendingQueue size: 0
08-05 14:08:55.140 21092 21092 I Finsky  : [1] xkf.handleMessage(25): Executor finished
08-05 14:08:55.142  2243  2243 I Radio-JNI: register_android_hardware_Radio DONE
08-05 14:08:55.148  1548  1560 I art     : Explicit concurrent mark sweep GC freed 23(752B) AllocSpace objects, 0(0B) LOS objects, 40% free, 22MB/38MB, paused 171us total 11.826ms
08-05 14:08:55.153 21092 21092 I Finsky  : [1] xmu.a(8): SCH: Jobs in database: 1-1337 3-215 3-216 24-77777777 26-1414141414 
08-05 14:08:55.153  1548  1560 I art     : Starting a blocking GC Explicit
08-05 14:08:55.154 21092 21092 I Finsky  : [1] xio.a(57): SCH: ConstraintMapping: 24-77777777,  -> L: 0ms, D: 25265365ms, C: false, I: true, N: 0
08-05 14:08:55.155 21092 21092 I Finsky  : [1] xio.a(57): SCH: ConstraintMapping: 1-1337,  -> L: 28617757ms, D: 71817757ms, C: false, I: false, N: 1
08-05 14:08:55.155 21092 21092 I Finsky  : [1] xio.a(57): SCH: ConstraintMapping: 3-215,  -> L: 0ms, D: 83692297ms, C: false, I: true, N: 2
08-05 14:08:55.156 21092 21092 I Finsky  : [1] xio.a(57): SCH: ConstraintMapping: 3-216,  -> L: 0ms, D: 83692328ms, C: true, I: true, N: 2
08-05 14:08:55.156 21092 21092 I Finsky  : [1] xio.a(57): SCH: ConstraintMapping: 26-1414141414,  -> L: 33265224ms, D: 34165224ms, C: false, I: false, N: 0
08-05 14:08:55.158  2243  2243 D AndroidRuntime: Calling main entry com.android.commands.input.Input
08-05 14:08:55.159  2243  2243 I Input   : injectMotionEvent: MotionEvent { action=ACTION_DOWN, actionButton=0, id[0]=0, x[0]=567.0, y[0]=714.0, toolType[0]=TOOL_TYPE_UNKNOWN, buttonState=0, metaState=0, flags=0x0, edgeFlags=0x0, pointerCount=1, historySize=0, eventTime=799751572, downTime=799751572, deviceId=0, source=0x1002 }
08-05 14:08:55.163  2243  2243 I Input   : injectMotionEvent: MotionEvent { action=ACTION_UP, actionButton=0, id[0]=0, x[0]=567.0, y[0]=714.0, toolType[0]=TOOL_TYPE_UNKNOWN, buttonState=0, metaState=0, flags=0x0, edgeFlags=0x0, pointerCount=1, historySize=0, eventTime=799751572, downTime=799751572, deviceId=0, source=0x1002 }
08-05 14:08:55.168  1548  1560 I art     : Explicit concurrent mark sweep GC freed 17(512B) AllocSpace objects, 0(0B) LOS objects, 40% free, 22MB/38MB, paused 351us total 13.995ms
08-05 14:08:55.168  2243  2243 D AndroidRuntime: Shutting down VM
08-05 14:08:55.169 21092 21092 I Finsky  : [1] xle.a(34): Cancelling existing jobscheduler jobs: 9012 9014 9000 9008 9017 9015 9019 9018 
08-05 14:08:55.170 21092 21092 I Finsky  : [1] xle.a(10): Throttling wakeup for job 9001 (expected to run in 0 ms) due to recent wakeup
08-05 14:08:55.170 21092 21092 I Finsky  : [1] xle.a(27): Scheduling job Id: 9001, L: 30000, D: 25265365, C: false, I: true, N: 0
08-05 14:08:55.170   512  2967 D audio_hw_primary: out_set_parameters: enter: usecase(1: low-latency-playback) kvpairs: routing=2
08-05 14:08:55.172 21092 21092 I Finsky  : [1] xle.a(27): Scheduling job Id: 9002, L: 28617757, D: 71817757, C: false, I: false, N: 1
08-05 14:08:55.173 21092 21092 I Finsky  : [1] xle.a(10): Throttling wakeup for job 9003 (expected to run in 0 ms) due to recent wakeup
08-05 14:08:55.173 21092 21092 I Finsky  : [1] xle.a(27): Scheduling job Id: 9003, L: 30000, D: 83692297, C: false, I: true, N: 2
08-05 14:08:55.174  1548  1560 I art     : Starting a blocking GC Explicit
08-05 14:08:55.175 21092 21092 I Finsky  : [1] xle.a(10): Throttling wakeup for job 9004 (expected to run in 0 ms) due to recent wakeup
08-05 14:08:55.175 21092 21092 I Finsky  : [1] xle.a(27): Scheduling job Id: 9004, L: 30000, D: 83692328, C: true, I: true, N: 2
08-05 14:08:55.176 21092 21092 I Finsky  : [1] xle.a(27): Scheduling job Id: 9005, L: 33265224, D: 34165224, C: false, I: false, N: 0
08-05 14:08:55.178 21092 21092 I Finsky  : [1] xle.a(10): Throttling wakeup for job 9006 (expected to run in 0 ms) due to recent wakeup
08-05 14:08:55.178 21092 21092 I Finsky  : [1] xle.a(27): Scheduling job Id: 9006, L: 30000, D: 25265365, C: false, I: true, N: 0
08-05 14:08:55.179  1548  2084 D AntennapodHttpClient: Creating new instance of HTTP client
08-05 14:08:55.179 21092 21092 I Finsky  : [1] xle.a(27): Scheduling job Id: 9007, L: 28617757, D: 71817757, C: false, I: false, N: 1
08-05 14:08:55.181 21092 21092 I Finsky  : [1] xle.a(10): Throttling wakeup for job 9009 (expected to run in 0 ms) due to recent wakeup
08-05 14:08:55.181 21092 21092 I Finsky  : [1] xle.a(27): Scheduling job Id: 9009, L: 30000, D: 83692297, C: false, I: true, N: 2
08-05 14:08:55.182 21092 21092 I Finsky  : [1] xle.a(10): Throttling wakeup for job 9010 (expected to run in 0 ms) due to recent wakeup
08-05 14:08:55.182 21092 21092 I Finsky  : [1] xle.a(27): Scheduling job Id: 9010, L: 30000, D: 83692328, C: true, I: true, N: 2
08-05 14:08:55.183   512  2967 D audio_hw_primary: select_devices: out_snd_device(2: speaker) in_snd_device(0: none)
08-05 14:08:55.183   512  2967 D msm8974_platform: platform_send_audio_calibration: sending audio calibration for snd_device(2) acdb_id(15)
08-05 14:08:55.183 21092 21092 I Finsky  : [1] xle.a(27): Scheduling job Id: 9011, L: 33265224, D: 34165224, C: false, I: false, N: 0
08-05 14:08:55.183   512  2967 I soundtrigger: audio_extn_sound_trigger_update_device_status: device 0x2 of type 0 for Event 1
08-05 14:08:55.188 13866 13866 I GoogleInputMethodServic: GoogleInputMethodService.onFinishInput():3138 
08-05 14:08:55.189 13866 13866 I GoogleInputMethodServic: GoogleInputMethodService.onStartInput():1808 
08-05 14:08:55.189  1548  1560 I art     : Explicit concurrent mark sweep GC freed 1268(96KB) AllocSpace objects, 0(0B) LOS objects, 40% free, 23MB/38MB, paused 805us total 15.065ms
08-05 14:08:55.193   512  2967 D audio_hw_primary: enable_snd_device: snd_device(2: speaker)
08-05 14:08:55.195   512  2967 D audio_hw_primary: enable_audio_route: apply and update mixer path: low-latency-playback speaker
08-05 14:08:55.196  1548  1560 I art     : Starting a blocking GC Explicit
08-05 14:08:55.212  1548  1560 I art     : Explicit concurrent mark sweep GC freed 2025(119KB) AllocSpace objects, 0(0B) LOS objects, 40% free, 23MB/39MB, paused 322us total 16.040ms
08-05 14:08:55.421  1548  1573 I art     : Starting a blocking GC Explicit
08-05 14:08:55.438  1548  1573 I art     : Explicit concurrent mark sweep GC freed 9253(491KB) AllocSpace objects, 4(220KB) LOS objects, 40% free, 23MB/39MB, paused 263us total 16.342ms
08-05 14:08:55.444  1548  1573 I art     : Starting a blocking GC Explicit
08-05 14:08:55.458  1548  1573 I art     : Explicit concurrent mark sweep GC freed 2382(188KB) AllocSpace objects, 1(220KB) LOS objects, 40% free, 23MB/39MB, paused 258us total 14.183ms
08-05 14:08:55.464  1548  1573 I art     : Starting a blocking GC Explicit
08-05 14:08:55.479  1548  1573 I art     : Explicit concurrent mark sweep GC freed 12(432B) AllocSpace objects, 0(0B) LOS objects, 40% free, 23MB/39MB, paused 255us total 13.982ms
08-05 14:08:55.485  1548  1573 I art     : Starting a blocking GC Explicit
08-05 14:08:55.499  1548  1573 I art     : Explicit concurrent mark sweep GC freed 8(288B) AllocSpace objects, 0(0B) LOS objects, 40% free, 23MB/39MB, paused 237us total 14.201ms
08-05 14:08:55.505  1548  1573 I art     : Starting a blocking GC Explicit
08-05 14:08:55.510  1548  2084 I NAPPA_EXPERIMENTATION: MetricNetworkRequestExecutionTime: REQUEST_DURATION_SYSTEM='317',REQUEST_DURATION_OKHTTP='155',REQUEST_SYNCHRONOUS='TRUE',RESPONSE_CODE='400',RESPONSE_METHOD='GET',RESPONSE_LENGTH_OKHTTP='0',RESPONSE_LENGTH_HEADER='0',REQUEST_PROTOCOL='h2',REQUEST_URL='https://itunes.apple.com/en/rss/toppodcasts/limit=25/explicit=true/json',
08-05 14:08:55.520  1548  1573 I art     : Explicit concurrent mark sweep GC freed 362(25KB) AllocSpace objects, 0(0B) LOS objects, 40% free, 23MB/39MB, paused 425us total 14.856ms
08-05 14:08:55.657  1548  2084 I NAPPA_EXPERIMENTATION: MetricNetworkRequestExecutionTime: REQUEST_DURATION_SYSTEM='146',REQUEST_DURATION_OKHTTP='145',REQUEST_SYNCHRONOUS='TRUE',RESPONSE_CODE='200',RESPONSE_METHOD='GET',RESPONSE_LENGTH_OKHTTP='-1',RESPONSE_LENGTH_HEADER='10075',REQUEST_PROTOCOL='h2',REQUEST_URL='https://itunes.apple.com/us/rss/toppodcasts/limit=25/explicit=true/json',
08-05 14:08:55.724  1548  1548 D AntennapodHttpClient: Creating new instance of HTTP client
08-05 14:08:55.737  1548  2307 D ApOkHttpUrlLoader: buildLoadData() called with: model = [https://is4-ssl.mzstatic.com/image/thumb/Podcasts114/v4/3f/16/74/3f167426-bf50-ce3a-d709-e4301620fc5b/mza_5832671293059882550.jpeg/170x170bb.png], width = [224], height = [224]
08-05 14:08:55.738   512  2967 D audio_hw_primary: disable_audio_route: reset and update mixer path: low-latency-playback speaker
08-05 14:08:55.739   512  2967 D audio_hw_primary: disable_snd_device: snd_device(2: speaker)
08-05 14:08:55.740  1548  2308 D DBReader: getImageAuthentication() called with: imageUrl = [https://is4-ssl.mzstatic.com/image/thumb/Podcasts114/v4/3f/16/74/3f167426-bf50-ce3a-d709-e4301620fc5b/mza_5832671293059882550.jpeg/170x170bb.png]
08-05 14:08:55.742  1548  2308 D ApOkHttpUrlLoader: no credentials for 'https://is4-ssl.mzstatic.com/image/thumb/Podcasts114/v4/3f/16/74/3f167426-bf50-ce3a-d709-e4301620fc5b/mza_5832671293059882550.jpeg/170x170bb.png'
08-05 14:08:55.743  1548  2309 D ApOkHttpUrlLoader: buildLoadData() called with: model = [https://is4-ssl.mzstatic.com/image/thumb/Podcasts113/v4/e5/8a/10/e58a108f-f5d0-f622-c94a-13f66edd570c/mza_3025981348644196724.jpg/170x170bb.png], width = [224], height = [224]
08-05 14:08:55.746  1548  2310 D ApOkHttpUrlLoader: buildLoadData() called with: model = [https://is2-ssl.mzstatic.com/image/thumb/Podcasts113/v4/a9/39/cc/a939ccc5-6d60-0c11-0a4c-16d71cdef89b/mza_8787577209688278658.jpg/170x170bb.png], width = [224], height = [224]
08-05 14:08:55.746  1548  2311 D DBReader: getImageAuthentication() called with: imageUrl = [https://is4-ssl.mzstatic.com/image/thumb/Podcasts113/v4/e5/8a/10/e58a108f-f5d0-f622-c94a-13f66edd570c/mza_3025981348644196724.jpg/170x170bb.png]
08-05 14:08:55.747   512  2967 I soundtrigger: audio_extn_sound_trigger_update_device_status: device 0x2 of type 0 for Event 0
08-05 14:08:55.747  1548  2312 D DBReader: getImageAuthentication() called with: imageUrl = [https://is2-ssl.mzstatic.com/image/thumb/Podcasts113/v4/a9/39/cc/a939ccc5-6d60-0c11-0a4c-16d71cdef89b/mza_8787577209688278658.jpg/170x170bb.png]
08-05 14:08:55.748  1548  2311 D ApOkHttpUrlLoader: no credentials for 'https://is4-ssl.mzstatic.com/image/thumb/Podcasts113/v4/e5/8a/10/e58a108f-f5d0-f622-c94a-13f66edd570c/mza_3025981348644196724.jpg/170x170bb.png'
08-05 14:08:55.749  1548  2313 D ApOkHttpUrlLoader: buildLoadData() called with: model = [https://is5-ssl.mzstatic.com/image/thumb/Podcasts114/v4/93/cf/99/93cf9960-fff3-205e-6655-72c03ddeccb2/mza_10545582232493904175.jpeg/170x170bb.png], width = [224], height = [224]
08-05 14:08:55.749  1548  2312 D ApOkHttpUrlLoader: no credentials for 'https://is2-ssl.mzstatic.com/image/thumb/Podcasts113/v4/a9/39/cc/a939ccc5-6d60-0c11-0a4c-16d71cdef89b/mza_8787577209688278658.jpg/170x170bb.png'
08-05 14:08:55.750  1548  2314 D DBReader: getImageAuthentication() called with: imageUrl = [https://is5-ssl.mzstatic.com/image/thumb/Podcasts114/v4/93/cf/99/93cf9960-fff3-205e-6655-72c03ddeccb2/mza_10545582232493904175.jpeg/170x170bb.png]
08-05 14:08:55.751  1548  2314 D ApOkHttpUrlLoader: no credentials for 'https://is5-ssl.mzstatic.com/image/thumb/Podcasts114/v4/93/cf/99/93cf9960-fff3-205e-6655-72c03ddeccb2/mza_10545582232493904175.jpeg/170x170bb.png'
08-05 14:08:55.751  1548  2307 D ApOkHttpUrlLoader: buildLoadData() called with: model = [https://is4-ssl.mzstatic.com/image/thumb/Podcasts124/v4/49/a4/91/49a491b7-3daf-c5dc-d7c6-6c4f1486955c/mza_5930014091766152297.png/170x170bb.png], width = [224], height = [224]
08-05 14:08:55.753  1548  2315 D DBReader: getImageAuthentication() called with: imageUrl = [https://is4-ssl.mzstatic.com/image/thumb/Podcasts124/v4/49/a4/91/49a491b7-3daf-c5dc-d7c6-6c4f1486955c/mza_5930014091766152297.png/170x170bb.png]
08-05 14:08:55.754  1548  2309 D ApOkHttpUrlLoader: buildLoadData() called with: model = [https://is5-ssl.mzstatic.com/image/thumb/Podcasts113/v4/fd/54/6e/fd546ea0-7ab2-e3f0-6049-884d82917af9/mza_4855349695799758348.jpeg/170x170bb.png], width = [224], height = [224]
08-05 14:08:55.754  1548  2315 D ApOkHttpUrlLoader: no credentials for 'https://is4-ssl.mzstatic.com/image/thumb/Podcasts124/v4/49/a4/91/49a491b7-3daf-c5dc-d7c6-6c4f1486955c/mza_5930014091766152297.png/170x170bb.png'
08-05 14:08:55.756  1548  2316 D DBReader: getImageAuthentication() called with: imageUrl = [https://is5-ssl.mzstatic.com/image/thumb/Podcasts113/v4/fd/54/6e/fd546ea0-7ab2-e3f0-6049-884d82917af9/mza_4855349695799758348.jpeg/170x170bb.png]
08-05 14:08:55.757  1548  2316 D ApOkHttpUrlLoader: no credentials for 'https://is5-ssl.mzstatic.com/image/thumb/Podcasts113/v4/fd/54/6e/fd546ea0-7ab2-e3f0-6049-884d82917af9/mza_4855349695799758348.jpeg/170x170bb.png'
08-05 14:08:55.757  1548  2310 D ApOkHttpUrlLoader: buildLoadData() called with: model = [https://is2-ssl.mzstatic.com/image/thumb/Podcasts114/v4/b3/4c/cf/b34ccfc2-cea4-1ca1-0fad-7793af301cc5/mza_2466085192629456364.jpg/170x170bb.png], width = [224], height = [224]
08-05 14:08:55.759  1548  2317 D DBReader: getImageAuthentication() called with: imageUrl = [https://is2-ssl.mzstatic.com/image/thumb/Podcasts114/v4/b3/4c/cf/b34ccfc2-cea4-1ca1-0fad-7793af301cc5/mza_2466085192629456364.jpg/170x170bb.png]
08-05 14:08:55.759  1548  2317 D ApOkHttpUrlLoader: no credentials for 'https://is2-ssl.mzstatic.com/image/thumb/Podcasts114/v4/b3/4c/cf/b34ccfc2-cea4-1ca1-0fad-7793af301cc5/mza_2466085192629456364.jpg/170x170bb.png'
08-05 14:08:55.762  1548  1573 I art     : Starting a blocking GC Explicit
08-05 14:08:55.782  1548  1573 I art     : Explicit concurrent mark sweep GC freed 13846(865KB) AllocSpace objects, 5(372KB) LOS objects, 39% free, 24MB/40MB, paused 527us total 19.508ms
08-05 14:08:55.788  1548  1573 I art     : Starting a blocking GC Explicit
08-05 14:08:55.803  1548  1573 I art     : Explicit concurrent mark sweep GC freed 486(26KB) AllocSpace objects, 0(0B) LOS objects, 39% free, 24MB/40MB, paused 487us total 15.094ms
08-05 14:08:55.809  1548  1573 I art     : Starting a blocking GC Explicit
08-05 14:08:55.824  1548  1573 I art     : Explicit concurrent mark sweep GC freed 152(10KB) AllocSpace objects, 0(0B) LOS objects, 39% free, 24MB/40MB, paused 449us total 14.554ms
08-05 14:08:55.830  1548  1573 I art     : Starting a blocking GC Explicit
08-05 14:08:55.846  1548  1573 I art     : Explicit concurrent mark sweep GC freed 9(416B) AllocSpace objects, 0(0B) LOS objects, 39% free, 24MB/40MB, paused 458us total 15.365ms
08-05 14:08:55.852  1548  1573 I art     : Starting a blocking GC Explicit
08-05 14:08:55.867  1548  1573 I art     : Explicit concurrent mark sweep GC freed 3(96B) AllocSpace objects, 0(0B) LOS objects, 39% free, 24MB/40MB, paused 448us total 15.565ms
08-05 14:08:56.130  1548  1561 I art     : Starting a blocking GC Explicit
08-05 14:08:56.134  1548  2311 D MYTAG   : interceptor 2a
08-05 14:08:56.135  1548  2311 I NAPPA_EXPERIMENTATION: MetricNetworkRequestExecutionTime: REQUEST_DURATION_SYSTEM='385',REQUEST_DURATION_OKHTTP='170',REQUEST_SYNCHRONOUS='TRUE',RESPONSE_CODE='200',RESPONSE_METHOD='GET',RESPONSE_LENGTH_OKHTTP='45995',RESPONSE_LENGTH_HEADER='45995',REQUEST_PROTOCOL='h2',REQUEST_URL='https://is4-ssl.mzstatic.com/image/thumb/Podcasts113/v4/e5/8a/10/e58a108f-f5d0-f622-c94a-13f66edd570c/mza_3025981348644196724.jpg/170x170bb.png',
08-05 14:08:56.160  1548  1561 I art     : Explicit concurrent mark sweep GC freed 27961(1357KB) AllocSpace objects, 4(220KB) LOS objects, 39% free, 24MB/40MB, paused 757us total 29.908ms
08-05 14:08:56.168  1548  1561 I art     : Starting a blocking GC Explicit
08-05 14:08:56.176  1548  2315 D MYTAG   : interceptor 2a
08-05 14:08:56.176  1548  2315 I NAPPA_EXPERIMENTATION: MetricNetworkRequestExecutionTime: REQUEST_DURATION_SYSTEM='422',REQUEST_DURATION_OKHTTP='200',REQUEST_SYNCHRONOUS='TRUE',RESPONSE_CODE='200',RESPONSE_METHOD='GET',RESPONSE_LENGTH_OKHTTP='12000',RESPONSE_LENGTH_HEADER='12000',REQUEST_PROTOCOL='h2',REQUEST_URL='https://is4-ssl.mzstatic.com/image/thumb/Podcasts124/v4/49/a4/91/49a491b7-3daf-c5dc-d7c6-6c4f1486955c/mza_5930014091766152297.png/170x170bb.png',
08-05 14:08:56.188  1548  1561 I art     : Explicit concurrent mark sweep GC freed 1760(160KB) AllocSpace objects, 0(0B) LOS objects, 39% free, 24MB/40MB, paused 685us total 19.806ms
08-05 14:08:56.194  1548  1561 I art     : Starting a blocking GC Explicit
08-05 14:08:56.210  1548  2312 D MYTAG   : interceptor 2a
08-05 14:08:56.210  1548  2312 I NAPPA_EXPERIMENTATION: MetricNetworkRequestExecutionTime: REQUEST_DURATION_SYSTEM='461',REQUEST_DURATION_OKHTTP='223',REQUEST_SYNCHRONOUS='TRUE',RESPONSE_CODE='200',RESPONSE_METHOD='GET',RESPONSE_LENGTH_OKHTTP='48239',RESPONSE_LENGTH_HEADER='48239',REQUEST_PROTOCOL='h2',REQUEST_URL='https://is2-ssl.mzstatic.com/image/thumb/Podcasts113/v4/a9/39/cc/a939ccc5-6d60-0c11-0a4c-16d71cdef89b/mza_8787577209688278658.jpg/170x170bb.png',
08-05 14:08:56.211  1548  1561 I art     : Explicit concurrent mark sweep GC freed 642(27KB) AllocSpace objects, 0(0B) LOS objects, 39% free, 24MB/40MB, paused 659us total 16.483ms
08-05 14:08:56.217  1548  1561 I art     : Starting a blocking GC Explicit
08-05 14:08:56.233  1548  1561 I art     : Explicit concurrent mark sweep GC freed 140(15KB) AllocSpace objects, 0(0B) LOS objects, 39% free, 24MB/40MB, paused 539us total 15.675ms
08-05 14:08:56.239  1548  1561 I art     : Starting a blocking GC Explicit
08-05 14:08:56.247  1548  2316 D MYTAG   : interceptor 2a
08-05 14:08:56.247  1548  2316 I NAPPA_EXPERIMENTATION: MetricNetworkRequestExecutionTime: REQUEST_DURATION_SYSTEM='490',REQUEST_DURATION_OKHTTP='271',REQUEST_SYNCHRONOUS='TRUE',RESPONSE_CODE='200',RESPONSE_METHOD='GET',RESPONSE_LENGTH_OKHTTP='54835',RESPONSE_LENGTH_HEADER='54835',REQUEST_PROTOCOL='h2',REQUEST_URL='https://is5-ssl.mzstatic.com/image/thumb/Podcasts113/v4/fd/54/6e/fd546ea0-7ab2-e3f0-6049-884d82917af9/mza_4855349695799758348.jpeg/170x170bb.png',
08-05 14:08:56.255  1548  1561 I art     : Explicit concurrent mark sweep GC freed 260(20KB) AllocSpace objects, 0(0B) LOS objects, 38% free, 25MB/41MB, paused 505us total 15.815ms
08-05 14:08:56.266  1548  2317 D MYTAG   : interceptor 2a
08-05 14:08:56.266  1548  2317 I NAPPA_EXPERIMENTATION: MetricNetworkRequestExecutionTime: REQUEST_DURATION_SYSTEM='506',REQUEST_DURATION_OKHTTP='273',REQUEST_SYNCHRONOUS='TRUE',RESPONSE_CODE='200',RESPONSE_METHOD='GET',RESPONSE_LENGTH_OKHTTP='42299',RESPONSE_LENGTH_HEADER='42299',REQUEST_PROTOCOL='h2',REQUEST_URL='https://is2-ssl.mzstatic.com/image/thumb/Podcasts114/v4/b3/4c/cf/b34ccfc2-cea4-1ca1-0fad-7793af301cc5/mza_2466085192629456364.jpg/170x170bb.png',
08-05 14:08:56.273  1548  2308 D MYTAG   : interceptor 2a
08-05 14:08:56.273  1548  2308 I NAPPA_EXPERIMENTATION: MetricNetworkRequestExecutionTime: REQUEST_DURATION_SYSTEM='531',REQUEST_DURATION_OKHTTP='283',REQUEST_SYNCHRONOUS='TRUE',RESPONSE_CODE='200',RESPONSE_METHOD='GET',RESPONSE_LENGTH_OKHTTP='26177',RESPONSE_LENGTH_HEADER='26177',REQUEST_PROTOCOL='h2',REQUEST_URL='https://is4-ssl.mzstatic.com/image/thumb/Podcasts114/v4/3f/16/74/3f167426-bf50-ce3a-d709-e4301620fc5b/mza_5832671293059882550.jpeg/170x170bb.png',
08-05 14:08:56.285  1548  2314 D MYTAG   : interceptor 2a
08-05 14:08:56.285  1548  2314 I NAPPA_EXPERIMENTATION: MetricNetworkRequestExecutionTime: REQUEST_DURATION_SYSTEM='534',REQUEST_DURATION_OKHTTP='284',REQUEST_SYNCHRONOUS='TRUE',RESPONSE_CODE='200',RESPONSE_METHOD='GET',RESPONSE_LENGTH_OKHTTP='22351',RESPONSE_LENGTH_HEADER='22351',REQUEST_PROTOCOL='h2',REQUEST_URL='https://is5-ssl.mzstatic.com/image/thumb/Podcasts114/v4/93/cf/99/93cf9960-fff3-205e-6655-72c03ddeccb2/mza_10545582232493904175.jpeg/170x170bb.png',
08-05 14:08:56.531  1548  1573 I art     : Starting a blocking GC Explicit
08-05 14:08:56.558  1548  1573 I art     : Explicit concurrent mark sweep GC freed 3073(177KB) AllocSpace objects, 1(20KB) LOS objects, 38% free, 25MB/41MB, paused 548us total 26.919ms
08-05 14:08:56.565  1548  1573 I art     : Starting a blocking GC Explicit
08-05 14:08:56.583  1548  1573 I art     : Explicit concurrent mark sweep GC freed 31(1328B) AllocSpace objects, 0(0B) LOS objects, 38% free, 25MB/41MB, paused 415us total 18.226ms
08-05 14:08:56.591  1548  1573 I art     : Starting a blocking GC Explicit
08-05 14:08:56.608  1548  1573 I art     : Explicit concurrent mark sweep GC freed 3(96B) AllocSpace objects, 0(0B) LOS objects, 38% free, 25MB/41MB, paused 385us total 17.220ms
08-05 14:08:56.615  1548  1573 I art     : Starting a blocking GC Explicit
08-05 14:08:56.632  1548  1573 I art     : Explicit concurrent mark sweep GC freed 32(880B) AllocSpace objects, 0(0B) LOS objects, 38% free, 25MB/41MB, paused 384us total 17.247ms
08-05 14:08:56.639  1548  1573 I art     : Starting a blocking GC Explicit
08-05 14:08:56.656  1548  1573 I art     : Explicit concurrent mark sweep GC freed 3(96B) AllocSpace objects, 0(0B) LOS objects, 38% free, 25MB/41MB, paused 393us total 16.774ms
08-05 14:08:56.936  1548  1561 I art     : Starting a blocking GC Explicit
08-05 14:08:56.961  1548  1561 I art     : Explicit concurrent mark sweep GC freed 1363(80KB) AllocSpace objects, 1(20KB) LOS objects, 38% free, 25MB/41MB, paused 428us total 24.196ms
08-05 14:08:56.972  1548  1561 I art     : Starting a blocking GC Explicit
08-05 14:08:56.993  1548  1561 I art     : Explicit concurrent mark sweep GC freed 23(752B) AllocSpace objects, 0(0B) LOS objects, 38% free, 25MB/41MB, paused 420us total 20.551ms
08-05 14:08:57.000  1548  1561 I art     : Starting a blocking GC Explicit
08-05 14:08:57.018  1548  1561 I art     : Explicit concurrent mark sweep GC freed 3(96B) AllocSpace objects, 0(0B) LOS objects, 38% free, 25MB/41MB, paused 395us total 18.329ms
08-05 14:08:57.026  1548  1561 I art     : Starting a blocking GC Explicit
08-05 14:08:57.043  1548  1561 I art     : Explicit concurrent mark sweep GC freed 3(96B) AllocSpace objects, 0(0B) LOS objects, 38% free, 25MB/41MB, paused 391us total 17.104ms
08-05 14:08:57.049  1548  1561 I art     : Starting a blocking GC Explicit
08-05 14:08:57.067  1548  1561 I art     : Explicit concurrent mark sweep GC freed 3(96B) AllocSpace objects, 0(0B) LOS objects, 38% free, 25MB/41MB, paused 393us total 17.381ms
08-05 14:08:57.386  1548  1573 I art     : Starting a blocking GC Explicit
08-05 14:08:57.408  1548  1573 I art     : Explicit concurrent mark sweep GC freed 1376(80KB) AllocSpace objects, 1(20KB) LOS objects, 38% free, 25MB/41MB, paused 475us total 21.934ms
08-05 14:08:57.418  1548  1573 I art     : Starting a blocking GC Explicit
08-05 14:08:57.437  1548  1573 I art     : Explicit concurrent mark sweep GC freed 26(848B) AllocSpace objects, 0(0B) LOS objects, 38% free, 25MB/41MB, paused 450us total 18.615ms
08-05 14:08:57.444  1548  1573 I art     : Starting a blocking GC Explicit
08-05 14:08:57.462  1548  1573 I art     : Explicit concurrent mark sweep GC freed 6(192B) AllocSpace objects, 0(0B) LOS objects, 38% free, 25MB/41MB, paused 343us total 18.054ms
08-05 14:08:57.469  1548  1573 I art     : Starting a blocking GC Explicit
08-05 14:08:57.485  1548  1573 I art     : Explicit concurrent mark sweep GC freed 6(192B) AllocSpace objects, 0(0B) LOS objects, 38% free, 25MB/41MB, paused 399us total 15.593ms
08-05 14:08:57.491  1548  1573 I art     : Starting a blocking GC Explicit
08-05 14:08:57.508  1548  1573 I art     : Explicit concurrent mark sweep GC freed 6(192B) AllocSpace objects, 0(0B) LOS objects, 38% free, 25MB/41MB, paused 2.015ms total 17.201ms
08-05 14:08:57.747 28061 28061 I Atfwd_Sendcmd: AtCmdFwd service not ready - Exhausted retry attempts - :6
08-05 14:08:57.747 28061 28061 I Atfwd_Daemon: result : -1 	 ,Init step :2 	 ,qmiErrorCode: 0
08-05 14:08:57.818  1548  1561 I art     : Starting a blocking GC Explicit
08-05 14:08:57.843  1548  1561 I art     : Explicit concurrent mark sweep GC freed 1395(80KB) AllocSpace objects, 1(20KB) LOS objects, 38% free, 25MB/41MB, paused 452us total 25.165ms
08-05 14:08:57.855  1548  1561 I art     : Starting a blocking GC Explicit
08-05 14:08:57.876  1548  1561 I art     : Explicit concurrent mark sweep GC freed 23(752B) AllocSpace objects, 0(0B) LOS objects, 38% free, 25MB/41MB, paused 404us total 21.071ms
08-05 14:08:57.883  1548  1561 I art     : Starting a blocking GC Explicit
08-05 14:08:57.901  1548  1561 I art     : Explicit concurrent mark sweep GC freed 3(96B) AllocSpace objects, 0(0B) LOS objects, 38% free, 25MB/41MB, paused 391us total 17.646ms
08-05 14:08:57.908  1548  1561 I art     : Starting a blocking GC Explicit
08-05 14:08:57.926  1548  1561 I art     : Explicit concurrent mark sweep GC freed 3(96B) AllocSpace objects, 0(0B) LOS objects, 38% free, 25MB/41MB, paused 382us total 17.658ms
08-05 14:08:57.933  1548  1561 I art     : Starting a blocking GC Explicit
08-05 14:08:57.950  1548  1561 I art     : Explicit concurrent mark sweep GC freed 3(96B) AllocSpace objects, 0(0B) LOS objects, 38% free, 25MB/41MB, paused 356us total 17.148ms
08-05 14:08:58.268  1548  1573 I art     : Starting a blocking GC Explicit
08-05 14:08:58.288  1548  1573 I art     : Explicit concurrent mark sweep GC freed 1363(80KB) AllocSpace objects, 1(20KB) LOS objects, 38% free, 25MB/41MB, paused 544us total 19.473ms
08-05 14:08:58.295  1548  1573 I art     : Starting a blocking GC Explicit
08-05 14:08:58.313  1548  1573 I art     : Explicit concurrent mark sweep GC freed 23(752B) AllocSpace objects, 0(0B) LOS objects, 38% free, 25MB/41MB, paused 391us total 18.060ms
08-05 14:08:58.320  1548  1573 I art     : Starting a blocking GC Explicit
08-05 14:08:58.338  1548  1573 I art     : Explicit concurrent mark sweep GC freed 3(96B) AllocSpace objects, 0(0B) LOS objects, 38% free, 25MB/41MB, paused 386us total 17.748ms
08-05 14:08:58.345  1548  1573 I art     : Starting a blocking GC Explicit
08-05 14:08:58.362  1548  1573 I art     : Explicit concurrent mark sweep GC freed 3(96B) AllocSpace objects, 0(0B) LOS objects, 38% free, 25MB/41MB, paused 362us total 16.627ms
08-05 14:08:58.369  1548  1573 I art     : Starting a blocking GC Explicit
08-05 14:08:58.386  1548  1573 I art     : Explicit concurrent mark sweep GC freed 3(96B) AllocSpace objects, 0(0B) LOS objects, 38% free, 25MB/41MB, paused 381us total 17.142ms
08-05 14:08:58.700  1548  1560 I art     : Starting a blocking GC Explicit
08-05 14:08:58.725  1548  1560 I art     : Explicit concurrent mark sweep GC freed 1392(80KB) AllocSpace objects, 1(20KB) LOS objects, 38% free, 25MB/41MB, paused 460us total 24.374ms
08-05 14:08:58.732  1548  1560 I art     : Starting a blocking GC Explicit
08-05 14:08:58.750  1548  1560 I art     : Explicit concurrent mark sweep GC freed 23(752B) AllocSpace objects, 0(0B) LOS objects, 38% free, 25MB/41MB, paused 378us total 17.595ms
08-05 14:08:58.757  1548  1560 I art     : Starting a blocking GC Explicit
08-05 14:08:58.773  1548  1560 I art     : Explicit concurrent mark sweep GC freed 3(96B) AllocSpace objects, 0(0B) LOS objects, 38% free, 25MB/41MB, paused 377us total 16.654ms
08-05 14:08:58.780  1548  1560 I art     : Starting a blocking GC Explicit
08-05 14:08:58.798  1548  1560 I art     : Explicit concurrent mark sweep GC freed 3(96B) AllocSpace objects, 0(0B) LOS objects, 38% free, 25MB/41MB, paused 384us total 17.385ms
08-05 14:08:58.804  1548  1560 I art     : Starting a blocking GC Explicit
08-05 14:08:58.822  1548  1560 I art     : Explicit concurrent mark sweep GC freed 3(96B) AllocSpace objects, 0(0B) LOS objects, 38% free, 25MB/41MB, paused 386us total 17.100ms
08-05 14:08:59.136  1548  1561 I art     : Starting a blocking GC Explicit
08-05 14:08:59.165  1548  1561 I art     : Explicit concurrent mark sweep GC freed 1363(80KB) AllocSpace objects, 1(20KB) LOS objects, 38% free, 25MB/41MB, paused 483us total 28.445ms
08-05 14:08:59.176  1548  1561 I art     : Starting a blocking GC Explicit
08-05 14:08:59.194  1548  1561 I art     : Explicit concurrent mark sweep GC freed 23(752B) AllocSpace objects, 0(0B) LOS objects, 38% free, 25MB/41MB, paused 401us total 18.140ms
08-05 14:08:59.202  1548  1561 I art     : Starting a blocking GC Explicit
08-05 14:08:59.219  1548  1561 I art     : Explicit concurrent mark sweep GC freed 3(96B) AllocSpace objects, 0(0B) LOS objects, 38% free, 25MB/41MB, paused 386us total 17.029ms
08-05 14:08:59.225  1548  1561 I art     : Starting a blocking GC Explicit
08-05 14:08:59.243  1548  1561 I art     : Explicit concurrent mark sweep GC freed 3(96B) AllocSpace objects, 0(0B) LOS objects, 38% free, 25MB/41MB, paused 389us total 17.376ms
08-05 14:08:59.250  1548  1561 I art     : Starting a blocking GC Explicit
08-05 14:08:59.267  1548  1561 I art     : Explicit concurrent mark sweep GC freed 3(96B) AllocSpace objects, 0(0B) LOS objects, 38% free, 25MB/41MB, paused 465us total 16.899ms
08-05 14:08:59.568  1548  1573 I art     : Starting a blocking GC Explicit
08-05 14:08:59.593  1548  1573 I art     : Explicit concurrent mark sweep GC freed 1363(80KB) AllocSpace objects, 1(20KB) LOS objects, 38% free, 25MB/41MB, paused 434us total 24.515ms
08-05 14:08:59.604  1548  1573 I art     : Starting a blocking GC Explicit
08-05 14:08:59.623  1548  1573 I art     : Explicit concurrent mark sweep GC freed 23(752B) AllocSpace objects, 0(0B) LOS objects, 38% free, 25MB/41MB, paused 382us total 18.206ms
08-05 14:08:59.630  1548  1573 I art     : Starting a blocking GC Explicit
08-05 14:08:59.647  1548  1573 I art     : Explicit concurrent mark sweep GC freed 32(880B) AllocSpace objects, 0(0B) LOS objects, 38% free, 25MB/41MB, paused 418us total 17.663ms
08-05 14:08:59.655  1548  1573 I art     : Starting a blocking GC Explicit
08-05 14:08:59.672  1548  1573 I art     : Explicit concurrent mark sweep GC freed 3(96B) AllocSpace objects, 0(0B) LOS objects, 38% free, 25MB/41MB, paused 390us total 16.900ms
08-05 14:08:59.679  1548  1573 I art     : Starting a blocking GC Explicit
08-05 14:08:59.696  1548  1573 I art     : Explicit concurrent mark sweep GC freed 3(96B) AllocSpace objects, 0(0B) LOS objects, 38% free, 25MB/41MB, paused 389us total 17.304ms
08-05 14:09:00.006  1548  1560 I art     : Starting a blocking GC Explicit
08-05 14:09:00.028  1548  1560 I art     : Explicit concurrent mark sweep GC freed 1363(80KB) AllocSpace objects, 1(20KB) LOS objects, 38% free, 25MB/41MB, paused 406us total 21.239ms
08-05 14:09:00.036  1548  1560 I art     : Starting a blocking GC Explicit
08-05 14:09:00.052  1548  1560 I art     : Explicit concurrent mark sweep GC freed 23(752B) AllocSpace objects, 0(0B) LOS objects, 38% free, 25MB/41MB, paused 371us total 15.778ms
08-05 14:09:00.058  1548  1560 I art     : Starting a blocking GC Explicit
08-05 14:09:00.074  1548  1560 I art     : Explicit concurrent mark sweep GC freed 3(96B) AllocSpace objects, 0(0B) LOS objects, 38% free, 25MB/41MB, paused 416us total 15.781ms
08-05 14:09:00.080  1548  1560 I art     : Starting a blocking GC Explicit
08-05 14:09:00.095  1548  1560 I art     : Explicit concurrent mark sweep GC freed 3(96B) AllocSpace objects, 0(0B) LOS objects, 38% free, 25MB/41MB, paused 365us total 15.174ms
08-05 14:09:00.101  1548  1560 I art     : Starting a blocking GC Explicit
08-05 14:09:00.117  1548  1560 I art     : Explicit concurrent mark sweep GC freed 3(96B) AllocSpace objects, 0(0B) LOS objects, 38% free, 25MB/41MB, paused 414us total 15.753ms
08-05 14:09:00.440  1548  1561 I art     : Starting a blocking GC Explicit
08-05 14:09:00.465  1548  1561 I art     : Explicit concurrent mark sweep GC freed 1363(80KB) AllocSpace objects, 1(20KB) LOS objects, 38% free, 25MB/41MB, paused 424us total 24.929ms
08-05 14:09:00.477  1548  1561 I art     : Starting a blocking GC Explicit
08-05 14:09:00.495  1548  1561 I art     : Explicit concurrent mark sweep GC freed 23(752B) AllocSpace objects, 0(0B) LOS objects, 38% free, 25MB/41MB, paused 376us total 17.837ms
08-05 14:09:00.502  1548  1561 I art     : Starting a blocking GC Explicit
08-05 14:09:00.519  1548  1561 I art     : Explicit concurrent mark sweep GC freed 3(96B) AllocSpace objects, 0(0B) LOS objects, 38% free, 25MB/41MB, paused 385us total 17.103ms
08-05 14:09:00.526  1548  1561 I art     : Starting a blocking GC Explicit
08-05 14:09:00.544  1548  1561 I art     : Explicit concurrent mark sweep GC freed 3(96B) AllocSpace objects, 0(0B) LOS objects, 38% free, 25MB/41MB, paused 386us total 17.529ms
08-05 14:09:00.551  1548  1561 I art     : Starting a blocking GC Explicit
08-05 14:09:00.568  1548  1561 I art     : Explicit concurrent mark sweep GC freed 3(96B) AllocSpace objects, 0(0B) LOS objects, 38% free, 25MB/41MB, paused 353us total 17.346ms
08-05 14:09:00.900  1548  1573 I art     : Starting a blocking GC Explicit
08-05 14:09:00.929  1548  1573 I art     : Explicit concurrent mark sweep GC freed 1392(80KB) AllocSpace objects, 1(20KB) LOS objects, 38% free, 25MB/41MB, paused 465us total 28.495ms
08-05 14:09:00.940  1548  1573 I art     : Starting a blocking GC Explicit
08-05 14:09:00.958  1548  1573 I art     : Explicit concurrent mark sweep GC freed 23(752B) AllocSpace objects, 0(0B) LOS objects, 38% free, 25MB/41MB, paused 393us total 17.692ms
08-05 14:09:00.965  1548  1573 I art     : Starting a blocking GC Explicit
08-05 14:09:00.983  1548  1573 I art     : Explicit concurrent mark sweep GC freed 3(96B) AllocSpace objects, 0(0B) LOS objects, 38% free, 25MB/41MB, paused 384us total 17.518ms
08-05 14:09:00.990  1548  1573 I art     : Starting a blocking GC Explicit
08-05 14:09:01.008  1548  1573 I art     : Explicit concurrent mark sweep GC freed 3(96B) AllocSpace objects, 0(0B) LOS objects, 38% free, 25MB/41MB, paused 383us total 17.397ms
08-05 14:09:01.015  1548  1573 I art     : Starting a blocking GC Explicit
08-05 14:09:01.032  1548  1573 I art     : Explicit concurrent mark sweep GC freed 3(96B) AllocSpace objects, 0(0B) LOS objects, 38% free, 25MB/41MB, paused 376us total 17.218ms
08-05 14:09:01.363  1548  1560 I art     : Starting a blocking GC Explicit
08-05 14:09:01.393  1548  1560 I art     : Explicit concurrent mark sweep GC freed 1363(80KB) AllocSpace objects, 1(20KB) LOS objects, 38% free, 25MB/41MB, paused 451us total 29.793ms
08-05 14:09:01.406  1548  1560 I art     : Starting a blocking GC Explicit
08-05 14:09:01.426  1548  1560 I art     : Explicit concurrent mark sweep GC freed 23(752B) AllocSpace objects, 0(0B) LOS objects, 38% free, 25MB/41MB, paused 383us total 19.771ms
08-05 14:09:01.433  1548  1560 I art     : Starting a blocking GC Explicit
08-05 14:09:01.450  1548  1560 I art     : Explicit concurrent mark sweep GC freed 3(96B) AllocSpace objects, 0(0B) LOS objects, 38% free, 25MB/41MB, paused 363us total 16.557ms
08-05 14:09:01.457  1548  1560 I art     : Starting a blocking GC Explicit
08-05 14:09:01.472  1548  1560 I art     : Explicit concurrent mark sweep GC freed 3(96B) AllocSpace objects, 0(0B) LOS objects, 38% free, 25MB/41MB, paused 346us total 14.830ms
08-05 14:09:01.478  1548  1560 I art     : Starting a blocking GC Explicit
08-05 14:09:01.494  1548  1560 I art     : Explicit concurrent mark sweep GC freed 3(96B) AllocSpace objects, 0(0B) LOS objects, 38% free, 25MB/41MB, paused 380us total 15.529ms
08-05 14:09:01.753  2472  2472 D AndroidRuntime: >>>>>> START com.android.internal.os.RuntimeInit uid 2000 <<<<<<
08-05 14:09:01.758  2472  2472 D AndroidRuntime: CheckJNI is OFF
08-05 14:09:01.777  1548  1561 I art     : Starting a blocking GC Explicit
08-05 14:09:01.785  2472  2472 D ICU     : No timezone override file found: /data/misc/zoneinfo/current/icu/icu_tzdata.dat
08-05 14:09:01.796  1548  1561 I art     : Explicit concurrent mark sweep GC freed 1392(80KB) AllocSpace objects, 1(20KB) LOS objects, 38% free, 25MB/41MB, paused 461us total 18.412ms
08-05 14:09:01.803  1548  1561 I art     : Starting a blocking GC Explicit
08-05 14:09:01.812  2472  2472 I Radio-JNI: register_android_hardware_Radio DONE
08-05 14:09:01.819  1548  1561 I art     : Explicit concurrent mark sweep GC freed 23(752B) AllocSpace objects, 0(0B) LOS objects, 38% free, 25MB/41MB, paused 396us total 15.877ms
08-05 14:09:01.825  1548  1561 I art     : Starting a blocking GC Explicit
08-05 14:09:01.828  2472  2472 D AndroidRuntime: Calling main entry com.android.commands.input.Input
08-05 14:09:01.829  2472  2472 I Input   : injectMotionEvent: MotionEvent { action=ACTION_DOWN, actionButton=0, id[0]=0, x[0]=616.0, y[0]=469.0, toolType[0]=TOOL_TYPE_UNKNOWN, buttonState=0, metaState=0, flags=0x0, edgeFlags=0x0, pointerCount=1, historySize=0, eventTime=799758242, downTime=799758242, deviceId=0, source=0x1002 }
08-05 14:09:01.833  2472  2472 I Input   : injectMotionEvent: MotionEvent { action=ACTION_UP, actionButton=0, id[0]=0, x[0]=616.0, y[0]=469.0, toolType[0]=TOOL_TYPE_UNKNOWN, buttonState=0, metaState=0, flags=0x0, edgeFlags=0x0, pointerCount=1, historySize=0, eventTime=799758242, downTime=799758242, deviceId=0, source=0x1002 }
08-05 14:09:01.835  2472  2472 D AndroidRuntime: Shutting down VM
08-05 14:09:01.841  1548  1561 I art     : Explicit concurrent mark sweep GC freed 18(544B) AllocSpace objects, 0(0B) LOS objects, 38% free, 25MB/41MB, paused 428us total 15.836ms
08-05 14:09:01.847  1548  1561 I art     : Starting a blocking GC Explicit
08-05 14:09:01.864  1548  1561 I art     : Explicit concurrent mark sweep GC freed 8(288B) AllocSpace objects, 0(0B) LOS objects, 38% free, 25MB/41MB, paused 456us total 16.706ms
08-05 14:09:01.871  1548  1561 I art     : Starting a blocking GC Explicit
08-05 14:09:01.888  1548  1561 I art     : Explicit concurrent mark sweep GC freed 5(160B) AllocSpace objects, 0(0B) LOS objects, 38% free, 25MB/41MB, paused 364us total 16.553ms
08-05 14:09:01.901   512  2967 D audio_hw_primary: out_set_parameters: enter: usecase(1: low-latency-playback) kvpairs: routing=2
08-05 14:09:01.915   512  2967 D audio_hw_primary: select_devices: out_snd_device(2: speaker) in_snd_device(0: none)
08-05 14:09:01.915   512  2967 D msm8974_platform: platform_send_audio_calibration: sending audio calibration for snd_device(2) acdb_id(15)
08-05 14:09:01.915   512  2967 I soundtrigger: audio_extn_sound_trigger_update_device_status: device 0x2 of type 0 for Event 1
08-05 14:09:01.925   512  2967 D audio_hw_primary: enable_snd_device: snd_device(2: speaker)
08-05 14:09:01.927   512  2967 D audio_hw_primary: enable_audio_route: apply and update mixer path: low-latency-playback speaker
08-05 14:09:02.109  1548  1575 I NAPPA_EXPERIMENTATION: MetricNetworkRequestExecutionTime: REQUEST_DURATION_SYSTEM='209',REQUEST_DURATION_OKHTTP='208',REQUEST_SYNCHRONOUS='TRUE',RESPONSE_CODE='200',RESPONSE_METHOD='GET',RESPONSE_LENGTH_OKHTTP='-1',RESPONSE_LENGTH_HEADER='628',REQUEST_PROTOCOL='h2',REQUEST_URL='https://itunes.apple.com/lookup?id=1524080195',
08-05 14:09:02.129  1548  1561 I art     : Starting a blocking GC Explicit
08-05 14:09:02.132   918  3670 I ActivityManager: START u0 {cmp=baseline.de.danoeh.antennapod.debug/baseline.de.danoeh.antennapod.activity.OnlineFeedViewActivity (has extras)} from uid 10695 on display 0
08-05 14:09:02.148  1548  1561 I art     : Explicit concurrent mark sweep GC freed 2339(145KB) AllocSpace objects, 1(20KB) LOS objects, 38% free, 25MB/41MB, paused 727us total 18.618ms
08-05 14:09:02.154 13866 13866 I GoogleInputMethodServic: GoogleInputMethodService.onFinishInput():3138 
08-05 14:09:02.155 13866 13866 I GoogleInputMethodServic: GoogleInputMethodService.onStartInput():1808 
08-05 14:09:02.155  1548  1561 I art     : Starting a blocking GC Explicit
08-05 14:09:02.172  1548  1548 D UserPreferences: Using default data folder
08-05 14:09:02.173  1548  1548 D OnlineFeedViewActivity: Activity was started with url https://rss.art19.com/nice-white-parents
08-05 14:09:02.174  1548  1561 I art     : Explicit concurrent mark sweep GC freed 488(23KB) AllocSpace objects, 0(0B) LOS objects, 38% free, 26MB/42MB, paused 648us total 18.263ms
08-05 14:09:02.175  1548  1548 D OnlineFeedViewActivity: Starting feed download
08-05 14:09:02.179  1548  1568 D DBReader: Extracting Feedlist
08-05 14:09:02.181  1548  1561 I art     : Starting a blocking GC Explicit
08-05 14:09:02.181   918  4413 D WifiService: acquireWifiLockLocked: WifiLock{Downloader type=1 binder=android.os.BinderProxy@81920e5}
08-05 14:09:02.182  1548  1568 D AntennapodHttpClient: Creating new instance of HTTP client
08-05 14:09:02.198  1548  1561 I art     : Explicit concurrent mark sweep GC freed 1284(87KB) AllocSpace objects, 0(0B) LOS objects, 37% free, 26MB/42MB, paused 1.043ms total 17.671ms
08-05 14:09:02.205  1548  1561 I art     : Starting a blocking GC Explicit
08-05 14:09:02.221  1548  1561 I art     : Explicit concurrent mark sweep GC freed 216(11KB) AllocSpace objects, 0(0B) LOS objects, 38% free, 26MB/42MB, paused 405us total 15.936ms
08-05 14:09:02.227  1548  1561 I art     : Starting a blocking GC Explicit
08-05 14:09:02.236 13866 13866 I GoogleInputMethodServic: GoogleInputMethodService.onFinishInput():3138 
08-05 14:09:02.237 13866 13866 I GoogleInputMethodServic: GoogleInputMethodService.onStartInput():1808 
08-05 14:09:02.243  1548  1561 I art     : Explicit concurrent mark sweep GC freed 60(2288B) AllocSpace objects, 0(0B) LOS objects, 38% free, 26MB/42MB, paused 458us total 15.929ms
08-05 14:09:02.264   918   936 I ActivityManager: Displayed baseline.de.danoeh.antennapod.debug/baseline.de.danoeh.antennapod.activity.OnlineFeedViewActivity: +110ms
08-05 14:09:02.459   512  2967 D audio_hw_primary: disable_audio_route: reset and update mixer path: low-latency-playback speaker
08-05 14:09:02.461   512  2967 D audio_hw_primary: disable_snd_device: snd_device(2: speaker)
08-05 14:09:02.470   512  2967 I soundtrigger: audio_extn_sound_trigger_update_device_status: device 0x2 of type 0 for Event 0
08-05 14:09:02.477  1548  1568 D MYTAG   : interceptor 3a https://rss.art19.com/nice-white-parents
08-05 14:09:02.478  1548  1568 I NAPPA_EXPERIMENTATION: MetricNetworkRequestExecutionTime: REQUEST_DURATION_SYSTEM='294',REQUEST_DURATION_OKHTTP='147',REQUEST_SYNCHRONOUS='TRUE',RESPONSE_CODE='200',RESPONSE_METHOD='GET',RESPONSE_LENGTH_OKHTTP='-1',RESPONSE_LENGTH_HEADER='1803',REQUEST_PROTOCOL='h2',REQUEST_URL='https://rss.art19.com/nice-white-parents',
08-05 14:09:02.478  1548  1568 D HttpDownloader: Response code is 200
08-05 14:09:02.478  1548  1568 D UserPreferences: Using default data folder
08-05 14:09:02.481  1548  1568 D HttpDownloader: Getting size of download
08-05 14:09:02.481  1548  1568 D HttpDownloader: Size is -1
08-05 14:09:02.482  1548  1568 D UserPreferences: Using default data folder
08-05 14:09:02.482  1548  1568 D HttpDownloader: Free space is 20208029696
08-05 14:09:02.482  1548  1568 D HttpDownloader: Starting download
08-05 14:09:02.513   380   380 W SurfaceFlinger: couldn't log to binary event log: overflow.
08-05 14:09:02.520  1548  1568 D HttpDownloader: Download was successful
08-05 14:09:02.522   918  6112 D WifiService: releaseWifiLockLocked: WifiLock{Downloader type=1 binder=android.os.BinderProxy@81920e5}
08-05 14:09:02.525  1548  1548 D OnlineFeedViewActivity: Parsing feed
08-05 14:09:02.538  1548  1560 I art     : Starting a blocking GC Explicit
08-05 14:09:02.538  1548  2525 D TypeGetter: Recognized type RSS 2.0
08-05 14:09:02.544  1548  2525 D SyndHandler: Recognized ITunes namespace
08-05 14:09:02.544  1548  2525 D SyndHandler: Recognized Atom namespace
08-05 14:09:02.544  1548  2525 D SyndHandler: Recognized Content namespace
08-05 14:09:02.552  1548  2525 D OnlineFeedViewActivity: Deleted feed source file. Result: true
08-05 14:09:02.553  1548  1548 D OnlineFeedViewActivity: Removing HTML from shownotes
08-05 14:09:02.559  1548  1560 I art     : Explicit concurrent mark sweep GC freed 7333(530KB) AllocSpace objects, 6(260KB) LOS objects, 37% free, 26MB/42MB, paused 715us total 20.714ms
08-05 14:09:02.565  1548  1560 I art     : Starting a blocking GC Explicit
08-05 14:09:02.583  1548  1560 I art     : Explicit concurrent mark sweep GC freed 3188(234KB) AllocSpace objects, 1(20KB) LOS objects, 37% free, 26MB/42MB, paused 488us total 17.812ms
08-05 14:09:02.590  1548  1560 I art     : Starting a blocking GC Explicit
08-05 14:09:02.608  1548  1560 I art     : Explicit concurrent mark sweep GC freed 2542(96KB) AllocSpace objects, 0(0B) LOS objects, 37% free, 26MB/42MB, paused 974us total 18.136ms
08-05 14:09:02.615  1548  1560 I art     : Starting a blocking GC Explicit
08-05 14:09:02.615  1548  1548 W art     : Before Android 4.1, method int androidx.appcompat.widget.DropDownListView.lookForSelectablePosition(int, boolean) would have incorrectly overridden the package-private method in android.widget.ListView
08-05 14:09:02.620  1548  1548 I ListPopupWindow: Could not find method setEpicenterBounds(Rect) on PopupWindow. Oh well.
08-05 14:09:02.626  1548  2526 D ApOkHttpUrlLoader: buildLoadData() called with: model = [https://content.production.cdn.art19.com/images/89/e0/88/44/89e08844-ac28-4fc0-96fa-15a41fec2014/262c12ed699a8d9720dea0bd66449d998e4a08cf18095bed170ccaa76722045fa5dbf7a366918b2db7e3acf29ad22f6b99fd659a9409cb807bf2781d968932f8.jpeg], width = [350], height = [350]
08-05 14:09:02.630  1548  2314 D DBReader: getImageAuthentication() called with: imageUrl = [https://content.production.cdn.art19.com/images/89/e0/88/44/89e08844-ac28-4fc0-96fa-15a41fec2014/262c12ed699a8d9720dea0bd66449d998e4a08cf18095bed170ccaa76722045fa5dbf7a366918b2db7e3acf29ad22f6b99fd659a9409cb807bf2781d968932f8.jpeg]
08-05 14:09:02.631  1548  2314 D ApOkHttpUrlLoader: no credentials for 'https://content.production.cdn.art19.com/images/89/e0/88/44/89e08844-ac28-4fc0-96fa-15a41fec2014/262c12ed699a8d9720dea0bd66449d998e4a08cf18095bed170ccaa76722045fa5dbf7a366918b2db7e3acf29ad22f6b99fd659a9409cb807bf2781d968932f8.jpeg'
08-05 14:09:02.650  1548  1560 I art     : Explicit concurrent mark sweep GC freed 1669(191KB) AllocSpace objects, 3(152KB) LOS objects, 37% free, 27MB/43MB, paused 15.629ms total 34.969ms
08-05 14:09:02.657  1548  1560 I art     : Starting a blocking GC Explicit
08-05 14:09:02.670  1548  1548 D PlaybackController: Releasing PlaybackController
08-05 14:09:02.687  1548  1560 I art     : Explicit concurrent mark sweep GC freed 6923(372KB) AllocSpace objects, 0(0B) LOS objects, 37% free, 27MB/43MB, paused 510us total 29.338ms
08-05 14:09:02.947  1548  1561 I art     : Starting a blocking GC Explicit
08-05 14:09:02.961  1548  2314 D MYTAG   : interceptor 2a
08-05 14:09:02.961  1548  2314 I NAPPA_EXPERIMENTATION: MetricNetworkRequestExecutionTime: REQUEST_DURATION_SYSTEM='330',REQUEST_DURATION_OKHTTP='159',REQUEST_SYNCHRONOUS='TRUE',RESPONSE_CODE='200',RESPONSE_METHOD='GET',RESPONSE_LENGTH_OKHTTP='2466122',RESPONSE_LENGTH_HEADER='2466122',REQUEST_PROTOCOL='h2',REQUEST_URL='https://content.production.cdn.art19.com/images/89/e0/88/44/89e08844-ac28-4fc0-96fa-15a41fec2014/262c12ed699a8d9720dea0bd66449d998e4a08cf18095bed170ccaa76722045fa5dbf7a366918b2db7e3acf29ad22f6b99fd659a9409cb807bf2781d968932f8.jpeg',
08-05 14:09:02.978  1548  1561 I art     : Explicit concurrent mark sweep GC freed 6414(302KB) AllocSpace objects, 2(132KB) LOS objects, 37% free, 26MB/42MB, paused 1.624ms total 30.578ms
08-05 14:09:02.992  1548  1561 I art     : Starting a blocking GC Explicit
08-05 14:09:03.010  1548  1561 I art     : Explicit concurrent mark sweep GC freed 136(6KB) AllocSpace objects, 0(0B) LOS objects, 37% free, 26MB/42MB, paused 485us total 17.958ms
08-05 14:09:03.016  1548  1561 I art     : Starting a blocking GC Explicit
08-05 14:09:03.033  1548  1561 I art     : Explicit concurrent mark sweep GC freed 24(768B) AllocSpace objects, 0(0B) LOS objects, 37% free, 26MB/42MB, paused 479us total 16.887ms
08-05 14:09:03.040  1548  1561 I art     : Starting a blocking GC Explicit
08-05 14:09:03.057  1548  1561 I art     : Explicit concurrent mark sweep GC freed 24(768B) AllocSpace objects, 0(0B) LOS objects, 37% free, 26MB/42MB, paused 976us total 17.584ms
08-05 14:09:03.064  1548  1561 I art     : Starting a blocking GC Explicit
08-05 14:09:03.081  1548  1561 I art     : Explicit concurrent mark sweep GC freed 41(1312B) AllocSpace objects, 0(0B) LOS objects, 37% free, 26MB/42MB, paused 498us total 16.927ms
08-05 14:09:03.330  1548  1560 I art     : Starting a blocking GC Explicit
08-05 14:09:03.351  1548  1560 I art     : Explicit concurrent mark sweep GC freed 2793(224KB) AllocSpace objects, 1(20KB) LOS objects, 36% free, 27MB/43MB, paused 523us total 20.121ms
08-05 14:09:03.357  1548  1560 I art     : Starting a blocking GC Explicit
08-05 14:09:03.376  1548  1560 I art     : Explicit concurrent mark sweep GC freed 36(1120B) AllocSpace objects, 0(0B) LOS objects, 36% free, 27MB/43MB, paused 586us total 18.563ms
08-05 14:09:03.383  1548  1560 I art     : Starting a blocking GC Explicit
08-05 14:09:03.401  1548  1560 I art     : Explicit concurrent mark sweep GC freed 149(17KB) AllocSpace objects, 0(0B) LOS objects, 36% free, 27MB/43MB, paused 443us total 18.094ms
08-05 14:09:03.407  1548  1560 I art     : Starting a blocking GC Explicit
08-05 14:09:03.425  1548  1560 I art     : Explicit concurrent mark sweep GC freed 9(288B) AllocSpace objects, 0(0B) LOS objects, 36% free, 27MB/43MB, paused 410us total 17.083ms
08-05 14:09:03.431  1548  1560 I art     : Starting a blocking GC Explicit
08-05 14:09:03.449  1548  1560 I art     : Explicit concurrent mark sweep GC freed 3(96B) AllocSpace objects, 0(0B) LOS objects, 36% free, 27MB/43MB, paused 445us total 18.135ms
08-05 14:09:03.760  1548  1561 I art     : Starting a blocking GC Explicit
08-05 14:09:03.791  1548  1561 I art     : Explicit concurrent mark sweep GC freed 1398(80KB) AllocSpace objects, 1(20KB) LOS objects, 36% free, 27MB/43MB, paused 549us total 31.038ms
08-05 14:09:03.802  1548  1561 I art     : Starting a blocking GC Explicit
08-05 14:09:03.822  1548  1561 I art     : Explicit concurrent mark sweep GC freed 23(752B) AllocSpace objects, 0(0B) LOS objects, 36% free, 27MB/43MB, paused 460us total 19.906ms
08-05 14:09:03.829  1548  1561 I art     : Starting a blocking GC Explicit
08-05 14:09:03.849  1548  1561 I art     : Explicit concurrent mark sweep GC freed 3(96B) AllocSpace objects, 0(0B) LOS objects, 36% free, 27MB/43MB, paused 462us total 20.216ms
08-05 14:09:03.857  1548  1561 I art     : Starting a blocking GC Explicit
08-05 14:09:03.877  1548  1561 I art     : Explicit concurrent mark sweep GC freed 3(96B) AllocSpace objects, 0(0B) LOS objects, 36% free, 27MB/43MB, paused 607us total 20.481ms
08-05 14:09:03.884  1548  1561 I art     : Starting a blocking GC Explicit
08-05 14:09:03.906  1548  1561 I art     : Explicit concurrent mark sweep GC freed 3(96B) AllocSpace objects, 0(0B) LOS objects, 36% free, 27MB/43MB, paused 466us total 21.317ms
08-05 14:09:04.227  1548  1573 I art     : Starting a blocking GC Explicit
08-05 14:09:04.252  1548  1573 I art     : Explicit concurrent mark sweep GC freed 1371(80KB) AllocSpace objects, 1(20KB) LOS objects, 36% free, 27MB/43MB, paused 495us total 25.028ms
08-05 14:09:04.260  1548  1573 I art     : Starting a blocking GC Explicit
08-05 14:09:04.279  1548  1573 I art     : Explicit concurrent mark sweep GC freed 26(848B) AllocSpace objects, 0(0B) LOS objects, 36% free, 27MB/43MB, paused 428us total 18.570ms
08-05 14:09:04.285  1548  1573 I art     : Starting a blocking GC Explicit
08-05 14:09:04.304  1548  1573 I art     : Explicit concurrent mark sweep GC freed 6(192B) AllocSpace objects, 0(0B) LOS objects, 36% free, 27MB/43MB, paused 404us total 18.102ms
08-05 14:09:04.311  1548  1573 I art     : Starting a blocking GC Explicit
08-05 14:09:04.329  1548  1573 I art     : Explicit concurrent mark sweep GC freed 6(192B) AllocSpace objects, 0(0B) LOS objects, 36% free, 27MB/43MB, paused 529us total 18.057ms
08-05 14:09:04.335  1548  1573 I art     : Starting a blocking GC Explicit
08-05 14:09:04.354  1548  1573 I art     : Explicit concurrent mark sweep GC freed 6(192B) AllocSpace objects, 0(0B) LOS objects, 36% free, 27MB/43MB, paused 397us total 17.971ms
08-05 14:09:04.671  1548  1560 I art     : Starting a blocking GC Explicit
08-05 14:09:04.701  1548  1560 I art     : Explicit concurrent mark sweep GC freed 1409(83KB) AllocSpace objects, 1(20KB) LOS objects, 36% free, 27MB/43MB, paused 503us total 29.794ms
08-05 14:09:04.710  1548  1560 I art     : Starting a blocking GC Explicit
08-05 14:09:04.731  1548  1560 I art     : Explicit concurrent mark sweep GC freed 23(752B) AllocSpace objects, 0(0B) LOS objects, 36% free, 27MB/43MB, paused 463us total 21.266ms
08-05 14:09:04.739  1548  1560 I art     : Starting a blocking GC Explicit
08-05 14:09:04.759  1548  1560 I art     : Explicit concurrent mark sweep GC freed 3(96B) AllocSpace objects, 0(0B) LOS objects, 36% free, 27MB/43MB, paused 446us total 19.880ms
08-05 14:09:04.766  1548  1560 I art     : Starting a blocking GC Explicit
08-05 14:09:04.787  1548  1560 I art     : Explicit concurrent mark sweep GC freed 3(96B) AllocSpace objects, 0(0B) LOS objects, 36% free, 27MB/43MB, paused 521us total 20.182ms
08-05 14:09:04.794  1548  1560 I art     : Starting a blocking GC Explicit
08-05 14:09:04.814  1548  1560 I art     : Explicit concurrent mark sweep GC freed 3(96B) AllocSpace objects, 0(0B) LOS objects, 36% free, 27MB/43MB, paused 448us total 19.984ms
08-05 14:09:05.138  1548  1561 I art     : Starting a blocking GC Explicit
08-05 14:09:05.167  1548  1561 I art     : Explicit concurrent mark sweep GC freed 1366(80KB) AllocSpace objects, 1(20KB) LOS objects, 36% free, 27MB/43MB, paused 524us total 28.617ms
08-05 14:09:05.178  1548  1561 I art     : Starting a blocking GC Explicit
08-05 14:09:05.199  1548  1561 I art     : Explicit concurrent mark sweep GC freed 23(752B) AllocSpace objects, 0(0B) LOS objects, 36% free, 27MB/43MB, paused 473us total 21.028ms
08-05 14:09:05.207  1548  1561 I art     : Starting a blocking GC Explicit
08-05 14:09:05.228  1548  1561 I art     : Explicit concurrent mark sweep GC freed 3(96B) AllocSpace objects, 0(0B) LOS objects, 36% free, 27MB/43MB, paused 523us total 21.082ms
08-05 14:09:05.236  1548  1561 I art     : Starting a blocking GC Explicit
08-05 14:09:05.256  1548  1561 I art     : Explicit concurrent mark sweep GC freed 3(96B) AllocSpace objects, 0(0B) LOS objects, 36% free, 27MB/43MB, paused 469us total 20.487ms
08-05 14:09:05.264  1548  1561 I art     : Starting a blocking GC Explicit
08-05 14:09:05.284  1548  1561 I art     : Explicit concurrent mark sweep GC freed 3(96B) AllocSpace objects, 0(0B) LOS objects, 36% free, 27MB/43MB, paused 453us total 19.976ms
08-05 14:09:05.581  1548  1573 I art     : Starting a blocking GC Explicit
08-05 14:09:05.601  1548  1573 I art     : Explicit concurrent mark sweep GC freed 1366(80KB) AllocSpace objects, 1(20KB) LOS objects, 36% free, 27MB/43MB, paused 445us total 19.870ms
08-05 14:09:05.607  1548  1573 I art     : Starting a blocking GC Explicit
08-05 14:09:05.625  1548  1573 I art     : Explicit concurrent mark sweep GC freed 23(752B) AllocSpace objects, 0(0B) LOS objects, 36% free, 27MB/43MB, paused 434us total 17.113ms
08-05 14:09:05.631  1548  1573 I art     : Starting a blocking GC Explicit
08-05 14:09:05.650  1548  1573 I art     : Explicit concurrent mark sweep GC freed 37(1072B) AllocSpace objects, 0(0B) LOS objects, 36% free, 27MB/43MB, paused 451us total 18.631ms
08-05 14:09:05.656  1548  1573 I art     : Starting a blocking GC Explicit
08-05 14:09:05.675  1548  1573 I art     : Explicit concurrent mark sweep GC freed 3(96B) AllocSpace objects, 0(0B) LOS objects, 36% free, 27MB/43MB, paused 460us total 18.196ms
08-05 14:09:05.681  1548  1573 I art     : Starting a blocking GC Explicit
08-05 14:09:05.701  1548  1573 I art     : Explicit concurrent mark sweep GC freed 3(96B) AllocSpace objects, 0(0B) LOS objects, 36% free, 27MB/43MB, paused 458us total 19.496ms
08-05 14:09:06.014  1548  1561 I art     : Starting a blocking GC Explicit
08-05 14:09:06.044  1548  1561 I art     : Explicit concurrent mark sweep GC freed 1366(80KB) AllocSpace objects, 1(20KB) LOS objects, 36% free, 27MB/43MB, paused 512us total 29.791ms
08-05 14:09:06.055  1548  1561 I art     : Starting a blocking GC Explicit
08-05 14:09:06.076  1548  1561 I art     : Explicit concurrent mark sweep GC freed 23(752B) AllocSpace objects, 0(0B) LOS objects, 36% free, 27MB/43MB, paused 464us total 20.763ms
08-05 14:09:06.083  1548  1561 I art     : Starting a blocking GC Explicit
08-05 14:09:06.103  1548  1561 I art     : Explicit concurrent mark sweep GC freed 3(96B) AllocSpace objects, 0(0B) LOS objects, 36% free, 27MB/43MB, paused 443us total 19.823ms
08-05 14:09:06.111  1548  1561 I art     : Starting a blocking GC Explicit
08-05 14:09:06.131  1548  1561 I art     : Explicit concurrent mark sweep GC freed 3(96B) AllocSpace objects, 0(0B) LOS objects, 36% free, 27MB/43MB, paused 435us total 19.887ms
08-05 14:09:06.138  1548  1561 I art     : Starting a blocking GC Explicit
08-05 14:09:06.157  1548  1561 I art     : Explicit concurrent mark sweep GC freed 3(96B) AllocSpace objects, 0(0B) LOS objects, 36% free, 27MB/43MB, paused 482us total 19.026ms
08-05 14:09:06.427  2620  2620 D AndroidRuntime: >>>>>> START com.android.internal.os.RuntimeInit uid 2000 <<<<<<
08-05 14:09:06.431  2620  2620 D AndroidRuntime: CheckJNI is OFF
08-05 14:09:06.435  1548  1560 I art     : Starting a blocking GC Explicit
08-05 14:09:06.458  1548  1560 I art     : Explicit concurrent mark sweep GC freed 1366(80KB) AllocSpace objects, 1(20KB) LOS objects, 36% free, 27MB/43MB, paused 550us total 21.952ms
08-05 14:09:06.462  2620  2620 D ICU     : No timezone override file found: /data/misc/zoneinfo/current/icu/icu_tzdata.dat
08-05 14:09:06.465  1548  1560 I art     : Starting a blocking GC Explicit
08-05 14:09:06.484  1548  1560 I art     : Explicit concurrent mark sweep GC freed 23(752B) AllocSpace objects, 0(0B) LOS objects, 36% free, 27MB/43MB, paused 472us total 18.309ms
08-05 14:09:06.488  2620  2620 I Radio-JNI: register_android_hardware_Radio DONE
08-05 14:09:06.490  1548  1560 I art     : Starting a blocking GC Explicit
08-05 14:09:06.504  2620  2620 D AndroidRuntime: Calling main entry com.android.commands.input.Input
08-05 14:09:06.505  2620  2620 I Input   : injectMotionEvent: MotionEvent { action=ACTION_DOWN, actionButton=0, id[0]=0, x[0]=625.0, y[0]=832.0, toolType[0]=TOOL_TYPE_UNKNOWN, buttonState=0, metaState=0, flags=0x0, edgeFlags=0x0, pointerCount=1, historySize=0, eventTime=799762918, downTime=799762918, deviceId=0, source=0x1002 }
08-05 14:09:06.510  1548  1560 I art     : Explicit concurrent mark sweep GC freed 3(96B) AllocSpace objects, 0(0B) LOS objects, 36% free, 27MB/43MB, paused 477us total 19.248ms
08-05 14:09:06.511  2620  2620 I Input   : injectMotionEvent: MotionEvent { action=ACTION_UP, actionButton=0, id[0]=0, x[0]=625.0, y[0]=832.0, toolType[0]=TOOL_TYPE_UNKNOWN, buttonState=0, metaState=0, flags=0x0, edgeFlags=0x0, pointerCount=1, historySize=0, eventTime=799762918, downTime=799762918, deviceId=0, source=0x1002 }
08-05 14:09:06.513  2620  2620 D AndroidRuntime: Shutting down VM
08-05 14:09:06.516  1548  1560 I art     : Starting a blocking GC Explicit
08-05 14:09:06.521  1548  1548 D UserPreferences: Using default data folder
08-05 14:09:06.521  1548  1548 D DownloadRequester: partiallyDownloadedFileExists: false
08-05 14:09:06.522  1548  1548 D DownloadRequester: /storage/emulated/0/Android/data/baseline.de.danoeh.antennapod.debug/files/cache/feed-Nice White Parents is available as a download destination
08-05 14:09:06.522   512  2967 D audio_hw_primary: out_set_parameters: enter: usecase(1: low-latency-playback) kvpairs: routing=2
08-05 14:09:06.522  1548  1548 D DownloadRequester: Requesting download of url https://rss.art19.com/nice-white-parents
08-05 14:09:06.528  1548  1548 D DownloadService: Service started
08-05 14:09:06.529  1548  1548 D DownloadService: parallel downloads: 4
08-05 14:09:06.529  1548  2644 D downloadCompletionThd: downloadCompletionThread was started
08-05 14:09:06.531  1548  1548 D DownloadService: Notification set up
08-05 14:09:06.535   512  2967 D audio_hw_primary: select_devices: out_snd_device(2: speaker) in_snd_device(0: none)
08-05 14:09:06.535   512  2967 D msm8974_platform: platform_send_audio_calibration: sending audio calibration for snd_device(2) acdb_id(15)
08-05 14:09:06.535   512  2967 I soundtrigger: audio_extn_sound_trigger_update_device_status: device 0x2 of type 0 for Event 1
08-05 14:09:06.541  1548  1560 I art     : Explicit concurrent mark sweep GC freed 238(15KB) AllocSpace objects, 0(0B) LOS objects, 36% free, 27MB/43MB, paused 971us total 24.751ms
08-05 14:09:06.544  1548  1548 D DownloadService: Received enqueue request
08-05 14:09:06.547  1548  1548 D OnlineFeedViewActivity: onEventMainThread() called with: event = [DownloadEvent{update=DownloaderUpdate{downloaders=[baseline.de.danoeh.antennapod.core.service.download.HttpDownloader@ea5af2a], feedIds=[0], mediaIds=[]}}]
08-05 14:09:06.548   512  2967 D audio_hw_primary: enable_snd_device: snd_device(2: speaker)
08-05 14:09:06.548  1548  1548 D DownloadService: 1 downloads left
08-05 14:09:06.548  1548  1548 D DownloadService: Setting up notification updater
08-05 14:09:06.548   918  3670 D WifiService: acquireWifiLockLocked: WifiLock{Downloader type=1 binder=android.os.BinderProxy@5a7f00c}
08-05 14:09:06.549  1548  2646 D AntennapodHttpClient: Creating new instance of HTTP client
08-05 14:09:06.550   512  2967 D audio_hw_primary: enable_audio_route: apply and update mixer path: low-latency-playback speaker
08-05 14:09:06.550  1548  1560 I art     : Starting a blocking GC Explicit
08-05 14:09:06.573  1548  1560 I art     : Explicit concurrent mark sweep GC freed 827(50KB) AllocSpace objects, 0(0B) LOS objects, 36% free, 27MB/43MB, paused 604us total 22.202ms
08-05 14:09:06.805  1548  1573 I art     : Starting a blocking GC Explicit
08-05 14:09:06.829  1548  1573 I art     : Explicit concurrent mark sweep GC freed 6509(322KB) AllocSpace objects, 4(220KB) LOS objects, 36% free, 27MB/43MB, paused 663us total 23.859ms
08-05 14:09:06.837  1548  1573 I art     : Starting a blocking GC Explicit
08-05 14:09:06.858  1548  1573 I art     : Explicit concurrent mark sweep GC freed 958(116KB) AllocSpace objects, 0(0B) LOS objects, 36% free, 27MB/43MB, paused 638us total 20.604ms
08-05 14:09:06.858  1548  2646 D MYTAG   : interceptor 3a https://rss.art19.com/nice-white-parents
08-05 14:09:06.859  1548  2646 I NAPPA_EXPERIMENTATION: MetricNetworkRequestExecutionTime: REQUEST_DURATION_SYSTEM='308',REQUEST_DURATION_OKHTTP='153',REQUEST_SYNCHRONOUS='TRUE',RESPONSE_CODE='200',RESPONSE_METHOD='GET',RESPONSE_LENGTH_OKHTTP='-1',RESPONSE_LENGTH_HEADER='1803',REQUEST_PROTOCOL='h2',REQUEST_URL='https://rss.art19.com/nice-white-parents',
08-05 14:09:06.859  1548  2646 D HttpDownloader: Response code is 200
08-05 14:09:06.859  1548  2646 D UserPreferences: Using default data folder
08-05 14:09:06.860  1548  2646 D HttpDownloader: Getting size of download
08-05 14:09:06.860  1548  2646 D HttpDownloader: Size is -1
08-05 14:09:06.860  1548  2646 D UserPreferences: Using default data folder
08-05 14:09:06.861  1548  2646 D HttpDownloader: Free space is 20205527040
08-05 14:09:06.861  1548  2646 D HttpDownloader: Starting download
08-05 14:09:06.864  1548  1573 I art     : Starting a blocking GC Explicit
08-05 14:09:06.884  1548  1573 I art     : Explicit concurrent mark sweep GC freed 294(20KB) AllocSpace objects, 0(0B) LOS objects, 36% free, 27MB/43MB, paused 560us total 19.719ms
08-05 14:09:06.891  1548  1573 I art     : Starting a blocking GC Explicit
08-05 14:09:06.899  1548  2646 D HttpDownloader: Download was successful
08-05 14:09:06.900   918  3670 D WifiService: releaseWifiLockLocked: WifiLock{Downloader type=1 binder=android.os.BinderProxy@5a7f00c}
08-05 14:09:06.900  1548  2644 D downloadCompletionThd: Received 'Download Complete' - message.
08-05 14:09:06.901  1548  2644 D DownloadService: Handling completed Feed Download
08-05 14:09:06.902  1548  1548 D DownloadService: Removing downloader: https://rss.art19.com/nice-white-parents
08-05 14:09:06.902  1548  2645 D FeedSyncThread: Waiting for 3000 ms
08-05 14:09:06.902  1548  1548 D DownloadService: Result of downloads.remove: true
08-05 14:09:06.902  1548  1548 D OnlineFeedViewActivity: onEventMainThread() called with: event = [DownloadEvent{update=DownloaderUpdate{downloaders=[], feedIds=[], mediaIds=[]}}]
08-05 14:09:06.903  1548  2662 D TypeGetter: Recognized type RSS 2.0
08-05 14:09:06.904  1548  2662 D SyndHandler: Recognized ITunes namespace
08-05 14:09:06.905  1548  2662 D SyndHandler: Recognized Atom namespace
08-05 14:09:06.905  1548  2662 D SyndHandler: Recognized Content namespace
08-05 14:09:06.908  1548  2662 D FeedSyncThread: Nice White Parents parsed
08-05 14:09:06.908  1548  2662 D FeedSyncThread: Deletion of file '/storage/emulated/0/Android/data/baseline.de.danoeh.antennapod.debug/files/cache/feed-Nice White Parents' successful
08-05 14:09:06.908  1548  2662 D DBReader: getFeedDownloadLog() called with: feed = [baseline.de.danoeh.antennapod.core.feed.Feed@0]
08-05 14:09:06.912  1548  1573 I art     : Explicit concurrent mark sweep GC freed 532(169KB) AllocSpace objects, 3(60KB) LOS objects, 36% free, 27MB/43MB, paused 766us total 20.517ms
08-05 14:09:06.919  1548  1573 I art     : Starting a blocking GC Explicit
08-05 14:09:06.939  1548  1573 I art     : Explicit concurrent mark sweep GC freed 271(39KB) AllocSpace objects, 0(0B) LOS objects, 36% free, 27MB/43MB, paused 509us total 19.805ms
08-05 14:09:07.089   512  2967 D audio_hw_primary: disable_audio_route: reset and update mixer path: low-latency-playback speaker
08-05 14:09:07.090   512  2967 D audio_hw_primary: disable_snd_device: snd_device(2: speaker)
08-05 14:09:07.099   512  2967 I soundtrigger: audio_extn_sound_trigger_update_device_status: device 0x2 of type 0 for Event 0
08-05 14:09:07.208  1548  1561 I art     : Starting a blocking GC Explicit
08-05 14:09:07.231  1548  1561 I art     : Explicit concurrent mark sweep GC freed 1447(83KB) AllocSpace objects, 1(20KB) LOS objects, 36% free, 27MB/43MB, paused 546us total 22.829ms
08-05 14:09:07.238  1548  1561 I art     : Starting a blocking GC Explicit
08-05 14:09:07.260  1548  1561 I art     : Explicit concurrent mark sweep GC freed 33(1072B) AllocSpace objects, 0(0B) LOS objects, 36% free, 27MB/43MB, paused 539us total 21.312ms
08-05 14:09:07.267  1548  1561 I art     : Starting a blocking GC Explicit
08-05 14:09:07.288  1548  1561 I art     : Explicit concurrent mark sweep GC freed 3(96B) AllocSpace objects, 0(0B) LOS objects, 36% free, 27MB/43MB, paused 502us total 20.363ms
08-05 14:09:07.295  1548  1561 I art     : Starting a blocking GC Explicit
08-05 14:09:07.316  1548  1561 I art     : Explicit concurrent mark sweep GC freed 3(96B) AllocSpace objects, 0(0B) LOS objects, 36% free, 27MB/43MB, paused 522us total 20.517ms
08-05 14:09:07.323  1548  1561 I art     : Starting a blocking GC Explicit
08-05 14:09:07.344  1548  1561 I art     : Explicit concurrent mark sweep GC freed 3(96B) AllocSpace objects, 0(0B) LOS objects, 36% free, 27MB/43MB, paused 528us total 20.820ms
08-05 14:09:07.627  1548  1561 I art     : Starting a blocking GC Explicit
08-05 14:09:07.651  1548  1561 I art     : Explicit concurrent mark sweep GC freed 1396(80KB) AllocSpace objects, 1(20KB) LOS objects, 36% free, 27MB/43MB, paused 551us total 23.564ms
08-05 14:09:07.659  1548  1561 I art     : Starting a blocking GC Explicit
08-05 14:09:07.680  1548  1561 I art     : Explicit concurrent mark sweep GC freed 25(816B) AllocSpace objects, 0(0B) LOS objects, 36% free, 27MB/43MB, paused 525us total 20.911ms
08-05 14:09:07.687  1548  1561 I art     : Starting a blocking GC Explicit
08-05 14:09:07.708  1548  1561 I art     : Explicit concurrent mark sweep GC freed 3(96B) AllocSpace objects, 0(0B) LOS objects, 36% free, 27MB/43MB, paused 541us total 21.007ms
08-05 14:09:07.716  1548  1561 I art     : Starting a blocking GC Explicit
08-05 14:09:07.738  1548  1561 I art     : Explicit concurrent mark sweep GC freed 3(96B) AllocSpace objects, 0(0B) LOS objects, 36% free, 27MB/43MB, paused 690us total 21.591ms
08-05 14:09:07.746  1548  1561 I art     : Starting a blocking GC Explicit
08-05 14:09:07.767  1548  1561 I art     : Explicit concurrent mark sweep GC freed 3(96B) AllocSpace objects, 0(0B) LOS objects, 36% free, 27MB/43MB, paused 615us total 21.001ms
08-05 14:09:08.051  1548  1573 I art     : Starting a blocking GC Explicit
08-05 14:09:08.075  1548  1573 I art     : Explicit concurrent mark sweep GC freed 1366(80KB) AllocSpace objects, 1(20KB) LOS objects, 36% free, 27MB/43MB, paused 547us total 23.268ms
08-05 14:09:08.083  1548  1573 I art     : Starting a blocking GC Explicit
08-05 14:09:08.106  1548  1573 I art     : Explicit concurrent mark sweep GC freed 23(752B) AllocSpace objects, 0(0B) LOS objects, 36% free, 27MB/43MB, paused 679us total 22.587ms
08-05 14:09:08.113  1548  1573 I art     : Starting a blocking GC Explicit
08-05 14:09:08.134  1548  1573 I art     : Explicit concurrent mark sweep GC freed 3(96B) AllocSpace objects, 0(0B) LOS objects, 36% free, 27MB/43MB, paused 532us total 20.835ms
08-05 14:09:08.141  1548  1573 I art     : Starting a blocking GC Explicit
08-05 14:09:08.162  1548  1573 I art     : Explicit concurrent mark sweep GC freed 3(96B) AllocSpace objects, 0(0B) LOS objects, 36% free, 27MB/43MB, paused 529us total 20.914ms
08-05 14:09:08.170  1548  1573 I art     : Starting a blocking GC Explicit
08-05 14:09:08.191  1548  1573 I art     : Explicit concurrent mark sweep GC freed 3(96B) AllocSpace objects, 0(0B) LOS objects, 36% free, 27MB/43MB, paused 508us total 20.949ms
08-05 14:09:08.404  1548  1548 D OnlineFeedViewActivity: onEventMainThread() called with: event = [DownloadEvent{update=DownloaderUpdate{downloaders=[], feedIds=[], mediaIds=[]}}]
08-05 14:09:08.518  1548  1561 I art     : Starting a blocking GC Explicit
08-05 14:09:08.543  1548  1561 I art     : Explicit concurrent mark sweep GC freed 1402(82KB) AllocSpace objects, 1(20KB) LOS objects, 36% free, 27MB/43MB, paused 594us total 24.688ms
08-05 14:09:08.554  1548  1561 I art     : Starting a blocking GC Explicit
08-05 14:09:08.574  1548  1561 I art     : Explicit concurrent mark sweep GC freed 23(752B) AllocSpace objects, 0(0B) LOS objects, 36% free, 27MB/43MB, paused 505us total 20.104ms
08-05 14:09:08.581  1548  1561 I art     : Starting a blocking GC Explicit
08-05 14:09:08.602  1548  1561 I art     : Explicit concurrent mark sweep GC freed 3(96B) AllocSpace objects, 0(0B) LOS objects, 36% free, 27MB/43MB, paused 527us total 20.390ms
08-05 14:09:08.609  1548  1561 I art     : Starting a blocking GC Explicit
08-05 14:09:08.629  1548  1561 I art     : Explicit concurrent mark sweep GC freed 32(880B) AllocSpace objects, 0(0B) LOS objects, 36% free, 27MB/43MB, paused 526us total 20.094ms
08-05 14:09:08.636  1548  1561 I art     : Starting a blocking GC Explicit
08-05 14:09:08.657  1548  1561 I art     : Explicit concurrent mark sweep GC freed 3(96B) AllocSpace objects, 0(0B) LOS objects, 36% free, 27MB/43MB, paused 552us total 20.862ms
08-05 14:09:09.001  1548  1573 I art     : Starting a blocking GC Explicit
08-05 14:09:09.034  1548  1573 I art     : Explicit concurrent mark sweep GC freed 1366(80KB) AllocSpace objects, 1(20KB) LOS objects, 36% free, 27MB/43MB, paused 643us total 33.229ms
08-05 14:09:09.047  1548  1573 I art     : Starting a blocking GC Explicit
08-05 14:09:09.070  1548  1573 I art     : Explicit concurrent mark sweep GC freed 23(752B) AllocSpace objects, 0(0B) LOS objects, 36% free, 27MB/43MB, paused 673us total 22.768ms
08-05 14:09:09.078  1548  1573 I art     : Starting a blocking GC Explicit
08-05 14:09:09.099  1548  1573 I art     : Explicit concurrent mark sweep GC freed 3(96B) AllocSpace objects, 0(0B) LOS objects, 36% free, 27MB/43MB, paused 532us total 20.957ms
08-05 14:09:09.106  1548  1573 I art     : Starting a blocking GC Explicit
08-05 14:09:09.127  1548  1573 I art     : Explicit concurrent mark sweep GC freed 3(96B) AllocSpace objects, 0(0B) LOS objects, 36% free, 27MB/43MB, paused 611us total 20.933ms
08-05 14:09:09.134  1548  1573 I art     : Starting a blocking GC Explicit
08-05 14:09:09.155  1548  1573 I art     : Explicit concurrent mark sweep GC freed 3(96B) AllocSpace objects, 0(0B) LOS objects, 36% free, 27MB/43MB, paused 630us total 20.816ms
08-05 14:09:09.472  1548  1560 I art     : Starting a blocking GC Explicit
08-05 14:09:09.502  1548  1560 I art     : Explicit concurrent mark sweep GC freed 1366(80KB) AllocSpace objects, 1(20KB) LOS objects, 36% free, 27MB/43MB, paused 578us total 29.873ms
08-05 14:09:09.513  1548  1560 I art     : Starting a blocking GC Explicit
08-05 14:09:09.535  1548  1560 I art     : Explicit concurrent mark sweep GC freed 23(752B) AllocSpace objects, 0(0B) LOS objects, 36% free, 27MB/43MB, paused 530us total 21.673ms
08-05 14:09:09.543  1548  1560 I art     : Starting a blocking GC Explicit
08-05 14:09:09.565  1548  1560 I art     : Explicit concurrent mark sweep GC freed 3(96B) AllocSpace objects, 0(0B) LOS objects, 36% free, 27MB/43MB, paused 533us total 21.699ms
08-05 14:09:09.572  1548  1560 I art     : Starting a blocking GC Explicit
08-05 14:09:09.593  1548  1560 I art     : Explicit concurrent mark sweep GC freed 3(96B) AllocSpace objects, 0(0B) LOS objects, 36% free, 27MB/43MB, paused 535us total 21.294ms
08-05 14:09:09.601  1548  1560 I art     : Starting a blocking GC Explicit
08-05 14:09:09.622  1548  1560 I art     : Explicit concurrent mark sweep GC freed 3(96B) AllocSpace objects, 0(0B) LOS objects, 36% free, 27MB/43MB, paused 513us total 20.731ms
08-05 14:09:09.902  1548  2645 D FeedSyncThread: Bundling 1 feeds
08-05 14:09:09.906  1548  2735 D DBReader: Extracting Feedlist
08-05 14:09:09.907  1548  1548 D OnlineFeedViewActivity: onEventMainThread() called with: event = [DownloadEvent{update=DownloaderUpdate{downloaders=[], feedIds=[], mediaIds=[]}}]
08-05 14:09:09.908  1548  2735 D DBTasks : Found no existing Feed with title Nice White Parents. Adding as new one.
08-05 14:09:09.912  1548  2736 D PodDBAdapter: Setting feed with flattr status Nice White Parents: 0
08-05 14:09:09.912  1548  2736 D baseline.de.danoeh.antennapod.core.storage.PodDBAdapter@80c0893: Inserting new Feed into db
08-05 14:09:09.932  1548  1548 D EventDistributor: Processing event queue. Number of events: 1
08-05 14:09:09.932  1548  1548 D EventDistributor: Notifying observers. Data: 1
08-05 14:09:09.933  1548  1548 D DownloadService: 0 downloads left
08-05 14:09:09.933  1548  2084 D DBReader: Extracting Feedlist
08-05 14:09:09.933  1548  1548 D DownloadService: Number of downloads is 0, attempting shutdown
08-05 14:09:09.934  1548  1548 D DownloadService: Service shutting down
08-05 14:09:09.934  1548  1548 D DownloadService: No report is created
08-05 14:09:09.934  1548  1548 D OnlineFeedViewActivity: onEventMainThread() called with: event = [DownloadEvent{update=DownloaderUpdate{downloaders=[], feedIds=[], mediaIds=[]}}]
08-05 14:09:09.937  1548  2644 E downloadCompletionThd: DownloadCompletionThread was interrupted
08-05 14:09:09.937  1548  1548 D DownloadService: NotificationUpdater cancelled. Result: false
08-05 14:09:09.937  1548  1548 D DBTasks : autodownloadUndownloadedItems
08-05 14:09:09.940  1548  2737 D NetworkUtils: Device is connected to Wi-Fi
08-05 14:09:09.940  1548  2737 D NetworkUtils: Auto-dl filter is disabled
08-05 14:09:09.943  1548  1560 I art     : Starting a blocking GC Explicit
08-05 14:09:09.965  1548  1560 I art     : Explicit concurrent mark sweep GC freed 1949(138KB) AllocSpace objects, 2(40KB) LOS objects, 36% free, 27MB/43MB, paused 572us total 21.804ms
08-05 14:09:09.972  1548  1560 I art     : Starting a blocking GC Explicit
08-05 14:09:09.992  1548  1560 I art     : Explicit concurrent mark sweep GC freed 144(6KB) AllocSpace objects, 0(0B) LOS objects, 36% free, 27MB/43MB, paused 548us total 20.014ms
08-05 14:09:09.999  1548  1560 I art     : Starting a blocking GC Explicit
08-05 14:09:10.020  1548  1560 I art     : Explicit concurrent mark sweep GC freed 3(96B) AllocSpace objects, 0(0B) LOS objects, 36% free, 27MB/43MB, paused 544us total 20.261ms
08-05 14:09:10.027  1548  1560 I art     : Starting a blocking GC Explicit
08-05 14:09:10.048  1548  1560 I art     : Explicit concurrent mark sweep GC freed 3(96B) AllocSpace objects, 0(0B) LOS objects, 36% free, 27MB/43MB, paused 571us total 20.911ms
08-05 14:09:10.055  1548  1560 I art     : Starting a blocking GC Explicit
08-05 14:09:10.076  1548  1560 I art     : Explicit concurrent mark sweep GC freed 3(96B) AllocSpace objects, 0(0B) LOS objects, 36% free, 27MB/43MB, paused 547us total 21.201ms
08-05 14:09:10.392  1548  1573 I art     : Starting a blocking GC Explicit
08-05 14:09:10.422  1548  1573 I art     : Explicit concurrent mark sweep GC freed 1368(80KB) AllocSpace objects, 1(20KB) LOS objects, 36% free, 27MB/43MB, paused 619us total 29.512ms
08-05 14:09:10.433  1548  1573 I art     : Starting a blocking GC Explicit
08-05 14:09:10.458  1548  1573 I art     : Explicit concurrent mark sweep GC freed 23(752B) AllocSpace objects, 0(0B) LOS objects, 36% free, 27MB/43MB, paused 598us total 24.309ms
08-05 14:09:10.465  1548  1573 I art     : Starting a blocking GC Explicit
08-05 14:09:10.488  1548  1573 I art     : Explicit concurrent mark sweep GC freed 3(96B) AllocSpace objects, 0(0B) LOS objects, 36% free, 27MB/43MB, paused 576us total 22.435ms
08-05 14:09:10.496  1548  1573 I art     : Starting a blocking GC Explicit
08-05 14:09:10.517  1548  1573 I art     : Explicit concurrent mark sweep GC freed 3(96B) AllocSpace objects, 0(0B) LOS objects, 36% free, 27MB/43MB, paused 687us total 21.529ms
08-05 14:09:10.525  1548  1573 I art     : Starting a blocking GC Explicit
08-05 14:09:10.547  1548  1573 I art     : Explicit concurrent mark sweep GC freed 3(96B) AllocSpace objects, 0(0B) LOS objects, 36% free, 27MB/43MB, paused 641us total 21.842ms
08-05 14:09:10.857  1548  1561 I art     : Starting a blocking GC Explicit
08-05 14:09:10.881  1548  1561 I art     : Explicit concurrent mark sweep GC freed 1396(82KB) AllocSpace objects, 1(20KB) LOS objects, 36% free, 27MB/43MB, paused 555us total 22.772ms
08-05 14:09:10.888  1548  1561 I art     : Starting a blocking GC Explicit
08-05 14:09:10.909  1548  1561 I art     : Explicit concurrent mark sweep GC freed 23(752B) AllocSpace objects, 0(0B) LOS objects, 36% free, 27MB/43MB, paused 569us total 20.573ms
08-05 14:09:10.916  1548  1561 I art     : Starting a blocking GC Explicit
08-05 14:09:10.936  1548  1561 I art     : Explicit concurrent mark sweep GC freed 3(96B) AllocSpace objects, 0(0B) LOS objects, 36% free, 27MB/43MB, paused 561us total 20.287ms
08-05 14:09:10.943  1548  1561 I art     : Starting a blocking GC Explicit
08-05 14:09:10.963  1548  1561 I art     : Explicit concurrent mark sweep GC freed 3(96B) AllocSpace objects, 0(0B) LOS objects, 36% free, 27MB/43MB, paused 613us total 20.029ms
08-05 14:09:10.970  1548  1561 I art     : Starting a blocking GC Explicit
08-05 14:09:10.990  1548  1561 I art     : Explicit concurrent mark sweep GC freed 3(96B) AllocSpace objects, 0(0B) LOS objects, 36% free, 27MB/43MB, paused 565us total 20.008ms
08-05 14:09:11.101  2752  2752 D AndroidRuntime: >>>>>> START com.android.internal.os.RuntimeInit uid 2000 <<<<<<
08-05 14:09:11.107  2752  2752 D AndroidRuntime: CheckJNI is OFF
08-05 14:09:11.138  2752  2752 D ICU     : No timezone override file found: /data/misc/zoneinfo/current/icu/icu_tzdata.dat
08-05 14:09:11.163  2752  2752 I Radio-JNI: register_android_hardware_Radio DONE
08-05 14:09:11.180  2752  2752 D AndroidRuntime: Calling main entry com.android.commands.input.Input
08-05 14:09:11.181  2752  2752 I Input   : injectKeyEvent: KeyEvent { action=ACTION_DOWN, keyCode=KEYCODE_BACK, scanCode=0, metaState=0, flags=0x0, repeatCount=0, eventTime=799767594, downTime=799767594, deviceId=-1, source=0x101 }
08-05 14:09:11.186  2752  2752 I Input   : injectKeyEvent: KeyEvent { action=ACTION_UP, keyCode=KEYCODE_BACK, scanCode=0, metaState=0, flags=0x0, repeatCount=0, eventTime=799767594, downTime=799767594, deviceId=-1, source=0x101 }
08-05 14:09:11.194  2752  2752 D AndroidRuntime: Shutting down VM
08-05 14:09:11.199  1548  1548 V PlaybackController: initServiceNotRunning()
08-05 14:09:11.199  1548  1548 D ExternalPlayerFragment: Loading media info
08-05 14:09:11.201  1548  1548 D UserPreferences: Using default data folder
08-05 14:09:11.201  1548  2084 D DBReader: getNavDrawerData() called with: 
08-05 14:09:11.204  1548  2084 D DBReader: getDownloadedItems() called
08-05 14:09:11.204  1548  2084 D DBReader: getFavoriteIDList() called
08-05 14:09:11.205  1548  2084 D DBReader: getQueueIDList() called
08-05 14:09:11.206  1548  2084 D DBReader: Extracting Feedlist
08-05 14:09:11.234  1548  1548 D MainActivity: getLastNavFragment() -> AddFeedFragment
08-05 14:09:11.236 13866 13866 I GoogleInputMethodServic: GoogleInputMethodService.onFinishInput():3138 
08-05 14:09:11.237 13866 13866 I GoogleInputMethodServic: GoogleInputMethodService.onStartInput():1808 
08-05 14:09:11.247  1548  2526 D ApOkHttpUrlLoader: buildLoadData() called with: model = [https://content.production.cdn.art19.com/images/89/e0/88/44/89e08844-ac28-4fc0-96fa-15a41fec2014/262c12ed699a8d9720dea0bd66449d998e4a08cf18095bed170ccaa76722045fa5dbf7a366918b2db7e3acf29ad22f6b99fd659a9409cb807bf2781d968932f8.jpeg], width = [140], height = [140]
08-05 14:09:11.259  1548  1560 I art     : Starting a blocking GC Explicit
08-05 14:09:11.281  1548  1560 I art     : Explicit concurrent mark sweep GC freed 2452(178KB) AllocSpace objects, 1(20KB) LOS objects, 36% free, 27MB/43MB, paused 672us total 22.476ms
08-05 14:09:11.290  1548  1560 I art     : Starting a blocking GC Explicit
08-05 14:09:11.308  1548  1560 I art     : Explicit concurrent mark sweep GC freed 505(26KB) AllocSpace objects, 0(0B) LOS objects, 36% free, 27MB/43MB, paused 552us total 18.809ms
08-05 14:09:11.315  1548  1560 I art     : Starting a blocking GC Explicit
08-05 14:09:11.335  1548  1560 I art     : Explicit concurrent mark sweep GC freed 3(96B) AllocSpace objects, 0(0B) LOS objects, 36% free, 27MB/43MB, paused 617us total 19.516ms
08-05 14:09:11.341  1548  1560 I art     : Starting a blocking GC Explicit
08-05 14:09:11.363  1548  1560 I art     : Explicit concurrent mark sweep GC freed 59(12KB) AllocSpace objects, 0(0B) LOS objects, 36% free, 27MB/43MB, paused 550us total 21.483ms
08-05 14:09:11.371  1548  1560 I art     : Starting a blocking GC Explicit
08-05 14:09:11.392  1548  1560 I art     : Explicit concurrent mark sweep GC freed 165(6KB) AllocSpace objects, 0(0B) LOS objects, 36% free, 27MB/43MB, paused 541us total 21ms
08-05 14:09:11.540   380   380 W SurfaceFlinger: couldn't log to binary event log: overflow.
08-05 14:09:11.644  1548  1561 I art     : Starting a blocking GC Explicit
08-05 14:09:11.664  1548  1561 I art     : Explicit concurrent mark sweep GC freed 2046(108KB) AllocSpace objects, 1(20KB) LOS objects, 36% free, 27MB/43MB, paused 568us total 20.620ms
08-05 14:09:11.672  1548  1561 I art     : Starting a blocking GC Explicit
08-05 14:09:11.690  1548  1561 I art     : Explicit concurrent mark sweep GC freed 2483(152KB) AllocSpace objects, 2(248KB) LOS objects, 36% free, 27MB/43MB, paused 542us total 18.552ms
08-05 14:09:11.697  1548  1561 I art     : Starting a blocking GC Explicit
08-05 14:09:11.715  1548  1561 I art     : Explicit concurrent mark sweep GC freed 3(96B) AllocSpace objects, 0(0B) LOS objects, 36% free, 27MB/43MB, paused 568us total 18.323ms
08-05 14:09:11.722  1548  1561 I art     : Starting a blocking GC Explicit
08-05 14:09:11.739  1548  1561 I art     : Explicit concurrent mark sweep GC freed 3(96B) AllocSpace objects, 0(0B) LOS objects, 36% free, 27MB/43MB, paused 522us total 17.595ms
08-05 14:09:11.746  1548  1561 I art     : Starting a blocking GC Explicit
08-05 14:09:11.764  1548  1561 I art     : Explicit concurrent mark sweep GC freed 3(96B) AllocSpace objects, 0(0B) LOS objects, 36% free, 27MB/43MB, paused 533us total 18.423ms
08-05 14:09:12.036  1548  1573 I art     : Starting a blocking GC Explicit
08-05 14:09:12.058  1548  1573 I art     : Explicit concurrent mark sweep GC freed 1369(82KB) AllocSpace objects, 1(20KB) LOS objects, 36% free, 27MB/43MB, paused 587us total 22.577ms
08-05 14:09:12.066  1548  1573 I art     : Starting a blocking GC Explicit
08-05 14:09:12.087  1548  1573 I art     : Explicit concurrent mark sweep GC freed 23(752B) AllocSpace objects, 0(0B) LOS objects, 36% free, 27MB/43MB, paused 706us total 21.297ms
08-05 14:09:12.095  1548  1573 I art     : Starting a blocking GC Explicit
08-05 14:09:12.116  1548  1573 I art     : Explicit concurrent mark sweep GC freed 3(96B) AllocSpace objects, 0(0B) LOS objects, 36% free, 27MB/43MB, paused 704us total 20.524ms
08-05 14:09:12.123  1548  1573 I art     : Starting a blocking GC Explicit
08-05 14:09:12.144  1548  1573 I art     : Explicit concurrent mark sweep GC freed 3(96B) AllocSpace objects, 0(0B) LOS objects, 36% free, 27MB/43MB, paused 565us total 20.459ms
08-05 14:09:12.151  1548  1573 I art     : Starting a blocking GC Explicit
08-05 14:09:12.171  1548  1573 I art     : Explicit concurrent mark sweep GC freed 3(96B) AllocSpace objects, 0(0B) LOS objects, 36% free, 27MB/43MB, paused 652us total 20.196ms
08-05 14:09:12.462  1548  2782 I art     : Starting a blocking GC Explicit
08-05 14:09:12.485  1548  2782 I art     : Explicit concurrent mark sweep GC freed 1368(80KB) AllocSpace objects, 1(20KB) LOS objects, 36% free, 27MB/43MB, paused 564us total 22.579ms
08-05 14:09:12.492  1548  2782 I art     : Starting a blocking GC Explicit
08-05 14:09:12.513  1548  2782 I art     : Explicit concurrent mark sweep GC freed 23(752B) AllocSpace objects, 0(0B) LOS objects, 36% free, 27MB/43MB, paused 619us total 20.466ms
08-05 14:09:12.520  1548  2782 I art     : Starting a blocking GC Explicit
08-05 14:09:12.540  1548  2782 I art     : Explicit concurrent mark sweep GC freed 3(96B) AllocSpace objects, 0(0B) LOS objects, 36% free, 27MB/43MB, paused 557us total 19.732ms
08-05 14:09:12.547  1548  2782 I art     : Starting a blocking GC Explicit
08-05 14:09:12.566  1548  2782 I art     : Explicit concurrent mark sweep GC freed 3(96B) AllocSpace objects, 0(0B) LOS objects, 36% free, 27MB/43MB, paused 555us total 19.607ms
08-05 14:09:12.574  1548  2782 I art     : Starting a blocking GC Explicit
08-05 14:09:12.594  1548  2782 I art     : Explicit concurrent mark sweep GC freed 3(96B) AllocSpace objects, 0(0B) LOS objects, 36% free, 27MB/43MB, paused 563us total 19.972ms
08-05 14:09:12.750  2813  2813 D AndroidRuntime: >>>>>> START com.android.internal.os.RuntimeInit uid 2000 <<<<<<
08-05 14:09:12.754  2813  2813 D AndroidRuntime: CheckJNI is OFF
08-05 14:09:12.780  2813  2813 D ICU     : No timezone override file found: /data/misc/zoneinfo/current/icu/icu_tzdata.dat
08-05 14:09:12.805  2813  2813 I Radio-JNI: register_android_hardware_Radio DONE
08-05 14:09:12.821  2813  2813 D AndroidRuntime: Calling main entry com.android.commands.input.Input
08-05 14:09:12.823  2813  2813 I Input   : injectMotionEvent: MotionEvent { action=ACTION_DOWN, actionButton=0, id[0]=0, x[0]=639.0, y[0]=762.0, toolType[0]=TOOL_TYPE_UNKNOWN, buttonState=0, metaState=0, flags=0x0, edgeFlags=0x0, pointerCount=1, historySize=0, eventTime=799769236, downTime=799769236, deviceId=0, source=0x1002 }
08-05 14:09:12.827  2813  2813 I Input   : injectMotionEvent: MotionEvent { action=ACTION_UP, actionButton=0, id[0]=0, x[0]=639.0, y[0]=762.0, toolType[0]=TOOL_TYPE_UNKNOWN, buttonState=0, metaState=0, flags=0x0, edgeFlags=0x0, pointerCount=1, historySize=0, eventTime=799769236, downTime=799769236, deviceId=0, source=0x1002 }
08-05 14:09:12.832  2813  2813 D AndroidRuntime: Shutting down VM
08-05 14:09:12.866  1548  1573 I art     : Starting a blocking GC Explicit
08-05 14:09:12.892  1548  1573 I art     : Explicit concurrent mark sweep GC freed 1430(82KB) AllocSpace objects, 1(20KB) LOS objects, 36% free, 27MB/43MB, paused 568us total 25.885ms
08-05 14:09:12.896   512  2967 D audio_hw_primary: out_set_parameters: enter: usecase(1: low-latency-playback) kvpairs: routing=2
08-05 14:09:12.901  1548  1573 I art     : Starting a blocking GC Explicit
08-05 14:09:12.908   512  2967 D audio_hw_primary: select_devices: out_snd_device(2: speaker) in_snd_device(0: none)
08-05 14:09:12.908   512  2967 D msm8974_platform: platform_send_audio_calibration: sending audio calibration for snd_device(2) acdb_id(15)
08-05 14:09:12.909   512  2967 I soundtrigger: audio_extn_sound_trigger_update_device_status: device 0x2 of type 0 for Event 1
08-05 14:09:12.915 13866 13866 I GoogleInputMethodServic: GoogleInputMethodService.onFinishInput():3138 
08-05 14:09:12.916 13866 13866 I GoogleInputMethodServic: GoogleInputMethodService.onStartInput():1808 
08-05 14:09:12.918   512  2967 D audio_hw_primary: enable_snd_device: snd_device(2: speaker)
08-05 14:09:12.920   512  2967 D audio_hw_primary: enable_audio_route: apply and update mixer path: low-latency-playback speaker
08-05 14:09:12.922  1548  1573 I art     : Explicit concurrent mark sweep GC freed 216(8KB) AllocSpace objects, 0(0B) LOS objects, 36% free, 27MB/43MB, paused 677us total 20.325ms
08-05 14:09:12.929  1548  1573 I art     : Starting a blocking GC Explicit
08-05 14:09:12.950  1548  1573 I art     : Explicit concurrent mark sweep GC freed 28(1216B) AllocSpace objects, 0(0B) LOS objects, 36% free, 27MB/43MB, paused 537us total 21.337ms
08-05 14:09:12.957  1548  1573 I art     : Starting a blocking GC Explicit
08-05 14:09:12.977  1548  1573 I art     : Explicit concurrent mark sweep GC freed 15(544B) AllocSpace objects, 0(0B) LOS objects, 36% free, 27MB/43MB, paused 827us total 19.670ms
08-05 14:09:12.984  1548  1573 I art     : Starting a blocking GC Explicit
08-05 14:09:13.004  1548  1573 I art     : Explicit concurrent mark sweep GC freed 10(352B) AllocSpace objects, 0(0B) LOS objects, 36% free, 27MB/43MB, paused 611us total 19.828ms
08-05 14:09:13.066  1548  1575 I NAPPA_EXPERIMENTATION: MetricNetworkRequestExecutionTime: REQUEST_DURATION_SYSTEM='172',REQUEST_DURATION_OKHTTP='172',REQUEST_SYNCHRONOUS='TRUE',RESPONSE_CODE='200',RESPONSE_METHOD='GET',RESPONSE_LENGTH_OKHTTP='-1',RESPONSE_LENGTH_HEADER='622',REQUEST_PROTOCOL='h2',REQUEST_URL='https://itunes.apple.com/lookup?id=360084272',
08-05 14:09:13.093   918  5481 I ActivityManager: START u0 {cmp=baseline.de.danoeh.antennapod.debug/baseline.de.danoeh.antennapod.activity.OnlineFeedViewActivity (has extras)} from uid 10695 on display 0
08-05 14:09:13.118 13866 13866 I GoogleInputMethodServic: GoogleInputMethodService.onFinishInput():3138 
08-05 14:09:13.118 13866 13866 I GoogleInputMethodServic: GoogleInputMethodService.onStartInput():1808 
08-05 14:09:13.145  1548  1548 D UserPreferences: Using default data folder
08-05 14:09:13.146  1548  1548 D OnlineFeedViewActivity: Activity was started with url http://joeroganexp.joerogan.libsynpro.com/rss
08-05 14:09:13.149  1548  1548 D OnlineFeedViewActivity: Starting feed download
08-05 14:09:13.151  1548  1568 D DBReader: Extracting Feedlist
08-05 14:09:13.154   918  3670 D WifiService: acquireWifiLockLocked: WifiLock{Downloader type=1 binder=android.os.BinderProxy@d5962f}
08-05 14:09:13.154  1548  1568 D AntennapodHttpClient: Creating new instance of HTTP client
08-05 14:09:13.202 13866 13866 I GoogleInputMethodServic: GoogleInputMethodService.onFinishInput():3138 
08-05 14:09:13.204 13866 13866 I GoogleInputMethodServic: GoogleInputMethodService.onStartInput():1808 
08-05 14:09:13.207  1548  1568 D MYTAG   : interceptor 3a http://joeroganexp.joerogan.libsynpro.com/rss
08-05 14:09:13.207  1548  1568 I NAPPA_EXPERIMENTATION: MetricNetworkRequestExecutionTime: REQUEST_DURATION_SYSTEM='51',REQUEST_DURATION_OKHTTP='45',REQUEST_SYNCHRONOUS='TRUE',RESPONSE_CODE='200',RESPONSE_METHOD='GET',RESPONSE_LENGTH_OKHTTP='-1',RESPONSE_LENGTH_HEADER='307892',REQUEST_PROTOCOL='http/1.1',REQUEST_URL='http://joeroganexp.joerogan.libsynpro.com/rss',
08-05 14:09:13.207  1548  1568 D HttpDownloader: Response code is 200
08-05 14:09:13.207  1548  1568 D UserPreferences: Using default data folder
08-05 14:09:13.209  1548  1568 D HttpDownloader: Getting size of download
08-05 14:09:13.209  1548  1568 D HttpDownloader: Size is -1
08-05 14:09:13.209  1548  1568 D UserPreferences: Using default data folder
08-05 14:09:13.209  1548  1568 D HttpDownloader: Free space is 20205461504
08-05 14:09:13.209  1548  1568 D HttpDownloader: Starting download
08-05 14:09:13.230   918   936 I ActivityManager: Displayed baseline.de.danoeh.antennapod.debug/baseline.de.danoeh.antennapod.activity.OnlineFeedViewActivity: +111ms
08-05 14:09:13.258  1548  1560 I art     : Starting a blocking GC Explicit
08-05 14:09:13.286  1548  1560 I art     : Explicit concurrent mark sweep GC freed 3460(234KB) AllocSpace objects, 1(20KB) LOS objects, 36% free, 27MB/43MB, paused 599us total 26.021ms
08-05 14:09:13.293  1548  1560 I art     : Starting a blocking GC Explicit
08-05 14:09:13.313  1548  1560 I art     : Explicit concurrent mark sweep GC freed 375(16KB) AllocSpace objects, 0(0B) LOS objects, 36% free, 27MB/43MB, paused 600us total 19.558ms
08-05 14:09:13.320  1548  1560 I art     : Starting a blocking GC Explicit
08-05 14:09:13.339  1548  1560 I art     : Explicit concurrent mark sweep GC freed 3(96B) AllocSpace objects, 0(0B) LOS objects, 36% free, 27MB/43MB, paused 592us total 19.238ms
08-05 14:09:13.346  1548  1560 I art     : Starting a blocking GC Explicit
08-05 14:09:13.353  1548  1568 D HttpDownloader: Download was successful
08-05 14:09:13.354   918  6112 D WifiService: releaseWifiLockLocked: WifiLock{Downloader type=1 binder=android.os.BinderProxy@d5962f}
08-05 14:09:13.354  1548  1548 D OnlineFeedViewActivity: Parsing feed
08-05 14:09:13.357  1548  2849 D TypeGetter: Recognized type RSS 2.0
08-05 14:09:13.358  1548  2849 D SyndHandler: Recognized Atom namespace
08-05 14:09:13.358  1548  2849 D SyndHandler: Recognized ITunes namespace
08-05 14:09:13.359  1548  2849 D SyndHandler: Recognized media namespace
08-05 14:09:13.359  1548  2849 D SyndHandler: Recognized Content namespace
08-05 14:09:13.367  1548  1560 I art     : Explicit concurrent mark sweep GC freed 675(148KB) AllocSpace objects, 3(60KB) LOS objects, 36% free, 27MB/43MB, paused 721us total 20.263ms
08-05 14:09:13.373  1548  1560 I art     : Starting a blocking GC Explicit
08-05 14:09:13.395  1548  1560 I art     : Explicit concurrent mark sweep GC freed 2385(159KB) AllocSpace objects, 0(0B) LOS objects, 36% free, 27MB/43MB, paused 783us total 21.558ms
08-05 14:09:13.459   512  2967 D audio_hw_primary: disable_audio_route: reset and update mixer path: low-latency-playback speaker
08-05 14:09:13.461   512  2967 D audio_hw_primary: disable_snd_device: snd_device(2: speaker)
08-05 14:09:13.468   512  2967 I soundtrigger: audio_extn_sound_trigger_update_device_status: device 0x2 of type 0 for Event 0
08-05 14:09:13.477   380   380 W SurfaceFlinger: couldn't log to binary event log: overflow.
08-05 14:09:13.596  1548  1548 D PlaybackController: Releasing PlaybackController
08-05 14:09:13.650  1548  2782 I art     : Starting a blocking GC Explicit
08-05 14:09:13.679  1548  2782 I art     : Explicit concurrent mark sweep GC freed 29118(1559KB) AllocSpace objects, 1(20KB) LOS objects, 35% free, 28MB/44MB, paused 902us total 28.752ms
08-05 14:09:13.688  1548  2782 I art     : Starting a blocking GC Explicit
08-05 14:09:13.710  1548  2782 I art     : Explicit concurrent mark sweep GC freed 6413(310KB) AllocSpace objects, 0(0B) LOS objects, 35% free, 28MB/44MB, paused 846us total 21.475ms
08-05 14:09:13.717  1548  2782 I art     : Starting a blocking GC Explicit
08-05 14:09:13.738  1548  2782 I art     : Explicit concurrent mark sweep GC freed 7505(355KB) AllocSpace objects, 0(0B) LOS objects, 35% free, 28MB/44MB, paused 817us total 20.941ms
08-05 14:09:13.745  1548  2782 I art     : Starting a blocking GC Explicit
08-05 14:09:13.766  1548  2782 I art     : Explicit concurrent mark sweep GC freed 3026(159KB) AllocSpace objects, 0(0B) LOS objects, 35% free, 28MB/44MB, paused 790us total 20.844ms
08-05 14:09:13.773  1548  2782 I art     : Starting a blocking GC Explicit
08-05 14:09:13.793  1548  2782 I art     : Explicit concurrent mark sweep GC freed 2993(148KB) AllocSpace objects, 0(0B) LOS objects, 35% free, 28MB/44MB, paused 792us total 20.485ms
08-05 14:09:14.047  1548  1560 I art     : Starting a blocking GC Explicit
08-05 14:09:14.077  1548  1560 I art     : Explicit concurrent mark sweep GC freed 29868(1607KB) AllocSpace objects, 1(20KB) LOS objects, 35% free, 29MB/45MB, paused 925us total 30.207ms
08-05 14:09:14.088  1548  1560 I art     : Starting a blocking GC Explicit
08-05 14:09:14.113  1548  1560 I art     : Explicit concurrent mark sweep GC freed 7594(367KB) AllocSpace objects, 0(0B) LOS objects, 35% free, 29MB/45MB, paused 1.119ms total 24.094ms
08-05 14:09:14.120  1548  1560 I art     : Starting a blocking GC Explicit
08-05 14:09:14.144  1548  1560 I art     : Explicit concurrent mark sweep GC freed 7173(338KB) AllocSpace objects, 0(0B) LOS objects, 35% free, 29MB/45MB, paused 831us total 23.286ms
08-05 14:09:14.151  1548  1560 I art     : Starting a blocking GC Explicit
08-05 14:09:14.174  1548  1560 I art     : Explicit concurrent mark sweep GC freed 3219(170KB) AllocSpace objects, 0(0B) LOS objects, 35% free, 29MB/45MB, paused 790us total 22.710ms
08-05 14:09:14.182  1548  1560 I art     : Starting a blocking GC Explicit
08-05 14:09:14.205  1548  1560 I art     : Explicit concurrent mark sweep GC freed 3267(165KB) AllocSpace objects, 0(0B) LOS objects, 35% free, 29MB/45MB, paused 849us total 22.824ms
08-05 14:09:14.374   518   646 I ThermalEngine: ACTION: GPU - Setting GPU[0] to 510000000
08-05 14:09:14.478  1548  1560 I art     : Starting a blocking GC Explicit
08-05 14:09:14.525  1548  1560 I art     : Explicit concurrent mark sweep GC freed 28507(1593KB) AllocSpace objects, 1(20KB) LOS objects, 34% free, 30MB/46MB, paused 1.275ms total 45.838ms
08-05 14:09:14.536  1548  1560 I art     : Starting a blocking GC Explicit
08-05 14:09:14.571  1548  1560 I art     : Explicit concurrent mark sweep GC freed 4041(208KB) AllocSpace objects, 0(0B) LOS objects, 34% free, 30MB/46MB, paused 1.365ms total 34.349ms
08-05 14:09:14.581  1548  1560 I art     : Starting a blocking GC Explicit
08-05 14:09:14.613  1548  1560 I art     : Explicit concurrent mark sweep GC freed 9759(455KB) AllocSpace objects, 0(0B) LOS objects, 34% free, 30MB/46MB, paused 1.127ms total 30.954ms
08-05 14:09:14.623  1548  1560 I art     : Starting a blocking GC Explicit
08-05 14:09:14.653  1548  1560 I art     : Explicit concurrent mark sweep GC freed 4797(229KB) AllocSpace objects, 0(0B) LOS objects, 34% free, 30MB/46MB, paused 1.109ms total 30.292ms
08-05 14:09:14.664  1548  1560 I art     : Starting a blocking GC Explicit
08-05 14:09:14.694  1548  1560 I art     : Explicit concurrent mark sweep GC freed 3330(177KB) AllocSpace objects, 0(0B) LOS objects, 34% free, 30MB/46MB, paused 1.062ms total 30.250ms
08-05 14:09:15.011  1548  1573 I art     : Starting a blocking GC Explicit
08-05 14:09:15.051  1548  1573 I art     : Explicit concurrent mark sweep GC freed 27289(1422KB) AllocSpace objects, 1(20KB) LOS objects, 34% free, 31MB/47MB, paused 1.301ms total 40.060ms
08-05 14:09:15.063  1548  1573 I art     : Starting a blocking GC Explicit
08-05 14:09:15.100  1548  1573 I art     : Explicit concurrent mark sweep GC freed 3973(168KB) AllocSpace objects, 0(0B) LOS objects, 34% free, 31MB/47MB, paused 1.459ms total 37.138ms
08-05 14:09:15.111  1548  1573 I art     : Starting a blocking GC Explicit
08-05 14:09:15.144  1548  1573 I art     : Explicit concurrent mark sweep GC freed 11229(507KB) AllocSpace objects, 0(0B) LOS objects, 34% free, 30MB/46MB, paused 1.132ms total 33.275ms
08-05 14:09:15.155  1548  1573 I art     : Starting a blocking GC Explicit
08-05 14:09:15.187  1548  1573 I art     : Explicit concurrent mark sweep GC freed 3500(149KB) AllocSpace objects, 0(0B) LOS objects, 34% free, 30MB/46MB, paused 1.013ms total 32.058ms
08-05 14:09:15.198  1548  1573 I art     : Starting a blocking GC Explicit
08-05 14:09:15.230  1548  1573 I art     : Explicit concurrent mark sweep GC freed 3541(155KB) AllocSpace objects, 0(0B) LOS objects, 34% free, 30MB/46MB, paused 1.148ms total 32.352ms
08-05 14:09:15.347  1548  2849 D OnlineFeedViewActivity: Deleted feed source file. Result: true
08-05 14:09:15.365  1548  1548 D OnlineFeedViewActivity: Removing HTML from shownotes
08-05 14:09:15.521  1548  1573 I art     : Waiting for a blocking GC Explicit
08-05 14:09:15.539  1548  1573 I art     : WaitForGcToComplete blocked for 17.844ms for cause Explicit
08-05 14:09:15.539  1548  1573 I art     : Starting a blocking GC Explicit
08-05 14:09:15.579  1548  1573 I art     : Explicit concurrent mark sweep GC freed 38563(3MB) AllocSpace objects, 166(11MB) LOS objects, 32% free, 32MB/48MB, paused 1.120ms total 40.367ms
08-05 14:09:15.591  1548  1573 I art     : Starting a blocking GC Explicit
08-05 14:09:15.630  1548  1573 I art     : Explicit concurrent mark sweep GC freed 43937(3MB) AllocSpace objects, 200(13MB) LOS objects, 32% free, 32MB/48MB, paused 1.052ms total 38.960ms
08-05 14:09:15.642  1548  1573 I art     : Starting a blocking GC Explicit
08-05 14:09:15.682  1548  1573 I art     : Explicit concurrent mark sweep GC freed 45698(3MB) AllocSpace objects, 199(13MB) LOS objects, 32% free, 32MB/48MB, paused 987us total 40.498ms
08-05 14:09:15.694  1548  1573 I art     : Starting a blocking GC Explicit
08-05 14:09:15.735  1548  1573 I art     : Explicit concurrent mark sweep GC freed 45959(3MB) AllocSpace objects, 213(14MB) LOS objects, 32% free, 33MB/49MB, paused 1.148ms total 40.843ms
08-05 14:09:15.747  1548  1573 I art     : Starting a blocking GC Explicit
08-05 14:09:15.789  1548  1573 I art     : Explicit concurrent mark sweep GC freed 45650(4MB) AllocSpace objects, 301(19MB) LOS objects, 32% free, 33MB/49MB, paused 1.067ms total 42.279ms
08-05 14:09:15.809  1548  2526 D ApOkHttpUrlLoader: buildLoadData() called with: model = [http://static.libsyn.com/p/assets/7/1/f/3/71f3014e14ef2722/JREiTunesImage2.jpg], width = [350], height = [350]
08-05 14:09:15.811  1548  2314 D DBReader: getImageAuthentication() called with: imageUrl = [http://static.libsyn.com/p/assets/7/1/f/3/71f3014e14ef2722/JREiTunesImage2.jpg]
08-05 14:09:15.813  1548  2314 D ApOkHttpUrlLoader: no credentials for 'http://static.libsyn.com/p/assets/7/1/f/3/71f3014e14ef2722/JREiTunesImage2.jpg'
08-05 14:09:15.939  1548  2314 D MYTAG   : interceptor 2a
08-05 14:09:15.939  1548  2314 I NAPPA_EXPERIMENTATION: MetricNetworkRequestExecutionTime: REQUEST_DURATION_SYSTEM='125',REQUEST_DURATION_OKHTTP='47',REQUEST_SYNCHRONOUS='TRUE',RESPONSE_CODE='200',RESPONSE_METHOD='GET',RESPONSE_LENGTH_OKHTTP='402832',RESPONSE_LENGTH_HEADER='402832',REQUEST_PROTOCOL='http/1.1',REQUEST_URL='http://static.libsyn.com/p/assets/7/1/f/3/71f3014e14ef2722/JREiTunesImage2.jpg',
08-05 14:09:16.093  1548  1573 I art     : Starting a blocking GC Explicit
08-05 14:09:16.134  1548  1573 I art     : Explicit concurrent mark sweep GC freed 16166(1543KB) AllocSpace objects, 78(5MB) LOS objects, 33% free, 31MB/47MB, paused 731us total 40.470ms
08-05 14:09:16.146  1548  1573 I art     : Starting a blocking GC Explicit
08-05 14:09:16.182  1548  1573 I art     : Explicit concurrent mark sweep GC freed 615(29KB) AllocSpace objects, 1(112KB) LOS objects, 33% free, 31MB/47MB, paused 709us total 36.052ms
08-05 14:09:16.194  1548  1573 I art     : Starting a blocking GC Explicit
08-05 14:09:16.230  1548  1573 I art     : Explicit concurrent mark sweep GC freed 3(96B) AllocSpace objects, 0(0B) LOS objects, 33% free, 31MB/47MB, paused 695us total 36.726ms
08-05 14:09:16.242  1548  1573 I art     : Starting a blocking GC Explicit
08-05 14:09:16.280  1548  1573 I art     : Explicit concurrent mark sweep GC freed 3(96B) AllocSpace objects, 0(0B) LOS objects, 33% free, 31MB/47MB, paused 660us total 37.322ms
08-05 14:09:16.292  1548  1573 I art     : Starting a blocking GC Explicit
08-05 14:09:16.329  1548  1573 I art     : Explicit concurrent mark sweep GC freed 3(96B) AllocSpace objects, 0(0B) LOS objects, 33% free, 31MB/47MB, paused 706us total 36.434ms
08-05 14:09:16.635  1548  1561 I art     : Starting a blocking GC Explicit
08-05 14:09:16.688  1548  1561 I art     : Explicit concurrent mark sweep GC freed 1399(81KB) AllocSpace objects, 1(20KB) LOS objects, 33% free, 31MB/47MB, paused 760us total 52.001ms
08-05 14:09:16.705  1548  1561 I art     : Starting a blocking GC Explicit
08-05 14:09:16.742  1548  1561 I art     : Explicit concurrent mark sweep GC freed 23(752B) AllocSpace objects, 0(0B) LOS objects, 33% free, 31MB/47MB, paused 709us total 36.427ms
08-05 14:09:16.754  1548  1561 I art     : Starting a blocking GC Explicit
08-05 14:09:16.791  1548  1561 I art     : Explicit concurrent mark sweep GC freed 3(96B) AllocSpace objects, 0(0B) LOS objects, 33% free, 31MB/47MB, paused 650us total 37.185ms
08-05 14:09:16.803  1548  1561 I art     : Starting a blocking GC Explicit
08-05 14:09:16.839  1548  1561 I art     : Explicit concurrent mark sweep GC freed 3(96B) AllocSpace objects, 0(0B) LOS objects, 33% free, 31MB/47MB, paused 697us total 36.004ms
08-05 14:09:16.851  1548  1561 I art     : Starting a blocking GC Explicit
08-05 14:09:16.889  1548  1561 I art     : Explicit concurrent mark sweep GC freed 3(96B) AllocSpace objects, 0(0B) LOS objects, 33% free, 31MB/47MB, paused 716us total 37.072ms
08-05 14:09:17.202  1548  1560 I art     : Starting a blocking GC Explicit
08-05 14:09:17.240  1548  1560 I art     : Explicit concurrent mark sweep GC freed 1367(80KB) AllocSpace objects, 1(20KB) LOS objects, 33% free, 31MB/47MB, paused 717us total 36.974ms
08-05 14:09:17.252  1548  1560 I art     : Starting a blocking GC Explicit
08-05 14:09:17.287  1548  1560 I art     : Explicit concurrent mark sweep GC freed 23(752B) AllocSpace objects, 0(0B) LOS objects, 33% free, 31MB/47MB, paused 753us total 34.731ms
08-05 14:09:17.299  1548  1560 I art     : Starting a blocking GC Explicit
08-05 14:09:17.334  1548  1560 I art     : Explicit concurrent mark sweep GC freed 3(96B) AllocSpace objects, 0(0B) LOS objects, 33% free, 31MB/47MB, paused 691us total 34.677ms
08-05 14:09:17.345  1548  1560 I art     : Starting a blocking GC Explicit
08-05 14:09:17.381  1548  1560 I art     : Explicit concurrent mark sweep GC freed 3(96B) AllocSpace objects, 0(0B) LOS objects, 33% free, 31MB/47MB, paused 701us total 35.413ms
08-05 14:09:17.392  1548  1560 I art     : Starting a blocking GC Explicit
08-05 14:09:17.427  1548  1560 I art     : Explicit concurrent mark sweep GC freed 4(128B) AllocSpace objects, 0(0B) LOS objects, 33% free, 31MB/47MB, paused 732us total 34.278ms
08-05 14:09:17.506  2923  2923 D AndroidRuntime: >>>>>> START com.android.internal.os.RuntimeInit uid 2000 <<<<<<
08-05 14:09:17.511  2923  2923 D AndroidRuntime: CheckJNI is OFF
08-05 14:09:17.544  2923  2923 D ICU     : No timezone override file found: /data/misc/zoneinfo/current/icu/icu_tzdata.dat
08-05 14:09:17.579  2923  2923 I Radio-JNI: register_android_hardware_Radio DONE
08-05 14:09:17.600  2923  2923 D AndroidRuntime: Calling main entry com.android.commands.input.Input
08-05 14:09:17.602  2923  2923 I Input   : injectMotionEvent: MotionEvent { action=ACTION_DOWN, actionButton=0, id[0]=0, x[0]=693.0, y[0]=821.0, toolType[0]=TOOL_TYPE_UNKNOWN, buttonState=0, metaState=0, flags=0x0, edgeFlags=0x0, pointerCount=1, historySize=0, eventTime=799774015, downTime=799774015, deviceId=0, source=0x1002 }
08-05 14:09:17.607  2923  2923 I Input   : injectMotionEvent: MotionEvent { action=ACTION_UP, actionButton=0, id[0]=0, x[0]=693.0, y[0]=821.0, toolType[0]=TOOL_TYPE_UNKNOWN, buttonState=0, metaState=0, flags=0x0, edgeFlags=0x0, pointerCount=1, historySize=0, eventTime=799774015, downTime=799774015, deviceId=0, source=0x1002 }
08-05 14:09:17.609  2923  2923 D AndroidRuntime: Shutting down VM
08-05 14:09:17.620  1548  1548 D UserPreferences: Using default data folder
08-05 14:09:17.621  1548  1548 D DownloadRequester: partiallyDownloadedFileExists: false
08-05 14:09:17.621   512  2967 D audio_hw_primary: out_set_parameters: enter: usecase(1: low-latency-playback) kvpairs: routing=2
08-05 14:09:17.621  1548  1548 D DownloadRequester: /storage/emulated/0/Android/data/baseline.de.danoeh.antennapod.debug/files/cache/feed-The Joe Rogan Experience is available as a download destination
08-05 14:09:17.622  1548  1548 D DownloadRequester: Requesting download of url http://joeroganexp.joerogan.libsynpro.com/rss
08-05 14:09:17.633  1548  1548 D DownloadService: Service started
08-05 14:09:17.634   512  2967 D audio_hw_primary: select_devices: out_snd_device(2: speaker) in_snd_device(0: none)
08-05 14:09:17.634   512  2967 D msm8974_platform: platform_send_audio_calibration: sending audio calibration for snd_device(2) acdb_id(15)
08-05 14:09:17.634   512  2967 I soundtrigger: audio_extn_sound_trigger_update_device_status: device 0x2 of type 0 for Event 1
08-05 14:09:17.635  1548  1548 D DownloadService: parallel downloads: 4
08-05 14:09:17.635  1548  2950 D downloadCompletionThd: downloadCompletionThread was started
08-05 14:09:17.636  1548  1548 D DownloadService: Notification set up
08-05 14:09:17.640  1548  1548 D DownloadService: Received enqueue request
08-05 14:09:17.640  1548  1548 D OnlineFeedViewActivity: onEventMainThread() called with: event = [DownloadEvent{update=DownloaderUpdate{downloaders=[baseline.de.danoeh.antennapod.core.service.download.HttpDownloader@8f335e0], feedIds=[0], mediaIds=[]}}]
08-05 14:09:17.641  1548  1548 D DownloadService: 1 downloads left
08-05 14:09:17.641  1548  1548 D DownloadService: Setting up notification updater
08-05 14:09:17.641   918  6110 D WifiService: acquireWifiLockLocked: WifiLock{Downloader type=1 binder=android.os.BinderProxy@31d94be}
08-05 14:09:17.642  1548  2952 D AntennapodHttpClient: Creating new instance of HTTP client
08-05 14:09:17.651   512  2967 D audio_hw_primary: enable_snd_device: snd_device(2: speaker)
08-05 14:09:17.653   512  2967 D audio_hw_primary: enable_audio_route: apply and update mixer path: low-latency-playback speaker
08-05 14:09:17.713  1548  1573 I art     : Starting a blocking GC Explicit
08-05 14:09:17.746  1548  1573 I art     : Explicit concurrent mark sweep GC freed 2531(140KB) AllocSpace objects, 1(20KB) LOS objects, 33% free, 31MB/47MB, paused 805us total 32.753ms
08-05 14:09:17.748 28061 28061 I ServiceManager: Waiting for service AtCmdFwd...
08-05 14:09:17.758  1548  1573 I art     : Starting a blocking GC Explicit
08-05 14:09:17.775  1548  2952 D MYTAG   : interceptor 3a http://joeroganexp.joerogan.libsynpro.com/rss
08-05 14:09:17.775  1548  2952 I NAPPA_EXPERIMENTATION: MetricNetworkRequestExecutionTime: REQUEST_DURATION_SYSTEM='131',REQUEST_DURATION_OKHTTP='38',REQUEST_SYNCHRONOUS='TRUE',RESPONSE_CODE='200',RESPONSE_METHOD='GET',RESPONSE_LENGTH_OKHTTP='-1',RESPONSE_LENGTH_HEADER='307892',REQUEST_PROTOCOL='http/1.1',REQUEST_URL='http://joeroganexp.joerogan.libsynpro.com/rss',
08-05 14:09:17.775  1548  2952 D HttpDownloader: Response code is 200
08-05 14:09:17.775  1548  2952 D UserPreferences: Using default data folder
08-05 14:09:17.786  1548  2952 D HttpDownloader: Getting size of download
08-05 14:09:17.786  1548  2952 D HttpDownloader: Size is -1
08-05 14:09:17.787  1548  2952 D UserPreferences: Using default data folder
08-05 14:09:17.787  1548  2952 D HttpDownloader: Free space is 20204990464
08-05 14:09:17.787  1548  2952 D HttpDownloader: Starting download
08-05 14:09:17.793  1548  1573 I art     : Explicit concurrent mark sweep GC freed 219(18KB) AllocSpace objects, 0(0B) LOS objects, 33% free, 31MB/47MB, paused 939us total 34.662ms
08-05 14:09:17.804  1548  1573 I art     : Starting a blocking GC Explicit
08-05 14:09:17.837  1548  1573 I art     : Explicit concurrent mark sweep GC freed 26(944B) AllocSpace objects, 0(0B) LOS objects, 33% free, 31MB/47MB, paused 838us total 32.748ms
08-05 14:09:17.847  1548  1573 I art     : Starting a blocking GC Explicit
08-05 14:09:17.879  1548  1573 I art     : Explicit concurrent mark sweep GC freed 6(192B) AllocSpace objects, 0(0B) LOS objects, 33% free, 31MB/47MB, paused 776us total 31.677ms
08-05 14:09:17.890  1548  1573 I art     : Starting a blocking GC Explicit
08-05 14:09:17.901  1548  2952 D HttpDownloader: Download was successful
08-05 14:09:17.902   918  4400 D WifiService: releaseWifiLockLocked: WifiLock{Downloader type=1 binder=android.os.BinderProxy@31d94be}
08-05 14:09:17.902  1548  2950 D downloadCompletionThd: Received 'Download Complete' - message.
08-05 14:09:17.903  1548  2950 D DownloadService: Handling completed Feed Download
08-05 14:09:17.903  1548  1548 D DownloadService: Removing downloader: http://joeroganexp.joerogan.libsynpro.com/rss
08-05 14:09:17.903  1548  1548 D DownloadService: Result of downloads.remove: true
08-05 14:09:17.903  1548  1548 D OnlineFeedViewActivity: onEventMainThread() called with: event = [DownloadEvent{update=DownloaderUpdate{downloaders=[], feedIds=[], mediaIds=[]}}]
08-05 14:09:17.906  1548  2959 D TypeGetter: Recognized type RSS 2.0
08-05 14:09:17.907  1548  2959 D SyndHandler: Recognized Atom namespace
08-05 14:09:17.907  1548  2959 D SyndHandler: Recognized ITunes namespace
08-05 14:09:17.907  1548  2959 D SyndHandler: Recognized media namespace
08-05 14:09:17.907  1548  2959 D SyndHandler: Recognized Content namespace
08-05 14:09:17.923  1548  1573 I art     : Explicit concurrent mark sweep GC freed 1028(170KB) AllocSpace objects, 3(60KB) LOS objects, 33% free, 31MB/47MB, paused 987us total 32.965ms
08-05 14:09:18.173  1548  1561 I art     : Starting a blocking GC Explicit
08-05 14:09:18.188   512  2967 D audio_hw_primary: disable_audio_route: reset and update mixer path: low-latency-playback speaker
08-05 14:09:18.190   512  2967 D audio_hw_primary: disable_snd_device: snd_device(2: speaker)
08-05 14:09:18.198   512  2967 I soundtrigger: audio_extn_sound_trigger_update_device_status: device 0x2 of type 0 for Event 0
08-05 14:09:18.216  1548  1561 I art     : Explicit concurrent mark sweep GC freed 20512(1136KB) AllocSpace objects, 1(20KB) LOS objects, 33% free, 32MB/48MB, paused 1.168ms total 42.768ms
08-05 14:09:18.230  1548  1561 I art     : Starting a blocking GC Explicit
08-05 14:09:18.265  1548  1561 I art     : Explicit concurrent mark sweep GC freed 8260(395KB) AllocSpace objects, 0(0B) LOS objects, 33% free, 32MB/48MB, paused 1.044ms total 34.986ms
08-05 14:09:18.276  1548  1561 I art     : Starting a blocking GC Explicit
08-05 14:09:18.312  1548  1561 I art     : Explicit concurrent mark sweep GC freed 4260(213KB) AllocSpace objects, 0(0B) LOS objects, 33% free, 32MB/48MB, paused 1.014ms total 35.798ms
08-05 14:09:18.322  1548  1561 I art     : Starting a blocking GC Explicit
08-05 14:09:18.359  1548  1561 I art     : Explicit concurrent mark sweep GC freed 3710(188KB) AllocSpace objects, 0(0B) LOS objects, 33% free, 32MB/48MB, paused 1.093ms total 36.539ms
08-05 14:09:18.370  1548  1561 I art     : Starting a blocking GC Explicit
08-05 14:09:18.407  1548  1561 I art     : Explicit concurrent mark sweep GC freed 3761(194KB) AllocSpace objects, 0(0B) LOS objects, 33% free, 32MB/48MB, paused 1.071ms total 36.461ms
08-05 14:09:18.683  1548  1561 I art     : Starting a blocking GC Explicit
08-05 14:09:18.734  1548  1561 I art     : Explicit concurrent mark sweep GC freed 23859(1267KB) AllocSpace objects, 1(20KB) LOS objects, 32% free, 32MB/48MB, paused 1.314ms total 50.714ms
08-05 14:09:18.747  1548  1561 I art     : Starting a blocking GC Explicit
08-05 14:09:18.749 28061 28061 I ServiceManager: Waiting for service AtCmdFwd...
08-05 14:09:18.787  1548  1561 I art     : Explicit concurrent mark sweep GC freed 10132(479KB) AllocSpace objects, 0(0B) LOS objects, 32% free, 32MB/48MB, paused 1.105ms total 39.715ms
08-05 14:09:18.798  1548  1561 I art     : Starting a blocking GC Explicit
08-05 14:09:18.836  1548  1561 I art     : Explicit concurrent mark sweep GC freed 3977(198KB) AllocSpace objects, 0(0B) LOS objects, 32% free, 32MB/48MB, paused 1.029ms total 38.076ms
08-05 14:09:18.848  1548  1561 I art     : Starting a blocking GC Explicit
08-05 14:09:18.887  1548  1561 I art     : Explicit concurrent mark sweep GC freed 3871(212KB) AllocSpace objects, 0(0B) LOS objects, 32% free, 32MB/48MB, paused 1.070ms total 38.837ms
08-05 14:09:18.899  1548  1561 I art     : Starting a blocking GC Explicit
08-05 14:09:18.937  1548  1561 I art     : Explicit concurrent mark sweep GC freed 3979(202KB) AllocSpace objects, 0(0B) LOS objects, 32% free, 32MB/48MB, paused 1.066ms total 38.100ms
08-05 14:09:19.211  1548  2782 I art     : Starting a blocking GC Explicit
08-05 14:09:19.280  1548  2782 I art     : Explicit concurrent mark sweep GC freed 25455(1393KB) AllocSpace objects, 1(20KB) LOS objects, 32% free, 33MB/49MB, paused 1.289ms total 68.774ms
08-05 14:09:19.294  1548  2782 I art     : Starting a blocking GC Explicit
08-05 14:09:19.335  1548  2782 I art     : Explicit concurrent mark sweep GC freed 9716(474KB) AllocSpace objects, 0(0B) LOS objects, 32% free, 33MB/49MB, paused 1.198ms total 40.809ms
08-05 14:09:19.347  1548  2782 I art     : Starting a blocking GC Explicit
08-05 14:09:19.387  1548  2782 I art     : Explicit concurrent mark sweep GC freed 5690(289KB) AllocSpace objects, 0(0B) LOS objects, 32% free, 33MB/49MB, paused 1.146ms total 39.833ms
08-05 14:09:19.399  1548  2782 I art     : Starting a blocking GC Explicit
08-05 14:09:19.405  1548  1548 D OnlineFeedViewActivity: onEventMainThread() called with: event = [DownloadEvent{update=DownloaderUpdate{downloaders=[], feedIds=[], mediaIds=[]}}]
08-05 14:09:19.438  1548  2782 I art     : Explicit concurrent mark sweep GC freed 4172(227KB) AllocSpace objects, 0(0B) LOS objects, 32% free, 33MB/49MB, paused 1.187ms total 39.391ms
08-05 14:09:19.451  1548  2782 I art     : Starting a blocking GC Explicit
08-05 14:09:19.491  1548  2782 I art     : Explicit concurrent mark sweep GC freed 4118(228KB) AllocSpace objects, 0(0B) LOS objects, 32% free, 33MB/49MB, paused 1.151ms total 40.049ms
08-05 14:09:19.749 28061 28061 I ServiceManager: Waiting for service AtCmdFwd...
08-05 14:09:19.802  1548  1573 I art     : Starting a blocking GC Explicit
08-05 14:09:19.858  1548  1573 I art     : Explicit concurrent mark sweep GC freed 26817(1439KB) AllocSpace objects, 1(20KB) LOS objects, 31% free, 34MB/50MB, paused 1.323ms total 55.014ms
08-05 14:09:19.872  1548  1573 I art     : Starting a blocking GC Explicit
08-05 14:09:19.917  1548  1573 I art     : Explicit concurrent mark sweep GC freed 6295(379KB) AllocSpace objects, 0(0B) LOS objects, 31% free, 34MB/50MB, paused 1.400ms total 45.048ms
08-05 14:09:19.930  1548  1573 I art     : Starting a blocking GC Explicit
08-05 14:09:19.972  1548  1573 I art     : Explicit concurrent mark sweep GC freed 10046(451KB) AllocSpace objects, 0(0B) LOS objects, 31% free, 34MB/50MB, paused 1.049ms total 41.710ms
08-05 14:09:19.984  1548  1573 I art     : Starting a blocking GC Explicit
08-05 14:09:20.027  1548  1573 I art     : Explicit concurrent mark sweep GC freed 4390(186KB) AllocSpace objects, 0(0B) LOS objects, 31% free, 34MB/50MB, paused 1.148ms total 42.575ms
08-05 14:09:20.039  1548  1573 I art     : Starting a blocking GC Explicit
08-05 14:09:20.082  1548  1573 I art     : Explicit concurrent mark sweep GC freed 4468(188KB) AllocSpace objects, 0(0B) LOS objects, 31% free, 34MB/50MB, paused 1.127ms total 42.237ms
08-05 14:09:20.339  1548  2959 D FeedSyncThread: The Joe Rogan Experience parsed
08-05 14:09:20.345  1548  2959 D FeedSyncThread: Deletion of file '/storage/emulated/0/Android/data/baseline.de.danoeh.antennapod.debug/files/cache/feed-The Joe Rogan Experience' successful
08-05 14:09:20.345  1548  2959 D DBReader: getFeedDownloadLog() called with: feed = [baseline.de.danoeh.antennapod.core.feed.Feed@0]
08-05 14:09:20.346  1548  2951 D FeedSyncThread: Bundling 1 feeds
08-05 14:09:20.347  1548  3023 D DBReader: Extracting Feedlist
08-05 14:09:20.348  1548  3023 D DBTasks : Found no existing Feed with title The Joe Rogan Experience. Adding as new one.
08-05 14:09:20.351  1548  2736 D PodDBAdapter: Setting feed with flattr status The Joe Rogan Experience: 0
08-05 14:09:20.351  1548  2736 D baseline.de.danoeh.antennapod.core.storage.PodDBAdapter@80c0893: Inserting new Feed into db
08-05 14:09:20.384  1548  1561 I art     : Starting a blocking GC Explicit
08-05 14:09:20.441  1548  1561 I art     : Explicit concurrent mark sweep GC freed 46408(2MB) AllocSpace objects, 1(20KB) LOS objects, 31% free, 35MB/51MB, paused 1.091ms total 56.436ms
08-05 14:09:20.456  1548  1561 I art     : Starting a blocking GC Explicit
08-05 14:09:20.504  1548  1561 I art     : Explicit concurrent mark sweep GC freed 24540(1656KB) AllocSpace objects, 0(0B) LOS objects, 31% free, 34MB/50MB, paused 1.040ms total 47.106ms
08-05 14:09:20.516  1548  1561 I art     : Starting a blocking GC Explicit
08-05 14:09:20.560  1548  1561 I art     : Explicit concurrent mark sweep GC freed 15821(1177KB) AllocSpace objects, 0(0B) LOS objects, 31% free, 34MB/50MB, paused 1.003ms total 43.573ms
08-05 14:09:20.573  1548  1561 I art     : Starting a blocking GC Explicit
08-05 14:09:20.620  1548  1561 I art     : Explicit concurrent mark sweep GC freed 16387(1223KB) AllocSpace objects, 0(0B) LOS objects, 31% free, 34MB/50MB, paused 1.027ms total 46.584ms
08-05 14:09:20.634  1548  1561 I art     : Starting a blocking GC Explicit
08-05 14:09:20.682  1548  1561 I art     : Explicit concurrent mark sweep GC freed 16797(1258KB) AllocSpace objects, 0(0B) LOS objects, 31% free, 34MB/50MB, paused 1.015ms total 47.768ms
08-05 14:09:20.750 28061 28061 I ServiceManager: Waiting for service AtCmdFwd...
08-05 14:09:20.842  1548  1548 D EventDistributor: Processing event queue. Number of events: 1
08-05 14:09:20.842  1548  1548 D EventDistributor: Notifying observers. Data: 1
08-05 14:09:20.843  1548  1548 D DownloadService: 0 downloads left
08-05 14:09:20.843  1548  1548 D DownloadService: Number of downloads is 0, attempting shutdown
08-05 14:09:20.843  1548  2084 D DBReader: Extracting Feedlist
08-05 14:09:20.844  1548  1548 D DownloadService: Service shutting down
08-05 14:09:20.844  1548  1548 D DownloadService: No report is created
08-05 14:09:20.844  1548  1548 D OnlineFeedViewActivity: onEventMainThread() called with: event = [DownloadEvent{update=DownloaderUpdate{downloaders=[], feedIds=[], mediaIds=[]}}]
08-05 14:09:20.847  1548  1548 D DownloadService: NotificationUpdater cancelled. Result: false
08-05 14:09:20.847  1548  2950 E downloadCompletionThd: DownloadCompletionThread was interrupted
08-05 14:09:20.848  1548  1548 D DBTasks : autodownloadUndownloadedItems
08-05 14:09:20.849  1548  2737 D NetworkUtils: Device is connected to Wi-Fi
08-05 14:09:20.850  1548  2737 D NetworkUtils: Auto-dl filter is disabled
08-05 14:09:20.974  1548  1573 I art     : Starting a blocking GC Explicit
08-05 14:09:21.027  1548  1573 I art     : Explicit concurrent mark sweep GC freed 62554(5MB) AllocSpace objects, 2(40KB) LOS objects, 33% free, 31MB/47MB, paused 856us total 51.964ms
08-05 14:09:21.039  1548  1573 I art     : Starting a blocking GC Explicit
08-05 14:09:21.072  1548  1573 I art     : Explicit concurrent mark sweep GC freed 99(4KB) AllocSpace objects, 0(0B) LOS objects, 33% free, 31MB/47MB, paused 753us total 32.334ms
08-05 14:09:21.084  1548  1573 I art     : Starting a blocking GC Explicit
08-05 14:09:21.119  1548  1573 I art     : Explicit concurrent mark sweep GC freed 3(96B) AllocSpace objects, 0(0B) LOS objects, 33% free, 31MB/47MB, paused 764us total 35.141ms
08-05 14:09:21.131  1548  1573 I art     : Starting a blocking GC Explicit
08-05 14:09:21.166  1548  1573 I art     : Explicit concurrent mark sweep GC freed 3(96B) AllocSpace objects, 0(0B) LOS objects, 33% free, 31MB/47MB, paused 759us total 35.591ms
08-05 14:09:21.178  1548  1573 I art     : Starting a blocking GC Explicit
08-05 14:09:21.215  1548  1573 I art     : Explicit concurrent mark sweep GC freed 3(96B) AllocSpace objects, 0(0B) LOS objects, 33% free, 31MB/47MB, paused 722us total 36.578ms
08-05 14:09:21.517  1548  1561 I art     : Starting a blocking GC Explicit
08-05 14:09:21.565  1548  1561 I art     : Explicit concurrent mark sweep GC freed 1386(82KB) AllocSpace objects, 1(20KB) LOS objects, 33% free, 31MB/47MB, paused 777us total 47.659ms
08-05 14:09:21.579  1548  1561 I art     : Starting a blocking GC Explicit
08-05 14:09:21.618  1548  1561 I art     : Explicit concurrent mark sweep GC freed 23(752B) AllocSpace objects, 0(0B) LOS objects, 33% free, 31MB/47MB, paused 809us total 38.341ms
08-05 14:09:21.630  1548  1561 I art     : Starting a blocking GC Explicit
08-05 14:09:21.669  1548  1561 I art     : Explicit concurrent mark sweep GC freed 32(880B) AllocSpace objects, 0(0B) LOS objects, 33% free, 31MB/47MB, paused 765us total 38.447ms
08-05 14:09:21.681  1548  1561 I art     : Starting a blocking GC Explicit
08-05 14:09:21.719  1548  1561 I art     : Explicit concurrent mark sweep GC freed 3(96B) AllocSpace objects, 0(0B) LOS objects, 33% free, 31MB/47MB, paused 710us total 37.491ms
08-05 14:09:21.731  1548  1561 I art     : Starting a blocking GC Explicit
08-05 14:09:21.750 28061 28061 I ServiceManager: Waiting for service AtCmdFwd...
08-05 14:09:21.769  1548  1561 I art     : Explicit concurrent mark sweep GC freed 3(96B) AllocSpace objects, 0(0B) LOS objects, 33% free, 31MB/47MB, paused 773us total 37.905ms
08-05 14:09:22.042  1548  1560 I art     : Starting a blocking GC Explicit
08-05 14:09:22.080  1548  1560 I art     : Explicit concurrent mark sweep GC freed 1378(81KB) AllocSpace objects, 1(20KB) LOS objects, 33% free, 31MB/47MB, paused 771us total 37.146ms
08-05 14:09:22.092  1548  1560 I art     : Starting a blocking GC Explicit
08-05 14:09:22.128  1548  1560 I art     : Explicit concurrent mark sweep GC freed 23(752B) AllocSpace objects, 0(0B) LOS objects, 33% free, 31MB/47MB, paused 751us total 36.231ms
08-05 14:09:22.140  1548  1560 I art     : Starting a blocking GC Explicit
08-05 14:09:22.176  1548  1560 I art     : Explicit concurrent mark sweep GC freed 3(96B) AllocSpace objects, 0(0B) LOS objects, 33% free, 31MB/47MB, paused 759us total 35.674ms
08-05 14:09:22.188  1548  1560 I art     : Starting a blocking GC Explicit
08-05 14:09:22.223  1548  1560 I art     : Explicit concurrent mark sweep GC freed 3(96B) AllocSpace objects, 0(0B) LOS objects, 33% free, 31MB/47MB, paused 772us total 35.564ms
08-05 14:09:22.235  1548  1560 I art     : Starting a blocking GC Explicit
08-05 14:09:22.271  1548  1560 I art     : Explicit concurrent mark sweep GC freed 3(96B) AllocSpace objects, 0(0B) LOS objects, 33% free, 31MB/47MB, paused 771us total 35.862ms
08-05 14:09:22.316  3045  3045 D AndroidRuntime: >>>>>> START com.android.internal.os.RuntimeInit uid 2000 <<<<<<
08-05 14:09:22.321  3045  3045 D AndroidRuntime: CheckJNI is OFF
08-05 14:09:22.354  3045  3045 D ICU     : No timezone override file found: /data/misc/zoneinfo/current/icu/icu_tzdata.dat
08-05 14:09:22.388  3045  3045 I Radio-JNI: register_android_hardware_Radio DONE
08-05 14:09:22.410  3045  3045 D AndroidRuntime: Calling main entry com.android.commands.input.Input
08-05 14:09:22.412  3045  3045 I Input   : injectKeyEvent: KeyEvent { action=ACTION_DOWN, keyCode=KEYCODE_BACK, scanCode=0, metaState=0, flags=0x0, repeatCount=0, eventTime=799778825, downTime=799778825, deviceId=-1, source=0x101 }
08-05 14:09:22.427  3045  3045 I Input   : injectKeyEvent: KeyEvent { action=ACTION_UP, keyCode=KEYCODE_BACK, scanCode=0, metaState=0, flags=0x0, repeatCount=0, eventTime=799778825, downTime=799778825, deviceId=-1, source=0x101 }
08-05 14:09:22.435  3045  3045 D AndroidRuntime: Shutting down VM
08-05 14:09:22.447  1548  1548 V PlaybackController: initServiceNotRunning()
08-05 14:09:22.447  1548  1548 D ExternalPlayerFragment: Loading media info
08-05 14:09:22.454  1548  1548 D UserPreferences: Using default data folder
08-05 14:09:22.456  1548  2084 D DBReader: getNavDrawerData() called with: 
08-05 14:09:22.465  1548  2084 D DBReader: getDownloadedItems() called
08-05 14:09:22.467  1548  2084 D DBReader: getFavoriteIDList() called
08-05 14:09:22.467  1548  2084 D DBReader: getQueueIDList() called
08-05 14:09:22.468  1548  2084 D DBReader: Extracting Feedlist
08-05 14:09:22.480 13866 13866 I GoogleInputMethodServic: GoogleInputMethodService.onFinishInput():3138 
08-05 14:09:22.480  1548  1548 D MainActivity: getLastNavFragment() -> AddFeedFragment
08-05 14:09:22.480 13866 13866 I GoogleInputMethodServic: GoogleInputMethodService.onStartInput():1808 
08-05 14:09:22.483  1548  2526 D ApOkHttpUrlLoader: buildLoadData() called with: model = [http://static.libsyn.com/p/assets/7/1/f/3/71f3014e14ef2722/JREiTunesImage2.jpg], width = [140], height = [140]
08-05 14:09:22.513  1548  2526 D ApOkHttpUrlLoader: buildLoadData() called with: model = [http://static.libsyn.com/p/assets/7/1/f/3/71f3014e14ef2722/JREiTunesImage2.jpg], width = [140], height = [140]
08-05 14:09:22.544  1548  1560 I art     : Starting a blocking GC Explicit
08-05 14:09:22.575  1548  1560 I art     : Explicit concurrent mark sweep GC freed 2874(186KB) AllocSpace objects, 1(20KB) LOS objects, 33% free, 31MB/47MB, paused 686us total 31.019ms
08-05 14:09:22.586  1548  1560 I art     : Starting a blocking GC Explicit
08-05 14:09:22.619  1548  1560 I art     : Explicit concurrent mark sweep GC freed 513(26KB) AllocSpace objects, 0(0B) LOS objects, 33% free, 31MB/47MB, paused 809us total 32.836ms
08-05 14:09:22.631  1548  1560 I art     : Starting a blocking GC Explicit
08-05 14:09:22.672  1548  1560 I art     : Explicit concurrent mark sweep GC freed 32(880B) AllocSpace objects, 0(0B) LOS objects, 33% free, 31MB/47MB, paused 781us total 40.695ms
08-05 14:09:22.688  1548  1560 I art     : Starting a blocking GC Explicit
08-05 14:09:22.732  1548  1560 I art     : Explicit concurrent mark sweep GC freed 3(96B) AllocSpace objects, 0(0B) LOS objects, 33% free, 31MB/47MB, paused 699us total 43.404ms
08-05 14:09:22.746  1548  1560 I art     : Starting a blocking GC Explicit
08-05 14:09:22.751 28061 28061 W Atfwd_Sendcmd: AtCmdFwd service not published, waiting... retryCnt : 1
08-05 14:09:22.787   380   380 W SurfaceFlinger: couldn't log to binary event log: overflow.
08-05 14:09:22.788  1548  1560 I art     : Explicit concurrent mark sweep GC freed 3(96B) AllocSpace objects, 0(0B) LOS objects, 33% free, 31MB/47MB, paused 822us total 41.068ms
08-05 14:09:23.082  1548  1573 I art     : Starting a blocking GC Explicit
08-05 14:09:23.136  1548  1573 I art     : Explicit concurrent mark sweep GC freed 2013(107KB) AllocSpace objects, 1(20KB) LOS objects, 33% free, 31MB/47MB, paused 971us total 53.362ms
08-05 14:09:23.152  1548  1573 I art     : Starting a blocking GC Explicit
08-05 14:09:23.184  1548  1573 I art     : Explicit concurrent mark sweep GC freed 33335(3MB) AllocSpace objects, 2(248KB) LOS objects, 36% free, 28MB/44MB, paused 759us total 32.297ms
08-05 14:09:23.194  1548  1573 I art     : Starting a blocking GC Explicit
08-05 14:09:23.221  1548  1573 I art     : Explicit concurrent mark sweep GC freed 3(96B) AllocSpace objects, 0(0B) LOS objects, 36% free, 28MB/44MB, paused 847us total 26.210ms
08-05 14:09:23.230  1548  1573 I art     : Starting a blocking GC Explicit
08-05 14:09:23.256  1548  1573 I art     : Explicit concurrent mark sweep GC freed 3(96B) AllocSpace objects, 0(0B) LOS objects, 36% free, 28MB/44MB, paused 768us total 26.362ms
08-05 14:09:23.265  1548  1573 I art     : Starting a blocking GC Explicit
08-05 14:09:23.292  1548  1573 I art     : Explicit concurrent mark sweep GC freed 3(96B) AllocSpace objects, 0(0B) LOS objects, 36% free, 28MB/44MB, paused 791us total 26.308ms
08-05 14:09:23.585  1548  1561 I art     : Starting a blocking GC Explicit
08-05 14:09:23.619  1548  1561 I art     : Explicit concurrent mark sweep GC freed 1373(82KB) AllocSpace objects, 1(20KB) LOS objects, 36% free, 28MB/44MB, paused 913us total 33.780ms
08-05 14:09:23.634  1548  1561 I art     : Starting a blocking GC Explicit
08-05 14:09:23.661  1548  1561 I art     : Explicit concurrent mark sweep GC freed 52(1536B) AllocSpace objects, 0(0B) LOS objects, 36% free, 28MB/44MB, paused 754us total 26.222ms
08-05 14:09:23.670  1548  1561 I art     : Starting a blocking GC Explicit
08-05 14:09:23.696  1548  1561 I art     : Explicit concurrent mark sweep GC freed 3(96B) AllocSpace objects, 0(0B) LOS objects, 36% free, 28MB/44MB, paused 710us total 25.342ms
08-05 14:09:23.705  1548  1561 I art     : Starting a blocking GC Explicit
08-05 14:09:23.731  1548  1561 I art     : Explicit concurrent mark sweep GC freed 3(96B) AllocSpace objects, 0(0B) LOS objects, 36% free, 28MB/44MB, paused 790us total 25.497ms
08-05 14:09:23.739  1548  1561 I art     : Starting a blocking GC Explicit
08-05 14:09:23.765  1548  1561 I art     : Explicit concurrent mark sweep GC freed 3(96B) AllocSpace objects, 0(0B) LOS objects, 36% free, 28MB/44MB, paused 762us total 25.397ms
08-05 14:09:24.040  1548  2782 I art     : Starting a blocking GC Explicit
08-05 14:09:24.068  1548  2782 I art     : Explicit concurrent mark sweep GC freed 1373(80KB) AllocSpace objects, 1(20KB) LOS objects, 36% free, 28MB/44MB, paused 904us total 27.311ms
08-05 14:09:24.078  1548  2782 I art     : Starting a blocking GC Explicit
08-05 14:09:24.103  1548  2782 I art     : Explicit concurrent mark sweep GC freed 26(848B) AllocSpace objects, 0(0B) LOS objects, 36% free, 28MB/44MB, paused 850us total 24.275ms
08-05 14:09:24.110  3099  3099 D AndroidRuntime: >>>>>> START com.android.internal.os.RuntimeInit uid 2000 <<<<<<
08-05 14:09:24.112  1548  2782 I art     : Starting a blocking GC Explicit
08-05 14:09:24.116  3099  3099 D AndroidRuntime: CheckJNI is OFF
08-05 14:09:24.137  1548  2782 I art     : Explicit concurrent mark sweep GC freed 6(192B) AllocSpace objects, 0(0B) LOS objects, 36% free, 28MB/44MB, paused 819us total 25.027ms
08-05 14:09:24.146  1548  2782 I art     : Starting a blocking GC Explicit
08-05 14:09:24.151  3099  3099 D ICU     : No timezone override file found: /data/misc/zoneinfo/current/icu/icu_tzdata.dat
08-05 14:09:24.170  1548  2782 I art     : Explicit concurrent mark sweep GC freed 7(224B) AllocSpace objects, 0(0B) LOS objects, 36% free, 28MB/44MB, paused 802us total 24.355ms
08-05 14:09:24.179  1548  2782 I art     : Starting a blocking GC Explicit
08-05 14:09:24.185  3099  3099 I Radio-JNI: register_android_hardware_Radio DONE
08-05 14:09:24.203  1548  2782 I art     : Explicit concurrent mark sweep GC freed 7(224B) AllocSpace objects, 0(0B) LOS objects, 36% free, 28MB/44MB, paused 748us total 23.993ms
08-05 14:09:24.206  3099  3099 D AndroidRuntime: Calling main entry com.android.commands.input.Input
08-05 14:09:24.207  3099  3099 I Input   : injectMotionEvent: MotionEvent { action=ACTION_DOWN, actionButton=0, id[0]=0, x[0]=639.0, y[0]=762.0, toolType[0]=TOOL_TYPE_UNKNOWN, buttonState=0, metaState=0, flags=0x0, edgeFlags=0x0, pointerCount=1, historySize=0, eventTime=799780620, downTime=799780620, deviceId=0, source=0x1002 }
08-05 14:09:24.214  3099  3099 I Input   : injectMotionEvent: MotionEvent { action=ACTION_UP, actionButton=0, id[0]=0, x[0]=639.0, y[0]=762.0, toolType[0]=TOOL_TYPE_UNKNOWN, buttonState=0, metaState=0, flags=0x0, edgeFlags=0x0, pointerCount=1, historySize=0, eventTime=799780620, downTime=799780620, deviceId=0, source=0x1002 }
08-05 14:09:24.216  3099  3099 D AndroidRuntime: Shutting down VM
08-05 14:09:24.291   512  2967 D audio_hw_primary: out_set_parameters: enter: usecase(1: low-latency-playback) kvpairs: routing=2
08-05 14:09:24.304   512  2967 D audio_hw_primary: select_devices: out_snd_device(2: speaker) in_snd_device(0: none)
08-05 14:09:24.304   512  2967 D msm8974_platform: platform_send_audio_calibration: sending audio calibration for snd_device(2) acdb_id(15)
08-05 14:09:24.304   512  2967 I soundtrigger: audio_extn_sound_trigger_update_device_status: device 0x2 of type 0 for Event 1
08-05 14:09:24.312 13866 13866 I GoogleInputMethodServic: GoogleInputMethodService.onFinishInput():3138 
08-05 14:09:24.312 13866 13866 I GoogleInputMethodServic: GoogleInputMethodService.onStartInput():1808 
08-05 14:09:24.317   512  2967 D audio_hw_primary: enable_snd_device: snd_device(2: speaker)
08-05 14:09:24.319   512  2967 D audio_hw_primary: enable_audio_route: apply and update mixer path: low-latency-playback speaker
08-05 14:09:24.462  1548  2782 I art     : Starting a blocking GC Explicit
08-05 14:09:24.489  1548  2782 I art     : Explicit concurrent mark sweep GC freed 1943(109KB) AllocSpace objects, 1(20KB) LOS objects, 36% free, 28MB/44MB, paused 796us total 27.118ms
08-05 14:09:24.498  1548  2782 I art     : Starting a blocking GC Explicit
08-05 14:09:24.526  1548  2782 I art     : Explicit concurrent mark sweep GC freed 2843(120KB) AllocSpace objects, 0(0B) LOS objects, 36% free, 28MB/44MB, paused 1.041ms total 27.392ms
08-05 14:09:24.535  1548  2782 I art     : Starting a blocking GC Explicit
08-05 14:09:24.562  1548  2782 I art     : Explicit concurrent mark sweep GC freed 1154(52KB) AllocSpace objects, 0(0B) LOS objects, 36% free, 28MB/44MB, paused 841us total 26.982ms
08-05 14:09:24.572  1548  2782 I art     : Starting a blocking GC Explicit
08-05 14:09:24.597  1548  2782 I art     : Explicit concurrent mark sweep GC freed 403(29KB) AllocSpace objects, 0(0B) LOS objects, 36% free, 28MB/44MB, paused 871us total 25.374ms
08-05 14:09:24.606  1548  2782 I art     : Starting a blocking GC Explicit
08-05 14:09:24.630  1548  2782 I art     : Explicit concurrent mark sweep GC freed 116(3KB) AllocSpace objects, 0(0B) LOS objects, 36% free, 28MB/44MB, paused 794us total 24.521ms
08-05 14:09:24.707  1548  1575 I NAPPA_EXPERIMENTATION: MetricNetworkRequestExecutionTime: REQUEST_DURATION_SYSTEM='416',REQUEST_DURATION_OKHTTP='166',REQUEST_SYNCHRONOUS='TRUE',RESPONSE_CODE='200',RESPONSE_METHOD='GET',RESPONSE_LENGTH_OKHTTP='-1',RESPONSE_LENGTH_HEADER='622',REQUEST_PROTOCOL='h2',REQUEST_URL='https://itunes.apple.com/lookup?id=360084272',
08-05 14:09:24.758   918  3714 I ActivityManager: START u0 {cmp=baseline.de.danoeh.antennapod.debug/baseline.de.danoeh.antennapod.activity.OnlineFeedViewActivity (has extras)} from uid 10695 on display 0
08-05 14:09:24.788 13866 13866 I GoogleInputMethodServic: GoogleInputMethodService.onFinishInput():3138 
08-05 14:09:24.789 13866 13866 I GoogleInputMethodServic: GoogleInputMethodService.onStartInput():1808 
08-05 14:09:24.817  1548  1548 D UserPreferences: Using default data folder
08-05 14:09:24.818  1548  1548 D OnlineFeedViewActivity: Activity was started with url http://joeroganexp.joerogan.libsynpro.com/rss
08-05 14:09:24.821  1548  1548 D OnlineFeedViewActivity: Starting feed download
08-05 14:09:24.825  1548  1568 D DBReader: Extracting Feedlist
08-05 14:09:24.827   918  3696 D WifiService: acquireWifiLockLocked: WifiLock{Downloader type=1 binder=android.os.BinderProxy@50e78e9}
08-05 14:09:24.828  1548  1568 D AntennapodHttpClient: Creating new instance of HTTP client
08-05 14:09:24.859   512  2967 D audio_hw_primary: disable_audio_route: reset and update mixer path: low-latency-playback speaker
08-05 14:09:24.860   512  2967 D audio_hw_primary: disable_snd_device: snd_device(2: speaker)
08-05 14:09:24.867   512  2967 I soundtrigger: audio_extn_sound_trigger_update_device_status: device 0x2 of type 0 for Event 0
08-05 14:09:24.870  1548  1568 D MYTAG   : interceptor 3a http://joeroganexp.joerogan.libsynpro.com/rss
08-05 14:09:24.870  1548  1568 I NAPPA_EXPERIMENTATION: MetricNetworkRequestExecutionTime: REQUEST_DURATION_SYSTEM='41',REQUEST_DURATION_OKHTTP='35',REQUEST_SYNCHRONOUS='TRUE',RESPONSE_CODE='200',RESPONSE_METHOD='GET',RESPONSE_LENGTH_OKHTTP='-1',RESPONSE_LENGTH_HEADER='307892',REQUEST_PROTOCOL='http/1.1',REQUEST_URL='http://joeroganexp.joerogan.libsynpro.com/rss',
08-05 14:09:24.870  1548  1568 D HttpDownloader: Response code is 200
08-05 14:09:24.870  1548  1568 D UserPreferences: Using default data folder
08-05 14:09:24.872  1548  1568 D HttpDownloader: Getting size of download
08-05 14:09:24.872  1548  1568 D HttpDownloader: Size is -1
08-05 14:09:24.872  1548  1568 D UserPreferences: Using default data folder
08-05 14:09:24.872  1548  1568 D HttpDownloader: Free space is 20203761664
08-05 14:09:24.872  1548  1568 D HttpDownloader: Starting download
08-05 14:09:24.883 13866 13866 I GoogleInputMethodServic: GoogleInputMethodService.onFinishInput():3138 
08-05 14:09:24.885 13866 13866 I GoogleInputMethodServic: GoogleInputMethodService.onStartInput():1808 
08-05 14:09:24.916   918   936 I ActivityManager: Displayed baseline.de.danoeh.antennapod.debug/baseline.de.danoeh.antennapod.activity.OnlineFeedViewActivity: +127ms
08-05 14:09:24.933  1548  1560 I art     : Starting a blocking GC Explicit
08-05 14:09:24.943  1548  1569 D OpenGLRenderer: endAllStagingAnimators on 0x7f7c0c5400 (GridView) with handle 0x7f79f7aea0
08-05 14:09:24.959  1548  1560 I art     : Explicit concurrent mark sweep GC freed 3555(235KB) AllocSpace objects, 1(20KB) LOS objects, 36% free, 28MB/44MB, paused 767us total 26.080ms
08-05 14:09:24.969  1548  1560 I art     : Starting a blocking GC Explicit
08-05 14:09:24.993  1548  1560 I art     : Explicit concurrent mark sweep GC freed 385(17KB) AllocSpace objects, 0(0B) LOS objects, 36% free, 28MB/44MB, paused 727us total 23.710ms
08-05 14:09:25.001  1548  1560 I art     : Starting a blocking GC Explicit
08-05 14:09:25.002  1548  1568 D HttpDownloader: Download was successful
08-05 14:09:25.003   918  3714 D WifiService: releaseWifiLockLocked: WifiLock{Downloader type=1 binder=android.os.BinderProxy@50e78e9}
08-05 14:09:25.003  1548  1548 D OnlineFeedViewActivity: Parsing feed
08-05 14:09:25.008  1548  3145 D TypeGetter: Recognized type RSS 2.0
08-05 14:09:25.010  1548  3145 D SyndHandler: Recognized Atom namespace
08-05 14:09:25.010  1548  3145 D SyndHandler: Recognized ITunes namespace
08-05 14:09:25.010  1548  3145 D SyndHandler: Recognized media namespace
08-05 14:09:25.010  1548  3145 D SyndHandler: Recognized Content namespace
08-05 14:09:25.027  1548  1560 I art     : Explicit concurrent mark sweep GC freed 951(165KB) AllocSpace objects, 3(60KB) LOS objects, 35% free, 28MB/44MB, paused 986us total 25.287ms
08-05 14:09:25.035  1548  1560 I art     : Starting a blocking GC Explicit
08-05 14:09:25.064  1548  1560 I art     : Explicit concurrent mark sweep GC freed 2458(159KB) AllocSpace objects, 0(0B) LOS objects, 35% free, 28MB/44MB, paused 951us total 28.060ms
08-05 14:09:25.074  1548  1560 I art     : Starting a blocking GC Explicit
08-05 14:09:25.101  1548  1560 I art     : Explicit concurrent mark sweep GC freed 2820(139KB) AllocSpace objects, 0(0B) LOS objects, 35% free, 28MB/44MB, paused 988us total 27.716ms
08-05 14:09:25.175   380   380 W SurfaceFlinger: couldn't log to binary event log: overflow.
08-05 14:09:25.254 24365 24396 E SQLiteDatabase: Error inserting service_kind=0 source=16 tag=Measurement.PackageMeasurementTaskService.UPLOAD_TASK_TAG requires_charging=0 target_package=com.google.android.gms source_version=202614000 required_network_type=0 flex_time=3599000 persistence_level=1 target_class=com.google.android.gms.measurement.PackageMeasurementTaskService runtime=1596628836400 retry_strategy={"maximum_backoff_seconds":{"3600":0},"initial_backoff_seconds":{"30":0},"retry_policy":{"0":0}} preferred_network_type=1 required_idleness_state=0 preferred_charging_state=1 last_runtime=0 period=7200000 task_type=0 job_id=-1 user_id=0
08-05 14:09:25.254 24365 24396 E SQLiteDatabase: android.database.sqlite.SQLiteConstraintException: UNIQUE constraint failed: pending_ops.tag, pending_ops.target_class, pending_ops.target_package, pending_ops.user_id (code 2067)
08-05 14:09:25.254 24365 24396 E SQLiteDatabase: 	at android.database.sqlite.SQLiteConnection.nativeExecuteForLastInsertedRowId(Native Method)
08-05 14:09:25.254 24365 24396 E SQLiteDatabase: 	at android.database.sqlite.SQLiteConnection.executeForLastInsertedRowId(SQLiteConnection.java:780)
08-05 14:09:25.254 24365 24396 E SQLiteDatabase: 	at android.database.sqlite.SQLiteSession.executeForLastInsertedRowId(SQLiteSession.java:788)
08-05 14:09:25.254 24365 24396 E SQLiteDatabase: 	at android.database.sqlite.SQLiteStatement.executeInsert(SQLiteStatement.java:86)
08-05 14:09:25.254 24365 24396 E SQLiteDatabase: 	at android.database.sqlite.SQLiteDatabase.insertWithOnConflict(SQLiteDatabase.java:1471)
08-05 14:09:25.254 24365 24396 E SQLiteDatabase: 	at android.database.sqlite.SQLiteDatabase.insert(SQLiteDatabase.java:1341)
08-05 14:09:25.254 24365 24396 E SQLiteDatabase: 	at aqmx.a(:com.google.android.gms@202614019@20.26.14 (040400-320008519):175)
08-05 14:09:25.254 24365 24396 E SQLiteDatabase: 	at aqlx.a(:com.google.android.gms@202614019@20.26.14 (040400-320008519):180)
08-05 14:09:25.254 24365 24396 E SQLiteDatabase: 	at aqlx.a(:com.google.android.gms@202614019@20.26.14 (040400-320008519):22)
08-05 14:09:25.254 24365 24396 E SQLiteDatabase: 	at aqlx.c(:com.google.android.gms@202614019@20.26.14 (040400-320008519):9)
08-05 14:09:25.254 24365 24396 E SQLiteDatabase: 	at aqlx.a(:com.google.android.gms@202614019@20.26.14 (040400-320008519):92)
08-05 14:09:25.254 24365 24396 E SQLiteDatabase: 	at aqls.handleMessage(:com.google.android.gms@202614019@20.26.14 (040400-320008519):8)
08-05 14:09:25.254 24365 24396 E SQLiteDatabase: 	at android.os.Handler.dispatchMessage(Handler.java:102)
08-05 14:09:25.254 24365 24396 E SQLiteDatabase: 	at aefh.a(:com.google.android.gms@202614019@20.26.14 (040400-320008519):2)
08-05 14:09:25.254 24365 24396 E SQLiteDatabase: 	at aefh.dispatchMessage(:com.google.android.gms@202614019@20.26.14 (040400-320008519):12)
08-05 14:09:25.254 24365 24396 E SQLiteDatabase: 	at android.os.Looper.loop(Looper.java:148)
08-05 14:09:25.254 24365 24396 E SQLiteDatabase: 	at android.os.HandlerThread.run(HandlerThread.java:61)
08-05 14:09:25.301 24365 29098 I NetworkScheduler.Stats: Task com.google.android.gms/com.google.android.gms.icing.service.IcingGcmTaskService started execution. cause:4 exec_start_elapsed_seconds: 1783169 [CONTEXT service_id=218 ]
08-05 14:09:25.311  1548  1548 D PlaybackController: Releasing PlaybackController
08-05 14:09:25.331 24365 17236 I NetworkScheduler.Stats: Task com.google.android.gms/com.google.android.gms.icing.service.IcingGcmTaskService finished executing. cause:4 result: 1 elapsed_millis: 54 uptime_millis: 54 exec_start_elapsed_seconds: 1783169 [CONTEXT service_id=218 ]
08-05 14:09:25.375  1548  1561 I art     : Starting a blocking GC Explicit
08-05 14:09:25.409  1548  1561 I art     : Explicit concurrent mark sweep GC freed 23334(1255KB) AllocSpace objects, 1(20KB) LOS objects, 35% free, 29MB/45MB, paused 1.128ms total 34.168ms
08-05 14:09:25.420  1548  1561 I art     : Starting a blocking GC Explicit
08-05 14:09:25.448  1548  1561 I art     : Explicit concurrent mark sweep GC freed 8263(392KB) AllocSpace objects, 0(0B) LOS objects, 35% free, 29MB/45MB, paused 2.004ms total 27.868ms
08-05 14:09:25.458  1548  1561 I art     : Starting a blocking GC Explicit
08-05 14:09:25.485  1548  1561 I art     : Explicit concurrent mark sweep GC freed 3598(178KB) AllocSpace objects, 0(0B) LOS objects, 35% free, 29MB/45MB, paused 1.150ms total 26.947ms
08-05 14:09:25.494  1548  1561 I art     : Starting a blocking GC Explicit
08-05 14:09:25.521  1548  1561 I art     : Explicit concurrent mark sweep GC freed 2679(142KB) AllocSpace objects, 0(0B) LOS objects, 35% free, 29MB/45MB, paused 1.081ms total 27.122ms
08-05 14:09:25.530  1548  1561 I art     : Starting a blocking GC Explicit
08-05 14:09:25.558  1548  1561 I art     : Explicit concurrent mark sweep GC freed 2925(147KB) AllocSpace objects, 0(0B) LOS objects, 35% free, 29MB/45MB, paused 1.113ms total 27.503ms
08-05 14:09:25.833  1548  1573 I art     : Starting a blocking GC Explicit
08-05 14:09:25.871  1548  1573 I art     : Explicit concurrent mark sweep GC freed 23852(1259KB) AllocSpace objects, 1(20KB) LOS objects, 34% free, 29MB/45MB, paused 1.252ms total 37.251ms
08-05 14:09:25.882  1548  1573 I art     : Starting a blocking GC Explicit
08-05 14:09:25.915  1548  1573 I art     : Explicit concurrent mark sweep GC freed 4239(212KB) AllocSpace objects, 0(0B) LOS objects, 34% free, 29MB/45MB, paused 1.141ms total 32.436ms
08-05 14:09:25.924  1548  1573 I art     : Starting a blocking GC Explicit
08-05 14:09:25.953  1548  1573 I art     : Explicit concurrent mark sweep GC freed 8445(405KB) AllocSpace objects, 0(0B) LOS objects, 35% free, 29MB/45MB, paused 1.075ms total 28.148ms
08-05 14:09:25.963  1548  1573 I art     : Starting a blocking GC Explicit
08-05 14:09:25.991  1548  1573 I art     : Explicit concurrent mark sweep GC freed 3086(160KB) AllocSpace objects, 0(0B) LOS objects, 34% free, 29MB/45MB, paused 1.059ms total 28.277ms
08-05 14:09:26.001  1548  1573 I art     : Starting a blocking GC Explicit
08-05 14:09:26.030  1548  1573 I art     : Explicit concurrent mark sweep GC freed 3130(171KB) AllocSpace objects, 0(0B) LOS objects, 34% free, 29MB/45MB, paused 1.081ms total 29.522ms
08-05 14:09:26.323  1548  2782 I art     : Starting a blocking GC Explicit
08-05 14:09:26.363  1548  2782 I art     : Explicit concurrent mark sweep GC freed 25002(1360KB) AllocSpace objects, 1(20KB) LOS objects, 34% free, 30MB/46MB, paused 1.255ms total 39.689ms
08-05 14:09:26.374  1548  2782 I art     : Starting a blocking GC Explicit
08-05 14:09:26.408  1548  2782 I art     : Explicit concurrent mark sweep GC freed 3554(189KB) AllocSpace objects, 0(0B) LOS objects, 34% free, 30MB/46MB, paused 1.407ms total 33.069ms
08-05 14:09:26.418  1548  2782 I art     : Starting a blocking GC Explicit
08-05 14:09:26.449  1548  2782 I art     : Explicit concurrent mark sweep GC freed 10010(477KB) AllocSpace objects, 0(0B) LOS objects, 34% free, 30MB/46MB, paused 1.019ms total 30.971ms
08-05 14:09:26.459  1548  2782 I art     : Starting a blocking GC Explicit
08-05 14:09:26.490  1548  2782 I art     : Explicit concurrent mark sweep GC freed 3467(183KB) AllocSpace objects, 0(0B) LOS objects, 34% free, 30MB/46MB, paused 1.126ms total 30.375ms
08-05 14:09:26.500  1548  2782 I art     : Starting a blocking GC Explicit
08-05 14:09:26.532  1548  2782 I art     : Explicit concurrent mark sweep GC freed 3218(176KB) AllocSpace objects, 0(0B) LOS objects, 34% free, 30MB/46MB, paused 1.173ms total 31.925ms
08-05 14:09:26.846  1548  1573 I art     : Starting a blocking GC Explicit
08-05 14:09:26.888  1548  1573 I art     : Explicit concurrent mark sweep GC freed 27061(1466KB) AllocSpace objects, 1(20KB) LOS objects, 33% free, 31MB/47MB, paused 1.466ms total 41.590ms
08-05 14:09:26.900  1548  1573 I art     : Starting a blocking GC Explicit
08-05 14:09:26.936  1548  1573 I art     : Explicit concurrent mark sweep GC freed 3688(217KB) AllocSpace objects, 0(0B) LOS objects, 33% free, 31MB/47MB, paused 1.405ms total 36.126ms
08-05 14:09:26.947  1548  1573 I art     : Starting a blocking GC Explicit
08-05 14:09:26.980  1548  1573 I art     : Explicit concurrent mark sweep GC freed 9927(507KB) AllocSpace objects, 0(0B) LOS objects, 33% free, 31MB/47MB, paused 1.310ms total 33.076ms
08-05 14:09:26.990  1548  1573 I art     : Starting a blocking GC Explicit
08-05 14:09:27.022  1548  1573 I art     : Explicit concurrent mark sweep GC freed 4952(214KB) AllocSpace objects, 0(0B) LOS objects, 33% free, 31MB/47MB, paused 1.127ms total 31.831ms
08-05 14:09:27.033  1548  1573 I art     : Starting a blocking GC Explicit
08-05 14:09:27.065  1548  1573 I art     : Explicit concurrent mark sweep GC freed 3614(153KB) AllocSpace objects, 0(0B) LOS objects, 33% free, 31MB/47MB, paused 1.289ms total 32.191ms
08-05 14:09:27.352  1548  2782 I art     : Starting a blocking GC Explicit
08-05 14:09:27.378  1548  3145 D OnlineFeedViewActivity: Deleted feed source file. Result: true
08-05 14:09:27.383  1548  1548 D OnlineFeedViewActivity: Removing HTML from shownotes
08-05 14:09:27.396  1548  2782 I art     : Explicit concurrent mark sweep GC freed 25909(1210KB) AllocSpace objects, 6(360KB) LOS objects, 33% free, 32MB/48MB, paused 1.131ms total 43.395ms
08-05 14:09:27.409  1548  2782 I art     : Starting a blocking GC Explicit
08-05 14:09:27.449  1548  2782 I art     : Explicit concurrent mark sweep GC freed 21005(1695KB) AllocSpace objects, 84(5MB) LOS objects, 32% free, 32MB/48MB, paused 1.239ms total 40.599ms
08-05 14:09:27.460  1548  2782 I art     : Starting a blocking GC Explicit
08-05 14:09:27.499  1548  2782 I art     : Explicit concurrent mark sweep GC freed 39739(3MB) AllocSpace objects, 148(9MB) LOS objects, 32% free, 33MB/49MB, paused 1.094ms total 38.195ms
08-05 14:09:27.510  1548  2782 I art     : Starting a blocking GC Explicit
08-05 14:09:27.552  1548  2782 I art     : Explicit concurrent mark sweep GC freed 45022(3MB) AllocSpace objects, 200(13MB) LOS objects, 32% free, 33MB/49MB, paused 1.128ms total 41.433ms
08-05 14:09:27.563  1548  2782 I art     : Starting a blocking GC Explicit
08-05 14:09:27.606  1548  2782 I art     : Explicit concurrent mark sweep GC freed 46465(3MB) AllocSpace objects, 209(13MB) LOS objects, 32% free, 33MB/49MB, paused 1.120ms total 42.203ms
08-05 14:09:27.751 28061 28061 I ServiceManager: Waiting for service AtCmdFwd...
08-05 14:09:27.901  1548  2782 I art     : Starting a blocking GC Explicit
08-05 14:09:27.942  1548  2782 I art     : Explicit concurrent mark sweep GC freed 31850(3MB) AllocSpace objects, 212(14MB) LOS objects, 33% free, 31MB/47MB, paused 834us total 41.238ms
08-05 14:09:27.954  1548  2782 I art     : Starting a blocking GC Explicit
08-05 14:09:27.989  1548  2782 I art     : Explicit concurrent mark sweep GC freed 554(27KB) AllocSpace objects, 1(112KB) LOS objects, 33% free, 31MB/47MB, paused 812us total 34.218ms
08-05 14:09:28.000  1548  2782 I art     : Starting a blocking GC Explicit
08-05 14:09:28.037  1548  2782 I art     : Explicit concurrent mark sweep GC freed 3(96B) AllocSpace objects, 0(0B) LOS objects, 33% free, 31MB/47MB, paused 806us total 36.922ms
08-05 14:09:28.049  1548  2782 I art     : Starting a blocking GC Explicit
08-05 14:09:28.086  1548  2782 I art     : Explicit concurrent mark sweep GC freed 3(96B) AllocSpace objects, 0(0B) LOS objects, 33% free, 31MB/47MB, paused 799us total 37.258ms
08-05 14:09:28.098  1548  2782 I art     : Starting a blocking GC Explicit
08-05 14:09:28.136  1548  2782 I art     : Explicit concurrent mark sweep GC freed 3(96B) AllocSpace objects, 0(0B) LOS objects, 33% free, 31MB/47MB, paused 763us total 37.743ms
08-05 14:09:28.458  1548  1561 I art     : Starting a blocking GC Explicit
08-05 14:09:28.501  1548  1561 I art     : Explicit concurrent mark sweep GC freed 1374(82KB) AllocSpace objects, 1(20KB) LOS objects, 33% free, 31MB/47MB, paused 822us total 42.799ms
08-05 14:09:28.513  1548  1561 I art     : Starting a blocking GC Explicit
08-05 14:09:28.550  1548  1561 I art     : Explicit concurrent mark sweep GC freed 23(752B) AllocSpace objects, 0(0B) LOS objects, 33% free, 31MB/47MB, paused 838us total 36.721ms
08-05 14:09:28.561  1548  1561 I art     : Starting a blocking GC Explicit
08-05 14:09:28.598  1548  1561 I art     : Explicit concurrent mark sweep GC freed 3(96B) AllocSpace objects, 0(0B) LOS objects, 33% free, 31MB/47MB, paused 949us total 36.093ms
08-05 14:09:28.609  1548  1561 I art     : Starting a blocking GC Explicit
08-05 14:09:28.645  1548  1561 I art     : Explicit concurrent mark sweep GC freed 32(880B) AllocSpace objects, 0(0B) LOS objects, 33% free, 31MB/47MB, paused 812us total 35.832ms
08-05 14:09:28.657  1548  1561 I art     : Starting a blocking GC Explicit
08-05 14:09:28.693  1548  1561 I art     : Explicit concurrent mark sweep GC freed 3(96B) AllocSpace objects, 0(0B) LOS objects, 33% free, 31MB/47MB, paused 848us total 35.599ms
08-05 14:09:28.752 28061 28061 I ServiceManager: Waiting for service AtCmdFwd...
08-05 14:09:28.860  3218  3218 D AndroidRuntime: >>>>>> START com.android.internal.os.RuntimeInit uid 2000 <<<<<<
08-05 14:09:28.866  3218  3218 D AndroidRuntime: CheckJNI is OFF
08-05 14:09:28.900  3218  3218 D ICU     : No timezone override file found: /data/misc/zoneinfo/current/icu/icu_tzdata.dat
08-05 14:09:28.933  3218  3218 I Radio-JNI: register_android_hardware_Radio DONE
08-05 14:09:28.954  3218  3218 D AndroidRuntime: Calling main entry com.android.commands.input.Input
08-05 14:09:28.955  3218  3218 I Input   : injectKeyEvent: KeyEvent { action=ACTION_DOWN, keyCode=KEYCODE_BACK, scanCode=0, metaState=0, flags=0x0, repeatCount=0, eventTime=799785368, downTime=799785368, deviceId=-1, source=0x101 }
08-05 14:09:28.961  3218  3218 I Input   : injectKeyEvent: KeyEvent { action=ACTION_UP, keyCode=KEYCODE_BACK, scanCode=0, metaState=0, flags=0x0, repeatCount=0, eventTime=799785368, downTime=799785368, deviceId=-1, source=0x101 }
08-05 14:09:28.966  3218  3218 D AndroidRuntime: Shutting down VM
08-05 14:09:28.971  1548  1548 V PlaybackController: initServiceNotRunning()
08-05 14:09:28.971  1548  1548 D ExternalPlayerFragment: Loading media info
08-05 14:09:28.976  1548  1548 D UserPreferences: Using default data folder
08-05 14:09:28.977  1548  1568 D DBReader: getNavDrawerData() called with: 
08-05 14:09:28.986  1548  1568 D DBReader: getDownloadedItems() called
08-05 14:09:28.988  1548  1568 D DBReader: getFavoriteIDList() called
08-05 14:09:28.988  1548  1568 D DBReader: getQueueIDList() called
08-05 14:09:28.989  1548  1568 D DBReader: Extracting Feedlist
08-05 14:09:29.006  1548  1548 D MainActivity: getLastNavFragment() -> AddFeedFragment
08-05 14:09:29.007 13866 13866 I GoogleInputMethodServic: GoogleInputMethodService.onFinishInput():3138 
08-05 14:09:29.007 13866 13866 I GoogleInputMethodServic: GoogleInputMethodService.onStartInput():1808 
08-05 14:09:29.011  1548  2782 I art     : Starting a blocking GC Explicit
08-05 14:09:29.049  1548  2782 I art     : Explicit concurrent mark sweep GC freed 2475(152KB) AllocSpace objects, 1(20KB) LOS objects, 33% free, 31MB/47MB, paused 913us total 37.532ms
08-05 14:09:29.062  1548  2782 I art     : Starting a blocking GC Explicit
08-05 14:09:29.093  1548  2782 I art     : Explicit concurrent mark sweep GC freed 458(24KB) AllocSpace objects, 0(0B) LOS objects, 33% free, 31MB/47MB, paused 776us total 31.532ms
08-05 14:09:29.105  1548  2782 I art     : Starting a blocking GC Explicit
08-05 14:09:29.139  1548  2782 I art     : Explicit concurrent mark sweep GC freed 3(96B) AllocSpace objects, 0(0B) LOS objects, 33% free, 31MB/47MB, paused 715us total 34.151ms
08-05 14:09:29.151  1548  2782 I art     : Starting a blocking GC Explicit
08-05 14:09:29.189  1548  2782 I art     : Explicit concurrent mark sweep GC freed 3(96B) AllocSpace objects, 0(0B) LOS objects, 33% free, 31MB/47MB, paused 729us total 37.937ms
08-05 14:09:29.200  1548  2782 I art     : Starting a blocking GC Explicit
08-05 14:09:29.236  1548  2782 I art     : Explicit concurrent mark sweep GC freed 3(96B) AllocSpace objects, 0(0B) LOS objects, 33% free, 31MB/47MB, paused 767us total 35.533ms
08-05 14:09:29.329   380   380 W SurfaceFlinger: couldn't log to binary event log: overflow.
08-05 14:09:29.501  1548  1560 I art     : Starting a blocking GC Explicit
08-05 14:09:29.539  1548  1560 I art     : Explicit concurrent mark sweep GC freed 1969(105KB) AllocSpace objects, 1(20KB) LOS objects, 33% free, 31MB/47MB, paused 844us total 38.167ms
08-05 14:09:29.551  1548  1560 I art     : Starting a blocking GC Explicit
08-05 14:09:29.582  1548  1560 I art     : Explicit concurrent mark sweep GC freed 33285(3MB) AllocSpace objects, 1(28KB) LOS objects, 36% free, 28MB/44MB, paused 838us total 30.571ms
08-05 14:09:29.591  1548  1560 I art     : Starting a blocking GC Explicit
08-05 14:09:29.618  1548  1560 I art     : Explicit concurrent mark sweep GC freed 3(96B) AllocSpace objects, 0(0B) LOS objects, 36% free, 28MB/44MB, paused 829us total 26.803ms
08-05 14:09:29.627  1548  1560 I art     : Starting a blocking GC Explicit
08-05 14:09:29.654  1548  1560 I art     : Explicit concurrent mark sweep GC freed 32(880B) AllocSpace objects, 0(0B) LOS objects, 36% free, 28MB/44MB, paused 778us total 26.624ms
08-05 14:09:29.664  1548  1560 I art     : Starting a blocking GC Explicit
08-05 14:09:29.691  1548  1560 I art     : Explicit concurrent mark sweep GC freed 3(96B) AllocSpace objects, 0(0B) LOS objects, 36% free, 28MB/44MB, paused 787us total 26.839ms
08-05 14:09:29.752 28061 28061 I ServiceManager: Waiting for service AtCmdFwd...
08-05 14:09:29.980  1548  1573 I art     : Starting a blocking GC Explicit
08-05 14:09:30.008  1548  1573 I art     : Explicit concurrent mark sweep GC freed 1374(82KB) AllocSpace objects, 1(20KB) LOS objects, 36% free, 28MB/44MB, paused 836us total 28.436ms
08-05 14:09:30.018  1548  1573 I art     : Starting a blocking GC Explicit
08-05 14:09:30.046  1548  1573 I art     : Explicit concurrent mark sweep GC freed 23(752B) AllocSpace objects, 0(0B) LOS objects, 36% free, 28MB/44MB, paused 779us total 27.434ms
08-05 14:09:30.055  1548  1573 I art     : Starting a blocking GC Explicit
08-05 14:09:30.083  1548  1573 I art     : Explicit concurrent mark sweep GC freed 3(96B) AllocSpace objects, 0(0B) LOS objects, 36% free, 28MB/44MB, paused 820us total 27.750ms
08-05 14:09:30.093  1548  1573 I art     : Starting a blocking GC Explicit
08-05 14:09:30.121  1548  1573 I art     : Explicit concurrent mark sweep GC freed 3(96B) AllocSpace objects, 0(0B) LOS objects, 36% free, 28MB/44MB, paused 817us total 27.747ms
08-05 14:09:30.130  1548  1573 I art     : Starting a blocking GC Explicit
08-05 14:09:30.158  1548  1573 I art     : Explicit concurrent mark sweep GC freed 3(96B) AllocSpace objects, 0(0B) LOS objects, 36% free, 28MB/44MB, paused 855us total 27.273ms
08-05 14:09:30.422  1548  1561 I art     : Starting a blocking GC Explicit
08-05 14:09:30.450  1548  1561 I art     : Explicit concurrent mark sweep GC freed 1373(80KB) AllocSpace objects, 1(20KB) LOS objects, 36% free, 28MB/44MB, paused 859us total 27.390ms
08-05 14:09:30.459  1548  1561 I art     : Starting a blocking GC Explicit
08-05 14:09:30.486  1548  1561 I art     : Explicit concurrent mark sweep GC freed 23(752B) AllocSpace objects, 0(0B) LOS objects, 36% free, 28MB/44MB, paused 807us total 26.791ms
08-05 14:09:30.496  1548  1561 I art     : Starting a blocking GC Explicit
08-05 14:09:30.522  1548  1561 I art     : Explicit concurrent mark sweep GC freed 3(96B) AllocSpace objects, 0(0B) LOS objects, 36% free, 28MB/44MB, paused 810us total 26.441ms
08-05 14:09:30.531  1548  1561 I art     : Starting a blocking GC Explicit
08-05 14:09:30.557  1548  1561 I art     : Explicit concurrent mark sweep GC freed 3(96B) AllocSpace objects, 0(0B) LOS objects, 36% free, 28MB/44MB, paused 878us total 25.886ms
08-05 14:09:30.566  1548  1561 I art     : Starting a blocking GC Explicit
08-05 14:09:30.593  1548  1561 I art     : Explicit concurrent mark sweep GC freed 3(96B) AllocSpace objects, 0(0B) LOS objects, 36% free, 28MB/44MB, paused 814us total 26.240ms
08-05 14:09:30.617  3290  3290 D AndroidRuntime: >>>>>> START com.android.internal.os.RuntimeInit uid 2000 <<<<<<
08-05 14:09:30.623  3290  3290 D AndroidRuntime: CheckJNI is OFF
08-05 14:09:30.653  3290  3290 D ICU     : No timezone override file found: /data/misc/zoneinfo/current/icu/icu_tzdata.dat
08-05 14:09:30.683  3290  3290 I Radio-JNI: register_android_hardware_Radio DONE
08-05 14:09:30.705  3290  3290 D AndroidRuntime: Calling main entry com.android.commands.input.Input
08-05 14:09:30.708  3290  3290 I Input   : injectMotionEvent: MotionEvent { action=ACTION_DOWN, actionButton=0, id[0]=0, x[0]=616.0, y[0]=469.0, toolType[0]=TOOL_TYPE_UNKNOWN, buttonState=0, metaState=0, flags=0x0, edgeFlags=0x0, pointerCount=1, historySize=0, eventTime=799787120, downTime=799787120, deviceId=0, source=0x1002 }
08-05 14:09:30.714  3290  3290 I Input   : injectMotionEvent: MotionEvent { action=ACTION_UP, actionButton=0, id[0]=0, x[0]=616.0, y[0]=469.0, toolType[0]=TOOL_TYPE_UNKNOWN, buttonState=0, metaState=0, flags=0x0, edgeFlags=0x0, pointerCount=1, historySize=0, eventTime=799787120, downTime=799787120, deviceId=0, source=0x1002 }
08-05 14:09:30.716  3290  3290 D AndroidRuntime: Shutting down VM
08-05 14:09:30.753 28061 28061 I ServiceManager: Waiting for service AtCmdFwd...
08-05 14:09:30.783   512  2967 D audio_hw_primary: out_set_parameters: enter: usecase(1: low-latency-playback) kvpairs: routing=2
08-05 14:09:30.796   512  2967 D audio_hw_primary: select_devices: out_snd_device(2: speaker) in_snd_device(0: none)
08-05 14:09:30.796   512  2967 D msm8974_platform: platform_send_audio_calibration: sending audio calibration for snd_device(2) acdb_id(15)
08-05 14:09:30.797   512  2967 I soundtrigger: audio_extn_sound_trigger_update_device_status: device 0x2 of type 0 for Event 1
08-05 14:09:30.804 13866 13866 I GoogleInputMethodServic: GoogleInputMethodService.onFinishInput():3138 
08-05 14:09:30.804 13866 13866 I GoogleInputMethodServic: GoogleInputMethodService.onStartInput():1808 
08-05 14:09:30.807   512  2967 D audio_hw_primary: enable_snd_device: snd_device(2: speaker)
08-05 14:09:30.809   512  2967 D audio_hw_primary: enable_audio_route: apply and update mixer path: low-latency-playback speaker
08-05 14:09:30.852  1548  2782 I art     : Starting a blocking GC Explicit
08-05 14:09:30.879  1548  2782 I art     : Explicit concurrent mark sweep GC freed 1680(93KB) AllocSpace objects, 1(20KB) LOS objects, 36% free, 28MB/44MB, paused 890us total 26.863ms
08-05 14:09:30.888  1548  2782 I art     : Starting a blocking GC Explicit
08-05 14:09:30.914  1548  2782 I art     : Explicit concurrent mark sweep GC freed 55(1904B) AllocSpace objects, 0(0B) LOS objects, 36% free, 28MB/44MB, paused 802us total 25.543ms
08-05 14:09:30.923  1548  2782 I art     : Starting a blocking GC Explicit
08-05 14:09:30.948  1548  2782 I art     : Explicit concurrent mark sweep GC freed 13(480B) AllocSpace objects, 0(0B) LOS objects, 36% free, 28MB/44MB, paused 1.312ms total 24.905ms
08-05 14:09:30.957  1548  2782 I art     : Starting a blocking GC Explicit
08-05 14:09:30.983  1548  2782 I art     : Explicit concurrent mark sweep GC freed 16(608B) AllocSpace objects, 0(0B) LOS objects, 36% free, 28MB/44MB, paused 1.013ms total 26.036ms
08-05 14:09:30.991  1548  2084 I NAPPA_EXPERIMENTATION: MetricNetworkRequestExecutionTime: REQUEST_DURATION_SYSTEM='209',REQUEST_DURATION_OKHTTP='207',REQUEST_SYNCHRONOUS='TRUE',RESPONSE_CODE='200',RESPONSE_METHOD='GET',RESPONSE_LENGTH_OKHTTP='-1',RESPONSE_LENGTH_HEADER='628',REQUEST_PROTOCOL='h2',REQUEST_URL='https://itunes.apple.com/lookup?id=1524080195',
08-05 14:09:30.992  1548  2782 I art     : Starting a blocking GC Explicit
08-05 14:09:31.018  1548  2782 I art     : Explicit concurrent mark sweep GC freed 463(41KB) AllocSpace objects, 0(0B) LOS objects, 36% free, 28MB/44MB, paused 1.028ms total 24.935ms
08-05 14:09:31.018   918  5952 I ActivityManager: START u0 {cmp=baseline.de.danoeh.antennapod.debug/baseline.de.danoeh.antennapod.activity.OnlineFeedViewActivity (has extras)} from uid 10695 on display 0
08-05 14:09:31.037 13866 13866 I GoogleInputMethodServic: GoogleInputMethodService.onFinishInput():3138 
08-05 14:09:31.038 13866 13866 I GoogleInputMethodServic: GoogleInputMethodService.onStartInput():1808 
08-05 14:09:31.058  1548  1548 D UserPreferences: Using default data folder
08-05 14:09:31.058  1548  1548 D OnlineFeedViewActivity: Activity was started with url https://rss.art19.com/nice-white-parents
08-05 14:09:31.060  1548  1548 D OnlineFeedViewActivity: Starting feed download
08-05 14:09:31.062  1548  1575 D DBReader: Extracting Feedlist
08-05 14:09:31.064   918   929 D WifiService: acquireWifiLockLocked: WifiLock{Downloader type=1 binder=android.os.BinderProxy@d909482}
08-05 14:09:31.065  1548  1575 D AntennapodHttpClient: Creating new instance of HTTP client
08-05 14:09:31.126 13866 13866 I GoogleInputMethodServic: GoogleInputMethodService.onFinishInput():3138 
08-05 14:09:31.126 13866 13866 I GoogleInputMethodServic: GoogleInputMethodService.onStartInput():1808 
08-05 14:09:31.161   918   936 I ActivityManager: Displayed baseline.de.danoeh.antennapod.debug/baseline.de.danoeh.antennapod.activity.OnlineFeedViewActivity: +123ms
08-05 14:09:31.266  1548  1573 I art     : Starting a blocking GC Explicit
08-05 14:09:31.294  1548  1573 I art     : Explicit concurrent mark sweep GC freed 7670(403KB) AllocSpace objects, 4(220KB) LOS objects, 35% free, 28MB/44MB, paused 844us total 28.049ms
08-05 14:09:31.304  1548  1573 I art     : Starting a blocking GC Explicit
08-05 14:09:31.331  1548  1573 I art     : Explicit concurrent mark sweep GC freed 1289(131KB) AllocSpace objects, 0(0B) LOS objects, 35% free, 28MB/44MB, paused 881us total 26.958ms
08-05 14:09:31.341  1548  1573 I art     : Starting a blocking GC Explicit
08-05 14:09:31.358  1548  1575 D MYTAG   : interceptor 3a https://rss.art19.com/nice-white-parents
08-05 14:09:31.358  1548  1575 I NAPPA_EXPERIMENTATION: MetricNetworkRequestExecutionTime: REQUEST_DURATION_SYSTEM='293',REQUEST_DURATION_OKHTTP='153',REQUEST_SYNCHRONOUS='TRUE',RESPONSE_CODE='200',RESPONSE_METHOD='GET',RESPONSE_LENGTH_OKHTTP='-1',RESPONSE_LENGTH_HEADER='1803',REQUEST_PROTOCOL='h2',REQUEST_URL='https://rss.art19.com/nice-white-parents',
08-05 14:09:31.358  1548  1575 D HttpDownloader: Response code is 200
08-05 14:09:31.358   512  2967 D audio_hw_primary: disable_audio_route: reset and update mixer path: low-latency-playback speaker
08-05 14:09:31.358  1548  1575 D UserPreferences: Using default data folder
08-05 14:09:31.359   512  2967 D audio_hw_primary: disable_snd_device: snd_device(2: speaker)
08-05 14:09:31.360  1548  1575 D HttpDownloader: Getting size of download
08-05 14:09:31.360  1548  1575 D HttpDownloader: Size is -1
08-05 14:09:31.360  1548  1575 D UserPreferences: Using default data folder
08-05 14:09:31.361  1548  1575 D HttpDownloader: Free space is 20203761664
08-05 14:09:31.361  1548  1575 D HttpDownloader: Starting download
08-05 14:09:31.368   512  2967 I soundtrigger: audio_extn_sound_trigger_update_device_status: device 0x2 of type 0 for Event 0
08-05 14:09:31.368  1548  1573 I art     : Explicit concurrent mark sweep GC freed 277(20KB) AllocSpace objects, 0(0B) LOS objects, 35% free, 28MB/44MB, paused 944us total 26.840ms
08-05 14:09:31.370  1548  1575 D HttpDownloader: Download was successful
08-05 14:09:31.371   918  5481 D WifiService: releaseWifiLockLocked: WifiLock{Downloader type=1 binder=android.os.BinderProxy@d909482}
08-05 14:09:31.371  1548  1548 D OnlineFeedViewActivity: Parsing feed
08-05 14:09:31.374  1548  3349 D TypeGetter: Recognized type RSS 2.0
08-05 14:09:31.375  1548  3349 D SyndHandler: Recognized ITunes namespace
08-05 14:09:31.375  1548  3349 D SyndHandler: Recognized Atom namespace
08-05 14:09:31.375  1548  3349 D SyndHandler: Recognized Content namespace
08-05 14:09:31.377  1548  1573 I art     : Starting a blocking GC Explicit
08-05 14:09:31.386  1548  3349 D OnlineFeedViewActivity: Deleted feed source file. Result: true
08-05 14:09:31.386  1548  1548 D OnlineFeedViewActivity: Removing HTML from shownotes
08-05 14:09:31.398   380   380 W SurfaceFlinger: couldn't log to binary event log: overflow.
08-05 14:09:31.406  1548  1573 I art     : Explicit concurrent mark sweep GC freed 1173(207KB) AllocSpace objects, 4(128KB) LOS objects, 35% free, 28MB/44MB, paused 1.036ms total 28.194ms
08-05 14:09:31.415  1548  1573 I art     : Starting a blocking GC Explicit
08-05 14:09:31.440  1548  1573 I art     : Explicit concurrent mark sweep GC freed 1156(79KB) AllocSpace objects, 0(0B) LOS objects, 35% free, 28MB/44MB, paused 782us total 25.249ms
08-05 14:09:31.522  1548  1548 D PlaybackController: Releasing PlaybackController
08-05 14:09:31.727  1548  1561 I art     : Starting a blocking GC Explicit
08-05 14:09:31.753 28061 28061 I ServiceManager: Waiting for service AtCmdFwd...
08-05 14:09:31.764  1548  1561 I art     : Explicit concurrent mark sweep GC freed 1784(105KB) AllocSpace objects, 2(132KB) LOS objects, 36% free, 28MB/44MB, paused 964us total 36.482ms
08-05 14:09:31.775  1548  1561 I art     : Starting a blocking GC Explicit
08-05 14:09:31.804  1548  1561 I art     : Explicit concurrent mark sweep GC freed 41(1392B) AllocSpace objects, 0(0B) LOS objects, 36% free, 28MB/44MB, paused 891us total 29.068ms
08-05 14:09:31.814  1548  1561 I art     : Starting a blocking GC Explicit
08-05 14:09:31.843  1548  1561 I art     : Explicit concurrent mark sweep GC freed 3(96B) AllocSpace objects, 0(0B) LOS objects, 36% free, 28MB/44MB, paused 861us total 28.971ms
08-05 14:09:31.852  1548  1561 I art     : Starting a blocking GC Explicit
08-05 14:09:31.881  1548  1561 I art     : Explicit concurrent mark sweep GC freed 3(96B) AllocSpace objects, 0(0B) LOS objects, 36% free, 28MB/44MB, paused 924us total 28.700ms
08-05 14:09:31.891  1548  1561 I art     : Starting a blocking GC Explicit
08-05 14:09:31.920  1548  1561 I art     : Explicit concurrent mark sweep GC freed 3(96B) AllocSpace objects, 0(0B) LOS objects, 36% free, 28MB/44MB, paused 871us total 28.744ms
08-05 14:09:32.209  1548  2782 I art     : Starting a blocking GC Explicit
08-05 14:09:32.242  1548  2782 I art     : Explicit concurrent mark sweep GC freed 1372(80KB) AllocSpace objects, 1(20KB) LOS objects, 36% free, 28MB/44MB, paused 891us total 32.627ms
08-05 14:09:32.252  1548  2782 I art     : Starting a blocking GC Explicit
08-05 14:09:32.281  1548  2782 I art     : Explicit concurrent mark sweep GC freed 23(752B) AllocSpace objects, 0(0B) LOS objects, 36% free, 28MB/44MB, paused 824us total 28.991ms
08-05 14:09:32.290  1548  2782 I art     : Starting a blocking GC Explicit
08-05 14:09:32.320  1548  2782 I art     : Explicit concurrent mark sweep GC freed 3(96B) AllocSpace objects, 0(0B) LOS objects, 36% free, 28MB/44MB, paused 891us total 29.315ms
08-05 14:09:32.330  1548  2782 I art     : Starting a blocking GC Explicit
08-05 14:09:32.359  1548  2782 I art     : Explicit concurrent mark sweep GC freed 3(96B) AllocSpace objects, 0(0B) LOS objects, 36% free, 28MB/44MB, paused 879us total 28.885ms
08-05 14:09:32.369  1548  2782 I art     : Starting a blocking GC Explicit
08-05 14:09:32.398  1548  2782 I art     : Explicit concurrent mark sweep GC freed 3(96B) AllocSpace objects, 0(0B) LOS objects, 36% free, 28MB/44MB, paused 941us total 28.776ms
08-05 14:09:32.719  1548  1573 I art     : Starting a blocking GC Explicit
08-05 14:09:32.754 28061 28061 W Atfwd_Sendcmd: AtCmdFwd service not published, waiting... retryCnt : 2
08-05 14:09:32.756  1548  1573 I art     : Explicit concurrent mark sweep GC freed 1401(81KB) AllocSpace objects, 1(20KB) LOS objects, 36% free, 28MB/44MB, paused 946us total 36.429ms
08-05 14:09:32.769  1548  1573 I art     : Starting a blocking GC Explicit
08-05 14:09:32.802  1548  1573 I art     : Explicit concurrent mark sweep GC freed 23(752B) AllocSpace objects, 0(0B) LOS objects, 36% free, 28MB/44MB, paused 890us total 33.021ms
08-05 14:09:32.812  1548  1573 I art     : Starting a blocking GC Explicit
08-05 14:09:32.842  1548  1573 I art     : Explicit concurrent mark sweep GC freed 3(96B) AllocSpace objects, 0(0B) LOS objects, 36% free, 28MB/44MB, paused 867us total 29.647ms
08-05 14:09:32.851  1548  1573 I art     : Starting a blocking GC Explicit
08-05 14:09:32.881  1548  1573 I art     : Explicit concurrent mark sweep GC freed 3(96B) AllocSpace objects, 0(0B) LOS objects, 36% free, 28MB/44MB, paused 894us total 29.328ms
08-05 14:09:32.890  1548  1573 I art     : Starting a blocking GC Explicit
08-05 14:09:32.919  1548  1573 I art     : Explicit concurrent mark sweep GC freed 3(96B) AllocSpace objects, 0(0B) LOS objects, 36% free, 28MB/44MB, paused 948us total 28.591ms
08-05 14:09:33.237  1548  1561 I art     : Starting a blocking GC Explicit
08-05 14:09:33.267  1548  1561 I art     : Explicit concurrent mark sweep GC freed 1402(81KB) AllocSpace objects, 1(20KB) LOS objects, 36% free, 28MB/44MB, paused 874us total 30.036ms
08-05 14:09:33.278  1548  1561 I art     : Starting a blocking GC Explicit
08-05 14:09:33.305  1548  1561 I art     : Explicit concurrent mark sweep GC freed 23(752B) AllocSpace objects, 0(0B) LOS objects, 36% free, 28MB/44MB, paused 780us total 26.861ms
08-05 14:09:33.314  1548  1561 I art     : Starting a blocking GC Explicit
08-05 14:09:33.342  1548  1561 I art     : Explicit concurrent mark sweep GC freed 3(96B) AllocSpace objects, 0(0B) LOS objects, 36% free, 28MB/44MB, paused 797us total 27.298ms
08-05 14:09:33.351  1548  1561 I art     : Starting a blocking GC Explicit
08-05 14:09:33.379  1548  1561 I art     : Explicit concurrent mark sweep GC freed 3(96B) AllocSpace objects, 0(0B) LOS objects, 36% free, 28MB/44MB, paused 837us total 28.004ms
08-05 14:09:33.389  1548  1561 I art     : Starting a blocking GC Explicit
08-05 14:09:33.418  1548  1561 I art     : Explicit concurrent mark sweep GC freed 3(96B) AllocSpace objects, 0(0B) LOS objects, 36% free, 28MB/44MB, paused 935us total 29.265ms
08-05 14:09:33.729  1548  1573 I art     : Starting a blocking GC Explicit
08-05 14:09:33.768  1548  1573 I art     : Explicit concurrent mark sweep GC freed 1401(81KB) AllocSpace objects, 1(20KB) LOS objects, 36% free, 28MB/44MB, paused 959us total 38.711ms
08-05 14:09:33.780  1548  1573 I art     : Starting a blocking GC Explicit
08-05 14:09:33.809  1548  1573 I art     : Explicit concurrent mark sweep GC freed 23(752B) AllocSpace objects, 0(0B) LOS objects, 36% free, 28MB/44MB, paused 896us total 29.532ms
08-05 14:09:33.819  1548  1573 I art     : Starting a blocking GC Explicit
08-05 14:09:33.849  1548  1573 I art     : Explicit concurrent mark sweep GC freed 3(96B) AllocSpace objects, 0(0B) LOS objects, 36% free, 28MB/44MB, paused 818us total 29.192ms
08-05 14:09:33.858  1548  1573 I art     : Starting a blocking GC Explicit
08-05 14:09:33.887  1548  1573 I art     : Explicit concurrent mark sweep GC freed 3(96B) AllocSpace objects, 0(0B) LOS objects, 36% free, 28MB/44MB, paused 961us total 28.952ms
08-05 14:09:33.897  1548  1573 I art     : Starting a blocking GC Explicit
08-05 14:09:33.926  1548  1573 I art     : Explicit concurrent mark sweep GC freed 3(96B) AllocSpace objects, 0(0B) LOS objects, 36% free, 28MB/44MB, paused 902us total 28.974ms
08-05 14:09:34.253  1548  1560 I art     : Starting a blocking GC Explicit
08-05 14:09:34.293  1548  1560 I art     : Explicit concurrent mark sweep GC freed 1372(80KB) AllocSpace objects, 1(20KB) LOS objects, 36% free, 28MB/44MB, paused 945us total 40.172ms
08-05 14:09:34.306  1548  1560 I art     : Starting a blocking GC Explicit
08-05 14:09:34.336  1548  1560 I art     : Explicit concurrent mark sweep GC freed 23(752B) AllocSpace objects, 0(0B) LOS objects, 36% free, 28MB/44MB, paused 871us total 28.953ms
08-05 14:09:34.345  1548  1560 I art     : Starting a blocking GC Explicit
08-05 14:09:34.374  1548  1560 I art     : Explicit concurrent mark sweep GC freed 3(96B) AllocSpace objects, 0(0B) LOS objects, 36% free, 28MB/44MB, paused 858us total 28.086ms
08-05 14:09:34.383  1548  1560 I art     : Starting a blocking GC Explicit
08-05 14:09:34.412  1548  1560 I art     : Explicit concurrent mark sweep GC freed 3(96B) AllocSpace objects, 0(0B) LOS objects, 36% free, 28MB/44MB, paused 865us total 29.263ms
08-05 14:09:34.422  1548  1560 I art     : Starting a blocking GC Explicit
08-05 14:09:34.452  1548  1560 I art     : Explicit concurrent mark sweep GC freed 3(96B) AllocSpace objects, 0(0B) LOS objects, 36% free, 28MB/44MB, paused 936us total 29.181ms
08-05 14:09:34.788  1548  2782 I art     : Starting a blocking GC Explicit
08-05 14:09:34.825  1548  2782 I art     : Explicit concurrent mark sweep GC freed 1402(83KB) AllocSpace objects, 1(20KB) LOS objects, 36% free, 28MB/44MB, paused 940us total 37.160ms
08-05 14:09:34.839  1548  2782 I art     : Starting a blocking GC Explicit
08-05 14:09:34.869  1548  2782 I art     : Explicit concurrent mark sweep GC freed 23(752B) AllocSpace objects, 0(0B) LOS objects, 36% free, 28MB/44MB, paused 924us total 29.628ms
08-05 14:09:34.878  1548  2782 I art     : Starting a blocking GC Explicit
08-05 14:09:34.908  1548  2782 I art     : Explicit concurrent mark sweep GC freed 3(96B) AllocSpace objects, 0(0B) LOS objects, 36% free, 28MB/44MB, paused 1.035ms total 29.271ms
08-05 14:09:34.917  1548  2782 I art     : Starting a blocking GC Explicit
08-05 14:09:34.947  1548  2782 I art     : Explicit concurrent mark sweep GC freed 3(96B) AllocSpace objects, 0(0B) LOS objects, 36% free, 28MB/44MB, paused 840us total 28.886ms
08-05 14:09:34.956  1548  2782 I art     : Starting a blocking GC Explicit
08-05 14:09:34.985  1548  2782 I art     : Explicit concurrent mark sweep GC freed 3(96B) AllocSpace objects, 0(0B) LOS objects, 36% free, 28MB/44MB, paused 858us total 28.308ms
08-05 14:09:35.326  1548  1561 I art     : Starting a blocking GC Explicit
08-05 14:09:35.358  1548  1561 I art     : Explicit concurrent mark sweep GC freed 1372(80KB) AllocSpace objects, 1(20KB) LOS objects, 36% free, 28MB/44MB, paused 951us total 31.432ms
08-05 14:09:35.368  1548  1561 I art     : Starting a blocking GC Explicit
08-05 14:09:35.398  1548  1561 I art     : Explicit concurrent mark sweep GC freed 23(752B) AllocSpace objects, 0(0B) LOS objects, 36% free, 28MB/44MB, paused 1.038ms total 29.276ms
08-05 14:09:35.407  1548  1561 I art     : Starting a blocking GC Explicit
08-05 14:09:35.437  1548  1561 I art     : Explicit concurrent mark sweep GC freed 3(96B) AllocSpace objects, 0(0B) LOS objects, 36% free, 28MB/44MB, paused 948us total 29.341ms
08-05 14:09:35.447  1548  1561 I art     : Starting a blocking GC Explicit
08-05 14:09:35.476  1548  1561 I art     : Explicit concurrent mark sweep GC freed 3(96B) AllocSpace objects, 0(0B) LOS objects, 36% free, 28MB/44MB, paused 865us total 29.393ms
08-05 14:09:35.486  1548  1561 I art     : Starting a blocking GC Explicit
08-05 14:09:35.516  1548  1561 I art     : Explicit concurrent mark sweep GC freed 3(96B) AllocSpace objects, 0(0B) LOS objects, 36% free, 28MB/44MB, paused 886us total 29.335ms
08-05 14:09:35.846  1548  1573 I art     : Starting a blocking GC Explicit
08-05 14:09:35.883  1548  1573 I art     : Explicit concurrent mark sweep GC freed 1406(81KB) AllocSpace objects, 1(20KB) LOS objects, 36% free, 28MB/44MB, paused 930us total 36.956ms
08-05 14:09:35.894  1548  1573 I art     : Starting a blocking GC Explicit
08-05 14:09:35.924  1548  1573 I art     : Explicit concurrent mark sweep GC freed 23(752B) AllocSpace objects, 0(0B) LOS objects, 36% free, 28MB/44MB, paused 889us total 29.618ms
08-05 14:09:35.934  1548  1573 I art     : Starting a blocking GC Explicit
08-05 14:09:35.963  1548  1573 I art     : Explicit concurrent mark sweep GC freed 3(96B) AllocSpace objects, 0(0B) LOS objects, 36% free, 28MB/44MB, paused 886us total 29.421ms
08-05 14:09:35.973  1548  1573 I art     : Starting a blocking GC Explicit
08-05 14:09:36.002  1548  1573 I art     : Explicit concurrent mark sweep GC freed 3(96B) AllocSpace objects, 0(0B) LOS objects, 36% free, 28MB/44MB, paused 876us total 29.021ms
08-05 14:09:36.012  1548  1573 I art     : Starting a blocking GC Explicit
08-05 14:09:36.041  1548  1573 I art     : Explicit concurrent mark sweep GC freed 3(96B) AllocSpace objects, 0(0B) LOS objects, 36% free, 28MB/44MB, paused 875us total 28.829ms
08-05 14:09:36.371  1548  1560 I art     : Starting a blocking GC Explicit
08-05 14:09:36.411  1548  1560 I art     : Explicit concurrent mark sweep GC freed 1372(80KB) AllocSpace objects, 1(20KB) LOS objects, 36% free, 28MB/44MB, paused 936us total 40.146ms
08-05 14:09:36.428  1548  1560 I art     : Starting a blocking GC Explicit
08-05 14:09:36.458  1548  1560 I art     : Explicit concurrent mark sweep GC freed 23(752B) AllocSpace objects, 0(0B) LOS objects, 36% free, 28MB/44MB, paused 886us total 30.130ms
08-05 14:09:36.467  1548  1560 I art     : Starting a blocking GC Explicit
08-05 14:09:36.496  1548  1560 I art     : Explicit concurrent mark sweep GC freed 3(96B) AllocSpace objects, 0(0B) LOS objects, 36% free, 28MB/44MB, paused 864us total 28.824ms
08-05 14:09:36.506  1548  1560 I art     : Starting a blocking GC Explicit
08-05 14:09:36.536  1548  1560 I art     : Explicit concurrent mark sweep GC freed 3(96B) AllocSpace objects, 0(0B) LOS objects, 36% free, 28MB/44MB, paused 858us total 29.322ms
08-05 14:09:36.545  1548  1560 I art     : Starting a blocking GC Explicit
08-05 14:09:36.574  1548  1560 I art     : Explicit concurrent mark sweep GC freed 3(96B) AllocSpace objects, 0(0B) LOS objects, 36% free, 28MB/44MB, paused 873us total 28.501ms
08-05 14:09:36.899  1548  2782 I art     : Starting a blocking GC Explicit
08-05 14:09:36.937  1548  2782 I art     : Explicit concurrent mark sweep GC freed 1401(81KB) AllocSpace objects, 1(20KB) LOS objects, 36% free, 28MB/44MB, paused 947us total 37.460ms
08-05 14:09:36.950  1548  2782 I art     : Starting a blocking GC Explicit
08-05 14:09:36.980  1548  2782 I art     : Explicit concurrent mark sweep GC freed 23(752B) AllocSpace objects, 0(0B) LOS objects, 36% free, 28MB/44MB, paused 892us total 29.532ms
08-05 14:09:36.990  1548  2782 I art     : Starting a blocking GC Explicit
08-05 14:09:37.019  1548  2782 I art     : Explicit concurrent mark sweep GC freed 3(96B) AllocSpace objects, 0(0B) LOS objects, 36% free, 28MB/44MB, paused 938us total 29.106ms
08-05 14:09:37.029  1548  2782 I art     : Starting a blocking GC Explicit
08-05 14:09:37.058  1548  2782 I art     : Explicit concurrent mark sweep GC freed 3(96B) AllocSpace objects, 0(0B) LOS objects, 36% free, 28MB/44MB, paused 915us total 28.831ms
08-05 14:09:37.068  1548  2782 I art     : Starting a blocking GC Explicit
08-05 14:09:37.097  1548  2782 I art     : Explicit concurrent mark sweep GC freed 3(96B) AllocSpace objects, 0(0B) LOS objects, 36% free, 28MB/44MB, paused 912us total 29.055ms
08-05 14:09:37.409   518   646 I ThermalEngine: ACTION: GPU - Setting GPU[0] to 600000000
08-05 14:09:37.421  1548  1561 I art     : Starting a blocking GC Explicit
08-05 14:09:37.457  1548  1561 I art     : Explicit concurrent mark sweep GC freed 1372(80KB) AllocSpace objects, 1(20KB) LOS objects, 36% free, 28MB/44MB, paused 854us total 36.108ms
08-05 14:09:37.468  1548  1561 I art     : Starting a blocking GC Explicit
08-05 14:09:37.492  1548  1561 I art     : Explicit concurrent mark sweep GC freed 23(752B) AllocSpace objects, 0(0B) LOS objects, 36% free, 28MB/44MB, paused 685us total 23.958ms
08-05 14:09:37.500  1548  1561 I art     : Starting a blocking GC Explicit
08-05 14:09:37.524  1548  1561 I art     : Explicit concurrent mark sweep GC freed 3(96B) AllocSpace objects, 0(0B) LOS objects, 36% free, 28MB/44MB, paused 642us total 23.249ms
08-05 14:09:37.531  1548  1561 I art     : Starting a blocking GC Explicit
08-05 14:09:37.554  1548  1561 I art     : Explicit concurrent mark sweep GC freed 3(96B) AllocSpace objects, 0(0B) LOS objects, 36% free, 28MB/44MB, paused 589us total 22.706ms
08-05 14:09:37.562  1548  1561 I art     : Starting a blocking GC Explicit
08-05 14:09:37.585  1548  1561 I art     : Explicit concurrent mark sweep GC freed 3(96B) AllocSpace objects, 0(0B) LOS objects, 36% free, 28MB/44MB, paused 652us total 23.325ms
08-05 14:09:37.916  1548  1573 I art     : Starting a blocking GC Explicit
08-05 14:09:37.950  1548  1573 I art     : Explicit concurrent mark sweep GC freed 1401(81KB) AllocSpace objects, 1(20KB) LOS objects, 36% free, 28MB/44MB, paused 857us total 34.215ms
08-05 14:09:37.961  1548  1573 I art     : Starting a blocking GC Explicit
08-05 14:09:37.984  1548  1573 I art     : Explicit concurrent mark sweep GC freed 23(752B) AllocSpace objects, 0(0B) LOS objects, 36% free, 28MB/44MB, paused 612us total 23.038ms
08-05 14:09:37.992  1548  1573 I art     : Starting a blocking GC Explicit
08-05 14:09:38.014  1548  1573 I art     : Explicit concurrent mark sweep GC freed 3(96B) AllocSpace objects, 0(0B) LOS objects, 36% free, 28MB/44MB, paused 631us total 21.913ms
08-05 14:09:38.022  1548  1573 I art     : Starting a blocking GC Explicit
08-05 14:09:38.044  1548  1573 I art     : Explicit concurrent mark sweep GC freed 3(96B) AllocSpace objects, 0(0B) LOS objects, 36% free, 28MB/44MB, paused 661us total 22.343ms
08-05 14:09:38.052  1548  1573 I art     : Starting a blocking GC Explicit
08-05 14:09:38.075  1548  1573 I art     : Explicit concurrent mark sweep GC freed 3(96B) AllocSpace objects, 0(0B) LOS objects, 36% free, 28MB/44MB, paused 645us total 23.125ms
08-05 14:09:38.415  1548  1560 I art     : Starting a blocking GC Explicit
08-05 14:09:38.453  1548  1560 I art     : Explicit concurrent mark sweep GC freed 1372(80KB) AllocSpace objects, 1(20KB) LOS objects, 36% free, 28MB/44MB, paused 796us total 38.090ms
08-05 14:09:38.461  1548  1560 I art     : Starting a blocking GC Explicit
08-05 14:09:38.485  1548  1560 I art     : Explicit concurrent mark sweep GC freed 23(752B) AllocSpace objects, 0(0B) LOS objects, 36% free, 28MB/44MB, paused 658us total 23.657ms
08-05 14:09:38.493  1548  1560 I art     : Starting a blocking GC Explicit
08-05 14:09:38.516  1548  1560 I art     : Explicit concurrent mark sweep GC freed 3(96B) AllocSpace objects, 0(0B) LOS objects, 36% free, 28MB/44MB, paused 637us total 22.489ms
08-05 14:09:38.523  1548  1560 I art     : Starting a blocking GC Explicit
08-05 14:09:38.546  1548  1560 I art     : Explicit concurrent mark sweep GC freed 3(96B) AllocSpace objects, 0(0B) LOS objects, 36% free, 28MB/44MB, paused 610us total 22.757ms
08-05 14:09:38.554  1548  1560 I art     : Starting a blocking GC Explicit
08-05 14:09:38.577  1548  1560 I art     : Explicit concurrent mark sweep GC freed 3(96B) AllocSpace objects, 0(0B) LOS objects, 36% free, 28MB/44MB, paused 765us total 23.081ms
08-05 14:09:38.892  1548  2782 I art     : Starting a blocking GC Explicit
08-05 14:09:38.924  1548  2782 I art     : Explicit concurrent mark sweep GC freed 1401(81KB) AllocSpace objects, 1(20KB) LOS objects, 36% free, 28MB/44MB, paused 751us total 31.675ms
08-05 14:09:38.936  1548  2782 I art     : Starting a blocking GC Explicit
08-05 14:09:38.960  1548  2782 I art     : Explicit concurrent mark sweep GC freed 23(752B) AllocSpace objects, 0(0B) LOS objects, 36% free, 28MB/44MB, paused 606us total 23.192ms
08-05 14:09:38.967  1548  2782 I art     : Starting a blocking GC Explicit
08-05 14:09:38.990  1548  2782 I art     : Explicit concurrent mark sweep GC freed 3(96B) AllocSpace objects, 0(0B) LOS objects, 36% free, 28MB/44MB, paused 615us total 22.267ms
08-05 14:09:38.997  1548  2782 I art     : Starting a blocking GC Explicit
08-05 14:09:39.019  1548  2782 I art     : Explicit concurrent mark sweep GC freed 3(96B) AllocSpace objects, 0(0B) LOS objects, 36% free, 28MB/44MB, paused 593us total 21.686ms
08-05 14:09:39.027  1548  2782 I art     : Starting a blocking GC Explicit
08-05 14:09:39.047  1548  2782 I art     : Explicit concurrent mark sweep GC freed 3(96B) AllocSpace objects, 0(0B) LOS objects, 36% free, 28MB/44MB, paused 669us total 20.196ms
08-05 14:09:39.302  3506  3506 D AndroidRuntime: >>>>>> START com.android.internal.os.RuntimeInit uid 2000 <<<<<<
08-05 14:09:39.307  3506  3506 D AndroidRuntime: CheckJNI is OFF
08-05 14:09:39.330  1548  1561 I art     : Starting a blocking GC Explicit
08-05 14:09:39.333  3506  3506 D ICU     : No timezone override file found: /data/misc/zoneinfo/current/icu/icu_tzdata.dat
08-05 14:09:39.356  1548  1561 I art     : Explicit concurrent mark sweep GC freed 1372(80KB) AllocSpace objects, 1(20KB) LOS objects, 36% free, 28MB/44MB, paused 1.374ms total 24.840ms
08-05 14:09:39.361  3506  3506 I Radio-JNI: register_android_hardware_Radio DONE
08-05 14:09:39.363  1548  1561 I art     : Starting a blocking GC Explicit
08-05 14:09:39.378  3506  3506 D AndroidRuntime: Calling main entry com.android.commands.input.Input
08-05 14:09:39.379  3506  3506 I Input   : injectKeyEvent: KeyEvent { action=ACTION_DOWN, keyCode=KEYCODE_BACK, scanCode=0, metaState=0, flags=0x0, repeatCount=0, eventTime=799795793, downTime=799795793, deviceId=-1, source=0x101 }
08-05 14:09:39.387  1548  1561 I art     : Explicit concurrent mark sweep GC freed 23(752B) AllocSpace objects, 0(0B) LOS objects, 36% free, 28MB/44MB, paused 3.097ms total 24.382ms
08-05 14:09:39.388  3506  3506 I Input   : injectKeyEvent: KeyEvent { action=ACTION_UP, keyCode=KEYCODE_BACK, scanCode=0, metaState=0, flags=0x0, repeatCount=0, eventTime=799795793, downTime=799795793, deviceId=-1, source=0x101 }
08-05 14:09:39.395  1548  1561 I art     : Starting a blocking GC Explicit
08-05 14:09:39.396  3506  3506 D AndroidRuntime: Shutting down VM
08-05 14:09:39.401  1548  1548 V PlaybackController: initServiceNotRunning()
08-05 14:09:39.401  1548  1548 D ExternalPlayerFragment: Loading media info
08-05 14:09:39.406  1548  1548 D UserPreferences: Using default data folder
08-05 14:09:39.407  1548  1575 D DBReader: getNavDrawerData() called with: 
08-05 14:09:39.414  1548  1575 D DBReader: getDownloadedItems() called
08-05 14:09:39.415  1548  1575 D DBReader: getFavoriteIDList() called
08-05 14:09:39.415  1548  1575 D DBReader: getQueueIDList() called
08-05 14:09:39.416  1548  1575 D DBReader: Extracting Feedlist
08-05 14:09:39.419  1548  1561 I art     : Explicit concurrent mark sweep GC freed 525(44KB) AllocSpace objects, 0(0B) LOS objects, 35% free, 28MB/44MB, paused 986us total 23.732ms
08-05 14:09:39.426  1548  1561 I art     : Starting a blocking GC Explicit
08-05 14:09:39.440  1548  1548 D MainActivity: getLastNavFragment() -> AddFeedFragment
08-05 14:09:39.443 13866 13866 I GoogleInputMethodServic: GoogleInputMethodService.onFinishInput():3138 
08-05 14:09:39.443 13866 13866 I GoogleInputMethodServic: GoogleInputMethodService.onStartInput():1808 
08-05 14:09:39.448  1548  1561 I art     : Explicit concurrent mark sweep GC freed 533(23KB) AllocSpace objects, 0(0B) LOS objects, 35% free, 28MB/44MB, paused 984us total 21.071ms
08-05 14:09:39.456  1548  1561 I art     : Starting a blocking GC Explicit
08-05 14:09:39.478  1548  1561 I art     : Explicit concurrent mark sweep GC freed 352(18KB) AllocSpace objects, 0(0B) LOS objects, 35% free, 28MB/44MB, paused 711us total 21.766ms
08-05 14:09:39.736  1548  1573 I art     : Starting a blocking GC Explicit
08-05 14:09:39.742   380   380 W SurfaceFlinger: couldn't log to binary event log: overflow.
08-05 14:09:39.762  1548  1573 I art     : Explicit concurrent mark sweep GC freed 2128(115KB) AllocSpace objects, 1(20KB) LOS objects, 35% free, 28MB/44MB, paused 649us total 26.421ms
08-05 14:09:39.769  1548  1573 I art     : Starting a blocking GC Explicit
08-05 14:09:39.790  1548  1573 I art     : Explicit concurrent mark sweep GC freed 34(1264B) AllocSpace objects, 0(0B) LOS objects, 36% free, 28MB/44MB, paused 644us total 20.329ms
08-05 14:09:39.797  1548  1573 I art     : Starting a blocking GC Explicit
08-05 14:09:39.818  1548  1573 I art     : Explicit concurrent mark sweep GC freed 2431(151KB) AllocSpace objects, 1(28KB) LOS objects, 36% free, 28MB/44MB, paused 702us total 20.976ms
08-05 14:09:39.825  1548  1573 I art     : Starting a blocking GC Explicit
08-05 14:09:39.845  1548  1573 I art     : Explicit concurrent mark sweep GC freed 3(96B) AllocSpace objects, 0(0B) LOS objects, 36% free, 28MB/44MB, paused 638us total 20.622ms
08-05 14:09:39.846  1548  1559 I art     : WaitForGcToComplete blocked for 20.188ms for cause HeapTrim
08-05 14:09:39.852  1548  1573 I art     : Starting a blocking GC Explicit
08-05 14:09:39.876  1548  1573 I art     : Explicit concurrent mark sweep GC freed 3(96B) AllocSpace objects, 0(0B) LOS objects, 36% free, 28MB/44MB, paused 666us total 23.153ms
08-05 14:09:40.178  1548  1560 I art     : Starting a blocking GC Explicit
08-05 14:09:40.213  1548  1560 I art     : Explicit concurrent mark sweep GC freed 1374(82KB) AllocSpace objects, 1(20KB) LOS objects, 36% free, 28MB/44MB, paused 726us total 34.085ms
08-05 14:09:40.224  1548  1560 I art     : Starting a blocking GC Explicit
08-05 14:09:40.247  1548  1560 I art     : Explicit concurrent mark sweep GC freed 23(752B) AllocSpace objects, 0(0B) LOS objects, 36% free, 28MB/44MB, paused 782us total 22.313ms
08-05 14:09:40.254  1548  1560 I art     : Starting a blocking GC Explicit
08-05 14:09:40.277  1548  1560 I art     : Explicit concurrent mark sweep GC freed 3(96B) AllocSpace objects, 0(0B) LOS objects, 36% free, 28MB/44MB, paused 719us total 22.547ms
08-05 14:09:40.284  1548  1560 I art     : Starting a blocking GC Explicit
08-05 14:09:40.306  1548  1560 I art     : Explicit concurrent mark sweep GC freed 3(96B) AllocSpace objects, 0(0B) LOS objects, 36% free, 28MB/44MB, paused 622us total 21.488ms
08-05 14:09:40.313  1548  1560 I art     : Starting a blocking GC Explicit
08-05 14:09:40.335  1548  1560 I art     : Explicit concurrent mark sweep GC freed 3(96B) AllocSpace objects, 0(0B) LOS objects, 36% free, 28MB/44MB, paused 621us total 21.678ms
08-05 14:09:40.622  1548  2782 I art     : Starting a blocking GC Explicit
08-05 14:09:40.649  1548  2782 I art     : Explicit concurrent mark sweep GC freed 1402(81KB) AllocSpace objects, 1(20KB) LOS objects, 36% free, 28MB/44MB, paused 615us total 27.029ms
08-05 14:09:40.657  1548  2782 I art     : Starting a blocking GC Explicit
08-05 14:09:40.677  1548  2782 I art     : Explicit concurrent mark sweep GC freed 23(752B) AllocSpace objects, 0(0B) LOS objects, 36% free, 28MB/44MB, paused 609us total 19.334ms
08-05 14:09:40.683  1548  2782 I art     : Starting a blocking GC Explicit
08-05 14:09:40.703  1548  2782 I art     : Explicit concurrent mark sweep GC freed 3(96B) AllocSpace objects, 0(0B) LOS objects, 36% free, 28MB/44MB, paused 635us total 19.383ms
08-05 14:09:40.709  1548  2782 I art     : Starting a blocking GC Explicit
08-05 14:09:40.728  1548  2782 I art     : Explicit concurrent mark sweep GC freed 3(96B) AllocSpace objects, 0(0B) LOS objects, 36% free, 28MB/44MB, paused 622us total 19.113ms
08-05 14:09:40.735  1548  2782 I art     : Starting a blocking GC Explicit
08-05 14:09:40.754  1548  2782 I art     : Explicit concurrent mark sweep GC freed 3(96B) AllocSpace objects, 0(0B) LOS objects, 36% free, 28MB/44MB, paused 664us total 19.294ms
08-05 14:09:40.953  3560  3560 D AndroidRuntime: >>>>>> START com.android.internal.os.RuntimeInit uid 2000 <<<<<<
08-05 14:09:40.957  3560  3560 D AndroidRuntime: CheckJNI is OFF
08-05 14:09:40.981  3560  3560 D ICU     : No timezone override file found: /data/misc/zoneinfo/current/icu/icu_tzdata.dat
08-05 14:09:41.006  3560  3560 I Radio-JNI: register_android_hardware_Radio DONE
08-05 14:09:41.022  3560  3560 D AndroidRuntime: Calling main entry com.android.commands.input.Input
08-05 14:09:41.024  3560  3560 I Input   : injectKeyEvent: KeyEvent { action=ACTION_DOWN, keyCode=KEYCODE_BACK, scanCode=0, metaState=0, flags=0x0, repeatCount=0, eventTime=799797437, downTime=799797437, deviceId=-1, source=0x101 }
08-05 14:09:41.030  3560  3560 I Input   : injectKeyEvent: KeyEvent { action=ACTION_UP, keyCode=KEYCODE_BACK, scanCode=0, metaState=0, flags=0x0, repeatCount=0, eventTime=799797437, downTime=799797437, deviceId=-1, source=0x101 }
08-05 14:09:41.049 13866 13866 I GoogleInputMethodServic: GoogleInputMethodService.onFinishInput():3138 
08-05 14:09:41.050  3560  3560 D AndroidRuntime: Shutting down VM
08-05 14:09:41.053 13866 13866 I GoogleInputMethodServic: GoogleInputMethodService.onStartInput():1808 
08-05 14:09:41.058  1548  1573 I art     : Starting a blocking GC Explicit
08-05 14:09:41.086  1548  1573 I art     : Explicit concurrent mark sweep GC freed 2527(127KB) AllocSpace objects, 1(20KB) LOS objects, 36% free, 28MB/44MB, paused 623us total 27.248ms
08-05 14:09:41.094  1548  1573 I art     : Starting a blocking GC Explicit
08-05 14:09:41.114  1548  1573 I art     : Explicit concurrent mark sweep GC freed 2652(177KB) AllocSpace objects, 9(1540KB) LOS objects, 37% free, 26MB/42MB, paused 668us total 20.307ms
08-05 14:09:41.121  1548  1573 I art     : Starting a blocking GC Explicit
08-05 14:09:41.142  1548  1573 I art     : Explicit concurrent mark sweep GC freed 3(96B) AllocSpace objects, 0(0B) LOS objects, 37% free, 26MB/42MB, paused 674us total 21.049ms
08-05 14:09:41.150  1548  1573 I art     : Starting a blocking GC Explicit
08-05 14:09:41.172  1548  1573 I art     : Explicit concurrent mark sweep GC freed 48(2016B) AllocSpace objects, 0(0B) LOS objects, 37% free, 26MB/42MB, paused 680us total 22.121ms
08-05 14:09:41.180  1548  1573 I art     : Starting a blocking GC Explicit
08-05 14:09:41.202  1548  1573 I art     : Explicit concurrent mark sweep GC freed 3(96B) AllocSpace objects, 0(0B) LOS objects, 37% free, 26MB/42MB, paused 664us total 21.922ms
08-05 14:09:41.418   518   646 I ThermalEngine: ACTION: GPU - Setting GPU[0] to 510000000
08-05 14:09:41.476  1548  1561 I art     : Starting a blocking GC Explicit
08-05 14:09:41.507  1548  1561 I art     : Explicit concurrent mark sweep GC freed 1373(81KB) AllocSpace objects, 1(20KB) LOS objects, 37% free, 26MB/42MB, paused 934us total 30.695ms
08-05 14:09:41.520  1548  1561 I art     : Starting a blocking GC Explicit
08-05 14:09:41.549  1548  1561 I art     : Explicit concurrent mark sweep GC freed 23(752B) AllocSpace objects, 0(0B) LOS objects, 37% free, 26MB/42MB, paused 926us total 28.160ms
08-05 14:09:41.558  1548  1561 I art     : Starting a blocking GC Explicit
08-05 14:09:41.586  1548  1561 I art     : Explicit concurrent mark sweep GC freed 3(96B) AllocSpace objects, 0(0B) LOS objects, 37% free, 26MB/42MB, paused 879us total 27.276ms
08-05 14:09:41.595  1548  1561 I art     : Starting a blocking GC Explicit
08-05 14:09:41.622  1548  1561 I art     : Explicit concurrent mark sweep GC freed 3(96B) AllocSpace objects, 0(0B) LOS objects, 37% free, 26MB/42MB, paused 873us total 27.144ms
08-05 14:09:41.632  1548  1561 I art     : Starting a blocking GC Explicit
08-05 14:09:41.660  1548  1561 I art     : Explicit concurrent mark sweep GC freed 32(880B) AllocSpace objects, 0(0B) LOS objects, 37% free, 26MB/42MB, paused 860us total 27.673ms
08-05 14:09:41.957  1548  1560 I art     : Starting a blocking GC Explicit
08-05 14:09:41.990  1548  1560 I art     : Explicit concurrent mark sweep GC freed 1373(81KB) AllocSpace objects, 1(20KB) LOS objects, 37% free, 26MB/42MB, paused 938us total 32.586ms
08-05 14:09:42.002  1548  1560 I art     : Starting a blocking GC Explicit
08-05 14:09:42.029  1548  1560 I art     : Explicit concurrent mark sweep GC freed 23(752B) AllocSpace objects, 0(0B) LOS objects, 37% free, 26MB/42MB, paused 861us total 27.559ms
08-05 14:09:42.039  1548  1560 I art     : Starting a blocking GC Explicit
08-05 14:09:42.066  1548  1560 I art     : Explicit concurrent mark sweep GC freed 3(96B) AllocSpace objects, 0(0B) LOS objects, 37% free, 26MB/42MB, paused 1.003ms total 27.121ms
08-05 14:09:42.076  1548  1560 I art     : Starting a blocking GC Explicit
08-05 14:09:42.103  1548  1560 I art     : Explicit concurrent mark sweep GC freed 3(96B) AllocSpace objects, 0(0B) LOS objects, 37% free, 26MB/42MB, paused 837us total 26.915ms
08-05 14:09:42.112  1548  1560 I art     : Starting a blocking GC Explicit
08-05 14:09:42.140  1548  1560 I art     : Explicit concurrent mark sweep GC freed 3(96B) AllocSpace objects, 0(0B) LOS objects, 37% free, 26MB/42MB, paused 877us total 27.237ms
08-05 14:09:42.412  1548  2782 I art     : Starting a blocking GC Explicit
08-05 14:09:42.446  1548  2782 I art     : Explicit concurrent mark sweep GC freed 1372(82KB) AllocSpace objects, 1(20KB) LOS objects, 37% free, 26MB/42MB, paused 1.186ms total 33.680ms
08-05 14:09:42.459  1548  2782 I art     : Starting a blocking GC Explicit
08-05 14:09:42.486  1548  2782 I art     : Explicit concurrent mark sweep GC freed 23(752B) AllocSpace objects, 0(0B) LOS objects, 37% free, 26MB/42MB, paused 895us total 26.907ms
08-05 14:09:42.495  1548  2782 I art     : Starting a blocking GC Explicit
08-05 14:09:42.521  1548  2782 I art     : Explicit concurrent mark sweep GC freed 3(96B) AllocSpace objects, 0(0B) LOS objects, 37% free, 26MB/42MB, paused 861us total 25.805ms
08-05 14:09:42.530  1548  2782 I art     : Starting a blocking GC Explicit
08-05 14:09:42.556  1548  2782 I art     : Explicit concurrent mark sweep GC freed 3(96B) AllocSpace objects, 0(0B) LOS objects, 37% free, 26MB/42MB, paused 858us total 25.739ms
08-05 14:09:42.565  1548  2782 I art     : Starting a blocking GC Explicit
08-05 14:09:42.592  1548  2782 I art     : Explicit concurrent mark sweep GC freed 3(96B) AllocSpace objects, 0(0B) LOS objects, 37% free, 26MB/42MB, paused 836us total 26.465ms
08-05 14:09:42.707  3608  3608 D AndroidRuntime: >>>>>> START com.android.internal.os.RuntimeInit uid 2000 <<<<<<
08-05 14:09:42.712  3608  3608 D AndroidRuntime: CheckJNI is OFF
08-05 14:09:42.745  3608  3608 D ICU     : No timezone override file found: /data/misc/zoneinfo/current/icu/icu_tzdata.dat
08-05 14:09:42.754 28061 28061 I ServiceManager: Waiting for service AtCmdFwd...
08-05 14:09:42.777  3608  3608 I Radio-JNI: register_android_hardware_Radio DONE
08-05 14:09:42.798  3608  3608 D AndroidRuntime: Calling main entry com.android.commands.input.Input
08-05 14:09:42.800  3608  3608 I Input   : injectMotionEvent: MotionEvent { action=ACTION_DOWN, actionButton=0, id[0]=0, x[0]=567.0, y[0]=714.0, toolType[0]=TOOL_TYPE_UNKNOWN, buttonState=0, metaState=0, flags=0x0, edgeFlags=0x0, pointerCount=1, historySize=0, eventTime=799799213, downTime=799799213, deviceId=0, source=0x1002 }
08-05 14:09:42.805  3608  3608 I Input   : injectMotionEvent: MotionEvent { action=ACTION_UP, actionButton=0, id[0]=0, x[0]=567.0, y[0]=714.0, toolType[0]=TOOL_TYPE_UNKNOWN, buttonState=0, metaState=0, flags=0x0, edgeFlags=0x0, pointerCount=1, historySize=0, eventTime=799799213, downTime=799799213, deviceId=0, source=0x1002 }
08-05 14:09:42.808  3608  3608 D AndroidRuntime: Shutting down VM
08-05 14:09:42.820   512  2967 D audio_hw_primary: out_set_parameters: enter: usecase(1: low-latency-playback) kvpairs: routing=2
08-05 14:09:42.832   512  2967 D audio_hw_primary: select_devices: out_snd_device(2: speaker) in_snd_device(0: none)
08-05 14:09:42.833   512  2967 D msm8974_platform: platform_send_audio_calibration: sending audio calibration for snd_device(2) acdb_id(15)
08-05 14:09:42.833   512  2967 I soundtrigger: audio_extn_sound_trigger_update_device_status: device 0x2 of type 0 for Event 1
08-05 14:09:42.842   512  2967 D audio_hw_primary: enable_snd_device: snd_device(2: speaker)
08-05 14:09:42.844   512  2967 D audio_hw_primary: enable_audio_route: apply and update mixer path: low-latency-playback speaker
08-05 14:09:42.887  1548  1573 I art     : Starting a blocking GC Explicit
08-05 14:09:42.918  1548  1573 I art     : Explicit concurrent mark sweep GC freed 3590(168KB) AllocSpace objects, 1(20KB) LOS objects, 37% free, 27MB/43MB, paused 1.165ms total 30.822ms
08-05 14:09:42.927  1548  1573 I art     : Starting a blocking GC Explicit
08-05 14:09:42.953  1548  1573 I art     : Explicit concurrent mark sweep GC freed 1637(83KB) AllocSpace objects, 1(220KB) LOS objects, 37% free, 26MB/42MB, paused 883us total 25.250ms
08-05 14:09:42.961  1548  1573 I art     : Starting a blocking GC Explicit
08-05 14:09:42.987  1548  1573 I art     : Explicit concurrent mark sweep GC freed 19(704B) AllocSpace objects, 0(0B) LOS objects, 37% free, 26MB/42MB, paused 939us total 25.634ms
08-05 14:09:42.996  1548  1573 I art     : Starting a blocking GC Explicit
08-05 14:09:43.022  1548  1573 I art     : Explicit concurrent mark sweep GC freed 13(480B) AllocSpace objects, 0(0B) LOS objects, 37% free, 26MB/42MB, paused 1.019ms total 25.905ms
08-05 14:09:43.031  1548  1573 I art     : Starting a blocking GC Explicit
08-05 14:09:43.057  1548  1573 I art     : Explicit concurrent mark sweep GC freed 13(480B) AllocSpace objects, 0(0B) LOS objects, 37% free, 26MB/42MB, paused 897us total 25.143ms
08-05 14:09:43.076  1548  1568 I NAPPA_EXPERIMENTATION: MetricNetworkRequestExecutionTime: REQUEST_DURATION_SYSTEM='238',REQUEST_DURATION_OKHTTP='238',REQUEST_SYNCHRONOUS='TRUE',RESPONSE_CODE='400',RESPONSE_METHOD='GET',RESPONSE_LENGTH_OKHTTP='0',RESPONSE_LENGTH_HEADER='0',REQUEST_PROTOCOL='h2',REQUEST_URL='https://itunes.apple.com/en/rss/toppodcasts/limit=25/explicit=true/json',
08-05 14:09:43.226  1548  1568 I NAPPA_EXPERIMENTATION: MetricNetworkRequestExecutionTime: REQUEST_DURATION_SYSTEM='148',REQUEST_DURATION_OKHTTP='147',REQUEST_SYNCHRONOUS='TRUE',RESPONSE_CODE='200',RESPONSE_METHOD='GET',RESPONSE_LENGTH_OKHTTP='-1',RESPONSE_LENGTH_HEADER='10075',REQUEST_PROTOCOL='h2',REQUEST_URL='https://itunes.apple.com/us/rss/toppodcasts/limit=25/explicit=true/json',
08-05 14:09:43.283  1548  2310 D ApOkHttpUrlLoader: buildLoadData() called with: model = [https://is4-ssl.mzstatic.com/image/thumb/Podcasts114/v4/3f/16/74/3f167426-bf50-ce3a-d709-e4301620fc5b/mza_5832671293059882550.jpeg/170x170bb.png], width = [224], height = [224]
08-05 14:09:43.284  1548  2314 D DBReader: getImageAuthentication() called with: imageUrl = [https://is4-ssl.mzstatic.com/image/thumb/Podcasts114/v4/3f/16/74/3f167426-bf50-ce3a-d709-e4301620fc5b/mza_5832671293059882550.jpeg/170x170bb.png]
08-05 14:09:43.287  1548  2314 D ApOkHttpUrlLoader: no credentials for 'https://is4-ssl.mzstatic.com/image/thumb/Podcasts114/v4/3f/16/74/3f167426-bf50-ce3a-d709-e4301620fc5b/mza_5832671293059882550.jpeg/170x170bb.png'
08-05 14:09:43.290  1548  2313 D ApOkHttpUrlLoader: buildLoadData() called with: model = [https://is4-ssl.mzstatic.com/image/thumb/Podcasts113/v4/e5/8a/10/e58a108f-f5d0-f622-c94a-13f66edd570c/mza_3025981348644196724.jpg/170x170bb.png], width = [224], height = [224]
08-05 14:09:43.291  1548  2308 D DBReader: getImageAuthentication() called with: imageUrl = [https://is4-ssl.mzstatic.com/image/thumb/Podcasts113/v4/e5/8a/10/e58a108f-f5d0-f622-c94a-13f66edd570c/mza_3025981348644196724.jpg/170x170bb.png]
08-05 14:09:43.293  1548  2309 D ApOkHttpUrlLoader: buildLoadData() called with: model = [https://is2-ssl.mzstatic.com/image/thumb/Podcasts113/v4/a9/39/cc/a939ccc5-6d60-0c11-0a4c-16d71cdef89b/mza_8787577209688278658.jpg/170x170bb.png], width = [224], height = [224]
08-05 14:09:43.293  1548  2308 D ApOkHttpUrlLoader: no credentials for 'https://is4-ssl.mzstatic.com/image/thumb/Podcasts113/v4/e5/8a/10/e58a108f-f5d0-f622-c94a-13f66edd570c/mza_3025981348644196724.jpg/170x170bb.png'
08-05 14:09:43.294  1548  2317 D DBReader: getImageAuthentication() called with: imageUrl = [https://is2-ssl.mzstatic.com/image/thumb/Podcasts113/v4/a9/39/cc/a939ccc5-6d60-0c11-0a4c-16d71cdef89b/mza_8787577209688278658.jpg/170x170bb.png]
08-05 14:09:43.295  1548  2307 D ApOkHttpUrlLoader: buildLoadData() called with: model = [https://is5-ssl.mzstatic.com/image/thumb/Podcasts114/v4/93/cf/99/93cf9960-fff3-205e-6655-72c03ddeccb2/mza_10545582232493904175.jpeg/170x170bb.png], width = [224], height = [224]
08-05 14:09:43.297  1548  2317 D ApOkHttpUrlLoader: no credentials for 'https://is2-ssl.mzstatic.com/image/thumb/Podcasts113/v4/a9/39/cc/a939ccc5-6d60-0c11-0a4c-16d71cdef89b/mza_8787577209688278658.jpg/170x170bb.png'
08-05 14:09:43.297  1548  2316 D DBReader: getImageAuthentication() called with: imageUrl = [https://is5-ssl.mzstatic.com/image/thumb/Podcasts114/v4/93/cf/99/93cf9960-fff3-205e-6655-72c03ddeccb2/mza_10545582232493904175.jpeg/170x170bb.png]
08-05 14:09:43.298  1548  2310 D ApOkHttpUrlLoader: buildLoadData() called with: model = [https://is4-ssl.mzstatic.com/image/thumb/Podcasts124/v4/49/a4/91/49a491b7-3daf-c5dc-d7c6-6c4f1486955c/mza_5930014091766152297.png/170x170bb.png], width = [224], height = [224]
08-05 14:09:43.299  1548  2312 D DBReader: getImageAuthentication() called with: imageUrl = [https://is4-ssl.mzstatic.com/image/thumb/Podcasts124/v4/49/a4/91/49a491b7-3daf-c5dc-d7c6-6c4f1486955c/mza_5930014091766152297.png/170x170bb.png]
08-05 14:09:43.301  1548  2313 D ApOkHttpUrlLoader: buildLoadData() called with: model = [https://is5-ssl.mzstatic.com/image/thumb/Podcasts113/v4/fd/54/6e/fd546ea0-7ab2-e3f0-6049-884d82917af9/mza_4855349695799758348.jpeg/170x170bb.png], width = [224], height = [224]
08-05 14:09:43.302  1548  2316 D ApOkHttpUrlLoader: no credentials for 'https://is5-ssl.mzstatic.com/image/thumb/Podcasts114/v4/93/cf/99/93cf9960-fff3-205e-6655-72c03ddeccb2/mza_10545582232493904175.jpeg/170x170bb.png'
08-05 14:09:43.302  1548  2315 D DBReader: getImageAuthentication() called with: imageUrl = [https://is5-ssl.mzstatic.com/image/thumb/Podcasts113/v4/fd/54/6e/fd546ea0-7ab2-e3f0-6049-884d82917af9/mza_4855349695799758348.jpeg/170x170bb.png]
08-05 14:09:43.304  1548  2309 D ApOkHttpUrlLoader: buildLoadData() called with: model = [https://is2-ssl.mzstatic.com/image/thumb/Podcasts114/v4/b3/4c/cf/b34ccfc2-cea4-1ca1-0fad-7793af301cc5/mza_2466085192629456364.jpg/170x170bb.png], width = [224], height = [224]
08-05 14:09:43.304  1548  2312 D ApOkHttpUrlLoader: no credentials for 'https://is4-ssl.mzstatic.com/image/thumb/Podcasts124/v4/49/a4/91/49a491b7-3daf-c5dc-d7c6-6c4f1486955c/mza_5930014091766152297.png/170x170bb.png'
08-05 14:09:43.305  1548  2311 D DBReader: getImageAuthentication() called with: imageUrl = [https://is2-ssl.mzstatic.com/image/thumb/Podcasts114/v4/b3/4c/cf/b34ccfc2-cea4-1ca1-0fad-7793af301cc5/mza_2466085192629456364.jpg/170x170bb.png]
08-05 14:09:43.307  1548  2315 D ApOkHttpUrlLoader: no credentials for 'https://is5-ssl.mzstatic.com/image/thumb/Podcasts113/v4/fd/54/6e/fd546ea0-7ab2-e3f0-6049-884d82917af9/mza_4855349695799758348.jpeg/170x170bb.png'
08-05 14:09:43.312  1548  2311 D ApOkHttpUrlLoader: no credentials for 'https://is2-ssl.mzstatic.com/image/thumb/Podcasts114/v4/b3/4c/cf/b34ccfc2-cea4-1ca1-0fad-7793af301cc5/mza_2466085192629456364.jpg/170x170bb.png'
08-05 14:09:43.313  1548  1573 I art     : Starting a blocking GC Explicit
08-05 14:09:43.340  1548  1573 I art     : Explicit concurrent mark sweep GC freed 12675(747KB) AllocSpace objects, 5(372KB) LOS objects, 37% free, 26MB/42MB, paused 1.047ms total 27.146ms
08-05 14:09:43.349  1548  1573 I art     : Starting a blocking GC Explicit
08-05 14:09:43.375  1548  1573 I art     : Explicit concurrent mark sweep GC freed 516(28KB) AllocSpace objects, 0(0B) LOS objects, 37% free, 26MB/42MB, paused 1.101ms total 25.774ms
08-05 14:09:43.384  1548  1573 I art     : Starting a blocking GC Explicit
08-05 14:09:43.388   512  2967 D audio_hw_primary: disable_audio_route: reset and update mixer path: low-latency-playback speaker
08-05 14:09:43.389   512  2967 D audio_hw_primary: disable_snd_device: snd_device(2: speaker)
08-05 14:09:43.397   512  2967 I soundtrigger: audio_extn_sound_trigger_update_device_status: device 0x2 of type 0 for Event 0
08-05 14:09:43.411  1548  1573 I art     : Explicit concurrent mark sweep GC freed 15(736B) AllocSpace objects, 0(0B) LOS objects, 37% free, 26MB/42MB, paused 1.079ms total 26.989ms
08-05 14:09:43.420  1548  1573 I art     : Starting a blocking GC Explicit
08-05 14:09:43.448  1548  1573 I art     : Explicit concurrent mark sweep GC freed 3(96B) AllocSpace objects, 0(0B) LOS objects, 37% free, 26MB/42MB, paused 1.049ms total 27.772ms
08-05 14:09:43.457  1548  1573 I art     : Starting a blocking GC Explicit
08-05 14:09:43.488  1548  1573 I art     : Explicit concurrent mark sweep GC freed 19308(821KB) AllocSpace objects, 0(0B) LOS objects, 37% free, 27MB/43MB, paused 1.335ms total 30.269ms
08-05 14:09:43.733  1548  2316 D MYTAG   : interceptor 2a
08-05 14:09:43.733  1548  2316 I NAPPA_EXPERIMENTATION: MetricNetworkRequestExecutionTime: REQUEST_DURATION_SYSTEM='431',REQUEST_DURATION_OKHTTP='234',REQUEST_SYNCHRONOUS='TRUE',RESPONSE_CODE='200',RESPONSE_METHOD='GET',RESPONSE_LENGTH_OKHTTP='22351',RESPONSE_LENGTH_HEADER='22351',REQUEST_PROTOCOL='h2',REQUEST_URL='https://is5-ssl.mzstatic.com/image/thumb/Podcasts114/v4/93/cf/99/93cf9960-fff3-205e-6655-72c03ddeccb2/mza_10545582232493904175.jpeg/170x170bb.png',
08-05 14:09:43.755 28061 28061 I ServiceManager: Waiting for service AtCmdFwd...
08-05 14:09:43.759  1548  2317 D MYTAG   : interceptor 2a
08-05 14:09:43.759  1548  2317 I NAPPA_EXPERIMENTATION: MetricNetworkRequestExecutionTime: REQUEST_DURATION_SYSTEM='462',REQUEST_DURATION_OKHTTP='245',REQUEST_SYNCHRONOUS='TRUE',RESPONSE_CODE='200',RESPONSE_METHOD='GET',RESPONSE_LENGTH_OKHTTP='48239',RESPONSE_LENGTH_HEADER='48239',REQUEST_PROTOCOL='h2',REQUEST_URL='https://is2-ssl.mzstatic.com/image/thumb/Podcasts113/v4/a9/39/cc/a939ccc5-6d60-0c11-0a4c-16d71cdef89b/mza_8787577209688278658.jpg/170x170bb.png',
08-05 14:09:43.773  1548  1561 I art     : Starting a blocking GC Explicit
08-05 14:09:43.781  1548  2315 D MYTAG   : interceptor 2a
08-05 14:09:43.781  1548  2315 I NAPPA_EXPERIMENTATION: MetricNetworkRequestExecutionTime: REQUEST_DURATION_SYSTEM='474',REQUEST_DURATION_OKHTTP='266',REQUEST_SYNCHRONOUS='TRUE',RESPONSE_CODE='200',RESPONSE_METHOD='GET',RESPONSE_LENGTH_OKHTTP='54835',RESPONSE_LENGTH_HEADER='54835',REQUEST_PROTOCOL='h2',REQUEST_URL='https://is5-ssl.mzstatic.com/image/thumb/Podcasts113/v4/fd/54/6e/fd546ea0-7ab2-e3f0-6049-884d82917af9/mza_4855349695799758348.jpeg/170x170bb.png',
08-05 14:09:43.797  1548  2308 D MYTAG   : interceptor 2a
08-05 14:09:43.798  1548  2308 I NAPPA_EXPERIMENTATION: MetricNetworkRequestExecutionTime: REQUEST_DURATION_SYSTEM='504',REQUEST_DURATION_OKHTTP='288',REQUEST_SYNCHRONOUS='TRUE',RESPONSE_CODE='200',RESPONSE_METHOD='GET',RESPONSE_LENGTH_OKHTTP='45995',RESPONSE_LENGTH_HEADER='45995',REQUEST_PROTOCOL='h2',REQUEST_URL='https://is4-ssl.mzstatic.com/image/thumb/Podcasts113/v4/e5/8a/10/e58a108f-f5d0-f622-c94a-13f66edd570c/mza_3025981348644196724.jpg/170x170bb.png',
08-05 14:09:43.808  1548  1561 I art     : Explicit concurrent mark sweep GC freed 9495(600KB) AllocSpace objects, 1(20KB) LOS objects, 36% free, 27MB/43MB, paused 1.796ms total 34.149ms
08-05 14:09:43.812  1548  2314 D MYTAG   : interceptor 2a
08-05 14:09:43.812  1548  2311 D MYTAG   : interceptor 2a
08-05 14:09:43.812  1548  2314 I NAPPA_EXPERIMENTATION: MetricNetworkRequestExecutionTime: REQUEST_DURATION_SYSTEM='525',REQUEST_DURATION_OKHTTP='304',REQUEST_SYNCHRONOUS='TRUE',RESPONSE_CODE='200',RESPONSE_METHOD='GET',RESPONSE_LENGTH_OKHTTP='26177',RESPONSE_LENGTH_HEADER='26177',REQUEST_PROTOCOL='h2',REQUEST_URL='https://is4-ssl.mzstatic.com/image/thumb/Podcasts114/v4/3f/16/74/3f167426-bf50-ce3a-d709-e4301620fc5b/mza_5832671293059882550.jpeg/170x170bb.png',
08-05 14:09:43.812  1548  2311 I NAPPA_EXPERIMENTATION: MetricNetworkRequestExecutionTime: REQUEST_DURATION_SYSTEM='500',REQUEST_DURATION_OKHTTP='290',REQUEST_SYNCHRONOUS='TRUE',RESPONSE_CODE='200',RESPONSE_METHOD='GET',RESPONSE_LENGTH_OKHTTP='42299',RESPONSE_LENGTH_HEADER='42299',REQUEST_PROTOCOL='h2',REQUEST_URL='https://is2-ssl.mzstatic.com/image/thumb/Podcasts114/v4/b3/4c/cf/b34ccfc2-cea4-1ca1-0fad-7793af301cc5/mza_2466085192629456364.jpg/170x170bb.png',
08-05 14:09:43.817  1548  1561 I art     : Starting a blocking GC Explicit
08-05 14:09:43.825  1548  2312 D MYTAG   : interceptor 2a
08-05 14:09:43.825  1548  2312 I NAPPA_EXPERIMENTATION: MetricNetworkRequestExecutionTime: REQUEST_DURATION_SYSTEM='521',REQUEST_DURATION_OKHTTP='313',REQUEST_SYNCHRONOUS='TRUE',RESPONSE_CODE='200',RESPONSE_METHOD='GET',RESPONSE_LENGTH_OKHTTP='12000',RESPONSE_LENGTH_HEADER='12000',REQUEST_PROTOCOL='h2',REQUEST_URL='https://is4-ssl.mzstatic.com/image/thumb/Podcasts124/v4/49/a4/91/49a491b7-3daf-c5dc-d7c6-6c4f1486955c/mza_5930014091766152297.png/170x170bb.png',
08-05 14:09:43.843  1548  1561 I art     : Explicit concurrent mark sweep GC freed 1804(100KB) AllocSpace objects, 0(0B) LOS objects, 36% free, 28MB/44MB, paused 1.010ms total 26.419ms
08-05 14:09:43.852  1548  1561 I art     : Starting a blocking GC Explicit
08-05 14:09:43.876  1548  1561 I art     : Explicit concurrent mark sweep GC freed 661(25KB) AllocSpace objects, 0(0B) LOS objects, 36% free, 28MB/44MB, paused 894us total 24.073ms
08-05 14:09:43.885  1548  1561 I art     : Starting a blocking GC Explicit
08-05 14:09:43.908  1548  1561 I art     : Explicit concurrent mark sweep GC freed 24(1408B) AllocSpace objects, 0(0B) LOS objects, 36% free, 28MB/44MB, paused 865us total 23.547ms
08-05 14:09:43.917  1548  1561 I art     : Starting a blocking GC Explicit
08-05 14:09:43.943  1548  1561 I art     : Explicit concurrent mark sweep GC freed 5(240B) AllocSpace objects, 0(0B) LOS objects, 36% free, 28MB/44MB, paused 945us total 26.366ms
08-05 14:09:44.227  1548  1573 I art     : Starting a blocking GC Explicit
08-05 14:09:44.265  1548  1573 I art     : Explicit concurrent mark sweep GC freed 1372(80KB) AllocSpace objects, 1(20KB) LOS objects, 36% free, 28MB/44MB, paused 960us total 37.543ms
08-05 14:09:44.279  1548  1573 I art     : Starting a blocking GC Explicit
08-05 14:09:44.307  1548  1573 I art     : Explicit concurrent mark sweep GC freed 23(752B) AllocSpace objects, 0(0B) LOS objects, 36% free, 28MB/44MB, paused 1.026ms total 28.148ms
08-05 14:09:44.316  1548  1573 I art     : Starting a blocking GC Explicit
08-05 14:09:44.345  1548  1573 I art     : Explicit concurrent mark sweep GC freed 3(96B) AllocSpace objects, 0(0B) LOS objects, 36% free, 28MB/44MB, paused 938us total 27.906ms
08-05 14:09:44.354  1548  1573 I art     : Starting a blocking GC Explicit
08-05 14:09:44.382  1548  1573 I art     : Explicit concurrent mark sweep GC freed 3(96B) AllocSpace objects, 0(0B) LOS objects, 36% free, 28MB/44MB, paused 909us total 27.946ms
08-05 14:09:44.392  1548  1573 I art     : Starting a blocking GC Explicit
08-05 14:09:44.420  1548  1573 I art     : Explicit concurrent mark sweep GC freed 3(96B) AllocSpace objects, 0(0B) LOS objects, 36% free, 28MB/44MB, paused 947us total 28.026ms
08-05 14:09:44.748  1548  1560 I art     : Starting a blocking GC Explicit
08-05 14:09:44.755 28061 28061 I ServiceManager: Waiting for service AtCmdFwd...
08-05 14:09:44.776  1548  1560 I art     : Explicit concurrent mark sweep GC freed 1424(84KB) AllocSpace objects, 1(20KB) LOS objects, 36% free, 28MB/44MB, paused 875us total 28.270ms
08-05 14:09:44.786  1548  1560 I art     : Starting a blocking GC Explicit
08-05 14:09:44.814  1548  1560 I art     : Explicit concurrent mark sweep GC freed 40(1632B) AllocSpace objects, 0(0B) LOS objects, 36% free, 28MB/44MB, paused 915us total 27.653ms
08-05 14:09:44.823  1548  1560 I art     : Starting a blocking GC Explicit
08-05 14:09:44.851  1548  1560 I art     : Explicit concurrent mark sweep GC freed 3(96B) AllocSpace objects, 0(0B) LOS objects, 36% free, 28MB/44MB, paused 916us total 28.020ms
08-05 14:09:44.861  1548  1560 I art     : Starting a blocking GC Explicit
08-05 14:09:44.889  1548  1560 I art     : Explicit concurrent mark sweep GC freed 4(128B) AllocSpace objects, 0(0B) LOS objects, 36% free, 28MB/44MB, paused 905us total 27.844ms
08-05 14:09:44.889  1548  1559 I art     : WaitForGcToComplete blocked for 12.832ms for cause HeapTrim
08-05 14:09:44.899  1548  1560 I art     : Starting a blocking GC Explicit
08-05 14:09:44.930  1548  1560 I art     : Explicit concurrent mark sweep GC freed 7(224B) AllocSpace objects, 0(0B) LOS objects, 36% free, 28MB/44MB, paused 1.090ms total 30.722ms
08-05 14:09:45.238  1548  1560 I art     : Starting a blocking GC Explicit
08-05 14:09:45.268  1548  1560 I art     : Explicit concurrent mark sweep GC freed 1399(83KB) AllocSpace objects, 1(20KB) LOS objects, 36% free, 28MB/44MB, paused 1.023ms total 29.705ms
08-05 14:09:45.278  1548  1560 I art     : Starting a blocking GC Explicit
08-05 14:09:45.305  1548  1560 I art     : Explicit concurrent mark sweep GC freed 23(752B) AllocSpace objects, 0(0B) LOS objects, 36% free, 28MB/44MB, paused 883us total 27.076ms
08-05 14:09:45.314  1548  1560 I art     : Starting a blocking GC Explicit
08-05 14:09:45.342  1548  1560 I art     : Explicit concurrent mark sweep GC freed 3(96B) AllocSpace objects, 0(0B) LOS objects, 36% free, 28MB/44MB, paused 910us total 27.646ms
08-05 14:09:45.352  1548  1560 I art     : Starting a blocking GC Explicit
08-05 14:09:45.380  1548  1560 I art     : Explicit concurrent mark sweep GC freed 3(96B) AllocSpace objects, 0(0B) LOS objects, 36% free, 28MB/44MB, paused 917us total 27.674ms
08-05 14:09:45.389  1548  1560 I art     : Starting a blocking GC Explicit
08-05 14:09:45.417  1548  1560 I art     : Explicit concurrent mark sweep GC freed 3(96B) AllocSpace objects, 0(0B) LOS objects, 36% free, 28MB/44MB, paused 888us total 27.410ms
08-05 14:09:45.741  1548  1573 I art     : Starting a blocking GC Explicit
08-05 14:09:45.756 28061 28061 I ServiceManager: Waiting for service AtCmdFwd...
08-05 14:09:45.779  1548  1573 I art     : Explicit concurrent mark sweep GC freed 1402(82KB) AllocSpace objects, 1(20KB) LOS objects, 36% free, 28MB/44MB, paused 1.254ms total 37.275ms
08-05 14:09:45.791  1548  1573 I art     : Starting a blocking GC Explicit
08-05 14:09:45.819  1548  1573 I art     : Explicit concurrent mark sweep GC freed 23(752B) AllocSpace objects, 0(0B) LOS objects, 36% free, 28MB/44MB, paused 924us total 27.809ms
08-05 14:09:45.829  1548  1573 I art     : Starting a blocking GC Explicit
08-05 14:09:45.858  1548  1573 I art     : Explicit concurrent mark sweep GC freed 3(96B) AllocSpace objects, 0(0B) LOS objects, 36% free, 28MB/44MB, paused 1.023ms total 28.145ms
08-05 14:09:45.867  1548  1573 I art     : Starting a blocking GC Explicit
08-05 14:09:45.896  1548  1573 I art     : Explicit concurrent mark sweep GC freed 3(96B) AllocSpace objects, 0(0B) LOS objects, 36% free, 28MB/44MB, paused 932us total 28.337ms
08-05 14:09:45.905  1548  1573 I art     : Starting a blocking GC Explicit
08-05 14:09:45.933  1548  1573 I art     : Explicit concurrent mark sweep GC freed 3(96B) AllocSpace objects, 0(0B) LOS objects, 36% free, 28MB/44MB, paused 1.048ms total 27.972ms
08-05 14:09:46.263  1548  2782 I art     : Starting a blocking GC Explicit
08-05 14:09:46.305  1548  2782 I art     : Explicit concurrent mark sweep GC freed 1374(82KB) AllocSpace objects, 1(20KB) LOS objects, 36% free, 28MB/44MB, paused 1.040ms total 41.801ms
08-05 14:09:46.320  1548  2782 I art     : Starting a blocking GC Explicit
08-05 14:09:46.349  1548  2782 I art     : Explicit concurrent mark sweep GC freed 23(752B) AllocSpace objects, 0(0B) LOS objects, 36% free, 28MB/44MB, paused 951us total 28.779ms
08-05 14:09:46.358  1548  2782 I art     : Starting a blocking GC Explicit
08-05 14:09:46.387  1548  2782 I art     : Explicit concurrent mark sweep GC freed 3(96B) AllocSpace objects, 0(0B) LOS objects, 36% free, 28MB/44MB, paused 915us total 28.030ms
08-05 14:09:46.396  1548  2782 I art     : Starting a blocking GC Explicit
08-05 14:09:46.424  1548  2782 I art     : Explicit concurrent mark sweep GC freed 3(96B) AllocSpace objects, 0(0B) LOS objects, 36% free, 28MB/44MB, paused 882us total 27.736ms
08-05 14:09:46.433  1548  2782 I art     : Starting a blocking GC Explicit
08-05 14:09:46.460  1548  2782 I art     : Explicit concurrent mark sweep GC freed 3(96B) AllocSpace objects, 0(0B) LOS objects, 36% free, 28MB/44MB, paused 907us total 26.759ms
08-05 14:09:46.757 28061 28061 I ServiceManager: Waiting for service AtCmdFwd...
08-05 14:09:46.808  1548  1561 I art     : Starting a blocking GC Explicit
08-05 14:09:46.839  1548  1561 I art     : Explicit concurrent mark sweep GC freed 1402(82KB) AllocSpace objects, 1(20KB) LOS objects, 36% free, 28MB/44MB, paused 1.053ms total 31.256ms
08-05 14:09:46.849  1548  1561 I art     : Starting a blocking GC Explicit
08-05 14:09:46.877  1548  1561 I art     : Explicit concurrent mark sweep GC freed 23(752B) AllocSpace objects, 0(0B) LOS objects, 36% free, 28MB/44MB, paused 1.013ms total 28.301ms
08-05 14:09:46.887  1548  1561 I art     : Starting a blocking GC Explicit
08-05 14:09:46.916  1548  1561 I art     : Explicit concurrent mark sweep GC freed 3(96B) AllocSpace objects, 0(0B) LOS objects, 36% free, 28MB/44MB, paused 928us total 28.538ms
08-05 14:09:46.925  1548  1561 I art     : Starting a blocking GC Explicit
08-05 14:09:46.953  1548  1561 I art     : Explicit concurrent mark sweep GC freed 3(96B) AllocSpace objects, 0(0B) LOS objects, 36% free, 28MB/44MB, paused 886us total 27.715ms
08-05 14:09:46.963  1548  1561 I art     : Starting a blocking GC Explicit
08-05 14:09:46.991  1548  1561 I art     : Explicit concurrent mark sweep GC freed 3(96B) AllocSpace objects, 0(0B) LOS objects, 36% free, 28MB/44MB, paused 912us total 27.363ms
08-05 14:09:47.321  1548  1560 I art     : Starting a blocking GC Explicit
08-05 14:09:47.361  1548  1560 I art     : Explicit concurrent mark sweep GC freed 1372(80KB) AllocSpace objects, 1(20KB) LOS objects, 36% free, 28MB/44MB, paused 995us total 38.667ms
08-05 14:09:47.373  1548  1560 I art     : Starting a blocking GC Explicit
08-05 14:09:47.402  1548  1560 I art     : Explicit concurrent mark sweep GC freed 23(752B) AllocSpace objects, 0(0B) LOS objects, 36% free, 28MB/44MB, paused 921us total 28.735ms
08-05 14:09:47.411  1548  1560 I art     : Starting a blocking GC Explicit
08-05 14:09:47.428   518   646 I ThermalEngine: ACTION: GPU - Setting GPU[0] to 600000000
08-05 14:09:47.439  1548  1560 I art     : Explicit concurrent mark sweep GC freed 3(96B) AllocSpace objects, 0(0B) LOS objects, 36% free, 28MB/44MB, paused 944us total 27.504ms
08-05 14:09:47.449  1548  1560 I art     : Starting a blocking GC Explicit
08-05 14:09:47.476  1548  1560 I art     : Explicit concurrent mark sweep GC freed 3(96B) AllocSpace objects, 0(0B) LOS objects, 36% free, 28MB/44MB, paused 806us total 27.314ms
08-05 14:09:47.485  1548  1560 I art     : Starting a blocking GC Explicit
08-05 14:09:47.508  1548  1560 I art     : Explicit concurrent mark sweep GC freed 3(96B) AllocSpace objects, 0(0B) LOS objects, 36% free, 28MB/44MB, paused 731us total 23.155ms
08-05 14:09:47.757 28061 28061 W Atfwd_Sendcmd: AtCmdFwd service not published, waiting... retryCnt : 3
08-05 14:09:47.824  1548  1573 I art     : Starting a blocking GC Explicit
08-05 14:09:47.855  1548  1573 I art     : Explicit concurrent mark sweep GC freed 1401(81KB) AllocSpace objects, 1(20KB) LOS objects, 36% free, 28MB/44MB, paused 773us total 30.994ms
08-05 14:09:47.866  1548  1573 I art     : Starting a blocking GC Explicit
08-05 14:09:47.889  1548  1573 I art     : Explicit concurrent mark sweep GC freed 23(752B) AllocSpace objects, 0(0B) LOS objects, 36% free, 28MB/44MB, paused 696us total 23.315ms
08-05 14:09:47.897  1548  1573 I art     : Starting a blocking GC Explicit
08-05 14:09:47.919  1548  1573 I art     : Explicit concurrent mark sweep GC freed 3(96B) AllocSpace objects, 0(0B) LOS objects, 36% free, 28MB/44MB, paused 645us total 22.324ms
08-05 14:09:47.927  1548  1573 I art     : Starting a blocking GC Explicit
08-05 14:09:47.950  1548  1573 I art     : Explicit concurrent mark sweep GC freed 3(96B) AllocSpace objects, 0(0B) LOS objects, 36% free, 28MB/44MB, paused 708us total 22.439ms
08-05 14:09:47.957  1548  1573 I art     : Starting a blocking GC Explicit
08-05 14:09:47.979  1548  1573 I art     : Explicit concurrent mark sweep GC freed 3(96B) AllocSpace objects, 0(0B) LOS objects, 36% free, 28MB/44MB, paused 680us total 21.845ms
08-05 14:09:48.294  1548  2782 I art     : Starting a blocking GC Explicit
08-05 14:09:48.327  1548  2782 I art     : Explicit concurrent mark sweep GC freed 1372(80KB) AllocSpace objects, 1(20KB) LOS objects, 36% free, 28MB/44MB, paused 765us total 32.084ms
08-05 14:09:48.339  1548  2782 I art     : Starting a blocking GC Explicit
08-05 14:09:48.362  1548  2782 I art     : Explicit concurrent mark sweep GC freed 23(752B) AllocSpace objects, 0(0B) LOS objects, 36% free, 28MB/44MB, paused 692us total 22.971ms
08-05 14:09:48.370  1548  2782 I art     : Starting a blocking GC Explicit
08-05 14:09:48.392  1548  2782 I art     : Explicit concurrent mark sweep GC freed 3(96B) AllocSpace objects, 0(0B) LOS objects, 36% free, 28MB/44MB, paused 692us total 22.351ms
08-05 14:09:48.400  1548  2782 I art     : Starting a blocking GC Explicit
08-05 14:09:48.423  1548  2782 I art     : Explicit concurrent mark sweep GC freed 3(96B) AllocSpace objects, 0(0B) LOS objects, 36% free, 28MB/44MB, paused 650us total 22.704ms
08-05 14:09:48.430  1548  2782 I art     : Starting a blocking GC Explicit
08-05 14:09:48.452  1548  2782 I art     : Explicit concurrent mark sweep GC freed 3(96B) AllocSpace objects, 0(0B) LOS objects, 36% free, 28MB/44MB, paused 685us total 21.561ms
08-05 14:09:48.766  1548  1561 I art     : Starting a blocking GC Explicit
08-05 14:09:48.803  1548  1561 I art     : Explicit concurrent mark sweep GC freed 1401(81KB) AllocSpace objects, 1(20KB) LOS objects, 36% free, 28MB/44MB, paused 688us total 36.514ms
08-05 14:09:48.810  1548  1561 I art     : Starting a blocking GC Explicit
08-05 14:09:48.834  1548  1561 I art     : Explicit concurrent mark sweep GC freed 23(752B) AllocSpace objects, 0(0B) LOS objects, 36% free, 28MB/44MB, paused 670us total 22.933ms
08-05 14:09:48.841  1548  1561 I art     : Starting a blocking GC Explicit
08-05 14:09:48.864  1548  1561 I art     : Explicit concurrent mark sweep GC freed 3(96B) AllocSpace objects, 0(0B) LOS objects, 36% free, 28MB/44MB, paused 691us total 22.642ms
08-05 14:09:48.871  1548  1561 I art     : Starting a blocking GC Explicit
08-05 14:09:48.894  1548  1561 I art     : Explicit concurrent mark sweep GC freed 3(96B) AllocSpace objects, 0(0B) LOS objects, 36% free, 28MB/44MB, paused 673us total 22.445ms
08-05 14:09:48.901  1548  1561 I art     : Starting a blocking GC Explicit
08-05 14:09:48.923  1548  1561 I art     : Explicit concurrent mark sweep GC freed 3(96B) AllocSpace objects, 0(0B) LOS objects, 36% free, 28MB/44MB, paused 645us total 21.438ms
08-05 14:09:49.195  1548  1560 I art     : Starting a blocking GC Explicit
08-05 14:09:49.219  1548  1560 I art     : Explicit concurrent mark sweep GC freed 1372(80KB) AllocSpace objects, 1(20KB) LOS objects, 36% free, 28MB/44MB, paused 698us total 23.700ms
08-05 14:09:49.227  1548  1560 I art     : Starting a blocking GC Explicit
08-05 14:09:49.249  1548  1560 I art     : Explicit concurrent mark sweep GC freed 23(752B) AllocSpace objects, 0(0B) LOS objects, 36% free, 28MB/44MB, paused 808us total 21.958ms
08-05 14:09:49.256  1548  1560 I art     : Starting a blocking GC Explicit
08-05 14:09:49.278  1548  1560 I art     : Explicit concurrent mark sweep GC freed 3(96B) AllocSpace objects, 0(0B) LOS objects, 36% free, 28MB/44MB, paused 672us total 21.323ms
08-05 14:09:49.285  1548  1560 I art     : Starting a blocking GC Explicit
08-05 14:09:49.306  1548  1560 I art     : Explicit concurrent mark sweep GC freed 3(96B) AllocSpace objects, 0(0B) LOS objects, 36% free, 28MB/44MB, paused 670us total 20.740ms
08-05 14:09:49.313  1548  1560 I art     : Starting a blocking GC Explicit
08-05 14:09:49.334  1548  1560 I art     : Explicit concurrent mark sweep GC freed 3(96B) AllocSpace objects, 0(0B) LOS objects, 36% free, 28MB/44MB, paused 651us total 21.176ms
08-05 14:09:49.419  3803  3803 D AndroidRuntime: >>>>>> START com.android.internal.os.RuntimeInit uid 2000 <<<<<<
08-05 14:09:49.425  3803  3803 D AndroidRuntime: CheckJNI is OFF
08-05 14:09:49.452  3803  3803 D ICU     : No timezone override file found: /data/misc/zoneinfo/current/icu/icu_tzdata.dat
08-05 14:09:49.478  3803  3803 I Radio-JNI: register_android_hardware_Radio DONE
08-05 14:09:49.493  3803  3803 D AndroidRuntime: Calling main entry com.android.commands.input.Input
08-05 14:09:49.495  3803  3803 I Input   : injectMotionEvent: MotionEvent { action=ACTION_DOWN, actionButton=0, id[0]=0, x[0]=616.0, y[0]=469.0, toolType[0]=TOOL_TYPE_UNKNOWN, buttonState=0, metaState=0, flags=0x0, edgeFlags=0x0, pointerCount=1, historySize=0, eventTime=799805908, downTime=799805908, deviceId=0, source=0x1002 }
08-05 14:09:49.501  3803  3803 I Input   : injectMotionEvent: MotionEvent { action=ACTION_UP, actionButton=0, id[0]=0, x[0]=616.0, y[0]=469.0, toolType[0]=TOOL_TYPE_UNKNOWN, buttonState=0, metaState=0, flags=0x0, edgeFlags=0x0, pointerCount=1, historySize=0, eventTime=799805908, downTime=799805908, deviceId=0, source=0x1002 }
08-05 14:09:49.503  3803  3803 D AndroidRuntime: Shutting down VM
08-05 14:09:49.569   512  2967 D audio_hw_primary: out_set_parameters: enter: usecase(1: low-latency-playback) kvpairs: routing=2
08-05 14:09:49.582   512  2967 D audio_hw_primary: select_devices: out_snd_device(2: speaker) in_snd_device(0: none)
08-05 14:09:49.582   512  2967 D msm8974_platform: platform_send_audio_calibration: sending audio calibration for snd_device(2) acdb_id(15)
08-05 14:09:49.582   512  2967 I soundtrigger: audio_extn_sound_trigger_update_device_status: device 0x2 of type 0 for Event 1
08-05 14:09:49.592   512  2967 D audio_hw_primary: enable_snd_device: snd_device(2: speaker)
08-05 14:09:49.595   512  2967 D audio_hw_primary: enable_audio_route: apply and update mixer path: low-latency-playback speaker
08-05 14:09:49.598  1548  2782 I art     : Starting a blocking GC Explicit
08-05 14:09:49.624  1548  2782 I art     : Explicit concurrent mark sweep GC freed 1599(89KB) AllocSpace objects, 1(20KB) LOS objects, 36% free, 28MB/44MB, paused 1ms total 25.985ms
08-05 14:09:49.633  1548  2782 I art     : Starting a blocking GC Explicit
08-05 14:09:49.654  1548  2782 I art     : Explicit concurrent mark sweep GC freed 69(2176B) AllocSpace objects, 0(0B) LOS objects, 36% free, 28MB/44MB, paused 731us total 21.539ms
08-05 14:09:49.661  1548  2782 I art     : Starting a blocking GC Explicit
08-05 14:09:49.683  1548  2782 I art     : Explicit concurrent mark sweep GC freed 11(416B) AllocSpace objects, 0(0B) LOS objects, 36% free, 28MB/44MB, paused 769us total 21.188ms
08-05 14:09:49.690  1548  2782 I art     : Starting a blocking GC Explicit
08-05 14:09:49.711  1548  2782 I art     : Explicit concurrent mark sweep GC freed 86(5KB) AllocSpace objects, 0(0B) LOS objects, 36% free, 28MB/44MB, paused 796us total 20.661ms
08-05 14:09:49.718  1548  2782 I art     : Starting a blocking GC Explicit
08-05 14:09:49.739  1548  2782 I art     : Explicit concurrent mark sweep GC freed 16(656B) AllocSpace objects, 0(0B) LOS objects, 36% free, 28MB/44MB, paused 733us total 21.099ms
08-05 14:09:49.963  1548  2084 I NAPPA_EXPERIMENTATION: MetricNetworkRequestExecutionTime: REQUEST_DURATION_SYSTEM='395',REQUEST_DURATION_OKHTTP='154',REQUEST_SYNCHRONOUS='TRUE',RESPONSE_CODE='200',RESPONSE_METHOD='GET',RESPONSE_LENGTH_OKHTTP='-1',RESPONSE_LENGTH_HEADER='628',REQUEST_PROTOCOL='h2',REQUEST_URL='https://itunes.apple.com/lookup?id=1524080195',
08-05 14:09:49.980  1548  2782 I art     : Starting a blocking GC Explicit
08-05 14:09:50.004  1548  2782 I art     : Explicit concurrent mark sweep GC freed 6250(326KB) AllocSpace objects, 1(20KB) LOS objects, 36% free, 28MB/44MB, paused 745us total 23.698ms
08-05 14:09:50.007   918  5952 I ActivityManager: START u0 {cmp=baseline.de.danoeh.antennapod.debug/baseline.de.danoeh.antennapod.activity.OnlineFeedViewActivity (has extras)} from uid 10695 on display 0
08-05 14:09:50.012  1548  2782 I art     : Starting a blocking GC Explicit
08-05 14:09:50.033 13866 13866 I GoogleInputMethodServic: GoogleInputMethodService.onFinishInput():3138 
08-05 14:09:50.034 13866 13866 I GoogleInputMethodServic: GoogleInputMethodService.onStartInput():1808 
08-05 14:09:50.034  1548  2782 I art     : Explicit concurrent mark sweep GC freed 445(16KB) AllocSpace objects, 0(0B) LOS objects, 36% free, 28MB/44MB, paused 700us total 21.664ms
08-05 14:09:50.043  1548  2782 I art     : Starting a blocking GC Explicit
08-05 14:09:50.063  1548  2782 I art     : Explicit concurrent mark sweep GC freed 389(24KB) AllocSpace objects, 0(0B) LOS objects, 36% free, 28MB/44MB, paused 711us total 19.874ms
08-05 14:09:50.064  1548  1548 D UserPreferences: Using default data folder
08-05 14:09:50.065  1548  1548 D OnlineFeedViewActivity: Activity was started with url https://rss.art19.com/nice-white-parents
08-05 14:09:50.068  1548  1548 D OnlineFeedViewActivity: Starting feed download
08-05 14:09:50.069  1548  2782 I art     : Starting a blocking GC Explicit
08-05 14:09:50.071  1548  1575 D DBReader: Extracting Feedlist
08-05 14:09:50.073   918  3714 D WifiService: acquireWifiLockLocked: WifiLock{Downloader type=1 binder=android.os.BinderProxy@99057fb}
08-05 14:09:50.073  1548  1575 D AntennapodHttpClient: Creating new instance of HTTP client
08-05 14:09:50.090  1548  2782 I art     : Explicit concurrent mark sweep GC freed 657(54KB) AllocSpace objects, 0(0B) LOS objects, 36% free, 28MB/44MB, paused 935us total 20.600ms
08-05 14:09:50.097  1548  2782 I art     : Starting a blocking GC Explicit
08-05 14:09:50.116  1548  2782 I art     : Explicit concurrent mark sweep GC freed 283(14KB) AllocSpace objects, 0(0B) LOS objects, 36% free, 28MB/44MB, paused 703us total 19.417ms
08-05 14:09:50.128   512  2967 D audio_hw_primary: disable_audio_route: reset and update mixer path: low-latency-playback speaker
08-05 14:09:50.129   512  2967 D audio_hw_primary: disable_snd_device: snd_device(2: speaker)
08-05 14:09:50.130 13866 13866 I GoogleInputMethodServic: GoogleInputMethodService.onFinishInput():3138 
08-05 14:09:50.130 13866 13866 I GoogleInputMethodServic: GoogleInputMethodService.onStartInput():1808 
08-05 14:09:50.137   512  2967 I soundtrigger: audio_extn_sound_trigger_update_device_status: device 0x2 of type 0 for Event 0
08-05 14:09:50.158   918   936 I ActivityManager: Displayed baseline.de.danoeh.antennapod.debug/baseline.de.danoeh.antennapod.activity.OnlineFeedViewActivity: +124ms
08-05 14:09:50.359  1548  1575 D MYTAG   : interceptor 3a https://rss.art19.com/nice-white-parents
08-05 14:09:50.360  1548  1575 I NAPPA_EXPERIMENTATION: MetricNetworkRequestExecutionTime: REQUEST_DURATION_SYSTEM='286',REQUEST_DURATION_OKHTTP='148',REQUEST_SYNCHRONOUS='TRUE',RESPONSE_CODE='200',RESPONSE_METHOD='GET',RESPONSE_LENGTH_OKHTTP='-1',RESPONSE_LENGTH_HEADER='1803',REQUEST_PROTOCOL='h2',REQUEST_URL='https://rss.art19.com/nice-white-parents',
08-05 14:09:50.360  1548  1575 D HttpDownloader: Response code is 200
08-05 14:09:50.361  1548  1575 D UserPreferences: Using default data folder
08-05 14:09:50.363  1548  1575 D HttpDownloader: Getting size of download
08-05 14:09:50.363  1548  1575 D HttpDownloader: Size is -1
08-05 14:09:50.363  1548  1575 D UserPreferences: Using default data folder
08-05 14:09:50.363  1548  1575 D HttpDownloader: Free space is 20203745280
08-05 14:09:50.363  1548  1575 D HttpDownloader: Starting download
08-05 14:09:50.371  1548  1575 D HttpDownloader: Download was successful
08-05 14:09:50.372   918  3961 D WifiService: releaseWifiLockLocked: WifiLock{Downloader type=1 binder=android.os.BinderProxy@99057fb}
08-05 14:09:50.373  1548  1561 I art     : Starting a blocking GC Explicit
08-05 14:09:50.374  1548  1548 D OnlineFeedViewActivity: Parsing feed
08-05 14:09:50.379  1548  3867 D TypeGetter: Recognized type RSS 2.0
08-05 14:09:50.381  1548  3867 D SyndHandler: Recognized ITunes namespace
08-05 14:09:50.381  1548  3867 D SyndHandler: Recognized Atom namespace
08-05 14:09:50.381  1548  3867 D SyndHandler: Recognized Content namespace
08-05 14:09:50.388  1548  3867 D OnlineFeedViewActivity: Deleted feed source file. Result: true
08-05 14:09:50.389  1548  1548 D OnlineFeedViewActivity: Removing HTML from shownotes
08-05 14:09:50.407   380   380 W SurfaceFlinger: couldn't log to binary event log: overflow.
08-05 14:09:50.431  1548  1561 I art     : Explicit concurrent mark sweep GC freed 8016(572KB) AllocSpace objects, 8(348KB) LOS objects, 35% free, 28MB/44MB, paused 2.591ms total 57.631ms
08-05 14:09:50.443  1548  1561 I art     : Starting a blocking GC Explicit
08-05 14:09:50.473  1548  1561 I art     : Explicit concurrent mark sweep GC freed 1994(172KB) AllocSpace objects, 0(0B) LOS objects, 35% free, 28MB/44MB, paused 1.007ms total 30.178ms
08-05 14:09:50.482  1548  1561 I art     : Starting a blocking GC Explicit
08-05 14:09:50.505  1548  1561 I art     : Explicit concurrent mark sweep GC freed 79(4KB) AllocSpace objects, 0(0B) LOS objects, 35% free, 28MB/44MB, paused 775us total 22.840ms
08-05 14:09:50.512  1548  1561 I art     : Starting a blocking GC Explicit
08-05 14:09:50.529  1548  1548 D PlaybackController: Releasing PlaybackController
08-05 14:09:50.535  1548  1561 I art     : Explicit concurrent mark sweep GC freed 197(11KB) AllocSpace objects, 0(0B) LOS objects, 35% free, 28MB/44MB, paused 676us total 22.948ms
08-05 14:09:50.543  1548  1561 I art     : Starting a blocking GC Explicit
08-05 14:09:50.564  1548  1561 I art     : Explicit concurrent mark sweep GC freed 56(2176B) AllocSpace objects, 1(112KB) LOS objects, 35% free, 28MB/44MB, paused 664us total 21.437ms
08-05 14:09:50.865  1548  2782 I art     : Starting a blocking GC Explicit
08-05 14:09:50.898  1548  2782 I art     : Explicit concurrent mark sweep GC freed 1418(81KB) AllocSpace objects, 1(20KB) LOS objects, 35% free, 28MB/44MB, paused 1.001ms total 32.297ms
08-05 14:09:50.906  1548  2782 I art     : Starting a blocking GC Explicit
08-05 14:09:50.930  1548  2782 I art     : Explicit concurrent mark sweep GC freed 23(752B) AllocSpace objects, 0(0B) LOS objects, 35% free, 28MB/44MB, paused 763us total 24.449ms
08-05 14:09:50.938  1548  2782 I art     : Starting a blocking GC Explicit
08-05 14:09:50.962  1548  2782 I art     : Explicit concurrent mark sweep GC freed 3(96B) AllocSpace objects, 0(0B) LOS objects, 35% free, 28MB/44MB, paused 771us total 23.982ms
08-05 14:09:50.970  1548  2782 I art     : Starting a blocking GC Explicit
08-05 14:09:50.994  1548  2782 I art     : Explicit concurrent mark sweep GC freed 3(96B) AllocSpace objects, 0(0B) LOS objects, 35% free, 28MB/44MB, paused 757us total 23.506ms
08-05 14:09:51.001  1548  2782 I art     : Starting a blocking GC Explicit
08-05 14:09:51.025  1548  2782 I art     : Explicit concurrent mark sweep GC freed 3(96B) AllocSpace objects, 0(0B) LOS objects, 35% free, 28MB/44MB, paused 762us total 23.378ms
08-05 14:09:51.349  1548  1573 I art     : Starting a blocking GC Explicit
08-05 14:09:51.382  1548  1573 I art     : Explicit concurrent mark sweep GC freed 1372(80KB) AllocSpace objects, 1(20KB) LOS objects, 35% free, 28MB/44MB, paused 771us total 32.167ms
08-05 14:09:51.390  1548  1573 I art     : Starting a blocking GC Explicit
08-05 14:09:51.414  1548  1573 I art     : Explicit concurrent mark sweep GC freed 23(752B) AllocSpace objects, 0(0B) LOS objects, 35% free, 28MB/44MB, paused 830us total 24.279ms
08-05 14:09:51.422  1548  1573 I art     : Starting a blocking GC Explicit
08-05 14:09:51.436   518   646 I ThermalEngine: ACTION: GPU - Setting GPU[0] to 510000000
08-05 14:09:51.449  1548  1573 I art     : Explicit concurrent mark sweep GC freed 3(96B) AllocSpace objects, 0(0B) LOS objects, 35% free, 28MB/44MB, paused 1.097ms total 26.805ms
08-05 14:09:51.460  1548  1573 I art     : Starting a blocking GC Explicit
08-05 14:09:51.489  1548  1573 I art     : Explicit concurrent mark sweep GC freed 3(96B) AllocSpace objects, 0(0B) LOS objects, 35% free, 28MB/44MB, paused 1.012ms total 29.007ms
08-05 14:09:51.500  1548  1573 I art     : Starting a blocking GC Explicit
08-05 14:09:51.529  1548  1573 I art     : Explicit concurrent mark sweep GC freed 3(96B) AllocSpace objects, 0(0B) LOS objects, 35% free, 28MB/44MB, paused 1.085ms total 28.739ms
08-05 14:09:51.699   918  3188 I hubconnection: sensorhub said: 'set_bias 3: -5.7216, 0.0000, 0.0000'
08-05 14:09:51.848  1548  1560 I art     : Starting a blocking GC Explicit
08-05 14:09:51.887  1548  1560 I art     : Explicit concurrent mark sweep GC freed 1401(81KB) AllocSpace objects, 1(20KB) LOS objects, 35% free, 28MB/44MB, paused 1.098ms total 38.746ms
08-05 14:09:51.898  1548  1560 I art     : Starting a blocking GC Explicit
08-05 14:09:51.928  1548  1560 I art     : Explicit concurrent mark sweep GC freed 23(752B) AllocSpace objects, 0(0B) LOS objects, 35% free, 28MB/44MB, paused 1.045ms total 30.036ms
08-05 14:09:51.938  1548  1560 I art     : Starting a blocking GC Explicit
08-05 14:09:51.968  1548  1560 I art     : Explicit concurrent mark sweep GC freed 3(96B) AllocSpace objects, 0(0B) LOS objects, 35% free, 28MB/44MB, paused 1.048ms total 29.599ms
08-05 14:09:51.978  1548  1560 I art     : Starting a blocking GC Explicit
08-05 14:09:52.007  1548  1560 I art     : Explicit concurrent mark sweep GC freed 3(96B) AllocSpace objects, 0(0B) LOS objects, 35% free, 28MB/44MB, paused 1.101ms total 29.424ms
08-05 14:09:52.017  1548  1560 I art     : Starting a blocking GC Explicit
08-05 14:09:52.048  1548  1560 I art     : Explicit concurrent mark sweep GC freed 8(256B) AllocSpace objects, 0(0B) LOS objects, 35% free, 28MB/44MB, paused 953us total 31.356ms
08-05 14:09:52.387  1548  1560 I art     : Starting a blocking GC Explicit
08-05 14:09:52.419  1548  1560 I art     : Explicit concurrent mark sweep GC freed 1397(81KB) AllocSpace objects, 1(20KB) LOS objects, 35% free, 28MB/44MB, paused 1.018ms total 31.385ms
08-05 14:09:52.432  1548  1560 I art     : Starting a blocking GC Explicit
08-05 14:09:52.460  1548  1560 I art     : Explicit concurrent mark sweep GC freed 23(752B) AllocSpace objects, 0(0B) LOS objects, 35% free, 28MB/44MB, paused 991us total 28.324ms
08-05 14:09:52.469  1548  1560 I art     : Starting a blocking GC Explicit
08-05 14:09:52.498  1548  1560 I art     : Explicit concurrent mark sweep GC freed 3(96B) AllocSpace objects, 0(0B) LOS objects, 35% free, 28MB/44MB, paused 1.035ms total 28.516ms
08-05 14:09:52.507  1548  1560 I art     : Starting a blocking GC Explicit
08-05 14:09:52.537  1548  1560 I art     : Explicit concurrent mark sweep GC freed 3(96B) AllocSpace objects, 0(0B) LOS objects, 35% free, 28MB/44MB, paused 991us total 29.240ms
08-05 14:09:52.547  1548  1560 I art     : Starting a blocking GC Explicit
08-05 14:09:52.576  1548  1560 I art     : Explicit concurrent mark sweep GC freed 3(96B) AllocSpace objects, 0(0B) LOS objects, 35% free, 28MB/44MB, paused 1ms total 29.643ms
08-05 14:09:52.931  1548  1573 I art     : Starting a blocking GC Explicit
08-05 14:09:52.975  1548  1573 I art     : Explicit concurrent mark sweep GC freed 1401(81KB) AllocSpace objects, 1(20KB) LOS objects, 35% free, 28MB/44MB, paused 1.319ms total 44.334ms
08-05 14:09:52.989  1548  1573 I art     : Starting a blocking GC Explicit
08-05 14:09:53.019  1548  1573 I art     : Explicit concurrent mark sweep GC freed 23(752B) AllocSpace objects, 0(0B) LOS objects, 35% free, 28MB/44MB, paused 1.052ms total 29.849ms
08-05 14:09:53.029  1548  1573 I art     : Starting a blocking GC Explicit
08-05 14:09:53.058  1548  1573 I art     : Explicit concurrent mark sweep GC freed 3(96B) AllocSpace objects, 0(0B) LOS objects, 35% free, 28MB/44MB, paused 1.005ms total 29.223ms
08-05 14:09:53.068  1548  1573 I art     : Starting a blocking GC Explicit
08-05 14:09:53.098  1548  1573 I art     : Explicit concurrent mark sweep GC freed 3(96B) AllocSpace objects, 0(0B) LOS objects, 35% free, 28MB/44MB, paused 1.200ms total 30.248ms
08-05 14:09:53.108  1548  1573 I art     : Starting a blocking GC Explicit
08-05 14:09:53.138  1548  1573 I art     : Explicit concurrent mark sweep GC freed 3(96B) AllocSpace objects, 0(0B) LOS objects, 35% free, 28MB/44MB, paused 1.041ms total 30.052ms
08-05 14:09:53.468  1548  1561 I art     : Starting a blocking GC Explicit
08-05 14:09:53.505  1548  1561 I art     : Explicit concurrent mark sweep GC freed 1373(82KB) AllocSpace objects, 1(20KB) LOS objects, 35% free, 28MB/44MB, paused 1.026ms total 37.003ms
08-05 14:09:53.515  1548  1561 I art     : Starting a blocking GC Explicit
08-05 14:09:53.546  1548  1561 I art     : Explicit concurrent mark sweep GC freed 23(752B) AllocSpace objects, 0(0B) LOS objects, 35% free, 28MB/44MB, paused 993us total 30.141ms
08-05 14:09:53.555  1548  1561 I art     : Starting a blocking GC Explicit
08-05 14:09:53.586  1548  1561 I art     : Explicit concurrent mark sweep GC freed 3(96B) AllocSpace objects, 0(0B) LOS objects, 35% free, 28MB/44MB, paused 1.117ms total 30.025ms
08-05 14:09:53.596  1548  1561 I art     : Starting a blocking GC Explicit
08-05 14:09:53.626  1548  1561 I art     : Explicit concurrent mark sweep GC freed 3(96B) AllocSpace objects, 0(0B) LOS objects, 35% free, 28MB/44MB, paused 1.023ms total 29.935ms
08-05 14:09:53.635  1548  1561 I art     : Starting a blocking GC Explicit
08-05 14:09:53.665  1548  1561 I art     : Explicit concurrent mark sweep GC freed 32(880B) AllocSpace objects, 0(0B) LOS objects, 35% free, 28MB/44MB, paused 1.008ms total 29.654ms
08-05 14:09:53.938  1548  2782 I art     : Starting a blocking GC Explicit
08-05 14:09:53.968  1548  2782 I art     : Explicit concurrent mark sweep GC freed 1372(80KB) AllocSpace objects, 1(20KB) LOS objects, 35% free, 28MB/44MB, paused 1.114ms total 29.826ms
08-05 14:09:53.977  1548  2782 I art     : Starting a blocking GC Explicit
08-05 14:09:54.006  1548  2782 I art     : Explicit concurrent mark sweep GC freed 23(752B) AllocSpace objects, 0(0B) LOS objects, 35% free, 28MB/44MB, paused 999us total 28.274ms
08-05 14:09:54.015  1548  2782 I art     : Starting a blocking GC Explicit
08-05 14:09:54.044  1548  2782 I art     : Explicit concurrent mark sweep GC freed 3(96B) AllocSpace objects, 0(0B) LOS objects, 35% free, 28MB/44MB, paused 1.057ms total 28.379ms
08-05 14:09:54.053  1548  2782 I art     : Starting a blocking GC Explicit
08-05 14:09:54.082  1548  2782 I art     : Explicit concurrent mark sweep GC freed 3(96B) AllocSpace objects, 0(0B) LOS objects, 35% free, 28MB/44MB, paused 1.014ms total 28.873ms
08-05 14:09:54.091  1548  2782 I art     : Starting a blocking GC Explicit
08-05 14:09:54.120  1548  2782 I art     : Explicit concurrent mark sweep GC freed 3(96B) AllocSpace objects, 0(0B) LOS objects, 35% free, 28MB/44MB, paused 1.018ms total 28.411ms
08-05 14:09:54.207  3944  3944 D AndroidRuntime: >>>>>> START com.android.internal.os.RuntimeInit uid 2000 <<<<<<
08-05 14:09:54.212  3944  3944 D AndroidRuntime: CheckJNI is OFF
08-05 14:09:54.250  3944  3944 D ICU     : No timezone override file found: /data/misc/zoneinfo/current/icu/icu_tzdata.dat
08-05 14:09:54.285  3944  3944 I Radio-JNI: register_android_hardware_Radio DONE
08-05 14:09:54.307  3944  3944 D AndroidRuntime: Calling main entry com.android.commands.input.Input
08-05 14:09:54.309  3944  3944 I Input   : injectKeyEvent: KeyEvent { action=ACTION_DOWN, keyCode=KEYCODE_BACK, scanCode=0, metaState=0, flags=0x0, repeatCount=0, eventTime=799810722, downTime=799810722, deviceId=-1, source=0x101 }
08-05 14:09:54.314  3944  3944 I Input   : injectKeyEvent: KeyEvent { action=ACTION_UP, keyCode=KEYCODE_BACK, scanCode=0, metaState=0, flags=0x0, repeatCount=0, eventTime=799810722, downTime=799810722, deviceId=-1, source=0x101 }
08-05 14:09:54.320  3944  3944 D AndroidRuntime: Shutting down VM
08-05 14:09:54.325  1548  1548 V PlaybackController: initServiceNotRunning()
08-05 14:09:54.325  1548  1548 D ExternalPlayerFragment: Loading media info
08-05 14:09:54.329  1548  1548 D UserPreferences: Using default data folder
08-05 14:09:54.329  1548  1575 D DBReader: getNavDrawerData() called with: 
08-05 14:09:54.339  1548  1575 D DBReader: getDownloadedItems() called
08-05 14:09:54.340  1548  1575 D DBReader: getFavoriteIDList() called
08-05 14:09:54.341  1548  1575 D DBReader: getQueueIDList() called
08-05 14:09:54.341  1548  1575 D DBReader: Extracting Feedlist
08-05 14:09:54.357  1548  1548 D MainActivity: getLastNavFragment() -> AddFeedFragment
08-05 14:09:54.357 13866 13866 I GoogleInputMethodServic: GoogleInputMethodService.onFinishInput():3138 
08-05 14:09:54.358 13866 13866 I GoogleInputMethodServic: GoogleInputMethodService.onStartInput():1808 
08-05 14:09:54.409  1548  1561 I art     : Starting a blocking GC Explicit
08-05 14:09:54.435  1548  1561 I art     : Explicit concurrent mark sweep GC freed 2483(153KB) AllocSpace objects, 1(20KB) LOS objects, 35% free, 28MB/44MB, paused 898us total 26.380ms
08-05 14:09:54.444  1548  1561 I art     : Starting a blocking GC Explicit
08-05 14:09:54.470  1548  1561 I art     : Explicit concurrent mark sweep GC freed 449(23KB) AllocSpace objects, 0(0B) LOS objects, 35% free, 28MB/44MB, paused 948us total 25.649ms
08-05 14:09:54.479  1548  1561 I art     : Starting a blocking GC Explicit
08-05 14:09:54.510  1548  1561 I art     : Explicit concurrent mark sweep GC freed 3(96B) AllocSpace objects, 0(0B) LOS objects, 35% free, 28MB/44MB, paused 1.010ms total 30.824ms
08-05 14:09:54.522  1548  1561 I art     : Starting a blocking GC Explicit
08-05 14:09:54.559  1548  1561 I art     : Explicit concurrent mark sweep GC freed 3(96B) AllocSpace objects, 0(0B) LOS objects, 35% free, 28MB/44MB, paused 998us total 37.496ms
08-05 14:09:54.572  1548  1561 I art     : Starting a blocking GC Explicit
08-05 14:09:54.609  1548  1561 I art     : Explicit concurrent mark sweep GC freed 3(96B) AllocSpace objects, 0(0B) LOS objects, 35% free, 28MB/44MB, paused 1.084ms total 36.615ms
08-05 14:09:54.662   380   380 W SurfaceFlinger: couldn't log to binary event log: overflow.
08-05 14:09:54.873  1548  1573 I art     : Starting a blocking GC Explicit
08-05 14:09:54.911  1548  1573 I art     : Explicit concurrent mark sweep GC freed 1998(106KB) AllocSpace objects, 1(20KB) LOS objects, 35% free, 28MB/44MB, paused 1.155ms total 37.912ms
08-05 14:09:54.925  1548  1573 I art     : Starting a blocking GC Explicit
08-05 14:09:54.954  1548  1573 I art     : Explicit concurrent mark sweep GC freed 2457(152KB) AllocSpace objects, 1(28KB) LOS objects, 36% free, 28MB/44MB, paused 1.006ms total 28.968ms
08-05 14:09:54.964  1548  1573 I art     : Starting a blocking GC Explicit
08-05 14:09:54.992  1548  1573 I art     : Explicit concurrent mark sweep GC freed 3(96B) AllocSpace objects, 0(0B) LOS objects, 36% free, 28MB/44MB, paused 1.025ms total 28.473ms
08-05 14:09:55.002  1548  1573 I art     : Starting a blocking GC Explicit
08-05 14:09:55.031  1548  1573 I art     : Explicit concurrent mark sweep GC freed 3(96B) AllocSpace objects, 0(0B) LOS objects, 36% free, 28MB/44MB, paused 1.015ms total 29.132ms
08-05 14:09:55.031  1548  1559 I art     : WaitForGcToComplete blocked for 27.072ms for cause HeapTrim
08-05 14:09:55.041  1548  1573 I art     : Starting a blocking GC Explicit
08-05 14:09:55.071  1548  1573 I art     : Explicit concurrent mark sweep GC freed 3(96B) AllocSpace objects, 0(0B) LOS objects, 36% free, 28MB/44MB, paused 1.042ms total 29.416ms
08-05 14:09:55.371  1548  2782 I art     : Starting a blocking GC Explicit
08-05 14:09:55.408  1548  2782 I art     : Explicit concurrent mark sweep GC freed 1374(82KB) AllocSpace objects, 1(20KB) LOS objects, 36% free, 28MB/44MB, paused 1.110ms total 36.285ms
08-05 14:09:55.419  1548  2782 I art     : Starting a blocking GC Explicit
08-05 14:09:55.448  1548  2782 I art     : Explicit concurrent mark sweep GC freed 23(752B) AllocSpace objects, 0(0B) LOS objects, 36% free, 28MB/44MB, paused 1.046ms total 29.368ms
08-05 14:09:55.458  1548  2782 I art     : Starting a blocking GC Explicit
08-05 14:09:55.488  1548  2782 I art     : Explicit concurrent mark sweep GC freed 3(96B) AllocSpace objects, 0(0B) LOS objects, 36% free, 28MB/44MB, paused 1.135ms total 29.083ms
08-05 14:09:55.498  1548  2782 I art     : Starting a blocking GC Explicit
08-05 14:09:55.526  1548  2782 I art     : Explicit concurrent mark sweep GC freed 3(96B) AllocSpace objects, 0(0B) LOS objects, 36% free, 28MB/44MB, paused 1.008ms total 28.010ms
08-05 14:09:55.535  1548  2782 I art     : Starting a blocking GC Explicit
08-05 14:09:55.563  1548  2782 I art     : Explicit concurrent mark sweep GC freed 3(96B) AllocSpace objects, 0(0B) LOS objects, 36% free, 28MB/44MB, paused 926us total 27.550ms
08-05 14:09:55.839  1548  1560 I art     : Starting a blocking GC Explicit
08-05 14:09:55.868  1548  1560 I art     : Explicit concurrent mark sweep GC freed 1402(81KB) AllocSpace objects, 1(20KB) LOS objects, 36% free, 28MB/44MB, paused 1.068ms total 29.134ms
08-05 14:09:55.878  1548  1560 I art     : Starting a blocking GC Explicit
08-05 14:09:55.907  1548  1560 I art     : Explicit concurrent mark sweep GC freed 23(752B) AllocSpace objects, 0(0B) LOS objects, 36% free, 28MB/44MB, paused 1.085ms total 28.942ms
08-05 14:09:55.917  1548  1560 I art     : Starting a blocking GC Explicit
08-05 14:09:55.945  1548  1560 I art     : Explicit concurrent mark sweep GC freed 3(96B) AllocSpace objects, 0(0B) LOS objects, 36% free, 28MB/44MB, paused 1.022ms total 27.753ms
08-05 14:09:55.957  1548  1560 I art     : Starting a blocking GC Explicit
08-05 14:09:55.981  4011  4011 D AndroidRuntime: >>>>>> START com.android.internal.os.RuntimeInit uid 2000 <<<<<<
08-05 14:09:55.986  4011  4011 D AndroidRuntime: CheckJNI is OFF
08-05 14:09:55.990  1548  1560 I art     : Explicit concurrent mark sweep GC freed 7(224B) AllocSpace objects, 0(0B) LOS objects, 36% free, 28MB/44MB, paused 1.176ms total 32.741ms
08-05 14:09:56.000  1548  1560 I art     : Starting a blocking GC Explicit
08-05 14:09:56.020  4011  4011 D ICU     : No timezone override file found: /data/misc/zoneinfo/current/icu/icu_tzdata.dat
08-05 14:09:56.025  1548  1560 I art     : Explicit concurrent mark sweep GC freed 7(224B) AllocSpace objects, 0(0B) LOS objects, 36% free, 28MB/44MB, paused 948us total 25.108ms
08-05 14:09:56.052  4011  4011 I Radio-JNI: register_android_hardware_Radio DONE
08-05 14:09:56.073  4011  4011 D AndroidRuntime: Calling main entry com.android.commands.input.Input
08-05 14:09:56.074  4011  4011 I Input   : injectKeyEvent: KeyEvent { action=ACTION_DOWN, keyCode=KEYCODE_BACK, scanCode=0, metaState=0, flags=0x0, repeatCount=0, eventTime=799812487, downTime=799812487, deviceId=-1, source=0x101 }
08-05 14:09:56.080  4011  4011 I Input   : injectKeyEvent: KeyEvent { action=ACTION_UP, keyCode=KEYCODE_BACK, scanCode=0, metaState=0, flags=0x0, repeatCount=0, eventTime=799812487, downTime=799812487, deviceId=-1, source=0x101 }
08-05 14:09:56.092 13866 13866 I GoogleInputMethodServic: GoogleInputMethodService.onFinishInput():3138 
08-05 14:09:56.093 13866 13866 I GoogleInputMethodServic: GoogleInputMethodService.onStartInput():1808 
08-05 14:09:56.097  4011  4011 D AndroidRuntime: Shutting down VM
08-05 14:09:56.276  1548  1560 I art     : Starting a blocking GC Explicit
08-05 14:09:56.309  1548  1560 I art     : Explicit concurrent mark sweep GC freed 2581(129KB) AllocSpace objects, 1(20KB) LOS objects, 36% free, 28MB/44MB, paused 1.217ms total 32.076ms
08-05 14:09:56.319  1548  1560 I art     : Starting a blocking GC Explicit
08-05 14:09:56.347  1548  1560 I art     : Explicit concurrent mark sweep GC freed 2648(177KB) AllocSpace objects, 9(1540KB) LOS objects, 37% free, 26MB/42MB, paused 963us total 28.738ms
08-05 14:09:56.357  1548  1560 I art     : Starting a blocking GC Explicit
08-05 14:09:56.384  1548  1560 I art     : Explicit concurrent mark sweep GC freed 3(96B) AllocSpace objects, 0(0B) LOS objects, 37% free, 26MB/42MB, paused 999us total 27.271ms
08-05 14:09:56.394  1548  1560 I art     : Starting a blocking GC Explicit
08-05 14:09:56.422  1548  1560 I art     : Explicit concurrent mark sweep GC freed 3(96B) AllocSpace objects, 0(0B) LOS objects, 37% free, 26MB/42MB, paused 990us total 28.033ms
08-05 14:09:56.431  1548  1560 I art     : Starting a blocking GC Explicit
08-05 14:09:56.459  1548  1560 I art     : Explicit concurrent mark sweep GC freed 3(96B) AllocSpace objects, 0(0B) LOS objects, 37% free, 26MB/42MB, paused 989us total 27.901ms
08-05 14:09:56.760  1548  1573 I art     : Starting a blocking GC Explicit
08-05 14:09:56.799  1548  1573 I art     : Explicit concurrent mark sweep GC freed 1402(82KB) AllocSpace objects, 1(20KB) LOS objects, 37% free, 26MB/42MB, paused 1.232ms total 38.455ms
08-05 14:09:56.810  1548  1573 I art     : Starting a blocking GC Explicit
08-05 14:09:56.839  1548  1573 I art     : Explicit concurrent mark sweep GC freed 23(752B) AllocSpace objects, 0(0B) LOS objects, 37% free, 26MB/42MB, paused 1.045ms total 28.994ms
08-05 14:09:56.849  1548  1573 I art     : Starting a blocking GC Explicit
08-05 14:09:56.877  1548  1573 I art     : Explicit concurrent mark sweep GC freed 3(96B) AllocSpace objects, 0(0B) LOS objects, 37% free, 26MB/42MB, paused 1.094ms total 27.891ms
08-05 14:09:56.886  1548  1573 I art     : Starting a blocking GC Explicit
08-05 14:09:56.915  1548  1573 I art     : Explicit concurrent mark sweep GC freed 3(96B) AllocSpace objects, 0(0B) LOS objects, 37% free, 26MB/42MB, paused 1.010ms total 28.293ms
08-05 14:09:56.925  1548  1573 I art     : Starting a blocking GC Explicit
08-05 14:09:56.954  1548  1573 I art     : Explicit concurrent mark sweep GC freed 3(96B) AllocSpace objects, 0(0B) LOS objects, 37% free, 26MB/42MB, paused 1.029ms total 29.063ms
08-05 14:09:57.266  1548  2782 I art     : Starting a blocking GC Explicit
08-05 14:09:57.304  1548  2782 I art     : Explicit concurrent mark sweep GC freed 1373(81KB) AllocSpace objects, 1(20KB) LOS objects, 37% free, 26MB/42MB, paused 1.037ms total 37.749ms
08-05 14:09:57.314  1548  2782 I art     : Starting a blocking GC Explicit
08-05 14:09:57.341  1548  2782 I art     : Explicit concurrent mark sweep GC freed 23(752B) AllocSpace objects, 0(0B) LOS objects, 37% free, 26MB/42MB, paused 932us total 26.959ms
08-05 14:09:57.351  1548  2782 I art     : Starting a blocking GC Explicit
08-05 14:09:57.378  1548  2782 I art     : Explicit concurrent mark sweep GC freed 3(96B) AllocSpace objects, 0(0B) LOS objects, 37% free, 26MB/42MB, paused 1.180ms total 27.094ms
08-05 14:09:57.387  1548  2782 I art     : Starting a blocking GC Explicit
08-05 14:09:57.414  1548  2782 I art     : Explicit concurrent mark sweep GC freed 3(96B) AllocSpace objects, 0(0B) LOS objects, 37% free, 26MB/42MB, paused 997us total 26.668ms
08-05 14:09:57.423  1548  2782 I art     : Starting a blocking GC Explicit
08-05 14:09:57.450  1548  2782 I art     : Explicit concurrent mark sweep GC freed 3(96B) AllocSpace objects, 0(0B) LOS objects, 37% free, 26MB/42MB, paused 993us total 26.658ms
08-05 14:09:57.738  1548  2782 I art     : Starting a blocking GC Explicit
08-05 14:09:57.760  4066  4066 D AndroidRuntime: >>>>>> START com.android.internal.os.RuntimeInit uid 2000 <<<<<<
08-05 14:09:57.764  4066  4066 D AndroidRuntime: CheckJNI is OFF
08-05 14:09:57.768  1548  2782 I art     : Explicit concurrent mark sweep GC freed 1409(83KB) AllocSpace objects, 1(20KB) LOS objects, 37% free, 26MB/42MB, paused 1.337ms total 29.315ms
08-05 14:09:57.778  1548  2782 I art     : Starting a blocking GC Explicit
08-05 14:09:57.798  4066  4066 D ICU     : No timezone override file found: /data/misc/zoneinfo/current/icu/icu_tzdata.dat
08-05 14:09:57.802  1548  2782 I art     : Explicit concurrent mark sweep GC freed 28(912B) AllocSpace objects, 0(0B) LOS objects, 37% free, 26MB/42MB, paused 929us total 24.465ms
08-05 14:09:57.811  1548  2782 I art     : Starting a blocking GC Explicit
08-05 14:09:57.833  4066  4066 I Radio-JNI: register_android_hardware_Radio DONE
08-05 14:09:57.836  1548  2782 I art     : Explicit concurrent mark sweep GC freed 7(224B) AllocSpace objects, 0(0B) LOS objects, 37% free, 26MB/42MB, paused 986us total 24.533ms
08-05 14:09:57.845  1548  2782 I art     : Starting a blocking GC Explicit
08-05 14:09:57.855  4066  4066 D AndroidRuntime: Calling main entry com.android.commands.input.Input
08-05 14:09:57.856  4066  4066 I Input   : injectMotionEvent: MotionEvent { action=ACTION_DOWN, actionButton=0, id[0]=0, x[0]=103.0, y[0]=192.0, toolType[0]=TOOL_TYPE_UNKNOWN, buttonState=0, metaState=0, flags=0x0, edgeFlags=0x0, pointerCount=1, historySize=0, eventTime=799814269, downTime=799814269, deviceId=0, source=0x1002 }
08-05 14:09:57.861  4066  4066 I Input   : injectMotionEvent: MotionEvent { action=ACTION_UP, actionButton=0, id[0]=0, x[0]=103.0, y[0]=192.0, toolType[0]=TOOL_TYPE_UNKNOWN, buttonState=0, metaState=0, flags=0x0, edgeFlags=0x0, pointerCount=1, historySize=0, eventTime=799814269, downTime=799814269, deviceId=0, source=0x1002 }
08-05 14:09:57.863  4066  4066 D AndroidRuntime: Shutting down VM
08-05 14:09:57.868   512  2967 D audio_hw_primary: out_set_parameters: enter: usecase(1: low-latency-playback) kvpairs: routing=2
08-05 14:09:57.869  1548  2782 I art     : Explicit concurrent mark sweep GC freed 30(960B) AllocSpace objects, 0(0B) LOS objects, 37% free, 26MB/42MB, paused 1.132ms total 24.314ms
08-05 14:09:57.879  1548  2782 I art     : Starting a blocking GC Explicit
08-05 14:09:57.881   512  2967 D audio_hw_primary: select_devices: out_snd_device(2: speaker) in_snd_device(0: none)
08-05 14:09:57.881   512  2967 D msm8974_platform: platform_send_audio_calibration: sending audio calibration for snd_device(2) acdb_id(15)
08-05 14:09:57.881   512  2967 I soundtrigger: audio_extn_sound_trigger_update_device_status: device 0x2 of type 0 for Event 1
08-05 14:09:57.892   512  2967 D audio_hw_primary: enable_snd_device: snd_device(2: speaker)
08-05 14:09:57.894   512  2967 D audio_hw_primary: enable_audio_route: apply and update mixer path: low-latency-playback speaker
08-05 14:09:57.904  1548  2782 I art     : Explicit concurrent mark sweep GC freed 105(4KB) AllocSpace objects, 0(0B) LOS objects, 37% free, 26MB/42MB, paused 1.240ms total 24.726ms
08-05 14:09:57.907 13866 13866 I GoogleInputMethodServic: GoogleInputMethodService.onFinishInput():3138 
08-05 14:09:57.908 13866 13866 I GoogleInputMethodServic: GoogleInputMethodService.onStartInput():1808 
08-05 14:09:58.175  1548  1561 I art     : Starting a blocking GC Explicit
08-05 14:09:58.207  1548  1561 I art     : Explicit concurrent mark sweep GC freed 1867(104KB) AllocSpace objects, 1(20KB) LOS objects, 37% free, 26MB/42MB, paused 909us total 32.090ms
08-05 14:09:58.217  1548  1561 I art     : Starting a blocking GC Explicit
08-05 14:09:58.247  1548  1561 I art     : Explicit concurrent mark sweep GC freed 92(5KB) AllocSpace objects, 0(0B) LOS objects, 37% free, 26MB/42MB, paused 1.013ms total 29.304ms
08-05 14:09:58.257  1548  1561 I art     : Starting a blocking GC Explicit
08-05 14:09:58.287  1548  1561 I art     : Explicit concurrent mark sweep GC freed 9(288B) AllocSpace objects, 0(0B) LOS objects, 37% free, 26MB/42MB, paused 1.230ms total 29.822ms
08-05 14:09:58.296  1548  1561 I art     : Starting a blocking GC Explicit
08-05 14:09:58.321  1548  1561 I art     : Explicit concurrent mark sweep GC freed 6(224B) AllocSpace objects, 0(0B) LOS objects, 37% free, 26MB/42MB, paused 873us total 25.201ms
08-05 14:09:58.331  1548  1561 I art     : Starting a blocking GC Explicit
08-05 14:09:58.361  1548  1561 I art     : Explicit concurrent mark sweep GC freed 5(160B) AllocSpace objects, 0(0B) LOS objects, 37% free, 26MB/42MB, paused 996us total 29.605ms
08-05 14:09:58.439   512  2967 D audio_hw_primary: disable_audio_route: reset and update mixer path: low-latency-playback speaker
08-05 14:09:58.440   512  2967 D audio_hw_primary: disable_snd_device: snd_device(2: speaker)
08-05 14:09:58.448   512  2967 I soundtrigger: audio_extn_sound_trigger_update_device_status: device 0x2 of type 0 for Event 0
08-05 14:09:58.666  1548  1573 I art     : Starting a blocking GC Explicit
08-05 14:09:58.706  1548  1573 I art     : Explicit concurrent mark sweep GC freed 1400(81KB) AllocSpace objects, 1(20KB) LOS objects, 37% free, 26MB/42MB, paused 1.104ms total 39.179ms
08-05 14:09:58.719  1548  1573 I art     : Starting a blocking GC Explicit
08-05 14:09:58.748  1548  1573 I art     : Explicit concurrent mark sweep GC freed 25(816B) AllocSpace objects, 0(0B) LOS objects, 37% free, 26MB/42MB, paused 1.107ms total 28.483ms
08-05 14:09:58.758  1548  1573 I art     : Starting a blocking GC Explicit
08-05 14:09:58.786  1548  1573 I art     : Explicit concurrent mark sweep GC freed 3(96B) AllocSpace objects, 0(0B) LOS objects, 37% free, 26MB/42MB, paused 1.007ms total 27.836ms
08-05 14:09:58.795  1548  1573 I art     : Starting a blocking GC Explicit
08-05 14:09:58.823  1548  1573 I art     : Explicit concurrent mark sweep GC freed 3(96B) AllocSpace objects, 0(0B) LOS objects, 37% free, 26MB/42MB, paused 1.033ms total 28.277ms
08-05 14:09:58.834  1548  1573 I art     : Starting a blocking GC Explicit
08-05 14:09:58.863  1548  1573 I art     : Explicit concurrent mark sweep GC freed 3(96B) AllocSpace objects, 0(0B) LOS objects, 37% free, 26MB/42MB, paused 982us total 28.696ms
08-05 14:09:59.158  1548  1560 I art     : Starting a blocking GC Explicit
08-05 14:09:59.187  1548  1560 I art     : Explicit concurrent mark sweep GC freed 1371(80KB) AllocSpace objects, 1(20KB) LOS objects, 37% free, 26MB/42MB, paused 1.103ms total 28.725ms
08-05 14:09:59.197  1548  1560 I art     : Starting a blocking GC Explicit
08-05 14:09:59.225  1548  1560 I art     : Explicit concurrent mark sweep GC freed 23(752B) AllocSpace objects, 0(0B) LOS objects, 37% free, 26MB/42MB, paused 1.015ms total 27.989ms
08-05 14:09:59.234  1548  1560 I art     : Starting a blocking GC Explicit
08-05 14:09:59.261  1548  1560 I art     : Explicit concurrent mark sweep GC freed 3(96B) AllocSpace objects, 0(0B) LOS objects, 37% free, 26MB/42MB, paused 989us total 26.628ms
08-05 14:09:59.271  1548  1560 I art     : Starting a blocking GC Explicit
08-05 14:09:59.298  1548  1560 I art     : Explicit concurrent mark sweep GC freed 3(96B) AllocSpace objects, 0(0B) LOS objects, 37% free, 26MB/42MB, paused 1.077ms total 26.989ms
08-05 14:09:59.307  1548  1560 I art     : Starting a blocking GC Explicit
08-05 14:09:59.334  1548  1560 I art     : Explicit concurrent mark sweep GC freed 3(96B) AllocSpace objects, 0(0B) LOS objects, 37% free, 26MB/42MB, paused 991us total 26.831ms
08-05 14:09:59.522  4120  4120 D AndroidRuntime: >>>>>> START com.android.internal.os.RuntimeInit uid 2000 <<<<<<
08-05 14:09:59.527  4120  4120 D AndroidRuntime: CheckJNI is OFF
08-05 14:09:59.560  4120  4120 D ICU     : No timezone override file found: /data/misc/zoneinfo/current/icu/icu_tzdata.dat
08-05 14:09:59.591  4120  4120 I Radio-JNI: register_android_hardware_Radio DONE
08-05 14:09:59.612  4120  4120 D AndroidRuntime: Calling main entry com.android.commands.input.Input
08-05 14:09:59.614  4120  4120 I Input   : injectMotionEvent: MotionEvent { action=ACTION_DOWN, actionButton=0, id[0]=0, x[0]=625.0, y[0]=1248.0, toolType[0]=TOOL_TYPE_UNKNOWN, buttonState=0, metaState=0, flags=0x0, edgeFlags=0x0, pointerCount=1, historySize=0, eventTime=799816026, downTime=799816026, deviceId=0, source=0x1002 }
08-05 14:09:59.618  4120  4120 I Input   : injectMotionEvent: MotionEvent { action=ACTION_UP, actionButton=0, id[0]=0, x[0]=625.0, y[0]=1248.0, toolType[0]=TOOL_TYPE_UNKNOWN, buttonState=0, metaState=0, flags=0x0, edgeFlags=0x0, pointerCount=1, historySize=0, eventTime=799816026, downTime=799816026, deviceId=0, source=0x1002 }
08-05 14:09:59.620  1548  1560 I art     : Starting a blocking GC Explicit
08-05 14:09:59.622  4120  4120 D AndroidRuntime: Shutting down VM
08-05 14:09:59.650  1548  1560 I art     : Explicit concurrent mark sweep GC freed 1450(82KB) AllocSpace objects, 1(20KB) LOS objects, 37% free, 26MB/42MB, paused 1.013ms total 30.116ms
08-05 14:09:59.660  1548  1560 I art     : Starting a blocking GC Explicit
08-05 14:09:59.685  1548  1560 I art     : Explicit concurrent mark sweep GC freed 41(1312B) AllocSpace objects, 0(0B) LOS objects, 37% free, 26MB/42MB, paused 932us total 24.801ms
08-05 14:09:59.694  1548  1560 I art     : Starting a blocking GC Explicit
08-05 14:09:59.702  1548  1548 D MainActivity: loadFragment(index: 7, args: null)
08-05 14:09:59.703  1548  1548 D MainActivity: saveLastNavFragment(tag: 2)
08-05 14:09:59.704  1548  1548 D MainActivity: getLastNavFragment() -> 2
08-05 14:09:59.705   512  2967 D audio_hw_primary: out_set_parameters: enter: usecase(1: low-latency-playback) kvpairs: routing=2
08-05 14:09:59.718   512  2967 D audio_hw_primary: select_devices: out_snd_device(2: speaker) in_snd_device(0: none)
08-05 14:09:59.718   512  2967 D msm8974_platform: platform_send_audio_calibration: sending audio calibration for snd_device(2) acdb_id(15)
08-05 14:09:59.718   512  2967 I soundtrigger: audio_extn_sound_trigger_update_device_status: device 0x2 of type 0 for Event 1
08-05 14:09:59.721  1548  1560 I art     : Explicit concurrent mark sweep GC freed 117(17KB) AllocSpace objects, 1(20KB) LOS objects, 37% free, 26MB/42MB, paused 1.326ms total 27.384ms
08-05 14:09:59.727   512  2967 D audio_hw_primary: enable_snd_device: snd_device(2: speaker)
08-05 14:09:59.730   512  2967 D audio_hw_primary: enable_audio_route: apply and update mixer path: low-latency-playback speaker
08-05 14:09:59.730  1548  1560 I art     : Starting a blocking GC Explicit
08-05 14:09:59.742  1548  1548 D ItemlistFragment: onEventMainThread() called with: event = [DownloadEvent{update=DownloaderUpdate{downloaders=[], feedIds=[], mediaIds=[]}}]
08-05 14:09:59.743  1548  1568 D DBReader: getFeed() called with: feedId = [2]
08-05 14:09:59.744  1548  1568 D DBReader: getFeedItemList() called with: feed = [baseline.de.danoeh.antennapod.core.feed.Feed@2]
08-05 14:09:59.759  1548  1560 I art     : Explicit concurrent mark sweep GC freed 2338(112KB) AllocSpace objects, 0(0B) LOS objects, 37% free, 27MB/43MB, paused 1.242ms total 28.252ms
08-05 14:09:59.767  1548  1560 I art     : Starting a blocking GC Explicit
08-05 14:09:59.797  1548  1560 I art     : Explicit concurrent mark sweep GC freed 2801(106KB) AllocSpace objects, 0(0B) LOS objects, 36% free, 27MB/43MB, paused 1.257ms total 29.131ms
08-05 14:09:59.820  1548  1568 W PodDBAdapter: Length of id array is larger than 800. Creating multiple cursors
08-05 14:09:59.888  1548  1568 D DBReader: getFavoriteIDList() called
08-05 14:09:59.888  1548  1568 D DBReader: getQueueIDList() called
08-05 14:09:59.890  1548  1568 D DBReader: Extracting Feedlist
08-05 14:09:59.931  1548  1548 D FeedMenuHandler: Preparing options menu
08-05 14:09:59.987  1548  2526 D ApOkHttpUrlLoader: buildLoadData() called with: model = [http://static.libsyn.com/p/assets/7/1/f/3/71f3014e14ef2722/JREiTunesImage2.jpg], width = [1440], height = [462]
08-05 14:10:00.058  1548  1561 I art     : Starting a blocking GC Explicit
08-05 14:10:00.093  1548  1561 I art     : Explicit concurrent mark sweep GC freed 14428(686KB) AllocSpace objects, 3(52KB) LOS objects, 29% free, 37MB/53MB, paused 1.133ms total 34.189ms
08-05 14:10:00.093  1548  1559 I art     : WaitForGcToComplete blocked for 20.798ms for cause HeapTrim
08-05 14:10:00.103  1548  1561 I art     : Starting a blocking GC Explicit
08-05 14:10:00.122  1548  1569 V RenderScript: 0x7f7680c000 Launching thread(s), CPUs 8
08-05 14:10:00.134  1548  1561 I art     : Explicit concurrent mark sweep GC freed 963(57KB) AllocSpace objects, 1(88KB) LOS objects, 29% free, 37MB/53MB, paused 1.026ms total 31.209ms
08-05 14:10:00.144  1548  1561 I art     : Starting a blocking GC Explicit
08-05 14:10:00.176  1548  1561 I art     : Explicit concurrent mark sweep GC freed 257(29KB) AllocSpace objects, 4(128KB) LOS objects, 30% free, 37MB/53MB, paused 1.166ms total 32.206ms
08-05 14:10:00.180 13866 13866 I GoogleInputMethodServic: GoogleInputMethodService.onFinishInput():3138 
08-05 14:10:00.181 13866 13866 I GoogleInputMethodServic: GoogleInputMethodService.onStartInput():1808 
08-05 14:10:00.186  1548  1561 I art     : Starting a blocking GC Explicit
08-05 14:10:00.220  1548  1561 I art     : Explicit concurrent mark sweep GC freed 165(8KB) AllocSpace objects, 0(0B) LOS objects, 30% free, 37MB/53MB, paused 948us total 32.320ms
08-05 14:10:00.230  1548  1561 I art     : Starting a blocking GC Explicit
08-05 14:10:00.263  1548  1561 I art     : Explicit concurrent mark sweep GC freed 33(1280B) AllocSpace objects, 0(0B) LOS objects, 30% free, 37MB/53MB, paused 948us total 32.598ms
08-05 14:10:00.269   512  2967 D audio_hw_primary: disable_audio_route: reset and update mixer path: low-latency-playback speaker
08-05 14:10:00.270   512  2967 D audio_hw_primary: disable_snd_device: snd_device(2: speaker)
08-05 14:10:00.278   512  2967 I soundtrigger: audio_extn_sound_trigger_update_device_status: device 0x2 of type 0 for Event 0
08-05 14:10:00.564  1548  2782 I art     : Starting a blocking GC Explicit
08-05 14:10:00.602  1548  2782 I art     : Explicit concurrent mark sweep GC freed 1375(80KB) AllocSpace objects, 1(20KB) LOS objects, 30% free, 37MB/53MB, paused 1.086ms total 37.474ms
08-05 14:10:00.613  1548  2782 I art     : Starting a blocking GC Explicit
08-05 14:10:00.651  1548  2782 I art     : Explicit concurrent mark sweep GC freed 90(2832B) AllocSpace objects, 0(0B) LOS objects, 30% free, 37MB/53MB, paused 1.020ms total 38.028ms
08-05 14:10:00.663  1548  2782 I art     : Starting a blocking GC Explicit
08-05 14:10:00.700  1548  2782 I art     : Explicit concurrent mark sweep GC freed 3(96B) AllocSpace objects, 0(0B) LOS objects, 30% free, 37MB/53MB, paused 1.013ms total 37.363ms
08-05 14:10:00.712  1548  2782 I art     : Starting a blocking GC Explicit
08-05 14:10:00.750  1548  2782 I art     : Explicit concurrent mark sweep GC freed 3(96B) AllocSpace objects, 0(0B) LOS objects, 30% free, 37MB/53MB, paused 1.033ms total 37.761ms
08-05 14:10:00.761  1548  2782 I art     : Starting a blocking GC Explicit
08-05 14:10:00.799  1548  2782 I art     : Explicit concurrent mark sweep GC freed 3(96B) AllocSpace objects, 0(0B) LOS objects, 30% free, 37MB/53MB, paused 1.030ms total 37.674ms
08-05 14:10:01.105  1548  1561 I art     : Starting a blocking GC Explicit
08-05 14:10:01.153  1548  1561 I art     : Explicit concurrent mark sweep GC freed 1372(80KB) AllocSpace objects, 1(20KB) LOS objects, 30% free, 37MB/53MB, paused 1.123ms total 47.374ms
08-05 14:10:01.168  1548  1561 I art     : Starting a blocking GC Explicit
08-05 14:10:01.206  1548  1561 I art     : Explicit concurrent mark sweep GC freed 23(752B) AllocSpace objects, 0(0B) LOS objects, 30% free, 37MB/53MB, paused 1.060ms total 38.305ms
08-05 14:10:01.218  1548  1561 I art     : Starting a blocking GC Explicit
08-05 14:10:01.256  1548  1561 I art     : Explicit concurrent mark sweep GC freed 3(96B) AllocSpace objects, 0(0B) LOS objects, 30% free, 37MB/53MB, paused 1.008ms total 37.812ms
08-05 14:10:01.267  1548  1561 I art     : Starting a blocking GC Explicit
08-05 14:10:01.305  1548  1561 I art     : Explicit concurrent mark sweep GC freed 3(96B) AllocSpace objects, 0(0B) LOS objects, 30% free, 37MB/53MB, paused 1.021ms total 37.662ms
08-05 14:10:01.317  1548  1561 I art     : Starting a blocking GC Explicit
08-05 14:10:01.355  1548  1561 I art     : Explicit concurrent mark sweep GC freed 3(96B) AllocSpace objects, 0(0B) LOS objects, 30% free, 37MB/53MB, paused 1.038ms total 38.299ms
08-05 14:10:01.698  1548  1573 I art     : Starting a blocking GC Explicit
08-05 14:10:01.740  1548  1573 I art     : Explicit concurrent mark sweep GC freed 1426(82KB) AllocSpace objects, 1(20KB) LOS objects, 30% free, 37MB/53MB, paused 1.205ms total 40.868ms
08-05 14:10:01.752  1548  1573 I art     : Starting a blocking GC Explicit
08-05 14:10:01.788  1548  1573 I art     : Explicit concurrent mark sweep GC freed 28(912B) AllocSpace objects, 0(0B) LOS objects, 30% free, 37MB/53MB, paused 949us total 36.476ms
08-05 14:10:01.800  1548  1573 I art     : Starting a blocking GC Explicit
08-05 14:10:01.836  1548  1573 I art     : Explicit concurrent mark sweep GC freed 3(96B) AllocSpace objects, 0(0B) LOS objects, 30% free, 37MB/53MB, paused 1.001ms total 35.761ms
08-05 14:10:01.847  1548  1573 I art     : Starting a blocking GC Explicit
08-05 14:10:01.884  1548  1573 I art     : Explicit concurrent mark sweep GC freed 3(96B) AllocSpace objects, 0(0B) LOS objects, 30% free, 37MB/53MB, paused 1.013ms total 36.636ms
08-05 14:10:01.895  1548  1573 I art     : Starting a blocking GC Explicit
08-05 14:10:01.933  1548  1573 I art     : Explicit concurrent mark sweep GC freed 3(96B) AllocSpace objects, 0(0B) LOS objects, 30% free, 37MB/53MB, paused 1.020ms total 37.455ms
08-05 14:10:02.271  1548  1561 I art     : Starting a blocking GC Explicit
08-05 14:10:02.325  1548  1561 I art     : Explicit concurrent mark sweep GC freed 2074(102KB) AllocSpace objects, 1(20KB) LOS objects, 30% free, 37MB/53MB, paused 1.133ms total 53.165ms
08-05 14:10:02.341  1548  1561 I art     : Starting a blocking GC Explicit
08-05 14:10:02.379  1548  1561 I art     : Explicit concurrent mark sweep GC freed 23(752B) AllocSpace objects, 0(0B) LOS objects, 30% free, 37MB/53MB, paused 1.057ms total 37.851ms
08-05 14:10:02.390  1548  1561 I art     : Starting a blocking GC Explicit
08-05 14:10:02.428  1548  1561 I art     : Explicit concurrent mark sweep GC freed 3(96B) AllocSpace objects, 0(0B) LOS objects, 30% free, 37MB/53MB, paused 1.100ms total 37.978ms
08-05 14:10:02.439  1548  1561 I art     : Starting a blocking GC Explicit
08-05 14:10:02.477  1548  1561 I art     : Explicit concurrent mark sweep GC freed 3(96B) AllocSpace objects, 0(0B) LOS objects, 30% free, 37MB/53MB, paused 1.140ms total 37.328ms
08-05 14:10:02.488  1548  1561 I art     : Starting a blocking GC Explicit
08-05 14:10:02.526  1548  1561 I art     : Explicit concurrent mark sweep GC freed 3(96B) AllocSpace objects, 0(0B) LOS objects, 30% free, 37MB/53MB, paused 1.047ms total 38.015ms
08-05 14:10:02.758 28061 28061 I ServiceManager: Waiting for service AtCmdFwd...
08-05 14:10:02.874  1548  1560 I art     : Starting a blocking GC Explicit
08-05 14:10:02.918  1548  1560 I art     : Explicit concurrent mark sweep GC freed 2289(113KB) AllocSpace objects, 1(20KB) LOS objects, 30% free, 37MB/53MB, paused 1.054ms total 44.318ms
08-05 14:10:02.930  1548  1560 I art     : Starting a blocking GC Explicit
08-05 14:10:02.968  1548  1560 I art     : Explicit concurrent mark sweep GC freed 23(752B) AllocSpace objects, 0(0B) LOS objects, 30% free, 37MB/53MB, paused 1.234ms total 38.119ms
08-05 14:10:02.980  1548  1560 I art     : Starting a blocking GC Explicit
08-05 14:10:03.018  1548  1560 I art     : Explicit concurrent mark sweep GC freed 3(96B) AllocSpace objects, 0(0B) LOS objects, 30% free, 37MB/53MB, paused 1.112ms total 37.954ms
08-05 14:10:03.029  1548  1560 I art     : Starting a blocking GC Explicit
08-05 14:10:03.068  1548  1560 I art     : Explicit concurrent mark sweep GC freed 3(96B) AllocSpace objects, 0(0B) LOS objects, 30% free, 37MB/53MB, paused 1.232ms total 38.196ms
08-05 14:10:03.079  1548  1560 I art     : Starting a blocking GC Explicit
08-05 14:10:03.118  1548  1560 I art     : Explicit concurrent mark sweep GC freed 3(96B) AllocSpace objects, 0(0B) LOS objects, 30% free, 37MB/53MB, paused 1.122ms total 38.323ms
08-05 14:10:03.446  1548  2782 I art     : Starting a blocking GC Explicit
08-05 14:10:03.497  1548  2782 I art     : Explicit concurrent mark sweep GC freed 1374(81KB) AllocSpace objects, 1(20KB) LOS objects, 30% free, 37MB/53MB, paused 1.158ms total 50.430ms
08-05 14:10:03.509  1548  2782 I art     : Starting a blocking GC Explicit
08-05 14:10:03.546  1548  2782 I art     : Explicit concurrent mark sweep GC freed 23(752B) AllocSpace objects, 0(0B) LOS objects, 30% free, 37MB/53MB, paused 983us total 36.784ms
08-05 14:10:03.554   918  3188 I hubconnection: sensorhub said: 'set_bias 3: -5.6640, 0.0000, 0.0000'
08-05 14:10:03.557  1548  2782 I art     : Starting a blocking GC Explicit
08-05 14:10:03.595  1548  2782 I art     : Explicit concurrent mark sweep GC freed 3(96B) AllocSpace objects, 0(0B) LOS objects, 30% free, 37MB/53MB, paused 1.023ms total 38.118ms
08-05 14:10:03.607  1548  2782 I art     : Starting a blocking GC Explicit
08-05 14:10:03.644  1548  2782 I art     : Explicit concurrent mark sweep GC freed 32(880B) AllocSpace objects, 0(0B) LOS objects, 30% free, 37MB/53MB, paused 1.022ms total 37.089ms
08-05 14:10:03.655  1548  2782 I art     : Starting a blocking GC Explicit
08-05 14:10:03.694  1548  2782 I art     : Explicit concurrent mark sweep GC freed 3(96B) AllocSpace objects, 0(0B) LOS objects, 30% free, 37MB/53MB, paused 1.041ms total 38.297ms
08-05 14:10:03.759 28061 28061 I ServiceManager: Waiting for service AtCmdFwd...
08-05 14:10:04.008  1548  1573 I art     : Starting a blocking GC Explicit
08-05 14:10:04.046  1548  1573 I art     : Explicit concurrent mark sweep GC freed 1490(91KB) AllocSpace objects, 1(20KB) LOS objects, 30% free, 37MB/53MB, paused 957us total 37.503ms
08-05 14:10:04.057  1548  1573 I art     : Starting a blocking GC Explicit
08-05 14:10:04.091  1548  1573 I art     : Explicit concurrent mark sweep GC freed 23(752B) AllocSpace objects, 0(0B) LOS objects, 30% free, 37MB/53MB, paused 916us total 33.629ms
08-05 14:10:04.102  1548  1573 I art     : Starting a blocking GC Explicit
08-05 14:10:04.136  1548  1573 I art     : Explicit concurrent mark sweep GC freed 3(96B) AllocSpace objects, 0(0B) LOS objects, 30% free, 37MB/53MB, paused 921us total 33.911ms
08-05 14:10:04.146  1548  1573 I art     : Starting a blocking GC Explicit
08-05 14:10:04.182  1548  1573 I art     : Explicit concurrent mark sweep GC freed 3(96B) AllocSpace objects, 0(0B) LOS objects, 30% free, 37MB/53MB, paused 955us total 35.711ms
08-05 14:10:04.193  1548  1573 I art     : Starting a blocking GC Explicit
08-05 14:10:04.228  1548  1573 I art     : Explicit concurrent mark sweep GC freed 3(96B) AllocSpace objects, 0(0B) LOS objects, 30% free, 37MB/53MB, paused 979us total 34.867ms
08-05 14:10:04.303  4231  4231 D AndroidRuntime: >>>>>> START com.android.internal.os.RuntimeInit uid 2000 <<<<<<
08-05 14:10:04.308  4231  4231 D AndroidRuntime: CheckJNI is OFF
08-05 14:10:04.346  4231  4231 D ICU     : No timezone override file found: /data/misc/zoneinfo/current/icu/icu_tzdata.dat
08-05 14:10:04.384  4231  4231 I Radio-JNI: register_android_hardware_Radio DONE
08-05 14:10:04.405  4231  4231 D AndroidRuntime: Calling main entry com.android.commands.input.Input
08-05 14:10:04.407  4231  4231 I Input   : injectMotionEvent: MotionEvent { action=ACTION_DOWN, actionButton=0, id[0]=0, x[0]=1363.0, y[0]=517.0, toolType[0]=TOOL_TYPE_UNKNOWN, buttonState=0, metaState=0, flags=0x0, edgeFlags=0x0, pointerCount=1, historySize=0, eventTime=799820820, downTime=799820820, deviceId=0, source=0x1002 }
08-05 14:10:04.412  4231  4231 I Input   : injectMotionEvent: MotionEvent { action=ACTION_UP, actionButton=0, id[0]=0, x[0]=1363.0, y[0]=517.0, toolType[0]=TOOL_TYPE_UNKNOWN, buttonState=0, metaState=0, flags=0x0, edgeFlags=0x0, pointerCount=1, historySize=0, eventTime=799820820, downTime=799820820, deviceId=0, source=0x1002 }
08-05 14:10:04.414  4231  4231 D AndroidRuntime: Shutting down VM
08-05 14:10:04.430   512  2967 D audio_hw_primary: out_set_parameters: enter: usecase(1: low-latency-playback) kvpairs: routing=2
08-05 14:10:04.434   918  5132 I ActivityManager: START u0 {cmp=baseline.de.danoeh.antennapod.debug/baseline.de.danoeh.antennapod.activity.FeedSettingsActivity (has extras)} from uid 10695 on display 0
08-05 14:10:04.443   512  2967 D audio_hw_primary: select_devices: out_snd_device(2: speaker) in_snd_device(0: none)
08-05 14:10:04.443   512  2967 D msm8974_platform: platform_send_audio_calibration: sending audio calibration for snd_device(2) acdb_id(15)
08-05 14:10:04.443   512  2967 I soundtrigger: audio_extn_sound_trigger_update_device_status: device 0x2 of type 0 for Event 1
08-05 14:10:04.455   512  2967 D audio_hw_primary: enable_snd_device: snd_device(2: speaker)
08-05 14:10:04.458   512  2967 D audio_hw_primary: enable_audio_route: apply and update mixer path: low-latency-playback speaker
08-05 14:10:04.531  1548  1573 I art     : Starting a blocking GC Explicit
08-05 14:10:04.571  1548  1573 I art     : Explicit concurrent mark sweep GC freed 41524(1771KB) AllocSpace objects, 1(20KB) LOS objects, 29% free, 37MB/53MB, paused 1.465ms total 40.013ms
08-05 14:10:04.582  1548  1573 I art     : Starting a blocking GC Explicit
08-05 14:10:04.618  1548  1573 I art     : Explicit concurrent mark sweep GC freed 8506(437KB) AllocSpace objects, 0(0B) LOS objects, 28% free, 39MB/55MB, paused 1.215ms total 36.205ms
08-05 14:10:04.629  1548  2084 D DBReader: getFeed() called with: feedId = [2]
08-05 14:10:04.630  1548  2084 D DBReader: getFeedItemList() called with: feed = [baseline.de.danoeh.antennapod.core.feed.Feed@2]
08-05 14:10:04.630  1548  1573 I art     : Starting a blocking GC Explicit
08-05 14:10:04.669  1548  1573 I art     : Explicit concurrent mark sweep GC freed 3556(151KB) AllocSpace objects, 0(0B) LOS objects, 28% free, 40MB/56MB, paused 1.610ms total 39.085ms
08-05 14:10:04.680  1548  1573 I art     : Starting a blocking GC Explicit
08-05 14:10:04.704  1548  2084 W PodDBAdapter: Length of id array is larger than 800. Creating multiple cursors
08-05 14:10:04.725  1548  1573 I art     : Explicit concurrent mark sweep GC freed 3221(208KB) AllocSpace objects, 1(16KB) LOS objects, 27% free, 41MB/57MB, paused 2.159ms total 44.762ms
08-05 14:10:04.738  1548  1573 I art     : Starting a blocking GC Explicit
08-05 14:10:04.744   918   936 I ActivityManager: Displayed baseline.de.danoeh.antennapod.debug/baseline.de.danoeh.antennapod.activity.FeedSettingsActivity: +294ms
08-05 14:10:04.745 13866 13866 I GoogleInputMethodServic: GoogleInputMethodService.onFinishInput():3138 
08-05 14:10:04.747 13866 13866 I GoogleInputMethodServic: GoogleInputMethodService.onStartInput():1808 
08-05 14:10:04.759 28061 28061 I ServiceManager: Waiting for service AtCmdFwd...
08-05 14:10:04.781  1548  1569 D OpenGLRenderer: endAllStagingAnimators on 0x7f7ed88c00 (RippleDrawable) with handle 0x7f79f63a40
08-05 14:10:04.783  1548  1573 I art     : Explicit concurrent mark sweep GC freed 5153(97KB) AllocSpace objects, 0(0B) LOS objects, 27% free, 41MB/57MB, paused 1.319ms total 44.976ms
08-05 14:10:04.789  1548  2526 D ApOkHttpUrlLoader: buildLoadData() called with: model = [http://static.libsyn.com/p/assets/7/1/f/3/71f3014e14ef2722/JREiTunesImage2.jpg], width = [1440], height = [462]
08-05 14:10:04.793 13866 13866 I GoogleInputMethodServic: GoogleInputMethodService.onStartInput():1808 
08-05 14:10:04.793 13866 13866 W SessionManager: SessionManager.beginSession():53 Try to begin an already begun session [INPUT_SESSION], end it first
08-05 14:10:04.800 13866 13866 I ShortcutsDataManager: ShortcutsDataManager.onContentChanged():89 onContentChanged()
08-05 14:10:04.806  1548  1548 D FeedSettingsActivity: No filter set
08-05 14:10:04.814   918   928 W IntentResolver: resolveIntent: multiple matches, only some with CATEGORY_DEFAULT
08-05 14:10:04.976   380   380 W SurfaceFlinger: couldn't log to binary event log: overflow.
08-05 14:10:04.999   512  2967 D audio_hw_primary: disable_audio_route: reset and update mixer path: low-latency-playback speaker
08-05 14:10:05.000   512  2967 D audio_hw_primary: disable_snd_device: snd_device(2: speaker)
08-05 14:10:05.007   512  2967 I soundtrigger: audio_extn_sound_trigger_update_device_status: device 0x2 of type 0 for Event 0
08-05 14:10:05.090  1548  1573 I art     : Starting a blocking GC Explicit
08-05 14:10:05.126  1548  1548 D PlaybackController: Releasing PlaybackController
08-05 14:10:05.142  1548  1573 I art     : Explicit concurrent mark sweep GC freed 4856(250KB) AllocSpace objects, 2(36KB) LOS objects, 27% free, 41MB/57MB, paused 1.255ms total 51.445ms
08-05 14:10:05.142  1548  1559 I art     : WaitForGcToComplete blocked for 7.211ms for cause HeapTrim
08-05 14:10:05.156  1548  1573 I art     : Starting a blocking GC Explicit
08-05 14:10:05.198  1548  1573 I art     : Explicit concurrent mark sweep GC freed 561(40KB) AllocSpace objects, 0(0B) LOS objects, 27% free, 41MB/57MB, paused 1.204ms total 41.789ms
08-05 14:10:05.210  1548  1573 I art     : Starting a blocking GC Explicit
08-05 14:10:05.253  1548  1573 I art     : Explicit concurrent mark sweep GC freed 64(2224B) AllocSpace objects, 0(0B) LOS objects, 27% free, 41MB/57MB, paused 938us total 42.491ms
08-05 14:10:05.265  1548  1573 I art     : Starting a blocking GC Explicit
08-05 14:10:05.311  1548  1573 I art     : Explicit concurrent mark sweep GC freed 24(912B) AllocSpace objects, 0(0B) LOS objects, 27% free, 41MB/57MB, paused 1.067ms total 45.113ms
08-05 14:10:05.323  1548  1573 I art     : Starting a blocking GC Explicit
08-05 14:10:05.369  1548  1573 I art     : Explicit concurrent mark sweep GC freed 51(2240B) AllocSpace objects, 0(0B) LOS objects, 27% free, 41MB/57MB, paused 964us total 45.715ms
08-05 14:10:05.688  1548  1560 I art     : Starting a blocking GC Explicit
08-05 14:10:05.754  1548  1560 I art     : Explicit concurrent mark sweep GC freed 1405(81KB) AllocSpace objects, 1(20KB) LOS objects, 27% free, 41MB/57MB, paused 1.115ms total 65.073ms
08-05 14:10:05.760 28061 28061 I ServiceManager: Waiting for service AtCmdFwd...
08-05 14:10:05.769  1548  1560 I art     : Starting a blocking GC Explicit
08-05 14:10:05.817  1548  1560 I art     : Explicit concurrent mark sweep GC freed 23(752B) AllocSpace objects, 0(0B) LOS objects, 27% free, 41MB/57MB, paused 1.135ms total 47.858ms
08-05 14:10:05.830  1548  1560 I art     : Starting a blocking GC Explicit
08-05 14:10:05.877  1548  1560 I art     : Explicit concurrent mark sweep GC freed 3(96B) AllocSpace objects, 0(0B) LOS objects, 27% free, 41MB/57MB, paused 1.120ms total 46.895ms
08-05 14:10:05.891  1548  1560 I art     : Starting a blocking GC Explicit
08-05 14:10:05.940  1548  1560 I art     : Explicit concurrent mark sweep GC freed 3(96B) AllocSpace objects, 0(0B) LOS objects, 27% free, 41MB/57MB, paused 947us total 48.644ms
08-05 14:10:05.953  1548  1560 I art     : Starting a blocking GC Explicit
08-05 14:10:06.002  1548  1560 I art     : Explicit concurrent mark sweep GC freed 3(96B) AllocSpace objects, 0(0B) LOS objects, 27% free, 41MB/57MB, paused 1.026ms total 48.496ms
08-05 14:10:06.357  1548  1560 I art     : Starting a blocking GC Explicit
08-05 14:10:06.408  1548  1560 I art     : Explicit concurrent mark sweep GC freed 1408(81KB) AllocSpace objects, 1(20KB) LOS objects, 27% free, 41MB/57MB, paused 1.076ms total 50.989ms
08-05 14:10:06.422  1548  1560 I art     : Starting a blocking GC Explicit
08-05 14:10:06.468  1548  1560 I art     : Explicit concurrent mark sweep GC freed 39(1264B) AllocSpace objects, 0(0B) LOS objects, 27% free, 41MB/57MB, paused 963us total 46.078ms
08-05 14:10:06.481  1548  1560 I art     : Starting a blocking GC Explicit
08-05 14:10:06.527  1548  1560 I art     : Explicit concurrent mark sweep GC freed 10(320B) AllocSpace objects, 0(0B) LOS objects, 27% free, 41MB/57MB, paused 927us total 45.075ms
08-05 14:10:06.541  1548  1560 I art     : Starting a blocking GC Explicit
08-05 14:10:06.587  1548  1560 I art     : Explicit concurrent mark sweep GC freed 3(96B) AllocSpace objects, 0(0B) LOS objects, 27% free, 41MB/57MB, paused 1.014ms total 45.330ms
08-05 14:10:06.599  1548  1560 I art     : Starting a blocking GC Explicit
08-05 14:10:06.648  1548  1560 I art     : Explicit concurrent mark sweep GC freed 32(880B) AllocSpace objects, 0(0B) LOS objects, 27% free, 41MB/57MB, paused 1.093ms total 47.917ms
08-05 14:10:06.761 28061 28061 I ServiceManager: Waiting for service AtCmdFwd...
08-05 14:10:07.000  1548  1561 I art     : Starting a blocking GC Explicit
08-05 14:10:07.065  1548  1561 I art     : Explicit concurrent mark sweep GC freed 1373(82KB) AllocSpace objects, 1(20KB) LOS objects, 27% free, 41MB/57MB, paused 1.119ms total 63.950ms
08-05 14:10:07.083  1548  1561 I art     : Starting a blocking GC Explicit
08-05 14:10:07.133  1548  1561 I art     : Explicit concurrent mark sweep GC freed 23(752B) AllocSpace objects, 0(0B) LOS objects, 27% free, 41MB/57MB, paused 986us total 48.964ms
08-05 14:10:07.146  1548  1561 I art     : Starting a blocking GC Explicit
08-05 14:10:07.188   918  3261 D WifiStateMachine: starting scan for "H369AA63323"WPA_PSK with 2412,5180
08-05 14:10:07.195  1548  1561 I art     : Explicit concurrent mark sweep GC freed 3(96B) AllocSpace objects, 0(0B) LOS objects, 27% free, 41MB/57MB, paused 1.043ms total 49.014ms
08-05 14:10:07.209  1548  1561 I art     : Starting a blocking GC Explicit
08-05 14:10:07.258  1548  1561 I art     : Explicit concurrent mark sweep GC freed 3(96B) AllocSpace objects, 0(0B) LOS objects, 27% free, 41MB/57MB, paused 1.120ms total 48.737ms
08-05 14:10:07.271  1548  1561 I art     : Starting a blocking GC Explicit
08-05 14:10:07.319  1548  1561 I art     : Explicit concurrent mark sweep GC freed 3(96B) AllocSpace objects, 0(0B) LOS objects, 27% free, 41MB/57MB, paused 1.014ms total 48.040ms
08-05 14:10:07.645  1548  1560 I art     : Starting a blocking GC Explicit
08-05 14:10:07.709  1548  1560 I art     : Explicit concurrent mark sweep GC freed 1402(82KB) AllocSpace objects, 1(20KB) LOS objects, 27% free, 41MB/57MB, paused 1.240ms total 62.937ms
08-05 14:10:07.727  1548  1560 I art     : Starting a blocking GC Explicit
08-05 14:10:07.761 28061 28061 W Atfwd_Sendcmd: AtCmdFwd service not published, waiting... retryCnt : 4
08-05 14:10:07.775  1548  1560 I art     : Explicit concurrent mark sweep GC freed 23(752B) AllocSpace objects, 0(0B) LOS objects, 27% free, 41MB/57MB, paused 1.002ms total 47.703ms
08-05 14:10:07.789  1548  1560 I art     : Starting a blocking GC Explicit
08-05 14:10:07.836  1548  1560 I art     : Explicit concurrent mark sweep GC freed 3(96B) AllocSpace objects, 0(0B) LOS objects, 27% free, 41MB/57MB, paused 962us total 47.319ms
08-05 14:10:07.849  1548  1560 I art     : Starting a blocking GC Explicit
08-05 14:10:07.897  1548  1560 I art     : Explicit concurrent mark sweep GC freed 3(96B) AllocSpace objects, 0(0B) LOS objects, 27% free, 41MB/57MB, paused 936us total 47.250ms
08-05 14:10:07.910  1548  1560 I art     : Starting a blocking GC Explicit
08-05 14:10:07.959  1548  1560 I art     : Explicit concurrent mark sweep GC freed 3(96B) AllocSpace objects, 0(0B) LOS objects, 27% free, 41MB/57MB, paused 1.038ms total 48.855ms
08-05 14:10:08.287  1548  1561 I art     : Starting a blocking GC Explicit
08-05 14:10:08.349  1548  1561 I art     : Explicit concurrent mark sweep GC freed 2075(106KB) AllocSpace objects, 1(20KB) LOS objects, 27% free, 41MB/57MB, paused 1.211ms total 61.481ms
08-05 14:10:08.368  1548  1561 I art     : Starting a blocking GC Explicit
08-05 14:10:08.414  1548  1561 I art     : Explicit concurrent mark sweep GC freed 23(752B) AllocSpace objects, 0(0B) LOS objects, 27% free, 41MB/57MB, paused 1.003ms total 46.119ms
08-05 14:10:08.428  1548  1561 I art     : Starting a blocking GC Explicit
08-05 14:10:08.478  1548  1561 I art     : Explicit concurrent mark sweep GC freed 3(96B) AllocSpace objects, 0(0B) LOS objects, 27% free, 41MB/57MB, paused 1.108ms total 49.504ms
08-05 14:10:08.491  1548  1561 I art     : Starting a blocking GC Explicit
08-05 14:10:08.539  1548  1561 I art     : Explicit concurrent mark sweep GC freed 3(96B) AllocSpace objects, 0(0B) LOS objects, 27% free, 41MB/57MB, paused 995us total 48.119ms
08-05 14:10:08.552  1548  1561 I art     : Starting a blocking GC Explicit
08-05 14:10:08.601  1548  1561 I art     : Explicit concurrent mark sweep GC freed 3(96B) AllocSpace objects, 0(0B) LOS objects, 27% free, 41MB/57MB, paused 1.049ms total 48.795ms
08-05 14:10:08.889  1548  1560 I art     : Starting a blocking GC Explicit
08-05 14:10:08.937  1548  1560 I art     : Explicit concurrent mark sweep GC freed 2290(113KB) AllocSpace objects, 1(20KB) LOS objects, 27% free, 41MB/57MB, paused 1.102ms total 47.549ms
08-05 14:10:08.950  1548  1560 I art     : Starting a blocking GC Explicit
08-05 14:10:08.998  1548  1560 I art     : Explicit concurrent mark sweep GC freed 23(752B) AllocSpace objects, 0(0B) LOS objects, 27% free, 41MB/57MB, paused 1.086ms total 46.700ms
08-05 14:10:09.011  1548  1560 I art     : Starting a blocking GC Explicit
08-05 14:10:09.057  1548  1560 I art     : Explicit concurrent mark sweep GC freed 3(96B) AllocSpace objects, 0(0B) LOS objects, 27% free, 41MB/57MB, paused 1.010ms total 45.114ms
08-05 14:10:09.069  1548  1560 I art     : Starting a blocking GC Explicit
08-05 14:10:09.099  4333  4333 D AndroidRuntime: >>>>>> START com.android.internal.os.RuntimeInit uid 2000 <<<<<<
08-05 14:10:09.104  4333  4333 D AndroidRuntime: CheckJNI is OFF
08-05 14:10:09.115  1548  1560 I art     : Explicit concurrent mark sweep GC freed 3(96B) AllocSpace objects, 0(0B) LOS objects, 27% free, 41MB/57MB, paused 983us total 46.026ms
08-05 14:10:09.128  1548  1560 I art     : Starting a blocking GC Explicit
08-05 14:10:09.142  4333  4333 D ICU     : No timezone override file found: /data/misc/zoneinfo/current/icu/icu_tzdata.dat
08-05 14:10:09.173  1548  1560 I art     : Explicit concurrent mark sweep GC freed 3(96B) AllocSpace objects, 0(0B) LOS objects, 27% free, 41MB/57MB, paused 1.088ms total 44.988ms
08-05 14:10:09.177  4333  4333 I Radio-JNI: register_android_hardware_Radio DONE
08-05 14:10:09.200  4333  4333 D AndroidRuntime: Calling main entry com.android.commands.input.Input
08-05 14:10:09.202  4333  4333 I Input   : injectKeyEvent: KeyEvent { action=ACTION_DOWN, keyCode=KEYCODE_BACK, scanCode=0, metaState=0, flags=0x0, repeatCount=0, eventTime=799825615, downTime=799825615, deviceId=-1, source=0x101 }
08-05 14:10:09.210  4333  4333 I Input   : injectKeyEvent: KeyEvent { action=ACTION_UP, keyCode=KEYCODE_BACK, scanCode=0, metaState=0, flags=0x0, repeatCount=0, eventTime=799825615, downTime=799825615, deviceId=-1, source=0x101 }
08-05 14:10:09.217  4333  4333 D AndroidRuntime: Shutting down VM
08-05 14:10:09.220  1548  1548 V PlaybackController: initServiceNotRunning()
08-05 14:10:09.220  1548  1548 D ExternalPlayerFragment: Loading media info
08-05 14:10:09.222  1548  1548 D ItemlistFragment: onEventMainThread() called with: event = [DownloadEvent{update=DownloaderUpdate{downloaders=[], feedIds=[], mediaIds=[]}}]
08-05 14:10:09.223  1548  2526 D ApOkHttpUrlLoader: buildLoadData() called with: model = [http://static.libsyn.com/p/assets/7/1/f/3/71f3014e14ef2722/JREiTunesImage2.jpg], width = [1440], height = [462]
08-05 14:10:09.225  1548  1548 D UserPreferences: Using default data folder
08-05 14:10:09.226  1548  2084 D DBReader: getNavDrawerData() called with: 
08-05 14:10:09.226  1548  1575 D DBReader: getFeed() called with: feedId = [2]
08-05 14:10:09.228  1548  1575 D DBReader: getFeedItemList() called with: feed = [baseline.de.danoeh.antennapod.core.feed.Feed@2]
08-05 14:10:09.240  1548  1548 D FeedMenuHandler: Preparing options menu
08-05 14:10:09.249  1548  2084 D DBReader: getDownloadedItems() called
08-05 14:10:09.250  1548  2084 D DBReader: getFavoriteIDList() called
08-05 14:10:09.250  1548  2084 D DBReader: getQueueIDList() called
08-05 14:10:09.251  1548  2084 D DBReader: Extracting Feedlist
08-05 14:10:09.301  1548  1575 W PodDBAdapter: Length of id array is larger than 800. Creating multiple cursors
08-05 14:10:09.304  1548  1548 D MainActivity: getLastNavFragment() -> 2
08-05 14:10:09.310 13866 13866 I GoogleInputMethodServic: GoogleInputMethodService.onFinishInput():3138 
08-05 14:10:09.310 13866 13866 I GoogleInputMethodServic: GoogleInputMethodService.onStartInput():1808 
08-05 14:10:09.310 13866 13866 I ShortcutsDataManager: AbstractContentDataManager.startImportContentTask():208 startImportContentTask()
08-05 14:10:09.311 13866 13938 I ShortcutsDataManager: AbstractContentDataManager$ImportContentTask.doInBackground():222 doInBackground()
08-05 14:10:09.312 13866 13938 I PersonalDictionaryDataH: PersonalDictionaryDataHandler.beginProcess():111 LanguageTags = [en-US]
08-05 14:10:09.324 13866 13938 I ShortcutsDataManager: AbstractContentDataManager.importRecords():312 importRecords() : Success : Count = 0
08-05 14:10:09.330 13866 13938 I ShortcutsDataManager: AbstractContentDataManager.importContentData():262 importContentData() : Ending import process
08-05 14:10:09.360 13866 13938 I PersonalLanguageModelUp: PersonalLanguageModelUpdater$UpdateOperation.performInternal():160 run() : Added 0 words and 0 shortcuts
08-05 14:10:09.360 13866 13938 I DynamicLanguageModelOpe: DynamicLanguageModelOperation.perform():37 perform() : 4 : coc : Completed
08-05 14:10:09.361 13866 13950 I Delight5Decoder: Delight5DecoderWrapper.loadLanguageModel():578 loadLanguageModel() : 4, version [n/a]
08-05 14:10:09.361 13866 13866 I ShortcutsDataManager: AbstractContentDataManager$ImportContentTask.onPostExecute():233 onPostExecute() : Result = [2,0]
08-05 14:10:09.361 13866 13866 I ShortcutsDataManager: ShortcutsDataManager.onImportFinished():99 onImportFinished() : Result = 2 : Count = 0
08-05 14:10:09.362 13866 13950 I Delight5Decoder: Delight5DecoderWrapper.loadLanguageModel():616 Loaded dynamic LM 4.en
08-05 14:10:09.367  1548  1575 D DBReader: getFavoriteIDList() called
08-05 14:10:09.368  1548  1575 D DBReader: getQueueIDList() called
08-05 14:10:09.368  1548  1575 D DBReader: Extracting Feedlist
08-05 14:10:09.371  1548  2526 D ApOkHttpUrlLoader: buildLoadData() called with: model = [http://static.libsyn.com/p/assets/7/1/f/3/71f3014e14ef2722/JREiTunesImage2.jpg], width = [1440], height = [462]
08-05 14:10:09.385  1548  1548 D FeedMenuHandler: Preparing options menu
08-05 14:10:09.439  1548  1560 I art     : Starting a blocking GC Explicit
08-05 14:10:09.486  1548  1560 I art     : Explicit concurrent mark sweep GC freed 41728(2MB) AllocSpace objects, 3(52KB) LOS objects, 25% free, 47MB/63MB, paused 934us total 46.301ms
08-05 14:10:09.498  1548  1560 I art     : Starting a blocking GC Explicit
08-05 14:10:09.539  1548  1560 I art     : Explicit concurrent mark sweep GC freed 2441(159KB) AllocSpace objects, 0(0B) LOS objects, 25% free, 47MB/63MB, paused 852us total 40.973ms
08-05 14:10:09.552  1548  1560 I art     : Starting a blocking GC Explicit
08-05 14:10:09.592  1548  1560 I art     : Explicit concurrent mark sweep GC freed 3(96B) AllocSpace objects, 0(0B) LOS objects, 25% free, 47MB/63MB, paused 925us total 40.440ms
08-05 14:10:09.597   380   380 W SurfaceFlinger: couldn't log to binary event log: overflow.
08-05 14:10:09.606  1548  1560 I art     : Starting a blocking GC Explicit
08-05 14:10:09.646  1548  1560 I art     : Explicit concurrent mark sweep GC freed 650(26KB) AllocSpace objects, 0(0B) LOS objects, 25% free, 47MB/63MB, paused 1.039ms total 40.297ms
08-05 14:10:09.659  1548  1560 I art     : Starting a blocking GC Explicit
08-05 14:10:09.694  1548  1560 I art     : Explicit concurrent mark sweep GC freed 34764(2MB) AllocSpace objects, 44(2MB) LOS objects, 27% free, 42MB/58MB, paused 929us total 34.562ms
08-05 14:10:09.983  1548  1573 I art     : Starting a blocking GC Explicit
08-05 14:10:10.022  1548  1573 I art     : Explicit concurrent mark sweep GC freed 1373(81KB) AllocSpace objects, 1(20KB) LOS objects, 27% free, 42MB/58MB, paused 1.060ms total 38.843ms
08-05 14:10:10.033  1548  1573 I art     : Starting a blocking GC Explicit
08-05 14:10:10.071  1548  1573 I art     : Explicit concurrent mark sweep GC freed 47(2880B) AllocSpace objects, 0(0B) LOS objects, 27% free, 42MB/58MB, paused 1.004ms total 37.944ms
08-05 14:10:10.083  1548  1573 I art     : Starting a blocking GC Explicit
08-05 14:10:10.121  1548  1573 I art     : Explicit concurrent mark sweep GC freed 18(912B) AllocSpace objects, 0(0B) LOS objects, 27% free, 42MB/58MB, paused 998us total 37.860ms
08-05 14:10:10.132  1548  1573 I art     : Starting a blocking GC Explicit
08-05 14:10:10.171  1548  1573 I art     : Explicit concurrent mark sweep GC freed 3(96B) AllocSpace objects, 0(0B) LOS objects, 27% free, 42MB/58MB, paused 1.004ms total 38.102ms
08-05 14:10:10.182  1548  1573 I art     : Starting a blocking GC Explicit
08-05 14:10:10.220  1548  1573 I art     : Explicit concurrent mark sweep GC freed 3(96B) AllocSpace objects, 0(0B) LOS objects, 27% free, 42MB/58MB, paused 1.012ms total 37.571ms
08-05 14:10:10.220  1548  1559 I art     : WaitForGcToComplete blocked for 22.074ms for cause HeapTrim
08-05 14:10:10.529  1548  2782 I art     : Starting a blocking GC Explicit
08-05 14:10:10.567  1548  2782 I art     : Explicit concurrent mark sweep GC freed 1374(81KB) AllocSpace objects, 1(20KB) LOS objects, 27% free, 42MB/58MB, paused 1.051ms total 37.455ms
08-05 14:10:10.578  1548  2782 I art     : Starting a blocking GC Explicit
08-05 14:10:10.615  1548  2782 I art     : Explicit concurrent mark sweep GC freed 23(752B) AllocSpace objects, 0(0B) LOS objects, 27% free, 42MB/58MB, paused 993us total 36.197ms
08-05 14:10:10.626  1548  2782 I art     : Starting a blocking GC Explicit
08-05 14:10:10.662  1548  2782 I art     : Explicit concurrent mark sweep GC freed 32(880B) AllocSpace objects, 0(0B) LOS objects, 27% free, 42MB/58MB, paused 997us total 35.773ms
08-05 14:10:10.673  1548  2782 I art     : Starting a blocking GC Explicit
08-05 14:10:10.709  1548  2782 I art     : Explicit concurrent mark sweep GC freed 3(96B) AllocSpace objects, 0(0B) LOS objects, 27% free, 42MB/58MB, paused 1.030ms total 35.179ms
08-05 14:10:10.720  1548  2782 I art     : Starting a blocking GC Explicit
08-05 14:10:10.756  1548  2782 I art     : Explicit concurrent mark sweep GC freed 3(96B) AllocSpace objects, 0(0B) LOS objects, 27% free, 42MB/58MB, paused 1ms total 36.242ms
08-05 14:10:10.877  4387  4387 D AndroidRuntime: >>>>>> START com.android.internal.os.RuntimeInit uid 2000 <<<<<<
08-05 14:10:10.885  4387  4387 D AndroidRuntime: CheckJNI is OFF
08-05 14:10:10.919  4387  4387 D ICU     : No timezone override file found: /data/misc/zoneinfo/current/icu/icu_tzdata.dat
08-05 14:10:10.951  4387  4387 I Radio-JNI: register_android_hardware_Radio DONE
08-05 14:10:10.971  4387  4387 D AndroidRuntime: Calling main entry com.android.commands.input.Input
08-05 14:10:10.973  4387  4387 I Input   : injectMotionEvent: MotionEvent { action=ACTION_DOWN, actionButton=0, id[0]=0, x[0]=1372.0, y[0]=384.0, toolType[0]=TOOL_TYPE_UNKNOWN, buttonState=0, metaState=0, flags=0x0, edgeFlags=0x0, pointerCount=1, historySize=0, eventTime=799827386, downTime=799827386, deviceId=0, source=0x1002 }
08-05 14:10:10.979  4387  4387 I Input   : injectMotionEvent: MotionEvent { action=ACTION_UP, actionButton=0, id[0]=0, x[0]=1372.0, y[0]=384.0, toolType[0]=TOOL_TYPE_UNKNOWN, buttonState=0, metaState=0, flags=0x0, edgeFlags=0x0, pointerCount=1, historySize=0, eventTime=799827386, downTime=799827386, deviceId=0, source=0x1002 }
08-05 14:10:10.980  4387  4387 D AndroidRuntime: Shutting down VM
08-05 14:10:10.985   918  3714 I ActivityManager: START u0 {cmp=baseline.de.danoeh.antennapod.debug/baseline.de.danoeh.antennapod.activity.FeedInfoActivity (has extras)} from uid 10695 on display 0
08-05 14:10:10.986   512  2967 D audio_hw_primary: out_set_parameters: enter: usecase(1: low-latency-playback) kvpairs: routing=2
08-05 14:10:10.999   512  2967 D audio_hw_primary: select_devices: out_snd_device(2: speaker) in_snd_device(0: none)
08-05 14:10:10.999   512  2967 D msm8974_platform: platform_send_audio_calibration: sending audio calibration for snd_device(2) acdb_id(15)
08-05 14:10:10.999   512  2967 I soundtrigger: audio_extn_sound_trigger_update_device_status: device 0x2 of type 0 for Event 1
08-05 14:10:11.010   512  2967 D audio_hw_primary: enable_snd_device: snd_device(2: speaker)
08-05 14:10:11.012   512  2967 D audio_hw_primary: enable_audio_route: apply and update mixer path: low-latency-playback speaker
08-05 14:10:11.040  1548  1568 D DBReader: getFeed() called with: feedId = [2]
08-05 14:10:11.041  1548  1568 D DBReader: getFeedItemList() called with: feed = [baseline.de.danoeh.antennapod.core.feed.Feed@2]
08-05 14:10:11.048  1548  1548 D androidx.gridlayout.widget.GridLayout: horizontal constraints: x2-x0>=1328, x2-x1<=0, x1-x0<=242 are inconsistent; permanently removing: x2-x1<=0. 
08-05 14:10:11.049  1548  1548 D androidx.gridlayout.widget.GridLayout: vertical constraints: y3-y2>=80, y3-y2<=66, y2-y1<=94, y1-y0<=94 are inconsistent; permanently removing: y3-y2<=66. 
08-05 14:10:11.060  1548  1573 I art     : Starting a blocking GC Explicit
08-05 14:10:11.101  1548  1573 I art     : Explicit concurrent mark sweep GC freed 5690(272KB) AllocSpace objects, 1(20KB) LOS objects, 26% free, 43MB/59MB, paused 1.428ms total 40.887ms
08-05 14:10:11.113  1548  1573 I art     : Starting a blocking GC Explicit
08-05 14:10:11.114  1548  1568 W PodDBAdapter: Length of id array is larger than 800. Creating multiple cursors
08-05 14:10:11.139   918   936 I ActivityManager: Displayed baseline.de.danoeh.antennapod.debug/baseline.de.danoeh.antennapod.activity.FeedInfoActivity: +139ms
08-05 14:10:11.139 13866 13866 I GoogleInputMethodServic: GoogleInputMethodService.onFinishInput():3138 
08-05 14:10:11.140 13866 13866 I GoogleInputMethodServic: GoogleInputMethodService.onStartInput():1808 
08-05 14:10:11.156  1548  1573 I art     : Explicit concurrent mark sweep GC freed 2506(220KB) AllocSpace objects, 0(0B) LOS objects, 26% free, 44MB/60MB, paused 1.244ms total 43.563ms
08-05 14:10:11.168  1548  1573 I art     : Starting a blocking GC Explicit
08-05 14:10:11.184  1548  1569 D OpenGLRenderer: endAllStagingAnimators on 0x7f7ed88800 (RippleDrawable) with handle 0x7f99eaff20
08-05 14:10:11.187  1548  1548 D FeedInfoActivity: Language is en
08-05 14:10:11.188  1548  1548 D FeedInfoActivity: Author is Joe Rogan
08-05 14:10:11.188  1548  1548 D FeedInfoActivity: URL is http://joeroganexp.joerogan.libsynpro.com/rss
08-05 14:10:11.191  1548  2526 D ApOkHttpUrlLoader: buildLoadData() called with: model = [http://static.libsyn.com/p/assets/7/1/f/3/71f3014e14ef2722/JREiTunesImage2.jpg], width = [1440], height = [462]
08-05 14:10:11.200   918  3714 W IntentResolver: resolveIntent: multiple matches, only some with CATEGORY_DEFAULT
08-05 14:10:11.206  1548  1548 D androidx.gridlayout.widget.GridLayout: horizontal constraints: x2-x0>=1328, x2-x1<=232, x1-x0<=242 are inconsistent; permanently removing: x2-x1<=232. 
08-05 14:10:11.207  1548  1548 D androidx.gridlayout.widget.GridLayout: vertical constraints: y3-y2>=80, y3-y2<=66, y2-y1<=94, y1-y0<=94 are inconsistent; permanently removing: y3-y2<=66. 
08-05 14:10:11.214  1548  1573 I art     : Explicit concurrent mark sweep GC freed 5827(128KB) AllocSpace objects, 1(16KB) LOS objects, 25% free, 47MB/63MB, paused 1.579ms total 44.883ms
08-05 14:10:11.226  1548  1573 I art     : Starting a blocking GC Explicit
08-05 14:10:11.269  1548  1573 I art     : Explicit concurrent mark sweep GC freed 1859(68KB) AllocSpace objects, 1(16KB) LOS objects, 25% free, 47MB/63MB, paused 1.089ms total 42.017ms
08-05 14:10:11.281  1548  1573 I art     : Starting a blocking GC Explicit
08-05 14:10:11.328  1548  1573 I art     : Explicit concurrent mark sweep GC freed 232(19KB) AllocSpace objects, 0(0B) LOS objects, 25% free, 47MB/63MB, paused 996us total 46.440ms
08-05 14:10:11.400   380   380 W SurfaceFlinger: couldn't log to binary event log: overflow.
08-05 14:10:11.546  1548  1548 D PlaybackController: Releasing PlaybackController
08-05 14:10:11.549   512  2967 D audio_hw_primary: disable_audio_route: reset and update mixer path: low-latency-playback speaker
08-05 14:10:11.551   512  2967 D audio_hw_primary: disable_snd_device: snd_device(2: speaker)
08-05 14:10:11.560   512  2967 I soundtrigger: audio_extn_sound_trigger_update_device_status: device 0x2 of type 0 for Event 0
08-05 14:10:11.637  1548  1573 I art     : Starting a blocking GC Explicit
08-05 14:10:11.692  1548  1573 I art     : Explicit concurrent mark sweep GC freed 1704(98KB) AllocSpace objects, 1(20KB) LOS objects, 25% free, 47MB/63MB, paused 1.070ms total 54.878ms
08-05 14:10:11.713  1548  1573 I art     : Starting a blocking GC Explicit
08-05 14:10:11.760  1548  1573 I art     : Explicit concurrent mark sweep GC freed 55(1824B) AllocSpace objects, 0(0B) LOS objects, 25% free, 47MB/63MB, paused 990us total 46.608ms
08-05 14:10:11.773  1548  1573 I art     : Starting a blocking GC Explicit
08-05 14:10:11.821  1548  1573 I art     : Explicit concurrent mark sweep GC freed 3(96B) AllocSpace objects, 0(0B) LOS objects, 25% free, 47MB/63MB, paused 998us total 47.812ms
08-05 14:10:11.835  1548  1573 I art     : Starting a blocking GC Explicit
08-05 14:10:11.882  1548  1573 I art     : Explicit concurrent mark sweep GC freed 3(96B) AllocSpace objects, 0(0B) LOS objects, 25% free, 47MB/63MB, paused 985us total 46.610ms
08-05 14:10:11.895  1548  1573 I art     : Starting a blocking GC Explicit
08-05 14:10:11.943  1548  1573 I art     : Explicit concurrent mark sweep GC freed 3(96B) AllocSpace objects, 0(0B) LOS objects, 25% free, 47MB/63MB, paused 1.098ms total 47.888ms
08-05 14:10:12.265  1548  1560 I art     : Starting a blocking GC Explicit
08-05 14:10:12.318  1548  1560 I art     : Explicit concurrent mark sweep GC freed 1372(80KB) AllocSpace objects, 1(20KB) LOS objects, 25% free, 47MB/63MB, paused 1.097ms total 53.092ms
08-05 14:10:12.331  1548  1560 I art     : Starting a blocking GC Explicit
08-05 14:10:12.380  1548  1560 I art     : Explicit concurrent mark sweep GC freed 23(752B) AllocSpace objects, 0(0B) LOS objects, 25% free, 47MB/63MB, paused 989us total 48.096ms
08-05 14:10:12.393  1548  1560 I art     : Starting a blocking GC Explicit
08-05 14:10:12.440  1548  1560 I art     : Explicit concurrent mark sweep GC freed 3(96B) AllocSpace objects, 0(0B) LOS objects, 25% free, 47MB/63MB, paused 976us total 46.257ms
08-05 14:10:12.452  1548  1560 I art     : Starting a blocking GC Explicit
08-05 14:10:12.501  1548  1560 I art     : Explicit concurrent mark sweep GC freed 3(96B) AllocSpace objects, 0(0B) LOS objects, 25% free, 47MB/63MB, paused 1.052ms total 47.792ms
08-05 14:10:12.514  1548  1560 I art     : Starting a blocking GC Explicit
08-05 14:10:12.561  1548  1560 I art     : Explicit concurrent mark sweep GC freed 3(96B) AllocSpace objects, 0(0B) LOS objects, 25% free, 47MB/63MB, paused 986us total 46.279ms
08-05 14:10:12.882  1548  1573 I art     : Starting a blocking GC Explicit
08-05 14:10:12.930  1548  1573 I art     : Explicit concurrent mark sweep GC freed 1430(82KB) AllocSpace objects, 1(20KB) LOS objects, 25% free, 47MB/63MB, paused 1.095ms total 47.754ms
08-05 14:10:12.943  1548  1573 I art     : Starting a blocking GC Explicit
08-05 14:10:12.990  1548  1573 I art     : Explicit concurrent mark sweep GC freed 23(752B) AllocSpace objects, 0(0B) LOS objects, 25% free, 47MB/63MB, paused 996us total 46.531ms
08-05 14:10:13.003  1548  1573 I art     : Starting a blocking GC Explicit
08-05 14:10:13.050  1548  1573 I art     : Explicit concurrent mark sweep GC freed 3(96B) AllocSpace objects, 0(0B) LOS objects, 25% free, 47MB/63MB, paused 946us total 46.743ms
08-05 14:10:13.063  1548  1573 I art     : Starting a blocking GC Explicit
08-05 14:10:13.110  1548  1573 I art     : Explicit concurrent mark sweep GC freed 3(96B) AllocSpace objects, 0(0B) LOS objects, 25% free, 47MB/63MB, paused 986us total 47.085ms
08-05 14:10:13.123  1548  1573 I art     : Starting a blocking GC Explicit
08-05 14:10:13.171  1548  1573 I art     : Explicit concurrent mark sweep GC freed 3(96B) AllocSpace objects, 0(0B) LOS objects, 25% free, 47MB/63MB, paused 1.116ms total 47.083ms
08-05 14:10:13.516  1548  2782 I art     : Starting a blocking GC Explicit
08-05 14:10:13.566  1548  2782 I art     : Explicit concurrent mark sweep GC freed 1373(82KB) AllocSpace objects, 1(20KB) LOS objects, 25% free, 47MB/63MB, paused 995us total 49.648ms
08-05 14:10:13.579  1548  2782 I art     : Starting a blocking GC Explicit
08-05 14:10:13.628  1548  2782 I art     : Explicit concurrent mark sweep GC freed 23(752B) AllocSpace objects, 0(0B) LOS objects, 25% free, 47MB/63MB, paused 1.106ms total 48.261ms
08-05 14:10:13.641  1548  2782 I art     : Starting a blocking GC Explicit
08-05 14:10:13.688  1548  2782 I art     : Explicit concurrent mark sweep GC freed 32(880B) AllocSpace objects, 0(0B) LOS objects, 25% free, 47MB/63MB, paused 1.030ms total 46.801ms
08-05 14:10:13.701  1548  2782 I art     : Starting a blocking GC Explicit
08-05 14:10:13.749  1548  2782 I art     : Explicit concurrent mark sweep GC freed 3(96B) AllocSpace objects, 0(0B) LOS objects, 25% free, 47MB/63MB, paused 1.044ms total 48.293ms
08-05 14:10:13.763  1548  2782 I art     : Starting a blocking GC Explicit
08-05 14:10:13.811  1548  2782 I art     : Explicit concurrent mark sweep GC freed 3(96B) AllocSpace objects, 0(0B) LOS objects, 25% free, 47MB/63MB, paused 1.004ms total 48.081ms
08-05 14:10:14.147  1548  1560 I art     : Starting a blocking GC Explicit
08-05 14:10:14.208  1548  1560 I art     : Explicit concurrent mark sweep GC freed 1373(81KB) AllocSpace objects, 1(20KB) LOS objects, 25% free, 47MB/63MB, paused 1.069ms total 60.466ms
08-05 14:10:14.221  1548  1560 I art     : Starting a blocking GC Explicit
08-05 14:10:14.263  1548  1560 I art     : Explicit concurrent mark sweep GC freed 23(752B) AllocSpace objects, 0(0B) LOS objects, 25% free, 47MB/63MB, paused 933us total 41.399ms
08-05 14:10:14.275  1548  1560 I art     : Starting a blocking GC Explicit
08-05 14:10:14.322  1548  1560 I art     : Explicit concurrent mark sweep GC freed 3(96B) AllocSpace objects, 0(0B) LOS objects, 25% free, 47MB/63MB, paused 1.096ms total 47.199ms
08-05 14:10:14.336  1548  1560 I art     : Starting a blocking GC Explicit
08-05 14:10:14.377  1548  1560 I art     : Explicit concurrent mark sweep GC freed 3(96B) AllocSpace objects, 0(0B) LOS objects, 25% free, 47MB/63MB, paused 993us total 40.695ms
08-05 14:10:14.389  1548  1560 I art     : Starting a blocking GC Explicit
08-05 14:10:14.434  1548  1560 I art     : Explicit concurrent mark sweep GC freed 3(96B) AllocSpace objects, 0(0B) LOS objects, 25% free, 47MB/63MB, paused 964us total 44.364ms
08-05 14:10:14.753  1548  1561 I art     : Starting a blocking GC Explicit
08-05 14:10:14.792  1548  1561 I art     : Explicit concurrent mark sweep GC freed 2104(107KB) AllocSpace objects, 1(20KB) LOS objects, 25% free, 47MB/63MB, paused 868us total 38.901ms
08-05 14:10:14.803  1548  1561 I art     : Starting a blocking GC Explicit
08-05 14:10:14.842  1548  1561 I art     : Explicit concurrent mark sweep GC freed 23(752B) AllocSpace objects, 0(0B) LOS objects, 25% free, 47MB/63MB, paused 862us total 38.293ms
08-05 14:10:14.853  1548  1561 I art     : Starting a blocking GC Explicit
08-05 14:10:14.896  1548  1561 I art     : Explicit concurrent mark sweep GC freed 3(96B) AllocSpace objects, 0(0B) LOS objects, 25% free, 47MB/63MB, paused 958us total 42.039ms
08-05 14:10:14.908  1548  1561 I art     : Starting a blocking GC Explicit
08-05 14:10:14.953  1548  1561 I art     : Explicit concurrent mark sweep GC freed 3(96B) AllocSpace objects, 0(0B) LOS objects, 25% free, 47MB/63MB, paused 975us total 44.449ms
08-05 14:10:14.965  1548  1561 I art     : Starting a blocking GC Explicit
08-05 14:10:15.012  1548  1561 I art     : Explicit concurrent mark sweep GC freed 7(256B) AllocSpace objects, 0(0B) LOS objects, 25% free, 47MB/63MB, paused 981us total 46.477ms
08-05 14:10:15.323  1548  2782 I art     : Starting a blocking GC Explicit
08-05 14:10:15.370  1548  2782 I art     : Explicit concurrent mark sweep GC freed 2261(112KB) AllocSpace objects, 1(20KB) LOS objects, 25% free, 47MB/63MB, paused 1.049ms total 46.502ms
08-05 14:10:15.383  1548  2782 I art     : Starting a blocking GC Explicit
08-05 14:10:15.427  1548  2782 I art     : Explicit concurrent mark sweep GC freed 23(752B) AllocSpace objects, 0(0B) LOS objects, 25% free, 47MB/63MB, paused 1.164ms total 43.862ms
08-05 14:10:15.440  1548  2782 I art     : Starting a blocking GC Explicit
08-05 14:10:15.484  1548  2782 I art     : Explicit concurrent mark sweep GC freed 3(96B) AllocSpace objects, 0(0B) LOS objects, 25% free, 47MB/63MB, paused 968us total 44.167ms
08-05 14:10:15.497  1548  2782 I art     : Starting a blocking GC Explicit
08-05 14:10:15.541  1548  2782 I art     : Explicit concurrent mark sweep GC freed 3(96B) AllocSpace objects, 0(0B) LOS objects, 25% free, 47MB/63MB, paused 987us total 44.375ms
08-05 14:10:15.554  1548  2782 I art     : Starting a blocking GC Explicit
08-05 14:10:15.598  1548  2782 I art     : Explicit concurrent mark sweep GC freed 3(96B) AllocSpace objects, 0(0B) LOS objects, 25% free, 47MB/63MB, paused 1.046ms total 43.805ms
08-05 14:10:15.598  1548  1559 I art     : WaitForGcToComplete blocked for 30.162ms for cause HeapTrim
08-05 14:10:15.647  4485  4485 D AndroidRuntime: >>>>>> START com.android.internal.os.RuntimeInit uid 2000 <<<<<<
08-05 14:10:15.652  4485  4485 D AndroidRuntime: CheckJNI is OFF
08-05 14:10:15.685  4485  4485 D ICU     : No timezone override file found: /data/misc/zoneinfo/current/icu/icu_tzdata.dat
08-05 14:10:15.719  4485  4485 I Radio-JNI: register_android_hardware_Radio DONE
08-05 14:10:15.742  4485  4485 D AndroidRuntime: Calling main entry com.android.commands.input.Input
08-05 14:10:15.743  4485  4485 I Input   : injectKeyEvent: KeyEvent { action=ACTION_DOWN, keyCode=KEYCODE_BACK, scanCode=0, metaState=0, flags=0x0, repeatCount=0, eventTime=799832156, downTime=799832156, deviceId=-1, source=0x101 }
08-05 14:10:15.758  4485  4485 I Input   : injectKeyEvent: KeyEvent { action=ACTION_UP, keyCode=KEYCODE_BACK, scanCode=0, metaState=0, flags=0x0, repeatCount=0, eventTime=799832156, downTime=799832156, deviceId=-1, source=0x101 }
08-05 14:10:15.765  4485  4485 D AndroidRuntime: Shutting down VM
08-05 14:10:15.770  1548  1548 V PlaybackController: initServiceNotRunning()
08-05 14:10:15.771  1548  1548 D ExternalPlayerFragment: Loading media info
08-05 14:10:15.774  1548  1548 D ItemlistFragment: onEventMainThread() called with: event = [DownloadEvent{update=DownloaderUpdate{downloaders=[], feedIds=[], mediaIds=[]}}]
08-05 14:10:15.776  1548  2526 D ApOkHttpUrlLoader: buildLoadData() called with: model = [http://static.libsyn.com/p/assets/7/1/f/3/71f3014e14ef2722/JREiTunesImage2.jpg], width = [1440], height = [462]
08-05 14:10:15.777  1548  1548 D UserPreferences: Using default data folder
08-05 14:10:15.778  1548  1568 D DBReader: getNavDrawerData() called with: 
08-05 14:10:15.780  1548  2084 D DBReader: getFeed() called with: feedId = [2]
08-05 14:10:15.787  1548  2084 D DBReader: getFeedItemList() called with: feed = [baseline.de.danoeh.antennapod.core.feed.Feed@2]
08-05 14:10:15.788  1548  1548 D FeedMenuHandler: Preparing options menu
08-05 14:10:15.790  1548  1568 D DBReader: getDownloadedItems() called
08-05 14:10:15.805  1548  1568 D DBReader: getFavoriteIDList() called
08-05 14:10:15.806  1548  1568 D DBReader: getQueueIDList() called
08-05 14:10:15.806  1548  1568 D DBReader: Extracting Feedlist
08-05 14:10:15.831 13866 13866 I GoogleInputMethodServic: GoogleInputMethodService.onFinishInput():3138 
08-05 14:10:15.832 13866 13866 I GoogleInputMethodServic: GoogleInputMethodService.onStartInput():1808 
08-05 14:10:15.856  1548  1548 D MainActivity: getLastNavFragment() -> 2
08-05 14:10:15.864  1548  2084 W PodDBAdapter: Length of id array is larger than 800. Creating multiple cursors
08-05 14:10:15.886  1548  2782 I art     : Starting a blocking GC Explicit
08-05 14:10:15.928  1548  2084 D DBReader: getFavoriteIDList() called
08-05 14:10:15.929  1548  2084 D DBReader: getQueueIDList() called
08-05 14:10:15.932  1548  2084 D DBReader: Extracting Feedlist
08-05 14:10:15.934  1548  2782 I art     : Explicit concurrent mark sweep GC freed 12130(526KB) AllocSpace objects, 2(36KB) LOS objects, 23% free, 51MB/67MB, paused 2.032ms total 48.482ms
08-05 14:10:15.934  1548  2526 D ApOkHttpUrlLoader: buildLoadData() called with: model = [http://static.libsyn.com/p/assets/7/1/f/3/71f3014e14ef2722/JREiTunesImage2.jpg], width = [1440], height = [462]
08-05 14:10:15.950  1548  1548 D FeedMenuHandler: Preparing options menu
08-05 14:10:15.952  1548  2782 I art     : Starting a blocking GC Explicit
08-05 14:10:15.997  1548  2782 I art     : Explicit concurrent mark sweep GC freed 30929(2MB) AllocSpace objects, 1(16KB) LOS objects, 23% free, 52MB/68MB, paused 958us total 44.648ms
08-05 14:10:16.009  1548  2782 I art     : Starting a blocking GC Explicit
08-05 14:10:16.050  1548  2782 I art     : Explicit concurrent mark sweep GC freed 1278(85KB) AllocSpace objects, 0(0B) LOS objects, 23% free, 52MB/68MB, paused 863us total 41.183ms
08-05 14:10:16.062  1548  2782 I art     : Starting a blocking GC Explicit
08-05 14:10:16.105  1548  2782 I art     : Explicit concurrent mark sweep GC freed 52(3KB) AllocSpace objects, 0(0B) LOS objects, 23% free, 52MB/68MB, paused 916us total 42.365ms
08-05 14:10:16.118  1548  2782 I art     : Starting a blocking GC Explicit
08-05 14:10:16.155   380   380 W SurfaceFlinger: couldn't log to binary event log: overflow.
08-05 14:10:16.158  1548  2782 I art     : Explicit concurrent mark sweep GC freed 3(96B) AllocSpace objects, 0(0B) LOS objects, 23% free, 52MB/68MB, paused 1.374ms total 40.222ms
08-05 14:10:16.454  1548  1560 I art     : Starting a blocking GC Explicit
08-05 14:10:16.506  1548  1560 I art     : Explicit concurrent mark sweep GC freed 2024(109KB) AllocSpace objects, 1(20KB) LOS objects, 23% free, 52MB/68MB, paused 997us total 51.234ms
08-05 14:10:16.519  1548  1560 I art     : Starting a blocking GC Explicit
08-05 14:10:16.560  1548  1560 I art     : Explicit concurrent mark sweep GC freed 29265(2MB) AllocSpace objects, 3(84KB) LOS objects, 24% free, 50MB/66MB, paused 1.022ms total 40.642ms
08-05 14:10:16.572  1548  1560 I art     : Starting a blocking GC Explicit
08-05 14:10:16.609  1548  1560 I art     : Explicit concurrent mark sweep GC freed 3(96B) AllocSpace objects, 0(0B) LOS objects, 24% free, 50MB/66MB, paused 1.012ms total 37.221ms
08-05 14:10:16.620  1548  1560 I art     : Starting a blocking GC Explicit
08-05 14:10:16.659  1548  1560 I art     : Explicit concurrent mark sweep GC freed 32(880B) AllocSpace objects, 0(0B) LOS objects, 24% free, 50MB/66MB, paused 987us total 38.085ms
08-05 14:10:16.670  1548  1560 I art     : Starting a blocking GC Explicit
08-05 14:10:16.708  1548  1560 I art     : Explicit concurrent mark sweep GC freed 3(96B) AllocSpace objects, 0(0B) LOS objects, 24% free, 50MB/66MB, paused 1.014ms total 38.059ms
08-05 14:10:17.016  1548  2782 I art     : Starting a blocking GC Explicit
08-05 14:10:17.055  1548  2782 I art     : Explicit concurrent mark sweep GC freed 1374(81KB) AllocSpace objects, 1(20KB) LOS objects, 24% free, 50MB/66MB, paused 1.005ms total 38.421ms
08-05 14:10:17.066  1548  2782 I art     : Starting a blocking GC Explicit
08-05 14:10:17.102  1548  2782 I art     : Explicit concurrent mark sweep GC freed 23(752B) AllocSpace objects, 0(0B) LOS objects, 24% free, 50MB/66MB, paused 987us total 35.865ms
08-05 14:10:17.113  1548  2782 I art     : Starting a blocking GC Explicit
08-05 14:10:17.150  1548  2782 I art     : Explicit concurrent mark sweep GC freed 3(96B) AllocSpace objects, 0(0B) LOS objects, 24% free, 50MB/66MB, paused 1.025ms total 36.025ms
08-05 14:10:17.161  1548  2782 I art     : Starting a blocking GC Explicit
08-05 14:10:17.197  1548  2782 I art     : Explicit concurrent mark sweep GC freed 3(96B) AllocSpace objects, 0(0B) LOS objects, 24% free, 50MB/66MB, paused 984us total 35.864ms
08-05 14:10:17.208  1548  2782 I art     : Starting a blocking GC Explicit
08-05 14:10:17.244  1548  2782 I art     : Explicit concurrent mark sweep GC freed 3(96B) AllocSpace objects, 0(0B) LOS objects, 24% free, 50MB/66MB, paused 979us total 35.927ms
08-05 14:10:17.426  4535  4535 D AndroidRuntime: >>>>>> START com.android.internal.os.RuntimeInit uid 2000 <<<<<<
08-05 14:10:17.431  4535  4535 D AndroidRuntime: CheckJNI is OFF
08-05 14:10:17.464  4535  4535 D ICU     : No timezone override file found: /data/misc/zoneinfo/current/icu/icu_tzdata.dat
08-05 14:10:17.498  4535  4535 I Radio-JNI: register_android_hardware_Radio DONE
08-05 14:10:17.519  4535  4535 D AndroidRuntime: Calling main entry com.android.commands.input.Input
08-05 14:10:17.521  4535  4535 I Input   : injectMotionEvent: MotionEvent { action=ACTION_DOWN, actionButton=0, id[0]=0, x[0]=733.0, y[0]=896.0, toolType[0]=TOOL_TYPE_UNKNOWN, buttonState=0, metaState=0, flags=0x0, edgeFlags=0x0, pointerCount=1, historySize=0, eventTime=799833934, downTime=799833934, deviceId=0, source=0x1002 }
08-05 14:10:17.526  4535  4535 I Input   : injectMotionEvent: MotionEvent { action=ACTION_UP, actionButton=0, id[0]=0, x[0]=733.0, y[0]=896.0, toolType[0]=TOOL_TYPE_UNKNOWN, buttonState=0, metaState=0, flags=0x0, edgeFlags=0x0, pointerCount=1, historySize=0, eventTime=799833934, downTime=799833934, deviceId=0, source=0x1002 }
08-05 14:10:17.528  4535  4535 D AndroidRuntime: Shutting down VM
08-05 14:10:17.540  1548  1560 I art     : Starting a blocking GC Explicit
08-05 14:10:17.579  1548  1560 I art     : Explicit concurrent mark sweep GC freed 1416(83KB) AllocSpace objects, 1(20KB) LOS objects, 24% free, 50MB/66MB, paused 1.092ms total 37.832ms
08-05 14:10:17.590  1548  1560 I art     : Starting a blocking GC Explicit
08-05 14:10:17.595   512  2967 D audio_hw_primary: out_set_parameters: enter: usecase(1: low-latency-playback) kvpairs: routing=2
08-05 14:10:17.609   512  2967 D audio_hw_primary: select_devices: out_snd_device(2: speaker) in_snd_device(0: none)
08-05 14:10:17.609   512  2967 D msm8974_platform: platform_send_audio_calibration: sending audio calibration for snd_device(2) acdb_id(15)
08-05 14:10:17.609   512  2967 I soundtrigger: audio_extn_sound_trigger_update_device_status: device 0x2 of type 0 for Event 1
08-05 14:10:17.618   512  2967 D audio_hw_primary: enable_snd_device: snd_device(2: speaker)
08-05 14:10:17.621   512  2967 D audio_hw_primary: enable_audio_route: apply and update mixer path: low-latency-playback speaker
08-05 14:10:17.625  1548  1548 I WebViewFactory: Loading com.google.android.webview version 84.0.4147.89 (code 414708953)
08-05 14:10:17.633  1548  1560 I art     : Explicit concurrent mark sweep GC freed 1005(59KB) AllocSpace objects, 0(0B) LOS objects, 24% free, 50MB/66MB, paused 1.983ms total 42.542ms
08-05 14:10:17.646  1548  1560 I art     : Starting a blocking GC Explicit
08-05 14:10:17.682  1548  1560 I art     : Explicit concurrent mark sweep GC freed 1824(149KB) AllocSpace objects, 0(0B) LOS objects, 23% free, 51MB/67MB, paused 1.771ms total 35.640ms
08-05 14:10:17.696  1548  1560 I art     : Starting a blocking GC Explicit
08-05 14:10:17.708  1548  1548 I cr_LibraryLoader: Loaded native library version number "84.0.4147.89"
08-05 14:10:17.709  1548  1548 I cr_CachingUmaRecorder: Flushed 5 samples from 5 histograms.
08-05 14:10:17.734  1548  1560 I art     : Explicit concurrent mark sweep GC freed 2571(275KB) AllocSpace objects, 2(40KB) LOS objects, 23% free, 51MB/67MB, paused 1.441ms total 37.447ms
08-05 14:10:17.745  1548  1560 I art     : Starting a blocking GC Explicit
08-05 14:10:17.750  1548  1548 E chromium: [ERROR:filesystem_posix.cc(62)] mkdir /data/user/0/baseline.de.danoeh.antennapod.debug/cache/WebView/Crashpad: No such file or directory (2)
08-05 14:10:17.786  1548  1560 I art     : Explicit concurrent mark sweep GC freed 1173(110KB) AllocSpace objects, 0(0B) LOS objects, 23% free, 51MB/67MB, paused 1.439ms total 40.142ms
08-05 14:10:17.830   918  3670 D ConnectivityService: listenForNetwork for Listen from uid/pid:10695/1548 for NetworkRequest [ id=3306, legacyType=-1, [ Capabilities: INTERNET&NOT_RESTRICTED&TRUSTED] ]
08-05 14:10:17.863  1548  1575 D DBReader: getFeedItem() called with: itemId = [2]
08-05 14:10:17.863  1548  1575 D DBReader: Loading feeditem with id 2
08-05 14:10:17.864  1548  1548 D ItemFragment: onEventMainThread() called with: event = [DownloadEvent{update=DownloaderUpdate{downloaders=[], feedIds=[], mediaIds=[]}}]
08-05 14:10:17.866  1548  1575 D DBReader: getFavoriteIDList() called
08-05 14:10:17.866  1548  1575 D DBReader: getQueueIDList() called
08-05 14:10:17.867  1548  1575 D DBReader: Extracting Feedlist
08-05 14:10:17.869 13866 13866 I GoogleInputMethodServic: GoogleInputMethodService.onFinishInput():3138 
08-05 14:10:17.869 13866 13866 I GoogleInputMethodServic: GoogleInputMethodService.onStartInput():1808 
08-05 14:10:17.874  1548  1575 D DBReader: loadExtraInformationOfFeedItem() called with: item = [FeedItem[autoDownload=1,chapters=<null>,contentEncoded=<null>,description=<null>,feed=baseline.de.danoeh.antennapod.core.feed.Feed@f92a898,feedId=2,flattrStatus=baseline.de.danoeh.antennapod.core.util.flattr.FlattrStatus@e6048f1,hasChapters=false,imageUrl=http://static.libsyn.com/p/assets/2/7/8/6/278615fe73b1f0ca/JRE1514.jpg,itemIdentifier=a0870b6b-c887-4883-930c-a06d5e1a8f7e,link=http://traffic.libsyn.com/joeroganexp/p1514.mp3,media=baseline.de.danoeh.antennapod.core.feed.FeedMedia@9eacd6,paymentLink=<null>,pubDate=Fri Jul 24 21:00:00 GMT+02:00 2020,state=-1,tags=[],title=#1514 - Joe De Sena,id=2]]
08-05 14:10:17.877  1548  1548 E libEGL  : validate_display:255 error 3008 (EGL_BAD_DISPLAY)
08-05 14:10:17.924   918   935 D BluetoothManagerService: Added callback: android.bluetooth.IBluetoothManagerCallback$Stub$Proxy@45bea77:true
08-05 14:10:17.934  1548  2526 D ApOkHttpUrlLoader: buildLoadData() called with: model = [http://static.libsyn.com/p/assets/2/7/8/6/278615fe73b1f0ca/JRE1514.jpg], width = [175], height = [175]
08-05 14:10:17.938  1548  2312 D DBReader: getImageAuthentication() called with: imageUrl = [http://static.libsyn.com/p/assets/2/7/8/6/278615fe73b1f0ca/JRE1514.jpg]
08-05 14:10:17.941  1548  2312 D ApOkHttpUrlLoader: no credentials for 'http://static.libsyn.com/p/assets/2/7/8/6/278615fe73b1f0ca/JRE1514.jpg'
08-05 14:10:18.087  1548  2312 D MYTAG   : interceptor 2a
08-05 14:10:18.087  1548  2312 I NAPPA_EXPERIMENTATION: MetricNetworkRequestExecutionTime: REQUEST_DURATION_SYSTEM='146',REQUEST_DURATION_OKHTTP='145',REQUEST_SYNCHRONOUS='TRUE',RESPONSE_CODE='200',RESPONSE_METHOD='GET',RESPONSE_LENGTH_OKHTTP='364960',RESPONSE_LENGTH_HEADER='364960',REQUEST_PROTOCOL='http/1.1',REQUEST_URL='http://static.libsyn.com/p/assets/2/7/8/6/278615fe73b1f0ca/JRE1514.jpg',
08-05 14:10:18.092  1548  2782 I art     : Starting a blocking GC Explicit
08-05 14:10:18.131  1548  2782 I art     : Explicit concurrent mark sweep GC freed 7558(561KB) AllocSpace objects, 2(88KB) LOS objects, 23% free, 51MB/67MB, paused 1.324ms total 38.284ms
08-05 14:10:18.142  1548  2782 I art     : Starting a blocking GC Explicit
08-05 14:10:18.169   512  2967 D audio_hw_primary: disable_audio_route: reset and update mixer path: low-latency-playback speaker
08-05 14:10:18.170   512  2967 D audio_hw_primary: disable_snd_device: snd_device(2: speaker)
08-05 14:10:18.179  1548  2782 I art     : Explicit concurrent mark sweep GC freed 1349(81KB) AllocSpace objects, 4(112KB) LOS objects, 23% free, 51MB/67MB, paused 1.064ms total 36.603ms
08-05 14:10:18.180   512  2967 I soundtrigger: audio_extn_sound_trigger_update_device_status: device 0x2 of type 0 for Event 0
08-05 14:10:18.191  1548  2782 I art     : Starting a blocking GC Explicit
08-05 14:10:18.228  1548  2782 I art     : Explicit concurrent mark sweep GC freed 8(256B) AllocSpace objects, 0(0B) LOS objects, 23% free, 51MB/67MB, paused 1.155ms total 36.830ms
08-05 14:10:18.240  1548  2782 I art     : Starting a blocking GC Explicit
08-05 14:10:18.278  1548  2782 I art     : Explicit concurrent mark sweep GC freed 108(15KB) AllocSpace objects, 0(0B) LOS objects, 23% free, 51MB/67MB, paused 1.562ms total 38.412ms
08-05 14:10:18.289  1548  2782 I art     : Starting a blocking GC Explicit
08-05 14:10:18.325  1548  2782 I art     : Explicit concurrent mark sweep GC freed 98(3KB) AllocSpace objects, 0(0B) LOS objects, 23% free, 51MB/67MB, paused 957us total 35.136ms
08-05 14:10:18.658  1548  1573 I art     : Starting a blocking GC Explicit
08-05 14:10:18.706  1548  1573 I art     : Explicit concurrent mark sweep GC freed 1463(83KB) AllocSpace objects, 1(20KB) LOS objects, 23% free, 51MB/67MB, paused 1.211ms total 47.806ms
08-05 14:10:18.720  1548  1573 I art     : Starting a blocking GC Explicit
08-05 14:10:18.759  1548  1573 I art     : Explicit concurrent mark sweep GC freed 28(912B) AllocSpace objects, 0(0B) LOS objects, 23% free, 51MB/67MB, paused 962us total 38.749ms
08-05 14:10:18.770  1548  1573 I art     : Starting a blocking GC Explicit
08-05 14:10:18.812  1548  1573 I art     : Explicit concurrent mark sweep GC freed 9(288B) AllocSpace objects, 0(0B) LOS objects, 23% free, 51MB/67MB, paused 1.131ms total 41.150ms
08-05 14:10:18.824  1548  1573 I art     : Starting a blocking GC Explicit
08-05 14:10:18.865  1548  1573 I art     : Explicit concurrent mark sweep GC freed 11(352B) AllocSpace objects, 0(0B) LOS objects, 23% free, 51MB/67MB, paused 1.027ms total 40.645ms
08-05 14:10:18.878  1548  1573 I art     : Starting a blocking GC Explicit
08-05 14:10:18.919  1548  1573 I art     : Explicit concurrent mark sweep GC freed 9(288B) AllocSpace objects, 0(0B) LOS objects, 23% free, 51MB/67MB, paused 1.198ms total 40.398ms
08-05 14:10:19.258  1548  2782 I art     : Starting a blocking GC Explicit
08-05 14:10:19.303  1548  2782 I art     : Explicit concurrent mark sweep GC freed 1427(82KB) AllocSpace objects, 1(20KB) LOS objects, 23% free, 51MB/67MB, paused 1.534ms total 44.923ms
08-05 14:10:19.316  1548  2782 I art     : Starting a blocking GC Explicit
08-05 14:10:19.360  1548  2782 I art     : Explicit concurrent mark sweep GC freed 29(944B) AllocSpace objects, 0(0B) LOS objects, 23% free, 51MB/67MB, paused 1.128ms total 44.033ms
08-05 14:10:19.371  1548  2782 I art     : Starting a blocking GC Explicit
08-05 14:10:19.413  1548  2782 I art     : Explicit concurrent mark sweep GC freed 9(288B) AllocSpace objects, 0(0B) LOS objects, 23% free, 51MB/67MB, paused 1.060ms total 41.432ms
08-05 14:10:19.425  1548  2782 I art     : Starting a blocking GC Explicit
08-05 14:10:19.466  1548  2782 I art     : Explicit concurrent mark sweep GC freed 10(320B) AllocSpace objects, 0(0B) LOS objects, 23% free, 51MB/67MB, paused 1.129ms total 41.315ms
08-05 14:10:19.478  1548  2782 I art     : Starting a blocking GC Explicit
08-05 14:10:19.522  1548  2782 I art     : Explicit concurrent mark sweep GC freed 17(544B) AllocSpace objects, 0(0B) LOS objects, 23% free, 51MB/67MB, paused 1.068ms total 43.587ms
08-05 14:10:19.891  1548  1561 I art     : Starting a blocking GC Explicit
08-05 14:10:19.941  1548  1561 I art     : Explicit concurrent mark sweep GC freed 1460(83KB) AllocSpace objects, 1(20KB) LOS objects, 23% free, 51MB/67MB, paused 1.238ms total 49.818ms
08-05 14:10:19.960  1548  1561 I art     : Starting a blocking GC Explicit
08-05 14:10:20.002  1548  1561 I art     : Explicit concurrent mark sweep GC freed 23(752B) AllocSpace objects, 0(0B) LOS objects, 23% free, 51MB/67MB, paused 1.105ms total 41.657ms
08-05 14:10:20.014  1548  1561 I art     : Starting a blocking GC Explicit
08-05 14:10:20.057  1548  1561 I art     : Explicit concurrent mark sweep GC freed 3(96B) AllocSpace objects, 0(0B) LOS objects, 23% free, 51MB/67MB, paused 1.113ms total 42.293ms
08-05 14:10:20.069  1548  1561 I art     : Starting a blocking GC Explicit
08-05 14:10:20.112  1548  1561 I art     : Explicit concurrent mark sweep GC freed 3(96B) AllocSpace objects, 0(0B) LOS objects, 23% free, 51MB/67MB, paused 1.106ms total 43.097ms
08-05 14:10:20.124  1548  1561 I art     : Starting a blocking GC Explicit
08-05 14:10:20.168  1548  1561 I art     : Explicit concurrent mark sweep GC freed 3(96B) AllocSpace objects, 0(0B) LOS objects, 23% free, 51MB/67MB, paused 1.172ms total 43.519ms
08-05 14:10:20.549  1548  1560 I art     : Starting a blocking GC Explicit
08-05 14:10:20.602  1548  1560 I art     : Explicit concurrent mark sweep GC freed 1382(82KB) AllocSpace objects, 1(20KB) LOS objects, 23% free, 51MB/67MB, paused 1.115ms total 53.026ms
08-05 14:10:20.617  1548  1560 I art     : Starting a blocking GC Explicit
08-05 14:10:20.661  1548  1560 I art     : Explicit concurrent mark sweep GC freed 52(1536B) AllocSpace objects, 0(0B) LOS objects, 23% free, 51MB/67MB, paused 1.123ms total 43.440ms
08-05 14:10:20.673  1548  1560 I art     : Starting a blocking GC Explicit
08-05 14:10:20.717  1548  1560 I art     : Explicit concurrent mark sweep GC freed 3(96B) AllocSpace objects, 0(0B) LOS objects, 23% free, 51MB/67MB, paused 1.058ms total 43.314ms
08-05 14:10:20.729  1548  1560 I art     : Starting a blocking GC Explicit
08-05 14:10:20.772  1548  1560 I art     : Explicit concurrent mark sweep GC freed 3(96B) AllocSpace objects, 0(0B) LOS objects, 23% free, 51MB/67MB, paused 1.106ms total 42.788ms
08-05 14:10:20.784  1548  1560 I art     : Starting a blocking GC Explicit
08-05 14:10:20.828  1548  1560 I art     : Explicit concurrent mark sweep GC freed 3(96B) AllocSpace objects, 0(0B) LOS objects, 23% free, 51MB/67MB, paused 1.144ms total 43.444ms
08-05 14:10:21.227  1548  1573 I art     : Starting a blocking GC Explicit
08-05 14:10:21.284  1548  1573 I art     : Explicit concurrent mark sweep GC freed 1382(81KB) AllocSpace objects, 1(20KB) LOS objects, 23% free, 51MB/67MB, paused 1.228ms total 55.654ms
08-05 14:10:21.301  1548  1573 I art     : Starting a blocking GC Explicit
08-05 14:10:21.343  1548  1573 I art     : Explicit concurrent mark sweep GC freed 23(752B) AllocSpace objects, 0(0B) LOS objects, 23% free, 51MB/67MB, paused 1.079ms total 42.489ms
08-05 14:10:21.355  1548  1573 I art     : Starting a blocking GC Explicit
08-05 14:10:21.399  1548  1573 I art     : Explicit concurrent mark sweep GC freed 3(96B) AllocSpace objects, 0(0B) LOS objects, 23% free, 51MB/67MB, paused 1.171ms total 43.062ms
08-05 14:10:21.411  1548  1573 I art     : Starting a blocking GC Explicit
08-05 14:10:21.454  1548  1573 I art     : Explicit concurrent mark sweep GC freed 3(96B) AllocSpace objects, 0(0B) LOS objects, 23% free, 51MB/67MB, paused 1.110ms total 43.095ms
08-05 14:10:21.466  1548  1573 I art     : Starting a blocking GC Explicit
08-05 14:10:21.509  1548  1573 I art     : Explicit concurrent mark sweep GC freed 3(96B) AllocSpace objects, 0(0B) LOS objects, 23% free, 51MB/67MB, paused 1.159ms total 42.990ms
08-05 14:10:21.869  1548  2782 I art     : Starting a blocking GC Explicit
08-05 14:10:21.911  1548  2782 I art     : Explicit concurrent mark sweep GC freed 1411(83KB) AllocSpace objects, 1(20KB) LOS objects, 23% free, 51MB/67MB, paused 1.148ms total 42.121ms
08-05 14:10:21.923  1548  2782 I art     : Starting a blocking GC Explicit
08-05 14:10:21.964  1548  2782 I art     : Explicit concurrent mark sweep GC freed 23(752B) AllocSpace objects, 0(0B) LOS objects, 23% free, 51MB/67MB, paused 1.102ms total 40.349ms
08-05 14:10:21.976  1548  2782 I art     : Starting a blocking GC Explicit
08-05 14:10:22.016  1548  2782 I art     : Explicit concurrent mark sweep GC freed 3(96B) AllocSpace objects, 0(0B) LOS objects, 23% free, 51MB/67MB, paused 1.112ms total 39.992ms
08-05 14:10:22.027  1548  2782 I art     : Starting a blocking GC Explicit
08-05 14:10:22.068  1548  2782 I art     : Explicit concurrent mark sweep GC freed 3(96B) AllocSpace objects, 0(0B) LOS objects, 23% free, 51MB/67MB, paused 1.123ms total 39.864ms
08-05 14:10:22.079  1548  2782 I art     : Starting a blocking GC Explicit
08-05 14:10:22.119  1548  2782 I art     : Explicit concurrent mark sweep GC freed 3(96B) AllocSpace objects, 0(0B) LOS objects, 23% free, 51MB/67MB, paused 1.123ms total 40.073ms
08-05 14:10:22.200  4665  4665 D AndroidRuntime: >>>>>> START com.android.internal.os.RuntimeInit uid 2000 <<<<<<
08-05 14:10:22.205  4665  4665 D AndroidRuntime: CheckJNI is OFF
08-05 14:10:22.243  4665  4665 D ICU     : No timezone override file found: /data/misc/zoneinfo/current/icu/icu_tzdata.dat
08-05 14:10:22.279  4665  4665 I Radio-JNI: register_android_hardware_Radio DONE
08-05 14:10:22.301  4665  4665 D AndroidRuntime: Calling main entry com.android.commands.input.Input
08-05 14:10:22.303  4665  4665 I Input   : injectKeyEvent: KeyEvent { action=ACTION_DOWN, keyCode=KEYCODE_BACK, scanCode=0, metaState=0, flags=0x0, repeatCount=0, eventTime=799838716, downTime=799838716, deviceId=-1, source=0x101 }
08-05 14:10:22.315  4665  4665 I Input   : injectKeyEvent: KeyEvent { action=ACTION_UP, keyCode=KEYCODE_BACK, scanCode=0, metaState=0, flags=0x0, repeatCount=0, eventTime=799838716, downTime=799838716, deviceId=-1, source=0x101 }
08-05 14:10:22.334  1548  1548 D ItemlistFragment: onEventMainThread() called with: event = [DownloadEvent{update=DownloaderUpdate{downloaders=[], feedIds=[], mediaIds=[]}}]
08-05 14:10:22.335  1548  1568 D DBReader: getFeed() called with: feedId = [2]
08-05 14:10:22.336  4665  4665 D AndroidRuntime: Shutting down VM
08-05 14:10:22.336  1548  1568 D DBReader: getFeedItemList() called with: feed = [baseline.de.danoeh.antennapod.core.feed.Feed@2]
08-05 14:10:22.336   918  3263 D ConnectivityService: releasing NetworkRequest NetworkRequest [ id=3306, legacyType=-1, [ Capabilities: INTERNET&NOT_RESTRICTED&TRUSTED] ]
08-05 14:10:22.358  1548  1548 D FeedMenuHandler: Preparing options menu
08-05 14:10:22.402  1548  2526 D ApOkHttpUrlLoader: buildLoadData() called with: model = [http://static.libsyn.com/p/assets/7/1/f/3/71f3014e14ef2722/JREiTunesImage2.jpg], width = [1440], height = [462]
08-05 14:10:22.414  1548  1568 W PodDBAdapter: Length of id array is larger than 800. Creating multiple cursors
08-05 14:10:22.423 13866 13866 I GoogleInputMethodServic: GoogleInputMethodService.onFinishInput():3138 
08-05 14:10:22.424 13866 13866 I GoogleInputMethodServic: GoogleInputMethodService.onStartInput():1808 
08-05 14:10:22.447  1548  2782 I art     : Starting a blocking GC Explicit
08-05 14:10:22.480  1548  1568 D DBReader: getFavoriteIDList() called
08-05 14:10:22.480  1548  1568 D DBReader: getQueueIDList() called
08-05 14:10:22.481  1548  1568 D DBReader: Extracting Feedlist
08-05 14:10:22.484  1548  2526 D ApOkHttpUrlLoader: buildLoadData() called with: model = [http://static.libsyn.com/p/assets/7/1/f/3/71f3014e14ef2722/JREiTunesImage2.jpg], width = [1440], height = [462]
08-05 14:10:22.495  1548  2782 I art     : Explicit concurrent mark sweep GC freed 13643(617KB) AllocSpace objects, 3(64KB) LOS objects, 21% free, 59MB/75MB, paused 1.979ms total 47.629ms
08-05 14:10:22.505  1548  1548 D FeedMenuHandler: Preparing options menu
08-05 14:10:22.508  1548  2782 I art     : Starting a blocking GC Explicit
08-05 14:10:22.547  1548  2782 I art     : Explicit concurrent mark sweep GC freed 34707(2MB) AllocSpace objects, 6(3MB) LOS objects, 22% free, 54MB/70MB, paused 1.077ms total 38.895ms
08-05 14:10:22.557  1548  2782 I art     : Starting a blocking GC Explicit
08-05 14:10:22.592  1548  2782 I art     : Explicit concurrent mark sweep GC freed 1037(70KB) AllocSpace objects, 0(0B) LOS objects, 22% free, 53MB/69MB, paused 943us total 34.086ms
08-05 14:10:22.602  1548  2782 I art     : Starting a blocking GC Explicit
08-05 14:10:22.638  1548  2782 I art     : Explicit concurrent mark sweep GC freed 73(3KB) AllocSpace objects, 0(0B) LOS objects, 22% free, 53MB/69MB, paused 1.068ms total 35.549ms
08-05 14:10:22.649  1548  2782 I art     : Starting a blocking GC Explicit
08-05 14:10:22.684  1548  2782 I art     : Explicit concurrent mark sweep GC freed 3(96B) AllocSpace objects, 0(0B) LOS objects, 22% free, 53MB/69MB, paused 1.010ms total 34.921ms
08-05 14:10:22.818   918  3188 I hubconnection: sensorhub said: 'set_bias 3: -6.2400, 0.0000, 0.0000'
08-05 14:10:22.996  1548  1560 I art     : Starting a blocking GC Explicit
08-05 14:10:23.040  1548  1560 I art     : Explicit concurrent mark sweep GC freed 1425(83KB) AllocSpace objects, 1(20KB) LOS objects, 22% free, 53MB/69MB, paused 1.114ms total 42.993ms
08-05 14:10:23.051  1548  1560 I art     : Starting a blocking GC Explicit
08-05 14:10:23.093  1548  1560 I art     : Explicit concurrent mark sweep GC freed 25(848B) AllocSpace objects, 0(0B) LOS objects, 22% free, 53MB/69MB, paused 1.077ms total 41.395ms
08-05 14:10:23.105  1548  1560 I art     : Starting a blocking GC Explicit
08-05 14:10:23.146  1548  1560 I art     : Explicit concurrent mark sweep GC freed 3(96B) AllocSpace objects, 0(0B) LOS objects, 22% free, 53MB/69MB, paused 1.081ms total 41.192ms
08-05 14:10:23.158  1548  1560 I art     : Starting a blocking GC Explicit
08-05 14:10:23.201  1548  1560 I art     : Explicit concurrent mark sweep GC freed 3(96B) AllocSpace objects, 0(0B) LOS objects, 22% free, 53MB/69MB, paused 1.092ms total 41.909ms
08-05 14:10:23.213  1548  1560 I art     : Starting a blocking GC Explicit
08-05 14:10:23.256  1548  1560 I art     : Explicit concurrent mark sweep GC freed 3(96B) AllocSpace objects, 0(0B) LOS objects, 22% free, 53MB/69MB, paused 1.093ms total 42.919ms
08-05 14:10:23.597  1548  1573 I art     : Starting a blocking GC Explicit
08-05 14:10:23.639  1548  1573 I art     : Explicit concurrent mark sweep GC freed 1411(83KB) AllocSpace objects, 1(20KB) LOS objects, 22% free, 53MB/69MB, paused 1.202ms total 41.967ms
08-05 14:10:23.651  1548  1573 I art     : Starting a blocking GC Explicit
08-05 14:10:23.692  1548  1573 I art     : Explicit concurrent mark sweep GC freed 23(752B) AllocSpace objects, 0(0B) LOS objects, 22% free, 53MB/69MB, paused 1.114ms total 40.575ms
08-05 14:10:23.703  1548  1573 I art     : Starting a blocking GC Explicit
08-05 14:10:23.743  1548  1573 I art     : Explicit concurrent mark sweep GC freed 3(96B) AllocSpace objects, 0(0B) LOS objects, 22% free, 53MB/69MB, paused 1.078ms total 39.773ms
08-05 14:10:23.755  1548  1573 I art     : Starting a blocking GC Explicit
08-05 14:10:23.794  1548  1573 I art     : Explicit concurrent mark sweep GC freed 3(96B) AllocSpace objects, 0(0B) LOS objects, 22% free, 53MB/69MB, paused 1.133ms total 39.440ms
08-05 14:10:23.806  1548  1573 I art     : Starting a blocking GC Explicit
08-05 14:10:23.846  1548  1573 I art     : Explicit concurrent mark sweep GC freed 3(96B) AllocSpace objects, 0(0B) LOS objects, 22% free, 53MB/69MB, paused 1.102ms total 39.754ms
08-05 14:10:23.999  4711  4711 D AndroidRuntime: >>>>>> START com.android.internal.os.RuntimeInit uid 2000 <<<<<<
08-05 14:10:24.004  4711  4711 D AndroidRuntime: CheckJNI is OFF
08-05 14:10:24.034  4711  4711 D ICU     : No timezone override file found: /data/misc/zoneinfo/current/icu/icu_tzdata.dat
08-05 14:10:24.064  4711  4711 I Radio-JNI: register_android_hardware_Radio DONE
08-05 14:10:24.085  4711  4711 D AndroidRuntime: Calling main entry com.android.commands.input.Input
08-05 14:10:24.087  4711  4711 I Input   : injectMotionEvent: MotionEvent { action=ACTION_DOWN, actionButton=0, id[0]=0, x[0]=103.0, y[0]=192.0, toolType[0]=TOOL_TYPE_UNKNOWN, buttonState=0, metaState=0, flags=0x0, edgeFlags=0x0, pointerCount=1, historySize=0, eventTime=799840500, downTime=799840500, deviceId=0, source=0x1002 }
08-05 14:10:24.091  4711  4711 I Input   : injectMotionEvent: MotionEvent { action=ACTION_UP, actionButton=0, id[0]=0, x[0]=103.0, y[0]=192.0, toolType[0]=TOOL_TYPE_UNKNOWN, buttonState=0, metaState=0, flags=0x0, edgeFlags=0x0, pointerCount=1, historySize=0, eventTime=799840500, downTime=799840500, deviceId=0, source=0x1002 }
08-05 14:10:24.092  4711  4711 D AndroidRuntime: Shutting down VM
08-05 14:10:24.102   512  2967 D audio_hw_primary: out_set_parameters: enter: usecase(1: low-latency-playback) kvpairs: routing=2
08-05 14:10:24.115   512  2967 D audio_hw_primary: select_devices: out_snd_device(2: speaker) in_snd_device(0: none)
08-05 14:10:24.115   512  2967 D msm8974_platform: platform_send_audio_calibration: sending audio calibration for snd_device(2) acdb_id(15)
08-05 14:10:24.115   512  2967 I soundtrigger: audio_extn_sound_trigger_update_device_status: device 0x2 of type 0 for Event 1
08-05 14:10:24.124   512  2967 D audio_hw_primary: enable_snd_device: snd_device(2: speaker)
08-05 14:10:24.126   512  2967 D audio_hw_primary: enable_audio_route: apply and update mixer path: low-latency-playback speaker
08-05 14:10:24.170  1548  1560 I art     : Starting a blocking GC Explicit
08-05 14:10:24.211  1548  1560 I art     : Explicit concurrent mark sweep GC freed 1832(104KB) AllocSpace objects, 1(20KB) LOS objects, 22% free, 53MB/69MB, paused 1.046ms total 40.537ms
08-05 14:10:24.224  1548  1560 I art     : Starting a blocking GC Explicit
08-05 14:10:24.263  1548  1560 I art     : Explicit concurrent mark sweep GC freed 35(1312B) AllocSpace objects, 0(0B) LOS objects, 22% free, 53MB/69MB, paused 1.108ms total 39.451ms
08-05 14:10:24.275  1548  1560 I art     : Starting a blocking GC Explicit
08-05 14:10:24.312  1548  1560 I art     : Explicit concurrent mark sweep GC freed 3(96B) AllocSpace objects, 0(0B) LOS objects, 22% free, 53MB/69MB, paused 1.076ms total 36.648ms
08-05 14:10:24.323  1548  1560 I art     : Starting a blocking GC Explicit
08-05 14:10:24.360  1548  1560 I art     : Explicit concurrent mark sweep GC freed 5(160B) AllocSpace objects, 0(0B) LOS objects, 22% free, 53MB/69MB, paused 1.040ms total 36.185ms
08-05 14:10:24.371  1548  1560 I art     : Starting a blocking GC Explicit
08-05 14:10:24.407  1548  1560 I art     : Explicit concurrent mark sweep GC freed 3(96B) AllocSpace objects, 0(0B) LOS objects, 22% free, 53MB/69MB, paused 1.047ms total 36.160ms
08-05 14:10:24.669   512  2967 D audio_hw_primary: disable_audio_route: reset and update mixer path: low-latency-playback speaker
08-05 14:10:24.670   512  2967 D audio_hw_primary: disable_snd_device: snd_device(2: speaker)
08-05 14:10:24.677   512  2967 I soundtrigger: audio_extn_sound_trigger_update_device_status: device 0x2 of type 0 for Event 0
08-05 14:10:24.720  1548  1560 I art     : Starting a blocking GC Explicit
08-05 14:10:24.763  1548  1560 I art     : Explicit concurrent mark sweep GC freed 2116(107KB) AllocSpace objects, 1(20KB) LOS objects, 22% free, 53MB/69MB, paused 1.114ms total 42.294ms
08-05 14:10:24.775  1548  1560 I art     : Starting a blocking GC Explicit
08-05 14:10:24.815  1548  1560 I art     : Explicit concurrent mark sweep GC freed 31(1008B) AllocSpace objects, 0(0B) LOS objects, 22% free, 53MB/69MB, paused 1.064ms total 40.004ms
08-05 14:10:24.827  1548  1560 I art     : Starting a blocking GC Explicit
08-05 14:10:24.867  1548  1560 I art     : Explicit concurrent mark sweep GC freed 5(160B) AllocSpace objects, 0(0B) LOS objects, 22% free, 53MB/69MB, paused 1.133ms total 40.609ms
08-05 14:10:24.880  1548  1560 I art     : Starting a blocking GC Explicit
08-05 14:10:24.922  1548  1560 I art     : Explicit concurrent mark sweep GC freed 3(96B) AllocSpace objects, 0(0B) LOS objects, 22% free, 53MB/69MB, paused 1.210ms total 42.286ms
08-05 14:10:24.934  1548  1560 I art     : Starting a blocking GC Explicit
08-05 14:10:24.977  1548  1560 I art     : Explicit concurrent mark sweep GC freed 3(96B) AllocSpace objects, 0(0B) LOS objects, 22% free, 53MB/69MB, paused 1.098ms total 42.046ms
08-05 14:10:25.314  1548  1573 I art     : Starting a blocking GC Explicit
08-05 14:10:25.364  1548  1573 I art     : Explicit concurrent mark sweep GC freed 2270(113KB) AllocSpace objects, 1(20KB) LOS objects, 22% free, 53MB/69MB, paused 1.152ms total 50.607ms
08-05 14:10:25.376  1548  1573 I art     : Starting a blocking GC Explicit
08-05 14:10:25.415  1548  1573 I art     : Explicit concurrent mark sweep GC freed 23(768B) AllocSpace objects, 0(0B) LOS objects, 22% free, 53MB/69MB, paused 1.083ms total 38.567ms
08-05 14:10:25.427  1548  1573 I art     : Starting a blocking GC Explicit
08-05 14:10:25.467  1548  1573 I art     : Explicit concurrent mark sweep GC freed 3(96B) AllocSpace objects, 0(0B) LOS objects, 22% free, 53MB/69MB, paused 1.090ms total 39.123ms
08-05 14:10:25.478  1548  1573 I art     : Starting a blocking GC Explicit
08-05 14:10:25.518  1548  1573 I art     : Explicit concurrent mark sweep GC freed 3(96B) AllocSpace objects, 0(0B) LOS objects, 22% free, 53MB/69MB, paused 1.135ms total 39.811ms
08-05 14:10:25.530  1548  1573 I art     : Starting a blocking GC Explicit
08-05 14:10:25.569  1548  1573 I art     : Explicit concurrent mark sweep GC freed 3(96B) AllocSpace objects, 0(0B) LOS objects, 22% free, 53MB/69MB, paused 1.097ms total 39.160ms
08-05 14:10:25.754  4758  4758 D AndroidRuntime: >>>>>> START com.android.internal.os.RuntimeInit uid 2000 <<<<<<
08-05 14:10:25.759  4758  4758 D AndroidRuntime: CheckJNI is OFF
08-05 14:10:25.792  4758  4758 D ICU     : No timezone override file found: /data/misc/zoneinfo/current/icu/icu_tzdata.dat
08-05 14:10:25.824  4758  4758 I Radio-JNI: register_android_hardware_Radio DONE
08-05 14:10:25.845  4758  4758 D AndroidRuntime: Calling main entry com.android.commands.input.Input
08-05 14:10:25.847  4758  4758 I Input   : injectMotionEvent: MotionEvent { action=ACTION_DOWN, actionButton=0, id[0]=0, x[0]=409.0, y[0]=1034.0, toolType[0]=TOOL_TYPE_UNKNOWN, buttonState=0, metaState=0, flags=0x0, edgeFlags=0x0, pointerCount=1, historySize=0, eventTime=799842260, downTime=799842260, deviceId=0, source=0x1002 }
08-05 14:10:25.851  4758  4758 I Input   : injectMotionEvent: MotionEvent { action=ACTION_UP, actionButton=0, id[0]=0, x[0]=409.0, y[0]=1034.0, toolType[0]=TOOL_TYPE_UNKNOWN, buttonState=0, metaState=0, flags=0x0, edgeFlags=0x0, pointerCount=1, historySize=0, eventTime=799842260, downTime=799842260, deviceId=0, source=0x1002 }
08-05 14:10:25.854  4758  4758 D AndroidRuntime: Shutting down VM
08-05 14:10:25.879  1548  1560 I art     : Starting a blocking GC Explicit
08-05 14:10:25.920  1548  1560 I art     : Explicit concurrent mark sweep GC freed 1472(84KB) AllocSpace objects, 1(20KB) LOS objects, 22% free, 53MB/69MB, paused 1.286ms total 40.756ms
08-05 14:10:25.921  1548  1548 D MainActivity: loadFragment(index: 5, args: null)
08-05 14:10:25.921  1548  1548 D MainActivity: loadFragment(tag: AddFeedFragment, args: null)
08-05 14:10:25.922  1548  1548 D MainActivity: saveLastNavFragment(tag: AddFeedFragment)
08-05 14:10:25.922  1548  1548 D MainActivity: getLastNavFragment() -> AddFeedFragment
08-05 14:10:25.923   512  2967 D audio_hw_primary: out_set_parameters: enter: usecase(1: low-latency-playback) kvpairs: routing=2
08-05 14:10:25.933  1548  1560 I art     : Starting a blocking GC Explicit
08-05 14:10:25.936   512  2967 D audio_hw_primary: select_devices: out_snd_device(2: speaker) in_snd_device(0: none)
08-05 14:10:25.936   512  2967 D msm8974_platform: platform_send_audio_calibration: sending audio calibration for snd_device(2) acdb_id(15)
08-05 14:10:25.936   512  2967 I soundtrigger: audio_extn_sound_trigger_update_device_status: device 0x2 of type 0 for Event 1
08-05 14:10:25.945   512  2967 D audio_hw_primary: enable_snd_device: snd_device(2: speaker)
08-05 14:10:25.947   512  2967 D audio_hw_primary: enable_audio_route: apply and update mixer path: low-latency-playback speaker
08-05 14:10:25.960 13866 13866 I GoogleInputMethodServic: GoogleInputMethodService.onFinishInput():3138 
08-05 14:10:25.961 13866 13866 I GoogleInputMethodServic: GoogleInputMethodService.onStartInput():1808 
08-05 14:10:25.973  1548  1560 I art     : Explicit concurrent mark sweep GC freed 2056(103KB) AllocSpace objects, 1(20KB) LOS objects, 22% free, 53MB/69MB, paused 1.527ms total 39.446ms
08-05 14:10:25.985  1548  1560 I art     : Starting a blocking GC Explicit
08-05 14:10:26.023  1548  1560 I art     : Explicit concurrent mark sweep GC freed 505(24KB) AllocSpace objects, 0(0B) LOS objects, 22% free, 53MB/69MB, paused 1.120ms total 37.792ms
08-05 14:10:26.034  1548  1560 I art     : Starting a blocking GC Explicit
08-05 14:10:26.067  1548  1560 I art     : Explicit concurrent mark sweep GC freed 31248(2MB) AllocSpace objects, 9(3MB) LOS objects, 24% free, 48MB/64MB, paused 1.121ms total 32.674ms
08-05 14:10:26.077  1548  1560 I art     : Starting a blocking GC Explicit
08-05 14:10:26.105  1548  1560 I art     : Explicit concurrent mark sweep GC freed 27(1024B) AllocSpace objects, 0(0B) LOS objects, 24% free, 48MB/64MB, paused 1.004ms total 28.552ms
08-05 14:10:26.369 13866 13866 I GoogleInputMethodServic: GoogleInputMethodService.onFinishInput():3138 
08-05 14:10:26.372 13866 13866 I GoogleInputMethodServic: GoogleInputMethodService.onStartInput():1808 
08-05 14:10:26.411  1548  1573 I art     : Starting a blocking GC Explicit
08-05 14:10:26.444  1548  1573 I art     : Explicit concurrent mark sweep GC freed 1628(92KB) AllocSpace objects, 1(20KB) LOS objects, 24% free, 48MB/64MB, paused 996us total 32.651ms
08-05 14:10:26.456  1548  1573 I art     : Starting a blocking GC Explicit
08-05 14:10:26.478   512  2967 D audio_hw_primary: disable_audio_route: reset and update mixer path: low-latency-playback speaker
08-05 14:10:26.479   512  2967 D audio_hw_primary: disable_snd_device: snd_device(2: speaker)
08-05 14:10:26.489   512  2967 I soundtrigger: audio_extn_sound_trigger_update_device_status: device 0x2 of type 0 for Event 0
08-05 14:10:26.489  1548  1573 I art     : Explicit concurrent mark sweep GC freed 120(6KB) AllocSpace objects, 0(0B) LOS objects, 24% free, 48MB/64MB, paused 986us total 32.964ms
08-05 14:10:26.499  1548  1573 I art     : Starting a blocking GC Explicit
08-05 14:10:26.529  1548  1573 I art     : Explicit concurrent mark sweep GC freed 3(96B) AllocSpace objects, 0(0B) LOS objects, 24% free, 48MB/64MB, paused 1.174ms total 30.158ms
08-05 14:10:26.540  1548  1573 I art     : Starting a blocking GC Explicit
08-05 14:10:26.571  1548  1573 I art     : Explicit concurrent mark sweep GC freed 3(96B) AllocSpace objects, 0(0B) LOS objects, 24% free, 48MB/64MB, paused 1.139ms total 31.398ms
08-05 14:10:26.582  1548  1573 I art     : Starting a blocking GC Explicit
08-05 14:10:26.613  1548  1573 I art     : Explicit concurrent mark sweep GC freed 5(160B) AllocSpace objects, 0(0B) LOS objects, 24% free, 48MB/64MB, paused 994us total 31.120ms
08-05 14:10:26.936  1548  2782 I art     : Starting a blocking GC Explicit
08-05 14:10:26.971  1548  2782 I art     : Explicit concurrent mark sweep GC freed 1409(81KB) AllocSpace objects, 1(20KB) LOS objects, 24% free, 48MB/64MB, paused 1.068ms total 34.212ms
08-05 14:10:26.984  1548  2782 I art     : Starting a blocking GC Explicit
08-05 14:10:27.015  1548  2782 I art     : Explicit concurrent mark sweep GC freed 25(816B) AllocSpace objects, 0(0B) LOS objects, 24% free, 48MB/64MB, paused 1.192ms total 31.441ms
08-05 14:10:27.025  1548  2782 I art     : Starting a blocking GC Explicit
08-05 14:10:27.057  1548  2782 I art     : Explicit concurrent mark sweep GC freed 3(96B) AllocSpace objects, 0(0B) LOS objects, 24% free, 48MB/64MB, paused 1.065ms total 31.425ms
08-05 14:10:27.066  1548  2782 I art     : Starting a blocking GC Explicit
08-05 14:10:27.097  1548  2782 I art     : Explicit concurrent mark sweep GC freed 3(96B) AllocSpace objects, 0(0B) LOS objects, 24% free, 48MB/64MB, paused 1.092ms total 30.723ms
08-05 14:10:27.107  1548  2782 I art     : Starting a blocking GC Explicit
08-05 14:10:27.139  1548  2782 I art     : Explicit concurrent mark sweep GC freed 3(96B) AllocSpace objects, 0(0B) LOS objects, 24% free, 48MB/64MB, paused 1.105ms total 31.092ms
08-05 14:10:27.189   918  3261 D WifiStateMachine: starting scan for "H369AA63323"WPA_PSK with 2412,5180
08-05 14:10:27.444  1548  1561 I art     : Starting a blocking GC Explicit
08-05 14:10:27.477  1548  1561 I art     : Explicit concurrent mark sweep GC freed 1380(81KB) AllocSpace objects, 1(20KB) LOS objects, 24% free, 48MB/64MB, paused 1.157ms total 33.052ms
08-05 14:10:27.487  1548  1561 I art     : Starting a blocking GC Explicit
08-05 14:10:27.502  4802  4802 D AndroidRuntime: >>>>>> START com.android.internal.os.RuntimeInit uid 2000 <<<<<<
08-05 14:10:27.506  4802  4802 D AndroidRuntime: CheckJNI is OFF
08-05 14:10:27.518  1548  1561 I art     : Explicit concurrent mark sweep GC freed 23(752B) AllocSpace objects, 0(0B) LOS objects, 24% free, 48MB/64MB, paused 1.132ms total 30.719ms
08-05 14:10:27.527  1548  1561 I art     : Starting a blocking GC Explicit
08-05 14:10:27.543  4802  4802 D ICU     : No timezone override file found: /data/misc/zoneinfo/current/icu/icu_tzdata.dat
08-05 14:10:27.558  1548  1561 I art     : Explicit concurrent mark sweep GC freed 3(96B) AllocSpace objects, 0(0B) LOS objects, 24% free, 48MB/64MB, paused 1.255ms total 30.297ms
08-05 14:10:27.568  1548  1561 I art     : Starting a blocking GC Explicit
08-05 14:10:27.577  4802  4802 I Radio-JNI: register_android_hardware_Radio DONE
08-05 14:10:27.597  1548  1561 I art     : Explicit concurrent mark sweep GC freed 6(192B) AllocSpace objects, 0(0B) LOS objects, 24% free, 48MB/64MB, paused 1.061ms total 29.699ms
08-05 14:10:27.600  4802  4802 D AndroidRuntime: Calling main entry com.android.commands.input.Input
08-05 14:10:27.602  4802  4802 I Input   : injectMotionEvent: MotionEvent { action=ACTION_DOWN, actionButton=0, id[0]=0, x[0]=603.0, y[0]=1061.0, toolType[0]=TOOL_TYPE_UNKNOWN, buttonState=0, metaState=0, flags=0x0, edgeFlags=0x0, pointerCount=1, historySize=0, eventTime=799844014, downTime=799844014, deviceId=0, source=0x1002 }
08-05 14:10:27.607  1548  1561 I art     : Starting a blocking GC Explicit
08-05 14:10:27.607  4802  4802 I Input   : injectMotionEvent: MotionEvent { action=ACTION_UP, actionButton=0, id[0]=0, x[0]=603.0, y[0]=1061.0, toolType[0]=TOOL_TYPE_UNKNOWN, buttonState=0, metaState=0, flags=0x0, edgeFlags=0x0, pointerCount=1, historySize=0, eventTime=799844014, downTime=799844014, deviceId=0, source=0x1002 }
08-05 14:10:27.610  4802  4802 D AndroidRuntime: Shutting down VM
08-05 14:10:27.628   512  2967 D audio_hw_primary: out_set_parameters: enter: usecase(1: low-latency-playback) kvpairs: routing=2
08-05 14:10:27.637  1548  1561 I art     : Explicit concurrent mark sweep GC freed 145(7KB) AllocSpace objects, 0(0B) LOS objects, 24% free, 48MB/64MB, paused 1.131ms total 30.272ms
08-05 14:10:27.641   512  2967 D audio_hw_primary: select_devices: out_snd_device(2: speaker) in_snd_device(0: none)
08-05 14:10:27.641   512  2967 D msm8974_platform: platform_send_audio_calibration: sending audio calibration for snd_device(2) acdb_id(15)
08-05 14:10:27.641   512  2967 I soundtrigger: audio_extn_sound_trigger_update_device_status: device 0x2 of type 0 for Event 1
08-05 14:10:27.650   512  2967 D audio_hw_primary: enable_snd_device: snd_device(2: speaker)
08-05 14:10:27.652   512  2967 D audio_hw_primary: enable_audio_route: apply and update mixer path: low-latency-playback speaker
08-05 14:10:27.685 13866 13866 I GoogleInputMethodServic: GoogleInputMethodService.onFinishInput():3138 
08-05 14:10:27.685 13866 13866 I GoogleInputMethodServic: GoogleInputMethodService.onStartInput():1808 
08-05 14:10:27.762 28061 28061 I ServiceManager: Waiting for service AtCmdFwd...
08-05 14:10:27.919  1548  1560 I art     : Starting a blocking GC Explicit
08-05 14:10:27.954  1548  1560 I art     : Explicit concurrent mark sweep GC freed 4775(337KB) AllocSpace objects, 1(20KB) LOS objects, 24% free, 49MB/65MB, paused 1.259ms total 35.388ms
08-05 14:10:27.965  1548  1560 I art     : Starting a blocking GC Explicit
08-05 14:10:27.996  1548  1560 I art     : Explicit concurrent mark sweep GC freed 1834(91KB) AllocSpace objects, 1(220KB) LOS objects, 24% free, 49MB/65MB, paused 1.168ms total 30.361ms
08-05 14:10:28.005  1548  1560 I art     : Starting a blocking GC Explicit
08-05 14:10:28.035  1548  1560 I art     : Explicit concurrent mark sweep GC freed 33(1216B) AllocSpace objects, 0(0B) LOS objects, 24% free, 49MB/65MB, paused 1.310ms total 30.184ms
08-05 14:10:28.045  1548  1560 I art     : Starting a blocking GC Explicit
08-05 14:10:28.075  1548  1560 I art     : Explicit concurrent mark sweep GC freed 29(1120B) AllocSpace objects, 0(0B) LOS objects, 24% free, 49MB/65MB, paused 1.411ms total 30.451ms
08-05 14:10:28.084  1548  1560 I art     : Starting a blocking GC Explicit
08-05 14:10:28.116  1548  1560 I art     : Explicit concurrent mark sweep GC freed 27(992B) AllocSpace objects, 0(0B) LOS objects, 24% free, 49MB/65MB, paused 1.127ms total 31.113ms
08-05 14:10:28.200   512  2967 D audio_hw_primary: disable_audio_route: reset and update mixer path: low-latency-playback speaker
08-05 14:10:28.201   512  2967 D audio_hw_primary: disable_snd_device: snd_device(2: speaker)
08-05 14:10:28.209   512  2967 I soundtrigger: audio_extn_sound_trigger_update_device_status: device 0x2 of type 0 for Event 0
08-05 14:10:28.432  1548  1573 I art     : Starting a blocking GC Explicit
08-05 14:10:28.468  1548  1573 I art     : Explicit concurrent mark sweep GC freed 1515(86KB) AllocSpace objects, 1(20KB) LOS objects, 24% free, 49MB/65MB, paused 1.335ms total 34.807ms
08-05 14:10:28.479  1548  1573 I art     : Starting a blocking GC Explicit
08-05 14:10:28.512  1548  1573 I art     : Explicit concurrent mark sweep GC freed 3297(128KB) AllocSpace objects, 0(0B) LOS objects, 24% free, 49MB/65MB, paused 1.387ms total 32.940ms
08-05 14:10:28.522  1548  1573 I art     : Starting a blocking GC Explicit
08-05 14:10:28.552  1548  1573 I art     : Explicit concurrent mark sweep GC freed 246(8KB) AllocSpace objects, 0(0B) LOS objects, 24% free, 49MB/65MB, paused 1.173ms total 30.593ms
08-05 14:10:28.562  1548  1573 I art     : Starting a blocking GC Explicit
08-05 14:10:28.563  1548  4827 I NAPPA_EXPERIMENTATION: MetricNetworkRequestExecutionTime: REQUEST_DURATION_SYSTEM='890',REQUEST_DURATION_OKHTTP='52',REQUEST_SYNCHRONOUS='TRUE',RESPONSE_CODE='200',RESPONSE_METHOD='GET',RESPONSE_LENGTH_OKHTTP='37507',RESPONSE_LENGTH_HEADER='37507',REQUEST_PROTOCOL='http/1.1',REQUEST_URL='https://gpodder.net/toplist/50.json',
08-05 14:10:28.591  1548  1573 I art     : Explicit concurrent mark sweep GC freed 147(13KB) AllocSpace objects, 0(0B) LOS objects, 24% free, 49MB/65MB, paused 1.160ms total 29.553ms
08-05 14:10:28.595  1548  4828 I NAPPA_EXPERIMENTATION: MetricNetworkRequestExecutionTime: REQUEST_DURATION_SYSTEM='919',REQUEST_DURATION_OKHTTP='83',REQUEST_SYNCHRONOUS='TRUE',RESPONSE_CODE='200',RESPONSE_METHOD='GET',RESPONSE_LENGTH_OKHTTP='2923',RESPONSE_LENGTH_HEADER='2923',REQUEST_PROTOCOL='http/1.1',REQUEST_URL='https://gpodder.net/api/2/tags/50.json',
08-05 14:10:28.602  1548  1573 I art     : Starting a blocking GC Explicit
08-05 14:10:28.624  1548  2526 D ApOkHttpUrlLoader: buildLoadData() called with: model = [http://sixgun.org/files/linuxoutlaws.jpg], width = [224], height = [224]
08-05 14:10:28.626  1548  2312 D DBReader: getImageAuthentication() called with: imageUrl = [http://sixgun.org/files/linuxoutlaws.jpg]
08-05 14:10:28.630  1548  2312 D ApOkHttpUrlLoader: no credentials for 'http://sixgun.org/files/linuxoutlaws.jpg'
08-05 14:10:28.634  1548  1573 I art     : Explicit concurrent mark sweep GC freed 4489(343KB) AllocSpace objects, 3(192KB) LOS objects, 24% free, 49MB/65MB, paused 1.467ms total 31.598ms
08-05 14:10:28.637  1548  2526 D ApOkHttpUrlLoader: buildLoadData() called with: model = [https://files.thisamericanlife.org/sites/all/themes/thislife/img/tal-name-1400x1400.png], width = [224], height = [224]
08-05 14:10:28.638  1548  2311 D DBReader: getImageAuthentication() called with: imageUrl = [https://files.thisamericanlife.org/sites/all/themes/thislife/img/tal-name-1400x1400.png]
08-05 14:10:28.641  1548  2526 D ApOkHttpUrlLoader: buildLoadData() called with: model = [https://elroy.twit.tv/sites/default/files/styles/twit_album_art_2048x2048/public/images/shows/floss_weekly/album_art/audio/floss_albumart_mask.jpg?itok=IUjxKpwt], width = [224], height = [224]
08-05 14:10:28.643  1548  2311 D ApOkHttpUrlLoader: no credentials for 'https://files.thisamericanlife.org/sites/all/themes/thislife/img/tal-name-1400x1400.png'
08-05 14:10:28.643  1548  2314 D DBReader: getImageAuthentication() called with: imageUrl = [https://elroy.twit.tv/sites/default/files/styles/twit_album_art_2048x2048/public/images/shows/floss_weekly/album_art/audio/floss_albumart_mask.jpg?itok=IUjxKpwt]
08-05 14:10:28.645  1548  2314 D ApOkHttpUrlLoader: no credentials for 'https://elroy.twit.tv/sites/default/files/styles/twit_album_art_2048x2048/public/images/shows/floss_weekly/album_art/audio/floss_albumart_mask.jpg?itok=IUjxKpwt'
08-05 14:10:28.646  1548  2526 D ApOkHttpUrlLoader: buildLoadData() called with: model = [http://ichef.bbci.co.uk/images/ic/3000x3000/p07kfvzb.jpg], width = [224], height = [224]
08-05 14:10:28.648  1548  2308 D DBReader: getImageAuthentication() called with: imageUrl = [http://ichef.bbci.co.uk/images/ic/3000x3000/p07kfvzb.jpg]
08-05 14:10:28.651  1548  2308 D ApOkHttpUrlLoader: no credentials for 'http://ichef.bbci.co.uk/images/ic/3000x3000/p07kfvzb.jpg'
08-05 14:10:28.651  1548  2526 D ApOkHttpUrlLoader: buildLoadData() called with: model = [https://pl.tedcdn.com/rss_feed_images/ted_talks_main_podcast/video.png], width = [224], height = [224]
08-05 14:10:28.653  1548  2315 D DBReader: getImageAuthentication() called with: imageUrl = [https://pl.tedcdn.com/rss_feed_images/ted_talks_main_podcast/video.png]
08-05 14:10:28.655  1548  2526 D ApOkHttpUrlLoader: buildLoadData() called with: model = [https://elroy.twit.tv/sites/default/files/styles/twit_album_art_2048x2048/public/images/shows/this_week_in_tech/album_art/audio/twit1400audio.jpg?itok=J0vhatZb], width = [224], height = [224]
08-05 14:10:28.657  1548  2315 D ApOkHttpUrlLoader: no credentials for 'https://pl.tedcdn.com/rss_feed_images/ted_talks_main_podcast/video.png'
08-05 14:10:28.657  1548  2317 D DBReader: getImageAuthentication() called with: imageUrl = [https://elroy.twit.tv/sites/default/files/styles/twit_album_art_2048x2048/public/images/shows/this_week_in_tech/album_art/audio/twit1400audio.jpg?itok=J0vhatZb]
08-05 14:10:28.659  1548  2526 D ApOkHttpUrlLoader: buildLoadData() called with: model = [http://ichef.bbci.co.uk/images/ic/3000x3000/p03gtk3j.jpg], width = [224], height = [224]
08-05 14:10:28.660  1548  2316 D DBReader: getImageAuthentication() called with: imageUrl = [http://ichef.bbci.co.uk/images/ic/3000x3000/p03gtk3j.jpg]
08-05 14:10:28.661  1548  2317 D ApOkHttpUrlLoader: no credentials for 'https://elroy.twit.tv/sites/default/files/styles/twit_album_art_2048x2048/public/images/shows/this_week_in_tech/album_art/audio/twit1400audio.jpg?itok=J0vhatZb'
08-05 14:10:28.665  1548  2316 D ApOkHttpUrlLoader: no credentials for 'http://ichef.bbci.co.uk/images/ic/3000x3000/p03gtk3j.jpg'
08-05 14:10:28.693  1548  2312 D DBWriter: updateFeedDownloadURL(original: http://sixgun.org/files/linuxoutlaws.jpg, updated: https://fab.industries/sixgun/files/linuxoutlaws.jpg)
08-05 14:10:28.762 28061 28061 I ServiceManager: Waiting for service AtCmdFwd...
08-05 14:10:28.767  1548  2308 D MYTAG   : interceptor 2a
08-05 14:10:28.767  1548  2308 I NAPPA_EXPERIMENTATION: MetricNetworkRequestExecutionTime: REQUEST_DURATION_SYSTEM='116',REQUEST_DURATION_OKHTTP='113',REQUEST_SYNCHRONOUS='TRUE',RESPONSE_CODE='200',RESPONSE_METHOD='GET',RESPONSE_LENGTH_OKHTTP='589826',RESPONSE_LENGTH_HEADER='589826',REQUEST_PROTOCOL='http/1.1',REQUEST_URL='http://ichef.bbci.co.uk/images/ic/3000x3000/p07kfvzb.jpg',
08-05 14:10:28.835  1548  2316 D MYTAG   : interceptor 2a
08-05 14:10:28.835  1548  2316 I NAPPA_EXPERIMENTATION: MetricNetworkRequestExecutionTime: REQUEST_DURATION_SYSTEM='169',REQUEST_DURATION_OKHTTP='165',REQUEST_SYNCHRONOUS='TRUE',RESPONSE_CODE='200',RESPONSE_METHOD='GET',RESPONSE_LENGTH_OKHTTP='814284',RESPONSE_LENGTH_HEADER='814284',REQUEST_PROTOCOL='http/1.1',REQUEST_URL='http://ichef.bbci.co.uk/images/ic/3000x3000/p03gtk3j.jpg',
08-05 14:10:28.952  1548  1561 I art     : Starting a blocking GC Explicit
08-05 14:10:28.990  1548  1561 I art     : Explicit concurrent mark sweep GC freed 14617(804KB) AllocSpace objects, 1(20KB) LOS objects, 24% free, 50MB/66MB, paused 1.436ms total 37.235ms
08-05 14:10:29.000  1548  1561 I art     : Starting a blocking GC Explicit
08-05 14:10:29.035  1548  1561 I art     : Explicit concurrent mark sweep GC freed 901(33KB) AllocSpace objects, 0(0B) LOS objects, 24% free, 49MB/65MB, paused 1.435ms total 34.716ms
08-05 14:10:29.046  1548  1561 I art     : Starting a blocking GC Explicit
08-05 14:10:29.056  1548  2311 D MYTAG   : interceptor 2a
08-05 14:10:29.057  1548  2311 I NAPPA_EXPERIMENTATION: MetricNetworkRequestExecutionTime: REQUEST_DURATION_SYSTEM='413',REQUEST_DURATION_OKHTTP='82',REQUEST_SYNCHRONOUS='TRUE',RESPONSE_CODE='200',RESPONSE_METHOD='GET',RESPONSE_LENGTH_OKHTTP='52553',RESPONSE_LENGTH_HEADER='52553',REQUEST_PROTOCOL='http/1.1',REQUEST_URL='https://files.thisamericanlife.org/sites/all/themes/thislife/img/tal-name-1400x1400.png',
08-05 14:10:29.079  1548  1561 I art     : Explicit concurrent mark sweep GC freed 781(65KB) AllocSpace objects, 0(0B) LOS objects, 24% free, 50MB/66MB, paused 1.383ms total 32.851ms
08-05 14:10:29.079  1548  2314 D MYTAG   : interceptor 2a
08-05 14:10:29.079  1548  2314 I NAPPA_EXPERIMENTATION: MetricNetworkRequestExecutionTime: REQUEST_DURATION_SYSTEM='434',REQUEST_DURATION_OKHTTP='214',REQUEST_SYNCHRONOUS='TRUE',RESPONSE_CODE='200',RESPONSE_METHOD='GET',RESPONSE_LENGTH_OKHTTP='297964',RESPONSE_LENGTH_HEADER='297964',REQUEST_PROTOCOL='h2',REQUEST_URL='https://elroy.twit.tv/sites/default/files/styles/twit_album_art_2048x2048/public/images/shows/floss_weekly/album_art/audio/floss_albumart_mask.jpg?itok=IUjxKpwt',
08-05 14:10:29.088  1548  1561 I art     : Starting a blocking GC Explicit
08-05 14:10:29.101  1548  2315 D MYTAG   : interceptor 2a
08-05 14:10:29.101  1548  2315 I NAPPA_EXPERIMENTATION: MetricNetworkRequestExecutionTime: REQUEST_DURATION_SYSTEM='444',REQUEST_DURATION_OKHTTP='202',REQUEST_SYNCHRONOUS='TRUE',RESPONSE_CODE='200',RESPONSE_METHOD='GET',RESPONSE_LENGTH_OKHTTP='89986',RESPONSE_LENGTH_HEADER='89986',REQUEST_PROTOCOL='h2',REQUEST_URL='https://pl.tedcdn.com/rss_feed_images/ted_talks_main_podcast/video.png',
08-05 14:10:29.119  1548  1561 I art     : Explicit concurrent mark sweep GC freed 652(48KB) AllocSpace objects, 0(0B) LOS objects, 24% free, 50MB/66MB, paused 1.488ms total 30.723ms
08-05 14:10:29.128  1548  1561 I art     : Starting a blocking GC Explicit
08-05 14:10:29.160  1548  1561 I art     : Explicit concurrent mark sweep GC freed 345(16KB) AllocSpace objects, 0(0B) LOS objects, 24% free, 50MB/66MB, paused 1.534ms total 31.359ms
08-05 14:10:29.163  1548  2317 D MYTAG   : interceptor 2a
08-05 14:10:29.163  1548  2317 I NAPPA_EXPERIMENTATION: MetricNetworkRequestExecutionTime: REQUEST_DURATION_SYSTEM='502',REQUEST_DURATION_OKHTTP='264',REQUEST_SYNCHRONOUS='TRUE',RESPONSE_CODE='200',RESPONSE_METHOD='GET',RESPONSE_LENGTH_OKHTTP='465707',RESPONSE_LENGTH_HEADER='465707',REQUEST_PROTOCOL='h2',REQUEST_URL='https://elroy.twit.tv/sites/default/files/styles/twit_album_art_2048x2048/public/images/shows/this_week_in_tech/album_art/audio/twit1400audio.jpg?itok=J0vhatZb',
08-05 14:10:29.172  1548  2312 D MYTAG   : interceptor 2a
08-05 14:10:29.172  1548  2312 I NAPPA_EXPERIMENTATION: MetricNetworkRequestExecutionTime: REQUEST_DURATION_SYSTEM='542',REQUEST_DURATION_OKHTTP='199',REQUEST_SYNCHRONOUS='TRUE',RESPONSE_CODE='404',RESPONSE_METHOD='GET',RESPONSE_LENGTH_OKHTTP='-1',RESPONSE_LENGTH_HEADER='1503',REQUEST_PROTOCOL='h2',REQUEST_URL='https://fab.industries/sixgun/files/linuxoutlaws.jpg',
08-05 14:10:29.175  1548  1548 W Glide   : Load failed for http://sixgun.org/files/linuxoutlaws.jpg with size [224x224]
08-05 14:10:29.175  1548  1548 W Glide   : class com.bumptech.glide.load.engine.GlideException: Failed to load resource
08-05 14:10:29.175  1548  1548 W Glide   : There was 1 cause:
08-05 14:10:29.175  1548  1548 W Glide   : com.bumptech.glide.load.HttpException()
08-05 14:10:29.175  1548  1548 W Glide   :  call GlideException#logRootCauses(String) for more detail
08-05 14:10:29.175  1548  1548 W Glide   :   Cause (1 of 1): class com.bumptech.glide.load.engine.GlideException: Fetching data failed, class java.io.InputStream, REMOTE
08-05 14:10:29.175  1548  1548 W Glide   : There was 1 cause:
08-05 14:10:29.175  1548  1548 W Glide   : com.bumptech.glide.load.HttpException()
08-05 14:10:29.175  1548  1548 W Glide   :  call GlideException#logRootCauses(String) for more detail
08-05 14:10:29.175  1548  1548 W Glide   :     Cause (1 of 1): class com.bumptech.glide.load.HttpException: 
08-05 14:10:29.175  1548  1548 I Glide   : Root cause (1 of 1)
08-05 14:10:29.175  1548  1548 I Glide   : com.bumptech.glide.load.HttpException: 
08-05 14:10:29.175  1548  1548 I Glide   : 	at com.bumptech.glide.integration.okhttp3.OkHttpStreamFetcher.onResponse(OkHttpStreamFetcher.java:73)
08-05 14:10:29.175  1548  1548 I Glide   : 	at okhttp3.RealCall$AsyncCall.execute(RealCall.java:174)
08-05 14:10:29.175  1548  1548 I Glide   : 	at okhttp3.internal.NamedRunnable.run(NamedRunnable.java:32)
08-05 14:10:29.175  1548  1548 I Glide   : 	at java.util.concurrent.ThreadPoolExecutor.runWorker(ThreadPoolExecutor.java:1113)
08-05 14:10:29.175  1548  1548 I Glide   : 	at java.util.concurrent.ThreadPoolExecutor$Worker.run(ThreadPoolExecutor.java:588)
08-05 14:10:29.175  1548  1548 I Glide   : 	at java.lang.Thread.run(Thread.java:818)
08-05 14:10:29.176  1548  1548 W Glide   : Load failed for http://sixgun.org/files/linuxoutlaws.jpg with size [224x224]
08-05 14:10:29.176  1548  1548 W Glide   : class com.bumptech.glide.load.engine.GlideException: Failed to load resource
08-05 14:10:29.176  1548  1548 W Glide   : There was 1 cause:
08-05 14:10:29.176  1548  1548 W Glide   : com.bumptech.glide.load.HttpException()
08-05 14:10:29.176  1548  1548 W Glide   :  call GlideException#logRootCauses(String) for more detail
08-05 14:10:29.176  1548  1548 W Glide   :   Cause (1 of 1): class com.bumptech.glide.load.engine.GlideException: Fetching data failed, class java.io.InputStream, REMOTE
08-05 14:10:29.176  1548  1548 W Glide   : There was 1 cause:
08-05 14:10:29.176  1548  1548 W Glide   : com.bumptech.glide.load.HttpException()
08-05 14:10:29.176  1548  1548 W Glide   :  call GlideException#logRootCauses(String) for more detail
08-05 14:10:29.176  1548  1548 W Glide   :     Cause (1 of 1): class com.bumptech.glide.load.HttpException: 
08-05 14:10:29.176  1548  1548 I Glide   : Root cause (1 of 1)
08-05 14:10:29.176  1548  1548 I Glide   : com.bumptech.glide.load.HttpException: 
08-05 14:10:29.176  1548  1548 I Glide   : 	at com.bumptech.glide.integration.okhttp3.OkHttpStreamFetcher.onResponse(OkHttpStreamFetcher.java:73)
08-05 14:10:29.176  1548  1548 I Glide   : 	at okhttp3.RealCall$AsyncCall.execute(RealCall.java:174)
08-05 14:10:29.176  1548  1548 I Glide   : 	at okhttp3.internal.NamedRunnable.run(NamedRunnable.java:32)
08-05 14:10:29.176  1548  1548 I Glide   : 	at java.util.concurrent.ThreadPoolExecutor.runWorker(ThreadPoolExecutor.java:1113)
08-05 14:10:29.176  1548  1548 I Glide   : 	at java.util.concurrent.ThreadPoolExecutor$Worker.run(ThreadPoolExecutor.java:588)
08-05 14:10:29.176  1548  1548 I Glide   : 	at java.lang.Thread.run(Thread.java:818)
08-05 14:10:29.222  1548  2526 D ApOkHttpUrlLoader: buildLoadData() called with: model = [http://sixgun.org/files/linuxoutlaws.jpg], width = [224], height = [224]
08-05 14:10:29.225  1548  2312 D DBReader: getImageAuthentication() called with: imageUrl = [http://sixgun.org/files/linuxoutlaws.jpg]
08-05 14:10:29.229  1548  2312 D ApOkHttpUrlLoader: no credentials for 'http://sixgun.org/files/linuxoutlaws.jpg'
08-05 14:10:29.448  1548  1573 I art     : Starting a blocking GC Explicit
08-05 14:10:29.487  1548  1573 I art     : Explicit concurrent mark sweep GC freed 3693(285KB) AllocSpace objects, 1(20KB) LOS objects, 23% free, 50MB/66MB, paused 1.268ms total 38.505ms
08-05 14:10:29.497  1548  1573 I art     : Starting a blocking GC Explicit
08-05 14:10:29.531  1548  1573 I art     : Explicit concurrent mark sweep GC freed 129(4KB) AllocSpace objects, 0(0B) LOS objects, 23% free, 50MB/66MB, paused 1.106ms total 34.147ms
08-05 14:10:29.542  1548  1573 I art     : Starting a blocking GC Explicit
08-05 14:10:29.578  1548  1573 I art     : Explicit concurrent mark sweep GC freed 3(96B) AllocSpace objects, 0(0B) LOS objects, 23% free, 50MB/66MB, paused 1.395ms total 35.091ms
08-05 14:10:29.588  1548  1573 I art     : Starting a blocking GC Explicit
08-05 14:10:29.621  1548  1573 I art     : Explicit concurrent mark sweep GC freed 3(96B) AllocSpace objects, 0(0B) LOS objects, 23% free, 50MB/66MB, paused 1.292ms total 32.972ms
08-05 14:10:29.631  1548  1573 I art     : Starting a blocking GC Explicit
08-05 14:10:29.664  1548  1573 I art     : Explicit concurrent mark sweep GC freed 32(880B) AllocSpace objects, 0(0B) LOS objects, 23% free, 50MB/66MB, paused 1.105ms total 32.960ms
08-05 14:10:29.724  1548  2312 D DBWriter: updateFeedDownloadURL(original: http://sixgun.org/files/linuxoutlaws.jpg, updated: https://fab.industries/sixgun/files/linuxoutlaws.jpg)
08-05 14:10:29.763 28061 28061 I ServiceManager: Waiting for service AtCmdFwd...
08-05 14:10:29.878  1548  2312 D MYTAG   : interceptor 2a
08-05 14:10:29.879  1548  2312 I NAPPA_EXPERIMENTATION: MetricNetworkRequestExecutionTime: REQUEST_DURATION_SYSTEM='649',REQUEST_DURATION_OKHTTP='149',REQUEST_SYNCHRONOUS='TRUE',RESPONSE_CODE='404',RESPONSE_METHOD='GET',RESPONSE_LENGTH_OKHTTP='-1',RESPONSE_LENGTH_HEADER='1503',REQUEST_PROTOCOL='h2',REQUEST_URL='https://fab.industries/sixgun/files/linuxoutlaws.jpg',
08-05 14:10:29.880  1548  1548 W Glide   : Load failed for http://sixgun.org/files/linuxoutlaws.jpg with size [224x224]
08-05 14:10:29.880  1548  1548 W Glide   : class com.bumptech.glide.load.engine.GlideException: Failed to load resource
08-05 14:10:29.880  1548  1548 W Glide   : There was 1 cause:
08-05 14:10:29.880  1548  1548 W Glide   : com.bumptech.glide.load.HttpException()
08-05 14:10:29.880  1548  1548 W Glide   :  call GlideException#logRootCauses(String) for more detail
08-05 14:10:29.880  1548  1548 W Glide   :   Cause (1 of 1): class com.bumptech.glide.load.engine.GlideException: Fetching data failed, class java.io.InputStream, REMOTE
08-05 14:10:29.880  1548  1548 W Glide   : There was 1 cause:
08-05 14:10:29.880  1548  1548 W Glide   : com.bumptech.glide.load.HttpException()
08-05 14:10:29.880  1548  1548 W Glide   :  call GlideException#logRootCauses(String) for more detail
08-05 14:10:29.880  1548  1548 W Glide   :     Cause (1 of 1): class com.bumptech.glide.load.HttpException: 
08-05 14:10:29.881  1548  1548 I Glide   : Root cause (1 of 1)
08-05 14:10:29.881  1548  1548 I Glide   : com.bumptech.glide.load.HttpException: 
08-05 14:10:29.881  1548  1548 I Glide   : 	at com.bumptech.glide.integration.okhttp3.OkHttpStreamFetcher.onResponse(OkHttpStreamFetcher.java:73)
08-05 14:10:29.881  1548  1548 I Glide   : 	at okhttp3.RealCall$AsyncCall.execute(RealCall.java:174)
08-05 14:10:29.881  1548  1548 I Glide   : 	at okhttp3.internal.NamedRunnable.run(NamedRunnable.java:32)
08-05 14:10:29.881  1548  1548 I Glide   : 	at java.util.concurrent.ThreadPoolExecutor.runWorker(ThreadPoolExecutor.java:1113)
08-05 14:10:29.881  1548  1548 I Glide   : 	at java.util.concurrent.ThreadPoolExecutor$Worker.run(ThreadPoolExecutor.java:588)
08-05 14:10:29.881  1548  1548 I Glide   : 	at java.lang.Thread.run(Thread.java:818)
08-05 14:10:30.029  1548  2782 I art     : Starting a blocking GC Explicit
08-05 14:10:30.074  1548  2782 I art     : Explicit concurrent mark sweep GC freed 2090(141KB) AllocSpace objects, 1(20KB) LOS objects, 23% free, 50MB/66MB, paused 1.203ms total 44.333ms
08-05 14:10:30.084  1548  2782 I art     : Starting a blocking GC Explicit
08-05 14:10:30.120  1548  2782 I art     : Explicit concurrent mark sweep GC freed 46(1664B) AllocSpace objects, 0(0B) LOS objects, 23% free, 50MB/66MB, paused 1.129ms total 35.638ms
08-05 14:10:30.131  1548  2782 I art     : Starting a blocking GC Explicit
08-05 14:10:30.165  1548  2782 I art     : Explicit concurrent mark sweep GC freed 3(96B) AllocSpace objects, 0(0B) LOS objects, 23% free, 50MB/66MB, paused 1.152ms total 34.363ms
08-05 14:10:30.176  1548  2782 I art     : Starting a blocking GC Explicit
08-05 14:10:30.211  1548  2782 I art     : Explicit concurrent mark sweep GC freed 3(96B) AllocSpace objects, 0(0B) LOS objects, 23% free, 50MB/66MB, paused 1.111ms total 34.956ms
08-05 14:10:30.221  1548  2782 I art     : Starting a blocking GC Explicit
08-05 14:10:30.258  1548  2782 I art     : Explicit concurrent mark sweep GC freed 10(320B) AllocSpace objects, 0(0B) LOS objects, 23% free, 50MB/66MB, paused 1.465ms total 36.591ms
08-05 14:10:30.616  1548  1560 I art     : Starting a blocking GC Explicit
08-05 14:10:30.655  1548  1560 I art     : Explicit concurrent mark sweep GC freed 1463(83KB) AllocSpace objects, 1(20KB) LOS objects, 23% free, 50MB/66MB, paused 1.135ms total 38.274ms
08-05 14:10:30.668  1548  1560 I art     : Starting a blocking GC Explicit
08-05 14:10:30.701  1548  1560 I art     : Explicit concurrent mark sweep GC freed 40(1328B) AllocSpace objects, 0(0B) LOS objects, 23% free, 50MB/66MB, paused 1.143ms total 32.719ms
08-05 14:10:30.711  1548  1560 I art     : Starting a blocking GC Explicit
08-05 14:10:30.744  1548  1560 I art     : Explicit concurrent mark sweep GC freed 3(96B) AllocSpace objects, 0(0B) LOS objects, 23% free, 50MB/66MB, paused 1.128ms total 32.983ms
08-05 14:10:30.754  1548  1560 I art     : Starting a blocking GC Explicit
08-05 14:10:30.763 28061 28061 I ServiceManager: Waiting for service AtCmdFwd...
08-05 14:10:30.789  1548  1560 I art     : Explicit concurrent mark sweep GC freed 3(96B) AllocSpace objects, 0(0B) LOS objects, 23% free, 50MB/66MB, paused 1.124ms total 34.609ms
08-05 14:10:30.799  1548  1560 I art     : Starting a blocking GC Explicit
08-05 14:10:30.834  1548  1560 I art     : Explicit concurrent mark sweep GC freed 3(96B) AllocSpace objects, 0(0B) LOS objects, 23% free, 50MB/66MB, paused 1.171ms total 34.302ms
08-05 14:10:31.200  1548  2782 I art     : Starting a blocking GC Explicit
08-05 14:10:31.244  1548  2782 I art     : Explicit concurrent mark sweep GC freed 1381(81KB) AllocSpace objects, 1(20KB) LOS objects, 23% free, 50MB/66MB, paused 1.290ms total 43.826ms
08-05 14:10:31.260  1548  2782 I art     : Starting a blocking GC Explicit
08-05 14:10:31.294  1548  2782 I art     : Explicit concurrent mark sweep GC freed 23(752B) AllocSpace objects, 0(0B) LOS objects, 23% free, 50MB/66MB, paused 1.165ms total 33.388ms
08-05 14:10:31.304  1548  2782 I art     : Starting a blocking GC Explicit
08-05 14:10:31.339  1548  2782 I art     : Explicit concurrent mark sweep GC freed 3(96B) AllocSpace objects, 0(0B) LOS objects, 23% free, 50MB/66MB, paused 1.195ms total 34.897ms
08-05 14:10:31.350  1548  2782 I art     : Starting a blocking GC Explicit
08-05 14:10:31.385  1548  2782 I art     : Explicit concurrent mark sweep GC freed 3(96B) AllocSpace objects, 0(0B) LOS objects, 23% free, 50MB/66MB, paused 1.173ms total 35.405ms
08-05 14:10:31.396  1548  2782 I art     : Starting a blocking GC Explicit
08-05 14:10:31.431  1548  2782 I art     : Explicit concurrent mark sweep GC freed 3(96B) AllocSpace objects, 0(0B) LOS objects, 23% free, 50MB/66MB, paused 1.177ms total 35.233ms
08-05 14:10:31.764 28061 28061 I ServiceManager: Waiting for service AtCmdFwd...
08-05 14:10:31.802  1548  1573 I art     : Starting a blocking GC Explicit
08-05 14:10:31.846  1548  1573 I art     : Explicit concurrent mark sweep GC freed 1410(81KB) AllocSpace objects, 1(20KB) LOS objects, 23% free, 50MB/66MB, paused 1.257ms total 43.958ms
08-05 14:10:31.859  1548  1573 I art     : Starting a blocking GC Explicit
08-05 14:10:31.895  1548  1573 I art     : Explicit concurrent mark sweep GC freed 23(752B) AllocSpace objects, 0(0B) LOS objects, 23% free, 50MB/66MB, paused 1.099ms total 35.490ms
08-05 14:10:31.905  1548  1573 I art     : Starting a blocking GC Explicit
08-05 14:10:31.941  1548  1573 I art     : Explicit concurrent mark sweep GC freed 3(96B) AllocSpace objects, 0(0B) LOS objects, 23% free, 50MB/66MB, paused 1.199ms total 35.449ms
08-05 14:10:31.951  1548  1573 I art     : Starting a blocking GC Explicit
08-05 14:10:31.987  1548  1573 I art     : Explicit concurrent mark sweep GC freed 3(96B) AllocSpace objects, 0(0B) LOS objects, 23% free, 50MB/66MB, paused 1.321ms total 35.766ms
08-05 14:10:31.998  1548  1573 I art     : Starting a blocking GC Explicit
08-05 14:10:32.033  1548  1573 I art     : Explicit concurrent mark sweep GC freed 3(96B) AllocSpace objects, 0(0B) LOS objects, 23% free, 50MB/66MB, paused 1.141ms total 34.810ms
08-05 14:10:32.395  1548  1561 I art     : Starting a blocking GC Explicit
08-05 14:10:32.431  1548  1561 I art     : Explicit concurrent mark sweep GC freed 1383(81KB) AllocSpace objects, 1(20KB) LOS objects, 23% free, 50MB/66MB, paused 1.189ms total 35.495ms
08-05 14:10:32.442  1548  1561 I art     : Starting a blocking GC Explicit
08-05 14:10:32.477  1548  1561 I art     : Explicit concurrent mark sweep GC freed 23(752B) AllocSpace objects, 0(0B) LOS objects, 23% free, 50MB/66MB, paused 1.349ms total 35.569ms
08-05 14:10:32.488  1548  1561 I art     : Starting a blocking GC Explicit
08-05 14:10:32.523  1548  1561 I art     : Explicit concurrent mark sweep GC freed 3(96B) AllocSpace objects, 0(0B) LOS objects, 23% free, 50MB/66MB, paused 1.175ms total 34.969ms
08-05 14:10:32.534  1548  1561 I art     : Starting a blocking GC Explicit
08-05 14:10:32.569  1548  1561 I art     : Explicit concurrent mark sweep GC freed 3(96B) AllocSpace objects, 0(0B) LOS objects, 23% free, 50MB/66MB, paused 1.227ms total 35.073ms
08-05 14:10:32.579  1548  1561 I art     : Starting a blocking GC Explicit
08-05 14:10:32.614  1548  1561 I art     : Explicit concurrent mark sweep GC freed 3(96B) AllocSpace objects, 0(0B) LOS objects, 23% free, 50MB/66MB, paused 1.123ms total 34.736ms
08-05 14:10:32.765 28061 28061 W Atfwd_Sendcmd: AtCmdFwd service not published, waiting... retryCnt : 5
08-05 14:10:32.948  1548  1560 I art     : Starting a blocking GC Explicit
08-05 14:10:32.990  1548  1560 I art     : Explicit concurrent mark sweep GC freed 1422(83KB) AllocSpace objects, 1(20KB) LOS objects, 23% free, 50MB/66MB, paused 1.195ms total 41.059ms
08-05 14:10:33.000  1548  1560 I art     : Starting a blocking GC Explicit
08-05 14:10:33.034  1548  1560 I art     : Explicit concurrent mark sweep GC freed 54(2544B) AllocSpace objects, 0(0B) LOS objects, 23% free, 50MB/66MB, paused 1.175ms total 33.710ms
08-05 14:10:33.044  1548  1560 I art     : Starting a blocking GC Explicit
08-05 14:10:33.079  1548  1560 I art     : Explicit concurrent mark sweep GC freed 9(320B) AllocSpace objects, 0(0B) LOS objects, 23% free, 50MB/66MB, paused 1.147ms total 34.687ms
08-05 14:10:33.089  1548  1560 I art     : Starting a blocking GC Explicit
08-05 14:10:33.125  1548  1560 I art     : Explicit concurrent mark sweep GC freed 3(96B) AllocSpace objects, 0(0B) LOS objects, 23% free, 50MB/66MB, paused 1.141ms total 34.906ms
08-05 14:10:33.135  1548  1560 I art     : Starting a blocking GC Explicit
08-05 14:10:33.171  1548  1560 I art     : Explicit concurrent mark sweep GC freed 3(96B) AllocSpace objects, 0(0B) LOS objects, 23% free, 50MB/66MB, paused 1.205ms total 35.764ms
08-05 14:10:33.530  1548  1561 I art     : Starting a blocking GC Explicit
08-05 14:10:33.581  1548  1561 I art     : Explicit concurrent mark sweep GC freed 1381(81KB) AllocSpace objects, 1(20KB) LOS objects, 23% free, 50MB/66MB, paused 1.327ms total 50.370ms
08-05 14:10:33.596  1548  1561 I art     : Starting a blocking GC Explicit
08-05 14:10:33.631  1548  1561 I art     : Explicit concurrent mark sweep GC freed 52(1536B) AllocSpace objects, 0(0B) LOS objects, 23% free, 50MB/66MB, paused 1.163ms total 34.478ms
08-05 14:10:33.641  1548  1561 I art     : Starting a blocking GC Explicit
08-05 14:10:33.677  1548  1561 I art     : Explicit concurrent mark sweep GC freed 3(96B) AllocSpace objects, 0(0B) LOS objects, 23% free, 50MB/66MB, paused 1.279ms total 35.673ms
08-05 14:10:33.688  1548  1561 I art     : Starting a blocking GC Explicit
08-05 14:10:33.723  1548  1561 I art     : Explicit concurrent mark sweep GC freed 3(96B) AllocSpace objects, 0(0B) LOS objects, 23% free, 50MB/66MB, paused 1.152ms total 35.420ms
08-05 14:10:33.734  1548  1561 I art     : Starting a blocking GC Explicit
08-05 14:10:33.770  1548  1561 I art     : Explicit concurrent mark sweep GC freed 3(96B) AllocSpace objects, 0(0B) LOS objects, 23% free, 50MB/66MB, paused 1.232ms total 35.923ms
08-05 14:10:34.080  1548  2782 I art     : Starting a blocking GC Explicit
08-05 14:10:34.119  1548  2782 I art     : Explicit concurrent mark sweep GC freed 1384(81KB) AllocSpace objects, 1(20KB) LOS objects, 23% free, 50MB/66MB, paused 1.312ms total 38.337ms
08-05 14:10:34.129  1548  2782 I art     : Starting a blocking GC Explicit
08-05 14:10:34.163  1548  2782 I art     : Explicit concurrent mark sweep GC freed 23(752B) AllocSpace objects, 0(0B) LOS objects, 23% free, 50MB/66MB, paused 1.182ms total 33.721ms
08-05 14:10:34.173  1548  2782 I art     : Starting a blocking GC Explicit
08-05 14:10:34.207  1548  2782 I art     : Explicit concurrent mark sweep GC freed 3(96B) AllocSpace objects, 0(0B) LOS objects, 23% free, 50MB/66MB, paused 1.138ms total 33.124ms
08-05 14:10:34.216  1548  2782 I art     : Starting a blocking GC Explicit
08-05 14:10:34.250  1548  2782 I art     : Explicit concurrent mark sweep GC freed 3(96B) AllocSpace objects, 0(0B) LOS objects, 23% free, 50MB/66MB, paused 1.198ms total 33.102ms
08-05 14:10:34.260  1548  2782 I art     : Starting a blocking GC Explicit
08-05 14:10:34.293  1548  2782 I art     : Explicit concurrent mark sweep GC freed 3(96B) AllocSpace objects, 0(0B) LOS objects, 23% free, 50MB/66MB, paused 1.186ms total 33.243ms
08-05 14:10:34.304  4955  4955 D AndroidRuntime: >>>>>> START com.android.internal.os.RuntimeInit uid 2000 <<<<<<
08-05 14:10:34.308  4955  4955 D AndroidRuntime: CheckJNI is OFF
08-05 14:10:34.340  4955  4955 D ICU     : No timezone override file found: /data/misc/zoneinfo/current/icu/icu_tzdata.dat
08-05 14:10:34.373  4955  4955 I Radio-JNI: register_android_hardware_Radio DONE
08-05 14:10:34.395  4955  4955 D AndroidRuntime: Calling main entry com.android.commands.input.Input
08-05 14:10:34.397  4955  4955 I Input   : injectMotionEvent: MotionEvent { action=ACTION_DOWN, actionButton=0, id[0]=0, x[0]=526.0, y[0]=597.0, toolType[0]=TOOL_TYPE_UNKNOWN, buttonState=0, metaState=0, flags=0x0, edgeFlags=0x0, pointerCount=1, historySize=0, eventTime=799850810, downTime=799850810, deviceId=0, source=0x1002 }
08-05 14:10:34.402  4955  4955 I Input   : injectMotionEvent: MotionEvent { action=ACTION_UP, actionButton=0, id[0]=0, x[0]=526.0, y[0]=597.0, toolType[0]=TOOL_TYPE_UNKNOWN, buttonState=0, metaState=0, flags=0x0, edgeFlags=0x0, pointerCount=1, historySize=0, eventTime=799850810, downTime=799850810, deviceId=0, source=0x1002 }
08-05 14:10:34.405  4955  4955 D AndroidRuntime: Shutting down VM
08-05 14:10:34.471  1548  1548 D PodcastListFragment: Selected podcast: GpodnetPodcast [url=http://feeds.feedburner.com/linuxoutlaws, title=Linux Outlaws, description=Two pragmatic geeks talk about the latest news concerning Linux, free and open
08-05 14:10:34.471  1548  1548 D PodcastListFragment: technology or anything else they deem noteworthy which may include such absurd
08-05 14:10:34.471  1548  1548 D PodcastListFragment: things as hockey or bands you never heard of. This means there's many a joke
08-05 14:10:34.471  1548  1548 D PodcastListFragment: and derailed conversation along the way, so don't come here expecting only
08-05 14:10:34.471  1548  1548 D PodcastListFragment: Linux or software freedom talk  just sit back and relax, partner., subscribers=3321, logoUrl=http://sixgun.org/files/linuxoutlaws.jpg, website=http://sixgun.org, mygpoLink=http://gpodder.net/podcast/linux-outlaws-mp3]
08-05 14:10:34.472   512  2967 D audio_hw_primary: out_set_parameters: enter: usecase(1: low-latency-playback) kvpairs: routing=2
08-05 14:10:34.473   918  6112 I ActivityManager: START u0 {cmp=baseline.de.danoeh.antennapod.debug/baseline.de.danoeh.antennapod.activity.OnlineFeedViewActivity (has extras)} from uid 10695 on display 0
08-05 14:10:34.485   512  2967 D audio_hw_primary: select_devices: out_snd_device(2: speaker) in_snd_device(0: none)
08-05 14:10:34.485   512  2967 D msm8974_platform: platform_send_audio_calibration: sending audio calibration for snd_device(2) acdb_id(15)
08-05 14:10:34.485   512  2967 I soundtrigger: audio_extn_sound_trigger_update_device_status: device 0x2 of type 0 for Event 1
08-05 14:10:34.499   512  2967 D audio_hw_primary: enable_snd_device: snd_device(2: speaker)
08-05 14:10:34.502   512  2967 D audio_hw_primary: enable_audio_route: apply and update mixer path: low-latency-playback speaker
08-05 14:10:34.508  1548  1548 D UserPreferences: Using default data folder
08-05 14:10:34.510  1548  1548 D OnlineFeedViewActivity: Activity was started with url http://feeds.feedburner.com/linuxoutlaws
08-05 14:10:34.515  1548  1548 D OnlineFeedViewActivity: Starting feed download
08-05 14:10:34.518  1548  2084 D DBReader: Extracting Feedlist
08-05 14:10:34.520   918  6111 D WifiService: acquireWifiLockLocked: WifiLock{Downloader type=1 binder=android.os.BinderProxy@1ab4a80}
08-05 14:10:34.521  1548  2084 D AntennapodHttpClient: Creating new instance of HTTP client
08-05 14:10:34.577 13866 13866 I GoogleInputMethodServic: GoogleInputMethodService.onFinishInput():3138 
08-05 14:10:34.578 13866 13866 I GoogleInputMethodServic: GoogleInputMethodService.onStartInput():1808 
08-05 14:10:34.596   918   936 I ActivityManager: Displayed baseline.de.danoeh.antennapod.debug/baseline.de.danoeh.antennapod.activity.OnlineFeedViewActivity: +112ms
08-05 14:10:34.598  1548  1560 I art     : Starting a blocking GC Explicit
08-05 14:10:34.635  1548  1569 D OpenGLRenderer: endAllStagingAnimators on 0x7f79dfc800 (GridView) with handle 0x7f7be1c0e0
08-05 14:10:34.640  1548  1560 I art     : Explicit concurrent mark sweep GC freed 2852(201KB) AllocSpace objects, 2(40KB) LOS objects, 23% free, 50MB/66MB, paused 1.783ms total 41.239ms
08-05 14:10:34.652  1548  1560 I art     : Starting a blocking GC Explicit
08-05 14:10:34.682  1548  2084 D MYTAG   : interceptor 3a http://feeds.feedburner.com/linuxoutlaws
08-05 14:10:34.683  1548  2084 I NAPPA_EXPERIMENTATION: MetricNetworkRequestExecutionTime: REQUEST_DURATION_SYSTEM='161',REQUEST_DURATION_OKHTTP='42',REQUEST_SYNCHRONOUS='TRUE',RESPONSE_CODE='200',RESPONSE_METHOD='GET',RESPONSE_LENGTH_OKHTTP='-1',RESPONSE_LENGTH_HEADER='-2',REQUEST_PROTOCOL='http/1.1',REQUEST_URL='http://feeds.feedburner.com/linuxoutlaws',
08-05 14:10:34.683  1548  2084 D HttpDownloader: Response code is 200
08-05 14:10:34.683  1548  2084 D UserPreferences: Using default data folder
08-05 14:10:34.687  1548  2084 D HttpDownloader: Getting size of download
08-05 14:10:34.687  1548  2084 D HttpDownloader: Size is -1
08-05 14:10:34.687  1548  2084 D UserPreferences: Using default data folder
08-05 14:10:34.687  1548  2084 D HttpDownloader: Free space is 20200566784
08-05 14:10:34.687  1548  1560 I art     : Explicit concurrent mark sweep GC freed 531(32KB) AllocSpace objects, 0(0B) LOS objects, 23% free, 50MB/66MB, paused 1.241ms total 34.800ms
08-05 14:10:34.687  1548  2084 D HttpDownloader: Starting download
08-05 14:10:34.690  1548  2084 D HttpDownloader: Download was successful
08-05 14:10:34.690   918  5952 D WifiService: releaseWifiLockLocked: WifiLock{Downloader type=1 binder=android.os.BinderProxy@1ab4a80}
08-05 14:10:34.691  1548  1548 D OnlineFeedViewActivity: Parsing feed
08-05 14:10:34.693  1548  4989 D TypeGetter: Recognized type RSS 2.0
08-05 14:10:34.695  1548  4989 D SyndHandler: Recognized Content namespace
08-05 14:10:34.695  1548  4989 D SyndHandler: Recognized DublinCore namespace
08-05 14:10:34.695  1548  4989 D SyndHandler: Recognized Atom namespace
08-05 14:10:34.696  1548  4989 D SyndHandler: Recognized ITunes namespace
08-05 14:10:34.696  1548  4989 D SyndHandler: Recognized media namespace
08-05 14:10:34.697  1548  1560 I art     : Starting a blocking GC Explicit
08-05 14:10:34.731  1548  1560 I art     : Explicit concurrent mark sweep GC freed 1969(423KB) AllocSpace objects, 3(60KB) LOS objects, 23% free, 51MB/67MB, paused 1.484ms total 34.133ms
08-05 14:10:34.733  1548  4989 D OnlineFeedViewActivity: Deleted feed source file. Result: true
08-05 14:10:34.734  1548  1548 D OnlineFeedViewActivity: Removing HTML from shownotes
08-05 14:10:34.743  1548  1560 I art     : Starting a blocking GC Explicit
08-05 14:10:34.755  1548  2526 D ApOkHttpUrlLoader: buildLoadData() called with: model = [http://sixgun.org/files/linuxoutlaws.jpg], width = [350], height = [350]
08-05 14:10:34.756  1548  2312 D DBReader: getImageAuthentication() called with: imageUrl = [http://sixgun.org/files/linuxoutlaws.jpg]
08-05 14:10:34.759  1548  2312 D ApOkHttpUrlLoader: no credentials for 'http://sixgun.org/files/linuxoutlaws.jpg'
08-05 14:10:34.782  1548  1560 I art     : Explicit concurrent mark sweep GC freed 8609(572KB) AllocSpace objects, 11(748KB) LOS objects, 23% free, 51MB/67MB, paused 2.130ms total 39.141ms
08-05 14:10:34.793  1548  1560 I art     : Starting a blocking GC Explicit
08-05 14:10:34.799  1548  2312 D DBWriter: updateFeedDownloadURL(original: http://sixgun.org/files/linuxoutlaws.jpg, updated: https://fab.industries/sixgun/files/linuxoutlaws.jpg)
08-05 14:10:34.828  1548  1560 I art     : Explicit concurrent mark sweep GC freed 2859(144KB) AllocSpace objects, 0(0B) LOS objects, 23% free, 51MB/67MB, paused 1.240ms total 34.714ms
08-05 14:10:34.846   380   380 W SurfaceFlinger: couldn't log to binary event log: overflow.
08-05 14:10:34.950  1548  2312 D MYTAG   : interceptor 2a
08-05 14:10:34.950  1548  2312 I NAPPA_EXPERIMENTATION: MetricNetworkRequestExecutionTime: REQUEST_DURATION_SYSTEM='191',REQUEST_DURATION_OKHTTP='147',REQUEST_SYNCHRONOUS='TRUE',RESPONSE_CODE='404',RESPONSE_METHOD='GET',RESPONSE_LENGTH_OKHTTP='-1',RESPONSE_LENGTH_HEADER='1503',REQUEST_PROTOCOL='h2',REQUEST_URL='https://fab.industries/sixgun/files/linuxoutlaws.jpg',
08-05 14:10:34.971  1548  1548 W Glide   : Load failed for http://sixgun.org/files/linuxoutlaws.jpg with size [350x350]
08-05 14:10:34.971  1548  1548 W Glide   : class com.bumptech.glide.load.engine.GlideException: Failed to load resource
08-05 14:10:34.971  1548  1548 W Glide   : There was 1 cause:
08-05 14:10:34.971  1548  1548 W Glide   : com.bumptech.glide.load.HttpException()
08-05 14:10:34.971  1548  1548 W Glide   :  call GlideException#logRootCauses(String) for more detail
08-05 14:10:34.971  1548  1548 W Glide   :   Cause (1 of 1): class com.bumptech.glide.load.engine.GlideException: Fetching data failed, class java.io.InputStream, REMOTE
08-05 14:10:34.971  1548  1548 W Glide   : There was 1 cause:
08-05 14:10:34.971  1548  1548 W Glide   : com.bumptech.glide.load.HttpException()
08-05 14:10:34.971  1548  1548 W Glide   :  call GlideException#logRootCauses(String) for more detail
08-05 14:10:34.971  1548  1548 W Glide   :     Cause (1 of 1): class com.bumptech.glide.load.HttpException: 
08-05 14:10:34.971  1548  1548 I Glide   : Root cause (1 of 1)
08-05 14:10:34.971  1548  1548 I Glide   : com.bumptech.glide.load.HttpException: 
08-05 14:10:34.971  1548  1548 I Glide   : 	at com.bumptech.glide.integration.okhttp3.OkHttpStreamFetcher.onResponse(OkHttpStreamFetcher.java:73)
08-05 14:10:34.971  1548  1548 I Glide   : 	at okhttp3.RealCall$AsyncCall.execute(RealCall.java:174)
08-05 14:10:34.971  1548  1548 I Glide   : 	at okhttp3.internal.NamedRunnable.run(NamedRunnable.java:32)
08-05 14:10:34.971  1548  1548 I Glide   : 	at java.util.concurrent.ThreadPoolExecutor.runWorker(ThreadPoolExecutor.java:1113)
08-05 14:10:34.971  1548  1548 I Glide   : 	at java.util.concurrent.ThreadPoolExecutor$Worker.run(ThreadPoolExecutor.java:588)
08-05 14:10:34.971  1548  1548 I Glide   : 	at java.lang.Thread.run(Thread.java:818)
08-05 14:10:34.978  1548  1548 D PlaybackController: Releasing PlaybackController
08-05 14:10:35.038   512  2967 D audio_hw_primary: disable_audio_route: reset and update mixer path: low-latency-playback speaker
08-05 14:10:35.039   512  2967 D audio_hw_primary: disable_snd_device: snd_device(2: speaker)
08-05 14:10:35.047   512  2967 I soundtrigger: audio_extn_sound_trigger_update_device_status: device 0x2 of type 0 for Event 0
08-05 14:10:35.155  1548  1561 I art     : Starting a blocking GC Explicit
08-05 14:10:35.202  1548  1561 I art     : Explicit concurrent mark sweep GC freed 2201(148KB) AllocSpace objects, 2(132KB) LOS objects, 23% free, 50MB/66MB, paused 1.369ms total 46.629ms
08-05 14:10:35.216  1548  1561 I art     : Starting a blocking GC Explicit
08-05 14:10:35.253  1548  1561 I art     : Explicit concurrent mark sweep GC freed 58(2032B) AllocSpace objects, 0(0B) LOS objects, 23% free, 50MB/66MB, paused 1.248ms total 37.241ms
08-05 14:10:35.264  1548  1561 I art     : Starting a blocking GC Explicit
08-05 14:10:35.301  1548  1561 I art     : Explicit concurrent mark sweep GC freed 3(96B) AllocSpace objects, 0(0B) LOS objects, 23% free, 50MB/66MB, paused 1.245ms total 37.004ms
08-05 14:10:35.312  1548  1561 I art     : Starting a blocking GC Explicit
08-05 14:10:35.349  1548  1561 I art     : Explicit concurrent mark sweep GC freed 3(96B) AllocSpace objects, 0(0B) LOS objects, 23% free, 50MB/66MB, paused 1.251ms total 36.672ms
08-05 14:10:35.359  1548  1561 I art     : Starting a blocking GC Explicit
08-05 14:10:35.396  1548  1561 I art     : Explicit concurrent mark sweep GC freed 3(96B) AllocSpace objects, 0(0B) LOS objects, 23% free, 50MB/66MB, paused 1.220ms total 36.406ms
08-05 14:10:35.745  1548  2782 I art     : Starting a blocking GC Explicit
08-05 14:10:35.792  1548  2782 I art     : Explicit concurrent mark sweep GC freed 1413(81KB) AllocSpace objects, 1(20KB) LOS objects, 23% free, 50MB/66MB, paused 1.480ms total 47.010ms
08-05 14:10:35.803  1548  2782 I art     : Starting a blocking GC Explicit
08-05 14:10:35.840  1548  2782 I art     : Explicit concurrent mark sweep GC freed 23(752B) AllocSpace objects, 0(0B) LOS objects, 23% free, 50MB/66MB, paused 1.227ms total 37.057ms
08-05 14:10:35.851  1548  2782 I art     : Starting a blocking GC Explicit
08-05 14:10:35.889  1548  2782 I art     : Explicit concurrent mark sweep GC freed 3(96B) AllocSpace objects, 0(0B) LOS objects, 23% free, 50MB/66MB, paused 1.273ms total 37.302ms
08-05 14:10:35.899  1548  2782 I art     : Starting a blocking GC Explicit
08-05 14:10:35.936  1548  2782 I art     : Explicit concurrent mark sweep GC freed 3(96B) AllocSpace objects, 0(0B) LOS objects, 23% free, 50MB/66MB, paused 1.231ms total 36.560ms
08-05 14:10:35.947  1548  2782 I art     : Starting a blocking GC Explicit
08-05 14:10:35.983  1548  2782 I art     : Explicit concurrent mark sweep GC freed 3(96B) AllocSpace objects, 0(0B) LOS objects, 23% free, 50MB/66MB, paused 1.225ms total 36.292ms
08-05 14:10:36.360  1548  1560 I art     : Starting a blocking GC Explicit
08-05 14:10:36.406  1548  1560 I art     : Explicit concurrent mark sweep GC freed 1388(81KB) AllocSpace objects, 1(20KB) LOS objects, 23% free, 50MB/66MB, paused 1.124ms total 46.184ms
08-05 14:10:36.417  1548  1560 I art     : Starting a blocking GC Explicit
08-05 14:10:36.452  1548  1560 I art     : Explicit concurrent mark sweep GC freed 28(912B) AllocSpace objects, 0(0B) LOS objects, 23% free, 50MB/66MB, paused 1.197ms total 34.618ms
08-05 14:10:36.462  1548  1560 I art     : Starting a blocking GC Explicit
08-05 14:10:36.496  1548  1560 I art     : Explicit concurrent mark sweep GC freed 8(256B) AllocSpace objects, 0(0B) LOS objects, 23% free, 50MB/66MB, paused 1.128ms total 33.877ms
08-05 14:10:36.507  1548  1560 I art     : Starting a blocking GC Explicit
08-05 14:10:36.540  1548  1560 I art     : Explicit concurrent mark sweep GC freed 9(288B) AllocSpace objects, 0(0B) LOS objects, 23% free, 50MB/66MB, paused 1.064ms total 33.446ms
08-05 14:10:36.551  1548  1560 I art     : Starting a blocking GC Explicit
08-05 14:10:36.586  1548  1560 I art     : Explicit concurrent mark sweep GC freed 9(288B) AllocSpace objects, 0(0B) LOS objects, 23% free, 50MB/66MB, paused 1.106ms total 34.781ms
08-05 14:10:36.959  1548  1560 I art     : Starting a blocking GC Explicit
08-05 14:10:37.006  1548  1560 I art     : Explicit concurrent mark sweep GC freed 1411(81KB) AllocSpace objects, 1(20KB) LOS objects, 23% free, 50MB/66MB, paused 1.332ms total 46.240ms
08-05 14:10:37.018  1548  1560 I art     : Starting a blocking GC Explicit
08-05 14:10:37.055  1548  1560 I art     : Explicit concurrent mark sweep GC freed 23(752B) AllocSpace objects, 0(0B) LOS objects, 23% free, 50MB/66MB, paused 1.200ms total 36.660ms
08-05 14:10:37.066  1548  1560 I art     : Starting a blocking GC Explicit
08-05 14:10:37.103  1548  1560 I art     : Explicit concurrent mark sweep GC freed 3(96B) AllocSpace objects, 0(0B) LOS objects, 23% free, 50MB/66MB, paused 1.208ms total 36.638ms
08-05 14:10:37.114  1548  1560 I art     : Starting a blocking GC Explicit
08-05 14:10:37.150  1548  1560 I art     : Explicit concurrent mark sweep GC freed 3(96B) AllocSpace objects, 0(0B) LOS objects, 23% free, 50MB/66MB, paused 1.218ms total 36.719ms
08-05 14:10:37.161  1548  1560 I art     : Starting a blocking GC Explicit
08-05 14:10:37.199  1548  1560 I art     : Explicit concurrent mark sweep GC freed 3(96B) AllocSpace objects, 0(0B) LOS objects, 23% free, 50MB/66MB, paused 1.234ms total 37.535ms
08-05 14:10:37.551  1548  1561 I art     : Starting a blocking GC Explicit
08-05 14:10:37.599  1548  1561 I art     : Explicit concurrent mark sweep GC freed 1381(81KB) AllocSpace objects, 1(20KB) LOS objects, 23% free, 50MB/66MB, paused 1.606ms total 46.855ms
08-05 14:10:37.614  1548  1561 I art     : Starting a blocking GC Explicit
08-05 14:10:37.651  1548  1561 I art     : Explicit concurrent mark sweep GC freed 52(1536B) AllocSpace objects, 0(0B) LOS objects, 23% free, 50MB/66MB, paused 1.245ms total 36.455ms
08-05 14:10:37.661  1548  1561 I art     : Starting a blocking GC Explicit
08-05 14:10:37.699  1548  1561 I art     : Explicit concurrent mark sweep GC freed 3(96B) AllocSpace objects, 0(0B) LOS objects, 23% free, 50MB/66MB, paused 1.331ms total 37.130ms
08-05 14:10:37.709  1548  1561 I art     : Starting a blocking GC Explicit
08-05 14:10:37.746  1548  1561 I art     : Explicit concurrent mark sweep GC freed 3(96B) AllocSpace objects, 0(0B) LOS objects, 23% free, 50MB/66MB, paused 1.238ms total 36.469ms
08-05 14:10:37.757  1548  1561 I art     : Starting a blocking GC Explicit
08-05 14:10:37.794  1548  1561 I art     : Explicit concurrent mark sweep GC freed 3(96B) AllocSpace objects, 0(0B) LOS objects, 23% free, 50MB/66MB, paused 1.254ms total 37.126ms
08-05 14:10:38.151  1548  1573 I art     : Starting a blocking GC Explicit
08-05 14:10:38.186  1548  1573 I art     : Explicit concurrent mark sweep GC freed 1383(84KB) AllocSpace objects, 1(20KB) LOS objects, 23% free, 50MB/66MB, paused 1.232ms total 35.073ms
08-05 14:10:38.196  1548  1573 I art     : Starting a blocking GC Explicit
08-05 14:10:38.232  1548  1573 I art     : Explicit concurrent mark sweep GC freed 23(752B) AllocSpace objects, 0(0B) LOS objects, 23% free, 50MB/66MB, paused 1.200ms total 35.605ms
08-05 14:10:38.243  1548  1573 I art     : Starting a blocking GC Explicit
08-05 14:10:38.279  1548  1573 I art     : Explicit concurrent mark sweep GC freed 17(544B) AllocSpace objects, 0(0B) LOS objects, 23% free, 50MB/66MB, paused 1.298ms total 36.348ms
08-05 14:10:38.290  1548  1573 I art     : Starting a blocking GC Explicit
08-05 14:10:38.326  1548  1573 I art     : Explicit concurrent mark sweep GC freed 3(96B) AllocSpace objects, 0(0B) LOS objects, 23% free, 50MB/66MB, paused 1.189ms total 36.491ms
08-05 14:10:38.337  1548  1573 I art     : Starting a blocking GC Explicit
08-05 14:10:38.374  1548  1573 I art     : Explicit concurrent mark sweep GC freed 3(96B) AllocSpace objects, 0(0B) LOS objects, 23% free, 50MB/66MB, paused 1.228ms total 37.021ms
08-05 14:10:38.730  1548  1561 I art     : Starting a blocking GC Explicit
08-05 14:10:38.767  1548  1561 I art     : Explicit concurrent mark sweep GC freed 1413(82KB) AllocSpace objects, 1(20KB) LOS objects, 23% free, 50MB/66MB, paused 1.317ms total 36.765ms
08-05 14:10:38.778  1548  1561 I art     : Starting a blocking GC Explicit
08-05 14:10:38.814  1548  1561 I art     : Explicit concurrent mark sweep GC freed 23(752B) AllocSpace objects, 0(0B) LOS objects, 23% free, 50MB/66MB, paused 1.227ms total 35.613ms
08-05 14:10:38.824  1548  1561 I art     : Starting a blocking GC Explicit
08-05 14:10:38.859  1548  1561 I art     : Explicit concurrent mark sweep GC freed 3(96B) AllocSpace objects, 0(0B) LOS objects, 23% free, 50MB/66MB, paused 1.372ms total 34.366ms
08-05 14:10:38.869  1548  1561 I art     : Starting a blocking GC Explicit
08-05 14:10:38.904  1548  1561 I art     : Explicit concurrent mark sweep GC freed 3(96B) AllocSpace objects, 0(0B) LOS objects, 23% free, 50MB/66MB, paused 1.218ms total 34.696ms
08-05 14:10:38.914  1548  1561 I art     : Starting a blocking GC Explicit
08-05 14:10:38.949  1548  1561 I art     : Explicit concurrent mark sweep GC freed 3(96B) AllocSpace objects, 0(0B) LOS objects, 23% free, 50MB/66MB, paused 1.256ms total 34.996ms
08-05 14:10:39.077  5062  5062 D AndroidRuntime: >>>>>> START com.android.internal.os.RuntimeInit uid 2000 <<<<<<
08-05 14:10:39.087  5062  5062 D AndroidRuntime: CheckJNI is OFF
08-05 14:10:39.123  5062  5062 D ICU     : No timezone override file found: /data/misc/zoneinfo/current/icu/icu_tzdata.dat
08-05 14:10:39.156  5062  5062 I Radio-JNI: register_android_hardware_Radio DONE
08-05 14:10:39.177  5062  5062 D AndroidRuntime: Calling main entry com.android.commands.input.Input
08-05 14:10:39.179  5062  5062 I Input   : injectKeyEvent: KeyEvent { action=ACTION_DOWN, keyCode=KEYCODE_BACK, scanCode=0, metaState=0, flags=0x0, repeatCount=0, eventTime=799855592, downTime=799855592, deviceId=-1, source=0x101 }
08-05 14:10:39.184  5062  5062 I Input   : injectKeyEvent: KeyEvent { action=ACTION_UP, keyCode=KEYCODE_BACK, scanCode=0, metaState=0, flags=0x0, repeatCount=0, eventTime=799855592, downTime=799855592, deviceId=-1, source=0x101 }
08-05 14:10:39.193  5062  5062 D AndroidRuntime: Shutting down VM
08-05 14:10:39.199  1548  1548 V PlaybackController: initServiceNotRunning()
08-05 14:10:39.199  1548  1548 D ExternalPlayerFragment: Loading media info
08-05 14:10:39.202  1548  2526 D ApOkHttpUrlLoader: buildLoadData() called with: model = [http://sixgun.org/files/linuxoutlaws.jpg], width = [224], height = [224]
08-05 14:10:39.203  1548  2312 D DBReader: getImageAuthentication() called with: imageUrl = [http://sixgun.org/files/linuxoutlaws.jpg]
08-05 14:10:39.205  1548  1548 D UserPreferences: Using default data folder
08-05 14:10:39.205  1548  2312 D ApOkHttpUrlLoader: no credentials for 'http://sixgun.org/files/linuxoutlaws.jpg'
08-05 14:10:39.206  1548  2084 D DBReader: getNavDrawerData() called with: 
08-05 14:10:39.221  1548  2084 D DBReader: getDownloadedItems() called
08-05 14:10:39.222  1548  2084 D DBReader: getFavoriteIDList() called
08-05 14:10:39.222  1548  2084 D DBReader: getQueueIDList() called
08-05 14:10:39.223  1548  2084 D DBReader: Extracting Feedlist
08-05 14:10:39.239 13866 13866 I GoogleInputMethodServic: GoogleInputMethodService.onFinishInput():3138 
08-05 14:10:39.240 13866 13866 I GoogleInputMethodServic: GoogleInputMethodService.onStartInput():1808 
08-05 14:10:39.252  1548  1548 D MainActivity: getLastNavFragment() -> AddFeedFragment
08-05 14:10:39.278  1548  2312 D DBWriter: updateFeedDownloadURL(original: http://sixgun.org/files/linuxoutlaws.jpg, updated: https://fab.industries/sixgun/files/linuxoutlaws.jpg)
08-05 14:10:39.303  1548  1573 I art     : Starting a blocking GC Explicit
08-05 14:10:39.336  1548  1573 I art     : Explicit concurrent mark sweep GC freed 3102(185KB) AllocSpace objects, 1(20KB) LOS objects, 23% free, 51MB/67MB, paused 1.261ms total 32.605ms
08-05 14:10:39.347  1548  1573 I art     : Starting a blocking GC Explicit
08-05 14:10:39.383  1548  1573 I art     : Explicit concurrent mark sweep GC freed 491(26KB) AllocSpace objects, 0(0B) LOS objects, 23% free, 50MB/66MB, paused 1.239ms total 36.482ms
08-05 14:10:39.396  1548  1573 I art     : Starting a blocking GC Explicit
08-05 14:10:39.425  1548  2312 D MYTAG   : interceptor 2a
08-05 14:10:39.425  1548  2312 I NAPPA_EXPERIMENTATION: MetricNetworkRequestExecutionTime: REQUEST_DURATION_SYSTEM='220',REQUEST_DURATION_OKHTTP='145',REQUEST_SYNCHRONOUS='TRUE',RESPONSE_CODE='404',RESPONSE_METHOD='GET',RESPONSE_LENGTH_OKHTTP='-1',RESPONSE_LENGTH_HEADER='1503',REQUEST_PROTOCOL='h2',REQUEST_URL='https://fab.industries/sixgun/files/linuxoutlaws.jpg',
08-05 14:10:39.426  1548  1548 W Glide   : Load failed for http://sixgun.org/files/linuxoutlaws.jpg with size [224x224]
08-05 14:10:39.426  1548  1548 W Glide   : class com.bumptech.glide.load.engine.GlideException: Failed to load resource
08-05 14:10:39.426  1548  1548 W Glide   : There was 1 cause:
08-05 14:10:39.426  1548  1548 W Glide   : com.bumptech.glide.load.HttpException()
08-05 14:10:39.426  1548  1548 W Glide   :  call GlideException#logRootCauses(String) for more detail
08-05 14:10:39.426  1548  1548 W Glide   :   Cause (1 of 1): class com.bumptech.glide.load.engine.GlideException: Fetching data failed, class java.io.InputStream, REMOTE
08-05 14:10:39.426  1548  1548 W Glide   : There was 1 cause:
08-05 14:10:39.426  1548  1548 W Glide   : com.bumptech.glide.load.HttpException()
08-05 14:10:39.426  1548  1548 W Glide   :  call GlideException#logRootCauses(String) for more detail
08-05 14:10:39.426  1548  1548 W Glide   :     Cause (1 of 1): class com.bumptech.glide.load.HttpException: 
08-05 14:10:39.427  1548  1548 I Glide   : Root cause (1 of 1)
08-05 14:10:39.427  1548  1548 I Glide   : com.bumptech.glide.load.HttpException: 
08-05 14:10:39.427  1548  1548 I Glide   : 	at com.bumptech.glide.integration.okhttp3.OkHttpStreamFetcher.onResponse(OkHttpStreamFetcher.java:73)
08-05 14:10:39.427  1548  1548 I Glide   : 	at okhttp3.RealCall$AsyncCall.execute(RealCall.java:174)
08-05 14:10:39.427  1548  1548 I Glide   : 	at okhttp3.internal.NamedRunnable.run(NamedRunnable.java:32)
08-05 14:10:39.427  1548  1548 I Glide   : 	at java.util.concurrent.ThreadPoolExecutor.runWorker(ThreadPoolExecutor.java:1113)
08-05 14:10:39.427  1548  1548 I Glide   : 	at java.util.concurrent.ThreadPoolExecutor$Worker.run(ThreadPoolExecutor.java:588)
08-05 14:10:39.427  1548  1548 I Glide   : 	at java.lang.Thread.run(Thread.java:818)
08-05 14:10:39.427  1548  1548 W Glide   : Load failed for http://sixgun.org/files/linuxoutlaws.jpg with size [224x224]
08-05 14:10:39.427  1548  1548 W Glide   : class com.bumptech.glide.load.engine.GlideException: Failed to load resource
08-05 14:10:39.427  1548  1548 W Glide   : There was 1 cause:
08-05 14:10:39.427  1548  1548 W Glide   : com.bumptech.glide.load.HttpException()
08-05 14:10:39.427  1548  1548 W Glide   :  call GlideException#logRootCauses(String) for more detail
08-05 14:10:39.427  1548  1548 W Glide   :   Cause (1 of 1): class com.bumptech.glide.load.engine.GlideException: Fetching data failed, class java.io.InputStream, REMOTE
08-05 14:10:39.427  1548  1548 W Glide   : There was 1 cause:
08-05 14:10:39.427  1548  1548 W Glide   : com.bumptech.glide.load.HttpException()
08-05 14:10:39.427  1548  1548 W Glide   :  call GlideException#logRootCauses(String) for more detail
08-05 14:10:39.427  1548  1548 W Glide   :     Cause (1 of 1): class com.bumptech.glide.load.HttpException: 
08-05 14:10:39.429  1548  1548 I Glide   : Root cause (1 of 1)
08-05 14:10:39.429  1548  1548 I Glide   : com.bumptech.glide.load.HttpException: 
08-05 14:10:39.429  1548  1548 I Glide   : 	at com.bumptech.glide.integration.okhttp3.OkHttpStreamFetcher.onResponse(OkHttpStreamFetcher.java:73)
08-05 14:10:39.429  1548  1548 I Glide   : 	at okhttp3.RealCall$AsyncCall.execute(RealCall.java:174)
08-05 14:10:39.429  1548  1548 I Glide   : 	at okhttp3.internal.NamedRunnable.run(NamedRunnable.java:32)
08-05 14:10:39.429  1548  1548 I Glide   : 	at java.util.concurrent.ThreadPoolExecutor.runWorker(ThreadPoolExecutor.java:1113)
08-05 14:10:39.429  1548  1548 I Glide   : 	at java.util.concurrent.ThreadPoolExecutor$Worker.run(ThreadPoolExecutor.java:588)
08-05 14:10:39.429  1548  1548 I Glide   : 	at java.lang.Thread.run(Thread.java:818)
08-05 14:10:39.431  1548  1573 I art     : Explicit concurrent mark sweep GC freed 362(64KB) AllocSpace objects, 0(0B) LOS objects, 23% free, 51MB/67MB, paused 1.332ms total 35.290ms
08-05 14:10:39.442  1548  1573 I art     : Starting a blocking GC Explicit
08-05 14:10:39.480  1548  1573 I art     : Explicit concurrent mark sweep GC freed 233(11KB) AllocSpace objects, 0(0B) LOS objects, 23% free, 50MB/66MB, paused 1.084ms total 37.702ms
08-05 14:10:39.491  1548  1573 I art     : Starting a blocking GC Explicit
08-05 14:10:39.528  1548  1573 I art     : Explicit concurrent mark sweep GC freed 6(192B) AllocSpace objects, 0(0B) LOS objects, 23% free, 50MB/66MB, paused 1.156ms total 37.283ms
08-05 14:10:39.535   380   380 W SurfaceFlinger: couldn't log to binary event log: overflow.
08-05 14:10:39.863  1548  1560 I art     : Starting a blocking GC Explicit
08-05 14:10:39.914  1548  1560 I art     : Explicit concurrent mark sweep GC freed 1996(108KB) AllocSpace objects, 1(20KB) LOS objects, 23% free, 50MB/66MB, paused 1.225ms total 50.072ms
08-05 14:10:39.924  1548  1560 I art     : Starting a blocking GC Explicit
08-05 14:10:39.961  1548  1560 I art     : Explicit concurrent mark sweep GC freed 2876(236KB) AllocSpace objects, 1(28KB) LOS objects, 23% free, 50MB/66MB, paused 1.205ms total 35.991ms
08-05 14:10:39.971  1548  1560 I art     : Starting a blocking GC Explicit
08-05 14:10:40.006  1548  1560 I art     : Explicit concurrent mark sweep GC freed 3(96B) AllocSpace objects, 0(0B) LOS objects, 23% free, 50MB/66MB, paused 1.157ms total 34.905ms
08-05 14:10:40.016  1548  1560 I art     : Starting a blocking GC Explicit
08-05 14:10:40.052  1548  1560 I art     : Explicit concurrent mark sweep GC freed 3(96B) AllocSpace objects, 0(0B) LOS objects, 23% free, 50MB/66MB, paused 1.186ms total 35.402ms
08-05 14:10:40.062  1548  1560 I art     : Starting a blocking GC Explicit
08-05 14:10:40.099  1548  1560 I art     : Explicit concurrent mark sweep GC freed 3(96B) AllocSpace objects, 0(0B) LOS objects, 23% free, 50MB/66MB, paused 1.452ms total 36.160ms
08-05 14:10:40.438  1548  1561 I art     : Starting a blocking GC Explicit
08-05 14:10:40.475  1548  1561 I art     : Explicit concurrent mark sweep GC freed 1383(81KB) AllocSpace objects, 1(20KB) LOS objects, 23% free, 50MB/66MB, paused 1.203ms total 36.443ms
08-05 14:10:40.485  1548  1561 I art     : Starting a blocking GC Explicit
08-05 14:10:40.519  1548  1561 I art     : Explicit concurrent mark sweep GC freed 23(752B) AllocSpace objects, 0(0B) LOS objects, 23% free, 50MB/66MB, paused 1.264ms total 33.826ms
08-05 14:10:40.529  1548  1561 I art     : Starting a blocking GC Explicit
08-05 14:10:40.562  1548  1561 I art     : Explicit concurrent mark sweep GC freed 3(96B) AllocSpace objects, 0(0B) LOS objects, 23% free, 50MB/66MB, paused 1.192ms total 33.008ms
08-05 14:10:40.572  1548  1561 I art     : Starting a blocking GC Explicit
08-05 14:10:40.606  1548  1561 I art     : Explicit concurrent mark sweep GC freed 3(96B) AllocSpace objects, 0(0B) LOS objects, 23% free, 50MB/66MB, paused 1.191ms total 33.612ms
08-05 14:10:40.616  1548  1561 I art     : Starting a blocking GC Explicit
08-05 14:10:40.649  1548  1561 I art     : Explicit concurrent mark sweep GC freed 32(880B) AllocSpace objects, 0(0B) LOS objects, 23% free, 50MB/66MB, paused 1.201ms total 33.327ms
08-05 14:10:40.858  5105  5105 D AndroidRuntime: >>>>>> START com.android.internal.os.RuntimeInit uid 2000 <<<<<<
08-05 14:10:40.863  5105  5105 D AndroidRuntime: CheckJNI is OFF
08-05 14:10:40.900  5105  5105 D ICU     : No timezone override file found: /data/misc/zoneinfo/current/icu/icu_tzdata.dat
08-05 14:10:40.932  5105  5105 I Radio-JNI: register_android_hardware_Radio DONE
08-05 14:10:40.952  5105  5105 D AndroidRuntime: Calling main entry com.android.commands.input.Input
08-05 14:10:40.954  5105  5105 I Input   : injectMotionEvent: MotionEvent { action=ACTION_DOWN, actionButton=0, id[0]=0, x[0]=526.0, y[0]=597.0, toolType[0]=TOOL_TYPE_UNKNOWN, buttonState=0, metaState=0, flags=0x0, edgeFlags=0x0, pointerCount=1, historySize=0, eventTime=799857367, downTime=799857367, deviceId=0, source=0x1002 }
08-05 14:10:40.959  5105  5105 I Input   : injectMotionEvent: MotionEvent { action=ACTION_UP, actionButton=0, id[0]=0, x[0]=526.0, y[0]=597.0, toolType[0]=TOOL_TYPE_UNKNOWN, buttonState=0, metaState=0, flags=0x0, edgeFlags=0x0, pointerCount=1, historySize=0, eventTime=799857367, downTime=799857367, deviceId=0, source=0x1002 }
08-05 14:10:40.961  5105  5105 D AndroidRuntime: Shutting down VM
08-05 14:10:40.969  1548  1573 I art     : Starting a blocking GC Explicit
08-05 14:10:41.005  1548  1573 I art     : Explicit concurrent mark sweep GC freed 1442(83KB) AllocSpace objects, 1(20KB) LOS objects, 23% free, 50MB/66MB, paused 1.144ms total 35.760ms
08-05 14:10:41.016  1548  1573 I art     : Starting a blocking GC Explicit
08-05 14:10:41.038  1548  1548 D PodcastListFragment: Selected podcast: GpodnetPodcast [url=http://feeds.feedburner.com/linuxoutlaws, title=Linux Outlaws, description=Two pragmatic geeks talk about the latest news concerning Linux, free and open
08-05 14:10:41.038  1548  1548 D PodcastListFragment: technology or anything else they deem noteworthy which may include such absurd
08-05 14:10:41.038  1548  1548 D PodcastListFragment: things as hockey or bands you never heard of. This means there's many a joke
08-05 14:10:41.038  1548  1548 D PodcastListFragment: and derailed conversation along the way, so don't come here expecting only
08-05 14:10:41.038  1548  1548 D PodcastListFragment: Linux or software freedom talk  just sit back and relax, partner., subscribers=3321, logoUrl=http://sixgun.org/files/linuxoutlaws.jpg, website=http://sixgun.org, mygpoLink=http://gpodder.net/podcast/linux-outlaws-mp3]
08-05 14:10:41.039   918  5481 I ActivityManager: START u0 {cmp=baseline.de.danoeh.antennapod.debug/baseline.de.danoeh.antennapod.activity.OnlineFeedViewActivity (has extras)} from uid 10695 on display 0
08-05 14:10:41.040   512  2967 D audio_hw_primary: out_set_parameters: enter: usecase(1: low-latency-playback) kvpairs: routing=2
08-05 14:10:41.052  1548  1573 I art     : Explicit concurrent mark sweep GC freed 71(11KB) AllocSpace objects, 0(0B) LOS objects, 23% free, 50MB/66MB, paused 1.221ms total 35.219ms
08-05 14:10:41.053   512  2967 D audio_hw_primary: select_devices: out_snd_device(2: speaker) in_snd_device(0: none)
08-05 14:10:41.054   512  2967 D msm8974_platform: platform_send_audio_calibration: sending audio calibration for snd_device(2) acdb_id(15)
08-05 14:10:41.054   512  2967 I soundtrigger: audio_extn_sound_trigger_update_device_status: device 0x2 of type 0 for Event 1
08-05 14:10:41.062  1548  1573 I art     : Starting a blocking GC Explicit
08-05 14:10:41.064   512  2967 D audio_hw_primary: enable_snd_device: snd_device(2: speaker)
08-05 14:10:41.066   512  2967 D audio_hw_primary: enable_audio_route: apply and update mixer path: low-latency-playback speaker
08-05 14:10:41.083  1548  1548 D UserPreferences: Using default data folder
08-05 14:10:41.083  1548  1548 D OnlineFeedViewActivity: Activity was started with url http://feeds.feedburner.com/linuxoutlaws
08-05 14:10:41.085  1548  1548 D OnlineFeedViewActivity: Starting feed download
08-05 14:10:41.087  1548  1575 D DBReader: Extracting Feedlist
08-05 14:10:41.089   918  6110 D WifiService: acquireWifiLockLocked: WifiLock{Downloader type=1 binder=android.os.BinderProxy@897e086}
08-05 14:10:41.089  1548  1575 D AntennapodHttpClient: Creating new instance of HTTP client
08-05 14:10:41.096  1548  1573 I art     : Explicit concurrent mark sweep GC freed 1145(66KB) AllocSpace objects, 0(0B) LOS objects, 23% free, 50MB/66MB, paused 1.624ms total 34.082ms
08-05 14:10:41.106  1548  1573 I art     : Starting a blocking GC Explicit
08-05 14:10:41.137  1548  1573 I art     : Explicit concurrent mark sweep GC freed 365(32KB) AllocSpace objects, 0(0B) LOS objects, 23% free, 50MB/66MB, paused 1.245ms total 30.750ms
08-05 14:10:41.146  1548  1573 I art     : Starting a blocking GC Explicit
08-05 14:10:41.146 13866 13866 I GoogleInputMethodServic: GoogleInputMethodService.onFinishInput():3138 
08-05 14:10:41.147 13866 13866 I GoogleInputMethodServic: GoogleInputMethodService.onStartInput():1808 
08-05 14:10:41.169   918   936 I ActivityManager: Displayed baseline.de.danoeh.antennapod.debug/baseline.de.danoeh.antennapod.activity.OnlineFeedViewActivity: +112ms
08-05 14:10:41.182  1548  1573 I art     : Explicit concurrent mark sweep GC freed 177(7KB) AllocSpace objects, 0(0B) LOS objects, 23% free, 50MB/66MB, paused 1.176ms total 35.232ms
08-05 14:10:41.190  1548  1569 D OpenGLRenderer: endAllStagingAnimators on 0x7f79dfc800 (GridView) with handle 0x7f7e470280
08-05 14:10:41.236  1548  1575 D MYTAG   : interceptor 3a http://feeds.feedburner.com/linuxoutlaws
08-05 14:10:41.237  1548  1575 I NAPPA_EXPERIMENTATION: MetricNetworkRequestExecutionTime: REQUEST_DURATION_SYSTEM='146',REQUEST_DURATION_OKHTTP='44',REQUEST_SYNCHRONOUS='TRUE',RESPONSE_CODE='200',RESPONSE_METHOD='GET',RESPONSE_LENGTH_OKHTTP='-1',RESPONSE_LENGTH_HEADER='-2',REQUEST_PROTOCOL='http/1.1',REQUEST_URL='http://feeds.feedburner.com/linuxoutlaws',
08-05 14:10:41.237  1548  1575 D HttpDownloader: Response code is 200
08-05 14:10:41.237  1548  1575 D UserPreferences: Using default data folder
08-05 14:10:41.238  1548  1575 D HttpDownloader: Getting size of download
08-05 14:10:41.238  1548  1575 D HttpDownloader: Size is -1
08-05 14:10:41.238  1548  1575 D UserPreferences: Using default data folder
08-05 14:10:41.238  1548  1575 D HttpDownloader: Free space is 20200566784
08-05 14:10:41.238  1548  1575 D HttpDownloader: Starting download
08-05 14:10:41.240  1548  1575 D HttpDownloader: Download was successful
08-05 14:10:41.241   918  3696 D WifiService: releaseWifiLockLocked: WifiLock{Downloader type=1 binder=android.os.BinderProxy@897e086}
08-05 14:10:41.241  1548  1548 D OnlineFeedViewActivity: Parsing feed
08-05 14:10:41.245  1548  5130 D TypeGetter: Recognized type RSS 2.0
08-05 14:10:41.249  1548  5130 D SyndHandler: Recognized Content namespace
08-05 14:10:41.249  1548  5130 D SyndHandler: Recognized DublinCore namespace
08-05 14:10:41.249  1548  5130 D SyndHandler: Recognized Atom namespace
08-05 14:10:41.249  1548  5130 D SyndHandler: Recognized ITunes namespace
08-05 14:10:41.249  1548  5130 D SyndHandler: Recognized media namespace
08-05 14:10:41.277  1548  5130 D OnlineFeedViewActivity: Deleted feed source file. Result: true
08-05 14:10:41.277  1548  1548 D OnlineFeedViewActivity: Removing HTML from shownotes
08-05 14:10:41.296  1548  2526 D ApOkHttpUrlLoader: buildLoadData() called with: model = [http://sixgun.org/files/linuxoutlaws.jpg], width = [350], height = [350]
08-05 14:10:41.297  1548  2312 D DBReader: getImageAuthentication() called with: imageUrl = [http://sixgun.org/files/linuxoutlaws.jpg]
08-05 14:10:41.300  1548  2312 D ApOkHttpUrlLoader: no credentials for 'http://sixgun.org/files/linuxoutlaws.jpg'
08-05 14:10:41.339  1548  2312 D DBWriter: updateFeedDownloadURL(original: http://sixgun.org/files/linuxoutlaws.jpg, updated: https://fab.industries/sixgun/files/linuxoutlaws.jpg)
08-05 14:10:41.422   380   380 W SurfaceFlinger: couldn't log to binary event log: overflow.
08-05 14:10:41.474  1548  2782 I art     : Starting a blocking GC Explicit
08-05 14:10:41.491  1548  2312 D MYTAG   : interceptor 2a
08-05 14:10:41.491  1548  2312 I NAPPA_EXPERIMENTATION: MetricNetworkRequestExecutionTime: REQUEST_DURATION_SYSTEM='191',REQUEST_DURATION_OKHTTP='149',REQUEST_SYNCHRONOUS='TRUE',RESPONSE_CODE='404',RESPONSE_METHOD='GET',RESPONSE_LENGTH_OKHTTP='-1',RESPONSE_LENGTH_HEADER='1503',REQUEST_PROTOCOL='h2',REQUEST_URL='https://fab.industries/sixgun/files/linuxoutlaws.jpg',
08-05 14:10:41.493  1548  1548 W Glide   : Load failed for http://sixgun.org/files/linuxoutlaws.jpg with size [350x350]
08-05 14:10:41.493  1548  1548 W Glide   : class com.bumptech.glide.load.engine.GlideException: Failed to load resource
08-05 14:10:41.493  1548  1548 W Glide   : There was 1 cause:
08-05 14:10:41.493  1548  1548 W Glide   : com.bumptech.glide.load.HttpException()
08-05 14:10:41.493  1548  1548 W Glide   :  call GlideException#logRootCauses(String) for more detail
08-05 14:10:41.493  1548  1548 W Glide   :   Cause (1 of 1): class com.bumptech.glide.load.engine.GlideException: Fetching data failed, class java.io.InputStream, REMOTE
08-05 14:10:41.493  1548  1548 W Glide   : There was 1 cause:
08-05 14:10:41.493  1548  1548 W Glide   : com.bumptech.glide.load.HttpException()
08-05 14:10:41.493  1548  1548 W Glide   :  call GlideException#logRootCauses(String) for more detail
08-05 14:10:41.493  1548  1548 W Glide   :     Cause (1 of 1): class com.bumptech.glide.load.HttpException: 
08-05 14:10:41.493  1548  1548 I Glide   : Root cause (1 of 1)
08-05 14:10:41.493  1548  1548 I Glide   : com.bumptech.glide.load.HttpException: 
08-05 14:10:41.493  1548  1548 I Glide   : 	at com.bumptech.glide.integration.okhttp3.OkHttpStreamFetcher.onResponse(OkHttpStreamFetcher.java:73)
08-05 14:10:41.493  1548  1548 I Glide   : 	at okhttp3.RealCall$AsyncCall.execute(RealCall.java:174)
08-05 14:10:41.493  1548  1548 I Glide   : 	at okhttp3.internal.NamedRunnable.run(NamedRunnable.java:32)
08-05 14:10:41.493  1548  1548 I Glide   : 	at java.util.concurrent.ThreadPoolExecutor.runWorker(ThreadPoolExecutor.java:1113)
08-05 14:10:41.493  1548  1548 I Glide   : 	at java.util.concurrent.ThreadPoolExecutor$Worker.run(ThreadPoolExecutor.java:588)
08-05 14:10:41.493  1548  1548 I Glide   : 	at java.lang.Thread.run(Thread.java:818)
08-05 14:10:41.511  1548  2782 I art     : Explicit concurrent mark sweep GC freed 7468(892KB) AllocSpace objects, 15(828KB) LOS objects, 23% free, 51MB/67MB, paused 1.236ms total 36.089ms
08-05 14:10:41.522  1548  2782 I art     : Starting a blocking GC Explicit
08-05 14:10:41.541  1548  1548 D PlaybackController: Releasing PlaybackController
08-05 14:10:41.557  1548  2782 I art     : Explicit concurrent mark sweep GC freed 1569(72KB) AllocSpace objects, 0(0B) LOS objects, 23% free, 51MB/67MB, paused 1.484ms total 35.089ms
08-05 14:10:41.569  1548  2782 I art     : Starting a blocking GC Explicit
08-05 14:10:41.599   512  2967 D audio_hw_primary: disable_audio_route: reset and update mixer path: low-latency-playback speaker
08-05 14:10:41.601   512  2967 D audio_hw_primary: disable_snd_device: snd_device(2: speaker)
08-05 14:10:41.601  1548  2782 I art     : Explicit concurrent mark sweep GC freed 42(1712B) AllocSpace objects, 1(112KB) LOS objects, 23% free, 50MB/66MB, paused 1.133ms total 31.129ms
08-05 14:10:41.608   512  2967 I soundtrigger: audio_extn_sound_trigger_update_device_status: device 0x2 of type 0 for Event 0
08-05 14:10:41.610  1548  2782 I art     : Starting a blocking GC Explicit
08-05 14:10:41.643  1548  2782 I art     : Explicit concurrent mark sweep GC freed 48(1424B) AllocSpace objects, 0(0B) LOS objects, 23% free, 50MB/66MB, paused 1.175ms total 32.788ms
08-05 14:10:41.653  1548  2782 I art     : Starting a blocking GC Explicit
08-05 14:10:41.689  1548  2782 I art     : Explicit concurrent mark sweep GC freed 3(96B) AllocSpace objects, 0(0B) LOS objects, 23% free, 50MB/66MB, paused 1.329ms total 36.174ms
08-05 14:10:42.031  1548  1560 I art     : Starting a blocking GC Explicit
08-05 14:10:42.077  1548  1560 I art     : Explicit concurrent mark sweep GC freed 1384(81KB) AllocSpace objects, 1(20KB) LOS objects, 23% free, 50MB/66MB, paused 1.324ms total 45.488ms
08-05 14:10:42.089  1548  1560 I art     : Starting a blocking GC Explicit
08-05 14:10:42.127  1548  1560 I art     : Explicit concurrent mark sweep GC freed 23(752B) AllocSpace objects, 0(0B) LOS objects, 23% free, 50MB/66MB, paused 1.324ms total 37.714ms
08-05 14:10:42.139  1548  1560 I art     : Starting a blocking GC Explicit
08-05 14:10:42.176  1548  1560 I art     : Explicit concurrent mark sweep GC freed 3(96B) AllocSpace objects, 0(0B) LOS objects, 23% free, 50MB/66MB, paused 1.219ms total 37.065ms
08-05 14:10:42.187  1548  1560 I art     : Starting a blocking GC Explicit
08-05 14:10:42.224  1548  1560 I art     : Explicit concurrent mark sweep GC freed 3(96B) AllocSpace objects, 0(0B) LOS objects, 23% free, 50MB/66MB, paused 1.241ms total 36.844ms
08-05 14:10:42.234  1548  1560 I art     : Starting a blocking GC Explicit
08-05 14:10:42.273  1548  1560 I art     : Explicit concurrent mark sweep GC freed 3(96B) AllocSpace objects, 0(0B) LOS objects, 23% free, 50MB/66MB, paused 1.235ms total 37.914ms
08-05 14:10:42.625  1548  5128 I art     : Starting a blocking GC Explicit
08-05 14:10:42.672  1548  5128 I art     : Explicit concurrent mark sweep GC freed 1410(81KB) AllocSpace objects, 1(20KB) LOS objects, 23% free, 50MB/66MB, paused 1.394ms total 46.272ms
08-05 14:10:42.688  1548  5128 I art     : Starting a blocking GC Explicit
08-05 14:10:42.725  1548  5128 I art     : Explicit concurrent mark sweep GC freed 23(752B) AllocSpace objects, 0(0B) LOS objects, 23% free, 50MB/66MB, paused 1.267ms total 37.458ms
08-05 14:10:42.736  1548  5128 I art     : Starting a blocking GC Explicit
08-05 14:10:42.774  1548  5128 I art     : Explicit concurrent mark sweep GC freed 3(96B) AllocSpace objects, 0(0B) LOS objects, 23% free, 50MB/66MB, paused 1.238ms total 37.279ms
08-05 14:10:42.784  1548  5128 I art     : Starting a blocking GC Explicit
08-05 14:10:42.822  1548  5128 I art     : Explicit concurrent mark sweep GC freed 3(96B) AllocSpace objects, 0(0B) LOS objects, 23% free, 50MB/66MB, paused 1.260ms total 37.437ms
08-05 14:10:42.833  1548  5128 I art     : Starting a blocking GC Explicit
08-05 14:10:42.869  1548  5128 I art     : Explicit concurrent mark sweep GC freed 3(96B) AllocSpace objects, 0(0B) LOS objects, 23% free, 50MB/66MB, paused 1.281ms total 36.497ms
08-05 14:10:43.249  1548  2782 I art     : Starting a blocking GC Explicit
08-05 14:10:43.289  1548  2782 I art     : Explicit concurrent mark sweep GC freed 1411(82KB) AllocSpace objects, 1(20KB) LOS objects, 23% free, 50MB/66MB, paused 1.394ms total 39.387ms
08-05 14:10:43.301  1548  2782 I art     : Starting a blocking GC Explicit
08-05 14:10:43.339  1548  2782 I art     : Explicit concurrent mark sweep GC freed 23(752B) AllocSpace objects, 0(0B) LOS objects, 23% free, 50MB/66MB, paused 1.333ms total 37.013ms
08-05 14:10:43.349  1548  2782 I art     : Starting a blocking GC Explicit
08-05 14:10:43.387  1548  2782 I art     : Explicit concurrent mark sweep GC freed 3(96B) AllocSpace objects, 0(0B) LOS objects, 23% free, 50MB/66MB, paused 1.252ms total 37.060ms
08-05 14:10:43.397  1548  2782 I art     : Starting a blocking GC Explicit
08-05 14:10:43.433  1548  2782 I art     : Explicit concurrent mark sweep GC freed 3(96B) AllocSpace objects, 0(0B) LOS objects, 23% free, 50MB/66MB, paused 1.264ms total 35.708ms
08-05 14:10:43.444  1548  2782 I art     : Starting a blocking GC Explicit
08-05 14:10:43.482  1548  2782 I art     : Explicit concurrent mark sweep GC freed 3(96B) AllocSpace objects, 0(0B) LOS objects, 23% free, 50MB/66MB, paused 1.329ms total 37.772ms
08-05 14:10:43.862  1548  1560 I art     : Starting a blocking GC Explicit
08-05 14:10:43.914  1548  1560 I art     : Explicit concurrent mark sweep GC freed 1410(81KB) AllocSpace objects, 1(20KB) LOS objects, 23% free, 50MB/66MB, paused 1.324ms total 51.393ms
08-05 14:10:43.928  1548  1560 I art     : Starting a blocking GC Explicit
08-05 14:10:43.966  1548  1560 I art     : Explicit concurrent mark sweep GC freed 23(752B) AllocSpace objects, 0(0B) LOS objects, 23% free, 50MB/66MB, paused 1.417ms total 37.636ms
08-05 14:10:43.976  1548  1560 I art     : Starting a blocking GC Explicit
08-05 14:10:44.014  1548  1560 I art     : Explicit concurrent mark sweep GC freed 3(96B) AllocSpace objects, 0(0B) LOS objects, 23% free, 50MB/66MB, paused 1.217ms total 37.474ms
08-05 14:10:44.025  1548  1560 I art     : Starting a blocking GC Explicit
08-05 14:10:44.063  1548  1560 I art     : Explicit concurrent mark sweep GC freed 3(96B) AllocSpace objects, 0(0B) LOS objects, 23% free, 50MB/66MB, paused 1.229ms total 37.583ms
08-05 14:10:44.073  1548  1560 I art     : Starting a blocking GC Explicit
08-05 14:10:44.110  1548  1560 I art     : Explicit concurrent mark sweep GC freed 3(96B) AllocSpace objects, 0(0B) LOS objects, 23% free, 50MB/66MB, paused 1.141ms total 36.344ms
08-05 14:10:44.466  1548  5128 I art     : Starting a blocking GC Explicit
08-05 14:10:44.519  1548  5128 I art     : Explicit concurrent mark sweep GC freed 1382(83KB) AllocSpace objects, 1(20KB) LOS objects, 23% free, 50MB/66MB, paused 1.580ms total 53.184ms
08-05 14:10:44.533  1548  5128 I art     : Starting a blocking GC Explicit
08-05 14:10:44.570  1548  5128 I art     : Explicit concurrent mark sweep GC freed 23(752B) AllocSpace objects, 0(0B) LOS objects, 23% free, 50MB/66MB, paused 1.448ms total 36.551ms
08-05 14:10:44.582  1548  5128 I art     : Starting a blocking GC Explicit
08-05 14:10:44.617  1548  5128 I art     : Explicit concurrent mark sweep GC freed 3(96B) AllocSpace objects, 0(0B) LOS objects, 23% free, 50MB/66MB, paused 1.366ms total 35.309ms
08-05 14:10:44.628  1548  5128 I art     : Starting a blocking GC Explicit
08-05 14:10:44.663  1548  5128 I art     : Explicit concurrent mark sweep GC freed 32(880B) AllocSpace objects, 0(0B) LOS objects, 23% free, 50MB/66MB, paused 1.212ms total 34.834ms
08-05 14:10:44.673  1548  5128 I art     : Starting a blocking GC Explicit
08-05 14:10:44.710  1548  5128 I art     : Explicit concurrent mark sweep GC freed 3(96B) AllocSpace objects, 0(0B) LOS objects, 23% free, 50MB/66MB, paused 1.244ms total 36.883ms
08-05 14:10:45.093  1548  1561 I art     : Starting a blocking GC Explicit
08-05 14:10:45.141  1548  1561 I art     : Explicit concurrent mark sweep GC freed 1382(82KB) AllocSpace objects, 1(20KB) LOS objects, 23% free, 50MB/66MB, paused 1.409ms total 46.524ms
08-05 14:10:45.155  1548  1561 I art     : Starting a blocking GC Explicit
08-05 14:10:45.195  1548  1561 I art     : Explicit concurrent mark sweep GC freed 23(752B) AllocSpace objects, 0(0B) LOS objects, 23% free, 50MB/66MB, paused 1.351ms total 39.509ms
08-05 14:10:45.206  1548  1561 I art     : Starting a blocking GC Explicit
08-05 14:10:45.240  1548  1561 I art     : Explicit concurrent mark sweep GC freed 3(96B) AllocSpace objects, 0(0B) LOS objects, 23% free, 50MB/66MB, paused 1.186ms total 34.708ms
08-05 14:10:45.251  1548  1561 I art     : Starting a blocking GC Explicit
08-05 14:10:45.285  1548  1561 I art     : Explicit concurrent mark sweep GC freed 3(96B) AllocSpace objects, 0(0B) LOS objects, 23% free, 50MB/66MB, paused 1.233ms total 34.367ms
08-05 14:10:45.295  1548  1561 I art     : Starting a blocking GC Explicit
08-05 14:10:45.330  1548  1561 I art     : Explicit concurrent mark sweep GC freed 3(96B) AllocSpace objects, 0(0B) LOS objects, 23% free, 50MB/66MB, paused 1.334ms total 34.504ms
08-05 14:10:45.634  5231  5231 D AndroidRuntime: >>>>>> START com.android.internal.os.RuntimeInit uid 2000 <<<<<<
08-05 14:10:45.639  5231  5231 D AndroidRuntime: CheckJNI is OFF
08-05 14:10:45.674  5231  5231 D ICU     : No timezone override file found: /data/misc/zoneinfo/current/icu/icu_tzdata.dat
08-05 14:10:45.683  1548  1573 I art     : Starting a blocking GC Explicit
08-05 14:10:45.710  5231  5231 I Radio-JNI: register_android_hardware_Radio DONE
08-05 14:10:45.721  1548  1573 I art     : Explicit concurrent mark sweep GC freed 1413(82KB) AllocSpace objects, 1(20KB) LOS objects, 23% free, 50MB/66MB, paused 1.410ms total 37.295ms
08-05 14:10:45.732  1548  1573 I art     : Starting a blocking GC Explicit
08-05 14:10:45.733  5231  5231 D AndroidRuntime: Calling main entry com.android.commands.input.Input
08-05 14:10:45.735  5231  5231 I Input   : injectKeyEvent: KeyEvent { action=ACTION_DOWN, keyCode=KEYCODE_BACK, scanCode=0, metaState=0, flags=0x0, repeatCount=0, eventTime=799862148, downTime=799862148, deviceId=-1, source=0x101 }
08-05 14:10:45.741  5231  5231 I Input   : injectKeyEvent: KeyEvent { action=ACTION_UP, keyCode=KEYCODE_BACK, scanCode=0, metaState=0, flags=0x0, repeatCount=0, eventTime=799862148, downTime=799862148, deviceId=-1, source=0x101 }
08-05 14:10:45.746  5231  5231 D AndroidRuntime: Shutting down VM
08-05 14:10:45.751  1548  1548 V PlaybackController: initServiceNotRunning()
08-05 14:10:45.751  1548  1548 D ExternalPlayerFragment: Loading media info
08-05 14:10:45.754  1548  2526 D ApOkHttpUrlLoader: buildLoadData() called with: model = [http://sixgun.org/files/linuxoutlaws.jpg], width = [224], height = [224]
08-05 14:10:45.755  1548  2312 D DBReader: getImageAuthentication() called with: imageUrl = [http://sixgun.org/files/linuxoutlaws.jpg]
08-05 14:10:45.756  1548  1548 D UserPreferences: Using default data folder
08-05 14:10:45.758  1548  2312 D ApOkHttpUrlLoader: no credentials for 'http://sixgun.org/files/linuxoutlaws.jpg'
08-05 14:10:45.758  1548  1575 D DBReader: getNavDrawerData() called with: 
08-05 14:10:45.767  1548  1573 I art     : Explicit concurrent mark sweep GC freed 632(35KB) AllocSpace objects, 0(0B) LOS objects, 23% free, 51MB/67MB, paused 1.412ms total 35.324ms
08-05 14:10:45.771  1548  1575 D DBReader: getDownloadedItems() called
08-05 14:10:45.773  1548  1575 D DBReader: getFavoriteIDList() called
08-05 14:10:45.775  1548  1575 D DBReader: getQueueIDList() called
08-05 14:10:45.776  1548  1575 D DBReader: Extracting Feedlist
08-05 14:10:45.780  1548  1573 I art     : Starting a blocking GC Explicit
08-05 14:10:45.788 13866 13866 I GoogleInputMethodServic: GoogleInputMethodService.onFinishInput():3138 
08-05 14:10:45.788 13866 13866 I GoogleInputMethodServic: GoogleInputMethodService.onStartInput():1808 
08-05 14:10:45.804  1548  1548 D MainActivity: getLastNavFragment() -> AddFeedFragment
08-05 14:10:45.813  1548  1573 I art     : Explicit concurrent mark sweep GC freed 695(47KB) AllocSpace objects, 0(0B) LOS objects, 23% free, 51MB/67MB, paused 1.658ms total 32.534ms
08-05 14:10:45.825  1548  1573 I art     : Starting a blocking GC Explicit
08-05 14:10:45.836  1548  2312 D DBWriter: updateFeedDownloadURL(original: http://sixgun.org/files/linuxoutlaws.jpg, updated: https://fab.industries/sixgun/files/linuxoutlaws.jpg)
08-05 14:10:45.856  1548  1573 I art     : Explicit concurrent mark sweep GC freed 748(38KB) AllocSpace objects, 0(0B) LOS objects, 23% free, 50MB/66MB, paused 1.245ms total 31.007ms
08-05 14:10:45.865  1548  1573 I art     : Starting a blocking GC Explicit
08-05 14:10:45.896  1548  1573 I art     : Explicit concurrent mark sweep GC freed 144(9KB) AllocSpace objects, 0(0B) LOS objects, 23% free, 50MB/66MB, paused 1.131ms total 30.630ms
08-05 14:10:45.986  1548  2312 D MYTAG   : interceptor 2a
08-05 14:10:45.986  1548  2312 I NAPPA_EXPERIMENTATION: MetricNetworkRequestExecutionTime: REQUEST_DURATION_SYSTEM='228',REQUEST_DURATION_OKHTTP='147',REQUEST_SYNCHRONOUS='TRUE',RESPONSE_CODE='404',RESPONSE_METHOD='GET',RESPONSE_LENGTH_OKHTTP='-1',RESPONSE_LENGTH_HEADER='1503',REQUEST_PROTOCOL='h2',REQUEST_URL='https://fab.industries/sixgun/files/linuxoutlaws.jpg',
08-05 14:10:45.987  1548  1548 W Glide   : Load failed for http://sixgun.org/files/linuxoutlaws.jpg with size [224x224]
08-05 14:10:45.987  1548  1548 W Glide   : class com.bumptech.glide.load.engine.GlideException: Failed to load resource
08-05 14:10:45.987  1548  1548 W Glide   : There was 1 cause:
08-05 14:10:45.987  1548  1548 W Glide   : com.bumptech.glide.load.HttpException()
08-05 14:10:45.987  1548  1548 W Glide   :  call GlideException#logRootCauses(String) for more detail
08-05 14:10:45.987  1548  1548 W Glide   :   Cause (1 of 1): class com.bumptech.glide.load.engine.GlideException: Fetching data failed, class java.io.InputStream, REMOTE
08-05 14:10:45.987  1548  1548 W Glide   : There was 1 cause:
08-05 14:10:45.987  1548  1548 W Glide   : com.bumptech.glide.load.HttpException()
08-05 14:10:45.987  1548  1548 W Glide   :  call GlideException#logRootCauses(String) for more detail
08-05 14:10:45.987  1548  1548 W Glide   :     Cause (1 of 1): class com.bumptech.glide.load.HttpException: 
08-05 14:10:45.988  1548  1548 I Glide   : Root cause (1 of 1)
08-05 14:10:45.988  1548  1548 I Glide   : com.bumptech.glide.load.HttpException: 
08-05 14:10:45.988  1548  1548 I Glide   : 	at com.bumptech.glide.integration.okhttp3.OkHttpStreamFetcher.onResponse(OkHttpStreamFetcher.java:73)
08-05 14:10:45.988  1548  1548 I Glide   : 	at okhttp3.RealCall$AsyncCall.execute(RealCall.java:174)
08-05 14:10:45.988  1548  1548 I Glide   : 	at okhttp3.internal.NamedRunnable.run(NamedRunnable.java:32)
08-05 14:10:45.988  1548  1548 I Glide   : 	at java.util.concurrent.ThreadPoolExecutor.runWorker(ThreadPoolExecutor.java:1113)
08-05 14:10:45.988  1548  1548 I Glide   : 	at java.util.concurrent.ThreadPoolExecutor$Worker.run(ThreadPoolExecutor.java:588)
08-05 14:10:45.988  1548  1548 I Glide   : 	at java.lang.Thread.run(Thread.java:818)
08-05 14:10:45.988  1548  1548 W Glide   : Load failed for http://sixgun.org/files/linuxoutlaws.jpg with size [224x224]
08-05 14:10:45.988  1548  1548 W Glide   : class com.bumptech.glide.load.engine.GlideException: Failed to load resource
08-05 14:10:45.988  1548  1548 W Glide   : There was 1 cause:
08-05 14:10:45.988  1548  1548 W Glide   : com.bumptech.glide.load.HttpException()
08-05 14:10:45.988  1548  1548 W Glide   :  call GlideException#logRootCauses(String) for more detail
08-05 14:10:45.988  1548  1548 W Glide   :   Cause (1 of 1): class com.bumptech.glide.load.engine.GlideException: Fetching data failed, class java.io.InputStream, REMOTE
08-05 14:10:45.988  1548  1548 W Glide   : There was 1 cause:
08-05 14:10:45.988  1548  1548 W Glide   : com.bumptech.glide.load.HttpException()
08-05 14:10:45.988  1548  1548 W Glide   :  call GlideException#logRootCauses(String) for more detail
08-05 14:10:45.988  1548  1548 W Glide   :     Cause (1 of 1): class com.bumptech.glide.load.HttpException: 
08-05 14:10:45.988  1548  1548 I Glide   : Root cause (1 of 1)
08-05 14:10:45.988  1548  1548 I Glide   : com.bumptech.glide.load.HttpException: 
08-05 14:10:45.988  1548  1548 I Glide   : 	at com.bumptech.glide.integration.okhttp3.OkHttpStreamFetcher.onResponse(OkHttpStreamFetcher.java:73)
08-05 14:10:45.988  1548  1548 I Glide   : 	at okhttp3.RealCall$AsyncCall.execute(RealCall.java:174)
08-05 14:10:45.988  1548  1548 I Glide   : 	at okhttp3.internal.NamedRunnable.run(NamedRunnable.java:32)
08-05 14:10:45.988  1548  1548 I Glide   : 	at java.util.concurrent.ThreadPoolExecutor.runWorker(ThreadPoolExecutor.java:1113)
08-05 14:10:45.988  1548  1548 I Glide   : 	at java.util.concurrent.ThreadPoolExecutor$Worker.run(ThreadPoolExecutor.java:588)
08-05 14:10:45.988  1548  1548 I Glide   : 	at java.lang.Thread.run(Thread.java:818)
08-05 14:10:46.094   380   380 W SurfaceFlinger: couldn't log to binary event log: overflow.
08-05 14:10:46.192  1548  5128 I art     : Starting a blocking GC Explicit
08-05 14:10:46.230  1548  5128 I art     : Explicit concurrent mark sweep GC freed 2523(181KB) AllocSpace objects, 1(20KB) LOS objects, 23% free, 50MB/66MB, paused 1.278ms total 38.058ms
08-05 14:10:46.241  1548  5128 I art     : Starting a blocking GC Explicit
08-05 14:10:46.277  1548  5128 I art     : Explicit concurrent mark sweep GC freed 2896(237KB) AllocSpace objects, 1(28KB) LOS objects, 23% free, 50MB/66MB, paused 1.256ms total 35.788ms
08-05 14:10:46.287  1548  5128 I art     : Starting a blocking GC Explicit
08-05 14:10:46.323  1548  5128 I art     : Explicit concurrent mark sweep GC freed 3(96B) AllocSpace objects, 0(0B) LOS objects, 23% free, 50MB/66MB, paused 1.341ms total 35.406ms
08-05 14:10:46.333  1548  5128 I art     : Starting a blocking GC Explicit
08-05 14:10:46.369  1548  5128 I art     : Explicit concurrent mark sweep GC freed 3(96B) AllocSpace objects, 0(0B) LOS objects, 23% free, 50MB/66MB, paused 1.284ms total 35.367ms
08-05 14:10:46.379  1548  5128 I art     : Starting a blocking GC Explicit
08-05 14:10:46.415  1548  5128 I art     : Explicit concurrent mark sweep GC freed 3(96B) AllocSpace objects, 0(0B) LOS objects, 23% free, 50MB/66MB, paused 1.273ms total 35.613ms
08-05 14:10:46.758  1548  1561 I art     : Starting a blocking GC Explicit
08-05 14:10:46.805  1548  1561 I art     : Explicit concurrent mark sweep GC freed 1412(82KB) AllocSpace objects, 1(20KB) LOS objects, 23% free, 50MB/66MB, paused 1.382ms total 46.915ms
08-05 14:10:46.817  1548  1561 I art     : Starting a blocking GC Explicit
08-05 14:10:46.853  1548  1561 I art     : Explicit concurrent mark sweep GC freed 23(752B) AllocSpace objects, 0(0B) LOS objects, 23% free, 50MB/66MB, paused 1.265ms total 36.063ms
08-05 14:10:46.863  1548  1561 I art     : Starting a blocking GC Explicit
08-05 14:10:46.900  1548  1561 I art     : Explicit concurrent mark sweep GC freed 3(96B) AllocSpace objects, 0(0B) LOS objects, 23% free, 50MB/66MB, paused 1.276ms total 35.840ms
08-05 14:10:46.910  1548  1561 I art     : Starting a blocking GC Explicit
08-05 14:10:46.945  1548  1561 I art     : Explicit concurrent mark sweep GC freed 3(96B) AllocSpace objects, 0(0B) LOS objects, 23% free, 50MB/66MB, paused 1.209ms total 35.278ms
08-05 14:10:46.956  1548  1561 I art     : Starting a blocking GC Explicit
08-05 14:10:46.991  1548  1561 I art     : Explicit concurrent mark sweep GC freed 3(96B) AllocSpace objects, 0(0B) LOS objects, 23% free, 50MB/66MB, paused 1.162ms total 34.458ms
08-05 14:10:47.193   918  3261 D WifiStateMachine: starting scan for "H369AA63323"WPA_PSK with 2412,5180
08-05 14:10:47.324  1548  2782 I art     : Starting a blocking GC Explicit
08-05 14:10:47.359  1548  2782 I art     : Explicit concurrent mark sweep GC freed 1382(81KB) AllocSpace objects, 1(20KB) LOS objects, 23% free, 50MB/66MB, paused 1.329ms total 35.553ms
08-05 14:10:47.370  1548  2782 I art     : Starting a blocking GC Explicit
08-05 14:10:47.405  1548  2782 I art     : Explicit concurrent mark sweep GC freed 30(976B) AllocSpace objects, 0(0B) LOS objects, 23% free, 50MB/66MB, paused 1.272ms total 34.671ms
08-05 14:10:47.406  5274  5274 D AndroidRuntime: >>>>>> START com.android.internal.os.RuntimeInit uid 2000 <<<<<<
08-05 14:10:47.412  5274  5274 D AndroidRuntime: CheckJNI is OFF
08-05 14:10:47.417  1548  2782 I art     : Starting a blocking GC Explicit
08-05 14:10:47.447  5274  5274 D ICU     : No timezone override file found: /data/misc/zoneinfo/current/icu/icu_tzdata.dat
08-05 14:10:47.451  1548  2782 I art     : Explicit concurrent mark sweep GC freed 13(416B) AllocSpace objects, 0(0B) LOS objects, 23% free, 50MB/66MB, paused 1.388ms total 33.378ms
08-05 14:10:47.461  1548  2782 I art     : Starting a blocking GC Explicit
08-05 14:10:47.480  5274  5274 I Radio-JNI: register_android_hardware_Radio DONE
08-05 14:10:47.492  1548  2782 I art     : Explicit concurrent mark sweep GC freed 13(416B) AllocSpace objects, 0(0B) LOS objects, 23% free, 50MB/66MB, paused 1.216ms total 31.109ms
08-05 14:10:47.502  1548  2782 I art     : Starting a blocking GC Explicit
08-05 14:10:47.502  5274  5274 D AndroidRuntime: Calling main entry com.android.commands.input.Input
08-05 14:10:47.503  5274  5274 I Input   : injectKeyEvent: KeyEvent { action=ACTION_DOWN, keyCode=KEYCODE_BACK, scanCode=0, metaState=0, flags=0x0, repeatCount=0, eventTime=799863916, downTime=799863916, deviceId=-1, source=0x101 }
08-05 14:10:47.509  5274  5274 I Input   : injectKeyEvent: KeyEvent { action=ACTION_UP, keyCode=KEYCODE_BACK, scanCode=0, metaState=0, flags=0x0, repeatCount=0, eventTime=799863916, downTime=799863916, deviceId=-1, source=0x101 }
08-05 14:10:47.527  5274  5274 D AndroidRuntime: Shutting down VM
08-05 14:10:47.534  1548  2782 I art     : Explicit concurrent mark sweep GC freed 1790(74KB) AllocSpace objects, 0(0B) LOS objects, 23% free, 50MB/66MB, paused 1.740ms total 32.264ms
08-05 14:10:47.825  1548  1561 I art     : Starting a blocking GC Explicit
08-05 14:10:47.872  1548  1561 I art     : Explicit concurrent mark sweep GC freed 1848(100KB) AllocSpace objects, 1(20KB) LOS objects, 23% free, 50MB/66MB, paused 1.516ms total 46.080ms
08-05 14:10:47.886  1548  1561 I art     : Starting a blocking GC Explicit
08-05 14:10:47.920  1548  1561 I art     : Explicit concurrent mark sweep GC freed 5328(393KB) AllocSpace objects, 9(1620KB) LOS objects, 24% free, 48MB/64MB, paused 1.213ms total 34.252ms
08-05 14:10:47.930  1548  1561 I art     : Starting a blocking GC Explicit
08-05 14:10:47.963  1548  1561 I art     : Explicit concurrent mark sweep GC freed 3(96B) AllocSpace objects, 0(0B) LOS objects, 24% free, 48MB/64MB, paused 1.196ms total 32.706ms
08-05 14:10:47.973  1548  1561 I art     : Starting a blocking GC Explicit
08-05 14:10:48.007  1548  1561 I art     : Explicit concurrent mark sweep GC freed 3(96B) AllocSpace objects, 0(0B) LOS objects, 24% free, 48MB/64MB, paused 1.342ms total 33.902ms
08-05 14:10:48.018  1548  1561 I art     : Starting a blocking GC Explicit
08-05 14:10:48.052  1548  1561 I art     : Explicit concurrent mark sweep GC freed 3(96B) AllocSpace objects, 0(0B) LOS objects, 24% free, 48MB/64MB, paused 1.180ms total 34.106ms
08-05 14:10:48.415  1548  1573 I art     : Starting a blocking GC Explicit
08-05 14:10:48.468  1548  1573 I art     : Explicit concurrent mark sweep GC freed 1382(82KB) AllocSpace objects, 1(20KB) LOS objects, 24% free, 48MB/64MB, paused 1.470ms total 52.273ms
08-05 14:10:48.479  1548  1573 I art     : Starting a blocking GC Explicit
08-05 14:10:48.513  1548  1573 I art     : Explicit concurrent mark sweep GC freed 23(752B) AllocSpace objects, 0(0B) LOS objects, 24% free, 48MB/64MB, paused 1.197ms total 33.777ms
08-05 14:10:48.523  1548  1573 I art     : Starting a blocking GC Explicit
08-05 14:10:48.557  1548  1573 I art     : Explicit concurrent mark sweep GC freed 3(96B) AllocSpace objects, 0(0B) LOS objects, 24% free, 48MB/64MB, paused 1.392ms total 34.059ms
08-05 14:10:48.567  1548  1573 I art     : Starting a blocking GC Explicit
08-05 14:10:48.601  1548  1573 I art     : Explicit concurrent mark sweep GC freed 3(96B) AllocSpace objects, 0(0B) LOS objects, 24% free, 48MB/64MB, paused 1.229ms total 33.680ms
08-05 14:10:48.612  1548  1573 I art     : Starting a blocking GC Explicit
08-05 14:10:48.645  1548  1573 I art     : Explicit concurrent mark sweep GC freed 32(880B) AllocSpace objects, 0(0B) LOS objects, 24% free, 48MB/64MB, paused 1.215ms total 33.517ms
08-05 14:10:48.950  1548  5128 I art     : Starting a blocking GC Explicit
08-05 14:10:48.984  1548  5128 I art     : Explicit concurrent mark sweep GC freed 1382(83KB) AllocSpace objects, 1(20KB) LOS objects, 24% free, 48MB/64MB, paused 1.212ms total 33.663ms
08-05 14:10:48.994  1548  5128 I art     : Starting a blocking GC Explicit
08-05 14:10:49.026  1548  5128 I art     : Explicit concurrent mark sweep GC freed 23(752B) AllocSpace objects, 0(0B) LOS objects, 24% free, 48MB/64MB, paused 1.199ms total 31.384ms
08-05 14:10:49.035  1548  5128 I art     : Starting a blocking GC Explicit
08-05 14:10:49.068  1548  5128 I art     : Explicit concurrent mark sweep GC freed 3(96B) AllocSpace objects, 0(0B) LOS objects, 24% free, 48MB/64MB, paused 1.221ms total 32.565ms
08-05 14:10:49.078  1548  5128 I art     : Starting a blocking GC Explicit
08-05 14:10:49.110  1548  5128 I art     : Explicit concurrent mark sweep GC freed 3(96B) AllocSpace objects, 0(0B) LOS objects, 24% free, 48MB/64MB, paused 1.201ms total 32.044ms
08-05 14:10:49.120  1548  5128 I art     : Starting a blocking GC Explicit
08-05 14:10:49.153  1548  5128 I art     : Explicit concurrent mark sweep GC freed 6(192B) AllocSpace objects, 0(0B) LOS objects, 24% free, 48MB/64MB, paused 1.189ms total 33.018ms
08-05 14:10:49.197  5317  5317 D AndroidRuntime: >>>>>> START com.android.internal.os.RuntimeInit uid 2000 <<<<<<
08-05 14:10:49.202  5317  5317 D AndroidRuntime: CheckJNI is OFF
08-05 14:10:49.233  5317  5317 D ICU     : No timezone override file found: /data/misc/zoneinfo/current/icu/icu_tzdata.dat
08-05 14:10:49.266  5317  5317 I Radio-JNI: register_android_hardware_Radio DONE
08-05 14:10:49.288  5317  5317 D AndroidRuntime: Calling main entry com.android.commands.input.Input
08-05 14:10:49.291  5317  5317 I Input   : injectMotionEvent: MotionEvent { action=ACTION_DOWN, actionButton=0, id[0]=0, x[0]=603.0, y[0]=1061.0, toolType[0]=TOOL_TYPE_UNKNOWN, buttonState=0, metaState=0, flags=0x0, edgeFlags=0x0, pointerCount=1, historySize=0, eventTime=799865703, downTime=799865703, deviceId=0, source=0x1002 }
08-05 14:10:49.296  5317  5317 I Input   : injectMotionEvent: MotionEvent { action=ACTION_UP, actionButton=0, id[0]=0, x[0]=603.0, y[0]=1061.0, toolType[0]=TOOL_TYPE_UNKNOWN, buttonState=0, metaState=0, flags=0x0, edgeFlags=0x0, pointerCount=1, historySize=0, eventTime=799865703, downTime=799865703, deviceId=0, source=0x1002 }
08-05 14:10:49.299  5317  5317 D AndroidRuntime: Shutting down VM
08-05 14:10:49.305   512  2967 D audio_hw_primary: out_set_parameters: enter: usecase(1: low-latency-playback) kvpairs: routing=2
08-05 14:10:49.318   512  2967 D audio_hw_primary: select_devices: out_snd_device(2: speaker) in_snd_device(0: none)
08-05 14:10:49.318   512  2967 D msm8974_platform: platform_send_audio_calibration: sending audio calibration for snd_device(2) acdb_id(15)
08-05 14:10:49.319   512  2967 I soundtrigger: audio_extn_sound_trigger_update_device_status: device 0x2 of type 0 for Event 1
08-05 14:10:49.328   512  2967 D audio_hw_primary: enable_snd_device: snd_device(2: speaker)
08-05 14:10:49.330   512  2967 D audio_hw_primary: enable_audio_route: apply and update mixer path: low-latency-playback speaker
08-05 14:10:49.439  1548  5348 I NAPPA_EXPERIMENTATION: MetricNetworkRequestExecutionTime: REQUEST_DURATION_SYSTEM='101',REQUEST_DURATION_OKHTTP='100',REQUEST_SYNCHRONOUS='TRUE',RESPONSE_CODE='200',RESPONSE_METHOD='GET',RESPONSE_LENGTH_OKHTTP='37507',RESPONSE_LENGTH_HEADER='37507',REQUEST_PROTOCOL='http/1.1',REQUEST_URL='https://gpodder.net/toplist/50.json',
08-05 14:10:49.450  1548  4263 I NAPPA_EXPERIMENTATION: MetricNetworkRequestExecutionTime: REQUEST_DURATION_SYSTEM='110',REQUEST_DURATION_OKHTTP='109',REQUEST_SYNCHRONOUS='TRUE',RESPONSE_CODE='200',RESPONSE_METHOD='GET',RESPONSE_LENGTH_OKHTTP='2923',RESPONSE_LENGTH_HEADER='2923',REQUEST_PROTOCOL='http/1.1',REQUEST_URL='https://gpodder.net/api/2/tags/50.json',
08-05 14:10:49.458  1548  1561 I art     : Starting a blocking GC Explicit
08-05 14:10:49.484  1548  2526 D ApOkHttpUrlLoader: buildLoadData() called with: model = [http://sixgun.org/files/linuxoutlaws.jpg], width = [224], height = [224]
08-05 14:10:49.486  1548  2312 D DBReader: getImageAuthentication() called with: imageUrl = [http://sixgun.org/files/linuxoutlaws.jpg]
08-05 14:10:49.488  1548  2312 D ApOkHttpUrlLoader: no credentials for 'http://sixgun.org/files/linuxoutlaws.jpg'
08-05 14:10:49.495  1548  1561 I art     : Explicit concurrent mark sweep GC freed 8994(557KB) AllocSpace objects, 4(212KB) LOS objects, 24% free, 49MB/65MB, paused 2.084ms total 36.433ms
08-05 14:10:49.497  1548  2526 D ApOkHttpUrlLoader: buildLoadData() called with: model = [https://files.thisamericanlife.org/sites/all/themes/thislife/img/tal-name-1400x1400.png], width = [224], height = [224]
08-05 14:10:49.503  1548  2526 D ApOkHttpUrlLoader: buildLoadData() called with: model = [https://elroy.twit.tv/sites/default/files/styles/twit_album_art_2048x2048/public/images/shows/floss_weekly/album_art/audio/floss_albumart_mask.jpg?itok=IUjxKpwt], width = [224], height = [224]
08-05 14:10:49.505  1548  1561 I art     : Starting a blocking GC Explicit
08-05 14:10:49.508  1548  2526 D ApOkHttpUrlLoader: buildLoadData() called with: model = [http://ichef.bbci.co.uk/images/ic/3000x3000/p07kfvzb.jpg], width = [224], height = [224]
08-05 14:10:49.512  1548  2526 D ApOkHttpUrlLoader: buildLoadData() called with: model = [https://pl.tedcdn.com/rss_feed_images/ted_talks_main_podcast/video.png], width = [224], height = [224]
08-05 14:10:49.515  1548  2526 D ApOkHttpUrlLoader: buildLoadData() called with: model = [https://elroy.twit.tv/sites/default/files/styles/twit_album_art_2048x2048/public/images/shows/this_week_in_tech/album_art/audio/twit1400audio.jpg?itok=J0vhatZb], width = [224], height = [224]
08-05 14:10:49.519  1548  2526 D ApOkHttpUrlLoader: buildLoadData() called with: model = [http://ichef.bbci.co.uk/images/ic/3000x3000/p03gtk3j.jpg], width = [224], height = [224]
08-05 14:10:49.525  1548  2312 D DBWriter: updateFeedDownloadURL(original: http://sixgun.org/files/linuxoutlaws.jpg, updated: https://fab.industries/sixgun/files/linuxoutlaws.jpg)
08-05 14:10:49.538  1548  1561 I art     : Explicit concurrent mark sweep GC freed 2872(142KB) AllocSpace objects, 1(220KB) LOS objects, 23% free, 50MB/66MB, paused 1.795ms total 33.362ms
08-05 14:10:49.547  1548  1561 I art     : Starting a blocking GC Explicit
08-05 14:10:49.578  1548  1561 I art     : Explicit concurrent mark sweep GC freed 611(20KB) AllocSpace objects, 0(0B) LOS objects, 23% free, 50MB/66MB, paused 1.258ms total 31.090ms
08-05 14:10:49.588  1548  1561 I art     : Starting a blocking GC Explicit
08-05 14:10:49.619  1548  1561 I art     : Explicit concurrent mark sweep GC freed 29(1200B) AllocSpace objects, 0(0B) LOS objects, 23% free, 50MB/66MB, paused 1.580ms total 30.792ms
08-05 14:10:49.629  1548  1561 I art     : Starting a blocking GC Explicit
08-05 14:10:49.663  1548  1561 I art     : Explicit concurrent mark sweep GC freed 32(880B) AllocSpace objects, 0(0B) LOS objects, 23% free, 50MB/66MB, paused 1.250ms total 34.327ms
08-05 14:10:49.678  1548  2312 D MYTAG   : interceptor 2a
08-05 14:10:49.678  1548  2312 I NAPPA_EXPERIMENTATION: MetricNetworkRequestExecutionTime: REQUEST_DURATION_SYSTEM='190',REQUEST_DURATION_OKHTTP='150',REQUEST_SYNCHRONOUS='TRUE',RESPONSE_CODE='404',RESPONSE_METHOD='GET',RESPONSE_LENGTH_OKHTTP='-1',RESPONSE_LENGTH_HEADER='1503',REQUEST_PROTOCOL='h2',REQUEST_URL='https://fab.industries/sixgun/files/linuxoutlaws.jpg',
08-05 14:10:49.679  1548  1548 W Glide   : Load failed for http://sixgun.org/files/linuxoutlaws.jpg with size [224x224]
08-05 14:10:49.679  1548  1548 W Glide   : class com.bumptech.glide.load.engine.GlideException: Failed to load resource
08-05 14:10:49.679  1548  1548 W Glide   : There was 1 cause:
08-05 14:10:49.679  1548  1548 W Glide   : com.bumptech.glide.load.HttpException()
08-05 14:10:49.679  1548  1548 W Glide   :  call GlideException#logRootCauses(String) for more detail
08-05 14:10:49.679  1548  1548 W Glide   :   Cause (1 of 1): class com.bumptech.glide.load.engine.GlideException: Fetching data failed, class java.io.InputStream, REMOTE
08-05 14:10:49.679  1548  1548 W Glide   : There was 1 cause:
08-05 14:10:49.679  1548  1548 W Glide   : com.bumptech.glide.load.HttpException()
08-05 14:10:49.679  1548  1548 W Glide   :  call GlideException#logRootCauses(String) for more detail
08-05 14:10:49.679  1548  1548 W Glide   :     Cause (1 of 1): class com.bumptech.glide.load.HttpException: 
08-05 14:10:49.680  1548  1548 I Glide   : Root cause (1 of 1)
08-05 14:10:49.680  1548  1548 I Glide   : com.bumptech.glide.load.HttpException: 
08-05 14:10:49.680  1548  1548 I Glide   : 	at com.bumptech.glide.integration.okhttp3.OkHttpStreamFetcher.onResponse(OkHttpStreamFetcher.java:73)
08-05 14:10:49.680  1548  1548 I Glide   : 	at okhttp3.RealCall$AsyncCall.execute(RealCall.java:174)
08-05 14:10:49.680  1548  1548 I Glide   : 	at okhttp3.internal.NamedRunnable.run(NamedRunnable.java:32)
08-05 14:10:49.680  1548  1548 I Glide   : 	at java.util.concurrent.ThreadPoolExecutor.runWorker(ThreadPoolExecutor.java:1113)
08-05 14:10:49.680  1548  1548 I Glide   : 	at java.util.concurrent.ThreadPoolExecutor$Worker.run(ThreadPoolExecutor.java:588)
08-05 14:10:49.680  1548  1548 I Glide   : 	at java.lang.Thread.run(Thread.java:818)
08-05 14:10:49.680  1548  1548 W Glide   : Load failed for http://sixgun.org/files/linuxoutlaws.jpg with size [224x224]
08-05 14:10:49.680  1548  1548 W Glide   : class com.bumptech.glide.load.engine.GlideException: Failed to load resource
08-05 14:10:49.680  1548  1548 W Glide   : There was 1 cause:
08-05 14:10:49.680  1548  1548 W Glide   : com.bumptech.glide.load.HttpException()
08-05 14:10:49.680  1548  1548 W Glide   :  call GlideException#logRootCauses(String) for more detail
08-05 14:10:49.680  1548  1548 W Glide   :   Cause (1 of 1): class com.bumptech.glide.load.engine.GlideException: Fetching data failed, class java.io.InputStream, REMOTE
08-05 14:10:49.680  1548  1548 W Glide   : There was 1 cause:
08-05 14:10:49.680  1548  1548 W Glide   : com.bumptech.glide.load.HttpException()
08-05 14:10:49.680  1548  1548 W Glide   :  call GlideException#logRootCauses(String) for more detail
08-05 14:10:49.680  1548  1548 W Glide   :     Cause (1 of 1): class com.bumptech.glide.load.HttpException: 
08-05 14:10:49.680  1548  1548 I Glide   : Root cause (1 of 1)
08-05 14:10:49.680  1548  1548 I Glide   : com.bumptech.glide.load.HttpException: 
08-05 14:10:49.680  1548  1548 I Glide   : 	at com.bumptech.glide.integration.okhttp3.OkHttpStreamFetcher.onResponse(OkHttpStreamFetcher.java:73)
08-05 14:10:49.680  1548  1548 I Glide   : 	at okhttp3.RealCall$AsyncCall.execute(RealCall.java:174)
08-05 14:10:49.680  1548  1548 I Glide   : 	at okhttp3.internal.NamedRunnable.run(NamedRunnable.java:32)
08-05 14:10:49.680  1548  1548 I Glide   : 	at java.util.concurrent.ThreadPoolExecutor.runWorker(ThreadPoolExecutor.java:1113)
08-05 14:10:49.680  1548  1548 I Glide   : 	at java.util.concurrent.ThreadPoolExecutor$Worker.run(ThreadPoolExecutor.java:588)
08-05 14:10:49.680  1548  1548 I Glide   : 	at java.lang.Thread.run(Thread.java:818)
08-05 14:10:49.869   512  2967 D audio_hw_primary: disable_audio_route: reset and update mixer path: low-latency-playback speaker
08-05 14:10:49.872   512  2967 D audio_hw_primary: disable_snd_device: snd_device(2: speaker)
08-05 14:10:49.881   512  2967 I soundtrigger: audio_extn_sound_trigger_update_device_status: device 0x2 of type 0 for Event 0
08-05 14:10:50.011  1548  1561 I art     : Starting a blocking GC Explicit
08-05 14:10:50.053  1548  1561 I art     : Explicit concurrent mark sweep GC freed 1958(156KB) AllocSpace objects, 1(20KB) LOS objects, 23% free, 50MB/66MB, paused 1.304ms total 41.040ms
08-05 14:10:50.065  1548  1561 I art     : Starting a blocking GC Explicit
08-05 14:10:50.101  1548  1561 I art     : Explicit concurrent mark sweep GC freed 44(1728B) AllocSpace objects, 0(0B) LOS objects, 23% free, 50MB/66MB, paused 1.118ms total 36.256ms
08-05 14:10:50.113  1548  1561 I art     : Starting a blocking GC Explicit
08-05 14:10:50.146  1548  1561 I art     : Explicit concurrent mark sweep GC freed 3(96B) AllocSpace objects, 0(0B) LOS objects, 23% free, 50MB/66MB, paused 1.181ms total 32.124ms
08-05 14:10:50.155  1548  1561 I art     : Starting a blocking GC Explicit
08-05 14:10:50.190  1548  1561 I art     : Explicit concurrent mark sweep GC freed 20(688B) AllocSpace objects, 0(0B) LOS objects, 23% free, 50MB/66MB, paused 1.207ms total 34.612ms
08-05 14:10:50.200  1548  1561 I art     : Starting a blocking GC Explicit
08-05 14:10:50.236  1548  1561 I art     : Explicit concurrent mark sweep GC freed 3(96B) AllocSpace objects, 0(0B) LOS objects, 23% free, 50MB/66MB, paused 1.239ms total 35.282ms
08-05 14:10:50.562  1548  1560 I art     : Starting a blocking GC Explicit
08-05 14:10:50.612  1548  1560 I art     : Explicit concurrent mark sweep GC freed 1381(81KB) AllocSpace objects, 1(20KB) LOS objects, 23% free, 50MB/66MB, paused 1.276ms total 49.529ms
08-05 14:10:50.623  1548  1560 I art     : Starting a blocking GC Explicit
08-05 14:10:50.657  1548  1560 I art     : Explicit concurrent mark sweep GC freed 52(1552B) AllocSpace objects, 0(0B) LOS objects, 23% free, 50MB/66MB, paused 1.326ms total 34.675ms
08-05 14:10:50.668  1548  1560 I art     : Starting a blocking GC Explicit
08-05 14:10:50.703  1548  1560 I art     : Explicit concurrent mark sweep GC freed 3(96B) AllocSpace objects, 0(0B) LOS objects, 23% free, 50MB/66MB, paused 1.245ms total 35.642ms
08-05 14:10:50.714  1548  1560 I art     : Starting a blocking GC Explicit
08-05 14:10:50.750  1548  1560 I art     : Explicit concurrent mark sweep GC freed 3(96B) AllocSpace objects, 0(0B) LOS objects, 23% free, 50MB/66MB, paused 1.206ms total 35.554ms
08-05 14:10:50.760  1548  1560 I art     : Starting a blocking GC Explicit
08-05 14:10:50.796  1548  1560 I art     : Explicit concurrent mark sweep GC freed 3(96B) AllocSpace objects, 0(0B) LOS objects, 23% free, 50MB/66MB, paused 1.235ms total 35.795ms
08-05 14:10:51.145  1548  1560 I art     : Starting a blocking GC Explicit
08-05 14:10:51.182  1548  1560 I art     : Explicit concurrent mark sweep GC freed 1405(81KB) AllocSpace objects, 1(20KB) LOS objects, 23% free, 50MB/66MB, paused 1.190ms total 36.596ms
08-05 14:10:51.192  1548  1560 I art     : Starting a blocking GC Explicit
08-05 14:10:51.225  1548  1560 I art     : Explicit concurrent mark sweep GC freed 52(1712B) AllocSpace objects, 0(0B) LOS objects, 23% free, 50MB/66MB, paused 1.056ms total 32.635ms
08-05 14:10:51.235  1548  1560 I art     : Starting a blocking GC Explicit
08-05 14:10:51.269  1548  1560 I art     : Explicit concurrent mark sweep GC freed 12(384B) AllocSpace objects, 0(0B) LOS objects, 23% free, 50MB/66MB, paused 1.195ms total 33.828ms
08-05 14:10:51.279  1548  1560 I art     : Starting a blocking GC Explicit
08-05 14:10:51.313  1548  1560 I art     : Explicit concurrent mark sweep GC freed 14(448B) AllocSpace objects, 0(0B) LOS objects, 23% free, 50MB/66MB, paused 1.171ms total 33.385ms
08-05 14:10:51.323  1548  1560 I art     : Starting a blocking GC Explicit
08-05 14:10:51.356  1548  1560 I art     : Explicit concurrent mark sweep GC freed 8(256B) AllocSpace objects, 0(0B) LOS objects, 23% free, 50MB/66MB, paused 1.108ms total 32.915ms
08-05 14:10:51.711  1548  5128 I art     : Starting a blocking GC Explicit
08-05 14:10:51.759  1548  5128 I art     : Explicit concurrent mark sweep GC freed 1411(81KB) AllocSpace objects, 1(20KB) LOS objects, 23% free, 50MB/66MB, paused 1.436ms total 46.915ms
08-05 14:10:51.771  1548  5128 I art     : Starting a blocking GC Explicit
08-05 14:10:51.807  1548  5128 I art     : Explicit concurrent mark sweep GC freed 23(752B) AllocSpace objects, 0(0B) LOS objects, 23% free, 50MB/66MB, paused 1.240ms total 35.860ms
08-05 14:10:51.817  1548  5128 I art     : Starting a blocking GC Explicit
08-05 14:10:51.854  1548  5128 I art     : Explicit concurrent mark sweep GC freed 3(96B) AllocSpace objects, 0(0B) LOS objects, 23% free, 50MB/66MB, paused 1.238ms total 36.331ms
08-05 14:10:51.864  1548  5128 I art     : Starting a blocking GC Explicit
08-05 14:10:51.901  1548  5128 I art     : Explicit concurrent mark sweep GC freed 3(96B) AllocSpace objects, 0(0B) LOS objects, 23% free, 50MB/66MB, paused 1.211ms total 36.068ms
08-05 14:10:51.911  1548  5128 I art     : Starting a blocking GC Explicit
08-05 14:10:51.947  1548  5128 I art     : Explicit concurrent mark sweep GC freed 3(96B) AllocSpace objects, 0(0B) LOS objects, 23% free, 50MB/66MB, paused 1.331ms total 35.952ms
08-05 14:10:52.318  1548  1573 I art     : Starting a blocking GC Explicit
08-05 14:10:52.406  1548  1573 I art     : Explicit concurrent mark sweep GC freed 1381(81KB) AllocSpace objects, 1(20KB) LOS objects, 23% free, 50MB/66MB, paused 1.459ms total 86.968ms
08-05 14:10:52.407  1548  1559 I art     : WaitForGcToComplete blocked for 46.968ms for cause HeapTrim
08-05 14:10:52.423  1548  1573 I art     : Starting a blocking GC Explicit
08-05 14:10:52.456  1548  1573 I art     : Explicit concurrent mark sweep GC freed 23(752B) AllocSpace objects, 0(0B) LOS objects, 23% free, 50MB/66MB, paused 1.219ms total 33.541ms
08-05 14:10:52.466  1548  1573 I art     : Starting a blocking GC Explicit
08-05 14:10:52.502  1548  1573 I art     : Explicit concurrent mark sweep GC freed 3(96B) AllocSpace objects, 0(0B) LOS objects, 23% free, 50MB/66MB, paused 1.248ms total 35.136ms
08-05 14:10:52.512  1548  1573 I art     : Starting a blocking GC Explicit
08-05 14:10:52.548  1548  1573 I art     : Explicit concurrent mark sweep GC freed 3(96B) AllocSpace objects, 0(0B) LOS objects, 23% free, 50MB/66MB, paused 1.254ms total 36.182ms
08-05 14:10:52.559  1548  1573 I art     : Starting a blocking GC Explicit
08-05 14:10:52.595  1548  1573 I art     : Explicit concurrent mark sweep GC freed 3(96B) AllocSpace objects, 0(0B) LOS objects, 23% free, 50MB/66MB, paused 1.224ms total 36.112ms
08-05 14:10:52.952  1548  2782 I art     : Starting a blocking GC Explicit
08-05 14:10:52.994  1548  2782 I art     : Explicit concurrent mark sweep GC freed 1411(82KB) AllocSpace objects, 1(20KB) LOS objects, 23% free, 50MB/66MB, paused 1.367ms total 42.132ms
08-05 14:10:53.007  1548  2782 I art     : Starting a blocking GC Explicit
08-05 14:10:53.043  1548  2782 I art     : Explicit concurrent mark sweep GC freed 23(752B) AllocSpace objects, 0(0B) LOS objects, 23% free, 50MB/66MB, paused 1.253ms total 35.747ms
08-05 14:10:53.053  1548  2782 I art     : Starting a blocking GC Explicit
08-05 14:10:53.090  1548  2782 I art     : Explicit concurrent mark sweep GC freed 3(96B) AllocSpace objects, 0(0B) LOS objects, 23% free, 50MB/66MB, paused 1.252ms total 36.230ms
08-05 14:10:53.100  1548  2782 I art     : Starting a blocking GC Explicit
08-05 14:10:53.137  1548  2782 I art     : Explicit concurrent mark sweep GC freed 3(96B) AllocSpace objects, 0(0B) LOS objects, 23% free, 50MB/66MB, paused 1.240ms total 36.052ms
08-05 14:10:53.147  1548  2782 I art     : Starting a blocking GC Explicit
08-05 14:10:53.183  1548  2782 I art     : Explicit concurrent mark sweep GC freed 3(96B) AllocSpace objects, 0(0B) LOS objects, 23% free, 50MB/66MB, paused 1.239ms total 35.890ms
08-05 14:10:53.555  1548  1561 I art     : Starting a blocking GC Explicit
08-05 14:10:53.601  1548  1561 I art     : Explicit concurrent mark sweep GC freed 1384(81KB) AllocSpace objects, 1(20KB) LOS objects, 23% free, 50MB/66MB, paused 1.396ms total 44.900ms
08-05 14:10:53.614  1548  1561 I art     : Starting a blocking GC Explicit
08-05 14:10:53.650  1548  1561 I art     : Explicit concurrent mark sweep GC freed 52(1536B) AllocSpace objects, 0(0B) LOS objects, 23% free, 50MB/66MB, paused 1.236ms total 35.521ms
08-05 14:10:53.660  1548  1561 I art     : Starting a blocking GC Explicit
08-05 14:10:53.695  1548  1561 I art     : Explicit concurrent mark sweep GC freed 3(96B) AllocSpace objects, 0(0B) LOS objects, 23% free, 50MB/66MB, paused 1.215ms total 34.957ms
08-05 14:10:53.706  1548  1561 I art     : Starting a blocking GC Explicit
08-05 14:10:53.743  1548  1561 I art     : Explicit concurrent mark sweep GC freed 3(96B) AllocSpace objects, 0(0B) LOS objects, 23% free, 50MB/66MB, paused 1.336ms total 36.222ms
08-05 14:10:53.753  1548  1561 I art     : Starting a blocking GC Explicit
08-05 14:10:53.790  1548  1561 I art     : Explicit concurrent mark sweep GC freed 3(96B) AllocSpace objects, 0(0B) LOS objects, 23% free, 50MB/66MB, paused 1.259ms total 36.357ms
08-05 14:10:53.946   918  3188 I hubconnection: sensorhub said: 'set_bias 3: -5.4624, 0.0000, 0.0000'
08-05 14:10:54.199  1548  1560 I art     : Starting a blocking GC Explicit
08-05 14:10:54.241  1548  1560 I art     : Explicit concurrent mark sweep GC freed 1381(81KB) AllocSpace objects, 1(20KB) LOS objects, 23% free, 50MB/66MB, paused 1.244ms total 42.154ms
08-05 14:10:54.252  1548  1560 I art     : Starting a blocking GC Explicit
08-05 14:10:54.288  1548  1560 I art     : Explicit concurrent mark sweep GC freed 23(752B) AllocSpace objects, 0(0B) LOS objects, 23% free, 50MB/66MB, paused 1.257ms total 36.115ms
08-05 14:10:54.299  1548  1560 I art     : Starting a blocking GC Explicit
08-05 14:10:54.335  1548  1560 I art     : Explicit concurrent mark sweep GC freed 3(96B) AllocSpace objects, 0(0B) LOS objects, 23% free, 50MB/66MB, paused 1.203ms total 35.748ms
08-05 14:10:54.346  1548  1560 I art     : Starting a blocking GC Explicit
08-05 14:10:54.381  1548  1560 I art     : Explicit concurrent mark sweep GC freed 3(96B) AllocSpace objects, 0(0B) LOS objects, 23% free, 50MB/66MB, paused 1.185ms total 34.708ms
08-05 14:10:54.391  1548  1560 I art     : Starting a blocking GC Explicit
08-05 14:10:54.427  1548  1560 I art     : Explicit concurrent mark sweep GC freed 3(96B) AllocSpace objects, 0(0B) LOS objects, 23% free, 50MB/66MB, paused 1.303ms total 36.410ms
08-05 14:10:54.787  1548  5128 I art     : Starting a blocking GC Explicit
08-05 14:10:54.834  1548  5128 I art     : Explicit concurrent mark sweep GC freed 1410(81KB) AllocSpace objects, 1(20KB) LOS objects, 23% free, 50MB/66MB, paused 1.366ms total 47.332ms
08-05 14:10:54.848  1548  5128 I art     : Starting a blocking GC Explicit
08-05 14:10:54.884  1548  5128 I art     : Explicit concurrent mark sweep GC freed 23(752B) AllocSpace objects, 0(0B) LOS objects, 23% free, 50MB/66MB, paused 1.219ms total 36.330ms
08-05 14:10:54.895  1548  5128 I art     : Starting a blocking GC Explicit
08-05 14:10:54.931  1548  5128 I art     : Explicit concurrent mark sweep GC freed 3(96B) AllocSpace objects, 0(0B) LOS objects, 23% free, 50MB/66MB, paused 1.249ms total 35.552ms
08-05 14:10:54.941  1548  5128 I art     : Starting a blocking GC Explicit
08-05 14:10:54.977  1548  5128 I art     : Explicit concurrent mark sweep GC freed 3(96B) AllocSpace objects, 0(0B) LOS objects, 23% free, 50MB/66MB, paused 1.217ms total 35.593ms
08-05 14:10:54.988  1548  5128 I art     : Starting a blocking GC Explicit
08-05 14:10:55.024  1548  5128 I art     : Explicit concurrent mark sweep GC freed 3(96B) AllocSpace objects, 0(0B) LOS objects, 23% free, 50MB/66MB, paused 1.364ms total 36.089ms
08-05 14:10:55.410  1548  1573 I art     : Starting a blocking GC Explicit
08-05 14:10:55.463  1548  1573 I art     : Explicit concurrent mark sweep GC freed 1381(81KB) AllocSpace objects, 1(20KB) LOS objects, 23% free, 50MB/66MB, paused 1.366ms total 52.262ms
08-05 14:10:55.477  1548  1573 I art     : Starting a blocking GC Explicit
08-05 14:10:55.513  1548  1573 I art     : Explicit concurrent mark sweep GC freed 23(752B) AllocSpace objects, 0(0B) LOS objects, 23% free, 50MB/66MB, paused 1.177ms total 35.212ms
08-05 14:10:55.523  1548  1573 I art     : Starting a blocking GC Explicit
08-05 14:10:55.558  1548  1573 I art     : Explicit concurrent mark sweep GC freed 3(96B) AllocSpace objects, 0(0B) LOS objects, 23% free, 50MB/66MB, paused 1.243ms total 34.342ms
08-05 14:10:55.568  1548  1573 I art     : Starting a blocking GC Explicit
08-05 14:10:55.602  1548  1573 I art     : Explicit concurrent mark sweep GC freed 3(96B) AllocSpace objects, 0(0B) LOS objects, 23% free, 50MB/66MB, paused 1.169ms total 33.738ms
08-05 14:10:55.612  1548  1573 I art     : Starting a blocking GC Explicit
08-05 14:10:55.645  1548  1573 I art     : Explicit concurrent mark sweep GC freed 32(880B) AllocSpace objects, 0(0B) LOS objects, 23% free, 50MB/66MB, paused 1.333ms total 33.427ms
08-05 14:10:55.982  1548  2782 I art     : Starting a blocking GC Explicit
08-05 14:10:55.992  5464  5464 D AndroidRuntime: >>>>>> START com.android.internal.os.RuntimeInit uid 2000 <<<<<<
08-05 14:10:55.998  5464  5464 D AndroidRuntime: CheckJNI is OFF
08-05 14:10:56.023  1548  2782 I art     : Explicit concurrent mark sweep GC freed 1381(81KB) AllocSpace objects, 1(20KB) LOS objects, 23% free, 50MB/66MB, paused 1.285ms total 40.446ms
08-05 14:10:56.033  1548  2782 I art     : Starting a blocking GC Explicit
08-05 14:10:56.040  5464  5464 D ICU     : No timezone override file found: /data/misc/zoneinfo/current/icu/icu_tzdata.dat
08-05 14:10:56.067  1548  2782 I art     : Explicit concurrent mark sweep GC freed 23(752B) AllocSpace objects, 0(0B) LOS objects, 23% free, 50MB/66MB, paused 1.324ms total 33.522ms
08-05 14:10:56.075  5464  5464 I Radio-JNI: register_android_hardware_Radio DONE
08-05 14:10:56.077  1548  2782 I art     : Starting a blocking GC Explicit
08-05 14:10:56.097  5464  5464 D AndroidRuntime: Calling main entry com.android.commands.input.Input
08-05 14:10:56.099  5464  5464 I Input   : injectMotionEvent: MotionEvent { action=ACTION_DOWN, actionButton=0, id[0]=0, x[0]=526.0, y[0]=597.0, toolType[0]=TOOL_TYPE_UNKNOWN, buttonState=0, metaState=0, flags=0x0, edgeFlags=0x0, pointerCount=1, historySize=0, eventTime=799872512, downTime=799872512, deviceId=0, source=0x1002 }
08-05 14:10:56.105  5464  5464 I Input   : injectMotionEvent: MotionEvent { action=ACTION_UP, actionButton=0, id[0]=0, x[0]=526.0, y[0]=597.0, toolType[0]=TOOL_TYPE_UNKNOWN, buttonState=0, metaState=0, flags=0x0, edgeFlags=0x0, pointerCount=1, historySize=0, eventTime=799872512, downTime=799872512, deviceId=0, source=0x1002 }
08-05 14:10:56.108  5464  5464 D AndroidRuntime: Shutting down VM
08-05 14:10:56.109  1548  2782 I art     : Explicit concurrent mark sweep GC freed 18(544B) AllocSpace objects, 0(0B) LOS objects, 23% free, 50MB/66MB, paused 1.181ms total 32.291ms
08-05 14:10:56.120  1548  2782 I art     : Starting a blocking GC Explicit
08-05 14:10:56.153  1548  2782 I art     : Explicit concurrent mark sweep GC freed 9(336B) AllocSpace objects, 0(0B) LOS objects, 23% free, 50MB/66MB, paused 1.166ms total 33.052ms
08-05 14:10:56.163  1548  2782 I art     : Starting a blocking GC Explicit
08-05 14:10:56.171  1548  1548 D PodcastListFragment: Selected podcast: GpodnetPodcast [url=http://feeds.feedburner.com/linuxoutlaws, title=Linux Outlaws, description=Two pragmatic geeks talk about the latest news concerning Linux, free and open
08-05 14:10:56.171  1548  1548 D PodcastListFragment: technology or anything else they deem noteworthy which may include such absurd
08-05 14:10:56.171  1548  1548 D PodcastListFragment: things as hockey or bands you never heard of. This means there's many a joke
08-05 14:10:56.171  1548  1548 D PodcastListFragment: and derailed conversation along the way, so don't come here expecting only
08-05 14:10:56.171  1548  1548 D PodcastListFragment: Linux or software freedom talk  just sit back and relax, partner., subscribers=3321, logoUrl=http://sixgun.org/files/linuxoutlaws.jpg, website=http://sixgun.org, mygpoLink=http://gpodder.net/podcast/linux-outlaws-mp3]
08-05 14:10:56.171   918  5481 I ActivityManager: START u0 {cmp=baseline.de.danoeh.antennapod.debug/baseline.de.danoeh.antennapod.activity.OnlineFeedViewActivity (has extras)} from uid 10695 on display 0
08-05 14:10:56.172   512  2967 D audio_hw_primary: out_set_parameters: enter: usecase(1: low-latency-playback) kvpairs: routing=2
08-05 14:10:56.185   512  2967 D audio_hw_primary: select_devices: out_snd_device(2: speaker) in_snd_device(0: none)
08-05 14:10:56.185   512  2967 D msm8974_platform: platform_send_audio_calibration: sending audio calibration for snd_device(2) acdb_id(15)
08-05 14:10:56.185   512  2967 I soundtrigger: audio_extn_sound_trigger_update_device_status: device 0x2 of type 0 for Event 1
08-05 14:10:56.196   512  2967 D audio_hw_primary: enable_snd_device: snd_device(2: speaker)
08-05 14:10:56.197  1548  2782 I art     : Explicit concurrent mark sweep GC freed 498(36KB) AllocSpace objects, 0(0B) LOS objects, 23% free, 50MB/66MB, paused 1.610ms total 33.318ms
08-05 14:10:56.198   512  2967 D audio_hw_primary: enable_audio_route: apply and update mixer path: low-latency-playback speaker
08-05 14:10:56.203  1548  1548 D UserPreferences: Using default data folder
08-05 14:10:56.205  1548  1548 D OnlineFeedViewActivity: Activity was started with url http://feeds.feedburner.com/linuxoutlaws
08-05 14:10:56.208  1548  1548 D OnlineFeedViewActivity: Starting feed download
08-05 14:10:56.210  1548  2084 D DBReader: Extracting Feedlist
08-05 14:10:56.213   918  3714 D WifiService: acquireWifiLockLocked: WifiLock{Downloader type=1 binder=android.os.BinderProxy@2ebe52f}
08-05 14:10:56.214  1548  2084 D AntennapodHttpClient: Creating new instance of HTTP client
08-05 14:10:56.267 13866 13866 I GoogleInputMethodServic: GoogleInputMethodService.onFinishInput():3138 
08-05 14:10:56.267 13866 13866 I GoogleInputMethodServic: GoogleInputMethodService.onStartInput():1808 
08-05 14:10:56.286  1548  2084 D MYTAG   : interceptor 3a http://feeds.feedburner.com/linuxoutlaws
08-05 14:10:56.286  1548  2084 I NAPPA_EXPERIMENTATION: MetricNetworkRequestExecutionTime: REQUEST_DURATION_SYSTEM='71',REQUEST_DURATION_OKHTTP='42',REQUEST_SYNCHRONOUS='TRUE',RESPONSE_CODE='200',RESPONSE_METHOD='GET',RESPONSE_LENGTH_OKHTTP='-1',RESPONSE_LENGTH_HEADER='-2',REQUEST_PROTOCOL='http/1.1',REQUEST_URL='http://feeds.feedburner.com/linuxoutlaws',
08-05 14:10:56.286  1548  2084 D HttpDownloader: Response code is 200
08-05 14:10:56.286  1548  2084 D UserPreferences: Using default data folder
08-05 14:10:56.288  1548  2084 D HttpDownloader: Getting size of download
08-05 14:10:56.288  1548  2084 D HttpDownloader: Size is -1
08-05 14:10:56.288  1548  2084 D UserPreferences: Using default data folder
08-05 14:10:56.288  1548  2084 D HttpDownloader: Free space is 20200558592
08-05 14:10:56.288  1548  2084 D HttpDownloader: Starting download
08-05 14:10:56.288   918   936 I ActivityManager: Displayed baseline.de.danoeh.antennapod.debug/baseline.de.danoeh.antennapod.activity.OnlineFeedViewActivity: +108ms
08-05 14:10:56.308  1548  2084 D HttpDownloader: Download was successful
08-05 14:10:56.309   918   928 D WifiService: releaseWifiLockLocked: WifiLock{Downloader type=1 binder=android.os.BinderProxy@2ebe52f}
08-05 14:10:56.310  1548  1569 D OpenGLRenderer: endAllStagingAnimators on 0x7f7c0c5400 (GridView) with handle 0x7f76e6cda0
08-05 14:10:56.314  1548  1548 D OnlineFeedViewActivity: Parsing feed
08-05 14:10:56.323  1548  5490 D TypeGetter: Recognized type RSS 2.0
08-05 14:10:56.325  1548  5490 D SyndHandler: Recognized Content namespace
08-05 14:10:56.325  1548  5490 D SyndHandler: Recognized DublinCore namespace
08-05 14:10:56.325  1548  5490 D SyndHandler: Recognized Atom namespace
08-05 14:10:56.325  1548  5490 D SyndHandler: Recognized ITunes namespace
08-05 14:10:56.325  1548  5490 D SyndHandler: Recognized media namespace
08-05 14:10:56.359  1548  5490 D OnlineFeedViewActivity: Deleted feed source file. Result: true
08-05 14:10:56.359  1548  1548 D OnlineFeedViewActivity: Removing HTML from shownotes
08-05 14:10:56.372  1548  2526 D ApOkHttpUrlLoader: buildLoadData() called with: model = [http://sixgun.org/files/linuxoutlaws.jpg], width = [350], height = [350]
08-05 14:10:56.373  1548  2312 D DBReader: getImageAuthentication() called with: imageUrl = [http://sixgun.org/files/linuxoutlaws.jpg]
08-05 14:10:56.376  1548  2312 D ApOkHttpUrlLoader: no credentials for 'http://sixgun.org/files/linuxoutlaws.jpg'
08-05 14:10:56.414  1548  2312 D DBWriter: updateFeedDownloadURL(original: http://sixgun.org/files/linuxoutlaws.jpg, updated: https://fab.industries/sixgun/files/linuxoutlaws.jpg)
08-05 14:10:56.484  1548  2782 I art     : Starting a blocking GC Explicit
08-05 14:10:56.534  1548  2782 I art     : Explicit concurrent mark sweep GC freed 8058(916KB) AllocSpace objects, 15(828KB) LOS objects, 23% free, 51MB/67MB, paused 2.063ms total 49.765ms
08-05 14:10:56.542   380   380 W SurfaceFlinger: couldn't log to binary event log: overflow.
08-05 14:10:56.550  1548  2782 I art     : Starting a blocking GC Explicit
08-05 14:10:56.564  1548  2312 D MYTAG   : interceptor 2a
08-05 14:10:56.564  1548  2312 I NAPPA_EXPERIMENTATION: MetricNetworkRequestExecutionTime: REQUEST_DURATION_SYSTEM='188',REQUEST_DURATION_OKHTTP='148',REQUEST_SYNCHRONOUS='TRUE',RESPONSE_CODE='404',RESPONSE_METHOD='GET',RESPONSE_LENGTH_OKHTTP='-1',RESPONSE_LENGTH_HEADER='1503',REQUEST_PROTOCOL='h2',REQUEST_URL='https://fab.industries/sixgun/files/linuxoutlaws.jpg',
08-05 14:10:56.565  1548  1548 W Glide   : Load failed for http://sixgun.org/files/linuxoutlaws.jpg with size [350x350]
08-05 14:10:56.565  1548  1548 W Glide   : class com.bumptech.glide.load.engine.GlideException: Failed to load resource
08-05 14:10:56.565  1548  1548 W Glide   : There was 1 cause:
08-05 14:10:56.565  1548  1548 W Glide   : com.bumptech.glide.load.HttpException()
08-05 14:10:56.565  1548  1548 W Glide   :  call GlideException#logRootCauses(String) for more detail
08-05 14:10:56.565  1548  1548 W Glide   :   Cause (1 of 1): class com.bumptech.glide.load.engine.GlideException: Fetching data failed, class java.io.InputStream, REMOTE
08-05 14:10:56.565  1548  1548 W Glide   : There was 1 cause:
08-05 14:10:56.565  1548  1548 W Glide   : com.bumptech.glide.load.HttpException()
08-05 14:10:56.565  1548  1548 W Glide   :  call GlideException#logRootCauses(String) for more detail
08-05 14:10:56.565  1548  1548 W Glide   :     Cause (1 of 1): class com.bumptech.glide.load.HttpException: 
08-05 14:10:56.566  1548  1548 I Glide   : Root cause (1 of 1)
08-05 14:10:56.566  1548  1548 I Glide   : com.bumptech.glide.load.HttpException: 
08-05 14:10:56.566  1548  1548 I Glide   : 	at com.bumptech.glide.integration.okhttp3.OkHttpStreamFetcher.onResponse(OkHttpStreamFetcher.java:73)
08-05 14:10:56.566  1548  1548 I Glide   : 	at okhttp3.RealCall$AsyncCall.execute(RealCall.java:174)
08-05 14:10:56.566  1548  1548 I Glide   : 	at okhttp3.internal.NamedRunnable.run(NamedRunnable.java:32)
08-05 14:10:56.566  1548  1548 I Glide   : 	at java.util.concurrent.ThreadPoolExecutor.runWorker(ThreadPoolExecutor.java:1113)
08-05 14:10:56.566  1548  1548 I Glide   : 	at java.util.concurrent.ThreadPoolExecutor$Worker.run(ThreadPoolExecutor.java:588)
08-05 14:10:56.566  1548  1548 I Glide   : 	at java.lang.Thread.run(Thread.java:818)
08-05 14:10:56.581  1548  2782 I art     : Explicit concurrent mark sweep GC freed 1750(107KB) AllocSpace objects, 0(0B) LOS objects, 23% free, 51MB/67MB, paused 1.094ms total 31ms
08-05 14:10:56.590  1548  2782 I art     : Starting a blocking GC Explicit
08-05 14:10:56.621  1548  2782 I art     : Explicit concurrent mark sweep GC freed 166(6KB) AllocSpace objects, 0(0B) LOS objects, 23% free, 51MB/67MB, paused 1.152ms total 30.088ms
08-05 14:10:56.630  1548  2782 I art     : Starting a blocking GC Explicit
08-05 14:10:56.644  1548  1548 D PlaybackController: Releasing PlaybackController
08-05 14:10:56.663  1548  2782 I art     : Explicit concurrent mark sweep GC freed 300(14KB) AllocSpace objects, 0(0B) LOS objects, 23% free, 51MB/67MB, paused 1.323ms total 33.272ms
08-05 14:10:56.674  1548  2782 I art     : Starting a blocking GC Explicit
08-05 14:10:56.708  1548  2782 I art     : Explicit concurrent mark sweep GC freed 35(1408B) AllocSpace objects, 1(112KB) LOS objects, 23% free, 50MB/66MB, paused 1.137ms total 33.655ms
08-05 14:10:56.740   512  2967 D audio_hw_primary: disable_audio_route: reset and update mixer path: low-latency-playback speaker
08-05 14:10:56.741   512  2967 D audio_hw_primary: disable_snd_device: snd_device(2: speaker)
08-05 14:10:56.748   512  2967 I soundtrigger: audio_extn_sound_trigger_update_device_status: device 0x2 of type 0 for Event 0
08-05 14:10:57.062  1548  5128 I art     : Starting a blocking GC Explicit
08-05 14:10:57.109  1548  5128 I art     : Explicit concurrent mark sweep GC freed 1397(81KB) AllocSpace objects, 1(20KB) LOS objects, 23% free, 50MB/66MB, paused 1.292ms total 46.302ms
08-05 14:10:57.120  1548  5128 I art     : Starting a blocking GC Explicit
08-05 14:10:57.157  1548  5128 I art     : Explicit concurrent mark sweep GC freed 23(752B) AllocSpace objects, 0(0B) LOS objects, 23% free, 50MB/66MB, paused 1.301ms total 37.224ms
08-05 14:10:57.168  1548  5128 I art     : Starting a blocking GC Explicit
08-05 14:10:57.205  1548  5128 I art     : Explicit concurrent mark sweep GC freed 3(96B) AllocSpace objects, 0(0B) LOS objects, 23% free, 50MB/66MB, paused 1.489ms total 36.863ms
08-05 14:10:57.216  1548  5128 I art     : Starting a blocking GC Explicit
08-05 14:10:57.253  1548  5128 I art     : Explicit concurrent mark sweep GC freed 3(96B) AllocSpace objects, 0(0B) LOS objects, 23% free, 50MB/66MB, paused 1.236ms total 36.683ms
08-05 14:10:57.263  1548  5128 I art     : Starting a blocking GC Explicit
08-05 14:10:57.300  1548  5128 I art     : Explicit concurrent mark sweep GC freed 3(96B) AllocSpace objects, 0(0B) LOS objects, 23% free, 50MB/66MB, paused 1.265ms total 36.763ms
08-05 14:10:57.640  1548  1573 I art     : Starting a blocking GC Explicit
08-05 14:10:57.692  1548  1573 I art     : Explicit concurrent mark sweep GC freed 1410(81KB) AllocSpace objects, 1(20KB) LOS objects, 23% free, 50MB/66MB, paused 1.361ms total 51.072ms
08-05 14:10:57.706  1548  1573 I art     : Starting a blocking GC Explicit
08-05 14:10:57.744  1548  1573 I art     : Explicit concurrent mark sweep GC freed 23(752B) AllocSpace objects, 0(0B) LOS objects, 23% free, 50MB/66MB, paused 1.251ms total 37.560ms
08-05 14:10:57.755  1548  1573 I art     : Starting a blocking GC Explicit
08-05 14:10:57.766 28061 28061 I Atfwd_Sendcmd: AtCmdFwd service not ready - Exhausted retry attempts - :6
08-05 14:10:57.766 28061 28061 I Atfwd_Daemon: result : -1 	 ,Init step :2 	 ,qmiErrorCode: 0
08-05 14:10:57.793  1548  1573 I art     : Explicit concurrent mark sweep GC freed 3(96B) AllocSpace objects, 0(0B) LOS objects, 23% free, 50MB/66MB, paused 1.437ms total 38.022ms
08-05 14:10:57.804  1548  1573 I art     : Starting a blocking GC Explicit
08-05 14:10:57.840  1548  1573 I art     : Explicit concurrent mark sweep GC freed 3(96B) AllocSpace objects, 0(0B) LOS objects, 23% free, 50MB/66MB, paused 1.270ms total 36.648ms
08-05 14:10:57.851  1548  1573 I art     : Starting a blocking GC Explicit
08-05 14:10:57.889  1548  1573 I art     : Explicit concurrent mark sweep GC freed 3(96B) AllocSpace objects, 0(0B) LOS objects, 23% free, 50MB/66MB, paused 1.305ms total 37.265ms
08-05 14:10:58.256  1548  1560 I art     : Starting a blocking GC Explicit
08-05 14:10:58.295  1548  1560 I art     : Explicit concurrent mark sweep GC freed 1411(82KB) AllocSpace objects, 1(20KB) LOS objects, 23% free, 50MB/66MB, paused 1.124ms total 37.976ms
08-05 14:10:58.306  1548  1560 I art     : Starting a blocking GC Explicit
08-05 14:10:58.341  1548  1560 I art     : Explicit concurrent mark sweep GC freed 23(752B) AllocSpace objects, 0(0B) LOS objects, 23% free, 50MB/66MB, paused 1.267ms total 35.314ms
08-05 14:10:58.352  1548  1560 I art     : Starting a blocking GC Explicit
08-05 14:10:58.389  1548  1560 I art     : Explicit concurrent mark sweep GC freed 3(96B) AllocSpace objects, 0(0B) LOS objects, 23% free, 50MB/66MB, paused 1.271ms total 36.725ms
08-05 14:10:58.399  1548  1560 I art     : Starting a blocking GC Explicit
08-05 14:10:58.436  1548  1560 I art     : Explicit concurrent mark sweep GC freed 3(96B) AllocSpace objects, 0(0B) LOS objects, 23% free, 50MB/66MB, paused 1.239ms total 36.697ms
08-05 14:10:58.447  1548  1560 I art     : Starting a blocking GC Explicit
08-05 14:10:58.485  1548  1560 I art     : Explicit concurrent mark sweep GC freed 3(96B) AllocSpace objects, 0(0B) LOS objects, 23% free, 50MB/66MB, paused 1.234ms total 37.398ms
08-05 14:10:58.858  1548  1573 I art     : Starting a blocking GC Explicit
08-05 14:10:58.905  1548  1573 I art     : Explicit concurrent mark sweep GC freed 1410(81KB) AllocSpace objects, 1(20KB) LOS objects, 23% free, 50MB/66MB, paused 1.362ms total 46.709ms
08-05 14:10:58.920  1548  1573 I art     : Starting a blocking GC Explicit
08-05 14:10:58.963  1548  1573 I art     : Explicit concurrent mark sweep GC freed 23(752B) AllocSpace objects, 0(0B) LOS objects, 23% free, 50MB/66MB, paused 1.348ms total 42.486ms
08-05 14:10:58.974  1548  1573 I art     : Starting a blocking GC Explicit
08-05 14:10:59.010  1548  1573 I art     : Explicit concurrent mark sweep GC freed 3(96B) AllocSpace objects, 0(0B) LOS objects, 23% free, 50MB/66MB, paused 1.223ms total 36.151ms
08-05 14:10:59.021  1548  1573 I art     : Starting a blocking GC Explicit
08-05 14:10:59.058  1548  1573 I art     : Explicit concurrent mark sweep GC freed 3(96B) AllocSpace objects, 0(0B) LOS objects, 23% free, 50MB/66MB, paused 1.307ms total 37.447ms
08-05 14:10:59.069  1548  1573 I art     : Starting a blocking GC Explicit
08-05 14:10:59.107  1548  1573 I art     : Explicit concurrent mark sweep GC freed 3(96B) AllocSpace objects, 0(0B) LOS objects, 23% free, 50MB/66MB, paused 1.340ms total 37.717ms
08-05 14:10:59.456  1548  1561 I art     : Starting a blocking GC Explicit
08-05 14:10:59.503  1548  1561 I art     : Explicit concurrent mark sweep GC freed 1381(81KB) AllocSpace objects, 1(20KB) LOS objects, 23% free, 50MB/66MB, paused 1.376ms total 46.399ms
08-05 14:10:59.517  1548  1561 I art     : Starting a blocking GC Explicit
08-05 14:10:59.555  1548  1561 I art     : Explicit concurrent mark sweep GC freed 23(752B) AllocSpace objects, 0(0B) LOS objects, 23% free, 50MB/66MB, paused 1.348ms total 36.909ms
08-05 14:10:59.565  1548  1561 I art     : Starting a blocking GC Explicit
08-05 14:10:59.603  1548  1561 I art     : Explicit concurrent mark sweep GC freed 3(96B) AllocSpace objects, 0(0B) LOS objects, 23% free, 50MB/66MB, paused 1.352ms total 37.134ms
08-05 14:10:59.614  1548  1561 I art     : Starting a blocking GC Explicit
08-05 14:10:59.649  1548  1561 I art     : Explicit concurrent mark sweep GC freed 32(880B) AllocSpace objects, 0(0B) LOS objects, 23% free, 50MB/66MB, paused 1.230ms total 34.565ms
08-05 14:10:59.659  1548  1561 I art     : Starting a blocking GC Explicit
08-05 14:10:59.694  1548  1561 I art     : Explicit concurrent mark sweep GC freed 3(96B) AllocSpace objects, 0(0B) LOS objects, 23% free, 50MB/66MB, paused 1.225ms total 35.080ms
08-05 14:11:00.060  1548  2782 I art     : Starting a blocking GC Explicit
08-05 14:11:00.095  1548  2782 I art     : Explicit concurrent mark sweep GC freed 1383(84KB) AllocSpace objects, 1(20KB) LOS objects, 23% free, 50MB/66MB, paused 1.221ms total 35.175ms
08-05 14:11:00.105  1548  2782 I art     : Starting a blocking GC Explicit
08-05 14:11:00.141  1548  2782 I art     : Explicit concurrent mark sweep GC freed 23(752B) AllocSpace objects, 0(0B) LOS objects, 23% free, 50MB/66MB, paused 1.239ms total 35.737ms
08-05 14:11:00.152  1548  2782 I art     : Starting a blocking GC Explicit
08-05 14:11:00.189  1548  2782 I art     : Explicit concurrent mark sweep GC freed 3(96B) AllocSpace objects, 0(0B) LOS objects, 23% free, 50MB/66MB, paused 1.296ms total 36.482ms
08-05 14:11:00.199  1548  2782 I art     : Starting a blocking GC Explicit
08-05 14:11:00.237  1548  2782 I art     : Explicit concurrent mark sweep GC freed 3(96B) AllocSpace objects, 0(0B) LOS objects, 23% free, 50MB/66MB, paused 1.467ms total 37.290ms
08-05 14:11:00.248  1548  2782 I art     : Starting a blocking GC Explicit
08-05 14:11:00.285  1548  2782 I art     : Explicit concurrent mark sweep GC freed 3(96B) AllocSpace objects, 0(0B) LOS objects, 23% free, 50MB/66MB, paused 1.215ms total 36.634ms
08-05 14:11:00.591  1548  5128 I art     : Starting a blocking GC Explicit
08-05 14:11:00.630  1548  5128 I art     : Explicit concurrent mark sweep GC freed 1412(82KB) AllocSpace objects, 1(20KB) LOS objects, 23% free, 50MB/66MB, paused 1.314ms total 39.169ms
08-05 14:11:00.641  1548  5128 I art     : Starting a blocking GC Explicit
08-05 14:11:00.676  1548  5128 I art     : Explicit concurrent mark sweep GC freed 24(784B) AllocSpace objects, 0(0B) LOS objects, 23% free, 50MB/66MB, paused 1.227ms total 34.856ms
08-05 14:11:00.686  1548  5128 I art     : Starting a blocking GC Explicit
08-05 14:11:00.721  1548  5128 I art     : Explicit concurrent mark sweep GC freed 3(96B) AllocSpace objects, 0(0B) LOS objects, 23% free, 50MB/66MB, paused 1.175ms total 34.842ms
08-05 14:11:00.731  1548  5128 I art     : Starting a blocking GC Explicit
08-05 14:11:00.766  1548  5128 I art     : Explicit concurrent mark sweep GC freed 3(96B) AllocSpace objects, 0(0B) LOS objects, 23% free, 50MB/66MB, paused 1.236ms total 34.754ms
08-05 14:11:00.776  1548  5128 I art     : Starting a blocking GC Explicit
08-05 14:11:00.812  1548  5128 I art     : Explicit concurrent mark sweep GC freed 3(96B) AllocSpace objects, 0(0B) LOS objects, 23% free, 50MB/66MB, paused 1.332ms total 35.211ms
08-05 14:11:00.818  5562  5562 D AndroidRuntime: >>>>>> START com.android.internal.os.RuntimeInit uid 2000 <<<<<<
08-05 14:11:00.824  5562  5562 D AndroidRuntime: CheckJNI is OFF
08-05 14:11:00.855  5562  5562 D ICU     : No timezone override file found: /data/misc/zoneinfo/current/icu/icu_tzdata.dat
08-05 14:11:00.888  5562  5562 I Radio-JNI: register_android_hardware_Radio DONE
08-05 14:11:00.910  5562  5562 D AndroidRuntime: Calling main entry com.android.commands.input.Input
08-05 14:11:00.911  5562  5562 I Input   : injectKeyEvent: KeyEvent { action=ACTION_DOWN, keyCode=KEYCODE_BACK, scanCode=0, metaState=0, flags=0x0, repeatCount=0, eventTime=799877324, downTime=799877324, deviceId=-1, source=0x101 }
08-05 14:11:00.918  5562  5562 I Input   : injectKeyEvent: KeyEvent { action=ACTION_UP, keyCode=KEYCODE_BACK, scanCode=0, metaState=0, flags=0x0, repeatCount=0, eventTime=799877324, downTime=799877324, deviceId=-1, source=0x101 }
08-05 14:11:00.923  5562  5562 D AndroidRuntime: Shutting down VM
08-05 14:11:00.928  1548  1548 V PlaybackController: initServiceNotRunning()
08-05 14:11:00.928  1548  1548 D ExternalPlayerFragment: Loading media info
08-05 14:11:00.930  1548  2526 D ApOkHttpUrlLoader: buildLoadData() called with: model = [http://sixgun.org/files/linuxoutlaws.jpg], width = [224], height = [224]
08-05 14:11:00.931  1548  2312 D DBReader: getImageAuthentication() called with: imageUrl = [http://sixgun.org/files/linuxoutlaws.jpg]
08-05 14:11:00.932  1548  1548 D UserPreferences: Using default data folder
08-05 14:11:00.932  1548  2084 D DBReader: getNavDrawerData() called with: 
08-05 14:11:00.934  1548  2312 D ApOkHttpUrlLoader: no credentials for 'http://sixgun.org/files/linuxoutlaws.jpg'
08-05 14:11:00.943  1548  2084 D DBReader: getDownloadedItems() called
08-05 14:11:00.944  1548  2084 D DBReader: getFavoriteIDList() called
08-05 14:11:00.945  1548  2084 D DBReader: getQueueIDList() called
08-05 14:11:00.945  1548  2084 D DBReader: Extracting Feedlist
08-05 14:11:00.962 13866 13866 I GoogleInputMethodServic: GoogleInputMethodService.onFinishInput():3138 
08-05 14:11:00.963 13866 13866 I GoogleInputMethodServic: GoogleInputMethodService.onStartInput():1808 
08-05 14:11:00.978  1548  1548 D MainActivity: getLastNavFragment() -> AddFeedFragment
08-05 14:11:00.989  1548  2312 D DBWriter: updateFeedDownloadURL(original: http://sixgun.org/files/linuxoutlaws.jpg, updated: https://fab.industries/sixgun/files/linuxoutlaws.jpg)
08-05 14:11:01.087  1548  1573 I art     : Starting a blocking GC Explicit
08-05 14:11:01.137  1548  1573 I art     : Explicit concurrent mark sweep GC freed 3102(185KB) AllocSpace objects, 1(20KB) LOS objects, 23% free, 51MB/67MB, paused 1.688ms total 48.784ms
08-05 14:11:01.142  1548  2312 D MYTAG   : interceptor 2a
08-05 14:11:01.142  1548  2312 I NAPPA_EXPERIMENTATION: MetricNetworkRequestExecutionTime: REQUEST_DURATION_SYSTEM='208',REQUEST_DURATION_OKHTTP='149',REQUEST_SYNCHRONOUS='TRUE',RESPONSE_CODE='404',RESPONSE_METHOD='GET',RESPONSE_LENGTH_OKHTTP='-1',RESPONSE_LENGTH_HEADER='1503',REQUEST_PROTOCOL='h2',REQUEST_URL='https://fab.industries/sixgun/files/linuxoutlaws.jpg',
08-05 14:11:01.144  1548  1548 W Glide   : Load failed for http://sixgun.org/files/linuxoutlaws.jpg with size [224x224]
08-05 14:11:01.144  1548  1548 W Glide   : class com.bumptech.glide.load.engine.GlideException: Failed to load resource
08-05 14:11:01.144  1548  1548 W Glide   : There was 1 cause:
08-05 14:11:01.144  1548  1548 W Glide   : com.bumptech.glide.load.HttpException()
08-05 14:11:01.144  1548  1548 W Glide   :  call GlideException#logRootCauses(String) for more detail
08-05 14:11:01.144  1548  1548 W Glide   :   Cause (1 of 1): class com.bumptech.glide.load.engine.GlideException: Fetching data failed, class java.io.InputStream, REMOTE
08-05 14:11:01.144  1548  1548 W Glide   : There was 1 cause:
08-05 14:11:01.144  1548  1548 W Glide   : com.bumptech.glide.load.HttpException()
08-05 14:11:01.144  1548  1548 W Glide   :  call GlideException#logRootCauses(String) for more detail
08-05 14:11:01.144  1548  1548 W Glide   :     Cause (1 of 1): class com.bumptech.glide.load.HttpException: 
08-05 14:11:01.144  1548  1548 I Glide   : Root cause (1 of 1)
08-05 14:11:01.144  1548  1548 I Glide   : com.bumptech.glide.load.HttpException: 
08-05 14:11:01.144  1548  1548 I Glide   : 	at com.bumptech.glide.integration.okhttp3.OkHttpStreamFetcher.onResponse(OkHttpStreamFetcher.java:73)
08-05 14:11:01.144  1548  1548 I Glide   : 	at okhttp3.RealCall$AsyncCall.execute(RealCall.java:174)
08-05 14:11:01.144  1548  1548 I Glide   : 	at okhttp3.internal.NamedRunnable.run(NamedRunnable.java:32)
08-05 14:11:01.144  1548  1548 I Glide   : 	at java.util.concurrent.ThreadPoolExecutor.runWorker(ThreadPoolExecutor.java:1113)
08-05 14:11:01.144  1548  1548 I Glide   : 	at java.util.concurrent.ThreadPoolExecutor$Worker.run(ThreadPoolExecutor.java:588)
08-05 14:11:01.144  1548  1548 I Glide   : 	at java.lang.Thread.run(Thread.java:818)
08-05 14:11:01.144  1548  1548 W Glide   : Load failed for http://sixgun.org/files/linuxoutlaws.jpg with size [224x224]
08-05 14:11:01.144  1548  1548 W Glide   : class com.bumptech.glide.load.engine.GlideException: Failed to load resource
08-05 14:11:01.144  1548  1548 W Glide   : There was 1 cause:
08-05 14:11:01.144  1548  1548 W Glide   : com.bumptech.glide.load.HttpException()
08-05 14:11:01.144  1548  1548 W Glide   :  call GlideException#logRootCauses(String) for more detail
08-05 14:11:01.144  1548  1548 W Glide   :   Cause (1 of 1): class com.bumptech.glide.load.engine.GlideException: Fetching data failed, class java.io.InputStream, REMOTE
08-05 14:11:01.144  1548  1548 W Glide   : There was 1 cause:
08-05 14:11:01.144  1548  1548 W Glide   : com.bumptech.glide.load.HttpException()
08-05 14:11:01.144  1548  1548 W Glide   :  call GlideException#logRootCauses(String) for more detail
08-05 14:11:01.144  1548  1548 W Glide   :     Cause (1 of 1): class com.bumptech.glide.load.HttpException: 
08-05 14:11:01.144  1548  1548 I Glide   : Root cause (1 of 1)
08-05 14:11:01.144  1548  1548 I Glide   : com.bumptech.glide.load.HttpException: 
08-05 14:11:01.144  1548  1548 I Glide   : 	at com.bumptech.glide.integration.okhttp3.OkHttpStreamFetcher.onResponse(OkHttpStreamFetcher.java:73)
08-05 14:11:01.144  1548  1548 I Glide   : 	at okhttp3.RealCall$AsyncCall.execute(RealCall.java:174)
08-05 14:11:01.144  1548  1548 I Glide   : 	at okhttp3.internal.NamedRunnable.run(NamedRunnable.java:32)
08-05 14:11:01.144  1548  1548 I Glide   : 	at java.util.concurrent.ThreadPoolExecutor.runWorker(ThreadPoolExecutor.java:1113)
08-05 14:11:01.144  1548  1548 I Glide   : 	at java.util.concurrent.ThreadPoolExecutor$Worker.run(ThreadPoolExecutor.java:588)
08-05 14:11:01.144  1548  1548 I Glide   : 	at java.lang.Thread.run(Thread.java:818)
08-05 14:11:01.150  1548  1573 I art     : Starting a blocking GC Explicit
08-05 14:11:01.184  1548  1573 I art     : Explicit concurrent mark sweep GC freed 1063(101KB) AllocSpace objects, 0(0B) LOS objects, 23% free, 50MB/66MB, paused 1.135ms total 33.793ms
08-05 14:11:01.194  1548  1573 I art     : Starting a blocking GC Explicit
08-05 14:11:01.235  1548  1573 I art     : Explicit concurrent mark sweep GC freed 22(976B) AllocSpace objects, 0(0B) LOS objects, 23% free, 50MB/66MB, paused 1.362ms total 40.115ms
08-05 14:11:01.247  1548  1573 I art     : Starting a blocking GC Explicit
08-05 14:11:01.264   380   380 W SurfaceFlinger: couldn't log to binary event log: overflow.
08-05 14:11:01.286  1548  1573 I art     : Explicit concurrent mark sweep GC freed 594(24KB) AllocSpace objects, 0(0B) LOS objects, 23% free, 50MB/66MB, paused 1.201ms total 37.938ms
08-05 14:11:01.295  1548  1573 I art     : Starting a blocking GC Explicit
08-05 14:11:01.327  1548  1573 I art     : Explicit concurrent mark sweep GC freed 2858(235KB) AllocSpace objects, 1(28KB) LOS objects, 23% free, 50MB/66MB, paused 1.183ms total 31.573ms
08-05 14:11:01.653  1548  5128 I art     : Starting a blocking GC Explicit
08-05 14:11:01.699  1548  5128 I art     : Explicit concurrent mark sweep GC freed 1411(83KB) AllocSpace objects, 1(20KB) LOS objects, 23% free, 50MB/66MB, paused 1.593ms total 45.017ms
08-05 14:11:01.712  1548  5128 I art     : Starting a blocking GC Explicit
08-05 14:11:01.749  1548  5128 I art     : Explicit concurrent mark sweep GC freed 27(912B) AllocSpace objects, 0(0B) LOS objects, 23% free, 50MB/66MB, paused 1.319ms total 36.146ms
08-05 14:11:01.759  1548  5128 I art     : Starting a blocking GC Explicit
08-05 14:11:01.796  1548  5128 I art     : Explicit concurrent mark sweep GC freed 3(96B) AllocSpace objects, 0(0B) LOS objects, 23% free, 50MB/66MB, paused 1.266ms total 36.265ms
08-05 14:11:01.806  1548  5128 I art     : Starting a blocking GC Explicit
08-05 14:11:01.843  1548  5128 I art     : Explicit concurrent mark sweep GC freed 3(96B) AllocSpace objects, 0(0B) LOS objects, 23% free, 50MB/66MB, paused 1.282ms total 36.133ms
08-05 14:11:01.853  1548  5128 I art     : Starting a blocking GC Explicit
08-05 14:11:01.889  1548  5128 I art     : Explicit concurrent mark sweep GC freed 3(96B) AllocSpace objects, 0(0B) LOS objects, 23% free, 50MB/66MB, paused 1.280ms total 35.439ms
08-05 14:11:02.234  1548  2782 I art     : Starting a blocking GC Explicit
08-05 14:11:02.270  1548  2782 I art     : Explicit concurrent mark sweep GC freed 1383(81KB) AllocSpace objects, 1(20KB) LOS objects, 23% free, 50MB/66MB, paused 1.365ms total 35.647ms
08-05 14:11:02.281  1548  2782 I art     : Starting a blocking GC Explicit
08-05 14:11:02.314  1548  2782 I art     : Explicit concurrent mark sweep GC freed 23(752B) AllocSpace objects, 0(0B) LOS objects, 23% free, 50MB/66MB, paused 1.232ms total 33.714ms
08-05 14:11:02.324  1548  2782 I art     : Starting a blocking GC Explicit
08-05 14:11:02.358  1548  2782 I art     : Explicit concurrent mark sweep GC freed 3(96B) AllocSpace objects, 0(0B) LOS objects, 23% free, 50MB/66MB, paused 1.279ms total 33.756ms
08-05 14:11:02.368  1548  2782 I art     : Starting a blocking GC Explicit
08-05 14:11:02.402  1548  2782 I art     : Explicit concurrent mark sweep GC freed 3(96B) AllocSpace objects, 0(0B) LOS objects, 23% free, 50MB/66MB, paused 1.224ms total 33.479ms
08-05 14:11:02.412  1548  2782 I art     : Starting a blocking GC Explicit
08-05 14:11:02.446  1548  2782 I art     : Explicit concurrent mark sweep GC freed 3(96B) AllocSpace objects, 0(0B) LOS objects, 23% free, 50MB/66MB, paused 1.250ms total 34.019ms
08-05 14:11:02.593  5617  5617 D AndroidRuntime: >>>>>> START com.android.internal.os.RuntimeInit uid 2000 <<<<<<
08-05 14:11:02.599  5617  5617 D AndroidRuntime: CheckJNI is OFF
08-05 14:11:02.631  5617  5617 D ICU     : No timezone override file found: /data/misc/zoneinfo/current/icu/icu_tzdata.dat
08-05 14:11:02.661  5617  5617 I Radio-JNI: register_android_hardware_Radio DONE
08-05 14:11:02.682  5617  5617 D AndroidRuntime: Calling main entry com.android.commands.input.Input
08-05 14:11:02.683  5617  5617 I Input   : injectKeyEvent: KeyEvent { action=ACTION_DOWN, keyCode=KEYCODE_BACK, scanCode=0, metaState=0, flags=0x0, repeatCount=0, eventTime=799879096, downTime=799879096, deviceId=-1, source=0x101 }
08-05 14:11:02.687  5617  5617 I Input   : injectKeyEvent: KeyEvent { action=ACTION_UP, keyCode=KEYCODE_BACK, scanCode=0, metaState=0, flags=0x0, repeatCount=0, eventTime=799879096, downTime=799879096, deviceId=-1, source=0x101 }
08-05 14:11:02.702  5617  5617 D AndroidRuntime: Shutting down VM
08-05 14:11:02.772  1548  1573 I art     : Starting a blocking GC Explicit
08-05 14:11:02.810  1548  1573 I art     : Explicit concurrent mark sweep GC freed 3610(172KB) AllocSpace objects, 1(20KB) LOS objects, 23% free, 50MB/66MB, paused 1.234ms total 36.966ms
08-05 14:11:02.820  1548  1573 I art     : Starting a blocking GC Explicit
08-05 14:11:02.856  1548  1573 I art     : Explicit concurrent mark sweep GC freed 5356(395KB) AllocSpace objects, 9(1620KB) LOS objects, 24% free, 48MB/64MB, paused 1.313ms total 35.744ms
08-05 14:11:02.866  1548  1573 I art     : Starting a blocking GC Explicit
08-05 14:11:02.900  1548  1573 I art     : Explicit concurrent mark sweep GC freed 3(96B) AllocSpace objects, 0(0B) LOS objects, 24% free, 48MB/64MB, paused 1.253ms total 33.856ms
08-05 14:11:02.911  1548  1573 I art     : Starting a blocking GC Explicit
08-05 14:11:02.944  1548  1573 I art     : Explicit concurrent mark sweep GC freed 3(96B) AllocSpace objects, 0(0B) LOS objects, 24% free, 48MB/64MB, paused 1.177ms total 33.390ms
08-05 14:11:02.955  1548  1573 I art     : Starting a blocking GC Explicit
08-05 14:11:02.988  1548  1573 I art     : Explicit concurrent mark sweep GC freed 3(96B) AllocSpace objects, 0(0B) LOS objects, 24% free, 48MB/64MB, paused 1.399ms total 33.105ms
08-05 14:11:03.172   918  1209 D NetworkMonitor/NetworkAgentInfo [WIFI () - 159]: Checking http://connectivitycheck.gstatic.com/generate_204 on "H369AA63323", 192.168.2.12=192.168.2.12
08-05 14:11:03.232   918  1209 D NetworkMonitor/NetworkAgentInfo [WIFI () - 159]: Probably not a portal: exception java.io.IOException: unexpected end of stream on Connection{connectivitycheck.gstatic.com:80, proxy=HTTP@/192.168.2.12:8080 hostAddress=192.168.2.12 cipherSuite=none protocol=http/1.1} (recycle count=0)
08-05 14:11:03.233   918  3263 D ConnectivityService: NetworkAgentInfo [WIFI () - 159] validation failed
08-05 14:11:03.234   918  3261 E WifiConfigStore:  rewrite network history for "H369AA63323"WPA_PSK
08-05 14:11:03.323  1548  1560 I art     : Starting a blocking GC Explicit
08-05 14:11:03.366  1548  1560 I art     : Explicit concurrent mark sweep GC freed 1382(82KB) AllocSpace objects, 1(20KB) LOS objects, 24% free, 48MB/64MB, paused 1.331ms total 42.494ms
08-05 14:11:03.379  1548  1560 I art     : Starting a blocking GC Explicit
08-05 14:11:03.414  1548  1560 I art     : Explicit concurrent mark sweep GC freed 23(752B) AllocSpace objects, 0(0B) LOS objects, 24% free, 48MB/64MB, paused 1.463ms total 34.829ms
08-05 14:11:03.425  1548  1560 I art     : Starting a blocking GC Explicit
08-05 14:11:03.459  1548  1560 I art     : Explicit concurrent mark sweep GC freed 3(96B) AllocSpace objects, 0(0B) LOS objects, 24% free, 48MB/64MB, paused 1.301ms total 33.981ms
08-05 14:11:03.469  1548  1560 I art     : Starting a blocking GC Explicit
08-05 14:11:03.504  1548  1560 I art     : Explicit concurrent mark sweep GC freed 3(96B) AllocSpace objects, 0(0B) LOS objects, 24% free, 48MB/64MB, paused 1.355ms total 33.950ms
08-05 14:11:03.514  1548  1560 I art     : Starting a blocking GC Explicit
08-05 14:11:03.548  1548  1560 I art     : Explicit concurrent mark sweep GC freed 3(96B) AllocSpace objects, 0(0B) LOS objects, 24% free, 48MB/64MB, paused 1.364ms total 33.765ms
08-05 14:11:03.890  1548  1561 I art     : Starting a blocking GC Explicit
08-05 14:11:03.938  1548  1561 I art     : Explicit concurrent mark sweep GC freed 1410(82KB) AllocSpace objects, 1(20KB) LOS objects, 24% free, 48MB/64MB, paused 1.295ms total 47.806ms
08-05 14:11:03.955  1548  1561 I art     : Starting a blocking GC Explicit
08-05 14:11:03.988  1548  1561 I art     : Explicit concurrent mark sweep GC freed 23(752B) AllocSpace objects, 0(0B) LOS objects, 24% free, 48MB/64MB, paused 1.352ms total 32.983ms
08-05 14:11:03.998  1548  1561 I art     : Starting a blocking GC Explicit
08-05 14:11:04.030  1548  1561 I art     : Explicit concurrent mark sweep GC freed 3(96B) AllocSpace objects, 0(0B) LOS objects, 24% free, 48MB/64MB, paused 1.254ms total 31.763ms
08-05 14:11:04.041  1548  1561 I art     : Starting a blocking GC Explicit
08-05 14:11:04.073  1548  1561 I art     : Explicit concurrent mark sweep GC freed 3(96B) AllocSpace objects, 0(0B) LOS objects, 24% free, 48MB/64MB, paused 1.251ms total 31.795ms
08-05 14:11:04.082  1548  1561 I art     : Starting a blocking GC Explicit
08-05 14:11:04.113  1548  1561 I art     : Explicit concurrent mark sweep GC freed 3(96B) AllocSpace objects, 0(0B) LOS objects, 24% free, 48MB/64MB, paused 1.233ms total 31.097ms
08-05 14:11:04.407  5667  5667 D AndroidRuntime: >>>>>> START com.android.internal.os.RuntimeInit uid 2000 <<<<<<
08-05 14:11:04.413  5667  5667 D AndroidRuntime: CheckJNI is OFF
08-05 14:11:04.434  1548  2782 I art     : Starting a blocking GC Explicit
08-05 14:11:04.450  5667  5667 D ICU     : No timezone override file found: /data/misc/zoneinfo/current/icu/icu_tzdata.dat
08-05 14:11:04.469  1548  2782 I art     : Explicit concurrent mark sweep GC freed 1399(83KB) AllocSpace objects, 1(20KB) LOS objects, 24% free, 48MB/64MB, paused 1.501ms total 34.679ms
08-05 14:11:04.479  1548  2782 I art     : Starting a blocking GC Explicit
08-05 14:11:04.487  5667  5667 I Radio-JNI: register_android_hardware_Radio DONE
08-05 14:11:04.508  5667  5667 D AndroidRuntime: Calling main entry com.android.commands.am.Am
08-05 14:11:04.510  1548  2782 I art     : Explicit concurrent mark sweep GC freed 29(944B) AllocSpace objects, 0(0B) LOS objects, 24% free, 48MB/64MB, paused 1.549ms total 30.922ms
08-05 14:11:04.520  1548  2782 I art     : Starting a blocking GC Explicit
08-05 14:11:04.521 16924 16924 I Trepn   : Trepn 6.2s: Received intent: com.quicinc.trepn.stop_profiling
08-05 14:11:04.548  1548  2782 I art     : Explicit concurrent mark sweep GC freed 7(224B) AllocSpace objects, 0(0B) LOS objects, 24% free, 48MB/64MB, paused 1.100ms total 28.441ms
08-05 14:11:04.555 16924 16924 I Trepn   : Trepn 6.2s: Trepn has Stopped Profiling.
08-05 14:11:04.557  1548  2782 I art     : Starting a blocking GC Explicit
08-05 14:11:04.586  1548  2782 I art     : Explicit concurrent mark sweep GC freed 6(192B) AllocSpace objects, 0(0B) LOS objects, 24% free, 48MB/64MB, paused 1.067ms total 28.037ms
08-05 14:11:04.594  1548  2782 I art     : Starting a blocking GC Explicit
08-05 14:11:04.623  1548  2782 I art     : Explicit concurrent mark sweep GC freed 3(96B) AllocSpace objects, 0(0B) LOS objects, 24% free, 48MB/64MB, paused 1.096ms total 28.860ms
08-05 14:11:04.721  5667  5667 D AndroidRuntime: Shutting down VM
08-05 14:11:04.730   918  3359 W AppOps  : Finishing op nesting under-run: uid 10078 pkg com.quicinc.trepn code 24 time=0 duration=0 nesting=0
08-05 14:11:04.937  1548  1573 I art     : Starting a blocking GC Explicit
08-05 14:11:04.974  1548  1573 I art     : Explicit concurrent mark sweep GC freed 1413(82KB) AllocSpace objects, 1(20KB) LOS objects, 24% free, 48MB/64MB, paused 1.258ms total 36.200ms
08-05 14:11:04.984  1548  1573 I art     : Starting a blocking GC Explicit
08-05 14:11:05.015  1548  1573 I art     : Explicit concurrent mark sweep GC freed 113(4KB) AllocSpace objects, 0(0B) LOS objects, 24% free, 48MB/64MB, paused 1.199ms total 31.128ms
08-05 14:11:05.025  1548  1573 I art     : Starting a blocking GC Explicit
08-05 14:11:05.057  1548  1573 I art     : Explicit concurrent mark sweep GC freed 3(96B) AllocSpace objects, 0(0B) LOS objects, 24% free, 48MB/64MB, paused 1.191ms total 31.571ms
08-05 14:11:05.067  1548  1573 I art     : Starting a blocking GC Explicit
08-05 14:11:05.098  1548  1573 I art     : Explicit concurrent mark sweep GC freed 3(96B) AllocSpace objects, 0(0B) LOS objects, 24% free, 48MB/64MB, paused 1.240ms total 31.413ms
08-05 14:11:05.108  1548  1573 I art     : Starting a blocking GC Explicit
08-05 14:11:05.140  1548  1573 I art     : Explicit concurrent mark sweep GC freed 3(96B) AllocSpace objects, 0(0B) LOS objects, 24% free, 48MB/64MB, paused 1.156ms total 31.920ms
08-05 14:11:05.798   918  3188 I hubconnection: sensorhub said: 'set_bias 3: -6.7200, 0.0000, 0.0000'
08-05 14:11:07.195   918  3261 D WifiStateMachine: starting scan for "H369AA63323"WPA_PSK with 2412,5180
08-05 14:11:07.432  5179  5194 D QcrilMsgTunnelSocket: readRilMessage: Buffer = [B@671e81d HexData = [010000000404000011000000514f454d484f4f4bef0308000100000003]
08-05 14:11:07.432  5179  5194 D QcrilMsgTunnelSocket: Rcvd UNSOL response with 28 bytes data for SUB0
08-05 14:11:07.432  5179  5194 D QcrilMsgTunnelSocket: Response ID 525295 is not served in this process.
08-05 14:11:07.432  5179  5194 D QcrilMsgTunnelSocket: To broadcast an Intent via the notifier to external apps
08-05 14:11:07.433  5179  5179 D QcrilMsgTunnelIfaceManager: handleMessage what = 0
08-05 14:11:07.433  5179  5179 D QcrilMsgTunnelIfaceManager: Broadcasting intent ACTION_UNSOL_RESPONSE_OEM_HOOK_RAW
08-05 14:11:07.435  5164  5164 D QC_RIL_OEM_HOOK: Received Broadcast Intent ACTION_UNSOL_RESPONSE_OEM_HOOK_RAW
08-05 14:11:07.435  5164  5164 D QC_RIL_OEM_HOOK: Oem ID in QCRILHOOK UNSOL RESP is QOEMHOOK
