--------- beginning of main
08-04 00:31:38.259 20921 20921 D AndroidRuntime: >>>>>> START com.android.internal.os.RuntimeInit uid 2000 <<<<<<
08-04 00:31:38.266 20921 20921 D AndroidRuntime: CheckJNI is OFF
08-04 00:31:38.298 20921 20921 D ICU     : No timezone override file found: /data/misc/zoneinfo/current/icu/icu_tzdata.dat
08-04 00:31:38.330 20921 20921 I Radio-JNI: register_android_hardware_Radio DONE
08-04 00:31:38.348 20921 20921 D AndroidRuntime: Calling main entry com.android.commands.monkey.Monkey
--------- beginning of system
08-04 00:31:38.367   918   931 W BroadcastQueue: Skipping deliver [background] BroadcastRecord{29748f0 u-1 android.net.conn.CONNECTIVITY_CHANGE} to ReceiverList{c435e69 20921 (unknown name)/2000/u-1 remote:1221ca2}: process crashing
08-04 00:31:38.377   918  5952 I ActivityManager: START u0 {act=android.intent.action.MAIN cat=[android.intent.category.LAUNCHER] flg=0x10200000 cmp=baseline.com.newsblur/.activity.InitActivity} from uid 2000 on display 0
08-04 00:31:38.409   918   932 I sensors : batch
08-04 00:31:38.421   918  3188 I hubconnection: sensorhub said: 'batch 31 flags:0, sampling_rate_Hz:15.00, max_report_latency_us:0'
08-04 00:31:38.421 20921 20921 I art     : System.exit called, status: 0
08-04 00:31:38.421 20921 20921 I AndroidRuntime: VM exiting with result code 0.
08-04 00:31:38.466   918   932 I sensors : flush
08-04 00:31:38.473   918  3188 I hubconnection: sensorhub said: 'flush 31'
08-04 00:31:38.473   918  3188 I hubconnection: saw sensor 31 flushed
08-04 00:31:38.485  6202  8771 I PBSessionCacheImpl: Deleted sessionId[27278280657311515] from persistence.
08-04 00:31:38.493  6202  6241 W SearchServiceCore: Abort, client detached.
08-04 00:31:38.494  6202  6241 I MicroDetectionState: Should stop hotword detection immediately - true
08-04 00:31:38.503 13560 13560 I baseline.com.newsblur.activity.InitActivity: cold launching version 9.0b1
08-04 00:31:38.514 13560 20937 D OpenGLRenderer: Use EGL_SWAP_BEHAVIOR_PRESERVED: true
08-04 00:31:38.551 13560 20937 I Adreno  : QUALCOMM build                   : fcf4852, I1af360237c
08-04 00:31:38.551 13560 20937 I Adreno  : Build Date                       : 09/23/15
08-04 00:31:38.551 13560 20937 I Adreno  : OpenGL ES Shader Compiler Version: XE031.05.13.02
08-04 00:31:38.551 13560 20937 I Adreno  : Local Branch                     : mybranch14465806
08-04 00:31:38.551 13560 20937 I Adreno  : Remote Branch                    : quic/LA.BF64.1.2.9_v2
08-04 00:31:38.551 13560 20937 I Adreno  : Remote Branch                    : NONE
08-04 00:31:38.551 13560 20937 I Adreno  : Reconstruct Branch               : NOTHING
08-04 00:31:38.556 13560 20937 I OpenGLRenderer: Initialized EGL, version 1.4
08-04 00:31:38.583   918  3359 I ActivityManager: START u0 {cmp=baseline.com.newsblur/.activity.Main} from uid 10652 on display 0
08-04 00:31:38.594 13866 13866 I GoogleInputMethodServic: GoogleInputMethodService.onFinishInput():3138 
08-04 00:31:38.595 13866 13866 I GoogleInputMethodServic: GoogleInputMethodService.onStartInput():1808 
08-04 00:31:38.734 13560 13560 I art     : Rejecting re-init on previously-failed class java.lang.Class<androidx.core.view.ViewCompat$OnUnhandledKeyEventListenerWrapper>
08-04 00:31:38.734 13560 13560 I art     : Rejecting re-init on previously-failed class java.lang.Class<androidx.core.view.ViewCompat$OnUnhandledKeyEventListenerWrapper>
08-04 00:31:38.769 13560 13560 E BitmapFactory: Unable to decode stream: java.io.FileNotFoundException: /data/user/0/baseline.com.newsblur/cache/userProfilePicture: open failed: ENOENT (No such file or directory)
08-04 00:31:38.867 13560 20946 I baseline.com.newsblur.service.NBSyncService: ready to sync feed list
08-04 00:31:38.908 13866 13866 I GoogleInputMethodServic: GoogleInputMethodService.onFinishInput():3138 
08-04 00:31:38.909 13866 13866 I GoogleInputMethodServic: GoogleInputMethodService.onStartInput():1808 
08-04 00:31:39.015   918   936 I ActivityManager: Displayed baseline.com.newsblur/.activity.Main: +352ms (total +630ms)
08-04 00:31:39.394 13560 20946 I NAPPA_EXPERIMENTATION: MetricNetworkRequestExecutionTime: REQUEST_DURATION_SYSTEM='523',REQUEST_DURATION_OKHTTP='33',REQUEST_SYNCHRONOUS='TRUE',RESPONSE_CODE='200',RESPONSE_METHOD='GET',RESPONSE_LENGTH_OKHTTP='-1',RESPONSE_LENGTH_HEADER='-2',REQUEST_PROTOCOL='http/1.1',REQUEST_URL='https://www.newsblur.com/reader/feeds/?update_counts=true',
08-04 00:31:39.394 13560 20946 D MY_TAG  : 1, 523
08-04 00:31:39.436 13560 20946 I baseline.com.newsblur.service.NBSyncService: got feed list: 1 feeds in  conn:524 read:3 parse:3 store:35
08-04 00:31:39.863 13560 20954 I NAPPA_EXPERIMENTATION: MetricNetworkRequestExecutionTime: REQUEST_DURATION_SYSTEM='420',REQUEST_DURATION_OKHTTP='32',REQUEST_SYNCHRONOUS='TRUE',RESPONSE_CODE='200',RESPONSE_METHOD='GET',RESPONSE_LENGTH_OKHTTP='-1',RESPONSE_LENGTH_HEADER='-2',REQUEST_PROTOCOL='http/1.1',REQUEST_URL='https://www.newsblur.com/reader/unread_story_hashes?include_timestamps=1',
08-04 00:31:39.863 13560 20954 D MY_TAG  : 0, 420
08-04 00:31:39.875 13560 20954 I baseline.com.newsblur.service.UnreadsService: starting unread count: 0
08-04 00:31:39.877 13560 20954 I baseline.com.newsblur.service.UnreadsService: new unread count:      0
08-04 00:31:39.877 13560 20954 I baseline.com.newsblur.service.UnreadsService: new unreads found:     0
08-04 00:31:39.877 13560 20954 I baseline.com.newsblur.service.UnreadsService: unreads to retire:     0
08-04 00:31:39.949 20965 20965 D AndroidRuntime: >>>>>> START com.android.internal.os.RuntimeInit uid 2000 <<<<<<
08-04 00:31:39.953 20965 20965 D AndroidRuntime: CheckJNI is OFF
08-04 00:31:39.976 20965 20965 D ICU     : No timezone override file found: /data/misc/zoneinfo/current/icu/icu_tzdata.dat
08-04 00:31:39.999 20965 20965 I Radio-JNI: register_android_hardware_Radio DONE
08-04 00:31:40.013 20965 20965 D AndroidRuntime: Calling main entry com.android.commands.am.Am
08-04 00:31:40.018  8825  8825 I Trepn   : Trepn 6.2s: Received intent: com.quicinc.trepn.start_profiling
08-04 00:31:40.090  8825  8825 W FileUtils: Failed to chmod(/storage/emulated/0/trepn/Trepn_2020.08.04_003140.db): android.system.ErrnoException: chmod failed: EPERM (Operation not permitted)
08-04 00:31:40.169  8825  8825 I Trepn   : Trepn 6.2s: Trepn has Started Profiling.
08-04 00:31:40.170 20965 20965 D AndroidRuntime: Shutting down VM
08-04 00:31:40.640 13560 13571 I art     : Starting a blocking GC Explicit
08-04 00:31:40.671 13560 13571 I art     : Explicit concurrent mark sweep GC freed 30840(2047KB) AllocSpace objects, 45(1220KB) LOS objects, 37% free, 26MB/42MB, paused 222us total 30.029ms
08-04 00:31:40.683 13560 13571 I art     : Starting a blocking GC Explicit
08-04 00:31:40.695 13560 13571 I art     : Explicit concurrent mark sweep GC freed 2494(200KB) AllocSpace objects, 0(0B) LOS objects, 38% free, 26MB/42MB, paused 178us total 11.231ms
08-04 00:31:40.700 13560 13571 I art     : Starting a blocking GC Explicit
08-04 00:31:40.712 13560 13571 I art     : Explicit concurrent mark sweep GC freed 15(416B) AllocSpace objects, 0(0B) LOS objects, 38% free, 26MB/42MB, paused 174us total 11.049ms
08-04 00:31:40.718 13560 13571 I art     : Starting a blocking GC Explicit
08-04 00:31:40.729 13560 13571 I art     : Explicit concurrent mark sweep GC freed 3(96B) AllocSpace objects, 0(0B) LOS objects, 38% free, 26MB/42MB, paused 177us total 10.975ms
08-04 00:31:40.735 13560 13571 I art     : Starting a blocking GC Explicit
08-04 00:31:40.746 13560 13571 I art     : Explicit concurrent mark sweep GC freed 3(96B) AllocSpace objects, 0(0B) LOS objects, 38% free, 26MB/42MB, paused 171us total 11.077ms
08-04 00:31:41.019 13560 13572 I art     : Starting a blocking GC Explicit
08-04 00:31:41.037 13560 13572 I art     : Explicit concurrent mark sweep GC freed 1391(80KB) AllocSpace objects, 1(20KB) LOS objects, 38% free, 26MB/42MB, paused 311us total 17.403ms
08-04 00:31:41.047 13560 13572 I art     : Starting a blocking GC Explicit
08-04 00:31:41.059 13560 13572 I art     : Explicit concurrent mark sweep GC freed 20(704B) AllocSpace objects, 0(0B) LOS objects, 38% free, 26MB/42MB, paused 189us total 11.954ms
08-04 00:31:41.065 13560 13572 I art     : Starting a blocking GC Explicit
08-04 00:31:41.078 13560 13572 I art     : Explicit concurrent mark sweep GC freed 3(96B) AllocSpace objects, 0(0B) LOS objects, 38% free, 26MB/42MB, paused 180us total 11.976ms
08-04 00:31:41.084 13560 13572 I art     : Starting a blocking GC Explicit
08-04 00:31:41.096 13560 13572 I art     : Explicit concurrent mark sweep GC freed 3(96B) AllocSpace objects, 0(0B) LOS objects, 38% free, 26MB/42MB, paused 184us total 11.594ms
08-04 00:31:41.102 13560 13572 I art     : Starting a blocking GC Explicit
08-04 00:31:41.114 13560 13572 I art     : Explicit concurrent mark sweep GC freed 3(96B) AllocSpace objects, 0(0B) LOS objects, 38% free, 26MB/42MB, paused 182us total 11.570ms
08-04 00:31:41.380 13560 13571 I art     : Starting a blocking GC Explicit
08-04 00:31:41.395 13560 13571 I art     : Explicit concurrent mark sweep GC freed 1383(80KB) AllocSpace objects, 1(20KB) LOS objects, 38% free, 26MB/42MB, paused 188us total 14.068ms
08-04 00:31:41.405 13560 13571 I art     : Starting a blocking GC Explicit
08-04 00:31:41.417 13560 13571 I art     : Explicit concurrent mark sweep GC freed 20(704B) AllocSpace objects, 0(0B) LOS objects, 38% free, 26MB/42MB, paused 184us total 11.995ms
08-04 00:31:41.423 13560 13571 I art     : Starting a blocking GC Explicit
08-04 00:31:41.435 13560 13571 I art     : Explicit concurrent mark sweep GC freed 3(96B) AllocSpace objects, 0(0B) LOS objects, 38% free, 26MB/42MB, paused 175us total 11.435ms
08-04 00:31:41.441 13560 13571 I art     : Starting a blocking GC Explicit
08-04 00:31:41.453 13560 13571 I art     : Explicit concurrent mark sweep GC freed 3(96B) AllocSpace objects, 0(0B) LOS objects, 38% free, 26MB/42MB, paused 184us total 11.724ms
08-04 00:31:41.460 13560 13571 I art     : Starting a blocking GC Explicit
08-04 00:31:41.472 13560 13571 I art     : Explicit concurrent mark sweep GC freed 3(96B) AllocSpace objects, 0(0B) LOS objects, 38% free, 26MB/42MB, paused 175us total 11.475ms
08-04 00:31:41.780 13560 13572 I art     : Starting a blocking GC Explicit
08-04 00:31:41.798 13560 13572 I art     : Explicit concurrent mark sweep GC freed 1379(80KB) AllocSpace objects, 1(20KB) LOS objects, 38% free, 26MB/42MB, paused 250us total 18.224ms
08-04 00:31:41.809 13560 13572 I art     : Starting a blocking GC Explicit
08-04 00:31:41.824 13560 13572 I art     : Explicit concurrent mark sweep GC freed 20(704B) AllocSpace objects, 0(0B) LOS objects, 38% free, 26MB/42MB, paused 210us total 14.708ms
08-04 00:31:41.833 13560 13572 I art     : Starting a blocking GC Explicit
08-04 00:31:41.846 13560 13572 I art     : Explicit concurrent mark sweep GC freed 3(96B) AllocSpace objects, 0(0B) LOS objects, 38% free, 26MB/42MB, paused 203us total 12.038ms
08-04 00:31:41.852 13560 13572 I art     : Starting a blocking GC Explicit
08-04 00:31:41.864 13560 13572 I art     : Explicit concurrent mark sweep GC freed 3(96B) AllocSpace objects, 0(0B) LOS objects, 38% free, 26MB/42MB, paused 194us total 12.140ms
08-04 00:31:41.871 13560 13572 I art     : Starting a blocking GC Explicit
08-04 00:31:41.883 13560 13572 I art     : Explicit concurrent mark sweep GC freed 3(96B) AllocSpace objects, 0(0B) LOS objects, 38% free, 26MB/42MB, paused 171us total 11.056ms
08-04 00:31:42.213 13560 13571 I art     : Starting a blocking GC Explicit
08-04 00:31:42.231 13560 13571 I art     : Explicit concurrent mark sweep GC freed 1381(80KB) AllocSpace objects, 1(20KB) LOS objects, 38% free, 26MB/42MB, paused 231us total 17.590ms
08-04 00:31:42.240 13560 13571 I art     : Starting a blocking GC Explicit
08-04 00:31:42.252 13560 13571 I art     : Explicit concurrent mark sweep GC freed 20(704B) AllocSpace objects, 0(0B) LOS objects, 38% free, 26MB/42MB, paused 184us total 12.012ms
08-04 00:31:42.259 13560 13571 I art     : Starting a blocking GC Explicit
08-04 00:31:42.271 13560 13571 I art     : Explicit concurrent mark sweep GC freed 3(96B) AllocSpace objects, 0(0B) LOS objects, 38% free, 26MB/42MB, paused 177us total 11.736ms
08-04 00:31:42.277 13560 13571 I art     : Starting a blocking GC Explicit
08-04 00:31:42.288 13560 13571 I art     : Explicit concurrent mark sweep GC freed 3(96B) AllocSpace objects, 0(0B) LOS objects, 38% free, 26MB/42MB, paused 170us total 11.250ms
08-04 00:31:42.294 13560 13571 I art     : Starting a blocking GC Explicit
08-04 00:31:42.306 13560 13571 I art     : Explicit concurrent mark sweep GC freed 3(96B) AllocSpace objects, 0(0B) LOS objects, 38% free, 26MB/42MB, paused 175us total 11.319ms
08-04 00:31:42.603 13560 13572 I art     : Starting a blocking GC Explicit
08-04 00:31:42.623 13560 13572 I art     : Explicit concurrent mark sweep GC freed 1379(80KB) AllocSpace objects, 1(20KB) LOS objects, 38% free, 26MB/42MB, paused 211us total 19.992ms
08-04 00:31:42.633 13560 13572 I art     : Starting a blocking GC Explicit
08-04 00:31:42.647 13560 13572 I art     : Explicit concurrent mark sweep GC freed 20(704B) AllocSpace objects, 0(0B) LOS objects, 38% free, 26MB/42MB, paused 205us total 14.039ms
08-04 00:31:42.654 13560 13572 I art     : Starting a blocking GC Explicit
08-04 00:31:42.666 13560 13572 I art     : Explicit concurrent mark sweep GC freed 3(96B) AllocSpace objects, 0(0B) LOS objects, 38% free, 26MB/42MB, paused 185us total 12.182ms
08-04 00:31:42.673 13560 13572 I art     : Starting a blocking GC Explicit
08-04 00:31:42.684 13560 13572 I art     : Explicit concurrent mark sweep GC freed 3(96B) AllocSpace objects, 0(0B) LOS objects, 38% free, 26MB/42MB, paused 172us total 11.532ms
08-04 00:31:42.690 13560 13572 I art     : Starting a blocking GC Explicit
08-04 00:31:42.701 13560 13572 I art     : Explicit concurrent mark sweep GC freed 3(96B) AllocSpace objects, 0(0B) LOS objects, 38% free, 26MB/42MB, paused 168us total 11.075ms
08-04 00:31:43.010 13560 13571 I art     : Starting a blocking GC Explicit
08-04 00:31:43.030 13560 13571 I art     : Explicit concurrent mark sweep GC freed 1379(80KB) AllocSpace objects, 1(20KB) LOS objects, 38% free, 26MB/42MB, paused 225us total 19.985ms
08-04 00:31:43.041 13560 13571 I art     : Starting a blocking GC Explicit
08-04 00:31:43.056 13560 13571 I art     : Explicit concurrent mark sweep GC freed 20(704B) AllocSpace objects, 0(0B) LOS objects, 38% free, 26MB/42MB, paused 183us total 14.380ms
08-04 00:31:43.063 13560 13571 I art     : Starting a blocking GC Explicit
08-04 00:31:43.074 13560 13571 I art     : Explicit concurrent mark sweep GC freed 3(96B) AllocSpace objects, 0(0B) LOS objects, 38% free, 26MB/42MB, paused 176us total 11.628ms
08-04 00:31:43.081 13560 13571 I art     : Starting a blocking GC Explicit
08-04 00:31:43.093 13560 13571 I art     : Explicit concurrent mark sweep GC freed 3(96B) AllocSpace objects, 0(0B) LOS objects, 38% free, 26MB/42MB, paused 181us total 11.810ms
08-04 00:31:43.100 13560 13571 I art     : Starting a blocking GC Explicit
08-04 00:31:43.111 13560 13571 I art     : Explicit concurrent mark sweep GC freed 3(96B) AllocSpace objects, 0(0B) LOS objects, 38% free, 26MB/42MB, paused 175us total 11.067ms
08-04 00:31:43.417 13560 13572 I art     : Starting a blocking GC Explicit
08-04 00:31:43.434 13560 13572 I art     : Explicit concurrent mark sweep GC freed 1379(80KB) AllocSpace objects, 1(20KB) LOS objects, 38% free, 26MB/42MB, paused 246us total 17.316ms
08-04 00:31:43.444 13560 13572 I art     : Starting a blocking GC Explicit
08-04 00:31:43.458 13560 13572 I art     : Explicit concurrent mark sweep GC freed 20(704B) AllocSpace objects, 0(0B) LOS objects, 38% free, 26MB/42MB, paused 186us total 13.233ms
08-04 00:31:43.464 13560 13572 I art     : Starting a blocking GC Explicit
08-04 00:31:43.477 13560 13572 I art     : Explicit concurrent mark sweep GC freed 3(96B) AllocSpace objects, 0(0B) LOS objects, 38% free, 26MB/42MB, paused 183us total 11.931ms
08-04 00:31:43.483 13560 13572 I art     : Starting a blocking GC Explicit
08-04 00:31:43.495 13560 13572 I art     : Explicit concurrent mark sweep GC freed 3(96B) AllocSpace objects, 0(0B) LOS objects, 38% free, 26MB/42MB, paused 185us total 11.700ms
08-04 00:31:43.501 13560 13572 I art     : Starting a blocking GC Explicit
08-04 00:31:43.512 13560 13572 I art     : Explicit concurrent mark sweep GC freed 3(96B) AllocSpace objects, 0(0B) LOS objects, 38% free, 26MB/42MB, paused 172us total 11.112ms
08-04 00:31:43.813 13560 13571 I art     : Starting a blocking GC Explicit
08-04 00:31:43.831 13560 13571 I art     : Explicit concurrent mark sweep GC freed 1379(80KB) AllocSpace objects, 1(20KB) LOS objects, 38% free, 26MB/42MB, paused 240us total 17.340ms
08-04 00:31:43.840 13560 13571 I art     : Starting a blocking GC Explicit
08-04 00:31:43.853 13560 13571 I art     : Explicit concurrent mark sweep GC freed 20(704B) AllocSpace objects, 0(0B) LOS objects, 38% free, 26MB/42MB, paused 185us total 12.189ms
08-04 00:31:43.859 13560 13571 I art     : Starting a blocking GC Explicit
08-04 00:31:43.871 13560 13571 I art     : Explicit concurrent mark sweep GC freed 3(96B) AllocSpace objects, 0(0B) LOS objects, 38% free, 26MB/42MB, paused 181us total 11.804ms
08-04 00:31:43.878 13560 13571 I art     : Starting a blocking GC Explicit
08-04 00:31:43.889 13560 13571 I art     : Explicit concurrent mark sweep GC freed 3(96B) AllocSpace objects, 0(0B) LOS objects, 38% free, 26MB/42MB, paused 162us total 10.858ms
08-04 00:31:43.895 13560 13571 I art     : Starting a blocking GC Explicit
08-04 00:31:43.907 13560 13571 I art     : Explicit concurrent mark sweep GC freed 3(96B) AllocSpace objects, 0(0B) LOS objects, 38% free, 26MB/42MB, paused 174us total 11.319ms
08-04 00:31:44.218 13560 13572 I art     : Starting a blocking GC Explicit
08-04 00:31:44.238 13560 13572 I art     : Explicit concurrent mark sweep GC freed 1379(80KB) AllocSpace objects, 1(20KB) LOS objects, 38% free, 26MB/42MB, paused 392us total 18.744ms
08-04 00:31:44.249 13560 13572 I art     : Starting a blocking GC Explicit
08-04 00:31:44.261 13560 13572 I art     : Explicit concurrent mark sweep GC freed 20(704B) AllocSpace objects, 0(0B) LOS objects, 38% free, 26MB/42MB, paused 187us total 12.099ms
08-04 00:31:44.267 13560 13572 I art     : Starting a blocking GC Explicit
08-04 00:31:44.279 13560 13572 I art     : Explicit concurrent mark sweep GC freed 3(96B) AllocSpace objects, 0(0B) LOS objects, 38% free, 26MB/42MB, paused 192us total 11.653ms
08-04 00:31:44.285 13560 13572 I art     : Starting a blocking GC Explicit
08-04 00:31:44.297 13560 13572 I art     : Explicit concurrent mark sweep GC freed 3(96B) AllocSpace objects, 0(0B) LOS objects, 38% free, 26MB/42MB, paused 182us total 11.550ms
08-04 00:31:44.303 13560 13572 I art     : Starting a blocking GC Explicit
08-04 00:31:44.315 13560 13572 I art     : Explicit concurrent mark sweep GC freed 3(96B) AllocSpace objects, 0(0B) LOS objects, 38% free, 26MB/42MB, paused 176us total 11.569ms
08-04 00:31:44.631 13560 13571 I art     : Starting a blocking GC Explicit
08-04 00:31:44.649 13560 13571 I art     : Explicit concurrent mark sweep GC freed 1378(80KB) AllocSpace objects, 1(20KB) LOS objects, 38% free, 26MB/42MB, paused 203us total 16.963ms
08-04 00:31:44.659 13560 13571 I art     : Starting a blocking GC Explicit
08-04 00:31:44.671 13560 13571 I art     : Explicit concurrent mark sweep GC freed 20(704B) AllocSpace objects, 0(0B) LOS objects, 38% free, 26MB/42MB, paused 197us total 11.532ms
08-04 00:31:44.678 13560 13571 I art     : Starting a blocking GC Explicit
08-04 00:31:44.688 13560 13571 I art     : Explicit concurrent mark sweep GC freed 3(96B) AllocSpace objects, 0(0B) LOS objects, 38% free, 26MB/42MB, paused 153us total 9.457ms
08-04 00:31:44.693 13560 13571 I art     : Starting a blocking GC Explicit
08-04 00:31:44.702 13560 13571 I art     : Explicit concurrent mark sweep GC freed 3(96B) AllocSpace objects, 0(0B) LOS objects, 38% free, 26MB/42MB, paused 157us total 9.470ms
08-04 00:31:44.708 13560 13571 I art     : Starting a blocking GC Explicit
08-04 00:31:44.718 13560 13571 I art     : Explicit concurrent mark sweep GC freed 3(96B) AllocSpace objects, 0(0B) LOS objects, 38% free, 26MB/42MB, paused 157us total 9.472ms
08-04 00:31:44.922   918   918 I ActivityManager: Start proc 21114:com.google.android.youtube/u0a75 for service com.google.android.youtube/androidx.work.impl.background.systemjob.SystemJobService
08-04 00:31:44.955 21114 21114 W ResourceType: ResTable_typeSpec entry count inconsistent: given 37, previously 42
08-04 00:31:44.955 21114 21114 W ResourceType: ResTable_typeSpec entry count inconsistent: given 2527, previously 2530
08-04 00:31:44.956 21114 21114 W ResourceType: ResTable_typeSpec entry count inconsistent: given 2542, previously 2545
08-04 00:31:44.956 21114 21114 W ResourceType: ResTable_typeSpec entry count inconsistent: given 303, previously 1691
08-04 00:31:44.960 13560 13572 I art     : Starting a blocking GC Explicit
08-04 00:31:44.971 13560 13572 I art     : Explicit concurrent mark sweep GC freed 1379(80KB) AllocSpace objects, 1(20KB) LOS objects, 38% free, 26MB/42MB, paused 188us total 10.430ms
08-04 00:31:44.976 13560 13572 I art     : Starting a blocking GC Explicit
08-04 00:31:44.985 13560 13572 I art     : Explicit concurrent mark sweep GC freed 23(816B) AllocSpace objects, 0(0B) LOS objects, 38% free, 26MB/42MB, paused 159us total 9.272ms
08-04 00:31:44.991 13560 13572 I art     : Starting a blocking GC Explicit
08-04 00:31:45.000 13560 13572 I art     : Explicit concurrent mark sweep GC freed 3(96B) AllocSpace objects, 0(0B) LOS objects, 38% free, 26MB/42MB, paused 170us total 9.504ms
08-04 00:31:45.005 13560 13572 I art     : Starting a blocking GC Explicit
08-04 00:31:45.015 13560 13572 I art     : Explicit concurrent mark sweep GC freed 3(96B) AllocSpace objects, 0(0B) LOS objects, 38% free, 26MB/42MB, paused 193us total 9.540ms
08-04 00:31:45.020 13560 13572 I art     : Starting a blocking GC Explicit
08-04 00:31:45.031 13560 13572 I art     : Explicit concurrent mark sweep GC freed 3(96B) AllocSpace objects, 0(0B) LOS objects, 38% free, 26MB/42MB, paused 178us total 10.398ms
08-04 00:31:45.099 21114 21114 W FileProviderCompat: isPatchingNecessary returned true and in == null: false
08-04 00:31:45.115 21114 21114 W PatchedPackageManager: patching ProviderInfo. Metadata was not null
08-04 00:31:45.115 21114 21114 W PatchedPackageManager: resolveContentProvider flags: 128 ret: ContentProviderInfo{name=com.google.android.youtube.fileprovider className=com.google.android.apps.youtube.app.common.util.MainAppFileProviderCompat}
08-04 00:31:45.267 13560 13571 I art     : Starting a blocking GC Explicit
08-04 00:31:45.269 21128 21128 D AndroidRuntime: >>>>>> START com.android.internal.os.RuntimeInit uid 2000 <<<<<<
08-04 00:31:45.272 21128 21128 D AndroidRuntime: CheckJNI is OFF
08-04 00:31:45.278 13560 13571 I art     : Explicit concurrent mark sweep GC freed 1379(80KB) AllocSpace objects, 1(20KB) LOS objects, 38% free, 26MB/42MB, paused 180us total 10.513ms
08-04 00:31:45.283 13560 13571 I art     : Starting a blocking GC Explicit
08-04 00:31:45.294 13560 13571 I art     : Explicit concurrent mark sweep GC freed 20(704B) AllocSpace objects, 0(0B) LOS objects, 38% free, 26MB/42MB, paused 184us total 11.220ms
08-04 00:31:45.300 13560 13571 I art     : Starting a blocking GC Explicit
08-04 00:31:45.301 21128 21128 D ICU     : No timezone override file found: /data/misc/zoneinfo/current/icu/icu_tzdata.dat
08-04 00:31:45.310 13560 13571 I art     : Explicit concurrent mark sweep GC freed 3(96B) AllocSpace objects, 0(0B) LOS objects, 38% free, 26MB/42MB, paused 202us total 9.965ms
08-04 00:31:45.315 13560 13571 I art     : Starting a blocking GC Explicit
08-04 00:31:45.324 21128 21128 I Radio-JNI: register_android_hardware_Radio DONE
08-04 00:31:45.325 13560 13571 I art     : Explicit concurrent mark sweep GC freed 3(96B) AllocSpace objects, 0(0B) LOS objects, 38% free, 26MB/42MB, paused 168us total 9.730ms
08-04 00:31:45.331 13560 13571 I art     : Starting a blocking GC Explicit
08-04 00:31:45.333 21114 21154 W YouTube : Fetching the Gservices key 'failsafe_clear_cache_release_13_02' before the end of the bulk initialization
08-04 00:31:45.341 21128 21128 D AndroidRuntime: Calling main entry com.android.commands.input.Input
08-04 00:31:45.341 13560 13571 I art     : Explicit concurrent mark sweep GC freed 3(96B) AllocSpace objects, 0(0B) LOS objects, 38% free, 26MB/42MB, paused 167us total 10.024ms
08-04 00:31:45.343 21128 21128 I Input   : injectMotionEvent: MotionEvent { action=ACTION_DOWN, actionButton=0, id[0]=0, x[0]=594.0, y[0]=330.0, toolType[0]=TOOL_TYPE_UNKNOWN, buttonState=0, metaState=0, flags=0x0, edgeFlags=0x0, pointerCount=1, historySize=0, eventTime=664321755, downTime=664321755, deviceId=0, source=0x1002 }
08-04 00:31:45.351 21128 21128 I Input   : injectMotionEvent: MotionEvent { action=ACTION_UP, actionButton=0, id[0]=0, x[0]=594.0, y[0]=330.0, toolType[0]=TOOL_TYPE_UNKNOWN, buttonState=0, metaState=0, flags=0x0, edgeFlags=0x0, pointerCount=1, historySize=0, eventTime=664321755, downTime=664321755, deviceId=0, source=0x1002 }
08-04 00:31:45.354 21128 21128 D AndroidRuntime: Shutting down VM
08-04 00:31:45.399 21114 21150 W GooglePlayServicesUtil: Google Play services out of date for com.google.android.youtube.  Requires 202990000 but found 202614019
08-04 00:31:45.425   918  3696 I ActivityManager: START u0 {cmp=baseline.com.newsblur/.activity.GlobalSharedStoriesItemsList (has extras)} from uid 10652 on display 0
08-04 00:31:45.439 21114 21150 E linker  : readlink('/proc/self/fd/25') failed: Permission denied [fd=25]
08-04 00:31:45.439 21114 21150 E linker  : warning: unable to get realpath for the library "/data/data/com.google.android.youtube/cache/1592423383555.dex". Will use given name.
08-04 00:31:45.448 13560 21191 I baseline.com.newsblur.database.BlurDatabaseHelper: reading session reset
08-04 00:31:45.518   918  6029 D ConnectivityService: listenForNetwork for Listen from uid/pid:10075/21114 for NetworkRequest [ id=2467, legacyType=-1, [ Capabilities: INTERNET&NOT_RESTRICTED&TRUSTED] ]
08-04 00:31:45.525 21114 21186 E linker  : readlink('/proc/self/fd/21') failed: Permission denied [fd=21]
08-04 00:31:45.525 21114 21186 E linker  : warning: unable to get realpath for the library "/data/app/com.google.android.youtube-1/lib/arm64/libcronet.85.0.4183.18.so". Will use given name.
08-04 00:31:45.550 13560 13571 I art     : Starting a blocking GC Explicit
08-04 00:31:45.561 21114 21175 E GEL_DELAYED_EVENT_DEBUG: Failed delayed event dispatch, no dispatchers.
08-04 00:31:45.568   918 13198 D NetlinkSocketObserver: NeighborEvent{elapsedMs=1647709443, 192.168.2.254, [7C3953A63323], RTM_NEWNEIGH, NUD_PROBE}
08-04 00:31:45.569 13560 13571 I art     : Explicit concurrent mark sweep GC freed 6440(518KB) AllocSpace objects, 8(284KB) LOS objects, 36% free, 27MB/43MB, paused 275us total 18.542ms
08-04 00:31:45.578 13560 13571 I art     : Starting a blocking GC Explicit
08-04 00:31:45.590 13560 13571 I art     : Explicit concurrent mark sweep GC freed 347(16KB) AllocSpace objects, 0(0B) LOS objects, 36% free, 27MB/43MB, paused 295us total 11.642ms
08-04 00:31:45.596 13560 13571 I art     : Starting a blocking GC Explicit
08-04 00:31:45.614 13560 13571 I art     : Explicit concurrent mark sweep GC freed 219(27KB) AllocSpace objects, 1(20KB) LOS objects, 36% free, 27MB/43MB, paused 2.301ms total 18.235ms
08-04 00:31:45.621 13560 13571 I art     : Starting a blocking GC Explicit
08-04 00:31:45.628 13560 13560 W View    : requestLayout() improperly called by android.widget.FrameLayout{d5270c V.E...... ......ID 0,0-1440,0 #7f07003f app:id/footer_view_inner} during layout: running second layout pass
08-04 00:31:45.628 13560 13560 W View    : requestLayout() improperly called by android.widget.FrameLayout{bef7855 V.E...... ......ID 0,0-1440,2091 #7f07003f app:id/footer_view_inner} during layout: running second layout pass
08-04 00:31:45.634 13560 13571 I art     : Explicit concurrent mark sweep GC freed 158(14KB) AllocSpace objects, 0(0B) LOS objects, 36% free, 27MB/43MB, paused 196us total 12.259ms
08-04 00:31:45.638 21114 21237 E linker  : readlink('/proc/self/fd/43') failed: Permission denied [fd=43]
08-04 00:31:45.638 21114 21237 E linker  : warning: unable to get realpath for the library "/data/data/com.google.android.gms/app_chimera/m/00000039/oat/arm64/DynamiteLoader.odex". Will use given name.
08-04 00:31:45.640 13560 13571 I art     : Starting a blocking GC Explicit
08-04 00:31:45.648   918   936 I ActivityManager: Displayed baseline.com.newsblur/.activity.GlobalSharedStoriesItemsList: +212ms
08-04 00:31:45.649 13866 13866 I GoogleInputMethodServic: GoogleInputMethodService.onFinishInput():3138 
08-04 00:31:45.649 13866 13866 I GoogleInputMethodServic: GoogleInputMethodService.onStartInput():1808 
08-04 00:31:45.653 13560 13571 I art     : Explicit concurrent mark sweep GC freed 275(25KB) AllocSpace objects, 2(40KB) LOS objects, 36% free, 27MB/43MB, paused 425us total 12.763ms
08-04 00:31:45.854 13560 21229 I art     : Starting a blocking GC Explicit
08-04 00:31:45.866 13560 21229 I art     : Explicit concurrent mark sweep GC freed 2963(210KB) AllocSpace objects, 4(80KB) LOS objects, 36% free, 27MB/43MB, paused 223us total 12.448ms
08-04 00:31:45.872 13560 21229 I art     : Starting a blocking GC Explicit
08-04 00:31:45.885 13560 21229 I art     : Explicit concurrent mark sweep GC freed 137(4KB) AllocSpace objects, 0(0B) LOS objects, 36% free, 27MB/43MB, paused 244us total 12.072ms
08-04 00:31:45.892 13560 21229 I art     : Starting a blocking GC Explicit
08-04 00:31:45.905 13560 21229 I art     : Explicit concurrent mark sweep GC freed 155(21KB) AllocSpace objects, 1(20KB) LOS objects, 36% free, 27MB/43MB, paused 264us total 12.988ms
08-04 00:31:45.911 13560 21229 I art     : Starting a blocking GC Explicit
08-04 00:31:45.922 13560 21229 I art     : Explicit concurrent mark sweep GC freed 121(4KB) AllocSpace objects, 0(0B) LOS objects, 36% free, 27MB/43MB, paused 213us total 10.839ms
08-04 00:31:45.928 13560 21229 I art     : Starting a blocking GC Explicit
08-04 00:31:45.938 13560 21229 I art     : Explicit concurrent mark sweep GC freed 5(160B) AllocSpace objects, 0(0B) LOS objects, 36% free, 27MB/43MB, paused 205us total 10.221ms
08-04 00:31:45.966   918   928 I AccountManagerService: getTypesVisibleToCaller: isPermitted? true
08-04 00:31:46.044 13560 21247 I NAPPA_EXPERIMENTATION: MetricNetworkRequestExecutionTime: REQUEST_DURATION_SYSTEM='378',REQUEST_DURATION_OKHTTP='34',REQUEST_SYNCHRONOUS='TRUE',RESPONSE_CODE='200',RESPONSE_METHOD='GET',RESPONSE_LENGTH_OKHTTP='-1',RESPONSE_LENGTH_HEADER='13047',REQUEST_PROTOCOL='http/1.1',REQUEST_URL='https://www.newsblur.com/social/river_stories?order=newest&page=1&read_filter=all&global_feed=true',
08-04 00:31:46.044 13560 21247 D MY_TAG  : 0, 378
08-04 00:31:46.161 13560 13571 I art     : Starting a blocking GC Explicit
08-04 00:31:46.177 13560 13571 I art     : Explicit concurrent mark sweep GC freed 36484(2MB) AllocSpace objects, 41(1176KB) LOS objects, 36% free, 28MB/44MB, paused 441us total 15.621ms
08-04 00:31:46.182 13560 13571 I art     : Starting a blocking GC Explicit
08-04 00:31:46.196 13560 13571 I art     : Explicit concurrent mark sweep GC freed 2278(227KB) AllocSpace objects, 3(60KB) LOS objects, 36% free, 28MB/44MB, paused 538us total 13.450ms
08-04 00:31:46.202 13560 13571 I art     : Starting a blocking GC Explicit
08-04 00:31:46.216 13560 13571 I art     : Explicit concurrent mark sweep GC freed 787(45KB) AllocSpace objects, 2(40KB) LOS objects, 36% free, 28MB/44MB, paused 616us total 13.397ms
08-04 00:31:46.221 13560 13571 I art     : Starting a blocking GC Explicit
08-04 00:31:46.236 13560 13571 I art     : Explicit concurrent mark sweep GC freed 785(46KB) AllocSpace objects, 1(20KB) LOS objects, 36% free, 28MB/44MB, paused 619us total 15.001ms
08-04 00:31:46.243 13560 13571 I art     : Starting a blocking GC Explicit
08-04 00:31:46.256 13560 13571 I art     : Explicit concurrent mark sweep GC freed 340(21KB) AllocSpace objects, 0(0B) LOS objects, 36% free, 28MB/44MB, paused 499us total 13.710ms
08-04 00:31:46.269 13560 21308 I NAPPA_EXPERIMENTATION: MetricNetworkRequestExecutionTime: REQUEST_DURATION_SYSTEM='40',REQUEST_DURATION_OKHTTP='34',REQUEST_SYNCHRONOUS='TRUE',RESPONSE_CODE='200',RESPONSE_METHOD='GET',RESPONSE_LENGTH_OKHTTP='43',RESPONSE_LENGTH_HEADER='43',REQUEST_PROTOCOL='http/1.1',REQUEST_URL='http://feeds.feedburner.com/~r/retort/~4/UffaFMiJbNs',
08-04 00:31:46.331 21114 21230 I art     : Rejecting re-init on previously-failed class java.lang.Class<qxt>
08-04 00:31:46.331 21114 21230 I art     : Rejecting re-init on previously-failed class java.lang.Class<qxt>
08-04 00:31:46.332 21114 21230 I art     : Rejecting re-init on previously-failed class java.lang.Class<qxt>
08-04 00:31:46.332 21114 21230 I art     : Rejecting re-init on previously-failed class java.lang.Class<qxt>
08-04 00:31:46.348 21114 21230 I art     : Rejecting re-init on previously-failed class java.lang.Class<qxt>
08-04 00:31:46.348 21114 21230 I art     : Rejecting re-init on previously-failed class java.lang.Class<qxt>
08-04 00:31:46.349 21114 21230 I art     : Rejecting re-init on previously-failed class java.lang.Class<qxt>
08-04 00:31:46.349 21114 21230 I art     : Rejecting re-init on previously-failed class java.lang.Class<qxt>
08-04 00:31:46.357 21114 21230 I art     : Rejecting re-init on previously-failed class java.lang.Class<qxt>
08-04 00:31:46.357 21114 21230 I art     : Rejecting re-init on previously-failed class java.lang.Class<qxt>
08-04 00:31:46.388 21114 21246 I FA      : App measurement initialized, version: 31021
08-04 00:31:46.388 21114 21246 I FA      : To enable debug logging run: adb shell setprop log.tag.FA VERBOSE
08-04 00:31:46.388 21114 21246 I FA      : To enable faster debug mode event logging run:
08-04 00:31:46.388 21114 21246 I FA      :   adb shell setprop debug.firebase.analytics.app com.google.android.youtube
08-04 00:31:46.491 13560 13572 I art     : Starting a blocking GC Explicit
08-04 00:31:46.506 13560 13572 I art     : Explicit concurrent mark sweep GC freed 10113(559KB) AllocSpace objects, 5(240KB) LOS objects, 36% free, 28MB/44MB, paused 427us total 15.328ms
08-04 00:31:46.513 13560 13572 I art     : Starting a blocking GC Explicit
08-04 00:31:46.526 13560 13572 I art     : Explicit concurrent mark sweep GC freed 963(117KB) AllocSpace objects, 0(0B) LOS objects, 36% free, 28MB/44MB, paused 417us total 12.887ms
08-04 00:31:46.532 13560 13572 I art     : Starting a blocking GC Explicit
08-04 00:31:46.546 13560 13572 I art     : Explicit concurrent mark sweep GC freed 1806(70KB) AllocSpace objects, 0(0B) LOS objects, 36% free, 28MB/44MB, paused 442us total 13.703ms
08-04 00:31:46.552 13560 13572 I art     : Starting a blocking GC Explicit
08-04 00:31:46.565 13560 13572 I art     : Explicit concurrent mark sweep GC freed 51(1792B) AllocSpace objects, 0(0B) LOS objects, 36% free, 28MB/44MB, paused 426us total 12.813ms
08-04 00:31:46.571 13560 13572 I art     : Starting a blocking GC Explicit
08-04 00:31:46.579 24365 24365 I Herrevad: [1] abng.a: updateListenState
08-04 00:31:46.584 13560 13572 I art     : Explicit concurrent mark sweep GC freed 3(96B) AllocSpace objects, 0(0B) LOS objects, 36% free, 28MB/44MB, paused 427us total 12.858ms
08-04 00:31:46.613 13560 21312 I NAPPA_EXPERIMENTATION: MetricNetworkRequestExecutionTime: REQUEST_DURATION_SYSTEM='375',REQUEST_DURATION_OKHTTP='184',REQUEST_SYNCHRONOUS='TRUE',RESPONSE_CODE='200',RESPONSE_METHOD='GET',RESPONSE_LENGTH_OKHTTP='79351',RESPONSE_LENGTH_HEADER='79351',REQUEST_PROTOCOL='h2',REQUEST_URL='https://images.fastcompany.net/image/upload/w_1280,q_auto,f_auto,fl_lossy/wp-cms/uploads/2020/07/p-1-90532920-this-chart-shows-how-effective-masks-can-be.png',
08-04 00:31:46.719 13560 21307 I NAPPA_EXPERIMENTATION: MetricNetworkRequestExecutionTime: REQUEST_DURATION_SYSTEM='519',REQUEST_DURATION_OKHTTP='44',REQUEST_SYNCHRONOUS='TRUE',RESPONSE_CODE='200',RESPONSE_METHOD='GET',RESPONSE_LENGTH_OKHTTP='145',RESPONSE_LENGTH_HEADER='145',REQUEST_PROTOCOL='http/1.1',REQUEST_URL='https://s3.amazonaws.com/icons.newsblur.com/6882243.png',
08-04 00:31:46.727 13560 21313 I NAPPA_EXPERIMENTATION: MetricNetworkRequestExecutionTime: REQUEST_DURATION_SYSTEM='509',REQUEST_DURATION_OKHTTP='52',REQUEST_SYNCHRONOUS='TRUE',RESPONSE_CODE='200',RESPONSE_METHOD='GET',RESPONSE_LENGTH_OKHTTP='477',RESPONSE_LENGTH_HEADER='477',REQUEST_PROTOCOL='http/1.1',REQUEST_URL='https://s3.amazonaws.com/icons.newsblur.com/5762506.png',
08-04 00:31:46.743 13560 21310 I NAPPA_EXPERIMENTATION: MetricNetworkRequestExecutionTime: REQUEST_DURATION_SYSTEM='535',REQUEST_DURATION_OKHTTP='56',REQUEST_SYNCHRONOUS='TRUE',RESPONSE_CODE='200',RESPONSE_METHOD='GET',RESPONSE_LENGTH_OKHTTP='243',RESPONSE_LENGTH_HEADER='243',REQUEST_PROTOCOL='http/1.1',REQUEST_URL='https://s3.amazonaws.com/icons.newsblur.com/18178.png',
08-04 00:31:46.821 13560 21229 I art     : Starting a blocking GC Explicit
08-04 00:31:46.843 13560 21229 I art     : Explicit concurrent mark sweep GC freed 12907(677KB) AllocSpace objects, 14(3MB) LOS objects, 34% free, 30MB/46MB, paused 347us total 21.817ms
08-04 00:31:46.851 13560 21229 I art     : Starting a blocking GC Explicit
08-04 00:31:46.868 13560 21229 I art     : Explicit concurrent mark sweep GC freed 402(14KB) AllocSpace objects, 0(0B) LOS objects, 34% free, 30MB/46MB, paused 364us total 17.006ms
08-04 00:31:46.875 13560 21229 I art     : Starting a blocking GC Explicit
08-04 00:31:46.890 13560 21229 I art     : Explicit concurrent mark sweep GC freed 6(192B) AllocSpace objects, 0(0B) LOS objects, 34% free, 30MB/46MB, paused 292us total 15.104ms
08-04 00:31:46.897 13560 21229 I art     : Starting a blocking GC Explicit
08-04 00:31:46.911 13560 21229 I art     : Explicit concurrent mark sweep GC freed 6(192B) AllocSpace objects, 0(0B) LOS objects, 34% free, 30MB/46MB, paused 345us total 14.045ms
08-04 00:31:46.918 13560 21229 I art     : Starting a blocking GC Explicit
08-04 00:31:46.934 13560 21229 I art     : Explicit concurrent mark sweep GC freed 5(160B) AllocSpace objects, 0(0B) LOS objects, 34% free, 30MB/46MB, paused 370us total 15.852ms
08-04 00:31:47.259 13560 13572 I art     : Starting a blocking GC Explicit
08-04 00:31:47.279 13560 13572 I art     : Explicit concurrent mark sweep GC freed 1397(82KB) AllocSpace objects, 1(20KB) LOS objects, 34% free, 30MB/46MB, paused 351us total 19.020ms
08-04 00:31:47.285 13560 13572 I art     : Starting a blocking GC Explicit
08-04 00:31:47.300 13560 13572 I art     : Explicit concurrent mark sweep GC freed 20(704B) AllocSpace objects, 0(0B) LOS objects, 34% free, 30MB/46MB, paused 319us total 14.799ms
08-04 00:31:47.306 13560 13572 I art     : Starting a blocking GC Explicit
08-04 00:31:47.321 13560 13572 I art     : Explicit concurrent mark sweep GC freed 3(96B) AllocSpace objects, 0(0B) LOS objects, 34% free, 30MB/46MB, paused 318us total 14.379ms
08-04 00:31:47.327 13560 13572 I art     : Starting a blocking GC Explicit
08-04 00:31:47.342 13560 13572 I art     : Explicit concurrent mark sweep GC freed 3(96B) AllocSpace objects, 0(0B) LOS objects, 34% free, 30MB/46MB, paused 320us total 14.429ms
08-04 00:31:47.348 13560 13572 I art     : Starting a blocking GC Explicit
08-04 00:31:47.362 13560 13572 I art     : Explicit concurrent mark sweep GC freed 3(96B) AllocSpace objects, 0(0B) LOS objects, 34% free, 30MB/46MB, paused 311us total 13.275ms
08-04 00:31:47.669 13560 21229 I art     : Starting a blocking GC Explicit
08-04 00:31:47.686 13560 21229 I art     : Explicit concurrent mark sweep GC freed 1389(80KB) AllocSpace objects, 1(20KB) LOS objects, 34% free, 30MB/46MB, paused 414us total 17.394ms
08-04 00:31:47.693 13560 21229 I art     : Starting a blocking GC Explicit
08-04 00:31:47.708 13560 21229 I art     : Explicit concurrent mark sweep GC freed 20(704B) AllocSpace objects, 0(0B) LOS objects, 34% free, 30MB/46MB, paused 327us total 15.135ms
08-04 00:31:47.714 13560 21229 I art     : Starting a blocking GC Explicit
08-04 00:31:47.729 13560 21229 I art     : Explicit concurrent mark sweep GC freed 3(96B) AllocSpace objects, 0(0B) LOS objects, 34% free, 30MB/46MB, paused 327us total 14.574ms
08-04 00:31:47.735 13560 21229 I art     : Starting a blocking GC Explicit
08-04 00:31:47.750 13560 21229 I art     : Explicit concurrent mark sweep GC freed 3(96B) AllocSpace objects, 0(0B) LOS objects, 34% free, 30MB/46MB, paused 317us total 14.658ms
08-04 00:31:47.756 13560 21229 I art     : Starting a blocking GC Explicit
08-04 00:31:47.772 13560 21229 I art     : Explicit concurrent mark sweep GC freed 3(96B) AllocSpace objects, 0(0B) LOS objects, 34% free, 30MB/46MB, paused 323us total 15.016ms
08-04 00:31:48.086 13560 13571 I art     : Starting a blocking GC Explicit
08-04 00:31:48.105 13560 13571 I art     : Explicit concurrent mark sweep GC freed 1388(80KB) AllocSpace objects, 1(20KB) LOS objects, 34% free, 30MB/46MB, paused 360us total 18.183ms
08-04 00:31:48.114 13560 13571 I art     : Starting a blocking GC Explicit
08-04 00:31:48.129 13560 13571 I art     : Explicit concurrent mark sweep GC freed 20(704B) AllocSpace objects, 0(0B) LOS objects, 34% free, 30MB/46MB, paused 362us total 14.606ms
08-04 00:31:48.135 13560 13571 I art     : Starting a blocking GC Explicit
08-04 00:31:48.150 13560 13571 I art     : Explicit concurrent mark sweep GC freed 3(96B) AllocSpace objects, 0(0B) LOS objects, 34% free, 30MB/46MB, paused 313us total 14.528ms
08-04 00:31:48.156 13560 13571 I art     : Starting a blocking GC Explicit
08-04 00:31:48.171 13560 13571 I art     : Explicit concurrent mark sweep GC freed 3(96B) AllocSpace objects, 0(0B) LOS objects, 34% free, 30MB/46MB, paused 328us total 14.422ms
08-04 00:31:48.177 13560 13571 I art     : Starting a blocking GC Explicit
08-04 00:31:48.192 13560 13571 I art     : Explicit concurrent mark sweep GC freed 3(96B) AllocSpace objects, 0(0B) LOS objects, 34% free, 30MB/46MB, paused 328us total 14.427ms
08-04 00:31:48.506 13560 13572 I art     : Starting a blocking GC Explicit
08-04 00:31:48.525 13560 13572 I art     : Explicit concurrent mark sweep GC freed 1388(80KB) AllocSpace objects, 1(20KB) LOS objects, 34% free, 30MB/46MB, paused 368us total 18.725ms
08-04 00:31:48.536 13560 13572 I art     : Starting a blocking GC Explicit
08-04 00:31:48.551 13560 13572 I art     : Explicit concurrent mark sweep GC freed 20(704B) AllocSpace objects, 0(0B) LOS objects, 34% free, 30MB/46MB, paused 329us total 14.691ms
08-04 00:31:48.557 13560 13572 I art     : Starting a blocking GC Explicit
08-04 00:31:48.571 13560 13572 I art     : Explicit concurrent mark sweep GC freed 3(96B) AllocSpace objects, 0(0B) LOS objects, 34% free, 30MB/46MB, paused 319us total 14.139ms
08-04 00:31:48.578 13560 13572 I art     : Starting a blocking GC Explicit
08-04 00:31:48.592 13560 13572 I art     : Explicit concurrent mark sweep GC freed 3(96B) AllocSpace objects, 0(0B) LOS objects, 34% free, 30MB/46MB, paused 308us total 14.356ms
08-04 00:31:48.598 13560 13572 I art     : Starting a blocking GC Explicit
08-04 00:31:48.613 13560 13572 I art     : Explicit concurrent mark sweep GC freed 3(96B) AllocSpace objects, 0(0B) LOS objects, 34% free, 30MB/46MB, paused 309us total 14.571ms
08-04 00:31:48.876 13560 21229 I art     : Starting a blocking GC Explicit
08-04 00:31:48.894 13560 21229 I art     : Explicit concurrent mark sweep GC freed 1389(80KB) AllocSpace objects, 1(20KB) LOS objects, 34% free, 30MB/46MB, paused 358us total 17.554ms
08-04 00:31:48.904 13560 21229 I art     : Starting a blocking GC Explicit
08-04 00:31:48.919 13560 21229 I art     : Explicit concurrent mark sweep GC freed 20(704B) AllocSpace objects, 0(0B) LOS objects, 34% free, 30MB/46MB, paused 315us total 14.425ms
08-04 00:31:48.925 13560 21229 I art     : Starting a blocking GC Explicit
08-04 00:31:48.940 13560 21229 I art     : Explicit concurrent mark sweep GC freed 3(96B) AllocSpace objects, 0(0B) LOS objects, 34% free, 30MB/46MB, paused 320us total 14.449ms
08-04 00:31:48.946 13560 21229 I art     : Starting a blocking GC Explicit
08-04 00:31:48.960 13560 21229 I art     : Explicit concurrent mark sweep GC freed 3(96B) AllocSpace objects, 0(0B) LOS objects, 34% free, 30MB/46MB, paused 324us total 14.252ms
08-04 00:31:48.967 13560 21229 I art     : Starting a blocking GC Explicit
08-04 00:31:48.982 13560 21229 I art     : Explicit concurrent mark sweep GC freed 3(96B) AllocSpace objects, 0(0B) LOS objects, 34% free, 30MB/46MB, paused 317us total 14.540ms
08-04 00:31:49.297 13560 13571 I art     : Starting a blocking GC Explicit
08-04 00:31:49.315 13560 13571 I art     : Explicit concurrent mark sweep GC freed 1388(80KB) AllocSpace objects, 1(20KB) LOS objects, 34% free, 30MB/46MB, paused 333us total 17.506ms
08-04 00:31:49.321 13560 13571 I art     : Starting a blocking GC Explicit
08-04 00:31:49.337 13560 13571 I art     : Explicit concurrent mark sweep GC freed 20(720B) AllocSpace objects, 0(0B) LOS objects, 34% free, 30MB/46MB, paused 361us total 14.964ms
08-04 00:31:49.343 13560 13571 I art     : Starting a blocking GC Explicit
08-04 00:31:49.358 13560 13571 I art     : Explicit concurrent mark sweep GC freed 3(96B) AllocSpace objects, 0(0B) LOS objects, 34% free, 30MB/46MB, paused 319us total 14.627ms
08-04 00:31:49.364 13560 13571 I art     : Starting a blocking GC Explicit
08-04 00:31:49.378 13560 13571 I art     : Explicit concurrent mark sweep GC freed 3(96B) AllocSpace objects, 0(0B) LOS objects, 34% free, 30MB/46MB, paused 315us total 14.265ms
08-04 00:31:49.384 13560 13571 I art     : Starting a blocking GC Explicit
08-04 00:31:49.400 13560 13571 I art     : Explicit concurrent mark sweep GC freed 3(96B) AllocSpace objects, 0(0B) LOS objects, 34% free, 30MB/46MB, paused 325us total 14.972ms
08-04 00:31:49.686 13560 13572 I art     : Starting a blocking GC Explicit
08-04 00:31:49.703 13560 13572 I art     : Explicit concurrent mark sweep GC freed 1388(80KB) AllocSpace objects, 1(20KB) LOS objects, 34% free, 30MB/46MB, paused 363us total 17.113ms
08-04 00:31:49.713 13560 13572 I art     : Starting a blocking GC Explicit
08-04 00:31:49.728 13560 13572 I art     : Explicit concurrent mark sweep GC freed 20(704B) AllocSpace objects, 0(0B) LOS objects, 34% free, 30MB/46MB, paused 333us total 14.876ms
08-04 00:31:49.734 13560 13572 I art     : Starting a blocking GC Explicit
08-04 00:31:49.749 13560 13572 I art     : Explicit concurrent mark sweep GC freed 3(96B) AllocSpace objects, 0(0B) LOS objects, 34% free, 30MB/46MB, paused 313us total 14.925ms
08-04 00:31:49.756 13560 13572 I art     : Starting a blocking GC Explicit
08-04 00:31:49.771 13560 13572 I art     : Explicit concurrent mark sweep GC freed 3(96B) AllocSpace objects, 0(0B) LOS objects, 34% free, 30MB/46MB, paused 311us total 15.049ms
08-04 00:31:49.777 13560 13572 I art     : Starting a blocking GC Explicit
08-04 00:31:49.792 13560 13572 I art     : Explicit concurrent mark sweep GC freed 3(96B) AllocSpace objects, 0(0B) LOS objects, 34% free, 30MB/46MB, paused 296us total 14.890ms
08-04 00:31:50.086 13560 21229 I art     : Starting a blocking GC Explicit
08-04 00:31:50.103 13560 21229 I art     : Explicit concurrent mark sweep GC freed 1388(80KB) AllocSpace objects, 1(20KB) LOS objects, 34% free, 30MB/46MB, paused 356us total 16.936ms
08-04 00:31:50.110 13560 21229 I art     : Starting a blocking GC Explicit
08-04 00:31:50.126 13560 21229 I art     : Explicit concurrent mark sweep GC freed 20(704B) AllocSpace objects, 0(0B) LOS objects, 34% free, 30MB/46MB, paused 317us total 15.580ms
08-04 00:31:50.132 13560 21229 I art     : Starting a blocking GC Explicit
08-04 00:31:50.147 13560 21229 I art     : Explicit concurrent mark sweep GC freed 3(96B) AllocSpace objects, 0(0B) LOS objects, 34% free, 30MB/46MB, paused 337us total 14.905ms
08-04 00:31:50.154 13560 21229 I art     : Starting a blocking GC Explicit
08-04 00:31:50.169 13560 21229 I art     : Explicit concurrent mark sweep GC freed 3(96B) AllocSpace objects, 0(0B) LOS objects, 34% free, 30MB/46MB, paused 322us total 15.023ms
08-04 00:31:50.175 13560 21229 I art     : Starting a blocking GC Explicit
08-04 00:31:50.190 13560 21229 I art     : Explicit concurrent mark sweep GC freed 3(96B) AllocSpace objects, 0(0B) LOS objects, 34% free, 30MB/46MB, paused 327us total 14.743ms
08-04 00:31:50.467 13560 13571 I art     : Starting a blocking GC Explicit
08-04 00:31:50.483 13560 13571 I art     : Explicit concurrent mark sweep GC freed 1388(80KB) AllocSpace objects, 1(20KB) LOS objects, 34% free, 30MB/46MB, paused 327us total 16.084ms
08-04 00:31:50.490 13560 13571 I art     : Starting a blocking GC Explicit
08-04 00:31:50.505 13560 13571 I art     : Explicit concurrent mark sweep GC freed 20(704B) AllocSpace objects, 0(0B) LOS objects, 34% free, 30MB/46MB, paused 337us total 15.509ms
08-04 00:31:50.513 13560 13571 I art     : Starting a blocking GC Explicit
08-04 00:31:50.527 13560 13571 I art     : Explicit concurrent mark sweep GC freed 3(96B) AllocSpace objects, 0(0B) LOS objects, 34% free, 30MB/46MB, paused 324us total 14.793ms
08-04 00:31:50.534 13560 13571 I art     : Starting a blocking GC Explicit
08-04 00:31:50.549 13560 13571 I art     : Explicit concurrent mark sweep GC freed 3(96B) AllocSpace objects, 0(0B) LOS objects, 34% free, 30MB/46MB, paused 324us total 14.740ms
08-04 00:31:50.555 13560 13571 I art     : Starting a blocking GC Explicit
08-04 00:31:50.570 13560 13571 I art     : Explicit concurrent mark sweep GC freed 3(96B) AllocSpace objects, 0(0B) LOS objects, 34% free, 30MB/46MB, paused 324us total 14.543ms
08-04 00:31:50.869 13560 13572 I art     : Starting a blocking GC Explicit
08-04 00:31:50.888 13560 13572 I art     : Explicit concurrent mark sweep GC freed 1388(80KB) AllocSpace objects, 1(20KB) LOS objects, 34% free, 30MB/46MB, paused 329us total 18.001ms
08-04 00:31:50.894 13560 13572 I art     : Starting a blocking GC Explicit
08-04 00:31:50.909 13560 13572 I art     : Explicit concurrent mark sweep GC freed 20(704B) AllocSpace objects, 0(0B) LOS objects, 34% free, 30MB/46MB, paused 316us total 14.502ms
08-04 00:31:50.915 13560 13572 I art     : Starting a blocking GC Explicit
08-04 00:31:50.930 13560 13572 I art     : Explicit concurrent mark sweep GC freed 3(96B) AllocSpace objects, 0(0B) LOS objects, 34% free, 30MB/46MB, paused 317us total 14.380ms
08-04 00:31:50.936 13560 13572 I art     : Starting a blocking GC Explicit
08-04 00:31:50.950 13560 13572 I art     : Explicit concurrent mark sweep GC freed 3(96B) AllocSpace objects, 0(0B) LOS objects, 34% free, 30MB/46MB, paused 314us total 14.518ms
08-04 00:31:50.957 13560 13572 I art     : Starting a blocking GC Explicit
08-04 00:31:50.971 13560 13572 I art     : Explicit concurrent mark sweep GC freed 3(96B) AllocSpace objects, 0(0B) LOS objects, 34% free, 30MB/46MB, paused 348us total 14.397ms
08-04 00:31:51.289 13560 21229 I art     : Starting a blocking GC Explicit
08-04 00:31:51.308 13560 21229 I art     : Explicit concurrent mark sweep GC freed 1388(80KB) AllocSpace objects, 1(20KB) LOS objects, 34% free, 30MB/46MB, paused 373us total 18.640ms
08-04 00:31:51.318 13560 21229 I art     : Starting a blocking GC Explicit
08-04 00:31:51.332 13560 21229 I art     : Explicit concurrent mark sweep GC freed 20(704B) AllocSpace objects, 0(0B) LOS objects, 34% free, 30MB/46MB, paused 316us total 14.349ms
08-04 00:31:51.339 13560 21229 I art     : Starting a blocking GC Explicit
08-04 00:31:51.353 13560 21229 I art     : Explicit concurrent mark sweep GC freed 3(96B) AllocSpace objects, 0(0B) LOS objects, 34% free, 30MB/46MB, paused 318us total 14.524ms
08-04 00:31:51.360 13560 21229 I art     : Starting a blocking GC Explicit
08-04 00:31:51.374 13560 21229 I art     : Explicit concurrent mark sweep GC freed 3(96B) AllocSpace objects, 0(0B) LOS objects, 34% free, 30MB/46MB, paused 312us total 14.473ms
08-04 00:31:51.381 13560 21229 I art     : Starting a blocking GC Explicit
08-04 00:31:51.395 13560 21229 I art     : Explicit concurrent mark sweep GC freed 3(96B) AllocSpace objects, 0(0B) LOS objects, 34% free, 30MB/46MB, paused 295us total 14.224ms
08-04 00:31:51.708 13560 13571 I art     : Starting a blocking GC Explicit
08-04 00:31:51.727 13560 13571 I art     : Explicit concurrent mark sweep GC freed 1388(80KB) AllocSpace objects, 1(20KB) LOS objects, 34% free, 30MB/46MB, paused 351us total 18.585ms
08-04 00:31:51.736 13560 13571 I art     : Starting a blocking GC Explicit
08-04 00:31:51.751 13560 13571 I art     : Explicit concurrent mark sweep GC freed 20(704B) AllocSpace objects, 0(0B) LOS objects, 34% free, 30MB/46MB, paused 333us total 15.201ms
08-04 00:31:51.758 13560 13571 I art     : Starting a blocking GC Explicit
08-04 00:31:51.774 13560 13571 I art     : Explicit concurrent mark sweep GC freed 3(96B) AllocSpace objects, 0(0B) LOS objects, 34% free, 30MB/46MB, paused 365us total 15.403ms
08-04 00:31:51.780 13560 13571 I art     : Starting a blocking GC Explicit
08-04 00:31:51.795 13560 13571 I art     : Explicit concurrent mark sweep GC freed 3(96B) AllocSpace objects, 0(0B) LOS objects, 34% free, 30MB/46MB, paused 319us total 14.824ms
08-04 00:31:51.802 13560 13571 I art     : Starting a blocking GC Explicit
08-04 00:31:51.817 13560 13571 I art     : Explicit concurrent mark sweep GC freed 3(96B) AllocSpace objects, 0(0B) LOS objects, 34% free, 30MB/46MB, paused 396us total 15.020ms
08-04 00:31:52.134 13560 13572 I art     : Starting a blocking GC Explicit
08-04 00:31:52.153 13560 13572 I art     : Explicit concurrent mark sweep GC freed 1388(80KB) AllocSpace objects, 1(20KB) LOS objects, 34% free, 30MB/46MB, paused 355us total 18.781ms
08-04 00:31:52.164 13560 13572 I art     : Starting a blocking GC Explicit
08-04 00:31:52.179 13560 13572 I art     : Explicit concurrent mark sweep GC freed 20(704B) AllocSpace objects, 0(0B) LOS objects, 34% free, 30MB/46MB, paused 318us total 14.854ms
08-04 00:31:52.185 13560 13572 I art     : Starting a blocking GC Explicit
08-04 00:31:52.200 13560 13572 I art     : Explicit concurrent mark sweep GC freed 3(96B) AllocSpace objects, 0(0B) LOS objects, 34% free, 30MB/46MB, paused 315us total 14.519ms
08-04 00:31:52.206 13560 13572 I art     : Starting a blocking GC Explicit
08-04 00:31:52.221 13560 13572 I art     : Explicit concurrent mark sweep GC freed 3(96B) AllocSpace objects, 0(0B) LOS objects, 34% free, 30MB/46MB, paused 319us total 14.572ms
08-04 00:31:52.227 13560 13572 I art     : Starting a blocking GC Explicit
08-04 00:31:52.242 13560 13572 I art     : Explicit concurrent mark sweep GC freed 3(96B) AllocSpace objects, 0(0B) LOS objects, 34% free, 30MB/46MB, paused 332us total 14.457ms
08-04 00:31:52.573 13560 21229 I art     : Starting a blocking GC Explicit
08-04 00:31:52.592 13560 21229 I art     : Explicit concurrent mark sweep GC freed 1388(80KB) AllocSpace objects, 1(20KB) LOS objects, 34% free, 30MB/46MB, paused 374us total 19.146ms
08-04 00:31:52.602 13560 21229 I art     : Starting a blocking GC Explicit
08-04 00:31:52.616 13560 21229 I art     : Explicit concurrent mark sweep GC freed 20(704B) AllocSpace objects, 0(0B) LOS objects, 34% free, 30MB/46MB, paused 323us total 14.701ms
08-04 00:31:52.623 13560 21229 I art     : Starting a blocking GC Explicit
08-04 00:31:52.637 13560 21229 I art     : Explicit concurrent mark sweep GC freed 3(96B) AllocSpace objects, 0(0B) LOS objects, 34% free, 30MB/46MB, paused 332us total 14.459ms
08-04 00:31:52.644 13560 21229 I art     : Starting a blocking GC Explicit
08-04 00:31:52.658 13560 21229 I art     : Explicit concurrent mark sweep GC freed 3(96B) AllocSpace objects, 0(0B) LOS objects, 34% free, 30MB/46MB, paused 336us total 14.467ms
08-04 00:31:52.664 13560 21229 I art     : Starting a blocking GC Explicit
08-04 00:31:52.679 13560 21229 I art     : Explicit concurrent mark sweep GC freed 3(96B) AllocSpace objects, 0(0B) LOS objects, 34% free, 30MB/46MB, paused 310us total 14.336ms
08-04 00:31:53.001 13560 13571 I art     : Starting a blocking GC Explicit
08-04 00:31:53.019 13560 13571 I art     : Explicit concurrent mark sweep GC freed 1388(80KB) AllocSpace objects, 1(20KB) LOS objects, 34% free, 30MB/46MB, paused 359us total 18.277ms
08-04 00:31:53.026 13560 13571 I art     : Starting a blocking GC Explicit
08-04 00:31:53.042 13560 13571 I art     : Explicit concurrent mark sweep GC freed 20(704B) AllocSpace objects, 0(0B) LOS objects, 34% free, 30MB/46MB, paused 355us total 15.234ms
08-04 00:31:53.049 13560 13571 I art     : Starting a blocking GC Explicit
08-04 00:31:53.063 13560 13571 I art     : Explicit concurrent mark sweep GC freed 3(96B) AllocSpace objects, 0(0B) LOS objects, 34% free, 30MB/46MB, paused 317us total 14.449ms
08-04 00:31:53.070 13560 13571 I art     : Starting a blocking GC Explicit
08-04 00:31:53.084 13560 13571 I art     : Explicit concurrent mark sweep GC freed 3(96B) AllocSpace objects, 0(0B) LOS objects, 34% free, 30MB/46MB, paused 316us total 14.472ms
08-04 00:31:53.091 13560 13571 I art     : Starting a blocking GC Explicit
08-04 00:31:53.106 13560 13571 I art     : Explicit concurrent mark sweep GC freed 3(96B) AllocSpace objects, 0(0B) LOS objects, 34% free, 30MB/46MB, paused 320us total 14.972ms
08-04 00:31:53.428 13560 13572 I art     : Starting a blocking GC Explicit
08-04 00:31:53.446 13560 13572 I art     : Explicit concurrent mark sweep GC freed 1388(80KB) AllocSpace objects, 1(20KB) LOS objects, 34% free, 30MB/46MB, paused 353us total 18.497ms
08-04 00:31:53.455 13560 13572 I art     : Starting a blocking GC Explicit
08-04 00:31:53.470 13560 13572 I art     : Explicit concurrent mark sweep GC freed 20(704B) AllocSpace objects, 0(0B) LOS objects, 34% free, 30MB/46MB, paused 325us total 14.618ms
08-04 00:31:53.476 13560 13572 I art     : Starting a blocking GC Explicit
08-04 00:31:53.491 13560 13572 I art     : Explicit concurrent mark sweep GC freed 3(96B) AllocSpace objects, 0(0B) LOS objects, 34% free, 30MB/46MB, paused 321us total 14.668ms
08-04 00:31:53.498 13560 13572 I art     : Starting a blocking GC Explicit
08-04 00:31:53.512 13560 13572 I art     : Explicit concurrent mark sweep GC freed 3(96B) AllocSpace objects, 0(0B) LOS objects, 34% free, 30MB/46MB, paused 320us total 14.582ms
08-04 00:31:53.519 13560 13572 I art     : Starting a blocking GC Explicit
08-04 00:31:53.533 13560 13572 I art     : Explicit concurrent mark sweep GC freed 3(96B) AllocSpace objects, 0(0B) LOS objects, 34% free, 30MB/46MB, paused 312us total 14.290ms
08-04 00:31:53.834 13560 21229 I art     : Starting a blocking GC Explicit
08-04 00:31:53.853 13560 21229 I art     : Explicit concurrent mark sweep GC freed 1388(80KB) AllocSpace objects, 1(20KB) LOS objects, 34% free, 30MB/46MB, paused 348us total 18.575ms
08-04 00:31:53.864 13560 21229 I art     : Starting a blocking GC Explicit
08-04 00:31:53.879 13560 21229 I art     : Explicit concurrent mark sweep GC freed 20(704B) AllocSpace objects, 0(0B) LOS objects, 34% free, 30MB/46MB, paused 321us total 14.609ms
08-04 00:31:53.885 13560 21229 I art     : Starting a blocking GC Explicit
08-04 00:31:53.900 13560 21229 I art     : Explicit concurrent mark sweep GC freed 3(96B) AllocSpace objects, 0(0B) LOS objects, 34% free, 30MB/46MB, paused 310us total 14.476ms
08-04 00:31:53.900 13560 13570 I art     : WaitForGcToComplete blocked for 5.481ms for cause HeapTrim
08-04 00:31:53.906 13560 21229 I art     : Starting a blocking GC Explicit
08-04 00:31:53.920 13560 21229 I art     : Explicit concurrent mark sweep GC freed 3(96B) AllocSpace objects, 0(0B) LOS objects, 34% free, 30MB/46MB, paused 323us total 14.485ms
08-04 00:31:53.927 13560 21229 I art     : Starting a blocking GC Explicit
08-04 00:31:53.941 13560 21229 I art     : Explicit concurrent mark sweep GC freed 3(96B) AllocSpace objects, 0(0B) LOS objects, 34% free, 30MB/46MB, paused 361us total 14.321ms
08-04 00:31:54.279 13560 13571 I art     : Starting a blocking GC Explicit
08-04 00:31:54.299 13560 13571 I art     : Explicit concurrent mark sweep GC freed 1388(80KB) AllocSpace objects, 1(20KB) LOS objects, 34% free, 30MB/46MB, paused 344us total 19.243ms
08-04 00:31:54.310 13560 13571 I art     : Starting a blocking GC Explicit
08-04 00:31:54.325 13560 13571 I art     : Explicit concurrent mark sweep GC freed 20(704B) AllocSpace objects, 0(0B) LOS objects, 34% free, 30MB/46MB, paused 323us total 14.898ms
08-04 00:31:54.331 13560 13571 I art     : Starting a blocking GC Explicit
08-04 00:31:54.346 13560 13571 I art     : Explicit concurrent mark sweep GC freed 3(96B) AllocSpace objects, 0(0B) LOS objects, 34% free, 30MB/46MB, paused 317us total 14.432ms
08-04 00:31:54.352 13560 13571 I art     : Starting a blocking GC Explicit
08-04 00:31:54.367 13560 13571 I art     : Explicit concurrent mark sweep GC freed 3(96B) AllocSpace objects, 0(0B) LOS objects, 34% free, 30MB/46MB, paused 388us total 14.457ms
08-04 00:31:54.373 13560 13571 I art     : Starting a blocking GC Explicit
08-04 00:31:54.388 13560 13571 I art     : Explicit concurrent mark sweep GC freed 3(96B) AllocSpace objects, 0(0B) LOS objects, 34% free, 30MB/46MB, paused 309us total 14.417ms
08-04 00:31:54.707 13560 13572 I art     : Starting a blocking GC Explicit
08-04 00:31:54.726 13560 13572 I art     : Explicit concurrent mark sweep GC freed 1388(80KB) AllocSpace objects, 1(20KB) LOS objects, 34% free, 30MB/46MB, paused 332us total 19.407ms
08-04 00:31:54.733 13560 13572 I art     : Starting a blocking GC Explicit
08-04 00:31:54.748 13560 13572 I art     : Explicit concurrent mark sweep GC freed 20(704B) AllocSpace objects, 0(0B) LOS objects, 34% free, 30MB/46MB, paused 313us total 14.754ms
08-04 00:31:54.754 13560 13572 I art     : Starting a blocking GC Explicit
08-04 00:31:54.769 13560 13572 I art     : Explicit concurrent mark sweep GC freed 3(96B) AllocSpace objects, 0(0B) LOS objects, 34% free, 30MB/46MB, paused 321us total 14.587ms
08-04 00:31:54.775 13560 13572 I art     : Starting a blocking GC Explicit
08-04 00:31:54.790 13560 13572 I art     : Explicit concurrent mark sweep GC freed 3(96B) AllocSpace objects, 0(0B) LOS objects, 34% free, 30MB/46MB, paused 320us total 14.467ms
08-04 00:31:54.796 13560 13572 I art     : Starting a blocking GC Explicit
08-04 00:31:54.810 13560 13572 I art     : Explicit concurrent mark sweep GC freed 3(96B) AllocSpace objects, 0(0B) LOS objects, 34% free, 30MB/46MB, paused 327us total 14.529ms
08-04 00:31:55.112 13560 21229 I art     : Starting a blocking GC Explicit
08-04 00:31:55.129 13560 21229 I art     : Explicit concurrent mark sweep GC freed 1388(80KB) AllocSpace objects, 1(20KB) LOS objects, 34% free, 30MB/46MB, paused 352us total 17.045ms
08-04 00:31:55.136 13560 21229 I art     : Starting a blocking GC Explicit
08-04 00:31:55.151 13560 21229 I art     : Explicit concurrent mark sweep GC freed 20(704B) AllocSpace objects, 0(0B) LOS objects, 34% free, 30MB/46MB, paused 318us total 14.924ms
08-04 00:31:55.157 13560 21229 I art     : Starting a blocking GC Explicit
08-04 00:31:55.172 13560 21229 I art     : Explicit concurrent mark sweep GC freed 3(96B) AllocSpace objects, 0(0B) LOS objects, 34% free, 30MB/46MB, paused 312us total 14.865ms
08-04 00:31:55.179 13560 21229 I art     : Starting a blocking GC Explicit
08-04 00:31:55.194 13560 21229 I art     : Explicit concurrent mark sweep GC freed 3(96B) AllocSpace objects, 0(0B) LOS objects, 34% free, 30MB/46MB, paused 320us total 14.935ms
08-04 00:31:55.200 13560 21229 I art     : Starting a blocking GC Explicit
08-04 00:31:55.215 13560 21229 I art     : Explicit concurrent mark sweep GC freed 3(96B) AllocSpace objects, 0(0B) LOS objects, 34% free, 30MB/46MB, paused 314us total 14.832ms
08-04 00:31:55.518 13560 13571 I art     : Starting a blocking GC Explicit
08-04 00:31:55.536 13560 13571 I art     : Explicit concurrent mark sweep GC freed 1388(80KB) AllocSpace objects, 1(20KB) LOS objects, 34% free, 30MB/46MB, paused 349us total 17.245ms
08-04 00:31:55.547 13560 13571 I art     : Starting a blocking GC Explicit
08-04 00:31:55.562 13560 13571 I art     : Explicit concurrent mark sweep GC freed 20(704B) AllocSpace objects, 0(0B) LOS objects, 34% free, 30MB/46MB, paused 337us total 14.663ms
08-04 00:31:55.568 13560 13571 I art     : Starting a blocking GC Explicit
08-04 00:31:55.582 13560 13571 I art     : Explicit concurrent mark sweep GC freed 3(96B) AllocSpace objects, 0(0B) LOS objects, 34% free, 30MB/46MB, paused 305us total 14.163ms
08-04 00:31:55.589 13560 13571 I art     : Starting a blocking GC Explicit
08-04 00:31:55.603 13560 13571 I art     : Explicit concurrent mark sweep GC freed 3(96B) AllocSpace objects, 0(0B) LOS objects, 34% free, 30MB/46MB, paused 308us total 14.018ms
08-04 00:31:55.609 13560 13571 I art     : Starting a blocking GC Explicit
08-04 00:31:55.623 13560 13571 I art     : Explicit concurrent mark sweep GC freed 3(96B) AllocSpace objects, 0(0B) LOS objects, 34% free, 30MB/46MB, paused 323us total 13.814ms
08-04 00:31:55.865 13560 13572 I art     : Starting a blocking GC Explicit
08-04 00:31:55.880 13560 13572 I art     : Explicit concurrent mark sweep GC freed 1388(80KB) AllocSpace objects, 1(20KB) LOS objects, 34% free, 30MB/46MB, paused 326us total 15.017ms
08-04 00:31:55.887 13560 13572 I art     : Starting a blocking GC Explicit
08-04 00:31:55.901 13560 13572 I art     : Explicit concurrent mark sweep GC freed 20(704B) AllocSpace objects, 0(0B) LOS objects, 34% free, 30MB/46MB, paused 323us total 14.589ms
08-04 00:31:55.908 13560 13572 I art     : Starting a blocking GC Explicit
08-04 00:31:55.923 13560 13572 I art     : Explicit concurrent mark sweep GC freed 3(96B) AllocSpace objects, 0(0B) LOS objects, 34% free, 30MB/46MB, paused 314us total 14.460ms
08-04 00:31:55.929 13560 13572 I art     : Starting a blocking GC Explicit
08-04 00:31:55.939 21561 21561 D AndroidRuntime: >>>>>> START com.android.internal.os.RuntimeInit uid 2000 <<<<<<
08-04 00:31:55.942 21561 21561 D AndroidRuntime: CheckJNI is OFF
08-04 00:31:55.943 13560 13572 I art     : Explicit concurrent mark sweep GC freed 3(96B) AllocSpace objects, 0(0B) LOS objects, 34% free, 30MB/46MB, paused 329us total 13.994ms
08-04 00:31:55.949 13560 13572 I art     : Starting a blocking GC Explicit
08-04 00:31:55.962 13560 13572 I art     : Explicit concurrent mark sweep GC freed 3(96B) AllocSpace objects, 0(0B) LOS objects, 34% free, 30MB/46MB, paused 358us total 13.226ms
08-04 00:31:55.969 21561 21561 D ICU     : No timezone override file found: /data/misc/zoneinfo/current/icu/icu_tzdata.dat
08-04 00:31:55.993 21561 21561 I Radio-JNI: register_android_hardware_Radio DONE
08-04 00:31:56.008 21561 21561 D AndroidRuntime: Calling main entry com.android.commands.input.Input
08-04 00:31:56.010 21561 21561 I Input   : injectMotionEvent: MotionEvent { action=ACTION_DOWN, actionButton=0, id[0]=0, x[0]=436.0, y[0]=453.0, toolType[0]=TOOL_TYPE_UNKNOWN, buttonState=0, metaState=0, flags=0x0, edgeFlags=0x0, pointerCount=1, historySize=0, eventTime=664332423, downTime=664332423, deviceId=0, source=0x1002 }
08-04 00:31:56.015 21561 21561 I Input   : injectMotionEvent: MotionEvent { action=ACTION_UP, actionButton=0, id[0]=0, x[0]=436.0, y[0]=453.0, toolType[0]=TOOL_TYPE_UNKNOWN, buttonState=0, metaState=0, flags=0x0, edgeFlags=0x0, pointerCount=1, historySize=0, eventTime=664332423, downTime=664332423, deviceId=0, source=0x1002 }
08-04 00:31:56.017 21561 21561 D AndroidRuntime: Shutting down VM
08-04 00:31:56.031   918   928 I ActivityManager: START u0 {cmp=baseline.com.newsblur/.activity.GlobalSharedStoriesReading (has extras)} from uid 10652 on display 0
08-04 00:31:56.033   512  2967 D audio_hw_primary: out_set_parameters: enter: usecase(1: low-latency-playback) kvpairs: routing=2
08-04 00:31:56.046   512  2967 D audio_hw_primary: select_devices: out_snd_device(2: speaker) in_snd_device(0: none)
08-04 00:31:56.046   512  2967 D msm8974_platform: platform_send_audio_calibration: sending audio calibration for snd_device(2) acdb_id(15)
08-04 00:31:56.046   512  2967 I soundtrigger: audio_extn_sound_trigger_update_device_status: device 0x2 of type 0 for Event 1
08-04 00:31:56.056   512  2967 D audio_hw_primary: enable_snd_device: snd_device(2: speaker)
08-04 00:31:56.058   512  2967 D audio_hw_primary: enable_audio_route: apply and update mixer path: low-latency-playback speaker
08-04 00:31:56.182 13560 13571 I art     : Starting a blocking GC Explicit
08-04 00:31:56.200 13560 13571 I art     : Explicit concurrent mark sweep GC freed 3366(325KB) AllocSpace objects, 7(568KB) LOS objects, 32% free, 33MB/49MB, paused 701us total 17.888ms
08-04 00:31:56.207 13560 13571 I art     : Starting a blocking GC Explicit
08-04 00:31:56.226 13560 13571 I art     : Explicit concurrent mark sweep GC freed 661(36KB) AllocSpace objects, 0(0B) LOS objects, 32% free, 33MB/49MB, paused 373us total 18.389ms
08-04 00:31:56.231   918   936 I ActivityManager: Displayed baseline.com.newsblur/.activity.GlobalSharedStoriesReading: +189ms
08-04 00:31:56.231 13866 13866 I GoogleInputMethodServic: GoogleInputMethodService.onFinishInput():3138 
08-04 00:31:56.232 13866 13866 I GoogleInputMethodServic: GoogleInputMethodService.onStartInput():1808 
08-04 00:31:56.234 13560 13571 I art     : Starting a blocking GC Explicit
08-04 00:31:56.244 13560 13560 I WebViewFactory: Loading com.google.android.webview version 84.0.4147.89 (code 414708953)
08-04 00:31:56.250 13560 13571 I art     : Explicit concurrent mark sweep GC freed 315(54KB) AllocSpace objects, 0(0B) LOS objects, 32% free, 33MB/49MB, paused 642us total 15.366ms
08-04 00:31:56.257 13560 13571 I art     : Starting a blocking GC Explicit
08-04 00:31:56.274 13560 13571 I art     : Explicit concurrent mark sweep GC freed 55(26KB) AllocSpace objects, 0(0B) LOS objects, 32% free, 33MB/49MB, paused 447us total 16.273ms
08-04 00:31:56.280 13560 13571 I art     : Starting a blocking GC Explicit
08-04 00:31:56.298 13560 13571 I art     : Explicit concurrent mark sweep GC freed 3252(267KB) AllocSpace objects, 0(0B) LOS objects, 31% free, 34MB/50MB, paused 622us total 17.253ms
08-04 00:31:56.310 13560 13560 I cr_LibraryLoader: Loaded native library version number "84.0.4147.89"
08-04 00:31:56.311 13560 13560 I cr_CachingUmaRecorder: Flushed 5 samples from 5 histograms.
08-04 00:31:56.336 13560 13560 E chromium: [ERROR:filesystem_posix.cc(62)] mkdir /data/user/0/baseline.com.newsblur/cache/WebView/Crashpad: No such file or directory (2)
08-04 00:31:56.395   918  5132 D ConnectivityService: listenForNetwork for Listen from uid/pid:10652/13560 for NetworkRequest [ id=2468, legacyType=-1, [ Capabilities: INTERNET&NOT_RESTRICTED&TRUSTED] ]
08-04 00:31:56.497 13560 21613 W cr_media: Requires BLUETOOTH permission
08-04 00:31:56.517 13560 21638 E libEGL  : validate_display:255 error 3008 (EGL_BAD_DISPLAY)
08-04 00:31:56.568 13560 21596 I art     : Starting a blocking GC Explicit
08-04 00:31:56.593 13560 21596 I art     : Explicit concurrent mark sweep GC freed 17465(1160KB) AllocSpace objects, 17(384KB) LOS objects, 30% free, 36MB/52MB, paused 967us total 24.075ms
08-04 00:31:56.599   512  2967 D audio_hw_primary: disable_audio_route: reset and update mixer path: low-latency-playback speaker
08-04 00:31:56.600   512  2967 D audio_hw_primary: disable_snd_device: snd_device(2: speaker)
08-04 00:31:56.605 13560 21596 I art     : Starting a blocking GC Explicit
08-04 00:31:56.608   512  2967 I soundtrigger: audio_extn_sound_trigger_update_device_status: device 0x2 of type 0 for Event 0
08-04 00:31:56.631 13560 21596 I art     : Explicit concurrent mark sweep GC freed 5337(317KB) AllocSpace objects, 4(80KB) LOS objects, 30% free, 36MB/52MB, paused 1.494ms total 25.495ms
08-04 00:31:56.653 13560 21596 I art     : Starting a blocking GC Explicit
08-04 00:31:56.674 13560 21596 I art     : Explicit concurrent mark sweep GC freed 4847(290KB) AllocSpace objects, 3(76KB) LOS objects, 30% free, 36MB/52MB, paused 731us total 21.214ms
08-04 00:31:56.681 13560 21596 I art     : Starting a blocking GC Explicit
08-04 00:31:56.700 13560 21596 I art     : Explicit concurrent mark sweep GC freed 469(43KB) AllocSpace objects, 0(0B) LOS objects, 30% free, 36MB/52MB, paused 625us total 18.969ms
08-04 00:31:56.707 13560 21596 I art     : Starting a blocking GC Explicit
08-04 00:31:56.725 13560 21596 I art     : Explicit concurrent mark sweep GC freed 68(2352B) AllocSpace objects, 0(0B) LOS objects, 30% free, 36MB/52MB, paused 637us total 18.584ms
08-04 00:31:56.976 13560 13572 I art     : Starting a blocking GC Explicit
08-04 00:31:56.983 13560 21647 E baseline.com.newsblur.network.APIResponse: Error (unexpected end of stream on https://www.newsblur.com/...) calling https://www.newsblur.com/reader/mark_story_hashes_as_read/
08-04 00:31:56.983 13560 21647 E baseline.com.newsblur.network.APIResponse: java.io.IOException: unexpected end of stream on https://www.newsblur.com/...
08-04 00:31:56.983 13560 21647 E baseline.com.newsblur.network.APIResponse: 	at okhttp3.internal.http1.Http1ExchangeCodec.readResponseHeaders(Http1ExchangeCodec.java:236)
08-04 00:31:56.983 13560 21647 E baseline.com.newsblur.network.APIResponse: 	at okhttp3.internal.connection.Exchange.readResponseHeaders(Exchange.java:115)
08-04 00:31:56.983 13560 21647 E baseline.com.newsblur.network.APIResponse: 	at okhttp3.internal.http.CallServerInterceptor.intercept(CallServerInterceptor.java:94)
08-04 00:31:56.983 13560 21647 E baseline.com.newsblur.network.APIResponse: 	at okhttp3.internal.http.RealInterceptorChain.proceed(RealInterceptorChain.java:142)
08-04 00:31:56.983 13560 21647 E baseline.com.newsblur.network.APIResponse: 	at okhttp3.internal.connection.ConnectInterceptor.intercept(ConnectInterceptor.java:43)
08-04 00:31:56.983 13560 21647 E baseline.com.newsblur.network.APIResponse: 	at okhttp3.internal.http.RealInterceptorChain.proceed(RealInterceptorChain.java:142)
08-04 00:31:56.983 13560 21647 E baseline.com.newsblur.network.APIResponse: 	at okhttp3.internal.http.RealInterceptorChain.proceed(RealInterceptorChain.java:117)
08-04 00:31:56.983 13560 21647 E baseline.com.newsblur.network.APIResponse: 	at okhttp3.internal.cache.CacheInterceptor.intercept(CacheInterceptor.java:94)
08-04 00:31:56.983 13560 21647 E baseline.com.newsblur.network.APIResponse: 	at okhttp3.internal.http.RealInterceptorChain.proceed(RealInterceptorChain.java:142)
08-04 00:31:56.983 13560 21647 E baseline.com.newsblur.network.APIResponse: 	at okhttp3.internal.http.RealInterceptorChain.proceed(RealInterceptorChain.java:117)
08-04 00:31:56.983 13560 21647 E baseline.com.newsblur.network.APIResponse: 	at okhttp3.internal.http.BridgeInterceptor.intercept(BridgeInterceptor.java:93)
08-04 00:31:56.983 13560 21647 E baseline.com.newsblur.network.APIResponse: 	at okhttp3.internal.http.RealInterceptorChain.proceed(RealInterceptorChain.java:142)
08-04 00:31:56.983 13560 21647 E baseline.com.newsblur.network.APIResponse: 	at okhttp3.internal.http.RetryAndFollowUpInterceptor.intercept(RetryAndFollowUpInterceptor.java:88)
08-04 00:31:56.983 13560 21647 E baseline.com.newsblur.network.APIResponse: 	at okhttp3.internal.http.RealInterceptorChain.proceed(RealInterceptorChain.java:142)
08-04 00:31:56.983 13560 21647 E baseline.com.newsblur.network.APIResponse: 	at okhttp3.internal.http.RealInterceptorChain.proceed(RealInterceptorChain.java:117)
08-04 00:31:56.983 13560 21647 E baseline.com.newsblur.network.APIResponse: 	at okhttp3.RealCall.getResponseWithInterceptorChain(RealCall.java:229)
08-04 00:31:56.983 13560 21647 E baseline.com.newsblur.network.APIResponse: 	at okhttp3.RealCall.execute(RealCall.java:81)
08-04 00:31:56.983 13560 21647 E baseline.com.newsblur.network.APIResponse: 	at baseline.com.newsblur.network.APIResponse.<init>(APIResponse.java:57)
08-04 00:31:56.983 13560 21647 E baseline.com.newsblur.network.APIResponse: 	at baseline.com.newsblur.network.APIResponse.<init>(APIResponse.java:43)
08-04 00:31:56.983 13560 21647 E baseline.com.newsblur.network.APIResponse: 	at baseline.com.newsblur.network.APIManager.post_single(APIManager.java:702)
08-04 00:31:56.983 13560 21647 E baseline.com.newsblur.network.APIResponse: 	at baseline.com.newsblur.network.APIManager.post(APIManager.java:675)
08-04 00:31:56.983 13560 21647 E baseline.com.newsblur.network.APIResponse: 	at baseline.com.newsblur.network.APIManager.post(APIManager.java:714)
08-04 00:31:56.983 13560 21647 E baseline.com.newsblur.network.APIResponse: 	at baseline.com.newsblur.network.APIManager.markStoryAsRead(APIManager.java:205)
08-04 00:31:56.983 13560 21647 E baseline.com.newsblur.network.APIResponse: 	at baseline.com.newsblur.util.ReadingAction.doRemote(ReadingAction.java:281)
08-04 00:31:56.983 13560 21647 E baseline.com.newsblur.network.APIResponse: 	at baseline.com.newsblur.service.NBSyncService.syncActions(NBSyncService.java:400)
08-04 00:31:56.983 13560 21647 E baseline.com.newsblur.network.APIResponse: 	at baseline.com.newsblur.service.NBSyncService.doSync(NBSyncService.java:298)
08-04 00:31:56.983 13560 21647 E baseline.com.newsblur.network.APIResponse: 	at baseline.com.newsblur.service.NBSyncService.access$100(NBSyncService.java:67)
08-04 00:31:56.983 13560 21647 E baseline.com.newsblur.network.APIResponse: 	at baseline.com.newsblur.service.NBSyncService$1.run(NBSyncService.java:188)
08-04 00:31:56.983 13560 21647 E baseline.com.newsblur.network.APIResponse: 	at java.util.concurrent.ThreadPoolExecutor.runWorker(ThreadPoolExecutor.java:1113)
08-04 00:31:56.983 13560 21647 E baseline.com.newsblur.network.APIResponse: 	at java.util.concurrent.ThreadPoolExecutor$Worker.run(ThreadPoolExecutor.java:588)
08-04 00:31:56.983 13560 21647 E baseline.com.newsblur.network.APIResponse: 	at java.lang.Thread.run(Thread.java:818)
08-04 00:31:56.983 13560 21647 E baseline.com.newsblur.network.APIResponse: Caused by: java.io.EOFException: \n not found: limit=0 content=
08-04 00:31:56.983 13560 21647 E baseline.com.newsblur.network.APIResponse: 	at okio.RealBufferedSource.readUtf8LineStrict(RealBufferedSource.java:240)
08-04 00:31:56.983 13560 21647 E baseline.com.newsblur.network.APIResponse: 	at okhttp3.internal.http1.Http1ExchangeCodec.readHeaderLine(Http1ExchangeCodec.java:242)
08-04 00:31:56.983 13560 21647 E baseline.com.newsblur.network.APIResponse: 	at okhttp3.internal.http1.Http1ExchangeCodec.readResponseHeaders(Http1ExchangeCodec.java:213)
08-04 00:31:56.983 13560 21647 E baseline.com.newsblur.network.APIResponse: 	... 30 more
08-04 00:31:56.984 13560 21647 I baseline.com.newsblur.network.APIManager: API call failed, pausing before retry number 1
08-04 00:31:57.007 13560 13572 I art     : Explicit concurrent mark sweep GC freed 8306(570KB) AllocSpace objects, 6(260KB) LOS objects, 30% free, 36MB/52MB, paused 628us total 30.430ms
08-04 00:31:57.016 13560 13572 I art     : Starting a blocking GC Explicit
08-04 00:31:57.037 13560 13572 I art     : Explicit concurrent mark sweep GC freed 1490(154KB) AllocSpace objects, 0(0B) LOS objects, 30% free, 36MB/52MB, paused 618us total 20.631ms
08-04 00:31:57.044 13560 13572 I art     : Starting a blocking GC Explicit
08-04 00:31:57.065 13560 13572 I art     : Explicit concurrent mark sweep GC freed 25(832B) AllocSpace objects, 0(0B) LOS objects, 30% free, 36MB/52MB, paused 657us total 20.131ms
08-04 00:31:57.072 13560 13572 I art     : Starting a blocking GC Explicit
08-04 00:31:57.092 13560 13572 I art     : Explicit concurrent mark sweep GC freed 3(96B) AllocSpace objects, 0(0B) LOS objects, 30% free, 36MB/52MB, paused 610us total 19.934ms
08-04 00:31:57.099 13560 13572 I art     : Starting a blocking GC Explicit
08-04 00:31:57.119 13560 13572 I art     : Explicit concurrent mark sweep GC freed 3(96B) AllocSpace objects, 0(0B) LOS objects, 30% free, 36MB/52MB, paused 559us total 19.661ms
08-04 00:31:57.442 13560 21229 I art     : Starting a blocking GC Explicit
08-04 00:31:57.468 13560 21229 I art     : Explicit concurrent mark sweep GC freed 1440(83KB) AllocSpace objects, 1(20KB) LOS objects, 30% free, 36MB/52MB, paused 578us total 25.774ms
08-04 00:31:57.477 13560 21229 I art     : Starting a blocking GC Explicit
08-04 00:31:57.501 13560 21229 I art     : Explicit concurrent mark sweep GC freed 22(784B) AllocSpace objects, 0(0B) LOS objects, 30% free, 36MB/52MB, paused 557us total 23.797ms
08-04 00:31:57.508 13560 21229 I art     : Starting a blocking GC Explicit
08-04 00:31:57.532 13560 21229 I art     : Explicit concurrent mark sweep GC freed 3(96B) AllocSpace objects, 0(0B) LOS objects, 30% free, 36MB/52MB, paused 644us total 23.241ms
08-04 00:31:57.538 13560 21229 I art     : Starting a blocking GC Explicit
08-04 00:31:57.558 13560 21229 I art     : Explicit concurrent mark sweep GC freed 3(96B) AllocSpace objects, 0(0B) LOS objects, 30% free, 36MB/52MB, paused 644us total 19.670ms
08-04 00:31:57.566 13560 21229 I art     : Starting a blocking GC Explicit
08-04 00:31:57.585 13560 21229 I art     : Explicit concurrent mark sweep GC freed 3(96B) AllocSpace objects, 0(0B) LOS objects, 30% free, 36MB/52MB, paused 557us total 19.685ms
08-04 00:31:57.903 13560 13572 I art     : Starting a blocking GC Explicit
08-04 00:31:57.929 13560 13572 I art     : Explicit concurrent mark sweep GC freed 1500(84KB) AllocSpace objects, 1(20KB) LOS objects, 30% free, 36MB/52MB, paused 702us total 25.666ms
08-04 00:31:57.938 13560 13572 I art     : Starting a blocking GC Explicit
08-04 00:31:57.962 13560 13572 I art     : Explicit concurrent mark sweep GC freed 22(784B) AllocSpace objects, 0(0B) LOS objects, 30% free, 36MB/52MB, paused 651us total 23.625ms
08-04 00:31:57.971 13560 13572 I art     : Starting a blocking GC Explicit
08-04 00:31:57.994 13560 13572 I art     : Explicit concurrent mark sweep GC freed 3(96B) AllocSpace objects, 0(0B) LOS objects, 30% free, 36MB/52MB, paused 626us total 23.348ms
08-04 00:31:58.003 13560 13572 I art     : Starting a blocking GC Explicit
08-04 00:31:58.025 13560 13572 I art     : Explicit concurrent mark sweep GC freed 3(96B) AllocSpace objects, 0(0B) LOS objects, 30% free, 36MB/52MB, paused 695us total 22.225ms
08-04 00:31:58.034 13560 13572 I art     : Starting a blocking GC Explicit
08-04 00:31:58.054 13560 13572 I art     : Explicit concurrent mark sweep GC freed 3(96B) AllocSpace objects, 0(0B) LOS objects, 30% free, 36MB/52MB, paused 553us total 20.351ms
08-04 00:31:58.388 13560 21596 I art     : Starting a blocking GC Explicit
08-04 00:31:58.414 13560 21596 I art     : Explicit concurrent mark sweep GC freed 1441(83KB) AllocSpace objects, 1(20KB) LOS objects, 30% free, 36MB/52MB, paused 646us total 25.919ms
08-04 00:31:58.423 13560 21596 I art     : Starting a blocking GC Explicit
08-04 00:31:58.448 13560 21596 I art     : Explicit concurrent mark sweep GC freed 22(784B) AllocSpace objects, 0(0B) LOS objects, 30% free, 36MB/52MB, paused 597us total 24.742ms
08-04 00:31:58.455 13560 21596 I art     : Starting a blocking GC Explicit
08-04 00:31:58.475 13560 21596 I art     : Explicit concurrent mark sweep GC freed 3(96B) AllocSpace objects, 0(0B) LOS objects, 30% free, 36MB/52MB, paused 596us total 19.817ms
08-04 00:31:58.483 13560 21596 I art     : Starting a blocking GC Explicit
08-04 00:31:58.502 13560 21596 I art     : Explicit concurrent mark sweep GC freed 94(3KB) AllocSpace objects, 0(0B) LOS objects, 30% free, 36MB/52MB, paused 590us total 19.747ms
08-04 00:31:58.509 13560 21596 I art     : Starting a blocking GC Explicit
08-04 00:31:58.530 13560 21596 I art     : Explicit concurrent mark sweep GC freed 9(352B) AllocSpace objects, 0(0B) LOS objects, 30% free, 36MB/52MB, paused 643us total 20.218ms
08-04 00:31:58.865 13560 21229 I art     : Starting a blocking GC Explicit
08-04 00:31:58.892 13560 21229 I art     : Explicit concurrent mark sweep GC freed 3198(153KB) AllocSpace objects, 1(20KB) LOS objects, 30% free, 36MB/52MB, paused 681us total 26.655ms
08-04 00:31:58.900 13560 21647 E baseline.com.newsblur.network.APIResponse: Error (unexpected end of stream on https://www.newsblur.com/...) calling https://www.newsblur.com/reader/mark_story_hashes_as_read/
08-04 00:31:58.900 13560 21647 E baseline.com.newsblur.network.APIResponse: java.io.IOException: unexpected end of stream on https://www.newsblur.com/...
08-04 00:31:58.900 13560 21647 E baseline.com.newsblur.network.APIResponse: 	at okhttp3.internal.http1.Http1ExchangeCodec.readResponseHeaders(Http1ExchangeCodec.java:236)
08-04 00:31:58.900 13560 21647 E baseline.com.newsblur.network.APIResponse: 	at okhttp3.internal.connection.Exchange.readResponseHeaders(Exchange.java:115)
08-04 00:31:58.900 13560 21647 E baseline.com.newsblur.network.APIResponse: 	at okhttp3.internal.http.CallServerInterceptor.intercept(CallServerInterceptor.java:94)
08-04 00:31:58.900 13560 21647 E baseline.com.newsblur.network.APIResponse: 	at okhttp3.internal.http.RealInterceptorChain.proceed(RealInterceptorChain.java:142)
08-04 00:31:58.900 13560 21647 E baseline.com.newsblur.network.APIResponse: 	at okhttp3.internal.connection.ConnectInterceptor.intercept(ConnectInterceptor.java:43)
08-04 00:31:58.900 13560 21647 E baseline.com.newsblur.network.APIResponse: 	at okhttp3.internal.http.RealInterceptorChain.proceed(RealInterceptorChain.java:142)
08-04 00:31:58.900 13560 21647 E baseline.com.newsblur.network.APIResponse: 	at okhttp3.internal.http.RealInterceptorChain.proceed(RealInterceptorChain.java:117)
08-04 00:31:58.900 13560 21647 E baseline.com.newsblur.network.APIResponse: 	at okhttp3.internal.cache.CacheInterceptor.intercept(CacheInterceptor.java:94)
08-04 00:31:58.900 13560 21647 E baseline.com.newsblur.network.APIResponse: 	at okhttp3.internal.http.RealInterceptorChain.proceed(RealInterceptorChain.java:142)
08-04 00:31:58.900 13560 21647 E baseline.com.newsblur.network.APIResponse: 	at okhttp3.internal.http.RealInterceptorChain.proceed(RealInterceptorChain.java:117)
08-04 00:31:58.900 13560 21647 E baseline.com.newsblur.network.APIResponse: 	at okhttp3.internal.http.BridgeInterceptor.intercept(BridgeInterceptor.java:93)
08-04 00:31:58.900 13560 21647 E baseline.com.newsblur.network.APIResponse: 	at okhttp3.internal.http.RealInterceptorChain.proceed(RealInterceptorChain.java:142)
08-04 00:31:58.900 13560 21647 E baseline.com.newsblur.network.APIResponse: 	at okhttp3.internal.http.RetryAndFollowUpInterceptor.intercept(RetryAndFollowUpInterceptor.java:88)
08-04 00:31:58.900 13560 21647 E baseline.com.newsblur.network.APIResponse: 	at okhttp3.internal.http.RealInterceptorChain.proceed(RealInterceptorChain.java:142)
08-04 00:31:58.900 13560 21647 E baseline.com.newsblur.network.APIResponse: 	at okhttp3.internal.http.RealInterceptorChain.proceed(RealInterceptorChain.java:117)
08-04 00:31:58.900 13560 21647 E baseline.com.newsblur.network.APIResponse: 	at okhttp3.RealCall.getResponseWithInterceptorChain(RealCall.java:229)
08-04 00:31:58.900 13560 21647 E baseline.com.newsblur.network.APIResponse: 	at okhttp3.RealCall.execute(RealCall.java:81)
08-04 00:31:58.900 13560 21647 E baseline.com.newsblur.network.APIResponse: 	at baseline.com.newsblur.network.APIResponse.<init>(APIResponse.java:57)
08-04 00:31:58.900 13560 21647 E baseline.com.newsblur.network.APIResponse: 	at baseline.com.newsblur.network.APIResponse.<init>(APIResponse.java:43)
08-04 00:31:58.900 13560 21647 E baseline.com.newsblur.network.APIResponse: 	at baseline.com.newsblur.network.APIManager.post_single(APIManager.java:702)
08-04 00:31:58.900 13560 21647 E baseline.com.newsblur.network.APIResponse: 	at baseline.com.newsblur.network.APIManager.post(APIManager.java:675)
08-04 00:31:58.900 13560 21647 E baseline.com.newsblur.network.APIResponse: 	at baseline.com.newsblur.network.APIManager.post(APIManager.java:714)
08-04 00:31:58.900 13560 21647 E baseline.com.newsblur.network.APIResponse: 	at baseline.com.newsblur.network.APIManager.markStoryAsRead(APIManager.java:205)
08-04 00:31:58.900 13560 21647 E baseline.com.newsblur.network.APIResponse: 	at baseline.com.newsblur.util.ReadingAction.doRemote(ReadingAction.java:281)
08-04 00:31:58.900 13560 21647 E baseline.com.newsblur.network.APIResponse: 	at baseline.com.newsblur.service.NBSyncService.syncActions(NBSyncService.java:400)
08-04 00:31:58.900 13560 21647 E baseline.com.newsblur.network.APIResponse: 	at baseline.com.newsblur.service.NBSyncService.doSync(NBSyncService.java:298)
08-04 00:31:58.900 13560 21647 E baseline.com.newsblur.network.APIResponse: 	at baseline.com.newsblur.service.NBSyncService.access$100(NBSyncService.java:67)
08-04 00:31:58.900 13560 21647 E baseline.com.newsblur.network.APIResponse: 	at baseline.com.newsblur.service.NBSyncService$1.run(NBSyncService.java:188)
08-04 00:31:58.900 13560 21647 E baseline.com.newsblur.network.APIResponse: 	at java.util.concurrent.ThreadPoolExecutor.runWorker(ThreadPoolExecutor.java:1113)
08-04 00:31:58.900 13560 21647 E baseline.com.newsblur.network.APIResponse: 	at java.util.concurrent.ThreadPoolExecutor$Worker.run(ThreadPoolExecutor.java:588)
08-04 00:31:58.900 13560 21647 E baseline.com.newsblur.network.APIResponse: 	at java.lang.Thread.run(Thread.java:818)
08-04 00:31:58.900 13560 21647 E baseline.com.newsblur.network.APIResponse: Caused by: java.io.EOFException: \n not found: limit=0 content=
08-04 00:31:58.900 13560 21647 E baseline.com.newsblur.network.APIResponse: 	at okio.RealBufferedSource.readUtf8LineStrict(RealBufferedSource.java:240)
08-04 00:31:58.900 13560 21647 E baseline.com.newsblur.network.APIResponse: 	at okhttp3.internal.http1.Http1ExchangeCodec.readHeaderLine(Http1ExchangeCodec.java:242)
08-04 00:31:58.900 13560 21647 E baseline.com.newsblur.network.APIResponse: 	at okhttp3.internal.http1.Http1ExchangeCodec.readResponseHeaders(Http1ExchangeCodec.java:213)
08-04 00:31:58.900 13560 21647 E baseline.com.newsblur.network.APIResponse: 	... 30 more
08-04 00:31:58.901 13560 21647 I baseline.com.newsblur.network.APIManager: API call failed, pausing before retry number 2
08-04 00:31:58.901 13560 21229 I art     : Starting a blocking GC Explicit
08-04 00:31:58.922 13560 21229 I art     : Explicit concurrent mark sweep GC freed 875(202KB) AllocSpace objects, 2(40KB) LOS objects, 30% free, 36MB/52MB, paused 599us total 20.298ms
08-04 00:31:58.929 13560 21229 I art     : Starting a blocking GC Explicit
08-04 00:31:58.941 17791 17791 I Atfwd_Sendcmd: AtCmdFwd service not ready - Exhausted retry attempts - :6
08-04 00:31:58.941 17791 17791 I Atfwd_Daemon: result : -1 	 ,Init step :2 	 ,qmiErrorCode: 0
08-04 00:31:58.949 13560 21229 I art     : Explicit concurrent mark sweep GC freed 57(10KB) AllocSpace objects, 0(0B) LOS objects, 30% free, 36MB/52MB, paused 638us total 20.039ms
08-04 00:31:58.956 13560 21229 I art     : Starting a blocking GC Explicit
08-04 00:31:58.976 13560 21229 I art     : Explicit concurrent mark sweep GC freed 6(192B) AllocSpace objects, 0(0B) LOS objects, 30% free, 36MB/52MB, paused 586us total 19.578ms
08-04 00:31:58.983 13560 21229 I art     : Starting a blocking GC Explicit
08-04 00:31:59.003 13560 21229 I art     : Explicit concurrent mark sweep GC freed 3(96B) AllocSpace objects, 0(0B) LOS objects, 30% free, 36MB/52MB, paused 582us total 19.933ms
08-04 00:31:59.328 13560 21229 I art     : Starting a blocking GC Explicit
08-04 00:31:59.354 13560 21229 I art     : Explicit concurrent mark sweep GC freed 1440(83KB) AllocSpace objects, 1(20KB) LOS objects, 30% free, 36MB/52MB, paused 588us total 25.684ms
08-04 00:31:59.363 13560 21229 I art     : Starting a blocking GC Explicit
08-04 00:31:59.383 13560 21229 I art     : Explicit concurrent mark sweep GC freed 22(784B) AllocSpace objects, 0(0B) LOS objects, 30% free, 36MB/52MB, paused 593us total 19.946ms
08-04 00:31:59.390 13560 21229 I art     : Starting a blocking GC Explicit
08-04 00:31:59.399   518   646 I ThermalEngine: ACTION: GPU - Setting GPU[0] to 510000000
08-04 00:31:59.413 13560 21229 I art     : Explicit concurrent mark sweep GC freed 3(96B) AllocSpace objects, 0(0B) LOS objects, 30% free, 36MB/52MB, paused 811us total 23.504ms
08-04 00:31:59.422 13560 21229 I art     : Starting a blocking GC Explicit
08-04 00:31:59.448 13560 21229 I art     : Explicit concurrent mark sweep GC freed 3(96B) AllocSpace objects, 0(0B) LOS objects, 30% free, 36MB/52MB, paused 811us total 24.943ms
08-04 00:31:59.457 13560 21229 I art     : Starting a blocking GC Explicit
08-04 00:31:59.482 13560 21229 I art     : Explicit concurrent mark sweep GC freed 3(96B) AllocSpace objects, 0(0B) LOS objects, 30% free, 36MB/52MB, paused 811us total 25.355ms
08-04 00:31:59.818 13560 21229 I art     : Starting a blocking GC Explicit
08-04 00:31:59.850 13560 21229 I art     : Explicit concurrent mark sweep GC freed 1439(83KB) AllocSpace objects, 1(20KB) LOS objects, 30% free, 36MB/52MB, paused 936us total 30.868ms
08-04 00:31:59.860 13560 21229 I art     : Starting a blocking GC Explicit
08-04 00:31:59.888 13560 21229 I art     : Explicit concurrent mark sweep GC freed 22(784B) AllocSpace objects, 0(0B) LOS objects, 30% free, 36MB/52MB, paused 790us total 28.718ms
08-04 00:31:59.898 13560 21229 I art     : Starting a blocking GC Explicit
08-04 00:31:59.927 13560 21229 I art     : Explicit concurrent mark sweep GC freed 3(96B) AllocSpace objects, 0(0B) LOS objects, 30% free, 36MB/52MB, paused 1.095ms total 28.454ms
08-04 00:31:59.938 13560 21229 I art     : Starting a blocking GC Explicit
08-04 00:31:59.970 13560 21229 I art     : Explicit concurrent mark sweep GC freed 3(96B) AllocSpace objects, 0(0B) LOS objects, 30% free, 36MB/52MB, paused 913us total 31.079ms
08-04 00:31:59.980 13560 21229 I art     : Starting a blocking GC Explicit
08-04 00:32:00.006 13560 21229 I art     : Explicit concurrent mark sweep GC freed 3(96B) AllocSpace objects, 0(0B) LOS objects, 30% free, 36MB/52MB, paused 764us total 26.330ms
08-04 00:32:00.083   918  3188 I hubconnection: sensorhub said: 'set_bias 3: -14.4000, 0.0000, 0.0000'
08-04 00:32:00.319 13560 21596 I art     : Starting a blocking GC Explicit
08-04 00:32:00.350 13560 21596 I art     : Explicit concurrent mark sweep GC freed 1438(82KB) AllocSpace objects, 1(20KB) LOS objects, 30% free, 36MB/52MB, paused 916us total 30.527ms
08-04 00:32:00.360 13560 21596 I art     : Starting a blocking GC Explicit
08-04 00:32:00.391 13560 21596 I art     : Explicit concurrent mark sweep GC freed 22(784B) AllocSpace objects, 0(0B) LOS objects, 30% free, 36MB/52MB, paused 789us total 30.427ms
08-04 00:32:00.402 13560 21596 I art     : Starting a blocking GC Explicit
08-04 00:32:00.430 13560 21596 I art     : Explicit concurrent mark sweep GC freed 3(96B) AllocSpace objects, 0(0B) LOS objects, 30% free, 36MB/52MB, paused 846us total 28.370ms
08-04 00:32:00.440 13560 21596 I art     : Starting a blocking GC Explicit
08-04 00:32:00.469 13560 21596 I art     : Explicit concurrent mark sweep GC freed 3(96B) AllocSpace objects, 0(0B) LOS objects, 30% free, 36MB/52MB, paused 880us total 28.034ms
08-04 00:32:00.478 13560 21596 I art     : Starting a blocking GC Explicit
08-04 00:32:00.507 13560 21596 I art     : Explicit concurrent mark sweep GC freed 3(96B) AllocSpace objects, 0(0B) LOS objects, 30% free, 36MB/52MB, paused 942us total 29.220ms
08-04 00:32:00.828 13560 21596 I art     : Starting a blocking GC Explicit
08-04 00:32:00.858 13560 21596 I art     : Explicit concurrent mark sweep GC freed 1438(82KB) AllocSpace objects, 1(20KB) LOS objects, 30% free, 36MB/52MB, paused 815us total 30.195ms
08-04 00:32:00.869 13560 21596 I art     : Starting a blocking GC Explicit
08-04 00:32:00.897 13560 21596 I art     : Explicit concurrent mark sweep GC freed 22(784B) AllocSpace objects, 0(0B) LOS objects, 30% free, 36MB/52MB, paused 884us total 27.407ms
08-04 00:32:00.907 13560 21596 I art     : Starting a blocking GC Explicit
08-04 00:32:00.936 13560 21596 I art     : Explicit concurrent mark sweep GC freed 3(96B) AllocSpace objects, 0(0B) LOS objects, 30% free, 36MB/52MB, paused 1.042ms total 28.620ms
08-04 00:32:00.945 13560 21596 I art     : Starting a blocking GC Explicit
08-04 00:32:00.974 13560 21596 I art     : Explicit concurrent mark sweep GC freed 3(96B) AllocSpace objects, 0(0B) LOS objects, 30% free, 36MB/52MB, paused 793us total 28.214ms
08-04 00:32:00.983 13560 21596 I art     : Starting a blocking GC Explicit
08-04 00:32:01.011 13560 21596 I art     : Explicit concurrent mark sweep GC freed 3(96B) AllocSpace objects, 0(0B) LOS objects, 30% free, 36MB/52MB, paused 826us total 27.656ms
08-04 00:32:01.347 13560 13572 I art     : Starting a blocking GC Explicit
08-04 00:32:01.377 13560 13572 I art     : Explicit concurrent mark sweep GC freed 1438(82KB) AllocSpace objects, 1(20KB) LOS objects, 30% free, 36MB/52MB, paused 807us total 29.256ms
08-04 00:32:01.388 13560 13572 I art     : Starting a blocking GC Explicit
08-04 00:32:01.419 13560 13572 I art     : Explicit concurrent mark sweep GC freed 22(784B) AllocSpace objects, 0(0B) LOS objects, 30% free, 36MB/52MB, paused 1.143ms total 30.850ms
08-04 00:32:01.429 13560 13572 I art     : Starting a blocking GC Explicit
08-04 00:32:01.454 13560 13572 I art     : Explicit concurrent mark sweep GC freed 3(96B) AllocSpace objects, 0(0B) LOS objects, 30% free, 36MB/52MB, paused 797us total 24.883ms
08-04 00:32:01.463 13560 13572 I art     : Starting a blocking GC Explicit
08-04 00:32:01.491 13560 13572 I art     : Explicit concurrent mark sweep GC freed 3(96B) AllocSpace objects, 0(0B) LOS objects, 30% free, 36MB/52MB, paused 783us total 27.539ms
08-04 00:32:01.500 13560 13572 I art     : Starting a blocking GC Explicit
08-04 00:32:01.527 13560 13572 I art     : Explicit concurrent mark sweep GC freed 3(96B) AllocSpace objects, 0(0B) LOS objects, 30% free, 36MB/52MB, paused 793us total 26.073ms
08-04 00:32:01.854 13560 21229 I art     : Starting a blocking GC Explicit
08-04 00:32:01.884 13560 21229 I art     : Explicit concurrent mark sweep GC freed 1438(82KB) AllocSpace objects, 1(20KB) LOS objects, 30% free, 36MB/52MB, paused 915us total 30.401ms
08-04 00:32:01.895 13560 21229 I art     : Starting a blocking GC Explicit
08-04 00:32:01.925 13560 21229 I art     : Explicit concurrent mark sweep GC freed 115(4KB) AllocSpace objects, 0(0B) LOS objects, 30% free, 36MB/52MB, paused 856us total 29.691ms
08-04 00:32:01.935 13560 21229 I art     : Starting a blocking GC Explicit
08-04 00:32:01.963 13560 21229 I art     : Explicit concurrent mark sweep GC freed 77(5KB) AllocSpace objects, 0(0B) LOS objects, 30% free, 36MB/52MB, paused 898us total 27.546ms
08-04 00:32:01.974 13560 21229 I art     : Starting a blocking GC Explicit
08-04 00:32:01.999 13560 21229 I art     : Explicit concurrent mark sweep GC freed 9(400B) AllocSpace objects, 0(0B) LOS objects, 30% free, 36MB/52MB, paused 858us total 25.676ms
08-04 00:32:02.008 13560 21229 I art     : Starting a blocking GC Explicit
08-04 00:32:02.035 13560 21229 I art     : Explicit concurrent mark sweep GC freed 3(96B) AllocSpace objects, 0(0B) LOS objects, 30% free, 36MB/52MB, paused 923us total 26.703ms
08-04 00:32:02.373 13560 13571 I art     : Starting a blocking GC Explicit
08-04 00:32:02.383 13560 21647 E baseline.com.newsblur.network.APIResponse: Error (unexpected end of stream on https://www.newsblur.com/...) calling https://www.newsblur.com/reader/mark_story_hashes_as_read/
08-04 00:32:02.383 13560 21647 E baseline.com.newsblur.network.APIResponse: java.io.IOException: unexpected end of stream on https://www.newsblur.com/...
08-04 00:32:02.383 13560 21647 E baseline.com.newsblur.network.APIResponse: 	at okhttp3.internal.http1.Http1ExchangeCodec.readResponseHeaders(Http1ExchangeCodec.java:236)
08-04 00:32:02.383 13560 21647 E baseline.com.newsblur.network.APIResponse: 	at okhttp3.internal.connection.Exchange.readResponseHeaders(Exchange.java:115)
08-04 00:32:02.383 13560 21647 E baseline.com.newsblur.network.APIResponse: 	at okhttp3.internal.http.CallServerInterceptor.intercept(CallServerInterceptor.java:94)
08-04 00:32:02.383 13560 21647 E baseline.com.newsblur.network.APIResponse: 	at okhttp3.internal.http.RealInterceptorChain.proceed(RealInterceptorChain.java:142)
08-04 00:32:02.383 13560 21647 E baseline.com.newsblur.network.APIResponse: 	at okhttp3.internal.connection.ConnectInterceptor.intercept(ConnectInterceptor.java:43)
08-04 00:32:02.383 13560 21647 E baseline.com.newsblur.network.APIResponse: 	at okhttp3.internal.http.RealInterceptorChain.proceed(RealInterceptorChain.java:142)
08-04 00:32:02.383 13560 21647 E baseline.com.newsblur.network.APIResponse: 	at okhttp3.internal.http.RealInterceptorChain.proceed(RealInterceptorChain.java:117)
08-04 00:32:02.383 13560 21647 E baseline.com.newsblur.network.APIResponse: 	at okhttp3.internal.cache.CacheInterceptor.intercept(CacheInterceptor.java:94)
08-04 00:32:02.383 13560 21647 E baseline.com.newsblur.network.APIResponse: 	at okhttp3.internal.http.RealInterceptorChain.proceed(RealInterceptorChain.java:142)
08-04 00:32:02.383 13560 21647 E baseline.com.newsblur.network.APIResponse: 	at okhttp3.internal.http.RealInterceptorChain.proceed(RealInterceptorChain.java:117)
08-04 00:32:02.383 13560 21647 E baseline.com.newsblur.network.APIResponse: 	at okhttp3.internal.http.BridgeInterceptor.intercept(BridgeInterceptor.java:93)
08-04 00:32:02.383 13560 21647 E baseline.com.newsblur.network.APIResponse: 	at okhttp3.internal.http.RealInterceptorChain.proceed(RealInterceptorChain.java:142)
08-04 00:32:02.383 13560 21647 E baseline.com.newsblur.network.APIResponse: 	at okhttp3.internal.http.RetryAndFollowUpInterceptor.intercept(RetryAndFollowUpInterceptor.java:88)
08-04 00:32:02.383 13560 21647 E baseline.com.newsblur.network.APIResponse: 	at okhttp3.internal.http.RealInterceptorChain.proceed(RealInterceptorChain.java:142)
08-04 00:32:02.383 13560 21647 E baseline.com.newsblur.network.APIResponse: 	at okhttp3.internal.http.RealInterceptorChain.proceed(RealInterceptorChain.java:117)
08-04 00:32:02.383 13560 21647 E baseline.com.newsblur.network.APIResponse: 	at okhttp3.RealCall.getResponseWithInterceptorChain(RealCall.java:229)
08-04 00:32:02.383 13560 21647 E baseline.com.newsblur.network.APIResponse: 	at okhttp3.RealCall.execute(RealCall.java:81)
08-04 00:32:02.383 13560 21647 E baseline.com.newsblur.network.APIResponse: 	at baseline.com.newsblur.network.APIResponse.<init>(APIResponse.java:57)
08-04 00:32:02.383 13560 21647 E baseline.com.newsblur.network.APIResponse: 	at baseline.com.newsblur.network.APIResponse.<init>(APIResponse.java:43)
08-04 00:32:02.383 13560 21647 E baseline.com.newsblur.network.APIResponse: 	at baseline.com.newsblur.network.APIManager.post_single(APIManager.java:702)
08-04 00:32:02.383 13560 21647 E baseline.com.newsblur.network.APIResponse: 	at baseline.com.newsblur.network.APIManager.post(APIManager.java:675)
08-04 00:32:02.383 13560 21647 E baseline.com.newsblur.network.APIResponse: 	at baseline.com.newsblur.network.APIManager.post(APIManager.java:714)
08-04 00:32:02.383 13560 21647 E baseline.com.newsblur.network.APIResponse: 	at baseline.com.newsblur.network.APIManager.markStoryAsRead(APIManager.java:205)
08-04 00:32:02.383 13560 21647 E baseline.com.newsblur.network.APIResponse: 	at baseline.com.newsblur.util.ReadingAction.doRemote(ReadingAction.java:281)
08-04 00:32:02.383 13560 21647 E baseline.com.newsblur.network.APIResponse: 	at baseline.com.newsblur.service.NBSyncService.syncActions(NBSyncService.java:400)
08-04 00:32:02.383 13560 21647 E baseline.com.newsblur.network.APIResponse: 	at baseline.com.newsblur.service.NBSyncService.doSync(NBSyncService.java:298)
08-04 00:32:02.383 13560 21647 E baseline.com.newsblur.network.APIResponse: 	at baseline.com.newsblur.service.NBSyncService.access$100(NBSyncService.java:67)
08-04 00:32:02.383 13560 21647 E baseline.com.newsblur.network.APIResponse: 	at baseline.com.newsblur.service.NBSyncService$1.run(NBSyncService.java:188)
08-04 00:32:02.383 13560 21647 E baseline.com.newsblur.network.APIResponse: 	at java.util.concurrent.ThreadPoolExecutor.runWorker(ThreadPoolExecutor.java:1113)
08-04 00:32:02.383 13560 21647 E baseline.com.newsblur.network.APIResponse: 	at java.util.concurrent.ThreadPoolExecutor$Worker.run(ThreadPoolExecutor.java:588)
08-04 00:32:02.383 13560 21647 E baseline.com.newsblur.network.APIResponse: 	at java.lang.Thread.run(Thread.java:818)
08-04 00:32:02.383 13560 21647 E baseline.com.newsblur.network.APIResponse: Caused by: java.io.EOFException: \n not found: limit=0 content=
08-04 00:32:02.383 13560 21647 E baseline.com.newsblur.network.APIResponse: 	at okio.RealBufferedSource.readUtf8LineStrict(RealBufferedSource.java:240)
08-04 00:32:02.383 13560 21647 E baseline.com.newsblur.network.APIResponse: 	at okhttp3.internal.http1.Http1ExchangeCodec.readHeaderLine(Http1ExchangeCodec.java:242)
08-04 00:32:02.383 13560 21647 E baseline.com.newsblur.network.APIResponse: 	at okhttp3.internal.http1.Http1ExchangeCodec.readResponseHeaders(Http1ExchangeCodec.java:213)
08-04 00:32:02.383 13560 21647 E baseline.com.newsblur.network.APIResponse: 	... 30 more
08-04 00:32:02.386 13560 21647 I baseline.com.newsblur.service.NBSyncService: Holding reading action with server-side or network error.
08-04 00:32:02.405 13560 13571 I art     : Explicit concurrent mark sweep GC freed 3875(342KB) AllocSpace objects, 3(60KB) LOS objects, 30% free, 36MB/52MB, paused 1.034ms total 31.663ms
08-04 00:32:02.408 13560 21647 W baseline.com.newsblur.service.NBSyncService: hard API failure
08-04 00:32:02.415 13560 13571 I art     : Starting a blocking GC Explicit
08-04 00:32:02.445 13560 13571 I art     : Explicit concurrent mark sweep GC freed 1106(212KB) AllocSpace objects, 13(260KB) LOS objects, 30% free, 36MB/52MB, paused 801us total 29.455ms
08-04 00:32:02.453 13560 13571 I art     : Starting a blocking GC Explicit
08-04 00:32:02.477 13560 13571 I art     : Explicit concurrent mark sweep GC freed 436(29KB) AllocSpace objects, 0(0B) LOS objects, 30% free, 36MB/52MB, paused 876us total 23.863ms
08-04 00:32:02.486 13560 13571 I art     : Starting a blocking GC Explicit
08-04 00:32:02.513 13560 13571 I art     : Explicit concurrent mark sweep GC freed 118(3KB) AllocSpace objects, 0(0B) LOS objects, 30% free, 36MB/52MB, paused 827us total 26.291ms
08-04 00:32:02.523 13560 13571 I art     : Starting a blocking GC Explicit
08-04 00:32:02.550 13560 13571 I art     : Explicit concurrent mark sweep GC freed 3(96B) AllocSpace objects, 0(0B) LOS objects, 30% free, 36MB/52MB, paused 846us total 26.705ms
08-04 00:32:02.900 13560 13572 I art     : Starting a blocking GC Explicit
08-04 00:32:02.929 13560 13572 I art     : Explicit concurrent mark sweep GC freed 1402(80KB) AllocSpace objects, 1(20KB) LOS objects, 30% free, 36MB/52MB, paused 858us total 29.341ms
08-04 00:32:02.941 13560 13572 I art     : Starting a blocking GC Explicit
08-04 00:32:02.968 13560 13572 I art     : Explicit concurrent mark sweep GC freed 20(704B) AllocSpace objects, 0(0B) LOS objects, 30% free, 36MB/52MB, paused 947us total 26.546ms
08-04 00:32:02.977 13560 13572 I art     : Starting a blocking GC Explicit
08-04 00:32:03.003 13560 13572 I art     : Explicit concurrent mark sweep GC freed 3(96B) AllocSpace objects, 0(0B) LOS objects, 30% free, 36MB/52MB, paused 980us total 26.369ms
08-04 00:32:03.012 13560 13572 I art     : Starting a blocking GC Explicit
08-04 00:32:03.039 13560 13572 I art     : Explicit concurrent mark sweep GC freed 3(96B) AllocSpace objects, 0(0B) LOS objects, 30% free, 36MB/52MB, paused 831us total 26.734ms
08-04 00:32:03.048 13560 13572 I art     : Starting a blocking GC Explicit
08-04 00:32:03.076 13560 13572 I art     : Explicit concurrent mark sweep GC freed 3(96B) AllocSpace objects, 0(0B) LOS objects, 30% free, 36MB/52MB, paused 824us total 27.213ms
08-04 00:32:03.411 13560 21596 I art     : Starting a blocking GC Explicit
08-04 00:32:03.441 13560 21596 I art     : Explicit concurrent mark sweep GC freed 1398(80KB) AllocSpace objects, 1(20KB) LOS objects, 30% free, 36MB/52MB, paused 841us total 29.420ms
08-04 00:32:03.452 13560 21596 I art     : Starting a blocking GC Explicit
08-04 00:32:03.479 13560 21596 I art     : Explicit concurrent mark sweep GC freed 20(704B) AllocSpace objects, 0(0B) LOS objects, 30% free, 36MB/52MB, paused 843us total 27.312ms
08-04 00:32:03.489 13560 21596 I art     : Starting a blocking GC Explicit
08-04 00:32:03.516 13560 21596 I art     : Explicit concurrent mark sweep GC freed 3(96B) AllocSpace objects, 0(0B) LOS objects, 30% free, 36MB/52MB, paused 775us total 26.890ms
08-04 00:32:03.525 13560 21596 I art     : Starting a blocking GC Explicit
08-04 00:32:03.553 13560 21596 I art     : Explicit concurrent mark sweep GC freed 3(96B) AllocSpace objects, 0(0B) LOS objects, 30% free, 36MB/52MB, paused 801us total 27.534ms
08-04 00:32:03.562 13560 21596 I art     : Starting a blocking GC Explicit
08-04 00:32:03.590 13560 21596 I art     : Explicit concurrent mark sweep GC freed 3(96B) AllocSpace objects, 0(0B) LOS objects, 30% free, 36MB/52MB, paused 820us total 27.131ms
08-04 00:32:03.667   918 13198 D NetlinkSocketObserver: NeighborEvent{elapsedMs=1647727541, 192.168.2.254, [7C3953A63323], RTM_NEWNEIGH, NUD_STALE}
08-04 00:32:03.934 13560 21229 I art     : Starting a blocking GC Explicit
08-04 00:32:03.964 13560 21229 I art     : Explicit concurrent mark sweep GC freed 1398(80KB) AllocSpace objects, 1(20KB) LOS objects, 30% free, 36MB/52MB, paused 844us total 29.771ms
08-04 00:32:03.964 13560 13570 I art     : WaitForGcToComplete blocked for 14.150ms for cause HeapTrim
08-04 00:32:03.976 13560 21229 I art     : Starting a blocking GC Explicit
08-04 00:32:04.002 13560 21229 I art     : Explicit concurrent mark sweep GC freed 20(704B) AllocSpace objects, 0(0B) LOS objects, 30% free, 36MB/52MB, paused 773us total 26.594ms
08-04 00:32:04.011 13560 21229 I art     : Starting a blocking GC Explicit
08-04 00:32:04.037 13560 21229 I art     : Explicit concurrent mark sweep GC freed 3(96B) AllocSpace objects, 0(0B) LOS objects, 30% free, 36MB/52MB, paused 943us total 25.973ms
08-04 00:32:04.047 13560 21229 I art     : Starting a blocking GC Explicit
08-04 00:32:04.073 13560 21229 I art     : Explicit concurrent mark sweep GC freed 3(96B) AllocSpace objects, 0(0B) LOS objects, 30% free, 36MB/52MB, paused 813us total 26.087ms
08-04 00:32:04.082 13560 21229 I art     : Starting a blocking GC Explicit
08-04 00:32:04.110 13560 21229 I art     : Explicit concurrent mark sweep GC freed 3(96B) AllocSpace objects, 0(0B) LOS objects, 30% free, 36MB/52MB, paused 866us total 27.143ms
08-04 00:32:04.438 13560 13571 I art     : Starting a blocking GC Explicit
08-04 00:32:04.467 13560 13571 I art     : Explicit concurrent mark sweep GC freed 1398(80KB) AllocSpace objects, 1(20KB) LOS objects, 30% free, 36MB/52MB, paused 833us total 28.680ms
08-04 00:32:04.476 13560 13571 I art     : Starting a blocking GC Explicit
08-04 00:32:04.504 13560 13571 I art     : Explicit concurrent mark sweep GC freed 20(704B) AllocSpace objects, 0(0B) LOS objects, 30% free, 36MB/52MB, paused 831us total 27.946ms
08-04 00:32:04.514 13560 13571 I art     : Starting a blocking GC Explicit
08-04 00:32:04.542 13560 13571 I art     : Explicit concurrent mark sweep GC freed 3(96B) AllocSpace objects, 0(0B) LOS objects, 30% free, 36MB/52MB, paused 828us total 27.510ms
08-04 00:32:04.552 13560 13571 I art     : Starting a blocking GC Explicit
08-04 00:32:04.580 13560 13571 I art     : Explicit concurrent mark sweep GC freed 3(96B) AllocSpace objects, 0(0B) LOS objects, 30% free, 36MB/52MB, paused 835us total 28.369ms
08-04 00:32:04.591 13560 13571 I art     : Starting a blocking GC Explicit
08-04 00:32:04.619 13560 13571 I art     : Explicit concurrent mark sweep GC freed 3(96B) AllocSpace objects, 0(0B) LOS objects, 30% free, 36MB/52MB, paused 778us total 28.292ms
08-04 00:32:04.939 13560 21596 I art     : Starting a blocking GC Explicit
08-04 00:32:04.969 13560 21596 I art     : Explicit concurrent mark sweep GC freed 1398(80KB) AllocSpace objects, 1(20KB) LOS objects, 30% free, 36MB/52MB, paused 868us total 29.966ms
08-04 00:32:04.982 13560 21596 I art     : Starting a blocking GC Explicit
08-04 00:32:05.009 13560 21596 I art     : Explicit concurrent mark sweep GC freed 23(816B) AllocSpace objects, 0(0B) LOS objects, 30% free, 36MB/52MB, paused 811us total 26.560ms
08-04 00:32:05.018 13560 21596 I art     : Starting a blocking GC Explicit
08-04 00:32:05.043 13560 21596 I art     : Explicit concurrent mark sweep GC freed 3(96B) AllocSpace objects, 0(0B) LOS objects, 30% free, 36MB/52MB, paused 822us total 24.090ms
08-04 00:32:05.051 13560 21596 I art     : Starting a blocking GC Explicit
08-04 00:32:05.077 13560 21596 I art     : Explicit concurrent mark sweep GC freed 3(96B) AllocSpace objects, 0(0B) LOS objects, 30% free, 36MB/52MB, paused 794us total 25.190ms
08-04 00:32:05.085 13560 21596 I art     : Starting a blocking GC Explicit
08-04 00:32:05.112 13560 21596 I art     : Explicit concurrent mark sweep GC freed 3(96B) AllocSpace objects, 0(0B) LOS objects, 30% free, 36MB/52MB, paused 824us total 26.277ms
08-04 00:32:05.442 13560 21229 I art     : Starting a blocking GC Explicit
08-04 00:32:05.472 13560 21229 I art     : Explicit concurrent mark sweep GC freed 1398(80KB) AllocSpace objects, 1(20KB) LOS objects, 30% free, 36MB/52MB, paused 802us total 29.703ms
08-04 00:32:05.485 13560 21229 I art     : Starting a blocking GC Explicit
08-04 00:32:05.511 13560 21229 I art     : Explicit concurrent mark sweep GC freed 20(704B) AllocSpace objects, 0(0B) LOS objects, 30% free, 36MB/52MB, paused 825us total 25.924ms
08-04 00:32:05.520 13560 21229 I art     : Starting a blocking GC Explicit
08-04 00:32:05.547 13560 21229 I art     : Explicit concurrent mark sweep GC freed 3(96B) AllocSpace objects, 0(0B) LOS objects, 30% free, 36MB/52MB, paused 820us total 26.194ms
08-04 00:32:05.556 13560 21229 I art     : Starting a blocking GC Explicit
08-04 00:32:05.583 13560 21229 I art     : Explicit concurrent mark sweep GC freed 3(96B) AllocSpace objects, 0(0B) LOS objects, 30% free, 36MB/52MB, paused 817us total 27.140ms
08-04 00:32:05.592 13560 21229 I art     : Starting a blocking GC Explicit
08-04 00:32:05.620 13560 21229 I art     : Explicit concurrent mark sweep GC freed 3(96B) AllocSpace objects, 0(0B) LOS objects, 30% free, 36MB/52MB, paused 821us total 27.262ms
08-04 00:32:05.962 13560 13571 I art     : Starting a blocking GC Explicit
08-04 00:32:05.992 13560 13571 I art     : Explicit concurrent mark sweep GC freed 1398(80KB) AllocSpace objects, 1(20KB) LOS objects, 30% free, 36MB/52MB, paused 845us total 29.526ms
08-04 00:32:06.004 13560 13571 I art     : Starting a blocking GC Explicit
08-04 00:32:06.030 13560 13571 I art     : Explicit concurrent mark sweep GC freed 20(704B) AllocSpace objects, 0(0B) LOS objects, 30% free, 36MB/52MB, paused 785us total 26.620ms
08-04 00:32:06.040 13560 13571 I art     : Starting a blocking GC Explicit
08-04 00:32:06.068 13560 13571 I art     : Explicit concurrent mark sweep GC freed 3(96B) AllocSpace objects, 0(0B) LOS objects, 30% free, 36MB/52MB, paused 877us total 27.238ms
08-04 00:32:06.078 13560 13571 I art     : Starting a blocking GC Explicit
08-04 00:32:06.105 13560 13571 I art     : Explicit concurrent mark sweep GC freed 3(96B) AllocSpace objects, 0(0B) LOS objects, 30% free, 36MB/52MB, paused 809us total 27.627ms
08-04 00:32:06.115 13560 13571 I art     : Starting a blocking GC Explicit
08-04 00:32:06.142 13560 13571 I art     : Explicit concurrent mark sweep GC freed 3(96B) AllocSpace objects, 0(0B) LOS objects, 30% free, 36MB/52MB, paused 807us total 26.866ms
08-04 00:32:06.412   518   646 I ThermalEngine: ACTION: GPU - Setting GPU[0] to 600000000
08-04 00:32:06.508 13560 13572 I art     : Starting a blocking GC Explicit
08-04 00:32:06.533 13560 13572 I art     : Explicit concurrent mark sweep GC freed 1398(80KB) AllocSpace objects, 1(20KB) LOS objects, 30% free, 36MB/52MB, paused 580us total 24.714ms
08-04 00:32:06.541 13560 13572 I art     : Starting a blocking GC Explicit
08-04 00:32:06.564 13560 13572 I art     : Explicit concurrent mark sweep GC freed 39(1712B) AllocSpace objects, 0(0B) LOS objects, 30% free, 36MB/52MB, paused 593us total 22.356ms
08-04 00:32:06.572 13560 13572 I art     : Starting a blocking GC Explicit
08-04 00:32:06.594 13560 13572 I art     : Explicit concurrent mark sweep GC freed 9(320B) AllocSpace objects, 0(0B) LOS objects, 30% free, 36MB/52MB, paused 615us total 21.840ms
08-04 00:32:06.601 13560 13572 I art     : Starting a blocking GC Explicit
08-04 00:32:06.622 13560 13572 I art     : Explicit concurrent mark sweep GC freed 3(96B) AllocSpace objects, 0(0B) LOS objects, 30% free, 36MB/52MB, paused 575us total 21.074ms
08-04 00:32:06.630 13560 13572 I art     : Starting a blocking GC Explicit
08-04 00:32:06.651 13560 13572 I art     : Explicit concurrent mark sweep GC freed 3(96B) AllocSpace objects, 0(0B) LOS objects, 30% free, 36MB/52MB, paused 609us total 21.442ms
08-04 00:32:06.987 13560 21596 I art     : Starting a blocking GC Explicit
08-04 00:32:07.012 13560 21596 I art     : Explicit concurrent mark sweep GC freed 1398(80KB) AllocSpace objects, 1(20KB) LOS objects, 30% free, 36MB/52MB, paused 628us total 24.573ms
08-04 00:32:07.022 13560 21596 I art     : Starting a blocking GC Explicit
08-04 00:32:07.043 13560 21596 I art     : Explicit concurrent mark sweep GC freed 20(704B) AllocSpace objects, 0(0B) LOS objects, 30% free, 36MB/52MB, paused 597us total 20.945ms
08-04 00:32:07.050 13560 21596 I art     : Starting a blocking GC Explicit
08-04 00:32:07.072 13560 21596 I art     : Explicit concurrent mark sweep GC freed 3(96B) AllocSpace objects, 0(0B) LOS objects, 30% free, 36MB/52MB, paused 603us total 21.260ms
08-04 00:32:07.079 13560 21596 I art     : Starting a blocking GC Explicit
08-04 00:32:07.100 13560 21596 I art     : Explicit concurrent mark sweep GC freed 3(96B) AllocSpace objects, 0(0B) LOS objects, 30% free, 36MB/52MB, paused 576us total 20.765ms
08-04 00:32:07.107 13560 21596 I art     : Starting a blocking GC Explicit
08-04 00:32:07.129 13560 21596 I art     : Explicit concurrent mark sweep GC freed 3(96B) AllocSpace objects, 0(0B) LOS objects, 30% free, 36MB/52MB, paused 620us total 22.086ms
08-04 00:32:07.459 13560 21229 I art     : Starting a blocking GC Explicit
08-04 00:32:07.483 13560 21229 I art     : Explicit concurrent mark sweep GC freed 1398(80KB) AllocSpace objects, 1(20KB) LOS objects, 30% free, 36MB/52MB, paused 588us total 24.065ms
08-04 00:32:07.491 13560 21229 I art     : Starting a blocking GC Explicit
08-04 00:32:07.514 13560 21229 I art     : Explicit concurrent mark sweep GC freed 20(704B) AllocSpace objects, 0(0B) LOS objects, 30% free, 36MB/52MB, paused 614us total 22.546ms
08-04 00:32:07.522 13560 21229 I art     : Starting a blocking GC Explicit
08-04 00:32:07.543 13560 21229 I art     : Explicit concurrent mark sweep GC freed 3(96B) AllocSpace objects, 0(0B) LOS objects, 30% free, 36MB/52MB, paused 608us total 21.342ms
08-04 00:32:07.550 13560 21229 I art     : Starting a blocking GC Explicit
08-04 00:32:07.573 13560 21229 I art     : Explicit concurrent mark sweep GC freed 3(96B) AllocSpace objects, 0(0B) LOS objects, 30% free, 36MB/52MB, paused 615us total 22.110ms
08-04 00:32:07.580 13560 21229 I art     : Starting a blocking GC Explicit
08-04 00:32:07.602 13560 21229 I art     : Explicit concurrent mark sweep GC freed 3(96B) AllocSpace objects, 0(0B) LOS objects, 30% free, 36MB/52MB, paused 581us total 21.962ms
08-04 00:32:07.950 13560 13571 I art     : Starting a blocking GC Explicit
08-04 00:32:07.975 13560 13571 I art     : Explicit concurrent mark sweep GC freed 1398(80KB) AllocSpace objects, 1(20KB) LOS objects, 30% free, 36MB/52MB, paused 669us total 24.708ms
08-04 00:32:07.983 13560 13571 I art     : Starting a blocking GC Explicit
08-04 00:32:08.005 13560 13571 I art     : Explicit concurrent mark sweep GC freed 20(704B) AllocSpace objects, 0(0B) LOS objects, 30% free, 36MB/52MB, paused 595us total 22.705ms
08-04 00:32:08.013 13560 13571 I art     : Starting a blocking GC Explicit
08-04 00:32:08.035 13560 13571 I art     : Explicit concurrent mark sweep GC freed 3(96B) AllocSpace objects, 0(0B) LOS objects, 30% free, 36MB/52MB, paused 600us total 21.689ms
08-04 00:32:08.042 13560 13571 I art     : Starting a blocking GC Explicit
08-04 00:32:08.064 13560 13571 I art     : Explicit concurrent mark sweep GC freed 3(96B) AllocSpace objects, 0(0B) LOS objects, 30% free, 36MB/52MB, paused 616us total 21.682ms
08-04 00:32:08.072 13560 13571 I art     : Starting a blocking GC Explicit
08-04 00:32:08.093 13560 13571 I art     : Explicit concurrent mark sweep GC freed 3(96B) AllocSpace objects, 0(0B) LOS objects, 30% free, 36MB/52MB, paused 581us total 21.183ms
08-04 00:32:08.379 13560 13572 I art     : Starting a blocking GC Explicit
08-04 00:32:08.402 13560 13572 I art     : Explicit concurrent mark sweep GC freed 1398(80KB) AllocSpace objects, 1(20KB) LOS objects, 30% free, 36MB/52MB, paused 624us total 22.945ms
08-04 00:32:08.410 13560 13572 I art     : Starting a blocking GC Explicit
08-04 00:32:08.432 13560 13572 I art     : Explicit concurrent mark sweep GC freed 20(704B) AllocSpace objects, 0(0B) LOS objects, 30% free, 36MB/52MB, paused 622us total 22.033ms
08-04 00:32:08.439 13560 13572 I art     : Starting a blocking GC Explicit
08-04 00:32:08.460 13560 13572 I art     : Explicit concurrent mark sweep GC freed 3(96B) AllocSpace objects, 0(0B) LOS objects, 30% free, 36MB/52MB, paused 623us total 20.848ms
08-04 00:32:08.468 13560 13572 I art     : Starting a blocking GC Explicit
08-04 00:32:08.489 13560 13572 I art     : Explicit concurrent mark sweep GC freed 3(96B) AllocSpace objects, 0(0B) LOS objects, 30% free, 36MB/52MB, paused 613us total 20.497ms
08-04 00:32:08.496 13560 13572 I art     : Starting a blocking GC Explicit
08-04 00:32:08.517 13560 13572 I art     : Explicit concurrent mark sweep GC freed 3(96B) AllocSpace objects, 0(0B) LOS objects, 30% free, 36MB/52MB, paused 694us total 21.346ms
08-04 00:32:08.598 21890 21890 D AndroidRuntime: >>>>>> START com.android.internal.os.RuntimeInit uid 2000 <<<<<<
08-04 00:32:08.602 21890 21890 D AndroidRuntime: CheckJNI is OFF
08-04 00:32:08.628 21890 21890 D ICU     : No timezone override file found: /data/misc/zoneinfo/current/icu/icu_tzdata.dat
08-04 00:32:08.653 21890 21890 I Radio-JNI: register_android_hardware_Radio DONE
08-04 00:32:08.669 21890 21890 D AndroidRuntime: Calling main entry com.android.commands.input.Input
08-04 00:32:08.670 21890 21890 I Input   : injectKeyEvent: KeyEvent { action=ACTION_DOWN, keyCode=KEYCODE_BACK, scanCode=0, metaState=0, flags=0x0, repeatCount=0, eventTime=664345084, downTime=664345084, deviceId=-1, source=0x101 }
08-04 00:32:08.677 21890 21890 I Input   : injectKeyEvent: KeyEvent { action=ACTION_UP, keyCode=KEYCODE_BACK, scanCode=0, metaState=0, flags=0x0, repeatCount=0, eventTime=664345084, downTime=664345084, deviceId=-1, source=0x101 }
08-04 00:32:08.687 21890 21890 D AndroidRuntime: Shutting down VM
08-04 00:32:08.776 13866 13866 I GoogleInputMethodServic: GoogleInputMethodService.onFinishInput():3138 
08-04 00:32:08.777 13866 13866 I GoogleInputMethodServic: GoogleInputMethodService.onStartInput():1808 
08-04 00:32:08.778 13560 21229 I art     : Starting a blocking GC Explicit
08-04 00:32:08.801 13560 21229 I art     : Explicit concurrent mark sweep GC freed 4072(327KB) AllocSpace objects, 9(180KB) LOS objects, 30% free, 36MB/52MB, paused 752us total 23.027ms
08-04 00:32:08.808 13560 21229 I art     : Starting a blocking GC Explicit
08-04 00:32:08.831 13560 21229 I art     : Explicit concurrent mark sweep GC freed 666(42KB) AllocSpace objects, 1(20KB) LOS objects, 30% free, 36MB/52MB, paused 676us total 22.140ms
08-04 00:32:08.839 13560 21229 I art     : Starting a blocking GC Explicit
08-04 00:32:08.859 13560 21229 I art     : Explicit concurrent mark sweep GC freed 31(1376B) AllocSpace objects, 1(28KB) LOS objects, 30% free, 36MB/52MB, paused 747us total 20.181ms
08-04 00:32:08.865 13560 21229 I art     : Starting a blocking GC Explicit
08-04 00:32:08.885 13560 21229 I art     : Explicit concurrent mark sweep GC freed 5(192B) AllocSpace objects, 0(0B) LOS objects, 30% free, 36MB/52MB, paused 624us total 19.734ms
08-04 00:32:08.892 13560 21229 I art     : Starting a blocking GC Explicit
08-04 00:32:08.914 13560 21229 I art     : Explicit concurrent mark sweep GC freed 71(5KB) AllocSpace objects, 0(0B) LOS objects, 30% free, 36MB/52MB, paused 700us total 21.707ms
08-04 00:32:08.941 17791 17791 I ServiceManager: Waiting for service AtCmdFwd...
08-04 00:32:09.185 13560 21229 I art     : Starting a blocking GC Explicit
08-04 00:32:09.209 13560 21229 I art     : Explicit concurrent mark sweep GC freed 2737(144KB) AllocSpace objects, 1(20KB) LOS objects, 30% free, 36MB/52MB, paused 706us total 23.909ms
08-04 00:32:09.219 13560 21229 I art     : Starting a blocking GC Explicit
08-04 00:32:09.244 13560 21229 I art     : Explicit concurrent mark sweep GC freed 154(7KB) AllocSpace objects, 0(0B) LOS objects, 30% free, 36MB/52MB, paused 928us total 25.173ms
08-04 00:32:09.254 13560 21229 I art     : Starting a blocking GC Explicit
08-04 00:32:09.280 13560 21229 I art     : Explicit concurrent mark sweep GC freed 7(224B) AllocSpace objects, 0(0B) LOS objects, 30% free, 36MB/52MB, paused 768us total 25.847ms
08-04 00:32:09.290 13560 21229 I art     : Starting a blocking GC Explicit
08-04 00:32:09.315 13560 21229 I art     : Explicit concurrent mark sweep GC freed 601(52KB) AllocSpace objects, 2(120KB) LOS objects, 30% free, 36MB/52MB, paused 917us total 24.506ms
08-04 00:32:09.323 13560 21229 I art     : Starting a blocking GC Explicit
08-04 00:32:09.347 13560 21229 I art     : Explicit concurrent mark sweep GC freed 1875(73KB) AllocSpace objects, 0(0B) LOS objects, 30% free, 36MB/52MB, paused 782us total 24ms
08-04 00:32:09.388 13560 21921 I NAPPA_EXPERIMENTATION: MetricNetworkRequestExecutionTime: REQUEST_DURATION_SYSTEM='603',REQUEST_DURATION_OKHTTP='40',REQUEST_SYNCHRONOUS='TRUE',RESPONSE_CODE='200',RESPONSE_METHOD='GET',RESPONSE_LENGTH_OKHTTP='-1',RESPONSE_LENGTH_HEADER='12364',REQUEST_PROTOCOL='http/1.1',REQUEST_URL='https://www.newsblur.com/social/river_stories?order=newest&page=2&read_filter=all&global_feed=true',
08-04 00:32:09.388 13560 21921 D MY_TAG  : 0, 603
08-04 00:32:09.627 13560 21229 I art     : Starting a blocking GC Explicit
08-04 00:32:09.658 13560 21229 I art     : Explicit concurrent mark sweep GC freed 35940(2MB) AllocSpace objects, 34(940KB) LOS objects, 30% free, 36MB/52MB, paused 713us total 30.301ms
08-04 00:32:09.669 13560 21229 I art     : Starting a blocking GC Explicit
08-04 00:32:09.697 13560 21229 I art     : Explicit concurrent mark sweep GC freed 2386(204KB) AllocSpace objects, 0(0B) LOS objects, 30% free, 36MB/52MB, paused 653us total 27.529ms
08-04 00:32:09.706 13560 21229 I art     : Starting a blocking GC Explicit
08-04 00:32:09.730 13560 21229 I art     : Explicit concurrent mark sweep GC freed 7(224B) AllocSpace objects, 0(0B) LOS objects, 30% free, 36MB/52MB, paused 566us total 23.207ms
08-04 00:32:09.739 13560 21229 I art     : Starting a blocking GC Explicit
08-04 00:32:09.761 13560 21229 I art     : Explicit concurrent mark sweep GC freed 6(192B) AllocSpace objects, 0(0B) LOS objects, 30% free, 36MB/52MB, paused 678us total 21.161ms
08-04 00:32:09.768 13560 21229 I art     : Starting a blocking GC Explicit
08-04 00:32:09.790 13560 21229 I art     : Explicit concurrent mark sweep GC freed 7(224B) AllocSpace objects, 0(0B) LOS objects, 30% free, 36MB/52MB, paused 647us total 21.410ms
08-04 00:32:09.942 17791 17791 I ServiceManager: Waiting for service AtCmdFwd...
08-04 00:32:10.067 13560 21229 I art     : Starting a blocking GC Explicit
08-04 00:32:10.089 13560 21229 I art     : Explicit concurrent mark sweep GC freed 1435(81KB) AllocSpace objects, 1(20KB) LOS objects, 30% free, 36MB/52MB, paused 625us total 21.541ms
08-04 00:32:10.096 13560 21229 I art     : Starting a blocking GC Explicit
08-04 00:32:10.117 13560 21229 I art     : Explicit concurrent mark sweep GC freed 24(848B) AllocSpace objects, 0(0B) LOS objects, 30% free, 36MB/52MB, paused 818us total 21.489ms
08-04 00:32:10.124 13560 21229 I art     : Starting a blocking GC Explicit
08-04 00:32:10.145 13560 21229 I art     : Explicit concurrent mark sweep GC freed 7(224B) AllocSpace objects, 0(0B) LOS objects, 30% free, 36MB/52MB, paused 762us total 21.168ms
08-04 00:32:10.154 13560 21229 I art     : Starting a blocking GC Explicit
08-04 00:32:10.176 13560 21229 I art     : Explicit concurrent mark sweep GC freed 6(192B) AllocSpace objects, 0(0B) LOS objects, 30% free, 36MB/52MB, paused 591us total 21.926ms
08-04 00:32:10.184 13560 21229 I art     : Starting a blocking GC Explicit
08-04 00:32:10.205 13560 21229 I art     : Explicit concurrent mark sweep GC freed 6(192B) AllocSpace objects, 0(0B) LOS objects, 30% free, 36MB/52MB, paused 621us total 21.243ms
08-04 00:32:10.264 21946 21946 D AndroidRuntime: >>>>>> START com.android.internal.os.RuntimeInit uid 2000 <<<<<<
08-04 00:32:10.267 21946 21946 D AndroidRuntime: CheckJNI is OFF
08-04 00:32:10.292 21946 21946 D ICU     : No timezone override file found: /data/misc/zoneinfo/current/icu/icu_tzdata.dat
08-04 00:32:10.317 21946 21946 I Radio-JNI: register_android_hardware_Radio DONE
08-04 00:32:10.334 21946 21946 D AndroidRuntime: Calling main entry com.android.commands.input.Input
08-04 00:32:10.336 21946 21946 I Input   : injectMotionEvent: MotionEvent { action=ACTION_DOWN, actionButton=0, id[0]=0, x[0]=435.0, y[0]=858.0, toolType[0]=TOOL_TYPE_UNKNOWN, buttonState=0, metaState=0, flags=0x0, edgeFlags=0x0, pointerCount=1, historySize=0, eventTime=664346748, downTime=664346748, deviceId=0, source=0x1002 }
08-04 00:32:10.345 21946 21946 I Input   : injectMotionEvent: MotionEvent { action=ACTION_UP, actionButton=0, id[0]=0, x[0]=435.0, y[0]=858.0, toolType[0]=TOOL_TYPE_UNKNOWN, buttonState=0, metaState=0, flags=0x0, edgeFlags=0x0, pointerCount=1, historySize=0, eventTime=664346748, downTime=664346748, deviceId=0, source=0x1002 }
08-04 00:32:10.347 21946 21946 D AndroidRuntime: Shutting down VM
08-04 00:32:10.366   918  4413 I ActivityManager: START u0 {cmp=baseline.com.newsblur/.activity.GlobalSharedStoriesReading (has extras)} from uid 10652 on display 0
08-04 00:32:10.368   512  2967 D audio_hw_primary: out_set_parameters: enter: usecase(1: low-latency-playback) kvpairs: routing=2
08-04 00:32:10.381   512  2967 D audio_hw_primary: select_devices: out_snd_device(2: speaker) in_snd_device(0: none)
08-04 00:32:10.381   512  2967 D msm8974_platform: platform_send_audio_calibration: sending audio calibration for snd_device(2) acdb_id(15)
08-04 00:32:10.381   512  2967 I soundtrigger: audio_extn_sound_trigger_update_device_status: device 0x2 of type 0 for Event 1
08-04 00:32:10.393   512  2967 D audio_hw_primary: enable_snd_device: snd_device(2: speaker)
08-04 00:32:10.395   512  2967 D audio_hw_primary: enable_audio_route: apply and update mixer path: low-latency-playback speaker
08-04 00:32:10.419   518   646 I ThermalEngine: ACTION: GPU - Setting GPU[0] to 510000000
08-04 00:32:10.482 13560 21229 I art     : Starting a blocking GC Explicit
08-04 00:32:10.514 13560 21229 I art     : Explicit concurrent mark sweep GC freed 2888(234KB) AllocSpace objects, 6(548KB) LOS objects, 30% free, 36MB/52MB, paused 876us total 31.639ms
08-04 00:32:10.523 13560 21229 I art     : Starting a blocking GC Explicit
08-04 00:32:10.552 13560 21229 I art     : Explicit concurrent mark sweep GC freed 617(45KB) AllocSpace objects, 1(20KB) LOS objects, 30% free, 36MB/52MB, paused 1.081ms total 29.030ms
08-04 00:32:10.558   918   936 I ActivityManager: Displayed baseline.com.newsblur/.activity.GlobalSharedStoriesReading: +180ms
08-04 00:32:10.559 13866 13866 I GoogleInputMethodServic: GoogleInputMethodService.onFinishInput():3138 
08-04 00:32:10.559 13866 13866 I GoogleInputMethodServic: GoogleInputMethodService.onStartInput():1808 
08-04 00:32:10.561 13560 21229 I art     : Starting a blocking GC Explicit
08-04 00:32:10.590 13560 21229 I art     : Explicit concurrent mark sweep GC freed 1097(70KB) AllocSpace objects, 1(20KB) LOS objects, 30% free, 36MB/52MB, paused 1.253ms total 28.589ms
08-04 00:32:10.599 13560 21229 I art     : Starting a blocking GC Explicit
08-04 00:32:10.628 13560 21229 I art     : Explicit concurrent mark sweep GC freed 1054(79KB) AllocSpace objects, 1(20KB) LOS objects, 30% free, 37MB/53MB, paused 1.346ms total 28.580ms
08-04 00:32:10.637 13560 21229 I art     : Starting a blocking GC Explicit
08-04 00:32:10.666 13560 21229 I art     : Explicit concurrent mark sweep GC freed 1172(63KB) AllocSpace objects, 1(20KB) LOS objects, 29% free, 37MB/53MB, paused 1.107ms total 29.192ms
08-04 00:32:10.811 13560 21643 E chromium: [ERROR:tile_manager.cc(793)] WARNING: tile memory limits exceeded, some content may not draw
08-04 00:32:10.811 13560 21643 E chromium: [ERROR:tile_manager.cc(793)] WARNING: tile memory limits exceeded, some content may not draw
08-04 00:32:10.933 13560 21596 I art     : Starting a blocking GC Explicit
08-04 00:32:10.934   512  2967 D audio_hw_primary: disable_audio_route: reset and update mixer path: low-latency-playback speaker
08-04 00:32:10.936   512  2967 D audio_hw_primary: disable_snd_device: snd_device(2: speaker)
08-04 00:32:10.942 17791 17791 I ServiceManager: Waiting for service AtCmdFwd...
08-04 00:32:10.946   512  2967 I soundtrigger: audio_extn_sound_trigger_update_device_status: device 0x2 of type 0 for Event 0
08-04 00:32:10.969 13560 21596 I art     : Explicit concurrent mark sweep GC freed 6799(561KB) AllocSpace objects, 19(424KB) LOS objects, 29% free, 37MB/53MB, paused 1.470ms total 36.223ms
08-04 00:32:10.980 13560 21596 I art     : Starting a blocking GC Explicit
08-04 00:32:11.010 13560 21596 I art     : Explicit concurrent mark sweep GC freed 1126(53KB) AllocSpace objects, 1(28KB) LOS objects, 29% free, 37MB/53MB, paused 989us total 29.632ms
08-04 00:32:11.019 13560 21596 I art     : Starting a blocking GC Explicit
08-04 00:32:11.048 13560 21596 I art     : Explicit concurrent mark sweep GC freed 3(96B) AllocSpace objects, 0(0B) LOS objects, 29% free, 37MB/53MB, paused 977us total 28.644ms
08-04 00:32:11.057 13560 21596 I art     : Starting a blocking GC Explicit
08-04 00:32:11.086 13560 21596 I art     : Explicit concurrent mark sweep GC freed 3(96B) AllocSpace objects, 0(0B) LOS objects, 29% free, 37MB/53MB, paused 859us total 28.293ms
08-04 00:32:11.095 13560 21596 I art     : Starting a blocking GC Explicit
08-04 00:32:11.126 13560 21596 I art     : Explicit concurrent mark sweep GC freed 3(96B) AllocSpace objects, 0(0B) LOS objects, 29% free, 37MB/53MB, paused 1.025ms total 30.418ms
08-04 00:32:11.327 13560 21981 E baseline.com.newsblur.network.APIResponse: Error (unexpected end of stream on https://www.newsblur.com/...) calling https://www.newsblur.com/reader/mark_story_hashes_as_read/
08-04 00:32:11.327 13560 21981 E baseline.com.newsblur.network.APIResponse: java.io.IOException: unexpected end of stream on https://www.newsblur.com/...
08-04 00:32:11.327 13560 21981 E baseline.com.newsblur.network.APIResponse: 	at okhttp3.internal.http1.Http1ExchangeCodec.readResponseHeaders(Http1ExchangeCodec.java:236)
08-04 00:32:11.327 13560 21981 E baseline.com.newsblur.network.APIResponse: 	at okhttp3.internal.connection.Exchange.readResponseHeaders(Exchange.java:115)
08-04 00:32:11.327 13560 21981 E baseline.com.newsblur.network.APIResponse: 	at okhttp3.internal.http.CallServerInterceptor.intercept(CallServerInterceptor.java:94)
08-04 00:32:11.327 13560 21981 E baseline.com.newsblur.network.APIResponse: 	at okhttp3.internal.http.RealInterceptorChain.proceed(RealInterceptorChain.java:142)
08-04 00:32:11.327 13560 21981 E baseline.com.newsblur.network.APIResponse: 	at okhttp3.internal.connection.ConnectInterceptor.intercept(ConnectInterceptor.java:43)
08-04 00:32:11.327 13560 21981 E baseline.com.newsblur.network.APIResponse: 	at okhttp3.internal.http.RealInterceptorChain.proceed(RealInterceptorChain.java:142)
08-04 00:32:11.327 13560 21981 E baseline.com.newsblur.network.APIResponse: 	at okhttp3.internal.http.RealInterceptorChain.proceed(RealInterceptorChain.java:117)
08-04 00:32:11.327 13560 21981 E baseline.com.newsblur.network.APIResponse: 	at okhttp3.internal.cache.CacheInterceptor.intercept(CacheInterceptor.java:94)
08-04 00:32:11.327 13560 21981 E baseline.com.newsblur.network.APIResponse: 	at okhttp3.internal.http.RealInterceptorChain.proceed(RealInterceptorChain.java:142)
08-04 00:32:11.327 13560 21981 E baseline.com.newsblur.network.APIResponse: 	at okhttp3.internal.http.RealInterceptorChain.proceed(RealInterceptorChain.java:117)
08-04 00:32:11.327 13560 21981 E baseline.com.newsblur.network.APIResponse: 	at okhttp3.internal.http.BridgeInterceptor.intercept(BridgeInterceptor.java:93)
08-04 00:32:11.327 13560 21981 E baseline.com.newsblur.network.APIResponse: 	at okhttp3.internal.http.RealInterceptorChain.proceed(RealInterceptorChain.java:142)
08-04 00:32:11.327 13560 21981 E baseline.com.newsblur.network.APIResponse: 	at okhttp3.internal.http.RetryAndFollowUpInterceptor.intercept(RetryAndFollowUpInterceptor.java:88)
08-04 00:32:11.327 13560 21981 E baseline.com.newsblur.network.APIResponse: 	at okhttp3.internal.http.RealInterceptorChain.proceed(RealInterceptorChain.java:142)
08-04 00:32:11.327 13560 21981 E baseline.com.newsblur.network.APIResponse: 	at okhttp3.internal.http.RealInterceptorChain.proceed(RealInterceptorChain.java:117)
08-04 00:32:11.327 13560 21981 E baseline.com.newsblur.network.APIResponse: 	at okhttp3.RealCall.getResponseWithInterceptorChain(RealCall.java:229)
08-04 00:32:11.327 13560 21981 E baseline.com.newsblur.network.APIResponse: 	at okhttp3.RealCall.execute(RealCall.java:81)
08-04 00:32:11.327 13560 21981 E baseline.com.newsblur.network.APIResponse: 	at baseline.com.newsblur.network.APIResponse.<init>(APIResponse.java:57)
08-04 00:32:11.327 13560 21981 E baseline.com.newsblur.network.APIResponse: 	at baseline.com.newsblur.network.APIResponse.<init>(APIResponse.java:43)
08-04 00:32:11.327 13560 21981 E baseline.com.newsblur.network.APIResponse: 	at baseline.com.newsblur.network.APIManager.post_single(APIManager.java:702)
08-04 00:32:11.327 13560 21981 E baseline.com.newsblur.network.APIResponse: 	at baseline.com.newsblur.network.APIManager.post(APIManager.java:675)
08-04 00:32:11.327 13560 21981 E baseline.com.newsblur.network.APIResponse: 	at baseline.com.newsblur.network.APIManager.post(APIManager.java:714)
08-04 00:32:11.327 13560 21981 E baseline.com.newsblur.network.APIResponse: 	at baseline.com.newsblur.network.APIManager.markStoryAsRead(APIManager.java:205)
08-04 00:32:11.327 13560 21981 E baseline.com.newsblur.network.APIResponse: 	at baseline.com.newsblur.util.ReadingAction.doRemote(ReadingAction.java:281)
08-04 00:32:11.327 13560 21981 E baseline.com.newsblur.network.APIResponse: 	at baseline.com.newsblur.service.NBSyncService.syncActions(NBSyncService.java:400)
08-04 00:32:11.327 13560 21981 E baseline.com.newsblur.network.APIResponse: 	at baseline.com.newsblur.service.NBSyncService.doSync(NBSyncService.java:298)
08-04 00:32:11.327 13560 21981 E baseline.com.newsblur.network.APIResponse: 	at baseline.com.newsblur.service.NBSyncService.access$100(NBSyncService.java:67)
08-04 00:32:11.327 13560 21981 E baseline.com.newsblur.network.APIResponse: 	at baseline.com.newsblur.service.NBSyncService$1.run(NBSyncService.java:188)
08-04 00:32:11.327 13560 21981 E baseline.com.newsblur.network.APIResponse: 	at java.util.concurrent.ThreadPoolExecutor.runWorker(ThreadPoolExecutor.java:1113)
08-04 00:32:11.327 13560 21981 E baseline.com.newsblur.network.APIResponse: 	at java.util.concurrent.ThreadPoolExecutor$Worker.run(ThreadPoolExecutor.java:588)
08-04 00:32:11.327 13560 21981 E baseline.com.newsblur.network.APIResponse: 	at java.lang.Thread.run(Thread.java:818)
08-04 00:32:11.327 13560 21981 E baseline.com.newsblur.network.APIResponse: Caused by: java.io.EOFException: \n not found: limit=0 content=
08-04 00:32:11.327 13560 21981 E baseline.com.newsblur.network.APIResponse: 	at okio.RealBufferedSource.readUtf8LineStrict(RealBufferedSource.java:240)
08-04 00:32:11.327 13560 21981 E baseline.com.newsblur.network.APIResponse: 	at okhttp3.internal.http1.Http1ExchangeCodec.readHeaderLine(Http1ExchangeCodec.java:242)
08-04 00:32:11.327 13560 21981 E baseline.com.newsblur.network.APIResponse: 	at okhttp3.internal.http1.Http1ExchangeCodec.readResponseHeaders(Http1ExchangeCodec.java:213)
08-04 00:32:11.327 13560 21981 E baseline.com.newsblur.network.APIResponse: 	... 30 more
08-04 00:32:11.329 13560 21981 I baseline.com.newsblur.network.APIManager: API call failed, pausing before retry number 1
08-04 00:32:11.441 13560 13571 I art     : Starting a blocking GC Explicit
08-04 00:32:11.479 13560 13571 I art     : Explicit concurrent mark sweep GC freed 4651(415KB) AllocSpace objects, 6(260KB) LOS objects, 29% free, 37MB/53MB, paused 1.138ms total 37.633ms
08-04 00:32:11.490 13560 13571 I art     : Starting a blocking GC Explicit
08-04 00:32:11.522 13560 13571 I art     : Explicit concurrent mark sweep GC freed 993(118KB) AllocSpace objects, 0(0B) LOS objects, 29% free, 37MB/53MB, paused 950us total 32.218ms
08-04 00:32:11.533 13560 13571 I art     : Starting a blocking GC Explicit
08-04 00:32:11.565 13560 13571 I art     : Explicit concurrent mark sweep GC freed 14(368B) AllocSpace objects, 0(0B) LOS objects, 29% free, 37MB/53MB, paused 875us total 31.702ms
08-04 00:32:11.576 13560 13571 I art     : Starting a blocking GC Explicit
08-04 00:32:11.605 13560 13571 I art     : Explicit concurrent mark sweep GC freed 33(1872B) AllocSpace objects, 0(0B) LOS objects, 29% free, 37MB/53MB, paused 873us total 28.619ms
08-04 00:32:11.615 13560 13571 I art     : Starting a blocking GC Explicit
08-04 00:32:11.644 13560 13571 I art     : Explicit concurrent mark sweep GC freed 9(320B) AllocSpace objects, 0(0B) LOS objects, 29% free, 37MB/53MB, paused 916us total 29.119ms
08-04 00:32:11.851 13560 21643 E chromium: [ERROR:tile_manager.cc(793)] WARNING: tile memory limits exceeded, some content may not draw
08-04 00:32:11.852 13560 21643 E chromium: [ERROR:tile_manager.cc(793)] WARNING: tile memory limits exceeded, some content may not draw
08-04 00:32:11.880 13560 21643 E chromium: [ERROR:tile_manager.cc(793)] WARNING: tile memory limits exceeded, some content may not draw
08-04 00:32:11.881 13560 21643 E chromium: [ERROR:tile_manager.cc(793)] WARNING: tile memory limits exceeded, some content may not draw
08-04 00:32:11.897 13560 21643 E chromium: [ERROR:tile_manager.cc(793)] WARNING: tile memory limits exceeded, some content may not draw
08-04 00:32:11.897 13560 21643 E chromium: [ERROR:tile_manager.cc(793)] WARNING: tile memory limits exceeded, some content may not draw
08-04 00:32:11.943 17791 17791 I ServiceManager: Waiting for service AtCmdFwd...
08-04 00:32:11.959 13560 13572 I art     : Starting a blocking GC Explicit
08-04 00:32:11.995 13560 13572 I art     : Explicit concurrent mark sweep GC freed 1521(85KB) AllocSpace objects, 1(20KB) LOS objects, 29% free, 37MB/53MB, paused 954us total 35.337ms
08-04 00:32:12.006 13560 13572 I art     : Starting a blocking GC Explicit
08-04 00:32:12.038 13560 13572 I art     : Explicit concurrent mark sweep GC freed 40(1360B) AllocSpace objects, 0(0B) LOS objects, 29% free, 37MB/53MB, paused 882us total 32.020ms
08-04 00:32:12.048 13560 13572 I art     : Starting a blocking GC Explicit
08-04 00:32:12.080 13560 13572 I art     : Explicit concurrent mark sweep GC freed 15(480B) AllocSpace objects, 0(0B) LOS objects, 29% free, 37MB/53MB, paused 960us total 31.592ms
08-04 00:32:12.090 13560 13572 I art     : Starting a blocking GC Explicit
08-04 00:32:12.119 13560 13572 I art     : Explicit concurrent mark sweep GC freed 10(320B) AllocSpace objects, 0(0B) LOS objects, 29% free, 37MB/53MB, paused 828us total 28.376ms
08-04 00:32:12.128 13560 13572 I art     : Starting a blocking GC Explicit
08-04 00:32:12.157 13560 13572 I art     : Explicit concurrent mark sweep GC freed 3(96B) AllocSpace objects, 0(0B) LOS objects, 29% free, 37MB/53MB, paused 1.064ms total 28.831ms
08-04 00:32:12.505 13560 13572 I art     : Starting a blocking GC Explicit
08-04 00:32:12.541 13560 13572 I art     : Explicit concurrent mark sweep GC freed 1440(83KB) AllocSpace objects, 1(20KB) LOS objects, 29% free, 37MB/53MB, paused 1.004ms total 35.156ms
08-04 00:32:12.552 13560 13572 I art     : Starting a blocking GC Explicit
08-04 00:32:12.584 13560 13572 I art     : Explicit concurrent mark sweep GC freed 22(784B) AllocSpace objects, 0(0B) LOS objects, 29% free, 37MB/53MB, paused 845us total 31.527ms
08-04 00:32:12.594 13560 13572 I art     : Starting a blocking GC Explicit
08-04 00:32:12.625 13560 13572 I art     : Explicit concurrent mark sweep GC freed 3(96B) AllocSpace objects, 0(0B) LOS objects, 29% free, 37MB/53MB, paused 913us total 30.681ms
08-04 00:32:12.635 13560 13572 I art     : Starting a blocking GC Explicit
08-04 00:32:12.667 13560 13572 I art     : Explicit concurrent mark sweep GC freed 3(96B) AllocSpace objects, 0(0B) LOS objects, 29% free, 37MB/53MB, paused 845us total 31.636ms
08-04 00:32:12.677 13560 13572 I art     : Starting a blocking GC Explicit
08-04 00:32:12.709 13560 13572 I art     : Explicit concurrent mark sweep GC freed 3(96B) AllocSpace objects, 0(0B) LOS objects, 29% free, 37MB/53MB, paused 1.035ms total 32.157ms
08-04 00:32:12.943 17791 17791 I ServiceManager: Waiting for service AtCmdFwd...
08-04 00:32:13.072 13560 21596 I art     : Starting a blocking GC Explicit
08-04 00:32:13.108 13560 21596 I art     : Explicit concurrent mark sweep GC freed 1606(91KB) AllocSpace objects, 1(20KB) LOS objects, 29% free, 37MB/53MB, paused 1.141ms total 35.914ms
08-04 00:32:13.110   918  3261 D WifiStateMachine: starting scan for "H369AA63323"WPA_PSK with 2412,5180
08-04 00:32:13.120 13560 21596 I art     : Starting a blocking GC Explicit
08-04 00:32:13.151 13560 21596 I art     : Explicit concurrent mark sweep GC freed 28(1040B) AllocSpace objects, 0(0B) LOS objects, 29% free, 37MB/53MB, paused 882us total 31.245ms
08-04 00:32:13.161 13560 21596 I art     : Starting a blocking GC Explicit
08-04 00:32:13.192 13560 21596 I art     : Explicit concurrent mark sweep GC freed 3(96B) AllocSpace objects, 0(0B) LOS objects, 29% free, 37MB/53MB, paused 944us total 30.819ms
08-04 00:32:13.203 13560 21596 I art     : Starting a blocking GC Explicit
08-04 00:32:13.234 13560 21596 I art     : Explicit concurrent mark sweep GC freed 1674(65KB) AllocSpace objects, 0(0B) LOS objects, 29% free, 37MB/53MB, paused 924us total 31.316ms
08-04 00:32:13.244 13560 21596 I art     : Starting a blocking GC Explicit
08-04 00:32:13.258 13560 21981 E baseline.com.newsblur.network.APIResponse: Error (unexpected end of stream on https://www.newsblur.com/...) calling https://www.newsblur.com/reader/mark_story_hashes_as_read/
08-04 00:32:13.258 13560 21981 E baseline.com.newsblur.network.APIResponse: java.io.IOException: unexpected end of stream on https://www.newsblur.com/...
08-04 00:32:13.258 13560 21981 E baseline.com.newsblur.network.APIResponse: 	at okhttp3.internal.http1.Http1ExchangeCodec.readResponseHeaders(Http1ExchangeCodec.java:236)
08-04 00:32:13.258 13560 21981 E baseline.com.newsblur.network.APIResponse: 	at okhttp3.internal.connection.Exchange.readResponseHeaders(Exchange.java:115)
08-04 00:32:13.258 13560 21981 E baseline.com.newsblur.network.APIResponse: 	at okhttp3.internal.http.CallServerInterceptor.intercept(CallServerInterceptor.java:94)
08-04 00:32:13.258 13560 21981 E baseline.com.newsblur.network.APIResponse: 	at okhttp3.internal.http.RealInterceptorChain.proceed(RealInterceptorChain.java:142)
08-04 00:32:13.258 13560 21981 E baseline.com.newsblur.network.APIResponse: 	at okhttp3.internal.connection.ConnectInterceptor.intercept(ConnectInterceptor.java:43)
08-04 00:32:13.258 13560 21981 E baseline.com.newsblur.network.APIResponse: 	at okhttp3.internal.http.RealInterceptorChain.proceed(RealInterceptorChain.java:142)
08-04 00:32:13.258 13560 21981 E baseline.com.newsblur.network.APIResponse: 	at okhttp3.internal.http.RealInterceptorChain.proceed(RealInterceptorChain.java:117)
08-04 00:32:13.258 13560 21981 E baseline.com.newsblur.network.APIResponse: 	at okhttp3.internal.cache.CacheInterceptor.intercept(CacheInterceptor.java:94)
08-04 00:32:13.258 13560 21981 E baseline.com.newsblur.network.APIResponse: 	at okhttp3.internal.http.RealInterceptorChain.proceed(RealInterceptorChain.java:142)
08-04 00:32:13.258 13560 21981 E baseline.com.newsblur.network.APIResponse: 	at okhttp3.internal.http.RealInterceptorChain.proceed(RealInterceptorChain.java:117)
08-04 00:32:13.258 13560 21981 E baseline.com.newsblur.network.APIResponse: 	at okhttp3.internal.http.BridgeInterceptor.intercept(BridgeInterceptor.java:93)
08-04 00:32:13.258 13560 21981 E baseline.com.newsblur.network.APIResponse: 	at okhttp3.internal.http.RealInterceptorChain.proceed(RealInterceptorChain.java:142)
08-04 00:32:13.258 13560 21981 E baseline.com.newsblur.network.APIResponse: 	at okhttp3.internal.http.RetryAndFollowUpInterceptor.intercept(RetryAndFollowUpInterceptor.java:88)
08-04 00:32:13.258 13560 21981 E baseline.com.newsblur.network.APIResponse: 	at okhttp3.internal.http.RealInterceptorChain.proceed(RealInterceptorChain.java:142)
08-04 00:32:13.258 13560 21981 E baseline.com.newsblur.network.APIResponse: 	at okhttp3.internal.http.RealInterceptorChain.proceed(RealInterceptorChain.java:117)
08-04 00:32:13.258 13560 21981 E baseline.com.newsblur.network.APIResponse: 	at okhttp3.RealCall.getResponseWithInterceptorChain(RealCall.java:229)
08-04 00:32:13.258 13560 21981 E baseline.com.newsblur.network.APIResponse: 	at okhttp3.RealCall.execute(RealCall.java:81)
08-04 00:32:13.258 13560 21981 E baseline.com.newsblur.network.APIResponse: 	at baseline.com.newsblur.network.APIResponse.<init>(APIResponse.java:57)
08-04 00:32:13.258 13560 21981 E baseline.com.newsblur.network.APIResponse: 	at baseline.com.newsblur.network.APIResponse.<init>(APIResponse.java:43)
08-04 00:32:13.258 13560 21981 E baseline.com.newsblur.network.APIResponse: 	at baseline.com.newsblur.network.APIManager.post_single(APIManager.java:702)
08-04 00:32:13.258 13560 21981 E baseline.com.newsblur.network.APIResponse: 	at baseline.com.newsblur.network.APIManager.post(APIManager.java:675)
08-04 00:32:13.258 13560 21981 E baseline.com.newsblur.network.APIResponse: 	at baseline.com.newsblur.network.APIManager.post(APIManager.java:714)
08-04 00:32:13.258 13560 21981 E baseline.com.newsblur.network.APIResponse: 	at baseline.com.newsblur.network.APIManager.markStoryAsRead(APIManager.java:205)
08-04 00:32:13.258 13560 21981 E baseline.com.newsblur.network.APIResponse: 	at baseline.com.newsblur.util.ReadingAction.doRemote(ReadingAction.java:281)
08-04 00:32:13.258 13560 21981 E baseline.com.newsblur.network.APIResponse: 	at baseline.com.newsblur.service.NBSyncService.syncActions(NBSyncService.java:400)
08-04 00:32:13.258 13560 21981 E baseline.com.newsblur.network.APIResponse: 	at baseline.com.newsblur.service.NBSyncService.doSync(NBSyncService.java:298)
08-04 00:32:13.258 13560 21981 E baseline.com.newsblur.network.APIResponse: 	at baseline.com.newsblur.service.NBSyncService.access$100(NBSyncService.java:67)
08-04 00:32:13.258 13560 21981 E baseline.com.newsblur.network.APIResponse: 	at baseline.com.newsblur.service.NBSyncService$1.run(NBSyncService.java:188)
08-04 00:32:13.258 13560 21981 E baseline.com.newsblur.network.APIResponse: 	at java.util.concurrent.ThreadPoolExecutor.runWorker(ThreadPoolExecutor.java:1113)
08-04 00:32:13.258 13560 21981 E baseline.com.newsblur.network.APIResponse: 	at java.util.concurrent.ThreadPoolExecutor$Worker.run(ThreadPoolExecutor.java:588)
08-04 00:32:13.258 13560 21981 E baseline.com.newsblur.network.APIResponse: 	at java.lang.Thread.run(Thread.java:818)
08-04 00:32:13.258 13560 21981 E baseline.com.newsblur.network.APIResponse: Caused by: java.io.EOFException: \n not found: limit=0 content=
08-04 00:32:13.258 13560 21981 E baseline.com.newsblur.network.APIResponse: 	at okio.RealBufferedSource.readUtf8LineStrict(RealBufferedSource.java:240)
08-04 00:32:13.258 13560 21981 E baseline.com.newsblur.network.APIResponse: 	at okhttp3.internal.http1.Http1ExchangeCodec.readHeaderLine(Http1ExchangeCodec.java:242)
08-04 00:32:13.258 13560 21981 E baseline.com.newsblur.network.APIResponse: 	at okhttp3.internal.http1.Http1ExchangeCodec.readResponseHeaders(Http1ExchangeCodec.java:213)
08-04 00:32:13.258 13560 21981 E baseline.com.newsblur.network.APIResponse: 	... 30 more
08-04 00:32:13.260 13560 21981 I baseline.com.newsblur.network.APIManager: API call failed, pausing before retry number 2
08-04 00:32:13.273 13560 21596 I art     : Explicit concurrent mark sweep GC freed 804(195KB) AllocSpace objects, 2(40KB) LOS objects, 29% free, 37MB/53MB, paused 862us total 28.916ms
08-04 00:32:13.625 13560 13571 I art     : Starting a blocking GC Explicit
08-04 00:32:13.661 13560 13571 I art     : Explicit concurrent mark sweep GC freed 1540(98KB) AllocSpace objects, 1(20KB) LOS objects, 29% free, 37MB/53MB, paused 1.050ms total 35.548ms
08-04 00:32:13.672 13560 13571 I art     : Starting a blocking GC Explicit
08-04 00:32:13.704 13560 13571 I art     : Explicit concurrent mark sweep GC freed 44(1520B) AllocSpace objects, 0(0B) LOS objects, 29% free, 37MB/53MB, paused 889us total 31.738ms
08-04 00:32:13.715 13560 13571 I art     : Starting a blocking GC Explicit
08-04 00:32:13.747 13560 13571 I art     : Explicit concurrent mark sweep GC freed 3(96B) AllocSpace objects, 0(0B) LOS objects, 29% free, 37MB/53MB, paused 915us total 31.834ms
08-04 00:32:13.757 13560 13571 I art     : Starting a blocking GC Explicit
08-04 00:32:13.789 13560 13571 I art     : Explicit concurrent mark sweep GC freed 3(96B) AllocSpace objects, 0(0B) LOS objects, 29% free, 37MB/53MB, paused 918us total 31.607ms
08-04 00:32:13.800 13560 13571 I art     : Starting a blocking GC Explicit
08-04 00:32:13.832 13560 13571 I art     : Explicit concurrent mark sweep GC freed 3(96B) AllocSpace objects, 0(0B) LOS objects, 29% free, 37MB/53MB, paused 853us total 32.451ms
08-04 00:32:13.944 17791 17791 W Atfwd_Sendcmd: AtCmdFwd service not published, waiting... retryCnt : 1
08-04 00:32:14.203 13560 13571 I art     : Starting a blocking GC Explicit
08-04 00:32:14.239 13560 13571 I art     : Explicit concurrent mark sweep GC freed 1440(83KB) AllocSpace objects, 1(20KB) LOS objects, 29% free, 37MB/53MB, paused 903us total 35.221ms
08-04 00:32:14.239 13560 13570 I art     : WaitForGcToComplete blocked for 29.684ms for cause HeapTrim
08-04 00:32:14.249 13560 13571 I art     : Starting a blocking GC Explicit
08-04 00:32:14.282 13560 13571 I art     : Explicit concurrent mark sweep GC freed 22(784B) AllocSpace objects, 0(0B) LOS objects, 29% free, 37MB/53MB, paused 1.072ms total 32.283ms
08-04 00:32:14.293 13560 13571 I art     : Starting a blocking GC Explicit
08-04 00:32:14.324 13560 13571 I art     : Explicit concurrent mark sweep GC freed 3(96B) AllocSpace objects, 0(0B) LOS objects, 29% free, 37MB/53MB, paused 884us total 30.615ms
08-04 00:32:14.335 13560 13571 I art     : Starting a blocking GC Explicit
08-04 00:32:14.367 13560 13571 I art     : Explicit concurrent mark sweep GC freed 3(96B) AllocSpace objects, 0(0B) LOS objects, 29% free, 37MB/53MB, paused 1.143ms total 31.989ms
08-04 00:32:14.378 13560 13571 I art     : Starting a blocking GC Explicit
08-04 00:32:14.409 13560 13571 I art     : Explicit concurrent mark sweep GC freed 3(96B) AllocSpace objects, 0(0B) LOS objects, 29% free, 37MB/53MB, paused 928us total 30.883ms
08-04 00:32:14.727 13560 21229 I art     : Starting a blocking GC Explicit
08-04 00:32:14.760 13560 21229 I art     : Explicit concurrent mark sweep GC freed 1439(82KB) AllocSpace objects, 1(20KB) LOS objects, 29% free, 37MB/53MB, paused 1.013ms total 33.003ms
08-04 00:32:14.770 13560 21229 I art     : Starting a blocking GC Explicit
08-04 00:32:14.802 13560 21229 I art     : Explicit concurrent mark sweep GC freed 22(784B) AllocSpace objects, 0(0B) LOS objects, 29% free, 37MB/53MB, paused 883us total 31.794ms
08-04 00:32:14.812 13560 21229 I art     : Starting a blocking GC Explicit
08-04 00:32:14.841 13560 21229 I art     : Explicit concurrent mark sweep GC freed 3(96B) AllocSpace objects, 0(0B) LOS objects, 29% free, 37MB/53MB, paused 947us total 29.355ms
08-04 00:32:14.852 13560 21229 I art     : Starting a blocking GC Explicit
08-04 00:32:14.884 13560 21229 I art     : Explicit concurrent mark sweep GC freed 3(96B) AllocSpace objects, 0(0B) LOS objects, 29% free, 37MB/53MB, paused 859us total 31.907ms
08-04 00:32:14.894 13560 21229 I art     : Starting a blocking GC Explicit
08-04 00:32:14.922 13560 21229 I art     : Explicit concurrent mark sweep GC freed 3(96B) AllocSpace objects, 0(0B) LOS objects, 29% free, 37MB/53MB, paused 879us total 28.637ms
08-04 00:32:14.990 22057 22057 D AndroidRuntime: >>>>>> START com.android.internal.os.RuntimeInit uid 2000 <<<<<<
08-04 00:32:14.995 22057 22057 D AndroidRuntime: CheckJNI is OFF
08-04 00:32:15.030 22057 22057 D ICU     : No timezone override file found: /data/misc/zoneinfo/current/icu/icu_tzdata.dat
08-04 00:32:15.066 22057 22057 I Radio-JNI: register_android_hardware_Radio DONE
08-04 00:32:15.086 22057 22057 D AndroidRuntime: Calling main entry com.android.commands.input.Input
08-04 00:32:15.088 22057 22057 I Input   : injectKeyEvent: KeyEvent { action=ACTION_DOWN, keyCode=KEYCODE_BACK, scanCode=0, metaState=0, flags=0x0, repeatCount=0, eventTime=664351501, downTime=664351501, deviceId=-1, source=0x101 }
08-04 00:32:15.093 22057 22057 I Input   : injectKeyEvent: KeyEvent { action=ACTION_UP, keyCode=KEYCODE_BACK, scanCode=0, metaState=0, flags=0x0, repeatCount=0, eventTime=664351501, downTime=664351501, deviceId=-1, source=0x101 }
08-04 00:32:15.097 22057 22057 D AndroidRuntime: Shutting down VM
08-04 00:32:15.206 13560 13571 I art     : Starting a blocking GC Explicit
08-04 00:32:15.226 13866 13866 I GoogleInputMethodServic: GoogleInputMethodService.onFinishInput():3138 
08-04 00:32:15.227 13866 13866 I GoogleInputMethodServic: GoogleInputMethodService.onStartInput():1808 
08-04 00:32:15.245 13560 13571 I art     : Explicit concurrent mark sweep GC freed 2840(224KB) AllocSpace objects, 5(100KB) LOS objects, 29% free, 37MB/53MB, paused 1.019ms total 38.926ms
08-04 00:32:15.255 13560 13571 I art     : Starting a blocking GC Explicit
08-04 00:32:15.288 13560 13571 I art     : Explicit concurrent mark sweep GC freed 775(58KB) AllocSpace objects, 1(20KB) LOS objects, 29% free, 37MB/53MB, paused 1.297ms total 32.555ms
08-04 00:32:15.298 13560 13571 I art     : Starting a blocking GC Explicit
08-04 00:32:15.327 13560 13571 I art     : Explicit concurrent mark sweep GC freed 25(1088B) AllocSpace objects, 1(28KB) LOS objects, 29% free, 37MB/53MB, paused 917us total 28.254ms
08-04 00:32:15.336 13560 13571 I art     : Starting a blocking GC Explicit
08-04 00:32:15.365 13560 13571 I art     : Explicit concurrent mark sweep GC freed 9(288B) AllocSpace objects, 0(0B) LOS objects, 29% free, 37MB/53MB, paused 902us total 28.049ms
08-04 00:32:15.375 13560 13571 I art     : Starting a blocking GC Explicit
08-04 00:32:15.406 13560 13571 I art     : Explicit concurrent mark sweep GC freed 3(96B) AllocSpace objects, 0(0B) LOS objects, 29% free, 37MB/53MB, paused 840us total 30.761ms
08-04 00:32:15.618 21114 21240 W FirebaseInstanceId: Token retrieval failed: SERVICE_NOT_AVAILABLE. Will retry token retrieval
08-04 00:32:15.712 13560 21229 I art     : Starting a blocking GC Explicit
08-04 00:32:15.742 13560 21229 I art     : Explicit concurrent mark sweep GC freed 3134(163KB) AllocSpace objects, 1(20KB) LOS objects, 29% free, 37MB/53MB, paused 849us total 29.776ms
08-04 00:32:15.751 13560 21229 I art     : Starting a blocking GC Explicit
08-04 00:32:15.780 13560 21229 I art     : Explicit concurrent mark sweep GC freed 153(7KB) AllocSpace objects, 0(0B) LOS objects, 29% free, 37MB/53MB, paused 915us total 28.593ms
08-04 00:32:15.789 13560 21229 I art     : Starting a blocking GC Explicit
08-04 00:32:15.818 13560 21229 I art     : Explicit concurrent mark sweep GC freed 8(256B) AllocSpace objects, 0(0B) LOS objects, 29% free, 37MB/53MB, paused 1.014ms total 29.527ms
08-04 00:32:15.828 13560 21229 I art     : Starting a blocking GC Explicit
08-04 00:32:15.857 13560 21229 I art     : Explicit concurrent mark sweep GC freed 8(256B) AllocSpace objects, 0(0B) LOS objects, 29% free, 37MB/53MB, paused 1.050ms total 29.055ms
08-04 00:32:15.866 13560 21229 I art     : Starting a blocking GC Explicit
08-04 00:32:15.896 13560 21229 I art     : Explicit concurrent mark sweep GC freed 7(224B) AllocSpace objects, 0(0B) LOS objects, 29% free, 37MB/53MB, paused 929us total 29.611ms
08-04 00:32:16.212 13560 13571 I art     : Starting a blocking GC Explicit
08-04 00:32:16.243 13560 13571 I art     : Explicit concurrent mark sweep GC freed 1480(84KB) AllocSpace objects, 1(20KB) LOS objects, 29% free, 37MB/53MB, paused 946us total 31.343ms
08-04 00:32:16.252 13560 13571 I art     : Starting a blocking GC Explicit
08-04 00:32:16.286 13560 13571 I art     : Explicit concurrent mark sweep GC freed 118(4KB) AllocSpace objects, 0(0B) LOS objects, 29% free, 37MB/53MB, paused 1.090ms total 33.455ms
08-04 00:32:16.297 13560 13571 I art     : Starting a blocking GC Explicit
08-04 00:32:16.332 13560 13571 I art     : Explicit concurrent mark sweep GC freed 14(512B) AllocSpace objects, 0(0B) LOS objects, 29% free, 37MB/53MB, paused 997us total 34.402ms
08-04 00:32:16.343 13560 13571 I art     : Starting a blocking GC Explicit
08-04 00:32:16.377 13560 13571 I art     : Explicit concurrent mark sweep GC freed 21(848B) AllocSpace objects, 0(0B) LOS objects, 29% free, 37MB/53MB, paused 1.117ms total 33.813ms
08-04 00:32:16.387 13560 13571 I art     : Starting a blocking GC Explicit
08-04 00:32:16.418 13560 13571 I art     : Explicit concurrent mark sweep GC freed 69(4KB) AllocSpace objects, 0(0B) LOS objects, 29% free, 37MB/53MB, paused 1.099ms total 31.106ms
08-04 00:32:16.429   518   646 I ThermalEngine: ACTION: GPU - Setting GPU[0] to 450000000
08-04 00:32:16.742 13560 21229 I art     : Starting a blocking GC Explicit
08-04 00:32:16.782 13560 21229 I art     : Explicit concurrent mark sweep GC freed 1469(83KB) AllocSpace objects, 1(20KB) LOS objects, 29% free, 37MB/53MB, paused 1.331ms total 39.923ms
08-04 00:32:16.795 13560 21229 I art     : Starting a blocking GC Explicit
08-04 00:32:16.827 22108 22108 D AndroidRuntime: >>>>>> START com.android.internal.os.RuntimeInit uid 2000 <<<<<<
08-04 00:32:16.832 22108 22108 D AndroidRuntime: CheckJNI is OFF
08-04 00:32:16.836 13560 21229 I art     : Explicit concurrent mark sweep GC freed 36(1232B) AllocSpace objects, 0(0B) LOS objects, 29% free, 37MB/53MB, paused 1.548ms total 40.907ms
08-04 00:32:16.849 13560 21229 I art     : Starting a blocking GC Explicit
08-04 00:32:16.878 22108 22108 D ICU     : No timezone override file found: /data/misc/zoneinfo/current/icu/icu_tzdata.dat
08-04 00:32:16.893 13560 21229 I art     : Explicit concurrent mark sweep GC freed 687(28KB) AllocSpace objects, 0(0B) LOS objects, 29% free, 37MB/53MB, paused 1.902ms total 43.252ms
08-04 00:32:16.905 13560 21229 I art     : Starting a blocking GC Explicit
08-04 00:32:16.925 22108 22108 I Radio-JNI: register_android_hardware_Radio DONE
08-04 00:32:16.942 13560 21981 E baseline.com.newsblur.network.APIResponse: Error (unexpected end of stream on https://www.newsblur.com/...) calling https://www.newsblur.com/reader/mark_story_hashes_as_read/
08-04 00:32:16.942 13560 21981 E baseline.com.newsblur.network.APIResponse: java.io.IOException: unexpected end of stream on https://www.newsblur.com/...
08-04 00:32:16.942 13560 21981 E baseline.com.newsblur.network.APIResponse: 	at okhttp3.internal.http1.Http1ExchangeCodec.readResponseHeaders(Http1ExchangeCodec.java:236)
08-04 00:32:16.942 13560 21981 E baseline.com.newsblur.network.APIResponse: 	at okhttp3.internal.connection.Exchange.readResponseHeaders(Exchange.java:115)
08-04 00:32:16.942 13560 21981 E baseline.com.newsblur.network.APIResponse: 	at okhttp3.internal.http.CallServerInterceptor.intercept(CallServerInterceptor.java:94)
08-04 00:32:16.942 13560 21981 E baseline.com.newsblur.network.APIResponse: 	at okhttp3.internal.http.RealInterceptorChain.proceed(RealInterceptorChain.java:142)
08-04 00:32:16.942 13560 21981 E baseline.com.newsblur.network.APIResponse: 	at okhttp3.internal.connection.ConnectInterceptor.intercept(ConnectInterceptor.java:43)
08-04 00:32:16.942 13560 21981 E baseline.com.newsblur.network.APIResponse: 	at okhttp3.internal.http.RealInterceptorChain.proceed(RealInterceptorChain.java:142)
08-04 00:32:16.942 13560 21981 E baseline.com.newsblur.network.APIResponse: 	at okhttp3.internal.http.RealInterceptorChain.proceed(RealInterceptorChain.java:117)
08-04 00:32:16.942 13560 21981 E baseline.com.newsblur.network.APIResponse: 	at okhttp3.internal.cache.CacheInterceptor.intercept(CacheInterceptor.java:94)
08-04 00:32:16.942 13560 21981 E baseline.com.newsblur.network.APIResponse: 	at okhttp3.internal.http.RealInterceptorChain.proceed(RealInterceptorChain.java:142)
08-04 00:32:16.942 13560 21981 E baseline.com.newsblur.network.APIResponse: 	at okhttp3.internal.http.RealInterceptorChain.proceed(RealInterceptorChain.java:117)
08-04 00:32:16.942 13560 21981 E baseline.com.newsblur.network.APIResponse: 	at okhttp3.internal.http.BridgeInterceptor.intercept(BridgeInterceptor.java:93)
08-04 00:32:16.942 13560 21981 E baseline.com.newsblur.network.APIResponse: 	at okhttp3.internal.http.RealInterceptorChain.proceed(RealInterceptorChain.java:142)
08-04 00:32:16.942 13560 21981 E baseline.com.newsblur.network.APIResponse: 	at okhttp3.internal.http.RetryAndFollowUpInterceptor.intercept(RetryAndFollowUpInterceptor.java:88)
08-04 00:32:16.942 13560 21981 E baseline.com.newsblur.network.APIResponse: 	at okhttp3.internal.http.RealInterceptorChain.proceed(RealInterceptorChain.java:142)
08-04 00:32:16.942 13560 21981 E baseline.com.newsblur.network.APIResponse: 	at okhttp3.internal.http.RealInterceptorChain.proceed(RealInterceptorChain.java:117)
08-04 00:32:16.942 13560 21981 E baseline.com.newsblur.network.APIResponse: 	at okhttp3.RealCall.getResponseWithInterceptorChain(RealCall.java:229)
08-04 00:32:16.942 13560 21981 E baseline.com.newsblur.network.APIResponse: 	at okhttp3.RealCall.execute(RealCall.java:81)
08-04 00:32:16.942 13560 21981 E baseline.com.newsblur.network.APIResponse: 	at baseline.com.newsblur.network.APIResponse.<init>(APIResponse.java:57)
08-04 00:32:16.942 13560 21981 E baseline.com.newsblur.network.APIResponse: 	at baseline.com.newsblur.network.APIResponse.<init>(APIResponse.java:43)
08-04 00:32:16.942 13560 21981 E baseline.com.newsblur.network.APIResponse: 	at baseline.com.newsblur.network.APIManager.post_single(APIManager.java:702)
08-04 00:32:16.942 13560 21981 E baseline.com.newsblur.network.APIResponse: 	at baseline.com.newsblur.network.APIManager.post(APIManager.java:675)
08-04 00:32:16.942 13560 21981 E baseline.com.newsblur.network.APIResponse: 	at baseline.com.newsblur.network.APIManager.post(APIManager.java:714)
08-04 00:32:16.942 13560 21981 E baseline.com.newsblur.network.APIResponse: 	at baseline.com.newsblur.network.APIManager.markStoryAsRead(APIManager.java:205)
08-04 00:32:16.942 13560 21981 E baseline.com.newsblur.network.APIResponse: 	at baseline.com.newsblur.util.ReadingAction.doRemote(ReadingAction.java:281)
08-04 00:32:16.942 13560 21981 E baseline.com.newsblur.network.APIResponse: 	at baseline.com.newsblur.service.NBSyncService.syncActions(NBSyncService.java:400)
08-04 00:32:16.942 13560 21981 E baseline.com.newsblur.network.APIResponse: 	at baseline.com.newsblur.service.NBSyncService.doSync(NBSyncService.java:298)
08-04 00:32:16.942 13560 21981 E baseline.com.newsblur.network.APIResponse: 	at baseline.com.newsblur.service.NBSyncService.access$100(NBSyncService.java:67)
08-04 00:32:16.942 13560 21981 E baseline.com.newsblur.network.APIResponse: 	at baseline.com.newsblur.service.NBSyncService$1.run(NBSyncService.java:188)
08-04 00:32:16.942 13560 21981 E baseline.com.newsblur.network.APIResponse: 	at java.util.concurrent.ThreadPoolExecutor.runWorker(ThreadPoolExecutor.java:1113)
08-04 00:32:16.942 13560 21981 E baseline.com.newsblur.network.APIResponse: 	at java.util.concurrent.ThreadPoolExecutor$Worker.run(ThreadPoolExecutor.java:588)
08-04 00:32:16.942 13560 21981 E baseline.com.newsblur.network.APIResponse: 	at java.lang.Thread.run(Thread.java:818)
08-04 00:32:16.942 13560 21981 E baseline.com.newsblur.network.APIResponse: Caused by: java.io.EOFException: \n not found: limit=0 content=
08-04 00:32:16.942 13560 21981 E baseline.com.newsblur.network.APIResponse: 	at okio.RealBufferedSource.readUtf8LineStrict(RealBufferedSource.java:240)
08-04 00:32:16.942 13560 21981 E baseline.com.newsblur.network.APIResponse: 	at okhttp3.internal.http1.Http1ExchangeCodec.readHeaderLine(Http1ExchangeCodec.java:242)
08-04 00:32:16.942 13560 21981 E baseline.com.newsblur.network.APIResponse: 	at okhttp3.internal.http1.Http1ExchangeCodec.readResponseHeaders(Http1ExchangeCodec.java:213)
08-04 00:32:16.942 13560 21981 E baseline.com.newsblur.network.APIResponse: 	... 30 more
08-04 00:32:16.943 13560 21981 I baseline.com.newsblur.service.NBSyncService: Holding reading action with server-side or network error.
08-04 00:32:16.946 13560 21229 I art     : Explicit concurrent mark sweep GC freed 1418(161KB) AllocSpace objects, 0(0B) LOS objects, 29% free, 37MB/53MB, paused 1.422ms total 41.167ms
08-04 00:32:16.954 22108 22108 D AndroidRuntime: Calling main entry com.android.commands.input.Input
08-04 00:32:16.956 22108 22108 I Input   : injectKeyEvent: KeyEvent { action=ACTION_DOWN, keyCode=KEYCODE_BACK, scanCode=0, metaState=0, flags=0x0, repeatCount=0, eventTime=664353369, downTime=664353369, deviceId=-1, source=0x101 }
08-04 00:32:16.958 13560 21229 I art     : Starting a blocking GC Explicit
08-04 00:32:16.962 22108 22108 I Input   : injectKeyEvent: KeyEvent { action=ACTION_UP, keyCode=KEYCODE_BACK, scanCode=0, metaState=0, flags=0x0, repeatCount=0, eventTime=664353369, downTime=664353369, deviceId=-1, source=0x101 }
08-04 00:32:16.964 13560 21981 W baseline.com.newsblur.service.NBSyncService: hard API failure
08-04 00:32:16.969 22108 22108 D AndroidRuntime: Shutting down VM
08-04 00:32:16.998 13560 21229 I art     : Explicit concurrent mark sweep GC freed 1179(200KB) AllocSpace objects, 8(160KB) LOS objects, 29% free, 37MB/53MB, paused 1.401ms total 39.416ms
08-04 00:32:17.144 13866 13866 I GoogleInputMethodServic: GoogleInputMethodService.onFinishInput():3138 
08-04 00:32:17.145 13866 13866 I GoogleInputMethodServic: GoogleInputMethodService.onStartInput():1808 
08-04 00:32:17.323 13560 13572 I art     : Starting a blocking GC Explicit
08-04 00:32:17.337 13560 21981 E baseline.com.newsblur.network.APIResponse: Error (unexpected end of stream on https://www.newsblur.com/...) calling https://www.newsblur.com/reader/mark_story_hashes_as_read/
08-04 00:32:17.337 13560 21981 E baseline.com.newsblur.network.APIResponse: java.io.IOException: unexpected end of stream on https://www.newsblur.com/...
08-04 00:32:17.337 13560 21981 E baseline.com.newsblur.network.APIResponse: 	at okhttp3.internal.http1.Http1ExchangeCodec.readResponseHeaders(Http1ExchangeCodec.java:236)
08-04 00:32:17.337 13560 21981 E baseline.com.newsblur.network.APIResponse: 	at okhttp3.internal.connection.Exchange.readResponseHeaders(Exchange.java:115)
08-04 00:32:17.337 13560 21981 E baseline.com.newsblur.network.APIResponse: 	at okhttp3.internal.http.CallServerInterceptor.intercept(CallServerInterceptor.java:94)
08-04 00:32:17.337 13560 21981 E baseline.com.newsblur.network.APIResponse: 	at okhttp3.internal.http.RealInterceptorChain.proceed(RealInterceptorChain.java:142)
08-04 00:32:17.337 13560 21981 E baseline.com.newsblur.network.APIResponse: 	at okhttp3.internal.connection.ConnectInterceptor.intercept(ConnectInterceptor.java:43)
08-04 00:32:17.337 13560 21981 E baseline.com.newsblur.network.APIResponse: 	at okhttp3.internal.http.RealInterceptorChain.proceed(RealInterceptorChain.java:142)
08-04 00:32:17.337 13560 21981 E baseline.com.newsblur.network.APIResponse: 	at okhttp3.internal.http.RealInterceptorChain.proceed(RealInterceptorChain.java:117)
08-04 00:32:17.337 13560 21981 E baseline.com.newsblur.network.APIResponse: 	at okhttp3.internal.cache.CacheInterceptor.intercept(CacheInterceptor.java:94)
08-04 00:32:17.337 13560 21981 E baseline.com.newsblur.network.APIResponse: 	at okhttp3.internal.http.RealInterceptorChain.proceed(RealInterceptorChain.java:142)
08-04 00:32:17.337 13560 21981 E baseline.com.newsblur.network.APIResponse: 	at okhttp3.internal.http.RealInterceptorChain.proceed(RealInterceptorChain.java:117)
08-04 00:32:17.337 13560 21981 E baseline.com.newsblur.network.APIResponse: 	at okhttp3.internal.http.BridgeInterceptor.intercept(BridgeInterceptor.java:93)
08-04 00:32:17.337 13560 21981 E baseline.com.newsblur.network.APIResponse: 	at okhttp3.internal.http.RealInterceptorChain.proceed(RealInterceptorChain.java:142)
08-04 00:32:17.337 13560 21981 E baseline.com.newsblur.network.APIResponse: 	at okhttp3.internal.http.RetryAndFollowUpInterceptor.intercept(RetryAndFollowUpInterceptor.java:88)
08-04 00:32:17.337 13560 21981 E baseline.com.newsblur.network.APIResponse: 	at okhttp3.internal.http.RealInterceptorChain.proceed(RealInterceptorChain.java:142)
08-04 00:32:17.337 13560 21981 E baseline.com.newsblur.network.APIResponse: 	at okhttp3.internal.http.RealInterceptorChain.proceed(RealInterceptorChain.java:117)
08-04 00:32:17.337 13560 21981 E baseline.com.newsblur.network.APIResponse: 	at okhttp3.RealCall.getResponseWithInterceptorChain(RealCall.java:229)
08-04 00:32:17.337 13560 21981 E baseline.com.newsblur.network.APIResponse: 	at okhttp3.RealCall.execute(RealCall.java:81)
08-04 00:32:17.337 13560 21981 E baseline.com.newsblur.network.APIResponse: 	at baseline.com.newsblur.network.APIResponse.<init>(APIResponse.java:57)
08-04 00:32:17.337 13560 21981 E baseline.com.newsblur.network.APIResponse: 	at baseline.com.newsblur.network.APIResponse.<init>(APIResponse.java:43)
08-04 00:32:17.337 13560 21981 E baseline.com.newsblur.network.APIResponse: 	at baseline.com.newsblur.network.APIManager.post_single(APIManager.java:702)
08-04 00:32:17.337 13560 21981 E baseline.com.newsblur.network.APIResponse: 	at baseline.com.newsblur.network.APIManager.post(APIManager.java:675)
08-04 00:32:17.337 13560 21981 E baseline.com.newsblur.network.APIResponse: 	at baseline.com.newsblur.network.APIManager.post(APIManager.java:714)
08-04 00:32:17.337 13560 21981 E baseline.com.newsblur.network.APIResponse: 	at baseline.com.newsblur.network.APIManager.markStoryAsRead(APIManager.java:205)
08-04 00:32:17.337 13560 21981 E baseline.com.newsblur.network.APIResponse: 	at baseline.com.newsblur.util.ReadingAction.doRemote(ReadingAction.java:281)
08-04 00:32:17.337 13560 21981 E baseline.com.newsblur.network.APIResponse: 	at baseline.com.newsblur.service.NBSyncService.syncActions(NBSyncService.java:400)
08-04 00:32:17.337 13560 21981 E baseline.com.newsblur.network.APIResponse: 	at baseline.com.newsblur.service.NBSyncService.doSync(NBSyncService.java:298)
08-04 00:32:17.337 13560 21981 E baseline.com.newsblur.network.APIResponse: 	at baseline.com.newsblur.service.NBSyncService.access$100(NBSyncService.java:67)
08-04 00:32:17.337 13560 21981 E baseline.com.newsblur.network.APIResponse: 	at baseline.com.newsblur.service.NBSyncService$1.run(NBSyncService.java:188)
08-04 00:32:17.337 13560 21981 E baseline.com.newsblur.network.APIResponse: 	at java.util.concurrent.ThreadPoolExecutor.runWorker(ThreadPoolExecutor.java:1113)
08-04 00:32:17.337 13560 21981 E baseline.com.newsblur.network.APIResponse: 	at java.util.concurrent.ThreadPoolExecutor$Worker.run(ThreadPoolExecutor.java:588)
08-04 00:32:17.337 13560 21981 E baseline.com.newsblur.network.APIResponse: 	at java.lang.Thread.run(Thread.java:818)
08-04 00:32:17.337 13560 21981 E baseline.com.newsblur.network.APIResponse: Caused by: java.io.EOFException: \n not found: limit=0 content=
08-04 00:32:17.337 13560 21981 E baseline.com.newsblur.network.APIResponse: 	at okio.RealBufferedSource.readUtf8LineStrict(RealBufferedSource.java:240)
08-04 00:32:17.337 13560 21981 E baseline.com.newsblur.network.APIResponse: 	at okhttp3.internal.http1.Http1ExchangeCodec.readHeaderLine(Http1ExchangeCodec.java:242)
08-04 00:32:17.337 13560 21981 E baseline.com.newsblur.network.APIResponse: 	at okhttp3.internal.http1.Http1ExchangeCodec.readResponseHeaders(Http1ExchangeCodec.java:213)
08-04 00:32:17.337 13560 21981 E baseline.com.newsblur.network.APIResponse: 	... 30 more
08-04 00:32:17.338 13560 21981 I baseline.com.newsblur.network.APIManager: API call failed, pausing before retry number 1
08-04 00:32:17.364 13560 13572 I art     : Explicit concurrent mark sweep GC freed 11822(857KB) AllocSpace objects, 11(220KB) LOS objects, 29% free, 37MB/53MB, paused 1.168ms total 40.451ms
08-04 00:32:17.376 13560 13572 I art     : Starting a blocking GC Explicit
08-04 00:32:17.416 13560 13572 I art     : Explicit concurrent mark sweep GC freed 346(25KB) AllocSpace objects, 0(0B) LOS objects, 29% free, 37MB/53MB, paused 1.263ms total 39.104ms
08-04 00:32:17.430 13560 13572 I art     : Starting a blocking GC Explicit
08-04 00:32:17.471 13560 13572 I art     : Explicit concurrent mark sweep GC freed 25(832B) AllocSpace objects, 0(0B) LOS objects, 29% free, 37MB/53MB, paused 1.218ms total 40.760ms
08-04 00:32:17.485 13560 13572 I art     : Starting a blocking GC Explicit
08-04 00:32:17.526 13560 13572 I art     : Explicit concurrent mark sweep GC freed 408(18KB) AllocSpace objects, 0(0B) LOS objects, 29% free, 37MB/53MB, paused 1.316ms total 40.999ms
08-04 00:32:17.539 13560 13572 I art     : Starting a blocking GC Explicit
08-04 00:32:17.578 13560 13572 I art     : Explicit concurrent mark sweep GC freed 51(2144B) AllocSpace objects, 0(0B) LOS objects, 29% free, 37MB/53MB, paused 1.215ms total 38.991ms
08-04 00:32:17.931 13560 13572 I art     : Starting a blocking GC Explicit
08-04 00:32:17.977 13560 13572 I art     : Explicit concurrent mark sweep GC freed 1622(90KB) AllocSpace objects, 1(20KB) LOS objects, 29% free, 37MB/53MB, paused 1.379ms total 45.617ms
08-04 00:32:17.990 13560 13572 I art     : Starting a blocking GC Explicit
08-04 00:32:18.033 13560 13572 I art     : Explicit concurrent mark sweep GC freed 28(976B) AllocSpace objects, 0(0B) LOS objects, 29% free, 37MB/53MB, paused 1.277ms total 43.068ms
08-04 00:32:18.047 13560 13572 I art     : Starting a blocking GC Explicit
08-04 00:32:18.088 13560 13572 I art     : Explicit concurrent mark sweep GC freed 10(320B) AllocSpace objects, 0(0B) LOS objects, 29% free, 37MB/53MB, paused 1.258ms total 41.311ms
08-04 00:32:18.102 13560 13572 I art     : Starting a blocking GC Explicit
08-04 00:32:18.144 13560 13572 I art     : Explicit concurrent mark sweep GC freed 10(320B) AllocSpace objects, 0(0B) LOS objects, 29% free, 37MB/53MB, paused 1.538ms total 42.240ms
08-04 00:32:18.157 13560 13572 I art     : Starting a blocking GC Explicit
08-04 00:32:18.199 13560 13572 I art     : Explicit concurrent mark sweep GC freed 9(288B) AllocSpace objects, 0(0B) LOS objects, 29% free, 37MB/53MB, paused 1.329ms total 41.593ms
08-04 00:32:18.534 13560 21596 I art     : Starting a blocking GC Explicit
08-04 00:32:18.580 13560 21596 I art     : Explicit concurrent mark sweep GC freed 1481(84KB) AllocSpace objects, 1(20KB) LOS objects, 29% free, 37MB/53MB, paused 1.622ms total 45.603ms
08-04 00:32:18.593 13560 21596 I art     : Starting a blocking GC Explicit
08-04 00:32:18.635 13560 21596 I art     : Explicit concurrent mark sweep GC freed 23(816B) AllocSpace objects, 0(0B) LOS objects, 29% free, 37MB/53MB, paused 1.332ms total 42.235ms
08-04 00:32:18.648 13560 21596 I art     : Starting a blocking GC Explicit
08-04 00:32:18.691 13560 21596 I art     : Explicit concurrent mark sweep GC freed 3(96B) AllocSpace objects, 0(0B) LOS objects, 29% free, 37MB/53MB, paused 1.292ms total 42.867ms
08-04 00:32:18.704 13560 21596 I art     : Starting a blocking GC Explicit
08-04 00:32:18.736 22151 22151 D AndroidRuntime: >>>>>> START com.android.internal.os.RuntimeInit uid 2000 <<<<<<
08-04 00:32:18.742 22151 22151 D AndroidRuntime: CheckJNI is OFF
08-04 00:32:18.747 13560 21596 I art     : Explicit concurrent mark sweep GC freed 3(96B) AllocSpace objects, 0(0B) LOS objects, 29% free, 37MB/53MB, paused 1.537ms total 43.051ms
08-04 00:32:18.760 13560 21596 I art     : Starting a blocking GC Explicit
08-04 00:32:18.788 22151 22151 D ICU     : No timezone override file found: /data/misc/zoneinfo/current/icu/icu_tzdata.dat
08-04 00:32:18.802 13560 21596 I art     : Explicit concurrent mark sweep GC freed 3(96B) AllocSpace objects, 0(0B) LOS objects, 29% free, 37MB/53MB, paused 1.412ms total 41.998ms
08-04 00:32:18.834 22151 22151 I Radio-JNI: register_android_hardware_Radio DONE
08-04 00:32:18.863 22151 22151 D AndroidRuntime: Calling main entry com.android.commands.input.Input
08-04 00:32:18.865 22151 22151 I Input   : injectMotionEvent: MotionEvent { action=ACTION_DOWN, actionButton=0, id[0]=0, x[0]=594.0, y[0]=330.0, toolType[0]=TOOL_TYPE_UNKNOWN, buttonState=0, metaState=0, flags=0x0, edgeFlags=0x0, pointerCount=1, historySize=0, eventTime=664355277, downTime=664355277, deviceId=0, source=0x1002 }
08-04 00:32:18.871 22151 22151 I Input   : injectMotionEvent: MotionEvent { action=ACTION_UP, actionButton=0, id[0]=0, x[0]=594.0, y[0]=330.0, toolType[0]=TOOL_TYPE_UNKNOWN, buttonState=0, metaState=0, flags=0x0, edgeFlags=0x0, pointerCount=1, historySize=0, eventTime=664355277, downTime=664355277, deviceId=0, source=0x1002 }
08-04 00:32:18.875 22151 22151 D AndroidRuntime: Shutting down VM
08-04 00:32:18.942   918  5132 I ActivityManager: START u0 {cmp=baseline.com.newsblur/.activity.GlobalSharedStoriesItemsList (has extras)} from uid 10652 on display 0
08-04 00:32:18.944 17791 17791 I ServiceManager: Waiting for service AtCmdFwd...
08-04 00:32:18.967 13560 21191 I baseline.com.newsblur.database.BlurDatabaseHelper: reading session reset
08-04 00:32:19.126 13560 21229 I art     : Starting a blocking GC Explicit
08-04 00:32:19.149 13560 13560 W View    : requestLayout() improperly called by android.widget.FrameLayout{1528ed3 V.E...... ......ID 0,0-1440,18 #7f07003f app:id/footer_view_inner} during layout: running second layout pass
08-04 00:32:19.149 13560 13560 W View    : requestLayout() improperly called by android.widget.FrameLayout{1dd4a10 V.E...... ......ID 0,0-1440,476 #7f07003f app:id/footer_view_inner} during layout: running second layout pass
08-04 00:32:19.167   918   936 I ActivityManager: Displayed baseline.com.newsblur/.activity.GlobalSharedStoriesItemsList: +213ms
08-04 00:32:19.172 13560 21229 I art     : Explicit concurrent mark sweep GC freed 4477(350KB) AllocSpace objects, 8(252KB) LOS objects, 29% free, 37MB/53MB, paused 1.932ms total 45.658ms
08-04 00:32:19.174 13866 13866 I GoogleInputMethodServic: GoogleInputMethodService.onFinishInput():3138 
08-04 00:32:19.174 13866 13866 I GoogleInputMethodServic: GoogleInputMethodService.onStartInput():1808 
08-04 00:32:19.184 13560 21229 I art     : Starting a blocking GC Explicit
08-04 00:32:19.227 13560 21229 I art     : Explicit concurrent mark sweep GC freed 1302(91KB) AllocSpace objects, 4(80KB) LOS objects, 29% free, 37MB/53MB, paused 1.846ms total 42.782ms
08-04 00:32:19.239 13560 21229 I art     : Starting a blocking GC Explicit
08-04 00:32:19.281 13560 21229 I art     : Explicit concurrent mark sweep GC freed 2779(140KB) AllocSpace objects, 3(60KB) LOS objects, 29% free, 37MB/53MB, paused 1.466ms total 41.748ms
08-04 00:32:19.293 13560 21229 I art     : Starting a blocking GC Explicit
08-04 00:32:19.296 13560 22185 I NAPPA_EXPERIMENTATION: MetricNetworkRequestExecutionTime: REQUEST_DURATION_SYSTEM='38',REQUEST_DURATION_OKHTTP='37',REQUEST_SYNCHRONOUS='TRUE',RESPONSE_CODE='200',RESPONSE_METHOD='GET',RESPONSE_LENGTH_OKHTTP='43',RESPONSE_LENGTH_HEADER='43',REQUEST_PROTOCOL='http/1.1',REQUEST_URL='http://feeds.feedburner.com/~r/retort/~4/UffaFMiJbNs',
08-04 00:32:19.316 13560 21981 E baseline.com.newsblur.network.APIResponse: Error (unexpected end of stream on https://www.newsblur.com/...) calling https://www.newsblur.com/reader/mark_story_hashes_as_read/
08-04 00:32:19.316 13560 21981 E baseline.com.newsblur.network.APIResponse: java.io.IOException: unexpected end of stream on https://www.newsblur.com/...
08-04 00:32:19.316 13560 21981 E baseline.com.newsblur.network.APIResponse: 	at okhttp3.internal.http1.Http1ExchangeCodec.readResponseHeaders(Http1ExchangeCodec.java:236)
08-04 00:32:19.316 13560 21981 E baseline.com.newsblur.network.APIResponse: 	at okhttp3.internal.connection.Exchange.readResponseHeaders(Exchange.java:115)
08-04 00:32:19.316 13560 21981 E baseline.com.newsblur.network.APIResponse: 	at okhttp3.internal.http.CallServerInterceptor.intercept(CallServerInterceptor.java:94)
08-04 00:32:19.316 13560 21981 E baseline.com.newsblur.network.APIResponse: 	at okhttp3.internal.http.RealInterceptorChain.proceed(RealInterceptorChain.java:142)
08-04 00:32:19.316 13560 21981 E baseline.com.newsblur.network.APIResponse: 	at okhttp3.internal.connection.ConnectInterceptor.intercept(ConnectInterceptor.java:43)
08-04 00:32:19.316 13560 21981 E baseline.com.newsblur.network.APIResponse: 	at okhttp3.internal.http.RealInterceptorChain.proceed(RealInterceptorChain.java:142)
08-04 00:32:19.316 13560 21981 E baseline.com.newsblur.network.APIResponse: 	at okhttp3.internal.http.RealInterceptorChain.proceed(RealInterceptorChain.java:117)
08-04 00:32:19.316 13560 21981 E baseline.com.newsblur.network.APIResponse: 	at okhttp3.internal.cache.CacheInterceptor.intercept(CacheInterceptor.java:94)
08-04 00:32:19.316 13560 21981 E baseline.com.newsblur.network.APIResponse: 	at okhttp3.internal.http.RealInterceptorChain.proceed(RealInterceptorChain.java:142)
08-04 00:32:19.316 13560 21981 E baseline.com.newsblur.network.APIResponse: 	at okhttp3.internal.http.RealInterceptorChain.proceed(RealInterceptorChain.java:117)
08-04 00:32:19.316 13560 21981 E baseline.com.newsblur.network.APIResponse: 	at okhttp3.internal.http.BridgeInterceptor.intercept(BridgeInterceptor.java:93)
08-04 00:32:19.316 13560 21981 E baseline.com.newsblur.network.APIResponse: 	at okhttp3.internal.http.RealInterceptorChain.proceed(RealInterceptorChain.java:142)
08-04 00:32:19.316 13560 21981 E baseline.com.newsblur.network.APIResponse: 	at okhttp3.internal.http.RetryAndFollowUpInterceptor.intercept(RetryAndFollowUpInterceptor.java:88)
08-04 00:32:19.316 13560 21981 E baseline.com.newsblur.network.APIResponse: 	at okhttp3.internal.http.RealInterceptorChain.proceed(RealInterceptorChain.java:142)
08-04 00:32:19.316 13560 21981 E baseline.com.newsblur.network.APIResponse: 	at okhttp3.internal.http.RealInterceptorChain.proceed(RealInterceptorChain.java:117)
08-04 00:32:19.316 13560 21981 E baseline.com.newsblur.network.APIResponse: 	at okhttp3.RealCall.getResponseWithInterceptorChain(RealCall.java:229)
08-04 00:32:19.316 13560 21981 E baseline.com.newsblur.network.APIResponse: 	at okhttp3.RealCall.execute(RealCall.java:81)
08-04 00:32:19.316 13560 21981 E baseline.com.newsblur.network.APIResponse: 	at baseline.com.newsblur.network.APIResponse.<init>(APIResponse.java:57)
08-04 00:32:19.316 13560 21981 E baseline.com.newsblur.network.APIResponse: 	at baseline.com.newsblur.network.APIResponse.<init>(APIResponse.java:43)
08-04 00:32:19.316 13560 21981 E baseline.com.newsblur.network.APIResponse: 	at baseline.com.newsblur.network.APIManager.post_single(APIManager.java:702)
08-04 00:32:19.316 13560 21981 E baseline.com.newsblur.network.APIResponse: 	at baseline.com.newsblur.network.APIManager.post(APIManager.java:675)
08-04 00:32:19.316 13560 21981 E baseline.com.newsblur.network.APIResponse: 	at baseline.com.newsblur.network.APIManager.post(APIManager.java:714)
08-04 00:32:19.316 13560 21981 E baseline.com.newsblur.network.APIResponse: 	at baseline.com.newsblur.network.APIManager.markStoryAsRead(APIManager.java:205)
08-04 00:32:19.316 13560 21981 E baseline.com.newsblur.network.APIResponse: 	at baseline.com.newsblur.util.ReadingAction.doRemote(ReadingAction.java:281)
08-04 00:32:19.316 13560 21981 E baseline.com.newsblur.network.APIResponse: 	at baseline.com.newsblur.service.NBSyncService.syncActions(NBSyncService.java:400)
08-04 00:32:19.316 13560 21981 E baseline.com.newsblur.network.APIResponse: 	at baseline.com.newsblur.service.NBSyncService.doSync(NBSyncService.java:298)
08-04 00:32:19.316 13560 21981 E baseline.com.newsblur.network.APIResponse: 	at baseline.com.newsblur.service.NBSyncService.access$100(NBSyncService.java:67)
08-04 00:32:19.316 13560 21981 E baseline.com.newsblur.network.APIResponse: 	at baseline.com.newsblur.service.NBSyncService$1.run(NBSyncService.java:188)
08-04 00:32:19.316 13560 21981 E baseline.com.newsblur.network.APIResponse: 	at java.util.concurrent.ThreadPoolExecutor.runWorker(ThreadPoolExecutor.java:1113)
08-04 00:32:19.316 13560 21981 E baseline.com.newsblur.network.APIResponse: 	at java.util.concurrent.ThreadPoolExecutor$Worker.run(ThreadPoolExecutor.java:588)
08-04 00:32:19.316 13560 21981 E baseline.com.newsblur.network.APIResponse: 	at java.lang.Thread.run(Thread.java:818)
08-04 00:32:19.316 13560 21981 E baseline.com.newsblur.network.APIResponse: Caused by: java.io.EOFException: \n not found: limit=0 content=
08-04 00:32:19.316 13560 21981 E baseline.com.newsblur.network.APIResponse: 	at okio.RealBufferedSource.readUtf8LineStrict(RealBufferedSource.java:240)
08-04 00:32:19.316 13560 21981 E baseline.com.newsblur.network.APIResponse: 	at okhttp3.internal.http1.Http1ExchangeCodec.readHeaderLine(Http1ExchangeCodec.java:242)
08-04 00:32:19.316 13560 21981 E baseline.com.newsblur.network.APIResponse: 	at okhttp3.internal.http1.Http1ExchangeCodec.readResponseHeaders(Http1ExchangeCodec.java:213)
08-04 00:32:19.316 13560 21981 E baseline.com.newsblur.network.APIResponse: 	... 30 more
08-04 00:32:19.317 13560 21981 I baseline.com.newsblur.network.APIManager: API call failed, pausing before retry number 2
08-04 00:32:19.336 13560 21229 I art     : Explicit concurrent mark sweep GC freed 1180(231KB) AllocSpace objects, 3(60KB) LOS objects, 29% free, 37MB/53MB, paused 1.472ms total 42.811ms
08-04 00:32:19.336 13560 13570 I art     : WaitForGcToComplete blocked for 43.070ms for cause HeapTrim
08-04 00:32:19.349 13560 21229 I art     : Starting a blocking GC Explicit
08-04 00:32:19.394 13560 21229 I art     : Explicit concurrent mark sweep GC freed 236(21KB) AllocSpace objects, 0(0B) LOS objects, 29% free, 37MB/53MB, paused 1.280ms total 44.588ms
08-04 00:32:19.744 13560 21229 I art     : Starting a blocking GC Explicit
08-04 00:32:19.793 13560 21229 I art     : Explicit concurrent mark sweep GC freed 1870(112KB) AllocSpace objects, 2(40KB) LOS objects, 29% free, 37MB/53MB, paused 1.536ms total 49.209ms
08-04 00:32:19.809 13560 21229 I art     : Starting a blocking GC Explicit
08-04 00:32:19.852 13560 21229 I art     : Explicit concurrent mark sweep GC freed 29(1072B) AllocSpace objects, 0(0B) LOS objects, 29% free, 37MB/53MB, paused 1.345ms total 43.344ms
08-04 00:32:19.865 13560 21229 I art     : Starting a blocking GC Explicit
08-04 00:32:19.908 13560 21229 I art     : Explicit concurrent mark sweep GC freed 3(96B) AllocSpace objects, 0(0B) LOS objects, 29% free, 37MB/53MB, paused 1.357ms total 42.956ms
08-04 00:32:19.921 13560 21229 I art     : Starting a blocking GC Explicit
08-04 00:32:19.944 17791 17791 I ServiceManager: Waiting for service AtCmdFwd...
08-04 00:32:19.965 13560 21229 I art     : Explicit concurrent mark sweep GC freed 3(96B) AllocSpace objects, 0(0B) LOS objects, 29% free, 37MB/53MB, paused 1.353ms total 43.744ms
08-04 00:32:19.978 13560 21229 I art     : Starting a blocking GC Explicit
08-04 00:32:20.021 13560 21229 I art     : Explicit concurrent mark sweep GC freed 3(96B) AllocSpace objects, 0(0B) LOS objects, 29% free, 37MB/53MB, paused 1.326ms total 43.106ms
08-04 00:32:20.374 13560 21229 I art     : Starting a blocking GC Explicit
08-04 00:32:20.417 13560 21229 I art     : Explicit concurrent mark sweep GC freed 1452(83KB) AllocSpace objects, 1(20KB) LOS objects, 29% free, 37MB/53MB, paused 1.340ms total 42.749ms
08-04 00:32:20.430 13560 21229 I art     : Starting a blocking GC Explicit
08-04 00:32:20.474 13560 21229 I art     : Explicit concurrent mark sweep GC freed 28(976B) AllocSpace objects, 0(0B) LOS objects, 29% free, 37MB/53MB, paused 1.241ms total 44.283ms
08-04 00:32:20.488 13560 21229 I art     : Starting a blocking GC Explicit
08-04 00:32:20.534 13560 21229 I art     : Explicit concurrent mark sweep GC freed 12(384B) AllocSpace objects, 0(0B) LOS objects, 29% free, 37MB/53MB, paused 1.474ms total 46.458ms
08-04 00:32:20.548 13560 21229 I art     : Starting a blocking GC Explicit
08-04 00:32:20.596 13560 21229 I art     : Explicit concurrent mark sweep GC freed 5(160B) AllocSpace objects, 0(0B) LOS objects, 29% free, 37MB/53MB, paused 1.426ms total 47.357ms
08-04 00:32:20.609 13560 21229 I art     : Starting a blocking GC Explicit
08-04 00:32:20.657 13560 21229 I art     : Explicit concurrent mark sweep GC freed 3(96B) AllocSpace objects, 0(0B) LOS objects, 29% free, 37MB/53MB, paused 1.483ms total 47.687ms
08-04 00:32:20.945 17791 17791 I ServiceManager: Waiting for service AtCmdFwd...
08-04 00:32:21.023 13560 13571 I art     : Starting a blocking GC Explicit
08-04 00:32:21.073 13560 13571 I art     : Explicit concurrent mark sweep GC freed 1440(82KB) AllocSpace objects, 1(20KB) LOS objects, 29% free, 37MB/53MB, paused 1.297ms total 49.629ms
08-04 00:32:21.088 13560 13571 I art     : Starting a blocking GC Explicit
08-04 00:32:21.136 13560 13571 I art     : Explicit concurrent mark sweep GC freed 22(784B) AllocSpace objects, 0(0B) LOS objects, 29% free, 37MB/53MB, paused 1.404ms total 47.825ms
08-04 00:32:21.149 13560 13571 I art     : Starting a blocking GC Explicit
08-04 00:32:21.197 13560 13571 I art     : Explicit concurrent mark sweep GC freed 3(96B) AllocSpace objects, 0(0B) LOS objects, 29% free, 37MB/53MB, paused 1.435ms total 48.037ms
08-04 00:32:21.211 13560 13571 I art     : Starting a blocking GC Explicit
08-04 00:32:21.259 13560 13571 I art     : Explicit concurrent mark sweep GC freed 3(96B) AllocSpace objects, 0(0B) LOS objects, 29% free, 37MB/53MB, paused 1.454ms total 47.328ms
08-04 00:32:21.273 13560 13571 I art     : Starting a blocking GC Explicit
08-04 00:32:21.322 13560 13571 I art     : Explicit concurrent mark sweep GC freed 3(96B) AllocSpace objects, 0(0B) LOS objects, 29% free, 37MB/53MB, paused 1.387ms total 48.551ms
08-04 00:32:21.441   518   646 I ThermalEngine: ACTION: GPU - Setting GPU[0] to 510000000
08-04 00:32:21.706 13560 13572 I art     : Starting a blocking GC Explicit
08-04 00:32:21.743 13560 13572 I art     : Explicit concurrent mark sweep GC freed 1440(83KB) AllocSpace objects, 1(20KB) LOS objects, 29% free, 37MB/53MB, paused 1.022ms total 35.887ms
08-04 00:32:21.752 13560 13572 I art     : Starting a blocking GC Explicit
08-04 00:32:21.788 13560 13572 I art     : Explicit concurrent mark sweep GC freed 22(784B) AllocSpace objects, 0(0B) LOS objects, 29% free, 37MB/53MB, paused 1.094ms total 34.851ms
08-04 00:32:21.797 13560 13572 I art     : Starting a blocking GC Explicit
08-04 00:32:21.832 13560 13572 I art     : Explicit concurrent mark sweep GC freed 3(96B) AllocSpace objects, 0(0B) LOS objects, 29% free, 37MB/53MB, paused 990us total 34.333ms
08-04 00:32:21.842 13560 13572 I art     : Starting a blocking GC Explicit
08-04 00:32:21.878 13560 13572 I art     : Explicit concurrent mark sweep GC freed 3(96B) AllocSpace objects, 0(0B) LOS objects, 29% free, 37MB/53MB, paused 1.115ms total 35.410ms
08-04 00:32:21.888 13560 13572 I art     : Starting a blocking GC Explicit
08-04 00:32:21.924 13560 13572 I art     : Explicit concurrent mark sweep GC freed 3(96B) AllocSpace objects, 0(0B) LOS objects, 29% free, 37MB/53MB, paused 1.028ms total 35.755ms
08-04 00:32:21.945 17791 17791 I ServiceManager: Waiting for service AtCmdFwd...
08-04 00:32:22.287 13560 21596 I art     : Starting a blocking GC Explicit
08-04 00:32:22.326 13560 21596 I art     : Explicit concurrent mark sweep GC freed 1533(88KB) AllocSpace objects, 1(20KB) LOS objects, 29% free, 37MB/53MB, paused 1.051ms total 38.801ms
08-04 00:32:22.336 13560 21596 I art     : Starting a blocking GC Explicit
08-04 00:32:22.371 13560 21596 I art     : Explicit concurrent mark sweep GC freed 28(1040B) AllocSpace objects, 0(0B) LOS objects, 29% free, 37MB/53MB, paused 1.074ms total 34.598ms
08-04 00:32:22.381 13560 21596 I art     : Starting a blocking GC Explicit
08-04 00:32:22.416 13560 21596 I art     : Explicit concurrent mark sweep GC freed 15(656B) AllocSpace objects, 0(0B) LOS objects, 29% free, 37MB/53MB, paused 1.098ms total 35.160ms
08-04 00:32:22.426 13560 21596 I art     : Starting a blocking GC Explicit
08-04 00:32:22.461 13560 21596 I art     : Explicit concurrent mark sweep GC freed 62(4KB) AllocSpace objects, 0(0B) LOS objects, 29% free, 37MB/53MB, paused 1.010ms total 34.714ms
08-04 00:32:22.471 13560 21596 I art     : Starting a blocking GC Explicit
08-04 00:32:22.507 13560 21596 I art     : Explicit concurrent mark sweep GC freed 6(256B) AllocSpace objects, 0(0B) LOS objects, 29% free, 37MB/53MB, paused 1.035ms total 35.220ms
08-04 00:32:22.839 13560 21229 I art     : Starting a blocking GC Explicit
08-04 00:32:22.876 13560 21229 I art     : Explicit concurrent mark sweep GC freed 3177(150KB) AllocSpace objects, 1(20KB) LOS objects, 29% free, 37MB/53MB, paused 1.033ms total 36.870ms
08-04 00:32:22.877 13560 21981 E baseline.com.newsblur.network.APIResponse: Error (unexpected end of stream on https://www.newsblur.com/...) calling https://www.newsblur.com/reader/mark_story_hashes_as_read/
08-04 00:32:22.877 13560 21981 E baseline.com.newsblur.network.APIResponse: java.io.IOException: unexpected end of stream on https://www.newsblur.com/...
08-04 00:32:22.877 13560 21981 E baseline.com.newsblur.network.APIResponse: 	at okhttp3.internal.http1.Http1ExchangeCodec.readResponseHeaders(Http1ExchangeCodec.java:236)
08-04 00:32:22.877 13560 21981 E baseline.com.newsblur.network.APIResponse: 	at okhttp3.internal.connection.Exchange.readResponseHeaders(Exchange.java:115)
08-04 00:32:22.877 13560 21981 E baseline.com.newsblur.network.APIResponse: 	at okhttp3.internal.http.CallServerInterceptor.intercept(CallServerInterceptor.java:94)
08-04 00:32:22.877 13560 21981 E baseline.com.newsblur.network.APIResponse: 	at okhttp3.internal.http.RealInterceptorChain.proceed(RealInterceptorChain.java:142)
08-04 00:32:22.877 13560 21981 E baseline.com.newsblur.network.APIResponse: 	at okhttp3.internal.connection.ConnectInterceptor.intercept(ConnectInterceptor.java:43)
08-04 00:32:22.877 13560 21981 E baseline.com.newsblur.network.APIResponse: 	at okhttp3.internal.http.RealInterceptorChain.proceed(RealInterceptorChain.java:142)
08-04 00:32:22.877 13560 21981 E baseline.com.newsblur.network.APIResponse: 	at okhttp3.internal.http.RealInterceptorChain.proceed(RealInterceptorChain.java:117)
08-04 00:32:22.877 13560 21981 E baseline.com.newsblur.network.APIResponse: 	at okhttp3.internal.cache.CacheInterceptor.intercept(CacheInterceptor.java:94)
08-04 00:32:22.877 13560 21981 E baseline.com.newsblur.network.APIResponse: 	at okhttp3.internal.http.RealInterceptorChain.proceed(RealInterceptorChain.java:142)
08-04 00:32:22.877 13560 21981 E baseline.com.newsblur.network.APIResponse: 	at okhttp3.internal.http.RealInterceptorChain.proceed(RealInterceptorChain.java:117)
08-04 00:32:22.877 13560 21981 E baseline.com.newsblur.network.APIResponse: 	at okhttp3.internal.http.BridgeInterceptor.intercept(BridgeInterceptor.java:93)
08-04 00:32:22.877 13560 21981 E baseline.com.newsblur.network.APIResponse: 	at okhttp3.internal.http.RealInterceptorChain.proceed(RealInterceptorChain.java:142)
08-04 00:32:22.877 13560 21981 E baseline.com.newsblur.network.APIResponse: 	at okhttp3.internal.http.RetryAndFollowUpInterceptor.intercept(RetryAndFollowUpInterceptor.java:88)
08-04 00:32:22.877 13560 21981 E baseline.com.newsblur.network.APIResponse: 	at okhttp3.internal.http.RealInterceptorChain.proceed(RealInterceptorChain.java:142)
08-04 00:32:22.877 13560 21981 E baseline.com.newsblur.network.APIResponse: 	at okhttp3.internal.http.RealInterceptorChain.proceed(RealInterceptorChain.java:117)
08-04 00:32:22.877 13560 21981 E baseline.com.newsblur.network.APIResponse: 	at okhttp3.RealCall.getResponseWithInterceptorChain(RealCall.java:229)
08-04 00:32:22.877 13560 21981 E baseline.com.newsblur.network.APIResponse: 	at okhttp3.RealCall.execute(RealCall.java:81)
08-04 00:32:22.877 13560 21981 E baseline.com.newsblur.network.APIResponse: 	at baseline.com.newsblur.network.APIResponse.<init>(APIResponse.java:57)
08-04 00:32:22.877 13560 21981 E baseline.com.newsblur.network.APIResponse: 	at baseline.com.newsblur.network.APIResponse.<init>(APIResponse.java:43)
08-04 00:32:22.877 13560 21981 E baseline.com.newsblur.network.APIResponse: 	at baseline.com.newsblur.network.APIManager.post_single(APIManager.java:702)
08-04 00:32:22.877 13560 21981 E baseline.com.newsblur.network.APIResponse: 	at baseline.com.newsblur.network.APIManager.post(APIManager.java:675)
08-04 00:32:22.877 13560 21981 E baseline.com.newsblur.network.APIResponse: 	at baseline.com.newsblur.network.APIManager.post(APIManager.java:714)
08-04 00:32:22.877 13560 21981 E baseline.com.newsblur.network.APIResponse: 	at baseline.com.newsblur.network.APIManager.markStoryAsRead(APIManager.java:205)
08-04 00:32:22.877 13560 21981 E baseline.com.newsblur.network.APIResponse: 	at baseline.com.newsblur.util.ReadingAction.doRemote(ReadingAction.java:281)
08-04 00:32:22.877 13560 21981 E baseline.com.newsblur.network.APIResponse: 	at baseline.com.newsblur.service.NBSyncService.syncActions(NBSyncService.java:400)
08-04 00:32:22.877 13560 21981 E baseline.com.newsblur.network.APIResponse: 	at baseline.com.newsblur.service.NBSyncService.doSync(NBSyncService.java:298)
08-04 00:32:22.877 13560 21981 E baseline.com.newsblur.network.APIResponse: 	at baseline.com.newsblur.service.NBSyncService.access$100(NBSyncService.java:67)
08-04 00:32:22.877 13560 21981 E baseline.com.newsblur.network.APIResponse: 	at baseline.com.newsblur.service.NBSyncService$1.run(NBSyncService.java:188)
08-04 00:32:22.877 13560 21981 E baseline.com.newsblur.network.APIResponse: 	at java.util.concurrent.ThreadPoolExecutor.runWorker(ThreadPoolExecutor.java:1113)
08-04 00:32:22.877 13560 21981 E baseline.com.newsblur.network.APIResponse: 	at java.util.concurrent.ThreadPoolExecutor$Worker.run(ThreadPoolExecutor.java:588)
08-04 00:32:22.877 13560 21981 E baseline.com.newsblur.network.APIResponse: 	at java.lang.Thread.run(Thread.java:818)
08-04 00:32:22.877 13560 21981 E baseline.com.newsblur.network.APIResponse: Caused by: java.io.EOFException: \n not found: limit=0 content=
08-04 00:32:22.877 13560 21981 E baseline.com.newsblur.network.APIResponse: 	at okio.RealBufferedSource.readUtf8LineStrict(RealBufferedSource.java:240)
08-04 00:32:22.877 13560 21981 E baseline.com.newsblur.network.APIResponse: 	at okhttp3.internal.http1.Http1ExchangeCodec.readHeaderLine(Http1ExchangeCodec.java:242)
08-04 00:32:22.877 13560 21981 E baseline.com.newsblur.network.APIResponse: 	at okhttp3.internal.http1.Http1ExchangeCodec.readResponseHeaders(Http1ExchangeCodec.java:213)
08-04 00:32:22.877 13560 21981 E baseline.com.newsblur.network.APIResponse: 	... 30 more
08-04 00:32:22.878 13560 21981 I baseline.com.newsblur.service.NBSyncService: Holding reading action with server-side or network error.
08-04 00:32:22.886 13560 21229 I art     : Starting a blocking GC Explicit
08-04 00:32:22.892 13560 21981 W baseline.com.newsblur.service.NBSyncService: hard API failure
08-04 00:32:22.901 13560 21981 I baseline.com.newsblur.service.NBSyncService: recounting dirty feed sets: 1
08-04 00:32:22.919 13560 21229 I art     : Explicit concurrent mark sweep GC freed 1591(275KB) AllocSpace objects, 4(80KB) LOS objects, 29% free, 37MB/53MB, paused 1.095ms total 33.434ms
08-04 00:32:22.929 13560 21229 I art     : Starting a blocking GC Explicit
08-04 00:32:22.946 17791 17791 I ServiceManager: Waiting for service AtCmdFwd...
08-04 00:32:22.963 13560 21229 I art     : Explicit concurrent mark sweep GC freed 265(11KB) AllocSpace objects, 0(0B) LOS objects, 29% free, 37MB/53MB, paused 1.076ms total 34.280ms
08-04 00:32:22.973 13560 21229 I art     : Starting a blocking GC Explicit
08-04 00:32:23.009 13560 21229 I art     : Explicit concurrent mark sweep GC freed 23(816B) AllocSpace objects, 0(0B) LOS objects, 29% free, 37MB/53MB, paused 1.050ms total 35.775ms
08-04 00:32:23.019 13560 21229 I art     : Starting a blocking GC Explicit
08-04 00:32:23.055 13560 21229 I art     : Explicit concurrent mark sweep GC freed 3(96B) AllocSpace objects, 0(0B) LOS objects, 29% free, 37MB/53MB, paused 985us total 35.845ms
08-04 00:32:23.278 13560 21981 E baseline.com.newsblur.network.APIResponse: Error (unexpected end of stream on https://www.newsblur.com/...) calling https://www.newsblur.com/reader/feed_unread_count?feed_id=0
08-04 00:32:23.278 13560 21981 E baseline.com.newsblur.network.APIResponse: java.io.IOException: unexpected end of stream on https://www.newsblur.com/...
08-04 00:32:23.278 13560 21981 E baseline.com.newsblur.network.APIResponse: 	at okhttp3.internal.http1.Http1ExchangeCodec.readResponseHeaders(Http1ExchangeCodec.java:236)
08-04 00:32:23.278 13560 21981 E baseline.com.newsblur.network.APIResponse: 	at okhttp3.internal.connection.Exchange.readResponseHeaders(Exchange.java:115)
08-04 00:32:23.278 13560 21981 E baseline.com.newsblur.network.APIResponse: 	at okhttp3.internal.http.CallServerInterceptor.intercept(CallServerInterceptor.java:94)
08-04 00:32:23.278 13560 21981 E baseline.com.newsblur.network.APIResponse: 	at okhttp3.internal.http.RealInterceptorChain.proceed(RealInterceptorChain.java:142)
08-04 00:32:23.278 13560 21981 E baseline.com.newsblur.network.APIResponse: 	at okhttp3.internal.connection.ConnectInterceptor.intercept(ConnectInterceptor.java:43)
08-04 00:32:23.278 13560 21981 E baseline.com.newsblur.network.APIResponse: 	at okhttp3.internal.http.RealInterceptorChain.proceed(RealInterceptorChain.java:142)
08-04 00:32:23.278 13560 21981 E baseline.com.newsblur.network.APIResponse: 	at okhttp3.internal.http.RealInterceptorChain.proceed(RealInterceptorChain.java:117)
08-04 00:32:23.278 13560 21981 E baseline.com.newsblur.network.APIResponse: 	at okhttp3.internal.cache.CacheInterceptor.intercept(CacheInterceptor.java:94)
08-04 00:32:23.278 13560 21981 E baseline.com.newsblur.network.APIResponse: 	at okhttp3.internal.http.RealInterceptorChain.proceed(RealInterceptorChain.java:142)
08-04 00:32:23.278 13560 21981 E baseline.com.newsblur.network.APIResponse: 	at okhttp3.internal.http.RealInterceptorChain.proceed(RealInterceptorChain.java:117)
08-04 00:32:23.278 13560 21981 E baseline.com.newsblur.network.APIResponse: 	at okhttp3.internal.http.BridgeInterceptor.intercept(BridgeInterceptor.java:93)
08-04 00:32:23.278 13560 21981 E baseline.com.newsblur.network.APIResponse: 	at okhttp3.internal.http.RealInterceptorChain.proceed(RealInterceptorChain.java:142)
08-04 00:32:23.278 13560 21981 E baseline.com.newsblur.network.APIResponse: 	at okhttp3.internal.http.RetryAndFollowUpInterceptor.intercept(RetryAndFollowUpInterceptor.java:88)
08-04 00:32:23.278 13560 21981 E baseline.com.newsblur.network.APIResponse: 	at okhttp3.internal.http.RealInterceptorChain.proceed(RealInterceptorChain.java:142)
08-04 00:32:23.278 13560 21981 E baseline.com.newsblur.network.APIResponse: 	at okhttp3.internal.http.RealInterceptorChain.proceed(RealInterceptorChain.java:117)
08-04 00:32:23.278 13560 21981 E baseline.com.newsblur.network.APIResponse: 	at okhttp3.RealCall.getResponseWithInterceptorChain(RealCall.java:229)
08-04 00:32:23.278 13560 21981 E baseline.com.newsblur.network.APIResponse: 	at okhttp3.RealCall.execute(RealCall.java:81)
08-04 00:32:23.278 13560 21981 E baseline.com.newsblur.network.APIResponse: 	at baseline.com.newsblur.network.APIResponse.<init>(APIResponse.java:57)
08-04 00:32:23.278 13560 21981 E baseline.com.newsblur.network.APIResponse: 	at baseline.com.newsblur.network.APIManager.get_single(APIManager.java:639)
08-04 00:32:23.278 13560 21981 E baseline.com.newsblur.network.APIResponse: 	at baseline.com.newsblur.network.APIManager.get(APIManager.java:625)
08-04 00:32:23.278 13560 21981 E baseline.com.newsblur.network.APIResponse: 	at baseline.com.newsblur.network.APIManager.get(APIManager.java:667)
08-04 00:32:23.278 13560 21981 E baseline.com.newsblur.network.APIResponse: 	at baseline.com.newsblur.network.APIManager.getFeedUnreadCounts(APIManager.java:274)
08-04 00:32:23.278 13560 21981 E baseline.com.newsblur.network.APIResponse: 	at baseline.com.newsblur.service.NBSyncService.checkRecounts(NBSyncService.java:660)
08-04 00:32:23.278 13560 21981 E baseline.com.newsblur.network.APIResponse: 	at baseline.com.newsblur.service.NBSyncService.doSync(NBSyncService.java:310)
08-04 00:32:23.278 13560 21981 E baseline.com.newsblur.network.APIResponse: 	at baseline.com.newsblur.service.NBSyncService.access$100(NBSyncService.java:67)
08-04 00:32:23.278 13560 21981 E baseline.com.newsblur.network.APIResponse: 	at baseline.com.newsblur.service.NBSyncService$1.run(NBSyncService.java:188)
08-04 00:32:23.278 13560 21981 E baseline.com.newsblur.network.APIResponse: 	at java.util.concurrent.ThreadPoolExecutor.runWorker(ThreadPoolExecutor.java:1113)
08-04 00:32:23.278 13560 21981 E baseline.com.newsblur.network.APIResponse: 	at java.util.concurrent.ThreadPoolExecutor$Worker.run(ThreadPoolExecutor.java:588)
08-04 00:32:23.278 13560 21981 E baseline.com.newsblur.network.APIResponse: 	at java.lang.Thread.run(Thread.java:818)
08-04 00:32:23.278 13560 21981 E baseline.com.newsblur.network.APIResponse: Caused by: java.io.EOFException: \n not found: limit=0 content=
08-04 00:32:23.278 13560 21981 E baseline.com.newsblur.network.APIResponse: 	at okio.RealBufferedSource.readUtf8LineStrict(RealBufferedSource.java:240)
08-04 00:32:23.278 13560 21981 E baseline.com.newsblur.network.APIResponse: 	at okhttp3.internal.http1.Http1ExchangeCodec.readHeaderLine(Http1ExchangeCodec.java:242)
08-04 00:32:23.278 13560 21981 E baseline.com.newsblur.network.APIResponse: 	at okhttp3.internal.http1.Http1ExchangeCodec.readResponseHeaders(Http1ExchangeCodec.java:213)
08-04 00:32:23.278 13560 21981 E baseline.com.newsblur.network.APIResponse: 	... 28 more
08-04 00:32:23.280 13560 21981 I baseline.com.newsblur.network.APIManager: API call failed, pausing before retry number 1
08-04 00:32:23.391 13560 13571 I art     : Starting a blocking GC Explicit
08-04 00:32:23.430 13560 13571 I art     : Explicit concurrent mark sweep GC freed 3927(355KB) AllocSpace objects, 3(60KB) LOS objects, 29% free, 37MB/53MB, paused 1.015ms total 38.758ms
08-04 00:32:23.440 13560 13571 I art     : Starting a blocking GC Explicit
08-04 00:32:23.476 13560 13571 I art     : Explicit concurrent mark sweep GC freed 109(3KB) AllocSpace objects, 0(0B) LOS objects, 29% free, 37MB/53MB, paused 1.018ms total 35.619ms
08-04 00:32:23.486 13560 13571 I art     : Starting a blocking GC Explicit
08-04 00:32:23.523 13560 13571 I art     : Explicit concurrent mark sweep GC freed 3(96B) AllocSpace objects, 0(0B) LOS objects, 29% free, 37MB/53MB, paused 1.042ms total 36.598ms
08-04 00:32:23.534 13560 13571 I art     : Starting a blocking GC Explicit
08-04 00:32:23.569 13560 13571 I art     : Explicit concurrent mark sweep GC freed 3(96B) AllocSpace objects, 0(0B) LOS objects, 29% free, 37MB/53MB, paused 1.029ms total 35.634ms
08-04 00:32:23.580 13560 13571 I art     : Starting a blocking GC Explicit
08-04 00:32:23.616 13560 13571 I art     : Explicit concurrent mark sweep GC freed 3(96B) AllocSpace objects, 0(0B) LOS objects, 29% free, 37MB/53MB, paused 1.026ms total 35.283ms
08-04 00:32:23.946 17791 17791 W Atfwd_Sendcmd: AtCmdFwd service not published, waiting... retryCnt : 2
08-04 00:32:23.973 13560 13572 I art     : Starting a blocking GC Explicit
08-04 00:32:24.013 13560 13572 I art     : Explicit concurrent mark sweep GC freed 1437(82KB) AllocSpace objects, 1(20KB) LOS objects, 29% free, 37MB/53MB, paused 1.035ms total 39.103ms
08-04 00:32:24.027 13560 13572 I art     : Starting a blocking GC Explicit
08-04 00:32:24.061 13560 13572 I art     : Explicit concurrent mark sweep GC freed 22(784B) AllocSpace objects, 0(0B) LOS objects, 29% free, 37MB/53MB, paused 980us total 33.834ms
08-04 00:32:24.071 13560 13572 I art     : Starting a blocking GC Explicit
08-04 00:32:24.106 13560 13572 I art     : Explicit concurrent mark sweep GC freed 3(96B) AllocSpace objects, 0(0B) LOS objects, 29% free, 37MB/53MB, paused 983us total 35.055ms
08-04 00:32:24.116 13560 13572 I art     : Starting a blocking GC Explicit
08-04 00:32:24.151 13560 13572 I art     : Explicit concurrent mark sweep GC freed 3(96B) AllocSpace objects, 0(0B) LOS objects, 29% free, 37MB/53MB, paused 1.027ms total 35.450ms
08-04 00:32:24.161 13560 13572 I art     : Starting a blocking GC Explicit
08-04 00:32:24.196 13560 13572 I art     : Explicit concurrent mark sweep GC freed 3(96B) AllocSpace objects, 0(0B) LOS objects, 29% free, 37MB/53MB, paused 963us total 34.111ms
08-04 00:32:24.557 13560 21596 I art     : Starting a blocking GC Explicit
08-04 00:32:24.594 13560 21596 I art     : Explicit concurrent mark sweep GC freed 1438(82KB) AllocSpace objects, 1(20KB) LOS objects, 29% free, 37MB/53MB, paused 963us total 37.170ms
08-04 00:32:24.605 13560 21596 I art     : Starting a blocking GC Explicit
08-04 00:32:24.641 13560 21596 I art     : Explicit concurrent mark sweep GC freed 22(784B) AllocSpace objects, 0(0B) LOS objects, 29% free, 37MB/53MB, paused 1.015ms total 36.156ms
08-04 00:32:24.651 13560 21596 I art     : Starting a blocking GC Explicit
08-04 00:32:24.688 13560 21596 I art     : Explicit concurrent mark sweep GC freed 3(96B) AllocSpace objects, 0(0B) LOS objects, 29% free, 37MB/53MB, paused 1.199ms total 36.275ms
08-04 00:32:24.698 13560 21596 I art     : Starting a blocking GC Explicit
08-04 00:32:24.735 13560 21596 I art     : Explicit concurrent mark sweep GC freed 3(96B) AllocSpace objects, 0(0B) LOS objects, 29% free, 37MB/53MB, paused 1.049ms total 36.611ms
08-04 00:32:24.745 13560 21596 I art     : Starting a blocking GC Explicit
08-04 00:32:24.782 13560 21596 I art     : Explicit concurrent mark sweep GC freed 3(96B) AllocSpace objects, 0(0B) LOS objects, 29% free, 37MB/53MB, paused 1.033ms total 36.601ms
08-04 00:32:25.125 13560 21596 I art     : Starting a blocking GC Explicit
08-04 00:32:25.161 13560 21596 I art     : Explicit concurrent mark sweep GC freed 1604(91KB) AllocSpace objects, 1(20KB) LOS objects, 29% free, 37MB/53MB, paused 1.070ms total 35.295ms
08-04 00:32:25.171 13560 21596 I art     : Starting a blocking GC Explicit
08-04 00:32:25.206 13560 21596 I art     : Explicit concurrent mark sweep GC freed 36(1344B) AllocSpace objects, 0(0B) LOS objects, 29% free, 37MB/53MB, paused 1.065ms total 35.230ms
08-04 00:32:25.216 13560 21596 I art     : Starting a blocking GC Explicit
08-04 00:32:25.253 13560 21596 I art     : Explicit concurrent mark sweep GC freed 3(96B) AllocSpace objects, 0(0B) LOS objects, 29% free, 37MB/53MB, paused 1.079ms total 36.094ms
08-04 00:32:25.263 13560 21596 I art     : Starting a blocking GC Explicit
08-04 00:32:25.299 13560 21596 I art     : Explicit concurrent mark sweep GC freed 1597(62KB) AllocSpace objects, 0(0B) LOS objects, 29% free, 37MB/53MB, paused 1.073ms total 35.867ms
08-04 00:32:25.309 13560 21596 I art     : Starting a blocking GC Explicit
08-04 00:32:25.346 13560 21596 I art     : Explicit concurrent mark sweep GC freed 310(35KB) AllocSpace objects, 0(0B) LOS objects, 29% free, 37MB/53MB, paused 1.286ms total 36.832ms
08-04 00:32:25.346 13560 21981 E baseline.com.newsblur.network.APIResponse: Error (unexpected end of stream on https://www.newsblur.com/...) calling https://www.newsblur.com/reader/feed_unread_count?feed_id=0
08-04 00:32:25.346 13560 21981 E baseline.com.newsblur.network.APIResponse: java.io.IOException: unexpected end of stream on https://www.newsblur.com/...
08-04 00:32:25.346 13560 21981 E baseline.com.newsblur.network.APIResponse: 	at okhttp3.internal.http1.Http1ExchangeCodec.readResponseHeaders(Http1ExchangeCodec.java:236)
08-04 00:32:25.346 13560 21981 E baseline.com.newsblur.network.APIResponse: 	at okhttp3.internal.connection.Exchange.readResponseHeaders(Exchange.java:115)
08-04 00:32:25.346 13560 21981 E baseline.com.newsblur.network.APIResponse: 	at okhttp3.internal.http.CallServerInterceptor.intercept(CallServerInterceptor.java:94)
08-04 00:32:25.346 13560 21981 E baseline.com.newsblur.network.APIResponse: 	at okhttp3.internal.http.RealInterceptorChain.proceed(RealInterceptorChain.java:142)
08-04 00:32:25.346 13560 21981 E baseline.com.newsblur.network.APIResponse: 	at okhttp3.internal.connection.ConnectInterceptor.intercept(ConnectInterceptor.java:43)
08-04 00:32:25.346 13560 21981 E baseline.com.newsblur.network.APIResponse: 	at okhttp3.internal.http.RealInterceptorChain.proceed(RealInterceptorChain.java:142)
08-04 00:32:25.346 13560 21981 E baseline.com.newsblur.network.APIResponse: 	at okhttp3.internal.http.RealInterceptorChain.proceed(RealInterceptorChain.java:117)
08-04 00:32:25.346 13560 21981 E baseline.com.newsblur.network.APIResponse: 	at okhttp3.internal.cache.CacheInterceptor.intercept(CacheInterceptor.java:94)
08-04 00:32:25.346 13560 21981 E baseline.com.newsblur.network.APIResponse: 	at okhttp3.internal.http.RealInterceptorChain.proceed(RealInterceptorChain.java:142)
08-04 00:32:25.346 13560 21981 E baseline.com.newsblur.network.APIResponse: 	at okhttp3.internal.http.RealInterceptorChain.proceed(RealInterceptorChain.java:117)
08-04 00:32:25.346 13560 21981 E baseline.com.newsblur.network.APIResponse: 	at okhttp3.internal.http.BridgeInterceptor.intercept(BridgeInterceptor.java:93)
08-04 00:32:25.346 13560 21981 E baseline.com.newsblur.network.APIResponse: 	at okhttp3.internal.http.RealInterceptorChain.proceed(RealInterceptorChain.java:142)
08-04 00:32:25.346 13560 21981 E baseline.com.newsblur.network.APIResponse: 	at okhttp3.internal.http.RetryAndFollowUpInterceptor.intercept(RetryAndFollowUpInterceptor.java:88)
08-04 00:32:25.346 13560 21981 E baseline.com.newsblur.network.APIResponse: 	at okhttp3.internal.http.RealInterceptorChain.proceed(RealInterceptorChain.java:142)
08-04 00:32:25.346 13560 21981 E baseline.com.newsblur.network.APIResponse: 	at okhttp3.internal.http.RealInterceptorChain.proceed(RealInterceptorChain.java:117)
08-04 00:32:25.346 13560 21981 E baseline.com.newsblur.network.APIResponse: 	at okhttp3.RealCall.getResponseWithInterceptorChain(RealCall.java:229)
08-04 00:32:25.346 13560 21981 E baseline.com.newsblur.network.APIResponse: 	at okhttp3.RealCall.execute(RealCall.java:81)
08-04 00:32:25.346 13560 21981 E baseline.com.newsblur.network.APIResponse: 	at baseline.com.newsblur.network.APIResponse.<init>(APIResponse.java:57)
08-04 00:32:25.346 13560 21981 E baseline.com.newsblur.network.APIResponse: 	at baseline.com.newsblur.network.APIManager.get_single(APIManager.java:639)
08-04 00:32:25.346 13560 21981 E baseline.com.newsblur.network.APIResponse: 	at baseline.com.newsblur.network.APIManager.get(APIManager.java:625)
08-04 00:32:25.346 13560 21981 E baseline.com.newsblur.network.APIResponse: 	at baseline.com.newsblur.network.APIManager.get(APIManager.java:667)
08-04 00:32:25.346 13560 21981 E baseline.com.newsblur.network.APIResponse: 	at baseline.com.newsblur.network.APIManager.getFeedUnreadCounts(APIManager.java:274)
08-04 00:32:25.346 13560 21981 E baseline.com.newsblur.network.APIResponse: 	at baseline.com.newsblur.service.NBSyncService.checkRecounts(NBSyncService.java:660)
08-04 00:32:25.346 13560 21981 E baseline.com.newsblur.network.APIResponse: 	at baseline.com.newsblur.service.NBSyncService.doSync(NBSyncService.java:310)
08-04 00:32:25.346 13560 21981 E baseline.com.newsblur.network.APIResponse: 	at baseline.com.newsblur.service.NBSyncService.access$100(NBSyncService.java:67)
08-04 00:32:25.346 13560 21981 E baseline.com.newsblur.network.APIResponse: 	at baseline.com.newsblur.service.NBSyncService$1.run(NBSyncService.java:188)
08-04 00:32:25.346 13560 21981 E baseline.com.newsblur.network.APIResponse: 	at java.util.concurrent.ThreadPoolExecutor.runWorker(ThreadPoolExecutor.java:1113)
08-04 00:32:25.346 13560 21981 E baseline.com.newsblur.network.APIResponse: 	at java.util.concurrent.ThreadPoolExecutor$Worker.run(ThreadPoolExecutor.java:588)
08-04 00:32:25.346 13560 21981 E baseline.com.newsblur.network.APIResponse: 	at java.lang.Thread.run(Thread.java:818)
08-04 00:32:25.346 13560 21981 E baseline.com.newsblur.network.APIResponse: Caused by: java.io.EOFException: \n not found: limit=0 content=
08-04 00:32:25.346 13560 21981 E baseline.com.newsblur.network.APIResponse: 	at okio.RealBufferedSource.readUtf8LineStrict(RealBufferedSource.java:240)
08-04 00:32:25.346 13560 21981 E baseline.com.newsblur.network.APIResponse: 	at okhttp3.internal.http1.Http1ExchangeCodec.readHeaderLine(Http1ExchangeCodec.java:242)
08-04 00:32:25.346 13560 21981 E baseline.com.newsblur.network.APIResponse: 	at okhttp3.internal.http1.Http1ExchangeCodec.readResponseHeaders(Http1ExchangeCodec.java:213)
08-04 00:32:25.346 13560 21981 E baseline.com.newsblur.network.APIResponse: 	... 28 more
08-04 00:32:25.348 13560 21981 I baseline.com.newsblur.network.APIManager: API call failed, pausing before retry number 2
08-04 00:32:25.694 13560 21229 I art     : Starting a blocking GC Explicit
08-04 00:32:25.733 13560 21229 I art     : Explicit concurrent mark sweep GC freed 2068(259KB) AllocSpace objects, 3(60KB) LOS objects, 29% free, 37MB/53MB, paused 1.055ms total 39.245ms
08-04 00:32:25.748 13560 21229 I art     : Starting a blocking GC Explicit
08-04 00:32:25.781 13560 21229 I art     : Explicit concurrent mark sweep GC freed 66(2480B) AllocSpace objects, 0(0B) LOS objects, 29% free, 37MB/53MB, paused 949us total 32.857ms
08-04 00:32:25.791 13560 21229 I art     : Starting a blocking GC Explicit
08-04 00:32:25.824 13560 21229 I art     : Explicit concurrent mark sweep GC freed 3(96B) AllocSpace objects, 0(0B) LOS objects, 29% free, 37MB/53MB, paused 1.018ms total 33.526ms
08-04 00:32:25.834 13560 21229 I art     : Starting a blocking GC Explicit
08-04 00:32:25.870 13560 21229 I art     : Explicit concurrent mark sweep GC freed 3(96B) AllocSpace objects, 0(0B) LOS objects, 29% free, 37MB/53MB, paused 1.026ms total 35.999ms
08-04 00:32:25.880 13560 21229 I art     : Starting a blocking GC Explicit
08-04 00:32:25.916 13560 21229 I art     : Explicit concurrent mark sweep GC freed 3(96B) AllocSpace objects, 0(0B) LOS objects, 29% free, 37MB/53MB, paused 989us total 35.489ms
08-04 00:32:26.274 13560 13572 I art     : Starting a blocking GC Explicit
08-04 00:32:26.312 13560 13572 I art     : Explicit concurrent mark sweep GC freed 1442(82KB) AllocSpace objects, 1(20KB) LOS objects, 29% free, 37MB/53MB, paused 950us total 37.257ms
08-04 00:32:26.324 13560 13572 I art     : Starting a blocking GC Explicit
08-04 00:32:26.359 13560 13572 I art     : Explicit concurrent mark sweep GC freed 35(1376B) AllocSpace objects, 0(0B) LOS objects, 29% free, 37MB/53MB, paused 999us total 34.743ms
08-04 00:32:26.369 13560 13572 I art     : Starting a blocking GC Explicit
08-04 00:32:26.403 13560 13572 I art     : Explicit concurrent mark sweep GC freed 9(352B) AllocSpace objects, 0(0B) LOS objects, 29% free, 37MB/53MB, paused 908us total 33.412ms
08-04 00:32:26.413 13560 13572 I art     : Starting a blocking GC Explicit
08-04 00:32:26.445 13560 13572 I art     : Explicit concurrent mark sweep GC freed 3(96B) AllocSpace objects, 0(0B) LOS objects, 29% free, 37MB/53MB, paused 902us total 30.939ms
08-04 00:32:26.454 13560 13572 I art     : Starting a blocking GC Explicit
08-04 00:32:26.485 13560 13572 I art     : Explicit concurrent mark sweep GC freed 3(96B) AllocSpace objects, 0(0B) LOS objects, 29% free, 37MB/53MB, paused 900us total 31.050ms
08-04 00:32:26.852 13560 13571 I art     : Starting a blocking GC Explicit
08-04 00:32:26.888 13560 13571 I art     : Explicit concurrent mark sweep GC freed 2584(140KB) AllocSpace objects, 1(20KB) LOS objects, 29% free, 37MB/53MB, paused 1.041ms total 35.017ms
08-04 00:32:26.897 13560 13571 I art     : Starting a blocking GC Explicit
08-04 00:32:26.930 13560 13571 I art     : Explicit concurrent mark sweep GC freed 1130(74KB) AllocSpace objects, 0(0B) LOS objects, 29% free, 37MB/53MB, paused 965us total 32.665ms
08-04 00:32:26.941 13560 13571 I art     : Starting a blocking GC Explicit
08-04 00:32:26.976 13560 13571 I art     : Explicit concurrent mark sweep GC freed 365(27KB) AllocSpace objects, 0(0B) LOS objects, 29% free, 37MB/53MB, paused 987us total 34.652ms
08-04 00:32:26.986 13560 13571 I art     : Starting a blocking GC Explicit
08-04 00:32:27.019 13560 13571 I art     : Explicit concurrent mark sweep GC freed 6(224B) AllocSpace objects, 0(0B) LOS objects, 29% free, 37MB/53MB, paused 994us total 33.091ms
08-04 00:32:27.030 13560 13571 I art     : Starting a blocking GC Explicit
08-04 00:32:27.064 13560 13571 I art     : Explicit concurrent mark sweep GC freed 3(96B) AllocSpace objects, 0(0B) LOS objects, 29% free, 37MB/53MB, paused 1.018ms total 33.857ms
08-04 00:32:27.406 13560 21596 I art     : Starting a blocking GC Explicit
08-04 00:32:27.444 13560 21596 I art     : Explicit concurrent mark sweep GC freed 1437(82KB) AllocSpace objects, 1(20KB) LOS objects, 29% free, 37MB/53MB, paused 1.037ms total 37.974ms
08-04 00:32:27.455 13560 21596 I art     : Starting a blocking GC Explicit
08-04 00:32:27.491 13560 21596 I art     : Explicit concurrent mark sweep GC freed 22(784B) AllocSpace objects, 0(0B) LOS objects, 29% free, 37MB/53MB, paused 1.020ms total 36.168ms
08-04 00:32:27.502 13560 21596 I art     : Starting a blocking GC Explicit
08-04 00:32:27.538 13560 21596 I art     : Explicit concurrent mark sweep GC freed 3(96B) AllocSpace objects, 0(0B) LOS objects, 29% free, 37MB/53MB, paused 1.141ms total 35.854ms
08-04 00:32:27.548 13560 21596 I art     : Starting a blocking GC Explicit
08-04 00:32:27.585 13560 21596 I art     : Explicit concurrent mark sweep GC freed 3(96B) AllocSpace objects, 0(0B) LOS objects, 29% free, 37MB/53MB, paused 981us total 36.393ms
08-04 00:32:27.595 13560 21596 I art     : Starting a blocking GC Explicit
08-04 00:32:27.632 13560 21596 I art     : Explicit concurrent mark sweep GC freed 3(96B) AllocSpace objects, 0(0B) LOS objects, 29% free, 37MB/53MB, paused 1.031ms total 36.669ms
08-04 00:32:27.984 13560 21229 I art     : Starting a blocking GC Explicit
08-04 00:32:28.022 13560 21229 I art     : Explicit concurrent mark sweep GC freed 1437(82KB) AllocSpace objects, 1(20KB) LOS objects, 29% free, 37MB/53MB, paused 981us total 37.145ms
08-04 00:32:28.034 13560 21229 I art     : Starting a blocking GC Explicit
08-04 00:32:28.069 13560 21229 I art     : Explicit concurrent mark sweep GC freed 22(784B) AllocSpace objects, 0(0B) LOS objects, 29% free, 37MB/53MB, paused 994us total 34.396ms
08-04 00:32:28.079 13560 21229 I art     : Starting a blocking GC Explicit
08-04 00:32:28.113 13560 21229 I art     : Explicit concurrent mark sweep GC freed 3(96B) AllocSpace objects, 0(0B) LOS objects, 29% free, 37MB/53MB, paused 958us total 34.120ms
08-04 00:32:28.123 13560 21229 I art     : Starting a blocking GC Explicit
08-04 00:32:28.158 13560 21229 I art     : Explicit concurrent mark sweep GC freed 3(96B) AllocSpace objects, 0(0B) LOS objects, 29% free, 37MB/53MB, paused 1.094ms total 34.386ms
08-04 00:32:28.168 13560 21229 I art     : Starting a blocking GC Explicit
08-04 00:32:28.202 13560 21229 I art     : Explicit concurrent mark sweep GC freed 3(96B) AllocSpace objects, 0(0B) LOS objects, 29% free, 37MB/53MB, paused 997us total 34.467ms
08-04 00:32:28.544 13560 13572 I art     : Starting a blocking GC Explicit
08-04 00:32:28.583 13560 13572 I art     : Explicit concurrent mark sweep GC freed 1604(91KB) AllocSpace objects, 1(20KB) LOS objects, 29% free, 37MB/53MB, paused 1.069ms total 38.354ms
08-04 00:32:28.596 13560 13572 I art     : Starting a blocking GC Explicit
08-04 00:32:28.631 13560 13572 I art     : Explicit concurrent mark sweep GC freed 28(1040B) AllocSpace objects, 0(0B) LOS objects, 29% free, 37MB/53MB, paused 981us total 34.317ms
08-04 00:32:28.641 13560 13572 I art     : Starting a blocking GC Explicit
08-04 00:32:28.675 13560 13572 I art     : Explicit concurrent mark sweep GC freed 3(96B) AllocSpace objects, 0(0B) LOS objects, 29% free, 37MB/53MB, paused 1.014ms total 34.308ms
08-04 00:32:28.685 13560 13572 I art     : Starting a blocking GC Explicit
08-04 00:32:28.720 13560 13572 I art     : Explicit concurrent mark sweep GC freed 3(96B) AllocSpace objects, 0(0B) LOS objects, 29% free, 37MB/53MB, paused 1.025ms total 34.889ms
08-04 00:32:28.730 13560 13572 I art     : Starting a blocking GC Explicit
08-04 00:32:28.765 13560 13572 I art     : Explicit concurrent mark sweep GC freed 3(96B) AllocSpace objects, 0(0B) LOS objects, 29% free, 37MB/53MB, paused 984us total 34.508ms
08-04 00:32:28.924 13560 21981 E baseline.com.newsblur.network.APIResponse: Error (unexpected end of stream on https://www.newsblur.com/...) calling https://www.newsblur.com/reader/feed_unread_count?feed_id=0
08-04 00:32:28.924 13560 21981 E baseline.com.newsblur.network.APIResponse: java.io.IOException: unexpected end of stream on https://www.newsblur.com/...
08-04 00:32:28.924 13560 21981 E baseline.com.newsblur.network.APIResponse: 	at okhttp3.internal.http1.Http1ExchangeCodec.readResponseHeaders(Http1ExchangeCodec.java:236)
08-04 00:32:28.924 13560 21981 E baseline.com.newsblur.network.APIResponse: 	at okhttp3.internal.connection.Exchange.readResponseHeaders(Exchange.java:115)
08-04 00:32:28.924 13560 21981 E baseline.com.newsblur.network.APIResponse: 	at okhttp3.internal.http.CallServerInterceptor.intercept(CallServerInterceptor.java:94)
08-04 00:32:28.924 13560 21981 E baseline.com.newsblur.network.APIResponse: 	at okhttp3.internal.http.RealInterceptorChain.proceed(RealInterceptorChain.java:142)
08-04 00:32:28.924 13560 21981 E baseline.com.newsblur.network.APIResponse: 	at okhttp3.internal.connection.ConnectInterceptor.intercept(ConnectInterceptor.java:43)
08-04 00:32:28.924 13560 21981 E baseline.com.newsblur.network.APIResponse: 	at okhttp3.internal.http.RealInterceptorChain.proceed(RealInterceptorChain.java:142)
08-04 00:32:28.924 13560 21981 E baseline.com.newsblur.network.APIResponse: 	at okhttp3.internal.http.RealInterceptorChain.proceed(RealInterceptorChain.java:117)
08-04 00:32:28.924 13560 21981 E baseline.com.newsblur.network.APIResponse: 	at okhttp3.internal.cache.CacheInterceptor.intercept(CacheInterceptor.java:94)
08-04 00:32:28.924 13560 21981 E baseline.com.newsblur.network.APIResponse: 	at okhttp3.internal.http.RealInterceptorChain.proceed(RealInterceptorChain.java:142)
08-04 00:32:28.924 13560 21981 E baseline.com.newsblur.network.APIResponse: 	at okhttp3.internal.http.RealInterceptorChain.proceed(RealInterceptorChain.java:117)
08-04 00:32:28.924 13560 21981 E baseline.com.newsblur.network.APIResponse: 	at okhttp3.internal.http.BridgeInterceptor.intercept(BridgeInterceptor.java:93)
08-04 00:32:28.924 13560 21981 E baseline.com.newsblur.network.APIResponse: 	at okhttp3.internal.http.RealInterceptorChain.proceed(RealInterceptorChain.java:142)
08-04 00:32:28.924 13560 21981 E baseline.com.newsblur.network.APIResponse: 	at okhttp3.internal.http.RetryAndFollowUpInterceptor.intercept(RetryAndFollowUpInterceptor.java:88)
08-04 00:32:28.924 13560 21981 E baseline.com.newsblur.network.APIResponse: 	at okhttp3.internal.http.RealInterceptorChain.proceed(RealInterceptorChain.java:142)
08-04 00:32:28.924 13560 21981 E baseline.com.newsblur.network.APIResponse: 	at okhttp3.internal.http.RealInterceptorChain.proceed(RealInterceptorChain.java:117)
08-04 00:32:28.924 13560 21981 E baseline.com.newsblur.network.APIResponse: 	at okhttp3.RealCall.getResponseWithInterceptorChain(RealCall.java:229)
08-04 00:32:28.924 13560 21981 E baseline.com.newsblur.network.APIResponse: 	at okhttp3.RealCall.execute(RealCall.java:81)
08-04 00:32:28.924 13560 21981 E baseline.com.newsblur.network.APIResponse: 	at baseline.com.newsblur.network.APIResponse.<init>(APIResponse.java:57)
08-04 00:32:28.924 13560 21981 E baseline.com.newsblur.network.APIResponse: 	at baseline.com.newsblur.network.APIManager.get_single(APIManager.java:639)
08-04 00:32:28.924 13560 21981 E baseline.com.newsblur.network.APIResponse: 	at baseline.com.newsblur.network.APIManager.get(APIManager.java:625)
08-04 00:32:28.924 13560 21981 E baseline.com.newsblur.network.APIResponse: 	at baseline.com.newsblur.network.APIManager.get(APIManager.java:667)
08-04 00:32:28.924 13560 21981 E baseline.com.newsblur.network.APIResponse: 	at baseline.com.newsblur.network.APIManager.getFeedUnreadCounts(APIManager.java:274)
08-04 00:32:28.924 13560 21981 E baseline.com.newsblur.network.APIResponse: 	at baseline.com.newsblur.service.NBSyncService.checkRecounts(NBSyncService.java:660)
08-04 00:32:28.924 13560 21981 E baseline.com.newsblur.network.APIResponse: 	at baseline.com.newsblur.service.NBSyncService.doSync(NBSyncService.java:310)
08-04 00:32:28.924 13560 21981 E baseline.com.newsblur.network.APIResponse: 	at baseline.com.newsblur.service.NBSyncService.access$100(NBSyncService.java:67)
08-04 00:32:28.924 13560 21981 E baseline.com.newsblur.network.APIResponse: 	at baseline.com.newsblur.service.NBSyncService$1.run(NBSyncService.java:188)
08-04 00:32:28.924 13560 21981 E baseline.com.newsblur.network.APIResponse: 	at java.util.concurrent.ThreadPoolExecutor.runWorker(ThreadPoolExecutor.java:1113)
08-04 00:32:28.924 13560 21981 E baseline.com.newsblur.network.APIResponse: 	at java.util.concurrent.ThreadPoolExecutor$Worker.run(ThreadPoolExecutor.java:588)
08-04 00:32:28.924 13560 21981 E baseline.com.newsblur.network.APIResponse: 	at java.lang.Thread.run(Thread.java:818)
08-04 00:32:28.924 13560 21981 E baseline.com.newsblur.network.APIResponse: Caused by: java.io.EOFException: \n not found: limit=0 content=
08-04 00:32:28.924 13560 21981 E baseline.com.newsblur.network.APIResponse: 	at okio.RealBufferedSource.readUtf8LineStrict(RealBufferedSource.java:240)
08-04 00:32:28.924 13560 21981 E baseline.com.newsblur.network.APIResponse: 	at okhttp3.internal.http1.Http1ExchangeCodec.readHeaderLine(Http1ExchangeCodec.java:242)
08-04 00:32:28.924 13560 21981 E baseline.com.newsblur.network.APIResponse: 	at okhttp3.internal.http1.Http1ExchangeCodec.readResponseHeaders(Http1ExchangeCodec.java:213)
08-04 00:32:28.924 13560 21981 E baseline.com.newsblur.network.APIResponse: 	... 28 more
08-04 00:32:28.926 13560 21981 W baseline.com.newsblur.service.NBSyncService: Bad response to feed_unread_count
08-04 00:32:29.093 13560 13571 I art     : Starting a blocking GC Explicit
08-04 00:32:29.130 13560 13571 I art     : Explicit concurrent mark sweep GC freed 4447(422KB) AllocSpace objects, 6(120KB) LOS objects, 29% free, 37MB/53MB, paused 989us total 37.130ms
08-04 00:32:29.140 13560 13571 I art     : Starting a blocking GC Explicit
08-04 00:32:29.173 13560 13571 I art     : Explicit concurrent mark sweep GC freed 136(5KB) AllocSpace objects, 0(0B) LOS objects, 29% free, 37MB/53MB, paused 1.082ms total 33.162ms
08-04 00:32:29.183 13560 13571 I art     : Starting a blocking GC Explicit
08-04 00:32:29.217 13560 13571 I art     : Explicit concurrent mark sweep GC freed 3(96B) AllocSpace objects, 0(0B) LOS objects, 29% free, 37MB/53MB, paused 1.133ms total 33.821ms
08-04 00:32:29.228 13560 13571 I art     : Starting a blocking GC Explicit
08-04 00:32:29.262 13560 13571 I art     : Explicit concurrent mark sweep GC freed 3(96B) AllocSpace objects, 0(0B) LOS objects, 29% free, 37MB/53MB, paused 1.180ms total 34.256ms
08-04 00:32:29.272 13560 13571 I art     : Starting a blocking GC Explicit
08-04 00:32:29.307 13560 13571 I art     : Explicit concurrent mark sweep GC freed 1649(64KB) AllocSpace objects, 0(0B) LOS objects, 29% free, 37MB/53MB, paused 1.129ms total 34.336ms
08-04 00:32:29.336 13560 21981 E baseline.com.newsblur.network.APIResponse: Error (unexpected end of stream on https://www.newsblur.com/...) calling https://www.newsblur.com/reader/mark_story_hashes_as_read/
08-04 00:32:29.336 13560 21981 E baseline.com.newsblur.network.APIResponse: java.io.IOException: unexpected end of stream on https://www.newsblur.com/...
08-04 00:32:29.336 13560 21981 E baseline.com.newsblur.network.APIResponse: 	at okhttp3.internal.http1.Http1ExchangeCodec.readResponseHeaders(Http1ExchangeCodec.java:236)
08-04 00:32:29.336 13560 21981 E baseline.com.newsblur.network.APIResponse: 	at okhttp3.internal.connection.Exchange.readResponseHeaders(Exchange.java:115)
08-04 00:32:29.336 13560 21981 E baseline.com.newsblur.network.APIResponse: 	at okhttp3.internal.http.CallServerInterceptor.intercept(CallServerInterceptor.java:94)
08-04 00:32:29.336 13560 21981 E baseline.com.newsblur.network.APIResponse: 	at okhttp3.internal.http.RealInterceptorChain.proceed(RealInterceptorChain.java:142)
08-04 00:32:29.336 13560 21981 E baseline.com.newsblur.network.APIResponse: 	at okhttp3.internal.connection.ConnectInterceptor.intercept(ConnectInterceptor.java:43)
08-04 00:32:29.336 13560 21981 E baseline.com.newsblur.network.APIResponse: 	at okhttp3.internal.http.RealInterceptorChain.proceed(RealInterceptorChain.java:142)
08-04 00:32:29.336 13560 21981 E baseline.com.newsblur.network.APIResponse: 	at okhttp3.internal.http.RealInterceptorChain.proceed(RealInterceptorChain.java:117)
08-04 00:32:29.336 13560 21981 E baseline.com.newsblur.network.APIResponse: 	at okhttp3.internal.cache.CacheInterceptor.intercept(CacheInterceptor.java:94)
08-04 00:32:29.336 13560 21981 E baseline.com.newsblur.network.APIResponse: 	at okhttp3.internal.http.RealInterceptorChain.proceed(RealInterceptorChain.java:142)
08-04 00:32:29.336 13560 21981 E baseline.com.newsblur.network.APIResponse: 	at okhttp3.internal.http.RealInterceptorChain.proceed(RealInterceptorChain.java:117)
08-04 00:32:29.336 13560 21981 E baseline.com.newsblur.network.APIResponse: 	at okhttp3.internal.http.BridgeInterceptor.intercept(BridgeInterceptor.java:93)
08-04 00:32:29.336 13560 21981 E baseline.com.newsblur.network.APIResponse: 	at okhttp3.internal.http.RealInterceptorChain.proceed(RealInterceptorChain.java:142)
08-04 00:32:29.336 13560 21981 E baseline.com.newsblur.network.APIResponse: 	at okhttp3.internal.http.RetryAndFollowUpInterceptor.intercept(RetryAndFollowUpInterceptor.java:88)
08-04 00:32:29.336 13560 21981 E baseline.com.newsblur.network.APIResponse: 	at okhttp3.internal.http.RealInterceptorChain.proceed(RealInterceptorChain.java:142)
08-04 00:32:29.336 13560 21981 E baseline.com.newsblur.network.APIResponse: 	at okhttp3.internal.http.RealInterceptorChain.proceed(RealInterceptorChain.java:117)
08-04 00:32:29.336 13560 21981 E baseline.com.newsblur.network.APIResponse: 	at okhttp3.RealCall.getResponseWithInterceptorChain(RealCall.java:229)
08-04 00:32:29.336 13560 21981 E baseline.com.newsblur.network.APIResponse: 	at okhttp3.RealCall.execute(RealCall.java:81)
08-04 00:32:29.336 13560 21981 E baseline.com.newsblur.network.APIResponse: 	at baseline.com.newsblur.network.APIResponse.<init>(APIResponse.java:57)
08-04 00:32:29.336 13560 21981 E baseline.com.newsblur.network.APIResponse: 	at baseline.com.newsblur.network.APIResponse.<init>(APIResponse.java:43)
08-04 00:32:29.336 13560 21981 E baseline.com.newsblur.network.APIResponse: 	at baseline.com.newsblur.network.APIManager.post_single(APIManager.java:702)
08-04 00:32:29.336 13560 21981 E baseline.com.newsblur.network.APIResponse: 	at baseline.com.newsblur.network.APIManager.post(APIManager.java:675)
08-04 00:32:29.336 13560 21981 E baseline.com.newsblur.network.APIResponse: 	at baseline.com.newsblur.network.APIManager.post(APIManager.java:714)
08-04 00:32:29.336 13560 21981 E baseline.com.newsblur.network.APIResponse: 	at baseline.com.newsblur.network.APIManager.markStoryAsRead(APIManager.java:205)
08-04 00:32:29.336 13560 21981 E baseline.com.newsblur.network.APIResponse: 	at baseline.com.newsblur.util.ReadingAction.doRemote(ReadingAction.java:281)
08-04 00:32:29.336 13560 21981 E baseline.com.newsblur.network.APIResponse: 	at baseline.com.newsblur.service.NBSyncService.syncActions(NBSyncService.java:400)
08-04 00:32:29.336 13560 21981 E baseline.com.newsblur.network.APIResponse: 	at baseline.com.newsblur.service.NBSyncService.doSync(NBSyncService.java:298)
08-04 00:32:29.336 13560 21981 E baseline.com.newsblur.network.APIResponse: 	at baseline.com.newsblur.service.NBSyncService.access$100(NBSyncService.java:67)
08-04 00:32:29.336 13560 21981 E baseline.com.newsblur.network.APIResponse: 	at baseline.com.newsblur.service.NBSyncService$1.run(NBSyncService.java:188)
08-04 00:32:29.336 13560 21981 E baseline.com.newsblur.network.APIResponse: 	at java.util.concurrent.ThreadPoolExecutor.runWorker(ThreadPoolExecutor.java:1113)
08-04 00:32:29.336 13560 21981 E baseline.com.newsblur.network.APIResponse: 	at java.util.concurrent.ThreadPoolExecutor$Worker.run(ThreadPoolExecutor.java:588)
08-04 00:32:29.336 13560 21981 E baseline.com.newsblur.network.APIResponse: 	at java.lang.Thread.run(Thread.java:818)
08-04 00:32:29.336 13560 21981 E baseline.com.newsblur.network.APIResponse: Caused by: java.io.EOFException: \n not found: limit=0 content=
08-04 00:32:29.336 13560 21981 E baseline.com.newsblur.network.APIResponse: 	at okio.RealBufferedSource.readUtf8LineStrict(RealBufferedSource.java:240)
08-04 00:32:29.336 13560 21981 E baseline.com.newsblur.network.APIResponse: 	at okhttp3.internal.http1.Http1ExchangeCodec.readHeaderLine(Http1ExchangeCodec.java:242)
08-04 00:32:29.336 13560 21981 E baseline.com.newsblur.network.APIResponse: 	at okhttp3.internal.http1.Http1ExchangeCodec.readResponseHeaders(Http1ExchangeCodec.java:213)
08-04 00:32:29.336 13560 21981 E baseline.com.newsblur.network.APIResponse: 	... 30 more
08-04 00:32:29.338 13560 21981 I baseline.com.newsblur.network.APIManager: API call failed, pausing before retry number 1
08-04 00:32:29.452   518   646 I ThermalEngine: ACTION: GPU - Setting GPU[0] to 600000000
08-04 00:32:29.511 22371 22371 D AndroidRuntime: >>>>>> START com.android.internal.os.RuntimeInit uid 2000 <<<<<<
08-04 00:32:29.516 22371 22371 D AndroidRuntime: CheckJNI is OFF
08-04 00:32:29.540 22371 22371 D ICU     : No timezone override file found: /data/misc/zoneinfo/current/icu/icu_tzdata.dat
08-04 00:32:29.565 22371 22371 I Radio-JNI: register_android_hardware_Radio DONE
08-04 00:32:29.582 22371 22371 D AndroidRuntime: Calling main entry com.android.commands.input.Input
08-04 00:32:29.584 22371 22371 I Input   : injectMotionEvent: MotionEvent { action=ACTION_DOWN, actionButton=0, id[0]=0, x[0]=436.0, y[0]=453.0, toolType[0]=TOOL_TYPE_UNKNOWN, buttonState=0, metaState=0, flags=0x0, edgeFlags=0x0, pointerCount=1, historySize=0, eventTime=664365997, downTime=664365997, deviceId=0, source=0x1002 }
08-04 00:32:29.589 22371 22371 I Input   : injectMotionEvent: MotionEvent { action=ACTION_UP, actionButton=0, id[0]=0, x[0]=436.0, y[0]=453.0, toolType[0]=TOOL_TYPE_UNKNOWN, buttonState=0, metaState=0, flags=0x0, edgeFlags=0x0, pointerCount=1, historySize=0, eventTime=664365997, downTime=664365997, deviceId=0, source=0x1002 }
08-04 00:32:29.591 22371 22371 D AndroidRuntime: Shutting down VM
08-04 00:32:29.601   512  2967 D audio_hw_primary: out_set_parameters: enter: usecase(1: low-latency-playback) kvpairs: routing=2
08-04 00:32:29.603   918  4413 I ActivityManager: START u0 {cmp=baseline.com.newsblur/.activity.GlobalSharedStoriesReading (has extras)} from uid 10652 on display 0
08-04 00:32:29.610 13560 21229 I art     : Starting a blocking GC Explicit
08-04 00:32:29.615   512  2967 D audio_hw_primary: select_devices: out_snd_device(2: speaker) in_snd_device(0: none)
08-04 00:32:29.615   512  2967 D msm8974_platform: platform_send_audio_calibration: sending audio calibration for snd_device(2) acdb_id(15)
08-04 00:32:29.615   512  2967 I soundtrigger: audio_extn_sound_trigger_update_device_status: device 0x2 of type 0 for Event 1
08-04 00:32:29.625   512  2967 D audio_hw_primary: enable_snd_device: snd_device(2: speaker)
08-04 00:32:29.627   512  2967 D audio_hw_primary: enable_audio_route: apply and update mixer path: low-latency-playback speaker
08-04 00:32:29.643 13560 21229 I art     : Explicit concurrent mark sweep GC freed 2998(381KB) AllocSpace objects, 5(100KB) LOS objects, 29% free, 38MB/54MB, paused 1.127ms total 33.430ms
08-04 00:32:29.652 13560 21229 I art     : Starting a blocking GC Explicit
08-04 00:32:29.678 13560 21229 I art     : Explicit concurrent mark sweep GC freed 1172(73KB) AllocSpace objects, 2(468KB) LOS objects, 29% free, 37MB/53MB, paused 843us total 26.199ms
08-04 00:32:29.685 13560 21229 I art     : Starting a blocking GC Explicit
08-04 00:32:29.712 13560 21229 I art     : Explicit concurrent mark sweep GC freed 122(6KB) AllocSpace objects, 0(0B) LOS objects, 29% free, 37MB/53MB, paused 841us total 26.861ms
08-04 00:32:29.720 13560 21229 I art     : Starting a blocking GC Explicit
08-04 00:32:29.747 13560 21229 I art     : Explicit concurrent mark sweep GC freed 158(26KB) AllocSpace objects, 1(20KB) LOS objects, 29% free, 37MB/53MB, paused 715us total 26.007ms
08-04 00:32:29.755 13560 21229 I art     : Starting a blocking GC Explicit
08-04 00:32:29.774   918   936 I ActivityManager: Displayed baseline.com.newsblur/.activity.GlobalSharedStoriesReading: +162ms
08-04 00:32:29.775 13866 13866 I GoogleInputMethodServic: GoogleInputMethodService.onFinishInput():3138 
08-04 00:32:29.776 13866 13866 I GoogleInputMethodServic: GoogleInputMethodService.onStartInput():1808 
08-04 00:32:29.785 13560 21229 I art     : Explicit concurrent mark sweep GC freed 539(44KB) AllocSpace objects, 1(20KB) LOS objects, 29% free, 37MB/53MB, paused 990us total 29.466ms
08-04 00:32:29.932 13560 21643 E chromium: [ERROR:tile_manager.cc(793)] WARNING: tile memory limits exceeded, some content may not draw
08-04 00:32:29.932 13560 21643 E chromium: [ERROR:tile_manager.cc(793)] WARNING: tile memory limits exceeded, some content may not draw
08-04 00:32:30.030 13560 13571 I art     : Starting a blocking GC Explicit
08-04 00:32:30.061 13560 13571 I art     : Explicit concurrent mark sweep GC freed 4037(302KB) AllocSpace objects, 13(304KB) LOS objects, 29% free, 38MB/54MB, paused 765us total 30.718ms
08-04 00:32:30.069 13560 13571 I art     : Starting a blocking GC Explicit
08-04 00:32:30.098 13560 13571 I art     : Explicit concurrent mark sweep GC freed 730(33KB) AllocSpace objects, 0(0B) LOS objects, 29% free, 38MB/54MB, paused 799us total 28.227ms
08-04 00:32:30.105 13560 13571 I art     : Starting a blocking GC Explicit
08-04 00:32:30.133 13560 13571 I art     : Explicit concurrent mark sweep GC freed 3(96B) AllocSpace objects, 0(0B) LOS objects, 29% free, 38MB/54MB, paused 826us total 27.712ms
08-04 00:32:30.142 13560 13571 I art     : Starting a blocking GC Explicit
08-04 00:32:30.159   512  2967 D audio_hw_primary: disable_audio_route: reset and update mixer path: low-latency-playback speaker
08-04 00:32:30.160   512  2967 D audio_hw_primary: disable_snd_device: snd_device(2: speaker)
08-04 00:32:30.169   512  2967 I soundtrigger: audio_extn_sound_trigger_update_device_status: device 0x2 of type 0 for Event 0
08-04 00:32:30.169 13560 13571 I art     : Explicit concurrent mark sweep GC freed 125(17KB) AllocSpace objects, 1(20KB) LOS objects, 29% free, 38MB/54MB, paused 774us total 27.172ms
08-04 00:32:30.178 13560 13571 I art     : Starting a blocking GC Explicit
08-04 00:32:30.206 13560 13571 I art     : Explicit concurrent mark sweep GC freed 29(960B) AllocSpace objects, 0(0B) LOS objects, 29% free, 38MB/54MB, paused 701us total 27.836ms
08-04 00:32:30.458   518   646 I ThermalEngine: ACTION: GPU - Setting GPU[0] to 510000000
08-04 00:32:30.510 13560 13572 I art     : Starting a blocking GC Explicit
08-04 00:32:30.545 13560 13572 I art     : Explicit concurrent mark sweep GC freed 1445(83KB) AllocSpace objects, 1(20KB) LOS objects, 29% free, 38MB/54MB, paused 989us total 35.679ms
08-04 00:32:30.555 13560 13572 I art     : Starting a blocking GC Explicit
08-04 00:32:30.591 13560 13572 I art     : Explicit concurrent mark sweep GC freed 22(784B) AllocSpace objects, 0(0B) LOS objects, 29% free, 38MB/54MB, paused 1ms total 35.458ms
08-04 00:32:30.600 13560 13572 I art     : Starting a blocking GC Explicit
08-04 00:32:30.635 13560 13572 I art     : Explicit concurrent mark sweep GC freed 3(96B) AllocSpace objects, 0(0B) LOS objects, 29% free, 38MB/54MB, paused 994us total 34.436ms
08-04 00:32:30.645 13560 13572 I art     : Starting a blocking GC Explicit
08-04 00:32:30.681 13560 13572 I art     : Explicit concurrent mark sweep GC freed 3(96B) AllocSpace objects, 0(0B) LOS objects, 29% free, 38MB/54MB, paused 1.003ms total 35.659ms
08-04 00:32:30.691 13560 13572 I art     : Starting a blocking GC Explicit
08-04 00:32:30.728 13560 13572 I art     : Explicit concurrent mark sweep GC freed 3(96B) AllocSpace objects, 0(0B) LOS objects, 29% free, 38MB/54MB, paused 1.119ms total 36.884ms
08-04 00:32:31.059 13560 21596 I art     : Starting a blocking GC Explicit
08-04 00:32:31.095 13560 21596 I art     : Explicit concurrent mark sweep GC freed 1623(92KB) AllocSpace objects, 1(20KB) LOS objects, 29% free, 38MB/54MB, paused 1.045ms total 36.441ms
08-04 00:32:31.107 13560 21596 I art     : Starting a blocking GC Explicit
08-04 00:32:31.141 13560 21596 I art     : Explicit concurrent mark sweep GC freed 40(1424B) AllocSpace objects, 0(0B) LOS objects, 29% free, 38MB/54MB, paused 1.073ms total 34.360ms
08-04 00:32:31.151 13560 21596 I art     : Starting a blocking GC Explicit
08-04 00:32:31.186 13560 21596 I art     : Explicit concurrent mark sweep GC freed 11(352B) AllocSpace objects, 0(0B) LOS objects, 29% free, 38MB/54MB, paused 1.095ms total 34.609ms
08-04 00:32:31.196 13560 21596 I art     : Starting a blocking GC Explicit
08-04 00:32:31.209   918  3188 I hubconnection: sensorhub said: 'set_bias 3: -6.2400, 0.0000, 0.0000'
08-04 00:32:31.235 13560 21596 I art     : Explicit concurrent mark sweep GC freed 15(480B) AllocSpace objects, 0(0B) LOS objects, 29% free, 38MB/54MB, paused 1.201ms total 38.951ms
08-04 00:32:31.246 13560 21596 I art     : Starting a blocking GC Explicit
08-04 00:32:31.285 13560 21596 I art     : Explicit concurrent mark sweep GC freed 13(416B) AllocSpace objects, 0(0B) LOS objects, 29% free, 38MB/54MB, paused 1.304ms total 39.378ms
08-04 00:32:31.372 13560 21981 E baseline.com.newsblur.network.APIResponse: Error (unexpected end of stream on https://www.newsblur.com/...) calling https://www.newsblur.com/reader/mark_story_hashes_as_read/
08-04 00:32:31.372 13560 21981 E baseline.com.newsblur.network.APIResponse: java.io.IOException: unexpected end of stream on https://www.newsblur.com/...
08-04 00:32:31.372 13560 21981 E baseline.com.newsblur.network.APIResponse: 	at okhttp3.internal.http1.Http1ExchangeCodec.readResponseHeaders(Http1ExchangeCodec.java:236)
08-04 00:32:31.372 13560 21981 E baseline.com.newsblur.network.APIResponse: 	at okhttp3.internal.connection.Exchange.readResponseHeaders(Exchange.java:115)
08-04 00:32:31.372 13560 21981 E baseline.com.newsblur.network.APIResponse: 	at okhttp3.internal.http.CallServerInterceptor.intercept(CallServerInterceptor.java:94)
08-04 00:32:31.372 13560 21981 E baseline.com.newsblur.network.APIResponse: 	at okhttp3.internal.http.RealInterceptorChain.proceed(RealInterceptorChain.java:142)
08-04 00:32:31.372 13560 21981 E baseline.com.newsblur.network.APIResponse: 	at okhttp3.internal.connection.ConnectInterceptor.intercept(ConnectInterceptor.java:43)
08-04 00:32:31.372 13560 21981 E baseline.com.newsblur.network.APIResponse: 	at okhttp3.internal.http.RealInterceptorChain.proceed(RealInterceptorChain.java:142)
08-04 00:32:31.372 13560 21981 E baseline.com.newsblur.network.APIResponse: 	at okhttp3.internal.http.RealInterceptorChain.proceed(RealInterceptorChain.java:117)
08-04 00:32:31.372 13560 21981 E baseline.com.newsblur.network.APIResponse: 	at okhttp3.internal.cache.CacheInterceptor.intercept(CacheInterceptor.java:94)
08-04 00:32:31.372 13560 21981 E baseline.com.newsblur.network.APIResponse: 	at okhttp3.internal.http.RealInterceptorChain.proceed(RealInterceptorChain.java:142)
08-04 00:32:31.372 13560 21981 E baseline.com.newsblur.network.APIResponse: 	at okhttp3.internal.http.RealInterceptorChain.proceed(RealInterceptorChain.java:117)
08-04 00:32:31.372 13560 21981 E baseline.com.newsblur.network.APIResponse: 	at okhttp3.internal.http.BridgeInterceptor.intercept(BridgeInterceptor.java:93)
08-04 00:32:31.372 13560 21981 E baseline.com.newsblur.network.APIResponse: 	at okhttp3.internal.http.RealInterceptorChain.proceed(RealInterceptorChain.java:142)
08-04 00:32:31.372 13560 21981 E baseline.com.newsblur.network.APIResponse: 	at okhttp3.internal.http.RetryAndFollowUpInterceptor.intercept(RetryAndFollowUpInterceptor.java:88)
08-04 00:32:31.372 13560 21981 E baseline.com.newsblur.network.APIResponse: 	at okhttp3.internal.http.RealInterceptorChain.proceed(RealInterceptorChain.java:142)
08-04 00:32:31.372 13560 21981 E baseline.com.newsblur.network.APIResponse: 	at okhttp3.internal.http.RealInterceptorChain.proceed(RealInterceptorChain.java:117)
08-04 00:32:31.372 13560 21981 E baseline.com.newsblur.network.APIResponse: 	at okhttp3.RealCall.getResponseWithInterceptorChain(RealCall.java:229)
08-04 00:32:31.372 13560 21981 E baseline.com.newsblur.network.APIResponse: 	at okhttp3.RealCall.execute(RealCall.java:81)
08-04 00:32:31.372 13560 21981 E baseline.com.newsblur.network.APIResponse: 	at baseline.com.newsblur.network.APIResponse.<init>(APIResponse.java:57)
08-04 00:32:31.372 13560 21981 E baseline.com.newsblur.network.APIResponse: 	at baseline.com.newsblur.network.APIResponse.<init>(APIResponse.java:43)
08-04 00:32:31.372 13560 21981 E baseline.com.newsblur.network.APIResponse: 	at baseline.com.newsblur.network.APIManager.post_single(APIManager.java:702)
08-04 00:32:31.372 13560 21981 E baseline.com.newsblur.network.APIResponse: 	at baseline.com.newsblur.network.APIManager.post(APIManager.java:675)
08-04 00:32:31.372 13560 21981 E baseline.com.newsblur.network.APIResponse: 	at baseline.com.newsblur.network.APIManager.post(APIManager.java:714)
08-04 00:32:31.372 13560 21981 E baseline.com.newsblur.network.APIResponse: 	at baseline.com.newsblur.network.APIManager.markStoryAsRead(APIManager.java:205)
08-04 00:32:31.372 13560 21981 E baseline.com.newsblur.network.APIResponse: 	at baseline.com.newsblur.util.ReadingAction.doRemote(ReadingAction.java:281)
08-04 00:32:31.372 13560 21981 E baseline.com.newsblur.network.APIResponse: 	at baseline.com.newsblur.service.NBSyncService.syncActions(NBSyncService.java:400)
08-04 00:32:31.372 13560 21981 E baseline.com.newsblur.network.APIResponse: 	at baseline.com.newsblur.service.NBSyncService.doSync(NBSyncService.java:298)
08-04 00:32:31.372 13560 21981 E baseline.com.newsblur.network.APIResponse: 	at baseline.com.newsblur.service.NBSyncService.access$100(NBSyncService.java:67)
08-04 00:32:31.372 13560 21981 E baseline.com.newsblur.network.APIResponse: 	at baseline.com.newsblur.service.NBSyncService$1.run(NBSyncService.java:188)
08-04 00:32:31.372 13560 21981 E baseline.com.newsblur.network.APIResponse: 	at java.util.concurrent.ThreadPoolExecutor.runWorker(ThreadPoolExecutor.java:1113)
08-04 00:32:31.372 13560 21981 E baseline.com.newsblur.network.APIResponse: 	at java.util.concurrent.ThreadPoolExecutor$Worker.run(ThreadPoolExecutor.java:588)
08-04 00:32:31.372 13560 21981 E baseline.com.newsblur.network.APIResponse: 	at java.lang.Thread.run(Thread.java:818)
08-04 00:32:31.372 13560 21981 E baseline.com.newsblur.network.APIResponse: Caused by: java.io.EOFException: \n not found: limit=0 content=
08-04 00:32:31.372 13560 21981 E baseline.com.newsblur.network.APIResponse: 	at okio.RealBufferedSource.readUtf8LineStrict(RealBufferedSource.java:240)
08-04 00:32:31.372 13560 21981 E baseline.com.newsblur.network.APIResponse: 	at okhttp3.internal.http1.Http1ExchangeCodec.readHeaderLine(Http1ExchangeCodec.java:242)
08-04 00:32:31.372 13560 21981 E baseline.com.newsblur.network.APIResponse: 	at okhttp3.internal.http1.Http1ExchangeCodec.readResponseHeaders(Http1ExchangeCodec.java:213)
08-04 00:32:31.372 13560 21981 E baseline.com.newsblur.network.APIResponse: 	... 30 more
08-04 00:32:31.374 13560 21981 I baseline.com.newsblur.network.APIManager: API call failed, pausing before retry number 2
08-04 00:32:31.648 13560 21596 I art     : Starting a blocking GC Explicit
08-04 00:32:31.691 13560 21596 I art     : Explicit concurrent mark sweep GC freed 3955(357KB) AllocSpace objects, 3(60KB) LOS objects, 29% free, 38MB/54MB, paused 1.084ms total 42.648ms
08-04 00:32:31.705 13560 21596 I art     : Starting a blocking GC Explicit
08-04 00:32:31.742 13560 21596 I art     : Explicit concurrent mark sweep GC freed 119(4KB) AllocSpace objects, 0(0B) LOS objects, 29% free, 38MB/54MB, paused 1.022ms total 36.529ms
08-04 00:32:31.752 13560 21596 I art     : Starting a blocking GC Explicit
08-04 00:32:31.789 13560 21596 I art     : Explicit concurrent mark sweep GC freed 3(96B) AllocSpace objects, 0(0B) LOS objects, 29% free, 38MB/54MB, paused 1.038ms total 36.944ms
08-04 00:32:31.800 13560 21596 I art     : Starting a blocking GC Explicit
08-04 00:32:31.838 13560 21596 I art     : Explicit concurrent mark sweep GC freed 3(96B) AllocSpace objects, 0(0B) LOS objects, 29% free, 38MB/54MB, paused 1.086ms total 37.485ms
08-04 00:32:31.848 13560 21596 I art     : Starting a blocking GC Explicit
08-04 00:32:31.886 13560 21596 I art     : Explicit concurrent mark sweep GC freed 3(96B) AllocSpace objects, 0(0B) LOS objects, 29% free, 38MB/54MB, paused 1.040ms total 37.563ms
08-04 00:32:32.231 13560 13572 I art     : Starting a blocking GC Explicit
08-04 00:32:32.273 13560 13572 I art     : Explicit concurrent mark sweep GC freed 1444(83KB) AllocSpace objects, 1(20KB) LOS objects, 29% free, 38MB/54MB, paused 1.085ms total 41.345ms
08-04 00:32:32.287 13560 13572 I art     : Starting a blocking GC Explicit
08-04 00:32:32.324 13560 13572 I art     : Explicit concurrent mark sweep GC freed 22(784B) AllocSpace objects, 0(0B) LOS objects, 29% free, 38MB/54MB, paused 1.038ms total 36.805ms
08-04 00:32:32.335 13560 13572 I art     : Starting a blocking GC Explicit
08-04 00:32:32.372 13560 13572 I art     : Explicit concurrent mark sweep GC freed 3(96B) AllocSpace objects, 0(0B) LOS objects, 29% free, 38MB/54MB, paused 984us total 37.035ms
08-04 00:32:32.382 13560 13572 I art     : Starting a blocking GC Explicit
08-04 00:32:32.418 13560 13572 I art     : Explicit concurrent mark sweep GC freed 3(96B) AllocSpace objects, 0(0B) LOS objects, 29% free, 38MB/54MB, paused 1.025ms total 35.497ms
08-04 00:32:32.428 13560 13572 I art     : Starting a blocking GC Explicit
08-04 00:32:32.465 13560 13572 I art     : Explicit concurrent mark sweep GC freed 3(96B) AllocSpace objects, 0(0B) LOS objects, 29% free, 38MB/54MB, paused 1.041ms total 36.515ms
08-04 00:32:32.817 13560 13571 I art     : Starting a blocking GC Explicit
08-04 00:32:32.857 13560 13571 I art     : Explicit concurrent mark sweep GC freed 1443(83KB) AllocSpace objects, 1(20KB) LOS objects, 29% free, 38MB/54MB, paused 1.054ms total 39.866ms
08-04 00:32:32.867 13560 13571 I art     : Starting a blocking GC Explicit
08-04 00:32:32.906 13560 13571 I art     : Explicit concurrent mark sweep GC freed 22(784B) AllocSpace objects, 0(0B) LOS objects, 29% free, 38MB/54MB, paused 1.051ms total 38.325ms
08-04 00:32:32.916 13560 13571 I art     : Starting a blocking GC Explicit
08-04 00:32:32.955 13560 13571 I art     : Explicit concurrent mark sweep GC freed 3(96B) AllocSpace objects, 0(0B) LOS objects, 29% free, 38MB/54MB, paused 1.048ms total 38.398ms
08-04 00:32:32.966 13560 13571 I art     : Starting a blocking GC Explicit
08-04 00:32:33.005 13560 13571 I art     : Explicit concurrent mark sweep GC freed 3(96B) AllocSpace objects, 0(0B) LOS objects, 29% free, 38MB/54MB, paused 1.088ms total 38.983ms
08-04 00:32:33.017 13560 13571 I art     : Starting a blocking GC Explicit
08-04 00:32:33.055 13560 13571 I art     : Explicit concurrent mark sweep GC freed 3(96B) AllocSpace objects, 0(0B) LOS objects, 29% free, 38MB/54MB, paused 1.055ms total 38.330ms
08-04 00:32:33.114   918  3261 D WifiStateMachine: starting scan for "H369AA63323"WPA_PSK with 2412,5180
08-04 00:32:33.421 13560 21229 I art     : Starting a blocking GC Explicit
08-04 00:32:33.462 13560 21229 I art     : Explicit concurrent mark sweep GC freed 1444(83KB) AllocSpace objects, 1(20KB) LOS objects, 29% free, 38MB/54MB, paused 1.130ms total 40.832ms
08-04 00:32:33.477 13560 21229 I art     : Starting a blocking GC Explicit
08-04 00:32:33.514 13560 21229 I art     : Explicit concurrent mark sweep GC freed 22(784B) AllocSpace objects, 0(0B) LOS objects, 29% free, 38MB/54MB, paused 1.166ms total 37.056ms
08-04 00:32:33.524 13560 21229 I art     : Starting a blocking GC Explicit
08-04 00:32:33.561 13560 21229 I art     : Explicit concurrent mark sweep GC freed 3(96B) AllocSpace objects, 0(0B) LOS objects, 29% free, 38MB/54MB, paused 1.028ms total 36.970ms
08-04 00:32:33.572 13560 21229 I art     : Starting a blocking GC Explicit
08-04 00:32:33.609 13560 21229 I art     : Explicit concurrent mark sweep GC freed 3(96B) AllocSpace objects, 0(0B) LOS objects, 29% free, 38MB/54MB, paused 1.048ms total 37.411ms
08-04 00:32:33.620 13560 21229 I art     : Starting a blocking GC Explicit
08-04 00:32:33.658 13560 21229 I art     : Explicit concurrent mark sweep GC freed 3(96B) AllocSpace objects, 0(0B) LOS objects, 29% free, 38MB/54MB, paused 1.164ms total 37.795ms
08-04 00:32:33.947 17791 17791 I ServiceManager: Waiting for service AtCmdFwd...
08-04 00:32:33.991 13560 21596 I art     : Starting a blocking GC Explicit
08-04 00:32:34.028 13560 21596 I art     : Explicit concurrent mark sweep GC freed 1444(83KB) AllocSpace objects, 1(20KB) LOS objects, 29% free, 38MB/54MB, paused 1.065ms total 37.196ms
08-04 00:32:34.039 13560 21596 I art     : Starting a blocking GC Explicit
08-04 00:32:34.076 13560 21596 I art     : Explicit concurrent mark sweep GC freed 22(784B) AllocSpace objects, 0(0B) LOS objects, 29% free, 38MB/54MB, paused 1.070ms total 37.375ms
08-04 00:32:34.086 13560 21596 I art     : Starting a blocking GC Explicit
08-04 00:32:34.124 13560 21596 I art     : Explicit concurrent mark sweep GC freed 3(96B) AllocSpace objects, 0(0B) LOS objects, 29% free, 38MB/54MB, paused 1.149ms total 36.966ms
08-04 00:32:34.134 13560 21596 I art     : Starting a blocking GC Explicit
08-04 00:32:34.171 13560 21596 I art     : Explicit concurrent mark sweep GC freed 3(96B) AllocSpace objects, 0(0B) LOS objects, 29% free, 38MB/54MB, paused 1.023ms total 37.172ms
08-04 00:32:34.181 13560 21596 I art     : Starting a blocking GC Explicit
08-04 00:32:34.218 13560 21596 I art     : Explicit concurrent mark sweep GC freed 3(96B) AllocSpace objects, 0(0B) LOS objects, 29% free, 38MB/54MB, paused 1.130ms total 36.688ms
08-04 00:32:34.268 22470 22470 D AndroidRuntime: >>>>>> START com.android.internal.os.RuntimeInit uid 2000 <<<<<<
08-04 00:32:34.273 22470 22470 D AndroidRuntime: CheckJNI is OFF
08-04 00:32:34.306 22470 22470 D ICU     : No timezone override file found: /data/misc/zoneinfo/current/icu/icu_tzdata.dat
08-04 00:32:34.339 22470 22470 I Radio-JNI: register_android_hardware_Radio DONE
08-04 00:32:34.362 22470 22470 D AndroidRuntime: Calling main entry com.android.commands.input.Input
08-04 00:32:34.363 22470 22470 I Input   : injectKeyEvent: KeyEvent { action=ACTION_DOWN, keyCode=KEYCODE_BACK, scanCode=0, metaState=0, flags=0x0, repeatCount=0, eventTime=664370776, downTime=664370776, deviceId=-1, source=0x101 }
08-04 00:32:34.370 22470 22470 I Input   : injectKeyEvent: KeyEvent { action=ACTION_UP, keyCode=KEYCODE_BACK, scanCode=0, metaState=0, flags=0x0, repeatCount=0, eventTime=664370776, downTime=664370776, deviceId=-1, source=0x101 }
08-04 00:32:34.377 22470 22470 D AndroidRuntime: Shutting down VM
08-04 00:32:34.512 13866 13866 I GoogleInputMethodServic: GoogleInputMethodService.onFinishInput():3138 
08-04 00:32:34.512 13866 13866 I GoogleInputMethodServic: GoogleInputMethodService.onStartInput():1808 
08-04 00:32:34.527 13560 13572 I art     : Starting a blocking GC Explicit
08-04 00:32:34.565 13560 13572 I art     : Explicit concurrent mark sweep GC freed 3023(234KB) AllocSpace objects, 5(100KB) LOS objects, 29% free, 38MB/54MB, paused 1.132ms total 37.201ms
08-04 00:32:34.576 13560 13572 I art     : Starting a blocking GC Explicit
08-04 00:32:34.610 13560 13572 I art     : Explicit concurrent mark sweep GC freed 548(41KB) AllocSpace objects, 0(0B) LOS objects, 29% free, 38MB/54MB, paused 952us total 33.526ms
08-04 00:32:34.620 13560 13572 I art     : Starting a blocking GC Explicit
08-04 00:32:34.654 13560 13572 I art     : Explicit concurrent mark sweep GC freed 3(96B) AllocSpace objects, 1(28KB) LOS objects, 29% free, 38MB/54MB, paused 1.022ms total 33.979ms
08-04 00:32:34.654 13560 13570 I art     : WaitForGcToComplete blocked for 10.600ms for cause HeapTrim
08-04 00:32:34.664 13560 13572 I art     : Starting a blocking GC Explicit
08-04 00:32:34.700 13560 13572 I art     : Explicit concurrent mark sweep GC freed 3(96B) AllocSpace objects, 0(0B) LOS objects, 29% free, 38MB/54MB, paused 1.026ms total 35.530ms
08-04 00:32:34.711 13560 13572 I art     : Starting a blocking GC Explicit
08-04 00:32:34.745 13560 13572 I art     : Explicit concurrent mark sweep GC freed 3(96B) AllocSpace objects, 0(0B) LOS objects, 29% free, 38MB/54MB, paused 922us total 34.286ms
08-04 00:32:34.947 13560 21981 E baseline.com.newsblur.network.APIResponse: Error (unexpected end of stream on https://www.newsblur.com/...) calling https://www.newsblur.com/reader/mark_story_hashes_as_read/
08-04 00:32:34.947 13560 21981 E baseline.com.newsblur.network.APIResponse: java.io.IOException: unexpected end of stream on https://www.newsblur.com/...
08-04 00:32:34.947 13560 21981 E baseline.com.newsblur.network.APIResponse: 	at okhttp3.internal.http1.Http1ExchangeCodec.readResponseHeaders(Http1ExchangeCodec.java:236)
08-04 00:32:34.947 13560 21981 E baseline.com.newsblur.network.APIResponse: 	at okhttp3.internal.connection.Exchange.readResponseHeaders(Exchange.java:115)
08-04 00:32:34.947 13560 21981 E baseline.com.newsblur.network.APIResponse: 	at okhttp3.internal.http.CallServerInterceptor.intercept(CallServerInterceptor.java:94)
08-04 00:32:34.947 13560 21981 E baseline.com.newsblur.network.APIResponse: 	at okhttp3.internal.http.RealInterceptorChain.proceed(RealInterceptorChain.java:142)
08-04 00:32:34.947 13560 21981 E baseline.com.newsblur.network.APIResponse: 	at okhttp3.internal.connection.ConnectInterceptor.intercept(ConnectInterceptor.java:43)
08-04 00:32:34.947 13560 21981 E baseline.com.newsblur.network.APIResponse: 	at okhttp3.internal.http.RealInterceptorChain.proceed(RealInterceptorChain.java:142)
08-04 00:32:34.947 13560 21981 E baseline.com.newsblur.network.APIResponse: 	at okhttp3.internal.http.RealInterceptorChain.proceed(RealInterceptorChain.java:117)
08-04 00:32:34.947 13560 21981 E baseline.com.newsblur.network.APIResponse: 	at okhttp3.internal.cache.CacheInterceptor.intercept(CacheInterceptor.java:94)
08-04 00:32:34.947 13560 21981 E baseline.com.newsblur.network.APIResponse: 	at okhttp3.internal.http.RealInterceptorChain.proceed(RealInterceptorChain.java:142)
08-04 00:32:34.947 13560 21981 E baseline.com.newsblur.network.APIResponse: 	at okhttp3.internal.http.RealInterceptorChain.proceed(RealInterceptorChain.java:117)
08-04 00:32:34.947 13560 21981 E baseline.com.newsblur.network.APIResponse: 	at okhttp3.internal.http.BridgeInterceptor.intercept(BridgeInterceptor.java:93)
08-04 00:32:34.947 13560 21981 E baseline.com.newsblur.network.APIResponse: 	at okhttp3.internal.http.RealInterceptorChain.proceed(RealInterceptorChain.java:142)
08-04 00:32:34.947 13560 21981 E baseline.com.newsblur.network.APIResponse: 	at okhttp3.internal.http.RetryAndFollowUpInterceptor.intercept(RetryAndFollowUpInterceptor.java:88)
08-04 00:32:34.947 13560 21981 E baseline.com.newsblur.network.APIResponse: 	at okhttp3.internal.http.RealInterceptorChain.proceed(RealInterceptorChain.java:142)
08-04 00:32:34.947 13560 21981 E baseline.com.newsblur.network.APIResponse: 	at okhttp3.internal.http.RealInterceptorChain.proceed(RealInterceptorChain.java:117)
08-04 00:32:34.947 13560 21981 E baseline.com.newsblur.network.APIResponse: 	at okhttp3.RealCall.getResponseWithInterceptorChain(RealCall.java:229)
08-04 00:32:34.947 13560 21981 E baseline.com.newsblur.network.APIResponse: 	at okhttp3.RealCall.execute(RealCall.java:81)
08-04 00:32:34.947 13560 21981 E baseline.com.newsblur.network.APIResponse: 	at baseline.com.newsblur.network.APIResponse.<init>(APIResponse.java:57)
08-04 00:32:34.947 13560 21981 E baseline.com.newsblur.network.APIResponse: 	at baseline.com.newsblur.network.APIResponse.<init>(APIResponse.java:43)
08-04 00:32:34.947 13560 21981 E baseline.com.newsblur.network.APIResponse: 	at baseline.com.newsblur.network.APIManager.post_single(APIManager.java:702)
08-04 00:32:34.947 13560 21981 E baseline.com.newsblur.network.APIResponse: 	at baseline.com.newsblur.network.APIManager.post(APIManager.java:675)
08-04 00:32:34.947 13560 21981 E baseline.com.newsblur.network.APIResponse: 	at baseline.com.newsblur.network.APIManager.post(APIManager.java:714)
08-04 00:32:34.947 13560 21981 E baseline.com.newsblur.network.APIResponse: 	at baseline.com.newsblur.network.APIManager.markStoryAsRead(APIManager.java:205)
08-04 00:32:34.947 13560 21981 E baseline.com.newsblur.network.APIResponse: 	at baseline.com.newsblur.util.ReadingAction.doRemote(ReadingAction.java:281)
08-04 00:32:34.947 13560 21981 E baseline.com.newsblur.network.APIResponse: 	at baseline.com.newsblur.service.NBSyncService.syncActions(NBSyncService.java:400)
08-04 00:32:34.947 13560 21981 E baseline.com.newsblur.network.APIResponse: 	at baseline.com.newsblur.service.NBSyncService.doSync(NBSyncService.java:298)
08-04 00:32:34.947 13560 21981 E baseline.com.newsblur.network.APIResponse: 	at baseline.com.newsblur.service.NBSyncService.access$100(NBSyncService.java:67)
08-04 00:32:34.947 13560 21981 E baseline.com.newsblur.network.APIResponse: 	at baseline.com.newsblur.service.NBSyncService$1.run(NBSyncService.java:188)
08-04 00:32:34.947 13560 21981 E baseline.com.newsblur.network.APIResponse: 	at java.util.concurrent.ThreadPoolExecutor.runWorker(ThreadPoolExecutor.java:1113)
08-04 00:32:34.947 13560 21981 E baseline.com.newsblur.network.APIResponse: 	at java.util.concurrent.ThreadPoolExecutor$Worker.run(ThreadPoolExecutor.java:588)
08-04 00:32:34.947 13560 21981 E baseline.com.newsblur.network.APIResponse: 	at java.lang.Thread.run(Thread.java:818)
08-04 00:32:34.947 13560 21981 E baseline.com.newsblur.network.APIResponse: Caused by: java.io.EOFException: \n not found: limit=0 content=
08-04 00:32:34.947 13560 21981 E baseline.com.newsblur.network.APIResponse: 	at okio.RealBufferedSource.readUtf8LineStrict(RealBufferedSource.java:240)
08-04 00:32:34.947 13560 21981 E baseline.com.newsblur.network.APIResponse: 	at okhttp3.internal.http1.Http1ExchangeCodec.readHeaderLine(Http1ExchangeCodec.java:242)
08-04 00:32:34.947 13560 21981 E baseline.com.newsblur.network.APIResponse: 	at okhttp3.internal.http1.Http1ExchangeCodec.readResponseHeaders(Http1ExchangeCodec.java:213)
08-04 00:32:34.947 13560 21981 E baseline.com.newsblur.network.APIResponse: 	... 30 more
08-04 00:32:34.947 17791 17791 I ServiceManager: Waiting for service AtCmdFwd...
08-04 00:32:34.949 13560 21981 I baseline.com.newsblur.service.NBSyncService: Holding reading action with server-side or network error.
08-04 00:32:34.960 13560 21981 W baseline.com.newsblur.service.NBSyncService: hard API failure
08-04 00:32:35.072 13560 13572 I art     : Starting a blocking GC Explicit
08-04 00:32:35.116 13560 13572 I art     : Explicit concurrent mark sweep GC freed 5921(518KB) AllocSpace objects, 7(140KB) LOS objects, 29% free, 38MB/54MB, paused 1.516ms total 44.278ms
08-04 00:32:35.127 13560 13572 I art     : Starting a blocking GC Explicit
08-04 00:32:35.161 13560 13572 I art     : Explicit concurrent mark sweep GC freed 344(14KB) AllocSpace objects, 0(0B) LOS objects, 29% free, 38MB/54MB, paused 1.022ms total 33.857ms
08-04 00:32:35.171 13560 13572 I art     : Starting a blocking GC Explicit
08-04 00:32:35.207 13560 13572 I art     : Explicit concurrent mark sweep GC freed 9(288B) AllocSpace objects, 0(0B) LOS objects, 29% free, 38MB/54MB, paused 973us total 35.991ms
08-04 00:32:35.218 13560 13572 I art     : Starting a blocking GC Explicit
08-04 00:32:35.258 13560 13572 I art     : Explicit concurrent mark sweep GC freed 9(288B) AllocSpace objects, 0(0B) LOS objects, 29% free, 38MB/54MB, paused 1.118ms total 39.606ms
08-04 00:32:35.270 13560 13572 I art     : Starting a blocking GC Explicit
08-04 00:32:35.312 13560 13572 I art     : Explicit concurrent mark sweep GC freed 9(288B) AllocSpace objects, 0(0B) LOS objects, 29% free, 38MB/54MB, paused 1.447ms total 42.132ms
08-04 00:32:35.365 13560 21981 E baseline.com.newsblur.network.APIResponse: Error (unexpected end of stream on https://www.newsblur.com/...) calling https://www.newsblur.com/reader/mark_story_hashes_as_read/
08-04 00:32:35.365 13560 21981 E baseline.com.newsblur.network.APIResponse: java.io.IOException: unexpected end of stream on https://www.newsblur.com/...
08-04 00:32:35.365 13560 21981 E baseline.com.newsblur.network.APIResponse: 	at okhttp3.internal.http1.Http1ExchangeCodec.readResponseHeaders(Http1ExchangeCodec.java:236)
08-04 00:32:35.365 13560 21981 E baseline.com.newsblur.network.APIResponse: 	at okhttp3.internal.connection.Exchange.readResponseHeaders(Exchange.java:115)
08-04 00:32:35.365 13560 21981 E baseline.com.newsblur.network.APIResponse: 	at okhttp3.internal.http.CallServerInterceptor.intercept(CallServerInterceptor.java:94)
08-04 00:32:35.365 13560 21981 E baseline.com.newsblur.network.APIResponse: 	at okhttp3.internal.http.RealInterceptorChain.proceed(RealInterceptorChain.java:142)
08-04 00:32:35.365 13560 21981 E baseline.com.newsblur.network.APIResponse: 	at okhttp3.internal.connection.ConnectInterceptor.intercept(ConnectInterceptor.java:43)
08-04 00:32:35.365 13560 21981 E baseline.com.newsblur.network.APIResponse: 	at okhttp3.internal.http.RealInterceptorChain.proceed(RealInterceptorChain.java:142)
08-04 00:32:35.365 13560 21981 E baseline.com.newsblur.network.APIResponse: 	at okhttp3.internal.http.RealInterceptorChain.proceed(RealInterceptorChain.java:117)
08-04 00:32:35.365 13560 21981 E baseline.com.newsblur.network.APIResponse: 	at okhttp3.internal.cache.CacheInterceptor.intercept(CacheInterceptor.java:94)
08-04 00:32:35.365 13560 21981 E baseline.com.newsblur.network.APIResponse: 	at okhttp3.internal.http.RealInterceptorChain.proceed(RealInterceptorChain.java:142)
08-04 00:32:35.365 13560 21981 E baseline.com.newsblur.network.APIResponse: 	at okhttp3.internal.http.RealInterceptorChain.proceed(RealInterceptorChain.java:117)
08-04 00:32:35.365 13560 21981 E baseline.com.newsblur.network.APIResponse: 	at okhttp3.internal.http.BridgeInterceptor.intercept(BridgeInterceptor.java:93)
08-04 00:32:35.365 13560 21981 E baseline.com.newsblur.network.APIResponse: 	at okhttp3.internal.http.RealInterceptorChain.proceed(RealInterceptorChain.java:142)
08-04 00:32:35.365 13560 21981 E baseline.com.newsblur.network.APIResponse: 	at okhttp3.internal.http.RetryAndFollowUpInterceptor.intercept(RetryAndFollowUpInterceptor.java:88)
08-04 00:32:35.365 13560 21981 E baseline.com.newsblur.network.APIResponse: 	at okhttp3.internal.http.RealInterceptorChain.proceed(RealInterceptorChain.java:142)
08-04 00:32:35.365 13560 21981 E baseline.com.newsblur.network.APIResponse: 	at okhttp3.internal.http.RealInterceptorChain.proceed(RealInterceptorChain.java:117)
08-04 00:32:35.365 13560 21981 E baseline.com.newsblur.network.APIResponse: 	at okhttp3.RealCall.getResponseWithInterceptorChain(RealCall.java:229)
08-04 00:32:35.365 13560 21981 E baseline.com.newsblur.network.APIResponse: 	at okhttp3.RealCall.execute(RealCall.java:81)
08-04 00:32:35.365 13560 21981 E baseline.com.newsblur.network.APIResponse: 	at baseline.com.newsblur.network.APIResponse.<init>(APIResponse.java:57)
08-04 00:32:35.365 13560 21981 E baseline.com.newsblur.network.APIResponse: 	at baseline.com.newsblur.network.APIResponse.<init>(APIResponse.java:43)
08-04 00:32:35.365 13560 21981 E baseline.com.newsblur.network.APIResponse: 	at baseline.com.newsblur.network.APIManager.post_single(APIManager.java:702)
08-04 00:32:35.365 13560 21981 E baseline.com.newsblur.network.APIResponse: 	at baseline.com.newsblur.network.APIManager.post(APIManager.java:675)
08-04 00:32:35.365 13560 21981 E baseline.com.newsblur.network.APIResponse: 	at baseline.com.newsblur.network.APIManager.post(APIManager.java:714)
08-04 00:32:35.365 13560 21981 E baseline.com.newsblur.network.APIResponse: 	at baseline.com.newsblur.network.APIManager.markStoryAsRead(APIManager.java:205)
08-04 00:32:35.365 13560 21981 E baseline.com.newsblur.network.APIResponse: 	at baseline.com.newsblur.util.ReadingAction.doRemote(ReadingAction.java:281)
08-04 00:32:35.365 13560 21981 E baseline.com.newsblur.network.APIResponse: 	at baseline.com.newsblur.service.NBSyncService.syncActions(NBSyncService.java:400)
08-04 00:32:35.365 13560 21981 E baseline.com.newsblur.network.APIResponse: 	at baseline.com.newsblur.service.NBSyncService.doSync(NBSyncService.java:298)
08-04 00:32:35.365 13560 21981 E baseline.com.newsblur.network.APIResponse: 	at baseline.com.newsblur.service.NBSyncService.access$100(NBSyncService.java:67)
08-04 00:32:35.365 13560 21981 E baseline.com.newsblur.network.APIResponse: 	at baseline.com.newsblur.service.NBSyncService$1.run(NBSyncService.java:188)
08-04 00:32:35.365 13560 21981 E baseline.com.newsblur.network.APIResponse: 	at java.util.concurrent.ThreadPoolExecutor.runWorker(ThreadPoolExecutor.java:1113)
08-04 00:32:35.365 13560 21981 E baseline.com.newsblur.network.APIResponse: 	at java.util.concurrent.ThreadPoolExecutor$Worker.run(ThreadPoolExecutor.java:588)
08-04 00:32:35.365 13560 21981 E baseline.com.newsblur.network.APIResponse: 	at java.lang.Thread.run(Thread.java:818)
08-04 00:32:35.365 13560 21981 E baseline.com.newsblur.network.APIResponse: Caused by: java.io.EOFException: \n not found: limit=0 content=
08-04 00:32:35.365 13560 21981 E baseline.com.newsblur.network.APIResponse: 	at okio.RealBufferedSource.readUtf8LineStrict(RealBufferedSource.java:240)
08-04 00:32:35.365 13560 21981 E baseline.com.newsblur.network.APIResponse: 	at okhttp3.internal.http1.Http1ExchangeCodec.readHeaderLine(Http1ExchangeCodec.java:242)
08-04 00:32:35.365 13560 21981 E baseline.com.newsblur.network.APIResponse: 	at okhttp3.internal.http1.Http1ExchangeCodec.readResponseHeaders(Http1ExchangeCodec.java:213)
08-04 00:32:35.365 13560 21981 E baseline.com.newsblur.network.APIResponse: 	... 30 more
08-04 00:32:35.366 13560 21981 I baseline.com.newsblur.network.APIManager: API call failed, pausing before retry number 1
08-04 00:32:35.660 13560 13571 I art     : Starting a blocking GC Explicit
08-04 00:32:35.703 13560 13571 I art     : Explicit concurrent mark sweep GC freed 3999(358KB) AllocSpace objects, 3(60KB) LOS objects, 29% free, 38MB/54MB, paused 1.075ms total 42.568ms
08-04 00:32:35.715 13560 13571 I art     : Starting a blocking GC Explicit
08-04 00:32:35.755 13560 13571 I art     : Explicit concurrent mark sweep GC freed 126(4KB) AllocSpace objects, 0(0B) LOS objects, 29% free, 38MB/54MB, paused 1.029ms total 39.277ms
08-04 00:32:35.766 13560 13571 I art     : Starting a blocking GC Explicit
08-04 00:32:35.805 13560 13571 I art     : Explicit concurrent mark sweep GC freed 9(288B) AllocSpace objects, 0(0B) LOS objects, 29% free, 38MB/54MB, paused 1.071ms total 38.911ms
08-04 00:32:35.818 13560 13571 I art     : Starting a blocking GC Explicit
08-04 00:32:35.858 13560 13571 I art     : Explicit concurrent mark sweep GC freed 11(352B) AllocSpace objects, 0(0B) LOS objects, 29% free, 38MB/54MB, paused 1.119ms total 39.731ms
08-04 00:32:35.870 13560 13571 I art     : Starting a blocking GC Explicit
08-04 00:32:35.910 13560 13571 I art     : Explicit concurrent mark sweep GC freed 9(288B) AllocSpace objects, 0(0B) LOS objects, 29% free, 38MB/54MB, paused 1.146ms total 39.726ms
08-04 00:32:35.948 17791 17791 I ServiceManager: Waiting for service AtCmdFwd...
08-04 00:32:36.034 22523 22523 D AndroidRuntime: >>>>>> START com.android.internal.os.RuntimeInit uid 2000 <<<<<<
08-04 00:32:36.039 22523 22523 D AndroidRuntime: CheckJNI is OFF
08-04 00:32:36.070 22523 22523 D ICU     : No timezone override file found: /data/misc/zoneinfo/current/icu/icu_tzdata.dat
08-04 00:32:36.103 22523 22523 I Radio-JNI: register_android_hardware_Radio DONE
08-04 00:32:36.125 22523 22523 D AndroidRuntime: Calling main entry com.android.commands.input.Input
08-04 00:32:36.127 22523 22523 I Input   : injectKeyEvent: KeyEvent { action=ACTION_DOWN, keyCode=KEYCODE_BACK, scanCode=0, metaState=0, flags=0x0, repeatCount=0, eventTime=664372540, downTime=664372540, deviceId=-1, source=0x101 }
08-04 00:32:36.131 22523 22523 I Input   : injectKeyEvent: KeyEvent { action=ACTION_UP, keyCode=KEYCODE_BACK, scanCode=0, metaState=0, flags=0x0, repeatCount=0, eventTime=664372540, downTime=664372540, deviceId=-1, source=0x101 }
08-04 00:32:36.138 22523 22523 D AndroidRuntime: Shutting down VM
08-04 00:32:36.244 13560 13572 I art     : Starting a blocking GC Explicit
08-04 00:32:36.284 13560 13572 I art     : Explicit concurrent mark sweep GC freed 3904(296KB) AllocSpace objects, 9(180KB) LOS objects, 29% free, 38MB/54MB, paused 1.023ms total 38.902ms
08-04 00:32:36.294 13560 13572 I art     : Starting a blocking GC Explicit
08-04 00:32:36.329 13866 13866 I GoogleInputMethodServic: GoogleInputMethodService.onFinishInput():3138 
08-04 00:32:36.330 13866 13866 I GoogleInputMethodServic: GoogleInputMethodService.onStartInput():1808 
08-04 00:32:36.331 13560 13572 I art     : Explicit concurrent mark sweep GC freed 5938(372KB) AllocSpace objects, 4(80KB) LOS objects, 29% free, 38MB/54MB, paused 1.162ms total 37.354ms
08-04 00:32:36.342 13560 13572 I art     : Starting a blocking GC Explicit
08-04 00:32:36.377 13560 13572 I art     : Explicit concurrent mark sweep GC freed 175(7KB) AllocSpace objects, 0(0B) LOS objects, 29% free, 38MB/54MB, paused 1.065ms total 35.054ms
08-04 00:32:36.387 13560 13572 I art     : Starting a blocking GC Explicit
08-04 00:32:36.420 13560 13572 I art     : Explicit concurrent mark sweep GC freed 8(288B) AllocSpace objects, 0(0B) LOS objects, 29% free, 38MB/54MB, paused 989us total 32.960ms
08-04 00:32:36.430 13560 13572 I art     : Starting a blocking GC Explicit
08-04 00:32:36.466 13560 13572 I art     : Explicit concurrent mark sweep GC freed 3(96B) AllocSpace objects, 0(0B) LOS objects, 29% free, 38MB/54MB, paused 1.009ms total 36.278ms
08-04 00:32:36.805 13560 13571 I art     : Starting a blocking GC Explicit
08-04 00:32:36.839 13560 13571 I art     : Explicit concurrent mark sweep GC freed 1907(103KB) AllocSpace objects, 1(20KB) LOS objects, 29% free, 38MB/54MB, paused 929us total 34.645ms
08-04 00:32:36.849 13560 13571 I art     : Starting a blocking GC Explicit
08-04 00:32:36.882 13560 13571 I art     : Explicit concurrent mark sweep GC freed 255(11KB) AllocSpace objects, 0(0B) LOS objects, 29% free, 38MB/54MB, paused 1.116ms total 32.470ms
08-04 00:32:36.892 13560 13571 I art     : Starting a blocking GC Explicit
08-04 00:32:36.926 13560 13571 I art     : Explicit concurrent mark sweep GC freed 15(544B) AllocSpace objects, 0(0B) LOS objects, 29% free, 38MB/54MB, paused 1.040ms total 34.078ms
08-04 00:32:36.937 13560 13571 I art     : Starting a blocking GC Explicit
08-04 00:32:36.948 17791 17791 I ServiceManager: Waiting for service AtCmdFwd...
08-04 00:32:36.970 13560 13571 I art     : Explicit concurrent mark sweep GC freed 72(4KB) AllocSpace objects, 0(0B) LOS objects, 29% free, 38MB/54MB, paused 1.059ms total 33.754ms
08-04 00:32:36.980 13560 13571 I art     : Starting a blocking GC Explicit
08-04 00:32:37.016 13560 13571 I art     : Explicit concurrent mark sweep GC freed 18(1600B) AllocSpace objects, 0(0B) LOS objects, 29% free, 38MB/54MB, paused 1.082ms total 35.111ms
08-04 00:32:37.337 13560 21596 I art     : Starting a blocking GC Explicit
08-04 00:32:37.377 13560 21596 I art     : Explicit concurrent mark sweep GC freed 3077(146KB) AllocSpace objects, 1(20KB) LOS objects, 29% free, 38MB/54MB, paused 1.082ms total 39.614ms
08-04 00:32:37.389 13560 21596 I art     : Starting a blocking GC Explicit
08-04 00:32:37.409 13560 21981 E baseline.com.newsblur.network.APIResponse: Error (unexpected end of stream on https://www.newsblur.com/...) calling https://www.newsblur.com/reader/mark_story_hashes_as_read/
08-04 00:32:37.409 13560 21981 E baseline.com.newsblur.network.APIResponse: java.io.IOException: unexpected end of stream on https://www.newsblur.com/...
08-04 00:32:37.409 13560 21981 E baseline.com.newsblur.network.APIResponse: 	at okhttp3.internal.http1.Http1ExchangeCodec.readResponseHeaders(Http1ExchangeCodec.java:236)
08-04 00:32:37.409 13560 21981 E baseline.com.newsblur.network.APIResponse: 	at okhttp3.internal.connection.Exchange.readResponseHeaders(Exchange.java:115)
08-04 00:32:37.409 13560 21981 E baseline.com.newsblur.network.APIResponse: 	at okhttp3.internal.http.CallServerInterceptor.intercept(CallServerInterceptor.java:94)
08-04 00:32:37.409 13560 21981 E baseline.com.newsblur.network.APIResponse: 	at okhttp3.internal.http.RealInterceptorChain.proceed(RealInterceptorChain.java:142)
08-04 00:32:37.409 13560 21981 E baseline.com.newsblur.network.APIResponse: 	at okhttp3.internal.connection.ConnectInterceptor.intercept(ConnectInterceptor.java:43)
08-04 00:32:37.409 13560 21981 E baseline.com.newsblur.network.APIResponse: 	at okhttp3.internal.http.RealInterceptorChain.proceed(RealInterceptorChain.java:142)
08-04 00:32:37.409 13560 21981 E baseline.com.newsblur.network.APIResponse: 	at okhttp3.internal.http.RealInterceptorChain.proceed(RealInterceptorChain.java:117)
08-04 00:32:37.409 13560 21981 E baseline.com.newsblur.network.APIResponse: 	at okhttp3.internal.cache.CacheInterceptor.intercept(CacheInterceptor.java:94)
08-04 00:32:37.409 13560 21981 E baseline.com.newsblur.network.APIResponse: 	at okhttp3.internal.http.RealInterceptorChain.proceed(RealInterceptorChain.java:142)
08-04 00:32:37.409 13560 21981 E baseline.com.newsblur.network.APIResponse: 	at okhttp3.internal.http.RealInterceptorChain.proceed(RealInterceptorChain.java:117)
08-04 00:32:37.409 13560 21981 E baseline.com.newsblur.network.APIResponse: 	at okhttp3.internal.http.BridgeInterceptor.intercept(BridgeInterceptor.java:93)
08-04 00:32:37.409 13560 21981 E baseline.com.newsblur.network.APIResponse: 	at okhttp3.internal.http.RealInterceptorChain.proceed(RealInterceptorChain.java:142)
08-04 00:32:37.409 13560 21981 E baseline.com.newsblur.network.APIResponse: 	at okhttp3.internal.http.RetryAndFollowUpInterceptor.intercept(RetryAndFollowUpInterceptor.java:88)
08-04 00:32:37.409 13560 21981 E baseline.com.newsblur.network.APIResponse: 	at okhttp3.internal.http.RealInterceptorChain.proceed(RealInterceptorChain.java:142)
08-04 00:32:37.409 13560 21981 E baseline.com.newsblur.network.APIResponse: 	at okhttp3.internal.http.RealInterceptorChain.proceed(RealInterceptorChain.java:117)
08-04 00:32:37.409 13560 21981 E baseline.com.newsblur.network.APIResponse: 	at okhttp3.RealCall.getResponseWithInterceptorChain(RealCall.java:229)
08-04 00:32:37.409 13560 21981 E baseline.com.newsblur.network.APIResponse: 	at okhttp3.RealCall.execute(RealCall.java:81)
08-04 00:32:37.409 13560 21981 E baseline.com.newsblur.network.APIResponse: 	at baseline.com.newsblur.network.APIResponse.<init>(APIResponse.java:57)
08-04 00:32:37.409 13560 21981 E baseline.com.newsblur.network.APIResponse: 	at baseline.com.newsblur.network.APIResponse.<init>(APIResponse.java:43)
08-04 00:32:37.409 13560 21981 E baseline.com.newsblur.network.APIResponse: 	at baseline.com.newsblur.network.APIManager.post_single(APIManager.java:702)
08-04 00:32:37.409 13560 21981 E baseline.com.newsblur.network.APIResponse: 	at baseline.com.newsblur.network.APIManager.post(APIManager.java:675)
08-04 00:32:37.409 13560 21981 E baseline.com.newsblur.network.APIResponse: 	at baseline.com.newsblur.network.APIManager.post(APIManager.java:714)
08-04 00:32:37.409 13560 21981 E baseline.com.newsblur.network.APIResponse: 	at baseline.com.newsblur.network.APIManager.markStoryAsRead(APIManager.java:205)
08-04 00:32:37.409 13560 21981 E baseline.com.newsblur.network.APIResponse: 	at baseline.com.newsblur.util.ReadingAction.doRemote(ReadingAction.java:281)
08-04 00:32:37.409 13560 21981 E baseline.com.newsblur.network.APIResponse: 	at baseline.com.newsblur.service.NBSyncService.syncActions(NBSyncService.java:400)
08-04 00:32:37.409 13560 21981 E baseline.com.newsblur.network.APIResponse: 	at baseline.com.newsblur.service.NBSyncService.doSync(NBSyncService.java:298)
08-04 00:32:37.409 13560 21981 E baseline.com.newsblur.network.APIResponse: 	at baseline.com.newsblur.service.NBSyncService.access$100(NBSyncService.java:67)
08-04 00:32:37.409 13560 21981 E baseline.com.newsblur.network.APIResponse: 	at baseline.com.newsblur.service.NBSyncService$1.run(NBSyncService.java:188)
08-04 00:32:37.409 13560 21981 E baseline.com.newsblur.network.APIResponse: 	at java.util.concurrent.ThreadPoolExecutor.runWorker(ThreadPoolExecutor.java:1113)
08-04 00:32:37.409 13560 21981 E baseline.com.newsblur.network.APIResponse: 	at java.util.concurrent.ThreadPoolExecutor$Worker.run(ThreadPoolExecutor.java:588)
08-04 00:32:37.409 13560 21981 E baseline.com.newsblur.network.APIResponse: 	at java.lang.Thread.run(Thread.java:818)
08-04 00:32:37.409 13560 21981 E baseline.com.newsblur.network.APIResponse: Caused by: java.io.EOFException: \n not found: limit=0 content=
08-04 00:32:37.409 13560 21981 E baseline.com.newsblur.network.APIResponse: 	at okio.RealBufferedSource.readUtf8LineStrict(RealBufferedSource.java:240)
08-04 00:32:37.409 13560 21981 E baseline.com.newsblur.network.APIResponse: 	at okhttp3.internal.http1.Http1ExchangeCodec.readHeaderLine(Http1ExchangeCodec.java:242)
08-04 00:32:37.409 13560 21981 E baseline.com.newsblur.network.APIResponse: 	at okhttp3.internal.http1.Http1ExchangeCodec.readResponseHeaders(Http1ExchangeCodec.java:213)
08-04 00:32:37.409 13560 21981 E baseline.com.newsblur.network.APIResponse: 	... 30 more
08-04 00:32:37.410 13560 21981 I baseline.com.newsblur.network.APIManager: API call failed, pausing before retry number 2
08-04 00:32:37.426 13560 21596 I art     : Explicit concurrent mark sweep GC freed 910(199KB) AllocSpace objects, 2(40KB) LOS objects, 29% free, 38MB/54MB, paused 1.529ms total 36.520ms
08-04 00:32:37.435 13560 21596 I art     : Starting a blocking GC Explicit
08-04 00:32:37.470 13560 21596 I art     : Explicit concurrent mark sweep GC freed 118(16KB) AllocSpace objects, 0(0B) LOS objects, 29% free, 38MB/54MB, paused 1.046ms total 34.795ms
08-04 00:32:37.480 13560 21596 I art     : Starting a blocking GC Explicit
08-04 00:32:37.517 13560 21596 I art     : Explicit concurrent mark sweep GC freed 31(1024B) AllocSpace objects, 0(0B) LOS objects, 29% free, 38MB/54MB, paused 1.207ms total 36.898ms
08-04 00:32:37.527 13560 21596 I art     : Starting a blocking GC Explicit
08-04 00:32:37.565 13560 21596 I art     : Explicit concurrent mark sweep GC freed 9(288B) AllocSpace objects, 0(0B) LOS objects, 29% free, 38MB/54MB, paused 1.243ms total 37.965ms
08-04 00:32:37.778 22567 22567 D AndroidRuntime: >>>>>> START com.android.internal.os.RuntimeInit uid 2000 <<<<<<
08-04 00:32:37.782 22567 22567 D AndroidRuntime: CheckJNI is OFF
08-04 00:32:37.814 22567 22567 D ICU     : No timezone override file found: /data/misc/zoneinfo/current/icu/icu_tzdata.dat
08-04 00:32:37.847 22567 22567 I Radio-JNI: register_android_hardware_Radio DONE
08-04 00:32:37.869 22567 22567 D AndroidRuntime: Calling main entry com.android.commands.input.Input
08-04 00:32:37.871 22567 22567 I Input   : injectMotionEvent: MotionEvent { action=ACTION_DOWN, actionButton=0, id[0]=0, x[0]=553.0, y[0]=442.0, toolType[0]=TOOL_TYPE_UNKNOWN, buttonState=0, metaState=0, flags=0x0, edgeFlags=0x0, pointerCount=1, historySize=0, eventTime=664374284, downTime=664374284, deviceId=0, source=0x1002 }
08-04 00:32:37.876 13560 13571 I art     : Starting a blocking GC Explicit
08-04 00:32:37.880 22567 22567 I Input   : injectMotionEvent: MotionEvent { action=ACTION_UP, actionButton=0, id[0]=0, x[0]=553.0, y[0]=442.0, toolType[0]=TOOL_TYPE_UNKNOWN, buttonState=0, metaState=0, flags=0x0, edgeFlags=0x0, pointerCount=1, historySize=0, eventTime=664374284, downTime=664374284, deviceId=0, source=0x1002 }
08-04 00:32:37.882 22567 22567 D AndroidRuntime: Shutting down VM
08-04 00:32:37.917 13560 13571 I art     : Explicit concurrent mark sweep GC freed 1511(85KB) AllocSpace objects, 1(20KB) LOS objects, 29% free, 38MB/54MB, paused 1.080ms total 40.809ms
08-04 00:32:37.927 13560 13571 I art     : Starting a blocking GC Explicit
08-04 00:32:37.949 17791 17791 I ServiceManager: Waiting for service AtCmdFwd...
08-04 00:32:37.950   918  6112 I ActivityManager: START u0 {cmp=baseline.com.newsblur/.activity.AllSharedStoriesItemsList (has extras)} from uid 10652 on display 0
08-04 00:32:37.968 13560 13571 I art     : Explicit concurrent mark sweep GC freed 553(86KB) AllocSpace objects, 1(20KB) LOS objects, 29% free, 38MB/54MB, paused 1.878ms total 40.268ms
08-04 00:32:37.974 13560 21631 I baseline.com.newsblur.database.BlurDatabaseHelper: reading session reset
08-04 00:32:37.979 13560 13571 I art     : Starting a blocking GC Explicit
08-04 00:32:38.017 13560 13571 I art     : Explicit concurrent mark sweep GC freed 1682(159KB) AllocSpace objects, 4(172KB) LOS objects, 29% free, 38MB/54MB, paused 1.113ms total 37.599ms
08-04 00:32:38.027 13560 13571 I art     : Starting a blocking GC Explicit
08-04 00:32:38.063 13560 13571 I art     : Explicit concurrent mark sweep GC freed 295(13KB) AllocSpace objects, 0(0B) LOS objects, 29% free, 38MB/54MB, paused 1.071ms total 35.975ms
08-04 00:32:38.074 13560 13571 I art     : Starting a blocking GC Explicit
08-04 00:32:38.113 13560 13571 I art     : Explicit concurrent mark sweep GC freed 569(44KB) AllocSpace objects, 1(20KB) LOS objects, 29% free, 38MB/54MB, paused 1.010ms total 39.282ms
08-04 00:32:38.124 13560 13560 W View    : requestLayout() improperly called by android.widget.FrameLayout{ce6ea V.E...... ......ID 0,0-1440,0 #7f07003f app:id/footer_view_inner} during layout: running second layout pass
08-04 00:32:38.124 13560 13560 W View    : requestLayout() improperly called by android.widget.FrameLayout{6d5cddb V.E...... ......ID 0,0-1440,2091 #7f07003f app:id/footer_view_inner} during layout: running second layout pass
08-04 00:32:38.138   918   936 I ActivityManager: Displayed baseline.com.newsblur/.activity.AllSharedStoriesItemsList: +179ms
08-04 00:32:38.138 13866 13866 I GoogleInputMethodServic: GoogleInputMethodService.onFinishInput():3138 
08-04 00:32:38.139 13866 13866 I GoogleInputMethodServic: GoogleInputMethodService.onStartInput():1808 
08-04 00:32:38.311 13560 22592 I NAPPA_EXPERIMENTATION: MetricNetworkRequestExecutionTime: REQUEST_DURATION_SYSTEM='131',REQUEST_DURATION_OKHTTP='130',REQUEST_SYNCHRONOUS='TRUE',RESPONSE_CODE='200',RESPONSE_METHOD='GET',RESPONSE_LENGTH_OKHTTP='43',RESPONSE_LENGTH_HEADER='43',REQUEST_PROTOCOL='http/1.1',REQUEST_URL='http://feeds.feedburner.com/~r/retort/~4/UffaFMiJbNs',
08-04 00:32:38.401 13560 13571 I art     : Starting a blocking GC Explicit
08-04 00:32:38.418 13560 21308 I NAPPA_EXPERIMENTATION: MetricNetworkRequestExecutionTime: REQUEST_DURATION_SYSTEM='227',REQUEST_DURATION_OKHTTP='226',REQUEST_SYNCHRONOUS='TRUE',RESPONSE_CODE='200',RESPONSE_METHOD='GET',RESPONSE_LENGTH_OKHTTP='56376',RESPONSE_LENGTH_HEADER='56376',REQUEST_PROTOCOL='h2',REQUEST_URL='https://images.fastcompany.net/image/upload/w_1280,q_auto,f_auto,fl_lossy/wp-cms/uploads/2020/07/p-1-quit-after-covid.jpg',
08-04 00:32:38.438 13560 13571 I art     : Explicit concurrent mark sweep GC freed 4121(314KB) AllocSpace objects, 12(240KB) LOS objects, 29% free, 38MB/54MB, paused 1.094ms total 36.740ms
08-04 00:32:38.449 13560 13571 I art     : Starting a blocking GC Explicit
08-04 00:32:38.470   518   646 I ThermalEngine: ACTION: GPU - Setting GPU[0] to 450000000
08-04 00:32:38.492 13560 13571 I art     : Explicit concurrent mark sweep GC freed 435(19KB) AllocSpace objects, 2(3MB) LOS objects, 28% free, 40MB/56MB, paused 1.360ms total 42.755ms
08-04 00:32:38.504 13560 13571 I art     : Starting a blocking GC Explicit
08-04 00:32:38.549 13560 13571 I art     : Explicit concurrent mark sweep GC freed 48(2000B) AllocSpace objects, 1(20KB) LOS objects, 28% free, 40MB/56MB, paused 1.292ms total 44.324ms
08-04 00:32:38.562 13560 13571 I art     : Starting a blocking GC Explicit
08-04 00:32:38.610 13560 13571 I art     : Explicit concurrent mark sweep GC freed 142(5KB) AllocSpace objects, 0(0B) LOS objects, 28% free, 40MB/56MB, paused 1.353ms total 47.725ms
08-04 00:32:38.625 13560 13571 I art     : Starting a blocking GC Explicit
08-04 00:32:38.674 13560 13571 I art     : Explicit concurrent mark sweep GC freed 6(192B) AllocSpace objects, 0(0B) LOS objects, 28% free, 40MB/56MB, paused 1.420ms total 48.756ms
08-04 00:32:38.949 17791 17791 W Atfwd_Sendcmd: AtCmdFwd service not published, waiting... retryCnt : 3
08-04 00:32:39.030 13560 21229 I art     : Starting a blocking GC Explicit
08-04 00:32:39.081 13560 21229 I art     : Explicit concurrent mark sweep GC freed 1470(83KB) AllocSpace objects, 1(20KB) LOS objects, 28% free, 40MB/56MB, paused 1.400ms total 51.051ms
08-04 00:32:39.094 13560 21229 I art     : Starting a blocking GC Explicit
08-04 00:32:39.144 13560 21229 I art     : Explicit concurrent mark sweep GC freed 26(912B) AllocSpace objects, 0(0B) LOS objects, 28% free, 40MB/56MB, paused 1.423ms total 49.254ms
08-04 00:32:39.157 13560 21229 I art     : Starting a blocking GC Explicit
08-04 00:32:39.207 13560 21229 I art     : Explicit concurrent mark sweep GC freed 6(192B) AllocSpace objects, 0(0B) LOS objects, 28% free, 40MB/56MB, paused 1.395ms total 49.021ms
08-04 00:32:39.220 13560 21229 I art     : Starting a blocking GC Explicit
08-04 00:32:39.268 13560 21229 I art     : Explicit concurrent mark sweep GC freed 7(224B) AllocSpace objects, 0(0B) LOS objects, 28% free, 40MB/56MB, paused 1.628ms total 48.149ms
08-04 00:32:39.282 13560 21229 I art     : Starting a blocking GC Explicit
08-04 00:32:39.333 13560 21229 I art     : Explicit concurrent mark sweep GC freed 12(384B) AllocSpace objects, 0(0B) LOS objects, 28% free, 40MB/56MB, paused 1.514ms total 50.621ms
08-04 00:32:39.702 13560 13571 I art     : Starting a blocking GC Explicit
08-04 00:32:39.800 13560 13571 I art     : Explicit concurrent mark sweep GC freed 1498(84KB) AllocSpace objects, 1(20KB) LOS objects, 28% free, 40MB/56MB, paused 2.102ms total 97.833ms
08-04 00:32:39.801 13560 13570 I art     : WaitForGcToComplete blocked for 96.320ms for cause HeapTrim
08-04 00:32:39.821 13560 13571 I art     : Starting a blocking GC Explicit
08-04 00:32:39.871 13560 13571 I art     : Explicit concurrent mark sweep GC freed 26(912B) AllocSpace objects, 0(0B) LOS objects, 28% free, 40MB/56MB, paused 1.475ms total 49.822ms
08-04 00:32:39.885 13560 13571 I art     : Starting a blocking GC Explicit
08-04 00:32:39.937 13560 13571 I art     : Explicit concurrent mark sweep GC freed 7(224B) AllocSpace objects, 0(0B) LOS objects, 28% free, 40MB/56MB, paused 1.325ms total 51.920ms
08-04 00:32:39.951 13560 13571 I art     : Starting a blocking GC Explicit
08-04 00:32:40.001 13560 13571 I art     : Explicit concurrent mark sweep GC freed 7(224B) AllocSpace objects, 0(0B) LOS objects, 28% free, 40MB/56MB, paused 1.521ms total 49.924ms
08-04 00:32:40.015 13560 13571 I art     : Starting a blocking GC Explicit
08-04 00:32:40.067 13560 13571 I art     : Explicit concurrent mark sweep GC freed 7(224B) AllocSpace objects, 0(0B) LOS objects, 28% free, 40MB/56MB, paused 1.606ms total 51.550ms
08-04 00:32:40.449 13560 21596 I art     : Starting a blocking GC Explicit
08-04 00:32:40.501 13560 21596 I art     : Explicit concurrent mark sweep GC freed 1637(93KB) AllocSpace objects, 1(20KB) LOS objects, 28% free, 40MB/56MB, paused 1.599ms total 51.781ms
08-04 00:32:40.515 13560 21596 I art     : Starting a blocking GC Explicit
08-04 00:32:40.567 13560 21596 I art     : Explicit concurrent mark sweep GC freed 32(1168B) AllocSpace objects, 0(0B) LOS objects, 28% free, 40MB/56MB, paused 1.446ms total 51.799ms
08-04 00:32:40.581 13560 21596 I art     : Starting a blocking GC Explicit
08-04 00:32:40.633 13560 21596 I art     : Explicit concurrent mark sweep GC freed 7(224B) AllocSpace objects, 0(0B) LOS objects, 28% free, 40MB/56MB, paused 1.463ms total 51.805ms
08-04 00:32:40.646 13560 21596 I art     : Starting a blocking GC Explicit
08-04 00:32:40.697 13560 21596 I art     : Explicit concurrent mark sweep GC freed 7(224B) AllocSpace objects, 0(0B) LOS objects, 28% free, 40MB/56MB, paused 1.418ms total 50.040ms
08-04 00:32:40.711 13560 21596 I art     : Starting a blocking GC Explicit
08-04 00:32:40.763 13560 21596 I art     : Explicit concurrent mark sweep GC freed 7(224B) AllocSpace objects, 0(0B) LOS objects, 28% free, 40MB/56MB, paused 1.520ms total 52.577ms
08-04 00:32:40.907 13560 21981 E baseline.com.newsblur.network.APIResponse: Error (unexpected end of stream on https://www.newsblur.com/...) calling https://www.newsblur.com/reader/mark_story_hashes_as_read/
08-04 00:32:40.907 13560 21981 E baseline.com.newsblur.network.APIResponse: java.io.IOException: unexpected end of stream on https://www.newsblur.com/...
08-04 00:32:40.907 13560 21981 E baseline.com.newsblur.network.APIResponse: 	at okhttp3.internal.http1.Http1ExchangeCodec.readResponseHeaders(Http1ExchangeCodec.java:236)
08-04 00:32:40.907 13560 21981 E baseline.com.newsblur.network.APIResponse: 	at okhttp3.internal.connection.Exchange.readResponseHeaders(Exchange.java:115)
08-04 00:32:40.907 13560 21981 E baseline.com.newsblur.network.APIResponse: 	at okhttp3.internal.http.CallServerInterceptor.intercept(CallServerInterceptor.java:94)
08-04 00:32:40.907 13560 21981 E baseline.com.newsblur.network.APIResponse: 	at okhttp3.internal.http.RealInterceptorChain.proceed(RealInterceptorChain.java:142)
08-04 00:32:40.907 13560 21981 E baseline.com.newsblur.network.APIResponse: 	at okhttp3.internal.connection.ConnectInterceptor.intercept(ConnectInterceptor.java:43)
08-04 00:32:40.907 13560 21981 E baseline.com.newsblur.network.APIResponse: 	at okhttp3.internal.http.RealInterceptorChain.proceed(RealInterceptorChain.java:142)
08-04 00:32:40.907 13560 21981 E baseline.com.newsblur.network.APIResponse: 	at okhttp3.internal.http.RealInterceptorChain.proceed(RealInterceptorChain.java:117)
08-04 00:32:40.907 13560 21981 E baseline.com.newsblur.network.APIResponse: 	at okhttp3.internal.cache.CacheInterceptor.intercept(CacheInterceptor.java:94)
08-04 00:32:40.907 13560 21981 E baseline.com.newsblur.network.APIResponse: 	at okhttp3.internal.http.RealInterceptorChain.proceed(RealInterceptorChain.java:142)
08-04 00:32:40.907 13560 21981 E baseline.com.newsblur.network.APIResponse: 	at okhttp3.internal.http.RealInterceptorChain.proceed(RealInterceptorChain.java:117)
08-04 00:32:40.907 13560 21981 E baseline.com.newsblur.network.APIResponse: 	at okhttp3.internal.http.BridgeInterceptor.intercept(BridgeInterceptor.java:93)
08-04 00:32:40.907 13560 21981 E baseline.com.newsblur.network.APIResponse: 	at okhttp3.internal.http.RealInterceptorChain.proceed(RealInterceptorChain.java:142)
08-04 00:32:40.907 13560 21981 E baseline.com.newsblur.network.APIResponse: 	at okhttp3.internal.http.RetryAndFollowUpInterceptor.intercept(RetryAndFollowUpInterceptor.java:88)
08-04 00:32:40.907 13560 21981 E baseline.com.newsblur.network.APIResponse: 	at okhttp3.internal.http.RealInterceptorChain.proceed(RealInterceptorChain.java:142)
08-04 00:32:40.907 13560 21981 E baseline.com.newsblur.network.APIResponse: 	at okhttp3.internal.http.RealInterceptorChain.proceed(RealInterceptorChain.java:117)
08-04 00:32:40.907 13560 21981 E baseline.com.newsblur.network.APIResponse: 	at okhttp3.RealCall.getResponseWithInterceptorChain(RealCall.java:229)
08-04 00:32:40.907 13560 21981 E baseline.com.newsblur.network.APIResponse: 	at okhttp3.RealCall.execute(RealCall.java:81)
08-04 00:32:40.907 13560 21981 E baseline.com.newsblur.network.APIResponse: 	at baseline.com.newsblur.network.APIResponse.<init>(APIResponse.java:57)
08-04 00:32:40.907 13560 21981 E baseline.com.newsblur.network.APIResponse: 	at baseline.com.newsblur.network.APIResponse.<init>(APIResponse.java:43)
08-04 00:32:40.907 13560 21981 E baseline.com.newsblur.network.APIResponse: 	at baseline.com.newsblur.network.APIManager.post_single(APIManager.java:702)
08-04 00:32:40.907 13560 21981 E baseline.com.newsblur.network.APIResponse: 	at baseline.com.newsblur.network.APIManager.post(APIManager.java:675)
08-04 00:32:40.907 13560 21981 E baseline.com.newsblur.network.APIResponse: 	at baseline.com.newsblur.network.APIManager.post(APIManager.java:714)
08-04 00:32:40.907 13560 21981 E baseline.com.newsblur.network.APIResponse: 	at baseline.com.newsblur.network.APIManager.markStoryAsRead(APIManager.java:205)
08-04 00:32:40.907 13560 21981 E baseline.com.newsblur.network.APIResponse: 	at baseline.com.newsblur.util.ReadingAction.doRemote(ReadingAction.java:281)
08-04 00:32:40.907 13560 21981 E baseline.com.newsblur.network.APIResponse: 	at baseline.com.newsblur.service.NBSyncService.syncActions(NBSyncService.java:400)
08-04 00:32:40.907 13560 21981 E baseline.com.newsblur.network.APIResponse: 	at baseline.com.newsblur.service.NBSyncService.doSync(NBSyncService.java:298)
08-04 00:32:40.907 13560 21981 E baseline.com.newsblur.network.APIResponse: 	at baseline.com.newsblur.service.NBSyncService.access$100(NBSyncService.java:67)
08-04 00:32:40.907 13560 21981 E baseline.com.newsblur.network.APIResponse: 	at baseline.com.newsblur.service.NBSyncService$1.run(NBSyncService.java:188)
08-04 00:32:40.907 13560 21981 E baseline.com.newsblur.network.APIResponse: 	at java.util.concurrent.ThreadPoolExecutor.runWorker(ThreadPoolExecutor.java:1113)
08-04 00:32:40.907 13560 21981 E baseline.com.newsblur.network.APIResponse: 	at java.util.concurrent.ThreadPoolExecutor$Worker.run(ThreadPoolExecutor.java:588)
08-04 00:32:40.907 13560 21981 E baseline.com.newsblur.network.APIResponse: 	at java.lang.Thread.run(Thread.java:818)
08-04 00:32:40.907 13560 21981 E baseline.com.newsblur.network.APIResponse: Caused by: java.io.EOFException: \n not found: limit=0 content=
08-04 00:32:40.907 13560 21981 E baseline.com.newsblur.network.APIResponse: 	at okio.RealBufferedSource.readUtf8LineStrict(RealBufferedSource.java:240)
08-04 00:32:40.907 13560 21981 E baseline.com.newsblur.network.APIResponse: 	at okhttp3.internal.http1.Http1ExchangeCodec.readHeaderLine(Http1ExchangeCodec.java:242)
08-04 00:32:40.907 13560 21981 E baseline.com.newsblur.network.APIResponse: 	at okhttp3.internal.http1.Http1ExchangeCodec.readResponseHeaders(Http1ExchangeCodec.java:213)
08-04 00:32:40.907 13560 21981 E baseline.com.newsblur.network.APIResponse: 	... 30 more
08-04 00:32:40.908 13560 21981 I baseline.com.newsblur.service.NBSyncService: Holding reading action with server-side or network error.
08-04 00:32:40.930 13560 21981 W baseline.com.newsblur.service.NBSyncService: hard API failure
08-04 00:32:40.940 13560 21981 I baseline.com.newsblur.service.NBSyncService: recounting dirty feed sets: 1
08-04 00:32:41.121 13560 21229 I art     : Starting a blocking GC Explicit
08-04 00:32:41.175 13560 21229 I art     : Explicit concurrent mark sweep GC freed 4849(439KB) AllocSpace objects, 5(100KB) LOS objects, 28% free, 40MB/56MB, paused 1.608ms total 53.906ms
08-04 00:32:41.189 13560 21229 I art     : Starting a blocking GC Explicit
08-04 00:32:41.241 13560 21229 I art     : Explicit concurrent mark sweep GC freed 297(11KB) AllocSpace objects, 0(0B) LOS objects, 28% free, 40MB/56MB, paused 1.607ms total 51.830ms
08-04 00:32:41.255 13560 21229 I art     : Starting a blocking GC Explicit
08-04 00:32:41.307 13560 21229 I art     : Explicit concurrent mark sweep GC freed 7(224B) AllocSpace objects, 0(0B) LOS objects, 28% free, 40MB/56MB, paused 1.544ms total 51.477ms
08-04 00:32:41.320 13560 21229 I art     : Starting a blocking GC Explicit
08-04 00:32:41.372 13560 21229 I art     : Explicit concurrent mark sweep GC freed 1498(59KB) AllocSpace objects, 0(0B) LOS objects, 28% free, 40MB/56MB, paused 1.693ms total 51.731ms
08-04 00:32:41.385 13560 21229 I art     : Starting a blocking GC Explicit
08-04 00:32:41.420 13560 21981 E baseline.com.newsblur.network.APIResponse: Error (unexpected end of stream on https://www.newsblur.com/...) calling https://www.newsblur.com/reader/feed_unread_count?feed_id=0
08-04 00:32:41.420 13560 21981 E baseline.com.newsblur.network.APIResponse: java.io.IOException: unexpected end of stream on https://www.newsblur.com/...
08-04 00:32:41.420 13560 21981 E baseline.com.newsblur.network.APIResponse: 	at okhttp3.internal.http1.Http1ExchangeCodec.readResponseHeaders(Http1ExchangeCodec.java:236)
08-04 00:32:41.420 13560 21981 E baseline.com.newsblur.network.APIResponse: 	at okhttp3.internal.connection.Exchange.readResponseHeaders(Exchange.java:115)
08-04 00:32:41.420 13560 21981 E baseline.com.newsblur.network.APIResponse: 	at okhttp3.internal.http.CallServerInterceptor.intercept(CallServerInterceptor.java:94)
08-04 00:32:41.420 13560 21981 E baseline.com.newsblur.network.APIResponse: 	at okhttp3.internal.http.RealInterceptorChain.proceed(RealInterceptorChain.java:142)
08-04 00:32:41.420 13560 21981 E baseline.com.newsblur.network.APIResponse: 	at okhttp3.internal.connection.ConnectInterceptor.intercept(ConnectInterceptor.java:43)
08-04 00:32:41.420 13560 21981 E baseline.com.newsblur.network.APIResponse: 	at okhttp3.internal.http.RealInterceptorChain.proceed(RealInterceptorChain.java:142)
08-04 00:32:41.420 13560 21981 E baseline.com.newsblur.network.APIResponse: 	at okhttp3.internal.http.RealInterceptorChain.proceed(RealInterceptorChain.java:117)
08-04 00:32:41.420 13560 21981 E baseline.com.newsblur.network.APIResponse: 	at okhttp3.internal.cache.CacheInterceptor.intercept(CacheInterceptor.java:94)
08-04 00:32:41.420 13560 21981 E baseline.com.newsblur.network.APIResponse: 	at okhttp3.internal.http.RealInterceptorChain.proceed(RealInterceptorChain.java:142)
08-04 00:32:41.420 13560 21981 E baseline.com.newsblur.network.APIResponse: 	at okhttp3.internal.http.RealInterceptorChain.proceed(RealInterceptorChain.java:117)
08-04 00:32:41.420 13560 21981 E baseline.com.newsblur.network.APIResponse: 	at okhttp3.internal.http.BridgeInterceptor.intercept(BridgeInterceptor.java:93)
08-04 00:32:41.420 13560 21981 E baseline.com.newsblur.network.APIResponse: 	at okhttp3.internal.http.RealInterceptorChain.proceed(RealInterceptorChain.java:142)
08-04 00:32:41.420 13560 21981 E baseline.com.newsblur.network.APIResponse: 	at okhttp3.internal.http.RetryAndFollowUpInterceptor.intercept(RetryAndFollowUpInterceptor.java:88)
08-04 00:32:41.420 13560 21981 E baseline.com.newsblur.network.APIResponse: 	at okhttp3.internal.http.RealInterceptorChain.proceed(RealInterceptorChain.java:142)
08-04 00:32:41.420 13560 21981 E baseline.com.newsblur.network.APIResponse: 	at okhttp3.internal.http.RealInterceptorChain.proceed(RealInterceptorChain.java:117)
08-04 00:32:41.420 13560 21981 E baseline.com.newsblur.network.APIResponse: 	at okhttp3.RealCall.getResponseWithInterceptorChain(RealCall.java:229)
08-04 00:32:41.420 13560 21981 E baseline.com.newsblur.network.APIResponse: 	at okhttp3.RealCall.execute(RealCall.java:81)
08-04 00:32:41.420 13560 21981 E baseline.com.newsblur.network.APIResponse: 	at baseline.com.newsblur.network.APIResponse.<init>(APIResponse.java:57)
08-04 00:32:41.420 13560 21981 E baseline.com.newsblur.network.APIResponse: 	at baseline.com.newsblur.network.APIManager.get_single(APIManager.java:639)
08-04 00:32:41.420 13560 21981 E baseline.com.newsblur.network.APIResponse: 	at baseline.com.newsblur.network.APIManager.get(APIManager.java:625)
08-04 00:32:41.420 13560 21981 E baseline.com.newsblur.network.APIResponse: 	at baseline.com.newsblur.network.APIManager.get(APIManager.java:667)
08-04 00:32:41.420 13560 21981 E baseline.com.newsblur.network.APIResponse: 	at baseline.com.newsblur.network.APIManager.getFeedUnreadCounts(APIManager.java:274)
08-04 00:32:41.420 13560 21981 E baseline.com.newsblur.network.APIResponse: 	at baseline.com.newsblur.service.NBSyncService.checkRecounts(NBSyncService.java:660)
08-04 00:32:41.420 13560 21981 E baseline.com.newsblur.network.APIResponse: 	at baseline.com.newsblur.service.NBSyncService.doSync(NBSyncService.java:310)
08-04 00:32:41.420 13560 21981 E baseline.com.newsblur.network.APIResponse: 	at baseline.com.newsblur.service.NBSyncService.access$100(NBSyncService.java:67)
08-04 00:32:41.420 13560 21981 E baseline.com.newsblur.network.APIResponse: 	at baseline.com.newsblur.service.NBSyncService$1.run(NBSyncService.java:188)
08-04 00:32:41.420 13560 21981 E baseline.com.newsblur.network.APIResponse: 	at java.util.concurrent.ThreadPoolExecutor.runWorker(ThreadPoolExecutor.java:1113)
08-04 00:32:41.420 13560 21981 E baseline.com.newsblur.network.APIResponse: 	at java.util.concurrent.ThreadPoolExecutor$Worker.run(ThreadPoolExecutor.java:588)
08-04 00:32:41.420 13560 21981 E baseline.com.newsblur.network.APIResponse: 	at java.lang.Thread.run(Thread.java:818)
08-04 00:32:41.420 13560 21981 E baseline.com.newsblur.network.APIResponse: Caused by: java.io.EOFException: \n not found: limit=0 content=
08-04 00:32:41.420 13560 21981 E baseline.com.newsblur.network.APIResponse: 	at okio.RealBufferedSource.readUtf8LineStrict(RealBufferedSource.java:240)
08-04 00:32:41.420 13560 21981 E baseline.com.newsblur.network.APIResponse: 	at okhttp3.internal.http1.Http1ExchangeCodec.readHeaderLine(Http1ExchangeCodec.java:242)
08-04 00:32:41.420 13560 21981 E baseline.com.newsblur.network.APIResponse: 	at okhttp3.internal.http1.Http1ExchangeCodec.readResponseHeaders(Http1ExchangeCodec.java:213)
08-04 00:32:41.420 13560 21981 E baseline.com.newsblur.network.APIResponse: 	... 28 more
08-04 00:32:41.421 13560 21981 I baseline.com.newsblur.network.APIManager: API call failed, pausing before retry number 1
08-04 00:32:41.437 13560 21229 I art     : Explicit concurrent mark sweep GC freed 960(200KB) AllocSpace objects, 2(40KB) LOS objects, 28% free, 40MB/56MB, paused 1.538ms total 50.850ms
08-04 00:32:41.836 13560 21596 I art     : Starting a blocking GC Explicit
08-04 00:32:41.889 13560 21596 I art     : Explicit concurrent mark sweep GC freed 1596(100KB) AllocSpace objects, 1(20KB) LOS objects, 28% free, 40MB/56MB, paused 1.622ms total 53.041ms
08-04 00:32:41.903 13560 21596 I art     : Starting a blocking GC Explicit
08-04 00:32:41.954 13560 21596 I art     : Explicit concurrent mark sweep GC freed 48(1648B) AllocSpace objects, 0(0B) LOS objects, 28% free, 40MB/56MB, paused 1.539ms total 50.644ms
08-04 00:32:41.967 13560 21596 I art     : Starting a blocking GC Explicit
08-04 00:32:42.019 13560 21596 I art     : Explicit concurrent mark sweep GC freed 7(224B) AllocSpace objects, 0(0B) LOS objects, 28% free, 40MB/56MB, paused 1.495ms total 51.224ms
08-04 00:32:42.032 13560 21596 I art     : Starting a blocking GC Explicit
08-04 00:32:42.082 13560 21596 I art     : Explicit concurrent mark sweep GC freed 7(224B) AllocSpace objects, 0(0B) LOS objects, 28% free, 40MB/56MB, paused 1.368ms total 50.222ms
08-04 00:32:42.096 13560 21596 I art     : Starting a blocking GC Explicit
08-04 00:32:42.149 13560 21596 I art     : Explicit concurrent mark sweep GC freed 7(224B) AllocSpace objects, 0(0B) LOS objects, 28% free, 40MB/56MB, paused 1.618ms total 51.972ms
08-04 00:32:42.476   518   646 I ThermalEngine: ACTION: GPU - Setting GPU[0] to 510000000
08-04 00:32:42.529 13560 21596 I art     : Starting a blocking GC Explicit
08-04 00:32:42.571 13560 21596 I art     : Explicit concurrent mark sweep GC freed 1469(83KB) AllocSpace objects, 1(20KB) LOS objects, 28% free, 40MB/56MB, paused 1.084ms total 41.613ms
08-04 00:32:42.581 13560 21596 I art     : Starting a blocking GC Explicit
08-04 00:32:42.620 13560 21596 I art     : Explicit concurrent mark sweep GC freed 25(880B) AllocSpace objects, 0(0B) LOS objects, 28% free, 40MB/56MB, paused 1.035ms total 38.839ms
08-04 00:32:42.631 13560 21596 I art     : Starting a blocking GC Explicit
08-04 00:32:42.670 13560 21596 I art     : Explicit concurrent mark sweep GC freed 6(192B) AllocSpace objects, 0(0B) LOS objects, 28% free, 40MB/56MB, paused 1.025ms total 38.480ms
08-04 00:32:42.681 13560 21596 I art     : Starting a blocking GC Explicit
08-04 00:32:42.721 13560 21596 I art     : Explicit concurrent mark sweep GC freed 6(192B) AllocSpace objects, 0(0B) LOS objects, 28% free, 40MB/56MB, paused 1.140ms total 39.602ms
08-04 00:32:42.731 13560 21596 I art     : Starting a blocking GC Explicit
08-04 00:32:42.770 13560 21596 I art     : Explicit concurrent mark sweep GC freed 6(192B) AllocSpace objects, 0(0B) LOS objects, 28% free, 40MB/56MB, paused 1.043ms total 39.018ms
08-04 00:32:43.145 13560 13572 I art     : Starting a blocking GC Explicit
08-04 00:32:43.187 13560 13572 I art     : Explicit concurrent mark sweep GC freed 1636(92KB) AllocSpace objects, 1(20KB) LOS objects, 28% free, 40MB/56MB, paused 1.139ms total 41.289ms
08-04 00:32:43.197 13560 13572 I art     : Starting a blocking GC Explicit
08-04 00:32:43.237 13560 13572 I art     : Explicit concurrent mark sweep GC freed 31(1136B) AllocSpace objects, 0(0B) LOS objects, 28% free, 40MB/56MB, paused 1.203ms total 40.007ms
08-04 00:32:43.248 13560 13572 I art     : Starting a blocking GC Explicit
08-04 00:32:43.287 13560 13572 I art     : Explicit concurrent mark sweep GC freed 6(192B) AllocSpace objects, 0(0B) LOS objects, 28% free, 40MB/56MB, paused 1.122ms total 39.054ms
08-04 00:32:43.297 13560 13572 I art     : Starting a blocking GC Explicit
08-04 00:32:43.336 13560 13572 I art     : Explicit concurrent mark sweep GC freed 6(192B) AllocSpace objects, 0(0B) LOS objects, 28% free, 40MB/56MB, paused 1.128ms total 38.283ms
08-04 00:32:43.346 13560 13572 I art     : Starting a blocking GC Explicit
08-04 00:32:43.385 13560 13572 I art     : Explicit concurrent mark sweep GC freed 6(192B) AllocSpace objects, 0(0B) LOS objects, 28% free, 40MB/56MB, paused 1.103ms total 38.658ms
08-04 00:32:43.460 13560 21981 E baseline.com.newsblur.network.APIResponse: Error (unexpected end of stream on https://www.newsblur.com/...) calling https://www.newsblur.com/reader/feed_unread_count?feed_id=0
08-04 00:32:43.460 13560 21981 E baseline.com.newsblur.network.APIResponse: java.io.IOException: unexpected end of stream on https://www.newsblur.com/...
08-04 00:32:43.460 13560 21981 E baseline.com.newsblur.network.APIResponse: 	at okhttp3.internal.http1.Http1ExchangeCodec.readResponseHeaders(Http1ExchangeCodec.java:236)
08-04 00:32:43.460 13560 21981 E baseline.com.newsblur.network.APIResponse: 	at okhttp3.internal.connection.Exchange.readResponseHeaders(Exchange.java:115)
08-04 00:32:43.460 13560 21981 E baseline.com.newsblur.network.APIResponse: 	at okhttp3.internal.http.CallServerInterceptor.intercept(CallServerInterceptor.java:94)
08-04 00:32:43.460 13560 21981 E baseline.com.newsblur.network.APIResponse: 	at okhttp3.internal.http.RealInterceptorChain.proceed(RealInterceptorChain.java:142)
08-04 00:32:43.460 13560 21981 E baseline.com.newsblur.network.APIResponse: 	at okhttp3.internal.connection.ConnectInterceptor.intercept(ConnectInterceptor.java:43)
08-04 00:32:43.460 13560 21981 E baseline.com.newsblur.network.APIResponse: 	at okhttp3.internal.http.RealInterceptorChain.proceed(RealInterceptorChain.java:142)
08-04 00:32:43.460 13560 21981 E baseline.com.newsblur.network.APIResponse: 	at okhttp3.internal.http.RealInterceptorChain.proceed(RealInterceptorChain.java:117)
08-04 00:32:43.460 13560 21981 E baseline.com.newsblur.network.APIResponse: 	at okhttp3.internal.cache.CacheInterceptor.intercept(CacheInterceptor.java:94)
08-04 00:32:43.460 13560 21981 E baseline.com.newsblur.network.APIResponse: 	at okhttp3.internal.http.RealInterceptorChain.proceed(RealInterceptorChain.java:142)
08-04 00:32:43.460 13560 21981 E baseline.com.newsblur.network.APIResponse: 	at okhttp3.internal.http.RealInterceptorChain.proceed(RealInterceptorChain.java:117)
08-04 00:32:43.460 13560 21981 E baseline.com.newsblur.network.APIResponse: 	at okhttp3.internal.http.BridgeInterceptor.intercept(BridgeInterceptor.java:93)
08-04 00:32:43.460 13560 21981 E baseline.com.newsblur.network.APIResponse: 	at okhttp3.internal.http.RealInterceptorChain.proceed(RealInterceptorChain.java:142)
08-04 00:32:43.460 13560 21981 E baseline.com.newsblur.network.APIResponse: 	at okhttp3.internal.http.RetryAndFollowUpInterceptor.intercept(RetryAndFollowUpInterceptor.java:88)
08-04 00:32:43.460 13560 21981 E baseline.com.newsblur.network.APIResponse: 	at okhttp3.internal.http.RealInterceptorChain.proceed(RealInterceptorChain.java:142)
08-04 00:32:43.460 13560 21981 E baseline.com.newsblur.network.APIResponse: 	at okhttp3.internal.http.RealInterceptorChain.proceed(RealInterceptorChain.java:117)
08-04 00:32:43.460 13560 21981 E baseline.com.newsblur.network.APIResponse: 	at okhttp3.RealCall.getResponseWithInterceptorChain(RealCall.java:229)
08-04 00:32:43.460 13560 21981 E baseline.com.newsblur.network.APIResponse: 	at okhttp3.RealCall.execute(RealCall.java:81)
08-04 00:32:43.460 13560 21981 E baseline.com.newsblur.network.APIResponse: 	at baseline.com.newsblur.network.APIResponse.<init>(APIResponse.java:57)
08-04 00:32:43.460 13560 21981 E baseline.com.newsblur.network.APIResponse: 	at baseline.com.newsblur.network.APIManager.get_single(APIManager.java:639)
08-04 00:32:43.460 13560 21981 E baseline.com.newsblur.network.APIResponse: 	at baseline.com.newsblur.network.APIManager.get(APIManager.java:625)
08-04 00:32:43.460 13560 21981 E baseline.com.newsblur.network.APIResponse: 	at baseline.com.newsblur.network.APIManager.get(APIManager.java:667)
08-04 00:32:43.460 13560 21981 E baseline.com.newsblur.network.APIResponse: 	at baseline.com.newsblur.network.APIManager.getFeedUnreadCounts(APIManager.java:274)
08-04 00:32:43.460 13560 21981 E baseline.com.newsblur.network.APIResponse: 	at baseline.com.newsblur.service.NBSyncService.checkRecounts(NBSyncService.java:660)
08-04 00:32:43.460 13560 21981 E baseline.com.newsblur.network.APIResponse: 	at baseline.com.newsblur.service.NBSyncService.doSync(NBSyncService.java:310)
08-04 00:32:43.460 13560 21981 E baseline.com.newsblur.network.APIResponse: 	at baseline.com.newsblur.service.NBSyncService.access$100(NBSyncService.java:67)
08-04 00:32:43.460 13560 21981 E baseline.com.newsblur.network.APIResponse: 	at baseline.com.newsblur.service.NBSyncService$1.run(NBSyncService.java:188)
08-04 00:32:43.460 13560 21981 E baseline.com.newsblur.network.APIResponse: 	at java.util.concurrent.ThreadPoolExecutor.runWorker(ThreadPoolExecutor.java:1113)
08-04 00:32:43.460 13560 21981 E baseline.com.newsblur.network.APIResponse: 	at java.util.concurrent.ThreadPoolExecutor$Worker.run(ThreadPoolExecutor.java:588)
08-04 00:32:43.460 13560 21981 E baseline.com.newsblur.network.APIResponse: 	at java.lang.Thread.run(Thread.java:818)
08-04 00:32:43.460 13560 21981 E baseline.com.newsblur.network.APIResponse: Caused by: java.io.EOFException: \n not found: limit=0 content=
08-04 00:32:43.460 13560 21981 E baseline.com.newsblur.network.APIResponse: 	at okio.RealBufferedSource.readUtf8LineStrict(RealBufferedSource.java:240)
08-04 00:32:43.460 13560 21981 E baseline.com.newsblur.network.APIResponse: 	at okhttp3.internal.http1.Http1ExchangeCodec.readHeaderLine(Http1ExchangeCodec.java:242)
08-04 00:32:43.460 13560 21981 E baseline.com.newsblur.network.APIResponse: 	at okhttp3.internal.http1.Http1ExchangeCodec.readResponseHeaders(Http1ExchangeCodec.java:213)
08-04 00:32:43.460 13560 21981 E baseline.com.newsblur.network.APIResponse: 	... 28 more
08-04 00:32:43.462 13560 21981 I baseline.com.newsblur.network.APIManager: API call failed, pausing before retry number 2
08-04 00:32:43.713 13560 13572 I art     : Starting a blocking GC Explicit
08-04 00:32:43.781 13560 13572 I art     : Explicit concurrent mark sweep GC freed 3959(356KB) AllocSpace objects, 3(60KB) LOS objects, 28% free, 40MB/56MB, paused 1.161ms total 67.092ms
08-04 00:32:43.792 13560 13572 I art     : Starting a blocking GC Explicit
08-04 00:32:43.832 13560 13572 I art     : Explicit concurrent mark sweep GC freed 124(4KB) AllocSpace objects, 0(0B) LOS objects, 28% free, 40MB/56MB, paused 1.092ms total 40.105ms
08-04 00:32:43.843 13560 13572 I art     : Starting a blocking GC Explicit
08-04 00:32:43.882 13560 13572 I art     : Explicit concurrent mark sweep GC freed 5(160B) AllocSpace objects, 0(0B) LOS objects, 28% free, 40MB/56MB, paused 1.082ms total 38.890ms
08-04 00:32:43.892 13560 13572 I art     : Starting a blocking GC Explicit
08-04 00:32:43.932 13560 13572 I art     : Explicit concurrent mark sweep GC freed 6(192B) AllocSpace objects, 0(0B) LOS objects, 28% free, 40MB/56MB, paused 1.145ms total 39.662ms
08-04 00:32:43.943 13560 13572 I art     : Starting a blocking GC Explicit
08-04 00:32:43.982 13560 13572 I art     : Explicit concurrent mark sweep GC freed 7(224B) AllocSpace objects, 0(0B) LOS objects, 28% free, 40MB/56MB, paused 1.076ms total 39.149ms
08-04 00:32:44.338 13560 21229 I art     : Starting a blocking GC Explicit
08-04 00:32:44.379 13560 21229 I art     : Explicit concurrent mark sweep GC freed 1467(83KB) AllocSpace objects, 1(20KB) LOS objects, 28% free, 40MB/56MB, paused 1.117ms total 40.185ms
08-04 00:32:44.389 13560 21229 I art     : Starting a blocking GC Explicit
08-04 00:32:44.429 13560 21229 I art     : Explicit concurrent mark sweep GC freed 25(880B) AllocSpace objects, 0(0B) LOS objects, 28% free, 40MB/56MB, paused 1.144ms total 39.156ms
08-04 00:32:44.439 13560 21229 I art     : Starting a blocking GC Explicit
08-04 00:32:44.477 13560 21229 I art     : Explicit concurrent mark sweep GC freed 6(192B) AllocSpace objects, 0(0B) LOS objects, 28% free, 40MB/56MB, paused 1.092ms total 37.548ms
08-04 00:32:44.487 13560 21229 I art     : Starting a blocking GC Explicit
08-04 00:32:44.525 13560 21229 I art     : Explicit concurrent mark sweep GC freed 6(192B) AllocSpace objects, 0(0B) LOS objects, 28% free, 40MB/56MB, paused 1.057ms total 38.307ms
08-04 00:32:44.536 13560 21229 I art     : Starting a blocking GC Explicit
08-04 00:32:44.574 13560 21229 I art     : Explicit concurrent mark sweep GC freed 6(192B) AllocSpace objects, 0(0B) LOS objects, 28% free, 40MB/56MB, paused 1.108ms total 38.059ms
08-04 00:32:44.931 13560 13572 I art     : Starting a blocking GC Explicit
08-04 00:32:44.971 13560 13572 I art     : Explicit concurrent mark sweep GC freed 1469(84KB) AllocSpace objects, 1(20KB) LOS objects, 28% free, 40MB/56MB, paused 1.031ms total 40.310ms
08-04 00:32:44.982 13560 13572 I art     : Starting a blocking GC Explicit
08-04 00:32:45.019 13560 13572 I art     : Explicit concurrent mark sweep GC freed 25(880B) AllocSpace objects, 0(0B) LOS objects, 28% free, 40MB/56MB, paused 1.042ms total 37.269ms
08-04 00:32:45.029 13560 13572 I art     : Starting a blocking GC Explicit
08-04 00:32:45.068 13560 13572 I art     : Explicit concurrent mark sweep GC freed 6(192B) AllocSpace objects, 0(0B) LOS objects, 28% free, 40MB/56MB, paused 1.171ms total 38.464ms
08-04 00:32:45.078 13560 13572 I art     : Starting a blocking GC Explicit
08-04 00:32:45.118 13560 13572 I art     : Explicit concurrent mark sweep GC freed 6(192B) AllocSpace objects, 0(0B) LOS objects, 28% free, 40MB/56MB, paused 1.248ms total 39.029ms
08-04 00:32:45.128 13560 13572 I art     : Starting a blocking GC Explicit
08-04 00:32:45.167 13560 13572 I art     : Explicit concurrent mark sweep GC freed 6(192B) AllocSpace objects, 0(0B) LOS objects, 28% free, 40MB/56MB, paused 1.112ms total 38.408ms
08-04 00:32:45.517   918 13198 D NetlinkSocketObserver: NeighborEvent{elapsedMs=1647769391, 192.168.2.254, [7C3953A63323], RTM_NEWNEIGH, NUD_PROBE}
08-04 00:32:45.527 13560 13572 I art     : Starting a blocking GC Explicit
08-04 00:32:45.568 13560 13572 I art     : Explicit concurrent mark sweep GC freed 1467(83KB) AllocSpace objects, 1(20KB) LOS objects, 28% free, 40MB/56MB, paused 1.120ms total 41.401ms
08-04 00:32:45.580 13560 13572 I art     : Starting a blocking GC Explicit
08-04 00:32:45.619 13560 13572 I art     : Explicit concurrent mark sweep GC freed 25(880B) AllocSpace objects, 0(0B) LOS objects, 28% free, 40MB/56MB, paused 1.126ms total 38.653ms
08-04 00:32:45.629 13560 13572 I art     : Starting a blocking GC Explicit
08-04 00:32:45.668 13560 13572 I art     : Explicit concurrent mark sweep GC freed 6(192B) AllocSpace objects, 0(0B) LOS objects, 28% free, 40MB/56MB, paused 1.110ms total 38.804ms
08-04 00:32:45.679 13560 13572 I art     : Starting a blocking GC Explicit
08-04 00:32:45.718 13560 13572 I art     : Explicit concurrent mark sweep GC freed 6(192B) AllocSpace objects, 0(0B) LOS objects, 28% free, 40MB/56MB, paused 1.087ms total 39.458ms
08-04 00:32:45.729 13560 13572 I art     : Starting a blocking GC Explicit
08-04 00:32:45.768 13560 13572 I art     : Explicit concurrent mark sweep GC freed 5(160B) AllocSpace objects, 0(0B) LOS objects, 28% free, 40MB/56MB, paused 1.166ms total 38.837ms
08-04 00:32:46.117 13560 13571 I art     : Starting a blocking GC Explicit
08-04 00:32:46.158 13560 13571 I art     : Explicit concurrent mark sweep GC freed 1467(83KB) AllocSpace objects, 1(20KB) LOS objects, 28% free, 40MB/56MB, paused 1.197ms total 40.317ms
08-04 00:32:46.169 13560 13571 I art     : Starting a blocking GC Explicit
08-04 00:32:46.209 13560 13571 I art     : Explicit concurrent mark sweep GC freed 25(880B) AllocSpace objects, 0(0B) LOS objects, 28% free, 40MB/56MB, paused 1.106ms total 39.638ms
08-04 00:32:46.219 13560 13571 I art     : Starting a blocking GC Explicit
08-04 00:32:46.258 13560 13571 I art     : Explicit concurrent mark sweep GC freed 6(192B) AllocSpace objects, 0(0B) LOS objects, 28% free, 40MB/56MB, paused 1.097ms total 38.636ms
08-04 00:32:46.269 13560 13571 I art     : Starting a blocking GC Explicit
08-04 00:32:46.308 13560 13571 I art     : Explicit concurrent mark sweep GC freed 6(192B) AllocSpace objects, 0(0B) LOS objects, 28% free, 40MB/56MB, paused 1.123ms total 39.328ms
08-04 00:32:46.319 13560 13571 I art     : Starting a blocking GC Explicit
08-04 00:32:46.359 13560 13571 I art     : Explicit concurrent mark sweep GC freed 6(192B) AllocSpace objects, 0(0B) LOS objects, 28% free, 40MB/56MB, paused 1.130ms total 39.116ms
08-04 00:32:46.728 13560 21596 I art     : Starting a blocking GC Explicit
08-04 00:32:46.769 13560 21596 I art     : Explicit concurrent mark sweep GC freed 1635(92KB) AllocSpace objects, 1(20KB) LOS objects, 28% free, 40MB/56MB, paused 1.130ms total 40.762ms
08-04 00:32:46.780 13560 21596 I art     : Starting a blocking GC Explicit
08-04 00:32:46.820 13560 21596 I art     : Explicit concurrent mark sweep GC freed 31(1136B) AllocSpace objects, 0(0B) LOS objects, 28% free, 40MB/56MB, paused 1.085ms total 39.165ms
08-04 00:32:46.831 13560 21596 I art     : Starting a blocking GC Explicit
08-04 00:32:46.869 13560 21596 I art     : Explicit concurrent mark sweep GC freed 6(192B) AllocSpace objects, 0(0B) LOS objects, 28% free, 40MB/56MB, paused 1.102ms total 38.721ms
08-04 00:32:46.880 13560 21596 I art     : Starting a blocking GC Explicit
08-04 00:32:46.922 13560 21596 I art     : Explicit concurrent mark sweep GC freed 6(192B) AllocSpace objects, 0(0B) LOS objects, 28% free, 40MB/56MB, paused 3.701ms total 41.461ms
08-04 00:32:46.933 13560 21596 I art     : Starting a blocking GC Explicit
08-04 00:32:46.973 13560 21596 I art     : Explicit concurrent mark sweep GC freed 6(192B) AllocSpace objects, 0(0B) LOS objects, 28% free, 40MB/56MB, paused 1.085ms total 39.255ms
08-04 00:32:47.047 13560 21981 E baseline.com.newsblur.network.APIResponse: Error (unexpected end of stream on https://www.newsblur.com/...) calling https://www.newsblur.com/reader/feed_unread_count?feed_id=0
08-04 00:32:47.047 13560 21981 E baseline.com.newsblur.network.APIResponse: java.io.IOException: unexpected end of stream on https://www.newsblur.com/...
08-04 00:32:47.047 13560 21981 E baseline.com.newsblur.network.APIResponse: 	at okhttp3.internal.http1.Http1ExchangeCodec.readResponseHeaders(Http1ExchangeCodec.java:236)
08-04 00:32:47.047 13560 21981 E baseline.com.newsblur.network.APIResponse: 	at okhttp3.internal.connection.Exchange.readResponseHeaders(Exchange.java:115)
08-04 00:32:47.047 13560 21981 E baseline.com.newsblur.network.APIResponse: 	at okhttp3.internal.http.CallServerInterceptor.intercept(CallServerInterceptor.java:94)
08-04 00:32:47.047 13560 21981 E baseline.com.newsblur.network.APIResponse: 	at okhttp3.internal.http.RealInterceptorChain.proceed(RealInterceptorChain.java:142)
08-04 00:32:47.047 13560 21981 E baseline.com.newsblur.network.APIResponse: 	at okhttp3.internal.connection.ConnectInterceptor.intercept(ConnectInterceptor.java:43)
08-04 00:32:47.047 13560 21981 E baseline.com.newsblur.network.APIResponse: 	at okhttp3.internal.http.RealInterceptorChain.proceed(RealInterceptorChain.java:142)
08-04 00:32:47.047 13560 21981 E baseline.com.newsblur.network.APIResponse: 	at okhttp3.internal.http.RealInterceptorChain.proceed(RealInterceptorChain.java:117)
08-04 00:32:47.047 13560 21981 E baseline.com.newsblur.network.APIResponse: 	at okhttp3.internal.cache.CacheInterceptor.intercept(CacheInterceptor.java:94)
08-04 00:32:47.047 13560 21981 E baseline.com.newsblur.network.APIResponse: 	at okhttp3.internal.http.RealInterceptorChain.proceed(RealInterceptorChain.java:142)
08-04 00:32:47.047 13560 21981 E baseline.com.newsblur.network.APIResponse: 	at okhttp3.internal.http.RealInterceptorChain.proceed(RealInterceptorChain.java:117)
08-04 00:32:47.047 13560 21981 E baseline.com.newsblur.network.APIResponse: 	at okhttp3.internal.http.BridgeInterceptor.intercept(BridgeInterceptor.java:93)
08-04 00:32:47.047 13560 21981 E baseline.com.newsblur.network.APIResponse: 	at okhttp3.internal.http.RealInterceptorChain.proceed(RealInterceptorChain.java:142)
08-04 00:32:47.047 13560 21981 E baseline.com.newsblur.network.APIResponse: 	at okhttp3.internal.http.RetryAndFollowUpInterceptor.intercept(RetryAndFollowUpInterceptor.java:88)
08-04 00:32:47.047 13560 21981 E baseline.com.newsblur.network.APIResponse: 	at okhttp3.internal.http.RealInterceptorChain.proceed(RealInterceptorChain.java:142)
08-04 00:32:47.047 13560 21981 E baseline.com.newsblur.network.APIResponse: 	at okhttp3.internal.http.RealInterceptorChain.proceed(RealInterceptorChain.java:117)
08-04 00:32:47.047 13560 21981 E baseline.com.newsblur.network.APIResponse: 	at okhttp3.RealCall.getResponseWithInterceptorChain(RealCall.java:229)
08-04 00:32:47.047 13560 21981 E baseline.com.newsblur.network.APIResponse: 	at okhttp3.RealCall.execute(RealCall.java:81)
08-04 00:32:47.047 13560 21981 E baseline.com.newsblur.network.APIResponse: 	at baseline.com.newsblur.network.APIResponse.<init>(APIResponse.java:57)
08-04 00:32:47.047 13560 21981 E baseline.com.newsblur.network.APIResponse: 	at baseline.com.newsblur.network.APIManager.get_single(APIManager.java:639)
08-04 00:32:47.047 13560 21981 E baseline.com.newsblur.network.APIResponse: 	at baseline.com.newsblur.network.APIManager.get(APIManager.java:625)
08-04 00:32:47.047 13560 21981 E baseline.com.newsblur.network.APIResponse: 	at baseline.com.newsblur.network.APIManager.get(APIManager.java:667)
08-04 00:32:47.047 13560 21981 E baseline.com.newsblur.network.APIResponse: 	at baseline.com.newsblur.network.APIManager.getFeedUnreadCounts(APIManager.java:274)
08-04 00:32:47.047 13560 21981 E baseline.com.newsblur.network.APIResponse: 	at baseline.com.newsblur.service.NBSyncService.checkRecounts(NBSyncService.java:660)
08-04 00:32:47.047 13560 21981 E baseline.com.newsblur.network.APIResponse: 	at baseline.com.newsblur.service.NBSyncService.doSync(NBSyncService.java:310)
08-04 00:32:47.047 13560 21981 E baseline.com.newsblur.network.APIResponse: 	at baseline.com.newsblur.service.NBSyncService.access$100(NBSyncService.java:67)
08-04 00:32:47.047 13560 21981 E baseline.com.newsblur.network.APIResponse: 	at baseline.com.newsblur.service.NBSyncService$1.run(NBSyncService.java:188)
08-04 00:32:47.047 13560 21981 E baseline.com.newsblur.network.APIResponse: 	at java.util.concurrent.ThreadPoolExecutor.runWorker(ThreadPoolExecutor.java:1113)
08-04 00:32:47.047 13560 21981 E baseline.com.newsblur.network.APIResponse: 	at java.util.concurrent.ThreadPoolExecutor$Worker.run(ThreadPoolExecutor.java:588)
08-04 00:32:47.047 13560 21981 E baseline.com.newsblur.network.APIResponse: 	at java.lang.Thread.run(Thread.java:818)
08-04 00:32:47.047 13560 21981 E baseline.com.newsblur.network.APIResponse: Caused by: java.io.EOFException: \n not found: limit=0 content=
08-04 00:32:47.047 13560 21981 E baseline.com.newsblur.network.APIResponse: 	at okio.RealBufferedSource.readUtf8LineStrict(RealBufferedSource.java:240)
08-04 00:32:47.047 13560 21981 E baseline.com.newsblur.network.APIResponse: 	at okhttp3.internal.http1.Http1ExchangeCodec.readHeaderLine(Http1ExchangeCodec.java:242)
08-04 00:32:47.047 13560 21981 E baseline.com.newsblur.network.APIResponse: 	at okhttp3.internal.http1.Http1ExchangeCodec.readResponseHeaders(Http1ExchangeCodec.java:213)
08-04 00:32:47.047 13560 21981 E baseline.com.newsblur.network.APIResponse: 	... 28 more
08-04 00:32:47.049 13560 21981 W baseline.com.newsblur.service.NBSyncService: Bad response to feed_unread_count
08-04 00:32:47.292 13560 21229 I art     : Starting a blocking GC Explicit
08-04 00:32:47.333 13560 21229 I art     : Explicit concurrent mark sweep GC freed 4547(438KB) AllocSpace objects, 6(120KB) LOS objects, 28% free, 40MB/56MB, paused 1.267ms total 40.019ms
08-04 00:32:47.343 13560 21229 I art     : Starting a blocking GC Explicit
08-04 00:32:47.380 13560 21229 I art     : Explicit concurrent mark sweep GC freed 221(8KB) AllocSpace objects, 0(0B) LOS objects, 28% free, 40MB/56MB, paused 1.158ms total 37.525ms
08-04 00:32:47.391 13560 21229 I art     : Starting a blocking GC Explicit
08-04 00:32:47.430 13560 21229 I art     : Explicit concurrent mark sweep GC freed 6(192B) AllocSpace objects, 0(0B) LOS objects, 28% free, 40MB/56MB, paused 1.132ms total 38.664ms
08-04 00:32:47.440 13560 21229 I art     : Starting a blocking GC Explicit
08-04 00:32:47.479 13560 21229 I art     : Explicit concurrent mark sweep GC freed 6(192B) AllocSpace objects, 0(0B) LOS objects, 28% free, 40MB/56MB, paused 1.133ms total 39.217ms
08-04 00:32:47.490 13560 21229 I art     : Starting a blocking GC Explicit
08-04 00:32:47.529 13560 21229 I art     : Explicit concurrent mark sweep GC freed 1653(65KB) AllocSpace objects, 0(0B) LOS objects, 28% free, 40MB/56MB, paused 1.227ms total 39.491ms
08-04 00:32:47.559 13560 21981 I NAPPA_EXPERIMENTATION: MetricNetworkRequestExecutionTime: REQUEST_DURATION_SYSTEM='497',REQUEST_DURATION_OKHTTP='33',REQUEST_SYNCHRONOUS='TRUE',RESPONSE_CODE='200',RESPONSE_METHOD='GET',RESPONSE_LENGTH_OKHTTP='-1',RESPONSE_LENGTH_HEADER='-2',REQUEST_PROTOCOL='http/1.1',REQUEST_URL='https://www.newsblur.com/social/river_stories?order=newest&page=1&read_filter=all',
08-04 00:32:47.560 13560 21981 D MY_TAG  : 0, 497
08-04 00:32:47.590 13560 13560 D baseline.com.newsblur.service.NBSyncService: rejecting request for feedset that is exhaused
08-04 00:32:47.889 13560 21229 I art     : Starting a blocking GC Explicit
08-04 00:32:47.933 13560 21229 I art     : Explicit concurrent mark sweep GC freed 5919(393KB) AllocSpace objects, 7(140KB) LOS objects, 28% free, 40MB/56MB, paused 1.160ms total 44.039ms
08-04 00:32:47.944 13560 21229 I art     : Starting a blocking GC Explicit
08-04 00:32:47.984 13560 21229 I art     : Explicit concurrent mark sweep GC freed 210(10KB) AllocSpace objects, 0(0B) LOS objects, 28% free, 40MB/56MB, paused 1.109ms total 40.117ms
08-04 00:32:47.995 13560 21229 I art     : Starting a blocking GC Explicit
08-04 00:32:48.038 13560 21229 I art     : Explicit concurrent mark sweep GC freed 1601(62KB) AllocSpace objects, 0(0B) LOS objects, 28% free, 40MB/56MB, paused 1.486ms total 42.353ms
08-04 00:32:48.049 13560 21229 I art     : Starting a blocking GC Explicit
08-04 00:32:48.074 13560 21981 E baseline.com.newsblur.network.APIResponse: Error (unexpected end of stream on https://www.newsblur.com/...) calling https://www.newsblur.com/reader/mark_story_hashes_as_read/
08-04 00:32:48.074 13560 21981 E baseline.com.newsblur.network.APIResponse: java.io.IOException: unexpected end of stream on https://www.newsblur.com/...
08-04 00:32:48.074 13560 21981 E baseline.com.newsblur.network.APIResponse: 	at okhttp3.internal.http1.Http1ExchangeCodec.readResponseHeaders(Http1ExchangeCodec.java:236)
08-04 00:32:48.074 13560 21981 E baseline.com.newsblur.network.APIResponse: 	at okhttp3.internal.connection.Exchange.readResponseHeaders(Exchange.java:115)
08-04 00:32:48.074 13560 21981 E baseline.com.newsblur.network.APIResponse: 	at okhttp3.internal.http.CallServerInterceptor.intercept(CallServerInterceptor.java:94)
08-04 00:32:48.074 13560 21981 E baseline.com.newsblur.network.APIResponse: 	at okhttp3.internal.http.RealInterceptorChain.proceed(RealInterceptorChain.java:142)
08-04 00:32:48.074 13560 21981 E baseline.com.newsblur.network.APIResponse: 	at okhttp3.internal.connection.ConnectInterceptor.intercept(ConnectInterceptor.java:43)
08-04 00:32:48.074 13560 21981 E baseline.com.newsblur.network.APIResponse: 	at okhttp3.internal.http.RealInterceptorChain.proceed(RealInterceptorChain.java:142)
08-04 00:32:48.074 13560 21981 E baseline.com.newsblur.network.APIResponse: 	at okhttp3.internal.http.RealInterceptorChain.proceed(RealInterceptorChain.java:117)
08-04 00:32:48.074 13560 21981 E baseline.com.newsblur.network.APIResponse: 	at okhttp3.internal.cache.CacheInterceptor.intercept(CacheInterceptor.java:94)
08-04 00:32:48.074 13560 21981 E baseline.com.newsblur.network.APIResponse: 	at okhttp3.internal.http.RealInterceptorChain.proceed(RealInterceptorChain.java:142)
08-04 00:32:48.074 13560 21981 E baseline.com.newsblur.network.APIResponse: 	at okhttp3.internal.http.RealInterceptorChain.proceed(RealInterceptorChain.java:117)
08-04 00:32:48.074 13560 21981 E baseline.com.newsblur.network.APIResponse: 	at okhttp3.internal.http.BridgeInterceptor.intercept(BridgeInterceptor.java:93)
08-04 00:32:48.074 13560 21981 E baseline.com.newsblur.network.APIResponse: 	at okhttp3.internal.http.RealInterceptorChain.proceed(RealInterceptorChain.java:142)
08-04 00:32:48.074 13560 21981 E baseline.com.newsblur.network.APIResponse: 	at okhttp3.internal.http.RetryAndFollowUpInterceptor.intercept(RetryAndFollowUpInterceptor.java:88)
08-04 00:32:48.074 13560 21981 E baseline.com.newsblur.network.APIResponse: 	at okhttp3.internal.http.RealInterceptorChain.proceed(RealInterceptorChain.java:142)
08-04 00:32:48.074 13560 21981 E baseline.com.newsblur.network.APIResponse: 	at okhttp3.internal.http.RealInterceptorChain.proceed(RealInterceptorChain.java:117)
08-04 00:32:48.074 13560 21981 E baseline.com.newsblur.network.APIResponse: 	at okhttp3.RealCall.getResponseWithInterceptorChain(RealCall.java:229)
08-04 00:32:48.074 13560 21981 E baseline.com.newsblur.network.APIResponse: 	at okhttp3.RealCall.execute(RealCall.java:81)
08-04 00:32:48.074 13560 21981 E baseline.com.newsblur.network.APIResponse: 	at baseline.com.newsblur.network.APIResponse.<init>(APIResponse.java:57)
08-04 00:32:48.074 13560 21981 E baseline.com.newsblur.network.APIResponse: 	at baseline.com.newsblur.network.APIResponse.<init>(APIResponse.java:43)
08-04 00:32:48.074 13560 21981 E baseline.com.newsblur.network.APIResponse: 	at baseline.com.newsblur.network.APIManager.post_single(APIManager.java:702)
08-04 00:32:48.074 13560 21981 E baseline.com.newsblur.network.APIResponse: 	at baseline.com.newsblur.network.APIManager.post(APIManager.java:675)
08-04 00:32:48.074 13560 21981 E baseline.com.newsblur.network.APIResponse: 	at baseline.com.newsblur.network.APIManager.post(APIManager.java:714)
08-04 00:32:48.074 13560 21981 E baseline.com.newsblur.network.APIResponse: 	at baseline.com.newsblur.network.APIManager.markStoryAsRead(APIManager.java:205)
08-04 00:32:48.074 13560 21981 E baseline.com.newsblur.network.APIResponse: 	at baseline.com.newsblur.util.ReadingAction.doRemote(ReadingAction.java:281)
08-04 00:32:48.074 13560 21981 E baseline.com.newsblur.network.APIResponse: 	at baseline.com.newsblur.service.NBSyncService.syncActions(NBSyncService.java:400)
08-04 00:32:48.074 13560 21981 E baseline.com.newsblur.network.APIResponse: 	at baseline.com.newsblur.service.NBSyncService.doSync(NBSyncService.java:298)
08-04 00:32:48.074 13560 21981 E baseline.com.newsblur.network.APIResponse: 	at baseline.com.newsblur.service.NBSyncService.access$100(NBSyncService.java:67)
08-04 00:32:48.074 13560 21981 E baseline.com.newsblur.network.APIResponse: 	at baseline.com.newsblur.service.NBSyncService$1.run(NBSyncService.java:188)
08-04 00:32:48.074 13560 21981 E baseline.com.newsblur.network.APIResponse: 	at java.util.concurrent.ThreadPoolExecutor.runWorker(ThreadPoolExecutor.java:1113)
08-04 00:32:48.074 13560 21981 E baseline.com.newsblur.network.APIResponse: 	at java.util.concurrent.ThreadPoolExecutor$Worker.run(ThreadPoolExecutor.java:588)
08-04 00:32:48.074 13560 21981 E baseline.com.newsblur.network.APIResponse: 	at java.lang.Thread.run(Thread.java:818)
08-04 00:32:48.074 13560 21981 E baseline.com.newsblur.network.APIResponse: Caused by: java.io.EOFException: \n not found: limit=0 content=
08-04 00:32:48.074 13560 21981 E baseline.com.newsblur.network.APIResponse: 	at okio.RealBufferedSource.readUtf8LineStrict(RealBufferedSource.java:240)
08-04 00:32:48.074 13560 21981 E baseline.com.newsblur.network.APIResponse: 	at okhttp3.internal.http1.Http1ExchangeCodec.readHeaderLine(Http1ExchangeCodec.java:242)
08-04 00:32:48.074 13560 21981 E baseline.com.newsblur.network.APIResponse: 	at okhttp3.internal.http1.Http1ExchangeCodec.readResponseHeaders(Http1ExchangeCodec.java:213)
08-04 00:32:48.074 13560 21981 E baseline.com.newsblur.network.APIResponse: 	... 30 more
08-04 00:32:48.077 13560 21981 I baseline.com.newsblur.network.APIManager: API call failed, pausing before retry number 1
08-04 00:32:48.090 13560 21229 I art     : Explicit concurrent mark sweep GC freed 856(197KB) AllocSpace objects, 2(40KB) LOS objects, 28% free, 40MB/56MB, paused 1.089ms total 40.914ms
08-04 00:32:48.100 13560 21229 I art     : Starting a blocking GC Explicit
08-04 00:32:48.140 13560 21229 I art     : Explicit concurrent mark sweep GC freed 119(16KB) AllocSpace objects, 0(0B) LOS objects, 28% free, 40MB/56MB, paused 1.092ms total 39.168ms
08-04 00:32:48.317  5179  5194 D QcrilMsgTunnelSocket: readRilMessage: Buffer = [B@671e81d HexData = [010000000404000011000000514f454d484f4f4bef0308000100000003]
08-04 00:32:48.317  5179  5194 D QcrilMsgTunnelSocket: Rcvd UNSOL response with 28 bytes data for SUB0
08-04 00:32:48.317  5179  5194 D QcrilMsgTunnelSocket: Response ID 525295 is not served in this process.
08-04 00:32:48.317  5179  5194 D QcrilMsgTunnelSocket: To broadcast an Intent via the notifier to external apps
08-04 00:32:48.322  5179  5179 D QcrilMsgTunnelIfaceManager: handleMessage what = 0
08-04 00:32:48.322  5179  5179 D QcrilMsgTunnelIfaceManager: Broadcasting intent ACTION_UNSOL_RESPONSE_OEM_HOOK_RAW
08-04 00:32:48.324  5164  5164 D QC_RIL_OEM_HOOK: Received Broadcast Intent ACTION_UNSOL_RESPONSE_OEM_HOOK_RAW
08-04 00:32:48.324  5164  5164 D QC_RIL_OEM_HOOK: Oem ID in QCRILHOOK UNSOL RESP is QOEMHOOK
08-04 00:32:48.451 13560 21596 I art     : Starting a blocking GC Explicit
08-04 00:32:48.492 13560 21596 I art     : Explicit concurrent mark sweep GC freed 1466(83KB) AllocSpace objects, 1(20KB) LOS objects, 28% free, 40MB/56MB, paused 1.139ms total 40.769ms
08-04 00:32:48.502 13560 21596 I art     : Starting a blocking GC Explicit
08-04 00:32:48.542 13560 21596 I art     : Explicit concurrent mark sweep GC freed 22(784B) AllocSpace objects, 0(0B) LOS objects, 28% free, 40MB/56MB, paused 1.152ms total 39.604ms
08-04 00:32:48.553 13560 21596 I art     : Starting a blocking GC Explicit
08-04 00:32:48.554 22754 22754 D AndroidRuntime: >>>>>> START com.android.internal.os.RuntimeInit uid 2000 <<<<<<
08-04 00:32:48.558 22754 22754 D AndroidRuntime: CheckJNI is OFF
08-04 00:32:48.592 22754 22754 D ICU     : No timezone override file found: /data/misc/zoneinfo/current/icu/icu_tzdata.dat
08-04 00:32:48.593 13560 21596 I art     : Explicit concurrent mark sweep GC freed 3(96B) AllocSpace objects, 0(0B) LOS objects, 28% free, 40MB/56MB, paused 1.193ms total 39.358ms
08-04 00:32:48.603 13560 21596 I art     : Starting a blocking GC Explicit
08-04 00:32:48.627 22754 22754 I Radio-JNI: register_android_hardware_Radio DONE
08-04 00:32:48.643 13560 21596 I art     : Explicit concurrent mark sweep GC freed 3(96B) AllocSpace objects, 0(0B) LOS objects, 28% free, 40MB/56MB, paused 1.112ms total 40.243ms
08-04 00:32:48.649 22754 22754 D AndroidRuntime: Calling main entry com.android.commands.input.Input
08-04 00:32:48.652 22754 22754 I Input   : injectMotionEvent: MotionEvent { action=ACTION_DOWN, actionButton=0, id[0]=0, x[0]=436.0, y[0]=453.0, toolType[0]=TOOL_TYPE_UNKNOWN, buttonState=0, metaState=0, flags=0x0, edgeFlags=0x0, pointerCount=1, historySize=0, eventTime=664385064, downTime=664385064, deviceId=0, source=0x1002 }
08-04 00:32:48.654 13560 21596 I art     : Starting a blocking GC Explicit
08-04 00:32:48.657 22754 22754 I Input   : injectMotionEvent: MotionEvent { action=ACTION_UP, actionButton=0, id[0]=0, x[0]=436.0, y[0]=453.0, toolType[0]=TOOL_TYPE_UNKNOWN, buttonState=0, metaState=0, flags=0x0, edgeFlags=0x0, pointerCount=1, historySize=0, eventTime=664385064, downTime=664385064, deviceId=0, source=0x1002 }
08-04 00:32:48.659 22754 22754 D AndroidRuntime: Shutting down VM
08-04 00:32:48.675   918   928 I ActivityManager: START u0 {cmp=baseline.com.newsblur/.activity.AllSharedStoriesReading (has extras)} from uid 10652 on display 0
08-04 00:32:48.678   512  2967 D audio_hw_primary: out_set_parameters: enter: usecase(1: low-latency-playback) kvpairs: routing=2
08-04 00:32:48.690   512  2967 D audio_hw_primary: select_devices: out_snd_device(2: speaker) in_snd_device(0: none)
08-04 00:32:48.690   512  2967 D msm8974_platform: platform_send_audio_calibration: sending audio calibration for snd_device(2) acdb_id(15)
08-04 00:32:48.691   512  2967 I soundtrigger: audio_extn_sound_trigger_update_device_status: device 0x2 of type 0 for Event 1
08-04 00:32:48.695 13560 21596 I art     : Explicit concurrent mark sweep GC freed 544(82KB) AllocSpace objects, 1(20KB) LOS objects, 28% free, 40MB/56MB, paused 1.609ms total 41.153ms
08-04 00:32:48.700   512  2967 D audio_hw_primary: enable_snd_device: snd_device(2: speaker)
08-04 00:32:48.702   512  2967 D audio_hw_primary: enable_audio_route: apply and update mixer path: low-latency-playback speaker
08-04 00:32:48.881 13866 13866 I GoogleInputMethodServic: GoogleInputMethodService.onFinishInput():3138 
08-04 00:32:48.882   918   936 I ActivityManager: Displayed baseline.com.newsblur/.activity.AllSharedStoriesReading: +194ms
08-04 00:32:48.883 13866 13866 I GoogleInputMethodServic: GoogleInputMethodService.onStartInput():1808 
08-04 00:32:48.995 13560 13571 I art     : Starting a blocking GC Explicit
08-04 00:32:49.042 13560 13571 I art     : Explicit concurrent mark sweep GC freed 5657(456KB) AllocSpace objects, 17(804KB) LOS objects, 27% free, 41MB/57MB, paused 1.183ms total 46.610ms
08-04 00:32:49.053 13560 13571 I art     : Starting a blocking GC Explicit
08-04 00:32:49.086 13560 21643 E chromium: [ERROR:tile_manager.cc(793)] WARNING: tile memory limits exceeded, some content may not draw
08-04 00:32:49.087 13560 21643 E chromium: [ERROR:tile_manager.cc(793)] WARNING: tile memory limits exceeded, some content may not draw
08-04 00:32:49.092 13560 13571 I art     : Explicit concurrent mark sweep GC freed 1443(83KB) AllocSpace objects, 1(28KB) LOS objects, 28% free, 41MB/57MB, paused 1.125ms total 38.959ms
08-04 00:32:49.103 13560 13571 I art     : Starting a blocking GC Explicit
08-04 00:32:49.141 13560 13571 I art     : Explicit concurrent mark sweep GC freed 29(1280B) AllocSpace objects, 0(0B) LOS objects, 28% free, 41MB/57MB, paused 1.064ms total 38.055ms
08-04 00:32:49.152 13560 13571 I art     : Starting a blocking GC Explicit
08-04 00:32:49.189 13560 13571 I art     : Explicit concurrent mark sweep GC freed 3(96B) AllocSpace objects, 0(0B) LOS objects, 28% free, 41MB/57MB, paused 1.011ms total 37.072ms
08-04 00:32:49.200 13560 13571 I art     : Starting a blocking GC Explicit
08-04 00:32:49.239   512  2967 D audio_hw_primary: disable_audio_route: reset and update mixer path: low-latency-playback speaker
08-04 00:32:49.240   512  2967 D audio_hw_primary: disable_snd_device: snd_device(2: speaker)
08-04 00:32:49.241 13560 13571 I art     : Explicit concurrent mark sweep GC freed 3(96B) AllocSpace objects, 0(0B) LOS objects, 28% free, 41MB/57MB, paused 1.220ms total 40.250ms
08-04 00:32:49.248   512  2967 I soundtrigger: audio_extn_sound_trigger_update_device_status: device 0x2 of type 0 for Event 0
08-04 00:32:49.554 13560 13571 I art     : Starting a blocking GC Explicit
08-04 00:32:49.603 13560 13571 I art     : Explicit concurrent mark sweep GC freed 1679(104KB) AllocSpace objects, 2(40KB) LOS objects, 28% free, 41MB/57MB, paused 1.223ms total 48.266ms
08-04 00:32:49.614 13560 13571 I art     : Starting a blocking GC Explicit
08-04 00:32:49.659 13560 13571 I art     : Explicit concurrent mark sweep GC freed 47(1888B) AllocSpace objects, 0(0B) LOS objects, 28% free, 41MB/57MB, paused 1.187ms total 44.706ms
08-04 00:32:49.670 13560 13571 I art     : Starting a blocking GC Explicit
08-04 00:32:49.715 13560 13571 I art     : Explicit concurrent mark sweep GC freed 65(4KB) AllocSpace objects, 0(0B) LOS objects, 28% free, 41MB/57MB, paused 1.200ms total 44.627ms
08-04 00:32:49.727 13560 13571 I art     : Starting a blocking GC Explicit
08-04 00:32:49.771 13560 13571 I art     : Explicit concurrent mark sweep GC freed 3(96B) AllocSpace objects, 0(0B) LOS objects, 28% free, 41MB/57MB, paused 1.200ms total 44.262ms
08-04 00:32:49.783 13560 13571 I art     : Starting a blocking GC Explicit
08-04 00:32:49.829 13560 13571 I art     : Explicit concurrent mark sweep GC freed 3(96B) AllocSpace objects, 0(0B) LOS objects, 28% free, 41MB/57MB, paused 1.237ms total 45.824ms
08-04 00:32:50.105 13560 21981 E baseline.com.newsblur.network.APIResponse: Error (unexpected end of stream on https://www.newsblur.com/...) calling https://www.newsblur.com/reader/mark_story_hashes_as_read/
08-04 00:32:50.105 13560 21981 E baseline.com.newsblur.network.APIResponse: java.io.IOException: unexpected end of stream on https://www.newsblur.com/...
08-04 00:32:50.105 13560 21981 E baseline.com.newsblur.network.APIResponse: 	at okhttp3.internal.http1.Http1ExchangeCodec.readResponseHeaders(Http1ExchangeCodec.java:236)
08-04 00:32:50.105 13560 21981 E baseline.com.newsblur.network.APIResponse: 	at okhttp3.internal.connection.Exchange.readResponseHeaders(Exchange.java:115)
08-04 00:32:50.105 13560 21981 E baseline.com.newsblur.network.APIResponse: 	at okhttp3.internal.http.CallServerInterceptor.intercept(CallServerInterceptor.java:94)
08-04 00:32:50.105 13560 21981 E baseline.com.newsblur.network.APIResponse: 	at okhttp3.internal.http.RealInterceptorChain.proceed(RealInterceptorChain.java:142)
08-04 00:32:50.105 13560 21981 E baseline.com.newsblur.network.APIResponse: 	at okhttp3.internal.connection.ConnectInterceptor.intercept(ConnectInterceptor.java:43)
08-04 00:32:50.105 13560 21981 E baseline.com.newsblur.network.APIResponse: 	at okhttp3.internal.http.RealInterceptorChain.proceed(RealInterceptorChain.java:142)
08-04 00:32:50.105 13560 21981 E baseline.com.newsblur.network.APIResponse: 	at okhttp3.internal.http.RealInterceptorChain.proceed(RealInterceptorChain.java:117)
08-04 00:32:50.105 13560 21981 E baseline.com.newsblur.network.APIResponse: 	at okhttp3.internal.cache.CacheInterceptor.intercept(CacheInterceptor.java:94)
08-04 00:32:50.105 13560 21981 E baseline.com.newsblur.network.APIResponse: 	at okhttp3.internal.http.RealInterceptorChain.proceed(RealInterceptorChain.java:142)
08-04 00:32:50.105 13560 21981 E baseline.com.newsblur.network.APIResponse: 	at okhttp3.internal.http.RealInterceptorChain.proceed(RealInterceptorChain.java:117)
08-04 00:32:50.105 13560 21981 E baseline.com.newsblur.network.APIResponse: 	at okhttp3.internal.http.BridgeInterceptor.intercept(BridgeInterceptor.java:93)
08-04 00:32:50.105 13560 21981 E baseline.com.newsblur.network.APIResponse: 	at okhttp3.internal.http.RealInterceptorChain.proceed(RealInterceptorChain.java:142)
08-04 00:32:50.105 13560 21981 E baseline.com.newsblur.network.APIResponse: 	at okhttp3.internal.http.RetryAndFollowUpInterceptor.intercept(RetryAndFollowUpInterceptor.java:88)
08-04 00:32:50.105 13560 21981 E baseline.com.newsblur.network.APIResponse: 	at okhttp3.internal.http.RealInterceptorChain.proceed(RealInterceptorChain.java:142)
08-04 00:32:50.105 13560 21981 E baseline.com.newsblur.network.APIResponse: 	at okhttp3.internal.http.RealInterceptorChain.proceed(RealInterceptorChain.java:117)
08-04 00:32:50.105 13560 21981 E baseline.com.newsblur.network.APIResponse: 	at okhttp3.RealCall.getResponseWithInterceptorChain(RealCall.java:229)
08-04 00:32:50.105 13560 21981 E baseline.com.newsblur.network.APIResponse: 	at okhttp3.RealCall.execute(RealCall.java:81)
08-04 00:32:50.105 13560 21981 E baseline.com.newsblur.network.APIResponse: 	at baseline.com.newsblur.network.APIResponse.<init>(APIResponse.java:57)
08-04 00:32:50.105 13560 21981 E baseline.com.newsblur.network.APIResponse: 	at baseline.com.newsblur.network.APIResponse.<init>(APIResponse.java:43)
08-04 00:32:50.105 13560 21981 E baseline.com.newsblur.network.APIResponse: 	at baseline.com.newsblur.network.APIManager.post_single(APIManager.java:702)
08-04 00:32:50.105 13560 21981 E baseline.com.newsblur.network.APIResponse: 	at baseline.com.newsblur.network.APIManager.post(APIManager.java:675)
08-04 00:32:50.105 13560 21981 E baseline.com.newsblur.network.APIResponse: 	at baseline.com.newsblur.network.APIManager.post(APIManager.java:714)
08-04 00:32:50.105 13560 21981 E baseline.com.newsblur.network.APIResponse: 	at baseline.com.newsblur.network.APIManager.markStoryAsRead(APIManager.java:205)
08-04 00:32:50.105 13560 21981 E baseline.com.newsblur.network.APIResponse: 	at baseline.com.newsblur.util.ReadingAction.doRemote(ReadingAction.java:281)
08-04 00:32:50.105 13560 21981 E baseline.com.newsblur.network.APIResponse: 	at baseline.com.newsblur.service.NBSyncService.syncActions(NBSyncService.java:400)
08-04 00:32:50.105 13560 21981 E baseline.com.newsblur.network.APIResponse: 	at baseline.com.newsblur.service.NBSyncService.doSync(NBSyncService.java:298)
08-04 00:32:50.105 13560 21981 E baseline.com.newsblur.network.APIResponse: 	at baseline.com.newsblur.service.NBSyncService.access$100(NBSyncService.java:67)
08-04 00:32:50.105 13560 21981 E baseline.com.newsblur.network.APIResponse: 	at baseline.com.newsblur.service.NBSyncService$1.run(NBSyncService.java:188)
08-04 00:32:50.105 13560 21981 E baseline.com.newsblur.network.APIResponse: 	at java.util.concurrent.ThreadPoolExecutor.runWorker(ThreadPoolExecutor.java:1113)
08-04 00:32:50.105 13560 21981 E baseline.com.newsblur.network.APIResponse: 	at java.util.concurrent.ThreadPoolExecutor$Worker.run(ThreadPoolExecutor.java:588)
08-04 00:32:50.105 13560 21981 E baseline.com.newsblur.network.APIResponse: 	at java.lang.Thread.run(Thread.java:818)
08-04 00:32:50.105 13560 21981 E baseline.com.newsblur.network.APIResponse: Caused by: java.io.EOFException: \n not found: limit=0 content=
08-04 00:32:50.105 13560 21981 E baseline.com.newsblur.network.APIResponse: 	at okio.RealBufferedSource.readUtf8LineStrict(RealBufferedSource.java:240)
08-04 00:32:50.105 13560 21981 E baseline.com.newsblur.network.APIResponse: 	at okhttp3.internal.http1.Http1ExchangeCodec.readHeaderLine(Http1ExchangeCodec.java:242)
08-04 00:32:50.105 13560 21981 E baseline.com.newsblur.network.APIResponse: 	at okhttp3.internal.http1.Http1ExchangeCodec.readResponseHeaders(Http1ExchangeCodec.java:213)
08-04 00:32:50.105 13560 21981 E baseline.com.newsblur.network.APIResponse: 	... 30 more
08-04 00:32:50.107 13560 21981 I baseline.com.newsblur.network.APIManager: API call failed, pausing before retry number 2
08-04 00:32:50.166 13560 13572 I art     : Starting a blocking GC Explicit
08-04 00:32:50.206 13560 13572 I art     : Explicit concurrent mark sweep GC freed 3973(358KB) AllocSpace objects, 3(60KB) LOS objects, 28% free, 41MB/57MB, paused 1.108ms total 39.423ms
08-04 00:32:50.216 13560 13572 I art     : Starting a blocking GC Explicit
08-04 00:32:50.257 13560 13572 I art     : Explicit concurrent mark sweep GC freed 134(4KB) AllocSpace objects, 0(0B) LOS objects, 28% free, 41MB/57MB, paused 1.138ms total 40.766ms
08-04 00:32:50.268 13560 13572 I art     : Starting a blocking GC Explicit
08-04 00:32:50.307 13560 13572 I art     : Explicit concurrent mark sweep GC freed 15(480B) AllocSpace objects, 0(0B) LOS objects, 28% free, 41MB/57MB, paused 1.013ms total 38.430ms
08-04 00:32:50.317 13560 13572 I art     : Starting a blocking GC Explicit
08-04 00:32:50.357 13560 13572 I art     : Explicit concurrent mark sweep GC freed 14(448B) AllocSpace objects, 0(0B) LOS objects, 28% free, 41MB/57MB, paused 1.433ms total 39.900ms
08-04 00:32:50.368 13560 13572 I art     : Starting a blocking GC Explicit
08-04 00:32:50.408 13560 13572 I art     : Explicit concurrent mark sweep GC freed 9(288B) AllocSpace objects, 0(0B) LOS objects, 28% free, 41MB/57MB, paused 1.146ms total 39.767ms
08-04 00:32:50.783 13560 21229 I art     : Starting a blocking GC Explicit
08-04 00:32:50.830 13560 21229 I art     : Explicit concurrent mark sweep GC freed 1446(83KB) AllocSpace objects, 1(20KB) LOS objects, 28% free, 41MB/57MB, paused 1.203ms total 46.455ms
08-04 00:32:50.844 13560 21229 I art     : Starting a blocking GC Explicit
08-04 00:32:50.886 13560 21229 I art     : Explicit concurrent mark sweep GC freed 22(784B) AllocSpace objects, 0(0B) LOS objects, 28% free, 41MB/57MB, paused 1.128ms total 41.827ms
08-04 00:32:50.896 13560 21229 I art     : Starting a blocking GC Explicit
08-04 00:32:50.940 13560 21229 I art     : Explicit concurrent mark sweep GC freed 3(96B) AllocSpace objects, 0(0B) LOS objects, 28% free, 41MB/57MB, paused 1.141ms total 43.135ms
08-04 00:32:50.951 13560 21229 I art     : Starting a blocking GC Explicit
08-04 00:32:50.994 13560 21229 I art     : Explicit concurrent mark sweep GC freed 3(96B) AllocSpace objects, 0(0B) LOS objects, 28% free, 41MB/57MB, paused 1.115ms total 43.272ms
08-04 00:32:51.005 13560 21229 I art     : Starting a blocking GC Explicit
08-04 00:32:51.050 13560 21229 I art     : Explicit concurrent mark sweep GC freed 3(96B) AllocSpace objects, 0(0B) LOS objects, 28% free, 41MB/57MB, paused 1.275ms total 44.087ms
08-04 00:32:51.433 13560 21596 I art     : Starting a blocking GC Explicit
08-04 00:32:51.481 13560 21596 I art     : Explicit concurrent mark sweep GC freed 1446(83KB) AllocSpace objects, 1(20KB) LOS objects, 28% free, 41MB/57MB, paused 1.190ms total 47.018ms
08-04 00:32:51.492 13560 21596 I art     : Starting a blocking GC Explicit
08-04 00:32:51.537 13560 21596 I art     : Explicit concurrent mark sweep GC freed 22(784B) AllocSpace objects, 0(0B) LOS objects, 28% free, 41MB/57MB, paused 1.205ms total 45.041ms
08-04 00:32:51.548 13560 21596 I art     : Starting a blocking GC Explicit
08-04 00:32:51.592 13560 21596 I art     : Explicit concurrent mark sweep GC freed 3(96B) AllocSpace objects, 0(0B) LOS objects, 28% free, 41MB/57MB, paused 1.147ms total 43.331ms
08-04 00:32:51.603 13560 21596 I art     : Starting a blocking GC Explicit
08-04 00:32:51.649 13560 21596 I art     : Explicit concurrent mark sweep GC freed 3(96B) AllocSpace objects, 0(0B) LOS objects, 28% free, 41MB/57MB, paused 1.194ms total 45.964ms
08-04 00:32:51.661 13560 21596 I art     : Starting a blocking GC Explicit
08-04 00:32:51.705 13560 21596 I art     : Explicit concurrent mark sweep GC freed 3(96B) AllocSpace objects, 0(0B) LOS objects, 28% free, 41MB/57MB, paused 1.119ms total 44.263ms
08-04 00:32:52.073 13560 13571 I art     : Starting a blocking GC Explicit
08-04 00:32:52.120 13560 13571 I art     : Explicit concurrent mark sweep GC freed 1445(83KB) AllocSpace objects, 1(20KB) LOS objects, 28% free, 41MB/57MB, paused 1.201ms total 45.819ms
08-04 00:32:52.131 13560 13571 I art     : Starting a blocking GC Explicit
08-04 00:32:52.175 13560 13571 I art     : Explicit concurrent mark sweep GC freed 22(784B) AllocSpace objects, 0(0B) LOS objects, 28% free, 41MB/57MB, paused 1.155ms total 43.668ms
08-04 00:32:52.186 13560 13571 I art     : Starting a blocking GC Explicit
08-04 00:32:52.232 13560 13571 I art     : Explicit concurrent mark sweep GC freed 3(96B) AllocSpace objects, 0(0B) LOS objects, 28% free, 41MB/57MB, paused 1.180ms total 45.030ms
08-04 00:32:52.244 13560 13571 I art     : Starting a blocking GC Explicit
08-04 00:32:52.289 13560 13571 I art     : Explicit concurrent mark sweep GC freed 3(96B) AllocSpace objects, 0(0B) LOS objects, 28% free, 41MB/57MB, paused 1.177ms total 45.541ms
08-04 00:32:52.301 13560 13571 I art     : Starting a blocking GC Explicit
08-04 00:32:52.347 13560 13571 I art     : Explicit concurrent mark sweep GC freed 3(96B) AllocSpace objects, 0(0B) LOS objects, 28% free, 41MB/57MB, paused 1.163ms total 45.052ms
08-04 00:32:52.717 13560 13572 I art     : Starting a blocking GC Explicit
08-04 00:32:52.765 13560 13572 I art     : Explicit concurrent mark sweep GC freed 1446(83KB) AllocSpace objects, 1(20KB) LOS objects, 28% free, 41MB/57MB, paused 1.193ms total 47.497ms
08-04 00:32:52.776 13560 13572 I art     : Starting a blocking GC Explicit
08-04 00:32:52.819 13560 13572 I art     : Explicit concurrent mark sweep GC freed 22(784B) AllocSpace objects, 0(0B) LOS objects, 28% free, 41MB/57MB, paused 1.183ms total 43.346ms
08-04 00:32:52.830 13560 13572 I art     : Starting a blocking GC Explicit
08-04 00:32:52.874 13560 13572 I art     : Explicit concurrent mark sweep GC freed 3(96B) AllocSpace objects, 0(0B) LOS objects, 28% free, 41MB/57MB, paused 1.102ms total 43.066ms
08-04 00:32:52.885 13560 13572 I art     : Starting a blocking GC Explicit
08-04 00:32:52.929 13560 13572 I art     : Explicit concurrent mark sweep GC freed 3(96B) AllocSpace objects, 0(0B) LOS objects, 28% free, 41MB/57MB, paused 1.196ms total 43.945ms
08-04 00:32:52.940 13560 13572 I art     : Starting a blocking GC Explicit
08-04 00:32:52.986 13560 13572 I art     : Explicit concurrent mark sweep GC freed 3(96B) AllocSpace objects, 0(0B) LOS objects, 28% free, 41MB/57MB, paused 1.173ms total 45.395ms
08-04 00:32:53.119   918  3261 D WifiStateMachine: starting scan for "H369AA63323"WPA_PSK with 2412,5180
08-04 00:32:53.331 13560 21229 I art     : Starting a blocking GC Explicit
08-04 00:32:53.380 13560 21229 I art     : Explicit concurrent mark sweep GC freed 1611(91KB) AllocSpace objects, 1(20KB) LOS objects, 28% free, 41MB/57MB, paused 1.205ms total 48.054ms
08-04 00:32:53.391 13560 21229 I art     : Starting a blocking GC Explicit
08-04 00:32:53.435 13560 21229 I art     : Explicit concurrent mark sweep GC freed 28(1040B) AllocSpace objects, 0(0B) LOS objects, 28% free, 41MB/57MB, paused 1.186ms total 44.232ms
08-04 00:32:53.446 13560 21229 I art     : Starting a blocking GC Explicit
08-04 00:32:53.492 13560 21229 I art     : Explicit concurrent mark sweep GC freed 3(96B) AllocSpace objects, 0(0B) LOS objects, 28% free, 41MB/57MB, paused 1.242ms total 45.514ms
08-04 00:32:53.503 13560 21229 I art     : Starting a blocking GC Explicit
08-04 00:32:53.549 13560 21229 I art     : Explicit concurrent mark sweep GC freed 600(24KB) AllocSpace objects, 0(0B) LOS objects, 28% free, 41MB/57MB, paused 1.453ms total 45.873ms
08-04 00:32:53.561 13560 21229 I art     : Starting a blocking GC Explicit
08-04 00:32:53.603 13560 21981 E baseline.com.newsblur.network.APIResponse: Error (unexpected end of stream on https://www.newsblur.com/...) calling https://www.newsblur.com/reader/mark_story_hashes_as_read/
08-04 00:32:53.603 13560 21981 E baseline.com.newsblur.network.APIResponse: java.io.IOException: unexpected end of stream on https://www.newsblur.com/...
08-04 00:32:53.603 13560 21981 E baseline.com.newsblur.network.APIResponse: 	at okhttp3.internal.http1.Http1ExchangeCodec.readResponseHeaders(Http1ExchangeCodec.java:236)
08-04 00:32:53.603 13560 21981 E baseline.com.newsblur.network.APIResponse: 	at okhttp3.internal.connection.Exchange.readResponseHeaders(Exchange.java:115)
08-04 00:32:53.603 13560 21981 E baseline.com.newsblur.network.APIResponse: 	at okhttp3.internal.http.CallServerInterceptor.intercept(CallServerInterceptor.java:94)
08-04 00:32:53.603 13560 21981 E baseline.com.newsblur.network.APIResponse: 	at okhttp3.internal.http.RealInterceptorChain.proceed(RealInterceptorChain.java:142)
08-04 00:32:53.603 13560 21981 E baseline.com.newsblur.network.APIResponse: 	at okhttp3.internal.connection.ConnectInterceptor.intercept(ConnectInterceptor.java:43)
08-04 00:32:53.603 13560 21981 E baseline.com.newsblur.network.APIResponse: 	at okhttp3.internal.http.RealInterceptorChain.proceed(RealInterceptorChain.java:142)
08-04 00:32:53.603 13560 21981 E baseline.com.newsblur.network.APIResponse: 	at okhttp3.internal.http.RealInterceptorChain.proceed(RealInterceptorChain.java:117)
08-04 00:32:53.603 13560 21981 E baseline.com.newsblur.network.APIResponse: 	at okhttp3.internal.cache.CacheInterceptor.intercept(CacheInterceptor.java:94)
08-04 00:32:53.603 13560 21981 E baseline.com.newsblur.network.APIResponse: 	at okhttp3.internal.http.RealInterceptorChain.proceed(RealInterceptorChain.java:142)
08-04 00:32:53.603 13560 21981 E baseline.com.newsblur.network.APIResponse: 	at okhttp3.internal.http.RealInterceptorChain.proceed(RealInterceptorChain.java:117)
08-04 00:32:53.603 13560 21981 E baseline.com.newsblur.network.APIResponse: 	at okhttp3.internal.http.BridgeInterceptor.intercept(BridgeInterceptor.java:93)
08-04 00:32:53.603 13560 21981 E baseline.com.newsblur.network.APIResponse: 	at okhttp3.internal.http.RealInterceptorChain.proceed(RealInterceptorChain.java:142)
08-04 00:32:53.603 13560 21981 E baseline.com.newsblur.network.APIResponse: 	at okhttp3.internal.http.RetryAndFollowUpInterceptor.intercept(RetryAndFollowUpInterceptor.java:88)
08-04 00:32:53.603 13560 21981 E baseline.com.newsblur.network.APIResponse: 	at okhttp3.internal.http.RealInterceptorChain.proceed(RealInterceptorChain.java:142)
08-04 00:32:53.603 13560 21981 E baseline.com.newsblur.network.APIResponse: 	at okhttp3.internal.http.RealInterceptorChain.proceed(RealInterceptorChain.java:117)
08-04 00:32:53.603 13560 21981 E baseline.com.newsblur.network.APIResponse: 	at okhttp3.RealCall.getResponseWithInterceptorChain(RealCall.java:229)
08-04 00:32:53.603 13560 21981 E baseline.com.newsblur.network.APIResponse: 	at okhttp3.RealCall.execute(RealCall.java:81)
08-04 00:32:53.603 13560 21981 E baseline.com.newsblur.network.APIResponse: 	at baseline.com.newsblur.network.APIResponse.<init>(APIResponse.java:57)
08-04 00:32:53.603 13560 21981 E baseline.com.newsblur.network.APIResponse: 	at baseline.com.newsblur.network.APIResponse.<init>(APIResponse.java:43)
08-04 00:32:53.603 13560 21981 E baseline.com.newsblur.network.APIResponse: 	at baseline.com.newsblur.network.APIManager.post_single(APIManager.java:702)
08-04 00:32:53.603 13560 21981 E baseline.com.newsblur.network.APIResponse: 	at baseline.com.newsblur.network.APIManager.post(APIManager.java:675)
08-04 00:32:53.603 13560 21981 E baseline.com.newsblur.network.APIResponse: 	at baseline.com.newsblur.network.APIManager.post(APIManager.java:714)
08-04 00:32:53.603 13560 21981 E baseline.com.newsblur.network.APIResponse: 	at baseline.com.newsblur.network.APIManager.markStoryAsRead(APIManager.java:205)
08-04 00:32:53.603 13560 21981 E baseline.com.newsblur.network.APIResponse: 	at baseline.com.newsblur.util.ReadingAction.doRemote(ReadingAction.java:281)
08-04 00:32:53.603 13560 21981 E baseline.com.newsblur.network.APIResponse: 	at baseline.com.newsblur.service.NBSyncService.syncActions(NBSyncService.java:400)
08-04 00:32:53.603 13560 21981 E baseline.com.newsblur.network.APIResponse: 	at baseline.com.newsblur.service.NBSyncService.doSync(NBSyncService.java:298)
08-04 00:32:53.603 13560 21981 E baseline.com.newsblur.network.APIResponse: 	at baseline.com.newsblur.service.NBSyncService.access$100(NBSyncService.java:67)
08-04 00:32:53.603 13560 21981 E baseline.com.newsblur.network.APIResponse: 	at baseline.com.newsblur.service.NBSyncService$1.run(NBSyncService.java:188)
08-04 00:32:53.603 13560 21981 E baseline.com.newsblur.network.APIResponse: 	at java.util.concurrent.ThreadPoolExecutor.runWorker(ThreadPoolExecutor.java:1113)
08-04 00:32:53.603 13560 21981 E baseline.com.newsblur.network.APIResponse: 	at java.util.concurrent.ThreadPoolExecutor$Worker.run(ThreadPoolExecutor.java:588)
08-04 00:32:53.603 13560 21981 E baseline.com.newsblur.network.APIResponse: 	at java.lang.Thread.run(Thread.java:818)
08-04 00:32:53.603 13560 21981 E baseline.com.newsblur.network.APIResponse: Caused by: java.io.EOFException: \n not found: limit=0 content=
08-04 00:32:53.603 13560 21981 E baseline.com.newsblur.network.APIResponse: 	at okio.RealBufferedSource.readUtf8LineStrict(RealBufferedSource.java:240)
08-04 00:32:53.603 13560 21981 E baseline.com.newsblur.network.APIResponse: 	at okhttp3.internal.http1.Http1ExchangeCodec.readHeaderLine(Http1ExchangeCodec.java:242)
08-04 00:32:53.603 13560 21981 E baseline.com.newsblur.network.APIResponse: 	at okhttp3.internal.http1.Http1ExchangeCodec.readResponseHeaders(Http1ExchangeCodec.java:213)
08-04 00:32:53.603 13560 21981 E baseline.com.newsblur.network.APIResponse: 	... 30 more
08-04 00:32:53.605 13560 21229 I art     : Explicit concurrent mark sweep GC freed 1324(109KB) AllocSpace objects, 0(0B) LOS objects, 28% free, 41MB/57MB, paused 1.301ms total 44.361ms
08-04 00:32:53.606 13560 21981 I baseline.com.newsblur.service.NBSyncService: Holding reading action with server-side or network error.
08-04 00:32:53.622 13560 21981 W baseline.com.newsblur.service.NBSyncService: hard API failure
08-04 00:32:53.949 17791 17791 I ServiceManager: Waiting for service AtCmdFwd...
08-04 00:32:53.993 13560 21596 I art     : Starting a blocking GC Explicit
08-04 00:32:54.042 13560 21596 I art     : Explicit concurrent mark sweep GC freed 2496(275KB) AllocSpace objects, 5(100KB) LOS objects, 28% free, 41MB/57MB, paused 1.240ms total 48.686ms
08-04 00:32:54.055 13560 21596 I art     : Starting a blocking GC Explicit
08-04 00:32:54.100 13560 21596 I art     : Explicit concurrent mark sweep GC freed 1722(67KB) AllocSpace objects, 0(0B) LOS objects, 28% free, 41MB/57MB, paused 1.230ms total 44.607ms
08-04 00:32:54.111 13560 21596 I art     : Starting a blocking GC Explicit
08-04 00:32:54.126 13560 21981 E baseline.com.newsblur.network.APIResponse: Error (unexpected end of stream on https://www.newsblur.com/...) calling https://www.newsblur.com/reader/mark_story_hashes_as_read/
08-04 00:32:54.126 13560 21981 E baseline.com.newsblur.network.APIResponse: java.io.IOException: unexpected end of stream on https://www.newsblur.com/...
08-04 00:32:54.126 13560 21981 E baseline.com.newsblur.network.APIResponse: 	at okhttp3.internal.http1.Http1ExchangeCodec.readResponseHeaders(Http1ExchangeCodec.java:236)
08-04 00:32:54.126 13560 21981 E baseline.com.newsblur.network.APIResponse: 	at okhttp3.internal.connection.Exchange.readResponseHeaders(Exchange.java:115)
08-04 00:32:54.126 13560 21981 E baseline.com.newsblur.network.APIResponse: 	at okhttp3.internal.http.CallServerInterceptor.intercept(CallServerInterceptor.java:94)
08-04 00:32:54.126 13560 21981 E baseline.com.newsblur.network.APIResponse: 	at okhttp3.internal.http.RealInterceptorChain.proceed(RealInterceptorChain.java:142)
08-04 00:32:54.126 13560 21981 E baseline.com.newsblur.network.APIResponse: 	at okhttp3.internal.connection.ConnectInterceptor.intercept(ConnectInterceptor.java:43)
08-04 00:32:54.126 13560 21981 E baseline.com.newsblur.network.APIResponse: 	at okhttp3.internal.http.RealInterceptorChain.proceed(RealInterceptorChain.java:142)
08-04 00:32:54.126 13560 21981 E baseline.com.newsblur.network.APIResponse: 	at okhttp3.internal.http.RealInterceptorChain.proceed(RealInterceptorChain.java:117)
08-04 00:32:54.126 13560 21981 E baseline.com.newsblur.network.APIResponse: 	at okhttp3.internal.cache.CacheInterceptor.intercept(CacheInterceptor.java:94)
08-04 00:32:54.126 13560 21981 E baseline.com.newsblur.network.APIResponse: 	at okhttp3.internal.http.RealInterceptorChain.proceed(RealInterceptorChain.java:142)
08-04 00:32:54.126 13560 21981 E baseline.com.newsblur.network.APIResponse: 	at okhttp3.internal.http.RealInterceptorChain.proceed(RealInterceptorChain.java:117)
08-04 00:32:54.126 13560 21981 E baseline.com.newsblur.network.APIResponse: 	at okhttp3.internal.http.BridgeInterceptor.intercept(BridgeInterceptor.java:93)
08-04 00:32:54.126 13560 21981 E baseline.com.newsblur.network.APIResponse: 	at okhttp3.internal.http.RealInterceptorChain.proceed(RealInterceptorChain.java:142)
08-04 00:32:54.126 13560 21981 E baseline.com.newsblur.network.APIResponse: 	at okhttp3.internal.http.RetryAndFollowUpInterceptor.intercept(RetryAndFollowUpInterceptor.java:88)
08-04 00:32:54.126 13560 21981 E baseline.com.newsblur.network.APIResponse: 	at okhttp3.internal.http.RealInterceptorChain.proceed(RealInterceptorChain.java:142)
08-04 00:32:54.126 13560 21981 E baseline.com.newsblur.network.APIResponse: 	at okhttp3.internal.http.RealInterceptorChain.proceed(RealInterceptorChain.java:117)
08-04 00:32:54.126 13560 21981 E baseline.com.newsblur.network.APIResponse: 	at okhttp3.RealCall.getResponseWithInterceptorChain(RealCall.java:229)
08-04 00:32:54.126 13560 21981 E baseline.com.newsblur.network.APIResponse: 	at okhttp3.RealCall.execute(RealCall.java:81)
08-04 00:32:54.126 13560 21981 E baseline.com.newsblur.network.APIResponse: 	at baseline.com.newsblur.network.APIResponse.<init>(APIResponse.java:57)
08-04 00:32:54.126 13560 21981 E baseline.com.newsblur.network.APIResponse: 	at baseline.com.newsblur.network.APIResponse.<init>(APIResponse.java:43)
08-04 00:32:54.126 13560 21981 E baseline.com.newsblur.network.APIResponse: 	at baseline.com.newsblur.network.APIManager.post_single(APIManager.java:702)
08-04 00:32:54.126 13560 21981 E baseline.com.newsblur.network.APIResponse: 	at baseline.com.newsblur.network.APIManager.post(APIManager.java:675)
08-04 00:32:54.126 13560 21981 E baseline.com.newsblur.network.APIResponse: 	at baseline.com.newsblur.network.APIManager.post(APIManager.java:714)
08-04 00:32:54.126 13560 21981 E baseline.com.newsblur.network.APIResponse: 	at baseline.com.newsblur.network.APIManager.markStoryAsRead(APIManager.java:205)
08-04 00:32:54.126 13560 21981 E baseline.com.newsblur.network.APIResponse: 	at baseline.com.newsblur.util.ReadingAction.doRemote(ReadingAction.java:281)
08-04 00:32:54.126 13560 21981 E baseline.com.newsblur.network.APIResponse: 	at baseline.com.newsblur.service.NBSyncService.syncActions(NBSyncService.java:400)
08-04 00:32:54.126 13560 21981 E baseline.com.newsblur.network.APIResponse: 	at baseline.com.newsblur.service.NBSyncService.doSync(NBSyncService.java:298)
08-04 00:32:54.126 13560 21981 E baseline.com.newsblur.network.APIResponse: 	at baseline.com.newsblur.service.NBSyncService.access$100(NBSyncService.java:67)
08-04 00:32:54.126 13560 21981 E baseline.com.newsblur.network.APIResponse: 	at baseline.com.newsblur.service.NBSyncService$1.run(NBSyncService.java:188)
08-04 00:32:54.126 13560 21981 E baseline.com.newsblur.network.APIResponse: 	at java.util.concurrent.ThreadPoolExecutor.runWorker(ThreadPoolExecutor.java:1113)
08-04 00:32:54.126 13560 21981 E baseline.com.newsblur.network.APIResponse: 	at java.util.concurrent.ThreadPoolExecutor$Worker.run(ThreadPoolExecutor.java:588)
08-04 00:32:54.126 13560 21981 E baseline.com.newsblur.network.APIResponse: 	at java.lang.Thread.run(Thread.java:818)
08-04 00:32:54.126 13560 21981 E baseline.com.newsblur.network.APIResponse: Caused by: java.io.EOFException: \n not found: limit=0 content=
08-04 00:32:54.126 13560 21981 E baseline.com.newsblur.network.APIResponse: 	at okio.RealBufferedSource.readUtf8LineStrict(RealBufferedSource.java:240)
08-04 00:32:54.126 13560 21981 E baseline.com.newsblur.network.APIResponse: 	at okhttp3.internal.http1.Http1ExchangeCodec.readHeaderLine(Http1ExchangeCodec.java:242)
08-04 00:32:54.126 13560 21981 E baseline.com.newsblur.network.APIResponse: 	at okhttp3.internal.http1.Http1ExchangeCodec.readResponseHeaders(Http1ExchangeCodec.java:213)
08-04 00:32:54.126 13560 21981 E baseline.com.newsblur.network.APIResponse: 	... 30 more
08-04 00:32:54.128 13560 21981 I baseline.com.newsblur.network.APIManager: API call failed, pausing before retry number 1
08-04 00:32:54.154 13560 21596 I art     : Explicit concurrent mark sweep GC freed 850(197KB) AllocSpace objects, 2(40KB) LOS objects, 28% free, 41MB/57MB, paused 1.171ms total 43.509ms
08-04 00:32:54.165 13560 21596 I art     : Starting a blocking GC Explicit
08-04 00:32:54.210 13560 21596 I art     : Explicit concurrent mark sweep GC freed 103(15KB) AllocSpace objects, 0(0B) LOS objects, 28% free, 41MB/57MB, paused 1.347ms total 44.157ms
08-04 00:32:54.221 13560 21596 I art     : Starting a blocking GC Explicit
08-04 00:32:54.267 13560 21596 I art     : Explicit concurrent mark sweep GC freed 25(832B) AllocSpace objects, 0(0B) LOS objects, 28% free, 41MB/57MB, paused 1.261ms total 45.501ms
08-04 00:32:54.647 13560 13571 I art     : Starting a blocking GC Explicit
08-04 00:32:54.694 13560 13571 I art     : Explicit concurrent mark sweep GC freed 1443(83KB) AllocSpace objects, 1(20KB) LOS objects, 28% free, 41MB/57MB, paused 1.166ms total 46.919ms
08-04 00:32:54.705 13560 13571 I art     : Starting a blocking GC Explicit
08-04 00:32:54.749 13560 13571 I art     : Explicit concurrent mark sweep GC freed 22(784B) AllocSpace objects, 0(0B) LOS objects, 28% free, 41MB/57MB, paused 1.158ms total 43.819ms
08-04 00:32:54.760 13560 13571 I art     : Starting a blocking GC Explicit
08-04 00:32:54.806 13560 13571 I art     : Explicit concurrent mark sweep GC freed 3(96B) AllocSpace objects, 0(0B) LOS objects, 28% free, 41MB/57MB, paused 1.214ms total 45.283ms
08-04 00:32:54.818 13560 13571 I art     : Starting a blocking GC Explicit
08-04 00:32:54.864 13560 13571 I art     : Explicit concurrent mark sweep GC freed 3(96B) AllocSpace objects, 0(0B) LOS objects, 28% free, 41MB/57MB, paused 1.168ms total 45.462ms
08-04 00:32:54.876 13560 13571 I art     : Starting a blocking GC Explicit
08-04 00:32:54.921 13560 13571 I art     : Explicit concurrent mark sweep GC freed 3(96B) AllocSpace objects, 0(0B) LOS objects, 28% free, 41MB/57MB, paused 1.186ms total 45.122ms
08-04 00:32:54.950 17791 17791 I ServiceManager: Waiting for service AtCmdFwd...
08-04 00:32:55.278 13560 13572 I art     : Starting a blocking GC Explicit
08-04 00:32:55.326 13560 13572 I art     : Explicit concurrent mark sweep GC freed 1443(83KB) AllocSpace objects, 1(20KB) LOS objects, 28% free, 41MB/57MB, paused 1.175ms total 46.913ms
08-04 00:32:55.341 13560 13572 I art     : Starting a blocking GC Explicit
08-04 00:32:55.383 13560 13572 I art     : Explicit concurrent mark sweep GC freed 22(784B) AllocSpace objects, 0(0B) LOS objects, 28% free, 41MB/57MB, paused 1.183ms total 41.565ms
08-04 00:32:55.393 13560 13572 I art     : Starting a blocking GC Explicit
08-04 00:32:55.436 13560 13572 I art     : Explicit concurrent mark sweep GC freed 3(96B) AllocSpace objects, 0(0B) LOS objects, 28% free, 41MB/57MB, paused 1.144ms total 42.473ms
08-04 00:32:55.448 13560 13572 I art     : Starting a blocking GC Explicit
08-04 00:32:55.491 13560 13572 I art     : Explicit concurrent mark sweep GC freed 3(96B) AllocSpace objects, 0(0B) LOS objects, 28% free, 41MB/57MB, paused 1.157ms total 43.636ms
08-04 00:32:55.502 13560 13572 I art     : Starting a blocking GC Explicit
08-04 00:32:55.546 13560 13572 I art     : Explicit concurrent mark sweep GC freed 3(96B) AllocSpace objects, 0(0B) LOS objects, 28% free, 41MB/57MB, paused 1.168ms total 43.199ms
08-04 00:32:55.902 13560 21229 I art     : Starting a blocking GC Explicit
08-04 00:32:55.950 13560 21229 I art     : Explicit concurrent mark sweep GC freed 1608(91KB) AllocSpace objects, 1(20KB) LOS objects, 28% free, 41MB/57MB, paused 1.243ms total 47.262ms
08-04 00:32:55.951 17791 17791 I ServiceManager: Waiting for service AtCmdFwd...
08-04 00:32:55.965 13560 21229 I art     : Starting a blocking GC Explicit
08-04 00:32:56.007 13560 21229 I art     : Explicit concurrent mark sweep GC freed 28(1040B) AllocSpace objects, 0(0B) LOS objects, 28% free, 41MB/57MB, paused 1.147ms total 41.792ms
08-04 00:32:56.017 13560 21229 I art     : Starting a blocking GC Explicit
08-04 00:32:56.060 13560 21229 I art     : Explicit concurrent mark sweep GC freed 3(96B) AllocSpace objects, 0(0B) LOS objects, 28% free, 41MB/57MB, paused 1.123ms total 42.645ms
08-04 00:32:56.071 13560 21229 I art     : Starting a blocking GC Explicit
08-04 00:32:56.115 13560 21229 I art     : Explicit concurrent mark sweep GC freed 908(38KB) AllocSpace objects, 0(0B) LOS objects, 28% free, 41MB/57MB, paused 1.411ms total 43.225ms
08-04 00:32:56.126 13560 21229 I art     : Starting a blocking GC Explicit
08-04 00:32:56.165 13560 21981 E baseline.com.newsblur.network.APIResponse: Error (unexpected end of stream on https://www.newsblur.com/...) calling https://www.newsblur.com/reader/mark_story_hashes_as_read/
08-04 00:32:56.165 13560 21981 E baseline.com.newsblur.network.APIResponse: java.io.IOException: unexpected end of stream on https://www.newsblur.com/...
08-04 00:32:56.165 13560 21981 E baseline.com.newsblur.network.APIResponse: 	at okhttp3.internal.http1.Http1ExchangeCodec.readResponseHeaders(Http1ExchangeCodec.java:236)
08-04 00:32:56.165 13560 21981 E baseline.com.newsblur.network.APIResponse: 	at okhttp3.internal.connection.Exchange.readResponseHeaders(Exchange.java:115)
08-04 00:32:56.165 13560 21981 E baseline.com.newsblur.network.APIResponse: 	at okhttp3.internal.http.CallServerInterceptor.intercept(CallServerInterceptor.java:94)
08-04 00:32:56.165 13560 21981 E baseline.com.newsblur.network.APIResponse: 	at okhttp3.internal.http.RealInterceptorChain.proceed(RealInterceptorChain.java:142)
08-04 00:32:56.165 13560 21981 E baseline.com.newsblur.network.APIResponse: 	at okhttp3.internal.connection.ConnectInterceptor.intercept(ConnectInterceptor.java:43)
08-04 00:32:56.165 13560 21981 E baseline.com.newsblur.network.APIResponse: 	at okhttp3.internal.http.RealInterceptorChain.proceed(RealInterceptorChain.java:142)
08-04 00:32:56.165 13560 21981 E baseline.com.newsblur.network.APIResponse: 	at okhttp3.internal.http.RealInterceptorChain.proceed(RealInterceptorChain.java:117)
08-04 00:32:56.165 13560 21981 E baseline.com.newsblur.network.APIResponse: 	at okhttp3.internal.cache.CacheInterceptor.intercept(CacheInterceptor.java:94)
08-04 00:32:56.165 13560 21981 E baseline.com.newsblur.network.APIResponse: 	at okhttp3.internal.http.RealInterceptorChain.proceed(RealInterceptorChain.java:142)
08-04 00:32:56.165 13560 21981 E baseline.com.newsblur.network.APIResponse: 	at okhttp3.internal.http.RealInterceptorChain.proceed(RealInterceptorChain.java:117)
08-04 00:32:56.165 13560 21981 E baseline.com.newsblur.network.APIResponse: 	at okhttp3.internal.http.BridgeInterceptor.intercept(BridgeInterceptor.java:93)
08-04 00:32:56.165 13560 21981 E baseline.com.newsblur.network.APIResponse: 	at okhttp3.internal.http.RealInterceptorChain.proceed(RealInterceptorChain.java:142)
08-04 00:32:56.165 13560 21981 E baseline.com.newsblur.network.APIResponse: 	at okhttp3.internal.http.RetryAndFollowUpInterceptor.intercept(RetryAndFollowUpInterceptor.java:88)
08-04 00:32:56.165 13560 21981 E baseline.com.newsblur.network.APIResponse: 	at okhttp3.internal.http.RealInterceptorChain.proceed(RealInterceptorChain.java:142)
08-04 00:32:56.165 13560 21981 E baseline.com.newsblur.network.APIResponse: 	at okhttp3.internal.http.RealInterceptorChain.proceed(RealInterceptorChain.java:117)
08-04 00:32:56.165 13560 21981 E baseline.com.newsblur.network.APIResponse: 	at okhttp3.RealCall.getResponseWithInterceptorChain(RealCall.java:229)
08-04 00:32:56.165 13560 21981 E baseline.com.newsblur.network.APIResponse: 	at okhttp3.RealCall.execute(RealCall.java:81)
08-04 00:32:56.165 13560 21981 E baseline.com.newsblur.network.APIResponse: 	at baseline.com.newsblur.network.APIResponse.<init>(APIResponse.java:57)
08-04 00:32:56.165 13560 21981 E baseline.com.newsblur.network.APIResponse: 	at baseline.com.newsblur.network.APIResponse.<init>(APIResponse.java:43)
08-04 00:32:56.165 13560 21981 E baseline.com.newsblur.network.APIResponse: 	at baseline.com.newsblur.network.APIManager.post_single(APIManager.java:702)
08-04 00:32:56.165 13560 21981 E baseline.com.newsblur.network.APIResponse: 	at baseline.com.newsblur.network.APIManager.post(APIManager.java:675)
08-04 00:32:56.165 13560 21981 E baseline.com.newsblur.network.APIResponse: 	at baseline.com.newsblur.network.APIManager.post(APIManager.java:714)
08-04 00:32:56.165 13560 21981 E baseline.com.newsblur.network.APIResponse: 	at baseline.com.newsblur.network.APIManager.markStoryAsRead(APIManager.java:205)
08-04 00:32:56.165 13560 21981 E baseline.com.newsblur.network.APIResponse: 	at baseline.com.newsblur.util.ReadingAction.doRemote(ReadingAction.java:281)
08-04 00:32:56.165 13560 21981 E baseline.com.newsblur.network.APIResponse: 	at baseline.com.newsblur.service.NBSyncService.syncActions(NBSyncService.java:400)
08-04 00:32:56.165 13560 21981 E baseline.com.newsblur.network.APIResponse: 	at baseline.com.newsblur.service.NBSyncService.doSync(NBSyncService.java:298)
08-04 00:32:56.165 13560 21981 E baseline.com.newsblur.network.APIResponse: 	at baseline.com.newsblur.service.NBSyncService.access$100(NBSyncService.java:67)
08-04 00:32:56.165 13560 21981 E baseline.com.newsblur.network.APIResponse: 	at baseline.com.newsblur.service.NBSyncService$1.run(NBSyncService.java:188)
08-04 00:32:56.165 13560 21981 E baseline.com.newsblur.network.APIResponse: 	at java.util.concurrent.ThreadPoolExecutor.runWorker(ThreadPoolExecutor.java:1113)
08-04 00:32:56.165 13560 21981 E baseline.com.newsblur.network.APIResponse: 	at java.util.concurrent.ThreadPoolExecutor$Worker.run(ThreadPoolExecutor.java:588)
08-04 00:32:56.165 13560 21981 E baseline.com.newsblur.network.APIResponse: 	at java.lang.Thread.run(Thread.java:818)
08-04 00:32:56.165 13560 21981 E baseline.com.newsblur.network.APIResponse: Caused by: java.io.EOFException: \n not found: limit=0 content=
08-04 00:32:56.165 13560 21981 E baseline.com.newsblur.network.APIResponse: 	at okio.RealBufferedSource.readUtf8LineStrict(RealBufferedSource.java:240)
08-04 00:32:56.165 13560 21981 E baseline.com.newsblur.network.APIResponse: 	at okhttp3.internal.http1.Http1ExchangeCodec.readHeaderLine(Http1ExchangeCodec.java:242)
08-04 00:32:56.165 13560 21981 E baseline.com.newsblur.network.APIResponse: 	at okhttp3.internal.http1.Http1ExchangeCodec.readResponseHeaders(Http1ExchangeCodec.java:213)
08-04 00:32:56.165 13560 21981 E baseline.com.newsblur.network.APIResponse: 	... 30 more
08-04 00:32:56.166 13560 21981 I baseline.com.newsblur.network.APIManager: API call failed, pausing before retry number 2
08-04 00:32:56.169 13560 21229 I art     : Explicit concurrent mark sweep GC freed 1205(151KB) AllocSpace objects, 0(0B) LOS objects, 28% free, 41MB/57MB, paused 1.312ms total 43.131ms
08-04 00:32:56.522 13560 21596 I art     : Starting a blocking GC Explicit
08-04 00:32:56.569 13560 21596 I art     : Explicit concurrent mark sweep GC freed 1905(169KB) AllocSpace objects, 3(60KB) LOS objects, 28% free, 41MB/57MB, paused 1.211ms total 47.033ms
08-04 00:32:56.580 13560 21596 I art     : Starting a blocking GC Explicit
08-04 00:32:56.625 13560 21596 I art     : Explicit concurrent mark sweep GC freed 62(2304B) AllocSpace objects, 0(0B) LOS objects, 28% free, 41MB/57MB, paused 1.141ms total 44.464ms
08-04 00:32:56.636 13560 21596 I art     : Starting a blocking GC Explicit
08-04 00:32:56.680 13560 21596 I art     : Explicit concurrent mark sweep GC freed 628(33KB) AllocSpace objects, 0(0B) LOS objects, 28% free, 41MB/57MB, paused 1.362ms total 43.839ms
08-04 00:32:56.692 13560 21596 I art     : Starting a blocking GC Explicit
08-04 00:32:56.736 13560 21596 I art     : Explicit concurrent mark sweep GC freed 445(18KB) AllocSpace objects, 0(0B) LOS objects, 28% free, 41MB/57MB, paused 1.171ms total 44.057ms
08-04 00:32:56.747 13560 21596 I art     : Starting a blocking GC Explicit
08-04 00:32:56.791 13560 21596 I art     : Explicit concurrent mark sweep GC freed 810(63KB) AllocSpace objects, 0(0B) LOS objects, 28% free, 40MB/56MB, paused 1.171ms total 44.128ms
08-04 00:32:56.952 17791 17791 I ServiceManager: Waiting for service AtCmdFwd...
08-04 00:32:57.156 13560 13571 I art     : Starting a blocking GC Explicit
08-04 00:32:57.204 13560 13571 I art     : Explicit concurrent mark sweep GC freed 5730(261KB) AllocSpace objects, 1(20KB) LOS objects, 28% free, 41MB/57MB, paused 1.172ms total 48.081ms
08-04 00:32:57.215 13560 13571 I art     : Starting a blocking GC Explicit
08-04 00:32:57.257 13560 13571 I art     : Explicit concurrent mark sweep GC freed 428(41KB) AllocSpace objects, 0(0B) LOS objects, 28% free, 41MB/57MB, paused 1.157ms total 41.952ms
08-04 00:32:57.268 13560 13571 I art     : Starting a blocking GC Explicit
08-04 00:32:57.310 13560 13571 I art     : Explicit concurrent mark sweep GC freed 49(1616B) AllocSpace objects, 0(0B) LOS objects, 28% free, 41MB/57MB, paused 1.100ms total 42.683ms
08-04 00:32:57.322 13560 13571 I art     : Starting a blocking GC Explicit
08-04 00:32:57.365 13560 13571 I art     : Explicit concurrent mark sweep GC freed 3(96B) AllocSpace objects, 0(0B) LOS objects, 28% free, 41MB/57MB, paused 1.124ms total 42.544ms
08-04 00:32:57.376 13560 13571 I art     : Starting a blocking GC Explicit
08-04 00:32:57.420 13560 13571 I art     : Explicit concurrent mark sweep GC freed 3(96B) AllocSpace objects, 0(0B) LOS objects, 28% free, 41MB/57MB, paused 1.147ms total 43.127ms
08-04 00:32:57.764 13560 13572 I art     : Starting a blocking GC Explicit
08-04 00:32:57.811 13560 13572 I art     : Explicit concurrent mark sweep GC freed 3418(174KB) AllocSpace objects, 1(20KB) LOS objects, 28% free, 40MB/56MB, paused 1.147ms total 46.899ms
08-04 00:32:57.825 13560 13572 I art     : Starting a blocking GC Explicit
08-04 00:32:57.867 13560 13572 I art     : Explicit concurrent mark sweep GC freed 102(3KB) AllocSpace objects, 0(0B) LOS objects, 28% free, 40MB/56MB, paused 1.154ms total 41.783ms
08-04 00:32:57.878 13560 13572 I art     : Starting a blocking GC Explicit
08-04 00:32:57.920 13560 13572 I art     : Explicit concurrent mark sweep GC freed 3(96B) AllocSpace objects, 0(0B) LOS objects, 28% free, 40MB/56MB, paused 1.132ms total 42.383ms
08-04 00:32:57.931 13560 13572 I art     : Starting a blocking GC Explicit
08-04 00:32:57.953 17791 17791 I ServiceManager: Waiting for service AtCmdFwd...
08-04 00:32:57.974 13560 13572 I art     : Explicit concurrent mark sweep GC freed 3(96B) AllocSpace objects, 0(0B) LOS objects, 28% free, 40MB/56MB, paused 1.121ms total 42.619ms
08-04 00:32:57.985 13560 13572 I art     : Starting a blocking GC Explicit
08-04 00:32:58.028 13560 13572 I art     : Explicit concurrent mark sweep GC freed 3(96B) AllocSpace objects, 0(0B) LOS objects, 28% free, 40MB/56MB, paused 1.191ms total 43.053ms
08-04 00:32:58.413 13560 21229 I art     : Starting a blocking GC Explicit
08-04 00:32:58.460 13560 21229 I art     : Explicit concurrent mark sweep GC freed 1443(83KB) AllocSpace objects, 1(20KB) LOS objects, 28% free, 40MB/56MB, paused 1.162ms total 46.362ms
08-04 00:32:58.474 13560 21229 I art     : Starting a blocking GC Explicit
08-04 00:32:58.516 13560 21229 I art     : Explicit concurrent mark sweep GC freed 22(784B) AllocSpace objects, 0(0B) LOS objects, 28% free, 40MB/56MB, paused 1.123ms total 41.777ms
08-04 00:32:58.527 13560 21229 I art     : Starting a blocking GC Explicit
08-04 00:32:58.569 13560 21229 I art     : Explicit concurrent mark sweep GC freed 3(96B) AllocSpace objects, 0(0B) LOS objects, 28% free, 40MB/56MB, paused 1.226ms total 42.292ms
08-04 00:32:58.580 13560 21229 I art     : Starting a blocking GC Explicit
08-04 00:32:58.624 13560 21229 I art     : Explicit concurrent mark sweep GC freed 3(96B) AllocSpace objects, 0(0B) LOS objects, 28% free, 40MB/56MB, paused 1.117ms total 43.269ms
08-04 00:32:58.635 13560 21229 I art     : Starting a blocking GC Explicit
08-04 00:32:58.678 13560 21229 I art     : Explicit concurrent mark sweep GC freed 3(96B) AllocSpace objects, 0(0B) LOS objects, 28% free, 40MB/56MB, paused 1.225ms total 43.088ms
08-04 00:32:58.953 17791 17791 W Atfwd_Sendcmd: AtCmdFwd service not published, waiting... retryCnt : 4
08-04 00:32:59.047 13560 13571 I art     : Starting a blocking GC Explicit
08-04 00:32:59.093 13560 13571 I art     : Explicit concurrent mark sweep GC freed 1443(83KB) AllocSpace objects, 1(20KB) LOS objects, 28% free, 40MB/56MB, paused 1.218ms total 45.383ms
08-04 00:32:59.105 13560 13571 I art     : Starting a blocking GC Explicit
08-04 00:32:59.148 13560 13571 I art     : Explicit concurrent mark sweep GC freed 22(784B) AllocSpace objects, 0(0B) LOS objects, 28% free, 40MB/56MB, paused 1.169ms total 42.678ms
08-04 00:32:59.159 13560 13571 I art     : Starting a blocking GC Explicit
08-04 00:32:59.204 13560 13571 I art     : Explicit concurrent mark sweep GC freed 94(3KB) AllocSpace objects, 0(0B) LOS objects, 28% free, 40MB/56MB, paused 1.224ms total 44.810ms
08-04 00:32:59.216 13560 13571 I art     : Starting a blocking GC Explicit
08-04 00:32:59.261 13560 13571 I art     : Explicit concurrent mark sweep GC freed 9(352B) AllocSpace objects, 0(0B) LOS objects, 28% free, 40MB/56MB, paused 1.216ms total 44.822ms
08-04 00:32:59.273 13560 13571 I art     : Starting a blocking GC Explicit
08-04 00:32:59.318 13560 13571 I art     : Explicit concurrent mark sweep GC freed 71(5KB) AllocSpace objects, 0(0B) LOS objects, 28% free, 40MB/56MB, paused 1.291ms total 44.818ms
08-04 00:32:59.671 13560 13572 I art     : Starting a blocking GC Explicit
08-04 00:32:59.716 13560 13572 I art     : Explicit concurrent mark sweep GC freed 3043(145KB) AllocSpace objects, 1(20KB) LOS objects, 28% free, 41MB/57MB, paused 1.194ms total 44.400ms
08-04 00:32:59.727 13560 13572 I art     : Starting a blocking GC Explicit
08-04 00:32:59.756 13560 21981 E baseline.com.newsblur.network.APIResponse: Error (unexpected end of stream on https://www.newsblur.com/...) calling https://www.newsblur.com/reader/mark_story_hashes_as_read/
08-04 00:32:59.756 13560 21981 E baseline.com.newsblur.network.APIResponse: java.io.IOException: unexpected end of stream on https://www.newsblur.com/...
08-04 00:32:59.756 13560 21981 E baseline.com.newsblur.network.APIResponse: 	at okhttp3.internal.http1.Http1ExchangeCodec.readResponseHeaders(Http1ExchangeCodec.java:236)
08-04 00:32:59.756 13560 21981 E baseline.com.newsblur.network.APIResponse: 	at okhttp3.internal.connection.Exchange.readResponseHeaders(Exchange.java:115)
08-04 00:32:59.756 13560 21981 E baseline.com.newsblur.network.APIResponse: 	at okhttp3.internal.http.CallServerInterceptor.intercept(CallServerInterceptor.java:94)
08-04 00:32:59.756 13560 21981 E baseline.com.newsblur.network.APIResponse: 	at okhttp3.internal.http.RealInterceptorChain.proceed(RealInterceptorChain.java:142)
08-04 00:32:59.756 13560 21981 E baseline.com.newsblur.network.APIResponse: 	at okhttp3.internal.connection.ConnectInterceptor.intercept(ConnectInterceptor.java:43)
08-04 00:32:59.756 13560 21981 E baseline.com.newsblur.network.APIResponse: 	at okhttp3.internal.http.RealInterceptorChain.proceed(RealInterceptorChain.java:142)
08-04 00:32:59.756 13560 21981 E baseline.com.newsblur.network.APIResponse: 	at okhttp3.internal.http.RealInterceptorChain.proceed(RealInterceptorChain.java:117)
08-04 00:32:59.756 13560 21981 E baseline.com.newsblur.network.APIResponse: 	at okhttp3.internal.cache.CacheInterceptor.intercept(CacheInterceptor.java:94)
08-04 00:32:59.756 13560 21981 E baseline.com.newsblur.network.APIResponse: 	at okhttp3.internal.http.RealInterceptorChain.proceed(RealInterceptorChain.java:142)
08-04 00:32:59.756 13560 21981 E baseline.com.newsblur.network.APIResponse: 	at okhttp3.internal.http.RealInterceptorChain.proceed(RealInterceptorChain.java:117)
08-04 00:32:59.756 13560 21981 E baseline.com.newsblur.network.APIResponse: 	at okhttp3.internal.http.BridgeInterceptor.intercept(BridgeInterceptor.java:93)
08-04 00:32:59.756 13560 21981 E baseline.com.newsblur.network.APIResponse: 	at okhttp3.internal.http.RealInterceptorChain.proceed(RealInterceptorChain.java:142)
08-04 00:32:59.756 13560 21981 E baseline.com.newsblur.network.APIResponse: 	at okhttp3.internal.http.RetryAndFollowUpInterceptor.intercept(RetryAndFollowUpInterceptor.java:88)
08-04 00:32:59.756 13560 21981 E baseline.com.newsblur.network.APIResponse: 	at okhttp3.internal.http.RealInterceptorChain.proceed(RealInterceptorChain.java:142)
08-04 00:32:59.756 13560 21981 E baseline.com.newsblur.network.APIResponse: 	at okhttp3.internal.http.RealInterceptorChain.proceed(RealInterceptorChain.java:117)
08-04 00:32:59.756 13560 21981 E baseline.com.newsblur.network.APIResponse: 	at okhttp3.RealCall.getResponseWithInterceptorChain(RealCall.java:229)
08-04 00:32:59.756 13560 21981 E baseline.com.newsblur.network.APIResponse: 	at okhttp3.RealCall.execute(RealCall.java:81)
08-04 00:32:59.756 13560 21981 E baseline.com.newsblur.network.APIResponse: 	at baseline.com.newsblur.network.APIResponse.<init>(APIResponse.java:57)
08-04 00:32:59.756 13560 21981 E baseline.com.newsblur.network.APIResponse: 	at baseline.com.newsblur.network.APIResponse.<init>(APIResponse.java:43)
08-04 00:32:59.756 13560 21981 E baseline.com.newsblur.network.APIResponse: 	at baseline.com.newsblur.network.APIManager.post_single(APIManager.java:702)
08-04 00:32:59.756 13560 21981 E baseline.com.newsblur.network.APIResponse: 	at baseline.com.newsblur.network.APIManager.post(APIManager.java:675)
08-04 00:32:59.756 13560 21981 E baseline.com.newsblur.network.APIResponse: 	at baseline.com.newsblur.network.APIManager.post(APIManager.java:714)
08-04 00:32:59.756 13560 21981 E baseline.com.newsblur.network.APIResponse: 	at baseline.com.newsblur.network.APIManager.markStoryAsRead(APIManager.java:205)
08-04 00:32:59.756 13560 21981 E baseline.com.newsblur.network.APIResponse: 	at baseline.com.newsblur.util.ReadingAction.doRemote(ReadingAction.java:281)
08-04 00:32:59.756 13560 21981 E baseline.com.newsblur.network.APIResponse: 	at baseline.com.newsblur.service.NBSyncService.syncActions(NBSyncService.java:400)
08-04 00:32:59.756 13560 21981 E baseline.com.newsblur.network.APIResponse: 	at baseline.com.newsblur.service.NBSyncService.doSync(NBSyncService.java:298)
08-04 00:32:59.756 13560 21981 E baseline.com.newsblur.network.APIResponse: 	at baseline.com.newsblur.service.NBSyncService.access$100(NBSyncService.java:67)
08-04 00:32:59.756 13560 21981 E baseline.com.newsblur.network.APIResponse: 	at baseline.com.newsblur.service.NBSyncService$1.run(NBSyncService.java:188)
08-04 00:32:59.756 13560 21981 E baseline.com.newsblur.network.APIResponse: 	at java.util.concurrent.ThreadPoolExecutor.runWorker(ThreadPoolExecutor.java:1113)
08-04 00:32:59.756 13560 21981 E baseline.com.newsblur.network.APIResponse: 	at java.util.concurrent.ThreadPoolExecutor$Worker.run(ThreadPoolExecutor.java:588)
08-04 00:32:59.756 13560 21981 E baseline.com.newsblur.network.APIResponse: 	at java.lang.Thread.run(Thread.java:818)
08-04 00:32:59.756 13560 21981 E baseline.com.newsblur.network.APIResponse: Caused by: java.io.EOFException: \n not found: limit=0 content=
08-04 00:32:59.756 13560 21981 E baseline.com.newsblur.network.APIResponse: 	at okio.RealBufferedSource.readUtf8LineStrict(RealBufferedSource.java:240)
08-04 00:32:59.756 13560 21981 E baseline.com.newsblur.network.APIResponse: 	at okhttp3.internal.http1.Http1ExchangeCodec.readHeaderLine(Http1ExchangeCodec.java:242)
08-04 00:32:59.756 13560 21981 E baseline.com.newsblur.network.APIResponse: 	at okhttp3.internal.http1.Http1ExchangeCodec.readResponseHeaders(Http1ExchangeCodec.java:213)
08-04 00:32:59.756 13560 21981 E baseline.com.newsblur.network.APIResponse: 	... 30 more
08-04 00:32:59.758 13560 21981 I baseline.com.newsblur.service.NBSyncService: Holding reading action with server-side or network error.
08-04 00:32:59.769 13560 13572 I art     : Explicit concurrent mark sweep GC freed 898(198KB) AllocSpace objects, 2(40KB) LOS objects, 28% free, 41MB/57MB, paused 1.121ms total 41.782ms
08-04 00:32:59.778 13560 21981 W baseline.com.newsblur.service.NBSyncService: hard API failure
08-04 00:32:59.779 13560 13572 I art     : Starting a blocking GC Explicit
08-04 00:32:59.823 13560 13572 I art     : Explicit concurrent mark sweep GC freed 512(65KB) AllocSpace objects, 2(40KB) LOS objects, 28% free, 41MB/57MB, paused 1.199ms total 43.149ms
08-04 00:32:59.834 13560 13572 I art     : Starting a blocking GC Explicit
08-04 00:32:59.877 13560 13572 I art     : Explicit concurrent mark sweep GC freed 50(2240B) AllocSpace objects, 0(0B) LOS objects, 28% free, 40MB/56MB, paused 1.077ms total 42.935ms
08-04 00:32:59.888 13560 13572 I art     : Starting a blocking GC Explicit
08-04 00:32:59.931 13560 13572 I art     : Explicit concurrent mark sweep GC freed 6(192B) AllocSpace objects, 0(0B) LOS objects, 28% free, 40MB/56MB, paused 1.132ms total 43.015ms
08-04 00:33:00.242 13560 21981 E baseline.com.newsblur.network.APIResponse: Error (unexpected end of stream on https://www.newsblur.com/...) calling https://www.newsblur.com/reader/mark_story_hashes_as_read/
08-04 00:33:00.242 13560 21981 E baseline.com.newsblur.network.APIResponse: java.io.IOException: unexpected end of stream on https://www.newsblur.com/...
08-04 00:33:00.242 13560 21981 E baseline.com.newsblur.network.APIResponse: 	at okhttp3.internal.http1.Http1ExchangeCodec.readResponseHeaders(Http1ExchangeCodec.java:236)
08-04 00:33:00.242 13560 21981 E baseline.com.newsblur.network.APIResponse: 	at okhttp3.internal.connection.Exchange.readResponseHeaders(Exchange.java:115)
08-04 00:33:00.242 13560 21981 E baseline.com.newsblur.network.APIResponse: 	at okhttp3.internal.http.CallServerInterceptor.intercept(CallServerInterceptor.java:94)
08-04 00:33:00.242 13560 21981 E baseline.com.newsblur.network.APIResponse: 	at okhttp3.internal.http.RealInterceptorChain.proceed(RealInterceptorChain.java:142)
08-04 00:33:00.242 13560 21981 E baseline.com.newsblur.network.APIResponse: 	at okhttp3.internal.connection.ConnectInterceptor.intercept(ConnectInterceptor.java:43)
08-04 00:33:00.242 13560 21981 E baseline.com.newsblur.network.APIResponse: 	at okhttp3.internal.http.RealInterceptorChain.proceed(RealInterceptorChain.java:142)
08-04 00:33:00.242 13560 21981 E baseline.com.newsblur.network.APIResponse: 	at okhttp3.internal.http.RealInterceptorChain.proceed(RealInterceptorChain.java:117)
08-04 00:33:00.242 13560 21981 E baseline.com.newsblur.network.APIResponse: 	at okhttp3.internal.cache.CacheInterceptor.intercept(CacheInterceptor.java:94)
08-04 00:33:00.242 13560 21981 E baseline.com.newsblur.network.APIResponse: 	at okhttp3.internal.http.RealInterceptorChain.proceed(RealInterceptorChain.java:142)
08-04 00:33:00.242 13560 21981 E baseline.com.newsblur.network.APIResponse: 	at okhttp3.internal.http.RealInterceptorChain.proceed(RealInterceptorChain.java:117)
08-04 00:33:00.242 13560 21981 E baseline.com.newsblur.network.APIResponse: 	at okhttp3.internal.http.BridgeInterceptor.intercept(BridgeInterceptor.java:93)
08-04 00:33:00.242 13560 21981 E baseline.com.newsblur.network.APIResponse: 	at okhttp3.internal.http.RealInterceptorChain.proceed(RealInterceptorChain.java:142)
08-04 00:33:00.242 13560 21981 E baseline.com.newsblur.network.APIResponse: 	at okhttp3.internal.http.RetryAndFollowUpInterceptor.intercept(RetryAndFollowUpInterceptor.java:88)
08-04 00:33:00.242 13560 21981 E baseline.com.newsblur.network.APIResponse: 	at okhttp3.internal.http.RealInterceptorChain.proceed(RealInterceptorChain.java:142)
08-04 00:33:00.242 13560 21981 E baseline.com.newsblur.network.APIResponse: 	at okhttp3.internal.http.RealInterceptorChain.proceed(RealInterceptorChain.java:117)
08-04 00:33:00.242 13560 21981 E baseline.com.newsblur.network.APIResponse: 	at okhttp3.RealCall.getResponseWithInterceptorChain(RealCall.java:229)
08-04 00:33:00.242 13560 21981 E baseline.com.newsblur.network.APIResponse: 	at okhttp3.RealCall.execute(RealCall.java:81)
08-04 00:33:00.242 13560 21981 E baseline.com.newsblur.network.APIResponse: 	at baseline.com.newsblur.network.APIResponse.<init>(APIResponse.java:57)
08-04 00:33:00.242 13560 21981 E baseline.com.newsblur.network.APIResponse: 	at baseline.com.newsblur.network.APIResponse.<init>(APIResponse.java:43)
08-04 00:33:00.242 13560 21981 E baseline.com.newsblur.network.APIResponse: 	at baseline.com.newsblur.network.APIManager.post_single(APIManager.java:702)
08-04 00:33:00.242 13560 21981 E baseline.com.newsblur.network.APIResponse: 	at baseline.com.newsblur.network.APIManager.post(APIManager.java:675)
08-04 00:33:00.242 13560 21981 E baseline.com.newsblur.network.APIResponse: 	at baseline.com.newsblur.network.APIManager.post(APIManager.java:714)
08-04 00:33:00.242 13560 21981 E baseline.com.newsblur.network.APIResponse: 	at baseline.com.newsblur.network.APIManager.markStoryAsRead(APIManager.java:205)
08-04 00:33:00.242 13560 21981 E baseline.com.newsblur.network.APIResponse: 	at baseline.com.newsblur.util.ReadingAction.doRemote(ReadingAction.java:281)
08-04 00:33:00.242 13560 21981 E baseline.com.newsblur.network.APIResponse: 	at baseline.com.newsblur.service.NBSyncService.syncActions(NBSyncService.java:400)
08-04 00:33:00.242 13560 21981 E baseline.com.newsblur.network.APIResponse: 	at baseline.com.newsblur.service.NBSyncService.doSync(NBSyncService.java:298)
08-04 00:33:00.242 13560 21981 E baseline.com.newsblur.network.APIResponse: 	at baseline.com.newsblur.service.NBSyncService.access$100(NBSyncService.java:67)
08-04 00:33:00.242 13560 21981 E baseline.com.newsblur.network.APIResponse: 	at baseline.com.newsblur.service.NBSyncService$1.run(NBSyncService.java:188)
08-04 00:33:00.242 13560 21981 E baseline.com.newsblur.network.APIResponse: 	at java.util.concurrent.ThreadPoolExecutor.runWorker(ThreadPoolExecutor.java:1113)
08-04 00:33:00.242 13560 21981 E baseline.com.newsblur.network.APIResponse: 	at java.util.concurrent.ThreadPoolExecutor$Worker.run(ThreadPoolExecutor.java:588)
08-04 00:33:00.242 13560 21981 E baseline.com.newsblur.network.APIResponse: 	at java.lang.Thread.run(Thread.java:818)
08-04 00:33:00.242 13560 21981 E baseline.com.newsblur.network.APIResponse: Caused by: java.io.EOFException: \n not found: limit=0 content=
08-04 00:33:00.242 13560 21981 E baseline.com.newsblur.network.APIResponse: 	at okio.RealBufferedSource.readUtf8LineStrict(RealBufferedSource.java:240)
08-04 00:33:00.242 13560 21981 E baseline.com.newsblur.network.APIResponse: 	at okhttp3.internal.http1.Http1ExchangeCodec.readHeaderLine(Http1ExchangeCodec.java:242)
08-04 00:33:00.242 13560 21981 E baseline.com.newsblur.network.APIResponse: 	at okhttp3.internal.http1.Http1ExchangeCodec.readResponseHeaders(Http1ExchangeCodec.java:213)
08-04 00:33:00.242 13560 21981 E baseline.com.newsblur.network.APIResponse: 	... 30 more
08-04 00:33:00.244 13560 21981 I baseline.com.newsblur.network.APIManager: API call failed, pausing before retry number 1
08-04 00:33:00.292 13560 21596 I art     : Starting a blocking GC Explicit
08-04 00:33:00.337 13560 21596 I art     : Explicit concurrent mark sweep GC freed 3955(357KB) AllocSpace objects, 3(60KB) LOS objects, 28% free, 40MB/56MB, paused 1.160ms total 44.832ms
08-04 00:33:00.337 13560 13570 I art     : WaitForGcToComplete blocked for 10.473ms for cause HeapTrim
08-04 00:33:00.348 13560 21596 I art     : Starting a blocking GC Explicit
08-04 00:33:00.393 13560 21596 I art     : Explicit concurrent mark sweep GC freed 120(4KB) AllocSpace objects, 0(0B) LOS objects, 28% free, 40MB/56MB, paused 1.043ms total 44.261ms
08-04 00:33:00.404 13560 21596 I art     : Starting a blocking GC Explicit
08-04 00:33:00.448 13560 21596 I art     : Explicit concurrent mark sweep GC freed 3(96B) AllocSpace objects, 0(0B) LOS objects, 28% free, 40MB/56MB, paused 1.248ms total 43.669ms
08-04 00:33:00.459 13560 21596 I art     : Starting a blocking GC Explicit
08-04 00:33:00.503 13560 21596 I art     : Explicit concurrent mark sweep GC freed 3(96B) AllocSpace objects, 0(0B) LOS objects, 28% free, 40MB/56MB, paused 1.038ms total 44.337ms
08-04 00:33:00.515 13560 21596 I art     : Starting a blocking GC Explicit
08-04 00:33:00.560 13560 21596 I art     : Explicit concurrent mark sweep GC freed 3(96B) AllocSpace objects, 0(0B) LOS objects, 28% free, 40MB/56MB, paused 1.175ms total 44.490ms
08-04 00:33:00.934 13560 21229 I art     : Starting a blocking GC Explicit
08-04 00:33:00.977 13560 21229 I art     : Explicit concurrent mark sweep GC freed 1443(83KB) AllocSpace objects, 1(20KB) LOS objects, 28% free, 40MB/56MB, paused 1.146ms total 42.898ms
08-04 00:33:00.988 13560 21229 I art     : Starting a blocking GC Explicit
08-04 00:33:01.030 13560 21229 I art     : Explicit concurrent mark sweep GC freed 22(784B) AllocSpace objects, 0(0B) LOS objects, 28% free, 40MB/56MB, paused 1.128ms total 41.739ms
08-04 00:33:01.041 13560 21229 I art     : Starting a blocking GC Explicit
08-04 00:33:01.083 13560 21229 I art     : Explicit concurrent mark sweep GC freed 3(96B) AllocSpace objects, 0(0B) LOS objects, 28% free, 40MB/56MB, paused 1.148ms total 41.647ms
08-04 00:33:01.093 13560 21229 I art     : Starting a blocking GC Explicit
08-04 00:33:01.135 13560 21229 I art     : Explicit concurrent mark sweep GC freed 3(96B) AllocSpace objects, 0(0B) LOS objects, 28% free, 40MB/56MB, paused 1.154ms total 41.444ms
08-04 00:33:01.146 13560 21229 I art     : Starting a blocking GC Explicit
08-04 00:33:01.188 13560 21229 I art     : Explicit concurrent mark sweep GC freed 3(96B) AllocSpace objects, 0(0B) LOS objects, 28% free, 40MB/56MB, paused 1.206ms total 41.885ms
08-04 00:33:01.315 22992 22992 D AndroidRuntime: >>>>>> START com.android.internal.os.RuntimeInit uid 2000 <<<<<<
08-04 00:33:01.320 22992 22992 D AndroidRuntime: CheckJNI is OFF
08-04 00:33:01.355 22992 22992 D ICU     : No timezone override file found: /data/misc/zoneinfo/current/icu/icu_tzdata.dat
08-04 00:33:01.387 22992 22992 I Radio-JNI: register_android_hardware_Radio DONE
08-04 00:33:01.408 22992 22992 D AndroidRuntime: Calling main entry com.android.commands.input.Input
08-04 00:33:01.410 22992 22992 I Input   : injectKeyEvent: KeyEvent { action=ACTION_DOWN, keyCode=KEYCODE_BACK, scanCode=0, metaState=0, flags=0x0, repeatCount=0, eventTime=664397823, downTime=664397823, deviceId=-1, source=0x101 }
08-04 00:33:01.415 22992 22992 I Input   : injectKeyEvent: KeyEvent { action=ACTION_UP, keyCode=KEYCODE_BACK, scanCode=0, metaState=0, flags=0x0, repeatCount=0, eventTime=664397823, downTime=664397823, deviceId=-1, source=0x101 }
08-04 00:33:01.421 22992 22992 D AndroidRuntime: Shutting down VM
08-04 00:33:01.430 13560 13560 D baseline.com.newsblur.service.NBSyncService: rejecting request for feedset that is exhaused
08-04 00:33:01.541 13560 13571 I art     : Starting a blocking GC Explicit
08-04 00:33:01.569 13560 13560 D baseline.com.newsblur.service.NBSyncService: rejecting request for feedset that is exhaused
08-04 00:33:01.572 13866 13866 I GoogleInputMethodServic: GoogleInputMethodService.onFinishInput():3138 
08-04 00:33:01.573 13866 13866 I GoogleInputMethodServic: GoogleInputMethodService.onStartInput():1808 
08-04 00:33:01.585 13560 13571 I art     : Explicit concurrent mark sweep GC freed 2432(191KB) AllocSpace objects, 5(100KB) LOS objects, 28% free, 41MB/57MB, paused 1.067ms total 43.476ms
08-04 00:33:01.595 13560 13571 I art     : Starting a blocking GC Explicit
08-04 00:33:01.637 13560 13571 I art     : Explicit concurrent mark sweep GC freed 882(71KB) AllocSpace objects, 0(0B) LOS objects, 28% free, 40MB/56MB, paused 1.073ms total 41.362ms
08-04 00:33:01.648 13560 13571 I art     : Starting a blocking GC Explicit
08-04 00:33:01.685 13560 13571 I art     : Explicit concurrent mark sweep GC freed 102(6KB) AllocSpace objects, 1(28KB) LOS objects, 28% free, 40MB/56MB, paused 1.049ms total 36.239ms
08-04 00:33:01.696 13560 13571 I art     : Starting a blocking GC Explicit
08-04 00:33:01.737 13560 13571 I art     : Explicit concurrent mark sweep GC freed 3(96B) AllocSpace objects, 0(0B) LOS objects, 28% free, 40MB/56MB, paused 1.162ms total 41.078ms
08-04 00:33:01.748 13560 13571 I art     : Starting a blocking GC Explicit
08-04 00:33:01.790 13560 13571 I art     : Explicit concurrent mark sweep GC freed 94(3KB) AllocSpace objects, 0(0B) LOS objects, 28% free, 40MB/56MB, paused 1.130ms total 41.225ms
08-04 00:33:02.124 13560 13572 I art     : Starting a blocking GC Explicit
08-04 00:33:02.164 13560 13572 I art     : Explicit concurrent mark sweep GC freed 2779(148KB) AllocSpace objects, 1(20KB) LOS objects, 28% free, 40MB/56MB, paused 1.175ms total 38.987ms
08-04 00:33:02.174 13560 13572 I art     : Starting a blocking GC Explicit
08-04 00:33:02.212 13560 13572 I art     : Explicit concurrent mark sweep GC freed 155(7KB) AllocSpace objects, 0(0B) LOS objects, 28% free, 40MB/56MB, paused 1.044ms total 38.117ms
08-04 00:33:02.223 13560 13572 I art     : Starting a blocking GC Explicit
08-04 00:33:02.263 13560 13572 I art     : Explicit concurrent mark sweep GC freed 1663(65KB) AllocSpace objects, 0(0B) LOS objects, 28% free, 40MB/56MB, paused 1.213ms total 39.625ms
08-04 00:33:02.273 13560 13572 I art     : Starting a blocking GC Explicit
08-04 00:33:02.292 13560 21981 E baseline.com.newsblur.network.APIResponse: Error (unexpected end of stream on https://www.newsblur.com/...) calling https://www.newsblur.com/reader/mark_story_hashes_as_read/
08-04 00:33:02.292 13560 21981 E baseline.com.newsblur.network.APIResponse: java.io.IOException: unexpected end of stream on https://www.newsblur.com/...
08-04 00:33:02.292 13560 21981 E baseline.com.newsblur.network.APIResponse: 	at okhttp3.internal.http1.Http1ExchangeCodec.readResponseHeaders(Http1ExchangeCodec.java:236)
08-04 00:33:02.292 13560 21981 E baseline.com.newsblur.network.APIResponse: 	at okhttp3.internal.connection.Exchange.readResponseHeaders(Exchange.java:115)
08-04 00:33:02.292 13560 21981 E baseline.com.newsblur.network.APIResponse: 	at okhttp3.internal.http.CallServerInterceptor.intercept(CallServerInterceptor.java:94)
08-04 00:33:02.292 13560 21981 E baseline.com.newsblur.network.APIResponse: 	at okhttp3.internal.http.RealInterceptorChain.proceed(RealInterceptorChain.java:142)
08-04 00:33:02.292 13560 21981 E baseline.com.newsblur.network.APIResponse: 	at okhttp3.internal.connection.ConnectInterceptor.intercept(ConnectInterceptor.java:43)
08-04 00:33:02.292 13560 21981 E baseline.com.newsblur.network.APIResponse: 	at okhttp3.internal.http.RealInterceptorChain.proceed(RealInterceptorChain.java:142)
08-04 00:33:02.292 13560 21981 E baseline.com.newsblur.network.APIResponse: 	at okhttp3.internal.http.RealInterceptorChain.proceed(RealInterceptorChain.java:117)
08-04 00:33:02.292 13560 21981 E baseline.com.newsblur.network.APIResponse: 	at okhttp3.internal.cache.CacheInterceptor.intercept(CacheInterceptor.java:94)
08-04 00:33:02.292 13560 21981 E baseline.com.newsblur.network.APIResponse: 	at okhttp3.internal.http.RealInterceptorChain.proceed(RealInterceptorChain.java:142)
08-04 00:33:02.292 13560 21981 E baseline.com.newsblur.network.APIResponse: 	at okhttp3.internal.http.RealInterceptorChain.proceed(RealInterceptorChain.java:117)
08-04 00:33:02.292 13560 21981 E baseline.com.newsblur.network.APIResponse: 	at okhttp3.internal.http.BridgeInterceptor.intercept(BridgeInterceptor.java:93)
08-04 00:33:02.292 13560 21981 E baseline.com.newsblur.network.APIResponse: 	at okhttp3.internal.http.RealInterceptorChain.proceed(RealInterceptorChain.java:142)
08-04 00:33:02.292 13560 21981 E baseline.com.newsblur.network.APIResponse: 	at okhttp3.internal.http.RetryAndFollowUpInterceptor.intercept(RetryAndFollowUpInterceptor.java:88)
08-04 00:33:02.292 13560 21981 E baseline.com.newsblur.network.APIResponse: 	at okhttp3.internal.http.RealInterceptorChain.proceed(RealInterceptorChain.java:142)
08-04 00:33:02.292 13560 21981 E baseline.com.newsblur.network.APIResponse: 	at okhttp3.internal.http.RealInterceptorChain.proceed(RealInterceptorChain.java:117)
08-04 00:33:02.292 13560 21981 E baseline.com.newsblur.network.APIResponse: 	at okhttp3.RealCall.getResponseWithInterceptorChain(RealCall.java:229)
08-04 00:33:02.292 13560 21981 E baseline.com.newsblur.network.APIResponse: 	at okhttp3.RealCall.execute(RealCall.java:81)
08-04 00:33:02.292 13560 21981 E baseline.com.newsblur.network.APIResponse: 	at baseline.com.newsblur.network.APIResponse.<init>(APIResponse.java:57)
08-04 00:33:02.292 13560 21981 E baseline.com.newsblur.network.APIResponse: 	at baseline.com.newsblur.network.APIResponse.<init>(APIResponse.java:43)
08-04 00:33:02.292 13560 21981 E baseline.com.newsblur.network.APIResponse: 	at baseline.com.newsblur.network.APIManager.post_single(APIManager.java:702)
08-04 00:33:02.292 13560 21981 E baseline.com.newsblur.network.APIResponse: 	at baseline.com.newsblur.network.APIManager.post(APIManager.java:675)
08-04 00:33:02.292 13560 21981 E baseline.com.newsblur.network.APIResponse: 	at baseline.com.newsblur.network.APIManager.post(APIManager.java:714)
08-04 00:33:02.292 13560 21981 E baseline.com.newsblur.network.APIResponse: 	at baseline.com.newsblur.network.APIManager.markStoryAsRead(APIManager.java:205)
08-04 00:33:02.292 13560 21981 E baseline.com.newsblur.network.APIResponse: 	at baseline.com.newsblur.util.ReadingAction.doRemote(ReadingAction.java:281)
08-04 00:33:02.292 13560 21981 E baseline.com.newsblur.network.APIResponse: 	at baseline.com.newsblur.service.NBSyncService.syncActions(NBSyncService.java:400)
08-04 00:33:02.292 13560 21981 E baseline.com.newsblur.network.APIResponse: 	at baseline.com.newsblur.service.NBSyncService.doSync(NBSyncService.java:298)
08-04 00:33:02.292 13560 21981 E baseline.com.newsblur.network.APIResponse: 	at baseline.com.newsblur.service.NBSyncService.access$100(NBSyncService.java:67)
08-04 00:33:02.292 13560 21981 E baseline.com.newsblur.network.APIResponse: 	at baseline.com.newsblur.service.NBSyncService$1.run(NBSyncService.java:188)
08-04 00:33:02.292 13560 21981 E baseline.com.newsblur.network.APIResponse: 	at java.util.concurrent.ThreadPoolExecutor.runWorker(ThreadPoolExecutor.java:1113)
08-04 00:33:02.292 13560 21981 E baseline.com.newsblur.network.APIResponse: 	at java.util.concurrent.ThreadPoolExecutor$Worker.run(ThreadPoolExecutor.java:588)
08-04 00:33:02.292 13560 21981 E baseline.com.newsblur.network.APIResponse: 	at java.lang.Thread.run(Thread.java:818)
08-04 00:33:02.292 13560 21981 E baseline.com.newsblur.network.APIResponse: Caused by: java.io.EOFException: \n not found: limit=0 content=
08-04 00:33:02.292 13560 21981 E baseline.com.newsblur.network.APIResponse: 	at okio.RealBufferedSource.readUtf8LineStrict(RealBufferedSource.java:240)
08-04 00:33:02.292 13560 21981 E baseline.com.newsblur.network.APIResponse: 	at okhttp3.internal.http1.Http1ExchangeCodec.readHeaderLine(Http1ExchangeCodec.java:242)
08-04 00:33:02.292 13560 21981 E baseline.com.newsblur.network.APIResponse: 	at okhttp3.internal.http1.Http1ExchangeCodec.readResponseHeaders(Http1ExchangeCodec.java:213)
08-04 00:33:02.292 13560 21981 E baseline.com.newsblur.network.APIResponse: 	... 30 more
08-04 00:33:02.294 13560 21981 I baseline.com.newsblur.network.APIManager: API call failed, pausing before retry number 2
08-04 00:33:02.314 13560 13572 I art     : Explicit concurrent mark sweep GC freed 826(196KB) AllocSpace objects, 2(40KB) LOS objects, 28% free, 40MB/56MB, paused 1.081ms total 40.026ms
08-04 00:33:02.324 13560 13572 I art     : Starting a blocking GC Explicit
08-04 00:33:02.364 13560 13572 I art     : Explicit concurrent mark sweep GC freed 125(16KB) AllocSpace objects, 0(0B) LOS objects, 28% free, 40MB/56MB, paused 1.222ms total 39.912ms
08-04 00:33:02.725 13560 21229 I art     : Starting a blocking GC Explicit
08-04 00:33:02.773 13560 21229 I art     : Explicit concurrent mark sweep GC freed 1516(85KB) AllocSpace objects, 1(20KB) LOS objects, 28% free, 40MB/56MB, paused 1.127ms total 47.348ms
08-04 00:33:02.786 13560 21229 I art     : Starting a blocking GC Explicit
08-04 00:33:02.831 13560 21229 I art     : Explicit concurrent mark sweep GC freed 28(992B) AllocSpace objects, 0(0B) LOS objects, 28% free, 40MB/56MB, paused 1.072ms total 44.797ms
08-04 00:33:02.844 13560 21229 I art     : Starting a blocking GC Explicit
08-04 00:33:02.888 13560 21229 I art     : Explicit concurrent mark sweep GC freed 11(352B) AllocSpace objects, 0(0B) LOS objects, 28% free, 40MB/56MB, paused 1.264ms total 44.002ms
08-04 00:33:02.899 13560 21229 I art     : Starting a blocking GC Explicit
08-04 00:33:02.940 13560 21229 I art     : Explicit concurrent mark sweep GC freed 9(288B) AllocSpace objects, 0(0B) LOS objects, 28% free, 40MB/56MB, paused 1.254ms total 40.970ms
08-04 00:33:02.951 13560 21229 I art     : Starting a blocking GC Explicit
08-04 00:33:02.992 13560 21229 I art     : Explicit concurrent mark sweep GC freed 9(288B) AllocSpace objects, 0(0B) LOS objects, 28% free, 40MB/56MB, paused 1.174ms total 40.463ms
08-04 00:33:03.075 23046 23046 D AndroidRuntime: >>>>>> START com.android.internal.os.RuntimeInit uid 2000 <<<<<<
08-04 00:33:03.080 23046 23046 D AndroidRuntime: CheckJNI is OFF
08-04 00:33:03.113 23046 23046 D ICU     : No timezone override file found: /data/misc/zoneinfo/current/icu/icu_tzdata.dat
08-04 00:33:03.145 23046 23046 I Radio-JNI: register_android_hardware_Radio DONE
08-04 00:33:03.167 23046 23046 D AndroidRuntime: Calling main entry com.android.commands.input.Input
08-04 00:33:03.169 23046 23046 I Input   : injectMotionEvent: MotionEvent { action=ACTION_DOWN, actionButton=0, id[0]=0, x[0]=435.0, y[0]=858.0, toolType[0]=TOOL_TYPE_UNKNOWN, buttonState=0, metaState=0, flags=0x0, edgeFlags=0x0, pointerCount=1, historySize=0, eventTime=664399582, downTime=664399582, deviceId=0, source=0x1002 }
08-04 00:33:03.175 23046 23046 I Input   : injectMotionEvent: MotionEvent { action=ACTION_UP, actionButton=0, id[0]=0, x[0]=435.0, y[0]=858.0, toolType[0]=TOOL_TYPE_UNKNOWN, buttonState=0, metaState=0, flags=0x0, edgeFlags=0x0, pointerCount=1, historySize=0, eventTime=664399582, downTime=664399582, deviceId=0, source=0x1002 }
08-04 00:33:03.178 23046 23046 D AndroidRuntime: Shutting down VM
08-04 00:33:03.187   512  2967 D audio_hw_primary: out_set_parameters: enter: usecase(1: low-latency-playback) kvpairs: routing=2
08-04 00:33:03.188   918  6112 I ActivityManager: START u0 {cmp=baseline.com.newsblur/.activity.AllSharedStoriesReading (has extras)} from uid 10652 on display 0
08-04 00:33:03.200   512  2967 D audio_hw_primary: select_devices: out_snd_device(2: speaker) in_snd_device(0: none)
08-04 00:33:03.200   512  2967 D msm8974_platform: platform_send_audio_calibration: sending audio calibration for snd_device(2) acdb_id(15)
08-04 00:33:03.200   512  2967 I soundtrigger: audio_extn_sound_trigger_update_device_status: device 0x2 of type 0 for Event 1
08-04 00:33:03.211   512  2967 D audio_hw_primary: enable_snd_device: snd_device(2: speaker)
08-04 00:33:03.213   512  2967 D audio_hw_primary: enable_audio_route: apply and update mixer path: low-latency-playback speaker
08-04 00:33:03.322 13560 21229 I art     : Starting a blocking GC Explicit
08-04 00:33:03.370 13560 21229 I art     : Explicit concurrent mark sweep GC freed 3055(254KB) AllocSpace objects, 6(548KB) LOS objects, 28% free, 41MB/57MB, paused 1.125ms total 48.106ms
08-04 00:33:03.380 13560 21229 I art     : Starting a blocking GC Explicit
08-04 00:33:03.410   918   936 I ActivityManager: Displayed baseline.com.newsblur/.activity.AllSharedStoriesReading: +213ms
08-04 00:33:03.411 13866 13866 I GoogleInputMethodServic: GoogleInputMethodService.onFinishInput():3138 
08-04 00:33:03.412 13866 13866 I GoogleInputMethodServic: GoogleInputMethodService.onStartInput():1808 
08-04 00:33:03.420 13560 21229 I art     : Explicit concurrent mark sweep GC freed 835(58KB) AllocSpace objects, 1(20KB) LOS objects, 27% free, 41MB/57MB, paused 1.450ms total 40.225ms
08-04 00:33:03.431 13560 21229 I art     : Starting a blocking GC Explicit
08-04 00:33:03.473 13560 21229 I art     : Explicit concurrent mark sweep GC freed 1721(109KB) AllocSpace objects, 2(40KB) LOS objects, 27% free, 41MB/57MB, paused 1.511ms total 41.516ms
08-04 00:33:03.484 13560 21229 I art     : Starting a blocking GC Explicit
08-04 00:33:03.528 13560 21229 I art     : Explicit concurrent mark sweep GC freed 1408(117KB) AllocSpace objects, 7(160KB) LOS objects, 27% free, 41MB/57MB, paused 1.416ms total 44.238ms
08-04 00:33:03.543 13560 21229 I art     : Starting a blocking GC Explicit
08-04 00:33:03.586   918 13198 D NetlinkSocketObserver: NeighborEvent{elapsedMs=1647787461, 192.168.2.254, [7C3953A63323], RTM_NEWNEIGH, NUD_STALE}
08-04 00:33:03.590 13560 21229 I art     : Explicit concurrent mark sweep GC freed 950(91KB) AllocSpace objects, 4(104KB) LOS objects, 27% free, 41MB/57MB, paused 2.006ms total 46.355ms
08-04 00:33:03.667 13560 21643 E chromium: [ERROR:tile_manager.cc(793)] WARNING: tile memory limits exceeded, some content may not draw
08-04 00:33:03.668 13560 21643 E chromium: [ERROR:tile_manager.cc(793)] WARNING: tile memory limits exceeded, some content may not draw
08-04 00:33:03.759   512  2967 D audio_hw_primary: disable_audio_route: reset and update mixer path: low-latency-playback speaker
08-04 00:33:03.760   512  2967 D audio_hw_primary: disable_snd_device: snd_device(2: speaker)
08-04 00:33:03.774   512  2967 I soundtrigger: audio_extn_sound_trigger_update_device_status: device 0x2 of type 0 for Event 0
08-04 00:33:03.945 13560 13572 I art     : Starting a blocking GC Explicit
08-04 00:33:03.992 13560 13572 I art     : Explicit concurrent mark sweep GC freed 1855(129KB) AllocSpace objects, 2(40KB) LOS objects, 27% free, 41MB/57MB, paused 1.264ms total 47.466ms
08-04 00:33:04.004 13560 13572 I art     : Starting a blocking GC Explicit
08-04 00:33:04.050 13560 13572 I art     : Explicit concurrent mark sweep GC freed 47(1936B) AllocSpace objects, 0(0B) LOS objects, 27% free, 41MB/57MB, paused 1.168ms total 46.343ms
08-04 00:33:04.062 13560 13572 I art     : Starting a blocking GC Explicit
08-04 00:33:04.109 13560 13572 I art     : Explicit concurrent mark sweep GC freed 3(96B) AllocSpace objects, 0(0B) LOS objects, 27% free, 41MB/57MB, paused 1.171ms total 46.875ms
08-04 00:33:04.121 13560 13572 I art     : Starting a blocking GC Explicit
08-04 00:33:04.168 13560 13572 I art     : Explicit concurrent mark sweep GC freed 3(96B) AllocSpace objects, 0(0B) LOS objects, 27% free, 41MB/57MB, paused 1.178ms total 47.301ms
08-04 00:33:04.180 13560 13572 I art     : Starting a blocking GC Explicit
08-04 00:33:04.227 13560 13572 I art     : Explicit concurrent mark sweep GC freed 3(96B) AllocSpace objects, 0(0B) LOS objects, 27% free, 41MB/57MB, paused 1.168ms total 46.960ms
08-04 00:33:04.584 13560 13571 I art     : Starting a blocking GC Explicit
08-04 00:33:04.630 13560 13571 I art     : Explicit concurrent mark sweep GC freed 1446(83KB) AllocSpace objects, 1(20KB) LOS objects, 27% free, 41MB/57MB, paused 1.183ms total 45.799ms
08-04 00:33:04.642 13560 13571 I art     : Starting a blocking GC Explicit
08-04 00:33:04.684 13560 13571 I art     : Explicit concurrent mark sweep GC freed 22(784B) AllocSpace objects, 0(0B) LOS objects, 27% free, 41MB/57MB, paused 1.093ms total 42.705ms
08-04 00:33:04.697 13560 13571 I art     : Starting a blocking GC Explicit
08-04 00:33:04.706 13560 21643 E chromium: [ERROR:tile_manager.cc(793)] WARNING: tile memory limits exceeded, some content may not draw
08-04 00:33:04.707 13560 21643 E chromium: [ERROR:tile_manager.cc(793)] WARNING: tile memory limits exceeded, some content may not draw
08-04 00:33:04.720 13560 21643 E chromium: [ERROR:tile_manager.cc(793)] WARNING: tile memory limits exceeded, some content may not draw
08-04 00:33:04.720 13560 21643 E chromium: [ERROR:tile_manager.cc(793)] WARNING: tile memory limits exceeded, some content may not draw
08-04 00:33:04.738 13560 21643 E chromium: [ERROR:tile_manager.cc(793)] WARNING: tile memory limits exceeded, some content may not draw
08-04 00:33:04.738 13560 21643 E chromium: [ERROR:tile_manager.cc(793)] WARNING: tile memory limits exceeded, some content may not draw
08-04 00:33:04.740 13560 13571 I art     : Explicit concurrent mark sweep GC freed 46(1472B) AllocSpace objects, 0(0B) LOS objects, 27% free, 41MB/57MB, paused 1.088ms total 42.759ms
08-04 00:33:04.752 13560 13571 I art     : Starting a blocking GC Explicit
08-04 00:33:04.794 13560 13571 I art     : Explicit concurrent mark sweep GC freed 22(704B) AllocSpace objects, 0(0B) LOS objects, 27% free, 41MB/57MB, paused 972us total 42.229ms
08-04 00:33:04.805 13560 13571 I art     : Starting a blocking GC Explicit
08-04 00:33:04.849 13560 13571 I art     : Explicit concurrent mark sweep GC freed 21(672B) AllocSpace objects, 0(0B) LOS objects, 27% free, 41MB/57MB, paused 1.176ms total 43.688ms
08-04 00:33:05.222 13560 13571 I art     : Starting a blocking GC Explicit
08-04 00:33:05.268 13560 13571 I art     : Explicit concurrent mark sweep GC freed 1482(84KB) AllocSpace objects, 1(20KB) LOS objects, 27% free, 41MB/57MB, paused 1.179ms total 45.404ms
08-04 00:33:05.279 13560 13571 I art     : Starting a blocking GC Explicit
08-04 00:33:05.325 13560 13571 I art     : Explicit concurrent mark sweep GC freed 130(5KB) AllocSpace objects, 0(0B) LOS objects, 27% free, 41MB/57MB, paused 1.325ms total 46.474ms
08-04 00:33:05.337 13560 13571 I art     : Starting a blocking GC Explicit
08-04 00:33:05.383 13560 13571 I art     : Explicit concurrent mark sweep GC freed 66(3KB) AllocSpace objects, 0(0B) LOS objects, 27% free, 41MB/57MB, paused 1.219ms total 46.565ms
08-04 00:33:05.395 13560 13571 I art     : Starting a blocking GC Explicit
08-04 00:33:05.442 13560 13571 I art     : Explicit concurrent mark sweep GC freed 3(96B) AllocSpace objects, 0(0B) LOS objects, 27% free, 41MB/57MB, paused 1.097ms total 46.807ms
08-04 00:33:05.443 13560 13570 I art     : WaitForGcToComplete blocked for 47.146ms for cause HeapTrim
08-04 00:33:05.454 13560 13571 I art     : Starting a blocking GC Explicit
08-04 00:33:05.501 13560 13571 I art     : Explicit concurrent mark sweep GC freed 3(96B) AllocSpace objects, 0(0B) LOS objects, 27% free, 41MB/57MB, paused 1.222ms total 46.938ms
08-04 00:33:05.520   518   646 I ThermalEngine: ACTION: GPU - Setting GPU[0] to 450000000
08-04 00:33:05.780 13560 21981 E baseline.com.newsblur.network.APIResponse: Error (unexpected end of stream on https://www.newsblur.com/...) calling https://www.newsblur.com/reader/mark_story_hashes_as_read/
08-04 00:33:05.780 13560 21981 E baseline.com.newsblur.network.APIResponse: java.io.IOException: unexpected end of stream on https://www.newsblur.com/...
08-04 00:33:05.780 13560 21981 E baseline.com.newsblur.network.APIResponse: 	at okhttp3.internal.http1.Http1ExchangeCodec.readResponseHeaders(Http1ExchangeCodec.java:236)
08-04 00:33:05.780 13560 21981 E baseline.com.newsblur.network.APIResponse: 	at okhttp3.internal.connection.Exchange.readResponseHeaders(Exchange.java:115)
08-04 00:33:05.780 13560 21981 E baseline.com.newsblur.network.APIResponse: 	at okhttp3.internal.http.CallServerInterceptor.intercept(CallServerInterceptor.java:94)
08-04 00:33:05.780 13560 21981 E baseline.com.newsblur.network.APIResponse: 	at okhttp3.internal.http.RealInterceptorChain.proceed(RealInterceptorChain.java:142)
08-04 00:33:05.780 13560 21981 E baseline.com.newsblur.network.APIResponse: 	at okhttp3.internal.connection.ConnectInterceptor.intercept(ConnectInterceptor.java:43)
08-04 00:33:05.780 13560 21981 E baseline.com.newsblur.network.APIResponse: 	at okhttp3.internal.http.RealInterceptorChain.proceed(RealInterceptorChain.java:142)
08-04 00:33:05.780 13560 21981 E baseline.com.newsblur.network.APIResponse: 	at okhttp3.internal.http.RealInterceptorChain.proceed(RealInterceptorChain.java:117)
08-04 00:33:05.780 13560 21981 E baseline.com.newsblur.network.APIResponse: 	at okhttp3.internal.cache.CacheInterceptor.intercept(CacheInterceptor.java:94)
08-04 00:33:05.780 13560 21981 E baseline.com.newsblur.network.APIResponse: 	at okhttp3.internal.http.RealInterceptorChain.proceed(RealInterceptorChain.java:142)
08-04 00:33:05.780 13560 21981 E baseline.com.newsblur.network.APIResponse: 	at okhttp3.internal.http.RealInterceptorChain.proceed(RealInterceptorChain.java:117)
08-04 00:33:05.780 13560 21981 E baseline.com.newsblur.network.APIResponse: 	at okhttp3.internal.http.BridgeInterceptor.intercept(BridgeInterceptor.java:93)
08-04 00:33:05.780 13560 21981 E baseline.com.newsblur.network.APIResponse: 	at okhttp3.internal.http.RealInterceptorChain.proceed(RealInterceptorChain.java:142)
08-04 00:33:05.780 13560 21981 E baseline.com.newsblur.network.APIResponse: 	at okhttp3.internal.http.RetryAndFollowUpInterceptor.intercept(RetryAndFollowUpInterceptor.java:88)
08-04 00:33:05.780 13560 21981 E baseline.com.newsblur.network.APIResponse: 	at okhttp3.internal.http.RealInterceptorChain.proceed(RealInterceptorChain.java:142)
08-04 00:33:05.780 13560 21981 E baseline.com.newsblur.network.APIResponse: 	at okhttp3.internal.http.RealInterceptorChain.proceed(RealInterceptorChain.java:117)
08-04 00:33:05.780 13560 21981 E baseline.com.newsblur.network.APIResponse: 	at okhttp3.RealCall.getResponseWithInterceptorChain(RealCall.java:229)
08-04 00:33:05.780 13560 21981 E baseline.com.newsblur.network.APIResponse: 	at okhttp3.RealCall.execute(RealCall.java:81)
08-04 00:33:05.780 13560 21981 E baseline.com.newsblur.network.APIResponse: 	at baseline.com.newsblur.network.APIResponse.<init>(APIResponse.java:57)
08-04 00:33:05.780 13560 21981 E baseline.com.newsblur.network.APIResponse: 	at baseline.com.newsblur.network.APIResponse.<init>(APIResponse.java:43)
08-04 00:33:05.780 13560 21981 E baseline.com.newsblur.network.APIResponse: 	at baseline.com.newsblur.network.APIManager.post_single(APIManager.java:702)
08-04 00:33:05.780 13560 21981 E baseline.com.newsblur.network.APIResponse: 	at baseline.com.newsblur.network.APIManager.post(APIManager.java:675)
08-04 00:33:05.780 13560 21981 E baseline.com.newsblur.network.APIResponse: 	at baseline.com.newsblur.network.APIManager.post(APIManager.java:714)
08-04 00:33:05.780 13560 21981 E baseline.com.newsblur.network.APIResponse: 	at baseline.com.newsblur.network.APIManager.markStoryAsRead(APIManager.java:205)
08-04 00:33:05.780 13560 21981 E baseline.com.newsblur.network.APIResponse: 	at baseline.com.newsblur.util.ReadingAction.doRemote(ReadingAction.java:281)
08-04 00:33:05.780 13560 21981 E baseline.com.newsblur.network.APIResponse: 	at baseline.com.newsblur.service.NBSyncService.syncActions(NBSyncService.java:400)
08-04 00:33:05.780 13560 21981 E baseline.com.newsblur.network.APIResponse: 	at baseline.com.newsblur.service.NBSyncService.doSync(NBSyncService.java:298)
08-04 00:33:05.780 13560 21981 E baseline.com.newsblur.network.APIResponse: 	at baseline.com.newsblur.service.NBSyncService.access$100(NBSyncService.java:67)
08-04 00:33:05.780 13560 21981 E baseline.com.newsblur.network.APIResponse: 	at baseline.com.newsblur.service.NBSyncService$1.run(NBSyncService.java:188)
08-04 00:33:05.780 13560 21981 E baseline.com.newsblur.network.APIResponse: 	at java.util.concurrent.ThreadPoolExecutor.runWorker(ThreadPoolExecutor.java:1113)
08-04 00:33:05.780 13560 21981 E baseline.com.newsblur.network.APIResponse: 	at java.util.concurrent.ThreadPoolExecutor$Worker.run(ThreadPoolExecutor.java:588)
08-04 00:33:05.780 13560 21981 E baseline.com.newsblur.network.APIResponse: 	at java.lang.Thread.run(Thread.java:818)
08-04 00:33:05.780 13560 21981 E baseline.com.newsblur.network.APIResponse: Caused by: java.io.EOFException: \n not found: limit=0 content=
08-04 00:33:05.780 13560 21981 E baseline.com.newsblur.network.APIResponse: 	at okio.RealBufferedSource.readUtf8LineStrict(RealBufferedSource.java:240)
08-04 00:33:05.780 13560 21981 E baseline.com.newsblur.network.APIResponse: 	at okhttp3.internal.http1.Http1ExchangeCodec.readHeaderLine(Http1ExchangeCodec.java:242)
08-04 00:33:05.780 13560 21981 E baseline.com.newsblur.network.APIResponse: 	at okhttp3.internal.http1.Http1ExchangeCodec.readResponseHeaders(Http1ExchangeCodec.java:213)
08-04 00:33:05.780 13560 21981 E baseline.com.newsblur.network.APIResponse: 	... 30 more
08-04 00:33:05.782 13560 21981 I baseline.com.newsblur.service.NBSyncService: Holding reading action with server-side or network error.
08-04 00:33:05.793 13560 21981 W baseline.com.newsblur.service.NBSyncService: hard API failure
08-04 00:33:05.906 13560 13572 I art     : Starting a blocking GC Explicit
08-04 00:33:05.971 13560 13572 I art     : Explicit concurrent mark sweep GC freed 4955(574KB) AllocSpace objects, 17(340KB) LOS objects, 27% free, 41MB/57MB, paused 1.527ms total 65.103ms
08-04 00:33:05.987 13560 13572 I art     : Starting a blocking GC Explicit
08-04 00:33:06.047 13560 13572 I art     : Explicit concurrent mark sweep GC freed 746(27KB) AllocSpace objects, 0(0B) LOS objects, 27% free, 41MB/57MB, paused 1.468ms total 59.854ms
08-04 00:33:06.062 13560 13572 I art     : Starting a blocking GC Explicit
08-04 00:33:06.124 13560 13572 I art     : Explicit concurrent mark sweep GC freed 3(96B) AllocSpace objects, 0(0B) LOS objects, 27% free, 41MB/57MB, paused 1.499ms total 62.112ms
08-04 00:33:06.139 13560 13572 I art     : Starting a blocking GC Explicit
08-04 00:33:06.200 13560 13572 I art     : Explicit concurrent mark sweep GC freed 3(96B) AllocSpace objects, 0(0B) LOS objects, 27% free, 41MB/57MB, paused 1.560ms total 61.073ms
08-04 00:33:06.215 13560 13572 I art     : Starting a blocking GC Explicit
08-04 00:33:06.278 13560 13572 I art     : Explicit concurrent mark sweep GC freed 3(96B) AllocSpace objects, 0(0B) LOS objects, 27% free, 41MB/57MB, paused 1.588ms total 63.130ms
08-04 00:33:06.711 13560 21229 I art     : Starting a blocking GC Explicit
08-04 00:33:06.775 13560 21229 I art     : Explicit concurrent mark sweep GC freed 1408(81KB) AllocSpace objects, 1(20KB) LOS objects, 27% free, 41MB/57MB, paused 1.460ms total 63.434ms
08-04 00:33:06.791 13560 21229 I art     : Starting a blocking GC Explicit
08-04 00:33:06.853 13560 21229 I art     : Explicit concurrent mark sweep GC freed 20(704B) AllocSpace objects, 0(0B) LOS objects, 27% free, 41MB/57MB, paused 1.457ms total 61.399ms
08-04 00:33:06.867 13560 21229 I art     : Starting a blocking GC Explicit
08-04 00:33:06.925 13560 21229 I art     : Explicit concurrent mark sweep GC freed 3(96B) AllocSpace objects, 0(0B) LOS objects, 27% free, 41MB/57MB, paused 1.440ms total 57.821ms
08-04 00:33:06.940 13560 21229 I art     : Starting a blocking GC Explicit
08-04 00:33:07.001 13560 21229 I art     : Explicit concurrent mark sweep GC freed 3(96B) AllocSpace objects, 0(0B) LOS objects, 27% free, 41MB/57MB, paused 1.536ms total 61.175ms
08-04 00:33:07.018 13560 21229 I art     : Starting a blocking GC Explicit
08-04 00:33:07.079 13560 21229 I art     : Explicit concurrent mark sweep GC freed 3(96B) AllocSpace objects, 0(0B) LOS objects, 27% free, 41MB/57MB, paused 1.488ms total 60.167ms
08-04 00:33:07.465 13560 13571 I art     : Starting a blocking GC Explicit
08-04 00:33:07.519   518   646 I ThermalEngine: ACTION: GPU - Setting GPU[0] to 510000000
08-04 00:33:07.523 13560 13571 I art     : Explicit concurrent mark sweep GC freed 1406(81KB) AllocSpace objects, 1(20KB) LOS objects, 27% free, 41MB/57MB, paused 1.483ms total 57.545ms
08-04 00:33:07.537 13560 13571 I art     : Starting a blocking GC Explicit
08-04 00:33:07.587 13560 13571 I art     : Explicit concurrent mark sweep GC freed 20(704B) AllocSpace objects, 0(0B) LOS objects, 27% free, 41MB/57MB, paused 1.011ms total 49.113ms
08-04 00:33:07.598 13560 13571 I art     : Starting a blocking GC Explicit
08-04 00:33:07.645 13560 13571 I art     : Explicit concurrent mark sweep GC freed 3(96B) AllocSpace objects, 0(0B) LOS objects, 27% free, 41MB/57MB, paused 1.054ms total 46.159ms
08-04 00:33:07.656 13560 13571 I art     : Starting a blocking GC Explicit
08-04 00:33:07.701 13560 13571 I art     : Explicit concurrent mark sweep GC freed 3(96B) AllocSpace objects, 0(0B) LOS objects, 27% free, 41MB/57MB, paused 1.115ms total 44.299ms
08-04 00:33:07.712 13560 13571 I art     : Starting a blocking GC Explicit
08-04 00:33:07.758 13560 13571 I art     : Explicit concurrent mark sweep GC freed 3(96B) AllocSpace objects, 0(0B) LOS objects, 27% free, 41MB/57MB, paused 1.154ms total 45.394ms
08-04 00:33:07.867 23130 23130 D AndroidRuntime: >>>>>> START com.android.internal.os.RuntimeInit uid 2000 <<<<<<
08-04 00:33:07.873 23130 23130 D AndroidRuntime: CheckJNI is OFF
08-04 00:33:07.906 23130 23130 D ICU     : No timezone override file found: /data/misc/zoneinfo/current/icu/icu_tzdata.dat
08-04 00:33:07.938 23130 23130 I Radio-JNI: register_android_hardware_Radio DONE
08-04 00:33:07.958 23130 23130 D AndroidRuntime: Calling main entry com.android.commands.input.Input
08-04 00:33:07.960 23130 23130 I Input   : injectKeyEvent: KeyEvent { action=ACTION_DOWN, keyCode=KEYCODE_BACK, scanCode=0, metaState=0, flags=0x0, repeatCount=0, eventTime=664404373, downTime=664404373, deviceId=-1, source=0x101 }
08-04 00:33:07.965 23130 23130 I Input   : injectKeyEvent: KeyEvent { action=ACTION_UP, keyCode=KEYCODE_BACK, scanCode=0, metaState=0, flags=0x0, repeatCount=0, eventTime=664404373, downTime=664404373, deviceId=-1, source=0x101 }
08-04 00:33:07.970 23130 23130 D AndroidRuntime: Shutting down VM
08-04 00:33:07.979 13560 13560 D baseline.com.newsblur.service.NBSyncService: rejecting request for feedset that is exhaused
08-04 00:33:08.090 13560 13571 I art     : Starting a blocking GC Explicit
08-04 00:33:08.114 13560 13560 D baseline.com.newsblur.service.NBSyncService: rejecting request for feedset that is exhaused
08-04 00:33:08.115 13866 13866 I GoogleInputMethodServic: GoogleInputMethodService.onFinishInput():3138 
08-04 00:33:08.116 13866 13866 I GoogleInputMethodServic: GoogleInputMethodService.onStartInput():1808 
08-04 00:33:08.130 13560 13571 I art     : Explicit concurrent mark sweep GC freed 2400(189KB) AllocSpace objects, 5(100KB) LOS objects, 27% free, 41MB/57MB, paused 1.033ms total 40.126ms
08-04 00:33:08.142 13560 13571 I art     : Starting a blocking GC Explicit
08-04 00:33:08.188 13560 13571 I art     : Explicit concurrent mark sweep GC freed 878(71KB) AllocSpace objects, 0(0B) LOS objects, 27% free, 41MB/57MB, paused 1.300ms total 46.712ms
08-04 00:33:08.199 13560 13571 I art     : Starting a blocking GC Explicit
08-04 00:33:08.238 13560 13571 I art     : Explicit concurrent mark sweep GC freed 108(6KB) AllocSpace objects, 1(28KB) LOS objects, 27% free, 41MB/57MB, paused 1.110ms total 38.619ms
08-04 00:33:08.249 13560 13571 I art     : Starting a blocking GC Explicit
08-04 00:33:08.288 13560 13571 I art     : Explicit concurrent mark sweep GC freed 3(96B) AllocSpace objects, 0(0B) LOS objects, 27% free, 41MB/57MB, paused 1.086ms total 38.663ms
08-04 00:33:08.299 13560 13571 I art     : Starting a blocking GC Explicit
08-04 00:33:08.338 13560 13571 I art     : Explicit concurrent mark sweep GC freed 3(96B) AllocSpace objects, 0(0B) LOS objects, 27% free, 41MB/57MB, paused 1.016ms total 39.106ms
08-04 00:33:08.662 13560 13571 I art     : Starting a blocking GC Explicit
08-04 00:33:08.706 13560 13571 I art     : Explicit concurrent mark sweep GC freed 3056(159KB) AllocSpace objects, 1(20KB) LOS objects, 27% free, 41MB/57MB, paused 1.070ms total 43.254ms
08-04 00:33:08.717 13560 13571 I art     : Starting a blocking GC Explicit
08-04 00:33:08.760 13560 13571 I art     : Explicit concurrent mark sweep GC freed 155(7KB) AllocSpace objects, 0(0B) LOS objects, 27% free, 41MB/57MB, paused 963us total 42.739ms
08-04 00:33:08.772 13560 13571 I art     : Starting a blocking GC Explicit
08-04 00:33:08.816 13560 13571 I art     : Explicit concurrent mark sweep GC freed 9(288B) AllocSpace objects, 0(0B) LOS objects, 27% free, 41MB/57MB, paused 969us total 43.891ms
08-04 00:33:08.827 13560 13571 I art     : Starting a blocking GC Explicit
08-04 00:33:08.871 13560 13571 I art     : Explicit concurrent mark sweep GC freed 9(288B) AllocSpace objects, 0(0B) LOS objects, 27% free, 41MB/57MB, paused 1.041ms total 43.439ms
08-04 00:33:08.882 13560 13571 I art     : Starting a blocking GC Explicit
08-04 00:33:08.931 13560 13571 I art     : Explicit concurrent mark sweep GC freed 11(352B) AllocSpace objects, 0(0B) LOS objects, 27% free, 41MB/57MB, paused 1.223ms total 48.280ms
08-04 00:33:09.282 13560 13572 I art     : Starting a blocking GC Explicit
08-04 00:33:09.338 13560 13572 I art     : Explicit concurrent mark sweep GC freed 1454(82KB) AllocSpace objects, 1(20KB) LOS objects, 27% free, 41MB/57MB, paused 1.168ms total 55.344ms
08-04 00:33:09.351 13560 13572 I art     : Starting a blocking GC Explicit
08-04 00:33:09.396 13560 13572 I art     : Explicit concurrent mark sweep GC freed 28(960B) AllocSpace objects, 0(0B) LOS objects, 27% free, 41MB/57MB, paused 1.160ms total 44.503ms
08-04 00:33:09.407 13560 13572 I art     : Starting a blocking GC Explicit
08-04 00:33:09.456 13560 13572 I art     : Explicit concurrent mark sweep GC freed 10(320B) AllocSpace objects, 0(0B) LOS objects, 27% free, 41MB/57MB, paused 1.098ms total 48.779ms
08-04 00:33:09.470 13560 13572 I art     : Starting a blocking GC Explicit
08-04 00:33:09.514 13560 13572 I art     : Explicit concurrent mark sweep GC freed 10(320B) AllocSpace objects, 0(0B) LOS objects, 27% free, 41MB/57MB, paused 1.123ms total 44.239ms
08-04 00:33:09.525 13560 13572 I art     : Starting a blocking GC Explicit
08-04 00:33:09.571 13560 13572 I art     : Explicit concurrent mark sweep GC freed 7(224B) AllocSpace objects, 0(0B) LOS objects, 27% free, 41MB/57MB, paused 1.089ms total 45.760ms
08-04 00:33:09.634 23173 23173 D AndroidRuntime: >>>>>> START com.android.internal.os.RuntimeInit uid 2000 <<<<<<
08-04 00:33:09.639 23173 23173 D AndroidRuntime: CheckJNI is OFF
08-04 00:33:09.672 23173 23173 D ICU     : No timezone override file found: /data/misc/zoneinfo/current/icu/icu_tzdata.dat
08-04 00:33:09.704 23173 23173 I Radio-JNI: register_android_hardware_Radio DONE
08-04 00:33:09.726 23173 23173 D AndroidRuntime: Calling main entry com.android.commands.input.Input
08-04 00:33:09.727 23173 23173 I Input   : injectKeyEvent: KeyEvent { action=ACTION_DOWN, keyCode=KEYCODE_BACK, scanCode=0, metaState=0, flags=0x0, repeatCount=0, eventTime=664406140, downTime=664406140, deviceId=-1, source=0x101 }
08-04 00:33:09.733 23173 23173 I Input   : injectKeyEvent: KeyEvent { action=ACTION_UP, keyCode=KEYCODE_BACK, scanCode=0, metaState=0, flags=0x0, repeatCount=0, eventTime=664406140, downTime=664406140, deviceId=-1, source=0x101 }
08-04 00:33:09.741 23173 23173 D AndroidRuntime: Shutting down VM
08-04 00:33:09.895 13560 21596 I art     : Starting a blocking GC Explicit
08-04 00:33:09.917 13866 13866 I GoogleInputMethodServic: GoogleInputMethodService.onFinishInput():3138 
08-04 00:33:09.918 13866 13866 I GoogleInputMethodServic: GoogleInputMethodService.onStartInput():1808 
08-04 00:33:09.949 13560 21596 I art     : Explicit concurrent mark sweep GC freed 11717(803KB) AllocSpace objects, 17(340KB) LOS objects, 27% free, 41MB/57MB, paused 1.736ms total 53.161ms
08-04 00:33:09.960 13560 21596 I art     : Starting a blocking GC Explicit
08-04 00:33:10.002 13560 21596 I art     : Explicit concurrent mark sweep GC freed 457(19KB) AllocSpace objects, 0(0B) LOS objects, 27% free, 41MB/57MB, paused 1.064ms total 42.371ms
08-04 00:33:10.013 13560 21596 I art     : Starting a blocking GC Explicit
08-04 00:33:10.056 13560 21596 I art     : Explicit concurrent mark sweep GC freed 172(8KB) AllocSpace objects, 0(0B) LOS objects, 27% free, 41MB/57MB, paused 1.189ms total 43.490ms
08-04 00:33:10.068 13560 21596 I art     : Starting a blocking GC Explicit
08-04 00:33:10.116 13560 21596 I art     : Explicit concurrent mark sweep GC freed 12(1408B) AllocSpace objects, 0(0B) LOS objects, 27% free, 41MB/57MB, paused 1.058ms total 48.453ms
08-04 00:33:10.129 13560 21596 I art     : Starting a blocking GC Explicit
08-04 00:33:10.187 13560 21596 I art     : Explicit concurrent mark sweep GC freed 3(96B) AllocSpace objects, 0(0B) LOS objects, 27% free, 41MB/57MB, paused 1.255ms total 58.504ms
08-04 00:33:10.505 13560 23196 E baseline.com.newsblur.network.APIResponse: Error (unexpected end of stream on https://www.newsblur.com/...) calling https://www.newsblur.com/reader/mark_story_hashes_as_read/
08-04 00:33:10.505 13560 23196 E baseline.com.newsblur.network.APIResponse: java.io.IOException: unexpected end of stream on https://www.newsblur.com/...
08-04 00:33:10.505 13560 23196 E baseline.com.newsblur.network.APIResponse: 	at okhttp3.internal.http1.Http1ExchangeCodec.readResponseHeaders(Http1ExchangeCodec.java:236)
08-04 00:33:10.505 13560 23196 E baseline.com.newsblur.network.APIResponse: 	at okhttp3.internal.connection.Exchange.readResponseHeaders(Exchange.java:115)
08-04 00:33:10.505 13560 23196 E baseline.com.newsblur.network.APIResponse: 	at okhttp3.internal.http.CallServerInterceptor.intercept(CallServerInterceptor.java:94)
08-04 00:33:10.505 13560 23196 E baseline.com.newsblur.network.APIResponse: 	at okhttp3.internal.http.RealInterceptorChain.proceed(RealInterceptorChain.java:142)
08-04 00:33:10.505 13560 23196 E baseline.com.newsblur.network.APIResponse: 	at okhttp3.internal.connection.ConnectInterceptor.intercept(ConnectInterceptor.java:43)
08-04 00:33:10.505 13560 23196 E baseline.com.newsblur.network.APIResponse: 	at okhttp3.internal.http.RealInterceptorChain.proceed(RealInterceptorChain.java:142)
08-04 00:33:10.505 13560 23196 E baseline.com.newsblur.network.APIResponse: 	at okhttp3.internal.http.RealInterceptorChain.proceed(RealInterceptorChain.java:117)
08-04 00:33:10.505 13560 23196 E baseline.com.newsblur.network.APIResponse: 	at okhttp3.internal.cache.CacheInterceptor.intercept(CacheInterceptor.java:94)
08-04 00:33:10.505 13560 23196 E baseline.com.newsblur.network.APIResponse: 	at okhttp3.internal.http.RealInterceptorChain.proceed(RealInterceptorChain.java:142)
08-04 00:33:10.505 13560 23196 E baseline.com.newsblur.network.APIResponse: 	at okhttp3.internal.http.RealInterceptorChain.proceed(RealInterceptorChain.java:117)
08-04 00:33:10.505 13560 23196 E baseline.com.newsblur.network.APIResponse: 	at okhttp3.internal.http.BridgeInterceptor.intercept(BridgeInterceptor.java:93)
08-04 00:33:10.505 13560 23196 E baseline.com.newsblur.network.APIResponse: 	at okhttp3.internal.http.RealInterceptorChain.proceed(RealInterceptorChain.java:142)
08-04 00:33:10.505 13560 23196 E baseline.com.newsblur.network.APIResponse: 	at okhttp3.internal.http.RetryAndFollowUpInterceptor.intercept(RetryAndFollowUpInterceptor.java:88)
08-04 00:33:10.505 13560 23196 E baseline.com.newsblur.network.APIResponse: 	at okhttp3.internal.http.RealInterceptorChain.proceed(RealInterceptorChain.java:142)
08-04 00:33:10.505 13560 23196 E baseline.com.newsblur.network.APIResponse: 	at okhttp3.internal.http.RealInterceptorChain.proceed(RealInterceptorChain.java:117)
08-04 00:33:10.505 13560 23196 E baseline.com.newsblur.network.APIResponse: 	at okhttp3.RealCall.getResponseWithInterceptorChain(RealCall.java:229)
08-04 00:33:10.505 13560 23196 E baseline.com.newsblur.network.APIResponse: 	at okhttp3.RealCall.execute(RealCall.java:81)
08-04 00:33:10.505 13560 23196 E baseline.com.newsblur.network.APIResponse: 	at baseline.com.newsblur.network.APIResponse.<init>(APIResponse.java:57)
08-04 00:33:10.505 13560 23196 E baseline.com.newsblur.network.APIResponse: 	at baseline.com.newsblur.network.APIResponse.<init>(APIResponse.java:43)
08-04 00:33:10.505 13560 23196 E baseline.com.newsblur.network.APIResponse: 	at baseline.com.newsblur.network.APIManager.post_single(APIManager.java:702)
08-04 00:33:10.505 13560 23196 E baseline.com.newsblur.network.APIResponse: 	at baseline.com.newsblur.network.APIManager.post(APIManager.java:675)
08-04 00:33:10.505 13560 23196 E baseline.com.newsblur.network.APIResponse: 	at baseline.com.newsblur.network.APIManager.post(APIManager.java:714)
08-04 00:33:10.505 13560 23196 E baseline.com.newsblur.network.APIResponse: 	at baseline.com.newsblur.network.APIManager.markStoryAsRead(APIManager.java:205)
08-04 00:33:10.505 13560 23196 E baseline.com.newsblur.network.APIResponse: 	at baseline.com.newsblur.util.ReadingAction.doRemote(ReadingAction.java:281)
08-04 00:33:10.505 13560 23196 E baseline.com.newsblur.network.APIResponse: 	at baseline.com.newsblur.service.NBSyncService.syncActions(NBSyncService.java:400)
08-04 00:33:10.505 13560 23196 E baseline.com.newsblur.network.APIResponse: 	at baseline.com.newsblur.service.NBSyncService.doSync(NBSyncService.java:298)
08-04 00:33:10.505 13560 23196 E baseline.com.newsblur.network.APIResponse: 	at baseline.com.newsblur.service.NBSyncService.access$100(NBSyncService.java:67)
08-04 00:33:10.505 13560 23196 E baseline.com.newsblur.network.APIResponse: 	at baseline.com.newsblur.service.NBSyncService$1.run(NBSyncService.java:188)
08-04 00:33:10.505 13560 23196 E baseline.com.newsblur.network.APIResponse: 	at java.util.concurrent.ThreadPoolExecutor.runWorker(ThreadPoolExecutor.java:1113)
08-04 00:33:10.505 13560 23196 E baseline.com.newsblur.network.APIResponse: 	at java.util.concurrent.ThreadPoolExecutor$Worker.run(ThreadPoolExecutor.java:588)
08-04 00:33:10.505 13560 23196 E baseline.com.newsblur.network.APIResponse: 	at java.lang.Thread.run(Thread.java:818)
08-04 00:33:10.505 13560 23196 E baseline.com.newsblur.network.APIResponse: Caused by: java.io.EOFException: \n not found: limit=0 content=
08-04 00:33:10.505 13560 23196 E baseline.com.newsblur.network.APIResponse: 	at okio.RealBufferedSource.readUtf8LineStrict(RealBufferedSource.java:240)
08-04 00:33:10.505 13560 23196 E baseline.com.newsblur.network.APIResponse: 	at okhttp3.internal.http1.Http1ExchangeCodec.readHeaderLine(Http1ExchangeCodec.java:242)
08-04 00:33:10.505 13560 23196 E baseline.com.newsblur.network.APIResponse: 	at okhttp3.internal.http1.Http1ExchangeCodec.readResponseHeaders(Http1ExchangeCodec.java:213)
08-04 00:33:10.505 13560 23196 E baseline.com.newsblur.network.APIResponse: 	... 30 more
08-04 00:33:10.507 13560 23196 I baseline.com.newsblur.network.APIManager: API call failed, pausing before retry number 1
08-04 00:33:10.528   518   646 I ThermalEngine: ACTION: GPU - Setting GPU[0] to 450000000
08-04 00:33:10.569 13560 21229 I art     : Starting a blocking GC Explicit
08-04 00:33:10.635 13560 21229 I art     : Explicit concurrent mark sweep GC freed 5966(470KB) AllocSpace objects, 6(260KB) LOS objects, 27% free, 41MB/57MB, paused 1.532ms total 65.183ms
08-04 00:33:10.650 13560 21229 I art     : Starting a blocking GC Explicit
08-04 00:33:10.703 13560 21229 I art     : Explicit concurrent mark sweep GC freed 1138(125KB) AllocSpace objects, 0(0B) LOS objects, 27% free, 41MB/57MB, paused 1.510ms total 52.820ms
08-04 00:33:10.718 13560 21229 I art     : Starting a blocking GC Explicit
08-04 00:33:10.777 13560 21229 I art     : Explicit concurrent mark sweep GC freed 11(352B) AllocSpace objects, 0(0B) LOS objects, 27% free, 41MB/57MB, paused 1.429ms total 58.896ms
08-04 00:33:10.792 13560 21229 I art     : Starting a blocking GC Explicit
08-04 00:33:10.852 13560 21229 I art     : Explicit concurrent mark sweep GC freed 14(448B) AllocSpace objects, 0(0B) LOS objects, 27% free, 41MB/57MB, paused 1.596ms total 58.904ms
08-04 00:33:10.866 13560 21229 I art     : Starting a blocking GC Explicit
08-04 00:33:10.925 13560 21229 I art     : Explicit concurrent mark sweep GC freed 10(320B) AllocSpace objects, 0(0B) LOS objects, 27% free, 41MB/57MB, paused 1.514ms total 58.579ms
08-04 00:33:11.300 13560 13571 I art     : Starting a blocking GC Explicit
08-04 00:33:11.361 13560 13571 I art     : Explicit concurrent mark sweep GC freed 1494(84KB) AllocSpace objects, 1(20KB) LOS objects, 27% free, 41MB/57MB, paused 1.435ms total 61.576ms
08-04 00:33:11.377 13560 13571 I art     : Starting a blocking GC Explicit
08-04 00:33:11.437 13560 13571 I art     : Explicit concurrent mark sweep GC freed 23(816B) AllocSpace objects, 0(0B) LOS objects, 27% free, 41MB/57MB, paused 1.613ms total 59.642ms
08-04 00:33:11.451 13560 13571 I art     : Starting a blocking GC Explicit
08-04 00:33:11.505 23209 23209 D AndroidRuntime: >>>>>> START com.android.internal.os.RuntimeInit uid 2000 <<<<<<
08-04 00:33:11.510 23209 23209 D AndroidRuntime: CheckJNI is OFF
08-04 00:33:11.512 13560 13571 I art     : Explicit concurrent mark sweep GC freed 3(96B) AllocSpace objects, 0(0B) LOS objects, 27% free, 41MB/57MB, paused 1.658ms total 60.664ms
08-04 00:33:11.528 13560 13571 I art     : Starting a blocking GC Explicit
08-04 00:33:11.557 23209 23209 D ICU     : No timezone override file found: /data/misc/zoneinfo/current/icu/icu_tzdata.dat
08-04 00:33:11.586 13560 13571 I art     : Explicit concurrent mark sweep GC freed 3(96B) AllocSpace objects, 0(0B) LOS objects, 27% free, 41MB/57MB, paused 1.662ms total 58.447ms
08-04 00:33:11.602 13560 13571 I art     : Starting a blocking GC Explicit
08-04 00:33:11.603 23209 23209 I Radio-JNI: register_android_hardware_Radio DONE
08-04 00:33:11.633 23209 23209 D AndroidRuntime: Calling main entry com.android.commands.input.Input
08-04 00:33:11.636 23209 23209 I Input   : injectMotionEvent: MotionEvent { action=ACTION_DOWN, actionButton=0, id[0]=0, x[0]=553.0, y[0]=442.0, toolType[0]=TOOL_TYPE_UNKNOWN, buttonState=0, metaState=0, flags=0x0, edgeFlags=0x0, pointerCount=1, historySize=0, eventTime=664408048, downTime=664408048, deviceId=0, source=0x1002 }
08-04 00:33:11.642 23209 23209 I Input   : injectMotionEvent: MotionEvent { action=ACTION_UP, actionButton=0, id[0]=0, x[0]=553.0, y[0]=442.0, toolType[0]=TOOL_TYPE_UNKNOWN, buttonState=0, metaState=0, flags=0x0, edgeFlags=0x0, pointerCount=1, historySize=0, eventTime=664408048, downTime=664408048, deviceId=0, source=0x1002 }
08-04 00:33:11.649 23209 23209 D AndroidRuntime: Shutting down VM
08-04 00:33:11.663 13560 13571 I art     : Explicit concurrent mark sweep GC freed 38(1584B) AllocSpace objects, 0(0B) LOS objects, 27% free, 41MB/57MB, paused 1.731ms total 61.106ms
08-04 00:33:11.716   918  5952 I ActivityManager: START u0 {cmp=baseline.com.newsblur/.activity.AllSharedStoriesItemsList (has extras)} from uid 10652 on display 0
08-04 00:33:11.741 13560 21630 I baseline.com.newsblur.database.BlurDatabaseHelper: reading session reset
08-04 00:33:11.963 13560 13560 D baseline.com.newsblur.service.NBSyncService: rejecting request for feedset that is exhaused
08-04 00:33:11.970 13560 13560 W View    : requestLayout() improperly called by android.widget.FrameLayout{f6b8b9e V.E...... ......ID 0,0-1440,18 #7f07003f app:id/footer_view_inner} during layout: running second layout pass
08-04 00:33:11.970 13560 13560 W View    : requestLayout() improperly called by android.widget.FrameLayout{f88c67f V.E...... ......ID 0,0-1440,2091 #7f07003f app:id/footer_view_inner} during layout: running second layout pass
08-04 00:33:11.990   918   936 I ActivityManager: Displayed baseline.com.newsblur/.activity.AllSharedStoriesItemsList: +262ms
08-04 00:33:11.990 13866 13866 I GoogleInputMethodServic: GoogleInputMethodService.onFinishInput():3138 
08-04 00:33:11.991 13866 13866 I GoogleInputMethodServic: GoogleInputMethodService.onStartInput():1808 
08-04 00:33:12.027 13560 13571 I art     : Starting a blocking GC Explicit
08-04 00:33:12.101 13560 13571 I art     : Explicit concurrent mark sweep GC freed 5776(444KB) AllocSpace objects, 14(372KB) LOS objects, 27% free, 42MB/58MB, paused 2.077ms total 73.454ms
08-04 00:33:12.105 13560 21312 I NAPPA_EXPERIMENTATION: MetricNetworkRequestExecutionTime: REQUEST_DURATION_SYSTEM='64',REQUEST_DURATION_OKHTTP='64',REQUEST_SYNCHRONOUS='TRUE',RESPONSE_CODE='200',RESPONSE_METHOD='GET',RESPONSE_LENGTH_OKHTTP='43',RESPONSE_LENGTH_HEADER='43',REQUEST_PROTOCOL='http/1.1',REQUEST_URL='http://feeds.feedburner.com/~r/retort/~4/UffaFMiJbNs',
08-04 00:33:12.118 13560 13571 I art     : Starting a blocking GC Explicit
08-04 00:33:12.171 13560 13571 I art     : Explicit concurrent mark sweep GC freed 833(58KB) AllocSpace objects, 1(20KB) LOS objects, 27% free, 41MB/57MB, paused 1.409ms total 53.713ms
08-04 00:33:12.185 13560 13571 I art     : Starting a blocking GC Explicit
08-04 00:33:12.244 13560 13571 I art     : Explicit concurrent mark sweep GC freed 172(18KB) AllocSpace objects, 1(20KB) LOS objects, 27% free, 41MB/57MB, paused 1.542ms total 58.907ms
08-04 00:33:12.260 13560 13571 I art     : Starting a blocking GC Explicit
08-04 00:33:12.314 13560 13571 I art     : Explicit concurrent mark sweep GC freed 70(3KB) AllocSpace objects, 0(0B) LOS objects, 27% free, 41MB/57MB, paused 1.373ms total 53.710ms
08-04 00:33:12.329 13560 13571 I art     : Starting a blocking GC Explicit
08-04 00:33:12.386 13560 13571 I art     : Explicit concurrent mark sweep GC freed 7(288B) AllocSpace objects, 0(0B) LOS objects, 27% free, 41MB/57MB, paused 1.418ms total 57.129ms
08-04 00:33:12.530 13560 23196 E baseline.com.newsblur.network.APIResponse: Error (unexpected end of stream on https://www.newsblur.com/...) calling https://www.newsblur.com/reader/mark_story_hashes_as_read/
08-04 00:33:12.530 13560 23196 E baseline.com.newsblur.network.APIResponse: java.io.IOException: unexpected end of stream on https://www.newsblur.com/...
08-04 00:33:12.530 13560 23196 E baseline.com.newsblur.network.APIResponse: 	at okhttp3.internal.http1.Http1ExchangeCodec.readResponseHeaders(Http1ExchangeCodec.java:236)
08-04 00:33:12.530 13560 23196 E baseline.com.newsblur.network.APIResponse: 	at okhttp3.internal.connection.Exchange.readResponseHeaders(Exchange.java:115)
08-04 00:33:12.530 13560 23196 E baseline.com.newsblur.network.APIResponse: 	at okhttp3.internal.http.CallServerInterceptor.intercept(CallServerInterceptor.java:94)
08-04 00:33:12.530 13560 23196 E baseline.com.newsblur.network.APIResponse: 	at okhttp3.internal.http.RealInterceptorChain.proceed(RealInterceptorChain.java:142)
08-04 00:33:12.530 13560 23196 E baseline.com.newsblur.network.APIResponse: 	at okhttp3.internal.connection.ConnectInterceptor.intercept(ConnectInterceptor.java:43)
08-04 00:33:12.530 13560 23196 E baseline.com.newsblur.network.APIResponse: 	at okhttp3.internal.http.RealInterceptorChain.proceed(RealInterceptorChain.java:142)
08-04 00:33:12.530 13560 23196 E baseline.com.newsblur.network.APIResponse: 	at okhttp3.internal.http.RealInterceptorChain.proceed(RealInterceptorChain.java:117)
08-04 00:33:12.530 13560 23196 E baseline.com.newsblur.network.APIResponse: 	at okhttp3.internal.cache.CacheInterceptor.intercept(CacheInterceptor.java:94)
08-04 00:33:12.530 13560 23196 E baseline.com.newsblur.network.APIResponse: 	at okhttp3.internal.http.RealInterceptorChain.proceed(RealInterceptorChain.java:142)
08-04 00:33:12.530 13560 23196 E baseline.com.newsblur.network.APIResponse: 	at okhttp3.internal.http.RealInterceptorChain.proceed(RealInterceptorChain.java:117)
08-04 00:33:12.530 13560 23196 E baseline.com.newsblur.network.APIResponse: 	at okhttp3.internal.http.BridgeInterceptor.intercept(BridgeInterceptor.java:93)
08-04 00:33:12.530 13560 23196 E baseline.com.newsblur.network.APIResponse: 	at okhttp3.internal.http.RealInterceptorChain.proceed(RealInterceptorChain.java:142)
08-04 00:33:12.530 13560 23196 E baseline.com.newsblur.network.APIResponse: 	at okhttp3.internal.http.RetryAndFollowUpInterceptor.intercept(RetryAndFollowUpInterceptor.java:88)
08-04 00:33:12.530 13560 23196 E baseline.com.newsblur.network.APIResponse: 	at okhttp3.internal.http.RealInterceptorChain.proceed(RealInterceptorChain.java:142)
08-04 00:33:12.530 13560 23196 E baseline.com.newsblur.network.APIResponse: 	at okhttp3.internal.http.RealInterceptorChain.proceed(RealInterceptorChain.java:117)
08-04 00:33:12.530 13560 23196 E baseline.com.newsblur.network.APIResponse: 	at okhttp3.RealCall.getResponseWithInterceptorChain(RealCall.java:229)
08-04 00:33:12.530 13560 23196 E baseline.com.newsblur.network.APIResponse: 	at okhttp3.RealCall.execute(RealCall.java:81)
08-04 00:33:12.530 13560 23196 E baseline.com.newsblur.network.APIResponse: 	at baseline.com.newsblur.network.APIResponse.<init>(APIResponse.java:57)
08-04 00:33:12.530 13560 23196 E baseline.com.newsblur.network.APIResponse: 	at baseline.com.newsblur.network.APIResponse.<init>(APIResponse.java:43)
08-04 00:33:12.530 13560 23196 E baseline.com.newsblur.network.APIResponse: 	at baseline.com.newsblur.network.APIManager.post_single(APIManager.java:702)
08-04 00:33:12.530 13560 23196 E baseline.com.newsblur.network.APIResponse: 	at baseline.com.newsblur.network.APIManager.post(APIManager.java:675)
08-04 00:33:12.530 13560 23196 E baseline.com.newsblur.network.APIResponse: 	at baseline.com.newsblur.network.APIManager.post(APIManager.java:714)
08-04 00:33:12.530 13560 23196 E baseline.com.newsblur.network.APIResponse: 	at baseline.com.newsblur.network.APIManager.markStoryAsRead(APIManager.java:205)
08-04 00:33:12.530 13560 23196 E baseline.com.newsblur.network.APIResponse: 	at baseline.com.newsblur.util.ReadingAction.doRemote(ReadingAction.java:281)
08-04 00:33:12.530 13560 23196 E baseline.com.newsblur.network.APIResponse: 	at baseline.com.newsblur.service.NBSyncService.syncActions(NBSyncService.java:400)
08-04 00:33:12.530 13560 23196 E baseline.com.newsblur.network.APIResponse: 	at baseline.com.newsblur.service.NBSyncService.doSync(NBSyncService.java:298)
08-04 00:33:12.530 13560 23196 E baseline.com.newsblur.network.APIResponse: 	at baseline.com.newsblur.service.NBSyncService.access$100(NBSyncService.java:67)
08-04 00:33:12.530 13560 23196 E baseline.com.newsblur.network.APIResponse: 	at baseline.com.newsblur.service.NBSyncService$1.run(NBSyncService.java:188)
08-04 00:33:12.530 13560 23196 E baseline.com.newsblur.network.APIResponse: 	at java.util.concurrent.ThreadPoolExecutor.runWorker(ThreadPoolExecutor.java:1113)
08-04 00:33:12.530 13560 23196 E baseline.com.newsblur.network.APIResponse: 	at java.util.concurrent.ThreadPoolExecutor$Worker.run(ThreadPoolExecutor.java:588)
08-04 00:33:12.530 13560 23196 E baseline.com.newsblur.network.APIResponse: 	at java.lang.Thread.run(Thread.java:818)
08-04 00:33:12.530 13560 23196 E baseline.com.newsblur.network.APIResponse: Caused by: java.io.EOFException: \n not found: limit=0 content=
08-04 00:33:12.530 13560 23196 E baseline.com.newsblur.network.APIResponse: 	at okio.RealBufferedSource.readUtf8LineStrict(RealBufferedSource.java:240)
08-04 00:33:12.530 13560 23196 E baseline.com.newsblur.network.APIResponse: 	at okhttp3.internal.http1.Http1ExchangeCodec.readHeaderLine(Http1ExchangeCodec.java:242)
08-04 00:33:12.530 13560 23196 E baseline.com.newsblur.network.APIResponse: 	at okhttp3.internal.http1.Http1ExchangeCodec.readResponseHeaders(Http1ExchangeCodec.java:213)
08-04 00:33:12.530 13560 23196 E baseline.com.newsblur.network.APIResponse: 	... 30 more
08-04 00:33:12.531 13560 23196 I baseline.com.newsblur.network.APIManager: API call failed, pausing before retry number 2
08-04 00:33:12.769 13560 13572 I art     : Starting a blocking GC Explicit
08-04 00:33:12.836 13560 13572 I art     : Explicit concurrent mark sweep GC freed 4146(365KB) AllocSpace objects, 3(60KB) LOS objects, 27% free, 41MB/57MB, paused 1.504ms total 66.515ms
08-04 00:33:12.852 13560 13572 I art     : Starting a blocking GC Explicit
08-04 00:33:12.912 13560 13572 I art     : Explicit concurrent mark sweep GC freed 109(3KB) AllocSpace objects, 0(0B) LOS objects, 27% free, 41MB/57MB, paused 1.395ms total 59.608ms
08-04 00:33:12.926 13560 13572 I art     : Starting a blocking GC Explicit
08-04 00:33:12.988 13560 13572 I art     : Explicit concurrent mark sweep GC freed 3(96B) AllocSpace objects, 0(0B) LOS objects, 27% free, 41MB/57MB, paused 1.610ms total 61.104ms
08-04 00:33:13.003 13560 13572 I art     : Starting a blocking GC Explicit
08-04 00:33:13.063 13560 13572 I art     : Explicit concurrent mark sweep GC freed 3(96B) AllocSpace objects, 0(0B) LOS objects, 27% free, 41MB/57MB, paused 1.538ms total 59.741ms
08-04 00:33:13.078 13560 13572 I art     : Starting a blocking GC Explicit
08-04 00:33:13.121   918  3261 D WifiStateMachine: starting scan for "H369AA63323"WPA_PSK with 2412,5180
08-04 00:33:13.140 13560 13572 I art     : Explicit concurrent mark sweep GC freed 6(192B) AllocSpace objects, 0(0B) LOS objects, 27% free, 41MB/57MB, paused 1.540ms total 62.258ms
08-04 00:33:13.547 13560 21229 I art     : Starting a blocking GC Explicit
08-04 00:33:13.616 13560 21229 I art     : Explicit concurrent mark sweep GC freed 1472(83KB) AllocSpace objects, 1(20KB) LOS objects, 27% free, 41MB/57MB, paused 1.522ms total 69.168ms
08-04 00:33:13.634 13560 21229 I art     : Starting a blocking GC Explicit
08-04 00:33:13.699 13560 21229 I art     : Explicit concurrent mark sweep GC freed 22(784B) AllocSpace objects, 0(0B) LOS objects, 27% free, 41MB/57MB, paused 1.635ms total 65.159ms
08-04 00:33:13.714 13560 21229 I art     : Starting a blocking GC Explicit
08-04 00:33:13.780 13560 21229 I art     : Explicit concurrent mark sweep GC freed 3(96B) AllocSpace objects, 0(0B) LOS objects, 27% free, 41MB/57MB, paused 1.495ms total 65.549ms
08-04 00:33:13.795 13560 21229 I art     : Starting a blocking GC Explicit
08-04 00:33:13.862 13560 21229 I art     : Explicit concurrent mark sweep GC freed 3(96B) AllocSpace objects, 0(0B) LOS objects, 27% free, 41MB/57MB, paused 1.680ms total 66.294ms
08-04 00:33:13.877 13560 21229 I art     : Starting a blocking GC Explicit
08-04 00:33:13.943 13560 21229 I art     : Explicit concurrent mark sweep GC freed 3(96B) AllocSpace objects, 0(0B) LOS objects, 27% free, 41MB/57MB, paused 1.657ms total 64.992ms
08-04 00:33:14.348 13560 13572 I art     : Starting a blocking GC Explicit
08-04 00:33:14.417 13560 13572 I art     : Explicit concurrent mark sweep GC freed 1445(83KB) AllocSpace objects, 1(20KB) LOS objects, 27% free, 41MB/57MB, paused 1.676ms total 68.033ms
08-04 00:33:14.436 13560 13572 I art     : Starting a blocking GC Explicit
08-04 00:33:14.503 13560 13572 I art     : Explicit concurrent mark sweep GC freed 22(784B) AllocSpace objects, 0(0B) LOS objects, 27% free, 41MB/57MB, paused 1.621ms total 66.778ms
08-04 00:33:14.517 13560 13572 I art     : Starting a blocking GC Explicit
08-04 00:33:14.581 13560 13572 I art     : Explicit concurrent mark sweep GC freed 3(96B) AllocSpace objects, 0(0B) LOS objects, 27% free, 41MB/57MB, paused 1.580ms total 63.428ms
08-04 00:33:14.596 13560 13572 I art     : Starting a blocking GC Explicit
08-04 00:33:14.664 13560 13572 I art     : Explicit concurrent mark sweep GC freed 3(96B) AllocSpace objects, 0(0B) LOS objects, 27% free, 41MB/57MB, paused 1.566ms total 66.691ms
08-04 00:33:14.681 13560 13572 I art     : Starting a blocking GC Explicit
08-04 00:33:14.747 13560 13572 I art     : Explicit concurrent mark sweep GC freed 3(96B) AllocSpace objects, 0(0B) LOS objects, 27% free, 41MB/57MB, paused 1.516ms total 65.664ms
08-04 00:33:15.149 13560 13571 I art     : Starting a blocking GC Explicit
08-04 00:33:15.219 13560 13571 I art     : Explicit concurrent mark sweep GC freed 1446(83KB) AllocSpace objects, 1(20KB) LOS objects, 27% free, 41MB/57MB, paused 1.684ms total 69.685ms
08-04 00:33:15.234 13560 13571 I art     : Starting a blocking GC Explicit
08-04 00:33:15.294 13560 13571 I art     : Explicit concurrent mark sweep GC freed 22(784B) AllocSpace objects, 0(0B) LOS objects, 27% free, 41MB/57MB, paused 1.619ms total 60.054ms
08-04 00:33:15.310 13560 13571 I art     : Starting a blocking GC Explicit
08-04 00:33:15.377 13560 13571 I art     : Explicit concurrent mark sweep GC freed 3(96B) AllocSpace objects, 0(0B) LOS objects, 27% free, 41MB/57MB, paused 1.605ms total 66.836ms
08-04 00:33:15.393 13560 13571 I art     : Starting a blocking GC Explicit
08-04 00:33:15.461 13560 13571 I art     : Explicit concurrent mark sweep GC freed 3(96B) AllocSpace objects, 0(0B) LOS objects, 27% free, 41MB/57MB, paused 1.645ms total 67.319ms
08-04 00:33:15.477 13560 13571 I art     : Starting a blocking GC Explicit
08-04 00:33:15.543 13560 13571 I art     : Explicit concurrent mark sweep GC freed 94(3KB) AllocSpace objects, 0(0B) LOS objects, 27% free, 41MB/57MB, paused 1.772ms total 65.946ms
08-04 00:33:15.631 21114 21240 W FirebaseInstanceId: Token retrieval failed: SERVICE_NOT_AVAILABLE. Will retry token retrieval
08-04 00:33:15.949 13560 21596 I art     : Starting a blocking GC Explicit
08-04 00:33:16.018 13560 21596 I art     : Explicit concurrent mark sweep GC freed 3180(153KB) AllocSpace objects, 1(20KB) LOS objects, 27% free, 41MB/57MB, paused 1.660ms total 68.216ms
08-04 00:33:16.020 13560 23196 E baseline.com.newsblur.network.APIResponse: Error (unexpected end of stream on https://www.newsblur.com/...) calling https://www.newsblur.com/reader/mark_story_hashes_as_read/
08-04 00:33:16.020 13560 23196 E baseline.com.newsblur.network.APIResponse: java.io.IOException: unexpected end of stream on https://www.newsblur.com/...
08-04 00:33:16.020 13560 23196 E baseline.com.newsblur.network.APIResponse: 	at okhttp3.internal.http1.Http1ExchangeCodec.readResponseHeaders(Http1ExchangeCodec.java:236)
08-04 00:33:16.020 13560 23196 E baseline.com.newsblur.network.APIResponse: 	at okhttp3.internal.connection.Exchange.readResponseHeaders(Exchange.java:115)
08-04 00:33:16.020 13560 23196 E baseline.com.newsblur.network.APIResponse: 	at okhttp3.internal.http.CallServerInterceptor.intercept(CallServerInterceptor.java:94)
08-04 00:33:16.020 13560 23196 E baseline.com.newsblur.network.APIResponse: 	at okhttp3.internal.http.RealInterceptorChain.proceed(RealInterceptorChain.java:142)
08-04 00:33:16.020 13560 23196 E baseline.com.newsblur.network.APIResponse: 	at okhttp3.internal.connection.ConnectInterceptor.intercept(ConnectInterceptor.java:43)
08-04 00:33:16.020 13560 23196 E baseline.com.newsblur.network.APIResponse: 	at okhttp3.internal.http.RealInterceptorChain.proceed(RealInterceptorChain.java:142)
08-04 00:33:16.020 13560 23196 E baseline.com.newsblur.network.APIResponse: 	at okhttp3.internal.http.RealInterceptorChain.proceed(RealInterceptorChain.java:117)
08-04 00:33:16.020 13560 23196 E baseline.com.newsblur.network.APIResponse: 	at okhttp3.internal.cache.CacheInterceptor.intercept(CacheInterceptor.java:94)
08-04 00:33:16.020 13560 23196 E baseline.com.newsblur.network.APIResponse: 	at okhttp3.internal.http.RealInterceptorChain.proceed(RealInterceptorChain.java:142)
08-04 00:33:16.020 13560 23196 E baseline.com.newsblur.network.APIResponse: 	at okhttp3.internal.http.RealInterceptorChain.proceed(RealInterceptorChain.java:117)
08-04 00:33:16.020 13560 23196 E baseline.com.newsblur.network.APIResponse: 	at okhttp3.internal.http.BridgeInterceptor.intercept(BridgeInterceptor.java:93)
08-04 00:33:16.020 13560 23196 E baseline.com.newsblur.network.APIResponse: 	at okhttp3.internal.http.RealInterceptorChain.proceed(RealInterceptorChain.java:142)
08-04 00:33:16.020 13560 23196 E baseline.com.newsblur.network.APIResponse: 	at okhttp3.internal.http.RetryAndFollowUpInterceptor.intercept(RetryAndFollowUpInterceptor.java:88)
08-04 00:33:16.020 13560 23196 E baseline.com.newsblur.network.APIResponse: 	at okhttp3.internal.http.RealInterceptorChain.proceed(RealInterceptorChain.java:142)
08-04 00:33:16.020 13560 23196 E baseline.com.newsblur.network.APIResponse: 	at okhttp3.internal.http.RealInterceptorChain.proceed(RealInterceptorChain.java:117)
08-04 00:33:16.020 13560 23196 E baseline.com.newsblur.network.APIResponse: 	at okhttp3.RealCall.getResponseWithInterceptorChain(RealCall.java:229)
08-04 00:33:16.020 13560 23196 E baseline.com.newsblur.network.APIResponse: 	at okhttp3.RealCall.execute(RealCall.java:81)
08-04 00:33:16.020 13560 23196 E baseline.com.newsblur.network.APIResponse: 	at baseline.com.newsblur.network.APIResponse.<init>(APIResponse.java:57)
08-04 00:33:16.020 13560 23196 E baseline.com.newsblur.network.APIResponse: 	at baseline.com.newsblur.network.APIResponse.<init>(APIResponse.java:43)
08-04 00:33:16.020 13560 23196 E baseline.com.newsblur.network.APIResponse: 	at baseline.com.newsblur.network.APIManager.post_single(APIManager.java:702)
08-04 00:33:16.020 13560 23196 E baseline.com.newsblur.network.APIResponse: 	at baseline.com.newsblur.network.APIManager.post(APIManager.java:675)
08-04 00:33:16.020 13560 23196 E baseline.com.newsblur.network.APIResponse: 	at baseline.com.newsblur.network.APIManager.post(APIManager.java:714)
08-04 00:33:16.020 13560 23196 E baseline.com.newsblur.network.APIResponse: 	at baseline.com.newsblur.network.APIManager.markStoryAsRead(APIManager.java:205)
08-04 00:33:16.020 13560 23196 E baseline.com.newsblur.network.APIResponse: 	at baseline.com.newsblur.util.ReadingAction.doRemote(ReadingAction.java:281)
08-04 00:33:16.020 13560 23196 E baseline.com.newsblur.network.APIResponse: 	at baseline.com.newsblur.service.NBSyncService.syncActions(NBSyncService.java:400)
08-04 00:33:16.020 13560 23196 E baseline.com.newsblur.network.APIResponse: 	at baseline.com.newsblur.service.NBSyncService.doSync(NBSyncService.java:298)
08-04 00:33:16.020 13560 23196 E baseline.com.newsblur.network.APIResponse: 	at baseline.com.newsblur.service.NBSyncService.access$100(NBSyncService.java:67)
08-04 00:33:16.020 13560 23196 E baseline.com.newsblur.network.APIResponse: 	at baseline.com.newsblur.service.NBSyncService$1.run(NBSyncService.java:188)
08-04 00:33:16.020 13560 23196 E baseline.com.newsblur.network.APIResponse: 	at java.util.concurrent.ThreadPoolExecutor.runWorker(ThreadPoolExecutor.java:1113)
08-04 00:33:16.020 13560 23196 E baseline.com.newsblur.network.APIResponse: 	at java.util.concurrent.ThreadPoolExecutor$Worker.run(ThreadPoolExecutor.java:588)
08-04 00:33:16.020 13560 23196 E baseline.com.newsblur.network.APIResponse: 	at java.lang.Thread.run(Thread.java:818)
08-04 00:33:16.020 13560 23196 E baseline.com.newsblur.network.APIResponse: Caused by: java.io.EOFException: \n not found: limit=0 content=
08-04 00:33:16.020 13560 23196 E baseline.com.newsblur.network.APIResponse: 	at okio.RealBufferedSource.readUtf8LineStrict(RealBufferedSource.java:240)
08-04 00:33:16.020 13560 23196 E baseline.com.newsblur.network.APIResponse: 	at okhttp3.internal.http1.Http1ExchangeCodec.readHeaderLine(Http1ExchangeCodec.java:242)
08-04 00:33:16.020 13560 23196 E baseline.com.newsblur.network.APIResponse: 	at okhttp3.internal.http1.Http1ExchangeCodec.readResponseHeaders(Http1ExchangeCodec.java:213)
08-04 00:33:16.020 13560 23196 E baseline.com.newsblur.network.APIResponse: 	... 30 more
08-04 00:33:16.021 13560 23196 I baseline.com.newsblur.service.NBSyncService: Holding reading action with server-side or network error.
08-04 00:33:16.033 13560 21596 I art     : Starting a blocking GC Explicit
08-04 00:33:16.039 13560 23196 W baseline.com.newsblur.service.NBSyncService: hard API failure
08-04 00:33:16.091 13560 21596 I art     : Explicit concurrent mark sweep GC freed 1312(261KB) AllocSpace objects, 4(80KB) LOS objects, 27% free, 41MB/57MB, paused 1.692ms total 57.950ms
08-04 00:33:16.106 13560 21596 I art     : Starting a blocking GC Explicit
08-04 00:33:16.171 13560 21596 I art     : Explicit concurrent mark sweep GC freed 73(2880B) AllocSpace objects, 0(0B) LOS objects, 27% free, 41MB/57MB, paused 1.759ms total 64.671ms
08-04 00:33:16.187 13560 21596 I art     : Starting a blocking GC Explicit
08-04 00:33:16.256 13560 21596 I art     : Explicit concurrent mark sweep GC freed 3(96B) AllocSpace objects, 0(0B) LOS objects, 27% free, 41MB/57MB, paused 1.739ms total 68.713ms
08-04 00:33:16.271 13560 21596 I art     : Starting a blocking GC Explicit
08-04 00:33:16.340 13560 21596 I art     : Explicit concurrent mark sweep GC freed 3(96B) AllocSpace objects, 0(0B) LOS objects, 27% free, 41MB/57MB, paused 1.852ms total 68.056ms
08-04 00:33:16.538   518   646 I ThermalEngine: ACTION: GPU - Setting GPU[0] to 510000000
08-04 00:33:16.544 13560 23196 E baseline.com.newsblur.network.APIResponse: Error (unexpected end of stream on https://www.newsblur.com/...) calling https://www.newsblur.com/reader/mark_story_hashes_as_read/
08-04 00:33:16.544 13560 23196 E baseline.com.newsblur.network.APIResponse: java.io.IOException: unexpected end of stream on https://www.newsblur.com/...
08-04 00:33:16.544 13560 23196 E baseline.com.newsblur.network.APIResponse: 	at okhttp3.internal.http1.Http1ExchangeCodec.readResponseHeaders(Http1ExchangeCodec.java:236)
08-04 00:33:16.544 13560 23196 E baseline.com.newsblur.network.APIResponse: 	at okhttp3.internal.connection.Exchange.readResponseHeaders(Exchange.java:115)
08-04 00:33:16.544 13560 23196 E baseline.com.newsblur.network.APIResponse: 	at okhttp3.internal.http.CallServerInterceptor.intercept(CallServerInterceptor.java:94)
08-04 00:33:16.544 13560 23196 E baseline.com.newsblur.network.APIResponse: 	at okhttp3.internal.http.RealInterceptorChain.proceed(RealInterceptorChain.java:142)
08-04 00:33:16.544 13560 23196 E baseline.com.newsblur.network.APIResponse: 	at okhttp3.internal.connection.ConnectInterceptor.intercept(ConnectInterceptor.java:43)
08-04 00:33:16.544 13560 23196 E baseline.com.newsblur.network.APIResponse: 	at okhttp3.internal.http.RealInterceptorChain.proceed(RealInterceptorChain.java:142)
08-04 00:33:16.544 13560 23196 E baseline.com.newsblur.network.APIResponse: 	at okhttp3.internal.http.RealInterceptorChain.proceed(RealInterceptorChain.java:117)
08-04 00:33:16.544 13560 23196 E baseline.com.newsblur.network.APIResponse: 	at okhttp3.internal.cache.CacheInterceptor.intercept(CacheInterceptor.java:94)
08-04 00:33:16.544 13560 23196 E baseline.com.newsblur.network.APIResponse: 	at okhttp3.internal.http.RealInterceptorChain.proceed(RealInterceptorChain.java:142)
08-04 00:33:16.544 13560 23196 E baseline.com.newsblur.network.APIResponse: 	at okhttp3.internal.http.RealInterceptorChain.proceed(RealInterceptorChain.java:117)
08-04 00:33:16.544 13560 23196 E baseline.com.newsblur.network.APIResponse: 	at okhttp3.internal.http.BridgeInterceptor.intercept(BridgeInterceptor.java:93)
08-04 00:33:16.544 13560 23196 E baseline.com.newsblur.network.APIResponse: 	at okhttp3.internal.http.RealInterceptorChain.proceed(RealInterceptorChain.java:142)
08-04 00:33:16.544 13560 23196 E baseline.com.newsblur.network.APIResponse: 	at okhttp3.internal.http.RetryAndFollowUpInterceptor.intercept(RetryAndFollowUpInterceptor.java:88)
08-04 00:33:16.544 13560 23196 E baseline.com.newsblur.network.APIResponse: 	at okhttp3.internal.http.RealInterceptorChain.proceed(RealInterceptorChain.java:142)
08-04 00:33:16.544 13560 23196 E baseline.com.newsblur.network.APIResponse: 	at okhttp3.internal.http.RealInterceptorChain.proceed(RealInterceptorChain.java:117)
08-04 00:33:16.544 13560 23196 E baseline.com.newsblur.network.APIResponse: 	at okhttp3.RealCall.getResponseWithInterceptorChain(RealCall.java:229)
08-04 00:33:16.544 13560 23196 E baseline.com.newsblur.network.APIResponse: 	at okhttp3.RealCall.execute(RealCall.java:81)
08-04 00:33:16.544 13560 23196 E baseline.com.newsblur.network.APIResponse: 	at baseline.com.newsblur.network.APIResponse.<init>(APIResponse.java:57)
08-04 00:33:16.544 13560 23196 E baseline.com.newsblur.network.APIResponse: 	at baseline.com.newsblur.network.APIResponse.<init>(APIResponse.java:43)
08-04 00:33:16.544 13560 23196 E baseline.com.newsblur.network.APIResponse: 	at baseline.com.newsblur.network.APIManager.post_single(APIManager.java:702)
08-04 00:33:16.544 13560 23196 E baseline.com.newsblur.network.APIResponse: 	at baseline.com.newsblur.network.APIManager.post(APIManager.java:675)
08-04 00:33:16.544 13560 23196 E baseline.com.newsblur.network.APIResponse: 	at baseline.com.newsblur.network.APIManager.post(APIManager.java:714)
08-04 00:33:16.544 13560 23196 E baseline.com.newsblur.network.APIResponse: 	at baseline.com.newsblur.network.APIManager.markStoryAsRead(APIManager.java:205)
08-04 00:33:16.544 13560 23196 E baseline.com.newsblur.network.APIResponse: 	at baseline.com.newsblur.util.ReadingAction.doRemote(ReadingAction.java:281)
08-04 00:33:16.544 13560 23196 E baseline.com.newsblur.network.APIResponse: 	at baseline.com.newsblur.service.NBSyncService.syncActions(NBSyncService.java:400)
08-04 00:33:16.544 13560 23196 E baseline.com.newsblur.network.APIResponse: 	at baseline.com.newsblur.service.NBSyncService.doSync(NBSyncService.java:298)
08-04 00:33:16.544 13560 23196 E baseline.com.newsblur.network.APIResponse: 	at baseline.com.newsblur.service.NBSyncService.access$100(NBSyncService.java:67)
08-04 00:33:16.544 13560 23196 E baseline.com.newsblur.network.APIResponse: 	at baseline.com.newsblur.service.NBSyncService$1.run(NBSyncService.java:188)
08-04 00:33:16.544 13560 23196 E baseline.com.newsblur.network.APIResponse: 	at java.util.concurrent.ThreadPoolExecutor.runWorker(ThreadPoolExecutor.java:1113)
08-04 00:33:16.544 13560 23196 E baseline.com.newsblur.network.APIResponse: 	at java.util.concurrent.ThreadPoolExecutor$Worker.run(ThreadPoolExecutor.java:588)
08-04 00:33:16.544 13560 23196 E baseline.com.newsblur.network.APIResponse: 	at java.lang.Thread.run(Thread.java:818)
08-04 00:33:16.544 13560 23196 E baseline.com.newsblur.network.APIResponse: Caused by: java.io.EOFException: \n not found: limit=0 content=
08-04 00:33:16.544 13560 23196 E baseline.com.newsblur.network.APIResponse: 	at okio.RealBufferedSource.readUtf8LineStrict(RealBufferedSource.java:240)
08-04 00:33:16.544 13560 23196 E baseline.com.newsblur.network.APIResponse: 	at okhttp3.internal.http1.Http1ExchangeCodec.readHeaderLine(Http1ExchangeCodec.java:242)
08-04 00:33:16.544 13560 23196 E baseline.com.newsblur.network.APIResponse: 	at okhttp3.internal.http1.Http1ExchangeCodec.readResponseHeaders(Http1ExchangeCodec.java:213)
08-04 00:33:16.544 13560 23196 E baseline.com.newsblur.network.APIResponse: 	... 30 more
08-04 00:33:16.546 13560 23196 I baseline.com.newsblur.network.APIManager: API call failed, pausing before retry number 1
08-04 00:33:16.734 13560 21229 I art     : Starting a blocking GC Explicit
08-04 00:33:16.788 13560 21229 I art     : Explicit concurrent mark sweep GC freed 3952(359KB) AllocSpace objects, 3(60KB) LOS objects, 27% free, 41MB/57MB, paused 1.221ms total 53.063ms
08-04 00:33:16.802 13560 21229 I art     : Starting a blocking GC Explicit
08-04 00:33:16.850 13560 21229 I art     : Explicit concurrent mark sweep GC freed 109(3KB) AllocSpace objects, 0(0B) LOS objects, 27% free, 41MB/57MB, paused 1.277ms total 48.161ms
08-04 00:33:16.862 13560 21229 I art     : Starting a blocking GC Explicit
08-04 00:33:16.909 13560 21229 I art     : Explicit concurrent mark sweep GC freed 3(96B) AllocSpace objects, 0(0B) LOS objects, 27% free, 41MB/57MB, paused 1.153ms total 47.538ms
08-04 00:33:16.921 13560 21229 I art     : Starting a blocking GC Explicit
08-04 00:33:16.970 13560 21229 I art     : Explicit concurrent mark sweep GC freed 3(96B) AllocSpace objects, 0(0B) LOS objects, 27% free, 41MB/57MB, paused 1.276ms total 48.578ms
08-04 00:33:16.981 13560 21229 I art     : Starting a blocking GC Explicit
08-04 00:33:17.031 13560 21229 I art     : Explicit concurrent mark sweep GC freed 3(96B) AllocSpace objects, 0(0B) LOS objects, 27% free, 41MB/57MB, paused 1.209ms total 49.604ms
08-04 00:33:17.418 13560 13572 I art     : Starting a blocking GC Explicit
08-04 00:33:17.469 13560 13572 I art     : Explicit concurrent mark sweep GC freed 1442(83KB) AllocSpace objects, 1(20KB) LOS objects, 27% free, 41MB/57MB, paused 1.237ms total 51.470ms
08-04 00:33:17.481 13560 13572 I art     : Starting a blocking GC Explicit
08-04 00:33:17.531 13560 13572 I art     : Explicit concurrent mark sweep GC freed 22(784B) AllocSpace objects, 0(0B) LOS objects, 27% free, 41MB/57MB, paused 1.205ms total 49.173ms
08-04 00:33:17.542 13560 13572 I art     : Starting a blocking GC Explicit
08-04 00:33:17.594 13560 13572 I art     : Explicit concurrent mark sweep GC freed 3(96B) AllocSpace objects, 0(0B) LOS objects, 27% free, 41MB/57MB, paused 1.226ms total 51.565ms
08-04 00:33:17.606 13560 13572 I art     : Starting a blocking GC Explicit
08-04 00:33:17.655 13560 13572 I art     : Explicit concurrent mark sweep GC freed 3(96B) AllocSpace objects, 0(0B) LOS objects, 27% free, 41MB/57MB, paused 1.187ms total 48.976ms
08-04 00:33:17.667 13560 13572 I art     : Starting a blocking GC Explicit
08-04 00:33:17.718 13560 13572 I art     : Explicit concurrent mark sweep GC freed 3(96B) AllocSpace objects, 0(0B) LOS objects, 27% free, 41MB/57MB, paused 1.243ms total 50.626ms
08-04 00:33:18.111 13560 13571 I art     : Starting a blocking GC Explicit
08-04 00:33:18.163 13560 13571 I art     : Explicit concurrent mark sweep GC freed 1597(90KB) AllocSpace objects, 1(20KB) LOS objects, 27% free, 41MB/57MB, paused 1.276ms total 52.228ms
08-04 00:33:18.175 13560 13571 I art     : Starting a blocking GC Explicit
08-04 00:33:18.228 13560 13571 I art     : Explicit concurrent mark sweep GC freed 37(2352B) AllocSpace objects, 0(0B) LOS objects, 27% free, 41MB/57MB, paused 1.334ms total 52.125ms
08-04 00:33:18.240 13560 13571 I art     : Starting a blocking GC Explicit
08-04 00:33:18.286 13560 13571 I art     : Explicit concurrent mark sweep GC freed 3(96B) AllocSpace objects, 0(0B) LOS objects, 27% free, 41MB/57MB, paused 1.125ms total 45.818ms
08-04 00:33:18.297 13560 13571 I art     : Starting a blocking GC Explicit
08-04 00:33:18.345 13560 13571 I art     : Explicit concurrent mark sweep GC freed 3(96B) AllocSpace objects, 0(0B) LOS objects, 27% free, 41MB/57MB, paused 1.165ms total 47.962ms
08-04 00:33:18.357 13560 13571 I art     : Starting a blocking GC Explicit
08-04 00:33:18.409 13560 13571 I art     : Explicit concurrent mark sweep GC freed 3(96B) AllocSpace objects, 0(0B) LOS objects, 27% free, 41MB/57MB, paused 1.225ms total 51.067ms
08-04 00:33:18.586 13560 23196 E baseline.com.newsblur.network.APIResponse: Error (unexpected end of stream on https://www.newsblur.com/...) calling https://www.newsblur.com/reader/mark_story_hashes_as_read/
08-04 00:33:18.586 13560 23196 E baseline.com.newsblur.network.APIResponse: java.io.IOException: unexpected end of stream on https://www.newsblur.com/...
08-04 00:33:18.586 13560 23196 E baseline.com.newsblur.network.APIResponse: 	at okhttp3.internal.http1.Http1ExchangeCodec.readResponseHeaders(Http1ExchangeCodec.java:236)
08-04 00:33:18.586 13560 23196 E baseline.com.newsblur.network.APIResponse: 	at okhttp3.internal.connection.Exchange.readResponseHeaders(Exchange.java:115)
08-04 00:33:18.586 13560 23196 E baseline.com.newsblur.network.APIResponse: 	at okhttp3.internal.http.CallServerInterceptor.intercept(CallServerInterceptor.java:94)
08-04 00:33:18.586 13560 23196 E baseline.com.newsblur.network.APIResponse: 	at okhttp3.internal.http.RealInterceptorChain.proceed(RealInterceptorChain.java:142)
08-04 00:33:18.586 13560 23196 E baseline.com.newsblur.network.APIResponse: 	at okhttp3.internal.connection.ConnectInterceptor.intercept(ConnectInterceptor.java:43)
08-04 00:33:18.586 13560 23196 E baseline.com.newsblur.network.APIResponse: 	at okhttp3.internal.http.RealInterceptorChain.proceed(RealInterceptorChain.java:142)
08-04 00:33:18.586 13560 23196 E baseline.com.newsblur.network.APIResponse: 	at okhttp3.internal.http.RealInterceptorChain.proceed(RealInterceptorChain.java:117)
08-04 00:33:18.586 13560 23196 E baseline.com.newsblur.network.APIResponse: 	at okhttp3.internal.cache.CacheInterceptor.intercept(CacheInterceptor.java:94)
08-04 00:33:18.586 13560 23196 E baseline.com.newsblur.network.APIResponse: 	at okhttp3.internal.http.RealInterceptorChain.proceed(RealInterceptorChain.java:142)
08-04 00:33:18.586 13560 23196 E baseline.com.newsblur.network.APIResponse: 	at okhttp3.internal.http.RealInterceptorChain.proceed(RealInterceptorChain.java:117)
08-04 00:33:18.586 13560 23196 E baseline.com.newsblur.network.APIResponse: 	at okhttp3.internal.http.BridgeInterceptor.intercept(BridgeInterceptor.java:93)
08-04 00:33:18.586 13560 23196 E baseline.com.newsblur.network.APIResponse: 	at okhttp3.internal.http.RealInterceptorChain.proceed(RealInterceptorChain.java:142)
08-04 00:33:18.586 13560 23196 E baseline.com.newsblur.network.APIResponse: 	at okhttp3.internal.http.RetryAndFollowUpInterceptor.intercept(RetryAndFollowUpInterceptor.java:88)
08-04 00:33:18.586 13560 23196 E baseline.com.newsblur.network.APIResponse: 	at okhttp3.internal.http.RealInterceptorChain.proceed(RealInterceptorChain.java:142)
08-04 00:33:18.586 13560 23196 E baseline.com.newsblur.network.APIResponse: 	at okhttp3.internal.http.RealInterceptorChain.proceed(RealInterceptorChain.java:117)
08-04 00:33:18.586 13560 23196 E baseline.com.newsblur.network.APIResponse: 	at okhttp3.RealCall.getResponseWithInterceptorChain(RealCall.java:229)
08-04 00:33:18.586 13560 23196 E baseline.com.newsblur.network.APIResponse: 	at okhttp3.RealCall.execute(RealCall.java:81)
08-04 00:33:18.586 13560 23196 E baseline.com.newsblur.network.APIResponse: 	at baseline.com.newsblur.network.APIResponse.<init>(APIResponse.java:57)
08-04 00:33:18.586 13560 23196 E baseline.com.newsblur.network.APIResponse: 	at baseline.com.newsblur.network.APIResponse.<init>(APIResponse.java:43)
08-04 00:33:18.586 13560 23196 E baseline.com.newsblur.network.APIResponse: 	at baseline.com.newsblur.network.APIManager.post_single(APIManager.java:702)
08-04 00:33:18.586 13560 23196 E baseline.com.newsblur.network.APIResponse: 	at baseline.com.newsblur.network.APIManager.post(APIManager.java:675)
08-04 00:33:18.586 13560 23196 E baseline.com.newsblur.network.APIResponse: 	at baseline.com.newsblur.network.APIManager.post(APIManager.java:714)
08-04 00:33:18.586 13560 23196 E baseline.com.newsblur.network.APIResponse: 	at baseline.com.newsblur.network.APIManager.markStoryAsRead(APIManager.java:205)
08-04 00:33:18.586 13560 23196 E baseline.com.newsblur.network.APIResponse: 	at baseline.com.newsblur.util.ReadingAction.doRemote(ReadingAction.java:281)
08-04 00:33:18.586 13560 23196 E baseline.com.newsblur.network.APIResponse: 	at baseline.com.newsblur.service.NBSyncService.syncActions(NBSyncService.java:400)
08-04 00:33:18.586 13560 23196 E baseline.com.newsblur.network.APIResponse: 	at baseline.com.newsblur.service.NBSyncService.doSync(NBSyncService.java:298)
08-04 00:33:18.586 13560 23196 E baseline.com.newsblur.network.APIResponse: 	at baseline.com.newsblur.service.NBSyncService.access$100(NBSyncService.java:67)
08-04 00:33:18.586 13560 23196 E baseline.com.newsblur.network.APIResponse: 	at baseline.com.newsblur.service.NBSyncService$1.run(NBSyncService.java:188)
08-04 00:33:18.586 13560 23196 E baseline.com.newsblur.network.APIResponse: 	at java.util.concurrent.ThreadPoolExecutor.runWorker(ThreadPoolExecutor.java:1113)
08-04 00:33:18.586 13560 23196 E baseline.com.newsblur.network.APIResponse: 	at java.util.concurrent.ThreadPoolExecutor$Worker.run(ThreadPoolExecutor.java:588)
08-04 00:33:18.586 13560 23196 E baseline.com.newsblur.network.APIResponse: 	at java.lang.Thread.run(Thread.java:818)
08-04 00:33:18.586 13560 23196 E baseline.com.newsblur.network.APIResponse: Caused by: java.io.EOFException: \n not found: limit=0 content=
08-04 00:33:18.586 13560 23196 E baseline.com.newsblur.network.APIResponse: 	at okio.RealBufferedSource.readUtf8LineStrict(RealBufferedSource.java:240)
08-04 00:33:18.586 13560 23196 E baseline.com.newsblur.network.APIResponse: 	at okhttp3.internal.http1.Http1ExchangeCodec.readHeaderLine(Http1ExchangeCodec.java:242)
08-04 00:33:18.586 13560 23196 E baseline.com.newsblur.network.APIResponse: 	at okhttp3.internal.http1.Http1ExchangeCodec.readResponseHeaders(Http1ExchangeCodec.java:213)
08-04 00:33:18.586 13560 23196 E baseline.com.newsblur.network.APIResponse: 	... 30 more
08-04 00:33:18.588 13560 23196 I baseline.com.newsblur.network.APIManager: API call failed, pausing before retry number 2
08-04 00:33:18.767 13560 21596 I art     : Starting a blocking GC Explicit
08-04 00:33:18.819 13560 21596 I art     : Explicit concurrent mark sweep GC freed 3949(357KB) AllocSpace objects, 3(60KB) LOS objects, 27% free, 41MB/57MB, paused 1.191ms total 51.990ms
08-04 00:33:18.831 13560 21596 I art     : Starting a blocking GC Explicit
08-04 00:33:18.881 13560 21596 I art     : Explicit concurrent mark sweep GC freed 109(3KB) AllocSpace objects, 0(0B) LOS objects, 27% free, 41MB/57MB, paused 1.179ms total 49.474ms
08-04 00:33:18.893 13560 21596 I art     : Starting a blocking GC Explicit
08-04 00:33:18.944 13560 21596 I art     : Explicit concurrent mark sweep GC freed 3(96B) AllocSpace objects, 0(0B) LOS objects, 27% free, 41MB/57MB, paused 1.226ms total 50.998ms
08-04 00:33:18.954 17791 17791 I ServiceManager: Waiting for service AtCmdFwd...
08-04 00:33:18.956 13560 21596 I art     : Starting a blocking GC Explicit
08-04 00:33:19.007 13560 21596 I art     : Explicit concurrent mark sweep GC freed 3(96B) AllocSpace objects, 0(0B) LOS objects, 27% free, 41MB/57MB, paused 1.142ms total 51.022ms
08-04 00:33:19.019 13560 21596 I art     : Starting a blocking GC Explicit
08-04 00:33:19.069 13560 21596 I art     : Explicit concurrent mark sweep GC freed 3(96B) AllocSpace objects, 0(0B) LOS objects, 27% free, 41MB/57MB, paused 1.323ms total 50.411ms
08-04 00:33:19.453 13560 21229 I art     : Starting a blocking GC Explicit
08-04 00:33:19.507 13560 21229 I art     : Explicit concurrent mark sweep GC freed 1441(82KB) AllocSpace objects, 1(20KB) LOS objects, 27% free, 41MB/57MB, paused 1.188ms total 53.814ms
08-04 00:33:19.523 13560 21229 I art     : Starting a blocking GC Explicit
08-04 00:33:19.571 13560 21229 I art     : Explicit concurrent mark sweep GC freed 22(784B) AllocSpace objects, 0(0B) LOS objects, 27% free, 41MB/57MB, paused 1.198ms total 48.204ms
08-04 00:33:19.582 13560 21229 I art     : Starting a blocking GC Explicit
08-04 00:33:19.631 13560 21229 I art     : Explicit concurrent mark sweep GC freed 3(96B) AllocSpace objects, 0(0B) LOS objects, 27% free, 41MB/57MB, paused 1.103ms total 48.503ms
08-04 00:33:19.643 13560 21229 I art     : Starting a blocking GC Explicit
08-04 00:33:19.691 13560 21229 I art     : Explicit concurrent mark sweep GC freed 3(96B) AllocSpace objects, 0(0B) LOS objects, 27% free, 41MB/57MB, paused 1.195ms total 48.564ms
08-04 00:33:19.703 13560 21229 I art     : Starting a blocking GC Explicit
08-04 00:33:19.753 13560 21229 I art     : Explicit concurrent mark sweep GC freed 3(96B) AllocSpace objects, 0(0B) LOS objects, 27% free, 41MB/57MB, paused 1.141ms total 49.661ms
08-04 00:33:19.954 17791 17791 I ServiceManager: Waiting for service AtCmdFwd...
08-04 00:33:20.118 13560 13572 I art     : Starting a blocking GC Explicit
08-04 00:33:20.170 13560 13572 I art     : Explicit concurrent mark sweep GC freed 1441(82KB) AllocSpace objects, 1(20KB) LOS objects, 27% free, 41MB/57MB, paused 1.196ms total 51.278ms
08-04 00:33:20.182 13560 13572 I art     : Starting a blocking GC Explicit
08-04 00:33:20.232 13560 13572 I art     : Explicit concurrent mark sweep GC freed 22(784B) AllocSpace objects, 0(0B) LOS objects, 27% free, 41MB/57MB, paused 1.169ms total 49.512ms
08-04 00:33:20.243 13560 13572 I art     : Starting a blocking GC Explicit
08-04 00:33:20.293 13560 13572 I art     : Explicit concurrent mark sweep GC freed 3(96B) AllocSpace objects, 0(0B) LOS objects, 27% free, 41MB/57MB, paused 1.104ms total 49.174ms
08-04 00:33:20.305 13560 13572 I art     : Starting a blocking GC Explicit
08-04 00:33:20.349 13560 13572 I art     : Explicit concurrent mark sweep GC freed 3(96B) AllocSpace objects, 0(0B) LOS objects, 27% free, 41MB/57MB, paused 1.232ms total 44.551ms
08-04 00:33:20.361 13560 13572 I art     : Starting a blocking GC Explicit
08-04 00:33:20.412 13560 13572 I art     : Explicit concurrent mark sweep GC freed 3(96B) AllocSpace objects, 0(0B) LOS objects, 27% free, 41MB/57MB, paused 1.182ms total 50.462ms
08-04 00:33:20.784 13560 13571 I art     : Starting a blocking GC Explicit
08-04 00:33:20.834 13560 13571 I art     : Explicit concurrent mark sweep GC freed 1442(82KB) AllocSpace objects, 1(20KB) LOS objects, 27% free, 41MB/57MB, paused 1.194ms total 49.329ms
08-04 00:33:20.845 13560 13571 I art     : Starting a blocking GC Explicit
08-04 00:33:20.896 13560 13571 I art     : Explicit concurrent mark sweep GC freed 22(784B) AllocSpace objects, 0(0B) LOS objects, 27% free, 41MB/57MB, paused 1.219ms total 50.699ms
08-04 00:33:20.908 13560 13571 I art     : Starting a blocking GC Explicit
08-04 00:33:20.955 17791 17791 I ServiceManager: Waiting for service AtCmdFwd...
08-04 00:33:20.957 13560 13571 I art     : Explicit concurrent mark sweep GC freed 3(96B) AllocSpace objects, 0(0B) LOS objects, 27% free, 41MB/57MB, paused 1.196ms total 48.784ms
08-04 00:33:20.970 13560 13571 I art     : Starting a blocking GC Explicit
08-04 00:33:21.021 13560 13571 I art     : Explicit concurrent mark sweep GC freed 3(96B) AllocSpace objects, 0(0B) LOS objects, 27% free, 41MB/57MB, paused 1.170ms total 51.440ms
08-04 00:33:21.034 13560 13571 I art     : Starting a blocking GC Explicit
08-04 00:33:21.084 13560 13571 I art     : Explicit concurrent mark sweep GC freed 3(96B) AllocSpace objects, 0(0B) LOS objects, 27% free, 41MB/57MB, paused 1.198ms total 49.817ms
08-04 00:33:21.451 13560 21596 I art     : Starting a blocking GC Explicit
08-04 00:33:21.503 13560 21596 I art     : Explicit concurrent mark sweep GC freed 1441(82KB) AllocSpace objects, 1(20KB) LOS objects, 27% free, 41MB/57MB, paused 1.206ms total 51.751ms
08-04 00:33:21.518 13560 21596 I art     : Starting a blocking GC Explicit
08-04 00:33:21.566 13560 21596 I art     : Explicit concurrent mark sweep GC freed 22(784B) AllocSpace objects, 0(0B) LOS objects, 27% free, 41MB/57MB, paused 1.169ms total 47.146ms
08-04 00:33:21.577 13560 21596 I art     : Starting a blocking GC Explicit
08-04 00:33:21.625 13560 21596 I art     : Explicit concurrent mark sweep GC freed 94(3KB) AllocSpace objects, 0(0B) LOS objects, 27% free, 41MB/57MB, paused 1.273ms total 47.915ms
08-04 00:33:21.637 13560 21596 I art     : Starting a blocking GC Explicit
08-04 00:33:21.686 13560 21596 I art     : Explicit concurrent mark sweep GC freed 9(352B) AllocSpace objects, 0(0B) LOS objects, 27% free, 41MB/57MB, paused 1.248ms total 48.827ms
08-04 00:33:21.698 13560 21596 I art     : Starting a blocking GC Explicit
08-04 00:33:21.747 13560 21596 I art     : Explicit concurrent mark sweep GC freed 68(4KB) AllocSpace objects, 0(0B) LOS objects, 27% free, 41MB/57MB, paused 1.217ms total 48.788ms
08-04 00:33:21.955 17791 17791 I ServiceManager: Waiting for service AtCmdFwd...
08-04 00:33:22.097 13560 21229 I art     : Starting a blocking GC Explicit
08-04 00:33:22.149 13560 21229 I art     : Explicit concurrent mark sweep GC freed 3104(149KB) AllocSpace objects, 1(20KB) LOS objects, 27% free, 41MB/57MB, paused 1.358ms total 51.339ms
08-04 00:33:22.161 13560 21229 I art     : Starting a blocking GC Explicit
08-04 00:33:22.168 13560 23196 E baseline.com.newsblur.network.APIResponse: Error (unexpected end of stream on https://www.newsblur.com/...) calling https://www.newsblur.com/reader/mark_story_hashes_as_read/
08-04 00:33:22.168 13560 23196 E baseline.com.newsblur.network.APIResponse: java.io.IOException: unexpected end of stream on https://www.newsblur.com/...
08-04 00:33:22.168 13560 23196 E baseline.com.newsblur.network.APIResponse: 	at okhttp3.internal.http1.Http1ExchangeCodec.readResponseHeaders(Http1ExchangeCodec.java:236)
08-04 00:33:22.168 13560 23196 E baseline.com.newsblur.network.APIResponse: 	at okhttp3.internal.connection.Exchange.readResponseHeaders(Exchange.java:115)
08-04 00:33:22.168 13560 23196 E baseline.com.newsblur.network.APIResponse: 	at okhttp3.internal.http.CallServerInterceptor.intercept(CallServerInterceptor.java:94)
08-04 00:33:22.168 13560 23196 E baseline.com.newsblur.network.APIResponse: 	at okhttp3.internal.http.RealInterceptorChain.proceed(RealInterceptorChain.java:142)
08-04 00:33:22.168 13560 23196 E baseline.com.newsblur.network.APIResponse: 	at okhttp3.internal.connection.ConnectInterceptor.intercept(ConnectInterceptor.java:43)
08-04 00:33:22.168 13560 23196 E baseline.com.newsblur.network.APIResponse: 	at okhttp3.internal.http.RealInterceptorChain.proceed(RealInterceptorChain.java:142)
08-04 00:33:22.168 13560 23196 E baseline.com.newsblur.network.APIResponse: 	at okhttp3.internal.http.RealInterceptorChain.proceed(RealInterceptorChain.java:117)
08-04 00:33:22.168 13560 23196 E baseline.com.newsblur.network.APIResponse: 	at okhttp3.internal.cache.CacheInterceptor.intercept(CacheInterceptor.java:94)
08-04 00:33:22.168 13560 23196 E baseline.com.newsblur.network.APIResponse: 	at okhttp3.internal.http.RealInterceptorChain.proceed(RealInterceptorChain.java:142)
08-04 00:33:22.168 13560 23196 E baseline.com.newsblur.network.APIResponse: 	at okhttp3.internal.http.RealInterceptorChain.proceed(RealInterceptorChain.java:117)
08-04 00:33:22.168 13560 23196 E baseline.com.newsblur.network.APIResponse: 	at okhttp3.internal.http.BridgeInterceptor.intercept(BridgeInterceptor.java:93)
08-04 00:33:22.168 13560 23196 E baseline.com.newsblur.network.APIResponse: 	at okhttp3.internal.http.RealInterceptorChain.proceed(RealInterceptorChain.java:142)
08-04 00:33:22.168 13560 23196 E baseline.com.newsblur.network.APIResponse: 	at okhttp3.internal.http.RetryAndFollowUpInterceptor.intercept(RetryAndFollowUpInterceptor.java:88)
08-04 00:33:22.168 13560 23196 E baseline.com.newsblur.network.APIResponse: 	at okhttp3.internal.http.RealInterceptorChain.proceed(RealInterceptorChain.java:142)
08-04 00:33:22.168 13560 23196 E baseline.com.newsblur.network.APIResponse: 	at okhttp3.internal.http.RealInterceptorChain.proceed(RealInterceptorChain.java:117)
08-04 00:33:22.168 13560 23196 E baseline.com.newsblur.network.APIResponse: 	at okhttp3.RealCall.getResponseWithInterceptorChain(RealCall.java:229)
08-04 00:33:22.168 13560 23196 E baseline.com.newsblur.network.APIResponse: 	at okhttp3.RealCall.execute(RealCall.java:81)
08-04 00:33:22.168 13560 23196 E baseline.com.newsblur.network.APIResponse: 	at baseline.com.newsblur.network.APIResponse.<init>(APIResponse.java:57)
08-04 00:33:22.168 13560 23196 E baseline.com.newsblur.network.APIResponse: 	at baseline.com.newsblur.network.APIResponse.<init>(APIResponse.java:43)
08-04 00:33:22.168 13560 23196 E baseline.com.newsblur.network.APIResponse: 	at baseline.com.newsblur.network.APIManager.post_single(APIManager.java:702)
08-04 00:33:22.168 13560 23196 E baseline.com.newsblur.network.APIResponse: 	at baseline.com.newsblur.network.APIManager.post(APIManager.java:675)
08-04 00:33:22.168 13560 23196 E baseline.com.newsblur.network.APIResponse: 	at baseline.com.newsblur.network.APIManager.post(APIManager.java:714)
08-04 00:33:22.168 13560 23196 E baseline.com.newsblur.network.APIResponse: 	at baseline.com.newsblur.network.APIManager.markStoryAsRead(APIManager.java:205)
08-04 00:33:22.168 13560 23196 E baseline.com.newsblur.network.APIResponse: 	at baseline.com.newsblur.util.ReadingAction.doRemote(ReadingAction.java:281)
08-04 00:33:22.168 13560 23196 E baseline.com.newsblur.network.APIResponse: 	at baseline.com.newsblur.service.NBSyncService.syncActions(NBSyncService.java:400)
08-04 00:33:22.168 13560 23196 E baseline.com.newsblur.network.APIResponse: 	at baseline.com.newsblur.service.NBSyncService.doSync(NBSyncService.java:298)
08-04 00:33:22.168 13560 23196 E baseline.com.newsblur.network.APIResponse: 	at baseline.com.newsblur.service.NBSyncService.access$100(NBSyncService.java:67)
08-04 00:33:22.168 13560 23196 E baseline.com.newsblur.network.APIResponse: 	at baseline.com.newsblur.service.NBSyncService$1.run(NBSyncService.java:188)
08-04 00:33:22.168 13560 23196 E baseline.com.newsblur.network.APIResponse: 	at java.util.concurrent.ThreadPoolExecutor.runWorker(ThreadPoolExecutor.java:1113)
08-04 00:33:22.168 13560 23196 E baseline.com.newsblur.network.APIResponse: 	at java.util.concurrent.ThreadPoolExecutor$Worker.run(ThreadPoolExecutor.java:588)
08-04 00:33:22.168 13560 23196 E baseline.com.newsblur.network.APIResponse: 	at java.lang.Thread.run(Thread.java:818)
08-04 00:33:22.168 13560 23196 E baseline.com.newsblur.network.APIResponse: Caused by: java.io.EOFException: \n not found: limit=0 content=
08-04 00:33:22.168 13560 23196 E baseline.com.newsblur.network.APIResponse: 	at okio.RealBufferedSource.readUtf8LineStrict(RealBufferedSource.java:240)
08-04 00:33:22.168 13560 23196 E baseline.com.newsblur.network.APIResponse: 	at okhttp3.internal.http1.Http1ExchangeCodec.readHeaderLine(Http1ExchangeCodec.java:242)
08-04 00:33:22.168 13560 23196 E baseline.com.newsblur.network.APIResponse: 	at okhttp3.internal.http1.Http1ExchangeCodec.readResponseHeaders(Http1ExchangeCodec.java:213)
08-04 00:33:22.168 13560 23196 E baseline.com.newsblur.network.APIResponse: 	... 30 more
08-04 00:33:22.170 13560 23196 I baseline.com.newsblur.service.NBSyncService: Holding reading action with server-side or network error.
08-04 00:33:22.185 13560 23196 W baseline.com.newsblur.service.NBSyncService: hard API failure
08-04 00:33:22.210 13560 21229 I art     : Explicit concurrent mark sweep GC freed 1207(244KB) AllocSpace objects, 4(80KB) LOS objects, 27% free, 41MB/57MB, paused 1.310ms total 48.698ms
08-04 00:33:22.221 13560 21229 I art     : Starting a blocking GC Explicit
08-04 00:33:22.270 13560 21229 I art     : Explicit concurrent mark sweep GC freed 155(18KB) AllocSpace objects, 0(0B) LOS objects, 27% free, 41MB/57MB, paused 1.247ms total 48.134ms
08-04 00:33:22.281 13560 21229 I art     : Starting a blocking GC Explicit
08-04 00:33:22.329 13560 21229 I art     : Explicit concurrent mark sweep GC freed 25(832B) AllocSpace objects, 0(0B) LOS objects, 27% free, 41MB/57MB, paused 1.296ms total 48.021ms
08-04 00:33:22.337 23379 23379 D AndroidRuntime: >>>>>> START com.android.internal.os.RuntimeInit uid 2000 <<<<<<
08-04 00:33:22.341 13560 21229 I art     : Starting a blocking GC Explicit
08-04 00:33:22.342 23379 23379 D AndroidRuntime: CheckJNI is OFF
08-04 00:33:22.375 23379 23379 D ICU     : No timezone override file found: /data/misc/zoneinfo/current/icu/icu_tzdata.dat
08-04 00:33:22.389 13560 21229 I art     : Explicit concurrent mark sweep GC freed 3(96B) AllocSpace objects, 0(0B) LOS objects, 27% free, 41MB/57MB, paused 1.239ms total 48.029ms
08-04 00:33:22.412 23379 23379 I Radio-JNI: register_android_hardware_Radio DONE
08-04 00:33:22.433 23379 23379 D AndroidRuntime: Calling main entry com.android.commands.input.Input
08-04 00:33:22.435 23379 23379 I Input   : injectMotionEvent: MotionEvent { action=ACTION_DOWN, actionButton=0, id[0]=0, x[0]=436.0, y[0]=453.0, toolType[0]=TOOL_TYPE_UNKNOWN, buttonState=0, metaState=0, flags=0x0, edgeFlags=0x0, pointerCount=1, historySize=0, eventTime=664418848, downTime=664418848, deviceId=0, source=0x1002 }
08-04 00:33:22.441 23379 23379 I Input   : injectMotionEvent: MotionEvent { action=ACTION_UP, actionButton=0, id[0]=0, x[0]=436.0, y[0]=453.0, toolType[0]=TOOL_TYPE_UNKNOWN, buttonState=0, metaState=0, flags=0x0, edgeFlags=0x0, pointerCount=1, historySize=0, eventTime=664418848, downTime=664418848, deviceId=0, source=0x1002 }
08-04 00:33:22.443 23379 23379 D AndroidRuntime: Shutting down VM
08-04 00:33:22.457   512  2967 D audio_hw_primary: out_set_parameters: enter: usecase(1: low-latency-playback) kvpairs: routing=2
08-04 00:33:22.458   918  6110 I ActivityManager: START u0 {cmp=baseline.com.newsblur/.activity.AllSharedStoriesReading (has extras)} from uid 10652 on display 0
08-04 00:33:22.470   512  2967 D audio_hw_primary: select_devices: out_snd_device(2: speaker) in_snd_device(0: none)
08-04 00:33:22.470   512  2967 D msm8974_platform: platform_send_audio_calibration: sending audio calibration for snd_device(2) acdb_id(15)
08-04 00:33:22.470   512  2967 I soundtrigger: audio_extn_sound_trigger_update_device_status: device 0x2 of type 0 for Event 1
08-04 00:33:22.481   512  2967 D audio_hw_primary: enable_snd_device: snd_device(2: speaker)
08-04 00:33:22.484   512  2967 D audio_hw_primary: enable_audio_route: apply and update mixer path: low-latency-playback speaker
08-04 00:33:22.562 13560 23196 E baseline.com.newsblur.network.APIResponse: Error (unexpected end of stream on https://www.newsblur.com/...) calling https://www.newsblur.com/reader/mark_story_hashes_as_read/
08-04 00:33:22.562 13560 23196 E baseline.com.newsblur.network.APIResponse: java.io.IOException: unexpected end of stream on https://www.newsblur.com/...
08-04 00:33:22.562 13560 23196 E baseline.com.newsblur.network.APIResponse: 	at okhttp3.internal.http1.Http1ExchangeCodec.readResponseHeaders(Http1ExchangeCodec.java:236)
08-04 00:33:22.562 13560 23196 E baseline.com.newsblur.network.APIResponse: 	at okhttp3.internal.connection.Exchange.readResponseHeaders(Exchange.java:115)
08-04 00:33:22.562 13560 23196 E baseline.com.newsblur.network.APIResponse: 	at okhttp3.internal.http.CallServerInterceptor.intercept(CallServerInterceptor.java:94)
08-04 00:33:22.562 13560 23196 E baseline.com.newsblur.network.APIResponse: 	at okhttp3.internal.http.RealInterceptorChain.proceed(RealInterceptorChain.java:142)
08-04 00:33:22.562 13560 23196 E baseline.com.newsblur.network.APIResponse: 	at okhttp3.internal.connection.ConnectInterceptor.intercept(ConnectInterceptor.java:43)
08-04 00:33:22.562 13560 23196 E baseline.com.newsblur.network.APIResponse: 	at okhttp3.internal.http.RealInterceptorChain.proceed(RealInterceptorChain.java:142)
08-04 00:33:22.562 13560 23196 E baseline.com.newsblur.network.APIResponse: 	at okhttp3.internal.http.RealInterceptorChain.proceed(RealInterceptorChain.java:117)
08-04 00:33:22.562 13560 23196 E baseline.com.newsblur.network.APIResponse: 	at okhttp3.internal.cache.CacheInterceptor.intercept(CacheInterceptor.java:94)
08-04 00:33:22.562 13560 23196 E baseline.com.newsblur.network.APIResponse: 	at okhttp3.internal.http.RealInterceptorChain.proceed(RealInterceptorChain.java:142)
08-04 00:33:22.562 13560 23196 E baseline.com.newsblur.network.APIResponse: 	at okhttp3.internal.http.RealInterceptorChain.proceed(RealInterceptorChain.java:117)
08-04 00:33:22.562 13560 23196 E baseline.com.newsblur.network.APIResponse: 	at okhttp3.internal.http.BridgeInterceptor.intercept(BridgeInterceptor.java:93)
08-04 00:33:22.562 13560 23196 E baseline.com.newsblur.network.APIResponse: 	at okhttp3.internal.http.RealInterceptorChain.proceed(RealInterceptorChain.java:142)
08-04 00:33:22.562 13560 23196 E baseline.com.newsblur.network.APIResponse: 	at okhttp3.internal.http.RetryAndFollowUpInterceptor.intercept(RetryAndFollowUpInterceptor.java:88)
08-04 00:33:22.562 13560 23196 E baseline.com.newsblur.network.APIResponse: 	at okhttp3.internal.http.RealInterceptorChain.proceed(RealInterceptorChain.java:142)
08-04 00:33:22.562 13560 23196 E baseline.com.newsblur.network.APIResponse: 	at okhttp3.internal.http.RealInterceptorChain.proceed(RealInterceptorChain.java:117)
08-04 00:33:22.562 13560 23196 E baseline.com.newsblur.network.APIResponse: 	at okhttp3.RealCall.getResponseWithInterceptorChain(RealCall.java:229)
08-04 00:33:22.562 13560 23196 E baseline.com.newsblur.network.APIResponse: 	at okhttp3.RealCall.execute(RealCall.java:81)
08-04 00:33:22.562 13560 23196 E baseline.com.newsblur.network.APIResponse: 	at baseline.com.newsblur.network.APIResponse.<init>(APIResponse.java:57)
08-04 00:33:22.562 13560 23196 E baseline.com.newsblur.network.APIResponse: 	at baseline.com.newsblur.network.APIResponse.<init>(APIResponse.java:43)
08-04 00:33:22.562 13560 23196 E baseline.com.newsblur.network.APIResponse: 	at baseline.com.newsblur.network.APIManager.post_single(APIManager.java:702)
08-04 00:33:22.562 13560 23196 E baseline.com.newsblur.network.APIResponse: 	at baseline.com.newsblur.network.APIManager.post(APIManager.java:675)
08-04 00:33:22.562 13560 23196 E baseline.com.newsblur.network.APIResponse: 	at baseline.com.newsblur.network.APIManager.post(APIManager.java:714)
08-04 00:33:22.562 13560 23196 E baseline.com.newsblur.network.APIResponse: 	at baseline.com.newsblur.network.APIManager.markStoryAsRead(APIManager.java:205)
08-04 00:33:22.562 13560 23196 E baseline.com.newsblur.network.APIResponse: 	at baseline.com.newsblur.util.ReadingAction.doRemote(ReadingAction.java:281)
08-04 00:33:22.562 13560 23196 E baseline.com.newsblur.network.APIResponse: 	at baseline.com.newsblur.service.NBSyncService.syncActions(NBSyncService.java:400)
08-04 00:33:22.562 13560 23196 E baseline.com.newsblur.network.APIResponse: 	at baseline.com.newsblur.service.NBSyncService.doSync(NBSyncService.java:298)
08-04 00:33:22.562 13560 23196 E baseline.com.newsblur.network.APIResponse: 	at baseline.com.newsblur.service.NBSyncService.access$100(NBSyncService.java:67)
08-04 00:33:22.562 13560 23196 E baseline.com.newsblur.network.APIResponse: 	at baseline.com.newsblur.service.NBSyncService$1.run(NBSyncService.java:188)
08-04 00:33:22.562 13560 23196 E baseline.com.newsblur.network.APIResponse: 	at java.util.concurrent.ThreadPoolExecutor.runWorker(ThreadPoolExecutor.java:1113)
08-04 00:33:22.562 13560 23196 E baseline.com.newsblur.network.APIResponse: 	at java.util.concurrent.ThreadPoolExecutor$Worker.run(ThreadPoolExecutor.java:588)
08-04 00:33:22.562 13560 23196 E baseline.com.newsblur.network.APIResponse: 	at java.lang.Thread.run(Thread.java:818)
08-04 00:33:22.562 13560 23196 E baseline.com.newsblur.network.APIResponse: Caused by: java.io.EOFException: \n not found: limit=0 content=
08-04 00:33:22.562 13560 23196 E baseline.com.newsblur.network.APIResponse: 	at okio.RealBufferedSource.readUtf8LineStrict(RealBufferedSource.java:240)
08-04 00:33:22.562 13560 23196 E baseline.com.newsblur.network.APIResponse: 	at okhttp3.internal.http1.Http1ExchangeCodec.readHeaderLine(Http1ExchangeCodec.java:242)
08-04 00:33:22.562 13560 23196 E baseline.com.newsblur.network.APIResponse: 	at okhttp3.internal.http1.Http1ExchangeCodec.readResponseHeaders(Http1ExchangeCodec.java:213)
08-04 00:33:22.562 13560 23196 E baseline.com.newsblur.network.APIResponse: 	... 30 more
08-04 00:33:22.563 13560 23196 I baseline.com.newsblur.network.APIManager: API call failed, pausing before retry number 1
08-04 00:33:22.692 13560 21596 I art     : Starting a blocking GC Explicit
08-04 00:33:22.699   918   936 I ActivityManager: Displayed baseline.com.newsblur/.activity.AllSharedStoriesReading: +232ms
08-04 00:33:22.700 13866 13866 I GoogleInputMethodServic: GoogleInputMethodService.onFinishInput():3138 
08-04 00:33:22.700 13866 13866 I GoogleInputMethodServic: GoogleInputMethodService.onStartInput():1808 
08-04 00:33:22.748 13560 21596 I art     : Explicit concurrent mark sweep GC freed 6888(621KB) AllocSpace objects, 10(628KB) LOS objects, 27% free, 42MB/58MB, paused 1.592ms total 54.969ms
08-04 00:33:22.759 13560 21596 I art     : Starting a blocking GC Explicit
08-04 00:33:22.812 13560 21596 I art     : Explicit concurrent mark sweep GC freed 1937(151KB) AllocSpace objects, 10(236KB) LOS objects, 27% free, 42MB/58MB, paused 1.333ms total 52.226ms
08-04 00:33:22.824 13560 21596 I art     : Starting a blocking GC Explicit
08-04 00:33:22.873 13560 21596 I art     : Explicit concurrent mark sweep GC freed 1025(69KB) AllocSpace objects, 1(28KB) LOS objects, 27% free, 42MB/58MB, paused 1.195ms total 48.338ms
08-04 00:33:22.884 13560 21596 I art     : Starting a blocking GC Explicit
08-04 00:33:22.923 13560 21643 E chromium: [ERROR:tile_manager.cc(793)] WARNING: tile memory limits exceeded, some content may not draw
08-04 00:33:22.924 13560 21643 E chromium: [ERROR:tile_manager.cc(793)] WARNING: tile memory limits exceeded, some content may not draw
08-04 00:33:22.930 13560 21596 I art     : Explicit concurrent mark sweep GC freed 55(10KB) AllocSpace objects, 0(0B) LOS objects, 27% free, 42MB/58MB, paused 1.128ms total 45.852ms
08-04 00:33:22.941 13560 21596 I art     : Starting a blocking GC Explicit
08-04 00:33:22.956 17791 17791 I ServiceManager: Waiting for service AtCmdFwd...
08-04 00:33:22.985 13560 21596 I art     : Explicit concurrent mark sweep GC freed 14(544B) AllocSpace objects, 0(0B) LOS objects, 27% free, 42MB/58MB, paused 1.096ms total 43.682ms
08-04 00:33:23.028   512  2967 D audio_hw_primary: disable_audio_route: reset and update mixer path: low-latency-playback speaker
08-04 00:33:23.029   512  2967 D audio_hw_primary: disable_snd_device: snd_device(2: speaker)
08-04 00:33:23.036   512  2967 I soundtrigger: audio_extn_sound_trigger_update_device_status: device 0x2 of type 0 for Event 0
08-04 00:33:23.301 13560 21596 I art     : Starting a blocking GC Explicit
08-04 00:33:23.352 13560 21596 I art     : Explicit concurrent mark sweep GC freed 1626(102KB) AllocSpace objects, 2(40KB) LOS objects, 27% free, 42MB/58MB, paused 1.177ms total 51.533ms
08-04 00:33:23.364 13560 21596 I art     : Starting a blocking GC Explicit
08-04 00:33:23.415 13560 21596 I art     : Explicit concurrent mark sweep GC freed 29(1072B) AllocSpace objects, 0(0B) LOS objects, 27% free, 42MB/58MB, paused 1.227ms total 51.376ms
08-04 00:33:23.427 13560 21596 I art     : Starting a blocking GC Explicit
08-04 00:33:23.479 13560 21596 I art     : Explicit concurrent mark sweep GC freed 3(96B) AllocSpace objects, 0(0B) LOS objects, 27% free, 42MB/58MB, paused 1.225ms total 51.770ms
08-04 00:33:23.491 13560 21596 I art     : Starting a blocking GC Explicit
08-04 00:33:23.544 13560 21596 I art     : Explicit concurrent mark sweep GC freed 3(96B) AllocSpace objects, 0(0B) LOS objects, 27% free, 42MB/58MB, paused 1.250ms total 52.646ms
08-04 00:33:23.557 13560 21596 I art     : Starting a blocking GC Explicit
08-04 00:33:23.611 13560 21596 I art     : Explicit concurrent mark sweep GC freed 3(96B) AllocSpace objects, 0(0B) LOS objects, 27% free, 42MB/58MB, paused 1.279ms total 54.240ms
08-04 00:33:23.956 17791 17791 W Atfwd_Sendcmd: AtCmdFwd service not published, waiting... retryCnt : 5
08-04 00:33:23.965 13560 13572 I art     : Starting a blocking GC Explicit
08-04 00:33:24.016 13560 13572 I art     : Explicit concurrent mark sweep GC freed 1456(83KB) AllocSpace objects, 1(20KB) LOS objects, 27% free, 42MB/58MB, paused 1.117ms total 51.384ms
08-04 00:33:24.029 13560 13572 I art     : Starting a blocking GC Explicit
08-04 00:33:24.078 13560 13572 I art     : Explicit concurrent mark sweep GC freed 130(4KB) AllocSpace objects, 0(0B) LOS objects, 27% free, 42MB/58MB, paused 1.169ms total 48.849ms
08-04 00:33:24.090 13560 13572 I art     : Starting a blocking GC Explicit
08-04 00:33:24.138 13560 13572 I art     : Explicit concurrent mark sweep GC freed 21(736B) AllocSpace objects, 0(0B) LOS objects, 27% free, 42MB/58MB, paused 1.322ms total 48.031ms
08-04 00:33:24.150 13560 13572 I art     : Starting a blocking GC Explicit
08-04 00:33:24.207 13560 13572 I art     : Explicit concurrent mark sweep GC freed 83(4KB) AllocSpace objects, 0(0B) LOS objects, 27% free, 42MB/58MB, paused 1.290ms total 56.764ms
08-04 00:33:24.220 13560 13572 I art     : Starting a blocking GC Explicit
08-04 00:33:24.268 13560 13572 I art     : Explicit concurrent mark sweep GC freed 13(1440B) AllocSpace objects, 0(0B) LOS objects, 27% free, 42MB/58MB, paused 1.314ms total 47.655ms
08-04 00:33:24.613 13560 23196 E baseline.com.newsblur.network.APIResponse: Error (unexpected end of stream on https://www.newsblur.com/...) calling https://www.newsblur.com/reader/mark_story_hashes_as_read/
08-04 00:33:24.613 13560 23196 E baseline.com.newsblur.network.APIResponse: java.io.IOException: unexpected end of stream on https://www.newsblur.com/...
08-04 00:33:24.613 13560 23196 E baseline.com.newsblur.network.APIResponse: 	at okhttp3.internal.http1.Http1ExchangeCodec.readResponseHeaders(Http1ExchangeCodec.java:236)
08-04 00:33:24.613 13560 23196 E baseline.com.newsblur.network.APIResponse: 	at okhttp3.internal.connection.Exchange.readResponseHeaders(Exchange.java:115)
08-04 00:33:24.613 13560 23196 E baseline.com.newsblur.network.APIResponse: 	at okhttp3.internal.http.CallServerInterceptor.intercept(CallServerInterceptor.java:94)
08-04 00:33:24.613 13560 23196 E baseline.com.newsblur.network.APIResponse: 	at okhttp3.internal.http.RealInterceptorChain.proceed(RealInterceptorChain.java:142)
08-04 00:33:24.613 13560 23196 E baseline.com.newsblur.network.APIResponse: 	at okhttp3.internal.connection.ConnectInterceptor.intercept(ConnectInterceptor.java:43)
08-04 00:33:24.613 13560 23196 E baseline.com.newsblur.network.APIResponse: 	at okhttp3.internal.http.RealInterceptorChain.proceed(RealInterceptorChain.java:142)
08-04 00:33:24.613 13560 23196 E baseline.com.newsblur.network.APIResponse: 	at okhttp3.internal.http.RealInterceptorChain.proceed(RealInterceptorChain.java:117)
08-04 00:33:24.613 13560 23196 E baseline.com.newsblur.network.APIResponse: 	at okhttp3.internal.cache.CacheInterceptor.intercept(CacheInterceptor.java:94)
08-04 00:33:24.613 13560 23196 E baseline.com.newsblur.network.APIResponse: 	at okhttp3.internal.http.RealInterceptorChain.proceed(RealInterceptorChain.java:142)
08-04 00:33:24.613 13560 23196 E baseline.com.newsblur.network.APIResponse: 	at okhttp3.internal.http.RealInterceptorChain.proceed(RealInterceptorChain.java:117)
08-04 00:33:24.613 13560 23196 E baseline.com.newsblur.network.APIResponse: 	at okhttp3.internal.http.BridgeInterceptor.intercept(BridgeInterceptor.java:93)
08-04 00:33:24.613 13560 23196 E baseline.com.newsblur.network.APIResponse: 	at okhttp3.internal.http.RealInterceptorChain.proceed(RealInterceptorChain.java:142)
08-04 00:33:24.613 13560 23196 E baseline.com.newsblur.network.APIResponse: 	at okhttp3.internal.http.RetryAndFollowUpInterceptor.intercept(RetryAndFollowUpInterceptor.java:88)
08-04 00:33:24.613 13560 23196 E baseline.com.newsblur.network.APIResponse: 	at okhttp3.internal.http.RealInterceptorChain.proceed(RealInterceptorChain.java:142)
08-04 00:33:24.613 13560 23196 E baseline.com.newsblur.network.APIResponse: 	at okhttp3.internal.http.RealInterceptorChain.proceed(RealInterceptorChain.java:117)
08-04 00:33:24.613 13560 23196 E baseline.com.newsblur.network.APIResponse: 	at okhttp3.RealCall.getResponseWithInterceptorChain(RealCall.java:229)
08-04 00:33:24.613 13560 23196 E baseline.com.newsblur.network.APIResponse: 	at okhttp3.RealCall.execute(RealCall.java:81)
08-04 00:33:24.613 13560 23196 E baseline.com.newsblur.network.APIResponse: 	at baseline.com.newsblur.network.APIResponse.<init>(APIResponse.java:57)
08-04 00:33:24.613 13560 23196 E baseline.com.newsblur.network.APIResponse: 	at baseline.com.newsblur.network.APIResponse.<init>(APIResponse.java:43)
08-04 00:33:24.613 13560 23196 E baseline.com.newsblur.network.APIResponse: 	at baseline.com.newsblur.network.APIManager.post_single(APIManager.java:702)
08-04 00:33:24.613 13560 23196 E baseline.com.newsblur.network.APIResponse: 	at baseline.com.newsblur.network.APIManager.post(APIManager.java:675)
08-04 00:33:24.613 13560 23196 E baseline.com.newsblur.network.APIResponse: 	at baseline.com.newsblur.network.APIManager.post(APIManager.java:714)
08-04 00:33:24.613 13560 23196 E baseline.com.newsblur.network.APIResponse: 	at baseline.com.newsblur.network.APIManager.markStoryAsRead(APIManager.java:205)
08-04 00:33:24.613 13560 23196 E baseline.com.newsblur.network.APIResponse: 	at baseline.com.newsblur.util.ReadingAction.doRemote(ReadingAction.java:281)
08-04 00:33:24.613 13560 23196 E baseline.com.newsblur.network.APIResponse: 	at baseline.com.newsblur.service.NBSyncService.syncActions(NBSyncService.java:400)
08-04 00:33:24.613 13560 23196 E baseline.com.newsblur.network.APIResponse: 	at baseline.com.newsblur.service.NBSyncService.doSync(NBSyncService.java:298)
08-04 00:33:24.613 13560 23196 E baseline.com.newsblur.network.APIResponse: 	at baseline.com.newsblur.service.NBSyncService.access$100(NBSyncService.java:67)
08-04 00:33:24.613 13560 23196 E baseline.com.newsblur.network.APIResponse: 	at baseline.com.newsblur.service.NBSyncService$1.run(NBSyncService.java:188)
08-04 00:33:24.613 13560 23196 E baseline.com.newsblur.network.APIResponse: 	at java.util.concurrent.ThreadPoolExecutor.runWorker(ThreadPoolExecutor.java:1113)
08-04 00:33:24.613 13560 23196 E baseline.com.newsblur.network.APIResponse: 	at java.util.concurrent.ThreadPoolExecutor$Worker.run(ThreadPoolExecutor.java:588)
08-04 00:33:24.613 13560 23196 E baseline.com.newsblur.network.APIResponse: 	at java.lang.Thread.run(Thread.java:818)
08-04 00:33:24.613 13560 23196 E baseline.com.newsblur.network.APIResponse: Caused by: java.io.EOFException: \n not found: limit=0 content=
08-04 00:33:24.613 13560 23196 E baseline.com.newsblur.network.APIResponse: 	at okio.RealBufferedSource.readUtf8LineStrict(RealBufferedSource.java:240)
08-04 00:33:24.613 13560 23196 E baseline.com.newsblur.network.APIResponse: 	at okhttp3.internal.http1.Http1ExchangeCodec.readHeaderLine(Http1ExchangeCodec.java:242)
08-04 00:33:24.613 13560 23196 E baseline.com.newsblur.network.APIResponse: 	at okhttp3.internal.http1.Http1ExchangeCodec.readResponseHeaders(Http1ExchangeCodec.java:213)
08-04 00:33:24.613 13560 23196 E baseline.com.newsblur.network.APIResponse: 	... 30 more
08-04 00:33:24.614 13560 23196 I baseline.com.newsblur.network.APIManager: API call failed, pausing before retry number 2
08-04 00:33:24.642 13560 21229 I art     : Starting a blocking GC Explicit
08-04 00:33:24.699 13560 21229 I art     : Explicit concurrent mark sweep GC freed 3953(357KB) AllocSpace objects, 3(60KB) LOS objects, 27% free, 42MB/58MB, paused 1.196ms total 56.367ms
08-04 00:33:24.715 13560 21229 I art     : Starting a blocking GC Explicit
08-04 00:33:24.767 13560 21229 I art     : Explicit concurrent mark sweep GC freed 109(3KB) AllocSpace objects, 0(0B) LOS objects, 27% free, 42MB/58MB, paused 1.208ms total 51.295ms
08-04 00:33:24.778 13560 21229 I art     : Starting a blocking GC Explicit
08-04 00:33:24.830 13560 21229 I art     : Explicit concurrent mark sweep GC freed 3(96B) AllocSpace objects, 0(0B) LOS objects, 27% free, 42MB/58MB, paused 1.167ms total 51.129ms
08-04 00:33:24.841 13560 21229 I art     : Starting a blocking GC Explicit
08-04 00:33:24.893 13560 21229 I art     : Explicit concurrent mark sweep GC freed 3(96B) AllocSpace objects, 0(0B) LOS objects, 27% free, 42MB/58MB, paused 1.225ms total 51.136ms
08-04 00:33:24.905 13560 21229 I art     : Starting a blocking GC Explicit
08-04 00:33:24.958 13560 21229 I art     : Explicit concurrent mark sweep GC freed 3(96B) AllocSpace objects, 0(0B) LOS objects, 27% free, 42MB/58MB, paused 1.331ms total 53.323ms
08-04 00:33:25.358 13560 13571 I art     : Starting a blocking GC Explicit
08-04 00:33:25.406 13560 13571 I art     : Explicit concurrent mark sweep GC freed 1446(83KB) AllocSpace objects, 1(20KB) LOS objects, 27% free, 42MB/58MB, paused 1.140ms total 47.501ms
08-04 00:33:25.417 13560 13571 I art     : Starting a blocking GC Explicit
08-04 00:33:25.462 13560 13571 I art     : Explicit concurrent mark sweep GC freed 22(784B) AllocSpace objects, 0(0B) LOS objects, 27% free, 42MB/58MB, paused 1.052ms total 44.915ms
08-04 00:33:25.473 13560 13571 I art     : Starting a blocking GC Explicit
08-04 00:33:25.519 13560 13571 I art     : Explicit concurrent mark sweep GC freed 3(96B) AllocSpace objects, 0(0B) LOS objects, 27% free, 42MB/58MB, paused 1.140ms total 45.973ms
08-04 00:33:25.530 13560 13571 I art     : Starting a blocking GC Explicit
08-04 00:33:25.576 13560 13571 I art     : Explicit concurrent mark sweep GC freed 3(96B) AllocSpace objects, 0(0B) LOS objects, 27% free, 42MB/58MB, paused 1.078ms total 45.509ms
08-04 00:33:25.588 13560 13571 I art     : Starting a blocking GC Explicit
08-04 00:33:25.635 13560 13571 I art     : Explicit concurrent mark sweep GC freed 3(96B) AllocSpace objects, 0(0B) LOS objects, 27% free, 42MB/58MB, paused 1.153ms total 46.847ms
08-04 00:33:26.011 13560 21596 I art     : Starting a blocking GC Explicit
08-04 00:33:26.067 13560 21596 I art     : Explicit concurrent mark sweep GC freed 1445(83KB) AllocSpace objects, 1(20KB) LOS objects, 27% free, 42MB/58MB, paused 1.198ms total 55.306ms
08-04 00:33:26.081 13560 21596 I art     : Starting a blocking GC Explicit
08-04 00:33:26.134 13560 21596 I art     : Explicit concurrent mark sweep GC freed 22(784B) AllocSpace objects, 0(0B) LOS objects, 27% free, 42MB/58MB, paused 1.303ms total 52.704ms
08-04 00:33:26.134 13560 13570 I art     : WaitForGcToComplete blocked for 49.043ms for cause HeapTrim
08-04 00:33:26.146 13560 21596 I art     : Starting a blocking GC Explicit
08-04 00:33:26.197 13560 21596 I art     : Explicit concurrent mark sweep GC freed 3(96B) AllocSpace objects, 0(0B) LOS objects, 27% free, 42MB/58MB, paused 1.160ms total 50.690ms
08-04 00:33:26.209 13560 21596 I art     : Starting a blocking GC Explicit
08-04 00:33:26.262 13560 21596 I art     : Explicit concurrent mark sweep GC freed 3(96B) AllocSpace objects, 0(0B) LOS objects, 27% free, 42MB/58MB, paused 1.212ms total 52.655ms
08-04 00:33:26.274 13560 21596 I art     : Starting a blocking GC Explicit
08-04 00:33:26.325 13560 21596 I art     : Explicit concurrent mark sweep GC freed 3(96B) AllocSpace objects, 0(0B) LOS objects, 27% free, 42MB/58MB, paused 1.208ms total 51.310ms
08-04 00:33:26.696 13560 13572 I art     : Starting a blocking GC Explicit
08-04 00:33:26.748 13560 13572 I art     : Explicit concurrent mark sweep GC freed 1937(107KB) AllocSpace objects, 1(20KB) LOS objects, 27% free, 42MB/58MB, paused 1.224ms total 51.436ms
08-04 00:33:26.760 13560 13572 I art     : Starting a blocking GC Explicit
08-04 00:33:26.808 13560 13572 I art     : Explicit concurrent mark sweep GC freed 4954(375KB) AllocSpace objects, 1(20KB) LOS objects, 27% free, 42MB/58MB, paused 1.146ms total 47.473ms
08-04 00:33:26.818 13560 13572 I art     : Starting a blocking GC Explicit
08-04 00:33:26.865 13560 13572 I art     : Explicit concurrent mark sweep GC freed 3(96B) AllocSpace objects, 0(0B) LOS objects, 27% free, 42MB/58MB, paused 1.154ms total 46.576ms
08-04 00:33:26.876 13560 13572 I art     : Starting a blocking GC Explicit
08-04 00:33:26.924 13560 13572 I art     : Explicit concurrent mark sweep GC freed 324(17KB) AllocSpace objects, 0(0B) LOS objects, 27% free, 42MB/58MB, paused 1.177ms total 47.938ms
08-04 00:33:26.936 13560 13572 I art     : Starting a blocking GC Explicit
08-04 00:33:26.985 13560 13572 I art     : Explicit concurrent mark sweep GC freed 212(8KB) AllocSpace objects, 0(0B) LOS objects, 27% free, 42MB/58MB, paused 1.182ms total 48.534ms
08-04 00:33:27.089 23475 23475 D AndroidRuntime: >>>>>> START com.android.internal.os.RuntimeInit uid 2000 <<<<<<
08-04 00:33:27.094 23475 23475 D AndroidRuntime: CheckJNI is OFF
08-04 00:33:27.127 23475 23475 D ICU     : No timezone override file found: /data/misc/zoneinfo/current/icu/icu_tzdata.dat
08-04 00:33:27.160 23475 23475 I Radio-JNI: register_android_hardware_Radio DONE
08-04 00:33:27.181 23475 23475 D AndroidRuntime: Calling main entry com.android.commands.input.Input
08-04 00:33:27.183 23475 23475 I Input   : injectKeyEvent: KeyEvent { action=ACTION_DOWN, keyCode=KEYCODE_BACK, scanCode=0, metaState=0, flags=0x0, repeatCount=0, eventTime=664423596, downTime=664423596, deviceId=-1, source=0x101 }
08-04 00:33:27.190 23475 23475 I Input   : injectKeyEvent: KeyEvent { action=ACTION_UP, keyCode=KEYCODE_BACK, scanCode=0, metaState=0, flags=0x0, repeatCount=0, eventTime=664423596, downTime=664423596, deviceId=-1, source=0x101 }
08-04 00:33:27.197 23475 23475 D AndroidRuntime: Shutting down VM
08-04 00:33:27.204 13560 13560 D baseline.com.newsblur.service.NBSyncService: rejecting request for feedset that is exhaused
08-04 00:33:27.322 13560 13572 I art     : Starting a blocking GC Explicit
08-04 00:33:27.348 13560 13560 D baseline.com.newsblur.service.NBSyncService: rejecting request for feedset that is exhaused
08-04 00:33:27.372 13560 13572 I art     : Explicit concurrent mark sweep GC freed 2967(230KB) AllocSpace objects, 5(100KB) LOS objects, 27% free, 42MB/58MB, paused 1.225ms total 49.664ms
08-04 00:33:27.383 13560 13572 I art     : Starting a blocking GC Explicit
08-04 00:33:27.394 13866 13866 I GoogleInputMethodServic: GoogleInputMethodService.onFinishInput():3138 
08-04 00:33:27.395 13866 13866 I GoogleInputMethodServic: GoogleInputMethodService.onStartInput():1808 
08-04 00:33:27.429 13560 13572 I art     : Explicit concurrent mark sweep GC freed 970(81KB) AllocSpace objects, 0(0B) LOS objects, 27% free, 42MB/58MB, paused 1.124ms total 45.420ms
08-04 00:33:27.439 13560 13572 I art     : Starting a blocking GC Explicit
08-04 00:33:27.482 13560 13572 I art     : Explicit concurrent mark sweep GC freed 99(5KB) AllocSpace objects, 1(28KB) LOS objects, 27% free, 42MB/58MB, paused 1.107ms total 41.889ms
08-04 00:33:27.493 13560 13572 I art     : Starting a blocking GC Explicit
08-04 00:33:27.543 13560 13572 I art     : Explicit concurrent mark sweep GC freed 3(96B) AllocSpace objects, 0(0B) LOS objects, 27% free, 42MB/58MB, paused 1.186ms total 50.033ms
08-04 00:33:27.555 13560 13572 I art     : Starting a blocking GC Explicit
08-04 00:33:27.605 13560 13572 I art     : Explicit concurrent mark sweep GC freed 162(8KB) AllocSpace objects, 0(0B) LOS objects, 27% free, 42MB/58MB, paused 1.156ms total 49.569ms
08-04 00:33:27.954 13560 13571 I art     : Starting a blocking GC Explicit
08-04 00:33:28.000 13560 23196 E baseline.com.newsblur.network.APIResponse: Error (unexpected end of stream on https://www.newsblur.com/...) calling https://www.newsblur.com/reader/mark_story_hashes_as_read/
08-04 00:33:28.000 13560 23196 E baseline.com.newsblur.network.APIResponse: java.io.IOException: unexpected end of stream on https://www.newsblur.com/...
08-04 00:33:28.000 13560 23196 E baseline.com.newsblur.network.APIResponse: 	at okhttp3.internal.http1.Http1ExchangeCodec.readResponseHeaders(Http1ExchangeCodec.java:236)
08-04 00:33:28.000 13560 23196 E baseline.com.newsblur.network.APIResponse: 	at okhttp3.internal.connection.Exchange.readResponseHeaders(Exchange.java:115)
08-04 00:33:28.000 13560 23196 E baseline.com.newsblur.network.APIResponse: 	at okhttp3.internal.http.CallServerInterceptor.intercept(CallServerInterceptor.java:94)
08-04 00:33:28.000 13560 23196 E baseline.com.newsblur.network.APIResponse: 	at okhttp3.internal.http.RealInterceptorChain.proceed(RealInterceptorChain.java:142)
08-04 00:33:28.000 13560 23196 E baseline.com.newsblur.network.APIResponse: 	at okhttp3.internal.connection.ConnectInterceptor.intercept(ConnectInterceptor.java:43)
08-04 00:33:28.000 13560 23196 E baseline.com.newsblur.network.APIResponse: 	at okhttp3.internal.http.RealInterceptorChain.proceed(RealInterceptorChain.java:142)
08-04 00:33:28.000 13560 23196 E baseline.com.newsblur.network.APIResponse: 	at okhttp3.internal.http.RealInterceptorChain.proceed(RealInterceptorChain.java:117)
08-04 00:33:28.000 13560 23196 E baseline.com.newsblur.network.APIResponse: 	at okhttp3.internal.cache.CacheInterceptor.intercept(CacheInterceptor.java:94)
08-04 00:33:28.000 13560 23196 E baseline.com.newsblur.network.APIResponse: 	at okhttp3.internal.http.RealInterceptorChain.proceed(RealInterceptorChain.java:142)
08-04 00:33:28.000 13560 23196 E baseline.com.newsblur.network.APIResponse: 	at okhttp3.internal.http.RealInterceptorChain.proceed(RealInterceptorChain.java:117)
08-04 00:33:28.000 13560 23196 E baseline.com.newsblur.network.APIResponse: 	at okhttp3.internal.http.BridgeInterceptor.intercept(BridgeInterceptor.java:93)
08-04 00:33:28.000 13560 23196 E baseline.com.newsblur.network.APIResponse: 	at okhttp3.internal.http.RealInterceptorChain.proceed(RealInterceptorChain.java:142)
08-04 00:33:28.000 13560 23196 E baseline.com.newsblur.network.APIResponse: 	at okhttp3.internal.http.RetryAndFollowUpInterceptor.intercept(RetryAndFollowUpInterceptor.java:88)
08-04 00:33:28.000 13560 23196 E baseline.com.newsblur.network.APIResponse: 	at okhttp3.internal.http.RealInterceptorChain.proceed(RealInterceptorChain.java:142)
08-04 00:33:28.000 13560 23196 E baseline.com.newsblur.network.APIResponse: 	at okhttp3.internal.http.RealInterceptorChain.proceed(RealInterceptorChain.java:117)
08-04 00:33:28.000 13560 23196 E baseline.com.newsblur.network.APIResponse: 	at okhttp3.RealCall.getResponseWithInterceptorChain(RealCall.java:229)
08-04 00:33:28.000 13560 23196 E baseline.com.newsblur.network.APIResponse: 	at okhttp3.RealCall.execute(RealCall.java:81)
08-04 00:33:28.000 13560 23196 E baseline.com.newsblur.network.APIResponse: 	at baseline.com.newsblur.network.APIResponse.<init>(APIResponse.java:57)
08-04 00:33:28.000 13560 23196 E baseline.com.newsblur.network.APIResponse: 	at baseline.com.newsblur.network.APIResponse.<init>(APIResponse.java:43)
08-04 00:33:28.000 13560 23196 E baseline.com.newsblur.network.APIResponse: 	at baseline.com.newsblur.network.APIManager.post_single(APIManager.java:702)
08-04 00:33:28.000 13560 23196 E baseline.com.newsblur.network.APIResponse: 	at baseline.com.newsblur.network.APIManager.post(APIManager.java:675)
08-04 00:33:28.000 13560 23196 E baseline.com.newsblur.network.APIResponse: 	at baseline.com.newsblur.network.APIManager.post(APIManager.java:714)
08-04 00:33:28.000 13560 23196 E baseline.com.newsblur.network.APIResponse: 	at baseline.com.newsblur.network.APIManager.markStoryAsRead(APIManager.java:205)
08-04 00:33:28.000 13560 23196 E baseline.com.newsblur.network.APIResponse: 	at baseline.com.newsblur.util.ReadingAction.doRemote(ReadingAction.java:281)
08-04 00:33:28.000 13560 23196 E baseline.com.newsblur.network.APIResponse: 	at baseline.com.newsblur.service.NBSyncService.syncActions(NBSyncService.java:400)
08-04 00:33:28.000 13560 23196 E baseline.com.newsblur.network.APIResponse: 	at baseline.com.newsblur.service.NBSyncService.doSync(NBSyncService.java:298)
08-04 00:33:28.000 13560 23196 E baseline.com.newsblur.network.APIResponse: 	at baseline.com.newsblur.service.NBSyncService.access$100(NBSyncService.java:67)
08-04 00:33:28.000 13560 23196 E baseline.com.newsblur.network.APIResponse: 	at baseline.com.newsblur.service.NBSyncService$1.run(NBSyncService.java:188)
08-04 00:33:28.000 13560 23196 E baseline.com.newsblur.network.APIResponse: 	at java.util.concurrent.ThreadPoolExecutor.runWorker(ThreadPoolExecutor.java:1113)
08-04 00:33:28.000 13560 23196 E baseline.com.newsblur.network.APIResponse: 	at java.util.concurrent.ThreadPoolExecutor$Worker.run(ThreadPoolExecutor.java:588)
08-04 00:33:28.000 13560 23196 E baseline.com.newsblur.network.APIResponse: 	at java.lang.Thread.run(Thread.java:818)
08-04 00:33:28.000 13560 23196 E baseline.com.newsblur.network.APIResponse: Caused by: java.io.EOFException: \n not found: limit=0 content=
08-04 00:33:28.000 13560 23196 E baseline.com.newsblur.network.APIResponse: 	at okio.RealBufferedSource.readUtf8LineStrict(RealBufferedSource.java:240)
08-04 00:33:28.000 13560 23196 E baseline.com.newsblur.network.APIResponse: 	at okhttp3.internal.http1.Http1ExchangeCodec.readHeaderLine(Http1ExchangeCodec.java:242)
08-04 00:33:28.000 13560 23196 E baseline.com.newsblur.network.APIResponse: 	at okhttp3.internal.http1.Http1ExchangeCodec.readResponseHeaders(Http1ExchangeCodec.java:213)
08-04 00:33:28.000 13560 23196 E baseline.com.newsblur.network.APIResponse: 	... 30 more
08-04 00:33:28.004 13560 23196 I baseline.com.newsblur.service.NBSyncService: Holding reading action with server-side or network error.
08-04 00:33:28.008 13560 13571 I art     : Explicit concurrent mark sweep GC freed 7073(448KB) AllocSpace objects, 2(40KB) LOS objects, 27% free, 42MB/58MB, paused 1.330ms total 54.590ms
08-04 00:33:28.015 13560 23196 W baseline.com.newsblur.service.NBSyncService: hard API failure
08-04 00:33:28.022 13560 13571 I art     : Starting a blocking GC Explicit
08-04 00:33:28.026 13560 23196 I baseline.com.newsblur.service.NBSyncService: recounting dirty feed sets: 1
08-04 00:33:28.073 13560 13571 I art     : Explicit concurrent mark sweep GC freed 1542(166KB) AllocSpace objects, 4(80KB) LOS objects, 27% free, 42MB/58MB, paused 1.233ms total 51.311ms
08-04 00:33:28.085 13560 13571 I art     : Starting a blocking GC Explicit
08-04 00:33:28.131 13560 13571 I art     : Explicit concurrent mark sweep GC freed 159(5KB) AllocSpace objects, 0(0B) LOS objects, 27% free, 42MB/58MB, paused 1.076ms total 46.004ms
08-04 00:33:28.143 13560 13571 I art     : Starting a blocking GC Explicit
08-04 00:33:28.197 13560 13571 I art     : Explicit concurrent mark sweep GC freed 60(2384B) AllocSpace objects, 0(0B) LOS objects, 27% free, 42MB/58MB, paused 1.300ms total 52.987ms
08-04 00:33:28.211 13560 13571 I art     : Starting a blocking GC Explicit
08-04 00:33:28.266 13560 13571 I art     : Explicit concurrent mark sweep GC freed 13(416B) AllocSpace objects, 0(0B) LOS objects, 27% free, 42MB/58MB, paused 1.217ms total 54.909ms
08-04 00:33:28.408 13560 23196 E baseline.com.newsblur.network.APIResponse: Error (unexpected end of stream on https://www.newsblur.com/...) calling https://www.newsblur.com/reader/feed_unread_count?feed_id=0
08-04 00:33:28.408 13560 23196 E baseline.com.newsblur.network.APIResponse: java.io.IOException: unexpected end of stream on https://www.newsblur.com/...
08-04 00:33:28.408 13560 23196 E baseline.com.newsblur.network.APIResponse: 	at okhttp3.internal.http1.Http1ExchangeCodec.readResponseHeaders(Http1ExchangeCodec.java:236)
08-04 00:33:28.408 13560 23196 E baseline.com.newsblur.network.APIResponse: 	at okhttp3.internal.connection.Exchange.readResponseHeaders(Exchange.java:115)
08-04 00:33:28.408 13560 23196 E baseline.com.newsblur.network.APIResponse: 	at okhttp3.internal.http.CallServerInterceptor.intercept(CallServerInterceptor.java:94)
08-04 00:33:28.408 13560 23196 E baseline.com.newsblur.network.APIResponse: 	at okhttp3.internal.http.RealInterceptorChain.proceed(RealInterceptorChain.java:142)
08-04 00:33:28.408 13560 23196 E baseline.com.newsblur.network.APIResponse: 	at okhttp3.internal.connection.ConnectInterceptor.intercept(ConnectInterceptor.java:43)
08-04 00:33:28.408 13560 23196 E baseline.com.newsblur.network.APIResponse: 	at okhttp3.internal.http.RealInterceptorChain.proceed(RealInterceptorChain.java:142)
08-04 00:33:28.408 13560 23196 E baseline.com.newsblur.network.APIResponse: 	at okhttp3.internal.http.RealInterceptorChain.proceed(RealInterceptorChain.java:117)
08-04 00:33:28.408 13560 23196 E baseline.com.newsblur.network.APIResponse: 	at okhttp3.internal.cache.CacheInterceptor.intercept(CacheInterceptor.java:94)
08-04 00:33:28.408 13560 23196 E baseline.com.newsblur.network.APIResponse: 	at okhttp3.internal.http.RealInterceptorChain.proceed(RealInterceptorChain.java:142)
08-04 00:33:28.408 13560 23196 E baseline.com.newsblur.network.APIResponse: 	at okhttp3.internal.http.RealInterceptorChain.proceed(RealInterceptorChain.java:117)
08-04 00:33:28.408 13560 23196 E baseline.com.newsblur.network.APIResponse: 	at okhttp3.internal.http.BridgeInterceptor.intercept(BridgeInterceptor.java:93)
08-04 00:33:28.408 13560 23196 E baseline.com.newsblur.network.APIResponse: 	at okhttp3.internal.http.RealInterceptorChain.proceed(RealInterceptorChain.java:142)
08-04 00:33:28.408 13560 23196 E baseline.com.newsblur.network.APIResponse: 	at okhttp3.internal.http.RetryAndFollowUpInterceptor.intercept(RetryAndFollowUpInterceptor.java:88)
08-04 00:33:28.408 13560 23196 E baseline.com.newsblur.network.APIResponse: 	at okhttp3.internal.http.RealInterceptorChain.proceed(RealInterceptorChain.java:142)
08-04 00:33:28.408 13560 23196 E baseline.com.newsblur.network.APIResponse: 	at okhttp3.internal.http.RealInterceptorChain.proceed(RealInterceptorChain.java:117)
08-04 00:33:28.408 13560 23196 E baseline.com.newsblur.network.APIResponse: 	at okhttp3.RealCall.getResponseWithInterceptorChain(RealCall.java:229)
08-04 00:33:28.408 13560 23196 E baseline.com.newsblur.network.APIResponse: 	at okhttp3.RealCall.execute(RealCall.java:81)
08-04 00:33:28.408 13560 23196 E baseline.com.newsblur.network.APIResponse: 	at baseline.com.newsblur.network.APIResponse.<init>(APIResponse.java:57)
08-04 00:33:28.408 13560 23196 E baseline.com.newsblur.network.APIResponse: 	at baseline.com.newsblur.network.APIManager.get_single(APIManager.java:639)
08-04 00:33:28.408 13560 23196 E baseline.com.newsblur.network.APIResponse: 	at baseline.com.newsblur.network.APIManager.get(APIManager.java:625)
08-04 00:33:28.408 13560 23196 E baseline.com.newsblur.network.APIResponse: 	at baseline.com.newsblur.network.APIManager.get(APIManager.java:667)
08-04 00:33:28.408 13560 23196 E baseline.com.newsblur.network.APIResponse: 	at baseline.com.newsblur.network.APIManager.getFeedUnreadCounts(APIManager.java:274)
08-04 00:33:28.408 13560 23196 E baseline.com.newsblur.network.APIResponse: 	at baseline.com.newsblur.service.NBSyncService.checkRecounts(NBSyncService.java:660)
08-04 00:33:28.408 13560 23196 E baseline.com.newsblur.network.APIResponse: 	at baseline.com.newsblur.service.NBSyncService.doSync(NBSyncService.java:310)
08-04 00:33:28.408 13560 23196 E baseline.com.newsblur.network.APIResponse: 	at baseline.com.newsblur.service.NBSyncService.access$100(NBSyncService.java:67)
08-04 00:33:28.408 13560 23196 E baseline.com.newsblur.network.APIResponse: 	at baseline.com.newsblur.service.NBSyncService$1.run(NBSyncService.java:188)
08-04 00:33:28.408 13560 23196 E baseline.com.newsblur.network.APIResponse: 	at java.util.concurrent.ThreadPoolExecutor.runWorker(ThreadPoolExecutor.java:1113)
08-04 00:33:28.408 13560 23196 E baseline.com.newsblur.network.APIResponse: 	at java.util.concurrent.ThreadPoolExecutor$Worker.run(ThreadPoolExecutor.java:588)
08-04 00:33:28.408 13560 23196 E baseline.com.newsblur.network.APIResponse: 	at java.lang.Thread.run(Thread.java:818)
08-04 00:33:28.408 13560 23196 E baseline.com.newsblur.network.APIResponse: Caused by: java.io.EOFException: \n not found: limit=0 content=
08-04 00:33:28.408 13560 23196 E baseline.com.newsblur.network.APIResponse: 	at okio.RealBufferedSource.readUtf8LineStrict(RealBufferedSource.java:240)
08-04 00:33:28.408 13560 23196 E baseline.com.newsblur.network.APIResponse: 	at okhttp3.internal.http1.Http1ExchangeCodec.readHeaderLine(Http1ExchangeCodec.java:242)
08-04 00:33:28.408 13560 23196 E baseline.com.newsblur.network.APIResponse: 	at okhttp3.internal.http1.Http1ExchangeCodec.readResponseHeaders(Http1ExchangeCodec.java:213)
08-04 00:33:28.408 13560 23196 E baseline.com.newsblur.network.APIResponse: 	... 28 more
08-04 00:33:28.409 13560 23196 I baseline.com.newsblur.network.APIManager: API call failed, pausing before retry number 1
08-04 00:33:28.557   518   646 I ThermalEngine: ACTION: GPU - Setting GPU[0] to 450000000
08-04 00:33:28.621 13560 13571 I art     : Starting a blocking GC Explicit
08-04 00:33:28.690 13560 13571 I art     : Explicit concurrent mark sweep GC freed 3982(357KB) AllocSpace objects, 3(60KB) LOS objects, 27% free, 41MB/57MB, paused 2.037ms total 68.086ms
08-04 00:33:28.706 13560 13571 I art     : Starting a blocking GC Explicit
08-04 00:33:28.772 13560 13571 I art     : Explicit concurrent mark sweep GC freed 119(4KB) AllocSpace objects, 0(0B) LOS objects, 27% free, 41MB/57MB, paused 1.561ms total 65.552ms
08-04 00:33:28.789 13560 13571 I art     : Starting a blocking GC Explicit
08-04 00:33:28.851 13560 13571 I art     : Explicit concurrent mark sweep GC freed 6(192B) AllocSpace objects, 0(0B) LOS objects, 27% free, 41MB/57MB, paused 1.647ms total 61.657ms
08-04 00:33:28.867 13560 13571 I art     : Starting a blocking GC Explicit
08-04 00:33:28.931 13560 13571 I art     : Explicit concurrent mark sweep GC freed 3(96B) AllocSpace objects, 0(0B) LOS objects, 27% free, 41MB/57MB, paused 1.724ms total 63.914ms
08-04 00:33:28.947 13560 13571 I art     : Starting a blocking GC Explicit
08-04 00:33:28.977 23510 23510 D AndroidRuntime: >>>>>> START com.android.internal.os.RuntimeInit uid 2000 <<<<<<
08-04 00:33:28.983 23510 23510 D AndroidRuntime: CheckJNI is OFF
08-04 00:33:29.013 13560 13571 I art     : Explicit concurrent mark sweep GC freed 3(96B) AllocSpace objects, 0(0B) LOS objects, 27% free, 41MB/57MB, paused 1.554ms total 65.415ms
08-04 00:33:29.029 23510 23510 D ICU     : No timezone override file found: /data/misc/zoneinfo/current/icu/icu_tzdata.dat
08-04 00:33:29.073 23510 23510 I Radio-JNI: register_android_hardware_Radio DONE
08-04 00:33:29.103 23510 23510 D AndroidRuntime: Calling main entry com.android.commands.input.Input
08-04 00:33:29.105 23510 23510 I Input   : injectKeyEvent: KeyEvent { action=ACTION_DOWN, keyCode=KEYCODE_BACK, scanCode=0, metaState=0, flags=0x0, repeatCount=0, eventTime=664425518, downTime=664425518, deviceId=-1, source=0x101 }
08-04 00:33:29.112 23510 23510 I Input   : injectKeyEvent: KeyEvent { action=ACTION_UP, keyCode=KEYCODE_BACK, scanCode=0, metaState=0, flags=0x0, repeatCount=0, eventTime=664425518, downTime=664425518, deviceId=-1, source=0x101 }
08-04 00:33:29.118 23510 23510 D AndroidRuntime: Shutting down VM
08-04 00:33:29.359 13866 13866 I GoogleInputMethodServic: GoogleInputMethodService.onFinishInput():3138 
08-04 00:33:29.360 13866 13866 I GoogleInputMethodServic: GoogleInputMethodService.onStartInput():1808 
08-04 00:33:29.400 13560 13572 I art     : Starting a blocking GC Explicit
08-04 00:33:29.458 13560 13572 I art     : Explicit concurrent mark sweep GC freed 9775(666KB) AllocSpace objects, 13(260KB) LOS objects, 27% free, 42MB/58MB, paused 1.328ms total 58.298ms
08-04 00:33:29.473 13560 13572 I art     : Starting a blocking GC Explicit
08-04 00:33:29.533 13560 13572 I art     : Explicit concurrent mark sweep GC freed 235(9KB) AllocSpace objects, 0(0B) LOS objects, 27% free, 41MB/57MB, paused 1.413ms total 59.265ms
08-04 00:33:29.548 13560 13572 I art     : Starting a blocking GC Explicit
08-04 00:33:29.611 13560 13572 I art     : Explicit concurrent mark sweep GC freed 3(96B) AllocSpace objects, 0(0B) LOS objects, 27% free, 41MB/57MB, paused 1.497ms total 63.100ms
08-04 00:33:29.629 13560 13572 I art     : Starting a blocking GC Explicit
08-04 00:33:29.694 13560 13572 I art     : Explicit concurrent mark sweep GC freed 3(96B) AllocSpace objects, 0(0B) LOS objects, 27% free, 41MB/57MB, paused 1.532ms total 65.195ms
08-04 00:33:29.712 13560 13572 I art     : Starting a blocking GC Explicit
08-04 00:33:29.769 13560 13572 I art     : Explicit concurrent mark sweep GC freed 453(19KB) AllocSpace objects, 0(0B) LOS objects, 27% free, 41MB/57MB, paused 1.527ms total 56.731ms
08-04 00:33:30.161 13560 21596 I art     : Starting a blocking GC Explicit
08-04 00:33:30.227 13560 21596 I art     : Explicit concurrent mark sweep GC freed 1830(101KB) AllocSpace objects, 1(20KB) LOS objects, 27% free, 41MB/57MB, paused 1.539ms total 66.260ms
08-04 00:33:30.244 13560 21596 I art     : Starting a blocking GC Explicit
08-04 00:33:30.307 13560 21596 I art     : Explicit concurrent mark sweep GC freed 58(2128B) AllocSpace objects, 0(0B) LOS objects, 27% free, 41MB/57MB, paused 1.847ms total 62.402ms
08-04 00:33:30.322 13560 21596 I art     : Starting a blocking GC Explicit
08-04 00:33:30.377 13560 21596 I art     : Explicit concurrent mark sweep GC freed 11(352B) AllocSpace objects, 0(0B) LOS objects, 27% free, 41MB/57MB, paused 1.486ms total 54.521ms
08-04 00:33:30.391 13560 21596 I art     : Starting a blocking GC Explicit
08-04 00:33:30.446 13560 21596 I art     : Explicit concurrent mark sweep GC freed 1682(65KB) AllocSpace objects, 0(0B) LOS objects, 27% free, 42MB/58MB, paused 1.601ms total 54.936ms
08-04 00:33:30.446 13560 23196 E baseline.com.newsblur.network.APIResponse: Error (unexpected end of stream on https://www.newsblur.com/...) calling https://www.newsblur.com/reader/feed_unread_count?feed_id=0
08-04 00:33:30.446 13560 23196 E baseline.com.newsblur.network.APIResponse: java.io.IOException: unexpected end of stream on https://www.newsblur.com/...
08-04 00:33:30.446 13560 23196 E baseline.com.newsblur.network.APIResponse: 	at okhttp3.internal.http1.Http1ExchangeCodec.readResponseHeaders(Http1ExchangeCodec.java:236)
08-04 00:33:30.446 13560 23196 E baseline.com.newsblur.network.APIResponse: 	at okhttp3.internal.connection.Exchange.readResponseHeaders(Exchange.java:115)
08-04 00:33:30.446 13560 23196 E baseline.com.newsblur.network.APIResponse: 	at okhttp3.internal.http.CallServerInterceptor.intercept(CallServerInterceptor.java:94)
08-04 00:33:30.446 13560 23196 E baseline.com.newsblur.network.APIResponse: 	at okhttp3.internal.http.RealInterceptorChain.proceed(RealInterceptorChain.java:142)
08-04 00:33:30.446 13560 23196 E baseline.com.newsblur.network.APIResponse: 	at okhttp3.internal.connection.ConnectInterceptor.intercept(ConnectInterceptor.java:43)
08-04 00:33:30.446 13560 23196 E baseline.com.newsblur.network.APIResponse: 	at okhttp3.internal.http.RealInterceptorChain.proceed(RealInterceptorChain.java:142)
08-04 00:33:30.446 13560 23196 E baseline.com.newsblur.network.APIResponse: 	at okhttp3.internal.http.RealInterceptorChain.proceed(RealInterceptorChain.java:117)
08-04 00:33:30.446 13560 23196 E baseline.com.newsblur.network.APIResponse: 	at okhttp3.internal.cache.CacheInterceptor.intercept(CacheInterceptor.java:94)
08-04 00:33:30.446 13560 23196 E baseline.com.newsblur.network.APIResponse: 	at okhttp3.internal.http.RealInterceptorChain.proceed(RealInterceptorChain.java:142)
08-04 00:33:30.446 13560 23196 E baseline.com.newsblur.network.APIResponse: 	at okhttp3.internal.http.RealInterceptorChain.proceed(RealInterceptorChain.java:117)
08-04 00:33:30.446 13560 23196 E baseline.com.newsblur.network.APIResponse: 	at okhttp3.internal.http.BridgeInterceptor.intercept(BridgeInterceptor.java:93)
08-04 00:33:30.446 13560 23196 E baseline.com.newsblur.network.APIResponse: 	at okhttp3.internal.http.RealInterceptorChain.proceed(RealInterceptorChain.java:142)
08-04 00:33:30.446 13560 23196 E baseline.com.newsblur.network.APIResponse: 	at okhttp3.internal.http.RetryAndFollowUpInterceptor.intercept(RetryAndFollowUpInterceptor.java:88)
08-04 00:33:30.446 13560 23196 E baseline.com.newsblur.network.APIResponse: 	at okhttp3.internal.http.RealInterceptorChain.proceed(RealInterceptorChain.java:142)
08-04 00:33:30.446 13560 23196 E baseline.com.newsblur.network.APIResponse: 	at okhttp3.internal.http.RealInterceptorChain.proceed(RealInterceptorChain.java:117)
08-04 00:33:30.446 13560 23196 E baseline.com.newsblur.network.APIResponse: 	at okhttp3.RealCall.getResponseWithInterceptorChain(RealCall.java:229)
08-04 00:33:30.446 13560 23196 E baseline.com.newsblur.network.APIResponse: 	at okhttp3.RealCall.execute(RealCall.java:81)
08-04 00:33:30.446 13560 23196 E baseline.com.newsblur.network.APIResponse: 	at baseline.com.newsblur.network.APIResponse.<init>(APIResponse.java:57)
08-04 00:33:30.446 13560 23196 E baseline.com.newsblur.network.APIResponse: 	at baseline.com.newsblur.network.APIManager.get_single(APIManager.java:639)
08-04 00:33:30.446 13560 23196 E baseline.com.newsblur.network.APIResponse: 	at baseline.com.newsblur.network.APIManager.get(APIManager.java:625)
08-04 00:33:30.446 13560 23196 E baseline.com.newsblur.network.APIResponse: 	at baseline.com.newsblur.network.APIManager.get(APIManager.java:667)
08-04 00:33:30.446 13560 23196 E baseline.com.newsblur.network.APIResponse: 	at baseline.com.newsblur.network.APIManager.getFeedUnreadCounts(APIManager.java:274)
08-04 00:33:30.446 13560 23196 E baseline.com.newsblur.network.APIResponse: 	at baseline.com.newsblur.service.NBSyncService.checkRecounts(NBSyncService.java:660)
08-04 00:33:30.446 13560 23196 E baseline.com.newsblur.network.APIResponse: 	at baseline.com.newsblur.service.NBSyncService.doSync(NBSyncService.java:310)
08-04 00:33:30.446 13560 23196 E baseline.com.newsblur.network.APIResponse: 	at baseline.com.newsblur.service.NBSyncService.access$100(NBSyncService.java:67)
08-04 00:33:30.446 13560 23196 E baseline.com.newsblur.network.APIResponse: 	at baseline.com.newsblur.service.NBSyncService$1.run(NBSyncService.java:188)
08-04 00:33:30.446 13560 23196 E baseline.com.newsblur.network.APIResponse: 	at java.util.concurrent.ThreadPoolExecutor.runWorker(ThreadPoolExecutor.java:1113)
08-04 00:33:30.446 13560 23196 E baseline.com.newsblur.network.APIResponse: 	at java.util.concurrent.ThreadPoolExecutor$Worker.run(ThreadPoolExecutor.java:588)
08-04 00:33:30.446 13560 23196 E baseline.com.newsblur.network.APIResponse: 	at java.lang.Thread.run(Thread.java:818)
08-04 00:33:30.446 13560 23196 E baseline.com.newsblur.network.APIResponse: Caused by: java.io.EOFException: \n not found: limit=0 content=
08-04 00:33:30.446 13560 23196 E baseline.com.newsblur.network.APIResponse: 	at okio.RealBufferedSource.readUtf8LineStrict(RealBufferedSource.java:240)
08-04 00:33:30.446 13560 23196 E baseline.com.newsblur.network.APIResponse: 	at okhttp3.internal.http1.Http1ExchangeCodec.readHeaderLine(Http1ExchangeCodec.java:242)
08-04 00:33:30.446 13560 23196 E baseline.com.newsblur.network.APIResponse: 	at okhttp3.internal.http1.Http1ExchangeCodec.readResponseHeaders(Http1ExchangeCodec.java:213)
08-04 00:33:30.446 13560 23196 E baseline.com.newsblur.network.APIResponse: 	... 28 more
08-04 00:33:30.448 13560 23196 I baseline.com.newsblur.network.APIManager: API call failed, pausing before retry number 2
08-04 00:33:30.460 13560 21596 I art     : Starting a blocking GC Explicit
08-04 00:33:30.518 13560 21596 I art     : Explicit concurrent mark sweep GC freed 906(210KB) AllocSpace objects, 2(40KB) LOS objects, 27% free, 41MB/57MB, paused 1.447ms total 57.897ms
08-04 00:33:30.909 13560 21596 I art     : Starting a blocking GC Explicit
08-04 00:33:30.943 23556 23556 D AndroidRuntime: >>>>>> START com.android.internal.os.RuntimeInit uid 2000 <<<<<<
08-04 00:33:30.949 23556 23556 D AndroidRuntime: CheckJNI is OFF
08-04 00:33:30.977 13560 21596 I art     : Explicit concurrent mark sweep GC freed 1516(85KB) AllocSpace objects, 1(20KB) LOS objects, 27% free, 41MB/57MB, paused 1.624ms total 67.638ms
08-04 00:33:30.992 13560 21596 I art     : Starting a blocking GC Explicit
08-04 00:33:30.999 23556 23556 D ICU     : No timezone override file found: /data/misc/zoneinfo/current/icu/icu_tzdata.dat
08-04 00:33:31.047 23556 23556 I Radio-JNI: register_android_hardware_Radio DONE
08-04 00:33:31.057 13560 21596 I art     : Explicit concurrent mark sweep GC freed 22(784B) AllocSpace objects, 0(0B) LOS objects, 27% free, 41MB/57MB, paused 1.665ms total 64.896ms
08-04 00:33:31.072 13560 21596 I art     : Starting a blocking GC Explicit
08-04 00:33:31.076 23556 23556 D AndroidRuntime: Calling main entry com.android.commands.am.Am
08-04 00:33:31.088  8825  8825 I Trepn   : Trepn 6.2s: Received intent: com.quicinc.trepn.stop_profiling
08-04 00:33:31.132 13560 21596 I art     : Explicit concurrent mark sweep GC freed 3(96B) AllocSpace objects, 0(0B) LOS objects, 27% free, 41MB/57MB, paused 1.464ms total 60.287ms
08-04 00:33:31.148 13560 21596 I art     : Starting a blocking GC Explicit
08-04 00:33:31.157  8825  8825 I Trepn   : Trepn 6.2s: Trepn has Stopped Profiling.
08-04 00:33:31.206 13560 21596 I art     : Explicit concurrent mark sweep GC freed 3(96B) AllocSpace objects, 0(0B) LOS objects, 27% free, 41MB/57MB, paused 1.577ms total 57.762ms
08-04 00:33:31.206 13560 13570 I art     : WaitForGcToComplete blocked for 8.838ms for cause HeapTrim
08-04 00:33:31.221 13560 21596 I art     : Starting a blocking GC Explicit
08-04 00:33:31.282 13560 21596 I art     : Explicit concurrent mark sweep GC freed 3(96B) AllocSpace objects, 0(0B) LOS objects, 27% free, 41MB/57MB, paused 1.490ms total 60.807ms
08-04 00:33:31.312 23556 23556 D AndroidRuntime: Shutting down VM
08-04 00:33:31.316   918  6029 W AppOps  : Finishing op nesting under-run: uid 10078 pkg com.quicinc.trepn code 24 time=0 duration=0 nesting=0
08-04 00:33:31.690 13560 13571 I art     : Starting a blocking GC Explicit
08-04 00:33:31.753 13560 13571 I art     : Explicit concurrent mark sweep GC freed 1441(82KB) AllocSpace objects, 1(20KB) LOS objects, 27% free, 41MB/57MB, paused 1.613ms total 62.393ms
08-04 00:33:31.768 13560 13571 I art     : Starting a blocking GC Explicit
08-04 00:33:31.828 13560 13571 I art     : Explicit concurrent mark sweep GC freed 22(784B) AllocSpace objects, 0(0B) LOS objects, 27% free, 41MB/57MB, paused 1.628ms total 59.591ms
08-04 00:33:31.843 13560 13571 I art     : Starting a blocking GC Explicit
08-04 00:33:31.903 13560 13571 I art     : Explicit concurrent mark sweep GC freed 3(96B) AllocSpace objects, 0(0B) LOS objects, 27% free, 41MB/57MB, paused 1.550ms total 59.020ms
08-04 00:33:31.918 13560 13571 I art     : Starting a blocking GC Explicit
08-04 00:33:31.978 13560 13571 I art     : Explicit concurrent mark sweep GC freed 3(96B) AllocSpace objects, 0(0B) LOS objects, 27% free, 41MB/57MB, paused 1.598ms total 59.580ms
08-04 00:33:31.994 13560 13571 I art     : Starting a blocking GC Explicit
08-04 00:33:32.054 13560 13571 I art     : Explicit concurrent mark sweep GC freed 3(96B) AllocSpace objects, 0(0B) LOS objects, 27% free, 41MB/57MB, paused 1.580ms total 59.726ms
08-04 00:33:33.124   918  3261 D WifiStateMachine: starting scan for "H369AA63323"WPA_PSK with 2412,5180
08-04 00:33:33.467   918  3188 I hubconnection: sensorhub said: 'set_bias 3: -5.3472, 0.0000, 0.0000'
08-04 00:33:33.942 13560 23196 E baseline.com.newsblur.network.APIResponse: Error (unexpected end of stream on https://www.newsblur.com/...) calling https://www.newsblur.com/reader/feed_unread_count?feed_id=0
08-04 00:33:33.942 13560 23196 E baseline.com.newsblur.network.APIResponse: java.io.IOException: unexpected end of stream on https://www.newsblur.com/...
08-04 00:33:33.942 13560 23196 E baseline.com.newsblur.network.APIResponse: 	at okhttp3.internal.http1.Http1ExchangeCodec.readResponseHeaders(Http1ExchangeCodec.java:236)
08-04 00:33:33.942 13560 23196 E baseline.com.newsblur.network.APIResponse: 	at okhttp3.internal.connection.Exchange.readResponseHeaders(Exchange.java:115)
08-04 00:33:33.942 13560 23196 E baseline.com.newsblur.network.APIResponse: 	at okhttp3.internal.http.CallServerInterceptor.intercept(CallServerInterceptor.java:94)
08-04 00:33:33.942 13560 23196 E baseline.com.newsblur.network.APIResponse: 	at okhttp3.internal.http.RealInterceptorChain.proceed(RealInterceptorChain.java:142)
08-04 00:33:33.942 13560 23196 E baseline.com.newsblur.network.APIResponse: 	at okhttp3.internal.connection.ConnectInterceptor.intercept(ConnectInterceptor.java:43)
08-04 00:33:33.942 13560 23196 E baseline.com.newsblur.network.APIResponse: 	at okhttp3.internal.http.RealInterceptorChain.proceed(RealInterceptorChain.java:142)
08-04 00:33:33.942 13560 23196 E baseline.com.newsblur.network.APIResponse: 	at okhttp3.internal.http.RealInterceptorChain.proceed(RealInterceptorChain.java:117)
08-04 00:33:33.942 13560 23196 E baseline.com.newsblur.network.APIResponse: 	at okhttp3.internal.cache.CacheInterceptor.intercept(CacheInterceptor.java:94)
08-04 00:33:33.942 13560 23196 E baseline.com.newsblur.network.APIResponse: 	at okhttp3.internal.http.RealInterceptorChain.proceed(RealInterceptorChain.java:142)
08-04 00:33:33.942 13560 23196 E baseline.com.newsblur.network.APIResponse: 	at okhttp3.internal.http.RealInterceptorChain.proceed(RealInterceptorChain.java:117)
08-04 00:33:33.942 13560 23196 E baseline.com.newsblur.network.APIResponse: 	at okhttp3.internal.http.BridgeInterceptor.intercept(BridgeInterceptor.java:93)
08-04 00:33:33.942 13560 23196 E baseline.com.newsblur.network.APIResponse: 	at okhttp3.internal.http.RealInterceptorChain.proceed(RealInterceptorChain.java:142)
08-04 00:33:33.942 13560 23196 E baseline.com.newsblur.network.APIResponse: 	at okhttp3.internal.http.RetryAndFollowUpInterceptor.intercept(RetryAndFollowUpInterceptor.java:88)
08-04 00:33:33.942 13560 23196 E baseline.com.newsblur.network.APIResponse: 	at okhttp3.internal.http.RealInterceptorChain.proceed(RealInterceptorChain.java:142)
08-04 00:33:33.942 13560 23196 E baseline.com.newsblur.network.APIResponse: 	at okhttp3.internal.http.RealInterceptorChain.proceed(RealInterceptorChain.java:117)
08-04 00:33:33.942 13560 23196 E baseline.com.newsblur.network.APIResponse: 	at okhttp3.RealCall.getResponseWithInterceptorChain(RealCall.java:229)
08-04 00:33:33.942 13560 23196 E baseline.com.newsblur.network.APIResponse: 	at okhttp3.RealCall.execute(RealCall.java:81)
08-04 00:33:33.942 13560 23196 E baseline.com.newsblur.network.APIResponse: 	at baseline.com.newsblur.network.APIResponse.<init>(APIResponse.java:57)
08-04 00:33:33.942 13560 23196 E baseline.com.newsblur.network.APIResponse: 	at baseline.com.newsblur.network.APIManager.get_single(APIManager.java:639)
08-04 00:33:33.942 13560 23196 E baseline.com.newsblur.network.APIResponse: 	at baseline.com.newsblur.network.APIManager.get(APIManager.java:625)
08-04 00:33:33.942 13560 23196 E baseline.com.newsblur.network.APIResponse: 	at baseline.com.newsblur.network.APIManager.get(APIManager.java:667)
08-04 00:33:33.942 13560 23196 E baseline.com.newsblur.network.APIResponse: 	at baseline.com.newsblur.network.APIManager.getFeedUnreadCounts(APIManager.java:274)
08-04 00:33:33.942 13560 23196 E baseline.com.newsblur.network.APIResponse: 	at baseline.com.newsblur.service.NBSyncService.checkRecounts(NBSyncService.java:660)
08-04 00:33:33.942 13560 23196 E baseline.com.newsblur.network.APIResponse: 	at baseline.com.newsblur.service.NBSyncService.doSync(NBSyncService.java:310)
08-04 00:33:33.942 13560 23196 E baseline.com.newsblur.network.APIResponse: 	at baseline.com.newsblur.service.NBSyncService.access$100(NBSyncService.java:67)
08-04 00:33:33.942 13560 23196 E baseline.com.newsblur.network.APIResponse: 	at baseline.com.newsblur.service.NBSyncService$1.run(NBSyncService.java:188)
08-04 00:33:33.942 13560 23196 E baseline.com.newsblur.network.APIResponse: 	at java.util.concurrent.ThreadPoolExecutor.runWorker(ThreadPoolExecutor.java:1113)
08-04 00:33:33.942 13560 23196 E baseline.com.newsblur.network.APIResponse: 	at java.util.concurrent.ThreadPoolExecutor$Worker.run(ThreadPoolExecutor.java:588)
08-04 00:33:33.942 13560 23196 E baseline.com.newsblur.network.APIResponse: 	at java.lang.Thread.run(Thread.java:818)
08-04 00:33:33.942 13560 23196 E baseline.com.newsblur.network.APIResponse: Caused by: java.io.EOFException: \n not found: limit=0 content=
08-04 00:33:33.942 13560 23196 E baseline.com.newsblur.network.APIResponse: 	at okio.RealBufferedSource.readUtf8LineStrict(RealBufferedSource.java:240)
08-04 00:33:33.942 13560 23196 E baseline.com.newsblur.network.APIResponse: 	at okhttp3.internal.http1.Http1ExchangeCodec.readHeaderLine(Http1ExchangeCodec.java:242)
08-04 00:33:33.942 13560 23196 E baseline.com.newsblur.network.APIResponse: 	at okhttp3.internal.http1.Http1ExchangeCodec.readResponseHeaders(Http1ExchangeCodec.java:213)
08-04 00:33:33.942 13560 23196 E baseline.com.newsblur.network.APIResponse: 	... 28 more
08-04 00:33:33.944 13560 23196 W baseline.com.newsblur.service.NBSyncService: Bad response to feed_unread_count
