--------- beginning of main
08-04 13:58:28.679   918  3188 I hubconnection: sensorhub said: 'set_bias 3: -7.4784, 0.0000, 0.0000'
08-04 13:58:28.976 29810 29810 D AndroidRuntime: >>>>>> START com.android.internal.os.RuntimeInit uid 2000 <<<<<<
08-04 13:58:28.983 29810 29810 D AndroidRuntime: CheckJNI is OFF
08-04 13:58:29.021 29810 29810 D ICU     : No timezone override file found: /data/misc/zoneinfo/current/icu/icu_tzdata.dat
08-04 13:58:29.055 29810 29810 I Radio-JNI: register_android_hardware_Radio DONE
08-04 13:58:29.071 29810 29810 D AndroidRuntime: Calling main entry com.android.commands.monkey.Monkey
--------- beginning of system
08-04 13:58:29.088   918   931 W BroadcastQueue: Skipping deliver [background] BroadcastRecord{508fb47 u-1 android.net.conn.CONNECTIVITY_CHANGE} to ReceiverList{ca1dc9d 29810 (unknown name)/2000/u-1 remote:102eb61}: process crashing
08-04 13:58:29.099   918   928 I ActivityManager: START u0 {act=android.intent.action.MAIN cat=[android.intent.category.LAUNCHER] flg=0x10200000 cmp=baseline.com.newsblur/.activity.InitActivity} from uid 2000 on display 0
08-04 13:58:29.122   918   932 I sensors : batch
08-04 13:58:29.130   918  3188 I hubconnection: sensorhub said: 'batch 31 flags:0, sampling_rate_Hz:15.00, max_report_latency_us:0'
08-04 13:58:29.144 29810 29810 I art     : System.exit called, status: 0
08-04 13:58:29.144 29810 29810 I AndroidRuntime: VM exiting with result code 0.
08-04 13:58:29.147   918   932 I sensors : flush
08-04 13:58:29.155   918  3188 I hubconnection: sensorhub said: 'flush 31'
08-04 13:58:29.155   918  3188 I hubconnection: saw sensor 31 flushed
08-04 13:58:29.177 27753 27753 I baseline.com.newsblur.activity.InitActivity: cold launching version 9.0b1
08-04 13:58:29.188 27753 29826 D OpenGLRenderer: Use EGL_SWAP_BEHAVIOR_PRESERVED: true
08-04 13:58:29.205  2075 22580 I PBSessionCacheImpl: Deleted sessionId[9127543042550561] from persistence.
08-04 13:58:29.210  2075  2107 W SearchServiceCore: Abort, client detached.
08-04 13:58:29.210  2075  2107 I MicroDetectionState: Should stop hotword detection immediately - true
08-04 13:58:29.227 27753 29826 I Adreno  : QUALCOMM build                   : fcf4852, I1af360237c
08-04 13:58:29.227 27753 29826 I Adreno  : Build Date                       : 09/23/15
08-04 13:58:29.227 27753 29826 I Adreno  : OpenGL ES Shader Compiler Version: XE031.05.13.02
08-04 13:58:29.227 27753 29826 I Adreno  : Local Branch                     : mybranch14465806
08-04 13:58:29.227 27753 29826 I Adreno  : Remote Branch                    : quic/LA.BF64.1.2.9_v2
08-04 13:58:29.227 27753 29826 I Adreno  : Remote Branch                    : NONE
08-04 13:58:29.227 27753 29826 I Adreno  : Reconstruct Branch               : NOTHING
08-04 13:58:29.231 27753 29826 I OpenGLRenderer: Initialized EGL, version 1.4
08-04 13:58:29.237   918  5132 I ActivityManager: START u0 {cmp=baseline.com.newsblur/.activity.Main} from uid 10652 on display 0
08-04 13:58:29.261   918  3696 W InputMethodManagerService: Focus gain on non-focused client com.android.internal.view.IInputMethodClient$Stub$Proxy@7c05d3c (uid=10652 pid=27753)
08-04 13:58:29.379 27753 27753 I art     : Rejecting re-init on previously-failed class java.lang.Class<androidx.core.view.ViewCompat$OnUnhandledKeyEventListenerWrapper>
08-04 13:58:29.380 27753 27753 I art     : Rejecting re-init on previously-failed class java.lang.Class<androidx.core.view.ViewCompat$OnUnhandledKeyEventListenerWrapper>
08-04 13:58:29.408 27753 27753 E BitmapFactory: Unable to decode stream: java.io.FileNotFoundException: /data/user/0/baseline.com.newsblur/cache/userProfilePicture: open failed: ENOENT (No such file or directory)
08-04 13:58:29.513 27753 29834 I baseline.com.newsblur.service.NBSyncService: ready to sync feed list
08-04 13:58:29.551 13866 13866 I GoogleInputMethodServic: GoogleInputMethodService.onFinishInput():3138 
08-04 13:58:29.552 13866 13866 I GoogleInputMethodServic: GoogleInputMethodService.onStartInput():1808 
08-04 13:58:29.659   918   936 I ActivityManager: Displayed baseline.com.newsblur/.activity.Main: +395ms (total +552ms)
08-04 13:58:30.100 27753 29834 I NAPPA_EXPERIMENTATION: MetricNetworkRequestExecutionTime: REQUEST_DURATION_SYSTEM='583',REQUEST_DURATION_OKHTTP='33',REQUEST_SYNCHRONOUS='TRUE',RESPONSE_CODE='200',RESPONSE_METHOD='GET',RESPONSE_LENGTH_OKHTTP='-1',RESPONSE_LENGTH_HEADER='-2',REQUEST_PROTOCOL='http/1.1',REQUEST_URL='https://www.newsblur.com/reader/feeds/?update_counts=true',
08-04 13:58:30.100 27753 29834 D MY_TAG  : 1, 583
08-04 13:58:30.138 27753 29834 I baseline.com.newsblur.service.NBSyncService: got feed list: 1 feeds in  conn:584 read:4 parse:4 store:29
08-04 13:58:30.579 27753 29843 I NAPPA_EXPERIMENTATION: MetricNetworkRequestExecutionTime: REQUEST_DURATION_SYSTEM='434',REQUEST_DURATION_OKHTTP='34',REQUEST_SYNCHRONOUS='TRUE',RESPONSE_CODE='200',RESPONSE_METHOD='GET',RESPONSE_LENGTH_OKHTTP='-1',RESPONSE_LENGTH_HEADER='-2',REQUEST_PROTOCOL='http/1.1',REQUEST_URL='https://www.newsblur.com/reader/unread_story_hashes?include_timestamps=1',
08-04 13:58:30.579 27753 29843 D MY_TAG  : 0, 434
08-04 13:58:30.596 27753 29843 I baseline.com.newsblur.service.UnreadsService: starting unread count: 0
08-04 13:58:30.598 27753 29843 I baseline.com.newsblur.service.UnreadsService: new unread count:      0
08-04 13:58:30.598 27753 29843 I baseline.com.newsblur.service.UnreadsService: new unreads found:     0
08-04 13:58:30.598 27753 29843 I baseline.com.newsblur.service.UnreadsService: unreads to retire:     0
08-04 13:58:30.652 29856 29856 D AndroidRuntime: >>>>>> START com.android.internal.os.RuntimeInit uid 2000 <<<<<<
08-04 13:58:30.656 29856 29856 D AndroidRuntime: CheckJNI is OFF
08-04 13:58:30.680 29856 29856 D ICU     : No timezone override file found: /data/misc/zoneinfo/current/icu/icu_tzdata.dat
08-04 13:58:30.707 29856 29856 I Radio-JNI: register_android_hardware_Radio DONE
08-04 13:58:30.722 29856 29856 D AndroidRuntime: Calling main entry com.android.commands.am.Am
08-04 13:58:30.731  2375  2375 I Trepn   : Trepn 6.2s: Received intent: com.quicinc.trepn.start_profiling
08-04 13:58:30.819  2375  2375 W FileUtils: Failed to chmod(/storage/emulated/0/trepn/Trepn_2020.08.04_135830.db): android.system.ErrnoException: chmod failed: EPERM (Operation not permitted)
08-04 13:58:30.902  2375  2375 I Trepn   : Trepn 6.2s: Trepn has Started Profiling.
08-04 13:58:30.903 29856 29856 D AndroidRuntime: Shutting down VM
08-04 13:58:31.371 27753 27765 I art     : Starting a blocking GC Explicit
08-04 13:58:31.396 27753 27765 I art     : Explicit concurrent mark sweep GC freed 31255(2005KB) AllocSpace objects, 41(1140KB) LOS objects, 37% free, 26MB/42MB, paused 240us total 24.915ms
08-04 13:58:31.405 27753 27765 I art     : Starting a blocking GC Explicit
08-04 13:58:31.418 27753 27765 I art     : Explicit concurrent mark sweep GC freed 2443(198KB) AllocSpace objects, 0(0B) LOS objects, 38% free, 26MB/42MB, paused 185us total 12.367ms
08-04 13:58:31.424 27753 27765 I art     : Starting a blocking GC Explicit
08-04 13:58:31.436 27753 27765 I art     : Explicit concurrent mark sweep GC freed 3(96B) AllocSpace objects, 0(0B) LOS objects, 38% free, 26MB/42MB, paused 183us total 11.601ms
08-04 13:58:31.442 27753 27765 I art     : Starting a blocking GC Explicit
08-04 13:58:31.454 27753 27765 I art     : Explicit concurrent mark sweep GC freed 3(96B) AllocSpace objects, 0(0B) LOS objects, 38% free, 26MB/42MB, paused 183us total 11.458ms
08-04 13:58:31.460 27753 27765 I art     : Starting a blocking GC Explicit
08-04 13:58:31.472 27753 27765 I art     : Explicit concurrent mark sweep GC freed 3(96B) AllocSpace objects, 0(0B) LOS objects, 38% free, 26MB/42MB, paused 186us total 11.435ms
08-04 13:58:31.628   918  3188 I hubconnection: sensorhub said: 'set_bias 3: -6.2400, 0.0000, 0.0000'
08-04 13:58:31.790 27753 29836 I art     : Starting a blocking GC Explicit
08-04 13:58:31.809 27753 29836 I art     : Explicit concurrent mark sweep GC freed 1390(80KB) AllocSpace objects, 1(20KB) LOS objects, 38% free, 26MB/42MB, paused 245us total 18.472ms
08-04 13:58:31.821 27753 29836 I art     : Starting a blocking GC Explicit
08-04 13:58:31.832 27753 29836 I art     : Explicit concurrent mark sweep GC freed 20(704B) AllocSpace objects, 0(0B) LOS objects, 38% free, 26MB/42MB, paused 187us total 11.363ms
08-04 13:58:31.839 27753 29836 I art     : Starting a blocking GC Explicit
08-04 13:58:31.850 27753 29836 I art     : Explicit concurrent mark sweep GC freed 3(96B) AllocSpace objects, 0(0B) LOS objects, 38% free, 26MB/42MB, paused 168us total 11.012ms
08-04 13:58:31.856 27753 29836 I art     : Starting a blocking GC Explicit
08-04 13:58:31.864  5179  5194 D QcrilMsgTunnelSocket: readRilMessage: Buffer = [B@671e81d HexData = [010000000404000011000000514f454d484f4f4bef0308000100000003]
08-04 13:58:31.867  5179  5194 D QcrilMsgTunnelSocket: Rcvd UNSOL response with 28 bytes data for SUB0
08-04 13:58:31.867 27753 29836 I art     : Explicit concurrent mark sweep GC freed 3(96B) AllocSpace objects, 0(0B) LOS objects, 38% free, 26MB/42MB, paused 190us total 10.860ms
08-04 13:58:31.867  5179  5194 D QcrilMsgTunnelSocket: Response ID 525295 is not served in this process.
08-04 13:58:31.868  5179  5194 D QcrilMsgTunnelSocket: To broadcast an Intent via the notifier to external apps
08-04 13:58:31.868  5179  5179 D QcrilMsgTunnelIfaceManager: handleMessage what = 0
08-04 13:58:31.868  5179  5179 D QcrilMsgTunnelIfaceManager: Broadcasting intent ACTION_UNSOL_RESPONSE_OEM_HOOK_RAW
08-04 13:58:31.870  5164  5164 D QC_RIL_OEM_HOOK: Received Broadcast Intent ACTION_UNSOL_RESPONSE_OEM_HOOK_RAW
08-04 13:58:31.871  5164  5164 D QC_RIL_OEM_HOOK: Oem ID in QCRILHOOK UNSOL RESP is QOEMHOOK
08-04 13:58:31.873 27753 29836 I art     : Starting a blocking GC Explicit
08-04 13:58:31.884 27753 29836 I art     : Explicit concurrent mark sweep GC freed 3(96B) AllocSpace objects, 0(0B) LOS objects, 38% free, 26MB/42MB, paused 173us total 10.788ms
08-04 13:58:32.162 27753 27764 I art     : Starting a blocking GC Explicit
08-04 13:58:32.178 27753 27764 I art     : Explicit concurrent mark sweep GC freed 1381(80KB) AllocSpace objects, 1(20KB) LOS objects, 38% free, 26MB/42MB, paused 244us total 15.457ms
08-04 13:58:32.186 27753 27764 I art     : Starting a blocking GC Explicit
08-04 13:58:32.199 27753 27764 I art     : Explicit concurrent mark sweep GC freed 20(704B) AllocSpace objects, 0(0B) LOS objects, 38% free, 26MB/42MB, paused 197us total 12.571ms
08-04 13:58:32.205 27753 27764 I art     : Starting a blocking GC Explicit
08-04 13:58:32.217 27753 27764 I art     : Explicit concurrent mark sweep GC freed 3(96B) AllocSpace objects, 0(0B) LOS objects, 38% free, 26MB/42MB, paused 184us total 11.440ms
08-04 13:58:32.223 27753 27764 I art     : Starting a blocking GC Explicit
08-04 13:58:32.234 27753 27764 I art     : Explicit concurrent mark sweep GC freed 3(96B) AllocSpace objects, 0(0B) LOS objects, 38% free, 26MB/42MB, paused 182us total 10.958ms
08-04 13:58:32.240 27753 27764 I art     : Starting a blocking GC Explicit
08-04 13:58:32.251 27753 27764 I art     : Explicit concurrent mark sweep GC freed 3(96B) AllocSpace objects, 0(0B) LOS objects, 38% free, 26MB/42MB, paused 175us total 11.187ms
08-04 13:58:32.543 27753 27765 I art     : Starting a blocking GC Explicit
08-04 13:58:32.561 27753 27765 I art     : Explicit concurrent mark sweep GC freed 1379(80KB) AllocSpace objects, 1(20KB) LOS objects, 38% free, 26MB/42MB, paused 215us total 17.342ms
08-04 13:58:32.572 27753 27765 I art     : Starting a blocking GC Explicit
08-04 13:58:32.584 27753 27765 I art     : Explicit concurrent mark sweep GC freed 20(704B) AllocSpace objects, 0(0B) LOS objects, 38% free, 26MB/42MB, paused 189us total 11.751ms
08-04 13:58:32.590 27753 27765 I art     : Starting a blocking GC Explicit
08-04 13:58:32.601 27753 27765 I art     : Explicit concurrent mark sweep GC freed 3(96B) AllocSpace objects, 0(0B) LOS objects, 38% free, 26MB/42MB, paused 182us total 11.280ms
08-04 13:58:32.607 27753 27765 I art     : Starting a blocking GC Explicit
08-04 13:58:32.618 27753 27765 I art     : Explicit concurrent mark sweep GC freed 3(96B) AllocSpace objects, 0(0B) LOS objects, 38% free, 26MB/42MB, paused 182us total 11.088ms
08-04 13:58:32.624 27753 27765 I art     : Starting a blocking GC Explicit
08-04 13:58:32.636 27753 27765 I art     : Explicit concurrent mark sweep GC freed 3(96B) AllocSpace objects, 0(0B) LOS objects, 38% free, 26MB/42MB, paused 180us total 10.991ms
08-04 13:58:32.943 27753 29836 I art     : Starting a blocking GC Explicit
08-04 13:58:32.961 27753 29836 I art     : Explicit concurrent mark sweep GC freed 1380(80KB) AllocSpace objects, 1(20KB) LOS objects, 38% free, 26MB/42MB, paused 213us total 17.336ms
08-04 13:58:32.972 27753 29836 I art     : Starting a blocking GC Explicit
08-04 13:58:32.988 27753 29836 I art     : Explicit concurrent mark sweep GC freed 20(704B) AllocSpace objects, 0(0B) LOS objects, 38% free, 26MB/42MB, paused 199us total 14.954ms
08-04 13:58:32.996 27753 29836 I art     : Starting a blocking GC Explicit
08-04 13:58:33.008 27753 29836 I art     : Explicit concurrent mark sweep GC freed 3(96B) AllocSpace objects, 0(0B) LOS objects, 38% free, 26MB/42MB, paused 175us total 11.651ms
08-04 13:58:33.014 27753 29836 I art     : Starting a blocking GC Explicit
08-04 13:58:33.025 27753 29836 I art     : Explicit concurrent mark sweep GC freed 3(96B) AllocSpace objects, 0(0B) LOS objects, 38% free, 26MB/42MB, paused 181us total 11.434ms
08-04 13:58:33.032 27753 29836 I art     : Starting a blocking GC Explicit
08-04 13:58:33.043 27753 29836 I art     : Explicit concurrent mark sweep GC freed 3(96B) AllocSpace objects, 0(0B) LOS objects, 38% free, 26MB/42MB, paused 180us total 11.299ms
08-04 13:58:33.339 27753 27764 I art     : Starting a blocking GC Explicit
08-04 13:58:33.357 27753 27764 I art     : Explicit concurrent mark sweep GC freed 1378(80KB) AllocSpace objects, 1(20KB) LOS objects, 38% free, 26MB/42MB, paused 213us total 17.048ms
08-04 13:58:33.366 27753 27764 I art     : Starting a blocking GC Explicit
08-04 13:58:33.378 27753 27764 I art     : Explicit concurrent mark sweep GC freed 20(704B) AllocSpace objects, 0(0B) LOS objects, 38% free, 26MB/42MB, paused 176us total 12.097ms
08-04 13:58:33.385 27753 27764 I art     : Starting a blocking GC Explicit
08-04 13:58:33.397 27753 27764 I art     : Explicit concurrent mark sweep GC freed 3(96B) AllocSpace objects, 0(0B) LOS objects, 38% free, 26MB/42MB, paused 196us total 11.826ms
08-04 13:58:33.403 27753 27764 I art     : Starting a blocking GC Explicit
08-04 13:58:33.415 27753 27764 I art     : Explicit concurrent mark sweep GC freed 3(96B) AllocSpace objects, 0(0B) LOS objects, 38% free, 26MB/42MB, paused 172us total 11.293ms
08-04 13:58:33.421 27753 27764 I art     : Starting a blocking GC Explicit
08-04 13:58:33.432 27753 27764 I art     : Explicit concurrent mark sweep GC freed 3(96B) AllocSpace objects, 0(0B) LOS objects, 38% free, 26MB/42MB, paused 169us total 11.018ms
08-04 13:58:33.730 27753 27765 I art     : Starting a blocking GC Explicit
08-04 13:58:33.745 27753 27765 I art     : Explicit concurrent mark sweep GC freed 1378(80KB) AllocSpace objects, 1(20KB) LOS objects, 38% free, 26MB/42MB, paused 234us total 14.376ms
08-04 13:58:33.752 27753 27765 I art     : Starting a blocking GC Explicit
08-04 13:58:33.764 27753 27765 I art     : Explicit concurrent mark sweep GC freed 20(704B) AllocSpace objects, 0(0B) LOS objects, 38% free, 26MB/42MB, paused 203us total 12.283ms
08-04 13:58:33.771 27753 27765 I art     : Starting a blocking GC Explicit
08-04 13:58:33.783 27753 27765 I art     : Explicit concurrent mark sweep GC freed 3(96B) AllocSpace objects, 0(0B) LOS objects, 38% free, 26MB/42MB, paused 188us total 12.024ms
08-04 13:58:33.790 27753 27765 I art     : Starting a blocking GC Explicit
08-04 13:58:33.801 27753 27765 I art     : Explicit concurrent mark sweep GC freed 3(96B) AllocSpace objects, 0(0B) LOS objects, 38% free, 26MB/42MB, paused 180us total 11.111ms
08-04 13:58:33.807 27753 27765 I art     : Starting a blocking GC Explicit
08-04 13:58:33.818 27753 27765 I art     : Explicit concurrent mark sweep GC freed 3(96B) AllocSpace objects, 0(0B) LOS objects, 38% free, 26MB/42MB, paused 205us total 11.040ms
08-04 13:58:34.144 27753 29836 I art     : Starting a blocking GC Explicit
08-04 13:58:34.164 27753 29836 I art     : Explicit concurrent mark sweep GC freed 1378(80KB) AllocSpace objects, 1(20KB) LOS objects, 38% free, 26MB/42MB, paused 269us total 18.997ms
08-04 13:58:34.176 27753 29836 I art     : Starting a blocking GC Explicit
08-04 13:58:34.189 27753 29836 I art     : Explicit concurrent mark sweep GC freed 20(704B) AllocSpace objects, 0(0B) LOS objects, 38% free, 26MB/42MB, paused 175us total 12.229ms
08-04 13:58:34.195 27753 29836 I art     : Starting a blocking GC Explicit
08-04 13:58:34.207 27753 29836 I art     : Explicit concurrent mark sweep GC freed 3(96B) AllocSpace objects, 0(0B) LOS objects, 38% free, 26MB/42MB, paused 202us total 11.819ms
08-04 13:58:34.214 27753 29836 I art     : Starting a blocking GC Explicit
08-04 13:58:34.225 27753 29836 I art     : Explicit concurrent mark sweep GC freed 3(96B) AllocSpace objects, 0(0B) LOS objects, 38% free, 26MB/42MB, paused 177us total 11.229ms
08-04 13:58:34.231 27753 29836 I art     : Starting a blocking GC Explicit
08-04 13:58:34.243 27753 29836 I art     : Explicit concurrent mark sweep GC freed 3(96B) AllocSpace objects, 0(0B) LOS objects, 38% free, 26MB/42MB, paused 172us total 11.192ms
08-04 13:58:34.540 27753 27764 I art     : Starting a blocking GC Explicit
08-04 13:58:34.559 27753 27764 I art     : Explicit concurrent mark sweep GC freed 1378(80KB) AllocSpace objects, 1(20KB) LOS objects, 38% free, 26MB/42MB, paused 236us total 17.770ms
08-04 13:58:34.570 27753 27764 I art     : Starting a blocking GC Explicit
08-04 13:58:34.582 27753 27764 I art     : Explicit concurrent mark sweep GC freed 20(704B) AllocSpace objects, 0(0B) LOS objects, 38% free, 26MB/42MB, paused 183us total 11.823ms
08-04 13:58:34.589 27753 27764 I art     : Starting a blocking GC Explicit
08-04 13:58:34.601 27753 27764 I art     : Explicit concurrent mark sweep GC freed 3(96B) AllocSpace objects, 0(0B) LOS objects, 38% free, 26MB/42MB, paused 183us total 11.661ms
08-04 13:58:34.608 27753 27764 I art     : Starting a blocking GC Explicit
08-04 13:58:34.619 27753 27764 I art     : Explicit concurrent mark sweep GC freed 3(96B) AllocSpace objects, 0(0B) LOS objects, 38% free, 26MB/42MB, paused 180us total 11.275ms
08-04 13:58:34.625 27753 27764 I art     : Starting a blocking GC Explicit
08-04 13:58:34.637 27753 27764 I art     : Explicit concurrent mark sweep GC freed 3(96B) AllocSpace objects, 0(0B) LOS objects, 38% free, 26MB/42MB, paused 181us total 11.386ms
08-04 13:58:34.945 27753 27765 I art     : Starting a blocking GC Explicit
08-04 13:58:34.963 27753 27765 I art     : Explicit concurrent mark sweep GC freed 1378(80KB) AllocSpace objects, 1(20KB) LOS objects, 38% free, 26MB/42MB, paused 246us total 17.196ms
08-04 13:58:34.973 27753 27765 I art     : Starting a blocking GC Explicit
08-04 13:58:34.988 27753 27765 I art     : Explicit concurrent mark sweep GC freed 20(704B) AllocSpace objects, 0(0B) LOS objects, 38% free, 26MB/42MB, paused 210us total 15.182ms
08-04 13:58:34.998 27753 27765 I art     : Starting a blocking GC Explicit
08-04 13:58:35.010 27753 27765 I art     : Explicit concurrent mark sweep GC freed 3(96B) AllocSpace objects, 0(0B) LOS objects, 38% free, 26MB/42MB, paused 181us total 11.621ms
08-04 13:58:35.016 27753 27765 I art     : Starting a blocking GC Explicit
08-04 13:58:35.028 27753 27765 I art     : Explicit concurrent mark sweep GC freed 3(96B) AllocSpace objects, 0(0B) LOS objects, 38% free, 26MB/42MB, paused 189us total 11.615ms
08-04 13:58:35.034 27753 27765 I art     : Starting a blocking GC Explicit
08-04 13:58:35.046 27753 27765 I art     : Explicit concurrent mark sweep GC freed 3(96B) AllocSpace objects, 0(0B) LOS objects, 38% free, 26MB/42MB, paused 172us total 11.639ms
08-04 13:58:35.298 27753 29836 I art     : Starting a blocking GC Explicit
08-04 13:58:35.310 27753 29836 I art     : Explicit concurrent mark sweep GC freed 1377(80KB) AllocSpace objects, 1(20KB) LOS objects, 38% free, 26MB/42MB, paused 173us total 12.718ms
08-04 13:58:35.317 27753 29836 I art     : Starting a blocking GC Explicit
08-04 13:58:35.328 27753 29836 I art     : Explicit concurrent mark sweep GC freed 20(704B) AllocSpace objects, 0(0B) LOS objects, 38% free, 26MB/42MB, paused 163us total 11.130ms
08-04 13:58:35.334 27753 29836 I art     : Starting a blocking GC Explicit
08-04 13:58:35.344 27753 29836 I art     : Explicit concurrent mark sweep GC freed 3(96B) AllocSpace objects, 0(0B) LOS objects, 38% free, 26MB/42MB, paused 166us total 9.968ms
08-04 13:58:35.350 27753 29836 I art     : Starting a blocking GC Explicit
08-04 13:58:35.360 27753 29836 I art     : Explicit concurrent mark sweep GC freed 3(96B) AllocSpace objects, 0(0B) LOS objects, 38% free, 26MB/42MB, paused 155us total 10.204ms
08-04 13:58:35.366 27753 29836 I art     : Starting a blocking GC Explicit
08-04 13:58:35.376 27753 29836 I art     : Explicit concurrent mark sweep GC freed 3(96B) AllocSpace objects, 0(0B) LOS objects, 38% free, 26MB/42MB, paused 163us total 10.033ms
08-04 13:58:35.638 27753 27764 I art     : Starting a blocking GC Explicit
08-04 13:58:35.651 27753 27764 I art     : Explicit concurrent mark sweep GC freed 1378(80KB) AllocSpace objects, 1(20KB) LOS objects, 38% free, 26MB/42MB, paused 232us total 13.431ms
08-04 13:58:35.658 27753 27764 I art     : Starting a blocking GC Explicit
08-04 13:58:35.670 27753 27764 I art     : Explicit concurrent mark sweep GC freed 20(704B) AllocSpace objects, 0(0B) LOS objects, 38% free, 26MB/42MB, paused 165us total 11.619ms
08-04 13:58:35.676 27753 27764 I art     : Starting a blocking GC Explicit
08-04 13:58:35.687 27753 27764 I art     : Explicit concurrent mark sweep GC freed 3(96B) AllocSpace objects, 0(0B) LOS objects, 38% free, 26MB/42MB, paused 189us total 10.835ms
08-04 13:58:35.693 27753 27764 I art     : Starting a blocking GC Explicit
08-04 13:58:35.704 27753 27764 I art     : Explicit concurrent mark sweep GC freed 3(96B) AllocSpace objects, 0(0B) LOS objects, 38% free, 26MB/42MB, paused 166us total 10.403ms
08-04 13:58:35.710 27753 27764 I art     : Starting a blocking GC Explicit
08-04 13:58:35.721 27753 27764 I art     : Explicit concurrent mark sweep GC freed 3(96B) AllocSpace objects, 0(0B) LOS objects, 38% free, 26MB/42MB, paused 160us total 10.312ms
08-04 13:58:36.005 30017 30017 D AndroidRuntime: >>>>>> START com.android.internal.os.RuntimeInit uid 2000 <<<<<<
08-04 13:58:36.010 30017 30017 D AndroidRuntime: CheckJNI is OFF
08-04 13:58:36.020 27753 27765 I art     : Starting a blocking GC Explicit
08-04 13:58:36.032 27753 27765 I art     : Explicit concurrent mark sweep GC freed 1378(80KB) AllocSpace objects, 1(20KB) LOS objects, 38% free, 26MB/42MB, paused 195us total 11.793ms
08-04 13:58:36.038 27753 27765 I art     : Starting a blocking GC Explicit
08-04 13:58:36.040 30017 30017 D ICU     : No timezone override file found: /data/misc/zoneinfo/current/icu/icu_tzdata.dat
08-04 13:58:36.050 27753 27765 I art     : Explicit concurrent mark sweep GC freed 20(704B) AllocSpace objects, 0(0B) LOS objects, 38% free, 26MB/42MB, paused 215us total 11.409ms
08-04 13:58:36.056 27753 27765 I art     : Starting a blocking GC Explicit
08-04 13:58:36.066 30017 30017 I Radio-JNI: register_android_hardware_Radio DONE
08-04 13:58:36.067 27753 27765 I art     : Explicit concurrent mark sweep GC freed 3(96B) AllocSpace objects, 0(0B) LOS objects, 38% free, 26MB/42MB, paused 247us total 10.798ms
08-04 13:58:36.072 27753 27765 I art     : Starting a blocking GC Explicit
08-04 13:58:36.083 30017 30017 D AndroidRuntime: Calling main entry com.android.commands.input.Input
08-04 13:58:36.084 27753 27765 I art     : Explicit concurrent mark sweep GC freed 3(96B) AllocSpace objects, 0(0B) LOS objects, 38% free, 26MB/42MB, paused 228us total 11.438ms
08-04 13:58:36.085 30017 30017 I Input   : injectMotionEvent: MotionEvent { action=ACTION_DOWN, actionButton=0, id[0]=0, x[0]=594.0, y[0]=330.0, toolType[0]=TOOL_TYPE_UNKNOWN, buttonState=0, metaState=0, flags=0x0, edgeFlags=0x0, pointerCount=1, historySize=0, eventTime=712732498, downTime=712732498, deviceId=0, source=0x1002 }
08-04 13:58:36.090 27753 27765 I art     : Starting a blocking GC Explicit
08-04 13:58:36.091 30017 30017 I Input   : injectMotionEvent: MotionEvent { action=ACTION_UP, actionButton=0, id[0]=0, x[0]=594.0, y[0]=330.0, toolType[0]=TOOL_TYPE_UNKNOWN, buttonState=0, metaState=0, flags=0x0, edgeFlags=0x0, pointerCount=1, historySize=0, eventTime=712732498, downTime=712732498, deviceId=0, source=0x1002 }
08-04 13:58:36.093 30017 30017 D AndroidRuntime: Shutting down VM
08-04 13:58:36.101 27753 27765 I art     : Explicit concurrent mark sweep GC freed 53(2448B) AllocSpace objects, 0(0B) LOS objects, 38% free, 26MB/42MB, paused 202us total 10.646ms
08-04 13:58:36.161   918  6111 I ActivityManager: START u0 {cmp=baseline.com.newsblur/.activity.GlobalSharedStoriesItemsList (has extras)} from uid 10652 on display 0
08-04 13:58:36.180 27753 30040 I baseline.com.newsblur.database.BlurDatabaseHelper: reading session reset
08-04 13:58:36.316 27753 27753 W View    : requestLayout() improperly called by android.widget.FrameLayout{d5270c V.E...... ......ID 0,0-1440,0 #7f07003f app:id/footer_view_inner} during layout: running second layout pass
08-04 13:58:36.316 27753 27753 W View    : requestLayout() improperly called by android.widget.FrameLayout{bef7855 V.E...... ......ID 0,0-1440,2091 #7f07003f app:id/footer_view_inner} during layout: running second layout pass
08-04 13:58:36.317 27753 29836 I art     : Starting a blocking GC Explicit
08-04 13:58:36.334 27753 29836 I art     : Explicit concurrent mark sweep GC freed 6730(558KB) AllocSpace objects, 9(304KB) LOS objects, 36% free, 27MB/43MB, paused 244us total 16.107ms
08-04 13:58:36.339   918   936 I ActivityManager: Displayed baseline.com.newsblur/.activity.GlobalSharedStoriesItemsList: +171ms
08-04 13:58:36.339 13866 13866 I GoogleInputMethodServic: GoogleInputMethodService.onFinishInput():3138 
08-04 13:58:36.340 13866 13866 I GoogleInputMethodServic: GoogleInputMethodService.onStartInput():1808 
08-04 13:58:36.341 27753 29836 I art     : Starting a blocking GC Explicit
08-04 13:58:36.358 27753 29836 I art     : Explicit concurrent mark sweep GC freed 2065(151KB) AllocSpace objects, 5(100KB) LOS objects, 36% free, 27MB/43MB, paused 387us total 16.312ms
08-04 13:58:36.364 27753 29836 I art     : Starting a blocking GC Explicit
08-04 13:58:36.377 27753 29836 I art     : Explicit concurrent mark sweep GC freed 148(17KB) AllocSpace objects, 0(0B) LOS objects, 36% free, 27MB/43MB, paused 309us total 11.824ms
08-04 13:58:36.383 27753 29836 I art     : Starting a blocking GC Explicit
08-04 13:58:36.395 27753 29836 I art     : Explicit concurrent mark sweep GC freed 73(5KB) AllocSpace objects, 0(0B) LOS objects, 36% free, 27MB/43MB, paused 306us total 11.624ms
08-04 13:58:36.401 27753 29836 I art     : Starting a blocking GC Explicit
08-04 13:58:36.412 27753 29836 I art     : Explicit concurrent mark sweep GC freed 27(880B) AllocSpace objects, 0(0B) LOS objects, 36% free, 27MB/43MB, paused 230us total 11.432ms
08-04 13:58:36.678 27753 27765 I art     : Starting a blocking GC Explicit
08-04 13:58:36.692 27753 27765 I art     : Explicit concurrent mark sweep GC freed 1698(108KB) AllocSpace objects, 2(40KB) LOS objects, 36% free, 27MB/43MB, paused 301us total 14.149ms
08-04 13:58:36.699 27753 27765 I art     : Starting a blocking GC Explicit
08-04 13:58:36.711 27753 27765 I art     : Explicit concurrent mark sweep GC freed 30(1104B) AllocSpace objects, 0(0B) LOS objects, 36% free, 27MB/43MB, paused 236us total 12.135ms
08-04 13:58:36.717 27753 27765 I art     : Starting a blocking GC Explicit
08-04 13:58:36.728 27753 27765 I art     : Explicit concurrent mark sweep GC freed 5(160B) AllocSpace objects, 0(0B) LOS objects, 36% free, 27MB/43MB, paused 257us total 11.361ms
08-04 13:58:36.734 27753 27765 I art     : Starting a blocking GC Explicit
08-04 13:58:36.746 27753 27765 I art     : Explicit concurrent mark sweep GC freed 4(128B) AllocSpace objects, 0(0B) LOS objects, 36% free, 27MB/43MB, paused 258us total 11.440ms
08-04 13:58:36.751 27753 27765 I art     : Starting a blocking GC Explicit
08-04 13:58:36.763 27753 27765 I art     : Explicit concurrent mark sweep GC freed 4(128B) AllocSpace objects, 0(0B) LOS objects, 36% free, 27MB/43MB, paused 237us total 11.635ms
08-04 13:58:36.844 27753 30053 I NAPPA_EXPERIMENTATION: MetricNetworkRequestExecutionTime: REQUEST_DURATION_SYSTEM='488',REQUEST_DURATION_OKHTTP='33',REQUEST_SYNCHRONOUS='TRUE',RESPONSE_CODE='200',RESPONSE_METHOD='GET',RESPONSE_LENGTH_OKHTTP='-1',RESPONSE_LENGTH_HEADER='13047',REQUEST_PROTOCOL='http/1.1',REQUEST_URL='https://www.newsblur.com/social/river_stories?order=newest&page=1&read_filter=all&global_feed=true',
08-04 13:58:36.844 27753 30053 D MY_TAG  : 0, 488
08-04 13:58:37.002 27753 27765 I art     : Starting a blocking GC Explicit
08-04 13:58:37.021 27753 27765 I art     : Explicit concurrent mark sweep GC freed 38047(2MB) AllocSpace objects, 45(1256KB) LOS objects, 36% free, 28MB/44MB, paused 638us total 18.084ms
08-04 13:58:37.029 27753 27765 I art     : Starting a blocking GC Explicit
08-04 13:58:37.045 27753 27765 I art     : Explicit concurrent mark sweep GC freed 4169(359KB) AllocSpace objects, 2(40KB) LOS objects, 36% free, 27MB/43MB, paused 515us total 15.410ms
08-04 13:58:37.051 27753 27765 I art     : Starting a blocking GC Explicit
08-04 13:58:37.065 27753 27765 I art     : Explicit concurrent mark sweep GC freed 240(15KB) AllocSpace objects, 0(0B) LOS objects, 36% free, 27MB/43MB, paused 492us total 14.129ms
08-04 13:58:37.069 27753 30088 I NAPPA_EXPERIMENTATION: MetricNetworkRequestExecutionTime: REQUEST_DURATION_SYSTEM='36',REQUEST_DURATION_OKHTTP='32',REQUEST_SYNCHRONOUS='TRUE',RESPONSE_CODE='200',RESPONSE_METHOD='GET',RESPONSE_LENGTH_OKHTTP='43',RESPONSE_LENGTH_HEADER='43',REQUEST_PROTOCOL='http/1.1',REQUEST_URL='http://feeds.feedburner.com/~r/retort/~4/UffaFMiJbNs',
08-04 13:58:37.071 27753 27765 I art     : Starting a blocking GC Explicit
08-04 13:58:37.088 27753 27765 I art     : Explicit concurrent mark sweep GC freed 323(34KB) AllocSpace objects, 1(20KB) LOS objects, 36% free, 27MB/43MB, paused 452us total 16.532ms
08-04 13:58:37.094 27753 27765 I art     : Starting a blocking GC Explicit
08-04 13:58:37.108 27753 27765 I art     : Explicit concurrent mark sweep GC freed 113(5KB) AllocSpace objects, 0(0B) LOS objects, 36% free, 27MB/43MB, paused 430us total 13.540ms
08-04 13:58:37.370 27753 27764 I art     : Starting a blocking GC Explicit
08-04 13:58:37.387 27753 27764 I art     : Explicit concurrent mark sweep GC freed 13343(616KB) AllocSpace objects, 4(220KB) LOS objects, 36% free, 28MB/44MB, paused 444us total 17.696ms
08-04 13:58:37.394 27753 27764 I art     : Starting a blocking GC Explicit
08-04 13:58:37.408 27753 30090 I NAPPA_EXPERIMENTATION: MetricNetworkRequestExecutionTime: REQUEST_DURATION_SYSTEM='361',REQUEST_DURATION_OKHTTP='174',REQUEST_SYNCHRONOUS='TRUE',RESPONSE_CODE='200',RESPONSE_METHOD='GET',RESPONSE_LENGTH_OKHTTP='79351',RESPONSE_LENGTH_HEADER='79351',REQUEST_PROTOCOL='h2',REQUEST_URL='https://images.fastcompany.net/image/upload/w_1280,q_auto,f_auto,fl_lossy/wp-cms/uploads/2020/07/p-1-90532920-this-chart-shows-how-effective-masks-can-be.png',
08-04 13:58:37.411 27753 27764 I art     : Explicit concurrent mark sweep GC freed 1513(157KB) AllocSpace objects, 1(20KB) LOS objects, 36% free, 28MB/44MB, paused 905us total 17.089ms
08-04 13:58:37.419 27753 27764 I art     : Starting a blocking GC Explicit
08-04 13:58:37.433 27753 27764 I art     : Explicit concurrent mark sweep GC freed 832(63KB) AllocSpace objects, 0(0B) LOS objects, 36% free, 28MB/44MB, paused 825us total 13.876ms
08-04 13:58:37.441 27753 27764 I art     : Starting a blocking GC Explicit
08-04 13:58:37.457 27753 27764 I art     : Explicit concurrent mark sweep GC freed 5790(241KB) AllocSpace objects, 1(20KB) LOS objects, 32% free, 33MB/49MB, paused 408us total 16.186ms
08-04 13:58:37.463 27753 27764 I art     : Starting a blocking GC Explicit
08-04 13:58:37.477 27753 27764 I art     : Explicit concurrent mark sweep GC freed 157(6KB) AllocSpace objects, 2(3MB) LOS objects, 34% free, 30MB/46MB, paused 356us total 13.691ms
08-04 13:58:37.485 27753 30089 I NAPPA_EXPERIMENTATION: MetricNetworkRequestExecutionTime: REQUEST_DURATION_SYSTEM='471',REQUEST_DURATION_OKHTTP='40',REQUEST_SYNCHRONOUS='TRUE',RESPONSE_CODE='200',RESPONSE_METHOD='GET',RESPONSE_LENGTH_OKHTTP='243',RESPONSE_LENGTH_HEADER='243',REQUEST_PROTOCOL='http/1.1',REQUEST_URL='https://s3.amazonaws.com/icons.newsblur.com/18178.png',
08-04 13:58:37.513 27753 30091 I NAPPA_EXPERIMENTATION: MetricNetworkRequestExecutionTime: REQUEST_DURATION_SYSTEM='485',REQUEST_DURATION_OKHTTP='65',REQUEST_SYNCHRONOUS='TRUE',RESPONSE_CODE='200',RESPONSE_METHOD='GET',RESPONSE_LENGTH_OKHTTP='477',RESPONSE_LENGTH_HEADER='477',REQUEST_PROTOCOL='http/1.1',REQUEST_URL='https://s3.amazonaws.com/icons.newsblur.com/5762506.png',
08-04 13:58:37.518 27753 30087 I NAPPA_EXPERIMENTATION: MetricNetworkRequestExecutionTime: REQUEST_DURATION_SYSTEM='511',REQUEST_DURATION_OKHTTP='66',REQUEST_SYNCHRONOUS='TRUE',RESPONSE_CODE='200',RESPONSE_METHOD='GET',RESPONSE_LENGTH_OKHTTP='145',RESPONSE_LENGTH_HEADER='145',REQUEST_PROTOCOL='http/1.1',REQUEST_URL='https://s3.amazonaws.com/icons.newsblur.com/6882243.png',
08-04 13:58:37.752 27753 27765 I art     : Starting a blocking GC Explicit
08-04 13:58:37.770 27753 27765 I art     : Explicit concurrent mark sweep GC freed 2336(181KB) AllocSpace objects, 10(200KB) LOS objects, 34% free, 30MB/46MB, paused 306us total 17.486ms
08-04 13:58:37.776 27753 27765 I art     : Starting a blocking GC Explicit
08-04 13:58:37.791 27753 27765 I art     : Explicit concurrent mark sweep GC freed 77(2816B) AllocSpace objects, 0(0B) LOS objects, 34% free, 30MB/46MB, paused 337us total 14.270ms
08-04 13:58:37.797 27753 27765 I art     : Starting a blocking GC Explicit
08-04 13:58:37.812 27753 27765 I art     : Explicit concurrent mark sweep GC freed 3(96B) AllocSpace objects, 0(0B) LOS objects, 34% free, 30MB/46MB, paused 308us total 14.886ms
08-04 13:58:37.819 27753 27765 I art     : Starting a blocking GC Explicit
08-04 13:58:37.834 27753 27765 I art     : Explicit concurrent mark sweep GC freed 3(96B) AllocSpace objects, 0(0B) LOS objects, 34% free, 30MB/46MB, paused 329us total 14.893ms
08-04 13:58:37.840 27753 27765 I art     : Starting a blocking GC Explicit
08-04 13:58:37.855 27753 27765 I art     : Explicit concurrent mark sweep GC freed 3(96B) AllocSpace objects, 0(0B) LOS objects, 34% free, 30MB/46MB, paused 326us total 14.822ms
08-04 13:58:38.181 27753 27764 I art     : Starting a blocking GC Explicit
08-04 13:58:38.201 27753 27764 I art     : Explicit concurrent mark sweep GC freed 1427(84KB) AllocSpace objects, 1(20KB) LOS objects, 34% free, 30MB/46MB, paused 353us total 19.358ms
08-04 13:58:38.211 27753 27764 I art     : Starting a blocking GC Explicit
08-04 13:58:38.226 27753 27764 I art     : Explicit concurrent mark sweep GC freed 20(704B) AllocSpace objects, 0(0B) LOS objects, 34% free, 30MB/46MB, paused 398us total 15.174ms
08-04 13:58:38.232 27753 27764 I art     : Starting a blocking GC Explicit
08-04 13:58:38.247 27753 27764 I art     : Explicit concurrent mark sweep GC freed 3(96B) AllocSpace objects, 0(0B) LOS objects, 34% free, 30MB/46MB, paused 348us total 14.718ms
08-04 13:58:38.253 27753 27764 I art     : Starting a blocking GC Explicit
08-04 13:58:38.268 27753 27764 I art     : Explicit concurrent mark sweep GC freed 3(96B) AllocSpace objects, 0(0B) LOS objects, 34% free, 30MB/46MB, paused 325us total 14.425ms
08-04 13:58:38.274 27753 27764 I art     : Starting a blocking GC Explicit
08-04 13:58:38.289 27753 27764 I art     : Explicit concurrent mark sweep GC freed 3(96B) AllocSpace objects, 0(0B) LOS objects, 34% free, 30MB/46MB, paused 303us total 14.707ms
08-04 13:58:38.611 27753 30054 I art     : Starting a blocking GC Explicit
08-04 13:58:38.630 27753 30054 I art     : Explicit concurrent mark sweep GC freed 1389(80KB) AllocSpace objects, 1(20KB) LOS objects, 34% free, 30MB/46MB, paused 350us total 18.941ms
08-04 13:58:38.640 27753 30054 I art     : Starting a blocking GC Explicit
08-04 13:58:38.655 27753 30054 I art     : Explicit concurrent mark sweep GC freed 20(704B) AllocSpace objects, 0(0B) LOS objects, 34% free, 30MB/46MB, paused 322us total 15.121ms
08-04 13:58:38.661 27753 30054 I art     : Starting a blocking GC Explicit
08-04 13:58:38.677 27753 30054 I art     : Explicit concurrent mark sweep GC freed 3(96B) AllocSpace objects, 0(0B) LOS objects, 34% free, 30MB/46MB, paused 446us total 15.195ms
08-04 13:58:38.683 27753 30054 I art     : Starting a blocking GC Explicit
08-04 13:58:38.698 27753 30054 I art     : Explicit concurrent mark sweep GC freed 3(96B) AllocSpace objects, 0(0B) LOS objects, 34% free, 30MB/46MB, paused 327us total 14.895ms
08-04 13:58:38.705 27753 30054 I art     : Starting a blocking GC Explicit
08-04 13:58:38.720 27753 30054 I art     : Explicit concurrent mark sweep GC freed 3(96B) AllocSpace objects, 0(0B) LOS objects, 34% free, 30MB/46MB, paused 332us total 15.105ms
08-04 13:58:39.020 27753 29836 I art     : Starting a blocking GC Explicit
08-04 13:58:39.037 27753 29836 I art     : Explicit concurrent mark sweep GC freed 1388(80KB) AllocSpace objects, 1(20KB) LOS objects, 34% free, 30MB/46MB, paused 369us total 17.013ms
08-04 13:58:39.044 27753 29836 I art     : Starting a blocking GC Explicit
08-04 13:58:39.060 27753 29836 I art     : Explicit concurrent mark sweep GC freed 20(704B) AllocSpace objects, 0(0B) LOS objects, 34% free, 30MB/46MB, paused 321us total 15.179ms
08-04 13:58:39.066 27753 29836 I art     : Starting a blocking GC Explicit
08-04 13:58:39.081 27753 29836 I art     : Explicit concurrent mark sweep GC freed 3(96B) AllocSpace objects, 0(0B) LOS objects, 34% free, 30MB/46MB, paused 355us total 14.992ms
08-04 13:58:39.088 27753 29836 I art     : Starting a blocking GC Explicit
08-04 13:58:39.103 27753 29836 I art     : Explicit concurrent mark sweep GC freed 3(96B) AllocSpace objects, 0(0B) LOS objects, 34% free, 30MB/46MB, paused 334us total 14.758ms
08-04 13:58:39.109 27753 29836 I art     : Starting a blocking GC Explicit
08-04 13:58:39.124 27753 29836 I art     : Explicit concurrent mark sweep GC freed 3(96B) AllocSpace objects, 0(0B) LOS objects, 34% free, 30MB/46MB, paused 331us total 15.157ms
08-04 13:58:39.437 27753 27765 I art     : Starting a blocking GC Explicit
08-04 13:58:39.455 27753 27765 I art     : Explicit concurrent mark sweep GC freed 1388(80KB) AllocSpace objects, 1(20KB) LOS objects, 34% free, 30MB/46MB, paused 355us total 17.710ms
08-04 13:58:39.467 27753 27765 I art     : Starting a blocking GC Explicit
08-04 13:58:39.481 27753 27765 I art     : Explicit concurrent mark sweep GC freed 20(704B) AllocSpace objects, 0(0B) LOS objects, 34% free, 30MB/46MB, paused 329us total 14.626ms
08-04 13:58:39.488 27753 27765 I art     : Starting a blocking GC Explicit
08-04 13:58:39.502 27753 27765 I art     : Explicit concurrent mark sweep GC freed 3(96B) AllocSpace objects, 0(0B) LOS objects, 34% free, 30MB/46MB, paused 323us total 14.362ms
08-04 13:58:39.509 27753 27765 I art     : Starting a blocking GC Explicit
08-04 13:58:39.523 27753 27765 I art     : Explicit concurrent mark sweep GC freed 3(96B) AllocSpace objects, 0(0B) LOS objects, 34% free, 30MB/46MB, paused 327us total 14.608ms
08-04 13:58:39.530 27753 27765 I art     : Starting a blocking GC Explicit
08-04 13:58:39.544 27753 27765 I art     : Explicit concurrent mark sweep GC freed 3(96B) AllocSpace objects, 0(0B) LOS objects, 34% free, 30MB/46MB, paused 355us total 14.519ms
08-04 13:58:39.861 27753 27764 I art     : Starting a blocking GC Explicit
08-04 13:58:39.879 27753 27764 I art     : Explicit concurrent mark sweep GC freed 1389(80KB) AllocSpace objects, 1(20KB) LOS objects, 34% free, 30MB/46MB, paused 358us total 17.907ms
08-04 13:58:39.888 27753 27764 I art     : Starting a blocking GC Explicit
08-04 13:58:39.903 27753 27764 I art     : Explicit concurrent mark sweep GC freed 20(704B) AllocSpace objects, 0(0B) LOS objects, 34% free, 30MB/46MB, paused 328us total 14.903ms
08-04 13:58:39.910 27753 27764 I art     : Starting a blocking GC Explicit
08-04 13:58:39.925 27753 27764 I art     : Explicit concurrent mark sweep GC freed 3(96B) AllocSpace objects, 0(0B) LOS objects, 34% free, 30MB/46MB, paused 358us total 14.801ms
08-04 13:58:39.931 27753 27764 I art     : Starting a blocking GC Explicit
08-04 13:58:39.947 27753 27764 I art     : Explicit concurrent mark sweep GC freed 3(96B) AllocSpace objects, 0(0B) LOS objects, 34% free, 30MB/46MB, paused 334us total 15.068ms
08-04 13:58:39.954 27753 27764 I art     : Starting a blocking GC Explicit
08-04 13:58:39.968 27753 27764 I art     : Explicit concurrent mark sweep GC freed 3(96B) AllocSpace objects, 0(0B) LOS objects, 34% free, 30MB/46MB, paused 312us total 13.650ms
08-04 13:58:40.264 27753 30054 I art     : Starting a blocking GC Explicit
08-04 13:58:40.282 27753 30054 I art     : Explicit concurrent mark sweep GC freed 1388(80KB) AllocSpace objects, 1(20KB) LOS objects, 34% free, 30MB/46MB, paused 363us total 18.042ms
08-04 13:58:40.290 27753 30054 I art     : Starting a blocking GC Explicit
08-04 13:58:40.306 27753 30054 I art     : Explicit concurrent mark sweep GC freed 20(704B) AllocSpace objects, 0(0B) LOS objects, 34% free, 30MB/46MB, paused 312us total 14.843ms
08-04 13:58:40.312 27753 30054 I art     : Starting a blocking GC Explicit
08-04 13:58:40.327 27753 30054 I art     : Explicit concurrent mark sweep GC freed 3(96B) AllocSpace objects, 0(0B) LOS objects, 34% free, 30MB/46MB, paused 360us total 15.078ms
08-04 13:58:40.334 27753 30054 I art     : Starting a blocking GC Explicit
08-04 13:58:40.349 27753 30054 I art     : Explicit concurrent mark sweep GC freed 3(96B) AllocSpace objects, 0(0B) LOS objects, 34% free, 30MB/46MB, paused 304us total 14.943ms
08-04 13:58:40.355 27753 30054 I art     : Starting a blocking GC Explicit
08-04 13:58:40.370 27753 30054 I art     : Explicit concurrent mark sweep GC freed 3(96B) AllocSpace objects, 0(0B) LOS objects, 34% free, 30MB/46MB, paused 323us total 14.938ms
08-04 13:58:40.684 27753 29836 I art     : Starting a blocking GC Explicit
08-04 13:58:40.703 27753 29836 I art     : Explicit concurrent mark sweep GC freed 1388(80KB) AllocSpace objects, 1(20KB) LOS objects, 34% free, 30MB/46MB, paused 351us total 18.574ms
08-04 13:58:40.712 27753 29836 I art     : Starting a blocking GC Explicit
08-04 13:58:40.727 27753 29836 I art     : Explicit concurrent mark sweep GC freed 20(704B) AllocSpace objects, 0(0B) LOS objects, 34% free, 30MB/46MB, paused 337us total 14.827ms
08-04 13:58:40.734 27753 29836 I art     : Starting a blocking GC Explicit
08-04 13:58:40.748 27753 29836 I art     : Explicit concurrent mark sweep GC freed 3(96B) AllocSpace objects, 0(0B) LOS objects, 34% free, 30MB/46MB, paused 334us total 14.684ms
08-04 13:58:40.755 27753 29836 I art     : Starting a blocking GC Explicit
08-04 13:58:40.769 27753 29836 I art     : Explicit concurrent mark sweep GC freed 3(96B) AllocSpace objects, 0(0B) LOS objects, 34% free, 30MB/46MB, paused 326us total 14.560ms
08-04 13:58:40.776 27753 29836 I art     : Starting a blocking GC Explicit
08-04 13:58:40.791 27753 29836 I art     : Explicit concurrent mark sweep GC freed 3(96B) AllocSpace objects, 0(0B) LOS objects, 34% free, 30MB/46MB, paused 320us total 14.574ms
08-04 13:58:41.097 27753 27765 I art     : Starting a blocking GC Explicit
08-04 13:58:41.115 27753 27765 I art     : Explicit concurrent mark sweep GC freed 1388(80KB) AllocSpace objects, 1(20KB) LOS objects, 34% free, 30MB/46MB, paused 353us total 17.888ms
08-04 13:58:41.122 27753 27765 I art     : Starting a blocking GC Explicit
08-04 13:58:41.138 27753 27765 I art     : Explicit concurrent mark sweep GC freed 20(704B) AllocSpace objects, 0(0B) LOS objects, 34% free, 30MB/46MB, paused 331us total 16.160ms
08-04 13:58:41.145 27753 27765 I art     : Starting a blocking GC Explicit
08-04 13:58:41.159 27753 27765 I art     : Explicit concurrent mark sweep GC freed 3(96B) AllocSpace objects, 0(0B) LOS objects, 34% free, 30MB/46MB, paused 319us total 14.783ms
08-04 13:58:41.166 27753 27765 I art     : Starting a blocking GC Explicit
08-04 13:58:41.181 27753 27765 I art     : Explicit concurrent mark sweep GC freed 3(96B) AllocSpace objects, 0(0B) LOS objects, 34% free, 30MB/46MB, paused 330us total 15.109ms
08-04 13:58:41.188 27753 27765 I art     : Starting a blocking GC Explicit
08-04 13:58:41.203 27753 27765 I art     : Explicit concurrent mark sweep GC freed 3(96B) AllocSpace objects, 0(0B) LOS objects, 34% free, 30MB/46MB, paused 417us total 14.825ms
08-04 13:58:41.521 27753 27764 I art     : Starting a blocking GC Explicit
08-04 13:58:41.540 27753 27764 I art     : Explicit concurrent mark sweep GC freed 1388(80KB) AllocSpace objects, 1(20KB) LOS objects, 34% free, 30MB/46MB, paused 365us total 17.857ms
08-04 13:58:41.549 27753 27764 I art     : Starting a blocking GC Explicit
08-04 13:58:41.564 27753 27764 I art     : Explicit concurrent mark sweep GC freed 20(704B) AllocSpace objects, 0(0B) LOS objects, 34% free, 30MB/46MB, paused 368us total 14.895ms
08-04 13:58:41.571 27753 27764 I art     : Starting a blocking GC Explicit
08-04 13:58:41.586 27753 27764 I art     : Explicit concurrent mark sweep GC freed 3(96B) AllocSpace objects, 0(0B) LOS objects, 34% free, 30MB/46MB, paused 326us total 14.802ms
08-04 13:58:41.592 27753 27764 I art     : Starting a blocking GC Explicit
08-04 13:58:41.608 27753 27764 I art     : Explicit concurrent mark sweep GC freed 3(96B) AllocSpace objects, 0(0B) LOS objects, 34% free, 30MB/46MB, paused 335us total 14.911ms
08-04 13:58:41.614 27753 27764 I art     : Starting a blocking GC Explicit
08-04 13:58:41.629 27753 27764 I art     : Explicit concurrent mark sweep GC freed 3(96B) AllocSpace objects, 0(0B) LOS objects, 34% free, 30MB/46MB, paused 335us total 14.908ms
08-04 13:58:41.951 27753 30054 I art     : Starting a blocking GC Explicit
08-04 13:58:41.969 27753 30054 I art     : Explicit concurrent mark sweep GC freed 1388(80KB) AllocSpace objects, 1(20KB) LOS objects, 34% free, 30MB/46MB, paused 345us total 18.311ms
08-04 13:58:41.981 27753 30054 I art     : Starting a blocking GC Explicit
08-04 13:58:41.995 27753 30054 I art     : Explicit concurrent mark sweep GC freed 20(704B) AllocSpace objects, 0(0B) LOS objects, 34% free, 30MB/46MB, paused 327us total 14.382ms
08-04 13:58:42.002 27753 30054 I art     : Starting a blocking GC Explicit
08-04 13:58:42.016 27753 30054 I art     : Explicit concurrent mark sweep GC freed 3(96B) AllocSpace objects, 0(0B) LOS objects, 34% free, 30MB/46MB, paused 322us total 14.460ms
08-04 13:58:42.022 27753 30054 I art     : Starting a blocking GC Explicit
08-04 13:58:42.037 27753 30054 I art     : Explicit concurrent mark sweep GC freed 3(96B) AllocSpace objects, 0(0B) LOS objects, 34% free, 30MB/46MB, paused 338us total 14.304ms
08-04 13:58:42.043 27753 30054 I art     : Starting a blocking GC Explicit
08-04 13:58:42.058 27753 30054 I art     : Explicit concurrent mark sweep GC freed 3(96B) AllocSpace objects, 0(0B) LOS objects, 34% free, 30MB/46MB, paused 354us total 14.276ms
08-04 13:58:42.386 27753 29836 I art     : Starting a blocking GC Explicit
08-04 13:58:42.406 27753 29836 I art     : Explicit concurrent mark sweep GC freed 1388(80KB) AllocSpace objects, 1(20KB) LOS objects, 34% free, 30MB/46MB, paused 423us total 18.953ms
08-04 13:58:42.413 27753 29836 I art     : Starting a blocking GC Explicit
08-04 13:58:42.429 27753 29836 I art     : Explicit concurrent mark sweep GC freed 20(704B) AllocSpace objects, 0(0B) LOS objects, 34% free, 30MB/46MB, paused 333us total 15.922ms
08-04 13:58:42.436 27753 29836 I art     : Starting a blocking GC Explicit
08-04 13:58:42.451 27753 29836 I art     : Explicit concurrent mark sweep GC freed 3(96B) AllocSpace objects, 0(0B) LOS objects, 34% free, 30MB/46MB, paused 341us total 14.843ms
08-04 13:58:42.458 27753 29836 I art     : Starting a blocking GC Explicit
08-04 13:58:42.473 27753 29836 I art     : Explicit concurrent mark sweep GC freed 3(96B) AllocSpace objects, 0(0B) LOS objects, 34% free, 30MB/46MB, paused 327us total 14.892ms
08-04 13:58:42.480 27753 29836 I art     : Starting a blocking GC Explicit
08-04 13:58:42.495 27753 29836 I art     : Explicit concurrent mark sweep GC freed 3(96B) AllocSpace objects, 0(0B) LOS objects, 34% free, 30MB/46MB, paused 384us total 14.785ms
08-04 13:58:42.813 27753 27765 I art     : Starting a blocking GC Explicit
08-04 13:58:42.832 27753 27765 I art     : Explicit concurrent mark sweep GC freed 1388(80KB) AllocSpace objects, 1(20KB) LOS objects, 34% free, 30MB/46MB, paused 366us total 18.857ms
08-04 13:58:42.845 27753 27765 I art     : Starting a blocking GC Explicit
08-04 13:58:42.859 27753 27765 I art     : Explicit concurrent mark sweep GC freed 20(704B) AllocSpace objects, 0(0B) LOS objects, 34% free, 30MB/46MB, paused 326us total 14.387ms
08-04 13:58:42.866 27753 27765 I art     : Starting a blocking GC Explicit
08-04 13:58:42.880 27753 27765 I art     : Explicit concurrent mark sweep GC freed 3(96B) AllocSpace objects, 0(0B) LOS objects, 34% free, 30MB/46MB, paused 312us total 14.500ms
08-04 13:58:42.887 27753 27765 I art     : Starting a blocking GC Explicit
08-04 13:58:42.901 27753 27765 I art     : Explicit concurrent mark sweep GC freed 3(96B) AllocSpace objects, 0(0B) LOS objects, 34% free, 30MB/46MB, paused 314us total 14.470ms
08-04 13:58:42.908 27753 27765 I art     : Starting a blocking GC Explicit
08-04 13:58:42.922 27753 27765 I art     : Explicit concurrent mark sweep GC freed 3(96B) AllocSpace objects, 0(0B) LOS objects, 34% free, 30MB/46MB, paused 314us total 14.513ms
08-04 13:58:43.126   918  3261 D WifiStateMachine: starting scan for "H369AA63323"WPA_PSK with 2412,5180
08-04 13:58:43.229 27753 27764 I art     : Starting a blocking GC Explicit
08-04 13:58:43.248 27753 27764 I art     : Explicit concurrent mark sweep GC freed 1388(80KB) AllocSpace objects, 1(20KB) LOS objects, 34% free, 30MB/46MB, paused 359us total 18.710ms
08-04 13:58:43.258 27753 27764 I art     : Starting a blocking GC Explicit
08-04 13:58:43.273 27753 27764 I art     : Explicit concurrent mark sweep GC freed 20(704B) AllocSpace objects, 0(0B) LOS objects, 34% free, 30MB/46MB, paused 334us total 15.238ms
08-04 13:58:43.280 27753 27764 I art     : Starting a blocking GC Explicit
08-04 13:58:43.295 27753 27764 I art     : Explicit concurrent mark sweep GC freed 3(96B) AllocSpace objects, 0(0B) LOS objects, 34% free, 30MB/46MB, paused 323us total 15.245ms
08-04 13:58:43.302 27753 27764 I art     : Starting a blocking GC Explicit
08-04 13:58:43.317 27753 27764 I art     : Explicit concurrent mark sweep GC freed 3(96B) AllocSpace objects, 0(0B) LOS objects, 34% free, 30MB/46MB, paused 461us total 14.858ms
08-04 13:58:43.323 27753 27764 I art     : Starting a blocking GC Explicit
08-04 13:58:43.338 27753 27764 I art     : Explicit concurrent mark sweep GC freed 3(96B) AllocSpace objects, 0(0B) LOS objects, 34% free, 30MB/46MB, paused 374us total 14.826ms
08-04 13:58:43.665 27753 30054 I art     : Starting a blocking GC Explicit
08-04 13:58:43.685 27753 30054 I art     : Explicit concurrent mark sweep GC freed 1388(80KB) AllocSpace objects, 1(20KB) LOS objects, 34% free, 30MB/46MB, paused 338us total 20.247ms
08-04 13:58:43.692 27753 30054 I art     : Starting a blocking GC Explicit
08-04 13:58:43.708 27753 30054 I art     : Explicit concurrent mark sweep GC freed 20(704B) AllocSpace objects, 0(0B) LOS objects, 34% free, 30MB/46MB, paused 338us total 15.680ms
08-04 13:58:43.715 27753 30054 I art     : Starting a blocking GC Explicit
08-04 13:58:43.730 27753 30054 I art     : Explicit concurrent mark sweep GC freed 3(96B) AllocSpace objects, 0(0B) LOS objects, 34% free, 30MB/46MB, paused 329us total 15.194ms
08-04 13:58:43.736 27753 30054 I art     : Starting a blocking GC Explicit
08-04 13:58:43.752 27753 30054 I art     : Explicit concurrent mark sweep GC freed 3(96B) AllocSpace objects, 0(0B) LOS objects, 34% free, 30MB/46MB, paused 308us total 15.055ms
08-04 13:58:43.758 27753 30054 I art     : Starting a blocking GC Explicit
08-04 13:58:43.773 27753 30054 I art     : Explicit concurrent mark sweep GC freed 3(96B) AllocSpace objects, 0(0B) LOS objects, 34% free, 30MB/46MB, paused 316us total 14.681ms
08-04 13:58:44.080 27753 29836 I art     : Starting a blocking GC Explicit
08-04 13:58:44.099 27753 29836 I art     : Explicit concurrent mark sweep GC freed 1388(80KB) AllocSpace objects, 1(20KB) LOS objects, 34% free, 30MB/46MB, paused 368us total 18.255ms
08-04 13:58:44.109 27753 29836 I art     : Starting a blocking GC Explicit
08-04 13:58:44.124 27753 29836 I art     : Explicit concurrent mark sweep GC freed 20(704B) AllocSpace objects, 0(0B) LOS objects, 34% free, 30MB/46MB, paused 320us total 14.346ms
08-04 13:58:44.130 27753 29836 I art     : Starting a blocking GC Explicit
08-04 13:58:44.145 27753 29836 I art     : Explicit concurrent mark sweep GC freed 3(96B) AllocSpace objects, 0(0B) LOS objects, 34% free, 30MB/46MB, paused 322us total 14.408ms
08-04 13:58:44.151 27753 29836 I art     : Starting a blocking GC Explicit
08-04 13:58:44.165 27753 29836 I art     : Explicit concurrent mark sweep GC freed 3(96B) AllocSpace objects, 0(0B) LOS objects, 34% free, 30MB/46MB, paused 325us total 14.365ms
08-04 13:58:44.172 27753 29836 I art     : Starting a blocking GC Explicit
08-04 13:58:44.186 27753 29836 I art     : Explicit concurrent mark sweep GC freed 3(96B) AllocSpace objects, 0(0B) LOS objects, 34% free, 30MB/46MB, paused 340us total 14.546ms
08-04 13:58:44.478 27753 27765 I art     : Starting a blocking GC Explicit
08-04 13:58:44.495 27753 27765 I art     : Explicit concurrent mark sweep GC freed 1388(80KB) AllocSpace objects, 1(20KB) LOS objects, 34% free, 30MB/46MB, paused 397us total 16.642ms
08-04 13:58:44.502 27753 27765 I art     : Starting a blocking GC Explicit
08-04 13:58:44.518 27753 27765 I art     : Explicit concurrent mark sweep GC freed 20(704B) AllocSpace objects, 0(0B) LOS objects, 34% free, 30MB/46MB, paused 318us total 15.506ms
08-04 13:58:44.525 27753 27765 I art     : Starting a blocking GC Explicit
08-04 13:58:44.540 27753 27765 I art     : Explicit concurrent mark sweep GC freed 3(96B) AllocSpace objects, 0(0B) LOS objects, 34% free, 30MB/46MB, paused 332us total 14.843ms
08-04 13:58:44.546 27753 27765 I art     : Starting a blocking GC Explicit
08-04 13:58:44.561 27753 27765 I art     : Explicit concurrent mark sweep GC freed 3(96B) AllocSpace objects, 0(0B) LOS objects, 34% free, 30MB/46MB, paused 331us total 14.891ms
08-04 13:58:44.568 27753 27765 I art     : Starting a blocking GC Explicit
08-04 13:58:44.583 27753 27765 I art     : Explicit concurrent mark sweep GC freed 3(96B) AllocSpace objects, 0(0B) LOS objects, 34% free, 30MB/46MB, paused 327us total 14.794ms
08-04 13:58:44.914 27753 27764 I art     : Starting a blocking GC Explicit
08-04 13:58:44.934 27753 27764 I art     : Explicit concurrent mark sweep GC freed 1388(80KB) AllocSpace objects, 1(20KB) LOS objects, 34% free, 30MB/46MB, paused 366us total 19.488ms
08-04 13:58:44.946 27753 27764 I art     : Starting a blocking GC Explicit
08-04 13:58:44.961 27753 27764 I art     : Explicit concurrent mark sweep GC freed 20(704B) AllocSpace objects, 0(0B) LOS objects, 34% free, 30MB/46MB, paused 322us total 14.543ms
08-04 13:58:44.967 27753 27764 I art     : Starting a blocking GC Explicit
08-04 13:58:44.972 26337 26337 I ServiceManager: Waiting for service AtCmdFwd...
08-04 13:58:44.982 27753 27764 I art     : Explicit concurrent mark sweep GC freed 3(96B) AllocSpace objects, 0(0B) LOS objects, 34% free, 30MB/46MB, paused 324us total 14.251ms
08-04 13:58:44.988 27753 27764 I art     : Starting a blocking GC Explicit
08-04 13:58:45.003 27753 27764 I art     : Explicit concurrent mark sweep GC freed 3(96B) AllocSpace objects, 0(0B) LOS objects, 34% free, 30MB/46MB, paused 315us total 14.458ms
08-04 13:58:45.009 27753 27764 I art     : Starting a blocking GC Explicit
08-04 13:58:45.024 27753 27764 I art     : Explicit concurrent mark sweep GC freed 3(96B) AllocSpace objects, 0(0B) LOS objects, 34% free, 30MB/46MB, paused 326us total 14.410ms
08-04 13:58:45.320 27753 30054 I art     : Starting a blocking GC Explicit
08-04 13:58:45.338 27753 30054 I art     : Explicit concurrent mark sweep GC freed 1388(80KB) AllocSpace objects, 1(20KB) LOS objects, 34% free, 30MB/46MB, paused 349us total 17.624ms
08-04 13:58:45.347 27753 30054 I art     : Starting a blocking GC Explicit
08-04 13:58:45.362 27753 30054 I art     : Explicit concurrent mark sweep GC freed 20(704B) AllocSpace objects, 0(0B) LOS objects, 34% free, 30MB/46MB, paused 326us total 14.997ms
08-04 13:58:45.369 27753 30054 I art     : Starting a blocking GC Explicit
08-04 13:58:45.383 27753 30054 I art     : Explicit concurrent mark sweep GC freed 3(96B) AllocSpace objects, 0(0B) LOS objects, 34% free, 30MB/46MB, paused 321us total 14.420ms
08-04 13:58:45.389 27753 30054 I art     : Starting a blocking GC Explicit
08-04 13:58:45.405 27753 30054 I art     : Explicit concurrent mark sweep GC freed 3(96B) AllocSpace objects, 0(0B) LOS objects, 34% free, 30MB/46MB, paused 343us total 15.171ms
08-04 13:58:45.411 27753 30054 I art     : Starting a blocking GC Explicit
08-04 13:58:45.426 27753 30054 I art     : Explicit concurrent mark sweep GC freed 3(96B) AllocSpace objects, 0(0B) LOS objects, 34% free, 30MB/46MB, paused 324us total 14.885ms
08-04 13:58:45.725 27753 29836 I art     : Starting a blocking GC Explicit
08-04 13:58:45.744 27753 29836 I art     : Explicit concurrent mark sweep GC freed 1388(80KB) AllocSpace objects, 1(20KB) LOS objects, 34% free, 30MB/46MB, paused 360us total 18.130ms
08-04 13:58:45.753 27753 29836 I art     : Starting a blocking GC Explicit
08-04 13:58:45.768 27753 29836 I art     : Explicit concurrent mark sweep GC freed 20(704B) AllocSpace objects, 0(0B) LOS objects, 34% free, 30MB/46MB, paused 324us total 13.930ms
08-04 13:58:45.773 27753 29836 I art     : Starting a blocking GC Explicit
08-04 13:58:45.787 27753 29836 I art     : Explicit concurrent mark sweep GC freed 3(96B) AllocSpace objects, 0(0B) LOS objects, 34% free, 30MB/46MB, paused 376us total 13.286ms
08-04 13:58:45.793 27753 29836 I art     : Starting a blocking GC Explicit
08-04 13:58:45.807 27753 29836 I art     : Explicit concurrent mark sweep GC freed 3(96B) AllocSpace objects, 0(0B) LOS objects, 34% free, 30MB/46MB, paused 364us total 14.232ms
08-04 13:58:45.813 27753 29836 I art     : Starting a blocking GC Explicit
08-04 13:58:45.828 27753 29836 I art     : Explicit concurrent mark sweep GC freed 3(96B) AllocSpace objects, 0(0B) LOS objects, 34% free, 30MB/46MB, paused 317us total 14.319ms
08-04 13:58:45.973 26337 26337 I ServiceManager: Waiting for service AtCmdFwd...
08-04 13:58:46.155 27753 27765 I art     : Starting a blocking GC Explicit
08-04 13:58:46.174 27753 27765 I art     : Explicit concurrent mark sweep GC freed 1388(80KB) AllocSpace objects, 1(20KB) LOS objects, 34% free, 30MB/46MB, paused 356us total 18.699ms
08-04 13:58:46.185 27753 27765 I art     : Starting a blocking GC Explicit
08-04 13:58:46.200 27753 27765 I art     : Explicit concurrent mark sweep GC freed 20(704B) AllocSpace objects, 0(0B) LOS objects, 34% free, 30MB/46MB, paused 303us total 14.710ms
08-04 13:58:46.206 27753 27765 I art     : Starting a blocking GC Explicit
08-04 13:58:46.221 27753 27765 I art     : Explicit concurrent mark sweep GC freed 3(96B) AllocSpace objects, 0(0B) LOS objects, 34% free, 30MB/46MB, paused 304us total 14.542ms
08-04 13:58:46.227 27753 27765 I art     : Starting a blocking GC Explicit
08-04 13:58:46.242 27753 27765 I art     : Explicit concurrent mark sweep GC freed 3(96B) AllocSpace objects, 0(0B) LOS objects, 34% free, 30MB/46MB, paused 313us total 14.486ms
08-04 13:58:46.248 27753 27765 I art     : Starting a blocking GC Explicit
08-04 13:58:46.263 27753 27765 I art     : Explicit concurrent mark sweep GC freed 3(96B) AllocSpace objects, 0(0B) LOS objects, 34% free, 30MB/46MB, paused 320us total 14.676ms
08-04 13:58:46.505 27753 27764 I art     : Starting a blocking GC Explicit
08-04 13:58:46.521 27753 27764 I art     : Explicit concurrent mark sweep GC freed 1388(80KB) AllocSpace objects, 1(20KB) LOS objects, 34% free, 30MB/46MB, paused 371us total 15.105ms
08-04 13:58:46.527 27753 27764 I art     : Starting a blocking GC Explicit
08-04 13:58:46.542 27753 27764 I art     : Explicit concurrent mark sweep GC freed 20(704B) AllocSpace objects, 0(0B) LOS objects, 34% free, 30MB/46MB, paused 340us total 14.324ms
08-04 13:58:46.548 27753 27764 I art     : Starting a blocking GC Explicit
08-04 13:58:46.563 27753 27764 I art     : Explicit concurrent mark sweep GC freed 3(96B) AllocSpace objects, 0(0B) LOS objects, 34% free, 30MB/46MB, paused 338us total 14.464ms
08-04 13:58:46.569 27753 27764 I art     : Starting a blocking GC Explicit
08-04 13:58:46.582 27753 27764 I art     : Explicit concurrent mark sweep GC freed 3(96B) AllocSpace objects, 0(0B) LOS objects, 34% free, 30MB/46MB, paused 339us total 13.341ms
08-04 13:58:46.588 27753 27764 I art     : Starting a blocking GC Explicit
08-04 13:58:46.602 27753 27764 I art     : Explicit concurrent mark sweep GC freed 3(96B) AllocSpace objects, 0(0B) LOS objects, 34% free, 30MB/46MB, paused 324us total 13.478ms
08-04 13:58:46.695 30319 30319 D AndroidRuntime: >>>>>> START com.android.internal.os.RuntimeInit uid 2000 <<<<<<
08-04 13:58:46.699 30319 30319 D AndroidRuntime: CheckJNI is OFF
08-04 13:58:46.725 30319 30319 D ICU     : No timezone override file found: /data/misc/zoneinfo/current/icu/icu_tzdata.dat
08-04 13:58:46.750 30319 30319 I Radio-JNI: register_android_hardware_Radio DONE
08-04 13:58:46.767 30319 30319 D AndroidRuntime: Calling main entry com.android.commands.input.Input
08-04 13:58:46.769 30319 30319 I Input   : injectMotionEvent: MotionEvent { action=ACTION_DOWN, actionButton=0, id[0]=0, x[0]=436.0, y[0]=453.0, toolType[0]=TOOL_TYPE_UNKNOWN, buttonState=0, metaState=0, flags=0x0, edgeFlags=0x0, pointerCount=1, historySize=0, eventTime=712743181, downTime=712743181, deviceId=0, source=0x1002 }
08-04 13:58:46.774 30319 30319 I Input   : injectMotionEvent: MotionEvent { action=ACTION_UP, actionButton=0, id[0]=0, x[0]=436.0, y[0]=453.0, toolType[0]=TOOL_TYPE_UNKNOWN, buttonState=0, metaState=0, flags=0x0, edgeFlags=0x0, pointerCount=1, historySize=0, eventTime=712743181, downTime=712743181, deviceId=0, source=0x1002 }
08-04 13:58:46.777 30319 30319 D AndroidRuntime: Shutting down VM
08-04 13:58:46.794   918  5481 I ActivityManager: START u0 {cmp=baseline.com.newsblur/.activity.GlobalSharedStoriesReading (has extras)} from uid 10652 on display 0
08-04 13:58:46.794   512  2967 D audio_hw_primary: out_set_parameters: enter: usecase(1: low-latency-playback) kvpairs: routing=2
08-04 13:58:46.807   512  2967 D audio_hw_primary: select_devices: out_snd_device(2: speaker) in_snd_device(0: none)
08-04 13:58:46.808   512  2967 D msm8974_platform: platform_send_audio_calibration: sending audio calibration for snd_device(2) acdb_id(15)
08-04 13:58:46.808   512  2967 I soundtrigger: audio_extn_sound_trigger_update_device_status: device 0x2 of type 0 for Event 1
08-04 13:58:46.817   512  2967 D audio_hw_primary: enable_snd_device: snd_device(2: speaker)
08-04 13:58:46.819   512  2967 D audio_hw_primary: enable_audio_route: apply and update mixer path: low-latency-playback speaker
08-04 13:58:46.860 27753 30054 I art     : Starting a blocking GC Explicit
08-04 13:58:46.876 27753 30054 I art     : Explicit concurrent mark sweep GC freed 2978(264KB) AllocSpace objects, 5(528KB) LOS objects, 33% free, 32MB/48MB, paused 381us total 15.399ms
08-04 13:58:46.882 27753 30054 I art     : Starting a blocking GC Explicit
08-04 13:58:46.897 27753 30054 I art     : Explicit concurrent mark sweep GC freed 422(19KB) AllocSpace objects, 0(0B) LOS objects, 33% free, 32MB/48MB, paused 413us total 14.724ms
08-04 13:58:46.904 27753 30054 I art     : Starting a blocking GC Explicit
08-04 13:58:46.920 27753 30054 I art     : Explicit concurrent mark sweep GC freed 157(26KB) AllocSpace objects, 1(20KB) LOS objects, 33% free, 32MB/48MB, paused 362us total 16.153ms
08-04 13:58:46.926 27753 30054 I art     : Starting a blocking GC Explicit
08-04 13:58:46.941 27753 30054 I art     : Explicit concurrent mark sweep GC freed 29(1056B) AllocSpace objects, 0(0B) LOS objects, 33% free, 32MB/48MB, paused 333us total 14.783ms
08-04 13:58:46.948 27753 30054 I art     : Starting a blocking GC Explicit
08-04 13:58:46.964 27753 30054 I art     : Explicit concurrent mark sweep GC freed 256(44KB) AllocSpace objects, 1(20KB) LOS objects, 32% free, 33MB/49MB, paused 559us total 16.047ms
08-04 13:58:46.973 26337 26337 I ServiceManager: Waiting for service AtCmdFwd...
08-04 13:58:46.986   918   936 I ActivityManager: Displayed baseline.com.newsblur/.activity.GlobalSharedStoriesReading: +183ms
08-04 13:58:46.987 13866 13866 I GoogleInputMethodServic: GoogleInputMethodService.onFinishInput():3138 
08-04 13:58:46.987 13866 13866 I GoogleInputMethodServic: GoogleInputMethodService.onStartInput():1808 
08-04 13:58:46.999 27753 27753 I WebViewFactory: Loading com.google.android.webview version 84.0.4147.89 (code 414708953)
08-04 13:58:47.179 27753 27753 I cr_LibraryLoader: Loaded native library version number "84.0.4147.89"
08-04 13:58:47.180 27753 27753 I cr_CachingUmaRecorder: Flushed 5 samples from 5 histograms.
08-04 13:58:47.206 27753 30054 I art     : Starting a blocking GC Explicit
08-04 13:58:47.213 27753 27753 E chromium: [ERROR:filesystem_posix.cc(62)] mkdir /data/user/0/baseline.com.newsblur/cache/WebView/Crashpad: No such file or directory (2)
08-04 13:58:47.231 27753 30054 I art     : Explicit concurrent mark sweep GC freed 6870(709KB) AllocSpace objects, 4(80KB) LOS objects, 31% free, 34MB/50MB, paused 493us total 24.619ms
08-04 13:58:47.240 27753 30054 I art     : Starting a blocking GC Explicit
08-04 13:58:47.260 27753 30054 I art     : Explicit concurrent mark sweep GC freed 765(37KB) AllocSpace objects, 0(0B) LOS objects, 31% free, 34MB/50MB, paused 1.014ms total 19.871ms
08-04 13:58:47.273 27753 30054 I art     : Starting a blocking GC Explicit
08-04 13:58:47.296 27753 30054 I art     : Explicit concurrent mark sweep GC freed 488(48KB) AllocSpace objects, 0(0B) LOS objects, 31% free, 34MB/50MB, paused 2.574ms total 22.952ms
08-04 13:58:47.298   918  5481 D ConnectivityService: listenForNetwork for Listen from uid/pid:10652/27753 for NetworkRequest [ id=2693, legacyType=-1, [ Capabilities: INTERNET&NOT_RESTRICTED&TRUSTED] ]
08-04 13:58:47.303 27753 30054 I art     : Starting a blocking GC Explicit
08-04 13:58:47.320 27753 30054 I art     : Explicit concurrent mark sweep GC freed 562(77KB) AllocSpace objects, 0(0B) LOS objects, 31% free, 35MB/51MB, paused 903us total 17.395ms
08-04 13:58:47.327 27753 30054 I art     : Starting a blocking GC Explicit
08-04 13:58:47.344 27753 30054 I art     : Explicit concurrent mark sweep GC freed 960(74KB) AllocSpace objects, 1(20KB) LOS objects, 30% free, 36MB/52MB, paused 774us total 17.547ms
08-04 13:58:47.368   512  2967 D audio_hw_primary: disable_audio_route: reset and update mixer path: low-latency-playback speaker
08-04 13:58:47.369   512  2967 D audio_hw_primary: disable_snd_device: snd_device(2: speaker)
08-04 13:58:47.377   512  2967 I soundtrigger: audio_extn_sound_trigger_update_device_status: device 0x2 of type 0 for Event 0
08-04 13:58:47.414 27753 30377 W cr_media: Requires BLUETOOTH permission
08-04 13:58:47.432 27753 30394 E libEGL  : validate_display:255 error 3008 (EGL_BAD_DISPLAY)
08-04 13:58:47.608 27753 27765 I art     : Starting a blocking GC Explicit
08-04 13:58:47.642 27753 27765 I art     : Explicit concurrent mark sweep GC freed 22222(1285KB) AllocSpace objects, 19(424KB) LOS objects, 30% free, 36MB/52MB, paused 761us total 32.890ms
08-04 13:58:47.649 27753 27765 I art     : Starting a blocking GC Explicit
08-04 13:58:47.668 27753 27765 I art     : Explicit concurrent mark sweep GC freed 1640(73KB) AllocSpace objects, 2(56KB) LOS objects, 30% free, 36MB/52MB, paused 710us total 18.879ms
08-04 13:58:47.675 27753 27765 I art     : Starting a blocking GC Explicit
08-04 13:58:47.694 27753 27765 I art     : Explicit concurrent mark sweep GC freed 3(96B) AllocSpace objects, 0(0B) LOS objects, 30% free, 36MB/52MB, paused 625us total 18.753ms
08-04 13:58:47.701 27753 27765 I art     : Starting a blocking GC Explicit
08-04 13:58:47.721 27753 27765 I art     : Explicit concurrent mark sweep GC freed 3(96B) AllocSpace objects, 0(0B) LOS objects, 30% free, 36MB/52MB, paused 814us total 19.528ms
08-04 13:58:47.728 27753 27765 I art     : Starting a blocking GC Explicit
08-04 13:58:47.747 27753 27765 I art     : Explicit concurrent mark sweep GC freed 174(7KB) AllocSpace objects, 0(0B) LOS objects, 30% free, 36MB/52MB, paused 813us total 19.398ms
08-04 13:58:47.891 27753 30405 E baseline.com.newsblur.network.APIResponse: Error (unexpected end of stream on https://www.newsblur.com/...) calling https://www.newsblur.com/reader/mark_story_hashes_as_read/
08-04 13:58:47.891 27753 30405 E baseline.com.newsblur.network.APIResponse: java.io.IOException: unexpected end of stream on https://www.newsblur.com/...
08-04 13:58:47.891 27753 30405 E baseline.com.newsblur.network.APIResponse: 	at okhttp3.internal.http1.Http1ExchangeCodec.readResponseHeaders(Http1ExchangeCodec.java:236)
08-04 13:58:47.891 27753 30405 E baseline.com.newsblur.network.APIResponse: 	at okhttp3.internal.connection.Exchange.readResponseHeaders(Exchange.java:115)
08-04 13:58:47.891 27753 30405 E baseline.com.newsblur.network.APIResponse: 	at okhttp3.internal.http.CallServerInterceptor.intercept(CallServerInterceptor.java:94)
08-04 13:58:47.891 27753 30405 E baseline.com.newsblur.network.APIResponse: 	at okhttp3.internal.http.RealInterceptorChain.proceed(RealInterceptorChain.java:142)
08-04 13:58:47.891 27753 30405 E baseline.com.newsblur.network.APIResponse: 	at okhttp3.internal.connection.ConnectInterceptor.intercept(ConnectInterceptor.java:43)
08-04 13:58:47.891 27753 30405 E baseline.com.newsblur.network.APIResponse: 	at okhttp3.internal.http.RealInterceptorChain.proceed(RealInterceptorChain.java:142)
08-04 13:58:47.891 27753 30405 E baseline.com.newsblur.network.APIResponse: 	at okhttp3.internal.http.RealInterceptorChain.proceed(RealInterceptorChain.java:117)
08-04 13:58:47.891 27753 30405 E baseline.com.newsblur.network.APIResponse: 	at okhttp3.internal.cache.CacheInterceptor.intercept(CacheInterceptor.java:94)
08-04 13:58:47.891 27753 30405 E baseline.com.newsblur.network.APIResponse: 	at okhttp3.internal.http.RealInterceptorChain.proceed(RealInterceptorChain.java:142)
08-04 13:58:47.891 27753 30405 E baseline.com.newsblur.network.APIResponse: 	at okhttp3.internal.http.RealInterceptorChain.proceed(RealInterceptorChain.java:117)
08-04 13:58:47.891 27753 30405 E baseline.com.newsblur.network.APIResponse: 	at okhttp3.internal.http.BridgeInterceptor.intercept(BridgeInterceptor.java:93)
08-04 13:58:47.891 27753 30405 E baseline.com.newsblur.network.APIResponse: 	at okhttp3.internal.http.RealInterceptorChain.proceed(RealInterceptorChain.java:142)
08-04 13:58:47.891 27753 30405 E baseline.com.newsblur.network.APIResponse: 	at okhttp3.internal.http.RetryAndFollowUpInterceptor.intercept(RetryAndFollowUpInterceptor.java:88)
08-04 13:58:47.891 27753 30405 E baseline.com.newsblur.network.APIResponse: 	at okhttp3.internal.http.RealInterceptorChain.proceed(RealInterceptorChain.java:142)
08-04 13:58:47.891 27753 30405 E baseline.com.newsblur.network.APIResponse: 	at okhttp3.internal.http.RealInterceptorChain.proceed(RealInterceptorChain.java:117)
08-04 13:58:47.891 27753 30405 E baseline.com.newsblur.network.APIResponse: 	at okhttp3.RealCall.getResponseWithInterceptorChain(RealCall.java:229)
08-04 13:58:47.891 27753 30405 E baseline.com.newsblur.network.APIResponse: 	at okhttp3.RealCall.execute(RealCall.java:81)
08-04 13:58:47.891 27753 30405 E baseline.com.newsblur.network.APIResponse: 	at baseline.com.newsblur.network.APIResponse.<init>(APIResponse.java:57)
08-04 13:58:47.891 27753 30405 E baseline.com.newsblur.network.APIResponse: 	at baseline.com.newsblur.network.APIResponse.<init>(APIResponse.java:43)
08-04 13:58:47.891 27753 30405 E baseline.com.newsblur.network.APIResponse: 	at baseline.com.newsblur.network.APIManager.post_single(APIManager.java:702)
08-04 13:58:47.891 27753 30405 E baseline.com.newsblur.network.APIResponse: 	at baseline.com.newsblur.network.APIManager.post(APIManager.java:675)
08-04 13:58:47.891 27753 30405 E baseline.com.newsblur.network.APIResponse: 	at baseline.com.newsblur.network.APIManager.post(APIManager.java:714)
08-04 13:58:47.891 27753 30405 E baseline.com.newsblur.network.APIResponse: 	at baseline.com.newsblur.network.APIManager.markStoryAsRead(APIManager.java:205)
08-04 13:58:47.891 27753 30405 E baseline.com.newsblur.network.APIResponse: 	at baseline.com.newsblur.util.ReadingAction.doRemote(ReadingAction.java:281)
08-04 13:58:47.891 27753 30405 E baseline.com.newsblur.network.APIResponse: 	at baseline.com.newsblur.service.NBSyncService.syncActions(NBSyncService.java:400)
08-04 13:58:47.891 27753 30405 E baseline.com.newsblur.network.APIResponse: 	at baseline.com.newsblur.service.NBSyncService.doSync(NBSyncService.java:298)
08-04 13:58:47.891 27753 30405 E baseline.com.newsblur.network.APIResponse: 	at baseline.com.newsblur.service.NBSyncService.access$100(NBSyncService.java:67)
08-04 13:58:47.891 27753 30405 E baseline.com.newsblur.network.APIResponse: 	at baseline.com.newsblur.service.NBSyncService$1.run(NBSyncService.java:188)
08-04 13:58:47.891 27753 30405 E baseline.com.newsblur.network.APIResponse: 	at java.util.concurrent.ThreadPoolExecutor.runWorker(ThreadPoolExecutor.java:1113)
08-04 13:58:47.891 27753 30405 E baseline.com.newsblur.network.APIResponse: 	at java.util.concurrent.ThreadPoolExecutor$Worker.run(ThreadPoolExecutor.java:588)
08-04 13:58:47.891 27753 30405 E baseline.com.newsblur.network.APIResponse: 	at java.lang.Thread.run(Thread.java:818)
08-04 13:58:47.891 27753 30405 E baseline.com.newsblur.network.APIResponse: Caused by: java.io.EOFException: \n not found: limit=0 content=
08-04 13:58:47.891 27753 30405 E baseline.com.newsblur.network.APIResponse: 	at okio.RealBufferedSource.readUtf8LineStrict(RealBufferedSource.java:240)
08-04 13:58:47.891 27753 30405 E baseline.com.newsblur.network.APIResponse: 	at okhttp3.internal.http1.Http1ExchangeCodec.readHeaderLine(Http1ExchangeCodec.java:242)
08-04 13:58:47.891 27753 30405 E baseline.com.newsblur.network.APIResponse: 	at okhttp3.internal.http1.Http1ExchangeCodec.readResponseHeaders(Http1ExchangeCodec.java:213)
08-04 13:58:47.891 27753 30405 E baseline.com.newsblur.network.APIResponse: 	... 30 more
08-04 13:58:47.893 27753 30405 I baseline.com.newsblur.network.APIManager: API call failed, pausing before retry number 1
08-04 13:58:47.974 26337 26337 I ServiceManager: Waiting for service AtCmdFwd...
08-04 13:58:48.038 27753 29836 I art     : Starting a blocking GC Explicit
08-04 13:58:48.068 27753 29836 I art     : Explicit concurrent mark sweep GC freed 8436(591KB) AllocSpace objects, 6(260KB) LOS objects, 30% free, 36MB/52MB, paused 602us total 29.057ms
08-04 13:58:48.078 27753 29836 I art     : Starting a blocking GC Explicit
08-04 13:58:48.101 27753 29836 I art     : Explicit concurrent mark sweep GC freed 1176(124KB) AllocSpace objects, 0(0B) LOS objects, 30% free, 36MB/52MB, paused 571us total 21.958ms
08-04 13:58:48.109 27753 29836 I art     : Starting a blocking GC Explicit
08-04 13:58:48.131 27753 29836 I art     : Explicit concurrent mark sweep GC freed 3(96B) AllocSpace objects, 0(0B) LOS objects, 30% free, 36MB/52MB, paused 541us total 21.925ms
08-04 13:58:48.138 27753 29836 I art     : Starting a blocking GC Explicit
08-04 13:58:48.161 27753 29836 I art     : Explicit concurrent mark sweep GC freed 3(96B) AllocSpace objects, 0(0B) LOS objects, 30% free, 36MB/52MB, paused 616us total 22.213ms
08-04 13:58:48.168 27753 29836 I art     : Starting a blocking GC Explicit
08-04 13:58:48.190 27753 29836 I art     : Explicit concurrent mark sweep GC freed 3(96B) AllocSpace objects, 0(0B) LOS objects, 30% free, 36MB/52MB, paused 568us total 21.629ms
08-04 13:58:48.505 27753 27765 I art     : Starting a blocking GC Explicit
08-04 13:58:48.534 27753 27765 I art     : Explicit concurrent mark sweep GC freed 1440(83KB) AllocSpace objects, 1(20KB) LOS objects, 30% free, 36MB/52MB, paused 560us total 28.136ms
08-04 13:58:48.543 27753 27765 I art     : Starting a blocking GC Explicit
08-04 13:58:48.565 27753 27765 I art     : Explicit concurrent mark sweep GC freed 26(912B) AllocSpace objects, 0(0B) LOS objects, 30% free, 36MB/52MB, paused 665us total 22.399ms
08-04 13:58:48.573 27753 27765 I art     : Starting a blocking GC Explicit
08-04 13:58:48.595 27753 27765 I art     : Explicit concurrent mark sweep GC freed 10(320B) AllocSpace objects, 0(0B) LOS objects, 30% free, 36MB/52MB, paused 657us total 22.302ms
08-04 13:58:48.602 27753 27765 I art     : Starting a blocking GC Explicit
08-04 13:58:48.624 27753 27765 I art     : Explicit concurrent mark sweep GC freed 8(256B) AllocSpace objects, 0(0B) LOS objects, 30% free, 36MB/52MB, paused 646us total 21.712ms
08-04 13:58:48.633 27753 27765 I art     : Starting a blocking GC Explicit
08-04 13:58:48.654 27753 27765 I art     : Explicit concurrent mark sweep GC freed 10(320B) AllocSpace objects, 0(0B) LOS objects, 30% free, 36MB/52MB, paused 600us total 21.490ms
08-04 13:58:48.974 27753 30054 I art     : Starting a blocking GC Explicit
08-04 13:58:48.977 26337 26337 I ServiceManager: Waiting for service AtCmdFwd...
08-04 13:58:49.000 27753 30054 I art     : Explicit concurrent mark sweep GC freed 1477(84KB) AllocSpace objects, 1(20KB) LOS objects, 30% free, 36MB/52MB, paused 547us total 25.076ms
08-04 13:58:49.008 27753 30054 I art     : Starting a blocking GC Explicit
08-04 13:58:49.036 27753 30054 I art     : Explicit concurrent mark sweep GC freed 22(800B) AllocSpace objects, 0(0B) LOS objects, 30% free, 36MB/52MB, paused 555us total 27.365ms
08-04 13:58:49.044 27753 30054 I art     : Starting a blocking GC Explicit
08-04 13:58:49.066 27753 30054 I art     : Explicit concurrent mark sweep GC freed 3(96B) AllocSpace objects, 0(0B) LOS objects, 30% free, 36MB/52MB, paused 534us total 21.684ms
08-04 13:58:49.073 27753 30054 I art     : Starting a blocking GC Explicit
08-04 13:58:49.095 27753 30054 I art     : Explicit concurrent mark sweep GC freed 3(96B) AllocSpace objects, 0(0B) LOS objects, 30% free, 36MB/52MB, paused 641us total 22.164ms
08-04 13:58:49.102 27753 30054 I art     : Starting a blocking GC Explicit
08-04 13:58:49.124 27753 30054 I art     : Explicit concurrent mark sweep GC freed 3(96B) AllocSpace objects, 0(0B) LOS objects, 30% free, 36MB/52MB, paused 603us total 21.734ms
08-04 13:58:49.444 27753 27765 I art     : Starting a blocking GC Explicit
08-04 13:58:49.467 27753 27765 I art     : Explicit concurrent mark sweep GC freed 1570(88KB) AllocSpace objects, 1(20KB) LOS objects, 30% free, 36MB/52MB, paused 668us total 22.689ms
08-04 13:58:49.475 27753 27765 I art     : Starting a blocking GC Explicit
08-04 13:58:49.497 27753 27765 I art     : Explicit concurrent mark sweep GC freed 96(5KB) AllocSpace objects, 0(0B) LOS objects, 30% free, 36MB/52MB, paused 597us total 22.587ms
08-04 13:58:49.504 27753 27765 I art     : Starting a blocking GC Explicit
08-04 13:58:49.528 27753 27765 I art     : Explicit concurrent mark sweep GC freed 9(400B) AllocSpace objects, 0(0B) LOS objects, 30% free, 36MB/52MB, paused 818us total 23.622ms
08-04 13:58:49.535 27753 27765 I art     : Starting a blocking GC Explicit
08-04 13:58:49.557 27753 27765 I art     : Explicit concurrent mark sweep GC freed 3(96B) AllocSpace objects, 0(0B) LOS objects, 30% free, 36MB/52MB, paused 655us total 21.526ms
08-04 13:58:49.566 27753 27765 I art     : Starting a blocking GC Explicit
08-04 13:58:49.588 27753 27765 I art     : Explicit concurrent mark sweep GC freed 3(96B) AllocSpace objects, 0(0B) LOS objects, 30% free, 36MB/52MB, paused 625us total 21.821ms
08-04 13:58:49.899 27753 27764 I art     : Starting a blocking GC Explicit
08-04 13:58:49.936   518   646 I ThermalEngine: ACTION: GPU - Setting GPU[0] to 510000000
08-04 13:58:49.937 27753 27764 I art     : Explicit concurrent mark sweep GC freed 3135(149KB) AllocSpace objects, 1(20KB) LOS objects, 30% free, 36MB/52MB, paused 791us total 38.084ms
08-04 13:58:49.941 27753 30405 E baseline.com.newsblur.network.APIResponse: Error (unexpected end of stream on https://www.newsblur.com/...) calling https://www.newsblur.com/reader/mark_story_hashes_as_read/
08-04 13:58:49.941 27753 30405 E baseline.com.newsblur.network.APIResponse: java.io.IOException: unexpected end of stream on https://www.newsblur.com/...
08-04 13:58:49.941 27753 30405 E baseline.com.newsblur.network.APIResponse: 	at okhttp3.internal.http1.Http1ExchangeCodec.readResponseHeaders(Http1ExchangeCodec.java:236)
08-04 13:58:49.941 27753 30405 E baseline.com.newsblur.network.APIResponse: 	at okhttp3.internal.connection.Exchange.readResponseHeaders(Exchange.java:115)
08-04 13:58:49.941 27753 30405 E baseline.com.newsblur.network.APIResponse: 	at okhttp3.internal.http.CallServerInterceptor.intercept(CallServerInterceptor.java:94)
08-04 13:58:49.941 27753 30405 E baseline.com.newsblur.network.APIResponse: 	at okhttp3.internal.http.RealInterceptorChain.proceed(RealInterceptorChain.java:142)
08-04 13:58:49.941 27753 30405 E baseline.com.newsblur.network.APIResponse: 	at okhttp3.internal.connection.ConnectInterceptor.intercept(ConnectInterceptor.java:43)
08-04 13:58:49.941 27753 30405 E baseline.com.newsblur.network.APIResponse: 	at okhttp3.internal.http.RealInterceptorChain.proceed(RealInterceptorChain.java:142)
08-04 13:58:49.941 27753 30405 E baseline.com.newsblur.network.APIResponse: 	at okhttp3.internal.http.RealInterceptorChain.proceed(RealInterceptorChain.java:117)
08-04 13:58:49.941 27753 30405 E baseline.com.newsblur.network.APIResponse: 	at okhttp3.internal.cache.CacheInterceptor.intercept(CacheInterceptor.java:94)
08-04 13:58:49.941 27753 30405 E baseline.com.newsblur.network.APIResponse: 	at okhttp3.internal.http.RealInterceptorChain.proceed(RealInterceptorChain.java:142)
08-04 13:58:49.941 27753 30405 E baseline.com.newsblur.network.APIResponse: 	at okhttp3.internal.http.RealInterceptorChain.proceed(RealInterceptorChain.java:117)
08-04 13:58:49.941 27753 30405 E baseline.com.newsblur.network.APIResponse: 	at okhttp3.internal.http.BridgeInterceptor.intercept(BridgeInterceptor.java:93)
08-04 13:58:49.941 27753 30405 E baseline.com.newsblur.network.APIResponse: 	at okhttp3.internal.http.RealInterceptorChain.proceed(RealInterceptorChain.java:142)
08-04 13:58:49.941 27753 30405 E baseline.com.newsblur.network.APIResponse: 	at okhttp3.internal.http.RetryAndFollowUpInterceptor.intercept(RetryAndFollowUpInterceptor.java:88)
08-04 13:58:49.941 27753 30405 E baseline.com.newsblur.network.APIResponse: 	at okhttp3.internal.http.RealInterceptorChain.proceed(RealInterceptorChain.java:142)
08-04 13:58:49.941 27753 30405 E baseline.com.newsblur.network.APIResponse: 	at okhttp3.internal.http.RealInterceptorChain.proceed(RealInterceptorChain.java:117)
08-04 13:58:49.941 27753 30405 E baseline.com.newsblur.network.APIResponse: 	at okhttp3.RealCall.getResponseWithInterceptorChain(RealCall.java:229)
08-04 13:58:49.941 27753 30405 E baseline.com.newsblur.network.APIResponse: 	at okhttp3.RealCall.execute(RealCall.java:81)
08-04 13:58:49.941 27753 30405 E baseline.com.newsblur.network.APIResponse: 	at baseline.com.newsblur.network.APIResponse.<init>(APIResponse.java:57)
08-04 13:58:49.941 27753 30405 E baseline.com.newsblur.network.APIResponse: 	at baseline.com.newsblur.network.APIResponse.<init>(APIResponse.java:43)
08-04 13:58:49.941 27753 30405 E baseline.com.newsblur.network.APIResponse: 	at baseline.com.newsblur.network.APIManager.post_single(APIManager.java:702)
08-04 13:58:49.941 27753 30405 E baseline.com.newsblur.network.APIResponse: 	at baseline.com.newsblur.network.APIManager.post(APIManager.java:675)
08-04 13:58:49.941 27753 30405 E baseline.com.newsblur.network.APIResponse: 	at baseline.com.newsblur.network.APIManager.post(APIManager.java:714)
08-04 13:58:49.941 27753 30405 E baseline.com.newsblur.network.APIResponse: 	at baseline.com.newsblur.network.APIManager.markStoryAsRead(APIManager.java:205)
08-04 13:58:49.941 27753 30405 E baseline.com.newsblur.network.APIResponse: 	at baseline.com.newsblur.util.ReadingAction.doRemote(ReadingAction.java:281)
08-04 13:58:49.941 27753 30405 E baseline.com.newsblur.network.APIResponse: 	at baseline.com.newsblur.service.NBSyncService.syncActions(NBSyncService.java:400)
08-04 13:58:49.941 27753 30405 E baseline.com.newsblur.network.APIResponse: 	at baseline.com.newsblur.service.NBSyncService.doSync(NBSyncService.java:298)
08-04 13:58:49.941 27753 30405 E baseline.com.newsblur.network.APIResponse: 	at baseline.com.newsblur.service.NBSyncService.access$100(NBSyncService.java:67)
08-04 13:58:49.941 27753 30405 E baseline.com.newsblur.network.APIResponse: 	at baseline.com.newsblur.service.NBSyncService$1.run(NBSyncService.java:188)
08-04 13:58:49.941 27753 30405 E baseline.com.newsblur.network.APIResponse: 	at java.util.concurrent.ThreadPoolExecutor.runWorker(ThreadPoolExecutor.java:1113)
08-04 13:58:49.941 27753 30405 E baseline.com.newsblur.network.APIResponse: 	at java.util.concurrent.ThreadPoolExecutor$Worker.run(ThreadPoolExecutor.java:588)
08-04 13:58:49.941 27753 30405 E baseline.com.newsblur.network.APIResponse: 	at java.lang.Thread.run(Thread.java:818)
08-04 13:58:49.941 27753 30405 E baseline.com.newsblur.network.APIResponse: Caused by: java.io.EOFException: \n not found: limit=0 content=
08-04 13:58:49.941 27753 30405 E baseline.com.newsblur.network.APIResponse: 	at okio.RealBufferedSource.readUtf8LineStrict(RealBufferedSource.java:240)
08-04 13:58:49.941 27753 30405 E baseline.com.newsblur.network.APIResponse: 	at okhttp3.internal.http1.Http1ExchangeCodec.readHeaderLine(Http1ExchangeCodec.java:242)
08-04 13:58:49.941 27753 30405 E baseline.com.newsblur.network.APIResponse: 	at okhttp3.internal.http1.Http1ExchangeCodec.readResponseHeaders(Http1ExchangeCodec.java:213)
08-04 13:58:49.941 27753 30405 E baseline.com.newsblur.network.APIResponse: 	... 30 more
08-04 13:58:49.943 27753 30405 I baseline.com.newsblur.network.APIManager: API call failed, pausing before retry number 2
08-04 13:58:49.952 27753 27764 I art     : Starting a blocking GC Explicit
08-04 13:58:49.977 26337 26337 W Atfwd_Sendcmd: AtCmdFwd service not published, waiting... retryCnt : 5
08-04 13:58:49.980 27753 27764 I art     : Explicit concurrent mark sweep GC freed 877(210KB) AllocSpace objects, 2(40KB) LOS objects, 30% free, 36MB/52MB, paused 958us total 28.084ms
08-04 13:58:49.980 27753 27763 I art     : WaitForGcToComplete blocked for 28.297ms for cause HeapTrim
08-04 13:58:49.989 27753 27764 I art     : Starting a blocking GC Explicit
08-04 13:58:50.016 27753 27764 I art     : Explicit concurrent mark sweep GC freed 47(1792B) AllocSpace objects, 0(0B) LOS objects, 30% free, 36MB/52MB, paused 746us total 26.712ms
08-04 13:58:50.025 27753 27764 I art     : Starting a blocking GC Explicit
08-04 13:58:50.052 27753 27764 I art     : Explicit concurrent mark sweep GC freed 3(96B) AllocSpace objects, 0(0B) LOS objects, 30% free, 36MB/52MB, paused 797us total 26.430ms
08-04 13:58:50.062 27753 27764 I art     : Starting a blocking GC Explicit
08-04 13:58:50.088 27753 27764 I art     : Explicit concurrent mark sweep GC freed 3(96B) AllocSpace objects, 0(0B) LOS objects, 30% free, 36MB/52MB, paused 808us total 26.182ms
08-04 13:58:50.407 27753 27764 I art     : Starting a blocking GC Explicit
08-04 13:58:50.440 27753 27764 I art     : Explicit concurrent mark sweep GC freed 1440(83KB) AllocSpace objects, 1(20KB) LOS objects, 30% free, 36MB/52MB, paused 797us total 32.902ms
08-04 13:58:50.452 27753 27764 I art     : Starting a blocking GC Explicit
08-04 13:58:50.481 27753 27764 I art     : Explicit concurrent mark sweep GC freed 22(784B) AllocSpace objects, 0(0B) LOS objects, 30% free, 36MB/52MB, paused 959us total 27.863ms
08-04 13:58:50.491 27753 27764 I art     : Starting a blocking GC Explicit
08-04 13:58:50.518 27753 27764 I art     : Explicit concurrent mark sweep GC freed 3(96B) AllocSpace objects, 0(0B) LOS objects, 30% free, 36MB/52MB, paused 784us total 27.006ms
08-04 13:58:50.527 27753 27764 I art     : Starting a blocking GC Explicit
08-04 13:58:50.554 27753 27764 I art     : Explicit concurrent mark sweep GC freed 3(96B) AllocSpace objects, 0(0B) LOS objects, 30% free, 36MB/52MB, paused 796us total 26.049ms
08-04 13:58:50.564 27753 27764 I art     : Starting a blocking GC Explicit
08-04 13:58:50.591 27753 27764 I art     : Explicit concurrent mark sweep GC freed 3(96B) AllocSpace objects, 0(0B) LOS objects, 30% free, 36MB/52MB, paused 821us total 26.430ms
08-04 13:58:50.916 27753 27764 I art     : Starting a blocking GC Explicit
08-04 13:58:50.946 27753 27764 I art     : Explicit concurrent mark sweep GC freed 1439(83KB) AllocSpace objects, 1(20KB) LOS objects, 30% free, 36MB/52MB, paused 1.015ms total 29.372ms
08-04 13:58:50.955 27753 27764 I art     : Starting a blocking GC Explicit
08-04 13:58:50.983 27753 27764 I art     : Explicit concurrent mark sweep GC freed 22(800B) AllocSpace objects, 0(0B) LOS objects, 30% free, 36MB/52MB, paused 771us total 27.519ms
08-04 13:58:50.992 27753 27764 I art     : Starting a blocking GC Explicit
08-04 13:58:51.019 27753 27764 I art     : Explicit concurrent mark sweep GC freed 3(96B) AllocSpace objects, 0(0B) LOS objects, 30% free, 36MB/52MB, paused 759us total 26.526ms
08-04 13:58:51.029 27753 27764 I art     : Starting a blocking GC Explicit
08-04 13:58:51.055 27753 27764 I art     : Explicit concurrent mark sweep GC freed 3(96B) AllocSpace objects, 0(0B) LOS objects, 30% free, 36MB/52MB, paused 797us total 26.201ms
08-04 13:58:51.065 27753 27764 I art     : Starting a blocking GC Explicit
08-04 13:58:51.093 27753 27764 I art     : Explicit concurrent mark sweep GC freed 3(96B) AllocSpace objects, 0(0B) LOS objects, 30% free, 36MB/52MB, paused 801us total 26.901ms
08-04 13:58:51.421 27753 29836 I art     : Starting a blocking GC Explicit
08-04 13:58:51.455 27753 29836 I art     : Explicit concurrent mark sweep GC freed 1438(82KB) AllocSpace objects, 1(20KB) LOS objects, 30% free, 36MB/52MB, paused 853us total 33.225ms
08-04 13:58:51.467 27753 29836 I art     : Starting a blocking GC Explicit
08-04 13:58:51.499 27753 29836 I art     : Explicit concurrent mark sweep GC freed 22(800B) AllocSpace objects, 0(0B) LOS objects, 30% free, 36MB/52MB, paused 849us total 32.040ms
08-04 13:58:51.508 27753 29836 I art     : Starting a blocking GC Explicit
08-04 13:58:51.535 27753 29836 I art     : Explicit concurrent mark sweep GC freed 3(96B) AllocSpace objects, 0(0B) LOS objects, 30% free, 36MB/52MB, paused 755us total 26.687ms
08-04 13:58:51.544 27753 29836 I art     : Starting a blocking GC Explicit
08-04 13:58:51.571 27753 29836 I art     : Explicit concurrent mark sweep GC freed 3(96B) AllocSpace objects, 0(0B) LOS objects, 30% free, 36MB/52MB, paused 791us total 26.428ms
08-04 13:58:51.582 27753 29836 I art     : Starting a blocking GC Explicit
08-04 13:58:51.608 27753 29836 I art     : Explicit concurrent mark sweep GC freed 3(96B) AllocSpace objects, 0(0B) LOS objects, 30% free, 36MB/52MB, paused 820us total 25.943ms
08-04 13:58:51.939   518   646 I ThermalEngine: ACTION: GPU - Setting GPU[0] to 450000000
08-04 13:58:51.960 27753 27764 I art     : Starting a blocking GC Explicit
08-04 13:58:52.001 27753 27764 I art     : Explicit concurrent mark sweep GC freed 1438(82KB) AllocSpace objects, 1(20KB) LOS objects, 30% free, 36MB/52MB, paused 1.207ms total 39.846ms
08-04 13:58:52.014 27753 27764 I art     : Starting a blocking GC Explicit
08-04 13:58:52.053 27753 27764 I art     : Explicit concurrent mark sweep GC freed 22(800B) AllocSpace objects, 0(0B) LOS objects, 30% free, 36MB/52MB, paused 1.041ms total 38.528ms
08-04 13:58:52.068 27753 27764 I art     : Starting a blocking GC Explicit
08-04 13:58:52.106 27753 27764 I art     : Explicit concurrent mark sweep GC freed 3(96B) AllocSpace objects, 0(0B) LOS objects, 30% free, 36MB/52MB, paused 1.061ms total 37.779ms
08-04 13:58:52.119 27753 27764 I art     : Starting a blocking GC Explicit
08-04 13:58:52.152 27753 27764 I art     : Explicit concurrent mark sweep GC freed 3(96B) AllocSpace objects, 0(0B) LOS objects, 30% free, 36MB/52MB, paused 1.027ms total 32.872ms
08-04 13:58:52.164 27753 27764 I art     : Starting a blocking GC Explicit
08-04 13:58:52.198 27753 27764 I art     : Explicit concurrent mark sweep GC freed 3(96B) AllocSpace objects, 0(0B) LOS objects, 30% free, 36MB/52MB, paused 1.326ms total 33.443ms
08-04 13:58:52.551 27753 27764 I art     : Starting a blocking GC Explicit
08-04 13:58:52.591 27753 27764 I art     : Explicit concurrent mark sweep GC freed 1438(82KB) AllocSpace objects, 1(20KB) LOS objects, 30% free, 36MB/52MB, paused 1.139ms total 39.039ms
08-04 13:58:52.605 27753 27764 I art     : Starting a blocking GC Explicit
08-04 13:58:52.641 27753 27764 I art     : Explicit concurrent mark sweep GC freed 22(800B) AllocSpace objects, 0(0B) LOS objects, 30% free, 36MB/52MB, paused 1.059ms total 35.318ms
08-04 13:58:52.654 27753 27764 I art     : Starting a blocking GC Explicit
08-04 13:58:52.689 27753 27764 I art     : Explicit concurrent mark sweep GC freed 3(96B) AllocSpace objects, 0(0B) LOS objects, 30% free, 36MB/52MB, paused 1.125ms total 34.740ms
08-04 13:58:52.702 27753 27764 I art     : Starting a blocking GC Explicit
08-04 13:58:52.736 27753 27764 I art     : Explicit concurrent mark sweep GC freed 3(96B) AllocSpace objects, 0(0B) LOS objects, 30% free, 36MB/52MB, paused 1.021ms total 34.174ms
08-04 13:58:52.749 27753 27764 I art     : Starting a blocking GC Explicit
08-04 13:58:52.783 27753 27764 I art     : Explicit concurrent mark sweep GC freed 3(96B) AllocSpace objects, 0(0B) LOS objects, 30% free, 36MB/52MB, paused 1.129ms total 33.831ms
08-04 13:58:53.119 27753 27764 I art     : Starting a blocking GC Explicit
08-04 13:58:53.159 27753 27764 I art     : Explicit concurrent mark sweep GC freed 1603(91KB) AllocSpace objects, 1(20KB) LOS objects, 30% free, 36MB/52MB, paused 1.247ms total 39.571ms
08-04 13:58:53.173 27753 27764 I art     : Starting a blocking GC Explicit
08-04 13:58:53.208 27753 27764 I art     : Explicit concurrent mark sweep GC freed 28(1056B) AllocSpace objects, 0(0B) LOS objects, 30% free, 36MB/52MB, paused 1.259ms total 34.342ms
08-04 13:58:53.220 27753 27764 I art     : Starting a blocking GC Explicit
08-04 13:58:53.254 27753 27764 I art     : Explicit concurrent mark sweep GC freed 3(96B) AllocSpace objects, 0(0B) LOS objects, 30% free, 36MB/52MB, paused 1.077ms total 33.857ms
08-04 13:58:53.267 27753 27764 I art     : Starting a blocking GC Explicit
08-04 13:58:53.302 27753 27764 I art     : Explicit concurrent mark sweep GC freed 3(96B) AllocSpace objects, 0(0B) LOS objects, 30% free, 36MB/52MB, paused 1.097ms total 34.732ms
08-04 13:58:53.314 27753 27764 I art     : Starting a blocking GC Explicit
08-04 13:58:53.350 27753 27764 I art     : Explicit concurrent mark sweep GC freed 3(96B) AllocSpace objects, 0(0B) LOS objects, 30% free, 36MB/52MB, paused 1.219ms total 35.394ms
08-04 13:58:53.523 27753 30405 E baseline.com.newsblur.network.APIResponse: Error (unexpected end of stream on https://www.newsblur.com/...) calling https://www.newsblur.com/reader/mark_story_hashes_as_read/
08-04 13:58:53.523 27753 30405 E baseline.com.newsblur.network.APIResponse: java.io.IOException: unexpected end of stream on https://www.newsblur.com/...
08-04 13:58:53.523 27753 30405 E baseline.com.newsblur.network.APIResponse: 	at okhttp3.internal.http1.Http1ExchangeCodec.readResponseHeaders(Http1ExchangeCodec.java:236)
08-04 13:58:53.523 27753 30405 E baseline.com.newsblur.network.APIResponse: 	at okhttp3.internal.connection.Exchange.readResponseHeaders(Exchange.java:115)
08-04 13:58:53.523 27753 30405 E baseline.com.newsblur.network.APIResponse: 	at okhttp3.internal.http.CallServerInterceptor.intercept(CallServerInterceptor.java:94)
08-04 13:58:53.523 27753 30405 E baseline.com.newsblur.network.APIResponse: 	at okhttp3.internal.http.RealInterceptorChain.proceed(RealInterceptorChain.java:142)
08-04 13:58:53.523 27753 30405 E baseline.com.newsblur.network.APIResponse: 	at okhttp3.internal.connection.ConnectInterceptor.intercept(ConnectInterceptor.java:43)
08-04 13:58:53.523 27753 30405 E baseline.com.newsblur.network.APIResponse: 	at okhttp3.internal.http.RealInterceptorChain.proceed(RealInterceptorChain.java:142)
08-04 13:58:53.523 27753 30405 E baseline.com.newsblur.network.APIResponse: 	at okhttp3.internal.http.RealInterceptorChain.proceed(RealInterceptorChain.java:117)
08-04 13:58:53.523 27753 30405 E baseline.com.newsblur.network.APIResponse: 	at okhttp3.internal.cache.CacheInterceptor.intercept(CacheInterceptor.java:94)
08-04 13:58:53.523 27753 30405 E baseline.com.newsblur.network.APIResponse: 	at okhttp3.internal.http.RealInterceptorChain.proceed(RealInterceptorChain.java:142)
08-04 13:58:53.523 27753 30405 E baseline.com.newsblur.network.APIResponse: 	at okhttp3.internal.http.RealInterceptorChain.proceed(RealInterceptorChain.java:117)
08-04 13:58:53.523 27753 30405 E baseline.com.newsblur.network.APIResponse: 	at okhttp3.internal.http.BridgeInterceptor.intercept(BridgeInterceptor.java:93)
08-04 13:58:53.523 27753 30405 E baseline.com.newsblur.network.APIResponse: 	at okhttp3.internal.http.RealInterceptorChain.proceed(RealInterceptorChain.java:142)
08-04 13:58:53.523 27753 30405 E baseline.com.newsblur.network.APIResponse: 	at okhttp3.internal.http.RetryAndFollowUpInterceptor.intercept(RetryAndFollowUpInterceptor.java:88)
08-04 13:58:53.523 27753 30405 E baseline.com.newsblur.network.APIResponse: 	at okhttp3.internal.http.RealInterceptorChain.proceed(RealInterceptorChain.java:142)
08-04 13:58:53.523 27753 30405 E baseline.com.newsblur.network.APIResponse: 	at okhttp3.internal.http.RealInterceptorChain.proceed(RealInterceptorChain.java:117)
08-04 13:58:53.523 27753 30405 E baseline.com.newsblur.network.APIResponse: 	at okhttp3.RealCall.getResponseWithInterceptorChain(RealCall.java:229)
08-04 13:58:53.523 27753 30405 E baseline.com.newsblur.network.APIResponse: 	at okhttp3.RealCall.execute(RealCall.java:81)
08-04 13:58:53.523 27753 30405 E baseline.com.newsblur.network.APIResponse: 	at baseline.com.newsblur.network.APIResponse.<init>(APIResponse.java:57)
08-04 13:58:53.523 27753 30405 E baseline.com.newsblur.network.APIResponse: 	at baseline.com.newsblur.network.APIResponse.<init>(APIResponse.java:43)
08-04 13:58:53.523 27753 30405 E baseline.com.newsblur.network.APIResponse: 	at baseline.com.newsblur.network.APIManager.post_single(APIManager.java:702)
08-04 13:58:53.523 27753 30405 E baseline.com.newsblur.network.APIResponse: 	at baseline.com.newsblur.network.APIManager.post(APIManager.java:675)
08-04 13:58:53.523 27753 30405 E baseline.com.newsblur.network.APIResponse: 	at baseline.com.newsblur.network.APIManager.post(APIManager.java:714)
08-04 13:58:53.523 27753 30405 E baseline.com.newsblur.network.APIResponse: 	at baseline.com.newsblur.network.APIManager.markStoryAsRead(APIManager.java:205)
08-04 13:58:53.523 27753 30405 E baseline.com.newsblur.network.APIResponse: 	at baseline.com.newsblur.util.ReadingAction.doRemote(ReadingAction.java:281)
08-04 13:58:53.523 27753 30405 E baseline.com.newsblur.network.APIResponse: 	at baseline.com.newsblur.service.NBSyncService.syncActions(NBSyncService.java:400)
08-04 13:58:53.523 27753 30405 E baseline.com.newsblur.network.APIResponse: 	at baseline.com.newsblur.service.NBSyncService.doSync(NBSyncService.java:298)
08-04 13:58:53.523 27753 30405 E baseline.com.newsblur.network.APIResponse: 	at baseline.com.newsblur.service.NBSyncService.access$100(NBSyncService.java:67)
08-04 13:58:53.523 27753 30405 E baseline.com.newsblur.network.APIResponse: 	at baseline.com.newsblur.service.NBSyncService$1.run(NBSyncService.java:188)
08-04 13:58:53.523 27753 30405 E baseline.com.newsblur.network.APIResponse: 	at java.util.concurrent.ThreadPoolExecutor.runWorker(ThreadPoolExecutor.java:1113)
08-04 13:58:53.523 27753 30405 E baseline.com.newsblur.network.APIResponse: 	at java.util.concurrent.ThreadPoolExecutor$Worker.run(ThreadPoolExecutor.java:588)
08-04 13:58:53.523 27753 30405 E baseline.com.newsblur.network.APIResponse: 	at java.lang.Thread.run(Thread.java:818)
08-04 13:58:53.523 27753 30405 E baseline.com.newsblur.network.APIResponse: Caused by: java.io.EOFException: \n not found: limit=0 content=
08-04 13:58:53.523 27753 30405 E baseline.com.newsblur.network.APIResponse: 	at okio.RealBufferedSource.readUtf8LineStrict(RealBufferedSource.java:240)
08-04 13:58:53.523 27753 30405 E baseline.com.newsblur.network.APIResponse: 	at okhttp3.internal.http1.Http1ExchangeCodec.readHeaderLine(Http1ExchangeCodec.java:242)
08-04 13:58:53.523 27753 30405 E baseline.com.newsblur.network.APIResponse: 	at okhttp3.internal.http1.Http1ExchangeCodec.readResponseHeaders(Http1ExchangeCodec.java:213)
08-04 13:58:53.523 27753 30405 E baseline.com.newsblur.network.APIResponse: 	... 30 more
08-04 13:58:53.525 27753 30405 I baseline.com.newsblur.service.NBSyncService: Holding reading action with server-side or network error.
08-04 13:58:53.557 27753 30405 W baseline.com.newsblur.service.NBSyncService: hard API failure
08-04 13:58:53.693 27753 27764 I art     : Starting a blocking GC Explicit
08-04 13:58:53.733 27753 27764 I art     : Explicit concurrent mark sweep GC freed 4922(564KB) AllocSpace objects, 16(320KB) LOS objects, 30% free, 36MB/52MB, paused 1.236ms total 40.273ms
08-04 13:58:53.750 27753 27764 I art     : Starting a blocking GC Explicit
08-04 13:58:53.786 27753 27764 I art     : Explicit concurrent mark sweep GC freed 607(22KB) AllocSpace objects, 0(0B) LOS objects, 30% free, 36MB/52MB, paused 1.110ms total 35.451ms
08-04 13:58:53.798 27753 27764 I art     : Starting a blocking GC Explicit
08-04 13:58:53.834 27753 27764 I art     : Explicit concurrent mark sweep GC freed 3(96B) AllocSpace objects, 0(0B) LOS objects, 30% free, 36MB/52MB, paused 1.105ms total 36.298ms
08-04 13:58:53.847 27753 27764 I art     : Starting a blocking GC Explicit
08-04 13:58:53.882 27753 27764 I art     : Explicit concurrent mark sweep GC freed 3(96B) AllocSpace objects, 0(0B) LOS objects, 30% free, 36MB/52MB, paused 1.077ms total 34.730ms
08-04 13:58:53.894 27753 27764 I art     : Starting a blocking GC Explicit
08-04 13:58:53.931 27753 27764 I art     : Explicit concurrent mark sweep GC freed 3(96B) AllocSpace objects, 0(0B) LOS objects, 30% free, 36MB/52MB, paused 1.095ms total 36.596ms
08-04 13:58:54.282 27753 29836 I art     : Starting a blocking GC Explicit
08-04 13:58:54.320 27753 29836 I art     : Explicit concurrent mark sweep GC freed 1400(80KB) AllocSpace objects, 1(20KB) LOS objects, 30% free, 36MB/52MB, paused 1.128ms total 37.900ms
08-04 13:58:54.333 27753 29836 I art     : Starting a blocking GC Explicit
08-04 13:58:54.368 27753 29836 I art     : Explicit concurrent mark sweep GC freed 20(704B) AllocSpace objects, 0(0B) LOS objects, 30% free, 36MB/52MB, paused 1.280ms total 35.186ms
08-04 13:58:54.380 27753 29836 I art     : Starting a blocking GC Explicit
08-04 13:58:54.418 27753 29836 I art     : Explicit concurrent mark sweep GC freed 3(96B) AllocSpace objects, 0(0B) LOS objects, 30% free, 36MB/52MB, paused 1.302ms total 37.610ms
08-04 13:58:54.430 27753 29836 I art     : Starting a blocking GC Explicit
08-04 13:58:54.468 27753 29836 I art     : Explicit concurrent mark sweep GC freed 3(96B) AllocSpace objects, 0(0B) LOS objects, 30% free, 36MB/52MB, paused 1.203ms total 37.896ms
08-04 13:58:54.481 27753 29836 I art     : Starting a blocking GC Explicit
08-04 13:58:54.518 27753 29836 I art     : Explicit concurrent mark sweep GC freed 3(96B) AllocSpace objects, 0(0B) LOS objects, 30% free, 36MB/52MB, paused 1.288ms total 36.642ms
08-04 13:58:54.877 27753 27765 I art     : Starting a blocking GC Explicit
08-04 13:58:54.916 27753 27765 I art     : Explicit concurrent mark sweep GC freed 1398(80KB) AllocSpace objects, 1(20KB) LOS objects, 30% free, 36MB/52MB, paused 1.139ms total 38.362ms
08-04 13:58:54.928 27753 27765 I art     : Starting a blocking GC Explicit
08-04 13:58:54.964 27753 27765 I art     : Explicit concurrent mark sweep GC freed 20(704B) AllocSpace objects, 0(0B) LOS objects, 30% free, 36MB/52MB, paused 1.079ms total 35.954ms
08-04 13:58:54.976 27753 27765 I art     : Starting a blocking GC Explicit
08-04 13:58:55.012 27753 27765 I art     : Explicit concurrent mark sweep GC freed 3(96B) AllocSpace objects, 0(0B) LOS objects, 30% free, 36MB/52MB, paused 1.138ms total 34.993ms
08-04 13:58:55.024 27753 27765 I art     : Starting a blocking GC Explicit
08-04 13:58:55.061 27753 27765 I art     : Explicit concurrent mark sweep GC freed 3(96B) AllocSpace objects, 0(0B) LOS objects, 30% free, 36MB/52MB, paused 1.124ms total 36.810ms
08-04 13:58:55.061 27753 27763 I art     : WaitForGcToComplete blocked for 37.115ms for cause HeapTrim
08-04 13:58:55.073 27753 27765 I art     : Starting a blocking GC Explicit
08-04 13:58:55.111 27753 27765 I art     : Explicit concurrent mark sweep GC freed 3(96B) AllocSpace objects, 0(0B) LOS objects, 30% free, 36MB/52MB, paused 1.056ms total 37.173ms
08-04 13:58:55.466 27753 30054 I art     : Starting a blocking GC Explicit
08-04 13:58:55.504 27753 30054 I art     : Explicit concurrent mark sweep GC freed 1398(80KB) AllocSpace objects, 1(20KB) LOS objects, 30% free, 36MB/52MB, paused 1.079ms total 37.861ms
08-04 13:58:55.519 27753 30054 I art     : Starting a blocking GC Explicit
08-04 13:58:55.545  5179  5194 D QcrilMsgTunnelSocket: readRilMessage: Buffer = [B@671e81d HexData = [010000000404000011000000514f454d484f4f4bef0308000100000003]
08-04 13:58:55.545  5179  5194 D QcrilMsgTunnelSocket: Rcvd UNSOL response with 28 bytes data for SUB0
08-04 13:58:55.546  5179  5194 D QcrilMsgTunnelSocket: Response ID 525295 is not served in this process.
08-04 13:58:55.546  5179  5194 D QcrilMsgTunnelSocket: To broadcast an Intent via the notifier to external apps
08-04 13:58:55.546  5179  5179 D QcrilMsgTunnelIfaceManager: handleMessage what = 0
08-04 13:58:55.546  5179  5179 D QcrilMsgTunnelIfaceManager: Broadcasting intent ACTION_UNSOL_RESPONSE_OEM_HOOK_RAW
08-04 13:58:55.548  5164  5164 D QC_RIL_OEM_HOOK: Received Broadcast Intent ACTION_UNSOL_RESPONSE_OEM_HOOK_RAW
08-04 13:58:55.549  5164  5164 D QC_RIL_OEM_HOOK: Oem ID in QCRILHOOK UNSOL RESP is QOEMHOOK
08-04 13:58:55.553 27753 30054 I art     : Explicit concurrent mark sweep GC freed 20(704B) AllocSpace objects, 0(0B) LOS objects, 30% free, 36MB/52MB, paused 1.446ms total 33.889ms
08-04 13:58:55.566 27753 30054 I art     : Starting a blocking GC Explicit
08-04 13:58:55.599 27753 30054 I art     : Explicit concurrent mark sweep GC freed 3(96B) AllocSpace objects, 0(0B) LOS objects, 30% free, 36MB/52MB, paused 1.046ms total 33.197ms
08-04 13:58:55.610 27753 30054 I art     : Starting a blocking GC Explicit
08-04 13:58:55.643 27753 30054 I art     : Explicit concurrent mark sweep GC freed 3(96B) AllocSpace objects, 0(0B) LOS objects, 30% free, 36MB/52MB, paused 1.035ms total 32.278ms
08-04 13:58:55.654 27753 30054 I art     : Starting a blocking GC Explicit
08-04 13:58:55.688 27753 30054 I art     : Explicit concurrent mark sweep GC freed 3(96B) AllocSpace objects, 0(0B) LOS objects, 30% free, 36MB/52MB, paused 1.073ms total 33.979ms
08-04 13:58:55.946   518   646 I ThermalEngine: ACTION: GPU - Setting GPU[0] to 510000000
08-04 13:58:56.027 27753 27764 I art     : Starting a blocking GC Explicit
08-04 13:58:56.053 27753 27764 I art     : Explicit concurrent mark sweep GC freed 1398(80KB) AllocSpace objects, 1(20KB) LOS objects, 30% free, 36MB/52MB, paused 808us total 26.210ms
08-04 13:58:56.062 27753 27764 I art     : Starting a blocking GC Explicit
08-04 13:58:56.090 27753 27764 I art     : Explicit concurrent mark sweep GC freed 20(704B) AllocSpace objects, 0(0B) LOS objects, 30% free, 36MB/52MB, paused 810us total 27.328ms
08-04 13:58:56.099 27753 27764 I art     : Starting a blocking GC Explicit
08-04 13:58:56.126 27753 27764 I art     : Explicit concurrent mark sweep GC freed 3(96B) AllocSpace objects, 0(0B) LOS objects, 30% free, 36MB/52MB, paused 820us total 26.435ms
08-04 13:58:56.135 27753 27764 I art     : Starting a blocking GC Explicit
08-04 13:58:56.163 27753 27764 I art     : Explicit concurrent mark sweep GC freed 3(96B) AllocSpace objects, 0(0B) LOS objects, 30% free, 36MB/52MB, paused 826us total 27.318ms
08-04 13:58:56.172 27753 27764 I art     : Starting a blocking GC Explicit
08-04 13:58:56.200 27753 27764 I art     : Explicit concurrent mark sweep GC freed 3(96B) AllocSpace objects, 0(0B) LOS objects, 30% free, 36MB/52MB, paused 822us total 27.330ms
08-04 13:58:56.552 27753 29836 I art     : Starting a blocking GC Explicit
08-04 13:58:56.582 27753 29836 I art     : Explicit concurrent mark sweep GC freed 1398(80KB) AllocSpace objects, 1(20KB) LOS objects, 30% free, 36MB/52MB, paused 813us total 28.923ms
08-04 13:58:56.594 27753 29836 I art     : Starting a blocking GC Explicit
08-04 13:58:56.620 27753 29836 I art     : Explicit concurrent mark sweep GC freed 20(704B) AllocSpace objects, 0(0B) LOS objects, 30% free, 36MB/52MB, paused 770us total 25.967ms
08-04 13:58:56.629 27753 29836 I art     : Starting a blocking GC Explicit
08-04 13:58:56.656 27753 29836 I art     : Explicit concurrent mark sweep GC freed 3(96B) AllocSpace objects, 0(0B) LOS objects, 30% free, 36MB/52MB, paused 857us total 27.128ms
08-04 13:58:56.666 27753 29836 I art     : Starting a blocking GC Explicit
08-04 13:58:56.693 27753 29836 I art     : Explicit concurrent mark sweep GC freed 3(96B) AllocSpace objects, 0(0B) LOS objects, 30% free, 36MB/52MB, paused 824us total 27.150ms
08-04 13:58:56.702 27753 29836 I art     : Starting a blocking GC Explicit
08-04 13:58:56.730 27753 29836 I art     : Explicit concurrent mark sweep GC freed 3(96B) AllocSpace objects, 0(0B) LOS objects, 30% free, 36MB/52MB, paused 775us total 27.138ms
08-04 13:58:57.064 27753 27765 I art     : Starting a blocking GC Explicit
08-04 13:58:57.095 27753 27765 I art     : Explicit concurrent mark sweep GC freed 1398(80KB) AllocSpace objects, 1(20KB) LOS objects, 30% free, 36MB/52MB, paused 814us total 29.966ms
08-04 13:58:57.107 27753 27765 I art     : Starting a blocking GC Explicit
08-04 13:58:57.134 27753 27765 I art     : Explicit concurrent mark sweep GC freed 20(704B) AllocSpace objects, 0(0B) LOS objects, 30% free, 36MB/52MB, paused 814us total 26.481ms
08-04 13:58:57.143 27753 27765 I art     : Starting a blocking GC Explicit
08-04 13:58:57.170 27753 27765 I art     : Explicit concurrent mark sweep GC freed 3(96B) AllocSpace objects, 0(0B) LOS objects, 30% free, 36MB/52MB, paused 808us total 26.337ms
08-04 13:58:57.179 27753 27765 I art     : Starting a blocking GC Explicit
08-04 13:58:57.206 27753 27765 I art     : Explicit concurrent mark sweep GC freed 3(96B) AllocSpace objects, 0(0B) LOS objects, 30% free, 36MB/52MB, paused 763us total 26.881ms
08-04 13:58:57.215 27753 27765 I art     : Starting a blocking GC Explicit
08-04 13:58:57.242 27753 27765 I art     : Explicit concurrent mark sweep GC freed 3(96B) AllocSpace objects, 0(0B) LOS objects, 30% free, 36MB/52MB, paused 817us total 26.269ms
08-04 13:58:57.584 27753 30054 I art     : Starting a blocking GC Explicit
08-04 13:58:57.613 27753 30054 I art     : Explicit concurrent mark sweep GC freed 1417(81KB) AllocSpace objects, 1(20KB) LOS objects, 30% free, 36MB/52MB, paused 839us total 28.954ms
08-04 13:58:57.623 27753 30054 I art     : Starting a blocking GC Explicit
08-04 13:58:57.651 27753 30054 I art     : Explicit concurrent mark sweep GC freed 26(928B) AllocSpace objects, 0(0B) LOS objects, 30% free, 36MB/52MB, paused 830us total 27.810ms
08-04 13:58:57.661 27753 30054 I art     : Starting a blocking GC Explicit
08-04 13:58:57.689 27753 30054 I art     : Explicit concurrent mark sweep GC freed 3(96B) AllocSpace objects, 0(0B) LOS objects, 30% free, 36MB/52MB, paused 842us total 28.129ms
08-04 13:58:57.699 27753 30054 I art     : Starting a blocking GC Explicit
08-04 13:58:57.727 27753 30054 I art     : Explicit concurrent mark sweep GC freed 3(96B) AllocSpace objects, 0(0B) LOS objects, 30% free, 36MB/52MB, paused 848us total 27.668ms
08-04 13:58:57.737 27753 30054 I art     : Starting a blocking GC Explicit
08-04 13:58:57.764 27753 30054 I art     : Explicit concurrent mark sweep GC freed 3(96B) AllocSpace objects, 0(0B) LOS objects, 30% free, 36MB/52MB, paused 928us total 27.242ms
08-04 13:58:58.098 27753 27764 I art     : Starting a blocking GC Explicit
08-04 13:58:58.128 27753 27764 I art     : Explicit concurrent mark sweep GC freed 1398(80KB) AllocSpace objects, 1(20KB) LOS objects, 30% free, 36MB/52MB, paused 950us total 29.974ms
08-04 13:58:58.140 27753 27764 I art     : Starting a blocking GC Explicit
08-04 13:58:58.168 27753 27764 I art     : Explicit concurrent mark sweep GC freed 20(704B) AllocSpace objects, 0(0B) LOS objects, 30% free, 36MB/52MB, paused 930us total 27.830ms
08-04 13:58:58.177 27753 27764 I art     : Starting a blocking GC Explicit
08-04 13:58:58.204 27753 27764 I art     : Explicit concurrent mark sweep GC freed 3(96B) AllocSpace objects, 0(0B) LOS objects, 30% free, 36MB/52MB, paused 807us total 26.445ms
08-04 13:58:58.213 27753 27764 I art     : Starting a blocking GC Explicit
08-04 13:58:58.241 27753 27764 I art     : Explicit concurrent mark sweep GC freed 3(96B) AllocSpace objects, 0(0B) LOS objects, 30% free, 36MB/52MB, paused 829us total 27.594ms
08-04 13:58:58.251 27753 27764 I art     : Starting a blocking GC Explicit
08-04 13:58:58.279 27753 27764 I art     : Explicit concurrent mark sweep GC freed 3(96B) AllocSpace objects, 0(0B) LOS objects, 30% free, 36MB/52MB, paused 892us total 28.550ms
08-04 13:58:58.605 27753 29836 I art     : Starting a blocking GC Explicit
08-04 13:58:58.636 27753 29836 I art     : Explicit concurrent mark sweep GC freed 1398(80KB) AllocSpace objects, 1(20KB) LOS objects, 30% free, 36MB/52MB, paused 876us total 29.927ms
08-04 13:58:58.649 27753 29836 I art     : Starting a blocking GC Explicit
08-04 13:58:58.675 27753 29836 I art     : Explicit concurrent mark sweep GC freed 20(704B) AllocSpace objects, 0(0B) LOS objects, 30% free, 36MB/52MB, paused 781us total 25.993ms
08-04 13:58:58.684 27753 29836 I art     : Starting a blocking GC Explicit
08-04 13:58:58.710 27753 29836 I art     : Explicit concurrent mark sweep GC freed 3(96B) AllocSpace objects, 0(0B) LOS objects, 30% free, 36MB/52MB, paused 813us total 25.932ms
08-04 13:58:58.719 27753 29836 I art     : Starting a blocking GC Explicit
08-04 13:58:58.746 27753 29836 I art     : Explicit concurrent mark sweep GC freed 3(96B) AllocSpace objects, 0(0B) LOS objects, 30% free, 36MB/52MB, paused 814us total 26.440ms
08-04 13:58:58.756 27753 29836 I art     : Starting a blocking GC Explicit
08-04 13:58:58.783 27753 29836 I art     : Explicit concurrent mark sweep GC freed 3(96B) AllocSpace objects, 0(0B) LOS objects, 30% free, 36MB/52MB, paused 824us total 27.390ms
08-04 13:58:59.093 27753 27765 I art     : Starting a blocking GC Explicit
08-04 13:58:59.121 27753 27765 I art     : Explicit concurrent mark sweep GC freed 1398(80KB) AllocSpace objects, 1(20KB) LOS objects, 30% free, 36MB/52MB, paused 840us total 27.362ms
08-04 13:58:59.131 27753 27765 I art     : Starting a blocking GC Explicit
08-04 13:58:59.159 27753 27765 I art     : Explicit concurrent mark sweep GC freed 20(704B) AllocSpace objects, 0(0B) LOS objects, 30% free, 36MB/52MB, paused 866us total 27.723ms
08-04 13:58:59.168 27753 27765 I art     : Starting a blocking GC Explicit
08-04 13:58:59.195 27753 27765 I art     : Explicit concurrent mark sweep GC freed 3(96B) AllocSpace objects, 0(0B) LOS objects, 30% free, 36MB/52MB, paused 803us total 26.187ms
08-04 13:58:59.204 27753 27765 I art     : Starting a blocking GC Explicit
08-04 13:58:59.230 27753 27765 I art     : Explicit concurrent mark sweep GC freed 3(96B) AllocSpace objects, 0(0B) LOS objects, 30% free, 36MB/52MB, paused 817us total 26.180ms
08-04 13:58:59.239 27753 27765 I art     : Starting a blocking GC Explicit
08-04 13:58:59.266 27753 27765 I art     : Explicit concurrent mark sweep GC freed 3(96B) AllocSpace objects, 0(0B) LOS objects, 30% free, 36MB/52MB, paused 851us total 26.636ms
08-04 13:58:59.434 30657 30657 D AndroidRuntime: >>>>>> START com.android.internal.os.RuntimeInit uid 2000 <<<<<<
08-04 13:58:59.438 30657 30657 D AndroidRuntime: CheckJNI is OFF
08-04 13:58:59.470 30657 30657 D ICU     : No timezone override file found: /data/misc/zoneinfo/current/icu/icu_tzdata.dat
08-04 13:58:59.502 30657 30657 I Radio-JNI: register_android_hardware_Radio DONE
08-04 13:58:59.525 30657 30657 D AndroidRuntime: Calling main entry com.android.commands.input.Input
08-04 13:58:59.526 30657 30657 I Input   : injectKeyEvent: KeyEvent { action=ACTION_DOWN, keyCode=KEYCODE_BACK, scanCode=0, metaState=0, flags=0x0, repeatCount=0, eventTime=712755939, downTime=712755939, deviceId=-1, source=0x101 }
08-04 13:58:59.531 30657 30657 I Input   : injectKeyEvent: KeyEvent { action=ACTION_UP, keyCode=KEYCODE_BACK, scanCode=0, metaState=0, flags=0x0, repeatCount=0, eventTime=712755939, downTime=712755939, deviceId=-1, source=0x101 }
08-04 13:58:59.537 30657 30657 D AndroidRuntime: Shutting down VM
08-04 13:58:59.573 27753 30054 I art     : Starting a blocking GC Explicit
08-04 13:58:59.600 27753 30054 I art     : Explicit concurrent mark sweep GC freed 1610(119KB) AllocSpace objects, 3(60KB) LOS objects, 30% free, 36MB/52MB, paused 826us total 26.323ms
08-04 13:58:59.609 27753 30054 I art     : Starting a blocking GC Explicit
08-04 13:58:59.635 27753 30054 I art     : Explicit concurrent mark sweep GC freed 630(45KB) AllocSpace objects, 1(20KB) LOS objects, 30% free, 36MB/52MB, paused 777us total 25.659ms
08-04 13:58:59.643 27753 30054 I art     : Starting a blocking GC Explicit
08-04 13:58:59.649 13866 13866 I GoogleInputMethodServic: GoogleInputMethodService.onFinishInput():3138 
08-04 13:58:59.649 13866 13866 I GoogleInputMethodServic: GoogleInputMethodService.onStartInput():1808 
08-04 13:58:59.670 27753 30054 I art     : Explicit concurrent mark sweep GC freed 1887(165KB) AllocSpace objects, 5(100KB) LOS objects, 30% free, 36MB/52MB, paused 1.011ms total 26.769ms
08-04 13:58:59.679 27753 30054 I art     : Starting a blocking GC Explicit
08-04 13:58:59.706 27753 30054 I art     : Explicit concurrent mark sweep GC freed 588(39KB) AllocSpace objects, 1(20KB) LOS objects, 30% free, 36MB/52MB, paused 989us total 26.440ms
08-04 13:58:59.716 27753 30054 I art     : Starting a blocking GC Explicit
08-04 13:58:59.741 27753 30054 I art     : Explicit concurrent mark sweep GC freed 115(6KB) AllocSpace objects, 0(0B) LOS objects, 30% free, 36MB/52MB, paused 810us total 24.869ms
08-04 13:59:00.018 27753 30054 I art     : Starting a blocking GC Explicit
08-04 13:59:00.046 27753 30054 I art     : Explicit concurrent mark sweep GC freed 2742(145KB) AllocSpace objects, 2(48KB) LOS objects, 30% free, 36MB/52MB, paused 925us total 27.759ms
08-04 13:59:00.055 27753 30054 I art     : Starting a blocking GC Explicit
08-04 13:59:00.081 27753 30054 I art     : Explicit concurrent mark sweep GC freed 152(7KB) AllocSpace objects, 0(0B) LOS objects, 30% free, 36MB/52MB, paused 908us total 26.246ms
08-04 13:59:00.090 27753 30054 I art     : Starting a blocking GC Explicit
08-04 13:59:00.116 27753 30054 I art     : Explicit concurrent mark sweep GC freed 7(224B) AllocSpace objects, 0(0B) LOS objects, 30% free, 36MB/52MB, paused 972us total 25.304ms
08-04 13:59:00.126 27753 30054 I art     : Starting a blocking GC Explicit
08-04 13:59:00.154 27753 30054 I art     : Explicit concurrent mark sweep GC freed 2031(111KB) AllocSpace objects, 3(200KB) LOS objects, 30% free, 36MB/52MB, paused 1.382ms total 28.218ms
08-04 13:59:00.165 27753 30054 I art     : Starting a blocking GC Explicit
08-04 13:59:00.192 27753 30054 I art     : Explicit concurrent mark sweep GC freed 1286(128KB) AllocSpace objects, 0(0B) LOS objects, 30% free, 36MB/52MB, paused 939us total 27.490ms
08-04 13:59:00.194 27753 30680 I NAPPA_EXPERIMENTATION: MetricNetworkRequestExecutionTime: REQUEST_DURATION_SYSTEM='534',REQUEST_DURATION_OKHTTP='30',REQUEST_SYNCHRONOUS='TRUE',RESPONSE_CODE='200',RESPONSE_METHOD='GET',RESPONSE_LENGTH_OKHTTP='-1',RESPONSE_LENGTH_HEADER='12364',REQUEST_PROTOCOL='http/1.1',REQUEST_URL='https://www.newsblur.com/social/river_stories?order=newest&page=2&read_filter=all&global_feed=true',
08-04 13:59:00.194 27753 30680 D MY_TAG  : 0, 534
08-04 13:59:00.496 27753 30054 I art     : Starting a blocking GC Explicit
08-04 13:59:00.531 27753 30054 I art     : Explicit concurrent mark sweep GC freed 35116(2MB) AllocSpace objects, 33(860KB) LOS objects, 30% free, 36MB/52MB, paused 829us total 34.613ms
08-04 13:59:00.542 27753 30054 I art     : Starting a blocking GC Explicit
08-04 13:59:00.571 27753 30054 I art     : Explicit concurrent mark sweep GC freed 2373(202KB) AllocSpace objects, 0(0B) LOS objects, 30% free, 36MB/52MB, paused 901us total 28.530ms
08-04 13:59:00.581 27753 30054 I art     : Starting a blocking GC Explicit
08-04 13:59:00.608 27753 30054 I art     : Explicit concurrent mark sweep GC freed 8(256B) AllocSpace objects, 0(0B) LOS objects, 30% free, 36MB/52MB, paused 829us total 27.104ms
08-04 13:59:00.618 27753 30054 I art     : Starting a blocking GC Explicit
08-04 13:59:00.646 27753 30054 I art     : Explicit concurrent mark sweep GC freed 7(224B) AllocSpace objects, 0(0B) LOS objects, 30% free, 36MB/52MB, paused 868us total 27.984ms
08-04 13:59:00.657 27753 30054 I art     : Starting a blocking GC Explicit
08-04 13:59:00.687 27753 30054 I art     : Explicit concurrent mark sweep GC freed 7(224B) AllocSpace objects, 0(0B) LOS objects, 30% free, 36MB/52MB, paused 839us total 29.540ms
08-04 13:59:00.985 27753 29836 I art     : Starting a blocking GC Explicit
08-04 13:59:01.016 27753 29836 I art     : Explicit concurrent mark sweep GC freed 1440(82KB) AllocSpace objects, 1(20KB) LOS objects, 30% free, 36MB/52MB, paused 1.042ms total 29.883ms
08-04 13:59:01.025 27753 29836 I art     : Starting a blocking GC Explicit
08-04 13:59:01.055 27753 29836 I art     : Explicit concurrent mark sweep GC freed 26(896B) AllocSpace objects, 0(0B) LOS objects, 30% free, 36MB/52MB, paused 850us total 29.524ms
08-04 13:59:01.065 27753 29836 I art     : Starting a blocking GC Explicit
08-04 13:59:01.090 27753 29836 I art     : Explicit concurrent mark sweep GC freed 7(224B) AllocSpace objects, 0(0B) LOS objects, 30% free, 36MB/52MB, paused 798us total 25.176ms
08-04 13:59:01.099 27753 29836 I art     : Starting a blocking GC Explicit
08-04 13:59:01.124 27753 29836 I art     : Explicit concurrent mark sweep GC freed 4(128B) AllocSpace objects, 0(0B) LOS objects, 30% free, 36MB/52MB, paused 806us total 25.071ms
08-04 13:59:01.134 27753 29836 I art     : Starting a blocking GC Explicit
08-04 13:59:01.159 27753 29836 I art     : Explicit concurrent mark sweep GC freed 3(96B) AllocSpace objects, 0(0B) LOS objects, 30% free, 36MB/52MB, paused 860us total 25.221ms
08-04 13:59:01.184 30705 30705 D AndroidRuntime: >>>>>> START com.android.internal.os.RuntimeInit uid 2000 <<<<<<
08-04 13:59:01.188 30705 30705 D AndroidRuntime: CheckJNI is OFF
08-04 13:59:01.221 30705 30705 D ICU     : No timezone override file found: /data/misc/zoneinfo/current/icu/icu_tzdata.dat
08-04 13:59:01.255 30705 30705 I Radio-JNI: register_android_hardware_Radio DONE
08-04 13:59:01.277 30705 30705 D AndroidRuntime: Calling main entry com.android.commands.input.Input
08-04 13:59:01.278 30705 30705 I Input   : injectMotionEvent: MotionEvent { action=ACTION_DOWN, actionButton=0, id[0]=0, x[0]=435.0, y[0]=858.0, toolType[0]=TOOL_TYPE_UNKNOWN, buttonState=0, metaState=0, flags=0x0, edgeFlags=0x0, pointerCount=1, historySize=0, eventTime=712757691, downTime=712757691, deviceId=0, source=0x1002 }
08-04 13:59:01.286 30705 30705 I Input   : injectMotionEvent: MotionEvent { action=ACTION_UP, actionButton=0, id[0]=0, x[0]=435.0, y[0]=858.0, toolType[0]=TOOL_TYPE_UNKNOWN, buttonState=0, metaState=0, flags=0x0, edgeFlags=0x0, pointerCount=1, historySize=0, eventTime=712757691, downTime=712757691, deviceId=0, source=0x1002 }
08-04 13:59:01.288 30705 30705 D AndroidRuntime: Shutting down VM
08-04 13:59:01.306   918  5132 I ActivityManager: START u0 {cmp=baseline.com.newsblur/.activity.GlobalSharedStoriesReading (has extras)} from uid 10652 on display 0
08-04 13:59:01.308   512  2967 D audio_hw_primary: out_set_parameters: enter: usecase(1: low-latency-playback) kvpairs: routing=2
08-04 13:59:01.323   512  2967 D audio_hw_primary: select_devices: out_snd_device(2: speaker) in_snd_device(0: none)
08-04 13:59:01.323   512  2967 D msm8974_platform: platform_send_audio_calibration: sending audio calibration for snd_device(2) acdb_id(15)
08-04 13:59:01.324   512  2967 I soundtrigger: audio_extn_sound_trigger_update_device_status: device 0x2 of type 0 for Event 1
08-04 13:59:01.333   512  2967 D audio_hw_primary: enable_snd_device: snd_device(2: speaker)
08-04 13:59:01.336   512  2967 D audio_hw_primary: enable_audio_route: apply and update mixer path: low-latency-playback speaker
08-04 13:59:01.435 27753 27764 I art     : Starting a blocking GC Explicit
08-04 13:59:01.465 27753 27764 I art     : Explicit concurrent mark sweep GC freed 2888(234KB) AllocSpace objects, 6(548KB) LOS objects, 30% free, 36MB/52MB, paused 822us total 30.347ms
08-04 13:59:01.475 27753 27764 I art     : Starting a blocking GC Explicit
08-04 13:59:01.499   918   936 I ActivityManager: Displayed baseline.com.newsblur/.activity.GlobalSharedStoriesReading: +182ms
08-04 13:59:01.500 13866 13866 I GoogleInputMethodServic: GoogleInputMethodService.onFinishInput():3138 
08-04 13:59:01.500 13866 13866 I GoogleInputMethodServic: GoogleInputMethodService.onStartInput():1808 
08-04 13:59:01.504 27753 27764 I art     : Explicit concurrent mark sweep GC freed 780(53KB) AllocSpace objects, 1(20KB) LOS objects, 30% free, 36MB/52MB, paused 1.209ms total 28.845ms
08-04 13:59:01.513 27753 27764 I art     : Starting a blocking GC Explicit
08-04 13:59:01.542 27753 27764 I art     : Explicit concurrent mark sweep GC freed 1154(73KB) AllocSpace objects, 1(20KB) LOS objects, 30% free, 37MB/53MB, paused 1.202ms total 28.826ms
08-04 13:59:01.552 27753 27764 I art     : Starting a blocking GC Explicit
08-04 13:59:01.582 27753 27764 I art     : Explicit concurrent mark sweep GC freed 1083(76KB) AllocSpace objects, 1(20KB) LOS objects, 30% free, 37MB/53MB, paused 1.334ms total 30.055ms
08-04 13:59:01.591 27753 27764 I art     : Starting a blocking GC Explicit
08-04 13:59:01.621 27753 27764 I art     : Explicit concurrent mark sweep GC freed 1138(84KB) AllocSpace objects, 7(160KB) LOS objects, 29% free, 37MB/53MB, paused 1.018ms total 29.405ms
08-04 13:59:01.688 27753 29830 E SQLiteLog: (9) statement aborts at 92: [SELECT authors,short_content,timestamp,sharedDate,stories.feed_id,stories._id,intelligence_authors,intelligence_feed,intelligence_tags,intelligence_total,intelligence_title,permalink,r
08-04 13:59:01.755 27753 30399 E chromium: [ERROR:tile_manager.cc(793)] WARNING: tile memory limits exceeded, some content may not draw
08-04 13:59:01.756 27753 30399 E chromium: [ERROR:tile_manager.cc(793)] WARNING: tile memory limits exceeded, some content may not draw
08-04 13:59:01.878   512  2967 D audio_hw_primary: disable_audio_route: reset and update mixer path: low-latency-playback speaker
08-04 13:59:01.880   512  2967 D audio_hw_primary: disable_snd_device: snd_device(2: speaker)
08-04 13:59:01.888   512  2967 I soundtrigger: audio_extn_sound_trigger_update_device_status: device 0x2 of type 0 for Event 0
08-04 13:59:01.910 27753 30054 I art     : Starting a blocking GC Explicit
08-04 13:59:01.941 27753 30054 I art     : Explicit concurrent mark sweep GC freed 6646(528KB) AllocSpace objects, 14(312KB) LOS objects, 29% free, 37MB/53MB, paused 931us total 30.207ms
08-04 13:59:01.950 27753 30054 I art     : Starting a blocking GC Explicit
08-04 13:59:01.979 27753 30054 I art     : Explicit concurrent mark sweep GC freed 1101(52KB) AllocSpace objects, 0(0B) LOS objects, 29% free, 37MB/53MB, paused 877us total 28.930ms
08-04 13:59:01.989 27753 30054 I art     : Starting a blocking GC Explicit
08-04 13:59:02.019 27753 30054 I art     : Explicit concurrent mark sweep GC freed 3(96B) AllocSpace objects, 0(0B) LOS objects, 29% free, 37MB/53MB, paused 932us total 29.921ms
08-04 13:59:02.028 27753 30054 I art     : Starting a blocking GC Explicit
08-04 13:59:02.057 27753 30054 I art     : Explicit concurrent mark sweep GC freed 3(96B) AllocSpace objects, 0(0B) LOS objects, 29% free, 37MB/53MB, paused 1.058ms total 28.966ms
08-04 13:59:02.067 27753 30054 I art     : Starting a blocking GC Explicit
08-04 13:59:02.095 27753 30054 I art     : Explicit concurrent mark sweep GC freed 3(96B) AllocSpace objects, 0(0B) LOS objects, 29% free, 37MB/53MB, paused 864us total 28.359ms
08-04 13:59:02.242 27753 30740 E baseline.com.newsblur.network.APIResponse: Error (unexpected end of stream on https://www.newsblur.com/...) calling https://www.newsblur.com/reader/mark_story_hashes_as_read/
08-04 13:59:02.242 27753 30740 E baseline.com.newsblur.network.APIResponse: java.io.IOException: unexpected end of stream on https://www.newsblur.com/...
08-04 13:59:02.242 27753 30740 E baseline.com.newsblur.network.APIResponse: 	at okhttp3.internal.http1.Http1ExchangeCodec.readResponseHeaders(Http1ExchangeCodec.java:236)
08-04 13:59:02.242 27753 30740 E baseline.com.newsblur.network.APIResponse: 	at okhttp3.internal.connection.Exchange.readResponseHeaders(Exchange.java:115)
08-04 13:59:02.242 27753 30740 E baseline.com.newsblur.network.APIResponse: 	at okhttp3.internal.http.CallServerInterceptor.intercept(CallServerInterceptor.java:94)
08-04 13:59:02.242 27753 30740 E baseline.com.newsblur.network.APIResponse: 	at okhttp3.internal.http.RealInterceptorChain.proceed(RealInterceptorChain.java:142)
08-04 13:59:02.242 27753 30740 E baseline.com.newsblur.network.APIResponse: 	at okhttp3.internal.connection.ConnectInterceptor.intercept(ConnectInterceptor.java:43)
08-04 13:59:02.242 27753 30740 E baseline.com.newsblur.network.APIResponse: 	at okhttp3.internal.http.RealInterceptorChain.proceed(RealInterceptorChain.java:142)
08-04 13:59:02.242 27753 30740 E baseline.com.newsblur.network.APIResponse: 	at okhttp3.internal.http.RealInterceptorChain.proceed(RealInterceptorChain.java:117)
08-04 13:59:02.242 27753 30740 E baseline.com.newsblur.network.APIResponse: 	at okhttp3.internal.cache.CacheInterceptor.intercept(CacheInterceptor.java:94)
08-04 13:59:02.242 27753 30740 E baseline.com.newsblur.network.APIResponse: 	at okhttp3.internal.http.RealInterceptorChain.proceed(RealInterceptorChain.java:142)
08-04 13:59:02.242 27753 30740 E baseline.com.newsblur.network.APIResponse: 	at okhttp3.internal.http.RealInterceptorChain.proceed(RealInterceptorChain.java:117)
08-04 13:59:02.242 27753 30740 E baseline.com.newsblur.network.APIResponse: 	at okhttp3.internal.http.BridgeInterceptor.intercept(BridgeInterceptor.java:93)
08-04 13:59:02.242 27753 30740 E baseline.com.newsblur.network.APIResponse: 	at okhttp3.internal.http.RealInterceptorChain.proceed(RealInterceptorChain.java:142)
08-04 13:59:02.242 27753 30740 E baseline.com.newsblur.network.APIResponse: 	at okhttp3.internal.http.RetryAndFollowUpInterceptor.intercept(RetryAndFollowUpInterceptor.java:88)
08-04 13:59:02.242 27753 30740 E baseline.com.newsblur.network.APIResponse: 	at okhttp3.internal.http.RealInterceptorChain.proceed(RealInterceptorChain.java:142)
08-04 13:59:02.242 27753 30740 E baseline.com.newsblur.network.APIResponse: 	at okhttp3.internal.http.RealInterceptorChain.proceed(RealInterceptorChain.java:117)
08-04 13:59:02.242 27753 30740 E baseline.com.newsblur.network.APIResponse: 	at okhttp3.RealCall.getResponseWithInterceptorChain(RealCall.java:229)
08-04 13:59:02.242 27753 30740 E baseline.com.newsblur.network.APIResponse: 	at okhttp3.RealCall.execute(RealCall.java:81)
08-04 13:59:02.242 27753 30740 E baseline.com.newsblur.network.APIResponse: 	at baseline.com.newsblur.network.APIResponse.<init>(APIResponse.java:57)
08-04 13:59:02.242 27753 30740 E baseline.com.newsblur.network.APIResponse: 	at baseline.com.newsblur.network.APIResponse.<init>(APIResponse.java:43)
08-04 13:59:02.242 27753 30740 E baseline.com.newsblur.network.APIResponse: 	at baseline.com.newsblur.network.APIManager.post_single(APIManager.java:702)
08-04 13:59:02.242 27753 30740 E baseline.com.newsblur.network.APIResponse: 	at baseline.com.newsblur.network.APIManager.post(APIManager.java:675)
08-04 13:59:02.242 27753 30740 E baseline.com.newsblur.network.APIResponse: 	at baseline.com.newsblur.network.APIManager.post(APIManager.java:714)
08-04 13:59:02.242 27753 30740 E baseline.com.newsblur.network.APIResponse: 	at baseline.com.newsblur.network.APIManager.markStoryAsRead(APIManager.java:205)
08-04 13:59:02.242 27753 30740 E baseline.com.newsblur.network.APIResponse: 	at baseline.com.newsblur.util.ReadingAction.doRemote(ReadingAction.java:281)
08-04 13:59:02.242 27753 30740 E baseline.com.newsblur.network.APIResponse: 	at baseline.com.newsblur.service.NBSyncService.syncActions(NBSyncService.java:400)
08-04 13:59:02.242 27753 30740 E baseline.com.newsblur.network.APIResponse: 	at baseline.com.newsblur.service.NBSyncService.doSync(NBSyncService.java:298)
08-04 13:59:02.242 27753 30740 E baseline.com.newsblur.network.APIResponse: 	at baseline.com.newsblur.service.NBSyncService.access$100(NBSyncService.java:67)
08-04 13:59:02.242 27753 30740 E baseline.com.newsblur.network.APIResponse: 	at baseline.com.newsblur.service.NBSyncService$1.run(NBSyncService.java:188)
08-04 13:59:02.242 27753 30740 E baseline.com.newsblur.network.APIResponse: 	at java.util.concurrent.ThreadPoolExecutor.runWorker(ThreadPoolExecutor.java:1113)
08-04 13:59:02.242 27753 30740 E baseline.com.newsblur.network.APIResponse: 	at java.util.concurrent.ThreadPoolExecutor$Worker.run(ThreadPoolExecutor.java:588)
08-04 13:59:02.242 27753 30740 E baseline.com.newsblur.network.APIResponse: 	at java.lang.Thread.run(Thread.java:818)
08-04 13:59:02.242 27753 30740 E baseline.com.newsblur.network.APIResponse: Caused by: java.io.EOFException: \n not found: limit=0 content=
08-04 13:59:02.242 27753 30740 E baseline.com.newsblur.network.APIResponse: 	at okio.RealBufferedSource.readUtf8LineStrict(RealBufferedSource.java:240)
08-04 13:59:02.242 27753 30740 E baseline.com.newsblur.network.APIResponse: 	at okhttp3.internal.http1.Http1ExchangeCodec.readHeaderLine(Http1ExchangeCodec.java:242)
08-04 13:59:02.242 27753 30740 E baseline.com.newsblur.network.APIResponse: 	at okhttp3.internal.http1.Http1ExchangeCodec.readResponseHeaders(Http1ExchangeCodec.java:213)
08-04 13:59:02.242 27753 30740 E baseline.com.newsblur.network.APIResponse: 	... 30 more
08-04 13:59:02.244 27753 30740 I baseline.com.newsblur.network.APIManager: API call failed, pausing before retry number 1
08-04 13:59:02.412 27753 29836 I art     : Starting a blocking GC Explicit
08-04 13:59:02.448 27753 29836 I art     : Explicit concurrent mark sweep GC freed 4651(415KB) AllocSpace objects, 6(260KB) LOS objects, 29% free, 37MB/53MB, paused 942us total 35.438ms
08-04 13:59:02.461 27753 29836 I art     : Starting a blocking GC Explicit
08-04 13:59:02.490 27753 29836 I art     : Explicit concurrent mark sweep GC freed 1030(120KB) AllocSpace objects, 0(0B) LOS objects, 29% free, 37MB/53MB, paused 887us total 28.417ms
08-04 13:59:02.499 27753 29836 I art     : Starting a blocking GC Explicit
08-04 13:59:02.528 27753 29836 I art     : Explicit concurrent mark sweep GC freed 9(320B) AllocSpace objects, 0(0B) LOS objects, 29% free, 37MB/53MB, paused 842us total 28.799ms
08-04 13:59:02.537 27753 29836 I art     : Starting a blocking GC Explicit
08-04 13:59:02.568 27753 29836 I art     : Explicit concurrent mark sweep GC freed 3(96B) AllocSpace objects, 0(0B) LOS objects, 29% free, 37MB/53MB, paused 1.188ms total 30.663ms
08-04 13:59:02.578 27753 29836 I art     : Starting a blocking GC Explicit
08-04 13:59:02.610 27753 29836 I art     : Explicit concurrent mark sweep GC freed 3(96B) AllocSpace objects, 0(0B) LOS objects, 29% free, 37MB/53MB, paused 846us total 31.275ms
08-04 13:59:02.795 27753 30399 E chromium: [ERROR:tile_manager.cc(793)] WARNING: tile memory limits exceeded, some content may not draw
08-04 13:59:02.796 27753 30399 E chromium: [ERROR:tile_manager.cc(793)] WARNING: tile memory limits exceeded, some content may not draw
08-04 13:59:02.824 27753 30399 E chromium: [ERROR:tile_manager.cc(793)] WARNING: tile memory limits exceeded, some content may not draw
08-04 13:59:02.825 27753 30399 E chromium: [ERROR:tile_manager.cc(793)] WARNING: tile memory limits exceeded, some content may not draw
08-04 13:59:02.840 27753 30399 E chromium: [ERROR:tile_manager.cc(793)] WARNING: tile memory limits exceeded, some content may not draw
08-04 13:59:02.840 27753 30399 E chromium: [ERROR:tile_manager.cc(793)] WARNING: tile memory limits exceeded, some content may not draw
08-04 13:59:02.935 27753 29836 I art     : Starting a blocking GC Explicit
08-04 13:59:02.971 27753 29836 I art     : Explicit concurrent mark sweep GC freed 1532(85KB) AllocSpace objects, 1(20KB) LOS objects, 29% free, 37MB/53MB, paused 954us total 35.446ms
08-04 13:59:02.982 27753 29836 I art     : Starting a blocking GC Explicit
08-04 13:59:03.017 27753 29836 I art     : Explicit concurrent mark sweep GC freed 40(1360B) AllocSpace objects, 0(0B) LOS objects, 29% free, 37MB/53MB, paused 997us total 35.572ms
08-04 13:59:03.028 27753 29836 I art     : Starting a blocking GC Explicit
08-04 13:59:03.061 27753 29836 I art     : Explicit concurrent mark sweep GC freed 10(320B) AllocSpace objects, 0(0B) LOS objects, 29% free, 37MB/53MB, paused 831us total 32.790ms
08-04 13:59:03.071 27753 29836 I art     : Starting a blocking GC Explicit
08-04 13:59:03.103 27753 29836 I art     : Explicit concurrent mark sweep GC freed 3(96B) AllocSpace objects, 0(0B) LOS objects, 29% free, 37MB/53MB, paused 959us total 31.486ms
08-04 13:59:03.112 27753 29836 I art     : Starting a blocking GC Explicit
08-04 13:59:03.129   918  3261 D WifiStateMachine: starting scan for "H369AA63323"WPA_PSK with 2412,5180
08-04 13:59:03.144 27753 29836 I art     : Explicit concurrent mark sweep GC freed 3(96B) AllocSpace objects, 0(0B) LOS objects, 29% free, 37MB/53MB, paused 972us total 31.502ms
08-04 13:59:03.500 27753 27764 I art     : Starting a blocking GC Explicit
08-04 13:59:03.536 27753 27764 I art     : Explicit concurrent mark sweep GC freed 1440(83KB) AllocSpace objects, 1(20KB) LOS objects, 29% free, 37MB/53MB, paused 999us total 35.883ms
08-04 13:59:03.547 27753 27764 I art     : Starting a blocking GC Explicit
08-04 13:59:03.581 27753 27764 I art     : Explicit concurrent mark sweep GC freed 22(784B) AllocSpace objects, 0(0B) LOS objects, 29% free, 37MB/53MB, paused 844us total 34.470ms
08-04 13:59:03.593 27753 27764 I art     : Starting a blocking GC Explicit
08-04 13:59:03.626 27753 27764 I art     : Explicit concurrent mark sweep GC freed 3(96B) AllocSpace objects, 0(0B) LOS objects, 29% free, 37MB/53MB, paused 926us total 32.823ms
08-04 13:59:03.635 27753 27764 I art     : Starting a blocking GC Explicit
08-04 13:59:03.665 27753 27764 I art     : Explicit concurrent mark sweep GC freed 3(96B) AllocSpace objects, 0(0B) LOS objects, 29% free, 37MB/53MB, paused 837us total 29.622ms
08-04 13:59:03.675 27753 27764 I art     : Starting a blocking GC Explicit
08-04 13:59:03.708 27753 27764 I art     : Explicit concurrent mark sweep GC freed 3(96B) AllocSpace objects, 0(0B) LOS objects, 29% free, 37MB/53MB, paused 1.065ms total 32.263ms
08-04 13:59:04.058 27753 29836 I art     : Starting a blocking GC Explicit
08-04 13:59:04.096 27753 29836 I art     : Explicit concurrent mark sweep GC freed 1606(91KB) AllocSpace objects, 1(20KB) LOS objects, 29% free, 37MB/53MB, paused 1.115ms total 37.161ms
08-04 13:59:04.107 27753 29836 I art     : Starting a blocking GC Explicit
08-04 13:59:04.139 27753 29836 I art     : Explicit concurrent mark sweep GC freed 28(1040B) AllocSpace objects, 0(0B) LOS objects, 29% free, 37MB/53MB, paused 884us total 32.117ms
08-04 13:59:04.149 27753 29836 I art     : Starting a blocking GC Explicit
08-04 13:59:04.183 27753 29836 I art     : Explicit concurrent mark sweep GC freed 3(96B) AllocSpace objects, 0(0B) LOS objects, 29% free, 37MB/53MB, paused 962us total 33.273ms
08-04 13:59:04.193 27753 29836 I art     : Starting a blocking GC Explicit
08-04 13:59:04.227 27753 29836 I art     : Explicit concurrent mark sweep GC freed 337(15KB) AllocSpace objects, 0(0B) LOS objects, 29% free, 37MB/53MB, paused 916us total 33.097ms
08-04 13:59:04.237 27753 29836 I art     : Starting a blocking GC Explicit
08-04 13:59:04.269 27753 29836 I art     : Explicit concurrent mark sweep GC freed 1365(51KB) AllocSpace objects, 0(0B) LOS objects, 29% free, 37MB/53MB, paused 1.051ms total 31.619ms
08-04 13:59:04.282 27753 30740 E baseline.com.newsblur.network.APIResponse: Error (unexpected end of stream on https://www.newsblur.com/...) calling https://www.newsblur.com/reader/mark_story_hashes_as_read/
08-04 13:59:04.282 27753 30740 E baseline.com.newsblur.network.APIResponse: java.io.IOException: unexpected end of stream on https://www.newsblur.com/...
08-04 13:59:04.282 27753 30740 E baseline.com.newsblur.network.APIResponse: 	at okhttp3.internal.http1.Http1ExchangeCodec.readResponseHeaders(Http1ExchangeCodec.java:236)
08-04 13:59:04.282 27753 30740 E baseline.com.newsblur.network.APIResponse: 	at okhttp3.internal.connection.Exchange.readResponseHeaders(Exchange.java:115)
08-04 13:59:04.282 27753 30740 E baseline.com.newsblur.network.APIResponse: 	at okhttp3.internal.http.CallServerInterceptor.intercept(CallServerInterceptor.java:94)
08-04 13:59:04.282 27753 30740 E baseline.com.newsblur.network.APIResponse: 	at okhttp3.internal.http.RealInterceptorChain.proceed(RealInterceptorChain.java:142)
08-04 13:59:04.282 27753 30740 E baseline.com.newsblur.network.APIResponse: 	at okhttp3.internal.connection.ConnectInterceptor.intercept(ConnectInterceptor.java:43)
08-04 13:59:04.282 27753 30740 E baseline.com.newsblur.network.APIResponse: 	at okhttp3.internal.http.RealInterceptorChain.proceed(RealInterceptorChain.java:142)
08-04 13:59:04.282 27753 30740 E baseline.com.newsblur.network.APIResponse: 	at okhttp3.internal.http.RealInterceptorChain.proceed(RealInterceptorChain.java:117)
08-04 13:59:04.282 27753 30740 E baseline.com.newsblur.network.APIResponse: 	at okhttp3.internal.cache.CacheInterceptor.intercept(CacheInterceptor.java:94)
08-04 13:59:04.282 27753 30740 E baseline.com.newsblur.network.APIResponse: 	at okhttp3.internal.http.RealInterceptorChain.proceed(RealInterceptorChain.java:142)
08-04 13:59:04.282 27753 30740 E baseline.com.newsblur.network.APIResponse: 	at okhttp3.internal.http.RealInterceptorChain.proceed(RealInterceptorChain.java:117)
08-04 13:59:04.282 27753 30740 E baseline.com.newsblur.network.APIResponse: 	at okhttp3.internal.http.BridgeInterceptor.intercept(BridgeInterceptor.java:93)
08-04 13:59:04.282 27753 30740 E baseline.com.newsblur.network.APIResponse: 	at okhttp3.internal.http.RealInterceptorChain.proceed(RealInterceptorChain.java:142)
08-04 13:59:04.282 27753 30740 E baseline.com.newsblur.network.APIResponse: 	at okhttp3.internal.http.RetryAndFollowUpInterceptor.intercept(RetryAndFollowUpInterceptor.java:88)
08-04 13:59:04.282 27753 30740 E baseline.com.newsblur.network.APIResponse: 	at okhttp3.internal.http.RealInterceptorChain.proceed(RealInterceptorChain.java:142)
08-04 13:59:04.282 27753 30740 E baseline.com.newsblur.network.APIResponse: 	at okhttp3.internal.http.RealInterceptorChain.proceed(RealInterceptorChain.java:117)
08-04 13:59:04.282 27753 30740 E baseline.com.newsblur.network.APIResponse: 	at okhttp3.RealCall.getResponseWithInterceptorChain(RealCall.java:229)
08-04 13:59:04.282 27753 30740 E baseline.com.newsblur.network.APIResponse: 	at okhttp3.RealCall.execute(RealCall.java:81)
08-04 13:59:04.282 27753 30740 E baseline.com.newsblur.network.APIResponse: 	at baseline.com.newsblur.network.APIResponse.<init>(APIResponse.java:57)
08-04 13:59:04.282 27753 30740 E baseline.com.newsblur.network.APIResponse: 	at baseline.com.newsblur.network.APIResponse.<init>(APIResponse.java:43)
08-04 13:59:04.282 27753 30740 E baseline.com.newsblur.network.APIResponse: 	at baseline.com.newsblur.network.APIManager.post_single(APIManager.java:702)
08-04 13:59:04.282 27753 30740 E baseline.com.newsblur.network.APIResponse: 	at baseline.com.newsblur.network.APIManager.post(APIManager.java:675)
08-04 13:59:04.282 27753 30740 E baseline.com.newsblur.network.APIResponse: 	at baseline.com.newsblur.network.APIManager.post(APIManager.java:714)
08-04 13:59:04.282 27753 30740 E baseline.com.newsblur.network.APIResponse: 	at baseline.com.newsblur.network.APIManager.markStoryAsRead(APIManager.java:205)
08-04 13:59:04.282 27753 30740 E baseline.com.newsblur.network.APIResponse: 	at baseline.com.newsblur.util.ReadingAction.doRemote(ReadingAction.java:281)
08-04 13:59:04.282 27753 30740 E baseline.com.newsblur.network.APIResponse: 	at baseline.com.newsblur.service.NBSyncService.syncActions(NBSyncService.java:400)
08-04 13:59:04.282 27753 30740 E baseline.com.newsblur.network.APIResponse: 	at baseline.com.newsblur.service.NBSyncService.doSync(NBSyncService.java:298)
08-04 13:59:04.282 27753 30740 E baseline.com.newsblur.network.APIResponse: 	at baseline.com.newsblur.service.NBSyncService.access$100(NBSyncService.java:67)
08-04 13:59:04.282 27753 30740 E baseline.com.newsblur.network.APIResponse: 	at baseline.com.newsblur.service.NBSyncService$1.run(NBSyncService.java:188)
08-04 13:59:04.282 27753 30740 E baseline.com.newsblur.network.APIResponse: 	at java.util.concurrent.ThreadPoolExecutor.runWorker(ThreadPoolExecutor.java:1113)
08-04 13:59:04.282 27753 30740 E baseline.com.newsblur.network.APIResponse: 	at java.util.concurrent.ThreadPoolExecutor$Worker.run(ThreadPoolExecutor.java:588)
08-04 13:59:04.282 27753 30740 E baseline.com.newsblur.network.APIResponse: 	at java.lang.Thread.run(Thread.java:818)
08-04 13:59:04.282 27753 30740 E baseline.com.newsblur.network.APIResponse: Caused by: java.io.EOFException: \n not found: limit=0 content=
08-04 13:59:04.282 27753 30740 E baseline.com.newsblur.network.APIResponse: 	at okio.RealBufferedSource.readUtf8LineStrict(RealBufferedSource.java:240)
08-04 13:59:04.282 27753 30740 E baseline.com.newsblur.network.APIResponse: 	at okhttp3.internal.http1.Http1ExchangeCodec.readHeaderLine(Http1ExchangeCodec.java:242)
08-04 13:59:04.282 27753 30740 E baseline.com.newsblur.network.APIResponse: 	at okhttp3.internal.http1.Http1ExchangeCodec.readResponseHeaders(Http1ExchangeCodec.java:213)
08-04 13:59:04.282 27753 30740 E baseline.com.newsblur.network.APIResponse: 	... 30 more
08-04 13:59:04.284 27753 30740 I baseline.com.newsblur.network.APIManager: API call failed, pausing before retry number 2
08-04 13:59:04.617 27753 27764 I art     : Starting a blocking GC Explicit
08-04 13:59:04.654 27753 27764 I art     : Explicit concurrent mark sweep GC freed 2294(292KB) AllocSpace objects, 3(60KB) LOS objects, 29% free, 37MB/53MB, paused 1.092ms total 36.054ms
08-04 13:59:04.665 27753 27764 I art     : Starting a blocking GC Explicit
08-04 13:59:04.694 27753 27764 I art     : Explicit concurrent mark sweep GC freed 66(2480B) AllocSpace objects, 0(0B) LOS objects, 29% free, 37MB/53MB, paused 821us total 28.741ms
08-04 13:59:04.704 27753 27764 I art     : Starting a blocking GC Explicit
08-04 13:59:04.735 27753 27764 I art     : Explicit concurrent mark sweep GC freed 3(96B) AllocSpace objects, 0(0B) LOS objects, 29% free, 37MB/53MB, paused 974us total 31.008ms
08-04 13:59:04.745 27753 27764 I art     : Starting a blocking GC Explicit
08-04 13:59:04.778 27753 27764 I art     : Explicit concurrent mark sweep GC freed 3(96B) AllocSpace objects, 0(0B) LOS objects, 29% free, 37MB/53MB, paused 874us total 32.931ms
08-04 13:59:04.789 27753 27764 I art     : Starting a blocking GC Explicit
08-04 13:59:04.823 27753 27764 I art     : Explicit concurrent mark sweep GC freed 3(96B) AllocSpace objects, 0(0B) LOS objects, 29% free, 37MB/53MB, paused 1.034ms total 33.634ms
08-04 13:59:04.962   518   646 I ThermalEngine: ACTION: GPU - Setting GPU[0] to 450000000
08-04 13:59:05.188 27753 27765 I art     : Starting a blocking GC Explicit
08-04 13:59:05.232 27753 27765 I art     : Explicit concurrent mark sweep GC freed 1440(83KB) AllocSpace objects, 1(20KB) LOS objects, 29% free, 37MB/53MB, paused 1.130ms total 43.661ms
08-04 13:59:05.246 27753 27765 I art     : Starting a blocking GC Explicit
08-04 13:59:05.288 27753 27765 I art     : Explicit concurrent mark sweep GC freed 22(800B) AllocSpace objects, 0(0B) LOS objects, 29% free, 37MB/53MB, paused 1.551ms total 41.804ms
08-04 13:59:05.301 27753 27765 I art     : Starting a blocking GC Explicit
08-04 13:59:05.343 27753 27765 I art     : Explicit concurrent mark sweep GC freed 3(96B) AllocSpace objects, 0(0B) LOS objects, 29% free, 37MB/53MB, paused 1.277ms total 41.464ms
08-04 13:59:05.355 27753 27765 I art     : Starting a blocking GC Explicit
08-04 13:59:05.397 27753 27765 I art     : Explicit concurrent mark sweep GC freed 3(96B) AllocSpace objects, 0(0B) LOS objects, 29% free, 37MB/53MB, paused 1.226ms total 41.859ms
08-04 13:59:05.411 27753 27765 I art     : Starting a blocking GC Explicit
08-04 13:59:05.452 27753 27765 I art     : Explicit concurrent mark sweep GC freed 3(96B) AllocSpace objects, 0(0B) LOS objects, 29% free, 37MB/53MB, paused 1.260ms total 41.190ms
08-04 13:59:05.781 27753 27765 I art     : Starting a blocking GC Explicit
08-04 13:59:05.824 27753 27765 I art     : Explicit concurrent mark sweep GC freed 1439(82KB) AllocSpace objects, 1(20KB) LOS objects, 29% free, 37MB/53MB, paused 1.359ms total 41.947ms
08-04 13:59:05.837 27753 27765 I art     : Starting a blocking GC Explicit
08-04 13:59:05.876 27753 27765 I art     : Explicit concurrent mark sweep GC freed 22(784B) AllocSpace objects, 0(0B) LOS objects, 29% free, 37MB/53MB, paused 1.225ms total 38.677ms
08-04 13:59:05.889 27753 27765 I art     : Starting a blocking GC Explicit
08-04 13:59:05.930 27753 27765 I art     : Explicit concurrent mark sweep GC freed 3(96B) AllocSpace objects, 0(0B) LOS objects, 29% free, 37MB/53MB, paused 1.207ms total 40.877ms
08-04 13:59:05.943 27753 27765 I art     : Starting a blocking GC Explicit
08-04 13:59:05.984 27753 27765 I art     : Explicit concurrent mark sweep GC freed 3(96B) AllocSpace objects, 0(0B) LOS objects, 29% free, 37MB/53MB, paused 1.205ms total 40.721ms
08-04 13:59:05.998 27753 27765 I art     : Starting a blocking GC Explicit
08-04 13:59:06.039 27753 27765 I art     : Explicit concurrent mark sweep GC freed 3(96B) AllocSpace objects, 0(0B) LOS objects, 29% free, 37MB/53MB, paused 1.390ms total 41.218ms
08-04 13:59:06.091 30816 30816 D AndroidRuntime: >>>>>> START com.android.internal.os.RuntimeInit uid 2000 <<<<<<
08-04 13:59:06.097 30816 30816 D AndroidRuntime: CheckJNI is OFF
08-04 13:59:06.138 30816 30816 D ICU     : No timezone override file found: /data/misc/zoneinfo/current/icu/icu_tzdata.dat
08-04 13:59:06.183 30816 30816 I Radio-JNI: register_android_hardware_Radio DONE
08-04 13:59:06.211 30816 30816 D AndroidRuntime: Calling main entry com.android.commands.input.Input
08-04 13:59:06.214 30816 30816 I Input   : injectKeyEvent: KeyEvent { action=ACTION_DOWN, keyCode=KEYCODE_BACK, scanCode=0, metaState=0, flags=0x0, repeatCount=0, eventTime=712762626, downTime=712762626, deviceId=-1, source=0x101 }
08-04 13:59:06.220 30816 30816 I Input   : injectKeyEvent: KeyEvent { action=ACTION_UP, keyCode=KEYCODE_BACK, scanCode=0, metaState=0, flags=0x0, repeatCount=0, eventTime=712762626, downTime=712762626, deviceId=-1, source=0x101 }
08-04 13:59:06.227 30816 30816 D AndroidRuntime: Shutting down VM
08-04 13:59:06.385 13866 13866 I GoogleInputMethodServic: GoogleInputMethodService.onFinishInput():3138 
08-04 13:59:06.387 13866 13866 I GoogleInputMethodServic: GoogleInputMethodService.onStartInput():1808 
08-04 13:59:06.388 27753 27764 I art     : Starting a blocking GC Explicit
08-04 13:59:06.433 27753 27764 I art     : Explicit concurrent mark sweep GC freed 2842(224KB) AllocSpace objects, 5(100KB) LOS objects, 29% free, 37MB/53MB, paused 1.385ms total 43.782ms
08-04 13:59:06.446 27753 27764 I art     : Starting a blocking GC Explicit
08-04 13:59:06.492 27753 27764 I art     : Explicit concurrent mark sweep GC freed 779(58KB) AllocSpace objects, 1(20KB) LOS objects, 29% free, 37MB/53MB, paused 1.269ms total 45.476ms
08-04 13:59:06.504 27753 27764 I art     : Starting a blocking GC Explicit
08-04 13:59:06.541 27753 27764 I art     : Explicit concurrent mark sweep GC freed 25(1088B) AllocSpace objects, 1(28KB) LOS objects, 29% free, 37MB/53MB, paused 1.261ms total 36.369ms
08-04 13:59:06.553 27753 27764 I art     : Starting a blocking GC Explicit
08-04 13:59:06.596 27753 27764 I art     : Explicit concurrent mark sweep GC freed 3(96B) AllocSpace objects, 0(0B) LOS objects, 29% free, 37MB/53MB, paused 1.367ms total 43.014ms
08-04 13:59:06.612 27753 27764 I art     : Starting a blocking GC Explicit
08-04 13:59:06.659 27753 27764 I art     : Explicit concurrent mark sweep GC freed 3(96B) AllocSpace objects, 0(0B) LOS objects, 29% free, 37MB/53MB, paused 1.137ms total 47.504ms
08-04 13:59:07.021 27753 29836 I art     : Starting a blocking GC Explicit
08-04 13:59:07.070 27753 29836 I art     : Explicit concurrent mark sweep GC freed 3150(163KB) AllocSpace objects, 1(20KB) LOS objects, 29% free, 37MB/53MB, paused 1.625ms total 48.028ms
08-04 13:59:07.084 27753 29836 I art     : Starting a blocking GC Explicit
08-04 13:59:07.127 27753 29836 I art     : Explicit concurrent mark sweep GC freed 155(7KB) AllocSpace objects, 0(0B) LOS objects, 29% free, 37MB/53MB, paused 1.171ms total 43.039ms
08-04 13:59:07.141 27753 29836 I art     : Starting a blocking GC Explicit
08-04 13:59:07.184 27753 29836 I art     : Explicit concurrent mark sweep GC freed 11(352B) AllocSpace objects, 0(0B) LOS objects, 29% free, 37MB/53MB, paused 1.373ms total 43.017ms
08-04 13:59:07.198 27753 29836 I art     : Starting a blocking GC Explicit
08-04 13:59:07.241 27753 29836 I art     : Explicit concurrent mark sweep GC freed 9(288B) AllocSpace objects, 0(0B) LOS objects, 29% free, 37MB/53MB, paused 1.249ms total 42.987ms
08-04 13:59:07.255 27753 29836 I art     : Starting a blocking GC Explicit
08-04 13:59:07.299 27753 29836 I art     : Explicit concurrent mark sweep GC freed 102(3KB) AllocSpace objects, 0(0B) LOS objects, 29% free, 37MB/53MB, paused 1.461ms total 43.518ms
08-04 13:59:07.637 27753 27765 I art     : Starting a blocking GC Explicit
08-04 13:59:07.676 27753 27765 I art     : Explicit concurrent mark sweep GC freed 1562(89KB) AllocSpace objects, 1(20KB) LOS objects, 29% free, 37MB/53MB, paused 1.293ms total 38.659ms
08-04 13:59:07.690 27753 27765 I art     : Starting a blocking GC Explicit
08-04 13:59:07.733 27753 27765 I art     : Explicit concurrent mark sweep GC freed 30(1040B) AllocSpace objects, 0(0B) LOS objects, 29% free, 37MB/53MB, paused 1.442ms total 42.809ms
08-04 13:59:07.747 27753 27765 I art     : Starting a blocking GC Explicit
08-04 13:59:07.791 27753 27765 I art     : Explicit concurrent mark sweep GC freed 23(736B) AllocSpace objects, 0(0B) LOS objects, 29% free, 37MB/53MB, paused 1.393ms total 44.078ms
08-04 13:59:07.804 27753 27765 I art     : Starting a blocking GC Explicit
08-04 13:59:07.846 27753 27765 I art     : Explicit concurrent mark sweep GC freed 1666(64KB) AllocSpace objects, 0(0B) LOS objects, 29% free, 37MB/53MB, paused 1.225ms total 41.094ms
08-04 13:59:07.855 27753 30740 E baseline.com.newsblur.network.APIResponse: Error (unexpected end of stream on https://www.newsblur.com/...) calling https://www.newsblur.com/reader/mark_story_hashes_as_read/
08-04 13:59:07.855 27753 30740 E baseline.com.newsblur.network.APIResponse: java.io.IOException: unexpected end of stream on https://www.newsblur.com/...
08-04 13:59:07.855 27753 30740 E baseline.com.newsblur.network.APIResponse: 	at okhttp3.internal.http1.Http1ExchangeCodec.readResponseHeaders(Http1ExchangeCodec.java:236)
08-04 13:59:07.855 27753 30740 E baseline.com.newsblur.network.APIResponse: 	at okhttp3.internal.connection.Exchange.readResponseHeaders(Exchange.java:115)
08-04 13:59:07.855 27753 30740 E baseline.com.newsblur.network.APIResponse: 	at okhttp3.internal.http.CallServerInterceptor.intercept(CallServerInterceptor.java:94)
08-04 13:59:07.855 27753 30740 E baseline.com.newsblur.network.APIResponse: 	at okhttp3.internal.http.RealInterceptorChain.proceed(RealInterceptorChain.java:142)
08-04 13:59:07.855 27753 30740 E baseline.com.newsblur.network.APIResponse: 	at okhttp3.internal.connection.ConnectInterceptor.intercept(ConnectInterceptor.java:43)
08-04 13:59:07.855 27753 30740 E baseline.com.newsblur.network.APIResponse: 	at okhttp3.internal.http.RealInterceptorChain.proceed(RealInterceptorChain.java:142)
08-04 13:59:07.855 27753 30740 E baseline.com.newsblur.network.APIResponse: 	at okhttp3.internal.http.RealInterceptorChain.proceed(RealInterceptorChain.java:117)
08-04 13:59:07.855 27753 30740 E baseline.com.newsblur.network.APIResponse: 	at okhttp3.internal.cache.CacheInterceptor.intercept(CacheInterceptor.java:94)
08-04 13:59:07.855 27753 30740 E baseline.com.newsblur.network.APIResponse: 	at okhttp3.internal.http.RealInterceptorChain.proceed(RealInterceptorChain.java:142)
08-04 13:59:07.855 27753 30740 E baseline.com.newsblur.network.APIResponse: 	at okhttp3.internal.http.RealInterceptorChain.proceed(RealInterceptorChain.java:117)
08-04 13:59:07.855 27753 30740 E baseline.com.newsblur.network.APIResponse: 	at okhttp3.internal.http.BridgeInterceptor.intercept(BridgeInterceptor.java:93)
08-04 13:59:07.855 27753 30740 E baseline.com.newsblur.network.APIResponse: 	at okhttp3.internal.http.RealInterceptorChain.proceed(RealInterceptorChain.java:142)
08-04 13:59:07.855 27753 30740 E baseline.com.newsblur.network.APIResponse: 	at okhttp3.internal.http.RetryAndFollowUpInterceptor.intercept(RetryAndFollowUpInterceptor.java:88)
08-04 13:59:07.855 27753 30740 E baseline.com.newsblur.network.APIResponse: 	at okhttp3.internal.http.RealInterceptorChain.proceed(RealInterceptorChain.java:142)
08-04 13:59:07.855 27753 30740 E baseline.com.newsblur.network.APIResponse: 	at okhttp3.internal.http.RealInterceptorChain.proceed(RealInterceptorChain.java:117)
08-04 13:59:07.855 27753 30740 E baseline.com.newsblur.network.APIResponse: 	at okhttp3.RealCall.getResponseWithInterceptorChain(RealCall.java:229)
08-04 13:59:07.855 27753 30740 E baseline.com.newsblur.network.APIResponse: 	at okhttp3.RealCall.execute(RealCall.java:81)
08-04 13:59:07.855 27753 30740 E baseline.com.newsblur.network.APIResponse: 	at baseline.com.newsblur.network.APIResponse.<init>(APIResponse.java:57)
08-04 13:59:07.855 27753 30740 E baseline.com.newsblur.network.APIResponse: 	at baseline.com.newsblur.network.APIResponse.<init>(APIResponse.java:43)
08-04 13:59:07.855 27753 30740 E baseline.com.newsblur.network.APIResponse: 	at baseline.com.newsblur.network.APIManager.post_single(APIManager.java:702)
08-04 13:59:07.855 27753 30740 E baseline.com.newsblur.network.APIResponse: 	at baseline.com.newsblur.network.APIManager.post(APIManager.java:675)
08-04 13:59:07.855 27753 30740 E baseline.com.newsblur.network.APIResponse: 	at baseline.com.newsblur.network.APIManager.post(APIManager.java:714)
08-04 13:59:07.855 27753 30740 E baseline.com.newsblur.network.APIResponse: 	at baseline.com.newsblur.network.APIManager.markStoryAsRead(APIManager.java:205)
08-04 13:59:07.855 27753 30740 E baseline.com.newsblur.network.APIResponse: 	at baseline.com.newsblur.util.ReadingAction.doRemote(ReadingAction.java:281)
08-04 13:59:07.855 27753 30740 E baseline.com.newsblur.network.APIResponse: 	at baseline.com.newsblur.service.NBSyncService.syncActions(NBSyncService.java:400)
08-04 13:59:07.855 27753 30740 E baseline.com.newsblur.network.APIResponse: 	at baseline.com.newsblur.service.NBSyncService.doSync(NBSyncService.java:298)
08-04 13:59:07.855 27753 30740 E baseline.com.newsblur.network.APIResponse: 	at baseline.com.newsblur.service.NBSyncService.access$100(NBSyncService.java:67)
08-04 13:59:07.855 27753 30740 E baseline.com.newsblur.network.APIResponse: 	at baseline.com.newsblur.service.NBSyncService$1.run(NBSyncService.java:188)
08-04 13:59:07.855 27753 30740 E baseline.com.newsblur.network.APIResponse: 	at java.util.concurrent.ThreadPoolExecutor.runWorker(ThreadPoolExecutor.java:1113)
08-04 13:59:07.855 27753 30740 E baseline.com.newsblur.network.APIResponse: 	at java.util.concurrent.ThreadPoolExecutor$Worker.run(ThreadPoolExecutor.java:588)
08-04 13:59:07.855 27753 30740 E baseline.com.newsblur.network.APIResponse: 	at java.lang.Thread.run(Thread.java:818)
08-04 13:59:07.855 27753 30740 E baseline.com.newsblur.network.APIResponse: Caused by: java.io.EOFException: \n not found: limit=0 content=
08-04 13:59:07.855 27753 30740 E baseline.com.newsblur.network.APIResponse: 	at okio.RealBufferedSource.readUtf8LineStrict(RealBufferedSource.java:240)
08-04 13:59:07.855 27753 30740 E baseline.com.newsblur.network.APIResponse: 	at okhttp3.internal.http1.Http1ExchangeCodec.readHeaderLine(Http1ExchangeCodec.java:242)
08-04 13:59:07.855 27753 30740 E baseline.com.newsblur.network.APIResponse: 	at okhttp3.internal.http1.Http1ExchangeCodec.readResponseHeaders(Http1ExchangeCodec.java:213)
08-04 13:59:07.855 27753 30740 E baseline.com.newsblur.network.APIResponse: 	... 30 more
08-04 13:59:07.856 27753 30740 I baseline.com.newsblur.service.NBSyncService: Holding reading action with server-side or network error.
08-04 13:59:07.858 27753 27765 I art     : Starting a blocking GC Explicit
08-04 13:59:07.870 27753 30740 W baseline.com.newsblur.service.NBSyncService: hard API failure
08-04 13:59:07.899 27753 27765 I art     : Explicit concurrent mark sweep GC freed 1276(252KB) AllocSpace objects, 4(80KB) LOS objects, 29% free, 37MB/53MB, paused 1.438ms total 40.798ms
08-04 13:59:08.012 30862 30862 D AndroidRuntime: >>>>>> START com.android.internal.os.RuntimeInit uid 2000 <<<<<<
08-04 13:59:08.019 30862 30862 D AndroidRuntime: CheckJNI is OFF
08-04 13:59:08.060 30862 30862 D ICU     : No timezone override file found: /data/misc/zoneinfo/current/icu/icu_tzdata.dat
08-04 13:59:08.101 30862 30862 I Radio-JNI: register_android_hardware_Radio DONE
08-04 13:59:08.130 30862 30862 D AndroidRuntime: Calling main entry com.android.commands.input.Input
08-04 13:59:08.131 30862 30862 I Input   : injectKeyEvent: KeyEvent { action=ACTION_DOWN, keyCode=KEYCODE_BACK, scanCode=0, metaState=0, flags=0x0, repeatCount=0, eventTime=712764544, downTime=712764544, deviceId=-1, source=0x101 }
08-04 13:59:08.138 30862 30862 I Input   : injectKeyEvent: KeyEvent { action=ACTION_UP, keyCode=KEYCODE_BACK, scanCode=0, metaState=0, flags=0x0, repeatCount=0, eventTime=712764544, downTime=712764544, deviceId=-1, source=0x101 }
08-04 13:59:08.145 30862 30862 D AndroidRuntime: Shutting down VM
08-04 13:59:08.258 27753 30740 E baseline.com.newsblur.network.APIResponse: Error (unexpected end of stream on https://www.newsblur.com/...) calling https://www.newsblur.com/reader/mark_story_hashes_as_read/
08-04 13:59:08.258 27753 30740 E baseline.com.newsblur.network.APIResponse: java.io.IOException: unexpected end of stream on https://www.newsblur.com/...
08-04 13:59:08.258 27753 30740 E baseline.com.newsblur.network.APIResponse: 	at okhttp3.internal.http1.Http1ExchangeCodec.readResponseHeaders(Http1ExchangeCodec.java:236)
08-04 13:59:08.258 27753 30740 E baseline.com.newsblur.network.APIResponse: 	at okhttp3.internal.connection.Exchange.readResponseHeaders(Exchange.java:115)
08-04 13:59:08.258 27753 30740 E baseline.com.newsblur.network.APIResponse: 	at okhttp3.internal.http.CallServerInterceptor.intercept(CallServerInterceptor.java:94)
08-04 13:59:08.258 27753 30740 E baseline.com.newsblur.network.APIResponse: 	at okhttp3.internal.http.RealInterceptorChain.proceed(RealInterceptorChain.java:142)
08-04 13:59:08.258 27753 30740 E baseline.com.newsblur.network.APIResponse: 	at okhttp3.internal.connection.ConnectInterceptor.intercept(ConnectInterceptor.java:43)
08-04 13:59:08.258 27753 30740 E baseline.com.newsblur.network.APIResponse: 	at okhttp3.internal.http.RealInterceptorChain.proceed(RealInterceptorChain.java:142)
08-04 13:59:08.258 27753 30740 E baseline.com.newsblur.network.APIResponse: 	at okhttp3.internal.http.RealInterceptorChain.proceed(RealInterceptorChain.java:117)
08-04 13:59:08.258 27753 30740 E baseline.com.newsblur.network.APIResponse: 	at okhttp3.internal.cache.CacheInterceptor.intercept(CacheInterceptor.java:94)
08-04 13:59:08.258 27753 30740 E baseline.com.newsblur.network.APIResponse: 	at okhttp3.internal.http.RealInterceptorChain.proceed(RealInterceptorChain.java:142)
08-04 13:59:08.258 27753 30740 E baseline.com.newsblur.network.APIResponse: 	at okhttp3.internal.http.RealInterceptorChain.proceed(RealInterceptorChain.java:117)
08-04 13:59:08.258 27753 30740 E baseline.com.newsblur.network.APIResponse: 	at okhttp3.internal.http.BridgeInterceptor.intercept(BridgeInterceptor.java:93)
08-04 13:59:08.258 27753 30740 E baseline.com.newsblur.network.APIResponse: 	at okhttp3.internal.http.RealInterceptorChain.proceed(RealInterceptorChain.java:142)
08-04 13:59:08.258 27753 30740 E baseline.com.newsblur.network.APIResponse: 	at okhttp3.internal.http.RetryAndFollowUpInterceptor.intercept(RetryAndFollowUpInterceptor.java:88)
08-04 13:59:08.258 27753 30740 E baseline.com.newsblur.network.APIResponse: 	at okhttp3.internal.http.RealInterceptorChain.proceed(RealInterceptorChain.java:142)
08-04 13:59:08.258 27753 30740 E baseline.com.newsblur.network.APIResponse: 	at okhttp3.internal.http.RealInterceptorChain.proceed(RealInterceptorChain.java:117)
08-04 13:59:08.258 27753 30740 E baseline.com.newsblur.network.APIResponse: 	at okhttp3.RealCall.getResponseWithInterceptorChain(RealCall.java:229)
08-04 13:59:08.258 27753 30740 E baseline.com.newsblur.network.APIResponse: 	at okhttp3.RealCall.execute(RealCall.java:81)
08-04 13:59:08.258 27753 30740 E baseline.com.newsblur.network.APIResponse: 	at baseline.com.newsblur.network.APIResponse.<init>(APIResponse.java:57)
08-04 13:59:08.258 27753 30740 E baseline.com.newsblur.network.APIResponse: 	at baseline.com.newsblur.network.APIResponse.<init>(APIResponse.java:43)
08-04 13:59:08.258 27753 30740 E baseline.com.newsblur.network.APIResponse: 	at baseline.com.newsblur.network.APIManager.post_single(APIManager.java:702)
08-04 13:59:08.258 27753 30740 E baseline.com.newsblur.network.APIResponse: 	at baseline.com.newsblur.network.APIManager.post(APIManager.java:675)
08-04 13:59:08.258 27753 30740 E baseline.com.newsblur.network.APIResponse: 	at baseline.com.newsblur.network.APIManager.post(APIManager.java:714)
08-04 13:59:08.258 27753 30740 E baseline.com.newsblur.network.APIResponse: 	at baseline.com.newsblur.network.APIManager.markStoryAsRead(APIManager.java:205)
08-04 13:59:08.258 27753 30740 E baseline.com.newsblur.network.APIResponse: 	at baseline.com.newsblur.util.ReadingAction.doRemote(ReadingAction.java:281)
08-04 13:59:08.258 27753 30740 E baseline.com.newsblur.network.APIResponse: 	at baseline.com.newsblur.service.NBSyncService.syncActions(NBSyncService.java:400)
08-04 13:59:08.258 27753 30740 E baseline.com.newsblur.network.APIResponse: 	at baseline.com.newsblur.service.NBSyncService.doSync(NBSyncService.java:298)
08-04 13:59:08.258 27753 30740 E baseline.com.newsblur.network.APIResponse: 	at baseline.com.newsblur.service.NBSyncService.access$100(NBSyncService.java:67)
08-04 13:59:08.258 27753 30740 E baseline.com.newsblur.network.APIResponse: 	at baseline.com.newsblur.service.NBSyncService$1.run(NBSyncService.java:188)
08-04 13:59:08.258 27753 30740 E baseline.com.newsblur.network.APIResponse: 	at java.util.concurrent.ThreadPoolExecutor.runWorker(ThreadPoolExecutor.java:1113)
08-04 13:59:08.258 27753 30740 E baseline.com.newsblur.network.APIResponse: 	at java.util.concurrent.ThreadPoolExecutor$Worker.run(ThreadPoolExecutor.java:588)
08-04 13:59:08.258 27753 30740 E baseline.com.newsblur.network.APIResponse: 	at java.lang.Thread.run(Thread.java:818)
08-04 13:59:08.258 27753 30740 E baseline.com.newsblur.network.APIResponse: Caused by: java.io.EOFException: \n not found: limit=0 content=
08-04 13:59:08.258 27753 30740 E baseline.com.newsblur.network.APIResponse: 	at okio.RealBufferedSource.readUtf8LineStrict(RealBufferedSource.java:240)
08-04 13:59:08.258 27753 30740 E baseline.com.newsblur.network.APIResponse: 	at okhttp3.internal.http1.Http1ExchangeCodec.readHeaderLine(Http1ExchangeCodec.java:242)
08-04 13:59:08.258 27753 30740 E baseline.com.newsblur.network.APIResponse: 	at okhttp3.internal.http1.Http1ExchangeCodec.readResponseHeaders(Http1ExchangeCodec.java:213)
08-04 13:59:08.258 27753 30740 E baseline.com.newsblur.network.APIResponse: 	... 30 more
08-04 13:59:08.260 27753 30740 I baseline.com.newsblur.network.APIManager: API call failed, pausing before retry number 1
08-04 13:59:08.265 27753 27765 I art     : Starting a blocking GC Explicit
08-04 13:59:08.307 27753 27765 I art     : Explicit concurrent mark sweep GC freed 6479(581KB) AllocSpace objects, 11(220KB) LOS objects, 29% free, 37MB/53MB, paused 1.240ms total 41.841ms
08-04 13:59:08.319 27753 27765 I art     : Starting a blocking GC Explicit
08-04 13:59:08.350 13866 13866 I GoogleInputMethodServic: GoogleInputMethodService.onFinishInput():3138 
08-04 13:59:08.351 13866 13866 I GoogleInputMethodServic: GoogleInputMethodService.onStartInput():1808 
08-04 13:59:08.360 27753 27765 I art     : Explicit concurrent mark sweep GC freed 5861(363KB) AllocSpace objects, 4(80KB) LOS objects, 29% free, 37MB/53MB, paused 1.428ms total 40.331ms
08-04 13:59:08.374 27753 27765 I art     : Starting a blocking GC Explicit
08-04 13:59:08.413 27753 27765 I art     : Explicit concurrent mark sweep GC freed 210(12KB) AllocSpace objects, 0(0B) LOS objects, 29% free, 37MB/53MB, paused 1.239ms total 38.957ms
08-04 13:59:08.425 27753 27765 I art     : Starting a blocking GC Explicit
08-04 13:59:08.463 27753 27765 I art     : Explicit concurrent mark sweep GC freed 7(256B) AllocSpace objects, 0(0B) LOS objects, 29% free, 37MB/53MB, paused 1.203ms total 38.034ms
08-04 13:59:08.475 27753 27765 I art     : Starting a blocking GC Explicit
08-04 13:59:08.514 27753 27765 I art     : Explicit concurrent mark sweep GC freed 3(96B) AllocSpace objects, 0(0B) LOS objects, 29% free, 37MB/53MB, paused 1.238ms total 38.493ms
08-04 13:59:08.867 27753 27764 I art     : Starting a blocking GC Explicit
08-04 13:59:08.910 27753 27764 I art     : Explicit concurrent mark sweep GC freed 1906(103KB) AllocSpace objects, 1(20KB) LOS objects, 29% free, 37MB/53MB, paused 1.323ms total 42.919ms
08-04 13:59:08.924 27753 27764 I art     : Starting a blocking GC Explicit
08-04 13:59:08.966 27753 27764 I art     : Explicit concurrent mark sweep GC freed 167(7KB) AllocSpace objects, 0(0B) LOS objects, 29% free, 37MB/53MB, paused 1.185ms total 41.992ms
08-04 13:59:08.980 27753 27764 I art     : Starting a blocking GC Explicit
08-04 13:59:09.021 27753 27764 I art     : Explicit concurrent mark sweep GC freed 9(288B) AllocSpace objects, 0(0B) LOS objects, 29% free, 37MB/53MB, paused 1.574ms total 41.607ms
08-04 13:59:09.034 27753 27764 I art     : Starting a blocking GC Explicit
08-04 13:59:09.076 27753 27764 I art     : Explicit concurrent mark sweep GC freed 9(288B) AllocSpace objects, 0(0B) LOS objects, 29% free, 37MB/53MB, paused 1.305ms total 41.618ms
08-04 13:59:09.089 27753 27764 I art     : Starting a blocking GC Explicit
08-04 13:59:09.132 27753 27764 I art     : Explicit concurrent mark sweep GC freed 10(320B) AllocSpace objects, 0(0B) LOS objects, 29% free, 37MB/53MB, paused 1.212ms total 42.030ms
08-04 13:59:09.477 27753 30054 I art     : Starting a blocking GC Explicit
08-04 13:59:09.521 27753 30054 I art     : Explicit concurrent mark sweep GC freed 1484(84KB) AllocSpace objects, 1(20KB) LOS objects, 29% free, 37MB/53MB, paused 1.398ms total 43.039ms
08-04 13:59:09.534 27753 30054 I art     : Starting a blocking GC Explicit
08-04 13:59:09.575 27753 30054 I art     : Explicit concurrent mark sweep GC freed 27(944B) AllocSpace objects, 0(0B) LOS objects, 29% free, 37MB/53MB, paused 1.302ms total 41.511ms
08-04 13:59:09.588 27753 30054 I art     : Starting a blocking GC Explicit
08-04 13:59:09.629 27753 30054 I art     : Explicit concurrent mark sweep GC freed 9(288B) AllocSpace objects, 0(0B) LOS objects, 29% free, 37MB/53MB, paused 1.302ms total 41.190ms
08-04 13:59:09.643 27753 30054 I art     : Starting a blocking GC Explicit
08-04 13:59:09.682 27753 30054 I art     : Explicit concurrent mark sweep GC freed 11(352B) AllocSpace objects, 0(0B) LOS objects, 29% free, 37MB/53MB, paused 1.202ms total 38.613ms
08-04 13:59:09.694 27753 30054 I art     : Starting a blocking GC Explicit
08-04 13:59:09.736 27753 30054 I art     : Explicit concurrent mark sweep GC freed 9(288B) AllocSpace objects, 0(0B) LOS objects, 29% free, 37MB/53MB, paused 1.268ms total 41.457ms
08-04 13:59:09.926 30913 30913 D AndroidRuntime: >>>>>> START com.android.internal.os.RuntimeInit uid 2000 <<<<<<
08-04 13:59:09.932 30913 30913 D AndroidRuntime: CheckJNI is OFF
08-04 13:59:09.973 30913 30913 D ICU     : No timezone override file found: /data/misc/zoneinfo/current/icu/icu_tzdata.dat
08-04 13:59:10.014 30913 30913 I Radio-JNI: register_android_hardware_Radio DONE
08-04 13:59:10.043 30913 30913 D AndroidRuntime: Calling main entry com.android.commands.input.Input
08-04 13:59:10.045 30913 30913 I Input   : injectMotionEvent: MotionEvent { action=ACTION_DOWN, actionButton=0, id[0]=0, x[0]=594.0, y[0]=330.0, toolType[0]=TOOL_TYPE_UNKNOWN, buttonState=0, metaState=0, flags=0x0, edgeFlags=0x0, pointerCount=1, historySize=0, eventTime=712766458, downTime=712766458, deviceId=0, source=0x1002 }
08-04 13:59:10.050 30913 30913 I Input   : injectMotionEvent: MotionEvent { action=ACTION_UP, actionButton=0, id[0]=0, x[0]=594.0, y[0]=330.0, toolType[0]=TOOL_TYPE_UNKNOWN, buttonState=0, metaState=0, flags=0x0, edgeFlags=0x0, pointerCount=1, historySize=0, eventTime=712766458, downTime=712766458, deviceId=0, source=0x1002 }
08-04 13:59:10.052 30913 30913 D AndroidRuntime: Shutting down VM
08-04 13:59:10.101 27753 30054 I art     : Starting a blocking GC Explicit
08-04 13:59:10.118   918  5952 I ActivityManager: START u0 {cmp=baseline.com.newsblur/.activity.GlobalSharedStoriesItemsList (has extras)} from uid 10652 on display 0
08-04 13:59:10.144 27753 30054 I art     : Explicit concurrent mark sweep GC freed 2105(157KB) AllocSpace objects, 2(40KB) LOS objects, 29% free, 37MB/53MB, paused 1.545ms total 42.422ms
08-04 13:59:10.146 27753 30081 I baseline.com.newsblur.database.BlurDatabaseHelper: reading session reset
08-04 13:59:10.156 27753 30054 I art     : Starting a blocking GC Explicit
08-04 13:59:10.197 27753 30054 I art     : Explicit concurrent mark sweep GC freed 1559(129KB) AllocSpace objects, 3(60KB) LOS objects, 29% free, 37MB/53MB, paused 1.370ms total 41.214ms
08-04 13:59:10.209 27753 30054 I art     : Starting a blocking GC Explicit
08-04 13:59:10.251 27753 30054 I art     : Explicit concurrent mark sweep GC freed 241(11KB) AllocSpace objects, 1(112KB) LOS objects, 29% free, 37MB/53MB, paused 1.403ms total 41.727ms
08-04 13:59:10.251 27753 27763 I art     : WaitForGcToComplete blocked for 18.814ms for cause HeapTrim
08-04 13:59:10.264 27753 30054 I art     : Starting a blocking GC Explicit
08-04 13:59:10.306 27753 30054 I art     : Explicit concurrent mark sweep GC freed 2134(106KB) AllocSpace objects, 1(20KB) LOS objects, 29% free, 37MB/53MB, paused 1.445ms total 42.281ms
08-04 13:59:10.314 27753 30740 E baseline.com.newsblur.network.APIResponse: Error (unexpected end of stream on https://www.newsblur.com/...) calling https://www.newsblur.com/reader/mark_story_hashes_as_read/
08-04 13:59:10.314 27753 30740 E baseline.com.newsblur.network.APIResponse: java.io.IOException: unexpected end of stream on https://www.newsblur.com/...
08-04 13:59:10.314 27753 30740 E baseline.com.newsblur.network.APIResponse: 	at okhttp3.internal.http1.Http1ExchangeCodec.readResponseHeaders(Http1ExchangeCodec.java:236)
08-04 13:59:10.314 27753 30740 E baseline.com.newsblur.network.APIResponse: 	at okhttp3.internal.connection.Exchange.readResponseHeaders(Exchange.java:115)
08-04 13:59:10.314 27753 30740 E baseline.com.newsblur.network.APIResponse: 	at okhttp3.internal.http.CallServerInterceptor.intercept(CallServerInterceptor.java:94)
08-04 13:59:10.314 27753 30740 E baseline.com.newsblur.network.APIResponse: 	at okhttp3.internal.http.RealInterceptorChain.proceed(RealInterceptorChain.java:142)
08-04 13:59:10.314 27753 30740 E baseline.com.newsblur.network.APIResponse: 	at okhttp3.internal.connection.ConnectInterceptor.intercept(ConnectInterceptor.java:43)
08-04 13:59:10.314 27753 30740 E baseline.com.newsblur.network.APIResponse: 	at okhttp3.internal.http.RealInterceptorChain.proceed(RealInterceptorChain.java:142)
08-04 13:59:10.314 27753 30740 E baseline.com.newsblur.network.APIResponse: 	at okhttp3.internal.http.RealInterceptorChain.proceed(RealInterceptorChain.java:117)
08-04 13:59:10.314 27753 30740 E baseline.com.newsblur.network.APIResponse: 	at okhttp3.internal.cache.CacheInterceptor.intercept(CacheInterceptor.java:94)
08-04 13:59:10.314 27753 30740 E baseline.com.newsblur.network.APIResponse: 	at okhttp3.internal.http.RealInterceptorChain.proceed(RealInterceptorChain.java:142)
08-04 13:59:10.314 27753 30740 E baseline.com.newsblur.network.APIResponse: 	at okhttp3.internal.http.RealInterceptorChain.proceed(RealInterceptorChain.java:117)
08-04 13:59:10.314 27753 30740 E baseline.com.newsblur.network.APIResponse: 	at okhttp3.internal.http.BridgeInterceptor.intercept(BridgeInterceptor.java:93)
08-04 13:59:10.314 27753 30740 E baseline.com.newsblur.network.APIResponse: 	at okhttp3.internal.http.RealInterceptorChain.proceed(RealInterceptorChain.java:142)
08-04 13:59:10.314 27753 30740 E baseline.com.newsblur.network.APIResponse: 	at okhttp3.internal.http.RetryAndFollowUpInterceptor.intercept(RetryAndFollowUpInterceptor.java:88)
08-04 13:59:10.314 27753 30740 E baseline.com.newsblur.network.APIResponse: 	at okhttp3.internal.http.RealInterceptorChain.proceed(RealInterceptorChain.java:142)
08-04 13:59:10.314 27753 30740 E baseline.com.newsblur.network.APIResponse: 	at okhttp3.internal.http.RealInterceptorChain.proceed(RealInterceptorChain.java:117)
08-04 13:59:10.314 27753 30740 E baseline.com.newsblur.network.APIResponse: 	at okhttp3.RealCall.getResponseWithInterceptorChain(RealCall.java:229)
08-04 13:59:10.314 27753 30740 E baseline.com.newsblur.network.APIResponse: 	at okhttp3.RealCall.execute(RealCall.java:81)
08-04 13:59:10.314 27753 30740 E baseline.com.newsblur.network.APIResponse: 	at baseline.com.newsblur.network.APIResponse.<init>(APIResponse.java:57)
08-04 13:59:10.314 27753 30740 E baseline.com.newsblur.network.APIResponse: 	at baseline.com.newsblur.network.APIResponse.<init>(APIResponse.java:43)
08-04 13:59:10.314 27753 30740 E baseline.com.newsblur.network.APIResponse: 	at baseline.com.newsblur.network.APIManager.post_single(APIManager.java:702)
08-04 13:59:10.314 27753 30740 E baseline.com.newsblur.network.APIResponse: 	at baseline.com.newsblur.network.APIManager.post(APIManager.java:675)
08-04 13:59:10.314 27753 30740 E baseline.com.newsblur.network.APIResponse: 	at baseline.com.newsblur.network.APIManager.post(APIManager.java:714)
08-04 13:59:10.314 27753 30740 E baseline.com.newsblur.network.APIResponse: 	at baseline.com.newsblur.network.APIManager.markStoryAsRead(APIManager.java:205)
08-04 13:59:10.314 27753 30740 E baseline.com.newsblur.network.APIResponse: 	at baseline.com.newsblur.util.ReadingAction.doRemote(ReadingAction.java:281)
08-04 13:59:10.314 27753 30740 E baseline.com.newsblur.network.APIResponse: 	at baseline.com.newsblur.service.NBSyncService.syncActions(NBSyncService.java:400)
08-04 13:59:10.314 27753 30740 E baseline.com.newsblur.network.APIResponse: 	at baseline.com.newsblur.service.NBSyncService.doSync(NBSyncService.java:298)
08-04 13:59:10.314 27753 30740 E baseline.com.newsblur.network.APIResponse: 	at baseline.com.newsblur.service.NBSyncService.access$100(NBSyncService.java:67)
08-04 13:59:10.314 27753 30740 E baseline.com.newsblur.network.APIResponse: 	at baseline.com.newsblur.service.NBSyncService$1.run(NBSyncService.java:188)
08-04 13:59:10.314 27753 30740 E baseline.com.newsblur.network.APIResponse: 	at java.util.concurrent.ThreadPoolExecutor.runWorker(ThreadPoolExecutor.java:1113)
08-04 13:59:10.314 27753 30740 E baseline.com.newsblur.network.APIResponse: 	at java.util.concurrent.ThreadPoolExecutor$Worker.run(ThreadPoolExecutor.java:588)
08-04 13:59:10.314 27753 30740 E baseline.com.newsblur.network.APIResponse: 	at java.lang.Thread.run(Thread.java:818)
08-04 13:59:10.314 27753 30740 E baseline.com.newsblur.network.APIResponse: Caused by: java.io.EOFException: \n not found: limit=0 content=
08-04 13:59:10.314 27753 30740 E baseline.com.newsblur.network.APIResponse: 	at okio.RealBufferedSource.readUtf8LineStrict(RealBufferedSource.java:240)
08-04 13:59:10.314 27753 30740 E baseline.com.newsblur.network.APIResponse: 	at okhttp3.internal.http1.Http1ExchangeCodec.readHeaderLine(Http1ExchangeCodec.java:242)
08-04 13:59:10.314 27753 30740 E baseline.com.newsblur.network.APIResponse: 	at okhttp3.internal.http1.Http1ExchangeCodec.readResponseHeaders(Http1ExchangeCodec.java:213)
08-04 13:59:10.314 27753 30740 E baseline.com.newsblur.network.APIResponse: 	... 30 more
08-04 13:59:10.315 27753 30740 I baseline.com.newsblur.network.APIManager: API call failed, pausing before retry number 2
08-04 13:59:10.319 27753 30054 I art     : Starting a blocking GC Explicit
08-04 13:59:10.334 27753 27753 W View    : requestLayout() improperly called by android.widget.FrameLayout{c53054b V.E...... ......ID 0,0-1440,18 #7f07003f app:id/footer_view_inner} during layout: running second layout pass
08-04 13:59:10.334 27753 27753 W View    : requestLayout() improperly called by android.widget.FrameLayout{df84b28 V.E...... ......ID 0,0-1440,2091 #7f07003f app:id/footer_view_inner} during layout: running second layout pass
08-04 13:59:10.351 13866 13866 I GoogleInputMethodServic: GoogleInputMethodService.onFinishInput():3138 
08-04 13:59:10.351 13866 13866 I GoogleInputMethodServic: GoogleInputMethodService.onStartInput():1808 
08-04 13:59:10.352   918   936 I ActivityManager: Displayed baseline.com.newsblur/.activity.GlobalSharedStoriesItemsList: +221ms
08-04 13:59:10.360 27753 30054 I art     : Explicit concurrent mark sweep GC freed 1380(250KB) AllocSpace objects, 3(60KB) LOS objects, 29% free, 37MB/53MB, paused 1.816ms total 41.257ms
08-04 13:59:10.440 27753 30937 I NAPPA_EXPERIMENTATION: MetricNetworkRequestExecutionTime: REQUEST_DURATION_SYSTEM='28',REQUEST_DURATION_OKHTTP='27',REQUEST_SYNCHRONOUS='TRUE',RESPONSE_CODE='200',RESPONSE_METHOD='GET',RESPONSE_LENGTH_OKHTTP='43',RESPONSE_LENGTH_HEADER='43',REQUEST_PROTOCOL='http/1.1',REQUEST_URL='http://feeds.feedburner.com/~r/retort/~4/UffaFMiJbNs',
08-04 13:59:10.686 27753 30054 I art     : Starting a blocking GC Explicit
08-04 13:59:10.732 27753 30054 I art     : Explicit concurrent mark sweep GC freed 3452(228KB) AllocSpace objects, 9(180KB) LOS objects, 29% free, 37MB/53MB, paused 1.428ms total 45.772ms
08-04 13:59:10.746 27753 30054 I art     : Starting a blocking GC Explicit
08-04 13:59:10.790 27753 30054 I art     : Explicit concurrent mark sweep GC freed 245(10KB) AllocSpace objects, 0(0B) LOS objects, 29% free, 37MB/53MB, paused 1.309ms total 44.077ms
08-04 13:59:10.803 27753 30054 I art     : Starting a blocking GC Explicit
08-04 13:59:10.847 27753 30054 I art     : Explicit concurrent mark sweep GC freed 3(96B) AllocSpace objects, 0(0B) LOS objects, 29% free, 37MB/53MB, paused 1.335ms total 43.733ms
08-04 13:59:10.860 27753 30054 I art     : Starting a blocking GC Explicit
08-04 13:59:10.905 27753 30054 I art     : Explicit concurrent mark sweep GC freed 3(96B) AllocSpace objects, 0(0B) LOS objects, 29% free, 37MB/53MB, paused 1.274ms total 44.866ms
08-04 13:59:10.918 27753 30054 I art     : Starting a blocking GC Explicit
08-04 13:59:10.964 27753 30054 I art     : Explicit concurrent mark sweep GC freed 3(96B) AllocSpace objects, 0(0B) LOS objects, 29% free, 37MB/53MB, paused 1.289ms total 45.430ms
08-04 13:59:11.299 27753 30054 I art     : Starting a blocking GC Explicit
08-04 13:59:11.348 27753 30054 I art     : Explicit concurrent mark sweep GC freed 1439(82KB) AllocSpace objects, 1(20KB) LOS objects, 29% free, 37MB/53MB, paused 1.500ms total 48.967ms
08-04 13:59:11.365 27753 30054 I art     : Starting a blocking GC Explicit
08-04 13:59:11.408 27753 30054 I art     : Explicit concurrent mark sweep GC freed 68(2512B) AllocSpace objects, 0(0B) LOS objects, 29% free, 37MB/53MB, paused 1.482ms total 42.326ms
08-04 13:59:11.420 27753 30054 I art     : Starting a blocking GC Explicit
08-04 13:59:11.464 27753 30054 I art     : Explicit concurrent mark sweep GC freed 3(96B) AllocSpace objects, 0(0B) LOS objects, 29% free, 37MB/53MB, paused 1.315ms total 43.448ms
08-04 13:59:11.476 27753 30054 I art     : Starting a blocking GC Explicit
08-04 13:59:11.521 27753 30054 I art     : Explicit concurrent mark sweep GC freed 6(192B) AllocSpace objects, 0(0B) LOS objects, 29% free, 37MB/53MB, paused 1.380ms total 43.808ms
08-04 13:59:11.534 27753 30054 I art     : Starting a blocking GC Explicit
08-04 13:59:11.579 27753 30054 I art     : Explicit concurrent mark sweep GC freed 9(288B) AllocSpace objects, 0(0B) LOS objects, 29% free, 37MB/53MB, paused 1.296ms total 45.380ms
08-04 13:59:11.936 27753 30054 I art     : Starting a blocking GC Explicit
08-04 13:59:11.987 27753 30054 I art     : Explicit concurrent mark sweep GC freed 1461(83KB) AllocSpace objects, 1(20KB) LOS objects, 29% free, 37MB/53MB, paused 1.414ms total 50.044ms
08-04 13:59:12.002 27753 30054 I art     : Starting a blocking GC Explicit
08-04 13:59:12.048 27753 30054 I art     : Explicit concurrent mark sweep GC freed 22(784B) AllocSpace objects, 0(0B) LOS objects, 29% free, 37MB/53MB, paused 1.351ms total 45.940ms
08-04 13:59:12.061 27753 30054 I art     : Starting a blocking GC Explicit
08-04 13:59:12.109 27753 30054 I art     : Explicit concurrent mark sweep GC freed 3(96B) AllocSpace objects, 0(0B) LOS objects, 29% free, 37MB/53MB, paused 1.432ms total 47.236ms
08-04 13:59:12.122 27753 30054 I art     : Starting a blocking GC Explicit
08-04 13:59:12.170 27753 30054 I art     : Explicit concurrent mark sweep GC freed 3(96B) AllocSpace objects, 0(0B) LOS objects, 29% free, 37MB/53MB, paused 1.425ms total 48.081ms
08-04 13:59:12.183 27753 30054 I art     : Starting a blocking GC Explicit
08-04 13:59:12.232 27753 30054 I art     : Explicit concurrent mark sweep GC freed 3(96B) AllocSpace objects, 0(0B) LOS objects, 29% free, 37MB/53MB, paused 1.351ms total 48.419ms
08-04 13:59:12.612 27753 27765 I art     : Starting a blocking GC Explicit
08-04 13:59:12.663 27753 27765 I art     : Explicit concurrent mark sweep GC freed 1440(83KB) AllocSpace objects, 1(20KB) LOS objects, 29% free, 37MB/53MB, paused 1.379ms total 50.732ms
08-04 13:59:12.680 27753 27765 I art     : Starting a blocking GC Explicit
08-04 13:59:12.728 27753 27765 I art     : Explicit concurrent mark sweep GC freed 22(784B) AllocSpace objects, 0(0B) LOS objects, 29% free, 37MB/53MB, paused 1.511ms total 48.008ms
08-04 13:59:12.741 27753 27765 I art     : Starting a blocking GC Explicit
08-04 13:59:12.789 27753 27765 I art     : Explicit concurrent mark sweep GC freed 3(96B) AllocSpace objects, 0(0B) LOS objects, 29% free, 37MB/53MB, paused 1.379ms total 47.751ms
08-04 13:59:12.802 27753 27765 I art     : Starting a blocking GC Explicit
08-04 13:59:12.850 27753 27765 I art     : Explicit concurrent mark sweep GC freed 3(96B) AllocSpace objects, 0(0B) LOS objects, 29% free, 37MB/53MB, paused 1.504ms total 48.189ms
08-04 13:59:12.864 27753 27765 I art     : Starting a blocking GC Explicit
08-04 13:59:12.913 27753 27765 I art     : Explicit concurrent mark sweep GC freed 3(96B) AllocSpace objects, 0(0B) LOS objects, 29% free, 37MB/53MB, paused 1.297ms total 48.819ms
08-04 13:59:12.976   518   646 I ThermalEngine: ACTION: GPU - Setting GPU[0] to 510000000
08-04 13:59:13.258 27753 27764 I art     : Starting a blocking GC Explicit
08-04 13:59:13.296 27753 27764 I art     : Explicit concurrent mark sweep GC freed 1441(83KB) AllocSpace objects, 1(20KB) LOS objects, 29% free, 37MB/53MB, paused 1.015ms total 37.635ms
08-04 13:59:13.310 27753 27764 I art     : Starting a blocking GC Explicit
08-04 13:59:13.344 27753 27764 I art     : Explicit concurrent mark sweep GC freed 130(5KB) AllocSpace objects, 0(0B) LOS objects, 29% free, 37MB/53MB, paused 1.081ms total 34.615ms
08-04 13:59:13.354 27753 27764 I art     : Starting a blocking GC Explicit
08-04 13:59:13.390 27753 27764 I art     : Explicit concurrent mark sweep GC freed 66(3KB) AllocSpace objects, 0(0B) LOS objects, 29% free, 37MB/53MB, paused 1.065ms total 35.072ms
08-04 13:59:13.400 27753 27764 I art     : Starting a blocking GC Explicit
08-04 13:59:13.435 27753 27764 I art     : Explicit concurrent mark sweep GC freed 3(96B) AllocSpace objects, 0(0B) LOS objects, 29% free, 37MB/53MB, paused 1.083ms total 34.817ms
08-04 13:59:13.445 27753 27764 I art     : Starting a blocking GC Explicit
08-04 13:59:13.482 27753 27764 I art     : Explicit concurrent mark sweep GC freed 3(96B) AllocSpace objects, 0(0B) LOS objects, 29% free, 37MB/53MB, paused 1.063ms total 35.990ms
08-04 13:59:13.785 27753 30740 E baseline.com.newsblur.network.APIResponse: Error (unexpected end of stream on https://www.newsblur.com/...) calling https://www.newsblur.com/reader/mark_story_hashes_as_read/
08-04 13:59:13.785 27753 30740 E baseline.com.newsblur.network.APIResponse: java.io.IOException: unexpected end of stream on https://www.newsblur.com/...
08-04 13:59:13.785 27753 30740 E baseline.com.newsblur.network.APIResponse: 	at okhttp3.internal.http1.Http1ExchangeCodec.readResponseHeaders(Http1ExchangeCodec.java:236)
08-04 13:59:13.785 27753 30740 E baseline.com.newsblur.network.APIResponse: 	at okhttp3.internal.connection.Exchange.readResponseHeaders(Exchange.java:115)
08-04 13:59:13.785 27753 30740 E baseline.com.newsblur.network.APIResponse: 	at okhttp3.internal.http.CallServerInterceptor.intercept(CallServerInterceptor.java:94)
08-04 13:59:13.785 27753 30740 E baseline.com.newsblur.network.APIResponse: 	at okhttp3.internal.http.RealInterceptorChain.proceed(RealInterceptorChain.java:142)
08-04 13:59:13.785 27753 30740 E baseline.com.newsblur.network.APIResponse: 	at okhttp3.internal.connection.ConnectInterceptor.intercept(ConnectInterceptor.java:43)
08-04 13:59:13.785 27753 30740 E baseline.com.newsblur.network.APIResponse: 	at okhttp3.internal.http.RealInterceptorChain.proceed(RealInterceptorChain.java:142)
08-04 13:59:13.785 27753 30740 E baseline.com.newsblur.network.APIResponse: 	at okhttp3.internal.http.RealInterceptorChain.proceed(RealInterceptorChain.java:117)
08-04 13:59:13.785 27753 30740 E baseline.com.newsblur.network.APIResponse: 	at okhttp3.internal.cache.CacheInterceptor.intercept(CacheInterceptor.java:94)
08-04 13:59:13.785 27753 30740 E baseline.com.newsblur.network.APIResponse: 	at okhttp3.internal.http.RealInterceptorChain.proceed(RealInterceptorChain.java:142)
08-04 13:59:13.785 27753 30740 E baseline.com.newsblur.network.APIResponse: 	at okhttp3.internal.http.RealInterceptorChain.proceed(RealInterceptorChain.java:117)
08-04 13:59:13.785 27753 30740 E baseline.com.newsblur.network.APIResponse: 	at okhttp3.internal.http.BridgeInterceptor.intercept(BridgeInterceptor.java:93)
08-04 13:59:13.785 27753 30740 E baseline.com.newsblur.network.APIResponse: 	at okhttp3.internal.http.RealInterceptorChain.proceed(RealInterceptorChain.java:142)
08-04 13:59:13.785 27753 30740 E baseline.com.newsblur.network.APIResponse: 	at okhttp3.internal.http.RetryAndFollowUpInterceptor.intercept(RetryAndFollowUpInterceptor.java:88)
08-04 13:59:13.785 27753 30740 E baseline.com.newsblur.network.APIResponse: 	at okhttp3.internal.http.RealInterceptorChain.proceed(RealInterceptorChain.java:142)
08-04 13:59:13.785 27753 30740 E baseline.com.newsblur.network.APIResponse: 	at okhttp3.internal.http.RealInterceptorChain.proceed(RealInterceptorChain.java:117)
08-04 13:59:13.785 27753 30740 E baseline.com.newsblur.network.APIResponse: 	at okhttp3.RealCall.getResponseWithInterceptorChain(RealCall.java:229)
08-04 13:59:13.785 27753 30740 E baseline.com.newsblur.network.APIResponse: 	at okhttp3.RealCall.execute(RealCall.java:81)
08-04 13:59:13.785 27753 30740 E baseline.com.newsblur.network.APIResponse: 	at baseline.com.newsblur.network.APIResponse.<init>(APIResponse.java:57)
08-04 13:59:13.785 27753 30740 E baseline.com.newsblur.network.APIResponse: 	at baseline.com.newsblur.network.APIResponse.<init>(APIResponse.java:43)
08-04 13:59:13.785 27753 30740 E baseline.com.newsblur.network.APIResponse: 	at baseline.com.newsblur.network.APIManager.post_single(APIManager.java:702)
08-04 13:59:13.785 27753 30740 E baseline.com.newsblur.network.APIResponse: 	at baseline.com.newsblur.network.APIManager.post(APIManager.java:675)
08-04 13:59:13.785 27753 30740 E baseline.com.newsblur.network.APIResponse: 	at baseline.com.newsblur.network.APIManager.post(APIManager.java:714)
08-04 13:59:13.785 27753 30740 E baseline.com.newsblur.network.APIResponse: 	at baseline.com.newsblur.network.APIManager.markStoryAsRead(APIManager.java:205)
08-04 13:59:13.785 27753 30740 E baseline.com.newsblur.network.APIResponse: 	at baseline.com.newsblur.util.ReadingAction.doRemote(ReadingAction.java:281)
08-04 13:59:13.785 27753 30740 E baseline.com.newsblur.network.APIResponse: 	at baseline.com.newsblur.service.NBSyncService.syncActions(NBSyncService.java:400)
08-04 13:59:13.785 27753 30740 E baseline.com.newsblur.network.APIResponse: 	at baseline.com.newsblur.service.NBSyncService.doSync(NBSyncService.java:298)
08-04 13:59:13.785 27753 30740 E baseline.com.newsblur.network.APIResponse: 	at baseline.com.newsblur.service.NBSyncService.access$100(NBSyncService.java:67)
08-04 13:59:13.785 27753 30740 E baseline.com.newsblur.network.APIResponse: 	at baseline.com.newsblur.service.NBSyncService$1.run(NBSyncService.java:188)
08-04 13:59:13.785 27753 30740 E baseline.com.newsblur.network.APIResponse: 	at java.util.concurrent.ThreadPoolExecutor.runWorker(ThreadPoolExecutor.java:1113)
08-04 13:59:13.785 27753 30740 E baseline.com.newsblur.network.APIResponse: 	at java.util.concurrent.ThreadPoolExecutor$Worker.run(ThreadPoolExecutor.java:588)
08-04 13:59:13.785 27753 30740 E baseline.com.newsblur.network.APIResponse: 	at java.lang.Thread.run(Thread.java:818)
08-04 13:59:13.785 27753 30740 E baseline.com.newsblur.network.APIResponse: Caused by: java.io.EOFException: \n not found: limit=0 content=
08-04 13:59:13.785 27753 30740 E baseline.com.newsblur.network.APIResponse: 	at okio.RealBufferedSource.readUtf8LineStrict(RealBufferedSource.java:240)
08-04 13:59:13.785 27753 30740 E baseline.com.newsblur.network.APIResponse: 	at okhttp3.internal.http1.Http1ExchangeCodec.readHeaderLine(Http1ExchangeCodec.java:242)
08-04 13:59:13.785 27753 30740 E baseline.com.newsblur.network.APIResponse: 	at okhttp3.internal.http1.Http1ExchangeCodec.readResponseHeaders(Http1ExchangeCodec.java:213)
08-04 13:59:13.785 27753 30740 E baseline.com.newsblur.network.APIResponse: 	... 30 more
08-04 13:59:13.787 27753 30740 I baseline.com.newsblur.service.NBSyncService: Holding reading action with server-side or network error.
08-04 13:59:13.801 27753 30740 W baseline.com.newsblur.service.NBSyncService: hard API failure
08-04 13:59:13.809 27753 30740 I baseline.com.newsblur.service.NBSyncService: recounting dirty feed sets: 1
08-04 13:59:13.811 27753 29836 I art     : Starting a blocking GC Explicit
08-04 13:59:13.849 27753 29836 I art     : Explicit concurrent mark sweep GC freed 4767(429KB) AllocSpace objects, 5(100KB) LOS objects, 29% free, 37MB/53MB, paused 1.103ms total 37.721ms
08-04 13:59:13.859 27753 29836 I art     : Starting a blocking GC Explicit
08-04 13:59:13.895 27753 29836 I art     : Explicit concurrent mark sweep GC freed 267(10KB) AllocSpace objects, 0(0B) LOS objects, 29% free, 37MB/53MB, paused 1.066ms total 35.902ms
08-04 13:59:13.905 27753 29836 I art     : Starting a blocking GC Explicit
08-04 13:59:13.942 27753 29836 I art     : Explicit concurrent mark sweep GC freed 19(688B) AllocSpace objects, 0(0B) LOS objects, 29% free, 37MB/53MB, paused 1.194ms total 36.721ms
08-04 13:59:13.953 27753 29836 I art     : Starting a blocking GC Explicit
08-04 13:59:13.989 27753 29836 I art     : Explicit concurrent mark sweep GC freed 3(96B) AllocSpace objects, 0(0B) LOS objects, 29% free, 37MB/53MB, paused 1.122ms total 36.582ms
08-04 13:59:14.000 27753 29836 I art     : Starting a blocking GC Explicit
08-04 13:59:14.037 27753 29836 I art     : Explicit concurrent mark sweep GC freed 3(96B) AllocSpace objects, 0(0B) LOS objects, 29% free, 37MB/53MB, paused 1.087ms total 36.644ms
08-04 13:59:14.220 27753 30740 E baseline.com.newsblur.network.APIResponse: Error (unexpected end of stream on https://www.newsblur.com/...) calling https://www.newsblur.com/reader/feed_unread_count?feed_id=0
08-04 13:59:14.220 27753 30740 E baseline.com.newsblur.network.APIResponse: java.io.IOException: unexpected end of stream on https://www.newsblur.com/...
08-04 13:59:14.220 27753 30740 E baseline.com.newsblur.network.APIResponse: 	at okhttp3.internal.http1.Http1ExchangeCodec.readResponseHeaders(Http1ExchangeCodec.java:236)
08-04 13:59:14.220 27753 30740 E baseline.com.newsblur.network.APIResponse: 	at okhttp3.internal.connection.Exchange.readResponseHeaders(Exchange.java:115)
08-04 13:59:14.220 27753 30740 E baseline.com.newsblur.network.APIResponse: 	at okhttp3.internal.http.CallServerInterceptor.intercept(CallServerInterceptor.java:94)
08-04 13:59:14.220 27753 30740 E baseline.com.newsblur.network.APIResponse: 	at okhttp3.internal.http.RealInterceptorChain.proceed(RealInterceptorChain.java:142)
08-04 13:59:14.220 27753 30740 E baseline.com.newsblur.network.APIResponse: 	at okhttp3.internal.connection.ConnectInterceptor.intercept(ConnectInterceptor.java:43)
08-04 13:59:14.220 27753 30740 E baseline.com.newsblur.network.APIResponse: 	at okhttp3.internal.http.RealInterceptorChain.proceed(RealInterceptorChain.java:142)
08-04 13:59:14.220 27753 30740 E baseline.com.newsblur.network.APIResponse: 	at okhttp3.internal.http.RealInterceptorChain.proceed(RealInterceptorChain.java:117)
08-04 13:59:14.220 27753 30740 E baseline.com.newsblur.network.APIResponse: 	at okhttp3.internal.cache.CacheInterceptor.intercept(CacheInterceptor.java:94)
08-04 13:59:14.220 27753 30740 E baseline.com.newsblur.network.APIResponse: 	at okhttp3.internal.http.RealInterceptorChain.proceed(RealInterceptorChain.java:142)
08-04 13:59:14.220 27753 30740 E baseline.com.newsblur.network.APIResponse: 	at okhttp3.internal.http.RealInterceptorChain.proceed(RealInterceptorChain.java:117)
08-04 13:59:14.220 27753 30740 E baseline.com.newsblur.network.APIResponse: 	at okhttp3.internal.http.BridgeInterceptor.intercept(BridgeInterceptor.java:93)
08-04 13:59:14.220 27753 30740 E baseline.com.newsblur.network.APIResponse: 	at okhttp3.internal.http.RealInterceptorChain.proceed(RealInterceptorChain.java:142)
08-04 13:59:14.220 27753 30740 E baseline.com.newsblur.network.APIResponse: 	at okhttp3.internal.http.RetryAndFollowUpInterceptor.intercept(RetryAndFollowUpInterceptor.java:88)
08-04 13:59:14.220 27753 30740 E baseline.com.newsblur.network.APIResponse: 	at okhttp3.internal.http.RealInterceptorChain.proceed(RealInterceptorChain.java:142)
08-04 13:59:14.220 27753 30740 E baseline.com.newsblur.network.APIResponse: 	at okhttp3.internal.http.RealInterceptorChain.proceed(RealInterceptorChain.java:117)
08-04 13:59:14.220 27753 30740 E baseline.com.newsblur.network.APIResponse: 	at okhttp3.RealCall.getResponseWithInterceptorChain(RealCall.java:229)
08-04 13:59:14.220 27753 30740 E baseline.com.newsblur.network.APIResponse: 	at okhttp3.RealCall.execute(RealCall.java:81)
08-04 13:59:14.220 27753 30740 E baseline.com.newsblur.network.APIResponse: 	at baseline.com.newsblur.network.APIResponse.<init>(APIResponse.java:57)
08-04 13:59:14.220 27753 30740 E baseline.com.newsblur.network.APIResponse: 	at baseline.com.newsblur.network.APIManager.get_single(APIManager.java:639)
08-04 13:59:14.220 27753 30740 E baseline.com.newsblur.network.APIResponse: 	at baseline.com.newsblur.network.APIManager.get(APIManager.java:625)
08-04 13:59:14.220 27753 30740 E baseline.com.newsblur.network.APIResponse: 	at baseline.com.newsblur.network.APIManager.get(APIManager.java:667)
08-04 13:59:14.220 27753 30740 E baseline.com.newsblur.network.APIResponse: 	at baseline.com.newsblur.network.APIManager.getFeedUnreadCounts(APIManager.java:274)
08-04 13:59:14.220 27753 30740 E baseline.com.newsblur.network.APIResponse: 	at baseline.com.newsblur.service.NBSyncService.checkRecounts(NBSyncService.java:660)
08-04 13:59:14.220 27753 30740 E baseline.com.newsblur.network.APIResponse: 	at baseline.com.newsblur.service.NBSyncService.doSync(NBSyncService.java:310)
08-04 13:59:14.220 27753 30740 E baseline.com.newsblur.network.APIResponse: 	at baseline.com.newsblur.service.NBSyncService.access$100(NBSyncService.java:67)
08-04 13:59:14.220 27753 30740 E baseline.com.newsblur.network.APIResponse: 	at baseline.com.newsblur.service.NBSyncService$1.run(NBSyncService.java:188)
08-04 13:59:14.220 27753 30740 E baseline.com.newsblur.network.APIResponse: 	at java.util.concurrent.ThreadPoolExecutor.runWorker(ThreadPoolExecutor.java:1113)
08-04 13:59:14.220 27753 30740 E baseline.com.newsblur.network.APIResponse: 	at java.util.concurrent.ThreadPoolExecutor$Worker.run(ThreadPoolExecutor.java:588)
08-04 13:59:14.220 27753 30740 E baseline.com.newsblur.network.APIResponse: 	at java.lang.Thread.run(Thread.java:818)
08-04 13:59:14.220 27753 30740 E baseline.com.newsblur.network.APIResponse: Caused by: java.io.EOFException: \n not found: limit=0 content=
08-04 13:59:14.220 27753 30740 E baseline.com.newsblur.network.APIResponse: 	at okio.RealBufferedSource.readUtf8LineStrict(RealBufferedSource.java:240)
08-04 13:59:14.220 27753 30740 E baseline.com.newsblur.network.APIResponse: 	at okhttp3.internal.http1.Http1ExchangeCodec.readHeaderLine(Http1ExchangeCodec.java:242)
08-04 13:59:14.220 27753 30740 E baseline.com.newsblur.network.APIResponse: 	at okhttp3.internal.http1.Http1ExchangeCodec.readResponseHeaders(Http1ExchangeCodec.java:213)
08-04 13:59:14.220 27753 30740 E baseline.com.newsblur.network.APIResponse: 	... 28 more
08-04 13:59:14.222 27753 30740 I baseline.com.newsblur.network.APIManager: API call failed, pausing before retry number 1
08-04 13:59:14.385 27753 30054 I art     : Starting a blocking GC Explicit
08-04 13:59:14.423 27753 30054 I art     : Explicit concurrent mark sweep GC freed 3927(355KB) AllocSpace objects, 3(60KB) LOS objects, 29% free, 37MB/53MB, paused 1.038ms total 38.532ms
08-04 13:59:14.434 27753 30054 I art     : Starting a blocking GC Explicit
08-04 13:59:14.471 27753 30054 I art     : Explicit concurrent mark sweep GC freed 109(3KB) AllocSpace objects, 0(0B) LOS objects, 29% free, 37MB/53MB, paused 1.035ms total 36.763ms
08-04 13:59:14.481 27753 30054 I art     : Starting a blocking GC Explicit
08-04 13:59:14.518 27753 30054 I art     : Explicit concurrent mark sweep GC freed 3(96B) AllocSpace objects, 0(0B) LOS objects, 29% free, 37MB/53MB, paused 1.053ms total 37.080ms
08-04 13:59:14.529 27753 30054 I art     : Starting a blocking GC Explicit
08-04 13:59:14.565 27753 30054 I art     : Explicit concurrent mark sweep GC freed 3(96B) AllocSpace objects, 0(0B) LOS objects, 29% free, 37MB/53MB, paused 999us total 35.778ms
08-04 13:59:14.575 27753 30054 I art     : Starting a blocking GC Explicit
08-04 13:59:14.612 27753 30054 I art     : Explicit concurrent mark sweep GC freed 3(96B) AllocSpace objects, 0(0B) LOS objects, 29% free, 37MB/53MB, paused 1.051ms total 36.117ms
08-04 13:59:14.951 27753 27765 I art     : Starting a blocking GC Explicit
08-04 13:59:14.978 26337 26337 I Atfwd_Sendcmd: AtCmdFwd service not ready - Exhausted retry attempts - :6
08-04 13:59:14.978 26337 26337 I Atfwd_Daemon: result : -1 	 ,Init step :2 	 ,qmiErrorCode: 0
08-04 13:59:14.991 27753 27765 I art     : Explicit concurrent mark sweep GC freed 1437(82KB) AllocSpace objects, 1(20KB) LOS objects, 29% free, 37MB/53MB, paused 1.084ms total 38.968ms
08-04 13:59:15.005 27753 27765 I art     : Starting a blocking GC Explicit
08-04 13:59:15.039 27753 27765 I art     : Explicit concurrent mark sweep GC freed 22(784B) AllocSpace objects, 0(0B) LOS objects, 29% free, 37MB/53MB, paused 1.051ms total 33.959ms
08-04 13:59:15.049 27753 27765 I art     : Starting a blocking GC Explicit
08-04 13:59:15.084 27753 27765 I art     : Explicit concurrent mark sweep GC freed 3(96B) AllocSpace objects, 0(0B) LOS objects, 29% free, 37MB/53MB, paused 992us total 35.150ms
08-04 13:59:15.094 27753 27765 I art     : Starting a blocking GC Explicit
08-04 13:59:15.130 27753 27765 I art     : Explicit concurrent mark sweep GC freed 3(96B) AllocSpace objects, 0(0B) LOS objects, 29% free, 37MB/53MB, paused 1.046ms total 35.694ms
08-04 13:59:15.140 27753 27765 I art     : Starting a blocking GC Explicit
08-04 13:59:15.175 27753 27765 I art     : Explicit concurrent mark sweep GC freed 3(96B) AllocSpace objects, 0(0B) LOS objects, 29% free, 37MB/53MB, paused 1.005ms total 34.395ms
08-04 13:59:15.543 27753 27764 I art     : Starting a blocking GC Explicit
08-04 13:59:15.581 27753 27764 I art     : Explicit concurrent mark sweep GC freed 1438(82KB) AllocSpace objects, 1(20KB) LOS objects, 29% free, 37MB/53MB, paused 1.041ms total 37.482ms
08-04 13:59:15.591 27753 27764 I art     : Starting a blocking GC Explicit
08-04 13:59:15.625 27753 27764 I art     : Explicit concurrent mark sweep GC freed 22(784B) AllocSpace objects, 0(0B) LOS objects, 29% free, 37MB/53MB, paused 1.013ms total 34.415ms
08-04 13:59:15.635 27753 27764 I art     : Starting a blocking GC Explicit
08-04 13:59:15.670 27753 27764 I art     : Explicit concurrent mark sweep GC freed 3(96B) AllocSpace objects, 0(0B) LOS objects, 29% free, 37MB/53MB, paused 1.016ms total 35.002ms
08-04 13:59:15.681 27753 27764 I art     : Starting a blocking GC Explicit
08-04 13:59:15.717 27753 27764 I art     : Explicit concurrent mark sweep GC freed 3(96B) AllocSpace objects, 0(0B) LOS objects, 29% free, 37MB/53MB, paused 1.063ms total 36.182ms
08-04 13:59:15.727 27753 27764 I art     : Starting a blocking GC Explicit
08-04 13:59:15.764 27753 27764 I art     : Explicit concurrent mark sweep GC freed 96(3KB) AllocSpace objects, 0(0B) LOS objects, 29% free, 37MB/53MB, paused 1.071ms total 35.906ms
08-04 13:59:16.100 27753 29836 I art     : Starting a blocking GC Explicit
08-04 13:59:16.139 27753 29836 I art     : Explicit concurrent mark sweep GC freed 1517(88KB) AllocSpace objects, 1(20KB) LOS objects, 29% free, 37MB/53MB, paused 1.138ms total 39.213ms
08-04 13:59:16.152 27753 29836 I art     : Starting a blocking GC Explicit
08-04 13:59:16.187 27753 29836 I art     : Explicit concurrent mark sweep GC freed 22(800B) AllocSpace objects, 0(0B) LOS objects, 29% free, 37MB/53MB, paused 1.127ms total 34.693ms
08-04 13:59:16.197 27753 29836 I art     : Starting a blocking GC Explicit
08-04 13:59:16.232 27753 29836 I art     : Explicit concurrent mark sweep GC freed 1657(65KB) AllocSpace objects, 0(0B) LOS objects, 29% free, 37MB/53MB, paused 1.098ms total 34.854ms
08-04 13:59:16.243 27753 29836 I art     : Starting a blocking GC Explicit
08-04 13:59:16.258 27753 30740 E baseline.com.newsblur.network.APIResponse: Error (unexpected end of stream on https://www.newsblur.com/...) calling https://www.newsblur.com/reader/feed_unread_count?feed_id=0
08-04 13:59:16.258 27753 30740 E baseline.com.newsblur.network.APIResponse: java.io.IOException: unexpected end of stream on https://www.newsblur.com/...
08-04 13:59:16.258 27753 30740 E baseline.com.newsblur.network.APIResponse: 	at okhttp3.internal.http1.Http1ExchangeCodec.readResponseHeaders(Http1ExchangeCodec.java:236)
08-04 13:59:16.258 27753 30740 E baseline.com.newsblur.network.APIResponse: 	at okhttp3.internal.connection.Exchange.readResponseHeaders(Exchange.java:115)
08-04 13:59:16.258 27753 30740 E baseline.com.newsblur.network.APIResponse: 	at okhttp3.internal.http.CallServerInterceptor.intercept(CallServerInterceptor.java:94)
08-04 13:59:16.258 27753 30740 E baseline.com.newsblur.network.APIResponse: 	at okhttp3.internal.http.RealInterceptorChain.proceed(RealInterceptorChain.java:142)
08-04 13:59:16.258 27753 30740 E baseline.com.newsblur.network.APIResponse: 	at okhttp3.internal.connection.ConnectInterceptor.intercept(ConnectInterceptor.java:43)
08-04 13:59:16.258 27753 30740 E baseline.com.newsblur.network.APIResponse: 	at okhttp3.internal.http.RealInterceptorChain.proceed(RealInterceptorChain.java:142)
08-04 13:59:16.258 27753 30740 E baseline.com.newsblur.network.APIResponse: 	at okhttp3.internal.http.RealInterceptorChain.proceed(RealInterceptorChain.java:117)
08-04 13:59:16.258 27753 30740 E baseline.com.newsblur.network.APIResponse: 	at okhttp3.internal.cache.CacheInterceptor.intercept(CacheInterceptor.java:94)
08-04 13:59:16.258 27753 30740 E baseline.com.newsblur.network.APIResponse: 	at okhttp3.internal.http.RealInterceptorChain.proceed(RealInterceptorChain.java:142)
08-04 13:59:16.258 27753 30740 E baseline.com.newsblur.network.APIResponse: 	at okhttp3.internal.http.RealInterceptorChain.proceed(RealInterceptorChain.java:117)
08-04 13:59:16.258 27753 30740 E baseline.com.newsblur.network.APIResponse: 	at okhttp3.internal.http.BridgeInterceptor.intercept(BridgeInterceptor.java:93)
08-04 13:59:16.258 27753 30740 E baseline.com.newsblur.network.APIResponse: 	at okhttp3.internal.http.RealInterceptorChain.proceed(RealInterceptorChain.java:142)
08-04 13:59:16.258 27753 30740 E baseline.com.newsblur.network.APIResponse: 	at okhttp3.internal.http.RetryAndFollowUpInterceptor.intercept(RetryAndFollowUpInterceptor.java:88)
08-04 13:59:16.258 27753 30740 E baseline.com.newsblur.network.APIResponse: 	at okhttp3.internal.http.RealInterceptorChain.proceed(RealInterceptorChain.java:142)
08-04 13:59:16.258 27753 30740 E baseline.com.newsblur.network.APIResponse: 	at okhttp3.internal.http.RealInterceptorChain.proceed(RealInterceptorChain.java:117)
08-04 13:59:16.258 27753 30740 E baseline.com.newsblur.network.APIResponse: 	at okhttp3.RealCall.getResponseWithInterceptorChain(RealCall.java:229)
08-04 13:59:16.258 27753 30740 E baseline.com.newsblur.network.APIResponse: 	at okhttp3.RealCall.execute(RealCall.java:81)
08-04 13:59:16.258 27753 30740 E baseline.com.newsblur.network.APIResponse: 	at baseline.com.newsblur.network.APIResponse.<init>(APIResponse.java:57)
08-04 13:59:16.258 27753 30740 E baseline.com.newsblur.network.APIResponse: 	at baseline.com.newsblur.network.APIManager.get_single(APIManager.java:639)
08-04 13:59:16.258 27753 30740 E baseline.com.newsblur.network.APIResponse: 	at baseline.com.newsblur.network.APIManager.get(APIManager.java:625)
08-04 13:59:16.258 27753 30740 E baseline.com.newsblur.network.APIResponse: 	at baseline.com.newsblur.network.APIManager.get(APIManager.java:667)
08-04 13:59:16.258 27753 30740 E baseline.com.newsblur.network.APIResponse: 	at baseline.com.newsblur.network.APIManager.getFeedUnreadCounts(APIManager.java:274)
08-04 13:59:16.258 27753 30740 E baseline.com.newsblur.network.APIResponse: 	at baseline.com.newsblur.service.NBSyncService.checkRecounts(NBSyncService.java:660)
08-04 13:59:16.258 27753 30740 E baseline.com.newsblur.network.APIResponse: 	at baseline.com.newsblur.service.NBSyncService.doSync(NBSyncService.java:310)
08-04 13:59:16.258 27753 30740 E baseline.com.newsblur.network.APIResponse: 	at baseline.com.newsblur.service.NBSyncService.access$100(NBSyncService.java:67)
08-04 13:59:16.258 27753 30740 E baseline.com.newsblur.network.APIResponse: 	at baseline.com.newsblur.service.NBSyncService$1.run(NBSyncService.java:188)
08-04 13:59:16.258 27753 30740 E baseline.com.newsblur.network.APIResponse: 	at java.util.concurrent.ThreadPoolExecutor.runWorker(ThreadPoolExecutor.java:1113)
08-04 13:59:16.258 27753 30740 E baseline.com.newsblur.network.APIResponse: 	at java.util.concurrent.ThreadPoolExecutor$Worker.run(ThreadPoolExecutor.java:588)
08-04 13:59:16.258 27753 30740 E baseline.com.newsblur.network.APIResponse: 	at java.lang.Thread.run(Thread.java:818)
08-04 13:59:16.258 27753 30740 E baseline.com.newsblur.network.APIResponse: Caused by: java.io.EOFException: \n not found: limit=0 content=
08-04 13:59:16.258 27753 30740 E baseline.com.newsblur.network.APIResponse: 	at okio.RealBufferedSource.readUtf8LineStrict(RealBufferedSource.java:240)
08-04 13:59:16.258 27753 30740 E baseline.com.newsblur.network.APIResponse: 	at okhttp3.internal.http1.Http1ExchangeCodec.readHeaderLine(Http1ExchangeCodec.java:242)
08-04 13:59:16.258 27753 30740 E baseline.com.newsblur.network.APIResponse: 	at okhttp3.internal.http1.Http1ExchangeCodec.readResponseHeaders(Http1ExchangeCodec.java:213)
08-04 13:59:16.258 27753 30740 E baseline.com.newsblur.network.APIResponse: 	... 28 more
08-04 13:59:16.260 27753 30740 I baseline.com.newsblur.network.APIManager: API call failed, pausing before retry number 2
08-04 13:59:16.278 27753 29836 I art     : Explicit concurrent mark sweep GC freed 801(194KB) AllocSpace objects, 2(40KB) LOS objects, 29% free, 37MB/53MB, paused 1.027ms total 35.325ms
08-04 13:59:16.288 27753 29836 I art     : Starting a blocking GC Explicit
08-04 13:59:16.324 27753 29836 I art     : Explicit concurrent mark sweep GC freed 105(16KB) AllocSpace objects, 0(0B) LOS objects, 29% free, 37MB/53MB, paused 1.025ms total 35.604ms
08-04 13:59:16.675 27753 30054 I art     : Starting a blocking GC Explicit
08-04 13:59:16.712 27753 30054 I art     : Explicit concurrent mark sweep GC freed 1459(83KB) AllocSpace objects, 1(20KB) LOS objects, 29% free, 37MB/53MB, paused 1.073ms total 36.465ms
08-04 13:59:16.722 27753 30054 I art     : Starting a blocking GC Explicit
08-04 13:59:16.757 27753 30054 I art     : Explicit concurrent mark sweep GC freed 22(784B) AllocSpace objects, 0(0B) LOS objects, 29% free, 37MB/53MB, paused 1.062ms total 35.185ms
08-04 13:59:16.767 27753 30054 I art     : Starting a blocking GC Explicit
08-04 13:59:16.803 27753 30054 I art     : Explicit concurrent mark sweep GC freed 3(96B) AllocSpace objects, 0(0B) LOS objects, 29% free, 37MB/53MB, paused 1.007ms total 35.702ms
08-04 13:59:16.813 27753 30054 I art     : Starting a blocking GC Explicit
08-04 13:59:16.849 27753 30054 I art     : Explicit concurrent mark sweep GC freed 3(96B) AllocSpace objects, 0(0B) LOS objects, 29% free, 37MB/53MB, paused 1.071ms total 36.142ms
08-04 13:59:16.860 27753 30054 I art     : Starting a blocking GC Explicit
08-04 13:59:16.896 27753 30054 I art     : Explicit concurrent mark sweep GC freed 3(96B) AllocSpace objects, 0(0B) LOS objects, 29% free, 37MB/53MB, paused 1.006ms total 36.052ms
08-04 13:59:17.239 27753 27765 I art     : Starting a blocking GC Explicit
08-04 13:59:17.276 27753 27765 I art     : Explicit concurrent mark sweep GC freed 1461(83KB) AllocSpace objects, 1(20KB) LOS objects, 29% free, 37MB/53MB, paused 1.010ms total 36.292ms
08-04 13:59:17.286 27753 27765 I art     : Starting a blocking GC Explicit
08-04 13:59:17.322 27753 27765 I art     : Explicit concurrent mark sweep GC freed 22(800B) AllocSpace objects, 0(0B) LOS objects, 29% free, 37MB/53MB, paused 1.031ms total 36.202ms
08-04 13:59:17.333 27753 27765 I art     : Starting a blocking GC Explicit
08-04 13:59:17.369 27753 27765 I art     : Explicit concurrent mark sweep GC freed 3(96B) AllocSpace objects, 0(0B) LOS objects, 29% free, 37MB/53MB, paused 987us total 36.306ms
08-04 13:59:17.379 27753 27765 I art     : Starting a blocking GC Explicit
08-04 13:59:17.416 27753 27765 I art     : Explicit concurrent mark sweep GC freed 3(96B) AllocSpace objects, 0(0B) LOS objects, 29% free, 37MB/53MB, paused 1.039ms total 36.092ms
08-04 13:59:17.426 27753 27765 I art     : Starting a blocking GC Explicit
08-04 13:59:17.463 27753 27765 I art     : Explicit concurrent mark sweep GC freed 3(96B) AllocSpace objects, 0(0B) LOS objects, 29% free, 37MB/53MB, paused 1.010ms total 36.837ms
08-04 13:59:17.816 27753 27764 I art     : Starting a blocking GC Explicit
08-04 13:59:17.853 27753 27764 I art     : Explicit concurrent mark sweep GC freed 2675(143KB) AllocSpace objects, 1(20KB) LOS objects, 29% free, 37MB/53MB, paused 1.040ms total 36.533ms
08-04 13:59:17.865 27753 27764 I art     : Starting a blocking GC Explicit
08-04 13:59:17.900 27753 27764 I art     : Explicit concurrent mark sweep GC freed 1236(91KB) AllocSpace objects, 0(0B) LOS objects, 29% free, 37MB/53MB, paused 948us total 34.816ms
08-04 13:59:17.910 27753 27764 I art     : Starting a blocking GC Explicit
08-04 13:59:17.946 27753 27764 I art     : Explicit concurrent mark sweep GC freed 36(1872B) AllocSpace objects, 0(0B) LOS objects, 29% free, 37MB/53MB, paused 920us total 35.432ms
08-04 13:59:17.956 27753 27764 I art     : Starting a blocking GC Explicit
08-04 13:59:17.991 27753 27764 I art     : Explicit concurrent mark sweep GC freed 3(96B) AllocSpace objects, 0(0B) LOS objects, 29% free, 37MB/53MB, paused 989us total 35.307ms
08-04 13:59:18.001 27753 27764 I art     : Starting a blocking GC Explicit
08-04 13:59:18.036 27753 27764 I art     : Explicit concurrent mark sweep GC freed 3(96B) AllocSpace objects, 0(0B) LOS objects, 29% free, 37MB/53MB, paused 965us total 34.743ms
08-04 13:59:18.384 27753 29836 I art     : Starting a blocking GC Explicit
08-04 13:59:18.421 27753 29836 I art     : Explicit concurrent mark sweep GC freed 1437(82KB) AllocSpace objects, 1(20KB) LOS objects, 29% free, 37MB/53MB, paused 1.017ms total 36.855ms
08-04 13:59:18.431 27753 29836 I art     : Starting a blocking GC Explicit
08-04 13:59:18.466 27753 29836 I art     : Explicit concurrent mark sweep GC freed 22(784B) AllocSpace objects, 0(0B) LOS objects, 29% free, 37MB/53MB, paused 979us total 34.950ms
08-04 13:59:18.476 27753 29836 I art     : Starting a blocking GC Explicit
08-04 13:59:18.513 27753 29836 I art     : Explicit concurrent mark sweep GC freed 3(96B) AllocSpace objects, 0(0B) LOS objects, 29% free, 37MB/53MB, paused 977us total 36.121ms
08-04 13:59:18.523 27753 29836 I art     : Starting a blocking GC Explicit
08-04 13:59:18.558 27753 29836 I art     : Explicit concurrent mark sweep GC freed 3(96B) AllocSpace objects, 0(0B) LOS objects, 29% free, 37MB/53MB, paused 1.009ms total 34.889ms
08-04 13:59:18.568 27753 29836 I art     : Starting a blocking GC Explicit
08-04 13:59:18.604 27753 29836 I art     : Explicit concurrent mark sweep GC freed 3(96B) AllocSpace objects, 0(0B) LOS objects, 29% free, 37MB/53MB, paused 959us total 35.917ms
08-04 13:59:18.947 27753 30054 I art     : Starting a blocking GC Explicit
08-04 13:59:18.986 27753 30054 I art     : Explicit concurrent mark sweep GC freed 1437(82KB) AllocSpace objects, 1(20KB) LOS objects, 29% free, 37MB/53MB, paused 1.017ms total 38.459ms
08-04 13:59:19.000 27753 30054 I art     : Starting a blocking GC Explicit
08-04 13:59:19.034 27753 30054 I art     : Explicit concurrent mark sweep GC freed 22(784B) AllocSpace objects, 0(0B) LOS objects, 29% free, 37MB/53MB, paused 981us total 33.146ms
08-04 13:59:19.043 27753 30054 I art     : Starting a blocking GC Explicit
08-04 13:59:19.077 27753 30054 I art     : Explicit concurrent mark sweep GC freed 3(96B) AllocSpace objects, 0(0B) LOS objects, 29% free, 37MB/53MB, paused 897us total 33.134ms
08-04 13:59:19.088 27753 30054 I art     : Starting a blocking GC Explicit
08-04 13:59:19.119 27753 30054 I art     : Explicit concurrent mark sweep GC freed 3(96B) AllocSpace objects, 0(0B) LOS objects, 29% free, 37MB/53MB, paused 947us total 31.083ms
08-04 13:59:19.128 27753 30054 I art     : Starting a blocking GC Explicit
08-04 13:59:19.158 27753 30054 I art     : Explicit concurrent mark sweep GC freed 3(96B) AllocSpace objects, 0(0B) LOS objects, 29% free, 37MB/53MB, paused 912us total 30.214ms
08-04 13:59:19.512 27753 27765 I art     : Starting a blocking GC Explicit
08-04 13:59:19.548 27753 27765 I art     : Explicit concurrent mark sweep GC freed 1604(91KB) AllocSpace objects, 1(20KB) LOS objects, 29% free, 37MB/53MB, paused 1.122ms total 34.925ms
08-04 13:59:19.558 27753 27765 I art     : Starting a blocking GC Explicit
08-04 13:59:19.593 27753 27765 I art     : Explicit concurrent mark sweep GC freed 28(1040B) AllocSpace objects, 0(0B) LOS objects, 29% free, 37MB/53MB, paused 1.038ms total 35.069ms
08-04 13:59:19.603 27753 27765 I art     : Starting a blocking GC Explicit
08-04 13:59:19.638 27753 27765 I art     : Explicit concurrent mark sweep GC freed 3(96B) AllocSpace objects, 0(0B) LOS objects, 29% free, 37MB/53MB, paused 1.030ms total 34.457ms
08-04 13:59:19.648 27753 27765 I art     : Starting a blocking GC Explicit
08-04 13:59:19.683 27753 27765 I art     : Explicit concurrent mark sweep GC freed 3(96B) AllocSpace objects, 0(0B) LOS objects, 29% free, 37MB/53MB, paused 1.041ms total 35.105ms
08-04 13:59:19.693 27753 27765 I art     : Starting a blocking GC Explicit
08-04 13:59:19.728 27753 27765 I art     : Explicit concurrent mark sweep GC freed 3(96B) AllocSpace objects, 0(0B) LOS objects, 29% free, 37MB/53MB, paused 1.103ms total 34.687ms
08-04 13:59:19.844 27753 30740 E baseline.com.newsblur.network.APIResponse: Error (unexpected end of stream on https://www.newsblur.com/...) calling https://www.newsblur.com/reader/feed_unread_count?feed_id=0
08-04 13:59:19.844 27753 30740 E baseline.com.newsblur.network.APIResponse: java.io.IOException: unexpected end of stream on https://www.newsblur.com/...
08-04 13:59:19.844 27753 30740 E baseline.com.newsblur.network.APIResponse: 	at okhttp3.internal.http1.Http1ExchangeCodec.readResponseHeaders(Http1ExchangeCodec.java:236)
08-04 13:59:19.844 27753 30740 E baseline.com.newsblur.network.APIResponse: 	at okhttp3.internal.connection.Exchange.readResponseHeaders(Exchange.java:115)
08-04 13:59:19.844 27753 30740 E baseline.com.newsblur.network.APIResponse: 	at okhttp3.internal.http.CallServerInterceptor.intercept(CallServerInterceptor.java:94)
08-04 13:59:19.844 27753 30740 E baseline.com.newsblur.network.APIResponse: 	at okhttp3.internal.http.RealInterceptorChain.proceed(RealInterceptorChain.java:142)
08-04 13:59:19.844 27753 30740 E baseline.com.newsblur.network.APIResponse: 	at okhttp3.internal.connection.ConnectInterceptor.intercept(ConnectInterceptor.java:43)
08-04 13:59:19.844 27753 30740 E baseline.com.newsblur.network.APIResponse: 	at okhttp3.internal.http.RealInterceptorChain.proceed(RealInterceptorChain.java:142)
08-04 13:59:19.844 27753 30740 E baseline.com.newsblur.network.APIResponse: 	at okhttp3.internal.http.RealInterceptorChain.proceed(RealInterceptorChain.java:117)
08-04 13:59:19.844 27753 30740 E baseline.com.newsblur.network.APIResponse: 	at okhttp3.internal.cache.CacheInterceptor.intercept(CacheInterceptor.java:94)
08-04 13:59:19.844 27753 30740 E baseline.com.newsblur.network.APIResponse: 	at okhttp3.internal.http.RealInterceptorChain.proceed(RealInterceptorChain.java:142)
08-04 13:59:19.844 27753 30740 E baseline.com.newsblur.network.APIResponse: 	at okhttp3.internal.http.RealInterceptorChain.proceed(RealInterceptorChain.java:117)
08-04 13:59:19.844 27753 30740 E baseline.com.newsblur.network.APIResponse: 	at okhttp3.internal.http.BridgeInterceptor.intercept(BridgeInterceptor.java:93)
08-04 13:59:19.844 27753 30740 E baseline.com.newsblur.network.APIResponse: 	at okhttp3.internal.http.RealInterceptorChain.proceed(RealInterceptorChain.java:142)
08-04 13:59:19.844 27753 30740 E baseline.com.newsblur.network.APIResponse: 	at okhttp3.internal.http.RetryAndFollowUpInterceptor.intercept(RetryAndFollowUpInterceptor.java:88)
08-04 13:59:19.844 27753 30740 E baseline.com.newsblur.network.APIResponse: 	at okhttp3.internal.http.RealInterceptorChain.proceed(RealInterceptorChain.java:142)
08-04 13:59:19.844 27753 30740 E baseline.com.newsblur.network.APIResponse: 	at okhttp3.internal.http.RealInterceptorChain.proceed(RealInterceptorChain.java:117)
08-04 13:59:19.844 27753 30740 E baseline.com.newsblur.network.APIResponse: 	at okhttp3.RealCall.getResponseWithInterceptorChain(RealCall.java:229)
08-04 13:59:19.844 27753 30740 E baseline.com.newsblur.network.APIResponse: 	at okhttp3.RealCall.execute(RealCall.java:81)
08-04 13:59:19.844 27753 30740 E baseline.com.newsblur.network.APIResponse: 	at baseline.com.newsblur.network.APIResponse.<init>(APIResponse.java:57)
08-04 13:59:19.844 27753 30740 E baseline.com.newsblur.network.APIResponse: 	at baseline.com.newsblur.network.APIManager.get_single(APIManager.java:639)
08-04 13:59:19.844 27753 30740 E baseline.com.newsblur.network.APIResponse: 	at baseline.com.newsblur.network.APIManager.get(APIManager.java:625)
08-04 13:59:19.844 27753 30740 E baseline.com.newsblur.network.APIResponse: 	at baseline.com.newsblur.network.APIManager.get(APIManager.java:667)
08-04 13:59:19.844 27753 30740 E baseline.com.newsblur.network.APIResponse: 	at baseline.com.newsblur.network.APIManager.getFeedUnreadCounts(APIManager.java:274)
08-04 13:59:19.844 27753 30740 E baseline.com.newsblur.network.APIResponse: 	at baseline.com.newsblur.service.NBSyncService.checkRecounts(NBSyncService.java:660)
08-04 13:59:19.844 27753 30740 E baseline.com.newsblur.network.APIResponse: 	at baseline.com.newsblur.service.NBSyncService.doSync(NBSyncService.java:310)
08-04 13:59:19.844 27753 30740 E baseline.com.newsblur.network.APIResponse: 	at baseline.com.newsblur.service.NBSyncService.access$100(NBSyncService.java:67)
08-04 13:59:19.844 27753 30740 E baseline.com.newsblur.network.APIResponse: 	at baseline.com.newsblur.service.NBSyncService$1.run(NBSyncService.java:188)
08-04 13:59:19.844 27753 30740 E baseline.com.newsblur.network.APIResponse: 	at java.util.concurrent.ThreadPoolExecutor.runWorker(ThreadPoolExecutor.java:1113)
08-04 13:59:19.844 27753 30740 E baseline.com.newsblur.network.APIResponse: 	at java.util.concurrent.ThreadPoolExecutor$Worker.run(ThreadPoolExecutor.java:588)
08-04 13:59:19.844 27753 30740 E baseline.com.newsblur.network.APIResponse: 	at java.lang.Thread.run(Thread.java:818)
08-04 13:59:19.844 27753 30740 E baseline.com.newsblur.network.APIResponse: Caused by: java.io.EOFException: \n not found: limit=0 content=
08-04 13:59:19.844 27753 30740 E baseline.com.newsblur.network.APIResponse: 	at okio.RealBufferedSource.readUtf8LineStrict(RealBufferedSource.java:240)
08-04 13:59:19.844 27753 30740 E baseline.com.newsblur.network.APIResponse: 	at okhttp3.internal.http1.Http1ExchangeCodec.readHeaderLine(Http1ExchangeCodec.java:242)
08-04 13:59:19.844 27753 30740 E baseline.com.newsblur.network.APIResponse: 	at okhttp3.internal.http1.Http1ExchangeCodec.readResponseHeaders(Http1ExchangeCodec.java:213)
08-04 13:59:19.844 27753 30740 E baseline.com.newsblur.network.APIResponse: 	... 28 more
08-04 13:59:19.846 27753 30740 W baseline.com.newsblur.service.NBSyncService: Bad response to feed_unread_count
08-04 13:59:20.036 27753 27764 I art     : Starting a blocking GC Explicit
08-04 13:59:20.075 27753 27764 I art     : Explicit concurrent mark sweep GC freed 4449(422KB) AllocSpace objects, 6(120KB) LOS objects, 29% free, 37MB/53MB, paused 1.071ms total 38.137ms
08-04 13:59:20.086 27753 27764 I art     : Starting a blocking GC Explicit
08-04 13:59:20.121 27753 27764 I art     : Explicit concurrent mark sweep GC freed 136(5KB) AllocSpace objects, 0(0B) LOS objects, 29% free, 37MB/53MB, paused 1.065ms total 34.311ms
08-04 13:59:20.131 27753 27764 I art     : Starting a blocking GC Explicit
08-04 13:59:20.167 27753 27764 I art     : Explicit concurrent mark sweep GC freed 3(96B) AllocSpace objects, 0(0B) LOS objects, 29% free, 37MB/53MB, paused 1.049ms total 35.468ms
08-04 13:59:20.177 27753 27764 I art     : Starting a blocking GC Explicit
08-04 13:59:20.213 27753 27764 I art     : Explicit concurrent mark sweep GC freed 3(96B) AllocSpace objects, 0(0B) LOS objects, 29% free, 37MB/53MB, paused 1.083ms total 36.020ms
08-04 13:59:20.223 27753 27764 I art     : Starting a blocking GC Explicit
08-04 13:59:20.258 27753 27764 I art     : Explicit concurrent mark sweep GC freed 3(96B) AllocSpace objects, 0(0B) LOS objects, 29% free, 37MB/53MB, paused 1.067ms total 35.025ms
08-04 13:59:20.343 27753 30740 E baseline.com.newsblur.network.APIResponse: Error (unexpected end of stream on https://www.newsblur.com/...) calling https://www.newsblur.com/reader/mark_story_hashes_as_read/
08-04 13:59:20.343 27753 30740 E baseline.com.newsblur.network.APIResponse: java.io.IOException: unexpected end of stream on https://www.newsblur.com/...
08-04 13:59:20.343 27753 30740 E baseline.com.newsblur.network.APIResponse: 	at okhttp3.internal.http1.Http1ExchangeCodec.readResponseHeaders(Http1ExchangeCodec.java:236)
08-04 13:59:20.343 27753 30740 E baseline.com.newsblur.network.APIResponse: 	at okhttp3.internal.connection.Exchange.readResponseHeaders(Exchange.java:115)
08-04 13:59:20.343 27753 30740 E baseline.com.newsblur.network.APIResponse: 	at okhttp3.internal.http.CallServerInterceptor.intercept(CallServerInterceptor.java:94)
08-04 13:59:20.343 27753 30740 E baseline.com.newsblur.network.APIResponse: 	at okhttp3.internal.http.RealInterceptorChain.proceed(RealInterceptorChain.java:142)
08-04 13:59:20.343 27753 30740 E baseline.com.newsblur.network.APIResponse: 	at okhttp3.internal.connection.ConnectInterceptor.intercept(ConnectInterceptor.java:43)
08-04 13:59:20.343 27753 30740 E baseline.com.newsblur.network.APIResponse: 	at okhttp3.internal.http.RealInterceptorChain.proceed(RealInterceptorChain.java:142)
08-04 13:59:20.343 27753 30740 E baseline.com.newsblur.network.APIResponse: 	at okhttp3.internal.http.RealInterceptorChain.proceed(RealInterceptorChain.java:117)
08-04 13:59:20.343 27753 30740 E baseline.com.newsblur.network.APIResponse: 	at okhttp3.internal.cache.CacheInterceptor.intercept(CacheInterceptor.java:94)
08-04 13:59:20.343 27753 30740 E baseline.com.newsblur.network.APIResponse: 	at okhttp3.internal.http.RealInterceptorChain.proceed(RealInterceptorChain.java:142)
08-04 13:59:20.343 27753 30740 E baseline.com.newsblur.network.APIResponse: 	at okhttp3.internal.http.RealInterceptorChain.proceed(RealInterceptorChain.java:117)
08-04 13:59:20.343 27753 30740 E baseline.com.newsblur.network.APIResponse: 	at okhttp3.internal.http.BridgeInterceptor.intercept(BridgeInterceptor.java:93)
08-04 13:59:20.343 27753 30740 E baseline.com.newsblur.network.APIResponse: 	at okhttp3.internal.http.RealInterceptorChain.proceed(RealInterceptorChain.java:142)
08-04 13:59:20.343 27753 30740 E baseline.com.newsblur.network.APIResponse: 	at okhttp3.internal.http.RetryAndFollowUpInterceptor.intercept(RetryAndFollowUpInterceptor.java:88)
08-04 13:59:20.343 27753 30740 E baseline.com.newsblur.network.APIResponse: 	at okhttp3.internal.http.RealInterceptorChain.proceed(RealInterceptorChain.java:142)
08-04 13:59:20.343 27753 30740 E baseline.com.newsblur.network.APIResponse: 	at okhttp3.internal.http.RealInterceptorChain.proceed(RealInterceptorChain.java:117)
08-04 13:59:20.343 27753 30740 E baseline.com.newsblur.network.APIResponse: 	at okhttp3.RealCall.getResponseWithInterceptorChain(RealCall.java:229)
08-04 13:59:20.343 27753 30740 E baseline.com.newsblur.network.APIResponse: 	at okhttp3.RealCall.execute(RealCall.java:81)
08-04 13:59:20.343 27753 30740 E baseline.com.newsblur.network.APIResponse: 	at baseline.com.newsblur.network.APIResponse.<init>(APIResponse.java:57)
08-04 13:59:20.343 27753 30740 E baseline.com.newsblur.network.APIResponse: 	at baseline.com.newsblur.network.APIResponse.<init>(APIResponse.java:43)
08-04 13:59:20.343 27753 30740 E baseline.com.newsblur.network.APIResponse: 	at baseline.com.newsblur.network.APIManager.post_single(APIManager.java:702)
08-04 13:59:20.343 27753 30740 E baseline.com.newsblur.network.APIResponse: 	at baseline.com.newsblur.network.APIManager.post(APIManager.java:675)
08-04 13:59:20.343 27753 30740 E baseline.com.newsblur.network.APIResponse: 	at baseline.com.newsblur.network.APIManager.post(APIManager.java:714)
08-04 13:59:20.343 27753 30740 E baseline.com.newsblur.network.APIResponse: 	at baseline.com.newsblur.network.APIManager.markStoryAsRead(APIManager.java:205)
08-04 13:59:20.343 27753 30740 E baseline.com.newsblur.network.APIResponse: 	at baseline.com.newsblur.util.ReadingAction.doRemote(ReadingAction.java:281)
08-04 13:59:20.343 27753 30740 E baseline.com.newsblur.network.APIResponse: 	at baseline.com.newsblur.service.NBSyncService.syncActions(NBSyncService.java:400)
08-04 13:59:20.343 27753 30740 E baseline.com.newsblur.network.APIResponse: 	at baseline.com.newsblur.service.NBSyncService.doSync(NBSyncService.java:298)
08-04 13:59:20.343 27753 30740 E baseline.com.newsblur.network.APIResponse: 	at baseline.com.newsblur.service.NBSyncService.access$100(NBSyncService.java:67)
08-04 13:59:20.343 27753 30740 E baseline.com.newsblur.network.APIResponse: 	at baseline.com.newsblur.service.NBSyncService$1.run(NBSyncService.java:188)
08-04 13:59:20.343 27753 30740 E baseline.com.newsblur.network.APIResponse: 	at java.util.concurrent.ThreadPoolExecutor.runWorker(ThreadPoolExecutor.java:1113)
08-04 13:59:20.343 27753 30740 E baseline.com.newsblur.network.APIResponse: 	at java.util.concurrent.ThreadPoolExecutor$Worker.run(ThreadPoolExecutor.java:588)
08-04 13:59:20.343 27753 30740 E baseline.com.newsblur.network.APIResponse: 	at java.lang.Thread.run(Thread.java:818)
08-04 13:59:20.343 27753 30740 E baseline.com.newsblur.network.APIResponse: Caused by: java.io.EOFException: \n not found: limit=0 content=
08-04 13:59:20.343 27753 30740 E baseline.com.newsblur.network.APIResponse: 	at okio.RealBufferedSource.readUtf8LineStrict(RealBufferedSource.java:240)
08-04 13:59:20.343 27753 30740 E baseline.com.newsblur.network.APIResponse: 	at okhttp3.internal.http1.Http1ExchangeCodec.readHeaderLine(Http1ExchangeCodec.java:242)
08-04 13:59:20.343 27753 30740 E baseline.com.newsblur.network.APIResponse: 	at okhttp3.internal.http1.Http1ExchangeCodec.readResponseHeaders(Http1ExchangeCodec.java:213)
08-04 13:59:20.343 27753 30740 E baseline.com.newsblur.network.APIResponse: 	... 30 more
08-04 13:59:20.344 27753 30740 I baseline.com.newsblur.network.APIManager: API call failed, pausing before retry number 1
08-04 13:59:20.558 27753 29836 I art     : Starting a blocking GC Explicit
08-04 13:59:20.595 27753 29836 I art     : Explicit concurrent mark sweep GC freed 3944(357KB) AllocSpace objects, 3(60KB) LOS objects, 29% free, 37MB/53MB, paused 1.003ms total 36.854ms
08-04 13:59:20.595 27753 27763 I art     : WaitForGcToComplete blocked for 13.697ms for cause HeapTrim
08-04 13:59:20.605 27753 29836 I art     : Starting a blocking GC Explicit
08-04 13:59:20.640 27753 29836 I art     : Explicit concurrent mark sweep GC freed 109(3KB) AllocSpace objects, 0(0B) LOS objects, 29% free, 37MB/53MB, paused 1.018ms total 34.846ms
08-04 13:59:20.650 27753 29836 I art     : Starting a blocking GC Explicit
08-04 13:59:20.685 27753 29836 I art     : Explicit concurrent mark sweep GC freed 3(96B) AllocSpace objects, 0(0B) LOS objects, 29% free, 37MB/53MB, paused 1.032ms total 34.193ms
08-04 13:59:20.695 27753 29836 I art     : Starting a blocking GC Explicit
08-04 13:59:20.716 31114 31114 D AndroidRuntime: >>>>>> START com.android.internal.os.RuntimeInit uid 2000 <<<<<<
08-04 13:59:20.721 31114 31114 D AndroidRuntime: CheckJNI is OFF
08-04 13:59:20.729 27753 29836 I art     : Explicit concurrent mark sweep GC freed 3(96B) AllocSpace objects, 0(0B) LOS objects, 29% free, 37MB/53MB, paused 1.116ms total 34.413ms
08-04 13:59:20.739 27753 29836 I art     : Starting a blocking GC Explicit
08-04 13:59:20.756 31114 31114 D ICU     : No timezone override file found: /data/misc/zoneinfo/current/icu/icu_tzdata.dat
08-04 13:59:20.774 27753 29836 I art     : Explicit concurrent mark sweep GC freed 3(96B) AllocSpace objects, 0(0B) LOS objects, 29% free, 37MB/53MB, paused 1.056ms total 34.345ms
08-04 13:59:20.792 31114 31114 I Radio-JNI: register_android_hardware_Radio DONE
08-04 13:59:20.813 31114 31114 D AndroidRuntime: Calling main entry com.android.commands.input.Input
08-04 13:59:20.815 31114 31114 I Input   : injectMotionEvent: MotionEvent { action=ACTION_DOWN, actionButton=0, id[0]=0, x[0]=436.0, y[0]=453.0, toolType[0]=TOOL_TYPE_UNKNOWN, buttonState=0, metaState=0, flags=0x0, edgeFlags=0x0, pointerCount=1, historySize=0, eventTime=712777228, downTime=712777228, deviceId=0, source=0x1002 }
08-04 13:59:20.820 31114 31114 I Input   : injectMotionEvent: MotionEvent { action=ACTION_UP, actionButton=0, id[0]=0, x[0]=436.0, y[0]=453.0, toolType[0]=TOOL_TYPE_UNKNOWN, buttonState=0, metaState=0, flags=0x0, edgeFlags=0x0, pointerCount=1, historySize=0, eventTime=712777228, downTime=712777228, deviceId=0, source=0x1002 }
08-04 13:59:20.823 31114 31114 D AndroidRuntime: Shutting down VM
08-04 13:59:20.825   512  2967 D audio_hw_primary: out_set_parameters: enter: usecase(1: low-latency-playback) kvpairs: routing=2
08-04 13:59:20.827   918  6111 I ActivityManager: START u0 {cmp=baseline.com.newsblur/.activity.GlobalSharedStoriesReading (has extras)} from uid 10652 on display 0
08-04 13:59:20.838   512  2967 D audio_hw_primary: select_devices: out_snd_device(2: speaker) in_snd_device(0: none)
08-04 13:59:20.838   512  2967 D msm8974_platform: platform_send_audio_calibration: sending audio calibration for snd_device(2) acdb_id(15)
08-04 13:59:20.838   512  2967 I soundtrigger: audio_extn_sound_trigger_update_device_status: device 0x2 of type 0 for Event 1
08-04 13:59:20.850   512  2967 D audio_hw_primary: enable_snd_device: snd_device(2: speaker)
08-04 13:59:20.852   512  2967 D audio_hw_primary: enable_audio_route: apply and update mixer path: low-latency-playback speaker
08-04 13:59:21.022   918   936 I ActivityManager: Displayed baseline.com.newsblur/.activity.GlobalSharedStoriesReading: +183ms
08-04 13:59:21.023 13866 13866 I GoogleInputMethodServic: GoogleInputMethodService.onFinishInput():3138 
08-04 13:59:21.024 13866 13866 I GoogleInputMethodServic: GoogleInputMethodService.onStartInput():1808 
08-04 13:59:21.063 27753 29836 I art     : Starting a blocking GC Explicit
08-04 13:59:21.108 27753 29836 I art     : Explicit concurrent mark sweep GC freed 5096(398KB) AllocSpace objects, 11(648KB) LOS objects, 29% free, 38MB/54MB, paused 5.350ms total 44.644ms
08-04 13:59:21.119 27753 29836 I art     : Starting a blocking GC Explicit
08-04 13:59:21.156 27753 29836 I art     : Explicit concurrent mark sweep GC freed 1677(117KB) AllocSpace objects, 8(204KB) LOS objects, 29% free, 38MB/54MB, paused 1.228ms total 36.184ms
08-04 13:59:21.166 27753 29836 I art     : Starting a blocking GC Explicit
08-04 13:59:21.201 27753 29836 I art     : Explicit concurrent mark sweep GC freed 325(13KB) AllocSpace objects, 0(0B) LOS objects, 29% free, 38MB/54MB, paused 1.087ms total 34.573ms
08-04 13:59:21.212 27753 29836 I art     : Starting a blocking GC Explicit
08-04 13:59:21.224 27753 30399 E chromium: [ERROR:tile_manager.cc(793)] WARNING: tile memory limits exceeded, some content may not draw
08-04 13:59:21.225 27753 30399 E chromium: [ERROR:tile_manager.cc(793)] WARNING: tile memory limits exceeded, some content may not draw
08-04 13:59:21.245 27753 29836 I art     : Explicit concurrent mark sweep GC freed 45(17KB) AllocSpace objects, 0(0B) LOS objects, 29% free, 38MB/54MB, paused 944us total 33.449ms
08-04 13:59:21.255 27753 29836 I art     : Starting a blocking GC Explicit
08-04 13:59:21.288 27753 29836 I art     : Explicit concurrent mark sweep GC freed 7(288B) AllocSpace objects, 0(0B) LOS objects, 29% free, 38MB/54MB, paused 1.138ms total 32.861ms
08-04 13:59:21.389   512  2967 D audio_hw_primary: disable_audio_route: reset and update mixer path: low-latency-playback speaker
08-04 13:59:21.393   512  2967 D audio_hw_primary: disable_snd_device: snd_device(2: speaker)
08-04 13:59:21.404   512  2967 I soundtrigger: audio_extn_sound_trigger_update_device_status: device 0x2 of type 0 for Event 0
08-04 13:59:21.590 27753 29836 I art     : Starting a blocking GC Explicit
08-04 13:59:21.628 27753 29836 I art     : Explicit concurrent mark sweep GC freed 1583(100KB) AllocSpace objects, 2(40KB) LOS objects, 29% free, 38MB/54MB, paused 1.105ms total 37.537ms
08-04 13:59:21.638 27753 29836 I art     : Starting a blocking GC Explicit
08-04 13:59:21.677 27753 29836 I art     : Explicit concurrent mark sweep GC freed 29(1072B) AllocSpace objects, 0(0B) LOS objects, 29% free, 38MB/54MB, paused 1.088ms total 38.331ms
08-04 13:59:21.687 27753 29836 I art     : Starting a blocking GC Explicit
08-04 13:59:21.726 27753 29836 I art     : Explicit concurrent mark sweep GC freed 3(96B) AllocSpace objects, 0(0B) LOS objects, 29% free, 38MB/54MB, paused 1.034ms total 38.198ms
08-04 13:59:21.736 27753 29836 I art     : Starting a blocking GC Explicit
08-04 13:59:21.775 27753 29836 I art     : Explicit concurrent mark sweep GC freed 3(96B) AllocSpace objects, 0(0B) LOS objects, 29% free, 38MB/54MB, paused 1.042ms total 38.747ms
08-04 13:59:21.786 27753 29836 I art     : Starting a blocking GC Explicit
08-04 13:59:21.825 27753 29836 I art     : Explicit concurrent mark sweep GC freed 3(96B) AllocSpace objects, 0(0B) LOS objects, 29% free, 38MB/54MB, paused 1.096ms total 38.667ms
08-04 13:59:22.150 27753 27764 I art     : Starting a blocking GC Explicit
08-04 13:59:22.191 27753 27764 I art     : Explicit concurrent mark sweep GC freed 1608(91KB) AllocSpace objects, 1(20KB) LOS objects, 29% free, 38MB/54MB, paused 1.106ms total 40.589ms
08-04 13:59:22.204 27753 27764 I art     : Starting a blocking GC Explicit
08-04 13:59:22.241 27753 27764 I art     : Explicit concurrent mark sweep GC freed 28(1040B) AllocSpace objects, 0(0B) LOS objects, 29% free, 38MB/54MB, paused 1.042ms total 36.863ms
08-04 13:59:22.251 27753 27764 I art     : Starting a blocking GC Explicit
08-04 13:59:22.288 27753 27764 I art     : Explicit concurrent mark sweep GC freed 3(96B) AllocSpace objects, 0(0B) LOS objects, 29% free, 38MB/54MB, paused 1.953ms total 36.668ms
08-04 13:59:22.297 27753 27764 I art     : Starting a blocking GC Explicit
08-04 13:59:22.330 27753 27764 I art     : Explicit concurrent mark sweep GC freed 14(448B) AllocSpace objects, 0(0B) LOS objects, 29% free, 38MB/54MB, paused 890us total 32.587ms
08-04 13:59:22.340 27753 27764 I art     : Starting a blocking GC Explicit
08-04 13:59:22.374 27753 27764 I art     : Explicit concurrent mark sweep GC freed 1701(66KB) AllocSpace objects, 0(0B) LOS objects, 29% free, 38MB/54MB, paused 1.055ms total 33.789ms
08-04 13:59:22.389 27753 30740 E baseline.com.newsblur.network.APIResponse: Error (unexpected end of stream on https://www.newsblur.com/...) calling https://www.newsblur.com/reader/mark_story_hashes_as_read/
08-04 13:59:22.389 27753 30740 E baseline.com.newsblur.network.APIResponse: java.io.IOException: unexpected end of stream on https://www.newsblur.com/...
08-04 13:59:22.389 27753 30740 E baseline.com.newsblur.network.APIResponse: 	at okhttp3.internal.http1.Http1ExchangeCodec.readResponseHeaders(Http1ExchangeCodec.java:236)
08-04 13:59:22.389 27753 30740 E baseline.com.newsblur.network.APIResponse: 	at okhttp3.internal.connection.Exchange.readResponseHeaders(Exchange.java:115)
08-04 13:59:22.389 27753 30740 E baseline.com.newsblur.network.APIResponse: 	at okhttp3.internal.http.CallServerInterceptor.intercept(CallServerInterceptor.java:94)
08-04 13:59:22.389 27753 30740 E baseline.com.newsblur.network.APIResponse: 	at okhttp3.internal.http.RealInterceptorChain.proceed(RealInterceptorChain.java:142)
08-04 13:59:22.389 27753 30740 E baseline.com.newsblur.network.APIResponse: 	at okhttp3.internal.connection.ConnectInterceptor.intercept(ConnectInterceptor.java:43)
08-04 13:59:22.389 27753 30740 E baseline.com.newsblur.network.APIResponse: 	at okhttp3.internal.http.RealInterceptorChain.proceed(RealInterceptorChain.java:142)
08-04 13:59:22.389 27753 30740 E baseline.com.newsblur.network.APIResponse: 	at okhttp3.internal.http.RealInterceptorChain.proceed(RealInterceptorChain.java:117)
08-04 13:59:22.389 27753 30740 E baseline.com.newsblur.network.APIResponse: 	at okhttp3.internal.cache.CacheInterceptor.intercept(CacheInterceptor.java:94)
08-04 13:59:22.389 27753 30740 E baseline.com.newsblur.network.APIResponse: 	at okhttp3.internal.http.RealInterceptorChain.proceed(RealInterceptorChain.java:142)
08-04 13:59:22.389 27753 30740 E baseline.com.newsblur.network.APIResponse: 	at okhttp3.internal.http.RealInterceptorChain.proceed(RealInterceptorChain.java:117)
08-04 13:59:22.389 27753 30740 E baseline.com.newsblur.network.APIResponse: 	at okhttp3.internal.http.BridgeInterceptor.intercept(BridgeInterceptor.java:93)
08-04 13:59:22.389 27753 30740 E baseline.com.newsblur.network.APIResponse: 	at okhttp3.internal.http.RealInterceptorChain.proceed(RealInterceptorChain.java:142)
08-04 13:59:22.389 27753 30740 E baseline.com.newsblur.network.APIResponse: 	at okhttp3.internal.http.RetryAndFollowUpInterceptor.intercept(RetryAndFollowUpInterceptor.java:88)
08-04 13:59:22.389 27753 30740 E baseline.com.newsblur.network.APIResponse: 	at okhttp3.internal.http.RealInterceptorChain.proceed(RealInterceptorChain.java:142)
08-04 13:59:22.389 27753 30740 E baseline.com.newsblur.network.APIResponse: 	at okhttp3.internal.http.RealInterceptorChain.proceed(RealInterceptorChain.java:117)
08-04 13:59:22.389 27753 30740 E baseline.com.newsblur.network.APIResponse: 	at okhttp3.RealCall.getResponseWithInterceptorChain(RealCall.java:229)
08-04 13:59:22.389 27753 30740 E baseline.com.newsblur.network.APIResponse: 	at okhttp3.RealCall.execute(RealCall.java:81)
08-04 13:59:22.389 27753 30740 E baseline.com.newsblur.network.APIResponse: 	at baseline.com.newsblur.network.APIResponse.<init>(APIResponse.java:57)
08-04 13:59:22.389 27753 30740 E baseline.com.newsblur.network.APIResponse: 	at baseline.com.newsblur.network.APIResponse.<init>(APIResponse.java:43)
08-04 13:59:22.389 27753 30740 E baseline.com.newsblur.network.APIResponse: 	at baseline.com.newsblur.network.APIManager.post_single(APIManager.java:702)
08-04 13:59:22.389 27753 30740 E baseline.com.newsblur.network.APIResponse: 	at baseline.com.newsblur.network.APIManager.post(APIManager.java:675)
08-04 13:59:22.389 27753 30740 E baseline.com.newsblur.network.APIResponse: 	at baseline.com.newsblur.network.APIManager.post(APIManager.java:714)
08-04 13:59:22.389 27753 30740 E baseline.com.newsblur.network.APIResponse: 	at baseline.com.newsblur.network.APIManager.markStoryAsRead(APIManager.java:205)
08-04 13:59:22.389 27753 30740 E baseline.com.newsblur.network.APIResponse: 	at baseline.com.newsblur.util.ReadingAction.doRemote(ReadingAction.java:281)
08-04 13:59:22.389 27753 30740 E baseline.com.newsblur.network.APIResponse: 	at baseline.com.newsblur.service.NBSyncService.syncActions(NBSyncService.java:400)
08-04 13:59:22.389 27753 30740 E baseline.com.newsblur.network.APIResponse: 	at baseline.com.newsblur.service.NBSyncService.doSync(NBSyncService.java:298)
08-04 13:59:22.389 27753 30740 E baseline.com.newsblur.network.APIResponse: 	at baseline.com.newsblur.service.NBSyncService.access$100(NBSyncService.java:67)
08-04 13:59:22.389 27753 30740 E baseline.com.newsblur.network.APIResponse: 	at baseline.com.newsblur.service.NBSyncService$1.run(NBSyncService.java:188)
08-04 13:59:22.389 27753 30740 E baseline.com.newsblur.network.APIResponse: 	at java.util.concurrent.ThreadPoolExecutor.runWorker(ThreadPoolExecutor.java:1113)
08-04 13:59:22.389 27753 30740 E baseline.com.newsblur.network.APIResponse: 	at java.util.concurrent.ThreadPoolExecutor$Worker.run(ThreadPoolExecutor.java:588)
08-04 13:59:22.389 27753 30740 E baseline.com.newsblur.network.APIResponse: 	at java.lang.Thread.run(Thread.java:818)
08-04 13:59:22.389 27753 30740 E baseline.com.newsblur.network.APIResponse: Caused by: java.io.EOFException: \n not found: limit=0 content=
08-04 13:59:22.389 27753 30740 E baseline.com.newsblur.network.APIResponse: 	at okio.RealBufferedSource.readUtf8LineStrict(RealBufferedSource.java:240)
08-04 13:59:22.389 27753 30740 E baseline.com.newsblur.network.APIResponse: 	at okhttp3.internal.http1.Http1ExchangeCodec.readHeaderLine(Http1ExchangeCodec.java:242)
08-04 13:59:22.389 27753 30740 E baseline.com.newsblur.network.APIResponse: 	at okhttp3.internal.http1.Http1ExchangeCodec.readResponseHeaders(Http1ExchangeCodec.java:213)
08-04 13:59:22.389 27753 30740 E baseline.com.newsblur.network.APIResponse: 	... 30 more
08-04 13:59:22.390 27753 30740 I baseline.com.newsblur.network.APIManager: API call failed, pausing before retry number 2
08-04 13:59:22.692 27753 29836 I art     : Starting a blocking GC Explicit
08-04 13:59:22.730 27753 29836 I art     : Explicit concurrent mark sweep GC freed 2358(294KB) AllocSpace objects, 3(60KB) LOS objects, 29% free, 38MB/54MB, paused 1.024ms total 37.883ms
08-04 13:59:22.740 27753 29836 I art     : Starting a blocking GC Explicit
08-04 13:59:22.777 27753 29836 I art     : Explicit concurrent mark sweep GC freed 66(2480B) AllocSpace objects, 0(0B) LOS objects, 29% free, 38MB/54MB, paused 1.021ms total 36.504ms
08-04 13:59:22.787 27753 29836 I art     : Starting a blocking GC Explicit
08-04 13:59:22.826 27753 29836 I art     : Explicit concurrent mark sweep GC freed 3(96B) AllocSpace objects, 0(0B) LOS objects, 29% free, 38MB/54MB, paused 1.015ms total 38.355ms
08-04 13:59:22.836 27753 29836 I art     : Starting a blocking GC Explicit
08-04 13:59:22.874 27753 29836 I art     : Explicit concurrent mark sweep GC freed 3(96B) AllocSpace objects, 0(0B) LOS objects, 29% free, 38MB/54MB, paused 1.036ms total 37.613ms
08-04 13:59:22.884 27753 29836 I art     : Starting a blocking GC Explicit
08-04 13:59:22.922 27753 29836 I art     : Explicit concurrent mark sweep GC freed 3(96B) AllocSpace objects, 0(0B) LOS objects, 29% free, 38MB/54MB, paused 1.034ms total 37.315ms
08-04 13:59:23.131   918  3261 D WifiStateMachine: starting scan for "H369AA63323"WPA_PSK with 2412,5180
08-04 13:59:23.262 27753 27765 I art     : Starting a blocking GC Explicit
08-04 13:59:23.303 27753 27765 I art     : Explicit concurrent mark sweep GC freed 1444(83KB) AllocSpace objects, 1(20KB) LOS objects, 29% free, 38MB/54MB, paused 1.119ms total 41.077ms
08-04 13:59:23.318 27753 27765 I art     : Starting a blocking GC Explicit
08-04 13:59:23.355 27753 27765 I art     : Explicit concurrent mark sweep GC freed 22(784B) AllocSpace objects, 0(0B) LOS objects, 29% free, 38MB/54MB, paused 1.038ms total 36.941ms
08-04 13:59:23.365 27753 27765 I art     : Starting a blocking GC Explicit
08-04 13:59:23.402 27753 27765 I art     : Explicit concurrent mark sweep GC freed 3(96B) AllocSpace objects, 0(0B) LOS objects, 29% free, 38MB/54MB, paused 1.045ms total 36.829ms
08-04 13:59:23.413 27753 27765 I art     : Starting a blocking GC Explicit
08-04 13:59:23.451 27753 27765 I art     : Explicit concurrent mark sweep GC freed 3(96B) AllocSpace objects, 0(0B) LOS objects, 29% free, 38MB/54MB, paused 1.073ms total 37.327ms
08-04 13:59:23.461 27753 27765 I art     : Starting a blocking GC Explicit
08-04 13:59:23.499 27753 27765 I art     : Explicit concurrent mark sweep GC freed 3(96B) AllocSpace objects, 0(0B) LOS objects, 29% free, 38MB/54MB, paused 1.054ms total 37.825ms
08-04 13:59:23.854 27753 27764 I art     : Starting a blocking GC Explicit
08-04 13:59:23.895 27753 27764 I art     : Explicit concurrent mark sweep GC freed 1443(83KB) AllocSpace objects, 1(20KB) LOS objects, 29% free, 38MB/54MB, paused 1.035ms total 40.305ms
08-04 13:59:23.908 27753 27764 I art     : Starting a blocking GC Explicit
08-04 13:59:23.945 27753 27764 I art     : Explicit concurrent mark sweep GC freed 22(784B) AllocSpace objects, 0(0B) LOS objects, 29% free, 38MB/54MB, paused 1.168ms total 36.749ms
08-04 13:59:23.955 27753 27764 I art     : Starting a blocking GC Explicit
08-04 13:59:23.992 27753 27764 I art     : Explicit concurrent mark sweep GC freed 3(96B) AllocSpace objects, 0(0B) LOS objects, 29% free, 38MB/54MB, paused 1.014ms total 37.255ms
08-04 13:59:24.003 27753 27764 I art     : Starting a blocking GC Explicit
08-04 13:59:24.041 27753 27764 I art     : Explicit concurrent mark sweep GC freed 3(96B) AllocSpace objects, 0(0B) LOS objects, 29% free, 38MB/54MB, paused 1.072ms total 37.172ms
08-04 13:59:24.051 27753 27764 I art     : Starting a blocking GC Explicit
08-04 13:59:24.089 27753 27764 I art     : Explicit concurrent mark sweep GC freed 3(96B) AllocSpace objects, 0(0B) LOS objects, 29% free, 38MB/54MB, paused 1.073ms total 37.871ms
08-04 13:59:24.462 27753 30054 I art     : Starting a blocking GC Explicit
08-04 13:59:24.503 27753 30054 I art     : Explicit concurrent mark sweep GC freed 1444(83KB) AllocSpace objects, 1(20KB) LOS objects, 29% free, 38MB/54MB, paused 1.124ms total 40.483ms
08-04 13:59:24.517 27753 30054 I art     : Starting a blocking GC Explicit
08-04 13:59:24.554 27753 30054 I art     : Explicit concurrent mark sweep GC freed 22(800B) AllocSpace objects, 0(0B) LOS objects, 29% free, 38MB/54MB, paused 1.044ms total 36.979ms
08-04 13:59:24.564 27753 30054 I art     : Starting a blocking GC Explicit
08-04 13:59:24.601 27753 30054 I art     : Explicit concurrent mark sweep GC freed 3(96B) AllocSpace objects, 0(0B) LOS objects, 29% free, 38MB/54MB, paused 1.037ms total 37.006ms
08-04 13:59:24.612 27753 30054 I art     : Starting a blocking GC Explicit
08-04 13:59:24.650 27753 30054 I art     : Explicit concurrent mark sweep GC freed 3(96B) AllocSpace objects, 0(0B) LOS objects, 29% free, 38MB/54MB, paused 1.158ms total 37.527ms
08-04 13:59:24.660 27753 30054 I art     : Starting a blocking GC Explicit
08-04 13:59:24.699 27753 30054 I art     : Explicit concurrent mark sweep GC freed 3(96B) AllocSpace objects, 0(0B) LOS objects, 29% free, 38MB/54MB, paused 1.027ms total 38.027ms
08-04 13:59:25.050 27753 29836 I art     : Starting a blocking GC Explicit
08-04 13:59:25.089 27753 29836 I art     : Explicit concurrent mark sweep GC freed 1444(83KB) AllocSpace objects, 1(20KB) LOS objects, 29% free, 38MB/54MB, paused 1.091ms total 37.800ms
08-04 13:59:25.099 27753 29836 I art     : Starting a blocking GC Explicit
08-04 13:59:25.135 27753 29836 I art     : Explicit concurrent mark sweep GC freed 22(784B) AllocSpace objects, 0(0B) LOS objects, 29% free, 38MB/54MB, paused 1.027ms total 36.159ms
08-04 13:59:25.145 27753 29836 I art     : Starting a blocking GC Explicit
08-04 13:59:25.183 27753 29836 I art     : Explicit concurrent mark sweep GC freed 3(96B) AllocSpace objects, 0(0B) LOS objects, 29% free, 38MB/54MB, paused 1.053ms total 37.346ms
08-04 13:59:25.193 27753 29836 I art     : Starting a blocking GC Explicit
08-04 13:59:25.230 27753 29836 I art     : Explicit concurrent mark sweep GC freed 3(96B) AllocSpace objects, 0(0B) LOS objects, 29% free, 38MB/54MB, paused 1.063ms total 36.939ms
08-04 13:59:25.240 27753 29836 I art     : Starting a blocking GC Explicit
08-04 13:59:25.277 27753 29836 I art     : Explicit concurrent mark sweep GC freed 3(96B) AllocSpace objects, 0(0B) LOS objects, 29% free, 38MB/54MB, paused 1.092ms total 36.643ms
08-04 13:59:25.459 31220 31220 D AndroidRuntime: >>>>>> START com.android.internal.os.RuntimeInit uid 2000 <<<<<<
08-04 13:59:25.464 31220 31220 D AndroidRuntime: CheckJNI is OFF
08-04 13:59:25.495 31220 31220 D ICU     : No timezone override file found: /data/misc/zoneinfo/current/icu/icu_tzdata.dat
08-04 13:59:25.527 31220 31220 I Radio-JNI: register_android_hardware_Radio DONE
08-04 13:59:25.548 31220 31220 D AndroidRuntime: Calling main entry com.android.commands.input.Input
08-04 13:59:25.550 31220 31220 I Input   : injectKeyEvent: KeyEvent { action=ACTION_DOWN, keyCode=KEYCODE_BACK, scanCode=0, metaState=0, flags=0x0, repeatCount=0, eventTime=712781963, downTime=712781963, deviceId=-1, source=0x101 }
08-04 13:59:25.555 31220 31220 I Input   : injectKeyEvent: KeyEvent { action=ACTION_UP, keyCode=KEYCODE_BACK, scanCode=0, metaState=0, flags=0x0, repeatCount=0, eventTime=712781963, downTime=712781963, deviceId=-1, source=0x101 }
08-04 13:59:25.559 31220 31220 D AndroidRuntime: Shutting down VM
08-04 13:59:25.628 27753 29836 I art     : Starting a blocking GC Explicit
08-04 13:59:25.667 27753 29836 I art     : Explicit concurrent mark sweep GC freed 2411(174KB) AllocSpace objects, 4(80KB) LOS objects, 29% free, 38MB/54MB, paused 1.103ms total 38.683ms
08-04 13:59:25.667 27753 27763 I art     : WaitForGcToComplete blocked for 26.643ms for cause HeapTrim
08-04 13:59:25.677 27753 29836 I art     : Starting a blocking GC Explicit
08-04 13:59:25.714 27753 29836 I art     : Explicit concurrent mark sweep GC freed 532(51KB) AllocSpace objects, 1(20KB) LOS objects, 29% free, 38MB/54MB, paused 1.115ms total 36.621ms
08-04 13:59:25.724 27753 29836 I art     : Starting a blocking GC Explicit
08-04 13:59:25.734 13866 13866 I GoogleInputMethodServic: GoogleInputMethodService.onFinishInput():3138 
08-04 13:59:25.735 13866 13866 I GoogleInputMethodServic: GoogleInputMethodService.onStartInput():1808 
08-04 13:59:25.761 27753 29836 I art     : Explicit concurrent mark sweep GC freed 503(40KB) AllocSpace objects, 0(0B) LOS objects, 29% free, 38MB/54MB, paused 1.094ms total 36.623ms
08-04 13:59:25.771 27753 29836 I art     : Starting a blocking GC Explicit
08-04 13:59:25.804 27753 29836 I art     : Explicit concurrent mark sweep GC freed 20(672B) AllocSpace objects, 1(28KB) LOS objects, 29% free, 38MB/54MB, paused 938us total 33.124ms
08-04 13:59:25.814 27753 29836 I art     : Starting a blocking GC Explicit
08-04 13:59:25.850 27753 29836 I art     : Explicit concurrent mark sweep GC freed 1657(64KB) AllocSpace objects, 0(0B) LOS objects, 29% free, 38MB/54MB, paused 1.317ms total 35.440ms
08-04 13:59:25.873 27753 30740 E baseline.com.newsblur.network.APIResponse: Error (unexpected end of stream on https://www.newsblur.com/...) calling https://www.newsblur.com/reader/mark_story_hashes_as_read/
08-04 13:59:25.873 27753 30740 E baseline.com.newsblur.network.APIResponse: java.io.IOException: unexpected end of stream on https://www.newsblur.com/...
08-04 13:59:25.873 27753 30740 E baseline.com.newsblur.network.APIResponse: 	at okhttp3.internal.http1.Http1ExchangeCodec.readResponseHeaders(Http1ExchangeCodec.java:236)
08-04 13:59:25.873 27753 30740 E baseline.com.newsblur.network.APIResponse: 	at okhttp3.internal.connection.Exchange.readResponseHeaders(Exchange.java:115)
08-04 13:59:25.873 27753 30740 E baseline.com.newsblur.network.APIResponse: 	at okhttp3.internal.http.CallServerInterceptor.intercept(CallServerInterceptor.java:94)
08-04 13:59:25.873 27753 30740 E baseline.com.newsblur.network.APIResponse: 	at okhttp3.internal.http.RealInterceptorChain.proceed(RealInterceptorChain.java:142)
08-04 13:59:25.873 27753 30740 E baseline.com.newsblur.network.APIResponse: 	at okhttp3.internal.connection.ConnectInterceptor.intercept(ConnectInterceptor.java:43)
08-04 13:59:25.873 27753 30740 E baseline.com.newsblur.network.APIResponse: 	at okhttp3.internal.http.RealInterceptorChain.proceed(RealInterceptorChain.java:142)
08-04 13:59:25.873 27753 30740 E baseline.com.newsblur.network.APIResponse: 	at okhttp3.internal.http.RealInterceptorChain.proceed(RealInterceptorChain.java:117)
08-04 13:59:25.873 27753 30740 E baseline.com.newsblur.network.APIResponse: 	at okhttp3.internal.cache.CacheInterceptor.intercept(CacheInterceptor.java:94)
08-04 13:59:25.873 27753 30740 E baseline.com.newsblur.network.APIResponse: 	at okhttp3.internal.http.RealInterceptorChain.proceed(RealInterceptorChain.java:142)
08-04 13:59:25.873 27753 30740 E baseline.com.newsblur.network.APIResponse: 	at okhttp3.internal.http.RealInterceptorChain.proceed(RealInterceptorChain.java:117)
08-04 13:59:25.873 27753 30740 E baseline.com.newsblur.network.APIResponse: 	at okhttp3.internal.http.BridgeInterceptor.intercept(BridgeInterceptor.java:93)
08-04 13:59:25.873 27753 30740 E baseline.com.newsblur.network.APIResponse: 	at okhttp3.internal.http.RealInterceptorChain.proceed(RealInterceptorChain.java:142)
08-04 13:59:25.873 27753 30740 E baseline.com.newsblur.network.APIResponse: 	at okhttp3.internal.http.RetryAndFollowUpInterceptor.intercept(RetryAndFollowUpInterceptor.java:88)
08-04 13:59:25.873 27753 30740 E baseline.com.newsblur.network.APIResponse: 	at okhttp3.internal.http.RealInterceptorChain.proceed(RealInterceptorChain.java:142)
08-04 13:59:25.873 27753 30740 E baseline.com.newsblur.network.APIResponse: 	at okhttp3.internal.http.RealInterceptorChain.proceed(RealInterceptorChain.java:117)
08-04 13:59:25.873 27753 30740 E baseline.com.newsblur.network.APIResponse: 	at okhttp3.RealCall.getResponseWithInterceptorChain(RealCall.java:229)
08-04 13:59:25.873 27753 30740 E baseline.com.newsblur.network.APIResponse: 	at okhttp3.RealCall.execute(RealCall.java:81)
08-04 13:59:25.873 27753 30740 E baseline.com.newsblur.network.APIResponse: 	at baseline.com.newsblur.network.APIResponse.<init>(APIResponse.java:57)
08-04 13:59:25.873 27753 30740 E baseline.com.newsblur.network.APIResponse: 	at baseline.com.newsblur.network.APIResponse.<init>(APIResponse.java:43)
08-04 13:59:25.873 27753 30740 E baseline.com.newsblur.network.APIResponse: 	at baseline.com.newsblur.network.APIManager.post_single(APIManager.java:702)
08-04 13:59:25.873 27753 30740 E baseline.com.newsblur.network.APIResponse: 	at baseline.com.newsblur.network.APIManager.post(APIManager.java:675)
08-04 13:59:25.873 27753 30740 E baseline.com.newsblur.network.APIResponse: 	at baseline.com.newsblur.network.APIManager.post(APIManager.java:714)
08-04 13:59:25.873 27753 30740 E baseline.com.newsblur.network.APIResponse: 	at baseline.com.newsblur.network.APIManager.markStoryAsRead(APIManager.java:205)
08-04 13:59:25.873 27753 30740 E baseline.com.newsblur.network.APIResponse: 	at baseline.com.newsblur.util.ReadingAction.doRemote(ReadingAction.java:281)
08-04 13:59:25.873 27753 30740 E baseline.com.newsblur.network.APIResponse: 	at baseline.com.newsblur.service.NBSyncService.syncActions(NBSyncService.java:400)
08-04 13:59:25.873 27753 30740 E baseline.com.newsblur.network.APIResponse: 	at baseline.com.newsblur.service.NBSyncService.doSync(NBSyncService.java:298)
08-04 13:59:25.873 27753 30740 E baseline.com.newsblur.network.APIResponse: 	at baseline.com.newsblur.service.NBSyncService.access$100(NBSyncService.java:67)
08-04 13:59:25.873 27753 30740 E baseline.com.newsblur.network.APIResponse: 	at baseline.com.newsblur.service.NBSyncService$1.run(NBSyncService.java:188)
08-04 13:59:25.873 27753 30740 E baseline.com.newsblur.network.APIResponse: 	at java.util.concurrent.ThreadPoolExecutor.runWorker(ThreadPoolExecutor.java:1113)
08-04 13:59:25.873 27753 30740 E baseline.com.newsblur.network.APIResponse: 	at java.util.concurrent.ThreadPoolExecutor$Worker.run(ThreadPoolExecutor.java:588)
08-04 13:59:25.873 27753 30740 E baseline.com.newsblur.network.APIResponse: 	at java.lang.Thread.run(Thread.java:818)
08-04 13:59:25.873 27753 30740 E baseline.com.newsblur.network.APIResponse: Caused by: java.io.EOFException: \n not found: limit=0 content=
08-04 13:59:25.873 27753 30740 E baseline.com.newsblur.network.APIResponse: 	at okio.RealBufferedSource.readUtf8LineStrict(RealBufferedSource.java:240)
08-04 13:59:25.873 27753 30740 E baseline.com.newsblur.network.APIResponse: 	at okhttp3.internal.http1.Http1ExchangeCodec.readHeaderLine(Http1ExchangeCodec.java:242)
08-04 13:59:25.873 27753 30740 E baseline.com.newsblur.network.APIResponse: 	at okhttp3.internal.http1.Http1ExchangeCodec.readResponseHeaders(Http1ExchangeCodec.java:213)
08-04 13:59:25.873 27753 30740 E baseline.com.newsblur.network.APIResponse: 	... 30 more
08-04 13:59:25.875 27753 30740 I baseline.com.newsblur.service.NBSyncService: Holding reading action with server-side or network error.
08-04 13:59:25.888 27753 30740 W baseline.com.newsblur.service.NBSyncService: hard API failure
08-04 13:59:26.138 27753 27765 I art     : Starting a blocking GC Explicit
08-04 13:59:26.183 27753 27765 I art     : Explicit concurrent mark sweep GC freed 4263(452KB) AllocSpace objects, 7(140KB) LOS objects, 29% free, 38MB/54MB, paused 1.136ms total 44.299ms
08-04 13:59:26.196 27753 27765 I art     : Starting a blocking GC Explicit
08-04 13:59:26.240 27753 27765 I art     : Explicit concurrent mark sweep GC freed 331(14KB) AllocSpace objects, 0(0B) LOS objects, 29% free, 38MB/54MB, paused 1.241ms total 43.854ms
08-04 13:59:26.251 27753 27765 I art     : Starting a blocking GC Explicit
08-04 13:59:26.291 27753 30740 E baseline.com.newsblur.network.APIResponse: Error (unexpected end of stream on https://www.newsblur.com/...) calling https://www.newsblur.com/reader/mark_story_hashes_as_read/
08-04 13:59:26.291 27753 30740 E baseline.com.newsblur.network.APIResponse: java.io.IOException: unexpected end of stream on https://www.newsblur.com/...
08-04 13:59:26.291 27753 30740 E baseline.com.newsblur.network.APIResponse: 	at okhttp3.internal.http1.Http1ExchangeCodec.readResponseHeaders(Http1ExchangeCodec.java:236)
08-04 13:59:26.291 27753 30740 E baseline.com.newsblur.network.APIResponse: 	at okhttp3.internal.connection.Exchange.readResponseHeaders(Exchange.java:115)
08-04 13:59:26.291 27753 30740 E baseline.com.newsblur.network.APIResponse: 	at okhttp3.internal.http.CallServerInterceptor.intercept(CallServerInterceptor.java:94)
08-04 13:59:26.291 27753 30740 E baseline.com.newsblur.network.APIResponse: 	at okhttp3.internal.http.RealInterceptorChain.proceed(RealInterceptorChain.java:142)
08-04 13:59:26.291 27753 30740 E baseline.com.newsblur.network.APIResponse: 	at okhttp3.internal.connection.ConnectInterceptor.intercept(ConnectInterceptor.java:43)
08-04 13:59:26.291 27753 30740 E baseline.com.newsblur.network.APIResponse: 	at okhttp3.internal.http.RealInterceptorChain.proceed(RealInterceptorChain.java:142)
08-04 13:59:26.291 27753 30740 E baseline.com.newsblur.network.APIResponse: 	at okhttp3.internal.http.RealInterceptorChain.proceed(RealInterceptorChain.java:117)
08-04 13:59:26.291 27753 30740 E baseline.com.newsblur.network.APIResponse: 	at okhttp3.internal.cache.CacheInterceptor.intercept(CacheInterceptor.java:94)
08-04 13:59:26.291 27753 30740 E baseline.com.newsblur.network.APIResponse: 	at okhttp3.internal.http.RealInterceptorChain.proceed(RealInterceptorChain.java:142)
08-04 13:59:26.291 27753 30740 E baseline.com.newsblur.network.APIResponse: 	at okhttp3.internal.http.RealInterceptorChain.proceed(RealInterceptorChain.java:117)
08-04 13:59:26.291 27753 30740 E baseline.com.newsblur.network.APIResponse: 	at okhttp3.internal.http.BridgeInterceptor.intercept(BridgeInterceptor.java:93)
08-04 13:59:26.291 27753 30740 E baseline.com.newsblur.network.APIResponse: 	at okhttp3.internal.http.RealInterceptorChain.proceed(RealInterceptorChain.java:142)
08-04 13:59:26.291 27753 30740 E baseline.com.newsblur.network.APIResponse: 	at okhttp3.internal.http.RetryAndFollowUpInterceptor.intercept(RetryAndFollowUpInterceptor.java:88)
08-04 13:59:26.291 27753 30740 E baseline.com.newsblur.network.APIResponse: 	at okhttp3.internal.http.RealInterceptorChain.proceed(RealInterceptorChain.java:142)
08-04 13:59:26.291 27753 30740 E baseline.com.newsblur.network.APIResponse: 	at okhttp3.internal.http.RealInterceptorChain.proceed(RealInterceptorChain.java:117)
08-04 13:59:26.291 27753 30740 E baseline.com.newsblur.network.APIResponse: 	at okhttp3.RealCall.getResponseWithInterceptorChain(RealCall.java:229)
08-04 13:59:26.291 27753 30740 E baseline.com.newsblur.network.APIResponse: 	at okhttp3.RealCall.execute(RealCall.java:81)
08-04 13:59:26.291 27753 30740 E baseline.com.newsblur.network.APIResponse: 	at baseline.com.newsblur.network.APIResponse.<init>(APIResponse.java:57)
08-04 13:59:26.291 27753 30740 E baseline.com.newsblur.network.APIResponse: 	at baseline.com.newsblur.network.APIResponse.<init>(APIResponse.java:43)
08-04 13:59:26.291 27753 30740 E baseline.com.newsblur.network.APIResponse: 	at baseline.com.newsblur.network.APIManager.post_single(APIManager.java:702)
08-04 13:59:26.291 27753 30740 E baseline.com.newsblur.network.APIResponse: 	at baseline.com.newsblur.network.APIManager.post(APIManager.java:675)
08-04 13:59:26.291 27753 30740 E baseline.com.newsblur.network.APIResponse: 	at baseline.com.newsblur.network.APIManager.post(APIManager.java:714)
08-04 13:59:26.291 27753 30740 E baseline.com.newsblur.network.APIResponse: 	at baseline.com.newsblur.network.APIManager.markStoryAsRead(APIManager.java:205)
08-04 13:59:26.291 27753 30740 E baseline.com.newsblur.network.APIResponse: 	at baseline.com.newsblur.util.ReadingAction.doRemote(ReadingAction.java:281)
08-04 13:59:26.291 27753 30740 E baseline.com.newsblur.network.APIResponse: 	at baseline.com.newsblur.service.NBSyncService.syncActions(NBSyncService.java:400)
08-04 13:59:26.291 27753 30740 E baseline.com.newsblur.network.APIResponse: 	at baseline.com.newsblur.service.NBSyncService.doSync(NBSyncService.java:298)
08-04 13:59:26.291 27753 30740 E baseline.com.newsblur.network.APIResponse: 	at baseline.com.newsblur.service.NBSyncService.access$100(NBSyncService.java:67)
08-04 13:59:26.291 27753 30740 E baseline.com.newsblur.network.APIResponse: 	at baseline.com.newsblur.service.NBSyncService$1.run(NBSyncService.java:188)
08-04 13:59:26.291 27753 30740 E baseline.com.newsblur.network.APIResponse: 	at java.util.concurrent.ThreadPoolExecutor.runWorker(ThreadPoolExecutor.java:1113)
08-04 13:59:26.291 27753 30740 E baseline.com.newsblur.network.APIResponse: 	at java.util.concurrent.ThreadPoolExecutor$Worker.run(ThreadPoolExecutor.java:588)
08-04 13:59:26.291 27753 30740 E baseline.com.newsblur.network.APIResponse: 	at java.lang.Thread.run(Thread.java:818)
08-04 13:59:26.291 27753 30740 E baseline.com.newsblur.network.APIResponse: Caused by: java.io.EOFException: \n not found: limit=0 content=
08-04 13:59:26.291 27753 30740 E baseline.com.newsblur.network.APIResponse: 	at okio.RealBufferedSource.readUtf8LineStrict(RealBufferedSource.java:240)
08-04 13:59:26.291 27753 30740 E baseline.com.newsblur.network.APIResponse: 	at okhttp3.internal.http1.Http1ExchangeCodec.readHeaderLine(Http1ExchangeCodec.java:242)
08-04 13:59:26.291 27753 30740 E baseline.com.newsblur.network.APIResponse: 	at okhttp3.internal.http1.Http1ExchangeCodec.readResponseHeaders(Http1ExchangeCodec.java:213)
08-04 13:59:26.291 27753 30740 E baseline.com.newsblur.network.APIResponse: 	... 30 more
08-04 13:59:26.293 27753 30740 I baseline.com.newsblur.network.APIManager: API call failed, pausing before retry number 1
08-04 13:59:26.293 27753 27765 I art     : Explicit concurrent mark sweep GC freed 1876(132KB) AllocSpace objects, 0(0B) LOS objects, 29% free, 38MB/54MB, paused 1.096ms total 42.499ms
08-04 13:59:26.305 27753 27765 I art     : Starting a blocking GC Explicit
08-04 13:59:26.346 27753 27765 I art     : Explicit concurrent mark sweep GC freed 681(143KB) AllocSpace objects, 2(40KB) LOS objects, 29% free, 38MB/54MB, paused 1.001ms total 40.370ms
08-04 13:59:26.358 27753 27765 I art     : Starting a blocking GC Explicit
08-04 13:59:26.400 27753 27765 I art     : Explicit concurrent mark sweep GC freed 51(1856B) AllocSpace objects, 0(0B) LOS objects, 29% free, 38MB/54MB, paused 1.039ms total 41.510ms
08-04 13:59:26.736 27753 27764 I art     : Starting a blocking GC Explicit
08-04 13:59:26.781 27753 27764 I art     : Explicit concurrent mark sweep GC freed 1486(84KB) AllocSpace objects, 1(20KB) LOS objects, 29% free, 38MB/54MB, paused 1.244ms total 44.741ms
08-04 13:59:26.794 27753 27764 I art     : Starting a blocking GC Explicit
08-04 13:59:26.833 27753 27764 I art     : Explicit concurrent mark sweep GC freed 30(1040B) AllocSpace objects, 0(0B) LOS objects, 29% free, 38MB/54MB, paused 1.049ms total 39.123ms
08-04 13:59:26.844 27753 27764 I art     : Starting a blocking GC Explicit
08-04 13:59:26.880 27753 27764 I art     : Explicit concurrent mark sweep GC freed 7(224B) AllocSpace objects, 0(0B) LOS objects, 29% free, 38MB/54MB, paused 1.003ms total 36.381ms
08-04 13:59:26.892 27753 27764 I art     : Starting a blocking GC Explicit
08-04 13:59:26.932 27753 27764 I art     : Explicit concurrent mark sweep GC freed 11(352B) AllocSpace objects, 0(0B) LOS objects, 29% free, 38MB/54MB, paused 1.006ms total 39.606ms
08-04 13:59:26.944 27753 27764 I art     : Starting a blocking GC Explicit
08-04 13:59:26.984 27753 27764 I art     : Explicit concurrent mark sweep GC freed 9(288B) AllocSpace objects, 0(0B) LOS objects, 29% free, 38MB/54MB, paused 1.135ms total 39.886ms
08-04 13:59:27.215 31264 31264 D AndroidRuntime: >>>>>> START com.android.internal.os.RuntimeInit uid 2000 <<<<<<
08-04 13:59:27.220 31264 31264 D AndroidRuntime: CheckJNI is OFF
08-04 13:59:27.252 31264 31264 D ICU     : No timezone override file found: /data/misc/zoneinfo/current/icu/icu_tzdata.dat
08-04 13:59:27.286 31264 31264 I Radio-JNI: register_android_hardware_Radio DONE
08-04 13:59:27.308 31264 31264 D AndroidRuntime: Calling main entry com.android.commands.input.Input
08-04 13:59:27.310 31264 31264 I Input   : injectKeyEvent: KeyEvent { action=ACTION_DOWN, keyCode=KEYCODE_BACK, scanCode=0, metaState=0, flags=0x0, repeatCount=0, eventTime=712783723, downTime=712783723, deviceId=-1, source=0x101 }
08-04 13:59:27.315 31264 31264 I Input   : injectKeyEvent: KeyEvent { action=ACTION_UP, keyCode=KEYCODE_BACK, scanCode=0, metaState=0, flags=0x0, repeatCount=0, eventTime=712783723, downTime=712783723, deviceId=-1, source=0x101 }
08-04 13:59:27.318 27753 27765 I art     : Starting a blocking GC Explicit
08-04 13:59:27.321 31264 31264 D AndroidRuntime: Shutting down VM
08-04 13:59:27.355 27753 27765 I art     : Explicit concurrent mark sweep GC freed 1797(149KB) AllocSpace objects, 5(100KB) LOS objects, 29% free, 38MB/54MB, paused 960us total 36.573ms
08-04 13:59:27.364 27753 27765 I art     : Starting a blocking GC Explicit
08-04 13:59:27.401 27753 27765 I art     : Explicit concurrent mark sweep GC freed 54(2160B) AllocSpace objects, 0(0B) LOS objects, 29% free, 38MB/54MB, paused 1.082ms total 36.457ms
08-04 13:59:27.411 27753 27765 I art     : Starting a blocking GC Explicit
08-04 13:59:27.449 27753 27765 I art     : Explicit concurrent mark sweep GC freed 2067(145KB) AllocSpace objects, 4(80KB) LOS objects, 29% free, 38MB/54MB, paused 1.049ms total 37.354ms
08-04 13:59:27.459 27753 27765 I art     : Starting a blocking GC Explicit
08-04 13:59:27.470 13866 13866 I GoogleInputMethodServic: GoogleInputMethodService.onFinishInput():3138 
08-04 13:59:27.471 13866 13866 I GoogleInputMethodServic: GoogleInputMethodService.onStartInput():1808 
08-04 13:59:27.496 27753 27765 I art     : Explicit concurrent mark sweep GC freed 5884(371KB) AllocSpace objects, 4(80KB) LOS objects, 29% free, 38MB/54MB, paused 1.126ms total 36.219ms
08-04 13:59:27.507 27753 27765 I art     : Starting a blocking GC Explicit
08-04 13:59:27.541 27753 27765 I art     : Explicit concurrent mark sweep GC freed 243(9KB) AllocSpace objects, 0(0B) LOS objects, 29% free, 38MB/54MB, paused 975us total 34.180ms
08-04 13:59:27.853 27753 27764 I art     : Starting a blocking GC Explicit
08-04 13:59:27.893 27753 27764 I art     : Explicit concurrent mark sweep GC freed 2049(110KB) AllocSpace objects, 1(20KB) LOS objects, 29% free, 38MB/54MB, paused 1.063ms total 39.383ms
08-04 13:59:27.902 27753 27764 I art     : Starting a blocking GC Explicit
08-04 13:59:27.938 27753 27764 I art     : Explicit concurrent mark sweep GC freed 181(9KB) AllocSpace objects, 0(0B) LOS objects, 29% free, 38MB/54MB, paused 1.151ms total 35.200ms
08-04 13:59:27.948 27753 27764 I art     : Starting a blocking GC Explicit
08-04 13:59:27.984 27753 27764 I art     : Explicit concurrent mark sweep GC freed 8(256B) AllocSpace objects, 0(0B) LOS objects, 29% free, 38MB/54MB, paused 1.010ms total 35.708ms
08-04 13:59:27.995 27753 27764 I art     : Starting a blocking GC Explicit
08-04 13:59:28.034 27753 27764 I art     : Explicit concurrent mark sweep GC freed 9(288B) AllocSpace objects, 0(0B) LOS objects, 29% free, 38MB/54MB, paused 1.112ms total 38.742ms
08-04 13:59:28.045 27753 27764 I art     : Starting a blocking GC Explicit
08-04 13:59:28.085 27753 27764 I art     : Explicit concurrent mark sweep GC freed 9(288B) AllocSpace objects, 0(0B) LOS objects, 29% free, 38MB/54MB, paused 1.032ms total 39.612ms
08-04 13:59:28.325 27753 30740 E baseline.com.newsblur.network.APIResponse: Error (unexpected end of stream on https://www.newsblur.com/...) calling https://www.newsblur.com/reader/mark_story_hashes_as_read/
08-04 13:59:28.325 27753 30740 E baseline.com.newsblur.network.APIResponse: java.io.IOException: unexpected end of stream on https://www.newsblur.com/...
08-04 13:59:28.325 27753 30740 E baseline.com.newsblur.network.APIResponse: 	at okhttp3.internal.http1.Http1ExchangeCodec.readResponseHeaders(Http1ExchangeCodec.java:236)
08-04 13:59:28.325 27753 30740 E baseline.com.newsblur.network.APIResponse: 	at okhttp3.internal.connection.Exchange.readResponseHeaders(Exchange.java:115)
08-04 13:59:28.325 27753 30740 E baseline.com.newsblur.network.APIResponse: 	at okhttp3.internal.http.CallServerInterceptor.intercept(CallServerInterceptor.java:94)
08-04 13:59:28.325 27753 30740 E baseline.com.newsblur.network.APIResponse: 	at okhttp3.internal.http.RealInterceptorChain.proceed(RealInterceptorChain.java:142)
08-04 13:59:28.325 27753 30740 E baseline.com.newsblur.network.APIResponse: 	at okhttp3.internal.connection.ConnectInterceptor.intercept(ConnectInterceptor.java:43)
08-04 13:59:28.325 27753 30740 E baseline.com.newsblur.network.APIResponse: 	at okhttp3.internal.http.RealInterceptorChain.proceed(RealInterceptorChain.java:142)
08-04 13:59:28.325 27753 30740 E baseline.com.newsblur.network.APIResponse: 	at okhttp3.internal.http.RealInterceptorChain.proceed(RealInterceptorChain.java:117)
08-04 13:59:28.325 27753 30740 E baseline.com.newsblur.network.APIResponse: 	at okhttp3.internal.cache.CacheInterceptor.intercept(CacheInterceptor.java:94)
08-04 13:59:28.325 27753 30740 E baseline.com.newsblur.network.APIResponse: 	at okhttp3.internal.http.RealInterceptorChain.proceed(RealInterceptorChain.java:142)
08-04 13:59:28.325 27753 30740 E baseline.com.newsblur.network.APIResponse: 	at okhttp3.internal.http.RealInterceptorChain.proceed(RealInterceptorChain.java:117)
08-04 13:59:28.325 27753 30740 E baseline.com.newsblur.network.APIResponse: 	at okhttp3.internal.http.BridgeInterceptor.intercept(BridgeInterceptor.java:93)
08-04 13:59:28.325 27753 30740 E baseline.com.newsblur.network.APIResponse: 	at okhttp3.internal.http.RealInterceptorChain.proceed(RealInterceptorChain.java:142)
08-04 13:59:28.325 27753 30740 E baseline.com.newsblur.network.APIResponse: 	at okhttp3.internal.http.RetryAndFollowUpInterceptor.intercept(RetryAndFollowUpInterceptor.java:88)
08-04 13:59:28.325 27753 30740 E baseline.com.newsblur.network.APIResponse: 	at okhttp3.internal.http.RealInterceptorChain.proceed(RealInterceptorChain.java:142)
08-04 13:59:28.325 27753 30740 E baseline.com.newsblur.network.APIResponse: 	at okhttp3.internal.http.RealInterceptorChain.proceed(RealInterceptorChain.java:117)
08-04 13:59:28.325 27753 30740 E baseline.com.newsblur.network.APIResponse: 	at okhttp3.RealCall.getResponseWithInterceptorChain(RealCall.java:229)
08-04 13:59:28.325 27753 30740 E baseline.com.newsblur.network.APIResponse: 	at okhttp3.RealCall.execute(RealCall.java:81)
08-04 13:59:28.325 27753 30740 E baseline.com.newsblur.network.APIResponse: 	at baseline.com.newsblur.network.APIResponse.<init>(APIResponse.java:57)
08-04 13:59:28.325 27753 30740 E baseline.com.newsblur.network.APIResponse: 	at baseline.com.newsblur.network.APIResponse.<init>(APIResponse.java:43)
08-04 13:59:28.325 27753 30740 E baseline.com.newsblur.network.APIResponse: 	at baseline.com.newsblur.network.APIManager.post_single(APIManager.java:702)
08-04 13:59:28.325 27753 30740 E baseline.com.newsblur.network.APIResponse: 	at baseline.com.newsblur.network.APIManager.post(APIManager.java:675)
08-04 13:59:28.325 27753 30740 E baseline.com.newsblur.network.APIResponse: 	at baseline.com.newsblur.network.APIManager.post(APIManager.java:714)
08-04 13:59:28.325 27753 30740 E baseline.com.newsblur.network.APIResponse: 	at baseline.com.newsblur.network.APIManager.markStoryAsRead(APIManager.java:205)
08-04 13:59:28.325 27753 30740 E baseline.com.newsblur.network.APIResponse: 	at baseline.com.newsblur.util.ReadingAction.doRemote(ReadingAction.java:281)
08-04 13:59:28.325 27753 30740 E baseline.com.newsblur.network.APIResponse: 	at baseline.com.newsblur.service.NBSyncService.syncActions(NBSyncService.java:400)
08-04 13:59:28.325 27753 30740 E baseline.com.newsblur.network.APIResponse: 	at baseline.com.newsblur.service.NBSyncService.doSync(NBSyncService.java:298)
08-04 13:59:28.325 27753 30740 E baseline.com.newsblur.network.APIResponse: 	at baseline.com.newsblur.service.NBSyncService.access$100(NBSyncService.java:67)
08-04 13:59:28.325 27753 30740 E baseline.com.newsblur.network.APIResponse: 	at baseline.com.newsblur.service.NBSyncService$1.run(NBSyncService.java:188)
08-04 13:59:28.325 27753 30740 E baseline.com.newsblur.network.APIResponse: 	at java.util.concurrent.ThreadPoolExecutor.runWorker(ThreadPoolExecutor.java:1113)
08-04 13:59:28.325 27753 30740 E baseline.com.newsblur.network.APIResponse: 	at java.util.concurrent.ThreadPoolExecutor$Worker.run(ThreadPoolExecutor.java:588)
08-04 13:59:28.325 27753 30740 E baseline.com.newsblur.network.APIResponse: 	at java.lang.Thread.run(Thread.java:818)
08-04 13:59:28.325 27753 30740 E baseline.com.newsblur.network.APIResponse: Caused by: java.io.EOFException: \n not found: limit=0 content=
08-04 13:59:28.325 27753 30740 E baseline.com.newsblur.network.APIResponse: 	at okio.RealBufferedSource.readUtf8LineStrict(RealBufferedSource.java:240)
08-04 13:59:28.325 27753 30740 E baseline.com.newsblur.network.APIResponse: 	at okhttp3.internal.http1.Http1ExchangeCodec.readHeaderLine(Http1ExchangeCodec.java:242)
08-04 13:59:28.325 27753 30740 E baseline.com.newsblur.network.APIResponse: 	at okhttp3.internal.http1.Http1ExchangeCodec.readResponseHeaders(Http1ExchangeCodec.java:213)
08-04 13:59:28.325 27753 30740 E baseline.com.newsblur.network.APIResponse: 	... 30 more
08-04 13:59:28.327 27753 30740 I baseline.com.newsblur.network.APIManager: API call failed, pausing before retry number 2
08-04 13:59:28.410 27753 27765 I art     : Starting a blocking GC Explicit
08-04 13:59:28.454 27753 27765 I art     : Explicit concurrent mark sweep GC freed 3995(358KB) AllocSpace objects, 3(60KB) LOS objects, 29% free, 38MB/54MB, paused 1.017ms total 43.475ms
08-04 13:59:28.467 27753 27765 I art     : Starting a blocking GC Explicit
08-04 13:59:28.507 27753 27765 I art     : Explicit concurrent mark sweep GC freed 127(4KB) AllocSpace objects, 0(0B) LOS objects, 29% free, 38MB/54MB, paused 1.099ms total 39.790ms
08-04 13:59:28.517 27753 27765 I art     : Starting a blocking GC Explicit
08-04 13:59:28.556 27753 27765 I art     : Explicit concurrent mark sweep GC freed 8(256B) AllocSpace objects, 0(0B) LOS objects, 29% free, 38MB/54MB, paused 1.227ms total 39.231ms
08-04 13:59:28.568 27753 27765 I art     : Starting a blocking GC Explicit
08-04 13:59:28.603 27753 27765 I art     : Explicit concurrent mark sweep GC freed 10(320B) AllocSpace objects, 0(0B) LOS objects, 29% free, 38MB/54MB, paused 1.071ms total 34.967ms
08-04 13:59:28.613 27753 27765 I art     : Starting a blocking GC Explicit
08-04 13:59:28.648 27753 27765 I art     : Explicit concurrent mark sweep GC freed 6(192B) AllocSpace objects, 0(0B) LOS objects, 29% free, 38MB/54MB, paused 1.047ms total 34.649ms
08-04 13:59:28.946 31307 31307 D AndroidRuntime: >>>>>> START com.android.internal.os.RuntimeInit uid 2000 <<<<<<
08-04 13:59:28.951 31307 31307 D AndroidRuntime: CheckJNI is OFF
08-04 13:59:28.966 27753 30054 I art     : Starting a blocking GC Explicit
08-04 13:59:28.987 31307 31307 D ICU     : No timezone override file found: /data/misc/zoneinfo/current/icu/icu_tzdata.dat
08-04 13:59:29.006 27753 30054 I art     : Explicit concurrent mark sweep GC freed 1509(85KB) AllocSpace objects, 1(20KB) LOS objects, 29% free, 38MB/54MB, paused 1.206ms total 40.452ms
08-04 13:59:29.007   518   646 I ThermalEngine: ACTION: GPU - Setting GPU[0] to 450000000
08-04 13:59:29.020 27753 30054 I art     : Starting a blocking GC Explicit
08-04 13:59:29.029 31307 31307 I Radio-JNI: register_android_hardware_Radio DONE
08-04 13:59:29.059 31307 31307 D AndroidRuntime: Calling main entry com.android.commands.input.Input
08-04 13:59:29.062 31307 31307 I Input   : injectMotionEvent: MotionEvent { action=ACTION_DOWN, actionButton=0, id[0]=0, x[0]=553.0, y[0]=442.0, toolType[0]=TOOL_TYPE_UNKNOWN, buttonState=0, metaState=0, flags=0x0, edgeFlags=0x0, pointerCount=1, historySize=0, eventTime=712785474, downTime=712785474, deviceId=0, source=0x1002 }
08-04 13:59:29.068 31307 31307 I Input   : injectMotionEvent: MotionEvent { action=ACTION_UP, actionButton=0, id[0]=0, x[0]=553.0, y[0]=442.0, toolType[0]=TOOL_TYPE_UNKNOWN, buttonState=0, metaState=0, flags=0x0, edgeFlags=0x0, pointerCount=1, historySize=0, eventTime=712785474, downTime=712785474, deviceId=0, source=0x1002 }
08-04 13:59:29.072 27753 30054 I art     : Explicit concurrent mark sweep GC freed 33(1312B) AllocSpace objects, 0(0B) LOS objects, 29% free, 38MB/54MB, paused 4.433ms total 52.501ms
08-04 13:59:29.075 31307 31307 D AndroidRuntime: Shutting down VM
08-04 13:59:29.085 27753 30054 I art     : Starting a blocking GC Explicit
08-04 13:59:29.128 27753 30054 I art     : Explicit concurrent mark sweep GC freed 46(1648B) AllocSpace objects, 0(0B) LOS objects, 29% free, 38MB/54MB, paused 1.624ms total 42.599ms
08-04 13:59:29.141 27753 30054 I art     : Starting a blocking GC Explicit
08-04 13:59:29.145   918   929 I ActivityManager: START u0 {cmp=baseline.com.newsblur/.activity.AllSharedStoriesItemsList (has extras)} from uid 10652 on display 0
08-04 13:59:29.172 27753 30352 I baseline.com.newsblur.database.BlurDatabaseHelper: reading session reset
08-04 13:59:29.191 27753 30054 I art     : Explicit concurrent mark sweep GC freed 1228(164KB) AllocSpace objects, 4(80KB) LOS objects, 29% free, 38MB/54MB, paused 2.018ms total 49.479ms
08-04 13:59:29.205 27753 30054 I art     : Starting a blocking GC Explicit
08-04 13:59:29.251 27753 30054 I art     : Explicit concurrent mark sweep GC freed 925(50KB) AllocSpace objects, 1(112KB) LOS objects, 29% free, 38MB/54MB, paused 1.437ms total 46.010ms
08-04 13:59:29.372 27753 27753 W View    : requestLayout() improperly called by android.widget.FrameLayout{9f94351 V.E...... ......ID 0,0-1440,0 #7f07003f app:id/footer_view_inner} during layout: running second layout pass
08-04 13:59:29.372 27753 27753 W View    : requestLayout() improperly called by android.widget.FrameLayout{34a87b6 V.E...... ......ID 0,0-1440,2091 #7f07003f app:id/footer_view_inner} during layout: running second layout pass
08-04 13:59:29.388 13866 13866 I GoogleInputMethodServic: GoogleInputMethodService.onFinishInput():3138 
08-04 13:59:29.388   918   936 I ActivityManager: Displayed baseline.com.newsblur/.activity.AllSharedStoriesItemsList: +230ms
08-04 13:59:29.390 13866 13866 I GoogleInputMethodServic: GoogleInputMethodService.onStartInput():1808 
08-04 13:59:29.546 27753 31336 I NAPPA_EXPERIMENTATION: MetricNetworkRequestExecutionTime: REQUEST_DURATION_SYSTEM='108',REQUEST_DURATION_OKHTTP='106',REQUEST_SYNCHRONOUS='TRUE',RESPONSE_CODE='200',RESPONSE_METHOD='GET',RESPONSE_LENGTH_OKHTTP='43',RESPONSE_LENGTH_HEADER='43',REQUEST_PROTOCOL='http/1.1',REQUEST_URL='http://feeds.feedburner.com/~r/retort/~4/UffaFMiJbNs',
08-04 13:59:29.607 27753 29836 I art     : Starting a blocking GC Explicit
08-04 13:59:29.650 27753 30088 I NAPPA_EXPERIMENTATION: MetricNetworkRequestExecutionTime: REQUEST_DURATION_SYSTEM='196',REQUEST_DURATION_OKHTTP='194',REQUEST_SYNCHRONOUS='TRUE',RESPONSE_CODE='200',RESPONSE_METHOD='GET',RESPONSE_LENGTH_OKHTTP='56376',RESPONSE_LENGTH_HEADER='56376',REQUEST_PROTOCOL='h2',REQUEST_URL='https://images.fastcompany.net/image/upload/w_1280,q_auto,f_auto,fl_lossy/wp-cms/uploads/2020/07/p-1-quit-after-covid.jpg',
08-04 13:59:29.663 27753 29836 I art     : Explicit concurrent mark sweep GC freed 4686(359KB) AllocSpace objects, 13(260KB) LOS objects, 29% free, 38MB/54MB, paused 1.352ms total 55.414ms
08-04 13:59:29.676 27753 29836 I art     : Starting a blocking GC Explicit
08-04 13:59:29.720 27753 29836 I art     : Explicit concurrent mark sweep GC freed 444(20KB) AllocSpace objects, 1(20KB) LOS objects, 26% free, 44MB/60MB, paused 1.498ms total 43.892ms
08-04 13:59:29.733 27753 29836 I art     : Starting a blocking GC Explicit
08-04 13:59:29.779 27753 29836 I art     : Explicit concurrent mark sweep GC freed 92(3KB) AllocSpace objects, 2(3MB) LOS objects, 28% free, 40MB/56MB, paused 1.453ms total 45.755ms
08-04 13:59:29.791 27753 29836 I art     : Starting a blocking GC Explicit
08-04 13:59:29.839 27753 29836 I art     : Explicit concurrent mark sweep GC freed 158(6KB) AllocSpace objects, 0(0B) LOS objects, 28% free, 40MB/56MB, paused 1.350ms total 46.987ms
08-04 13:59:29.853 27753 29836 I art     : Starting a blocking GC Explicit
08-04 13:59:29.902 27753 29836 I art     : Explicit concurrent mark sweep GC freed 7(224B) AllocSpace objects, 0(0B) LOS objects, 28% free, 40MB/56MB, paused 1.393ms total 48.892ms
08-04 13:59:29.978 26337 26337 I ServiceManager: Waiting for service AtCmdFwd...
08-04 13:59:30.262 27753 27764 I art     : Starting a blocking GC Explicit
08-04 13:59:30.313 27753 27764 I art     : Explicit concurrent mark sweep GC freed 1468(83KB) AllocSpace objects, 1(20KB) LOS objects, 28% free, 40MB/56MB, paused 1.483ms total 50.945ms
08-04 13:59:30.328 27753 27764 I art     : Starting a blocking GC Explicit
08-04 13:59:30.377 27753 27764 I art     : Explicit concurrent mark sweep GC freed 26(912B) AllocSpace objects, 0(0B) LOS objects, 28% free, 40MB/56MB, paused 1.559ms total 49.617ms
08-04 13:59:30.391 27753 27764 I art     : Starting a blocking GC Explicit
08-04 13:59:30.440 27753 27764 I art     : Explicit concurrent mark sweep GC freed 7(224B) AllocSpace objects, 0(0B) LOS objects, 28% free, 40MB/56MB, paused 1.432ms total 48.592ms
08-04 13:59:30.453 27753 27764 I art     : Starting a blocking GC Explicit
08-04 13:59:30.502 27753 27764 I art     : Explicit concurrent mark sweep GC freed 6(192B) AllocSpace objects, 0(0B) LOS objects, 28% free, 40MB/56MB, paused 1.462ms total 48.896ms
08-04 13:59:30.516 27753 27764 I art     : Starting a blocking GC Explicit
08-04 13:59:30.567 27753 27764 I art     : Explicit concurrent mark sweep GC freed 10(320B) AllocSpace objects, 0(0B) LOS objects, 28% free, 40MB/56MB, paused 1.408ms total 50.947ms
08-04 13:59:30.932 27753 30054 I art     : Starting a blocking GC Explicit
08-04 13:59:30.979 26337 26337 I ServiceManager: Waiting for service AtCmdFwd...
08-04 13:59:30.985 27753 30054 I art     : Explicit concurrent mark sweep GC freed 1497(84KB) AllocSpace objects, 1(20KB) LOS objects, 28% free, 40MB/56MB, paused 1.453ms total 52ms
08-04 13:59:30.999 27753 30054 I art     : Starting a blocking GC Explicit
08-04 13:59:31.051 27753 30054 I art     : Explicit concurrent mark sweep GC freed 26(912B) AllocSpace objects, 0(0B) LOS objects, 28% free, 40MB/56MB, paused 1.499ms total 51.619ms
08-04 13:59:31.065 27753 30054 I art     : Starting a blocking GC Explicit
08-04 13:59:31.114 27753 30054 I art     : Explicit concurrent mark sweep GC freed 7(224B) AllocSpace objects, 0(0B) LOS objects, 28% free, 40MB/56MB, paused 1.434ms total 49.258ms
08-04 13:59:31.128 27753 30054 I art     : Starting a blocking GC Explicit
08-04 13:59:31.179 27753 30054 I art     : Explicit concurrent mark sweep GC freed 7(224B) AllocSpace objects, 0(0B) LOS objects, 28% free, 40MB/56MB, paused 1.578ms total 51.551ms
08-04 13:59:31.193 27753 30054 I art     : Starting a blocking GC Explicit
08-04 13:59:31.243 27753 30054 I art     : Explicit concurrent mark sweep GC freed 7(224B) AllocSpace objects, 0(0B) LOS objects, 28% free, 40MB/56MB, paused 1.463ms total 49.938ms
08-04 13:59:31.626 27753 27765 I art     : Starting a blocking GC Explicit
08-04 13:59:31.680 27753 27765 I art     : Explicit concurrent mark sweep GC freed 1637(93KB) AllocSpace objects, 1(20KB) LOS objects, 28% free, 40MB/56MB, paused 1.568ms total 54.080ms
08-04 13:59:31.694 27753 27765 I art     : Starting a blocking GC Explicit
08-04 13:59:31.745 27753 27765 I art     : Explicit concurrent mark sweep GC freed 32(1168B) AllocSpace objects, 0(0B) LOS objects, 28% free, 40MB/56MB, paused 1.501ms total 50.304ms
08-04 13:59:31.758 27753 27765 I art     : Starting a blocking GC Explicit
08-04 13:59:31.809 27753 27765 I art     : Explicit concurrent mark sweep GC freed 1661(65KB) AllocSpace objects, 0(0B) LOS objects, 28% free, 40MB/56MB, paused 1.591ms total 51.072ms
08-04 13:59:31.823 27753 27765 I art     : Starting a blocking GC Explicit
08-04 13:59:31.834 27753 30740 E baseline.com.newsblur.network.APIResponse: Error (unexpected end of stream on https://www.newsblur.com/...) calling https://www.newsblur.com/reader/mark_story_hashes_as_read/
08-04 13:59:31.834 27753 30740 E baseline.com.newsblur.network.APIResponse: java.io.IOException: unexpected end of stream on https://www.newsblur.com/...
08-04 13:59:31.834 27753 30740 E baseline.com.newsblur.network.APIResponse: 	at okhttp3.internal.http1.Http1ExchangeCodec.readResponseHeaders(Http1ExchangeCodec.java:236)
08-04 13:59:31.834 27753 30740 E baseline.com.newsblur.network.APIResponse: 	at okhttp3.internal.connection.Exchange.readResponseHeaders(Exchange.java:115)
08-04 13:59:31.834 27753 30740 E baseline.com.newsblur.network.APIResponse: 	at okhttp3.internal.http.CallServerInterceptor.intercept(CallServerInterceptor.java:94)
08-04 13:59:31.834 27753 30740 E baseline.com.newsblur.network.APIResponse: 	at okhttp3.internal.http.RealInterceptorChain.proceed(RealInterceptorChain.java:142)
08-04 13:59:31.834 27753 30740 E baseline.com.newsblur.network.APIResponse: 	at okhttp3.internal.connection.ConnectInterceptor.intercept(ConnectInterceptor.java:43)
08-04 13:59:31.834 27753 30740 E baseline.com.newsblur.network.APIResponse: 	at okhttp3.internal.http.RealInterceptorChain.proceed(RealInterceptorChain.java:142)
08-04 13:59:31.834 27753 30740 E baseline.com.newsblur.network.APIResponse: 	at okhttp3.internal.http.RealInterceptorChain.proceed(RealInterceptorChain.java:117)
08-04 13:59:31.834 27753 30740 E baseline.com.newsblur.network.APIResponse: 	at okhttp3.internal.cache.CacheInterceptor.intercept(CacheInterceptor.java:94)
08-04 13:59:31.834 27753 30740 E baseline.com.newsblur.network.APIResponse: 	at okhttp3.internal.http.RealInterceptorChain.proceed(RealInterceptorChain.java:142)
08-04 13:59:31.834 27753 30740 E baseline.com.newsblur.network.APIResponse: 	at okhttp3.internal.http.RealInterceptorChain.proceed(RealInterceptorChain.java:117)
08-04 13:59:31.834 27753 30740 E baseline.com.newsblur.network.APIResponse: 	at okhttp3.internal.http.BridgeInterceptor.intercept(BridgeInterceptor.java:93)
08-04 13:59:31.834 27753 30740 E baseline.com.newsblur.network.APIResponse: 	at okhttp3.internal.http.RealInterceptorChain.proceed(RealInterceptorChain.java:142)
08-04 13:59:31.834 27753 30740 E baseline.com.newsblur.network.APIResponse: 	at okhttp3.internal.http.RetryAndFollowUpInterceptor.intercept(RetryAndFollowUpInterceptor.java:88)
08-04 13:59:31.834 27753 30740 E baseline.com.newsblur.network.APIResponse: 	at okhttp3.internal.http.RealInterceptorChain.proceed(RealInterceptorChain.java:142)
08-04 13:59:31.834 27753 30740 E baseline.com.newsblur.network.APIResponse: 	at okhttp3.internal.http.RealInterceptorChain.proceed(RealInterceptorChain.java:117)
08-04 13:59:31.834 27753 30740 E baseline.com.newsblur.network.APIResponse: 	at okhttp3.RealCall.getResponseWithInterceptorChain(RealCall.java:229)
08-04 13:59:31.834 27753 30740 E baseline.com.newsblur.network.APIResponse: 	at okhttp3.RealCall.execute(RealCall.java:81)
08-04 13:59:31.834 27753 30740 E baseline.com.newsblur.network.APIResponse: 	at baseline.com.newsblur.network.APIResponse.<init>(APIResponse.java:57)
08-04 13:59:31.834 27753 30740 E baseline.com.newsblur.network.APIResponse: 	at baseline.com.newsblur.network.APIResponse.<init>(APIResponse.java:43)
08-04 13:59:31.834 27753 30740 E baseline.com.newsblur.network.APIResponse: 	at baseline.com.newsblur.network.APIManager.post_single(APIManager.java:702)
08-04 13:59:31.834 27753 30740 E baseline.com.newsblur.network.APIResponse: 	at baseline.com.newsblur.network.APIManager.post(APIManager.java:675)
08-04 13:59:31.834 27753 30740 E baseline.com.newsblur.network.APIResponse: 	at baseline.com.newsblur.network.APIManager.post(APIManager.java:714)
08-04 13:59:31.834 27753 30740 E baseline.com.newsblur.network.APIResponse: 	at baseline.com.newsblur.network.APIManager.markStoryAsRead(APIManager.java:205)
08-04 13:59:31.834 27753 30740 E baseline.com.newsblur.network.APIResponse: 	at baseline.com.newsblur.util.ReadingAction.doRemote(ReadingAction.java:281)
08-04 13:59:31.834 27753 30740 E baseline.com.newsblur.network.APIResponse: 	at baseline.com.newsblur.service.NBSyncService.syncActions(NBSyncService.java:400)
08-04 13:59:31.834 27753 30740 E baseline.com.newsblur.network.APIResponse: 	at baseline.com.newsblur.service.NBSyncService.doSync(NBSyncService.java:298)
08-04 13:59:31.834 27753 30740 E baseline.com.newsblur.network.APIResponse: 	at baseline.com.newsblur.service.NBSyncService.access$100(NBSyncService.java:67)
08-04 13:59:31.834 27753 30740 E baseline.com.newsblur.network.APIResponse: 	at baseline.com.newsblur.service.NBSyncService$1.run(NBSyncService.java:188)
08-04 13:59:31.834 27753 30740 E baseline.com.newsblur.network.APIResponse: 	at java.util.concurrent.ThreadPoolExecutor.runWorker(ThreadPoolExecutor.java:1113)
08-04 13:59:31.834 27753 30740 E baseline.com.newsblur.network.APIResponse: 	at java.util.concurrent.ThreadPoolExecutor$Worker.run(ThreadPoolExecutor.java:588)
08-04 13:59:31.834 27753 30740 E baseline.com.newsblur.network.APIResponse: 	at java.lang.Thread.run(Thread.java:818)
08-04 13:59:31.834 27753 30740 E baseline.com.newsblur.network.APIResponse: Caused by: java.io.EOFException: \n not found: limit=0 content=
08-04 13:59:31.834 27753 30740 E baseline.com.newsblur.network.APIResponse: 	at okio.RealBufferedSource.readUtf8LineStrict(RealBufferedSource.java:240)
08-04 13:59:31.834 27753 30740 E baseline.com.newsblur.network.APIResponse: 	at okhttp3.internal.http1.Http1ExchangeCodec.readHeaderLine(Http1ExchangeCodec.java:242)
08-04 13:59:31.834 27753 30740 E baseline.com.newsblur.network.APIResponse: 	at okhttp3.internal.http1.Http1ExchangeCodec.readResponseHeaders(Http1ExchangeCodec.java:213)
08-04 13:59:31.834 27753 30740 E baseline.com.newsblur.network.APIResponse: 	... 30 more
08-04 13:59:31.837 27753 30740 I baseline.com.newsblur.service.NBSyncService: Holding reading action with server-side or network error.
08-04 13:59:31.857 27753 30740 W baseline.com.newsblur.service.NBSyncService: hard API failure
08-04 13:59:31.872 27753 27765 I art     : Explicit concurrent mark sweep GC freed 1371(249KB) AllocSpace objects, 3(60KB) LOS objects, 28% free, 40MB/56MB, paused 1.631ms total 49.151ms
08-04 13:59:31.874 27753 30740 I baseline.com.newsblur.service.NBSyncService: recounting dirty feed sets: 1
08-04 13:59:31.886 27753 27765 I art     : Starting a blocking GC Explicit
08-04 13:59:31.935 27753 27765 I art     : Explicit concurrent mark sweep GC freed 479(45KB) AllocSpace objects, 1(20KB) LOS objects, 28% free, 40MB/56MB, paused 1.455ms total 49.385ms
08-04 13:59:31.980 26337 26337 I ServiceManager: Waiting for service AtCmdFwd...
08-04 13:59:32.322 27753 30740 E baseline.com.newsblur.network.APIResponse: Error (unexpected end of stream on https://www.newsblur.com/...) calling https://www.newsblur.com/reader/feed_unread_count?feed_id=0
08-04 13:59:32.322 27753 30740 E baseline.com.newsblur.network.APIResponse: java.io.IOException: unexpected end of stream on https://www.newsblur.com/...
08-04 13:59:32.322 27753 30740 E baseline.com.newsblur.network.APIResponse: 	at okhttp3.internal.http1.Http1ExchangeCodec.readResponseHeaders(Http1ExchangeCodec.java:236)
08-04 13:59:32.322 27753 30740 E baseline.com.newsblur.network.APIResponse: 	at okhttp3.internal.connection.Exchange.readResponseHeaders(Exchange.java:115)
08-04 13:59:32.322 27753 30740 E baseline.com.newsblur.network.APIResponse: 	at okhttp3.internal.http.CallServerInterceptor.intercept(CallServerInterceptor.java:94)
08-04 13:59:32.322 27753 30740 E baseline.com.newsblur.network.APIResponse: 	at okhttp3.internal.http.RealInterceptorChain.proceed(RealInterceptorChain.java:142)
08-04 13:59:32.322 27753 30740 E baseline.com.newsblur.network.APIResponse: 	at okhttp3.internal.connection.ConnectInterceptor.intercept(ConnectInterceptor.java:43)
08-04 13:59:32.322 27753 30740 E baseline.com.newsblur.network.APIResponse: 	at okhttp3.internal.http.RealInterceptorChain.proceed(RealInterceptorChain.java:142)
08-04 13:59:32.322 27753 30740 E baseline.com.newsblur.network.APIResponse: 	at okhttp3.internal.http.RealInterceptorChain.proceed(RealInterceptorChain.java:117)
08-04 13:59:32.322 27753 30740 E baseline.com.newsblur.network.APIResponse: 	at okhttp3.internal.cache.CacheInterceptor.intercept(CacheInterceptor.java:94)
08-04 13:59:32.322 27753 30740 E baseline.com.newsblur.network.APIResponse: 	at okhttp3.internal.http.RealInterceptorChain.proceed(RealInterceptorChain.java:142)
08-04 13:59:32.322 27753 30740 E baseline.com.newsblur.network.APIResponse: 	at okhttp3.internal.http.RealInterceptorChain.proceed(RealInterceptorChain.java:117)
08-04 13:59:32.322 27753 30740 E baseline.com.newsblur.network.APIResponse: 	at okhttp3.internal.http.BridgeInterceptor.intercept(BridgeInterceptor.java:93)
08-04 13:59:32.322 27753 30740 E baseline.com.newsblur.network.APIResponse: 	at okhttp3.internal.http.RealInterceptorChain.proceed(RealInterceptorChain.java:142)
08-04 13:59:32.322 27753 30740 E baseline.com.newsblur.network.APIResponse: 	at okhttp3.internal.http.RetryAndFollowUpInterceptor.intercept(RetryAndFollowUpInterceptor.java:88)
08-04 13:59:32.322 27753 30740 E baseline.com.newsblur.network.APIResponse: 	at okhttp3.internal.http.RealInterceptorChain.proceed(RealInterceptorChain.java:142)
08-04 13:59:32.322 27753 30740 E baseline.com.newsblur.network.APIResponse: 	at okhttp3.internal.http.RealInterceptorChain.proceed(RealInterceptorChain.java:117)
08-04 13:59:32.322 27753 30740 E baseline.com.newsblur.network.APIResponse: 	at okhttp3.RealCall.getResponseWithInterceptorChain(RealCall.java:229)
08-04 13:59:32.322 27753 30740 E baseline.com.newsblur.network.APIResponse: 	at okhttp3.RealCall.execute(RealCall.java:81)
08-04 13:59:32.322 27753 30740 E baseline.com.newsblur.network.APIResponse: 	at baseline.com.newsblur.network.APIResponse.<init>(APIResponse.java:57)
08-04 13:59:32.322 27753 30740 E baseline.com.newsblur.network.APIResponse: 	at baseline.com.newsblur.network.APIManager.get_single(APIManager.java:639)
08-04 13:59:32.322 27753 30740 E baseline.com.newsblur.network.APIResponse: 	at baseline.com.newsblur.network.APIManager.get(APIManager.java:625)
08-04 13:59:32.322 27753 30740 E baseline.com.newsblur.network.APIResponse: 	at baseline.com.newsblur.network.APIManager.get(APIManager.java:667)
08-04 13:59:32.322 27753 30740 E baseline.com.newsblur.network.APIResponse: 	at baseline.com.newsblur.network.APIManager.getFeedUnreadCounts(APIManager.java:274)
08-04 13:59:32.322 27753 30740 E baseline.com.newsblur.network.APIResponse: 	at baseline.com.newsblur.service.NBSyncService.checkRecounts(NBSyncService.java:660)
08-04 13:59:32.322 27753 30740 E baseline.com.newsblur.network.APIResponse: 	at baseline.com.newsblur.service.NBSyncService.doSync(NBSyncService.java:310)
08-04 13:59:32.322 27753 30740 E baseline.com.newsblur.network.APIResponse: 	at baseline.com.newsblur.service.NBSyncService.access$100(NBSyncService.java:67)
08-04 13:59:32.322 27753 30740 E baseline.com.newsblur.network.APIResponse: 	at baseline.com.newsblur.service.NBSyncService$1.run(NBSyncService.java:188)
08-04 13:59:32.322 27753 30740 E baseline.com.newsblur.network.APIResponse: 	at java.util.concurrent.ThreadPoolExecutor.runWorker(ThreadPoolExecutor.java:1113)
08-04 13:59:32.322 27753 30740 E baseline.com.newsblur.network.APIResponse: 	at java.util.concurrent.ThreadPoolExecutor$Worker.run(ThreadPoolExecutor.java:588)
08-04 13:59:32.322 27753 30740 E baseline.com.newsblur.network.APIResponse: 	at java.lang.Thread.run(Thread.java:818)
08-04 13:59:32.322 27753 30740 E baseline.com.newsblur.network.APIResponse: Caused by: java.io.EOFException: \n not found: limit=0 content=
08-04 13:59:32.322 27753 30740 E baseline.com.newsblur.network.APIResponse: 	at okio.RealBufferedSource.readUtf8LineStrict(RealBufferedSource.java:240)
08-04 13:59:32.322 27753 30740 E baseline.com.newsblur.network.APIResponse: 	at okhttp3.internal.http1.Http1ExchangeCodec.readHeaderLine(Http1ExchangeCodec.java:242)
08-04 13:59:32.322 27753 30740 E baseline.com.newsblur.network.APIResponse: 	at okhttp3.internal.http1.Http1ExchangeCodec.readResponseHeaders(Http1ExchangeCodec.java:213)
08-04 13:59:32.322 27753 30740 E baseline.com.newsblur.network.APIResponse: 	... 28 more
08-04 13:59:32.322 27753 30054 I art     : Starting a blocking GC Explicit
08-04 13:59:32.324 27753 30740 I baseline.com.newsblur.network.APIManager: API call failed, pausing before retry number 1
08-04 13:59:32.377 27753 30054 I art     : Explicit concurrent mark sweep GC freed 3845(339KB) AllocSpace objects, 3(60KB) LOS objects, 28% free, 40MB/56MB, paused 1.506ms total 54.749ms
08-04 13:59:32.391 27753 30054 I art     : Starting a blocking GC Explicit
08-04 13:59:32.441 27753 30054 I art     : Explicit concurrent mark sweep GC freed 403(28KB) AllocSpace objects, 0(0B) LOS objects, 28% free, 40MB/56MB, paused 1.390ms total 50.498ms
08-04 13:59:32.455 27753 30054 I art     : Starting a blocking GC Explicit
08-04 13:59:32.506 27753 30054 I art     : Explicit concurrent mark sweep GC freed 6(192B) AllocSpace objects, 0(0B) LOS objects, 28% free, 40MB/56MB, paused 1.432ms total 51.077ms
08-04 13:59:32.520 27753 30054 I art     : Starting a blocking GC Explicit
08-04 13:59:32.571 27753 30054 I art     : Explicit concurrent mark sweep GC freed 7(224B) AllocSpace objects, 0(0B) LOS objects, 28% free, 40MB/56MB, paused 1.500ms total 51.100ms
08-04 13:59:32.585 27753 30054 I art     : Starting a blocking GC Explicit
08-04 13:59:32.635 27753 30054 I art     : Explicit concurrent mark sweep GC freed 7(224B) AllocSpace objects, 0(0B) LOS objects, 28% free, 40MB/56MB, paused 1.458ms total 50.581ms
08-04 13:59:32.980 26337 26337 I ServiceManager: Waiting for service AtCmdFwd...
08-04 13:59:33.029 27753 29836 I art     : Starting a blocking GC Explicit
08-04 13:59:33.084 27753 29836 I art     : Explicit concurrent mark sweep GC freed 1470(83KB) AllocSpace objects, 1(20KB) LOS objects, 28% free, 40MB/56MB, paused 1.464ms total 54.760ms
08-04 13:59:33.098 27753 29836 I art     : Starting a blocking GC Explicit
08-04 13:59:33.148 27753 29836 I art     : Explicit concurrent mark sweep GC freed 26(912B) AllocSpace objects, 0(0B) LOS objects, 28% free, 40MB/56MB, paused 1.583ms total 50.554ms
08-04 13:59:33.162 27753 29836 I art     : Starting a blocking GC Explicit
08-04 13:59:33.214 27753 29836 I art     : Explicit concurrent mark sweep GC freed 7(224B) AllocSpace objects, 0(0B) LOS objects, 28% free, 40MB/56MB, paused 1.465ms total 51.603ms
08-04 13:59:33.227 27753 29836 I art     : Starting a blocking GC Explicit
08-04 13:59:33.278 27753 29836 I art     : Explicit concurrent mark sweep GC freed 7(224B) AllocSpace objects, 0(0B) LOS objects, 28% free, 40MB/56MB, paused 1.521ms total 50.824ms
08-04 13:59:33.292 27753 29836 I art     : Starting a blocking GC Explicit
08-04 13:59:33.345 27753 29836 I art     : Explicit concurrent mark sweep GC freed 7(224B) AllocSpace objects, 0(0B) LOS objects, 28% free, 40MB/56MB, paused 1.519ms total 52.438ms
08-04 13:59:33.747 27753 29836 I art     : Starting a blocking GC Explicit
08-04 13:59:33.801 27753 29836 I art     : Explicit concurrent mark sweep GC freed 1471(83KB) AllocSpace objects, 1(20KB) LOS objects, 28% free, 40MB/56MB, paused 1.541ms total 53.118ms
08-04 13:59:33.815 27753 29836 I art     : Starting a blocking GC Explicit
08-04 13:59:33.866 27753 29836 I art     : Explicit concurrent mark sweep GC freed 119(4KB) AllocSpace objects, 0(0B) LOS objects, 28% free, 40MB/56MB, paused 1.513ms total 51.024ms
08-04 13:59:33.879 27753 29836 I art     : Starting a blocking GC Explicit
08-04 13:59:33.932 27753 29836 I art     : Explicit concurrent mark sweep GC freed 25(1040B) AllocSpace objects, 0(0B) LOS objects, 28% free, 40MB/56MB, paused 1.540ms total 52.108ms
08-04 13:59:33.945 27753 29836 I art     : Starting a blocking GC Explicit
08-04 13:59:33.981 26337 26337 I ServiceManager: Waiting for service AtCmdFwd...
08-04 13:59:33.996 27753 29836 I art     : Explicit concurrent mark sweep GC freed 69(4KB) AllocSpace objects, 0(0B) LOS objects, 28% free, 40MB/56MB, paused 1.411ms total 50.671ms
08-04 13:59:34.010 27753 29836 I art     : Starting a blocking GC Explicit
08-04 13:59:34.062 27753 29836 I art     : Explicit concurrent mark sweep GC freed 7(224B) AllocSpace objects, 0(0B) LOS objects, 28% free, 40MB/56MB, paused 1.616ms total 52.108ms
08-04 13:59:34.368 27753 30740 E baseline.com.newsblur.network.APIResponse: Error (unexpected end of stream on https://www.newsblur.com/...) calling https://www.newsblur.com/reader/feed_unread_count?feed_id=0
08-04 13:59:34.368 27753 30740 E baseline.com.newsblur.network.APIResponse: java.io.IOException: unexpected end of stream on https://www.newsblur.com/...
08-04 13:59:34.368 27753 30740 E baseline.com.newsblur.network.APIResponse: 	at okhttp3.internal.http1.Http1ExchangeCodec.readResponseHeaders(Http1ExchangeCodec.java:236)
08-04 13:59:34.368 27753 30740 E baseline.com.newsblur.network.APIResponse: 	at okhttp3.internal.connection.Exchange.readResponseHeaders(Exchange.java:115)
08-04 13:59:34.368 27753 30740 E baseline.com.newsblur.network.APIResponse: 	at okhttp3.internal.http.CallServerInterceptor.intercept(CallServerInterceptor.java:94)
08-04 13:59:34.368 27753 30740 E baseline.com.newsblur.network.APIResponse: 	at okhttp3.internal.http.RealInterceptorChain.proceed(RealInterceptorChain.java:142)
08-04 13:59:34.368 27753 30740 E baseline.com.newsblur.network.APIResponse: 	at okhttp3.internal.connection.ConnectInterceptor.intercept(ConnectInterceptor.java:43)
08-04 13:59:34.368 27753 30740 E baseline.com.newsblur.network.APIResponse: 	at okhttp3.internal.http.RealInterceptorChain.proceed(RealInterceptorChain.java:142)
08-04 13:59:34.368 27753 30740 E baseline.com.newsblur.network.APIResponse: 	at okhttp3.internal.http.RealInterceptorChain.proceed(RealInterceptorChain.java:117)
08-04 13:59:34.368 27753 30740 E baseline.com.newsblur.network.APIResponse: 	at okhttp3.internal.cache.CacheInterceptor.intercept(CacheInterceptor.java:94)
08-04 13:59:34.368 27753 30740 E baseline.com.newsblur.network.APIResponse: 	at okhttp3.internal.http.RealInterceptorChain.proceed(RealInterceptorChain.java:142)
08-04 13:59:34.368 27753 30740 E baseline.com.newsblur.network.APIResponse: 	at okhttp3.internal.http.RealInterceptorChain.proceed(RealInterceptorChain.java:117)
08-04 13:59:34.368 27753 30740 E baseline.com.newsblur.network.APIResponse: 	at okhttp3.internal.http.BridgeInterceptor.intercept(BridgeInterceptor.java:93)
08-04 13:59:34.368 27753 30740 E baseline.com.newsblur.network.APIResponse: 	at okhttp3.internal.http.RealInterceptorChain.proceed(RealInterceptorChain.java:142)
08-04 13:59:34.368 27753 30740 E baseline.com.newsblur.network.APIResponse: 	at okhttp3.internal.http.RetryAndFollowUpInterceptor.intercept(RetryAndFollowUpInterceptor.java:88)
08-04 13:59:34.368 27753 30740 E baseline.com.newsblur.network.APIResponse: 	at okhttp3.internal.http.RealInterceptorChain.proceed(RealInterceptorChain.java:142)
08-04 13:59:34.368 27753 30740 E baseline.com.newsblur.network.APIResponse: 	at okhttp3.internal.http.RealInterceptorChain.proceed(RealInterceptorChain.java:117)
08-04 13:59:34.368 27753 30740 E baseline.com.newsblur.network.APIResponse: 	at okhttp3.RealCall.getResponseWithInterceptorChain(RealCall.java:229)
08-04 13:59:34.368 27753 30740 E baseline.com.newsblur.network.APIResponse: 	at okhttp3.RealCall.execute(RealCall.java:81)
08-04 13:59:34.368 27753 30740 E baseline.com.newsblur.network.APIResponse: 	at baseline.com.newsblur.network.APIResponse.<init>(APIResponse.java:57)
08-04 13:59:34.368 27753 30740 E baseline.com.newsblur.network.APIResponse: 	at baseline.com.newsblur.network.APIManager.get_single(APIManager.java:639)
08-04 13:59:34.368 27753 30740 E baseline.com.newsblur.network.APIResponse: 	at baseline.com.newsblur.network.APIManager.get(APIManager.java:625)
08-04 13:59:34.368 27753 30740 E baseline.com.newsblur.network.APIResponse: 	at baseline.com.newsblur.network.APIManager.get(APIManager.java:667)
08-04 13:59:34.368 27753 30740 E baseline.com.newsblur.network.APIResponse: 	at baseline.com.newsblur.network.APIManager.getFeedUnreadCounts(APIManager.java:274)
08-04 13:59:34.368 27753 30740 E baseline.com.newsblur.network.APIResponse: 	at baseline.com.newsblur.service.NBSyncService.checkRecounts(NBSyncService.java:660)
08-04 13:59:34.368 27753 30740 E baseline.com.newsblur.network.APIResponse: 	at baseline.com.newsblur.service.NBSyncService.doSync(NBSyncService.java:310)
08-04 13:59:34.368 27753 30740 E baseline.com.newsblur.network.APIResponse: 	at baseline.com.newsblur.service.NBSyncService.access$100(NBSyncService.java:67)
08-04 13:59:34.368 27753 30740 E baseline.com.newsblur.network.APIResponse: 	at baseline.com.newsblur.service.NBSyncService$1.run(NBSyncService.java:188)
08-04 13:59:34.368 27753 30740 E baseline.com.newsblur.network.APIResponse: 	at java.util.concurrent.ThreadPoolExecutor.runWorker(ThreadPoolExecutor.java:1113)
08-04 13:59:34.368 27753 30740 E baseline.com.newsblur.network.APIResponse: 	at java.util.concurrent.ThreadPoolExecutor$Worker.run(ThreadPoolExecutor.java:588)
08-04 13:59:34.368 27753 30740 E baseline.com.newsblur.network.APIResponse: 	at java.lang.Thread.run(Thread.java:818)
08-04 13:59:34.368 27753 30740 E baseline.com.newsblur.network.APIResponse: Caused by: java.io.EOFException: \n not found: limit=0 content=
08-04 13:59:34.368 27753 30740 E baseline.com.newsblur.network.APIResponse: 	at okio.RealBufferedSource.readUtf8LineStrict(RealBufferedSource.java:240)
08-04 13:59:34.368 27753 30740 E baseline.com.newsblur.network.APIResponse: 	at okhttp3.internal.http1.Http1ExchangeCodec.readHeaderLine(Http1ExchangeCodec.java:242)
08-04 13:59:34.368 27753 30740 E baseline.com.newsblur.network.APIResponse: 	at okhttp3.internal.http1.Http1ExchangeCodec.readResponseHeaders(Http1ExchangeCodec.java:213)
08-04 13:59:34.368 27753 30740 E baseline.com.newsblur.network.APIResponse: 	... 28 more
08-04 13:59:34.370 27753 30740 I baseline.com.newsblur.network.APIManager: API call failed, pausing before retry number 2
08-04 13:59:34.452 27753 29836 I art     : Starting a blocking GC Explicit
08-04 13:59:34.506 27753 29836 I art     : Explicit concurrent mark sweep GC freed 3963(356KB) AllocSpace objects, 3(60KB) LOS objects, 28% free, 40MB/56MB, paused 1.404ms total 53.716ms
08-04 13:59:34.520 27753 29836 I art     : Starting a blocking GC Explicit
08-04 13:59:34.573 27753 29836 I art     : Explicit concurrent mark sweep GC freed 124(4KB) AllocSpace objects, 0(0B) LOS objects, 28% free, 40MB/56MB, paused 1.471ms total 52.516ms
08-04 13:59:34.587 27753 29836 I art     : Starting a blocking GC Explicit
08-04 13:59:34.637 27753 29836 I art     : Explicit concurrent mark sweep GC freed 7(224B) AllocSpace objects, 0(0B) LOS objects, 28% free, 40MB/56MB, paused 1.441ms total 49.265ms
08-04 13:59:34.650 27753 29836 I art     : Starting a blocking GC Explicit
08-04 13:59:34.702 27753 29836 I art     : Explicit concurrent mark sweep GC freed 7(224B) AllocSpace objects, 0(0B) LOS objects, 28% free, 40MB/56MB, paused 1.550ms total 51.899ms
08-04 13:59:34.716 27753 29836 I art     : Starting a blocking GC Explicit
08-04 13:59:34.767 27753 29836 I art     : Explicit concurrent mark sweep GC freed 7(224B) AllocSpace objects, 0(0B) LOS objects, 28% free, 40MB/56MB, paused 1.580ms total 50.683ms
08-04 13:59:34.981 26337 26337 W Atfwd_Sendcmd: AtCmdFwd service not published, waiting... retryCnt : 1
08-04 13:59:35.013   518   646 I ThermalEngine: ACTION: GPU - Setting GPU[0] to 510000000
08-04 13:59:35.139 27753 27765 I art     : Starting a blocking GC Explicit
08-04 13:59:35.182 27753 27765 I art     : Explicit concurrent mark sweep GC freed 1469(83KB) AllocSpace objects, 1(20KB) LOS objects, 28% free, 40MB/56MB, paused 1.162ms total 42.486ms
08-04 13:59:35.193 27753 27765 I art     : Starting a blocking GC Explicit
08-04 13:59:35.232 27753 27765 I art     : Explicit concurrent mark sweep GC freed 25(880B) AllocSpace objects, 0(0B) LOS objects, 28% free, 40MB/56MB, paused 1.048ms total 38.902ms
08-04 13:59:35.243 27753 27765 I art     : Starting a blocking GC Explicit
08-04 13:59:35.282 27753 27765 I art     : Explicit concurrent mark sweep GC freed 6(192B) AllocSpace objects, 0(0B) LOS objects, 28% free, 40MB/56MB, paused 1.115ms total 39.005ms
08-04 13:59:35.292 27753 27765 I art     : Starting a blocking GC Explicit
08-04 13:59:35.332 27753 27765 I art     : Explicit concurrent mark sweep GC freed 6(192B) AllocSpace objects, 0(0B) LOS objects, 28% free, 40MB/56MB, paused 1.124ms total 39.285ms
08-04 13:59:35.343 27753 27765 I art     : Starting a blocking GC Explicit
08-04 13:59:35.381 27753 27765 I art     : Explicit concurrent mark sweep GC freed 6(192B) AllocSpace objects, 0(0B) LOS objects, 28% free, 40MB/56MB, paused 1.122ms total 38.333ms
08-04 13:59:35.719 27753 27764 I art     : Starting a blocking GC Explicit
08-04 13:59:35.761 27753 27764 I art     : Explicit concurrent mark sweep GC freed 1468(84KB) AllocSpace objects, 1(20KB) LOS objects, 28% free, 40MB/56MB, paused 1.067ms total 41.245ms
08-04 13:59:35.772 27753 27764 I art     : Starting a blocking GC Explicit
08-04 13:59:35.812 27753 27764 I art     : Explicit concurrent mark sweep GC freed 25(880B) AllocSpace objects, 0(0B) LOS objects, 28% free, 40MB/56MB, paused 1.028ms total 39.674ms
08-04 13:59:35.822 27753 27764 I art     : Starting a blocking GC Explicit
08-04 13:59:35.861 27753 27764 I art     : Explicit concurrent mark sweep GC freed 6(192B) AllocSpace objects, 0(0B) LOS objects, 28% free, 40MB/56MB, paused 1.033ms total 38.916ms
08-04 13:59:35.872 27753 27764 I art     : Starting a blocking GC Explicit
08-04 13:59:35.909 27753 27764 I art     : Explicit concurrent mark sweep GC freed 6(192B) AllocSpace objects, 0(0B) LOS objects, 28% free, 40MB/56MB, paused 1.006ms total 37.480ms
08-04 13:59:35.919 27753 27764 I art     : Starting a blocking GC Explicit
08-04 13:59:35.959 27753 27764 I art     : Explicit concurrent mark sweep GC freed 6(192B) AllocSpace objects, 0(0B) LOS objects, 28% free, 40MB/56MB, paused 1.051ms total 39.157ms
08-04 13:59:36.301 27753 27765 I art     : Starting a blocking GC Explicit
08-04 13:59:36.342 27753 27765 I art     : Explicit concurrent mark sweep GC freed 1466(83KB) AllocSpace objects, 1(20KB) LOS objects, 28% free, 40MB/56MB, paused 1.087ms total 41.556ms
08-04 13:59:36.353 27753 27765 I art     : Starting a blocking GC Explicit
08-04 13:59:36.394 27753 27765 I art     : Explicit concurrent mark sweep GC freed 25(880B) AllocSpace objects, 0(0B) LOS objects, 28% free, 40MB/56MB, paused 1.010ms total 40.150ms
08-04 13:59:36.404 27753 27765 I art     : Starting a blocking GC Explicit
08-04 13:59:36.444 27753 27765 I art     : Explicit concurrent mark sweep GC freed 6(192B) AllocSpace objects, 0(0B) LOS objects, 28% free, 40MB/56MB, paused 1.005ms total 39.646ms
08-04 13:59:36.454 27753 27765 I art     : Starting a blocking GC Explicit
08-04 13:59:36.493 27753 27765 I art     : Explicit concurrent mark sweep GC freed 6(192B) AllocSpace objects, 0(0B) LOS objects, 28% free, 40MB/56MB, paused 1.013ms total 38.420ms
08-04 13:59:36.503 27753 27765 I art     : Starting a blocking GC Explicit
08-04 13:59:36.543 27753 27765 I art     : Explicit concurrent mark sweep GC freed 6(192B) AllocSpace objects, 0(0B) LOS objects, 28% free, 40MB/56MB, paused 1.014ms total 39ms
08-04 13:59:36.900 27753 30054 I art     : Starting a blocking GC Explicit
08-04 13:59:36.942 27753 30054 I art     : Explicit concurrent mark sweep GC freed 1466(83KB) AllocSpace objects, 1(20KB) LOS objects, 28% free, 40MB/56MB, paused 1.129ms total 41.890ms
08-04 13:59:36.953 27753 30054 I art     : Starting a blocking GC Explicit
08-04 13:59:36.992 27753 30054 I art     : Explicit concurrent mark sweep GC freed 25(880B) AllocSpace objects, 0(0B) LOS objects, 28% free, 40MB/56MB, paused 1.156ms total 39.021ms
08-04 13:59:37.003 27753 30054 I art     : Starting a blocking GC Explicit
08-04 13:59:37.042 27753 30054 I art     : Explicit concurrent mark sweep GC freed 6(192B) AllocSpace objects, 0(0B) LOS objects, 28% free, 40MB/56MB, paused 1.022ms total 39.372ms
08-04 13:59:37.053 27753 30054 I art     : Starting a blocking GC Explicit
08-04 13:59:37.092 27753 30054 I art     : Explicit concurrent mark sweep GC freed 7(224B) AllocSpace objects, 0(0B) LOS objects, 28% free, 40MB/56MB, paused 1.043ms total 39.550ms
08-04 13:59:37.103 27753 30054 I art     : Starting a blocking GC Explicit
08-04 13:59:37.142 27753 30054 I art     : Explicit concurrent mark sweep GC freed 5(160B) AllocSpace objects, 0(0B) LOS objects, 28% free, 40MB/56MB, paused 1.113ms total 38.863ms
08-04 13:59:37.500 27753 29836 I art     : Starting a blocking GC Explicit
08-04 13:59:37.543 27753 29836 I art     : Explicit concurrent mark sweep GC freed 1634(92KB) AllocSpace objects, 1(20KB) LOS objects, 28% free, 40MB/56MB, paused 1.143ms total 42.545ms
08-04 13:59:37.554 27753 29836 I art     : Starting a blocking GC Explicit
08-04 13:59:37.594 27753 29836 I art     : Explicit concurrent mark sweep GC freed 32(1168B) AllocSpace objects, 0(0B) LOS objects, 28% free, 40MB/56MB, paused 1.078ms total 39.730ms
08-04 13:59:37.604 27753 29836 I art     : Starting a blocking GC Explicit
08-04 13:59:37.643 27753 29836 I art     : Explicit concurrent mark sweep GC freed 5(160B) AllocSpace objects, 0(0B) LOS objects, 28% free, 40MB/56MB, paused 1.069ms total 39.041ms
08-04 13:59:37.654 27753 29836 I art     : Starting a blocking GC Explicit
08-04 13:59:37.696 27753 29836 I art     : Explicit concurrent mark sweep GC freed 6(192B) AllocSpace objects, 0(0B) LOS objects, 28% free, 40MB/56MB, paused 2.879ms total 41.626ms
08-04 13:59:37.706 27753 29836 I art     : Starting a blocking GC Explicit
08-04 13:59:37.745 27753 29836 I art     : Explicit concurrent mark sweep GC freed 7(224B) AllocSpace objects, 0(0B) LOS objects, 28% free, 40MB/56MB, paused 1.082ms total 38.256ms
08-04 13:59:37.871 27753 30740 E baseline.com.newsblur.network.APIResponse: Error (unexpected end of stream on https://www.newsblur.com/...) calling https://www.newsblur.com/reader/feed_unread_count?feed_id=0
08-04 13:59:37.871 27753 30740 E baseline.com.newsblur.network.APIResponse: java.io.IOException: unexpected end of stream on https://www.newsblur.com/...
08-04 13:59:37.871 27753 30740 E baseline.com.newsblur.network.APIResponse: 	at okhttp3.internal.http1.Http1ExchangeCodec.readResponseHeaders(Http1ExchangeCodec.java:236)
08-04 13:59:37.871 27753 30740 E baseline.com.newsblur.network.APIResponse: 	at okhttp3.internal.connection.Exchange.readResponseHeaders(Exchange.java:115)
08-04 13:59:37.871 27753 30740 E baseline.com.newsblur.network.APIResponse: 	at okhttp3.internal.http.CallServerInterceptor.intercept(CallServerInterceptor.java:94)
08-04 13:59:37.871 27753 30740 E baseline.com.newsblur.network.APIResponse: 	at okhttp3.internal.http.RealInterceptorChain.proceed(RealInterceptorChain.java:142)
08-04 13:59:37.871 27753 30740 E baseline.com.newsblur.network.APIResponse: 	at okhttp3.internal.connection.ConnectInterceptor.intercept(ConnectInterceptor.java:43)
08-04 13:59:37.871 27753 30740 E baseline.com.newsblur.network.APIResponse: 	at okhttp3.internal.http.RealInterceptorChain.proceed(RealInterceptorChain.java:142)
08-04 13:59:37.871 27753 30740 E baseline.com.newsblur.network.APIResponse: 	at okhttp3.internal.http.RealInterceptorChain.proceed(RealInterceptorChain.java:117)
08-04 13:59:37.871 27753 30740 E baseline.com.newsblur.network.APIResponse: 	at okhttp3.internal.cache.CacheInterceptor.intercept(CacheInterceptor.java:94)
08-04 13:59:37.871 27753 30740 E baseline.com.newsblur.network.APIResponse: 	at okhttp3.internal.http.RealInterceptorChain.proceed(RealInterceptorChain.java:142)
08-04 13:59:37.871 27753 30740 E baseline.com.newsblur.network.APIResponse: 	at okhttp3.internal.http.RealInterceptorChain.proceed(RealInterceptorChain.java:117)
08-04 13:59:37.871 27753 30740 E baseline.com.newsblur.network.APIResponse: 	at okhttp3.internal.http.BridgeInterceptor.intercept(BridgeInterceptor.java:93)
08-04 13:59:37.871 27753 30740 E baseline.com.newsblur.network.APIResponse: 	at okhttp3.internal.http.RealInterceptorChain.proceed(RealInterceptorChain.java:142)
08-04 13:59:37.871 27753 30740 E baseline.com.newsblur.network.APIResponse: 	at okhttp3.internal.http.RetryAndFollowUpInterceptor.intercept(RetryAndFollowUpInterceptor.java:88)
08-04 13:59:37.871 27753 30740 E baseline.com.newsblur.network.APIResponse: 	at okhttp3.internal.http.RealInterceptorChain.proceed(RealInterceptorChain.java:142)
08-04 13:59:37.871 27753 30740 E baseline.com.newsblur.network.APIResponse: 	at okhttp3.internal.http.RealInterceptorChain.proceed(RealInterceptorChain.java:117)
08-04 13:59:37.871 27753 30740 E baseline.com.newsblur.network.APIResponse: 	at okhttp3.RealCall.getResponseWithInterceptorChain(RealCall.java:229)
08-04 13:59:37.871 27753 30740 E baseline.com.newsblur.network.APIResponse: 	at okhttp3.RealCall.execute(RealCall.java:81)
08-04 13:59:37.871 27753 30740 E baseline.com.newsblur.network.APIResponse: 	at baseline.com.newsblur.network.APIResponse.<init>(APIResponse.java:57)
08-04 13:59:37.871 27753 30740 E baseline.com.newsblur.network.APIResponse: 	at baseline.com.newsblur.network.APIManager.get_single(APIManager.java:639)
08-04 13:59:37.871 27753 30740 E baseline.com.newsblur.network.APIResponse: 	at baseline.com.newsblur.network.APIManager.get(APIManager.java:625)
08-04 13:59:37.871 27753 30740 E baseline.com.newsblur.network.APIResponse: 	at baseline.com.newsblur.network.APIManager.get(APIManager.java:667)
08-04 13:59:37.871 27753 30740 E baseline.com.newsblur.network.APIResponse: 	at baseline.com.newsblur.network.APIManager.getFeedUnreadCounts(APIManager.java:274)
08-04 13:59:37.871 27753 30740 E baseline.com.newsblur.network.APIResponse: 	at baseline.com.newsblur.service.NBSyncService.checkRecounts(NBSyncService.java:660)
08-04 13:59:37.871 27753 30740 E baseline.com.newsblur.network.APIResponse: 	at baseline.com.newsblur.service.NBSyncService.doSync(NBSyncService.java:310)
08-04 13:59:37.871 27753 30740 E baseline.com.newsblur.network.APIResponse: 	at baseline.com.newsblur.service.NBSyncService.access$100(NBSyncService.java:67)
08-04 13:59:37.871 27753 30740 E baseline.com.newsblur.network.APIResponse: 	at baseline.com.newsblur.service.NBSyncService$1.run(NBSyncService.java:188)
08-04 13:59:37.871 27753 30740 E baseline.com.newsblur.network.APIResponse: 	at java.util.concurrent.ThreadPoolExecutor.runWorker(ThreadPoolExecutor.java:1113)
08-04 13:59:37.871 27753 30740 E baseline.com.newsblur.network.APIResponse: 	at java.util.concurrent.ThreadPoolExecutor$Worker.run(ThreadPoolExecutor.java:588)
08-04 13:59:37.871 27753 30740 E baseline.com.newsblur.network.APIResponse: 	at java.lang.Thread.run(Thread.java:818)
08-04 13:59:37.871 27753 30740 E baseline.com.newsblur.network.APIResponse: Caused by: java.io.EOFException: \n not found: limit=0 content=
08-04 13:59:37.871 27753 30740 E baseline.com.newsblur.network.APIResponse: 	at okio.RealBufferedSource.readUtf8LineStrict(RealBufferedSource.java:240)
08-04 13:59:37.871 27753 30740 E baseline.com.newsblur.network.APIResponse: 	at okhttp3.internal.http1.Http1ExchangeCodec.readHeaderLine(Http1ExchangeCodec.java:242)
08-04 13:59:37.871 27753 30740 E baseline.com.newsblur.network.APIResponse: 	at okhttp3.internal.http1.Http1ExchangeCodec.readResponseHeaders(Http1ExchangeCodec.java:213)
08-04 13:59:37.871 27753 30740 E baseline.com.newsblur.network.APIResponse: 	... 28 more
08-04 13:59:37.873 27753 30740 W baseline.com.newsblur.service.NBSyncService: Bad response to feed_unread_count
08-04 13:59:38.101 27753 27765 I art     : Starting a blocking GC Explicit
08-04 13:59:38.144 27753 27765 I art     : Explicit concurrent mark sweep GC freed 4486(423KB) AllocSpace objects, 5(100KB) LOS objects, 28% free, 40MB/56MB, paused 1.172ms total 42.854ms
08-04 13:59:38.155 27753 27765 I art     : Starting a blocking GC Explicit
08-04 13:59:38.196 27753 27765 I art     : Explicit concurrent mark sweep GC freed 200(7KB) AllocSpace objects, 0(0B) LOS objects, 28% free, 40MB/56MB, paused 1.261ms total 40.455ms
08-04 13:59:38.207 27753 27765 I art     : Starting a blocking GC Explicit
08-04 13:59:38.246 27753 27765 I art     : Explicit concurrent mark sweep GC freed 7(224B) AllocSpace objects, 0(0B) LOS objects, 28% free, 40MB/56MB, paused 1.099ms total 39.027ms
08-04 13:59:38.257 27753 27765 I art     : Starting a blocking GC Explicit
08-04 13:59:38.297 27753 27765 I art     : Explicit concurrent mark sweep GC freed 6(192B) AllocSpace objects, 0(0B) LOS objects, 28% free, 40MB/56MB, paused 1.082ms total 39.706ms
08-04 13:59:38.307 27753 27765 I art     : Starting a blocking GC Explicit
08-04 13:59:38.346 27753 27765 I art     : Explicit concurrent mark sweep GC freed 1600(62KB) AllocSpace objects, 0(0B) LOS objects, 28% free, 40MB/56MB, paused 1.142ms total 38.934ms
08-04 13:59:38.382 27753 30740 I NAPPA_EXPERIMENTATION: MetricNetworkRequestExecutionTime: REQUEST_DURATION_SYSTEM='493',REQUEST_DURATION_OKHTTP='29',REQUEST_SYNCHRONOUS='TRUE',RESPONSE_CODE='200',RESPONSE_METHOD='GET',RESPONSE_LENGTH_OKHTTP='-1',RESPONSE_LENGTH_HEADER='-2',REQUEST_PROTOCOL='http/1.1',REQUEST_URL='https://www.newsblur.com/social/river_stories?order=newest&page=1&read_filter=all',
08-04 13:59:38.383 27753 30740 D MY_TAG  : 0, 493
08-04 13:59:38.402 27753 27753 D baseline.com.newsblur.service.NBSyncService: rejecting request for feedset that is exhaused
08-04 13:59:38.711 27753 29836 I art     : Starting a blocking GC Explicit
08-04 13:59:38.755 27753 29836 I art     : Explicit concurrent mark sweep GC freed 5960(395KB) AllocSpace objects, 7(140KB) LOS objects, 28% free, 40MB/56MB, paused 1.178ms total 44.015ms
08-04 13:59:38.768 27753 29836 I art     : Starting a blocking GC Explicit
08-04 13:59:38.808 27753 29836 I art     : Explicit concurrent mark sweep GC freed 221(10KB) AllocSpace objects, 0(0B) LOS objects, 28% free, 40MB/56MB, paused 1.172ms total 40.285ms
08-04 13:59:38.819 27753 29836 I art     : Starting a blocking GC Explicit
08-04 13:59:38.859 27753 29836 I art     : Explicit concurrent mark sweep GC freed 1597(62KB) AllocSpace objects, 0(0B) LOS objects, 28% free, 40MB/56MB, paused 1.251ms total 39.432ms
08-04 13:59:38.869 27753 29836 I art     : Starting a blocking GC Explicit
08-04 13:59:38.894 27753 30740 E baseline.com.newsblur.network.APIResponse: Error (unexpected end of stream on https://www.newsblur.com/...) calling https://www.newsblur.com/reader/mark_story_hashes_as_read/
08-04 13:59:38.894 27753 30740 E baseline.com.newsblur.network.APIResponse: java.io.IOException: unexpected end of stream on https://www.newsblur.com/...
08-04 13:59:38.894 27753 30740 E baseline.com.newsblur.network.APIResponse: 	at okhttp3.internal.http1.Http1ExchangeCodec.readResponseHeaders(Http1ExchangeCodec.java:236)
08-04 13:59:38.894 27753 30740 E baseline.com.newsblur.network.APIResponse: 	at okhttp3.internal.connection.Exchange.readResponseHeaders(Exchange.java:115)
08-04 13:59:38.894 27753 30740 E baseline.com.newsblur.network.APIResponse: 	at okhttp3.internal.http.CallServerInterceptor.intercept(CallServerInterceptor.java:94)
08-04 13:59:38.894 27753 30740 E baseline.com.newsblur.network.APIResponse: 	at okhttp3.internal.http.RealInterceptorChain.proceed(RealInterceptorChain.java:142)
08-04 13:59:38.894 27753 30740 E baseline.com.newsblur.network.APIResponse: 	at okhttp3.internal.connection.ConnectInterceptor.intercept(ConnectInterceptor.java:43)
08-04 13:59:38.894 27753 30740 E baseline.com.newsblur.network.APIResponse: 	at okhttp3.internal.http.RealInterceptorChain.proceed(RealInterceptorChain.java:142)
08-04 13:59:38.894 27753 30740 E baseline.com.newsblur.network.APIResponse: 	at okhttp3.internal.http.RealInterceptorChain.proceed(RealInterceptorChain.java:117)
08-04 13:59:38.894 27753 30740 E baseline.com.newsblur.network.APIResponse: 	at okhttp3.internal.cache.CacheInterceptor.intercept(CacheInterceptor.java:94)
08-04 13:59:38.894 27753 30740 E baseline.com.newsblur.network.APIResponse: 	at okhttp3.internal.http.RealInterceptorChain.proceed(RealInterceptorChain.java:142)
08-04 13:59:38.894 27753 30740 E baseline.com.newsblur.network.APIResponse: 	at okhttp3.internal.http.RealInterceptorChain.proceed(RealInterceptorChain.java:117)
08-04 13:59:38.894 27753 30740 E baseline.com.newsblur.network.APIResponse: 	at okhttp3.internal.http.BridgeInterceptor.intercept(BridgeInterceptor.java:93)
08-04 13:59:38.894 27753 30740 E baseline.com.newsblur.network.APIResponse: 	at okhttp3.internal.http.RealInterceptorChain.proceed(RealInterceptorChain.java:142)
08-04 13:59:38.894 27753 30740 E baseline.com.newsblur.network.APIResponse: 	at okhttp3.internal.http.RetryAndFollowUpInterceptor.intercept(RetryAndFollowUpInterceptor.java:88)
08-04 13:59:38.894 27753 30740 E baseline.com.newsblur.network.APIResponse: 	at okhttp3.internal.http.RealInterceptorChain.proceed(RealInterceptorChain.java:142)
08-04 13:59:38.894 27753 30740 E baseline.com.newsblur.network.APIResponse: 	at okhttp3.internal.http.RealInterceptorChain.proceed(RealInterceptorChain.java:117)
08-04 13:59:38.894 27753 30740 E baseline.com.newsblur.network.APIResponse: 	at okhttp3.RealCall.getResponseWithInterceptorChain(RealCall.java:229)
08-04 13:59:38.894 27753 30740 E baseline.com.newsblur.network.APIResponse: 	at okhttp3.RealCall.execute(RealCall.java:81)
08-04 13:59:38.894 27753 30740 E baseline.com.newsblur.network.APIResponse: 	at baseline.com.newsblur.network.APIResponse.<init>(APIResponse.java:57)
08-04 13:59:38.894 27753 30740 E baseline.com.newsblur.network.APIResponse: 	at baseline.com.newsblur.network.APIResponse.<init>(APIResponse.java:43)
08-04 13:59:38.894 27753 30740 E baseline.com.newsblur.network.APIResponse: 	at baseline.com.newsblur.network.APIManager.post_single(APIManager.java:702)
08-04 13:59:38.894 27753 30740 E baseline.com.newsblur.network.APIResponse: 	at baseline.com.newsblur.network.APIManager.post(APIManager.java:675)
08-04 13:59:38.894 27753 30740 E baseline.com.newsblur.network.APIResponse: 	at baseline.com.newsblur.network.APIManager.post(APIManager.java:714)
08-04 13:59:38.894 27753 30740 E baseline.com.newsblur.network.APIResponse: 	at baseline.com.newsblur.network.APIManager.markStoryAsRead(APIManager.java:205)
08-04 13:59:38.894 27753 30740 E baseline.com.newsblur.network.APIResponse: 	at baseline.com.newsblur.util.ReadingAction.doRemote(ReadingAction.java:281)
08-04 13:59:38.894 27753 30740 E baseline.com.newsblur.network.APIResponse: 	at baseline.com.newsblur.service.NBSyncService.syncActions(NBSyncService.java:400)
08-04 13:59:38.894 27753 30740 E baseline.com.newsblur.network.APIResponse: 	at baseline.com.newsblur.service.NBSyncService.doSync(NBSyncService.java:298)
08-04 13:59:38.894 27753 30740 E baseline.com.newsblur.network.APIResponse: 	at baseline.com.newsblur.service.NBSyncService.access$100(NBSyncService.java:67)
08-04 13:59:38.894 27753 30740 E baseline.com.newsblur.network.APIResponse: 	at baseline.com.newsblur.service.NBSyncService$1.run(NBSyncService.java:188)
08-04 13:59:38.894 27753 30740 E baseline.com.newsblur.network.APIResponse: 	at java.util.concurrent.ThreadPoolExecutor.runWorker(ThreadPoolExecutor.java:1113)
08-04 13:59:38.894 27753 30740 E baseline.com.newsblur.network.APIResponse: 	at java.util.concurrent.ThreadPoolExecutor$Worker.run(ThreadPoolExecutor.java:588)
08-04 13:59:38.894 27753 30740 E baseline.com.newsblur.network.APIResponse: 	at java.lang.Thread.run(Thread.java:818)
08-04 13:59:38.894 27753 30740 E baseline.com.newsblur.network.APIResponse: Caused by: java.io.EOFException: \n not found: limit=0 content=
08-04 13:59:38.894 27753 30740 E baseline.com.newsblur.network.APIResponse: 	at okio.RealBufferedSource.readUtf8LineStrict(RealBufferedSource.java:240)
08-04 13:59:38.894 27753 30740 E baseline.com.newsblur.network.APIResponse: 	at okhttp3.internal.http1.Http1ExchangeCodec.readHeaderLine(Http1ExchangeCodec.java:242)
08-04 13:59:38.894 27753 30740 E baseline.com.newsblur.network.APIResponse: 	at okhttp3.internal.http1.Http1ExchangeCodec.readResponseHeaders(Http1ExchangeCodec.java:213)
08-04 13:59:38.894 27753 30740 E baseline.com.newsblur.network.APIResponse: 	... 30 more
08-04 13:59:38.896 27753 30740 I baseline.com.newsblur.network.APIManager: API call failed, pausing before retry number 1
08-04 13:59:38.910 27753 29836 I art     : Explicit concurrent mark sweep GC freed 857(197KB) AllocSpace objects, 2(40KB) LOS objects, 28% free, 40MB/56MB, paused 1.100ms total 40.310ms
08-04 13:59:38.920 27753 29836 I art     : Starting a blocking GC Explicit
08-04 13:59:38.961 27753 29836 I art     : Explicit concurrent mark sweep GC freed 122(16KB) AllocSpace objects, 0(0B) LOS objects, 28% free, 40MB/56MB, paused 1.068ms total 40.636ms
08-04 13:59:39.302 27753 27764 I art     : Starting a blocking GC Explicit
08-04 13:59:39.344 27753 27764 I art     : Explicit concurrent mark sweep GC freed 1466(83KB) AllocSpace objects, 1(20KB) LOS objects, 28% free, 40MB/56MB, paused 1.041ms total 42.277ms
08-04 13:59:39.355 27753 27764 I art     : Starting a blocking GC Explicit
08-04 13:59:39.392 27753 27764 I art     : Explicit concurrent mark sweep GC freed 22(784B) AllocSpace objects, 0(0B) LOS objects, 28% free, 40MB/56MB, paused 1.066ms total 36.610ms
08-04 13:59:39.402 27753 27764 I art     : Starting a blocking GC Explicit
08-04 13:59:39.442 27753 27764 I art     : Explicit concurrent mark sweep GC freed 3(96B) AllocSpace objects, 0(0B) LOS objects, 28% free, 40MB/56MB, paused 1.108ms total 39.695ms
08-04 13:59:39.452 27753 27764 I art     : Starting a blocking GC Explicit
08-04 13:59:39.493 27753 27764 I art     : Explicit concurrent mark sweep GC freed 3(96B) AllocSpace objects, 0(0B) LOS objects, 28% free, 40MB/56MB, paused 1.113ms total 39.851ms
08-04 13:59:39.503 27753 27764 I art     : Starting a blocking GC Explicit
08-04 13:59:39.543 27753 27764 I art     : Explicit concurrent mark sweep GC freed 3(96B) AllocSpace objects, 0(0B) LOS objects, 28% free, 40MB/56MB, paused 1.166ms total 39.963ms
08-04 13:59:39.737 31498 31498 D AndroidRuntime: >>>>>> START com.android.internal.os.RuntimeInit uid 2000 <<<<<<
08-04 13:59:39.742 31498 31498 D AndroidRuntime: CheckJNI is OFF
08-04 13:59:39.773 31498 31498 D ICU     : No timezone override file found: /data/misc/zoneinfo/current/icu/icu_tzdata.dat
08-04 13:59:39.805 31498 31498 I Radio-JNI: register_android_hardware_Radio DONE
08-04 13:59:39.828 31498 31498 D AndroidRuntime: Calling main entry com.android.commands.input.Input
08-04 13:59:39.830 31498 31498 I Input   : injectMotionEvent: MotionEvent { action=ACTION_DOWN, actionButton=0, id[0]=0, x[0]=436.0, y[0]=453.0, toolType[0]=TOOL_TYPE_UNKNOWN, buttonState=0, metaState=0, flags=0x0, edgeFlags=0x0, pointerCount=1, historySize=0, eventTime=712796242, downTime=712796242, deviceId=0, source=0x1002 }
08-04 13:59:39.833 31498 31498 I Input   : injectMotionEvent: MotionEvent { action=ACTION_UP, actionButton=0, id[0]=0, x[0]=436.0, y[0]=453.0, toolType[0]=TOOL_TYPE_UNKNOWN, buttonState=0, metaState=0, flags=0x0, edgeFlags=0x0, pointerCount=1, historySize=0, eventTime=712796242, downTime=712796242, deviceId=0, source=0x1002 }
08-04 13:59:39.836 31498 31498 D AndroidRuntime: Shutting down VM
08-04 13:59:39.846   512  2967 D audio_hw_primary: out_set_parameters: enter: usecase(1: low-latency-playback) kvpairs: routing=2
08-04 13:59:39.848   918  6111 I ActivityManager: START u0 {cmp=baseline.com.newsblur/.activity.AllSharedStoriesReading (has extras)} from uid 10652 on display 0
08-04 13:59:39.859   512  2967 D audio_hw_primary: select_devices: out_snd_device(2: speaker) in_snd_device(0: none)
08-04 13:59:39.859   512  2967 D msm8974_platform: platform_send_audio_calibration: sending audio calibration for snd_device(2) acdb_id(15)
08-04 13:59:39.859   512  2967 I soundtrigger: audio_extn_sound_trigger_update_device_status: device 0x2 of type 0 for Event 1
08-04 13:59:39.875   512  2967 D audio_hw_primary: enable_snd_device: snd_device(2: speaker)
08-04 13:59:39.877   512  2967 D audio_hw_primary: enable_audio_route: apply and update mixer path: low-latency-playback speaker
08-04 13:59:39.892 27753 30054 I art     : Starting a blocking GC Explicit
08-04 13:59:39.928 27753 30054 I art     : Explicit concurrent mark sweep GC freed 2963(237KB) AllocSpace objects, 5(528KB) LOS objects, 28% free, 40MB/56MB, paused 1.050ms total 36.304ms
08-04 13:59:39.938 27753 30054 I art     : Starting a blocking GC Explicit
08-04 13:59:39.975 27753 30054 I art     : Explicit concurrent mark sweep GC freed 254(12KB) AllocSpace objects, 0(0B) LOS objects, 28% free, 40MB/56MB, paused 1.116ms total 36.260ms
08-04 13:59:39.982 26337 26337 I ServiceManager: Waiting for service AtCmdFwd...
08-04 13:59:39.985 27753 30054 I art     : Starting a blocking GC Explicit
08-04 13:59:40.021 27753 30054 I art     : Explicit concurrent mark sweep GC freed 151(26KB) AllocSpace objects, 1(20KB) LOS objects, 28% free, 40MB/56MB, paused 1.007ms total 36.705ms
08-04 13:59:40.032 27753 30054 I art     : Starting a blocking GC Explicit
08-04 13:59:40.059   918   936 I ActivityManager: Displayed baseline.com.newsblur/.activity.AllSharedStoriesReading: +201ms
08-04 13:59:40.063 13866 13866 I GoogleInputMethodServic: GoogleInputMethodService.onFinishInput():3138 
08-04 13:59:40.063 13866 13866 I GoogleInputMethodServic: GoogleInputMethodService.onStartInput():1808 
08-04 13:59:40.070 27753 30054 I art     : Explicit concurrent mark sweep GC freed 573(46KB) AllocSpace objects, 1(20KB) LOS objects, 28% free, 40MB/56MB, paused 1.236ms total 37.327ms
08-04 13:59:40.080 27753 30054 I art     : Starting a blocking GC Explicit
08-04 13:59:40.123 27753 30054 I art     : Explicit concurrent mark sweep GC freed 1703(109KB) AllocSpace objects, 2(40KB) LOS objects, 28% free, 41MB/57MB, paused 1.477ms total 42.157ms
08-04 13:59:40.261 27753 30399 E chromium: [ERROR:tile_manager.cc(793)] WARNING: tile memory limits exceeded, some content may not draw
08-04 13:59:40.263 27753 30399 E chromium: [ERROR:tile_manager.cc(793)] WARNING: tile memory limits exceeded, some content may not draw
08-04 13:59:40.419   512  2967 D audio_hw_primary: disable_audio_route: reset and update mixer path: low-latency-playback speaker
08-04 13:59:40.420   512  2967 D audio_hw_primary: disable_snd_device: snd_device(2: speaker)
08-04 13:59:40.429   512  2967 I soundtrigger: audio_extn_sound_trigger_update_device_status: device 0x2 of type 0 for Event 0
08-04 13:59:40.430 27753 27765 I art     : Starting a blocking GC Explicit
08-04 13:59:40.477 27753 27765 I art     : Explicit concurrent mark sweep GC freed 3069(235KB) AllocSpace objects, 12(284KB) LOS objects, 28% free, 41MB/57MB, paused 1.205ms total 47.424ms
08-04 13:59:40.488 27753 27765 I art     : Starting a blocking GC Explicit
08-04 13:59:40.526 27753 27765 I art     : Explicit concurrent mark sweep GC freed 406(19KB) AllocSpace objects, 0(0B) LOS objects, 28% free, 41MB/57MB, paused 1.160ms total 37.533ms
08-04 13:59:40.536 27753 27765 I art     : Starting a blocking GC Explicit
08-04 13:59:40.574 27753 27765 I art     : Explicit concurrent mark sweep GC freed 3(96B) AllocSpace objects, 0(0B) LOS objects, 28% free, 41MB/57MB, paused 1.109ms total 38.070ms
08-04 13:59:40.585 27753 27765 I art     : Starting a blocking GC Explicit
08-04 13:59:40.624 27753 27765 I art     : Explicit concurrent mark sweep GC freed 3(96B) AllocSpace objects, 0(0B) LOS objects, 28% free, 41MB/57MB, paused 1.117ms total 39.165ms
08-04 13:59:40.635 27753 27765 I art     : Starting a blocking GC Explicit
08-04 13:59:40.680 27753 27765 I art     : Explicit concurrent mark sweep GC freed 3(96B) AllocSpace objects, 0(0B) LOS objects, 28% free, 41MB/57MB, paused 1.256ms total 44.406ms
08-04 13:59:40.923 27753 30740 E baseline.com.newsblur.network.APIResponse: Error (unexpected end of stream on https://www.newsblur.com/...) calling https://www.newsblur.com/reader/mark_story_hashes_as_read/
08-04 13:59:40.923 27753 30740 E baseline.com.newsblur.network.APIResponse: java.io.IOException: unexpected end of stream on https://www.newsblur.com/...
08-04 13:59:40.923 27753 30740 E baseline.com.newsblur.network.APIResponse: 	at okhttp3.internal.http1.Http1ExchangeCodec.readResponseHeaders(Http1ExchangeCodec.java:236)
08-04 13:59:40.923 27753 30740 E baseline.com.newsblur.network.APIResponse: 	at okhttp3.internal.connection.Exchange.readResponseHeaders(Exchange.java:115)
08-04 13:59:40.923 27753 30740 E baseline.com.newsblur.network.APIResponse: 	at okhttp3.internal.http.CallServerInterceptor.intercept(CallServerInterceptor.java:94)
08-04 13:59:40.923 27753 30740 E baseline.com.newsblur.network.APIResponse: 	at okhttp3.internal.http.RealInterceptorChain.proceed(RealInterceptorChain.java:142)
08-04 13:59:40.923 27753 30740 E baseline.com.newsblur.network.APIResponse: 	at okhttp3.internal.connection.ConnectInterceptor.intercept(ConnectInterceptor.java:43)
08-04 13:59:40.923 27753 30740 E baseline.com.newsblur.network.APIResponse: 	at okhttp3.internal.http.RealInterceptorChain.proceed(RealInterceptorChain.java:142)
08-04 13:59:40.923 27753 30740 E baseline.com.newsblur.network.APIResponse: 	at okhttp3.internal.http.RealInterceptorChain.proceed(RealInterceptorChain.java:117)
08-04 13:59:40.923 27753 30740 E baseline.com.newsblur.network.APIResponse: 	at okhttp3.internal.cache.CacheInterceptor.intercept(CacheInterceptor.java:94)
08-04 13:59:40.923 27753 30740 E baseline.com.newsblur.network.APIResponse: 	at okhttp3.internal.http.RealInterceptorChain.proceed(RealInterceptorChain.java:142)
08-04 13:59:40.923 27753 30740 E baseline.com.newsblur.network.APIResponse: 	at okhttp3.internal.http.RealInterceptorChain.proceed(RealInterceptorChain.java:117)
08-04 13:59:40.923 27753 30740 E baseline.com.newsblur.network.APIResponse: 	at okhttp3.internal.http.BridgeInterceptor.intercept(BridgeInterceptor.java:93)
08-04 13:59:40.923 27753 30740 E baseline.com.newsblur.network.APIResponse: 	at okhttp3.internal.http.RealInterceptorChain.proceed(RealInterceptorChain.java:142)
08-04 13:59:40.923 27753 30740 E baseline.com.newsblur.network.APIResponse: 	at okhttp3.internal.http.RetryAndFollowUpInterceptor.intercept(RetryAndFollowUpInterceptor.java:88)
08-04 13:59:40.923 27753 30740 E baseline.com.newsblur.network.APIResponse: 	at okhttp3.internal.http.RealInterceptorChain.proceed(RealInterceptorChain.java:142)
08-04 13:59:40.923 27753 30740 E baseline.com.newsblur.network.APIResponse: 	at okhttp3.internal.http.RealInterceptorChain.proceed(RealInterceptorChain.java:117)
08-04 13:59:40.923 27753 30740 E baseline.com.newsblur.network.APIResponse: 	at okhttp3.RealCall.getResponseWithInterceptorChain(RealCall.java:229)
08-04 13:59:40.923 27753 30740 E baseline.com.newsblur.network.APIResponse: 	at okhttp3.RealCall.execute(RealCall.java:81)
08-04 13:59:40.923 27753 30740 E baseline.com.newsblur.network.APIResponse: 	at baseline.com.newsblur.network.APIResponse.<init>(APIResponse.java:57)
08-04 13:59:40.923 27753 30740 E baseline.com.newsblur.network.APIResponse: 	at baseline.com.newsblur.network.APIResponse.<init>(APIResponse.java:43)
08-04 13:59:40.923 27753 30740 E baseline.com.newsblur.network.APIResponse: 	at baseline.com.newsblur.network.APIManager.post_single(APIManager.java:702)
08-04 13:59:40.923 27753 30740 E baseline.com.newsblur.network.APIResponse: 	at baseline.com.newsblur.network.APIManager.post(APIManager.java:675)
08-04 13:59:40.923 27753 30740 E baseline.com.newsblur.network.APIResponse: 	at baseline.com.newsblur.network.APIManager.post(APIManager.java:714)
08-04 13:59:40.923 27753 30740 E baseline.com.newsblur.network.APIResponse: 	at baseline.com.newsblur.network.APIManager.markStoryAsRead(APIManager.java:205)
08-04 13:59:40.923 27753 30740 E baseline.com.newsblur.network.APIResponse: 	at baseline.com.newsblur.util.ReadingAction.doRemote(ReadingAction.java:281)
08-04 13:59:40.923 27753 30740 E baseline.com.newsblur.network.APIResponse: 	at baseline.com.newsblur.service.NBSyncService.syncActions(NBSyncService.java:400)
08-04 13:59:40.923 27753 30740 E baseline.com.newsblur.network.APIResponse: 	at baseline.com.newsblur.service.NBSyncService.doSync(NBSyncService.java:298)
08-04 13:59:40.923 27753 30740 E baseline.com.newsblur.network.APIResponse: 	at baseline.com.newsblur.service.NBSyncService.access$100(NBSyncService.java:67)
08-04 13:59:40.923 27753 30740 E baseline.com.newsblur.network.APIResponse: 	at baseline.com.newsblur.service.NBSyncService$1.run(NBSyncService.java:188)
08-04 13:59:40.923 27753 30740 E baseline.com.newsblur.network.APIResponse: 	at java.util.concurrent.ThreadPoolExecutor.runWorker(ThreadPoolExecutor.java:1113)
08-04 13:59:40.923 27753 30740 E baseline.com.newsblur.network.APIResponse: 	at java.util.concurrent.ThreadPoolExecutor$Worker.run(ThreadPoolExecutor.java:588)
08-04 13:59:40.923 27753 30740 E baseline.com.newsblur.network.APIResponse: 	at java.lang.Thread.run(Thread.java:818)
08-04 13:59:40.923 27753 30740 E baseline.com.newsblur.network.APIResponse: Caused by: java.io.EOFException: \n not found: limit=0 content=
08-04 13:59:40.923 27753 30740 E baseline.com.newsblur.network.APIResponse: 	at okio.RealBufferedSource.readUtf8LineStrict(RealBufferedSource.java:240)
08-04 13:59:40.923 27753 30740 E baseline.com.newsblur.network.APIResponse: 	at okhttp3.internal.http1.Http1ExchangeCodec.readHeaderLine(Http1ExchangeCodec.java:242)
08-04 13:59:40.923 27753 30740 E baseline.com.newsblur.network.APIResponse: 	at okhttp3.internal.http1.Http1ExchangeCodec.readResponseHeaders(Http1ExchangeCodec.java:213)
08-04 13:59:40.923 27753 30740 E baseline.com.newsblur.network.APIResponse: 	... 30 more
08-04 13:59:40.924 27753 30740 I baseline.com.newsblur.network.APIManager: API call failed, pausing before retry number 2
08-04 13:59:40.983 26337 26337 I ServiceManager: Waiting for service AtCmdFwd...
08-04 13:59:41.011 27753 27764 I art     : Starting a blocking GC Explicit
08-04 13:59:41.059 27753 27764 I art     : Explicit concurrent mark sweep GC freed 3957(357KB) AllocSpace objects, 3(60KB) LOS objects, 28% free, 41MB/57MB, paused 1.153ms total 46.902ms
08-04 13:59:41.072 27753 27764 I art     : Starting a blocking GC Explicit
08-04 13:59:41.116 27753 27764 I art     : Explicit concurrent mark sweep GC freed 120(4KB) AllocSpace objects, 0(0B) LOS objects, 28% free, 41MB/57MB, paused 1.140ms total 43.846ms
08-04 13:59:41.127 27753 27764 I art     : Starting a blocking GC Explicit
08-04 13:59:41.171 27753 27764 I art     : Explicit concurrent mark sweep GC freed 3(96B) AllocSpace objects, 0(0B) LOS objects, 28% free, 41MB/57MB, paused 1.068ms total 43.928ms
08-04 13:59:41.182 27753 27764 I art     : Starting a blocking GC Explicit
08-04 13:59:41.227 27753 27764 I art     : Explicit concurrent mark sweep GC freed 3(96B) AllocSpace objects, 0(0B) LOS objects, 28% free, 41MB/57MB, paused 1.187ms total 44.531ms
08-04 13:59:41.238 27753 27764 I art     : Starting a blocking GC Explicit
08-04 13:59:41.283 27753 27764 I art     : Explicit concurrent mark sweep GC freed 3(96B) AllocSpace objects, 0(0B) LOS objects, 28% free, 41MB/57MB, paused 1.171ms total 44.510ms
08-04 13:59:41.635 27753 27764 I art     : Starting a blocking GC Explicit
08-04 13:59:41.678 27753 27764 I art     : Explicit concurrent mark sweep GC freed 1502(85KB) AllocSpace objects, 1(20KB) LOS objects, 28% free, 41MB/57MB, paused 1.136ms total 43.341ms
08-04 13:59:41.689 27753 27764 I art     : Starting a blocking GC Explicit
08-04 13:59:41.734 27753 27764 I art     : Explicit concurrent mark sweep GC freed 22(784B) AllocSpace objects, 0(0B) LOS objects, 28% free, 41MB/57MB, paused 1.158ms total 44.248ms
08-04 13:59:41.745 27753 27764 I art     : Starting a blocking GC Explicit
08-04 13:59:41.790 27753 27764 I art     : Explicit concurrent mark sweep GC freed 3(96B) AllocSpace objects, 0(0B) LOS objects, 28% free, 41MB/57MB, paused 1.180ms total 44.721ms
08-04 13:59:41.802 27753 27764 I art     : Starting a blocking GC Explicit
08-04 13:59:41.846 27753 27764 I art     : Explicit concurrent mark sweep GC freed 3(96B) AllocSpace objects, 0(0B) LOS objects, 28% free, 41MB/57MB, paused 1.142ms total 44.615ms
08-04 13:59:41.858 27753 27764 I art     : Starting a blocking GC Explicit
08-04 13:59:41.903 27753 27764 I art     : Explicit concurrent mark sweep GC freed 3(96B) AllocSpace objects, 0(0B) LOS objects, 28% free, 41MB/57MB, paused 1.151ms total 45.158ms
08-04 13:59:41.983 26337 26337 I ServiceManager: Waiting for service AtCmdFwd...
08-04 13:59:42.026   518   646 I ThermalEngine: ACTION: GPU - Setting GPU[0] to 450000000
08-04 13:59:42.315 27753 30054 I art     : Starting a blocking GC Explicit
08-04 13:59:42.376 27753 30054 I art     : Explicit concurrent mark sweep GC freed 1446(83KB) AllocSpace objects, 1(20KB) LOS objects, 28% free, 41MB/57MB, paused 1.550ms total 60.876ms
08-04 13:59:42.393 27753 30054 I art     : Starting a blocking GC Explicit
08-04 13:59:42.450 27753 30054 I art     : Explicit concurrent mark sweep GC freed 22(784B) AllocSpace objects, 0(0B) LOS objects, 28% free, 41MB/57MB, paused 1.533ms total 55.925ms
08-04 13:59:42.464 27753 30054 I art     : Starting a blocking GC Explicit
08-04 13:59:42.521 27753 30054 I art     : Explicit concurrent mark sweep GC freed 3(96B) AllocSpace objects, 0(0B) LOS objects, 28% free, 41MB/57MB, paused 1.455ms total 56.915ms
08-04 13:59:42.535 27753 30054 I art     : Starting a blocking GC Explicit
08-04 13:59:42.594 27753 30054 I art     : Explicit concurrent mark sweep GC freed 3(96B) AllocSpace objects, 0(0B) LOS objects, 28% free, 41MB/57MB, paused 1.571ms total 58.266ms
08-04 13:59:42.608 27753 30054 I art     : Starting a blocking GC Explicit
08-04 13:59:42.666 27753 30054 I art     : Explicit concurrent mark sweep GC freed 3(96B) AllocSpace objects, 0(0B) LOS objects, 28% free, 41MB/57MB, paused 1.587ms total 57.459ms
08-04 13:59:42.984 26337 26337 I ServiceManager: Waiting for service AtCmdFwd...
08-04 13:59:43.064 27753 29836 I art     : Starting a blocking GC Explicit
08-04 13:59:43.126 27753 29836 I art     : Explicit concurrent mark sweep GC freed 1445(83KB) AllocSpace objects, 1(20KB) LOS objects, 28% free, 41MB/57MB, paused 1.562ms total 61.095ms
08-04 13:59:43.135   918  3261 D WifiStateMachine: starting scan for "H369AA63323"WPA_PSK with 2412,5180
08-04 13:59:43.142 27753 29836 I art     : Starting a blocking GC Explicit
08-04 13:59:43.200 27753 29836 I art     : Explicit concurrent mark sweep GC freed 22(800B) AllocSpace objects, 0(0B) LOS objects, 28% free, 41MB/57MB, paused 1.556ms total 57.503ms
08-04 13:59:43.214 27753 29836 I art     : Starting a blocking GC Explicit
08-04 13:59:43.270 27753 29836 I art     : Explicit concurrent mark sweep GC freed 3(96B) AllocSpace objects, 0(0B) LOS objects, 28% free, 41MB/57MB, paused 1.573ms total 56.347ms
08-04 13:59:43.285 27753 29836 I art     : Starting a blocking GC Explicit
08-04 13:59:43.345 27753 29836 I art     : Explicit concurrent mark sweep GC freed 3(96B) AllocSpace objects, 0(0B) LOS objects, 28% free, 41MB/57MB, paused 1.568ms total 60.021ms
08-04 13:59:43.360 27753 29836 I art     : Starting a blocking GC Explicit
08-04 13:59:43.419 27753 29836 I art     : Explicit concurrent mark sweep GC freed 3(96B) AllocSpace objects, 0(0B) LOS objects, 28% free, 41MB/57MB, paused 1.619ms total 59.057ms
08-04 13:59:43.821 27753 27765 I art     : Starting a blocking GC Explicit
08-04 13:59:43.880 27753 27765 I art     : Explicit concurrent mark sweep GC freed 1445(83KB) AllocSpace objects, 1(20KB) LOS objects, 28% free, 41MB/57MB, paused 1.562ms total 58.276ms
08-04 13:59:43.895 27753 27765 I art     : Starting a blocking GC Explicit
08-04 13:59:43.954 27753 27765 I art     : Explicit concurrent mark sweep GC freed 125(4KB) AllocSpace objects, 0(0B) LOS objects, 28% free, 41MB/57MB, paused 1.679ms total 58.283ms
08-04 13:59:43.968 27753 27765 I art     : Starting a blocking GC Explicit
08-04 13:59:43.984 26337 26337 I ServiceManager: Waiting for service AtCmdFwd...
08-04 13:59:44.024 27753 27765 I art     : Explicit concurrent mark sweep GC freed 71(5KB) AllocSpace objects, 0(0B) LOS objects, 28% free, 41MB/57MB, paused 1.577ms total 55.523ms
08-04 13:59:44.038 27753 27765 I art     : Starting a blocking GC Explicit
08-04 13:59:44.099 27753 27765 I art     : Explicit concurrent mark sweep GC freed 3(96B) AllocSpace objects, 0(0B) LOS objects, 28% free, 41MB/57MB, paused 1.835ms total 60.720ms
08-04 13:59:44.116 27753 27765 I art     : Starting a blocking GC Explicit
08-04 13:59:44.174 27753 27765 I art     : Explicit concurrent mark sweep GC freed 3(96B) AllocSpace objects, 0(0B) LOS objects, 28% free, 41MB/57MB, paused 1.605ms total 57.570ms
08-04 13:59:44.414 27753 30740 E baseline.com.newsblur.network.APIResponse: Error (unexpected end of stream on https://www.newsblur.com/...) calling https://www.newsblur.com/reader/mark_story_hashes_as_read/
08-04 13:59:44.414 27753 30740 E baseline.com.newsblur.network.APIResponse: java.io.IOException: unexpected end of stream on https://www.newsblur.com/...
08-04 13:59:44.414 27753 30740 E baseline.com.newsblur.network.APIResponse: 	at okhttp3.internal.http1.Http1ExchangeCodec.readResponseHeaders(Http1ExchangeCodec.java:236)
08-04 13:59:44.414 27753 30740 E baseline.com.newsblur.network.APIResponse: 	at okhttp3.internal.connection.Exchange.readResponseHeaders(Exchange.java:115)
08-04 13:59:44.414 27753 30740 E baseline.com.newsblur.network.APIResponse: 	at okhttp3.internal.http.CallServerInterceptor.intercept(CallServerInterceptor.java:94)
08-04 13:59:44.414 27753 30740 E baseline.com.newsblur.network.APIResponse: 	at okhttp3.internal.http.RealInterceptorChain.proceed(RealInterceptorChain.java:142)
08-04 13:59:44.414 27753 30740 E baseline.com.newsblur.network.APIResponse: 	at okhttp3.internal.connection.ConnectInterceptor.intercept(ConnectInterceptor.java:43)
08-04 13:59:44.414 27753 30740 E baseline.com.newsblur.network.APIResponse: 	at okhttp3.internal.http.RealInterceptorChain.proceed(RealInterceptorChain.java:142)
08-04 13:59:44.414 27753 30740 E baseline.com.newsblur.network.APIResponse: 	at okhttp3.internal.http.RealInterceptorChain.proceed(RealInterceptorChain.java:117)
08-04 13:59:44.414 27753 30740 E baseline.com.newsblur.network.APIResponse: 	at okhttp3.internal.cache.CacheInterceptor.intercept(CacheInterceptor.java:94)
08-04 13:59:44.414 27753 30740 E baseline.com.newsblur.network.APIResponse: 	at okhttp3.internal.http.RealInterceptorChain.proceed(RealInterceptorChain.java:142)
08-04 13:59:44.414 27753 30740 E baseline.com.newsblur.network.APIResponse: 	at okhttp3.internal.http.RealInterceptorChain.proceed(RealInterceptorChain.java:117)
08-04 13:59:44.414 27753 30740 E baseline.com.newsblur.network.APIResponse: 	at okhttp3.internal.http.BridgeInterceptor.intercept(BridgeInterceptor.java:93)
08-04 13:59:44.414 27753 30740 E baseline.com.newsblur.network.APIResponse: 	at okhttp3.internal.http.RealInterceptorChain.proceed(RealInterceptorChain.java:142)
08-04 13:59:44.414 27753 30740 E baseline.com.newsblur.network.APIResponse: 	at okhttp3.internal.http.RetryAndFollowUpInterceptor.intercept(RetryAndFollowUpInterceptor.java:88)
08-04 13:59:44.414 27753 30740 E baseline.com.newsblur.network.APIResponse: 	at okhttp3.internal.http.RealInterceptorChain.proceed(RealInterceptorChain.java:142)
08-04 13:59:44.414 27753 30740 E baseline.com.newsblur.network.APIResponse: 	at okhttp3.internal.http.RealInterceptorChain.proceed(RealInterceptorChain.java:117)
08-04 13:59:44.414 27753 30740 E baseline.com.newsblur.network.APIResponse: 	at okhttp3.RealCall.getResponseWithInterceptorChain(RealCall.java:229)
08-04 13:59:44.414 27753 30740 E baseline.com.newsblur.network.APIResponse: 	at okhttp3.RealCall.execute(RealCall.java:81)
08-04 13:59:44.414 27753 30740 E baseline.com.newsblur.network.APIResponse: 	at baseline.com.newsblur.network.APIResponse.<init>(APIResponse.java:57)
08-04 13:59:44.414 27753 30740 E baseline.com.newsblur.network.APIResponse: 	at baseline.com.newsblur.network.APIResponse.<init>(APIResponse.java:43)
08-04 13:59:44.414 27753 30740 E baseline.com.newsblur.network.APIResponse: 	at baseline.com.newsblur.network.APIManager.post_single(APIManager.java:702)
08-04 13:59:44.414 27753 30740 E baseline.com.newsblur.network.APIResponse: 	at baseline.com.newsblur.network.APIManager.post(APIManager.java:675)
08-04 13:59:44.414 27753 30740 E baseline.com.newsblur.network.APIResponse: 	at baseline.com.newsblur.network.APIManager.post(APIManager.java:714)
08-04 13:59:44.414 27753 30740 E baseline.com.newsblur.network.APIResponse: 	at baseline.com.newsblur.network.APIManager.markStoryAsRead(APIManager.java:205)
08-04 13:59:44.414 27753 30740 E baseline.com.newsblur.network.APIResponse: 	at baseline.com.newsblur.util.ReadingAction.doRemote(ReadingAction.java:281)
08-04 13:59:44.414 27753 30740 E baseline.com.newsblur.network.APIResponse: 	at baseline.com.newsblur.service.NBSyncService.syncActions(NBSyncService.java:400)
08-04 13:59:44.414 27753 30740 E baseline.com.newsblur.network.APIResponse: 	at baseline.com.newsblur.service.NBSyncService.doSync(NBSyncService.java:298)
08-04 13:59:44.414 27753 30740 E baseline.com.newsblur.network.APIResponse: 	at baseline.com.newsblur.service.NBSyncService.access$100(NBSyncService.java:67)
08-04 13:59:44.414 27753 30740 E baseline.com.newsblur.network.APIResponse: 	at baseline.com.newsblur.service.NBSyncService$1.run(NBSyncService.java:188)
08-04 13:59:44.414 27753 30740 E baseline.com.newsblur.network.APIResponse: 	at java.util.concurrent.ThreadPoolExecutor.runWorker(ThreadPoolExecutor.java:1113)
08-04 13:59:44.414 27753 30740 E baseline.com.newsblur.network.APIResponse: 	at java.util.concurrent.ThreadPoolExecutor$Worker.run(ThreadPoolExecutor.java:588)
08-04 13:59:44.414 27753 30740 E baseline.com.newsblur.network.APIResponse: 	at java.lang.Thread.run(Thread.java:818)
08-04 13:59:44.414 27753 30740 E baseline.com.newsblur.network.APIResponse: Caused by: java.io.EOFException: \n not found: limit=0 content=
08-04 13:59:44.414 27753 30740 E baseline.com.newsblur.network.APIResponse: 	at okio.RealBufferedSource.readUtf8LineStrict(RealBufferedSource.java:240)
08-04 13:59:44.414 27753 30740 E baseline.com.newsblur.network.APIResponse: 	at okhttp3.internal.http1.Http1ExchangeCodec.readHeaderLine(Http1ExchangeCodec.java:242)
08-04 13:59:44.414 27753 30740 E baseline.com.newsblur.network.APIResponse: 	at okhttp3.internal.http1.Http1ExchangeCodec.readResponseHeaders(Http1ExchangeCodec.java:213)
08-04 13:59:44.414 27753 30740 E baseline.com.newsblur.network.APIResponse: 	... 30 more
08-04 13:59:44.416 27753 30740 I baseline.com.newsblur.service.NBSyncService: Holding reading action with server-side or network error.
08-04 13:59:44.425 27753 30740 W baseline.com.newsblur.service.NBSyncService: hard API failure
08-04 13:59:44.561 27753 27764 I art     : Starting a blocking GC Explicit
08-04 13:59:44.626 27753 27764 I art     : Explicit concurrent mark sweep GC freed 4356(407KB) AllocSpace objects, 5(100KB) LOS objects, 28% free, 41MB/57MB, paused 1.490ms total 64.146ms
08-04 13:59:44.643 27753 27764 I art     : Starting a blocking GC Explicit
08-04 13:59:44.701 27753 27764 I art     : Explicit concurrent mark sweep GC freed 140(5KB) AllocSpace objects, 0(0B) LOS objects, 28% free, 41MB/57MB, paused 1.914ms total 57.175ms
08-04 13:59:44.715 27753 27764 I art     : Starting a blocking GC Explicit
08-04 13:59:44.772 27753 27764 I art     : Explicit concurrent mark sweep GC freed 3(96B) AllocSpace objects, 0(0B) LOS objects, 28% free, 41MB/57MB, paused 1.460ms total 56.898ms
08-04 13:59:44.786 27753 27764 I art     : Starting a blocking GC Explicit
08-04 13:59:44.838 27753 30740 E baseline.com.newsblur.network.APIResponse: Error (unexpected end of stream on https://www.newsblur.com/...) calling https://www.newsblur.com/reader/mark_story_hashes_as_read/
08-04 13:59:44.838 27753 30740 E baseline.com.newsblur.network.APIResponse: java.io.IOException: unexpected end of stream on https://www.newsblur.com/...
08-04 13:59:44.838 27753 30740 E baseline.com.newsblur.network.APIResponse: 	at okhttp3.internal.http1.Http1ExchangeCodec.readResponseHeaders(Http1ExchangeCodec.java:236)
08-04 13:59:44.838 27753 30740 E baseline.com.newsblur.network.APIResponse: 	at okhttp3.internal.connection.Exchange.readResponseHeaders(Exchange.java:115)
08-04 13:59:44.838 27753 30740 E baseline.com.newsblur.network.APIResponse: 	at okhttp3.internal.http.CallServerInterceptor.intercept(CallServerInterceptor.java:94)
08-04 13:59:44.838 27753 30740 E baseline.com.newsblur.network.APIResponse: 	at okhttp3.internal.http.RealInterceptorChain.proceed(RealInterceptorChain.java:142)
08-04 13:59:44.838 27753 30740 E baseline.com.newsblur.network.APIResponse: 	at okhttp3.internal.connection.ConnectInterceptor.intercept(ConnectInterceptor.java:43)
08-04 13:59:44.838 27753 30740 E baseline.com.newsblur.network.APIResponse: 	at okhttp3.internal.http.RealInterceptorChain.proceed(RealInterceptorChain.java:142)
08-04 13:59:44.838 27753 30740 E baseline.com.newsblur.network.APIResponse: 	at okhttp3.internal.http.RealInterceptorChain.proceed(RealInterceptorChain.java:117)
08-04 13:59:44.838 27753 30740 E baseline.com.newsblur.network.APIResponse: 	at okhttp3.internal.cache.CacheInterceptor.intercept(CacheInterceptor.java:94)
08-04 13:59:44.838 27753 30740 E baseline.com.newsblur.network.APIResponse: 	at okhttp3.internal.http.RealInterceptorChain.proceed(RealInterceptorChain.java:142)
08-04 13:59:44.838 27753 30740 E baseline.com.newsblur.network.APIResponse: 	at okhttp3.internal.http.RealInterceptorChain.proceed(RealInterceptorChain.java:117)
08-04 13:59:44.838 27753 30740 E baseline.com.newsblur.network.APIResponse: 	at okhttp3.internal.http.BridgeInterceptor.intercept(BridgeInterceptor.java:93)
08-04 13:59:44.838 27753 30740 E baseline.com.newsblur.network.APIResponse: 	at okhttp3.internal.http.RealInterceptorChain.proceed(RealInterceptorChain.java:142)
08-04 13:59:44.838 27753 30740 E baseline.com.newsblur.network.APIResponse: 	at okhttp3.internal.http.RetryAndFollowUpInterceptor.intercept(RetryAndFollowUpInterceptor.java:88)
08-04 13:59:44.838 27753 30740 E baseline.com.newsblur.network.APIResponse: 	at okhttp3.internal.http.RealInterceptorChain.proceed(RealInterceptorChain.java:142)
08-04 13:59:44.838 27753 30740 E baseline.com.newsblur.network.APIResponse: 	at okhttp3.internal.http.RealInterceptorChain.proceed(RealInterceptorChain.java:117)
08-04 13:59:44.838 27753 30740 E baseline.com.newsblur.network.APIResponse: 	at okhttp3.RealCall.getResponseWithInterceptorChain(RealCall.java:229)
08-04 13:59:44.838 27753 30740 E baseline.com.newsblur.network.APIResponse: 	at okhttp3.RealCall.execute(RealCall.java:81)
08-04 13:59:44.838 27753 30740 E baseline.com.newsblur.network.APIResponse: 	at baseline.com.newsblur.network.APIResponse.<init>(APIResponse.java:57)
08-04 13:59:44.838 27753 30740 E baseline.com.newsblur.network.APIResponse: 	at baseline.com.newsblur.network.APIResponse.<init>(APIResponse.java:43)
08-04 13:59:44.838 27753 30740 E baseline.com.newsblur.network.APIResponse: 	at baseline.com.newsblur.network.APIManager.post_single(APIManager.java:702)
08-04 13:59:44.838 27753 30740 E baseline.com.newsblur.network.APIResponse: 	at baseline.com.newsblur.network.APIManager.post(APIManager.java:675)
08-04 13:59:44.838 27753 30740 E baseline.com.newsblur.network.APIResponse: 	at baseline.com.newsblur.network.APIManager.post(APIManager.java:714)
08-04 13:59:44.838 27753 30740 E baseline.com.newsblur.network.APIResponse: 	at baseline.com.newsblur.network.APIManager.markStoryAsRead(APIManager.java:205)
08-04 13:59:44.838 27753 30740 E baseline.com.newsblur.network.APIResponse: 	at baseline.com.newsblur.util.ReadingAction.doRemote(ReadingAction.java:281)
08-04 13:59:44.838 27753 30740 E baseline.com.newsblur.network.APIResponse: 	at baseline.com.newsblur.service.NBSyncService.syncActions(NBSyncService.java:400)
08-04 13:59:44.838 27753 30740 E baseline.com.newsblur.network.APIResponse: 	at baseline.com.newsblur.service.NBSyncService.doSync(NBSyncService.java:298)
08-04 13:59:44.838 27753 30740 E baseline.com.newsblur.network.APIResponse: 	at baseline.com.newsblur.service.NBSyncService.access$100(NBSyncService.java:67)
08-04 13:59:44.838 27753 30740 E baseline.com.newsblur.network.APIResponse: 	at baseline.com.newsblur.service.NBSyncService$1.run(NBSyncService.java:188)
08-04 13:59:44.838 27753 30740 E baseline.com.newsblur.network.APIResponse: 	at java.util.concurrent.ThreadPoolExecutor.runWorker(ThreadPoolExecutor.java:1113)
08-04 13:59:44.838 27753 30740 E baseline.com.newsblur.network.APIResponse: 	at java.util.concurrent.ThreadPoolExecutor$Worker.run(ThreadPoolExecutor.java:588)
08-04 13:59:44.838 27753 30740 E baseline.com.newsblur.network.APIResponse: 	at java.lang.Thread.run(Thread.java:818)
08-04 13:59:44.838 27753 30740 E baseline.com.newsblur.network.APIResponse: Caused by: java.io.EOFException: \n not found: limit=0 content=
08-04 13:59:44.838 27753 30740 E baseline.com.newsblur.network.APIResponse: 	at okio.RealBufferedSource.readUtf8LineStrict(RealBufferedSource.java:240)
08-04 13:59:44.838 27753 30740 E baseline.com.newsblur.network.APIResponse: 	at okhttp3.internal.http1.Http1ExchangeCodec.readHeaderLine(Http1ExchangeCodec.java:242)
08-04 13:59:44.838 27753 30740 E baseline.com.newsblur.network.APIResponse: 	at okhttp3.internal.http1.Http1ExchangeCodec.readResponseHeaders(Http1ExchangeCodec.java:213)
08-04 13:59:44.838 27753 30740 E baseline.com.newsblur.network.APIResponse: 	... 30 more
08-04 13:59:44.840 27753 30740 I baseline.com.newsblur.network.APIManager: API call failed, pausing before retry number 1
08-04 13:59:44.844 27753 27764 I art     : Explicit concurrent mark sweep GC freed 1985(187KB) AllocSpace objects, 0(0B) LOS objects, 27% free, 41MB/57MB, paused 1.522ms total 57.532ms
08-04 13:59:44.859 27753 27764 I art     : Starting a blocking GC Explicit
08-04 13:59:44.918 27753 27764 I art     : Explicit concurrent mark sweep GC freed 584(89KB) AllocSpace objects, 2(40KB) LOS objects, 28% free, 41MB/57MB, paused 1.587ms total 57.994ms
08-04 13:59:44.985 26337 26337 W Atfwd_Sendcmd: AtCmdFwd service not published, waiting... retryCnt : 2
08-04 13:59:45.037   518   646 I ThermalEngine: ACTION: GPU - Setting GPU[0] to 510000000
08-04 13:59:45.282 27753 30054 I art     : Starting a blocking GC Explicit
08-04 13:59:45.330 27753 30054 I art     : Explicit concurrent mark sweep GC freed 1493(84KB) AllocSpace objects, 1(20KB) LOS objects, 28% free, 41MB/57MB, paused 1.182ms total 47.056ms
08-04 13:59:45.345 27753 30054 I art     : Starting a blocking GC Explicit
08-04 13:59:45.387 27753 30054 I art     : Explicit concurrent mark sweep GC freed 22(784B) AllocSpace objects, 0(0B) LOS objects, 28% free, 41MB/57MB, paused 1.087ms total 41.577ms
08-04 13:59:45.397 27753 30054 I art     : Starting a blocking GC Explicit
08-04 13:59:45.440 27753 30054 I art     : Explicit concurrent mark sweep GC freed 3(96B) AllocSpace objects, 0(0B) LOS objects, 28% free, 41MB/57MB, paused 1.120ms total 42.753ms
08-04 13:59:45.451 27753 30054 I art     : Starting a blocking GC Explicit
08-04 13:59:45.495 27753 30054 I art     : Explicit concurrent mark sweep GC freed 3(96B) AllocSpace objects, 0(0B) LOS objects, 28% free, 41MB/57MB, paused 1.110ms total 43.193ms
08-04 13:59:45.506 27753 30054 I art     : Starting a blocking GC Explicit
08-04 13:59:45.549 27753 30054 I art     : Explicit concurrent mark sweep GC freed 3(96B) AllocSpace objects, 0(0B) LOS objects, 28% free, 41MB/57MB, paused 1.178ms total 42.750ms
08-04 13:59:45.926 27753 27765 I art     : Starting a blocking GC Explicit
08-04 13:59:45.973 27753 27765 I art     : Explicit concurrent mark sweep GC freed 1443(83KB) AllocSpace objects, 1(20KB) LOS objects, 28% free, 41MB/57MB, paused 1.172ms total 46.460ms
08-04 13:59:45.989 27753 27765 I art     : Starting a blocking GC Explicit
08-04 13:59:46.031 27753 27765 I art     : Explicit concurrent mark sweep GC freed 22(784B) AllocSpace objects, 0(0B) LOS objects, 28% free, 41MB/57MB, paused 1.129ms total 42.281ms
08-04 13:59:46.042 27753 27765 I art     : Starting a blocking GC Explicit
08-04 13:59:46.085 27753 27765 I art     : Explicit concurrent mark sweep GC freed 3(96B) AllocSpace objects, 0(0B) LOS objects, 28% free, 41MB/57MB, paused 1.145ms total 42.981ms
08-04 13:59:46.096 27753 27765 I art     : Starting a blocking GC Explicit
08-04 13:59:46.138 27753 27765 I art     : Explicit concurrent mark sweep GC freed 3(96B) AllocSpace objects, 0(0B) LOS objects, 28% free, 41MB/57MB, paused 1.080ms total 41.931ms
08-04 13:59:46.149 27753 27765 I art     : Starting a blocking GC Explicit
08-04 13:59:46.193 27753 27765 I art     : Explicit concurrent mark sweep GC freed 3(96B) AllocSpace objects, 0(0B) LOS objects, 28% free, 41MB/57MB, paused 1.135ms total 43.578ms
08-04 13:59:46.554 27753 27764 I art     : Starting a blocking GC Explicit
08-04 13:59:46.600 27753 27764 I art     : Explicit concurrent mark sweep GC freed 1608(91KB) AllocSpace objects, 1(20KB) LOS objects, 28% free, 41MB/57MB, paused 1.173ms total 46.001ms
08-04 13:59:46.612 27753 27764 I art     : Starting a blocking GC Explicit
08-04 13:59:46.655 27753 27764 I art     : Explicit concurrent mark sweep GC freed 28(1040B) AllocSpace objects, 0(0B) LOS objects, 28% free, 41MB/57MB, paused 1.164ms total 42.835ms
08-04 13:59:46.666 27753 27764 I art     : Starting a blocking GC Explicit
08-04 13:59:46.711 27753 27764 I art     : Explicit concurrent mark sweep GC freed 3(96B) AllocSpace objects, 0(0B) LOS objects, 28% free, 41MB/57MB, paused 1.359ms total 44.724ms
08-04 13:59:46.712 27753 27763 I art     : WaitForGcToComplete blocked for 32.446ms for cause HeapTrim
08-04 13:59:46.723 27753 27764 I art     : Starting a blocking GC Explicit
08-04 13:59:46.767 27753 27764 I art     : Explicit concurrent mark sweep GC freed 3(96B) AllocSpace objects, 0(0B) LOS objects, 28% free, 41MB/57MB, paused 1.153ms total 44.152ms
08-04 13:59:46.778 27753 27764 I art     : Starting a blocking GC Explicit
08-04 13:59:46.824 27753 27764 I art     : Explicit concurrent mark sweep GC freed 321(14KB) AllocSpace objects, 0(0B) LOS objects, 28% free, 41MB/57MB, paused 1.286ms total 45.414ms
08-04 13:59:46.876 27753 30740 E baseline.com.newsblur.network.APIResponse: Error (unexpected end of stream on https://www.newsblur.com/...) calling https://www.newsblur.com/reader/mark_story_hashes_as_read/
08-04 13:59:46.876 27753 30740 E baseline.com.newsblur.network.APIResponse: java.io.IOException: unexpected end of stream on https://www.newsblur.com/...
08-04 13:59:46.876 27753 30740 E baseline.com.newsblur.network.APIResponse: 	at okhttp3.internal.http1.Http1ExchangeCodec.readResponseHeaders(Http1ExchangeCodec.java:236)
08-04 13:59:46.876 27753 30740 E baseline.com.newsblur.network.APIResponse: 	at okhttp3.internal.connection.Exchange.readResponseHeaders(Exchange.java:115)
08-04 13:59:46.876 27753 30740 E baseline.com.newsblur.network.APIResponse: 	at okhttp3.internal.http.CallServerInterceptor.intercept(CallServerInterceptor.java:94)
08-04 13:59:46.876 27753 30740 E baseline.com.newsblur.network.APIResponse: 	at okhttp3.internal.http.RealInterceptorChain.proceed(RealInterceptorChain.java:142)
08-04 13:59:46.876 27753 30740 E baseline.com.newsblur.network.APIResponse: 	at okhttp3.internal.connection.ConnectInterceptor.intercept(ConnectInterceptor.java:43)
08-04 13:59:46.876 27753 30740 E baseline.com.newsblur.network.APIResponse: 	at okhttp3.internal.http.RealInterceptorChain.proceed(RealInterceptorChain.java:142)
08-04 13:59:46.876 27753 30740 E baseline.com.newsblur.network.APIResponse: 	at okhttp3.internal.http.RealInterceptorChain.proceed(RealInterceptorChain.java:117)
08-04 13:59:46.876 27753 30740 E baseline.com.newsblur.network.APIResponse: 	at okhttp3.internal.cache.CacheInterceptor.intercept(CacheInterceptor.java:94)
08-04 13:59:46.876 27753 30740 E baseline.com.newsblur.network.APIResponse: 	at okhttp3.internal.http.RealInterceptorChain.proceed(RealInterceptorChain.java:142)
08-04 13:59:46.876 27753 30740 E baseline.com.newsblur.network.APIResponse: 	at okhttp3.internal.http.RealInterceptorChain.proceed(RealInterceptorChain.java:117)
08-04 13:59:46.876 27753 30740 E baseline.com.newsblur.network.APIResponse: 	at okhttp3.internal.http.BridgeInterceptor.intercept(BridgeInterceptor.java:93)
08-04 13:59:46.876 27753 30740 E baseline.com.newsblur.network.APIResponse: 	at okhttp3.internal.http.RealInterceptorChain.proceed(RealInterceptorChain.java:142)
08-04 13:59:46.876 27753 30740 E baseline.com.newsblur.network.APIResponse: 	at okhttp3.internal.http.RetryAndFollowUpInterceptor.intercept(RetryAndFollowUpInterceptor.java:88)
08-04 13:59:46.876 27753 30740 E baseline.com.newsblur.network.APIResponse: 	at okhttp3.internal.http.RealInterceptorChain.proceed(RealInterceptorChain.java:142)
08-04 13:59:46.876 27753 30740 E baseline.com.newsblur.network.APIResponse: 	at okhttp3.internal.http.RealInterceptorChain.proceed(RealInterceptorChain.java:117)
08-04 13:59:46.876 27753 30740 E baseline.com.newsblur.network.APIResponse: 	at okhttp3.RealCall.getResponseWithInterceptorChain(RealCall.java:229)
08-04 13:59:46.876 27753 30740 E baseline.com.newsblur.network.APIResponse: 	at okhttp3.RealCall.execute(RealCall.java:81)
08-04 13:59:46.876 27753 30740 E baseline.com.newsblur.network.APIResponse: 	at baseline.com.newsblur.network.APIResponse.<init>(APIResponse.java:57)
08-04 13:59:46.876 27753 30740 E baseline.com.newsblur.network.APIResponse: 	at baseline.com.newsblur.network.APIResponse.<init>(APIResponse.java:43)
08-04 13:59:46.876 27753 30740 E baseline.com.newsblur.network.APIResponse: 	at baseline.com.newsblur.network.APIManager.post_single(APIManager.java:702)
08-04 13:59:46.876 27753 30740 E baseline.com.newsblur.network.APIResponse: 	at baseline.com.newsblur.network.APIManager.post(APIManager.java:675)
08-04 13:59:46.876 27753 30740 E baseline.com.newsblur.network.APIResponse: 	at baseline.com.newsblur.network.APIManager.post(APIManager.java:714)
08-04 13:59:46.876 27753 30740 E baseline.com.newsblur.network.APIResponse: 	at baseline.com.newsblur.network.APIManager.markStoryAsRead(APIManager.java:205)
08-04 13:59:46.876 27753 30740 E baseline.com.newsblur.network.APIResponse: 	at baseline.com.newsblur.util.ReadingAction.doRemote(ReadingAction.java:281)
08-04 13:59:46.876 27753 30740 E baseline.com.newsblur.network.APIResponse: 	at baseline.com.newsblur.service.NBSyncService.syncActions(NBSyncService.java:400)
08-04 13:59:46.876 27753 30740 E baseline.com.newsblur.network.APIResponse: 	at baseline.com.newsblur.service.NBSyncService.doSync(NBSyncService.java:298)
08-04 13:59:46.876 27753 30740 E baseline.com.newsblur.network.APIResponse: 	at baseline.com.newsblur.service.NBSyncService.access$100(NBSyncService.java:67)
08-04 13:59:46.876 27753 30740 E baseline.com.newsblur.network.APIResponse: 	at baseline.com.newsblur.service.NBSyncService$1.run(NBSyncService.java:188)
08-04 13:59:46.876 27753 30740 E baseline.com.newsblur.network.APIResponse: 	at java.util.concurrent.ThreadPoolExecutor.runWorker(ThreadPoolExecutor.java:1113)
08-04 13:59:46.876 27753 30740 E baseline.com.newsblur.network.APIResponse: 	at java.util.concurrent.ThreadPoolExecutor$Worker.run(ThreadPoolExecutor.java:588)
08-04 13:59:46.876 27753 30740 E baseline.com.newsblur.network.APIResponse: 	at java.lang.Thread.run(Thread.java:818)
08-04 13:59:46.876 27753 30740 E baseline.com.newsblur.network.APIResponse: Caused by: java.io.EOFException: \n not found: limit=0 content=
08-04 13:59:46.876 27753 30740 E baseline.com.newsblur.network.APIResponse: 	at okio.RealBufferedSource.readUtf8LineStrict(RealBufferedSource.java:240)
08-04 13:59:46.876 27753 30740 E baseline.com.newsblur.network.APIResponse: 	at okhttp3.internal.http1.Http1ExchangeCodec.readHeaderLine(Http1ExchangeCodec.java:242)
08-04 13:59:46.876 27753 30740 E baseline.com.newsblur.network.APIResponse: 	at okhttp3.internal.http1.Http1ExchangeCodec.readResponseHeaders(Http1ExchangeCodec.java:213)
08-04 13:59:46.876 27753 30740 E baseline.com.newsblur.network.APIResponse: 	... 30 more
08-04 13:59:46.878 27753 30740 I baseline.com.newsblur.network.APIManager: API call failed, pausing before retry number 2
08-04 13:59:47.172 27753 29836 I art     : Starting a blocking GC Explicit
08-04 13:59:47.219 27753 29836 I art     : Explicit concurrent mark sweep GC freed 3648(343KB) AllocSpace objects, 3(60KB) LOS objects, 28% free, 41MB/57MB, paused 1.156ms total 46.310ms
08-04 13:59:47.231 27753 29836 I art     : Starting a blocking GC Explicit
08-04 13:59:47.274 27753 29836 I art     : Explicit concurrent mark sweep GC freed 108(4KB) AllocSpace objects, 0(0B) LOS objects, 28% free, 41MB/57MB, paused 1.145ms total 42.705ms
08-04 13:59:47.285 27753 29836 I art     : Starting a blocking GC Explicit
08-04 13:59:47.330 27753 29836 I art     : Explicit concurrent mark sweep GC freed 3(96B) AllocSpace objects, 0(0B) LOS objects, 28% free, 41MB/57MB, paused 1.204ms total 44.824ms
08-04 13:59:47.341 27753 29836 I art     : Starting a blocking GC Explicit
08-04 13:59:47.385 27753 29836 I art     : Explicit concurrent mark sweep GC freed 3(96B) AllocSpace objects, 0(0B) LOS objects, 28% free, 41MB/57MB, paused 1.105ms total 44.171ms
08-04 13:59:47.396 27753 29836 I art     : Starting a blocking GC Explicit
08-04 13:59:47.439 27753 29836 I art     : Explicit concurrent mark sweep GC freed 3(96B) AllocSpace objects, 0(0B) LOS objects, 28% free, 41MB/57MB, paused 1.183ms total 42.890ms
08-04 13:59:47.795 27753 30054 I art     : Starting a blocking GC Explicit
08-04 13:59:47.844 27753 30054 I art     : Explicit concurrent mark sweep GC freed 2823(153KB) AllocSpace objects, 1(20KB) LOS objects, 28% free, 41MB/57MB, paused 1.153ms total 47.882ms
08-04 13:59:47.855 27753 30054 I art     : Starting a blocking GC Explicit
08-04 13:59:47.898 27753 30054 I art     : Explicit concurrent mark sweep GC freed 967(67KB) AllocSpace objects, 0(0B) LOS objects, 28% free, 41MB/57MB, paused 1.219ms total 43.342ms
08-04 13:59:47.910 27753 30054 I art     : Starting a blocking GC Explicit
08-04 13:59:47.953 27753 30054 I art     : Explicit concurrent mark sweep GC freed 105(4KB) AllocSpace objects, 0(0B) LOS objects, 28% free, 41MB/57MB, paused 1.133ms total 43.101ms
08-04 13:59:47.964 27753 30054 I art     : Starting a blocking GC Explicit
08-04 13:59:48.009 27753 30054 I art     : Explicit concurrent mark sweep GC freed 3191(125KB) AllocSpace objects, 0(0B) LOS objects, 28% free, 41MB/57MB, paused 1.223ms total 44.666ms
08-04 13:59:48.021 27753 30054 I art     : Starting a blocking GC Explicit
08-04 13:59:48.064 27753 30054 I art     : Explicit concurrent mark sweep GC freed 624(29KB) AllocSpace objects, 0(0B) LOS objects, 28% free, 41MB/57MB, paused 1.410ms total 43.039ms
08-04 13:59:48.094   918   937 W ProcessCpuTracker: Skipping unknown process pid 31639
08-04 13:59:48.095   918   937 W ProcessCpuTracker: Skipping unknown process pid 31641
08-04 13:59:48.095   918   937 W ProcessCpuTracker: Skipping unknown process pid 31642
08-04 13:59:48.407 27753 27765 I art     : Starting a blocking GC Explicit
08-04 13:59:48.454 27753 27765 I art     : Explicit concurrent mark sweep GC freed 1786(121KB) AllocSpace objects, 1(20KB) LOS objects, 28% free, 41MB/57MB, paused 1.207ms total 46.289ms
08-04 13:59:48.465 27753 27765 I art     : Starting a blocking GC Explicit
08-04 13:59:48.508 27753 27765 I art     : Explicit concurrent mark sweep GC freed 1621(63KB) AllocSpace objects, 0(0B) LOS objects, 28% free, 41MB/57MB, paused 1.120ms total 42.488ms
08-04 13:59:48.519 27753 27765 I art     : Starting a blocking GC Explicit
08-04 13:59:48.562 27753 27765 I art     : Explicit concurrent mark sweep GC freed 375(16KB) AllocSpace objects, 0(0B) LOS objects, 28% free, 41MB/57MB, paused 1.123ms total 43.199ms
08-04 13:59:48.574 27753 27765 I art     : Starting a blocking GC Explicit
08-04 13:59:48.618 27753 27765 I art     : Explicit concurrent mark sweep GC freed 110(16KB) AllocSpace objects, 0(0B) LOS objects, 28% free, 41MB/57MB, paused 1.292ms total 44.188ms
08-04 13:59:48.630 27753 27765 I art     : Starting a blocking GC Explicit
08-04 13:59:48.673 27753 27765 I art     : Explicit concurrent mark sweep GC freed 25(832B) AllocSpace objects, 0(0B) LOS objects, 28% free, 41MB/57MB, paused 1.073ms total 43.364ms
08-04 13:59:49.028 27753 27764 I art     : Starting a blocking GC Explicit
08-04 13:59:49.074 27753 27764 I art     : Explicit concurrent mark sweep GC freed 1444(83KB) AllocSpace objects, 1(20KB) LOS objects, 28% free, 41MB/57MB, paused 1.160ms total 45.671ms
08-04 13:59:49.087 27753 27764 I art     : Starting a blocking GC Explicit
08-04 13:59:49.129 27753 27764 I art     : Explicit concurrent mark sweep GC freed 22(784B) AllocSpace objects, 0(0B) LOS objects, 28% free, 41MB/57MB, paused 1.065ms total 41.378ms
08-04 13:59:49.140 27753 27764 I art     : Starting a blocking GC Explicit
08-04 13:59:49.181 27753 27764 I art     : Explicit concurrent mark sweep GC freed 3(96B) AllocSpace objects, 0(0B) LOS objects, 28% free, 41MB/57MB, paused 1.120ms total 40.868ms
08-04 13:59:49.192 27753 27764 I art     : Starting a blocking GC Explicit
08-04 13:59:49.235 27753 27764 I art     : Explicit concurrent mark sweep GC freed 3(96B) AllocSpace objects, 0(0B) LOS objects, 28% free, 41MB/57MB, paused 1.114ms total 43.062ms
08-04 13:59:49.246 27753 27764 I art     : Starting a blocking GC Explicit
08-04 13:59:49.288 27753 27764 I art     : Explicit concurrent mark sweep GC freed 3(96B) AllocSpace objects, 0(0B) LOS objects, 28% free, 41MB/57MB, paused 1.179ms total 42.316ms
08-04 13:59:49.669 27753 29836 I art     : Starting a blocking GC Explicit
08-04 13:59:49.716 27753 29836 I art     : Explicit concurrent mark sweep GC freed 1443(83KB) AllocSpace objects, 1(20KB) LOS objects, 28% free, 41MB/57MB, paused 1.094ms total 45.538ms
08-04 13:59:49.729 27753 29836 I art     : Starting a blocking GC Explicit
08-04 13:59:49.770 27753 29836 I art     : Explicit concurrent mark sweep GC freed 22(784B) AllocSpace objects, 0(0B) LOS objects, 28% free, 41MB/57MB, paused 1.074ms total 40.999ms
08-04 13:59:49.781 27753 29836 I art     : Starting a blocking GC Explicit
08-04 13:59:49.823 27753 29836 I art     : Explicit concurrent mark sweep GC freed 3(96B) AllocSpace objects, 0(0B) LOS objects, 28% free, 41MB/57MB, paused 1.125ms total 41.658ms
08-04 13:59:49.834 27753 29836 I art     : Starting a blocking GC Explicit
08-04 13:59:49.876 27753 29836 I art     : Explicit concurrent mark sweep GC freed 3(96B) AllocSpace objects, 0(0B) LOS objects, 28% free, 41MB/57MB, paused 1.111ms total 42.182ms
08-04 13:59:49.887 27753 29836 I art     : Starting a blocking GC Explicit
08-04 13:59:49.931 27753 29836 I art     : Explicit concurrent mark sweep GC freed 94(3KB) AllocSpace objects, 0(0B) LOS objects, 28% free, 41MB/57MB, paused 1.192ms total 43.280ms
08-04 13:59:50.318 27753 30054 I art     : Starting a blocking GC Explicit
08-04 13:59:50.361 27753 30054 I art     : Explicit concurrent mark sweep GC freed 1524(88KB) AllocSpace objects, 1(20KB) LOS objects, 28% free, 41MB/57MB, paused 1.027ms total 42.821ms
08-04 13:59:50.371 27753 30054 I art     : Starting a blocking GC Explicit
08-04 13:59:50.411 27753 30054 I art     : Explicit concurrent mark sweep GC freed 966(40KB) AllocSpace objects, 0(0B) LOS objects, 28% free, 41MB/57MB, paused 1.318ms total 39.997ms
08-04 13:59:50.422 27753 30054 I art     : Starting a blocking GC Explicit
08-04 13:59:50.451 27753 30740 E baseline.com.newsblur.network.APIResponse: Error (unexpected end of stream on https://www.newsblur.com/...) calling https://www.newsblur.com/reader/mark_story_hashes_as_read/
08-04 13:59:50.451 27753 30740 E baseline.com.newsblur.network.APIResponse: java.io.IOException: unexpected end of stream on https://www.newsblur.com/...
08-04 13:59:50.451 27753 30740 E baseline.com.newsblur.network.APIResponse: 	at okhttp3.internal.http1.Http1ExchangeCodec.readResponseHeaders(Http1ExchangeCodec.java:236)
08-04 13:59:50.451 27753 30740 E baseline.com.newsblur.network.APIResponse: 	at okhttp3.internal.connection.Exchange.readResponseHeaders(Exchange.java:115)
08-04 13:59:50.451 27753 30740 E baseline.com.newsblur.network.APIResponse: 	at okhttp3.internal.http.CallServerInterceptor.intercept(CallServerInterceptor.java:94)
08-04 13:59:50.451 27753 30740 E baseline.com.newsblur.network.APIResponse: 	at okhttp3.internal.http.RealInterceptorChain.proceed(RealInterceptorChain.java:142)
08-04 13:59:50.451 27753 30740 E baseline.com.newsblur.network.APIResponse: 	at okhttp3.internal.connection.ConnectInterceptor.intercept(ConnectInterceptor.java:43)
08-04 13:59:50.451 27753 30740 E baseline.com.newsblur.network.APIResponse: 	at okhttp3.internal.http.RealInterceptorChain.proceed(RealInterceptorChain.java:142)
08-04 13:59:50.451 27753 30740 E baseline.com.newsblur.network.APIResponse: 	at okhttp3.internal.http.RealInterceptorChain.proceed(RealInterceptorChain.java:117)
08-04 13:59:50.451 27753 30740 E baseline.com.newsblur.network.APIResponse: 	at okhttp3.internal.cache.CacheInterceptor.intercept(CacheInterceptor.java:94)
08-04 13:59:50.451 27753 30740 E baseline.com.newsblur.network.APIResponse: 	at okhttp3.internal.http.RealInterceptorChain.proceed(RealInterceptorChain.java:142)
08-04 13:59:50.451 27753 30740 E baseline.com.newsblur.network.APIResponse: 	at okhttp3.internal.http.RealInterceptorChain.proceed(RealInterceptorChain.java:117)
08-04 13:59:50.451 27753 30740 E baseline.com.newsblur.network.APIResponse: 	at okhttp3.internal.http.BridgeInterceptor.intercept(BridgeInterceptor.java:93)
08-04 13:59:50.451 27753 30740 E baseline.com.newsblur.network.APIResponse: 	at okhttp3.internal.http.RealInterceptorChain.proceed(RealInterceptorChain.java:142)
08-04 13:59:50.451 27753 30740 E baseline.com.newsblur.network.APIResponse: 	at okhttp3.internal.http.RetryAndFollowUpInterceptor.intercept(RetryAndFollowUpInterceptor.java:88)
08-04 13:59:50.451 27753 30740 E baseline.com.newsblur.network.APIResponse: 	at okhttp3.internal.http.RealInterceptorChain.proceed(RealInterceptorChain.java:142)
08-04 13:59:50.451 27753 30740 E baseline.com.newsblur.network.APIResponse: 	at okhttp3.internal.http.RealInterceptorChain.proceed(RealInterceptorChain.java:117)
08-04 13:59:50.451 27753 30740 E baseline.com.newsblur.network.APIResponse: 	at okhttp3.RealCall.getResponseWithInterceptorChain(RealCall.java:229)
08-04 13:59:50.451 27753 30740 E baseline.com.newsblur.network.APIResponse: 	at okhttp3.RealCall.execute(RealCall.java:81)
08-04 13:59:50.451 27753 30740 E baseline.com.newsblur.network.APIResponse: 	at baseline.com.newsblur.network.APIResponse.<init>(APIResponse.java:57)
08-04 13:59:50.451 27753 30740 E baseline.com.newsblur.network.APIResponse: 	at baseline.com.newsblur.network.APIResponse.<init>(APIResponse.java:43)
08-04 13:59:50.451 27753 30740 E baseline.com.newsblur.network.APIResponse: 	at baseline.com.newsblur.network.APIManager.post_single(APIManager.java:702)
08-04 13:59:50.451 27753 30740 E baseline.com.newsblur.network.APIResponse: 	at baseline.com.newsblur.network.APIManager.post(APIManager.java:675)
08-04 13:59:50.451 27753 30740 E baseline.com.newsblur.network.APIResponse: 	at baseline.com.newsblur.network.APIManager.post(APIManager.java:714)
08-04 13:59:50.451 27753 30740 E baseline.com.newsblur.network.APIResponse: 	at baseline.com.newsblur.network.APIManager.markStoryAsRead(APIManager.java:205)
08-04 13:59:50.451 27753 30740 E baseline.com.newsblur.network.APIResponse: 	at baseline.com.newsblur.util.ReadingAction.doRemote(ReadingAction.java:281)
08-04 13:59:50.451 27753 30740 E baseline.com.newsblur.network.APIResponse: 	at baseline.com.newsblur.service.NBSyncService.syncActions(NBSyncService.java:400)
08-04 13:59:50.451 27753 30740 E baseline.com.newsblur.network.APIResponse: 	at baseline.com.newsblur.service.NBSyncService.doSync(NBSyncService.java:298)
08-04 13:59:50.451 27753 30740 E baseline.com.newsblur.network.APIResponse: 	at baseline.com.newsblur.service.NBSyncService.access$100(NBSyncService.java:67)
08-04 13:59:50.451 27753 30740 E baseline.com.newsblur.network.APIResponse: 	at baseline.com.newsblur.service.NBSyncService$1.run(NBSyncService.java:188)
08-04 13:59:50.451 27753 30740 E baseline.com.newsblur.network.APIResponse: 	at java.util.concurrent.ThreadPoolExecutor.runWorker(ThreadPoolExecutor.java:1113)
08-04 13:59:50.451 27753 30740 E baseline.com.newsblur.network.APIResponse: 	at java.util.concurrent.ThreadPoolExecutor$Worker.run(ThreadPoolExecutor.java:588)
08-04 13:59:50.451 27753 30740 E baseline.com.newsblur.network.APIResponse: 	at java.lang.Thread.run(Thread.java:818)
08-04 13:59:50.451 27753 30740 E baseline.com.newsblur.network.APIResponse: Caused by: java.io.EOFException: \n not found: limit=0 content=
08-04 13:59:50.451 27753 30740 E baseline.com.newsblur.network.APIResponse: 	at okio.RealBufferedSource.readUtf8LineStrict(RealBufferedSource.java:240)
08-04 13:59:50.451 27753 30740 E baseline.com.newsblur.network.APIResponse: 	at okhttp3.internal.http1.Http1ExchangeCodec.readHeaderLine(Http1ExchangeCodec.java:242)
08-04 13:59:50.451 27753 30740 E baseline.com.newsblur.network.APIResponse: 	at okhttp3.internal.http1.Http1ExchangeCodec.readResponseHeaders(Http1ExchangeCodec.java:213)
08-04 13:59:50.451 27753 30740 E baseline.com.newsblur.network.APIResponse: 	... 30 more
08-04 13:59:50.452 27753 30740 I baseline.com.newsblur.service.NBSyncService: Holding reading action with server-side or network error.
08-04 13:59:50.463 27753 30054 I art     : Explicit concurrent mark sweep GC freed 1522(220KB) AllocSpace objects, 2(40KB) LOS objects, 28% free, 41MB/57MB, paused 1.144ms total 41.092ms
08-04 13:59:50.471 27753 30740 W baseline.com.newsblur.service.NBSyncService: hard API failure
08-04 13:59:50.474 27753 30054 I art     : Starting a blocking GC Explicit
08-04 13:59:50.516 27753 30054 I art     : Explicit concurrent mark sweep GC freed 527(66KB) AllocSpace objects, 2(40KB) LOS objects, 28% free, 41MB/57MB, paused 1.168ms total 42.043ms
08-04 13:59:50.527 27753 30054 I art     : Starting a blocking GC Explicit
08-04 13:59:50.571 27753 30054 I art     : Explicit concurrent mark sweep GC freed 45(1680B) AllocSpace objects, 0(0B) LOS objects, 28% free, 41MB/57MB, paused 1.132ms total 43.912ms
08-04 13:59:50.863 27753 30740 E baseline.com.newsblur.network.APIResponse: Error (unexpected end of stream on https://www.newsblur.com/...) calling https://www.newsblur.com/reader/mark_story_hashes_as_read/
08-04 13:59:50.863 27753 30740 E baseline.com.newsblur.network.APIResponse: java.io.IOException: unexpected end of stream on https://www.newsblur.com/...
08-04 13:59:50.863 27753 30740 E baseline.com.newsblur.network.APIResponse: 	at okhttp3.internal.http1.Http1ExchangeCodec.readResponseHeaders(Http1ExchangeCodec.java:236)
08-04 13:59:50.863 27753 30740 E baseline.com.newsblur.network.APIResponse: 	at okhttp3.internal.connection.Exchange.readResponseHeaders(Exchange.java:115)
08-04 13:59:50.863 27753 30740 E baseline.com.newsblur.network.APIResponse: 	at okhttp3.internal.http.CallServerInterceptor.intercept(CallServerInterceptor.java:94)
08-04 13:59:50.863 27753 30740 E baseline.com.newsblur.network.APIResponse: 	at okhttp3.internal.http.RealInterceptorChain.proceed(RealInterceptorChain.java:142)
08-04 13:59:50.863 27753 30740 E baseline.com.newsblur.network.APIResponse: 	at okhttp3.internal.connection.ConnectInterceptor.intercept(ConnectInterceptor.java:43)
08-04 13:59:50.863 27753 30740 E baseline.com.newsblur.network.APIResponse: 	at okhttp3.internal.http.RealInterceptorChain.proceed(RealInterceptorChain.java:142)
08-04 13:59:50.863 27753 30740 E baseline.com.newsblur.network.APIResponse: 	at okhttp3.internal.http.RealInterceptorChain.proceed(RealInterceptorChain.java:117)
08-04 13:59:50.863 27753 30740 E baseline.com.newsblur.network.APIResponse: 	at okhttp3.internal.cache.CacheInterceptor.intercept(CacheInterceptor.java:94)
08-04 13:59:50.863 27753 30740 E baseline.com.newsblur.network.APIResponse: 	at okhttp3.internal.http.RealInterceptorChain.proceed(RealInterceptorChain.java:142)
08-04 13:59:50.863 27753 30740 E baseline.com.newsblur.network.APIResponse: 	at okhttp3.internal.http.RealInterceptorChain.proceed(RealInterceptorChain.java:117)
08-04 13:59:50.863 27753 30740 E baseline.com.newsblur.network.APIResponse: 	at okhttp3.internal.http.BridgeInterceptor.intercept(BridgeInterceptor.java:93)
08-04 13:59:50.863 27753 30740 E baseline.com.newsblur.network.APIResponse: 	at okhttp3.internal.http.RealInterceptorChain.proceed(RealInterceptorChain.java:142)
08-04 13:59:50.863 27753 30740 E baseline.com.newsblur.network.APIResponse: 	at okhttp3.internal.http.RetryAndFollowUpInterceptor.intercept(RetryAndFollowUpInterceptor.java:88)
08-04 13:59:50.863 27753 30740 E baseline.com.newsblur.network.APIResponse: 	at okhttp3.internal.http.RealInterceptorChain.proceed(RealInterceptorChain.java:142)
08-04 13:59:50.863 27753 30740 E baseline.com.newsblur.network.APIResponse: 	at okhttp3.internal.http.RealInterceptorChain.proceed(RealInterceptorChain.java:117)
08-04 13:59:50.863 27753 30740 E baseline.com.newsblur.network.APIResponse: 	at okhttp3.RealCall.getResponseWithInterceptorChain(RealCall.java:229)
08-04 13:59:50.863 27753 30740 E baseline.com.newsblur.network.APIResponse: 	at okhttp3.RealCall.execute(RealCall.java:81)
08-04 13:59:50.863 27753 30740 E baseline.com.newsblur.network.APIResponse: 	at baseline.com.newsblur.network.APIResponse.<init>(APIResponse.java:57)
08-04 13:59:50.863 27753 30740 E baseline.com.newsblur.network.APIResponse: 	at baseline.com.newsblur.network.APIResponse.<init>(APIResponse.java:43)
08-04 13:59:50.863 27753 30740 E baseline.com.newsblur.network.APIResponse: 	at baseline.com.newsblur.network.APIManager.post_single(APIManager.java:702)
08-04 13:59:50.863 27753 30740 E baseline.com.newsblur.network.APIResponse: 	at baseline.com.newsblur.network.APIManager.post(APIManager.java:675)
08-04 13:59:50.863 27753 30740 E baseline.com.newsblur.network.APIResponse: 	at baseline.com.newsblur.network.APIManager.post(APIManager.java:714)
08-04 13:59:50.863 27753 30740 E baseline.com.newsblur.network.APIResponse: 	at baseline.com.newsblur.network.APIManager.markStoryAsRead(APIManager.java:205)
08-04 13:59:50.863 27753 30740 E baseline.com.newsblur.network.APIResponse: 	at baseline.com.newsblur.util.ReadingAction.doRemote(ReadingAction.java:281)
08-04 13:59:50.863 27753 30740 E baseline.com.newsblur.network.APIResponse: 	at baseline.com.newsblur.service.NBSyncService.syncActions(NBSyncService.java:400)
08-04 13:59:50.863 27753 30740 E baseline.com.newsblur.network.APIResponse: 	at baseline.com.newsblur.service.NBSyncService.doSync(NBSyncService.java:298)
08-04 13:59:50.863 27753 30740 E baseline.com.newsblur.network.APIResponse: 	at baseline.com.newsblur.service.NBSyncService.access$100(NBSyncService.java:67)
08-04 13:59:50.863 27753 30740 E baseline.com.newsblur.network.APIResponse: 	at baseline.com.newsblur.service.NBSyncService$1.run(NBSyncService.java:188)
08-04 13:59:50.863 27753 30740 E baseline.com.newsblur.network.APIResponse: 	at java.util.concurrent.ThreadPoolExecutor.runWorker(ThreadPoolExecutor.java:1113)
08-04 13:59:50.863 27753 30740 E baseline.com.newsblur.network.APIResponse: 	at java.util.concurrent.ThreadPoolExecutor$Worker.run(ThreadPoolExecutor.java:588)
08-04 13:59:50.863 27753 30740 E baseline.com.newsblur.network.APIResponse: 	at java.lang.Thread.run(Thread.java:818)
08-04 13:59:50.863 27753 30740 E baseline.com.newsblur.network.APIResponse: Caused by: java.io.EOFException: \n not found: limit=0 content=
08-04 13:59:50.863 27753 30740 E baseline.com.newsblur.network.APIResponse: 	at okio.RealBufferedSource.readUtf8LineStrict(RealBufferedSource.java:240)
08-04 13:59:50.863 27753 30740 E baseline.com.newsblur.network.APIResponse: 	at okhttp3.internal.http1.Http1ExchangeCodec.readHeaderLine(Http1ExchangeCodec.java:242)
08-04 13:59:50.863 27753 30740 E baseline.com.newsblur.network.APIResponse: 	at okhttp3.internal.http1.Http1ExchangeCodec.readResponseHeaders(Http1ExchangeCodec.java:213)
08-04 13:59:50.863 27753 30740 E baseline.com.newsblur.network.APIResponse: 	... 30 more
08-04 13:59:50.865 27753 30740 I baseline.com.newsblur.network.APIManager: API call failed, pausing before retry number 1
08-04 13:59:50.951 27753 27765 I art     : Starting a blocking GC Explicit
08-04 13:59:50.998 27753 27765 I art     : Explicit concurrent mark sweep GC freed 3954(357KB) AllocSpace objects, 3(60KB) LOS objects, 28% free, 41MB/57MB, paused 1.151ms total 46.394ms
08-04 13:59:51.009 27753 27765 I art     : Starting a blocking GC Explicit
08-04 13:59:51.053 27753 27765 I art     : Explicit concurrent mark sweep GC freed 120(4KB) AllocSpace objects, 0(0B) LOS objects, 28% free, 41MB/57MB, paused 1.140ms total 44.098ms
08-04 13:59:51.064 27753 27765 I art     : Starting a blocking GC Explicit
08-04 13:59:51.109 27753 27765 I art     : Explicit concurrent mark sweep GC freed 3(96B) AllocSpace objects, 0(0B) LOS objects, 28% free, 41MB/57MB, paused 1.175ms total 43.970ms
08-04 13:59:51.120 27753 27765 I art     : Starting a blocking GC Explicit
08-04 13:59:51.165 27753 27765 I art     : Explicit concurrent mark sweep GC freed 3(96B) AllocSpace objects, 0(0B) LOS objects, 28% free, 41MB/57MB, paused 1.157ms total 45.191ms
08-04 13:59:51.177 27753 27765 I art     : Starting a blocking GC Explicit
08-04 13:59:51.221 27753 27765 I art     : Explicit concurrent mark sweep GC freed 3(96B) AllocSpace objects, 0(0B) LOS objects, 28% free, 41MB/57MB, paused 1.142ms total 44.230ms
08-04 13:59:51.584 27753 27764 I art     : Starting a blocking GC Explicit
08-04 13:59:51.629 27753 27764 I art     : Explicit concurrent mark sweep GC freed 1443(83KB) AllocSpace objects, 1(20KB) LOS objects, 28% free, 41MB/57MB, paused 1.123ms total 45.391ms
08-04 13:59:51.645 27753 27764 I art     : Starting a blocking GC Explicit
08-04 13:59:51.687 27753 27764 I art     : Explicit concurrent mark sweep GC freed 22(784B) AllocSpace objects, 0(0B) LOS objects, 28% free, 41MB/57MB, paused 1.115ms total 41.352ms
08-04 13:59:51.697 27753 27764 I art     : Starting a blocking GC Explicit
08-04 13:59:51.739 27753 27764 I art     : Explicit concurrent mark sweep GC freed 3(96B) AllocSpace objects, 0(0B) LOS objects, 28% free, 41MB/57MB, paused 1.326ms total 41.559ms
08-04 13:59:51.750 27753 27764 I art     : Starting a blocking GC Explicit
08-04 13:59:51.792 27753 27764 I art     : Explicit concurrent mark sweep GC freed 3(96B) AllocSpace objects, 0(0B) LOS objects, 28% free, 41MB/57MB, paused 1.059ms total 42.075ms
08-04 13:59:51.793 27753 27763 I art     : WaitForGcToComplete blocked for 25.199ms for cause HeapTrim
08-04 13:59:51.803 27753 27764 I art     : Starting a blocking GC Explicit
08-04 13:59:51.847 27753 27764 I art     : Explicit concurrent mark sweep GC freed 3(96B) AllocSpace objects, 0(0B) LOS objects, 28% free, 41MB/57MB, paused 1.138ms total 43.207ms
08-04 13:59:52.213 27753 29836 I art     : Starting a blocking GC Explicit
08-04 13:59:52.258 27753 29836 I art     : Explicit concurrent mark sweep GC freed 1443(83KB) AllocSpace objects, 1(20KB) LOS objects, 28% free, 41MB/57MB, paused 1.161ms total 44.415ms
08-04 13:59:52.269 27753 29836 I art     : Starting a blocking GC Explicit
08-04 13:59:52.311 27753 29836 I art     : Explicit concurrent mark sweep GC freed 22(784B) AllocSpace objects, 0(0B) LOS objects, 28% free, 41MB/57MB, paused 1.137ms total 41.816ms
08-04 13:59:52.322 27753 29836 I art     : Starting a blocking GC Explicit
08-04 13:59:52.365 27753 29836 I art     : Explicit concurrent mark sweep GC freed 3(96B) AllocSpace objects, 0(0B) LOS objects, 28% free, 41MB/57MB, paused 1.204ms total 42.693ms
08-04 13:59:52.376 27753 29836 I art     : Starting a blocking GC Explicit
08-04 13:59:52.419 27753 29836 I art     : Explicit concurrent mark sweep GC freed 94(3KB) AllocSpace objects, 0(0B) LOS objects, 28% free, 41MB/57MB, paused 1.220ms total 42.519ms
08-04 13:59:52.430 27753 29836 I art     : Starting a blocking GC Explicit
08-04 13:59:52.472 27753 29836 I art     : Explicit concurrent mark sweep GC freed 71(4KB) AllocSpace objects, 0(0B) LOS objects, 28% free, 41MB/57MB, paused 1.166ms total 41.817ms
08-04 13:59:52.507 31711 31711 D AndroidRuntime: >>>>>> START com.android.internal.os.RuntimeInit uid 2000 <<<<<<
08-04 13:59:52.512 31711 31711 D AndroidRuntime: CheckJNI is OFF
08-04 13:59:52.545 31711 31711 D ICU     : No timezone override file found: /data/misc/zoneinfo/current/icu/icu_tzdata.dat
08-04 13:59:52.579 31711 31711 I Radio-JNI: register_android_hardware_Radio DONE
08-04 13:59:52.601 31711 31711 D AndroidRuntime: Calling main entry com.android.commands.input.Input
08-04 13:59:52.604 31711 31711 I Input   : injectKeyEvent: KeyEvent { action=ACTION_DOWN, keyCode=KEYCODE_BACK, scanCode=0, metaState=0, flags=0x0, repeatCount=0, eventTime=712809017, downTime=712809017, deviceId=-1, source=0x101 }
08-04 13:59:52.614 31711 31711 I Input   : injectKeyEvent: KeyEvent { action=ACTION_UP, keyCode=KEYCODE_BACK, scanCode=0, metaState=0, flags=0x0, repeatCount=0, eventTime=712809017, downTime=712809017, deviceId=-1, source=0x101 }
08-04 13:59:52.619 31711 31711 D AndroidRuntime: Shutting down VM
08-04 13:59:52.630 27753 27753 D baseline.com.newsblur.service.NBSyncService: rejecting request for feedset that is exhaused
08-04 13:59:52.771 27753 30054 I art     : Starting a blocking GC Explicit
08-04 13:59:52.814 27753 27753 D baseline.com.newsblur.service.NBSyncService: rejecting request for feedset that is exhaused
08-04 13:59:52.817 27753 30054 I art     : Explicit concurrent mark sweep GC freed 2768(210KB) AllocSpace objects, 4(80KB) LOS objects, 28% free, 41MB/57MB, paused 1.478ms total 46.151ms
08-04 13:59:52.819 13866 13866 I GoogleInputMethodServic: GoogleInputMethodService.onFinishInput():3138 
08-04 13:59:52.820 13866 13866 I GoogleInputMethodServic: GoogleInputMethodService.onStartInput():1808 
08-04 13:59:52.829 27753 30054 I art     : Starting a blocking GC Explicit
08-04 13:59:52.870 27753 30054 I art     : Explicit concurrent mark sweep GC freed 2138(114KB) AllocSpace objects, 1(20KB) LOS objects, 28% free, 41MB/57MB, paused 1.166ms total 40.396ms
08-04 13:59:52.879 27753 30054 I art     : Starting a blocking GC Explicit
08-04 13:59:52.906 27753 30740 E baseline.com.newsblur.network.APIResponse: Error (unexpected end of stream on https://www.newsblur.com/...) calling https://www.newsblur.com/reader/mark_story_hashes_as_read/
08-04 13:59:52.906 27753 30740 E baseline.com.newsblur.network.APIResponse: java.io.IOException: unexpected end of stream on https://www.newsblur.com/...
08-04 13:59:52.906 27753 30740 E baseline.com.newsblur.network.APIResponse: 	at okhttp3.internal.http1.Http1ExchangeCodec.readResponseHeaders(Http1ExchangeCodec.java:236)
08-04 13:59:52.906 27753 30740 E baseline.com.newsblur.network.APIResponse: 	at okhttp3.internal.connection.Exchange.readResponseHeaders(Exchange.java:115)
08-04 13:59:52.906 27753 30740 E baseline.com.newsblur.network.APIResponse: 	at okhttp3.internal.http.CallServerInterceptor.intercept(CallServerInterceptor.java:94)
08-04 13:59:52.906 27753 30740 E baseline.com.newsblur.network.APIResponse: 	at okhttp3.internal.http.RealInterceptorChain.proceed(RealInterceptorChain.java:142)
08-04 13:59:52.906 27753 30740 E baseline.com.newsblur.network.APIResponse: 	at okhttp3.internal.connection.ConnectInterceptor.intercept(ConnectInterceptor.java:43)
08-04 13:59:52.906 27753 30740 E baseline.com.newsblur.network.APIResponse: 	at okhttp3.internal.http.RealInterceptorChain.proceed(RealInterceptorChain.java:142)
08-04 13:59:52.906 27753 30740 E baseline.com.newsblur.network.APIResponse: 	at okhttp3.internal.http.RealInterceptorChain.proceed(RealInterceptorChain.java:117)
08-04 13:59:52.906 27753 30740 E baseline.com.newsblur.network.APIResponse: 	at okhttp3.internal.cache.CacheInterceptor.intercept(CacheInterceptor.java:94)
08-04 13:59:52.906 27753 30740 E baseline.com.newsblur.network.APIResponse: 	at okhttp3.internal.http.RealInterceptorChain.proceed(RealInterceptorChain.java:142)
08-04 13:59:52.906 27753 30740 E baseline.com.newsblur.network.APIResponse: 	at okhttp3.internal.http.RealInterceptorChain.proceed(RealInterceptorChain.java:117)
08-04 13:59:52.906 27753 30740 E baseline.com.newsblur.network.APIResponse: 	at okhttp3.internal.http.BridgeInterceptor.intercept(BridgeInterceptor.java:93)
08-04 13:59:52.906 27753 30740 E baseline.com.newsblur.network.APIResponse: 	at okhttp3.internal.http.RealInterceptorChain.proceed(RealInterceptorChain.java:142)
08-04 13:59:52.906 27753 30740 E baseline.com.newsblur.network.APIResponse: 	at okhttp3.internal.http.RetryAndFollowUpInterceptor.intercept(RetryAndFollowUpInterceptor.java:88)
08-04 13:59:52.906 27753 30740 E baseline.com.newsblur.network.APIResponse: 	at okhttp3.internal.http.RealInterceptorChain.proceed(RealInterceptorChain.java:142)
08-04 13:59:52.906 27753 30740 E baseline.com.newsblur.network.APIResponse: 	at okhttp3.internal.http.RealInterceptorChain.proceed(RealInterceptorChain.java:117)
08-04 13:59:52.906 27753 30740 E baseline.com.newsblur.network.APIResponse: 	at okhttp3.RealCall.getResponseWithInterceptorChain(RealCall.java:229)
08-04 13:59:52.906 27753 30740 E baseline.com.newsblur.network.APIResponse: 	at okhttp3.RealCall.execute(RealCall.java:81)
08-04 13:59:52.906 27753 30740 E baseline.com.newsblur.network.APIResponse: 	at baseline.com.newsblur.network.APIResponse.<init>(APIResponse.java:57)
08-04 13:59:52.906 27753 30740 E baseline.com.newsblur.network.APIResponse: 	at baseline.com.newsblur.network.APIResponse.<init>(APIResponse.java:43)
08-04 13:59:52.906 27753 30740 E baseline.com.newsblur.network.APIResponse: 	at baseline.com.newsblur.network.APIManager.post_single(APIManager.java:702)
08-04 13:59:52.906 27753 30740 E baseline.com.newsblur.network.APIResponse: 	at baseline.com.newsblur.network.APIManager.post(APIManager.java:675)
08-04 13:59:52.906 27753 30740 E baseline.com.newsblur.network.APIResponse: 	at baseline.com.newsblur.network.APIManager.post(APIManager.java:714)
08-04 13:59:52.906 27753 30740 E baseline.com.newsblur.network.APIResponse: 	at baseline.com.newsblur.network.APIManager.markStoryAsRead(APIManager.java:205)
08-04 13:59:52.906 27753 30740 E baseline.com.newsblur.network.APIResponse: 	at baseline.com.newsblur.util.ReadingAction.doRemote(ReadingAction.java:281)
08-04 13:59:52.906 27753 30740 E baseline.com.newsblur.network.APIResponse: 	at baseline.com.newsblur.service.NBSyncService.syncActions(NBSyncService.java:400)
08-04 13:59:52.906 27753 30740 E baseline.com.newsblur.network.APIResponse: 	at baseline.com.newsblur.service.NBSyncService.doSync(NBSyncService.java:298)
08-04 13:59:52.906 27753 30740 E baseline.com.newsblur.network.APIResponse: 	at baseline.com.newsblur.service.NBSyncService.access$100(NBSyncService.java:67)
08-04 13:59:52.906 27753 30740 E baseline.com.newsblur.network.APIResponse: 	at baseline.com.newsblur.service.NBSyncService$1.run(NBSyncService.java:188)
08-04 13:59:52.906 27753 30740 E baseline.com.newsblur.network.APIResponse: 	at java.util.concurrent.ThreadPoolExecutor.runWorker(ThreadPoolExecutor.java:1113)
08-04 13:59:52.906 27753 30740 E baseline.com.newsblur.network.APIResponse: 	at java.util.concurrent.ThreadPoolExecutor$Worker.run(ThreadPoolExecutor.java:588)
08-04 13:59:52.906 27753 30740 E baseline.com.newsblur.network.APIResponse: 	at java.lang.Thread.run(Thread.java:818)
08-04 13:59:52.906 27753 30740 E baseline.com.newsblur.network.APIResponse: Caused by: java.io.EOFException: \n not found: limit=0 content=
08-04 13:59:52.906 27753 30740 E baseline.com.newsblur.network.APIResponse: 	at okio.RealBufferedSource.readUtf8LineStrict(RealBufferedSource.java:240)
08-04 13:59:52.906 27753 30740 E baseline.com.newsblur.network.APIResponse: 	at okhttp3.internal.http1.Http1ExchangeCodec.readHeaderLine(Http1ExchangeCodec.java:242)
08-04 13:59:52.906 27753 30740 E baseline.com.newsblur.network.APIResponse: 	at okhttp3.internal.http1.Http1ExchangeCodec.readResponseHeaders(Http1ExchangeCodec.java:213)
08-04 13:59:52.906 27753 30740 E baseline.com.newsblur.network.APIResponse: 	... 30 more
08-04 13:59:52.907 27753 30740 I baseline.com.newsblur.network.APIManager: API call failed, pausing before retry number 2
08-04 13:59:52.917 27753 30054 I art     : Explicit concurrent mark sweep GC freed 972(204KB) AllocSpace objects, 3(68KB) LOS objects, 28% free, 40MB/56MB, paused 1.031ms total 37.846ms
08-04 13:59:52.928 27753 30054 I art     : Starting a blocking GC Explicit
08-04 13:59:52.968 27753 30054 I art     : Explicit concurrent mark sweep GC freed 117(16KB) AllocSpace objects, 0(0B) LOS objects, 28% free, 40MB/56MB, paused 1.032ms total 39.875ms
08-04 13:59:52.979 27753 30054 I art     : Starting a blocking GC Explicit
08-04 13:59:53.020 27753 30054 I art     : Explicit concurrent mark sweep GC freed 25(832B) AllocSpace objects, 0(0B) LOS objects, 28% free, 40MB/56MB, paused 1.097ms total 40.834ms
08-04 13:59:53.358 27753 27765 I art     : Starting a blocking GC Explicit
08-04 13:59:53.406 27753 27765 I art     : Explicit concurrent mark sweep GC freed 2704(143KB) AllocSpace objects, 1(20KB) LOS objects, 28% free, 40MB/56MB, paused 1.261ms total 47.275ms
08-04 13:59:53.417 27753 27765 I art     : Starting a blocking GC Explicit
08-04 13:59:53.461 27753 27765 I art     : Explicit concurrent mark sweep GC freed 156(7KB) AllocSpace objects, 0(0B) LOS objects, 28% free, 40MB/56MB, paused 1.035ms total 43.994ms
08-04 13:59:53.473 27753 27765 I art     : Starting a blocking GC Explicit
08-04 13:59:53.516 27753 27765 I art     : Explicit concurrent mark sweep GC freed 9(288B) AllocSpace objects, 0(0B) LOS objects, 28% free, 40MB/56MB, paused 1.023ms total 42.977ms
08-04 13:59:53.529 27753 27765 I art     : Starting a blocking GC Explicit
08-04 13:59:53.573 27753 27765 I art     : Explicit concurrent mark sweep GC freed 9(288B) AllocSpace objects, 0(0B) LOS objects, 28% free, 40MB/56MB, paused 1.201ms total 43.692ms
08-04 13:59:53.583 27753 27765 I art     : Starting a blocking GC Explicit
08-04 13:59:53.628 27753 27765 I art     : Explicit concurrent mark sweep GC freed 11(352B) AllocSpace objects, 0(0B) LOS objects, 28% free, 40MB/56MB, paused 1.246ms total 44.185ms
08-04 13:59:53.959 27753 29836 I art     : Starting a blocking GC Explicit
08-04 13:59:54.006 27753 29836 I art     : Explicit concurrent mark sweep GC freed 1489(84KB) AllocSpace objects, 1(20KB) LOS objects, 28% free, 40MB/56MB, paused 1.362ms total 46.133ms
08-04 13:59:54.017 27753 29836 I art     : Starting a blocking GC Explicit
08-04 13:59:54.051   518   646 I ThermalEngine: ACTION: GPU - Setting GPU[0] to 450000000
08-04 13:59:54.064 27753 29836 I art     : Explicit concurrent mark sweep GC freed 29(1008B) AllocSpace objects, 0(0B) LOS objects, 28% free, 40MB/56MB, paused 1.429ms total 46.822ms
08-04 13:59:54.078 27753 29836 I art     : Starting a blocking GC Explicit
08-04 13:59:54.130 27753 29836 I art     : Explicit concurrent mark sweep GC freed 11(352B) AllocSpace objects, 0(0B) LOS objects, 28% free, 40MB/56MB, paused 1.442ms total 51.758ms
08-04 13:59:54.144 27753 29836 I art     : Starting a blocking GC Explicit
08-04 13:59:54.197 27753 29836 I art     : Explicit concurrent mark sweep GC freed 11(352B) AllocSpace objects, 0(0B) LOS objects, 28% free, 40MB/56MB, paused 1.378ms total 52.117ms
08-04 13:59:54.212 27753 29836 I art     : Starting a blocking GC Explicit
08-04 13:59:54.267 27753 29836 I art     : Explicit concurrent mark sweep GC freed 4(128B) AllocSpace objects, 0(0B) LOS objects, 28% free, 40MB/56MB, paused 1.493ms total 54.991ms
08-04 13:59:54.345 31766 31766 D AndroidRuntime: >>>>>> START com.android.internal.os.RuntimeInit uid 2000 <<<<<<
08-04 13:59:54.351 31766 31766 D AndroidRuntime: CheckJNI is OFF
08-04 13:59:54.397 31766 31766 D ICU     : No timezone override file found: /data/misc/zoneinfo/current/icu/icu_tzdata.dat
08-04 13:59:54.443 31766 31766 I Radio-JNI: register_android_hardware_Radio DONE
08-04 13:59:54.472 31766 31766 D AndroidRuntime: Calling main entry com.android.commands.input.Input
08-04 13:59:54.474 31766 31766 I Input   : injectMotionEvent: MotionEvent { action=ACTION_DOWN, actionButton=0, id[0]=0, x[0]=435.0, y[0]=858.0, toolType[0]=TOOL_TYPE_UNKNOWN, buttonState=0, metaState=0, flags=0x0, edgeFlags=0x0, pointerCount=1, historySize=0, eventTime=712810886, downTime=712810886, deviceId=0, source=0x1002 }
08-04 13:59:54.480 31766 31766 I Input   : injectMotionEvent: MotionEvent { action=ACTION_UP, actionButton=0, id[0]=0, x[0]=435.0, y[0]=858.0, toolType[0]=TOOL_TYPE_UNKNOWN, buttonState=0, metaState=0, flags=0x0, edgeFlags=0x0, pointerCount=1, historySize=0, eventTime=712810886, downTime=712810886, deviceId=0, source=0x1002 }
08-04 13:59:54.482 31766 31766 D AndroidRuntime: Shutting down VM
08-04 13:59:54.496   918  5481 I ActivityManager: START u0 {cmp=baseline.com.newsblur/.activity.AllSharedStoriesReading (has extras)} from uid 10652 on display 0
08-04 13:59:54.497   512  2967 D audio_hw_primary: out_set_parameters: enter: usecase(1: low-latency-playback) kvpairs: routing=2
08-04 13:59:54.510   512  2967 D audio_hw_primary: select_devices: out_snd_device(2: speaker) in_snd_device(0: none)
08-04 13:59:54.510   512  2967 D msm8974_platform: platform_send_audio_calibration: sending audio calibration for snd_device(2) acdb_id(15)
08-04 13:59:54.511   512  2967 I soundtrigger: audio_extn_sound_trigger_update_device_status: device 0x2 of type 0 for Event 1
08-04 13:59:54.521   512  2967 D audio_hw_primary: enable_snd_device: snd_device(2: speaker)
08-04 13:59:54.523   512  2967 D audio_hw_primary: enable_audio_route: apply and update mixer path: low-latency-playback speaker
08-04 13:59:54.666 27753 30054 I art     : Starting a blocking GC Explicit
08-04 13:59:54.721 27753 30054 I art     : Explicit concurrent mark sweep GC freed 3072(255KB) AllocSpace objects, 6(548KB) LOS objects, 28% free, 41MB/57MB, paused 1.400ms total 55.145ms
08-04 13:59:54.735 27753 30054 I art     : Starting a blocking GC Explicit
08-04 13:59:54.760   918   936 I ActivityManager: Displayed baseline.com.newsblur/.activity.AllSharedStoriesReading: +256ms
08-04 13:59:54.762 13866 13866 I GoogleInputMethodServic: GoogleInputMethodService.onFinishInput():3138 
08-04 13:59:54.763 13866 13866 I GoogleInputMethodServic: GoogleInputMethodService.onStartInput():1808 
08-04 13:59:54.784 27753 30054 I art     : Explicit concurrent mark sweep GC freed 828(58KB) AllocSpace objects, 1(20KB) LOS objects, 27% free, 41MB/57MB, paused 1.712ms total 49.334ms
08-04 13:59:54.798 27753 30054 I art     : Starting a blocking GC Explicit
08-04 13:59:54.853 27753 30054 I art     : Explicit concurrent mark sweep GC freed 1729(112KB) AllocSpace objects, 3(68KB) LOS objects, 27% free, 41MB/57MB, paused 2.378ms total 54.923ms
08-04 13:59:54.868 27753 30054 I art     : Starting a blocking GC Explicit
08-04 13:59:54.926 27753 30054 I art     : Explicit concurrent mark sweep GC freed 1237(98KB) AllocSpace objects, 7(160KB) LOS objects, 27% free, 41MB/57MB, paused 1.531ms total 56.880ms
08-04 13:59:54.943 27753 30054 I art     : Starting a blocking GC Explicit
08-04 13:59:54.985 26337 26337 I ServiceManager: Waiting for service AtCmdFwd...
08-04 13:59:54.997 27753 30054 I art     : Explicit concurrent mark sweep GC freed 1001(98KB) AllocSpace objects, 3(76KB) LOS objects, 27% free, 41MB/57MB, paused 1.645ms total 54.038ms
08-04 13:59:55.069   512  2967 D audio_hw_primary: disable_audio_route: reset and update mixer path: low-latency-playback speaker
08-04 13:59:55.071   512  2967 D audio_hw_primary: disable_snd_device: snd_device(2: speaker)
08-04 13:59:55.079   512  2967 I soundtrigger: audio_extn_sound_trigger_update_device_status: device 0x2 of type 0 for Event 0
08-04 13:59:55.083 27753 30399 E chromium: [ERROR:tile_manager.cc(793)] WARNING: tile memory limits exceeded, some content may not draw
08-04 13:59:55.084 27753 30399 E chromium: [ERROR:tile_manager.cc(793)] WARNING: tile memory limits exceeded, some content may not draw
08-04 13:59:55.361 27753 27764 I art     : Starting a blocking GC Explicit
08-04 13:59:55.421 27753 27764 I art     : Explicit concurrent mark sweep GC freed 1967(137KB) AllocSpace objects, 3(68KB) LOS objects, 27% free, 41MB/57MB, paused 1.489ms total 60.069ms
08-04 13:59:55.435 27753 27764 I art     : Starting a blocking GC Explicit
08-04 13:59:55.491 27753 27764 I art     : Explicit concurrent mark sweep GC freed 55(2304B) AllocSpace objects, 0(0B) LOS objects, 27% free, 41MB/57MB, paused 1.523ms total 55.755ms
08-04 13:59:55.506 27753 27764 I art     : Starting a blocking GC Explicit
08-04 13:59:55.563 27753 27764 I art     : Explicit concurrent mark sweep GC freed 3(96B) AllocSpace objects, 0(0B) LOS objects, 27% free, 41MB/57MB, paused 1.466ms total 56.665ms
08-04 13:59:55.577 27753 27764 I art     : Starting a blocking GC Explicit
08-04 13:59:55.634 27753 27764 I art     : Explicit concurrent mark sweep GC freed 3(96B) AllocSpace objects, 0(0B) LOS objects, 27% free, 41MB/57MB, paused 1.514ms total 57.055ms
08-04 13:59:55.649 27753 27764 I art     : Starting a blocking GC Explicit
08-04 13:59:55.706 27753 27764 I art     : Explicit concurrent mark sweep GC freed 3(96B) AllocSpace objects, 0(0B) LOS objects, 27% free, 41MB/57MB, paused 1.443ms total 57.273ms
08-04 13:59:55.986 26337 26337 I ServiceManager: Waiting for service AtCmdFwd...
08-04 13:59:56.091 27753 29836 I art     : Starting a blocking GC Explicit
08-04 13:59:56.105 27753 30399 E chromium: [ERROR:tile_manager.cc(793)] WARNING: tile memory limits exceeded, some content may not draw
08-04 13:59:56.105 27753 30399 E chromium: [ERROR:tile_manager.cc(793)] WARNING: tile memory limits exceeded, some content may not draw
08-04 13:59:56.136 27753 30399 E chromium: [ERROR:tile_manager.cc(793)] WARNING: tile memory limits exceeded, some content may not draw
08-04 13:59:56.137 27753 30399 E chromium: [ERROR:tile_manager.cc(793)] WARNING: tile memory limits exceeded, some content may not draw
08-04 13:59:56.147 27753 30399 E chromium: [ERROR:tile_manager.cc(793)] WARNING: tile memory limits exceeded, some content may not draw
08-04 13:59:56.147 27753 30399 E chromium: [ERROR:tile_manager.cc(793)] WARNING: tile memory limits exceeded, some content may not draw
08-04 13:59:56.153 27753 29836 I art     : Explicit concurrent mark sweep GC freed 1660(93KB) AllocSpace objects, 1(20KB) LOS objects, 27% free, 41MB/57MB, paused 1.560ms total 60.883ms
08-04 13:59:56.168 27753 29836 I art     : Starting a blocking GC Explicit
08-04 13:59:56.221 27753 29836 I art     : Explicit concurrent mark sweep GC freed 54(1888B) AllocSpace objects, 0(0B) LOS objects, 27% free, 41MB/57MB, paused 1.441ms total 52.383ms
08-04 13:59:56.235 27753 29836 I art     : Starting a blocking GC Explicit
08-04 13:59:56.292 27753 29836 I art     : Explicit concurrent mark sweep GC freed 27(864B) AllocSpace objects, 0(0B) LOS objects, 27% free, 41MB/57MB, paused 1.795ms total 57.271ms
08-04 13:59:56.307 27753 29836 I art     : Starting a blocking GC Explicit
08-04 13:59:56.366 27753 29836 I art     : Explicit concurrent mark sweep GC freed 1615(63KB) AllocSpace objects, 0(0B) LOS objects, 27% free, 41MB/57MB, paused 1.508ms total 58.761ms
08-04 13:59:56.381 27753 29836 I art     : Starting a blocking GC Explicit
08-04 13:59:56.402 27753 30740 E baseline.com.newsblur.network.APIResponse: Error (unexpected end of stream on https://www.newsblur.com/...) calling https://www.newsblur.com/reader/mark_story_hashes_as_read/
08-04 13:59:56.402 27753 30740 E baseline.com.newsblur.network.APIResponse: java.io.IOException: unexpected end of stream on https://www.newsblur.com/...
08-04 13:59:56.402 27753 30740 E baseline.com.newsblur.network.APIResponse: 	at okhttp3.internal.http1.Http1ExchangeCodec.readResponseHeaders(Http1ExchangeCodec.java:236)
08-04 13:59:56.402 27753 30740 E baseline.com.newsblur.network.APIResponse: 	at okhttp3.internal.connection.Exchange.readResponseHeaders(Exchange.java:115)
08-04 13:59:56.402 27753 30740 E baseline.com.newsblur.network.APIResponse: 	at okhttp3.internal.http.CallServerInterceptor.intercept(CallServerInterceptor.java:94)
08-04 13:59:56.402 27753 30740 E baseline.com.newsblur.network.APIResponse: 	at okhttp3.internal.http.RealInterceptorChain.proceed(RealInterceptorChain.java:142)
08-04 13:59:56.402 27753 30740 E baseline.com.newsblur.network.APIResponse: 	at okhttp3.internal.connection.ConnectInterceptor.intercept(ConnectInterceptor.java:43)
08-04 13:59:56.402 27753 30740 E baseline.com.newsblur.network.APIResponse: 	at okhttp3.internal.http.RealInterceptorChain.proceed(RealInterceptorChain.java:142)
08-04 13:59:56.402 27753 30740 E baseline.com.newsblur.network.APIResponse: 	at okhttp3.internal.http.RealInterceptorChain.proceed(RealInterceptorChain.java:117)
08-04 13:59:56.402 27753 30740 E baseline.com.newsblur.network.APIResponse: 	at okhttp3.internal.cache.CacheInterceptor.intercept(CacheInterceptor.java:94)
08-04 13:59:56.402 27753 30740 E baseline.com.newsblur.network.APIResponse: 	at okhttp3.internal.http.RealInterceptorChain.proceed(RealInterceptorChain.java:142)
08-04 13:59:56.402 27753 30740 E baseline.com.newsblur.network.APIResponse: 	at okhttp3.internal.http.RealInterceptorChain.proceed(RealInterceptorChain.java:117)
08-04 13:59:56.402 27753 30740 E baseline.com.newsblur.network.APIResponse: 	at okhttp3.internal.http.BridgeInterceptor.intercept(BridgeInterceptor.java:93)
08-04 13:59:56.402 27753 30740 E baseline.com.newsblur.network.APIResponse: 	at okhttp3.internal.http.RealInterceptorChain.proceed(RealInterceptorChain.java:142)
08-04 13:59:56.402 27753 30740 E baseline.com.newsblur.network.APIResponse: 	at okhttp3.internal.http.RetryAndFollowUpInterceptor.intercept(RetryAndFollowUpInterceptor.java:88)
08-04 13:59:56.402 27753 30740 E baseline.com.newsblur.network.APIResponse: 	at okhttp3.internal.http.RealInterceptorChain.proceed(RealInterceptorChain.java:142)
08-04 13:59:56.402 27753 30740 E baseline.com.newsblur.network.APIResponse: 	at okhttp3.internal.http.RealInterceptorChain.proceed(RealInterceptorChain.java:117)
08-04 13:59:56.402 27753 30740 E baseline.com.newsblur.network.APIResponse: 	at okhttp3.RealCall.getResponseWithInterceptorChain(RealCall.java:229)
08-04 13:59:56.402 27753 30740 E baseline.com.newsblur.network.APIResponse: 	at okhttp3.RealCall.execute(RealCall.java:81)
08-04 13:59:56.402 27753 30740 E baseline.com.newsblur.network.APIResponse: 	at baseline.com.newsblur.network.APIResponse.<init>(APIResponse.java:57)
08-04 13:59:56.402 27753 30740 E baseline.com.newsblur.network.APIResponse: 	at baseline.com.newsblur.network.APIResponse.<init>(APIResponse.java:43)
08-04 13:59:56.402 27753 30740 E baseline.com.newsblur.network.APIResponse: 	at baseline.com.newsblur.network.APIManager.post_single(APIManager.java:702)
08-04 13:59:56.402 27753 30740 E baseline.com.newsblur.network.APIResponse: 	at baseline.com.newsblur.network.APIManager.post(APIManager.java:675)
08-04 13:59:56.402 27753 30740 E baseline.com.newsblur.network.APIResponse: 	at baseline.com.newsblur.network.APIManager.post(APIManager.java:714)
08-04 13:59:56.402 27753 30740 E baseline.com.newsblur.network.APIResponse: 	at baseline.com.newsblur.network.APIManager.markStoryAsRead(APIManager.java:205)
08-04 13:59:56.402 27753 30740 E baseline.com.newsblur.network.APIResponse: 	at baseline.com.newsblur.util.ReadingAction.doRemote(ReadingAction.java:281)
08-04 13:59:56.402 27753 30740 E baseline.com.newsblur.network.APIResponse: 	at baseline.com.newsblur.service.NBSyncService.syncActions(NBSyncService.java:400)
08-04 13:59:56.402 27753 30740 E baseline.com.newsblur.network.APIResponse: 	at baseline.com.newsblur.service.NBSyncService.doSync(NBSyncService.java:298)
08-04 13:59:56.402 27753 30740 E baseline.com.newsblur.network.APIResponse: 	at baseline.com.newsblur.service.NBSyncService.access$100(NBSyncService.java:67)
08-04 13:59:56.402 27753 30740 E baseline.com.newsblur.network.APIResponse: 	at baseline.com.newsblur.service.NBSyncService$1.run(NBSyncService.java:188)
08-04 13:59:56.402 27753 30740 E baseline.com.newsblur.network.APIResponse: 	at java.util.concurrent.ThreadPoolExecutor.runWorker(ThreadPoolExecutor.java:1113)
08-04 13:59:56.402 27753 30740 E baseline.com.newsblur.network.APIResponse: 	at java.util.concurrent.ThreadPoolExecutor$Worker.run(ThreadPoolExecutor.java:588)
08-04 13:59:56.402 27753 30740 E baseline.com.newsblur.network.APIResponse: 	at java.lang.Thread.run(Thread.java:818)
08-04 13:59:56.402 27753 30740 E baseline.com.newsblur.network.APIResponse: Caused by: java.io.EOFException: \n not found: limit=0 content=
08-04 13:59:56.402 27753 30740 E baseline.com.newsblur.network.APIResponse: 	at okio.RealBufferedSource.readUtf8LineStrict(RealBufferedSource.java:240)
08-04 13:59:56.402 27753 30740 E baseline.com.newsblur.network.APIResponse: 	at okhttp3.internal.http1.Http1ExchangeCodec.readHeaderLine(Http1ExchangeCodec.java:242)
08-04 13:59:56.402 27753 30740 E baseline.com.newsblur.network.APIResponse: 	at okhttp3.internal.http1.Http1ExchangeCodec.readResponseHeaders(Http1ExchangeCodec.java:213)
08-04 13:59:56.402 27753 30740 E baseline.com.newsblur.network.APIResponse: 	... 30 more
08-04 13:59:56.403 27753 30740 I baseline.com.newsblur.service.NBSyncService: Holding reading action with server-side or network error.
08-04 13:59:56.414 27753 30740 W baseline.com.newsblur.service.NBSyncService: hard API failure
08-04 13:59:56.438 27753 29836 I art     : Explicit concurrent mark sweep GC freed 1638(291KB) AllocSpace objects, 9(180KB) LOS objects, 27% free, 41MB/57MB, paused 1.565ms total 56.394ms
08-04 13:59:56.846 27753 29836 I art     : Starting a blocking GC Explicit
08-04 13:59:56.913 27753 29836 I art     : Explicit concurrent mark sweep GC freed 1824(222KB) AllocSpace objects, 8(160KB) LOS objects, 27% free, 41MB/57MB, paused 1.431ms total 65.733ms
08-04 13:59:56.914 27753 27763 I art     : WaitForGcToComplete blocked for 63.306ms for cause HeapTrim
08-04 13:59:56.929 27753 29836 I art     : Starting a blocking GC Explicit
08-04 13:59:56.987 26337 26337 I ServiceManager: Waiting for service AtCmdFwd...
08-04 13:59:56.990 27753 29836 I art     : Explicit concurrent mark sweep GC freed 654(23KB) AllocSpace objects, 0(0B) LOS objects, 27% free, 41MB/57MB, paused 1.508ms total 60.609ms
08-04 13:59:57.005 27753 29836 I art     : Starting a blocking GC Explicit
08-04 13:59:57.067 27753 29836 I art     : Explicit concurrent mark sweep GC freed 3(96B) AllocSpace objects, 0(0B) LOS objects, 27% free, 41MB/57MB, paused 1.495ms total 61.590ms
08-04 13:59:57.081 27753 29836 I art     : Starting a blocking GC Explicit
08-04 13:59:57.143 27753 29836 I art     : Explicit concurrent mark sweep GC freed 3(96B) AllocSpace objects, 0(0B) LOS objects, 27% free, 41MB/57MB, paused 1.486ms total 61.442ms
08-04 13:59:57.158 27753 29836 I art     : Starting a blocking GC Explicit
08-04 13:59:57.220 27753 29836 I art     : Explicit concurrent mark sweep GC freed 3(96B) AllocSpace objects, 0(0B) LOS objects, 27% free, 41MB/57MB, paused 1.498ms total 61.401ms
08-04 13:59:57.620 27753 27764 I art     : Starting a blocking GC Explicit
08-04 13:59:57.685 27753 27764 I art     : Explicit concurrent mark sweep GC freed 1406(81KB) AllocSpace objects, 1(20KB) LOS objects, 27% free, 41MB/57MB, paused 1.377ms total 64.545ms
08-04 13:59:57.700 27753 27764 I art     : Starting a blocking GC Explicit
08-04 13:59:57.763 27753 27764 I art     : Explicit concurrent mark sweep GC freed 20(704B) AllocSpace objects, 0(0B) LOS objects, 27% free, 41MB/57MB, paused 1.402ms total 62.072ms
08-04 13:59:57.778 27753 27764 I art     : Starting a blocking GC Explicit
08-04 13:59:57.838 27753 27764 I art     : Explicit concurrent mark sweep GC freed 3(96B) AllocSpace objects, 0(0B) LOS objects, 27% free, 41MB/57MB, paused 1.568ms total 60.370ms
08-04 13:59:57.853 27753 27764 I art     : Starting a blocking GC Explicit
08-04 13:59:57.918 27753 27764 I art     : Explicit concurrent mark sweep GC freed 3(96B) AllocSpace objects, 0(0B) LOS objects, 27% free, 41MB/57MB, paused 1.484ms total 64.343ms
08-04 13:59:57.933 27753 27764 I art     : Starting a blocking GC Explicit
08-04 13:59:57.991 26337 26337 I ServiceManager: Waiting for service AtCmdFwd...
08-04 13:59:57.997 27753 27764 I art     : Explicit concurrent mark sweep GC freed 3(96B) AllocSpace objects, 0(0B) LOS objects, 27% free, 41MB/57MB, paused 1.440ms total 64.096ms
08-04 13:59:58.393 27753 27765 I art     : Starting a blocking GC Explicit
08-04 13:59:58.458 27753 27765 I art     : Explicit concurrent mark sweep GC freed 1405(81KB) AllocSpace objects, 1(20KB) LOS objects, 27% free, 41MB/57MB, paused 1.506ms total 64.327ms
08-04 13:59:58.475 27753 27765 I art     : Starting a blocking GC Explicit
08-04 13:59:58.535 27753 27765 I art     : Explicit concurrent mark sweep GC freed 20(704B) AllocSpace objects, 0(0B) LOS objects, 27% free, 41MB/57MB, paused 1.513ms total 60.137ms
08-04 13:59:58.550 27753 27765 I art     : Starting a blocking GC Explicit
08-04 13:59:58.613 27753 27765 I art     : Explicit concurrent mark sweep GC freed 3(96B) AllocSpace objects, 0(0B) LOS objects, 27% free, 41MB/57MB, paused 1.523ms total 62.704ms
08-04 13:59:58.629 27753 27765 I art     : Starting a blocking GC Explicit
08-04 13:59:58.691 27753 27765 I art     : Explicit concurrent mark sweep GC freed 3(96B) AllocSpace objects, 0(0B) LOS objects, 27% free, 41MB/57MB, paused 1.509ms total 61.508ms
08-04 13:59:58.706 27753 27765 I art     : Starting a blocking GC Explicit
08-04 13:59:58.764 27753 27765 I art     : Explicit concurrent mark sweep GC freed 3(96B) AllocSpace objects, 0(0B) LOS objects, 27% free, 41MB/57MB, paused 1.375ms total 57.147ms
08-04 13:59:58.991 26337 26337 I ServiceManager: Waiting for service AtCmdFwd...
08-04 13:59:59.114 27753 30054 I art     : Starting a blocking GC Explicit
08-04 13:59:59.178 27753 30054 I art     : Explicit concurrent mark sweep GC freed 1406(81KB) AllocSpace objects, 1(20KB) LOS objects, 27% free, 41MB/57MB, paused 1.533ms total 62.791ms
08-04 13:59:59.193 27753 30054 I art     : Starting a blocking GC Explicit
08-04 13:59:59.251 27753 30054 I art     : Explicit concurrent mark sweep GC freed 20(704B) AllocSpace objects, 0(0B) LOS objects, 27% free, 41MB/57MB, paused 1.604ms total 57.397ms
08-04 13:59:59.265 27753 30054 I art     : Starting a blocking GC Explicit
08-04 13:59:59.281 31840 31840 D AndroidRuntime: >>>>>> START com.android.internal.os.RuntimeInit uid 2000 <<<<<<
08-04 13:59:59.287 31840 31840 D AndroidRuntime: CheckJNI is OFF
08-04 13:59:59.325 27753 30054 I art     : Explicit concurrent mark sweep GC freed 3(96B) AllocSpace objects, 0(0B) LOS objects, 27% free, 41MB/57MB, paused 1.480ms total 59.399ms
08-04 13:59:59.332 31840 31840 D ICU     : No timezone override file found: /data/misc/zoneinfo/current/icu/icu_tzdata.dat
08-04 13:59:59.340 27753 30054 I art     : Starting a blocking GC Explicit
08-04 13:59:59.379 31840 31840 I Radio-JNI: register_android_hardware_Radio DONE
08-04 13:59:59.399 27753 30054 I art     : Explicit concurrent mark sweep GC freed 3(96B) AllocSpace objects, 0(0B) LOS objects, 27% free, 41MB/57MB, paused 1.576ms total 59.079ms
08-04 13:59:59.408 31840 31840 D AndroidRuntime: Calling main entry com.android.commands.input.Input
08-04 13:59:59.410 31840 31840 I Input   : injectKeyEvent: KeyEvent { action=ACTION_DOWN, keyCode=KEYCODE_BACK, scanCode=0, metaState=0, flags=0x0, repeatCount=0, eventTime=712815823, downTime=712815823, deviceId=-1, source=0x101 }
08-04 13:59:59.413 27753 30054 I art     : Starting a blocking GC Explicit
08-04 13:59:59.418 31840 31840 I Input   : injectKeyEvent: KeyEvent { action=ACTION_UP, keyCode=KEYCODE_BACK, scanCode=0, metaState=0, flags=0x0, repeatCount=0, eventTime=712815823, downTime=712815823, deviceId=-1, source=0x101 }
08-04 13:59:59.424 31840 31840 D AndroidRuntime: Shutting down VM
08-04 13:59:59.437 27753 27753 D baseline.com.newsblur.service.NBSyncService: rejecting request for feedset that is exhaused
08-04 13:59:59.469 27753 30054 I art     : Explicit concurrent mark sweep GC freed 224(38KB) AllocSpace objects, 2(40KB) LOS objects, 27% free, 41MB/57MB, paused 1.591ms total 55.350ms
08-04 13:59:59.614 27753 27753 D baseline.com.newsblur.service.NBSyncService: rejecting request for feedset that is exhaused
08-04 13:59:59.617 13866 13866 I GoogleInputMethodServic: GoogleInputMethodService.onFinishInput():3138 
08-04 13:59:59.617 13866 13866 I GoogleInputMethodServic: GoogleInputMethodService.onStartInput():1808 
08-04 13:59:59.836 27753 30054 I art     : Starting a blocking GC Explicit
08-04 13:59:59.900 27753 30054 I art     : Explicit concurrent mark sweep GC freed 3019(220KB) AllocSpace objects, 4(88KB) LOS objects, 27% free, 41MB/57MB, paused 1.362ms total 64.170ms
08-04 13:59:59.919 27753 30054 I art     : Starting a blocking GC Explicit
08-04 13:59:59.977 27753 30054 I art     : Explicit concurrent mark sweep GC freed 1666(76KB) AllocSpace objects, 0(0B) LOS objects, 27% free, 41MB/57MB, paused 1.405ms total 57.829ms
08-04 13:59:59.991 27753 30054 I art     : Starting a blocking GC Explicit
08-04 13:59:59.992 26337 26337 W Atfwd_Sendcmd: AtCmdFwd service not published, waiting... retryCnt : 3
08-04 14:00:00.043 27753 30054 I art     : Explicit concurrent mark sweep GC freed 105(8KB) AllocSpace objects, 0(0B) LOS objects, 27% free, 41MB/57MB, paused 1.324ms total 51.755ms
08-04 14:00:00.057 27753 30054 I art     : Starting a blocking GC Explicit
08-04 14:00:00.111 27753 30054 I art     : Explicit concurrent mark sweep GC freed 138(6KB) AllocSpace objects, 0(0B) LOS objects, 27% free, 41MB/57MB, paused 1.393ms total 53.465ms
08-04 14:00:00.125 27753 30054 I art     : Starting a blocking GC Explicit
08-04 14:00:00.184 27753 30054 I art     : Explicit concurrent mark sweep GC freed 12(384B) AllocSpace objects, 0(0B) LOS objects, 27% free, 41MB/57MB, paused 1.376ms total 58.558ms
08-04 14:00:00.581 27753 29836 I art     : Starting a blocking GC Explicit
08-04 14:00:00.649 27753 29836 I art     : Explicit concurrent mark sweep GC freed 1462(82KB) AllocSpace objects, 1(20KB) LOS objects, 27% free, 41MB/57MB, paused 1.522ms total 67.839ms
08-04 14:00:00.665 27753 29836 I art     : Starting a blocking GC Explicit
08-04 14:00:00.723 27753 29836 I art     : Explicit concurrent mark sweep GC freed 29(992B) AllocSpace objects, 0(0B) LOS objects, 27% free, 41MB/57MB, paused 1.485ms total 57.260ms
08-04 14:00:00.736 27753 29836 I art     : Starting a blocking GC Explicit
08-04 14:00:00.795 27753 29836 I art     : Explicit concurrent mark sweep GC freed 11(352B) AllocSpace objects, 0(0B) LOS objects, 27% free, 41MB/57MB, paused 1.400ms total 57.923ms
08-04 14:00:00.811 27753 29836 I art     : Starting a blocking GC Explicit
08-04 14:00:00.872 27753 29836 I art     : Explicit concurrent mark sweep GC freed 13(416B) AllocSpace objects, 0(0B) LOS objects, 27% free, 41MB/57MB, paused 1.356ms total 60.323ms
08-04 14:00:00.887 27753 29836 I art     : Starting a blocking GC Explicit
08-04 14:00:00.946 27753 29836 I art     : Explicit concurrent mark sweep GC freed 11(352B) AllocSpace objects, 0(0B) LOS objects, 27% free, 41MB/57MB, paused 1.381ms total 58.626ms
08-04 14:00:01.201 31884 31884 D AndroidRuntime: >>>>>> START com.android.internal.os.RuntimeInit uid 2000 <<<<<<
08-04 14:00:01.208 31884 31884 D AndroidRuntime: CheckJNI is OFF
08-04 14:00:01.249 31884 31884 D ICU     : No timezone override file found: /data/misc/zoneinfo/current/icu/icu_tzdata.dat
08-04 14:00:01.292 31884 31884 I Radio-JNI: register_android_hardware_Radio DONE
08-04 14:00:01.321 31884 31884 D AndroidRuntime: Calling main entry com.android.commands.input.Input
08-04 14:00:01.323 31884 31884 I Input   : injectKeyEvent: KeyEvent { action=ACTION_DOWN, keyCode=KEYCODE_BACK, scanCode=0, metaState=0, flags=0x0, repeatCount=0, eventTime=712817736, downTime=712817736, deviceId=-1, source=0x101 }
08-04 14:00:01.330 31884 31884 I Input   : injectKeyEvent: KeyEvent { action=ACTION_UP, keyCode=KEYCODE_BACK, scanCode=0, metaState=0, flags=0x0, repeatCount=0, eventTime=712817736, downTime=712817736, deviceId=-1, source=0x101 }
08-04 14:00:01.338 31884 31884 D AndroidRuntime: Shutting down VM
08-04 14:00:01.363 27753 30054 I art     : Starting a blocking GC Explicit
08-04 14:00:01.421 27753 30054 I art     : Explicit concurrent mark sweep GC freed 1762(147KB) AllocSpace objects, 5(100KB) LOS objects, 27% free, 41MB/57MB, paused 1.528ms total 57.508ms
08-04 14:00:01.435 27753 30054 I art     : Starting a blocking GC Explicit
08-04 14:00:01.493 27753 30054 I art     : Explicit concurrent mark sweep GC freed 57(4KB) AllocSpace objects, 0(0B) LOS objects, 27% free, 41MB/57MB, paused 1.672ms total 57.633ms
08-04 14:00:01.510 27753 30054 I art     : Starting a blocking GC Explicit
08-04 14:00:01.570 27753 30054 I art     : Explicit concurrent mark sweep GC freed 8858(582KB) AllocSpace objects, 10(200KB) LOS objects, 27% free, 41MB/57MB, paused 1.668ms total 59.266ms
08-04 14:00:01.572 13866 13866 I GoogleInputMethodServic: GoogleInputMethodService.onFinishInput():3138 
08-04 14:00:01.573 13866 13866 I GoogleInputMethodServic: GoogleInputMethodService.onStartInput():1808 
08-04 14:00:01.585 27753 30054 I art     : Starting a blocking GC Explicit
08-04 14:00:01.639 27753 30054 I art     : Explicit concurrent mark sweep GC freed 1395(85KB) AllocSpace objects, 2(40KB) LOS objects, 27% free, 41MB/57MB, paused 1.578ms total 53.445ms
08-04 14:00:01.653 27753 30054 I art     : Starting a blocking GC Explicit
08-04 14:00:01.710 27753 30054 I art     : Explicit concurrent mark sweep GC freed 213(9KB) AllocSpace objects, 0(0B) LOS objects, 27% free, 41MB/57MB, paused 1.408ms total 56.924ms
08-04 14:00:02.092 27753 27764 I art     : Starting a blocking GC Explicit
08-04 14:00:02.153 27753 31907 E baseline.com.newsblur.network.APIResponse: Error (unexpected end of stream on https://www.newsblur.com/...) calling https://www.newsblur.com/reader/mark_story_hashes_as_read/
08-04 14:00:02.153 27753 31907 E baseline.com.newsblur.network.APIResponse: java.io.IOException: unexpected end of stream on https://www.newsblur.com/...
08-04 14:00:02.153 27753 31907 E baseline.com.newsblur.network.APIResponse: 	at okhttp3.internal.http1.Http1ExchangeCodec.readResponseHeaders(Http1ExchangeCodec.java:236)
08-04 14:00:02.153 27753 31907 E baseline.com.newsblur.network.APIResponse: 	at okhttp3.internal.connection.Exchange.readResponseHeaders(Exchange.java:115)
08-04 14:00:02.153 27753 31907 E baseline.com.newsblur.network.APIResponse: 	at okhttp3.internal.http.CallServerInterceptor.intercept(CallServerInterceptor.java:94)
08-04 14:00:02.153 27753 31907 E baseline.com.newsblur.network.APIResponse: 	at okhttp3.internal.http.RealInterceptorChain.proceed(RealInterceptorChain.java:142)
08-04 14:00:02.153 27753 31907 E baseline.com.newsblur.network.APIResponse: 	at okhttp3.internal.connection.ConnectInterceptor.intercept(ConnectInterceptor.java:43)
08-04 14:00:02.153 27753 31907 E baseline.com.newsblur.network.APIResponse: 	at okhttp3.internal.http.RealInterceptorChain.proceed(RealInterceptorChain.java:142)
08-04 14:00:02.153 27753 31907 E baseline.com.newsblur.network.APIResponse: 	at okhttp3.internal.http.RealInterceptorChain.proceed(RealInterceptorChain.java:117)
08-04 14:00:02.153 27753 31907 E baseline.com.newsblur.network.APIResponse: 	at okhttp3.internal.cache.CacheInterceptor.intercept(CacheInterceptor.java:94)
08-04 14:00:02.153 27753 31907 E baseline.com.newsblur.network.APIResponse: 	at okhttp3.internal.http.RealInterceptorChain.proceed(RealInterceptorChain.java:142)
08-04 14:00:02.153 27753 31907 E baseline.com.newsblur.network.APIResponse: 	at okhttp3.internal.http.RealInterceptorChain.proceed(RealInterceptorChain.java:117)
08-04 14:00:02.153 27753 31907 E baseline.com.newsblur.network.APIResponse: 	at okhttp3.internal.http.BridgeInterceptor.intercept(BridgeInterceptor.java:93)
08-04 14:00:02.153 27753 31907 E baseline.com.newsblur.network.APIResponse: 	at okhttp3.internal.http.RealInterceptorChain.proceed(RealInterceptorChain.java:142)
08-04 14:00:02.153 27753 31907 E baseline.com.newsblur.network.APIResponse: 	at okhttp3.internal.http.RetryAndFollowUpInterceptor.intercept(RetryAndFollowUpInterceptor.java:88)
08-04 14:00:02.153 27753 31907 E baseline.com.newsblur.network.APIResponse: 	at okhttp3.internal.http.RealInterceptorChain.proceed(RealInterceptorChain.java:142)
08-04 14:00:02.153 27753 31907 E baseline.com.newsblur.network.APIResponse: 	at okhttp3.internal.http.RealInterceptorChain.proceed(RealInterceptorChain.java:117)
08-04 14:00:02.153 27753 31907 E baseline.com.newsblur.network.APIResponse: 	at okhttp3.RealCall.getResponseWithInterceptorChain(RealCall.java:229)
08-04 14:00:02.153 27753 31907 E baseline.com.newsblur.network.APIResponse: 	at okhttp3.RealCall.execute(RealCall.java:81)
08-04 14:00:02.153 27753 31907 E baseline.com.newsblur.network.APIResponse: 	at baseline.com.newsblur.network.APIResponse.<init>(APIResponse.java:57)
08-04 14:00:02.153 27753 31907 E baseline.com.newsblur.network.APIResponse: 	at baseline.com.newsblur.network.APIResponse.<init>(APIResponse.java:43)
08-04 14:00:02.153 27753 31907 E baseline.com.newsblur.network.APIResponse: 	at baseline.com.newsblur.network.APIManager.post_single(APIManager.java:702)
08-04 14:00:02.153 27753 31907 E baseline.com.newsblur.network.APIResponse: 	at baseline.com.newsblur.network.APIManager.post(APIManager.java:675)
08-04 14:00:02.153 27753 31907 E baseline.com.newsblur.network.APIResponse: 	at baseline.com.newsblur.network.APIManager.post(APIManager.java:714)
08-04 14:00:02.153 27753 31907 E baseline.com.newsblur.network.APIResponse: 	at baseline.com.newsblur.network.APIManager.markStoryAsRead(APIManager.java:205)
08-04 14:00:02.153 27753 31907 E baseline.com.newsblur.network.APIResponse: 	at baseline.com.newsblur.util.ReadingAction.doRemote(ReadingAction.java:281)
08-04 14:00:02.153 27753 31907 E baseline.com.newsblur.network.APIResponse: 	at baseline.com.newsblur.service.NBSyncService.syncActions(NBSyncService.java:400)
08-04 14:00:02.153 27753 31907 E baseline.com.newsblur.network.APIResponse: 	at baseline.com.newsblur.service.NBSyncService.doSync(NBSyncService.java:298)
08-04 14:00:02.153 27753 31907 E baseline.com.newsblur.network.APIResponse: 	at baseline.com.newsblur.service.NBSyncService.access$100(NBSyncService.java:67)
08-04 14:00:02.153 27753 31907 E baseline.com.newsblur.network.APIResponse: 	at baseline.com.newsblur.service.NBSyncService$1.run(NBSyncService.java:188)
08-04 14:00:02.153 27753 31907 E baseline.com.newsblur.network.APIResponse: 	at java.util.concurrent.ThreadPoolExecutor.runWorker(ThreadPoolExecutor.java:1113)
08-04 14:00:02.153 27753 31907 E baseline.com.newsblur.network.APIResponse: 	at java.util.concurrent.ThreadPoolExecutor$Worker.run(ThreadPoolExecutor.java:588)
08-04 14:00:02.153 27753 31907 E baseline.com.newsblur.network.APIResponse: 	at java.lang.Thread.run(Thread.java:818)
08-04 14:00:02.153 27753 31907 E baseline.com.newsblur.network.APIResponse: Caused by: java.io.EOFException: \n not found: limit=0 content=
08-04 14:00:02.153 27753 31907 E baseline.com.newsblur.network.APIResponse: 	at okio.RealBufferedSource.readUtf8LineStrict(RealBufferedSource.java:240)
08-04 14:00:02.153 27753 31907 E baseline.com.newsblur.network.APIResponse: 	at okhttp3.internal.http1.Http1ExchangeCodec.readHeaderLine(Http1ExchangeCodec.java:242)
08-04 14:00:02.153 27753 31907 E baseline.com.newsblur.network.APIResponse: 	at okhttp3.internal.http1.Http1ExchangeCodec.readResponseHeaders(Http1ExchangeCodec.java:213)
08-04 14:00:02.153 27753 31907 E baseline.com.newsblur.network.APIResponse: 	... 30 more
08-04 14:00:02.154 27753 27764 I art     : Explicit concurrent mark sweep GC freed 5114(261KB) AllocSpace objects, 3(140KB) LOS objects, 27% free, 41MB/57MB, paused 1.678ms total 61.497ms
08-04 14:00:02.154 27753 31907 I baseline.com.newsblur.network.APIManager: API call failed, pausing before retry number 1
08-04 14:00:02.170 27753 27764 I art     : Starting a blocking GC Explicit
08-04 14:00:02.228 27753 27764 I art     : Explicit concurrent mark sweep GC freed 1875(328KB) AllocSpace objects, 3(120KB) LOS objects, 27% free, 41MB/57MB, paused 1.555ms total 58.186ms
08-04 14:00:02.242 27753 27764 I art     : Starting a blocking GC Explicit
08-04 14:00:02.301 27753 27764 I art     : Explicit concurrent mark sweep GC freed 81(5KB) AllocSpace objects, 0(0B) LOS objects, 27% free, 41MB/57MB, paused 1.389ms total 58.780ms
08-04 14:00:02.317 27753 27764 I art     : Starting a blocking GC Explicit
08-04 14:00:02.374 27753 27764 I art     : Explicit concurrent mark sweep GC freed 13(416B) AllocSpace objects, 0(0B) LOS objects, 27% free, 41MB/57MB, paused 1.379ms total 57.223ms
08-04 14:00:02.389 27753 27764 I art     : Starting a blocking GC Explicit
08-04 14:00:02.448 27753 27764 I art     : Explicit concurrent mark sweep GC freed 11(352B) AllocSpace objects, 0(0B) LOS objects, 27% free, 41MB/57MB, paused 1.556ms total 59.161ms
08-04 14:00:02.820 27753 27765 I art     : Starting a blocking GC Explicit
08-04 14:00:02.880 27753 27765 I art     : Explicit concurrent mark sweep GC freed 1497(84KB) AllocSpace objects, 1(20KB) LOS objects, 27% free, 41MB/57MB, paused 1.567ms total 59.521ms
08-04 14:00:02.895 27753 27765 I art     : Starting a blocking GC Explicit
08-04 14:00:02.954 27753 27765 I art     : Explicit concurrent mark sweep GC freed 30(1040B) AllocSpace objects, 0(0B) LOS objects, 27% free, 41MB/57MB, paused 1.714ms total 58.906ms
08-04 14:00:02.969 27753 27765 I art     : Starting a blocking GC Explicit
08-04 14:00:03.026 27753 27765 I art     : Explicit concurrent mark sweep GC freed 8(256B) AllocSpace objects, 0(0B) LOS objects, 27% free, 41MB/57MB, paused 1.498ms total 56.402ms
08-04 14:00:03.040 27753 27765 I art     : Starting a blocking GC Explicit
08-04 14:00:03.100 27753 27765 I art     : Explicit concurrent mark sweep GC freed 3(96B) AllocSpace objects, 0(0B) LOS objects, 27% free, 41MB/57MB, paused 1.594ms total 59.236ms
08-04 14:00:03.114 27753 27765 I art     : Starting a blocking GC Explicit
08-04 14:00:03.138   918  3261 D WifiStateMachine: starting scan for "H369AA63323"WPA_PSK with 2412,5180
08-04 14:00:03.139 31920 31920 D AndroidRuntime: >>>>>> START com.android.internal.os.RuntimeInit uid 2000 <<<<<<
08-04 14:00:03.145 31920 31920 D AndroidRuntime: CheckJNI is OFF
08-04 14:00:03.175 27753 27765 I art     : Explicit concurrent mark sweep GC freed 3(96B) AllocSpace objects, 0(0B) LOS objects, 27% free, 41MB/57MB, paused 1.595ms total 60.791ms
08-04 14:00:03.193 31920 31920 D ICU     : No timezone override file found: /data/misc/zoneinfo/current/icu/icu_tzdata.dat
08-04 14:00:03.236 31920 31920 I Radio-JNI: register_android_hardware_Radio DONE
08-04 14:00:03.264 31920 31920 D AndroidRuntime: Calling main entry com.android.commands.input.Input
08-04 14:00:03.266 31920 31920 I Input   : injectMotionEvent: MotionEvent { action=ACTION_DOWN, actionButton=0, id[0]=0, x[0]=553.0, y[0]=442.0, toolType[0]=TOOL_TYPE_UNKNOWN, buttonState=0, metaState=0, flags=0x0, edgeFlags=0x0, pointerCount=1, historySize=0, eventTime=712819678, downTime=712819678, deviceId=0, source=0x1002 }
08-04 14:00:03.271 31920 31920 I Input   : injectMotionEvent: MotionEvent { action=ACTION_UP, actionButton=0, id[0]=0, x[0]=553.0, y[0]=442.0, toolType[0]=TOOL_TYPE_UNKNOWN, buttonState=0, metaState=0, flags=0x0, edgeFlags=0x0, pointerCount=1, historySize=0, eventTime=712819678, downTime=712819678, deviceId=0, source=0x1002 }
08-04 14:00:03.273 31920 31920 D AndroidRuntime: Shutting down VM
08-04 14:00:03.342   918  3961 I ActivityManager: START u0 {cmp=baseline.com.newsblur/.activity.AllSharedStoriesItemsList (has extras)} from uid 10652 on display 0
08-04 14:00:03.368 27753 30081 I baseline.com.newsblur.database.BlurDatabaseHelper: reading session reset
08-04 14:00:03.531 27753 30054 I art     : Starting a blocking GC Explicit
08-04 14:00:03.592 27753 30054 I art     : Explicit concurrent mark sweep GC freed 4051(322KB) AllocSpace objects, 7(232KB) LOS objects, 27% free, 41MB/57MB, paused 1.423ms total 60.790ms
08-04 14:00:03.599 27753 27753 D baseline.com.newsblur.service.NBSyncService: rejecting request for feedset that is exhaused
08-04 14:00:03.607 27753 27753 W View    : requestLayout() improperly called by android.widget.FrameLayout{7ea1e02 V.E...... ......ID 0,0-1440,18 #7f07003f app:id/footer_view_inner} during layout: running second layout pass
08-04 14:00:03.607 27753 27753 W View    : requestLayout() improperly called by android.widget.FrameLayout{b5f9313 V.E...... ......ID 0,0-1440,2091 #7f07003f app:id/footer_view_inner} during layout: running second layout pass
08-04 14:00:03.608 27753 30054 I art     : Starting a blocking GC Explicit
08-04 14:00:03.627   918   936 I ActivityManager: Displayed baseline.com.newsblur/.activity.AllSharedStoriesItemsList: +273ms
08-04 14:00:03.628 13866 13866 I GoogleInputMethodServic: GoogleInputMethodService.onFinishInput():3138 
08-04 14:00:03.628 13866 13866 I GoogleInputMethodServic: GoogleInputMethodService.onStartInput():1808 
08-04 14:00:03.666 27753 30054 I art     : Explicit concurrent mark sweep GC freed 1348(95KB) AllocSpace objects, 5(100KB) LOS objects, 27% free, 41MB/57MB, paused 2.166ms total 57.694ms
08-04 14:00:03.681 27753 30054 I art     : Starting a blocking GC Explicit
08-04 14:00:03.741 27753 30090 I NAPPA_EXPERIMENTATION: MetricNetworkRequestExecutionTime: REQUEST_DURATION_SYSTEM='64',REQUEST_DURATION_OKHTTP='64',REQUEST_SYNCHRONOUS='TRUE',RESPONSE_CODE='200',RESPONSE_METHOD='GET',RESPONSE_LENGTH_OKHTTP='43',RESPONSE_LENGTH_HEADER='43',REQUEST_PROTOCOL='http/1.1',REQUEST_URL='http://feeds.feedburner.com/~r/retort/~4/UffaFMiJbNs',
08-04 14:00:03.743 27753 30054 I art     : Explicit concurrent mark sweep GC freed 770(43KB) AllocSpace objects, 2(40KB) LOS objects, 27% free, 42MB/58MB, paused 1.708ms total 61.811ms
08-04 14:00:03.757 27753 30054 I art     : Starting a blocking GC Explicit
08-04 14:00:03.812 27753 30054 I art     : Explicit concurrent mark sweep GC freed 459(41KB) AllocSpace objects, 1(20KB) LOS objects, 27% free, 41MB/57MB, paused 1.331ms total 54.359ms
08-04 14:00:03.825 27753 30054 I art     : Starting a blocking GC Explicit
08-04 14:00:03.887 27753 30054 I art     : Explicit concurrent mark sweep GC freed 178(19KB) AllocSpace objects, 1(20KB) LOS objects, 27% free, 42MB/58MB, paused 1.551ms total 61.036ms
08-04 14:00:04.167 27753 31907 E baseline.com.newsblur.network.APIResponse: Error (unexpected end of stream on https://www.newsblur.com/...) calling https://www.newsblur.com/reader/mark_story_hashes_as_read/
08-04 14:00:04.167 27753 31907 E baseline.com.newsblur.network.APIResponse: java.io.IOException: unexpected end of stream on https://www.newsblur.com/...
08-04 14:00:04.167 27753 31907 E baseline.com.newsblur.network.APIResponse: 	at okhttp3.internal.http1.Http1ExchangeCodec.readResponseHeaders(Http1ExchangeCodec.java:236)
08-04 14:00:04.167 27753 31907 E baseline.com.newsblur.network.APIResponse: 	at okhttp3.internal.connection.Exchange.readResponseHeaders(Exchange.java:115)
08-04 14:00:04.167 27753 31907 E baseline.com.newsblur.network.APIResponse: 	at okhttp3.internal.http.CallServerInterceptor.intercept(CallServerInterceptor.java:94)
08-04 14:00:04.167 27753 31907 E baseline.com.newsblur.network.APIResponse: 	at okhttp3.internal.http.RealInterceptorChain.proceed(RealInterceptorChain.java:142)
08-04 14:00:04.167 27753 31907 E baseline.com.newsblur.network.APIResponse: 	at okhttp3.internal.connection.ConnectInterceptor.intercept(ConnectInterceptor.java:43)
08-04 14:00:04.167 27753 31907 E baseline.com.newsblur.network.APIResponse: 	at okhttp3.internal.http.RealInterceptorChain.proceed(RealInterceptorChain.java:142)
08-04 14:00:04.167 27753 31907 E baseline.com.newsblur.network.APIResponse: 	at okhttp3.internal.http.RealInterceptorChain.proceed(RealInterceptorChain.java:117)
08-04 14:00:04.167 27753 31907 E baseline.com.newsblur.network.APIResponse: 	at okhttp3.internal.cache.CacheInterceptor.intercept(CacheInterceptor.java:94)
08-04 14:00:04.167 27753 31907 E baseline.com.newsblur.network.APIResponse: 	at okhttp3.internal.http.RealInterceptorChain.proceed(RealInterceptorChain.java:142)
08-04 14:00:04.167 27753 31907 E baseline.com.newsblur.network.APIResponse: 	at okhttp3.internal.http.RealInterceptorChain.proceed(RealInterceptorChain.java:117)
08-04 14:00:04.167 27753 31907 E baseline.com.newsblur.network.APIResponse: 	at okhttp3.internal.http.BridgeInterceptor.intercept(BridgeInterceptor.java:93)
08-04 14:00:04.167 27753 31907 E baseline.com.newsblur.network.APIResponse: 	at okhttp3.internal.http.RealInterceptorChain.proceed(RealInterceptorChain.java:142)
08-04 14:00:04.167 27753 31907 E baseline.com.newsblur.network.APIResponse: 	at okhttp3.internal.http.RetryAndFollowUpInterceptor.intercept(RetryAndFollowUpInterceptor.java:88)
08-04 14:00:04.167 27753 31907 E baseline.com.newsblur.network.APIResponse: 	at okhttp3.internal.http.RealInterceptorChain.proceed(RealInterceptorChain.java:142)
08-04 14:00:04.167 27753 31907 E baseline.com.newsblur.network.APIResponse: 	at okhttp3.internal.http.RealInterceptorChain.proceed(RealInterceptorChain.java:117)
08-04 14:00:04.167 27753 31907 E baseline.com.newsblur.network.APIResponse: 	at okhttp3.RealCall.getResponseWithInterceptorChain(RealCall.java:229)
08-04 14:00:04.167 27753 31907 E baseline.com.newsblur.network.APIResponse: 	at okhttp3.RealCall.execute(RealCall.java:81)
08-04 14:00:04.167 27753 31907 E baseline.com.newsblur.network.APIResponse: 	at baseline.com.newsblur.network.APIResponse.<init>(APIResponse.java:57)
08-04 14:00:04.167 27753 31907 E baseline.com.newsblur.network.APIResponse: 	at baseline.com.newsblur.network.APIResponse.<init>(APIResponse.java:43)
08-04 14:00:04.167 27753 31907 E baseline.com.newsblur.network.APIResponse: 	at baseline.com.newsblur.network.APIManager.post_single(APIManager.java:702)
08-04 14:00:04.167 27753 31907 E baseline.com.newsblur.network.APIResponse: 	at baseline.com.newsblur.network.APIManager.post(APIManager.java:675)
08-04 14:00:04.167 27753 31907 E baseline.com.newsblur.network.APIResponse: 	at baseline.com.newsblur.network.APIManager.post(APIManager.java:714)
08-04 14:00:04.167 27753 31907 E baseline.com.newsblur.network.APIResponse: 	at baseline.com.newsblur.network.APIManager.markStoryAsRead(APIManager.java:205)
08-04 14:00:04.167 27753 31907 E baseline.com.newsblur.network.APIResponse: 	at baseline.com.newsblur.util.ReadingAction.doRemote(ReadingAction.java:281)
08-04 14:00:04.167 27753 31907 E baseline.com.newsblur.network.APIResponse: 	at baseline.com.newsblur.service.NBSyncService.syncActions(NBSyncService.java:400)
08-04 14:00:04.167 27753 31907 E baseline.com.newsblur.network.APIResponse: 	at baseline.com.newsblur.service.NBSyncService.doSync(NBSyncService.java:298)
08-04 14:00:04.167 27753 31907 E baseline.com.newsblur.network.APIResponse: 	at baseline.com.newsblur.service.NBSyncService.access$100(NBSyncService.java:67)
08-04 14:00:04.167 27753 31907 E baseline.com.newsblur.network.APIResponse: 	at baseline.com.newsblur.service.NBSyncService$1.run(NBSyncService.java:188)
08-04 14:00:04.167 27753 31907 E baseline.com.newsblur.network.APIResponse: 	at java.util.concurrent.ThreadPoolExecutor.runWorker(ThreadPoolExecutor.java:1113)
08-04 14:00:04.167 27753 31907 E baseline.com.newsblur.network.APIResponse: 	at java.util.concurrent.ThreadPoolExecutor$Worker.run(ThreadPoolExecutor.java:588)
08-04 14:00:04.167 27753 31907 E baseline.com.newsblur.network.APIResponse: 	at java.lang.Thread.run(Thread.java:818)
08-04 14:00:04.167 27753 31907 E baseline.com.newsblur.network.APIResponse: Caused by: java.io.EOFException: \n not found: limit=0 content=
08-04 14:00:04.167 27753 31907 E baseline.com.newsblur.network.APIResponse: 	at okio.RealBufferedSource.readUtf8LineStrict(RealBufferedSource.java:240)
08-04 14:00:04.167 27753 31907 E baseline.com.newsblur.network.APIResponse: 	at okhttp3.internal.http1.Http1ExchangeCodec.readHeaderLine(Http1ExchangeCodec.java:242)
08-04 14:00:04.167 27753 31907 E baseline.com.newsblur.network.APIResponse: 	at okhttp3.internal.http1.Http1ExchangeCodec.readResponseHeaders(Http1ExchangeCodec.java:213)
08-04 14:00:04.167 27753 31907 E baseline.com.newsblur.network.APIResponse: 	... 30 more
08-04 14:00:04.169 27753 31907 I baseline.com.newsblur.network.APIManager: API call failed, pausing before retry number 2
08-04 14:00:04.260 27753 27764 I art     : Starting a blocking GC Explicit
08-04 14:00:04.327 27753 27764 I art     : Explicit concurrent mark sweep GC freed 4211(368KB) AllocSpace objects, 3(60KB) LOS objects, 27% free, 41MB/57MB, paused 1.610ms total 66.820ms
08-04 14:00:04.344 27753 27764 I art     : Starting a blocking GC Explicit
08-04 14:00:04.404 27753 27764 I art     : Explicit concurrent mark sweep GC freed 109(3KB) AllocSpace objects, 0(0B) LOS objects, 27% free, 41MB/57MB, paused 1.569ms total 59.234ms
08-04 14:00:04.419 27753 27764 I art     : Starting a blocking GC Explicit
08-04 14:00:04.479 27753 27764 I art     : Explicit concurrent mark sweep GC freed 3(96B) AllocSpace objects, 0(0B) LOS objects, 27% free, 41MB/57MB, paused 1.537ms total 60.489ms
08-04 14:00:04.494 27753 27764 I art     : Starting a blocking GC Explicit
08-04 14:00:04.556 27753 27764 I art     : Explicit concurrent mark sweep GC freed 3(96B) AllocSpace objects, 0(0B) LOS objects, 27% free, 41MB/57MB, paused 1.535ms total 61.475ms
08-04 14:00:04.572 27753 27764 I art     : Starting a blocking GC Explicit
08-04 14:00:04.634 27753 27764 I art     : Explicit concurrent mark sweep GC freed 3(96B) AllocSpace objects, 0(0B) LOS objects, 27% free, 41MB/57MB, paused 1.525ms total 61.498ms
08-04 14:00:05.011 27753 30054 I art     : Starting a blocking GC Explicit
08-04 14:00:05.077 27753 30054 I art     : Explicit concurrent mark sweep GC freed 1475(84KB) AllocSpace objects, 1(20KB) LOS objects, 27% free, 41MB/57MB, paused 1.612ms total 65.073ms
08-04 14:00:05.092 27753 30054 I art     : Starting a blocking GC Explicit
08-04 14:00:05.159 27753 30054 I art     : Explicit concurrent mark sweep GC freed 22(784B) AllocSpace objects, 0(0B) LOS objects, 27% free, 41MB/57MB, paused 1.753ms total 66.992ms
08-04 14:00:05.178 27753 30054 I art     : Starting a blocking GC Explicit
08-04 14:00:05.245 27753 30054 I art     : Explicit concurrent mark sweep GC freed 3(96B) AllocSpace objects, 0(0B) LOS objects, 27% free, 41MB/57MB, paused 1.604ms total 66.274ms
08-04 14:00:05.260 27753 30054 I art     : Starting a blocking GC Explicit
08-04 14:00:05.326 27753 30054 I art     : Explicit concurrent mark sweep GC freed 3(96B) AllocSpace objects, 0(0B) LOS objects, 27% free, 41MB/57MB, paused 1.632ms total 65.611ms
08-04 14:00:05.341 27753 30054 I art     : Starting a blocking GC Explicit
08-04 14:00:05.403 27753 30054 I art     : Explicit concurrent mark sweep GC freed 3(96B) AllocSpace objects, 0(0B) LOS objects, 27% free, 41MB/57MB, paused 1.428ms total 61.497ms
08-04 14:00:05.802 27753 27765 I art     : Starting a blocking GC Explicit
08-04 14:00:05.873 27753 27765 I art     : Explicit concurrent mark sweep GC freed 1483(84KB) AllocSpace objects, 1(20KB) LOS objects, 27% free, 41MB/57MB, paused 1.643ms total 71.241ms
08-04 14:00:05.890 27753 27765 I art     : Starting a blocking GC Explicit
08-04 14:00:05.958 27753 27765 I art     : Explicit concurrent mark sweep GC freed 22(784B) AllocSpace objects, 0(0B) LOS objects, 27% free, 41MB/57MB, paused 1.631ms total 67.033ms
08-04 14:00:05.973 27753 27765 I art     : Starting a blocking GC Explicit
08-04 14:00:06.041 27753 27765 I art     : Explicit concurrent mark sweep GC freed 3(96B) AllocSpace objects, 0(0B) LOS objects, 27% free, 41MB/57MB, paused 1.524ms total 67.416ms
08-04 14:00:06.056 27753 27765 I art     : Starting a blocking GC Explicit
08-04 14:00:06.125 27753 27765 I art     : Explicit concurrent mark sweep GC freed 3(96B) AllocSpace objects, 0(0B) LOS objects, 27% free, 41MB/57MB, paused 1.662ms total 68.694ms
08-04 14:00:06.141 27753 27765 I art     : Starting a blocking GC Explicit
08-04 14:00:06.207 27753 27765 I art     : Explicit concurrent mark sweep GC freed 3(96B) AllocSpace objects, 0(0B) LOS objects, 27% free, 41MB/57MB, paused 1.639ms total 66.258ms
08-04 14:00:06.628 27753 31956 I art     : Starting a blocking GC Explicit
08-04 14:00:06.696 27753 31956 I art     : Explicit concurrent mark sweep GC freed 1446(83KB) AllocSpace objects, 1(20KB) LOS objects, 27% free, 41MB/57MB, paused 1.641ms total 67.913ms
08-04 14:00:06.712 27753 31956 I art     : Starting a blocking GC Explicit
08-04 14:00:06.780 27753 31956 I art     : Explicit concurrent mark sweep GC freed 22(784B) AllocSpace objects, 0(0B) LOS objects, 27% free, 41MB/57MB, paused 1.553ms total 67.876ms
08-04 14:00:06.798 27753 31956 I art     : Starting a blocking GC Explicit
08-04 14:00:06.865 27753 31956 I art     : Explicit concurrent mark sweep GC freed 3(96B) AllocSpace objects, 0(0B) LOS objects, 27% free, 41MB/57MB, paused 1.460ms total 66.181ms
08-04 14:00:06.880 27753 31956 I art     : Starting a blocking GC Explicit
08-04 14:00:06.945 27753 31956 I art     : Explicit concurrent mark sweep GC freed 3(96B) AllocSpace objects, 0(0B) LOS objects, 27% free, 41MB/57MB, paused 1.620ms total 65.378ms
08-04 14:00:06.961 27753 31956 I art     : Starting a blocking GC Explicit
08-04 14:00:07.029 27753 31956 I art     : Explicit concurrent mark sweep GC freed 3(96B) AllocSpace objects, 0(0B) LOS objects, 27% free, 41MB/57MB, paused 1.642ms total 68.083ms
08-04 14:00:07.440 27753 27764 I art     : Starting a blocking GC Explicit
08-04 14:00:07.510 27753 27764 I art     : Explicit concurrent mark sweep GC freed 1611(92KB) AllocSpace objects, 1(20KB) LOS objects, 27% free, 41MB/57MB, paused 1.919ms total 69.940ms
08-04 14:00:07.527 27753 27764 I art     : Starting a blocking GC Explicit
08-04 14:00:07.592 27753 27764 I art     : Explicit concurrent mark sweep GC freed 28(1040B) AllocSpace objects, 0(0B) LOS objects, 27% free, 41MB/57MB, paused 1.686ms total 63.915ms
08-04 14:00:07.607 27753 27764 I art     : Starting a blocking GC Explicit
08-04 14:00:07.667 27753 31907 E baseline.com.newsblur.network.APIResponse: Error (unexpected end of stream on https://www.newsblur.com/...) calling https://www.newsblur.com/reader/mark_story_hashes_as_read/
08-04 14:00:07.667 27753 31907 E baseline.com.newsblur.network.APIResponse: java.io.IOException: unexpected end of stream on https://www.newsblur.com/...
08-04 14:00:07.667 27753 31907 E baseline.com.newsblur.network.APIResponse: 	at okhttp3.internal.http1.Http1ExchangeCodec.readResponseHeaders(Http1ExchangeCodec.java:236)
08-04 14:00:07.667 27753 31907 E baseline.com.newsblur.network.APIResponse: 	at okhttp3.internal.connection.Exchange.readResponseHeaders(Exchange.java:115)
08-04 14:00:07.667 27753 31907 E baseline.com.newsblur.network.APIResponse: 	at okhttp3.internal.http.CallServerInterceptor.intercept(CallServerInterceptor.java:94)
08-04 14:00:07.667 27753 31907 E baseline.com.newsblur.network.APIResponse: 	at okhttp3.internal.http.RealInterceptorChain.proceed(RealInterceptorChain.java:142)
08-04 14:00:07.667 27753 31907 E baseline.com.newsblur.network.APIResponse: 	at okhttp3.internal.connection.ConnectInterceptor.intercept(ConnectInterceptor.java:43)
08-04 14:00:07.667 27753 31907 E baseline.com.newsblur.network.APIResponse: 	at okhttp3.internal.http.RealInterceptorChain.proceed(RealInterceptorChain.java:142)
08-04 14:00:07.667 27753 31907 E baseline.com.newsblur.network.APIResponse: 	at okhttp3.internal.http.RealInterceptorChain.proceed(RealInterceptorChain.java:117)
08-04 14:00:07.667 27753 31907 E baseline.com.newsblur.network.APIResponse: 	at okhttp3.internal.cache.CacheInterceptor.intercept(CacheInterceptor.java:94)
08-04 14:00:07.667 27753 31907 E baseline.com.newsblur.network.APIResponse: 	at okhttp3.internal.http.RealInterceptorChain.proceed(RealInterceptorChain.java:142)
08-04 14:00:07.667 27753 31907 E baseline.com.newsblur.network.APIResponse: 	at okhttp3.internal.http.RealInterceptorChain.proceed(RealInterceptorChain.java:117)
08-04 14:00:07.667 27753 31907 E baseline.com.newsblur.network.APIResponse: 	at okhttp3.internal.http.BridgeInterceptor.intercept(BridgeInterceptor.java:93)
08-04 14:00:07.667 27753 31907 E baseline.com.newsblur.network.APIResponse: 	at okhttp3.internal.http.RealInterceptorChain.proceed(RealInterceptorChain.java:142)
08-04 14:00:07.667 27753 31907 E baseline.com.newsblur.network.APIResponse: 	at okhttp3.internal.http.RetryAndFollowUpInterceptor.intercept(RetryAndFollowUpInterceptor.java:88)
08-04 14:00:07.667 27753 31907 E baseline.com.newsblur.network.APIResponse: 	at okhttp3.internal.http.RealInterceptorChain.proceed(RealInterceptorChain.java:142)
08-04 14:00:07.667 27753 31907 E baseline.com.newsblur.network.APIResponse: 	at okhttp3.internal.http.RealInterceptorChain.proceed(RealInterceptorChain.java:117)
08-04 14:00:07.667 27753 31907 E baseline.com.newsblur.network.APIResponse: 	at okhttp3.RealCall.getResponseWithInterceptorChain(RealCall.java:229)
08-04 14:00:07.667 27753 31907 E baseline.com.newsblur.network.APIResponse: 	at okhttp3.RealCall.execute(RealCall.java:81)
08-04 14:00:07.667 27753 31907 E baseline.com.newsblur.network.APIResponse: 	at baseline.com.newsblur.network.APIResponse.<init>(APIResponse.java:57)
08-04 14:00:07.667 27753 31907 E baseline.com.newsblur.network.APIResponse: 	at baseline.com.newsblur.network.APIResponse.<init>(APIResponse.java:43)
08-04 14:00:07.667 27753 31907 E baseline.com.newsblur.network.APIResponse: 	at baseline.com.newsblur.network.APIManager.post_single(APIManager.java:702)
08-04 14:00:07.667 27753 31907 E baseline.com.newsblur.network.APIResponse: 	at baseline.com.newsblur.network.APIManager.post(APIManager.java:675)
08-04 14:00:07.667 27753 31907 E baseline.com.newsblur.network.APIResponse: 	at baseline.com.newsblur.network.APIManager.post(APIManager.java:714)
08-04 14:00:07.667 27753 31907 E baseline.com.newsblur.network.APIResponse: 	at baseline.com.newsblur.network.APIManager.markStoryAsRead(APIManager.java:205)
08-04 14:00:07.667 27753 31907 E baseline.com.newsblur.network.APIResponse: 	at baseline.com.newsblur.util.ReadingAction.doRemote(ReadingAction.java:281)
08-04 14:00:07.667 27753 31907 E baseline.com.newsblur.network.APIResponse: 	at baseline.com.newsblur.service.NBSyncService.syncActions(NBSyncService.java:400)
08-04 14:00:07.667 27753 31907 E baseline.com.newsblur.network.APIResponse: 	at baseline.com.newsblur.service.NBSyncService.doSync(NBSyncService.java:298)
08-04 14:00:07.667 27753 31907 E baseline.com.newsblur.network.APIResponse: 	at baseline.com.newsblur.service.NBSyncService.access$100(NBSyncService.java:67)
08-04 14:00:07.667 27753 31907 E baseline.com.newsblur.network.APIResponse: 	at baseline.com.newsblur.service.NBSyncService$1.run(NBSyncService.java:188)
08-04 14:00:07.667 27753 31907 E baseline.com.newsblur.network.APIResponse: 	at java.util.concurrent.ThreadPoolExecutor.runWorker(ThreadPoolExecutor.java:1113)
08-04 14:00:07.667 27753 31907 E baseline.com.newsblur.network.APIResponse: 	at java.util.concurrent.ThreadPoolExecutor$Worker.run(ThreadPoolExecutor.java:588)
08-04 14:00:07.667 27753 31907 E baseline.com.newsblur.network.APIResponse: 	at java.lang.Thread.run(Thread.java:818)
08-04 14:00:07.667 27753 31907 E baseline.com.newsblur.network.APIResponse: Caused by: java.io.EOFException: \n not found: limit=0 content=
08-04 14:00:07.667 27753 31907 E baseline.com.newsblur.network.APIResponse: 	at okio.RealBufferedSource.readUtf8LineStrict(RealBufferedSource.java:240)
08-04 14:00:07.667 27753 31907 E baseline.com.newsblur.network.APIResponse: 	at okhttp3.internal.http1.Http1ExchangeCodec.readHeaderLine(Http1ExchangeCodec.java:242)
08-04 14:00:07.667 27753 31907 E baseline.com.newsblur.network.APIResponse: 	at okhttp3.internal.http1.Http1ExchangeCodec.readResponseHeaders(Http1ExchangeCodec.java:213)
08-04 14:00:07.667 27753 31907 E baseline.com.newsblur.network.APIResponse: 	... 30 more
08-04 14:00:07.671 27753 31907 I baseline.com.newsblur.service.NBSyncService: Holding reading action with server-side or network error.
08-04 14:00:07.672 27753 27764 I art     : Explicit concurrent mark sweep GC freed 2004(159KB) AllocSpace objects, 0(0B) LOS objects, 27% free, 42MB/58MB, paused 1.587ms total 65.178ms
08-04 14:00:07.687 27753 27764 I art     : Starting a blocking GC Explicit
08-04 14:00:07.689 27753 31907 W baseline.com.newsblur.service.NBSyncService: hard API failure
08-04 14:00:07.753 27753 27764 I art     : Explicit concurrent mark sweep GC freed 942(165KB) AllocSpace objects, 4(80KB) LOS objects, 27% free, 42MB/58MB, paused 1.739ms total 66.200ms
08-04 14:00:07.769 27753 27764 I art     : Starting a blocking GC Explicit
08-04 14:00:07.835 27753 27764 I art     : Explicit concurrent mark sweep GC freed 77(3KB) AllocSpace objects, 0(0B) LOS objects, 27% free, 41MB/57MB, paused 1.721ms total 66.472ms
08-04 14:00:08.160 27753 31907 E baseline.com.newsblur.network.APIResponse: Error (unexpected end of stream on https://www.newsblur.com/...) calling https://www.newsblur.com/reader/mark_story_hashes_as_read/
08-04 14:00:08.160 27753 31907 E baseline.com.newsblur.network.APIResponse: java.io.IOException: unexpected end of stream on https://www.newsblur.com/...
08-04 14:00:08.160 27753 31907 E baseline.com.newsblur.network.APIResponse: 	at okhttp3.internal.http1.Http1ExchangeCodec.readResponseHeaders(Http1ExchangeCodec.java:236)
08-04 14:00:08.160 27753 31907 E baseline.com.newsblur.network.APIResponse: 	at okhttp3.internal.connection.Exchange.readResponseHeaders(Exchange.java:115)
08-04 14:00:08.160 27753 31907 E baseline.com.newsblur.network.APIResponse: 	at okhttp3.internal.http.CallServerInterceptor.intercept(CallServerInterceptor.java:94)
08-04 14:00:08.160 27753 31907 E baseline.com.newsblur.network.APIResponse: 	at okhttp3.internal.http.RealInterceptorChain.proceed(RealInterceptorChain.java:142)
08-04 14:00:08.160 27753 31907 E baseline.com.newsblur.network.APIResponse: 	at okhttp3.internal.connection.ConnectInterceptor.intercept(ConnectInterceptor.java:43)
08-04 14:00:08.160 27753 31907 E baseline.com.newsblur.network.APIResponse: 	at okhttp3.internal.http.RealInterceptorChain.proceed(RealInterceptorChain.java:142)
08-04 14:00:08.160 27753 31907 E baseline.com.newsblur.network.APIResponse: 	at okhttp3.internal.http.RealInterceptorChain.proceed(RealInterceptorChain.java:117)
08-04 14:00:08.160 27753 31907 E baseline.com.newsblur.network.APIResponse: 	at okhttp3.internal.cache.CacheInterceptor.intercept(CacheInterceptor.java:94)
08-04 14:00:08.160 27753 31907 E baseline.com.newsblur.network.APIResponse: 	at okhttp3.internal.http.RealInterceptorChain.proceed(RealInterceptorChain.java:142)
08-04 14:00:08.160 27753 31907 E baseline.com.newsblur.network.APIResponse: 	at okhttp3.internal.http.RealInterceptorChain.proceed(RealInterceptorChain.java:117)
08-04 14:00:08.160 27753 31907 E baseline.com.newsblur.network.APIResponse: 	at okhttp3.internal.http.BridgeInterceptor.intercept(BridgeInterceptor.java:93)
08-04 14:00:08.160 27753 31907 E baseline.com.newsblur.network.APIResponse: 	at okhttp3.internal.http.RealInterceptorChain.proceed(RealInterceptorChain.java:142)
08-04 14:00:08.160 27753 31907 E baseline.com.newsblur.network.APIResponse: 	at okhttp3.internal.http.RetryAndFollowUpInterceptor.intercept(RetryAndFollowUpInterceptor.java:88)
08-04 14:00:08.160 27753 31907 E baseline.com.newsblur.network.APIResponse: 	at okhttp3.internal.http.RealInterceptorChain.proceed(RealInterceptorChain.java:142)
08-04 14:00:08.160 27753 31907 E baseline.com.newsblur.network.APIResponse: 	at okhttp3.internal.http.RealInterceptorChain.proceed(RealInterceptorChain.java:117)
08-04 14:00:08.160 27753 31907 E baseline.com.newsblur.network.APIResponse: 	at okhttp3.RealCall.getResponseWithInterceptorChain(RealCall.java:229)
08-04 14:00:08.160 27753 31907 E baseline.com.newsblur.network.APIResponse: 	at okhttp3.RealCall.execute(RealCall.java:81)
08-04 14:00:08.160 27753 31907 E baseline.com.newsblur.network.APIResponse: 	at baseline.com.newsblur.network.APIResponse.<init>(APIResponse.java:57)
08-04 14:00:08.160 27753 31907 E baseline.com.newsblur.network.APIResponse: 	at baseline.com.newsblur.network.APIResponse.<init>(APIResponse.java:43)
08-04 14:00:08.160 27753 31907 E baseline.com.newsblur.network.APIResponse: 	at baseline.com.newsblur.network.APIManager.post_single(APIManager.java:702)
08-04 14:00:08.160 27753 31907 E baseline.com.newsblur.network.APIResponse: 	at baseline.com.newsblur.network.APIManager.post(APIManager.java:675)
08-04 14:00:08.160 27753 31907 E baseline.com.newsblur.network.APIResponse: 	at baseline.com.newsblur.network.APIManager.post(APIManager.java:714)
08-04 14:00:08.160 27753 31907 E baseline.com.newsblur.network.APIResponse: 	at baseline.com.newsblur.network.APIManager.markStoryAsRead(APIManager.java:205)
08-04 14:00:08.160 27753 31907 E baseline.com.newsblur.network.APIResponse: 	at baseline.com.newsblur.util.ReadingAction.doRemote(ReadingAction.java:281)
08-04 14:00:08.160 27753 31907 E baseline.com.newsblur.network.APIResponse: 	at baseline.com.newsblur.service.NBSyncService.syncActions(NBSyncService.java:400)
08-04 14:00:08.160 27753 31907 E baseline.com.newsblur.network.APIResponse: 	at baseline.com.newsblur.service.NBSyncService.doSync(NBSyncService.java:298)
08-04 14:00:08.160 27753 31907 E baseline.com.newsblur.network.APIResponse: 	at baseline.com.newsblur.service.NBSyncService.access$100(NBSyncService.java:67)
08-04 14:00:08.160 27753 31907 E baseline.com.newsblur.network.APIResponse: 	at baseline.com.newsblur.service.NBSyncService$1.run(NBSyncService.java:188)
08-04 14:00:08.160 27753 31907 E baseline.com.newsblur.network.APIResponse: 	at java.util.concurrent.ThreadPoolExecutor.runWorker(ThreadPoolExecutor.java:1113)
08-04 14:00:08.160 27753 31907 E baseline.com.newsblur.network.APIResponse: 	at java.util.concurrent.ThreadPoolExecutor$Worker.run(ThreadPoolExecutor.java:588)
08-04 14:00:08.160 27753 31907 E baseline.com.newsblur.network.APIResponse: 	at java.lang.Thread.run(Thread.java:818)
08-04 14:00:08.160 27753 31907 E baseline.com.newsblur.network.APIResponse: Caused by: java.io.EOFException: \n not found: limit=0 content=
08-04 14:00:08.160 27753 31907 E baseline.com.newsblur.network.APIResponse: 	at okio.RealBufferedSource.readUtf8LineStrict(RealBufferedSource.java:240)
08-04 14:00:08.160 27753 31907 E baseline.com.newsblur.network.APIResponse: 	at okhttp3.internal.http1.Http1ExchangeCodec.readHeaderLine(Http1ExchangeCodec.java:242)
08-04 14:00:08.160 27753 31907 E baseline.com.newsblur.network.APIResponse: 	at okhttp3.internal.http1.Http1ExchangeCodec.readResponseHeaders(Http1ExchangeCodec.java:213)
08-04 14:00:08.160 27753 31907 E baseline.com.newsblur.network.APIResponse: 	... 30 more
08-04 14:00:08.162 27753 31907 I baseline.com.newsblur.network.APIManager: API call failed, pausing before retry number 1
08-04 14:00:08.240 27753 29836 I art     : Starting a blocking GC Explicit
08-04 14:00:08.308 27753 29836 I art     : Explicit concurrent mark sweep GC freed 3952(359KB) AllocSpace objects, 3(60KB) LOS objects, 27% free, 41MB/57MB, paused 1.554ms total 67.864ms
08-04 14:00:08.324 27753 29836 I art     : Starting a blocking GC Explicit
08-04 14:00:08.392 27753 29836 I art     : Explicit concurrent mark sweep GC freed 109(3KB) AllocSpace objects, 0(0B) LOS objects, 27% free, 41MB/57MB, paused 1.617ms total 67.762ms
08-04 14:00:08.410 27753 29836 I art     : Starting a blocking GC Explicit
08-04 14:00:08.476 27753 29836 I art     : Explicit concurrent mark sweep GC freed 3(96B) AllocSpace objects, 0(0B) LOS objects, 27% free, 41MB/57MB, paused 1.651ms total 65.534ms
08-04 14:00:08.491 27753 29836 I art     : Starting a blocking GC Explicit
08-04 14:00:08.556 27753 29836 I art     : Explicit concurrent mark sweep GC freed 3(96B) AllocSpace objects, 0(0B) LOS objects, 27% free, 41MB/57MB, paused 1.602ms total 64.643ms
08-04 14:00:08.571 27753 29836 I art     : Starting a blocking GC Explicit
08-04 14:00:08.639 27753 29836 I art     : Explicit concurrent mark sweep GC freed 3(96B) AllocSpace objects, 0(0B) LOS objects, 27% free, 41MB/57MB, paused 1.705ms total 67.123ms
08-04 14:00:09.033 27753 30054 I art     : Starting a blocking GC Explicit
08-04 14:00:09.076   518   646 I ThermalEngine: ACTION: GPU - Setting GPU[0] to 510000000
08-04 14:00:09.104 27753 30054 I art     : Explicit concurrent mark sweep GC freed 1442(83KB) AllocSpace objects, 1(20KB) LOS objects, 27% free, 41MB/57MB, paused 1.659ms total 69.606ms
08-04 14:00:09.121 27753 30054 I art     : Starting a blocking GC Explicit
08-04 14:00:09.169 27753 30054 I art     : Explicit concurrent mark sweep GC freed 22(784B) AllocSpace objects, 0(0B) LOS objects, 27% free, 41MB/57MB, paused 1.189ms total 48.481ms
08-04 14:00:09.180 27753 30054 I art     : Starting a blocking GC Explicit
08-04 14:00:09.230 27753 30054 I art     : Explicit concurrent mark sweep GC freed 3(96B) AllocSpace objects, 0(0B) LOS objects, 27% free, 41MB/57MB, paused 1.219ms total 49.326ms
08-04 14:00:09.242 27753 30054 I art     : Starting a blocking GC Explicit
08-04 14:00:09.290 27753 30054 I art     : Explicit concurrent mark sweep GC freed 3(96B) AllocSpace objects, 0(0B) LOS objects, 27% free, 41MB/57MB, paused 1.161ms total 47.813ms
08-04 14:00:09.301 27753 30054 I art     : Starting a blocking GC Explicit
08-04 14:00:09.351 27753 30054 I art     : Explicit concurrent mark sweep GC freed 3(96B) AllocSpace objects, 0(0B) LOS objects, 27% free, 41MB/57MB, paused 1.221ms total 49.340ms
08-04 14:00:09.730 27753 27765 I art     : Starting a blocking GC Explicit
08-04 14:00:09.783 27753 27765 I art     : Explicit concurrent mark sweep GC freed 1597(90KB) AllocSpace objects, 1(20KB) LOS objects, 27% free, 41MB/57MB, paused 1.165ms total 53.207ms
08-04 14:00:09.795 27753 27765 I art     : Starting a blocking GC Explicit
08-04 14:00:09.844 27753 27765 I art     : Explicit concurrent mark sweep GC freed 37(2352B) AllocSpace objects, 0(0B) LOS objects, 27% free, 41MB/57MB, paused 1.228ms total 48.688ms
08-04 14:00:09.856 27753 27765 I art     : Starting a blocking GC Explicit
08-04 14:00:09.904 27753 27765 I art     : Explicit concurrent mark sweep GC freed 3(96B) AllocSpace objects, 0(0B) LOS objects, 27% free, 41MB/57MB, paused 1.143ms total 48.109ms
08-04 14:00:09.915 27753 27765 I art     : Starting a blocking GC Explicit
08-04 14:00:09.965 27753 27765 I art     : Explicit concurrent mark sweep GC freed 3(96B) AllocSpace objects, 0(0B) LOS objects, 27% free, 41MB/57MB, paused 1.229ms total 49.560ms
08-04 14:00:09.977 27753 27765 I art     : Starting a blocking GC Explicit
08-04 14:00:10.027 27753 27765 I art     : Explicit concurrent mark sweep GC freed 3(96B) AllocSpace objects, 0(0B) LOS objects, 27% free, 41MB/57MB, paused 1.171ms total 49.525ms
08-04 14:00:10.214 27753 31907 E baseline.com.newsblur.network.APIResponse: Error (unexpected end of stream on https://www.newsblur.com/...) calling https://www.newsblur.com/reader/mark_story_hashes_as_read/
08-04 14:00:10.214 27753 31907 E baseline.com.newsblur.network.APIResponse: java.io.IOException: unexpected end of stream on https://www.newsblur.com/...
08-04 14:00:10.214 27753 31907 E baseline.com.newsblur.network.APIResponse: 	at okhttp3.internal.http1.Http1ExchangeCodec.readResponseHeaders(Http1ExchangeCodec.java:236)
08-04 14:00:10.214 27753 31907 E baseline.com.newsblur.network.APIResponse: 	at okhttp3.internal.connection.Exchange.readResponseHeaders(Exchange.java:115)
08-04 14:00:10.214 27753 31907 E baseline.com.newsblur.network.APIResponse: 	at okhttp3.internal.http.CallServerInterceptor.intercept(CallServerInterceptor.java:94)
08-04 14:00:10.214 27753 31907 E baseline.com.newsblur.network.APIResponse: 	at okhttp3.internal.http.RealInterceptorChain.proceed(RealInterceptorChain.java:142)
08-04 14:00:10.214 27753 31907 E baseline.com.newsblur.network.APIResponse: 	at okhttp3.internal.connection.ConnectInterceptor.intercept(ConnectInterceptor.java:43)
08-04 14:00:10.214 27753 31907 E baseline.com.newsblur.network.APIResponse: 	at okhttp3.internal.http.RealInterceptorChain.proceed(RealInterceptorChain.java:142)
08-04 14:00:10.214 27753 31907 E baseline.com.newsblur.network.APIResponse: 	at okhttp3.internal.http.RealInterceptorChain.proceed(RealInterceptorChain.java:117)
08-04 14:00:10.214 27753 31907 E baseline.com.newsblur.network.APIResponse: 	at okhttp3.internal.cache.CacheInterceptor.intercept(CacheInterceptor.java:94)
08-04 14:00:10.214 27753 31907 E baseline.com.newsblur.network.APIResponse: 	at okhttp3.internal.http.RealInterceptorChain.proceed(RealInterceptorChain.java:142)
08-04 14:00:10.214 27753 31907 E baseline.com.newsblur.network.APIResponse: 	at okhttp3.internal.http.RealInterceptorChain.proceed(RealInterceptorChain.java:117)
08-04 14:00:10.214 27753 31907 E baseline.com.newsblur.network.APIResponse: 	at okhttp3.internal.http.BridgeInterceptor.intercept(BridgeInterceptor.java:93)
08-04 14:00:10.214 27753 31907 E baseline.com.newsblur.network.APIResponse: 	at okhttp3.internal.http.RealInterceptorChain.proceed(RealInterceptorChain.java:142)
08-04 14:00:10.214 27753 31907 E baseline.com.newsblur.network.APIResponse: 	at okhttp3.internal.http.RetryAndFollowUpInterceptor.intercept(RetryAndFollowUpInterceptor.java:88)
08-04 14:00:10.214 27753 31907 E baseline.com.newsblur.network.APIResponse: 	at okhttp3.internal.http.RealInterceptorChain.proceed(RealInterceptorChain.java:142)
08-04 14:00:10.214 27753 31907 E baseline.com.newsblur.network.APIResponse: 	at okhttp3.internal.http.RealInterceptorChain.proceed(RealInterceptorChain.java:117)
08-04 14:00:10.214 27753 31907 E baseline.com.newsblur.network.APIResponse: 	at okhttp3.RealCall.getResponseWithInterceptorChain(RealCall.java:229)
08-04 14:00:10.214 27753 31907 E baseline.com.newsblur.network.APIResponse: 	at okhttp3.RealCall.execute(RealCall.java:81)
08-04 14:00:10.214 27753 31907 E baseline.com.newsblur.network.APIResponse: 	at baseline.com.newsblur.network.APIResponse.<init>(APIResponse.java:57)
08-04 14:00:10.214 27753 31907 E baseline.com.newsblur.network.APIResponse: 	at baseline.com.newsblur.network.APIResponse.<init>(APIResponse.java:43)
08-04 14:00:10.214 27753 31907 E baseline.com.newsblur.network.APIResponse: 	at baseline.com.newsblur.network.APIManager.post_single(APIManager.java:702)
08-04 14:00:10.214 27753 31907 E baseline.com.newsblur.network.APIResponse: 	at baseline.com.newsblur.network.APIManager.post(APIManager.java:675)
08-04 14:00:10.214 27753 31907 E baseline.com.newsblur.network.APIResponse: 	at baseline.com.newsblur.network.APIManager.post(APIManager.java:714)
08-04 14:00:10.214 27753 31907 E baseline.com.newsblur.network.APIResponse: 	at baseline.com.newsblur.network.APIManager.markStoryAsRead(APIManager.java:205)
08-04 14:00:10.214 27753 31907 E baseline.com.newsblur.network.APIResponse: 	at baseline.com.newsblur.util.ReadingAction.doRemote(ReadingAction.java:281)
08-04 14:00:10.214 27753 31907 E baseline.com.newsblur.network.APIResponse: 	at baseline.com.newsblur.service.NBSyncService.syncActions(NBSyncService.java:400)
08-04 14:00:10.214 27753 31907 E baseline.com.newsblur.network.APIResponse: 	at baseline.com.newsblur.service.NBSyncService.doSync(NBSyncService.java:298)
08-04 14:00:10.214 27753 31907 E baseline.com.newsblur.network.APIResponse: 	at baseline.com.newsblur.service.NBSyncService.access$100(NBSyncService.java:67)
08-04 14:00:10.214 27753 31907 E baseline.com.newsblur.network.APIResponse: 	at baseline.com.newsblur.service.NBSyncService$1.run(NBSyncService.java:188)
08-04 14:00:10.214 27753 31907 E baseline.com.newsblur.network.APIResponse: 	at java.util.concurrent.ThreadPoolExecutor.runWorker(ThreadPoolExecutor.java:1113)
08-04 14:00:10.214 27753 31907 E baseline.com.newsblur.network.APIResponse: 	at java.util.concurrent.ThreadPoolExecutor$Worker.run(ThreadPoolExecutor.java:588)
08-04 14:00:10.214 27753 31907 E baseline.com.newsblur.network.APIResponse: 	at java.lang.Thread.run(Thread.java:818)
08-04 14:00:10.214 27753 31907 E baseline.com.newsblur.network.APIResponse: Caused by: java.io.EOFException: \n not found: limit=0 content=
08-04 14:00:10.214 27753 31907 E baseline.com.newsblur.network.APIResponse: 	at okio.RealBufferedSource.readUtf8LineStrict(RealBufferedSource.java:240)
08-04 14:00:10.214 27753 31907 E baseline.com.newsblur.network.APIResponse: 	at okhttp3.internal.http1.Http1ExchangeCodec.readHeaderLine(Http1ExchangeCodec.java:242)
08-04 14:00:10.214 27753 31907 E baseline.com.newsblur.network.APIResponse: 	at okhttp3.internal.http1.Http1ExchangeCodec.readResponseHeaders(Http1ExchangeCodec.java:213)
08-04 14:00:10.214 27753 31907 E baseline.com.newsblur.network.APIResponse: 	... 30 more
08-04 14:00:10.215 27753 31907 I baseline.com.newsblur.network.APIManager: API call failed, pausing before retry number 2
08-04 14:00:10.385 27753 31956 I art     : Starting a blocking GC Explicit
08-04 14:00:10.438 27753 31956 I art     : Explicit concurrent mark sweep GC freed 3949(357KB) AllocSpace objects, 3(60KB) LOS objects, 27% free, 41MB/57MB, paused 1.244ms total 52.243ms
08-04 14:00:10.449 27753 31956 I art     : Starting a blocking GC Explicit
08-04 14:00:10.500 27753 31956 I art     : Explicit concurrent mark sweep GC freed 109(3KB) AllocSpace objects, 0(0B) LOS objects, 27% free, 41MB/57MB, paused 1.220ms total 50.137ms
08-04 14:00:10.512 27753 31956 I art     : Starting a blocking GC Explicit
08-04 14:00:10.563 27753 31956 I art     : Explicit concurrent mark sweep GC freed 3(96B) AllocSpace objects, 0(0B) LOS objects, 27% free, 41MB/57MB, paused 1.226ms total 50.893ms
08-04 14:00:10.575 27753 31956 I art     : Starting a blocking GC Explicit
08-04 14:00:10.627 27753 31956 I art     : Explicit concurrent mark sweep GC freed 3(96B) AllocSpace objects, 0(0B) LOS objects, 27% free, 41MB/57MB, paused 1.320ms total 51.815ms
08-04 14:00:10.639 27753 31956 I art     : Starting a blocking GC Explicit
08-04 14:00:10.688 27753 31956 I art     : Explicit concurrent mark sweep GC freed 3(96B) AllocSpace objects, 0(0B) LOS objects, 27% free, 41MB/57MB, paused 1.197ms total 49.139ms
08-04 14:00:11.068 27753 27764 I art     : Starting a blocking GC Explicit
08-04 14:00:11.121 27753 27764 I art     : Explicit concurrent mark sweep GC freed 1441(82KB) AllocSpace objects, 1(20KB) LOS objects, 27% free, 41MB/57MB, paused 1.120ms total 52.378ms
08-04 14:00:11.133 27753 27764 I art     : Starting a blocking GC Explicit
08-04 14:00:11.183 27753 27764 I art     : Explicit concurrent mark sweep GC freed 22(784B) AllocSpace objects, 0(0B) LOS objects, 27% free, 41MB/57MB, paused 1.229ms total 49.905ms
08-04 14:00:11.195 27753 27764 I art     : Starting a blocking GC Explicit
08-04 14:00:11.246 27753 27764 I art     : Explicit concurrent mark sweep GC freed 3(96B) AllocSpace objects, 0(0B) LOS objects, 27% free, 41MB/57MB, paused 1.155ms total 50.987ms
08-04 14:00:11.258 27753 27764 I art     : Starting a blocking GC Explicit
08-04 14:00:11.309 27753 27764 I art     : Explicit concurrent mark sweep GC freed 3(96B) AllocSpace objects, 0(0B) LOS objects, 27% free, 41MB/57MB, paused 1.261ms total 51.018ms
08-04 14:00:11.321 27753 27764 I art     : Starting a blocking GC Explicit
08-04 14:00:11.372 27753 27764 I art     : Explicit concurrent mark sweep GC freed 3(96B) AllocSpace objects, 0(0B) LOS objects, 27% free, 41MB/57MB, paused 1.148ms total 50.790ms
08-04 14:00:11.745 27753 29836 I art     : Starting a blocking GC Explicit
08-04 14:00:11.797 27753 29836 I art     : Explicit concurrent mark sweep GC freed 1441(82KB) AllocSpace objects, 1(20KB) LOS objects, 27% free, 41MB/57MB, paused 1.227ms total 51.765ms
08-04 14:00:11.809 27753 29836 I art     : Starting a blocking GC Explicit
08-04 14:00:11.859 27753 29836 I art     : Explicit concurrent mark sweep GC freed 22(784B) AllocSpace objects, 0(0B) LOS objects, 27% free, 41MB/57MB, paused 1.232ms total 50.173ms
08-04 14:00:11.871 27753 29836 I art     : Starting a blocking GC Explicit
08-04 14:00:11.920 27753 29836 I art     : Explicit concurrent mark sweep GC freed 3(96B) AllocSpace objects, 0(0B) LOS objects, 27% free, 41MB/57MB, paused 1.196ms total 48.113ms
08-04 14:00:11.931 27753 29836 I art     : Starting a blocking GC Explicit
08-04 14:00:11.983 27753 29836 I art     : Explicit concurrent mark sweep GC freed 3(96B) AllocSpace objects, 0(0B) LOS objects, 27% free, 41MB/57MB, paused 1.230ms total 51.704ms
08-04 14:00:11.995 27753 29836 I art     : Starting a blocking GC Explicit
08-04 14:00:12.040 27753 29836 I art     : Explicit concurrent mark sweep GC freed 3(96B) AllocSpace objects, 0(0B) LOS objects, 27% free, 41MB/57MB, paused 1.156ms total 44.968ms
08-04 14:00:12.412 27753 30054 I art     : Starting a blocking GC Explicit
08-04 14:00:12.465 27753 30054 I art     : Explicit concurrent mark sweep GC freed 1442(82KB) AllocSpace objects, 1(20KB) LOS objects, 27% free, 41MB/57MB, paused 1.213ms total 53.205ms
08-04 14:00:12.482 27753 30054 I art     : Starting a blocking GC Explicit
08-04 14:00:12.529 27753 30054 I art     : Explicit concurrent mark sweep GC freed 22(784B) AllocSpace objects, 0(0B) LOS objects, 27% free, 41MB/57MB, paused 1.485ms total 47.147ms
08-04 14:00:12.530 27753 27763 I art     : WaitForGcToComplete blocked for 18.908ms for cause HeapTrim
08-04 14:00:12.541 27753 30054 I art     : Starting a blocking GC Explicit
08-04 14:00:12.590 27753 30054 I art     : Explicit concurrent mark sweep GC freed 3(96B) AllocSpace objects, 0(0B) LOS objects, 27% free, 41MB/57MB, paused 1.188ms total 49.077ms
08-04 14:00:12.602 27753 30054 I art     : Starting a blocking GC Explicit
08-04 14:00:12.650 27753 30054 I art     : Explicit concurrent mark sweep GC freed 3(96B) AllocSpace objects, 0(0B) LOS objects, 27% free, 41MB/57MB, paused 1.133ms total 48.311ms
08-04 14:00:12.662 27753 30054 I art     : Starting a blocking GC Explicit
08-04 14:00:12.711 27753 30054 I art     : Explicit concurrent mark sweep GC freed 3(96B) AllocSpace objects, 0(0B) LOS objects, 27% free, 41MB/57MB, paused 1.106ms total 49.274ms
08-04 14:00:13.086 27753 27765 I art     : Starting a blocking GC Explicit
08-04 14:00:13.138 27753 27765 I art     : Explicit concurrent mark sweep GC freed 1441(82KB) AllocSpace objects, 1(20KB) LOS objects, 27% free, 41MB/57MB, paused 1.291ms total 51.633ms
08-04 14:00:13.150 27753 27765 I art     : Starting a blocking GC Explicit
08-04 14:00:13.201 27753 27765 I art     : Explicit concurrent mark sweep GC freed 22(784B) AllocSpace objects, 0(0B) LOS objects, 27% free, 41MB/57MB, paused 1.107ms total 50.100ms
08-04 14:00:13.212 27753 27765 I art     : Starting a blocking GC Explicit
08-04 14:00:13.264 27753 27765 I art     : Explicit concurrent mark sweep GC freed 168(8KB) AllocSpace objects, 0(0B) LOS objects, 27% free, 41MB/57MB, paused 1.263ms total 51.231ms
08-04 14:00:13.276 27753 27765 I art     : Starting a blocking GC Explicit
08-04 14:00:13.327 27753 27765 I art     : Explicit concurrent mark sweep GC freed 9(352B) AllocSpace objects, 0(0B) LOS objects, 27% free, 41MB/57MB, paused 1.295ms total 51.148ms
08-04 14:00:13.339 27753 27765 I art     : Starting a blocking GC Explicit
08-04 14:00:13.390 27753 27765 I art     : Explicit concurrent mark sweep GC freed 3(96B) AllocSpace objects, 0(0B) LOS objects, 27% free, 41MB/57MB, paused 1.278ms total 50.603ms
08-04 14:00:13.692 27753 31907 E baseline.com.newsblur.network.APIResponse: Error (unexpected end of stream on https://www.newsblur.com/...) calling https://www.newsblur.com/reader/mark_story_hashes_as_read/
08-04 14:00:13.692 27753 31907 E baseline.com.newsblur.network.APIResponse: java.io.IOException: unexpected end of stream on https://www.newsblur.com/...
08-04 14:00:13.692 27753 31907 E baseline.com.newsblur.network.APIResponse: 	at okhttp3.internal.http1.Http1ExchangeCodec.readResponseHeaders(Http1ExchangeCodec.java:236)
08-04 14:00:13.692 27753 31907 E baseline.com.newsblur.network.APIResponse: 	at okhttp3.internal.connection.Exchange.readResponseHeaders(Exchange.java:115)
08-04 14:00:13.692 27753 31907 E baseline.com.newsblur.network.APIResponse: 	at okhttp3.internal.http.CallServerInterceptor.intercept(CallServerInterceptor.java:94)
08-04 14:00:13.692 27753 31907 E baseline.com.newsblur.network.APIResponse: 	at okhttp3.internal.http.RealInterceptorChain.proceed(RealInterceptorChain.java:142)
08-04 14:00:13.692 27753 31907 E baseline.com.newsblur.network.APIResponse: 	at okhttp3.internal.connection.ConnectInterceptor.intercept(ConnectInterceptor.java:43)
08-04 14:00:13.692 27753 31907 E baseline.com.newsblur.network.APIResponse: 	at okhttp3.internal.http.RealInterceptorChain.proceed(RealInterceptorChain.java:142)
08-04 14:00:13.692 27753 31907 E baseline.com.newsblur.network.APIResponse: 	at okhttp3.internal.http.RealInterceptorChain.proceed(RealInterceptorChain.java:117)
08-04 14:00:13.692 27753 31907 E baseline.com.newsblur.network.APIResponse: 	at okhttp3.internal.cache.CacheInterceptor.intercept(CacheInterceptor.java:94)
08-04 14:00:13.692 27753 31907 E baseline.com.newsblur.network.APIResponse: 	at okhttp3.internal.http.RealInterceptorChain.proceed(RealInterceptorChain.java:142)
08-04 14:00:13.692 27753 31907 E baseline.com.newsblur.network.APIResponse: 	at okhttp3.internal.http.RealInterceptorChain.proceed(RealInterceptorChain.java:117)
08-04 14:00:13.692 27753 31907 E baseline.com.newsblur.network.APIResponse: 	at okhttp3.internal.http.BridgeInterceptor.intercept(BridgeInterceptor.java:93)
08-04 14:00:13.692 27753 31907 E baseline.com.newsblur.network.APIResponse: 	at okhttp3.internal.http.RealInterceptorChain.proceed(RealInterceptorChain.java:142)
08-04 14:00:13.692 27753 31907 E baseline.com.newsblur.network.APIResponse: 	at okhttp3.internal.http.RetryAndFollowUpInterceptor.intercept(RetryAndFollowUpInterceptor.java:88)
08-04 14:00:13.692 27753 31907 E baseline.com.newsblur.network.APIResponse: 	at okhttp3.internal.http.RealInterceptorChain.proceed(RealInterceptorChain.java:142)
08-04 14:00:13.692 27753 31907 E baseline.com.newsblur.network.APIResponse: 	at okhttp3.internal.http.RealInterceptorChain.proceed(RealInterceptorChain.java:117)
08-04 14:00:13.692 27753 31907 E baseline.com.newsblur.network.APIResponse: 	at okhttp3.RealCall.getResponseWithInterceptorChain(RealCall.java:229)
08-04 14:00:13.692 27753 31907 E baseline.com.newsblur.network.APIResponse: 	at okhttp3.RealCall.execute(RealCall.java:81)
08-04 14:00:13.692 27753 31907 E baseline.com.newsblur.network.APIResponse: 	at baseline.com.newsblur.network.APIResponse.<init>(APIResponse.java:57)
08-04 14:00:13.692 27753 31907 E baseline.com.newsblur.network.APIResponse: 	at baseline.com.newsblur.network.APIResponse.<init>(APIResponse.java:43)
08-04 14:00:13.692 27753 31907 E baseline.com.newsblur.network.APIResponse: 	at baseline.com.newsblur.network.APIManager.post_single(APIManager.java:702)
08-04 14:00:13.692 27753 31907 E baseline.com.newsblur.network.APIResponse: 	at baseline.com.newsblur.network.APIManager.post(APIManager.java:675)
08-04 14:00:13.692 27753 31907 E baseline.com.newsblur.network.APIResponse: 	at baseline.com.newsblur.network.APIManager.post(APIManager.java:714)
08-04 14:00:13.692 27753 31907 E baseline.com.newsblur.network.APIResponse: 	at baseline.com.newsblur.network.APIManager.markStoryAsRead(APIManager.java:205)
08-04 14:00:13.692 27753 31907 E baseline.com.newsblur.network.APIResponse: 	at baseline.com.newsblur.util.ReadingAction.doRemote(ReadingAction.java:281)
08-04 14:00:13.692 27753 31907 E baseline.com.newsblur.network.APIResponse: 	at baseline.com.newsblur.service.NBSyncService.syncActions(NBSyncService.java:400)
08-04 14:00:13.692 27753 31907 E baseline.com.newsblur.network.APIResponse: 	at baseline.com.newsblur.service.NBSyncService.doSync(NBSyncService.java:298)
08-04 14:00:13.692 27753 31907 E baseline.com.newsblur.network.APIResponse: 	at baseline.com.newsblur.service.NBSyncService.access$100(NBSyncService.java:67)
08-04 14:00:13.692 27753 31907 E baseline.com.newsblur.network.APIResponse: 	at baseline.com.newsblur.service.NBSyncService$1.run(NBSyncService.java:188)
08-04 14:00:13.692 27753 31907 E baseline.com.newsblur.network.APIResponse: 	at java.util.concurrent.ThreadPoolExecutor.runWorker(ThreadPoolExecutor.java:1113)
08-04 14:00:13.692 27753 31907 E baseline.com.newsblur.network.APIResponse: 	at java.util.concurrent.ThreadPoolExecutor$Worker.run(ThreadPoolExecutor.java:588)
08-04 14:00:13.692 27753 31907 E baseline.com.newsblur.network.APIResponse: 	at java.lang.Thread.run(Thread.java:818)
08-04 14:00:13.692 27753 31907 E baseline.com.newsblur.network.APIResponse: Caused by: java.io.EOFException: \n not found: limit=0 content=
08-04 14:00:13.692 27753 31907 E baseline.com.newsblur.network.APIResponse: 	at okio.RealBufferedSource.readUtf8LineStrict(RealBufferedSource.java:240)
08-04 14:00:13.692 27753 31907 E baseline.com.newsblur.network.APIResponse: 	at okhttp3.internal.http1.Http1ExchangeCodec.readHeaderLine(Http1ExchangeCodec.java:242)
08-04 14:00:13.692 27753 31907 E baseline.com.newsblur.network.APIResponse: 	at okhttp3.internal.http1.Http1ExchangeCodec.readResponseHeaders(Http1ExchangeCodec.java:213)
08-04 14:00:13.692 27753 31907 E baseline.com.newsblur.network.APIResponse: 	... 30 more
08-04 14:00:13.694 27753 31907 I baseline.com.newsblur.service.NBSyncService: Holding reading action with server-side or network error.
08-04 14:00:13.702 27753 31907 W baseline.com.newsblur.service.NBSyncService: hard API failure
08-04 14:00:13.736 27753 31956 I art     : Starting a blocking GC Explicit
08-04 14:00:13.787 27753 31956 I art     : Explicit concurrent mark sweep GC freed 4347(406KB) AllocSpace objects, 5(100KB) LOS objects, 27% free, 41MB/57MB, paused 1.269ms total 50.940ms
08-04 14:00:13.799 27753 31956 I art     : Starting a blocking GC Explicit
08-04 14:00:13.848 27753 31956 I art     : Explicit concurrent mark sweep GC freed 129(4KB) AllocSpace objects, 0(0B) LOS objects, 27% free, 41MB/57MB, paused 1.293ms total 48.320ms
08-04 14:00:13.859 27753 31956 I art     : Starting a blocking GC Explicit
08-04 14:00:13.908 27753 31956 I art     : Explicit concurrent mark sweep GC freed 3(96B) AllocSpace objects, 0(0B) LOS objects, 27% free, 41MB/57MB, paused 1.281ms total 48.622ms
08-04 14:00:13.920 27753 31956 I art     : Starting a blocking GC Explicit
08-04 14:00:13.968 27753 31956 I art     : Explicit concurrent mark sweep GC freed 3(96B) AllocSpace objects, 0(0B) LOS objects, 27% free, 41MB/57MB, paused 1.295ms total 48.320ms
08-04 14:00:13.980 27753 31956 I art     : Starting a blocking GC Explicit
08-04 14:00:13.987 32090 32090 D AndroidRuntime: >>>>>> START com.android.internal.os.RuntimeInit uid 2000 <<<<<<
08-04 14:00:13.992 32090 32090 D AndroidRuntime: CheckJNI is OFF
08-04 14:00:14.025 32090 32090 D ICU     : No timezone override file found: /data/misc/zoneinfo/current/icu/icu_tzdata.dat
08-04 14:00:14.031 27753 31956 I art     : Explicit concurrent mark sweep GC freed 3(96B) AllocSpace objects, 0(0B) LOS objects, 27% free, 41MB/57MB, paused 1.338ms total 51.613ms
08-04 14:00:14.061 32090 32090 I Radio-JNI: register_android_hardware_Radio DONE
08-04 14:00:14.082 32090 32090 D AndroidRuntime: Calling main entry com.android.commands.input.Input
08-04 14:00:14.084 32090 32090 I Input   : injectMotionEvent: MotionEvent { action=ACTION_DOWN, actionButton=0, id[0]=0, x[0]=436.0, y[0]=453.0, toolType[0]=TOOL_TYPE_UNKNOWN, buttonState=0, metaState=0, flags=0x0, edgeFlags=0x0, pointerCount=1, historySize=0, eventTime=712830497, downTime=712830497, deviceId=0, source=0x1002 }
08-04 14:00:14.090 32090 32090 I Input   : injectMotionEvent: MotionEvent { action=ACTION_UP, actionButton=0, id[0]=0, x[0]=436.0, y[0]=453.0, toolType[0]=TOOL_TYPE_UNKNOWN, buttonState=0, metaState=0, flags=0x0, edgeFlags=0x0, pointerCount=1, historySize=0, eventTime=712830497, downTime=712830497, deviceId=0, source=0x1002 }
08-04 14:00:14.092 32090 32090 D AndroidRuntime: Shutting down VM
08-04 14:00:14.100   918  6029 I ActivityManager: START u0 {cmp=baseline.com.newsblur/.activity.AllSharedStoriesReading (has extras)} from uid 10652 on display 0
08-04 14:00:14.101   512  2967 D audio_hw_primary: out_set_parameters: enter: usecase(1: low-latency-playback) kvpairs: routing=2
08-04 14:00:14.114   512  2967 D audio_hw_primary: select_devices: out_snd_device(2: speaker) in_snd_device(0: none)
08-04 14:00:14.114   512  2967 D msm8974_platform: platform_send_audio_calibration: sending audio calibration for snd_device(2) acdb_id(15)
08-04 14:00:14.114   512  2967 I soundtrigger: audio_extn_sound_trigger_update_device_status: device 0x2 of type 0 for Event 1
08-04 14:00:14.122 27753 31907 E baseline.com.newsblur.network.APIResponse: Error (unexpected end of stream on https://www.newsblur.com/...) calling https://www.newsblur.com/reader/mark_story_hashes_as_read/
08-04 14:00:14.122 27753 31907 E baseline.com.newsblur.network.APIResponse: java.io.IOException: unexpected end of stream on https://www.newsblur.com/...
08-04 14:00:14.122 27753 31907 E baseline.com.newsblur.network.APIResponse: 	at okhttp3.internal.http1.Http1ExchangeCodec.readResponseHeaders(Http1ExchangeCodec.java:236)
08-04 14:00:14.122 27753 31907 E baseline.com.newsblur.network.APIResponse: 	at okhttp3.internal.connection.Exchange.readResponseHeaders(Exchange.java:115)
08-04 14:00:14.122 27753 31907 E baseline.com.newsblur.network.APIResponse: 	at okhttp3.internal.http.CallServerInterceptor.intercept(CallServerInterceptor.java:94)
08-04 14:00:14.122 27753 31907 E baseline.com.newsblur.network.APIResponse: 	at okhttp3.internal.http.RealInterceptorChain.proceed(RealInterceptorChain.java:142)
08-04 14:00:14.122 27753 31907 E baseline.com.newsblur.network.APIResponse: 	at okhttp3.internal.connection.ConnectInterceptor.intercept(ConnectInterceptor.java:43)
08-04 14:00:14.122 27753 31907 E baseline.com.newsblur.network.APIResponse: 	at okhttp3.internal.http.RealInterceptorChain.proceed(RealInterceptorChain.java:142)
08-04 14:00:14.122 27753 31907 E baseline.com.newsblur.network.APIResponse: 	at okhttp3.internal.http.RealInterceptorChain.proceed(RealInterceptorChain.java:117)
08-04 14:00:14.122 27753 31907 E baseline.com.newsblur.network.APIResponse: 	at okhttp3.internal.cache.CacheInterceptor.intercept(CacheInterceptor.java:94)
08-04 14:00:14.122 27753 31907 E baseline.com.newsblur.network.APIResponse: 	at okhttp3.internal.http.RealInterceptorChain.proceed(RealInterceptorChain.java:142)
08-04 14:00:14.122 27753 31907 E baseline.com.newsblur.network.APIResponse: 	at okhttp3.internal.http.RealInterceptorChain.proceed(RealInterceptorChain.java:117)
08-04 14:00:14.122 27753 31907 E baseline.com.newsblur.network.APIResponse: 	at okhttp3.internal.http.BridgeInterceptor.intercept(BridgeInterceptor.java:93)
08-04 14:00:14.122 27753 31907 E baseline.com.newsblur.network.APIResponse: 	at okhttp3.internal.http.RealInterceptorChain.proceed(RealInterceptorChain.java:142)
08-04 14:00:14.122 27753 31907 E baseline.com.newsblur.network.APIResponse: 	at okhttp3.internal.http.RetryAndFollowUpInterceptor.intercept(RetryAndFollowUpInterceptor.java:88)
08-04 14:00:14.122 27753 31907 E baseline.com.newsblur.network.APIResponse: 	at okhttp3.internal.http.RealInterceptorChain.proceed(RealInterceptorChain.java:142)
08-04 14:00:14.122 27753 31907 E baseline.com.newsblur.network.APIResponse: 	at okhttp3.internal.http.RealInterceptorChain.proceed(RealInterceptorChain.java:117)
08-04 14:00:14.122 27753 31907 E baseline.com.newsblur.network.APIResponse: 	at okhttp3.RealCall.getResponseWithInterceptorChain(RealCall.java:229)
08-04 14:00:14.122 27753 31907 E baseline.com.newsblur.network.APIResponse: 	at okhttp3.RealCall.execute(RealCall.java:81)
08-04 14:00:14.122 27753 31907 E baseline.com.newsblur.network.APIResponse: 	at baseline.com.newsblur.network.APIResponse.<init>(APIResponse.java:57)
08-04 14:00:14.122 27753 31907 E baseline.com.newsblur.network.APIResponse: 	at baseline.com.newsblur.network.APIResponse.<init>(APIResponse.java:43)
08-04 14:00:14.122 27753 31907 E baseline.com.newsblur.network.APIResponse: 	at baseline.com.newsblur.network.APIManager.post_single(APIManager.java:702)
08-04 14:00:14.122 27753 31907 E baseline.com.newsblur.network.APIResponse: 	at baseline.com.newsblur.network.APIManager.post(APIManager.java:675)
08-04 14:00:14.122 27753 31907 E baseline.com.newsblur.network.APIResponse: 	at baseline.com.newsblur.network.APIManager.post(APIManager.java:714)
08-04 14:00:14.122 27753 31907 E baseline.com.newsblur.network.APIResponse: 	at baseline.com.newsblur.network.APIManager.markStoryAsRead(APIManager.java:205)
08-04 14:00:14.122 27753 31907 E baseline.com.newsblur.network.APIResponse: 	at baseline.com.newsblur.util.ReadingAction.doRemote(ReadingAction.java:281)
08-04 14:00:14.122 27753 31907 E baseline.com.newsblur.network.APIResponse: 	at baseline.com.newsblur.service.NBSyncService.syncActions(NBSyncService.java:400)
08-04 14:00:14.122 27753 31907 E baseline.com.newsblur.network.APIResponse: 	at baseline.com.newsblur.service.NBSyncService.doSync(NBSyncService.java:298)
08-04 14:00:14.122 27753 31907 E baseline.com.newsblur.network.APIResponse: 	at baseline.com.newsblur.service.NBSyncService.access$100(NBSyncService.java:67)
08-04 14:00:14.122 27753 31907 E baseline.com.newsblur.network.APIResponse: 	at baseline.com.newsblur.service.NBSyncService$1.run(NBSyncService.java:188)
08-04 14:00:14.122 27753 31907 E baseline.com.newsblur.network.APIResponse: 	at java.util.concurrent.ThreadPoolExecutor.runWorker(ThreadPoolExecutor.java:1113)
08-04 14:00:14.122 27753 31907 E baseline.com.newsblur.network.APIResponse: 	at java.util.concurrent.ThreadPoolExecutor$Worker.run(ThreadPoolExecutor.java:588)
08-04 14:00:14.122 27753 31907 E baseline.com.newsblur.network.APIResponse: 	at java.lang.Thread.run(Thread.java:818)
08-04 14:00:14.122 27753 31907 E baseline.com.newsblur.network.APIResponse: Caused by: java.io.EOFException: \n not found: limit=0 content=
08-04 14:00:14.122 27753 31907 E baseline.com.newsblur.network.APIResponse: 	at okio.RealBufferedSource.readUtf8LineStrict(RealBufferedSource.java:240)
08-04 14:00:14.122 27753 31907 E baseline.com.newsblur.network.APIResponse: 	at okhttp3.internal.http1.Http1ExchangeCodec.readHeaderLine(Http1ExchangeCodec.java:242)
08-04 14:00:14.122 27753 31907 E baseline.com.newsblur.network.APIResponse: 	at okhttp3.internal.http1.Http1ExchangeCodec.readResponseHeaders(Http1ExchangeCodec.java:213)
08-04 14:00:14.122 27753 31907 E baseline.com.newsblur.network.APIResponse: 	... 30 more
08-04 14:00:14.124 27753 31907 I baseline.com.newsblur.network.APIManager: API call failed, pausing before retry number 1
08-04 14:00:14.126   512  2967 D audio_hw_primary: enable_snd_device: snd_device(2: speaker)
08-04 14:00:14.128   512  2967 D audio_hw_primary: enable_audio_route: apply and update mixer path: low-latency-playback speaker
08-04 14:00:14.320   918   936 I ActivityManager: Displayed baseline.com.newsblur/.activity.AllSharedStoriesReading: +209ms
08-04 14:00:14.320 13866 13866 I GoogleInputMethodServic: GoogleInputMethodService.onFinishInput():3138 
08-04 14:00:14.321 13866 13866 I GoogleInputMethodServic: GoogleInputMethodService.onStartInput():1808 
08-04 14:00:14.331 27753 27764 I art     : Starting a blocking GC Explicit
08-04 14:00:14.384 27753 27764 I art     : Explicit concurrent mark sweep GC freed 6959(631KB) AllocSpace objects, 10(628KB) LOS objects, 27% free, 42MB/58MB, paused 1.435ms total 52.727ms
08-04 14:00:14.396 27753 27764 I art     : Starting a blocking GC Explicit
08-04 14:00:14.457 27753 27764 I art     : Explicit concurrent mark sweep GC freed 1872(133KB) AllocSpace objects, 11(264KB) LOS objects, 27% free, 42MB/58MB, paused 1.577ms total 60.265ms
08-04 14:00:14.470 27753 27764 I art     : Starting a blocking GC Explicit
08-04 14:00:14.520 27753 27764 I art     : Explicit concurrent mark sweep GC freed 1005(80KB) AllocSpace objects, 1(28KB) LOS objects, 27% free, 42MB/58MB, paused 1.107ms total 50.159ms
08-04 14:00:14.531 27753 27764 I art     : Starting a blocking GC Explicit
08-04 14:00:14.563 27753 30399 E chromium: [ERROR:tile_manager.cc(793)] WARNING: tile memory limits exceeded, some content may not draw
08-04 14:00:14.564 27753 30399 E chromium: [ERROR:tile_manager.cc(793)] WARNING: tile memory limits exceeded, some content may not draw
08-04 14:00:14.579 27753 27764 I art     : Explicit concurrent mark sweep GC freed 51(2256B) AllocSpace objects, 0(0B) LOS objects, 27% free, 42MB/58MB, paused 1.222ms total 48.214ms
08-04 14:00:14.592 27753 27764 I art     : Starting a blocking GC Explicit
08-04 14:00:14.635 27753 27764 I art     : Explicit concurrent mark sweep GC freed 10(400B) AllocSpace objects, 0(0B) LOS objects, 27% free, 42MB/58MB, paused 993us total 43.203ms
08-04 14:00:14.658   512  2967 D audio_hw_primary: disable_audio_route: reset and update mixer path: low-latency-playback speaker
08-04 14:00:14.660   512  2967 D audio_hw_primary: disable_snd_device: snd_device(2: speaker)
08-04 14:00:14.668   512  2967 I soundtrigger: audio_extn_sound_trigger_update_device_status: device 0x2 of type 0 for Event 0
08-04 14:00:14.975 27753 29836 I art     : Starting a blocking GC Explicit
08-04 14:00:14.992 26337 26337 I ServiceManager: Waiting for service AtCmdFwd...
08-04 14:00:15.031 27753 29836 I art     : Explicit concurrent mark sweep GC freed 1587(100KB) AllocSpace objects, 2(40KB) LOS objects, 27% free, 42MB/58MB, paused 1.267ms total 56.320ms
08-04 14:00:15.044 27753 29836 I art     : Starting a blocking GC Explicit
08-04 14:00:15.097 27753 29836 I art     : Explicit concurrent mark sweep GC freed 29(1072B) AllocSpace objects, 0(0B) LOS objects, 27% free, 42MB/58MB, paused 1.153ms total 52.758ms
08-04 14:00:15.109 27753 29836 I art     : Starting a blocking GC Explicit
08-04 14:00:15.162 27753 29836 I art     : Explicit concurrent mark sweep GC freed 3(96B) AllocSpace objects, 0(0B) LOS objects, 27% free, 42MB/58MB, paused 1.189ms total 52.062ms
08-04 14:00:15.174 27753 29836 I art     : Starting a blocking GC Explicit
08-04 14:00:15.228 27753 29836 I art     : Explicit concurrent mark sweep GC freed 3(96B) AllocSpace objects, 0(0B) LOS objects, 27% free, 42MB/58MB, paused 1.290ms total 53.757ms
08-04 14:00:15.240 27753 29836 I art     : Starting a blocking GC Explicit
08-04 14:00:15.292 27753 29836 I art     : Explicit concurrent mark sweep GC freed 3(96B) AllocSpace objects, 0(0B) LOS objects, 27% free, 42MB/58MB, paused 1.241ms total 51.436ms
08-04 14:00:15.650 27753 27765 I art     : Starting a blocking GC Explicit
08-04 14:00:15.707 27753 27765 I art     : Explicit concurrent mark sweep GC freed 1576(88KB) AllocSpace objects, 1(20KB) LOS objects, 27% free, 42MB/58MB, paused 1.101ms total 55.944ms
08-04 14:00:15.720 27753 27765 I art     : Starting a blocking GC Explicit
08-04 14:00:15.780 27753 27765 I art     : Explicit concurrent mark sweep GC freed 105(6KB) AllocSpace objects, 0(0B) LOS objects, 27% free, 42MB/58MB, paused 1.513ms total 60.049ms
08-04 14:00:15.795 27753 27765 I art     : Starting a blocking GC Explicit
08-04 14:00:15.849 27753 27765 I art     : Explicit concurrent mark sweep GC freed 19(608B) AllocSpace objects, 0(0B) LOS objects, 27% free, 42MB/58MB, paused 1.404ms total 53.585ms
08-04 14:00:15.861 27753 27765 I art     : Starting a blocking GC Explicit
08-04 14:00:15.915 27753 27765 I art     : Explicit concurrent mark sweep GC freed 4(128B) AllocSpace objects, 0(0B) LOS objects, 27% free, 42MB/58MB, paused 1.146ms total 53.210ms
08-04 14:00:15.926 27753 27765 I art     : Starting a blocking GC Explicit
08-04 14:00:15.979 27753 27765 I art     : Explicit concurrent mark sweep GC freed 3(96B) AllocSpace objects, 0(0B) LOS objects, 27% free, 42MB/58MB, paused 1.371ms total 51.880ms
08-04 14:00:15.993 26337 26337 I ServiceManager: Waiting for service AtCmdFwd...
08-04 14:00:16.088   518   646 I ThermalEngine: ACTION: GPU - Setting GPU[0] to 450000000
08-04 14:00:16.174 27753 31907 E baseline.com.newsblur.network.APIResponse: Error (unexpected end of stream on https://www.newsblur.com/...) calling https://www.newsblur.com/reader/mark_story_hashes_as_read/
08-04 14:00:16.174 27753 31907 E baseline.com.newsblur.network.APIResponse: java.io.IOException: unexpected end of stream on https://www.newsblur.com/...
08-04 14:00:16.174 27753 31907 E baseline.com.newsblur.network.APIResponse: 	at okhttp3.internal.http1.Http1ExchangeCodec.readResponseHeaders(Http1ExchangeCodec.java:236)
08-04 14:00:16.174 27753 31907 E baseline.com.newsblur.network.APIResponse: 	at okhttp3.internal.connection.Exchange.readResponseHeaders(Exchange.java:115)
08-04 14:00:16.174 27753 31907 E baseline.com.newsblur.network.APIResponse: 	at okhttp3.internal.http.CallServerInterceptor.intercept(CallServerInterceptor.java:94)
08-04 14:00:16.174 27753 31907 E baseline.com.newsblur.network.APIResponse: 	at okhttp3.internal.http.RealInterceptorChain.proceed(RealInterceptorChain.java:142)
08-04 14:00:16.174 27753 31907 E baseline.com.newsblur.network.APIResponse: 	at okhttp3.internal.connection.ConnectInterceptor.intercept(ConnectInterceptor.java:43)
08-04 14:00:16.174 27753 31907 E baseline.com.newsblur.network.APIResponse: 	at okhttp3.internal.http.RealInterceptorChain.proceed(RealInterceptorChain.java:142)
08-04 14:00:16.174 27753 31907 E baseline.com.newsblur.network.APIResponse: 	at okhttp3.internal.http.RealInterceptorChain.proceed(RealInterceptorChain.java:117)
08-04 14:00:16.174 27753 31907 E baseline.com.newsblur.network.APIResponse: 	at okhttp3.internal.cache.CacheInterceptor.intercept(CacheInterceptor.java:94)
08-04 14:00:16.174 27753 31907 E baseline.com.newsblur.network.APIResponse: 	at okhttp3.internal.http.RealInterceptorChain.proceed(RealInterceptorChain.java:142)
08-04 14:00:16.174 27753 31907 E baseline.com.newsblur.network.APIResponse: 	at okhttp3.internal.http.RealInterceptorChain.proceed(RealInterceptorChain.java:117)
08-04 14:00:16.174 27753 31907 E baseline.com.newsblur.network.APIResponse: 	at okhttp3.internal.http.BridgeInterceptor.intercept(BridgeInterceptor.java:93)
08-04 14:00:16.174 27753 31907 E baseline.com.newsblur.network.APIResponse: 	at okhttp3.internal.http.RealInterceptorChain.proceed(RealInterceptorChain.java:142)
08-04 14:00:16.174 27753 31907 E baseline.com.newsblur.network.APIResponse: 	at okhttp3.internal.http.RetryAndFollowUpInterceptor.intercept(RetryAndFollowUpInterceptor.java:88)
08-04 14:00:16.174 27753 31907 E baseline.com.newsblur.network.APIResponse: 	at okhttp3.internal.http.RealInterceptorChain.proceed(RealInterceptorChain.java:142)
08-04 14:00:16.174 27753 31907 E baseline.com.newsblur.network.APIResponse: 	at okhttp3.internal.http.RealInterceptorChain.proceed(RealInterceptorChain.java:117)
08-04 14:00:16.174 27753 31907 E baseline.com.newsblur.network.APIResponse: 	at okhttp3.RealCall.getResponseWithInterceptorChain(RealCall.java:229)
08-04 14:00:16.174 27753 31907 E baseline.com.newsblur.network.APIResponse: 	at okhttp3.RealCall.execute(RealCall.java:81)
08-04 14:00:16.174 27753 31907 E baseline.com.newsblur.network.APIResponse: 	at baseline.com.newsblur.network.APIResponse.<init>(APIResponse.java:57)
08-04 14:00:16.174 27753 31907 E baseline.com.newsblur.network.APIResponse: 	at baseline.com.newsblur.network.APIResponse.<init>(APIResponse.java:43)
08-04 14:00:16.174 27753 31907 E baseline.com.newsblur.network.APIResponse: 	at baseline.com.newsblur.network.APIManager.post_single(APIManager.java:702)
08-04 14:00:16.174 27753 31907 E baseline.com.newsblur.network.APIResponse: 	at baseline.com.newsblur.network.APIManager.post(APIManager.java:675)
08-04 14:00:16.174 27753 31907 E baseline.com.newsblur.network.APIResponse: 	at baseline.com.newsblur.network.APIManager.post(APIManager.java:714)
08-04 14:00:16.174 27753 31907 E baseline.com.newsblur.network.APIResponse: 	at baseline.com.newsblur.network.APIManager.markStoryAsRead(APIManager.java:205)
08-04 14:00:16.174 27753 31907 E baseline.com.newsblur.network.APIResponse: 	at baseline.com.newsblur.util.ReadingAction.doRemote(ReadingAction.java:281)
08-04 14:00:16.174 27753 31907 E baseline.com.newsblur.network.APIResponse: 	at baseline.com.newsblur.service.NBSyncService.syncActions(NBSyncService.java:400)
08-04 14:00:16.174 27753 31907 E baseline.com.newsblur.network.APIResponse: 	at baseline.com.newsblur.service.NBSyncService.doSync(NBSyncService.java:298)
08-04 14:00:16.174 27753 31907 E baseline.com.newsblur.network.APIResponse: 	at baseline.com.newsblur.service.NBSyncService.access$100(NBSyncService.java:67)
08-04 14:00:16.174 27753 31907 E baseline.com.newsblur.network.APIResponse: 	at baseline.com.newsblur.service.NBSyncService$1.run(NBSyncService.java:188)
08-04 14:00:16.174 27753 31907 E baseline.com.newsblur.network.APIResponse: 	at java.util.concurrent.ThreadPoolExecutor.runWorker(ThreadPoolExecutor.java:1113)
08-04 14:00:16.174 27753 31907 E baseline.com.newsblur.network.APIResponse: 	at java.util.concurrent.ThreadPoolExecutor$Worker.run(ThreadPoolExecutor.java:588)
08-04 14:00:16.174 27753 31907 E baseline.com.newsblur.network.APIResponse: 	at java.lang.Thread.run(Thread.java:818)
08-04 14:00:16.174 27753 31907 E baseline.com.newsblur.network.APIResponse: Caused by: java.io.EOFException: \n not found: limit=0 content=
08-04 14:00:16.174 27753 31907 E baseline.com.newsblur.network.APIResponse: 	at okio.RealBufferedSource.readUtf8LineStrict(RealBufferedSource.java:240)
08-04 14:00:16.174 27753 31907 E baseline.com.newsblur.network.APIResponse: 	at okhttp3.internal.http1.Http1ExchangeCodec.readHeaderLine(Http1ExchangeCodec.java:242)
08-04 14:00:16.174 27753 31907 E baseline.com.newsblur.network.APIResponse: 	at okhttp3.internal.http1.Http1ExchangeCodec.readResponseHeaders(Http1ExchangeCodec.java:213)
08-04 14:00:16.174 27753 31907 E baseline.com.newsblur.network.APIResponse: 	... 30 more
08-04 14:00:16.175 27753 31907 I baseline.com.newsblur.network.APIManager: API call failed, pausing before retry number 2
08-04 14:00:16.381 27753 31956 I art     : Starting a blocking GC Explicit
08-04 14:00:16.455 27753 31956 I art     : Explicit concurrent mark sweep GC freed 3954(357KB) AllocSpace objects, 3(60KB) LOS objects, 27% free, 42MB/58MB, paused 1.652ms total 73.333ms
08-04 14:00:16.471 27753 31956 I art     : Starting a blocking GC Explicit
08-04 14:00:16.544 27753 31956 I art     : Explicit concurrent mark sweep GC freed 109(3KB) AllocSpace objects, 0(0B) LOS objects, 27% free, 42MB/58MB, paused 1.666ms total 72.768ms
08-04 14:00:16.560 27753 31956 I art     : Starting a blocking GC Explicit
08-04 14:00:16.634 27753 31956 I art     : Explicit concurrent mark sweep GC freed 3(96B) AllocSpace objects, 0(0B) LOS objects, 27% free, 42MB/58MB, paused 1.653ms total 73.538ms
08-04 14:00:16.650 27753 31956 I art     : Starting a blocking GC Explicit
08-04 14:00:16.723 27753 31956 I art     : Explicit concurrent mark sweep GC freed 3(96B) AllocSpace objects, 0(0B) LOS objects, 27% free, 42MB/58MB, paused 1.644ms total 72.286ms
08-04 14:00:16.739 27753 31956 I art     : Starting a blocking GC Explicit
08-04 14:00:16.812 27753 31956 I art     : Explicit concurrent mark sweep GC freed 3(96B) AllocSpace objects, 0(0B) LOS objects, 27% free, 42MB/58MB, paused 1.670ms total 72.888ms
08-04 14:00:16.993 26337 26337 I ServiceManager: Waiting for service AtCmdFwd...
08-04 14:00:17.249 27753 27764 I art     : Starting a blocking GC Explicit
08-04 14:00:17.322 27753 27764 I art     : Explicit concurrent mark sweep GC freed 1447(83KB) AllocSpace objects, 1(20KB) LOS objects, 27% free, 42MB/58MB, paused 1.679ms total 72.548ms
08-04 14:00:17.339 27753 27764 I art     : Starting a blocking GC Explicit
08-04 14:00:17.409 27753 27764 I art     : Explicit concurrent mark sweep GC freed 22(800B) AllocSpace objects, 0(0B) LOS objects, 27% free, 42MB/58MB, paused 1.654ms total 69.773ms
08-04 14:00:17.425 27753 27764 I art     : Starting a blocking GC Explicit
08-04 14:00:17.495 27753 27764 I art     : Explicit concurrent mark sweep GC freed 3(96B) AllocSpace objects, 0(0B) LOS objects, 27% free, 42MB/58MB, paused 1.643ms total 69.460ms
08-04 14:00:17.511 27753 27764 I art     : Starting a blocking GC Explicit
08-04 14:00:17.582 27753 27764 I art     : Explicit concurrent mark sweep GC freed 191(10KB) AllocSpace objects, 0(0B) LOS objects, 27% free, 42MB/58MB, paused 1.571ms total 71.337ms
08-04 14:00:17.598 27753 27764 I art     : Starting a blocking GC Explicit
08-04 14:00:17.649   918   918 I EntropyMixer: Added HW RNG output to entropy pool
08-04 14:00:17.649   918   918 I EntropyMixer: Writing entropy...
08-04 14:00:17.663 27753 27764 I art     : Explicit concurrent mark sweep GC freed 323(14KB) AllocSpace objects, 0(0B) LOS objects, 27% free, 42MB/58MB, paused 1.544ms total 64.806ms
08-04 14:00:17.663 27753 27763 I art     : WaitForGcToComplete blocked for 64.857ms for cause HeapTrim
08-04 14:00:17.994 26337 26337 I ServiceManager: Waiting for service AtCmdFwd...
08-04 14:00:18.029 27753 30054 I art     : Starting a blocking GC Explicit
08-04 14:00:18.098 27753 30054 I art     : Explicit concurrent mark sweep GC freed 7112(495KB) AllocSpace objects, 2(40KB) LOS objects, 27% free, 42MB/58MB, paused 1.617ms total 69.272ms
08-04 14:00:18.114 27753 30054 I art     : Starting a blocking GC Explicit
08-04 14:00:18.180 27753 30054 I art     : Explicit concurrent mark sweep GC freed 1606(78KB) AllocSpace objects, 0(0B) LOS objects, 27% free, 42MB/58MB, paused 2.050ms total 65.395ms
08-04 14:00:18.195 27753 30054 I art     : Starting a blocking GC Explicit
08-04 14:00:18.260 27753 30054 I art     : Explicit concurrent mark sweep GC freed 998(52KB) AllocSpace objects, 0(0B) LOS objects, 27% free, 42MB/58MB, paused 1.670ms total 64.821ms
08-04 14:00:18.276 27753 30054 I art     : Starting a blocking GC Explicit
08-04 14:00:18.341 27753 30054 I art     : Explicit concurrent mark sweep GC freed 121(16KB) AllocSpace objects, 0(0B) LOS objects, 27% free, 42MB/58MB, paused 1.473ms total 64.800ms
08-04 14:00:18.357 27753 30054 I art     : Starting a blocking GC Explicit
08-04 14:00:18.415 27753 30054 I art     : Explicit concurrent mark sweep GC freed 25(832B) AllocSpace objects, 0(0B) LOS objects, 27% free, 42MB/58MB, paused 1.517ms total 57.940ms
08-04 14:00:18.814 27753 29836 I art     : Starting a blocking GC Explicit
08-04 14:00:18.846 32175 32175 D AndroidRuntime: >>>>>> START com.android.internal.os.RuntimeInit uid 2000 <<<<<<
08-04 14:00:18.852 32175 32175 D AndroidRuntime: CheckJNI is OFF
08-04 14:00:18.882 27753 29836 I art     : Explicit concurrent mark sweep GC freed 1699(95KB) AllocSpace objects, 1(20KB) LOS objects, 27% free, 42MB/58MB, paused 1.669ms total 67.073ms
08-04 14:00:18.897 27753 29836 I art     : Starting a blocking GC Explicit
08-04 14:00:18.900 32175 32175 D ICU     : No timezone override file found: /data/misc/zoneinfo/current/icu/icu_tzdata.dat
08-04 14:00:18.944 32175 32175 I Radio-JNI: register_android_hardware_Radio DONE
08-04 14:00:18.958 27753 29836 I art     : Explicit concurrent mark sweep GC freed 55(2560B) AllocSpace objects, 0(0B) LOS objects, 27% free, 42MB/58MB, paused 1.637ms total 61.087ms
08-04 14:00:18.973 27753 29836 I art     : Starting a blocking GC Explicit
08-04 14:00:18.975 32175 32175 D AndroidRuntime: Calling main entry com.android.commands.input.Input
08-04 14:00:18.976 32175 32175 I Input   : injectKeyEvent: KeyEvent { action=ACTION_DOWN, keyCode=KEYCODE_BACK, scanCode=0, metaState=0, flags=0x0, repeatCount=0, eventTime=712835389, downTime=712835389, deviceId=-1, source=0x101 }
08-04 14:00:18.983 32175 32175 I Input   : injectKeyEvent: KeyEvent { action=ACTION_UP, keyCode=KEYCODE_BACK, scanCode=0, metaState=0, flags=0x0, repeatCount=0, eventTime=712835389, downTime=712835389, deviceId=-1, source=0x101 }
08-04 14:00:18.989 32175 32175 D AndroidRuntime: Shutting down VM
08-04 14:00:18.995 26337 26337 I ServiceManager: Waiting for service AtCmdFwd...
08-04 14:00:18.998 27753 27753 D baseline.com.newsblur.service.NBSyncService: rejecting request for feedset that is exhaused
08-04 14:00:19.030 27753 29836 I art     : Explicit concurrent mark sweep GC freed 217(38KB) AllocSpace objects, 2(40KB) LOS objects, 27% free, 42MB/58MB, paused 1.456ms total 56.851ms
08-04 14:00:19.044 27753 29836 I art     : Starting a blocking GC Explicit
08-04 14:00:19.103 27753 29836 I art     : Explicit concurrent mark sweep GC freed 50(2064B) AllocSpace objects, 0(0B) LOS objects, 27% free, 42MB/58MB, paused 1.542ms total 58.021ms
08-04 14:00:19.118 27753 29836 I art     : Starting a blocking GC Explicit
08-04 14:00:19.180 27753 29836 I art     : Explicit concurrent mark sweep GC freed 582(44KB) AllocSpace objects, 1(20KB) LOS objects, 27% free, 42MB/58MB, paused 1.632ms total 61.777ms
08-04 14:00:19.180 27753 27753 D baseline.com.newsblur.service.NBSyncService: rejecting request for feedset that is exhaused
08-04 14:00:19.184 13866 13866 I GoogleInputMethodServic: GoogleInputMethodService.onFinishInput():3138 
08-04 14:00:19.186 13866 13866 I GoogleInputMethodServic: GoogleInputMethodService.onStartInput():1808 
08-04 14:00:19.554 27753 27764 I art     : Starting a blocking GC Explicit
08-04 14:00:19.614 27753 27764 I art     : Explicit concurrent mark sweep GC freed 3752(235KB) AllocSpace objects, 3(68KB) LOS objects, 27% free, 42MB/58MB, paused 1.674ms total 60.017ms
08-04 14:00:19.631 27753 27764 I art     : Starting a blocking GC Explicit
08-04 14:00:19.704 27753 27764 I art     : Explicit concurrent mark sweep GC freed 1283(56KB) AllocSpace objects, 0(0B) LOS objects, 27% free, 42MB/58MB, paused 9.231ms total 73.031ms
08-04 14:00:19.720 27753 27764 I art     : Starting a blocking GC Explicit
08-04 14:00:19.744 27753 31907 E baseline.com.newsblur.network.APIResponse: Error (unexpected end of stream on https://www.newsblur.com/...) calling https://www.newsblur.com/reader/mark_story_hashes_as_read/
08-04 14:00:19.744 27753 31907 E baseline.com.newsblur.network.APIResponse: java.io.IOException: unexpected end of stream on https://www.newsblur.com/...
08-04 14:00:19.744 27753 31907 E baseline.com.newsblur.network.APIResponse: 	at okhttp3.internal.http1.Http1ExchangeCodec.readResponseHeaders(Http1ExchangeCodec.java:236)
08-04 14:00:19.744 27753 31907 E baseline.com.newsblur.network.APIResponse: 	at okhttp3.internal.connection.Exchange.readResponseHeaders(Exchange.java:115)
08-04 14:00:19.744 27753 31907 E baseline.com.newsblur.network.APIResponse: 	at okhttp3.internal.http.CallServerInterceptor.intercept(CallServerInterceptor.java:94)
08-04 14:00:19.744 27753 31907 E baseline.com.newsblur.network.APIResponse: 	at okhttp3.internal.http.RealInterceptorChain.proceed(RealInterceptorChain.java:142)
08-04 14:00:19.744 27753 31907 E baseline.com.newsblur.network.APIResponse: 	at okhttp3.internal.connection.ConnectInterceptor.intercept(ConnectInterceptor.java:43)
08-04 14:00:19.744 27753 31907 E baseline.com.newsblur.network.APIResponse: 	at okhttp3.internal.http.RealInterceptorChain.proceed(RealInterceptorChain.java:142)
08-04 14:00:19.744 27753 31907 E baseline.com.newsblur.network.APIResponse: 	at okhttp3.internal.http.RealInterceptorChain.proceed(RealInterceptorChain.java:117)
08-04 14:00:19.744 27753 31907 E baseline.com.newsblur.network.APIResponse: 	at okhttp3.internal.cache.CacheInterceptor.intercept(CacheInterceptor.java:94)
08-04 14:00:19.744 27753 31907 E baseline.com.newsblur.network.APIResponse: 	at okhttp3.internal.http.RealInterceptorChain.proceed(RealInterceptorChain.java:142)
08-04 14:00:19.744 27753 31907 E baseline.com.newsblur.network.APIResponse: 	at okhttp3.internal.http.RealInterceptorChain.proceed(RealInterceptorChain.java:117)
08-04 14:00:19.744 27753 31907 E baseline.com.newsblur.network.APIResponse: 	at okhttp3.internal.http.BridgeInterceptor.intercept(BridgeInterceptor.java:93)
08-04 14:00:19.744 27753 31907 E baseline.com.newsblur.network.APIResponse: 	at okhttp3.internal.http.RealInterceptorChain.proceed(RealInterceptorChain.java:142)
08-04 14:00:19.744 27753 31907 E baseline.com.newsblur.network.APIResponse: 	at okhttp3.internal.http.RetryAndFollowUpInterceptor.intercept(RetryAndFollowUpInterceptor.java:88)
08-04 14:00:19.744 27753 31907 E baseline.com.newsblur.network.APIResponse: 	at okhttp3.internal.http.RealInterceptorChain.proceed(RealInterceptorChain.java:142)
08-04 14:00:19.744 27753 31907 E baseline.com.newsblur.network.APIResponse: 	at okhttp3.internal.http.RealInterceptorChain.proceed(RealInterceptorChain.java:117)
08-04 14:00:19.744 27753 31907 E baseline.com.newsblur.network.APIResponse: 	at okhttp3.RealCall.getResponseWithInterceptorChain(RealCall.java:229)
08-04 14:00:19.744 27753 31907 E baseline.com.newsblur.network.APIResponse: 	at okhttp3.RealCall.execute(RealCall.java:81)
08-04 14:00:19.744 27753 31907 E baseline.com.newsblur.network.APIResponse: 	at baseline.com.newsblur.network.APIResponse.<init>(APIResponse.java:57)
08-04 14:00:19.744 27753 31907 E baseline.com.newsblur.network.APIResponse: 	at baseline.com.newsblur.network.APIResponse.<init>(APIResponse.java:43)
08-04 14:00:19.744 27753 31907 E baseline.com.newsblur.network.APIResponse: 	at baseline.com.newsblur.network.APIManager.post_single(APIManager.java:702)
08-04 14:00:19.744 27753 31907 E baseline.com.newsblur.network.APIResponse: 	at baseline.com.newsblur.network.APIManager.post(APIManager.java:675)
08-04 14:00:19.744 27753 31907 E baseline.com.newsblur.network.APIResponse: 	at baseline.com.newsblur.network.APIManager.post(APIManager.java:714)
08-04 14:00:19.744 27753 31907 E baseline.com.newsblur.network.APIResponse: 	at baseline.com.newsblur.network.APIManager.markStoryAsRead(APIManager.java:205)
08-04 14:00:19.744 27753 31907 E baseline.com.newsblur.network.APIResponse: 	at baseline.com.newsblur.util.ReadingAction.doRemote(ReadingAction.java:281)
08-04 14:00:19.744 27753 31907 E baseline.com.newsblur.network.APIResponse: 	at baseline.com.newsblur.service.NBSyncService.syncActions(NBSyncService.java:400)
08-04 14:00:19.744 27753 31907 E baseline.com.newsblur.network.APIResponse: 	at baseline.com.newsblur.service.NBSyncService.doSync(NBSyncService.java:298)
08-04 14:00:19.744 27753 31907 E baseline.com.newsblur.network.APIResponse: 	at baseline.com.newsblur.service.NBSyncService.access$100(NBSyncService.java:67)
08-04 14:00:19.744 27753 31907 E baseline.com.newsblur.network.APIResponse: 	at baseline.com.newsblur.service.NBSyncService$1.run(NBSyncService.java:188)
08-04 14:00:19.744 27753 31907 E baseline.com.newsblur.network.APIResponse: 	at java.util.concurrent.ThreadPoolExecutor.runWorker(ThreadPoolExecutor.java:1113)
08-04 14:00:19.744 27753 31907 E baseline.com.newsblur.network.APIResponse: 	at java.util.concurrent.ThreadPoolExecutor$Worker.run(ThreadPoolExecutor.java:588)
08-04 14:00:19.744 27753 31907 E baseline.com.newsblur.network.APIResponse: 	at java.lang.Thread.run(Thread.java:818)
08-04 14:00:19.744 27753 31907 E baseline.com.newsblur.network.APIResponse: Caused by: java.io.EOFException: \n not found: limit=0 content=
08-04 14:00:19.744 27753 31907 E baseline.com.newsblur.network.APIResponse: 	at okio.RealBufferedSource.readUtf8LineStrict(RealBufferedSource.java:240)
08-04 14:00:19.744 27753 31907 E baseline.com.newsblur.network.APIResponse: 	at okhttp3.internal.http1.Http1ExchangeCodec.readHeaderLine(Http1ExchangeCodec.java:242)
08-04 14:00:19.744 27753 31907 E baseline.com.newsblur.network.APIResponse: 	at okhttp3.internal.http1.Http1ExchangeCodec.readResponseHeaders(Http1ExchangeCodec.java:213)
08-04 14:00:19.744 27753 31907 E baseline.com.newsblur.network.APIResponse: 	... 30 more
08-04 14:00:19.745 27753 31907 I baseline.com.newsblur.service.NBSyncService: Holding reading action with server-side or network error.
08-04 14:00:19.754 27753 31907 W baseline.com.newsblur.service.NBSyncService: hard API failure
08-04 14:00:19.762 27753 31907 I baseline.com.newsblur.service.NBSyncService: recounting dirty feed sets: 1
08-04 14:00:19.779 27753 27764 I art     : Explicit concurrent mark sweep GC freed 2226(292KB) AllocSpace objects, 5(100KB) LOS objects, 27% free, 42MB/58MB, paused 2.146ms total 58.388ms
08-04 14:00:19.795 27753 27764 I art     : Starting a blocking GC Explicit
08-04 14:00:19.858 27753 27764 I art     : Explicit concurrent mark sweep GC freed 350(27KB) AllocSpace objects, 0(0B) LOS objects, 27% free, 42MB/58MB, paused 1.781ms total 63.255ms
08-04 14:00:19.875 27753 27764 I art     : Starting a blocking GC Explicit
08-04 14:00:19.943 27753 27764 I art     : Explicit concurrent mark sweep GC freed 57(1952B) AllocSpace objects, 0(0B) LOS objects, 27% free, 42MB/58MB, paused 1.571ms total 67.752ms
08-04 14:00:19.995 26337 26337 W Atfwd_Sendcmd: AtCmdFwd service not published, waiting... retryCnt : 4
08-04 14:00:20.146 27753 31907 E baseline.com.newsblur.network.APIResponse: Error (unexpected end of stream on https://www.newsblur.com/...) calling https://www.newsblur.com/reader/feed_unread_count?feed_id=0
08-04 14:00:20.146 27753 31907 E baseline.com.newsblur.network.APIResponse: java.io.IOException: unexpected end of stream on https://www.newsblur.com/...
08-04 14:00:20.146 27753 31907 E baseline.com.newsblur.network.APIResponse: 	at okhttp3.internal.http1.Http1ExchangeCodec.readResponseHeaders(Http1ExchangeCodec.java:236)
08-04 14:00:20.146 27753 31907 E baseline.com.newsblur.network.APIResponse: 	at okhttp3.internal.connection.Exchange.readResponseHeaders(Exchange.java:115)
08-04 14:00:20.146 27753 31907 E baseline.com.newsblur.network.APIResponse: 	at okhttp3.internal.http.CallServerInterceptor.intercept(CallServerInterceptor.java:94)
08-04 14:00:20.146 27753 31907 E baseline.com.newsblur.network.APIResponse: 	at okhttp3.internal.http.RealInterceptorChain.proceed(RealInterceptorChain.java:142)
08-04 14:00:20.146 27753 31907 E baseline.com.newsblur.network.APIResponse: 	at okhttp3.internal.connection.ConnectInterceptor.intercept(ConnectInterceptor.java:43)
08-04 14:00:20.146 27753 31907 E baseline.com.newsblur.network.APIResponse: 	at okhttp3.internal.http.RealInterceptorChain.proceed(RealInterceptorChain.java:142)
08-04 14:00:20.146 27753 31907 E baseline.com.newsblur.network.APIResponse: 	at okhttp3.internal.http.RealInterceptorChain.proceed(RealInterceptorChain.java:117)
08-04 14:00:20.146 27753 31907 E baseline.com.newsblur.network.APIResponse: 	at okhttp3.internal.cache.CacheInterceptor.intercept(CacheInterceptor.java:94)
08-04 14:00:20.146 27753 31907 E baseline.com.newsblur.network.APIResponse: 	at okhttp3.internal.http.RealInterceptorChain.proceed(RealInterceptorChain.java:142)
08-04 14:00:20.146 27753 31907 E baseline.com.newsblur.network.APIResponse: 	at okhttp3.internal.http.RealInterceptorChain.proceed(RealInterceptorChain.java:117)
08-04 14:00:20.146 27753 31907 E baseline.com.newsblur.network.APIResponse: 	at okhttp3.internal.http.BridgeInterceptor.intercept(BridgeInterceptor.java:93)
08-04 14:00:20.146 27753 31907 E baseline.com.newsblur.network.APIResponse: 	at okhttp3.internal.http.RealInterceptorChain.proceed(RealInterceptorChain.java:142)
08-04 14:00:20.146 27753 31907 E baseline.com.newsblur.network.APIResponse: 	at okhttp3.internal.http.RetryAndFollowUpInterceptor.intercept(RetryAndFollowUpInterceptor.java:88)
08-04 14:00:20.146 27753 31907 E baseline.com.newsblur.network.APIResponse: 	at okhttp3.internal.http.RealInterceptorChain.proceed(RealInterceptorChain.java:142)
08-04 14:00:20.146 27753 31907 E baseline.com.newsblur.network.APIResponse: 	at okhttp3.internal.http.RealInterceptorChain.proceed(RealInterceptorChain.java:117)
08-04 14:00:20.146 27753 31907 E baseline.com.newsblur.network.APIResponse: 	at okhttp3.RealCall.getResponseWithInterceptorChain(RealCall.java:229)
08-04 14:00:20.146 27753 31907 E baseline.com.newsblur.network.APIResponse: 	at okhttp3.RealCall.execute(RealCall.java:81)
08-04 14:00:20.146 27753 31907 E baseline.com.newsblur.network.APIResponse: 	at baseline.com.newsblur.network.APIResponse.<init>(APIResponse.java:57)
08-04 14:00:20.146 27753 31907 E baseline.com.newsblur.network.APIResponse: 	at baseline.com.newsblur.network.APIManager.get_single(APIManager.java:639)
08-04 14:00:20.146 27753 31907 E baseline.com.newsblur.network.APIResponse: 	at baseline.com.newsblur.network.APIManager.get(APIManager.java:625)
08-04 14:00:20.146 27753 31907 E baseline.com.newsblur.network.APIResponse: 	at baseline.com.newsblur.network.APIManager.get(APIManager.java:667)
08-04 14:00:20.146 27753 31907 E baseline.com.newsblur.network.APIResponse: 	at baseline.com.newsblur.network.APIManager.getFeedUnreadCounts(APIManager.java:274)
08-04 14:00:20.146 27753 31907 E baseline.com.newsblur.network.APIResponse: 	at baseline.com.newsblur.service.NBSyncService.checkRecounts(NBSyncService.java:660)
08-04 14:00:20.146 27753 31907 E baseline.com.newsblur.network.APIResponse: 	at baseline.com.newsblur.service.NBSyncService.doSync(NBSyncService.java:310)
08-04 14:00:20.146 27753 31907 E baseline.com.newsblur.network.APIResponse: 	at baseline.com.newsblur.service.NBSyncService.access$100(NBSyncService.java:67)
08-04 14:00:20.146 27753 31907 E baseline.com.newsblur.network.APIResponse: 	at baseline.com.newsblur.service.NBSyncService$1.run(NBSyncService.java:188)
08-04 14:00:20.146 27753 31907 E baseline.com.newsblur.network.APIResponse: 	at java.util.concurrent.ThreadPoolExecutor.runWorker(ThreadPoolExecutor.java:1113)
08-04 14:00:20.146 27753 31907 E baseline.com.newsblur.network.APIResponse: 	at java.util.concurrent.ThreadPoolExecutor$Worker.run(ThreadPoolExecutor.java:588)
08-04 14:00:20.146 27753 31907 E baseline.com.newsblur.network.APIResponse: 	at java.lang.Thread.run(Thread.java:818)
08-04 14:00:20.146 27753 31907 E baseline.com.newsblur.network.APIResponse: Caused by: java.io.EOFException: \n not found: limit=0 content=
08-04 14:00:20.146 27753 31907 E baseline.com.newsblur.network.APIResponse: 	at okio.RealBufferedSource.readUtf8LineStrict(RealBufferedSource.java:240)
08-04 14:00:20.146 27753 31907 E baseline.com.newsblur.network.APIResponse: 	at okhttp3.internal.http1.Http1ExchangeCodec.readHeaderLine(Http1ExchangeCodec.java:242)
08-04 14:00:20.146 27753 31907 E baseline.com.newsblur.network.APIResponse: 	at okhttp3.internal.http1.Http1ExchangeCodec.readResponseHeaders(Http1ExchangeCodec.java:213)
08-04 14:00:20.146 27753 31907 E baseline.com.newsblur.network.APIResponse: 	... 28 more
08-04 14:00:20.148 27753 31907 I baseline.com.newsblur.network.APIManager: API call failed, pausing before retry number 1
08-04 14:00:20.336 27753 30054 I art     : Starting a blocking GC Explicit
08-04 14:00:20.409 27753 30054 I art     : Explicit concurrent mark sweep GC freed 3988(357KB) AllocSpace objects, 3(60KB) LOS objects, 27% free, 41MB/57MB, paused 1.616ms total 71.979ms
08-04 14:00:20.426 27753 30054 I art     : Starting a blocking GC Explicit
08-04 14:00:20.491 27753 30054 I art     : Explicit concurrent mark sweep GC freed 119(4KB) AllocSpace objects, 0(0B) LOS objects, 27% free, 41MB/57MB, paused 1.601ms total 64.441ms
08-04 14:00:20.508 27753 30054 I art     : Starting a blocking GC Explicit
08-04 14:00:20.572 27753 30054 I art     : Explicit concurrent mark sweep GC freed 11(352B) AllocSpace objects, 0(0B) LOS objects, 27% free, 41MB/57MB, paused 1.755ms total 64.026ms
08-04 14:00:20.589 27753 30054 I art     : Starting a blocking GC Explicit
08-04 14:00:20.653 27753 30054 I art     : Explicit concurrent mark sweep GC freed 10(320B) AllocSpace objects, 0(0B) LOS objects, 27% free, 41MB/57MB, paused 1.562ms total 64.340ms
08-04 14:00:20.669 27753 30054 I art     : Starting a blocking GC Explicit
08-04 14:00:20.734 27753 30054 I art     : Explicit concurrent mark sweep GC freed 3(96B) AllocSpace objects, 0(0B) LOS objects, 27% free, 41MB/57MB, paused 1.639ms total 65.009ms
08-04 14:00:20.796 32218 32218 D AndroidRuntime: >>>>>> START com.android.internal.os.RuntimeInit uid 2000 <<<<<<
08-04 14:00:20.802 32218 32218 D AndroidRuntime: CheckJNI is OFF
08-04 14:00:20.848 32218 32218 D ICU     : No timezone override file found: /data/misc/zoneinfo/current/icu/icu_tzdata.dat
08-04 14:00:20.893 32218 32218 I Radio-JNI: register_android_hardware_Radio DONE
08-04 14:00:20.921 32218 32218 D AndroidRuntime: Calling main entry com.android.commands.input.Input
08-04 14:00:20.923 32218 32218 I Input   : injectKeyEvent: KeyEvent { action=ACTION_DOWN, keyCode=KEYCODE_BACK, scanCode=0, metaState=0, flags=0x0, repeatCount=0, eventTime=712837336, downTime=712837336, deviceId=-1, source=0x101 }
08-04 14:00:20.929 32218 32218 I Input   : injectKeyEvent: KeyEvent { action=ACTION_UP, keyCode=KEYCODE_BACK, scanCode=0, metaState=0, flags=0x0, repeatCount=0, eventTime=712837336, downTime=712837336, deviceId=-1, source=0x101 }
08-04 14:00:20.937 32218 32218 D AndroidRuntime: Shutting down VM
08-04 14:00:21.136 27753 27764 I art     : Starting a blocking GC Explicit
08-04 14:00:21.180 13866 13866 I GoogleInputMethodServic: GoogleInputMethodService.onFinishInput():3138 
08-04 14:00:21.181 13866 13866 I GoogleInputMethodServic: GoogleInputMethodService.onStartInput():1808 
08-04 14:00:21.202 27753 27764 I art     : Explicit concurrent mark sweep GC freed 9743(665KB) AllocSpace objects, 13(260KB) LOS objects, 27% free, 42MB/58MB, paused 1.743ms total 65.099ms
08-04 14:00:21.217 27753 27764 I art     : Starting a blocking GC Explicit
08-04 14:00:21.271 27753 27764 I art     : Explicit concurrent mark sweep GC freed 250(9KB) AllocSpace objects, 0(0B) LOS objects, 27% free, 41MB/57MB, paused 1.375ms total 53.518ms
08-04 14:00:21.286 27753 27764 I art     : Starting a blocking GC Explicit
08-04 14:00:21.343 27753 27764 I art     : Explicit concurrent mark sweep GC freed 7(256B) AllocSpace objects, 0(0B) LOS objects, 27% free, 41MB/57MB, paused 1.531ms total 56.257ms
08-04 14:00:21.357 27753 27764 I art     : Starting a blocking GC Explicit
08-04 14:00:21.413 27753 27764 I art     : Explicit concurrent mark sweep GC freed 3(96B) AllocSpace objects, 0(0B) LOS objects, 27% free, 41MB/57MB, paused 1.364ms total 55.813ms
08-04 14:00:21.429 27753 27764 I art     : Starting a blocking GC Explicit
08-04 14:00:21.493 27753 27764 I art     : Explicit concurrent mark sweep GC freed 3(96B) AllocSpace objects, 0(0B) LOS objects, 27% free, 41MB/57MB, paused 1.763ms total 63.416ms
08-04 14:00:21.880 27753 27764 I art     : Starting a blocking GC Explicit
08-04 14:00:21.946 27753 27764 I art     : Explicit concurrent mark sweep GC freed 2107(113KB) AllocSpace objects, 1(20KB) LOS objects, 27% free, 42MB/58MB, paused 1.757ms total 65.755ms
08-04 14:00:21.961 27753 27764 I art     : Starting a blocking GC Explicit
08-04 14:00:22.024 27753 27764 I art     : Explicit concurrent mark sweep GC freed 173(7KB) AllocSpace objects, 0(0B) LOS objects, 27% free, 41MB/57MB, paused 1.739ms total 62.327ms
08-04 14:00:22.040 27753 27764 I art     : Starting a blocking GC Explicit
08-04 14:00:22.102 27753 27764 I art     : Explicit concurrent mark sweep GC freed 13(416B) AllocSpace objects, 0(0B) LOS objects, 27% free, 41MB/57MB, paused 1.656ms total 61.961ms
08-04 14:00:22.118 27753 27764 I art     : Starting a blocking GC Explicit
08-04 14:00:22.179 27753 27764 I art     : Explicit concurrent mark sweep GC freed 1667(65KB) AllocSpace objects, 0(0B) LOS objects, 27% free, 42MB/58MB, paused 1.631ms total 61.311ms
08-04 14:00:22.195 27753 27764 I art     : Starting a blocking GC Explicit
08-04 14:00:22.200 27753 31907 E baseline.com.newsblur.network.APIResponse: Error (unexpected end of stream on https://www.newsblur.com/...) calling https://www.newsblur.com/reader/feed_unread_count?feed_id=0
08-04 14:00:22.200 27753 31907 E baseline.com.newsblur.network.APIResponse: java.io.IOException: unexpected end of stream on https://www.newsblur.com/...
08-04 14:00:22.200 27753 31907 E baseline.com.newsblur.network.APIResponse: 	at okhttp3.internal.http1.Http1ExchangeCodec.readResponseHeaders(Http1ExchangeCodec.java:236)
08-04 14:00:22.200 27753 31907 E baseline.com.newsblur.network.APIResponse: 	at okhttp3.internal.connection.Exchange.readResponseHeaders(Exchange.java:115)
08-04 14:00:22.200 27753 31907 E baseline.com.newsblur.network.APIResponse: 	at okhttp3.internal.http.CallServerInterceptor.intercept(CallServerInterceptor.java:94)
08-04 14:00:22.200 27753 31907 E baseline.com.newsblur.network.APIResponse: 	at okhttp3.internal.http.RealInterceptorChain.proceed(RealInterceptorChain.java:142)
08-04 14:00:22.200 27753 31907 E baseline.com.newsblur.network.APIResponse: 	at okhttp3.internal.connection.ConnectInterceptor.intercept(ConnectInterceptor.java:43)
08-04 14:00:22.200 27753 31907 E baseline.com.newsblur.network.APIResponse: 	at okhttp3.internal.http.RealInterceptorChain.proceed(RealInterceptorChain.java:142)
08-04 14:00:22.200 27753 31907 E baseline.com.newsblur.network.APIResponse: 	at okhttp3.internal.http.RealInterceptorChain.proceed(RealInterceptorChain.java:117)
08-04 14:00:22.200 27753 31907 E baseline.com.newsblur.network.APIResponse: 	at okhttp3.internal.cache.CacheInterceptor.intercept(CacheInterceptor.java:94)
08-04 14:00:22.200 27753 31907 E baseline.com.newsblur.network.APIResponse: 	at okhttp3.internal.http.RealInterceptorChain.proceed(RealInterceptorChain.java:142)
08-04 14:00:22.200 27753 31907 E baseline.com.newsblur.network.APIResponse: 	at okhttp3.internal.http.RealInterceptorChain.proceed(RealInterceptorChain.java:117)
08-04 14:00:22.200 27753 31907 E baseline.com.newsblur.network.APIResponse: 	at okhttp3.internal.http.BridgeInterceptor.intercept(BridgeInterceptor.java:93)
08-04 14:00:22.200 27753 31907 E baseline.com.newsblur.network.APIResponse: 	at okhttp3.internal.http.RealInterceptorChain.proceed(RealInterceptorChain.java:142)
08-04 14:00:22.200 27753 31907 E baseline.com.newsblur.network.APIResponse: 	at okhttp3.internal.http.RetryAndFollowUpInterceptor.intercept(RetryAndFollowUpInterceptor.java:88)
08-04 14:00:22.200 27753 31907 E baseline.com.newsblur.network.APIResponse: 	at okhttp3.internal.http.RealInterceptorChain.proceed(RealInterceptorChain.java:142)
08-04 14:00:22.200 27753 31907 E baseline.com.newsblur.network.APIResponse: 	at okhttp3.internal.http.RealInterceptorChain.proceed(RealInterceptorChain.java:117)
08-04 14:00:22.200 27753 31907 E baseline.com.newsblur.network.APIResponse: 	at okhttp3.RealCall.getResponseWithInterceptorChain(RealCall.java:229)
08-04 14:00:22.200 27753 31907 E baseline.com.newsblur.network.APIResponse: 	at okhttp3.RealCall.execute(RealCall.java:81)
08-04 14:00:22.200 27753 31907 E baseline.com.newsblur.network.APIResponse: 	at baseline.com.newsblur.network.APIResponse.<init>(APIResponse.java:57)
08-04 14:00:22.200 27753 31907 E baseline.com.newsblur.network.APIResponse: 	at baseline.com.newsblur.network.APIManager.get_single(APIManager.java:639)
08-04 14:00:22.200 27753 31907 E baseline.com.newsblur.network.APIResponse: 	at baseline.com.newsblur.network.APIManager.get(APIManager.java:625)
08-04 14:00:22.200 27753 31907 E baseline.com.newsblur.network.APIResponse: 	at baseline.com.newsblur.network.APIManager.get(APIManager.java:667)
08-04 14:00:22.200 27753 31907 E baseline.com.newsblur.network.APIResponse: 	at baseline.com.newsblur.network.APIManager.getFeedUnreadCounts(APIManager.java:274)
08-04 14:00:22.200 27753 31907 E baseline.com.newsblur.network.APIResponse: 	at baseline.com.newsblur.service.NBSyncService.checkRecounts(NBSyncService.java:660)
08-04 14:00:22.200 27753 31907 E baseline.com.newsblur.network.APIResponse: 	at baseline.com.newsblur.service.NBSyncService.doSync(NBSyncService.java:310)
08-04 14:00:22.200 27753 31907 E baseline.com.newsblur.network.APIResponse: 	at baseline.com.newsblur.service.NBSyncService.access$100(NBSyncService.java:67)
08-04 14:00:22.200 27753 31907 E baseline.com.newsblur.network.APIResponse: 	at baseline.com.newsblur.service.NBSyncService$1.run(NBSyncService.java:188)
08-04 14:00:22.200 27753 31907 E baseline.com.newsblur.network.APIResponse: 	at java.util.concurrent.ThreadPoolExecutor.runWorker(ThreadPoolExecutor.java:1113)
08-04 14:00:22.200 27753 31907 E baseline.com.newsblur.network.APIResponse: 	at java.util.concurrent.ThreadPoolExecutor$Worker.run(ThreadPoolExecutor.java:588)
08-04 14:00:22.200 27753 31907 E baseline.com.newsblur.network.APIResponse: 	at java.lang.Thread.run(Thread.java:818)
08-04 14:00:22.200 27753 31907 E baseline.com.newsblur.network.APIResponse: Caused by: java.io.EOFException: \n not found: limit=0 content=
08-04 14:00:22.200 27753 31907 E baseline.com.newsblur.network.APIResponse: 	at okio.RealBufferedSource.readUtf8LineStrict(RealBufferedSource.java:240)
08-04 14:00:22.200 27753 31907 E baseline.com.newsblur.network.APIResponse: 	at okhttp3.internal.http1.Http1ExchangeCodec.readHeaderLine(Http1ExchangeCodec.java:242)
08-04 14:00:22.200 27753 31907 E baseline.com.newsblur.network.APIResponse: 	at okhttp3.internal.http1.Http1ExchangeCodec.readResponseHeaders(Http1ExchangeCodec.java:213)
08-04 14:00:22.200 27753 31907 E baseline.com.newsblur.network.APIResponse: 	... 28 more
08-04 14:00:22.201 27753 31907 I baseline.com.newsblur.network.APIManager: API call failed, pausing before retry number 2
08-04 14:00:22.252 27753 27764 I art     : Explicit concurrent mark sweep GC freed 575(180KB) AllocSpace objects, 2(40KB) LOS objects, 27% free, 42MB/58MB, paused 1.537ms total 56.673ms
08-04 14:00:22.614 27753 31956 I art     : Starting a blocking GC Explicit
08-04 14:00:22.674 27753 31956 I art     : Explicit concurrent mark sweep GC freed 1832(114KB) AllocSpace objects, 1(20KB) LOS objects, 27% free, 41MB/57MB, paused 1.658ms total 59.303ms
08-04 14:00:22.688 27753 31956 I art     : Starting a blocking GC Explicit
08-04 14:00:22.748 27753 31956 I art     : Explicit concurrent mark sweep GC freed 44(1536B) AllocSpace objects, 0(0B) LOS objects, 27% free, 41MB/57MB, paused 1.624ms total 59.586ms
08-04 14:00:22.751 32270 32270 D AndroidRuntime: >>>>>> START com.android.internal.os.RuntimeInit uid 2000 <<<<<<
08-04 14:00:22.756 32270 32270 D AndroidRuntime: CheckJNI is OFF
08-04 14:00:22.762 27753 31956 I art     : Starting a blocking GC Explicit
08-04 14:00:22.799 32270 32270 D ICU     : No timezone override file found: /data/misc/zoneinfo/current/icu/icu_tzdata.dat
08-04 14:00:22.823 27753 31956 I art     : Explicit concurrent mark sweep GC freed 3(96B) AllocSpace objects, 0(0B) LOS objects, 27% free, 41MB/57MB, paused 1.529ms total 59.978ms
08-04 14:00:22.837 27753 31956 I art     : Starting a blocking GC Explicit
08-04 14:00:22.848 32270 32270 I Radio-JNI: register_android_hardware_Radio DONE
08-04 14:00:22.876 32270 32270 D AndroidRuntime: Calling main entry com.android.commands.am.Am
08-04 14:00:22.887  2375  2375 I Trepn   : Trepn 6.2s: Received intent: com.quicinc.trepn.stop_profiling
08-04 14:00:22.900 27753 31956 I art     : Explicit concurrent mark sweep GC freed 3(96B) AllocSpace objects, 0(0B) LOS objects, 27% free, 41MB/57MB, paused 1.524ms total 62.233ms
08-04 14:00:22.914 27753 31956 I art     : Starting a blocking GC Explicit
08-04 14:00:22.925  2375  2375 I Trepn   : Trepn 6.2s: Trepn has Stopped Profiling.
08-04 14:00:22.972 27753 31956 I art     : Explicit concurrent mark sweep GC freed 3(96B) AllocSpace objects, 0(0B) LOS objects, 27% free, 41MB/57MB, paused 1.554ms total 57.100ms
08-04 14:00:23.051 32270 32270 D AndroidRuntime: Shutting down VM
08-04 14:00:23.054   918  6029 W AppOps  : Finishing op nesting under-run: uid 10078 pkg com.quicinc.trepn code 24 time=0 duration=0 nesting=0
08-04 14:00:23.138   918  3261 D WifiStateMachine: starting scan for "H369AA63323"WPA_PSK with 2412,5180
08-04 14:00:23.350 27753 27765 I art     : Starting a blocking GC Explicit
08-04 14:00:23.415 27753 27765 I art     : Explicit concurrent mark sweep GC freed 1441(82KB) AllocSpace objects, 1(20KB) LOS objects, 27% free, 41MB/57MB, paused 1.496ms total 64.830ms
08-04 14:00:23.430 27753 27765 I art     : Starting a blocking GC Explicit
08-04 14:00:23.491 27753 27765 I art     : Explicit concurrent mark sweep GC freed 22(784B) AllocSpace objects, 0(0B) LOS objects, 27% free, 41MB/57MB, paused 1.652ms total 61.225ms
08-04 14:00:23.506 27753 27765 I art     : Starting a blocking GC Explicit
08-04 14:00:23.566 27753 27765 I art     : Explicit concurrent mark sweep GC freed 3(96B) AllocSpace objects, 0(0B) LOS objects, 27% free, 41MB/57MB, paused 1.496ms total 59.183ms
08-04 14:00:23.581 27753 27765 I art     : Starting a blocking GC Explicit
08-04 14:00:23.640 27753 27765 I art     : Explicit concurrent mark sweep GC freed 3(96B) AllocSpace objects, 0(0B) LOS objects, 27% free, 41MB/57MB, paused 1.548ms total 58.919ms
08-04 14:00:23.655 27753 27765 I art     : Starting a blocking GC Explicit
08-04 14:00:23.715 27753 27765 I art     : Explicit concurrent mark sweep GC freed 3(96B) AllocSpace objects, 0(0B) LOS objects, 27% free, 41MB/57MB, paused 1.544ms total 59.935ms
