08-04 00:32:13.258 13560 21981 E baseline.com.newsblur.network.APIResponse: 	at okhttp3.internal.http.RealInterceptorChain.proceed(RealInterceptorChain.java:117)
08-04 00:32:13.258 13560 21981 E baseline.com.newsblur.network.APIResponse: 	at okhttp3.RealCall.getResponseWithInterceptorChain(RealCall.java:229)
08-04 00:32:13.258 13560 21981 E baseline.com.newsblur.network.APIResponse: 	at okhttp3.RealCall.execute(RealCall.java:81)
08-04 00:32:13.258 13560 21981 E baseline.com.newsblur.network.APIResponse: 	at baseline.com.newsblur.network.APIResponse.<init>(APIResponse.java:57)
08-04 00:32:13.258 13560 21981 E baseline.com.newsblur.network.APIResponse: 	at baseline.com.newsblur.network.APIResponse.<init>(APIResponse.java:43)
08-04 00:32:13.258 13560 21981 E baseline.com.newsblur.network.APIResponse: 	at baseline.com.newsblur.network.APIManager.post_single(APIManager.java:702)
08-04 00:32:13.258 13560 21981 E baseline.com.newsblur.network.APIResponse: 	at baseline.com.newsblur.network.APIManager.post(APIManager.java:675)
08-04 00:32:13.258 13560 21981 E baseline.com.newsblur.network.APIResponse: 	at baseline.com.newsblur.network.APIManager.post(APIManager.java:714)
08-04 00:32:13.258 13560 21981 E baseline.com.newsblur.network.APIResponse: 	at baseline.com.newsblur.network.APIManager.markStoryAsRead(APIManager.java:205)
08-04 00:32:13.258 13560 21981 E baseline.com.newsblur.network.APIResponse: 	at baseline.com.newsblur.util.ReadingAction.doRemote(ReadingAction.java:281)
08-04 00:32:13.258 13560 21981 E baseline.com.newsblur.network.APIResponse: 	at baseline.com.newsblur.service.NBSyncService.syncActions(NBSyncService.java:400)
08-04 00:32:13.258 13560 21981 E baseline.com.newsblur.network.APIResponse: 	at baseline.com.newsblur.service.NBSyncService.doSync(NBSyncService.java:298)
08-04 00:32:13.258 13560 21981 E baseline.com.newsblur.network.APIResponse: 	at baseline.com.newsblur.service.NBSyncService.access$100(NBSyncService.java:67)
08-04 00:32:13.258 13560 21981 E baseline.com.newsblur.network.APIResponse: 	at baseline.com.newsblur.service.NBSyncService$1.run(NBSyncService.java:188)
08-04 00:32:13.258 13560 21981 E baseline.com.newsblur.network.APIResponse: 	at java.util.concurrent.ThreadPoolExecutor.runWorker(ThreadPoolExecutor.java:1113)
08-04 00:32:13.258 13560 21981 E baseline.com.newsblur.network.APIResponse: 	at java.util.concurrent.ThreadPoolExecutor$Worker.run(ThreadPoolExecutor.java:588)
08-04 00:32:13.258 13560 21981 E baseline.com.newsblur.network.APIResponse: 	at java.lang.Thread.run(Thread.java:818)
08-04 00:32:13.258 13560 21981 E baseline.com.newsblur.network.APIResponse: Caused by: java.io.EOFException: \n not found: limit=0 content=
08-04 00:32:13.258 13560 21981 E baseline.com.newsblur.network.APIResponse: 	at okio.RealBufferedSource.readUtf8LineStrict(RealBufferedSource.java:240)
08-04 00:32:13.258 13560 21981 E baseline.com.newsblur.network.APIResponse: 	at okhttp3.internal.http1.Http1ExchangeCodec.readHeaderLine(Http1ExchangeCodec.java:242)
08-04 00:32:13.258 13560 21981 E baseline.com.newsblur.network.APIResponse: 	at okhttp3.internal.http1.Http1ExchangeCodec.readResponseHeaders(Http1ExchangeCodec.java:213)
08-04 00:32:13.258 13560 21981 E baseline.com.newsblur.network.APIResponse: 	... 30 more
08-04 00:32:13.260 13560 21981 I baseline.com.newsblur.network.APIManager: API call failed, pausing before retry number 2
08-04 00:32:13.273 13560 21596 I art     : Explicit concurrent mark sweep GC freed 804(195KB) AllocSpace objects, 2(40KB) LOS objects, 29% free, 37MB/53MB, paused 862us total 28.916ms
08-04 00:32:13.625 13560 13571 I art     : Starting a blocking GC Explicit
08-04 00:32:13.661 13560 13571 I art     : Explicit concurrent mark sweep GC freed 1540(98KB) AllocSpace objects, 1(20KB) LOS objects, 29% free, 37MB/53MB, paused 1.050ms total 35.548ms
08-04 00:32:13.672 13560 13571 I art     : Starting a blocking GC Explicit
08-04 00:32:13.704 13560 13571 I art     : Explicit concurrent mark sweep GC freed 44(1520B) AllocSpace objects, 0(0B) LOS objects, 29% free, 37MB/53MB, paused 889us total 31.738ms
08-04 00:32:13.715 13560 13571 I art     : Starting a blocking GC Explicit
08-04 00:32:13.747 13560 13571 I art     : Explicit concurrent mark sweep GC freed 3(96B) AllocSpace objects, 0(0B) LOS objects, 29% free, 37MB/53MB, paused 915us total 31.834ms
08-04 00:32:13.757 13560 13571 I art     : Starting a blocking GC Explicit
08-04 00:32:13.789 13560 13571 I art     : Explicit concurrent mark sweep GC freed 3(96B) AllocSpace objects, 0(0B) LOS objects, 29% free, 37MB/53MB, paused 918us total 31.607ms
08-04 00:32:13.800 13560 13571 I art     : Starting a blocking GC Explicit
08-04 00:32:13.832 13560 13571 I art     : Explicit concurrent mark sweep GC freed 3(96B) AllocSpace objects, 0(0B) LOS objects, 29% free, 37MB/53MB, paused 853us total 32.451ms
08-04 00:32:13.944 17791 17791 W Atfwd_Sendcmd: AtCmdFwd service not published, waiting... retryCnt : 1
08-04 00:32:14.203 13560 13571 I art     : Starting a blocking GC Explicit
08-04 00:32:14.239 13560 13571 I art     : Explicit concurrent mark sweep GC freed 1440(83KB) AllocSpace objects, 1(20KB) LOS objects, 29% free, 37MB/53MB, paused 903us total 35.221ms
08-04 00:32:14.239 13560 13570 I art     : WaitForGcToComplete blocked for 29.684ms for cause HeapTrim
08-04 00:32:14.249 13560 13571 I art     : Starting a blocking GC Explicit
08-04 00:32:14.282 13560 13571 I art     : Explicit concurrent mark sweep GC freed 22(784B) AllocSpace objects, 0(0B) LOS objects, 29% free, 37MB/53MB, paused 1.072ms total 32.283ms
08-04 00:32:14.293 13560 13571 I art     : Starting a blocking GC Explicit
08-04 00:32:14.324 13560 13571 I art     : Explicit concurrent mark sweep GC freed 3(96B) AllocSpace objects, 0(0B) LOS objects, 29% free, 37MB/53MB, paused 884us total 30.615ms
08-04 00:32:14.335 13560 13571 I art     : Starting a blocking GC Explicit
08-04 00:32:14.367 13560 13571 I art     : Explicit concurrent mark sweep GC freed 3(96B) AllocSpace objects, 0(0B) LOS objects, 29% free, 37MB/53MB, paused 1.143ms total 31.989ms
08-04 00:32:14.378 13560 13571 I art     : Starting a blocking GC Explicit
08-04 00:32:14.409 13560 13571 I art     : Explicit concurrent mark sweep GC freed 3(96B) AllocSpace objects, 0(0B) LOS objects, 29% free, 37MB/53MB, paused 928us total 30.883ms
08-04 00:32:14.727 13560 21229 I art     : Starting a blocking GC Explicit
08-04 00:32:14.760 13560 21229 I art     : Explicit concurrent mark sweep GC freed 1439(82KB) AllocSpace objects, 1(20KB) LOS objects, 29% free, 37MB/53MB, paused 1.013ms total 33.003ms
08-04 00:32:14.770 13560 21229 I art     : Starting a blocking GC Explicit
08-04 00:32:14.802 13560 21229 I art     : Explicit concurrent mark sweep GC freed 22(784B) AllocSpace objects, 0(0B) LOS objects, 29% free, 37MB/53MB, paused 883us total 31.794ms
08-04 00:32:14.812 13560 21229 I art     : Starting a blocking GC Explicit
08-04 00:32:14.841 13560 21229 I art     : Explicit concurrent mark sweep GC freed 3(96B) AllocSpace objects, 0(0B) LOS objects, 29% free, 37MB/53MB, paused 947us total 29.355ms
08-04 00:32:14.852 13560 21229 I art     : Starting a blocking GC Explicit
08-04 00:32:14.884 13560 21229 I art     : Explicit concurrent mark sweep GC freed 3(96B) AllocSpace objects, 0(0B) LOS objects, 29% free, 37MB/53MB, paused 859us total 31.907ms
08-04 00:32:14.894 13560 21229 I art     : Starting a blocking GC Explicit
08-04 00:32:14.922 13560 21229 I art     : Explicit concurrent mark sweep GC freed 3(96B) AllocSpace objects, 0(0B) LOS objects, 29% free, 37MB/53MB, paused 879us total 28.637ms
08-04 00:32:14.990 22057 22057 D AndroidRuntime: >>>>>> START com.android.internal.os.RuntimeInit uid 2000 <<<<<<
08-04 00:32:14.995 22057 22057 D AndroidRuntime: CheckJNI is OFF
08-04 00:32:15.030 22057 22057 D ICU     : No timezone override file found: /data/misc/zoneinfo/current/icu/icu_tzdata.dat
08-04 00:32:15.066 22057 22057 I Radio-JNI: register_android_hardware_Radio DONE
08-04 00:32:15.086 22057 22057 D AndroidRuntime: Calling main entry com.android.commands.input.Input
08-04 00:32:15.088 22057 22057 I Input   : injectKeyEvent: KeyEvent { action=ACTION_DOWN, keyCode=KEYCODE_BACK, scanCode=0, metaState=0, flags=0x0, repeatCount=0, eventTime=664351501, downTime=664351501, deviceId=-1, source=0x101 }
08-04 00:32:15.093 22057 22057 I Input   : injectKeyEvent: KeyEvent { action=ACTION_UP, keyCode=KEYCODE_BACK, scanCode=0, metaState=0, flags=0x0, repeatCount=0, eventTime=664351501, downTime=664351501, deviceId=-1, source=0x101 }
08-04 00:32:15.097 22057 22057 D AndroidRuntime: Shutting down VM
08-04 00:32:15.206 13560 13571 I art     : Starting a blocking GC Explicit
08-04 00:32:15.226 13866 13866 I GoogleInputMethodServic: GoogleInputMethodService.onFinishInput():3138 
08-04 00:32:15.227 13866 13866 I GoogleInputMethodServic: GoogleInputMethodService.onStartInput():1808 
08-04 00:32:15.245 13560 13571 I art     : Explicit concurrent mark sweep GC freed 2840(224KB) AllocSpace objects, 5(100KB) LOS objects, 29% free, 37MB/53MB, paused 1.019ms total 38.926ms
08-04 00:32:15.255 13560 13571 I art     : Starting a blocking GC Explicit
08-04 00:32:15.288 13560 13571 I art     : Explicit concurrent mark sweep GC freed 775(58KB) AllocSpace objects, 1(20KB) LOS objects, 29% free, 37MB/53MB, paused 1.297ms total 32.555ms
08-04 00:32:15.298 13560 13571 I art     : Starting a blocking GC Explicit
08-04 00:32:15.327 13560 13571 I art     : Explicit concurrent mark sweep GC freed 25(1088B) AllocSpace objects, 1(28KB) LOS objects, 29% free, 37MB/53MB, paused 917us total 28.254ms
08-04 00:32:15.336 13560 13571 I art     : Starting a blocking GC Explicit
08-04 00:32:15.365 13560 13571 I art     : Explicit concurrent mark sweep GC freed 9(288B) AllocSpace objects, 0(0B) LOS objects, 29% free, 37MB/53MB, paused 902us total 28.049ms
08-04 00:32:15.375 13560 13571 I art     : Starting a blocking GC Explicit
08-04 00:32:15.406 13560 13571 I art     : Explicit concurrent mark sweep GC freed 3(96B) AllocSpace objects, 0(0B) LOS objects, 29% free, 37MB/53MB, paused 840us total 30.761ms
08-04 00:32:15.618 21114 21240 W FirebaseInstanceId: Token retrieval failed: SERVICE_NOT_AVAILABLE. Will retry token retrieval
08-04 00:32:15.712 13560 21229 I art     : Starting a blocking GC Explicit
08-04 00:32:15.742 13560 21229 I art     : Explicit concurrent mark sweep GC freed 3134(163KB) AllocSpace objects, 1(20KB) LOS objects, 29% free, 37MB/53MB, paused 849us total 29.776ms
08-04 00:32:15.751 13560 21229 I art     : Starting a blocking GC Explicit
08-04 00:32:15.780 13560 21229 I art     : Explicit concurrent mark sweep GC freed 153(7KB) AllocSpace objects, 0(0B) LOS objects, 29% free, 37MB/53MB, paused 915us total 28.593ms
08-04 00:32:15.789 13560 21229 I art     : Starting a blocking GC Explicit
08-04 00:32:15.818 13560 21229 I art     : Explicit concurrent mark sweep GC freed 8(256B) AllocSpace objects, 0(0B) LOS objects, 29% free, 37MB/53MB, paused 1.014ms total 29.527ms
08-04 00:32:15.828 13560 21229 I art     : Starting a blocking GC Explicit
08-04 00:32:15.857 13560 21229 I art     : Explicit concurrent mark sweep GC freed 8(256B) AllocSpace objects, 0(0B) LOS objects, 29% free, 37MB/53MB, paused 1.050ms total 29.055ms
08-04 00:32:15.866 13560 21229 I art     : Starting a blocking GC Explicit
08-04 00:32:15.896 13560 21229 I art     : Explicit concurrent mark sweep GC freed 7(224B) AllocSpace objects, 0(0B) LOS objects, 29% free, 37MB/53MB, paused 929us total 29.611ms
08-04 00:32:16.212 13560 13571 I art     : Starting a blocking GC Explicit
08-04 00:32:16.243 13560 13571 I art     : Explicit concurrent mark sweep GC freed 1480(84KB) AllocSpace objects, 1(20KB) LOS objects, 29% free, 37MB/53MB, paused 946us total 31.343ms
08-04 00:32:16.252 13560 13571 I art     : Starting a blocking GC Explicit
08-04 00:32:16.286 13560 13571 I art     : Explicit concurrent mark sweep GC freed 118(4KB) AllocSpace objects, 0(0B) LOS objects, 29% free, 37MB/53MB, paused 1.090ms total 33.455ms
08-04 00:32:16.297 13560 13571 I art     : Starting a blocking GC Explicit
08-04 00:32:16.332 13560 13571 I art     : Explicit concurrent mark sweep GC freed 14(512B) AllocSpace objects, 0(0B) LOS objects, 29% free, 37MB/53MB, paused 997us total 34.402ms
08-04 00:32:16.343 13560 13571 I art     : Starting a blocking GC Explicit
08-04 00:32:16.377 13560 13571 I art     : Explicit concurrent mark sweep GC freed 21(848B) AllocSpace objects, 0(0B) LOS objects, 29% free, 37MB/53MB, paused 1.117ms total 33.813ms
08-04 00:32:16.387 13560 13571 I art     : Starting a blocking GC Explicit
08-04 00:32:16.418 13560 13571 I art     : Explicit concurrent mark sweep GC freed 69(4KB) AllocSpace objects, 0(0B) LOS objects, 29% free, 37MB/53MB, paused 1.099ms total 31.106ms
08-04 00:32:16.429   518   646 I ThermalEngine: ACTION: GPU - Setting GPU[0] to 450000000
08-04 00:32:16.742 13560 21229 I art     : Starting a blocking GC Explicit
08-04 00:32:16.782 13560 21229 I art     : Explicit concurrent mark sweep GC freed 1469(83KB) AllocSpace objects, 1(20KB) LOS objects, 29% free, 37MB/53MB, paused 1.331ms total 39.923ms
08-04 00:32:16.795 13560 21229 I art     : Starting a blocking GC Explicit
08-04 00:32:16.827 22108 22108 D AndroidRuntime: >>>>>> START com.android.internal.os.RuntimeInit uid 2000 <<<<<<
08-04 00:32:16.832 22108 22108 D AndroidRuntime: CheckJNI is OFF
08-04 00:32:16.836 13560 21229 I art     : Explicit concurrent mark sweep GC freed 36(1232B) AllocSpace objects, 0(0B) LOS objects, 29% free, 37MB/53MB, paused 1.548ms total 40.907ms
08-04 00:32:16.849 13560 21229 I art     : Starting a blocking GC Explicit
08-04 00:32:16.878 22108 22108 D ICU     : No timezone override file found: /data/misc/zoneinfo/current/icu/icu_tzdata.dat
08-04 00:32:16.893 13560 21229 I art     : Explicit concurrent mark sweep GC freed 687(28KB) AllocSpace objects, 0(0B) LOS objects, 29% free, 37MB/53MB, paused 1.902ms total 43.252ms
08-04 00:32:16.905 13560 21229 I art     : Starting a blocking GC Explicit
08-04 00:32:16.925 22108 22108 I Radio-JNI: register_android_hardware_Radio DONE
08-04 00:32:16.942 13560 21981 E baseline.com.newsblur.network.APIResponse: Error (unexpected end of stream on https://www.newsblur.com/...) calling https://www.newsblur.com/reader/mark_story_hashes_as_read/
08-04 00:32:16.942 13560 21981 E baseline.com.newsblur.network.APIResponse: java.io.IOException: unexpected end of stream on https://www.newsblur.com/...
08-04 00:32:16.942 13560 21981 E baseline.com.newsblur.network.APIResponse: 	at okhttp3.internal.http1.Http1ExchangeCodec.readResponseHeaders(Http1ExchangeCodec.java:236)
08-04 00:32:16.942 13560 21981 E baseline.com.newsblur.network.APIResponse: 	at okhttp3.internal.connection.Exchange.readResponseHeaders(Exchange.java:115)
08-04 00:32:16.942 13560 21981 E baseline.com.newsblur.network.APIResponse: 	at okhttp3.internal.http.CallServerInterceptor.intercept(CallServerInterceptor.java:94)
08-04 00:32:16.942 13560 21981 E baseline.com.newsblur.network.APIResponse: 	at okhttp3.internal.http.RealInterceptorChain.proceed(RealInterceptorChain.java:142)
08-04 00:32:16.942 13560 21981 E baseline.com.newsblur.network.APIResponse: 	at okhttp3.internal.connection.ConnectInterceptor.intercept(ConnectInterceptor.java:43)
08-04 00:32:16.942 13560 21981 E baseline.com.newsblur.network.APIResponse: 	at okhttp3.internal.http.RealInterceptorChain.proceed(RealInterceptorChain.java:142)
08-04 00:32:16.942 13560 21981 E baseline.com.newsblur.network.APIResponse: 	at okhttp3.internal.http.RealInterceptorChain.proceed(RealInterceptorChain.java:117)
08-04 00:32:16.942 13560 21981 E baseline.com.newsblur.network.APIResponse: 	at okhttp3.internal.cache.CacheInterceptor.intercept(CacheInterceptor.java:94)
08-04 00:32:16.942 13560 21981 E baseline.com.newsblur.network.APIResponse: 	at okhttp3.internal.http.RealInterceptorChain.proceed(RealInterceptorChain.java:142)
08-04 00:32:16.942 13560 21981 E baseline.com.newsblur.network.APIResponse: 	at okhttp3.internal.http.RealInterceptorChain.proceed(RealInterceptorChain.java:117)
08-04 00:32:16.942 13560 21981 E baseline.com.newsblur.network.APIResponse: 	at okhttp3.internal.http.BridgeInterceptor.intercept(BridgeInterceptor.java:93)
08-04 00:32:16.942 13560 21981 E baseline.com.newsblur.network.APIResponse: 	at okhttp3.internal.http.RealInterceptorChain.proceed(RealInterceptorChain.java:142)
08-04 00:32:16.942 13560 21981 E baseline.com.newsblur.network.APIResponse: 	at okhttp3.internal.http.RetryAndFollowUpInterceptor.intercept(RetryAndFollowUpInterceptor.java:88)
08-04 00:32:16.942 13560 21981 E baseline.com.newsblur.network.APIResponse: 	at okhttp3.internal.http.RealInterceptorChain.proceed(RealInterceptorChain.java:142)
08-04 00:32:16.942 13560 21981 E baseline.com.newsblur.network.APIResponse: 	at okhttp3.internal.http.RealInterceptorChain.proceed(RealInterceptorChain.java:117)
08-04 00:32:16.942 13560 21981 E baseline.com.newsblur.network.APIResponse: 	at okhttp3.RealCall.getResponseWithInterceptorChain(RealCall.java:229)
08-04 00:32:16.942 13560 21981 E baseline.com.newsblur.network.APIResponse: 	at okhttp3.RealCall.execute(RealCall.java:81)
08-04 00:32:16.942 13560 21981 E baseline.com.newsblur.network.APIResponse: 	at baseline.com.newsblur.network.APIResponse.<init>(APIResponse.java:57)
08-04 00:32:16.942 13560 21981 E baseline.com.newsblur.network.APIResponse: 	at baseline.com.newsblur.network.APIResponse.<init>(APIResponse.java:43)
08-04 00:32:16.942 13560 21981 E baseline.com.newsblur.network.APIResponse: 	at baseline.com.newsblur.network.APIManager.post_single(APIManager.java:702)
08-04 00:32:16.942 13560 21981 E baseline.com.newsblur.network.APIResponse: 	at baseline.com.newsblur.network.APIManager.post(APIManager.java:675)
08-04 00:32:16.942 13560 21981 E baseline.com.newsblur.network.APIResponse: 	at baseline.com.newsblur.network.APIManager.post(APIManager.java:714)
08-04 00:32:16.942 13560 21981 E baseline.com.newsblur.network.APIResponse: 	at baseline.com.newsblur.network.APIManager.markStoryAsRead(APIManager.java:205)
08-04 00:32:16.942 13560 21981 E baseline.com.newsblur.network.APIResponse: 	at baseline.com.newsblur.util.ReadingAction.doRemote(ReadingAction.java:281)
08-04 00:32:16.942 13560 21981 E baseline.com.newsblur.network.APIResponse: 	at baseline.com.newsblur.service.NBSyncService.syncActions(NBSyncService.java:400)
08-04 00:32:16.942 13560 21981 E baseline.com.newsblur.network.APIResponse: 	at baseline.com.newsblur.service.NBSyncService.doSync(NBSyncService.java:298)
08-04 00:32:16.942 13560 21981 E baseline.com.newsblur.network.APIResponse: 	at baseline.com.newsblur.service.NBSyncService.access$100(NBSyncService.java:67)
08-04 00:32:16.942 13560 21981 E baseline.com.newsblur.network.APIResponse: 	at baseline.com.newsblur.service.NBSyncService$1.run(NBSyncService.java:188)
08-04 00:32:16.942 13560 21981 E baseline.com.newsblur.network.APIResponse: 	at java.util.concurrent.ThreadPoolExecutor.runWorker(ThreadPoolExecutor.java:1113)
08-04 00:32:16.942 13560 21981 E baseline.com.newsblur.network.APIResponse: 	at java.util.concurrent.ThreadPoolExecutor$Worker.run(ThreadPoolExecutor.java:588)
08-04 00:32:16.942 13560 21981 E baseline.com.newsblur.network.APIResponse: 	at java.lang.Thread.run(Thread.java:818)
08-04 00:32:16.942 13560 21981 E baseline.com.newsblur.network.APIResponse: Caused by: java.io.EOFException: \n not found: limit=0 content=
08-04 00:32:16.942 13560 21981 E baseline.com.newsblur.network.APIResponse: 	at okio.RealBufferedSource.readUtf8LineStrict(RealBufferedSource.java:240)
08-04 00:32:16.942 13560 21981 E baseline.com.newsblur.network.APIResponse: 	at okhttp3.internal.http1.Http1ExchangeCodec.readHeaderLine(Http1ExchangeCodec.java:242)
08-04 00:32:16.942 13560 21981 E baseline.com.newsblur.network.APIResponse: 	at okhttp3.internal.http1.Http1ExchangeCodec.readResponseHeaders(Http1ExchangeCodec.java:213)
08-04 00:32:16.942 13560 21981 E baseline.com.newsblur.network.APIResponse: 	... 30 more
08-04 00:32:16.943 13560 21981 I baseline.com.newsblur.service.NBSyncService: Holding reading action with server-side or network error.
08-04 00:32:16.946 13560 21229 I art     : Explicit concurrent mark sweep GC freed 1418(161KB) AllocSpace objects, 0(0B) LOS objects, 29% free, 37MB/53MB, paused 1.422ms total 41.167ms
08-04 00:32:16.954 22108 22108 D AndroidRuntime: Calling main entry com.android.commands.input.Input
08-04 00:32:16.956 22108 22108 I Input   : injectKeyEvent: KeyEvent { action=ACTION_DOWN, keyCode=KEYCODE_BACK, scanCode=0, metaState=0, flags=0x0, repeatCount=0, eventTime=664353369, downTime=664353369, deviceId=-1, source=0x101 }
08-04 00:32:16.958 13560 21229 I art     : Starting a blocking GC Explicit
08-04 00:32:16.962 22108 22108 I Input   : injectKeyEvent: KeyEvent { action=ACTION_UP, keyCode=KEYCODE_BACK, scanCode=0, metaState=0, flags=0x0, repeatCount=0, eventTime=664353369, downTime=664353369, deviceId=-1, source=0x101 }
08-04 00:32:16.964 13560 21981 W baseline.com.newsblur.service.NBSyncService: hard API failure
08-04 00:32:16.969 22108 22108 D AndroidRuntime: Shutting down VM
08-04 00:32:16.998 13560 21229 I art     : Explicit concurrent mark sweep GC freed 1179(200KB) AllocSpace objects, 8(160KB) LOS objects, 29% free, 37MB/53MB, paused 1.401ms total 39.416ms
08-04 00:32:17.144 13866 13866 I GoogleInputMethodServic: GoogleInputMethodService.onFinishInput():3138 
08-04 00:32:17.145 13866 13866 I GoogleInputMethodServic: GoogleInputMethodService.onStartInput():1808 
08-04 00:32:17.323 13560 13572 I art     : Starting a blocking GC Explicit
08-04 00:32:17.337 13560 21981 E baseline.com.newsblur.network.APIResponse: Error (unexpected end of stream on https://www.newsblur.com/...) calling https://www.newsblur.com/reader/mark_story_hashes_as_read/
08-04 00:32:17.337 13560 21981 E baseline.com.newsblur.network.APIResponse: java.io.IOException: unexpected end of stream on https://www.newsblur.com/...
08-04 00:32:17.337 13560 21981 E baseline.com.newsblur.network.APIResponse: 	at okhttp3.internal.http1.Http1ExchangeCodec.readResponseHeaders(Http1ExchangeCodec.java:236)
08-04 00:32:17.337 13560 21981 E baseline.com.newsblur.network.APIResponse: 	at okhttp3.internal.connection.Exchange.readResponseHeaders(Exchange.java:115)
08-04 00:32:17.337 13560 21981 E baseline.com.newsblur.network.APIResponse: 	at okhttp3.internal.http.CallServerInterceptor.intercept(CallServerInterceptor.java:94)
08-04 00:32:17.337 13560 21981 E baseline.com.newsblur.network.APIResponse: 	at okhttp3.internal.http.RealInterceptorChain.proceed(RealInterceptorChain.java:142)
08-04 00:32:17.337 13560 21981 E baseline.com.newsblur.network.APIResponse: 	at okhttp3.internal.connection.ConnectInterceptor.intercept(ConnectInterceptor.java:43)
08-04 00:32:17.337 13560 21981 E baseline.com.newsblur.network.APIResponse: 	at okhttp3.internal.http.RealInterceptorChain.proceed(RealInterceptorChain.java:142)
08-04 00:32:17.337 13560 21981 E baseline.com.newsblur.network.APIResponse: 	at okhttp3.internal.http.RealInterceptorChain.proceed(RealInterceptorChain.java:117)
08-04 00:32:17.337 13560 21981 E baseline.com.newsblur.network.APIResponse: 	at okhttp3.internal.cache.CacheInterceptor.intercept(CacheInterceptor.java:94)
08-04 00:32:17.337 13560 21981 E baseline.com.newsblur.network.APIResponse: 	at okhttp3.internal.http.RealInterceptorChain.proceed(RealInterceptorChain.java:142)
08-04 00:32:17.337 13560 21981 E baseline.com.newsblur.network.APIResponse: 	at okhttp3.internal.http.RealInterceptorChain.proceed(RealInterceptorChain.java:117)
08-04 00:32:17.337 13560 21981 E baseline.com.newsblur.network.APIResponse: 	at okhttp3.internal.http.BridgeInterceptor.intercept(BridgeInterceptor.java:93)
08-04 00:32:17.337 13560 21981 E baseline.com.newsblur.network.APIResponse: 	at okhttp3.internal.http.RealInterceptorChain.proceed(RealInterceptorChain.java:142)
08-04 00:32:17.337 13560 21981 E baseline.com.newsblur.network.APIResponse: 	at okhttp3.internal.http.RetryAndFollowUpInterceptor.intercept(RetryAndFollowUpInterceptor.java:88)
08-04 00:32:17.337 13560 21981 E baseline.com.newsblur.network.APIResponse: 	at okhttp3.internal.http.RealInterceptorChain.proceed(RealInterceptorChain.java:142)
08-04 00:32:17.337 13560 21981 E baseline.com.newsblur.network.APIResponse: 	at okhttp3.internal.http.RealInterceptorChain.proceed(RealInterceptorChain.java:117)
08-04 00:32:17.337 13560 21981 E baseline.com.newsblur.network.APIResponse: 	at okhttp3.RealCall.getResponseWithInterceptorChain(RealCall.java:229)
08-04 00:32:17.337 13560 21981 E baseline.com.newsblur.network.APIResponse: 	at okhttp3.RealCall.execute(RealCall.java:81)
08-04 00:32:17.337 13560 21981 E baseline.com.newsblur.network.APIResponse: 	at baseline.com.newsblur.network.APIResponse.<init>(APIResponse.java:57)
08-04 00:32:17.337 13560 21981 E baseline.com.newsblur.network.APIResponse: 	at baseline.com.newsblur.network.APIResponse.<init>(APIResponse.java:43)
08-04 00:32:17.337 13560 21981 E baseline.com.newsblur.network.APIResponse: 	at baseline.com.newsblur.network.APIManager.post_single(APIManager.java:702)
08-04 00:32:17.337 13560 21981 E baseline.com.newsblur.network.APIResponse: 	at baseline.com.newsblur.network.APIManager.post(APIManager.java:675)
08-04 00:32:17.337 13560 21981 E baseline.com.newsblur.network.APIResponse: 	at baseline.com.newsblur.network.APIManager.post(APIManager.java:714)
08-04 00:32:17.337 13560 21981 E baseline.com.newsblur.network.APIResponse: 	at baseline.com.newsblur.network.APIManager.markStoryAsRead(APIManager.java:205)
08-04 00:32:17.337 13560 21981 E baseline.com.newsblur.network.APIResponse: 	at baseline.com.newsblur.util.ReadingAction.doRemote(ReadingAction.java:281)
08-04 00:32:17.337 13560 21981 E baseline.com.newsblur.network.APIResponse: 	at baseline.com.newsblur.service.NBSyncService.syncActions(NBSyncService.java:400)
08-04 00:32:17.337 13560 21981 E baseline.com.newsblur.network.APIResponse: 	at baseline.com.newsblur.service.NBSyncService.doSync(NBSyncService.java:298)
08-04 00:32:17.337 13560 21981 E baseline.com.newsblur.network.APIResponse: 	at baseline.com.newsblur.service.NBSyncService.access$100(NBSyncService.java:67)
08-04 00:32:17.337 13560 21981 E baseline.com.newsblur.network.APIResponse: 	at baseline.com.newsblur.service.NBSyncService$1.run(NBSyncService.java:188)
08-04 00:32:17.337 13560 21981 E baseline.com.newsblur.network.APIResponse: 	at java.util.concurrent.ThreadPoolExecutor.runWorker(ThreadPoolExecutor.java:1113)
08-04 00:32:17.337 13560 21981 E baseline.com.newsblur.network.APIResponse: 	at java.util.concurrent.ThreadPoolExecutor$Worker.run(ThreadPoolExecutor.java:588)
08-04 00:32:17.337 13560 21981 E baseline.com.newsblur.network.APIResponse: 	at java.lang.Thread.run(Thread.java:818)
08-04 00:32:17.337 13560 21981 E baseline.com.newsblur.network.APIResponse: Caused by: java.io.EOFException: \n not found: limit=0 content=
08-04 00:32:17.337 13560 21981 E baseline.com.newsblur.network.APIResponse: 	at okio.RealBufferedSource.readUtf8LineStrict(RealBufferedSource.java:240)
08-04 00:32:17.337 13560 21981 E baseline.com.newsblur.network.APIResponse: 	at okhttp3.internal.http1.Http1ExchangeCodec.readHeaderLine(Http1ExchangeCodec.java:242)
08-04 00:32:17.337 13560 21981 E baseline.com.newsblur.network.APIResponse: 	at okhttp3.internal.http1.Http1ExchangeCodec.readResponseHeaders(Http1ExchangeCodec.java:213)
08-04 00:32:17.337 13560 21981 E baseline.com.newsblur.network.APIResponse: 	... 30 more
08-04 00:32:17.338 13560 21981 I baseline.com.newsblur.network.APIManager: API call failed, pausing before retry number 1
08-04 00:32:17.364 13560 13572 I art     : Explicit concurrent mark sweep GC freed 11822(857KB) AllocSpace objects, 11(220KB) LOS objects, 29% free, 37MB/53MB, paused 1.168ms total 40.451ms
08-04 00:32:17.376 13560 13572 I art     : Starting a blocking GC Explicit
08-04 00:32:17.416 13560 13572 I art     : Explicit concurrent mark sweep GC freed 346(25KB) AllocSpace objects, 0(0B) LOS objects, 29% free, 37MB/53MB, paused 1.263ms total 39.104ms
08-04 00:32:17.430 13560 13572 I art     : Starting a blocking GC Explicit
08-04 00:32:17.471 13560 13572 I art     : Explicit concurrent mark sweep GC freed 25(832B) AllocSpace objects, 0(0B) LOS objects, 29% free, 37MB/53MB, paused 1.218ms total 40.760ms
08-04 00:32:17.485 13560 13572 I art     : Starting a blocking GC Explicit
08-04 00:32:17.526 13560 13572 I art     : Explicit concurrent mark sweep GC freed 408(18KB) AllocSpace objects, 0(0B) LOS objects, 29% free, 37MB/53MB, paused 1.316ms total 40.999ms
08-04 00:32:17.539 13560 13572 I art     : Starting a blocking GC Explicit
08-04 00:32:17.578 13560 13572 I art     : Explicit concurrent mark sweep GC freed 51(2144B) AllocSpace objects, 0(0B) LOS objects, 29% free, 37MB/53MB, paused 1.215ms total 38.991ms
08-04 00:32:17.931 13560 13572 I art     : Starting a blocking GC Explicit
08-04 00:32:17.977 13560 13572 I art     : Explicit concurrent mark sweep GC freed 1622(90KB) AllocSpace objects, 1(20KB) LOS objects, 29% free, 37MB/53MB, paused 1.379ms total 45.617ms
08-04 00:32:17.990 13560 13572 I art     : Starting a blocking GC Explicit
08-04 00:32:18.033 13560 13572 I art     : Explicit concurrent mark sweep GC freed 28(976B) AllocSpace objects, 0(0B) LOS objects, 29% free, 37MB/53MB, paused 1.277ms total 43.068ms
08-04 00:32:18.047 13560 13572 I art     : Starting a blocking GC Explicit
08-04 00:32:18.088 13560 13572 I art     : Explicit concurrent mark sweep GC freed 10(320B) AllocSpace objects, 0(0B) LOS objects, 29% free, 37MB/53MB, paused 1.258ms total 41.311ms
08-04 00:32:18.102 13560 13572 I art     : Starting a blocking GC Explicit
08-04 00:32:18.144 13560 13572 I art     : Explicit concurrent mark sweep GC freed 10(320B) AllocSpace objects, 0(0B) LOS objects, 29% free, 37MB/53MB, paused 1.538ms total 42.240ms
08-04 00:32:18.157 13560 13572 I art     : Starting a blocking GC Explicit
08-04 00:32:18.199 13560 13572 I art     : Explicit concurrent mark sweep GC freed 9(288B) AllocSpace objects, 0(0B) LOS objects, 29% free, 37MB/53MB, paused 1.329ms total 41.593ms
08-04 00:32:18.534 13560 21596 I art     : Starting a blocking GC Explicit
08-04 00:32:18.580 13560 21596 I art     : Explicit concurrent mark sweep GC freed 1481(84KB) AllocSpace objects, 1(20KB) LOS objects, 29% free, 37MB/53MB, paused 1.622ms total 45.603ms
08-04 00:32:18.593 13560 21596 I art     : Starting a blocking GC Explicit
08-04 00:32:18.635 13560 21596 I art     : Explicit concurrent mark sweep GC freed 23(816B) AllocSpace objects, 0(0B) LOS objects, 29% free, 37MB/53MB, paused 1.332ms total 42.235ms
08-04 00:32:18.648 13560 21596 I art     : Starting a blocking GC Explicit
08-04 00:32:18.691 13560 21596 I art     : Explicit concurrent mark sweep GC freed 3(96B) AllocSpace objects, 0(0B) LOS objects, 29% free, 37MB/53MB, paused 1.292ms total 42.867ms
08-04 00:32:18.704 13560 21596 I art     : Starting a blocking GC Explicit
08-04 00:32:18.736 22151 22151 D AndroidRuntime: >>>>>> START com.android.internal.os.RuntimeInit uid 2000 <<<<<<
08-04 00:32:18.742 22151 22151 D AndroidRuntime: CheckJNI is OFF
08-04 00:32:18.747 13560 21596 I art     : Explicit concurrent mark sweep GC freed 3(96B) AllocSpace objects, 0(0B) LOS objects, 29% free, 37MB/53MB, paused 1.537ms total 43.051ms
08-04 00:32:18.760 13560 21596 I art     : Starting a blocking GC Explicit
08-04 00:32:18.788 22151 22151 D ICU     : No timezone override file found: /data/misc/zoneinfo/current/icu/icu_tzdata.dat
08-04 00:32:18.802 13560 21596 I art     : Explicit concurrent mark sweep GC freed 3(96B) AllocSpace objects, 0(0B) LOS objects, 29% free, 37MB/53MB, paused 1.412ms total 41.998ms
08-04 00:32:18.834 22151 22151 I Radio-JNI: register_android_hardware_Radio DONE
08-04 00:32:18.863 22151 22151 D AndroidRuntime: Calling main entry com.android.commands.input.Input
08-04 00:32:18.865 22151 22151 I Input   : injectMotionEvent: MotionEvent { action=ACTION_DOWN, actionButton=0, id[0]=0, x[0]=594.0, y[0]=330.0, toolType[0]=TOOL_TYPE_UNKNOWN, buttonState=0, metaState=0, flags=0x0, edgeFlags=0x0, pointerCount=1, historySize=0, eventTime=664355277, downTime=664355277, deviceId=0, source=0x1002 }
08-04 00:32:18.871 22151 22151 I Input   : injectMotionEvent: MotionEvent { action=ACTION_UP, actionButton=0, id[0]=0, x[0]=594.0, y[0]=330.0, toolType[0]=TOOL_TYPE_UNKNOWN, buttonState=0, metaState=0, flags=0x0, edgeFlags=0x0, pointerCount=1, historySize=0, eventTime=664355277, downTime=664355277, deviceId=0, source=0x1002 }
08-04 00:32:18.875 22151 22151 D AndroidRuntime: Shutting down VM
08-04 00:32:18.942   918  5132 I ActivityManager: START u0 {cmp=baseline.com.newsblur/.activity.GlobalSharedStoriesItemsList (has extras)} from uid 10652 on display 0
08-04 00:32:18.944 17791 17791 I ServiceManager: Waiting for service AtCmdFwd...
08-04 00:32:18.967 13560 21191 I baseline.com.newsblur.database.BlurDatabaseHelper: reading session reset
08-04 00:32:19.126 13560 21229 I art     : Starting a blocking GC Explicit
08-04 00:32:19.149 13560 13560 W View    : requestLayout() improperly called by android.widget.FrameLayout{1528ed3 V.E...... ......ID 0,0-1440,18 #7f07003f app:id/footer_view_inner} during layout: running second layout pass
08-04 00:32:19.149 13560 13560 W View    : requestLayout() improperly called by android.widget.FrameLayout{1dd4a10 V.E...... ......ID 0,0-1440,476 #7f07003f app:id/footer_view_inner} during layout: running second layout pass
08-04 00:32:19.167   918   936 I ActivityManager: Displayed baseline.com.newsblur/.activity.GlobalSharedStoriesItemsList: +213ms
08-04 00:32:19.172 13560 21229 I art     : Explicit concurrent mark sweep GC freed 4477(350KB) AllocSpace objects, 8(252KB) LOS objects, 29% free, 37MB/53MB, paused 1.932ms total 45.658ms
08-04 00:32:19.174 13866 13866 I GoogleInputMethodServic: GoogleInputMethodService.onFinishInput():3138 
08-04 00:32:19.174 13866 13866 I GoogleInputMethodServic: GoogleInputMethodService.onStartInput():1808 
08-04 00:32:19.184 13560 21229 I art     : Starting a blocking GC Explicit
08-04 00:32:19.227 13560 21229 I art     : Explicit concurrent mark sweep GC freed 1302(91KB) AllocSpace objects, 4(80KB) LOS objects, 29% free, 37MB/53MB, paused 1.846ms total 42.782ms
08-04 00:32:19.239 13560 21229 I art     : Starting a blocking GC Explicit
08-04 00:32:19.281 13560 21229 I art     : Explicit concurrent mark sweep GC freed 2779(140KB) AllocSpace objects, 3(60KB) LOS objects, 29% free, 37MB/53MB, paused 1.466ms total 41.748ms
08-04 00:32:19.293 13560 21229 I art     : Starting a blocking GC Explicit
08-04 00:32:19.296 13560 22185 I NAPPA_EXPERIMENTATION: MetricNetworkRequestExecutionTime: REQUEST_DURATION_SYSTEM='38',REQUEST_DURATION_OKHTTP='37',REQUEST_SYNCHRONOUS='TRUE',RESPONSE_CODE='200',RESPONSE_METHOD='GET',RESPONSE_LENGTH_OKHTTP='43',RESPONSE_LENGTH_HEADER='43',REQUEST_PROTOCOL='http/1.1',REQUEST_URL='http://feeds.feedburner.com/~r/retort/~4/UffaFMiJbNs',
08-04 00:32:19.316 13560 21981 E baseline.com.newsblur.network.APIResponse: Error (unexpected end of stream on https://www.newsblur.com/...) calling https://www.newsblur.com/reader/mark_story_hashes_as_read/
08-04 00:32:19.316 13560 21981 E baseline.com.newsblur.network.APIResponse: java.io.IOException: unexpected end of stream on https://www.newsblur.com/...
08-04 00:32:19.316 13560 21981 E baseline.com.newsblur.network.APIResponse: 	at okhttp3.internal.http1.Http1ExchangeCodec.readResponseHeaders(Http1ExchangeCodec.java:236)
08-04 00:32:19.316 13560 21981 E baseline.com.newsblur.network.APIResponse: 	at okhttp3.internal.connection.Exchange.readResponseHeaders(Exchange.java:115)
08-04 00:32:19.316 13560 21981 E baseline.com.newsblur.network.APIResponse: 	at okhttp3.internal.http.CallServerInterceptor.intercept(CallServerInterceptor.java:94)
08-04 00:32:19.316 13560 21981 E baseline.com.newsblur.network.APIResponse: 	at okhttp3.internal.http.RealInterceptorChain.proceed(RealInterceptorChain.java:142)
08-04 00:32:19.316 13560 21981 E baseline.com.newsblur.network.APIResponse: 	at okhttp3.internal.connection.ConnectInterceptor.intercept(ConnectInterceptor.java:43)
08-04 00:32:19.316 13560 21981 E baseline.com.newsblur.network.APIResponse: 	at okhttp3.internal.http.RealInterceptorChain.proceed(RealInterceptorChain.java:142)
08-04 00:32:19.316 13560 21981 E baseline.com.newsblur.network.APIResponse: 	at okhttp3.internal.http.RealInterceptorChain.proceed(RealInterceptorChain.java:117)
08-04 00:32:19.316 13560 21981 E baseline.com.newsblur.network.APIResponse: 	at okhttp3.internal.cache.CacheInterceptor.intercept(CacheInterceptor.java:94)
08-04 00:32:19.316 13560 21981 E baseline.com.newsblur.network.APIResponse: 	at okhttp3.internal.http.RealInterceptorChain.proceed(RealInterceptorChain.java:142)
08-04 00:32:19.316 13560 21981 E baseline.com.newsblur.network.APIResponse: 	at okhttp3.internal.http.RealInterceptorChain.proceed(RealInterceptorChain.java:117)
08-04 00:32:19.316 13560 21981 E baseline.com.newsblur.network.APIResponse: 	at okhttp3.internal.http.BridgeInterceptor.intercept(BridgeInterceptor.java:93)
08-04 00:32:19.316 13560 21981 E baseline.com.newsblur.network.APIResponse: 	at okhttp3.internal.http.RealInterceptorChain.proceed(RealInterceptorChain.java:142)
08-04 00:32:19.316 13560 21981 E baseline.com.newsblur.network.APIResponse: 	at okhttp3.internal.http.RetryAndFollowUpInterceptor.intercept(RetryAndFollowUpInterceptor.java:88)
08-04 00:32:19.316 13560 21981 E baseline.com.newsblur.network.APIResponse: 	at okhttp3.internal.http.RealInterceptorChain.proceed(RealInterceptorChain.java:142)
08-04 00:32:19.316 13560 21981 E baseline.com.newsblur.network.APIResponse: 	at okhttp3.internal.http.RealInterceptorChain.proceed(RealInterceptorChain.java:117)
08-04 00:32:19.316 13560 21981 E baseline.com.newsblur.network.APIResponse: 	at okhttp3.RealCall.getResponseWithInterceptorChain(RealCall.java:229)
08-04 00:32:19.316 13560 21981 E baseline.com.newsblur.network.APIResponse: 	at okhttp3.RealCall.execute(RealCall.java:81)
08-04 00:32:19.316 13560 21981 E baseline.com.newsblur.network.APIResponse: 	at baseline.com.newsblur.network.APIResponse.<init>(APIResponse.java:57)
08-04 00:32:19.316 13560 21981 E baseline.com.newsblur.network.APIResponse: 	at baseline.com.newsblur.network.APIResponse.<init>(APIResponse.java:43)
08-04 00:32:19.316 13560 21981 E baseline.com.newsblur.network.APIResponse: 	at baseline.com.newsblur.network.APIManager.post_single(APIManager.java:702)
08-04 00:32:19.316 13560 21981 E baseline.com.newsblur.network.APIResponse: 	at baseline.com.newsblur.network.APIManager.post(APIManager.java:675)
08-04 00:32:19.316 13560 21981 E baseline.com.newsblur.network.APIResponse: 	at baseline.com.newsblur.network.APIManager.post(APIManager.java:714)
08-04 00:32:19.316 13560 21981 E baseline.com.newsblur.network.APIResponse: 	at baseline.com.newsblur.network.APIManager.markStoryAsRead(APIManager.java:205)
08-04 00:32:19.316 13560 21981 E baseline.com.newsblur.network.APIResponse: 	at baseline.com.newsblur.util.ReadingAction.doRemote(ReadingAction.java:281)
08-04 00:32:19.316 13560 21981 E baseline.com.newsblur.network.APIResponse: 	at baseline.com.newsblur.service.NBSyncService.syncActions(NBSyncService.java:400)
08-04 00:32:19.316 13560 21981 E baseline.com.newsblur.network.APIResponse: 	at baseline.com.newsblur.service.NBSyncService.doSync(NBSyncService.java:298)
08-04 00:32:19.316 13560 21981 E baseline.com.newsblur.network.APIResponse: 	at baseline.com.newsblur.service.NBSyncService.access$100(NBSyncService.java:67)
08-04 00:32:19.316 13560 21981 E baseline.com.newsblur.network.APIResponse: 	at baseline.com.newsblur.service.NBSyncService$1.run(NBSyncService.java:188)
08-04 00:32:19.316 13560 21981 E baseline.com.newsblur.network.APIResponse: 	at java.util.concurrent.ThreadPoolExecutor.runWorker(ThreadPoolExecutor.java:1113)
08-04 00:32:19.316 13560 21981 E baseline.com.newsblur.network.APIResponse: 	at java.util.concurrent.ThreadPoolExecutor$Worker.run(ThreadPoolExecutor.java:588)
08-04 00:32:19.316 13560 21981 E baseline.com.newsblur.network.APIResponse: 	at java.lang.Thread.run(Thread.java:818)
08-04 00:32:19.316 13560 21981 E baseline.com.newsblur.network.APIResponse: Caused by: java.io.EOFException: \n not found: limit=0 content=
08-04 00:32:19.316 13560 21981 E baseline.com.newsblur.network.APIResponse: 	at okio.RealBufferedSource.readUtf8LineStrict(RealBufferedSource.java:240)
08-04 00:32:19.316 13560 21981 E baseline.com.newsblur.network.APIResponse: 	at okhttp3.internal.http1.Http1ExchangeCodec.readHeaderLine(Http1ExchangeCodec.java:242)
08-04 00:32:19.316 13560 21981 E baseline.com.newsblur.network.APIResponse: 	at okhttp3.internal.http1.Http1ExchangeCodec.readResponseHeaders(Http1ExchangeCodec.java:213)
08-04 00:32:19.316 13560 21981 E baseline.com.newsblur.network.APIResponse: 	... 30 more
08-04 00:32:19.317 13560 21981 I baseline.com.newsblur.network.APIManager: API call failed, pausing before retry number 2
08-04 00:32:19.336 13560 21229 I art     : Explicit concurrent mark sweep GC freed 1180(231KB) AllocSpace objects, 3(60KB) LOS objects, 29% free, 37MB/53MB, paused 1.472ms total 42.811ms
08-04 00:32:19.336 13560 13570 I art     : WaitForGcToComplete blocked for 43.070ms for cause HeapTrim
08-04 00:32:19.349 13560 21229 I art     : Starting a blocking GC Explicit
08-04 00:32:19.394 13560 21229 I art     : Explicit concurrent mark sweep GC freed 236(21KB) AllocSpace objects, 0(0B) LOS objects, 29% free, 37MB/53MB, paused 1.280ms total 44.588ms
08-04 00:32:19.744 13560 21229 I art     : Starting a blocking GC Explicit
08-04 00:32:19.793 13560 21229 I art     : Explicit concurrent mark sweep GC freed 1870(112KB) AllocSpace objects, 2(40KB) LOS objects, 29% free, 37MB/53MB, paused 1.536ms total 49.209ms
08-04 00:32:19.809 13560 21229 I art     : Starting a blocking GC Explicit
08-04 00:32:19.852 13560 21229 I art     : Explicit concurrent mark sweep GC freed 29(1072B) AllocSpace objects, 0(0B) LOS objects, 29% free, 37MB/53MB, paused 1.345ms total 43.344ms
08-04 00:32:19.865 13560 21229 I art     : Starting a blocking GC Explicit
08-04 00:32:19.908 13560 21229 I art     : Explicit concurrent mark sweep GC freed 3(96B) AllocSpace objects, 0(0B) LOS objects, 29% free, 37MB/53MB, paused 1.357ms total 42.956ms
08-04 00:32:19.921 13560 21229 I art     : Starting a blocking GC Explicit
08-04 00:32:19.944 17791 17791 I ServiceManager: Waiting for service AtCmdFwd...
08-04 00:32:19.965 13560 21229 I art     : Explicit concurrent mark sweep GC freed 3(96B) AllocSpace objects, 0(0B) LOS objects, 29% free, 37MB/53MB, paused 1.353ms total 43.744ms
08-04 00:32:19.978 13560 21229 I art     : Starting a blocking GC Explicit
08-04 00:32:20.021 13560 21229 I art     : Explicit concurrent mark sweep GC freed 3(96B) AllocSpace objects, 0(0B) LOS objects, 29% free, 37MB/53MB, paused 1.326ms total 43.106ms
08-04 00:32:20.374 13560 21229 I art     : Starting a blocking GC Explicit
08-04 00:32:20.417 13560 21229 I art     : Explicit concurrent mark sweep GC freed 1452(83KB) AllocSpace objects, 1(20KB) LOS objects, 29% free, 37MB/53MB, paused 1.340ms total 42.749ms
08-04 00:32:20.430 13560 21229 I art     : Starting a blocking GC Explicit
08-04 00:32:20.474 13560 21229 I art     : Explicit concurrent mark sweep GC freed 28(976B) AllocSpace objects, 0(0B) LOS objects, 29% free, 37MB/53MB, paused 1.241ms total 44.283ms
08-04 00:32:20.488 13560 21229 I art     : Starting a blocking GC Explicit
08-04 00:32:20.534 13560 21229 I art     : Explicit concurrent mark sweep GC freed 12(384B) AllocSpace objects, 0(0B) LOS objects, 29% free, 37MB/53MB, paused 1.474ms total 46.458ms
08-04 00:32:20.548 13560 21229 I art     : Starting a blocking GC Explicit
08-04 00:32:20.596 13560 21229 I art     : Explicit concurrent mark sweep GC freed 5(160B) AllocSpace objects, 0(0B) LOS objects, 29% free, 37MB/53MB, paused 1.426ms total 47.357ms
08-04 00:32:20.609 13560 21229 I art     : Starting a blocking GC Explicit
08-04 00:32:20.657 13560 21229 I art     : Explicit concurrent mark sweep GC freed 3(96B) AllocSpace objects, 0(0B) LOS objects, 29% free, 37MB/53MB, paused 1.483ms total 47.687ms
08-04 00:32:20.945 17791 17791 I ServiceManager: Waiting for service AtCmdFwd...
08-04 00:32:21.023 13560 13571 I art     : Starting a blocking GC Explicit
08-04 00:32:21.073 13560 13571 I art     : Explicit concurrent mark sweep GC freed 1440(82KB) AllocSpace objects, 1(20KB) LOS objects, 29% free, 37MB/53MB, paused 1.297ms total 49.629ms
08-04 00:32:21.088 13560 13571 I art     : Starting a blocking GC Explicit
08-04 00:32:21.136 13560 13571 I art     : Explicit concurrent mark sweep GC freed 22(784B) AllocSpace objects, 0(0B) LOS objects, 29% free, 37MB/53MB, paused 1.404ms total 47.825ms
08-04 00:32:21.149 13560 13571 I art     : Starting a blocking GC Explicit
08-04 00:32:21.197 13560 13571 I art     : Explicit concurrent mark sweep GC freed 3(96B) AllocSpace objects, 0(0B) LOS objects, 29% free, 37MB/53MB, paused 1.435ms total 48.037ms
08-04 00:32:21.211 13560 13571 I art     : Starting a blocking GC Explicit
08-04 00:32:21.259 13560 13571 I art     : Explicit concurrent mark sweep GC freed 3(96B) AllocSpace objects, 0(0B) LOS objects, 29% free, 37MB/53MB, paused 1.454ms total 47.328ms
08-04 00:32:21.273 13560 13571 I art     : Starting a blocking GC Explicit
08-04 00:32:21.322 13560 13571 I art     : Explicit concurrent mark sweep GC freed 3(96B) AllocSpace objects, 0(0B) LOS objects, 29% free, 37MB/53MB, paused 1.387ms total 48.551ms
08-04 00:32:21.441   518   646 I ThermalEngine: ACTION: GPU - Setting GPU[0] to 510000000
08-04 00:32:21.706 13560 13572 I art     : Starting a blocking GC Explicit
08-04 00:32:21.743 13560 13572 I art     : Explicit concurrent mark sweep GC freed 1440(83KB) AllocSpace objects, 1(20KB) LOS objects, 29% free, 37MB/53MB, paused 1.022ms total 35.887ms
08-04 00:32:21.752 13560 13572 I art     : Starting a blocking GC Explicit
08-04 00:32:21.788 13560 13572 I art     : Explicit concurrent mark sweep GC freed 22(784B) AllocSpace objects, 0(0B) LOS objects, 29% free, 37MB/53MB, paused 1.094ms total 34.851ms
08-04 00:32:21.797 13560 13572 I art     : Starting a blocking GC Explicit
08-04 00:32:21.832 13560 13572 I art     : Explicit concurrent mark sweep GC freed 3(96B) AllocSpace objects, 0(0B) LOS objects, 29% free, 37MB/53MB, paused 990us total 34.333ms
08-04 00:32:21.842 13560 13572 I art     : Starting a blocking GC Explicit
08-04 00:32:21.878 13560 13572 I art     : Explicit concurrent mark sweep GC freed 3(96B) AllocSpace objects, 0(0B) LOS objects, 29% free, 37MB/53MB, paused 1.115ms total 35.410ms
08-04 00:32:21.888 13560 13572 I art     : Starting a blocking GC Explicit
08-04 00:32:21.924 13560 13572 I art     : Explicit concurrent mark sweep GC freed 3(96B) AllocSpace objects, 0(0B) LOS objects, 29% free, 37MB/53MB, paused 1.028ms total 35.755ms
08-04 00:32:21.945 17791 17791 I ServiceManager: Waiting for service AtCmdFwd...
08-04 00:32:22.287 13560 21596 I art     : Starting a blocking GC Explicit
08-04 00:32:22.326 13560 21596 I art     : Explicit concurrent mark sweep GC freed 1533(88KB) AllocSpace objects, 1(20KB) LOS objects, 29% free, 37MB/53MB, paused 1.051ms total 38.801ms
08-04 00:32:22.336 13560 21596 I art     : Starting a blocking GC Explicit
08-04 00:32:22.371 13560 21596 I art     : Explicit concurrent mark sweep GC freed 28(1040B) AllocSpace objects, 0(0B) LOS objects, 29% free, 37MB/53MB, paused 1.074ms total 34.598ms
08-04 00:32:22.381 13560 21596 I art     : Starting a blocking GC Explicit
08-04 00:32:22.416 13560 21596 I art     : Explicit concurrent mark sweep GC freed 15(656B) AllocSpace objects, 0(0B) LOS objects, 29% free, 37MB/53MB, paused 1.098ms total 35.160ms
08-04 00:32:22.426 13560 21596 I art     : Starting a blocking GC Explicit
08-04 00:32:22.461 13560 21596 I art     : Explicit concurrent mark sweep GC freed 62(4KB) AllocSpace objects, 0(0B) LOS objects, 29% free, 37MB/53MB, paused 1.010ms total 34.714ms
08-04 00:32:22.471 13560 21596 I art     : Starting a blocking GC Explicit
08-04 00:32:22.507 13560 21596 I art     : Explicit concurrent mark sweep GC freed 6(256B) AllocSpace objects, 0(0B) LOS objects, 29% free, 37MB/53MB, paused 1.035ms total 35.220ms
08-04 00:32:22.839 13560 21229 I art     : Starting a blocking GC Explicit
08-04 00:32:22.876 13560 21229 I art     : Explicit concurrent mark sweep GC freed 3177(150KB) AllocSpace objects, 1(20KB) LOS objects, 29% free, 37MB/53MB, paused 1.033ms total 36.870ms
08-04 00:32:22.877 13560 21981 E baseline.com.newsblur.network.APIResponse: Error (unexpected end of stream on https://www.newsblur.com/...) calling https://www.newsblur.com/reader/mark_story_hashes_as_read/
08-04 00:32:22.877 13560 21981 E baseline.com.newsblur.network.APIResponse: java.io.IOException: unexpected end of stream on https://www.newsblur.com/...
08-04 00:32:22.877 13560 21981 E baseline.com.newsblur.network.APIResponse: 	at okhttp3.internal.http1.Http1ExchangeCodec.readResponseHeaders(Http1ExchangeCodec.java:236)
08-04 00:32:22.877 13560 21981 E baseline.com.newsblur.network.APIResponse: 	at okhttp3.internal.connection.Exchange.readResponseHeaders(Exchange.java:115)
08-04 00:32:22.877 13560 21981 E baseline.com.newsblur.network.APIResponse: 	at okhttp3.internal.http.CallServerInterceptor.intercept(CallServerInterceptor.java:94)
08-04 00:32:22.877 13560 21981 E baseline.com.newsblur.network.APIResponse: 	at okhttp3.internal.http.RealInterceptorChain.proceed(RealInterceptorChain.java:142)
08-04 00:32:22.877 13560 21981 E baseline.com.newsblur.network.APIResponse: 	at okhttp3.internal.connection.ConnectInterceptor.intercept(ConnectInterceptor.java:43)
