08-04 00:32:02.383 13560 21647 E baseline.com.newsblur.network.APIResponse: 	at okhttp3.internal.connection.Exchange.readResponseHeaders(Exchange.java:115)
08-04 00:32:02.383 13560 21647 E baseline.com.newsblur.network.APIResponse: 	at okhttp3.internal.http.CallServerInterceptor.intercept(CallServerInterceptor.java:94)
08-04 00:32:02.383 13560 21647 E baseline.com.newsblur.network.APIResponse: 	at okhttp3.internal.http.RealInterceptorChain.proceed(RealInterceptorChain.java:142)
08-04 00:32:02.383 13560 21647 E baseline.com.newsblur.network.APIResponse: 	at okhttp3.internal.connection.ConnectInterceptor.intercept(ConnectInterceptor.java:43)
08-04 00:32:02.383 13560 21647 E baseline.com.newsblur.network.APIResponse: 	at okhttp3.internal.http.RealInterceptorChain.proceed(RealInterceptorChain.java:142)
08-04 00:32:02.383 13560 21647 E baseline.com.newsblur.network.APIResponse: 	at okhttp3.internal.http.RealInterceptorChain.proceed(RealInterceptorChain.java:117)
08-04 00:32:02.383 13560 21647 E baseline.com.newsblur.network.APIResponse: 	at okhttp3.internal.cache.CacheInterceptor.intercept(CacheInterceptor.java:94)
08-04 00:32:02.383 13560 21647 E baseline.com.newsblur.network.APIResponse: 	at okhttp3.internal.http.RealInterceptorChain.proceed(RealInterceptorChain.java:142)
08-04 00:32:02.383 13560 21647 E baseline.com.newsblur.network.APIResponse: 	at okhttp3.internal.http.RealInterceptorChain.proceed(RealInterceptorChain.java:117)
08-04 00:32:02.383 13560 21647 E baseline.com.newsblur.network.APIResponse: 	at okhttp3.internal.http.BridgeInterceptor.intercept(BridgeInterceptor.java:93)
08-04 00:32:02.383 13560 21647 E baseline.com.newsblur.network.APIResponse: 	at okhttp3.internal.http.RealInterceptorChain.proceed(RealInterceptorChain.java:142)
08-04 00:32:02.383 13560 21647 E baseline.com.newsblur.network.APIResponse: 	at okhttp3.internal.http.RetryAndFollowUpInterceptor.intercept(RetryAndFollowUpInterceptor.java:88)
08-04 00:32:02.383 13560 21647 E baseline.com.newsblur.network.APIResponse: 	at okhttp3.internal.http.RealInterceptorChain.proceed(RealInterceptorChain.java:142)
08-04 00:32:02.383 13560 21647 E baseline.com.newsblur.network.APIResponse: 	at okhttp3.internal.http.RealInterceptorChain.proceed(RealInterceptorChain.java:117)
08-04 00:32:02.383 13560 21647 E baseline.com.newsblur.network.APIResponse: 	at okhttp3.RealCall.getResponseWithInterceptorChain(RealCall.java:229)
08-04 00:32:02.383 13560 21647 E baseline.com.newsblur.network.APIResponse: 	at okhttp3.RealCall.execute(RealCall.java:81)
08-04 00:32:02.383 13560 21647 E baseline.com.newsblur.network.APIResponse: 	at baseline.com.newsblur.network.APIResponse.<init>(APIResponse.java:57)
08-04 00:32:02.383 13560 21647 E baseline.com.newsblur.network.APIResponse: 	at baseline.com.newsblur.network.APIResponse.<init>(APIResponse.java:43)
08-04 00:32:02.383 13560 21647 E baseline.com.newsblur.network.APIResponse: 	at baseline.com.newsblur.network.APIManager.post_single(APIManager.java:702)
08-04 00:32:02.383 13560 21647 E baseline.com.newsblur.network.APIResponse: 	at baseline.com.newsblur.network.APIManager.post(APIManager.java:675)
08-04 00:32:02.383 13560 21647 E baseline.com.newsblur.network.APIResponse: 	at baseline.com.newsblur.network.APIManager.post(APIManager.java:714)
08-04 00:32:02.383 13560 21647 E baseline.com.newsblur.network.APIResponse: 	at baseline.com.newsblur.network.APIManager.markStoryAsRead(APIManager.java:205)
08-04 00:32:02.383 13560 21647 E baseline.com.newsblur.network.APIResponse: 	at baseline.com.newsblur.util.ReadingAction.doRemote(ReadingAction.java:281)
08-04 00:32:02.383 13560 21647 E baseline.com.newsblur.network.APIResponse: 	at baseline.com.newsblur.service.NBSyncService.syncActions(NBSyncService.java:400)
08-04 00:32:02.383 13560 21647 E baseline.com.newsblur.network.APIResponse: 	at baseline.com.newsblur.service.NBSyncService.doSync(NBSyncService.java:298)
08-04 00:32:02.383 13560 21647 E baseline.com.newsblur.network.APIResponse: 	at baseline.com.newsblur.service.NBSyncService.access$100(NBSyncService.java:67)
08-04 00:32:02.383 13560 21647 E baseline.com.newsblur.network.APIResponse: 	at baseline.com.newsblur.service.NBSyncService$1.run(NBSyncService.java:188)
08-04 00:32:02.383 13560 21647 E baseline.com.newsblur.network.APIResponse: 	at java.util.concurrent.ThreadPoolExecutor.runWorker(ThreadPoolExecutor.java:1113)
08-04 00:32:02.383 13560 21647 E baseline.com.newsblur.network.APIResponse: 	at java.util.concurrent.ThreadPoolExecutor$Worker.run(ThreadPoolExecutor.java:588)
08-04 00:32:02.383 13560 21647 E baseline.com.newsblur.network.APIResponse: 	at java.lang.Thread.run(Thread.java:818)
08-04 00:32:02.383 13560 21647 E baseline.com.newsblur.network.APIResponse: Caused by: java.io.EOFException: \n not found: limit=0 content=
08-04 00:32:02.383 13560 21647 E baseline.com.newsblur.network.APIResponse: 	at okio.RealBufferedSource.readUtf8LineStrict(RealBufferedSource.java:240)
08-04 00:32:02.383 13560 21647 E baseline.com.newsblur.network.APIResponse: 	at okhttp3.internal.http1.Http1ExchangeCodec.readHeaderLine(Http1ExchangeCodec.java:242)
08-04 00:32:02.383 13560 21647 E baseline.com.newsblur.network.APIResponse: 	at okhttp3.internal.http1.Http1ExchangeCodec.readResponseHeaders(Http1ExchangeCodec.java:213)
08-04 00:32:02.383 13560 21647 E baseline.com.newsblur.network.APIResponse: 	... 30 more
08-04 00:32:02.386 13560 21647 I baseline.com.newsblur.service.NBSyncService: Holding reading action with server-side or network error.
08-04 00:32:02.405 13560 13571 I art     : Explicit concurrent mark sweep GC freed 3875(342KB) AllocSpace objects, 3(60KB) LOS objects, 30% free, 36MB/52MB, paused 1.034ms total 31.663ms
08-04 00:32:02.408 13560 21647 W baseline.com.newsblur.service.NBSyncService: hard API failure
08-04 00:32:02.415 13560 13571 I art     : Starting a blocking GC Explicit
08-04 00:32:02.445 13560 13571 I art     : Explicit concurrent mark sweep GC freed 1106(212KB) AllocSpace objects, 13(260KB) LOS objects, 30% free, 36MB/52MB, paused 801us total 29.455ms
08-04 00:32:02.453 13560 13571 I art     : Starting a blocking GC Explicit
08-04 00:32:02.477 13560 13571 I art     : Explicit concurrent mark sweep GC freed 436(29KB) AllocSpace objects, 0(0B) LOS objects, 30% free, 36MB/52MB, paused 876us total 23.863ms
08-04 00:32:02.486 13560 13571 I art     : Starting a blocking GC Explicit
08-04 00:32:02.513 13560 13571 I art     : Explicit concurrent mark sweep GC freed 118(3KB) AllocSpace objects, 0(0B) LOS objects, 30% free, 36MB/52MB, paused 827us total 26.291ms
08-04 00:32:02.523 13560 13571 I art     : Starting a blocking GC Explicit
08-04 00:32:02.550 13560 13571 I art     : Explicit concurrent mark sweep GC freed 3(96B) AllocSpace objects, 0(0B) LOS objects, 30% free, 36MB/52MB, paused 846us total 26.705ms
08-04 00:32:02.900 13560 13572 I art     : Starting a blocking GC Explicit
08-04 00:32:02.929 13560 13572 I art     : Explicit concurrent mark sweep GC freed 1402(80KB) AllocSpace objects, 1(20KB) LOS objects, 30% free, 36MB/52MB, paused 858us total 29.341ms
08-04 00:32:02.941 13560 13572 I art     : Starting a blocking GC Explicit
08-04 00:32:02.968 13560 13572 I art     : Explicit concurrent mark sweep GC freed 20(704B) AllocSpace objects, 0(0B) LOS objects, 30% free, 36MB/52MB, paused 947us total 26.546ms
08-04 00:32:02.977 13560 13572 I art     : Starting a blocking GC Explicit
08-04 00:32:03.003 13560 13572 I art     : Explicit concurrent mark sweep GC freed 3(96B) AllocSpace objects, 0(0B) LOS objects, 30% free, 36MB/52MB, paused 980us total 26.369ms
08-04 00:32:03.012 13560 13572 I art     : Starting a blocking GC Explicit
08-04 00:32:03.039 13560 13572 I art     : Explicit concurrent mark sweep GC freed 3(96B) AllocSpace objects, 0(0B) LOS objects, 30% free, 36MB/52MB, paused 831us total 26.734ms
08-04 00:32:03.048 13560 13572 I art     : Starting a blocking GC Explicit
08-04 00:32:03.076 13560 13572 I art     : Explicit concurrent mark sweep GC freed 3(96B) AllocSpace objects, 0(0B) LOS objects, 30% free, 36MB/52MB, paused 824us total 27.213ms
08-04 00:32:03.411 13560 21596 I art     : Starting a blocking GC Explicit
08-04 00:32:03.441 13560 21596 I art     : Explicit concurrent mark sweep GC freed 1398(80KB) AllocSpace objects, 1(20KB) LOS objects, 30% free, 36MB/52MB, paused 841us total 29.420ms
08-04 00:32:03.452 13560 21596 I art     : Starting a blocking GC Explicit
08-04 00:32:03.479 13560 21596 I art     : Explicit concurrent mark sweep GC freed 20(704B) AllocSpace objects, 0(0B) LOS objects, 30% free, 36MB/52MB, paused 843us total 27.312ms
08-04 00:32:03.489 13560 21596 I art     : Starting a blocking GC Explicit
08-04 00:32:03.516 13560 21596 I art     : Explicit concurrent mark sweep GC freed 3(96B) AllocSpace objects, 0(0B) LOS objects, 30% free, 36MB/52MB, paused 775us total 26.890ms
08-04 00:32:03.525 13560 21596 I art     : Starting a blocking GC Explicit
08-04 00:32:03.553 13560 21596 I art     : Explicit concurrent mark sweep GC freed 3(96B) AllocSpace objects, 0(0B) LOS objects, 30% free, 36MB/52MB, paused 801us total 27.534ms
08-04 00:32:03.562 13560 21596 I art     : Starting a blocking GC Explicit
08-04 00:32:03.590 13560 21596 I art     : Explicit concurrent mark sweep GC freed 3(96B) AllocSpace objects, 0(0B) LOS objects, 30% free, 36MB/52MB, paused 820us total 27.131ms
08-04 00:32:03.667   918 13198 D NetlinkSocketObserver: NeighborEvent{elapsedMs=1647727541, 192.168.2.254, [7C3953A63323], RTM_NEWNEIGH, NUD_STALE}
08-04 00:32:03.934 13560 21229 I art     : Starting a blocking GC Explicit
08-04 00:32:03.964 13560 21229 I art     : Explicit concurrent mark sweep GC freed 1398(80KB) AllocSpace objects, 1(20KB) LOS objects, 30% free, 36MB/52MB, paused 844us total 29.771ms
08-04 00:32:03.964 13560 13570 I art     : WaitForGcToComplete blocked for 14.150ms for cause HeapTrim
08-04 00:32:03.976 13560 21229 I art     : Starting a blocking GC Explicit
08-04 00:32:04.002 13560 21229 I art     : Explicit concurrent mark sweep GC freed 20(704B) AllocSpace objects, 0(0B) LOS objects, 30% free, 36MB/52MB, paused 773us total 26.594ms
08-04 00:32:04.011 13560 21229 I art     : Starting a blocking GC Explicit
08-04 00:32:04.037 13560 21229 I art     : Explicit concurrent mark sweep GC freed 3(96B) AllocSpace objects, 0(0B) LOS objects, 30% free, 36MB/52MB, paused 943us total 25.973ms
08-04 00:32:04.047 13560 21229 I art     : Starting a blocking GC Explicit
08-04 00:32:04.073 13560 21229 I art     : Explicit concurrent mark sweep GC freed 3(96B) AllocSpace objects, 0(0B) LOS objects, 30% free, 36MB/52MB, paused 813us total 26.087ms
08-04 00:32:04.082 13560 21229 I art     : Starting a blocking GC Explicit
08-04 00:32:04.110 13560 21229 I art     : Explicit concurrent mark sweep GC freed 3(96B) AllocSpace objects, 0(0B) LOS objects, 30% free, 36MB/52MB, paused 866us total 27.143ms
08-04 00:32:04.438 13560 13571 I art     : Starting a blocking GC Explicit
08-04 00:32:04.467 13560 13571 I art     : Explicit concurrent mark sweep GC freed 1398(80KB) AllocSpace objects, 1(20KB) LOS objects, 30% free, 36MB/52MB, paused 833us total 28.680ms
08-04 00:32:04.476 13560 13571 I art     : Starting a blocking GC Explicit
08-04 00:32:04.504 13560 13571 I art     : Explicit concurrent mark sweep GC freed 20(704B) AllocSpace objects, 0(0B) LOS objects, 30% free, 36MB/52MB, paused 831us total 27.946ms
08-04 00:32:04.514 13560 13571 I art     : Starting a blocking GC Explicit
08-04 00:32:04.542 13560 13571 I art     : Explicit concurrent mark sweep GC freed 3(96B) AllocSpace objects, 0(0B) LOS objects, 30% free, 36MB/52MB, paused 828us total 27.510ms
08-04 00:32:04.552 13560 13571 I art     : Starting a blocking GC Explicit
08-04 00:32:04.580 13560 13571 I art     : Explicit concurrent mark sweep GC freed 3(96B) AllocSpace objects, 0(0B) LOS objects, 30% free, 36MB/52MB, paused 835us total 28.369ms
08-04 00:32:04.591 13560 13571 I art     : Starting a blocking GC Explicit
08-04 00:32:04.619 13560 13571 I art     : Explicit concurrent mark sweep GC freed 3(96B) AllocSpace objects, 0(0B) LOS objects, 30% free, 36MB/52MB, paused 778us total 28.292ms
08-04 00:32:04.939 13560 21596 I art     : Starting a blocking GC Explicit
08-04 00:32:04.969 13560 21596 I art     : Explicit concurrent mark sweep GC freed 1398(80KB) AllocSpace objects, 1(20KB) LOS objects, 30% free, 36MB/52MB, paused 868us total 29.966ms
08-04 00:32:04.982 13560 21596 I art     : Starting a blocking GC Explicit
08-04 00:32:05.009 13560 21596 I art     : Explicit concurrent mark sweep GC freed 23(816B) AllocSpace objects, 0(0B) LOS objects, 30% free, 36MB/52MB, paused 811us total 26.560ms
08-04 00:32:05.018 13560 21596 I art     : Starting a blocking GC Explicit
08-04 00:32:05.043 13560 21596 I art     : Explicit concurrent mark sweep GC freed 3(96B) AllocSpace objects, 0(0B) LOS objects, 30% free, 36MB/52MB, paused 822us total 24.090ms
08-04 00:32:05.051 13560 21596 I art     : Starting a blocking GC Explicit
08-04 00:32:05.077 13560 21596 I art     : Explicit concurrent mark sweep GC freed 3(96B) AllocSpace objects, 0(0B) LOS objects, 30% free, 36MB/52MB, paused 794us total 25.190ms
08-04 00:32:05.085 13560 21596 I art     : Starting a blocking GC Explicit
08-04 00:32:05.112 13560 21596 I art     : Explicit concurrent mark sweep GC freed 3(96B) AllocSpace objects, 0(0B) LOS objects, 30% free, 36MB/52MB, paused 824us total 26.277ms
08-04 00:32:05.442 13560 21229 I art     : Starting a blocking GC Explicit
08-04 00:32:05.472 13560 21229 I art     : Explicit concurrent mark sweep GC freed 1398(80KB) AllocSpace objects, 1(20KB) LOS objects, 30% free, 36MB/52MB, paused 802us total 29.703ms
08-04 00:32:05.485 13560 21229 I art     : Starting a blocking GC Explicit
08-04 00:32:05.511 13560 21229 I art     : Explicit concurrent mark sweep GC freed 20(704B) AllocSpace objects, 0(0B) LOS objects, 30% free, 36MB/52MB, paused 825us total 25.924ms
08-04 00:32:05.520 13560 21229 I art     : Starting a blocking GC Explicit
08-04 00:32:05.547 13560 21229 I art     : Explicit concurrent mark sweep GC freed 3(96B) AllocSpace objects, 0(0B) LOS objects, 30% free, 36MB/52MB, paused 820us total 26.194ms
08-04 00:32:05.556 13560 21229 I art     : Starting a blocking GC Explicit
08-04 00:32:05.583 13560 21229 I art     : Explicit concurrent mark sweep GC freed 3(96B) AllocSpace objects, 0(0B) LOS objects, 30% free, 36MB/52MB, paused 817us total 27.140ms
08-04 00:32:05.592 13560 21229 I art     : Starting a blocking GC Explicit
08-04 00:32:05.620 13560 21229 I art     : Explicit concurrent mark sweep GC freed 3(96B) AllocSpace objects, 0(0B) LOS objects, 30% free, 36MB/52MB, paused 821us total 27.262ms
08-04 00:32:05.962 13560 13571 I art     : Starting a blocking GC Explicit
08-04 00:32:05.992 13560 13571 I art     : Explicit concurrent mark sweep GC freed 1398(80KB) AllocSpace objects, 1(20KB) LOS objects, 30% free, 36MB/52MB, paused 845us total 29.526ms
08-04 00:32:06.004 13560 13571 I art     : Starting a blocking GC Explicit
08-04 00:32:06.030 13560 13571 I art     : Explicit concurrent mark sweep GC freed 20(704B) AllocSpace objects, 0(0B) LOS objects, 30% free, 36MB/52MB, paused 785us total 26.620ms
08-04 00:32:06.040 13560 13571 I art     : Starting a blocking GC Explicit
08-04 00:32:06.068 13560 13571 I art     : Explicit concurrent mark sweep GC freed 3(96B) AllocSpace objects, 0(0B) LOS objects, 30% free, 36MB/52MB, paused 877us total 27.238ms
08-04 00:32:06.078 13560 13571 I art     : Starting a blocking GC Explicit
08-04 00:32:06.105 13560 13571 I art     : Explicit concurrent mark sweep GC freed 3(96B) AllocSpace objects, 0(0B) LOS objects, 30% free, 36MB/52MB, paused 809us total 27.627ms
08-04 00:32:06.115 13560 13571 I art     : Starting a blocking GC Explicit
08-04 00:32:06.142 13560 13571 I art     : Explicit concurrent mark sweep GC freed 3(96B) AllocSpace objects, 0(0B) LOS objects, 30% free, 36MB/52MB, paused 807us total 26.866ms
08-04 00:32:06.412   518   646 I ThermalEngine: ACTION: GPU - Setting GPU[0] to 600000000
08-04 00:32:06.508 13560 13572 I art     : Starting a blocking GC Explicit
08-04 00:32:06.533 13560 13572 I art     : Explicit concurrent mark sweep GC freed 1398(80KB) AllocSpace objects, 1(20KB) LOS objects, 30% free, 36MB/52MB, paused 580us total 24.714ms
08-04 00:32:06.541 13560 13572 I art     : Starting a blocking GC Explicit
08-04 00:32:06.564 13560 13572 I art     : Explicit concurrent mark sweep GC freed 39(1712B) AllocSpace objects, 0(0B) LOS objects, 30% free, 36MB/52MB, paused 593us total 22.356ms
08-04 00:32:06.572 13560 13572 I art     : Starting a blocking GC Explicit
08-04 00:32:06.594 13560 13572 I art     : Explicit concurrent mark sweep GC freed 9(320B) AllocSpace objects, 0(0B) LOS objects, 30% free, 36MB/52MB, paused 615us total 21.840ms
08-04 00:32:06.601 13560 13572 I art     : Starting a blocking GC Explicit
08-04 00:32:06.622 13560 13572 I art     : Explicit concurrent mark sweep GC freed 3(96B) AllocSpace objects, 0(0B) LOS objects, 30% free, 36MB/52MB, paused 575us total 21.074ms
08-04 00:32:06.630 13560 13572 I art     : Starting a blocking GC Explicit
08-04 00:32:06.651 13560 13572 I art     : Explicit concurrent mark sweep GC freed 3(96B) AllocSpace objects, 0(0B) LOS objects, 30% free, 36MB/52MB, paused 609us total 21.442ms
08-04 00:32:06.987 13560 21596 I art     : Starting a blocking GC Explicit
08-04 00:32:07.012 13560 21596 I art     : Explicit concurrent mark sweep GC freed 1398(80KB) AllocSpace objects, 1(20KB) LOS objects, 30% free, 36MB/52MB, paused 628us total 24.573ms
08-04 00:32:07.022 13560 21596 I art     : Starting a blocking GC Explicit
08-04 00:32:07.043 13560 21596 I art     : Explicit concurrent mark sweep GC freed 20(704B) AllocSpace objects, 0(0B) LOS objects, 30% free, 36MB/52MB, paused 597us total 20.945ms
08-04 00:32:07.050 13560 21596 I art     : Starting a blocking GC Explicit
08-04 00:32:07.072 13560 21596 I art     : Explicit concurrent mark sweep GC freed 3(96B) AllocSpace objects, 0(0B) LOS objects, 30% free, 36MB/52MB, paused 603us total 21.260ms
08-04 00:32:07.079 13560 21596 I art     : Starting a blocking GC Explicit
08-04 00:32:07.100 13560 21596 I art     : Explicit concurrent mark sweep GC freed 3(96B) AllocSpace objects, 0(0B) LOS objects, 30% free, 36MB/52MB, paused 576us total 20.765ms
08-04 00:32:07.107 13560 21596 I art     : Starting a blocking GC Explicit
08-04 00:32:07.129 13560 21596 I art     : Explicit concurrent mark sweep GC freed 3(96B) AllocSpace objects, 0(0B) LOS objects, 30% free, 36MB/52MB, paused 620us total 22.086ms
08-04 00:32:07.459 13560 21229 I art     : Starting a blocking GC Explicit
08-04 00:32:07.483 13560 21229 I art     : Explicit concurrent mark sweep GC freed 1398(80KB) AllocSpace objects, 1(20KB) LOS objects, 30% free, 36MB/52MB, paused 588us total 24.065ms
08-04 00:32:07.491 13560 21229 I art     : Starting a blocking GC Explicit
08-04 00:32:07.514 13560 21229 I art     : Explicit concurrent mark sweep GC freed 20(704B) AllocSpace objects, 0(0B) LOS objects, 30% free, 36MB/52MB, paused 614us total 22.546ms
08-04 00:32:07.522 13560 21229 I art     : Starting a blocking GC Explicit
08-04 00:32:07.543 13560 21229 I art     : Explicit concurrent mark sweep GC freed 3(96B) AllocSpace objects, 0(0B) LOS objects, 30% free, 36MB/52MB, paused 608us total 21.342ms
08-04 00:32:07.550 13560 21229 I art     : Starting a blocking GC Explicit
08-04 00:32:07.573 13560 21229 I art     : Explicit concurrent mark sweep GC freed 3(96B) AllocSpace objects, 0(0B) LOS objects, 30% free, 36MB/52MB, paused 615us total 22.110ms
08-04 00:32:07.580 13560 21229 I art     : Starting a blocking GC Explicit
08-04 00:32:07.602 13560 21229 I art     : Explicit concurrent mark sweep GC freed 3(96B) AllocSpace objects, 0(0B) LOS objects, 30% free, 36MB/52MB, paused 581us total 21.962ms
08-04 00:32:07.950 13560 13571 I art     : Starting a blocking GC Explicit
08-04 00:32:07.975 13560 13571 I art     : Explicit concurrent mark sweep GC freed 1398(80KB) AllocSpace objects, 1(20KB) LOS objects, 30% free, 36MB/52MB, paused 669us total 24.708ms
08-04 00:32:07.983 13560 13571 I art     : Starting a blocking GC Explicit
08-04 00:32:08.005 13560 13571 I art     : Explicit concurrent mark sweep GC freed 20(704B) AllocSpace objects, 0(0B) LOS objects, 30% free, 36MB/52MB, paused 595us total 22.705ms
08-04 00:32:08.013 13560 13571 I art     : Starting a blocking GC Explicit
08-04 00:32:08.035 13560 13571 I art     : Explicit concurrent mark sweep GC freed 3(96B) AllocSpace objects, 0(0B) LOS objects, 30% free, 36MB/52MB, paused 600us total 21.689ms
08-04 00:32:08.042 13560 13571 I art     : Starting a blocking GC Explicit
08-04 00:32:08.064 13560 13571 I art     : Explicit concurrent mark sweep GC freed 3(96B) AllocSpace objects, 0(0B) LOS objects, 30% free, 36MB/52MB, paused 616us total 21.682ms
08-04 00:32:08.072 13560 13571 I art     : Starting a blocking GC Explicit
08-04 00:32:08.093 13560 13571 I art     : Explicit concurrent mark sweep GC freed 3(96B) AllocSpace objects, 0(0B) LOS objects, 30% free, 36MB/52MB, paused 581us total 21.183ms
08-04 00:32:08.379 13560 13572 I art     : Starting a blocking GC Explicit
08-04 00:32:08.402 13560 13572 I art     : Explicit concurrent mark sweep GC freed 1398(80KB) AllocSpace objects, 1(20KB) LOS objects, 30% free, 36MB/52MB, paused 624us total 22.945ms
08-04 00:32:08.410 13560 13572 I art     : Starting a blocking GC Explicit
08-04 00:32:08.432 13560 13572 I art     : Explicit concurrent mark sweep GC freed 20(704B) AllocSpace objects, 0(0B) LOS objects, 30% free, 36MB/52MB, paused 622us total 22.033ms
08-04 00:32:08.439 13560 13572 I art     : Starting a blocking GC Explicit
08-04 00:32:08.460 13560 13572 I art     : Explicit concurrent mark sweep GC freed 3(96B) AllocSpace objects, 0(0B) LOS objects, 30% free, 36MB/52MB, paused 623us total 20.848ms
08-04 00:32:08.468 13560 13572 I art     : Starting a blocking GC Explicit
08-04 00:32:08.489 13560 13572 I art     : Explicit concurrent mark sweep GC freed 3(96B) AllocSpace objects, 0(0B) LOS objects, 30% free, 36MB/52MB, paused 613us total 20.497ms
08-04 00:32:08.496 13560 13572 I art     : Starting a blocking GC Explicit
08-04 00:32:08.517 13560 13572 I art     : Explicit concurrent mark sweep GC freed 3(96B) AllocSpace objects, 0(0B) LOS objects, 30% free, 36MB/52MB, paused 694us total 21.346ms
08-04 00:32:08.598 21890 21890 D AndroidRuntime: >>>>>> START com.android.internal.os.RuntimeInit uid 2000 <<<<<<
08-04 00:32:08.602 21890 21890 D AndroidRuntime: CheckJNI is OFF
08-04 00:32:08.628 21890 21890 D ICU     : No timezone override file found: /data/misc/zoneinfo/current/icu/icu_tzdata.dat
08-04 00:32:08.653 21890 21890 I Radio-JNI: register_android_hardware_Radio DONE
08-04 00:32:08.669 21890 21890 D AndroidRuntime: Calling main entry com.android.commands.input.Input
08-04 00:32:08.670 21890 21890 I Input   : injectKeyEvent: KeyEvent { action=ACTION_DOWN, keyCode=KEYCODE_BACK, scanCode=0, metaState=0, flags=0x0, repeatCount=0, eventTime=664345084, downTime=664345084, deviceId=-1, source=0x101 }
08-04 00:32:08.677 21890 21890 I Input   : injectKeyEvent: KeyEvent { action=ACTION_UP, keyCode=KEYCODE_BACK, scanCode=0, metaState=0, flags=0x0, repeatCount=0, eventTime=664345084, downTime=664345084, deviceId=-1, source=0x101 }
08-04 00:32:08.687 21890 21890 D AndroidRuntime: Shutting down VM
08-04 00:32:08.776 13866 13866 I GoogleInputMethodServic: GoogleInputMethodService.onFinishInput():3138 
08-04 00:32:08.777 13866 13866 I GoogleInputMethodServic: GoogleInputMethodService.onStartInput():1808 
08-04 00:32:08.778 13560 21229 I art     : Starting a blocking GC Explicit
08-04 00:32:08.801 13560 21229 I art     : Explicit concurrent mark sweep GC freed 4072(327KB) AllocSpace objects, 9(180KB) LOS objects, 30% free, 36MB/52MB, paused 752us total 23.027ms
08-04 00:32:08.808 13560 21229 I art     : Starting a blocking GC Explicit
08-04 00:32:08.831 13560 21229 I art     : Explicit concurrent mark sweep GC freed 666(42KB) AllocSpace objects, 1(20KB) LOS objects, 30% free, 36MB/52MB, paused 676us total 22.140ms
08-04 00:32:08.839 13560 21229 I art     : Starting a blocking GC Explicit
08-04 00:32:08.859 13560 21229 I art     : Explicit concurrent mark sweep GC freed 31(1376B) AllocSpace objects, 1(28KB) LOS objects, 30% free, 36MB/52MB, paused 747us total 20.181ms
08-04 00:32:08.865 13560 21229 I art     : Starting a blocking GC Explicit
08-04 00:32:08.885 13560 21229 I art     : Explicit concurrent mark sweep GC freed 5(192B) AllocSpace objects, 0(0B) LOS objects, 30% free, 36MB/52MB, paused 624us total 19.734ms
08-04 00:32:08.892 13560 21229 I art     : Starting a blocking GC Explicit
08-04 00:32:08.914 13560 21229 I art     : Explicit concurrent mark sweep GC freed 71(5KB) AllocSpace objects, 0(0B) LOS objects, 30% free, 36MB/52MB, paused 700us total 21.707ms
08-04 00:32:08.941 17791 17791 I ServiceManager: Waiting for service AtCmdFwd...
08-04 00:32:09.185 13560 21229 I art     : Starting a blocking GC Explicit
08-04 00:32:09.209 13560 21229 I art     : Explicit concurrent mark sweep GC freed 2737(144KB) AllocSpace objects, 1(20KB) LOS objects, 30% free, 36MB/52MB, paused 706us total 23.909ms
08-04 00:32:09.219 13560 21229 I art     : Starting a blocking GC Explicit
08-04 00:32:09.244 13560 21229 I art     : Explicit concurrent mark sweep GC freed 154(7KB) AllocSpace objects, 0(0B) LOS objects, 30% free, 36MB/52MB, paused 928us total 25.173ms
08-04 00:32:09.254 13560 21229 I art     : Starting a blocking GC Explicit
08-04 00:32:09.280 13560 21229 I art     : Explicit concurrent mark sweep GC freed 7(224B) AllocSpace objects, 0(0B) LOS objects, 30% free, 36MB/52MB, paused 768us total 25.847ms
08-04 00:32:09.290 13560 21229 I art     : Starting a blocking GC Explicit
08-04 00:32:09.315 13560 21229 I art     : Explicit concurrent mark sweep GC freed 601(52KB) AllocSpace objects, 2(120KB) LOS objects, 30% free, 36MB/52MB, paused 917us total 24.506ms
08-04 00:32:09.323 13560 21229 I art     : Starting a blocking GC Explicit
08-04 00:32:09.347 13560 21229 I art     : Explicit concurrent mark sweep GC freed 1875(73KB) AllocSpace objects, 0(0B) LOS objects, 30% free, 36MB/52MB, paused 782us total 24ms
08-04 00:32:09.388 13560 21921 I NAPPA_EXPERIMENTATION: MetricNetworkRequestExecutionTime: REQUEST_DURATION_SYSTEM='603',REQUEST_DURATION_OKHTTP='40',REQUEST_SYNCHRONOUS='TRUE',RESPONSE_CODE='200',RESPONSE_METHOD='GET',RESPONSE_LENGTH_OKHTTP='-1',RESPONSE_LENGTH_HEADER='12364',REQUEST_PROTOCOL='http/1.1',REQUEST_URL='https://www.newsblur.com/social/river_stories?order=newest&page=2&read_filter=all&global_feed=true',
08-04 00:32:09.388 13560 21921 D MY_TAG  : 0, 603
08-04 00:32:09.627 13560 21229 I art     : Starting a blocking GC Explicit
08-04 00:32:09.658 13560 21229 I art     : Explicit concurrent mark sweep GC freed 35940(2MB) AllocSpace objects, 34(940KB) LOS objects, 30% free, 36MB/52MB, paused 713us total 30.301ms
08-04 00:32:09.669 13560 21229 I art     : Starting a blocking GC Explicit
08-04 00:32:09.697 13560 21229 I art     : Explicit concurrent mark sweep GC freed 2386(204KB) AllocSpace objects, 0(0B) LOS objects, 30% free, 36MB/52MB, paused 653us total 27.529ms
08-04 00:32:09.706 13560 21229 I art     : Starting a blocking GC Explicit
08-04 00:32:09.730 13560 21229 I art     : Explicit concurrent mark sweep GC freed 7(224B) AllocSpace objects, 0(0B) LOS objects, 30% free, 36MB/52MB, paused 566us total 23.207ms
08-04 00:32:09.739 13560 21229 I art     : Starting a blocking GC Explicit
08-04 00:32:09.761 13560 21229 I art     : Explicit concurrent mark sweep GC freed 6(192B) AllocSpace objects, 0(0B) LOS objects, 30% free, 36MB/52MB, paused 678us total 21.161ms
08-04 00:32:09.768 13560 21229 I art     : Starting a blocking GC Explicit
08-04 00:32:09.790 13560 21229 I art     : Explicit concurrent mark sweep GC freed 7(224B) AllocSpace objects, 0(0B) LOS objects, 30% free, 36MB/52MB, paused 647us total 21.410ms
08-04 00:32:09.942 17791 17791 I ServiceManager: Waiting for service AtCmdFwd...
08-04 00:32:10.067 13560 21229 I art     : Starting a blocking GC Explicit
08-04 00:32:10.089 13560 21229 I art     : Explicit concurrent mark sweep GC freed 1435(81KB) AllocSpace objects, 1(20KB) LOS objects, 30% free, 36MB/52MB, paused 625us total 21.541ms
08-04 00:32:10.096 13560 21229 I art     : Starting a blocking GC Explicit
08-04 00:32:10.117 13560 21229 I art     : Explicit concurrent mark sweep GC freed 24(848B) AllocSpace objects, 0(0B) LOS objects, 30% free, 36MB/52MB, paused 818us total 21.489ms
08-04 00:32:10.124 13560 21229 I art     : Starting a blocking GC Explicit
08-04 00:32:10.145 13560 21229 I art     : Explicit concurrent mark sweep GC freed 7(224B) AllocSpace objects, 0(0B) LOS objects, 30% free, 36MB/52MB, paused 762us total 21.168ms
08-04 00:32:10.154 13560 21229 I art     : Starting a blocking GC Explicit
08-04 00:32:10.176 13560 21229 I art     : Explicit concurrent mark sweep GC freed 6(192B) AllocSpace objects, 0(0B) LOS objects, 30% free, 36MB/52MB, paused 591us total 21.926ms
08-04 00:32:10.184 13560 21229 I art     : Starting a blocking GC Explicit
08-04 00:32:10.205 13560 21229 I art     : Explicit concurrent mark sweep GC freed 6(192B) AllocSpace objects, 0(0B) LOS objects, 30% free, 36MB/52MB, paused 621us total 21.243ms
08-04 00:32:10.264 21946 21946 D AndroidRuntime: >>>>>> START com.android.internal.os.RuntimeInit uid 2000 <<<<<<
08-04 00:32:10.267 21946 21946 D AndroidRuntime: CheckJNI is OFF
08-04 00:32:10.292 21946 21946 D ICU     : No timezone override file found: /data/misc/zoneinfo/current/icu/icu_tzdata.dat
08-04 00:32:10.317 21946 21946 I Radio-JNI: register_android_hardware_Radio DONE
08-04 00:32:10.334 21946 21946 D AndroidRuntime: Calling main entry com.android.commands.input.Input
08-04 00:32:10.336 21946 21946 I Input   : injectMotionEvent: MotionEvent { action=ACTION_DOWN, actionButton=0, id[0]=0, x[0]=435.0, y[0]=858.0, toolType[0]=TOOL_TYPE_UNKNOWN, buttonState=0, metaState=0, flags=0x0, edgeFlags=0x0, pointerCount=1, historySize=0, eventTime=664346748, downTime=664346748, deviceId=0, source=0x1002 }
08-04 00:32:10.345 21946 21946 I Input   : injectMotionEvent: MotionEvent { action=ACTION_UP, actionButton=0, id[0]=0, x[0]=435.0, y[0]=858.0, toolType[0]=TOOL_TYPE_UNKNOWN, buttonState=0, metaState=0, flags=0x0, edgeFlags=0x0, pointerCount=1, historySize=0, eventTime=664346748, downTime=664346748, deviceId=0, source=0x1002 }
08-04 00:32:10.347 21946 21946 D AndroidRuntime: Shutting down VM
08-04 00:32:10.366   918  4413 I ActivityManager: START u0 {cmp=baseline.com.newsblur/.activity.GlobalSharedStoriesReading (has extras)} from uid 10652 on display 0
08-04 00:32:10.368   512  2967 D audio_hw_primary: out_set_parameters: enter: usecase(1: low-latency-playback) kvpairs: routing=2
08-04 00:32:10.381   512  2967 D audio_hw_primary: select_devices: out_snd_device(2: speaker) in_snd_device(0: none)
08-04 00:32:10.381   512  2967 D msm8974_platform: platform_send_audio_calibration: sending audio calibration for snd_device(2) acdb_id(15)
08-04 00:32:10.381   512  2967 I soundtrigger: audio_extn_sound_trigger_update_device_status: device 0x2 of type 0 for Event 1
08-04 00:32:10.393   512  2967 D audio_hw_primary: enable_snd_device: snd_device(2: speaker)
08-04 00:32:10.395   512  2967 D audio_hw_primary: enable_audio_route: apply and update mixer path: low-latency-playback speaker
08-04 00:32:10.419   518   646 I ThermalEngine: ACTION: GPU - Setting GPU[0] to 510000000
08-04 00:32:10.482 13560 21229 I art     : Starting a blocking GC Explicit
08-04 00:32:10.514 13560 21229 I art     : Explicit concurrent mark sweep GC freed 2888(234KB) AllocSpace objects, 6(548KB) LOS objects, 30% free, 36MB/52MB, paused 876us total 31.639ms
08-04 00:32:10.523 13560 21229 I art     : Starting a blocking GC Explicit
08-04 00:32:10.552 13560 21229 I art     : Explicit concurrent mark sweep GC freed 617(45KB) AllocSpace objects, 1(20KB) LOS objects, 30% free, 36MB/52MB, paused 1.081ms total 29.030ms
08-04 00:32:10.558   918   936 I ActivityManager: Displayed baseline.com.newsblur/.activity.GlobalSharedStoriesReading: +180ms
08-04 00:32:10.559 13866 13866 I GoogleInputMethodServic: GoogleInputMethodService.onFinishInput():3138 
08-04 00:32:10.559 13866 13866 I GoogleInputMethodServic: GoogleInputMethodService.onStartInput():1808 
08-04 00:32:10.561 13560 21229 I art     : Starting a blocking GC Explicit
08-04 00:32:10.590 13560 21229 I art     : Explicit concurrent mark sweep GC freed 1097(70KB) AllocSpace objects, 1(20KB) LOS objects, 30% free, 36MB/52MB, paused 1.253ms total 28.589ms
08-04 00:32:10.599 13560 21229 I art     : Starting a blocking GC Explicit
08-04 00:32:10.628 13560 21229 I art     : Explicit concurrent mark sweep GC freed 1054(79KB) AllocSpace objects, 1(20KB) LOS objects, 30% free, 37MB/53MB, paused 1.346ms total 28.580ms
08-04 00:32:10.637 13560 21229 I art     : Starting a blocking GC Explicit
08-04 00:32:10.666 13560 21229 I art     : Explicit concurrent mark sweep GC freed 1172(63KB) AllocSpace objects, 1(20KB) LOS objects, 29% free, 37MB/53MB, paused 1.107ms total 29.192ms
08-04 00:32:10.811 13560 21643 E chromium: [ERROR:tile_manager.cc(793)] WARNING: tile memory limits exceeded, some content may not draw
08-04 00:32:10.811 13560 21643 E chromium: [ERROR:tile_manager.cc(793)] WARNING: tile memory limits exceeded, some content may not draw
08-04 00:32:10.933 13560 21596 I art     : Starting a blocking GC Explicit
08-04 00:32:10.934   512  2967 D audio_hw_primary: disable_audio_route: reset and update mixer path: low-latency-playback speaker
08-04 00:32:10.936   512  2967 D audio_hw_primary: disable_snd_device: snd_device(2: speaker)
08-04 00:32:10.942 17791 17791 I ServiceManager: Waiting for service AtCmdFwd...
08-04 00:32:10.946   512  2967 I soundtrigger: audio_extn_sound_trigger_update_device_status: device 0x2 of type 0 for Event 0
08-04 00:32:10.969 13560 21596 I art     : Explicit concurrent mark sweep GC freed 6799(561KB) AllocSpace objects, 19(424KB) LOS objects, 29% free, 37MB/53MB, paused 1.470ms total 36.223ms
08-04 00:32:10.980 13560 21596 I art     : Starting a blocking GC Explicit
08-04 00:32:11.010 13560 21596 I art     : Explicit concurrent mark sweep GC freed 1126(53KB) AllocSpace objects, 1(28KB) LOS objects, 29% free, 37MB/53MB, paused 989us total 29.632ms
08-04 00:32:11.019 13560 21596 I art     : Starting a blocking GC Explicit
08-04 00:32:11.048 13560 21596 I art     : Explicit concurrent mark sweep GC freed 3(96B) AllocSpace objects, 0(0B) LOS objects, 29% free, 37MB/53MB, paused 977us total 28.644ms
08-04 00:32:11.057 13560 21596 I art     : Starting a blocking GC Explicit
08-04 00:32:11.086 13560 21596 I art     : Explicit concurrent mark sweep GC freed 3(96B) AllocSpace objects, 0(0B) LOS objects, 29% free, 37MB/53MB, paused 859us total 28.293ms
08-04 00:32:11.095 13560 21596 I art     : Starting a blocking GC Explicit
08-04 00:32:11.126 13560 21596 I art     : Explicit concurrent mark sweep GC freed 3(96B) AllocSpace objects, 0(0B) LOS objects, 29% free, 37MB/53MB, paused 1.025ms total 30.418ms
08-04 00:32:11.327 13560 21981 E baseline.com.newsblur.network.APIResponse: Error (unexpected end of stream on https://www.newsblur.com/...) calling https://www.newsblur.com/reader/mark_story_hashes_as_read/
08-04 00:32:11.327 13560 21981 E baseline.com.newsblur.network.APIResponse: java.io.IOException: unexpected end of stream on https://www.newsblur.com/...
08-04 00:32:11.327 13560 21981 E baseline.com.newsblur.network.APIResponse: 	at okhttp3.internal.http1.Http1ExchangeCodec.readResponseHeaders(Http1ExchangeCodec.java:236)
08-04 00:32:11.327 13560 21981 E baseline.com.newsblur.network.APIResponse: 	at okhttp3.internal.connection.Exchange.readResponseHeaders(Exchange.java:115)
08-04 00:32:11.327 13560 21981 E baseline.com.newsblur.network.APIResponse: 	at okhttp3.internal.http.CallServerInterceptor.intercept(CallServerInterceptor.java:94)
08-04 00:32:11.327 13560 21981 E baseline.com.newsblur.network.APIResponse: 	at okhttp3.internal.http.RealInterceptorChain.proceed(RealInterceptorChain.java:142)
08-04 00:32:11.327 13560 21981 E baseline.com.newsblur.network.APIResponse: 	at okhttp3.internal.connection.ConnectInterceptor.intercept(ConnectInterceptor.java:43)
08-04 00:32:11.327 13560 21981 E baseline.com.newsblur.network.APIResponse: 	at okhttp3.internal.http.RealInterceptorChain.proceed(RealInterceptorChain.java:142)
08-04 00:32:11.327 13560 21981 E baseline.com.newsblur.network.APIResponse: 	at okhttp3.internal.http.RealInterceptorChain.proceed(RealInterceptorChain.java:117)
08-04 00:32:11.327 13560 21981 E baseline.com.newsblur.network.APIResponse: 	at okhttp3.internal.cache.CacheInterceptor.intercept(CacheInterceptor.java:94)
08-04 00:32:11.327 13560 21981 E baseline.com.newsblur.network.APIResponse: 	at okhttp3.internal.http.RealInterceptorChain.proceed(RealInterceptorChain.java:142)
08-04 00:32:11.327 13560 21981 E baseline.com.newsblur.network.APIResponse: 	at okhttp3.internal.http.RealInterceptorChain.proceed(RealInterceptorChain.java:117)
08-04 00:32:11.327 13560 21981 E baseline.com.newsblur.network.APIResponse: 	at okhttp3.internal.http.BridgeInterceptor.intercept(BridgeInterceptor.java:93)
08-04 00:32:11.327 13560 21981 E baseline.com.newsblur.network.APIResponse: 	at okhttp3.internal.http.RealInterceptorChain.proceed(RealInterceptorChain.java:142)
08-04 00:32:11.327 13560 21981 E baseline.com.newsblur.network.APIResponse: 	at okhttp3.internal.http.RetryAndFollowUpInterceptor.intercept(RetryAndFollowUpInterceptor.java:88)
08-04 00:32:11.327 13560 21981 E baseline.com.newsblur.network.APIResponse: 	at okhttp3.internal.http.RealInterceptorChain.proceed(RealInterceptorChain.java:142)
08-04 00:32:11.327 13560 21981 E baseline.com.newsblur.network.APIResponse: 	at okhttp3.internal.http.RealInterceptorChain.proceed(RealInterceptorChain.java:117)
08-04 00:32:11.327 13560 21981 E baseline.com.newsblur.network.APIResponse: 	at okhttp3.RealCall.getResponseWithInterceptorChain(RealCall.java:229)
08-04 00:32:11.327 13560 21981 E baseline.com.newsblur.network.APIResponse: 	at okhttp3.RealCall.execute(RealCall.java:81)
08-04 00:32:11.327 13560 21981 E baseline.com.newsblur.network.APIResponse: 	at baseline.com.newsblur.network.APIResponse.<init>(APIResponse.java:57)
08-04 00:32:11.327 13560 21981 E baseline.com.newsblur.network.APIResponse: 	at baseline.com.newsblur.network.APIResponse.<init>(APIResponse.java:43)
08-04 00:32:11.327 13560 21981 E baseline.com.newsblur.network.APIResponse: 	at baseline.com.newsblur.network.APIManager.post_single(APIManager.java:702)
08-04 00:32:11.327 13560 21981 E baseline.com.newsblur.network.APIResponse: 	at baseline.com.newsblur.network.APIManager.post(APIManager.java:675)
08-04 00:32:11.327 13560 21981 E baseline.com.newsblur.network.APIResponse: 	at baseline.com.newsblur.network.APIManager.post(APIManager.java:714)
08-04 00:32:11.327 13560 21981 E baseline.com.newsblur.network.APIResponse: 	at baseline.com.newsblur.network.APIManager.markStoryAsRead(APIManager.java:205)
08-04 00:32:11.327 13560 21981 E baseline.com.newsblur.network.APIResponse: 	at baseline.com.newsblur.util.ReadingAction.doRemote(ReadingAction.java:281)
08-04 00:32:11.327 13560 21981 E baseline.com.newsblur.network.APIResponse: 	at baseline.com.newsblur.service.NBSyncService.syncActions(NBSyncService.java:400)
08-04 00:32:11.327 13560 21981 E baseline.com.newsblur.network.APIResponse: 	at baseline.com.newsblur.service.NBSyncService.doSync(NBSyncService.java:298)
08-04 00:32:11.327 13560 21981 E baseline.com.newsblur.network.APIResponse: 	at baseline.com.newsblur.service.NBSyncService.access$100(NBSyncService.java:67)
08-04 00:32:11.327 13560 21981 E baseline.com.newsblur.network.APIResponse: 	at baseline.com.newsblur.service.NBSyncService$1.run(NBSyncService.java:188)
08-04 00:32:11.327 13560 21981 E baseline.com.newsblur.network.APIResponse: 	at java.util.concurrent.ThreadPoolExecutor.runWorker(ThreadPoolExecutor.java:1113)
08-04 00:32:11.327 13560 21981 E baseline.com.newsblur.network.APIResponse: 	at java.util.concurrent.ThreadPoolExecutor$Worker.run(ThreadPoolExecutor.java:588)
08-04 00:32:11.327 13560 21981 E baseline.com.newsblur.network.APIResponse: 	at java.lang.Thread.run(Thread.java:818)
08-04 00:32:11.327 13560 21981 E baseline.com.newsblur.network.APIResponse: Caused by: java.io.EOFException: \n not found: limit=0 content=
08-04 00:32:11.327 13560 21981 E baseline.com.newsblur.network.APIResponse: 	at okio.RealBufferedSource.readUtf8LineStrict(RealBufferedSource.java:240)
08-04 00:32:11.327 13560 21981 E baseline.com.newsblur.network.APIResponse: 	at okhttp3.internal.http1.Http1ExchangeCodec.readHeaderLine(Http1ExchangeCodec.java:242)
08-04 00:32:11.327 13560 21981 E baseline.com.newsblur.network.APIResponse: 	at okhttp3.internal.http1.Http1ExchangeCodec.readResponseHeaders(Http1ExchangeCodec.java:213)
08-04 00:32:11.327 13560 21981 E baseline.com.newsblur.network.APIResponse: 	... 30 more
08-04 00:32:11.329 13560 21981 I baseline.com.newsblur.network.APIManager: API call failed, pausing before retry number 1
08-04 00:32:11.441 13560 13571 I art     : Starting a blocking GC Explicit
08-04 00:32:11.479 13560 13571 I art     : Explicit concurrent mark sweep GC freed 4651(415KB) AllocSpace objects, 6(260KB) LOS objects, 29% free, 37MB/53MB, paused 1.138ms total 37.633ms
08-04 00:32:11.490 13560 13571 I art     : Starting a blocking GC Explicit
08-04 00:32:11.522 13560 13571 I art     : Explicit concurrent mark sweep GC freed 993(118KB) AllocSpace objects, 0(0B) LOS objects, 29% free, 37MB/53MB, paused 950us total 32.218ms
08-04 00:32:11.533 13560 13571 I art     : Starting a blocking GC Explicit
08-04 00:32:11.565 13560 13571 I art     : Explicit concurrent mark sweep GC freed 14(368B) AllocSpace objects, 0(0B) LOS objects, 29% free, 37MB/53MB, paused 875us total 31.702ms
08-04 00:32:11.576 13560 13571 I art     : Starting a blocking GC Explicit
08-04 00:32:11.605 13560 13571 I art     : Explicit concurrent mark sweep GC freed 33(1872B) AllocSpace objects, 0(0B) LOS objects, 29% free, 37MB/53MB, paused 873us total 28.619ms
08-04 00:32:11.615 13560 13571 I art     : Starting a blocking GC Explicit
08-04 00:32:11.644 13560 13571 I art     : Explicit concurrent mark sweep GC freed 9(320B) AllocSpace objects, 0(0B) LOS objects, 29% free, 37MB/53MB, paused 916us total 29.119ms
08-04 00:32:11.851 13560 21643 E chromium: [ERROR:tile_manager.cc(793)] WARNING: tile memory limits exceeded, some content may not draw
08-04 00:32:11.852 13560 21643 E chromium: [ERROR:tile_manager.cc(793)] WARNING: tile memory limits exceeded, some content may not draw
08-04 00:32:11.880 13560 21643 E chromium: [ERROR:tile_manager.cc(793)] WARNING: tile memory limits exceeded, some content may not draw
08-04 00:32:11.881 13560 21643 E chromium: [ERROR:tile_manager.cc(793)] WARNING: tile memory limits exceeded, some content may not draw
08-04 00:32:11.897 13560 21643 E chromium: [ERROR:tile_manager.cc(793)] WARNING: tile memory limits exceeded, some content may not draw
08-04 00:32:11.897 13560 21643 E chromium: [ERROR:tile_manager.cc(793)] WARNING: tile memory limits exceeded, some content may not draw
08-04 00:32:11.943 17791 17791 I ServiceManager: Waiting for service AtCmdFwd...
08-04 00:32:11.959 13560 13572 I art     : Starting a blocking GC Explicit
08-04 00:32:11.995 13560 13572 I art     : Explicit concurrent mark sweep GC freed 1521(85KB) AllocSpace objects, 1(20KB) LOS objects, 29% free, 37MB/53MB, paused 954us total 35.337ms
08-04 00:32:12.006 13560 13572 I art     : Starting a blocking GC Explicit
08-04 00:32:12.038 13560 13572 I art     : Explicit concurrent mark sweep GC freed 40(1360B) AllocSpace objects, 0(0B) LOS objects, 29% free, 37MB/53MB, paused 882us total 32.020ms
08-04 00:32:12.048 13560 13572 I art     : Starting a blocking GC Explicit
08-04 00:32:12.080 13560 13572 I art     : Explicit concurrent mark sweep GC freed 15(480B) AllocSpace objects, 0(0B) LOS objects, 29% free, 37MB/53MB, paused 960us total 31.592ms
08-04 00:32:12.090 13560 13572 I art     : Starting a blocking GC Explicit
08-04 00:32:12.119 13560 13572 I art     : Explicit concurrent mark sweep GC freed 10(320B) AllocSpace objects, 0(0B) LOS objects, 29% free, 37MB/53MB, paused 828us total 28.376ms
08-04 00:32:12.128 13560 13572 I art     : Starting a blocking GC Explicit
08-04 00:32:12.157 13560 13572 I art     : Explicit concurrent mark sweep GC freed 3(96B) AllocSpace objects, 0(0B) LOS objects, 29% free, 37MB/53MB, paused 1.064ms total 28.831ms
08-04 00:32:12.505 13560 13572 I art     : Starting a blocking GC Explicit
08-04 00:32:12.541 13560 13572 I art     : Explicit concurrent mark sweep GC freed 1440(83KB) AllocSpace objects, 1(20KB) LOS objects, 29% free, 37MB/53MB, paused 1.004ms total 35.156ms
08-04 00:32:12.552 13560 13572 I art     : Starting a blocking GC Explicit
08-04 00:32:12.584 13560 13572 I art     : Explicit concurrent mark sweep GC freed 22(784B) AllocSpace objects, 0(0B) LOS objects, 29% free, 37MB/53MB, paused 845us total 31.527ms
08-04 00:32:12.594 13560 13572 I art     : Starting a blocking GC Explicit
08-04 00:32:12.625 13560 13572 I art     : Explicit concurrent mark sweep GC freed 3(96B) AllocSpace objects, 0(0B) LOS objects, 29% free, 37MB/53MB, paused 913us total 30.681ms
08-04 00:32:12.635 13560 13572 I art     : Starting a blocking GC Explicit
08-04 00:32:12.667 13560 13572 I art     : Explicit concurrent mark sweep GC freed 3(96B) AllocSpace objects, 0(0B) LOS objects, 29% free, 37MB/53MB, paused 845us total 31.636ms
08-04 00:32:12.677 13560 13572 I art     : Starting a blocking GC Explicit
08-04 00:32:12.709 13560 13572 I art     : Explicit concurrent mark sweep GC freed 3(96B) AllocSpace objects, 0(0B) LOS objects, 29% free, 37MB/53MB, paused 1.035ms total 32.157ms
08-04 00:32:12.943 17791 17791 I ServiceManager: Waiting for service AtCmdFwd...
08-04 00:32:13.072 13560 21596 I art     : Starting a blocking GC Explicit
08-04 00:32:13.108 13560 21596 I art     : Explicit concurrent mark sweep GC freed 1606(91KB) AllocSpace objects, 1(20KB) LOS objects, 29% free, 37MB/53MB, paused 1.141ms total 35.914ms
08-04 00:32:13.110   918  3261 D WifiStateMachine: starting scan for "H369AA63323"WPA_PSK with 2412,5180
08-04 00:32:13.120 13560 21596 I art     : Starting a blocking GC Explicit
08-04 00:32:13.151 13560 21596 I art     : Explicit concurrent mark sweep GC freed 28(1040B) AllocSpace objects, 0(0B) LOS objects, 29% free, 37MB/53MB, paused 882us total 31.245ms
08-04 00:32:13.161 13560 21596 I art     : Starting a blocking GC Explicit
08-04 00:32:13.192 13560 21596 I art     : Explicit concurrent mark sweep GC freed 3(96B) AllocSpace objects, 0(0B) LOS objects, 29% free, 37MB/53MB, paused 944us total 30.819ms
08-04 00:32:13.203 13560 21596 I art     : Starting a blocking GC Explicit
08-04 00:32:13.234 13560 21596 I art     : Explicit concurrent mark sweep GC freed 1674(65KB) AllocSpace objects, 0(0B) LOS objects, 29% free, 37MB/53MB, paused 924us total 31.316ms
08-04 00:32:13.244 13560 21596 I art     : Starting a blocking GC Explicit
08-04 00:32:13.258 13560 21981 E baseline.com.newsblur.network.APIResponse: Error (unexpected end of stream on https://www.newsblur.com/...) calling https://www.newsblur.com/reader/mark_story_hashes_as_read/
08-04 00:32:13.258 13560 21981 E baseline.com.newsblur.network.APIResponse: java.io.IOException: unexpected end of stream on https://www.newsblur.com/...
08-04 00:32:13.258 13560 21981 E baseline.com.newsblur.network.APIResponse: 	at okhttp3.internal.http1.Http1ExchangeCodec.readResponseHeaders(Http1ExchangeCodec.java:236)
08-04 00:32:13.258 13560 21981 E baseline.com.newsblur.network.APIResponse: 	at okhttp3.internal.connection.Exchange.readResponseHeaders(Exchange.java:115)
08-04 00:32:13.258 13560 21981 E baseline.com.newsblur.network.APIResponse: 	at okhttp3.internal.http.CallServerInterceptor.intercept(CallServerInterceptor.java:94)
08-04 00:32:13.258 13560 21981 E baseline.com.newsblur.network.APIResponse: 	at okhttp3.internal.http.RealInterceptorChain.proceed(RealInterceptorChain.java:142)
08-04 00:32:13.258 13560 21981 E baseline.com.newsblur.network.APIResponse: 	at okhttp3.internal.connection.ConnectInterceptor.intercept(ConnectInterceptor.java:43)
08-04 00:32:13.258 13560 21981 E baseline.com.newsblur.network.APIResponse: 	at okhttp3.internal.http.RealInterceptorChain.proceed(RealInterceptorChain.java:142)
08-04 00:32:13.258 13560 21981 E baseline.com.newsblur.network.APIResponse: 	at okhttp3.internal.http.RealInterceptorChain.proceed(RealInterceptorChain.java:117)
08-04 00:32:13.258 13560 21981 E baseline.com.newsblur.network.APIResponse: 	at okhttp3.internal.cache.CacheInterceptor.intercept(CacheInterceptor.java:94)
08-04 00:32:13.258 13560 21981 E baseline.com.newsblur.network.APIResponse: 	at okhttp3.internal.http.RealInterceptorChain.proceed(RealInterceptorChain.java:142)
08-04 00:32:13.258 13560 21981 E baseline.com.newsblur.network.APIResponse: 	at okhttp3.internal.http.RealInterceptorChain.proceed(RealInterceptorChain.java:117)
08-04 00:32:13.258 13560 21981 E baseline.com.newsblur.network.APIResponse: 	at okhttp3.internal.http.BridgeInterceptor.intercept(BridgeInterceptor.java:93)
08-04 00:32:13.258 13560 21981 E baseline.com.newsblur.network.APIResponse: 	at okhttp3.internal.http.RealInterceptorChain.proceed(RealInterceptorChain.java:142)
08-04 00:32:13.258 13560 21981 E baseline.com.newsblur.network.APIResponse: 	at okhttp3.internal.http.RetryAndFollowUpInterceptor.intercept(RetryAndFollowUpInterceptor.java:88)
08-04 00:32:13.258 13560 21981 E baseline.com.newsblur.network.APIResponse: 	at okhttp3.internal.http.RealInterceptorChain.proceed(RealInterceptorChain.java:142)
