--------- beginning of main
08-04 00:34:49.997 17791 17791 I ServiceManager: Waiting for service AtCmdFwd...
08-04 00:34:50.301 23779 23779 D AndroidRuntime: >>>>>> START com.android.internal.os.RuntimeInit uid 2000 <<<<<<
08-04 00:34:50.308 23779 23779 D AndroidRuntime: CheckJNI is OFF
08-04 00:34:50.337 23779 23779 D ICU     : No timezone override file found: /data/misc/zoneinfo/current/icu/icu_tzdata.dat
08-04 00:34:50.366 23779 23779 I Radio-JNI: register_android_hardware_Radio DONE
08-04 00:34:50.382 23779 23779 D AndroidRuntime: Calling main entry com.android.commands.monkey.Monkey
--------- beginning of system
08-04 00:34:50.399   918   931 W BroadcastQueue: Skipping deliver [background] BroadcastRecord{2cb0dd6 u-1 android.net.conn.CONNECTIVITY_CHANGE} to ReceiverList{ce37f44 23779 (unknown name)/2000/u-1 remote:7a5e198}: process crashing
08-04 00:34:50.409   918  3714 I ActivityManager: START u0 {act=android.intent.action.MAIN cat=[android.intent.category.LAUNCHER] flg=0x10200000 cmp=baseline.com.newsblur/.activity.InitActivity} from uid 2000 on display 0
08-04 00:34:50.429 23788 23788 I art     : Late-enabling -Xcheck:jni
08-04 00:34:50.432   918  5481 I ActivityManager: Start proc 23788:baseline.com.newsblur/u0a652 for activity baseline.com.newsblur/.activity.InitActivity
08-04 00:34:50.435 23779 23779 I art     : System.exit called, status: 0
08-04 00:34:50.435 23779 23779 I AndroidRuntime: VM exiting with result code 0.
08-04 00:34:50.480 23788 23788 W System  : ClassLoader referenced unknown path: /data/app/baseline.com.newsblur-1/lib/arm64
08-04 00:34:50.516  6202  8771 I PBSessionCacheImpl: Deleted sessionId[27278280657311515] from persistence.
08-04 00:34:50.519  6202  6241 W SearchServiceCore: Abort, client detached.
08-04 00:34:50.520  6202  6241 I MicroDetectionState: Should stop hotword detection immediately - true
08-04 00:34:50.562 23788 23788 I baseline.com.newsblur.activity.InitActivity: cold launching version 9.0b1
08-04 00:34:50.573 23788 23804 D OpenGLRenderer: Use EGL_SWAP_BEHAVIOR_PRESERVED: true
08-04 00:34:50.610 23788 23804 I Adreno  : QUALCOMM build                   : fcf4852, I1af360237c
08-04 00:34:50.610 23788 23804 I Adreno  : Build Date                       : 09/23/15
08-04 00:34:50.610 23788 23804 I Adreno  : OpenGL ES Shader Compiler Version: XE031.05.13.02
08-04 00:34:50.610 23788 23804 I Adreno  : Local Branch                     : mybranch14465806
08-04 00:34:50.610 23788 23804 I Adreno  : Remote Branch                    : quic/LA.BF64.1.2.9_v2
08-04 00:34:50.610 23788 23804 I Adreno  : Remote Branch                    : NONE
08-04 00:34:50.610 23788 23804 I Adreno  : Reconstruct Branch               : NOTHING
08-04 00:34:50.615 23788 23804 I OpenGLRenderer: Initialized EGL, version 1.4
08-04 00:34:50.641   918  6111 I ActivityManager: START u0 {cmp=baseline.com.newsblur/.activity.Main} from uid 10652 on display 0
08-04 00:34:50.650   918   928 W InputMethodManagerService: Focus gain on non-focused client com.android.internal.view.IInputMethodClient$Stub$Proxy@b4e463f (uid=10652 pid=23788)
08-04 00:34:50.829 23788 23788 I art     : Rejecting re-init on previously-failed class java.lang.Class<androidx.core.view.ViewCompat$OnUnhandledKeyEventListenerWrapper>
08-04 00:34:50.829 23788 23788 I art     : Rejecting re-init on previously-failed class java.lang.Class<androidx.core.view.ViewCompat$OnUnhandledKeyEventListenerWrapper>
08-04 00:34:50.866 23788 23788 E BitmapFactory: Unable to decode stream: java.io.FileNotFoundException: /data/user/0/baseline.com.newsblur/cache/userProfilePicture: open failed: ENOENT (No such file or directory)
08-04 00:34:50.998 17791 17791 I ServiceManager: Waiting for service AtCmdFwd...
08-04 00:34:51.097   918   936 I ActivityManager: Displayed baseline.com.newsblur/.activity.Main: +443ms (total +677ms)
08-04 00:34:51.108 13866 13866 I GoogleInputMethodServic: GoogleInputMethodService.onFinishInput():3138 
08-04 00:34:51.109 13866 13866 I GoogleInputMethodServic: GoogleInputMethodService.onStartInput():1808 
08-04 00:34:51.999 17791 17791 I ServiceManager: Waiting for service AtCmdFwd...
08-04 00:34:52.063 23833 23833 D AndroidRuntime: >>>>>> START com.android.internal.os.RuntimeInit uid 2000 <<<<<<
08-04 00:34:52.070 23833 23833 D AndroidRuntime: CheckJNI is OFF
08-04 00:34:52.099 23833 23833 D ICU     : No timezone override file found: /data/misc/zoneinfo/current/icu/icu_tzdata.dat
08-04 00:34:52.130 23833 23833 I Radio-JNI: register_android_hardware_Radio DONE
08-04 00:34:52.146 23833 23833 D AndroidRuntime: Calling main entry com.android.commands.am.Am
08-04 00:34:52.153  8825  8825 I Trepn   : Trepn 6.2s: Received intent: com.quicinc.trepn.start_profiling
08-04 00:34:52.317  8825  8825 W FileUtils: Failed to chmod(/storage/emulated/0/trepn/Trepn_2020.08.04_003452.db): android.system.ErrnoException: chmod failed: EPERM (Operation not permitted)
08-04 00:34:52.441  8825  8825 I Trepn   : Trepn 6.2s: Trepn has Started Profiling.
08-04 00:34:52.443 23833 23833 D AndroidRuntime: Shutting down VM
08-04 00:34:52.931 23788 23801 I art     : Starting a blocking GC Explicit
08-04 00:34:52.954 23788 23801 I art     : Explicit concurrent mark sweep GC freed 7725(504KB) AllocSpace objects, 16(500KB) LOS objects, 38% free, 25MB/41MB, paused 194us total 22.204ms
08-04 00:34:52.965 23788 23801 I art     : Starting a blocking GC Explicit
08-04 00:34:52.976 23788 23801 I art     : Explicit concurrent mark sweep GC freed 903(57KB) AllocSpace objects, 0(0B) LOS objects, 38% free, 25MB/41MB, paused 165us total 10.799ms
08-04 00:34:52.982 23788 23801 I art     : Starting a blocking GC Explicit
08-04 00:34:52.993 23788 23801 I art     : Explicit concurrent mark sweep GC freed 3(96B) AllocSpace objects, 0(0B) LOS objects, 38% free, 25MB/41MB, paused 164us total 10.619ms
08-04 00:34:52.999 23788 23801 I art     : Starting a blocking GC Explicit
08-04 00:34:53.000 17791 17791 I ServiceManager: Waiting for service AtCmdFwd...
08-04 00:34:53.009 23788 23801 I art     : Explicit concurrent mark sweep GC freed 3(96B) AllocSpace objects, 0(0B) LOS objects, 38% free, 25MB/41MB, paused 169us total 10.642ms
08-04 00:34:53.015 23788 23801 I art     : Starting a blocking GC Explicit
08-04 00:34:53.027 23788 23801 I art     : Explicit concurrent mark sweep GC freed 3(96B) AllocSpace objects, 0(0B) LOS objects, 38% free, 25MB/41MB, paused 221us total 11.013ms
08-04 00:34:53.140   918  3261 D WifiStateMachine: starting scan for "H369AA63323"WPA_PSK with 2412,5180
08-04 00:34:53.298 23788 23822 I art     : Starting a blocking GC Explicit
08-04 00:34:53.315 23788 23822 I art     : Explicit concurrent mark sweep GC freed 1390(80KB) AllocSpace objects, 1(20KB) LOS objects, 38% free, 25MB/41MB, paused 208us total 16.107ms
08-04 00:34:53.324 23788 23822 I art     : Starting a blocking GC Explicit
08-04 00:34:53.336 23788 23822 I art     : Explicit concurrent mark sweep GC freed 20(704B) AllocSpace objects, 0(0B) LOS objects, 38% free, 25MB/41MB, paused 172us total 11.743ms
08-04 00:34:53.342 23788 23822 I art     : Starting a blocking GC Explicit
08-04 00:34:53.354 23788 23822 I art     : Explicit concurrent mark sweep GC freed 3(96B) AllocSpace objects, 0(0B) LOS objects, 38% free, 25MB/41MB, paused 170us total 11.265ms
08-04 00:34:53.360 23788 23822 I art     : Starting a blocking GC Explicit
08-04 00:34:53.371 23788 23822 I art     : Explicit concurrent mark sweep GC freed 3(96B) AllocSpace objects, 0(0B) LOS objects, 38% free, 25MB/41MB, paused 165us total 10.905ms
08-04 00:34:53.377 23788 23822 I art     : Starting a blocking GC Explicit
08-04 00:34:53.388 23788 23822 I art     : Explicit concurrent mark sweep GC freed 3(96B) AllocSpace objects, 0(0B) LOS objects, 38% free, 25MB/41MB, paused 159us total 10.789ms
08-04 00:34:53.655 23788 23800 I art     : Starting a blocking GC Explicit
08-04 00:34:53.669 23788 23800 I art     : Explicit concurrent mark sweep GC freed 1379(80KB) AllocSpace objects, 1(20KB) LOS objects, 38% free, 25MB/41MB, paused 183us total 13.565ms
08-04 00:34:53.675 23788 23800 I art     : Starting a blocking GC Explicit
08-04 00:34:53.688 23788 23800 I art     : Explicit concurrent mark sweep GC freed 20(704B) AllocSpace objects, 0(0B) LOS objects, 38% free, 25MB/41MB, paused 171us total 11.915ms
08-04 00:34:53.694 23788 23800 I art     : Starting a blocking GC Explicit
08-04 00:34:53.705 23788 23800 I art     : Explicit concurrent mark sweep GC freed 3(96B) AllocSpace objects, 0(0B) LOS objects, 38% free, 25MB/41MB, paused 176us total 11.177ms
08-04 00:34:53.711 23788 23800 I art     : Starting a blocking GC Explicit
08-04 00:34:53.722 23788 23800 I art     : Explicit concurrent mark sweep GC freed 3(96B) AllocSpace objects, 0(0B) LOS objects, 38% free, 25MB/41MB, paused 160us total 10.784ms
08-04 00:34:53.728 23788 23800 I art     : Starting a blocking GC Explicit
08-04 00:34:53.738 23788 23800 I art     : Explicit concurrent mark sweep GC freed 3(96B) AllocSpace objects, 0(0B) LOS objects, 38% free, 25MB/41MB, paused 166us total 10.229ms
08-04 00:34:54.001 17791 17791 W Atfwd_Sendcmd: AtCmdFwd service not published, waiting... retryCnt : 4
08-04 00:34:54.046 23788 23801 I art     : Starting a blocking GC Explicit
08-04 00:34:54.060 23788 23801 I art     : Explicit concurrent mark sweep GC freed 1378(80KB) AllocSpace objects, 1(20KB) LOS objects, 38% free, 25MB/41MB, paused 227us total 14.203ms
08-04 00:34:54.070 23788 23801 I art     : Starting a blocking GC Explicit
08-04 00:34:54.082 23788 23801 I art     : Explicit concurrent mark sweep GC freed 20(704B) AllocSpace objects, 0(0B) LOS objects, 38% free, 25MB/41MB, paused 175us total 11.711ms
08-04 00:34:54.088 23788 23801 I art     : Starting a blocking GC Explicit
08-04 00:34:54.099 23788 23801 I art     : Explicit concurrent mark sweep GC freed 3(96B) AllocSpace objects, 0(0B) LOS objects, 38% free, 25MB/41MB, paused 163us total 10.731ms
08-04 00:34:54.105 23788 23801 I art     : Starting a blocking GC Explicit
08-04 00:34:54.116 23788 23801 I art     : Explicit concurrent mark sweep GC freed 3(96B) AllocSpace objects, 0(0B) LOS objects, 38% free, 25MB/41MB, paused 162us total 10.402ms
08-04 00:34:54.122 23788 23801 I art     : Starting a blocking GC Explicit
08-04 00:34:54.132 23788 23801 I art     : Explicit concurrent mark sweep GC freed 3(96B) AllocSpace objects, 0(0B) LOS objects, 38% free, 25MB/41MB, paused 166us total 10.391ms
08-04 00:34:54.450 23788 23822 I art     : Starting a blocking GC Explicit
08-04 00:34:54.467 23788 23822 I art     : Explicit concurrent mark sweep GC freed 1378(80KB) AllocSpace objects, 1(20KB) LOS objects, 38% free, 25MB/41MB, paused 226us total 16.178ms
08-04 00:34:54.476 23788 23822 I art     : Starting a blocking GC Explicit
08-04 00:34:54.488 23788 23822 I art     : Explicit concurrent mark sweep GC freed 20(704B) AllocSpace objects, 0(0B) LOS objects, 38% free, 25MB/41MB, paused 173us total 11.761ms
08-04 00:34:54.494 23788 23822 I art     : Starting a blocking GC Explicit
08-04 00:34:54.506 23788 23822 I art     : Explicit concurrent mark sweep GC freed 3(96B) AllocSpace objects, 0(0B) LOS objects, 38% free, 25MB/41MB, paused 164us total 11.206ms
08-04 00:34:54.512 23788 23822 I art     : Starting a blocking GC Explicit
08-04 00:34:54.523 23788 23822 I art     : Explicit concurrent mark sweep GC freed 3(96B) AllocSpace objects, 0(0B) LOS objects, 38% free, 25MB/41MB, paused 158us total 10.847ms
08-04 00:34:54.529 23788 23822 I art     : Starting a blocking GC Explicit
08-04 00:34:54.540 23788 23822 I art     : Explicit concurrent mark sweep GC freed 3(96B) AllocSpace objects, 0(0B) LOS objects, 38% free, 25MB/41MB, paused 160us total 10.692ms
08-04 00:34:54.818 23788 23800 I art     : Starting a blocking GC Explicit
08-04 00:34:54.832 23788 23800 I art     : Explicit concurrent mark sweep GC freed 1378(80KB) AllocSpace objects, 1(20KB) LOS objects, 38% free, 25MB/41MB, paused 204us total 14.106ms
08-04 00:34:54.842 23788 23800 I art     : Starting a blocking GC Explicit
08-04 00:34:54.854 23788 23800 I art     : Explicit concurrent mark sweep GC freed 20(704B) AllocSpace objects, 0(0B) LOS objects, 38% free, 25MB/41MB, paused 159us total 11.830ms
08-04 00:34:54.860 23788 23800 I art     : Starting a blocking GC Explicit
08-04 00:34:54.871 23788 23800 I art     : Explicit concurrent mark sweep GC freed 3(96B) AllocSpace objects, 0(0B) LOS objects, 38% free, 25MB/41MB, paused 163us total 11.053ms
08-04 00:34:54.877 23788 23800 I art     : Starting a blocking GC Explicit
08-04 00:34:54.888 23788 23800 I art     : Explicit concurrent mark sweep GC freed 3(96B) AllocSpace objects, 0(0B) LOS objects, 38% free, 25MB/41MB, paused 167us total 10.875ms
08-04 00:34:54.894 23788 23800 I art     : Starting a blocking GC Explicit
08-04 00:34:54.906 23788 23800 I art     : Explicit concurrent mark sweep GC freed 3(96B) AllocSpace objects, 0(0B) LOS objects, 38% free, 25MB/41MB, paused 163us total 10.923ms
08-04 00:34:55.188 23788 23801 I art     : Starting a blocking GC Explicit
08-04 00:34:55.204 23788 23801 I art     : Explicit concurrent mark sweep GC freed 1378(80KB) AllocSpace objects, 1(20KB) LOS objects, 38% free, 25MB/41MB, paused 207us total 15.914ms
08-04 00:34:55.213 23788 23801 I art     : Starting a blocking GC Explicit
08-04 00:34:55.225 23788 23801 I art     : Explicit concurrent mark sweep GC freed 20(704B) AllocSpace objects, 0(0B) LOS objects, 38% free, 25MB/41MB, paused 166us total 11.451ms
08-04 00:34:55.231 23788 23801 I art     : Starting a blocking GC Explicit
08-04 00:34:55.242 23788 23801 I art     : Explicit concurrent mark sweep GC freed 3(96B) AllocSpace objects, 0(0B) LOS objects, 38% free, 25MB/41MB, paused 171us total 11.117ms
08-04 00:34:55.249 23788 23801 I art     : Starting a blocking GC Explicit
08-04 00:34:55.260 23788 23801 I art     : Explicit concurrent mark sweep GC freed 3(96B) AllocSpace objects, 0(0B) LOS objects, 38% free, 25MB/41MB, paused 161us total 10.694ms
08-04 00:34:55.266 23788 23801 I art     : Starting a blocking GC Explicit
08-04 00:34:55.276 23788 23801 I art     : Explicit concurrent mark sweep GC freed 3(96B) AllocSpace objects, 0(0B) LOS objects, 38% free, 25MB/41MB, paused 166us total 10.487ms
08-04 00:34:55.578 23788 23822 I art     : Starting a blocking GC Explicit
08-04 00:34:55.595 23788 23822 I art     : Explicit concurrent mark sweep GC freed 1378(80KB) AllocSpace objects, 1(20KB) LOS objects, 38% free, 25MB/41MB, paused 257us total 17.305ms
08-04 00:34:55.607 23788 23822 I art     : Starting a blocking GC Explicit
08-04 00:34:55.619 23788 23822 I art     : Explicit concurrent mark sweep GC freed 20(704B) AllocSpace objects, 0(0B) LOS objects, 38% free, 25MB/41MB, paused 181us total 11.532ms
08-04 00:34:55.626 23788 23822 I art     : Starting a blocking GC Explicit
08-04 00:34:55.637 23788 23822 I art     : Explicit concurrent mark sweep GC freed 3(96B) AllocSpace objects, 0(0B) LOS objects, 38% free, 25MB/41MB, paused 168us total 10.791ms
08-04 00:34:55.643 23788 23822 I art     : Starting a blocking GC Explicit
08-04 00:34:55.654 23788 23822 I art     : Explicit concurrent mark sweep GC freed 3(96B) AllocSpace objects, 0(0B) LOS objects, 38% free, 25MB/41MB, paused 166us total 10.421ms
08-04 00:34:55.659 23788 23822 I art     : Starting a blocking GC Explicit
08-04 00:34:55.670 23788 23822 I art     : Explicit concurrent mark sweep GC freed 3(96B) AllocSpace objects, 0(0B) LOS objects, 38% free, 25MB/41MB, paused 157us total 10.472ms
08-04 00:34:55.980 23788 23800 I art     : Starting a blocking GC Explicit
08-04 00:34:55.997 23788 23800 I art     : Explicit concurrent mark sweep GC freed 1378(80KB) AllocSpace objects, 1(20KB) LOS objects, 38% free, 25MB/41MB, paused 241us total 17.309ms
08-04 00:34:55.998 23788 23798 I art     : WaitForGcToComplete blocked for 6.403ms for cause HeapTrim
08-04 00:34:56.008 23788 23800 I art     : Starting a blocking GC Explicit
08-04 00:34:56.020 23788 23800 I art     : Explicit concurrent mark sweep GC freed 20(704B) AllocSpace objects, 0(0B) LOS objects, 38% free, 25MB/41MB, paused 171us total 11.710ms
08-04 00:34:56.026 23788 23800 I art     : Starting a blocking GC Explicit
08-04 00:34:56.037 23788 23800 I art     : Explicit concurrent mark sweep GC freed 3(96B) AllocSpace objects, 0(0B) LOS objects, 38% free, 25MB/41MB, paused 155us total 10.757ms
08-04 00:34:56.044 23788 23800 I art     : Starting a blocking GC Explicit
08-04 00:34:56.054 23788 23800 I art     : Explicit concurrent mark sweep GC freed 3(96B) AllocSpace objects, 0(0B) LOS objects, 38% free, 25MB/41MB, paused 163us total 10.381ms
08-04 00:34:56.060 23788 23800 I art     : Starting a blocking GC Explicit
08-04 00:34:56.071 23788 23800 I art     : Explicit concurrent mark sweep GC freed 3(96B) AllocSpace objects, 0(0B) LOS objects, 38% free, 25MB/41MB, paused 172us total 10.414ms
08-04 00:34:56.336 23788 23801 I art     : Starting a blocking GC Explicit
08-04 00:34:56.347 23788 23801 I art     : Explicit concurrent mark sweep GC freed 1378(80KB) AllocSpace objects, 1(20KB) LOS objects, 38% free, 25MB/41MB, paused 272us total 11.567ms
08-04 00:34:56.353 23788 23801 I art     : Starting a blocking GC Explicit
08-04 00:34:56.362 23788 23801 I art     : Explicit concurrent mark sweep GC freed 20(704B) AllocSpace objects, 0(0B) LOS objects, 38% free, 25MB/41MB, paused 161us total 9.690ms
08-04 00:34:56.368 23788 23801 I art     : Starting a blocking GC Explicit
08-04 00:34:56.378 23788 23801 I art     : Explicit concurrent mark sweep GC freed 3(96B) AllocSpace objects, 0(0B) LOS objects, 38% free, 25MB/41MB, paused 148us total 9.266ms
08-04 00:34:56.383 23788 23801 I art     : Starting a blocking GC Explicit
08-04 00:34:56.392 23788 23801 I art     : Explicit concurrent mark sweep GC freed 3(96B) AllocSpace objects, 0(0B) LOS objects, 38% free, 25MB/41MB, paused 153us total 9.256ms
08-04 00:34:56.398 23788 23801 I art     : Starting a blocking GC Explicit
08-04 00:34:56.407 23788 23801 I art     : Explicit concurrent mark sweep GC freed 3(96B) AllocSpace objects, 0(0B) LOS objects, 38% free, 25MB/41MB, paused 148us total 9.248ms
08-04 00:34:56.667 23788 23822 I art     : Starting a blocking GC Explicit
08-04 00:34:56.683 23788 23822 I art     : Explicit concurrent mark sweep GC freed 1377(80KB) AllocSpace objects, 1(20KB) LOS objects, 38% free, 25MB/41MB, paused 202us total 16.017ms
08-04 00:34:56.692 23788 23822 I art     : Starting a blocking GC Explicit
08-04 00:34:56.705 23788 23822 I art     : Explicit concurrent mark sweep GC freed 20(704B) AllocSpace objects, 0(0B) LOS objects, 38% free, 25MB/41MB, paused 175us total 11.974ms
08-04 00:34:56.711 23788 23822 I art     : Starting a blocking GC Explicit
08-04 00:34:56.722 23788 23822 I art     : Explicit concurrent mark sweep GC freed 3(96B) AllocSpace objects, 0(0B) LOS objects, 38% free, 25MB/41MB, paused 166us total 11.259ms
08-04 00:34:56.729 23788 23822 I art     : Starting a blocking GC Explicit
08-04 00:34:56.740 23788 23822 I art     : Explicit concurrent mark sweep GC freed 3(96B) AllocSpace objects, 0(0B) LOS objects, 38% free, 25MB/41MB, paused 162us total 10.963ms
08-04 00:34:56.746 23788 23822 I art     : Starting a blocking GC Explicit
08-04 00:34:56.757 23788 23822 I art     : Explicit concurrent mark sweep GC freed 3(96B) AllocSpace objects, 0(0B) LOS objects, 38% free, 25MB/41MB, paused 192us total 10.795ms
08-04 00:34:57.048 23788 23800 I art     : Starting a blocking GC Explicit
08-04 00:34:57.064 23788 23800 I art     : Explicit concurrent mark sweep GC freed 1378(80KB) AllocSpace objects, 1(20KB) LOS objects, 38% free, 25MB/41MB, paused 193us total 15.950ms
08-04 00:34:57.073 23788 23800 I art     : Starting a blocking GC Explicit
08-04 00:34:57.085 23788 23800 I art     : Explicit concurrent mark sweep GC freed 20(704B) AllocSpace objects, 0(0B) LOS objects, 38% free, 25MB/41MB, paused 165us total 11.547ms
08-04 00:34:57.091 23788 23800 I art     : Starting a blocking GC Explicit
08-04 00:34:57.102 23788 23800 I art     : Explicit concurrent mark sweep GC freed 3(96B) AllocSpace objects, 0(0B) LOS objects, 38% free, 25MB/41MB, paused 166us total 11.225ms
08-04 00:34:57.108 23788 23800 I art     : Starting a blocking GC Explicit
08-04 00:34:57.120 23788 23800 I art     : Explicit concurrent mark sweep GC freed 3(96B) AllocSpace objects, 0(0B) LOS objects, 38% free, 25MB/41MB, paused 163us total 11.025ms
08-04 00:34:57.126 23788 23800 I art     : Starting a blocking GC Explicit
08-04 00:34:57.136 23788 23800 I art     : Explicit concurrent mark sweep GC freed 3(96B) AllocSpace objects, 0(0B) LOS objects, 38% free, 25MB/41MB, paused 154us total 10.715ms
08-04 00:34:57.400 23788 23801 I art     : Starting a blocking GC Explicit
08-04 00:34:57.413 23788 23801 I art     : Explicit concurrent mark sweep GC freed 1378(80KB) AllocSpace objects, 1(20KB) LOS objects, 38% free, 25MB/41MB, paused 210us total 12.977ms
08-04 00:34:57.420 23788 23801 I art     : Starting a blocking GC Explicit
08-04 00:34:57.431 23788 23801 I art     : Explicit concurrent mark sweep GC freed 20(704B) AllocSpace objects, 0(0B) LOS objects, 38% free, 25MB/41MB, paused 182us total 11.256ms
08-04 00:34:57.437 23788 23801 I art     : Starting a blocking GC Explicit
08-04 00:34:57.448 23788 23801 I art     : Explicit concurrent mark sweep GC freed 3(96B) AllocSpace objects, 0(0B) LOS objects, 38% free, 25MB/41MB, paused 171us total 10.517ms
08-04 00:34:57.454 23788 23801 I art     : Starting a blocking GC Explicit
08-04 00:34:57.465 23788 23801 I art     : Explicit concurrent mark sweep GC freed 3(96B) AllocSpace objects, 0(0B) LOS objects, 38% free, 25MB/41MB, paused 172us total 10.752ms
08-04 00:34:57.471 23788 23801 I art     : Starting a blocking GC Explicit
08-04 00:34:57.482 23788 23801 I art     : Explicit concurrent mark sweep GC freed 3(96B) AllocSpace objects, 0(0B) LOS objects, 38% free, 25MB/41MB, paused 167us total 10.224ms
08-04 00:34:57.683 23995 23995 D AndroidRuntime: >>>>>> START com.android.internal.os.RuntimeInit uid 2000 <<<<<<
08-04 00:34:57.687 23995 23995 D AndroidRuntime: CheckJNI is OFF
08-04 00:34:57.712 23995 23995 D ICU     : No timezone override file found: /data/misc/zoneinfo/current/icu/icu_tzdata.dat
08-04 00:34:57.737 23995 23995 I Radio-JNI: register_android_hardware_Radio DONE
08-04 00:34:57.753 23995 23995 D AndroidRuntime: Calling main entry com.android.commands.input.Input
08-04 00:34:57.754 23995 23995 I Input   : injectMotionEvent: MotionEvent { action=ACTION_DOWN, actionButton=0, id[0]=0, x[0]=594.0, y[0]=330.0, toolType[0]=TOOL_TYPE_UNKNOWN, buttonState=0, metaState=0, flags=0x0, edgeFlags=0x0, pointerCount=1, historySize=0, eventTime=664514167, downTime=664514167, deviceId=0, source=0x1002 }
08-04 00:34:57.755 23788 23822 I art     : Starting a blocking GC Explicit
08-04 00:34:57.761 23995 23995 I Input   : injectMotionEvent: MotionEvent { action=ACTION_UP, actionButton=0, id[0]=0, x[0]=594.0, y[0]=330.0, toolType[0]=TOOL_TYPE_UNKNOWN, buttonState=0, metaState=0, flags=0x0, edgeFlags=0x0, pointerCount=1, historySize=0, eventTime=664514167, downTime=664514167, deviceId=0, source=0x1002 }
08-04 00:34:57.763 23995 23995 D AndroidRuntime: Shutting down VM
08-04 00:34:57.768 23788 23822 I art     : Explicit concurrent mark sweep GC freed 1413(81KB) AllocSpace objects, 1(20KB) LOS objects, 38% free, 25MB/41MB, paused 289us total 12.384ms
08-04 00:34:57.774 23788 23822 I art     : Starting a blocking GC Explicit
08-04 00:34:57.788 23788 23822 I art     : Explicit concurrent mark sweep GC freed 25(864B) AllocSpace objects, 0(0B) LOS objects, 38% free, 25MB/41MB, paused 180us total 13.122ms
08-04 00:34:57.794 23788 23822 I art     : Starting a blocking GC Explicit
08-04 00:34:57.804 23788 23822 I art     : Explicit concurrent mark sweep GC freed 3(96B) AllocSpace objects, 0(0B) LOS objects, 38% free, 25MB/41MB, paused 170us total 10.428ms
08-04 00:34:57.811 23788 23822 I art     : Starting a blocking GC Explicit
08-04 00:34:57.820 23788 23822 I art     : Explicit concurrent mark sweep GC freed 3(96B) AllocSpace objects, 0(0B) LOS objects, 38% free, 25MB/41MB, paused 158us total 9.610ms
08-04 00:34:57.826 23788 23822 I art     : Starting a blocking GC Explicit
08-04 00:34:57.832   918  5132 I ActivityManager: START u0 {cmp=baseline.com.newsblur/.activity.GlobalSharedStoriesItemsList (has extras)} from uid 10652 on display 0
08-04 00:34:57.837 23788 23822 I art     : Explicit concurrent mark sweep GC freed 387(60KB) AllocSpace objects, 0(0B) LOS objects, 38% free, 25MB/41MB, paused 248us total 10.877ms
08-04 00:34:57.853 23788 24018 I baseline.com.newsblur.database.BlurDatabaseHelper: reading session reset
08-04 00:34:57.981 23788 23788 W View    : requestLayout() improperly called by android.widget.FrameLayout{bac4e7f V.E...... ......ID 0,0-1440,0 #7f07003f app:id/footer_view_inner} during layout: running second layout pass
08-04 00:34:57.982 23788 23788 W View    : requestLayout() improperly called by android.widget.FrameLayout{d824e4c V.E...... ......ID 0,0-1440,2091 #7f07003f app:id/footer_view_inner} during layout: running second layout pass
08-04 00:34:58.003   918   936 I ActivityManager: Displayed baseline.com.newsblur/.activity.GlobalSharedStoriesItemsList: +159ms
08-04 00:34:58.003 13866 13866 I GoogleInputMethodServic: GoogleInputMethodService.onFinishInput():3138 
08-04 00:34:58.005 13866 13866 I GoogleInputMethodServic: GoogleInputMethodService.onStartInput():1808 
08-04 00:34:58.060 23788 23800 I art     : Starting a blocking GC Explicit
08-04 00:34:58.073 23788 23800 I art     : Explicit concurrent mark sweep GC freed 9136(742KB) AllocSpace objects, 14(404KB) LOS objects, 37% free, 27MB/43MB, paused 256us total 13.010ms
08-04 00:34:58.079 23788 23800 I art     : Starting a blocking GC Explicit
08-04 00:34:58.091 23788 23800 I art     : Explicit concurrent mark sweep GC freed 527(24KB) AllocSpace objects, 0(0B) LOS objects, 37% free, 27MB/43MB, paused 242us total 11.957ms
08-04 00:34:58.098 23788 23800 I art     : Starting a blocking GC Explicit
08-04 00:34:58.110 23788 23800 I art     : Explicit concurrent mark sweep GC freed 3(96B) AllocSpace objects, 0(0B) LOS objects, 37% free, 27MB/43MB, paused 223us total 11.659ms
08-04 00:34:58.117 23788 23800 I art     : Starting a blocking GC Explicit
08-04 00:34:58.128 23788 23800 I art     : Explicit concurrent mark sweep GC freed 3(96B) AllocSpace objects, 0(0B) LOS objects, 37% free, 27MB/43MB, paused 222us total 11.418ms
08-04 00:34:58.134 23788 23800 I art     : Starting a blocking GC Explicit
08-04 00:34:58.148 23788 23800 I art     : Explicit concurrent mark sweep GC freed 3(96B) AllocSpace objects, 0(0B) LOS objects, 37% free, 27MB/43MB, paused 287us total 13.616ms
08-04 00:34:58.424 23788 23801 I art     : Starting a blocking GC Explicit
08-04 00:34:58.440 23788 23801 I art     : Explicit concurrent mark sweep GC freed 1706(108KB) AllocSpace objects, 2(40KB) LOS objects, 37% free, 27MB/43MB, paused 294us total 15.280ms
08-04 00:34:58.447 23788 23801 I art     : Starting a blocking GC Explicit
08-04 00:34:58.460 23788 23801 I art     : Explicit concurrent mark sweep GC freed 30(1104B) AllocSpace objects, 0(0B) LOS objects, 37% free, 27MB/43MB, paused 238us total 12.836ms
08-04 00:34:58.466 23788 23801 I art     : Starting a blocking GC Explicit
08-04 00:34:58.480 23788 23801 I art     : Explicit concurrent mark sweep GC freed 1103(75KB) AllocSpace objects, 2(120KB) LOS objects, 36% free, 27MB/43MB, paused 410us total 13.567ms
08-04 00:34:58.486 23788 23801 I art     : Starting a blocking GC Explicit
08-04 00:34:58.498 23788 23801 I art     : Explicit concurrent mark sweep GC freed 2313(198KB) AllocSpace objects, 1(80KB) LOS objects, 36% free, 27MB/43MB, paused 272us total 12.037ms
08-04 00:34:58.503 23788 23801 I art     : Starting a blocking GC Explicit
08-04 00:34:58.515 23788 23801 I art     : Explicit concurrent mark sweep GC freed 101(6KB) AllocSpace objects, 0(0B) LOS objects, 36% free, 27MB/43MB, paused 240us total 11.180ms
08-04 00:34:58.521 23788 24026 I NAPPA_EXPERIMENTATION: MetricNetworkRequestExecutionTime: REQUEST_DURATION_SYSTEM='502',REQUEST_DURATION_OKHTTP='30',REQUEST_SYNCHRONOUS='TRUE',RESPONSE_CODE='200',RESPONSE_METHOD='GET',RESPONSE_LENGTH_OKHTTP='-1',RESPONSE_LENGTH_HEADER='13047',REQUEST_PROTOCOL='http/1.1',REQUEST_URL='https://www.newsblur.com/social/river_stories?order=newest&page=1&read_filter=all&global_feed=true',
08-04 00:34:58.521 23788 24026 D MY_TAG  : 0, 502
08-04 00:34:58.742 23788 24054 I NAPPA_EXPERIMENTATION: MetricNetworkRequestExecutionTime: REQUEST_DURATION_SYSTEM='57',REQUEST_DURATION_OKHTTP='51',REQUEST_SYNCHRONOUS='TRUE',RESPONSE_CODE='200',RESPONSE_METHOD='GET',RESPONSE_LENGTH_OKHTTP='43',RESPONSE_LENGTH_HEADER='43',REQUEST_PROTOCOL='http/1.1',REQUEST_URL='http://feeds.feedburner.com/~r/retort/~4/UffaFMiJbNs',
08-04 00:34:58.755 23788 23801 I art     : Starting a blocking GC Explicit
08-04 00:34:58.774 23788 23801 I art     : Explicit concurrent mark sweep GC freed 38325(2MB) AllocSpace objects, 44(1096KB) LOS objects, 36% free, 28MB/44MB, paused 528us total 19.204ms
08-04 00:34:58.781 23788 23801 I art     : Starting a blocking GC Explicit
08-04 00:34:58.795 23788 23801 I art     : Explicit concurrent mark sweep GC freed 2597(203KB) AllocSpace objects, 1(20KB) LOS objects, 36% free, 27MB/43MB, paused 611us total 14.343ms
08-04 00:34:58.801 23788 23801 I art     : Starting a blocking GC Explicit
08-04 00:34:58.815 23788 23801 I art     : Explicit concurrent mark sweep GC freed 5(160B) AllocSpace objects, 0(0B) LOS objects, 36% free, 27MB/43MB, paused 475us total 13.310ms
08-04 00:34:58.820 23788 23801 I art     : Starting a blocking GC Explicit
08-04 00:34:58.834 23788 23801 I art     : Explicit concurrent mark sweep GC freed 571(51KB) AllocSpace objects, 0(0B) LOS objects, 36% free, 28MB/44MB, paused 547us total 13.083ms
08-04 00:34:58.840 23788 23801 I art     : Starting a blocking GC Explicit
08-04 00:34:58.855 23788 23801 I art     : Explicit concurrent mark sweep GC freed 1842(82KB) AllocSpace objects, 2(120KB) LOS objects, 36% free, 28MB/44MB, paused 803us total 15.047ms
08-04 00:34:59.065 23788 24060 I NAPPA_EXPERIMENTATION: MetricNetworkRequestExecutionTime: REQUEST_DURATION_SYSTEM='360',REQUEST_DURATION_OKHTTP='191',REQUEST_SYNCHRONOUS='TRUE',RESPONSE_CODE='200',RESPONSE_METHOD='GET',RESPONSE_LENGTH_OKHTTP='56376',RESPONSE_LENGTH_HEADER='56376',REQUEST_PROTOCOL='h2',REQUEST_URL='https://images.fastcompany.net/image/upload/w_1280,q_auto,f_auto,fl_lossy/wp-cms/uploads/2020/07/p-1-quit-after-covid.jpg',
08-04 00:34:59.076 23788 24067 I NAPPA_EXPERIMENTATION: MetricNetworkRequestExecutionTime: REQUEST_DURATION_SYSTEM='352',REQUEST_DURATION_OKHTTP='202',REQUEST_SYNCHRONOUS='TRUE',RESPONSE_CODE='200',RESPONSE_METHOD='GET',RESPONSE_LENGTH_OKHTTP='1883',RESPONSE_LENGTH_HEADER='1883',REQUEST_PROTOCOL='h2',REQUEST_URL='https://pbs.twimg.com/profile_images/847818629840228354/VXyQHfn0_normal.jpg',
08-04 00:34:59.084 23788 24063 I NAPPA_EXPERIMENTATION: MetricNetworkRequestExecutionTime: REQUEST_DURATION_SYSTEM='371',REQUEST_DURATION_OKHTTP='211',REQUEST_SYNCHRONOUS='TRUE',RESPONSE_CODE='200',RESPONSE_METHOD='GET',RESPONSE_LENGTH_OKHTTP='24098',RESPONSE_LENGTH_HEADER='24098',REQUEST_PROTOCOL='h2',REQUEST_URL='https://i.cbc.ca/1.5665164.1595891792!/cpImage/httpImage/image.jpg_gen/derivatives/16x9_460/ont-windsor-hum-20200727.jpg',
08-04 00:34:59.097 23788 24058 I NAPPA_EXPERIMENTATION: MetricNetworkRequestExecutionTime: REQUEST_DURATION_SYSTEM='401',REQUEST_DURATION_OKHTTP='221',REQUEST_SYNCHRONOUS='TRUE',RESPONSE_CODE='200',RESPONSE_METHOD='GET',RESPONSE_LENGTH_OKHTTP='79351',RESPONSE_LENGTH_HEADER='79351',REQUEST_PROTOCOL='h2',REQUEST_URL='https://images.fastcompany.net/image/upload/w_1280,q_auto,f_auto,fl_lossy/wp-cms/uploads/2020/07/p-1-90532920-this-chart-shows-how-effective-masks-can-be.png',
08-04 00:34:59.143 23788 23801 I art     : Starting a blocking GC Explicit
08-04 00:34:59.165 23788 23801 I art     : Explicit concurrent mark sweep GC freed 26759(1327KB) AllocSpace objects, 17(7MB) LOS objects, 33% free, 32MB/48MB, paused 629us total 21.204ms
08-04 00:34:59.171 23788 23801 I art     : Starting a blocking GC Explicit
08-04 00:34:59.187 23788 23801 I art     : Explicit concurrent mark sweep GC freed 533(20KB) AllocSpace objects, 0(0B) LOS objects, 33% free, 32MB/48MB, paused 770us total 15.755ms
08-04 00:34:59.194 23788 23801 I art     : Starting a blocking GC Explicit
08-04 00:34:59.208 23788 23801 I art     : Explicit concurrent mark sweep GC freed 5(160B) AllocSpace objects, 0(0B) LOS objects, 33% free, 32MB/48MB, paused 531us total 14.092ms
08-04 00:34:59.209 23788 24070 I NAPPA_EXPERIMENTATION: MetricNetworkRequestExecutionTime: REQUEST_DURATION_SYSTEM='505',REQUEST_DURATION_OKHTTP='72',REQUEST_SYNCHRONOUS='TRUE',RESPONSE_CODE='200',RESPONSE_METHOD='GET',RESPONSE_LENGTH_OKHTTP='796',RESPONSE_LENGTH_HEADER='796',REQUEST_PROTOCOL='http/1.1',REQUEST_URL='https://s3.amazonaws.com/icons.newsblur.com/6326827.png',
08-04 00:34:59.212 23788 24059 I NAPPA_EXPERIMENTATION: MetricNetworkRequestExecutionTime: REQUEST_DURATION_SYSTEM='536',REQUEST_DURATION_OKHTTP='72',REQUEST_SYNCHRONOUS='TRUE',RESPONSE_CODE='200',RESPONSE_METHOD='GET',RESPONSE_LENGTH_OKHTTP='477',RESPONSE_LENGTH_HEADER='477',REQUEST_PROTOCOL='http/1.1',REQUEST_URL='https://s3.amazonaws.com/icons.newsblur.com/5762506.png',
08-04 00:34:59.214 23788 23801 I art     : Starting a blocking GC Explicit
08-04 00:34:59.215 23788 24051 I NAPPA_EXPERIMENTATION: MetricNetworkRequestExecutionTime: REQUEST_DURATION_SYSTEM='568',REQUEST_DURATION_OKHTTP='81',REQUEST_SYNCHRONOUS='TRUE',RESPONSE_CODE='200',RESPONSE_METHOD='GET',RESPONSE_LENGTH_OKHTTP='145',RESPONSE_LENGTH_HEADER='145',REQUEST_PROTOCOL='http/1.1',REQUEST_URL='https://s3.amazonaws.com/icons.newsblur.com/6882243.png',
08-04 00:34:59.226 23788 24061 I NAPPA_EXPERIMENTATION: MetricNetworkRequestExecutionTime: REQUEST_DURATION_SYSTEM='541',REQUEST_DURATION_OKHTTP='94',REQUEST_SYNCHRONOUS='TRUE',RESPONSE_CODE='200',RESPONSE_METHOD='GET',RESPONSE_LENGTH_OKHTTP='477',RESPONSE_LENGTH_HEADER='477',REQUEST_PROTOCOL='http/1.1',REQUEST_URL='https://s3.amazonaws.com/icons.newsblur.com/5762506.png',
08-04 00:34:59.228 23788 23801 I art     : Explicit concurrent mark sweep GC freed 652(90KB) AllocSpace objects, 3(60KB) LOS objects, 33% free, 32MB/48MB, paused 484us total 13.860ms
08-04 00:34:59.233 23788 23801 I art     : Starting a blocking GC Explicit
08-04 00:34:59.237 23788 24064 I NAPPA_EXPERIMENTATION: MetricNetworkRequestExecutionTime: REQUEST_DURATION_SYSTEM='544',REQUEST_DURATION_OKHTTP='94',REQUEST_SYNCHRONOUS='TRUE',RESPONSE_CODE='200',RESPONSE_METHOD='GET',RESPONSE_LENGTH_OKHTTP='2228',RESPONSE_LENGTH_HEADER='2228',REQUEST_PROTOCOL='http/1.1',REQUEST_URL='https://s3.amazonaws.com/icons.newsblur.com/7702341.png',
08-04 00:34:59.248 23788 23801 I art     : Explicit concurrent mark sweep GC freed 349(46KB) AllocSpace objects, 4(80KB) LOS objects, 33% free, 32MB/48MB, paused 448us total 14.290ms
08-04 00:34:59.496 23788 24055 I NAPPA_EXPERIMENTATION: MetricNetworkRequestExecutionTime: REQUEST_DURATION_SYSTEM='830',REQUEST_DURATION_OKHTTP='28',REQUEST_SYNCHRONOUS='TRUE',RESPONSE_CODE='200',RESPONSE_METHOD='GET',RESPONSE_LENGTH_OKHTTP='243',RESPONSE_LENGTH_HEADER='243',REQUEST_PROTOCOL='http/1.1',REQUEST_URL='https://s3.amazonaws.com/icons.newsblur.com/18178.png',
08-04 00:34:59.526 23788 23822 I art     : Starting a blocking GC Explicit
08-04 00:34:59.547 23788 23822 I art     : Explicit concurrent mark sweep GC freed 4940(324KB) AllocSpace objects, 12(240KB) LOS objects, 33% free, 32MB/48MB, paused 355us total 20.735ms
08-04 00:34:59.558 23788 23822 I art     : Starting a blocking GC Explicit
08-04 00:34:59.572 23788 23822 I art     : Explicit concurrent mark sweep GC freed 439(15KB) AllocSpace objects, 0(0B) LOS objects, 33% free, 32MB/48MB, paused 331us total 14.117ms
08-04 00:34:59.578 23788 23822 I art     : Starting a blocking GC Explicit
08-04 00:34:59.592 23788 23822 I art     : Explicit concurrent mark sweep GC freed 6(192B) AllocSpace objects, 0(0B) LOS objects, 33% free, 32MB/48MB, paused 320us total 13.362ms
08-04 00:34:59.598 23788 23822 I art     : Starting a blocking GC Explicit
08-04 00:34:59.611 23788 23822 I art     : Explicit concurrent mark sweep GC freed 3(96B) AllocSpace objects, 0(0B) LOS objects, 33% free, 32MB/48MB, paused 350us total 12.979ms
08-04 00:34:59.617 23788 23822 I art     : Starting a blocking GC Explicit
08-04 00:34:59.631 23788 23822 I art     : Explicit concurrent mark sweep GC freed 3(96B) AllocSpace objects, 0(0B) LOS objects, 33% free, 32MB/48MB, paused 344us total 13.690ms
08-04 00:34:59.948 23788 23800 I art     : Starting a blocking GC Explicit
08-04 00:34:59.966 23788 23800 I art     : Explicit concurrent mark sweep GC freed 1387(82KB) AllocSpace objects, 1(20KB) LOS objects, 33% free, 32MB/48MB, paused 356us total 17.300ms
08-04 00:34:59.973 23788 23800 I art     : Starting a blocking GC Explicit
08-04 00:34:59.987 23788 23800 I art     : Explicit concurrent mark sweep GC freed 20(704B) AllocSpace objects, 0(0B) LOS objects, 33% free, 32MB/48MB, paused 327us total 13.919ms
08-04 00:34:59.993 23788 23800 I art     : Starting a blocking GC Explicit
08-04 00:35:00.006 23788 23800 I art     : Explicit concurrent mark sweep GC freed 3(96B) AllocSpace objects, 0(0B) LOS objects, 33% free, 32MB/48MB, paused 314us total 13.008ms
08-04 00:35:00.012 23788 23800 I art     : Starting a blocking GC Explicit
08-04 00:35:00.027 23788 23800 I art     : Explicit concurrent mark sweep GC freed 3(96B) AllocSpace objects, 0(0B) LOS objects, 33% free, 32MB/48MB, paused 328us total 14.281ms
08-04 00:35:00.033 23788 23800 I art     : Starting a blocking GC Explicit
08-04 00:35:00.047 23788 23800 I art     : Explicit concurrent mark sweep GC freed 3(96B) AllocSpace objects, 0(0B) LOS objects, 33% free, 32MB/48MB, paused 367us total 13.790ms
08-04 00:35:00.364 23788 23801 I art     : Starting a blocking GC Explicit
08-04 00:35:00.383 23788 23801 I art     : Explicit concurrent mark sweep GC freed 1387(80KB) AllocSpace objects, 1(20KB) LOS objects, 33% free, 32MB/48MB, paused 361us total 18.660ms
08-04 00:35:00.392 23788 23801 I art     : Starting a blocking GC Explicit
08-04 00:35:00.407 23788 23801 I art     : Explicit concurrent mark sweep GC freed 20(704B) AllocSpace objects, 0(0B) LOS objects, 33% free, 32MB/48MB, paused 425us total 14.885ms
08-04 00:35:00.414 23788 23801 I art     : Starting a blocking GC Explicit
08-04 00:35:00.428 23788 23801 I art     : Explicit concurrent mark sweep GC freed 3(96B) AllocSpace objects, 0(0B) LOS objects, 33% free, 32MB/48MB, paused 327us total 14.521ms
08-04 00:35:00.434 23788 23801 I art     : Starting a blocking GC Explicit
08-04 00:35:00.449 23788 23801 I art     : Explicit concurrent mark sweep GC freed 3(96B) AllocSpace objects, 0(0B) LOS objects, 33% free, 32MB/48MB, paused 335us total 14.456ms
08-04 00:35:00.455 23788 23801 I art     : Starting a blocking GC Explicit
08-04 00:35:00.470 23788 23801 I art     : Explicit concurrent mark sweep GC freed 3(96B) AllocSpace objects, 0(0B) LOS objects, 33% free, 32MB/48MB, paused 305us total 14.312ms
08-04 00:35:00.789 23788 23822 I art     : Starting a blocking GC Explicit
08-04 00:35:00.809 23788 23822 I art     : Explicit concurrent mark sweep GC freed 1386(80KB) AllocSpace objects, 1(20KB) LOS objects, 33% free, 32MB/48MB, paused 360us total 19.486ms
08-04 00:35:00.817 23788 23822 I art     : Starting a blocking GC Explicit
08-04 00:35:00.832 23788 23822 I art     : Explicit concurrent mark sweep GC freed 20(704B) AllocSpace objects, 0(0B) LOS objects, 33% free, 32MB/48MB, paused 337us total 15.098ms
08-04 00:35:00.839 23788 23822 I art     : Starting a blocking GC Explicit
08-04 00:35:00.853 23788 23822 I art     : Explicit concurrent mark sweep GC freed 3(96B) AllocSpace objects, 0(0B) LOS objects, 33% free, 32MB/48MB, paused 398us total 14.035ms
08-04 00:35:00.860 23788 23822 I art     : Starting a blocking GC Explicit
08-04 00:35:00.874 23788 23822 I art     : Explicit concurrent mark sweep GC freed 3(96B) AllocSpace objects, 0(0B) LOS objects, 33% free, 32MB/48MB, paused 335us total 14.488ms
08-04 00:35:00.880 23788 23822 I art     : Starting a blocking GC Explicit
08-04 00:35:00.895 23788 23822 I art     : Explicit concurrent mark sweep GC freed 3(96B) AllocSpace objects, 0(0B) LOS objects, 33% free, 32MB/48MB, paused 323us total 14.203ms
08-04 00:35:01.212 23788 23800 I art     : Starting a blocking GC Explicit
08-04 00:35:01.230 23788 23800 I art     : Explicit concurrent mark sweep GC freed 1386(80KB) AllocSpace objects, 1(20KB) LOS objects, 33% free, 32MB/48MB, paused 334us total 17.466ms
08-04 00:35:01.237 23788 23800 I art     : Starting a blocking GC Explicit
08-04 00:35:01.252 23788 23800 I art     : Explicit concurrent mark sweep GC freed 20(704B) AllocSpace objects, 0(0B) LOS objects, 33% free, 32MB/48MB, paused 336us total 15.293ms
08-04 00:35:01.259 23788 23800 I art     : Starting a blocking GC Explicit
08-04 00:35:01.274 23788 23800 I art     : Explicit concurrent mark sweep GC freed 3(96B) AllocSpace objects, 0(0B) LOS objects, 33% free, 32MB/48MB, paused 330us total 15.169ms
08-04 00:35:01.280 23788 23800 I art     : Starting a blocking GC Explicit
08-04 00:35:01.295 23788 23800 I art     : Explicit concurrent mark sweep GC freed 3(96B) AllocSpace objects, 0(0B) LOS objects, 33% free, 32MB/48MB, paused 329us total 14.613ms
08-04 00:35:01.302 23788 23800 I art     : Starting a blocking GC Explicit
08-04 00:35:01.317 23788 23800 I art     : Explicit concurrent mark sweep GC freed 3(96B) AllocSpace objects, 0(0B) LOS objects, 33% free, 32MB/48MB, paused 411us total 14.838ms
08-04 00:35:01.620 23788 23801 I art     : Starting a blocking GC Explicit
08-04 00:35:01.639 23788 23801 I art     : Explicit concurrent mark sweep GC freed 1387(80KB) AllocSpace objects, 1(20KB) LOS objects, 33% free, 32MB/48MB, paused 785us total 19.391ms
08-04 00:35:01.646 23788 23801 I art     : Starting a blocking GC Explicit
08-04 00:35:01.661 23788 23801 I art     : Explicit concurrent mark sweep GC freed 20(704B) AllocSpace objects, 0(0B) LOS objects, 33% free, 32MB/48MB, paused 346us total 14.301ms
08-04 00:35:01.667 23788 23801 I art     : Starting a blocking GC Explicit
08-04 00:35:01.681 23788 23801 I art     : Explicit concurrent mark sweep GC freed 3(96B) AllocSpace objects, 0(0B) LOS objects, 33% free, 32MB/48MB, paused 379us total 14.439ms
08-04 00:35:01.688 23788 23801 I art     : Starting a blocking GC Explicit
08-04 00:35:01.702 23788 23801 I art     : Explicit concurrent mark sweep GC freed 3(96B) AllocSpace objects, 0(0B) LOS objects, 33% free, 32MB/48MB, paused 370us total 14.257ms
08-04 00:35:01.708 23788 23801 I art     : Starting a blocking GC Explicit
08-04 00:35:01.723 23788 23801 I art     : Explicit concurrent mark sweep GC freed 3(96B) AllocSpace objects, 0(0B) LOS objects, 33% free, 32MB/48MB, paused 323us total 14.293ms
08-04 00:35:02.032 23788 23822 I art     : Starting a blocking GC Explicit
08-04 00:35:02.049 23788 23822 I art     : Explicit concurrent mark sweep GC freed 1386(80KB) AllocSpace objects, 1(20KB) LOS objects, 33% free, 32MB/48MB, paused 362us total 16.783ms
08-04 00:35:02.057 23788 23822 I art     : Starting a blocking GC Explicit
08-04 00:35:02.072 23788 23822 I art     : Explicit concurrent mark sweep GC freed 20(704B) AllocSpace objects, 0(0B) LOS objects, 33% free, 32MB/48MB, paused 347us total 15.583ms
08-04 00:35:02.080 23788 23822 I art     : Starting a blocking GC Explicit
08-04 00:35:02.095 23788 23822 I art     : Explicit concurrent mark sweep GC freed 3(96B) AllocSpace objects, 0(0B) LOS objects, 33% free, 32MB/48MB, paused 377us total 14.765ms
08-04 00:35:02.101 23788 23822 I art     : Starting a blocking GC Explicit
08-04 00:35:02.116 23788 23822 I art     : Explicit concurrent mark sweep GC freed 3(96B) AllocSpace objects, 0(0B) LOS objects, 33% free, 32MB/48MB, paused 329us total 14.477ms
08-04 00:35:02.122 23788 23822 I art     : Starting a blocking GC Explicit
08-04 00:35:02.137 23788 23822 I art     : Explicit concurrent mark sweep GC freed 3(96B) AllocSpace objects, 0(0B) LOS objects, 33% free, 32MB/48MB, paused 359us total 14.780ms
08-04 00:35:02.465 23788 23800 I art     : Starting a blocking GC Explicit
08-04 00:35:02.484 23788 23800 I art     : Explicit concurrent mark sweep GC freed 1386(80KB) AllocSpace objects, 1(20KB) LOS objects, 33% free, 32MB/48MB, paused 369us total 18.370ms
08-04 00:35:02.492 23788 23800 I art     : Starting a blocking GC Explicit
08-04 00:35:02.508 23788 23800 I art     : Explicit concurrent mark sweep GC freed 20(704B) AllocSpace objects, 0(0B) LOS objects, 33% free, 32MB/48MB, paused 333us total 15.095ms
08-04 00:35:02.514 23788 23800 I art     : Starting a blocking GC Explicit
08-04 00:35:02.528 23788 23800 I art     : Explicit concurrent mark sweep GC freed 3(96B) AllocSpace objects, 0(0B) LOS objects, 33% free, 32MB/48MB, paused 330us total 14.469ms
08-04 00:35:02.535 23788 23800 I art     : Starting a blocking GC Explicit
08-04 00:35:02.549 23788 23800 I art     : Explicit concurrent mark sweep GC freed 3(96B) AllocSpace objects, 0(0B) LOS objects, 33% free, 32MB/48MB, paused 327us total 14.363ms
08-04 00:35:02.555 23788 23800 I art     : Starting a blocking GC Explicit
08-04 00:35:02.570 23788 23800 I art     : Explicit concurrent mark sweep GC freed 3(96B) AllocSpace objects, 0(0B) LOS objects, 33% free, 32MB/48MB, paused 322us total 14.130ms
08-04 00:35:02.890 23788 23801 I art     : Starting a blocking GC Explicit
08-04 00:35:02.909 23788 23801 I art     : Explicit concurrent mark sweep GC freed 1386(80KB) AllocSpace objects, 1(20KB) LOS objects, 33% free, 32MB/48MB, paused 365us total 18.951ms
08-04 00:35:02.918 23788 23801 I art     : Starting a blocking GC Explicit
08-04 00:35:02.933 23788 23801 I art     : Explicit concurrent mark sweep GC freed 20(704B) AllocSpace objects, 0(0B) LOS objects, 33% free, 32MB/48MB, paused 382us total 15.754ms
08-04 00:35:02.940 23788 23801 I art     : Starting a blocking GC Explicit
08-04 00:35:02.955 23788 23801 I art     : Explicit concurrent mark sweep GC freed 3(96B) AllocSpace objects, 0(0B) LOS objects, 33% free, 32MB/48MB, paused 349us total 15.018ms
08-04 00:35:02.962 23788 23801 I art     : Starting a blocking GC Explicit
08-04 00:35:02.978 23788 23801 I art     : Explicit concurrent mark sweep GC freed 3(96B) AllocSpace objects, 0(0B) LOS objects, 33% free, 32MB/48MB, paused 344us total 15.512ms
08-04 00:35:02.984 23788 23801 I art     : Starting a blocking GC Explicit
08-04 00:35:02.999 23788 23801 I art     : Explicit concurrent mark sweep GC freed 3(96B) AllocSpace objects, 0(0B) LOS objects, 33% free, 32MB/48MB, paused 359us total 14.793ms
08-04 00:35:03.313 23788 23822 I art     : Starting a blocking GC Explicit
08-04 00:35:03.331 23788 23822 I art     : Explicit concurrent mark sweep GC freed 1386(80KB) AllocSpace objects, 1(20KB) LOS objects, 33% free, 32MB/48MB, paused 387us total 17.537ms
08-04 00:35:03.338 23788 23822 I art     : Starting a blocking GC Explicit
08-04 00:35:03.352 23788 23822 I art     : Explicit concurrent mark sweep GC freed 20(704B) AllocSpace objects, 0(0B) LOS objects, 33% free, 32MB/48MB, paused 326us total 14.467ms
08-04 00:35:03.358 23788 23822 I art     : Starting a blocking GC Explicit
08-04 00:35:03.372 23788 23822 I art     : Explicit concurrent mark sweep GC freed 3(96B) AllocSpace objects, 0(0B) LOS objects, 33% free, 32MB/48MB, paused 307us total 13.474ms
08-04 00:35:03.378 23788 23822 I art     : Starting a blocking GC Explicit
08-04 00:35:03.392 23788 23822 I art     : Explicit concurrent mark sweep GC freed 3(96B) AllocSpace objects, 0(0B) LOS objects, 33% free, 32MB/48MB, paused 334us total 14.181ms
08-04 00:35:03.398 23788 23822 I art     : Starting a blocking GC Explicit
08-04 00:35:03.413 23788 23822 I art     : Explicit concurrent mark sweep GC freed 3(96B) AllocSpace objects, 0(0B) LOS objects, 33% free, 32MB/48MB, paused 337us total 14.808ms
08-04 00:35:03.729 23788 23800 I art     : Starting a blocking GC Explicit
08-04 00:35:03.749 23788 23800 I art     : Explicit concurrent mark sweep GC freed 1386(80KB) AllocSpace objects, 1(20KB) LOS objects, 33% free, 32MB/48MB, paused 359us total 19.563ms
08-04 00:35:03.758 23788 23800 I art     : Starting a blocking GC Explicit
08-04 00:35:03.773 23788 23800 I art     : Explicit concurrent mark sweep GC freed 20(704B) AllocSpace objects, 0(0B) LOS objects, 33% free, 32MB/48MB, paused 342us total 15.336ms
08-04 00:35:03.780 23788 23800 I art     : Starting a blocking GC Explicit
08-04 00:35:03.794 23788 23800 I art     : Explicit concurrent mark sweep GC freed 3(96B) AllocSpace objects, 0(0B) LOS objects, 33% free, 32MB/48MB, paused 336us total 14.391ms
08-04 00:35:03.801 23788 23800 I art     : Starting a blocking GC Explicit
08-04 00:35:03.815 23788 23800 I art     : Explicit concurrent mark sweep GC freed 3(96B) AllocSpace objects, 0(0B) LOS objects, 33% free, 32MB/48MB, paused 326us total 14.377ms
08-04 00:35:03.821 23788 23800 I art     : Starting a blocking GC Explicit
08-04 00:35:03.836 23788 23800 I art     : Explicit concurrent mark sweep GC freed 3(96B) AllocSpace objects, 0(0B) LOS objects, 33% free, 32MB/48MB, paused 313us total 14.104ms
08-04 00:35:04.163 23788 23801 I art     : Starting a blocking GC Explicit
08-04 00:35:04.183 23788 23801 I art     : Explicit concurrent mark sweep GC freed 1386(80KB) AllocSpace objects, 1(20KB) LOS objects, 33% free, 32MB/48MB, paused 375us total 19.024ms
08-04 00:35:04.193 23788 23801 I art     : Starting a blocking GC Explicit
08-04 00:35:04.208 23788 23801 I art     : Explicit concurrent mark sweep GC freed 20(704B) AllocSpace objects, 0(0B) LOS objects, 33% free, 32MB/48MB, paused 330us total 14.557ms
08-04 00:35:04.214 23788 23801 I art     : Starting a blocking GC Explicit
08-04 00:35:04.228 23788 23801 I art     : Explicit concurrent mark sweep GC freed 3(96B) AllocSpace objects, 0(0B) LOS objects, 33% free, 32MB/48MB, paused 373us total 14.328ms
08-04 00:35:04.235 23788 23801 I art     : Starting a blocking GC Explicit
08-04 00:35:04.249 23788 23801 I art     : Explicit concurrent mark sweep GC freed 3(96B) AllocSpace objects, 0(0B) LOS objects, 33% free, 32MB/48MB, paused 331us total 14.423ms
08-04 00:35:04.255 23788 23801 I art     : Starting a blocking GC Explicit
08-04 00:35:04.270 23788 23801 I art     : Explicit concurrent mark sweep GC freed 3(96B) AllocSpace objects, 0(0B) LOS objects, 33% free, 32MB/48MB, paused 335us total 14.250ms
08-04 00:35:04.569 23788 23822 I art     : Starting a blocking GC Explicit
08-04 00:35:04.586 23788 23822 I art     : Explicit concurrent mark sweep GC freed 1386(80KB) AllocSpace objects, 1(20KB) LOS objects, 33% free, 32MB/48MB, paused 342us total 16.706ms
08-04 00:35:04.593 23788 23822 I art     : Starting a blocking GC Explicit
08-04 00:35:04.608 23788 23822 I art     : Explicit concurrent mark sweep GC freed 20(704B) AllocSpace objects, 0(0B) LOS objects, 33% free, 32MB/48MB, paused 331us total 15.059ms
08-04 00:35:04.615 23788 23822 I art     : Starting a blocking GC Explicit
08-04 00:35:04.630 23788 23822 I art     : Explicit concurrent mark sweep GC freed 3(96B) AllocSpace objects, 0(0B) LOS objects, 33% free, 32MB/48MB, paused 332us total 15.112ms
08-04 00:35:04.636 23788 23822 I art     : Starting a blocking GC Explicit
08-04 00:35:04.651 23788 23822 I art     : Explicit concurrent mark sweep GC freed 3(96B) AllocSpace objects, 0(0B) LOS objects, 33% free, 32MB/48MB, paused 365us total 14.698ms
08-04 00:35:04.658 23788 23822 I art     : Starting a blocking GC Explicit
08-04 00:35:04.672 23788 23822 I art     : Explicit concurrent mark sweep GC freed 3(96B) AllocSpace objects, 0(0B) LOS objects, 33% free, 32MB/48MB, paused 335us total 14.555ms
08-04 00:35:04.985 23788 23800 I art     : Starting a blocking GC Explicit
08-04 00:35:05.003 23788 23800 I art     : Explicit concurrent mark sweep GC freed 1386(80KB) AllocSpace objects, 1(20KB) LOS objects, 33% free, 32MB/48MB, paused 352us total 17.549ms
08-04 00:35:05.012 23788 23800 I art     : Starting a blocking GC Explicit
08-04 00:35:05.027 23788 23800 I art     : Explicit concurrent mark sweep GC freed 20(704B) AllocSpace objects, 0(0B) LOS objects, 33% free, 32MB/48MB, paused 384us total 14.643ms
08-04 00:35:05.034 23788 23800 I art     : Starting a blocking GC Explicit
08-04 00:35:05.048 23788 23800 I art     : Explicit concurrent mark sweep GC freed 3(96B) AllocSpace objects, 0(0B) LOS objects, 33% free, 32MB/48MB, paused 329us total 14.559ms
08-04 00:35:05.055 23788 23800 I art     : Starting a blocking GC Explicit
08-04 00:35:05.069 23788 23800 I art     : Explicit concurrent mark sweep GC freed 3(96B) AllocSpace objects, 0(0B) LOS objects, 33% free, 32MB/48MB, paused 327us total 14.508ms
08-04 00:35:05.075 23788 23800 I art     : Starting a blocking GC Explicit
08-04 00:35:05.090 23788 23800 I art     : Explicit concurrent mark sweep GC freed 3(96B) AllocSpace objects, 0(0B) LOS objects, 33% free, 32MB/48MB, paused 328us total 14.410ms
08-04 00:35:05.396 23788 23801 I art     : Starting a blocking GC Explicit
08-04 00:35:05.414 23788 23801 I art     : Explicit concurrent mark sweep GC freed 1386(80KB) AllocSpace objects, 1(20KB) LOS objects, 33% free, 32MB/48MB, paused 369us total 17.093ms
08-04 00:35:05.424 23788 23801 I art     : Starting a blocking GC Explicit
08-04 00:35:05.439 23788 23801 I art     : Explicit concurrent mark sweep GC freed 20(704B) AllocSpace objects, 0(0B) LOS objects, 33% free, 32MB/48MB, paused 329us total 14.844ms
08-04 00:35:05.445 23788 23801 I art     : Starting a blocking GC Explicit
08-04 00:35:05.460 23788 23801 I art     : Explicit concurrent mark sweep GC freed 3(96B) AllocSpace objects, 0(0B) LOS objects, 33% free, 32MB/48MB, paused 335us total 14.326ms
08-04 00:35:05.466 23788 23801 I art     : Starting a blocking GC Explicit
08-04 00:35:05.480 23788 23801 I art     : Explicit concurrent mark sweep GC freed 3(96B) AllocSpace objects, 0(0B) LOS objects, 33% free, 32MB/48MB, paused 404us total 14.174ms
08-04 00:35:05.487 23788 23801 I art     : Starting a blocking GC Explicit
08-04 00:35:05.501 23788 23801 I art     : Explicit concurrent mark sweep GC freed 3(96B) AllocSpace objects, 0(0B) LOS objects, 33% free, 32MB/48MB, paused 307us total 14.451ms
08-04 00:35:05.825 23788 23822 I art     : Starting a blocking GC Explicit
08-04 00:35:05.844 23788 23822 I art     : Explicit concurrent mark sweep GC freed 1386(80KB) AllocSpace objects, 1(20KB) LOS objects, 33% free, 32MB/48MB, paused 366us total 18.591ms
08-04 00:35:05.854 23788 23822 I art     : Starting a blocking GC Explicit
08-04 00:35:05.869 23788 23822 I art     : Explicit concurrent mark sweep GC freed 20(704B) AllocSpace objects, 0(0B) LOS objects, 33% free, 32MB/48MB, paused 356us total 15.153ms
08-04 00:35:05.875 23788 23822 I art     : Starting a blocking GC Explicit
08-04 00:35:05.890 23788 23822 I art     : Explicit concurrent mark sweep GC freed 3(96B) AllocSpace objects, 0(0B) LOS objects, 33% free, 32MB/48MB, paused 334us total 14.478ms
08-04 00:35:05.896 23788 23822 I art     : Starting a blocking GC Explicit
08-04 00:35:05.911 23788 23822 I art     : Explicit concurrent mark sweep GC freed 3(96B) AllocSpace objects, 0(0B) LOS objects, 33% free, 32MB/48MB, paused 331us total 14.121ms
08-04 00:35:05.917 23788 23822 I art     : Starting a blocking GC Explicit
08-04 00:35:05.931 23788 23822 I art     : Explicit concurrent mark sweep GC freed 3(96B) AllocSpace objects, 0(0B) LOS objects, 33% free, 32MB/48MB, paused 329us total 14.399ms
08-04 00:35:06.212 23788 23800 I art     : Starting a blocking GC Explicit
08-04 00:35:06.227 23788 23800 I art     : Explicit concurrent mark sweep GC freed 1386(80KB) AllocSpace objects, 1(20KB) LOS objects, 33% free, 32MB/48MB, paused 380us total 15.136ms
08-04 00:35:06.234 23788 23800 I art     : Starting a blocking GC Explicit
08-04 00:35:06.249 23788 23800 I art     : Explicit concurrent mark sweep GC freed 20(704B) AllocSpace objects, 0(0B) LOS objects, 33% free, 32MB/48MB, paused 336us total 14.841ms
08-04 00:35:06.249 23788 23798 I art     : WaitForGcToComplete blocked for 15.039ms for cause HeapTrim
08-04 00:35:06.255 23788 23800 I art     : Starting a blocking GC Explicit
08-04 00:35:06.270 23788 23800 I art     : Explicit concurrent mark sweep GC freed 3(96B) AllocSpace objects, 0(0B) LOS objects, 33% free, 32MB/48MB, paused 344us total 14.435ms
08-04 00:35:06.276 23788 23800 I art     : Starting a blocking GC Explicit
08-04 00:35:06.290 23788 23800 I art     : Explicit concurrent mark sweep GC freed 3(96B) AllocSpace objects, 0(0B) LOS objects, 33% free, 32MB/48MB, paused 333us total 14.574ms
08-04 00:35:06.297 23788 23800 I art     : Starting a blocking GC Explicit
08-04 00:35:06.312 23788 23800 I art     : Explicit concurrent mark sweep GC freed 3(96B) AllocSpace objects, 0(0B) LOS objects, 33% free, 32MB/48MB, paused 321us total 14.576ms
08-04 00:35:06.628 23788 23801 I art     : Starting a blocking GC Explicit
08-04 00:35:06.646 23788 23801 I art     : Explicit concurrent mark sweep GC freed 1386(80KB) AllocSpace objects, 1(20KB) LOS objects, 33% free, 32MB/48MB, paused 371us total 18.523ms
08-04 00:35:06.656 23788 23801 I art     : Starting a blocking GC Explicit
08-04 00:35:06.671 23788 23801 I art     : Explicit concurrent mark sweep GC freed 20(704B) AllocSpace objects, 0(0B) LOS objects, 33% free, 32MB/48MB, paused 357us total 14.993ms
08-04 00:35:06.678 23788 23801 I art     : Starting a blocking GC Explicit
08-04 00:35:06.692 23788 23801 I art     : Explicit concurrent mark sweep GC freed 3(96B) AllocSpace objects, 0(0B) LOS objects, 33% free, 32MB/48MB, paused 333us total 14.313ms
08-04 00:35:06.699 23788 23801 I art     : Starting a blocking GC Explicit
08-04 00:35:06.713 23788 23801 I art     : Explicit concurrent mark sweep GC freed 3(96B) AllocSpace objects, 0(0B) LOS objects, 33% free, 32MB/48MB, paused 335us total 14.249ms
08-04 00:35:06.719 23788 23801 I art     : Starting a blocking GC Explicit
08-04 00:35:06.725   918  3188 I hubconnection: sensorhub said: 'set_bias 3: -5.5584, 0.0000, 0.0000'
08-04 00:35:06.733 23788 23801 I art     : Explicit concurrent mark sweep GC freed 3(96B) AllocSpace objects, 0(0B) LOS objects, 33% free, 32MB/48MB, paused 327us total 14.153ms
08-04 00:35:07.055 23788 23822 I art     : Starting a blocking GC Explicit
08-04 00:35:07.074 23788 23822 I art     : Explicit concurrent mark sweep GC freed 1386(80KB) AllocSpace objects, 1(20KB) LOS objects, 33% free, 32MB/48MB, paused 367us total 18.632ms
08-04 00:35:07.081 23788 23822 I art     : Starting a blocking GC Explicit
08-04 00:35:07.097 23788 23822 I art     : Explicit concurrent mark sweep GC freed 20(704B) AllocSpace objects, 0(0B) LOS objects, 33% free, 32MB/48MB, paused 477us total 16.114ms
08-04 00:35:07.104 23788 23822 I art     : Starting a blocking GC Explicit
08-04 00:35:07.119 23788 23822 I art     : Explicit concurrent mark sweep GC freed 3(96B) AllocSpace objects, 0(0B) LOS objects, 33% free, 32MB/48MB, paused 337us total 14.877ms
08-04 00:35:07.126 23788 23822 I art     : Starting a blocking GC Explicit
08-04 00:35:07.140 23788 23822 I art     : Explicit concurrent mark sweep GC freed 3(96B) AllocSpace objects, 0(0B) LOS objects, 33% free, 32MB/48MB, paused 340us total 14.771ms
08-04 00:35:07.147 23788 23822 I art     : Starting a blocking GC Explicit
08-04 00:35:07.162 23788 23822 I art     : Explicit concurrent mark sweep GC freed 3(96B) AllocSpace objects, 0(0B) LOS objects, 33% free, 32MB/48MB, paused 339us total 14.587ms
08-04 00:35:07.457 23788 23800 I art     : Starting a blocking GC Explicit
08-04 00:35:07.474 23788 23800 I art     : Explicit concurrent mark sweep GC freed 1386(80KB) AllocSpace objects, 1(20KB) LOS objects, 33% free, 32MB/48MB, paused 363us total 16.906ms
08-04 00:35:07.484 23788 23800 I art     : Starting a blocking GC Explicit
08-04 00:35:07.499 23788 23800 I art     : Explicit concurrent mark sweep GC freed 20(704B) AllocSpace objects, 0(0B) LOS objects, 33% free, 32MB/48MB, paused 337us total 14.678ms
08-04 00:35:07.505 23788 23800 I art     : Starting a blocking GC Explicit
08-04 00:35:07.519 23788 23800 I art     : Explicit concurrent mark sweep GC freed 3(96B) AllocSpace objects, 0(0B) LOS objects, 33% free, 32MB/48MB, paused 304us total 14.297ms
08-04 00:35:07.526 23788 23800 I art     : Starting a blocking GC Explicit
08-04 00:35:07.540 23788 23800 I art     : Explicit concurrent mark sweep GC freed 3(96B) AllocSpace objects, 0(0B) LOS objects, 33% free, 32MB/48MB, paused 380us total 14.292ms
08-04 00:35:07.546 23788 23800 I art     : Starting a blocking GC Explicit
08-04 00:35:07.561 23788 23800 I art     : Explicit concurrent mark sweep GC freed 3(96B) AllocSpace objects, 0(0B) LOS objects, 33% free, 32MB/48MB, paused 327us total 14.202ms
08-04 00:35:07.881 23788 23801 I art     : Starting a blocking GC Explicit
08-04 00:35:07.901 23788 23801 I art     : Explicit concurrent mark sweep GC freed 1386(80KB) AllocSpace objects, 1(20KB) LOS objects, 33% free, 32MB/48MB, paused 359us total 19.073ms
08-04 00:35:07.907 23788 23801 I art     : Starting a blocking GC Explicit
08-04 00:35:07.923 23788 23801 I art     : Explicit concurrent mark sweep GC freed 20(704B) AllocSpace objects, 0(0B) LOS objects, 33% free, 32MB/48MB, paused 325us total 15ms
08-04 00:35:07.929 23788 23801 I art     : Starting a blocking GC Explicit
08-04 00:35:07.943 23788 23801 I art     : Explicit concurrent mark sweep GC freed 3(96B) AllocSpace objects, 0(0B) LOS objects, 33% free, 32MB/48MB, paused 328us total 14.292ms
08-04 00:35:07.950 23788 23801 I art     : Starting a blocking GC Explicit
08-04 00:35:07.964 23788 23801 I art     : Explicit concurrent mark sweep GC freed 3(96B) AllocSpace objects, 0(0B) LOS objects, 33% free, 32MB/48MB, paused 331us total 14.392ms
08-04 00:35:07.970 23788 23801 I art     : Starting a blocking GC Explicit
08-04 00:35:07.985 23788 23801 I art     : Explicit concurrent mark sweep GC freed 3(96B) AllocSpace objects, 0(0B) LOS objects, 33% free, 32MB/48MB, paused 326us total 14.473ms
08-04 00:35:08.232 23788 23822 I art     : Starting a blocking GC Explicit
08-04 00:35:08.248 23788 23822 I art     : Explicit concurrent mark sweep GC freed 1386(80KB) AllocSpace objects, 1(20KB) LOS objects, 33% free, 32MB/48MB, paused 374us total 15.633ms
08-04 00:35:08.255 23788 23822 I art     : Starting a blocking GC Explicit
08-04 00:35:08.270 23788 23822 I art     : Explicit concurrent mark sweep GC freed 20(704B) AllocSpace objects, 0(0B) LOS objects, 33% free, 32MB/48MB, paused 336us total 14.619ms
08-04 00:35:08.276 23788 23822 I art     : Starting a blocking GC Explicit
08-04 00:35:08.290 23788 23822 I art     : Explicit concurrent mark sweep GC freed 3(96B) AllocSpace objects, 0(0B) LOS objects, 33% free, 32MB/48MB, paused 343us total 14.199ms
08-04 00:35:08.296 23788 23822 I art     : Starting a blocking GC Explicit
08-04 00:35:08.311 23788 23822 I art     : Explicit concurrent mark sweep GC freed 3(96B) AllocSpace objects, 0(0B) LOS objects, 33% free, 32MB/48MB, paused 371us total 14.113ms
08-04 00:35:08.317 23788 23822 I art     : Starting a blocking GC Explicit
08-04 00:35:08.331 23788 23822 I art     : Explicit concurrent mark sweep GC freed 3(96B) AllocSpace objects, 0(0B) LOS objects, 33% free, 32MB/48MB, paused 346us total 13.932ms
08-04 00:35:08.371 24313 24313 D AndroidRuntime: >>>>>> START com.android.internal.os.RuntimeInit uid 2000 <<<<<<
08-04 00:35:08.375 24313 24313 D AndroidRuntime: CheckJNI is OFF
08-04 00:35:08.400 24313 24313 D ICU     : No timezone override file found: /data/misc/zoneinfo/current/icu/icu_tzdata.dat
08-04 00:35:08.426 24313 24313 I Radio-JNI: register_android_hardware_Radio DONE
08-04 00:35:08.443 24313 24313 D AndroidRuntime: Calling main entry com.android.commands.input.Input
08-04 00:35:08.444 24313 24313 I Input   : injectMotionEvent: MotionEvent { action=ACTION_DOWN, actionButton=0, id[0]=0, x[0]=436.0, y[0]=453.0, toolType[0]=TOOL_TYPE_UNKNOWN, buttonState=0, metaState=0, flags=0x0, edgeFlags=0x0, pointerCount=1, historySize=0, eventTime=664524857, downTime=664524857, deviceId=0, source=0x1002 }
08-04 00:35:08.450 24313 24313 I Input   : injectMotionEvent: MotionEvent { action=ACTION_UP, actionButton=0, id[0]=0, x[0]=436.0, y[0]=453.0, toolType[0]=TOOL_TYPE_UNKNOWN, buttonState=0, metaState=0, flags=0x0, edgeFlags=0x0, pointerCount=1, historySize=0, eventTime=664524857, downTime=664524857, deviceId=0, source=0x1002 }
08-04 00:35:08.453 24313 24313 D AndroidRuntime: Shutting down VM
08-04 00:35:08.460   512  2967 D audio_hw_primary: out_set_parameters: enter: usecase(1: low-latency-playback) kvpairs: routing=2
08-04 00:35:08.461   918  3670 I ActivityManager: START u0 {cmp=baseline.com.newsblur/.activity.GlobalSharedStoriesReading (has extras)} from uid 10652 on display 0
08-04 00:35:08.473   512  2967 D audio_hw_primary: select_devices: out_snd_device(2: speaker) in_snd_device(0: none)
08-04 00:35:08.473   512  2967 D msm8974_platform: platform_send_audio_calibration: sending audio calibration for snd_device(2) acdb_id(15)
08-04 00:35:08.473   512  2967 I soundtrigger: audio_extn_sound_trigger_update_device_status: device 0x2 of type 0 for Event 1
08-04 00:35:08.483   512  2967 D audio_hw_primary: enable_snd_device: snd_device(2: speaker)
08-04 00:35:08.485   512  2967 D audio_hw_primary: enable_audio_route: apply and update mixer path: low-latency-playback speaker
08-04 00:35:08.559 23788 23822 I art     : Starting a blocking GC Explicit
08-04 00:35:08.576 23788 23822 I art     : Explicit concurrent mark sweep GC freed 3047(286KB) AllocSpace objects, 7(600KB) LOS objects, 31% free, 34MB/50MB, paused 463us total 17.443ms
08-04 00:35:08.583 23788 23822 I art     : Starting a blocking GC Explicit
08-04 00:35:08.599 23788 23822 I art     : Explicit concurrent mark sweep GC freed 655(55KB) AllocSpace objects, 1(20KB) LOS objects, 30% free, 35MB/51MB, paused 676us total 15.166ms
08-04 00:35:08.605 23788 23822 I art     : Starting a blocking GC Explicit
08-04 00:35:08.621 23788 23822 I art     : Explicit concurrent mark sweep GC freed 193(15KB) AllocSpace objects, 0(0B) LOS objects, 30% free, 35MB/51MB, paused 371us total 15.534ms
08-04 00:35:08.627 23788 23822 I art     : Starting a blocking GC Explicit
08-04 00:35:08.642 23788 23822 I art     : Explicit concurrent mark sweep GC freed 86(4KB) AllocSpace objects, 0(0B) LOS objects, 30% free, 35MB/51MB, paused 411us total 14.666ms
08-04 00:35:08.648 23788 23822 I art     : Starting a blocking GC Explicit
08-04 00:35:08.653   918   936 I ActivityManager: Displayed baseline.com.newsblur/.activity.GlobalSharedStoriesReading: +182ms
08-04 00:35:08.654 13866 13866 I GoogleInputMethodServic: GoogleInputMethodService.onFinishInput():3138 
08-04 00:35:08.655 13866 13866 I GoogleInputMethodServic: GoogleInputMethodService.onStartInput():1808 
08-04 00:35:08.663 23788 23822 I art     : Explicit concurrent mark sweep GC freed 219(25KB) AllocSpace objects, 0(0B) LOS objects, 30% free, 35MB/51MB, paused 499us total 14.284ms
08-04 00:35:08.668 23788 23788 I WebViewFactory: Loading com.google.android.webview version 84.0.4147.89 (code 414708953)
08-04 00:35:08.727 23788 23788 I cr_LibraryLoader: Loaded native library version number "84.0.4147.89"
08-04 00:35:08.727 23788 23788 I cr_CachingUmaRecorder: Flushed 5 samples from 5 histograms.
08-04 00:35:08.754 23788 23788 E chromium: [ERROR:filesystem_posix.cc(62)] mkdir /data/user/0/baseline.com.newsblur/cache/WebView/Crashpad: No such file or directory (2)
08-04 00:35:08.840   918  3670 D ConnectivityService: listenForNetwork for Listen from uid/pid:10652/23788 for NetworkRequest [ id=2469, legacyType=-1, [ Capabilities: INTERNET&NOT_RESTRICTED&TRUSTED] ]
08-04 00:35:08.911 23788 23822 I art     : Starting a blocking GC Explicit
08-04 00:35:08.943 23788 23822 I art     : Explicit concurrent mark sweep GC freed 9802(995KB) AllocSpace objects, 9(168KB) LOS objects, 29% free, 38MB/54MB, paused 4.448ms total 32.045ms
08-04 00:35:08.944 23788 24383 W cr_media: Requires BLUETOOTH permission
08-04 00:35:08.952 23788 24070 I NAPPA_EXPERIMENTATION: MetricNetworkRequestExecutionTime: REQUEST_DURATION_SYSTEM='75',REQUEST_DURATION_OKHTTP='75',REQUEST_SYNCHRONOUS='TRUE',RESPONSE_CODE='200',RESPONSE_METHOD='GET',RESPONSE_LENGTH_OKHTTP='4737',RESPONSE_LENGTH_HEADER='4737',REQUEST_PROTOCOL='http/1.1',REQUEST_URL='https://s3.amazonaws.com/avatars.newsblur.com/avatars/33448/thumbnail_profile_1420383332.gif',
08-04 00:35:08.972 23788 23822 I art     : Starting a blocking GC Explicit
08-04 00:35:08.979 23788 24416 E libEGL  : validate_display:255 error 3008 (EGL_BAD_DISPLAY)
08-04 00:35:08.995 23788 23822 I art     : Explicit concurrent mark sweep GC freed 2046(139KB) AllocSpace objects, 2(48KB) LOS objects, 29% free, 38MB/54MB, paused 646us total 22.630ms
08-04 00:35:09.006 23788 23822 I art     : Starting a blocking GC Explicit
08-04 00:35:09.028   512  2967 D audio_hw_primary: disable_audio_route: reset and update mixer path: low-latency-playback speaker
08-04 00:35:09.029   512  2967 D audio_hw_primary: disable_snd_device: snd_device(2: speaker)
08-04 00:35:09.035 23788 23822 I art     : Explicit concurrent mark sweep GC freed 1936(145KB) AllocSpace objects, 5(96KB) LOS objects, 29% free, 38MB/54MB, paused 1.490ms total 28.565ms
08-04 00:35:09.038   512  2967 I soundtrigger: audio_extn_sound_trigger_update_device_status: device 0x2 of type 0 for Event 0
08-04 00:35:09.044 23788 23822 I art     : Starting a blocking GC Explicit
08-04 00:35:09.068 23788 23822 I art     : Explicit concurrent mark sweep GC freed 11716(562KB) AllocSpace objects, 4(80KB) LOS objects, 29% free, 38MB/54MB, paused 927us total 22.931ms
08-04 00:35:09.088 23788 23822 I art     : Starting a blocking GC Explicit
08-04 00:35:09.121 23788 23822 I art     : Explicit concurrent mark sweep GC freed 3359(261KB) AllocSpace objects, 5(100KB) LOS objects, 28% free, 39MB/55MB, paused 1.291ms total 32.554ms
08-04 00:35:09.240 23788 24061 I NAPPA_EXPERIMENTATION: MetricNetworkRequestExecutionTime: REQUEST_DURATION_SYSTEM='287',REQUEST_DURATION_OKHTTP='166',REQUEST_SYNCHRONOUS='TRUE',RESPONSE_CODE='200',RESPONSE_METHOD='GET',RESPONSE_LENGTH_OKHTTP='2111',RESPONSE_LENGTH_HEADER='2111',REQUEST_PROTOCOL='h2',REQUEST_URL='https://pbs.twimg.com/profile_images/1186729813748248576/D6FFru_U_normal.jpg',
08-04 00:35:09.251 23788 24055 I NAPPA_EXPERIMENTATION: MetricNetworkRequestExecutionTime: REQUEST_DURATION_SYSTEM='297',REQUEST_DURATION_OKHTTP='168',REQUEST_SYNCHRONOUS='TRUE',RESPONSE_CODE='200',RESPONSE_METHOD='GET',RESPONSE_LENGTH_OKHTTP='2111',RESPONSE_LENGTH_HEADER='2111',REQUEST_PROTOCOL='h2',REQUEST_URL='https://pbs.twimg.com/profile_images/1186729813748248576/D6FFru_U_normal.jpg',
08-04 00:35:09.264 23788 24433 E chromium: [ERROR:tile_manager.cc(793)] WARNING: tile memory limits exceeded, some content may not draw
08-04 00:35:09.265 23788 24433 E chromium: [ERROR:tile_manager.cc(793)] WARNING: tile memory limits exceeded, some content may not draw
08-04 00:35:09.282 23788 24064 I NAPPA_EXPERIMENTATION: MetricNetworkRequestExecutionTime: REQUEST_DURATION_SYSTEM='263',REQUEST_DURATION_OKHTTP='147',REQUEST_SYNCHRONOUS='TRUE',RESPONSE_CODE='200',RESPONSE_METHOD='GET',RESPONSE_LENGTH_OKHTTP='2111',RESPONSE_LENGTH_HEADER='2111',REQUEST_PROTOCOL='h2',REQUEST_URL='https://pbs.twimg.com/profile_images/1186729813748248576/D6FFru_U_normal.jpg',
08-04 00:35:09.365 23788 24070 I NAPPA_EXPERIMENTATION: MetricNetworkRequestExecutionTime: REQUEST_DURATION_SYSTEM='339',REQUEST_DURATION_OKHTTP='172',REQUEST_SYNCHRONOUS='TRUE',RESPONSE_CODE='200',RESPONSE_METHOD='GET',RESPONSE_LENGTH_OKHTTP='2111',RESPONSE_LENGTH_HEADER='2111',REQUEST_PROTOCOL='h2',REQUEST_URL='https://pbs.twimg.com/profile_images/1186729813748248576/D6FFru_U_normal.jpg',
08-04 00:35:09.374 23788 23800 I art     : Starting a blocking GC Explicit
08-04 00:35:09.380 23788 24051 I NAPPA_EXPERIMENTATION: MetricNetworkRequestExecutionTime: REQUEST_DURATION_SYSTEM='430',REQUEST_DURATION_OKHTTP='43',REQUEST_SYNCHRONOUS='TRUE',RESPONSE_CODE='200',RESPONSE_METHOD='GET',RESPONSE_LENGTH_OKHTTP='17022',RESPONSE_LENGTH_HEADER='17022',REQUEST_PROTOCOL='http/1.1',REQUEST_URL='https://www.newsblur.com/media/img/reader/default_profile_photo.png',
08-04 00:35:09.397 23788 23800 I art     : Explicit concurrent mark sweep GC freed 9822(601KB) AllocSpace objects, 18(376KB) LOS objects, 28% free, 39MB/55MB, paused 749us total 22.105ms
08-04 00:35:09.404 23788 23800 I art     : Starting a blocking GC Explicit
08-04 00:35:09.424 23788 23800 I art     : Explicit concurrent mark sweep GC freed 1770(105KB) AllocSpace objects, 2(88KB) LOS objects, 29% free, 39MB/55MB, paused 749us total 20.338ms
08-04 00:35:09.431 23788 23800 I art     : Starting a blocking GC Explicit
08-04 00:35:09.433 23788 24059 I NAPPA_EXPERIMENTATION: MetricNetworkRequestExecutionTime: REQUEST_DURATION_SYSTEM='448',REQUEST_DURATION_OKHTTP='27',REQUEST_SYNCHRONOUS='TRUE',RESPONSE_CODE='200',RESPONSE_METHOD='GET',RESPONSE_LENGTH_OKHTTP='17022',RESPONSE_LENGTH_HEADER='17022',REQUEST_PROTOCOL='http/1.1',REQUEST_URL='https://www.newsblur.com/media/img/reader/default_profile_photo.png',
08-04 00:35:09.451 23788 23800 I art     : Explicit concurrent mark sweep GC freed 1107(122KB) AllocSpace objects, 3(60KB) LOS objects, 28% free, 39MB/55MB, paused 578us total 19.566ms
08-04 00:35:09.458 23788 23800 I art     : Starting a blocking GC Explicit
08-04 00:35:09.480 23788 23800 I art     : Explicit concurrent mark sweep GC freed 2086(83KB) AllocSpace objects, 4(256KB) LOS objects, 28% free, 39MB/55MB, paused 543us total 21.082ms
08-04 00:35:09.487 23788 23800 I art     : Starting a blocking GC Explicit
08-04 00:35:09.499 23788 24440 D MY_TAG  : 0, 404
08-04 00:35:09.506 23788 23800 I art     : Explicit concurrent mark sweep GC freed 1550(171KB) AllocSpace objects, 1(80KB) LOS objects, 29% free, 39MB/55MB, paused 634us total 19.483ms
08-04 00:35:09.648 23788 24061 I NAPPA_EXPERIMENTATION: MetricNetworkRequestExecutionTime: REQUEST_DURATION_SYSTEM='393',REQUEST_DURATION_OKHTTP='33',REQUEST_SYNCHRONOUS='TRUE',RESPONSE_CODE='200',RESPONSE_METHOD='GET',RESPONSE_LENGTH_OKHTTP='17022',RESPONSE_LENGTH_HEADER='17022',REQUEST_PROTOCOL='http/1.1',REQUEST_URL='https://www.newsblur.com/media/img/reader/default_profile_photo.png',
08-04 00:35:09.802 23788 23801 I art     : Starting a blocking GC Explicit
08-04 00:35:09.835 23788 23801 I art     : Explicit concurrent mark sweep GC freed 4320(245KB) AllocSpace objects, 6(168KB) LOS objects, 29% free, 39MB/55MB, paused 543us total 33.579ms
08-04 00:35:09.846 23788 23801 I art     : Starting a blocking GC Explicit
08-04 00:35:09.871 23788 23801 I art     : Explicit concurrent mark sweep GC freed 200(7KB) AllocSpace objects, 1(68KB) LOS objects, 29% free, 39MB/55MB, paused 567us total 24.945ms
08-04 00:35:09.881 23788 23801 I art     : Starting a blocking GC Explicit
08-04 00:35:09.902 23788 23801 I art     : Explicit concurrent mark sweep GC freed 3(96B) AllocSpace objects, 0(0B) LOS objects, 29% free, 39MB/55MB, paused 504us total 20.543ms
08-04 00:35:09.910 23788 23801 I art     : Starting a blocking GC Explicit
08-04 00:35:09.931 23788 23801 I art     : Explicit concurrent mark sweep GC freed 3(96B) AllocSpace objects, 0(0B) LOS objects, 29% free, 39MB/55MB, paused 472us total 20.213ms
08-04 00:35:09.938 23788 23801 I art     : Starting a blocking GC Explicit
08-04 00:35:09.960 23788 23801 I art     : Explicit concurrent mark sweep GC freed 1623(64KB) AllocSpace objects, 0(0B) LOS objects, 29% free, 39MB/55MB, paused 607us total 21.852ms
08-04 00:35:09.982 23788 24440 I NAPPA_EXPERIMENTATION: MetricNetworkRequestExecutionTime: REQUEST_DURATION_SYSTEM='455',REQUEST_DURATION_OKHTTP='30',REQUEST_SYNCHRONOUS='TRUE',RESPONSE_CODE='200',RESPONSE_METHOD='GET',RESPONSE_LENGTH_OKHTTP='-1',RESPONSE_LENGTH_HEADER='12364',REQUEST_PROTOCOL='http/1.1',REQUEST_URL='https://www.newsblur.com/social/river_stories?order=newest&page=2&read_filter=all&global_feed=true',
08-04 00:35:09.982 23788 24440 D MY_TAG  : 0, 455
08-04 00:35:10.084 23788 24433 E chromium: [ERROR:tile_manager.cc(793)] WARNING: tile memory limits exceeded, some content may not draw
08-04 00:35:10.087 23788 24433 E chromium: [ERROR:tile_manager.cc(793)] WARNING: tile memory limits exceeded, some content may not draw
08-04 00:35:10.089 23788 23810 E SQLiteLog: (9) statement aborts at 0: [SELECT authors,short_content,timestamp,sharedDate,stories.feed_id,stories._id,intelligence_authors,intelligence_feed,intelligence_tags,intelligence_total,intelligence_title,permalink,re
08-04 00:35:10.098 23788 24433 E chromium: [ERROR:tile_manager.cc(793)] WARNING: tile memory limits exceeded, some content may not draw
08-04 00:35:10.098 23788 24433 E chromium: [ERROR:tile_manager.cc(793)] WARNING: tile memory limits exceeded, some content may not draw
08-04 00:35:10.103 23788 24433 E chromium: [ERROR:tile_manager.cc(793)] WARNING: tile memory limits exceeded, some content may not draw
08-04 00:35:10.104 23788 24433 E chromium: [ERROR:tile_manager.cc(793)] WARNING: tile memory limits exceeded, some content may not draw
08-04 00:35:10.271 23788 23800 I art     : Starting a blocking GC Explicit
08-04 00:35:10.305 23788 23800 I art     : Explicit concurrent mark sweep GC freed 37050(2MB) AllocSpace objects, 39(988KB) LOS objects, 28% free, 39MB/55MB, paused 514us total 32.347ms
08-04 00:35:10.317 23788 23800 I art     : Starting a blocking GC Explicit
08-04 00:35:10.342 23788 23800 I art     : Explicit concurrent mark sweep GC freed 2949(203KB) AllocSpace objects, 2(56KB) LOS objects, 29% free, 39MB/55MB, paused 897us total 25.354ms
08-04 00:35:10.349 23788 23800 I art     : Starting a blocking GC Explicit
08-04 00:35:10.370 23788 23800 I art     : Explicit concurrent mark sweep GC freed 5(160B) AllocSpace objects, 0(0B) LOS objects, 29% free, 39MB/55MB, paused 512us total 20.612ms
08-04 00:35:10.378 23788 23800 I art     : Starting a blocking GC Explicit
08-04 00:35:10.399 23788 23800 I art     : Explicit concurrent mark sweep GC freed 3(96B) AllocSpace objects, 0(0B) LOS objects, 29% free, 39MB/55MB, paused 446us total 20.200ms
08-04 00:35:10.405 23788 23800 I art     : Starting a blocking GC Explicit
08-04 00:35:10.423 23788 23800 I art     : Explicit concurrent mark sweep GC freed 3(96B) AllocSpace objects, 0(0B) LOS objects, 29% free, 39MB/55MB, paused 440us total 17.841ms
08-04 00:35:10.739 23788 24349 I art     : Starting a blocking GC Explicit
08-04 00:35:10.760 23788 24349 I art     : Explicit concurrent mark sweep GC freed 1403(80KB) AllocSpace objects, 1(20KB) LOS objects, 29% free, 39MB/55MB, paused 476us total 20.887ms
08-04 00:35:10.767 23788 24349 I art     : Starting a blocking GC Explicit
08-04 00:35:10.788 23788 24349 I art     : Explicit concurrent mark sweep GC freed 20(704B) AllocSpace objects, 0(0B) LOS objects, 29% free, 39MB/55MB, paused 508us total 20.716ms
08-04 00:35:10.795 23788 24349 I art     : Starting a blocking GC Explicit
08-04 00:35:10.815 23788 24349 I art     : Explicit concurrent mark sweep GC freed 3(96B) AllocSpace objects, 0(0B) LOS objects, 29% free, 39MB/55MB, paused 505us total 20.123ms
08-04 00:35:10.823 23788 24349 I art     : Starting a blocking GC Explicit
08-04 00:35:10.843 23788 24349 I art     : Explicit concurrent mark sweep GC freed 3(96B) AllocSpace objects, 0(0B) LOS objects, 29% free, 39MB/55MB, paused 509us total 20.681ms
08-04 00:35:10.851 23788 24349 I art     : Starting a blocking GC Explicit
08-04 00:35:10.871 23788 24349 I art     : Explicit concurrent mark sweep GC freed 3(96B) AllocSpace objects, 0(0B) LOS objects, 29% free, 39MB/55MB, paused 481us total 20.010ms
08-04 00:35:11.206 23788 23801 I art     : Starting a blocking GC Explicit
08-04 00:35:11.226 23788 23801 I art     : Explicit concurrent mark sweep GC freed 1403(81KB) AllocSpace objects, 1(20KB) LOS objects, 29% free, 39MB/55MB, paused 508us total 19.858ms
08-04 00:35:11.233 23788 23801 I art     : Starting a blocking GC Explicit
08-04 00:35:11.250 23788 23801 I art     : Explicit concurrent mark sweep GC freed 20(704B) AllocSpace objects, 0(0B) LOS objects, 29% free, 39MB/55MB, paused 475us total 17.493ms
08-04 00:35:11.257 23788 23801 I art     : Starting a blocking GC Explicit
08-04 00:35:11.277 23788 23801 I art     : Explicit concurrent mark sweep GC freed 3(96B) AllocSpace objects, 0(0B) LOS objects, 29% free, 39MB/55MB, paused 534us total 19.647ms
08-04 00:35:11.277 23788 23798 I art     : WaitForGcToComplete blocked for 6.858ms for cause HeapTrim
08-04 00:35:11.284 23788 23801 I art     : Starting a blocking GC Explicit
08-04 00:35:11.304 23788 23801 I art     : Explicit concurrent mark sweep GC freed 3(96B) AllocSpace objects, 0(0B) LOS objects, 29% free, 39MB/55MB, paused 503us total 19.985ms
08-04 00:35:11.311 23788 23801 I art     : Starting a blocking GC Explicit
08-04 00:35:11.332 23788 23801 I art     : Explicit concurrent mark sweep GC freed 3(96B) AllocSpace objects, 0(0B) LOS objects, 29% free, 39MB/55MB, paused 505us total 20.693ms
08-04 00:35:11.667 23788 23822 I art     : Starting a blocking GC Explicit
08-04 00:35:11.691 23788 23822 I art     : Explicit concurrent mark sweep GC freed 1402(80KB) AllocSpace objects, 1(20KB) LOS objects, 29% free, 39MB/55MB, paused 521us total 23.489ms
08-04 00:35:11.702 23788 23822 I art     : Starting a blocking GC Explicit
08-04 00:35:11.721 23788 23822 I art     : Explicit concurrent mark sweep GC freed 20(704B) AllocSpace objects, 0(0B) LOS objects, 29% free, 39MB/55MB, paused 485us total 19.034ms
08-04 00:35:11.728 23788 23822 I art     : Starting a blocking GC Explicit
08-04 00:35:11.748 23788 23822 I art     : Explicit concurrent mark sweep GC freed 3(96B) AllocSpace objects, 0(0B) LOS objects, 29% free, 39MB/55MB, paused 495us total 19.723ms
08-04 00:35:11.755 23788 23822 I art     : Starting a blocking GC Explicit
08-04 00:35:11.775 23788 23822 I art     : Explicit concurrent mark sweep GC freed 3(96B) AllocSpace objects, 0(0B) LOS objects, 29% free, 39MB/55MB, paused 545us total 19.996ms
08-04 00:35:11.782 23788 23822 I art     : Starting a blocking GC Explicit
08-04 00:35:11.803 23788 23822 I art     : Explicit concurrent mark sweep GC freed 3(96B) AllocSpace objects, 0(0B) LOS objects, 29% free, 39MB/55MB, paused 514us total 20.293ms
08-04 00:35:12.145 23788 23800 I art     : Starting a blocking GC Explicit
08-04 00:35:12.169 23788 23800 I art     : Explicit concurrent mark sweep GC freed 1403(81KB) AllocSpace objects, 1(20KB) LOS objects, 29% free, 39MB/55MB, paused 529us total 23.035ms
08-04 00:35:12.181 23788 23800 I art     : Starting a blocking GC Explicit
08-04 00:35:12.201 23788 23800 I art     : Explicit concurrent mark sweep GC freed 20(704B) AllocSpace objects, 0(0B) LOS objects, 29% free, 39MB/55MB, paused 463us total 19.787ms
08-04 00:35:12.208 23788 23800 I art     : Starting a blocking GC Explicit
08-04 00:35:12.228 23788 23800 I art     : Explicit concurrent mark sweep GC freed 3(96B) AllocSpace objects, 0(0B) LOS objects, 29% free, 39MB/55MB, paused 505us total 19.416ms
08-04 00:35:12.235 23788 23800 I art     : Starting a blocking GC Explicit
08-04 00:35:12.255 23788 23800 I art     : Explicit concurrent mark sweep GC freed 3(96B) AllocSpace objects, 0(0B) LOS objects, 29% free, 39MB/55MB, paused 482us total 20.032ms
08-04 00:35:12.262 23788 23800 I art     : Starting a blocking GC Explicit
08-04 00:35:12.282 23788 23800 I art     : Explicit concurrent mark sweep GC freed 3(96B) AllocSpace objects, 0(0B) LOS objects, 29% free, 39MB/55MB, paused 504us total 20.559ms
08-04 00:35:12.598 23788 24349 I art     : Starting a blocking GC Explicit
08-04 00:35:12.621 23788 24349 I art     : Explicit concurrent mark sweep GC freed 1402(80KB) AllocSpace objects, 1(20KB) LOS objects, 29% free, 39MB/55MB, paused 475us total 22.776ms
08-04 00:35:12.629 23788 24349 I art     : Starting a blocking GC Explicit
08-04 00:35:12.651 23788 24349 I art     : Explicit concurrent mark sweep GC freed 20(704B) AllocSpace objects, 0(0B) LOS objects, 29% free, 39MB/55MB, paused 477us total 22.149ms
08-04 00:35:12.658 23788 24349 I art     : Starting a blocking GC Explicit
08-04 00:35:12.679 23788 24349 I art     : Explicit concurrent mark sweep GC freed 3(96B) AllocSpace objects, 0(0B) LOS objects, 29% free, 39MB/55MB, paused 504us total 20.467ms
08-04 00:35:12.686 23788 24349 I art     : Starting a blocking GC Explicit
08-04 00:35:12.706 23788 24349 I art     : Explicit concurrent mark sweep GC freed 3(96B) AllocSpace objects, 0(0B) LOS objects, 29% free, 39MB/55MB, paused 506us total 20.178ms
08-04 00:35:12.713 23788 24349 I art     : Starting a blocking GC Explicit
08-04 00:35:12.734 23788 24349 I art     : Explicit concurrent mark sweep GC freed 3(96B) AllocSpace objects, 0(0B) LOS objects, 29% free, 39MB/55MB, paused 511us total 20.124ms
08-04 00:35:13.059 23788 23801 I art     : Starting a blocking GC Explicit
08-04 00:35:13.083 23788 23801 I art     : Explicit concurrent mark sweep GC freed 1403(81KB) AllocSpace objects, 1(20KB) LOS objects, 29% free, 39MB/55MB, paused 521us total 23.762ms
08-04 00:35:13.093 23788 23801 I art     : Starting a blocking GC Explicit
08-04 00:35:13.114 23788 23801 I art     : Explicit concurrent mark sweep GC freed 20(704B) AllocSpace objects, 0(0B) LOS objects, 29% free, 39MB/55MB, paused 486us total 20.108ms
08-04 00:35:13.121 23788 23801 I art     : Starting a blocking GC Explicit
08-04 00:35:13.141 23788 23801 I art     : Explicit concurrent mark sweep GC freed 3(96B) AllocSpace objects, 0(0B) LOS objects, 29% free, 39MB/55MB, paused 495us total 19.996ms
08-04 00:35:13.148 23788 23801 I art     : Starting a blocking GC Explicit
08-04 00:35:13.168 23788 23801 I art     : Explicit concurrent mark sweep GC freed 3(96B) AllocSpace objects, 0(0B) LOS objects, 29% free, 39MB/55MB, paused 468us total 20.055ms
08-04 00:35:13.175 23788 23801 I art     : Starting a blocking GC Explicit
08-04 00:35:13.195 23788 23801 I art     : Explicit concurrent mark sweep GC freed 3(96B) AllocSpace objects, 0(0B) LOS objects, 29% free, 39MB/55MB, paused 476us total 19.972ms
08-04 00:35:13.542 23788 23822 I art     : Starting a blocking GC Explicit
08-04 00:35:13.566 23788 23822 I art     : Explicit concurrent mark sweep GC freed 1403(81KB) AllocSpace objects, 1(20KB) LOS objects, 29% free, 39MB/55MB, paused 493us total 23.861ms
08-04 00:35:13.577 23788 23822 I art     : Starting a blocking GC Explicit
08-04 00:35:13.598 23788 23822 I art     : Explicit concurrent mark sweep GC freed 20(704B) AllocSpace objects, 0(0B) LOS objects, 29% free, 39MB/55MB, paused 521us total 21.304ms
08-04 00:35:13.606 23788 23822 I art     : Starting a blocking GC Explicit
08-04 00:35:13.627 23788 23822 I art     : Explicit concurrent mark sweep GC freed 3(96B) AllocSpace objects, 0(0B) LOS objects, 29% free, 39MB/55MB, paused 494us total 20.253ms
08-04 00:35:13.634 23788 23822 I art     : Starting a blocking GC Explicit
08-04 00:35:13.655 23788 23822 I art     : Explicit concurrent mark sweep GC freed 3(96B) AllocSpace objects, 0(0B) LOS objects, 29% free, 39MB/55MB, paused 495us total 20.712ms
08-04 00:35:13.662 23788 23822 I art     : Starting a blocking GC Explicit
08-04 00:35:13.683 23788 23822 I art     : Explicit concurrent mark sweep GC freed 3(96B) AllocSpace objects, 0(0B) LOS objects, 29% free, 39MB/55MB, paused 470us total 21.095ms
08-04 00:35:14.001 17791 17791 I ServiceManager: Waiting for service AtCmdFwd...
08-04 00:35:14.028 23788 23800 I art     : Starting a blocking GC Explicit
08-04 00:35:14.053 23788 23800 I art     : Explicit concurrent mark sweep GC freed 1401(80KB) AllocSpace objects, 1(20KB) LOS objects, 29% free, 39MB/55MB, paused 517us total 24.495ms
08-04 00:35:14.065 23788 23800 I art     : Starting a blocking GC Explicit
08-04 00:35:14.084 23788 23800 I art     : Explicit concurrent mark sweep GC freed 20(704B) AllocSpace objects, 0(0B) LOS objects, 29% free, 39MB/55MB, paused 461us total 18.542ms
08-04 00:35:14.091 23788 23800 I art     : Starting a blocking GC Explicit
08-04 00:35:14.111 23788 23800 I art     : Explicit concurrent mark sweep GC freed 3(96B) AllocSpace objects, 0(0B) LOS objects, 29% free, 39MB/55MB, paused 503us total 20.022ms
08-04 00:35:14.118 23788 23800 I art     : Starting a blocking GC Explicit
08-04 00:35:14.138 23788 23800 I art     : Explicit concurrent mark sweep GC freed 3(96B) AllocSpace objects, 0(0B) LOS objects, 29% free, 39MB/55MB, paused 496us total 19.726ms
08-04 00:35:14.145 23788 23800 I art     : Starting a blocking GC Explicit
08-04 00:35:14.165 23788 23800 I art     : Explicit concurrent mark sweep GC freed 3(96B) AllocSpace objects, 0(0B) LOS objects, 29% free, 39MB/55MB, paused 498us total 20.446ms
08-04 00:35:14.509 23788 24349 I art     : Starting a blocking GC Explicit
08-04 00:35:14.532 23788 24349 I art     : Explicit concurrent mark sweep GC freed 1401(80KB) AllocSpace objects, 1(20KB) LOS objects, 29% free, 39MB/55MB, paused 531us total 23.276ms
08-04 00:35:14.540 23788 24349 I art     : Starting a blocking GC Explicit
08-04 00:35:14.561 23788 24349 I art     : Explicit concurrent mark sweep GC freed 20(704B) AllocSpace objects, 0(0B) LOS objects, 29% free, 39MB/55MB, paused 462us total 21.284ms
08-04 00:35:14.568 23788 24349 I art     : Starting a blocking GC Explicit
08-04 00:35:14.589 23788 24349 I art     : Explicit concurrent mark sweep GC freed 3(96B) AllocSpace objects, 0(0B) LOS objects, 29% free, 39MB/55MB, paused 502us total 19.935ms
08-04 00:35:14.596 23788 24349 I art     : Starting a blocking GC Explicit
08-04 00:35:14.617 23788 24349 I art     : Explicit concurrent mark sweep GC freed 3(96B) AllocSpace objects, 0(0B) LOS objects, 29% free, 39MB/55MB, paused 576us total 20.810ms
08-04 00:35:14.624 23788 24349 I art     : Starting a blocking GC Explicit
08-04 00:35:14.645 23788 24349 I art     : Explicit concurrent mark sweep GC freed 3(96B) AllocSpace objects, 0(0B) LOS objects, 29% free, 39MB/55MB, paused 474us total 20.501ms
08-04 00:35:14.980 23788 23801 I art     : Starting a blocking GC Explicit
08-04 00:35:15.002 17791 17791 I ServiceManager: Waiting for service AtCmdFwd...
08-04 00:35:15.004 23788 23801 I art     : Explicit concurrent mark sweep GC freed 1401(80KB) AllocSpace objects, 1(20KB) LOS objects, 29% free, 39MB/55MB, paused 500us total 23.120ms
08-04 00:35:15.011 23788 23801 I art     : Starting a blocking GC Explicit
08-04 00:35:15.033 23788 23801 I art     : Explicit concurrent mark sweep GC freed 20(704B) AllocSpace objects, 0(0B) LOS objects, 29% free, 39MB/55MB, paused 488us total 21.505ms
08-04 00:35:15.040 23788 23801 I art     : Starting a blocking GC Explicit
08-04 00:35:15.061 23788 23801 I art     : Explicit concurrent mark sweep GC freed 3(96B) AllocSpace objects, 0(0B) LOS objects, 29% free, 39MB/55MB, paused 502us total 20.740ms
08-04 00:35:15.069 23788 23801 I art     : Starting a blocking GC Explicit
08-04 00:35:15.090 23788 23801 I art     : Explicit concurrent mark sweep GC freed 3(96B) AllocSpace objects, 0(0B) LOS objects, 29% free, 39MB/55MB, paused 501us total 20.758ms
08-04 00:35:15.097 23788 23801 I art     : Starting a blocking GC Explicit
08-04 00:35:15.118 23788 23801 I art     : Explicit concurrent mark sweep GC freed 3(96B) AllocSpace objects, 0(0B) LOS objects, 29% free, 39MB/55MB, paused 508us total 20.649ms
08-04 00:35:15.455 23788 23822 I art     : Starting a blocking GC Explicit
08-04 00:35:15.480 23788 23822 I art     : Explicit concurrent mark sweep GC freed 1401(80KB) AllocSpace objects, 1(20KB) LOS objects, 29% free, 39MB/55MB, paused 493us total 24.185ms
08-04 00:35:15.492 23788 23822 I art     : Starting a blocking GC Explicit
08-04 00:35:15.512 23788 23822 I art     : Explicit concurrent mark sweep GC freed 20(704B) AllocSpace objects, 0(0B) LOS objects, 29% free, 39MB/55MB, paused 489us total 20.035ms
08-04 00:35:15.519 23788 23822 I art     : Starting a blocking GC Explicit
08-04 00:35:15.539 23788 23822 I art     : Explicit concurrent mark sweep GC freed 3(96B) AllocSpace objects, 0(0B) LOS objects, 29% free, 39MB/55MB, paused 502us total 19.649ms
08-04 00:35:15.546 23788 23822 I art     : Starting a blocking GC Explicit
08-04 00:35:15.566 23788 23822 I art     : Explicit concurrent mark sweep GC freed 3(96B) AllocSpace objects, 0(0B) LOS objects, 29% free, 39MB/55MB, paused 497us total 20.139ms
08-04 00:35:15.573 23788 23822 I art     : Starting a blocking GC Explicit
08-04 00:35:15.593 23788 23822 I art     : Explicit concurrent mark sweep GC freed 3(96B) AllocSpace objects, 0(0B) LOS objects, 29% free, 39MB/55MB, paused 509us total 20.233ms
08-04 00:35:15.933 23788 23800 I art     : Starting a blocking GC Explicit
08-04 00:35:15.956 23788 23800 I art     : Explicit concurrent mark sweep GC freed 1401(80KB) AllocSpace objects, 1(20KB) LOS objects, 29% free, 39MB/55MB, paused 503us total 22.758ms
08-04 00:35:15.966 23788 23800 I art     : Starting a blocking GC Explicit
08-04 00:35:15.986 23788 23800 I art     : Explicit concurrent mark sweep GC freed 20(704B) AllocSpace objects, 0(0B) LOS objects, 29% free, 39MB/55MB, paused 450us total 20.354ms
08-04 00:35:15.994 23788 23800 I art     : Starting a blocking GC Explicit
08-04 00:35:16.003 17791 17791 I ServiceManager: Waiting for service AtCmdFwd...
08-04 00:35:16.014 23788 23800 I art     : Explicit concurrent mark sweep GC freed 3(96B) AllocSpace objects, 0(0B) LOS objects, 29% free, 39MB/55MB, paused 460us total 19.872ms
08-04 00:35:16.021 23788 23800 I art     : Starting a blocking GC Explicit
08-04 00:35:16.042 23788 23800 I art     : Explicit concurrent mark sweep GC freed 3(96B) AllocSpace objects, 0(0B) LOS objects, 29% free, 39MB/55MB, paused 490us total 20.639ms
08-04 00:35:16.049 23788 23800 I art     : Starting a blocking GC Explicit
08-04 00:35:16.070 23788 23800 I art     : Explicit concurrent mark sweep GC freed 3(96B) AllocSpace objects, 0(0B) LOS objects, 29% free, 39MB/55MB, paused 498us total 20.209ms
08-04 00:35:16.380 23788 24349 I art     : Starting a blocking GC Explicit
08-04 00:35:16.401 23788 24349 I art     : Explicit concurrent mark sweep GC freed 1401(80KB) AllocSpace objects, 1(20KB) LOS objects, 29% free, 39MB/55MB, paused 490us total 20.913ms
08-04 00:35:16.408 23788 24349 I art     : Starting a blocking GC Explicit
08-04 00:35:16.429 23788 24349 I art     : Explicit concurrent mark sweep GC freed 20(704B) AllocSpace objects, 0(0B) LOS objects, 29% free, 39MB/55MB, paused 506us total 20.768ms
08-04 00:35:16.437 23788 24349 I art     : Starting a blocking GC Explicit
08-04 00:35:16.458 23788 24349 I art     : Explicit concurrent mark sweep GC freed 3(96B) AllocSpace objects, 0(0B) LOS objects, 29% free, 39MB/55MB, paused 519us total 20.613ms
08-04 00:35:16.465 23788 24349 I art     : Starting a blocking GC Explicit
08-04 00:35:16.485 23788 24349 I art     : Explicit concurrent mark sweep GC freed 3(96B) AllocSpace objects, 0(0B) LOS objects, 29% free, 39MB/55MB, paused 462us total 20.041ms
08-04 00:35:16.492 23788 24349 I art     : Starting a blocking GC Explicit
08-04 00:35:16.513 23788 24349 I art     : Explicit concurrent mark sweep GC freed 3(96B) AllocSpace objects, 0(0B) LOS objects, 29% free, 39MB/55MB, paused 475us total 20.033ms
08-04 00:35:16.834 23788 23801 I art     : Starting a blocking GC Explicit
08-04 00:35:16.858 23788 23801 I art     : Explicit concurrent mark sweep GC freed 1401(80KB) AllocSpace objects, 1(20KB) LOS objects, 29% free, 39MB/55MB, paused 524us total 23.553ms
08-04 00:35:16.868 23788 23801 I art     : Starting a blocking GC Explicit
08-04 00:35:16.888 23788 23801 I art     : Explicit concurrent mark sweep GC freed 20(704B) AllocSpace objects, 0(0B) LOS objects, 29% free, 39MB/55MB, paused 475us total 19.639ms
08-04 00:35:16.895 23788 23801 I art     : Starting a blocking GC Explicit
08-04 00:35:16.916 23788 23801 I art     : Explicit concurrent mark sweep GC freed 3(96B) AllocSpace objects, 0(0B) LOS objects, 29% free, 39MB/55MB, paused 497us total 20.186ms
08-04 00:35:16.923 23788 23801 I art     : Starting a blocking GC Explicit
08-04 00:35:16.943 23788 23801 I art     : Explicit concurrent mark sweep GC freed 3(96B) AllocSpace objects, 0(0B) LOS objects, 29% free, 39MB/55MB, paused 492us total 20.033ms
08-04 00:35:16.950 23788 23801 I art     : Starting a blocking GC Explicit
08-04 00:35:16.971 23788 23801 I art     : Explicit concurrent mark sweep GC freed 3(96B) AllocSpace objects, 0(0B) LOS objects, 29% free, 39MB/55MB, paused 508us total 20.686ms
08-04 00:35:17.004 17791 17791 I ServiceManager: Waiting for service AtCmdFwd...
08-04 00:35:17.308 23788 23822 I art     : Starting a blocking GC Explicit
08-04 00:35:17.332 23788 23822 I art     : Explicit concurrent mark sweep GC freed 1401(80KB) AllocSpace objects, 1(20KB) LOS objects, 29% free, 39MB/55MB, paused 593us total 23.795ms
08-04 00:35:17.343 23788 23822 I art     : Starting a blocking GC Explicit
08-04 00:35:17.363 23788 23822 I art     : Explicit concurrent mark sweep GC freed 20(704B) AllocSpace objects, 0(0B) LOS objects, 29% free, 39MB/55MB, paused 491us total 19.434ms
08-04 00:35:17.370 23788 23822 I art     : Starting a blocking GC Explicit
08-04 00:35:17.390 23788 23822 I art     : Explicit concurrent mark sweep GC freed 3(96B) AllocSpace objects, 0(0B) LOS objects, 29% free, 39MB/55MB, paused 474us total 19.878ms
08-04 00:35:17.397 23788 23822 I art     : Starting a blocking GC Explicit
08-04 00:35:17.417 23788 23822 I art     : Explicit concurrent mark sweep GC freed 3(96B) AllocSpace objects, 0(0B) LOS objects, 29% free, 39MB/55MB, paused 531us total 20.205ms
08-04 00:35:17.424 23788 23822 I art     : Starting a blocking GC Explicit
08-04 00:35:17.445 23788 23822 I art     : Explicit concurrent mark sweep GC freed 3(96B) AllocSpace objects, 0(0B) LOS objects, 29% free, 39MB/55MB, paused 514us total 20.530ms
08-04 00:35:17.736 23788 23800 I art     : Starting a blocking GC Explicit
08-04 00:35:17.759 23788 23800 I art     : Explicit concurrent mark sweep GC freed 1401(80KB) AllocSpace objects, 1(20KB) LOS objects, 29% free, 39MB/55MB, paused 520us total 22.484ms
08-04 00:35:17.767 23788 23800 I art     : Starting a blocking GC Explicit
08-04 00:35:17.789 23788 23800 I art     : Explicit concurrent mark sweep GC freed 20(704B) AllocSpace objects, 0(0B) LOS objects, 29% free, 39MB/55MB, paused 487us total 21.835ms
08-04 00:35:17.797 23788 23800 I art     : Starting a blocking GC Explicit
08-04 00:35:17.818 23788 23800 I art     : Explicit concurrent mark sweep GC freed 3(96B) AllocSpace objects, 0(0B) LOS objects, 29% free, 39MB/55MB, paused 508us total 21.291ms
08-04 00:35:17.825 23788 23800 I art     : Starting a blocking GC Explicit
08-04 00:35:17.846 23788 23800 I art     : Explicit concurrent mark sweep GC freed 3(96B) AllocSpace objects, 0(0B) LOS objects, 29% free, 39MB/55MB, paused 498us total 20.225ms
08-04 00:35:17.853 23788 23800 I art     : Starting a blocking GC Explicit
08-04 00:35:17.874 23788 23800 I art     : Explicit concurrent mark sweep GC freed 3(96B) AllocSpace objects, 0(0B) LOS objects, 29% free, 39MB/55MB, paused 496us total 20.737ms
08-04 00:35:18.004 17791 17791 I ServiceManager: Waiting for service AtCmdFwd...
08-04 00:35:18.215 23788 24349 I art     : Starting a blocking GC Explicit
08-04 00:35:18.238 23788 24349 I art     : Explicit concurrent mark sweep GC freed 1401(80KB) AllocSpace objects, 1(20KB) LOS objects, 29% free, 39MB/55MB, paused 473us total 22.364ms
08-04 00:35:18.245 23788 24349 I art     : Starting a blocking GC Explicit
08-04 00:35:18.266 23788 24349 I art     : Explicit concurrent mark sweep GC freed 20(704B) AllocSpace objects, 0(0B) LOS objects, 29% free, 39MB/55MB, paused 518us total 21.085ms
08-04 00:35:18.274 23788 24349 I art     : Starting a blocking GC Explicit
08-04 00:35:18.295 23788 24349 I art     : Explicit concurrent mark sweep GC freed 3(96B) AllocSpace objects, 0(0B) LOS objects, 29% free, 39MB/55MB, paused 468us total 20.835ms
08-04 00:35:18.303 23788 24349 I art     : Starting a blocking GC Explicit
08-04 00:35:18.323 23788 24349 I art     : Explicit concurrent mark sweep GC freed 3(96B) AllocSpace objects, 0(0B) LOS objects, 29% free, 39MB/55MB, paused 470us total 20.059ms
08-04 00:35:18.330 23788 24349 I art     : Starting a blocking GC Explicit
08-04 00:35:18.351 23788 24349 I art     : Explicit concurrent mark sweep GC freed 3(96B) AllocSpace objects, 0(0B) LOS objects, 29% free, 39MB/55MB, paused 510us total 20.208ms
08-04 00:35:18.681 23788 23801 I art     : Starting a blocking GC Explicit
08-04 00:35:18.705 23788 23801 I art     : Explicit concurrent mark sweep GC freed 1401(80KB) AllocSpace objects, 1(20KB) LOS objects, 29% free, 39MB/55MB, paused 522us total 23.895ms
08-04 00:35:18.715 23788 23801 I art     : Starting a blocking GC Explicit
08-04 00:35:18.736 23788 23801 I art     : Explicit concurrent mark sweep GC freed 20(704B) AllocSpace objects, 0(0B) LOS objects, 29% free, 39MB/55MB, paused 499us total 20.231ms
08-04 00:35:18.743 23788 23801 I art     : Starting a blocking GC Explicit
08-04 00:35:18.763 23788 23801 I art     : Explicit concurrent mark sweep GC freed 3(96B) AllocSpace objects, 0(0B) LOS objects, 29% free, 39MB/55MB, paused 492us total 20.060ms
08-04 00:35:18.771 23788 23801 I art     : Starting a blocking GC Explicit
08-04 00:35:18.791 23788 23801 I art     : Explicit concurrent mark sweep GC freed 3(96B) AllocSpace objects, 0(0B) LOS objects, 29% free, 39MB/55MB, paused 511us total 19.913ms
08-04 00:35:18.798 23788 23801 I art     : Starting a blocking GC Explicit
08-04 00:35:18.818 23788 23801 I art     : Explicit concurrent mark sweep GC freed 3(96B) AllocSpace objects, 0(0B) LOS objects, 29% free, 39MB/55MB, paused 489us total 19.681ms
08-04 00:35:19.005 17791 17791 W Atfwd_Sendcmd: AtCmdFwd service not published, waiting... retryCnt : 5
08-04 00:35:19.148 23788 23822 I art     : Starting a blocking GC Explicit
08-04 00:35:19.172 23788 23822 I art     : Explicit concurrent mark sweep GC freed 1420(81KB) AllocSpace objects, 1(20KB) LOS objects, 29% free, 39MB/55MB, paused 522us total 23.518ms
08-04 00:35:19.184 23788 23822 I art     : Starting a blocking GC Explicit
08-04 00:35:19.203 23788 23822 I art     : Explicit concurrent mark sweep GC freed 26(928B) AllocSpace objects, 0(0B) LOS objects, 29% free, 39MB/55MB, paused 468us total 18.763ms
08-04 00:35:19.210 23788 23822 I art     : Starting a blocking GC Explicit
08-04 00:35:19.230 23788 23822 I art     : Explicit concurrent mark sweep GC freed 3(96B) AllocSpace objects, 0(0B) LOS objects, 29% free, 39MB/55MB, paused 503us total 20.048ms
08-04 00:35:19.237 23788 23822 I art     : Starting a blocking GC Explicit
08-04 00:35:19.257 23788 23822 I art     : Explicit concurrent mark sweep GC freed 3(96B) AllocSpace objects, 0(0B) LOS objects, 29% free, 39MB/55MB, paused 557us total 19.968ms
08-04 00:35:19.264 23788 23822 I art     : Starting a blocking GC Explicit
08-04 00:35:19.285 23788 23822 I art     : Explicit concurrent mark sweep GC freed 3(96B) AllocSpace objects, 0(0B) LOS objects, 29% free, 39MB/55MB, paused 523us total 20.788ms
08-04 00:35:19.599 23788 23800 I art     : Starting a blocking GC Explicit
08-04 00:35:19.623 23788 23800 I art     : Explicit concurrent mark sweep GC freed 1401(80KB) AllocSpace objects, 1(20KB) LOS objects, 29% free, 39MB/55MB, paused 511us total 22.939ms
08-04 00:35:19.634 23788 23800 I art     : Starting a blocking GC Explicit
08-04 00:35:19.654 23788 23800 I art     : Explicit concurrent mark sweep GC freed 20(704B) AllocSpace objects, 0(0B) LOS objects, 29% free, 39MB/55MB, paused 501us total 19.997ms
08-04 00:35:19.661 23788 23800 I art     : Starting a blocking GC Explicit
08-04 00:35:19.681 23788 23800 I art     : Explicit concurrent mark sweep GC freed 3(96B) AllocSpace objects, 0(0B) LOS objects, 29% free, 39MB/55MB, paused 465us total 19.752ms
08-04 00:35:19.688 23788 23800 I art     : Starting a blocking GC Explicit
08-04 00:35:19.708 23788 23800 I art     : Explicit concurrent mark sweep GC freed 3(96B) AllocSpace objects, 0(0B) LOS objects, 29% free, 39MB/55MB, paused 452us total 19.788ms
08-04 00:35:19.715 23788 23800 I art     : Starting a blocking GC Explicit
08-04 00:35:19.736 23788 23800 I art     : Explicit concurrent mark sweep GC freed 3(96B) AllocSpace objects, 0(0B) LOS objects, 29% free, 39MB/55MB, paused 481us total 20.435ms
08-04 00:35:20.069 23788 24349 I art     : Starting a blocking GC Explicit
08-04 00:35:20.092 23788 24349 I art     : Explicit concurrent mark sweep GC freed 1401(80KB) AllocSpace objects, 1(20KB) LOS objects, 29% free, 39MB/55MB, paused 511us total 23.217ms
08-04 00:35:20.100 23788 24349 I art     : Starting a blocking GC Explicit
08-04 00:35:20.122 23788 24349 I art     : Explicit concurrent mark sweep GC freed 20(704B) AllocSpace objects, 0(0B) LOS objects, 29% free, 39MB/55MB, paused 501us total 21.755ms
08-04 00:35:20.129 23788 24349 I art     : Starting a blocking GC Explicit
08-04 00:35:20.150 23788 24349 I art     : Explicit concurrent mark sweep GC freed 3(96B) AllocSpace objects, 0(0B) LOS objects, 29% free, 39MB/55MB, paused 497us total 20.526ms
08-04 00:35:20.157 23788 24349 I art     : Starting a blocking GC Explicit
08-04 00:35:20.177 23788 24349 I art     : Explicit concurrent mark sweep GC freed 3(96B) AllocSpace objects, 0(0B) LOS objects, 29% free, 39MB/55MB, paused 518us total 19.929ms
08-04 00:35:20.185 23788 24349 I art     : Starting a blocking GC Explicit
08-04 00:35:20.205 23788 24349 I art     : Explicit concurrent mark sweep GC freed 3(96B) AllocSpace objects, 0(0B) LOS objects, 29% free, 39MB/55MB, paused 506us total 20.588ms
08-04 00:35:20.532 23788 23801 I art     : Starting a blocking GC Explicit
08-04 00:35:20.556 23788 23801 I art     : Explicit concurrent mark sweep GC freed 1401(80KB) AllocSpace objects, 1(20KB) LOS objects, 29% free, 39MB/55MB, paused 521us total 23.097ms
08-04 00:35:20.566 23788 23801 I art     : Starting a blocking GC Explicit
08-04 00:35:20.586 23788 23801 I art     : Explicit concurrent mark sweep GC freed 20(704B) AllocSpace objects, 0(0B) LOS objects, 29% free, 39MB/55MB, paused 499us total 20.255ms
08-04 00:35:20.593 23788 23801 I art     : Starting a blocking GC Explicit
08-04 00:35:20.613 23788 23801 I art     : Explicit concurrent mark sweep GC freed 3(96B) AllocSpace objects, 0(0B) LOS objects, 29% free, 39MB/55MB, paused 470us total 19.827ms
08-04 00:35:20.620 23788 23801 I art     : Starting a blocking GC Explicit
08-04 00:35:20.640 23788 23801 I art     : Explicit concurrent mark sweep GC freed 3(96B) AllocSpace objects, 0(0B) LOS objects, 29% free, 39MB/55MB, paused 505us total 20.154ms
08-04 00:35:20.648 23788 23801 I art     : Starting a blocking GC Explicit
08-04 00:35:20.668 23788 23801 I art     : Explicit concurrent mark sweep GC freed 3(96B) AllocSpace objects, 0(0B) LOS objects, 29% free, 39MB/55MB, paused 483us total 19.970ms
08-04 00:35:20.937 23788 23822 I art     : Starting a blocking GC Explicit
08-04 00:35:20.959 23788 23822 I art     : Explicit concurrent mark sweep GC freed 1401(80KB) AllocSpace objects, 1(20KB) LOS objects, 29% free, 39MB/55MB, paused 523us total 21.866ms
08-04 00:35:20.967 23788 23822 I art     : Starting a blocking GC Explicit
08-04 00:35:20.988 23788 23822 I art     : Explicit concurrent mark sweep GC freed 20(704B) AllocSpace objects, 0(0B) LOS objects, 29% free, 39MB/55MB, paused 536us total 20.672ms
08-04 00:35:20.995 23788 23822 I art     : Starting a blocking GC Explicit
08-04 00:35:21.015 23788 23822 I art     : Explicit concurrent mark sweep GC freed 3(96B) AllocSpace objects, 0(0B) LOS objects, 29% free, 39MB/55MB, paused 499us total 20.206ms
08-04 00:35:21.022 23788 23822 I art     : Starting a blocking GC Explicit
08-04 00:35:21.039 24761 24761 D AndroidRuntime: >>>>>> START com.android.internal.os.RuntimeInit uid 2000 <<<<<<
08-04 00:35:21.042 23788 23822 I art     : Explicit concurrent mark sweep GC freed 3(96B) AllocSpace objects, 0(0B) LOS objects, 29% free, 39MB/55MB, paused 525us total 19.885ms
08-04 00:35:21.043 24761 24761 D AndroidRuntime: CheckJNI is OFF
08-04 00:35:21.049 23788 23822 I art     : Starting a blocking GC Explicit
08-04 00:35:21.068 23788 23822 I art     : Explicit concurrent mark sweep GC freed 3(96B) AllocSpace objects, 0(0B) LOS objects, 29% free, 39MB/55MB, paused 554us total 18.166ms
08-04 00:35:21.069 24761 24761 D ICU     : No timezone override file found: /data/misc/zoneinfo/current/icu/icu_tzdata.dat
08-04 00:35:21.092 24761 24761 I Radio-JNI: register_android_hardware_Radio DONE
08-04 00:35:21.108 24761 24761 D AndroidRuntime: Calling main entry com.android.commands.input.Input
08-04 00:35:21.110 24761 24761 I Input   : injectKeyEvent: KeyEvent { action=ACTION_DOWN, keyCode=KEYCODE_BACK, scanCode=0, metaState=0, flags=0x0, repeatCount=0, eventTime=664537523, downTime=664537523, deviceId=-1, source=0x101 }
08-04 00:35:21.117 24761 24761 I Input   : injectKeyEvent: KeyEvent { action=ACTION_UP, keyCode=KEYCODE_BACK, scanCode=0, metaState=0, flags=0x0, repeatCount=0, eventTime=664537523, downTime=664537523, deviceId=-1, source=0x101 }
08-04 00:35:21.123 24761 24761 D AndroidRuntime: Shutting down VM
08-04 00:35:21.222 13866 13866 I GoogleInputMethodServic: GoogleInputMethodService.onFinishInput():3138 
08-04 00:35:21.222 13866 13866 I GoogleInputMethodServic: GoogleInputMethodService.onStartInput():1808 
08-04 00:35:21.317 23788 23822 I art     : Starting a blocking GC Explicit
08-04 00:35:21.336 23788 23822 I art     : Explicit concurrent mark sweep GC freed 4492(351KB) AllocSpace objects, 11(228KB) LOS objects, 28% free, 39MB/55MB, paused 613us total 19.057ms
08-04 00:35:21.344 23788 23822 I art     : Starting a blocking GC Explicit
08-04 00:35:21.365 23788 23822 I art     : Explicit concurrent mark sweep GC freed 1248(116KB) AllocSpace objects, 0(0B) LOS objects, 29% free, 39MB/55MB, paused 579us total 21.233ms
08-04 00:35:21.372 23788 23822 I art     : Starting a blocking GC Explicit
08-04 00:35:21.393 23788 23822 I art     : Explicit concurrent mark sweep GC freed 3(96B) AllocSpace objects, 0(0B) LOS objects, 29% free, 39MB/55MB, paused 511us total 20.918ms
08-04 00:35:21.401 23788 23822 I art     : Starting a blocking GC Explicit
08-04 00:35:21.427 23788 23822 I art     : Explicit concurrent mark sweep GC freed 3(96B) AllocSpace objects, 0(0B) LOS objects, 29% free, 39MB/55MB, paused 705us total 25.490ms
08-04 00:35:21.427 23788 23798 I art     : WaitForGcToComplete blocked for 24.186ms for cause HeapTrim
08-04 00:35:21.435 23788 23822 I art     : Starting a blocking GC Explicit
08-04 00:35:21.463 23788 23822 I art     : Explicit concurrent mark sweep GC freed 3(96B) AllocSpace objects, 0(0B) LOS objects, 29% free, 39MB/55MB, paused 763us total 27.590ms
08-04 00:35:21.730 23788 24349 I art     : Starting a blocking GC Explicit
08-04 00:35:21.764 23788 24349 I art     : Explicit concurrent mark sweep GC freed 5043(266KB) AllocSpace objects, 4(220KB) LOS objects, 28% free, 39MB/55MB, paused 639us total 33.148ms
08-04 00:35:21.769 23788 24792 I NAPPA_EXPERIMENTATION: MetricNetworkRequestExecutionTime: REQUEST_DURATION_SYSTEM='540',REQUEST_DURATION_OKHTTP='31',REQUEST_SYNCHRONOUS='TRUE',RESPONSE_CODE='200',RESPONSE_METHOD='GET',RESPONSE_LENGTH_OKHTTP='-1',RESPONSE_LENGTH_HEADER='22512',REQUEST_PROTOCOL='http/1.1',REQUEST_URL='https://www.newsblur.com/social/river_stories?order=newest&page=3&read_filter=all&global_feed=true',
08-04 00:35:21.769 23788 24792 D MY_TAG  : 0, 540
08-04 00:35:21.772 23788 24349 I art     : Starting a blocking GC Explicit
08-04 00:35:21.782   918  3263 D ConnectivityService: releasing NetworkRequest NetworkRequest [ id=2469, legacyType=-1, [ Capabilities: INTERNET&NOT_RESTRICTED&TRUSTED] ]
08-04 00:35:21.794 23788 24349 I art     : Explicit concurrent mark sweep GC freed 6676(551KB) AllocSpace objects, 12(4MB) LOS objects, 31% free, 34MB/50MB, paused 763us total 22.615ms
08-04 00:35:21.801 23788 24349 I art     : Starting a blocking GC Explicit
08-04 00:35:21.821 23788 24349 I art     : Explicit concurrent mark sweep GC freed 5888(342KB) AllocSpace objects, 3(296KB) LOS objects, 31% free, 34MB/50MB, paused 836us total 19.888ms
08-04 00:35:21.828 23788 24349 I art     : Starting a blocking GC Explicit
08-04 00:35:21.847 23788 24349 I art     : Explicit concurrent mark sweep GC freed 9073(667KB) AllocSpace objects, 10(204KB) LOS objects, 31% free, 34MB/50MB, paused 640us total 18.551ms
08-04 00:35:21.853 23788 24349 I art     : Starting a blocking GC Explicit
08-04 00:35:21.872 23788 24349 I art     : Explicit concurrent mark sweep GC freed 12281(865KB) AllocSpace objects, 11(236KB) LOS objects, 31% free, 34MB/50MB, paused 824us total 18.671ms
08-04 00:35:22.183 23788 23801 I art     : Starting a blocking GC Explicit
08-04 00:35:22.203 23788 23801 I art     : Explicit concurrent mark sweep GC freed 9713(667KB) AllocSpace objects, 5(296KB) LOS objects, 31% free, 34MB/50MB, paused 550us total 19.406ms
08-04 00:35:22.210 23788 23801 I art     : Starting a blocking GC Explicit
08-04 00:35:22.229 23788 23801 I art     : Explicit concurrent mark sweep GC freed 307(33KB) AllocSpace objects, 3(80KB) LOS objects, 31% free, 34MB/50MB, paused 521us total 18.942ms
08-04 00:35:22.235 23788 23801 I art     : Starting a blocking GC Explicit
08-04 00:35:22.254 23788 23801 I art     : Explicit concurrent mark sweep GC freed 6(192B) AllocSpace objects, 0(0B) LOS objects, 31% free, 34MB/50MB, paused 532us total 18.876ms
08-04 00:35:22.262 23788 23801 I art     : Starting a blocking GC Explicit
08-04 00:35:22.280 23788 23801 I art     : Explicit concurrent mark sweep GC freed 7(224B) AllocSpace objects, 0(0B) LOS objects, 31% free, 34MB/50MB, paused 512us total 18.635ms
08-04 00:35:22.287 23788 23801 I art     : Starting a blocking GC Explicit
08-04 00:35:22.306 23788 23801 I art     : Explicit concurrent mark sweep GC freed 7(224B) AllocSpace objects, 0(0B) LOS objects, 31% free, 34MB/50MB, paused 563us total 18.800ms
08-04 00:35:22.381 23788 24792 I NAPPA_EXPERIMENTATION: MetricNetworkRequestExecutionTime: REQUEST_DURATION_SYSTEM='481',REQUEST_DURATION_OKHTTP='37',REQUEST_SYNCHRONOUS='TRUE',RESPONSE_CODE='200',RESPONSE_METHOD='GET',RESPONSE_LENGTH_OKHTTP='-1',RESPONSE_LENGTH_HEADER='10672',REQUEST_PROTOCOL='http/1.1',REQUEST_URL='https://www.newsblur.com/social/river_stories?order=newest&page=4&read_filter=all&global_feed=true',
08-04 00:35:22.381 23788 24792 D MY_TAG  : 0, 481
08-04 00:35:22.565 23788 23822 I art     : Starting a blocking GC Explicit
08-04 00:35:22.590 23788 23822 I art     : Explicit concurrent mark sweep GC freed 14868(1397KB) AllocSpace objects, 30(772KB) LOS objects, 31% free, 34MB/50MB, paused 633us total 24.323ms
08-04 00:35:22.600 23788 23822 I art     : Starting a blocking GC Explicit
08-04 00:35:22.620 23788 23822 I art     : Explicit concurrent mark sweep GC freed 1432(102KB) AllocSpace objects, 0(0B) LOS objects, 31% free, 34MB/50MB, paused 624us total 20.234ms
08-04 00:35:22.629 23788 23822 I art     : Starting a blocking GC Explicit
08-04 00:35:22.648 23788 23822 I art     : Explicit concurrent mark sweep GC freed 7(224B) AllocSpace objects, 0(0B) LOS objects, 31% free, 34MB/50MB, paused 498us total 19.302ms
08-04 00:35:22.655 23788 23822 I art     : Starting a blocking GC Explicit
08-04 00:35:22.671 24820 24820 D AndroidRuntime: >>>>>> START com.android.internal.os.RuntimeInit uid 2000 <<<<<<
08-04 00:35:22.673 23788 23822 I art     : Explicit concurrent mark sweep GC freed 5(160B) AllocSpace objects, 0(0B) LOS objects, 31% free, 34MB/50MB, paused 663us total 18.510ms
08-04 00:35:22.675 24820 24820 D AndroidRuntime: CheckJNI is OFF
08-04 00:35:22.682 23788 23822 I art     : Starting a blocking GC Explicit
08-04 00:35:22.699 23788 23822 I art     : Explicit concurrent mark sweep GC freed 3(96B) AllocSpace objects, 0(0B) LOS objects, 31% free, 34MB/50MB, paused 511us total 17.121ms
08-04 00:35:22.702 24820 24820 D ICU     : No timezone override file found: /data/misc/zoneinfo/current/icu/icu_tzdata.dat
08-04 00:35:22.725 24820 24820 I Radio-JNI: register_android_hardware_Radio DONE
08-04 00:35:22.740 24820 24820 D AndroidRuntime: Calling main entry com.android.commands.input.Input
08-04 00:35:22.742 24820 24820 I Input   : injectMotionEvent: MotionEvent { action=ACTION_DOWN, actionButton=0, id[0]=0, x[0]=435.0, y[0]=858.0, toolType[0]=TOOL_TYPE_UNKNOWN, buttonState=0, metaState=0, flags=0x0, edgeFlags=0x0, pointerCount=1, historySize=0, eventTime=664539155, downTime=664539155, deviceId=0, source=0x1002 }
08-04 00:35:22.747 24820 24820 I Input   : injectMotionEvent: MotionEvent { action=ACTION_UP, actionButton=0, id[0]=0, x[0]=435.0, y[0]=858.0, toolType[0]=TOOL_TYPE_UNKNOWN, buttonState=0, metaState=0, flags=0x0, edgeFlags=0x0, pointerCount=1, historySize=0, eventTime=664539155, downTime=664539155, deviceId=0, source=0x1002 }
08-04 00:35:22.749 24820 24820 D AndroidRuntime: Shutting down VM
08-04 00:35:22.757   512  2967 D audio_hw_primary: out_set_parameters: enter: usecase(1: low-latency-playback) kvpairs: routing=2
08-04 00:35:22.757   918   928 I ActivityManager: START u0 {cmp=baseline.com.newsblur/.activity.GlobalSharedStoriesReading (has extras)} from uid 10652 on display 0
08-04 00:35:22.770   512  2967 D audio_hw_primary: select_devices: out_snd_device(2: speaker) in_snd_device(0: none)
08-04 00:35:22.770   512  2967 D msm8974_platform: platform_send_audio_calibration: sending audio calibration for snd_device(2) acdb_id(15)
08-04 00:35:22.770   512  2967 I soundtrigger: audio_extn_sound_trigger_update_device_status: device 0x2 of type 0 for Event 1
08-04 00:35:22.779   512  2967 D audio_hw_primary: enable_snd_device: snd_device(2: speaker)
08-04 00:35:22.781   512  2967 D audio_hw_primary: enable_audio_route: apply and update mixer path: low-latency-playback speaker
08-04 00:35:22.938 23788 23800 I art     : Starting a blocking GC Explicit
08-04 00:35:22.963 23788 23800 I art     : Explicit concurrent mark sweep GC freed 3464(280KB) AllocSpace objects, 8(620KB) LOS objects, 29% free, 37MB/53MB, paused 882us total 24.120ms
08-04 00:35:22.968   918   936 I ActivityManager: Displayed baseline.com.newsblur/.activity.GlobalSharedStoriesReading: +204ms
08-04 00:35:22.969 23788 23800 I art     : Starting a blocking GC Explicit
08-04 00:35:22.970 13866 13866 I GoogleInputMethodServic: GoogleInputMethodService.onFinishInput():3138 
08-04 00:35:22.970 13866 13866 I GoogleInputMethodServic: GoogleInputMethodService.onStartInput():1808 
08-04 00:35:22.985   918  4413 D ConnectivityService: listenForNetwork for Listen from uid/pid:10652/23788 for NetworkRequest [ id=2470, legacyType=-1, [ Capabilities: INTERNET&NOT_RESTRICTED&TRUSTED] ]
08-04 00:35:22.989 23788 23800 I art     : Explicit concurrent mark sweep GC freed 1515(69KB) AllocSpace objects, 0(0B) LOS objects, 29% free, 37MB/53MB, paused 829us total 19.188ms
08-04 00:35:22.997 23788 23800 I art     : Starting a blocking GC Explicit
08-04 00:35:23.018 23788 23800 I art     : Explicit concurrent mark sweep GC freed 894(64KB) AllocSpace objects, 1(20KB) LOS objects, 29% free, 37MB/53MB, paused 816us total 21.045ms
08-04 00:35:23.025 23788 23800 I art     : Starting a blocking GC Explicit
08-04 00:35:23.047 23788 23800 I art     : Explicit concurrent mark sweep GC freed 1097(71KB) AllocSpace objects, 2(40KB) LOS objects, 29% free, 38MB/54MB, paused 965us total 21.129ms
08-04 00:35:23.054 23788 23800 I art     : Starting a blocking GC Explicit
08-04 00:35:23.076 23788 23800 I art     : Explicit concurrent mark sweep GC freed 608(30KB) AllocSpace objects, 0(0B) LOS objects, 28% free, 39MB/55MB, paused 737us total 21.728ms
08-04 00:35:23.155 23788 23804 V RenderScript: 0x7f7b28c000 Launching thread(s), CPUs 8
08-04 00:35:23.179 23788 24064 I NAPPA_EXPERIMENTATION: MetricNetworkRequestExecutionTime: REQUEST_DURATION_SYSTEM='101',REQUEST_DURATION_OKHTTP='100',REQUEST_SYNCHRONOUS='TRUE',RESPONSE_CODE='200',RESPONSE_METHOD='GET',RESPONSE_LENGTH_OKHTTP='3140',RESPONSE_LENGTH_HEADER='3140',REQUEST_PROTOCOL='http/1.1',REQUEST_URL='https://s3.amazonaws.com/avatars.newsblur.com/avatars/136960/thumbnail_profile_1364434554.jpg',
08-04 00:35:23.318   512  2967 D audio_hw_primary: disable_audio_route: reset and update mixer path: low-latency-playback speaker
08-04 00:35:23.320   512  2967 D audio_hw_primary: disable_snd_device: snd_device(2: speaker)
08-04 00:35:23.328   512  2967 I soundtrigger: audio_extn_sound_trigger_update_device_status: device 0x2 of type 0 for Event 0
08-04 00:35:23.333 23788 24433 E chromium: [ERROR:tile_manager.cc(793)] WARNING: tile memory limits exceeded, some content may not draw
08-04 00:35:23.334 23788 24433 E chromium: [ERROR:tile_manager.cc(793)] WARNING: tile memory limits exceeded, some content may not draw
08-04 00:35:23.337 23788 23800 I art     : Starting a blocking GC Explicit
08-04 00:35:23.359 23788 23800 I art     : Explicit concurrent mark sweep GC freed 8127(752KB) AllocSpace objects, 17(332KB) LOS objects, 28% free, 39MB/55MB, paused 970us total 22.140ms
08-04 00:35:23.367 23788 23800 I art     : Starting a blocking GC Explicit
08-04 00:35:23.381 23788 24433 E chromium: [ERROR:tile_manager.cc(793)] WARNING: tile memory limits exceeded, some content may not draw
08-04 00:35:23.384 23788 24433 E chromium: [ERROR:tile_manager.cc(793)] WARNING: tile memory limits exceeded, some content may not draw
08-04 00:35:23.387 23788 23800 I art     : Explicit concurrent mark sweep GC freed 4473(337KB) AllocSpace objects, 2(48KB) LOS objects, 28% free, 39MB/55MB, paused 682us total 20.508ms
08-04 00:35:23.395 23788 23800 I art     : Starting a blocking GC Explicit
08-04 00:35:23.405 23788 24433 E chromium: [ERROR:tile_manager.cc(793)] WARNING: tile memory limits exceeded, some content may not draw
08-04 00:35:23.406 23788 24433 E chromium: [ERROR:tile_manager.cc(793)] WARNING: tile memory limits exceeded, some content may not draw
08-04 00:35:23.408 23788 24433 E chromium: [ERROR:tile_manager.cc(793)] WARNING: tile memory limits exceeded, some content may not draw
08-04 00:35:23.409 23788 24433 E chromium: [ERROR:tile_manager.cc(793)] WARNING: tile memory limits exceeded, some content may not draw
08-04 00:35:23.409 23788 24433 E chromium: [ERROR:tile_manager.cc(793)] WARNING: tile memory limits exceeded, some content may not draw
08-04 00:35:23.409 23788 24433 E chromium: [ERROR:tile_manager.cc(793)] WARNING: tile memory limits exceeded, some content may not draw
08-04 00:35:23.416 23788 24433 E chromium: [ERROR:tile_manager.cc(793)] WARNING: tile memory limits exceeded, some content may not draw
08-04 00:35:23.416 23788 24433 E chromium: [ERROR:tile_manager.cc(793)] WARNING: tile memory limits exceeded, some content may not draw
08-04 00:35:23.419 23788 23800 I art     : Explicit concurrent mark sweep GC freed 35(1120B) AllocSpace objects, 0(0B) LOS objects, 28% free, 39MB/55MB, paused 813us total 22.543ms
08-04 00:35:23.423 23788 24433 E chromium: [ERROR:tile_manager.cc(793)] WARNING: tile memory limits exceeded, some content may not draw
08-04 00:35:23.427 23788 24433 E chromium: [ERROR:tile_manager.cc(793)] WARNING: tile memory limits exceeded, some content may not draw
08-04 00:35:23.427 23788 23800 I art     : Starting a blocking GC Explicit
08-04 00:35:23.440 23788 24433 E chromium: [ERROR:tile_manager.cc(793)] WARNING: tile memory limits exceeded, some content may not draw
08-04 00:35:23.440 23788 24433 E chromium: [ERROR:tile_manager.cc(793)] WARNING: tile memory limits exceeded, some content may not draw
08-04 00:35:23.448 23788 23800 I art     : Explicit concurrent mark sweep GC freed 126(17KB) AllocSpace objects, 1(20KB) LOS objects, 28% free, 39MB/55MB, paused 706us total 20.884ms
08-04 00:35:23.455 23788 23800 I art     : Starting a blocking GC Explicit
08-04 00:35:23.474 23788 24433 E chromium: [ERROR:tile_manager.cc(793)] WARNING: tile memory limits exceeded, some content may not draw
08-04 00:35:23.475 23788 24433 E chromium: [ERROR:tile_manager.cc(793)] WARNING: tile memory limits exceeded, some content may not draw
08-04 00:35:23.475 23788 23800 I art     : Explicit concurrent mark sweep GC freed 10(384B) AllocSpace objects, 0(0B) LOS objects, 28% free, 39MB/55MB, paused 770us total 19.756ms
08-04 00:35:23.480 23788 24433 E chromium: [ERROR:tile_manager.cc(793)] WARNING: tile memory limits exceeded, some content may not draw
08-04 00:35:23.482 23788 24433 E chromium: [ERROR:tile_manager.cc(793)] WARNING: tile memory limits exceeded, some content may not draw
08-04 00:35:23.673 23788 24433 E chromium: [ERROR:tile_manager.cc(793)] WARNING: tile memory limits exceeded, some content may not draw
08-04 00:35:23.675 23788 24433 E chromium: [ERROR:tile_manager.cc(793)] WARNING: tile memory limits exceeded, some content may not draw
08-04 00:35:23.684 23788 24872 D MY_TAG  : 0, 441
08-04 00:35:23.698 23788 24433 E chromium: [ERROR:tile_manager.cc(793)] WARNING: tile memory limits exceeded, some content may not draw
08-04 00:35:23.724 23788 24433 E chromium: [ERROR:tile_manager.cc(793)] WARNING: tile memory limits exceeded, some content may not draw
08-04 00:35:23.781 23788 24349 I art     : Starting a blocking GC Explicit
08-04 00:35:23.804   518   646 I ThermalEngine: ACTION: GPU - Setting GPU[0] to 510000000
08-04 00:35:23.806 23788 24349 I art     : Explicit concurrent mark sweep GC freed 8188(466KB) AllocSpace objects, 9(460KB) LOS objects, 28% free, 39MB/55MB, paused 612us total 24.583ms
08-04 00:35:23.816 23788 24349 I art     : Starting a blocking GC Explicit
08-04 00:35:23.845 23788 24349 I art     : Explicit concurrent mark sweep GC freed 1928(234KB) AllocSpace objects, 0(0B) LOS objects, 28% free, 39MB/55MB, paused 701us total 28.746ms
08-04 00:35:23.854 23788 24349 I art     : Starting a blocking GC Explicit
08-04 00:35:23.881 23788 24349 I art     : Explicit concurrent mark sweep GC freed 5(160B) AllocSpace objects, 0(0B) LOS objects, 28% free, 39MB/55MB, paused 685us total 26.491ms
08-04 00:35:23.890 23788 24349 I art     : Starting a blocking GC Explicit
08-04 00:35:23.917 23788 24349 I art     : Explicit concurrent mark sweep GC freed 3(96B) AllocSpace objects, 0(0B) LOS objects, 28% free, 39MB/55MB, paused 902us total 26.381ms
08-04 00:35:23.927 23788 24349 I art     : Starting a blocking GC Explicit
08-04 00:35:23.954 23788 24349 I art     : Explicit concurrent mark sweep GC freed 3(96B) AllocSpace objects, 0(0B) LOS objects, 28% free, 39MB/55MB, paused 733us total 26.275ms
08-04 00:35:24.117 23788 24872 D MY_TAG  : 0, 407
08-04 00:35:24.178 23788 24433 E chromium: [ERROR:tile_manager.cc(793)] WARNING: tile memory limits exceeded, some content may not draw
08-04 00:35:24.181 23788 24433 E chromium: [ERROR:tile_manager.cc(793)] WARNING: tile memory limits exceeded, some content may not draw
08-04 00:35:24.183 23788 24433 E chromium: [ERROR:tile_manager.cc(793)] WARNING: tile memory limits exceeded, some content may not draw
08-04 00:35:24.184 23788 24433 E chromium: [ERROR:tile_manager.cc(793)] WARNING: tile memory limits exceeded, some content may not draw
08-04 00:35:24.226 23788 24433 E chromium: [ERROR:tile_manager.cc(793)] WARNING: tile memory limits exceeded, some content may not draw
08-04 00:35:24.228 23788 24433 E chromium: [ERROR:tile_manager.cc(793)] WARNING: tile memory limits exceeded, some content may not draw
08-04 00:35:24.293 23788 23801 I art     : Starting a blocking GC Explicit
08-04 00:35:24.320 23788 23801 I art     : Explicit concurrent mark sweep GC freed 6995(587KB) AllocSpace objects, 20(408KB) LOS objects, 28% free, 39MB/55MB, paused 683us total 27.157ms
08-04 00:35:24.330 23788 23801 I art     : Starting a blocking GC Explicit
08-04 00:35:24.358 23788 23801 I art     : Explicit concurrent mark sweep GC freed 2838(159KB) AllocSpace objects, 1(28KB) LOS objects, 28% free, 39MB/55MB, paused 1.117ms total 28.356ms
08-04 00:35:24.367 23788 23801 I art     : Starting a blocking GC Explicit
08-04 00:35:24.394 23788 23801 I art     : Explicit concurrent mark sweep GC freed 20(640B) AllocSpace objects, 0(0B) LOS objects, 28% free, 39MB/55MB, paused 630us total 26.708ms
08-04 00:35:24.403 23788 23801 I art     : Starting a blocking GC Explicit
08-04 00:35:24.430 23788 23801 I art     : Explicit concurrent mark sweep GC freed 15(480B) AllocSpace objects, 0(0B) LOS objects, 28% free, 39MB/55MB, paused 737us total 26.498ms
08-04 00:35:24.440 23788 23801 I art     : Starting a blocking GC Explicit
08-04 00:35:24.466 23788 23801 I art     : Explicit concurrent mark sweep GC freed 16(512B) AllocSpace objects, 0(0B) LOS objects, 28% free, 39MB/55MB, paused 655us total 25.934ms
08-04 00:35:24.803 23788 23822 I art     : Starting a blocking GC Explicit
08-04 00:35:24.831 23788 23822 I art     : Explicit concurrent mark sweep GC freed 1419(81KB) AllocSpace objects, 1(20KB) LOS objects, 28% free, 39MB/55MB, paused 719us total 27.670ms
08-04 00:35:24.840 23788 23822 I art     : Starting a blocking GC Explicit
08-04 00:35:24.868 23788 23822 I art     : Explicit concurrent mark sweep GC freed 20(704B) AllocSpace objects, 0(0B) LOS objects, 28% free, 39MB/55MB, paused 715us total 27.508ms
08-04 00:35:24.877 23788 23822 I art     : Starting a blocking GC Explicit
08-04 00:35:24.904 23788 23822 I art     : Explicit concurrent mark sweep GC freed 3(96B) AllocSpace objects, 0(0B) LOS objects, 28% free, 39MB/55MB, paused 723us total 27.005ms
08-04 00:35:24.914 23788 23822 I art     : Starting a blocking GC Explicit
08-04 00:35:24.941 23788 23822 I art     : Explicit concurrent mark sweep GC freed 3(96B) AllocSpace objects, 0(0B) LOS objects, 28% free, 39MB/55MB, paused 745us total 27.264ms
08-04 00:35:24.951 23788 23822 I art     : Starting a blocking GC Explicit
08-04 00:35:24.979 23788 23822 I art     : Explicit concurrent mark sweep GC freed 3(96B) AllocSpace objects, 0(0B) LOS objects, 28% free, 39MB/55MB, paused 734us total 27.714ms
08-04 00:35:25.308 23788 23801 I art     : Starting a blocking GC Explicit
08-04 00:35:25.339 23788 23801 I art     : Explicit concurrent mark sweep GC freed 1404(81KB) AllocSpace objects, 1(20KB) LOS objects, 28% free, 39MB/55MB, paused 865us total 30.524ms
08-04 00:35:25.351 23788 23801 I art     : Starting a blocking GC Explicit
08-04 00:35:25.378 23788 23801 I art     : Explicit concurrent mark sweep GC freed 20(704B) AllocSpace objects, 0(0B) LOS objects, 28% free, 39MB/55MB, paused 745us total 26.739ms
08-04 00:35:25.387 23788 23801 I art     : Starting a blocking GC Explicit
08-04 00:35:25.414 23788 23801 I art     : Explicit concurrent mark sweep GC freed 3(96B) AllocSpace objects, 0(0B) LOS objects, 28% free, 39MB/55MB, paused 668us total 26.529ms
08-04 00:35:25.423 23788 23801 I art     : Starting a blocking GC Explicit
08-04 00:35:25.450 23788 23801 I art     : Explicit concurrent mark sweep GC freed 3(96B) AllocSpace objects, 0(0B) LOS objects, 28% free, 39MB/55MB, paused 692us total 27.156ms
08-04 00:35:25.460 23788 23801 I art     : Starting a blocking GC Explicit
08-04 00:35:25.486 23788 23801 I art     : Explicit concurrent mark sweep GC freed 3(96B) AllocSpace objects, 0(0B) LOS objects, 28% free, 39MB/55MB, paused 694us total 26.479ms
08-04 00:35:25.809   518   646 I ThermalEngine: ACTION: GPU - Setting GPU[0] to 450000000
08-04 00:35:25.872 23788 24349 I art     : Starting a blocking GC Explicit
08-04 00:35:25.911 23788 24349 I art     : Explicit concurrent mark sweep GC freed 1403(80KB) AllocSpace objects, 1(20KB) LOS objects, 28% free, 39MB/55MB, paused 1.090ms total 38.945ms
08-04 00:35:25.925 23788 24349 I art     : Starting a blocking GC Explicit
08-04 00:35:25.963 23788 24349 I art     : Explicit concurrent mark sweep GC freed 20(704B) AllocSpace objects, 0(0B) LOS objects, 28% free, 39MB/55MB, paused 993us total 37.394ms
08-04 00:35:25.975 23788 24349 I art     : Starting a blocking GC Explicit
08-04 00:35:26.012 23788 24349 I art     : Explicit concurrent mark sweep GC freed 3(96B) AllocSpace objects, 0(0B) LOS objects, 28% free, 39MB/55MB, paused 995us total 35.848ms
08-04 00:35:26.024 23788 24349 I art     : Starting a blocking GC Explicit
08-04 00:35:26.063 23788 24349 I art     : Explicit concurrent mark sweep GC freed 3(96B) AllocSpace objects, 0(0B) LOS objects, 28% free, 39MB/55MB, paused 1.011ms total 38.161ms
08-04 00:35:26.075 23788 24349 I art     : Starting a blocking GC Explicit
08-04 00:35:26.112 23788 24349 I art     : Explicit concurrent mark sweep GC freed 3(96B) AllocSpace objects, 0(0B) LOS objects, 28% free, 39MB/55MB, paused 941us total 37.024ms
08-04 00:35:26.480 23788 23800 I art     : Starting a blocking GC Explicit
08-04 00:35:26.519 23788 23800 I art     : Explicit concurrent mark sweep GC freed 1404(81KB) AllocSpace objects, 1(20KB) LOS objects, 28% free, 39MB/55MB, paused 1.171ms total 38.370ms
08-04 00:35:26.533 23788 23800 I art     : Starting a blocking GC Explicit
08-04 00:35:26.570 23788 23800 I art     : Explicit concurrent mark sweep GC freed 20(704B) AllocSpace objects, 0(0B) LOS objects, 28% free, 39MB/55MB, paused 1.001ms total 36.791ms
08-04 00:35:26.583 23788 23800 I art     : Starting a blocking GC Explicit
08-04 00:35:26.620 23788 23800 I art     : Explicit concurrent mark sweep GC freed 3(96B) AllocSpace objects, 0(0B) LOS objects, 28% free, 39MB/55MB, paused 920us total 36.688ms
08-04 00:35:26.632 23788 23800 I art     : Starting a blocking GC Explicit
08-04 00:35:26.670 23788 23800 I art     : Explicit concurrent mark sweep GC freed 3(96B) AllocSpace objects, 0(0B) LOS objects, 28% free, 39MB/55MB, paused 1.029ms total 38.055ms
08-04 00:35:26.683 23788 23800 I art     : Starting a blocking GC Explicit
08-04 00:35:26.721 23788 23800 I art     : Explicit concurrent mark sweep GC freed 3(96B) AllocSpace objects, 0(0B) LOS objects, 28% free, 39MB/55MB, paused 1.002ms total 38.232ms
08-04 00:35:26.809   518   646 I ThermalEngine: ACTION: GPU - Setting GPU[0] to 510000000
08-04 00:35:27.078 23788 23822 I art     : Starting a blocking GC Explicit
08-04 00:35:27.106 23788 23822 I art     : Explicit concurrent mark sweep GC freed 1403(81KB) AllocSpace objects, 1(20KB) LOS objects, 28% free, 39MB/55MB, paused 733us total 27.928ms
08-04 00:35:27.116 23788 23822 I art     : Starting a blocking GC Explicit
08-04 00:35:27.141 23788 23822 I art     : Explicit concurrent mark sweep GC freed 20(704B) AllocSpace objects, 0(0B) LOS objects, 28% free, 39MB/55MB, paused 683us total 25.101ms
08-04 00:35:27.150 23788 23822 I art     : Starting a blocking GC Explicit
08-04 00:35:27.175 23788 23822 I art     : Explicit concurrent mark sweep GC freed 3(96B) AllocSpace objects, 0(0B) LOS objects, 28% free, 39MB/55MB, paused 721us total 25.412ms
08-04 00:35:27.185 23788 23822 I art     : Starting a blocking GC Explicit
08-04 00:35:27.211 23788 23822 I art     : Explicit concurrent mark sweep GC freed 3(96B) AllocSpace objects, 0(0B) LOS objects, 28% free, 39MB/55MB, paused 713us total 26.650ms
08-04 00:35:27.221 23788 23822 I art     : Starting a blocking GC Explicit
08-04 00:35:27.247 23788 23822 I art     : Explicit concurrent mark sweep GC freed 3(96B) AllocSpace objects, 0(0B) LOS objects, 28% free, 39MB/55MB, paused 848us total 26.579ms
08-04 00:35:27.402 24955 24955 D AndroidRuntime: >>>>>> START com.android.internal.os.RuntimeInit uid 2000 <<<<<<
08-04 00:35:27.407 24955 24955 D AndroidRuntime: CheckJNI is OFF
08-04 00:35:27.438 24955 24955 D ICU     : No timezone override file found: /data/misc/zoneinfo/current/icu/icu_tzdata.dat
08-04 00:35:27.471 24955 24955 I Radio-JNI: register_android_hardware_Radio DONE
08-04 00:35:27.492 24955 24955 D AndroidRuntime: Calling main entry com.android.commands.input.Input
08-04 00:35:27.494 24955 24955 I Input   : injectKeyEvent: KeyEvent { action=ACTION_DOWN, keyCode=KEYCODE_BACK, scanCode=0, metaState=0, flags=0x0, repeatCount=0, eventTime=664543907, downTime=664543907, deviceId=-1, source=0x101 }
08-04 00:35:27.507 24955 24955 I Input   : injectKeyEvent: KeyEvent { action=ACTION_UP, keyCode=KEYCODE_BACK, scanCode=0, metaState=0, flags=0x0, repeatCount=0, eventTime=664543907, downTime=664543907, deviceId=-1, source=0x101 }
08-04 00:35:27.513 24955 24955 D AndroidRuntime: Shutting down VM
08-04 00:35:27.589 23788 23822 I art     : Starting a blocking GC Explicit
08-04 00:35:27.619 23788 23822 I art     : Explicit concurrent mark sweep GC freed 2238(165KB) AllocSpace objects, 4(80KB) LOS objects, 28% free, 39MB/55MB, paused 867us total 29.862ms
08-04 00:35:27.628 23788 23822 I art     : Starting a blocking GC Explicit
08-04 00:35:27.645 13866 13866 I GoogleInputMethodServic: GoogleInputMethodService.onFinishInput():3138 
08-04 00:35:27.645 13866 13866 I GoogleInputMethodServic: GoogleInputMethodService.onStartInput():1808 
08-04 00:35:27.655 23788 23822 I art     : Explicit concurrent mark sweep GC freed 983(87KB) AllocSpace objects, 1(20KB) LOS objects, 28% free, 39MB/55MB, paused 833us total 27.332ms
08-04 00:35:27.664 23788 23822 I art     : Starting a blocking GC Explicit
08-04 00:35:27.691 23788 23822 I art     : Explicit concurrent mark sweep GC freed 279(17KB) AllocSpace objects, 1(20KB) LOS objects, 28% free, 39MB/55MB, paused 1.035ms total 26.166ms
08-04 00:35:27.700 23788 23822 I art     : Starting a blocking GC Explicit
08-04 00:35:27.727 23788 23822 I art     : Explicit concurrent mark sweep GC freed 1095(78KB) AllocSpace objects, 0(0B) LOS objects, 28% free, 39MB/55MB, paused 888us total 26.696ms
08-04 00:35:27.736 23788 23822 I art     : Starting a blocking GC Explicit
08-04 00:35:27.760 23788 23822 I art     : Explicit concurrent mark sweep GC freed 42(2176B) AllocSpace objects, 1(28KB) LOS objects, 28% free, 39MB/55MB, paused 736us total 23.488ms
08-04 00:35:27.783 23788 24978 I NAPPA_EXPERIMENTATION: MetricNetworkRequestExecutionTime: REQUEST_DURATION_SYSTEM='77',REQUEST_DURATION_OKHTTP='29',REQUEST_SYNCHRONOUS='TRUE',RESPONSE_CODE='200',RESPONSE_METHOD='GET',RESPONSE_LENGTH_OKHTTP='43',RESPONSE_LENGTH_HEADER='43',REQUEST_PROTOCOL='http/1.1',REQUEST_URL='http://feeds.feedburner.com/~r/retort/~4/UffaFMiJbNs',
08-04 00:35:28.060 23788 23800 I art     : Starting a blocking GC Explicit
08-04 00:35:28.091 23788 23800 I art     : Explicit concurrent mark sweep GC freed 3477(197KB) AllocSpace objects, 2(40KB) LOS objects, 28% free, 39MB/55MB, paused 883us total 30.690ms
08-04 00:35:28.102 23788 23800 I art     : Starting a blocking GC Explicit
08-04 00:35:28.119   918  3263 D ConnectivityService: releasing NetworkRequest NetworkRequest [ id=2470, legacyType=-1, [ Capabilities: INTERNET&NOT_RESTRICTED&TRUSTED] ]
08-04 00:35:28.130 23788 23800 I art     : Explicit concurrent mark sweep GC freed 8306(662KB) AllocSpace objects, 12(4MB) LOS objects, 31% free, 34MB/50MB, paused 863us total 27.534ms
08-04 00:35:28.139 23788 23800 I art     : Starting a blocking GC Explicit
08-04 00:35:28.161 23788 23800 I art     : Explicit concurrent mark sweep GC freed 54(2416B) AllocSpace objects, 0(0B) LOS objects, 31% free, 34MB/50MB, paused 685us total 21.714ms
08-04 00:35:28.171 23788 23800 I art     : Starting a blocking GC Explicit
08-04 00:35:28.192 23788 23800 I art     : Explicit concurrent mark sweep GC freed 6(192B) AllocSpace objects, 0(0B) LOS objects, 31% free, 34MB/50MB, paused 639us total 21.587ms
08-04 00:35:28.201 23788 23800 I art     : Starting a blocking GC Explicit
08-04 00:35:28.221 23788 23800 I art     : Explicit concurrent mark sweep GC freed 7(224B) AllocSpace objects, 0(0B) LOS objects, 31% free, 34MB/50MB, paused 684us total 20.675ms
08-04 00:35:28.556 23788 23800 I art     : Starting a blocking GC Explicit
08-04 00:35:28.586 23788 23800 I art     : Explicit concurrent mark sweep GC freed 1445(82KB) AllocSpace objects, 1(20KB) LOS objects, 31% free, 34MB/50MB, paused 918us total 29.084ms
08-04 00:35:28.597 23788 23800 I art     : Starting a blocking GC Explicit
08-04 00:35:28.623 23788 23800 I art     : Explicit concurrent mark sweep GC freed 24(832B) AllocSpace objects, 0(0B) LOS objects, 31% free, 34MB/50MB, paused 730us total 26.297ms
08-04 00:35:28.633 23788 23800 I art     : Starting a blocking GC Explicit
08-04 00:35:28.659 23788 23800 I art     : Explicit concurrent mark sweep GC freed 8(256B) AllocSpace objects, 0(0B) LOS objects, 31% free, 34MB/50MB, paused 738us total 26.060ms
08-04 00:35:28.670 23788 23800 I art     : Starting a blocking GC Explicit
08-04 00:35:28.695 23788 23800 I art     : Explicit concurrent mark sweep GC freed 8(256B) AllocSpace objects, 0(0B) LOS objects, 31% free, 34MB/50MB, paused 714us total 24.673ms
08-04 00:35:28.706 23788 23800 I art     : Starting a blocking GC Explicit
08-04 00:35:28.732 23788 23800 I art     : Explicit concurrent mark sweep GC freed 7(224B) AllocSpace objects, 0(0B) LOS objects, 31% free, 34MB/50MB, paused 760us total 25.673ms
08-04 00:35:29.039 23788 23801 I art     : Starting a blocking GC Explicit
08-04 00:35:29.062 23788 23801 I art     : Explicit concurrent mark sweep GC freed 1440(82KB) AllocSpace objects, 1(20KB) LOS objects, 31% free, 34MB/50MB, paused 736us total 21.652ms
08-04 00:35:29.070 23788 23801 I art     : Starting a blocking GC Explicit
08-04 00:35:29.092 23788 23801 I art     : Explicit concurrent mark sweep GC freed 24(832B) AllocSpace objects, 0(0B) LOS objects, 31% free, 34MB/50MB, paused 652us total 21.051ms
08-04 00:35:29.100 23788 23801 I art     : Starting a blocking GC Explicit
08-04 00:35:29.121 23788 23801 I art     : Explicit concurrent mark sweep GC freed 3(96B) AllocSpace objects, 0(0B) LOS objects, 31% free, 34MB/50MB, paused 673us total 21.318ms
08-04 00:35:29.129 23788 23801 I art     : Starting a blocking GC Explicit
08-04 00:35:29.150 23788 23801 I art     : Explicit concurrent mark sweep GC freed 3(96B) AllocSpace objects, 0(0B) LOS objects, 31% free, 34MB/50MB, paused 669us total 20.334ms
08-04 00:35:29.158 23788 23801 I art     : Starting a blocking GC Explicit
08-04 00:35:29.172 25000 25000 D AndroidRuntime: >>>>>> START com.android.internal.os.RuntimeInit uid 2000 <<<<<<
08-04 00:35:29.177 25000 25000 D AndroidRuntime: CheckJNI is OFF
08-04 00:35:29.180 23788 23801 I art     : Explicit concurrent mark sweep GC freed 3(96B) AllocSpace objects, 0(0B) LOS objects, 31% free, 34MB/50MB, paused 731us total 21.458ms
08-04 00:35:29.208 25000 25000 D ICU     : No timezone override file found: /data/misc/zoneinfo/current/icu/icu_tzdata.dat
08-04 00:35:29.239 25000 25000 I Radio-JNI: register_android_hardware_Radio DONE
08-04 00:35:29.261 25000 25000 D AndroidRuntime: Calling main entry com.android.commands.input.Input
08-04 00:35:29.262 25000 25000 I Input   : injectKeyEvent: KeyEvent { action=ACTION_DOWN, keyCode=KEYCODE_BACK, scanCode=0, metaState=0, flags=0x0, repeatCount=0, eventTime=664545675, downTime=664545675, deviceId=-1, source=0x101 }
08-04 00:35:29.269 25000 25000 I Input   : injectKeyEvent: KeyEvent { action=ACTION_UP, keyCode=KEYCODE_BACK, scanCode=0, metaState=0, flags=0x0, repeatCount=0, eventTime=664545675, downTime=664545675, deviceId=-1, source=0x101 }
08-04 00:35:29.275 25000 25000 D AndroidRuntime: Shutting down VM
08-04 00:35:29.426 13866 13866 I GoogleInputMethodServic: GoogleInputMethodService.onFinishInput():3138 
08-04 00:35:29.427 13866 13866 I GoogleInputMethodServic: GoogleInputMethodService.onStartInput():1808 
08-04 00:35:29.444 23788 25042 I baseline.com.newsblur.service.NBSyncService: recounting dirty feed sets: 2
08-04 00:35:29.469 23788 23822 I art     : Starting a blocking GC Explicit
08-04 00:35:29.495 23788 23822 I art     : Explicit concurrent mark sweep GC freed 15630(1022KB) AllocSpace objects, 18(360KB) LOS objects, 31% free, 34MB/50MB, paused 831us total 25.202ms
08-04 00:35:29.503 23788 23822 I art     : Starting a blocking GC Explicit
08-04 00:35:29.525 23788 23822 I art     : Explicit concurrent mark sweep GC freed 536(23KB) AllocSpace objects, 0(0B) LOS objects, 31% free, 34MB/50MB, paused 775us total 21.863ms
08-04 00:35:29.534 23788 23822 I art     : Starting a blocking GC Explicit
08-04 00:35:29.556 23788 23822 I art     : Explicit concurrent mark sweep GC freed 9(400B) AllocSpace objects, 0(0B) LOS objects, 31% free, 34MB/50MB, paused 826us total 22.170ms
08-04 00:35:29.565 23788 23822 I art     : Starting a blocking GC Explicit
08-04 00:35:29.588 23788 23822 I art     : Explicit concurrent mark sweep GC freed 3(96B) AllocSpace objects, 0(0B) LOS objects, 31% free, 34MB/50MB, paused 891us total 22.908ms
08-04 00:35:29.598 23788 23822 I art     : Starting a blocking GC Explicit
08-04 00:35:29.624 23788 23822 I art     : Explicit concurrent mark sweep GC freed 3(96B) AllocSpace objects, 0(0B) LOS objects, 31% free, 34MB/50MB, paused 807us total 25.941ms
08-04 00:35:29.937 23788 23801 I art     : Starting a blocking GC Explicit
08-04 00:35:29.964 23788 23801 I art     : Explicit concurrent mark sweep GC freed 5054(258KB) AllocSpace objects, 4(220KB) LOS objects, 31% free, 34MB/50MB, paused 882us total 26.784ms
08-04 00:35:29.968 23788 25042 I NAPPA_EXPERIMENTATION: MetricNetworkRequestExecutionTime: REQUEST_DURATION_SYSTEM='521',REQUEST_DURATION_OKHTTP='35',REQUEST_SYNCHRONOUS='TRUE',RESPONSE_CODE='200',RESPONSE_METHOD='GET',RESPONSE_LENGTH_OKHTTP='-1',RESPONSE_LENGTH_HEADER='-2',REQUEST_PROTOCOL='http/1.1',REQUEST_URL='https://www.newsblur.com/reader/feed_unread_count?feed_id=6882243&feed_id=18178',
08-04 00:35:29.968 23788 25042 D MY_TAG  : 0, 521
08-04 00:35:29.974 23788 23801 I art     : Starting a blocking GC Explicit
08-04 00:35:30.003 23788 23801 I art     : Explicit concurrent mark sweep GC freed 6058(399KB) AllocSpace objects, 4(80KB) LOS objects, 31% free, 34MB/50MB, paused 1.479ms total 28.158ms
08-04 00:35:30.012 23788 23801 I art     : Starting a blocking GC Explicit
08-04 00:35:30.036 23788 23801 I art     : Explicit concurrent mark sweep GC freed 14662(1096KB) AllocSpace objects, 14(1428KB) LOS objects, 32% free, 32MB/48MB, paused 784us total 23.811ms
08-04 00:35:30.045 23788 23801 I art     : Starting a blocking GC Explicit
08-04 00:35:30.066 23788 23801 I art     : Explicit concurrent mark sweep GC freed 709(27KB) AllocSpace objects, 1(20KB) LOS objects, 32% free, 32MB/48MB, paused 639us total 20.349ms
08-04 00:35:30.074 23788 23801 I art     : Starting a blocking GC Explicit
08-04 00:35:30.094 23788 23801 I art     : Explicit concurrent mark sweep GC freed 9(288B) AllocSpace objects, 0(0B) LOS objects, 32% free, 32MB/48MB, paused 710us total 19.905ms
08-04 00:35:30.407 23788 23800 I art     : Starting a blocking GC Explicit
08-04 00:35:30.431 23788 23800 I art     : Explicit concurrent mark sweep GC freed 2224(114KB) AllocSpace objects, 1(20KB) LOS objects, 32% free, 32MB/48MB, paused 749us total 23.053ms
08-04 00:35:30.440 23788 23800 I art     : Starting a blocking GC Explicit
08-04 00:35:30.463 23788 23800 I art     : Explicit concurrent mark sweep GC freed 23(800B) AllocSpace objects, 0(0B) LOS objects, 32% free, 32MB/48MB, paused 842us total 22.690ms
08-04 00:35:30.471 23788 23800 I art     : Starting a blocking GC Explicit
08-04 00:35:30.493 23788 23800 I art     : Explicit concurrent mark sweep GC freed 7(224B) AllocSpace objects, 0(0B) LOS objects, 32% free, 32MB/48MB, paused 729us total 21.700ms
08-04 00:35:30.502 23788 23800 I art     : Starting a blocking GC Explicit
08-04 00:35:30.523 23788 23800 I art     : Explicit concurrent mark sweep GC freed 6(192B) AllocSpace objects, 0(0B) LOS objects, 32% free, 32MB/48MB, paused 735us total 21.137ms
08-04 00:35:30.532 23788 23800 I art     : Starting a blocking GC Explicit
08-04 00:35:30.553 23788 23800 I art     : Explicit concurrent mark sweep GC freed 7(224B) AllocSpace objects, 0(0B) LOS objects, 32% free, 32MB/48MB, paused 733us total 20.874ms
08-04 00:35:30.854 23788 24349 I art     : Starting a blocking GC Explicit
08-04 00:35:30.877 23788 24349 I art     : Explicit concurrent mark sweep GC freed 1435(81KB) AllocSpace objects, 1(20KB) LOS objects, 32% free, 32MB/48MB, paused 837us total 23.215ms
08-04 00:35:30.886 23788 24349 I art     : Starting a blocking GC Explicit
08-04 00:35:30.900 25070 25070 D AndroidRuntime: >>>>>> START com.android.internal.os.RuntimeInit uid 2000 <<<<<<
08-04 00:35:30.905 25070 25070 D AndroidRuntime: CheckJNI is OFF
08-04 00:35:30.908 23788 24349 I art     : Explicit concurrent mark sweep GC freed 20(704B) AllocSpace objects, 0(0B) LOS objects, 32% free, 32MB/48MB, paused 738us total 21.738ms
08-04 00:35:30.916 23788 24349 I art     : Starting a blocking GC Explicit
08-04 00:35:30.936 25070 25070 D ICU     : No timezone override file found: /data/misc/zoneinfo/current/icu/icu_tzdata.dat
08-04 00:35:30.937 23788 24349 I art     : Explicit concurrent mark sweep GC freed 3(96B) AllocSpace objects, 0(0B) LOS objects, 32% free, 32MB/48MB, paused 727us total 19.891ms
08-04 00:35:30.945 23788 24349 I art     : Starting a blocking GC Explicit
08-04 00:35:30.965 23788 24349 I art     : Explicit concurrent mark sweep GC freed 3(96B) AllocSpace objects, 0(0B) LOS objects, 32% free, 32MB/48MB, paused 777us total 20.471ms
08-04 00:35:30.969 25070 25070 I Radio-JNI: register_android_hardware_Radio DONE
08-04 00:35:30.973 23788 24349 I art     : Starting a blocking GC Explicit
08-04 00:35:30.990 25070 25070 D AndroidRuntime: Calling main entry com.android.commands.input.Input
08-04 00:35:30.992 25070 25070 I Input   : injectMotionEvent: MotionEvent { action=ACTION_DOWN, actionButton=0, id[0]=0, x[0]=594.0, y[0]=330.0, toolType[0]=TOOL_TYPE_UNKNOWN, buttonState=0, metaState=0, flags=0x0, edgeFlags=0x0, pointerCount=1, historySize=0, eventTime=664547404, downTime=664547404, deviceId=0, source=0x1002 }
08-04 00:35:30.994 23788 24349 I art     : Explicit concurrent mark sweep GC freed 3(96B) AllocSpace objects, 0(0B) LOS objects, 32% free, 32MB/48MB, paused 762us total 20.577ms
08-04 00:35:30.997 25070 25070 I Input   : injectMotionEvent: MotionEvent { action=ACTION_UP, actionButton=0, id[0]=0, x[0]=594.0, y[0]=330.0, toolType[0]=TOOL_TYPE_UNKNOWN, buttonState=0, metaState=0, flags=0x0, edgeFlags=0x0, pointerCount=1, historySize=0, eventTime=664547404, downTime=664547404, deviceId=0, source=0x1002 }
08-04 00:35:30.999 25070 25070 D AndroidRuntime: Shutting down VM
08-04 00:35:31.065   918  3359 I ActivityManager: START u0 {cmp=baseline.com.newsblur/.activity.GlobalSharedStoriesItemsList (has extras)} from uid 10652 on display 0
08-04 00:35:31.093 23788 24346 I baseline.com.newsblur.database.BlurDatabaseHelper: reading session reset
08-04 00:35:31.248 23788 23788 W View    : requestLayout() improperly called by android.widget.FrameLayout{66f2593 V.E...... ......ID 0,0-1440,18 #7f07003f app:id/footer_view_inner} during layout: running second layout pass
08-04 00:35:31.248 23788 23788 W View    : requestLayout() improperly called by android.widget.FrameLayout{d77f9d0 V.E...... ......ID 0,0-1440,2091 #7f07003f app:id/footer_view_inner} during layout: running second layout pass
08-04 00:35:31.261 23788 23822 I art     : Starting a blocking GC Explicit
08-04 00:35:31.263   918   936 I ActivityManager: Displayed baseline.com.newsblur/.activity.GlobalSharedStoriesItemsList: +184ms
08-04 00:35:31.265 13866 13866 I GoogleInputMethodServic: GoogleInputMethodService.onFinishInput():3138 
08-04 00:35:31.266 13866 13866 I GoogleInputMethodServic: GoogleInputMethodService.onStartInput():1808 
08-04 00:35:31.286 23788 23822 I art     : Explicit concurrent mark sweep GC freed 4720(366KB) AllocSpace objects, 11(344KB) LOS objects, 31% free, 34MB/50MB, paused 1.267ms total 25.418ms
08-04 00:35:31.295 23788 23822 I art     : Starting a blocking GC Explicit
08-04 00:35:31.321 23788 23822 I art     : Explicit concurrent mark sweep GC freed 1311(77KB) AllocSpace objects, 4(80KB) LOS objects, 31% free, 34MB/50MB, paused 1.055ms total 25.615ms
08-04 00:35:31.331 23788 23822 I art     : Starting a blocking GC Explicit
08-04 00:35:31.354 23788 23822 I art     : Explicit concurrent mark sweep GC freed 111(4KB) AllocSpace objects, 0(0B) LOS objects, 31% free, 34MB/50MB, paused 761us total 22.879ms
08-04 00:35:31.363 23788 23822 I art     : Starting a blocking GC Explicit
08-04 00:35:31.366 23788 24054 I NAPPA_EXPERIMENTATION: MetricNetworkRequestExecutionTime: REQUEST_DURATION_SYSTEM='66',REQUEST_DURATION_OKHTTP='64',REQUEST_SYNCHRONOUS='TRUE',RESPONSE_CODE='200',RESPONSE_METHOD='GET',RESPONSE_LENGTH_OKHTTP='43',RESPONSE_LENGTH_HEADER='43',REQUEST_PROTOCOL='http/1.1',REQUEST_URL='http://feeds.feedburner.com/~r/retort/~4/UffaFMiJbNs',
08-04 00:35:31.386 23788 23822 I art     : Explicit concurrent mark sweep GC freed 1258(135KB) AllocSpace objects, 1(20KB) LOS objects, 31% free, 34MB/50MB, paused 670us total 22.998ms
08-04 00:35:31.394 23788 23822 I art     : Starting a blocking GC Explicit
08-04 00:35:31.416 23788 23822 I art     : Explicit concurrent mark sweep GC freed 113(4KB) AllocSpace objects, 0(0B) LOS objects, 31% free, 34MB/50MB, paused 702us total 21.324ms
08-04 00:35:31.709 23788 23800 I art     : Starting a blocking GC Explicit
08-04 00:35:31.735 23788 23800 I art     : Explicit concurrent mark sweep GC freed 1813(109KB) AllocSpace objects, 2(40KB) LOS objects, 31% free, 34MB/50MB, paused 757us total 25.260ms
08-04 00:35:31.744 23788 23800 I art     : Starting a blocking GC Explicit
08-04 00:35:31.769 23788 23800 I art     : Explicit concurrent mark sweep GC freed 27(992B) AllocSpace objects, 0(0B) LOS objects, 31% free, 34MB/50MB, paused 926us total 24.581ms
08-04 00:35:31.778 23788 23800 I art     : Starting a blocking GC Explicit
08-04 00:35:31.803 23788 23800 I art     : Explicit concurrent mark sweep GC freed 3(96B) AllocSpace objects, 0(0B) LOS objects, 31% free, 34MB/50MB, paused 737us total 24.839ms
08-04 00:35:31.812 23788 23800 I art     : Starting a blocking GC Explicit
08-04 00:35:31.836 23788 23800 I art     : Explicit concurrent mark sweep GC freed 3(96B) AllocSpace objects, 0(0B) LOS objects, 31% free, 34MB/50MB, paused 742us total 24.313ms
08-04 00:35:31.845 23788 23800 I art     : Starting a blocking GC Explicit
08-04 00:35:31.870 23788 23800 I art     : Explicit concurrent mark sweep GC freed 3(96B) AllocSpace objects, 0(0B) LOS objects, 31% free, 34MB/50MB, paused 772us total 24.807ms
08-04 00:35:32.181 23788 23822 I art     : Starting a blocking GC Explicit
08-04 00:35:32.207 23788 23822 I art     : Explicit concurrent mark sweep GC freed 1401(80KB) AllocSpace objects, 1(20KB) LOS objects, 31% free, 34MB/50MB, paused 755us total 25.815ms
08-04 00:35:32.216 23788 23822 I art     : Starting a blocking GC Explicit
08-04 00:35:32.241 23788 23822 I art     : Explicit concurrent mark sweep GC freed 20(704B) AllocSpace objects, 0(0B) LOS objects, 31% free, 34MB/50MB, paused 767us total 24.782ms
08-04 00:35:32.250 23788 23822 I art     : Starting a blocking GC Explicit
08-04 00:35:32.274 23788 23822 I art     : Explicit concurrent mark sweep GC freed 3(96B) AllocSpace objects, 0(0B) LOS objects, 31% free, 34MB/50MB, paused 759us total 23.953ms
08-04 00:35:32.283 23788 23822 I art     : Starting a blocking GC Explicit
08-04 00:35:32.308 23788 23822 I art     : Explicit concurrent mark sweep GC freed 3(96B) AllocSpace objects, 0(0B) LOS objects, 31% free, 34MB/50MB, paused 811us total 24.850ms
08-04 00:35:32.317 23788 23822 I art     : Starting a blocking GC Explicit
08-04 00:35:32.342 23788 23822 I art     : Explicit concurrent mark sweep GC freed 3(96B) AllocSpace objects, 0(0B) LOS objects, 31% free, 34MB/50MB, paused 782us total 24.531ms
08-04 00:35:32.650 23788 24349 I art     : Starting a blocking GC Explicit
08-04 00:35:32.685 23788 24349 I art     : Explicit concurrent mark sweep GC freed 1432(81KB) AllocSpace objects, 1(20KB) LOS objects, 31% free, 34MB/50MB, paused 794us total 35.524ms
08-04 00:35:32.698 23788 24349 I art     : Starting a blocking GC Explicit
08-04 00:35:32.721 23788 24349 I art     : Explicit concurrent mark sweep GC freed 30(1088B) AllocSpace objects, 0(0B) LOS objects, 31% free, 34MB/50MB, paused 689us total 23.217ms
08-04 00:35:32.730 23788 24349 I art     : Starting a blocking GC Explicit
08-04 00:35:32.754 23788 24349 I art     : Explicit concurrent mark sweep GC freed 3(96B) AllocSpace objects, 0(0B) LOS objects, 31% free, 34MB/50MB, paused 756us total 24.013ms
08-04 00:35:32.763 23788 24349 I art     : Starting a blocking GC Explicit
08-04 00:35:32.788 23788 24349 I art     : Explicit concurrent mark sweep GC freed 3(96B) AllocSpace objects, 0(0B) LOS objects, 31% free, 34MB/50MB, paused 873us total 24.273ms
08-04 00:35:32.797 23788 24349 I art     : Starting a blocking GC Explicit
08-04 00:35:32.821 23788 24349 I art     : Explicit concurrent mark sweep GC freed 3(96B) AllocSpace objects, 0(0B) LOS objects, 31% free, 34MB/50MB, paused 749us total 24.564ms
08-04 00:35:32.828   518   646 I ThermalEngine: ACTION: GPU - Setting GPU[0] to 450000000
08-04 00:35:33.148   918  3261 D WifiStateMachine: starting scan for "H369AA63323"WPA_PSK with 2412,5180
08-04 00:35:33.212 23788 23801 I art     : Starting a blocking GC Explicit
08-04 00:35:33.244 23788 23801 I art     : Explicit concurrent mark sweep GC freed 1403(81KB) AllocSpace objects, 1(20KB) LOS objects, 31% free, 34MB/50MB, paused 1.049ms total 32.390ms
08-04 00:35:33.256 23788 23801 I art     : Starting a blocking GC Explicit
08-04 00:35:33.289 23788 23801 I art     : Explicit concurrent mark sweep GC freed 20(704B) AllocSpace objects, 0(0B) LOS objects, 31% free, 34MB/50MB, paused 1.030ms total 32.198ms
08-04 00:35:33.300 23788 23801 I art     : Starting a blocking GC Explicit
08-04 00:35:33.333 23788 23801 I art     : Explicit concurrent mark sweep GC freed 3(96B) AllocSpace objects, 0(0B) LOS objects, 31% free, 34MB/50MB, paused 1.072ms total 32.773ms
08-04 00:35:33.345 23788 23801 I art     : Starting a blocking GC Explicit
08-04 00:35:33.379 23788 23801 I art     : Explicit concurrent mark sweep GC freed 3(96B) AllocSpace objects, 0(0B) LOS objects, 31% free, 34MB/50MB, paused 1.056ms total 33.408ms
08-04 00:35:33.391 23788 23801 I art     : Starting a blocking GC Explicit
08-04 00:35:33.425 23788 23801 I art     : Explicit concurrent mark sweep GC freed 3(96B) AllocSpace objects, 0(0B) LOS objects, 31% free, 34MB/50MB, paused 1.051ms total 33.418ms
08-04 00:35:33.797 23788 23800 I art     : Starting a blocking GC Explicit
08-04 00:35:33.826   518   646 I ThermalEngine: ACTION: GPU - Setting GPU[0] to 510000000
08-04 00:35:33.829 23788 23800 I art     : Explicit concurrent mark sweep GC freed 1403(81KB) AllocSpace objects, 1(20KB) LOS objects, 31% free, 34MB/50MB, paused 1.152ms total 31.817ms
08-04 00:35:33.842 23788 23800 I art     : Starting a blocking GC Explicit
08-04 00:35:33.872 23788 23800 I art     : Explicit concurrent mark sweep GC freed 20(704B) AllocSpace objects, 0(0B) LOS objects, 31% free, 34MB/50MB, paused 767us total 29.954ms
08-04 00:35:33.882 23788 23800 I art     : Starting a blocking GC Explicit
08-04 00:35:33.907 23788 23800 I art     : Explicit concurrent mark sweep GC freed 3(96B) AllocSpace objects, 0(0B) LOS objects, 31% free, 34MB/50MB, paused 766us total 24.379ms
08-04 00:35:33.916 23788 23800 I art     : Starting a blocking GC Explicit
08-04 00:35:33.940 23788 23800 I art     : Explicit concurrent mark sweep GC freed 3(96B) AllocSpace objects, 0(0B) LOS objects, 31% free, 34MB/50MB, paused 760us total 24.244ms
08-04 00:35:33.949 23788 23800 I art     : Starting a blocking GC Explicit
08-04 00:35:33.974 23788 23800 I art     : Explicit concurrent mark sweep GC freed 3(96B) AllocSpace objects, 0(0B) LOS objects, 31% free, 34MB/50MB, paused 729us total 24.917ms
08-04 00:35:34.324 23788 23822 I art     : Starting a blocking GC Explicit
08-04 00:35:34.350 23788 23822 I art     : Explicit concurrent mark sweep GC freed 1402(82KB) AllocSpace objects, 1(20KB) LOS objects, 31% free, 34MB/50MB, paused 777us total 25.732ms
08-04 00:35:34.359 23788 23822 I art     : Starting a blocking GC Explicit
08-04 00:35:34.384 23788 23822 I art     : Explicit concurrent mark sweep GC freed 20(704B) AllocSpace objects, 0(0B) LOS objects, 31% free, 34MB/50MB, paused 768us total 24.269ms
08-04 00:35:34.393 23788 23822 I art     : Starting a blocking GC Explicit
08-04 00:35:34.417 23788 23822 I art     : Explicit concurrent mark sweep GC freed 3(96B) AllocSpace objects, 0(0B) LOS objects, 31% free, 34MB/50MB, paused 839us total 24.095ms
08-04 00:35:34.426 23788 23822 I art     : Starting a blocking GC Explicit
08-04 00:35:34.452 23788 23822 I art     : Explicit concurrent mark sweep GC freed 3(96B) AllocSpace objects, 0(0B) LOS objects, 31% free, 34MB/50MB, paused 774us total 25.556ms
08-04 00:35:34.461 23788 23822 I art     : Starting a blocking GC Explicit
08-04 00:35:34.485 23788 23822 I art     : Explicit concurrent mark sweep GC freed 3(96B) AllocSpace objects, 0(0B) LOS objects, 31% free, 34MB/50MB, paused 721us total 23.872ms
08-04 00:35:34.850 23788 24349 I art     : Starting a blocking GC Explicit
08-04 00:35:34.875 23788 24349 I art     : Explicit concurrent mark sweep GC freed 1402(81KB) AllocSpace objects, 1(20KB) LOS objects, 31% free, 34MB/50MB, paused 769us total 25.090ms
08-04 00:35:34.884 23788 24349 I art     : Starting a blocking GC Explicit
08-04 00:35:34.908 23788 24349 I art     : Explicit concurrent mark sweep GC freed 20(704B) AllocSpace objects, 0(0B) LOS objects, 31% free, 34MB/50MB, paused 788us total 23.629ms
08-04 00:35:34.917 23788 24349 I art     : Starting a blocking GC Explicit
08-04 00:35:34.941 23788 24349 I art     : Explicit concurrent mark sweep GC freed 3(96B) AllocSpace objects, 0(0B) LOS objects, 31% free, 34MB/50MB, paused 757us total 23.593ms
08-04 00:35:34.950 23788 24349 I art     : Starting a blocking GC Explicit
08-04 00:35:34.973 23788 24349 I art     : Explicit concurrent mark sweep GC freed 3(96B) AllocSpace objects, 0(0B) LOS objects, 31% free, 34MB/50MB, paused 743us total 23.397ms
08-04 00:35:34.982 23788 24349 I art     : Starting a blocking GC Explicit
08-04 00:35:35.006 23788 24349 I art     : Explicit concurrent mark sweep GC freed 3(96B) AllocSpace objects, 0(0B) LOS objects, 31% free, 34MB/50MB, paused 756us total 24.154ms
08-04 00:35:35.357 23788 23801 I art     : Starting a blocking GC Explicit
08-04 00:35:35.382 23788 23801 I art     : Explicit concurrent mark sweep GC freed 1401(80KB) AllocSpace objects, 1(20KB) LOS objects, 31% free, 34MB/50MB, paused 764us total 25.373ms
08-04 00:35:35.391 23788 23801 I art     : Starting a blocking GC Explicit
08-04 00:35:35.417 23788 23801 I art     : Explicit concurrent mark sweep GC freed 20(704B) AllocSpace objects, 0(0B) LOS objects, 31% free, 34MB/50MB, paused 741us total 24.877ms
08-04 00:35:35.426 23788 23801 I art     : Starting a blocking GC Explicit
08-04 00:35:35.450 23788 23801 I art     : Explicit concurrent mark sweep GC freed 3(96B) AllocSpace objects, 0(0B) LOS objects, 31% free, 34MB/50MB, paused 708us total 24.437ms
08-04 00:35:35.460 23788 23801 I art     : Starting a blocking GC Explicit
08-04 00:35:35.484 23788 23801 I art     : Explicit concurrent mark sweep GC freed 3(96B) AllocSpace objects, 0(0B) LOS objects, 31% free, 34MB/50MB, paused 726us total 24.140ms
08-04 00:35:35.493 23788 23801 I art     : Starting a blocking GC Explicit
08-04 00:35:35.517 23788 23801 I art     : Explicit concurrent mark sweep GC freed 3(96B) AllocSpace objects, 0(0B) LOS objects, 31% free, 34MB/50MB, paused 920us total 24.148ms
08-04 00:35:35.860 23788 23800 I art     : Starting a blocking GC Explicit
08-04 00:35:35.885 23788 23800 I art     : Explicit concurrent mark sweep GC freed 1401(80KB) AllocSpace objects, 1(20KB) LOS objects, 31% free, 34MB/50MB, paused 791us total 24.855ms
08-04 00:35:35.894 23788 23800 I art     : Starting a blocking GC Explicit
08-04 00:35:35.918 23788 23800 I art     : Explicit concurrent mark sweep GC freed 20(704B) AllocSpace objects, 0(0B) LOS objects, 31% free, 34MB/50MB, paused 790us total 24.263ms
08-04 00:35:35.927 23788 23800 I art     : Starting a blocking GC Explicit
08-04 00:35:35.951 23788 23800 I art     : Explicit concurrent mark sweep GC freed 3(96B) AllocSpace objects, 0(0B) LOS objects, 31% free, 34MB/50MB, paused 701us total 23.702ms
08-04 00:35:35.960 23788 23800 I art     : Starting a blocking GC Explicit
08-04 00:35:35.984 23788 23800 I art     : Explicit concurrent mark sweep GC freed 3(96B) AllocSpace objects, 0(0B) LOS objects, 31% free, 34MB/50MB, paused 723us total 23.583ms
08-04 00:35:35.993 23788 23800 I art     : Starting a blocking GC Explicit
08-04 00:35:36.017 23788 23800 I art     : Explicit concurrent mark sweep GC freed 3(96B) AllocSpace objects, 0(0B) LOS objects, 31% free, 34MB/50MB, paused 811us total 24.280ms
08-04 00:35:36.366 23788 23822 I art     : Starting a blocking GC Explicit
08-04 00:35:36.392 23788 23822 I art     : Explicit concurrent mark sweep GC freed 1401(80KB) AllocSpace objects, 1(20KB) LOS objects, 31% free, 34MB/50MB, paused 777us total 25.728ms
08-04 00:35:36.401 23788 23822 I art     : Starting a blocking GC Explicit
08-04 00:35:36.426 23788 23822 I art     : Explicit concurrent mark sweep GC freed 20(704B) AllocSpace objects, 0(0B) LOS objects, 31% free, 34MB/50MB, paused 751us total 24.703ms
08-04 00:35:36.435 23788 23822 I art     : Starting a blocking GC Explicit
08-04 00:35:36.460 23788 23822 I art     : Explicit concurrent mark sweep GC freed 3(96B) AllocSpace objects, 0(0B) LOS objects, 31% free, 34MB/50MB, paused 785us total 24.887ms
08-04 00:35:36.469 23788 23822 I art     : Starting a blocking GC Explicit
08-04 00:35:36.494 23788 23822 I art     : Explicit concurrent mark sweep GC freed 3(96B) AllocSpace objects, 0(0B) LOS objects, 31% free, 34MB/50MB, paused 768us total 24.429ms
08-04 00:35:36.503 23788 23822 I art     : Starting a blocking GC Explicit
08-04 00:35:36.529 23788 23822 I art     : Explicit concurrent mark sweep GC freed 3(96B) AllocSpace objects, 0(0B) LOS objects, 31% free, 34MB/50MB, paused 789us total 25.116ms
08-04 00:35:36.888 23788 24349 I art     : Starting a blocking GC Explicit
08-04 00:35:36.915 23788 24349 I art     : Explicit concurrent mark sweep GC freed 1401(80KB) AllocSpace objects, 1(20KB) LOS objects, 31% free, 34MB/50MB, paused 784us total 27.314ms
08-04 00:35:36.928 23788 24349 I art     : Starting a blocking GC Explicit
08-04 00:35:36.952 23788 24349 I art     : Explicit concurrent mark sweep GC freed 20(704B) AllocSpace objects, 0(0B) LOS objects, 31% free, 34MB/50MB, paused 749us total 23.373ms
08-04 00:35:36.961 23788 24349 I art     : Starting a blocking GC Explicit
08-04 00:35:36.984 23788 24349 I art     : Explicit concurrent mark sweep GC freed 3(96B) AllocSpace objects, 0(0B) LOS objects, 31% free, 34MB/50MB, paused 716us total 23.472ms
08-04 00:35:36.993 23788 24349 I art     : Starting a blocking GC Explicit
08-04 00:35:37.017 23788 24349 I art     : Explicit concurrent mark sweep GC freed 3(96B) AllocSpace objects, 0(0B) LOS objects, 31% free, 34MB/50MB, paused 815us total 23.611ms
08-04 00:35:37.026 23788 24349 I art     : Starting a blocking GC Explicit
08-04 00:35:37.050 23788 24349 I art     : Explicit concurrent mark sweep GC freed 3(96B) AllocSpace objects, 0(0B) LOS objects, 31% free, 34MB/50MB, paused 726us total 23.288ms
08-04 00:35:37.400 23788 23801 I art     : Starting a blocking GC Explicit
08-04 00:35:37.427 23788 23801 I art     : Explicit concurrent mark sweep GC freed 1401(80KB) AllocSpace objects, 1(20KB) LOS objects, 31% free, 34MB/50MB, paused 740us total 25.833ms
08-04 00:35:37.438 23788 23801 I art     : Starting a blocking GC Explicit
08-04 00:35:37.462 23788 23801 I art     : Explicit concurrent mark sweep GC freed 20(704B) AllocSpace objects, 0(0B) LOS objects, 31% free, 34MB/50MB, paused 752us total 23.657ms
08-04 00:35:37.471 23788 23801 I art     : Starting a blocking GC Explicit
08-04 00:35:37.494 23788 23801 I art     : Explicit concurrent mark sweep GC freed 3(96B) AllocSpace objects, 0(0B) LOS objects, 31% free, 34MB/50MB, paused 742us total 23.433ms
08-04 00:35:37.503 23788 23801 I art     : Starting a blocking GC Explicit
08-04 00:35:37.527 23788 23801 I art     : Explicit concurrent mark sweep GC freed 3(96B) AllocSpace objects, 0(0B) LOS objects, 31% free, 34MB/50MB, paused 815us total 23.673ms
08-04 00:35:37.537 23788 23801 I art     : Starting a blocking GC Explicit
08-04 00:35:37.560 23788 23801 I art     : Explicit concurrent mark sweep GC freed 3(96B) AllocSpace objects, 0(0B) LOS objects, 31% free, 34MB/50MB, paused 709us total 23.268ms
08-04 00:35:37.841   918  3188 I hubconnection: sensorhub said: 'set_bias 3: -6.2400, 0.0000, 0.0000'
08-04 00:35:37.890 23788 23800 I art     : Starting a blocking GC Explicit
08-04 00:35:37.917 23788 23800 I art     : Explicit concurrent mark sweep GC freed 1401(80KB) AllocSpace objects, 1(20KB) LOS objects, 31% free, 34MB/50MB, paused 747us total 26.815ms
08-04 00:35:37.929 23788 23800 I art     : Starting a blocking GC Explicit
08-04 00:35:37.952 23788 23800 I art     : Explicit concurrent mark sweep GC freed 20(704B) AllocSpace objects, 0(0B) LOS objects, 31% free, 34MB/50MB, paused 706us total 23.402ms
08-04 00:35:37.961 23788 23800 I art     : Starting a blocking GC Explicit
08-04 00:35:37.985 23788 23800 I art     : Explicit concurrent mark sweep GC freed 3(96B) AllocSpace objects, 0(0B) LOS objects, 31% free, 34MB/50MB, paused 745us total 23.346ms
08-04 00:35:37.993 23788 23800 I art     : Starting a blocking GC Explicit
08-04 00:35:38.017 23788 23800 I art     : Explicit concurrent mark sweep GC freed 3(96B) AllocSpace objects, 0(0B) LOS objects, 31% free, 34MB/50MB, paused 796us total 23.612ms
08-04 00:35:38.027 23788 23800 I art     : Starting a blocking GC Explicit
08-04 00:35:38.050 23788 23800 I art     : Explicit concurrent mark sweep GC freed 3(96B) AllocSpace objects, 0(0B) LOS objects, 31% free, 34MB/50MB, paused 758us total 23.356ms
08-04 00:35:38.402 23788 23822 I art     : Starting a blocking GC Explicit
08-04 00:35:38.429 23788 23822 I art     : Explicit concurrent mark sweep GC freed 1401(80KB) AllocSpace objects, 1(20KB) LOS objects, 31% free, 34MB/50MB, paused 751us total 25.937ms
08-04 00:35:38.438 23788 23822 I art     : Starting a blocking GC Explicit
08-04 00:35:38.462 23788 23822 I art     : Explicit concurrent mark sweep GC freed 20(704B) AllocSpace objects, 0(0B) LOS objects, 31% free, 34MB/50MB, paused 759us total 23.882ms
08-04 00:35:38.471 23788 23822 I art     : Starting a blocking GC Explicit
08-04 00:35:38.495 23788 23822 I art     : Explicit concurrent mark sweep GC freed 3(96B) AllocSpace objects, 0(0B) LOS objects, 31% free, 34MB/50MB, paused 753us total 24.162ms
08-04 00:35:38.504 23788 23822 I art     : Starting a blocking GC Explicit
08-04 00:35:38.529 23788 23822 I art     : Explicit concurrent mark sweep GC freed 3(96B) AllocSpace objects, 0(0B) LOS objects, 31% free, 34MB/50MB, paused 762us total 24.959ms
08-04 00:35:38.538 23788 23822 I art     : Starting a blocking GC Explicit
08-04 00:35:38.563 23788 23822 I art     : Explicit concurrent mark sweep GC freed 3(96B) AllocSpace objects, 0(0B) LOS objects, 31% free, 34MB/50MB, paused 739us total 24.248ms
08-04 00:35:38.917 23788 24349 I art     : Starting a blocking GC Explicit
08-04 00:35:38.944 23788 24349 I art     : Explicit concurrent mark sweep GC freed 1425(81KB) AllocSpace objects, 1(20KB) LOS objects, 31% free, 34MB/50MB, paused 694us total 26.297ms
08-04 00:35:38.952 23788 24349 I art     : Starting a blocking GC Explicit
08-04 00:35:38.977 23788 24349 I art     : Explicit concurrent mark sweep GC freed 20(704B) AllocSpace objects, 0(0B) LOS objects, 31% free, 34MB/50MB, paused 720us total 24.279ms
08-04 00:35:38.986 23788 24349 I art     : Starting a blocking GC Explicit
08-04 00:35:39.010 23788 24349 I art     : Explicit concurrent mark sweep GC freed 3(96B) AllocSpace objects, 0(0B) LOS objects, 31% free, 34MB/50MB, paused 730us total 24.034ms
08-04 00:35:39.019 23788 24349 I art     : Starting a blocking GC Explicit
08-04 00:35:39.043 23788 24349 I art     : Explicit concurrent mark sweep GC freed 3(96B) AllocSpace objects, 0(0B) LOS objects, 31% free, 34MB/50MB, paused 710us total 23.971ms
08-04 00:35:39.052 23788 24349 I art     : Starting a blocking GC Explicit
08-04 00:35:39.076 23788 24349 I art     : Explicit concurrent mark sweep GC freed 3(96B) AllocSpace objects, 0(0B) LOS objects, 31% free, 34MB/50MB, paused 714us total 23.664ms
08-04 00:35:39.410 23788 23801 I art     : Starting a blocking GC Explicit
08-04 00:35:39.436 23788 23801 I art     : Explicit concurrent mark sweep GC freed 1401(80KB) AllocSpace objects, 1(20KB) LOS objects, 31% free, 34MB/50MB, paused 767us total 26.408ms
08-04 00:35:39.449 23788 23801 I art     : Starting a blocking GC Explicit
08-04 00:35:39.472 23788 23801 I art     : Explicit concurrent mark sweep GC freed 20(704B) AllocSpace objects, 0(0B) LOS objects, 31% free, 34MB/50MB, paused 645us total 23.134ms
08-04 00:35:39.480 23788 23801 I art     : Starting a blocking GC Explicit
08-04 00:35:39.503 23788 23801 I art     : Explicit concurrent mark sweep GC freed 3(96B) AllocSpace objects, 0(0B) LOS objects, 31% free, 34MB/50MB, paused 696us total 22.029ms
08-04 00:35:39.512 23788 23801 I art     : Starting a blocking GC Explicit
08-04 00:35:39.535 23788 23801 I art     : Explicit concurrent mark sweep GC freed 3(96B) AllocSpace objects, 0(0B) LOS objects, 31% free, 34MB/50MB, paused 698us total 23.386ms
08-04 00:35:39.544 23788 23801 I art     : Starting a blocking GC Explicit
08-04 00:35:39.568 23788 23801 I art     : Explicit concurrent mark sweep GC freed 3(96B) AllocSpace objects, 0(0B) LOS objects, 31% free, 34MB/50MB, paused 712us total 24.254ms
08-04 00:35:39.836   518   646 I ThermalEngine: ACTION: GPU - Setting GPU[0] to 600000000
08-04 00:35:39.926 23788 23800 I art     : Starting a blocking GC Explicit
08-04 00:35:39.947 23788 23800 I art     : Explicit concurrent mark sweep GC freed 1401(80KB) AllocSpace objects, 1(20KB) LOS objects, 31% free, 34MB/50MB, paused 608us total 21.439ms
08-04 00:35:39.955 23788 23800 I art     : Starting a blocking GC Explicit
08-04 00:35:39.974 23788 23800 I art     : Explicit concurrent mark sweep GC freed 20(704B) AllocSpace objects, 0(0B) LOS objects, 31% free, 34MB/50MB, paused 490us total 18.974ms
08-04 00:35:39.980 23788 23800 I art     : Starting a blocking GC Explicit
08-04 00:35:39.999 23788 23800 I art     : Explicit concurrent mark sweep GC freed 3(96B) AllocSpace objects, 0(0B) LOS objects, 31% free, 34MB/50MB, paused 522us total 18.705ms
08-04 00:35:40.006 23788 23800 I art     : Starting a blocking GC Explicit
08-04 00:35:40.026 23788 23800 I art     : Explicit concurrent mark sweep GC freed 3(96B) AllocSpace objects, 0(0B) LOS objects, 31% free, 34MB/50MB, paused 539us total 19.566ms
08-04 00:35:40.033 23788 23800 I art     : Starting a blocking GC Explicit
08-04 00:35:40.053 23788 23800 I art     : Explicit concurrent mark sweep GC freed 3(96B) AllocSpace objects, 0(0B) LOS objects, 31% free, 34MB/50MB, paused 533us total 19.320ms
08-04 00:35:40.383 23788 23822 I art     : Starting a blocking GC Explicit
08-04 00:35:40.405 23788 23822 I art     : Explicit concurrent mark sweep GC freed 1401(80KB) AllocSpace objects, 1(20KB) LOS objects, 31% free, 34MB/50MB, paused 536us total 21.968ms
08-04 00:35:40.417 23788 23822 I art     : Starting a blocking GC Explicit
08-04 00:35:40.436 23788 23822 I art     : Explicit concurrent mark sweep GC freed 20(704B) AllocSpace objects, 0(0B) LOS objects, 31% free, 34MB/50MB, paused 513us total 18.622ms
08-04 00:35:40.442 23788 23822 I art     : Starting a blocking GC Explicit
08-04 00:35:40.461 23788 23822 I art     : Explicit concurrent mark sweep GC freed 3(96B) AllocSpace objects, 0(0B) LOS objects, 31% free, 34MB/50MB, paused 597us total 18.388ms
08-04 00:35:40.468 23788 23822 I art     : Starting a blocking GC Explicit
08-04 00:35:40.487 23788 23822 I art     : Explicit concurrent mark sweep GC freed 3(96B) AllocSpace objects, 0(0B) LOS objects, 31% free, 34MB/50MB, paused 531us total 18.682ms
08-04 00:35:40.493 23788 23822 I art     : Starting a blocking GC Explicit
08-04 00:35:40.512 23788 23822 I art     : Explicit concurrent mark sweep GC freed 3(96B) AllocSpace objects, 0(0B) LOS objects, 31% free, 34MB/50MB, paused 518us total 18.879ms
08-04 00:35:40.845 23788 24349 I art     : Starting a blocking GC Explicit
08-04 00:35:40.868 23788 24349 I art     : Explicit concurrent mark sweep GC freed 1401(80KB) AllocSpace objects, 1(20KB) LOS objects, 31% free, 34MB/50MB, paused 668us total 22.734ms
08-04 00:35:40.878 23788 24349 I art     : Starting a blocking GC Explicit
08-04 00:35:40.896 23788 24349 I art     : Explicit concurrent mark sweep GC freed 20(704B) AllocSpace objects, 0(0B) LOS objects, 31% free, 34MB/50MB, paused 537us total 18.711ms
08-04 00:35:40.903 23788 24349 I art     : Starting a blocking GC Explicit
08-04 00:35:40.922 23788 24349 I art     : Explicit concurrent mark sweep GC freed 3(96B) AllocSpace objects, 0(0B) LOS objects, 31% free, 34MB/50MB, paused 494us total 18.651ms
08-04 00:35:40.929 23788 24349 I art     : Starting a blocking GC Explicit
08-04 00:35:40.947 23788 24349 I art     : Explicit concurrent mark sweep GC freed 3(96B) AllocSpace objects, 0(0B) LOS objects, 31% free, 34MB/50MB, paused 515us total 18.424ms
08-04 00:35:40.954 23788 24349 I art     : Starting a blocking GC Explicit
08-04 00:35:40.973 23788 24349 I art     : Explicit concurrent mark sweep GC freed 3(96B) AllocSpace objects, 0(0B) LOS objects, 31% free, 34MB/50MB, paused 558us total 18.739ms
08-04 00:35:41.302 23788 23801 I art     : Starting a blocking GC Explicit
08-04 00:35:41.322 23788 23801 I art     : Explicit concurrent mark sweep GC freed 1401(80KB) AllocSpace objects, 1(20KB) LOS objects, 31% free, 34MB/50MB, paused 526us total 20.109ms
08-04 00:35:41.329 23788 23801 I art     : Starting a blocking GC Explicit
08-04 00:35:41.348 23788 23801 I art     : Explicit concurrent mark sweep GC freed 20(704B) AllocSpace objects, 0(0B) LOS objects, 31% free, 34MB/50MB, paused 616us total 18.431ms
08-04 00:35:41.354 23788 23801 I art     : Starting a blocking GC Explicit
08-04 00:35:41.371 23788 23801 I art     : Explicit concurrent mark sweep GC freed 3(96B) AllocSpace objects, 0(0B) LOS objects, 31% free, 34MB/50MB, paused 501us total 16.753ms
08-04 00:35:41.377 23788 23801 I art     : Starting a blocking GC Explicit
08-04 00:35:41.395 23788 23801 I art     : Explicit concurrent mark sweep GC freed 3(96B) AllocSpace objects, 0(0B) LOS objects, 31% free, 34MB/50MB, paused 517us total 17.260ms
08-04 00:35:41.401 23788 23801 I art     : Starting a blocking GC Explicit
08-04 00:35:41.418 23788 23801 I art     : Explicit concurrent mark sweep GC freed 3(96B) AllocSpace objects, 0(0B) LOS objects, 31% free, 34MB/50MB, paused 520us total 17.205ms
08-04 00:35:41.557 25310 25310 D AndroidRuntime: >>>>>> START com.android.internal.os.RuntimeInit uid 2000 <<<<<<
08-04 00:35:41.561 25310 25310 D AndroidRuntime: CheckJNI is OFF
08-04 00:35:41.586 25310 25310 D ICU     : No timezone override file found: /data/misc/zoneinfo/current/icu/icu_tzdata.dat
08-04 00:35:41.610 25310 25310 I Radio-JNI: register_android_hardware_Radio DONE
08-04 00:35:41.626 25310 25310 D AndroidRuntime: Calling main entry com.android.commands.input.Input
08-04 00:35:41.627 25310 25310 I Input   : injectMotionEvent: MotionEvent { action=ACTION_DOWN, actionButton=0, id[0]=0, x[0]=436.0, y[0]=453.0, toolType[0]=TOOL_TYPE_UNKNOWN, buttonState=0, metaState=0, flags=0x0, edgeFlags=0x0, pointerCount=1, historySize=0, eventTime=664558040, downTime=664558040, deviceId=0, source=0x1002 }
08-04 00:35:41.632 25310 25310 I Input   : injectMotionEvent: MotionEvent { action=ACTION_UP, actionButton=0, id[0]=0, x[0]=436.0, y[0]=453.0, toolType[0]=TOOL_TYPE_UNKNOWN, buttonState=0, metaState=0, flags=0x0, edgeFlags=0x0, pointerCount=1, historySize=0, eventTime=664558040, downTime=664558040, deviceId=0, source=0x1002 }
08-04 00:35:41.634 25310 25310 D AndroidRuntime: Shutting down VM
08-04 00:35:41.642   918  3359 I ActivityManager: START u0 {cmp=baseline.com.newsblur/.activity.GlobalSharedStoriesReading (has extras)} from uid 10652 on display 0
08-04 00:35:41.644   512  2967 D audio_hw_primary: out_set_parameters: enter: usecase(1: low-latency-playback) kvpairs: routing=2
08-04 00:35:41.656   512  2967 D audio_hw_primary: select_devices: out_snd_device(2: speaker) in_snd_device(0: none)
08-04 00:35:41.657   512  2967 D msm8974_platform: platform_send_audio_calibration: sending audio calibration for snd_device(2) acdb_id(15)
08-04 00:35:41.657   512  2967 I soundtrigger: audio_extn_sound_trigger_update_device_status: device 0x2 of type 0 for Event 1
08-04 00:35:41.667   512  2967 D audio_hw_primary: enable_snd_device: snd_device(2: speaker)
08-04 00:35:41.668   512  2967 D audio_hw_primary: enable_audio_route: apply and update mixer path: low-latency-playback speaker
08-04 00:35:41.718 23788 23800 I art     : Starting a blocking GC Explicit
08-04 00:35:41.738 23788 23800 I art     : Explicit concurrent mark sweep GC freed 2812(210KB) AllocSpace objects, 6(580KB) LOS objects, 30% free, 35MB/51MB, paused 668us total 19.669ms
08-04 00:35:41.745 23788 23800 I art     : Starting a blocking GC Explicit
08-04 00:35:41.765 23788 23800 I art     : Explicit concurrent mark sweep GC freed 530(44KB) AllocSpace objects, 1(20KB) LOS objects, 30% free, 35MB/51MB, paused 695us total 20.297ms
08-04 00:35:41.773 23788 23800 I art     : Starting a blocking GC Explicit
08-04 00:35:41.794 23788 23800 I art     : Explicit concurrent mark sweep GC freed 64(2976B) AllocSpace objects, 0(0B) LOS objects, 30% free, 35MB/51MB, paused 539us total 21.295ms
08-04 00:35:41.801 23788 23800 I art     : Starting a blocking GC Explicit
08-04 00:35:41.820 23788 23800 I art     : Explicit concurrent mark sweep GC freed 283(30KB) AllocSpace objects, 1(20KB) LOS objects, 29% free, 37MB/53MB, paused 827us total 18.989ms
08-04 00:35:41.827 23788 23800 I art     : Starting a blocking GC Explicit
08-04 00:35:41.847   918   936 I ActivityManager: Displayed baseline.com.newsblur/.activity.GlobalSharedStoriesReading: +195ms
08-04 00:35:41.847 23788 23800 I art     : Explicit concurrent mark sweep GC freed 379(16KB) AllocSpace objects, 0(0B) LOS objects, 29% free, 37MB/53MB, paused 609us total 19.948ms
08-04 00:35:41.850 13866 13866 I GoogleInputMethodServic: GoogleInputMethodService.onFinishInput():3138 
08-04 00:35:41.851 13866 13866 I GoogleInputMethodServic: GoogleInputMethodService.onStartInput():1808 
08-04 00:35:41.865   918   929 D ConnectivityService: listenForNetwork for Listen from uid/pid:10652/23788 for NetworkRequest [ id=2471, legacyType=-1, [ Capabilities: INTERNET&NOT_RESTRICTED&TRUSTED] ]
08-04 00:35:42.060 23788 24433 E chromium: [ERROR:tile_manager.cc(793)] WARNING: tile memory limits exceeded, some content may not draw
08-04 00:35:42.061 23788 24433 E chromium: [ERROR:tile_manager.cc(793)] WARNING: tile memory limits exceeded, some content may not draw
08-04 00:35:42.090 23788 23800 I art     : Starting a blocking GC Explicit
08-04 00:35:42.109 23788 24433 E chromium: [ERROR:tile_manager.cc(793)] WARNING: tile memory limits exceeded, some content may not draw
08-04 00:35:42.109 23788 24433 E chromium: [ERROR:tile_manager.cc(793)] WARNING: tile memory limits exceeded, some content may not draw
08-04 00:35:42.115 23788 23800 I art     : Explicit concurrent mark sweep GC freed 4752(395KB) AllocSpace objects, 9(172KB) LOS objects, 28% free, 39MB/55MB, paused 684us total 24.805ms
08-04 00:35:42.124 23788 23800 I art     : Starting a blocking GC Explicit
08-04 00:35:42.144 23788 23800 I art     : Explicit concurrent mark sweep GC freed 1386(81KB) AllocSpace objects, 0(0B) LOS objects, 28% free, 39MB/55MB, paused 498us total 19.538ms
08-04 00:35:42.151 23788 23800 I art     : Starting a blocking GC Explicit
08-04 00:35:42.170 23788 23800 I art     : Explicit concurrent mark sweep GC freed 32(1264B) AllocSpace objects, 0(0B) LOS objects, 28% free, 39MB/55MB, paused 590us total 18.784ms
08-04 00:35:42.176 23788 23800 I art     : Starting a blocking GC Explicit
08-04 00:35:42.194 23788 23800 I art     : Explicit concurrent mark sweep GC freed 3(96B) AllocSpace objects, 0(0B) LOS objects, 28% free, 39MB/55MB, paused 458us total 18.062ms
08-04 00:35:42.200   512  2967 D audio_hw_primary: disable_audio_route: reset and update mixer path: low-latency-playback speaker
08-04 00:35:42.200   512  2967 D audio_hw_primary: disable_snd_device: snd_device(2: speaker)
08-04 00:35:42.201 23788 23800 I art     : Starting a blocking GC Explicit
08-04 00:35:42.209   512  2967 I soundtrigger: audio_extn_sound_trigger_update_device_status: device 0x2 of type 0 for Event 0
08-04 00:35:42.220 23788 23800 I art     : Explicit concurrent mark sweep GC freed 3(96B) AllocSpace objects, 0(0B) LOS objects, 28% free, 39MB/55MB, paused 530us total 18.247ms
08-04 00:35:42.266 23788 24433 E chromium: [ERROR:tile_manager.cc(793)] WARNING: tile memory limits exceeded, some content may not draw
08-04 00:35:42.272 23788 24433 E chromium: [ERROR:tile_manager.cc(793)] WARNING: tile memory limits exceeded, some content may not draw
08-04 00:35:42.273 23788 24433 E chromium: [ERROR:tile_manager.cc(793)] WARNING: tile memory limits exceeded, some content may not draw
08-04 00:35:42.273 23788 24433 E chromium: [ERROR:tile_manager.cc(793)] WARNING: tile memory limits exceeded, some content may not draw
08-04 00:35:42.276 23788 24433 E chromium: [ERROR:tile_manager.cc(793)] WARNING: tile memory limits exceeded, some content may not draw
08-04 00:35:42.277 23788 24433 E chromium: [ERROR:tile_manager.cc(793)] WARNING: tile memory limits exceeded, some content may not draw
08-04 00:35:42.494 23788 23800 I art     : Starting a blocking GC Explicit
08-04 00:35:42.516 23788 23800 I art     : Explicit concurrent mark sweep GC freed 1545(98KB) AllocSpace objects, 2(40KB) LOS objects, 28% free, 39MB/55MB, paused 571us total 22.419ms
08-04 00:35:42.524 23788 23800 I art     : Starting a blocking GC Explicit
08-04 00:35:42.546 23788 23800 I art     : Explicit concurrent mark sweep GC freed 27(992B) AllocSpace objects, 0(0B) LOS objects, 28% free, 39MB/55MB, paused 565us total 21.786ms
08-04 00:35:42.554 23788 23800 I art     : Starting a blocking GC Explicit
08-04 00:35:42.575 23788 23800 I art     : Explicit concurrent mark sweep GC freed 3(96B) AllocSpace objects, 0(0B) LOS objects, 28% free, 39MB/55MB, paused 540us total 21.169ms
08-04 00:35:42.583 23788 23800 I art     : Starting a blocking GC Explicit
08-04 00:35:42.604 23788 23800 I art     : Explicit concurrent mark sweep GC freed 3(96B) AllocSpace objects, 0(0B) LOS objects, 28% free, 39MB/55MB, paused 547us total 20.992ms
08-04 00:35:42.611 23788 23800 I art     : Starting a blocking GC Explicit
08-04 00:35:42.632 23788 23800 I art     : Explicit concurrent mark sweep GC freed 3(96B) AllocSpace objects, 0(0B) LOS objects, 28% free, 39MB/55MB, paused 494us total 20.984ms
08-04 00:35:42.844   518   646 I ThermalEngine: ACTION: GPU - Setting GPU[0] to 510000000
08-04 00:35:42.947 23788 24349 I art     : Starting a blocking GC Explicit
08-04 00:35:42.977 23788 24349 I art     : Explicit concurrent mark sweep GC freed 1403(81KB) AllocSpace objects, 1(20KB) LOS objects, 28% free, 39MB/55MB, paused 725us total 29.618ms
08-04 00:35:42.989 23788 24349 I art     : Starting a blocking GC Explicit
08-04 00:35:43.014 23788 24349 I art     : Explicit concurrent mark sweep GC freed 20(704B) AllocSpace objects, 0(0B) LOS objects, 28% free, 39MB/55MB, paused 725us total 25.283ms
08-04 00:35:43.023 23788 24349 I art     : Starting a blocking GC Explicit
08-04 00:35:43.049 23788 24349 I art     : Explicit concurrent mark sweep GC freed 3(96B) AllocSpace objects, 0(0B) LOS objects, 28% free, 39MB/55MB, paused 715us total 25.441ms
08-04 00:35:43.058 23788 24349 I art     : Starting a blocking GC Explicit
08-04 00:35:43.084 23788 24349 I art     : Explicit concurrent mark sweep GC freed 3(96B) AllocSpace objects, 0(0B) LOS objects, 28% free, 39MB/55MB, paused 718us total 25.855ms
08-04 00:35:43.093 23788 24349 I art     : Starting a blocking GC Explicit
08-04 00:35:43.119 23788 24349 I art     : Explicit concurrent mark sweep GC freed 6(192B) AllocSpace objects, 0(0B) LOS objects, 28% free, 39MB/55MB, paused 687us total 25.402ms
08-04 00:35:43.448 23788 23822 I art     : Starting a blocking GC Explicit
08-04 00:35:43.476 23788 23822 I art     : Explicit concurrent mark sweep GC freed 1457(82KB) AllocSpace objects, 1(20KB) LOS objects, 28% free, 39MB/55MB, paused 938us total 28.112ms
08-04 00:35:43.489 23788 23822 I art     : Starting a blocking GC Explicit
08-04 00:35:43.515 23788 23822 I art     : Explicit concurrent mark sweep GC freed 20(704B) AllocSpace objects, 0(0B) LOS objects, 28% free, 39MB/55MB, paused 716us total 25.640ms
08-04 00:35:43.524 23788 23822 I art     : Starting a blocking GC Explicit
08-04 00:35:43.550 23788 23822 I art     : Explicit concurrent mark sweep GC freed 3(96B) AllocSpace objects, 0(0B) LOS objects, 28% free, 39MB/55MB, paused 720us total 25.721ms
08-04 00:35:43.559 23788 23822 I art     : Starting a blocking GC Explicit
08-04 00:35:43.585 23788 23822 I art     : Explicit concurrent mark sweep GC freed 3(96B) AllocSpace objects, 0(0B) LOS objects, 28% free, 39MB/55MB, paused 685us total 25.382ms
08-04 00:35:43.594 23788 23822 I art     : Starting a blocking GC Explicit
08-04 00:35:43.620 23788 23822 I art     : Explicit concurrent mark sweep GC freed 3(96B) AllocSpace objects, 0(0B) LOS objects, 28% free, 39MB/55MB, paused 723us total 26.265ms
08-04 00:35:43.946 23788 23800 I art     : Starting a blocking GC Explicit
08-04 00:35:43.975 23788 23800 I art     : Explicit concurrent mark sweep GC freed 1403(81KB) AllocSpace objects, 1(20KB) LOS objects, 28% free, 39MB/55MB, paused 718us total 28.790ms
08-04 00:35:43.984 23788 23800 I art     : Starting a blocking GC Explicit
08-04 00:35:44.006 17791 17791 I Atfwd_Sendcmd: AtCmdFwd service not ready - Exhausted retry attempts - :6
08-04 00:35:44.006 17791 17791 I Atfwd_Daemon: result : -1 	 ,Init step :2 	 ,qmiErrorCode: 0
08-04 00:35:44.011 23788 23800 I art     : Explicit concurrent mark sweep GC freed 20(704B) AllocSpace objects, 0(0B) LOS objects, 28% free, 39MB/55MB, paused 741us total 26.731ms
08-04 00:35:44.020 23788 23800 I art     : Starting a blocking GC Explicit
08-04 00:35:44.047 23788 23800 I art     : Explicit concurrent mark sweep GC freed 3(96B) AllocSpace objects, 0(0B) LOS objects, 28% free, 39MB/55MB, paused 729us total 26.205ms
08-04 00:35:44.056 23788 23800 I art     : Starting a blocking GC Explicit
08-04 00:35:44.083 23788 23800 I art     : Explicit concurrent mark sweep GC freed 3(96B) AllocSpace objects, 0(0B) LOS objects, 28% free, 39MB/55MB, paused 734us total 27.063ms
08-04 00:35:44.093 23788 23800 I art     : Starting a blocking GC Explicit
08-04 00:35:44.120 23788 23800 I art     : Explicit concurrent mark sweep GC freed 3(96B) AllocSpace objects, 0(0B) LOS objects, 28% free, 39MB/55MB, paused 715us total 26.378ms
08-04 00:35:44.452 23788 24349 I art     : Starting a blocking GC Explicit
08-04 00:35:44.481 23788 24349 I art     : Explicit concurrent mark sweep GC freed 1402(80KB) AllocSpace objects, 1(20KB) LOS objects, 28% free, 39MB/55MB, paused 841us total 28.134ms
08-04 00:35:44.490 23788 24349 I art     : Starting a blocking GC Explicit
08-04 00:35:44.517 23788 24349 I art     : Explicit concurrent mark sweep GC freed 20(704B) AllocSpace objects, 0(0B) LOS objects, 28% free, 39MB/55MB, paused 887us total 27.032ms
08-04 00:35:44.527 23788 24349 I art     : Starting a blocking GC Explicit
08-04 00:35:44.554 23788 24349 I art     : Explicit concurrent mark sweep GC freed 3(96B) AllocSpace objects, 0(0B) LOS objects, 28% free, 39MB/55MB, paused 729us total 27.075ms
08-04 00:35:44.564 23788 24349 I art     : Starting a blocking GC Explicit
08-04 00:35:44.590 23788 24349 I art     : Explicit concurrent mark sweep GC freed 3(96B) AllocSpace objects, 0(0B) LOS objects, 28% free, 39MB/55MB, paused 701us total 26.149ms
08-04 00:35:44.599 23788 24349 I art     : Starting a blocking GC Explicit
08-04 00:35:44.626 23788 24349 I art     : Explicit concurrent mark sweep GC freed 3(96B) AllocSpace objects, 0(0B) LOS objects, 28% free, 39MB/55MB, paused 735us total 26.074ms
08-04 00:35:44.961 23788 23801 I art     : Starting a blocking GC Explicit
08-04 00:35:44.990 23788 23801 I art     : Explicit concurrent mark sweep GC freed 1404(81KB) AllocSpace objects, 1(20KB) LOS objects, 28% free, 39MB/55MB, paused 755us total 29.112ms
08-04 00:35:45.002 23788 23801 I art     : Starting a blocking GC Explicit
08-04 00:35:45.028 23788 23801 I art     : Explicit concurrent mark sweep GC freed 20(704B) AllocSpace objects, 0(0B) LOS objects, 28% free, 39MB/55MB, paused 741us total 25.722ms
08-04 00:35:45.037 23788 23801 I art     : Starting a blocking GC Explicit
08-04 00:35:45.062 23788 23801 I art     : Explicit concurrent mark sweep GC freed 3(96B) AllocSpace objects, 0(0B) LOS objects, 28% free, 39MB/55MB, paused 703us total 25.059ms
08-04 00:35:45.071 23788 23801 I art     : Starting a blocking GC Explicit
08-04 00:35:45.097 23788 23801 I art     : Explicit concurrent mark sweep GC freed 3(96B) AllocSpace objects, 0(0B) LOS objects, 28% free, 39MB/55MB, paused 826us total 26.246ms
08-04 00:35:45.107 23788 23801 I art     : Starting a blocking GC Explicit
08-04 00:35:45.133 23788 23801 I art     : Explicit concurrent mark sweep GC freed 3(96B) AllocSpace objects, 0(0B) LOS objects, 28% free, 39MB/55MB, paused 732us total 26.184ms
08-04 00:35:45.489 23788 23822 I art     : Starting a blocking GC Explicit
08-04 00:35:45.519 23788 23822 I art     : Explicit concurrent mark sweep GC freed 1403(81KB) AllocSpace objects, 1(20KB) LOS objects, 28% free, 39MB/55MB, paused 775us total 29.165ms
08-04 00:35:45.531 23788 23822 I art     : Starting a blocking GC Explicit
08-04 00:35:45.557 23788 23822 I art     : Explicit concurrent mark sweep GC freed 20(704B) AllocSpace objects, 0(0B) LOS objects, 28% free, 39MB/55MB, paused 805us total 25.264ms
08-04 00:35:45.566 23788 23822 I art     : Starting a blocking GC Explicit
08-04 00:35:45.591 23788 23822 I art     : Explicit concurrent mark sweep GC freed 3(96B) AllocSpace objects, 0(0B) LOS objects, 28% free, 39MB/55MB, paused 735us total 25.507ms
08-04 00:35:45.600 23788 23822 I art     : Starting a blocking GC Explicit
08-04 00:35:45.626 23788 23822 I art     : Explicit concurrent mark sweep GC freed 3(96B) AllocSpace objects, 0(0B) LOS objects, 28% free, 39MB/55MB, paused 713us total 25.911ms
08-04 00:35:45.636 23788 23822 I art     : Starting a blocking GC Explicit
08-04 00:35:45.663 23788 23822 I art     : Explicit concurrent mark sweep GC freed 3(96B) AllocSpace objects, 0(0B) LOS objects, 28% free, 39MB/55MB, paused 744us total 26.347ms
08-04 00:35:45.992 23788 23800 I art     : Starting a blocking GC Explicit
08-04 00:35:46.020 23788 23800 I art     : Explicit concurrent mark sweep GC freed 1401(80KB) AllocSpace objects, 1(20KB) LOS objects, 28% free, 39MB/55MB, paused 785us total 27.147ms
08-04 00:35:46.029 23788 23800 I art     : Starting a blocking GC Explicit
08-04 00:35:46.056 23788 23800 I art     : Explicit concurrent mark sweep GC freed 20(704B) AllocSpace objects, 0(0B) LOS objects, 28% free, 39MB/55MB, paused 715us total 26.311ms
08-04 00:35:46.065 23788 23800 I art     : Starting a blocking GC Explicit
08-04 00:35:46.090 23788 23800 I art     : Explicit concurrent mark sweep GC freed 3(96B) AllocSpace objects, 0(0B) LOS objects, 28% free, 39MB/55MB, paused 730us total 25.409ms
08-04 00:35:46.099 23788 23800 I art     : Starting a blocking GC Explicit
08-04 00:35:46.125 23788 23800 I art     : Explicit concurrent mark sweep GC freed 3(96B) AllocSpace objects, 0(0B) LOS objects, 28% free, 39MB/55MB, paused 740us total 25.830ms
08-04 00:35:46.134 23788 23800 I art     : Starting a blocking GC Explicit
08-04 00:35:46.161 23788 23800 I art     : Explicit concurrent mark sweep GC freed 3(96B) AllocSpace objects, 0(0B) LOS objects, 28% free, 39MB/55MB, paused 719us total 25.963ms
08-04 00:35:46.284 25435 25435 D AndroidRuntime: >>>>>> START com.android.internal.os.RuntimeInit uid 2000 <<<<<<
08-04 00:35:46.294 25435 25435 D AndroidRuntime: CheckJNI is OFF
08-04 00:35:46.326 25435 25435 D ICU     : No timezone override file found: /data/misc/zoneinfo/current/icu/icu_tzdata.dat
08-04 00:35:46.334   918   937 W ProcessCpuTracker: Skipping unknown process pid 25441
08-04 00:35:46.358 25435 25435 I Radio-JNI: register_android_hardware_Radio DONE
08-04 00:35:46.378 25435 25435 D AndroidRuntime: Calling main entry com.android.commands.input.Input
08-04 00:35:46.380 25435 25435 I Input   : injectKeyEvent: KeyEvent { action=ACTION_DOWN, keyCode=KEYCODE_BACK, scanCode=0, metaState=0, flags=0x0, repeatCount=0, eventTime=664562793, downTime=664562793, deviceId=-1, source=0x101 }
08-04 00:35:46.384 25435 25435 I Input   : injectKeyEvent: KeyEvent { action=ACTION_UP, keyCode=KEYCODE_BACK, scanCode=0, metaState=0, flags=0x0, repeatCount=0, eventTime=664562793, downTime=664562793, deviceId=-1, source=0x101 }
08-04 00:35:46.389 25435 25435 D AndroidRuntime: Shutting down VM
08-04 00:35:46.481 23788 23800 I art     : Starting a blocking GC Explicit
08-04 00:35:46.508 23788 23800 I art     : Explicit concurrent mark sweep GC freed 2256(166KB) AllocSpace objects, 4(80KB) LOS objects, 28% free, 39MB/55MB, paused 806us total 26.604ms
08-04 00:35:46.511 13866 13866 I GoogleInputMethodServic: GoogleInputMethodService.onFinishInput():3138 
08-04 00:35:46.513 13866 13866 I GoogleInputMethodServic: GoogleInputMethodService.onStartInput():1808 
08-04 00:35:46.518 23788 23800 I art     : Starting a blocking GC Explicit
08-04 00:35:46.544 23788 23800 I art     : Explicit concurrent mark sweep GC freed 890(77KB) AllocSpace objects, 1(20KB) LOS objects, 28% free, 39MB/55MB, paused 788us total 25.911ms
08-04 00:35:46.553 23788 23800 I art     : Starting a blocking GC Explicit
08-04 00:35:46.581 23788 23800 I art     : Explicit concurrent mark sweep GC freed 837(65KB) AllocSpace objects, 0(0B) LOS objects, 28% free, 39MB/55MB, paused 809us total 27.636ms
08-04 00:35:46.590 23788 23800 I art     : Starting a blocking GC Explicit
08-04 00:35:46.596 21114 21319 E GoogleConversionReporter: Error sending ping
08-04 00:35:46.596 21114 21319 E GoogleConversionReporter: bljc: Exception in CronetUrlRequest: net::ERR_CONNECTION_CLOSED, ErrorCode=5, InternalErrorCode=-100, Retryable=true
08-04 00:35:46.596 21114 21319 E GoogleConversionReporter: 	at org.chromium.net.impl.CronetUrlRequest.onError(PG:55)
08-04 00:35:46.613 23788 23800 I art     : Explicit concurrent mark sweep GC freed 17(528B) AllocSpace objects, 1(28KB) LOS objects, 28% free, 39MB/55MB, paused 694us total 22.962ms
08-04 00:35:46.621 23788 23800 I art     : Starting a blocking GC Explicit
08-04 00:35:46.645 23788 23800 I art     : Explicit concurrent mark sweep GC freed 3(96B) AllocSpace objects, 0(0B) LOS objects, 28% free, 39MB/55MB, paused 678us total 23.575ms
08-04 00:35:46.927 23788 23822 I art     : Starting a blocking GC Explicit
08-04 00:35:46.952 23788 23822 I art     : Explicit concurrent mark sweep GC freed 2641(140KB) AllocSpace objects, 1(20KB) LOS objects, 28% free, 39MB/55MB, paused 722us total 24.122ms
08-04 00:35:46.960 23788 23822 I art     : Starting a blocking GC Explicit
08-04 00:35:46.966   918  3263 D ConnectivityService: releasing NetworkRequest NetworkRequest [ id=2471, legacyType=-1, [ Capabilities: INTERNET&NOT_RESTRICTED&TRUSTED] ]
08-04 00:35:46.983 23788 23822 I art     : Explicit concurrent mark sweep GC freed 5963(452KB) AllocSpace objects, 12(4MB) LOS objects, 31% free, 34MB/50MB, paused 636us total 22.707ms
08-04 00:35:46.992 23788 23822 I art     : Starting a blocking GC Explicit
08-04 00:35:47.013 23788 23822 I art     : Explicit concurrent mark sweep GC freed 33(1472B) AllocSpace objects, 0(0B) LOS objects, 31% free, 34MB/50MB, paused 770us total 21.022ms
08-04 00:35:47.022 23788 23822 I art     : Starting a blocking GC Explicit
08-04 00:35:47.043 23788 23822 I art     : Explicit concurrent mark sweep GC freed 6(192B) AllocSpace objects, 0(0B) LOS objects, 31% free, 34MB/50MB, paused 708us total 20.929ms
08-04 00:35:47.051 23788 23822 I art     : Starting a blocking GC Explicit
08-04 00:35:47.073 23788 23822 I art     : Explicit concurrent mark sweep GC freed 6(192B) AllocSpace objects, 0(0B) LOS objects, 31% free, 34MB/50MB, paused 717us total 21.945ms
08-04 00:35:47.363 23788 23801 I art     : Starting a blocking GC Explicit
08-04 00:35:47.389 23788 23801 I art     : Explicit concurrent mark sweep GC freed 1439(82KB) AllocSpace objects, 1(20KB) LOS objects, 31% free, 34MB/50MB, paused 831us total 25.688ms
08-04 00:35:47.398 23788 23801 I art     : Starting a blocking GC Explicit
08-04 00:35:47.423 23788 23801 I art     : Explicit concurrent mark sweep GC freed 40(1440B) AllocSpace objects, 0(0B) LOS objects, 31% free, 34MB/50MB, paused 710us total 24.675ms
08-04 00:35:47.431 23788 23801 I art     : Starting a blocking GC Explicit
08-04 00:35:47.454 23788 23801 I art     : Explicit concurrent mark sweep GC freed 7(224B) AllocSpace objects, 0(0B) LOS objects, 31% free, 34MB/50MB, paused 729us total 22.419ms
08-04 00:35:47.462 23788 23801 I art     : Starting a blocking GC Explicit
08-04 00:35:47.489 23788 23801 I art     : Explicit concurrent mark sweep GC freed 8(256B) AllocSpace objects, 0(0B) LOS objects, 31% free, 34MB/50MB, paused 815us total 26.338ms
08-04 00:35:47.498 23788 23801 I art     : Starting a blocking GC Explicit
08-04 00:35:47.524 23788 23801 I art     : Explicit concurrent mark sweep GC freed 6(192B) AllocSpace objects, 0(0B) LOS objects, 31% free, 34MB/50MB, paused 802us total 26.097ms
08-04 00:35:47.815 23788 23800 I art     : Starting a blocking GC Explicit
08-04 00:35:47.843 23788 23800 I art     : Explicit concurrent mark sweep GC freed 1439(82KB) AllocSpace objects, 1(20KB) LOS objects, 31% free, 34MB/50MB, paused 723us total 27.564ms
08-04 00:35:47.852 23788 23800 I art     : Starting a blocking GC Explicit
08-04 00:35:47.879 23788 23800 I art     : Explicit concurrent mark sweep GC freed 25(864B) AllocSpace objects, 0(0B) LOS objects, 31% free, 34MB/50MB, paused 1.090ms total 26.735ms
08-04 00:35:47.889 23788 23800 I art     : Starting a blocking GC Explicit
08-04 00:35:47.914 23788 23800 I art     : Explicit concurrent mark sweep GC freed 7(224B) AllocSpace objects, 0(0B) LOS objects, 31% free, 34MB/50MB, paused 724us total 24.485ms
08-04 00:35:47.924 23788 23800 I art     : Starting a blocking GC Explicit
08-04 00:35:47.946 23788 23800 I art     : Explicit concurrent mark sweep GC freed 7(224B) AllocSpace objects, 0(0B) LOS objects, 31% free, 34MB/50MB, paused 690us total 22.149ms
08-04 00:35:47.955 23788 23800 I art     : Starting a blocking GC Explicit
08-04 00:35:47.979 23788 23800 I art     : Explicit concurrent mark sweep GC freed 5(160B) AllocSpace objects, 0(0B) LOS objects, 31% free, 34MB/50MB, paused 731us total 24.155ms
08-04 00:35:48.057 25483 25483 D AndroidRuntime: >>>>>> START com.android.internal.os.RuntimeInit uid 2000 <<<<<<
08-04 00:35:48.062 25483 25483 D AndroidRuntime: CheckJNI is OFF
08-04 00:35:48.097 25483 25483 D ICU     : No timezone override file found: /data/misc/zoneinfo/current/icu/icu_tzdata.dat
08-04 00:35:48.131 25483 25483 I Radio-JNI: register_android_hardware_Radio DONE
08-04 00:35:48.153 25483 25483 D AndroidRuntime: Calling main entry com.android.commands.input.Input
08-04 00:35:48.154 25483 25483 I Input   : injectKeyEvent: KeyEvent { action=ACTION_DOWN, keyCode=KEYCODE_BACK, scanCode=0, metaState=0, flags=0x0, repeatCount=0, eventTime=664564567, downTime=664564567, deviceId=-1, source=0x101 }
08-04 00:35:48.160 25483 25483 I Input   : injectKeyEvent: KeyEvent { action=ACTION_UP, keyCode=KEYCODE_BACK, scanCode=0, metaState=0, flags=0x0, repeatCount=0, eventTime=664564567, downTime=664564567, deviceId=-1, source=0x101 }
08-04 00:35:48.167 25483 25483 D AndroidRuntime: Shutting down VM
08-04 00:35:48.283 23788 23822 I art     : Starting a blocking GC Explicit
08-04 00:35:48.312 23788 23822 I art     : Explicit concurrent mark sweep GC freed 11545(744KB) AllocSpace objects, 11(220KB) LOS objects, 31% free, 34MB/50MB, paused 1.276ms total 28.990ms
08-04 00:35:48.315 13866 13866 I GoogleInputMethodServic: GoogleInputMethodService.onFinishInput():3138 
08-04 00:35:48.316 13866 13866 I GoogleInputMethodServic: GoogleInputMethodService.onStartInput():1808 
08-04 00:35:48.322 23788 23822 I art     : Starting a blocking GC Explicit
08-04 00:35:48.351 23788 23822 I art     : Explicit concurrent mark sweep GC freed 3687(399KB) AllocSpace objects, 18(360KB) LOS objects, 31% free, 34MB/50MB, paused 1.084ms total 28.617ms
08-04 00:35:48.359 23788 23822 I art     : Starting a blocking GC Explicit
08-04 00:35:48.382 23788 23822 I art     : Explicit concurrent mark sweep GC freed 313(13KB) AllocSpace objects, 0(0B) LOS objects, 31% free, 34MB/50MB, paused 780us total 22.455ms
08-04 00:35:48.393 23788 23822 I art     : Starting a blocking GC Explicit
08-04 00:35:48.415 23788 23822 I art     : Explicit concurrent mark sweep GC freed 360(12KB) AllocSpace objects, 0(0B) LOS objects, 31% free, 34MB/50MB, paused 722us total 21.138ms
08-04 00:35:48.423 23788 23822 I art     : Starting a blocking GC Explicit
08-04 00:35:48.444 23788 23822 I art     : Explicit concurrent mark sweep GC freed 3(96B) AllocSpace objects, 0(0B) LOS objects, 31% free, 34MB/50MB, paused 701us total 20.857ms
08-04 00:35:48.721 23788 24349 I art     : Starting a blocking GC Explicit
08-04 00:35:48.745 23788 24349 I art     : Explicit concurrent mark sweep GC freed 1896(102KB) AllocSpace objects, 1(20KB) LOS objects, 31% free, 34MB/50MB, paused 734us total 23.394ms
08-04 00:35:48.754 23788 24349 I art     : Starting a blocking GC Explicit
08-04 00:35:48.775 23788 24349 I art     : Explicit concurrent mark sweep GC freed 5575(415KB) AllocSpace objects, 2(1188KB) LOS objects, 32% free, 32MB/48MB, paused 720us total 21.034ms
08-04 00:35:48.783 23788 24349 I art     : Starting a blocking GC Explicit
08-04 00:35:48.803 23788 24349 I art     : Explicit concurrent mark sweep GC freed 11(416B) AllocSpace objects, 0(0B) LOS objects, 32% free, 32MB/48MB, paused 736us total 20.148ms
08-04 00:35:48.812 23788 24349 I art     : Starting a blocking GC Explicit
08-04 00:35:48.832 23788 24349 I art     : Explicit concurrent mark sweep GC freed 6(192B) AllocSpace objects, 0(0B) LOS objects, 32% free, 32MB/48MB, paused 818us total 20.134ms
08-04 00:35:48.840 23788 24349 I art     : Starting a blocking GC Explicit
08-04 00:35:48.861 23788 24349 I art     : Explicit concurrent mark sweep GC freed 7(224B) AllocSpace objects, 0(0B) LOS objects, 32% free, 32MB/48MB, paused 706us total 20.116ms
08-04 00:35:49.165 23788 24349 I art     : Starting a blocking GC Explicit
08-04 00:35:49.207 23788 24349 I art     : Explicit concurrent mark sweep GC freed 1442(82KB) AllocSpace objects, 1(20KB) LOS objects, 32% free, 32MB/48MB, paused 2.057ms total 41.649ms
08-04 00:35:49.217 23788 24349 I art     : Starting a blocking GC Explicit
08-04 00:35:49.240 23788 24349 I art     : Explicit concurrent mark sweep GC freed 24(832B) AllocSpace objects, 0(0B) LOS objects, 32% free, 32MB/48MB, paused 797us total 22.701ms
08-04 00:35:49.249 23788 24349 I art     : Starting a blocking GC Explicit
08-04 00:35:49.272 23788 24349 I art     : Explicit concurrent mark sweep GC freed 8(256B) AllocSpace objects, 0(0B) LOS objects, 32% free, 32MB/48MB, paused 779us total 23.093ms
08-04 00:35:49.281 23788 24349 I art     : Starting a blocking GC Explicit
08-04 00:35:49.304 23788 24349 I art     : Explicit concurrent mark sweep GC freed 7(224B) AllocSpace objects, 0(0B) LOS objects, 32% free, 32MB/48MB, paused 803us total 23.007ms
08-04 00:35:49.314 23788 24349 I art     : Starting a blocking GC Explicit
08-04 00:35:49.336 23788 24349 I art     : Explicit concurrent mark sweep GC freed 6(192B) AllocSpace objects, 0(0B) LOS objects, 32% free, 32MB/48MB, paused 661us total 21.994ms
08-04 00:35:49.625 23788 23800 I art     : Starting a blocking GC Explicit
08-04 00:35:49.648 23788 23800 I art     : Explicit concurrent mark sweep GC freed 1435(81KB) AllocSpace objects, 1(20KB) LOS objects, 32% free, 32MB/48MB, paused 715us total 22.850ms
08-04 00:35:49.658 23788 23800 I art     : Starting a blocking GC Explicit
08-04 00:35:49.681 23788 23800 I art     : Explicit concurrent mark sweep GC freed 24(832B) AllocSpace objects, 0(0B) LOS objects, 32% free, 32MB/48MB, paused 735us total 22.425ms
08-04 00:35:49.690 23788 23800 I art     : Starting a blocking GC Explicit
08-04 00:35:49.711 23788 23800 I art     : Explicit concurrent mark sweep GC freed 7(224B) AllocSpace objects, 0(0B) LOS objects, 32% free, 32MB/48MB, paused 718us total 20.767ms
08-04 00:35:49.719 23788 23800 I art     : Starting a blocking GC Explicit
08-04 00:35:49.739 23788 23800 I art     : Explicit concurrent mark sweep GC freed 6(192B) AllocSpace objects, 0(0B) LOS objects, 32% free, 32MB/48MB, paused 718us total 20.020ms
08-04 00:35:49.748 23788 23800 I art     : Starting a blocking GC Explicit
08-04 00:35:49.768 23788 23800 I art     : Explicit concurrent mark sweep GC freed 4(128B) AllocSpace objects, 0(0B) LOS objects, 32% free, 32MB/48MB, paused 718us total 20.256ms
08-04 00:35:49.831 25540 25540 D AndroidRuntime: >>>>>> START com.android.internal.os.RuntimeInit uid 2000 <<<<<<
08-04 00:35:49.836 25540 25540 D AndroidRuntime: CheckJNI is OFF
08-04 00:35:49.869 25540 25540 D ICU     : No timezone override file found: /data/misc/zoneinfo/current/icu/icu_tzdata.dat
08-04 00:35:49.902 25540 25540 I Radio-JNI: register_android_hardware_Radio DONE
08-04 00:35:49.924 25540 25540 D AndroidRuntime: Calling main entry com.android.commands.input.Input
08-04 00:35:49.926 25540 25540 I Input   : injectMotionEvent: MotionEvent { action=ACTION_DOWN, actionButton=0, id[0]=0, x[0]=553.0, y[0]=442.0, toolType[0]=TOOL_TYPE_UNKNOWN, buttonState=0, metaState=0, flags=0x0, edgeFlags=0x0, pointerCount=1, historySize=0, eventTime=664566339, downTime=664566339, deviceId=0, source=0x1002 }
08-04 00:35:49.932 25540 25540 I Input   : injectMotionEvent: MotionEvent { action=ACTION_UP, actionButton=0, id[0]=0, x[0]=553.0, y[0]=442.0, toolType[0]=TOOL_TYPE_UNKNOWN, buttonState=0, metaState=0, flags=0x0, edgeFlags=0x0, pointerCount=1, historySize=0, eventTime=664566339, downTime=664566339, deviceId=0, source=0x1002 }
08-04 00:35:49.937 25540 25540 D AndroidRuntime: Shutting down VM
08-04 00:35:50.005   918   928 I ActivityManager: START u0 {cmp=baseline.com.newsblur/.activity.AllSharedStoriesItemsList (has extras)} from uid 10652 on display 0
08-04 00:35:50.030 23788 24419 I baseline.com.newsblur.database.BlurDatabaseHelper: reading session reset
08-04 00:35:50.060 23788 23800 I art     : Starting a blocking GC Explicit
08-04 00:35:50.084 23788 23800 I art     : Explicit concurrent mark sweep GC freed 3552(294KB) AllocSpace objects, 7(264KB) LOS objects, 32% free, 33MB/49MB, paused 809us total 23.658ms
08-04 00:35:50.093 23788 23800 I art     : Starting a blocking GC Explicit
08-04 00:35:50.115 23788 23800 I art     : Explicit concurrent mark sweep GC freed 207(10KB) AllocSpace objects, 0(0B) LOS objects, 32% free, 33MB/49MB, paused 730us total 22.301ms
08-04 00:35:50.124 23788 23800 I art     : Starting a blocking GC Explicit
08-04 00:35:50.148 23788 23800 I art     : Explicit concurrent mark sweep GC freed 553(43KB) AllocSpace objects, 1(20KB) LOS objects, 32% free, 33MB/49MB, paused 921us total 23.498ms
08-04 00:35:50.157 23788 23800 I art     : Starting a blocking GC Explicit
08-04 00:35:50.179 23788 23800 I art     : Explicit concurrent mark sweep GC freed 89(3KB) AllocSpace objects, 0(0B) LOS objects, 32% free, 33MB/49MB, paused 660us total 21.863ms
08-04 00:35:50.187 23788 23800 I art     : Starting a blocking GC Explicit
08-04 00:35:50.201 23788 23788 W View    : requestLayout() improperly called by android.widget.FrameLayout{c33039d V.E...... ......ID 0,0-1440,0 #7f07003f app:id/footer_view_inner} during layout: running second layout pass
08-04 00:35:50.201 23788 23788 W View    : requestLayout() improperly called by android.widget.FrameLayout{5409012 V.E...... ......ID 0,0-1440,2091 #7f07003f app:id/footer_view_inner} during layout: running second layout pass
08-04 00:35:50.208 23788 23800 I art     : Explicit concurrent mark sweep GC freed 335(34KB) AllocSpace objects, 1(20KB) LOS objects, 32% free, 33MB/49MB, paused 923us total 21.207ms
08-04 00:35:50.218   918   936 I ActivityManager: Displayed baseline.com.newsblur/.activity.AllSharedStoriesItemsList: +200ms
08-04 00:35:50.218 13866 13866 I GoogleInputMethodServic: GoogleInputMethodService.onFinishInput():3138 
08-04 00:35:50.221 13866 13866 I GoogleInputMethodServic: GoogleInputMethodService.onStartInput():1808 
08-04 00:35:50.315 23788 24978 I NAPPA_EXPERIMENTATION: MetricNetworkRequestExecutionTime: REQUEST_DURATION_SYSTEM='65',REQUEST_DURATION_OKHTTP='64',REQUEST_SYNCHRONOUS='TRUE',RESPONSE_CODE='200',RESPONSE_METHOD='GET',RESPONSE_LENGTH_OKHTTP='43',RESPONSE_LENGTH_HEADER='43',REQUEST_PROTOCOL='http/1.1',REQUEST_URL='http://feeds.feedburner.com/~r/retort/~4/UffaFMiJbNs',
08-04 00:35:50.342 23788 24051 I NAPPA_EXPERIMENTATION: MetricNetworkRequestExecutionTime: REQUEST_DURATION_SYSTEM='85',REQUEST_DURATION_OKHTTP='84',REQUEST_SYNCHRONOUS='TRUE',RESPONSE_CODE='200',RESPONSE_METHOD='GET',RESPONSE_LENGTH_OKHTTP='29813',RESPONSE_LENGTH_HEADER='29813',REQUEST_PROTOCOL='http/1.1',REQUEST_URL='https://s3.amazonaws.com/icons.newsblur.com/850543.png',
08-04 00:35:50.466 23788 24349 I art     : Starting a blocking GC Explicit
08-04 00:35:50.502 23788 24349 I art     : Explicit concurrent mark sweep GC freed 7554(485KB) AllocSpace objects, 16(320KB) LOS objects, 31% free, 34MB/50MB, paused 834us total 35.475ms
08-04 00:35:50.511 23788 24349 I art     : Starting a blocking GC Explicit
08-04 00:35:50.533 23788 24349 I art     : Explicit concurrent mark sweep GC freed 328(13KB) AllocSpace objects, 0(0B) LOS objects, 31% free, 34MB/50MB, paused 780us total 22.016ms
08-04 00:35:50.541 23788 24349 I art     : Starting a blocking GC Explicit
08-04 00:35:50.564 23788 24349 I art     : Explicit concurrent mark sweep GC freed 59(2400B) AllocSpace objects, 0(0B) LOS objects, 31% free, 34MB/50MB, paused 905us total 22.875ms
08-04 00:35:50.573 23788 24349 I art     : Starting a blocking GC Explicit
08-04 00:35:50.579 23788 24058 I NAPPA_EXPERIMENTATION: MetricNetworkRequestExecutionTime: REQUEST_DURATION_SYSTEM='302',REQUEST_DURATION_OKHTTP='144',REQUEST_SYNCHRONOUS='TRUE',RESPONSE_CODE='200',RESPONSE_METHOD='GET',RESPONSE_LENGTH_OKHTTP='117046',RESPONSE_LENGTH_HEADER='117046',REQUEST_PROTOCOL='h2',REQUEST_URL='https://64.media.tumblr.com/58fdb3e3c1b2ba1306c2d1be0119460e/75c91623ddb4dfe2-55/s1280x1920/18a33520ca63b4c9f1d09ba5a5eb6fab3b9c104d.jpg',
08-04 00:35:50.598 23788 24349 I art     : Explicit concurrent mark sweep GC freed 270(31KB) AllocSpace objects, 1(20KB) LOS objects, 31% free, 34MB/50MB, paused 902us total 25.159ms
08-04 00:35:50.607 23788 24349 I art     : Starting a blocking GC Explicit
08-04 00:35:50.630 23788 24349 I art     : Explicit concurrent mark sweep GC freed 257(11KB) AllocSpace objects, 1(20KB) LOS objects, 31% free, 34MB/50MB, paused 824us total 22.967ms
08-04 00:35:50.734 23788 25575 I NAPPA_EXPERIMENTATION: MetricNetworkRequestExecutionTime: REQUEST_DURATION_SYSTEM='502',REQUEST_DURATION_OKHTTP='30',REQUEST_SYNCHRONOUS='TRUE',RESPONSE_CODE='200',RESPONSE_METHOD='GET',RESPONSE_LENGTH_OKHTTP='-1',RESPONSE_LENGTH_HEADER='-2',REQUEST_PROTOCOL='http/1.1',REQUEST_URL='https://www.newsblur.com/social/river_stories?order=newest&page=1&read_filter=all',
08-04 00:35:50.734 23788 25575 D MY_TAG  : 0, 502
08-04 00:35:50.752 23788 23788 D baseline.com.newsblur.service.NBSyncService: rejecting request for feedset that is exhaused
08-04 00:35:50.858   518   646 I ThermalEngine: ACTION: GPU - Setting GPU[0] to 450000000
08-04 00:35:50.962 23788 23801 I art     : Starting a blocking GC Explicit
08-04 00:35:51.011 23788 23801 I art     : Explicit concurrent mark sweep GC freed 9032(666KB) AllocSpace objects, 21(2MB) LOS objects, 31% free, 35MB/51MB, paused 1.207ms total 48.302ms
08-04 00:35:51.029 23788 23801 I art     : Starting a blocking GC Explicit
08-04 00:35:51.062 23788 23801 I art     : Explicit concurrent mark sweep GC freed 1650(142KB) AllocSpace objects, 0(0B) LOS objects, 31% free, 35MB/51MB, paused 1.053ms total 32.403ms
08-04 00:35:51.074 23788 23801 I art     : Starting a blocking GC Explicit
08-04 00:35:51.105 23788 23801 I art     : Explicit concurrent mark sweep GC freed 3(96B) AllocSpace objects, 0(0B) LOS objects, 31% free, 35MB/51MB, paused 1.066ms total 31.613ms
08-04 00:35:51.117 23788 23801 I art     : Starting a blocking GC Explicit
08-04 00:35:51.149 23788 23801 I art     : Explicit concurrent mark sweep GC freed 3(96B) AllocSpace objects, 0(0B) LOS objects, 31% free, 35MB/51MB, paused 1.061ms total 31.910ms
08-04 00:35:51.161 23788 23801 I art     : Starting a blocking GC Explicit
08-04 00:35:51.193 23788 23801 I art     : Explicit concurrent mark sweep GC freed 3(96B) AllocSpace objects, 0(0B) LOS objects, 31% free, 35MB/51MB, paused 1.039ms total 31.903ms
08-04 00:35:51.366   918   937 W ProcessCpuTracker: Skipping unknown process pid 25602
08-04 00:35:51.520 23788 23822 I art     : Starting a blocking GC Explicit
08-04 00:35:51.555 23788 23822 I art     : Explicit concurrent mark sweep GC freed 1425(82KB) AllocSpace objects, 1(20KB) LOS objects, 31% free, 35MB/51MB, paused 1.006ms total 34.955ms
08-04 00:35:51.569 23788 23822 I art     : Starting a blocking GC Explicit
08-04 00:35:51.602 23788 23822 I art     : Explicit concurrent mark sweep GC freed 25(864B) AllocSpace objects, 0(0B) LOS objects, 31% free, 35MB/51MB, paused 1.090ms total 32.966ms
08-04 00:35:51.614 23788 23822 I art     : Starting a blocking GC Explicit
08-04 00:35:51.646 23788 23822 I art     : Explicit concurrent mark sweep GC freed 3(96B) AllocSpace objects, 0(0B) LOS objects, 31% free, 35MB/51MB, paused 1.162ms total 32.264ms
08-04 00:35:51.658 23788 23822 I art     : Starting a blocking GC Explicit
08-04 00:35:51.690 23788 23822 I art     : Explicit concurrent mark sweep GC freed 3(96B) AllocSpace objects, 0(0B) LOS objects, 31% free, 35MB/51MB, paused 1.080ms total 32.103ms
08-04 00:35:51.702 23788 23822 I art     : Starting a blocking GC Explicit
08-04 00:35:51.736 23788 23822 I art     : Explicit concurrent mark sweep GC freed 3(96B) AllocSpace objects, 0(0B) LOS objects, 31% free, 35MB/51MB, paused 1.075ms total 33.973ms
08-04 00:35:52.112 23788 23800 I art     : Starting a blocking GC Explicit
08-04 00:35:52.152 23788 23800 I art     : Explicit concurrent mark sweep GC freed 1403(81KB) AllocSpace objects, 1(20KB) LOS objects, 31% free, 35MB/51MB, paused 1.115ms total 39.406ms
08-04 00:35:52.165 23788 23800 I art     : Starting a blocking GC Explicit
08-04 00:35:52.200 23788 23800 I art     : Explicit concurrent mark sweep GC freed 20(704B) AllocSpace objects, 0(0B) LOS objects, 31% free, 35MB/51MB, paused 1.089ms total 34.462ms
08-04 00:35:52.212 23788 23800 I art     : Starting a blocking GC Explicit
08-04 00:35:52.247 23788 23800 I art     : Explicit concurrent mark sweep GC freed 3(96B) AllocSpace objects, 0(0B) LOS objects, 31% free, 35MB/51MB, paused 1.076ms total 34.977ms
08-04 00:35:52.259 23788 23800 I art     : Starting a blocking GC Explicit
08-04 00:35:52.293 23788 23800 I art     : Explicit concurrent mark sweep GC freed 3(96B) AllocSpace objects, 0(0B) LOS objects, 31% free, 35MB/51MB, paused 1.082ms total 34.025ms
08-04 00:35:52.305 23788 23800 I art     : Starting a blocking GC Explicit
08-04 00:35:52.339 23788 23800 I art     : Explicit concurrent mark sweep GC freed 3(96B) AllocSpace objects, 0(0B) LOS objects, 31% free, 35MB/51MB, paused 1.078ms total 34.180ms
08-04 00:35:52.714 23788 23801 I art     : Starting a blocking GC Explicit
08-04 00:35:52.754 23788 23801 I art     : Explicit concurrent mark sweep GC freed 1402(82KB) AllocSpace objects, 1(20KB) LOS objects, 31% free, 35MB/51MB, paused 1.106ms total 39.358ms
08-04 00:35:52.767 23788 23801 I art     : Starting a blocking GC Explicit
08-04 00:35:52.802 23788 23801 I art     : Explicit concurrent mark sweep GC freed 20(704B) AllocSpace objects, 0(0B) LOS objects, 31% free, 35MB/51MB, paused 1.091ms total 34.847ms
08-04 00:35:52.814 23788 23801 I art     : Starting a blocking GC Explicit
08-04 00:35:52.850 23788 23801 I art     : Explicit concurrent mark sweep GC freed 3(96B) AllocSpace objects, 0(0B) LOS objects, 31% free, 35MB/51MB, paused 1.105ms total 35.401ms
08-04 00:35:52.862 23788 23801 I art     : Starting a blocking GC Explicit
08-04 00:35:52.864   518   646 I ThermalEngine: ACTION: GPU - Setting GPU[0] to 510000000
08-04 00:35:52.896 23788 23801 I art     : Explicit concurrent mark sweep GC freed 3(96B) AllocSpace objects, 0(0B) LOS objects, 31% free, 35MB/51MB, paused 1.084ms total 33.566ms
08-04 00:35:52.906 23788 23801 I art     : Starting a blocking GC Explicit
08-04 00:35:52.932 23788 23801 I art     : Explicit concurrent mark sweep GC freed 3(96B) AllocSpace objects, 0(0B) LOS objects, 31% free, 35MB/51MB, paused 799us total 26.487ms
08-04 00:35:53.290 23788 24349 I art     : Starting a blocking GC Explicit
08-04 00:35:53.328 23788 24349 I art     : Explicit concurrent mark sweep GC freed 1402(81KB) AllocSpace objects, 1(20KB) LOS objects, 31% free, 35MB/51MB, paused 991us total 37.826ms
08-04 00:35:53.343 23788 24349 I art     : Starting a blocking GC Explicit
08-04 00:35:53.367 23788 24349 I art     : Explicit concurrent mark sweep GC freed 20(704B) AllocSpace objects, 0(0B) LOS objects, 31% free, 35MB/51MB, paused 940us total 24.246ms
08-04 00:35:53.376 23788 24349 I art     : Starting a blocking GC Explicit
08-04 00:35:53.401 23788 24349 I art     : Explicit concurrent mark sweep GC freed 3(96B) AllocSpace objects, 0(0B) LOS objects, 31% free, 35MB/51MB, paused 788us total 25.019ms
08-04 00:35:53.410 23788 24349 I art     : Starting a blocking GC Explicit
08-04 00:35:53.436 23788 24349 I art     : Explicit concurrent mark sweep GC freed 3(96B) AllocSpace objects, 0(0B) LOS objects, 31% free, 35MB/51MB, paused 800us total 25.170ms
08-04 00:35:53.445 23788 24349 I art     : Starting a blocking GC Explicit
08-04 00:35:53.471 23788 24349 I art     : Explicit concurrent mark sweep GC freed 3(96B) AllocSpace objects, 0(0B) LOS objects, 31% free, 35MB/51MB, paused 760us total 25.702ms
08-04 00:35:53.840 23788 23822 I art     : Starting a blocking GC Explicit
08-04 00:35:53.870 23788 23822 I art     : Explicit concurrent mark sweep GC freed 1401(80KB) AllocSpace objects, 1(20KB) LOS objects, 31% free, 35MB/51MB, paused 801us total 29.232ms
08-04 00:35:53.879 23788 23822 I art     : Starting a blocking GC Explicit
08-04 00:35:53.905 23788 23822 I art     : Explicit concurrent mark sweep GC freed 20(704B) AllocSpace objects, 0(0B) LOS objects, 31% free, 35MB/51MB, paused 793us total 25.766ms
08-04 00:35:53.915 23788 23822 I art     : Starting a blocking GC Explicit
08-04 00:35:53.941 23788 23822 I art     : Explicit concurrent mark sweep GC freed 3(96B) AllocSpace objects, 0(0B) LOS objects, 31% free, 35MB/51MB, paused 786us total 25.789ms
08-04 00:35:53.950 23788 23822 I art     : Starting a blocking GC Explicit
08-04 00:35:53.976 23788 23822 I art     : Explicit concurrent mark sweep GC freed 3(96B) AllocSpace objects, 0(0B) LOS objects, 31% free, 35MB/51MB, paused 756us total 25.175ms
08-04 00:35:53.985 23788 23822 I art     : Starting a blocking GC Explicit
08-04 00:35:54.010 23788 23822 I art     : Explicit concurrent mark sweep GC freed 3(96B) AllocSpace objects, 0(0B) LOS objects, 31% free, 35MB/51MB, paused 780us total 25.261ms
08-04 00:35:54.363 23788 23800 I art     : Starting a blocking GC Explicit
08-04 00:35:54.395 23788 23800 I art     : Explicit concurrent mark sweep GC freed 1401(80KB) AllocSpace objects, 1(20KB) LOS objects, 31% free, 35MB/51MB, paused 834us total 32.125ms
08-04 00:35:54.407 23788 23800 I art     : Starting a blocking GC Explicit
08-04 00:35:54.433 23788 23800 I art     : Explicit concurrent mark sweep GC freed 20(704B) AllocSpace objects, 0(0B) LOS objects, 31% free, 35MB/51MB, paused 785us total 25.862ms
08-04 00:35:54.442 23788 23800 I art     : Starting a blocking GC Explicit
08-04 00:35:54.468 23788 23800 I art     : Explicit concurrent mark sweep GC freed 3(96B) AllocSpace objects, 0(0B) LOS objects, 31% free, 35MB/51MB, paused 898us total 25.274ms
08-04 00:35:54.477 23788 23800 I art     : Starting a blocking GC Explicit
08-04 00:35:54.503 23788 23800 I art     : Explicit concurrent mark sweep GC freed 3(96B) AllocSpace objects, 0(0B) LOS objects, 31% free, 35MB/51MB, paused 789us total 25.362ms
08-04 00:35:54.512 23788 23800 I art     : Starting a blocking GC Explicit
08-04 00:35:54.538 23788 23800 I art     : Explicit concurrent mark sweep GC freed 3(96B) AllocSpace objects, 0(0B) LOS objects, 31% free, 35MB/51MB, paused 824us total 25.458ms
08-04 00:35:54.902 23788 23801 I art     : Starting a blocking GC Explicit
08-04 00:35:54.938 23788 23801 I art     : Explicit concurrent mark sweep GC freed 1402(81KB) AllocSpace objects, 1(20KB) LOS objects, 31% free, 35MB/51MB, paused 950us total 35.123ms
08-04 00:35:54.950 23788 23801 I art     : Starting a blocking GC Explicit
08-04 00:35:54.976 23788 23801 I art     : Explicit concurrent mark sweep GC freed 20(704B) AllocSpace objects, 0(0B) LOS objects, 31% free, 35MB/51MB, paused 787us total 25.729ms
08-04 00:35:54.986 23788 23801 I art     : Starting a blocking GC Explicit
08-04 00:35:55.012 23788 23801 I art     : Explicit concurrent mark sweep GC freed 3(96B) AllocSpace objects, 0(0B) LOS objects, 31% free, 35MB/51MB, paused 789us total 25.952ms
08-04 00:35:55.021 23788 23801 I art     : Starting a blocking GC Explicit
08-04 00:35:55.047 23788 23801 I art     : Explicit concurrent mark sweep GC freed 3(96B) AllocSpace objects, 0(0B) LOS objects, 31% free, 35MB/51MB, paused 884us total 25.529ms
08-04 00:35:55.056 23788 23801 I art     : Starting a blocking GC Explicit
08-04 00:35:55.082 23788 23801 I art     : Explicit concurrent mark sweep GC freed 3(96B) AllocSpace objects, 0(0B) LOS objects, 31% free, 35MB/51MB, paused 885us total 25.047ms
08-04 00:35:55.461 23788 24349 I art     : Starting a blocking GC Explicit
08-04 00:35:55.494 23788 24349 I art     : Explicit concurrent mark sweep GC freed 1401(80KB) AllocSpace objects, 1(20KB) LOS objects, 31% free, 35MB/51MB, paused 868us total 32.565ms
08-04 00:35:55.504 23788 24349 I art     : Starting a blocking GC Explicit
08-04 00:35:55.530 23788 24349 I art     : Explicit concurrent mark sweep GC freed 20(704B) AllocSpace objects, 0(0B) LOS objects, 31% free, 35MB/51MB, paused 798us total 25.981ms
08-04 00:35:55.539 23788 24349 I art     : Starting a blocking GC Explicit
08-04 00:35:55.565 23788 24349 I art     : Explicit concurrent mark sweep GC freed 3(96B) AllocSpace objects, 0(0B) LOS objects, 31% free, 35MB/51MB, paused 798us total 25.559ms
08-04 00:35:55.574 23788 24349 I art     : Starting a blocking GC Explicit
08-04 00:35:55.599 23788 24349 I art     : Explicit concurrent mark sweep GC freed 3(96B) AllocSpace objects, 0(0B) LOS objects, 31% free, 35MB/51MB, paused 780us total 24.491ms
08-04 00:35:55.608 23788 24349 I art     : Starting a blocking GC Explicit
08-04 00:35:55.634 23788 24349 I art     : Explicit concurrent mark sweep GC freed 3(96B) AllocSpace objects, 0(0B) LOS objects, 31% free, 35MB/51MB, paused 785us total 25.218ms
08-04 00:35:55.975 23788 23822 I art     : Starting a blocking GC Explicit
08-04 00:35:56.013 23788 23822 I art     : Explicit concurrent mark sweep GC freed 1401(80KB) AllocSpace objects, 1(20KB) LOS objects, 31% free, 35MB/51MB, paused 864us total 37.570ms
08-04 00:35:56.026 23788 23822 I art     : Starting a blocking GC Explicit
08-04 00:35:56.053 23788 23822 I art     : Explicit concurrent mark sweep GC freed 20(704B) AllocSpace objects, 0(0B) LOS objects, 31% free, 35MB/51MB, paused 799us total 27.098ms
08-04 00:35:56.062 23788 23822 I art     : Starting a blocking GC Explicit
08-04 00:35:56.088 23788 23822 I art     : Explicit concurrent mark sweep GC freed 3(96B) AllocSpace objects, 0(0B) LOS objects, 31% free, 35MB/51MB, paused 781us total 25.252ms
08-04 00:35:56.097 23788 23822 I art     : Starting a blocking GC Explicit
08-04 00:35:56.123 23788 23822 I art     : Explicit concurrent mark sweep GC freed 3(96B) AllocSpace objects, 0(0B) LOS objects, 31% free, 35MB/51MB, paused 790us total 25.224ms
08-04 00:35:56.132 23788 23822 I art     : Starting a blocking GC Explicit
08-04 00:35:56.157 23788 23822 I art     : Explicit concurrent mark sweep GC freed 3(96B) AllocSpace objects, 0(0B) LOS objects, 31% free, 35MB/51MB, paused 849us total 24.587ms
08-04 00:35:56.493 23788 23800 I art     : Starting a blocking GC Explicit
08-04 00:35:56.519 23788 23800 I art     : Explicit concurrent mark sweep GC freed 1401(80KB) AllocSpace objects, 1(20KB) LOS objects, 31% free, 35MB/51MB, paused 815us total 26.352ms
08-04 00:35:56.529 23788 23800 I art     : Starting a blocking GC Explicit
08-04 00:35:56.555 23788 23800 I art     : Explicit concurrent mark sweep GC freed 20(704B) AllocSpace objects, 0(0B) LOS objects, 31% free, 35MB/51MB, paused 789us total 25.700ms
08-04 00:35:56.564 23788 23800 I art     : Starting a blocking GC Explicit
08-04 00:35:56.589 23788 23800 I art     : Explicit concurrent mark sweep GC freed 3(96B) AllocSpace objects, 0(0B) LOS objects, 31% free, 35MB/51MB, paused 772us total 25.345ms
08-04 00:35:56.599 23788 23800 I art     : Starting a blocking GC Explicit
08-04 00:35:56.624 23788 23800 I art     : Explicit concurrent mark sweep GC freed 3(96B) AllocSpace objects, 0(0B) LOS objects, 31% free, 35MB/51MB, paused 784us total 24.840ms
08-04 00:35:56.633 23788 23800 I art     : Starting a blocking GC Explicit
08-04 00:35:56.659 23788 23800 I art     : Explicit concurrent mark sweep GC freed 3(96B) AllocSpace objects, 0(0B) LOS objects, 31% free, 35MB/51MB, paused 782us total 25.549ms
08-04 00:35:56.999 23788 23801 I art     : Starting a blocking GC Explicit
08-04 00:35:57.031 23788 23801 I art     : Explicit concurrent mark sweep GC freed 1401(80KB) AllocSpace objects, 1(20KB) LOS objects, 31% free, 35MB/51MB, paused 870us total 31.899ms
08-04 00:35:57.043 23788 23801 I art     : Starting a blocking GC Explicit
08-04 00:35:57.072 23788 23801 I art     : Explicit concurrent mark sweep GC freed 20(704B) AllocSpace objects, 0(0B) LOS objects, 31% free, 35MB/51MB, paused 764us total 28.046ms
08-04 00:35:57.081 23788 23801 I art     : Starting a blocking GC Explicit
08-04 00:35:57.107 23788 23801 I art     : Explicit concurrent mark sweep GC freed 3(96B) AllocSpace objects, 0(0B) LOS objects, 31% free, 35MB/51MB, paused 859us total 26.018ms
08-04 00:35:57.116 23788 23801 I art     : Starting a blocking GC Explicit
08-04 00:35:57.142 23788 23801 I art     : Explicit concurrent mark sweep GC freed 3(96B) AllocSpace objects, 0(0B) LOS objects, 31% free, 35MB/51MB, paused 782us total 25.131ms
08-04 00:35:57.151 23788 23801 I art     : Starting a blocking GC Explicit
08-04 00:35:57.176 23788 23801 I art     : Explicit concurrent mark sweep GC freed 3(96B) AllocSpace objects, 0(0B) LOS objects, 31% free, 35MB/51MB, paused 749us total 25.084ms
08-04 00:35:57.528 23788 24349 I art     : Starting a blocking GC Explicit
08-04 00:35:57.563 23788 24349 I art     : Explicit concurrent mark sweep GC freed 1401(80KB) AllocSpace objects, 1(20KB) LOS objects, 31% free, 35MB/51MB, paused 835us total 35.119ms
08-04 00:35:57.576 23788 24349 I art     : Starting a blocking GC Explicit
08-04 00:35:57.602 23788 24349 I art     : Explicit concurrent mark sweep GC freed 20(704B) AllocSpace objects, 0(0B) LOS objects, 31% free, 35MB/51MB, paused 778us total 25.250ms
08-04 00:35:57.611 23788 24349 I art     : Starting a blocking GC Explicit
08-04 00:35:57.636 23788 24349 I art     : Explicit concurrent mark sweep GC freed 3(96B) AllocSpace objects, 0(0B) LOS objects, 31% free, 35MB/51MB, paused 778us total 24.933ms
08-04 00:35:57.645 23788 24349 I art     : Starting a blocking GC Explicit
08-04 00:35:57.671 23788 24349 I art     : Explicit concurrent mark sweep GC freed 3(96B) AllocSpace objects, 0(0B) LOS objects, 31% free, 35MB/51MB, paused 794us total 25.453ms
08-04 00:35:57.680 23788 24349 I art     : Starting a blocking GC Explicit
08-04 00:35:57.705 23788 24349 I art     : Explicit concurrent mark sweep GC freed 3(96B) AllocSpace objects, 0(0B) LOS objects, 31% free, 35MB/51MB, paused 767us total 24.843ms
08-04 00:35:58.052 23788 23822 I art     : Starting a blocking GC Explicit
08-04 00:35:58.086 23788 23822 I art     : Explicit concurrent mark sweep GC freed 1401(80KB) AllocSpace objects, 1(20KB) LOS objects, 31% free, 35MB/51MB, paused 824us total 33.542ms
08-04 00:35:58.100 23788 23822 I art     : Starting a blocking GC Explicit
08-04 00:35:58.126 23788 23822 I art     : Explicit concurrent mark sweep GC freed 20(704B) AllocSpace objects, 0(0B) LOS objects, 31% free, 35MB/51MB, paused 790us total 25.594ms
08-04 00:35:58.135 23788 23822 I art     : Starting a blocking GC Explicit
08-04 00:35:58.160 23788 23822 I art     : Explicit concurrent mark sweep GC freed 3(96B) AllocSpace objects, 0(0B) LOS objects, 31% free, 35MB/51MB, paused 800us total 25.343ms
08-04 00:35:58.169 23788 23822 I art     : Starting a blocking GC Explicit
08-04 00:35:58.195 23788 23822 I art     : Explicit concurrent mark sweep GC freed 3(96B) AllocSpace objects, 0(0B) LOS objects, 31% free, 35MB/51MB, paused 903us total 25.175ms
08-04 00:35:58.204 23788 23822 I art     : Starting a blocking GC Explicit
08-04 00:35:58.229 23788 23822 I art     : Explicit concurrent mark sweep GC freed 3(96B) AllocSpace objects, 0(0B) LOS objects, 31% free, 35MB/51MB, paused 773us total 24.853ms
08-04 00:35:58.594 23788 23800 I art     : Starting a blocking GC Explicit
08-04 00:35:58.628 23788 23800 I art     : Explicit concurrent mark sweep GC freed 1401(80KB) AllocSpace objects, 1(20KB) LOS objects, 31% free, 35MB/51MB, paused 946us total 33.662ms
08-04 00:35:58.641 23788 23800 I art     : Starting a blocking GC Explicit
08-04 00:35:58.667 23788 23800 I art     : Explicit concurrent mark sweep GC freed 20(704B) AllocSpace objects, 0(0B) LOS objects, 31% free, 35MB/51MB, paused 861us total 26.186ms
08-04 00:35:58.676 23788 23800 I art     : Starting a blocking GC Explicit
08-04 00:35:58.702 23788 23800 I art     : Explicit concurrent mark sweep GC freed 3(96B) AllocSpace objects, 0(0B) LOS objects, 31% free, 35MB/51MB, paused 745us total 25.139ms
08-04 00:35:58.711 23788 23800 I art     : Starting a blocking GC Explicit
08-04 00:35:58.736 23788 23800 I art     : Explicit concurrent mark sweep GC freed 3(96B) AllocSpace objects, 0(0B) LOS objects, 31% free, 35MB/51MB, paused 785us total 24.765ms
08-04 00:35:58.745 23788 23800 I art     : Starting a blocking GC Explicit
08-04 00:35:58.770 23788 23800 I art     : Explicit concurrent mark sweep GC freed 3(96B) AllocSpace objects, 0(0B) LOS objects, 31% free, 35MB/51MB, paused 785us total 24.998ms
08-04 00:35:59.143 23788 23801 I art     : Starting a blocking GC Explicit
08-04 00:35:59.177 23788 23801 I art     : Explicit concurrent mark sweep GC freed 1409(81KB) AllocSpace objects, 1(20KB) LOS objects, 31% free, 35MB/51MB, paused 908us total 33.719ms
08-04 00:35:59.194 23788 23801 I art     : Starting a blocking GC Explicit
08-04 00:35:59.219 23788 23801 I art     : Explicit concurrent mark sweep GC freed 20(704B) AllocSpace objects, 0(0B) LOS objects, 31% free, 35MB/51MB, paused 748us total 24.753ms
08-04 00:35:59.229 23788 23801 I art     : Starting a blocking GC Explicit
08-04 00:35:59.253 23788 23801 I art     : Explicit concurrent mark sweep GC freed 3(96B) AllocSpace objects, 0(0B) LOS objects, 31% free, 35MB/51MB, paused 770us total 24.465ms
08-04 00:35:59.262 23788 23801 I art     : Starting a blocking GC Explicit
08-04 00:35:59.288 23788 23801 I art     : Explicit concurrent mark sweep GC freed 3(96B) AllocSpace objects, 0(0B) LOS objects, 31% free, 35MB/51MB, paused 804us total 25.658ms
08-04 00:35:59.298 23788 23801 I art     : Starting a blocking GC Explicit
08-04 00:35:59.323 23788 23801 I art     : Explicit concurrent mark sweep GC freed 3(96B) AllocSpace objects, 0(0B) LOS objects, 31% free, 35MB/51MB, paused 780us total 25.516ms
08-04 00:35:59.673 23788 24349 I art     : Starting a blocking GC Explicit
08-04 00:35:59.712 23788 24349 I art     : Explicit concurrent mark sweep GC freed 1401(80KB) AllocSpace objects, 1(20KB) LOS objects, 31% free, 35MB/51MB, paused 896us total 38.397ms
08-04 00:35:59.724 23788 24349 I art     : Starting a blocking GC Explicit
08-04 00:35:59.750 23788 24349 I art     : Explicit concurrent mark sweep GC freed 20(704B) AllocSpace objects, 0(0B) LOS objects, 31% free, 35MB/51MB, paused 774us total 25.641ms
08-04 00:35:59.759 23788 24349 I art     : Starting a blocking GC Explicit
08-04 00:35:59.785 23788 24349 I art     : Explicit concurrent mark sweep GC freed 3(96B) AllocSpace objects, 0(0B) LOS objects, 31% free, 35MB/51MB, paused 760us total 25.485ms
08-04 00:35:59.794 23788 24349 I art     : Starting a blocking GC Explicit
08-04 00:35:59.819 23788 24349 I art     : Explicit concurrent mark sweep GC freed 3(96B) AllocSpace objects, 0(0B) LOS objects, 31% free, 35MB/51MB, paused 740us total 25.145ms
08-04 00:35:59.829 23788 24349 I art     : Starting a blocking GC Explicit
08-04 00:35:59.853 23788 24349 I art     : Explicit concurrent mark sweep GC freed 3(96B) AllocSpace objects, 0(0B) LOS objects, 31% free, 35MB/51MB, paused 739us total 24.607ms
08-04 00:35:59.876   518   646 I ThermalEngine: ACTION: GPU - Setting GPU[0] to 600000000
08-04 00:36:00.202 23788 23822 I art     : Starting a blocking GC Explicit
08-04 00:36:00.224 23788 23822 I art     : Explicit concurrent mark sweep GC freed 1401(80KB) AllocSpace objects, 1(20KB) LOS objects, 31% free, 35MB/51MB, paused 586us total 21.430ms
08-04 00:36:00.231 23788 23822 I art     : Starting a blocking GC Explicit
08-04 00:36:00.250 23788 23822 I art     : Explicit concurrent mark sweep GC freed 20(704B) AllocSpace objects, 0(0B) LOS objects, 31% free, 35MB/51MB, paused 590us total 18.873ms
08-04 00:36:00.257 23788 23822 I art     : Starting a blocking GC Explicit
08-04 00:36:00.276 23788 23822 I art     : Explicit concurrent mark sweep GC freed 3(96B) AllocSpace objects, 0(0B) LOS objects, 31% free, 35MB/51MB, paused 581us total 18.773ms
08-04 00:36:00.282 23788 23822 I art     : Starting a blocking GC Explicit
08-04 00:36:00.301 23788 23822 I art     : Explicit concurrent mark sweep GC freed 3(96B) AllocSpace objects, 0(0B) LOS objects, 31% free, 35MB/51MB, paused 530us total 18.980ms
08-04 00:36:00.308 23788 23822 I art     : Starting a blocking GC Explicit
08-04 00:36:00.327 23788 23822 I art     : Explicit concurrent mark sweep GC freed 3(96B) AllocSpace objects, 0(0B) LOS objects, 31% free, 35MB/51MB, paused 607us total 18.347ms
08-04 00:36:00.489 25774 25774 D AndroidRuntime: >>>>>> START com.android.internal.os.RuntimeInit uid 2000 <<<<<<
08-04 00:36:00.493 25774 25774 D AndroidRuntime: CheckJNI is OFF
08-04 00:36:00.520 25774 25774 D ICU     : No timezone override file found: /data/misc/zoneinfo/current/icu/icu_tzdata.dat
08-04 00:36:00.544 25774 25774 I Radio-JNI: register_android_hardware_Radio DONE
08-04 00:36:00.560 25774 25774 D AndroidRuntime: Calling main entry com.android.commands.input.Input
08-04 00:36:00.561 25774 25774 I Input   : injectMotionEvent: MotionEvent { action=ACTION_DOWN, actionButton=0, id[0]=0, x[0]=436.0, y[0]=453.0, toolType[0]=TOOL_TYPE_UNKNOWN, buttonState=0, metaState=0, flags=0x0, edgeFlags=0x0, pointerCount=1, historySize=0, eventTime=664576974, downTime=664576974, deviceId=0, source=0x1002 }
08-04 00:36:00.568 25774 25774 I Input   : injectMotionEvent: MotionEvent { action=ACTION_UP, actionButton=0, id[0]=0, x[0]=436.0, y[0]=453.0, toolType[0]=TOOL_TYPE_UNKNOWN, buttonState=0, metaState=0, flags=0x0, edgeFlags=0x0, pointerCount=1, historySize=0, eventTime=664576974, downTime=664576974, deviceId=0, source=0x1002 }
08-04 00:36:00.569 25774 25774 D AndroidRuntime: Shutting down VM
08-04 00:36:00.582   918   929 I ActivityManager: START u0 {cmp=baseline.com.newsblur/.activity.AllSharedStoriesReading (has extras)} from uid 10652 on display 0
08-04 00:36:00.587   512  2967 D audio_hw_primary: out_set_parameters: enter: usecase(1: low-latency-playback) kvpairs: routing=2
08-04 00:36:00.600   512  2967 D audio_hw_primary: select_devices: out_snd_device(2: speaker) in_snd_device(0: none)
08-04 00:36:00.600   512  2967 D msm8974_platform: platform_send_audio_calibration: sending audio calibration for snd_device(2) acdb_id(15)
08-04 00:36:00.600   512  2967 I soundtrigger: audio_extn_sound_trigger_update_device_status: device 0x2 of type 0 for Event 1
08-04 00:36:00.610   512  2967 D audio_hw_primary: enable_snd_device: snd_device(2: speaker)
08-04 00:36:00.612   512  2967 D audio_hw_primary: enable_audio_route: apply and update mixer path: low-latency-playback speaker
08-04 00:36:00.638 23788 23800 I art     : Starting a blocking GC Explicit
08-04 00:36:00.658 23788 23800 I art     : Explicit concurrent mark sweep GC freed 2991(238KB) AllocSpace objects, 6(580KB) LOS objects, 30% free, 37MB/53MB, paused 648us total 19.818ms
08-04 00:36:00.665 23788 23800 I art     : Starting a blocking GC Explicit
08-04 00:36:00.683 23788 23800 I art     : Explicit concurrent mark sweep GC freed 432(20KB) AllocSpace objects, 0(0B) LOS objects, 30% free, 37MB/53MB, paused 610us total 18.789ms
08-04 00:36:00.691 23788 23800 I art     : Starting a blocking GC Explicit
08-04 00:36:00.710 23788 23800 I art     : Explicit concurrent mark sweep GC freed 148(26KB) AllocSpace objects, 1(20KB) LOS objects, 30% free, 37MB/53MB, paused 623us total 19.628ms
08-04 00:36:00.718 23788 23800 I art     : Starting a blocking GC Explicit
08-04 00:36:00.737 23788 23800 I art     : Explicit concurrent mark sweep GC freed 48(1712B) AllocSpace objects, 0(0B) LOS objects, 30% free, 37MB/53MB, paused 607us total 18.593ms
08-04 00:36:00.743 23788 23800 I art     : Starting a blocking GC Explicit
08-04 00:36:00.763 13866 13866 I GoogleInputMethodServic: GoogleInputMethodService.onFinishInput():3138 
08-04 00:36:00.763 13866 13866 I GoogleInputMethodServic: GoogleInputMethodService.onStartInput():1808 
08-04 00:36:00.764 23788 23800 I art     : Explicit concurrent mark sweep GC freed 472(39KB) AllocSpace objects, 1(20KB) LOS objects, 29% free, 39MB/55MB, paused 822us total 20.355ms
08-04 00:36:00.785   918   936 I ActivityManager: Displayed baseline.com.newsblur/.activity.AllSharedStoriesReading: +188ms
08-04 00:36:00.793   918  3714 D ConnectivityService: listenForNetwork for Listen from uid/pid:10652/23788 for NetworkRequest [ id=2472, legacyType=-1, [ Capabilities: INTERNET&NOT_RESTRICTED&TRUSTED] ]
08-04 00:36:00.927 23788 24433 E chromium: [ERROR:tile_manager.cc(793)] WARNING: tile memory limits exceeded, some content may not draw
08-04 00:36:00.928 23788 24433 E chromium: [ERROR:tile_manager.cc(793)] WARNING: tile memory limits exceeded, some content may not draw
08-04 00:36:00.944 23788 24433 E chromium: [ERROR:tile_manager.cc(793)] WARNING: tile memory limits exceeded, some content may not draw
08-04 00:36:00.944 23788 24433 E chromium: [ERROR:tile_manager.cc(793)] WARNING: tile memory limits exceeded, some content may not draw
08-04 00:36:01.012 23788 24349 I art     : Starting a blocking GC Explicit
08-04 00:36:01.041 23788 24349 I art     : Explicit concurrent mark sweep GC freed 5054(416KB) AllocSpace objects, 3(60KB) LOS objects, 28% free, 40MB/56MB, paused 612us total 29.015ms
08-04 00:36:01.055 23788 24349 I art     : Starting a blocking GC Explicit
08-04 00:36:01.078 23788 24349 I art     : Explicit concurrent mark sweep GC freed 1492(88KB) AllocSpace objects, 0(0B) LOS objects, 28% free, 40MB/56MB, paused 588us total 22.846ms
08-04 00:36:01.085 23788 24349 I art     : Starting a blocking GC Explicit
08-04 00:36:01.104 23788 24349 I art     : Explicit concurrent mark sweep GC freed 3(96B) AllocSpace objects, 0(0B) LOS objects, 28% free, 40MB/56MB, paused 538us total 18.876ms
08-04 00:36:01.111 23788 24349 I art     : Starting a blocking GC Explicit
08-04 00:36:01.131 23788 24349 I art     : Explicit concurrent mark sweep GC freed 3(96B) AllocSpace objects, 0(0B) LOS objects, 28% free, 40MB/56MB, paused 505us total 19.073ms
08-04 00:36:01.137 23788 24349 I art     : Starting a blocking GC Explicit
08-04 00:36:01.148   512  2967 D audio_hw_primary: disable_audio_route: reset and update mixer path: low-latency-playback speaker
08-04 00:36:01.149   512  2967 D audio_hw_primary: disable_snd_device: snd_device(2: speaker)
08-04 00:36:01.156 23788 24349 I art     : Explicit concurrent mark sweep GC freed 3(96B) AllocSpace objects, 0(0B) LOS objects, 28% free, 40MB/56MB, paused 549us total 18.636ms
08-04 00:36:01.158   512  2967 I soundtrigger: audio_extn_sound_trigger_update_device_status: device 0x2 of type 0 for Event 0
08-04 00:36:01.227 23788 24433 E chromium: [ERROR:tile_manager.cc(793)] WARNING: tile memory limits exceeded, some content may not draw
08-04 00:36:01.233 23788 24433 E chromium: [ERROR:tile_manager.cc(793)] WARNING: tile memory limits exceeded, some content may not draw
08-04 00:36:01.234 23788 24433 E chromium: [ERROR:tile_manager.cc(793)] WARNING: tile memory limits exceeded, some content may not draw
08-04 00:36:01.445 23788 23822 I art     : Starting a blocking GC Explicit
08-04 00:36:01.467 23788 23822 I art     : Explicit concurrent mark sweep GC freed 1558(99KB) AllocSpace objects, 3(68KB) LOS objects, 28% free, 40MB/56MB, paused 579us total 21.625ms
08-04 00:36:01.474 23788 23822 I art     : Starting a blocking GC Explicit
08-04 00:36:01.497 23788 23822 I art     : Explicit concurrent mark sweep GC freed 37(1440B) AllocSpace objects, 0(0B) LOS objects, 28% free, 40MB/56MB, paused 615us total 22.739ms
08-04 00:36:01.505 23788 23822 I art     : Starting a blocking GC Explicit
08-04 00:36:01.527 23788 23822 I art     : Explicit concurrent mark sweep GC freed 3(96B) AllocSpace objects, 0(0B) LOS objects, 28% free, 40MB/56MB, paused 573us total 21.823ms
08-04 00:36:01.534 23788 23822 I art     : Starting a blocking GC Explicit
08-04 00:36:01.555 23788 23822 I art     : Explicit concurrent mark sweep GC freed 3(96B) AllocSpace objects, 0(0B) LOS objects, 28% free, 40MB/56MB, paused 579us total 21.480ms
08-04 00:36:01.563 23788 23822 I art     : Starting a blocking GC Explicit
08-04 00:36:01.585 23788 23822 I art     : Explicit concurrent mark sweep GC freed 3(96B) AllocSpace objects, 0(0B) LOS objects, 28% free, 40MB/56MB, paused 565us total 21.655ms
08-04 00:36:01.879   518   646 I ThermalEngine: ACTION: GPU - Setting GPU[0] to 510000000
08-04 00:36:01.915 23788 24349 I art     : Starting a blocking GC Explicit
08-04 00:36:01.944 23788 24349 I art     : Explicit concurrent mark sweep GC freed 1402(80KB) AllocSpace objects, 1(20KB) LOS objects, 28% free, 40MB/56MB, paused 825us total 28.552ms
08-04 00:36:01.954 23788 24349 I art     : Starting a blocking GC Explicit
08-04 00:36:01.981 23788 24349 I art     : Explicit concurrent mark sweep GC freed 20(704B) AllocSpace objects, 0(0B) LOS objects, 28% free, 40MB/56MB, paused 769us total 26.695ms
08-04 00:36:01.990 23788 24349 I art     : Starting a blocking GC Explicit
08-04 00:36:02.018 23788 24349 I art     : Explicit concurrent mark sweep GC freed 3(96B) AllocSpace objects, 0(0B) LOS objects, 28% free, 40MB/56MB, paused 822us total 27.093ms
08-04 00:36:02.027 23788 24349 I art     : Starting a blocking GC Explicit
08-04 00:36:02.031 23788 24433 E chromium: [ERROR:tile_manager.cc(793)] WARNING: tile memory limits exceeded, some content may not draw
08-04 00:36:02.035 23788 24433 E chromium: [ERROR:tile_manager.cc(793)] WARNING: tile memory limits exceeded, some content may not draw
08-04 00:36:02.058 23788 24349 I art     : Explicit concurrent mark sweep GC freed 10(320B) AllocSpace objects, 0(0B) LOS objects, 28% free, 40MB/56MB, paused 792us total 30.997ms
08-04 00:36:02.070 23788 24349 I art     : Starting a blocking GC Explicit
08-04 00:36:02.095 23788 24349 I art     : Explicit concurrent mark sweep GC freed 12(384B) AllocSpace objects, 0(0B) LOS objects, 28% free, 40MB/56MB, paused 785us total 25.089ms
08-04 00:36:02.414 23788 23822 I art     : Starting a blocking GC Explicit
08-04 00:36:02.444 23788 23822 I art     : Explicit concurrent mark sweep GC freed 1446(82KB) AllocSpace objects, 1(20KB) LOS objects, 28% free, 40MB/56MB, paused 792us total 30.007ms
08-04 00:36:02.456 23788 23822 I art     : Starting a blocking GC Explicit
08-04 00:36:02.484 23788 23822 I art     : Explicit concurrent mark sweep GC freed 20(704B) AllocSpace objects, 0(0B) LOS objects, 28% free, 40MB/56MB, paused 791us total 27.919ms
08-04 00:36:02.494 23788 23822 I art     : Starting a blocking GC Explicit
08-04 00:36:02.523 23788 23822 I art     : Explicit concurrent mark sweep GC freed 3(96B) AllocSpace objects, 0(0B) LOS objects, 28% free, 40MB/56MB, paused 794us total 28.308ms
08-04 00:36:02.532 23788 23822 I art     : Starting a blocking GC Explicit
08-04 00:36:02.560 23788 23822 I art     : Explicit concurrent mark sweep GC freed 3(96B) AllocSpace objects, 0(0B) LOS objects, 28% free, 40MB/56MB, paused 788us total 28.040ms
08-04 00:36:02.570 23788 23822 I art     : Starting a blocking GC Explicit
08-04 00:36:02.599 23788 23822 I art     : Explicit concurrent mark sweep GC freed 3(96B) AllocSpace objects, 0(0B) LOS objects, 28% free, 40MB/56MB, paused 808us total 28.308ms
08-04 00:36:02.939 23788 24349 I art     : Starting a blocking GC Explicit
08-04 00:36:02.973 23788 24349 I art     : Explicit concurrent mark sweep GC freed 1404(81KB) AllocSpace objects, 1(20KB) LOS objects, 28% free, 40MB/56MB, paused 818us total 33.039ms
08-04 00:36:02.982 23788 24349 I art     : Starting a blocking GC Explicit
08-04 00:36:03.011 23788 24349 I art     : Explicit concurrent mark sweep GC freed 20(704B) AllocSpace objects, 0(0B) LOS objects, 28% free, 40MB/56MB, paused 787us total 28.544ms
08-04 00:36:03.021 23788 24349 I art     : Starting a blocking GC Explicit
08-04 00:36:03.050 23788 24349 I art     : Explicit concurrent mark sweep GC freed 3(96B) AllocSpace objects, 0(0B) LOS objects, 28% free, 40MB/56MB, paused 768us total 28.520ms
08-04 00:36:03.059 23788 24349 I art     : Starting a blocking GC Explicit
08-04 00:36:03.088 23788 24349 I art     : Explicit concurrent mark sweep GC freed 3(96B) AllocSpace objects, 0(0B) LOS objects, 28% free, 40MB/56MB, paused 1.045ms total 28.020ms
08-04 00:36:03.097 23788 24349 I art     : Starting a blocking GC Explicit
08-04 00:36:03.125 23788 24349 I art     : Explicit concurrent mark sweep GC freed 3(96B) AllocSpace objects, 0(0B) LOS objects, 28% free, 40MB/56MB, paused 819us total 27.937ms
08-04 00:36:03.470 23788 23800 I art     : Starting a blocking GC Explicit
08-04 00:36:03.506 23788 23800 I art     : Explicit concurrent mark sweep GC freed 1404(81KB) AllocSpace objects, 1(20KB) LOS objects, 28% free, 40MB/56MB, paused 855us total 34.953ms
08-04 00:36:03.520 23788 23800 I art     : Starting a blocking GC Explicit
08-04 00:36:03.548 23788 23800 I art     : Explicit concurrent mark sweep GC freed 20(704B) AllocSpace objects, 0(0B) LOS objects, 28% free, 40MB/56MB, paused 814us total 28.201ms
08-04 00:36:03.557 23788 23800 I art     : Starting a blocking GC Explicit
08-04 00:36:03.585 23788 23800 I art     : Explicit concurrent mark sweep GC freed 3(96B) AllocSpace objects, 0(0B) LOS objects, 28% free, 40MB/56MB, paused 808us total 27.331ms
08-04 00:36:03.594 23788 23800 I art     : Starting a blocking GC Explicit
08-04 00:36:03.622 23788 23800 I art     : Explicit concurrent mark sweep GC freed 3(96B) AllocSpace objects, 0(0B) LOS objects, 28% free, 40MB/56MB, paused 791us total 27.856ms
08-04 00:36:03.632 23788 23800 I art     : Starting a blocking GC Explicit
08-04 00:36:03.661 23788 23800 I art     : Explicit concurrent mark sweep GC freed 3(96B) AllocSpace objects, 0(0B) LOS objects, 28% free, 40MB/56MB, paused 751us total 28.375ms
08-04 00:36:04.007 17791 17791 I ServiceManager: Waiting for service AtCmdFwd...
08-04 00:36:04.031 23788 23801 I art     : Starting a blocking GC Explicit
08-04 00:36:04.070 23788 23801 I art     : Explicit concurrent mark sweep GC freed 1404(81KB) AllocSpace objects, 1(20KB) LOS objects, 28% free, 40MB/56MB, paused 865us total 38.810ms
08-04 00:36:04.082 23788 23801 I art     : Starting a blocking GC Explicit
08-04 00:36:04.111 23788 23801 I art     : Explicit concurrent mark sweep GC freed 20(704B) AllocSpace objects, 0(0B) LOS objects, 28% free, 40MB/56MB, paused 812us total 28.225ms
08-04 00:36:04.120 23788 23801 I art     : Starting a blocking GC Explicit
08-04 00:36:04.148 23788 23801 I art     : Explicit concurrent mark sweep GC freed 3(96B) AllocSpace objects, 0(0B) LOS objects, 28% free, 40MB/56MB, paused 822us total 27.866ms
08-04 00:36:04.158 23788 23801 I art     : Starting a blocking GC Explicit
08-04 00:36:04.186 23788 23801 I art     : Explicit concurrent mark sweep GC freed 3(96B) AllocSpace objects, 0(0B) LOS objects, 28% free, 40MB/56MB, paused 790us total 28.011ms
08-04 00:36:04.196 23788 23801 I art     : Starting a blocking GC Explicit
08-04 00:36:04.224 23788 23801 I art     : Explicit concurrent mark sweep GC freed 3(96B) AllocSpace objects, 0(0B) LOS objects, 28% free, 40MB/56MB, paused 805us total 28.178ms
08-04 00:36:04.574 23788 23822 I art     : Starting a blocking GC Explicit
08-04 00:36:04.614 23788 23822 I art     : Explicit concurrent mark sweep GC freed 1404(81KB) AllocSpace objects, 1(20KB) LOS objects, 28% free, 40MB/56MB, paused 850us total 40.376ms
08-04 00:36:04.628 23788 23822 I art     : Starting a blocking GC Explicit
08-04 00:36:04.655 23788 23822 I art     : Explicit concurrent mark sweep GC freed 20(704B) AllocSpace objects, 0(0B) LOS objects, 28% free, 40MB/56MB, paused 810us total 27.402ms
08-04 00:36:04.665 23788 23822 I art     : Starting a blocking GC Explicit
08-04 00:36:04.693 23788 23822 I art     : Explicit concurrent mark sweep GC freed 3(96B) AllocSpace objects, 0(0B) LOS objects, 28% free, 40MB/56MB, paused 790us total 27.850ms
08-04 00:36:04.702 23788 23822 I art     : Starting a blocking GC Explicit
08-04 00:36:04.730 23788 23822 I art     : Explicit concurrent mark sweep GC freed 3(96B) AllocSpace objects, 0(0B) LOS objects, 28% free, 40MB/56MB, paused 896us total 27.771ms
08-04 00:36:04.740 23788 23822 I art     : Starting a blocking GC Explicit
08-04 00:36:04.769 23788 23822 I art     : Explicit concurrent mark sweep GC freed 3(96B) AllocSpace objects, 0(0B) LOS objects, 28% free, 40MB/56MB, paused 869us total 28.273ms
08-04 00:36:05.007 17791 17791 I ServiceManager: Waiting for service AtCmdFwd...
08-04 00:36:05.119 23788 24349 I art     : Starting a blocking GC Explicit
08-04 00:36:05.163 23788 24349 I art     : Explicit concurrent mark sweep GC freed 1402(80KB) AllocSpace objects, 1(20KB) LOS objects, 28% free, 40MB/56MB, paused 946us total 42.795ms
08-04 00:36:05.176 23788 24349 I art     : Starting a blocking GC Explicit
08-04 00:36:05.207 23788 24349 I art     : Explicit concurrent mark sweep GC freed 20(704B) AllocSpace objects, 0(0B) LOS objects, 28% free, 40MB/56MB, paused 918us total 30.697ms
08-04 00:36:05.217 23788 24349 I art     : Starting a blocking GC Explicit
08-04 00:36:05.245 23788 24349 I art     : Explicit concurrent mark sweep GC freed 3(96B) AllocSpace objects, 0(0B) LOS objects, 28% free, 40MB/56MB, paused 787us total 28.194ms
08-04 00:36:05.255 23788 24349 I art     : Starting a blocking GC Explicit
08-04 00:36:05.283 23788 24349 I art     : Explicit concurrent mark sweep GC freed 3(96B) AllocSpace objects, 0(0B) LOS objects, 28% free, 40MB/56MB, paused 753us total 28.118ms
08-04 00:36:05.293 23788 24349 I art     : Starting a blocking GC Explicit
08-04 00:36:05.321 23788 24349 I art     : Explicit concurrent mark sweep GC freed 3(96B) AllocSpace objects, 0(0B) LOS objects, 28% free, 40MB/56MB, paused 784us total 28.318ms
08-04 00:36:05.683 23788 23800 I art     : Starting a blocking GC Explicit
08-04 00:36:05.717 23788 23800 I art     : Explicit concurrent mark sweep GC freed 1402(80KB) AllocSpace objects, 1(20KB) LOS objects, 28% free, 40MB/56MB, paused 813us total 33.829ms
08-04 00:36:05.727 23788 23800 I art     : Starting a blocking GC Explicit
08-04 00:36:05.755 23788 23800 I art     : Explicit concurrent mark sweep GC freed 20(704B) AllocSpace objects, 0(0B) LOS objects, 28% free, 40MB/56MB, paused 787us total 28.507ms
08-04 00:36:05.765 23788 23800 I art     : Starting a blocking GC Explicit
08-04 00:36:05.793 23788 23800 I art     : Explicit concurrent mark sweep GC freed 3(96B) AllocSpace objects, 0(0B) LOS objects, 28% free, 40MB/56MB, paused 769us total 28.232ms
08-04 00:36:05.803 23788 23800 I art     : Starting a blocking GC Explicit
08-04 00:36:05.832 23788 23800 I art     : Explicit concurrent mark sweep GC freed 3(96B) AllocSpace objects, 0(0B) LOS objects, 28% free, 40MB/56MB, paused 809us total 28.365ms
08-04 00:36:05.841 23788 23800 I art     : Starting a blocking GC Explicit
08-04 00:36:05.870 23788 23800 I art     : Explicit concurrent mark sweep GC freed 3(96B) AllocSpace objects, 0(0B) LOS objects, 28% free, 40MB/56MB, paused 791us total 28.420ms
08-04 00:36:06.008 17791 17791 I ServiceManager: Waiting for service AtCmdFwd...
08-04 00:36:06.251 23788 23801 I art     : Starting a blocking GC Explicit
08-04 00:36:06.284 23788 23801 I art     : Explicit concurrent mark sweep GC freed 1402(80KB) AllocSpace objects, 1(20KB) LOS objects, 28% free, 40MB/56MB, paused 825us total 32.331ms
08-04 00:36:06.294 23788 23801 I art     : Starting a blocking GC Explicit
08-04 00:36:06.322 23788 23801 I art     : Explicit concurrent mark sweep GC freed 20(704B) AllocSpace objects, 0(0B) LOS objects, 28% free, 40MB/56MB, paused 793us total 28.255ms
08-04 00:36:06.332 23788 23801 I art     : Starting a blocking GC Explicit
08-04 00:36:06.360 23788 23801 I art     : Explicit concurrent mark sweep GC freed 3(96B) AllocSpace objects, 0(0B) LOS objects, 28% free, 40MB/56MB, paused 788us total 28.355ms
08-04 00:36:06.370 23788 23801 I art     : Starting a blocking GC Explicit
08-04 00:36:06.398 23788 23801 I art     : Explicit concurrent mark sweep GC freed 3(96B) AllocSpace objects, 0(0B) LOS objects, 28% free, 40MB/56MB, paused 883us total 27.994ms
08-04 00:36:06.408 23788 23801 I art     : Starting a blocking GC Explicit
08-04 00:36:06.434 23788 23801 I art     : Explicit concurrent mark sweep GC freed 3(96B) AllocSpace objects, 0(0B) LOS objects, 28% free, 40MB/56MB, paused 825us total 25.820ms
08-04 00:36:06.796 23788 23822 I art     : Starting a blocking GC Explicit
08-04 00:36:06.836 23788 23822 I art     : Explicit concurrent mark sweep GC freed 1402(80KB) AllocSpace objects, 1(20KB) LOS objects, 28% free, 40MB/56MB, paused 923us total 39.784ms
08-04 00:36:06.850 23788 23822 I art     : Starting a blocking GC Explicit
08-04 00:36:06.878 23788 23822 I art     : Explicit concurrent mark sweep GC freed 20(704B) AllocSpace objects, 0(0B) LOS objects, 28% free, 40MB/56MB, paused 814us total 28.095ms
08-04 00:36:06.888 23788 23822 I art     : Starting a blocking GC Explicit
08-04 00:36:06.916 23788 23822 I art     : Explicit concurrent mark sweep GC freed 3(96B) AllocSpace objects, 0(0B) LOS objects, 28% free, 40MB/56MB, paused 742us total 28.159ms
08-04 00:36:06.926 23788 23822 I art     : Starting a blocking GC Explicit
08-04 00:36:06.954 23788 23822 I art     : Explicit concurrent mark sweep GC freed 3(96B) AllocSpace objects, 0(0B) LOS objects, 28% free, 40MB/56MB, paused 873us total 28.056ms
08-04 00:36:06.964 23788 23822 I art     : Starting a blocking GC Explicit
08-04 00:36:06.992 23788 23822 I art     : Explicit concurrent mark sweep GC freed 3(96B) AllocSpace objects, 0(0B) LOS objects, 28% free, 40MB/56MB, paused 789us total 27.687ms
08-04 00:36:07.009 17791 17791 I ServiceManager: Waiting for service AtCmdFwd...
08-04 00:36:07.364 23788 24349 I art     : Starting a blocking GC Explicit
08-04 00:36:07.407 23788 24349 I art     : Explicit concurrent mark sweep GC freed 1402(80KB) AllocSpace objects, 1(20KB) LOS objects, 28% free, 40MB/56MB, paused 1.068ms total 43.168ms
08-04 00:36:07.421 23788 24349 I art     : Starting a blocking GC Explicit
08-04 00:36:07.454 23788 24349 I art     : Explicit concurrent mark sweep GC freed 20(704B) AllocSpace objects, 0(0B) LOS objects, 28% free, 40MB/56MB, paused 812us total 31.877ms
08-04 00:36:07.463 23788 24349 I art     : Starting a blocking GC Explicit
08-04 00:36:07.492 23788 24349 I art     : Explicit concurrent mark sweep GC freed 3(96B) AllocSpace objects, 0(0B) LOS objects, 28% free, 40MB/56MB, paused 799us total 28.384ms
08-04 00:36:07.502 23788 24349 I art     : Starting a blocking GC Explicit
08-04 00:36:07.530 23788 24349 I art     : Explicit concurrent mark sweep GC freed 3(96B) AllocSpace objects, 0(0B) LOS objects, 28% free, 40MB/56MB, paused 811us total 28.117ms
08-04 00:36:07.540 23788 24349 I art     : Starting a blocking GC Explicit
08-04 00:36:07.567 23788 24349 I art     : Explicit concurrent mark sweep GC freed 3(96B) AllocSpace objects, 0(0B) LOS objects, 28% free, 40MB/56MB, paused 903us total 27.406ms
08-04 00:36:07.955 23788 23800 I art     : Starting a blocking GC Explicit
08-04 00:36:07.995 23788 23800 I art     : Explicit concurrent mark sweep GC freed 1402(80KB) AllocSpace objects, 1(20KB) LOS objects, 28% free, 40MB/56MB, paused 885us total 39.540ms
08-04 00:36:08.008 23788 23800 I art     : Starting a blocking GC Explicit
08-04 00:36:08.010 17791 17791 I ServiceManager: Waiting for service AtCmdFwd...
08-04 00:36:08.037 23788 23800 I art     : Explicit concurrent mark sweep GC freed 20(704B) AllocSpace objects, 0(0B) LOS objects, 28% free, 40MB/56MB, paused 877us total 28.670ms
08-04 00:36:08.047 23788 23800 I art     : Starting a blocking GC Explicit
08-04 00:36:08.075 23788 23800 I art     : Explicit concurrent mark sweep GC freed 3(96B) AllocSpace objects, 0(0B) LOS objects, 28% free, 40MB/56MB, paused 799us total 28.466ms
08-04 00:36:08.085 23788 23800 I art     : Starting a blocking GC Explicit
08-04 00:36:08.114 23788 23800 I art     : Explicit concurrent mark sweep GC freed 3(96B) AllocSpace objects, 0(0B) LOS objects, 28% free, 40MB/56MB, paused 813us total 28.221ms
08-04 00:36:08.123 23788 23800 I art     : Starting a blocking GC Explicit
08-04 00:36:08.152 23788 23800 I art     : Explicit concurrent mark sweep GC freed 3(96B) AllocSpace objects, 0(0B) LOS objects, 28% free, 40MB/56MB, paused 811us total 28.028ms
08-04 00:36:08.152 23788 23798 I art     : WaitForGcToComplete blocked for 25.742ms for cause HeapTrim
08-04 00:36:08.507 23788 23801 I art     : Starting a blocking GC Explicit
08-04 00:36:08.547 23788 23801 I art     : Explicit concurrent mark sweep GC freed 1402(80KB) AllocSpace objects, 1(20KB) LOS objects, 28% free, 40MB/56MB, paused 932us total 39.295ms
08-04 00:36:08.562 23788 23801 I art     : Starting a blocking GC Explicit
08-04 00:36:08.588 23788 23801 I art     : Explicit concurrent mark sweep GC freed 20(704B) AllocSpace objects, 0(0B) LOS objects, 28% free, 40MB/56MB, paused 833us total 26.367ms
08-04 00:36:08.598 23788 23801 I art     : Starting a blocking GC Explicit
08-04 00:36:08.623 23788 23801 I art     : Explicit concurrent mark sweep GC freed 3(96B) AllocSpace objects, 0(0B) LOS objects, 28% free, 40MB/56MB, paused 751us total 25.139ms
08-04 00:36:08.632 23788 23801 I art     : Starting a blocking GC Explicit
08-04 00:36:08.659 23788 23801 I art     : Explicit concurrent mark sweep GC freed 3(96B) AllocSpace objects, 0(0B) LOS objects, 28% free, 40MB/56MB, paused 772us total 26.791ms
08-04 00:36:08.668 23788 23801 I art     : Starting a blocking GC Explicit
08-04 00:36:08.695 23788 23801 I art     : Explicit concurrent mark sweep GC freed 3(96B) AllocSpace objects, 0(0B) LOS objects, 28% free, 40MB/56MB, paused 789us total 27.056ms
08-04 00:36:08.890   518   646 I ThermalEngine: ACTION: GPU - Setting GPU[0] to 600000000
08-04 00:36:09.010 17791 17791 W Atfwd_Sendcmd: AtCmdFwd service not published, waiting... retryCnt : 1
08-04 00:36:09.074 23788 23822 I art     : Starting a blocking GC Explicit
08-04 00:36:09.105 23788 23822 I art     : Explicit concurrent mark sweep GC freed 1402(80KB) AllocSpace objects, 1(20KB) LOS objects, 28% free, 40MB/56MB, paused 656us total 30.152ms
08-04 00:36:09.115 23788 23822 I art     : Starting a blocking GC Explicit
08-04 00:36:09.138 23788 23822 I art     : Explicit concurrent mark sweep GC freed 20(704B) AllocSpace objects, 0(0B) LOS objects, 28% free, 40MB/56MB, paused 609us total 22.876ms
08-04 00:36:09.146 23788 23822 I art     : Starting a blocking GC Explicit
08-04 00:36:09.168 23788 23822 I art     : Explicit concurrent mark sweep GC freed 3(96B) AllocSpace objects, 0(0B) LOS objects, 28% free, 40MB/56MB, paused 580us total 21.919ms
08-04 00:36:09.175 23788 23822 I art     : Starting a blocking GC Explicit
08-04 00:36:09.197 23788 23822 I art     : Explicit concurrent mark sweep GC freed 3(96B) AllocSpace objects, 0(0B) LOS objects, 28% free, 40MB/56MB, paused 654us total 21.952ms
08-04 00:36:09.204 23788 23822 I art     : Starting a blocking GC Explicit
08-04 00:36:09.226 23788 23822 I art     : Explicit concurrent mark sweep GC freed 3(96B) AllocSpace objects, 0(0B) LOS objects, 28% free, 40MB/56MB, paused 587us total 21.885ms
08-04 00:36:09.582 23788 24349 I art     : Starting a blocking GC Explicit
08-04 00:36:09.612 23788 24349 I art     : Explicit concurrent mark sweep GC freed 1402(80KB) AllocSpace objects, 1(20KB) LOS objects, 28% free, 40MB/56MB, paused 674us total 29.821ms
08-04 00:36:09.624 23788 24349 I art     : Starting a blocking GC Explicit
08-04 00:36:09.649 23788 24349 I art     : Explicit concurrent mark sweep GC freed 20(704B) AllocSpace objects, 0(0B) LOS objects, 28% free, 40MB/56MB, paused 587us total 24.185ms
08-04 00:36:09.656 23788 24349 I art     : Starting a blocking GC Explicit
08-04 00:36:09.679 23788 24349 I art     : Explicit concurrent mark sweep GC freed 3(96B) AllocSpace objects, 0(0B) LOS objects, 28% free, 40MB/56MB, paused 595us total 22.625ms
08-04 00:36:09.687 23788 24349 I art     : Starting a blocking GC Explicit
08-04 00:36:09.709 23788 24349 I art     : Explicit concurrent mark sweep GC freed 3(96B) AllocSpace objects, 0(0B) LOS objects, 28% free, 40MB/56MB, paused 568us total 21.711ms
08-04 00:36:09.716 23788 24349 I art     : Starting a blocking GC Explicit
08-04 00:36:09.739 23788 24349 I art     : Explicit concurrent mark sweep GC freed 3(96B) AllocSpace objects, 0(0B) LOS objects, 28% free, 40MB/56MB, paused 592us total 22.149ms
08-04 00:36:10.103 23788 23800 I art     : Starting a blocking GC Explicit
08-04 00:36:10.133 23788 23800 I art     : Explicit concurrent mark sweep GC freed 1438(82KB) AllocSpace objects, 1(20KB) LOS objects, 28% free, 40MB/56MB, paused 657us total 29.652ms
08-04 00:36:10.145 23788 23800 I art     : Starting a blocking GC Explicit
08-04 00:36:10.170 23788 23800 I art     : Explicit concurrent mark sweep GC freed 20(704B) AllocSpace objects, 0(0B) LOS objects, 28% free, 40MB/56MB, paused 570us total 25.278ms
08-04 00:36:10.178 23788 23800 I art     : Starting a blocking GC Explicit
08-04 00:36:10.200 23788 23800 I art     : Explicit concurrent mark sweep GC freed 3(96B) AllocSpace objects, 0(0B) LOS objects, 28% free, 40MB/56MB, paused 562us total 22.259ms
08-04 00:36:10.208 23788 23800 I art     : Starting a blocking GC Explicit
08-04 00:36:10.230 23788 23800 I art     : Explicit concurrent mark sweep GC freed 3(96B) AllocSpace objects, 0(0B) LOS objects, 28% free, 40MB/56MB, paused 575us total 22.225ms
08-04 00:36:10.238 23788 23800 I art     : Starting a blocking GC Explicit
08-04 00:36:10.260 23788 23800 I art     : Explicit concurrent mark sweep GC freed 3(96B) AllocSpace objects, 0(0B) LOS objects, 28% free, 40MB/56MB, paused 603us total 22.039ms
08-04 00:36:10.609 23788 23801 I art     : Starting a blocking GC Explicit
08-04 00:36:10.642 23788 23801 I art     : Explicit concurrent mark sweep GC freed 1402(80KB) AllocSpace objects, 1(20KB) LOS objects, 28% free, 40MB/56MB, paused 643us total 32.725ms
08-04 00:36:10.654 23788 23801 I art     : Starting a blocking GC Explicit
08-04 00:36:10.678 23788 23801 I art     : Explicit concurrent mark sweep GC freed 20(704B) AllocSpace objects, 0(0B) LOS objects, 28% free, 40MB/56MB, paused 613us total 23.438ms
08-04 00:36:10.686 23788 23801 I art     : Starting a blocking GC Explicit
08-04 00:36:10.709 23788 23801 I art     : Explicit concurrent mark sweep GC freed 3(96B) AllocSpace objects, 0(0B) LOS objects, 28% free, 40MB/56MB, paused 578us total 23.031ms
08-04 00:36:10.717 23788 23801 I art     : Starting a blocking GC Explicit
08-04 00:36:10.740 23788 23801 I art     : Explicit concurrent mark sweep GC freed 3(96B) AllocSpace objects, 0(0B) LOS objects, 28% free, 40MB/56MB, paused 596us total 22.636ms
08-04 00:36:10.748 23788 23801 I art     : Starting a blocking GC Explicit
08-04 00:36:10.769 23788 23801 I art     : Explicit concurrent mark sweep GC freed 3(96B) AllocSpace objects, 0(0B) LOS objects, 28% free, 40MB/56MB, paused 562us total 21.754ms
08-04 00:36:11.138 23788 23822 I art     : Starting a blocking GC Explicit
08-04 00:36:11.169 23788 23822 I art     : Explicit concurrent mark sweep GC freed 1402(80KB) AllocSpace objects, 1(20KB) LOS objects, 28% free, 40MB/56MB, paused 657us total 30.876ms
08-04 00:36:11.179 23788 23822 I art     : Starting a blocking GC Explicit
08-04 00:36:11.202 23788 23822 I art     : Explicit concurrent mark sweep GC freed 20(704B) AllocSpace objects, 0(0B) LOS objects, 28% free, 40MB/56MB, paused 581us total 23.050ms
08-04 00:36:11.210 23788 23822 I art     : Starting a blocking GC Explicit
08-04 00:36:11.232 23788 23822 I art     : Explicit concurrent mark sweep GC freed 3(96B) AllocSpace objects, 0(0B) LOS objects, 28% free, 40MB/56MB, paused 572us total 21.512ms
08-04 00:36:11.239 23788 23822 I art     : Starting a blocking GC Explicit
08-04 00:36:11.261 23788 23822 I art     : Explicit concurrent mark sweep GC freed 3(96B) AllocSpace objects, 0(0B) LOS objects, 28% free, 40MB/56MB, paused 577us total 21.849ms
08-04 00:36:11.269 23788 23822 I art     : Starting a blocking GC Explicit
08-04 00:36:11.291 23788 23822 I art     : Explicit concurrent mark sweep GC freed 3(96B) AllocSpace objects, 0(0B) LOS objects, 28% free, 40MB/56MB, paused 559us total 22.276ms
08-04 00:36:11.645 23788 24349 I art     : Starting a blocking GC Explicit
08-04 00:36:11.676 23788 24349 I art     : Explicit concurrent mark sweep GC freed 1402(80KB) AllocSpace objects, 1(20KB) LOS objects, 28% free, 40MB/56MB, paused 619us total 30.400ms
08-04 00:36:11.688 23788 24349 I art     : Starting a blocking GC Explicit
08-04 00:36:11.710 23788 24349 I art     : Explicit concurrent mark sweep GC freed 20(704B) AllocSpace objects, 0(0B) LOS objects, 28% free, 40MB/56MB, paused 562us total 22.678ms
08-04 00:36:11.718 23788 24349 I art     : Starting a blocking GC Explicit
08-04 00:36:11.740 23788 24349 I art     : Explicit concurrent mark sweep GC freed 3(96B) AllocSpace objects, 0(0B) LOS objects, 28% free, 40MB/56MB, paused 567us total 22.152ms
08-04 00:36:11.748 23788 24349 I art     : Starting a blocking GC Explicit
08-04 00:36:11.771 23788 24349 I art     : Explicit concurrent mark sweep GC freed 3(96B) AllocSpace objects, 0(0B) LOS objects, 28% free, 40MB/56MB, paused 567us total 22.606ms
08-04 00:36:11.779 23788 24349 I art     : Starting a blocking GC Explicit
08-04 00:36:11.801 23788 24349 I art     : Explicit concurrent mark sweep GC freed 3(96B) AllocSpace objects, 0(0B) LOS objects, 28% free, 40MB/56MB, paused 554us total 21.720ms
08-04 00:36:12.154 23788 23800 I art     : Starting a blocking GC Explicit
08-04 00:36:12.189 23788 23800 I art     : Explicit concurrent mark sweep GC freed 1402(80KB) AllocSpace objects, 1(20KB) LOS objects, 28% free, 40MB/56MB, paused 717us total 34.671ms
08-04 00:36:12.200 23788 23800 I art     : Starting a blocking GC Explicit
08-04 00:36:12.222 23788 23800 I art     : Explicit concurrent mark sweep GC freed 20(704B) AllocSpace objects, 0(0B) LOS objects, 28% free, 40MB/56MB, paused 576us total 21.939ms
08-04 00:36:12.230 23788 23800 I art     : Starting a blocking GC Explicit
08-04 00:36:12.253 23788 23800 I art     : Explicit concurrent mark sweep GC freed 3(96B) AllocSpace objects, 0(0B) LOS objects, 28% free, 40MB/56MB, paused 555us total 22.467ms
08-04 00:36:12.260 23788 23800 I art     : Starting a blocking GC Explicit
08-04 00:36:12.283 23788 23800 I art     : Explicit concurrent mark sweep GC freed 3(96B) AllocSpace objects, 0(0B) LOS objects, 28% free, 40MB/56MB, paused 576us total 22.390ms
08-04 00:36:12.290 23788 23800 I art     : Starting a blocking GC Explicit
08-04 00:36:12.312 23788 23800 I art     : Explicit concurrent mark sweep GC freed 3(96B) AllocSpace objects, 0(0B) LOS objects, 28% free, 40MB/56MB, paused 561us total 21.770ms
08-04 00:36:12.644 23788 23801 I art     : Starting a blocking GC Explicit
08-04 00:36:12.679 23788 23801 I art     : Explicit concurrent mark sweep GC freed 1402(80KB) AllocSpace objects, 1(20KB) LOS objects, 28% free, 40MB/56MB, paused 676us total 34.528ms
08-04 00:36:12.692 23788 23801 I art     : Starting a blocking GC Explicit
08-04 00:36:12.713 23788 23801 I art     : Explicit concurrent mark sweep GC freed 20(704B) AllocSpace objects, 0(0B) LOS objects, 28% free, 40MB/56MB, paused 573us total 21.351ms
08-04 00:36:12.721 23788 23801 I art     : Starting a blocking GC Explicit
08-04 00:36:12.743 23788 23801 I art     : Explicit concurrent mark sweep GC freed 3(96B) AllocSpace objects, 0(0B) LOS objects, 28% free, 40MB/56MB, paused 571us total 21.923ms
08-04 00:36:12.750 23788 23801 I art     : Starting a blocking GC Explicit
08-04 00:36:12.773 23788 23801 I art     : Explicit concurrent mark sweep GC freed 3(96B) AllocSpace objects, 0(0B) LOS objects, 28% free, 40MB/56MB, paused 668us total 22.278ms
08-04 00:36:12.780 23788 23801 I art     : Starting a blocking GC Explicit
08-04 00:36:12.802 23788 23801 I art     : Explicit concurrent mark sweep GC freed 3(96B) AllocSpace objects, 0(0B) LOS objects, 28% free, 40MB/56MB, paused 554us total 21.820ms
08-04 00:36:13.068 23788 23822 I art     : Starting a blocking GC Explicit
08-04 00:36:13.091 23788 23822 I art     : Explicit concurrent mark sweep GC freed 1402(80KB) AllocSpace objects, 1(20KB) LOS objects, 28% free, 40MB/56MB, paused 594us total 23.154ms
08-04 00:36:13.099 23788 23822 I art     : Starting a blocking GC Explicit
08-04 00:36:13.120 23788 23822 I art     : Explicit concurrent mark sweep GC freed 20(704B) AllocSpace objects, 0(0B) LOS objects, 28% free, 40MB/56MB, paused 581us total 20.922ms
08-04 00:36:13.127 23788 23822 I art     : Starting a blocking GC Explicit
08-04 00:36:13.149 23788 23822 I art     : Explicit concurrent mark sweep GC freed 3(96B) AllocSpace objects, 0(0B) LOS objects, 28% free, 40MB/56MB, paused 638us total 21.248ms
08-04 00:36:13.156 23788 23822 I art     : Starting a blocking GC Explicit
08-04 00:36:13.156 26037 26037 D AndroidRuntime: >>>>>> START com.android.internal.os.RuntimeInit uid 2000 <<<<<<
08-04 00:36:13.161 26037 26037 D AndroidRuntime: CheckJNI is OFF
08-04 00:36:13.178 23788 23822 I art     : Explicit concurrent mark sweep GC freed 3(96B) AllocSpace objects, 0(0B) LOS objects, 28% free, 40MB/56MB, paused 602us total 21.321ms
08-04 00:36:13.185 23788 23822 I art     : Starting a blocking GC Explicit
08-04 00:36:13.190 26037 26037 D ICU     : No timezone override file found: /data/misc/zoneinfo/current/icu/icu_tzdata.dat
08-04 00:36:13.205 23788 23822 I art     : Explicit concurrent mark sweep GC freed 3(96B) AllocSpace objects, 0(0B) LOS objects, 28% free, 40MB/56MB, paused 537us total 19.658ms
08-04 00:36:13.214 26037 26037 I Radio-JNI: register_android_hardware_Radio DONE
08-04 00:36:13.230 26037 26037 D AndroidRuntime: Calling main entry com.android.commands.input.Input
08-04 00:36:13.231 26037 26037 I Input   : injectKeyEvent: KeyEvent { action=ACTION_DOWN, keyCode=KEYCODE_BACK, scanCode=0, metaState=0, flags=0x0, repeatCount=0, eventTime=664589644, downTime=664589644, deviceId=-1, source=0x101 }
08-04 00:36:13.236 26037 26037 I Input   : injectKeyEvent: KeyEvent { action=ACTION_UP, keyCode=KEYCODE_BACK, scanCode=0, metaState=0, flags=0x0, repeatCount=0, eventTime=664589644, downTime=664589644, deviceId=-1, source=0x101 }
08-04 00:36:13.242 26037 26037 D AndroidRuntime: Shutting down VM
08-04 00:36:13.247 23788 23788 D baseline.com.newsblur.service.NBSyncService: rejecting request for feedset that is exhaused
08-04 00:36:13.352 23788 23788 D baseline.com.newsblur.service.NBSyncService: rejecting request for feedset that is exhaused
08-04 00:36:13.397 13866 13866 I GoogleInputMethodServic: GoogleInputMethodService.onFinishInput():3138 
08-04 00:36:13.398 13866 13866 I GoogleInputMethodServic: GoogleInputMethodService.onStartInput():1808 
08-04 00:36:13.461 23788 23800 I art     : Starting a blocking GC Explicit
08-04 00:36:13.484 23788 23800 I art     : Explicit concurrent mark sweep GC freed 3936(312KB) AllocSpace objects, 6(128KB) LOS objects, 28% free, 40MB/56MB, paused 531us total 22.332ms
08-04 00:36:13.492 23788 23800 I art     : Starting a blocking GC Explicit
08-04 00:36:13.519 23788 23800 I art     : Explicit concurrent mark sweep GC freed 171(8KB) AllocSpace objects, 0(0B) LOS objects, 28% free, 40MB/56MB, paused 593us total 27.610ms
08-04 00:36:13.528 23788 23800 I art     : Starting a blocking GC Explicit
08-04 00:36:13.556 23788 23800 I art     : Explicit concurrent mark sweep GC freed 3(96B) AllocSpace objects, 0(0B) LOS objects, 28% free, 40MB/56MB, paused 584us total 27.161ms
08-04 00:36:13.556 23788 23798 I art     : WaitForGcToComplete blocked for 8.431ms for cause HeapTrim
08-04 00:36:13.568 23788 23800 I art     : Starting a blocking GC Explicit
08-04 00:36:13.596 23788 23800 I art     : Explicit concurrent mark sweep GC freed 3(96B) AllocSpace objects, 0(0B) LOS objects, 28% free, 40MB/56MB, paused 627us total 27.825ms
08-04 00:36:13.603 23788 23800 I art     : Starting a blocking GC Explicit
08-04 00:36:13.626 23788 23800 I art     : Explicit concurrent mark sweep GC freed 3(96B) AllocSpace objects, 0(0B) LOS objects, 28% free, 40MB/56MB, paused 610us total 23.273ms
08-04 00:36:13.934 23788 23822 I art     : Starting a blocking GC Explicit
08-04 00:36:13.959 23788 23822 I art     : Explicit concurrent mark sweep GC freed 2669(141KB) AllocSpace objects, 1(20KB) LOS objects, 28% free, 40MB/56MB, paused 538us total 24.341ms
08-04 00:36:13.969 23788 23822 I art     : Starting a blocking GC Explicit
08-04 00:36:13.984   918  3263 D ConnectivityService: releasing NetworkRequest NetworkRequest [ id=2472, legacyType=-1, [ Capabilities: INTERNET&NOT_RESTRICTED&TRUSTED] ]
08-04 00:36:13.993 23788 23822 I art     : Explicit concurrent mark sweep GC freed 864(39KB) AllocSpace objects, 0(0B) LOS objects, 28% free, 40MB/56MB, paused 707us total 23.816ms
08-04 00:36:14.002 23788 23822 I art     : Starting a blocking GC Explicit
08-04 00:36:14.011 17791 17791 I ServiceManager: Waiting for service AtCmdFwd...
08-04 00:36:14.021 23788 23822 I art     : Explicit concurrent mark sweep GC freed 5034(399KB) AllocSpace objects, 12(4MB) LOS objects, 31% free, 35MB/51MB, paused 540us total 19.392ms
08-04 00:36:14.028 23788 23822 I art     : Starting a blocking GC Explicit
08-04 00:36:14.045 23788 23822 I art     : Explicit concurrent mark sweep GC freed 6(192B) AllocSpace objects, 0(0B) LOS objects, 31% free, 35MB/51MB, paused 628us total 16.982ms
08-04 00:36:14.052 23788 23822 I art     : Starting a blocking GC Explicit
08-04 00:36:14.070 23788 23822 I art     : Explicit concurrent mark sweep GC freed 6(192B) AllocSpace objects, 0(0B) LOS objects, 31% free, 35MB/51MB, paused 541us total 17.950ms
08-04 00:36:14.367 23788 23800 I art     : Starting a blocking GC Explicit
08-04 00:36:14.386 23788 23800 I art     : Explicit concurrent mark sweep GC freed 1440(82KB) AllocSpace objects, 1(20KB) LOS objects, 31% free, 35MB/51MB, paused 532us total 18.913ms
08-04 00:36:14.392 23788 23800 I art     : Starting a blocking GC Explicit
08-04 00:36:14.411 23788 23800 I art     : Explicit concurrent mark sweep GC freed 23(800B) AllocSpace objects, 0(0B) LOS objects, 31% free, 35MB/51MB, paused 479us total 18.247ms
08-04 00:36:14.418 23788 23800 I art     : Starting a blocking GC Explicit
08-04 00:36:14.437 23788 23800 I art     : Explicit concurrent mark sweep GC freed 6(192B) AllocSpace objects, 0(0B) LOS objects, 31% free, 35MB/51MB, paused 565us total 18.619ms
08-04 00:36:14.444 23788 23800 I art     : Starting a blocking GC Explicit
08-04 00:36:14.462 23788 23800 I art     : Explicit concurrent mark sweep GC freed 6(192B) AllocSpace objects, 0(0B) LOS objects, 31% free, 35MB/51MB, paused 474us total 17.999ms
08-04 00:36:14.470 23788 23800 I art     : Starting a blocking GC Explicit
08-04 00:36:14.488 23788 23800 I art     : Explicit concurrent mark sweep GC freed 6(192B) AllocSpace objects, 0(0B) LOS objects, 31% free, 35MB/51MB, paused 575us total 18.125ms
08-04 00:36:14.764 26090 26090 D AndroidRuntime: >>>>>> START com.android.internal.os.RuntimeInit uid 2000 <<<<<<
08-04 00:36:14.769 26090 26090 D AndroidRuntime: CheckJNI is OFF
08-04 00:36:14.779 23788 23800 I art     : Starting a blocking GC Explicit
08-04 00:36:14.799 26090 26090 D ICU     : No timezone override file found: /data/misc/zoneinfo/current/icu/icu_tzdata.dat
08-04 00:36:14.802 23788 23800 I art     : Explicit concurrent mark sweep GC freed 1437(82KB) AllocSpace objects, 1(20KB) LOS objects, 31% free, 35MB/51MB, paused 761us total 22.779ms
08-04 00:36:14.810 23788 23800 I art     : Starting a blocking GC Explicit
08-04 00:36:14.827 26090 26090 I Radio-JNI: register_android_hardware_Radio DONE
08-04 00:36:14.829 23788 23800 I art     : Explicit concurrent mark sweep GC freed 20(704B) AllocSpace objects, 0(0B) LOS objects, 31% free, 35MB/51MB, paused 558us total 18.975ms
08-04 00:36:14.836 23788 23800 I art     : Starting a blocking GC Explicit
08-04 00:36:14.843 26090 26090 D AndroidRuntime: Calling main entry com.android.commands.input.Input
08-04 00:36:14.845 26090 26090 I Input   : injectMotionEvent: MotionEvent { action=ACTION_DOWN, actionButton=0, id[0]=0, x[0]=435.0, y[0]=858.0, toolType[0]=TOOL_TYPE_UNKNOWN, buttonState=0, metaState=0, flags=0x0, edgeFlags=0x0, pointerCount=1, historySize=0, eventTime=664591258, downTime=664591258, deviceId=0, source=0x1002 }
08-04 00:36:14.849 26090 26090 I Input   : injectMotionEvent: MotionEvent { action=ACTION_UP, actionButton=0, id[0]=0, x[0]=435.0, y[0]=858.0, toolType[0]=TOOL_TYPE_UNKNOWN, buttonState=0, metaState=0, flags=0x0, edgeFlags=0x0, pointerCount=1, historySize=0, eventTime=664591258, downTime=664591258, deviceId=0, source=0x1002 }
08-04 00:36:14.852 26090 26090 D AndroidRuntime: Shutting down VM
08-04 00:36:14.854 23788 23800 I art     : Explicit concurrent mark sweep GC freed 5(160B) AllocSpace objects, 0(0B) LOS objects, 31% free, 35MB/51MB, paused 581us total 18.019ms
08-04 00:36:14.860   512  2967 D audio_hw_primary: out_set_parameters: enter: usecase(1: low-latency-playback) kvpairs: routing=2
08-04 00:36:14.860   918   928 I ActivityManager: START u0 {cmp=baseline.com.newsblur/.activity.AllSharedStoriesReading (has extras)} from uid 10652 on display 0
08-04 00:36:14.861 23788 23800 I art     : Starting a blocking GC Explicit
08-04 00:36:14.873   512  2967 D audio_hw_primary: select_devices: out_snd_device(2: speaker) in_snd_device(0: none)
08-04 00:36:14.873   512  2967 D msm8974_platform: platform_send_audio_calibration: sending audio calibration for snd_device(2) acdb_id(15)
08-04 00:36:14.873   512  2967 I soundtrigger: audio_extn_sound_trigger_update_device_status: device 0x2 of type 0 for Event 1
08-04 00:36:14.880 23788 23800 I art     : Explicit concurrent mark sweep GC freed 700(102KB) AllocSpace objects, 2(40KB) LOS objects, 30% free, 35MB/51MB, paused 807us total 18.948ms
08-04 00:36:14.883   512  2967 D audio_hw_primary: enable_snd_device: snd_device(2: speaker)
08-04 00:36:14.885   512  2967 D audio_hw_primary: enable_audio_route: apply and update mixer path: low-latency-playback speaker
08-04 00:36:14.888 23788 23800 I art     : Starting a blocking GC Explicit
08-04 00:36:14.902   518   646 I ThermalEngine: ACTION: GPU - Setting GPU[0] to 510000000
08-04 00:36:14.912 23788 23800 I art     : Explicit concurrent mark sweep GC freed 984(77KB) AllocSpace objects, 1(112KB) LOS objects, 30% free, 37MB/53MB, paused 1.021ms total 24.444ms
08-04 00:36:15.011 17791 17791 I ServiceManager: Waiting for service AtCmdFwd...
08-04 00:36:15.067 13866 13866 I GoogleInputMethodServic: GoogleInputMethodService.onFinishInput():3138 
08-04 00:36:15.067 13866 13866 I GoogleInputMethodServic: GoogleInputMethodService.onStartInput():1808 
08-04 00:36:15.093   918   936 I ActivityManager: Displayed baseline.com.newsblur/.activity.AllSharedStoriesReading: +226ms
08-04 00:36:15.101   918  3961 D ConnectivityService: listenForNetwork for Listen from uid/pid:10652/23788 for NetworkRequest [ id=2473, legacyType=-1, [ Capabilities: INTERNET&NOT_RESTRICTED&TRUSTED] ]
08-04 00:36:15.195 23788 23800 I art     : Starting a blocking GC Explicit
08-04 00:36:15.226 23788 23800 I art     : Explicit concurrent mark sweep GC freed 5856(458KB) AllocSpace objects, 8(528KB) LOS objects, 28% free, 40MB/56MB, paused 880us total 30.505ms
08-04 00:36:15.236 23788 23800 I art     : Starting a blocking GC Explicit
08-04 00:36:15.265 23788 23800 I art     : Explicit concurrent mark sweep GC freed 2081(203KB) AllocSpace objects, 0(0B) LOS objects, 28% free, 40MB/56MB, paused 954us total 28.508ms
08-04 00:36:15.275 23788 23800 I art     : Starting a blocking GC Explicit
08-04 00:36:15.289 23788 23808 E SQLiteLog: (9) statement aborts at 126: [SELECT authors,short_content,timestamp,sharedDate,stories.feed_id,stories._id,intelligence_authors,intelligence_feed,intelligence_tags,intelligence_total,intelligence_title,permalink,
08-04 00:36:15.306 23788 23800 I art     : Explicit concurrent mark sweep GC freed 2738(183KB) AllocSpace objects, 4(80KB) LOS objects, 28% free, 40MB/56MB, paused 1.252ms total 30.582ms
08-04 00:36:15.315 23788 23800 I art     : Starting a blocking GC Explicit
08-04 00:36:15.337 23788 24433 E chromium: [ERROR:tile_manager.cc(793)] WARNING: tile memory limits exceeded, some content may not draw
08-04 00:36:15.338 23788 24433 E chromium: [ERROR:tile_manager.cc(793)] WARNING: tile memory limits exceeded, some content may not draw
08-04 00:36:15.343 23788 23800 I art     : Explicit concurrent mark sweep GC freed 2270(227KB) AllocSpace objects, 3(60KB) LOS objects, 28% free, 40MB/56MB, paused 1.093ms total 27.746ms
08-04 00:36:15.352 23788 23800 I art     : Starting a blocking GC Explicit
08-04 00:36:15.359 23788 24433 E chromium: [ERROR:tile_manager.cc(793)] WARNING: tile memory limits exceeded, some content may not draw
08-04 00:36:15.359 23788 24433 E chromium: [ERROR:tile_manager.cc(793)] WARNING: tile memory limits exceeded, some content may not draw
08-04 00:36:15.378 23788 23800 I art     : Explicit concurrent mark sweep GC freed 941(41KB) AllocSpace objects, 0(0B) LOS objects, 28% free, 40MB/56MB, paused 1.105ms total 25.203ms
08-04 00:36:15.394 23788 24433 E chromium: [ERROR:tile_manager.cc(793)] WARNING: tile memory limits exceeded, some content may not draw
08-04 00:36:15.394 23788 24433 E chromium: [ERROR:tile_manager.cc(793)] WARNING: tile memory limits exceeded, some content may not draw
08-04 00:36:15.418   512  2967 D audio_hw_primary: disable_audio_route: reset and update mixer path: low-latency-playback speaker
08-04 00:36:15.419   512  2967 D audio_hw_primary: disable_snd_device: snd_device(2: speaker)
08-04 00:36:15.427   512  2967 I soundtrigger: audio_extn_sound_trigger_update_device_status: device 0x2 of type 0 for Event 0
08-04 00:36:15.537 23788 24433 E chromium: [ERROR:tile_manager.cc(793)] WARNING: tile memory limits exceeded, some content may not draw
08-04 00:36:15.546 23788 24433 E chromium: [ERROR:tile_manager.cc(793)] WARNING: tile memory limits exceeded, some content may not draw
08-04 00:36:15.547 23788 24433 E chromium: [ERROR:tile_manager.cc(793)] WARNING: tile memory limits exceeded, some content may not draw
08-04 00:36:15.549 23788 24433 E chromium: [ERROR:tile_manager.cc(793)] WARNING: tile memory limits exceeded, some content may not draw
08-04 00:36:15.553 23788 24433 E chromium: [ERROR:tile_manager.cc(793)] WARNING: tile memory limits exceeded, some content may not draw
08-04 00:36:15.554 23788 24433 E chromium: [ERROR:tile_manager.cc(793)] WARNING: tile memory limits exceeded, some content may not draw
08-04 00:36:15.554 23788 24433 E chromium: [ERROR:tile_manager.cc(793)] WARNING: tile memory limits exceeded, some content may not draw
08-04 00:36:15.555 23788 24433 E chromium: [ERROR:tile_manager.cc(793)] WARNING: tile memory limits exceeded, some content may not draw
08-04 00:36:15.682 23788 24349 I art     : Starting a blocking GC Explicit
08-04 00:36:15.708 23788 24433 E chromium: [ERROR:tile_manager.cc(793)] WARNING: tile memory limits exceeded, some content may not draw
08-04 00:36:15.711 23788 24433 E chromium: [ERROR:tile_manager.cc(793)] WARNING: tile memory limits exceeded, some content may not draw
08-04 00:36:15.712 23788 24433 E chromium: [ERROR:tile_manager.cc(793)] WARNING: tile memory limits exceeded, some content may not draw
08-04 00:36:15.712 23788 24433 E chromium: [ERROR:tile_manager.cc(793)] WARNING: tile memory limits exceeded, some content may not draw
08-04 00:36:15.714 23788 24349 I art     : Explicit concurrent mark sweep GC freed 2034(123KB) AllocSpace objects, 3(68KB) LOS objects, 28% free, 40MB/56MB, paused 1.024ms total 32.140ms
08-04 00:36:15.724 23788 24349 I art     : Starting a blocking GC Explicit
08-04 00:36:15.751 23788 24349 I art     : Explicit concurrent mark sweep GC freed 1573(148KB) AllocSpace objects, 0(0B) LOS objects, 28% free, 40MB/56MB, paused 815us total 26.442ms
08-04 00:36:15.759 23788 24349 I art     : Starting a blocking GC Explicit
08-04 00:36:15.786 23788 24349 I art     : Explicit concurrent mark sweep GC freed 3(96B) AllocSpace objects, 0(0B) LOS objects, 28% free, 40MB/56MB, paused 846us total 25.998ms
08-04 00:36:15.795 23788 24349 I art     : Starting a blocking GC Explicit
08-04 00:36:15.823 23788 24349 I art     : Explicit concurrent mark sweep GC freed 3(96B) AllocSpace objects, 0(0B) LOS objects, 28% free, 40MB/56MB, paused 876us total 27.499ms
08-04 00:36:15.832 23788 24349 I art     : Starting a blocking GC Explicit
08-04 00:36:15.860 23788 24349 I art     : Explicit concurrent mark sweep GC freed 3(96B) AllocSpace objects, 0(0B) LOS objects, 28% free, 40MB/56MB, paused 811us total 27.551ms
08-04 00:36:15.867 23788 24433 E chromium: [ERROR:tile_manager.cc(793)] WARNING: tile memory limits exceeded, some content may not draw
08-04 00:36:15.869 23788 24433 E chromium: [ERROR:tile_manager.cc(793)] WARNING: tile memory limits exceeded, some content may not draw
08-04 00:36:15.884 23788 24433 E chromium: [ERROR:tile_manager.cc(793)] WARNING: tile memory limits exceeded, some content may not draw
08-04 00:36:15.884 23788 24433 E chromium: [ERROR:tile_manager.cc(793)] WARNING: tile memory limits exceeded, some content may not draw
08-04 00:36:16.012 17791 17791 I ServiceManager: Waiting for service AtCmdFwd...
08-04 00:36:16.164 23788 26127 D MY_TAG  : 0, 857
08-04 00:36:16.167 23788 23800 I art     : Starting a blocking GC Explicit
08-04 00:36:16.200 23788 23800 I art     : Explicit concurrent mark sweep GC freed 4577(276KB) AllocSpace objects, 6(260KB) LOS objects, 28% free, 40MB/56MB, paused 940us total 32.105ms
08-04 00:36:16.209 23788 23800 I art     : Starting a blocking GC Explicit
08-04 00:36:16.237 23788 23800 I art     : Explicit concurrent mark sweep GC freed 1153(126KB) AllocSpace objects, 0(0B) LOS objects, 28% free, 40MB/56MB, paused 863us total 27.409ms
08-04 00:36:16.246 23788 23800 I art     : Starting a blocking GC Explicit
08-04 00:36:16.273 23788 23800 I art     : Explicit concurrent mark sweep GC freed 27(880B) AllocSpace objects, 0(0B) LOS objects, 28% free, 40MB/56MB, paused 1.058ms total 27.613ms
08-04 00:36:16.284 23788 23800 I art     : Starting a blocking GC Explicit
08-04 00:36:16.312 23788 23800 I art     : Explicit concurrent mark sweep GC freed 3(96B) AllocSpace objects, 0(0B) LOS objects, 28% free, 40MB/56MB, paused 916us total 27.899ms
08-04 00:36:16.321 23788 23800 I art     : Starting a blocking GC Explicit
08-04 00:36:16.349 23788 23800 I art     : Explicit concurrent mark sweep GC freed 3(96B) AllocSpace objects, 0(0B) LOS objects, 28% free, 40MB/56MB, paused 962us total 27.402ms
08-04 00:36:16.396 23788 24433 E chromium: [ERROR:tile_manager.cc(793)] WARNING: tile memory limits exceeded, some content may not draw
08-04 00:36:16.400 23788 24433 E chromium: [ERROR:tile_manager.cc(793)] WARNING: tile memory limits exceeded, some content may not draw
08-04 00:36:16.401 23788 24433 E chromium: [ERROR:tile_manager.cc(793)] WARNING: tile memory limits exceeded, some content may not draw
08-04 00:36:16.401 23788 24433 E chromium: [ERROR:tile_manager.cc(793)] WARNING: tile memory limits exceeded, some content may not draw
08-04 00:36:16.408 23788 24433 E chromium: [ERROR:tile_manager.cc(793)] WARNING: tile memory limits exceeded, some content may not draw
08-04 00:36:16.409 23788 24433 E chromium: [ERROR:tile_manager.cc(793)] WARNING: tile memory limits exceeded, some content may not draw
08-04 00:36:16.417 23788 24433 E chromium: [ERROR:tile_manager.cc(793)] WARNING: tile memory limits exceeded, some content may not draw
08-04 00:36:16.418 23788 24433 E chromium: [ERROR:tile_manager.cc(793)] WARNING: tile memory limits exceeded, some content may not draw
08-04 00:36:16.643 23788 26127 D MY_TAG  : 0, 458
08-04 00:36:16.652 23788 23801 I art     : Starting a blocking GC Explicit
08-04 00:36:16.685 23788 23801 I art     : Explicit concurrent mark sweep GC freed 3692(215KB) AllocSpace objects, 4(80KB) LOS objects, 28% free, 40MB/56MB, paused 931us total 31.606ms
08-04 00:36:16.694 23788 23801 I art     : Starting a blocking GC Explicit
08-04 00:36:16.722 23788 23801 I art     : Explicit concurrent mark sweep GC freed 2171(304KB) AllocSpace objects, 16(320KB) LOS objects, 28% free, 40MB/56MB, paused 935us total 27.722ms
08-04 00:36:16.731 23788 23801 I art     : Starting a blocking GC Explicit
08-04 00:36:16.758 23788 23801 I art     : Explicit concurrent mark sweep GC freed 2292(122KB) AllocSpace objects, 2(56KB) LOS objects, 28% free, 40MB/56MB, paused 772us total 25.949ms
08-04 00:36:16.767 23788 23801 I art     : Starting a blocking GC Explicit
08-04 00:36:16.791 23788 23801 I art     : Explicit concurrent mark sweep GC freed 910(59KB) AllocSpace objects, 0(0B) LOS objects, 28% free, 40MB/56MB, paused 749us total 24.059ms
08-04 00:36:16.800 23788 23801 I art     : Starting a blocking GC Explicit
08-04 00:36:16.827 23788 23801 I art     : Explicit concurrent mark sweep GC freed 48(2512B) AllocSpace objects, 0(0B) LOS objects, 28% free, 40MB/56MB, paused 948us total 27.269ms
08-04 00:36:16.906   518   646 I ThermalEngine: ACTION: GPU - Setting GPU[0] to 450000000
08-04 00:36:17.012 17791 17791 I ServiceManager: Waiting for service AtCmdFwd...
08-04 00:36:17.215 23788 23822 I art     : Starting a blocking GC Explicit
08-04 00:36:17.266 23788 23822 I art     : Explicit concurrent mark sweep GC freed 1404(81KB) AllocSpace objects, 1(20KB) LOS objects, 28% free, 40MB/56MB, paused 1.146ms total 49.727ms
08-04 00:36:17.280 23788 23822 I art     : Starting a blocking GC Explicit
08-04 00:36:17.319 23788 23822 I art     : Explicit concurrent mark sweep GC freed 20(704B) AllocSpace objects, 0(0B) LOS objects, 28% free, 40MB/56MB, paused 1.095ms total 38.229ms
08-04 00:36:17.332 23788 23822 I art     : Starting a blocking GC Explicit
08-04 00:36:17.370 23788 23822 I art     : Explicit concurrent mark sweep GC freed 3(96B) AllocSpace objects, 0(0B) LOS objects, 28% free, 40MB/56MB, paused 1.068ms total 38.620ms
08-04 00:36:17.383 23788 23822 I art     : Starting a blocking GC Explicit
08-04 00:36:17.420 23788 23822 I art     : Explicit concurrent mark sweep GC freed 3(96B) AllocSpace objects, 0(0B) LOS objects, 28% free, 40MB/56MB, paused 1.073ms total 37.199ms
08-04 00:36:17.433 23788 23822 I art     : Starting a blocking GC Explicit
08-04 00:36:17.472 23788 23822 I art     : Explicit concurrent mark sweep GC freed 3(96B) AllocSpace objects, 0(0B) LOS objects, 28% free, 40MB/56MB, paused 1.072ms total 38.402ms
08-04 00:36:17.861 23788 23800 I art     : Starting a blocking GC Explicit
08-04 00:36:17.911 23788 23800 I art     : Explicit concurrent mark sweep GC freed 1404(81KB) AllocSpace objects, 1(20KB) LOS objects, 28% free, 40MB/56MB, paused 1.136ms total 50.125ms
08-04 00:36:17.927 23788 23800 I art     : Starting a blocking GC Explicit
08-04 00:36:17.966 23788 23800 I art     : Explicit concurrent mark sweep GC freed 20(704B) AllocSpace objects, 0(0B) LOS objects, 28% free, 40MB/56MB, paused 1.087ms total 39.272ms
08-04 00:36:17.979 23788 23800 I art     : Starting a blocking GC Explicit
08-04 00:36:18.013 17791 17791 I ServiceManager: Waiting for service AtCmdFwd...
08-04 00:36:18.017 23788 23800 I art     : Explicit concurrent mark sweep GC freed 3(96B) AllocSpace objects, 0(0B) LOS objects, 28% free, 40MB/56MB, paused 1.157ms total 38.043ms
08-04 00:36:18.029 23788 23800 I art     : Starting a blocking GC Explicit
08-04 00:36:18.068 23788 23800 I art     : Explicit concurrent mark sweep GC freed 3(96B) AllocSpace objects, 0(0B) LOS objects, 28% free, 40MB/56MB, paused 1.127ms total 38.589ms
08-04 00:36:18.081 23788 23800 I art     : Starting a blocking GC Explicit
08-04 00:36:18.120 23788 23800 I art     : Explicit concurrent mark sweep GC freed 3(96B) AllocSpace objects, 0(0B) LOS objects, 28% free, 40MB/56MB, paused 1.077ms total 38.979ms
08-04 00:36:18.492 23788 24349 I art     : Starting a blocking GC Explicit
08-04 00:36:18.541 23788 24349 I art     : Explicit concurrent mark sweep GC freed 1403(80KB) AllocSpace objects, 1(20KB) LOS objects, 28% free, 40MB/56MB, paused 1.138ms total 49.148ms
08-04 00:36:18.557 23788 24349 I art     : Starting a blocking GC Explicit
08-04 00:36:18.596 23788 24349 I art     : Explicit concurrent mark sweep GC freed 20(704B) AllocSpace objects, 0(0B) LOS objects, 28% free, 40MB/56MB, paused 1.066ms total 39.559ms
08-04 00:36:18.609 23788 24349 I art     : Starting a blocking GC Explicit
08-04 00:36:18.647 23788 24349 I art     : Explicit concurrent mark sweep GC freed 3(96B) AllocSpace objects, 0(0B) LOS objects, 28% free, 40MB/56MB, paused 1.062ms total 37.236ms
08-04 00:36:18.659 23788 24349 I art     : Starting a blocking GC Explicit
08-04 00:36:18.699 23788 24349 I art     : Explicit concurrent mark sweep GC freed 3(96B) AllocSpace objects, 0(0B) LOS objects, 28% free, 40MB/56MB, paused 1.108ms total 39.526ms
08-04 00:36:18.714 23788 24349 I art     : Starting a blocking GC Explicit
08-04 00:36:18.756 23788 24349 I art     : Explicit concurrent mark sweep GC freed 3(96B) AllocSpace objects, 0(0B) LOS objects, 28% free, 40MB/56MB, paused 1.054ms total 41.223ms
08-04 00:36:19.013 17791 17791 W Atfwd_Sendcmd: AtCmdFwd service not published, waiting... retryCnt : 2
08-04 00:36:19.129 23788 23801 I art     : Starting a blocking GC Explicit
08-04 00:36:19.167 23788 23801 I art     : Explicit concurrent mark sweep GC freed 1405(81KB) AllocSpace objects, 1(20KB) LOS objects, 28% free, 40MB/56MB, paused 1.063ms total 37.097ms
08-04 00:36:19.179 23788 23801 I art     : Starting a blocking GC Explicit
08-04 00:36:19.214 23788 23801 I art     : Explicit concurrent mark sweep GC freed 20(704B) AllocSpace objects, 0(0B) LOS objects, 28% free, 40MB/56MB, paused 1.050ms total 34.385ms
08-04 00:36:19.225 23788 23801 I art     : Starting a blocking GC Explicit
08-04 00:36:19.260 23788 23801 I art     : Explicit concurrent mark sweep GC freed 3(96B) AllocSpace objects, 0(0B) LOS objects, 28% free, 40MB/56MB, paused 1.012ms total 34.701ms
08-04 00:36:19.272 23788 23801 I art     : Starting a blocking GC Explicit
08-04 00:36:19.309 23788 23801 I art     : Explicit concurrent mark sweep GC freed 3(96B) AllocSpace objects, 0(0B) LOS objects, 28% free, 40MB/56MB, paused 1.085ms total 36.528ms
08-04 00:36:19.321 23788 23801 I art     : Starting a blocking GC Explicit
08-04 00:36:19.357 23788 23801 I art     : Explicit concurrent mark sweep GC freed 3(96B) AllocSpace objects, 0(0B) LOS objects, 28% free, 40MB/56MB, paused 1.252ms total 35.927ms
08-04 00:36:19.644 26203 26203 D AndroidRuntime: >>>>>> START com.android.internal.os.RuntimeInit uid 2000 <<<<<<
08-04 00:36:19.650 26203 26203 D AndroidRuntime: CheckJNI is OFF
08-04 00:36:19.695 26203 26203 D ICU     : No timezone override file found: /data/misc/zoneinfo/current/icu/icu_tzdata.dat
08-04 00:36:19.731 23788 23822 I art     : Starting a blocking GC Explicit
08-04 00:36:19.742 26203 26203 I Radio-JNI: register_android_hardware_Radio DONE
08-04 00:36:19.769 23788 23822 I art     : Explicit concurrent mark sweep GC freed 1403(81KB) AllocSpace objects, 1(20KB) LOS objects, 28% free, 40MB/56MB, paused 1.056ms total 36.812ms
08-04 00:36:19.772 26203 26203 D AndroidRuntime: Calling main entry com.android.commands.input.Input
08-04 00:36:19.775 26203 26203 I Input   : injectKeyEvent: KeyEvent { action=ACTION_DOWN, keyCode=KEYCODE_BACK, scanCode=0, metaState=0, flags=0x0, repeatCount=0, eventTime=664596187, downTime=664596187, deviceId=-1, source=0x101 }
08-04 00:36:19.781 23788 23822 I art     : Starting a blocking GC Explicit
08-04 00:36:19.784 26203 26203 I Input   : injectKeyEvent: KeyEvent { action=ACTION_UP, keyCode=KEYCODE_BACK, scanCode=0, metaState=0, flags=0x0, repeatCount=0, eventTime=664596187, downTime=664596187, deviceId=-1, source=0x101 }
08-04 00:36:19.792 26203 26203 D AndroidRuntime: Shutting down VM
08-04 00:36:19.802 23788 23788 D baseline.com.newsblur.service.NBSyncService: rejecting request for feedset that is exhaused
08-04 00:36:19.815 23788 23822 I art     : Explicit concurrent mark sweep GC freed 263(41KB) AllocSpace objects, 2(40KB) LOS objects, 28% free, 40MB/56MB, paused 1.061ms total 33.253ms
08-04 00:36:19.826 23788 23822 I art     : Starting a blocking GC Explicit
08-04 00:36:19.858 23788 23822 I art     : Explicit concurrent mark sweep GC freed 46(1824B) AllocSpace objects, 0(0B) LOS objects, 28% free, 40MB/56MB, paused 1.276ms total 32.160ms
08-04 00:36:19.870 23788 23822 I art     : Starting a blocking GC Explicit
08-04 00:36:19.904 23788 23822 I art     : Explicit concurrent mark sweep GC freed 3(96B) AllocSpace objects, 0(0B) LOS objects, 28% free, 40MB/56MB, paused 1.088ms total 33.519ms
08-04 00:36:19.914   518   646 I ThermalEngine: ACTION: GPU - Setting GPU[0] to 510000000
08-04 00:36:19.916 23788 23822 I art     : Starting a blocking GC Explicit
08-04 00:36:19.949 23788 23822 I art     : Explicit concurrent mark sweep GC freed 604(45KB) AllocSpace objects, 1(20KB) LOS objects, 28% free, 40MB/56MB, paused 844us total 32.838ms
08-04 00:36:19.958 23788 23788 D baseline.com.newsblur.service.NBSyncService: rejecting request for feedset that is exhaused
08-04 00:36:20.013 13866 13866 I GoogleInputMethodServic: GoogleInputMethodService.onFinishInput():3138 
08-04 00:36:20.013 13866 13866 I GoogleInputMethodServic: GoogleInputMethodService.onStartInput():1808 
08-04 00:36:20.245 23788 23801 I art     : Starting a blocking GC Explicit
08-04 00:36:20.274 23788 23801 I art     : Explicit concurrent mark sweep GC freed 3354(242KB) AllocSpace objects, 4(88KB) LOS objects, 28% free, 40MB/56MB, paused 688us total 28.730ms
08-04 00:36:20.284 23788 23801 I art     : Starting a blocking GC Explicit
08-04 00:36:20.312 23788 23801 I art     : Explicit concurrent mark sweep GC freed 533(25KB) AllocSpace objects, 0(0B) LOS objects, 28% free, 40MB/56MB, paused 1.041ms total 28.454ms
08-04 00:36:20.323 23788 23801 I art     : Starting a blocking GC Explicit
08-04 00:36:20.347 23788 23801 I art     : Explicit concurrent mark sweep GC freed 1237(55KB) AllocSpace objects, 0(0B) LOS objects, 28% free, 40MB/56MB, paused 763us total 23.781ms
08-04 00:36:20.356 23788 23801 I art     : Starting a blocking GC Explicit
08-04 00:36:20.383 23788 23801 I art     : Explicit concurrent mark sweep GC freed 167(12KB) AllocSpace objects, 0(0B) LOS objects, 28% free, 40MB/56MB, paused 706us total 26.047ms
08-04 00:36:20.391 23788 23801 I art     : Starting a blocking GC Explicit
08-04 00:36:20.413   918  3263 D ConnectivityService: releasing NetworkRequest NetworkRequest [ id=2473, legacyType=-1, [ Capabilities: INTERNET&NOT_RESTRICTED&TRUSTED] ]
08-04 00:36:20.416 23788 23801 I art     : Explicit concurrent mark sweep GC freed 900(41KB) AllocSpace objects, 0(0B) LOS objects, 28% free, 40MB/56MB, paused 847us total 24.668ms
08-04 00:36:20.718 23788 23800 I art     : Starting a blocking GC Explicit
08-04 00:36:20.747 23788 23800 I art     : Explicit concurrent mark sweep GC freed 7639(579KB) AllocSpace objects, 13(4MB) LOS objects, 31% free, 35MB/51MB, paused 884us total 28.192ms
08-04 00:36:20.756 23788 23800 I art     : Starting a blocking GC Explicit
08-04 00:36:20.782 23788 23800 I art     : Explicit concurrent mark sweep GC freed 25(864B) AllocSpace objects, 0(0B) LOS objects, 31% free, 35MB/51MB, paused 796us total 25.483ms
08-04 00:36:20.790 23788 23800 I art     : Starting a blocking GC Explicit
08-04 00:36:20.813 23788 23800 I art     : Explicit concurrent mark sweep GC freed 7(224B) AllocSpace objects, 0(0B) LOS objects, 31% free, 35MB/51MB, paused 749us total 22.280ms
08-04 00:36:20.821 23788 23800 I art     : Starting a blocking GC Explicit
08-04 00:36:20.843 23788 23800 I art     : Explicit concurrent mark sweep GC freed 6(192B) AllocSpace objects, 0(0B) LOS objects, 31% free, 35MB/51MB, paused 738us total 22.121ms
08-04 00:36:20.852 23788 23800 I art     : Starting a blocking GC Explicit
08-04 00:36:20.876 23788 23800 I art     : Explicit concurrent mark sweep GC freed 7(224B) AllocSpace objects, 0(0B) LOS objects, 31% free, 35MB/51MB, paused 732us total 24.041ms
08-04 00:36:21.179 23788 23822 I art     : Starting a blocking GC Explicit
08-04 00:36:21.205 23788 23822 I art     : Explicit concurrent mark sweep GC freed 1441(82KB) AllocSpace objects, 1(20KB) LOS objects, 31% free, 35MB/51MB, paused 750us total 25.386ms
08-04 00:36:21.215 23788 23822 I art     : Starting a blocking GC Explicit
08-04 00:36:21.239 23788 23822 I art     : Explicit concurrent mark sweep GC freed 25(864B) AllocSpace objects, 0(0B) LOS objects, 31% free, 35MB/51MB, paused 751us total 23.592ms
08-04 00:36:21.248 23788 23822 I art     : Starting a blocking GC Explicit
08-04 00:36:21.272 23788 23822 I art     : Explicit concurrent mark sweep GC freed 7(224B) AllocSpace objects, 0(0B) LOS objects, 31% free, 35MB/51MB, paused 867us total 23.833ms
08-04 00:36:21.282 23788 23822 I art     : Starting a blocking GC Explicit
08-04 00:36:21.306 23788 23822 I art     : Explicit concurrent mark sweep GC freed 6(192B) AllocSpace objects, 0(0B) LOS objects, 31% free, 35MB/51MB, paused 754us total 24.345ms
08-04 00:36:21.317 23788 23822 I art     : Starting a blocking GC Explicit
08-04 00:36:21.340 23788 23822 I art     : Explicit concurrent mark sweep GC freed 7(224B) AllocSpace objects, 0(0B) LOS objects, 31% free, 35MB/51MB, paused 694us total 22.796ms
08-04 00:36:21.452 26248 26248 D AndroidRuntime: >>>>>> START com.android.internal.os.RuntimeInit uid 2000 <<<<<<
08-04 00:36:21.456 26248 26248 D AndroidRuntime: CheckJNI is OFF
08-04 00:36:21.490 26248 26248 D ICU     : No timezone override file found: /data/misc/zoneinfo/current/icu/icu_tzdata.dat
08-04 00:36:21.521 26248 26248 I Radio-JNI: register_android_hardware_Radio DONE
08-04 00:36:21.541 26248 26248 D AndroidRuntime: Calling main entry com.android.commands.input.Input
08-04 00:36:21.543 26248 26248 I Input   : injectKeyEvent: KeyEvent { action=ACTION_DOWN, keyCode=KEYCODE_BACK, scanCode=0, metaState=0, flags=0x0, repeatCount=0, eventTime=664597956, downTime=664597956, deviceId=-1, source=0x101 }
08-04 00:36:21.548 26248 26248 I Input   : injectKeyEvent: KeyEvent { action=ACTION_UP, keyCode=KEYCODE_BACK, scanCode=0, metaState=0, flags=0x0, repeatCount=0, eventTime=664597956, downTime=664597956, deviceId=-1, source=0x101 }
08-04 00:36:21.555 26248 26248 D AndroidRuntime: Shutting down VM
08-04 00:36:21.657 23788 24349 I art     : Starting a blocking GC Explicit
08-04 00:36:21.684 23788 24349 I art     : Explicit concurrent mark sweep GC freed 3885(295KB) AllocSpace objects, 9(180KB) LOS objects, 31% free, 35MB/51MB, paused 772us total 27.091ms
08-04 00:36:21.693 23788 24349 I art     : Starting a blocking GC Explicit
08-04 00:36:21.719 23788 24349 I art     : Explicit concurrent mark sweep GC freed 10034(613KB) AllocSpace objects, 7(140KB) LOS objects, 31% free, 35MB/51MB, paused 1.193ms total 25.205ms
08-04 00:36:21.720 23788 26279 I baseline.com.newsblur.service.NBSyncService: recounting dirty feed sets: 1
08-04 00:36:21.728 13866 13866 I GoogleInputMethodServic: GoogleInputMethodService.onFinishInput():3138 
08-04 00:36:21.729 23788 24349 I art     : Starting a blocking GC Explicit
08-04 00:36:21.729 13866 13866 I GoogleInputMethodServic: GoogleInputMethodService.onStartInput():1808 
08-04 00:36:21.754 23788 24349 I art     : Explicit concurrent mark sweep GC freed 1635(109KB) AllocSpace objects, 2(40KB) LOS objects, 31% free, 35MB/51MB, paused 958us total 25.422ms
08-04 00:36:21.763 23788 24349 I art     : Starting a blocking GC Explicit
08-04 00:36:21.786 23788 24349 I art     : Explicit concurrent mark sweep GC freed 129(5KB) AllocSpace objects, 0(0B) LOS objects, 31% free, 35MB/51MB, paused 809us total 22.745ms
08-04 00:36:21.794 23788 24349 I art     : Starting a blocking GC Explicit
08-04 00:36:21.817 23788 24349 I art     : Explicit concurrent mark sweep GC freed 3(96B) AllocSpace objects, 0(0B) LOS objects, 31% free, 35MB/51MB, paused 860us total 22.858ms
08-04 00:36:22.106 23788 23822 I art     : Starting a blocking GC Explicit
08-04 00:36:22.134 23788 23822 I art     : Explicit concurrent mark sweep GC freed 1968(108KB) AllocSpace objects, 1(20KB) LOS objects, 31% free, 35MB/51MB, paused 906us total 28.079ms
08-04 00:36:22.145 23788 23822 I art     : Starting a blocking GC Explicit
08-04 00:36:22.169 23788 23822 I art     : Explicit concurrent mark sweep GC freed 7757(584KB) AllocSpace objects, 2(1188KB) LOS objects, 32% free, 33MB/49MB, paused 1.073ms total 24.598ms
08-04 00:36:22.180 23788 23822 I art     : Starting a blocking GC Explicit
08-04 00:36:22.202 23788 23822 I art     : Explicit concurrent mark sweep GC freed 8(256B) AllocSpace objects, 0(0B) LOS objects, 32% free, 33MB/49MB, paused 778us total 22.204ms
08-04 00:36:22.212 23788 23822 I art     : Starting a blocking GC Explicit
08-04 00:36:22.235 23788 23822 I art     : Explicit concurrent mark sweep GC freed 420(45KB) AllocSpace objects, 0(0B) LOS objects, 32% free, 33MB/49MB, paused 1.036ms total 22.778ms
08-04 00:36:22.244 23788 23822 I art     : Starting a blocking GC Explicit
08-04 00:36:22.268 23788 23822 I art     : Explicit concurrent mark sweep GC freed 1982(79KB) AllocSpace objects, 2(120KB) LOS objects, 31% free, 34MB/50MB, paused 896us total 23.647ms
08-04 00:36:22.288 23788 26279 I NAPPA_EXPERIMENTATION: MetricNetworkRequestExecutionTime: REQUEST_DURATION_SYSTEM='563',REQUEST_DURATION_OKHTTP='30',REQUEST_SYNCHRONOUS='TRUE',RESPONSE_CODE='200',RESPONSE_METHOD='GET',RESPONSE_LENGTH_OKHTTP='-1',RESPONSE_LENGTH_HEADER='-2',REQUEST_PROTOCOL='http/1.1',REQUEST_URL='https://www.newsblur.com/reader/feed_unread_count?feed_id=5762506',
08-04 00:36:22.288 23788 26279 D MY_TAG  : 0, 563
08-04 00:36:22.569 23788 23800 I art     : Starting a blocking GC Explicit
08-04 00:36:22.606 23788 23800 I art     : Explicit concurrent mark sweep GC freed 16128(1122KB) AllocSpace objects, 19(440KB) LOS objects, 32% free, 33MB/49MB, paused 736us total 36.815ms
08-04 00:36:22.616 23788 23800 I art     : Starting a blocking GC Explicit
08-04 00:36:22.639 23788 23800 I art     : Explicit concurrent mark sweep GC freed 714(27KB) AllocSpace objects, 0(0B) LOS objects, 32% free, 33MB/49MB, paused 717us total 22.784ms
08-04 00:36:22.648 23788 23800 I art     : Starting a blocking GC Explicit
08-04 00:36:22.670 23788 23800 I art     : Explicit concurrent mark sweep GC freed 24(992B) AllocSpace objects, 0(0B) LOS objects, 32% free, 33MB/49MB, paused 722us total 22.081ms
08-04 00:36:22.679 23788 23800 I art     : Starting a blocking GC Explicit
08-04 00:36:22.702 23788 23800 I art     : Explicit concurrent mark sweep GC freed 6(192B) AllocSpace objects, 0(0B) LOS objects, 32% free, 33MB/49MB, paused 885us total 22.608ms
08-04 00:36:22.711 23788 23800 I art     : Starting a blocking GC Explicit
08-04 00:36:22.734 23788 23800 I art     : Explicit concurrent mark sweep GC freed 766(31KB) AllocSpace objects, 0(0B) LOS objects, 32% free, 33MB/49MB, paused 837us total 23.128ms
08-04 00:36:22.919   518   646 I ThermalEngine: ACTION: GPU - Setting GPU[0] to 450000000
08-04 00:36:23.040 23788 24349 I art     : Starting a blocking GC Explicit
08-04 00:36:23.070 23788 24349 I art     : Explicit concurrent mark sweep GC freed 1441(82KB) AllocSpace objects, 1(20KB) LOS objects, 32% free, 33MB/49MB, paused 1.112ms total 29.822ms
08-04 00:36:23.083 23788 24349 I art     : Starting a blocking GC Explicit
08-04 00:36:23.113 23788 24349 I art     : Explicit concurrent mark sweep GC freed 24(832B) AllocSpace objects, 0(0B) LOS objects, 32% free, 33MB/49MB, paused 1.154ms total 29.610ms
08-04 00:36:23.125 23788 24349 I art     : Starting a blocking GC Explicit
08-04 00:36:23.152 23788 24349 I art     : Explicit concurrent mark sweep GC freed 6(192B) AllocSpace objects, 0(0B) LOS objects, 32% free, 33MB/49MB, paused 1.008ms total 26.878ms
08-04 00:36:23.163 23788 24349 I art     : Starting a blocking GC Explicit
08-04 00:36:23.190 23788 24349 I art     : Explicit concurrent mark sweep GC freed 3(96B) AllocSpace objects, 0(0B) LOS objects, 32% free, 33MB/49MB, paused 989us total 26.954ms
08-04 00:36:23.200 23788 24349 I art     : Starting a blocking GC Explicit
08-04 00:36:23.229 23788 24349 I art     : Explicit concurrent mark sweep GC freed 3(96B) AllocSpace objects, 0(0B) LOS objects, 32% free, 33MB/49MB, paused 1.088ms total 28.739ms
08-04 00:36:23.285 26305 26305 D AndroidRuntime: >>>>>> START com.android.internal.os.RuntimeInit uid 2000 <<<<<<
08-04 00:36:23.292 26305 26305 D AndroidRuntime: CheckJNI is OFF
08-04 00:36:23.339 26305 26305 D ICU     : No timezone override file found: /data/misc/zoneinfo/current/icu/icu_tzdata.dat
08-04 00:36:23.389 26305 26305 I Radio-JNI: register_android_hardware_Radio DONE
08-04 00:36:23.417 26305 26305 D AndroidRuntime: Calling main entry com.android.commands.input.Input
08-04 00:36:23.419 26305 26305 I Input   : injectMotionEvent: MotionEvent { action=ACTION_DOWN, actionButton=0, id[0]=0, x[0]=553.0, y[0]=442.0, toolType[0]=TOOL_TYPE_UNKNOWN, buttonState=0, metaState=0, flags=0x0, edgeFlags=0x0, pointerCount=1, historySize=0, eventTime=664599832, downTime=664599832, deviceId=0, source=0x1002 }
08-04 00:36:23.425 26305 26305 I Input   : injectMotionEvent: MotionEvent { action=ACTION_UP, actionButton=0, id[0]=0, x[0]=553.0, y[0]=442.0, toolType[0]=TOOL_TYPE_UNKNOWN, buttonState=0, metaState=0, flags=0x0, edgeFlags=0x0, pointerCount=1, historySize=0, eventTime=664599832, downTime=664599832, deviceId=0, source=0x1002 }
08-04 00:36:23.427 26305 26305 D AndroidRuntime: Shutting down VM
08-04 00:36:23.495   918  3670 I ActivityManager: START u0 {cmp=baseline.com.newsblur/.activity.AllSharedStoriesItemsList (has extras)} from uid 10652 on display 0
08-04 00:36:23.520 23788 23821 I baseline.com.newsblur.database.BlurDatabaseHelper: reading session reset
08-04 00:36:23.584 23788 23800 I art     : Starting a blocking GC Explicit
08-04 00:36:23.614 23788 23800 I art     : Explicit concurrent mark sweep GC freed 3455(276KB) AllocSpace objects, 7(264KB) LOS objects, 31% free, 34MB/50MB, paused 1.129ms total 29.518ms
08-04 00:36:23.625 23788 23800 I art     : Starting a blocking GC Explicit
08-04 00:36:23.654 23788 23800 I art     : Explicit concurrent mark sweep GC freed 210(10KB) AllocSpace objects, 0(0B) LOS objects, 31% free, 34MB/50MB, paused 1.112ms total 28.481ms
08-04 00:36:23.654 23788 23798 I art     : WaitForGcToComplete blocked for 7.166ms for cause HeapTrim
08-04 00:36:23.665 23788 23800 I art     : Starting a blocking GC Explicit
08-04 00:36:23.694 23788 23800 I art     : Explicit concurrent mark sweep GC freed 585(44KB) AllocSpace objects, 1(20KB) LOS objects, 31% free, 34MB/50MB, paused 1.019ms total 28.514ms
08-04 00:36:23.705 23788 23800 I art     : Starting a blocking GC Explicit
08-04 00:36:23.716 23788 23788 D baseline.com.newsblur.service.NBSyncService: rejecting request for feedset that is exhaused
08-04 00:36:23.723 23788 23788 W View    : requestLayout() improperly called by android.widget.FrameLayout{659e5b0 V.E...... ......ID 0,0-1440,18 #7f07003f app:id/footer_view_inner} during layout: running second layout pass
08-04 00:36:23.723 23788 23788 W View    : requestLayout() improperly called by android.widget.FrameLayout{e629c29 V.E...... ......ID 0,0-1440,2091 #7f07003f app:id/footer_view_inner} during layout: running second layout pass
08-04 00:36:23.734 23788 23800 I art     : Explicit concurrent mark sweep GC freed 405(37KB) AllocSpace objects, 1(20KB) LOS objects, 31% free, 34MB/50MB, paused 1.119ms total 29.192ms
08-04 00:36:23.745 23788 23800 I art     : Starting a blocking GC Explicit
08-04 00:36:23.745 13866 13866 I GoogleInputMethodServic: GoogleInputMethodService.onFinishInput():3138 
08-04 00:36:23.745   918   936 I ActivityManager: Displayed baseline.com.newsblur/.activity.AllSharedStoriesItemsList: +240ms
08-04 00:36:23.746 13866 13866 I GoogleInputMethodServic: GoogleInputMethodService.onStartInput():1808 
08-04 00:36:23.773 23788 23800 I art     : Explicit concurrent mark sweep GC freed 555(35KB) AllocSpace objects, 2(40KB) LOS objects, 31% free, 35MB/51MB, paused 1.397ms total 28.112ms
08-04 00:36:23.893 23788 24067 I NAPPA_EXPERIMENTATION: MetricNetworkRequestExecutionTime: REQUEST_DURATION_SYSTEM='114',REQUEST_DURATION_OKHTTP='114',REQUEST_SYNCHRONOUS='TRUE',RESPONSE_CODE='200',RESPONSE_METHOD='GET',RESPONSE_LENGTH_OKHTTP='43',RESPONSE_LENGTH_HEADER='43',REQUEST_PROTOCOL='http/1.1',REQUEST_URL='http://feeds.feedburner.com/~r/retort/~4/UffaFMiJbNs',
08-04 00:36:24.099 23788 23800 I art     : Starting a blocking GC Explicit
08-04 00:36:24.134 23788 23800 I art     : Explicit concurrent mark sweep GC freed 3096(202KB) AllocSpace objects, 7(140KB) LOS objects, 31% free, 35MB/51MB, paused 1.160ms total 34.493ms
08-04 00:36:24.147 23788 23800 I art     : Starting a blocking GC Explicit
08-04 00:36:24.179 23788 23800 I art     : Explicit concurrent mark sweep GC freed 1183(112KB) AllocSpace objects, 0(0B) LOS objects, 31% free, 35MB/51MB, paused 1.067ms total 32.372ms
08-04 00:36:24.191 23788 23800 I art     : Starting a blocking GC Explicit
08-04 00:36:24.221 23788 23800 I art     : Explicit concurrent mark sweep GC freed 3(96B) AllocSpace objects, 0(0B) LOS objects, 31% free, 35MB/51MB, paused 969us total 29.559ms
08-04 00:36:24.233 23788 23800 I art     : Starting a blocking GC Explicit
08-04 00:36:24.263 23788 23800 I art     : Explicit concurrent mark sweep GC freed 3(96B) AllocSpace objects, 0(0B) LOS objects, 31% free, 35MB/51MB, paused 1.052ms total 30.504ms
08-04 00:36:24.275 23788 23800 I art     : Starting a blocking GC Explicit
08-04 00:36:24.306 23788 23800 I art     : Explicit concurrent mark sweep GC freed 3(96B) AllocSpace objects, 0(0B) LOS objects, 31% free, 35MB/51MB, paused 1.093ms total 31.149ms
08-04 00:36:24.671 23788 23822 I art     : Starting a blocking GC Explicit
08-04 00:36:24.714 23788 23822 I art     : Explicit concurrent mark sweep GC freed 1401(80KB) AllocSpace objects, 1(20KB) LOS objects, 31% free, 35MB/51MB, paused 1.129ms total 43.133ms
08-04 00:36:24.729 23788 23822 I art     : Starting a blocking GC Explicit
08-04 00:36:24.761 23788 23822 I art     : Explicit concurrent mark sweep GC freed 20(720B) AllocSpace objects, 0(0B) LOS objects, 31% free, 35MB/51MB, paused 1.074ms total 31.889ms
08-04 00:36:24.773 23788 23822 I art     : Starting a blocking GC Explicit
08-04 00:36:24.804 23788 23822 I art     : Explicit concurrent mark sweep GC freed 3(96B) AllocSpace objects, 0(0B) LOS objects, 31% free, 35MB/51MB, paused 1.064ms total 31.404ms
08-04 00:36:24.816 23788 23822 I art     : Starting a blocking GC Explicit
08-04 00:36:24.848 23788 23822 I art     : Explicit concurrent mark sweep GC freed 3(96B) AllocSpace objects, 0(0B) LOS objects, 31% free, 35MB/51MB, paused 1.136ms total 31.998ms
08-04 00:36:24.860 23788 23822 I art     : Starting a blocking GC Explicit
08-04 00:36:24.891 23788 23822 I art     : Explicit concurrent mark sweep GC freed 4(128B) AllocSpace objects, 0(0B) LOS objects, 31% free, 35MB/51MB, paused 1.033ms total 30.872ms
08-04 00:36:25.247 23788 23822 I art     : Starting a blocking GC Explicit
08-04 00:36:25.281 23788 23822 I art     : Explicit concurrent mark sweep GC freed 1429(81KB) AllocSpace objects, 1(20KB) LOS objects, 31% free, 35MB/51MB, paused 1.100ms total 33.907ms
08-04 00:36:25.296 23788 23822 I art     : Starting a blocking GC Explicit
08-04 00:36:25.329 23788 23822 I art     : Explicit concurrent mark sweep GC freed 20(704B) AllocSpace objects, 0(0B) LOS objects, 31% free, 35MB/51MB, paused 1.103ms total 32.659ms
08-04 00:36:25.341 23788 23822 I art     : Starting a blocking GC Explicit
08-04 00:36:25.375 23788 23822 I art     : Explicit concurrent mark sweep GC freed 3(96B) AllocSpace objects, 0(0B) LOS objects, 31% free, 35MB/51MB, paused 1.061ms total 33.557ms
08-04 00:36:25.386 23788 23822 I art     : Starting a blocking GC Explicit
08-04 00:36:25.419 23788 23822 I art     : Explicit concurrent mark sweep GC freed 3(96B) AllocSpace objects, 0(0B) LOS objects, 31% free, 35MB/51MB, paused 1.072ms total 32.089ms
08-04 00:36:25.430 23788 23822 I art     : Starting a blocking GC Explicit
08-04 00:36:25.465 23788 23822 I art     : Explicit concurrent mark sweep GC freed 3(96B) AllocSpace objects, 0(0B) LOS objects, 31% free, 35MB/51MB, paused 1.096ms total 34.220ms
08-04 00:36:25.853 23788 23800 I art     : Starting a blocking GC Explicit
08-04 00:36:25.897 23788 23800 I art     : Explicit concurrent mark sweep GC freed 1403(81KB) AllocSpace objects, 1(20KB) LOS objects, 31% free, 35MB/51MB, paused 1.044ms total 43.802ms
08-04 00:36:25.912 23788 23800 I art     : Starting a blocking GC Explicit
08-04 00:36:25.945 23788 23800 I art     : Explicit concurrent mark sweep GC freed 20(704B) AllocSpace objects, 0(0B) LOS objects, 31% free, 35MB/51MB, paused 1.074ms total 33.044ms
08-04 00:36:25.957 23788 23800 I art     : Starting a blocking GC Explicit
08-04 00:36:25.992 23788 23800 I art     : Explicit concurrent mark sweep GC freed 3(96B) AllocSpace objects, 0(0B) LOS objects, 31% free, 35MB/51MB, paused 1.049ms total 34.182ms
08-04 00:36:26.004 23788 23800 I art     : Starting a blocking GC Explicit
08-04 00:36:26.037 23788 23800 I art     : Explicit concurrent mark sweep GC freed 3(96B) AllocSpace objects, 0(0B) LOS objects, 31% free, 35MB/51MB, paused 1.087ms total 33.055ms
08-04 00:36:26.049 23788 23800 I art     : Starting a blocking GC Explicit
08-04 00:36:26.083 23788 23800 I art     : Explicit concurrent mark sweep GC freed 3(96B) AllocSpace objects, 0(0B) LOS objects, 31% free, 35MB/51MB, paused 1.092ms total 34.385ms
08-04 00:36:26.466 23788 24349 I art     : Starting a blocking GC Explicit
08-04 00:36:26.508 23788 24349 I art     : Explicit concurrent mark sweep GC freed 1403(81KB) AllocSpace objects, 1(20KB) LOS objects, 31% free, 35MB/51MB, paused 1.255ms total 41.881ms
08-04 00:36:26.520 23788 24349 I art     : Starting a blocking GC Explicit
08-04 00:36:26.549 23788 24349 I art     : Explicit concurrent mark sweep GC freed 20(704B) AllocSpace objects, 0(0B) LOS objects, 31% free, 35MB/51MB, paused 1.057ms total 29.251ms
08-04 00:36:26.560 23788 24349 I art     : Starting a blocking GC Explicit
08-04 00:36:26.593 23788 24349 I art     : Explicit concurrent mark sweep GC freed 3(96B) AllocSpace objects, 0(0B) LOS objects, 31% free, 35MB/51MB, paused 1.093ms total 32.789ms
08-04 00:36:26.605 23788 24349 I art     : Starting a blocking GC Explicit
08-04 00:36:26.638 23788 24349 I art     : Explicit concurrent mark sweep GC freed 3(96B) AllocSpace objects, 0(0B) LOS objects, 31% free, 35MB/51MB, paused 1.106ms total 33.226ms
08-04 00:36:26.650 23788 24349 I art     : Starting a blocking GC Explicit
08-04 00:36:26.685 23788 24349 I art     : Explicit concurrent mark sweep GC freed 3(96B) AllocSpace objects, 0(0B) LOS objects, 31% free, 35MB/51MB, paused 1.109ms total 34.417ms
08-04 00:36:26.926   518   646 I ThermalEngine: ACTION: GPU - Setting GPU[0] to 510000000
08-04 00:36:27.034 23788 23801 I art     : Starting a blocking GC Explicit
08-04 00:36:27.066 23788 23801 I art     : Explicit concurrent mark sweep GC freed 1402(82KB) AllocSpace objects, 1(20KB) LOS objects, 31% free, 35MB/51MB, paused 866us total 31.582ms
08-04 00:36:27.079 23788 23801 I art     : Starting a blocking GC Explicit
08-04 00:36:27.105 23788 23801 I art     : Explicit concurrent mark sweep GC freed 20(704B) AllocSpace objects, 0(0B) LOS objects, 31% free, 35MB/51MB, paused 757us total 25.458ms
08-04 00:36:27.114 23788 23801 I art     : Starting a blocking GC Explicit
08-04 00:36:27.139 23788 23801 I art     : Explicit concurrent mark sweep GC freed 3(96B) AllocSpace objects, 0(0B) LOS objects, 31% free, 35MB/51MB, paused 791us total 25.352ms
08-04 00:36:27.149 23788 23801 I art     : Starting a blocking GC Explicit
08-04 00:36:27.174 23788 23801 I art     : Explicit concurrent mark sweep GC freed 3(96B) AllocSpace objects, 0(0B) LOS objects, 31% free, 35MB/51MB, paused 804us total 25.448ms
08-04 00:36:27.184 23788 23801 I art     : Starting a blocking GC Explicit
08-04 00:36:27.209 23788 23801 I art     : Explicit concurrent mark sweep GC freed 3(96B) AllocSpace objects, 0(0B) LOS objects, 31% free, 35MB/51MB, paused 805us total 25.291ms
08-04 00:36:27.581 23788 23822 I art     : Starting a blocking GC Explicit
08-04 00:36:27.618 23788 23822 I art     : Explicit concurrent mark sweep GC freed 1402(81KB) AllocSpace objects, 1(20KB) LOS objects, 31% free, 35MB/51MB, paused 885us total 36.756ms
08-04 00:36:27.632 23788 23822 I art     : Starting a blocking GC Explicit
08-04 00:36:27.660 23788 23822 I art     : Explicit concurrent mark sweep GC freed 20(704B) AllocSpace objects, 0(0B) LOS objects, 31% free, 35MB/51MB, paused 779us total 26.954ms
08-04 00:36:27.669 23788 23822 I art     : Starting a blocking GC Explicit
08-04 00:36:27.694 23788 23822 I art     : Explicit concurrent mark sweep GC freed 3(96B) AllocSpace objects, 0(0B) LOS objects, 31% free, 35MB/51MB, paused 798us total 24.837ms
08-04 00:36:27.703 23788 23822 I art     : Starting a blocking GC Explicit
08-04 00:36:27.729 23788 23822 I art     : Explicit concurrent mark sweep GC freed 3(96B) AllocSpace objects, 0(0B) LOS objects, 31% free, 35MB/51MB, paused 834us total 25.434ms
08-04 00:36:27.738 23788 23822 I art     : Starting a blocking GC Explicit
08-04 00:36:27.763 23788 23822 I art     : Explicit concurrent mark sweep GC freed 3(96B) AllocSpace objects, 0(0B) LOS objects, 31% free, 35MB/51MB, paused 805us total 24.959ms
08-04 00:36:28.112 23788 23800 I art     : Starting a blocking GC Explicit
08-04 00:36:28.143 23788 23800 I art     : Explicit concurrent mark sweep GC freed 1401(80KB) AllocSpace objects, 1(20KB) LOS objects, 31% free, 35MB/51MB, paused 817us total 30.704ms
08-04 00:36:28.152 23788 23800 I art     : Starting a blocking GC Explicit
08-04 00:36:28.178 23788 23800 I art     : Explicit concurrent mark sweep GC freed 20(704B) AllocSpace objects, 0(0B) LOS objects, 31% free, 35MB/51MB, paused 850us total 25.127ms
08-04 00:36:28.187 23788 23800 I art     : Starting a blocking GC Explicit
08-04 00:36:28.212 23788 23800 I art     : Explicit concurrent mark sweep GC freed 3(96B) AllocSpace objects, 0(0B) LOS objects, 31% free, 35MB/51MB, paused 754us total 24.831ms
08-04 00:36:28.221 23788 23800 I art     : Starting a blocking GC Explicit
08-04 00:36:28.247 23788 23800 I art     : Explicit concurrent mark sweep GC freed 3(96B) AllocSpace objects, 0(0B) LOS objects, 31% free, 35MB/51MB, paused 783us total 25.323ms
08-04 00:36:28.256 23788 23800 I art     : Starting a blocking GC Explicit
08-04 00:36:28.281 23788 23800 I art     : Explicit concurrent mark sweep GC freed 3(96B) AllocSpace objects, 0(0B) LOS objects, 31% free, 35MB/51MB, paused 801us total 24.875ms
08-04 00:36:28.659 23788 24349 I art     : Starting a blocking GC Explicit
08-04 00:36:28.694 23788 24349 I art     : Explicit concurrent mark sweep GC freed 1401(80KB) AllocSpace objects, 1(20KB) LOS objects, 31% free, 35MB/51MB, paused 960us total 34.849ms
08-04 00:36:28.708 23788 24349 I art     : Starting a blocking GC Explicit
08-04 00:36:28.734 23788 24349 I art     : Explicit concurrent mark sweep GC freed 20(704B) AllocSpace objects, 0(0B) LOS objects, 31% free, 35MB/51MB, paused 781us total 25.395ms
08-04 00:36:28.743 23788 24349 I art     : Starting a blocking GC Explicit
08-04 00:36:28.769 23788 24349 I art     : Explicit concurrent mark sweep GC freed 3(96B) AllocSpace objects, 0(0B) LOS objects, 31% free, 35MB/51MB, paused 824us total 25.298ms
08-04 00:36:28.778 23788 24349 I art     : Starting a blocking GC Explicit
08-04 00:36:28.804 23788 24349 I art     : Explicit concurrent mark sweep GC freed 3(96B) AllocSpace objects, 0(0B) LOS objects, 31% free, 35MB/51MB, paused 815us total 25.397ms
08-04 00:36:28.813 23788 24349 I art     : Starting a blocking GC Explicit
08-04 00:36:28.839 23788 24349 I art     : Explicit concurrent mark sweep GC freed 3(96B) AllocSpace objects, 0(0B) LOS objects, 31% free, 35MB/51MB, paused 837us total 25.434ms
08-04 00:36:29.014 17791 17791 I ServiceManager: Waiting for service AtCmdFwd...
08-04 00:36:29.185 23788 23801 I art     : Starting a blocking GC Explicit
08-04 00:36:29.224 23788 23801 I art     : Explicit concurrent mark sweep GC freed 1401(80KB) AllocSpace objects, 1(20KB) LOS objects, 31% free, 35MB/51MB, paused 915us total 37.815ms
08-04 00:36:29.237 23788 23801 I art     : Starting a blocking GC Explicit
08-04 00:36:29.262 23788 23801 I art     : Explicit concurrent mark sweep GC freed 20(704B) AllocSpace objects, 0(0B) LOS objects, 31% free, 35MB/51MB, paused 768us total 24.669ms
08-04 00:36:29.272 23788 23801 I art     : Starting a blocking GC Explicit
08-04 00:36:29.297 23788 23801 I art     : Explicit concurrent mark sweep GC freed 3(96B) AllocSpace objects, 0(0B) LOS objects, 31% free, 35MB/51MB, paused 829us total 24.478ms
08-04 00:36:29.306 23788 23801 I art     : Starting a blocking GC Explicit
08-04 00:36:29.331 23788 23801 I art     : Explicit concurrent mark sweep GC freed 3(96B) AllocSpace objects, 0(0B) LOS objects, 31% free, 35MB/51MB, paused 815us total 24.902ms
08-04 00:36:29.340 23788 23801 I art     : Starting a blocking GC Explicit
08-04 00:36:29.366 23788 23801 I art     : Explicit concurrent mark sweep GC freed 3(96B) AllocSpace objects, 0(0B) LOS objects, 31% free, 35MB/51MB, paused 810us total 25.545ms
08-04 00:36:29.703 23788 23822 I art     : Starting a blocking GC Explicit
08-04 00:36:29.741 23788 23822 I art     : Explicit concurrent mark sweep GC freed 1401(80KB) AllocSpace objects, 1(20KB) LOS objects, 31% free, 35MB/51MB, paused 863us total 37.717ms
08-04 00:36:29.755 23788 23822 I art     : Starting a blocking GC Explicit
08-04 00:36:29.780 23788 23822 I art     : Explicit concurrent mark sweep GC freed 20(704B) AllocSpace objects, 0(0B) LOS objects, 31% free, 35MB/51MB, paused 794us total 24.282ms
08-04 00:36:29.789 23788 23822 I art     : Starting a blocking GC Explicit
08-04 00:36:29.814 23788 23822 I art     : Explicit concurrent mark sweep GC freed 3(96B) AllocSpace objects, 0(0B) LOS objects, 31% free, 35MB/51MB, paused 808us total 24.774ms
08-04 00:36:29.823 23788 23822 I art     : Starting a blocking GC Explicit
08-04 00:36:29.849 23788 23822 I art     : Explicit concurrent mark sweep GC freed 3(96B) AllocSpace objects, 0(0B) LOS objects, 31% free, 35MB/51MB, paused 823us total 25.682ms
08-04 00:36:29.859 23788 23822 I art     : Starting a blocking GC Explicit
08-04 00:36:29.883 23788 23822 I art     : Explicit concurrent mark sweep GC freed 3(96B) AllocSpace objects, 0(0B) LOS objects, 31% free, 35MB/51MB, paused 786us total 24.393ms
08-04 00:36:30.015 17791 17791 I ServiceManager: Waiting for service AtCmdFwd...
08-04 00:36:30.235 23788 23800 I art     : Starting a blocking GC Explicit
08-04 00:36:30.268 23788 23800 I art     : Explicit concurrent mark sweep GC freed 1401(80KB) AllocSpace objects, 1(20KB) LOS objects, 31% free, 35MB/51MB, paused 960us total 32.526ms
08-04 00:36:30.281 23788 23800 I art     : Starting a blocking GC Explicit
08-04 00:36:30.307 23788 23800 I art     : Explicit concurrent mark sweep GC freed 20(704B) AllocSpace objects, 0(0B) LOS objects, 31% free, 35MB/51MB, paused 866us total 25.574ms
08-04 00:36:30.316 23788 23800 I art     : Starting a blocking GC Explicit
08-04 00:36:30.342 23788 23800 I art     : Explicit concurrent mark sweep GC freed 3(96B) AllocSpace objects, 0(0B) LOS objects, 31% free, 35MB/51MB, paused 794us total 25.783ms
08-04 00:36:30.352 23788 23800 I art     : Starting a blocking GC Explicit
08-04 00:36:30.376 23788 23800 I art     : Explicit concurrent mark sweep GC freed 3(96B) AllocSpace objects, 0(0B) LOS objects, 31% free, 35MB/51MB, paused 756us total 24.499ms
08-04 00:36:30.386 23788 23800 I art     : Starting a blocking GC Explicit
08-04 00:36:30.411 23788 23800 I art     : Explicit concurrent mark sweep GC freed 3(96B) AllocSpace objects, 0(0B) LOS objects, 31% free, 35MB/51MB, paused 821us total 24.869ms
08-04 00:36:30.754 23788 24349 I art     : Starting a blocking GC Explicit
08-04 00:36:30.786 23788 24349 I art     : Explicit concurrent mark sweep GC freed 1401(80KB) AllocSpace objects, 1(20KB) LOS objects, 31% free, 35MB/51MB, paused 901us total 31.749ms
08-04 00:36:30.798 23788 24349 I art     : Starting a blocking GC Explicit
08-04 00:36:30.823 23788 24349 I art     : Explicit concurrent mark sweep GC freed 20(704B) AllocSpace objects, 0(0B) LOS objects, 31% free, 35MB/51MB, paused 817us total 25.527ms
08-04 00:36:30.833 23788 24349 I art     : Starting a blocking GC Explicit
08-04 00:36:30.858 23788 24349 I art     : Explicit concurrent mark sweep GC freed 3(96B) AllocSpace objects, 0(0B) LOS objects, 31% free, 35MB/51MB, paused 815us total 25.584ms
08-04 00:36:30.867 23788 24349 I art     : Starting a blocking GC Explicit
08-04 00:36:30.891 23788 24349 I art     : Explicit concurrent mark sweep GC freed 3(96B) AllocSpace objects, 0(0B) LOS objects, 31% free, 35MB/51MB, paused 778us total 23.781ms
08-04 00:36:30.901 23788 24349 I art     : Starting a blocking GC Explicit
08-04 00:36:30.926 23788 24349 I art     : Explicit concurrent mark sweep GC freed 3(96B) AllocSpace objects, 0(0B) LOS objects, 31% free, 35MB/51MB, paused 792us total 25.073ms
08-04 00:36:31.016 17791 17791 I ServiceManager: Waiting for service AtCmdFwd...
08-04 00:36:31.274 23788 23801 I art     : Starting a blocking GC Explicit
08-04 00:36:31.310 23788 23801 I art     : Explicit concurrent mark sweep GC freed 1401(80KB) AllocSpace objects, 1(20KB) LOS objects, 31% free, 35MB/51MB, paused 893us total 35.753ms
08-04 00:36:31.323 23788 23801 I art     : Starting a blocking GC Explicit
08-04 00:36:31.349 23788 23801 I art     : Explicit concurrent mark sweep GC freed 20(704B) AllocSpace objects, 0(0B) LOS objects, 31% free, 35MB/51MB, paused 778us total 25.961ms
08-04 00:36:31.359 23788 23801 I art     : Starting a blocking GC Explicit
08-04 00:36:31.384 23788 23801 I art     : Explicit concurrent mark sweep GC freed 3(96B) AllocSpace objects, 0(0B) LOS objects, 31% free, 35MB/51MB, paused 798us total 25.027ms
08-04 00:36:31.393 23788 23801 I art     : Starting a blocking GC Explicit
08-04 00:36:31.419 23788 23801 I art     : Explicit concurrent mark sweep GC freed 3(96B) AllocSpace objects, 0(0B) LOS objects, 31% free, 35MB/51MB, paused 819us total 25.542ms
08-04 00:36:31.428 23788 23801 I art     : Starting a blocking GC Explicit
08-04 00:36:31.454 23788 23801 I art     : Explicit concurrent mark sweep GC freed 3(96B) AllocSpace objects, 0(0B) LOS objects, 31% free, 35MB/51MB, paused 809us total 25.241ms
08-04 00:36:31.770 23788 23822 I art     : Starting a blocking GC Explicit
08-04 00:36:31.802 23788 23822 I art     : Explicit concurrent mark sweep GC freed 1401(80KB) AllocSpace objects, 1(20KB) LOS objects, 31% free, 35MB/51MB, paused 877us total 31.809ms
08-04 00:36:31.815 23788 23822 I art     : Starting a blocking GC Explicit
08-04 00:36:31.841 23788 23822 I art     : Explicit concurrent mark sweep GC freed 20(704B) AllocSpace objects, 0(0B) LOS objects, 31% free, 35MB/51MB, paused 830us total 25.885ms
08-04 00:36:31.851 23788 23822 I art     : Starting a blocking GC Explicit
08-04 00:36:31.876 23788 23822 I art     : Explicit concurrent mark sweep GC freed 3(96B) AllocSpace objects, 0(0B) LOS objects, 31% free, 35MB/51MB, paused 774us total 24.910ms
08-04 00:36:31.885 23788 23822 I art     : Starting a blocking GC Explicit
08-04 00:36:31.911 23788 23822 I art     : Explicit concurrent mark sweep GC freed 3(96B) AllocSpace objects, 0(0B) LOS objects, 31% free, 35MB/51MB, paused 814us total 25.785ms
08-04 00:36:31.921 23788 23822 I art     : Starting a blocking GC Explicit
08-04 00:36:31.946 23788 23822 I art     : Explicit concurrent mark sweep GC freed 3(96B) AllocSpace objects, 0(0B) LOS objects, 31% free, 35MB/51MB, paused 816us total 25.628ms
08-04 00:36:32.017 17791 17791 I ServiceManager: Waiting for service AtCmdFwd...
08-04 00:36:32.295 23788 23800 I art     : Starting a blocking GC Explicit
08-04 00:36:32.332 23788 23800 I art     : Explicit concurrent mark sweep GC freed 1401(80KB) AllocSpace objects, 1(20KB) LOS objects, 31% free, 35MB/51MB, paused 940us total 37.312ms
08-04 00:36:32.347 23788 23800 I art     : Starting a blocking GC Explicit
08-04 00:36:32.372 23788 23800 I art     : Explicit concurrent mark sweep GC freed 20(704B) AllocSpace objects, 0(0B) LOS objects, 31% free, 35MB/51MB, paused 730us total 24.767ms
08-04 00:36:32.380 23788 23800 I art     : Starting a blocking GC Explicit
08-04 00:36:32.404 23788 23800 I art     : Explicit concurrent mark sweep GC freed 3(96B) AllocSpace objects, 0(0B) LOS objects, 31% free, 35MB/51MB, paused 784us total 23.726ms
08-04 00:36:32.413 23788 23800 I art     : Starting a blocking GC Explicit
08-04 00:36:32.438 23788 23800 I art     : Explicit concurrent mark sweep GC freed 3(96B) AllocSpace objects, 0(0B) LOS objects, 31% free, 35MB/51MB, paused 786us total 24.700ms
08-04 00:36:32.447 23788 23800 I art     : Starting a blocking GC Explicit
08-04 00:36:32.472 23788 23800 I art     : Explicit concurrent mark sweep GC freed 3(96B) AllocSpace objects, 0(0B) LOS objects, 31% free, 35MB/51MB, paused 765us total 24.258ms
08-04 00:36:32.831 23788 24349 I art     : Starting a blocking GC Explicit
08-04 00:36:32.865 23788 24349 I art     : Explicit concurrent mark sweep GC freed 1401(80KB) AllocSpace objects, 1(20KB) LOS objects, 31% free, 35MB/51MB, paused 841us total 33.152ms
08-04 00:36:32.876 23788 24349 I art     : Starting a blocking GC Explicit
08-04 00:36:32.902 23788 24349 I art     : Explicit concurrent mark sweep GC freed 20(704B) AllocSpace objects, 0(0B) LOS objects, 31% free, 35MB/51MB, paused 805us total 25.445ms
08-04 00:36:32.911 23788 24349 I art     : Starting a blocking GC Explicit
08-04 00:36:32.937 23788 24349 I art     : Explicit concurrent mark sweep GC freed 3(96B) AllocSpace objects, 0(0B) LOS objects, 31% free, 35MB/51MB, paused 812us total 25.552ms
08-04 00:36:32.946 23788 24349 I art     : Starting a blocking GC Explicit
08-04 00:36:32.972 23788 24349 I art     : Explicit concurrent mark sweep GC freed 3(96B) AllocSpace objects, 0(0B) LOS objects, 31% free, 35MB/51MB, paused 793us total 25.183ms
08-04 00:36:32.981 23788 24349 I art     : Starting a blocking GC Explicit
08-04 00:36:33.006 23788 24349 I art     : Explicit concurrent mark sweep GC freed 3(96B) AllocSpace objects, 0(0B) LOS objects, 31% free, 35MB/51MB, paused 759us total 24.812ms
08-04 00:36:33.017 17791 17791 I ServiceManager: Waiting for service AtCmdFwd...
08-04 00:36:33.154   918  3261 D WifiStateMachine: starting scan for "H369AA63323"WPA_PSK with 2412,5180
08-04 00:36:33.363 23788 23801 I art     : Starting a blocking GC Explicit
08-04 00:36:33.395 23788 23801 I art     : Explicit concurrent mark sweep GC freed 1401(80KB) AllocSpace objects, 1(20KB) LOS objects, 31% free, 35MB/51MB, paused 890us total 31.656ms
08-04 00:36:33.406 23788 23801 I art     : Starting a blocking GC Explicit
08-04 00:36:33.432 23788 23801 I art     : Explicit concurrent mark sweep GC freed 20(704B) AllocSpace objects, 0(0B) LOS objects, 31% free, 35MB/51MB, paused 800us total 25.684ms
08-04 00:36:33.442 23788 23801 I art     : Starting a blocking GC Explicit
08-04 00:36:33.467 23788 23801 I art     : Explicit concurrent mark sweep GC freed 3(96B) AllocSpace objects, 0(0B) LOS objects, 31% free, 35MB/51MB, paused 883us total 25.284ms
08-04 00:36:33.476 23788 23801 I art     : Starting a blocking GC Explicit
08-04 00:36:33.501 23788 23801 I art     : Explicit concurrent mark sweep GC freed 3(96B) AllocSpace objects, 0(0B) LOS objects, 31% free, 35MB/51MB, paused 810us total 24.576ms
08-04 00:36:33.511 23788 23801 I art     : Starting a blocking GC Explicit
08-04 00:36:33.536 23788 23801 I art     : Explicit concurrent mark sweep GC freed 3(96B) AllocSpace objects, 0(0B) LOS objects, 31% free, 35MB/51MB, paused 791us total 25.586ms
08-04 00:36:33.840 23788 23822 I art     : Starting a blocking GC Explicit
08-04 00:36:33.870 23788 23822 I art     : Explicit concurrent mark sweep GC freed 1401(80KB) AllocSpace objects, 1(20KB) LOS objects, 31% free, 35MB/51MB, paused 803us total 29.453ms
08-04 00:36:33.879 23788 23822 I art     : Starting a blocking GC Explicit
08-04 00:36:33.904 23788 23822 I art     : Explicit concurrent mark sweep GC freed 20(704B) AllocSpace objects, 0(0B) LOS objects, 31% free, 35MB/51MB, paused 789us total 24.226ms
08-04 00:36:33.912 23788 23822 I art     : Starting a blocking GC Explicit
08-04 00:36:33.936 23788 23822 I art     : Explicit concurrent mark sweep GC freed 3(96B) AllocSpace objects, 0(0B) LOS objects, 31% free, 35MB/51MB, paused 796us total 23.369ms
08-04 00:36:33.945 23788 23822 I art     : Starting a blocking GC Explicit
08-04 00:36:33.970 23788 23822 I art     : Explicit concurrent mark sweep GC freed 3(96B) AllocSpace objects, 0(0B) LOS objects, 31% free, 35MB/51MB, paused 812us total 24.084ms
08-04 00:36:33.979 23788 23822 I art     : Starting a blocking GC Explicit
08-04 00:36:34.002 23788 23822 I art     : Explicit concurrent mark sweep GC freed 3(96B) AllocSpace objects, 0(0B) LOS objects, 31% free, 35MB/51MB, paused 782us total 23.227ms
08-04 00:36:34.018 17791 17791 W Atfwd_Sendcmd: AtCmdFwd service not published, waiting... retryCnt : 3
08-04 00:36:34.109 26521 26521 D AndroidRuntime: >>>>>> START com.android.internal.os.RuntimeInit uid 2000 <<<<<<
08-04 00:36:34.115 26521 26521 D AndroidRuntime: CheckJNI is OFF
08-04 00:36:34.151 26521 26521 D ICU     : No timezone override file found: /data/misc/zoneinfo/current/icu/icu_tzdata.dat
08-04 00:36:34.183 26521 26521 I Radio-JNI: register_android_hardware_Radio DONE
08-04 00:36:34.205 26521 26521 D AndroidRuntime: Calling main entry com.android.commands.input.Input
08-04 00:36:34.207 26521 26521 I Input   : injectMotionEvent: MotionEvent { action=ACTION_DOWN, actionButton=0, id[0]=0, x[0]=436.0, y[0]=453.0, toolType[0]=TOOL_TYPE_UNKNOWN, buttonState=0, metaState=0, flags=0x0, edgeFlags=0x0, pointerCount=1, historySize=0, eventTime=664610620, downTime=664610620, deviceId=0, source=0x1002 }
08-04 00:36:34.214 26521 26521 I Input   : injectMotionEvent: MotionEvent { action=ACTION_UP, actionButton=0, id[0]=0, x[0]=436.0, y[0]=453.0, toolType[0]=TOOL_TYPE_UNKNOWN, buttonState=0, metaState=0, flags=0x0, edgeFlags=0x0, pointerCount=1, historySize=0, eventTime=664610620, downTime=664610620, deviceId=0, source=0x1002 }
08-04 00:36:34.216 26521 26521 D AndroidRuntime: Shutting down VM
08-04 00:36:34.233   512  2967 D audio_hw_primary: out_set_parameters: enter: usecase(1: low-latency-playback) kvpairs: routing=2
08-04 00:36:34.238   918  6112 I ActivityManager: START u0 {cmp=baseline.com.newsblur/.activity.AllSharedStoriesReading (has extras)} from uid 10652 on display 0
08-04 00:36:34.246   512  2967 D audio_hw_primary: select_devices: out_snd_device(2: speaker) in_snd_device(0: none)
08-04 00:36:34.246   512  2967 D msm8974_platform: platform_send_audio_calibration: sending audio calibration for snd_device(2) acdb_id(15)
08-04 00:36:34.246   512  2967 I soundtrigger: audio_extn_sound_trigger_update_device_status: device 0x2 of type 0 for Event 1
08-04 00:36:34.257   512  2967 D audio_hw_primary: enable_snd_device: snd_device(2: speaker)
08-04 00:36:34.259   512  2967 D audio_hw_primary: enable_audio_route: apply and update mixer path: low-latency-playback speaker
08-04 00:36:34.328 23788 23800 I art     : Starting a blocking GC Explicit
08-04 00:36:34.353 23788 23800 I art     : Explicit concurrent mark sweep GC freed 2948(230KB) AllocSpace objects, 6(580KB) LOS objects, 30% free, 37MB/53MB, paused 876us total 24.889ms
08-04 00:36:34.362 23788 23800 I art     : Starting a blocking GC Explicit
08-04 00:36:34.389 23788 23800 I art     : Explicit concurrent mark sweep GC freed 432(21KB) AllocSpace objects, 0(0B) LOS objects, 30% free, 37MB/53MB, paused 1.002ms total 26.099ms
08-04 00:36:34.398 23788 23800 I art     : Starting a blocking GC Explicit
08-04 00:36:34.423 23788 23800 I art     : Explicit concurrent mark sweep GC freed 160(25KB) AllocSpace objects, 1(20KB) LOS objects, 30% free, 37MB/53MB, paused 772us total 25.341ms
08-04 00:36:34.432 23788 23800 I art     : Starting a blocking GC Explicit
08-04 00:36:34.455 13866 13866 I GoogleInputMethodServic: GoogleInputMethodService.onFinishInput():3138 
08-04 00:36:34.455 13866 13866 I GoogleInputMethodServic: GoogleInputMethodService.onStartInput():1808 
08-04 00:36:34.456 23788 23800 I art     : Explicit concurrent mark sweep GC freed 500(40KB) AllocSpace objects, 1(20KB) LOS objects, 29% free, 38MB/54MB, paused 1.064ms total 24.111ms
08-04 00:36:34.466 23788 23800 I art     : Starting a blocking GC Explicit
08-04 00:36:34.479   918   936 I ActivityManager: Displayed baseline.com.newsblur/.activity.AllSharedStoriesReading: +232ms
08-04 00:36:34.491 23788 23800 I art     : Explicit concurrent mark sweep GC freed 968(45KB) AllocSpace objects, 0(0B) LOS objects, 29% free, 39MB/55MB, paused 1.147ms total 24.559ms
08-04 00:36:34.492   918   928 D ConnectivityService: listenForNetwork for Listen from uid/pid:10652/23788 for NetworkRequest [ id=2474, legacyType=-1, [ Capabilities: INTERNET&NOT_RESTRICTED&TRUSTED] ]
08-04 00:36:34.646 23788 24433 E chromium: [ERROR:tile_manager.cc(793)] WARNING: tile memory limits exceeded, some content may not draw
08-04 00:36:34.647 23788 24433 E chromium: [ERROR:tile_manager.cc(793)] WARNING: tile memory limits exceeded, some content may not draw
08-04 00:36:34.663 23788 24433 E chromium: [ERROR:tile_manager.cc(793)] WARNING: tile memory limits exceeded, some content may not draw
08-04 00:36:34.663 23788 24433 E chromium: [ERROR:tile_manager.cc(793)] WARNING: tile memory limits exceeded, some content may not draw
08-04 00:36:34.769 23788 24349 I art     : Starting a blocking GC Explicit
08-04 00:36:34.797 23788 24349 I art     : Explicit concurrent mark sweep GC freed 4167(376KB) AllocSpace objects, 3(60KB) LOS objects, 28% free, 40MB/56MB, paused 764us total 27.475ms
08-04 00:36:34.800   512  2967 D audio_hw_primary: disable_audio_route: reset and update mixer path: low-latency-playback speaker
08-04 00:36:34.802   512  2967 D audio_hw_primary: disable_snd_device: snd_device(2: speaker)
08-04 00:36:34.808 23788 24349 I art     : Starting a blocking GC Explicit
08-04 00:36:34.810   512  2967 I soundtrigger: audio_extn_sound_trigger_update_device_status: device 0x2 of type 0 for Event 0
08-04 00:36:34.835 23788 24349 I art     : Explicit concurrent mark sweep GC freed 1419(83KB) AllocSpace objects, 0(0B) LOS objects, 28% free, 40MB/56MB, paused 725us total 26.777ms
08-04 00:36:34.844 23788 24349 I art     : Starting a blocking GC Explicit
08-04 00:36:34.869 23788 24349 I art     : Explicit concurrent mark sweep GC freed 136(17KB) AllocSpace objects, 1(20KB) LOS objects, 28% free, 40MB/56MB, paused 820us total 25.481ms
08-04 00:36:34.879 23788 24349 I art     : Starting a blocking GC Explicit
08-04 00:36:34.901 23788 24433 E chromium: [ERROR:tile_manager.cc(793)] WARNING: tile memory limits exceeded, some content may not draw
08-04 00:36:34.904 23788 24433 E chromium: [ERROR:tile_manager.cc(793)] WARNING: tile memory limits exceeded, some content may not draw
08-04 00:36:34.906 23788 24349 I art     : Explicit concurrent mark sweep GC freed 37(1616B) AllocSpace objects, 1(28KB) LOS objects, 28% free, 40MB/56MB, paused 952us total 26.733ms
08-04 00:36:34.909 23788 24433 E chromium: [ERROR:tile_manager.cc(793)] WARNING: tile memory limits exceeded, some content may not draw
08-04 00:36:34.909 23788 24433 E chromium: [ERROR:tile_manager.cc(793)] WARNING: tile memory limits exceeded, some content may not draw
08-04 00:36:34.915 23788 24349 I art     : Starting a blocking GC Explicit
08-04 00:36:34.939 23788 24349 I art     : Explicit concurrent mark sweep GC freed 7(224B) AllocSpace objects, 0(0B) LOS objects, 28% free, 40MB/56MB, paused 775us total 23.694ms
08-04 00:36:35.261 23788 23822 I art     : Starting a blocking GC Explicit
08-04 00:36:35.290 23788 23822 I art     : Explicit concurrent mark sweep GC freed 1404(81KB) AllocSpace objects, 1(20KB) LOS objects, 28% free, 40MB/56MB, paused 828us total 29.061ms
08-04 00:36:35.300 23788 23822 I art     : Starting a blocking GC Explicit
08-04 00:36:35.327 23788 23822 I art     : Explicit concurrent mark sweep GC freed 20(704B) AllocSpace objects, 0(0B) LOS objects, 28% free, 40MB/56MB, paused 929us total 27.381ms
08-04 00:36:35.337 23788 23822 I art     : Starting a blocking GC Explicit
08-04 00:36:35.364 23788 23822 I art     : Explicit concurrent mark sweep GC freed 3(96B) AllocSpace objects, 0(0B) LOS objects, 28% free, 40MB/56MB, paused 807us total 27.012ms
08-04 00:36:35.374 23788 23822 I art     : Starting a blocking GC Explicit
08-04 00:36:35.402 23788 23822 I art     : Explicit concurrent mark sweep GC freed 3(96B) AllocSpace objects, 0(0B) LOS objects, 28% free, 40MB/56MB, paused 804us total 27.824ms
08-04 00:36:35.411 23788 23822 I art     : Starting a blocking GC Explicit
08-04 00:36:35.438 23788 23822 I art     : Explicit concurrent mark sweep GC freed 3(96B) AllocSpace objects, 0(0B) LOS objects, 28% free, 40MB/56MB, paused 853us total 26.601ms
08-04 00:36:35.750 23788 24433 E chromium: [ERROR:tile_manager.cc(793)] WARNING: tile memory limits exceeded, some content may not draw
08-04 00:36:35.757 23788 24433 E chromium: [ERROR:tile_manager.cc(793)] WARNING: tile memory limits exceeded, some content may not draw
08-04 00:36:35.762 23788 23801 I art     : Starting a blocking GC Explicit
08-04 00:36:35.791 23788 23801 I art     : Explicit concurrent mark sweep GC freed 1413(81KB) AllocSpace objects, 1(20KB) LOS objects, 28% free, 40MB/56MB, paused 752us total 28.869ms
08-04 00:36:35.800 23788 23801 I art     : Starting a blocking GC Explicit
08-04 00:36:35.823 23788 23801 I art     : Explicit concurrent mark sweep GC freed 28(960B) AllocSpace objects, 0(0B) LOS objects, 28% free, 40MB/56MB, paused 740us total 22.837ms
08-04 00:36:35.833 23788 23801 I art     : Starting a blocking GC Explicit
08-04 00:36:35.856 23788 23801 I art     : Explicit concurrent mark sweep GC freed 11(352B) AllocSpace objects, 0(0B) LOS objects, 28% free, 40MB/56MB, paused 708us total 23.310ms
08-04 00:36:35.865 23788 23801 I art     : Starting a blocking GC Explicit
08-04 00:36:35.888 23788 23801 I art     : Explicit concurrent mark sweep GC freed 11(352B) AllocSpace objects, 0(0B) LOS objects, 28% free, 40MB/56MB, paused 704us total 22.930ms
08-04 00:36:35.898 23788 23801 I art     : Starting a blocking GC Explicit
08-04 00:36:35.921 23788 23801 I art     : Explicit concurrent mark sweep GC freed 12(384B) AllocSpace objects, 0(0B) LOS objects, 28% free, 40MB/56MB, paused 701us total 23.176ms
08-04 00:36:36.267 23788 23822 I art     : Starting a blocking GC Explicit
08-04 00:36:36.295 23788 23822 I art     : Explicit concurrent mark sweep GC freed 1418(81KB) AllocSpace objects, 1(20KB) LOS objects, 28% free, 40MB/56MB, paused 860us total 28.129ms
08-04 00:36:36.305 23788 23822 I art     : Starting a blocking GC Explicit
08-04 00:36:36.333 23788 23822 I art     : Explicit concurrent mark sweep GC freed 20(704B) AllocSpace objects, 0(0B) LOS objects, 28% free, 40MB/56MB, paused 814us total 27.749ms
08-04 00:36:36.343 23788 23822 I art     : Starting a blocking GC Explicit
08-04 00:36:36.370 23788 23822 I art     : Explicit concurrent mark sweep GC freed 3(96B) AllocSpace objects, 0(0B) LOS objects, 28% free, 40MB/56MB, paused 805us total 27.594ms
08-04 00:36:36.380 23788 23822 I art     : Starting a blocking GC Explicit
08-04 00:36:36.408 23788 23822 I art     : Explicit concurrent mark sweep GC freed 3(96B) AllocSpace objects, 0(0B) LOS objects, 28% free, 40MB/56MB, paused 842us total 28.134ms
08-04 00:36:36.418 23788 23822 I art     : Starting a blocking GC Explicit
08-04 00:36:36.446 23788 23822 I art     : Explicit concurrent mark sweep GC freed 3(96B) AllocSpace objects, 0(0B) LOS objects, 28% free, 40MB/56MB, paused 806us total 27.865ms
08-04 00:36:36.799 23788 24349 I art     : Starting a blocking GC Explicit
08-04 00:36:36.839 23788 24349 I art     : Explicit concurrent mark sweep GC freed 1404(81KB) AllocSpace objects, 1(20KB) LOS objects, 28% free, 40MB/56MB, paused 956us total 39.061ms
08-04 00:36:36.852 23788 24349 I art     : Starting a blocking GC Explicit
08-04 00:36:36.881 23788 24349 I art     : Explicit concurrent mark sweep GC freed 20(704B) AllocSpace objects, 0(0B) LOS objects, 28% free, 40MB/56MB, paused 792us total 28.071ms
08-04 00:36:36.890 23788 24349 I art     : Starting a blocking GC Explicit
08-04 00:36:36.918 23788 24349 I art     : Explicit concurrent mark sweep GC freed 3(96B) AllocSpace objects, 0(0B) LOS objects, 28% free, 40MB/56MB, paused 841us total 27.708ms
08-04 00:36:36.928 23788 24349 I art     : Starting a blocking GC Explicit
08-04 00:36:36.956 23788 24349 I art     : Explicit concurrent mark sweep GC freed 3(96B) AllocSpace objects, 0(0B) LOS objects, 28% free, 40MB/56MB, paused 835us total 27.894ms
08-04 00:36:36.965 23788 24349 I art     : Starting a blocking GC Explicit
08-04 00:36:36.994 23788 24349 I art     : Explicit concurrent mark sweep GC freed 3(96B) AllocSpace objects, 0(0B) LOS objects, 28% free, 40MB/56MB, paused 822us total 28.154ms
08-04 00:36:37.379 23788 23801 I art     : Starting a blocking GC Explicit
08-04 00:36:37.420 23788 23801 I art     : Explicit concurrent mark sweep GC freed 1404(81KB) AllocSpace objects, 1(20KB) LOS objects, 28% free, 40MB/56MB, paused 897us total 41.422ms
08-04 00:36:37.434 23788 23801 I art     : Starting a blocking GC Explicit
08-04 00:36:37.466 23788 23801 I art     : Explicit concurrent mark sweep GC freed 20(704B) AllocSpace objects, 0(0B) LOS objects, 28% free, 40MB/56MB, paused 818us total 31.789ms
08-04 00:36:37.475 23788 23801 I art     : Starting a blocking GC Explicit
08-04 00:36:37.503 23788 23801 I art     : Explicit concurrent mark sweep GC freed 3(96B) AllocSpace objects, 0(0B) LOS objects, 28% free, 40MB/56MB, paused 958us total 27.640ms
08-04 00:36:37.513 23788 23801 I art     : Starting a blocking GC Explicit
08-04 00:36:37.541 23788 23801 I art     : Explicit concurrent mark sweep GC freed 3(96B) AllocSpace objects, 0(0B) LOS objects, 28% free, 40MB/56MB, paused 853us total 27.955ms
08-04 00:36:37.551 23788 23801 I art     : Starting a blocking GC Explicit
08-04 00:36:37.578 23788 23801 I art     : Explicit concurrent mark sweep GC freed 3(96B) AllocSpace objects, 0(0B) LOS objects, 28% free, 40MB/56MB, paused 841us total 26.938ms
08-04 00:36:37.929 23788 23800 I art     : Starting a blocking GC Explicit
08-04 00:36:37.964 23788 23800 I art     : Explicit concurrent mark sweep GC freed 1404(81KB) AllocSpace objects, 1(20KB) LOS objects, 28% free, 40MB/56MB, paused 894us total 35.029ms
08-04 00:36:37.976 23788 23800 I art     : Starting a blocking GC Explicit
08-04 00:36:38.004 23788 23800 I art     : Explicit concurrent mark sweep GC freed 20(704B) AllocSpace objects, 0(0B) LOS objects, 28% free, 40MB/56MB, paused 788us total 27.474ms
08-04 00:36:38.013 23788 23800 I art     : Starting a blocking GC Explicit
08-04 00:36:38.041 23788 23800 I art     : Explicit concurrent mark sweep GC freed 3(96B) AllocSpace objects, 0(0B) LOS objects, 28% free, 40MB/56MB, paused 805us total 27.751ms
08-04 00:36:38.051 23788 23800 I art     : Starting a blocking GC Explicit
08-04 00:36:38.079 23788 23800 I art     : Explicit concurrent mark sweep GC freed 3(96B) AllocSpace objects, 0(0B) LOS objects, 28% free, 40MB/56MB, paused 825us total 27.849ms
08-04 00:36:38.088 23788 23800 I art     : Starting a blocking GC Explicit
08-04 00:36:38.116 23788 23800 I art     : Explicit concurrent mark sweep GC freed 3(96B) AllocSpace objects, 0(0B) LOS objects, 28% free, 40MB/56MB, paused 822us total 27.298ms
08-04 00:36:38.473 23788 23822 I art     : Starting a blocking GC Explicit
08-04 00:36:38.502 23788 23822 I art     : Explicit concurrent mark sweep GC freed 1404(81KB) AllocSpace objects, 1(20KB) LOS objects, 28% free, 40MB/56MB, paused 883us total 29.292ms
08-04 00:36:38.512 23788 23822 I art     : Starting a blocking GC Explicit
08-04 00:36:38.538 23788 23822 I art     : Explicit concurrent mark sweep GC freed 20(704B) AllocSpace objects, 0(0B) LOS objects, 28% free, 40MB/56MB, paused 816us total 25.585ms
08-04 00:36:38.547 23788 23822 I art     : Starting a blocking GC Explicit
08-04 00:36:38.571 23788 23822 I art     : Explicit concurrent mark sweep GC freed 3(96B) AllocSpace objects, 0(0B) LOS objects, 28% free, 40MB/56MB, paused 780us total 24.093ms
08-04 00:36:38.580 23788 23822 I art     : Starting a blocking GC Explicit
08-04 00:36:38.605 23788 23822 I art     : Explicit concurrent mark sweep GC freed 3(96B) AllocSpace objects, 0(0B) LOS objects, 28% free, 40MB/56MB, paused 825us total 25.078ms
08-04 00:36:38.614 23788 23822 I art     : Starting a blocking GC Explicit
08-04 00:36:38.641 23788 23822 I art     : Explicit concurrent mark sweep GC freed 3(96B) AllocSpace objects, 0(0B) LOS objects, 28% free, 40MB/56MB, paused 815us total 26.214ms
08-04 00:36:38.869 26636 26636 D AndroidRuntime: >>>>>> START com.android.internal.os.RuntimeInit uid 2000 <<<<<<
08-04 00:36:38.874 26636 26636 D AndroidRuntime: CheckJNI is OFF
08-04 00:36:38.906 26636 26636 D ICU     : No timezone override file found: /data/misc/zoneinfo/current/icu/icu_tzdata.dat
08-04 00:36:38.939 26636 26636 I Radio-JNI: register_android_hardware_Radio DONE
08-04 00:36:38.960 26636 26636 D AndroidRuntime: Calling main entry com.android.commands.input.Input
08-04 00:36:38.962 26636 26636 I Input   : injectKeyEvent: KeyEvent { action=ACTION_DOWN, keyCode=KEYCODE_BACK, scanCode=0, metaState=0, flags=0x0, repeatCount=0, eventTime=664615375, downTime=664615375, deviceId=-1, source=0x101 }
08-04 00:36:38.967 26636 26636 I Input   : injectKeyEvent: KeyEvent { action=ACTION_UP, keyCode=KEYCODE_BACK, scanCode=0, metaState=0, flags=0x0, repeatCount=0, eventTime=664615375, downTime=664615375, deviceId=-1, source=0x101 }
08-04 00:36:38.975 26636 26636 D AndroidRuntime: Shutting down VM
08-04 00:36:38.983 23788 23788 D baseline.com.newsblur.service.NBSyncService: rejecting request for feedset that is exhaused
08-04 00:36:38.995 23788 23822 I art     : Starting a blocking GC Explicit
08-04 00:36:39.022 23788 23822 I art     : Explicit concurrent mark sweep GC freed 1649(121KB) AllocSpace objects, 3(60KB) LOS objects, 28% free, 40MB/56MB, paused 890us total 27.569ms
08-04 00:36:39.032 23788 23822 I art     : Starting a blocking GC Explicit
08-04 00:36:39.059 23788 23822 I art     : Explicit concurrent mark sweep GC freed 56(2032B) AllocSpace objects, 0(0B) LOS objects, 28% free, 40MB/56MB, paused 873us total 26.289ms
08-04 00:36:39.068 23788 23822 I art     : Starting a blocking GC Explicit
08-04 00:36:39.094 23788 23822 I art     : Explicit concurrent mark sweep GC freed 606(44KB) AllocSpace objects, 1(20KB) LOS objects, 28% free, 40MB/56MB, paused 798us total 26.528ms
08-04 00:36:39.101 23788 23788 D baseline.com.newsblur.service.NBSyncService: rejecting request for feedset that is exhaused
08-04 00:36:39.103 13866 13866 I GoogleInputMethodServic: GoogleInputMethodService.onFinishInput():3138 
08-04 00:36:39.103 13866 13866 I GoogleInputMethodServic: GoogleInputMethodService.onStartInput():1808 
08-04 00:36:39.104 23788 23822 I art     : Starting a blocking GC Explicit
08-04 00:36:39.129 23788 23822 I art     : Explicit concurrent mark sweep GC freed 842(75KB) AllocSpace objects, 1(20KB) LOS objects, 28% free, 40MB/56MB, paused 875us total 25.488ms
08-04 00:36:39.139 23788 23822 I art     : Starting a blocking GC Explicit
08-04 00:36:39.166 23788 23822 I art     : Explicit concurrent mark sweep GC freed 846(66KB) AllocSpace objects, 0(0B) LOS objects, 28% free, 40MB/56MB, paused 812us total 26.974ms
08-04 00:36:39.462 23788 23822 I art     : Starting a blocking GC Explicit
08-04 00:36:39.489 23788 23822 I art     : Explicit concurrent mark sweep GC freed 2651(140KB) AllocSpace objects, 2(48KB) LOS objects, 28% free, 40MB/56MB, paused 863us total 26.944ms
08-04 00:36:39.498 23788 23822 I art     : Starting a blocking GC Explicit
08-04 00:36:39.505   918  3263 D ConnectivityService: releasing NetworkRequest NetworkRequest [ id=2474, legacyType=-1, [ Capabilities: INTERNET&NOT_RESTRICTED&TRUSTED] ]
08-04 00:36:39.524 23788 23822 I art     : Explicit concurrent mark sweep GC freed 5865(438KB) AllocSpace objects, 12(4MB) LOS objects, 31% free, 35MB/51MB, paused 814us total 26.078ms
08-04 00:36:39.533 23788 23822 I art     : Starting a blocking GC Explicit
08-04 00:36:39.555 23788 23822 I art     : Explicit concurrent mark sweep GC freed 33(1472B) AllocSpace objects, 0(0B) LOS objects, 31% free, 35MB/51MB, paused 777us total 21.854ms
08-04 00:36:39.563 23788 23822 I art     : Starting a blocking GC Explicit
08-04 00:36:39.586 23788 23822 I art     : Explicit concurrent mark sweep GC freed 6(192B) AllocSpace objects, 0(0B) LOS objects, 31% free, 35MB/51MB, paused 815us total 22.610ms
08-04 00:36:39.596 23788 23822 I art     : Starting a blocking GC Explicit
08-04 00:36:39.619 23788 23822 I art     : Explicit concurrent mark sweep GC freed 7(224B) AllocSpace objects, 0(0B) LOS objects, 31% free, 35MB/51MB, paused 722us total 22.914ms
08-04 00:36:39.956 23788 23800 I art     : Starting a blocking GC Explicit
08-04 00:36:39.986 23788 23800 I art     : Explicit concurrent mark sweep GC freed 1446(82KB) AllocSpace objects, 1(20KB) LOS objects, 31% free, 35MB/51MB, paused 906us total 30.134ms
08-04 00:36:39.998 23788 23800 I art     : Starting a blocking GC Explicit
08-04 00:36:40.028 23788 23800 I art     : Explicit concurrent mark sweep GC freed 25(864B) AllocSpace objects, 0(0B) LOS objects, 31% free, 35MB/51MB, paused 1.501ms total 30.064ms
08-04 00:36:40.037 23788 23800 I art     : Starting a blocking GC Explicit
08-04 00:36:40.063 23788 23800 I art     : Explicit concurrent mark sweep GC freed 7(224B) AllocSpace objects, 0(0B) LOS objects, 31% free, 35MB/51MB, paused 801us total 25.678ms
08-04 00:36:40.072 23788 23800 I art     : Starting a blocking GC Explicit
08-04 00:36:40.099 23788 23800 I art     : Explicit concurrent mark sweep GC freed 7(224B) AllocSpace objects, 0(0B) LOS objects, 31% free, 35MB/51MB, paused 871us total 27.063ms
08-04 00:36:40.109 23788 23800 I art     : Starting a blocking GC Explicit
08-04 00:36:40.136 23788 23800 I art     : Explicit concurrent mark sweep GC freed 8(256B) AllocSpace objects, 0(0B) LOS objects, 31% free, 35MB/51MB, paused 848us total 26.336ms
08-04 00:36:40.433 23788 23822 I art     : Starting a blocking GC Explicit
08-04 00:36:40.464 23788 23822 I art     : Explicit concurrent mark sweep GC freed 1440(82KB) AllocSpace objects, 1(20KB) LOS objects, 31% free, 35MB/51MB, paused 856us total 30.623ms
08-04 00:36:40.473 23788 23822 I art     : Starting a blocking GC Explicit
08-04 00:36:40.500 23788 23822 I art     : Explicit concurrent mark sweep GC freed 25(864B) AllocSpace objects, 0(0B) LOS objects, 31% free, 35MB/51MB, paused 828us total 27.115ms
08-04 00:36:40.510 23788 23822 I art     : Starting a blocking GC Explicit
08-04 00:36:40.535 23788 23822 I art     : Explicit concurrent mark sweep GC freed 7(224B) AllocSpace objects, 0(0B) LOS objects, 31% free, 35MB/51MB, paused 743us total 24.892ms
08-04 00:36:40.545 23788 23822 I art     : Starting a blocking GC Explicit
08-04 00:36:40.568 23788 23822 I art     : Explicit concurrent mark sweep GC freed 5(160B) AllocSpace objects, 0(0B) LOS objects, 31% free, 35MB/51MB, paused 800us total 22.835ms
08-04 00:36:40.577 23788 23822 I art     : Starting a blocking GC Explicit
08-04 00:36:40.600 23788 23822 I art     : Explicit concurrent mark sweep GC freed 3(96B) AllocSpace objects, 0(0B) LOS objects, 31% free, 35MB/51MB, paused 810us total 23.065ms
08-04 00:36:40.663 26679 26679 D AndroidRuntime: >>>>>> START com.android.internal.os.RuntimeInit uid 2000 <<<<<<
08-04 00:36:40.668 26679 26679 D AndroidRuntime: CheckJNI is OFF
08-04 00:36:40.702 26679 26679 D ICU     : No timezone override file found: /data/misc/zoneinfo/current/icu/icu_tzdata.dat
08-04 00:36:40.738 26679 26679 I Radio-JNI: register_android_hardware_Radio DONE
08-04 00:36:40.760 26679 26679 D AndroidRuntime: Calling main entry com.android.commands.input.Input
08-04 00:36:40.762 26679 26679 I Input   : injectKeyEvent: KeyEvent { action=ACTION_DOWN, keyCode=KEYCODE_BACK, scanCode=0, metaState=0, flags=0x0, repeatCount=0, eventTime=664617175, downTime=664617175, deviceId=-1, source=0x101 }
08-04 00:36:40.767 26679 26679 I Input   : injectKeyEvent: KeyEvent { action=ACTION_UP, keyCode=KEYCODE_BACK, scanCode=0, metaState=0, flags=0x0, repeatCount=0, eventTime=664617175, downTime=664617175, deviceId=-1, source=0x101 }
08-04 00:36:40.774 26679 26679 D AndroidRuntime: Shutting down VM
08-04 00:36:40.907 23788 23800 I art     : Starting a blocking GC Explicit
08-04 00:36:40.938 23788 23800 I art     : Explicit concurrent mark sweep GC freed 13652(900KB) AllocSpace objects, 15(300KB) LOS objects, 31% free, 35MB/51MB, paused 1.237ms total 30.149ms
08-04 00:36:40.948 23788 23800 I art     : Starting a blocking GC Explicit
08-04 00:36:40.952 13866 13866 I GoogleInputMethodServic: GoogleInputMethodService.onFinishInput():3138 
08-04 00:36:40.952 13866 13866 I GoogleInputMethodServic: GoogleInputMethodService.onStartInput():1808 
08-04 00:36:40.971 23788 23800 I art     : Explicit concurrent mark sweep GC freed 1668(247KB) AllocSpace objects, 14(280KB) LOS objects, 31% free, 35MB/51MB, paused 921us total 23.389ms
08-04 00:36:40.980 23788 23800 I art     : Starting a blocking GC Explicit
08-04 00:36:41.004 23788 23800 I art     : Explicit concurrent mark sweep GC freed 213(8KB) AllocSpace objects, 0(0B) LOS objects, 31% free, 35MB/51MB, paused 817us total 23.368ms
08-04 00:36:41.013 23788 23800 I art     : Starting a blocking GC Explicit
08-04 00:36:41.034 23788 23800 I art     : Explicit concurrent mark sweep GC freed 356(12KB) AllocSpace objects, 0(0B) LOS objects, 31% free, 35MB/51MB, paused 783us total 21.313ms
08-04 00:36:41.043 23788 23800 I art     : Starting a blocking GC Explicit
08-04 00:36:41.066 23788 23800 I art     : Explicit concurrent mark sweep GC freed 3(96B) AllocSpace objects, 0(0B) LOS objects, 31% free, 35MB/51MB, paused 775us total 22.243ms
08-04 00:36:41.357 23788 23801 I art     : Starting a blocking GC Explicit
08-04 00:36:41.383 23788 23801 I art     : Explicit concurrent mark sweep GC freed 1856(101KB) AllocSpace objects, 1(20KB) LOS objects, 31% free, 35MB/51MB, paused 847us total 25.385ms
08-04 00:36:41.392 23788 23801 I art     : Starting a blocking GC Explicit
08-04 00:36:41.417 23788 23801 I art     : Explicit concurrent mark sweep GC freed 5551(414KB) AllocSpace objects, 2(1188KB) LOS objects, 32% free, 33MB/49MB, paused 821us total 24.298ms
08-04 00:36:41.426 23788 23801 I art     : Starting a blocking GC Explicit
08-04 00:36:41.450 23788 23801 I art     : Explicit concurrent mark sweep GC freed 12(448B) AllocSpace objects, 0(0B) LOS objects, 32% free, 33MB/49MB, paused 834us total 23.487ms
08-04 00:36:41.459 23788 23801 I art     : Starting a blocking GC Explicit
08-04 00:36:41.480 23788 23801 I art     : Explicit concurrent mark sweep GC freed 7(224B) AllocSpace objects, 0(0B) LOS objects, 32% free, 33MB/49MB, paused 779us total 20.604ms
08-04 00:36:41.488 23788 23801 I art     : Starting a blocking GC Explicit
08-04 00:36:41.509 23788 23801 I art     : Explicit concurrent mark sweep GC freed 7(224B) AllocSpace objects, 0(0B) LOS objects, 32% free, 33MB/49MB, paused 817us total 21.259ms
08-04 00:36:41.836 23788 24349 I art     : Starting a blocking GC Explicit
08-04 00:36:41.862 23788 24349 I art     : Explicit concurrent mark sweep GC freed 1444(82KB) AllocSpace objects, 1(20KB) LOS objects, 32% free, 33MB/49MB, paused 930us total 25.332ms
08-04 00:36:41.871 23788 24349 I art     : Starting a blocking GC Explicit
08-04 00:36:41.896 23788 24349 I art     : Explicit concurrent mark sweep GC freed 24(832B) AllocSpace objects, 0(0B) LOS objects, 32% free, 33MB/49MB, paused 1.002ms total 23.984ms
08-04 00:36:41.904 23788 24349 I art     : Starting a blocking GC Explicit
08-04 00:36:41.928 23788 24349 I art     : Explicit concurrent mark sweep GC freed 7(224B) AllocSpace objects, 0(0B) LOS objects, 32% free, 33MB/49MB, paused 847us total 23.283ms
08-04 00:36:41.937 23788 24349 I art     : Starting a blocking GC Explicit
08-04 00:36:41.960 23788 24349 I art     : Explicit concurrent mark sweep GC freed 6(192B) AllocSpace objects, 0(0B) LOS objects, 32% free, 33MB/49MB, paused 798us total 22.897ms
08-04 00:36:41.970 23788 24349 I art     : Starting a blocking GC Explicit
08-04 00:36:41.992 23788 24349 I art     : Explicit concurrent mark sweep GC freed 8(256B) AllocSpace objects, 0(0B) LOS objects, 32% free, 33MB/49MB, paused 729us total 22.087ms
08-04 00:36:42.279 23788 23822 I art     : Starting a blocking GC Explicit
08-04 00:36:42.303 23788 23822 I art     : Explicit concurrent mark sweep GC freed 1433(81KB) AllocSpace objects, 1(20KB) LOS objects, 32% free, 33MB/49MB, paused 843us total 23.553ms
08-04 00:36:42.312 23788 23822 I art     : Starting a blocking GC Explicit
08-04 00:36:42.335 23788 23822 I art     : Explicit concurrent mark sweep GC freed 25(864B) AllocSpace objects, 0(0B) LOS objects, 32% free, 33MB/49MB, paused 801us total 22.620ms
08-04 00:36:42.343 23788 23822 I art     : Starting a blocking GC Explicit
08-04 00:36:42.364 23788 23822 I art     : Explicit concurrent mark sweep GC freed 5(160B) AllocSpace objects, 0(0B) LOS objects, 32% free, 33MB/49MB, paused 821us total 20.362ms
08-04 00:36:42.372 23788 23822 I art     : Starting a blocking GC Explicit
08-04 00:36:42.393 23788 23822 I art     : Explicit concurrent mark sweep GC freed 3(96B) AllocSpace objects, 0(0B) LOS objects, 32% free, 33MB/49MB, paused 736us total 20.508ms
08-04 00:36:42.401 23788 23822 I art     : Starting a blocking GC Explicit
08-04 00:36:42.421 23788 23822 I art     : Explicit concurrent mark sweep GC freed 3(96B) AllocSpace objects, 0(0B) LOS objects, 32% free, 33MB/49MB, paused 809us total 20.227ms
08-04 00:36:42.467 26740 26740 D AndroidRuntime: >>>>>> START com.android.internal.os.RuntimeInit uid 2000 <<<<<<
08-04 00:36:42.472 26740 26740 D AndroidRuntime: CheckJNI is OFF
08-04 00:36:42.505 26740 26740 D ICU     : No timezone override file found: /data/misc/zoneinfo/current/icu/icu_tzdata.dat
08-04 00:36:42.540 26740 26740 I Radio-JNI: register_android_hardware_Radio DONE
08-04 00:36:42.562 26740 26740 D AndroidRuntime: Calling main entry com.android.commands.am.Am
08-04 00:36:42.575  8825  8825 I Trepn   : Trepn 6.2s: Received intent: com.quicinc.trepn.stop_profiling
08-04 00:36:42.626  8825  8825 I Trepn   : Trepn 6.2s: Trepn has Stopped Profiling.
08-04 00:36:42.753 23788 23800 I art     : Starting a blocking GC Explicit
08-04 00:36:42.779 23788 23800 I art     : Explicit concurrent mark sweep GC freed 1398(80KB) AllocSpace objects, 1(20KB) LOS objects, 32% free, 33MB/49MB, paused 917us total 25.847ms
08-04 00:36:42.789 23788 23800 I art     : Starting a blocking GC Explicit
08-04 00:36:42.793 26740 26740 D AndroidRuntime: Shutting down VM
08-04 00:36:42.797   918  6110 W AppOps  : Finishing op nesting under-run: uid 10078 pkg com.quicinc.trepn code 24 time=0 duration=0 nesting=0
08-04 00:36:42.811 23788 23800 I art     : Explicit concurrent mark sweep GC freed 20(704B) AllocSpace objects, 0(0B) LOS objects, 32% free, 33MB/49MB, paused 748us total 21.543ms
08-04 00:36:42.819 23788 23800 I art     : Starting a blocking GC Explicit
08-04 00:36:42.838 23788 23800 I art     : Explicit concurrent mark sweep GC freed 3(96B) AllocSpace objects, 0(0B) LOS objects, 32% free, 33MB/49MB, paused 772us total 19.029ms
08-04 00:36:42.846 23788 23800 I art     : Starting a blocking GC Explicit
08-04 00:36:42.867 23788 23800 I art     : Explicit concurrent mark sweep GC freed 3(96B) AllocSpace objects, 0(0B) LOS objects, 32% free, 33MB/49MB, paused 858us total 20.546ms
08-04 00:36:42.875 23788 23800 I art     : Starting a blocking GC Explicit
08-04 00:36:42.895 23788 23800 I art     : Explicit concurrent mark sweep GC freed 3(96B) AllocSpace objects, 0(0B) LOS objects, 32% free, 33MB/49MB, paused 769us total 20.323ms
08-04 00:36:42.954   518   646 I ThermalEngine: ACTION: GPU - Setting GPU[0] to 450000000
08-04 00:36:43.243 23788 24349 I art     : Starting a blocking GC Explicit
08-04 00:36:43.271 23788 24349 I art     : Explicit concurrent mark sweep GC freed 1398(80KB) AllocSpace objects, 1(20KB) LOS objects, 32% free, 33MB/49MB, paused 1.154ms total 28.545ms
08-04 00:36:43.283 23788 24349 I art     : Starting a blocking GC Explicit
08-04 00:36:43.310 23788 24349 I art     : Explicit concurrent mark sweep GC freed 20(704B) AllocSpace objects, 0(0B) LOS objects, 32% free, 33MB/49MB, paused 1.005ms total 26.998ms
08-04 00:36:43.321 23788 24349 I art     : Starting a blocking GC Explicit
08-04 00:36:43.349 23788 24349 I art     : Explicit concurrent mark sweep GC freed 3(96B) AllocSpace objects, 0(0B) LOS objects, 32% free, 33MB/49MB, paused 1.189ms total 27.501ms
08-04 00:36:43.360 23788 24349 I art     : Starting a blocking GC Explicit
08-04 00:36:43.386 23788 24349 I art     : Explicit concurrent mark sweep GC freed 3(96B) AllocSpace objects, 0(0B) LOS objects, 32% free, 33MB/49MB, paused 1.064ms total 25.764ms
08-04 00:36:43.397 23788 24349 I art     : Starting a blocking GC Explicit
08-04 00:36:43.424 23788 24349 I art     : Explicit concurrent mark sweep GC freed 3(96B) AllocSpace objects, 0(0B) LOS objects, 32% free, 33MB/49MB, paused 1.081ms total 27.154ms
08-04 00:36:44.959   518   646 I ThermalEngine: ACTION: GPU - Setting GPU[0] to 510000000
