--------- beginning of main
08-04 02:49:55.229 20686 20686 D AndroidRuntime: >>>>>> START com.android.internal.os.RuntimeInit uid 2000 <<<<<<
08-04 02:49:55.236 20686 20686 D AndroidRuntime: CheckJNI is OFF
08-04 02:49:55.274 20686 20686 D ICU     : No timezone override file found: /data/misc/zoneinfo/current/icu/icu_tzdata.dat
08-04 02:49:55.307 20686 20686 I Radio-JNI: register_android_hardware_Radio DONE
08-04 02:49:55.324 20686 20686 D AndroidRuntime: Calling main entry com.android.commands.monkey.Monkey
--------- beginning of system
08-04 02:49:55.340   918   931 W BroadcastQueue: Skipping deliver [background] BroadcastRecord{7911d94 u-1 android.net.conn.CONNECTIVITY_CHANGE} to ReceiverList{444e03d 20686 (unknown name)/2000/u-1 remote:6dacfa6}: process crashing
08-04 02:49:55.351   918  3714 I ActivityManager: START u0 {act=android.intent.action.MAIN cat=[android.intent.category.LAUNCHER] flg=0x10200000 cmp=baseline.com.newsblur/.activity.InitActivity} from uid 2000 on display 0
08-04 02:49:55.388 20686 20686 I art     : System.exit called, status: 0
08-04 02:49:55.388 20686 20686 I AndroidRuntime: VM exiting with result code 0.
08-04 02:49:55.452 15256 15256 I baseline.com.newsblur.activity.InitActivity: cold launching version 9.0b1
08-04 02:49:55.461  6202 13432 I PBSessionCacheImpl: Deleted sessionId[27278280657311515] from persistence.
08-04 02:49:55.468 15256 20697 D OpenGLRenderer: Use EGL_SWAP_BEHAVIOR_PRESERVED: true
08-04 02:49:55.470  6202  6241 W SearchServiceCore: Abort, client detached.
08-04 02:49:55.470  6202  6241 I MicroDetectionState: Should stop hotword detection immediately - true
08-04 02:49:55.512 15256 20697 I Adreno  : QUALCOMM build                   : fcf4852, I1af360237c
08-04 02:49:55.512 15256 20697 I Adreno  : Build Date                       : 09/23/15
08-04 02:49:55.512 15256 20697 I Adreno  : OpenGL ES Shader Compiler Version: XE031.05.13.02
08-04 02:49:55.512 15256 20697 I Adreno  : Local Branch                     : mybranch14465806
08-04 02:49:55.512 15256 20697 I Adreno  : Remote Branch                    : quic/LA.BF64.1.2.9_v2
08-04 02:49:55.512 15256 20697 I Adreno  : Remote Branch                    : NONE
08-04 02:49:55.512 15256 20697 I Adreno  : Reconstruct Branch               : NOTHING
08-04 02:49:55.516 15256 20697 I OpenGLRenderer: Initialized EGL, version 1.4
08-04 02:49:55.543 13866 13866 I GoogleInputMethodServic: GoogleInputMethodService.onFinishInput():3138 
08-04 02:49:55.544 13866 13866 I GoogleInputMethodServic: GoogleInputMethodService.onStartInput():1808 
08-04 02:49:55.585   918  3714 I ActivityManager: START u0 {cmp=baseline.com.newsblur/.activity.Main} from uid 10652 on display 0
08-04 02:49:55.715 15256 15256 I art     : Rejecting re-init on previously-failed class java.lang.Class<androidx.core.view.ViewCompat$OnUnhandledKeyEventListenerWrapper>
08-04 02:49:55.716 15256 15256 I art     : Rejecting re-init on previously-failed class java.lang.Class<androidx.core.view.ViewCompat$OnUnhandledKeyEventListenerWrapper>
08-04 02:49:55.745 15256 15256 E BitmapFactory: Unable to decode stream: java.io.FileNotFoundException: /data/user/0/baseline.com.newsblur/cache/userProfilePicture: open failed: ENOENT (No such file or directory)
08-04 02:49:55.853   918  3188 I hubconnection: sensorhub said: 'set_bias 3: -5.7600, 0.0000, 0.0000'
08-04 02:49:55.862 15256 20705 I baseline.com.newsblur.service.NBSyncService: ready to sync feed list
08-04 02:49:55.900 13866 13866 I GoogleInputMethodServic: GoogleInputMethodService.onFinishInput():3138 
08-04 02:49:55.901 13866 13866 I GoogleInputMethodServic: GoogleInputMethodService.onStartInput():1808 
08-04 02:49:56.007   918   936 I ActivityManager: Displayed baseline.com.newsblur/.activity.Main: +383ms (total +645ms)
08-04 02:49:56.479 15256 20705 I NAPPA_EXPERIMENTATION: MetricNetworkRequestExecutionTime: REQUEST_DURATION_SYSTEM='609',REQUEST_DURATION_OKHTTP='36',REQUEST_SYNCHRONOUS='TRUE',RESPONSE_CODE='200',RESPONSE_METHOD='GET',RESPONSE_LENGTH_OKHTTP='-1',RESPONSE_LENGTH_HEADER='-2',REQUEST_PROTOCOL='http/1.1',REQUEST_URL='https://www.newsblur.com/reader/feeds/?update_counts=true',
08-04 02:49:56.479 15256 20705 D MY_TAG  : 0, 609
08-04 02:49:56.515 15256 20705 I baseline.com.newsblur.service.NBSyncService: got feed list: 1 feeds in  conn:609 read:3 parse:7 store:25
08-04 02:49:56.844 13589 13589 I Atfwd_Sendcmd: AtCmdFwd service not ready - Exhausted retry attempts - :6
08-04 02:49:56.844 13589 13589 I Atfwd_Daemon: result : -1 	 ,Init step :2 	 ,qmiErrorCode: 0
08-04 02:49:56.899 20724 20724 D AndroidRuntime: >>>>>> START com.android.internal.os.RuntimeInit uid 2000 <<<<<<
08-04 02:49:56.903 20724 20724 D AndroidRuntime: CheckJNI is OFF
08-04 02:49:56.928 20724 20724 D ICU     : No timezone override file found: /data/misc/zoneinfo/current/icu/icu_tzdata.dat
08-04 02:49:56.928 15256 20717 I NAPPA_EXPERIMENTATION: MetricNetworkRequestExecutionTime: REQUEST_DURATION_SYSTEM='407',REQUEST_DURATION_OKHTTP='29',REQUEST_SYNCHRONOUS='TRUE',RESPONSE_CODE='200',RESPONSE_METHOD='GET',RESPONSE_LENGTH_OKHTTP='-1',RESPONSE_LENGTH_HEADER='-2',REQUEST_PROTOCOL='http/1.1',REQUEST_URL='https://www.newsblur.com/reader/unread_story_hashes?include_timestamps=1',
08-04 02:49:56.928 15256 20717 D MY_TAG  : 0, 407
08-04 02:49:56.944 15256 20717 I baseline.com.newsblur.service.UnreadsService: starting unread count: 0
08-04 02:49:56.945 15256 20717 I baseline.com.newsblur.service.UnreadsService: new unread count:      0
08-04 02:49:56.945 15256 20717 I baseline.com.newsblur.service.UnreadsService: new unreads found:     0
08-04 02:49:56.946 15256 20717 I baseline.com.newsblur.service.UnreadsService: unreads to retire:     0
08-04 02:49:56.952 20724 20724 I Radio-JNI: register_android_hardware_Radio DONE
08-04 02:49:56.968 20724 20724 D AndroidRuntime: Calling main entry com.android.commands.am.Am
08-04 02:49:56.978  8825  8825 I Trepn   : Trepn 6.2s: Received intent: com.quicinc.trepn.start_profiling
08-04 02:49:57.049  8825  8825 W FileUtils: Failed to chmod(/storage/emulated/0/trepn/Trepn_2020.08.04_024956.db): android.system.ErrnoException: chmod failed: EPERM (Operation not permitted)
08-04 02:49:57.127  8825  8825 I Trepn   : Trepn 6.2s: Trepn has Started Profiling.
08-04 02:49:57.127 20724 20724 D AndroidRuntime: Shutting down VM
08-04 02:49:57.580 15256 15269 I art     : Starting a blocking GC Explicit
08-04 02:49:57.605 15256 15269 I art     : Explicit concurrent mark sweep GC freed 31197(2002KB) AllocSpace objects, 41(1140KB) LOS objects, 37% free, 26MB/42MB, paused 216us total 25.209ms
08-04 02:49:57.619 15256 15269 I art     : Starting a blocking GC Explicit
08-04 02:49:57.631 15256 15269 I art     : Explicit concurrent mark sweep GC freed 1820(148KB) AllocSpace objects, 0(0B) LOS objects, 37% free, 26MB/42MB, paused 186us total 11.463ms
08-04 02:49:57.637 15256 15269 I art     : Starting a blocking GC Explicit
08-04 02:49:57.648 15256 15269 I art     : Explicit concurrent mark sweep GC freed 628(49KB) AllocSpace objects, 0(0B) LOS objects, 38% free, 26MB/42MB, paused 180us total 11.428ms
08-04 02:49:57.654 15256 15269 I art     : Starting a blocking GC Explicit
08-04 02:49:57.666 15256 15269 I art     : Explicit concurrent mark sweep GC freed 3(96B) AllocSpace objects, 0(0B) LOS objects, 38% free, 26MB/42MB, paused 171us total 11.169ms
08-04 02:49:57.672 15256 15269 I art     : Starting a blocking GC Explicit
08-04 02:49:57.683 15256 15269 I art     : Explicit concurrent mark sweep GC freed 3(96B) AllocSpace objects, 0(0B) LOS objects, 38% free, 26MB/42MB, paused 171us total 11.316ms
08-04 02:49:57.962 15256 15272 I art     : Starting a blocking GC Explicit
08-04 02:49:57.980 15256 15272 I art     : Explicit concurrent mark sweep GC freed 1390(80KB) AllocSpace objects, 1(20KB) LOS objects, 38% free, 26MB/42MB, paused 223us total 17.474ms
08-04 02:49:57.990 15256 15272 I art     : Starting a blocking GC Explicit
08-04 02:49:58.005 15256 15272 I art     : Explicit concurrent mark sweep GC freed 20(704B) AllocSpace objects, 0(0B) LOS objects, 38% free, 26MB/42MB, paused 211us total 14.825ms
08-04 02:49:58.015 15256 15272 I art     : Starting a blocking GC Explicit
08-04 02:49:58.027 15256 15272 I art     : Explicit concurrent mark sweep GC freed 3(96B) AllocSpace objects, 0(0B) LOS objects, 38% free, 26MB/42MB, paused 239us total 11.852ms
08-04 02:49:58.033 15256 15272 I art     : Starting a blocking GC Explicit
08-04 02:49:58.045 15256 15272 I art     : Explicit concurrent mark sweep GC freed 3(96B) AllocSpace objects, 0(0B) LOS objects, 38% free, 26MB/42MB, paused 188us total 11.902ms
08-04 02:49:58.052 15256 15272 I art     : Starting a blocking GC Explicit
08-04 02:49:58.063 15256 15272 I art     : Explicit concurrent mark sweep GC freed 3(96B) AllocSpace objects, 0(0B) LOS objects, 38% free, 26MB/42MB, paused 180us total 11.579ms
08-04 02:49:58.335 15256 15269 I art     : Starting a blocking GC Explicit
08-04 02:49:58.350 15256 15269 I art     : Explicit concurrent mark sweep GC freed 1381(80KB) AllocSpace objects, 1(20KB) LOS objects, 38% free, 26MB/42MB, paused 189us total 14.239ms
08-04 02:49:58.356 15256 15269 I art     : Starting a blocking GC Explicit
08-04 02:49:58.369 15256 15269 I art     : Explicit concurrent mark sweep GC freed 20(704B) AllocSpace objects, 0(0B) LOS objects, 38% free, 26MB/42MB, paused 184us total 12.430ms
08-04 02:49:58.375 15256 15269 I art     : Starting a blocking GC Explicit
08-04 02:49:58.387 15256 15269 I art     : Explicit concurrent mark sweep GC freed 3(96B) AllocSpace objects, 0(0B) LOS objects, 38% free, 26MB/42MB, paused 201us total 11.530ms
08-04 02:49:58.393 15256 15269 I art     : Starting a blocking GC Explicit
08-04 02:49:58.405 15256 15269 I art     : Explicit concurrent mark sweep GC freed 3(96B) AllocSpace objects, 0(0B) LOS objects, 38% free, 26MB/42MB, paused 171us total 11.459ms
08-04 02:49:58.411 15256 15269 I art     : Starting a blocking GC Explicit
08-04 02:49:58.422 15256 15269 I art     : Explicit concurrent mark sweep GC freed 3(96B) AllocSpace objects, 0(0B) LOS objects, 38% free, 26MB/42MB, paused 172us total 10.890ms
08-04 02:49:58.711 15256 15272 I art     : Starting a blocking GC Explicit
08-04 02:49:58.728 15256 15272 I art     : Explicit concurrent mark sweep GC freed 1380(80KB) AllocSpace objects, 1(20KB) LOS objects, 38% free, 26MB/42MB, paused 224us total 16.892ms
08-04 02:49:58.737 15256 15272 I art     : Starting a blocking GC Explicit
08-04 02:49:58.749 15256 15272 I art     : Explicit concurrent mark sweep GC freed 20(704B) AllocSpace objects, 0(0B) LOS objects, 38% free, 26MB/42MB, paused 194us total 11.899ms
08-04 02:49:58.756 15256 15272 I art     : Starting a blocking GC Explicit
08-04 02:49:58.768 15256 15272 I art     : Explicit concurrent mark sweep GC freed 3(96B) AllocSpace objects, 0(0B) LOS objects, 38% free, 26MB/42MB, paused 183us total 12.026ms
08-04 02:49:58.774 15256 15272 I art     : Starting a blocking GC Explicit
08-04 02:49:58.786 15256 15272 I art     : Explicit concurrent mark sweep GC freed 3(96B) AllocSpace objects, 0(0B) LOS objects, 38% free, 26MB/42MB, paused 180us total 11.996ms
08-04 02:49:58.793 15256 15272 I art     : Starting a blocking GC Explicit
08-04 02:49:58.804 15256 15272 I art     : Explicit concurrent mark sweep GC freed 3(96B) AllocSpace objects, 0(0B) LOS objects, 38% free, 26MB/42MB, paused 184us total 11.399ms
08-04 02:49:59.101 15256 15269 I art     : Starting a blocking GC Explicit
08-04 02:49:59.118 15256 15269 I art     : Explicit concurrent mark sweep GC freed 1379(80KB) AllocSpace objects, 1(20KB) LOS objects, 38% free, 26MB/42MB, paused 225us total 16.444ms
08-04 02:49:59.129 15256 15269 I art     : Starting a blocking GC Explicit
08-04 02:49:59.140 15256 15269 I art     : Explicit concurrent mark sweep GC freed 20(704B) AllocSpace objects, 0(0B) LOS objects, 38% free, 26MB/42MB, paused 177us total 11.287ms
08-04 02:49:59.147 15256 15269 I art     : Starting a blocking GC Explicit
08-04 02:49:59.158 15256 15269 I art     : Explicit concurrent mark sweep GC freed 3(96B) AllocSpace objects, 0(0B) LOS objects, 38% free, 26MB/42MB, paused 167us total 10.717ms
08-04 02:49:59.164 15256 15269 I art     : Starting a blocking GC Explicit
08-04 02:49:59.175 15256 15269 I art     : Explicit concurrent mark sweep GC freed 3(96B) AllocSpace objects, 0(0B) LOS objects, 38% free, 26MB/42MB, paused 163us total 10.863ms
08-04 02:49:59.181 15256 15269 I art     : Starting a blocking GC Explicit
08-04 02:49:59.192 15256 15269 I art     : Explicit concurrent mark sweep GC freed 3(96B) AllocSpace objects, 0(0B) LOS objects, 38% free, 26MB/42MB, paused 168us total 10.939ms
08-04 02:49:59.509 15256 15272 I art     : Starting a blocking GC Explicit
08-04 02:49:59.527 15256 15272 I art     : Explicit concurrent mark sweep GC freed 1378(80KB) AllocSpace objects, 1(20KB) LOS objects, 38% free, 26MB/42MB, paused 252us total 18.139ms
08-04 02:49:59.537 15256 15272 I art     : Starting a blocking GC Explicit
08-04 02:49:59.552 15256 15272 I art     : Explicit concurrent mark sweep GC freed 20(704B) AllocSpace objects, 0(0B) LOS objects, 38% free, 26MB/42MB, paused 200us total 14.919ms
08-04 02:49:59.561 15256 15272 I art     : Starting a blocking GC Explicit
08-04 02:49:59.573 15256 15272 I art     : Explicit concurrent mark sweep GC freed 3(96B) AllocSpace objects, 0(0B) LOS objects, 38% free, 26MB/42MB, paused 229us total 11.902ms
08-04 02:49:59.580 15256 15272 I art     : Starting a blocking GC Explicit
08-04 02:49:59.592 15256 15272 I art     : Explicit concurrent mark sweep GC freed 3(96B) AllocSpace objects, 0(0B) LOS objects, 38% free, 26MB/42MB, paused 182us total 11.887ms
08-04 02:49:59.598 15256 15272 I art     : Starting a blocking GC Explicit
08-04 02:49:59.610 15256 15272 I art     : Explicit concurrent mark sweep GC freed 3(96B) AllocSpace objects, 0(0B) LOS objects, 38% free, 26MB/42MB, paused 178us total 11.531ms
08-04 02:49:59.922 15256 15269 I art     : Starting a blocking GC Explicit
08-04 02:49:59.939 15256 15269 I art     : Explicit concurrent mark sweep GC freed 1378(80KB) AllocSpace objects, 1(20KB) LOS objects, 38% free, 26MB/42MB, paused 215us total 17.100ms
08-04 02:49:59.949 15256 15269 I art     : Starting a blocking GC Explicit
08-04 02:49:59.964 15256 15269 I art     : Explicit concurrent mark sweep GC freed 20(704B) AllocSpace objects, 0(0B) LOS objects, 38% free, 26MB/42MB, paused 184us total 14.518ms
08-04 02:49:59.973 15256 15269 I art     : Starting a blocking GC Explicit
08-04 02:49:59.987 15256 15269 I art     : Explicit concurrent mark sweep GC freed 3(96B) AllocSpace objects, 0(0B) LOS objects, 38% free, 26MB/42MB, paused 198us total 13.188ms
08-04 02:49:59.993 15256 15269 I art     : Starting a blocking GC Explicit
08-04 02:50:00.005 15256 15269 I art     : Explicit concurrent mark sweep GC freed 3(96B) AllocSpace objects, 0(0B) LOS objects, 38% free, 26MB/42MB, paused 168us total 11.347ms
08-04 02:50:00.011 15256 15269 I art     : Starting a blocking GC Explicit
08-04 02:50:00.022 15256 15269 I art     : Explicit concurrent mark sweep GC freed 3(96B) AllocSpace objects, 0(0B) LOS objects, 38% free, 26MB/42MB, paused 169us total 10.963ms
08-04 02:50:00.076   918 13198 D NetlinkSocketObserver: NeighborEvent{elapsedMs=1656003951, 192.168.2.254, [7C3953A63323], RTM_NEWNEIGH, NUD_PROBE}
08-04 02:50:00.327 15256 15272 I art     : Starting a blocking GC Explicit
08-04 02:50:00.348 15256 15272 I art     : Explicit concurrent mark sweep GC freed 1378(80KB) AllocSpace objects, 1(20KB) LOS objects, 38% free, 26MB/42MB, paused 453us total 20.917ms
08-04 02:50:00.359 15256 15272 I art     : Starting a blocking GC Explicit
08-04 02:50:00.374 15256 15272 I art     : Explicit concurrent mark sweep GC freed 20(704B) AllocSpace objects, 0(0B) LOS objects, 38% free, 26MB/42MB, paused 205us total 14.615ms
08-04 02:50:00.382 15256 15272 I art     : Starting a blocking GC Explicit
08-04 02:50:00.394 15256 15272 I art     : Explicit concurrent mark sweep GC freed 3(96B) AllocSpace objects, 0(0B) LOS objects, 38% free, 26MB/42MB, paused 181us total 11.500ms
08-04 02:50:00.400 15256 15272 I art     : Starting a blocking GC Explicit
08-04 02:50:00.411 15256 15272 I art     : Explicit concurrent mark sweep GC freed 3(96B) AllocSpace objects, 0(0B) LOS objects, 38% free, 26MB/42MB, paused 182us total 11.547ms
08-04 02:50:00.418 15256 15272 I art     : Starting a blocking GC Explicit
08-04 02:50:00.430 15256 15272 I art     : Explicit concurrent mark sweep GC freed 3(96B) AllocSpace objects, 0(0B) LOS objects, 38% free, 26MB/42MB, paused 172us total 11.699ms
08-04 02:50:00.729 15256 15269 I art     : Starting a blocking GC Explicit
08-04 02:50:00.746 15256 15269 I art     : Explicit concurrent mark sweep GC freed 1378(80KB) AllocSpace objects, 1(20KB) LOS objects, 38% free, 26MB/42MB, paused 200us total 16.669ms
08-04 02:50:00.757 15256 15269 I art     : Starting a blocking GC Explicit
08-04 02:50:00.765   918   918 I ActivityManager: Start proc 20838:nappatfpr.com.newsblur/u0a658 for service nappatfpr.com.newsblur/.service.NBSyncService
08-04 02:50:00.765 20838 20838 I art     : Late-enabling -Xcheck:jni
08-04 02:50:00.768 15256 15269 I art     : Explicit concurrent mark sweep GC freed 20(704B) AllocSpace objects, 0(0B) LOS objects, 37% free, 26MB/42MB, paused 432us total 11.512ms
08-04 02:50:00.776 15256 15269 I art     : Starting a blocking GC Explicit
08-04 02:50:00.791 15256 15269 I art     : Explicit concurrent mark sweep GC freed 1171(91KB) AllocSpace objects, 3(60KB) LOS objects, 37% free, 26MB/42MB, paused 171us total 14.693ms
08-04 02:50:00.797 15256 15269 I art     : Starting a blocking GC Explicit
08-04 02:50:00.808 15256 15269 I art     : Explicit concurrent mark sweep GC freed 975(90KB) AllocSpace objects, 4(80KB) LOS objects, 37% free, 26MB/42MB, paused 275us total 10.840ms
08-04 02:50:00.809 20838 20838 W System  : ClassLoader referenced unknown path: /data/app/nappatfpr.com.newsblur-1/lib/arm64
08-04 02:50:00.814 15256 15269 I art     : Starting a blocking GC Explicit
08-04 02:50:00.825 15256 15269 I art     : Explicit concurrent mark sweep GC freed 848(106KB) AllocSpace objects, 7(140KB) LOS objects, 37% free, 26MB/42MB, paused 172us total 11.061ms
08-04 02:50:01.095 15256 15272 I art     : Starting a blocking GC Explicit
08-04 02:50:01.111 15256 15272 I art     : Explicit concurrent mark sweep GC freed 1564(138KB) AllocSpace objects, 4(80KB) LOS objects, 37% free, 26MB/42MB, paused 1.707ms total 16.223ms
08-04 02:50:01.118 15256 15272 I art     : Starting a blocking GC Explicit
08-04 02:50:01.130 15256 15272 I art     : Explicit concurrent mark sweep GC freed 83(3KB) AllocSpace objects, 0(0B) LOS objects, 37% free, 26MB/42MB, paused 180us total 12.525ms
08-04 02:50:01.136 15256 15272 I art     : Starting a blocking GC Explicit
08-04 02:50:01.148 15256 15272 I art     : Explicit concurrent mark sweep GC freed 3(96B) AllocSpace objects, 0(0B) LOS objects, 37% free, 26MB/42MB, paused 176us total 11.107ms
08-04 02:50:01.154 15256 15272 I art     : Starting a blocking GC Explicit
08-04 02:50:01.166 15256 15272 I art     : Explicit concurrent mark sweep GC freed 3(96B) AllocSpace objects, 0(0B) LOS objects, 37% free, 26MB/42MB, paused 185us total 11.582ms
08-04 02:50:01.172 15256 15272 I art     : Starting a blocking GC Explicit
08-04 02:50:01.183 15256 15272 I art     : Explicit concurrent mark sweep GC freed 3(96B) AllocSpace objects, 0(0B) LOS objects, 37% free, 26MB/42MB, paused 181us total 11.402ms
08-04 02:50:01.503 15256 20844 I art     : Starting a blocking GC Explicit
08-04 02:50:01.517 15256 20844 I art     : Explicit concurrent mark sweep GC freed 2137(111KB) AllocSpace objects, 1(20KB) LOS objects, 38% free, 26MB/42MB, paused 210us total 12.877ms
08-04 02:50:01.523 15256 20844 I art     : Starting a blocking GC Explicit
08-04 02:50:01.534 15256 20844 I art     : Explicit concurrent mark sweep GC freed 20(704B) AllocSpace objects, 0(0B) LOS objects, 38% free, 26MB/42MB, paused 189us total 10.708ms
08-04 02:50:01.539 15256 20844 I art     : Starting a blocking GC Explicit
08-04 02:50:01.550 15256 20844 I art     : Explicit concurrent mark sweep GC freed 3(96B) AllocSpace objects, 0(0B) LOS objects, 38% free, 26MB/42MB, paused 171us total 10.254ms
08-04 02:50:01.555 15256 20844 I art     : Starting a blocking GC Explicit
08-04 02:50:01.565 15256 20844 I art     : Explicit concurrent mark sweep GC freed 3(96B) AllocSpace objects, 0(0B) LOS objects, 38% free, 26MB/42MB, paused 170us total 9.655ms
08-04 02:50:01.571 15256 20844 I art     : Starting a blocking GC Explicit
08-04 02:50:01.580 15256 20844 I art     : Explicit concurrent mark sweep GC freed 3(96B) AllocSpace objects, 0(0B) LOS objects, 38% free, 26MB/42MB, paused 172us total 9.551ms
08-04 02:50:01.849 15256 20845 I art     : Starting a blocking GC Explicit
08-04 02:50:01.863 15256 20845 I art     : Explicit concurrent mark sweep GC freed 1378(80KB) AllocSpace objects, 1(20KB) LOS objects, 38% free, 26MB/42MB, paused 221us total 13.864ms
08-04 02:50:01.870 15256 20845 I art     : Starting a blocking GC Explicit
08-04 02:50:01.883 15256 20845 I art     : Explicit concurrent mark sweep GC freed 20(704B) AllocSpace objects, 0(0B) LOS objects, 38% free, 26MB/42MB, paused 202us total 12.312ms
08-04 02:50:01.889 15256 20845 I art     : Starting a blocking GC Explicit
08-04 02:50:01.900 15256 20845 I art     : Explicit concurrent mark sweep GC freed 3(96B) AllocSpace objects, 0(0B) LOS objects, 38% free, 26MB/42MB, paused 173us total 10.423ms
08-04 02:50:01.906 15256 20845 I art     : Starting a blocking GC Explicit
08-04 02:50:01.917 15256 20845 I art     : Explicit concurrent mark sweep GC freed 3(96B) AllocSpace objects, 0(0B) LOS objects, 38% free, 26MB/42MB, paused 268us total 10.709ms
08-04 02:50:01.923 15256 20845 I art     : Starting a blocking GC Explicit
08-04 02:50:01.933 15256 20845 I art     : Explicit concurrent mark sweep GC freed 3(96B) AllocSpace objects, 0(0B) LOS objects, 38% free, 26MB/42MB, paused 179us total 10.444ms
08-04 02:50:02.187 15256 15269 I art     : Starting a blocking GC Explicit
08-04 02:50:02.199 15256 15269 I art     : Explicit concurrent mark sweep GC freed 1378(80KB) AllocSpace objects, 1(20KB) LOS objects, 38% free, 26MB/42MB, paused 196us total 11.730ms
08-04 02:50:02.205 15256 15269 I art     : Starting a blocking GC Explicit
08-04 02:50:02.217 15256 15269 I art     : Explicit concurrent mark sweep GC freed 20(704B) AllocSpace objects, 0(0B) LOS objects, 38% free, 26MB/42MB, paused 200us total 11.789ms
08-04 02:50:02.224 15256 15269 I art     : Starting a blocking GC Explicit
08-04 02:50:02.235 15256 15269 I art     : Explicit concurrent mark sweep GC freed 3(96B) AllocSpace objects, 0(0B) LOS objects, 38% free, 26MB/42MB, paused 181us total 10.831ms
08-04 02:50:02.241 15256 15269 I art     : Starting a blocking GC Explicit
08-04 02:50:02.252 15256 15269 I art     : Explicit concurrent mark sweep GC freed 3(96B) AllocSpace objects, 0(0B) LOS objects, 38% free, 26MB/42MB, paused 179us total 10.863ms
08-04 02:50:02.256 20897 20897 D AndroidRuntime: >>>>>> START com.android.internal.os.RuntimeInit uid 2000 <<<<<<
08-04 02:50:02.258 15256 15269 I art     : Starting a blocking GC Explicit
08-04 02:50:02.260 20897 20897 D AndroidRuntime: CheckJNI is OFF
08-04 02:50:02.269 15256 15269 I art     : Explicit concurrent mark sweep GC freed 3(96B) AllocSpace objects, 0(0B) LOS objects, 38% free, 26MB/42MB, paused 187us total 11.370ms
08-04 02:50:02.286 20897 20897 D ICU     : No timezone override file found: /data/misc/zoneinfo/current/icu/icu_tzdata.dat
08-04 02:50:02.309 20897 20897 I Radio-JNI: register_android_hardware_Radio DONE
08-04 02:50:02.325 20897 20897 D AndroidRuntime: Calling main entry com.android.commands.input.Input
08-04 02:50:02.327 20897 20897 I Input   : injectMotionEvent: MotionEvent { action=ACTION_DOWN, actionButton=0, id[0]=0, x[0]=594.0, y[0]=330.0, toolType[0]=TOOL_TYPE_UNKNOWN, buttonState=0, metaState=0, flags=0x0, edgeFlags=0x0, pointerCount=1, historySize=0, eventTime=672618740, downTime=672618740, deviceId=0, source=0x1002 }
08-04 02:50:02.334 20897 20897 I Input   : injectMotionEvent: MotionEvent { action=ACTION_UP, actionButton=0, id[0]=0, x[0]=594.0, y[0]=330.0, toolType[0]=TOOL_TYPE_UNKNOWN, buttonState=0, metaState=0, flags=0x0, edgeFlags=0x0, pointerCount=1, historySize=0, eventTime=672618740, downTime=672618740, deviceId=0, source=0x1002 }
08-04 02:50:02.337 20897 20897 D AndroidRuntime: Shutting down VM
08-04 02:50:02.406   918  6111 I ActivityManager: START u0 {cmp=baseline.com.newsblur/.activity.GlobalSharedStoriesItemsList (has extras)} from uid 10652 on display 0
08-04 02:50:02.427 15256 20926 I baseline.com.newsblur.database.BlurDatabaseHelper: reading session reset
08-04 02:50:02.482 15256 20844 I art     : Starting a blocking GC Explicit
08-04 02:50:02.495 15256 20844 I art     : Explicit concurrent mark sweep GC freed 6368(515KB) AllocSpace objects, 8(284KB) LOS objects, 36% free, 27MB/43MB, paused 292us total 13.283ms
08-04 02:50:02.501 15256 20844 I art     : Starting a blocking GC Explicit
08-04 02:50:02.513 15256 20844 I art     : Explicit concurrent mark sweep GC freed 460(20KB) AllocSpace objects, 0(0B) LOS objects, 36% free, 27MB/43MB, paused 203us total 12.080ms
08-04 02:50:02.519 15256 20844 I art     : Starting a blocking GC Explicit
08-04 02:50:02.531 15256 20844 I art     : Explicit concurrent mark sweep GC freed 53(2336B) AllocSpace objects, 0(0B) LOS objects, 36% free, 27MB/43MB, paused 286us total 11.488ms
08-04 02:50:02.537 15256 20844 I art     : Starting a blocking GC Explicit
08-04 02:50:02.548 15256 15256 W View    : requestLayout() improperly called by android.widget.FrameLayout{67d12d3 V.E...... ......ID 0,0-1440,0 #7f07003f app:id/footer_view_inner} during layout: running second layout pass
08-04 02:50:02.548 15256 15256 W View    : requestLayout() improperly called by android.widget.FrameLayout{12f7e10 V.E...... ......ID 0,0-1440,2091 #7f07003f app:id/footer_view_inner} during layout: running second layout pass
08-04 02:50:02.552 15256 20844 I art     : Explicit concurrent mark sweep GC freed 303(37KB) AllocSpace objects, 1(20KB) LOS objects, 36% free, 27MB/43MB, paused 417us total 14.269ms
08-04 02:50:02.559 15256 20844 I art     : Starting a blocking GC Explicit
08-04 02:50:02.568   918   936 I ActivityManager: Displayed baseline.com.newsblur/.activity.GlobalSharedStoriesItemsList: +154ms
08-04 02:50:02.568 13866 13866 I GoogleInputMethodServic: GoogleInputMethodService.onFinishInput():3138 
08-04 02:50:02.569 13866 13866 I GoogleInputMethodServic: GoogleInputMethodService.onStartInput():1808 
08-04 02:50:02.573 15256 20844 I art     : Explicit concurrent mark sweep GC freed 1299(98KB) AllocSpace objects, 3(60KB) LOS objects, 36% free, 27MB/43MB, paused 570us total 13.715ms
08-04 02:50:02.784 15256 15269 I art     : Starting a blocking GC Explicit
08-04 02:50:02.798 15256 15269 I art     : Explicit concurrent mark sweep GC freed 2009(142KB) AllocSpace objects, 3(60KB) LOS objects, 36% free, 27MB/43MB, paused 303us total 13.478ms
08-04 02:50:02.804 15256 15269 I art     : Starting a blocking GC Explicit
08-04 02:50:02.820 15256 15269 I art     : Explicit concurrent mark sweep GC freed 245(21KB) AllocSpace objects, 1(20KB) LOS objects, 36% free, 27MB/43MB, paused 405us total 14.703ms
08-04 02:50:02.827 15256 15269 I art     : Starting a blocking GC Explicit
08-04 02:50:02.841 15256 15269 I art     : Explicit concurrent mark sweep GC freed 150(8KB) AllocSpace objects, 0(0B) LOS objects, 36% free, 27MB/43MB, paused 307us total 13.552ms
08-04 02:50:02.847 15256 15269 I art     : Starting a blocking GC Explicit
08-04 02:50:02.859 15256 15269 I art     : Explicit concurrent mark sweep GC freed 8(256B) AllocSpace objects, 0(0B) LOS objects, 36% free, 27MB/43MB, paused 248us total 12.060ms
08-04 02:50:02.865 15256 15269 I art     : Starting a blocking GC Explicit
08-04 02:50:02.876 15256 15269 I art     : Explicit concurrent mark sweep GC freed 4(128B) AllocSpace objects, 0(0B) LOS objects, 36% free, 27MB/43MB, paused 217us total 11.586ms
08-04 02:50:03.088 15256 20932 I NAPPA_EXPERIMENTATION: MetricNetworkRequestExecutionTime: REQUEST_DURATION_SYSTEM='506',REQUEST_DURATION_OKHTTP='29',REQUEST_SYNCHRONOUS='TRUE',RESPONSE_CODE='200',RESPONSE_METHOD='GET',RESPONSE_LENGTH_OKHTTP='-1',RESPONSE_LENGTH_HEADER='13047',REQUEST_PROTOCOL='http/1.1',REQUEST_URL='https://www.newsblur.com/social/river_stories?order=newest&page=1&read_filter=all&global_feed=true',
08-04 02:50:03.089 15256 20932 D MY_TAG  : 0, 506
08-04 02:50:03.144 15256 20845 I art     : Starting a blocking GC Explicit
08-04 02:50:03.164 15256 20845 I art     : Explicit concurrent mark sweep GC freed 27054(1647KB) AllocSpace objects, 22(708KB) LOS objects, 36% free, 28MB/44MB, paused 928us total 19.773ms
08-04 02:50:03.172 15256 20845 I art     : Starting a blocking GC Explicit
08-04 02:50:03.187 15256 20845 I art     : Explicit concurrent mark sweep GC freed 8161(579KB) AllocSpace objects, 2(128KB) LOS objects, 36% free, 27MB/43MB, paused 255us total 14.570ms
08-04 02:50:03.193 15256 20845 I art     : Starting a blocking GC Explicit
08-04 02:50:03.208 15256 20845 I art     : Explicit concurrent mark sweep GC freed 2218(337KB) AllocSpace objects, 17(340KB) LOS objects, 36% free, 27MB/43MB, paused 260us total 14.271ms
08-04 02:50:03.213 15256 20845 I art     : Starting a blocking GC Explicit
08-04 02:50:03.229 15256 20845 I art     : Explicit concurrent mark sweep GC freed 431(39KB) AllocSpace objects, 1(20KB) LOS objects, 36% free, 27MB/43MB, paused 315us total 15.842ms
08-04 02:50:03.235 15256 20845 I art     : Starting a blocking GC Explicit
08-04 02:50:03.247 15256 20845 I art     : Explicit concurrent mark sweep GC freed 409(22KB) AllocSpace objects, 0(0B) LOS objects, 36% free, 27MB/43MB, paused 419us total 12.363ms
08-04 02:50:03.334 15256 20963 I NAPPA_EXPERIMENTATION: MetricNetworkRequestExecutionTime: REQUEST_DURATION_SYSTEM='35',REQUEST_DURATION_OKHTTP='30',REQUEST_SYNCHRONOUS='TRUE',RESPONSE_CODE='200',RESPONSE_METHOD='GET',RESPONSE_LENGTH_OKHTTP='43',RESPONSE_LENGTH_HEADER='43',REQUEST_PROTOCOL='http/1.1',REQUEST_URL='http://feeds.feedburner.com/~r/retort/~4/UffaFMiJbNs',
08-04 02:50:03.500 15256 15272 I art     : Starting a blocking GC Explicit
08-04 02:50:03.521 15256 15272 I art     : Explicit concurrent mark sweep GC freed 4179(267KB) AllocSpace objects, 7(140KB) LOS objects, 36% free, 28MB/44MB, paused 491us total 20.920ms
08-04 02:50:03.530 15256 15272 I art     : Starting a blocking GC Explicit
08-04 02:50:03.548 15256 15272 I art     : Explicit concurrent mark sweep GC freed 2656(196KB) AllocSpace objects, 2(120KB) LOS objects, 36% free, 28MB/44MB, paused 558us total 17.311ms
08-04 02:50:03.555 15256 15272 I art     : Starting a blocking GC Explicit
08-04 02:50:03.570 15256 15272 I art     : Explicit concurrent mark sweep GC freed 1339(56KB) AllocSpace objects, 0(0B) LOS objects, 36% free, 28MB/44MB, paused 521us total 14.815ms
08-04 02:50:03.577 15256 15272 I art     : Starting a blocking GC Explicit
08-04 02:50:03.592 15256 15272 I art     : Explicit concurrent mark sweep GC freed 7518(375KB) AllocSpace objects, 1(80KB) LOS objects, 36% free, 28MB/44MB, paused 547us total 15.057ms
08-04 02:50:03.599 15256 15272 I art     : Starting a blocking GC Explicit
08-04 02:50:03.612 15256 15272 I art     : Explicit concurrent mark sweep GC freed 1312(63KB) AllocSpace objects, 0(0B) LOS objects, 36% free, 28MB/44MB, paused 429us total 13.628ms
08-04 02:50:03.741 15256 20962 I NAPPA_EXPERIMENTATION: MetricNetworkRequestExecutionTime: REQUEST_DURATION_SYSTEM='469',REQUEST_DURATION_OKHTTP='58',REQUEST_SYNCHRONOUS='TRUE',RESPONSE_CODE='200',RESPONSE_METHOD='GET',RESPONSE_LENGTH_OKHTTP='145',RESPONSE_LENGTH_HEADER='145',REQUEST_PROTOCOL='http/1.1',REQUEST_URL='https://s3.amazonaws.com/icons.newsblur.com/6882243.png',
08-04 02:50:03.748 15256 20966 I NAPPA_EXPERIMENTATION: MetricNetworkRequestExecutionTime: REQUEST_DURATION_SYSTEM='460',REQUEST_DURATION_OKHTTP='65',REQUEST_SYNCHRONOUS='TRUE',RESPONSE_CODE='200',RESPONSE_METHOD='GET',RESPONSE_LENGTH_OKHTTP='477',RESPONSE_LENGTH_HEADER='477',REQUEST_PROTOCOL='http/1.1',REQUEST_URL='https://s3.amazonaws.com/icons.newsblur.com/5762506.png',
08-04 02:50:03.754 15256 20964 I NAPPA_EXPERIMENTATION: MetricNetworkRequestExecutionTime: REQUEST_DURATION_SYSTEM='474',REQUEST_DURATION_OKHTTP='71',REQUEST_SYNCHRONOUS='TRUE',RESPONSE_CODE='200',RESPONSE_METHOD='GET',RESPONSE_LENGTH_OKHTTP='243',RESPONSE_LENGTH_HEADER='243',REQUEST_PROTOCOL='http/1.1',REQUEST_URL='https://s3.amazonaws.com/icons.newsblur.com/18178.png',
08-04 02:50:03.776 15256 20965 I NAPPA_EXPERIMENTATION: MetricNetworkRequestExecutionTime: REQUEST_DURATION_SYSTEM='467',REQUEST_DURATION_OKHTTP='182',REQUEST_SYNCHRONOUS='TRUE',RESPONSE_CODE='200',RESPONSE_METHOD='GET',RESPONSE_LENGTH_OKHTTP='79351',RESPONSE_LENGTH_HEADER='79351',REQUEST_PROTOCOL='h2',REQUEST_URL='https://images.fastcompany.net/image/upload/w_1280,q_auto,f_auto,fl_lossy/wp-cms/uploads/2020/07/p-1-90532920-this-chart-shows-how-effective-masks-can-be.png',
08-04 02:50:03.894 15256 15272 I art     : Starting a blocking GC Explicit
08-04 02:50:03.914 15256 15272 I art     : Explicit concurrent mark sweep GC freed 11306(615KB) AllocSpace objects, 14(3MB) LOS objects, 34% free, 30MB/46MB, paused 459us total 18.828ms
08-04 02:50:03.920 15256 15272 I art     : Starting a blocking GC Explicit
08-04 02:50:03.935 15256 15272 I art     : Explicit concurrent mark sweep GC freed 700(24KB) AllocSpace objects, 0(0B) LOS objects, 34% free, 30MB/46MB, paused 336us total 14.662ms
08-04 02:50:03.942 15256 15272 I art     : Starting a blocking GC Explicit
08-04 02:50:03.956 15256 15272 I art     : Explicit concurrent mark sweep GC freed 5(160B) AllocSpace objects, 0(0B) LOS objects, 34% free, 30MB/46MB, paused 331us total 13.266ms
08-04 02:50:03.962 15256 15272 I art     : Starting a blocking GC Explicit
08-04 02:50:03.975 15256 15272 I art     : Explicit concurrent mark sweep GC freed 3(96B) AllocSpace objects, 0(0B) LOS objects, 34% free, 30MB/46MB, paused 318us total 13.472ms
08-04 02:50:03.981 15256 15272 I art     : Starting a blocking GC Explicit
08-04 02:50:03.995 15256 15272 I art     : Explicit concurrent mark sweep GC freed 3(96B) AllocSpace objects, 0(0B) LOS objects, 34% free, 30MB/46MB, paused 351us total 13.572ms
08-04 02:50:04.330 15256 15269 I art     : Starting a blocking GC Explicit
08-04 02:50:04.349 15256 15269 I art     : Explicit concurrent mark sweep GC freed 1389(82KB) AllocSpace objects, 1(20KB) LOS objects, 34% free, 30MB/46MB, paused 368us total 18.792ms
08-04 02:50:04.356 15256 15269 I art     : Starting a blocking GC Explicit
08-04 02:50:04.372 15256 15269 I art     : Explicit concurrent mark sweep GC freed 20(704B) AllocSpace objects, 0(0B) LOS objects, 34% free, 30MB/46MB, paused 340us total 15.883ms
08-04 02:50:04.379 15256 15269 I art     : Starting a blocking GC Explicit
08-04 02:50:04.395 15256 15269 I art     : Explicit concurrent mark sweep GC freed 3(96B) AllocSpace objects, 0(0B) LOS objects, 34% free, 30MB/46MB, paused 348us total 15.462ms
08-04 02:50:04.402 15256 15269 I art     : Starting a blocking GC Explicit
08-04 02:50:04.416 15256 15269 I art     : Explicit concurrent mark sweep GC freed 3(96B) AllocSpace objects, 0(0B) LOS objects, 34% free, 30MB/46MB, paused 337us total 14.704ms
08-04 02:50:04.423 15256 15269 I art     : Starting a blocking GC Explicit
08-04 02:50:04.438 15256 15269 I art     : Explicit concurrent mark sweep GC freed 3(96B) AllocSpace objects, 0(0B) LOS objects, 34% free, 30MB/46MB, paused 332us total 14.819ms
08-04 02:50:04.755 15256 20845 I art     : Starting a blocking GC Explicit
08-04 02:50:04.774 15256 20845 I art     : Explicit concurrent mark sweep GC freed 1389(80KB) AllocSpace objects, 1(20KB) LOS objects, 34% free, 30MB/46MB, paused 369us total 18.534ms
08-04 02:50:04.783 15256 20845 I art     : Starting a blocking GC Explicit
08-04 02:50:04.799 15256 20845 I art     : Explicit concurrent mark sweep GC freed 20(704B) AllocSpace objects, 0(0B) LOS objects, 34% free, 30MB/46MB, paused 340us total 15.567ms
08-04 02:50:04.805 15256 20845 I art     : Starting a blocking GC Explicit
08-04 02:50:04.820 15256 20845 I art     : Explicit concurrent mark sweep GC freed 3(96B) AllocSpace objects, 0(0B) LOS objects, 34% free, 30MB/46MB, paused 326us total 14.572ms
08-04 02:50:04.826 15256 20845 I art     : Starting a blocking GC Explicit
08-04 02:50:04.842 15256 20845 I art     : Explicit concurrent mark sweep GC freed 3(96B) AllocSpace objects, 0(0B) LOS objects, 34% free, 30MB/46MB, paused 334us total 15.084ms
08-04 02:50:04.848 15256 20845 I art     : Starting a blocking GC Explicit
08-04 02:50:04.863 15256 20845 I art     : Explicit concurrent mark sweep GC freed 3(96B) AllocSpace objects, 0(0B) LOS objects, 34% free, 30MB/46MB, paused 330us total 14.895ms
08-04 02:50:05.177 15256 15272 I art     : Starting a blocking GC Explicit
08-04 02:50:05.194 15256 15272 I art     : Explicit concurrent mark sweep GC freed 1388(80KB) AllocSpace objects, 1(20KB) LOS objects, 34% free, 30MB/46MB, paused 359us total 17.185ms
08-04 02:50:05.201 15256 15272 I art     : Starting a blocking GC Explicit
08-04 02:50:05.216 15256 15272 I art     : Explicit concurrent mark sweep GC freed 20(704B) AllocSpace objects, 0(0B) LOS objects, 34% free, 30MB/46MB, paused 340us total 15.288ms
08-04 02:50:05.223 15256 15272 I art     : Starting a blocking GC Explicit
08-04 02:50:05.238 15256 15272 I art     : Explicit concurrent mark sweep GC freed 3(96B) AllocSpace objects, 0(0B) LOS objects, 34% free, 30MB/46MB, paused 325us total 15.042ms
08-04 02:50:05.244 15256 15272 I art     : Starting a blocking GC Explicit
08-04 02:50:05.260 15256 15272 I art     : Explicit concurrent mark sweep GC freed 3(96B) AllocSpace objects, 0(0B) LOS objects, 34% free, 30MB/46MB, paused 339us total 15.146ms
08-04 02:50:05.266 15256 15272 I art     : Starting a blocking GC Explicit
08-04 02:50:05.281 15256 15272 I art     : Explicit concurrent mark sweep GC freed 3(96B) AllocSpace objects, 0(0B) LOS objects, 34% free, 30MB/46MB, paused 347us total 14.894ms
08-04 02:50:05.601 15256 20844 I art     : Starting a blocking GC Explicit
08-04 02:50:05.621 15256 20844 I art     : Explicit concurrent mark sweep GC freed 1388(80KB) AllocSpace objects, 1(20KB) LOS objects, 34% free, 30MB/46MB, paused 364us total 19.034ms
08-04 02:50:05.630 15256 20844 I art     : Starting a blocking GC Explicit
08-04 02:50:05.644 15256 20844 I art     : Explicit concurrent mark sweep GC freed 20(704B) AllocSpace objects, 0(0B) LOS objects, 34% free, 30MB/46MB, paused 324us total 13.724ms
08-04 02:50:05.650 15256 20844 I art     : Starting a blocking GC Explicit
08-04 02:50:05.664 15256 20844 I art     : Explicit concurrent mark sweep GC freed 3(96B) AllocSpace objects, 0(0B) LOS objects, 34% free, 30MB/46MB, paused 317us total 13.861ms
08-04 02:50:05.670 15256 20844 I art     : Starting a blocking GC Explicit
08-04 02:50:05.684 15256 20844 I art     : Explicit concurrent mark sweep GC freed 3(96B) AllocSpace objects, 0(0B) LOS objects, 34% free, 30MB/46MB, paused 320us total 14.299ms
08-04 02:50:05.691 15256 20844 I art     : Starting a blocking GC Explicit
08-04 02:50:05.705 15256 20844 I art     : Explicit concurrent mark sweep GC freed 3(96B) AllocSpace objects, 0(0B) LOS objects, 34% free, 30MB/46MB, paused 303us total 14.120ms
08-04 02:50:06.001 15256 15269 I art     : Starting a blocking GC Explicit
08-04 02:50:06.020 15256 15269 I art     : Explicit concurrent mark sweep GC freed 1389(80KB) AllocSpace objects, 1(20KB) LOS objects, 34% free, 30MB/46MB, paused 356us total 18.709ms
08-04 02:50:06.029 15256 15269 I art     : Starting a blocking GC Explicit
08-04 02:50:06.044 15256 15269 I art     : Explicit concurrent mark sweep GC freed 20(704B) AllocSpace objects, 0(0B) LOS objects, 34% free, 30MB/46MB, paused 329us total 15.197ms
08-04 02:50:06.050 15256 15269 I art     : Starting a blocking GC Explicit
08-04 02:50:06.066 15256 15269 I art     : Explicit concurrent mark sweep GC freed 3(96B) AllocSpace objects, 0(0B) LOS objects, 34% free, 30MB/46MB, paused 371us total 14.939ms
08-04 02:50:06.072 15256 15269 I art     : Starting a blocking GC Explicit
08-04 02:50:06.087 15256 15269 I art     : Explicit concurrent mark sweep GC freed 3(96B) AllocSpace objects, 0(0B) LOS objects, 34% free, 30MB/46MB, paused 351us total 14.939ms
08-04 02:50:06.093 15256 15269 I art     : Starting a blocking GC Explicit
08-04 02:50:06.109 15256 15269 I art     : Explicit concurrent mark sweep GC freed 3(96B) AllocSpace objects, 0(0B) LOS objects, 34% free, 30MB/46MB, paused 331us total 14.881ms
08-04 02:50:06.400 15256 20845 I art     : Starting a blocking GC Explicit
08-04 02:50:06.418 15256 20845 I art     : Explicit concurrent mark sweep GC freed 1388(80KB) AllocSpace objects, 1(20KB) LOS objects, 34% free, 30MB/46MB, paused 457us total 17.227ms
08-04 02:50:06.429 15256 20845 I art     : Starting a blocking GC Explicit
08-04 02:50:06.443 15256 20845 I art     : Explicit concurrent mark sweep GC freed 20(704B) AllocSpace objects, 0(0B) LOS objects, 34% free, 30MB/46MB, paused 326us total 14.357ms
08-04 02:50:06.449 15256 20845 I art     : Starting a blocking GC Explicit
08-04 02:50:06.464 15256 20845 I art     : Explicit concurrent mark sweep GC freed 3(96B) AllocSpace objects, 0(0B) LOS objects, 34% free, 30MB/46MB, paused 356us total 14.627ms
08-04 02:50:06.470 15256 20845 I art     : Starting a blocking GC Explicit
08-04 02:50:06.485 15256 20845 I art     : Explicit concurrent mark sweep GC freed 3(96B) AllocSpace objects, 0(0B) LOS objects, 34% free, 30MB/46MB, paused 318us total 14.350ms
08-04 02:50:06.491 15256 20845 I art     : Starting a blocking GC Explicit
08-04 02:50:06.506 15256 20845 I art     : Explicit concurrent mark sweep GC freed 3(96B) AllocSpace objects, 0(0B) LOS objects, 34% free, 30MB/46MB, paused 327us total 14.349ms
08-04 02:50:06.826 15256 15272 I art     : Starting a blocking GC Explicit
08-04 02:50:06.845 15256 15272 I art     : Explicit concurrent mark sweep GC freed 1388(80KB) AllocSpace objects, 1(20KB) LOS objects, 34% free, 30MB/46MB, paused 366us total 19.581ms
08-04 02:50:06.856 15256 15272 I art     : Starting a blocking GC Explicit
08-04 02:50:06.871 15256 15272 I art     : Explicit concurrent mark sweep GC freed 20(704B) AllocSpace objects, 0(0B) LOS objects, 34% free, 30MB/46MB, paused 355us total 14.749ms
08-04 02:50:06.878 15256 15272 I art     : Starting a blocking GC Explicit
08-04 02:50:06.892 15256 15272 I art     : Explicit concurrent mark sweep GC freed 3(96B) AllocSpace objects, 0(0B) LOS objects, 34% free, 30MB/46MB, paused 327us total 14.481ms
08-04 02:50:06.899 15256 15272 I art     : Starting a blocking GC Explicit
08-04 02:50:06.913 15256 15272 I art     : Explicit concurrent mark sweep GC freed 3(96B) AllocSpace objects, 0(0B) LOS objects, 34% free, 30MB/46MB, paused 322us total 14.446ms
08-04 02:50:06.919 15256 15272 I art     : Starting a blocking GC Explicit
08-04 02:50:06.934 15256 15272 I art     : Explicit concurrent mark sweep GC freed 3(96B) AllocSpace objects, 0(0B) LOS objects, 34% free, 30MB/46MB, paused 326us total 14.375ms
08-04 02:50:07.251 15256 20844 I art     : Starting a blocking GC Explicit
08-04 02:50:07.270 15256 20844 I art     : Explicit concurrent mark sweep GC freed 1388(80KB) AllocSpace objects, 1(20KB) LOS objects, 34% free, 30MB/46MB, paused 374us total 18.880ms
08-04 02:50:07.281 15256 20844 I art     : Starting a blocking GC Explicit
08-04 02:50:07.295 15256 20844 I art     : Explicit concurrent mark sweep GC freed 20(704B) AllocSpace objects, 0(0B) LOS objects, 34% free, 30MB/46MB, paused 318us total 14.427ms
08-04 02:50:07.302 15256 20844 I art     : Starting a blocking GC Explicit
08-04 02:50:07.316 15256 20844 I art     : Explicit concurrent mark sweep GC freed 3(96B) AllocSpace objects, 0(0B) LOS objects, 34% free, 30MB/46MB, paused 324us total 14.454ms
08-04 02:50:07.322 15256 20844 I art     : Starting a blocking GC Explicit
08-04 02:50:07.337 15256 20844 I art     : Explicit concurrent mark sweep GC freed 3(96B) AllocSpace objects, 0(0B) LOS objects, 34% free, 30MB/46MB, paused 350us total 14.536ms
08-04 02:50:07.343 15256 20844 I art     : Starting a blocking GC Explicit
08-04 02:50:07.358 15256 20844 I art     : Explicit concurrent mark sweep GC freed 3(96B) AllocSpace objects, 0(0B) LOS objects, 34% free, 30MB/46MB, paused 362us total 14.450ms
08-04 02:50:07.675 15256 15269 I art     : Starting a blocking GC Explicit
08-04 02:50:07.694 15256 15269 I art     : Explicit concurrent mark sweep GC freed 1388(80KB) AllocSpace objects, 1(20KB) LOS objects, 34% free, 30MB/46MB, paused 347us total 18.125ms
08-04 02:50:07.702 15256 15269 I art     : Starting a blocking GC Explicit
08-04 02:50:07.718 15256 15269 I art     : Explicit concurrent mark sweep GC freed 20(704B) AllocSpace objects, 0(0B) LOS objects, 34% free, 30MB/46MB, paused 343us total 15.117ms
08-04 02:50:07.724 15256 15269 I art     : Starting a blocking GC Explicit
08-04 02:50:07.739 15256 15269 I art     : Explicit concurrent mark sweep GC freed 3(96B) AllocSpace objects, 0(0B) LOS objects, 34% free, 30MB/46MB, paused 334us total 14.844ms
08-04 02:50:07.745 15256 15269 I art     : Starting a blocking GC Explicit
08-04 02:50:07.760 15256 15269 I art     : Explicit concurrent mark sweep GC freed 3(96B) AllocSpace objects, 0(0B) LOS objects, 34% free, 30MB/46MB, paused 375us total 14.906ms
08-04 02:50:07.767 15256 15269 I art     : Starting a blocking GC Explicit
08-04 02:50:07.782 15256 15269 I art     : Explicit concurrent mark sweep GC freed 3(96B) AllocSpace objects, 0(0B) LOS objects, 34% free, 30MB/46MB, paused 366us total 14.948ms
08-04 02:50:08.094 15256 20845 I art     : Starting a blocking GC Explicit
08-04 02:50:08.112 15256 20845 I art     : Explicit concurrent mark sweep GC freed 1388(80KB) AllocSpace objects, 1(20KB) LOS objects, 34% free, 30MB/46MB, paused 363us total 17.246ms
08-04 02:50:08.119 15256 20845 I art     : Starting a blocking GC Explicit
08-04 02:50:08.134 15256 20845 I art     : Explicit concurrent mark sweep GC freed 20(704B) AllocSpace objects, 0(0B) LOS objects, 34% free, 30MB/46MB, paused 314us total 15.283ms
08-04 02:50:08.140 15256 20845 I art     : Starting a blocking GC Explicit
08-04 02:50:08.155 15256 20845 I art     : Explicit concurrent mark sweep GC freed 3(96B) AllocSpace objects, 0(0B) LOS objects, 34% free, 30MB/46MB, paused 303us total 14.290ms
08-04 02:50:08.161 15256 20845 I art     : Starting a blocking GC Explicit
08-04 02:50:08.176 15256 20845 I art     : Explicit concurrent mark sweep GC freed 3(96B) AllocSpace objects, 0(0B) LOS objects, 34% free, 30MB/46MB, paused 325us total 14.501ms
08-04 02:50:08.182 15256 20845 I art     : Starting a blocking GC Explicit
08-04 02:50:08.197 15256 20845 I art     : Explicit concurrent mark sweep GC freed 3(96B) AllocSpace objects, 0(0B) LOS objects, 34% free, 30MB/46MB, paused 391us total 14.478ms
08-04 02:50:08.507 15256 15272 I art     : Starting a blocking GC Explicit
08-04 02:50:08.525 15256 15272 I art     : Explicit concurrent mark sweep GC freed 1388(80KB) AllocSpace objects, 1(20KB) LOS objects, 34% free, 30MB/46MB, paused 338us total 18.092ms
08-04 02:50:08.533 15256 15272 I art     : Starting a blocking GC Explicit
08-04 02:50:08.549 15256 15272 I art     : Explicit concurrent mark sweep GC freed 20(704B) AllocSpace objects, 0(0B) LOS objects, 34% free, 30MB/46MB, paused 316us total 15.040ms
08-04 02:50:08.555 15256 15272 I art     : Starting a blocking GC Explicit
08-04 02:50:08.570 15256 15272 I art     : Explicit concurrent mark sweep GC freed 3(96B) AllocSpace objects, 0(0B) LOS objects, 34% free, 30MB/46MB, paused 326us total 15.256ms
08-04 02:50:08.577 15256 15272 I art     : Starting a blocking GC Explicit
08-04 02:50:08.592 15256 15272 I art     : Explicit concurrent mark sweep GC freed 3(96B) AllocSpace objects, 0(0B) LOS objects, 34% free, 30MB/46MB, paused 324us total 14.622ms
08-04 02:50:08.598 15256 15272 I art     : Starting a blocking GC Explicit
08-04 02:50:08.612 15256 15272 I art     : Explicit concurrent mark sweep GC freed 3(96B) AllocSpace objects, 0(0B) LOS objects, 34% free, 30MB/46MB, paused 315us total 13.772ms
08-04 02:50:08.918 15256 20844 I art     : Starting a blocking GC Explicit
08-04 02:50:08.936 15256 20844 I art     : Explicit concurrent mark sweep GC freed 1388(80KB) AllocSpace objects, 1(20KB) LOS objects, 34% free, 30MB/46MB, paused 347us total 17.868ms
08-04 02:50:08.943 15256 20844 I art     : Starting a blocking GC Explicit
08-04 02:50:08.959 15256 20844 I art     : Explicit concurrent mark sweep GC freed 20(704B) AllocSpace objects, 0(0B) LOS objects, 34% free, 30MB/46MB, paused 341us total 15.559ms
08-04 02:50:08.966 15256 20844 I art     : Starting a blocking GC Explicit
08-04 02:50:08.981 15256 20844 I art     : Explicit concurrent mark sweep GC freed 3(96B) AllocSpace objects, 0(0B) LOS objects, 34% free, 30MB/46MB, paused 338us total 15.108ms
08-04 02:50:08.988 15256 20844 I art     : Starting a blocking GC Explicit
08-04 02:50:09.003 15256 20844 I art     : Explicit concurrent mark sweep GC freed 3(96B) AllocSpace objects, 0(0B) LOS objects, 34% free, 30MB/46MB, paused 330us total 14.772ms
08-04 02:50:09.009 15256 20844 I art     : Starting a blocking GC Explicit
08-04 02:50:09.024 15256 20844 I art     : Explicit concurrent mark sweep GC freed 3(96B) AllocSpace objects, 0(0B) LOS objects, 34% free, 30MB/46MB, paused 340us total 14.560ms
08-04 02:50:09.347 15256 15269 I art     : Starting a blocking GC Explicit
08-04 02:50:09.367 15256 15269 I art     : Explicit concurrent mark sweep GC freed 1388(80KB) AllocSpace objects, 1(20KB) LOS objects, 34% free, 30MB/46MB, paused 364us total 19.109ms
08-04 02:50:09.379 15256 15269 I art     : Starting a blocking GC Explicit
08-04 02:50:09.394 15256 15269 I art     : Explicit concurrent mark sweep GC freed 20(704B) AllocSpace objects, 0(0B) LOS objects, 34% free, 30MB/46MB, paused 364us total 14.409ms
08-04 02:50:09.400 15256 15269 I art     : Starting a blocking GC Explicit
08-04 02:50:09.414 15256 15269 I art     : Explicit concurrent mark sweep GC freed 3(96B) AllocSpace objects, 0(0B) LOS objects, 34% free, 30MB/46MB, paused 479us total 13.805ms
08-04 02:50:09.420 15256 15269 I art     : Starting a blocking GC Explicit
08-04 02:50:09.435 15256 15269 I art     : Explicit concurrent mark sweep GC freed 3(96B) AllocSpace objects, 0(0B) LOS objects, 34% free, 30MB/46MB, paused 322us total 14.427ms
08-04 02:50:09.441 15256 15269 I art     : Starting a blocking GC Explicit
08-04 02:50:09.455 15256 15269 I art     : Explicit concurrent mark sweep GC freed 3(96B) AllocSpace objects, 0(0B) LOS objects, 34% free, 30MB/46MB, paused 322us total 14.411ms
08-04 02:50:09.763 15256 20845 I art     : Starting a blocking GC Explicit
08-04 02:50:09.782 15256 20845 I art     : Explicit concurrent mark sweep GC freed 1388(80KB) AllocSpace objects, 1(20KB) LOS objects, 34% free, 30MB/46MB, paused 369us total 18.805ms
08-04 02:50:09.791 15256 20845 I art     : Starting a blocking GC Explicit
08-04 02:50:09.807 15256 20845 I art     : Explicit concurrent mark sweep GC freed 20(704B) AllocSpace objects, 0(0B) LOS objects, 34% free, 30MB/46MB, paused 427us total 15.223ms
08-04 02:50:09.813 15256 20845 I art     : Starting a blocking GC Explicit
08-04 02:50:09.828 15256 20845 I art     : Explicit concurrent mark sweep GC freed 3(96B) AllocSpace objects, 0(0B) LOS objects, 34% free, 30MB/46MB, paused 324us total 14.726ms
08-04 02:50:09.834 15256 20845 I art     : Starting a blocking GC Explicit
08-04 02:50:09.849 15256 20845 I art     : Explicit concurrent mark sweep GC freed 3(96B) AllocSpace objects, 0(0B) LOS objects, 34% free, 30MB/46MB, paused 338us total 14.683ms
08-04 02:50:09.856 15256 20845 I art     : Starting a blocking GC Explicit
08-04 02:50:09.871 15256 20845 I art     : Explicit concurrent mark sweep GC freed 3(96B) AllocSpace objects, 0(0B) LOS objects, 34% free, 30MB/46MB, paused 366us total 14.830ms
08-04 02:50:10.183 15256 15272 I art     : Starting a blocking GC Explicit
08-04 02:50:10.203 15256 15272 I art     : Explicit concurrent mark sweep GC freed 1388(80KB) AllocSpace objects, 1(20KB) LOS objects, 34% free, 30MB/46MB, paused 410us total 19.689ms
08-04 02:50:10.213 15256 15272 I art     : Starting a blocking GC Explicit
08-04 02:50:10.228 15256 15272 I art     : Explicit concurrent mark sweep GC freed 20(704B) AllocSpace objects, 0(0B) LOS objects, 34% free, 30MB/46MB, paused 333us total 14.738ms
08-04 02:50:10.234 15256 15272 I art     : Starting a blocking GC Explicit
08-04 02:50:10.249 15256 15272 I art     : Explicit concurrent mark sweep GC freed 3(96B) AllocSpace objects, 0(0B) LOS objects, 34% free, 30MB/46MB, paused 326us total 14.515ms
08-04 02:50:10.255 15256 15272 I art     : Starting a blocking GC Explicit
08-04 02:50:10.270 15256 15272 I art     : Explicit concurrent mark sweep GC freed 3(96B) AllocSpace objects, 0(0B) LOS objects, 34% free, 30MB/46MB, paused 333us total 14.569ms
08-04 02:50:10.276 15256 15272 I art     : Starting a blocking GC Explicit
08-04 02:50:10.291 15256 15272 I art     : Explicit concurrent mark sweep GC freed 3(96B) AllocSpace objects, 0(0B) LOS objects, 34% free, 30MB/46MB, paused 330us total 14.311ms
08-04 02:50:10.589 15256 20844 I art     : Starting a blocking GC Explicit
08-04 02:50:10.608 15256 20844 I art     : Explicit concurrent mark sweep GC freed 1388(80KB) AllocSpace objects, 1(20KB) LOS objects, 34% free, 30MB/46MB, paused 467us total 18.859ms
08-04 02:50:10.615 15256 20844 I art     : Starting a blocking GC Explicit
08-04 02:50:10.630 15256 20844 I art     : Explicit concurrent mark sweep GC freed 20(704B) AllocSpace objects, 0(0B) LOS objects, 34% free, 30MB/46MB, paused 333us total 15.070ms
08-04 02:50:10.637 15256 20844 I art     : Starting a blocking GC Explicit
08-04 02:50:10.651 15256 20844 I art     : Explicit concurrent mark sweep GC freed 3(96B) AllocSpace objects, 0(0B) LOS objects, 34% free, 30MB/46MB, paused 333us total 14.635ms
08-04 02:50:10.658 15256 20844 I art     : Starting a blocking GC Explicit
08-04 02:50:10.673 15256 20844 I art     : Explicit concurrent mark sweep GC freed 3(96B) AllocSpace objects, 0(0B) LOS objects, 34% free, 30MB/46MB, paused 342us total 14.814ms
08-04 02:50:10.680 15256 20844 I art     : Starting a blocking GC Explicit
08-04 02:50:10.694 15256 20844 I art     : Explicit concurrent mark sweep GC freed 3(96B) AllocSpace objects, 0(0B) LOS objects, 34% free, 30MB/46MB, paused 333us total 14.469ms
08-04 02:50:10.989 15256 15269 I art     : Starting a blocking GC Explicit
08-04 02:50:11.007 15256 15269 I art     : Explicit concurrent mark sweep GC freed 1388(80KB) AllocSpace objects, 1(20KB) LOS objects, 34% free, 30MB/46MB, paused 356us total 18.365ms
08-04 02:50:11.019 15256 15269 I art     : Starting a blocking GC Explicit
08-04 02:50:11.033 15256 15269 I art     : Explicit concurrent mark sweep GC freed 20(704B) AllocSpace objects, 0(0B) LOS objects, 34% free, 30MB/46MB, paused 316us total 14.551ms
08-04 02:50:11.034 15256 15268 I art     : WaitForGcToComplete blocked for 12.989ms for cause HeapTrim
08-04 02:50:11.040 15256 15269 I art     : Starting a blocking GC Explicit
08-04 02:50:11.054 15256 15269 I art     : Explicit concurrent mark sweep GC freed 3(96B) AllocSpace objects, 0(0B) LOS objects, 34% free, 30MB/46MB, paused 318us total 14.381ms
08-04 02:50:11.060 15256 15269 I art     : Starting a blocking GC Explicit
08-04 02:50:11.067   918 13198 D NetlinkSocketObserver: NeighborEvent{elapsedMs=1656014941, 192.168.2.254, [7C3953A63323], RTM_NEWNEIGH, NUD_STALE}
08-04 02:50:11.075 15256 15269 I art     : Explicit concurrent mark sweep GC freed 3(96B) AllocSpace objects, 0(0B) LOS objects, 34% free, 30MB/46MB, paused 318us total 14.205ms
08-04 02:50:11.081 15256 15269 I art     : Starting a blocking GC Explicit
08-04 02:50:11.095 15256 15269 I art     : Explicit concurrent mark sweep GC freed 3(96B) AllocSpace objects, 0(0B) LOS objects, 34% free, 30MB/46MB, paused 326us total 14.232ms
08-04 02:50:11.398 15256 20845 I art     : Starting a blocking GC Explicit
08-04 02:50:11.416 15256 20845 I art     : Explicit concurrent mark sweep GC freed 1388(80KB) AllocSpace objects, 1(20KB) LOS objects, 34% free, 30MB/46MB, paused 358us total 17.530ms
08-04 02:50:11.425 15256 20845 I art     : Starting a blocking GC Explicit
08-04 02:50:11.441 15256 20845 I art     : Explicit concurrent mark sweep GC freed 20(704B) AllocSpace objects, 0(0B) LOS objects, 34% free, 30MB/46MB, paused 339us total 15.202ms
08-04 02:50:11.448 15256 20845 I art     : Starting a blocking GC Explicit
08-04 02:50:11.463 15256 20845 I art     : Explicit concurrent mark sweep GC freed 3(96B) AllocSpace objects, 0(0B) LOS objects, 34% free, 30MB/46MB, paused 341us total 15.187ms
08-04 02:50:11.469 15256 20845 I art     : Starting a blocking GC Explicit
08-04 02:50:11.484 15256 20845 I art     : Explicit concurrent mark sweep GC freed 3(96B) AllocSpace objects, 0(0B) LOS objects, 34% free, 30MB/46MB, paused 335us total 14.789ms
08-04 02:50:11.491 15256 20845 I art     : Starting a blocking GC Explicit
08-04 02:50:11.506 15256 20845 I art     : Explicit concurrent mark sweep GC freed 3(96B) AllocSpace objects, 0(0B) LOS objects, 34% free, 30MB/46MB, paused 319us total 14.671ms
08-04 02:50:11.815 15256 15272 I art     : Starting a blocking GC Explicit
08-04 02:50:11.837 15256 15272 I art     : Explicit concurrent mark sweep GC freed 1388(80KB) AllocSpace objects, 1(20KB) LOS objects, 34% free, 30MB/46MB, paused 447us total 21.264ms
08-04 02:50:11.845 15256 15272 I art     : Starting a blocking GC Explicit
08-04 02:50:11.860 15256 15272 I art     : Explicit concurrent mark sweep GC freed 20(704B) AllocSpace objects, 0(0B) LOS objects, 34% free, 30MB/46MB, paused 327us total 14.651ms
08-04 02:50:11.866 15256 15272 I art     : Starting a blocking GC Explicit
08-04 02:50:11.880 15256 15272 I art     : Explicit concurrent mark sweep GC freed 3(96B) AllocSpace objects, 0(0B) LOS objects, 34% free, 30MB/46MB, paused 317us total 14.395ms
08-04 02:50:11.887 15256 15272 I art     : Starting a blocking GC Explicit
08-04 02:50:11.901 15256 15272 I art     : Explicit concurrent mark sweep GC freed 3(96B) AllocSpace objects, 0(0B) LOS objects, 34% free, 30MB/46MB, paused 323us total 14.319ms
08-04 02:50:11.907 15256 15272 I art     : Starting a blocking GC Explicit
08-04 02:50:11.922 15256 15272 I art     : Explicit concurrent mark sweep GC freed 3(96B) AllocSpace objects, 0(0B) LOS objects, 34% free, 30MB/46MB, paused 331us total 14.425ms
08-04 02:50:12.226 15256 20844 I art     : Starting a blocking GC Explicit
08-04 02:50:12.244 15256 20844 I art     : Explicit concurrent mark sweep GC freed 1388(80KB) AllocSpace objects, 1(20KB) LOS objects, 34% free, 30MB/46MB, paused 361us total 17.655ms
08-04 02:50:12.252 15256 20844 I art     : Starting a blocking GC Explicit
08-04 02:50:12.268 15256 20844 I art     : Explicit concurrent mark sweep GC freed 20(704B) AllocSpace objects, 0(0B) LOS objects, 34% free, 30MB/46MB, paused 338us total 15.365ms
08-04 02:50:12.275 15256 20844 I art     : Starting a blocking GC Explicit
08-04 02:50:12.290 15256 20844 I art     : Explicit concurrent mark sweep GC freed 3(96B) AllocSpace objects, 0(0B) LOS objects, 34% free, 30MB/46MB, paused 344us total 15.266ms
08-04 02:50:12.296 15256 20844 I art     : Starting a blocking GC Explicit
08-04 02:50:12.311 15256 20844 I art     : Explicit concurrent mark sweep GC freed 3(96B) AllocSpace objects, 0(0B) LOS objects, 34% free, 30MB/46MB, paused 339us total 14.646ms
08-04 02:50:12.318 15256 20844 I art     : Starting a blocking GC Explicit
08-04 02:50:12.333 15256 20844 I art     : Explicit concurrent mark sweep GC freed 3(96B) AllocSpace objects, 0(0B) LOS objects, 34% free, 30MB/46MB, paused 321us total 14.762ms
08-04 02:50:12.644 15256 15269 I art     : Starting a blocking GC Explicit
08-04 02:50:12.661 15256 15269 I art     : Explicit concurrent mark sweep GC freed 1388(80KB) AllocSpace objects, 1(20KB) LOS objects, 34% free, 30MB/46MB, paused 375us total 16.925ms
08-04 02:50:12.668 15256 15269 I art     : Starting a blocking GC Explicit
08-04 02:50:12.683 15256 15269 I art     : Explicit concurrent mark sweep GC freed 20(704B) AllocSpace objects, 0(0B) LOS objects, 34% free, 30MB/46MB, paused 335us total 15.027ms
08-04 02:50:12.690 15256 15269 I art     : Starting a blocking GC Explicit
08-04 02:50:12.704 15256 15269 I art     : Explicit concurrent mark sweep GC freed 3(96B) AllocSpace objects, 0(0B) LOS objects, 34% free, 30MB/46MB, paused 376us total 13.963ms
08-04 02:50:12.710 15256 15269 I art     : Starting a blocking GC Explicit
08-04 02:50:12.723 15256 15269 I art     : Explicit concurrent mark sweep GC freed 3(96B) AllocSpace objects, 0(0B) LOS objects, 34% free, 30MB/46MB, paused 330us total 13.227ms
08-04 02:50:12.729 15256 15269 I art     : Starting a blocking GC Explicit
08-04 02:50:12.743 15256 15269 I art     : Explicit concurrent mark sweep GC freed 3(96B) AllocSpace objects, 0(0B) LOS objects, 34% free, 30MB/46MB, paused 329us total 13.973ms
08-04 02:50:12.903 21203 21203 D AndroidRuntime: >>>>>> START com.android.internal.os.RuntimeInit uid 2000 <<<<<<
08-04 02:50:12.907 21203 21203 D AndroidRuntime: CheckJNI is OFF
08-04 02:50:12.932 21203 21203 D ICU     : No timezone override file found: /data/misc/zoneinfo/current/icu/icu_tzdata.dat
08-04 02:50:12.957 21203 21203 I Radio-JNI: register_android_hardware_Radio DONE
08-04 02:50:12.973 21203 21203 D AndroidRuntime: Calling main entry com.android.commands.input.Input
08-04 02:50:12.974 21203 21203 I Input   : injectMotionEvent: MotionEvent { action=ACTION_DOWN, actionButton=0, id[0]=0, x[0]=436.0, y[0]=453.0, toolType[0]=TOOL_TYPE_UNKNOWN, buttonState=0, metaState=0, flags=0x0, edgeFlags=0x0, pointerCount=1, historySize=0, eventTime=672629387, downTime=672629387, deviceId=0, source=0x1002 }
08-04 02:50:12.978 21203 21203 I Input   : injectMotionEvent: MotionEvent { action=ACTION_UP, actionButton=0, id[0]=0, x[0]=436.0, y[0]=453.0, toolType[0]=TOOL_TYPE_UNKNOWN, buttonState=0, metaState=0, flags=0x0, edgeFlags=0x0, pointerCount=1, historySize=0, eventTime=672629387, downTime=672629387, deviceId=0, source=0x1002 }
08-04 02:50:12.981 21203 21203 D AndroidRuntime: Shutting down VM
08-04 02:50:12.990   512  2967 D audio_hw_primary: out_set_parameters: enter: usecase(1: low-latency-playback) kvpairs: routing=2
08-04 02:50:12.992   918  6112 I ActivityManager: START u0 {cmp=baseline.com.newsblur/.activity.GlobalSharedStoriesReading (has extras)} from uid 10652 on display 0
08-04 02:50:13.003   512  2967 D audio_hw_primary: select_devices: out_snd_device(2: speaker) in_snd_device(0: none)
08-04 02:50:13.003   512  2967 D msm8974_platform: platform_send_audio_calibration: sending audio calibration for snd_device(2) acdb_id(15)
08-04 02:50:13.004   512  2967 I soundtrigger: audio_extn_sound_trigger_update_device_status: device 0x2 of type 0 for Event 1
08-04 02:50:13.013 15256 20845 I art     : Starting a blocking GC Explicit
08-04 02:50:13.014   512  2967 D audio_hw_primary: enable_snd_device: snd_device(2: speaker)
08-04 02:50:13.016   512  2967 D audio_hw_primary: enable_audio_route: apply and update mixer path: low-latency-playback speaker
08-04 02:50:13.030 15256 20845 I art     : Explicit concurrent mark sweep GC freed 2031(171KB) AllocSpace objects, 3(60KB) LOS objects, 33% free, 31MB/47MB, paused 479us total 16.579ms
08-04 02:50:13.036 15256 20845 I art     : Starting a blocking GC Explicit
08-04 02:50:13.052 15256 20845 I art     : Explicit concurrent mark sweep GC freed 1014(83KB) AllocSpace objects, 1(112KB) LOS objects, 33% free, 31MB/47MB, paused 713us total 15.639ms
08-04 02:50:13.059 15256 20845 I art     : Starting a blocking GC Explicit
08-04 02:50:13.074 15256 20845 I art     : Explicit concurrent mark sweep GC freed 320(41KB) AllocSpace objects, 1(356KB) LOS objects, 33% free, 32MB/48MB, paused 375us total 14.841ms
08-04 02:50:13.080 15256 20845 I art     : Starting a blocking GC Explicit
08-04 02:50:13.094 15256 20845 I art     : Explicit concurrent mark sweep GC freed 100(4KB) AllocSpace objects, 0(0B) LOS objects, 33% free, 32MB/48MB, paused 374us total 14.425ms
08-04 02:50:13.100 15256 20845 I art     : Starting a blocking GC Explicit
08-04 02:50:13.116 15256 20845 I art     : Explicit concurrent mark sweep GC freed 148(24KB) AllocSpace objects, 1(20KB) LOS objects, 33% free, 32MB/48MB, paused 392us total 15.580ms
08-04 02:50:13.176   918   936 I ActivityManager: Displayed baseline.com.newsblur/.activity.GlobalSharedStoriesReading: +175ms
08-04 02:50:13.180 13866 13866 I GoogleInputMethodServic: GoogleInputMethodService.onFinishInput():3138 
08-04 02:50:13.180 13866 13866 I GoogleInputMethodServic: GoogleInputMethodService.onStartInput():1808 
08-04 02:50:13.193 15256 15256 I WebViewFactory: Loading com.google.android.webview version 84.0.4147.89 (code 414708953)
08-04 02:50:13.259 15256 15256 I cr_LibraryLoader: Loaded native library version number "84.0.4147.89"
08-04 02:50:13.260 15256 15256 I cr_CachingUmaRecorder: Flushed 5 samples from 5 histograms.
08-04 02:50:13.287 15256 15256 E chromium: [ERROR:filesystem_posix.cc(62)] mkdir /data/user/0/baseline.com.newsblur/cache/WebView/Crashpad: No such file or directory (2)
08-04 02:50:13.364   918  3359 D ConnectivityService: listenForNetwork for Listen from uid/pid:10652/15256 for NetworkRequest [ id=2558, legacyType=-1, [ Capabilities: INTERNET&NOT_RESTRICTED&TRUSTED] ]
08-04 02:50:13.370 15256 15272 I art     : Starting a blocking GC Explicit
08-04 02:50:13.398 15256 15272 I art     : Explicit concurrent mark sweep GC freed 8563(888KB) AllocSpace objects, 5(100KB) LOS objects, 31% free, 35MB/51MB, paused 3.756ms total 28.299ms
08-04 02:50:13.406 15256 15272 I art     : Starting a blocking GC Explicit
08-04 02:50:13.427 15256 15272 I art     : Explicit concurrent mark sweep GC freed 1366(106KB) AllocSpace objects, 1(20KB) LOS objects, 30% free, 36MB/52MB, paused 1.025ms total 20.810ms
08-04 02:50:13.436 15256 15272 I art     : Starting a blocking GC Explicit
08-04 02:50:13.457 15256 15272 I art     : Explicit concurrent mark sweep GC freed 1498(80KB) AllocSpace objects, 1(20KB) LOS objects, 30% free, 36MB/52MB, paused 1.685ms total 20.258ms
08-04 02:50:13.465 15256 15272 I art     : Starting a blocking GC Explicit
08-04 02:50:13.475 15256 21255 W cr_media: Requires BLUETOOTH permission
08-04 02:50:13.497 15256 15272 I art     : Explicit concurrent mark sweep GC freed 3001(175KB) AllocSpace objects, 7(168KB) LOS objects, 30% free, 36MB/52MB, paused 5.399ms total 31.476ms
08-04 02:50:13.499 15256 21270 E libEGL  : validate_display:255 error 3008 (EGL_BAD_DISPLAY)
08-04 02:50:13.515 15256 15272 I art     : Starting a blocking GC Explicit
08-04 02:50:13.540 15256 15272 I art     : Explicit concurrent mark sweep GC freed 6336(313KB) AllocSpace objects, 3(76KB) LOS objects, 30% free, 36MB/52MB, paused 920us total 24.391ms
08-04 02:50:13.558   512  2967 D audio_hw_primary: disable_audio_route: reset and update mixer path: low-latency-playback speaker
08-04 02:50:13.559   512  2967 D audio_hw_primary: disable_snd_device: snd_device(2: speaker)
08-04 02:50:13.568   512  2967 I soundtrigger: audio_extn_sound_trigger_update_device_status: device 0x2 of type 0 for Event 0
08-04 02:50:13.797 15256 15269 I art     : Starting a blocking GC Explicit
08-04 02:50:13.818 15256 15269 I art     : Explicit concurrent mark sweep GC freed 15375(873KB) AllocSpace objects, 9(188KB) LOS objects, 30% free, 36MB/52MB, paused 824us total 21.200ms
08-04 02:50:13.825 15256 15269 I art     : Starting a blocking GC Explicit
08-04 02:50:13.844 15256 15269 I art     : Explicit concurrent mark sweep GC freed 1420(61KB) AllocSpace objects, 1(28KB) LOS objects, 30% free, 36MB/52MB, paused 591us total 19.522ms
08-04 02:50:13.851 15256 15269 I art     : Starting a blocking GC Explicit
08-04 02:50:13.870 15256 15269 I art     : Explicit concurrent mark sweep GC freed 311(26KB) AllocSpace objects, 0(0B) LOS objects, 30% free, 36MB/52MB, paused 617us total 18.190ms
08-04 02:50:13.877 15256 15269 I art     : Starting a blocking GC Explicit
08-04 02:50:13.897 15256 15269 I art     : Explicit concurrent mark sweep GC freed 783(71KB) AllocSpace objects, 2(120KB) LOS objects, 30% free, 36MB/52MB, paused 676us total 19.775ms
08-04 02:50:13.903 15256 15269 I art     : Starting a blocking GC Explicit
08-04 02:50:13.925 15256 15269 I art     : Explicit concurrent mark sweep GC freed 1914(74KB) AllocSpace objects, 0(0B) LOS objects, 30% free, 36MB/52MB, paused 691us total 21.144ms
08-04 02:50:13.966 15256 21279 E baseline.com.newsblur.network.APIResponse: Error (unexpected end of stream on https://www.newsblur.com/...) calling https://www.newsblur.com/reader/mark_story_hashes_as_read/
08-04 02:50:13.966 15256 21279 E baseline.com.newsblur.network.APIResponse: java.io.IOException: unexpected end of stream on https://www.newsblur.com/...
08-04 02:50:13.966 15256 21279 E baseline.com.newsblur.network.APIResponse: 	at okhttp3.internal.http1.Http1ExchangeCodec.readResponseHeaders(Http1ExchangeCodec.java:236)
08-04 02:50:13.966 15256 21279 E baseline.com.newsblur.network.APIResponse: 	at okhttp3.internal.connection.Exchange.readResponseHeaders(Exchange.java:115)
08-04 02:50:13.966 15256 21279 E baseline.com.newsblur.network.APIResponse: 	at okhttp3.internal.http.CallServerInterceptor.intercept(CallServerInterceptor.java:94)
08-04 02:50:13.966 15256 21279 E baseline.com.newsblur.network.APIResponse: 	at okhttp3.internal.http.RealInterceptorChain.proceed(RealInterceptorChain.java:142)
08-04 02:50:13.966 15256 21279 E baseline.com.newsblur.network.APIResponse: 	at okhttp3.internal.connection.ConnectInterceptor.intercept(ConnectInterceptor.java:43)
08-04 02:50:13.966 15256 21279 E baseline.com.newsblur.network.APIResponse: 	at okhttp3.internal.http.RealInterceptorChain.proceed(RealInterceptorChain.java:142)
08-04 02:50:13.966 15256 21279 E baseline.com.newsblur.network.APIResponse: 	at okhttp3.internal.http.RealInterceptorChain.proceed(RealInterceptorChain.java:117)
08-04 02:50:13.966 15256 21279 E baseline.com.newsblur.network.APIResponse: 	at okhttp3.internal.cache.CacheInterceptor.intercept(CacheInterceptor.java:94)
08-04 02:50:13.966 15256 21279 E baseline.com.newsblur.network.APIResponse: 	at okhttp3.internal.http.RealInterceptorChain.proceed(RealInterceptorChain.java:142)
08-04 02:50:13.966 15256 21279 E baseline.com.newsblur.network.APIResponse: 	at okhttp3.internal.http.RealInterceptorChain.proceed(RealInterceptorChain.java:117)
08-04 02:50:13.966 15256 21279 E baseline.com.newsblur.network.APIResponse: 	at okhttp3.internal.http.BridgeInterceptor.intercept(BridgeInterceptor.java:93)
08-04 02:50:13.966 15256 21279 E baseline.com.newsblur.network.APIResponse: 	at okhttp3.internal.http.RealInterceptorChain.proceed(RealInterceptorChain.java:142)
08-04 02:50:13.966 15256 21279 E baseline.com.newsblur.network.APIResponse: 	at okhttp3.internal.http.RetryAndFollowUpInterceptor.intercept(RetryAndFollowUpInterceptor.java:88)
08-04 02:50:13.966 15256 21279 E baseline.com.newsblur.network.APIResponse: 	at okhttp3.internal.http.RealInterceptorChain.proceed(RealInterceptorChain.java:142)
08-04 02:50:13.966 15256 21279 E baseline.com.newsblur.network.APIResponse: 	at okhttp3.internal.http.RealInterceptorChain.proceed(RealInterceptorChain.java:117)
08-04 02:50:13.966 15256 21279 E baseline.com.newsblur.network.APIResponse: 	at okhttp3.RealCall.getResponseWithInterceptorChain(RealCall.java:229)
08-04 02:50:13.966 15256 21279 E baseline.com.newsblur.network.APIResponse: 	at okhttp3.RealCall.execute(RealCall.java:81)
08-04 02:50:13.966 15256 21279 E baseline.com.newsblur.network.APIResponse: 	at baseline.com.newsblur.network.APIResponse.<init>(APIResponse.java:57)
08-04 02:50:13.966 15256 21279 E baseline.com.newsblur.network.APIResponse: 	at baseline.com.newsblur.network.APIResponse.<init>(APIResponse.java:43)
08-04 02:50:13.966 15256 21279 E baseline.com.newsblur.network.APIResponse: 	at baseline.com.newsblur.network.APIManager.post_single(APIManager.java:702)
08-04 02:50:13.966 15256 21279 E baseline.com.newsblur.network.APIResponse: 	at baseline.com.newsblur.network.APIManager.post(APIManager.java:675)
08-04 02:50:13.966 15256 21279 E baseline.com.newsblur.network.APIResponse: 	at baseline.com.newsblur.network.APIManager.post(APIManager.java:714)
08-04 02:50:13.966 15256 21279 E baseline.com.newsblur.network.APIResponse: 	at baseline.com.newsblur.network.APIManager.markStoryAsRead(APIManager.java:205)
08-04 02:50:13.966 15256 21279 E baseline.com.newsblur.network.APIResponse: 	at baseline.com.newsblur.util.ReadingAction.doRemote(ReadingAction.java:281)
08-04 02:50:13.966 15256 21279 E baseline.com.newsblur.network.APIResponse: 	at baseline.com.newsblur.service.NBSyncService.syncActions(NBSyncService.java:400)
08-04 02:50:13.966 15256 21279 E baseline.com.newsblur.network.APIResponse: 	at baseline.com.newsblur.service.NBSyncService.doSync(NBSyncService.java:298)
08-04 02:50:13.966 15256 21279 E baseline.com.newsblur.network.APIResponse: 	at baseline.com.newsblur.service.NBSyncService.access$100(NBSyncService.java:67)
08-04 02:50:13.966 15256 21279 E baseline.com.newsblur.network.APIResponse: 	at baseline.com.newsblur.service.NBSyncService$1.run(NBSyncService.java:188)
08-04 02:50:13.966 15256 21279 E baseline.com.newsblur.network.APIResponse: 	at java.util.concurrent.ThreadPoolExecutor.runWorker(ThreadPoolExecutor.java:1113)
08-04 02:50:13.966 15256 21279 E baseline.com.newsblur.network.APIResponse: 	at java.util.concurrent.ThreadPoolExecutor$Worker.run(ThreadPoolExecutor.java:588)
08-04 02:50:13.966 15256 21279 E baseline.com.newsblur.network.APIResponse: 	at java.lang.Thread.run(Thread.java:818)
08-04 02:50:13.966 15256 21279 E baseline.com.newsblur.network.APIResponse: Caused by: java.io.EOFException: \n not found: limit=0 content=
08-04 02:50:13.966 15256 21279 E baseline.com.newsblur.network.APIResponse: 	at okio.RealBufferedSource.readUtf8LineStrict(RealBufferedSource.java:240)
08-04 02:50:13.966 15256 21279 E baseline.com.newsblur.network.APIResponse: 	at okhttp3.internal.http1.Http1ExchangeCodec.readHeaderLine(Http1ExchangeCodec.java:242)
08-04 02:50:13.966 15256 21279 E baseline.com.newsblur.network.APIResponse: 	at okhttp3.internal.http1.Http1ExchangeCodec.readResponseHeaders(Http1ExchangeCodec.java:213)
08-04 02:50:13.966 15256 21279 E baseline.com.newsblur.network.APIResponse: 	... 30 more
08-04 02:50:13.967 15256 21279 I baseline.com.newsblur.network.APIManager: API call failed, pausing before retry number 1
08-04 02:50:14.230 15256 20844 I art     : Starting a blocking GC Explicit
08-04 02:50:14.255 15256 20844 I art     : Explicit concurrent mark sweep GC freed 3054(403KB) AllocSpace objects, 4(140KB) LOS objects, 30% free, 36MB/52MB, paused 660us total 23.970ms
08-04 02:50:14.262 15256 20844 I art     : Starting a blocking GC Explicit
08-04 02:50:14.284 15256 20844 I art     : Explicit concurrent mark sweep GC freed 72(2720B) AllocSpace objects, 0(0B) LOS objects, 30% free, 36MB/52MB, paused 658us total 21.461ms
08-04 02:50:14.292 15256 20844 I art     : Starting a blocking GC Explicit
08-04 02:50:14.314 15256 20844 I art     : Explicit concurrent mark sweep GC freed 3(96B) AllocSpace objects, 0(0B) LOS objects, 30% free, 36MB/52MB, paused 556us total 21.259ms
08-04 02:50:14.322 15256 20844 I art     : Starting a blocking GC Explicit
08-04 02:50:14.344 15256 20844 I art     : Explicit concurrent mark sweep GC freed 3(96B) AllocSpace objects, 0(0B) LOS objects, 30% free, 36MB/52MB, paused 551us total 21.402ms
08-04 02:50:14.351 15256 20844 I art     : Starting a blocking GC Explicit
08-04 02:50:14.373 15256 20844 I art     : Explicit concurrent mark sweep GC freed 3(96B) AllocSpace objects, 0(0B) LOS objects, 30% free, 36MB/52MB, paused 597us total 22.318ms
08-04 02:50:14.427   918  3261 D WifiStateMachine: starting scan for "H369AA63323"WPA_PSK with 2412,5180
08-04 02:50:14.686 15256 15272 I art     : Starting a blocking GC Explicit
08-04 02:50:14.713 15256 15272 I art     : Explicit concurrent mark sweep GC freed 1459(83KB) AllocSpace objects, 1(20KB) LOS objects, 30% free, 36MB/52MB, paused 570us total 27.290ms
08-04 02:50:14.722 15256 15272 I art     : Starting a blocking GC Explicit
08-04 02:50:14.749 15256 15272 I art     : Explicit concurrent mark sweep GC freed 31(1072B) AllocSpace objects, 0(0B) LOS objects, 30% free, 36MB/52MB, paused 933us total 26.231ms
08-04 02:50:14.757 15256 15272 I art     : Starting a blocking GC Explicit
08-04 02:50:14.779 15256 15272 I art     : Explicit concurrent mark sweep GC freed 11(352B) AllocSpace objects, 0(0B) LOS objects, 30% free, 36MB/52MB, paused 549us total 21.293ms
08-04 02:50:14.786 15256 15272 I art     : Starting a blocking GC Explicit
08-04 02:50:14.809 15256 15272 I art     : Explicit concurrent mark sweep GC freed 8(256B) AllocSpace objects, 0(0B) LOS objects, 30% free, 36MB/52MB, paused 729us total 22.740ms
08-04 02:50:14.816 15256 15272 I art     : Starting a blocking GC Explicit
08-04 02:50:14.838 15256 15272 I art     : Explicit concurrent mark sweep GC freed 10(320B) AllocSpace objects, 0(0B) LOS objects, 30% free, 36MB/52MB, paused 670us total 22.279ms
08-04 02:50:15.153 15256 15269 I art     : Starting a blocking GC Explicit
08-04 02:50:15.177 15256 15269 I art     : Explicit concurrent mark sweep GC freed 1452(83KB) AllocSpace objects, 1(20KB) LOS objects, 30% free, 36MB/52MB, paused 1.005ms total 23.998ms
08-04 02:50:15.185 15256 15269 I art     : Starting a blocking GC Explicit
08-04 02:50:15.213 15256 15269 I art     : Explicit concurrent mark sweep GC freed 22(784B) AllocSpace objects, 0(0B) LOS objects, 30% free, 36MB/52MB, paused 539us total 27.313ms
08-04 02:50:15.221 15256 15269 I art     : Starting a blocking GC Explicit
08-04 02:50:15.242 15256 15269 I art     : Explicit concurrent mark sweep GC freed 3(96B) AllocSpace objects, 0(0B) LOS objects, 30% free, 36MB/52MB, paused 540us total 21.634ms
08-04 02:50:15.249 15256 15269 I art     : Starting a blocking GC Explicit
08-04 02:50:15.271 15256 15269 I art     : Explicit concurrent mark sweep GC freed 3(96B) AllocSpace objects, 0(0B) LOS objects, 30% free, 36MB/52MB, paused 635us total 21.980ms
08-04 02:50:15.279 15256 15269 I art     : Starting a blocking GC Explicit
08-04 02:50:15.301 15256 15269 I art     : Explicit concurrent mark sweep GC freed 3(96B) AllocSpace objects, 0(0B) LOS objects, 30% free, 36MB/52MB, paused 636us total 21.388ms
08-04 02:50:15.618 15256 20845 I art     : Starting a blocking GC Explicit
08-04 02:50:15.642 15256 20845 I art     : Explicit concurrent mark sweep GC freed 1606(91KB) AllocSpace objects, 1(20KB) LOS objects, 30% free, 36MB/52MB, paused 597us total 24.404ms
08-04 02:50:15.649 15256 20845 I art     : Starting a blocking GC Explicit
08-04 02:50:15.672 15256 20845 I art     : Explicit concurrent mark sweep GC freed 28(1040B) AllocSpace objects, 0(0B) LOS objects, 30% free, 36MB/52MB, paused 659us total 22.321ms
08-04 02:50:15.679 15256 20845 I art     : Starting a blocking GC Explicit
08-04 02:50:15.701 15256 20845 I art     : Explicit concurrent mark sweep GC freed 3(96B) AllocSpace objects, 0(0B) LOS objects, 30% free, 36MB/52MB, paused 651us total 21.884ms
08-04 02:50:15.710 15256 20845 I art     : Starting a blocking GC Explicit
08-04 02:50:15.731 15256 20845 I art     : Explicit concurrent mark sweep GC freed 3(96B) AllocSpace objects, 0(0B) LOS objects, 30% free, 36MB/52MB, paused 572us total 21.053ms
08-04 02:50:15.739 15256 20845 I art     : Starting a blocking GC Explicit
08-04 02:50:15.761 15256 20845 I art     : Explicit concurrent mark sweep GC freed 3(96B) AllocSpace objects, 0(0B) LOS objects, 30% free, 36MB/52MB, paused 571us total 21.618ms
08-04 02:50:15.978 15256 21279 E baseline.com.newsblur.network.APIResponse: Error (unexpected end of stream on https://www.newsblur.com/...) calling https://www.newsblur.com/reader/mark_story_hashes_as_read/
08-04 02:50:15.978 15256 21279 E baseline.com.newsblur.network.APIResponse: java.io.IOException: unexpected end of stream on https://www.newsblur.com/...
08-04 02:50:15.978 15256 21279 E baseline.com.newsblur.network.APIResponse: 	at okhttp3.internal.http1.Http1ExchangeCodec.readResponseHeaders(Http1ExchangeCodec.java:236)
08-04 02:50:15.978 15256 21279 E baseline.com.newsblur.network.APIResponse: 	at okhttp3.internal.connection.Exchange.readResponseHeaders(Exchange.java:115)
08-04 02:50:15.978 15256 21279 E baseline.com.newsblur.network.APIResponse: 	at okhttp3.internal.http.CallServerInterceptor.intercept(CallServerInterceptor.java:94)
08-04 02:50:15.978 15256 21279 E baseline.com.newsblur.network.APIResponse: 	at okhttp3.internal.http.RealInterceptorChain.proceed(RealInterceptorChain.java:142)
08-04 02:50:15.978 15256 21279 E baseline.com.newsblur.network.APIResponse: 	at okhttp3.internal.connection.ConnectInterceptor.intercept(ConnectInterceptor.java:43)
08-04 02:50:15.978 15256 21279 E baseline.com.newsblur.network.APIResponse: 	at okhttp3.internal.http.RealInterceptorChain.proceed(RealInterceptorChain.java:142)
08-04 02:50:15.978 15256 21279 E baseline.com.newsblur.network.APIResponse: 	at okhttp3.internal.http.RealInterceptorChain.proceed(RealInterceptorChain.java:117)
08-04 02:50:15.978 15256 21279 E baseline.com.newsblur.network.APIResponse: 	at okhttp3.internal.cache.CacheInterceptor.intercept(CacheInterceptor.java:94)
08-04 02:50:15.978 15256 21279 E baseline.com.newsblur.network.APIResponse: 	at okhttp3.internal.http.RealInterceptorChain.proceed(RealInterceptorChain.java:142)
08-04 02:50:15.978 15256 21279 E baseline.com.newsblur.network.APIResponse: 	at okhttp3.internal.http.RealInterceptorChain.proceed(RealInterceptorChain.java:117)
08-04 02:50:15.978 15256 21279 E baseline.com.newsblur.network.APIResponse: 	at okhttp3.internal.http.BridgeInterceptor.intercept(BridgeInterceptor.java:93)
08-04 02:50:15.978 15256 21279 E baseline.com.newsblur.network.APIResponse: 	at okhttp3.internal.http.RealInterceptorChain.proceed(RealInterceptorChain.java:142)
08-04 02:50:15.978 15256 21279 E baseline.com.newsblur.network.APIResponse: 	at okhttp3.internal.http.RetryAndFollowUpInterceptor.intercept(RetryAndFollowUpInterceptor.java:88)
08-04 02:50:15.978 15256 21279 E baseline.com.newsblur.network.APIResponse: 	at okhttp3.internal.http.RealInterceptorChain.proceed(RealInterceptorChain.java:142)
08-04 02:50:15.978 15256 21279 E baseline.com.newsblur.network.APIResponse: 	at okhttp3.internal.http.RealInterceptorChain.proceed(RealInterceptorChain.java:117)
08-04 02:50:15.978 15256 21279 E baseline.com.newsblur.network.APIResponse: 	at okhttp3.RealCall.getResponseWithInterceptorChain(RealCall.java:229)
08-04 02:50:15.978 15256 21279 E baseline.com.newsblur.network.APIResponse: 	at okhttp3.RealCall.execute(RealCall.java:81)
08-04 02:50:15.978 15256 21279 E baseline.com.newsblur.network.APIResponse: 	at baseline.com.newsblur.network.APIResponse.<init>(APIResponse.java:57)
08-04 02:50:15.978 15256 21279 E baseline.com.newsblur.network.APIResponse: 	at baseline.com.newsblur.network.APIResponse.<init>(APIResponse.java:43)
08-04 02:50:15.978 15256 21279 E baseline.com.newsblur.network.APIResponse: 	at baseline.com.newsblur.network.APIManager.post_single(APIManager.java:702)
08-04 02:50:15.978 15256 21279 E baseline.com.newsblur.network.APIResponse: 	at baseline.com.newsblur.network.APIManager.post(APIManager.java:675)
08-04 02:50:15.978 15256 21279 E baseline.com.newsblur.network.APIResponse: 	at baseline.com.newsblur.network.APIManager.post(APIManager.java:714)
08-04 02:50:15.978 15256 21279 E baseline.com.newsblur.network.APIResponse: 	at baseline.com.newsblur.network.APIManager.markStoryAsRead(APIManager.java:205)
08-04 02:50:15.978 15256 21279 E baseline.com.newsblur.network.APIResponse: 	at baseline.com.newsblur.util.ReadingAction.doRemote(ReadingAction.java:281)
08-04 02:50:15.978 15256 21279 E baseline.com.newsblur.network.APIResponse: 	at baseline.com.newsblur.service.NBSyncService.syncActions(NBSyncService.java:400)
08-04 02:50:15.978 15256 21279 E baseline.com.newsblur.network.APIResponse: 	at baseline.com.newsblur.service.NBSyncService.doSync(NBSyncService.java:298)
08-04 02:50:15.978 15256 21279 E baseline.com.newsblur.network.APIResponse: 	at baseline.com.newsblur.service.NBSyncService.access$100(NBSyncService.java:67)
08-04 02:50:15.978 15256 21279 E baseline.com.newsblur.network.APIResponse: 	at baseline.com.newsblur.service.NBSyncService$1.run(NBSyncService.java:188)
08-04 02:50:15.978 15256 21279 E baseline.com.newsblur.network.APIResponse: 	at java.util.concurrent.ThreadPoolExecutor.runWorker(ThreadPoolExecutor.java:1113)
08-04 02:50:15.978 15256 21279 E baseline.com.newsblur.network.APIResponse: 	at java.util.concurrent.ThreadPoolExecutor$Worker.run(ThreadPoolExecutor.java:588)
08-04 02:50:15.978 15256 21279 E baseline.com.newsblur.network.APIResponse: 	at java.lang.Thread.run(Thread.java:818)
08-04 02:50:15.978 15256 21279 E baseline.com.newsblur.network.APIResponse: Caused by: java.io.EOFException: \n not found: limit=0 content=
08-04 02:50:15.978 15256 21279 E baseline.com.newsblur.network.APIResponse: 	at okio.RealBufferedSource.readUtf8LineStrict(RealBufferedSource.java:240)
08-04 02:50:15.978 15256 21279 E baseline.com.newsblur.network.APIResponse: 	at okhttp3.internal.http1.Http1ExchangeCodec.readHeaderLine(Http1ExchangeCodec.java:242)
08-04 02:50:15.978 15256 21279 E baseline.com.newsblur.network.APIResponse: 	at okhttp3.internal.http1.Http1ExchangeCodec.readResponseHeaders(Http1ExchangeCodec.java:213)
08-04 02:50:15.978 15256 21279 E baseline.com.newsblur.network.APIResponse: 	... 30 more
08-04 02:50:15.980 15256 21279 I baseline.com.newsblur.network.APIManager: API call failed, pausing before retry number 2
08-04 02:50:16.082 15256 20844 I art     : Starting a blocking GC Explicit
08-04 02:50:16.112 15256 20844 I art     : Explicit concurrent mark sweep GC freed 3947(357KB) AllocSpace objects, 3(60KB) LOS objects, 30% free, 36MB/52MB, paused 651us total 29.434ms
08-04 02:50:16.120 15256 20844 I art     : Starting a blocking GC Explicit
08-04 02:50:16.144 15256 20844 I art     : Explicit concurrent mark sweep GC freed 109(3KB) AllocSpace objects, 0(0B) LOS objects, 30% free, 36MB/52MB, paused 551us total 23.395ms
08-04 02:50:16.151 15256 20844 I art     : Starting a blocking GC Explicit
08-04 02:50:16.173 15256 20844 I art     : Explicit concurrent mark sweep GC freed 3(96B) AllocSpace objects, 0(0B) LOS objects, 30% free, 36MB/52MB, paused 651us total 22.181ms
08-04 02:50:16.180 15256 20844 I art     : Starting a blocking GC Explicit
08-04 02:50:16.202 15256 20844 I art     : Explicit concurrent mark sweep GC freed 3(96B) AllocSpace objects, 0(0B) LOS objects, 30% free, 36MB/52MB, paused 788us total 21.556ms
08-04 02:50:16.211 15256 20844 I art     : Starting a blocking GC Explicit
08-04 02:50:16.232 15256 20844 I art     : Explicit concurrent mark sweep GC freed 3(96B) AllocSpace objects, 0(0B) LOS objects, 30% free, 36MB/52MB, paused 548us total 21.042ms
08-04 02:50:16.546 15256 20845 I art     : Starting a blocking GC Explicit
08-04 02:50:16.573 15256 20845 I art     : Explicit concurrent mark sweep GC freed 1440(83KB) AllocSpace objects, 1(20KB) LOS objects, 30% free, 36MB/52MB, paused 658us total 26.735ms
08-04 02:50:16.582 15256 20845 I art     : Starting a blocking GC Explicit
08-04 02:50:16.605 15256 20845 I art     : Explicit concurrent mark sweep GC freed 22(784B) AllocSpace objects, 0(0B) LOS objects, 30% free, 36MB/52MB, paused 736us total 22.091ms
08-04 02:50:16.613 15256 20845 I art     : Starting a blocking GC Explicit
08-04 02:50:16.634 15256 20845 I art     : Explicit concurrent mark sweep GC freed 3(96B) AllocSpace objects, 0(0B) LOS objects, 30% free, 36MB/52MB, paused 598us total 21.195ms
08-04 02:50:16.643 15256 20845 I art     : Starting a blocking GC Explicit
08-04 02:50:16.664 15256 20845 I art     : Explicit concurrent mark sweep GC freed 3(96B) AllocSpace objects, 0(0B) LOS objects, 30% free, 36MB/52MB, paused 592us total 21.270ms
08-04 02:50:16.672 15256 20845 I art     : Starting a blocking GC Explicit
08-04 02:50:16.694 15256 20845 I art     : Explicit concurrent mark sweep GC freed 3(96B) AllocSpace objects, 0(0B) LOS objects, 30% free, 36MB/52MB, paused 552us total 21.673ms
08-04 02:50:16.845 13589 13589 I ServiceManager: Waiting for service AtCmdFwd...
08-04 02:50:17.011 15256 20844 I art     : Starting a blocking GC Explicit
08-04 02:50:17.038 15256 20844 I art     : Explicit concurrent mark sweep GC freed 1439(83KB) AllocSpace objects, 1(20KB) LOS objects, 30% free, 36MB/52MB, paused 803us total 26.187ms
08-04 02:50:17.048 15256 20844 I art     : Starting a blocking GC Explicit
08-04 02:50:17.074 15256 20844 I art     : Explicit concurrent mark sweep GC freed 22(784B) AllocSpace objects, 0(0B) LOS objects, 30% free, 36MB/52MB, paused 651us total 25.651ms
08-04 02:50:17.081 15256 20844 I art     : Starting a blocking GC Explicit
08-04 02:50:17.103 15256 20844 I art     : Explicit concurrent mark sweep GC freed 3(96B) AllocSpace objects, 0(0B) LOS objects, 30% free, 36MB/52MB, paused 632us total 21.778ms
08-04 02:50:17.111 15256 20844 I art     : Starting a blocking GC Explicit
08-04 02:50:17.133 15256 20844 I art     : Explicit concurrent mark sweep GC freed 3(96B) AllocSpace objects, 0(0B) LOS objects, 30% free, 36MB/52MB, paused 582us total 21.051ms
08-04 02:50:17.141 15256 20844 I art     : Starting a blocking GC Explicit
08-04 02:50:17.163 15256 20844 I art     : Explicit concurrent mark sweep GC freed 3(96B) AllocSpace objects, 0(0B) LOS objects, 30% free, 36MB/52MB, paused 541us total 22.048ms
08-04 02:50:17.482 15256 20844 I art     : Starting a blocking GC Explicit
08-04 02:50:17.510 15256 20844 I art     : Explicit concurrent mark sweep GC freed 1438(82KB) AllocSpace objects, 1(20KB) LOS objects, 30% free, 36MB/52MB, paused 819us total 27.626ms
08-04 02:50:17.518 15256 20844 I art     : Starting a blocking GC Explicit
08-04 02:50:17.543 15256 20844 I art     : Explicit concurrent mark sweep GC freed 22(784B) AllocSpace objects, 0(0B) LOS objects, 30% free, 36MB/52MB, paused 627us total 24.792ms
08-04 02:50:17.550 15256 20844 I art     : Starting a blocking GC Explicit
08-04 02:50:17.573 15256 20844 I art     : Explicit concurrent mark sweep GC freed 3(96B) AllocSpace objects, 0(0B) LOS objects, 30% free, 36MB/52MB, paused 653us total 22.431ms
08-04 02:50:17.581 15256 20844 I art     : Starting a blocking GC Explicit
08-04 02:50:17.595   518   646 I ThermalEngine: ACTION: GPU - Setting GPU[0] to 510000000
08-04 02:50:17.605 15256 20844 I art     : Explicit concurrent mark sweep GC freed 3(96B) AllocSpace objects, 0(0B) LOS objects, 30% free, 36MB/52MB, paused 803us total 24.078ms
08-04 02:50:17.615 15256 20844 I art     : Starting a blocking GC Explicit
08-04 02:50:17.643 15256 20844 I art     : Explicit concurrent mark sweep GC freed 3(96B) AllocSpace objects, 0(0B) LOS objects, 30% free, 36MB/52MB, paused 854us total 27.426ms
08-04 02:50:17.846 13589 13589 I ServiceManager: Waiting for service AtCmdFwd...
08-04 02:50:17.974 15256 15269 I art     : Starting a blocking GC Explicit
08-04 02:50:18.005 15256 15269 I art     : Explicit concurrent mark sweep GC freed 1438(82KB) AllocSpace objects, 1(20KB) LOS objects, 30% free, 36MB/52MB, paused 889us total 30.572ms
08-04 02:50:18.016 15256 15269 I art     : Starting a blocking GC Explicit
08-04 02:50:18.047 15256 15269 I art     : Explicit concurrent mark sweep GC freed 22(784B) AllocSpace objects, 0(0B) LOS objects, 30% free, 36MB/52MB, paused 874us total 30.310ms
08-04 02:50:18.056 15256 15269 I art     : Starting a blocking GC Explicit
08-04 02:50:18.083 15256 15269 I art     : Explicit concurrent mark sweep GC freed 3(96B) AllocSpace objects, 0(0B) LOS objects, 30% free, 36MB/52MB, paused 756us total 26.218ms
08-04 02:50:18.093 15256 15269 I art     : Starting a blocking GC Explicit
08-04 02:50:18.121 15256 15269 I art     : Explicit concurrent mark sweep GC freed 3(96B) AllocSpace objects, 0(0B) LOS objects, 30% free, 36MB/52MB, paused 818us total 28.310ms
08-04 02:50:18.131 15256 15269 I art     : Starting a blocking GC Explicit
08-04 02:50:18.159 15256 15269 I art     : Explicit concurrent mark sweep GC freed 3(96B) AllocSpace objects, 0(0B) LOS objects, 30% free, 36MB/52MB, paused 911us total 27.374ms
08-04 02:50:18.501 15256 15269 I art     : Starting a blocking GC Explicit
08-04 02:50:18.534 15256 15269 I art     : Explicit concurrent mark sweep GC freed 1438(82KB) AllocSpace objects, 1(20KB) LOS objects, 30% free, 36MB/52MB, paused 768us total 32.465ms
08-04 02:50:18.545 15256 15269 I art     : Starting a blocking GC Explicit
08-04 02:50:18.573 15256 15269 I art     : Explicit concurrent mark sweep GC freed 22(784B) AllocSpace objects, 0(0B) LOS objects, 30% free, 36MB/52MB, paused 832us total 26.999ms
08-04 02:50:18.583 15256 15269 I art     : Starting a blocking GC Explicit
08-04 02:50:18.610 15256 15269 I art     : Explicit concurrent mark sweep GC freed 3(96B) AllocSpace objects, 0(0B) LOS objects, 30% free, 36MB/52MB, paused 822us total 27.093ms
08-04 02:50:18.619 15256 15269 I art     : Starting a blocking GC Explicit
08-04 02:50:18.646 15256 15269 I art     : Explicit concurrent mark sweep GC freed 3(96B) AllocSpace objects, 0(0B) LOS objects, 30% free, 36MB/52MB, paused 800us total 27.389ms
08-04 02:50:18.655 15256 15269 I art     : Starting a blocking GC Explicit
08-04 02:50:18.684 15256 15269 I art     : Explicit concurrent mark sweep GC freed 3(96B) AllocSpace objects, 0(0B) LOS objects, 30% free, 36MB/52MB, paused 798us total 28.093ms
08-04 02:50:18.847 13589 13589 I ServiceManager: Waiting for service AtCmdFwd...
08-04 02:50:19.013 15256 15269 I art     : Starting a blocking GC Explicit
08-04 02:50:19.042 15256 15269 I art     : Explicit concurrent mark sweep GC freed 1529(86KB) AllocSpace objects, 1(20KB) LOS objects, 30% free, 36MB/52MB, paused 928us total 28.653ms
08-04 02:50:19.051 15256 15269 I art     : Starting a blocking GC Explicit
08-04 02:50:19.079 15256 15269 I art     : Explicit concurrent mark sweep GC freed 28(1040B) AllocSpace objects, 0(0B) LOS objects, 30% free, 36MB/52MB, paused 879us total 27.848ms
08-04 02:50:19.088 15256 15269 I art     : Starting a blocking GC Explicit
08-04 02:50:19.115 15256 15269 I art     : Explicit concurrent mark sweep GC freed 38(1808B) AllocSpace objects, 0(0B) LOS objects, 30% free, 36MB/52MB, paused 850us total 27.128ms
08-04 02:50:19.125 15256 15269 I art     : Starting a blocking GC Explicit
08-04 02:50:19.151 15256 15269 I art     : Explicit concurrent mark sweep GC freed 42(3KB) AllocSpace objects, 0(0B) LOS objects, 30% free, 36MB/52MB, paused 797us total 26.150ms
08-04 02:50:19.161 15256 15269 I art     : Starting a blocking GC Explicit
08-04 02:50:19.188 15256 15269 I art     : Explicit concurrent mark sweep GC freed 3(96B) AllocSpace objects, 0(0B) LOS objects, 30% free, 36MB/52MB, paused 933us total 26.538ms
08-04 02:50:19.514 15256 15269 I art     : Starting a blocking GC Explicit
08-04 02:50:19.548 15256 15269 I art     : Explicit concurrent mark sweep GC freed 3019(145KB) AllocSpace objects, 1(20KB) LOS objects, 30% free, 36MB/52MB, paused 1.246ms total 33.392ms
08-04 02:50:19.558 15256 15269 I art     : Starting a blocking GC Explicit
08-04 02:50:19.564 15256 21279 E baseline.com.newsblur.network.APIResponse: Error (unexpected end of stream on https://www.newsblur.com/...) calling https://www.newsblur.com/reader/mark_story_hashes_as_read/
08-04 02:50:19.564 15256 21279 E baseline.com.newsblur.network.APIResponse: java.io.IOException: unexpected end of stream on https://www.newsblur.com/...
08-04 02:50:19.564 15256 21279 E baseline.com.newsblur.network.APIResponse: 	at okhttp3.internal.http1.Http1ExchangeCodec.readResponseHeaders(Http1ExchangeCodec.java:236)
08-04 02:50:19.564 15256 21279 E baseline.com.newsblur.network.APIResponse: 	at okhttp3.internal.connection.Exchange.readResponseHeaders(Exchange.java:115)
08-04 02:50:19.564 15256 21279 E baseline.com.newsblur.network.APIResponse: 	at okhttp3.internal.http.CallServerInterceptor.intercept(CallServerInterceptor.java:94)
08-04 02:50:19.564 15256 21279 E baseline.com.newsblur.network.APIResponse: 	at okhttp3.internal.http.RealInterceptorChain.proceed(RealInterceptorChain.java:142)
08-04 02:50:19.564 15256 21279 E baseline.com.newsblur.network.APIResponse: 	at okhttp3.internal.connection.ConnectInterceptor.intercept(ConnectInterceptor.java:43)
08-04 02:50:19.564 15256 21279 E baseline.com.newsblur.network.APIResponse: 	at okhttp3.internal.http.RealInterceptorChain.proceed(RealInterceptorChain.java:142)
08-04 02:50:19.564 15256 21279 E baseline.com.newsblur.network.APIResponse: 	at okhttp3.internal.http.RealInterceptorChain.proceed(RealInterceptorChain.java:117)
08-04 02:50:19.564 15256 21279 E baseline.com.newsblur.network.APIResponse: 	at okhttp3.internal.cache.CacheInterceptor.intercept(CacheInterceptor.java:94)
08-04 02:50:19.564 15256 21279 E baseline.com.newsblur.network.APIResponse: 	at okhttp3.internal.http.RealInterceptorChain.proceed(RealInterceptorChain.java:142)
08-04 02:50:19.564 15256 21279 E baseline.com.newsblur.network.APIResponse: 	at okhttp3.internal.http.RealInterceptorChain.proceed(RealInterceptorChain.java:117)
08-04 02:50:19.564 15256 21279 E baseline.com.newsblur.network.APIResponse: 	at okhttp3.internal.http.BridgeInterceptor.intercept(BridgeInterceptor.java:93)
08-04 02:50:19.564 15256 21279 E baseline.com.newsblur.network.APIResponse: 	at okhttp3.internal.http.RealInterceptorChain.proceed(RealInterceptorChain.java:142)
08-04 02:50:19.564 15256 21279 E baseline.com.newsblur.network.APIResponse: 	at okhttp3.internal.http.RetryAndFollowUpInterceptor.intercept(RetryAndFollowUpInterceptor.java:88)
08-04 02:50:19.564 15256 21279 E baseline.com.newsblur.network.APIResponse: 	at okhttp3.internal.http.RealInterceptorChain.proceed(RealInterceptorChain.java:142)
08-04 02:50:19.564 15256 21279 E baseline.com.newsblur.network.APIResponse: 	at okhttp3.internal.http.RealInterceptorChain.proceed(RealInterceptorChain.java:117)
08-04 02:50:19.564 15256 21279 E baseline.com.newsblur.network.APIResponse: 	at okhttp3.RealCall.getResponseWithInterceptorChain(RealCall.java:229)
08-04 02:50:19.564 15256 21279 E baseline.com.newsblur.network.APIResponse: 	at okhttp3.RealCall.execute(RealCall.java:81)
08-04 02:50:19.564 15256 21279 E baseline.com.newsblur.network.APIResponse: 	at baseline.com.newsblur.network.APIResponse.<init>(APIResponse.java:57)
08-04 02:50:19.564 15256 21279 E baseline.com.newsblur.network.APIResponse: 	at baseline.com.newsblur.network.APIResponse.<init>(APIResponse.java:43)
08-04 02:50:19.564 15256 21279 E baseline.com.newsblur.network.APIResponse: 	at baseline.com.newsblur.network.APIManager.post_single(APIManager.java:702)
08-04 02:50:19.564 15256 21279 E baseline.com.newsblur.network.APIResponse: 	at baseline.com.newsblur.network.APIManager.post(APIManager.java:675)
08-04 02:50:19.564 15256 21279 E baseline.com.newsblur.network.APIResponse: 	at baseline.com.newsblur.network.APIManager.post(APIManager.java:714)
08-04 02:50:19.564 15256 21279 E baseline.com.newsblur.network.APIResponse: 	at baseline.com.newsblur.network.APIManager.markStoryAsRead(APIManager.java:205)
08-04 02:50:19.564 15256 21279 E baseline.com.newsblur.network.APIResponse: 	at baseline.com.newsblur.util.ReadingAction.doRemote(ReadingAction.java:281)
08-04 02:50:19.564 15256 21279 E baseline.com.newsblur.network.APIResponse: 	at baseline.com.newsblur.service.NBSyncService.syncActions(NBSyncService.java:400)
08-04 02:50:19.564 15256 21279 E baseline.com.newsblur.network.APIResponse: 	at baseline.com.newsblur.service.NBSyncService.doSync(NBSyncService.java:298)
08-04 02:50:19.564 15256 21279 E baseline.com.newsblur.network.APIResponse: 	at baseline.com.newsblur.service.NBSyncService.access$100(NBSyncService.java:67)
08-04 02:50:19.564 15256 21279 E baseline.com.newsblur.network.APIResponse: 	at baseline.com.newsblur.service.NBSyncService$1.run(NBSyncService.java:188)
08-04 02:50:19.564 15256 21279 E baseline.com.newsblur.network.APIResponse: 	at java.util.concurrent.ThreadPoolExecutor.runWorker(ThreadPoolExecutor.java:1113)
08-04 02:50:19.564 15256 21279 E baseline.com.newsblur.network.APIResponse: 	at java.util.concurrent.ThreadPoolExecutor$Worker.run(ThreadPoolExecutor.java:588)
08-04 02:50:19.564 15256 21279 E baseline.com.newsblur.network.APIResponse: 	at java.lang.Thread.run(Thread.java:818)
08-04 02:50:19.564 15256 21279 E baseline.com.newsblur.network.APIResponse: Caused by: java.io.EOFException: \n not found: limit=0 content=
08-04 02:50:19.564 15256 21279 E baseline.com.newsblur.network.APIResponse: 	at okio.RealBufferedSource.readUtf8LineStrict(RealBufferedSource.java:240)
08-04 02:50:19.564 15256 21279 E baseline.com.newsblur.network.APIResponse: 	at okhttp3.internal.http1.Http1ExchangeCodec.readHeaderLine(Http1ExchangeCodec.java:242)
08-04 02:50:19.564 15256 21279 E baseline.com.newsblur.network.APIResponse: 	at okhttp3.internal.http1.Http1ExchangeCodec.readResponseHeaders(Http1ExchangeCodec.java:213)
08-04 02:50:19.564 15256 21279 E baseline.com.newsblur.network.APIResponse: 	... 30 more
08-04 02:50:19.565 15256 21279 I baseline.com.newsblur.service.NBSyncService: Holding reading action with server-side or network error.
08-04 02:50:19.584 15256 21279 W baseline.com.newsblur.service.NBSyncService: hard API failure
08-04 02:50:19.586 15256 15269 I art     : Explicit concurrent mark sweep GC freed 702(185KB) AllocSpace objects, 2(40KB) LOS objects, 30% free, 36MB/52MB, paused 884us total 28.157ms
08-04 02:50:19.597 15256 15269 I art     : Starting a blocking GC Explicit
08-04 02:50:19.623 15256 15269 I art     : Explicit concurrent mark sweep GC freed 1260(235KB) AllocSpace objects, 13(260KB) LOS objects, 30% free, 36MB/52MB, paused 811us total 25.690ms
08-04 02:50:19.631 15256 15269 I art     : Starting a blocking GC Explicit
08-04 02:50:19.656 15256 15269 I art     : Explicit concurrent mark sweep GC freed 246(10KB) AllocSpace objects, 0(0B) LOS objects, 30% free, 36MB/52MB, paused 808us total 24.054ms
08-04 02:50:19.664 15256 15269 I art     : Starting a blocking GC Explicit
08-04 02:50:19.690 15256 15269 I art     : Explicit concurrent mark sweep GC freed 307(10KB) AllocSpace objects, 0(0B) LOS objects, 30% free, 36MB/52MB, paused 806us total 25.600ms
08-04 02:50:19.848 13589 13589 I ServiceManager: Waiting for service AtCmdFwd...
08-04 02:50:20.054 15256 20845 I art     : Starting a blocking GC Explicit
08-04 02:50:20.084 15256 20845 I art     : Explicit concurrent mark sweep GC freed 1401(80KB) AllocSpace objects, 1(20KB) LOS objects, 30% free, 36MB/52MB, paused 795us total 29.366ms
08-04 02:50:20.093 15256 20845 I art     : Starting a blocking GC Explicit
08-04 02:50:20.119 15256 20845 I art     : Explicit concurrent mark sweep GC freed 20(704B) AllocSpace objects, 0(0B) LOS objects, 30% free, 36MB/52MB, paused 816us total 26.448ms
08-04 02:50:20.128 15256 20845 I art     : Starting a blocking GC Explicit
08-04 02:50:20.155 15256 20845 I art     : Explicit concurrent mark sweep GC freed 3(96B) AllocSpace objects, 0(0B) LOS objects, 30% free, 36MB/52MB, paused 811us total 26.346ms
08-04 02:50:20.164 15256 20845 I art     : Starting a blocking GC Explicit
08-04 02:50:20.191 15256 20845 I art     : Explicit concurrent mark sweep GC freed 3(96B) AllocSpace objects, 0(0B) LOS objects, 30% free, 36MB/52MB, paused 785us total 27.318ms
08-04 02:50:20.200 15256 20845 I art     : Starting a blocking GC Explicit
08-04 02:50:20.228 15256 20845 I art     : Explicit concurrent mark sweep GC freed 3(96B) AllocSpace objects, 0(0B) LOS objects, 30% free, 36MB/52MB, paused 838us total 27.350ms
08-04 02:50:20.564 15256 20844 I art     : Starting a blocking GC Explicit
08-04 02:50:20.594 15256 20844 I art     : Explicit concurrent mark sweep GC freed 1398(80KB) AllocSpace objects, 1(20KB) LOS objects, 30% free, 36MB/52MB, paused 853us total 30.090ms
08-04 02:50:20.606 15256 20844 I art     : Starting a blocking GC Explicit
08-04 02:50:20.634 15256 20844 I art     : Explicit concurrent mark sweep GC freed 20(704B) AllocSpace objects, 0(0B) LOS objects, 30% free, 36MB/52MB, paused 805us total 27.882ms
08-04 02:50:20.643 15256 20844 I art     : Starting a blocking GC Explicit
08-04 02:50:20.671 15256 20844 I art     : Explicit concurrent mark sweep GC freed 3(96B) AllocSpace objects, 0(0B) LOS objects, 30% free, 36MB/52MB, paused 818us total 27.004ms
08-04 02:50:20.680 15256 20844 I art     : Starting a blocking GC Explicit
08-04 02:50:20.708 15256 20844 I art     : Explicit concurrent mark sweep GC freed 3(96B) AllocSpace objects, 0(0B) LOS objects, 30% free, 36MB/52MB, paused 931us total 27.316ms
08-04 02:50:20.717 15256 20844 I art     : Starting a blocking GC Explicit
08-04 02:50:20.745 15256 20844 I art     : Explicit concurrent mark sweep GC freed 3(96B) AllocSpace objects, 0(0B) LOS objects, 30% free, 36MB/52MB, paused 795us total 27.663ms
08-04 02:50:20.848 13589 13589 I ServiceManager: Waiting for service AtCmdFwd...
08-04 02:50:21.073 15256 15272 I art     : Starting a blocking GC Explicit
08-04 02:50:21.103 15256 15272 I art     : Explicit concurrent mark sweep GC freed 1398(80KB) AllocSpace objects, 1(20KB) LOS objects, 30% free, 36MB/52MB, paused 863us total 29.703ms
08-04 02:50:21.114 15256 15272 I art     : Starting a blocking GC Explicit
08-04 02:50:21.141 15256 15272 I art     : Explicit concurrent mark sweep GC freed 20(704B) AllocSpace objects, 0(0B) LOS objects, 30% free, 36MB/52MB, paused 824us total 26.751ms
08-04 02:50:21.141 15256 15268 I art     : WaitForGcToComplete blocked for 27.017ms for cause HeapTrim
08-04 02:50:21.150 15256 15272 I art     : Starting a blocking GC Explicit
08-04 02:50:21.176 15256 15272 I art     : Explicit concurrent mark sweep GC freed 3(96B) AllocSpace objects, 0(0B) LOS objects, 30% free, 36MB/52MB, paused 894us total 26.118ms
08-04 02:50:21.185 15256 15272 I art     : Starting a blocking GC Explicit
08-04 02:50:21.212 15256 15272 I art     : Explicit concurrent mark sweep GC freed 3(96B) AllocSpace objects, 0(0B) LOS objects, 30% free, 36MB/52MB, paused 799us total 26.876ms
08-04 02:50:21.222 15256 15272 I art     : Starting a blocking GC Explicit
08-04 02:50:21.249 15256 15272 I art     : Explicit concurrent mark sweep GC freed 3(96B) AllocSpace objects, 0(0B) LOS objects, 30% free, 36MB/52MB, paused 818us total 27.405ms
08-04 02:50:21.595 15256 15269 I art     : Starting a blocking GC Explicit
08-04 02:50:21.625 15256 15269 I art     : Explicit concurrent mark sweep GC freed 1398(80KB) AllocSpace objects, 1(20KB) LOS objects, 30% free, 36MB/52MB, paused 835us total 29.775ms
08-04 02:50:21.638 15256 15269 I art     : Starting a blocking GC Explicit
08-04 02:50:21.664 15256 15269 I art     : Explicit concurrent mark sweep GC freed 20(704B) AllocSpace objects, 0(0B) LOS objects, 30% free, 36MB/52MB, paused 804us total 25.523ms
08-04 02:50:21.672 15256 15269 I art     : Starting a blocking GC Explicit
08-04 02:50:21.699 15256 15269 I art     : Explicit concurrent mark sweep GC freed 3(96B) AllocSpace objects, 0(0B) LOS objects, 30% free, 36MB/52MB, paused 808us total 26.652ms
08-04 02:50:21.708 15256 15269 I art     : Starting a blocking GC Explicit
08-04 02:50:21.736 15256 15269 I art     : Explicit concurrent mark sweep GC freed 3(96B) AllocSpace objects, 0(0B) LOS objects, 30% free, 36MB/52MB, paused 818us total 27.037ms
08-04 02:50:21.745 15256 15269 I art     : Starting a blocking GC Explicit
08-04 02:50:21.773 15256 15269 I art     : Explicit concurrent mark sweep GC freed 3(96B) AllocSpace objects, 0(0B) LOS objects, 30% free, 36MB/52MB, paused 803us total 27.398ms
08-04 02:50:21.849 13589 13589 W Atfwd_Sendcmd: AtCmdFwd service not published, waiting... retryCnt : 1
08-04 02:50:22.123 15256 20845 I art     : Starting a blocking GC Explicit
08-04 02:50:22.153 15256 20845 I art     : Explicit concurrent mark sweep GC freed 1398(80KB) AllocSpace objects, 1(20KB) LOS objects, 30% free, 36MB/52MB, paused 784us total 29.809ms
08-04 02:50:22.165 15256 20845 I art     : Starting a blocking GC Explicit
08-04 02:50:22.192 15256 20845 I art     : Explicit concurrent mark sweep GC freed 20(704B) AllocSpace objects, 0(0B) LOS objects, 30% free, 36MB/52MB, paused 837us total 27.391ms
08-04 02:50:22.202 15256 20845 I art     : Starting a blocking GC Explicit
08-04 02:50:22.229 15256 20845 I art     : Explicit concurrent mark sweep GC freed 3(96B) AllocSpace objects, 0(0B) LOS objects, 30% free, 36MB/52MB, paused 799us total 26.893ms
08-04 02:50:22.239 15256 20845 I art     : Starting a blocking GC Explicit
08-04 02:50:22.266 15256 20845 I art     : Explicit concurrent mark sweep GC freed 3(96B) AllocSpace objects, 0(0B) LOS objects, 30% free, 36MB/52MB, paused 820us total 27.083ms
08-04 02:50:22.275 15256 20845 I art     : Starting a blocking GC Explicit
08-04 02:50:22.303 15256 20845 I art     : Explicit concurrent mark sweep GC freed 3(96B) AllocSpace objects, 0(0B) LOS objects, 30% free, 36MB/52MB, paused 809us total 27.332ms
08-04 02:50:22.654 15256 20844 I art     : Starting a blocking GC Explicit
08-04 02:50:22.684 15256 20844 I art     : Explicit concurrent mark sweep GC freed 1398(80KB) AllocSpace objects, 1(20KB) LOS objects, 30% free, 36MB/52MB, paused 841us total 29.506ms
08-04 02:50:22.695 15256 20844 I art     : Starting a blocking GC Explicit
08-04 02:50:22.722 15256 20844 I art     : Explicit concurrent mark sweep GC freed 20(704B) AllocSpace objects, 0(0B) LOS objects, 30% free, 36MB/52MB, paused 806us total 26.571ms
08-04 02:50:22.731 15256 20844 I art     : Starting a blocking GC Explicit
08-04 02:50:22.758 15256 20844 I art     : Explicit concurrent mark sweep GC freed 3(96B) AllocSpace objects, 0(0B) LOS objects, 30% free, 36MB/52MB, paused 842us total 26.522ms
08-04 02:50:22.767 15256 20844 I art     : Starting a blocking GC Explicit
08-04 02:50:22.794 15256 20844 I art     : Explicit concurrent mark sweep GC freed 3(96B) AllocSpace objects, 0(0B) LOS objects, 30% free, 36MB/52MB, paused 798us total 26.752ms
08-04 02:50:22.803 15256 20844 I art     : Starting a blocking GC Explicit
08-04 02:50:22.829 15256 20844 I art     : Explicit concurrent mark sweep GC freed 3(96B) AllocSpace objects, 0(0B) LOS objects, 30% free, 36MB/52MB, paused 839us total 26.205ms
08-04 02:50:23.172 15256 15272 I art     : Starting a blocking GC Explicit
08-04 02:50:23.202 15256 15272 I art     : Explicit concurrent mark sweep GC freed 1398(80KB) AllocSpace objects, 1(20KB) LOS objects, 30% free, 36MB/52MB, paused 846us total 28.878ms
08-04 02:50:23.211 15256 15272 I art     : Starting a blocking GC Explicit
08-04 02:50:23.238 15256 15272 I art     : Explicit concurrent mark sweep GC freed 20(704B) AllocSpace objects, 0(0B) LOS objects, 30% free, 36MB/52MB, paused 865us total 27.292ms
08-04 02:50:23.248 15256 15272 I art     : Starting a blocking GC Explicit
08-04 02:50:23.275 15256 15272 I art     : Explicit concurrent mark sweep GC freed 3(96B) AllocSpace objects, 0(0B) LOS objects, 30% free, 36MB/52MB, paused 854us total 27.222ms
08-04 02:50:23.285 15256 15272 I art     : Starting a blocking GC Explicit
08-04 02:50:23.312 15256 15272 I art     : Explicit concurrent mark sweep GC freed 3(96B) AllocSpace objects, 0(0B) LOS objects, 30% free, 36MB/52MB, paused 811us total 27.199ms
08-04 02:50:23.322 15256 15272 I art     : Starting a blocking GC Explicit
08-04 02:50:23.350 15256 15272 I art     : Explicit concurrent mark sweep GC freed 3(96B) AllocSpace objects, 0(0B) LOS objects, 30% free, 36MB/52MB, paused 842us total 27.833ms
08-04 02:50:23.603   518   646 I ThermalEngine: ACTION: GPU - Setting GPU[0] to 600000000
08-04 02:50:23.693 15256 15269 I art     : Starting a blocking GC Explicit
08-04 02:50:23.717 15256 15269 I art     : Explicit concurrent mark sweep GC freed 1417(81KB) AllocSpace objects, 1(20KB) LOS objects, 30% free, 36MB/52MB, paused 613us total 23.125ms
08-04 02:50:23.724 15256 15269 I art     : Starting a blocking GC Explicit
08-04 02:50:23.746 15256 15269 I art     : Explicit concurrent mark sweep GC freed 26(928B) AllocSpace objects, 0(0B) LOS objects, 30% free, 36MB/52MB, paused 614us total 21.831ms
08-04 02:50:23.753 15256 15269 I art     : Starting a blocking GC Explicit
08-04 02:50:23.774 15256 15269 I art     : Explicit concurrent mark sweep GC freed 3(96B) AllocSpace objects, 0(0B) LOS objects, 30% free, 36MB/52MB, paused 583us total 21.256ms
08-04 02:50:23.782 15256 15269 I art     : Starting a blocking GC Explicit
08-04 02:50:23.804 15256 15269 I art     : Explicit concurrent mark sweep GC freed 3(96B) AllocSpace objects, 0(0B) LOS objects, 30% free, 36MB/52MB, paused 602us total 21.779ms
08-04 02:50:23.811 15256 15269 I art     : Starting a blocking GC Explicit
08-04 02:50:23.833 15256 15269 I art     : Explicit concurrent mark sweep GC freed 3(96B) AllocSpace objects, 0(0B) LOS objects, 30% free, 36MB/52MB, paused 627us total 21.811ms
08-04 02:50:24.175 15256 20845 I art     : Starting a blocking GC Explicit
08-04 02:50:24.201 15256 20845 I art     : Explicit concurrent mark sweep GC freed 1398(80KB) AllocSpace objects, 1(20KB) LOS objects, 30% free, 36MB/52MB, paused 622us total 25.078ms
08-04 02:50:24.209 15256 20845 I art     : Starting a blocking GC Explicit
08-04 02:50:24.232 15256 20845 I art     : Explicit concurrent mark sweep GC freed 20(704B) AllocSpace objects, 0(0B) LOS objects, 30% free, 36MB/52MB, paused 573us total 22.846ms
08-04 02:50:24.239 15256 20845 I art     : Starting a blocking GC Explicit
08-04 02:50:24.261 15256 20845 I art     : Explicit concurrent mark sweep GC freed 3(96B) AllocSpace objects, 0(0B) LOS objects, 30% free, 36MB/52MB, paused 568us total 22.054ms
08-04 02:50:24.269 15256 20845 I art     : Starting a blocking GC Explicit
08-04 02:50:24.291 15256 20845 I art     : Explicit concurrent mark sweep GC freed 3(96B) AllocSpace objects, 0(0B) LOS objects, 30% free, 36MB/52MB, paused 692us total 22.179ms
08-04 02:50:24.299 15256 20845 I art     : Starting a blocking GC Explicit
08-04 02:50:24.321 15256 20845 I art     : Explicit concurrent mark sweep GC freed 3(96B) AllocSpace objects, 0(0B) LOS objects, 30% free, 36MB/52MB, paused 609us total 21.830ms
08-04 02:50:24.649 15256 20844 I art     : Starting a blocking GC Explicit
08-04 02:50:24.674 15256 20844 I art     : Explicit concurrent mark sweep GC freed 1398(80KB) AllocSpace objects, 1(20KB) LOS objects, 30% free, 36MB/52MB, paused 625us total 24.797ms
08-04 02:50:24.684 15256 20844 I art     : Starting a blocking GC Explicit
08-04 02:50:24.706 15256 20844 I art     : Explicit concurrent mark sweep GC freed 20(704B) AllocSpace objects, 0(0B) LOS objects, 30% free, 36MB/52MB, paused 596us total 21.640ms
08-04 02:50:24.713 15256 20844 I art     : Starting a blocking GC Explicit
08-04 02:50:24.735 15256 20844 I art     : Explicit concurrent mark sweep GC freed 3(96B) AllocSpace objects, 0(0B) LOS objects, 30% free, 36MB/52MB, paused 587us total 21.252ms
08-04 02:50:24.742 15256 20844 I art     : Starting a blocking GC Explicit
08-04 02:50:24.762 15256 20844 I art     : Explicit concurrent mark sweep GC freed 3(96B) AllocSpace objects, 0(0B) LOS objects, 30% free, 36MB/52MB, paused 575us total 20.518ms
08-04 02:50:24.769 15256 20844 I art     : Starting a blocking GC Explicit
08-04 02:50:24.791 15256 20844 I art     : Explicit concurrent mark sweep GC freed 3(96B) AllocSpace objects, 0(0B) LOS objects, 30% free, 36MB/52MB, paused 607us total 21.941ms
08-04 02:50:25.120 15256 15272 I art     : Starting a blocking GC Explicit
08-04 02:50:25.146 15256 15272 I art     : Explicit concurrent mark sweep GC freed 1398(80KB) AllocSpace objects, 1(20KB) LOS objects, 30% free, 36MB/52MB, paused 622us total 24.695ms
08-04 02:50:25.156 15256 15272 I art     : Starting a blocking GC Explicit
08-04 02:50:25.177 15256 15272 I art     : Explicit concurrent mark sweep GC freed 20(704B) AllocSpace objects, 0(0B) LOS objects, 30% free, 36MB/52MB, paused 644us total 21.193ms
08-04 02:50:25.184 15256 15272 I art     : Starting a blocking GC Explicit
08-04 02:50:25.206 15256 15272 I art     : Explicit concurrent mark sweep GC freed 3(96B) AllocSpace objects, 0(0B) LOS objects, 30% free, 36MB/52MB, paused 597us total 21.478ms
08-04 02:50:25.213 15256 15272 I art     : Starting a blocking GC Explicit
08-04 02:50:25.234 15256 15272 I art     : Explicit concurrent mark sweep GC freed 3(96B) AllocSpace objects, 0(0B) LOS objects, 30% free, 36MB/52MB, paused 552us total 20.369ms
08-04 02:50:25.241 15256 15272 I art     : Starting a blocking GC Explicit
08-04 02:50:25.261 15256 15272 I art     : Explicit concurrent mark sweep GC freed 3(96B) AllocSpace objects, 0(0B) LOS objects, 30% free, 36MB/52MB, paused 573us total 20.268ms
08-04 02:50:25.521 15256 15269 I art     : Starting a blocking GC Explicit
08-04 02:50:25.543 15256 15269 I art     : Explicit concurrent mark sweep GC freed 1398(80KB) AllocSpace objects, 1(20KB) LOS objects, 30% free, 36MB/52MB, paused 648us total 22.379ms
08-04 02:50:25.547 21533 21533 D AndroidRuntime: >>>>>> START com.android.internal.os.RuntimeInit uid 2000 <<<<<<
08-04 02:50:25.551 21533 21533 D AndroidRuntime: CheckJNI is OFF
08-04 02:50:25.551 15256 15269 I art     : Starting a blocking GC Explicit
08-04 02:50:25.573 15256 15269 I art     : Explicit concurrent mark sweep GC freed 20(704B) AllocSpace objects, 0(0B) LOS objects, 30% free, 36MB/52MB, paused 615us total 21.225ms
08-04 02:50:25.579 21533 21533 D ICU     : No timezone override file found: /data/misc/zoneinfo/current/icu/icu_tzdata.dat
08-04 02:50:25.580 15256 15269 I art     : Starting a blocking GC Explicit
08-04 02:50:25.601 15256 15269 I art     : Explicit concurrent mark sweep GC freed 3(96B) AllocSpace objects, 0(0B) LOS objects, 30% free, 36MB/52MB, paused 631us total 20.499ms
08-04 02:50:25.604 21533 21533 I Radio-JNI: register_android_hardware_Radio DONE
08-04 02:50:25.607 15256 15269 I art     : Starting a blocking GC Explicit
08-04 02:50:25.620 21533 21533 D AndroidRuntime: Calling main entry com.android.commands.input.Input
08-04 02:50:25.621 21533 21533 I Input   : injectKeyEvent: KeyEvent { action=ACTION_DOWN, keyCode=KEYCODE_BACK, scanCode=0, metaState=0, flags=0x0, repeatCount=0, eventTime=672642034, downTime=672642034, deviceId=-1, source=0x101 }
08-04 02:50:25.628 15256 15269 I art     : Explicit concurrent mark sweep GC freed 3(96B) AllocSpace objects, 0(0B) LOS objects, 30% free, 36MB/52MB, paused 825us total 20.253ms
08-04 02:50:25.628 21533 21533 I Input   : injectKeyEvent: KeyEvent { action=ACTION_UP, keyCode=KEYCODE_BACK, scanCode=0, metaState=0, flags=0x0, repeatCount=0, eventTime=672642034, downTime=672642034, deviceId=-1, source=0x101 }
08-04 02:50:25.633 21533 21533 D AndroidRuntime: Shutting down VM
08-04 02:50:25.634 15256 15269 I art     : Starting a blocking GC Explicit
08-04 02:50:25.655 15256 15269 I art     : Explicit concurrent mark sweep GC freed 205(25KB) AllocSpace objects, 2(40KB) LOS objects, 30% free, 36MB/52MB, paused 639us total 20.370ms
08-04 02:50:25.722 13866 13866 I GoogleInputMethodServic: GoogleInputMethodService.onFinishInput():3138 
08-04 02:50:25.723 13866 13866 I GoogleInputMethodServic: GoogleInputMethodService.onStartInput():1808 
08-04 02:50:25.908 15256 15269 I art     : Starting a blocking GC Explicit
08-04 02:50:25.938 15256 15269 I art     : Explicit concurrent mark sweep GC freed 4384(339KB) AllocSpace objects, 9(188KB) LOS objects, 30% free, 36MB/52MB, paused 677us total 30.382ms
08-04 02:50:25.949 15256 15269 I art     : Starting a blocking GC Explicit
08-04 02:50:25.980 15256 15269 I art     : Explicit concurrent mark sweep GC freed 251(11KB) AllocSpace objects, 0(0B) LOS objects, 30% free, 36MB/52MB, paused 704us total 30.907ms
08-04 02:50:25.990 15256 15269 I art     : Starting a blocking GC Explicit
08-04 02:50:26.019 15256 15269 I art     : Explicit concurrent mark sweep GC freed 3(96B) AllocSpace objects, 0(0B) LOS objects, 30% free, 36MB/52MB, paused 892us total 28.378ms
08-04 02:50:26.028 15256 15269 I art     : Starting a blocking GC Explicit
08-04 02:50:26.053 15256 15269 I art     : Explicit concurrent mark sweep GC freed 1233(55KB) AllocSpace objects, 0(0B) LOS objects, 30% free, 36MB/52MB, paused 806us total 25.173ms
08-04 02:50:26.061 15256 15269 I art     : Starting a blocking GC Explicit
08-04 02:50:26.082 15256 15269 I art     : Explicit concurrent mark sweep GC freed 58(6KB) AllocSpace objects, 0(0B) LOS objects, 30% free, 36MB/52MB, paused 686us total 20.981ms
08-04 02:50:26.240 15256 21556 I NAPPA_EXPERIMENTATION: MetricNetworkRequestExecutionTime: REQUEST_DURATION_SYSTEM='510',REQUEST_DURATION_OKHTTP='32',REQUEST_SYNCHRONOUS='TRUE',RESPONSE_CODE='200',RESPONSE_METHOD='GET',RESPONSE_LENGTH_OKHTTP='-1',RESPONSE_LENGTH_HEADER='12364',REQUEST_PROTOCOL='http/1.1',REQUEST_URL='https://www.newsblur.com/social/river_stories?order=newest&page=2&read_filter=all&global_feed=true',
08-04 02:50:26.240 15256 21556 D MY_TAG  : 0, 510
08-04 02:50:26.362 15256 20845 I art     : Starting a blocking GC Explicit
08-04 02:50:26.392 15256 20845 I art     : Explicit concurrent mark sweep GC freed 37422(2MB) AllocSpace objects, 36(1060KB) LOS objects, 30% free, 37MB/53MB, paused 702us total 29.504ms
08-04 02:50:26.400 15256 20845 I art     : Starting a blocking GC Explicit
08-04 02:50:26.423 15256 20845 I art     : Explicit concurrent mark sweep GC freed 3413(331KB) AllocSpace objects, 0(0B) LOS objects, 30% free, 36MB/52MB, paused 571us total 22.722ms
08-04 02:50:26.431 15256 20845 I art     : Starting a blocking GC Explicit
08-04 02:50:26.454 15256 20845 I art     : Explicit concurrent mark sweep GC freed 85(3KB) AllocSpace objects, 0(0B) LOS objects, 30% free, 36MB/52MB, paused 596us total 22.282ms
08-04 02:50:26.463 15256 20845 I art     : Starting a blocking GC Explicit
08-04 02:50:26.486 15256 20845 I art     : Explicit concurrent mark sweep GC freed 7(224B) AllocSpace objects, 0(0B) LOS objects, 30% free, 36MB/52MB, paused 611us total 22.889ms
08-04 02:50:26.495 15256 20845 I art     : Starting a blocking GC Explicit
08-04 02:50:26.517 15256 20845 I art     : Explicit concurrent mark sweep GC freed 6(192B) AllocSpace objects, 0(0B) LOS objects, 30% free, 36MB/52MB, paused 635us total 21.443ms
08-04 02:50:26.837 15256 20844 I art     : Starting a blocking GC Explicit
08-04 02:50:26.850 13589 13589 I ServiceManager: Waiting for service AtCmdFwd...
08-04 02:50:26.867 15256 20844 I art     : Explicit concurrent mark sweep GC freed 1441(82KB) AllocSpace objects, 1(20KB) LOS objects, 30% free, 36MB/52MB, paused 605us total 29.481ms
08-04 02:50:26.876 15256 20844 I art     : Starting a blocking GC Explicit
08-04 02:50:26.901 15256 20844 I art     : Explicit concurrent mark sweep GC freed 25(864B) AllocSpace objects, 0(0B) LOS objects, 30% free, 36MB/52MB, paused 950us total 25.075ms
08-04 02:50:26.911 15256 20844 I art     : Starting a blocking GC Explicit
08-04 02:50:26.933 15256 20844 I art     : Explicit concurrent mark sweep GC freed 7(224B) AllocSpace objects, 0(0B) LOS objects, 30% free, 36MB/52MB, paused 620us total 21.852ms
08-04 02:50:26.940 15256 20844 I art     : Starting a blocking GC Explicit
08-04 02:50:26.952   918  3188 I hubconnection: sensorhub said: 'set_bias 3: -6.2400, 0.0000, 0.0000'
08-04 02:50:26.962 15256 20844 I art     : Explicit concurrent mark sweep GC freed 6(192B) AllocSpace objects, 0(0B) LOS objects, 30% free, 36MB/52MB, paused 629us total 21.428ms
08-04 02:50:26.968 15256 20844 I art     : Starting a blocking GC Explicit
08-04 02:50:26.990 15256 20844 I art     : Explicit concurrent mark sweep GC freed 8(256B) AllocSpace objects, 0(0B) LOS objects, 30% free, 36MB/52MB, paused 711us total 21.655ms
08-04 02:50:27.180 21591 21591 D AndroidRuntime: >>>>>> START com.android.internal.os.RuntimeInit uid 2000 <<<<<<
08-04 02:50:27.184 21591 21591 D AndroidRuntime: CheckJNI is OFF
08-04 02:50:27.210 21591 21591 D ICU     : No timezone override file found: /data/misc/zoneinfo/current/icu/icu_tzdata.dat
08-04 02:50:27.235 21591 21591 I Radio-JNI: register_android_hardware_Radio DONE
08-04 02:50:27.252 21591 21591 D AndroidRuntime: Calling main entry com.android.commands.input.Input
08-04 02:50:27.253 21591 21591 I Input   : injectMotionEvent: MotionEvent { action=ACTION_DOWN, actionButton=0, id[0]=0, x[0]=435.0, y[0]=858.0, toolType[0]=TOOL_TYPE_UNKNOWN, buttonState=0, metaState=0, flags=0x0, edgeFlags=0x0, pointerCount=1, historySize=0, eventTime=672643666, downTime=672643666, deviceId=0, source=0x1002 }
08-04 02:50:27.257 21591 21591 I Input   : injectMotionEvent: MotionEvent { action=ACTION_UP, actionButton=0, id[0]=0, x[0]=435.0, y[0]=858.0, toolType[0]=TOOL_TYPE_UNKNOWN, buttonState=0, metaState=0, flags=0x0, edgeFlags=0x0, pointerCount=1, historySize=0, eventTime=672643666, downTime=672643666, deviceId=0, source=0x1002 }
08-04 02:50:27.259 21591 21591 D AndroidRuntime: Shutting down VM
08-04 02:50:27.270   512  2967 D audio_hw_primary: out_set_parameters: enter: usecase(1: low-latency-playback) kvpairs: routing=2
08-04 02:50:27.273   918  5132 I ActivityManager: START u0 {cmp=baseline.com.newsblur/.activity.GlobalSharedStoriesReading (has extras)} from uid 10652 on display 0
08-04 02:50:27.280 15256 20844 I art     : Starting a blocking GC Explicit
08-04 02:50:27.283   512  2967 D audio_hw_primary: select_devices: out_snd_device(2: speaker) in_snd_device(0: none)
08-04 02:50:27.283   512  2967 D msm8974_platform: platform_send_audio_calibration: sending audio calibration for snd_device(2) acdb_id(15)
08-04 02:50:27.283   512  2967 I soundtrigger: audio_extn_sound_trigger_update_device_status: device 0x2 of type 0 for Event 1
08-04 02:50:27.295   512  2967 D audio_hw_primary: enable_snd_device: snd_device(2: speaker)
08-04 02:50:27.297   512  2967 D audio_hw_primary: enable_audio_route: apply and update mixer path: low-latency-playback speaker
08-04 02:50:27.306 15256 20844 I art     : Explicit concurrent mark sweep GC freed 2037(154KB) AllocSpace objects, 2(40KB) LOS objects, 30% free, 37MB/53MB, paused 1.062ms total 25.229ms
08-04 02:50:27.313 15256 20844 I art     : Starting a blocking GC Explicit
08-04 02:50:27.334 15256 20844 I art     : Explicit concurrent mark sweep GC freed 975(78KB) AllocSpace objects, 3(488KB) LOS objects, 30% free, 36MB/52MB, paused 702us total 21.250ms
08-04 02:50:27.341 15256 20844 I art     : Starting a blocking GC Explicit
08-04 02:50:27.362 15256 20844 I art     : Explicit concurrent mark sweep GC freed 147(7KB) AllocSpace objects, 0(0B) LOS objects, 30% free, 36MB/52MB, paused 700us total 21.092ms
08-04 02:50:27.369 15256 20844 I art     : Starting a blocking GC Explicit
08-04 02:50:27.392 15256 20844 I art     : Explicit concurrent mark sweep GC freed 153(26KB) AllocSpace objects, 1(20KB) LOS objects, 30% free, 36MB/52MB, paused 716us total 21.948ms
08-04 02:50:27.399 15256 20844 I art     : Starting a blocking GC Explicit
08-04 02:50:27.420 15256 20844 I art     : Explicit concurrent mark sweep GC freed 38(1424B) AllocSpace objects, 0(0B) LOS objects, 30% free, 36MB/52MB, paused 611us total 21.316ms
08-04 02:50:27.443   918   936 I ActivityManager: Displayed baseline.com.newsblur/.activity.GlobalSharedStoriesReading: +162ms
08-04 02:50:27.443 13866 13866 I GoogleInputMethodServic: GoogleInputMethodService.onFinishInput():3138 
08-04 02:50:27.443 13866 13866 I GoogleInputMethodServic: GoogleInputMethodService.onStartInput():1808 
08-04 02:50:27.588 15256 20700 E SQLiteLog: (9) statement aborts at 27: [SELECT authors,short_content,timestamp,sharedDate,stories.feed_id,stories._id,intelligence_authors,intelligence_feed,intelligence_tags,intelligence_total,intelligence_title,permalink,r
08-04 02:50:27.611   518   646 I ThermalEngine: ACTION: GPU - Setting GPU[0] to 510000000
08-04 02:50:27.644 15256 21274 E chromium: [ERROR:tile_manager.cc(793)] WARNING: tile memory limits exceeded, some content may not draw
08-04 02:50:27.644 15256 21274 E chromium: [ERROR:tile_manager.cc(793)] WARNING: tile memory limits exceeded, some content may not draw
08-04 02:50:27.706 15256 20845 I art     : Starting a blocking GC Explicit
08-04 02:50:27.737 15256 20845 I art     : Explicit concurrent mark sweep GC freed 9096(722KB) AllocSpace objects, 21(456KB) LOS objects, 29% free, 37MB/53MB, paused 907us total 31.522ms
08-04 02:50:27.747 15256 20845 I art     : Starting a blocking GC Explicit
08-04 02:50:27.777 15256 20845 I art     : Explicit concurrent mark sweep GC freed 2251(106KB) AllocSpace objects, 1(28KB) LOS objects, 29% free, 37MB/53MB, paused 971us total 29.966ms
08-04 02:50:27.787 15256 20845 I art     : Starting a blocking GC Explicit
08-04 02:50:27.819 15256 20845 I art     : Explicit concurrent mark sweep GC freed 3(96B) AllocSpace objects, 0(0B) LOS objects, 29% free, 37MB/53MB, paused 934us total 31.641ms
08-04 02:50:27.831   512  2967 D audio_hw_primary: disable_audio_route: reset and update mixer path: low-latency-playback speaker
08-04 02:50:27.833 15256 20845 I art     : Starting a blocking GC Explicit
08-04 02:50:27.837   512  2967 D audio_hw_primary: disable_snd_device: snd_device(2: speaker)
08-04 02:50:27.845   512  2967 I soundtrigger: audio_extn_sound_trigger_update_device_status: device 0x2 of type 0 for Event 0
08-04 02:50:27.850 13589 13589 I ServiceManager: Waiting for service AtCmdFwd...
08-04 02:50:27.866 15256 20845 I art     : Explicit concurrent mark sweep GC freed 138(17KB) AllocSpace objects, 2(48KB) LOS objects, 29% free, 37MB/53MB, paused 924us total 33.380ms
08-04 02:50:27.876 15256 20845 I art     : Starting a blocking GC Explicit
08-04 02:50:27.906 15256 20845 I art     : Explicit concurrent mark sweep GC freed 18(752B) AllocSpace objects, 0(0B) LOS objects, 29% free, 37MB/53MB, paused 1.031ms total 29.479ms
08-04 02:50:28.183 15256 21621 E baseline.com.newsblur.network.APIResponse: Error (unexpected end of stream on https://www.newsblur.com/...) calling https://www.newsblur.com/reader/mark_story_hashes_as_read/
08-04 02:50:28.183 15256 21621 E baseline.com.newsblur.network.APIResponse: java.io.IOException: unexpected end of stream on https://www.newsblur.com/...
08-04 02:50:28.183 15256 21621 E baseline.com.newsblur.network.APIResponse: 	at okhttp3.internal.http1.Http1ExchangeCodec.readResponseHeaders(Http1ExchangeCodec.java:236)
08-04 02:50:28.183 15256 21621 E baseline.com.newsblur.network.APIResponse: 	at okhttp3.internal.connection.Exchange.readResponseHeaders(Exchange.java:115)
08-04 02:50:28.183 15256 21621 E baseline.com.newsblur.network.APIResponse: 	at okhttp3.internal.http.CallServerInterceptor.intercept(CallServerInterceptor.java:94)
08-04 02:50:28.183 15256 21621 E baseline.com.newsblur.network.APIResponse: 	at okhttp3.internal.http.RealInterceptorChain.proceed(RealInterceptorChain.java:142)
08-04 02:50:28.183 15256 21621 E baseline.com.newsblur.network.APIResponse: 	at okhttp3.internal.connection.ConnectInterceptor.intercept(ConnectInterceptor.java:43)
08-04 02:50:28.183 15256 21621 E baseline.com.newsblur.network.APIResponse: 	at okhttp3.internal.http.RealInterceptorChain.proceed(RealInterceptorChain.java:142)
08-04 02:50:28.183 15256 21621 E baseline.com.newsblur.network.APIResponse: 	at okhttp3.internal.http.RealInterceptorChain.proceed(RealInterceptorChain.java:117)
08-04 02:50:28.183 15256 21621 E baseline.com.newsblur.network.APIResponse: 	at okhttp3.internal.cache.CacheInterceptor.intercept(CacheInterceptor.java:94)
08-04 02:50:28.183 15256 21621 E baseline.com.newsblur.network.APIResponse: 	at okhttp3.internal.http.RealInterceptorChain.proceed(RealInterceptorChain.java:142)
08-04 02:50:28.183 15256 21621 E baseline.com.newsblur.network.APIResponse: 	at okhttp3.internal.http.RealInterceptorChain.proceed(RealInterceptorChain.java:117)
08-04 02:50:28.183 15256 21621 E baseline.com.newsblur.network.APIResponse: 	at okhttp3.internal.http.BridgeInterceptor.intercept(BridgeInterceptor.java:93)
08-04 02:50:28.183 15256 21621 E baseline.com.newsblur.network.APIResponse: 	at okhttp3.internal.http.RealInterceptorChain.proceed(RealInterceptorChain.java:142)
08-04 02:50:28.183 15256 21621 E baseline.com.newsblur.network.APIResponse: 	at okhttp3.internal.http.RetryAndFollowUpInterceptor.intercept(RetryAndFollowUpInterceptor.java:88)
08-04 02:50:28.183 15256 21621 E baseline.com.newsblur.network.APIResponse: 	at okhttp3.internal.http.RealInterceptorChain.proceed(RealInterceptorChain.java:142)
08-04 02:50:28.183 15256 21621 E baseline.com.newsblur.network.APIResponse: 	at okhttp3.internal.http.RealInterceptorChain.proceed(RealInterceptorChain.java:117)
08-04 02:50:28.183 15256 21621 E baseline.com.newsblur.network.APIResponse: 	at okhttp3.RealCall.getResponseWithInterceptorChain(RealCall.java:229)
08-04 02:50:28.183 15256 21621 E baseline.com.newsblur.network.APIResponse: 	at okhttp3.RealCall.execute(RealCall.java:81)
08-04 02:50:28.183 15256 21621 E baseline.com.newsblur.network.APIResponse: 	at baseline.com.newsblur.network.APIResponse.<init>(APIResponse.java:57)
08-04 02:50:28.183 15256 21621 E baseline.com.newsblur.network.APIResponse: 	at baseline.com.newsblur.network.APIResponse.<init>(APIResponse.java:43)
08-04 02:50:28.183 15256 21621 E baseline.com.newsblur.network.APIResponse: 	at baseline.com.newsblur.network.APIManager.post_single(APIManager.java:702)
08-04 02:50:28.183 15256 21621 E baseline.com.newsblur.network.APIResponse: 	at baseline.com.newsblur.network.APIManager.post(APIManager.java:675)
08-04 02:50:28.183 15256 21621 E baseline.com.newsblur.network.APIResponse: 	at baseline.com.newsblur.network.APIManager.post(APIManager.java:714)
08-04 02:50:28.183 15256 21621 E baseline.com.newsblur.network.APIResponse: 	at baseline.com.newsblur.network.APIManager.markStoryAsRead(APIManager.java:205)
08-04 02:50:28.183 15256 21621 E baseline.com.newsblur.network.APIResponse: 	at baseline.com.newsblur.util.ReadingAction.doRemote(ReadingAction.java:281)
08-04 02:50:28.183 15256 21621 E baseline.com.newsblur.network.APIResponse: 	at baseline.com.newsblur.service.NBSyncService.syncActions(NBSyncService.java:400)
08-04 02:50:28.183 15256 21621 E baseline.com.newsblur.network.APIResponse: 	at baseline.com.newsblur.service.NBSyncService.doSync(NBSyncService.java:298)
08-04 02:50:28.183 15256 21621 E baseline.com.newsblur.network.APIResponse: 	at baseline.com.newsblur.service.NBSyncService.access$100(NBSyncService.java:67)
08-04 02:50:28.183 15256 21621 E baseline.com.newsblur.network.APIResponse: 	at baseline.com.newsblur.service.NBSyncService$1.run(NBSyncService.java:188)
08-04 02:50:28.183 15256 21621 E baseline.com.newsblur.network.APIResponse: 	at java.util.concurrent.ThreadPoolExecutor.runWorker(ThreadPoolExecutor.java:1113)
08-04 02:50:28.183 15256 21621 E baseline.com.newsblur.network.APIResponse: 	at java.util.concurrent.ThreadPoolExecutor$Worker.run(ThreadPoolExecutor.java:588)
08-04 02:50:28.183 15256 21621 E baseline.com.newsblur.network.APIResponse: 	at java.lang.Thread.run(Thread.java:818)
08-04 02:50:28.183 15256 21621 E baseline.com.newsblur.network.APIResponse: Caused by: java.io.EOFException: \n not found: limit=0 content=
08-04 02:50:28.183 15256 21621 E baseline.com.newsblur.network.APIResponse: 	at okio.RealBufferedSource.readUtf8LineStrict(RealBufferedSource.java:240)
08-04 02:50:28.183 15256 21621 E baseline.com.newsblur.network.APIResponse: 	at okhttp3.internal.http1.Http1ExchangeCodec.readHeaderLine(Http1ExchangeCodec.java:242)
08-04 02:50:28.183 15256 21621 E baseline.com.newsblur.network.APIResponse: 	at okhttp3.internal.http1.Http1ExchangeCodec.readResponseHeaders(Http1ExchangeCodec.java:213)
08-04 02:50:28.183 15256 21621 E baseline.com.newsblur.network.APIResponse: 	... 30 more
08-04 02:50:28.184 15256 21621 I baseline.com.newsblur.network.APIManager: API call failed, pausing before retry number 1
08-04 02:50:28.225 15256 20845 I art     : Starting a blocking GC Explicit
08-04 02:50:28.263 15256 20845 I art     : Explicit concurrent mark sweep GC freed 4648(415KB) AllocSpace objects, 6(260KB) LOS objects, 29% free, 37MB/53MB, paused 888us total 37.373ms
08-04 02:50:28.274 15256 20845 I art     : Starting a blocking GC Explicit
08-04 02:50:28.307 15256 20845 I art     : Explicit concurrent mark sweep GC freed 993(118KB) AllocSpace objects, 0(0B) LOS objects, 29% free, 37MB/53MB, paused 939us total 33.539ms
08-04 02:50:28.318 15256 20845 I art     : Starting a blocking GC Explicit
08-04 02:50:28.350 15256 20845 I art     : Explicit concurrent mark sweep GC freed 3(96B) AllocSpace objects, 0(0B) LOS objects, 29% free, 37MB/53MB, paused 958us total 32.261ms
08-04 02:50:28.360 15256 20845 I art     : Starting a blocking GC Explicit
08-04 02:50:28.389 15256 20845 I art     : Explicit concurrent mark sweep GC freed 3(96B) AllocSpace objects, 0(0B) LOS objects, 29% free, 37MB/53MB, paused 814us total 28.756ms
08-04 02:50:28.398 15256 20845 I art     : Starting a blocking GC Explicit
08-04 02:50:28.430 15256 20845 I art     : Explicit concurrent mark sweep GC freed 3(96B) AllocSpace objects, 0(0B) LOS objects, 29% free, 37MB/53MB, paused 913us total 31.217ms
08-04 02:50:28.707 15256 21274 E chromium: [ERROR:tile_manager.cc(793)] WARNING: tile memory limits exceeded, some content may not draw
08-04 02:50:28.708 15256 21274 E chromium: [ERROR:tile_manager.cc(793)] WARNING: tile memory limits exceeded, some content may not draw
08-04 02:50:28.723 15256 21274 E chromium: [ERROR:tile_manager.cc(793)] WARNING: tile memory limits exceeded, some content may not draw
08-04 02:50:28.724 15256 21274 E chromium: [ERROR:tile_manager.cc(793)] WARNING: tile memory limits exceeded, some content may not draw
08-04 02:50:28.739 15256 21274 E chromium: [ERROR:tile_manager.cc(793)] WARNING: tile memory limits exceeded, some content may not draw
08-04 02:50:28.739 15256 21274 E chromium: [ERROR:tile_manager.cc(793)] WARNING: tile memory limits exceeded, some content may not draw
08-04 02:50:28.749 15256 20845 I art     : Starting a blocking GC Explicit
08-04 02:50:28.788 15256 20845 I art     : Explicit concurrent mark sweep GC freed 1537(86KB) AllocSpace objects, 1(20KB) LOS objects, 29% free, 37MB/53MB, paused 1.024ms total 38.308ms
08-04 02:50:28.798 15256 20845 I art     : Starting a blocking GC Explicit
08-04 02:50:28.831 15256 20845 I art     : Explicit concurrent mark sweep GC freed 46(1584B) AllocSpace objects, 0(0B) LOS objects, 29% free, 37MB/53MB, paused 976us total 32.697ms
08-04 02:50:28.842 15256 20845 I art     : Starting a blocking GC Explicit
08-04 02:50:28.851 13589 13589 I ServiceManager: Waiting for service AtCmdFwd...
08-04 02:50:28.874 15256 20845 I art     : Explicit concurrent mark sweep GC freed 18(576B) AllocSpace objects, 0(0B) LOS objects, 29% free, 37MB/53MB, paused 1.036ms total 32.180ms
08-04 02:50:28.884 15256 20845 I art     : Starting a blocking GC Explicit
08-04 02:50:28.916 15256 20845 I art     : Explicit concurrent mark sweep GC freed 18(576B) AllocSpace objects, 0(0B) LOS objects, 29% free, 37MB/53MB, paused 964us total 32.036ms
08-04 02:50:28.926 15256 20845 I art     : Starting a blocking GC Explicit
08-04 02:50:28.956 15256 20845 I art     : Explicit concurrent mark sweep GC freed 16(512B) AllocSpace objects, 0(0B) LOS objects, 29% free, 37MB/53MB, paused 876us total 29.371ms
08-04 02:50:29.303 15256 20844 I art     : Starting a blocking GC Explicit
08-04 02:50:29.339 15256 20844 I art     : Explicit concurrent mark sweep GC freed 1440(83KB) AllocSpace objects, 1(20KB) LOS objects, 29% free, 37MB/53MB, paused 937us total 35.947ms
08-04 02:50:29.351 15256 20844 I art     : Starting a blocking GC Explicit
08-04 02:50:29.384 15256 20844 I art     : Explicit concurrent mark sweep GC freed 22(784B) AllocSpace objects, 0(0B) LOS objects, 29% free, 37MB/53MB, paused 979us total 32.665ms
08-04 02:50:29.394 15256 20844 I art     : Starting a blocking GC Explicit
08-04 02:50:29.426 15256 20844 I art     : Explicit concurrent mark sweep GC freed 3(96B) AllocSpace objects, 0(0B) LOS objects, 29% free, 37MB/53MB, paused 850us total 31.502ms
08-04 02:50:29.436 15256 20844 I art     : Starting a blocking GC Explicit
08-04 02:50:29.469 15256 20844 I art     : Explicit concurrent mark sweep GC freed 3(96B) AllocSpace objects, 0(0B) LOS objects, 29% free, 37MB/53MB, paused 935us total 32.266ms
08-04 02:50:29.478 15256 20844 I art     : Starting a blocking GC Explicit
08-04 02:50:29.510 15256 20844 I art     : Explicit concurrent mark sweep GC freed 3(96B) AllocSpace objects, 0(0B) LOS objects, 29% free, 37MB/53MB, paused 843us total 31.083ms
08-04 02:50:29.851 13589 13589 I ServiceManager: Waiting for service AtCmdFwd...
08-04 02:50:29.858 15256 15272 I art     : Starting a blocking GC Explicit
08-04 02:50:29.894 15256 15272 I art     : Explicit concurrent mark sweep GC freed 1606(91KB) AllocSpace objects, 1(20KB) LOS objects, 29% free, 37MB/53MB, paused 898us total 35.123ms
08-04 02:50:29.906 15256 15272 I art     : Starting a blocking GC Explicit
08-04 02:50:29.940 15256 15272 I art     : Explicit concurrent mark sweep GC freed 28(1040B) AllocSpace objects, 0(0B) LOS objects, 29% free, 37MB/53MB, paused 1.037ms total 33.887ms
08-04 02:50:29.950 15256 15272 I art     : Starting a blocking GC Explicit
08-04 02:50:29.982 15256 15272 I art     : Explicit concurrent mark sweep GC freed 3(96B) AllocSpace objects, 0(0B) LOS objects, 29% free, 37MB/53MB, paused 912us total 31.273ms
08-04 02:50:29.992 15256 15272 I art     : Starting a blocking GC Explicit
08-04 02:50:30.026 15256 15272 I art     : Explicit concurrent mark sweep GC freed 3(96B) AllocSpace objects, 0(0B) LOS objects, 29% free, 37MB/53MB, paused 1.014ms total 34.170ms
08-04 02:50:30.038 15256 15272 I art     : Starting a blocking GC Explicit
08-04 02:50:30.070 15256 15272 I art     : Explicit concurrent mark sweep GC freed 3(96B) AllocSpace objects, 0(0B) LOS objects, 29% free, 37MB/53MB, paused 976us total 32.228ms
08-04 02:50:30.215 15256 21621 E baseline.com.newsblur.network.APIResponse: Error (unexpected end of stream on https://www.newsblur.com/...) calling https://www.newsblur.com/reader/mark_story_hashes_as_read/
08-04 02:50:30.215 15256 21621 E baseline.com.newsblur.network.APIResponse: java.io.IOException: unexpected end of stream on https://www.newsblur.com/...
08-04 02:50:30.215 15256 21621 E baseline.com.newsblur.network.APIResponse: 	at okhttp3.internal.http1.Http1ExchangeCodec.readResponseHeaders(Http1ExchangeCodec.java:236)
08-04 02:50:30.215 15256 21621 E baseline.com.newsblur.network.APIResponse: 	at okhttp3.internal.connection.Exchange.readResponseHeaders(Exchange.java:115)
08-04 02:50:30.215 15256 21621 E baseline.com.newsblur.network.APIResponse: 	at okhttp3.internal.http.CallServerInterceptor.intercept(CallServerInterceptor.java:94)
08-04 02:50:30.215 15256 21621 E baseline.com.newsblur.network.APIResponse: 	at okhttp3.internal.http.RealInterceptorChain.proceed(RealInterceptorChain.java:142)
08-04 02:50:30.215 15256 21621 E baseline.com.newsblur.network.APIResponse: 	at okhttp3.internal.connection.ConnectInterceptor.intercept(ConnectInterceptor.java:43)
08-04 02:50:30.215 15256 21621 E baseline.com.newsblur.network.APIResponse: 	at okhttp3.internal.http.RealInterceptorChain.proceed(RealInterceptorChain.java:142)
08-04 02:50:30.215 15256 21621 E baseline.com.newsblur.network.APIResponse: 	at okhttp3.internal.http.RealInterceptorChain.proceed(RealInterceptorChain.java:117)
08-04 02:50:30.215 15256 21621 E baseline.com.newsblur.network.APIResponse: 	at okhttp3.internal.cache.CacheInterceptor.intercept(CacheInterceptor.java:94)
08-04 02:50:30.215 15256 21621 E baseline.com.newsblur.network.APIResponse: 	at okhttp3.internal.http.RealInterceptorChain.proceed(RealInterceptorChain.java:142)
08-04 02:50:30.215 15256 21621 E baseline.com.newsblur.network.APIResponse: 	at okhttp3.internal.http.RealInterceptorChain.proceed(RealInterceptorChain.java:117)
08-04 02:50:30.215 15256 21621 E baseline.com.newsblur.network.APIResponse: 	at okhttp3.internal.http.BridgeInterceptor.intercept(BridgeInterceptor.java:93)
08-04 02:50:30.215 15256 21621 E baseline.com.newsblur.network.APIResponse: 	at okhttp3.internal.http.RealInterceptorChain.proceed(RealInterceptorChain.java:142)
08-04 02:50:30.215 15256 21621 E baseline.com.newsblur.network.APIResponse: 	at okhttp3.internal.http.RetryAndFollowUpInterceptor.intercept(RetryAndFollowUpInterceptor.java:88)
08-04 02:50:30.215 15256 21621 E baseline.com.newsblur.network.APIResponse: 	at okhttp3.internal.http.RealInterceptorChain.proceed(RealInterceptorChain.java:142)
08-04 02:50:30.215 15256 21621 E baseline.com.newsblur.network.APIResponse: 	at okhttp3.internal.http.RealInterceptorChain.proceed(RealInterceptorChain.java:117)
08-04 02:50:30.215 15256 21621 E baseline.com.newsblur.network.APIResponse: 	at okhttp3.RealCall.getResponseWithInterceptorChain(RealCall.java:229)
08-04 02:50:30.215 15256 21621 E baseline.com.newsblur.network.APIResponse: 	at okhttp3.RealCall.execute(RealCall.java:81)
08-04 02:50:30.215 15256 21621 E baseline.com.newsblur.network.APIResponse: 	at baseline.com.newsblur.network.APIResponse.<init>(APIResponse.java:57)
08-04 02:50:30.215 15256 21621 E baseline.com.newsblur.network.APIResponse: 	at baseline.com.newsblur.network.APIResponse.<init>(APIResponse.java:43)
08-04 02:50:30.215 15256 21621 E baseline.com.newsblur.network.APIResponse: 	at baseline.com.newsblur.network.APIManager.post_single(APIManager.java:702)
08-04 02:50:30.215 15256 21621 E baseline.com.newsblur.network.APIResponse: 	at baseline.com.newsblur.network.APIManager.post(APIManager.java:675)
08-04 02:50:30.215 15256 21621 E baseline.com.newsblur.network.APIResponse: 	at baseline.com.newsblur.network.APIManager.post(APIManager.java:714)
08-04 02:50:30.215 15256 21621 E baseline.com.newsblur.network.APIResponse: 	at baseline.com.newsblur.network.APIManager.markStoryAsRead(APIManager.java:205)
08-04 02:50:30.215 15256 21621 E baseline.com.newsblur.network.APIResponse: 	at baseline.com.newsblur.util.ReadingAction.doRemote(ReadingAction.java:281)
08-04 02:50:30.215 15256 21621 E baseline.com.newsblur.network.APIResponse: 	at baseline.com.newsblur.service.NBSyncService.syncActions(NBSyncService.java:400)
08-04 02:50:30.215 15256 21621 E baseline.com.newsblur.network.APIResponse: 	at baseline.com.newsblur.service.NBSyncService.doSync(NBSyncService.java:298)
08-04 02:50:30.215 15256 21621 E baseline.com.newsblur.network.APIResponse: 	at baseline.com.newsblur.service.NBSyncService.access$100(NBSyncService.java:67)
08-04 02:50:30.215 15256 21621 E baseline.com.newsblur.network.APIResponse: 	at baseline.com.newsblur.service.NBSyncService$1.run(NBSyncService.java:188)
08-04 02:50:30.215 15256 21621 E baseline.com.newsblur.network.APIResponse: 	at java.util.concurrent.ThreadPoolExecutor.runWorker(ThreadPoolExecutor.java:1113)
08-04 02:50:30.215 15256 21621 E baseline.com.newsblur.network.APIResponse: 	at java.util.concurrent.ThreadPoolExecutor$Worker.run(ThreadPoolExecutor.java:588)
08-04 02:50:30.215 15256 21621 E baseline.com.newsblur.network.APIResponse: 	at java.lang.Thread.run(Thread.java:818)
08-04 02:50:30.215 15256 21621 E baseline.com.newsblur.network.APIResponse: Caused by: java.io.EOFException: \n not found: limit=0 content=
08-04 02:50:30.215 15256 21621 E baseline.com.newsblur.network.APIResponse: 	at okio.RealBufferedSource.readUtf8LineStrict(RealBufferedSource.java:240)
08-04 02:50:30.215 15256 21621 E baseline.com.newsblur.network.APIResponse: 	at okhttp3.internal.http1.Http1ExchangeCodec.readHeaderLine(Http1ExchangeCodec.java:242)
08-04 02:50:30.215 15256 21621 E baseline.com.newsblur.network.APIResponse: 	at okhttp3.internal.http1.Http1ExchangeCodec.readResponseHeaders(Http1ExchangeCodec.java:213)
08-04 02:50:30.215 15256 21621 E baseline.com.newsblur.network.APIResponse: 	... 30 more
08-04 02:50:30.218 15256 21621 I baseline.com.newsblur.network.APIManager: API call failed, pausing before retry number 2
08-04 02:50:30.392 15256 20845 I art     : Starting a blocking GC Explicit
08-04 02:50:30.429 15256 20845 I art     : Explicit concurrent mark sweep GC freed 3947(357KB) AllocSpace objects, 3(60KB) LOS objects, 29% free, 37MB/53MB, paused 917us total 36.277ms
08-04 02:50:30.440 15256 20845 I art     : Starting a blocking GC Explicit
08-04 02:50:30.473 15256 20845 I art     : Explicit concurrent mark sweep GC freed 109(3KB) AllocSpace objects, 0(0B) LOS objects, 29% free, 37MB/53MB, paused 903us total 32.581ms
08-04 02:50:30.483 15256 20845 I art     : Starting a blocking GC Explicit
08-04 02:50:30.514 15256 20845 I art     : Explicit concurrent mark sweep GC freed 3(96B) AllocSpace objects, 0(0B) LOS objects, 29% free, 37MB/53MB, paused 853us total 30.715ms
08-04 02:50:30.525 15256 20845 I art     : Starting a blocking GC Explicit
08-04 02:50:30.557 15256 20845 I art     : Explicit concurrent mark sweep GC freed 3(96B) AllocSpace objects, 0(0B) LOS objects, 29% free, 37MB/53MB, paused 1.036ms total 32.631ms
08-04 02:50:30.567 15256 20845 I art     : Starting a blocking GC Explicit
08-04 02:50:30.602 15256 20845 I art     : Explicit concurrent mark sweep GC freed 3(96B) AllocSpace objects, 0(0B) LOS objects, 29% free, 37MB/53MB, paused 932us total 33.849ms
08-04 02:50:30.851 13589 13589 I ServiceManager: Waiting for service AtCmdFwd...
08-04 02:50:30.945 15256 20845 I art     : Starting a blocking GC Explicit
08-04 02:50:30.980 15256 20845 I art     : Explicit concurrent mark sweep GC freed 1440(83KB) AllocSpace objects, 1(20KB) LOS objects, 29% free, 37MB/53MB, paused 861us total 35.064ms
08-04 02:50:30.992 15256 20845 I art     : Starting a blocking GC Explicit
08-04 02:50:31.026 15256 20845 I art     : Explicit concurrent mark sweep GC freed 22(800B) AllocSpace objects, 0(0B) LOS objects, 29% free, 37MB/53MB, paused 973us total 33.967ms
08-04 02:50:31.036 15256 20845 I art     : Starting a blocking GC Explicit
08-04 02:50:31.069 15256 20845 I art     : Explicit concurrent mark sweep GC freed 3(96B) AllocSpace objects, 0(0B) LOS objects, 29% free, 37MB/53MB, paused 972us total 32.611ms
08-04 02:50:31.079 15256 20845 I art     : Starting a blocking GC Explicit
08-04 02:50:31.112 15256 20845 I art     : Explicit concurrent mark sweep GC freed 3(96B) AllocSpace objects, 0(0B) LOS objects, 29% free, 37MB/53MB, paused 874us total 32.302ms
08-04 02:50:31.122 15256 20845 I art     : Starting a blocking GC Explicit
08-04 02:50:31.157 15256 20845 I art     : Explicit concurrent mark sweep GC freed 3(96B) AllocSpace objects, 0(0B) LOS objects, 29% free, 37MB/53MB, paused 902us total 34.370ms
08-04 02:50:31.496 15256 15269 I art     : Starting a blocking GC Explicit
08-04 02:50:31.530 15256 15269 I art     : Explicit concurrent mark sweep GC freed 1439(82KB) AllocSpace objects, 1(20KB) LOS objects, 29% free, 37MB/53MB, paused 859us total 34.452ms
08-04 02:50:31.541 15256 15269 I art     : Starting a blocking GC Explicit
08-04 02:50:31.571 15256 15269 I art     : Explicit concurrent mark sweep GC freed 22(784B) AllocSpace objects, 0(0B) LOS objects, 29% free, 37MB/53MB, paused 939us total 29.590ms
08-04 02:50:31.580 15256 15269 I art     : Starting a blocking GC Explicit
08-04 02:50:31.610 15256 15269 I art     : Explicit concurrent mark sweep GC freed 3(96B) AllocSpace objects, 0(0B) LOS objects, 29% free, 37MB/53MB, paused 873us total 29.707ms
08-04 02:50:31.619 15256 15269 I art     : Starting a blocking GC Explicit
08-04 02:50:31.648 15256 15269 I art     : Explicit concurrent mark sweep GC freed 3(96B) AllocSpace objects, 0(0B) LOS objects, 29% free, 37MB/53MB, paused 885us total 28.764ms
08-04 02:50:31.658 15256 15269 I art     : Starting a blocking GC Explicit
08-04 02:50:31.687 15256 15269 I art     : Explicit concurrent mark sweep GC freed 3(96B) AllocSpace objects, 0(0B) LOS objects, 29% free, 37MB/53MB, paused 895us total 29.010ms
08-04 02:50:31.852 13589 13589 W Atfwd_Sendcmd: AtCmdFwd service not published, waiting... retryCnt : 2
08-04 02:50:31.920 21698 21698 D AndroidRuntime: >>>>>> START com.android.internal.os.RuntimeInit uid 2000 <<<<<<
08-04 02:50:31.925 21698 21698 D AndroidRuntime: CheckJNI is OFF
08-04 02:50:31.957 21698 21698 D ICU     : No timezone override file found: /data/misc/zoneinfo/current/icu/icu_tzdata.dat
08-04 02:50:31.990 21698 21698 I Radio-JNI: register_android_hardware_Radio DONE
08-04 02:50:32.011 21698 21698 D AndroidRuntime: Calling main entry com.android.commands.input.Input
08-04 02:50:32.013 21698 21698 I Input   : injectKeyEvent: KeyEvent { action=ACTION_DOWN, keyCode=KEYCODE_BACK, scanCode=0, metaState=0, flags=0x0, repeatCount=0, eventTime=672648426, downTime=672648426, deviceId=-1, source=0x101 }
08-04 02:50:32.018 21698 21698 I Input   : injectKeyEvent: KeyEvent { action=ACTION_UP, keyCode=KEYCODE_BACK, scanCode=0, metaState=0, flags=0x0, repeatCount=0, eventTime=672648426, downTime=672648426, deviceId=-1, source=0x101 }
08-04 02:50:32.023 21698 21698 D AndroidRuntime: Shutting down VM
08-04 02:50:32.028 15256 15269 I art     : Starting a blocking GC Explicit
08-04 02:50:32.061 15256 15269 I art     : Explicit concurrent mark sweep GC freed 1661(121KB) AllocSpace objects, 3(60KB) LOS objects, 29% free, 37MB/53MB, paused 925us total 32.516ms
08-04 02:50:32.070 15256 15269 I art     : Starting a blocking GC Explicit
08-04 02:50:32.101 15256 15269 I art     : Explicit concurrent mark sweep GC freed 55(2048B) AllocSpace objects, 0(0B) LOS objects, 29% free, 37MB/53MB, paused 978us total 30.628ms
08-04 02:50:32.110 15256 15269 I art     : Starting a blocking GC Explicit
08-04 02:50:32.143 15256 15269 I art     : Explicit concurrent mark sweep GC freed 611(45KB) AllocSpace objects, 1(20KB) LOS objects, 29% free, 37MB/53MB, paused 1.200ms total 32.103ms
08-04 02:50:32.145 13866 13866 I GoogleInputMethodServic: GoogleInputMethodService.onFinishInput():3138 
08-04 02:50:32.146 13866 13866 I GoogleInputMethodServic: GoogleInputMethodService.onStartInput():1808 
08-04 02:50:32.154 15256 15269 I art     : Starting a blocking GC Explicit
08-04 02:50:32.186 15256 15269 I art     : Explicit concurrent mark sweep GC freed 584(58KB) AllocSpace objects, 1(20KB) LOS objects, 29% free, 37MB/53MB, paused 1.317ms total 31.746ms
08-04 02:50:32.196 15256 15269 I art     : Starting a blocking GC Explicit
08-04 02:50:32.227 15256 15269 I art     : Explicit concurrent mark sweep GC freed 712(55KB) AllocSpace objects, 1(20KB) LOS objects, 29% free, 37MB/53MB, paused 908us total 30.344ms
08-04 02:50:32.522 15256 20845 I art     : Starting a blocking GC Explicit
08-04 02:50:32.552 15256 20845 I art     : Explicit concurrent mark sweep GC freed 3147(164KB) AllocSpace objects, 2(48KB) LOS objects, 29% free, 37MB/53MB, paused 929us total 29.409ms
08-04 02:50:32.561 15256 20845 I art     : Starting a blocking GC Explicit
08-04 02:50:32.590 15256 20845 I art     : Explicit concurrent mark sweep GC freed 153(7KB) AllocSpace objects, 0(0B) LOS objects, 29% free, 37MB/53MB, paused 933us total 29.061ms
08-04 02:50:32.599 15256 20845 I art     : Starting a blocking GC Explicit
08-04 02:50:32.627 15256 20845 I art     : Explicit concurrent mark sweep GC freed 9(288B) AllocSpace objects, 0(0B) LOS objects, 29% free, 37MB/53MB, paused 957us total 28.281ms
08-04 02:50:32.637 15256 20845 I art     : Starting a blocking GC Explicit
08-04 02:50:32.665 15256 20845 I art     : Explicit concurrent mark sweep GC freed 7(224B) AllocSpace objects, 0(0B) LOS objects, 29% free, 37MB/53MB, paused 849us total 28.547ms
08-04 02:50:32.674 15256 20845 I art     : Starting a blocking GC Explicit
08-04 02:50:32.703 15256 20845 I art     : Explicit concurrent mark sweep GC freed 7(224B) AllocSpace objects, 0(0B) LOS objects, 29% free, 37MB/53MB, paused 925us total 28.687ms
08-04 02:50:33.011 15256 20844 I art     : Starting a blocking GC Explicit
08-04 02:50:33.046 15256 20844 I art     : Explicit concurrent mark sweep GC freed 1480(84KB) AllocSpace objects, 1(20KB) LOS objects, 29% free, 37MB/53MB, paused 890us total 34.581ms
08-04 02:50:33.057 15256 20844 I art     : Starting a blocking GC Explicit
08-04 02:50:33.091 15256 20844 I art     : Explicit concurrent mark sweep GC freed 27(944B) AllocSpace objects, 0(0B) LOS objects, 29% free, 37MB/53MB, paused 912us total 33.125ms
08-04 02:50:33.101 15256 20844 I art     : Starting a blocking GC Explicit
08-04 02:50:33.135 15256 20844 I art     : Explicit concurrent mark sweep GC freed 8(256B) AllocSpace objects, 0(0B) LOS objects, 29% free, 37MB/53MB, paused 1.168ms total 33.952ms
08-04 02:50:33.145 15256 20844 I art     : Starting a blocking GC Explicit
08-04 02:50:33.182 15256 20844 I art     : Explicit concurrent mark sweep GC freed 9(288B) AllocSpace objects, 0(0B) LOS objects, 29% free, 37MB/53MB, paused 1.363ms total 35.990ms
08-04 02:50:33.193 15256 20844 I art     : Starting a blocking GC Explicit
08-04 02:50:33.229 15256 20844 I art     : Explicit concurrent mark sweep GC freed 100(3KB) AllocSpace objects, 0(0B) LOS objects, 29% free, 37MB/53MB, paused 995us total 36.455ms
08-04 02:50:33.523 15256 20844 I art     : Starting a blocking GC Explicit
08-04 02:50:33.557 15256 20844 I art     : Explicit concurrent mark sweep GC freed 1556(89KB) AllocSpace objects, 1(20KB) LOS objects, 29% free, 37MB/53MB, paused 1ms total 34.021ms
08-04 02:50:33.568 15256 20844 I art     : Starting a blocking GC Explicit
08-04 02:50:33.596 15256 20844 I art     : Explicit concurrent mark sweep GC freed 27(944B) AllocSpace objects, 0(0B) LOS objects, 29% free, 37MB/53MB, paused 944us total 27.939ms
08-04 02:50:33.605 15256 20844 I art     : Starting a blocking GC Explicit
08-04 02:50:33.633 15256 20844 I art     : Explicit concurrent mark sweep GC freed 3(96B) AllocSpace objects, 0(0B) LOS objects, 29% free, 37MB/53MB, paused 908us total 27.775ms
08-04 02:50:33.642 15256 20844 I art     : Starting a blocking GC Explicit
08-04 02:50:33.667 21742 21742 D AndroidRuntime: >>>>>> START com.android.internal.os.RuntimeInit uid 2000 <<<<<<
08-04 02:50:33.670 15256 20844 I art     : Explicit concurrent mark sweep GC freed 3(96B) AllocSpace objects, 0(0B) LOS objects, 29% free, 37MB/53MB, paused 959us total 28.161ms
08-04 02:50:33.671 21742 21742 D AndroidRuntime: CheckJNI is OFF
08-04 02:50:33.679 15256 20844 I art     : Starting a blocking GC Explicit
08-04 02:50:33.701 21742 21742 D ICU     : No timezone override file found: /data/misc/zoneinfo/current/icu/icu_tzdata.dat
08-04 02:50:33.707 15256 20844 I art     : Explicit concurrent mark sweep GC freed 3(96B) AllocSpace objects, 0(0B) LOS objects, 29% free, 37MB/53MB, paused 1.006ms total 28.294ms
08-04 02:50:33.732 21742 21742 I Radio-JNI: register_android_hardware_Radio DONE
08-04 02:50:33.753 21742 21742 D AndroidRuntime: Calling main entry com.android.commands.input.Input
08-04 02:50:33.754 21742 21742 I Input   : injectKeyEvent: KeyEvent { action=ACTION_DOWN, keyCode=KEYCODE_BACK, scanCode=0, metaState=0, flags=0x0, repeatCount=0, eventTime=672650167, downTime=672650167, deviceId=-1, source=0x101 }
08-04 02:50:33.758 21742 21742 I Input   : injectKeyEvent: KeyEvent { action=ACTION_UP, keyCode=KEYCODE_BACK, scanCode=0, metaState=0, flags=0x0, repeatCount=0, eventTime=672650167, downTime=672650167, deviceId=-1, source=0x101 }
08-04 02:50:33.764 21742 21742 D AndroidRuntime: Shutting down VM
08-04 02:50:33.783 15256 21621 E baseline.com.newsblur.network.APIResponse: Error (unexpected end of stream on https://www.newsblur.com/...) calling https://www.newsblur.com/reader/mark_story_hashes_as_read/
08-04 02:50:33.783 15256 21621 E baseline.com.newsblur.network.APIResponse: java.io.IOException: unexpected end of stream on https://www.newsblur.com/...
08-04 02:50:33.783 15256 21621 E baseline.com.newsblur.network.APIResponse: 	at okhttp3.internal.http1.Http1ExchangeCodec.readResponseHeaders(Http1ExchangeCodec.java:236)
08-04 02:50:33.783 15256 21621 E baseline.com.newsblur.network.APIResponse: 	at okhttp3.internal.connection.Exchange.readResponseHeaders(Exchange.java:115)
08-04 02:50:33.783 15256 21621 E baseline.com.newsblur.network.APIResponse: 	at okhttp3.internal.http.CallServerInterceptor.intercept(CallServerInterceptor.java:94)
08-04 02:50:33.783 15256 21621 E baseline.com.newsblur.network.APIResponse: 	at okhttp3.internal.http.RealInterceptorChain.proceed(RealInterceptorChain.java:142)
08-04 02:50:33.783 15256 21621 E baseline.com.newsblur.network.APIResponse: 	at okhttp3.internal.connection.ConnectInterceptor.intercept(ConnectInterceptor.java:43)
08-04 02:50:33.783 15256 21621 E baseline.com.newsblur.network.APIResponse: 	at okhttp3.internal.http.RealInterceptorChain.proceed(RealInterceptorChain.java:142)
08-04 02:50:33.783 15256 21621 E baseline.com.newsblur.network.APIResponse: 	at okhttp3.internal.http.RealInterceptorChain.proceed(RealInterceptorChain.java:117)
08-04 02:50:33.783 15256 21621 E baseline.com.newsblur.network.APIResponse: 	at okhttp3.internal.cache.CacheInterceptor.intercept(CacheInterceptor.java:94)
08-04 02:50:33.783 15256 21621 E baseline.com.newsblur.network.APIResponse: 	at okhttp3.internal.http.RealInterceptorChain.proceed(RealInterceptorChain.java:142)
08-04 02:50:33.783 15256 21621 E baseline.com.newsblur.network.APIResponse: 	at okhttp3.internal.http.RealInterceptorChain.proceed(RealInterceptorChain.java:117)
08-04 02:50:33.783 15256 21621 E baseline.com.newsblur.network.APIResponse: 	at okhttp3.internal.http.BridgeInterceptor.intercept(BridgeInterceptor.java:93)
08-04 02:50:33.783 15256 21621 E baseline.com.newsblur.network.APIResponse: 	at okhttp3.internal.http.RealInterceptorChain.proceed(RealInterceptorChain.java:142)
08-04 02:50:33.783 15256 21621 E baseline.com.newsblur.network.APIResponse: 	at okhttp3.internal.http.RetryAndFollowUpInterceptor.intercept(RetryAndFollowUpInterceptor.java:88)
08-04 02:50:33.783 15256 21621 E baseline.com.newsblur.network.APIResponse: 	at okhttp3.internal.http.RealInterceptorChain.proceed(RealInterceptorChain.java:142)
08-04 02:50:33.783 15256 21621 E baseline.com.newsblur.network.APIResponse: 	at okhttp3.internal.http.RealInterceptorChain.proceed(RealInterceptorChain.java:117)
08-04 02:50:33.783 15256 21621 E baseline.com.newsblur.network.APIResponse: 	at okhttp3.RealCall.getResponseWithInterceptorChain(RealCall.java:229)
08-04 02:50:33.783 15256 21621 E baseline.com.newsblur.network.APIResponse: 	at okhttp3.RealCall.execute(RealCall.java:81)
08-04 02:50:33.783 15256 21621 E baseline.com.newsblur.network.APIResponse: 	at baseline.com.newsblur.network.APIResponse.<init>(APIResponse.java:57)
08-04 02:50:33.783 15256 21621 E baseline.com.newsblur.network.APIResponse: 	at baseline.com.newsblur.network.APIResponse.<init>(APIResponse.java:43)
08-04 02:50:33.783 15256 21621 E baseline.com.newsblur.network.APIResponse: 	at baseline.com.newsblur.network.APIManager.post_single(APIManager.java:702)
08-04 02:50:33.783 15256 21621 E baseline.com.newsblur.network.APIResponse: 	at baseline.com.newsblur.network.APIManager.post(APIManager.java:675)
08-04 02:50:33.783 15256 21621 E baseline.com.newsblur.network.APIResponse: 	at baseline.com.newsblur.network.APIManager.post(APIManager.java:714)
08-04 02:50:33.783 15256 21621 E baseline.com.newsblur.network.APIResponse: 	at baseline.com.newsblur.network.APIManager.markStoryAsRead(APIManager.java:205)
08-04 02:50:33.783 15256 21621 E baseline.com.newsblur.network.APIResponse: 	at baseline.com.newsblur.util.ReadingAction.doRemote(ReadingAction.java:281)
08-04 02:50:33.783 15256 21621 E baseline.com.newsblur.network.APIResponse: 	at baseline.com.newsblur.service.NBSyncService.syncActions(NBSyncService.java:400)
08-04 02:50:33.783 15256 21621 E baseline.com.newsblur.network.APIResponse: 	at baseline.com.newsblur.service.NBSyncService.doSync(NBSyncService.java:298)
08-04 02:50:33.783 15256 21621 E baseline.com.newsblur.network.APIResponse: 	at baseline.com.newsblur.service.NBSyncService.access$100(NBSyncService.java:67)
08-04 02:50:33.783 15256 21621 E baseline.com.newsblur.network.APIResponse: 	at baseline.com.newsblur.service.NBSyncService$1.run(NBSyncService.java:188)
08-04 02:50:33.783 15256 21621 E baseline.com.newsblur.network.APIResponse: 	at java.util.concurrent.ThreadPoolExecutor.runWorker(ThreadPoolExecutor.java:1113)
08-04 02:50:33.783 15256 21621 E baseline.com.newsblur.network.APIResponse: 	at java.util.concurrent.ThreadPoolExecutor$Worker.run(ThreadPoolExecutor.java:588)
08-04 02:50:33.783 15256 21621 E baseline.com.newsblur.network.APIResponse: 	at java.lang.Thread.run(Thread.java:818)
08-04 02:50:33.783 15256 21621 E baseline.com.newsblur.network.APIResponse: Caused by: java.io.EOFException: \n not found: limit=0 content=
08-04 02:50:33.783 15256 21621 E baseline.com.newsblur.network.APIResponse: 	at okio.RealBufferedSource.readUtf8LineStrict(RealBufferedSource.java:240)
08-04 02:50:33.783 15256 21621 E baseline.com.newsblur.network.APIResponse: 	at okhttp3.internal.http1.Http1ExchangeCodec.readHeaderLine(Http1ExchangeCodec.java:242)
08-04 02:50:33.783 15256 21621 E baseline.com.newsblur.network.APIResponse: 	at okhttp3.internal.http1.Http1ExchangeCodec.readResponseHeaders(Http1ExchangeCodec.java:213)
08-04 02:50:33.783 15256 21621 E baseline.com.newsblur.network.APIResponse: 	... 30 more
08-04 02:50:33.784 15256 21621 I baseline.com.newsblur.service.NBSyncService: Holding reading action with server-side or network error.
08-04 02:50:33.793 15256 21621 W baseline.com.newsblur.service.NBSyncService: hard API failure
08-04 02:50:33.930 13866 13866 I GoogleInputMethodServic: GoogleInputMethodService.onFinishInput():3138 
08-04 02:50:33.930 13866 13866 I GoogleInputMethodServic: GoogleInputMethodService.onStartInput():1808 
08-04 02:50:33.989 15256 15269 I art     : Starting a blocking GC Explicit
08-04 02:50:34.026 15256 15269 I art     : Explicit concurrent mark sweep GC freed 12545(983KB) AllocSpace objects, 17(340KB) LOS objects, 29% free, 37MB/53MB, paused 1.030ms total 36.273ms
08-04 02:50:34.039 15256 15269 I art     : Starting a blocking GC Explicit
08-04 02:50:34.075 15256 15269 I art     : Explicit concurrent mark sweep GC freed 356(13KB) AllocSpace objects, 0(0B) LOS objects, 29% free, 37MB/53MB, paused 1.032ms total 36.289ms
08-04 02:50:34.087 15256 15269 I art     : Starting a blocking GC Explicit
08-04 02:50:34.125 15256 15269 I art     : Explicit concurrent mark sweep GC freed 3(96B) AllocSpace objects, 0(0B) LOS objects, 29% free, 37MB/53MB, paused 973us total 37.767ms
08-04 02:50:34.138 15256 15269 I art     : Starting a blocking GC Explicit
08-04 02:50:34.178 15256 15269 I art     : Explicit concurrent mark sweep GC freed 1669(65KB) AllocSpace objects, 0(0B) LOS objects, 29% free, 37MB/53MB, paused 1.071ms total 39.180ms
08-04 02:50:34.192 15256 15269 I art     : Starting a blocking GC Explicit
08-04 02:50:34.199 15256 21621 E baseline.com.newsblur.network.APIResponse: Error (unexpected end of stream on https://www.newsblur.com/...) calling https://www.newsblur.com/reader/mark_story_hashes_as_read/
08-04 02:50:34.199 15256 21621 E baseline.com.newsblur.network.APIResponse: java.io.IOException: unexpected end of stream on https://www.newsblur.com/...
08-04 02:50:34.199 15256 21621 E baseline.com.newsblur.network.APIResponse: 	at okhttp3.internal.http1.Http1ExchangeCodec.readResponseHeaders(Http1ExchangeCodec.java:236)
08-04 02:50:34.199 15256 21621 E baseline.com.newsblur.network.APIResponse: 	at okhttp3.internal.connection.Exchange.readResponseHeaders(Exchange.java:115)
08-04 02:50:34.199 15256 21621 E baseline.com.newsblur.network.APIResponse: 	at okhttp3.internal.http.CallServerInterceptor.intercept(CallServerInterceptor.java:94)
08-04 02:50:34.199 15256 21621 E baseline.com.newsblur.network.APIResponse: 	at okhttp3.internal.http.RealInterceptorChain.proceed(RealInterceptorChain.java:142)
08-04 02:50:34.199 15256 21621 E baseline.com.newsblur.network.APIResponse: 	at okhttp3.internal.connection.ConnectInterceptor.intercept(ConnectInterceptor.java:43)
08-04 02:50:34.199 15256 21621 E baseline.com.newsblur.network.APIResponse: 	at okhttp3.internal.http.RealInterceptorChain.proceed(RealInterceptorChain.java:142)
08-04 02:50:34.199 15256 21621 E baseline.com.newsblur.network.APIResponse: 	at okhttp3.internal.http.RealInterceptorChain.proceed(RealInterceptorChain.java:117)
08-04 02:50:34.199 15256 21621 E baseline.com.newsblur.network.APIResponse: 	at okhttp3.internal.cache.CacheInterceptor.intercept(CacheInterceptor.java:94)
08-04 02:50:34.199 15256 21621 E baseline.com.newsblur.network.APIResponse: 	at okhttp3.internal.http.RealInterceptorChain.proceed(RealInterceptorChain.java:142)
08-04 02:50:34.199 15256 21621 E baseline.com.newsblur.network.APIResponse: 	at okhttp3.internal.http.RealInterceptorChain.proceed(RealInterceptorChain.java:117)
08-04 02:50:34.199 15256 21621 E baseline.com.newsblur.network.APIResponse: 	at okhttp3.internal.http.BridgeInterceptor.intercept(BridgeInterceptor.java:93)
08-04 02:50:34.199 15256 21621 E baseline.com.newsblur.network.APIResponse: 	at okhttp3.internal.http.RealInterceptorChain.proceed(RealInterceptorChain.java:142)
08-04 02:50:34.199 15256 21621 E baseline.com.newsblur.network.APIResponse: 	at okhttp3.internal.http.RetryAndFollowUpInterceptor.intercept(RetryAndFollowUpInterceptor.java:88)
08-04 02:50:34.199 15256 21621 E baseline.com.newsblur.network.APIResponse: 	at okhttp3.internal.http.RealInterceptorChain.proceed(RealInterceptorChain.java:142)
08-04 02:50:34.199 15256 21621 E baseline.com.newsblur.network.APIResponse: 	at okhttp3.internal.http.RealInterceptorChain.proceed(RealInterceptorChain.java:117)
08-04 02:50:34.199 15256 21621 E baseline.com.newsblur.network.APIResponse: 	at okhttp3.RealCall.getResponseWithInterceptorChain(RealCall.java:229)
08-04 02:50:34.199 15256 21621 E baseline.com.newsblur.network.APIResponse: 	at okhttp3.RealCall.execute(RealCall.java:81)
08-04 02:50:34.199 15256 21621 E baseline.com.newsblur.network.APIResponse: 	at baseline.com.newsblur.network.APIResponse.<init>(APIResponse.java:57)
08-04 02:50:34.199 15256 21621 E baseline.com.newsblur.network.APIResponse: 	at baseline.com.newsblur.network.APIResponse.<init>(APIResponse.java:43)
08-04 02:50:34.199 15256 21621 E baseline.com.newsblur.network.APIResponse: 	at baseline.com.newsblur.network.APIManager.post_single(APIManager.java:702)
08-04 02:50:34.199 15256 21621 E baseline.com.newsblur.network.APIResponse: 	at baseline.com.newsblur.network.APIManager.post(APIManager.java:675)
08-04 02:50:34.199 15256 21621 E baseline.com.newsblur.network.APIResponse: 	at baseline.com.newsblur.network.APIManager.post(APIManager.java:714)
08-04 02:50:34.199 15256 21621 E baseline.com.newsblur.network.APIResponse: 	at baseline.com.newsblur.network.APIManager.markStoryAsRead(APIManager.java:205)
08-04 02:50:34.199 15256 21621 E baseline.com.newsblur.network.APIResponse: 	at baseline.com.newsblur.util.ReadingAction.doRemote(ReadingAction.java:281)
08-04 02:50:34.199 15256 21621 E baseline.com.newsblur.network.APIResponse: 	at baseline.com.newsblur.service.NBSyncService.syncActions(NBSyncService.java:400)
08-04 02:50:34.199 15256 21621 E baseline.com.newsblur.network.APIResponse: 	at baseline.com.newsblur.service.NBSyncService.doSync(NBSyncService.java:298)
08-04 02:50:34.199 15256 21621 E baseline.com.newsblur.network.APIResponse: 	at baseline.com.newsblur.service.NBSyncService.access$100(NBSyncService.java:67)
08-04 02:50:34.199 15256 21621 E baseline.com.newsblur.network.APIResponse: 	at baseline.com.newsblur.service.NBSyncService$1.run(NBSyncService.java:188)
08-04 02:50:34.199 15256 21621 E baseline.com.newsblur.network.APIResponse: 	at java.util.concurrent.ThreadPoolExecutor.runWorker(ThreadPoolExecutor.java:1113)
08-04 02:50:34.199 15256 21621 E baseline.com.newsblur.network.APIResponse: 	at java.util.concurrent.ThreadPoolExecutor$Worker.run(ThreadPoolExecutor.java:588)
08-04 02:50:34.199 15256 21621 E baseline.com.newsblur.network.APIResponse: 	at java.lang.Thread.run(Thread.java:818)
08-04 02:50:34.199 15256 21621 E baseline.com.newsblur.network.APIResponse: Caused by: java.io.EOFException: \n not found: limit=0 content=
08-04 02:50:34.199 15256 21621 E baseline.com.newsblur.network.APIResponse: 	at okio.RealBufferedSource.readUtf8LineStrict(RealBufferedSource.java:240)
08-04 02:50:34.199 15256 21621 E baseline.com.newsblur.network.APIResponse: 	at okhttp3.internal.http1.Http1ExchangeCodec.readHeaderLine(Http1ExchangeCodec.java:242)
08-04 02:50:34.199 15256 21621 E baseline.com.newsblur.network.APIResponse: 	at okhttp3.internal.http1.Http1ExchangeCodec.readResponseHeaders(Http1ExchangeCodec.java:213)
08-04 02:50:34.199 15256 21621 E baseline.com.newsblur.network.APIResponse: 	... 30 more
08-04 02:50:34.200 15256 21621 I baseline.com.newsblur.network.APIManager: API call failed, pausing before retry number 1
08-04 02:50:34.231 15256 15269 I art     : Explicit concurrent mark sweep GC freed 813(196KB) AllocSpace objects, 2(40KB) LOS objects, 29% free, 37MB/53MB, paused 1.157ms total 39.317ms
08-04 02:50:34.429   918  3261 D WifiStateMachine: starting scan for "H369AA63323"WPA_PSK with 2412,5180
08-04 02:50:34.571 15256 20845 I art     : Starting a blocking GC Explicit
08-04 02:50:34.610 15256 20845 I art     : Explicit concurrent mark sweep GC freed 2017(119KB) AllocSpace objects, 1(20KB) LOS objects, 29% free, 37MB/53MB, paused 1.034ms total 37.853ms
08-04 02:50:34.623 15256 20845 I art     : Starting a blocking GC Explicit
08-04 02:50:34.624   518   646 I ThermalEngine: ACTION: GPU - Setting GPU[0] to 450000000
08-04 02:50:34.664 15256 20845 I art     : Explicit concurrent mark sweep GC freed 189(8KB) AllocSpace objects, 0(0B) LOS objects, 29% free, 37MB/53MB, paused 1.216ms total 40.318ms
08-04 02:50:34.677 15256 20845 I art     : Starting a blocking GC Explicit
08-04 02:50:34.719 15256 20845 I art     : Explicit concurrent mark sweep GC freed 9(288B) AllocSpace objects, 0(0B) LOS objects, 29% free, 37MB/53MB, paused 1.424ms total 41.751ms
08-04 02:50:34.732 15256 20845 I art     : Starting a blocking GC Explicit
08-04 02:50:34.774 15256 20845 I art     : Explicit concurrent mark sweep GC freed 9(288B) AllocSpace objects, 0(0B) LOS objects, 29% free, 37MB/53MB, paused 1.294ms total 41.451ms
08-04 02:50:34.787 15256 20845 I art     : Starting a blocking GC Explicit
08-04 02:50:34.829 15256 20845 I art     : Explicit concurrent mark sweep GC freed 9(288B) AllocSpace objects, 0(0B) LOS objects, 29% free, 37MB/53MB, paused 1.441ms total 41.505ms
08-04 02:50:35.169 15256 15272 I art     : Starting a blocking GC Explicit
08-04 02:50:35.214 15256 15272 I art     : Explicit concurrent mark sweep GC freed 1521(86KB) AllocSpace objects, 1(20KB) LOS objects, 29% free, 37MB/53MB, paused 1.294ms total 44.650ms
08-04 02:50:35.229 15256 15272 I art     : Starting a blocking GC Explicit
08-04 02:50:35.270 15256 15272 I art     : Explicit concurrent mark sweep GC freed 28(976B) AllocSpace objects, 0(0B) LOS objects, 29% free, 37MB/53MB, paused 1.434ms total 40.367ms
08-04 02:50:35.282 15256 15272 I art     : Starting a blocking GC Explicit
08-04 02:50:35.323 15256 15272 I art     : Explicit concurrent mark sweep GC freed 9(288B) AllocSpace objects, 0(0B) LOS objects, 29% free, 37MB/53MB, paused 1.259ms total 40.733ms
08-04 02:50:35.335 15256 15272 I art     : Starting a blocking GC Explicit
08-04 02:50:35.378 15256 15272 I art     : Explicit concurrent mark sweep GC freed 6(192B) AllocSpace objects, 0(0B) LOS objects, 29% free, 37MB/53MB, paused 1.330ms total 42.244ms
08-04 02:50:35.391 15256 15272 I art     : Starting a blocking GC Explicit
08-04 02:50:35.435 15256 15272 I art     : Explicit concurrent mark sweep GC freed 3(96B) AllocSpace objects, 0(0B) LOS objects, 29% free, 37MB/53MB, paused 1.323ms total 44.026ms
08-04 02:50:35.544 21787 21787 D AndroidRuntime: >>>>>> START com.android.internal.os.RuntimeInit uid 2000 <<<<<<
08-04 02:50:35.551 21787 21787 D AndroidRuntime: CheckJNI is OFF
08-04 02:50:35.594 21787 21787 D ICU     : No timezone override file found: /data/misc/zoneinfo/current/icu/icu_tzdata.dat
08-04 02:50:35.636 21787 21787 I Radio-JNI: register_android_hardware_Radio DONE
08-04 02:50:35.663 21787 21787 D AndroidRuntime: Calling main entry com.android.commands.input.Input
08-04 02:50:35.665 21787 21787 I Input   : injectMotionEvent: MotionEvent { action=ACTION_DOWN, actionButton=0, id[0]=0, x[0]=594.0, y[0]=330.0, toolType[0]=TOOL_TYPE_UNKNOWN, buttonState=0, metaState=0, flags=0x0, edgeFlags=0x0, pointerCount=1, historySize=0, eventTime=672652078, downTime=672652078, deviceId=0, source=0x1002 }
08-04 02:50:35.670 21787 21787 I Input   : injectMotionEvent: MotionEvent { action=ACTION_UP, actionButton=0, id[0]=0, x[0]=594.0, y[0]=330.0, toolType[0]=TOOL_TYPE_UNKNOWN, buttonState=0, metaState=0, flags=0x0, edgeFlags=0x0, pointerCount=1, historySize=0, eventTime=672652078, downTime=672652078, deviceId=0, source=0x1002 }
08-04 02:50:35.672 21787 21787 D AndroidRuntime: Shutting down VM
08-04 02:50:35.738   918  5481 I ActivityManager: START u0 {cmp=baseline.com.newsblur/.activity.GlobalSharedStoriesItemsList (has extras)} from uid 10652 on display 0
08-04 02:50:35.763 15256 20926 I baseline.com.newsblur.database.BlurDatabaseHelper: reading session reset
08-04 02:50:35.788 15256 20845 I art     : Starting a blocking GC Explicit
08-04 02:50:35.832 15256 20845 I art     : Explicit concurrent mark sweep GC freed 3501(265KB) AllocSpace objects, 6(212KB) LOS objects, 29% free, 37MB/53MB, paused 1.480ms total 43.324ms
08-04 02:50:35.844 15256 20845 I art     : Starting a blocking GC Explicit
08-04 02:50:35.888 15256 20845 I art     : Explicit concurrent mark sweep GC freed 218(10KB) AllocSpace objects, 0(0B) LOS objects, 29% free, 37MB/53MB, paused 1.466ms total 42.965ms
08-04 02:50:35.900 15256 20845 I art     : Starting a blocking GC Explicit
08-04 02:50:35.941 15256 20845 I art     : Explicit concurrent mark sweep GC freed 572(44KB) AllocSpace objects, 1(20KB) LOS objects, 29% free, 37MB/53MB, paused 1.899ms total 40.363ms
08-04 02:50:35.952 15256 15256 W View    : requestLayout() improperly called by android.widget.FrameLayout{31fbf7d V.E...... ......ID 0,0-1440,18 #7f07003f app:id/footer_view_inner} during layout: running second layout pass
08-04 02:50:35.952 15256 15256 W View    : requestLayout() improperly called by android.widget.FrameLayout{88ace72 V.E...... ......ID 0,0-1440,2091 #7f07003f app:id/footer_view_inner} during layout: running second layout pass
08-04 02:50:35.954 15256 20845 I art     : Starting a blocking GC Explicit
08-04 02:50:35.971   918   936 I ActivityManager: Displayed baseline.com.newsblur/.activity.GlobalSharedStoriesItemsList: +223ms
08-04 02:50:35.972 13866 13866 I GoogleInputMethodServic: GoogleInputMethodService.onFinishInput():3138 
08-04 02:50:35.972 13866 13866 I GoogleInputMethodServic: GoogleInputMethodService.onStartInput():1808 
08-04 02:50:35.996 15256 20845 I art     : Explicit concurrent mark sweep GC freed 710(58KB) AllocSpace objects, 3(60KB) LOS objects, 29% free, 37MB/53MB, paused 1.571ms total 41.763ms
08-04 02:50:36.008 15256 20845 I art     : Starting a blocking GC Explicit
08-04 02:50:36.052 15256 20845 I art     : Explicit concurrent mark sweep GC freed 1034(63KB) AllocSpace objects, 4(80KB) LOS objects, 29% free, 37MB/53MB, paused 1.828ms total 44.216ms
08-04 02:50:36.071 15256 21819 I NAPPA_EXPERIMENTATION: MetricNetworkRequestExecutionTime: REQUEST_DURATION_SYSTEM='37',REQUEST_DURATION_OKHTTP='36',REQUEST_SYNCHRONOUS='TRUE',RESPONSE_CODE='200',RESPONSE_METHOD='GET',RESPONSE_LENGTH_OKHTTP='43',RESPONSE_LENGTH_HEADER='43',REQUEST_PROTOCOL='http/1.1',REQUEST_URL='http://feeds.feedburner.com/~r/retort/~4/UffaFMiJbNs',
08-04 02:50:36.148 15256 21621 E baseline.com.newsblur.network.APIResponse: Error (unexpected end of stream on https://www.newsblur.com/...) calling https://www.newsblur.com/reader/mark_story_hashes_as_read/
08-04 02:50:36.148 15256 21621 E baseline.com.newsblur.network.APIResponse: java.io.IOException: unexpected end of stream on https://www.newsblur.com/...
08-04 02:50:36.148 15256 21621 E baseline.com.newsblur.network.APIResponse: 	at okhttp3.internal.http1.Http1ExchangeCodec.readResponseHeaders(Http1ExchangeCodec.java:236)
08-04 02:50:36.148 15256 21621 E baseline.com.newsblur.network.APIResponse: 	at okhttp3.internal.connection.Exchange.readResponseHeaders(Exchange.java:115)
08-04 02:50:36.148 15256 21621 E baseline.com.newsblur.network.APIResponse: 	at okhttp3.internal.http.CallServerInterceptor.intercept(CallServerInterceptor.java:94)
08-04 02:50:36.148 15256 21621 E baseline.com.newsblur.network.APIResponse: 	at okhttp3.internal.http.RealInterceptorChain.proceed(RealInterceptorChain.java:142)
08-04 02:50:36.148 15256 21621 E baseline.com.newsblur.network.APIResponse: 	at okhttp3.internal.connection.ConnectInterceptor.intercept(ConnectInterceptor.java:43)
08-04 02:50:36.148 15256 21621 E baseline.com.newsblur.network.APIResponse: 	at okhttp3.internal.http.RealInterceptorChain.proceed(RealInterceptorChain.java:142)
08-04 02:50:36.148 15256 21621 E baseline.com.newsblur.network.APIResponse: 	at okhttp3.internal.http.RealInterceptorChain.proceed(RealInterceptorChain.java:117)
08-04 02:50:36.148 15256 21621 E baseline.com.newsblur.network.APIResponse: 	at okhttp3.internal.cache.CacheInterceptor.intercept(CacheInterceptor.java:94)
08-04 02:50:36.148 15256 21621 E baseline.com.newsblur.network.APIResponse: 	at okhttp3.internal.http.RealInterceptorChain.proceed(RealInterceptorChain.java:142)
08-04 02:50:36.148 15256 21621 E baseline.com.newsblur.network.APIResponse: 	at okhttp3.internal.http.RealInterceptorChain.proceed(RealInterceptorChain.java:117)
08-04 02:50:36.148 15256 21621 E baseline.com.newsblur.network.APIResponse: 	at okhttp3.internal.http.BridgeInterceptor.intercept(BridgeInterceptor.java:93)
08-04 02:50:36.148 15256 21621 E baseline.com.newsblur.network.APIResponse: 	at okhttp3.internal.http.RealInterceptorChain.proceed(RealInterceptorChain.java:142)
08-04 02:50:36.148 15256 21621 E baseline.com.newsblur.network.APIResponse: 	at okhttp3.internal.http.RetryAndFollowUpInterceptor.intercept(RetryAndFollowUpInterceptor.java:88)
08-04 02:50:36.148 15256 21621 E baseline.com.newsblur.network.APIResponse: 	at okhttp3.internal.http.RealInterceptorChain.proceed(RealInterceptorChain.java:142)
08-04 02:50:36.148 15256 21621 E baseline.com.newsblur.network.APIResponse: 	at okhttp3.internal.http.RealInterceptorChain.proceed(RealInterceptorChain.java:117)
08-04 02:50:36.148 15256 21621 E baseline.com.newsblur.network.APIResponse: 	at okhttp3.RealCall.getResponseWithInterceptorChain(RealCall.java:229)
08-04 02:50:36.148 15256 21621 E baseline.com.newsblur.network.APIResponse: 	at okhttp3.RealCall.execute(RealCall.java:81)
08-04 02:50:36.148 15256 21621 E baseline.com.newsblur.network.APIResponse: 	at baseline.com.newsblur.network.APIResponse.<init>(APIResponse.java:57)
08-04 02:50:36.148 15256 21621 E baseline.com.newsblur.network.APIResponse: 	at baseline.com.newsblur.network.APIResponse.<init>(APIResponse.java:43)
08-04 02:50:36.148 15256 21621 E baseline.com.newsblur.network.APIResponse: 	at baseline.com.newsblur.network.APIManager.post_single(APIManager.java:702)
08-04 02:50:36.148 15256 21621 E baseline.com.newsblur.network.APIResponse: 	at baseline.com.newsblur.network.APIManager.post(APIManager.java:675)
08-04 02:50:36.148 15256 21621 E baseline.com.newsblur.network.APIResponse: 	at baseline.com.newsblur.network.APIManager.post(APIManager.java:714)
08-04 02:50:36.148 15256 21621 E baseline.com.newsblur.network.APIResponse: 	at baseline.com.newsblur.network.APIManager.markStoryAsRead(APIManager.java:205)
08-04 02:50:36.148 15256 21621 E baseline.com.newsblur.network.APIResponse: 	at baseline.com.newsblur.util.ReadingAction.doRemote(ReadingAction.java:281)
08-04 02:50:36.148 15256 21621 E baseline.com.newsblur.network.APIResponse: 	at baseline.com.newsblur.service.NBSyncService.syncActions(NBSyncService.java:400)
08-04 02:50:36.148 15256 21621 E baseline.com.newsblur.network.APIResponse: 	at baseline.com.newsblur.service.NBSyncService.doSync(NBSyncService.java:298)
08-04 02:50:36.148 15256 21621 E baseline.com.newsblur.network.APIResponse: 	at baseline.com.newsblur.service.NBSyncService.access$100(NBSyncService.java:67)
08-04 02:50:36.148 15256 21621 E baseline.com.newsblur.network.APIResponse: 	at baseline.com.newsblur.service.NBSyncService$1.run(NBSyncService.java:188)
08-04 02:50:36.148 15256 21621 E baseline.com.newsblur.network.APIResponse: 	at java.util.concurrent.ThreadPoolExecutor.runWorker(ThreadPoolExecutor.java:1113)
08-04 02:50:36.148 15256 21621 E baseline.com.newsblur.network.APIResponse: 	at java.util.concurrent.ThreadPoolExecutor$Worker.run(ThreadPoolExecutor.java:588)
08-04 02:50:36.148 15256 21621 E baseline.com.newsblur.network.APIResponse: 	at java.lang.Thread.run(Thread.java:818)
08-04 02:50:36.148 15256 21621 E baseline.com.newsblur.network.APIResponse: Caused by: java.io.EOFException: \n not found: limit=0 content=
08-04 02:50:36.148 15256 21621 E baseline.com.newsblur.network.APIResponse: 	at okio.RealBufferedSource.readUtf8LineStrict(RealBufferedSource.java:240)
08-04 02:50:36.148 15256 21621 E baseline.com.newsblur.network.APIResponse: 	at okhttp3.internal.http1.Http1ExchangeCodec.readHeaderLine(Http1ExchangeCodec.java:242)
08-04 02:50:36.148 15256 21621 E baseline.com.newsblur.network.APIResponse: 	at okhttp3.internal.http1.Http1ExchangeCodec.readResponseHeaders(Http1ExchangeCodec.java:213)
08-04 02:50:36.148 15256 21621 E baseline.com.newsblur.network.APIResponse: 	... 30 more
08-04 02:50:36.150 15256 21621 I baseline.com.newsblur.network.APIManager: API call failed, pausing before retry number 2
08-04 02:50:36.391 15256 20844 I art     : Starting a blocking GC Explicit
08-04 02:50:36.435 15256 20844 I art     : Explicit concurrent mark sweep GC freed 4761(423KB) AllocSpace objects, 5(100KB) LOS objects, 29% free, 37MB/53MB, paused 1.235ms total 43.941ms
08-04 02:50:36.448 15256 20844 I art     : Starting a blocking GC Explicit
08-04 02:50:36.493 15256 20844 I art     : Explicit concurrent mark sweep GC freed 134(4KB) AllocSpace objects, 0(0B) LOS objects, 29% free, 37MB/53MB, paused 1.444ms total 44.777ms
08-04 02:50:36.506 15256 20844 I art     : Starting a blocking GC Explicit
08-04 02:50:36.552 15256 20844 I art     : Explicit concurrent mark sweep GC freed 3(96B) AllocSpace objects, 0(0B) LOS objects, 29% free, 37MB/53MB, paused 1.316ms total 45.110ms
08-04 02:50:36.552 15256 15268 I art     : WaitForGcToComplete blocked for 21.059ms for cause HeapTrim
08-04 02:50:36.565 15256 20844 I art     : Starting a blocking GC Explicit
08-04 02:50:36.611 15256 20844 I art     : Explicit concurrent mark sweep GC freed 3(96B) AllocSpace objects, 0(0B) LOS objects, 29% free, 37MB/53MB, paused 1.390ms total 45.919ms
08-04 02:50:36.624 15256 20844 I art     : Starting a blocking GC Explicit
08-04 02:50:36.670 15256 20844 I art     : Explicit concurrent mark sweep GC freed 3(96B) AllocSpace objects, 0(0B) LOS objects, 29% free, 37MB/53MB, paused 1.359ms total 45.700ms
08-04 02:50:37.010 15256 20845 I art     : Starting a blocking GC Explicit
08-04 02:50:37.059 15256 20845 I art     : Explicit concurrent mark sweep GC freed 1439(82KB) AllocSpace objects, 1(20KB) LOS objects, 29% free, 37MB/53MB, paused 1.590ms total 48.565ms
08-04 02:50:37.075 15256 20845 I art     : Starting a blocking GC Explicit
08-04 02:50:37.118 15256 20845 I art     : Explicit concurrent mark sweep GC freed 23(816B) AllocSpace objects, 0(0B) LOS objects, 29% free, 37MB/53MB, paused 1.397ms total 43.248ms
08-04 02:50:37.131 15256 20845 I art     : Starting a blocking GC Explicit
08-04 02:50:37.174 15256 20845 I art     : Explicit concurrent mark sweep GC freed 9(288B) AllocSpace objects, 0(0B) LOS objects, 29% free, 37MB/53MB, paused 1.331ms total 42.916ms
08-04 02:50:37.187 15256 20845 I art     : Starting a blocking GC Explicit
08-04 02:50:37.233 15256 20845 I art     : Explicit concurrent mark sweep GC freed 11(352B) AllocSpace objects, 0(0B) LOS objects, 29% free, 37MB/53MB, paused 1.264ms total 45.898ms
08-04 02:50:37.247 15256 20845 I art     : Starting a blocking GC Explicit
08-04 02:50:37.294 15256 20845 I art     : Explicit concurrent mark sweep GC freed 10(320B) AllocSpace objects, 0(0B) LOS objects, 29% free, 37MB/53MB, paused 1.637ms total 46.831ms
08-04 02:50:37.628   518   646 I ThermalEngine: ACTION: GPU - Setting GPU[0] to 510000000
08-04 02:50:37.677 15256 15272 I art     : Starting a blocking GC Explicit
08-04 02:50:37.718 15256 15272 I art     : Explicit concurrent mark sweep GC freed 1448(83KB) AllocSpace objects, 1(20KB) LOS objects, 29% free, 37MB/53MB, paused 1.070ms total 39.948ms
08-04 02:50:37.730 15256 15272 I art     : Starting a blocking GC Explicit
08-04 02:50:37.766 15256 15272 I art     : Explicit concurrent mark sweep GC freed 22(784B) AllocSpace objects, 0(0B) LOS objects, 29% free, 37MB/53MB, paused 1.015ms total 36.008ms
08-04 02:50:37.776 15256 15272 I art     : Starting a blocking GC Explicit
08-04 02:50:37.813 15256 15272 I art     : Explicit concurrent mark sweep GC freed 3(96B) AllocSpace objects, 0(0B) LOS objects, 29% free, 37MB/53MB, paused 1.028ms total 37.100ms
08-04 02:50:37.824 15256 15272 I art     : Starting a blocking GC Explicit
08-04 02:50:37.860 15256 15272 I art     : Explicit concurrent mark sweep GC freed 3(96B) AllocSpace objects, 0(0B) LOS objects, 29% free, 37MB/53MB, paused 1.040ms total 36.466ms
08-04 02:50:37.871 15256 15272 I art     : Starting a blocking GC Explicit
08-04 02:50:37.908 15256 15272 I art     : Explicit concurrent mark sweep GC freed 3(96B) AllocSpace objects, 0(0B) LOS objects, 29% free, 37MB/53MB, paused 1.204ms total 36.960ms
08-04 02:50:38.255 15256 20845 I art     : Starting a blocking GC Explicit
08-04 02:50:38.294 15256 20845 I art     : Explicit concurrent mark sweep GC freed 1441(83KB) AllocSpace objects, 1(20KB) LOS objects, 29% free, 37MB/53MB, paused 1.067ms total 38.239ms
08-04 02:50:38.308 15256 20845 I art     : Starting a blocking GC Explicit
08-04 02:50:38.343 15256 20845 I art     : Explicit concurrent mark sweep GC freed 22(784B) AllocSpace objects, 0(0B) LOS objects, 29% free, 37MB/53MB, paused 1.010ms total 34.965ms
08-04 02:50:38.353 15256 20845 I art     : Starting a blocking GC Explicit
08-04 02:50:38.387 15256 20845 I art     : Explicit concurrent mark sweep GC freed 3(96B) AllocSpace objects, 0(0B) LOS objects, 29% free, 37MB/53MB, paused 1.081ms total 34.291ms
08-04 02:50:38.397 15256 20845 I art     : Starting a blocking GC Explicit
08-04 02:50:38.433 15256 20845 I art     : Explicit concurrent mark sweep GC freed 3(96B) AllocSpace objects, 0(0B) LOS objects, 29% free, 37MB/53MB, paused 1.055ms total 35.610ms
08-04 02:50:38.443 15256 20845 I art     : Starting a blocking GC Explicit
08-04 02:50:38.478 15256 20845 I art     : Explicit concurrent mark sweep GC freed 3(96B) AllocSpace objects, 0(0B) LOS objects, 29% free, 37MB/53MB, paused 1.053ms total 35.034ms
08-04 02:50:38.831 15256 20844 I art     : Starting a blocking GC Explicit
08-04 02:50:38.867 15256 20844 I art     : Explicit concurrent mark sweep GC freed 1441(83KB) AllocSpace objects, 1(20KB) LOS objects, 29% free, 37MB/53MB, paused 1.017ms total 35.517ms
08-04 02:50:38.876 15256 20844 I art     : Starting a blocking GC Explicit
08-04 02:50:38.912 15256 20844 I art     : Explicit concurrent mark sweep GC freed 22(784B) AllocSpace objects, 0(0B) LOS objects, 29% free, 37MB/53MB, paused 997us total 34.836ms
08-04 02:50:38.921 15256 20844 I art     : Starting a blocking GC Explicit
08-04 02:50:38.957 15256 20844 I art     : Explicit concurrent mark sweep GC freed 3(96B) AllocSpace objects, 0(0B) LOS objects, 29% free, 37MB/53MB, paused 1.088ms total 35.469ms
08-04 02:50:38.967 15256 20844 I art     : Starting a blocking GC Explicit
08-04 02:50:39.003 15256 20844 I art     : Explicit concurrent mark sweep GC freed 3(96B) AllocSpace objects, 0(0B) LOS objects, 29% free, 37MB/53MB, paused 1.019ms total 35.494ms
08-04 02:50:39.013 15256 20844 I art     : Starting a blocking GC Explicit
08-04 02:50:39.049 15256 20844 I art     : Explicit concurrent mark sweep GC freed 3(96B) AllocSpace objects, 0(0B) LOS objects, 29% free, 37MB/53MB, paused 1.057ms total 36.261ms
08-04 02:50:39.375 15256 15269 I art     : Starting a blocking GC Explicit
08-04 02:50:39.415 15256 15269 I art     : Explicit concurrent mark sweep GC freed 1605(93KB) AllocSpace objects, 1(20KB) LOS objects, 29% free, 37MB/53MB, paused 1.062ms total 39.288ms
08-04 02:50:39.425 15256 15269 I art     : Starting a blocking GC Explicit
08-04 02:50:39.460 15256 15269 I art     : Explicit concurrent mark sweep GC freed 28(1040B) AllocSpace objects, 0(0B) LOS objects, 29% free, 37MB/53MB, paused 1.046ms total 34.092ms
08-04 02:50:39.469 15256 15269 I art     : Starting a blocking GC Explicit
08-04 02:50:39.504 15256 15269 I art     : Explicit concurrent mark sweep GC freed 3(96B) AllocSpace objects, 0(0B) LOS objects, 29% free, 37MB/53MB, paused 1.074ms total 35.187ms
08-04 02:50:39.515 15256 15269 I art     : Starting a blocking GC Explicit
08-04 02:50:39.552 15256 15269 I art     : Explicit concurrent mark sweep GC freed 3(96B) AllocSpace objects, 0(0B) LOS objects, 29% free, 37MB/53MB, paused 1.090ms total 37.300ms
08-04 02:50:39.563 15256 15269 I art     : Starting a blocking GC Explicit
08-04 02:50:39.600 15256 15269 I art     : Explicit concurrent mark sweep GC freed 1597(62KB) AllocSpace objects, 0(0B) LOS objects, 29% free, 37MB/53MB, paused 1.161ms total 37.236ms
08-04 02:50:39.640 15256 21621 E baseline.com.newsblur.network.APIResponse: Error (unexpected end of stream on https://www.newsblur.com/...) calling https://www.newsblur.com/reader/mark_story_hashes_as_read/
08-04 02:50:39.640 15256 21621 E baseline.com.newsblur.network.APIResponse: java.io.IOException: unexpected end of stream on https://www.newsblur.com/...
08-04 02:50:39.640 15256 21621 E baseline.com.newsblur.network.APIResponse: 	at okhttp3.internal.http1.Http1ExchangeCodec.readResponseHeaders(Http1ExchangeCodec.java:236)
08-04 02:50:39.640 15256 21621 E baseline.com.newsblur.network.APIResponse: 	at okhttp3.internal.connection.Exchange.readResponseHeaders(Exchange.java:115)
08-04 02:50:39.640 15256 21621 E baseline.com.newsblur.network.APIResponse: 	at okhttp3.internal.http.CallServerInterceptor.intercept(CallServerInterceptor.java:94)
08-04 02:50:39.640 15256 21621 E baseline.com.newsblur.network.APIResponse: 	at okhttp3.internal.http.RealInterceptorChain.proceed(RealInterceptorChain.java:142)
08-04 02:50:39.640 15256 21621 E baseline.com.newsblur.network.APIResponse: 	at okhttp3.internal.connection.ConnectInterceptor.intercept(ConnectInterceptor.java:43)
08-04 02:50:39.640 15256 21621 E baseline.com.newsblur.network.APIResponse: 	at okhttp3.internal.http.RealInterceptorChain.proceed(RealInterceptorChain.java:142)
08-04 02:50:39.640 15256 21621 E baseline.com.newsblur.network.APIResponse: 	at okhttp3.internal.http.RealInterceptorChain.proceed(RealInterceptorChain.java:117)
08-04 02:50:39.640 15256 21621 E baseline.com.newsblur.network.APIResponse: 	at okhttp3.internal.cache.CacheInterceptor.intercept(CacheInterceptor.java:94)
08-04 02:50:39.640 15256 21621 E baseline.com.newsblur.network.APIResponse: 	at okhttp3.internal.http.RealInterceptorChain.proceed(RealInterceptorChain.java:142)
08-04 02:50:39.640 15256 21621 E baseline.com.newsblur.network.APIResponse: 	at okhttp3.internal.http.RealInterceptorChain.proceed(RealInterceptorChain.java:117)
08-04 02:50:39.640 15256 21621 E baseline.com.newsblur.network.APIResponse: 	at okhttp3.internal.http.BridgeInterceptor.intercept(BridgeInterceptor.java:93)
08-04 02:50:39.640 15256 21621 E baseline.com.newsblur.network.APIResponse: 	at okhttp3.internal.http.RealInterceptorChain.proceed(RealInterceptorChain.java:142)
08-04 02:50:39.640 15256 21621 E baseline.com.newsblur.network.APIResponse: 	at okhttp3.internal.http.RetryAndFollowUpInterceptor.intercept(RetryAndFollowUpInterceptor.java:88)
08-04 02:50:39.640 15256 21621 E baseline.com.newsblur.network.APIResponse: 	at okhttp3.internal.http.RealInterceptorChain.proceed(RealInterceptorChain.java:142)
08-04 02:50:39.640 15256 21621 E baseline.com.newsblur.network.APIResponse: 	at okhttp3.internal.http.RealInterceptorChain.proceed(RealInterceptorChain.java:117)
08-04 02:50:39.640 15256 21621 E baseline.com.newsblur.network.APIResponse: 	at okhttp3.RealCall.getResponseWithInterceptorChain(RealCall.java:229)
08-04 02:50:39.640 15256 21621 E baseline.com.newsblur.network.APIResponse: 	at okhttp3.RealCall.execute(RealCall.java:81)
08-04 02:50:39.640 15256 21621 E baseline.com.newsblur.network.APIResponse: 	at baseline.com.newsblur.network.APIResponse.<init>(APIResponse.java:57)
08-04 02:50:39.640 15256 21621 E baseline.com.newsblur.network.APIResponse: 	at baseline.com.newsblur.network.APIResponse.<init>(APIResponse.java:43)
08-04 02:50:39.640 15256 21621 E baseline.com.newsblur.network.APIResponse: 	at baseline.com.newsblur.network.APIManager.post_single(APIManager.java:702)
08-04 02:50:39.640 15256 21621 E baseline.com.newsblur.network.APIResponse: 	at baseline.com.newsblur.network.APIManager.post(APIManager.java:675)
08-04 02:50:39.640 15256 21621 E baseline.com.newsblur.network.APIResponse: 	at baseline.com.newsblur.network.APIManager.post(APIManager.java:714)
08-04 02:50:39.640 15256 21621 E baseline.com.newsblur.network.APIResponse: 	at baseline.com.newsblur.network.APIManager.markStoryAsRead(APIManager.java:205)
08-04 02:50:39.640 15256 21621 E baseline.com.newsblur.network.APIResponse: 	at baseline.com.newsblur.util.ReadingAction.doRemote(ReadingAction.java:281)
08-04 02:50:39.640 15256 21621 E baseline.com.newsblur.network.APIResponse: 	at baseline.com.newsblur.service.NBSyncService.syncActions(NBSyncService.java:400)
08-04 02:50:39.640 15256 21621 E baseline.com.newsblur.network.APIResponse: 	at baseline.com.newsblur.service.NBSyncService.doSync(NBSyncService.java:298)
08-04 02:50:39.640 15256 21621 E baseline.com.newsblur.network.APIResponse: 	at baseline.com.newsblur.service.NBSyncService.access$100(NBSyncService.java:67)
08-04 02:50:39.640 15256 21621 E baseline.com.newsblur.network.APIResponse: 	at baseline.com.newsblur.service.NBSyncService$1.run(NBSyncService.java:188)
08-04 02:50:39.640 15256 21621 E baseline.com.newsblur.network.APIResponse: 	at java.util.concurrent.ThreadPoolExecutor.runWorker(ThreadPoolExecutor.java:1113)
08-04 02:50:39.640 15256 21621 E baseline.com.newsblur.network.APIResponse: 	at java.util.concurrent.ThreadPoolExecutor$Worker.run(ThreadPoolExecutor.java:588)
08-04 02:50:39.640 15256 21621 E baseline.com.newsblur.network.APIResponse: 	at java.lang.Thread.run(Thread.java:818)
08-04 02:50:39.640 15256 21621 E baseline.com.newsblur.network.APIResponse: Caused by: java.io.EOFException: \n not found: limit=0 content=
08-04 02:50:39.640 15256 21621 E baseline.com.newsblur.network.APIResponse: 	at okio.RealBufferedSource.readUtf8LineStrict(RealBufferedSource.java:240)
08-04 02:50:39.640 15256 21621 E baseline.com.newsblur.network.APIResponse: 	at okhttp3.internal.http1.Http1ExchangeCodec.readHeaderLine(Http1ExchangeCodec.java:242)
08-04 02:50:39.640 15256 21621 E baseline.com.newsblur.network.APIResponse: 	at okhttp3.internal.http1.Http1ExchangeCodec.readResponseHeaders(Http1ExchangeCodec.java:213)
08-04 02:50:39.640 15256 21621 E baseline.com.newsblur.network.APIResponse: 	... 30 more
08-04 02:50:39.642 15256 21621 I baseline.com.newsblur.service.NBSyncService: Holding reading action with server-side or network error.
08-04 02:50:39.659 15256 21621 W baseline.com.newsblur.service.NBSyncService: hard API failure
08-04 02:50:39.672 15256 21621 I baseline.com.newsblur.service.NBSyncService: recounting dirty feed sets: 1
08-04 02:50:39.955 15256 15272 I art     : Starting a blocking GC Explicit
08-04 02:50:39.996 15256 15272 I art     : Explicit concurrent mark sweep GC freed 3206(366KB) AllocSpace objects, 5(100KB) LOS objects, 29% free, 37MB/53MB, paused 1.185ms total 39.940ms
08-04 02:50:40.007 15256 15272 I art     : Starting a blocking GC Explicit
08-04 02:50:40.040 15256 15272 I art     : Explicit concurrent mark sweep GC freed 250(9KB) AllocSpace objects, 0(0B) LOS objects, 29% free, 37MB/53MB, paused 1.016ms total 33.295ms
08-04 02:50:40.050 15256 15272 I art     : Starting a blocking GC Explicit
08-04 02:50:40.085 15256 15272 I art     : Explicit concurrent mark sweep GC freed 3(96B) AllocSpace objects, 0(0B) LOS objects, 29% free, 37MB/53MB, paused 1.057ms total 35.502ms
08-04 02:50:40.095 15256 15272 I art     : Starting a blocking GC Explicit
08-04 02:50:40.131 15256 15272 I art     : Explicit concurrent mark sweep GC freed 1656(64KB) AllocSpace objects, 0(0B) LOS objects, 29% free, 37MB/53MB, paused 1.030ms total 35.777ms
08-04 02:50:40.141 15256 15272 I art     : Starting a blocking GC Explicit
08-04 02:50:40.150 15256 21621 E baseline.com.newsblur.network.APIResponse: Error (unexpected end of stream on https://www.newsblur.com/...) calling https://www.newsblur.com/reader/feed_unread_count?feed_id=0
08-04 02:50:40.150 15256 21621 E baseline.com.newsblur.network.APIResponse: java.io.IOException: unexpected end of stream on https://www.newsblur.com/...
08-04 02:50:40.150 15256 21621 E baseline.com.newsblur.network.APIResponse: 	at okhttp3.internal.http1.Http1ExchangeCodec.readResponseHeaders(Http1ExchangeCodec.java:236)
08-04 02:50:40.150 15256 21621 E baseline.com.newsblur.network.APIResponse: 	at okhttp3.internal.connection.Exchange.readResponseHeaders(Exchange.java:115)
08-04 02:50:40.150 15256 21621 E baseline.com.newsblur.network.APIResponse: 	at okhttp3.internal.http.CallServerInterceptor.intercept(CallServerInterceptor.java:94)
08-04 02:50:40.150 15256 21621 E baseline.com.newsblur.network.APIResponse: 	at okhttp3.internal.http.RealInterceptorChain.proceed(RealInterceptorChain.java:142)
08-04 02:50:40.150 15256 21621 E baseline.com.newsblur.network.APIResponse: 	at okhttp3.internal.connection.ConnectInterceptor.intercept(ConnectInterceptor.java:43)
08-04 02:50:40.150 15256 21621 E baseline.com.newsblur.network.APIResponse: 	at okhttp3.internal.http.RealInterceptorChain.proceed(RealInterceptorChain.java:142)
08-04 02:50:40.150 15256 21621 E baseline.com.newsblur.network.APIResponse: 	at okhttp3.internal.http.RealInterceptorChain.proceed(RealInterceptorChain.java:117)
08-04 02:50:40.150 15256 21621 E baseline.com.newsblur.network.APIResponse: 	at okhttp3.internal.cache.CacheInterceptor.intercept(CacheInterceptor.java:94)
08-04 02:50:40.150 15256 21621 E baseline.com.newsblur.network.APIResponse: 	at okhttp3.internal.http.RealInterceptorChain.proceed(RealInterceptorChain.java:142)
08-04 02:50:40.150 15256 21621 E baseline.com.newsblur.network.APIResponse: 	at okhttp3.internal.http.RealInterceptorChain.proceed(RealInterceptorChain.java:117)
08-04 02:50:40.150 15256 21621 E baseline.com.newsblur.network.APIResponse: 	at okhttp3.internal.http.BridgeInterceptor.intercept(BridgeInterceptor.java:93)
08-04 02:50:40.150 15256 21621 E baseline.com.newsblur.network.APIResponse: 	at okhttp3.internal.http.RealInterceptorChain.proceed(RealInterceptorChain.java:142)
08-04 02:50:40.150 15256 21621 E baseline.com.newsblur.network.APIResponse: 	at okhttp3.internal.http.RetryAndFollowUpInterceptor.intercept(RetryAndFollowUpInterceptor.java:88)
08-04 02:50:40.150 15256 21621 E baseline.com.newsblur.network.APIResponse: 	at okhttp3.internal.http.RealInterceptorChain.proceed(RealInterceptorChain.java:142)
08-04 02:50:40.150 15256 21621 E baseline.com.newsblur.network.APIResponse: 	at okhttp3.internal.http.RealInterceptorChain.proceed(RealInterceptorChain.java:117)
08-04 02:50:40.150 15256 21621 E baseline.com.newsblur.network.APIResponse: 	at okhttp3.RealCall.getResponseWithInterceptorChain(RealCall.java:229)
08-04 02:50:40.150 15256 21621 E baseline.com.newsblur.network.APIResponse: 	at okhttp3.RealCall.execute(RealCall.java:81)
08-04 02:50:40.150 15256 21621 E baseline.com.newsblur.network.APIResponse: 	at baseline.com.newsblur.network.APIResponse.<init>(APIResponse.java:57)
08-04 02:50:40.150 15256 21621 E baseline.com.newsblur.network.APIResponse: 	at baseline.com.newsblur.network.APIManager.get_single(APIManager.java:639)
08-04 02:50:40.150 15256 21621 E baseline.com.newsblur.network.APIResponse: 	at baseline.com.newsblur.network.APIManager.get(APIManager.java:625)
08-04 02:50:40.150 15256 21621 E baseline.com.newsblur.network.APIResponse: 	at baseline.com.newsblur.network.APIManager.get(APIManager.java:667)
08-04 02:50:40.150 15256 21621 E baseline.com.newsblur.network.APIResponse: 	at baseline.com.newsblur.network.APIManager.getFeedUnreadCounts(APIManager.java:274)
08-04 02:50:40.150 15256 21621 E baseline.com.newsblur.network.APIResponse: 	at baseline.com.newsblur.service.NBSyncService.checkRecounts(NBSyncService.java:660)
08-04 02:50:40.150 15256 21621 E baseline.com.newsblur.network.APIResponse: 	at baseline.com.newsblur.service.NBSyncService.doSync(NBSyncService.java:310)
08-04 02:50:40.150 15256 21621 E baseline.com.newsblur.network.APIResponse: 	at baseline.com.newsblur.service.NBSyncService.access$100(NBSyncService.java:67)
08-04 02:50:40.150 15256 21621 E baseline.com.newsblur.network.APIResponse: 	at baseline.com.newsblur.service.NBSyncService$1.run(NBSyncService.java:188)
08-04 02:50:40.150 15256 21621 E baseline.com.newsblur.network.APIResponse: 	at java.util.concurrent.ThreadPoolExecutor.runWorker(ThreadPoolExecutor.java:1113)
08-04 02:50:40.150 15256 21621 E baseline.com.newsblur.network.APIResponse: 	at java.util.concurrent.ThreadPoolExecutor$Worker.run(ThreadPoolExecutor.java:588)
08-04 02:50:40.150 15256 21621 E baseline.com.newsblur.network.APIResponse: 	at java.lang.Thread.run(Thread.java:818)
08-04 02:50:40.150 15256 21621 E baseline.com.newsblur.network.APIResponse: Caused by: java.io.EOFException: \n not found: limit=0 content=
08-04 02:50:40.150 15256 21621 E baseline.com.newsblur.network.APIResponse: 	at okio.RealBufferedSource.readUtf8LineStrict(RealBufferedSource.java:240)
08-04 02:50:40.150 15256 21621 E baseline.com.newsblur.network.APIResponse: 	at okhttp3.internal.http1.Http1ExchangeCodec.readHeaderLine(Http1ExchangeCodec.java:242)
08-04 02:50:40.150 15256 21621 E baseline.com.newsblur.network.APIResponse: 	at okhttp3.internal.http1.Http1ExchangeCodec.readResponseHeaders(Http1ExchangeCodec.java:213)
08-04 02:50:40.150 15256 21621 E baseline.com.newsblur.network.APIResponse: 	... 28 more
08-04 02:50:40.152 15256 21621 I baseline.com.newsblur.network.APIManager: API call failed, pausing before retry number 1
08-04 02:50:40.178 15256 15272 I art     : Explicit concurrent mark sweep GC freed 796(194KB) AllocSpace objects, 2(40KB) LOS objects, 29% free, 37MB/53MB, paused 1.107ms total 36.231ms
08-04 02:50:40.533 15256 20845 I art     : Starting a blocking GC Explicit
08-04 02:50:40.571 15256 20845 I art     : Explicit concurrent mark sweep GC freed 1545(98KB) AllocSpace objects, 1(20KB) LOS objects, 29% free, 37MB/53MB, paused 1.081ms total 37.848ms
08-04 02:50:40.583 15256 20845 I art     : Starting a blocking GC Explicit
08-04 02:50:40.618 15256 20845 I art     : Explicit concurrent mark sweep GC freed 44(1520B) AllocSpace objects, 0(0B) LOS objects, 29% free, 37MB/53MB, paused 1.166ms total 34.350ms
08-04 02:50:40.628 15256 20845 I art     : Starting a blocking GC Explicit
08-04 02:50:40.663 15256 20845 I art     : Explicit concurrent mark sweep GC freed 3(96B) AllocSpace objects, 0(0B) LOS objects, 29% free, 37MB/53MB, paused 1.006ms total 34.756ms
08-04 02:50:40.673 15256 20845 I art     : Starting a blocking GC Explicit
08-04 02:50:40.708 15256 20845 I art     : Explicit concurrent mark sweep GC freed 3(96B) AllocSpace objects, 0(0B) LOS objects, 29% free, 37MB/53MB, paused 1.041ms total 35.125ms
08-04 02:50:40.719 15256 20845 I art     : Starting a blocking GC Explicit
08-04 02:50:40.754 15256 20845 I art     : Explicit concurrent mark sweep GC freed 3(96B) AllocSpace objects, 0(0B) LOS objects, 29% free, 37MB/53MB, paused 1.023ms total 35.725ms
08-04 02:50:41.106 15256 20844 I art     : Starting a blocking GC Explicit
08-04 02:50:41.146 15256 20844 I art     : Explicit concurrent mark sweep GC freed 1437(82KB) AllocSpace objects, 1(20KB) LOS objects, 29% free, 37MB/53MB, paused 1.032ms total 39.327ms
08-04 02:50:41.159 15256 20844 I art     : Starting a blocking GC Explicit
08-04 02:50:41.194 15256 20844 I art     : Explicit concurrent mark sweep GC freed 22(784B) AllocSpace objects, 0(0B) LOS objects, 29% free, 37MB/53MB, paused 1.018ms total 34.692ms
08-04 02:50:41.204 15256 20844 I art     : Starting a blocking GC Explicit
08-04 02:50:41.239 15256 20844 I art     : Explicit concurrent mark sweep GC freed 3(96B) AllocSpace objects, 0(0B) LOS objects, 29% free, 37MB/53MB, paused 1.047ms total 35.119ms
08-04 02:50:41.249 15256 20844 I art     : Starting a blocking GC Explicit
08-04 02:50:41.285 15256 20844 I art     : Explicit concurrent mark sweep GC freed 3(96B) AllocSpace objects, 0(0B) LOS objects, 29% free, 37MB/53MB, paused 1.098ms total 35.838ms
08-04 02:50:41.295 15256 20844 I art     : Starting a blocking GC Explicit
08-04 02:50:41.331 15256 20844 I art     : Explicit concurrent mark sweep GC freed 3(96B) AllocSpace objects, 0(0B) LOS objects, 29% free, 37MB/53MB, paused 1.090ms total 35.896ms
08-04 02:50:41.687 15256 15269 I art     : Starting a blocking GC Explicit
08-04 02:50:41.726 15256 15269 I art     : Explicit concurrent mark sweep GC freed 1531(86KB) AllocSpace objects, 1(20KB) LOS objects, 29% free, 37MB/53MB, paused 1.130ms total 38.696ms
08-04 02:50:41.743 15256 15269 I art     : Starting a blocking GC Explicit
08-04 02:50:41.778 15256 15269 I art     : Explicit concurrent mark sweep GC freed 99(6KB) AllocSpace objects, 0(0B) LOS objects, 29% free, 37MB/53MB, paused 1.145ms total 34.507ms
08-04 02:50:41.787 15256 15269 I art     : Starting a blocking GC Explicit
08-04 02:50:41.823 15256 15269 I art     : Explicit concurrent mark sweep GC freed 6(288B) AllocSpace objects, 0(0B) LOS objects, 29% free, 37MB/53MB, paused 974us total 34.955ms
08-04 02:50:41.832 15256 15269 I art     : Starting a blocking GC Explicit
08-04 02:50:41.852 13589 13589 I ServiceManager: Waiting for service AtCmdFwd...
08-04 02:50:41.869 15256 15269 I art     : Explicit concurrent mark sweep GC freed 3(96B) AllocSpace objects, 0(0B) LOS objects, 29% free, 37MB/53MB, paused 1.088ms total 36.006ms
08-04 02:50:41.879 15256 15269 I art     : Starting a blocking GC Explicit
08-04 02:50:41.915 15256 15269 I art     : Explicit concurrent mark sweep GC freed 3(96B) AllocSpace objects, 0(0B) LOS objects, 29% free, 37MB/53MB, paused 1.054ms total 35.817ms
08-04 02:50:42.184 15256 21621 E baseline.com.newsblur.network.APIResponse: Error (unexpected end of stream on https://www.newsblur.com/...) calling https://www.newsblur.com/reader/feed_unread_count?feed_id=0
08-04 02:50:42.184 15256 21621 E baseline.com.newsblur.network.APIResponse: java.io.IOException: unexpected end of stream on https://www.newsblur.com/...
08-04 02:50:42.184 15256 21621 E baseline.com.newsblur.network.APIResponse: 	at okhttp3.internal.http1.Http1ExchangeCodec.readResponseHeaders(Http1ExchangeCodec.java:236)
08-04 02:50:42.184 15256 21621 E baseline.com.newsblur.network.APIResponse: 	at okhttp3.internal.connection.Exchange.readResponseHeaders(Exchange.java:115)
08-04 02:50:42.184 15256 21621 E baseline.com.newsblur.network.APIResponse: 	at okhttp3.internal.http.CallServerInterceptor.intercept(CallServerInterceptor.java:94)
08-04 02:50:42.184 15256 21621 E baseline.com.newsblur.network.APIResponse: 	at okhttp3.internal.http.RealInterceptorChain.proceed(RealInterceptorChain.java:142)
08-04 02:50:42.184 15256 21621 E baseline.com.newsblur.network.APIResponse: 	at okhttp3.internal.connection.ConnectInterceptor.intercept(ConnectInterceptor.java:43)
08-04 02:50:42.184 15256 21621 E baseline.com.newsblur.network.APIResponse: 	at okhttp3.internal.http.RealInterceptorChain.proceed(RealInterceptorChain.java:142)
08-04 02:50:42.184 15256 21621 E baseline.com.newsblur.network.APIResponse: 	at okhttp3.internal.http.RealInterceptorChain.proceed(RealInterceptorChain.java:117)
08-04 02:50:42.184 15256 21621 E baseline.com.newsblur.network.APIResponse: 	at okhttp3.internal.cache.CacheInterceptor.intercept(CacheInterceptor.java:94)
08-04 02:50:42.184 15256 21621 E baseline.com.newsblur.network.APIResponse: 	at okhttp3.internal.http.RealInterceptorChain.proceed(RealInterceptorChain.java:142)
08-04 02:50:42.184 15256 21621 E baseline.com.newsblur.network.APIResponse: 	at okhttp3.internal.http.RealInterceptorChain.proceed(RealInterceptorChain.java:117)
08-04 02:50:42.184 15256 21621 E baseline.com.newsblur.network.APIResponse: 	at okhttp3.internal.http.BridgeInterceptor.intercept(BridgeInterceptor.java:93)
08-04 02:50:42.184 15256 21621 E baseline.com.newsblur.network.APIResponse: 	at okhttp3.internal.http.RealInterceptorChain.proceed(RealInterceptorChain.java:142)
08-04 02:50:42.184 15256 21621 E baseline.com.newsblur.network.APIResponse: 	at okhttp3.internal.http.RetryAndFollowUpInterceptor.intercept(RetryAndFollowUpInterceptor.java:88)
08-04 02:50:42.184 15256 21621 E baseline.com.newsblur.network.APIResponse: 	at okhttp3.internal.http.RealInterceptorChain.proceed(RealInterceptorChain.java:142)
08-04 02:50:42.184 15256 21621 E baseline.com.newsblur.network.APIResponse: 	at okhttp3.internal.http.RealInterceptorChain.proceed(RealInterceptorChain.java:117)
08-04 02:50:42.184 15256 21621 E baseline.com.newsblur.network.APIResponse: 	at okhttp3.RealCall.getResponseWithInterceptorChain(RealCall.java:229)
08-04 02:50:42.184 15256 21621 E baseline.com.newsblur.network.APIResponse: 	at okhttp3.RealCall.execute(RealCall.java:81)
08-04 02:50:42.184 15256 21621 E baseline.com.newsblur.network.APIResponse: 	at baseline.com.newsblur.network.APIResponse.<init>(APIResponse.java:57)
08-04 02:50:42.184 15256 21621 E baseline.com.newsblur.network.APIResponse: 	at baseline.com.newsblur.network.APIManager.get_single(APIManager.java:639)
08-04 02:50:42.184 15256 21621 E baseline.com.newsblur.network.APIResponse: 	at baseline.com.newsblur.network.APIManager.get(APIManager.java:625)
08-04 02:50:42.184 15256 21621 E baseline.com.newsblur.network.APIResponse: 	at baseline.com.newsblur.network.APIManager.get(APIManager.java:667)
08-04 02:50:42.184 15256 21621 E baseline.com.newsblur.network.APIResponse: 	at baseline.com.newsblur.network.APIManager.getFeedUnreadCounts(APIManager.java:274)
08-04 02:50:42.184 15256 21621 E baseline.com.newsblur.network.APIResponse: 	at baseline.com.newsblur.service.NBSyncService.checkRecounts(NBSyncService.java:660)
08-04 02:50:42.184 15256 21621 E baseline.com.newsblur.network.APIResponse: 	at baseline.com.newsblur.service.NBSyncService.doSync(NBSyncService.java:310)
08-04 02:50:42.184 15256 21621 E baseline.com.newsblur.network.APIResponse: 	at baseline.com.newsblur.service.NBSyncService.access$100(NBSyncService.java:67)
08-04 02:50:42.184 15256 21621 E baseline.com.newsblur.network.APIResponse: 	at baseline.com.newsblur.service.NBSyncService$1.run(NBSyncService.java:188)
08-04 02:50:42.184 15256 21621 E baseline.com.newsblur.network.APIResponse: 	at java.util.concurrent.ThreadPoolExecutor.runWorker(ThreadPoolExecutor.java:1113)
08-04 02:50:42.184 15256 21621 E baseline.com.newsblur.network.APIResponse: 	at java.util.concurrent.ThreadPoolExecutor$Worker.run(ThreadPoolExecutor.java:588)
08-04 02:50:42.184 15256 21621 E baseline.com.newsblur.network.APIResponse: 	at java.lang.Thread.run(Thread.java:818)
08-04 02:50:42.184 15256 21621 E baseline.com.newsblur.network.APIResponse: Caused by: java.io.EOFException: \n not found: limit=0 content=
08-04 02:50:42.184 15256 21621 E baseline.com.newsblur.network.APIResponse: 	at okio.RealBufferedSource.readUtf8LineStrict(RealBufferedSource.java:240)
08-04 02:50:42.184 15256 21621 E baseline.com.newsblur.network.APIResponse: 	at okhttp3.internal.http1.Http1ExchangeCodec.readHeaderLine(Http1ExchangeCodec.java:242)
08-04 02:50:42.184 15256 21621 E baseline.com.newsblur.network.APIResponse: 	at okhttp3.internal.http1.Http1ExchangeCodec.readResponseHeaders(Http1ExchangeCodec.java:213)
08-04 02:50:42.184 15256 21621 E baseline.com.newsblur.network.APIResponse: 	... 28 more
08-04 02:50:42.186 15256 21621 I baseline.com.newsblur.network.APIManager: API call failed, pausing before retry number 2
08-04 02:50:42.245 15256 15272 I art     : Starting a blocking GC Explicit
08-04 02:50:42.285 15256 15272 I art     : Explicit concurrent mark sweep GC freed 3926(355KB) AllocSpace objects, 3(60KB) LOS objects, 29% free, 37MB/53MB, paused 1.098ms total 39.998ms
08-04 02:50:42.298 15256 15272 I art     : Starting a blocking GC Explicit
08-04 02:50:42.335 15256 15272 I art     : Explicit concurrent mark sweep GC freed 109(3KB) AllocSpace objects, 0(0B) LOS objects, 29% free, 37MB/53MB, paused 1.120ms total 36.139ms
08-04 02:50:42.345 15256 15272 I art     : Starting a blocking GC Explicit
08-04 02:50:42.382 15256 15272 I art     : Explicit concurrent mark sweep GC freed 3(96B) AllocSpace objects, 0(0B) LOS objects, 29% free, 37MB/53MB, paused 1.017ms total 36.882ms
08-04 02:50:42.392 15256 15272 I art     : Starting a blocking GC Explicit
08-04 02:50:42.430 15256 15272 I art     : Explicit concurrent mark sweep GC freed 3(96B) AllocSpace objects, 0(0B) LOS objects, 29% free, 37MB/53MB, paused 996us total 37.447ms
08-04 02:50:42.441 15256 15272 I art     : Starting a blocking GC Explicit
08-04 02:50:42.477 15256 15272 I art     : Explicit concurrent mark sweep GC freed 3(96B) AllocSpace objects, 0(0B) LOS objects, 29% free, 37MB/53MB, paused 1.144ms total 36.561ms
08-04 02:50:42.833 15256 20845 I art     : Starting a blocking GC Explicit
08-04 02:50:42.853 13589 13589 I ServiceManager: Waiting for service AtCmdFwd...
08-04 02:50:42.872 15256 20845 I art     : Explicit concurrent mark sweep GC freed 1437(82KB) AllocSpace objects, 1(20KB) LOS objects, 29% free, 37MB/53MB, paused 1.067ms total 39.146ms
08-04 02:50:42.885 15256 20845 I art     : Starting a blocking GC Explicit
08-04 02:50:42.920 15256 20845 I art     : Explicit concurrent mark sweep GC freed 22(784B) AllocSpace objects, 0(0B) LOS objects, 29% free, 37MB/53MB, paused 1.086ms total 34.881ms
08-04 02:50:42.930 15256 20845 I art     : Starting a blocking GC Explicit
08-04 02:50:42.965 15256 20845 I art     : Explicit concurrent mark sweep GC freed 3(96B) AllocSpace objects, 0(0B) LOS objects, 29% free, 37MB/53MB, paused 1.027ms total 34.883ms
08-04 02:50:42.975 15256 20845 I art     : Starting a blocking GC Explicit
08-04 02:50:43.011 15256 20845 I art     : Explicit concurrent mark sweep GC freed 3(96B) AllocSpace objects, 0(0B) LOS objects, 29% free, 37MB/53MB, paused 1.023ms total 35.751ms
08-04 02:50:43.021 15256 20845 I art     : Starting a blocking GC Explicit
08-04 02:50:43.057 15256 20845 I art     : Explicit concurrent mark sweep GC freed 3(96B) AllocSpace objects, 0(0B) LOS objects, 29% free, 37MB/53MB, paused 1.028ms total 35.599ms
08-04 02:50:43.411 15256 20844 I art     : Starting a blocking GC Explicit
08-04 02:50:43.450 15256 20844 I art     : Explicit concurrent mark sweep GC freed 1461(83KB) AllocSpace objects, 1(20KB) LOS objects, 29% free, 37MB/53MB, paused 1.044ms total 38.947ms
08-04 02:50:43.465 15256 20844 I art     : Starting a blocking GC Explicit
08-04 02:50:43.499 15256 20844 I art     : Explicit concurrent mark sweep GC freed 22(784B) AllocSpace objects, 0(0B) LOS objects, 29% free, 37MB/53MB, paused 970us total 34.328ms
08-04 02:50:43.509 15256 20844 I art     : Starting a blocking GC Explicit
08-04 02:50:43.544 15256 20844 I art     : Explicit concurrent mark sweep GC freed 3(96B) AllocSpace objects, 0(0B) LOS objects, 29% free, 37MB/53MB, paused 1.038ms total 34.799ms
08-04 02:50:43.554 15256 20844 I art     : Starting a blocking GC Explicit
08-04 02:50:43.590 15256 20844 I art     : Explicit concurrent mark sweep GC freed 3(96B) AllocSpace objects, 0(0B) LOS objects, 29% free, 37MB/53MB, paused 996us total 35.696ms
08-04 02:50:43.600 15256 20844 I art     : Starting a blocking GC Explicit
08-04 02:50:43.635 15256 20844 I art     : Explicit concurrent mark sweep GC freed 623(33KB) AllocSpace objects, 0(0B) LOS objects, 29% free, 37MB/53MB, paused 1.055ms total 35.070ms
08-04 02:50:43.854 13589 13589 I ServiceManager: Waiting for service AtCmdFwd...
08-04 02:50:43.969 15256 15269 I art     : Starting a blocking GC Explicit
08-04 02:50:44.004 15256 15269 I art     : Explicit concurrent mark sweep GC freed 2355(124KB) AllocSpace objects, 1(20KB) LOS objects, 29% free, 37MB/53MB, paused 905us total 35.332ms
08-04 02:50:44.014 15256 15269 I art     : Starting a blocking GC Explicit
08-04 02:50:44.049 15256 15269 I art     : Explicit concurrent mark sweep GC freed 1098(83KB) AllocSpace objects, 0(0B) LOS objects, 29% free, 37MB/53MB, paused 1.042ms total 34.990ms
08-04 02:50:44.059 15256 15269 I art     : Starting a blocking GC Explicit
08-04 02:50:44.095 15256 15269 I art     : Explicit concurrent mark sweep GC freed 3(96B) AllocSpace objects, 0(0B) LOS objects, 29% free, 37MB/53MB, paused 980us total 34.879ms
08-04 02:50:44.105 15256 15269 I art     : Starting a blocking GC Explicit
08-04 02:50:44.140 15256 15269 I art     : Explicit concurrent mark sweep GC freed 3(96B) AllocSpace objects, 0(0B) LOS objects, 29% free, 37MB/53MB, paused 1.013ms total 34.890ms
08-04 02:50:44.150 15256 15269 I art     : Starting a blocking GC Explicit
08-04 02:50:44.187 15256 15269 I art     : Explicit concurrent mark sweep GC freed 3(96B) AllocSpace objects, 0(0B) LOS objects, 29% free, 37MB/53MB, paused 957us total 36.832ms
08-04 02:50:44.539 15256 15272 I art     : Starting a blocking GC Explicit
08-04 02:50:44.578 15256 15272 I art     : Explicit concurrent mark sweep GC freed 1437(82KB) AllocSpace objects, 1(20KB) LOS objects, 29% free, 37MB/53MB, paused 1.119ms total 38.708ms
08-04 02:50:44.591 15256 15272 I art     : Starting a blocking GC Explicit
08-04 02:50:44.626 15256 15272 I art     : Explicit concurrent mark sweep GC freed 22(784B) AllocSpace objects, 0(0B) LOS objects, 29% free, 37MB/53MB, paused 952us total 35.015ms
08-04 02:50:44.636 15256 15272 I art     : Starting a blocking GC Explicit
08-04 02:50:44.641   518   646 I ThermalEngine: ACTION: GPU - Setting GPU[0] to 600000000
08-04 02:50:44.672 15256 15272 I art     : Explicit concurrent mark sweep GC freed 3(96B) AllocSpace objects, 0(0B) LOS objects, 29% free, 37MB/53MB, paused 982us total 35.882ms
08-04 02:50:44.682 15256 15272 I art     : Starting a blocking GC Explicit
08-04 02:50:44.712 15256 15272 I art     : Explicit concurrent mark sweep GC freed 3(96B) AllocSpace objects, 0(0B) LOS objects, 29% free, 37MB/53MB, paused 759us total 30.434ms
08-04 02:50:44.721 15256 15272 I art     : Starting a blocking GC Explicit
08-04 02:50:44.750 15256 15272 I art     : Explicit concurrent mark sweep GC freed 3(96B) AllocSpace objects, 0(0B) LOS objects, 29% free, 37MB/53MB, paused 726us total 28.578ms
08-04 02:50:44.854 13589 13589 I ServiceManager: Waiting for service AtCmdFwd...
08-04 02:50:45.088 15256 20845 I art     : Starting a blocking GC Explicit
08-04 02:50:45.119 15256 20845 I art     : Explicit concurrent mark sweep GC freed 1437(82KB) AllocSpace objects, 1(20KB) LOS objects, 29% free, 37MB/53MB, paused 794us total 31.257ms
08-04 02:50:45.132 15256 20845 I art     : Starting a blocking GC Explicit
08-04 02:50:45.160 15256 20845 I art     : Explicit concurrent mark sweep GC freed 22(784B) AllocSpace objects, 0(0B) LOS objects, 29% free, 37MB/53MB, paused 747us total 27.361ms
08-04 02:50:45.167 15256 20845 I art     : Starting a blocking GC Explicit
08-04 02:50:45.195 15256 20845 I art     : Explicit concurrent mark sweep GC freed 96(3KB) AllocSpace objects, 0(0B) LOS objects, 29% free, 37MB/53MB, paused 750us total 27.042ms
08-04 02:50:45.202 15256 20845 I art     : Starting a blocking GC Explicit
08-04 02:50:45.230 15256 20845 I art     : Explicit concurrent mark sweep GC freed 74(4KB) AllocSpace objects, 0(0B) LOS objects, 29% free, 37MB/53MB, paused 961us total 27.675ms
08-04 02:50:45.238 15256 20845 I art     : Starting a blocking GC Explicit
08-04 02:50:45.266 15256 20845 I art     : Explicit concurrent mark sweep GC freed 12(1408B) AllocSpace objects, 0(0B) LOS objects, 29% free, 37MB/53MB, paused 765us total 28.041ms
08-04 02:50:45.613 15256 20844 I art     : Starting a blocking GC Explicit
08-04 02:50:45.646 15256 20844 I art     : Explicit concurrent mark sweep GC freed 2882(140KB) AllocSpace objects, 1(20KB) LOS objects, 29% free, 37MB/53MB, paused 842us total 32.114ms
08-04 02:50:45.653 15256 20844 I art     : Starting a blocking GC Explicit
08-04 02:50:45.681 15256 20844 I art     : Explicit concurrent mark sweep GC freed 289(9KB) AllocSpace objects, 0(0B) LOS objects, 29% free, 37MB/53MB, paused 770us total 27.541ms
08-04 02:50:45.689 15256 20844 I art     : Starting a blocking GC Explicit
08-04 02:50:45.691 15256 21621 E baseline.com.newsblur.network.APIResponse: Error (unexpected end of stream on https://www.newsblur.com/...) calling https://www.newsblur.com/reader/feed_unread_count?feed_id=0
08-04 02:50:45.691 15256 21621 E baseline.com.newsblur.network.APIResponse: java.io.IOException: unexpected end of stream on https://www.newsblur.com/...
08-04 02:50:45.691 15256 21621 E baseline.com.newsblur.network.APIResponse: 	at okhttp3.internal.http1.Http1ExchangeCodec.readResponseHeaders(Http1ExchangeCodec.java:236)
08-04 02:50:45.691 15256 21621 E baseline.com.newsblur.network.APIResponse: 	at okhttp3.internal.connection.Exchange.readResponseHeaders(Exchange.java:115)
08-04 02:50:45.691 15256 21621 E baseline.com.newsblur.network.APIResponse: 	at okhttp3.internal.http.CallServerInterceptor.intercept(CallServerInterceptor.java:94)
08-04 02:50:45.691 15256 21621 E baseline.com.newsblur.network.APIResponse: 	at okhttp3.internal.http.RealInterceptorChain.proceed(RealInterceptorChain.java:142)
08-04 02:50:45.691 15256 21621 E baseline.com.newsblur.network.APIResponse: 	at okhttp3.internal.connection.ConnectInterceptor.intercept(ConnectInterceptor.java:43)
08-04 02:50:45.691 15256 21621 E baseline.com.newsblur.network.APIResponse: 	at okhttp3.internal.http.RealInterceptorChain.proceed(RealInterceptorChain.java:142)
08-04 02:50:45.691 15256 21621 E baseline.com.newsblur.network.APIResponse: 	at okhttp3.internal.http.RealInterceptorChain.proceed(RealInterceptorChain.java:117)
08-04 02:50:45.691 15256 21621 E baseline.com.newsblur.network.APIResponse: 	at okhttp3.internal.cache.CacheInterceptor.intercept(CacheInterceptor.java:94)
08-04 02:50:45.691 15256 21621 E baseline.com.newsblur.network.APIResponse: 	at okhttp3.internal.http.RealInterceptorChain.proceed(RealInterceptorChain.java:142)
08-04 02:50:45.691 15256 21621 E baseline.com.newsblur.network.APIResponse: 	at okhttp3.internal.http.RealInterceptorChain.proceed(RealInterceptorChain.java:117)
08-04 02:50:45.691 15256 21621 E baseline.com.newsblur.network.APIResponse: 	at okhttp3.internal.http.BridgeInterceptor.intercept(BridgeInterceptor.java:93)
08-04 02:50:45.691 15256 21621 E baseline.com.newsblur.network.APIResponse: 	at okhttp3.internal.http.RealInterceptorChain.proceed(RealInterceptorChain.java:142)
08-04 02:50:45.691 15256 21621 E baseline.com.newsblur.network.APIResponse: 	at okhttp3.internal.http.RetryAndFollowUpInterceptor.intercept(RetryAndFollowUpInterceptor.java:88)
08-04 02:50:45.691 15256 21621 E baseline.com.newsblur.network.APIResponse: 	at okhttp3.internal.http.RealInterceptorChain.proceed(RealInterceptorChain.java:142)
08-04 02:50:45.691 15256 21621 E baseline.com.newsblur.network.APIResponse: 	at okhttp3.internal.http.RealInterceptorChain.proceed(RealInterceptorChain.java:117)
08-04 02:50:45.691 15256 21621 E baseline.com.newsblur.network.APIResponse: 	at okhttp3.RealCall.getResponseWithInterceptorChain(RealCall.java:229)
08-04 02:50:45.691 15256 21621 E baseline.com.newsblur.network.APIResponse: 	at okhttp3.RealCall.execute(RealCall.java:81)
08-04 02:50:45.691 15256 21621 E baseline.com.newsblur.network.APIResponse: 	at baseline.com.newsblur.network.APIResponse.<init>(APIResponse.java:57)
08-04 02:50:45.691 15256 21621 E baseline.com.newsblur.network.APIResponse: 	at baseline.com.newsblur.network.APIManager.get_single(APIManager.java:639)
08-04 02:50:45.691 15256 21621 E baseline.com.newsblur.network.APIResponse: 	at baseline.com.newsblur.network.APIManager.get(APIManager.java:625)
08-04 02:50:45.691 15256 21621 E baseline.com.newsblur.network.APIResponse: 	at baseline.com.newsblur.network.APIManager.get(APIManager.java:667)
08-04 02:50:45.691 15256 21621 E baseline.com.newsblur.network.APIResponse: 	at baseline.com.newsblur.network.APIManager.getFeedUnreadCounts(APIManager.java:274)
08-04 02:50:45.691 15256 21621 E baseline.com.newsblur.network.APIResponse: 	at baseline.com.newsblur.service.NBSyncService.checkRecounts(NBSyncService.java:660)
08-04 02:50:45.691 15256 21621 E baseline.com.newsblur.network.APIResponse: 	at baseline.com.newsblur.service.NBSyncService.doSync(NBSyncService.java:310)
08-04 02:50:45.691 15256 21621 E baseline.com.newsblur.network.APIResponse: 	at baseline.com.newsblur.service.NBSyncService.access$100(NBSyncService.java:67)
08-04 02:50:45.691 15256 21621 E baseline.com.newsblur.network.APIResponse: 	at baseline.com.newsblur.service.NBSyncService$1.run(NBSyncService.java:188)
08-04 02:50:45.691 15256 21621 E baseline.com.newsblur.network.APIResponse: 	at java.util.concurrent.ThreadPoolExecutor.runWorker(ThreadPoolExecutor.java:1113)
08-04 02:50:45.691 15256 21621 E baseline.com.newsblur.network.APIResponse: 	at java.util.concurrent.ThreadPoolExecutor$Worker.run(ThreadPoolExecutor.java:588)
08-04 02:50:45.691 15256 21621 E baseline.com.newsblur.network.APIResponse: 	at java.lang.Thread.run(Thread.java:818)
08-04 02:50:45.691 15256 21621 E baseline.com.newsblur.network.APIResponse: Caused by: java.io.EOFException: \n not found: limit=0 content=
08-04 02:50:45.691 15256 21621 E baseline.com.newsblur.network.APIResponse: 	at okio.RealBufferedSource.readUtf8LineStrict(RealBufferedSource.java:240)
08-04 02:50:45.691 15256 21621 E baseline.com.newsblur.network.APIResponse: 	at okhttp3.internal.http1.Http1ExchangeCodec.readHeaderLine(Http1ExchangeCodec.java:242)
08-04 02:50:45.691 15256 21621 E baseline.com.newsblur.network.APIResponse: 	at okhttp3.internal.http1.Http1ExchangeCodec.readResponseHeaders(Http1ExchangeCodec.java:213)
08-04 02:50:45.691 15256 21621 E baseline.com.newsblur.network.APIResponse: 	... 28 more
08-04 02:50:45.693 15256 21621 W baseline.com.newsblur.service.NBSyncService: Bad response to feed_unread_count
08-04 02:50:45.717 15256 20844 I art     : Explicit concurrent mark sweep GC freed 988(236KB) AllocSpace objects, 5(100KB) LOS objects, 29% free, 37MB/53MB, paused 852us total 28.241ms
08-04 02:50:45.725 15256 20844 I art     : Starting a blocking GC Explicit
08-04 02:50:45.751 15256 20844 I art     : Explicit concurrent mark sweep GC freed 427(40KB) AllocSpace objects, 0(0B) LOS objects, 29% free, 37MB/53MB, paused 815us total 26.104ms
08-04 02:50:45.758 15256 20844 I art     : Starting a blocking GC Explicit
08-04 02:50:45.787 15256 20844 I art     : Explicit concurrent mark sweep GC freed 11(448B) AllocSpace objects, 0(0B) LOS objects, 29% free, 37MB/53MB, paused 848us total 28.504ms
08-04 02:50:45.855 13589 13589 I ServiceManager: Waiting for service AtCmdFwd...
08-04 02:50:46.073 15256 21621 E baseline.com.newsblur.network.APIResponse: Error (unexpected end of stream on https://www.newsblur.com/...) calling https://www.newsblur.com/reader/mark_story_hashes_as_read/
08-04 02:50:46.073 15256 21621 E baseline.com.newsblur.network.APIResponse: java.io.IOException: unexpected end of stream on https://www.newsblur.com/...
08-04 02:50:46.073 15256 21621 E baseline.com.newsblur.network.APIResponse: 	at okhttp3.internal.http1.Http1ExchangeCodec.readResponseHeaders(Http1ExchangeCodec.java:236)
08-04 02:50:46.073 15256 21621 E baseline.com.newsblur.network.APIResponse: 	at okhttp3.internal.connection.Exchange.readResponseHeaders(Exchange.java:115)
08-04 02:50:46.073 15256 21621 E baseline.com.newsblur.network.APIResponse: 	at okhttp3.internal.http.CallServerInterceptor.intercept(CallServerInterceptor.java:94)
08-04 02:50:46.073 15256 21621 E baseline.com.newsblur.network.APIResponse: 	at okhttp3.internal.http.RealInterceptorChain.proceed(RealInterceptorChain.java:142)
08-04 02:50:46.073 15256 21621 E baseline.com.newsblur.network.APIResponse: 	at okhttp3.internal.connection.ConnectInterceptor.intercept(ConnectInterceptor.java:43)
08-04 02:50:46.073 15256 21621 E baseline.com.newsblur.network.APIResponse: 	at okhttp3.internal.http.RealInterceptorChain.proceed(RealInterceptorChain.java:142)
08-04 02:50:46.073 15256 21621 E baseline.com.newsblur.network.APIResponse: 	at okhttp3.internal.http.RealInterceptorChain.proceed(RealInterceptorChain.java:117)
08-04 02:50:46.073 15256 21621 E baseline.com.newsblur.network.APIResponse: 	at okhttp3.internal.cache.CacheInterceptor.intercept(CacheInterceptor.java:94)
08-04 02:50:46.073 15256 21621 E baseline.com.newsblur.network.APIResponse: 	at okhttp3.internal.http.RealInterceptorChain.proceed(RealInterceptorChain.java:142)
08-04 02:50:46.073 15256 21621 E baseline.com.newsblur.network.APIResponse: 	at okhttp3.internal.http.RealInterceptorChain.proceed(RealInterceptorChain.java:117)
08-04 02:50:46.073 15256 21621 E baseline.com.newsblur.network.APIResponse: 	at okhttp3.internal.http.BridgeInterceptor.intercept(BridgeInterceptor.java:93)
08-04 02:50:46.073 15256 21621 E baseline.com.newsblur.network.APIResponse: 	at okhttp3.internal.http.RealInterceptorChain.proceed(RealInterceptorChain.java:142)
08-04 02:50:46.073 15256 21621 E baseline.com.newsblur.network.APIResponse: 	at okhttp3.internal.http.RetryAndFollowUpInterceptor.intercept(RetryAndFollowUpInterceptor.java:88)
08-04 02:50:46.073 15256 21621 E baseline.com.newsblur.network.APIResponse: 	at okhttp3.internal.http.RealInterceptorChain.proceed(RealInterceptorChain.java:142)
08-04 02:50:46.073 15256 21621 E baseline.com.newsblur.network.APIResponse: 	at okhttp3.internal.http.RealInterceptorChain.proceed(RealInterceptorChain.java:117)
08-04 02:50:46.073 15256 21621 E baseline.com.newsblur.network.APIResponse: 	at okhttp3.RealCall.getResponseWithInterceptorChain(RealCall.java:229)
08-04 02:50:46.073 15256 21621 E baseline.com.newsblur.network.APIResponse: 	at okhttp3.RealCall.execute(RealCall.java:81)
08-04 02:50:46.073 15256 21621 E baseline.com.newsblur.network.APIResponse: 	at baseline.com.newsblur.network.APIResponse.<init>(APIResponse.java:57)
08-04 02:50:46.073 15256 21621 E baseline.com.newsblur.network.APIResponse: 	at baseline.com.newsblur.network.APIResponse.<init>(APIResponse.java:43)
08-04 02:50:46.073 15256 21621 E baseline.com.newsblur.network.APIResponse: 	at baseline.com.newsblur.network.APIManager.post_single(APIManager.java:702)
08-04 02:50:46.073 15256 21621 E baseline.com.newsblur.network.APIResponse: 	at baseline.com.newsblur.network.APIManager.post(APIManager.java:675)
08-04 02:50:46.073 15256 21621 E baseline.com.newsblur.network.APIResponse: 	at baseline.com.newsblur.network.APIManager.post(APIManager.java:714)
08-04 02:50:46.073 15256 21621 E baseline.com.newsblur.network.APIResponse: 	at baseline.com.newsblur.network.APIManager.markStoryAsRead(APIManager.java:205)
08-04 02:50:46.073 15256 21621 E baseline.com.newsblur.network.APIResponse: 	at baseline.com.newsblur.util.ReadingAction.doRemote(ReadingAction.java:281)
08-04 02:50:46.073 15256 21621 E baseline.com.newsblur.network.APIResponse: 	at baseline.com.newsblur.service.NBSyncService.syncActions(NBSyncService.java:400)
08-04 02:50:46.073 15256 21621 E baseline.com.newsblur.network.APIResponse: 	at baseline.com.newsblur.service.NBSyncService.doSync(NBSyncService.java:298)
08-04 02:50:46.073 15256 21621 E baseline.com.newsblur.network.APIResponse: 	at baseline.com.newsblur.service.NBSyncService.access$100(NBSyncService.java:67)
08-04 02:50:46.073 15256 21621 E baseline.com.newsblur.network.APIResponse: 	at baseline.com.newsblur.service.NBSyncService$1.run(NBSyncService.java:188)
08-04 02:50:46.073 15256 21621 E baseline.com.newsblur.network.APIResponse: 	at java.util.concurrent.ThreadPoolExecutor.runWorker(ThreadPoolExecutor.java:1113)
08-04 02:50:46.073 15256 21621 E baseline.com.newsblur.network.APIResponse: 	at java.util.concurrent.ThreadPoolExecutor$Worker.run(ThreadPoolExecutor.java:588)
08-04 02:50:46.073 15256 21621 E baseline.com.newsblur.network.APIResponse: 	at java.lang.Thread.run(Thread.java:818)
08-04 02:50:46.073 15256 21621 E baseline.com.newsblur.network.APIResponse: Caused by: java.io.EOFException: \n not found: limit=0 content=
08-04 02:50:46.073 15256 21621 E baseline.com.newsblur.network.APIResponse: 	at okio.RealBufferedSource.readUtf8LineStrict(RealBufferedSource.java:240)
08-04 02:50:46.073 15256 21621 E baseline.com.newsblur.network.APIResponse: 	at okhttp3.internal.http1.Http1ExchangeCodec.readHeaderLine(Http1ExchangeCodec.java:242)
08-04 02:50:46.073 15256 21621 E baseline.com.newsblur.network.APIResponse: 	at okhttp3.internal.http1.Http1ExchangeCodec.readResponseHeaders(Http1ExchangeCodec.java:213)
08-04 02:50:46.073 15256 21621 E baseline.com.newsblur.network.APIResponse: 	... 30 more
08-04 02:50:46.075 15256 21621 I baseline.com.newsblur.network.APIManager: API call failed, pausing before retry number 1
08-04 02:50:46.091 15256 15269 I art     : Starting a blocking GC Explicit
08-04 02:50:46.121 15256 15269 I art     : Explicit concurrent mark sweep GC freed 3944(357KB) AllocSpace objects, 3(60KB) LOS objects, 29% free, 37MB/53MB, paused 803us total 30.139ms
08-04 02:50:46.130 15256 15269 I art     : Starting a blocking GC Explicit
08-04 02:50:46.158 15256 15269 I art     : Explicit concurrent mark sweep GC freed 109(3KB) AllocSpace objects, 0(0B) LOS objects, 29% free, 37MB/53MB, paused 918us total 27.819ms
08-04 02:50:46.165 15256 15269 I art     : Starting a blocking GC Explicit
08-04 02:50:46.193 15256 15269 I art     : Explicit concurrent mark sweep GC freed 3(96B) AllocSpace objects, 0(0B) LOS objects, 29% free, 37MB/53MB, paused 763us total 27.520ms
08-04 02:50:46.201 15256 15269 I art     : Starting a blocking GC Explicit
08-04 02:50:46.229 15256 15269 I art     : Explicit concurrent mark sweep GC freed 3(96B) AllocSpace objects, 0(0B) LOS objects, 29% free, 37MB/53MB, paused 773us total 27.705ms
08-04 02:50:46.236 15256 15269 I art     : Starting a blocking GC Explicit
08-04 02:50:46.264 15256 15269 I art     : Explicit concurrent mark sweep GC freed 3(96B) AllocSpace objects, 0(0B) LOS objects, 29% free, 37MB/53MB, paused 791us total 27.458ms
08-04 02:50:46.296 21995 21995 D AndroidRuntime: >>>>>> START com.android.internal.os.RuntimeInit uid 2000 <<<<<<
08-04 02:50:46.300 21995 21995 D AndroidRuntime: CheckJNI is OFF
08-04 02:50:46.326 21995 21995 D ICU     : No timezone override file found: /data/misc/zoneinfo/current/icu/icu_tzdata.dat
08-04 02:50:46.351 21995 21995 I Radio-JNI: register_android_hardware_Radio DONE
08-04 02:50:46.368 21995 21995 D AndroidRuntime: Calling main entry com.android.commands.input.Input
08-04 02:50:46.369 21995 21995 I Input   : injectMotionEvent: MotionEvent { action=ACTION_DOWN, actionButton=0, id[0]=0, x[0]=436.0, y[0]=453.0, toolType[0]=TOOL_TYPE_UNKNOWN, buttonState=0, metaState=0, flags=0x0, edgeFlags=0x0, pointerCount=1, historySize=0, eventTime=672662782, downTime=672662782, deviceId=0, source=0x1002 }
08-04 02:50:46.375 21995 21995 I Input   : injectMotionEvent: MotionEvent { action=ACTION_UP, actionButton=0, id[0]=0, x[0]=436.0, y[0]=453.0, toolType[0]=TOOL_TYPE_UNKNOWN, buttonState=0, metaState=0, flags=0x0, edgeFlags=0x0, pointerCount=1, historySize=0, eventTime=672662782, downTime=672662782, deviceId=0, source=0x1002 }
08-04 02:50:46.377 21995 21995 D AndroidRuntime: Shutting down VM
08-04 02:50:46.393   512  2967 D audio_hw_primary: out_set_parameters: enter: usecase(1: low-latency-playback) kvpairs: routing=2
08-04 02:50:46.398   918  5481 I ActivityManager: START u0 {cmp=baseline.com.newsblur/.activity.GlobalSharedStoriesReading (has extras)} from uid 10652 on display 0
08-04 02:50:46.406   512  2967 D audio_hw_primary: select_devices: out_snd_device(2: speaker) in_snd_device(0: none)
08-04 02:50:46.406   512  2967 D msm8974_platform: platform_send_audio_calibration: sending audio calibration for snd_device(2) acdb_id(15)
08-04 02:50:46.406   512  2967 I soundtrigger: audio_extn_sound_trigger_update_device_status: device 0x2 of type 0 for Event 1
08-04 02:50:46.417   512  2967 D audio_hw_primary: enable_snd_device: snd_device(2: speaker)
08-04 02:50:46.419   512  2967 D audio_hw_primary: enable_audio_route: apply and update mixer path: low-latency-playback speaker
08-04 02:50:46.517 15256 15272 I art     : Starting a blocking GC Explicit
08-04 02:50:46.550 15256 15272 I art     : Explicit concurrent mark sweep GC freed 2924(233KB) AllocSpace objects, 6(548KB) LOS objects, 29% free, 37MB/53MB, paused 827us total 32.867ms
08-04 02:50:46.559 15256 15272 I art     : Starting a blocking GC Explicit
08-04 02:50:46.585   918   936 I ActivityManager: Displayed baseline.com.newsblur/.activity.GlobalSharedStoriesReading: +175ms
08-04 02:50:46.585 13866 13866 I GoogleInputMethodServic: GoogleInputMethodService.onFinishInput():3138 
08-04 02:50:46.586 13866 13866 I GoogleInputMethodServic: GoogleInputMethodService.onStartInput():1808 
08-04 02:50:46.589 15256 15272 I art     : Explicit concurrent mark sweep GC freed 777(53KB) AllocSpace objects, 1(20KB) LOS objects, 29% free, 37MB/53MB, paused 1.092ms total 29.167ms
08-04 02:50:46.597 15256 15272 I art     : Starting a blocking GC Explicit
08-04 02:50:46.626 15256 15272 I art     : Explicit concurrent mark sweep GC freed 1230(87KB) AllocSpace objects, 1(20KB) LOS objects, 29% free, 38MB/54MB, paused 1.047ms total 28.338ms
08-04 02:50:46.634 15256 15272 I art     : Starting a blocking GC Explicit
08-04 02:50:46.665 15256 15272 I art     : Explicit concurrent mark sweep GC freed 1062(78KB) AllocSpace objects, 10(236KB) LOS objects, 29% free, 38MB/54MB, paused 1.043ms total 30.265ms
08-04 02:50:46.676 15256 15272 I art     : Starting a blocking GC Explicit
08-04 02:50:46.706 15256 15272 I art     : Explicit concurrent mark sweep GC freed 752(46KB) AllocSpace objects, 1(28KB) LOS objects, 29% free, 38MB/54MB, paused 1.141ms total 29.829ms
08-04 02:50:46.774 15256 21274 E chromium: [ERROR:tile_manager.cc(793)] WARNING: tile memory limits exceeded, some content may not draw
08-04 02:50:46.774 15256 21274 E chromium: [ERROR:tile_manager.cc(793)] WARNING: tile memory limits exceeded, some content may not draw
08-04 02:50:46.855 13589 13589 W Atfwd_Sendcmd: AtCmdFwd service not published, waiting... retryCnt : 3
08-04 02:50:46.959   512  2967 D audio_hw_primary: disable_audio_route: reset and update mixer path: low-latency-playback speaker
08-04 02:50:46.961   512  2967 D audio_hw_primary: disable_snd_device: snd_device(2: speaker)
08-04 02:50:46.971   512  2967 I soundtrigger: audio_extn_sound_trigger_update_device_status: device 0x2 of type 0 for Event 0
08-04 02:50:46.988 15256 20845 I art     : Starting a blocking GC Explicit
08-04 02:50:47.019 15256 20845 I art     : Explicit concurrent mark sweep GC freed 1939(147KB) AllocSpace objects, 2(40KB) LOS objects, 29% free, 38MB/54MB, paused 730us total 30.852ms
08-04 02:50:47.028 15256 20845 I art     : Starting a blocking GC Explicit
08-04 02:50:47.055 15256 20845 I art     : Explicit concurrent mark sweep GC freed 52(2176B) AllocSpace objects, 0(0B) LOS objects, 29% free, 38MB/54MB, paused 1ms total 26.817ms
08-04 02:50:47.064 15256 20845 I art     : Starting a blocking GC Explicit
08-04 02:50:47.090 15256 20845 I art     : Explicit concurrent mark sweep GC freed 3(96B) AllocSpace objects, 0(0B) LOS objects, 29% free, 38MB/54MB, paused 686us total 25.804ms
08-04 02:50:47.097 15256 20845 I art     : Starting a blocking GC Explicit
08-04 02:50:47.123 15256 20845 I art     : Explicit concurrent mark sweep GC freed 3(96B) AllocSpace objects, 0(0B) LOS objects, 29% free, 38MB/54MB, paused 689us total 25.962ms
08-04 02:50:47.131 15256 20845 I art     : Starting a blocking GC Explicit
08-04 02:50:47.158 15256 20845 I art     : Explicit concurrent mark sweep GC freed 3(96B) AllocSpace objects, 0(0B) LOS objects, 29% free, 38MB/54MB, paused 779us total 27.350ms
08-04 02:50:47.488 15256 20844 I art     : Starting a blocking GC Explicit
08-04 02:50:47.521 15256 20844 I art     : Explicit concurrent mark sweep GC freed 1443(83KB) AllocSpace objects, 1(20KB) LOS objects, 29% free, 38MB/54MB, paused 816us total 33.561ms
08-04 02:50:47.530 15256 20844 I art     : Starting a blocking GC Explicit
08-04 02:50:47.561 15256 20844 I art     : Explicit concurrent mark sweep GC freed 22(784B) AllocSpace objects, 0(0B) LOS objects, 29% free, 38MB/54MB, paused 759us total 30.964ms
08-04 02:50:47.569 15256 20844 I art     : Starting a blocking GC Explicit
08-04 02:50:47.600 15256 20844 I art     : Explicit concurrent mark sweep GC freed 94(3KB) AllocSpace objects, 0(0B) LOS objects, 29% free, 38MB/54MB, paused 831us total 30.452ms
08-04 02:50:47.608 15256 20844 I art     : Starting a blocking GC Explicit
08-04 02:50:47.639 15256 20844 I art     : Explicit concurrent mark sweep GC freed 9(352B) AllocSpace objects, 0(0B) LOS objects, 29% free, 38MB/54MB, paused 867us total 31.086ms
08-04 02:50:47.648   518   646 I ThermalEngine: ACTION: GPU - Setting GPU[0] to 510000000
08-04 02:50:47.650 15256 20844 I art     : Starting a blocking GC Explicit
08-04 02:50:47.689 15256 20844 I art     : Explicit concurrent mark sweep GC freed 68(4KB) AllocSpace objects, 0(0B) LOS objects, 29% free, 38MB/54MB, paused 1.039ms total 38.238ms
08-04 02:50:48.017 15256 20844 I art     : Starting a blocking GC Explicit
08-04 02:50:48.061 15256 20844 I art     : Explicit concurrent mark sweep GC freed 1503(85KB) AllocSpace objects, 1(20KB) LOS objects, 29% free, 38MB/54MB, paused 1.605ms total 44.152ms
08-04 02:50:48.073 15256 20844 I art     : Starting a blocking GC Explicit
08-04 02:50:48.113 15256 20844 I art     : Explicit concurrent mark sweep GC freed 1721(66KB) AllocSpace objects, 0(0B) LOS objects, 29% free, 38MB/54MB, paused 1.067ms total 39.956ms
08-04 02:50:48.123 15256 20844 I art     : Starting a blocking GC Explicit
08-04 02:50:48.128 15256 21621 E baseline.com.newsblur.network.APIResponse: Error (unexpected end of stream on https://www.newsblur.com/...) calling https://www.newsblur.com/reader/mark_story_hashes_as_read/
08-04 02:50:48.128 15256 21621 E baseline.com.newsblur.network.APIResponse: java.io.IOException: unexpected end of stream on https://www.newsblur.com/...
08-04 02:50:48.128 15256 21621 E baseline.com.newsblur.network.APIResponse: 	at okhttp3.internal.http1.Http1ExchangeCodec.readResponseHeaders(Http1ExchangeCodec.java:236)
08-04 02:50:48.128 15256 21621 E baseline.com.newsblur.network.APIResponse: 	at okhttp3.internal.connection.Exchange.readResponseHeaders(Exchange.java:115)
08-04 02:50:48.128 15256 21621 E baseline.com.newsblur.network.APIResponse: 	at okhttp3.internal.http.CallServerInterceptor.intercept(CallServerInterceptor.java:94)
08-04 02:50:48.128 15256 21621 E baseline.com.newsblur.network.APIResponse: 	at okhttp3.internal.http.RealInterceptorChain.proceed(RealInterceptorChain.java:142)
08-04 02:50:48.128 15256 21621 E baseline.com.newsblur.network.APIResponse: 	at okhttp3.internal.connection.ConnectInterceptor.intercept(ConnectInterceptor.java:43)
08-04 02:50:48.128 15256 21621 E baseline.com.newsblur.network.APIResponse: 	at okhttp3.internal.http.RealInterceptorChain.proceed(RealInterceptorChain.java:142)
08-04 02:50:48.128 15256 21621 E baseline.com.newsblur.network.APIResponse: 	at okhttp3.internal.http.RealInterceptorChain.proceed(RealInterceptorChain.java:117)
08-04 02:50:48.128 15256 21621 E baseline.com.newsblur.network.APIResponse: 	at okhttp3.internal.cache.CacheInterceptor.intercept(CacheInterceptor.java:94)
08-04 02:50:48.128 15256 21621 E baseline.com.newsblur.network.APIResponse: 	at okhttp3.internal.http.RealInterceptorChain.proceed(RealInterceptorChain.java:142)
08-04 02:50:48.128 15256 21621 E baseline.com.newsblur.network.APIResponse: 	at okhttp3.internal.http.RealInterceptorChain.proceed(RealInterceptorChain.java:117)
08-04 02:50:48.128 15256 21621 E baseline.com.newsblur.network.APIResponse: 	at okhttp3.internal.http.BridgeInterceptor.intercept(BridgeInterceptor.java:93)
08-04 02:50:48.128 15256 21621 E baseline.com.newsblur.network.APIResponse: 	at okhttp3.internal.http.RealInterceptorChain.proceed(RealInterceptorChain.java:142)
08-04 02:50:48.128 15256 21621 E baseline.com.newsblur.network.APIResponse: 	at okhttp3.internal.http.RetryAndFollowUpInterceptor.intercept(RetryAndFollowUpInterceptor.java:88)
08-04 02:50:48.128 15256 21621 E baseline.com.newsblur.network.APIResponse: 	at okhttp3.internal.http.RealInterceptorChain.proceed(RealInterceptorChain.java:142)
08-04 02:50:48.128 15256 21621 E baseline.com.newsblur.network.APIResponse: 	at okhttp3.internal.http.RealInterceptorChain.proceed(RealInterceptorChain.java:117)
08-04 02:50:48.128 15256 21621 E baseline.com.newsblur.network.APIResponse: 	at okhttp3.RealCall.getResponseWithInterceptorChain(RealCall.java:229)
08-04 02:50:48.128 15256 21621 E baseline.com.newsblur.network.APIResponse: 	at okhttp3.RealCall.execute(RealCall.java:81)
08-04 02:50:48.128 15256 21621 E baseline.com.newsblur.network.APIResponse: 	at baseline.com.newsblur.network.APIResponse.<init>(APIResponse.java:57)
08-04 02:50:48.128 15256 21621 E baseline.com.newsblur.network.APIResponse: 	at baseline.com.newsblur.network.APIResponse.<init>(APIResponse.java:43)
08-04 02:50:48.128 15256 21621 E baseline.com.newsblur.network.APIResponse: 	at baseline.com.newsblur.network.APIManager.post_single(APIManager.java:702)
08-04 02:50:48.128 15256 21621 E baseline.com.newsblur.network.APIResponse: 	at baseline.com.newsblur.network.APIManager.post(APIManager.java:675)
08-04 02:50:48.128 15256 21621 E baseline.com.newsblur.network.APIResponse: 	at baseline.com.newsblur.network.APIManager.post(APIManager.java:714)
08-04 02:50:48.128 15256 21621 E baseline.com.newsblur.network.APIResponse: 	at baseline.com.newsblur.network.APIManager.markStoryAsRead(APIManager.java:205)
08-04 02:50:48.128 15256 21621 E baseline.com.newsblur.network.APIResponse: 	at baseline.com.newsblur.util.ReadingAction.doRemote(ReadingAction.java:281)
08-04 02:50:48.128 15256 21621 E baseline.com.newsblur.network.APIResponse: 	at baseline.com.newsblur.service.NBSyncService.syncActions(NBSyncService.java:400)
08-04 02:50:48.128 15256 21621 E baseline.com.newsblur.network.APIResponse: 	at baseline.com.newsblur.service.NBSyncService.doSync(NBSyncService.java:298)
08-04 02:50:48.128 15256 21621 E baseline.com.newsblur.network.APIResponse: 	at baseline.com.newsblur.service.NBSyncService.access$100(NBSyncService.java:67)
08-04 02:50:48.128 15256 21621 E baseline.com.newsblur.network.APIResponse: 	at baseline.com.newsblur.service.NBSyncService$1.run(NBSyncService.java:188)
08-04 02:50:48.128 15256 21621 E baseline.com.newsblur.network.APIResponse: 	at java.util.concurrent.ThreadPoolExecutor.runWorker(ThreadPoolExecutor.java:1113)
08-04 02:50:48.128 15256 21621 E baseline.com.newsblur.network.APIResponse: 	at java.util.concurrent.ThreadPoolExecutor$Worker.run(ThreadPoolExecutor.java:588)
08-04 02:50:48.128 15256 21621 E baseline.com.newsblur.network.APIResponse: 	at java.lang.Thread.run(Thread.java:818)
08-04 02:50:48.128 15256 21621 E baseline.com.newsblur.network.APIResponse: Caused by: java.io.EOFException: \n not found: limit=0 content=
08-04 02:50:48.128 15256 21621 E baseline.com.newsblur.network.APIResponse: 	at okio.RealBufferedSource.readUtf8LineStrict(RealBufferedSource.java:240)
08-04 02:50:48.128 15256 21621 E baseline.com.newsblur.network.APIResponse: 	at okhttp3.internal.http1.Http1ExchangeCodec.readHeaderLine(Http1ExchangeCodec.java:242)
08-04 02:50:48.128 15256 21621 E baseline.com.newsblur.network.APIResponse: 	at okhttp3.internal.http1.Http1ExchangeCodec.readResponseHeaders(Http1ExchangeCodec.java:213)
08-04 02:50:48.128 15256 21621 E baseline.com.newsblur.network.APIResponse: 	... 30 more
08-04 02:50:48.129 15256 21621 I baseline.com.newsblur.network.APIManager: API call failed, pausing before retry number 2
08-04 02:50:48.158 15256 20844 I art     : Explicit concurrent mark sweep GC freed 803(195KB) AllocSpace objects, 2(40KB) LOS objects, 29% free, 38MB/54MB, paused 997us total 34.676ms
08-04 02:50:48.168 15256 20844 I art     : Starting a blocking GC Explicit
08-04 02:50:48.205 15256 20844 I art     : Explicit concurrent mark sweep GC freed 99(15KB) AllocSpace objects, 0(0B) LOS objects, 29% free, 38MB/54MB, paused 1.040ms total 37.300ms
08-04 02:50:48.215 15256 20844 I art     : Starting a blocking GC Explicit
08-04 02:50:48.254 15256 20844 I art     : Explicit concurrent mark sweep GC freed 25(832B) AllocSpace objects, 0(0B) LOS objects, 29% free, 38MB/54MB, paused 1.067ms total 38.572ms
08-04 02:50:48.601 15256 15272 I art     : Starting a blocking GC Explicit
08-04 02:50:48.640 15256 15272 I art     : Explicit concurrent mark sweep GC freed 1444(83KB) AllocSpace objects, 1(20KB) LOS objects, 29% free, 38MB/54MB, paused 1.073ms total 38.843ms
08-04 02:50:48.653 15256 15272 I art     : Starting a blocking GC Explicit
08-04 02:50:48.691 15256 15272 I art     : Explicit concurrent mark sweep GC freed 22(784B) AllocSpace objects, 0(0B) LOS objects, 29% free, 38MB/54MB, paused 1.067ms total 37.872ms
08-04 02:50:48.701 15256 15272 I art     : Starting a blocking GC Explicit
08-04 02:50:48.739 15256 15272 I art     : Explicit concurrent mark sweep GC freed 3(96B) AllocSpace objects, 0(0B) LOS objects, 29% free, 38MB/54MB, paused 1.041ms total 37.996ms
08-04 02:50:48.750 15256 15272 I art     : Starting a blocking GC Explicit
08-04 02:50:48.788 15256 15272 I art     : Explicit concurrent mark sweep GC freed 3(96B) AllocSpace objects, 0(0B) LOS objects, 29% free, 38MB/54MB, paused 1.042ms total 38.091ms
08-04 02:50:48.799 15256 15272 I art     : Starting a blocking GC Explicit
08-04 02:50:48.811  8825  8834 I art     : Background sticky concurrent mark sweep GC freed 63800(6MB) AllocSpace objects, 300(5MB) LOS objects, 39% free, 19MB/32MB, paused 27.675ms total 48.635ms
08-04 02:50:48.834 15256 15272 I art     : Explicit concurrent mark sweep GC freed 3(96B) AllocSpace objects, 0(0B) LOS objects, 29% free, 38MB/54MB, paused 1.011ms total 34.834ms
08-04 02:50:49.184 15256 20845 I art     : Starting a blocking GC Explicit
08-04 02:50:49.223 15256 20845 I art     : Explicit concurrent mark sweep GC freed 1443(83KB) AllocSpace objects, 1(20KB) LOS objects, 29% free, 38MB/54MB, paused 1.046ms total 38.887ms
08-04 02:50:49.234 15256 20845 I art     : Starting a blocking GC Explicit
08-04 02:50:49.272 15256 20845 I art     : Explicit concurrent mark sweep GC freed 22(784B) AllocSpace objects, 0(0B) LOS objects, 29% free, 38MB/54MB, paused 1.056ms total 38.464ms
08-04 02:50:49.283 15256 20845 I art     : Starting a blocking GC Explicit
08-04 02:50:49.321 15256 20845 I art     : Explicit concurrent mark sweep GC freed 3(96B) AllocSpace objects, 0(0B) LOS objects, 29% free, 38MB/54MB, paused 1.037ms total 37.746ms
08-04 02:50:49.331 15256 20845 I art     : Starting a blocking GC Explicit
08-04 02:50:49.370 15256 20845 I art     : Explicit concurrent mark sweep GC freed 3(96B) AllocSpace objects, 0(0B) LOS objects, 29% free, 38MB/54MB, paused 1.065ms total 38.054ms
08-04 02:50:49.380 15256 20845 I art     : Starting a blocking GC Explicit
08-04 02:50:49.418 15256 20845 I art     : Explicit concurrent mark sweep GC freed 3(96B) AllocSpace objects, 0(0B) LOS objects, 29% free, 38MB/54MB, paused 1.053ms total 38.143ms
08-04 02:50:49.800 15256 15269 I art     : Starting a blocking GC Explicit
08-04 02:50:49.840 15256 15269 I art     : Explicit concurrent mark sweep GC freed 1444(83KB) AllocSpace objects, 1(20KB) LOS objects, 29% free, 38MB/54MB, paused 1.074ms total 39.594ms
08-04 02:50:49.850 15256 15269 I art     : Starting a blocking GC Explicit
08-04 02:50:49.889 15256 15269 I art     : Explicit concurrent mark sweep GC freed 22(784B) AllocSpace objects, 0(0B) LOS objects, 29% free, 38MB/54MB, paused 1.068ms total 39.156ms
08-04 02:50:49.900 15256 15269 I art     : Starting a blocking GC Explicit
08-04 02:50:49.939 15256 15269 I art     : Explicit concurrent mark sweep GC freed 3(96B) AllocSpace objects, 0(0B) LOS objects, 29% free, 38MB/54MB, paused 1.078ms total 38.116ms
08-04 02:50:49.949 15256 15269 I art     : Starting a blocking GC Explicit
08-04 02:50:49.989 15256 15269 I art     : Explicit concurrent mark sweep GC freed 3(96B) AllocSpace objects, 0(0B) LOS objects, 29% free, 38MB/54MB, paused 1.235ms total 39.552ms
08-04 02:50:49.999 15256 15269 I art     : Starting a blocking GC Explicit
08-04 02:50:50.038 15256 15269 I art     : Explicit concurrent mark sweep GC freed 3(96B) AllocSpace objects, 0(0B) LOS objects, 29% free, 38MB/54MB, paused 1.011ms total 38.664ms
08-04 02:50:50.412 15256 20844 I art     : Starting a blocking GC Explicit
08-04 02:50:50.452 15256 20844 I art     : Explicit concurrent mark sweep GC freed 1444(83KB) AllocSpace objects, 1(20KB) LOS objects, 29% free, 38MB/54MB, paused 1.082ms total 39.830ms
08-04 02:50:50.462 15256 20844 I art     : Starting a blocking GC Explicit
08-04 02:50:50.501 15256 20844 I art     : Explicit concurrent mark sweep GC freed 22(784B) AllocSpace objects, 0(0B) LOS objects, 29% free, 38MB/54MB, paused 1.065ms total 38.690ms
08-04 02:50:50.512 15256 20844 I art     : Starting a blocking GC Explicit
08-04 02:50:50.550 15256 20844 I art     : Explicit concurrent mark sweep GC freed 3(96B) AllocSpace objects, 0(0B) LOS objects, 29% free, 38MB/54MB, paused 1.112ms total 38.230ms
08-04 02:50:50.561 15256 20844 I art     : Starting a blocking GC Explicit
08-04 02:50:50.601 15256 20844 I art     : Explicit concurrent mark sweep GC freed 3(96B) AllocSpace objects, 0(0B) LOS objects, 29% free, 38MB/54MB, paused 1.016ms total 39.465ms
08-04 02:50:50.612 15256 20844 I art     : Starting a blocking GC Explicit
08-04 02:50:50.649 15256 20844 I art     : Explicit concurrent mark sweep GC freed 3(96B) AllocSpace objects, 0(0B) LOS objects, 29% free, 38MB/54MB, paused 971us total 37.501ms
08-04 02:50:50.983 15256 15272 I art     : Starting a blocking GC Explicit
08-04 02:50:51.022 15256 15272 I art     : Explicit concurrent mark sweep GC freed 1442(83KB) AllocSpace objects, 1(20KB) LOS objects, 29% free, 38MB/54MB, paused 1.071ms total 38.577ms
08-04 02:50:51.033 15256 15272 I art     : Starting a blocking GC Explicit
08-04 02:50:51.034 22100 22100 D AndroidRuntime: >>>>>> START com.android.internal.os.RuntimeInit uid 2000 <<<<<<
08-04 02:50:51.039 22100 22100 D AndroidRuntime: CheckJNI is OFF
08-04 02:50:51.070 15256 15272 I art     : Explicit concurrent mark sweep GC freed 22(784B) AllocSpace objects, 0(0B) LOS objects, 29% free, 38MB/54MB, paused 1.097ms total 36.910ms
08-04 02:50:51.073 22100 22100 D ICU     : No timezone override file found: /data/misc/zoneinfo/current/icu/icu_tzdata.dat
08-04 02:50:51.080 15256 15272 I art     : Starting a blocking GC Explicit
08-04 02:50:51.110 22100 22100 I Radio-JNI: register_android_hardware_Radio DONE
08-04 02:50:51.118 15256 15272 I art     : Explicit concurrent mark sweep GC freed 3(96B) AllocSpace objects, 0(0B) LOS objects, 29% free, 38MB/54MB, paused 1.195ms total 37.316ms
08-04 02:50:51.128 15256 15272 I art     : Starting a blocking GC Explicit
08-04 02:50:51.132 22100 22100 D AndroidRuntime: Calling main entry com.android.commands.input.Input
08-04 02:50:51.134 22100 22100 I Input   : injectKeyEvent: KeyEvent { action=ACTION_DOWN, keyCode=KEYCODE_BACK, scanCode=0, metaState=0, flags=0x0, repeatCount=0, eventTime=672667547, downTime=672667547, deviceId=-1, source=0x101 }
08-04 02:50:51.141 22100 22100 I Input   : injectKeyEvent: KeyEvent { action=ACTION_UP, keyCode=KEYCODE_BACK, scanCode=0, metaState=0, flags=0x0, repeatCount=0, eventTime=672667547, downTime=672667547, deviceId=-1, source=0x101 }
08-04 02:50:51.147 22100 22100 D AndroidRuntime: Shutting down VM
08-04 02:50:51.164 15256 15272 I art     : Explicit concurrent mark sweep GC freed 302(41KB) AllocSpace objects, 2(40KB) LOS objects, 29% free, 38MB/54MB, paused 1.078ms total 35.619ms
08-04 02:50:51.173 15256 15272 I art     : Starting a blocking GC Explicit
08-04 02:50:51.208 15256 15272 I art     : Explicit concurrent mark sweep GC freed 57(2304B) AllocSpace objects, 0(0B) LOS objects, 29% free, 38MB/54MB, paused 1.200ms total 34.200ms
08-04 02:50:51.272 13866 13866 I GoogleInputMethodServic: GoogleInputMethodService.onFinishInput():3138 
08-04 02:50:51.272 13866 13866 I GoogleInputMethodServic: GoogleInputMethodService.onStartInput():1808 
08-04 02:50:51.485 15256 20845 I art     : Starting a blocking GC Explicit
08-04 02:50:51.523 15256 20845 I art     : Explicit concurrent mark sweep GC freed 2986(215KB) AllocSpace objects, 4(88KB) LOS objects, 29% free, 38MB/54MB, paused 952us total 37.100ms
08-04 02:50:51.533 15256 20845 I art     : Starting a blocking GC Explicit
08-04 02:50:51.572 15256 20845 I art     : Explicit concurrent mark sweep GC freed 140(7KB) AllocSpace objects, 0(0B) LOS objects, 29% free, 38MB/54MB, paused 955us total 38.421ms
08-04 02:50:51.583 15256 20845 I art     : Starting a blocking GC Explicit
08-04 02:50:51.622 15256 20845 I art     : Explicit concurrent mark sweep GC freed 1155(52KB) AllocSpace objects, 0(0B) LOS objects, 29% free, 38MB/54MB, paused 1.108ms total 39.075ms
08-04 02:50:51.632 15256 20845 I art     : Starting a blocking GC Explicit
08-04 02:50:51.667 15256 20845 I art     : Explicit concurrent mark sweep GC freed 681(31KB) AllocSpace objects, 0(0B) LOS objects, 29% free, 38MB/54MB, paused 1.233ms total 34.761ms
08-04 02:50:51.676 15256 20845 I art     : Starting a blocking GC Explicit
08-04 02:50:51.708 15256 21621 E baseline.com.newsblur.network.APIResponse: Error (unexpected end of stream on https://www.newsblur.com/...) calling https://www.newsblur.com/reader/mark_story_hashes_as_read/
08-04 02:50:51.708 15256 21621 E baseline.com.newsblur.network.APIResponse: java.io.IOException: unexpected end of stream on https://www.newsblur.com/...
08-04 02:50:51.708 15256 21621 E baseline.com.newsblur.network.APIResponse: 	at okhttp3.internal.http1.Http1ExchangeCodec.readResponseHeaders(Http1ExchangeCodec.java:236)
08-04 02:50:51.708 15256 21621 E baseline.com.newsblur.network.APIResponse: 	at okhttp3.internal.connection.Exchange.readResponseHeaders(Exchange.java:115)
08-04 02:50:51.708 15256 21621 E baseline.com.newsblur.network.APIResponse: 	at okhttp3.internal.http.CallServerInterceptor.intercept(CallServerInterceptor.java:94)
08-04 02:50:51.708 15256 21621 E baseline.com.newsblur.network.APIResponse: 	at okhttp3.internal.http.RealInterceptorChain.proceed(RealInterceptorChain.java:142)
08-04 02:50:51.708 15256 21621 E baseline.com.newsblur.network.APIResponse: 	at okhttp3.internal.connection.ConnectInterceptor.intercept(ConnectInterceptor.java:43)
08-04 02:50:51.708 15256 21621 E baseline.com.newsblur.network.APIResponse: 	at okhttp3.internal.http.RealInterceptorChain.proceed(RealInterceptorChain.java:142)
08-04 02:50:51.708 15256 21621 E baseline.com.newsblur.network.APIResponse: 	at okhttp3.internal.http.RealInterceptorChain.proceed(RealInterceptorChain.java:117)
08-04 02:50:51.708 15256 21621 E baseline.com.newsblur.network.APIResponse: 	at okhttp3.internal.cache.CacheInterceptor.intercept(CacheInterceptor.java:94)
08-04 02:50:51.708 15256 21621 E baseline.com.newsblur.network.APIResponse: 	at okhttp3.internal.http.RealInterceptorChain.proceed(RealInterceptorChain.java:142)
08-04 02:50:51.708 15256 21621 E baseline.com.newsblur.network.APIResponse: 	at okhttp3.internal.http.RealInterceptorChain.proceed(RealInterceptorChain.java:117)
08-04 02:50:51.708 15256 21621 E baseline.com.newsblur.network.APIResponse: 	at okhttp3.internal.http.BridgeInterceptor.intercept(BridgeInterceptor.java:93)
08-04 02:50:51.708 15256 21621 E baseline.com.newsblur.network.APIResponse: 	at okhttp3.internal.http.RealInterceptorChain.proceed(RealInterceptorChain.java:142)
08-04 02:50:51.708 15256 21621 E baseline.com.newsblur.network.APIResponse: 	at okhttp3.internal.http.RetryAndFollowUpInterceptor.intercept(RetryAndFollowUpInterceptor.java:88)
08-04 02:50:51.708 15256 21621 E baseline.com.newsblur.network.APIResponse: 	at okhttp3.internal.http.RealInterceptorChain.proceed(RealInterceptorChain.java:142)
08-04 02:50:51.708 15256 21621 E baseline.com.newsblur.network.APIResponse: 	at okhttp3.internal.http.RealInterceptorChain.proceed(RealInterceptorChain.java:117)
08-04 02:50:51.708 15256 21621 E baseline.com.newsblur.network.APIResponse: 	at okhttp3.RealCall.getResponseWithInterceptorChain(RealCall.java:229)
08-04 02:50:51.708 15256 21621 E baseline.com.newsblur.network.APIResponse: 	at okhttp3.RealCall.execute(RealCall.java:81)
08-04 02:50:51.708 15256 21621 E baseline.com.newsblur.network.APIResponse: 	at baseline.com.newsblur.network.APIResponse.<init>(APIResponse.java:57)
08-04 02:50:51.708 15256 21621 E baseline.com.newsblur.network.APIResponse: 	at baseline.com.newsblur.network.APIResponse.<init>(APIResponse.java:43)
08-04 02:50:51.708 15256 21621 E baseline.com.newsblur.network.APIResponse: 	at baseline.com.newsblur.network.APIManager.post_single(APIManager.java:702)
08-04 02:50:51.708 15256 21621 E baseline.com.newsblur.network.APIResponse: 	at baseline.com.newsblur.network.APIManager.post(APIManager.java:675)
08-04 02:50:51.708 15256 21621 E baseline.com.newsblur.network.APIResponse: 	at baseline.com.newsblur.network.APIManager.post(APIManager.java:714)
08-04 02:50:51.708 15256 21621 E baseline.com.newsblur.network.APIResponse: 	at baseline.com.newsblur.network.APIManager.markStoryAsRead(APIManager.java:205)
08-04 02:50:51.708 15256 21621 E baseline.com.newsblur.network.APIResponse: 	at baseline.com.newsblur.util.ReadingAction.doRemote(ReadingAction.java:281)
08-04 02:50:51.708 15256 21621 E baseline.com.newsblur.network.APIResponse: 	at baseline.com.newsblur.service.NBSyncService.syncActions(NBSyncService.java:400)
08-04 02:50:51.708 15256 21621 E baseline.com.newsblur.network.APIResponse: 	at baseline.com.newsblur.service.NBSyncService.doSync(NBSyncService.java:298)
08-04 02:50:51.708 15256 21621 E baseline.com.newsblur.network.APIResponse: 	at baseline.com.newsblur.service.NBSyncService.access$100(NBSyncService.java:67)
08-04 02:50:51.708 15256 21621 E baseline.com.newsblur.network.APIResponse: 	at baseline.com.newsblur.service.NBSyncService$1.run(NBSyncService.java:188)
08-04 02:50:51.708 15256 21621 E baseline.com.newsblur.network.APIResponse: 	at java.util.concurrent.ThreadPoolExecutor.runWorker(ThreadPoolExecutor.java:1113)
08-04 02:50:51.708 15256 21621 E baseline.com.newsblur.network.APIResponse: 	at java.util.concurrent.ThreadPoolExecutor$Worker.run(ThreadPoolExecutor.java:588)
08-04 02:50:51.708 15256 21621 E baseline.com.newsblur.network.APIResponse: 	at java.lang.Thread.run(Thread.java:818)
08-04 02:50:51.708 15256 21621 E baseline.com.newsblur.network.APIResponse: Caused by: java.io.EOFException: \n not found: limit=0 content=
08-04 02:50:51.708 15256 21621 E baseline.com.newsblur.network.APIResponse: 	at okio.RealBufferedSource.readUtf8LineStrict(RealBufferedSource.java:240)
08-04 02:50:51.708 15256 21621 E baseline.com.newsblur.network.APIResponse: 	at okhttp3.internal.http1.Http1ExchangeCodec.readHeaderLine(Http1ExchangeCodec.java:242)
08-04 02:50:51.708 15256 21621 E baseline.com.newsblur.network.APIResponse: 	at okhttp3.internal.http1.Http1ExchangeCodec.readResponseHeaders(Http1ExchangeCodec.java:213)
08-04 02:50:51.708 15256 21621 E baseline.com.newsblur.network.APIResponse: 	... 30 more
08-04 02:50:51.711 15256 21621 I baseline.com.newsblur.service.NBSyncService: Holding reading action with server-side or network error.
08-04 02:50:51.712 15256 20845 I art     : Explicit concurrent mark sweep GC freed 1540(133KB) AllocSpace objects, 0(0B) LOS objects, 29% free, 38MB/54MB, paused 1.027ms total 35.125ms
08-04 02:50:51.723 15256 21621 W baseline.com.newsblur.service.NBSyncService: hard API failure
08-04 02:50:52.047 15256 15272 I art     : Starting a blocking GC Explicit
08-04 02:50:52.094 15256 15272 I art     : Explicit concurrent mark sweep GC freed 4368(372KB) AllocSpace objects, 7(140KB) LOS objects, 29% free, 38MB/54MB, paused 1.516ms total 46.151ms
08-04 02:50:52.106 15256 15272 I art     : Starting a blocking GC Explicit
08-04 02:50:52.123 15256 21621 E baseline.com.newsblur.network.APIResponse: Error (unexpected end of stream on https://www.newsblur.com/...) calling https://www.newsblur.com/reader/mark_story_hashes_as_read/
08-04 02:50:52.123 15256 21621 E baseline.com.newsblur.network.APIResponse: java.io.IOException: unexpected end of stream on https://www.newsblur.com/...
08-04 02:50:52.123 15256 21621 E baseline.com.newsblur.network.APIResponse: 	at okhttp3.internal.http1.Http1ExchangeCodec.readResponseHeaders(Http1ExchangeCodec.java:236)
08-04 02:50:52.123 15256 21621 E baseline.com.newsblur.network.APIResponse: 	at okhttp3.internal.connection.Exchange.readResponseHeaders(Exchange.java:115)
08-04 02:50:52.123 15256 21621 E baseline.com.newsblur.network.APIResponse: 	at okhttp3.internal.http.CallServerInterceptor.intercept(CallServerInterceptor.java:94)
08-04 02:50:52.123 15256 21621 E baseline.com.newsblur.network.APIResponse: 	at okhttp3.internal.http.RealInterceptorChain.proceed(RealInterceptorChain.java:142)
08-04 02:50:52.123 15256 21621 E baseline.com.newsblur.network.APIResponse: 	at okhttp3.internal.connection.ConnectInterceptor.intercept(ConnectInterceptor.java:43)
08-04 02:50:52.123 15256 21621 E baseline.com.newsblur.network.APIResponse: 	at okhttp3.internal.http.RealInterceptorChain.proceed(RealInterceptorChain.java:142)
08-04 02:50:52.123 15256 21621 E baseline.com.newsblur.network.APIResponse: 	at okhttp3.internal.http.RealInterceptorChain.proceed(RealInterceptorChain.java:117)
08-04 02:50:52.123 15256 21621 E baseline.com.newsblur.network.APIResponse: 	at okhttp3.internal.cache.CacheInterceptor.intercept(CacheInterceptor.java:94)
08-04 02:50:52.123 15256 21621 E baseline.com.newsblur.network.APIResponse: 	at okhttp3.internal.http.RealInterceptorChain.proceed(RealInterceptorChain.java:142)
08-04 02:50:52.123 15256 21621 E baseline.com.newsblur.network.APIResponse: 	at okhttp3.internal.http.RealInterceptorChain.proceed(RealInterceptorChain.java:117)
08-04 02:50:52.123 15256 21621 E baseline.com.newsblur.network.APIResponse: 	at okhttp3.internal.http.BridgeInterceptor.intercept(BridgeInterceptor.java:93)
08-04 02:50:52.123 15256 21621 E baseline.com.newsblur.network.APIResponse: 	at okhttp3.internal.http.RealInterceptorChain.proceed(RealInterceptorChain.java:142)
08-04 02:50:52.123 15256 21621 E baseline.com.newsblur.network.APIResponse: 	at okhttp3.internal.http.RetryAndFollowUpInterceptor.intercept(RetryAndFollowUpInterceptor.java:88)
08-04 02:50:52.123 15256 21621 E baseline.com.newsblur.network.APIResponse: 	at okhttp3.internal.http.RealInterceptorChain.proceed(RealInterceptorChain.java:142)
08-04 02:50:52.123 15256 21621 E baseline.com.newsblur.network.APIResponse: 	at okhttp3.internal.http.RealInterceptorChain.proceed(RealInterceptorChain.java:117)
08-04 02:50:52.123 15256 21621 E baseline.com.newsblur.network.APIResponse: 	at okhttp3.RealCall.getResponseWithInterceptorChain(RealCall.java:229)
08-04 02:50:52.123 15256 21621 E baseline.com.newsblur.network.APIResponse: 	at okhttp3.RealCall.execute(RealCall.java:81)
08-04 02:50:52.123 15256 21621 E baseline.com.newsblur.network.APIResponse: 	at baseline.com.newsblur.network.APIResponse.<init>(APIResponse.java:57)
08-04 02:50:52.123 15256 21621 E baseline.com.newsblur.network.APIResponse: 	at baseline.com.newsblur.network.APIResponse.<init>(APIResponse.java:43)
08-04 02:50:52.123 15256 21621 E baseline.com.newsblur.network.APIResponse: 	at baseline.com.newsblur.network.APIManager.post_single(APIManager.java:702)
08-04 02:50:52.123 15256 21621 E baseline.com.newsblur.network.APIResponse: 	at baseline.com.newsblur.network.APIManager.post(APIManager.java:675)
08-04 02:50:52.123 15256 21621 E baseline.com.newsblur.network.APIResponse: 	at baseline.com.newsblur.network.APIManager.post(APIManager.java:714)
08-04 02:50:52.123 15256 21621 E baseline.com.newsblur.network.APIResponse: 	at baseline.com.newsblur.network.APIManager.markStoryAsRead(APIManager.java:205)
08-04 02:50:52.123 15256 21621 E baseline.com.newsblur.network.APIResponse: 	at baseline.com.newsblur.util.ReadingAction.doRemote(ReadingAction.java:281)
08-04 02:50:52.123 15256 21621 E baseline.com.newsblur.network.APIResponse: 	at baseline.com.newsblur.service.NBSyncService.syncActions(NBSyncService.java:400)
08-04 02:50:52.123 15256 21621 E baseline.com.newsblur.network.APIResponse: 	at baseline.com.newsblur.service.NBSyncService.doSync(NBSyncService.java:298)
08-04 02:50:52.123 15256 21621 E baseline.com.newsblur.network.APIResponse: 	at baseline.com.newsblur.service.NBSyncService.access$100(NBSyncService.java:67)
08-04 02:50:52.123 15256 21621 E baseline.com.newsblur.network.APIResponse: 	at baseline.com.newsblur.service.NBSyncService$1.run(NBSyncService.java:188)
08-04 02:50:52.123 15256 21621 E baseline.com.newsblur.network.APIResponse: 	at java.util.concurrent.ThreadPoolExecutor.runWorker(ThreadPoolExecutor.java:1113)
08-04 02:50:52.123 15256 21621 E baseline.com.newsblur.network.APIResponse: 	at java.util.concurrent.ThreadPoolExecutor$Worker.run(ThreadPoolExecutor.java:588)
08-04 02:50:52.123 15256 21621 E baseline.com.newsblur.network.APIResponse: 	at java.lang.Thread.run(Thread.java:818)
08-04 02:50:52.123 15256 21621 E baseline.com.newsblur.network.APIResponse: Caused by: java.io.EOFException: \n not found: limit=0 content=
08-04 02:50:52.123 15256 21621 E baseline.com.newsblur.network.APIResponse: 	at okio.RealBufferedSource.readUtf8LineStrict(RealBufferedSource.java:240)
08-04 02:50:52.123 15256 21621 E baseline.com.newsblur.network.APIResponse: 	at okhttp3.internal.http1.Http1ExchangeCodec.readHeaderLine(Http1ExchangeCodec.java:242)
08-04 02:50:52.123 15256 21621 E baseline.com.newsblur.network.APIResponse: 	at okhttp3.internal.http1.Http1ExchangeCodec.readResponseHeaders(Http1ExchangeCodec.java:213)
08-04 02:50:52.123 15256 21621 E baseline.com.newsblur.network.APIResponse: 	... 30 more
08-04 02:50:52.125 15256 21621 I baseline.com.newsblur.network.APIManager: API call failed, pausing before retry number 1
08-04 02:50:52.145 15256 15272 I art     : Explicit concurrent mark sweep GC freed 991(202KB) AllocSpace objects, 2(40KB) LOS objects, 29% free, 38MB/54MB, paused 1.067ms total 38.976ms
08-04 02:50:52.158 15256 15272 I art     : Starting a blocking GC Explicit
08-04 02:50:52.198 15256 15272 I art     : Explicit concurrent mark sweep GC freed 128(17KB) AllocSpace objects, 0(0B) LOS objects, 29% free, 38MB/54MB, paused 1.047ms total 40.425ms
08-04 02:50:52.211 15256 15272 I art     : Starting a blocking GC Explicit
08-04 02:50:52.252 15256 15272 I art     : Explicit concurrent mark sweep GC freed 31(1024B) AllocSpace objects, 0(0B) LOS objects, 29% free, 38MB/54MB, paused 1.133ms total 41.127ms
08-04 02:50:52.264 15256 15272 I art     : Starting a blocking GC Explicit
08-04 02:50:52.306 15256 15272 I art     : Explicit concurrent mark sweep GC freed 10(320B) AllocSpace objects, 0(0B) LOS objects, 29% free, 38MB/54MB, paused 1.151ms total 42.046ms
08-04 02:50:52.618 15256 15269 I art     : Starting a blocking GC Explicit
08-04 02:50:52.664 15256 15269 I art     : Explicit concurrent mark sweep GC freed 1482(84KB) AllocSpace objects, 1(20KB) LOS objects, 29% free, 38MB/54MB, paused 1.078ms total 45.870ms
08-04 02:50:52.677 15256 15269 I art     : Starting a blocking GC Explicit
08-04 02:50:52.716 15256 15269 I art     : Explicit concurrent mark sweep GC freed 28(976B) AllocSpace objects, 0(0B) LOS objects, 29% free, 38MB/54MB, paused 982us total 39.136ms
08-04 02:50:52.728 15256 15269 I art     : Starting a blocking GC Explicit
08-04 02:50:52.766 15256 15269 I art     : Explicit concurrent mark sweep GC freed 4(128B) AllocSpace objects, 0(0B) LOS objects, 29% free, 38MB/54MB, paused 1.049ms total 38.048ms
08-04 02:50:52.777 15256 15269 I art     : Starting a blocking GC Explicit
08-04 02:50:52.813 15256 15269 I art     : Explicit concurrent mark sweep GC freed 3(96B) AllocSpace objects, 0(0B) LOS objects, 29% free, 38MB/54MB, paused 1.056ms total 36.060ms
08-04 02:50:52.823 22143 22143 D AndroidRuntime: >>>>>> START com.android.internal.os.RuntimeInit uid 2000 <<<<<<
08-04 02:50:52.824 15256 15269 I art     : Starting a blocking GC Explicit
08-04 02:50:52.828 22143 22143 D AndroidRuntime: CheckJNI is OFF
08-04 02:50:52.861 15256 15269 I art     : Explicit concurrent mark sweep GC freed 3(96B) AllocSpace objects, 0(0B) LOS objects, 29% free, 38MB/54MB, paused 1.126ms total 37.054ms
08-04 02:50:52.862 22143 22143 D ICU     : No timezone override file found: /data/misc/zoneinfo/current/icu/icu_tzdata.dat
08-04 02:50:52.897 22143 22143 I Radio-JNI: register_android_hardware_Radio DONE
08-04 02:50:52.918 22143 22143 D AndroidRuntime: Calling main entry com.android.commands.input.Input
08-04 02:50:52.920 22143 22143 I Input   : injectKeyEvent: KeyEvent { action=ACTION_DOWN, keyCode=KEYCODE_BACK, scanCode=0, metaState=0, flags=0x0, repeatCount=0, eventTime=672669333, downTime=672669333, deviceId=-1, source=0x101 }
08-04 02:50:52.926 22143 22143 I Input   : injectKeyEvent: KeyEvent { action=ACTION_UP, keyCode=KEYCODE_BACK, scanCode=0, metaState=0, flags=0x0, repeatCount=0, eventTime=672669333, downTime=672669333, deviceId=-1, source=0x101 }
08-04 02:50:52.932 22143 22143 D AndroidRuntime: Shutting down VM
08-04 02:50:53.092 13866 13866 I GoogleInputMethodServic: GoogleInputMethodService.onFinishInput():3138 
08-04 02:50:53.093 13866 13866 I GoogleInputMethodServic: GoogleInputMethodService.onStartInput():1808 
08-04 02:50:53.158 15256 20845 I art     : Starting a blocking GC Explicit
08-04 02:50:53.201 15256 20845 I art     : Explicit concurrent mark sweep GC freed 9793(667KB) AllocSpace objects, 13(260KB) LOS objects, 29% free, 38MB/54MB, paused 1.052ms total 41.750ms
08-04 02:50:53.210 15256 20845 I art     : Starting a blocking GC Explicit
08-04 02:50:53.246 15256 20845 I art     : Explicit concurrent mark sweep GC freed 231(9KB) AllocSpace objects, 0(0B) LOS objects, 29% free, 38MB/54MB, paused 1.062ms total 36.163ms
08-04 02:50:53.257 15256 20845 I art     : Starting a blocking GC Explicit
08-04 02:50:53.296 15256 20845 I art     : Explicit concurrent mark sweep GC freed 3(96B) AllocSpace objects, 0(0B) LOS objects, 29% free, 38MB/54MB, paused 1.052ms total 38.378ms
08-04 02:50:53.306 15256 20845 I art     : Starting a blocking GC Explicit
08-04 02:50:53.346 15256 20845 I art     : Explicit concurrent mark sweep GC freed 3(96B) AllocSpace objects, 0(0B) LOS objects, 29% free, 38MB/54MB, paused 1.165ms total 39.861ms
08-04 02:50:53.358 15256 20845 I art     : Starting a blocking GC Explicit
08-04 02:50:53.402 15256 20845 I art     : Explicit concurrent mark sweep GC freed 3(96B) AllocSpace objects, 0(0B) LOS objects, 29% free, 38MB/54MB, paused 1.212ms total 43.145ms
08-04 02:50:53.728 15256 20844 I art     : Starting a blocking GC Explicit
08-04 02:50:53.771 15256 20844 I art     : Explicit concurrent mark sweep GC freed 2091(112KB) AllocSpace objects, 1(20KB) LOS objects, 29% free, 38MB/54MB, paused 1.042ms total 42.884ms
08-04 02:50:53.784 15256 20844 I art     : Starting a blocking GC Explicit
08-04 02:50:53.822 15256 20844 I art     : Explicit concurrent mark sweep GC freed 171(7KB) AllocSpace objects, 0(0B) LOS objects, 29% free, 38MB/54MB, paused 1.176ms total 37.878ms
08-04 02:50:53.833 15256 20844 I art     : Starting a blocking GC Explicit
08-04 02:50:53.872 15256 20844 I art     : Explicit concurrent mark sweep GC freed 9(288B) AllocSpace objects, 0(0B) LOS objects, 29% free, 38MB/54MB, paused 1.225ms total 39.457ms
08-04 02:50:53.883 15256 20844 I art     : Starting a blocking GC Explicit
08-04 02:50:53.923 15256 20844 I art     : Explicit concurrent mark sweep GC freed 9(288B) AllocSpace objects, 0(0B) LOS objects, 29% free, 38MB/54MB, paused 1.216ms total 40.395ms
08-04 02:50:53.934 15256 20844 I art     : Starting a blocking GC Explicit
08-04 02:50:53.973 15256 20844 I art     : Explicit concurrent mark sweep GC freed 9(288B) AllocSpace objects, 0(0B) LOS objects, 29% free, 38MB/54MB, paused 1.246ms total 39.305ms
08-04 02:50:54.169 15256 21621 E baseline.com.newsblur.network.APIResponse: Error (unexpected end of stream on https://www.newsblur.com/...) calling https://www.newsblur.com/reader/mark_story_hashes_as_read/
08-04 02:50:54.169 15256 21621 E baseline.com.newsblur.network.APIResponse: java.io.IOException: unexpected end of stream on https://www.newsblur.com/...
08-04 02:50:54.169 15256 21621 E baseline.com.newsblur.network.APIResponse: 	at okhttp3.internal.http1.Http1ExchangeCodec.readResponseHeaders(Http1ExchangeCodec.java:236)
08-04 02:50:54.169 15256 21621 E baseline.com.newsblur.network.APIResponse: 	at okhttp3.internal.connection.Exchange.readResponseHeaders(Exchange.java:115)
08-04 02:50:54.169 15256 21621 E baseline.com.newsblur.network.APIResponse: 	at okhttp3.internal.http.CallServerInterceptor.intercept(CallServerInterceptor.java:94)
08-04 02:50:54.169 15256 21621 E baseline.com.newsblur.network.APIResponse: 	at okhttp3.internal.http.RealInterceptorChain.proceed(RealInterceptorChain.java:142)
08-04 02:50:54.169 15256 21621 E baseline.com.newsblur.network.APIResponse: 	at okhttp3.internal.connection.ConnectInterceptor.intercept(ConnectInterceptor.java:43)
08-04 02:50:54.169 15256 21621 E baseline.com.newsblur.network.APIResponse: 	at okhttp3.internal.http.RealInterceptorChain.proceed(RealInterceptorChain.java:142)
08-04 02:50:54.169 15256 21621 E baseline.com.newsblur.network.APIResponse: 	at okhttp3.internal.http.RealInterceptorChain.proceed(RealInterceptorChain.java:117)
08-04 02:50:54.169 15256 21621 E baseline.com.newsblur.network.APIResponse: 	at okhttp3.internal.cache.CacheInterceptor.intercept(CacheInterceptor.java:94)
08-04 02:50:54.169 15256 21621 E baseline.com.newsblur.network.APIResponse: 	at okhttp3.internal.http.RealInterceptorChain.proceed(RealInterceptorChain.java:142)
08-04 02:50:54.169 15256 21621 E baseline.com.newsblur.network.APIResponse: 	at okhttp3.internal.http.RealInterceptorChain.proceed(RealInterceptorChain.java:117)
08-04 02:50:54.169 15256 21621 E baseline.com.newsblur.network.APIResponse: 	at okhttp3.internal.http.BridgeInterceptor.intercept(BridgeInterceptor.java:93)
08-04 02:50:54.169 15256 21621 E baseline.com.newsblur.network.APIResponse: 	at okhttp3.internal.http.RealInterceptorChain.proceed(RealInterceptorChain.java:142)
08-04 02:50:54.169 15256 21621 E baseline.com.newsblur.network.APIResponse: 	at okhttp3.internal.http.RetryAndFollowUpInterceptor.intercept(RetryAndFollowUpInterceptor.java:88)
08-04 02:50:54.169 15256 21621 E baseline.com.newsblur.network.APIResponse: 	at okhttp3.internal.http.RealInterceptorChain.proceed(RealInterceptorChain.java:142)
08-04 02:50:54.169 15256 21621 E baseline.com.newsblur.network.APIResponse: 	at okhttp3.internal.http.RealInterceptorChain.proceed(RealInterceptorChain.java:117)
08-04 02:50:54.169 15256 21621 E baseline.com.newsblur.network.APIResponse: 	at okhttp3.RealCall.getResponseWithInterceptorChain(RealCall.java:229)
08-04 02:50:54.169 15256 21621 E baseline.com.newsblur.network.APIResponse: 	at okhttp3.RealCall.execute(RealCall.java:81)
08-04 02:50:54.169 15256 21621 E baseline.com.newsblur.network.APIResponse: 	at baseline.com.newsblur.network.APIResponse.<init>(APIResponse.java:57)
08-04 02:50:54.169 15256 21621 E baseline.com.newsblur.network.APIResponse: 	at baseline.com.newsblur.network.APIResponse.<init>(APIResponse.java:43)
08-04 02:50:54.169 15256 21621 E baseline.com.newsblur.network.APIResponse: 	at baseline.com.newsblur.network.APIManager.post_single(APIManager.java:702)
08-04 02:50:54.169 15256 21621 E baseline.com.newsblur.network.APIResponse: 	at baseline.com.newsblur.network.APIManager.post(APIManager.java:675)
08-04 02:50:54.169 15256 21621 E baseline.com.newsblur.network.APIResponse: 	at baseline.com.newsblur.network.APIManager.post(APIManager.java:714)
08-04 02:50:54.169 15256 21621 E baseline.com.newsblur.network.APIResponse: 	at baseline.com.newsblur.network.APIManager.markStoryAsRead(APIManager.java:205)
08-04 02:50:54.169 15256 21621 E baseline.com.newsblur.network.APIResponse: 	at baseline.com.newsblur.util.ReadingAction.doRemote(ReadingAction.java:281)
08-04 02:50:54.169 15256 21621 E baseline.com.newsblur.network.APIResponse: 	at baseline.com.newsblur.service.NBSyncService.syncActions(NBSyncService.java:400)
08-04 02:50:54.169 15256 21621 E baseline.com.newsblur.network.APIResponse: 	at baseline.com.newsblur.service.NBSyncService.doSync(NBSyncService.java:298)
08-04 02:50:54.169 15256 21621 E baseline.com.newsblur.network.APIResponse: 	at baseline.com.newsblur.service.NBSyncService.access$100(NBSyncService.java:67)
08-04 02:50:54.169 15256 21621 E baseline.com.newsblur.network.APIResponse: 	at baseline.com.newsblur.service.NBSyncService$1.run(NBSyncService.java:188)
08-04 02:50:54.169 15256 21621 E baseline.com.newsblur.network.APIResponse: 	at java.util.concurrent.ThreadPoolExecutor.runWorker(ThreadPoolExecutor.java:1113)
08-04 02:50:54.169 15256 21621 E baseline.com.newsblur.network.APIResponse: 	at java.util.concurrent.ThreadPoolExecutor$Worker.run(ThreadPoolExecutor.java:588)
08-04 02:50:54.169 15256 21621 E baseline.com.newsblur.network.APIResponse: 	at java.lang.Thread.run(Thread.java:818)
08-04 02:50:54.169 15256 21621 E baseline.com.newsblur.network.APIResponse: Caused by: java.io.EOFException: \n not found: limit=0 content=
08-04 02:50:54.169 15256 21621 E baseline.com.newsblur.network.APIResponse: 	at okio.RealBufferedSource.readUtf8LineStrict(RealBufferedSource.java:240)
08-04 02:50:54.169 15256 21621 E baseline.com.newsblur.network.APIResponse: 	at okhttp3.internal.http1.Http1ExchangeCodec.readHeaderLine(Http1ExchangeCodec.java:242)
08-04 02:50:54.169 15256 21621 E baseline.com.newsblur.network.APIResponse: 	at okhttp3.internal.http1.Http1ExchangeCodec.readResponseHeaders(Http1ExchangeCodec.java:213)
08-04 02:50:54.169 15256 21621 E baseline.com.newsblur.network.APIResponse: 	... 30 more
08-04 02:50:54.171 15256 21621 I baseline.com.newsblur.network.APIManager: API call failed, pausing before retry number 2
08-04 02:50:54.298 15256 15269 I art     : Starting a blocking GC Explicit
08-04 02:50:54.339 15256 15269 I art     : Explicit concurrent mark sweep GC freed 4034(360KB) AllocSpace objects, 3(60KB) LOS objects, 29% free, 38MB/54MB, paused 1.335ms total 40.657ms
08-04 02:50:54.350 15256 15269 I art     : Starting a blocking GC Explicit
08-04 02:50:54.388 15256 15269 I art     : Explicit concurrent mark sweep GC freed 126(4KB) AllocSpace objects, 0(0B) LOS objects, 29% free, 38MB/54MB, paused 1.147ms total 37.697ms
08-04 02:50:54.398 15256 15269 I art     : Starting a blocking GC Explicit
08-04 02:50:54.431   918  3261 D WifiStateMachine: starting scan for "H369AA63323"WPA_PSK with 2412,5180
08-04 02:50:54.437 15256 15269 I art     : Explicit concurrent mark sweep GC freed 8(256B) AllocSpace objects, 0(0B) LOS objects, 29% free, 38MB/54MB, paused 1.071ms total 38.595ms
08-04 02:50:54.448 15256 15269 I art     : Starting a blocking GC Explicit
08-04 02:50:54.485 15256 15269 I art     : Explicit concurrent mark sweep GC freed 9(288B) AllocSpace objects, 0(0B) LOS objects, 29% free, 38MB/54MB, paused 975us total 36.734ms
08-04 02:50:54.495 15256 15269 I art     : Starting a blocking GC Explicit
08-04 02:50:54.531 15256 15269 I art     : Explicit concurrent mark sweep GC freed 7(224B) AllocSpace objects, 0(0B) LOS objects, 29% free, 38MB/54MB, paused 1.078ms total 36.185ms
08-04 02:50:54.587 22192 22192 D AndroidRuntime: >>>>>> START com.android.internal.os.RuntimeInit uid 2000 <<<<<<
08-04 02:50:54.592 22192 22192 D AndroidRuntime: CheckJNI is OFF
08-04 02:50:54.626 22192 22192 D ICU     : No timezone override file found: /data/misc/zoneinfo/current/icu/icu_tzdata.dat
08-04 02:50:54.660 22192 22192 I Radio-JNI: register_android_hardware_Radio DONE
08-04 02:50:54.680 22192 22192 D AndroidRuntime: Calling main entry com.android.commands.input.Input
08-04 02:50:54.682 22192 22192 I Input   : injectMotionEvent: MotionEvent { action=ACTION_DOWN, actionButton=0, id[0]=0, x[0]=553.0, y[0]=442.0, toolType[0]=TOOL_TYPE_UNKNOWN, buttonState=0, metaState=0, flags=0x0, edgeFlags=0x0, pointerCount=1, historySize=0, eventTime=672671094, downTime=672671094, deviceId=0, source=0x1002 }
08-04 02:50:54.688 22192 22192 I Input   : injectMotionEvent: MotionEvent { action=ACTION_UP, actionButton=0, id[0]=0, x[0]=553.0, y[0]=442.0, toolType[0]=TOOL_TYPE_UNKNOWN, buttonState=0, metaState=0, flags=0x0, edgeFlags=0x0, pointerCount=1, historySize=0, eventTime=672671094, downTime=672671094, deviceId=0, source=0x1002 }
08-04 02:50:54.690 22192 22192 D AndroidRuntime: Shutting down VM
08-04 02:50:54.757   918  3670 I ActivityManager: START u0 {cmp=baseline.com.newsblur/.activity.AllSharedStoriesItemsList (has extras)} from uid 10652 on display 0
08-04 02:50:54.779 15256 21268 I baseline.com.newsblur.database.BlurDatabaseHelper: reading session reset
08-04 02:50:54.836 15256 15272 I art     : Starting a blocking GC Explicit
08-04 02:50:54.876 15256 15272 I art     : Explicit concurrent mark sweep GC freed 3547(294KB) AllocSpace objects, 6(212KB) LOS objects, 29% free, 38MB/54MB, paused 1.135ms total 39.491ms
08-04 02:50:54.887 15256 15272 I art     : Starting a blocking GC Explicit
08-04 02:50:54.924 15256 15272 I art     : Explicit concurrent mark sweep GC freed 825(56KB) AllocSpace objects, 1(20KB) LOS objects, 29% free, 38MB/54MB, paused 999us total 37.215ms
08-04 02:50:54.934 15256 15272 I art     : Starting a blocking GC Explicit
08-04 02:50:54.948 15256 15256 W View    : requestLayout() improperly called by android.widget.FrameLayout{34a87b6 V.E...... ......ID 0,0-1440,0 #7f07003f app:id/footer_view_inner} during layout: running second layout pass
08-04 02:50:54.948 15256 15256 W View    : requestLayout() improperly called by android.widget.FrameLayout{8d96cb7 V.E...... ......ID 0,0-1440,2091 #7f07003f app:id/footer_view_inner} during layout: running second layout pass
08-04 02:50:54.965   918   936 I ActivityManager: Displayed baseline.com.newsblur/.activity.AllSharedStoriesItemsList: +199ms
08-04 02:50:54.965 13866 13866 I GoogleInputMethodServic: GoogleInputMethodService.onFinishInput():3138 
08-04 02:50:54.969 13866 13866 I GoogleInputMethodServic: GoogleInputMethodService.onStartInput():1808 
08-04 02:50:54.970 15256 15272 I art     : Explicit concurrent mark sweep GC freed 458(51KB) AllocSpace objects, 2(40KB) LOS objects, 29% free, 38MB/54MB, paused 1.485ms total 36.204ms
08-04 02:50:54.980 15256 15272 I art     : Starting a blocking GC Explicit
08-04 02:50:55.021 15256 15272 I art     : Explicit concurrent mark sweep GC freed 1287(83KB) AllocSpace objects, 6(120KB) LOS objects, 29% free, 38MB/54MB, paused 1.838ms total 40.765ms
08-04 02:50:55.033 15256 15272 I art     : Starting a blocking GC Explicit
08-04 02:50:55.074 15256 22221 I NAPPA_EXPERIMENTATION: MetricNetworkRequestExecutionTime: REQUEST_DURATION_SYSTEM='59',REQUEST_DURATION_OKHTTP='58',REQUEST_SYNCHRONOUS='TRUE',RESPONSE_CODE='200',RESPONSE_METHOD='GET',RESPONSE_LENGTH_OKHTTP='43',RESPONSE_LENGTH_HEADER='43',REQUEST_PROTOCOL='http/1.1',REQUEST_URL='http://feeds.feedburner.com/~r/retort/~4/UffaFMiJbNs',
08-04 02:50:55.074 15256 15272 I art     : Explicit concurrent mark sweep GC freed 304(16KB) AllocSpace objects, 0(0B) LOS objects, 29% free, 38MB/54MB, paused 1.643ms total 41.384ms
08-04 02:50:55.173 15256 20963 I NAPPA_EXPERIMENTATION: MetricNetworkRequestExecutionTime: REQUEST_DURATION_SYSTEM='147',REQUEST_DURATION_OKHTTP='147',REQUEST_SYNCHRONOUS='TRUE',RESPONSE_CODE='200',RESPONSE_METHOD='GET',RESPONSE_LENGTH_OKHTTP='56376',RESPONSE_LENGTH_HEADER='56376',REQUEST_PROTOCOL='h2',REQUEST_URL='https://images.fastcompany.net/image/upload/w_1280,q_auto,f_auto,fl_lossy/wp-cms/uploads/2020/07/p-1-quit-after-covid.jpg',
08-04 02:50:55.371 15256 15269 I art     : Starting a blocking GC Explicit
08-04 02:50:55.413 15256 15269 I art     : Explicit concurrent mark sweep GC freed 2620(187KB) AllocSpace objects, 7(3MB) LOS objects, 28% free, 40MB/56MB, paused 1.153ms total 41.486ms
08-04 02:50:55.423 15256 15269 I art     : Starting a blocking GC Explicit
08-04 02:50:55.463 15256 15269 I art     : Explicit concurrent mark sweep GC freed 74(2784B) AllocSpace objects, 0(0B) LOS objects, 28% free, 40MB/56MB, paused 1.083ms total 39.328ms
08-04 02:50:55.474 15256 15269 I art     : Starting a blocking GC Explicit
08-04 02:50:55.512 15256 15269 I art     : Explicit concurrent mark sweep GC freed 6(192B) AllocSpace objects, 0(0B) LOS objects, 28% free, 40MB/56MB, paused 1.061ms total 37.724ms
08-04 02:50:55.522 15256 15269 I art     : Starting a blocking GC Explicit
08-04 02:50:55.562 15256 15269 I art     : Explicit concurrent mark sweep GC freed 6(192B) AllocSpace objects, 0(0B) LOS objects, 28% free, 40MB/56MB, paused 1.094ms total 39.120ms
08-04 02:50:55.572 15256 15269 I art     : Starting a blocking GC Explicit
08-04 02:50:55.612 15256 15269 I art     : Explicit concurrent mark sweep GC freed 6(192B) AllocSpace objects, 0(0B) LOS objects, 28% free, 40MB/56MB, paused 1.058ms total 39.602ms
08-04 02:50:55.662   518   646 I ThermalEngine: ACTION: GPU - Setting GPU[0] to 450000000
08-04 02:50:55.959 15256 15272 I art     : Starting a blocking GC Explicit
08-04 02:50:56.009 15256 15272 I art     : Explicit concurrent mark sweep GC freed 1468(83KB) AllocSpace objects, 1(20KB) LOS objects, 28% free, 40MB/56MB, paused 1.475ms total 50.238ms
08-04 02:50:56.023 15256 15272 I art     : Starting a blocking GC Explicit
08-04 02:50:56.073 15256 15272 I art     : Explicit concurrent mark sweep GC freed 26(912B) AllocSpace objects, 0(0B) LOS objects, 28% free, 40MB/56MB, paused 1.351ms total 49.260ms
08-04 02:50:56.086 15256 15272 I art     : Starting a blocking GC Explicit
08-04 02:50:56.137 15256 15272 I art     : Explicit concurrent mark sweep GC freed 11(352B) AllocSpace objects, 0(0B) LOS objects, 28% free, 40MB/56MB, paused 1.443ms total 50.347ms
08-04 02:50:56.151 15256 15272 I art     : Starting a blocking GC Explicit
08-04 02:50:56.202 15256 15272 I art     : Explicit concurrent mark sweep GC freed 14(448B) AllocSpace objects, 0(0B) LOS objects, 28% free, 40MB/56MB, paused 1.509ms total 51.008ms
08-04 02:50:56.217 15256 15272 I art     : Starting a blocking GC Explicit
08-04 02:50:56.270 15256 15272 I art     : Explicit concurrent mark sweep GC freed 17(544B) AllocSpace objects, 0(0B) LOS objects, 28% free, 40MB/56MB, paused 1.447ms total 53.200ms
08-04 02:50:56.670 15256 15269 I art     : Starting a blocking GC Explicit
08-04 02:50:56.723 15256 15269 I art     : Explicit concurrent mark sweep GC freed 1480(84KB) AllocSpace objects, 1(20KB) LOS objects, 28% free, 40MB/56MB, paused 1.807ms total 53.137ms
08-04 02:50:56.737 15256 15269 I art     : Starting a blocking GC Explicit
08-04 02:50:56.788 15256 15269 I art     : Explicit concurrent mark sweep GC freed 26(912B) AllocSpace objects, 0(0B) LOS objects, 28% free, 40MB/56MB, paused 1.555ms total 51.248ms
08-04 02:50:56.802 15256 15269 I art     : Starting a blocking GC Explicit
08-04 02:50:56.853 15256 15269 I art     : Explicit concurrent mark sweep GC freed 7(224B) AllocSpace objects, 0(0B) LOS objects, 28% free, 40MB/56MB, paused 1.417ms total 50.724ms
08-04 02:50:56.866 15256 15269 I art     : Starting a blocking GC Explicit
08-04 02:50:56.918 15256 15269 I art     : Explicit concurrent mark sweep GC freed 7(224B) AllocSpace objects, 0(0B) LOS objects, 28% free, 40MB/56MB, paused 1.537ms total 51.832ms
08-04 02:50:56.932 15256 15269 I art     : Starting a blocking GC Explicit
08-04 02:50:56.984 15256 15269 I art     : Explicit concurrent mark sweep GC freed 7(224B) AllocSpace objects, 0(0B) LOS objects, 28% free, 40MB/56MB, paused 1.491ms total 51.275ms
08-04 02:50:57.380 15256 20845 I art     : Starting a blocking GC Explicit
08-04 02:50:57.433 15256 20845 I art     : Explicit concurrent mark sweep GC freed 1638(93KB) AllocSpace objects, 1(20KB) LOS objects, 28% free, 40MB/56MB, paused 1.604ms total 52.652ms
08-04 02:50:57.447 15256 20845 I art     : Starting a blocking GC Explicit
08-04 02:50:57.498 15256 20845 I art     : Explicit concurrent mark sweep GC freed 32(1168B) AllocSpace objects, 0(0B) LOS objects, 28% free, 40MB/56MB, paused 1.524ms total 50.891ms
08-04 02:50:57.512 15256 20845 I art     : Starting a blocking GC Explicit
08-04 02:50:57.564 15256 20845 I art     : Explicit concurrent mark sweep GC freed 7(224B) AllocSpace objects, 0(0B) LOS objects, 28% free, 40MB/56MB, paused 1.568ms total 51.503ms
08-04 02:50:57.577 15256 20845 I art     : Starting a blocking GC Explicit
08-04 02:50:57.628 15256 20845 I art     : Explicit concurrent mark sweep GC freed 1605(62KB) AllocSpace objects, 0(0B) LOS objects, 28% free, 40MB/56MB, paused 1.730ms total 50.720ms
08-04 02:50:57.642 15256 20845 I art     : Starting a blocking GC Explicit
08-04 02:50:57.666 15256 21621 E baseline.com.newsblur.network.APIResponse: Error (unexpected end of stream on https://www.newsblur.com/...) calling https://www.newsblur.com/reader/mark_story_hashes_as_read/
08-04 02:50:57.666 15256 21621 E baseline.com.newsblur.network.APIResponse: java.io.IOException: unexpected end of stream on https://www.newsblur.com/...
08-04 02:50:57.666 15256 21621 E baseline.com.newsblur.network.APIResponse: 	at okhttp3.internal.http1.Http1ExchangeCodec.readResponseHeaders(Http1ExchangeCodec.java:236)
08-04 02:50:57.666 15256 21621 E baseline.com.newsblur.network.APIResponse: 	at okhttp3.internal.connection.Exchange.readResponseHeaders(Exchange.java:115)
08-04 02:50:57.666 15256 21621 E baseline.com.newsblur.network.APIResponse: 	at okhttp3.internal.http.CallServerInterceptor.intercept(CallServerInterceptor.java:94)
08-04 02:50:57.666 15256 21621 E baseline.com.newsblur.network.APIResponse: 	at okhttp3.internal.http.RealInterceptorChain.proceed(RealInterceptorChain.java:142)
08-04 02:50:57.666 15256 21621 E baseline.com.newsblur.network.APIResponse: 	at okhttp3.internal.connection.ConnectInterceptor.intercept(ConnectInterceptor.java:43)
08-04 02:50:57.666 15256 21621 E baseline.com.newsblur.network.APIResponse: 	at okhttp3.internal.http.RealInterceptorChain.proceed(RealInterceptorChain.java:142)
08-04 02:50:57.666 15256 21621 E baseline.com.newsblur.network.APIResponse: 	at okhttp3.internal.http.RealInterceptorChain.proceed(RealInterceptorChain.java:117)
08-04 02:50:57.666 15256 21621 E baseline.com.newsblur.network.APIResponse: 	at okhttp3.internal.cache.CacheInterceptor.intercept(CacheInterceptor.java:94)
08-04 02:50:57.666 15256 21621 E baseline.com.newsblur.network.APIResponse: 	at okhttp3.internal.http.RealInterceptorChain.proceed(RealInterceptorChain.java:142)
08-04 02:50:57.666 15256 21621 E baseline.com.newsblur.network.APIResponse: 	at okhttp3.internal.http.RealInterceptorChain.proceed(RealInterceptorChain.java:117)
08-04 02:50:57.666 15256 21621 E baseline.com.newsblur.network.APIResponse: 	at okhttp3.internal.http.BridgeInterceptor.intercept(BridgeInterceptor.java:93)
08-04 02:50:57.666 15256 21621 E baseline.com.newsblur.network.APIResponse: 	at okhttp3.internal.http.RealInterceptorChain.proceed(RealInterceptorChain.java:142)
08-04 02:50:57.666 15256 21621 E baseline.com.newsblur.network.APIResponse: 	at okhttp3.internal.http.RetryAndFollowUpInterceptor.intercept(RetryAndFollowUpInterceptor.java:88)
08-04 02:50:57.666 15256 21621 E baseline.com.newsblur.network.APIResponse: 	at okhttp3.internal.http.RealInterceptorChain.proceed(RealInterceptorChain.java:142)
08-04 02:50:57.666 15256 21621 E baseline.com.newsblur.network.APIResponse: 	at okhttp3.internal.http.RealInterceptorChain.proceed(RealInterceptorChain.java:117)
08-04 02:50:57.666 15256 21621 E baseline.com.newsblur.network.APIResponse: 	at okhttp3.RealCall.getResponseWithInterceptorChain(RealCall.java:229)
08-04 02:50:57.666 15256 21621 E baseline.com.newsblur.network.APIResponse: 	at okhttp3.RealCall.execute(RealCall.java:81)
08-04 02:50:57.666 15256 21621 E baseline.com.newsblur.network.APIResponse: 	at baseline.com.newsblur.network.APIResponse.<init>(APIResponse.java:57)
08-04 02:50:57.666 15256 21621 E baseline.com.newsblur.network.APIResponse: 	at baseline.com.newsblur.network.APIResponse.<init>(APIResponse.java:43)
08-04 02:50:57.666 15256 21621 E baseline.com.newsblur.network.APIResponse: 	at baseline.com.newsblur.network.APIManager.post_single(APIManager.java:702)
08-04 02:50:57.666 15256 21621 E baseline.com.newsblur.network.APIResponse: 	at baseline.com.newsblur.network.APIManager.post(APIManager.java:675)
08-04 02:50:57.666 15256 21621 E baseline.com.newsblur.network.APIResponse: 	at baseline.com.newsblur.network.APIManager.post(APIManager.java:714)
08-04 02:50:57.666 15256 21621 E baseline.com.newsblur.network.APIResponse: 	at baseline.com.newsblur.network.APIManager.markStoryAsRead(APIManager.java:205)
08-04 02:50:57.666 15256 21621 E baseline.com.newsblur.network.APIResponse: 	at baseline.com.newsblur.util.ReadingAction.doRemote(ReadingAction.java:281)
08-04 02:50:57.666 15256 21621 E baseline.com.newsblur.network.APIResponse: 	at baseline.com.newsblur.service.NBSyncService.syncActions(NBSyncService.java:400)
08-04 02:50:57.666 15256 21621 E baseline.com.newsblur.network.APIResponse: 	at baseline.com.newsblur.service.NBSyncService.doSync(NBSyncService.java:298)
08-04 02:50:57.666 15256 21621 E baseline.com.newsblur.network.APIResponse: 	at baseline.com.newsblur.service.NBSyncService.access$100(NBSyncService.java:67)
08-04 02:50:57.666 15256 21621 E baseline.com.newsblur.network.APIResponse: 	at baseline.com.newsblur.service.NBSyncService$1.run(NBSyncService.java:188)
08-04 02:50:57.666 15256 21621 E baseline.com.newsblur.network.APIResponse: 	at java.util.concurrent.ThreadPoolExecutor.runWorker(ThreadPoolExecutor.java:1113)
08-04 02:50:57.666 15256 21621 E baseline.com.newsblur.network.APIResponse: 	at java.util.concurrent.ThreadPoolExecutor$Worker.run(ThreadPoolExecutor.java:588)
08-04 02:50:57.666 15256 21621 E baseline.com.newsblur.network.APIResponse: 	at java.lang.Thread.run(Thread.java:818)
08-04 02:50:57.666 15256 21621 E baseline.com.newsblur.network.APIResponse: Caused by: java.io.EOFException: \n not found: limit=0 content=
08-04 02:50:57.666 15256 21621 E baseline.com.newsblur.network.APIResponse: 	at okio.RealBufferedSource.readUtf8LineStrict(RealBufferedSource.java:240)
08-04 02:50:57.666 15256 21621 E baseline.com.newsblur.network.APIResponse: 	at okhttp3.internal.http1.Http1ExchangeCodec.readHeaderLine(Http1ExchangeCodec.java:242)
08-04 02:50:57.666 15256 21621 E baseline.com.newsblur.network.APIResponse: 	at okhttp3.internal.http1.Http1ExchangeCodec.readResponseHeaders(Http1ExchangeCodec.java:213)
08-04 02:50:57.666 15256 21621 E baseline.com.newsblur.network.APIResponse: 	... 30 more
08-04 02:50:57.668 15256 21621 I baseline.com.newsblur.service.NBSyncService: Holding reading action with server-side or network error.
08-04 02:50:57.679 15256 21621 W baseline.com.newsblur.service.NBSyncService: hard API failure
08-04 02:50:57.693 15256 20845 I art     : Explicit concurrent mark sweep GC freed 1402(250KB) AllocSpace objects, 3(60KB) LOS objects, 28% free, 40MB/56MB, paused 1.473ms total 50.451ms
08-04 02:50:57.695 15256 21621 I baseline.com.newsblur.service.NBSyncService: recounting dirty feed sets: 1
08-04 02:50:58.072 15256 15269 I art     : Starting a blocking GC Explicit
08-04 02:50:58.126 15256 15269 I art     : Explicit concurrent mark sweep GC freed 2570(156KB) AllocSpace objects, 2(40KB) LOS objects, 28% free, 40MB/56MB, paused 1.590ms total 53.333ms
08-04 02:50:58.139 15256 15269 I art     : Starting a blocking GC Explicit
08-04 02:50:58.176 15256 21621 E baseline.com.newsblur.network.APIResponse: Error (unexpected end of stream on https://www.newsblur.com/...) calling https://www.newsblur.com/reader/feed_unread_count?feed_id=0
08-04 02:50:58.176 15256 21621 E baseline.com.newsblur.network.APIResponse: java.io.IOException: unexpected end of stream on https://www.newsblur.com/...
08-04 02:50:58.176 15256 21621 E baseline.com.newsblur.network.APIResponse: 	at okhttp3.internal.http1.Http1ExchangeCodec.readResponseHeaders(Http1ExchangeCodec.java:236)
08-04 02:50:58.176 15256 21621 E baseline.com.newsblur.network.APIResponse: 	at okhttp3.internal.connection.Exchange.readResponseHeaders(Exchange.java:115)
08-04 02:50:58.176 15256 21621 E baseline.com.newsblur.network.APIResponse: 	at okhttp3.internal.http.CallServerInterceptor.intercept(CallServerInterceptor.java:94)
08-04 02:50:58.176 15256 21621 E baseline.com.newsblur.network.APIResponse: 	at okhttp3.internal.http.RealInterceptorChain.proceed(RealInterceptorChain.java:142)
08-04 02:50:58.176 15256 21621 E baseline.com.newsblur.network.APIResponse: 	at okhttp3.internal.connection.ConnectInterceptor.intercept(ConnectInterceptor.java:43)
08-04 02:50:58.176 15256 21621 E baseline.com.newsblur.network.APIResponse: 	at okhttp3.internal.http.RealInterceptorChain.proceed(RealInterceptorChain.java:142)
08-04 02:50:58.176 15256 21621 E baseline.com.newsblur.network.APIResponse: 	at okhttp3.internal.http.RealInterceptorChain.proceed(RealInterceptorChain.java:117)
08-04 02:50:58.176 15256 21621 E baseline.com.newsblur.network.APIResponse: 	at okhttp3.internal.cache.CacheInterceptor.intercept(CacheInterceptor.java:94)
08-04 02:50:58.176 15256 21621 E baseline.com.newsblur.network.APIResponse: 	at okhttp3.internal.http.RealInterceptorChain.proceed(RealInterceptorChain.java:142)
08-04 02:50:58.176 15256 21621 E baseline.com.newsblur.network.APIResponse: 	at okhttp3.internal.http.RealInterceptorChain.proceed(RealInterceptorChain.java:117)
08-04 02:50:58.176 15256 21621 E baseline.com.newsblur.network.APIResponse: 	at okhttp3.internal.http.BridgeInterceptor.intercept(BridgeInterceptor.java:93)
08-04 02:50:58.176 15256 21621 E baseline.com.newsblur.network.APIResponse: 	at okhttp3.internal.http.RealInterceptorChain.proceed(RealInterceptorChain.java:142)
08-04 02:50:58.176 15256 21621 E baseline.com.newsblur.network.APIResponse: 	at okhttp3.internal.http.RetryAndFollowUpInterceptor.intercept(RetryAndFollowUpInterceptor.java:88)
08-04 02:50:58.176 15256 21621 E baseline.com.newsblur.network.APIResponse: 	at okhttp3.internal.http.RealInterceptorChain.proceed(RealInterceptorChain.java:142)
08-04 02:50:58.176 15256 21621 E baseline.com.newsblur.network.APIResponse: 	at okhttp3.internal.http.RealInterceptorChain.proceed(RealInterceptorChain.java:117)
08-04 02:50:58.176 15256 21621 E baseline.com.newsblur.network.APIResponse: 	at okhttp3.RealCall.getResponseWithInterceptorChain(RealCall.java:229)
08-04 02:50:58.176 15256 21621 E baseline.com.newsblur.network.APIResponse: 	at okhttp3.RealCall.execute(RealCall.java:81)
08-04 02:50:58.176 15256 21621 E baseline.com.newsblur.network.APIResponse: 	at baseline.com.newsblur.network.APIResponse.<init>(APIResponse.java:57)
08-04 02:50:58.176 15256 21621 E baseline.com.newsblur.network.APIResponse: 	at baseline.com.newsblur.network.APIManager.get_single(APIManager.java:639)
08-04 02:50:58.176 15256 21621 E baseline.com.newsblur.network.APIResponse: 	at baseline.com.newsblur.network.APIManager.get(APIManager.java:625)
08-04 02:50:58.176 15256 21621 E baseline.com.newsblur.network.APIResponse: 	at baseline.com.newsblur.network.APIManager.get(APIManager.java:667)
08-04 02:50:58.176 15256 21621 E baseline.com.newsblur.network.APIResponse: 	at baseline.com.newsblur.network.APIManager.getFeedUnreadCounts(APIManager.java:274)
08-04 02:50:58.176 15256 21621 E baseline.com.newsblur.network.APIResponse: 	at baseline.com.newsblur.service.NBSyncService.checkRecounts(NBSyncService.java:660)
08-04 02:50:58.176 15256 21621 E baseline.com.newsblur.network.APIResponse: 	at baseline.com.newsblur.service.NBSyncService.doSync(NBSyncService.java:310)
08-04 02:50:58.176 15256 21621 E baseline.com.newsblur.network.APIResponse: 	at baseline.com.newsblur.service.NBSyncService.access$100(NBSyncService.java:67)
08-04 02:50:58.176 15256 21621 E baseline.com.newsblur.network.APIResponse: 	at baseline.com.newsblur.service.NBSyncService$1.run(NBSyncService.java:188)
08-04 02:50:58.176 15256 21621 E baseline.com.newsblur.network.APIResponse: 	at java.util.concurrent.ThreadPoolExecutor.runWorker(ThreadPoolExecutor.java:1113)
08-04 02:50:58.176 15256 21621 E baseline.com.newsblur.network.APIResponse: 	at java.util.concurrent.ThreadPoolExecutor$Worker.run(ThreadPoolExecutor.java:588)
08-04 02:50:58.176 15256 21621 E baseline.com.newsblur.network.APIResponse: 	at java.lang.Thread.run(Thread.java:818)
08-04 02:50:58.176 15256 21621 E baseline.com.newsblur.network.APIResponse: Caused by: java.io.EOFException: \n not found: limit=0 content=
08-04 02:50:58.176 15256 21621 E baseline.com.newsblur.network.APIResponse: 	at okio.RealBufferedSource.readUtf8LineStrict(RealBufferedSource.java:240)
08-04 02:50:58.176 15256 21621 E baseline.com.newsblur.network.APIResponse: 	at okhttp3.internal.http1.Http1ExchangeCodec.readHeaderLine(Http1ExchangeCodec.java:242)
08-04 02:50:58.176 15256 21621 E baseline.com.newsblur.network.APIResponse: 	at okhttp3.internal.http1.Http1ExchangeCodec.readResponseHeaders(Http1ExchangeCodec.java:213)
08-04 02:50:58.176 15256 21621 E baseline.com.newsblur.network.APIResponse: 	... 28 more
08-04 02:50:58.178 15256 21621 I baseline.com.newsblur.network.APIManager: API call failed, pausing before retry number 1
08-04 02:50:58.192 15256 15269 I art     : Explicit concurrent mark sweep GC freed 2012(240KB) AllocSpace objects, 2(40KB) LOS objects, 28% free, 40MB/56MB, paused 1.382ms total 51.840ms
08-04 02:50:58.205 15256 15269 I art     : Starting a blocking GC Explicit
08-04 02:50:58.257 15256 15269 I art     : Explicit concurrent mark sweep GC freed 148(17KB) AllocSpace objects, 0(0B) LOS objects, 28% free, 40MB/56MB, paused 1.310ms total 51.195ms
08-04 02:50:58.271 15256 15269 I art     : Starting a blocking GC Explicit
08-04 02:50:58.322 15256 15269 I art     : Explicit concurrent mark sweep GC freed 28(928B) AllocSpace objects, 0(0B) LOS objects, 28% free, 40MB/56MB, paused 1.358ms total 50.794ms
08-04 02:50:58.336 15256 15269 I art     : Starting a blocking GC Explicit
08-04 02:50:58.387 15256 15269 I art     : Explicit concurrent mark sweep GC freed 7(224B) AllocSpace objects, 0(0B) LOS objects, 28% free, 40MB/56MB, paused 1.399ms total 50.882ms
08-04 02:50:58.667   518   646 I ThermalEngine: ACTION: GPU - Setting GPU[0] to 510000000
08-04 02:50:58.767 15256 15272 I art     : Starting a blocking GC Explicit
08-04 02:50:58.808 15256 15272 I art     : Explicit concurrent mark sweep GC freed 1469(83KB) AllocSpace objects, 1(20KB) LOS objects, 28% free, 40MB/56MB, paused 1.071ms total 40.939ms
08-04 02:50:58.820 15256 15272 I art     : Starting a blocking GC Explicit
08-04 02:50:58.859 15256 15272 I art     : Explicit concurrent mark sweep GC freed 25(880B) AllocSpace objects, 0(0B) LOS objects, 28% free, 40MB/56MB, paused 1.050ms total 39.427ms
08-04 02:50:58.870 15256 15272 I art     : Starting a blocking GC Explicit
08-04 02:50:58.910 15256 15272 I art     : Explicit concurrent mark sweep GC freed 6(192B) AllocSpace objects, 0(0B) LOS objects, 28% free, 40MB/56MB, paused 1.081ms total 39.560ms
08-04 02:50:58.920 15256 15272 I art     : Starting a blocking GC Explicit
08-04 02:50:58.961 15256 15272 I art     : Explicit concurrent mark sweep GC freed 6(192B) AllocSpace objects, 0(0B) LOS objects, 28% free, 40MB/56MB, paused 1.051ms total 40.205ms
08-04 02:50:58.971 15256 15272 I art     : Starting a blocking GC Explicit
08-04 02:50:59.011 15256 15272 I art     : Explicit concurrent mark sweep GC freed 6(192B) AllocSpace objects, 0(0B) LOS objects, 28% free, 40MB/56MB, paused 1.017ms total 39.310ms
08-04 02:50:59.363 15256 20844 I art     : Starting a blocking GC Explicit
08-04 02:50:59.404 15256 20844 I art     : Explicit concurrent mark sweep GC freed 1468(83KB) AllocSpace objects, 1(20KB) LOS objects, 28% free, 40MB/56MB, paused 1.016ms total 41.052ms
08-04 02:50:59.415 15256 20844 I art     : Starting a blocking GC Explicit
08-04 02:50:59.454 15256 20844 I art     : Explicit concurrent mark sweep GC freed 25(880B) AllocSpace objects, 0(0B) LOS objects, 28% free, 40MB/56MB, paused 1.014ms total 38.443ms
08-04 02:50:59.464 15256 20844 I art     : Starting a blocking GC Explicit
08-04 02:50:59.504 15256 20844 I art     : Explicit concurrent mark sweep GC freed 6(192B) AllocSpace objects, 0(0B) LOS objects, 28% free, 40MB/56MB, paused 1.015ms total 40.129ms
08-04 02:50:59.514 15256 20844 I art     : Starting a blocking GC Explicit
08-04 02:50:59.553 15256 20844 I art     : Explicit concurrent mark sweep GC freed 6(192B) AllocSpace objects, 0(0B) LOS objects, 28% free, 40MB/56MB, paused 1.020ms total 38.760ms
08-04 02:50:59.564 15256 20844 I art     : Starting a blocking GC Explicit
08-04 02:50:59.604 15256 20844 I art     : Explicit concurrent mark sweep GC freed 6(192B) AllocSpace objects, 0(0B) LOS objects, 28% free, 40MB/56MB, paused 1.043ms total 39.626ms
08-04 02:50:59.979 15256 15269 I art     : Starting a blocking GC Explicit
08-04 02:51:00.020 15256 15269 I art     : Explicit concurrent mark sweep GC freed 1636(92KB) AllocSpace objects, 1(20KB) LOS objects, 28% free, 40MB/56MB, paused 1.062ms total 40.331ms
08-04 02:51:00.030 15256 15269 I art     : Starting a blocking GC Explicit
08-04 02:51:00.036   918 13198 D NetlinkSocketObserver: NeighborEvent{elapsedMs=1656063911, 192.168.2.254, [7C3953A63323], RTM_NEWNEIGH, NUD_PROBE}
08-04 02:51:00.065 15256 15269 I art     : Explicit concurrent mark sweep GC freed 31(1136B) AllocSpace objects, 0(0B) LOS objects, 28% free, 40MB/56MB, paused 991us total 35.403ms
08-04 02:51:00.075 15256 15269 I art     : Starting a blocking GC Explicit
08-04 02:51:00.110 15256 15269 I art     : Explicit concurrent mark sweep GC freed 1696(66KB) AllocSpace objects, 0(0B) LOS objects, 28% free, 40MB/56MB, paused 1.041ms total 34.835ms
08-04 02:51:00.119 15256 15269 I art     : Starting a blocking GC Explicit
08-04 02:51:00.125 15256 21621 E baseline.com.newsblur.network.APIResponse: Error (unexpected end of stream on https://www.newsblur.com/...) calling https://www.newsblur.com/reader/feed_unread_count?feed_id=0
08-04 02:51:00.125 15256 21621 E baseline.com.newsblur.network.APIResponse: java.io.IOException: unexpected end of stream on https://www.newsblur.com/...
08-04 02:51:00.125 15256 21621 E baseline.com.newsblur.network.APIResponse: 	at okhttp3.internal.http1.Http1ExchangeCodec.readResponseHeaders(Http1ExchangeCodec.java:236)
08-04 02:51:00.125 15256 21621 E baseline.com.newsblur.network.APIResponse: 	at okhttp3.internal.connection.Exchange.readResponseHeaders(Exchange.java:115)
08-04 02:51:00.125 15256 21621 E baseline.com.newsblur.network.APIResponse: 	at okhttp3.internal.http.CallServerInterceptor.intercept(CallServerInterceptor.java:94)
08-04 02:51:00.125 15256 21621 E baseline.com.newsblur.network.APIResponse: 	at okhttp3.internal.http.RealInterceptorChain.proceed(RealInterceptorChain.java:142)
08-04 02:51:00.125 15256 21621 E baseline.com.newsblur.network.APIResponse: 	at okhttp3.internal.connection.ConnectInterceptor.intercept(ConnectInterceptor.java:43)
08-04 02:51:00.125 15256 21621 E baseline.com.newsblur.network.APIResponse: 	at okhttp3.internal.http.RealInterceptorChain.proceed(RealInterceptorChain.java:142)
08-04 02:51:00.125 15256 21621 E baseline.com.newsblur.network.APIResponse: 	at okhttp3.internal.http.RealInterceptorChain.proceed(RealInterceptorChain.java:117)
08-04 02:51:00.125 15256 21621 E baseline.com.newsblur.network.APIResponse: 	at okhttp3.internal.cache.CacheInterceptor.intercept(CacheInterceptor.java:94)
08-04 02:51:00.125 15256 21621 E baseline.com.newsblur.network.APIResponse: 	at okhttp3.internal.http.RealInterceptorChain.proceed(RealInterceptorChain.java:142)
08-04 02:51:00.125 15256 21621 E baseline.com.newsblur.network.APIResponse: 	at okhttp3.internal.http.RealInterceptorChain.proceed(RealInterceptorChain.java:117)
08-04 02:51:00.125 15256 21621 E baseline.com.newsblur.network.APIResponse: 	at okhttp3.internal.http.BridgeInterceptor.intercept(BridgeInterceptor.java:93)
08-04 02:51:00.125 15256 21621 E baseline.com.newsblur.network.APIResponse: 	at okhttp3.internal.http.RealInterceptorChain.proceed(RealInterceptorChain.java:142)
08-04 02:51:00.125 15256 21621 E baseline.com.newsblur.network.APIResponse: 	at okhttp3.internal.http.RetryAndFollowUpInterceptor.intercept(RetryAndFollowUpInterceptor.java:88)
08-04 02:51:00.125 15256 21621 E baseline.com.newsblur.network.APIResponse: 	at okhttp3.internal.http.RealInterceptorChain.proceed(RealInterceptorChain.java:142)
08-04 02:51:00.125 15256 21621 E baseline.com.newsblur.network.APIResponse: 	at okhttp3.internal.http.RealInterceptorChain.proceed(RealInterceptorChain.java:117)
08-04 02:51:00.125 15256 21621 E baseline.com.newsblur.network.APIResponse: 	at okhttp3.RealCall.getResponseWithInterceptorChain(RealCall.java:229)
08-04 02:51:00.125 15256 21621 E baseline.com.newsblur.network.APIResponse: 	at okhttp3.RealCall.execute(RealCall.java:81)
08-04 02:51:00.125 15256 21621 E baseline.com.newsblur.network.APIResponse: 	at baseline.com.newsblur.network.APIResponse.<init>(APIResponse.java:57)
08-04 02:51:00.125 15256 21621 E baseline.com.newsblur.network.APIResponse: 	at baseline.com.newsblur.network.APIManager.get_single(APIManager.java:639)
08-04 02:51:00.125 15256 21621 E baseline.com.newsblur.network.APIResponse: 	at baseline.com.newsblur.network.APIManager.get(APIManager.java:625)
08-04 02:51:00.125 15256 21621 E baseline.com.newsblur.network.APIResponse: 	at baseline.com.newsblur.network.APIManager.get(APIManager.java:667)
08-04 02:51:00.125 15256 21621 E baseline.com.newsblur.network.APIResponse: 	at baseline.com.newsblur.network.APIManager.getFeedUnreadCounts(APIManager.java:274)
08-04 02:51:00.125 15256 21621 E baseline.com.newsblur.network.APIResponse: 	at baseline.com.newsblur.service.NBSyncService.checkRecounts(NBSyncService.java:660)
08-04 02:51:00.125 15256 21621 E baseline.com.newsblur.network.APIResponse: 	at baseline.com.newsblur.service.NBSyncService.doSync(NBSyncService.java:310)
08-04 02:51:00.125 15256 21621 E baseline.com.newsblur.network.APIResponse: 	at baseline.com.newsblur.service.NBSyncService.access$100(NBSyncService.java:67)
08-04 02:51:00.125 15256 21621 E baseline.com.newsblur.network.APIResponse: 	at baseline.com.newsblur.service.NBSyncService$1.run(NBSyncService.java:188)
08-04 02:51:00.125 15256 21621 E baseline.com.newsblur.network.APIResponse: 	at java.util.concurrent.ThreadPoolExecutor.runWorker(ThreadPoolExecutor.java:1113)
08-04 02:51:00.125 15256 21621 E baseline.com.newsblur.network.APIResponse: 	at java.util.concurrent.ThreadPoolExecutor$Worker.run(ThreadPoolExecutor.java:588)
08-04 02:51:00.125 15256 21621 E baseline.com.newsblur.network.APIResponse: 	at java.lang.Thread.run(Thread.java:818)
08-04 02:51:00.125 15256 21621 E baseline.com.newsblur.network.APIResponse: Caused by: java.io.EOFException: \n not found: limit=0 content=
08-04 02:51:00.125 15256 21621 E baseline.com.newsblur.network.APIResponse: 	at okio.RealBufferedSource.readUtf8LineStrict(RealBufferedSource.java:240)
08-04 02:51:00.125 15256 21621 E baseline.com.newsblur.network.APIResponse: 	at okhttp3.internal.http1.Http1ExchangeCodec.readHeaderLine(Http1ExchangeCodec.java:242)
08-04 02:51:00.125 15256 21621 E baseline.com.newsblur.network.APIResponse: 	at okhttp3.internal.http1.Http1ExchangeCodec.readResponseHeaders(Http1ExchangeCodec.java:213)
08-04 02:51:00.125 15256 21621 E baseline.com.newsblur.network.APIResponse: 	... 28 more
08-04 02:51:00.126 15256 21621 I baseline.com.newsblur.network.APIManager: API call failed, pausing before retry number 2
08-04 02:51:00.154 15256 15269 I art     : Explicit concurrent mark sweep GC freed 782(194KB) AllocSpace objects, 2(40KB) LOS objects, 28% free, 40MB/56MB, paused 984us total 34.934ms
08-04 02:51:00.164 15256 15269 I art     : Starting a blocking GC Explicit
08-04 02:51:00.201 15256 15269 I art     : Explicit concurrent mark sweep GC freed 107(16KB) AllocSpace objects, 0(0B) LOS objects, 28% free, 40MB/56MB, paused 1.057ms total 36.773ms
08-04 02:51:00.555 15256 20845 I art     : Starting a blocking GC Explicit
08-04 02:51:00.597 15256 20845 I art     : Explicit concurrent mark sweep GC freed 1490(84KB) AllocSpace objects, 1(20KB) LOS objects, 28% free, 40MB/56MB, paused 1.105ms total 41.597ms
08-04 02:51:00.607 15256 20845 I art     : Starting a blocking GC Explicit
08-04 02:51:00.646 15256 20845 I art     : Explicit concurrent mark sweep GC freed 25(880B) AllocSpace objects, 0(0B) LOS objects, 28% free, 40MB/56MB, paused 1.015ms total 38.066ms
08-04 02:51:00.656 15256 20845 I art     : Starting a blocking GC Explicit
08-04 02:51:00.695 15256 20845 I art     : Explicit concurrent mark sweep GC freed 6(192B) AllocSpace objects, 0(0B) LOS objects, 28% free, 40MB/56MB, paused 1.088ms total 38.916ms
08-04 02:51:00.706 15256 20845 I art     : Starting a blocking GC Explicit
08-04 02:51:00.745 15256 20845 I art     : Explicit concurrent mark sweep GC freed 6(192B) AllocSpace objects, 0(0B) LOS objects, 28% free, 40MB/56MB, paused 1.091ms total 38.981ms
08-04 02:51:00.755 15256 20845 I art     : Starting a blocking GC Explicit
08-04 02:51:00.795 15256 20845 I art     : Explicit concurrent mark sweep GC freed 6(192B) AllocSpace objects, 0(0B) LOS objects, 28% free, 40MB/56MB, paused 1.114ms total 39.791ms
08-04 02:51:01.159 15256 15272 I art     : Starting a blocking GC Explicit
08-04 02:51:01.200 15256 15272 I art     : Explicit concurrent mark sweep GC freed 1469(84KB) AllocSpace objects, 1(20KB) LOS objects, 28% free, 40MB/56MB, paused 1.177ms total 40.985ms
08-04 02:51:01.211 15256 15272 I art     : Starting a blocking GC Explicit
08-04 02:51:01.250 15256 15272 I art     : Explicit concurrent mark sweep GC freed 25(880B) AllocSpace objects, 0(0B) LOS objects, 28% free, 40MB/56MB, paused 1.045ms total 39.008ms
08-04 02:51:01.260 15256 15272 I art     : Starting a blocking GC Explicit
08-04 02:51:01.299 15256 15272 I art     : Explicit concurrent mark sweep GC freed 6(192B) AllocSpace objects, 0(0B) LOS objects, 28% free, 40MB/56MB, paused 1.151ms total 39.189ms
08-04 02:51:01.310 15256 15272 I art     : Starting a blocking GC Explicit
08-04 02:51:01.350 15256 15272 I art     : Explicit concurrent mark sweep GC freed 6(192B) AllocSpace objects, 0(0B) LOS objects, 28% free, 40MB/56MB, paused 1.142ms total 39.821ms
08-04 02:51:01.360 15256 15272 I art     : Starting a blocking GC Explicit
08-04 02:51:01.399 15256 15272 I art     : Explicit concurrent mark sweep GC freed 6(192B) AllocSpace objects, 0(0B) LOS objects, 28% free, 40MB/56MB, paused 1.151ms total 38.735ms
08-04 02:51:01.730 15256 15269 I art     : Starting a blocking GC Explicit
08-04 02:51:01.771 15256 15269 I art     : Explicit concurrent mark sweep GC freed 1465(83KB) AllocSpace objects, 1(20KB) LOS objects, 28% free, 40MB/56MB, paused 1.143ms total 40.696ms
08-04 02:51:01.782 15256 15269 I art     : Starting a blocking GC Explicit
08-04 02:51:01.821 15256 15269 I art     : Explicit concurrent mark sweep GC freed 25(880B) AllocSpace objects, 0(0B) LOS objects, 28% free, 40MB/56MB, paused 1.085ms total 39.100ms
08-04 02:51:01.831 15256 15269 I art     : Starting a blocking GC Explicit
08-04 02:51:01.857 13589 13589 I ServiceManager: Waiting for service AtCmdFwd...
08-04 02:51:01.870 15256 15269 I art     : Explicit concurrent mark sweep GC freed 6(192B) AllocSpace objects, 0(0B) LOS objects, 28% free, 40MB/56MB, paused 1.069ms total 38.462ms
08-04 02:51:01.880 15256 15269 I art     : Starting a blocking GC Explicit
08-04 02:51:01.920 15256 15269 I art     : Explicit concurrent mark sweep GC freed 6(192B) AllocSpace objects, 0(0B) LOS objects, 28% free, 40MB/56MB, paused 1.117ms total 39.472ms
08-04 02:51:01.930 15256 15269 I art     : Starting a blocking GC Explicit
08-04 02:51:01.969 15256 15269 I art     : Explicit concurrent mark sweep GC freed 6(192B) AllocSpace objects, 0(0B) LOS objects, 28% free, 40MB/56MB, paused 1.127ms total 38.860ms
08-04 02:51:02.332 15256 15272 I art     : Starting a blocking GC Explicit
08-04 02:51:02.372 15256 15272 I art     : Explicit concurrent mark sweep GC freed 1467(83KB) AllocSpace objects, 1(20KB) LOS objects, 28% free, 40MB/56MB, paused 1.085ms total 40.031ms
08-04 02:51:02.383 15256 15272 I art     : Starting a blocking GC Explicit
08-04 02:51:02.422 15256 15272 I art     : Explicit concurrent mark sweep GC freed 25(880B) AllocSpace objects, 0(0B) LOS objects, 28% free, 40MB/56MB, paused 1.099ms total 39.652ms
08-04 02:51:02.433 15256 15272 I art     : Starting a blocking GC Explicit
08-04 02:51:02.472 15256 15272 I art     : Explicit concurrent mark sweep GC freed 6(192B) AllocSpace objects, 0(0B) LOS objects, 28% free, 40MB/56MB, paused 1.073ms total 38.865ms
08-04 02:51:02.472 15256 15268 I art     : WaitForGcToComplete blocked for 36.568ms for cause HeapTrim
08-04 02:51:02.482 15256 15272 I art     : Starting a blocking GC Explicit
08-04 02:51:02.521 15256 15272 I art     : Explicit concurrent mark sweep GC freed 6(192B) AllocSpace objects, 0(0B) LOS objects, 28% free, 40MB/56MB, paused 1.100ms total 38.354ms
08-04 02:51:02.532 15256 15272 I art     : Starting a blocking GC Explicit
08-04 02:51:02.571 15256 15272 I art     : Explicit concurrent mark sweep GC freed 6(192B) AllocSpace objects, 0(0B) LOS objects, 28% free, 40MB/56MB, paused 1.080ms total 38.532ms
08-04 02:51:02.858 13589 13589 I ServiceManager: Waiting for service AtCmdFwd...
08-04 02:51:02.921 15256 15272 I art     : Starting a blocking GC Explicit
08-04 02:51:02.963 15256 15272 I art     : Explicit concurrent mark sweep GC freed 1467(83KB) AllocSpace objects, 1(20KB) LOS objects, 28% free, 40MB/56MB, paused 1.080ms total 41.050ms
08-04 02:51:02.973 15256 15272 I art     : Starting a blocking GC Explicit
08-04 02:51:03.012 15256 15272 I art     : Explicit concurrent mark sweep GC freed 25(880B) AllocSpace objects, 0(0B) LOS objects, 28% free, 40MB/56MB, paused 1.033ms total 38.774ms
08-04 02:51:03.023 15256 15272 I art     : Starting a blocking GC Explicit
08-04 02:51:03.062 15256 15272 I art     : Explicit concurrent mark sweep GC freed 6(192B) AllocSpace objects, 0(0B) LOS objects, 28% free, 40MB/56MB, paused 1.009ms total 38.722ms
08-04 02:51:03.072 15256 15272 I art     : Starting a blocking GC Explicit
08-04 02:51:03.112 15256 15272 I art     : Explicit concurrent mark sweep GC freed 6(192B) AllocSpace objects, 0(0B) LOS objects, 28% free, 40MB/56MB, paused 1.056ms total 39.485ms
08-04 02:51:03.122 15256 15272 I art     : Starting a blocking GC Explicit
08-04 02:51:03.161 15256 15272 I art     : Explicit concurrent mark sweep GC freed 99(3KB) AllocSpace objects, 0(0B) LOS objects, 28% free, 40MB/56MB, paused 1.088ms total 38.699ms
08-04 02:51:03.507 15256 15269 I art     : Starting a blocking GC Explicit
08-04 02:51:03.549 15256 15269 I art     : Explicit concurrent mark sweep GC freed 1546(89KB) AllocSpace objects, 1(20KB) LOS objects, 28% free, 40MB/56MB, paused 1.190ms total 41.634ms
08-04 02:51:03.560 15256 15269 I art     : Starting a blocking GC Explicit
08-04 02:51:03.600 15256 15269 I art     : Explicit concurrent mark sweep GC freed 25(880B) AllocSpace objects, 0(0B) LOS objects, 28% free, 40MB/56MB, paused 1.260ms total 40.026ms
08-04 02:51:03.611 15256 15269 I art     : Starting a blocking GC Explicit
08-04 02:51:03.647 15256 15269 I art     : Explicit concurrent mark sweep GC freed 298(13KB) AllocSpace objects, 0(0B) LOS objects, 28% free, 40MB/56MB, paused 1.224ms total 35.699ms
08-04 02:51:03.656 15256 15269 I art     : Starting a blocking GC Explicit
08-04 02:51:03.694 15256 15269 I art     : Explicit concurrent mark sweep GC freed 1414(52KB) AllocSpace objects, 0(0B) LOS objects, 28% free, 40MB/56MB, paused 1.111ms total 36.829ms
08-04 02:51:03.696 15256 21621 E baseline.com.newsblur.network.APIResponse: Error (unexpected end of stream on https://www.newsblur.com/...) calling https://www.newsblur.com/reader/feed_unread_count?feed_id=0
08-04 02:51:03.696 15256 21621 E baseline.com.newsblur.network.APIResponse: java.io.IOException: unexpected end of stream on https://www.newsblur.com/...
08-04 02:51:03.696 15256 21621 E baseline.com.newsblur.network.APIResponse: 	at okhttp3.internal.http1.Http1ExchangeCodec.readResponseHeaders(Http1ExchangeCodec.java:236)
08-04 02:51:03.696 15256 21621 E baseline.com.newsblur.network.APIResponse: 	at okhttp3.internal.connection.Exchange.readResponseHeaders(Exchange.java:115)
08-04 02:51:03.696 15256 21621 E baseline.com.newsblur.network.APIResponse: 	at okhttp3.internal.http.CallServerInterceptor.intercept(CallServerInterceptor.java:94)
08-04 02:51:03.696 15256 21621 E baseline.com.newsblur.network.APIResponse: 	at okhttp3.internal.http.RealInterceptorChain.proceed(RealInterceptorChain.java:142)
08-04 02:51:03.696 15256 21621 E baseline.com.newsblur.network.APIResponse: 	at okhttp3.internal.connection.ConnectInterceptor.intercept(ConnectInterceptor.java:43)
08-04 02:51:03.696 15256 21621 E baseline.com.newsblur.network.APIResponse: 	at okhttp3.internal.http.RealInterceptorChain.proceed(RealInterceptorChain.java:142)
08-04 02:51:03.696 15256 21621 E baseline.com.newsblur.network.APIResponse: 	at okhttp3.internal.http.RealInterceptorChain.proceed(RealInterceptorChain.java:117)
08-04 02:51:03.696 15256 21621 E baseline.com.newsblur.network.APIResponse: 	at okhttp3.internal.cache.CacheInterceptor.intercept(CacheInterceptor.java:94)
08-04 02:51:03.696 15256 21621 E baseline.com.newsblur.network.APIResponse: 	at okhttp3.internal.http.RealInterceptorChain.proceed(RealInterceptorChain.java:142)
08-04 02:51:03.696 15256 21621 E baseline.com.newsblur.network.APIResponse: 	at okhttp3.internal.http.RealInterceptorChain.proceed(RealInterceptorChain.java:117)
08-04 02:51:03.696 15256 21621 E baseline.com.newsblur.network.APIResponse: 	at okhttp3.internal.http.BridgeInterceptor.intercept(BridgeInterceptor.java:93)
08-04 02:51:03.696 15256 21621 E baseline.com.newsblur.network.APIResponse: 	at okhttp3.internal.http.RealInterceptorChain.proceed(RealInterceptorChain.java:142)
08-04 02:51:03.696 15256 21621 E baseline.com.newsblur.network.APIResponse: 	at okhttp3.internal.http.RetryAndFollowUpInterceptor.intercept(RetryAndFollowUpInterceptor.java:88)
08-04 02:51:03.696 15256 21621 E baseline.com.newsblur.network.APIResponse: 	at okhttp3.internal.http.RealInterceptorChain.proceed(RealInterceptorChain.java:142)
08-04 02:51:03.696 15256 21621 E baseline.com.newsblur.network.APIResponse: 	at okhttp3.internal.http.RealInterceptorChain.proceed(RealInterceptorChain.java:117)
08-04 02:51:03.696 15256 21621 E baseline.com.newsblur.network.APIResponse: 	at okhttp3.RealCall.getResponseWithInterceptorChain(RealCall.java:229)
08-04 02:51:03.696 15256 21621 E baseline.com.newsblur.network.APIResponse: 	at okhttp3.RealCall.execute(RealCall.java:81)
08-04 02:51:03.696 15256 21621 E baseline.com.newsblur.network.APIResponse: 	at baseline.com.newsblur.network.APIResponse.<init>(APIResponse.java:57)
08-04 02:51:03.696 15256 21621 E baseline.com.newsblur.network.APIResponse: 	at baseline.com.newsblur.network.APIManager.get_single(APIManager.java:639)
08-04 02:51:03.696 15256 21621 E baseline.com.newsblur.network.APIResponse: 	at baseline.com.newsblur.network.APIManager.get(APIManager.java:625)
08-04 02:51:03.696 15256 21621 E baseline.com.newsblur.network.APIResponse: 	at baseline.com.newsblur.network.APIManager.get(APIManager.java:667)
08-04 02:51:03.696 15256 21621 E baseline.com.newsblur.network.APIResponse: 	at baseline.com.newsblur.network.APIManager.getFeedUnreadCounts(APIManager.java:274)
08-04 02:51:03.696 15256 21621 E baseline.com.newsblur.network.APIResponse: 	at baseline.com.newsblur.service.NBSyncService.checkRecounts(NBSyncService.java:660)
08-04 02:51:03.696 15256 21621 E baseline.com.newsblur.network.APIResponse: 	at baseline.com.newsblur.service.NBSyncService.doSync(NBSyncService.java:310)
08-04 02:51:03.696 15256 21621 E baseline.com.newsblur.network.APIResponse: 	at baseline.com.newsblur.service.NBSyncService.access$100(NBSyncService.java:67)
08-04 02:51:03.696 15256 21621 E baseline.com.newsblur.network.APIResponse: 	at baseline.com.newsblur.service.NBSyncService$1.run(NBSyncService.java:188)
08-04 02:51:03.696 15256 21621 E baseline.com.newsblur.network.APIResponse: 	at java.util.concurrent.ThreadPoolExecutor.runWorker(ThreadPoolExecutor.java:1113)
08-04 02:51:03.696 15256 21621 E baseline.com.newsblur.network.APIResponse: 	at java.util.concurrent.ThreadPoolExecutor$Worker.run(ThreadPoolExecutor.java:588)
08-04 02:51:03.696 15256 21621 E baseline.com.newsblur.network.APIResponse: 	at java.lang.Thread.run(Thread.java:818)
08-04 02:51:03.696 15256 21621 E baseline.com.newsblur.network.APIResponse: Caused by: java.io.EOFException: \n not found: limit=0 content=
08-04 02:51:03.696 15256 21621 E baseline.com.newsblur.network.APIResponse: 	at okio.RealBufferedSource.readUtf8LineStrict(RealBufferedSource.java:240)
08-04 02:51:03.696 15256 21621 E baseline.com.newsblur.network.APIResponse: 	at okhttp3.internal.http1.Http1ExchangeCodec.readHeaderLine(Http1ExchangeCodec.java:242)
08-04 02:51:03.696 15256 21621 E baseline.com.newsblur.network.APIResponse: 	at okhttp3.internal.http1.Http1ExchangeCodec.readResponseHeaders(Http1ExchangeCodec.java:213)
08-04 02:51:03.696 15256 21621 E baseline.com.newsblur.network.APIResponse: 	... 28 more
08-04 02:51:03.698 15256 21621 W baseline.com.newsblur.service.NBSyncService: Bad response to feed_unread_count
08-04 02:51:03.703 15256 15269 I art     : Starting a blocking GC Explicit
08-04 02:51:03.740 15256 15269 I art     : Explicit concurrent mark sweep GC freed 1372(274KB) AllocSpace objects, 4(80KB) LOS objects, 28% free, 40MB/56MB, paused 1.112ms total 36.688ms
08-04 02:51:03.858 13589 13589 I ServiceManager: Waiting for service AtCmdFwd...
08-04 02:51:04.092 15256 15269 I art     : Starting a blocking GC Explicit
08-04 02:51:04.098 15256 21621 I NAPPA_EXPERIMENTATION: MetricNetworkRequestExecutionTime: REQUEST_DURATION_SYSTEM='389',REQUEST_DURATION_OKHTTP='33',REQUEST_SYNCHRONOUS='TRUE',RESPONSE_CODE='200',RESPONSE_METHOD='GET',RESPONSE_LENGTH_OKHTTP='-1',RESPONSE_LENGTH_HEADER='-2',REQUEST_PROTOCOL='http/1.1',REQUEST_URL='https://www.newsblur.com/social/river_stories?order=newest&page=1&read_filter=all',
08-04 02:51:04.098 15256 21621 D MY_TAG  : 0, 389
08-04 02:51:04.115 15256 15256 D baseline.com.newsblur.service.NBSyncService: rejecting request for feedset that is exhaused
08-04 02:51:04.133 15256 15269 I art     : Explicit concurrent mark sweep GC freed 7234(432KB) AllocSpace objects, 7(140KB) LOS objects, 28% free, 40MB/56MB, paused 1.111ms total 40.820ms
08-04 02:51:04.143 15256 15269 I art     : Starting a blocking GC Explicit
08-04 02:51:04.182 15256 15269 I art     : Explicit concurrent mark sweep GC freed 583(35KB) AllocSpace objects, 0(0B) LOS objects, 28% free, 40MB/56MB, paused 1.125ms total 38.720ms
08-04 02:51:04.192 15256 15269 I art     : Starting a blocking GC Explicit
08-04 02:51:04.233 15256 15269 I art     : Explicit concurrent mark sweep GC freed 106(6KB) AllocSpace objects, 0(0B) LOS objects, 28% free, 40MB/56MB, paused 1.137ms total 40.090ms
08-04 02:51:04.243 15256 15269 I art     : Starting a blocking GC Explicit
08-04 02:51:04.285 15256 15269 I art     : Explicit concurrent mark sweep GC freed 3(96B) AllocSpace objects, 0(0B) LOS objects, 28% free, 40MB/56MB, paused 1.169ms total 41.534ms
08-04 02:51:04.296 15256 15269 I art     : Starting a blocking GC Explicit
08-04 02:51:04.338 15256 15269 I art     : Explicit concurrent mark sweep GC freed 3(96B) AllocSpace objects, 0(0B) LOS objects, 28% free, 40MB/56MB, paused 1.267ms total 41.860ms
08-04 02:51:04.528 15256 21621 E baseline.com.newsblur.network.APIResponse: Error (unexpected end of stream on https://www.newsblur.com/...) calling https://www.newsblur.com/reader/mark_story_hashes_as_read/
08-04 02:51:04.528 15256 21621 E baseline.com.newsblur.network.APIResponse: java.io.IOException: unexpected end of stream on https://www.newsblur.com/...
08-04 02:51:04.528 15256 21621 E baseline.com.newsblur.network.APIResponse: 	at okhttp3.internal.http1.Http1ExchangeCodec.readResponseHeaders(Http1ExchangeCodec.java:236)
08-04 02:51:04.528 15256 21621 E baseline.com.newsblur.network.APIResponse: 	at okhttp3.internal.connection.Exchange.readResponseHeaders(Exchange.java:115)
08-04 02:51:04.528 15256 21621 E baseline.com.newsblur.network.APIResponse: 	at okhttp3.internal.http.CallServerInterceptor.intercept(CallServerInterceptor.java:94)
08-04 02:51:04.528 15256 21621 E baseline.com.newsblur.network.APIResponse: 	at okhttp3.internal.http.RealInterceptorChain.proceed(RealInterceptorChain.java:142)
08-04 02:51:04.528 15256 21621 E baseline.com.newsblur.network.APIResponse: 	at okhttp3.internal.connection.ConnectInterceptor.intercept(ConnectInterceptor.java:43)
08-04 02:51:04.528 15256 21621 E baseline.com.newsblur.network.APIResponse: 	at okhttp3.internal.http.RealInterceptorChain.proceed(RealInterceptorChain.java:142)
08-04 02:51:04.528 15256 21621 E baseline.com.newsblur.network.APIResponse: 	at okhttp3.internal.http.RealInterceptorChain.proceed(RealInterceptorChain.java:117)
08-04 02:51:04.528 15256 21621 E baseline.com.newsblur.network.APIResponse: 	at okhttp3.internal.cache.CacheInterceptor.intercept(CacheInterceptor.java:94)
08-04 02:51:04.528 15256 21621 E baseline.com.newsblur.network.APIResponse: 	at okhttp3.internal.http.RealInterceptorChain.proceed(RealInterceptorChain.java:142)
08-04 02:51:04.528 15256 21621 E baseline.com.newsblur.network.APIResponse: 	at okhttp3.internal.http.RealInterceptorChain.proceed(RealInterceptorChain.java:117)
08-04 02:51:04.528 15256 21621 E baseline.com.newsblur.network.APIResponse: 	at okhttp3.internal.http.BridgeInterceptor.intercept(BridgeInterceptor.java:93)
08-04 02:51:04.528 15256 21621 E baseline.com.newsblur.network.APIResponse: 	at okhttp3.internal.http.RealInterceptorChain.proceed(RealInterceptorChain.java:142)
08-04 02:51:04.528 15256 21621 E baseline.com.newsblur.network.APIResponse: 	at okhttp3.internal.http.RetryAndFollowUpInterceptor.intercept(RetryAndFollowUpInterceptor.java:88)
08-04 02:51:04.528 15256 21621 E baseline.com.newsblur.network.APIResponse: 	at okhttp3.internal.http.RealInterceptorChain.proceed(RealInterceptorChain.java:142)
08-04 02:51:04.528 15256 21621 E baseline.com.newsblur.network.APIResponse: 	at okhttp3.internal.http.RealInterceptorChain.proceed(RealInterceptorChain.java:117)
08-04 02:51:04.528 15256 21621 E baseline.com.newsblur.network.APIResponse: 	at okhttp3.RealCall.getResponseWithInterceptorChain(RealCall.java:229)
08-04 02:51:04.528 15256 21621 E baseline.com.newsblur.network.APIResponse: 	at okhttp3.RealCall.execute(RealCall.java:81)
08-04 02:51:04.528 15256 21621 E baseline.com.newsblur.network.APIResponse: 	at baseline.com.newsblur.network.APIResponse.<init>(APIResponse.java:57)
08-04 02:51:04.528 15256 21621 E baseline.com.newsblur.network.APIResponse: 	at baseline.com.newsblur.network.APIResponse.<init>(APIResponse.java:43)
08-04 02:51:04.528 15256 21621 E baseline.com.newsblur.network.APIResponse: 	at baseline.com.newsblur.network.APIManager.post_single(APIManager.java:702)
08-04 02:51:04.528 15256 21621 E baseline.com.newsblur.network.APIResponse: 	at baseline.com.newsblur.network.APIManager.post(APIManager.java:675)
08-04 02:51:04.528 15256 21621 E baseline.com.newsblur.network.APIResponse: 	at baseline.com.newsblur.network.APIManager.post(APIManager.java:714)
08-04 02:51:04.528 15256 21621 E baseline.com.newsblur.network.APIResponse: 	at baseline.com.newsblur.network.APIManager.markStoryAsRead(APIManager.java:205)
08-04 02:51:04.528 15256 21621 E baseline.com.newsblur.network.APIResponse: 	at baseline.com.newsblur.util.ReadingAction.doRemote(ReadingAction.java:281)
08-04 02:51:04.528 15256 21621 E baseline.com.newsblur.network.APIResponse: 	at baseline.com.newsblur.service.NBSyncService.syncActions(NBSyncService.java:400)
08-04 02:51:04.528 15256 21621 E baseline.com.newsblur.network.APIResponse: 	at baseline.com.newsblur.service.NBSyncService.doSync(NBSyncService.java:298)
08-04 02:51:04.528 15256 21621 E baseline.com.newsblur.network.APIResponse: 	at baseline.com.newsblur.service.NBSyncService.access$100(NBSyncService.java:67)
08-04 02:51:04.528 15256 21621 E baseline.com.newsblur.network.APIResponse: 	at baseline.com.newsblur.service.NBSyncService$1.run(NBSyncService.java:188)
08-04 02:51:04.528 15256 21621 E baseline.com.newsblur.network.APIResponse: 	at java.util.concurrent.ThreadPoolExecutor.runWorker(ThreadPoolExecutor.java:1113)
08-04 02:51:04.528 15256 21621 E baseline.com.newsblur.network.APIResponse: 	at java.util.concurrent.ThreadPoolExecutor$Worker.run(ThreadPoolExecutor.java:588)
08-04 02:51:04.528 15256 21621 E baseline.com.newsblur.network.APIResponse: 	at java.lang.Thread.run(Thread.java:818)
08-04 02:51:04.528 15256 21621 E baseline.com.newsblur.network.APIResponse: Caused by: java.io.EOFException: \n not found: limit=0 content=
08-04 02:51:04.528 15256 21621 E baseline.com.newsblur.network.APIResponse: 	at okio.RealBufferedSource.readUtf8LineStrict(RealBufferedSource.java:240)
08-04 02:51:04.528 15256 21621 E baseline.com.newsblur.network.APIResponse: 	at okhttp3.internal.http1.Http1ExchangeCodec.readHeaderLine(Http1ExchangeCodec.java:242)
08-04 02:51:04.528 15256 21621 E baseline.com.newsblur.network.APIResponse: 	at okhttp3.internal.http1.Http1ExchangeCodec.readResponseHeaders(Http1ExchangeCodec.java:213)
08-04 02:51:04.528 15256 21621 E baseline.com.newsblur.network.APIResponse: 	... 30 more
08-04 02:51:04.529 15256 21621 I baseline.com.newsblur.network.APIManager: API call failed, pausing before retry number 1
08-04 02:51:04.685 15256 20845 I art     : Starting a blocking GC Explicit
08-04 02:51:04.730 15256 20845 I art     : Explicit concurrent mark sweep GC freed 3935(356KB) AllocSpace objects, 3(60KB) LOS objects, 28% free, 40MB/56MB, paused 1.160ms total 44.538ms
08-04 02:51:04.742 15256 20845 I art     : Starting a blocking GC Explicit
08-04 02:51:04.781 15256 20845 I art     : Explicit concurrent mark sweep GC freed 120(4KB) AllocSpace objects, 0(0B) LOS objects, 28% free, 40MB/56MB, paused 1.086ms total 39.439ms
08-04 02:51:04.792 15256 20845 I art     : Starting a blocking GC Explicit
08-04 02:51:04.832 15256 20845 I art     : Explicit concurrent mark sweep GC freed 3(96B) AllocSpace objects, 0(0B) LOS objects, 28% free, 40MB/56MB, paused 1.097ms total 39.940ms
08-04 02:51:04.843 15256 20845 I art     : Starting a blocking GC Explicit
08-04 02:51:04.859 13589 13589 I ServiceManager: Waiting for service AtCmdFwd...
08-04 02:51:04.883 15256 20845 I art     : Explicit concurrent mark sweep GC freed 3(96B) AllocSpace objects, 0(0B) LOS objects, 28% free, 40MB/56MB, paused 1.109ms total 40.538ms
08-04 02:51:04.894 15256 20845 I art     : Starting a blocking GC Explicit
08-04 02:51:04.933 15256 20845 I art     : Explicit concurrent mark sweep GC freed 3(96B) AllocSpace objects, 0(0B) LOS objects, 28% free, 40MB/56MB, paused 1.046ms total 38.706ms
08-04 02:51:05.243 15256 20844 I art     : Starting a blocking GC Explicit
08-04 02:51:05.287 15256 20844 I art     : Explicit concurrent mark sweep GC freed 1444(83KB) AllocSpace objects, 1(20KB) LOS objects, 28% free, 40MB/56MB, paused 1.171ms total 43.299ms
08-04 02:51:05.299 15256 20844 I art     : Starting a blocking GC Explicit
08-04 02:51:05.340 15256 20844 I art     : Explicit concurrent mark sweep GC freed 22(784B) AllocSpace objects, 0(0B) LOS objects, 28% free, 40MB/56MB, paused 1.153ms total 41.052ms
08-04 02:51:05.351 15256 20844 I art     : Starting a blocking GC Explicit
08-04 02:51:05.382 22394 22394 D AndroidRuntime: >>>>>> START com.android.internal.os.RuntimeInit uid 2000 <<<<<<
08-04 02:51:05.387 22394 22394 D AndroidRuntime: CheckJNI is OFF
08-04 02:51:05.391 15256 20844 I art     : Explicit concurrent mark sweep GC freed 3(96B) AllocSpace objects, 0(0B) LOS objects, 28% free, 40MB/56MB, paused 1.170ms total 39.712ms
08-04 02:51:05.401 15256 20844 I art     : Starting a blocking GC Explicit
08-04 02:51:05.421 22394 22394 D ICU     : No timezone override file found: /data/misc/zoneinfo/current/icu/icu_tzdata.dat
08-04 02:51:05.440 15256 20844 I art     : Explicit concurrent mark sweep GC freed 3(96B) AllocSpace objects, 0(0B) LOS objects, 28% free, 40MB/56MB, paused 1.107ms total 38.574ms
08-04 02:51:05.450 15256 20844 I art     : Starting a blocking GC Explicit
08-04 02:51:05.455 22394 22394 I Radio-JNI: register_android_hardware_Radio DONE
08-04 02:51:05.477 22394 22394 D AndroidRuntime: Calling main entry com.android.commands.input.Input
08-04 02:51:05.479 22394 22394 I Input   : injectMotionEvent: MotionEvent { action=ACTION_DOWN, actionButton=0, id[0]=0, x[0]=436.0, y[0]=453.0, toolType[0]=TOOL_TYPE_UNKNOWN, buttonState=0, metaState=0, flags=0x0, edgeFlags=0x0, pointerCount=1, historySize=0, eventTime=672681892, downTime=672681892, deviceId=0, source=0x1002 }
08-04 02:51:05.485 22394 22394 I Input   : injectMotionEvent: MotionEvent { action=ACTION_UP, actionButton=0, id[0]=0, x[0]=436.0, y[0]=453.0, toolType[0]=TOOL_TYPE_UNKNOWN, buttonState=0, metaState=0, flags=0x0, edgeFlags=0x0, pointerCount=1, historySize=0, eventTime=672681892, downTime=672681892, deviceId=0, source=0x1002 }
08-04 02:51:05.486 22394 22394 D AndroidRuntime: Shutting down VM
08-04 02:51:05.489 15256 20844 I art     : Explicit concurrent mark sweep GC freed 5(160B) AllocSpace objects, 0(0B) LOS objects, 28% free, 40MB/56MB, paused 1.196ms total 38.727ms
08-04 02:51:05.496   512  2967 D audio_hw_primary: out_set_parameters: enter: usecase(1: low-latency-playback) kvpairs: routing=2
08-04 02:51:05.498   918  5132 I ActivityManager: START u0 {cmp=baseline.com.newsblur/.activity.AllSharedStoriesReading (has extras)} from uid 10652 on display 0
08-04 02:51:05.509   512  2967 D audio_hw_primary: select_devices: out_snd_device(2: speaker) in_snd_device(0: none)
08-04 02:51:05.509   512  2967 D msm8974_platform: platform_send_audio_calibration: sending audio calibration for snd_device(2) acdb_id(15)
08-04 02:51:05.509   512  2967 I soundtrigger: audio_extn_sound_trigger_update_device_status: device 0x2 of type 0 for Event 1
08-04 02:51:05.520   512  2967 D audio_hw_primary: enable_snd_device: snd_device(2: speaker)
08-04 02:51:05.522   512  2967 D audio_hw_primary: enable_audio_route: apply and update mixer path: low-latency-playback speaker
08-04 02:51:05.714   918   936 I ActivityManager: Displayed baseline.com.newsblur/.activity.AllSharedStoriesReading: +204ms
08-04 02:51:05.716 13866 13866 I GoogleInputMethodServic: GoogleInputMethodService.onFinishInput():3138 
08-04 02:51:05.717 13866 13866 I GoogleInputMethodServic: GoogleInputMethodService.onStartInput():1808 
08-04 02:51:05.796 15256 20845 I art     : Starting a blocking GC Explicit
08-04 02:51:05.842 15256 20845 I art     : Explicit concurrent mark sweep GC freed 5528(460KB) AllocSpace objects, 18(824KB) LOS objects, 27% free, 41MB/57MB, paused 1.450ms total 45.215ms
08-04 02:51:05.854 15256 20845 I art     : Starting a blocking GC Explicit
08-04 02:51:05.860 13589 13589 I ServiceManager: Waiting for service AtCmdFwd...
08-04 02:51:05.893 15256 20845 I art     : Explicit concurrent mark sweep GC freed 1755(115KB) AllocSpace objects, 1(28KB) LOS objects, 28% free, 41MB/57MB, paused 1.102ms total 38.857ms
08-04 02:51:05.903 15256 20845 I art     : Starting a blocking GC Explicit
08-04 02:51:05.928 15256 21274 E chromium: [ERROR:tile_manager.cc(793)] WARNING: tile memory limits exceeded, some content may not draw
08-04 02:51:05.929 15256 21274 E chromium: [ERROR:tile_manager.cc(793)] WARNING: tile memory limits exceeded, some content may not draw
08-04 02:51:05.941 15256 20845 I art     : Explicit concurrent mark sweep GC freed 39(1760B) AllocSpace objects, 0(0B) LOS objects, 28% free, 41MB/57MB, paused 1.039ms total 37.879ms
08-04 02:51:05.952 15256 20845 I art     : Starting a blocking GC Explicit
08-04 02:51:05.990 15256 20845 I art     : Explicit concurrent mark sweep GC freed 4(128B) AllocSpace objects, 0(0B) LOS objects, 28% free, 41MB/57MB, paused 1.078ms total 37.690ms
08-04 02:51:06.001 15256 20845 I art     : Starting a blocking GC Explicit
08-04 02:51:06.039 15256 20845 I art     : Explicit concurrent mark sweep GC freed 94(3KB) AllocSpace objects, 0(0B) LOS objects, 28% free, 41MB/57MB, paused 1.088ms total 37.922ms
08-04 02:51:06.059   512  2967 D audio_hw_primary: disable_audio_route: reset and update mixer path: low-latency-playback speaker
08-04 02:51:06.061   512  2967 D audio_hw_primary: disable_snd_device: snd_device(2: speaker)
08-04 02:51:06.069   512  2967 I soundtrigger: audio_extn_sound_trigger_update_device_status: device 0x2 of type 0 for Event 0
08-04 02:51:06.350 15256 20844 I art     : Starting a blocking GC Explicit
08-04 02:51:06.397 15256 20844 I art     : Explicit concurrent mark sweep GC freed 1665(106KB) AllocSpace objects, 2(40KB) LOS objects, 28% free, 41MB/57MB, paused 1.236ms total 46.620ms
08-04 02:51:06.411 15256 20844 I art     : Starting a blocking GC Explicit
08-04 02:51:06.453 15256 20844 I art     : Explicit concurrent mark sweep GC freed 29(1072B) AllocSpace objects, 0(0B) LOS objects, 28% free, 41MB/57MB, paused 1.130ms total 41.895ms
08-04 02:51:06.464 15256 20844 I art     : Starting a blocking GC Explicit
08-04 02:51:06.507 15256 20844 I art     : Explicit concurrent mark sweep GC freed 3(96B) AllocSpace objects, 0(0B) LOS objects, 28% free, 41MB/57MB, paused 1.213ms total 42.994ms
08-04 02:51:06.517 15256 20844 I art     : Starting a blocking GC Explicit
08-04 02:51:06.553 15256 21621 E baseline.com.newsblur.network.APIResponse: Error (unexpected end of stream on https://www.newsblur.com/...) calling https://www.newsblur.com/reader/mark_story_hashes_as_read/
08-04 02:51:06.553 15256 21621 E baseline.com.newsblur.network.APIResponse: java.io.IOException: unexpected end of stream on https://www.newsblur.com/...
08-04 02:51:06.553 15256 21621 E baseline.com.newsblur.network.APIResponse: 	at okhttp3.internal.http1.Http1ExchangeCodec.readResponseHeaders(Http1ExchangeCodec.java:236)
08-04 02:51:06.553 15256 21621 E baseline.com.newsblur.network.APIResponse: 	at okhttp3.internal.connection.Exchange.readResponseHeaders(Exchange.java:115)
08-04 02:51:06.553 15256 21621 E baseline.com.newsblur.network.APIResponse: 	at okhttp3.internal.http.CallServerInterceptor.intercept(CallServerInterceptor.java:94)
08-04 02:51:06.553 15256 21621 E baseline.com.newsblur.network.APIResponse: 	at okhttp3.internal.http.RealInterceptorChain.proceed(RealInterceptorChain.java:142)
08-04 02:51:06.553 15256 21621 E baseline.com.newsblur.network.APIResponse: 	at okhttp3.internal.connection.ConnectInterceptor.intercept(ConnectInterceptor.java:43)
08-04 02:51:06.553 15256 21621 E baseline.com.newsblur.network.APIResponse: 	at okhttp3.internal.http.RealInterceptorChain.proceed(RealInterceptorChain.java:142)
08-04 02:51:06.553 15256 21621 E baseline.com.newsblur.network.APIResponse: 	at okhttp3.internal.http.RealInterceptorChain.proceed(RealInterceptorChain.java:117)
08-04 02:51:06.553 15256 21621 E baseline.com.newsblur.network.APIResponse: 	at okhttp3.internal.cache.CacheInterceptor.intercept(CacheInterceptor.java:94)
08-04 02:51:06.553 15256 21621 E baseline.com.newsblur.network.APIResponse: 	at okhttp3.internal.http.RealInterceptorChain.proceed(RealInterceptorChain.java:142)
08-04 02:51:06.553 15256 21621 E baseline.com.newsblur.network.APIResponse: 	at okhttp3.internal.http.RealInterceptorChain.proceed(RealInterceptorChain.java:117)
08-04 02:51:06.553 15256 21621 E baseline.com.newsblur.network.APIResponse: 	at okhttp3.internal.http.BridgeInterceptor.intercept(BridgeInterceptor.java:93)
08-04 02:51:06.553 15256 21621 E baseline.com.newsblur.network.APIResponse: 	at okhttp3.internal.http.RealInterceptorChain.proceed(RealInterceptorChain.java:142)
08-04 02:51:06.553 15256 21621 E baseline.com.newsblur.network.APIResponse: 	at okhttp3.internal.http.RetryAndFollowUpInterceptor.intercept(RetryAndFollowUpInterceptor.java:88)
08-04 02:51:06.553 15256 21621 E baseline.com.newsblur.network.APIResponse: 	at okhttp3.internal.http.RealInterceptorChain.proceed(RealInterceptorChain.java:142)
08-04 02:51:06.553 15256 21621 E baseline.com.newsblur.network.APIResponse: 	at okhttp3.internal.http.RealInterceptorChain.proceed(RealInterceptorChain.java:117)
08-04 02:51:06.553 15256 21621 E baseline.com.newsblur.network.APIResponse: 	at okhttp3.RealCall.getResponseWithInterceptorChain(RealCall.java:229)
08-04 02:51:06.553 15256 21621 E baseline.com.newsblur.network.APIResponse: 	at okhttp3.RealCall.execute(RealCall.java:81)
08-04 02:51:06.553 15256 21621 E baseline.com.newsblur.network.APIResponse: 	at baseline.com.newsblur.network.APIResponse.<init>(APIResponse.java:57)
08-04 02:51:06.553 15256 21621 E baseline.com.newsblur.network.APIResponse: 	at baseline.com.newsblur.network.APIResponse.<init>(APIResponse.java:43)
08-04 02:51:06.553 15256 21621 E baseline.com.newsblur.network.APIResponse: 	at baseline.com.newsblur.network.APIManager.post_single(APIManager.java:702)
08-04 02:51:06.553 15256 21621 E baseline.com.newsblur.network.APIResponse: 	at baseline.com.newsblur.network.APIManager.post(APIManager.java:675)
08-04 02:51:06.553 15256 21621 E baseline.com.newsblur.network.APIResponse: 	at baseline.com.newsblur.network.APIManager.post(APIManager.java:714)
08-04 02:51:06.553 15256 21621 E baseline.com.newsblur.network.APIResponse: 	at baseline.com.newsblur.network.APIManager.markStoryAsRead(APIManager.java:205)
08-04 02:51:06.553 15256 21621 E baseline.com.newsblur.network.APIResponse: 	at baseline.com.newsblur.util.ReadingAction.doRemote(ReadingAction.java:281)
08-04 02:51:06.553 15256 21621 E baseline.com.newsblur.network.APIResponse: 	at baseline.com.newsblur.service.NBSyncService.syncActions(NBSyncService.java:400)
08-04 02:51:06.553 15256 21621 E baseline.com.newsblur.network.APIResponse: 	at baseline.com.newsblur.service.NBSyncService.doSync(NBSyncService.java:298)
08-04 02:51:06.553 15256 21621 E baseline.com.newsblur.network.APIResponse: 	at baseline.com.newsblur.service.NBSyncService.access$100(NBSyncService.java:67)
08-04 02:51:06.553 15256 21621 E baseline.com.newsblur.network.APIResponse: 	at baseline.com.newsblur.service.NBSyncService$1.run(NBSyncService.java:188)
08-04 02:51:06.553 15256 21621 E baseline.com.newsblur.network.APIResponse: 	at java.util.concurrent.ThreadPoolExecutor.runWorker(ThreadPoolExecutor.java:1113)
08-04 02:51:06.553 15256 21621 E baseline.com.newsblur.network.APIResponse: 	at java.util.concurrent.ThreadPoolExecutor$Worker.run(ThreadPoolExecutor.java:588)
08-04 02:51:06.553 15256 21621 E baseline.com.newsblur.network.APIResponse: 	at java.lang.Thread.run(Thread.java:818)
08-04 02:51:06.553 15256 21621 E baseline.com.newsblur.network.APIResponse: Caused by: java.io.EOFException: \n not found: limit=0 content=
08-04 02:51:06.553 15256 21621 E baseline.com.newsblur.network.APIResponse: 	at okio.RealBufferedSource.readUtf8LineStrict(RealBufferedSource.java:240)
08-04 02:51:06.553 15256 21621 E baseline.com.newsblur.network.APIResponse: 	at okhttp3.internal.http1.Http1ExchangeCodec.readHeaderLine(Http1ExchangeCodec.java:242)
08-04 02:51:06.553 15256 21621 E baseline.com.newsblur.network.APIResponse: 	at okhttp3.internal.http1.Http1ExchangeCodec.readResponseHeaders(Http1ExchangeCodec.java:213)
08-04 02:51:06.553 15256 21621 E baseline.com.newsblur.network.APIResponse: 	... 30 more
08-04 02:51:06.555 15256 21621 I baseline.com.newsblur.network.APIManager: API call failed, pausing before retry number 2
08-04 02:51:06.560 15256 20844 I art     : Explicit concurrent mark sweep GC freed 2163(243KB) AllocSpace objects, 2(40KB) LOS objects, 28% free, 41MB/57MB, paused 1.224ms total 42.422ms
08-04 02:51:06.571 15256 20844 I art     : Starting a blocking GC Explicit
08-04 02:51:06.615 15256 20844 I art     : Explicit concurrent mark sweep GC freed 430(33KB) AllocSpace objects, 0(0B) LOS objects, 28% free, 41MB/57MB, paused 1.187ms total 43.676ms
08-04 02:51:06.860 13589 13589 W Atfwd_Sendcmd: AtCmdFwd service not published, waiting... retryCnt : 4
08-04 02:51:06.955 15256 20845 I art     : Starting a blocking GC Explicit
08-04 02:51:07.003 15256 20845 I art     : Explicit concurrent mark sweep GC freed 1475(84KB) AllocSpace objects, 1(20KB) LOS objects, 28% free, 41MB/57MB, paused 1.063ms total 47.939ms
08-04 02:51:07.017 15256 20845 I art     : Starting a blocking GC Explicit
08-04 02:51:07.059 15256 20845 I art     : Explicit concurrent mark sweep GC freed 34(1168B) AllocSpace objects, 0(0B) LOS objects, 28% free, 41MB/57MB, paused 1.159ms total 41.681ms
08-04 02:51:07.070 15256 20845 I art     : Starting a blocking GC Explicit
08-04 02:51:07.114 15256 20845 I art     : Explicit concurrent mark sweep GC freed 17(544B) AllocSpace objects, 0(0B) LOS objects, 28% free, 41MB/57MB, paused 1.157ms total 43.360ms
08-04 02:51:07.124 15256 20845 I art     : Starting a blocking GC Explicit
08-04 02:51:07.170 15256 20845 I art     : Explicit concurrent mark sweep GC freed 17(544B) AllocSpace objects, 0(0B) LOS objects, 28% free, 41MB/57MB, paused 1.009ms total 44.849ms
08-04 02:51:07.183 15256 20845 I art     : Starting a blocking GC Explicit
08-04 02:51:07.235 15256 20845 I art     : Explicit concurrent mark sweep GC freed 15(480B) AllocSpace objects, 0(0B) LOS objects, 28% free, 41MB/57MB, paused 1.437ms total 51.044ms
08-04 02:51:07.609 15256 20844 I art     : Starting a blocking GC Explicit
08-04 02:51:07.657 15256 20844 I art     : Explicit concurrent mark sweep GC freed 1447(83KB) AllocSpace objects, 1(20KB) LOS objects, 28% free, 41MB/57MB, paused 1.125ms total 48.002ms
08-04 02:51:07.668 15256 20844 I art     : Starting a blocking GC Explicit
08-04 02:51:07.713 15256 20844 I art     : Explicit concurrent mark sweep GC freed 22(784B) AllocSpace objects, 0(0B) LOS objects, 28% free, 41MB/57MB, paused 1.223ms total 44.532ms
08-04 02:51:07.724 15256 20844 I art     : Starting a blocking GC Explicit
08-04 02:51:07.770 15256 20844 I art     : Explicit concurrent mark sweep GC freed 3(96B) AllocSpace objects, 0(0B) LOS objects, 28% free, 41MB/57MB, paused 1.298ms total 45.114ms
08-04 02:51:07.781 15256 20844 I art     : Starting a blocking GC Explicit
08-04 02:51:07.825 15256 20844 I art     : Explicit concurrent mark sweep GC freed 3(96B) AllocSpace objects, 0(0B) LOS objects, 28% free, 41MB/57MB, paused 1.056ms total 44.018ms
08-04 02:51:07.836 15256 20844 I art     : Starting a blocking GC Explicit
08-04 02:51:07.882 15256 20844 I art     : Explicit concurrent mark sweep GC freed 3(96B) AllocSpace objects, 0(0B) LOS objects, 28% free, 41MB/57MB, paused 1.297ms total 45.778ms
08-04 02:51:08.242 15256 20845 I art     : Starting a blocking GC Explicit
08-04 02:51:08.288 15256 20845 I art     : Explicit concurrent mark sweep GC freed 1446(83KB) AllocSpace objects, 1(20KB) LOS objects, 28% free, 41MB/57MB, paused 1.223ms total 45.791ms
08-04 02:51:08.302 15256 20845 I art     : Starting a blocking GC Explicit
08-04 02:51:08.345 15256 20845 I art     : Explicit concurrent mark sweep GC freed 22(784B) AllocSpace objects, 0(0B) LOS objects, 28% free, 41MB/57MB, paused 1.224ms total 42.305ms
08-04 02:51:08.356 15256 20845 I art     : Starting a blocking GC Explicit
08-04 02:51:08.399 15256 20845 I art     : Explicit concurrent mark sweep GC freed 3(96B) AllocSpace objects, 0(0B) LOS objects, 28% free, 41MB/57MB, paused 1.173ms total 42.916ms
08-04 02:51:08.410 15256 20845 I art     : Starting a blocking GC Explicit
08-04 02:51:08.453 15256 20845 I art     : Explicit concurrent mark sweep GC freed 3(96B) AllocSpace objects, 0(0B) LOS objects, 28% free, 41MB/57MB, paused 1.132ms total 43.429ms
08-04 02:51:08.465 15256 20845 I art     : Starting a blocking GC Explicit
08-04 02:51:08.509 15256 20845 I art     : Explicit concurrent mark sweep GC freed 3(96B) AllocSpace objects, 0(0B) LOS objects, 28% free, 41MB/57MB, paused 1.244ms total 43.977ms
08-04 02:51:08.871 15256 15272 I art     : Starting a blocking GC Explicit
08-04 02:51:08.919 15256 15272 I art     : Explicit concurrent mark sweep GC freed 1445(83KB) AllocSpace objects, 1(20KB) LOS objects, 28% free, 41MB/57MB, paused 1.311ms total 46.889ms
08-04 02:51:08.930 15256 15272 I art     : Starting a blocking GC Explicit
08-04 02:51:08.974 15256 15272 I art     : Explicit concurrent mark sweep GC freed 22(784B) AllocSpace objects, 0(0B) LOS objects, 28% free, 41MB/57MB, paused 1.121ms total 43.903ms
08-04 02:51:08.985 15256 15272 I art     : Starting a blocking GC Explicit
08-04 02:51:09.031 15256 15272 I art     : Explicit concurrent mark sweep GC freed 3(96B) AllocSpace objects, 0(0B) LOS objects, 28% free, 41MB/57MB, paused 1.196ms total 45.901ms
08-04 02:51:09.043 15256 15272 I art     : Starting a blocking GC Explicit
08-04 02:51:09.088 15256 15272 I art     : Explicit concurrent mark sweep GC freed 3(96B) AllocSpace objects, 0(0B) LOS objects, 28% free, 41MB/57MB, paused 1.222ms total 44.798ms
08-04 02:51:09.099 15256 15272 I art     : Starting a blocking GC Explicit
08-04 02:51:09.144 15256 15272 I art     : Explicit concurrent mark sweep GC freed 3(96B) AllocSpace objects, 0(0B) LOS objects, 28% free, 41MB/57MB, paused 1.159ms total 45.224ms
08-04 02:51:09.515 15256 15269 I art     : Starting a blocking GC Explicit
08-04 02:51:09.562 15256 15269 I art     : Explicit concurrent mark sweep GC freed 1537(86KB) AllocSpace objects, 1(20KB) LOS objects, 28% free, 41MB/57MB, paused 1.463ms total 45.838ms
08-04 02:51:09.573 15256 15269 I art     : Starting a blocking GC Explicit
08-04 02:51:09.617 15256 15269 I art     : Explicit concurrent mark sweep GC freed 93(4KB) AllocSpace objects, 0(0B) LOS objects, 28% free, 41MB/57MB, paused 1.304ms total 44.049ms
08-04 02:51:09.629 15256 15269 I art     : Starting a blocking GC Explicit
08-04 02:51:09.673 15256 15269 I art     : Explicit concurrent mark sweep GC freed 12(1408B) AllocSpace objects, 0(0B) LOS objects, 28% free, 41MB/57MB, paused 1.174ms total 43.721ms
08-04 02:51:09.684 15256 15269 I art     : Starting a blocking GC Explicit
08-04 02:51:09.729 15256 15269 I art     : Explicit concurrent mark sweep GC freed 3(96B) AllocSpace objects, 0(0B) LOS objects, 28% free, 41MB/57MB, paused 1.282ms total 45.422ms
08-04 02:51:09.741 15256 15269 I art     : Starting a blocking GC Explicit
08-04 02:51:09.786 15256 15269 I art     : Explicit concurrent mark sweep GC freed 3(96B) AllocSpace objects, 0(0B) LOS objects, 28% free, 41MB/57MB, paused 1.135ms total 44.598ms
08-04 02:51:10.039 15256 21621 E baseline.com.newsblur.network.APIResponse: Error (unexpected end of stream on https://www.newsblur.com/...) calling https://www.newsblur.com/reader/mark_story_hashes_as_read/
08-04 02:51:10.039 15256 21621 E baseline.com.newsblur.network.APIResponse: java.io.IOException: unexpected end of stream on https://www.newsblur.com/...
08-04 02:51:10.039 15256 21621 E baseline.com.newsblur.network.APIResponse: 	at okhttp3.internal.http1.Http1ExchangeCodec.readResponseHeaders(Http1ExchangeCodec.java:236)
08-04 02:51:10.039 15256 21621 E baseline.com.newsblur.network.APIResponse: 	at okhttp3.internal.connection.Exchange.readResponseHeaders(Exchange.java:115)
08-04 02:51:10.039 15256 21621 E baseline.com.newsblur.network.APIResponse: 	at okhttp3.internal.http.CallServerInterceptor.intercept(CallServerInterceptor.java:94)
08-04 02:51:10.039 15256 21621 E baseline.com.newsblur.network.APIResponse: 	at okhttp3.internal.http.RealInterceptorChain.proceed(RealInterceptorChain.java:142)
08-04 02:51:10.039 15256 21621 E baseline.com.newsblur.network.APIResponse: 	at okhttp3.internal.connection.ConnectInterceptor.intercept(ConnectInterceptor.java:43)
08-04 02:51:10.039 15256 21621 E baseline.com.newsblur.network.APIResponse: 	at okhttp3.internal.http.RealInterceptorChain.proceed(RealInterceptorChain.java:142)
08-04 02:51:10.039 15256 21621 E baseline.com.newsblur.network.APIResponse: 	at okhttp3.internal.http.RealInterceptorChain.proceed(RealInterceptorChain.java:117)
08-04 02:51:10.039 15256 21621 E baseline.com.newsblur.network.APIResponse: 	at okhttp3.internal.cache.CacheInterceptor.intercept(CacheInterceptor.java:94)
08-04 02:51:10.039 15256 21621 E baseline.com.newsblur.network.APIResponse: 	at okhttp3.internal.http.RealInterceptorChain.proceed(RealInterceptorChain.java:142)
08-04 02:51:10.039 15256 21621 E baseline.com.newsblur.network.APIResponse: 	at okhttp3.internal.http.RealInterceptorChain.proceed(RealInterceptorChain.java:117)
08-04 02:51:10.039 15256 21621 E baseline.com.newsblur.network.APIResponse: 	at okhttp3.internal.http.BridgeInterceptor.intercept(BridgeInterceptor.java:93)
08-04 02:51:10.039 15256 21621 E baseline.com.newsblur.network.APIResponse: 	at okhttp3.internal.http.RealInterceptorChain.proceed(RealInterceptorChain.java:142)
08-04 02:51:10.039 15256 21621 E baseline.com.newsblur.network.APIResponse: 	at okhttp3.internal.http.RetryAndFollowUpInterceptor.intercept(RetryAndFollowUpInterceptor.java:88)
08-04 02:51:10.039 15256 21621 E baseline.com.newsblur.network.APIResponse: 	at okhttp3.internal.http.RealInterceptorChain.proceed(RealInterceptorChain.java:142)
08-04 02:51:10.039 15256 21621 E baseline.com.newsblur.network.APIResponse: 	at okhttp3.internal.http.RealInterceptorChain.proceed(RealInterceptorChain.java:117)
08-04 02:51:10.039 15256 21621 E baseline.com.newsblur.network.APIResponse: 	at okhttp3.RealCall.getResponseWithInterceptorChain(RealCall.java:229)
08-04 02:51:10.039 15256 21621 E baseline.com.newsblur.network.APIResponse: 	at okhttp3.RealCall.execute(RealCall.java:81)
08-04 02:51:10.039 15256 21621 E baseline.com.newsblur.network.APIResponse: 	at baseline.com.newsblur.network.APIResponse.<init>(APIResponse.java:57)
08-04 02:51:10.039 15256 21621 E baseline.com.newsblur.network.APIResponse: 	at baseline.com.newsblur.network.APIResponse.<init>(APIResponse.java:43)
08-04 02:51:10.039 15256 21621 E baseline.com.newsblur.network.APIResponse: 	at baseline.com.newsblur.network.APIManager.post_single(APIManager.java:702)
08-04 02:51:10.039 15256 21621 E baseline.com.newsblur.network.APIResponse: 	at baseline.com.newsblur.network.APIManager.post(APIManager.java:675)
08-04 02:51:10.039 15256 21621 E baseline.com.newsblur.network.APIResponse: 	at baseline.com.newsblur.network.APIManager.post(APIManager.java:714)
08-04 02:51:10.039 15256 21621 E baseline.com.newsblur.network.APIResponse: 	at baseline.com.newsblur.network.APIManager.markStoryAsRead(APIManager.java:205)
08-04 02:51:10.039 15256 21621 E baseline.com.newsblur.network.APIResponse: 	at baseline.com.newsblur.util.ReadingAction.doRemote(ReadingAction.java:281)
08-04 02:51:10.039 15256 21621 E baseline.com.newsblur.network.APIResponse: 	at baseline.com.newsblur.service.NBSyncService.syncActions(NBSyncService.java:400)
08-04 02:51:10.039 15256 21621 E baseline.com.newsblur.network.APIResponse: 	at baseline.com.newsblur.service.NBSyncService.doSync(NBSyncService.java:298)
08-04 02:51:10.039 15256 21621 E baseline.com.newsblur.network.APIResponse: 	at baseline.com.newsblur.service.NBSyncService.access$100(NBSyncService.java:67)
08-04 02:51:10.039 15256 21621 E baseline.com.newsblur.network.APIResponse: 	at baseline.com.newsblur.service.NBSyncService$1.run(NBSyncService.java:188)
08-04 02:51:10.039 15256 21621 E baseline.com.newsblur.network.APIResponse: 	at java.util.concurrent.ThreadPoolExecutor.runWorker(ThreadPoolExecutor.java:1113)
08-04 02:51:10.039 15256 21621 E baseline.com.newsblur.network.APIResponse: 	at java.util.concurrent.ThreadPoolExecutor$Worker.run(ThreadPoolExecutor.java:588)
08-04 02:51:10.039 15256 21621 E baseline.com.newsblur.network.APIResponse: 	at java.lang.Thread.run(Thread.java:818)
08-04 02:51:10.039 15256 21621 E baseline.com.newsblur.network.APIResponse: Caused by: java.io.EOFException: \n not found: limit=0 content=
08-04 02:51:10.039 15256 21621 E baseline.com.newsblur.network.APIResponse: 	at okio.RealBufferedSource.readUtf8LineStrict(RealBufferedSource.java:240)
08-04 02:51:10.039 15256 21621 E baseline.com.newsblur.network.APIResponse: 	at okhttp3.internal.http1.Http1ExchangeCodec.readHeaderLine(Http1ExchangeCodec.java:242)
08-04 02:51:10.039 15256 21621 E baseline.com.newsblur.network.APIResponse: 	at okhttp3.internal.http1.Http1ExchangeCodec.readResponseHeaders(Http1ExchangeCodec.java:213)
08-04 02:51:10.039 15256 21621 E baseline.com.newsblur.network.APIResponse: 	... 30 more
08-04 02:51:10.041 15256 21621 I baseline.com.newsblur.service.NBSyncService: Holding reading action with server-side or network error.
08-04 02:51:10.052 15256 21621 W baseline.com.newsblur.service.NBSyncService: hard API failure
08-04 02:51:10.146 15256 20844 I art     : Starting a blocking GC Explicit
08-04 02:51:10.195 15256 20844 I art     : Explicit concurrent mark sweep GC freed 4357(407KB) AllocSpace objects, 5(100KB) LOS objects, 28% free, 41MB/57MB, paused 1.373ms total 48.674ms
08-04 02:51:10.210 15256 20844 I art     : Starting a blocking GC Explicit
08-04 02:51:10.253 15256 20844 I art     : Explicit concurrent mark sweep GC freed 140(5KB) AllocSpace objects, 0(0B) LOS objects, 28% free, 41MB/57MB, paused 1.181ms total 42.428ms
08-04 02:51:10.264 15256 20844 I art     : Starting a blocking GC Explicit
08-04 02:51:10.307 15256 20844 I art     : Explicit concurrent mark sweep GC freed 3(96B) AllocSpace objects, 0(0B) LOS objects, 28% free, 41MB/57MB, paused 1.237ms total 43.284ms
08-04 02:51:10.318 15256 20844 I art     : Starting a blocking GC Explicit
08-04 02:51:10.362 15256 20844 I art     : Explicit concurrent mark sweep GC freed 3(96B) AllocSpace objects, 0(0B) LOS objects, 28% free, 41MB/57MB, paused 1.198ms total 43.875ms
08-04 02:51:10.373 15256 20844 I art     : Starting a blocking GC Explicit
08-04 02:51:10.417 15256 20844 I art     : Explicit concurrent mark sweep GC freed 845(35KB) AllocSpace objects, 0(0B) LOS objects, 28% free, 41MB/57MB, paused 1.324ms total 43.701ms
08-04 02:51:10.468 15256 21621 E baseline.com.newsblur.network.APIResponse: Error (unexpected end of stream on https://www.newsblur.com/...) calling https://www.newsblur.com/reader/mark_story_hashes_as_read/
08-04 02:51:10.468 15256 21621 E baseline.com.newsblur.network.APIResponse: java.io.IOException: unexpected end of stream on https://www.newsblur.com/...
08-04 02:51:10.468 15256 21621 E baseline.com.newsblur.network.APIResponse: 	at okhttp3.internal.http1.Http1ExchangeCodec.readResponseHeaders(Http1ExchangeCodec.java:236)
08-04 02:51:10.468 15256 21621 E baseline.com.newsblur.network.APIResponse: 	at okhttp3.internal.connection.Exchange.readResponseHeaders(Exchange.java:115)
08-04 02:51:10.468 15256 21621 E baseline.com.newsblur.network.APIResponse: 	at okhttp3.internal.http.CallServerInterceptor.intercept(CallServerInterceptor.java:94)
08-04 02:51:10.468 15256 21621 E baseline.com.newsblur.network.APIResponse: 	at okhttp3.internal.http.RealInterceptorChain.proceed(RealInterceptorChain.java:142)
08-04 02:51:10.468 15256 21621 E baseline.com.newsblur.network.APIResponse: 	at okhttp3.internal.connection.ConnectInterceptor.intercept(ConnectInterceptor.java:43)
08-04 02:51:10.468 15256 21621 E baseline.com.newsblur.network.APIResponse: 	at okhttp3.internal.http.RealInterceptorChain.proceed(RealInterceptorChain.java:142)
08-04 02:51:10.468 15256 21621 E baseline.com.newsblur.network.APIResponse: 	at okhttp3.internal.http.RealInterceptorChain.proceed(RealInterceptorChain.java:117)
08-04 02:51:10.468 15256 21621 E baseline.com.newsblur.network.APIResponse: 	at okhttp3.internal.cache.CacheInterceptor.intercept(CacheInterceptor.java:94)
08-04 02:51:10.468 15256 21621 E baseline.com.newsblur.network.APIResponse: 	at okhttp3.internal.http.RealInterceptorChain.proceed(RealInterceptorChain.java:142)
08-04 02:51:10.468 15256 21621 E baseline.com.newsblur.network.APIResponse: 	at okhttp3.internal.http.RealInterceptorChain.proceed(RealInterceptorChain.java:117)
08-04 02:51:10.468 15256 21621 E baseline.com.newsblur.network.APIResponse: 	at okhttp3.internal.http.BridgeInterceptor.intercept(BridgeInterceptor.java:93)
08-04 02:51:10.468 15256 21621 E baseline.com.newsblur.network.APIResponse: 	at okhttp3.internal.http.RealInterceptorChain.proceed(RealInterceptorChain.java:142)
08-04 02:51:10.468 15256 21621 E baseline.com.newsblur.network.APIResponse: 	at okhttp3.internal.http.RetryAndFollowUpInterceptor.intercept(RetryAndFollowUpInterceptor.java:88)
08-04 02:51:10.468 15256 21621 E baseline.com.newsblur.network.APIResponse: 	at okhttp3.internal.http.RealInterceptorChain.proceed(RealInterceptorChain.java:142)
08-04 02:51:10.468 15256 21621 E baseline.com.newsblur.network.APIResponse: 	at okhttp3.internal.http.RealInterceptorChain.proceed(RealInterceptorChain.java:117)
08-04 02:51:10.468 15256 21621 E baseline.com.newsblur.network.APIResponse: 	at okhttp3.RealCall.getResponseWithInterceptorChain(RealCall.java:229)
08-04 02:51:10.468 15256 21621 E baseline.com.newsblur.network.APIResponse: 	at okhttp3.RealCall.execute(RealCall.java:81)
08-04 02:51:10.468 15256 21621 E baseline.com.newsblur.network.APIResponse: 	at baseline.com.newsblur.network.APIResponse.<init>(APIResponse.java:57)
08-04 02:51:10.468 15256 21621 E baseline.com.newsblur.network.APIResponse: 	at baseline.com.newsblur.network.APIResponse.<init>(APIResponse.java:43)
08-04 02:51:10.468 15256 21621 E baseline.com.newsblur.network.APIResponse: 	at baseline.com.newsblur.network.APIManager.post_single(APIManager.java:702)
08-04 02:51:10.468 15256 21621 E baseline.com.newsblur.network.APIResponse: 	at baseline.com.newsblur.network.APIManager.post(APIManager.java:675)
08-04 02:51:10.468 15256 21621 E baseline.com.newsblur.network.APIResponse: 	at baseline.com.newsblur.network.APIManager.post(APIManager.java:714)
08-04 02:51:10.468 15256 21621 E baseline.com.newsblur.network.APIResponse: 	at baseline.com.newsblur.network.APIManager.markStoryAsRead(APIManager.java:205)
08-04 02:51:10.468 15256 21621 E baseline.com.newsblur.network.APIResponse: 	at baseline.com.newsblur.util.ReadingAction.doRemote(ReadingAction.java:281)
08-04 02:51:10.468 15256 21621 E baseline.com.newsblur.network.APIResponse: 	at baseline.com.newsblur.service.NBSyncService.syncActions(NBSyncService.java:400)
08-04 02:51:10.468 15256 21621 E baseline.com.newsblur.network.APIResponse: 	at baseline.com.newsblur.service.NBSyncService.doSync(NBSyncService.java:298)
08-04 02:51:10.468 15256 21621 E baseline.com.newsblur.network.APIResponse: 	at baseline.com.newsblur.service.NBSyncService.access$100(NBSyncService.java:67)
08-04 02:51:10.468 15256 21621 E baseline.com.newsblur.network.APIResponse: 	at baseline.com.newsblur.service.NBSyncService$1.run(NBSyncService.java:188)
08-04 02:51:10.468 15256 21621 E baseline.com.newsblur.network.APIResponse: 	at java.util.concurrent.ThreadPoolExecutor.runWorker(ThreadPoolExecutor.java:1113)
08-04 02:51:10.468 15256 21621 E baseline.com.newsblur.network.APIResponse: 	at java.util.concurrent.ThreadPoolExecutor$Worker.run(ThreadPoolExecutor.java:588)
08-04 02:51:10.468 15256 21621 E baseline.com.newsblur.network.APIResponse: 	at java.lang.Thread.run(Thread.java:818)
08-04 02:51:10.468 15256 21621 E baseline.com.newsblur.network.APIResponse: Caused by: java.io.EOFException: \n not found: limit=0 content=
08-04 02:51:10.468 15256 21621 E baseline.com.newsblur.network.APIResponse: 	at okio.RealBufferedSource.readUtf8LineStrict(RealBufferedSource.java:240)
08-04 02:51:10.468 15256 21621 E baseline.com.newsblur.network.APIResponse: 	at okhttp3.internal.http1.Http1ExchangeCodec.readHeaderLine(Http1ExchangeCodec.java:242)
08-04 02:51:10.468 15256 21621 E baseline.com.newsblur.network.APIResponse: 	at okhttp3.internal.http1.Http1ExchangeCodec.readResponseHeaders(Http1ExchangeCodec.java:213)
08-04 02:51:10.468 15256 21621 E baseline.com.newsblur.network.APIResponse: 	... 30 more
08-04 02:51:10.469 15256 21621 I baseline.com.newsblur.network.APIManager: API call failed, pausing before retry number 1
08-04 02:51:10.772 15256 20845 I art     : Starting a blocking GC Explicit
08-04 02:51:10.820 15256 20845 I art     : Explicit concurrent mark sweep GC freed 3138(322KB) AllocSpace objects, 3(60KB) LOS objects, 28% free, 41MB/57MB, paused 1.203ms total 47.632ms
08-04 02:51:10.831 15256 20845 I art     : Starting a blocking GC Explicit
08-04 02:51:10.875 15256 20845 I art     : Explicit concurrent mark sweep GC freed 96(3KB) AllocSpace objects, 0(0B) LOS objects, 28% free, 41MB/57MB, paused 1.170ms total 43.625ms
08-04 02:51:10.886 15256 20845 I art     : Starting a blocking GC Explicit
08-04 02:51:10.932 15256 20845 I art     : Explicit concurrent mark sweep GC freed 3(96B) AllocSpace objects, 0(0B) LOS objects, 28% free, 41MB/57MB, paused 1.140ms total 45.380ms
08-04 02:51:10.944 15256 20845 I art     : Starting a blocking GC Explicit
08-04 02:51:10.988 15256 20845 I art     : Explicit concurrent mark sweep GC freed 3(96B) AllocSpace objects, 0(0B) LOS objects, 28% free, 41MB/57MB, paused 1.263ms total 44.061ms
08-04 02:51:10.999 15256 20845 I art     : Starting a blocking GC Explicit
08-04 02:51:11.027   918 13198 D NetlinkSocketObserver: NeighborEvent{elapsedMs=1656074901, 192.168.2.254, [7C3953A63323], RTM_NEWNEIGH, NUD_STALE}
08-04 02:51:11.045 15256 20845 I art     : Explicit concurrent mark sweep GC freed 3(96B) AllocSpace objects, 0(0B) LOS objects, 28% free, 41MB/57MB, paused 1.187ms total 45.452ms
08-04 02:51:11.393 15256 15272 I art     : Starting a blocking GC Explicit
08-04 02:51:11.441 15256 15272 I art     : Explicit concurrent mark sweep GC freed 1443(83KB) AllocSpace objects, 1(20KB) LOS objects, 28% free, 41MB/57MB, paused 1.236ms total 47.639ms
08-04 02:51:11.454 15256 15272 I art     : Starting a blocking GC Explicit
08-04 02:51:11.498 15256 15272 I art     : Explicit concurrent mark sweep GC freed 22(784B) AllocSpace objects, 0(0B) LOS objects, 28% free, 41MB/57MB, paused 1.171ms total 44.252ms
08-04 02:51:11.509 15256 15272 I art     : Starting a blocking GC Explicit
08-04 02:51:11.554 15256 15272 I art     : Explicit concurrent mark sweep GC freed 3(96B) AllocSpace objects, 0(0B) LOS objects, 28% free, 41MB/57MB, paused 1.120ms total 44.424ms
08-04 02:51:11.565 15256 15272 I art     : Starting a blocking GC Explicit
08-04 02:51:11.612 15256 15272 I art     : Explicit concurrent mark sweep GC freed 3(96B) AllocSpace objects, 0(0B) LOS objects, 28% free, 41MB/57MB, paused 1.175ms total 45.880ms
08-04 02:51:11.623 15256 15272 I art     : Starting a blocking GC Explicit
08-04 02:51:11.669 15256 15272 I art     : Explicit concurrent mark sweep GC freed 3(96B) AllocSpace objects, 0(0B) LOS objects, 28% free, 41MB/57MB, paused 1.210ms total 45.641ms
08-04 02:51:12.052 15256 15269 I art     : Starting a blocking GC Explicit
08-04 02:51:12.097 15256 15269 I art     : Explicit concurrent mark sweep GC freed 1605(91KB) AllocSpace objects, 1(20KB) LOS objects, 28% free, 41MB/57MB, paused 1.141ms total 44.883ms
08-04 02:51:12.108 15256 15269 I art     : Starting a blocking GC Explicit
08-04 02:51:12.150 15256 15269 I art     : Explicit concurrent mark sweep GC freed 31(1232B) AllocSpace objects, 0(0B) LOS objects, 28% free, 41MB/57MB, paused 1.154ms total 41.407ms
08-04 02:51:12.161 15256 15269 I art     : Starting a blocking GC Explicit
08-04 02:51:12.205 15256 15269 I art     : Explicit concurrent mark sweep GC freed 3(96B) AllocSpace objects, 0(0B) LOS objects, 28% free, 41MB/57MB, paused 1.193ms total 43.645ms
08-04 02:51:12.216 15256 15269 I art     : Starting a blocking GC Explicit
08-04 02:51:12.260 15256 15269 I art     : Explicit concurrent mark sweep GC freed 3(96B) AllocSpace objects, 0(0B) LOS objects, 28% free, 41MB/57MB, paused 1.199ms total 43.851ms
08-04 02:51:12.271 15256 15269 I art     : Starting a blocking GC Explicit
08-04 02:51:12.316 15256 15269 I art     : Explicit concurrent mark sweep GC freed 3(96B) AllocSpace objects, 0(0B) LOS objects, 28% free, 41MB/57MB, paused 1.196ms total 44.968ms
08-04 02:51:12.509 15256 21621 E baseline.com.newsblur.network.APIResponse: Error (unexpected end of stream on https://www.newsblur.com/...) calling https://www.newsblur.com/reader/mark_story_hashes_as_read/
08-04 02:51:12.509 15256 21621 E baseline.com.newsblur.network.APIResponse: java.io.IOException: unexpected end of stream on https://www.newsblur.com/...
08-04 02:51:12.509 15256 21621 E baseline.com.newsblur.network.APIResponse: 	at okhttp3.internal.http1.Http1ExchangeCodec.readResponseHeaders(Http1ExchangeCodec.java:236)
08-04 02:51:12.509 15256 21621 E baseline.com.newsblur.network.APIResponse: 	at okhttp3.internal.connection.Exchange.readResponseHeaders(Exchange.java:115)
08-04 02:51:12.509 15256 21621 E baseline.com.newsblur.network.APIResponse: 	at okhttp3.internal.http.CallServerInterceptor.intercept(CallServerInterceptor.java:94)
08-04 02:51:12.509 15256 21621 E baseline.com.newsblur.network.APIResponse: 	at okhttp3.internal.http.RealInterceptorChain.proceed(RealInterceptorChain.java:142)
08-04 02:51:12.509 15256 21621 E baseline.com.newsblur.network.APIResponse: 	at okhttp3.internal.connection.ConnectInterceptor.intercept(ConnectInterceptor.java:43)
08-04 02:51:12.509 15256 21621 E baseline.com.newsblur.network.APIResponse: 	at okhttp3.internal.http.RealInterceptorChain.proceed(RealInterceptorChain.java:142)
08-04 02:51:12.509 15256 21621 E baseline.com.newsblur.network.APIResponse: 	at okhttp3.internal.http.RealInterceptorChain.proceed(RealInterceptorChain.java:117)
08-04 02:51:12.509 15256 21621 E baseline.com.newsblur.network.APIResponse: 	at okhttp3.internal.cache.CacheInterceptor.intercept(CacheInterceptor.java:94)
08-04 02:51:12.509 15256 21621 E baseline.com.newsblur.network.APIResponse: 	at okhttp3.internal.http.RealInterceptorChain.proceed(RealInterceptorChain.java:142)
08-04 02:51:12.509 15256 21621 E baseline.com.newsblur.network.APIResponse: 	at okhttp3.internal.http.RealInterceptorChain.proceed(RealInterceptorChain.java:117)
08-04 02:51:12.509 15256 21621 E baseline.com.newsblur.network.APIResponse: 	at okhttp3.internal.http.BridgeInterceptor.intercept(BridgeInterceptor.java:93)
08-04 02:51:12.509 15256 21621 E baseline.com.newsblur.network.APIResponse: 	at okhttp3.internal.http.RealInterceptorChain.proceed(RealInterceptorChain.java:142)
08-04 02:51:12.509 15256 21621 E baseline.com.newsblur.network.APIResponse: 	at okhttp3.internal.http.RetryAndFollowUpInterceptor.intercept(RetryAndFollowUpInterceptor.java:88)
08-04 02:51:12.509 15256 21621 E baseline.com.newsblur.network.APIResponse: 	at okhttp3.internal.http.RealInterceptorChain.proceed(RealInterceptorChain.java:142)
08-04 02:51:12.509 15256 21621 E baseline.com.newsblur.network.APIResponse: 	at okhttp3.internal.http.RealInterceptorChain.proceed(RealInterceptorChain.java:117)
08-04 02:51:12.509 15256 21621 E baseline.com.newsblur.network.APIResponse: 	at okhttp3.RealCall.getResponseWithInterceptorChain(RealCall.java:229)
08-04 02:51:12.509 15256 21621 E baseline.com.newsblur.network.APIResponse: 	at okhttp3.RealCall.execute(RealCall.java:81)
08-04 02:51:12.509 15256 21621 E baseline.com.newsblur.network.APIResponse: 	at baseline.com.newsblur.network.APIResponse.<init>(APIResponse.java:57)
08-04 02:51:12.509 15256 21621 E baseline.com.newsblur.network.APIResponse: 	at baseline.com.newsblur.network.APIResponse.<init>(APIResponse.java:43)
08-04 02:51:12.509 15256 21621 E baseline.com.newsblur.network.APIResponse: 	at baseline.com.newsblur.network.APIManager.post_single(APIManager.java:702)
08-04 02:51:12.509 15256 21621 E baseline.com.newsblur.network.APIResponse: 	at baseline.com.newsblur.network.APIManager.post(APIManager.java:675)
08-04 02:51:12.509 15256 21621 E baseline.com.newsblur.network.APIResponse: 	at baseline.com.newsblur.network.APIManager.post(APIManager.java:714)
08-04 02:51:12.509 15256 21621 E baseline.com.newsblur.network.APIResponse: 	at baseline.com.newsblur.network.APIManager.markStoryAsRead(APIManager.java:205)
08-04 02:51:12.509 15256 21621 E baseline.com.newsblur.network.APIResponse: 	at baseline.com.newsblur.util.ReadingAction.doRemote(ReadingAction.java:281)
08-04 02:51:12.509 15256 21621 E baseline.com.newsblur.network.APIResponse: 	at baseline.com.newsblur.service.NBSyncService.syncActions(NBSyncService.java:400)
08-04 02:51:12.509 15256 21621 E baseline.com.newsblur.network.APIResponse: 	at baseline.com.newsblur.service.NBSyncService.doSync(NBSyncService.java:298)
08-04 02:51:12.509 15256 21621 E baseline.com.newsblur.network.APIResponse: 	at baseline.com.newsblur.service.NBSyncService.access$100(NBSyncService.java:67)
08-04 02:51:12.509 15256 21621 E baseline.com.newsblur.network.APIResponse: 	at baseline.com.newsblur.service.NBSyncService$1.run(NBSyncService.java:188)
08-04 02:51:12.509 15256 21621 E baseline.com.newsblur.network.APIResponse: 	at java.util.concurrent.ThreadPoolExecutor.runWorker(ThreadPoolExecutor.java:1113)
08-04 02:51:12.509 15256 21621 E baseline.com.newsblur.network.APIResponse: 	at java.util.concurrent.ThreadPoolExecutor$Worker.run(ThreadPoolExecutor.java:588)
08-04 02:51:12.509 15256 21621 E baseline.com.newsblur.network.APIResponse: 	at java.lang.Thread.run(Thread.java:818)
08-04 02:51:12.509 15256 21621 E baseline.com.newsblur.network.APIResponse: Caused by: java.io.EOFException: \n not found: limit=0 content=
08-04 02:51:12.509 15256 21621 E baseline.com.newsblur.network.APIResponse: 	at okio.RealBufferedSource.readUtf8LineStrict(RealBufferedSource.java:240)
08-04 02:51:12.509 15256 21621 E baseline.com.newsblur.network.APIResponse: 	at okhttp3.internal.http1.Http1ExchangeCodec.readHeaderLine(Http1ExchangeCodec.java:242)
08-04 02:51:12.509 15256 21621 E baseline.com.newsblur.network.APIResponse: 	at okhttp3.internal.http1.Http1ExchangeCodec.readResponseHeaders(Http1ExchangeCodec.java:213)
08-04 02:51:12.509 15256 21621 E baseline.com.newsblur.network.APIResponse: 	... 30 more
08-04 02:51:12.511 15256 21621 I baseline.com.newsblur.network.APIManager: API call failed, pausing before retry number 2
08-04 02:51:12.662 15256 20844 I art     : Starting a blocking GC Explicit
08-04 02:51:12.710 15256 20844 I art     : Explicit concurrent mark sweep GC freed 3954(357KB) AllocSpace objects, 3(60KB) LOS objects, 28% free, 41MB/57MB, paused 1.229ms total 48.119ms
08-04 02:51:12.725 15256 20844 I art     : Starting a blocking GC Explicit
08-04 02:51:12.768 15256 20844 I art     : Explicit concurrent mark sweep GC freed 120(4KB) AllocSpace objects, 0(0B) LOS objects, 28% free, 41MB/57MB, paused 1.156ms total 42.448ms
08-04 02:51:12.780 15256 20844 I art     : Starting a blocking GC Explicit
08-04 02:51:12.819 15256 20844 I art     : Explicit concurrent mark sweep GC freed 3(96B) AllocSpace objects, 0(0B) LOS objects, 28% free, 41MB/57MB, paused 1.029ms total 38.540ms
08-04 02:51:12.829 15256 20844 I art     : Starting a blocking GC Explicit
08-04 02:51:12.867 15256 20844 I art     : Explicit concurrent mark sweep GC freed 3(96B) AllocSpace objects, 0(0B) LOS objects, 28% free, 41MB/57MB, paused 1.061ms total 38.113ms
08-04 02:51:12.877 15256 20844 I art     : Starting a blocking GC Explicit
08-04 02:51:12.916 15256 20844 I art     : Explicit concurrent mark sweep GC freed 3(96B) AllocSpace objects, 0(0B) LOS objects, 28% free, 41MB/57MB, paused 1.076ms total 39.281ms
08-04 02:51:13.295 15256 20845 I art     : Starting a blocking GC Explicit
08-04 02:51:13.340 15256 20845 I art     : Explicit concurrent mark sweep GC freed 1443(83KB) AllocSpace objects, 1(20KB) LOS objects, 28% free, 41MB/57MB, paused 1.182ms total 44.384ms
08-04 02:51:13.351 15256 20845 I art     : Starting a blocking GC Explicit
08-04 02:51:13.394 15256 20845 I art     : Explicit concurrent mark sweep GC freed 22(784B) AllocSpace objects, 0(0B) LOS objects, 28% free, 41MB/57MB, paused 1.079ms total 42.724ms
08-04 02:51:13.405 15256 20845 I art     : Starting a blocking GC Explicit
08-04 02:51:13.449 15256 20845 I art     : Explicit concurrent mark sweep GC freed 3(96B) AllocSpace objects, 0(0B) LOS objects, 28% free, 41MB/57MB, paused 1.155ms total 43.634ms
08-04 02:51:13.460 15256 20845 I art     : Starting a blocking GC Explicit
08-04 02:51:13.505 15256 20845 I art     : Explicit concurrent mark sweep GC freed 3(96B) AllocSpace objects, 0(0B) LOS objects, 28% free, 41MB/57MB, paused 1.174ms total 44.687ms
08-04 02:51:13.516 15256 20845 I art     : Starting a blocking GC Explicit
08-04 02:51:13.561 15256 20845 I art     : Explicit concurrent mark sweep GC freed 3(96B) AllocSpace objects, 0(0B) LOS objects, 28% free, 41MB/57MB, paused 1.167ms total 45.023ms
08-04 02:51:13.935 15256 15272 I art     : Starting a blocking GC Explicit
08-04 02:51:13.983 15256 15272 I art     : Explicit concurrent mark sweep GC freed 3063(165KB) AllocSpace objects, 1(20KB) LOS objects, 28% free, 41MB/57MB, paused 1.155ms total 47.395ms
08-04 02:51:13.997 15256 15272 I art     : Starting a blocking GC Explicit
08-04 02:51:14.040 15256 15272 I art     : Explicit concurrent mark sweep GC freed 810(59KB) AllocSpace objects, 0(0B) LOS objects, 28% free, 41MB/57MB, paused 1.161ms total 42.540ms
08-04 02:51:14.051 15256 15272 I art     : Starting a blocking GC Explicit
08-04 02:51:14.091 15256 15272 I art     : Explicit concurrent mark sweep GC freed 3290(128KB) AllocSpace objects, 0(0B) LOS objects, 28% free, 41MB/57MB, paused 1.118ms total 40.168ms
08-04 02:51:14.101 15256 15272 I art     : Starting a blocking GC Explicit
08-04 02:51:14.138 15256 15272 I art     : Explicit concurrent mark sweep GC freed 615(31KB) AllocSpace objects, 0(0B) LOS objects, 28% free, 41MB/57MB, paused 1.124ms total 37.329ms
08-04 02:51:14.148 15256 15272 I art     : Starting a blocking GC Explicit
08-04 02:51:14.187 15256 15272 I art     : Explicit concurrent mark sweep GC freed 262(33KB) AllocSpace objects, 0(0B) LOS objects, 28% free, 41MB/57MB, paused 1.268ms total 38.722ms
08-04 02:51:14.434   918  3261 D WifiStateMachine: starting scan for "H369AA63323"WPA_PSK with 2412,5180
08-04 02:51:14.530 15256 15269 I art     : Starting a blocking GC Explicit
08-04 02:51:14.573 15256 15269 I art     : Explicit concurrent mark sweep GC freed 3376(160KB) AllocSpace objects, 1(20KB) LOS objects, 28% free, 41MB/57MB, paused 1.125ms total 42.597ms
08-04 02:51:14.584 15256 15269 I art     : Starting a blocking GC Explicit
08-04 02:51:14.627 15256 15269 I art     : Explicit concurrent mark sweep GC freed 168(18KB) AllocSpace objects, 0(0B) LOS objects, 28% free, 41MB/57MB, paused 1.105ms total 42.865ms
08-04 02:51:14.638 15256 15269 I art     : Starting a blocking GC Explicit
08-04 02:51:14.680 15256 15269 I art     : Explicit concurrent mark sweep GC freed 25(832B) AllocSpace objects, 0(0B) LOS objects, 28% free, 41MB/57MB, paused 1.115ms total 42.347ms
08-04 02:51:14.691 15256 15269 I art     : Starting a blocking GC Explicit
08-04 02:51:14.734 15256 15269 I art     : Explicit concurrent mark sweep GC freed 3(96B) AllocSpace objects, 0(0B) LOS objects, 28% free, 41MB/57MB, paused 1.090ms total 42.730ms
08-04 02:51:14.745 15256 15269 I art     : Starting a blocking GC Explicit
08-04 02:51:14.789 15256 15269 I art     : Explicit concurrent mark sweep GC freed 3(96B) AllocSpace objects, 0(0B) LOS objects, 28% free, 41MB/57MB, paused 1.146ms total 43.674ms
08-04 02:51:15.140 15256 20844 I art     : Starting a blocking GC Explicit
08-04 02:51:15.187 15256 20844 I art     : Explicit concurrent mark sweep GC freed 1443(83KB) AllocSpace objects, 1(20KB) LOS objects, 28% free, 41MB/57MB, paused 1.146ms total 46.578ms
08-04 02:51:15.201 15256 20844 I art     : Starting a blocking GC Explicit
08-04 02:51:15.243 15256 20844 I art     : Explicit concurrent mark sweep GC freed 22(784B) AllocSpace objects, 0(0B) LOS objects, 28% free, 41MB/57MB, paused 1.114ms total 42.271ms
08-04 02:51:15.254 15256 20844 I art     : Starting a blocking GC Explicit
08-04 02:51:15.297 15256 20844 I art     : Explicit concurrent mark sweep GC freed 3(96B) AllocSpace objects, 0(0B) LOS objects, 28% free, 41MB/57MB, paused 1.194ms total 43.249ms
08-04 02:51:15.308 15256 20844 I art     : Starting a blocking GC Explicit
08-04 02:51:15.353 15256 20844 I art     : Explicit concurrent mark sweep GC freed 3(96B) AllocSpace objects, 0(0B) LOS objects, 28% free, 41MB/57MB, paused 1.182ms total 44.168ms
08-04 02:51:15.364 15256 20844 I art     : Starting a blocking GC Explicit
08-04 02:51:15.409 15256 20844 I art     : Explicit concurrent mark sweep GC freed 3(96B) AllocSpace objects, 0(0B) LOS objects, 28% free, 41MB/57MB, paused 1.288ms total 44.955ms
08-04 02:51:15.790 15256 20845 I art     : Starting a blocking GC Explicit
08-04 02:51:15.837 15256 20845 I art     : Explicit concurrent mark sweep GC freed 1608(91KB) AllocSpace objects, 1(20KB) LOS objects, 28% free, 41MB/57MB, paused 1.141ms total 46.467ms
08-04 02:51:15.847 15256 20845 I art     : Starting a blocking GC Explicit
08-04 02:51:15.890 15256 20845 I art     : Explicit concurrent mark sweep GC freed 28(1040B) AllocSpace objects, 0(0B) LOS objects, 28% free, 41MB/57MB, paused 1.153ms total 41.976ms
08-04 02:51:15.900 15256 20845 I art     : Starting a blocking GC Explicit
08-04 02:51:15.944 15256 20845 I art     : Explicit concurrent mark sweep GC freed 3(96B) AllocSpace objects, 0(0B) LOS objects, 28% free, 41MB/57MB, paused 1.157ms total 43.057ms
08-04 02:51:15.954 15256 20845 I art     : Starting a blocking GC Explicit
08-04 02:51:15.998 15256 20845 I art     : Explicit concurrent mark sweep GC freed 3(96B) AllocSpace objects, 0(0B) LOS objects, 28% free, 41MB/57MB, paused 1.203ms total 42.984ms
08-04 02:51:16.009 15256 20845 I art     : Starting a blocking GC Explicit
08-04 02:51:16.053 15256 20845 I art     : Explicit concurrent mark sweep GC freed 1036(43KB) AllocSpace objects, 0(0B) LOS objects, 28% free, 41MB/57MB, paused 1.422ms total 43.865ms
08-04 02:51:16.099 15256 21621 E baseline.com.newsblur.network.APIResponse: Error (unexpected end of stream on https://www.newsblur.com/...) calling https://www.newsblur.com/reader/mark_story_hashes_as_read/
08-04 02:51:16.099 15256 21621 E baseline.com.newsblur.network.APIResponse: java.io.IOException: unexpected end of stream on https://www.newsblur.com/...
08-04 02:51:16.099 15256 21621 E baseline.com.newsblur.network.APIResponse: 	at okhttp3.internal.http1.Http1ExchangeCodec.readResponseHeaders(Http1ExchangeCodec.java:236)
08-04 02:51:16.099 15256 21621 E baseline.com.newsblur.network.APIResponse: 	at okhttp3.internal.connection.Exchange.readResponseHeaders(Exchange.java:115)
08-04 02:51:16.099 15256 21621 E baseline.com.newsblur.network.APIResponse: 	at okhttp3.internal.http.CallServerInterceptor.intercept(CallServerInterceptor.java:94)
08-04 02:51:16.099 15256 21621 E baseline.com.newsblur.network.APIResponse: 	at okhttp3.internal.http.RealInterceptorChain.proceed(RealInterceptorChain.java:142)
08-04 02:51:16.099 15256 21621 E baseline.com.newsblur.network.APIResponse: 	at okhttp3.internal.connection.ConnectInterceptor.intercept(ConnectInterceptor.java:43)
08-04 02:51:16.099 15256 21621 E baseline.com.newsblur.network.APIResponse: 	at okhttp3.internal.http.RealInterceptorChain.proceed(RealInterceptorChain.java:142)
08-04 02:51:16.099 15256 21621 E baseline.com.newsblur.network.APIResponse: 	at okhttp3.internal.http.RealInterceptorChain.proceed(RealInterceptorChain.java:117)
08-04 02:51:16.099 15256 21621 E baseline.com.newsblur.network.APIResponse: 	at okhttp3.internal.cache.CacheInterceptor.intercept(CacheInterceptor.java:94)
08-04 02:51:16.099 15256 21621 E baseline.com.newsblur.network.APIResponse: 	at okhttp3.internal.http.RealInterceptorChain.proceed(RealInterceptorChain.java:142)
08-04 02:51:16.099 15256 21621 E baseline.com.newsblur.network.APIResponse: 	at okhttp3.internal.http.RealInterceptorChain.proceed(RealInterceptorChain.java:117)
08-04 02:51:16.099 15256 21621 E baseline.com.newsblur.network.APIResponse: 	at okhttp3.internal.http.BridgeInterceptor.intercept(BridgeInterceptor.java:93)
08-04 02:51:16.099 15256 21621 E baseline.com.newsblur.network.APIResponse: 	at okhttp3.internal.http.RealInterceptorChain.proceed(RealInterceptorChain.java:142)
08-04 02:51:16.099 15256 21621 E baseline.com.newsblur.network.APIResponse: 	at okhttp3.internal.http.RetryAndFollowUpInterceptor.intercept(RetryAndFollowUpInterceptor.java:88)
08-04 02:51:16.099 15256 21621 E baseline.com.newsblur.network.APIResponse: 	at okhttp3.internal.http.RealInterceptorChain.proceed(RealInterceptorChain.java:142)
08-04 02:51:16.099 15256 21621 E baseline.com.newsblur.network.APIResponse: 	at okhttp3.internal.http.RealInterceptorChain.proceed(RealInterceptorChain.java:117)
08-04 02:51:16.099 15256 21621 E baseline.com.newsblur.network.APIResponse: 	at okhttp3.RealCall.getResponseWithInterceptorChain(RealCall.java:229)
08-04 02:51:16.099 15256 21621 E baseline.com.newsblur.network.APIResponse: 	at okhttp3.RealCall.execute(RealCall.java:81)
08-04 02:51:16.099 15256 21621 E baseline.com.newsblur.network.APIResponse: 	at baseline.com.newsblur.network.APIResponse.<init>(APIResponse.java:57)
08-04 02:51:16.099 15256 21621 E baseline.com.newsblur.network.APIResponse: 	at baseline.com.newsblur.network.APIResponse.<init>(APIResponse.java:43)
08-04 02:51:16.099 15256 21621 E baseline.com.newsblur.network.APIResponse: 	at baseline.com.newsblur.network.APIManager.post_single(APIManager.java:702)
08-04 02:51:16.099 15256 21621 E baseline.com.newsblur.network.APIResponse: 	at baseline.com.newsblur.network.APIManager.post(APIManager.java:675)
08-04 02:51:16.099 15256 21621 E baseline.com.newsblur.network.APIResponse: 	at baseline.com.newsblur.network.APIManager.post(APIManager.java:714)
08-04 02:51:16.099 15256 21621 E baseline.com.newsblur.network.APIResponse: 	at baseline.com.newsblur.network.APIManager.markStoryAsRead(APIManager.java:205)
08-04 02:51:16.099 15256 21621 E baseline.com.newsblur.network.APIResponse: 	at baseline.com.newsblur.util.ReadingAction.doRemote(ReadingAction.java:281)
08-04 02:51:16.099 15256 21621 E baseline.com.newsblur.network.APIResponse: 	at baseline.com.newsblur.service.NBSyncService.syncActions(NBSyncService.java:400)
08-04 02:51:16.099 15256 21621 E baseline.com.newsblur.network.APIResponse: 	at baseline.com.newsblur.service.NBSyncService.doSync(NBSyncService.java:298)
08-04 02:51:16.099 15256 21621 E baseline.com.newsblur.network.APIResponse: 	at baseline.com.newsblur.service.NBSyncService.access$100(NBSyncService.java:67)
08-04 02:51:16.099 15256 21621 E baseline.com.newsblur.network.APIResponse: 	at baseline.com.newsblur.service.NBSyncService$1.run(NBSyncService.java:188)
08-04 02:51:16.099 15256 21621 E baseline.com.newsblur.network.APIResponse: 	at java.util.concurrent.ThreadPoolExecutor.runWorker(ThreadPoolExecutor.java:1113)
08-04 02:51:16.099 15256 21621 E baseline.com.newsblur.network.APIResponse: 	at java.util.concurrent.ThreadPoolExecutor$Worker.run(ThreadPoolExecutor.java:588)
08-04 02:51:16.099 15256 21621 E baseline.com.newsblur.network.APIResponse: 	at java.lang.Thread.run(Thread.java:818)
08-04 02:51:16.099 15256 21621 E baseline.com.newsblur.network.APIResponse: Caused by: java.io.EOFException: \n not found: limit=0 content=
08-04 02:51:16.099 15256 21621 E baseline.com.newsblur.network.APIResponse: 	at okio.RealBufferedSource.readUtf8LineStrict(RealBufferedSource.java:240)
08-04 02:51:16.099 15256 21621 E baseline.com.newsblur.network.APIResponse: 	at okhttp3.internal.http1.Http1ExchangeCodec.readHeaderLine(Http1ExchangeCodec.java:242)
08-04 02:51:16.099 15256 21621 E baseline.com.newsblur.network.APIResponse: 	at okhttp3.internal.http1.Http1ExchangeCodec.readResponseHeaders(Http1ExchangeCodec.java:213)
08-04 02:51:16.099 15256 21621 E baseline.com.newsblur.network.APIResponse: 	... 30 more
08-04 02:51:16.100 15256 21621 I baseline.com.newsblur.service.NBSyncService: Holding reading action with server-side or network error.
08-04 02:51:16.111 15256 21621 W baseline.com.newsblur.service.NBSyncService: hard API failure
08-04 02:51:16.417 15256 15272 I art     : Starting a blocking GC Explicit
08-04 02:51:16.465 15256 15272 I art     : Explicit concurrent mark sweep GC freed 3347(364KB) AllocSpace objects, 5(100KB) LOS objects, 28% free, 41MB/57MB, paused 1.200ms total 47.395ms
08-04 02:51:16.480 15256 15272 I art     : Starting a blocking GC Explicit
08-04 02:51:16.521 15256 15272 I art     : Explicit concurrent mark sweep GC freed 114(4KB) AllocSpace objects, 0(0B) LOS objects, 28% free, 41MB/57MB, paused 1.145ms total 41.363ms
08-04 02:51:16.532 15256 15272 I art     : Starting a blocking GC Explicit
08-04 02:51:16.575 15256 15272 I art     : Explicit concurrent mark sweep GC freed 1657(64KB) AllocSpace objects, 0(0B) LOS objects, 28% free, 41MB/57MB, paused 1.213ms total 42.458ms
08-04 02:51:16.586 15256 15272 I art     : Starting a blocking GC Explicit
08-04 02:51:16.601 15256 21621 E baseline.com.newsblur.network.APIResponse: Error (unexpected end of stream on https://www.newsblur.com/...) calling https://www.newsblur.com/reader/mark_story_hashes_as_read/
08-04 02:51:16.601 15256 21621 E baseline.com.newsblur.network.APIResponse: java.io.IOException: unexpected end of stream on https://www.newsblur.com/...
08-04 02:51:16.601 15256 21621 E baseline.com.newsblur.network.APIResponse: 	at okhttp3.internal.http1.Http1ExchangeCodec.readResponseHeaders(Http1ExchangeCodec.java:236)
08-04 02:51:16.601 15256 21621 E baseline.com.newsblur.network.APIResponse: 	at okhttp3.internal.connection.Exchange.readResponseHeaders(Exchange.java:115)
08-04 02:51:16.601 15256 21621 E baseline.com.newsblur.network.APIResponse: 	at okhttp3.internal.http.CallServerInterceptor.intercept(CallServerInterceptor.java:94)
08-04 02:51:16.601 15256 21621 E baseline.com.newsblur.network.APIResponse: 	at okhttp3.internal.http.RealInterceptorChain.proceed(RealInterceptorChain.java:142)
08-04 02:51:16.601 15256 21621 E baseline.com.newsblur.network.APIResponse: 	at okhttp3.internal.connection.ConnectInterceptor.intercept(ConnectInterceptor.java:43)
08-04 02:51:16.601 15256 21621 E baseline.com.newsblur.network.APIResponse: 	at okhttp3.internal.http.RealInterceptorChain.proceed(RealInterceptorChain.java:142)
08-04 02:51:16.601 15256 21621 E baseline.com.newsblur.network.APIResponse: 	at okhttp3.internal.http.RealInterceptorChain.proceed(RealInterceptorChain.java:117)
08-04 02:51:16.601 15256 21621 E baseline.com.newsblur.network.APIResponse: 	at okhttp3.internal.cache.CacheInterceptor.intercept(CacheInterceptor.java:94)
08-04 02:51:16.601 15256 21621 E baseline.com.newsblur.network.APIResponse: 	at okhttp3.internal.http.RealInterceptorChain.proceed(RealInterceptorChain.java:142)
08-04 02:51:16.601 15256 21621 E baseline.com.newsblur.network.APIResponse: 	at okhttp3.internal.http.RealInterceptorChain.proceed(RealInterceptorChain.java:117)
08-04 02:51:16.601 15256 21621 E baseline.com.newsblur.network.APIResponse: 	at okhttp3.internal.http.BridgeInterceptor.intercept(BridgeInterceptor.java:93)
08-04 02:51:16.601 15256 21621 E baseline.com.newsblur.network.APIResponse: 	at okhttp3.internal.http.RealInterceptorChain.proceed(RealInterceptorChain.java:142)
08-04 02:51:16.601 15256 21621 E baseline.com.newsblur.network.APIResponse: 	at okhttp3.internal.http.RetryAndFollowUpInterceptor.intercept(RetryAndFollowUpInterceptor.java:88)
08-04 02:51:16.601 15256 21621 E baseline.com.newsblur.network.APIResponse: 	at okhttp3.internal.http.RealInterceptorChain.proceed(RealInterceptorChain.java:142)
08-04 02:51:16.601 15256 21621 E baseline.com.newsblur.network.APIResponse: 	at okhttp3.internal.http.RealInterceptorChain.proceed(RealInterceptorChain.java:117)
08-04 02:51:16.601 15256 21621 E baseline.com.newsblur.network.APIResponse: 	at okhttp3.RealCall.getResponseWithInterceptorChain(RealCall.java:229)
08-04 02:51:16.601 15256 21621 E baseline.com.newsblur.network.APIResponse: 	at okhttp3.RealCall.execute(RealCall.java:81)
08-04 02:51:16.601 15256 21621 E baseline.com.newsblur.network.APIResponse: 	at baseline.com.newsblur.network.APIResponse.<init>(APIResponse.java:57)
08-04 02:51:16.601 15256 21621 E baseline.com.newsblur.network.APIResponse: 	at baseline.com.newsblur.network.APIResponse.<init>(APIResponse.java:43)
08-04 02:51:16.601 15256 21621 E baseline.com.newsblur.network.APIResponse: 	at baseline.com.newsblur.network.APIManager.post_single(APIManager.java:702)
08-04 02:51:16.601 15256 21621 E baseline.com.newsblur.network.APIResponse: 	at baseline.com.newsblur.network.APIManager.post(APIManager.java:675)
08-04 02:51:16.601 15256 21621 E baseline.com.newsblur.network.APIResponse: 	at baseline.com.newsblur.network.APIManager.post(APIManager.java:714)
08-04 02:51:16.601 15256 21621 E baseline.com.newsblur.network.APIResponse: 	at baseline.com.newsblur.network.APIManager.markStoryAsRead(APIManager.java:205)
08-04 02:51:16.601 15256 21621 E baseline.com.newsblur.network.APIResponse: 	at baseline.com.newsblur.util.ReadingAction.doRemote(ReadingAction.java:281)
08-04 02:51:16.601 15256 21621 E baseline.com.newsblur.network.APIResponse: 	at baseline.com.newsblur.service.NBSyncService.syncActions(NBSyncService.java:400)
08-04 02:51:16.601 15256 21621 E baseline.com.newsblur.network.APIResponse: 	at baseline.com.newsblur.service.NBSyncService.doSync(NBSyncService.java:298)
08-04 02:51:16.601 15256 21621 E baseline.com.newsblur.network.APIResponse: 	at baseline.com.newsblur.service.NBSyncService.access$100(NBSyncService.java:67)
08-04 02:51:16.601 15256 21621 E baseline.com.newsblur.network.APIResponse: 	at baseline.com.newsblur.service.NBSyncService$1.run(NBSyncService.java:188)
08-04 02:51:16.601 15256 21621 E baseline.com.newsblur.network.APIResponse: 	at java.util.concurrent.ThreadPoolExecutor.runWorker(ThreadPoolExecutor.java:1113)
08-04 02:51:16.601 15256 21621 E baseline.com.newsblur.network.APIResponse: 	at java.util.concurrent.ThreadPoolExecutor$Worker.run(ThreadPoolExecutor.java:588)
08-04 02:51:16.601 15256 21621 E baseline.com.newsblur.network.APIResponse: 	at java.lang.Thread.run(Thread.java:818)
08-04 02:51:16.601 15256 21621 E baseline.com.newsblur.network.APIResponse: Caused by: java.io.EOFException: \n not found: limit=0 content=
08-04 02:51:16.601 15256 21621 E baseline.com.newsblur.network.APIResponse: 	at okio.RealBufferedSource.readUtf8LineStrict(RealBufferedSource.java:240)
08-04 02:51:16.601 15256 21621 E baseline.com.newsblur.network.APIResponse: 	at okhttp3.internal.http1.Http1ExchangeCodec.readHeaderLine(Http1ExchangeCodec.java:242)
08-04 02:51:16.601 15256 21621 E baseline.com.newsblur.network.APIResponse: 	at okhttp3.internal.http1.Http1ExchangeCodec.readResponseHeaders(Http1ExchangeCodec.java:213)
08-04 02:51:16.601 15256 21621 E baseline.com.newsblur.network.APIResponse: 	... 30 more
08-04 02:51:16.603 15256 21621 I baseline.com.newsblur.network.APIManager: API call failed, pausing before retry number 1
08-04 02:51:16.628 15256 15272 I art     : Explicit concurrent mark sweep GC freed 821(196KB) AllocSpace objects, 2(40KB) LOS objects, 28% free, 41MB/57MB, paused 1.148ms total 42.426ms
08-04 02:51:16.639 15256 15272 I art     : Starting a blocking GC Explicit
08-04 02:51:16.683 15256 15272 I art     : Explicit concurrent mark sweep GC freed 118(16KB) AllocSpace objects, 0(0B) LOS objects, 28% free, 40MB/56MB, paused 1.100ms total 43.228ms
08-04 02:51:17.031 15256 15269 I art     : Starting a blocking GC Explicit
08-04 02:51:17.078 15256 15269 I art     : Explicit concurrent mark sweep GC freed 1465(83KB) AllocSpace objects, 1(20KB) LOS objects, 28% free, 40MB/56MB, paused 1.313ms total 46.485ms
08-04 02:51:17.093 15256 15269 I art     : Starting a blocking GC Explicit
08-04 02:51:17.135 15256 15269 I art     : Explicit concurrent mark sweep GC freed 22(784B) AllocSpace objects, 0(0B) LOS objects, 28% free, 40MB/56MB, paused 1.065ms total 41.646ms
08-04 02:51:17.146 15256 15269 I art     : Starting a blocking GC Explicit
08-04 02:51:17.188 15256 15269 I art     : Explicit concurrent mark sweep GC freed 3(96B) AllocSpace objects, 0(0B) LOS objects, 28% free, 40MB/56MB, paused 1.155ms total 41.740ms
08-04 02:51:17.199 15256 15269 I art     : Starting a blocking GC Explicit
08-04 02:51:17.241 15256 15269 I art     : Explicit concurrent mark sweep GC freed 3(96B) AllocSpace objects, 0(0B) LOS objects, 28% free, 40MB/56MB, paused 1.102ms total 41.898ms
08-04 02:51:17.252 15256 15269 I art     : Starting a blocking GC Explicit
08-04 02:51:17.295 15256 15269 I art     : Explicit concurrent mark sweep GC freed 3(96B) AllocSpace objects, 0(0B) LOS objects, 28% free, 40MB/56MB, paused 1.115ms total 43.006ms
08-04 02:51:17.652 15256 20844 I art     : Starting a blocking GC Explicit
08-04 02:51:17.697 15256 20844 I art     : Explicit concurrent mark sweep GC freed 1443(83KB) AllocSpace objects, 1(20KB) LOS objects, 28% free, 40MB/56MB, paused 1.211ms total 44.738ms
08-04 02:51:17.708 15256 20844 I art     : Starting a blocking GC Explicit
08-04 02:51:17.748 15256 20844 I art     : Explicit concurrent mark sweep GC freed 22(784B) AllocSpace objects, 0(0B) LOS objects, 28% free, 40MB/56MB, paused 1.055ms total 40.220ms
08-04 02:51:17.749 15256 15268 I art     : WaitForGcToComplete blocked for 38.166ms for cause HeapTrim
08-04 02:51:17.759 15256 20844 I art     : Starting a blocking GC Explicit
08-04 02:51:17.801 15256 20844 I art     : Explicit concurrent mark sweep GC freed 3(96B) AllocSpace objects, 0(0B) LOS objects, 28% free, 40MB/56MB, paused 1.202ms total 41.560ms
08-04 02:51:17.812 15256 20844 I art     : Starting a blocking GC Explicit
08-04 02:51:17.853 15256 20844 I art     : Explicit concurrent mark sweep GC freed 3(96B) AllocSpace objects, 0(0B) LOS objects, 28% free, 40MB/56MB, paused 1.112ms total 41.700ms
08-04 02:51:17.864 15256 20844 I art     : Starting a blocking GC Explicit
08-04 02:51:17.907 15256 20844 I art     : Explicit concurrent mark sweep GC freed 3(96B) AllocSpace objects, 0(0B) LOS objects, 28% free, 40MB/56MB, paused 1.099ms total 42.652ms
08-04 02:51:18.142 22620 22620 D AndroidRuntime: >>>>>> START com.android.internal.os.RuntimeInit uid 2000 <<<<<<
08-04 02:51:18.147 22620 22620 D AndroidRuntime: CheckJNI is OFF
08-04 02:51:18.181 22620 22620 D ICU     : No timezone override file found: /data/misc/zoneinfo/current/icu/icu_tzdata.dat
08-04 02:51:18.214 22620 22620 I Radio-JNI: register_android_hardware_Radio DONE
08-04 02:51:18.235 22620 22620 D AndroidRuntime: Calling main entry com.android.commands.input.Input
08-04 02:51:18.238 22620 22620 I Input   : injectKeyEvent: KeyEvent { action=ACTION_DOWN, keyCode=KEYCODE_BACK, scanCode=0, metaState=0, flags=0x0, repeatCount=0, eventTime=672694651, downTime=672694651, deviceId=-1, source=0x101 }
08-04 02:51:18.244 22620 22620 I Input   : injectKeyEvent: KeyEvent { action=ACTION_UP, keyCode=KEYCODE_BACK, scanCode=0, metaState=0, flags=0x0, repeatCount=0, eventTime=672694651, downTime=672694651, deviceId=-1, source=0x101 }
08-04 02:51:18.250 22620 22620 D AndroidRuntime: Shutting down VM
08-04 02:51:18.252 15256 15272 I art     : Starting a blocking GC Explicit
08-04 02:51:18.263 15256 15256 D baseline.com.newsblur.service.NBSyncService: rejecting request for feedset that is exhaused
08-04 02:51:18.296 15256 15272 I art     : Explicit concurrent mark sweep GC freed 1827(118KB) AllocSpace objects, 3(60KB) LOS objects, 28% free, 41MB/57MB, paused 1.219ms total 43.078ms
08-04 02:51:18.307 15256 15272 I art     : Starting a blocking GC Explicit
08-04 02:51:18.350 15256 15272 I art     : Explicit concurrent mark sweep GC freed 65(14KB) AllocSpace objects, 0(0B) LOS objects, 28% free, 41MB/57MB, paused 1.217ms total 43.031ms
08-04 02:51:18.361 15256 15272 I art     : Starting a blocking GC Explicit
08-04 02:51:18.399 15256 15256 D baseline.com.newsblur.service.NBSyncService: rejecting request for feedset that is exhaused
08-04 02:51:18.402 15256 15272 I art     : Explicit concurrent mark sweep GC freed 706(54KB) AllocSpace objects, 2(40KB) LOS objects, 28% free, 41MB/57MB, paused 1.580ms total 41.179ms
08-04 02:51:18.403 13866 13866 I GoogleInputMethodServic: GoogleInputMethodService.onFinishInput():3138 
08-04 02:51:18.403 13866 13866 I GoogleInputMethodServic: GoogleInputMethodService.onStartInput():1808 
08-04 02:51:18.415 15256 15272 I art     : Starting a blocking GC Explicit
08-04 02:51:18.456 15256 15272 I art     : Explicit concurrent mark sweep GC freed 527(51KB) AllocSpace objects, 0(0B) LOS objects, 28% free, 41MB/57MB, paused 1.149ms total 40.828ms
08-04 02:51:18.469 15256 15272 I art     : Starting a blocking GC Explicit
08-04 02:51:18.506 15256 15272 I art     : Explicit concurrent mark sweep GC freed 462(38KB) AllocSpace objects, 0(0B) LOS objects, 28% free, 40MB/56MB, paused 1.089ms total 37.087ms
08-04 02:51:18.639 15256 21621 E baseline.com.newsblur.network.APIResponse: Error (unexpected end of stream on https://www.newsblur.com/...) calling https://www.newsblur.com/reader/mark_story_hashes_as_read/
08-04 02:51:18.639 15256 21621 E baseline.com.newsblur.network.APIResponse: java.io.IOException: unexpected end of stream on https://www.newsblur.com/...
08-04 02:51:18.639 15256 21621 E baseline.com.newsblur.network.APIResponse: 	at okhttp3.internal.http1.Http1ExchangeCodec.readResponseHeaders(Http1ExchangeCodec.java:236)
08-04 02:51:18.639 15256 21621 E baseline.com.newsblur.network.APIResponse: 	at okhttp3.internal.connection.Exchange.readResponseHeaders(Exchange.java:115)
08-04 02:51:18.639 15256 21621 E baseline.com.newsblur.network.APIResponse: 	at okhttp3.internal.http.CallServerInterceptor.intercept(CallServerInterceptor.java:94)
08-04 02:51:18.639 15256 21621 E baseline.com.newsblur.network.APIResponse: 	at okhttp3.internal.http.RealInterceptorChain.proceed(RealInterceptorChain.java:142)
08-04 02:51:18.639 15256 21621 E baseline.com.newsblur.network.APIResponse: 	at okhttp3.internal.connection.ConnectInterceptor.intercept(ConnectInterceptor.java:43)
08-04 02:51:18.639 15256 21621 E baseline.com.newsblur.network.APIResponse: 	at okhttp3.internal.http.RealInterceptorChain.proceed(RealInterceptorChain.java:142)
08-04 02:51:18.639 15256 21621 E baseline.com.newsblur.network.APIResponse: 	at okhttp3.internal.http.RealInterceptorChain.proceed(RealInterceptorChain.java:117)
08-04 02:51:18.639 15256 21621 E baseline.com.newsblur.network.APIResponse: 	at okhttp3.internal.cache.CacheInterceptor.intercept(CacheInterceptor.java:94)
08-04 02:51:18.639 15256 21621 E baseline.com.newsblur.network.APIResponse: 	at okhttp3.internal.http.RealInterceptorChain.proceed(RealInterceptorChain.java:142)
08-04 02:51:18.639 15256 21621 E baseline.com.newsblur.network.APIResponse: 	at okhttp3.internal.http.RealInterceptorChain.proceed(RealInterceptorChain.java:117)
08-04 02:51:18.639 15256 21621 E baseline.com.newsblur.network.APIResponse: 	at okhttp3.internal.http.BridgeInterceptor.intercept(BridgeInterceptor.java:93)
08-04 02:51:18.639 15256 21621 E baseline.com.newsblur.network.APIResponse: 	at okhttp3.internal.http.RealInterceptorChain.proceed(RealInterceptorChain.java:142)
08-04 02:51:18.639 15256 21621 E baseline.com.newsblur.network.APIResponse: 	at okhttp3.internal.http.RetryAndFollowUpInterceptor.intercept(RetryAndFollowUpInterceptor.java:88)
08-04 02:51:18.639 15256 21621 E baseline.com.newsblur.network.APIResponse: 	at okhttp3.internal.http.RealInterceptorChain.proceed(RealInterceptorChain.java:142)
08-04 02:51:18.639 15256 21621 E baseline.com.newsblur.network.APIResponse: 	at okhttp3.internal.http.RealInterceptorChain.proceed(RealInterceptorChain.java:117)
08-04 02:51:18.639 15256 21621 E baseline.com.newsblur.network.APIResponse: 	at okhttp3.RealCall.getResponseWithInterceptorChain(RealCall.java:229)
08-04 02:51:18.639 15256 21621 E baseline.com.newsblur.network.APIResponse: 	at okhttp3.RealCall.execute(RealCall.java:81)
08-04 02:51:18.639 15256 21621 E baseline.com.newsblur.network.APIResponse: 	at baseline.com.newsblur.network.APIResponse.<init>(APIResponse.java:57)
08-04 02:51:18.639 15256 21621 E baseline.com.newsblur.network.APIResponse: 	at baseline.com.newsblur.network.APIResponse.<init>(APIResponse.java:43)
08-04 02:51:18.639 15256 21621 E baseline.com.newsblur.network.APIResponse: 	at baseline.com.newsblur.network.APIManager.post_single(APIManager.java:702)
08-04 02:51:18.639 15256 21621 E baseline.com.newsblur.network.APIResponse: 	at baseline.com.newsblur.network.APIManager.post(APIManager.java:675)
08-04 02:51:18.639 15256 21621 E baseline.com.newsblur.network.APIResponse: 	at baseline.com.newsblur.network.APIManager.post(APIManager.java:714)
08-04 02:51:18.639 15256 21621 E baseline.com.newsblur.network.APIResponse: 	at baseline.com.newsblur.network.APIManager.markStoryAsRead(APIManager.java:205)
08-04 02:51:18.639 15256 21621 E baseline.com.newsblur.network.APIResponse: 	at baseline.com.newsblur.util.ReadingAction.doRemote(ReadingAction.java:281)
08-04 02:51:18.639 15256 21621 E baseline.com.newsblur.network.APIResponse: 	at baseline.com.newsblur.service.NBSyncService.syncActions(NBSyncService.java:400)
08-04 02:51:18.639 15256 21621 E baseline.com.newsblur.network.APIResponse: 	at baseline.com.newsblur.service.NBSyncService.doSync(NBSyncService.java:298)
08-04 02:51:18.639 15256 21621 E baseline.com.newsblur.network.APIResponse: 	at baseline.com.newsblur.service.NBSyncService.access$100(NBSyncService.java:67)
08-04 02:51:18.639 15256 21621 E baseline.com.newsblur.network.APIResponse: 	at baseline.com.newsblur.service.NBSyncService$1.run(NBSyncService.java:188)
08-04 02:51:18.639 15256 21621 E baseline.com.newsblur.network.APIResponse: 	at java.util.concurrent.ThreadPoolExecutor.runWorker(ThreadPoolExecutor.java:1113)
08-04 02:51:18.639 15256 21621 E baseline.com.newsblur.network.APIResponse: 	at java.util.concurrent.ThreadPoolExecutor$Worker.run(ThreadPoolExecutor.java:588)
08-04 02:51:18.639 15256 21621 E baseline.com.newsblur.network.APIResponse: 	at java.lang.Thread.run(Thread.java:818)
08-04 02:51:18.639 15256 21621 E baseline.com.newsblur.network.APIResponse: Caused by: java.io.EOFException: \n not found: limit=0 content=
08-04 02:51:18.639 15256 21621 E baseline.com.newsblur.network.APIResponse: 	at okio.RealBufferedSource.readUtf8LineStrict(RealBufferedSource.java:240)
08-04 02:51:18.639 15256 21621 E baseline.com.newsblur.network.APIResponse: 	at okhttp3.internal.http1.Http1ExchangeCodec.readHeaderLine(Http1ExchangeCodec.java:242)
08-04 02:51:18.639 15256 21621 E baseline.com.newsblur.network.APIResponse: 	at okhttp3.internal.http1.Http1ExchangeCodec.readResponseHeaders(Http1ExchangeCodec.java:213)
08-04 02:51:18.639 15256 21621 E baseline.com.newsblur.network.APIResponse: 	... 30 more
08-04 02:51:18.641 15256 21621 I baseline.com.newsblur.network.APIManager: API call failed, pausing before retry number 2
08-04 02:51:18.811 15256 20844 I art     : Starting a blocking GC Explicit
08-04 02:51:18.856 15256 20844 I art     : Explicit concurrent mark sweep GC freed 5194(416KB) AllocSpace objects, 4(88KB) LOS objects, 28% free, 40MB/56MB, paused 1.121ms total 43.885ms
08-04 02:51:18.868 15256 20844 I art     : Starting a blocking GC Explicit
08-04 02:51:18.914 15256 20844 I art     : Explicit concurrent mark sweep GC freed 255(10KB) AllocSpace objects, 0(0B) LOS objects, 28% free, 40MB/56MB, paused 1.269ms total 44.958ms
08-04 02:51:18.925 15256 20844 I art     : Starting a blocking GC Explicit
08-04 02:51:18.973 15256 20844 I art     : Explicit concurrent mark sweep GC freed 9(288B) AllocSpace objects, 0(0B) LOS objects, 28% free, 40MB/56MB, paused 1.125ms total 47.329ms
08-04 02:51:18.985 15256 20844 I art     : Starting a blocking GC Explicit
08-04 02:51:19.032 15256 20844 I art     : Explicit concurrent mark sweep GC freed 11(352B) AllocSpace objects, 0(0B) LOS objects, 28% free, 40MB/56MB, paused 1.306ms total 46.656ms
08-04 02:51:19.044 15256 20844 I art     : Starting a blocking GC Explicit
08-04 02:51:19.091 15256 20844 I art     : Explicit concurrent mark sweep GC freed 9(288B) AllocSpace objects, 0(0B) LOS objects, 28% free, 40MB/56MB, paused 1.113ms total 46.465ms
08-04 02:51:19.446 15256 20845 I art     : Starting a blocking GC Explicit
08-04 02:51:19.497 15256 20845 I art     : Explicit concurrent mark sweep GC freed 1494(84KB) AllocSpace objects, 1(20KB) LOS objects, 28% free, 40MB/56MB, paused 1.226ms total 50.924ms
08-04 02:51:19.512 15256 20845 I art     : Starting a blocking GC Explicit
08-04 02:51:19.552 15256 20845 I art     : Explicit concurrent mark sweep GC freed 28(976B) AllocSpace objects, 0(0B) LOS objects, 28% free, 40MB/56MB, paused 1.072ms total 40.495ms
08-04 02:51:19.562 15256 20845 I art     : Starting a blocking GC Explicit
08-04 02:51:19.603 15256 20845 I art     : Explicit concurrent mark sweep GC freed 9(288B) AllocSpace objects, 0(0B) LOS objects, 28% free, 40MB/56MB, paused 1.080ms total 40.038ms
08-04 02:51:19.613 15256 20845 I art     : Starting a blocking GC Explicit
08-04 02:51:19.654 15256 20845 I art     : Explicit concurrent mark sweep GC freed 9(288B) AllocSpace objects, 0(0B) LOS objects, 28% free, 40MB/56MB, paused 1.074ms total 40.530ms
08-04 02:51:19.665 15256 20845 I art     : Starting a blocking GC Explicit
08-04 02:51:19.710 15256 20845 I art     : Explicit concurrent mark sweep GC freed 9(288B) AllocSpace objects, 0(0B) LOS objects, 28% free, 40MB/56MB, paused 1.184ms total 44.857ms
08-04 02:51:19.901 22663 22663 D AndroidRuntime: >>>>>> START com.android.internal.os.RuntimeInit uid 2000 <<<<<<
08-04 02:51:19.906 22663 22663 D AndroidRuntime: CheckJNI is OFF
08-04 02:51:19.939 22663 22663 D ICU     : No timezone override file found: /data/misc/zoneinfo/current/icu/icu_tzdata.dat
08-04 02:51:19.972 22663 22663 I Radio-JNI: register_android_hardware_Radio DONE
08-04 02:51:19.993 22663 22663 D AndroidRuntime: Calling main entry com.android.commands.input.Input
08-04 02:51:19.995 22663 22663 I Input   : injectMotionEvent: MotionEvent { action=ACTION_DOWN, actionButton=0, id[0]=0, x[0]=435.0, y[0]=858.0, toolType[0]=TOOL_TYPE_UNKNOWN, buttonState=0, metaState=0, flags=0x0, edgeFlags=0x0, pointerCount=1, historySize=0, eventTime=672696408, downTime=672696408, deviceId=0, source=0x1002 }
08-04 02:51:19.999 22663 22663 I Input   : injectMotionEvent: MotionEvent { action=ACTION_UP, actionButton=0, id[0]=0, x[0]=435.0, y[0]=858.0, toolType[0]=TOOL_TYPE_UNKNOWN, buttonState=0, metaState=0, flags=0x0, edgeFlags=0x0, pointerCount=1, historySize=0, eventTime=672696408, downTime=672696408, deviceId=0, source=0x1002 }
08-04 02:51:20.001 22663 22663 D AndroidRuntime: Shutting down VM
08-04 02:51:20.010   512  2967 D audio_hw_primary: out_set_parameters: enter: usecase(1: low-latency-playback) kvpairs: routing=2
08-04 02:51:20.012   918  3696 I ActivityManager: START u0 {cmp=baseline.com.newsblur/.activity.AllSharedStoriesReading (has extras)} from uid 10652 on display 0
08-04 02:51:20.023   512  2967 D audio_hw_primary: select_devices: out_snd_device(2: speaker) in_snd_device(0: none)
08-04 02:51:20.023   512  2967 D msm8974_platform: platform_send_audio_calibration: sending audio calibration for snd_device(2) acdb_id(15)
08-04 02:51:20.023   512  2967 I soundtrigger: audio_extn_sound_trigger_update_device_status: device 0x2 of type 0 for Event 1
08-04 02:51:20.036   512  2967 D audio_hw_primary: enable_snd_device: snd_device(2: speaker)
08-04 02:51:20.038   512  2967 D audio_hw_primary: enable_audio_route: apply and update mixer path: low-latency-playback speaker
08-04 02:51:20.082 15256 15272 I art     : Starting a blocking GC Explicit
08-04 02:51:20.127 15256 15272 I art     : Explicit concurrent mark sweep GC freed 2931(229KB) AllocSpace objects, 5(528KB) LOS objects, 28% free, 41MB/57MB, paused 1.168ms total 44.632ms
08-04 02:51:20.138 15256 15272 I art     : Starting a blocking GC Explicit
08-04 02:51:20.184 15256 15272 I art     : Explicit concurrent mark sweep GC freed 400(38KB) AllocSpace objects, 1(20KB) LOS objects, 28% free, 41MB/57MB, paused 1.253ms total 45.531ms
08-04 02:51:20.195 15256 15272 I art     : Starting a blocking GC Explicit
08-04 02:51:20.237 15256 15272 I art     : Explicit concurrent mark sweep GC freed 381(33KB) AllocSpace objects, 1(20KB) LOS objects, 27% free, 41MB/57MB, paused 1.319ms total 42.130ms
08-04 02:51:20.239   918   936 I ActivityManager: Displayed baseline.com.newsblur/.activity.AllSharedStoriesReading: +218ms
08-04 02:51:20.239 13866 13866 I GoogleInputMethodServic: GoogleInputMethodService.onFinishInput():3138 
08-04 02:51:20.240 13866 13866 I GoogleInputMethodServic: GoogleInputMethodService.onStartInput():1808 
08-04 02:51:20.248 15256 15272 I art     : Starting a blocking GC Explicit
08-04 02:51:20.292 15256 15272 I art     : Explicit concurrent mark sweep GC freed 1391(90KB) AllocSpace objects, 1(20KB) LOS objects, 27% free, 41MB/57MB, paused 1.459ms total 43.391ms
08-04 02:51:20.304 15256 15272 I art     : Starting a blocking GC Explicit
08-04 02:51:20.348 15256 15272 I art     : Explicit concurrent mark sweep GC freed 1588(94KB) AllocSpace objects, 2(40KB) LOS objects, 27% free, 41MB/57MB, paused 1.221ms total 43.920ms
08-04 02:51:20.480 15256 21274 E chromium: [ERROR:tile_manager.cc(793)] WARNING: tile memory limits exceeded, some content may not draw
08-04 02:51:20.481 15256 21274 E chromium: [ERROR:tile_manager.cc(793)] WARNING: tile memory limits exceeded, some content may not draw
08-04 02:51:20.568   512  2967 D audio_hw_primary: disable_audio_route: reset and update mixer path: low-latency-playback speaker
08-04 02:51:20.569   512  2967 D audio_hw_primary: disable_snd_device: snd_device(2: speaker)
08-04 02:51:20.578   512  2967 I soundtrigger: audio_extn_sound_trigger_update_device_status: device 0x2 of type 0 for Event 0
08-04 02:51:20.662 15256 15269 I art     : Starting a blocking GC Explicit
08-04 02:51:20.711 15256 15269 I art     : Explicit concurrent mark sweep GC freed 3027(270KB) AllocSpace objects, 12(284KB) LOS objects, 27% free, 41MB/57MB, paused 1.164ms total 48.291ms
08-04 02:51:20.722 15256 15269 I art     : Starting a blocking GC Explicit
08-04 02:51:20.770 15256 15269 I art     : Explicit concurrent mark sweep GC freed 210(10KB) AllocSpace objects, 0(0B) LOS objects, 27% free, 41MB/57MB, paused 1.199ms total 47.617ms
08-04 02:51:20.782 15256 15269 I art     : Starting a blocking GC Explicit
08-04 02:51:20.830 15256 15269 I art     : Explicit concurrent mark sweep GC freed 3(96B) AllocSpace objects, 0(0B) LOS objects, 27% free, 41MB/57MB, paused 1.220ms total 48.278ms
08-04 02:51:20.842 15256 15269 I art     : Starting a blocking GC Explicit
08-04 02:51:20.889 15256 15269 I art     : Explicit concurrent mark sweep GC freed 3(96B) AllocSpace objects, 0(0B) LOS objects, 27% free, 41MB/57MB, paused 1.171ms total 46.813ms
08-04 02:51:20.900 15256 15269 I art     : Starting a blocking GC Explicit
08-04 02:51:20.947 15256 15269 I art     : Explicit concurrent mark sweep GC freed 3(96B) AllocSpace objects, 0(0B) LOS objects, 27% free, 41MB/57MB, paused 1.239ms total 46.978ms
08-04 02:51:21.284 15256 20845 I art     : Starting a blocking GC Explicit
08-04 02:51:21.334 15256 20845 I art     : Explicit concurrent mark sweep GC freed 1446(83KB) AllocSpace objects, 1(20KB) LOS objects, 27% free, 41MB/57MB, paused 1.163ms total 49.566ms
08-04 02:51:21.345 15256 20845 I art     : Starting a blocking GC Explicit
08-04 02:51:21.392 15256 20845 I art     : Explicit concurrent mark sweep GC freed 22(784B) AllocSpace objects, 0(0B) LOS objects, 27% free, 41MB/57MB, paused 1.178ms total 46.454ms
08-04 02:51:21.404 15256 20845 I art     : Starting a blocking GC Explicit
08-04 02:51:21.450 15256 20845 I art     : Explicit concurrent mark sweep GC freed 3(96B) AllocSpace objects, 0(0B) LOS objects, 27% free, 41MB/57MB, paused 1.174ms total 46.021ms
08-04 02:51:21.461 15256 20845 I art     : Starting a blocking GC Explicit
08-04 02:51:21.509 15256 20845 I art     : Explicit concurrent mark sweep GC freed 3(96B) AllocSpace objects, 0(0B) LOS objects, 27% free, 41MB/57MB, paused 1.222ms total 47.555ms
08-04 02:51:21.521 15256 20845 I art     : Starting a blocking GC Explicit
08-04 02:51:21.533 15256 21274 E chromium: [ERROR:tile_manager.cc(793)] WARNING: tile memory limits exceeded, some content may not draw
08-04 02:51:21.533 15256 21274 E chromium: [ERROR:tile_manager.cc(793)] WARNING: tile memory limits exceeded, some content may not draw
08-04 02:51:21.563 15256 21274 E chromium: [ERROR:tile_manager.cc(793)] WARNING: tile memory limits exceeded, some content may not draw
08-04 02:51:21.565 15256 21274 E chromium: [ERROR:tile_manager.cc(793)] WARNING: tile memory limits exceeded, some content may not draw
08-04 02:51:21.566 15256 20845 I art     : Explicit concurrent mark sweep GC freed 46(1472B) AllocSpace objects, 0(0B) LOS objects, 27% free, 41MB/57MB, paused 1.290ms total 44.797ms
08-04 02:51:21.579 15256 21274 E chromium: [ERROR:tile_manager.cc(793)] WARNING: tile memory limits exceeded, some content may not draw
08-04 02:51:21.579 15256 21274 E chromium: [ERROR:tile_manager.cc(793)] WARNING: tile memory limits exceeded, some content may not draw
08-04 02:51:21.909 15256 15272 I art     : Starting a blocking GC Explicit
08-04 02:51:21.960 15256 15272 I art     : Explicit concurrent mark sweep GC freed 1684(94KB) AllocSpace objects, 1(20KB) LOS objects, 27% free, 41MB/57MB, paused 1.263ms total 50.596ms
08-04 02:51:21.971 15256 15272 I art     : Starting a blocking GC Explicit
08-04 02:51:22.017 15256 15272 I art     : Explicit concurrent mark sweep GC freed 28(1040B) AllocSpace objects, 0(0B) LOS objects, 27% free, 41MB/57MB, paused 1.246ms total 45.654ms
08-04 02:51:22.029 15256 15272 I art     : Starting a blocking GC Explicit
08-04 02:51:22.077 15256 15272 I art     : Explicit concurrent mark sweep GC freed 3(96B) AllocSpace objects, 0(0B) LOS objects, 27% free, 41MB/57MB, paused 1.140ms total 47.788ms
08-04 02:51:22.088 15256 15272 I art     : Starting a blocking GC Explicit
08-04 02:51:22.135 15256 15272 I art     : Explicit concurrent mark sweep GC freed 1594(62KB) AllocSpace objects, 0(0B) LOS objects, 27% free, 41MB/57MB, paused 1.215ms total 47.247ms
08-04 02:51:22.147 15256 15272 I art     : Starting a blocking GC Explicit
08-04 02:51:22.195 15256 15272 I art     : Explicit concurrent mark sweep GC freed 153(5KB) AllocSpace objects, 0(0B) LOS objects, 27% free, 41MB/57MB, paused 1.154ms total 47.808ms
08-04 02:51:22.552 15256 20844 I art     : Starting a blocking GC Explicit
08-04 02:51:22.602 15256 20844 I art     : Explicit concurrent mark sweep GC freed 1452(83KB) AllocSpace objects, 1(20KB) LOS objects, 27% free, 41MB/57MB, paused 1.178ms total 49.804ms
08-04 02:51:22.614 15256 20844 I art     : Starting a blocking GC Explicit
08-04 02:51:22.661 15256 20844 I art     : Explicit concurrent mark sweep GC freed 22(784B) AllocSpace objects, 0(0B) LOS objects, 27% free, 41MB/57MB, paused 1.246ms total 46.775ms
08-04 02:51:22.672 15256 20844 I art     : Starting a blocking GC Explicit
08-04 02:51:22.720 15256 20844 I art     : Explicit concurrent mark sweep GC freed 3(96B) AllocSpace objects, 0(0B) LOS objects, 27% free, 41MB/57MB, paused 1.157ms total 47.308ms
08-04 02:51:22.731 15256 20844 I art     : Starting a blocking GC Explicit
08-04 02:51:22.779 15256 20844 I art     : Explicit concurrent mark sweep GC freed 3(96B) AllocSpace objects, 0(0B) LOS objects, 27% free, 41MB/57MB, paused 1.175ms total 47.760ms
08-04 02:51:22.791 15256 20844 I art     : Starting a blocking GC Explicit
08-04 02:51:22.840 15256 20844 I art     : Explicit concurrent mark sweep GC freed 3(96B) AllocSpace objects, 0(0B) LOS objects, 27% free, 41MB/57MB, paused 1.205ms total 48.840ms
08-04 02:51:22.840 15256 15268 I art     : WaitForGcToComplete blocked for 38.449ms for cause HeapTrim
08-04 02:51:23.200 15256 20845 I art     : Starting a blocking GC Explicit
08-04 02:51:23.250 15256 20845 I art     : Explicit concurrent mark sweep GC freed 1445(83KB) AllocSpace objects, 1(20KB) LOS objects, 27% free, 41MB/57MB, paused 1.865ms total 50.149ms
08-04 02:51:23.261 15256 20845 I art     : Starting a blocking GC Explicit
08-04 02:51:23.307 15256 20845 I art     : Explicit concurrent mark sweep GC freed 22(784B) AllocSpace objects, 0(0B) LOS objects, 27% free, 41MB/57MB, paused 1.238ms total 45.506ms
08-04 02:51:23.318 15256 20845 I art     : Starting a blocking GC Explicit
08-04 02:51:23.363 15256 20845 I art     : Explicit concurrent mark sweep GC freed 3(96B) AllocSpace objects, 0(0B) LOS objects, 27% free, 41MB/57MB, paused 1.121ms total 44.859ms
08-04 02:51:23.374 15256 20845 I art     : Starting a blocking GC Explicit
08-04 02:51:23.421 15256 20845 I art     : Explicit concurrent mark sweep GC freed 3(96B) AllocSpace objects, 0(0B) LOS objects, 27% free, 41MB/57MB, paused 1.183ms total 46.415ms
08-04 02:51:23.432 15256 20845 I art     : Starting a blocking GC Explicit
08-04 02:51:23.479 15256 20845 I art     : Explicit concurrent mark sweep GC freed 3(96B) AllocSpace objects, 0(0B) LOS objects, 27% free, 41MB/57MB, paused 1.154ms total 47.155ms
08-04 02:51:23.617 15256 21621 E baseline.com.newsblur.network.APIResponse: Error (unexpected end of stream on https://www.newsblur.com/...) calling https://www.newsblur.com/reader/mark_story_hashes_as_read/
08-04 02:51:23.617 15256 21621 E baseline.com.newsblur.network.APIResponse: java.io.IOException: unexpected end of stream on https://www.newsblur.com/...
08-04 02:51:23.617 15256 21621 E baseline.com.newsblur.network.APIResponse: 	at okhttp3.internal.http1.Http1ExchangeCodec.readResponseHeaders(Http1ExchangeCodec.java:236)
08-04 02:51:23.617 15256 21621 E baseline.com.newsblur.network.APIResponse: 	at okhttp3.internal.connection.Exchange.readResponseHeaders(Exchange.java:115)
08-04 02:51:23.617 15256 21621 E baseline.com.newsblur.network.APIResponse: 	at okhttp3.internal.http.CallServerInterceptor.intercept(CallServerInterceptor.java:94)
08-04 02:51:23.617 15256 21621 E baseline.com.newsblur.network.APIResponse: 	at okhttp3.internal.http.RealInterceptorChain.proceed(RealInterceptorChain.java:142)
08-04 02:51:23.617 15256 21621 E baseline.com.newsblur.network.APIResponse: 	at okhttp3.internal.connection.ConnectInterceptor.intercept(ConnectInterceptor.java:43)
08-04 02:51:23.617 15256 21621 E baseline.com.newsblur.network.APIResponse: 	at okhttp3.internal.http.RealInterceptorChain.proceed(RealInterceptorChain.java:142)
08-04 02:51:23.617 15256 21621 E baseline.com.newsblur.network.APIResponse: 	at okhttp3.internal.http.RealInterceptorChain.proceed(RealInterceptorChain.java:117)
08-04 02:51:23.617 15256 21621 E baseline.com.newsblur.network.APIResponse: 	at okhttp3.internal.cache.CacheInterceptor.intercept(CacheInterceptor.java:94)
08-04 02:51:23.617 15256 21621 E baseline.com.newsblur.network.APIResponse: 	at okhttp3.internal.http.RealInterceptorChain.proceed(RealInterceptorChain.java:142)
08-04 02:51:23.617 15256 21621 E baseline.com.newsblur.network.APIResponse: 	at okhttp3.internal.http.RealInterceptorChain.proceed(RealInterceptorChain.java:117)
08-04 02:51:23.617 15256 21621 E baseline.com.newsblur.network.APIResponse: 	at okhttp3.internal.http.BridgeInterceptor.intercept(BridgeInterceptor.java:93)
08-04 02:51:23.617 15256 21621 E baseline.com.newsblur.network.APIResponse: 	at okhttp3.internal.http.RealInterceptorChain.proceed(RealInterceptorChain.java:142)
08-04 02:51:23.617 15256 21621 E baseline.com.newsblur.network.APIResponse: 	at okhttp3.internal.http.RetryAndFollowUpInterceptor.intercept(RetryAndFollowUpInterceptor.java:88)
08-04 02:51:23.617 15256 21621 E baseline.com.newsblur.network.APIResponse: 	at okhttp3.internal.http.RealInterceptorChain.proceed(RealInterceptorChain.java:142)
08-04 02:51:23.617 15256 21621 E baseline.com.newsblur.network.APIResponse: 	at okhttp3.internal.http.RealInterceptorChain.proceed(RealInterceptorChain.java:117)
08-04 02:51:23.617 15256 21621 E baseline.com.newsblur.network.APIResponse: 	at okhttp3.RealCall.getResponseWithInterceptorChain(RealCall.java:229)
08-04 02:51:23.617 15256 21621 E baseline.com.newsblur.network.APIResponse: 	at okhttp3.RealCall.execute(RealCall.java:81)
08-04 02:51:23.617 15256 21621 E baseline.com.newsblur.network.APIResponse: 	at baseline.com.newsblur.network.APIResponse.<init>(APIResponse.java:57)
08-04 02:51:23.617 15256 21621 E baseline.com.newsblur.network.APIResponse: 	at baseline.com.newsblur.network.APIResponse.<init>(APIResponse.java:43)
08-04 02:51:23.617 15256 21621 E baseline.com.newsblur.network.APIResponse: 	at baseline.com.newsblur.network.APIManager.post_single(APIManager.java:702)
08-04 02:51:23.617 15256 21621 E baseline.com.newsblur.network.APIResponse: 	at baseline.com.newsblur.network.APIManager.post(APIManager.java:675)
08-04 02:51:23.617 15256 21621 E baseline.com.newsblur.network.APIResponse: 	at baseline.com.newsblur.network.APIManager.post(APIManager.java:714)
08-04 02:51:23.617 15256 21621 E baseline.com.newsblur.network.APIResponse: 	at baseline.com.newsblur.network.APIManager.markStoryAsRead(APIManager.java:205)
08-04 02:51:23.617 15256 21621 E baseline.com.newsblur.network.APIResponse: 	at baseline.com.newsblur.util.ReadingAction.doRemote(ReadingAction.java:281)
08-04 02:51:23.617 15256 21621 E baseline.com.newsblur.network.APIResponse: 	at baseline.com.newsblur.service.NBSyncService.syncActions(NBSyncService.java:400)
08-04 02:51:23.617 15256 21621 E baseline.com.newsblur.network.APIResponse: 	at baseline.com.newsblur.service.NBSyncService.doSync(NBSyncService.java:298)
08-04 02:51:23.617 15256 21621 E baseline.com.newsblur.network.APIResponse: 	at baseline.com.newsblur.service.NBSyncService.access$100(NBSyncService.java:67)
08-04 02:51:23.617 15256 21621 E baseline.com.newsblur.network.APIResponse: 	at baseline.com.newsblur.service.NBSyncService$1.run(NBSyncService.java:188)
08-04 02:51:23.617 15256 21621 E baseline.com.newsblur.network.APIResponse: 	at java.util.concurrent.ThreadPoolExecutor.runWorker(ThreadPoolExecutor.java:1113)
08-04 02:51:23.617 15256 21621 E baseline.com.newsblur.network.APIResponse: 	at java.util.concurrent.ThreadPoolExecutor$Worker.run(ThreadPoolExecutor.java:588)
08-04 02:51:23.617 15256 21621 E baseline.com.newsblur.network.APIResponse: 	at java.lang.Thread.run(Thread.java:818)
08-04 02:51:23.617 15256 21621 E baseline.com.newsblur.network.APIResponse: Caused by: java.io.EOFException: \n not found: limit=0 content=
08-04 02:51:23.617 15256 21621 E baseline.com.newsblur.network.APIResponse: 	at okio.RealBufferedSource.readUtf8LineStrict(RealBufferedSource.java:240)
08-04 02:51:23.617 15256 21621 E baseline.com.newsblur.network.APIResponse: 	at okhttp3.internal.http1.Http1ExchangeCodec.readHeaderLine(Http1ExchangeCodec.java:242)
08-04 02:51:23.617 15256 21621 E baseline.com.newsblur.network.APIResponse: 	at okhttp3.internal.http1.Http1ExchangeCodec.readResponseHeaders(Http1ExchangeCodec.java:213)
08-04 02:51:23.617 15256 21621 E baseline.com.newsblur.network.APIResponse: 	... 30 more
08-04 02:51:23.619 15256 21621 I baseline.com.newsblur.service.NBSyncService: Holding reading action with server-side or network error.
08-04 02:51:23.635 15256 21621 W baseline.com.newsblur.service.NBSyncService: hard API failure
08-04 02:51:23.823 15256 15272 I art     : Starting a blocking GC Explicit
08-04 02:51:23.871 15256 15272 I art     : Explicit concurrent mark sweep GC freed 3259(507KB) AllocSpace objects, 17(340KB) LOS objects, 27% free, 41MB/57MB, paused 1.060ms total 48.104ms
08-04 02:51:23.882 15256 15272 I art     : Starting a blocking GC Explicit
08-04 02:51:23.928 15256 15272 I art     : Explicit concurrent mark sweep GC freed 704(26KB) AllocSpace objects, 0(0B) LOS objects, 27% free, 41MB/57MB, paused 1.133ms total 45.509ms
08-04 02:51:23.939 15256 15272 I art     : Starting a blocking GC Explicit
08-04 02:51:23.986 15256 15272 I art     : Explicit concurrent mark sweep GC freed 3(96B) AllocSpace objects, 0(0B) LOS objects, 27% free, 41MB/57MB, paused 1.070ms total 46.857ms
08-04 02:51:23.997 15256 15272 I art     : Starting a blocking GC Explicit
08-04 02:51:24.043 15256 15272 I art     : Explicit concurrent mark sweep GC freed 3(96B) AllocSpace objects, 0(0B) LOS objects, 27% free, 41MB/57MB, paused 1.081ms total 45.562ms
08-04 02:51:24.054 15256 15272 I art     : Starting a blocking GC Explicit
08-04 02:51:24.102 15256 15272 I art     : Explicit concurrent mark sweep GC freed 3(96B) AllocSpace objects, 0(0B) LOS objects, 27% free, 41MB/57MB, paused 1.081ms total 47.063ms
08-04 02:51:24.440 15256 20844 I art     : Starting a blocking GC Explicit
08-04 02:51:24.489 15256 20844 I art     : Explicit concurrent mark sweep GC freed 1409(81KB) AllocSpace objects, 1(20KB) LOS objects, 27% free, 41MB/57MB, paused 1.135ms total 48.572ms
08-04 02:51:24.501 15256 20844 I art     : Starting a blocking GC Explicit
08-04 02:51:24.546 15256 20844 I art     : Explicit concurrent mark sweep GC freed 20(704B) AllocSpace objects, 0(0B) LOS objects, 27% free, 41MB/57MB, paused 1.093ms total 44.962ms
08-04 02:51:24.558 15256 20844 I art     : Starting a blocking GC Explicit
08-04 02:51:24.604 15256 20844 I art     : Explicit concurrent mark sweep GC freed 3(96B) AllocSpace objects, 0(0B) LOS objects, 27% free, 41MB/57MB, paused 1.098ms total 46.316ms
08-04 02:51:24.615 15256 20844 I art     : Starting a blocking GC Explicit
08-04 02:51:24.661 15256 20844 I art     : Explicit concurrent mark sweep GC freed 3(96B) AllocSpace objects, 0(0B) LOS objects, 27% free, 41MB/57MB, paused 1.076ms total 45.421ms
08-04 02:51:24.672 15256 20844 I art     : Starting a blocking GC Explicit
08-04 02:51:24.696 22747 22747 D AndroidRuntime: >>>>>> START com.android.internal.os.RuntimeInit uid 2000 <<<<<<
08-04 02:51:24.701 22747 22747 D AndroidRuntime: CheckJNI is OFF
08-04 02:51:24.717 15256 20844 I art     : Explicit concurrent mark sweep GC freed 3(96B) AllocSpace objects, 0(0B) LOS objects, 27% free, 41MB/57MB, paused 1.169ms total 45.187ms
08-04 02:51:24.739 22747 22747 D ICU     : No timezone override file found: /data/misc/zoneinfo/current/icu/icu_tzdata.dat
08-04 02:51:24.770 22747 22747 I Radio-JNI: register_android_hardware_Radio DONE
08-04 02:51:24.791 22747 22747 D AndroidRuntime: Calling main entry com.android.commands.input.Input
08-04 02:51:24.793 22747 22747 I Input   : injectKeyEvent: KeyEvent { action=ACTION_DOWN, keyCode=KEYCODE_BACK, scanCode=0, metaState=0, flags=0x0, repeatCount=0, eventTime=672701206, downTime=672701206, deviceId=-1, source=0x101 }
08-04 02:51:24.800 22747 22747 I Input   : injectKeyEvent: KeyEvent { action=ACTION_UP, keyCode=KEYCODE_BACK, scanCode=0, metaState=0, flags=0x0, repeatCount=0, eventTime=672701206, downTime=672701206, deviceId=-1, source=0x101 }
08-04 02:51:24.806 22747 22747 D AndroidRuntime: Shutting down VM
08-04 02:51:24.818 15256 15256 D baseline.com.newsblur.service.NBSyncService: rejecting request for feedset that is exhaused
08-04 02:51:24.953 15256 15256 D baseline.com.newsblur.service.NBSyncService: rejecting request for feedset that is exhaused
08-04 02:51:25.004 13866 13866 I GoogleInputMethodServic: GoogleInputMethodService.onFinishInput():3138 
08-04 02:51:25.005 13866 13866 I GoogleInputMethodServic: GoogleInputMethodService.onStartInput():1808 
08-04 02:51:25.027 15256 15269 I art     : Starting a blocking GC Explicit
08-04 02:51:25.070 15256 15269 I art     : Explicit concurrent mark sweep GC freed 3189(257KB) AllocSpace objects, 6(128KB) LOS objects, 27% free, 41MB/57MB, paused 946us total 42.920ms
08-04 02:51:25.081 15256 15269 I art     : Starting a blocking GC Explicit
08-04 02:51:25.124 15256 15269 I art     : Explicit concurrent mark sweep GC freed 171(8KB) AllocSpace objects, 0(0B) LOS objects, 27% free, 41MB/57MB, paused 929us total 43.585ms
08-04 02:51:25.135 15256 15269 I art     : Starting a blocking GC Explicit
08-04 02:51:25.191 15256 15269 I art     : Explicit concurrent mark sweep GC freed 3(96B) AllocSpace objects, 0(0B) LOS objects, 27% free, 41MB/57MB, paused 1.353ms total 55.640ms
08-04 02:51:25.204 15256 15269 I art     : Starting a blocking GC Explicit
08-04 02:51:25.258 15256 15269 I art     : Explicit concurrent mark sweep GC freed 3(96B) AllocSpace objects, 0(0B) LOS objects, 27% free, 41MB/57MB, paused 1.286ms total 53.717ms
08-04 02:51:25.270 15256 15269 I art     : Starting a blocking GC Explicit
08-04 02:51:25.318 15256 15269 I art     : Explicit concurrent mark sweep GC freed 1536(69KB) AllocSpace objects, 0(0B) LOS objects, 27% free, 41MB/57MB, paused 1.097ms total 48.333ms
08-04 02:51:25.692 15256 15269 I art     : Starting a blocking GC Explicit
08-04 02:51:25.749 15256 15269 I art     : Explicit concurrent mark sweep GC freed 1547(91KB) AllocSpace objects, 1(20KB) LOS objects, 27% free, 41MB/57MB, paused 1.113ms total 56.348ms
08-04 02:51:25.764 15256 15269 I art     : Starting a blocking GC Explicit
08-04 02:51:25.814 15256 15269 I art     : Explicit concurrent mark sweep GC freed 155(7KB) AllocSpace objects, 0(0B) LOS objects, 27% free, 41MB/57MB, paused 1.118ms total 50.635ms
08-04 02:51:25.828 15256 15269 I art     : Starting a blocking GC Explicit
08-04 02:51:25.879 15256 15269 I art     : Explicit concurrent mark sweep GC freed 11(352B) AllocSpace objects, 0(0B) LOS objects, 27% free, 41MB/57MB, paused 1.141ms total 50.605ms
08-04 02:51:25.891 15256 15269 I art     : Starting a blocking GC Explicit
08-04 02:51:25.941 15256 15269 I art     : Explicit concurrent mark sweep GC freed 11(352B) AllocSpace objects, 0(0B) LOS objects, 27% free, 41MB/57MB, paused 1.300ms total 49.044ms
08-04 02:51:25.952 15256 15269 I art     : Starting a blocking GC Explicit
08-04 02:51:26.002 15256 15269 I art     : Explicit concurrent mark sweep GC freed 10(320B) AllocSpace objects, 0(0B) LOS objects, 27% free, 41MB/57MB, paused 1.173ms total 49.487ms
08-04 02:51:26.333 15256 20845 I art     : Starting a blocking GC Explicit
08-04 02:51:26.386 15256 20845 I art     : Explicit concurrent mark sweep GC freed 1453(82KB) AllocSpace objects, 1(20KB) LOS objects, 27% free, 41MB/57MB, paused 1.150ms total 52.424ms
08-04 02:51:26.400 15256 20845 I art     : Starting a blocking GC Explicit
08-04 02:51:26.446 15256 20845 I art     : Explicit concurrent mark sweep GC freed 21(736B) AllocSpace objects, 0(0B) LOS objects, 27% free, 41MB/57MB, paused 1.104ms total 46.589ms
08-04 02:51:26.459 15256 20845 I art     : Starting a blocking GC Explicit
08-04 02:51:26.459 22793 22793 D AndroidRuntime: >>>>>> START com.android.internal.os.RuntimeInit uid 2000 <<<<<<
08-04 02:51:26.463 22793 22793 D AndroidRuntime: CheckJNI is OFF
08-04 02:51:26.496 22793 22793 D ICU     : No timezone override file found: /data/misc/zoneinfo/current/icu/icu_tzdata.dat
08-04 02:51:26.502 15256 20845 I art     : Explicit concurrent mark sweep GC freed 3(96B) AllocSpace objects, 0(0B) LOS objects, 27% free, 41MB/57MB, paused 1.084ms total 43.453ms
08-04 02:51:26.513 15256 20845 I art     : Starting a blocking GC Explicit
08-04 02:51:26.528 22793 22793 I Radio-JNI: register_android_hardware_Radio DONE
08-04 02:51:26.550 22793 22793 D AndroidRuntime: Calling main entry com.android.commands.input.Input
08-04 02:51:26.551 22793 22793 I Input   : injectKeyEvent: KeyEvent { action=ACTION_DOWN, keyCode=KEYCODE_BACK, scanCode=0, metaState=0, flags=0x0, repeatCount=0, eventTime=672702964, downTime=672702964, deviceId=-1, source=0x101 }
08-04 02:51:26.555 15256 20845 I art     : Explicit concurrent mark sweep GC freed 3(96B) AllocSpace objects, 0(0B) LOS objects, 27% free, 41MB/57MB, paused 1.072ms total 42.119ms
08-04 02:51:26.556 22793 22793 I Input   : injectKeyEvent: KeyEvent { action=ACTION_UP, keyCode=KEYCODE_BACK, scanCode=0, metaState=0, flags=0x0, repeatCount=0, eventTime=672702964, downTime=672702964, deviceId=-1, source=0x101 }
08-04 02:51:26.562 22793 22793 D AndroidRuntime: Shutting down VM
08-04 02:51:26.565 15256 20845 I art     : Starting a blocking GC Explicit
08-04 02:51:26.608 15256 20845 I art     : Explicit concurrent mark sweep GC freed 346(66KB) AllocSpace objects, 4(80KB) LOS objects, 27% free, 41MB/57MB, paused 1.149ms total 42ms
08-04 02:51:26.730 13866 13866 I GoogleInputMethodServic: GoogleInputMethodService.onFinishInput():3138 
08-04 02:51:26.731 13866 13866 I GoogleInputMethodServic: GoogleInputMethodService.onStartInput():1808 
08-04 02:51:26.860 13589 13589 I ServiceManager: Waiting for service AtCmdFwd...
08-04 02:51:26.915 15256 15272 I art     : Starting a blocking GC Explicit
08-04 02:51:26.965 15256 15272 I art     : Explicit concurrent mark sweep GC freed 11735(755KB) AllocSpace objects, 13(260KB) LOS objects, 27% free, 41MB/57MB, paused 1.204ms total 49.435ms
08-04 02:51:26.978 15256 15272 I art     : Starting a blocking GC Explicit
08-04 02:51:27.031 15256 15272 I art     : Explicit concurrent mark sweep GC freed 240(9KB) AllocSpace objects, 0(0B) LOS objects, 27% free, 41MB/57MB, paused 1.091ms total 53.023ms
08-04 02:51:27.046 15256 15272 I art     : Starting a blocking GC Explicit
08-04 02:51:27.096 15256 15272 I art     : Explicit concurrent mark sweep GC freed 396(17KB) AllocSpace objects, 0(0B) LOS objects, 27% free, 41MB/57MB, paused 1.203ms total 49.555ms
08-04 02:51:27.108 15256 15272 I art     : Starting a blocking GC Explicit
08-04 02:51:27.153 15256 15272 I art     : Explicit concurrent mark sweep GC freed 63(2688B) AllocSpace objects, 0(0B) LOS objects, 27% free, 41MB/57MB, paused 1.574ms total 44.469ms
08-04 02:51:27.163 15256 15272 I art     : Starting a blocking GC Explicit
08-04 02:51:27.207 15256 15272 I art     : Explicit concurrent mark sweep GC freed 1509(91KB) AllocSpace objects, 2(120KB) LOS objects, 27% free, 41MB/57MB, paused 1.280ms total 43.832ms
08-04 02:51:27.274 15256 22817 E baseline.com.newsblur.network.APIResponse: Error (unexpected end of stream on https://www.newsblur.com/...) calling https://www.newsblur.com/reader/mark_story_hashes_as_read/
08-04 02:51:27.274 15256 22817 E baseline.com.newsblur.network.APIResponse: java.io.IOException: unexpected end of stream on https://www.newsblur.com/...
08-04 02:51:27.274 15256 22817 E baseline.com.newsblur.network.APIResponse: 	at okhttp3.internal.http1.Http1ExchangeCodec.readResponseHeaders(Http1ExchangeCodec.java:236)
08-04 02:51:27.274 15256 22817 E baseline.com.newsblur.network.APIResponse: 	at okhttp3.internal.connection.Exchange.readResponseHeaders(Exchange.java:115)
08-04 02:51:27.274 15256 22817 E baseline.com.newsblur.network.APIResponse: 	at okhttp3.internal.http.CallServerInterceptor.intercept(CallServerInterceptor.java:94)
08-04 02:51:27.274 15256 22817 E baseline.com.newsblur.network.APIResponse: 	at okhttp3.internal.http.RealInterceptorChain.proceed(RealInterceptorChain.java:142)
08-04 02:51:27.274 15256 22817 E baseline.com.newsblur.network.APIResponse: 	at okhttp3.internal.connection.ConnectInterceptor.intercept(ConnectInterceptor.java:43)
08-04 02:51:27.274 15256 22817 E baseline.com.newsblur.network.APIResponse: 	at okhttp3.internal.http.RealInterceptorChain.proceed(RealInterceptorChain.java:142)
08-04 02:51:27.274 15256 22817 E baseline.com.newsblur.network.APIResponse: 	at okhttp3.internal.http.RealInterceptorChain.proceed(RealInterceptorChain.java:117)
08-04 02:51:27.274 15256 22817 E baseline.com.newsblur.network.APIResponse: 	at okhttp3.internal.cache.CacheInterceptor.intercept(CacheInterceptor.java:94)
08-04 02:51:27.274 15256 22817 E baseline.com.newsblur.network.APIResponse: 	at okhttp3.internal.http.RealInterceptorChain.proceed(RealInterceptorChain.java:142)
08-04 02:51:27.274 15256 22817 E baseline.com.newsblur.network.APIResponse: 	at okhttp3.internal.http.RealInterceptorChain.proceed(RealInterceptorChain.java:117)
08-04 02:51:27.274 15256 22817 E baseline.com.newsblur.network.APIResponse: 	at okhttp3.internal.http.BridgeInterceptor.intercept(BridgeInterceptor.java:93)
08-04 02:51:27.274 15256 22817 E baseline.com.newsblur.network.APIResponse: 	at okhttp3.internal.http.RealInterceptorChain.proceed(RealInterceptorChain.java:142)
08-04 02:51:27.274 15256 22817 E baseline.com.newsblur.network.APIResponse: 	at okhttp3.internal.http.RetryAndFollowUpInterceptor.intercept(RetryAndFollowUpInterceptor.java:88)
08-04 02:51:27.274 15256 22817 E baseline.com.newsblur.network.APIResponse: 	at okhttp3.internal.http.RealInterceptorChain.proceed(RealInterceptorChain.java:142)
08-04 02:51:27.274 15256 22817 E baseline.com.newsblur.network.APIResponse: 	at okhttp3.internal.http.RealInterceptorChain.proceed(RealInterceptorChain.java:117)
08-04 02:51:27.274 15256 22817 E baseline.com.newsblur.network.APIResponse: 	at okhttp3.RealCall.getResponseWithInterceptorChain(RealCall.java:229)
08-04 02:51:27.274 15256 22817 E baseline.com.newsblur.network.APIResponse: 	at okhttp3.RealCall.execute(RealCall.java:81)
08-04 02:51:27.274 15256 22817 E baseline.com.newsblur.network.APIResponse: 	at baseline.com.newsblur.network.APIResponse.<init>(APIResponse.java:57)
08-04 02:51:27.274 15256 22817 E baseline.com.newsblur.network.APIResponse: 	at baseline.com.newsblur.network.APIResponse.<init>(APIResponse.java:43)
08-04 02:51:27.274 15256 22817 E baseline.com.newsblur.network.APIResponse: 	at baseline.com.newsblur.network.APIManager.post_single(APIManager.java:702)
08-04 02:51:27.274 15256 22817 E baseline.com.newsblur.network.APIResponse: 	at baseline.com.newsblur.network.APIManager.post(APIManager.java:675)
08-04 02:51:27.274 15256 22817 E baseline.com.newsblur.network.APIResponse: 	at baseline.com.newsblur.network.APIManager.post(APIManager.java:714)
08-04 02:51:27.274 15256 22817 E baseline.com.newsblur.network.APIResponse: 	at baseline.com.newsblur.network.APIManager.markStoryAsRead(APIManager.java:205)
08-04 02:51:27.274 15256 22817 E baseline.com.newsblur.network.APIResponse: 	at baseline.com.newsblur.util.ReadingAction.doRemote(ReadingAction.java:281)
08-04 02:51:27.274 15256 22817 E baseline.com.newsblur.network.APIResponse: 	at baseline.com.newsblur.service.NBSyncService.syncActions(NBSyncService.java:400)
08-04 02:51:27.274 15256 22817 E baseline.com.newsblur.network.APIResponse: 	at baseline.com.newsblur.service.NBSyncService.doSync(NBSyncService.java:298)
08-04 02:51:27.274 15256 22817 E baseline.com.newsblur.network.APIResponse: 	at baseline.com.newsblur.service.NBSyncService.access$100(NBSyncService.java:67)
08-04 02:51:27.274 15256 22817 E baseline.com.newsblur.network.APIResponse: 	at baseline.com.newsblur.service.NBSyncService$1.run(NBSyncService.java:188)
08-04 02:51:27.274 15256 22817 E baseline.com.newsblur.network.APIResponse: 	at java.util.concurrent.ThreadPoolExecutor.runWorker(ThreadPoolExecutor.java:1113)
08-04 02:51:27.274 15256 22817 E baseline.com.newsblur.network.APIResponse: 	at java.util.concurrent.ThreadPoolExecutor$Worker.run(ThreadPoolExecutor.java:588)
08-04 02:51:27.274 15256 22817 E baseline.com.newsblur.network.APIResponse: 	at java.lang.Thread.run(Thread.java:818)
08-04 02:51:27.274 15256 22817 E baseline.com.newsblur.network.APIResponse: Caused by: java.io.EOFException: \n not found: limit=0 content=
08-04 02:51:27.274 15256 22817 E baseline.com.newsblur.network.APIResponse: 	at okio.RealBufferedSource.readUtf8LineStrict(RealBufferedSource.java:240)
08-04 02:51:27.274 15256 22817 E baseline.com.newsblur.network.APIResponse: 	at okhttp3.internal.http1.Http1ExchangeCodec.readHeaderLine(Http1ExchangeCodec.java:242)
08-04 02:51:27.274 15256 22817 E baseline.com.newsblur.network.APIResponse: 	at okhttp3.internal.http1.Http1ExchangeCodec.readResponseHeaders(Http1ExchangeCodec.java:213)
08-04 02:51:27.274 15256 22817 E baseline.com.newsblur.network.APIResponse: 	... 30 more
08-04 02:51:27.276 15256 22817 I baseline.com.newsblur.network.APIManager: API call failed, pausing before retry number 1
08-04 02:51:27.551 15256 20844 I art     : Starting a blocking GC Explicit
08-04 02:51:27.605 15256 20844 I art     : Explicit concurrent mark sweep GC freed 4294(384KB) AllocSpace objects, 4(140KB) LOS objects, 27% free, 41MB/57MB, paused 1.425ms total 53.814ms
08-04 02:51:27.619 15256 20844 I art     : Starting a blocking GC Explicit
08-04 02:51:27.666 15256 20844 I art     : Explicit concurrent mark sweep GC freed 824(98KB) AllocSpace objects, 0(0B) LOS objects, 27% free, 41MB/57MB, paused 1.180ms total 47.736ms
08-04 02:51:27.679 15256 20844 I art     : Starting a blocking GC Explicit
08-04 02:51:27.716   518   646 I ThermalEngine: ACTION: GPU - Setting GPU[0] to 450000000
08-04 02:51:27.732 15256 20844 I art     : Explicit concurrent mark sweep GC freed 10(320B) AllocSpace objects, 0(0B) LOS objects, 27% free, 41MB/57MB, paused 1.412ms total 52.974ms
08-04 02:51:27.748 15256 20844 I art     : Starting a blocking GC Explicit
08-04 02:51:27.805 15256 20844 I art     : Explicit concurrent mark sweep GC freed 12(384B) AllocSpace objects, 0(0B) LOS objects, 27% free, 41MB/57MB, paused 1.417ms total 57.122ms
08-04 02:51:27.821 15256 20844 I art     : Starting a blocking GC Explicit
08-04 02:51:27.861 13589 13589 I ServiceManager: Waiting for service AtCmdFwd...
08-04 02:51:27.875 15256 20844 I art     : Explicit concurrent mark sweep GC freed 12(384B) AllocSpace objects, 0(0B) LOS objects, 27% free, 41MB/57MB, paused 1.486ms total 54.218ms
08-04 02:51:28.246 15256 15272 I art     : Starting a blocking GC Explicit
08-04 02:51:28.308 15256 15272 I art     : Explicit concurrent mark sweep GC freed 1517(85KB) AllocSpace objects, 1(20KB) LOS objects, 27% free, 41MB/57MB, paused 1.559ms total 61.411ms
08-04 02:51:28.308 15256 15268 I art     : WaitForGcToComplete blocked for 57.320ms for cause HeapTrim
08-04 02:51:28.323 15256 15272 I art     : Starting a blocking GC Explicit
08-04 02:51:28.323 22841 22841 D AndroidRuntime: >>>>>> START com.android.internal.os.RuntimeInit uid 2000 <<<<<<
08-04 02:51:28.330 22841 22841 D AndroidRuntime: CheckJNI is OFF
08-04 02:51:28.374 22841 22841 D ICU     : No timezone override file found: /data/misc/zoneinfo/current/icu/icu_tzdata.dat
08-04 02:51:28.384 15256 15272 I art     : Explicit concurrent mark sweep GC freed 22(784B) AllocSpace objects, 0(0B) LOS objects, 27% free, 41MB/57MB, paused 1.604ms total 60.749ms
08-04 02:51:28.399 15256 15272 I art     : Starting a blocking GC Explicit
08-04 02:51:28.420 22841 22841 I Radio-JNI: register_android_hardware_Radio DONE
08-04 02:51:28.450 22841 22841 D AndroidRuntime: Calling main entry com.android.commands.input.Input
08-04 02:51:28.452 22841 22841 I Input   : injectMotionEvent: MotionEvent { action=ACTION_DOWN, actionButton=0, id[0]=0, x[0]=553.0, y[0]=442.0, toolType[0]=TOOL_TYPE_UNKNOWN, buttonState=0, metaState=0, flags=0x0, edgeFlags=0x0, pointerCount=1, historySize=0, eventTime=672704864, downTime=672704864, deviceId=0, source=0x1002 }
08-04 02:51:28.458 22841 22841 I Input   : injectMotionEvent: MotionEvent { action=ACTION_UP, actionButton=0, id[0]=0, x[0]=553.0, y[0]=442.0, toolType[0]=TOOL_TYPE_UNKNOWN, buttonState=0, metaState=0, flags=0x0, edgeFlags=0x0, pointerCount=1, historySize=0, eventTime=672704864, downTime=672704864, deviceId=0, source=0x1002 }
08-04 02:51:28.459 15256 15272 I art     : Explicit concurrent mark sweep GC freed 3(96B) AllocSpace objects, 0(0B) LOS objects, 27% free, 41MB/57MB, paused 1.537ms total 59.865ms
08-04 02:51:28.460 22841 22841 D AndroidRuntime: Shutting down VM
08-04 02:51:28.474 15256 15272 I art     : Starting a blocking GC Explicit
08-04 02:51:28.530   918  4413 I ActivityManager: START u0 {cmp=baseline.com.newsblur/.activity.AllSharedStoriesItemsList (has extras)} from uid 10652 on display 0
08-04 02:51:28.531 15256 15272 I art     : Explicit concurrent mark sweep GC freed 451(61KB) AllocSpace objects, 0(0B) LOS objects, 27% free, 41MB/57MB, paused 2.111ms total 56.811ms
08-04 02:51:28.545 15256 15272 I art     : Starting a blocking GC Explicit
08-04 02:51:28.556 15256 21265 I baseline.com.newsblur.database.BlurDatabaseHelper: reading session reset
08-04 02:51:28.602 15256 15272 I art     : Explicit concurrent mark sweep GC freed 1720(168KB) AllocSpace objects, 5(192KB) LOS objects, 27% free, 41MB/57MB, paused 1.583ms total 56.264ms
08-04 02:51:28.767 15256 15256 D baseline.com.newsblur.service.NBSyncService: rejecting request for feedset that is exhaused
08-04 02:51:28.774 15256 15256 W View    : requestLayout() improperly called by android.widget.FrameLayout{1e0184e V.E...... ......ID 0,0-1440,18 #7f07003f app:id/footer_view_inner} during layout: running second layout pass
08-04 02:51:28.775 15256 15256 W View    : requestLayout() improperly called by android.widget.FrameLayout{e264d6f V.E...... ......ID 0,0-1440,2091 #7f07003f app:id/footer_view_inner} during layout: running second layout pass
08-04 02:51:28.797   918   936 I ActivityManager: Displayed baseline.com.newsblur/.activity.AllSharedStoriesItemsList: +255ms
08-04 02:51:28.797 13866 13866 I GoogleInputMethodServic: GoogleInputMethodService.onFinishInput():3138 
08-04 02:51:28.798 13866 13866 I GoogleInputMethodServic: GoogleInputMethodService.onStartInput():1808 
08-04 02:51:28.861 13589 13589 I ServiceManager: Waiting for service AtCmdFwd...
08-04 02:51:28.866 15256 20965 I NAPPA_EXPERIMENTATION: MetricNetworkRequestExecutionTime: REQUEST_DURATION_SYSTEM='21',REQUEST_DURATION_OKHTTP='20',REQUEST_SYNCHRONOUS='TRUE',RESPONSE_CODE='200',RESPONSE_METHOD='GET',RESPONSE_LENGTH_OKHTTP='43',RESPONSE_LENGTH_HEADER='43',REQUEST_PROTOCOL='http/1.1',REQUEST_URL='http://feeds.feedburner.com/~r/retort/~4/UffaFMiJbNs',
08-04 02:51:28.960 15256 15272 I art     : Starting a blocking GC Explicit
08-04 02:51:29.035 15256 15272 I art     : Explicit concurrent mark sweep GC freed 4509(304KB) AllocSpace objects, 10(200KB) LOS objects, 27% free, 41MB/57MB, paused 1.632ms total 74.128ms
08-04 02:51:29.052 15256 15272 I art     : Starting a blocking GC Explicit
08-04 02:51:29.109 15256 15272 I art     : Explicit concurrent mark sweep GC freed 418(29KB) AllocSpace objects, 1(20KB) LOS objects, 27% free, 41MB/57MB, paused 1.479ms total 56.853ms
08-04 02:51:29.123 15256 15272 I art     : Starting a blocking GC Explicit
08-04 02:51:29.181 15256 15272 I art     : Explicit concurrent mark sweep GC freed 64(2624B) AllocSpace objects, 0(0B) LOS objects, 27% free, 41MB/57MB, paused 1.697ms total 57.921ms
08-04 02:51:29.196 15256 15272 I art     : Starting a blocking GC Explicit
08-04 02:51:29.257 15256 15272 I art     : Explicit concurrent mark sweep GC freed 1607(64KB) AllocSpace objects, 0(0B) LOS objects, 27% free, 41MB/57MB, paused 1.665ms total 60.471ms
08-04 02:51:29.272 15256 15272 I art     : Starting a blocking GC Explicit
08-04 02:51:29.289 15256 22817 E baseline.com.newsblur.network.APIResponse: Error (unexpected end of stream on https://www.newsblur.com/...) calling https://www.newsblur.com/reader/mark_story_hashes_as_read/
08-04 02:51:29.289 15256 22817 E baseline.com.newsblur.network.APIResponse: java.io.IOException: unexpected end of stream on https://www.newsblur.com/...
08-04 02:51:29.289 15256 22817 E baseline.com.newsblur.network.APIResponse: 	at okhttp3.internal.http1.Http1ExchangeCodec.readResponseHeaders(Http1ExchangeCodec.java:236)
08-04 02:51:29.289 15256 22817 E baseline.com.newsblur.network.APIResponse: 	at okhttp3.internal.connection.Exchange.readResponseHeaders(Exchange.java:115)
08-04 02:51:29.289 15256 22817 E baseline.com.newsblur.network.APIResponse: 	at okhttp3.internal.http.CallServerInterceptor.intercept(CallServerInterceptor.java:94)
08-04 02:51:29.289 15256 22817 E baseline.com.newsblur.network.APIResponse: 	at okhttp3.internal.http.RealInterceptorChain.proceed(RealInterceptorChain.java:142)
08-04 02:51:29.289 15256 22817 E baseline.com.newsblur.network.APIResponse: 	at okhttp3.internal.connection.ConnectInterceptor.intercept(ConnectInterceptor.java:43)
08-04 02:51:29.289 15256 22817 E baseline.com.newsblur.network.APIResponse: 	at okhttp3.internal.http.RealInterceptorChain.proceed(RealInterceptorChain.java:142)
08-04 02:51:29.289 15256 22817 E baseline.com.newsblur.network.APIResponse: 	at okhttp3.internal.http.RealInterceptorChain.proceed(RealInterceptorChain.java:117)
08-04 02:51:29.289 15256 22817 E baseline.com.newsblur.network.APIResponse: 	at okhttp3.internal.cache.CacheInterceptor.intercept(CacheInterceptor.java:94)
08-04 02:51:29.289 15256 22817 E baseline.com.newsblur.network.APIResponse: 	at okhttp3.internal.http.RealInterceptorChain.proceed(RealInterceptorChain.java:142)
08-04 02:51:29.289 15256 22817 E baseline.com.newsblur.network.APIResponse: 	at okhttp3.internal.http.RealInterceptorChain.proceed(RealInterceptorChain.java:117)
08-04 02:51:29.289 15256 22817 E baseline.com.newsblur.network.APIResponse: 	at okhttp3.internal.http.BridgeInterceptor.intercept(BridgeInterceptor.java:93)
08-04 02:51:29.289 15256 22817 E baseline.com.newsblur.network.APIResponse: 	at okhttp3.internal.http.RealInterceptorChain.proceed(RealInterceptorChain.java:142)
08-04 02:51:29.289 15256 22817 E baseline.com.newsblur.network.APIResponse: 	at okhttp3.internal.http.RetryAndFollowUpInterceptor.intercept(RetryAndFollowUpInterceptor.java:88)
08-04 02:51:29.289 15256 22817 E baseline.com.newsblur.network.APIResponse: 	at okhttp3.internal.http.RealInterceptorChain.proceed(RealInterceptorChain.java:142)
08-04 02:51:29.289 15256 22817 E baseline.com.newsblur.network.APIResponse: 	at okhttp3.internal.http.RealInterceptorChain.proceed(RealInterceptorChain.java:117)
08-04 02:51:29.289 15256 22817 E baseline.com.newsblur.network.APIResponse: 	at okhttp3.RealCall.getResponseWithInterceptorChain(RealCall.java:229)
08-04 02:51:29.289 15256 22817 E baseline.com.newsblur.network.APIResponse: 	at okhttp3.RealCall.execute(RealCall.java:81)
08-04 02:51:29.289 15256 22817 E baseline.com.newsblur.network.APIResponse: 	at baseline.com.newsblur.network.APIResponse.<init>(APIResponse.java:57)
08-04 02:51:29.289 15256 22817 E baseline.com.newsblur.network.APIResponse: 	at baseline.com.newsblur.network.APIResponse.<init>(APIResponse.java:43)
08-04 02:51:29.289 15256 22817 E baseline.com.newsblur.network.APIResponse: 	at baseline.com.newsblur.network.APIManager.post_single(APIManager.java:702)
08-04 02:51:29.289 15256 22817 E baseline.com.newsblur.network.APIResponse: 	at baseline.com.newsblur.network.APIManager.post(APIManager.java:675)
08-04 02:51:29.289 15256 22817 E baseline.com.newsblur.network.APIResponse: 	at baseline.com.newsblur.network.APIManager.post(APIManager.java:714)
08-04 02:51:29.289 15256 22817 E baseline.com.newsblur.network.APIResponse: 	at baseline.com.newsblur.network.APIManager.markStoryAsRead(APIManager.java:205)
08-04 02:51:29.289 15256 22817 E baseline.com.newsblur.network.APIResponse: 	at baseline.com.newsblur.util.ReadingAction.doRemote(ReadingAction.java:281)
08-04 02:51:29.289 15256 22817 E baseline.com.newsblur.network.APIResponse: 	at baseline.com.newsblur.service.NBSyncService.syncActions(NBSyncService.java:400)
08-04 02:51:29.289 15256 22817 E baseline.com.newsblur.network.APIResponse: 	at baseline.com.newsblur.service.NBSyncService.doSync(NBSyncService.java:298)
08-04 02:51:29.289 15256 22817 E baseline.com.newsblur.network.APIResponse: 	at baseline.com.newsblur.service.NBSyncService.access$100(NBSyncService.java:67)
08-04 02:51:29.289 15256 22817 E baseline.com.newsblur.network.APIResponse: 	at baseline.com.newsblur.service.NBSyncService$1.run(NBSyncService.java:188)
08-04 02:51:29.289 15256 22817 E baseline.com.newsblur.network.APIResponse: 	at java.util.concurrent.ThreadPoolExecutor.runWorker(ThreadPoolExecutor.java:1113)
08-04 02:51:29.289 15256 22817 E baseline.com.newsblur.network.APIResponse: 	at java.util.concurrent.ThreadPoolExecutor$Worker.run(ThreadPoolExecutor.java:588)
08-04 02:51:29.289 15256 22817 E baseline.com.newsblur.network.APIResponse: 	at java.lang.Thread.run(Thread.java:818)
08-04 02:51:29.289 15256 22817 E baseline.com.newsblur.network.APIResponse: Caused by: java.io.EOFException: \n not found: limit=0 content=
08-04 02:51:29.289 15256 22817 E baseline.com.newsblur.network.APIResponse: 	at okio.RealBufferedSource.readUtf8LineStrict(RealBufferedSource.java:240)
08-04 02:51:29.289 15256 22817 E baseline.com.newsblur.network.APIResponse: 	at okhttp3.internal.http1.Http1ExchangeCodec.readHeaderLine(Http1ExchangeCodec.java:242)
08-04 02:51:29.289 15256 22817 E baseline.com.newsblur.network.APIResponse: 	at okhttp3.internal.http1.Http1ExchangeCodec.readResponseHeaders(Http1ExchangeCodec.java:213)
08-04 02:51:29.289 15256 22817 E baseline.com.newsblur.network.APIResponse: 	... 30 more
08-04 02:51:29.292 15256 22817 I baseline.com.newsblur.network.APIManager: API call failed, pausing before retry number 2
08-04 02:51:29.333 15256 15272 I art     : Explicit concurrent mark sweep GC freed 1010(202KB) AllocSpace objects, 2(40KB) LOS objects, 27% free, 41MB/57MB, paused 1.525ms total 61.207ms
08-04 02:51:29.708 15256 20844 I art     : Starting a blocking GC Explicit
08-04 02:51:29.772 15256 20844 I art     : Explicit concurrent mark sweep GC freed 1550(99KB) AllocSpace objects, 1(20KB) LOS objects, 27% free, 41MB/57MB, paused 1.592ms total 63.611ms
08-04 02:51:29.789 15256 20844 I art     : Starting a blocking GC Explicit
08-04 02:51:29.849 15256 20844 I art     : Explicit concurrent mark sweep GC freed 44(1520B) AllocSpace objects, 0(0B) LOS objects, 27% free, 41MB/57MB, paused 1.512ms total 59.732ms
08-04 02:51:29.862 13589 13589 I ServiceManager: Waiting for service AtCmdFwd...
08-04 02:51:29.863 15256 20844 I art     : Starting a blocking GC Explicit
08-04 02:51:29.924 15256 20844 I art     : Explicit concurrent mark sweep GC freed 3(96B) AllocSpace objects, 0(0B) LOS objects, 27% free, 41MB/57MB, paused 1.532ms total 60.104ms
08-04 02:51:29.938 15256 20844 I art     : Starting a blocking GC Explicit
08-04 02:51:30.002 15256 20844 I art     : Explicit concurrent mark sweep GC freed 11(352B) AllocSpace objects, 0(0B) LOS objects, 27% free, 41MB/57MB, paused 1.538ms total 63.154ms
08-04 02:51:30.018 15256 20844 I art     : Starting a blocking GC Explicit
08-04 02:51:30.079 15256 20844 I art     : Explicit concurrent mark sweep GC freed 12(384B) AllocSpace objects, 0(0B) LOS objects, 27% free, 41MB/57MB, paused 1.815ms total 60.790ms
08-04 02:51:30.494 15256 20845 I art     : Starting a blocking GC Explicit
08-04 02:51:30.562 15256 20845 I art     : Explicit concurrent mark sweep GC freed 1459(83KB) AllocSpace objects, 1(20KB) LOS objects, 27% free, 41MB/57MB, paused 1.671ms total 68.356ms
08-04 02:51:30.578 15256 20845 I art     : Starting a blocking GC Explicit
08-04 02:51:30.645 15256 20845 I art     : Explicit concurrent mark sweep GC freed 22(784B) AllocSpace objects, 0(0B) LOS objects, 27% free, 41MB/57MB, paused 1.678ms total 66.964ms
08-04 02:51:30.661 15256 20845 I art     : Starting a blocking GC Explicit
08-04 02:51:30.730 15256 20845 I art     : Explicit concurrent mark sweep GC freed 3(96B) AllocSpace objects, 0(0B) LOS objects, 27% free, 41MB/57MB, paused 1.682ms total 68.661ms
08-04 02:51:30.745 15256 20845 I art     : Starting a blocking GC Explicit
08-04 02:51:30.812 15256 20845 I art     : Explicit concurrent mark sweep GC freed 3(96B) AllocSpace objects, 0(0B) LOS objects, 27% free, 41MB/57MB, paused 1.657ms total 67.108ms
08-04 02:51:30.828 15256 20845 I art     : Starting a blocking GC Explicit
08-04 02:51:30.863 13589 13589 I ServiceManager: Waiting for service AtCmdFwd...
08-04 02:51:30.895 15256 20845 I art     : Explicit concurrent mark sweep GC freed 3(96B) AllocSpace objects, 0(0B) LOS objects, 27% free, 41MB/57MB, paused 1.671ms total 66.355ms
08-04 02:51:31.293 15256 20844 I art     : Starting a blocking GC Explicit
08-04 02:51:31.363 15256 20844 I art     : Explicit concurrent mark sweep GC freed 1446(83KB) AllocSpace objects, 1(20KB) LOS objects, 27% free, 41MB/57MB, paused 1.594ms total 69.891ms
08-04 02:51:31.381 15256 20844 I art     : Starting a blocking GC Explicit
08-04 02:51:31.447 15256 20844 I art     : Explicit concurrent mark sweep GC freed 22(784B) AllocSpace objects, 0(0B) LOS objects, 27% free, 41MB/57MB, paused 1.602ms total 66.157ms
08-04 02:51:31.462 15256 20844 I art     : Starting a blocking GC Explicit
08-04 02:51:31.525 15256 20844 I art     : Explicit concurrent mark sweep GC freed 3(96B) AllocSpace objects, 0(0B) LOS objects, 27% free, 41MB/57MB, paused 1.623ms total 62.915ms
08-04 02:51:31.540 15256 20844 I art     : Starting a blocking GC Explicit
08-04 02:51:31.607 15256 20844 I art     : Explicit concurrent mark sweep GC freed 3(96B) AllocSpace objects, 0(0B) LOS objects, 27% free, 41MB/57MB, paused 1.590ms total 66.866ms
08-04 02:51:31.623 15256 20844 I art     : Starting a blocking GC Explicit
08-04 02:51:31.691 15256 20844 I art     : Explicit concurrent mark sweep GC freed 3(96B) AllocSpace objects, 0(0B) LOS objects, 27% free, 41MB/57MB, paused 1.701ms total 68.153ms
08-04 02:51:31.863 13589 13589 W Atfwd_Sendcmd: AtCmdFwd service not published, waiting... retryCnt : 5
08-04 02:51:32.098 15256 22782 I art     : Starting a blocking GC Explicit
08-04 02:51:32.165 15256 22782 I art     : Explicit concurrent mark sweep GC freed 1446(83KB) AllocSpace objects, 1(20KB) LOS objects, 27% free, 41MB/57MB, paused 1.650ms total 66.806ms
08-04 02:51:32.180 15256 22782 I art     : Starting a blocking GC Explicit
08-04 02:51:32.248 15256 22782 I art     : Explicit concurrent mark sweep GC freed 22(784B) AllocSpace objects, 0(0B) LOS objects, 27% free, 41MB/57MB, paused 1.515ms total 67.220ms
08-04 02:51:32.267 15256 22782 I art     : Starting a blocking GC Explicit
08-04 02:51:32.332 15256 22782 I art     : Explicit concurrent mark sweep GC freed 133(6KB) AllocSpace objects, 0(0B) LOS objects, 27% free, 41MB/57MB, paused 1.747ms total 64.855ms
08-04 02:51:32.347 15256 22782 I art     : Starting a blocking GC Explicit
08-04 02:51:32.412 15256 22782 I art     : Explicit concurrent mark sweep GC freed 44(2912B) AllocSpace objects, 0(0B) LOS objects, 27% free, 41MB/57MB, paused 1.679ms total 64.967ms
08-04 02:51:32.427 15256 22782 I art     : Starting a blocking GC Explicit
08-04 02:51:32.495 15256 22782 I art     : Explicit concurrent mark sweep GC freed 3(96B) AllocSpace objects, 0(0B) LOS objects, 27% free, 41MB/57MB, paused 1.655ms total 66.939ms
08-04 02:51:32.722   518   646 I ThermalEngine: ACTION: GPU - Setting GPU[0] to 510000000
08-04 02:51:32.777 15256 22817 E baseline.com.newsblur.network.APIResponse: Error (unexpected end of stream on https://www.newsblur.com/...) calling https://www.newsblur.com/reader/mark_story_hashes_as_read/
08-04 02:51:32.777 15256 22817 E baseline.com.newsblur.network.APIResponse: java.io.IOException: unexpected end of stream on https://www.newsblur.com/...
08-04 02:51:32.777 15256 22817 E baseline.com.newsblur.network.APIResponse: 	at okhttp3.internal.http1.Http1ExchangeCodec.readResponseHeaders(Http1ExchangeCodec.java:236)
08-04 02:51:32.777 15256 22817 E baseline.com.newsblur.network.APIResponse: 	at okhttp3.internal.connection.Exchange.readResponseHeaders(Exchange.java:115)
08-04 02:51:32.777 15256 22817 E baseline.com.newsblur.network.APIResponse: 	at okhttp3.internal.http.CallServerInterceptor.intercept(CallServerInterceptor.java:94)
08-04 02:51:32.777 15256 22817 E baseline.com.newsblur.network.APIResponse: 	at okhttp3.internal.http.RealInterceptorChain.proceed(RealInterceptorChain.java:142)
08-04 02:51:32.777 15256 22817 E baseline.com.newsblur.network.APIResponse: 	at okhttp3.internal.connection.ConnectInterceptor.intercept(ConnectInterceptor.java:43)
08-04 02:51:32.777 15256 22817 E baseline.com.newsblur.network.APIResponse: 	at okhttp3.internal.http.RealInterceptorChain.proceed(RealInterceptorChain.java:142)
08-04 02:51:32.777 15256 22817 E baseline.com.newsblur.network.APIResponse: 	at okhttp3.internal.http.RealInterceptorChain.proceed(RealInterceptorChain.java:117)
08-04 02:51:32.777 15256 22817 E baseline.com.newsblur.network.APIResponse: 	at okhttp3.internal.cache.CacheInterceptor.intercept(CacheInterceptor.java:94)
08-04 02:51:32.777 15256 22817 E baseline.com.newsblur.network.APIResponse: 	at okhttp3.internal.http.RealInterceptorChain.proceed(RealInterceptorChain.java:142)
08-04 02:51:32.777 15256 22817 E baseline.com.newsblur.network.APIResponse: 	at okhttp3.internal.http.RealInterceptorChain.proceed(RealInterceptorChain.java:117)
08-04 02:51:32.777 15256 22817 E baseline.com.newsblur.network.APIResponse: 	at okhttp3.internal.http.BridgeInterceptor.intercept(BridgeInterceptor.java:93)
08-04 02:51:32.777 15256 22817 E baseline.com.newsblur.network.APIResponse: 	at okhttp3.internal.http.RealInterceptorChain.proceed(RealInterceptorChain.java:142)
08-04 02:51:32.777 15256 22817 E baseline.com.newsblur.network.APIResponse: 	at okhttp3.internal.http.RetryAndFollowUpInterceptor.intercept(RetryAndFollowUpInterceptor.java:88)
08-04 02:51:32.777 15256 22817 E baseline.com.newsblur.network.APIResponse: 	at okhttp3.internal.http.RealInterceptorChain.proceed(RealInterceptorChain.java:142)
08-04 02:51:32.777 15256 22817 E baseline.com.newsblur.network.APIResponse: 	at okhttp3.internal.http.RealInterceptorChain.proceed(RealInterceptorChain.java:117)
08-04 02:51:32.777 15256 22817 E baseline.com.newsblur.network.APIResponse: 	at okhttp3.RealCall.getResponseWithInterceptorChain(RealCall.java:229)
08-04 02:51:32.777 15256 22817 E baseline.com.newsblur.network.APIResponse: 	at okhttp3.RealCall.execute(RealCall.java:81)
08-04 02:51:32.777 15256 22817 E baseline.com.newsblur.network.APIResponse: 	at baseline.com.newsblur.network.APIResponse.<init>(APIResponse.java:57)
08-04 02:51:32.777 15256 22817 E baseline.com.newsblur.network.APIResponse: 	at baseline.com.newsblur.network.APIResponse.<init>(APIResponse.java:43)
08-04 02:51:32.777 15256 22817 E baseline.com.newsblur.network.APIResponse: 	at baseline.com.newsblur.network.APIManager.post_single(APIManager.java:702)
08-04 02:51:32.777 15256 22817 E baseline.com.newsblur.network.APIResponse: 	at baseline.com.newsblur.network.APIManager.post(APIManager.java:675)
08-04 02:51:32.777 15256 22817 E baseline.com.newsblur.network.APIResponse: 	at baseline.com.newsblur.network.APIManager.post(APIManager.java:714)
08-04 02:51:32.777 15256 22817 E baseline.com.newsblur.network.APIResponse: 	at baseline.com.newsblur.network.APIManager.markStoryAsRead(APIManager.java:205)
08-04 02:51:32.777 15256 22817 E baseline.com.newsblur.network.APIResponse: 	at baseline.com.newsblur.util.ReadingAction.doRemote(ReadingAction.java:281)
08-04 02:51:32.777 15256 22817 E baseline.com.newsblur.network.APIResponse: 	at baseline.com.newsblur.service.NBSyncService.syncActions(NBSyncService.java:400)
08-04 02:51:32.777 15256 22817 E baseline.com.newsblur.network.APIResponse: 	at baseline.com.newsblur.service.NBSyncService.doSync(NBSyncService.java:298)
08-04 02:51:32.777 15256 22817 E baseline.com.newsblur.network.APIResponse: 	at baseline.com.newsblur.service.NBSyncService.access$100(NBSyncService.java:67)
08-04 02:51:32.777 15256 22817 E baseline.com.newsblur.network.APIResponse: 	at baseline.com.newsblur.service.NBSyncService$1.run(NBSyncService.java:188)
08-04 02:51:32.777 15256 22817 E baseline.com.newsblur.network.APIResponse: 	at java.util.concurrent.ThreadPoolExecutor.runWorker(ThreadPoolExecutor.java:1113)
08-04 02:51:32.777 15256 22817 E baseline.com.newsblur.network.APIResponse: 	at java.util.concurrent.ThreadPoolExecutor$Worker.run(ThreadPoolExecutor.java:588)
08-04 02:51:32.777 15256 22817 E baseline.com.newsblur.network.APIResponse: 	at java.lang.Thread.run(Thread.java:818)
08-04 02:51:32.777 15256 22817 E baseline.com.newsblur.network.APIResponse: Caused by: java.io.EOFException: \n not found: limit=0 content=
08-04 02:51:32.777 15256 22817 E baseline.com.newsblur.network.APIResponse: 	at okio.RealBufferedSource.readUtf8LineStrict(RealBufferedSource.java:240)
08-04 02:51:32.777 15256 22817 E baseline.com.newsblur.network.APIResponse: 	at okhttp3.internal.http1.Http1ExchangeCodec.readHeaderLine(Http1ExchangeCodec.java:242)
08-04 02:51:32.777 15256 22817 E baseline.com.newsblur.network.APIResponse: 	at okhttp3.internal.http1.Http1ExchangeCodec.readResponseHeaders(Http1ExchangeCodec.java:213)
08-04 02:51:32.777 15256 22817 E baseline.com.newsblur.network.APIResponse: 	... 30 more
08-04 02:51:32.778 15256 22817 I baseline.com.newsblur.service.NBSyncService: Holding reading action with server-side or network error.
08-04 02:51:32.787 15256 22817 W baseline.com.newsblur.service.NBSyncService: hard API failure
08-04 02:51:32.889 15256 15272 I art     : Starting a blocking GC Explicit
08-04 02:51:32.945 15256 15272 I art     : Explicit concurrent mark sweep GC freed 4352(408KB) AllocSpace objects, 5(100KB) LOS objects, 27% free, 41MB/57MB, paused 1.264ms total 55.036ms
08-04 02:51:32.960 15256 15272 I art     : Starting a blocking GC Explicit
08-04 02:51:33.009 15256 15272 I art     : Explicit concurrent mark sweep GC freed 129(4KB) AllocSpace objects, 0(0B) LOS objects, 27% free, 41MB/57MB, paused 1.202ms total 47.865ms
08-04 02:51:33.020 15256 15272 I art     : Starting a blocking GC Explicit
08-04 02:51:33.069 15256 15272 I art     : Explicit concurrent mark sweep GC freed 3(96B) AllocSpace objects, 0(0B) LOS objects, 27% free, 41MB/57MB, paused 1.238ms total 48.743ms
08-04 02:51:33.080 15256 15272 I art     : Starting a blocking GC Explicit
08-04 02:51:33.129 15256 15272 I art     : Explicit concurrent mark sweep GC freed 3(96B) AllocSpace objects, 0(0B) LOS objects, 27% free, 41MB/57MB, paused 1.256ms total 48.580ms
08-04 02:51:33.141 15256 15272 I art     : Starting a blocking GC Explicit
08-04 02:51:33.190 15256 15272 I art     : Explicit concurrent mark sweep GC freed 1624(63KB) AllocSpace objects, 0(0B) LOS objects, 27% free, 41MB/57MB, paused 1.248ms total 49.292ms
08-04 02:51:33.205 15256 22817 E baseline.com.newsblur.network.APIResponse: Error (unexpected end of stream on https://www.newsblur.com/...) calling https://www.newsblur.com/reader/mark_story_hashes_as_read/
08-04 02:51:33.205 15256 22817 E baseline.com.newsblur.network.APIResponse: java.io.IOException: unexpected end of stream on https://www.newsblur.com/...
08-04 02:51:33.205 15256 22817 E baseline.com.newsblur.network.APIResponse: 	at okhttp3.internal.http1.Http1ExchangeCodec.readResponseHeaders(Http1ExchangeCodec.java:236)
08-04 02:51:33.205 15256 22817 E baseline.com.newsblur.network.APIResponse: 	at okhttp3.internal.connection.Exchange.readResponseHeaders(Exchange.java:115)
08-04 02:51:33.205 15256 22817 E baseline.com.newsblur.network.APIResponse: 	at okhttp3.internal.http.CallServerInterceptor.intercept(CallServerInterceptor.java:94)
08-04 02:51:33.205 15256 22817 E baseline.com.newsblur.network.APIResponse: 	at okhttp3.internal.http.RealInterceptorChain.proceed(RealInterceptorChain.java:142)
08-04 02:51:33.205 15256 22817 E baseline.com.newsblur.network.APIResponse: 	at okhttp3.internal.connection.ConnectInterceptor.intercept(ConnectInterceptor.java:43)
08-04 02:51:33.205 15256 22817 E baseline.com.newsblur.network.APIResponse: 	at okhttp3.internal.http.RealInterceptorChain.proceed(RealInterceptorChain.java:142)
08-04 02:51:33.205 15256 22817 E baseline.com.newsblur.network.APIResponse: 	at okhttp3.internal.http.RealInterceptorChain.proceed(RealInterceptorChain.java:117)
08-04 02:51:33.205 15256 22817 E baseline.com.newsblur.network.APIResponse: 	at okhttp3.internal.cache.CacheInterceptor.intercept(CacheInterceptor.java:94)
08-04 02:51:33.205 15256 22817 E baseline.com.newsblur.network.APIResponse: 	at okhttp3.internal.http.RealInterceptorChain.proceed(RealInterceptorChain.java:142)
08-04 02:51:33.205 15256 22817 E baseline.com.newsblur.network.APIResponse: 	at okhttp3.internal.http.RealInterceptorChain.proceed(RealInterceptorChain.java:117)
08-04 02:51:33.205 15256 22817 E baseline.com.newsblur.network.APIResponse: 	at okhttp3.internal.http.BridgeInterceptor.intercept(BridgeInterceptor.java:93)
08-04 02:51:33.205 15256 22817 E baseline.com.newsblur.network.APIResponse: 	at okhttp3.internal.http.RealInterceptorChain.proceed(RealInterceptorChain.java:142)
08-04 02:51:33.205 15256 22817 E baseline.com.newsblur.network.APIResponse: 	at okhttp3.internal.http.RetryAndFollowUpInterceptor.intercept(RetryAndFollowUpInterceptor.java:88)
08-04 02:51:33.205 15256 22817 E baseline.com.newsblur.network.APIResponse: 	at okhttp3.internal.http.RealInterceptorChain.proceed(RealInterceptorChain.java:142)
08-04 02:51:33.205 15256 22817 E baseline.com.newsblur.network.APIResponse: 	at okhttp3.internal.http.RealInterceptorChain.proceed(RealInterceptorChain.java:117)
08-04 02:51:33.205 15256 22817 E baseline.com.newsblur.network.APIResponse: 	at okhttp3.RealCall.getResponseWithInterceptorChain(RealCall.java:229)
08-04 02:51:33.205 15256 22817 E baseline.com.newsblur.network.APIResponse: 	at okhttp3.RealCall.execute(RealCall.java:81)
08-04 02:51:33.205 15256 22817 E baseline.com.newsblur.network.APIResponse: 	at baseline.com.newsblur.network.APIResponse.<init>(APIResponse.java:57)
08-04 02:51:33.205 15256 22817 E baseline.com.newsblur.network.APIResponse: 	at baseline.com.newsblur.network.APIResponse.<init>(APIResponse.java:43)
08-04 02:51:33.205 15256 22817 E baseline.com.newsblur.network.APIResponse: 	at baseline.com.newsblur.network.APIManager.post_single(APIManager.java:702)
08-04 02:51:33.205 15256 22817 E baseline.com.newsblur.network.APIResponse: 	at baseline.com.newsblur.network.APIManager.post(APIManager.java:675)
08-04 02:51:33.205 15256 22817 E baseline.com.newsblur.network.APIResponse: 	at baseline.com.newsblur.network.APIManager.post(APIManager.java:714)
08-04 02:51:33.205 15256 22817 E baseline.com.newsblur.network.APIResponse: 	at baseline.com.newsblur.network.APIManager.markStoryAsRead(APIManager.java:205)
08-04 02:51:33.205 15256 22817 E baseline.com.newsblur.network.APIResponse: 	at baseline.com.newsblur.util.ReadingAction.doRemote(ReadingAction.java:281)
08-04 02:51:33.205 15256 22817 E baseline.com.newsblur.network.APIResponse: 	at baseline.com.newsblur.service.NBSyncService.syncActions(NBSyncService.java:400)
08-04 02:51:33.205 15256 22817 E baseline.com.newsblur.network.APIResponse: 	at baseline.com.newsblur.service.NBSyncService.doSync(NBSyncService.java:298)
08-04 02:51:33.205 15256 22817 E baseline.com.newsblur.network.APIResponse: 	at baseline.com.newsblur.service.NBSyncService.access$100(NBSyncService.java:67)
08-04 02:51:33.205 15256 22817 E baseline.com.newsblur.network.APIResponse: 	at baseline.com.newsblur.service.NBSyncService$1.run(NBSyncService.java:188)
08-04 02:51:33.205 15256 22817 E baseline.com.newsblur.network.APIResponse: 	at java.util.concurrent.ThreadPoolExecutor.runWorker(ThreadPoolExecutor.java:1113)
08-04 02:51:33.205 15256 22817 E baseline.com.newsblur.network.APIResponse: 	at java.util.concurrent.ThreadPoolExecutor$Worker.run(ThreadPoolExecutor.java:588)
08-04 02:51:33.205 15256 22817 E baseline.com.newsblur.network.APIResponse: 	at java.lang.Thread.run(Thread.java:818)
08-04 02:51:33.205 15256 22817 E baseline.com.newsblur.network.APIResponse: Caused by: java.io.EOFException: \n not found: limit=0 content=
08-04 02:51:33.205 15256 22817 E baseline.com.newsblur.network.APIResponse: 	at okio.RealBufferedSource.readUtf8LineStrict(RealBufferedSource.java:240)
08-04 02:51:33.205 15256 22817 E baseline.com.newsblur.network.APIResponse: 	at okhttp3.internal.http1.Http1ExchangeCodec.readHeaderLine(Http1ExchangeCodec.java:242)
08-04 02:51:33.205 15256 22817 E baseline.com.newsblur.network.APIResponse: 	at okhttp3.internal.http1.Http1ExchangeCodec.readResponseHeaders(Http1ExchangeCodec.java:213)
08-04 02:51:33.205 15256 22817 E baseline.com.newsblur.network.APIResponse: 	... 30 more
08-04 02:51:33.208 15256 22817 I baseline.com.newsblur.network.APIManager: API call failed, pausing before retry number 1
08-04 02:51:33.571 15256 15269 I art     : Starting a blocking GC Explicit
08-04 02:51:33.617 15256 15269 I art     : Explicit concurrent mark sweep GC freed 2367(294KB) AllocSpace objects, 3(60KB) LOS objects, 27% free, 41MB/57MB, paused 1.137ms total 46.264ms
08-04 02:51:33.628 15256 15269 I art     : Starting a blocking GC Explicit
08-04 02:51:33.677 15256 15269 I art     : Explicit concurrent mark sweep GC freed 72(2704B) AllocSpace objects, 0(0B) LOS objects, 27% free, 41MB/57MB, paused 1.192ms total 48.565ms
08-04 02:51:33.689 15256 15269 I art     : Starting a blocking GC Explicit
08-04 02:51:33.737 15256 15269 I art     : Explicit concurrent mark sweep GC freed 3(96B) AllocSpace objects, 0(0B) LOS objects, 27% free, 41MB/57MB, paused 1.163ms total 48.420ms
08-04 02:51:33.749 15256 15269 I art     : Starting a blocking GC Explicit
08-04 02:51:33.798 15256 15269 I art     : Explicit concurrent mark sweep GC freed 3(96B) AllocSpace objects, 0(0B) LOS objects, 27% free, 41MB/57MB, paused 1.219ms total 49.108ms
08-04 02:51:33.810 15256 15269 I art     : Starting a blocking GC Explicit
08-04 02:51:33.859 15256 15269 I art     : Explicit concurrent mark sweep GC freed 3(96B) AllocSpace objects, 0(0B) LOS objects, 27% free, 41MB/57MB, paused 1.128ms total 49.362ms
08-04 02:51:34.246 15256 20845 I art     : Starting a blocking GC Explicit
08-04 02:51:34.298 15256 20845 I art     : Explicit concurrent mark sweep GC freed 1442(83KB) AllocSpace objects, 1(20KB) LOS objects, 27% free, 41MB/57MB, paused 1.180ms total 51.499ms
08-04 02:51:34.309 15256 20845 I art     : Starting a blocking GC Explicit
08-04 02:51:34.358 15256 20845 I art     : Explicit concurrent mark sweep GC freed 22(784B) AllocSpace objects, 0(0B) LOS objects, 27% free, 41MB/57MB, paused 1.203ms total 48.919ms
08-04 02:51:34.370 15256 20845 I art     : Starting a blocking GC Explicit
08-04 02:51:34.422 15256 20845 I art     : Explicit concurrent mark sweep GC freed 3(96B) AllocSpace objects, 0(0B) LOS objects, 27% free, 41MB/57MB, paused 1.221ms total 51.116ms
08-04 02:51:34.434 15256 20845 I art     : Starting a blocking GC Explicit
08-04 02:51:34.437   918  3261 D WifiStateMachine: starting scan for "H369AA63323"WPA_PSK with 2412,5180
08-04 02:51:34.483 15256 20845 I art     : Explicit concurrent mark sweep GC freed 3(96B) AllocSpace objects, 0(0B) LOS objects, 27% free, 41MB/57MB, paused 1.224ms total 49.179ms
08-04 02:51:34.495 15256 20845 I art     : Starting a blocking GC Explicit
08-04 02:51:34.544 15256 20845 I art     : Explicit concurrent mark sweep GC freed 3(96B) AllocSpace objects, 0(0B) LOS objects, 27% free, 41MB/57MB, paused 1.217ms total 48.966ms
08-04 02:51:34.943 15256 20844 I art     : Starting a blocking GC Explicit
08-04 02:51:34.996 15256 20844 I art     : Explicit concurrent mark sweep GC freed 1606(91KB) AllocSpace objects, 1(20KB) LOS objects, 27% free, 41MB/57MB, paused 1.279ms total 52.217ms
08-04 02:51:35.007 15256 20844 I art     : Starting a blocking GC Explicit
08-04 02:51:35.058 15256 20844 I art     : Explicit concurrent mark sweep GC freed 28(1040B) AllocSpace objects, 0(0B) LOS objects, 27% free, 41MB/57MB, paused 1.236ms total 50.064ms
08-04 02:51:35.070 15256 20844 I art     : Starting a blocking GC Explicit
08-04 02:51:35.121 15256 20844 I art     : Explicit concurrent mark sweep GC freed 3(96B) AllocSpace objects, 0(0B) LOS objects, 27% free, 41MB/57MB, paused 1.238ms total 51.126ms
08-04 02:51:35.133 15256 20844 I art     : Starting a blocking GC Explicit
08-04 02:51:35.183 15256 20844 I art     : Explicit concurrent mark sweep GC freed 3(96B) AllocSpace objects, 0(0B) LOS objects, 27% free, 41MB/57MB, paused 1.201ms total 49.870ms
08-04 02:51:35.195 15256 20844 I art     : Starting a blocking GC Explicit
08-04 02:51:35.246 15256 20844 I art     : Explicit concurrent mark sweep GC freed 1599(62KB) AllocSpace objects, 0(0B) LOS objects, 27% free, 41MB/57MB, paused 1.285ms total 50.759ms
08-04 02:51:35.255 15256 22817 E baseline.com.newsblur.network.APIResponse: Error (unexpected end of stream on https://www.newsblur.com/...) calling https://www.newsblur.com/reader/mark_story_hashes_as_read/
08-04 02:51:35.255 15256 22817 E baseline.com.newsblur.network.APIResponse: java.io.IOException: unexpected end of stream on https://www.newsblur.com/...
08-04 02:51:35.255 15256 22817 E baseline.com.newsblur.network.APIResponse: 	at okhttp3.internal.http1.Http1ExchangeCodec.readResponseHeaders(Http1ExchangeCodec.java:236)
08-04 02:51:35.255 15256 22817 E baseline.com.newsblur.network.APIResponse: 	at okhttp3.internal.connection.Exchange.readResponseHeaders(Exchange.java:115)
08-04 02:51:35.255 15256 22817 E baseline.com.newsblur.network.APIResponse: 	at okhttp3.internal.http.CallServerInterceptor.intercept(CallServerInterceptor.java:94)
08-04 02:51:35.255 15256 22817 E baseline.com.newsblur.network.APIResponse: 	at okhttp3.internal.http.RealInterceptorChain.proceed(RealInterceptorChain.java:142)
08-04 02:51:35.255 15256 22817 E baseline.com.newsblur.network.APIResponse: 	at okhttp3.internal.connection.ConnectInterceptor.intercept(ConnectInterceptor.java:43)
08-04 02:51:35.255 15256 22817 E baseline.com.newsblur.network.APIResponse: 	at okhttp3.internal.http.RealInterceptorChain.proceed(RealInterceptorChain.java:142)
08-04 02:51:35.255 15256 22817 E baseline.com.newsblur.network.APIResponse: 	at okhttp3.internal.http.RealInterceptorChain.proceed(RealInterceptorChain.java:117)
08-04 02:51:35.255 15256 22817 E baseline.com.newsblur.network.APIResponse: 	at okhttp3.internal.cache.CacheInterceptor.intercept(CacheInterceptor.java:94)
08-04 02:51:35.255 15256 22817 E baseline.com.newsblur.network.APIResponse: 	at okhttp3.internal.http.RealInterceptorChain.proceed(RealInterceptorChain.java:142)
08-04 02:51:35.255 15256 22817 E baseline.com.newsblur.network.APIResponse: 	at okhttp3.internal.http.RealInterceptorChain.proceed(RealInterceptorChain.java:117)
08-04 02:51:35.255 15256 22817 E baseline.com.newsblur.network.APIResponse: 	at okhttp3.internal.http.BridgeInterceptor.intercept(BridgeInterceptor.java:93)
08-04 02:51:35.255 15256 22817 E baseline.com.newsblur.network.APIResponse: 	at okhttp3.internal.http.RealInterceptorChain.proceed(RealInterceptorChain.java:142)
08-04 02:51:35.255 15256 22817 E baseline.com.newsblur.network.APIResponse: 	at okhttp3.internal.http.RetryAndFollowUpInterceptor.intercept(RetryAndFollowUpInterceptor.java:88)
08-04 02:51:35.255 15256 22817 E baseline.com.newsblur.network.APIResponse: 	at okhttp3.internal.http.RealInterceptorChain.proceed(RealInterceptorChain.java:142)
08-04 02:51:35.255 15256 22817 E baseline.com.newsblur.network.APIResponse: 	at okhttp3.internal.http.RealInterceptorChain.proceed(RealInterceptorChain.java:117)
08-04 02:51:35.255 15256 22817 E baseline.com.newsblur.network.APIResponse: 	at okhttp3.RealCall.getResponseWithInterceptorChain(RealCall.java:229)
08-04 02:51:35.255 15256 22817 E baseline.com.newsblur.network.APIResponse: 	at okhttp3.RealCall.execute(RealCall.java:81)
08-04 02:51:35.255 15256 22817 E baseline.com.newsblur.network.APIResponse: 	at baseline.com.newsblur.network.APIResponse.<init>(APIResponse.java:57)
08-04 02:51:35.255 15256 22817 E baseline.com.newsblur.network.APIResponse: 	at baseline.com.newsblur.network.APIResponse.<init>(APIResponse.java:43)
08-04 02:51:35.255 15256 22817 E baseline.com.newsblur.network.APIResponse: 	at baseline.com.newsblur.network.APIManager.post_single(APIManager.java:702)
08-04 02:51:35.255 15256 22817 E baseline.com.newsblur.network.APIResponse: 	at baseline.com.newsblur.network.APIManager.post(APIManager.java:675)
08-04 02:51:35.255 15256 22817 E baseline.com.newsblur.network.APIResponse: 	at baseline.com.newsblur.network.APIManager.post(APIManager.java:714)
08-04 02:51:35.255 15256 22817 E baseline.com.newsblur.network.APIResponse: 	at baseline.com.newsblur.network.APIManager.markStoryAsRead(APIManager.java:205)
08-04 02:51:35.255 15256 22817 E baseline.com.newsblur.network.APIResponse: 	at baseline.com.newsblur.util.ReadingAction.doRemote(ReadingAction.java:281)
08-04 02:51:35.255 15256 22817 E baseline.com.newsblur.network.APIResponse: 	at baseline.com.newsblur.service.NBSyncService.syncActions(NBSyncService.java:400)
08-04 02:51:35.255 15256 22817 E baseline.com.newsblur.network.APIResponse: 	at baseline.com.newsblur.service.NBSyncService.doSync(NBSyncService.java:298)
08-04 02:51:35.255 15256 22817 E baseline.com.newsblur.network.APIResponse: 	at baseline.com.newsblur.service.NBSyncService.access$100(NBSyncService.java:67)
08-04 02:51:35.255 15256 22817 E baseline.com.newsblur.network.APIResponse: 	at baseline.com.newsblur.service.NBSyncService$1.run(NBSyncService.java:188)
08-04 02:51:35.255 15256 22817 E baseline.com.newsblur.network.APIResponse: 	at java.util.concurrent.ThreadPoolExecutor.runWorker(ThreadPoolExecutor.java:1113)
08-04 02:51:35.255 15256 22817 E baseline.com.newsblur.network.APIResponse: 	at java.util.concurrent.ThreadPoolExecutor$Worker.run(ThreadPoolExecutor.java:588)
08-04 02:51:35.255 15256 22817 E baseline.com.newsblur.network.APIResponse: 	at java.lang.Thread.run(Thread.java:818)
08-04 02:51:35.255 15256 22817 E baseline.com.newsblur.network.APIResponse: Caused by: java.io.EOFException: \n not found: limit=0 content=
08-04 02:51:35.255 15256 22817 E baseline.com.newsblur.network.APIResponse: 	at okio.RealBufferedSource.readUtf8LineStrict(RealBufferedSource.java:240)
08-04 02:51:35.255 15256 22817 E baseline.com.newsblur.network.APIResponse: 	at okhttp3.internal.http1.Http1ExchangeCodec.readHeaderLine(Http1ExchangeCodec.java:242)
08-04 02:51:35.255 15256 22817 E baseline.com.newsblur.network.APIResponse: 	at okhttp3.internal.http1.Http1ExchangeCodec.readResponseHeaders(Http1ExchangeCodec.java:213)
08-04 02:51:35.255 15256 22817 E baseline.com.newsblur.network.APIResponse: 	... 30 more
08-04 02:51:35.258 15256 22817 I baseline.com.newsblur.network.APIManager: API call failed, pausing before retry number 2
08-04 02:51:35.615 15256 22782 I art     : Starting a blocking GC Explicit
08-04 02:51:35.668 15256 22782 I art     : Explicit concurrent mark sweep GC freed 2391(295KB) AllocSpace objects, 3(60KB) LOS objects, 27% free, 41MB/57MB, paused 1.112ms total 52.564ms
08-04 02:51:35.681 15256 22782 I art     : Starting a blocking GC Explicit
08-04 02:51:35.730 15256 22782 I art     : Explicit concurrent mark sweep GC freed 72(2704B) AllocSpace objects, 0(0B) LOS objects, 27% free, 41MB/57MB, paused 1.210ms total 48.324ms
08-04 02:51:35.741 15256 22782 I art     : Starting a blocking GC Explicit
08-04 02:51:35.789 15256 22782 I art     : Explicit concurrent mark sweep GC freed 3(96B) AllocSpace objects, 0(0B) LOS objects, 27% free, 41MB/57MB, paused 1.186ms total 47.769ms
08-04 02:51:35.801 15256 22782 I art     : Starting a blocking GC Explicit
08-04 02:51:35.851 15256 22782 I art     : Explicit concurrent mark sweep GC freed 3(96B) AllocSpace objects, 0(0B) LOS objects, 27% free, 41MB/57MB, paused 1.155ms total 49.942ms
08-04 02:51:35.863 15256 22782 I art     : Starting a blocking GC Explicit
08-04 02:51:35.913 15256 22782 I art     : Explicit concurrent mark sweep GC freed 3(96B) AllocSpace objects, 0(0B) LOS objects, 27% free, 41MB/57MB, paused 1.142ms total 49.898ms
08-04 02:51:36.290 15256 15272 I art     : Starting a blocking GC Explicit
08-04 02:51:36.342 15256 15272 I art     : Explicit concurrent mark sweep GC freed 1441(82KB) AllocSpace objects, 1(20KB) LOS objects, 27% free, 41MB/57MB, paused 1.207ms total 51.377ms
08-04 02:51:36.353 15256 15272 I art     : Starting a blocking GC Explicit
08-04 02:51:36.404 15256 15272 I art     : Explicit concurrent mark sweep GC freed 22(784B) AllocSpace objects, 0(0B) LOS objects, 27% free, 41MB/57MB, paused 1.239ms total 50.546ms
08-04 02:51:36.417 15256 15272 I art     : Starting a blocking GC Explicit
08-04 02:51:36.462 15256 15272 I art     : Explicit concurrent mark sweep GC freed 3(96B) AllocSpace objects, 0(0B) LOS objects, 27% free, 41MB/57MB, paused 1.191ms total 45.663ms
08-04 02:51:36.474 15256 15272 I art     : Starting a blocking GC Explicit
08-04 02:51:36.524 15256 15272 I art     : Explicit concurrent mark sweep GC freed 3(96B) AllocSpace objects, 0(0B) LOS objects, 27% free, 41MB/57MB, paused 1.158ms total 49.849ms
08-04 02:51:36.536 15256 15272 I art     : Starting a blocking GC Explicit
08-04 02:51:36.586 15256 15272 I art     : Explicit concurrent mark sweep GC freed 3(96B) AllocSpace objects, 0(0B) LOS objects, 27% free, 41MB/57MB, paused 1.194ms total 50.237ms
08-04 02:51:36.971 15256 15269 I art     : Starting a blocking GC Explicit
08-04 02:51:37.022 15256 15269 I art     : Explicit concurrent mark sweep GC freed 1441(82KB) AllocSpace objects, 1(20KB) LOS objects, 27% free, 41MB/57MB, paused 1.203ms total 51.250ms
08-04 02:51:37.034 15256 15269 I art     : Starting a blocking GC Explicit
08-04 02:51:37.084 15256 15269 I art     : Explicit concurrent mark sweep GC freed 22(784B) AllocSpace objects, 0(0B) LOS objects, 27% free, 41MB/57MB, paused 1.190ms total 49.848ms
08-04 02:51:37.096 15256 15269 I art     : Starting a blocking GC Explicit
08-04 02:51:37.147 15256 15269 I art     : Explicit concurrent mark sweep GC freed 3(96B) AllocSpace objects, 0(0B) LOS objects, 27% free, 41MB/57MB, paused 1.208ms total 50.763ms
08-04 02:51:37.159 15256 15269 I art     : Starting a blocking GC Explicit
08-04 02:51:37.209 15256 15269 I art     : Explicit concurrent mark sweep GC freed 3(96B) AllocSpace objects, 0(0B) LOS objects, 27% free, 41MB/57MB, paused 1.231ms total 50.220ms
08-04 02:51:37.221 15256 15269 I art     : Starting a blocking GC Explicit
08-04 02:51:37.272 15256 15269 I art     : Explicit concurrent mark sweep GC freed 3(96B) AllocSpace objects, 0(0B) LOS objects, 27% free, 41MB/57MB, paused 1.181ms total 50.679ms
08-04 02:51:37.645 15256 20845 I art     : Starting a blocking GC Explicit
08-04 02:51:37.695 15256 20845 I art     : Explicit concurrent mark sweep GC freed 1442(82KB) AllocSpace objects, 1(20KB) LOS objects, 27% free, 41MB/57MB, paused 1.205ms total 50.255ms
08-04 02:51:37.707 15256 20845 I art     : Starting a blocking GC Explicit
08-04 02:51:37.758 15256 20845 I art     : Explicit concurrent mark sweep GC freed 22(784B) AllocSpace objects, 0(0B) LOS objects, 27% free, 41MB/57MB, paused 1.254ms total 50.519ms
08-04 02:51:37.770 15256 20845 I art     : Starting a blocking GC Explicit
08-04 02:51:37.819 15256 20845 I art     : Explicit concurrent mark sweep GC freed 3(96B) AllocSpace objects, 0(0B) LOS objects, 27% free, 41MB/57MB, paused 1.213ms total 48.552ms
08-04 02:51:37.830 15256 20845 I art     : Starting a blocking GC Explicit
08-04 02:51:37.880 15256 20845 I art     : Explicit concurrent mark sweep GC freed 3(96B) AllocSpace objects, 0(0B) LOS objects, 27% free, 41MB/57MB, paused 1.154ms total 49.838ms
08-04 02:51:37.892 15256 20845 I art     : Starting a blocking GC Explicit
08-04 02:51:37.942 15256 20845 I art     : Explicit concurrent mark sweep GC freed 3(96B) AllocSpace objects, 0(0B) LOS objects, 27% free, 41MB/57MB, paused 1.173ms total 49.129ms
08-04 02:51:38.329 15256 20844 I art     : Starting a blocking GC Explicit
08-04 02:51:38.383 15256 20844 I art     : Explicit concurrent mark sweep GC freed 1597(90KB) AllocSpace objects, 1(20KB) LOS objects, 27% free, 41MB/57MB, paused 1.292ms total 53.266ms
08-04 02:51:38.396 15256 20844 I art     : Starting a blocking GC Explicit
08-04 02:51:38.445 15256 20844 I art     : Explicit concurrent mark sweep GC freed 37(2352B) AllocSpace objects, 0(0B) LOS objects, 27% free, 41MB/57MB, paused 1.201ms total 48.178ms
08-04 02:51:38.456 15256 20844 I art     : Starting a blocking GC Explicit
08-04 02:51:38.505 15256 20844 I art     : Explicit concurrent mark sweep GC freed 3(96B) AllocSpace objects, 0(0B) LOS objects, 27% free, 41MB/57MB, paused 1.235ms total 48.676ms
08-04 02:51:38.516 15256 20844 I art     : Starting a blocking GC Explicit
08-04 02:51:38.566 15256 20844 I art     : Explicit concurrent mark sweep GC freed 3(96B) AllocSpace objects, 0(0B) LOS objects, 27% free, 41MB/57MB, paused 1.235ms total 49.436ms
08-04 02:51:38.578 15256 20844 I art     : Starting a blocking GC Explicit
08-04 02:51:38.628 15256 20844 I art     : Explicit concurrent mark sweep GC freed 3(96B) AllocSpace objects, 0(0B) LOS objects, 27% free, 41MB/57MB, paused 1.258ms total 49.936ms
08-04 02:51:38.629 15256 15268 I art     : WaitForGcToComplete blocked for 10.483ms for cause HeapTrim
08-04 02:51:38.812 15256 22817 E baseline.com.newsblur.network.APIResponse: Error (unexpected end of stream on https://www.newsblur.com/...) calling https://www.newsblur.com/reader/mark_story_hashes_as_read/
08-04 02:51:38.812 15256 22817 E baseline.com.newsblur.network.APIResponse: java.io.IOException: unexpected end of stream on https://www.newsblur.com/...
08-04 02:51:38.812 15256 22817 E baseline.com.newsblur.network.APIResponse: 	at okhttp3.internal.http1.Http1ExchangeCodec.readResponseHeaders(Http1ExchangeCodec.java:236)
08-04 02:51:38.812 15256 22817 E baseline.com.newsblur.network.APIResponse: 	at okhttp3.internal.connection.Exchange.readResponseHeaders(Exchange.java:115)
08-04 02:51:38.812 15256 22817 E baseline.com.newsblur.network.APIResponse: 	at okhttp3.internal.http.CallServerInterceptor.intercept(CallServerInterceptor.java:94)
08-04 02:51:38.812 15256 22817 E baseline.com.newsblur.network.APIResponse: 	at okhttp3.internal.http.RealInterceptorChain.proceed(RealInterceptorChain.java:142)
08-04 02:51:38.812 15256 22817 E baseline.com.newsblur.network.APIResponse: 	at okhttp3.internal.connection.ConnectInterceptor.intercept(ConnectInterceptor.java:43)
08-04 02:51:38.812 15256 22817 E baseline.com.newsblur.network.APIResponse: 	at okhttp3.internal.http.RealInterceptorChain.proceed(RealInterceptorChain.java:142)
08-04 02:51:38.812 15256 22817 E baseline.com.newsblur.network.APIResponse: 	at okhttp3.internal.http.RealInterceptorChain.proceed(RealInterceptorChain.java:117)
08-04 02:51:38.812 15256 22817 E baseline.com.newsblur.network.APIResponse: 	at okhttp3.internal.cache.CacheInterceptor.intercept(CacheInterceptor.java:94)
08-04 02:51:38.812 15256 22817 E baseline.com.newsblur.network.APIResponse: 	at okhttp3.internal.http.RealInterceptorChain.proceed(RealInterceptorChain.java:142)
08-04 02:51:38.812 15256 22817 E baseline.com.newsblur.network.APIResponse: 	at okhttp3.internal.http.RealInterceptorChain.proceed(RealInterceptorChain.java:117)
08-04 02:51:38.812 15256 22817 E baseline.com.newsblur.network.APIResponse: 	at okhttp3.internal.http.BridgeInterceptor.intercept(BridgeInterceptor.java:93)
08-04 02:51:38.812 15256 22817 E baseline.com.newsblur.network.APIResponse: 	at okhttp3.internal.http.RealInterceptorChain.proceed(RealInterceptorChain.java:142)
08-04 02:51:38.812 15256 22817 E baseline.com.newsblur.network.APIResponse: 	at okhttp3.internal.http.RetryAndFollowUpInterceptor.intercept(RetryAndFollowUpInterceptor.java:88)
08-04 02:51:38.812 15256 22817 E baseline.com.newsblur.network.APIResponse: 	at okhttp3.internal.http.RealInterceptorChain.proceed(RealInterceptorChain.java:142)
08-04 02:51:38.812 15256 22817 E baseline.com.newsblur.network.APIResponse: 	at okhttp3.internal.http.RealInterceptorChain.proceed(RealInterceptorChain.java:117)
08-04 02:51:38.812 15256 22817 E baseline.com.newsblur.network.APIResponse: 	at okhttp3.RealCall.getResponseWithInterceptorChain(RealCall.java:229)
08-04 02:51:38.812 15256 22817 E baseline.com.newsblur.network.APIResponse: 	at okhttp3.RealCall.execute(RealCall.java:81)
08-04 02:51:38.812 15256 22817 E baseline.com.newsblur.network.APIResponse: 	at baseline.com.newsblur.network.APIResponse.<init>(APIResponse.java:57)
08-04 02:51:38.812 15256 22817 E baseline.com.newsblur.network.APIResponse: 	at baseline.com.newsblur.network.APIResponse.<init>(APIResponse.java:43)
08-04 02:51:38.812 15256 22817 E baseline.com.newsblur.network.APIResponse: 	at baseline.com.newsblur.network.APIManager.post_single(APIManager.java:702)
08-04 02:51:38.812 15256 22817 E baseline.com.newsblur.network.APIResponse: 	at baseline.com.newsblur.network.APIManager.post(APIManager.java:675)
08-04 02:51:38.812 15256 22817 E baseline.com.newsblur.network.APIResponse: 	at baseline.com.newsblur.network.APIManager.post(APIManager.java:714)
08-04 02:51:38.812 15256 22817 E baseline.com.newsblur.network.APIResponse: 	at baseline.com.newsblur.network.APIManager.markStoryAsRead(APIManager.java:205)
08-04 02:51:38.812 15256 22817 E baseline.com.newsblur.network.APIResponse: 	at baseline.com.newsblur.util.ReadingAction.doRemote(ReadingAction.java:281)
08-04 02:51:38.812 15256 22817 E baseline.com.newsblur.network.APIResponse: 	at baseline.com.newsblur.service.NBSyncService.syncActions(NBSyncService.java:400)
08-04 02:51:38.812 15256 22817 E baseline.com.newsblur.network.APIResponse: 	at baseline.com.newsblur.service.NBSyncService.doSync(NBSyncService.java:298)
08-04 02:51:38.812 15256 22817 E baseline.com.newsblur.network.APIResponse: 	at baseline.com.newsblur.service.NBSyncService.access$100(NBSyncService.java:67)
08-04 02:51:38.812 15256 22817 E baseline.com.newsblur.network.APIResponse: 	at baseline.com.newsblur.service.NBSyncService$1.run(NBSyncService.java:188)
08-04 02:51:38.812 15256 22817 E baseline.com.newsblur.network.APIResponse: 	at java.util.concurrent.ThreadPoolExecutor.runWorker(ThreadPoolExecutor.java:1113)
08-04 02:51:38.812 15256 22817 E baseline.com.newsblur.network.APIResponse: 	at java.util.concurrent.ThreadPoolExecutor$Worker.run(ThreadPoolExecutor.java:588)
08-04 02:51:38.812 15256 22817 E baseline.com.newsblur.network.APIResponse: 	at java.lang.Thread.run(Thread.java:818)
08-04 02:51:38.812 15256 22817 E baseline.com.newsblur.network.APIResponse: Caused by: java.io.EOFException: \n not found: limit=0 content=
08-04 02:51:38.812 15256 22817 E baseline.com.newsblur.network.APIResponse: 	at okio.RealBufferedSource.readUtf8LineStrict(RealBufferedSource.java:240)
08-04 02:51:38.812 15256 22817 E baseline.com.newsblur.network.APIResponse: 	at okhttp3.internal.http1.Http1ExchangeCodec.readHeaderLine(Http1ExchangeCodec.java:242)
08-04 02:51:38.812 15256 22817 E baseline.com.newsblur.network.APIResponse: 	at okhttp3.internal.http1.Http1ExchangeCodec.readResponseHeaders(Http1ExchangeCodec.java:213)
08-04 02:51:38.812 15256 22817 E baseline.com.newsblur.network.APIResponse: 	... 30 more
08-04 02:51:38.813 15256 22817 I baseline.com.newsblur.service.NBSyncService: Holding reading action with server-side or network error.
08-04 02:51:38.821 15256 22817 W baseline.com.newsblur.service.NBSyncService: hard API failure
08-04 02:51:38.954 15256 22782 I art     : Starting a blocking GC Explicit
08-04 02:51:39.006 15256 22782 I art     : Explicit concurrent mark sweep GC freed 4347(406KB) AllocSpace objects, 5(100KB) LOS objects, 27% free, 41MB/57MB, paused 1.298ms total 51.121ms
08-04 02:51:39.018 15256 22782 I art     : Starting a blocking GC Explicit
08-04 02:51:39.064 15256 22782 I art     : Explicit concurrent mark sweep GC freed 129(4KB) AllocSpace objects, 0(0B) LOS objects, 27% free, 41MB/57MB, paused 1.148ms total 45.521ms
08-04 02:51:39.076 15256 22782 I art     : Starting a blocking GC Explicit
08-04 02:51:39.121 15256 22782 I art     : Explicit concurrent mark sweep GC freed 3(96B) AllocSpace objects, 0(0B) LOS objects, 27% free, 41MB/57MB, paused 1.163ms total 44.715ms
08-04 02:51:39.131 15256 22782 I art     : Starting a blocking GC Explicit
08-04 02:51:39.151 23008 23008 D AndroidRuntime: >>>>>> START com.android.internal.os.RuntimeInit uid 2000 <<<<<<
08-04 02:51:39.156 23008 23008 D AndroidRuntime: CheckJNI is OFF
08-04 02:51:39.178 15256 22782 I art     : Explicit concurrent mark sweep GC freed 3(96B) AllocSpace objects, 0(0B) LOS objects, 27% free, 41MB/57MB, paused 1.245ms total 45.998ms
08-04 02:51:39.189 15256 22782 I art     : Starting a blocking GC Explicit
08-04 02:51:39.192 23008 23008 D ICU     : No timezone override file found: /data/misc/zoneinfo/current/icu/icu_tzdata.dat
08-04 02:51:39.223 23008 23008 I Radio-JNI: register_android_hardware_Radio DONE
08-04 02:51:39.229 15256 22817 E baseline.com.newsblur.network.APIResponse: Error (unexpected end of stream on https://www.newsblur.com/...) calling https://www.newsblur.com/reader/mark_story_hashes_as_read/
08-04 02:51:39.229 15256 22817 E baseline.com.newsblur.network.APIResponse: java.io.IOException: unexpected end of stream on https://www.newsblur.com/...
08-04 02:51:39.229 15256 22817 E baseline.com.newsblur.network.APIResponse: 	at okhttp3.internal.http1.Http1ExchangeCodec.readResponseHeaders(Http1ExchangeCodec.java:236)
08-04 02:51:39.229 15256 22817 E baseline.com.newsblur.network.APIResponse: 	at okhttp3.internal.connection.Exchange.readResponseHeaders(Exchange.java:115)
08-04 02:51:39.229 15256 22817 E baseline.com.newsblur.network.APIResponse: 	at okhttp3.internal.http.CallServerInterceptor.intercept(CallServerInterceptor.java:94)
08-04 02:51:39.229 15256 22817 E baseline.com.newsblur.network.APIResponse: 	at okhttp3.internal.http.RealInterceptorChain.proceed(RealInterceptorChain.java:142)
08-04 02:51:39.229 15256 22817 E baseline.com.newsblur.network.APIResponse: 	at okhttp3.internal.connection.ConnectInterceptor.intercept(ConnectInterceptor.java:43)
08-04 02:51:39.229 15256 22817 E baseline.com.newsblur.network.APIResponse: 	at okhttp3.internal.http.RealInterceptorChain.proceed(RealInterceptorChain.java:142)
08-04 02:51:39.229 15256 22817 E baseline.com.newsblur.network.APIResponse: 	at okhttp3.internal.http.RealInterceptorChain.proceed(RealInterceptorChain.java:117)
08-04 02:51:39.229 15256 22817 E baseline.com.newsblur.network.APIResponse: 	at okhttp3.internal.cache.CacheInterceptor.intercept(CacheInterceptor.java:94)
08-04 02:51:39.229 15256 22817 E baseline.com.newsblur.network.APIResponse: 	at okhttp3.internal.http.RealInterceptorChain.proceed(RealInterceptorChain.java:142)
08-04 02:51:39.229 15256 22817 E baseline.com.newsblur.network.APIResponse: 	at okhttp3.internal.http.RealInterceptorChain.proceed(RealInterceptorChain.java:117)
08-04 02:51:39.229 15256 22817 E baseline.com.newsblur.network.APIResponse: 	at okhttp3.internal.http.BridgeInterceptor.intercept(BridgeInterceptor.java:93)
08-04 02:51:39.229 15256 22817 E baseline.com.newsblur.network.APIResponse: 	at okhttp3.internal.http.RealInterceptorChain.proceed(RealInterceptorChain.java:142)
08-04 02:51:39.229 15256 22817 E baseline.com.newsblur.network.APIResponse: 	at okhttp3.internal.http.RetryAndFollowUpInterceptor.intercept(RetryAndFollowUpInterceptor.java:88)
08-04 02:51:39.229 15256 22817 E baseline.com.newsblur.network.APIResponse: 	at okhttp3.internal.http.RealInterceptorChain.proceed(RealInterceptorChain.java:142)
08-04 02:51:39.229 15256 22817 E baseline.com.newsblur.network.APIResponse: 	at okhttp3.internal.http.RealInterceptorChain.proceed(RealInterceptorChain.java:117)
08-04 02:51:39.229 15256 22817 E baseline.com.newsblur.network.APIResponse: 	at okhttp3.RealCall.getResponseWithInterceptorChain(RealCall.java:229)
08-04 02:51:39.229 15256 22817 E baseline.com.newsblur.network.APIResponse: 	at okhttp3.RealCall.execute(RealCall.java:81)
08-04 02:51:39.229 15256 22817 E baseline.com.newsblur.network.APIResponse: 	at baseline.com.newsblur.network.APIResponse.<init>(APIResponse.java:57)
08-04 02:51:39.229 15256 22817 E baseline.com.newsblur.network.APIResponse: 	at baseline.com.newsblur.network.APIResponse.<init>(APIResponse.java:43)
08-04 02:51:39.229 15256 22817 E baseline.com.newsblur.network.APIResponse: 	at baseline.com.newsblur.network.APIManager.post_single(APIManager.java:702)
08-04 02:51:39.229 15256 22817 E baseline.com.newsblur.network.APIResponse: 	at baseline.com.newsblur.network.APIManager.post(APIManager.java:675)
08-04 02:51:39.229 15256 22817 E baseline.com.newsblur.network.APIResponse: 	at baseline.com.newsblur.network.APIManager.post(APIManager.java:714)
08-04 02:51:39.229 15256 22817 E baseline.com.newsblur.network.APIResponse: 	at baseline.com.newsblur.network.APIManager.markStoryAsRead(APIManager.java:205)
08-04 02:51:39.229 15256 22817 E baseline.com.newsblur.network.APIResponse: 	at baseline.com.newsblur.util.ReadingAction.doRemote(ReadingAction.java:281)
08-04 02:51:39.229 15256 22817 E baseline.com.newsblur.network.APIResponse: 	at baseline.com.newsblur.service.NBSyncService.syncActions(NBSyncService.java:400)
08-04 02:51:39.229 15256 22817 E baseline.com.newsblur.network.APIResponse: 	at baseline.com.newsblur.service.NBSyncService.doSync(NBSyncService.java:298)
08-04 02:51:39.229 15256 22817 E baseline.com.newsblur.network.APIResponse: 	at baseline.com.newsblur.service.NBSyncService.access$100(NBSyncService.java:67)
08-04 02:51:39.229 15256 22817 E baseline.com.newsblur.network.APIResponse: 	at baseline.com.newsblur.service.NBSyncService$1.run(NBSyncService.java:188)
08-04 02:51:39.229 15256 22817 E baseline.com.newsblur.network.APIResponse: 	at java.util.concurrent.ThreadPoolExecutor.runWorker(ThreadPoolExecutor.java:1113)
08-04 02:51:39.229 15256 22817 E baseline.com.newsblur.network.APIResponse: 	at java.util.concurrent.ThreadPoolExecutor$Worker.run(ThreadPoolExecutor.java:588)
08-04 02:51:39.229 15256 22817 E baseline.com.newsblur.network.APIResponse: 	at java.lang.Thread.run(Thread.java:818)
08-04 02:51:39.229 15256 22817 E baseline.com.newsblur.network.APIResponse: Caused by: java.io.EOFException: \n not found: limit=0 content=
08-04 02:51:39.229 15256 22817 E baseline.com.newsblur.network.APIResponse: 	at okio.RealBufferedSource.readUtf8LineStrict(RealBufferedSource.java:240)
08-04 02:51:39.229 15256 22817 E baseline.com.newsblur.network.APIResponse: 	at okhttp3.internal.http1.Http1ExchangeCodec.readHeaderLine(Http1ExchangeCodec.java:242)
08-04 02:51:39.229 15256 22817 E baseline.com.newsblur.network.APIResponse: 	at okhttp3.internal.http1.Http1ExchangeCodec.readResponseHeaders(Http1ExchangeCodec.java:213)
08-04 02:51:39.229 15256 22817 E baseline.com.newsblur.network.APIResponse: 	... 30 more
08-04 02:51:39.230 15256 22817 I baseline.com.newsblur.network.APIManager: API call failed, pausing before retry number 1
08-04 02:51:39.235 15256 22782 I art     : Explicit concurrent mark sweep GC freed 2015(218KB) AllocSpace objects, 2(40KB) LOS objects, 27% free, 42MB/58MB, paused 1.294ms total 46.162ms
08-04 02:51:39.245 23008 23008 D AndroidRuntime: Calling main entry com.android.commands.input.Input
08-04 02:51:39.247 23008 23008 I Input   : injectMotionEvent: MotionEvent { action=ACTION_DOWN, actionButton=0, id[0]=0, x[0]=436.0, y[0]=453.0, toolType[0]=TOOL_TYPE_UNKNOWN, buttonState=0, metaState=0, flags=0x0, edgeFlags=0x0, pointerCount=1, historySize=0, eventTime=672715659, downTime=672715659, deviceId=0, source=0x1002 }
08-04 02:51:39.251 23008 23008 I Input   : injectMotionEvent: MotionEvent { action=ACTION_UP, actionButton=0, id[0]=0, x[0]=436.0, y[0]=453.0, toolType[0]=TOOL_TYPE_UNKNOWN, buttonState=0, metaState=0, flags=0x0, edgeFlags=0x0, pointerCount=1, historySize=0, eventTime=672715659, downTime=672715659, deviceId=0, source=0x1002 }
08-04 02:51:39.253 23008 23008 D AndroidRuntime: Shutting down VM
08-04 02:51:39.268   512  2967 D audio_hw_primary: out_set_parameters: enter: usecase(1: low-latency-playback) kvpairs: routing=2
08-04 02:51:39.270   918  3714 I ActivityManager: START u0 {cmp=baseline.com.newsblur/.activity.AllSharedStoriesReading (has extras)} from uid 10652 on display 0
08-04 02:51:39.280   512  2967 D audio_hw_primary: select_devices: out_snd_device(2: speaker) in_snd_device(0: none)
08-04 02:51:39.281   512  2967 D msm8974_platform: platform_send_audio_calibration: sending audio calibration for snd_device(2) acdb_id(15)
08-04 02:51:39.281   512  2967 I soundtrigger: audio_extn_sound_trigger_update_device_status: device 0x2 of type 0 for Event 1
08-04 02:51:39.290   512  2967 D audio_hw_primary: enable_snd_device: snd_device(2: speaker)
08-04 02:51:39.292   512  2967 D audio_hw_primary: enable_audio_route: apply and update mixer path: low-latency-playback speaker
08-04 02:51:39.498   918   936 I ActivityManager: Displayed baseline.com.newsblur/.activity.AllSharedStoriesReading: +221ms
08-04 02:51:39.500 13866 13866 I GoogleInputMethodServic: GoogleInputMethodService.onFinishInput():3138 
08-04 02:51:39.500 13866 13866 I GoogleInputMethodServic: GoogleInputMethodService.onStartInput():1808 
08-04 02:51:39.544 15256 20845 I art     : Starting a blocking GC Explicit
08-04 02:51:39.600 15256 20845 I art     : Explicit concurrent mark sweep GC freed 5758(488KB) AllocSpace objects, 18(824KB) LOS objects, 27% free, 42MB/58MB, paused 1.340ms total 55.122ms
08-04 02:51:39.612 15256 20845 I art     : Starting a blocking GC Explicit
08-04 02:51:39.663 15256 20845 I art     : Explicit concurrent mark sweep GC freed 2033(136KB) AllocSpace objects, 1(28KB) LOS objects, 27% free, 42MB/58MB, paused 1.196ms total 51.429ms
08-04 02:51:39.675 15256 20845 I art     : Starting a blocking GC Explicit
08-04 02:51:39.715 15256 21274 E chromium: [ERROR:tile_manager.cc(793)] WARNING: tile memory limits exceeded, some content may not draw
08-04 02:51:39.715 15256 21274 E chromium: [ERROR:tile_manager.cc(793)] WARNING: tile memory limits exceeded, some content may not draw
08-04 02:51:39.722 15256 20845 I art     : Explicit concurrent mark sweep GC freed 99(4KB) AllocSpace objects, 0(0B) LOS objects, 27% free, 42MB/58MB, paused 1.060ms total 47.251ms
08-04 02:51:39.734 15256 20845 I art     : Starting a blocking GC Explicit
08-04 02:51:39.778 15256 20845 I art     : Explicit concurrent mark sweep GC freed 10(352B) AllocSpace objects, 0(0B) LOS objects, 27% free, 42MB/58MB, paused 1.086ms total 44.527ms
08-04 02:51:39.789 15256 20845 I art     : Starting a blocking GC Explicit
08-04 02:51:39.829   512  2967 D audio_hw_primary: disable_audio_route: reset and update mixer path: low-latency-playback speaker
08-04 02:51:39.830   512  2967 D audio_hw_primary: disable_snd_device: snd_device(2: speaker)
08-04 02:51:39.836 15256 20845 I art     : Explicit concurrent mark sweep GC freed 3(96B) AllocSpace objects, 0(0B) LOS objects, 27% free, 42MB/58MB, paused 1.091ms total 46.637ms
08-04 02:51:39.839   512  2967 I soundtrigger: audio_extn_sound_trigger_update_device_status: device 0x2 of type 0 for Event 0
08-04 02:51:40.182 15256 15272 I art     : Starting a blocking GC Explicit
08-04 02:51:40.239 15256 15272 I art     : Explicit concurrent mark sweep GC freed 1600(101KB) AllocSpace objects, 3(68KB) LOS objects, 27% free, 42MB/58MB, paused 1.323ms total 57.329ms
08-04 02:51:40.255 15256 15272 I art     : Starting a blocking GC Explicit
08-04 02:51:40.304 15256 15272 I art     : Explicit concurrent mark sweep GC freed 39(1520B) AllocSpace objects, 0(0B) LOS objects, 27% free, 42MB/58MB, paused 1.174ms total 49.068ms
08-04 02:51:40.316 15256 15272 I art     : Starting a blocking GC Explicit
08-04 02:51:40.368 15256 15272 I art     : Explicit concurrent mark sweep GC freed 3(96B) AllocSpace objects, 0(0B) LOS objects, 27% free, 42MB/58MB, paused 1.255ms total 52.268ms
08-04 02:51:40.381 15256 15272 I art     : Starting a blocking GC Explicit
08-04 02:51:40.432 15256 15272 I art     : Explicit concurrent mark sweep GC freed 3(96B) AllocSpace objects, 0(0B) LOS objects, 27% free, 42MB/58MB, paused 1.145ms total 51.441ms
08-04 02:51:40.444 15256 15272 I art     : Starting a blocking GC Explicit
08-04 02:51:40.497 15256 15272 I art     : Explicit concurrent mark sweep GC freed 3(96B) AllocSpace objects, 0(0B) LOS objects, 27% free, 42MB/58MB, paused 1.212ms total 52.407ms
08-04 02:51:40.848 15256 15269 I art     : Starting a blocking GC Explicit
08-04 02:51:40.900 15256 15269 I art     : Explicit concurrent mark sweep GC freed 1642(92KB) AllocSpace objects, 1(20KB) LOS objects, 27% free, 42MB/58MB, paused 1.366ms total 51.848ms
08-04 02:51:40.912 15256 15269 I art     : Starting a blocking GC Explicit
08-04 02:51:40.962 15256 15269 I art     : Explicit concurrent mark sweep GC freed 43(1520B) AllocSpace objects, 0(0B) LOS objects, 27% free, 42MB/58MB, paused 1.290ms total 49.945ms
08-04 02:51:40.976 15256 15269 I art     : Starting a blocking GC Explicit
08-04 02:51:41.036 15256 15269 I art     : Explicit concurrent mark sweep GC freed 15(480B) AllocSpace objects, 0(0B) LOS objects, 27% free, 42MB/58MB, paused 1.700ms total 59.758ms
08-04 02:51:41.049 15256 15269 I art     : Starting a blocking GC Explicit
08-04 02:51:41.100 15256 15269 I art     : Explicit concurrent mark sweep GC freed 4(128B) AllocSpace objects, 0(0B) LOS objects, 27% free, 42MB/58MB, paused 1.233ms total 50.345ms
08-04 02:51:41.112 15256 15269 I art     : Starting a blocking GC Explicit
08-04 02:51:41.165 15256 15269 I art     : Explicit concurrent mark sweep GC freed 3(96B) AllocSpace objects, 0(0B) LOS objects, 27% free, 42MB/58MB, paused 1.415ms total 52.849ms
08-04 02:51:41.281 15256 22817 E baseline.com.newsblur.network.APIResponse: Error (unexpected end of stream on https://www.newsblur.com/...) calling https://www.newsblur.com/reader/mark_story_hashes_as_read/
08-04 02:51:41.281 15256 22817 E baseline.com.newsblur.network.APIResponse: java.io.IOException: unexpected end of stream on https://www.newsblur.com/...
08-04 02:51:41.281 15256 22817 E baseline.com.newsblur.network.APIResponse: 	at okhttp3.internal.http1.Http1ExchangeCodec.readResponseHeaders(Http1ExchangeCodec.java:236)
08-04 02:51:41.281 15256 22817 E baseline.com.newsblur.network.APIResponse: 	at okhttp3.internal.connection.Exchange.readResponseHeaders(Exchange.java:115)
08-04 02:51:41.281 15256 22817 E baseline.com.newsblur.network.APIResponse: 	at okhttp3.internal.http.CallServerInterceptor.intercept(CallServerInterceptor.java:94)
08-04 02:51:41.281 15256 22817 E baseline.com.newsblur.network.APIResponse: 	at okhttp3.internal.http.RealInterceptorChain.proceed(RealInterceptorChain.java:142)
08-04 02:51:41.281 15256 22817 E baseline.com.newsblur.network.APIResponse: 	at okhttp3.internal.connection.ConnectInterceptor.intercept(ConnectInterceptor.java:43)
08-04 02:51:41.281 15256 22817 E baseline.com.newsblur.network.APIResponse: 	at okhttp3.internal.http.RealInterceptorChain.proceed(RealInterceptorChain.java:142)
08-04 02:51:41.281 15256 22817 E baseline.com.newsblur.network.APIResponse: 	at okhttp3.internal.http.RealInterceptorChain.proceed(RealInterceptorChain.java:117)
08-04 02:51:41.281 15256 22817 E baseline.com.newsblur.network.APIResponse: 	at okhttp3.internal.cache.CacheInterceptor.intercept(CacheInterceptor.java:94)
08-04 02:51:41.281 15256 22817 E baseline.com.newsblur.network.APIResponse: 	at okhttp3.internal.http.RealInterceptorChain.proceed(RealInterceptorChain.java:142)
08-04 02:51:41.281 15256 22817 E baseline.com.newsblur.network.APIResponse: 	at okhttp3.internal.http.RealInterceptorChain.proceed(RealInterceptorChain.java:117)
08-04 02:51:41.281 15256 22817 E baseline.com.newsblur.network.APIResponse: 	at okhttp3.internal.http.BridgeInterceptor.intercept(BridgeInterceptor.java:93)
08-04 02:51:41.281 15256 22817 E baseline.com.newsblur.network.APIResponse: 	at okhttp3.internal.http.RealInterceptorChain.proceed(RealInterceptorChain.java:142)
08-04 02:51:41.281 15256 22817 E baseline.com.newsblur.network.APIResponse: 	at okhttp3.internal.http.RetryAndFollowUpInterceptor.intercept(RetryAndFollowUpInterceptor.java:88)
08-04 02:51:41.281 15256 22817 E baseline.com.newsblur.network.APIResponse: 	at okhttp3.internal.http.RealInterceptorChain.proceed(RealInterceptorChain.java:142)
08-04 02:51:41.281 15256 22817 E baseline.com.newsblur.network.APIResponse: 	at okhttp3.internal.http.RealInterceptorChain.proceed(RealInterceptorChain.java:117)
08-04 02:51:41.281 15256 22817 E baseline.com.newsblur.network.APIResponse: 	at okhttp3.RealCall.getResponseWithInterceptorChain(RealCall.java:229)
08-04 02:51:41.281 15256 22817 E baseline.com.newsblur.network.APIResponse: 	at okhttp3.RealCall.execute(RealCall.java:81)
08-04 02:51:41.281 15256 22817 E baseline.com.newsblur.network.APIResponse: 	at baseline.com.newsblur.network.APIResponse.<init>(APIResponse.java:57)
08-04 02:51:41.281 15256 22817 E baseline.com.newsblur.network.APIResponse: 	at baseline.com.newsblur.network.APIResponse.<init>(APIResponse.java:43)
08-04 02:51:41.281 15256 22817 E baseline.com.newsblur.network.APIResponse: 	at baseline.com.newsblur.network.APIManager.post_single(APIManager.java:702)
08-04 02:51:41.281 15256 22817 E baseline.com.newsblur.network.APIResponse: 	at baseline.com.newsblur.network.APIManager.post(APIManager.java:675)
08-04 02:51:41.281 15256 22817 E baseline.com.newsblur.network.APIResponse: 	at baseline.com.newsblur.network.APIManager.post(APIManager.java:714)
08-04 02:51:41.281 15256 22817 E baseline.com.newsblur.network.APIResponse: 	at baseline.com.newsblur.network.APIManager.markStoryAsRead(APIManager.java:205)
08-04 02:51:41.281 15256 22817 E baseline.com.newsblur.network.APIResponse: 	at baseline.com.newsblur.util.ReadingAction.doRemote(ReadingAction.java:281)
08-04 02:51:41.281 15256 22817 E baseline.com.newsblur.network.APIResponse: 	at baseline.com.newsblur.service.NBSyncService.syncActions(NBSyncService.java:400)
08-04 02:51:41.281 15256 22817 E baseline.com.newsblur.network.APIResponse: 	at baseline.com.newsblur.service.NBSyncService.doSync(NBSyncService.java:298)
08-04 02:51:41.281 15256 22817 E baseline.com.newsblur.network.APIResponse: 	at baseline.com.newsblur.service.NBSyncService.access$100(NBSyncService.java:67)
08-04 02:51:41.281 15256 22817 E baseline.com.newsblur.network.APIResponse: 	at baseline.com.newsblur.service.NBSyncService$1.run(NBSyncService.java:188)
08-04 02:51:41.281 15256 22817 E baseline.com.newsblur.network.APIResponse: 	at java.util.concurrent.ThreadPoolExecutor.runWorker(ThreadPoolExecutor.java:1113)
08-04 02:51:41.281 15256 22817 E baseline.com.newsblur.network.APIResponse: 	at java.util.concurrent.ThreadPoolExecutor$Worker.run(ThreadPoolExecutor.java:588)
08-04 02:51:41.281 15256 22817 E baseline.com.newsblur.network.APIResponse: 	at java.lang.Thread.run(Thread.java:818)
08-04 02:51:41.281 15256 22817 E baseline.com.newsblur.network.APIResponse: Caused by: java.io.EOFException: \n not found: limit=0 content=
08-04 02:51:41.281 15256 22817 E baseline.com.newsblur.network.APIResponse: 	at okio.RealBufferedSource.readUtf8LineStrict(RealBufferedSource.java:240)
08-04 02:51:41.281 15256 22817 E baseline.com.newsblur.network.APIResponse: 	at okhttp3.internal.http1.Http1ExchangeCodec.readHeaderLine(Http1ExchangeCodec.java:242)
08-04 02:51:41.281 15256 22817 E baseline.com.newsblur.network.APIResponse: 	at okhttp3.internal.http1.Http1ExchangeCodec.readResponseHeaders(Http1ExchangeCodec.java:213)
08-04 02:51:41.281 15256 22817 E baseline.com.newsblur.network.APIResponse: 	... 30 more
08-04 02:51:41.284 15256 22817 I baseline.com.newsblur.network.APIManager: API call failed, pausing before retry number 2
08-04 02:51:41.512 15256 15272 I art     : Starting a blocking GC Explicit
08-04 02:51:41.568 15256 15272 I art     : Explicit concurrent mark sweep GC freed 3991(359KB) AllocSpace objects, 3(60KB) LOS objects, 27% free, 42MB/58MB, paused 1.237ms total 55.843ms
08-04 02:51:41.580 15256 15272 I art     : Starting a blocking GC Explicit
08-04 02:51:41.634 15256 15272 I art     : Explicit concurrent mark sweep GC freed 109(3KB) AllocSpace objects, 0(0B) LOS objects, 27% free, 42MB/58MB, paused 1.210ms total 53.359ms
08-04 02:51:41.646 15256 15272 I art     : Starting a blocking GC Explicit
08-04 02:51:41.701 15256 15272 I art     : Explicit concurrent mark sweep GC freed 3(96B) AllocSpace objects, 0(0B) LOS objects, 27% free, 42MB/58MB, paused 1.193ms total 54.274ms
08-04 02:51:41.713 15256 15272 I art     : Starting a blocking GC Explicit
08-04 02:51:41.768 15256 15272 I art     : Explicit concurrent mark sweep GC freed 3(96B) AllocSpace objects, 0(0B) LOS objects, 27% free, 42MB/58MB, paused 1.295ms total 54.688ms
08-04 02:51:41.781 15256 15272 I art     : Starting a blocking GC Explicit
08-04 02:51:41.834 15256 15272 I art     : Explicit concurrent mark sweep GC freed 3(96B) AllocSpace objects, 0(0B) LOS objects, 27% free, 42MB/58MB, paused 1.177ms total 53.075ms
08-04 02:51:42.207 15256 20845 I art     : Starting a blocking GC Explicit
08-04 02:51:42.262 15256 20845 I art     : Explicit concurrent mark sweep GC freed 1446(83KB) AllocSpace objects, 1(20KB) LOS objects, 27% free, 42MB/58MB, paused 1.226ms total 54.407ms
08-04 02:51:42.274 15256 20845 I art     : Starting a blocking GC Explicit
08-04 02:51:42.328 15256 20845 I art     : Explicit concurrent mark sweep GC freed 22(784B) AllocSpace objects, 0(0B) LOS objects, 27% free, 42MB/58MB, paused 1.302ms total 53.168ms
08-04 02:51:42.340 15256 20845 I art     : Starting a blocking GC Explicit
08-04 02:51:42.394 15256 20845 I art     : Explicit concurrent mark sweep GC freed 3(96B) AllocSpace objects, 0(0B) LOS objects, 27% free, 42MB/58MB, paused 1.248ms total 54.167ms
08-04 02:51:42.407 15256 20845 I art     : Starting a blocking GC Explicit
08-04 02:51:42.460 15256 20845 I art     : Explicit concurrent mark sweep GC freed 3(96B) AllocSpace objects, 0(0B) LOS objects, 27% free, 42MB/58MB, paused 1.234ms total 53.422ms
08-04 02:51:42.473 15256 20845 I art     : Starting a blocking GC Explicit
08-04 02:51:42.527 15256 20845 I art     : Explicit concurrent mark sweep GC freed 3(96B) AllocSpace objects, 0(0B) LOS objects, 27% free, 42MB/58MB, paused 1.240ms total 54.137ms
08-04 02:51:42.910 15256 22782 I art     : Starting a blocking GC Explicit
08-04 02:51:42.967 15256 22782 I art     : Explicit concurrent mark sweep GC freed 1445(83KB) AllocSpace objects, 1(20KB) LOS objects, 27% free, 42MB/58MB, paused 1.199ms total 55.722ms
08-04 02:51:42.982 15256 22782 I art     : Starting a blocking GC Explicit
08-04 02:51:43.032 15256 22782 I art     : Explicit concurrent mark sweep GC freed 22(784B) AllocSpace objects, 0(0B) LOS objects, 27% free, 42MB/58MB, paused 1.187ms total 50.399ms
08-04 02:51:43.044 15256 22782 I art     : Starting a blocking GC Explicit
08-04 02:51:43.096 15256 22782 I art     : Explicit concurrent mark sweep GC freed 3(96B) AllocSpace objects, 0(0B) LOS objects, 27% free, 42MB/58MB, paused 1.225ms total 52.376ms
08-04 02:51:43.108 15256 22782 I art     : Starting a blocking GC Explicit
08-04 02:51:43.160 15256 22782 I art     : Explicit concurrent mark sweep GC freed 3(96B) AllocSpace objects, 0(0B) LOS objects, 27% free, 42MB/58MB, paused 1.218ms total 52.053ms
08-04 02:51:43.172 15256 22782 I art     : Starting a blocking GC Explicit
08-04 02:51:43.225 15256 22782 I art     : Explicit concurrent mark sweep GC freed 3(96B) AllocSpace objects, 0(0B) LOS objects, 27% free, 42MB/58MB, paused 1.191ms total 52.124ms
08-04 02:51:43.610 15256 20844 I art     : Starting a blocking GC Explicit
08-04 02:51:43.665 15256 20844 I art     : Explicit concurrent mark sweep GC freed 1761(100KB) AllocSpace objects, 1(20KB) LOS objects, 27% free, 42MB/58MB, paused 1.270ms total 54.410ms
08-04 02:51:43.677 15256 20844 I art     : Starting a blocking GC Explicit
08-04 02:51:43.725 15256 20844 I art     : Explicit concurrent mark sweep GC freed 227(9KB) AllocSpace objects, 0(0B) LOS objects, 27% free, 42MB/58MB, paused 1.151ms total 47.876ms
08-04 02:51:43.737 15256 20844 I art     : Starting a blocking GC Explicit
08-04 02:51:43.784 15256 20844 I art     : Explicit concurrent mark sweep GC freed 570(26KB) AllocSpace objects, 0(0B) LOS objects, 27% free, 42MB/58MB, paused 1.155ms total 46.795ms
08-04 02:51:43.796 15256 20844 I art     : Starting a blocking GC Explicit
08-04 02:51:43.841 15256 20844 I art     : Explicit concurrent mark sweep GC freed 4338(346KB) AllocSpace objects, 1(20KB) LOS objects, 27% free, 42MB/58MB, paused 1.155ms total 45.364ms
08-04 02:51:43.852 15256 20844 I art     : Starting a blocking GC Explicit
08-04 02:51:43.901 15256 20844 I art     : Explicit concurrent mark sweep GC freed 423(22KB) AllocSpace objects, 0(0B) LOS objects, 27% free, 42MB/58MB, paused 1.282ms total 48.566ms
08-04 02:51:43.913 23114 23114 D AndroidRuntime: >>>>>> START com.android.internal.os.RuntimeInit uid 2000 <<<<<<
08-04 02:51:43.918 23114 23114 D AndroidRuntime: CheckJNI is OFF
08-04 02:51:43.950 23114 23114 D ICU     : No timezone override file found: /data/misc/zoneinfo/current/icu/icu_tzdata.dat
08-04 02:51:43.982 23114 23114 I Radio-JNI: register_android_hardware_Radio DONE
08-04 02:51:44.004 23114 23114 D AndroidRuntime: Calling main entry com.android.commands.input.Input
08-04 02:51:44.005 23114 23114 I Input   : injectKeyEvent: KeyEvent { action=ACTION_DOWN, keyCode=KEYCODE_BACK, scanCode=0, metaState=0, flags=0x0, repeatCount=0, eventTime=672720419, downTime=672720419, deviceId=-1, source=0x101 }
08-04 02:51:44.012 23114 23114 I Input   : injectKeyEvent: KeyEvent { action=ACTION_UP, keyCode=KEYCODE_BACK, scanCode=0, metaState=0, flags=0x0, repeatCount=0, eventTime=672720419, downTime=672720419, deviceId=-1, source=0x101 }
08-04 02:51:44.020 23114 23114 D AndroidRuntime: Shutting down VM
08-04 02:51:44.030 15256 15256 D baseline.com.newsblur.service.NBSyncService: rejecting request for feedset that is exhaused
08-04 02:51:44.175 15256 15256 D baseline.com.newsblur.service.NBSyncService: rejecting request for feedset that is exhaused
08-04 02:51:44.177 13866 13866 I GoogleInputMethodServic: GoogleInputMethodService.onFinishInput():3138 
08-04 02:51:44.178 13866 13866 I GoogleInputMethodServic: GoogleInputMethodService.onStartInput():1808 
08-04 02:51:44.199 15256 20844 I art     : Starting a blocking GC Explicit
08-04 02:51:44.255 15256 20844 I art     : Explicit concurrent mark sweep GC freed 3221(238KB) AllocSpace objects, 5(100KB) LOS objects, 27% free, 42MB/58MB, paused 1.272ms total 55.435ms
08-04 02:51:44.267 15256 20844 I art     : Starting a blocking GC Explicit
08-04 02:51:44.311 15256 20844 I art     : Explicit concurrent mark sweep GC freed 1049(89KB) AllocSpace objects, 1(28KB) LOS objects, 27% free, 42MB/58MB, paused 1.149ms total 43.088ms
08-04 02:51:44.321 15256 20844 I art     : Starting a blocking GC Explicit
08-04 02:51:44.369 15256 20844 I art     : Explicit concurrent mark sweep GC freed 1749(69KB) AllocSpace objects, 0(0B) LOS objects, 27% free, 42MB/58MB, paused 1.347ms total 47.196ms
08-04 02:51:44.382 15256 20844 I art     : Starting a blocking GC Explicit
08-04 02:51:44.440 15256 20844 I art     : Explicit concurrent mark sweep GC freed 341(27KB) AllocSpace objects, 0(0B) LOS objects, 27% free, 42MB/58MB, paused 1.165ms total 57.480ms
08-04 02:51:44.455 15256 20844 I art     : Starting a blocking GC Explicit
08-04 02:51:44.514 15256 20844 I art     : Explicit concurrent mark sweep GC freed 424(18KB) AllocSpace objects, 0(0B) LOS objects, 27% free, 42MB/58MB, paused 2.071ms total 58.195ms
08-04 02:51:44.660 15256 22817 E baseline.com.newsblur.network.APIResponse: Error (unexpected end of stream on https://www.newsblur.com/...) calling https://www.newsblur.com/reader/mark_story_hashes_as_read/
08-04 02:51:44.660 15256 22817 E baseline.com.newsblur.network.APIResponse: java.io.IOException: unexpected end of stream on https://www.newsblur.com/...
08-04 02:51:44.660 15256 22817 E baseline.com.newsblur.network.APIResponse: 	at okhttp3.internal.http1.Http1ExchangeCodec.readResponseHeaders(Http1ExchangeCodec.java:236)
08-04 02:51:44.660 15256 22817 E baseline.com.newsblur.network.APIResponse: 	at okhttp3.internal.connection.Exchange.readResponseHeaders(Exchange.java:115)
08-04 02:51:44.660 15256 22817 E baseline.com.newsblur.network.APIResponse: 	at okhttp3.internal.http.CallServerInterceptor.intercept(CallServerInterceptor.java:94)
08-04 02:51:44.660 15256 22817 E baseline.com.newsblur.network.APIResponse: 	at okhttp3.internal.http.RealInterceptorChain.proceed(RealInterceptorChain.java:142)
08-04 02:51:44.660 15256 22817 E baseline.com.newsblur.network.APIResponse: 	at okhttp3.internal.connection.ConnectInterceptor.intercept(ConnectInterceptor.java:43)
08-04 02:51:44.660 15256 22817 E baseline.com.newsblur.network.APIResponse: 	at okhttp3.internal.http.RealInterceptorChain.proceed(RealInterceptorChain.java:142)
08-04 02:51:44.660 15256 22817 E baseline.com.newsblur.network.APIResponse: 	at okhttp3.internal.http.RealInterceptorChain.proceed(RealInterceptorChain.java:117)
08-04 02:51:44.660 15256 22817 E baseline.com.newsblur.network.APIResponse: 	at okhttp3.internal.cache.CacheInterceptor.intercept(CacheInterceptor.java:94)
08-04 02:51:44.660 15256 22817 E baseline.com.newsblur.network.APIResponse: 	at okhttp3.internal.http.RealInterceptorChain.proceed(RealInterceptorChain.java:142)
08-04 02:51:44.660 15256 22817 E baseline.com.newsblur.network.APIResponse: 	at okhttp3.internal.http.RealInterceptorChain.proceed(RealInterceptorChain.java:117)
08-04 02:51:44.660 15256 22817 E baseline.com.newsblur.network.APIResponse: 	at okhttp3.internal.http.BridgeInterceptor.intercept(BridgeInterceptor.java:93)
08-04 02:51:44.660 15256 22817 E baseline.com.newsblur.network.APIResponse: 	at okhttp3.internal.http.RealInterceptorChain.proceed(RealInterceptorChain.java:142)
08-04 02:51:44.660 15256 22817 E baseline.com.newsblur.network.APIResponse: 	at okhttp3.internal.http.RetryAndFollowUpInterceptor.intercept(RetryAndFollowUpInterceptor.java:88)
08-04 02:51:44.660 15256 22817 E baseline.com.newsblur.network.APIResponse: 	at okhttp3.internal.http.RealInterceptorChain.proceed(RealInterceptorChain.java:142)
08-04 02:51:44.660 15256 22817 E baseline.com.newsblur.network.APIResponse: 	at okhttp3.internal.http.RealInterceptorChain.proceed(RealInterceptorChain.java:117)
08-04 02:51:44.660 15256 22817 E baseline.com.newsblur.network.APIResponse: 	at okhttp3.RealCall.getResponseWithInterceptorChain(RealCall.java:229)
08-04 02:51:44.660 15256 22817 E baseline.com.newsblur.network.APIResponse: 	at okhttp3.RealCall.execute(RealCall.java:81)
08-04 02:51:44.660 15256 22817 E baseline.com.newsblur.network.APIResponse: 	at baseline.com.newsblur.network.APIResponse.<init>(APIResponse.java:57)
08-04 02:51:44.660 15256 22817 E baseline.com.newsblur.network.APIResponse: 	at baseline.com.newsblur.network.APIResponse.<init>(APIResponse.java:43)
08-04 02:51:44.660 15256 22817 E baseline.com.newsblur.network.APIResponse: 	at baseline.com.newsblur.network.APIManager.post_single(APIManager.java:702)
08-04 02:51:44.660 15256 22817 E baseline.com.newsblur.network.APIResponse: 	at baseline.com.newsblur.network.APIManager.post(APIManager.java:675)
08-04 02:51:44.660 15256 22817 E baseline.com.newsblur.network.APIResponse: 	at baseline.com.newsblur.network.APIManager.post(APIManager.java:714)
08-04 02:51:44.660 15256 22817 E baseline.com.newsblur.network.APIResponse: 	at baseline.com.newsblur.network.APIManager.markStoryAsRead(APIManager.java:205)
08-04 02:51:44.660 15256 22817 E baseline.com.newsblur.network.APIResponse: 	at baseline.com.newsblur.util.ReadingAction.doRemote(ReadingAction.java:281)
08-04 02:51:44.660 15256 22817 E baseline.com.newsblur.network.APIResponse: 	at baseline.com.newsblur.service.NBSyncService.syncActions(NBSyncService.java:400)
08-04 02:51:44.660 15256 22817 E baseline.com.newsblur.network.APIResponse: 	at baseline.com.newsblur.service.NBSyncService.doSync(NBSyncService.java:298)
08-04 02:51:44.660 15256 22817 E baseline.com.newsblur.network.APIResponse: 	at baseline.com.newsblur.service.NBSyncService.access$100(NBSyncService.java:67)
08-04 02:51:44.660 15256 22817 E baseline.com.newsblur.network.APIResponse: 	at baseline.com.newsblur.service.NBSyncService$1.run(NBSyncService.java:188)
08-04 02:51:44.660 15256 22817 E baseline.com.newsblur.network.APIResponse: 	at java.util.concurrent.ThreadPoolExecutor.runWorker(ThreadPoolExecutor.java:1113)
08-04 02:51:44.660 15256 22817 E baseline.com.newsblur.network.APIResponse: 	at java.util.concurrent.ThreadPoolExecutor$Worker.run(ThreadPoolExecutor.java:588)
08-04 02:51:44.660 15256 22817 E baseline.com.newsblur.network.APIResponse: 	at java.lang.Thread.run(Thread.java:818)
08-04 02:51:44.660 15256 22817 E baseline.com.newsblur.network.APIResponse: Caused by: java.io.EOFException: \n not found: limit=0 content=
08-04 02:51:44.660 15256 22817 E baseline.com.newsblur.network.APIResponse: 	at okio.RealBufferedSource.readUtf8LineStrict(RealBufferedSource.java:240)
08-04 02:51:44.660 15256 22817 E baseline.com.newsblur.network.APIResponse: 	at okhttp3.internal.http1.Http1ExchangeCodec.readHeaderLine(Http1ExchangeCodec.java:242)
08-04 02:51:44.660 15256 22817 E baseline.com.newsblur.network.APIResponse: 	at okhttp3.internal.http1.Http1ExchangeCodec.readResponseHeaders(Http1ExchangeCodec.java:213)
08-04 02:51:44.660 15256 22817 E baseline.com.newsblur.network.APIResponse: 	... 30 more
08-04 02:51:44.661 15256 22817 I baseline.com.newsblur.service.NBSyncService: Holding reading action with server-side or network error.
08-04 02:51:44.671 15256 22817 W baseline.com.newsblur.service.NBSyncService: hard API failure
08-04 02:51:44.681 15256 22817 I baseline.com.newsblur.service.NBSyncService: recounting dirty feed sets: 1
08-04 02:51:44.864 15256 15272 I art     : Starting a blocking GC Explicit
08-04 02:51:44.927 15256 15272 I art     : Explicit concurrent mark sweep GC freed 5943(492KB) AllocSpace objects, 6(120KB) LOS objects, 27% free, 42MB/58MB, paused 1.194ms total 62.371ms
08-04 02:51:44.941 15256 15272 I art     : Starting a blocking GC Explicit
08-04 02:51:44.996 15256 15272 I art     : Explicit concurrent mark sweep GC freed 434(18KB) AllocSpace objects, 0(0B) LOS objects, 27% free, 42MB/58MB, paused 1.455ms total 54.231ms
08-04 02:51:45.008 15256 15272 I art     : Starting a blocking GC Explicit
08-04 02:51:45.061 15256 22817 E baseline.com.newsblur.network.APIResponse: Error (unexpected end of stream on https://www.newsblur.com/...) calling https://www.newsblur.com/reader/feed_unread_count?feed_id=0
08-04 02:51:45.061 15256 22817 E baseline.com.newsblur.network.APIResponse: java.io.IOException: unexpected end of stream on https://www.newsblur.com/...
08-04 02:51:45.061 15256 22817 E baseline.com.newsblur.network.APIResponse: 	at okhttp3.internal.http1.Http1ExchangeCodec.readResponseHeaders(Http1ExchangeCodec.java:236)
08-04 02:51:45.061 15256 22817 E baseline.com.newsblur.network.APIResponse: 	at okhttp3.internal.connection.Exchange.readResponseHeaders(Exchange.java:115)
08-04 02:51:45.061 15256 22817 E baseline.com.newsblur.network.APIResponse: 	at okhttp3.internal.http.CallServerInterceptor.intercept(CallServerInterceptor.java:94)
08-04 02:51:45.061 15256 22817 E baseline.com.newsblur.network.APIResponse: 	at okhttp3.internal.http.RealInterceptorChain.proceed(RealInterceptorChain.java:142)
08-04 02:51:45.061 15256 22817 E baseline.com.newsblur.network.APIResponse: 	at okhttp3.internal.connection.ConnectInterceptor.intercept(ConnectInterceptor.java:43)
08-04 02:51:45.061 15256 22817 E baseline.com.newsblur.network.APIResponse: 	at okhttp3.internal.http.RealInterceptorChain.proceed(RealInterceptorChain.java:142)
08-04 02:51:45.061 15256 22817 E baseline.com.newsblur.network.APIResponse: 	at okhttp3.internal.http.RealInterceptorChain.proceed(RealInterceptorChain.java:117)
08-04 02:51:45.061 15256 22817 E baseline.com.newsblur.network.APIResponse: 	at okhttp3.internal.cache.CacheInterceptor.intercept(CacheInterceptor.java:94)
08-04 02:51:45.061 15256 22817 E baseline.com.newsblur.network.APIResponse: 	at okhttp3.internal.http.RealInterceptorChain.proceed(RealInterceptorChain.java:142)
08-04 02:51:45.061 15256 22817 E baseline.com.newsblur.network.APIResponse: 	at okhttp3.internal.http.RealInterceptorChain.proceed(RealInterceptorChain.java:117)
08-04 02:51:45.061 15256 22817 E baseline.com.newsblur.network.APIResponse: 	at okhttp3.internal.http.BridgeInterceptor.intercept(BridgeInterceptor.java:93)
08-04 02:51:45.061 15256 22817 E baseline.com.newsblur.network.APIResponse: 	at okhttp3.internal.http.RealInterceptorChain.proceed(RealInterceptorChain.java:142)
08-04 02:51:45.061 15256 22817 E baseline.com.newsblur.network.APIResponse: 	at okhttp3.internal.http.RetryAndFollowUpInterceptor.intercept(RetryAndFollowUpInterceptor.java:88)
08-04 02:51:45.061 15256 22817 E baseline.com.newsblur.network.APIResponse: 	at okhttp3.internal.http.RealInterceptorChain.proceed(RealInterceptorChain.java:142)
08-04 02:51:45.061 15256 22817 E baseline.com.newsblur.network.APIResponse: 	at okhttp3.internal.http.RealInterceptorChain.proceed(RealInterceptorChain.java:117)
08-04 02:51:45.061 15256 22817 E baseline.com.newsblur.network.APIResponse: 	at okhttp3.RealCall.getResponseWithInterceptorChain(RealCall.java:229)
08-04 02:51:45.061 15256 22817 E baseline.com.newsblur.network.APIResponse: 	at okhttp3.RealCall.execute(RealCall.java:81)
08-04 02:51:45.061 15256 22817 E baseline.com.newsblur.network.APIResponse: 	at baseline.com.newsblur.network.APIResponse.<init>(APIResponse.java:57)
08-04 02:51:45.061 15256 22817 E baseline.com.newsblur.network.APIResponse: 	at baseline.com.newsblur.network.APIManager.get_single(APIManager.java:639)
08-04 02:51:45.061 15256 22817 E baseline.com.newsblur.network.APIResponse: 	at baseline.com.newsblur.network.APIManager.get(APIManager.java:625)
08-04 02:51:45.061 15256 22817 E baseline.com.newsblur.network.APIResponse: 	at baseline.com.newsblur.network.APIManager.get(APIManager.java:667)
08-04 02:51:45.061 15256 22817 E baseline.com.newsblur.network.APIResponse: 	at baseline.com.newsblur.network.APIManager.getFeedUnreadCounts(APIManager.java:274)
08-04 02:51:45.061 15256 22817 E baseline.com.newsblur.network.APIResponse: 	at baseline.com.newsblur.service.NBSyncService.checkRecounts(NBSyncService.java:660)
08-04 02:51:45.061 15256 22817 E baseline.com.newsblur.network.APIResponse: 	at baseline.com.newsblur.service.NBSyncService.doSync(NBSyncService.java:310)
08-04 02:51:45.061 15256 22817 E baseline.com.newsblur.network.APIResponse: 	at baseline.com.newsblur.service.NBSyncService.access$100(NBSyncService.java:67)
08-04 02:51:45.061 15256 22817 E baseline.com.newsblur.network.APIResponse: 	at baseline.com.newsblur.service.NBSyncService$1.run(NBSyncService.java:188)
08-04 02:51:45.061 15256 22817 E baseline.com.newsblur.network.APIResponse: 	at java.util.concurrent.ThreadPoolExecutor.runWorker(ThreadPoolExecutor.java:1113)
08-04 02:51:45.061 15256 22817 E baseline.com.newsblur.network.APIResponse: 	at java.util.concurrent.ThreadPoolExecutor$Worker.run(ThreadPoolExecutor.java:588)
08-04 02:51:45.061 15256 22817 E baseline.com.newsblur.network.APIResponse: 	at java.lang.Thread.run(Thread.java:818)
08-04 02:51:45.061 15256 22817 E baseline.com.newsblur.network.APIResponse: Caused by: java.io.EOFException: \n not found: limit=0 content=
08-04 02:51:45.061 15256 22817 E baseline.com.newsblur.network.APIResponse: 	at okio.RealBufferedSource.readUtf8LineStrict(RealBufferedSource.java:240)
08-04 02:51:45.061 15256 22817 E baseline.com.newsblur.network.APIResponse: 	at okhttp3.internal.http1.Http1ExchangeCodec.readHeaderLine(Http1ExchangeCodec.java:242)
08-04 02:51:45.061 15256 22817 E baseline.com.newsblur.network.APIResponse: 	at okhttp3.internal.http1.Http1ExchangeCodec.readResponseHeaders(Http1ExchangeCodec.java:213)
08-04 02:51:45.061 15256 22817 E baseline.com.newsblur.network.APIResponse: 	... 28 more
08-04 02:51:45.062 15256 15272 I art     : Explicit concurrent mark sweep GC freed 1751(68KB) AllocSpace objects, 0(0B) LOS objects, 27% free, 42MB/58MB, paused 1.500ms total 53.538ms
08-04 02:51:45.063 15256 22817 I baseline.com.newsblur.network.APIManager: API call failed, pausing before retry number 1
08-04 02:51:45.074 15256 15272 I art     : Starting a blocking GC Explicit
08-04 02:51:45.122 15256 15272 I art     : Explicit concurrent mark sweep GC freed 800(206KB) AllocSpace objects, 2(40KB) LOS objects, 27% free, 41MB/57MB, paused 1.114ms total 47.592ms
08-04 02:51:45.135 15256 15272 I art     : Starting a blocking GC Explicit
08-04 02:51:45.190 15256 15272 I art     : Explicit concurrent mark sweep GC freed 56(2080B) AllocSpace objects, 0(0B) LOS objects, 27% free, 41MB/57MB, paused 1.334ms total 54.664ms
08-04 02:51:45.533 15256 20845 I art     : Starting a blocking GC Explicit
08-04 02:51:45.594 15256 20845 I art     : Explicit concurrent mark sweep GC freed 1493(84KB) AllocSpace objects, 1(20KB) LOS objects, 27% free, 41MB/57MB, paused 1.380ms total 60.455ms
08-04 02:51:45.609 15256 20845 I art     : Starting a blocking GC Explicit
08-04 02:51:45.660 15256 20845 I art     : Explicit concurrent mark sweep GC freed 25(880B) AllocSpace objects, 0(0B) LOS objects, 27% free, 41MB/57MB, paused 1.189ms total 50.448ms
08-04 02:51:45.671 15256 20845 I art     : Starting a blocking GC Explicit
08-04 02:51:45.687 23147 23147 D AndroidRuntime: >>>>>> START com.android.internal.os.RuntimeInit uid 2000 <<<<<<
08-04 02:51:45.691 23147 23147 D AndroidRuntime: CheckJNI is OFF
08-04 02:51:45.720 15256 20845 I art     : Explicit concurrent mark sweep GC freed 3(96B) AllocSpace objects, 0(0B) LOS objects, 27% free, 41MB/57MB, paused 1.242ms total 48.362ms
08-04 02:51:45.728 23147 23147 D ICU     : No timezone override file found: /data/misc/zoneinfo/current/icu/icu_tzdata.dat
08-04 02:51:45.731 15256 20845 I art     : Starting a blocking GC Explicit
08-04 02:51:45.750   518   646 I ThermalEngine: ACTION: GPU - Setting GPU[0] to 450000000
08-04 02:51:45.767 23147 23147 I Radio-JNI: register_android_hardware_Radio DONE
08-04 02:51:45.797 23147 23147 D AndroidRuntime: Calling main entry com.android.commands.input.Input
08-04 02:51:45.798 23147 23147 I Input   : injectKeyEvent: KeyEvent { action=ACTION_DOWN, keyCode=KEYCODE_BACK, scanCode=0, metaState=0, flags=0x0, repeatCount=0, eventTime=672722211, downTime=672722211, deviceId=-1, source=0x101 }
08-04 02:51:45.800 15256 20845 I art     : Explicit concurrent mark sweep GC freed 3(96B) AllocSpace objects, 0(0B) LOS objects, 27% free, 41MB/57MB, paused 1.612ms total 68.270ms
08-04 02:51:45.807 23147 23147 I Input   : injectKeyEvent: KeyEvent { action=ACTION_UP, keyCode=KEYCODE_BACK, scanCode=0, metaState=0, flags=0x0, repeatCount=0, eventTime=672722211, downTime=672722211, deviceId=-1, source=0x101 }
08-04 02:51:45.815 15256 20845 I art     : Starting a blocking GC Explicit
08-04 02:51:45.815 23147 23147 D AndroidRuntime: Shutting down VM
08-04 02:51:45.871 15256 20845 I art     : Explicit concurrent mark sweep GC freed 337(65KB) AllocSpace objects, 4(80KB) LOS objects, 27% free, 42MB/58MB, paused 1.608ms total 56.260ms
08-04 02:51:46.028 13866 13866 I GoogleInputMethodServic: GoogleInputMethodService.onFinishInput():3138 
08-04 02:51:46.029 13866 13866 I GoogleInputMethodServic: GoogleInputMethodService.onStartInput():1808 
08-04 02:51:46.232 15256 20845 I art     : Starting a blocking GC Explicit
08-04 02:51:46.289 15256 20845 I art     : Explicit concurrent mark sweep GC freed 9448(601KB) AllocSpace objects, 9(180KB) LOS objects, 27% free, 42MB/58MB, paused 1.473ms total 56.864ms
08-04 02:51:46.303 15256 20845 I art     : Starting a blocking GC Explicit
08-04 02:51:46.359 15256 20845 I art     : Explicit concurrent mark sweep GC freed 210(8KB) AllocSpace objects, 0(0B) LOS objects, 27% free, 41MB/57MB, paused 1.520ms total 55.110ms
08-04 02:51:46.373 15256 20845 I art     : Starting a blocking GC Explicit
08-04 02:51:46.429 15256 20845 I art     : Explicit concurrent mark sweep GC freed 410(18KB) AllocSpace objects, 0(0B) LOS objects, 27% free, 41MB/57MB, paused 1.410ms total 55.297ms
08-04 02:51:46.443 15256 20845 I art     : Starting a blocking GC Explicit
08-04 02:51:46.499 15256 20845 I art     : Explicit concurrent mark sweep GC freed 53(2208B) AllocSpace objects, 0(0B) LOS objects, 27% free, 41MB/57MB, paused 1.602ms total 55.798ms
08-04 02:51:46.513 15256 20845 I art     : Starting a blocking GC Explicit
08-04 02:51:46.571 15256 20845 I art     : Explicit concurrent mark sweep GC freed 241(10KB) AllocSpace objects, 0(0B) LOS objects, 27% free, 41MB/57MB, paused 1.750ms total 57.873ms
08-04 02:51:46.950 15256 20845 I art     : Starting a blocking GC Explicit
08-04 02:51:47.017 15256 20845 I art     : Explicit concurrent mark sweep GC freed 1579(90KB) AllocSpace objects, 1(20KB) LOS objects, 27% free, 42MB/58MB, paused 1.901ms total 66.855ms
08-04 02:51:47.033 15256 20845 I art     : Starting a blocking GC Explicit
08-04 02:51:47.090 15256 20845 I art     : Explicit concurrent mark sweep GC freed 1684(65KB) AllocSpace objects, 0(0B) LOS objects, 27% free, 42MB/58MB, paused 1.535ms total 57.145ms
08-04 02:51:47.104 15256 22817 E baseline.com.newsblur.network.APIResponse: Error (unexpected end of stream on https://www.newsblur.com/...) calling https://www.newsblur.com/reader/feed_unread_count?feed_id=0
08-04 02:51:47.104 15256 22817 E baseline.com.newsblur.network.APIResponse: java.io.IOException: unexpected end of stream on https://www.newsblur.com/...
08-04 02:51:47.104 15256 22817 E baseline.com.newsblur.network.APIResponse: 	at okhttp3.internal.http1.Http1ExchangeCodec.readResponseHeaders(Http1ExchangeCodec.java:236)
08-04 02:51:47.104 15256 22817 E baseline.com.newsblur.network.APIResponse: 	at okhttp3.internal.connection.Exchange.readResponseHeaders(Exchange.java:115)
08-04 02:51:47.104 15256 22817 E baseline.com.newsblur.network.APIResponse: 	at okhttp3.internal.http.CallServerInterceptor.intercept(CallServerInterceptor.java:94)
08-04 02:51:47.104 15256 22817 E baseline.com.newsblur.network.APIResponse: 	at okhttp3.internal.http.RealInterceptorChain.proceed(RealInterceptorChain.java:142)
08-04 02:51:47.104 15256 22817 E baseline.com.newsblur.network.APIResponse: 	at okhttp3.internal.connection.ConnectInterceptor.intercept(ConnectInterceptor.java:43)
08-04 02:51:47.104 15256 22817 E baseline.com.newsblur.network.APIResponse: 	at okhttp3.internal.http.RealInterceptorChain.proceed(RealInterceptorChain.java:142)
08-04 02:51:47.104 15256 22817 E baseline.com.newsblur.network.APIResponse: 	at okhttp3.internal.http.RealInterceptorChain.proceed(RealInterceptorChain.java:117)
08-04 02:51:47.104 15256 22817 E baseline.com.newsblur.network.APIResponse: 	at okhttp3.internal.cache.CacheInterceptor.intercept(CacheInterceptor.java:94)
08-04 02:51:47.104 15256 22817 E baseline.com.newsblur.network.APIResponse: 	at okhttp3.internal.http.RealInterceptorChain.proceed(RealInterceptorChain.java:142)
08-04 02:51:47.104 15256 22817 E baseline.com.newsblur.network.APIResponse: 	at okhttp3.internal.http.RealInterceptorChain.proceed(RealInterceptorChain.java:117)
08-04 02:51:47.104 15256 22817 E baseline.com.newsblur.network.APIResponse: 	at okhttp3.internal.http.BridgeInterceptor.intercept(BridgeInterceptor.java:93)
08-04 02:51:47.104 15256 22817 E baseline.com.newsblur.network.APIResponse: 	at okhttp3.internal.http.RealInterceptorChain.proceed(RealInterceptorChain.java:142)
08-04 02:51:47.104 15256 22817 E baseline.com.newsblur.network.APIResponse: 	at okhttp3.internal.http.RetryAndFollowUpInterceptor.intercept(RetryAndFollowUpInterceptor.java:88)
08-04 02:51:47.104 15256 22817 E baseline.com.newsblur.network.APIResponse: 	at okhttp3.internal.http.RealInterceptorChain.proceed(RealInterceptorChain.java:142)
08-04 02:51:47.104 15256 22817 E baseline.com.newsblur.network.APIResponse: 	at okhttp3.internal.http.RealInterceptorChain.proceed(RealInterceptorChain.java:117)
08-04 02:51:47.104 15256 22817 E baseline.com.newsblur.network.APIResponse: 	at okhttp3.RealCall.getResponseWithInterceptorChain(RealCall.java:229)
08-04 02:51:47.104 15256 22817 E baseline.com.newsblur.network.APIResponse: 	at okhttp3.RealCall.execute(RealCall.java:81)
08-04 02:51:47.104 15256 22817 E baseline.com.newsblur.network.APIResponse: 	at baseline.com.newsblur.network.APIResponse.<init>(APIResponse.java:57)
08-04 02:51:47.104 15256 22817 E baseline.com.newsblur.network.APIResponse: 	at baseline.com.newsblur.network.APIManager.get_single(APIManager.java:639)
08-04 02:51:47.104 15256 22817 E baseline.com.newsblur.network.APIResponse: 	at baseline.com.newsblur.network.APIManager.get(APIManager.java:625)
08-04 02:51:47.104 15256 22817 E baseline.com.newsblur.network.APIResponse: 	at baseline.com.newsblur.network.APIManager.get(APIManager.java:667)
08-04 02:51:47.104 15256 22817 E baseline.com.newsblur.network.APIResponse: 	at baseline.com.newsblur.network.APIManager.getFeedUnreadCounts(APIManager.java:274)
08-04 02:51:47.104 15256 22817 E baseline.com.newsblur.network.APIResponse: 	at baseline.com.newsblur.service.NBSyncService.checkRecounts(NBSyncService.java:660)
08-04 02:51:47.104 15256 22817 E baseline.com.newsblur.network.APIResponse: 	at baseline.com.newsblur.service.NBSyncService.doSync(NBSyncService.java:310)
08-04 02:51:47.104 15256 22817 E baseline.com.newsblur.network.APIResponse: 	at baseline.com.newsblur.service.NBSyncService.access$100(NBSyncService.java:67)
08-04 02:51:47.104 15256 22817 E baseline.com.newsblur.network.APIResponse: 	at baseline.com.newsblur.service.NBSyncService$1.run(NBSyncService.java:188)
08-04 02:51:47.104 15256 22817 E baseline.com.newsblur.network.APIResponse: 	at java.util.concurrent.ThreadPoolExecutor.runWorker(ThreadPoolExecutor.java:1113)
08-04 02:51:47.104 15256 22817 E baseline.com.newsblur.network.APIResponse: 	at java.util.concurrent.ThreadPoolExecutor$Worker.run(ThreadPoolExecutor.java:588)
08-04 02:51:47.104 15256 22817 E baseline.com.newsblur.network.APIResponse: 	at java.lang.Thread.run(Thread.java:818)
08-04 02:51:47.104 15256 22817 E baseline.com.newsblur.network.APIResponse: Caused by: java.io.EOFException: \n not found: limit=0 content=
08-04 02:51:47.104 15256 22817 E baseline.com.newsblur.network.APIResponse: 	at okio.RealBufferedSource.readUtf8LineStrict(RealBufferedSource.java:240)
08-04 02:51:47.104 15256 22817 E baseline.com.newsblur.network.APIResponse: 	at okhttp3.internal.http1.Http1ExchangeCodec.readHeaderLine(Http1ExchangeCodec.java:242)
08-04 02:51:47.104 15256 22817 E baseline.com.newsblur.network.APIResponse: 	at okhttp3.internal.http1.Http1ExchangeCodec.readResponseHeaders(Http1ExchangeCodec.java:213)
08-04 02:51:47.104 15256 22817 E baseline.com.newsblur.network.APIResponse: 	... 28 more
08-04 02:51:47.105 15256 20845 I art     : Starting a blocking GC Explicit
08-04 02:51:47.106 15256 22817 I baseline.com.newsblur.network.APIManager: API call failed, pausing before retry number 2
08-04 02:51:47.162 15256 20845 I art     : Explicit concurrent mark sweep GC freed 607(176KB) AllocSpace objects, 2(40KB) LOS objects, 27% free, 42MB/58MB, paused 1.528ms total 57.238ms
08-04 02:51:47.176 15256 20845 I art     : Starting a blocking GC Explicit
08-04 02:51:47.233 15256 20845 I art     : Explicit concurrent mark sweep GC freed 348(35KB) AllocSpace objects, 0(0B) LOS objects, 27% free, 41MB/57MB, paused 1.806ms total 56.712ms
08-04 02:51:47.249 15256 20845 I art     : Starting a blocking GC Explicit
08-04 02:51:47.310 15256 20845 I art     : Explicit concurrent mark sweep GC freed 16(576B) AllocSpace objects, 0(0B) LOS objects, 27% free, 41MB/57MB, paused 1.547ms total 60.846ms
08-04 02:51:47.630 23194 23194 D AndroidRuntime: >>>>>> START com.android.internal.os.RuntimeInit uid 2000 <<<<<<
08-04 02:51:47.636 23194 23194 D AndroidRuntime: CheckJNI is OFF
08-04 02:51:47.678 23194 23194 D ICU     : No timezone override file found: /data/misc/zoneinfo/current/icu/icu_tzdata.dat
08-04 02:51:47.688 15256 20844 I art     : Starting a blocking GC Explicit
08-04 02:51:47.727 23194 23194 I Radio-JNI: register_android_hardware_Radio DONE
08-04 02:51:47.752 15256 20844 I art     : Explicit concurrent mark sweep GC freed 1462(83KB) AllocSpace objects, 1(20KB) LOS objects, 27% free, 41MB/57MB, paused 1.675ms total 63.053ms
08-04 02:51:47.755 23194 23194 D AndroidRuntime: Calling main entry com.android.commands.am.Am
08-04 02:51:47.767 15256 20844 I art     : Starting a blocking GC Explicit
08-04 02:51:47.767  8825  8825 I Trepn   : Trepn 6.2s: Received intent: com.quicinc.trepn.stop_profiling
08-04 02:51:47.808  8825  8825 I Trepn   : Trepn 6.2s: Trepn has Stopped Profiling.
08-04 02:51:47.825 15256 20844 I art     : Explicit concurrent mark sweep GC freed 22(784B) AllocSpace objects, 0(0B) LOS objects, 27% free, 41MB/57MB, paused 1.535ms total 58.223ms
08-04 02:51:47.840 15256 20844 I art     : Starting a blocking GC Explicit
08-04 02:51:47.905 15256 20844 I art     : Explicit concurrent mark sweep GC freed 3(96B) AllocSpace objects, 0(0B) LOS objects, 27% free, 41MB/57MB, paused 1.594ms total 64.741ms
08-04 02:51:47.920 15256 20844 I art     : Starting a blocking GC Explicit
08-04 02:51:47.984 15256 20844 I art     : Explicit concurrent mark sweep GC freed 3(96B) AllocSpace objects, 0(0B) LOS objects, 27% free, 41MB/57MB, paused 1.558ms total 63.497ms
08-04 02:51:47.999 15256 20844 I art     : Starting a blocking GC Explicit
08-04 02:51:48.001 23194 23194 D AndroidRuntime: Shutting down VM
08-04 02:51:48.005   918  6110 W AppOps  : Finishing op nesting under-run: uid 10078 pkg com.quicinc.trepn code 24 time=0 duration=0 nesting=0
08-04 02:51:48.059 15256 20844 I art     : Explicit concurrent mark sweep GC freed 3(96B) AllocSpace objects, 0(0B) LOS objects, 27% free, 41MB/57MB, paused 1.808ms total 58.984ms
08-04 02:51:48.462 15256 22782 I art     : Starting a blocking GC Explicit
08-04 02:51:48.527 15256 22782 I art     : Explicit concurrent mark sweep GC freed 1441(82KB) AllocSpace objects, 1(20KB) LOS objects, 27% free, 41MB/57MB, paused 1.602ms total 63.933ms
08-04 02:51:48.542 15256 22782 I art     : Starting a blocking GC Explicit
08-04 02:51:48.603 15256 22782 I art     : Explicit concurrent mark sweep GC freed 22(784B) AllocSpace objects, 0(0B) LOS objects, 27% free, 41MB/57MB, paused 1.464ms total 60.858ms
08-04 02:51:48.618 15256 22782 I art     : Starting a blocking GC Explicit
08-04 02:51:48.679 15256 22782 I art     : Explicit concurrent mark sweep GC freed 3(96B) AllocSpace objects, 0(0B) LOS objects, 27% free, 41MB/57MB, paused 1.653ms total 60.662ms
08-04 02:51:48.694 15256 22782 I art     : Starting a blocking GC Explicit
08-04 02:51:48.754 15256 22782 I art     : Explicit concurrent mark sweep GC freed 3(96B) AllocSpace objects, 0(0B) LOS objects, 27% free, 41MB/57MB, paused 1.502ms total 60.035ms
08-04 02:51:48.770 15256 22782 I art     : Starting a blocking GC Explicit
08-04 02:51:48.831 15256 22782 I art     : Explicit concurrent mark sweep GC freed 3(96B) AllocSpace objects, 0(0B) LOS objects, 27% free, 41MB/57MB, paused 1.621ms total 60.704ms
